Java HotSpot(TM) 64-Bit Server VM (25.92-b14) for bsd-amd64 JRE (1.8.0_92-b14), built on Mar 31 2016 21:23:14 by "java_re" with gcc 4.2.1 (Based on Apple Inc. build 5658) (LLVM build 2336.11.00)
Memory: 4k page, physical 16777216k(1268740k free)

/proc/meminfo:

CommandLine flags: -XX:CMSInitiatingOccupancyFraction=50 -XX:CMSMaxAbortablePrecleanTime=6000 -XX:+CMSParallelRemarkEnabled -XX:+CMSScavengeBeforeRemark -XX:ConcGCThreads=4 -XX:InitialHeapSize=536870912 -XX:MaxHeapSize=536870912 -XX:MaxTenuringThreshold=8 -XX:NewRatio=3 -XX:OldPLABSize=16 -XX:OnOutOfMemoryError=/Users/pparthasarathy/Downloads/solr-6.2.1/bin/oom_solr.sh 8983 /Users/pparthasarathy/Downloads/solr-6.2.1/server/logs -XX:ParallelGCThreads=4 -XX:+ParallelRefProcEnabled -XX:PretenureSizeThreshold=67108864 -XX:+PrintGC -XX:+PrintGCApplicationStoppedTime -XX:+PrintGCDateStamps -XX:+PrintGCDetails -XX:+PrintGCTimeStamps -XX:+PrintHeapAtGC -XX:+PrintTenuringDistribution -XX:SurvivorRatio=4 -XX:TargetSurvivorRatio=90 -XX:ThreadStackSize=256 -XX:+UseCMSInitiatingOccupancyOnly -XX:+UseCompressedClassPointers -XX:+UseCompressedOops -XX:+UseConcMarkSweepGC -XX:+UseParNewGC 
2016-10-23T18:03:55.123+0800: 0.124: Total time for which application threads were stopped: 0.0000781 seconds, Stopping threads took: 0.0000106 seconds
2016-10-23T18:03:55.176+0800: 0.178: Total time for which application threads were stopped: 0.0000924 seconds, Stopping threads took: 0.0000117 seconds
2016-10-23T18:03:55.297+0800: 0.298: Total time for which application threads were stopped: 0.0001274 seconds, Stopping threads took: 0.0000125 seconds
2016-10-23T18:03:55.419+0800: 0.420: Total time for which application threads were stopped: 0.0001347 seconds, Stopping threads took: 0.0000109 seconds
2016-10-23T18:03:55.459+0800: 0.461: Total time for which application threads were stopped: 0.0002035 seconds, Stopping threads took: 0.0000144 seconds
2016-10-23T18:03:55.471+0800: 0.472: Total time for which application threads were stopped: 0.0001799 seconds, Stopping threads took: 0.0000167 seconds
2016-10-23T18:03:55.608+0800: 0.609: Total time for which application threads were stopped: 0.0001807 seconds, Stopping threads took: 0.0000122 seconds
2016-10-23T18:03:55.745+0800: 0.746: Total time for which application threads were stopped: 0.0002226 seconds, Stopping threads took: 0.0000140 seconds
2016-10-23T18:03:55.746+0800: 0.747: Total time for which application threads were stopped: 0.0001301 seconds, Stopping threads took: 0.0000099 seconds
2016-10-23T18:03:55.749+0800: 0.750: Total time for which application threads were stopped: 0.0001242 seconds, Stopping threads took: 0.0000099 seconds
2016-10-23T18:03:55.756+0800: 0.757: Total time for which application threads were stopped: 0.0002144 seconds, Stopping threads took: 0.0000146 seconds
2016-10-23T18:03:56.761+0800: 1.763: Total time for which application threads were stopped: 0.0002922 seconds, Stopping threads took: 0.0000677 seconds
2016-10-23T18:03:59.098+0800: 4.100: Total time for which application threads were stopped: 0.0002767 seconds, Stopping threads took: 0.0000261 seconds
2016-10-23T18:04:03.534+0800: 8.536: Total time for which application threads were stopped: 0.0000587 seconds, Stopping threads took: 0.0000152 seconds
2016-10-23T18:04:03.537+0800: 8.539: Total time for which application threads were stopped: 0.0000516 seconds, Stopping threads took: 0.0000144 seconds
2016-10-23T18:04:03.551+0800: 8.552: Total time for which application threads were stopped: 0.0002342 seconds, Stopping threads took: 0.0000165 seconds
{Heap before GC invocations=0 (full 0):
 par new generation   total 109248K, used 87424K [0x00000007a0000000, 0x00000007a8000000, 0x00000007a8000000)
  eden space 87424K, 100% used [0x00000007a0000000, 0x00000007a5560000, 0x00000007a5560000)
  from space 21824K,   0% used [0x00000007a5560000, 0x00000007a5560000, 0x00000007a6ab0000)
  to   space 21824K,   0% used [0x00000007a6ab0000, 0x00000007a6ab0000, 0x00000007a8000000)
 concurrent mark-sweep generation total 393216K, used 0K [0x00000007a8000000, 0x00000007c0000000, 0x00000007c0000000)
 Metaspace       used 18035K, capacity 18360K, committed 18688K, reserved 1064960K
  class space    used 2137K, capacity 2227K, committed 2304K, reserved 1048576K
2016-10-23T18:04:03.567+0800: 8.569: [GC (Allocation Failure) 2016-10-23T18:04:03.567+0800: 8.569: [ParNew
Desired survivor size 20112992 bytes, new threshold 8 (max 8)
- age   1:   10893280 bytes,   10893280 total
: 87424K->10749K(109248K), 0.0102718 secs] 87424K->10749K(502464K), 0.0103291 secs] [Times: user=0.03 sys=0.01, real=0.01 secs] 
Heap after GC invocations=1 (full 0):
 par new generation   total 109248K, used 10749K [0x00000007a0000000, 0x00000007a8000000, 0x00000007a8000000)
  eden space 87424K,   0% used [0x00000007a0000000, 0x00000007a0000000, 0x00000007a5560000)
  from space 21824K,  49% used [0x00000007a6ab0000, 0x00000007a752f4f8, 0x00000007a8000000)
  to   space 21824K,   0% used [0x00000007a5560000, 0x00000007a5560000, 0x00000007a6ab0000)
 concurrent mark-sweep generation total 393216K, used 0K [0x00000007a8000000, 0x00000007c0000000, 0x00000007c0000000)
 Metaspace       used 18035K, capacity 18360K, committed 18688K, reserved 1064960K
  class space    used 2137K, capacity 2227K, committed 2304K, reserved 1048576K
}
2016-10-23T18:04:03.577+0800: 8.579: Total time for which application threads were stopped: 0.0105200 seconds, Stopping threads took: 0.0000162 seconds
2016-10-23T18:04:03.588+0800: 8.590: Total time for which application threads were stopped: 0.0000857 seconds, Stopping threads took: 0.0000148 seconds
2016-10-23T18:04:03.593+0800: 8.595: Total time for which application threads were stopped: 0.0002514 seconds, Stopping threads took: 0.0000134 seconds
2016-10-23T18:04:03.644+0800: 8.645: Total time for which application threads were stopped: 0.0002776 seconds, Stopping threads took: 0.0000152 seconds
2016-10-23T18:04:03.645+0800: 8.646: Total time for which application threads were stopped: 0.0001047 seconds, Stopping threads took: 0.0000351 seconds
2016-10-23T18:04:03.645+0800: 8.646: Total time for which application threads were stopped: 0.0000543 seconds, Stopping threads took: 0.0000079 seconds
2016-10-23T18:04:03.645+0800: 8.647: Total time for which application threads were stopped: 0.0000566 seconds, Stopping threads took: 0.0000087 seconds
2016-10-23T18:04:03.645+0800: 8.647: Total time for which application threads were stopped: 0.0000519 seconds, Stopping threads took: 0.0000073 seconds
2016-10-23T18:04:03.651+0800: 8.652: Total time for which application threads were stopped: 0.0000649 seconds, Stopping threads took: 0.0000220 seconds
2016-10-23T18:04:03.651+0800: 8.653: Total time for which application threads were stopped: 0.0000731 seconds, Stopping threads took: 0.0000253 seconds
2016-10-23T18:04:03.651+0800: 8.653: Total time for which application threads were stopped: 0.0000692 seconds, Stopping threads took: 0.0000233 seconds
2016-10-23T18:04:03.651+0800: 8.653: Total time for which application threads were stopped: 0.0000736 seconds, Stopping threads took: 0.0000248 seconds
2016-10-23T18:04:03.651+0800: 8.653: Total time for which application threads were stopped: 0.0000621 seconds, Stopping threads took: 0.0000166 seconds
2016-10-23T18:04:03.698+0800: 8.699: Total time for which application threads were stopped: 0.0000872 seconds, Stopping threads took: 0.0000192 seconds
2016-10-23T18:04:03.698+0800: 8.699: Total time for which application threads were stopped: 0.0000584 seconds, Stopping threads took: 0.0000175 seconds
2016-10-23T18:04:03.699+0800: 8.701: Total time for which application threads were stopped: 0.0000504 seconds, Stopping threads took: 0.0000079 seconds
2016-10-23T18:04:03.699+0800: 8.701: Total time for which application threads were stopped: 0.0000460 seconds, Stopping threads took: 0.0000067 seconds
2016-10-23T18:04:03.699+0800: 8.701: Total time for which application threads were stopped: 0.0000572 seconds, Stopping threads took: 0.0000183 seconds
2016-10-23T18:04:03.699+0800: 8.701: Total time for which application threads were stopped: 0.0000554 seconds, Stopping threads took: 0.0000172 seconds
2016-10-23T18:04:03.699+0800: 8.701: Total time for which application threads were stopped: 0.0000555 seconds, Stopping threads took: 0.0000172 seconds
2016-10-23T18:04:03.700+0800: 8.701: Total time for which application threads were stopped: 0.0000667 seconds, Stopping threads took: 0.0000253 seconds
2016-10-23T18:04:03.700+0800: 8.702: Total time for which application threads were stopped: 0.0000407 seconds, Stopping threads took: 0.0000073 seconds
2016-10-23T18:04:03.700+0800: 8.702: Total time for which application threads were stopped: 0.0000304 seconds, Stopping threads took: 0.0000072 seconds
2016-10-23T18:04:03.700+0800: 8.702: Total time for which application threads were stopped: 0.0000625 seconds, Stopping threads took: 0.0000214 seconds
2016-10-23T18:04:03.700+0800: 8.702: Total time for which application threads were stopped: 0.0000408 seconds, Stopping threads took: 0.0000180 seconds
2016-10-23T18:04:03.701+0800: 8.702: Total time for which application threads were stopped: 0.0000566 seconds, Stopping threads took: 0.0000158 seconds
2016-10-23T18:04:03.701+0800: 8.702: Total time for which application threads were stopped: 0.0000426 seconds, Stopping threads took: 0.0000164 seconds
2016-10-23T18:04:03.701+0800: 8.702: Total time for which application threads were stopped: 0.0000603 seconds, Stopping threads took: 0.0000175 seconds
2016-10-23T18:04:03.701+0800: 8.703: Total time for which application threads were stopped: 0.0000540 seconds, Stopping threads took: 0.0000181 seconds
2016-10-23T18:04:03.701+0800: 8.703: Total time for which application threads were stopped: 0.0000543 seconds, Stopping threads took: 0.0000191 seconds
2016-10-23T18:04:03.701+0800: 8.703: Total time for which application threads were stopped: 0.0000414 seconds, Stopping threads took: 0.0000070 seconds
2016-10-23T18:04:03.701+0800: 8.703: Total time for which application threads were stopped: 0.0000485 seconds, Stopping threads took: 0.0000162 seconds
2016-10-23T18:04:03.702+0800: 8.703: Total time for which application threads were stopped: 0.0000355 seconds, Stopping threads took: 0.0000051 seconds
2016-10-23T18:04:03.702+0800: 8.703: Total time for which application threads were stopped: 0.0000384 seconds, Stopping threads took: 0.0000060 seconds
2016-10-23T18:04:03.702+0800: 8.703: Total time for which application threads were stopped: 0.0001069 seconds, Stopping threads took: 0.0000643 seconds
2016-10-23T18:04:03.702+0800: 8.704: Total time for which application threads were stopped: 0.0000486 seconds, Stopping threads took: 0.0000261 seconds
2016-10-23T18:04:03.702+0800: 8.704: Total time for which application threads were stopped: 0.0000445 seconds, Stopping threads took: 0.0000133 seconds
2016-10-23T18:04:03.702+0800: 8.704: Total time for which application threads were stopped: 0.0000354 seconds, Stopping threads took: 0.0000151 seconds
2016-10-23T18:04:03.702+0800: 8.704: Total time for which application threads were stopped: 0.0000362 seconds, Stopping threads took: 0.0000146 seconds
2016-10-23T18:04:03.702+0800: 8.704: Total time for which application threads were stopped: 0.0000824 seconds, Stopping threads took: 0.0000133 seconds
2016-10-23T18:04:03.703+0800: 8.704: Total time for which application threads were stopped: 0.0000467 seconds, Stopping threads took: 0.0000149 seconds
2016-10-23T18:04:03.703+0800: 8.704: Total time for which application threads were stopped: 0.0000359 seconds, Stopping threads took: 0.0000144 seconds
2016-10-23T18:04:03.703+0800: 8.705: Total time for which application threads were stopped: 0.0000328 seconds, Stopping threads took: 0.0000115 seconds
2016-10-23T18:04:03.707+0800: 8.709: Total time for which application threads were stopped: 0.0000615 seconds, Stopping threads took: 0.0000198 seconds
2016-10-23T18:04:03.707+0800: 8.709: Total time for which application threads were stopped: 0.0000497 seconds, Stopping threads took: 0.0000101 seconds
2016-10-23T18:04:03.707+0800: 8.709: Total time for which application threads were stopped: 0.0000313 seconds, Stopping threads took: 0.0000041 seconds
2016-10-23T18:04:03.707+0800: 8.709: Total time for which application threads were stopped: 0.0000286 seconds, Stopping threads took: 0.0000036 seconds
2016-10-23T18:04:03.707+0800: 8.709: Total time for which application threads were stopped: 0.0000344 seconds, Stopping threads took: 0.0000054 seconds
2016-10-23T18:04:03.712+0800: 8.714: Total time for which application threads were stopped: 0.0000878 seconds, Stopping threads took: 0.0000164 seconds
2016-10-23T18:04:03.712+0800: 8.714: Total time for which application threads were stopped: 0.0000667 seconds, Stopping threads took: 0.0000214 seconds
2016-10-23T18:04:03.712+0800: 8.714: Total time for which application threads were stopped: 0.0000631 seconds, Stopping threads took: 0.0000268 seconds
2016-10-23T18:04:03.712+0800: 8.714: Total time for which application threads were stopped: 0.0000530 seconds, Stopping threads took: 0.0000202 seconds
2016-10-23T18:04:03.712+0800: 8.714: Total time for which application threads were stopped: 0.0000415 seconds, Stopping threads took: 0.0000075 seconds
2016-10-23T18:04:03.713+0800: 8.714: Total time for which application threads were stopped: 0.0000439 seconds, Stopping threads took: 0.0000151 seconds
2016-10-23T18:04:03.717+0800: 8.718: Total time for which application threads were stopped: 0.0001282 seconds, Stopping threads took: 0.0000665 seconds
2016-10-23T18:04:03.718+0800: 8.720: Total time for which application threads were stopped: 0.0000866 seconds, Stopping threads took: 0.0000453 seconds
2016-10-23T18:04:03.719+0800: 8.720: Total time for which application threads were stopped: 0.0000599 seconds, Stopping threads took: 0.0000100 seconds
2016-10-23T18:04:03.719+0800: 8.720: Total time for which application threads were stopped: 0.0000519 seconds, Stopping threads took: 0.0000246 seconds
2016-10-23T18:04:03.721+0800: 8.723: Total time for which application threads were stopped: 0.0000639 seconds, Stopping threads took: 0.0000137 seconds
2016-10-23T18:04:03.722+0800: 8.723: Total time for which application threads were stopped: 0.0000531 seconds, Stopping threads took: 0.0000107 seconds
2016-10-23T18:04:03.756+0800: 8.758: Total time for which application threads were stopped: 0.0000831 seconds, Stopping threads took: 0.0000197 seconds
2016-10-23T18:04:03.756+0800: 8.758: Total time for which application threads were stopped: 0.0000534 seconds, Stopping threads took: 0.0000103 seconds
2016-10-23T18:04:03.766+0800: 8.768: Total time for which application threads were stopped: 0.0002199 seconds, Stopping threads took: 0.0000097 seconds
2016-10-23T18:04:03.805+0800: 8.807: Total time for which application threads were stopped: 0.0001667 seconds, Stopping threads took: 0.0000154 seconds
2016-10-23T18:04:03.816+0800: 8.817: Total time for which application threads were stopped: 0.0000470 seconds, Stopping threads took: 0.0000096 seconds
2016-10-23T18:04:03.838+0800: 8.840: Total time for which application threads were stopped: 0.0000839 seconds, Stopping threads took: 0.0000266 seconds
2016-10-23T18:04:03.846+0800: 8.847: Total time for which application threads were stopped: 0.0000423 seconds, Stopping threads took: 0.0000095 seconds
2016-10-23T18:04:03.852+0800: 8.854: Total time for which application threads were stopped: 0.0000545 seconds, Stopping threads took: 0.0000081 seconds
2016-10-23T18:04:03.856+0800: 8.858: Total time for which application threads were stopped: 0.0000525 seconds, Stopping threads took: 0.0000095 seconds
2016-10-23T18:04:03.861+0800: 8.862: Total time for which application threads were stopped: 0.0000560 seconds, Stopping threads took: 0.0000116 seconds
2016-10-23T18:04:03.866+0800: 8.867: Total time for which application threads were stopped: 0.0000594 seconds, Stopping threads took: 0.0000093 seconds
2016-10-23T18:04:03.867+0800: 8.868: Total time for which application threads were stopped: 0.0000602 seconds, Stopping threads took: 0.0000184 seconds
2016-10-23T18:04:03.873+0800: 8.875: Total time for which application threads were stopped: 0.0000910 seconds, Stopping threads took: 0.0000168 seconds
2016-10-23T18:04:03.875+0800: 8.877: Total time for which application threads were stopped: 0.0000866 seconds, Stopping threads took: 0.0000127 seconds
2016-10-23T18:04:03.879+0800: 8.881: Total time for which application threads were stopped: 0.0000734 seconds, Stopping threads took: 0.0000242 seconds
2016-10-23T18:04:03.879+0800: 8.881: Total time for which application threads were stopped: 0.0000571 seconds, Stopping threads took: 0.0000097 seconds
2016-10-23T18:04:03.882+0800: 8.883: Total time for which application threads were stopped: 0.0000820 seconds, Stopping threads took: 0.0000197 seconds
2016-10-23T18:04:03.886+0800: 8.887: Total time for which application threads were stopped: 0.0000535 seconds, Stopping threads took: 0.0000108 seconds
2016-10-23T18:04:03.900+0800: 8.902: Total time for which application threads were stopped: 0.0001221 seconds, Stopping threads took: 0.0000305 seconds
2016-10-23T18:04:03.902+0800: 8.903: Total time for which application threads were stopped: 0.0000590 seconds, Stopping threads took: 0.0000098 seconds
2016-10-23T18:04:03.919+0800: 8.920: Total time for which application threads were stopped: 0.0000566 seconds, Stopping threads took: 0.0000169 seconds
2016-10-23T18:04:03.927+0800: 8.928: Total time for which application threads were stopped: 0.0002580 seconds, Stopping threads took: 0.0000141 seconds
2016-10-23T18:04:03.936+0800: 8.938: Total time for which application threads were stopped: 0.0000955 seconds, Stopping threads took: 0.0000158 seconds
2016-10-23T18:04:03.953+0800: 8.955: Total time for which application threads were stopped: 0.0003145 seconds, Stopping threads took: 0.0000229 seconds
2016-10-23T18:04:03.975+0800: 8.977: Total time for which application threads were stopped: 0.0002242 seconds, Stopping threads took: 0.0000129 seconds
2016-10-23T18:04:04.001+0800: 9.003: Total time for which application threads were stopped: 0.0000659 seconds, Stopping threads took: 0.0000115 seconds
2016-10-23T18:04:04.049+0800: 9.050: Total time for which application threads were stopped: 0.0001605 seconds, Stopping threads took: 0.0000358 seconds
2016-10-23T18:04:04.074+0800: 9.076: Total time for which application threads were stopped: 0.0001218 seconds, Stopping threads took: 0.0000382 seconds
{Heap before GC invocations=1 (full 0):
 par new generation   total 109248K, used 98173K [0x00000007a0000000, 0x00000007a8000000, 0x00000007a8000000)
  eden space 87424K, 100% used [0x00000007a0000000, 0x00000007a5560000, 0x00000007a5560000)
  from space 21824K,  49% used [0x00000007a6ab0000, 0x00000007a752f4f8, 0x00000007a8000000)
  to   space 21824K,   0% used [0x00000007a5560000, 0x00000007a5560000, 0x00000007a6ab0000)
 concurrent mark-sweep generation total 393216K, used 0K [0x00000007a8000000, 0x00000007c0000000, 0x00000007c0000000)
 Metaspace       used 22831K, capacity 23242K, committed 23368K, reserved 1069056K
  class space    used 2721K, capacity 2854K, committed 2888K, reserved 1048576K
2016-10-23T18:04:04.088+0800: 9.090: [GC (Allocation Failure) 2016-10-23T18:04:04.088+0800: 9.090: [ParNew
Desired survivor size 20112992 bytes, new threshold 8 (max 8)
- age   1:    5466808 bytes,    5466808 total
- age   2:    5225936 bytes,   10692744 total
: 98173K->13233K(109248K), 0.0109167 secs] 98173K->13233K(502464K), 0.0109829 secs] [Times: user=0.06 sys=0.01, real=0.01 secs] 
Heap after GC invocations=2 (full 0):
 par new generation   total 109248K, used 13233K [0x00000007a0000000, 0x00000007a8000000, 0x00000007a8000000)
  eden space 87424K,   0% used [0x00000007a0000000, 0x00000007a0000000, 0x00000007a5560000)
  from space 21824K,  60% used [0x00000007a5560000, 0x00000007a624c480, 0x00000007a6ab0000)
  to   space 21824K,   0% used [0x00000007a6ab0000, 0x00000007a6ab0000, 0x00000007a8000000)
 concurrent mark-sweep generation total 393216K, used 0K [0x00000007a8000000, 0x00000007c0000000, 0x00000007c0000000)
 Metaspace       used 22831K, capacity 23242K, committed 23368K, reserved 1069056K
  class space    used 2721K, capacity 2854K, committed 2888K, reserved 1048576K
}
2016-10-23T18:04:04.099+0800: 9.101: Total time for which application threads were stopped: 0.0111271 seconds, Stopping threads took: 0.0000145 seconds
2016-10-23T18:04:04.099+0800: 9.101: [GC (CMS Initial Mark) [1 CMS-initial-mark: 0K(393216K)] 14334K(502464K), 0.0018633 secs] [Times: user=0.00 sys=0.00, real=0.01 secs] 
2016-10-23T18:04:04.101+0800: 9.103: Total time for which application threads were stopped: 0.0022189 seconds, Stopping threads took: 0.0002614 seconds
2016-10-23T18:04:04.101+0800: 9.103: [CMS-concurrent-mark-start]
2016-10-23T18:04:04.102+0800: 9.104: [CMS-concurrent-mark: 0.001/0.001 secs] [Times: user=0.01 sys=0.00, real=0.00 secs] 
2016-10-23T18:04:04.102+0800: 9.104: Total time for which application threads were stopped: 0.0000800 seconds, Stopping threads took: 0.0000373 seconds
2016-10-23T18:04:04.102+0800: 9.104: [CMS-concurrent-preclean-start]
2016-10-23T18:04:04.103+0800: 9.104: Total time for which application threads were stopped: 0.0001318 seconds, Stopping threads took: 0.0000273 seconds
2016-10-23T18:04:04.103+0800: 9.105: [CMS-concurrent-preclean: 0.001/0.001 secs] [Times: user=0.01 sys=0.00, real=0.00 secs] 
2016-10-23T18:04:04.103+0800: 9.105: Total time for which application threads were stopped: 0.0000935 seconds, Stopping threads took: 0.0000390 seconds
2016-10-23T18:04:04.103+0800: 9.105: [CMS-concurrent-abortable-preclean-start]
2016-10-23T18:04:04.104+0800: 9.105: Total time for which application threads were stopped: 0.0000606 seconds, Stopping threads took: 0.0000251 seconds
2016-10-23T18:04:04.104+0800: 9.105: Total time for which application threads were stopped: 0.0000955 seconds, Stopping threads took: 0.0000631 seconds
2016-10-23T18:04:04.161+0800: 9.163: Total time for which application threads were stopped: 0.0001220 seconds, Stopping threads took: 0.0000147 seconds
2016-10-23T18:04:04.184+0800: 9.186: Total time for which application threads were stopped: 0.0000989 seconds, Stopping threads took: 0.0000261 seconds
2016-10-23T18:04:04.207+0800: 9.208: Total time for which application threads were stopped: 0.0001218 seconds, Stopping threads took: 0.0000324 seconds
2016-10-23T18:04:04.207+0800: 9.208: [CMS-concurrent-abortable-preclean: 0.065/0.103 secs] [Times: user=0.35 sys=0.01, real=0.10 secs] 
2016-10-23T18:04:04.207+0800: 9.209: [GC (CMS Final Remark) [YG occupancy: 73445 K (109248 K)]{Heap before GC invocations=2 (full 1):
 par new generation   total 109248K, used 73445K [0x00000007a0000000, 0x00000007a8000000, 0x00000007a8000000)
  eden space 87424K,  68% used [0x00000007a0000000, 0x00000007a3acd0d0, 0x00000007a5560000)
  from space 21824K,  60% used [0x00000007a5560000, 0x00000007a624c480, 0x00000007a6ab0000)
  to   space 21824K,   0% used [0x00000007a6ab0000, 0x00000007a6ab0000, 0x00000007a8000000)
 concurrent mark-sweep generation total 393216K, used 0K [0x00000007a8000000, 0x00000007c0000000, 0x00000007c0000000)
 Metaspace       used 23688K, capacity 24054K, committed 24208K, reserved 1071104K
  class space    used 2833K, capacity 2952K, committed 2964K, reserved 1048576K
2016-10-23T18:04:04.207+0800: 9.209: [GC (CMS Final Remark) 2016-10-23T18:04:04.207+0800: 9.209: [ParNew
Desired survivor size 20112992 bytes, new threshold 8 (max 8)
- age   1:    1056600 bytes,    1056600 total
- age   2:    2164568 bytes,    3221168 total
- age   3:    5224112 bytes,    8445280 total
: 73445K->11856K(109248K), 0.0058921 secs] 73445K->11856K(502464K), 0.0059374 secs] [Times: user=0.02 sys=0.00, real=0.01 secs] 
Heap after GC invocations=3 (full 1):
 par new generation   total 109248K, used 11856K [0x00000007a0000000, 0x00000007a8000000, 0x00000007a8000000)
  eden space 87424K,   0% used [0x00000007a0000000, 0x00000007a0000000, 0x00000007a5560000)
  from space 21824K,  54% used [0x00000007a6ab0000, 0x00000007a76443d0, 0x00000007a8000000)
  to   space 21824K,   0% used [0x00000007a5560000, 0x00000007a5560000, 0x00000007a6ab0000)
 concurrent mark-sweep generation total 393216K, used 0K [0x00000007a8000000, 0x00000007c0000000, 0x00000007c0000000)
 Metaspace       used 23688K, capacity 24054K, committed 24208K, reserved 1071104K
  class space    used 2833K, capacity 2952K, committed 2964K, reserved 1048576K
}
2016-10-23T18:04:04.213+0800: 9.215: [Rescan (parallel) , 0.0019915 secs]2016-10-23T18:04:04.215+0800: 9.217: [weak refs processing, 0.0009959 secs]2016-10-23T18:04:04.216+0800: 9.218: [class unloading, 0.0028947 secs]2016-10-23T18:04:04.219+0800: 9.221: [scrub symbol table, 0.0028053 secs]2016-10-23T18:04:04.222+0800: 9.223: [scrub string table, 0.0002133 secs][1 CMS-remark: 0K(393216K)] 11856K(502464K), 0.0155670 secs] [Times: user=0.04 sys=0.00, real=0.02 secs] 
2016-10-23T18:04:04.223+0800: 9.224: Total time for which application threads were stopped: 0.0156900 seconds, Stopping threads took: 0.0000561 seconds
2016-10-23T18:04:04.223+0800: 9.224: [CMS-concurrent-sweep-start]
2016-10-23T18:04:04.223+0800: 9.224: [CMS-concurrent-sweep: 0.000/0.000 secs] [Times: user=0.00 sys=0.00, real=0.00 secs] 
2016-10-23T18:04:04.223+0800: 9.224: [CMS-concurrent-reset-start]
2016-10-23T18:04:04.224+0800: 9.225: Total time for which application threads were stopped: 0.0001235 seconds, Stopping threads took: 0.0000512 seconds
2016-10-23T18:04:04.225+0800: 9.226: Total time for which application threads were stopped: 0.0000679 seconds, Stopping threads took: 0.0000194 seconds
2016-10-23T18:04:04.225+0800: 9.227: Total time for which application threads were stopped: 0.0001081 seconds, Stopping threads took: 0.0000398 seconds
2016-10-23T18:04:04.226+0800: 9.228: [CMS-concurrent-reset: 0.003/0.004 secs] [Times: user=0.01 sys=0.00, real=0.00 secs] 
2016-10-23T18:04:04.376+0800: 9.377: Total time for which application threads were stopped: 0.0004637 seconds, Stopping threads took: 0.0000167 seconds
2016-10-23T18:04:04.408+0800: 9.410: Total time for which application threads were stopped: 0.0002119 seconds, Stopping threads took: 0.0000930 seconds
{Heap before GC invocations=3 (full 1):
 par new generation   total 109248K, used 99280K [0x00000007a0000000, 0x00000007a8000000, 0x00000007a8000000)
  eden space 87424K, 100% used [0x00000007a0000000, 0x00000007a5560000, 0x00000007a5560000)
  from space 21824K,  54% used [0x00000007a6ab0000, 0x00000007a76443d0, 0x00000007a8000000)
  to   space 21824K,   0% used [0x00000007a5560000, 0x00000007a5560000, 0x00000007a6ab0000)
 concurrent mark-sweep generation total 393216K, used 0K [0x00000007a8000000, 0x00000007c0000000, 0x00000007c0000000)
 Metaspace       used 25295K, capacity 25694K, committed 26000K, reserved 1073152K
  class space    used 3024K, capacity 3154K, committed 3220K, reserved 1048576K
2016-10-23T18:04:04.426+0800: 9.427: [GC (Allocation Failure) 2016-10-23T18:04:04.426+0800: 9.427: [ParNew
Desired survivor size 20112992 bytes, new threshold 8 (max 8)
- age   1:    2215648 bytes,    2215648 total
- age   2:     283096 bytes,    2498744 total
- age   3:    1439944 bytes,    3938688 total
- age   4:    5220536 bytes,    9159224 total
: 99280K->12294K(109248K), 0.0076310 secs] 99280K->12294K(502464K), 0.0076809 secs] [Times: user=0.04 sys=0.00, real=0.01 secs] 
Heap after GC invocations=4 (full 1):
 par new generation   total 109248K, used 12294K [0x00000007a0000000, 0x00000007a8000000, 0x00000007a8000000)
  eden space 87424K,   0% used [0x00000007a0000000, 0x00000007a0000000, 0x00000007a5560000)
  from space 21824K,  56% used [0x00000007a5560000, 0x00000007a6161890, 0x00000007a6ab0000)
  to   space 21824K,   0% used [0x00000007a6ab0000, 0x00000007a6ab0000, 0x00000007a8000000)
 concurrent mark-sweep generation total 393216K, used 0K [0x00000007a8000000, 0x00000007c0000000, 0x00000007c0000000)
 Metaspace       used 25295K, capacity 25694K, committed 26000K, reserved 1073152K
  class space    used 3024K, capacity 3154K, committed 3220K, reserved 1048576K
}
2016-10-23T18:04:04.433+0800: 9.435: Total time for which application threads were stopped: 0.0078302 seconds, Stopping threads took: 0.0000163 seconds
2016-10-23T18:04:04.469+0800: 9.471: Total time for which application threads were stopped: 0.0003772 seconds, Stopping threads took: 0.0000114 seconds
2016-10-23T18:04:04.477+0800: 9.478: Total time for which application threads were stopped: 0.0002454 seconds, Stopping threads took: 0.0000204 seconds
2016-10-23T18:04:04.531+0800: 9.532: Total time for which application threads were stopped: 0.0001186 seconds, Stopping threads took: 0.0000281 seconds
2016-10-23T18:04:04.531+0800: 9.533: Total time for which application threads were stopped: 0.0000801 seconds, Stopping threads took: 0.0000213 seconds
2016-10-23T18:04:04.532+0800: 9.533: Total time for which application threads were stopped: 0.0000626 seconds, Stopping threads took: 0.0000196 seconds
2016-10-23T18:04:04.535+0800: 9.536: Total time for which application threads were stopped: 0.0000730 seconds, Stopping threads took: 0.0000168 seconds
2016-10-23T18:04:04.638+0800: 9.640: Total time for which application threads were stopped: 0.0001165 seconds, Stopping threads took: 0.0000165 seconds
2016-10-23T18:04:04.727+0800: 9.728: Total time for which application threads were stopped: 0.0002343 seconds, Stopping threads took: 0.0001594 seconds
2016-10-23T18:04:04.790+0800: 9.792: Total time for which application threads were stopped: 0.0001025 seconds, Stopping threads took: 0.0000282 seconds
2016-10-23T18:04:04.790+0800: 9.792: Total time for which application threads were stopped: 0.0000833 seconds, Stopping threads took: 0.0000372 seconds
2016-10-23T18:04:04.791+0800: 9.792: Total time for which application threads were stopped: 0.0000602 seconds, Stopping threads took: 0.0000232 seconds
2016-10-23T18:04:04.791+0800: 9.792: Total time for which application threads were stopped: 0.0000616 seconds, Stopping threads took: 0.0000193 seconds
2016-10-23T18:04:05.795+0800: 10.797: Total time for which application threads were stopped: 0.0000988 seconds, Stopping threads took: 0.0000210 seconds
2016-10-23T18:04:16.363+0800: 21.365: Total time for which application threads were stopped: 0.0000792 seconds, Stopping threads took: 0.0000245 seconds
2016-10-23T18:04:16.364+0800: 21.366: Total time for which application threads were stopped: 0.0000537 seconds, Stopping threads took: 0.0000083 seconds
2016-10-23T18:04:16.622+0800: 21.624: Total time for which application threads were stopped: 0.0000975 seconds, Stopping threads took: 0.0000334 seconds
2016-10-23T18:04:16.622+0800: 21.624: Total time for which application threads were stopped: 0.0000673 seconds, Stopping threads took: 0.0000232 seconds
2016-10-23T18:04:16.623+0800: 21.624: Total time for which application threads were stopped: 0.0000491 seconds, Stopping threads took: 0.0000104 seconds
2016-10-23T18:04:16.623+0800: 21.625: Total time for which application threads were stopped: 0.0000642 seconds, Stopping threads took: 0.0000240 seconds
2016-10-23T18:04:16.623+0800: 21.625: Total time for which application threads were stopped: 0.0001814 seconds, Stopping threads took: 0.0000416 seconds
2016-10-23T18:04:16.624+0800: 21.626: Total time for which application threads were stopped: 0.0002127 seconds, Stopping threads took: 0.0000514 seconds
2016-10-23T18:04:16.624+0800: 21.626: Total time for which application threads were stopped: 0.0002366 seconds, Stopping threads took: 0.0000227 seconds
2016-10-23T18:04:16.624+0800: 21.626: Total time for which application threads were stopped: 0.0000827 seconds, Stopping threads took: 0.0000391 seconds
2016-10-23T18:04:16.625+0800: 21.627: Total time for which application threads were stopped: 0.0002063 seconds, Stopping threads took: 0.0000154 seconds
2016-10-23T18:04:16.626+0800: 21.628: Total time for which application threads were stopped: 0.0000686 seconds, Stopping threads took: 0.0000174 seconds
2016-10-23T18:04:16.626+0800: 21.628: Total time for which application threads were stopped: 0.0000875 seconds, Stopping threads took: 0.0000210 seconds
2016-10-23T18:04:16.626+0800: 21.628: Total time for which application threads were stopped: 0.0000793 seconds, Stopping threads took: 0.0000313 seconds
2016-10-23T18:04:16.627+0800: 21.629: Total time for which application threads were stopped: 0.0000442 seconds, Stopping threads took: 0.0000085 seconds
2016-10-23T18:04:16.627+0800: 21.629: Total time for which application threads were stopped: 0.0000581 seconds, Stopping threads took: 0.0000204 seconds
2016-10-23T18:04:16.627+0800: 21.629: Total time for which application threads were stopped: 0.0000564 seconds, Stopping threads took: 0.0000199 seconds
2016-10-23T18:04:16.632+0800: 21.634: Total time for which application threads were stopped: 0.0000731 seconds, Stopping threads took: 0.0000276 seconds
2016-10-23T18:04:16.632+0800: 21.634: Total time for which application threads were stopped: 0.0000663 seconds, Stopping threads took: 0.0000314 seconds
2016-10-23T18:04:16.637+0800: 21.639: Total time for which application threads were stopped: 0.0000607 seconds, Stopping threads took: 0.0000156 seconds
2016-10-23T18:04:16.637+0800: 21.639: Total time for which application threads were stopped: 0.0000684 seconds, Stopping threads took: 0.0000107 seconds
2016-10-23T18:04:16.641+0800: 21.643: Total time for which application threads were stopped: 0.0000490 seconds, Stopping threads took: 0.0000115 seconds
2016-10-23T18:04:16.641+0800: 21.643: Total time for which application threads were stopped: 0.0001050 seconds, Stopping threads took: 0.0000623 seconds
2016-10-23T18:04:16.641+0800: 21.643: Total time for which application threads were stopped: 0.0000721 seconds, Stopping threads took: 0.0000261 seconds
2016-10-23T18:04:16.642+0800: 21.644: Total time for which application threads were stopped: 0.0001516 seconds, Stopping threads took: 0.0000240 seconds
2016-10-23T18:04:16.642+0800: 21.644: Total time for which application threads were stopped: 0.0000359 seconds, Stopping threads took: 0.0000084 seconds
2016-10-23T18:04:16.642+0800: 21.644: Total time for which application threads were stopped: 0.0000638 seconds, Stopping threads took: 0.0000236 seconds
2016-10-23T18:04:16.642+0800: 21.644: Total time for which application threads were stopped: 0.0000850 seconds, Stopping threads took: 0.0000583 seconds
2016-10-23T18:04:16.642+0800: 21.644: Total time for which application threads were stopped: 0.0000284 seconds, Stopping threads took: 0.0000064 seconds
2016-10-23T18:04:16.642+0800: 21.644: Total time for which application threads were stopped: 0.0000346 seconds, Stopping threads took: 0.0000073 seconds
2016-10-23T18:04:16.643+0800: 21.645: Total time for which application threads were stopped: 0.0000520 seconds, Stopping threads took: 0.0000229 seconds
2016-10-23T18:04:16.643+0800: 21.645: Total time for which application threads were stopped: 0.0000478 seconds, Stopping threads took: 0.0000177 seconds
2016-10-23T18:04:16.643+0800: 21.645: Total time for which application threads were stopped: 0.0000537 seconds, Stopping threads took: 0.0000210 seconds
2016-10-23T18:04:16.643+0800: 21.645: Total time for which application threads were stopped: 0.0000366 seconds, Stopping threads took: 0.0000080 seconds
2016-10-23T18:04:16.643+0800: 21.645: Total time for which application threads were stopped: 0.0000491 seconds, Stopping threads took: 0.0000190 seconds
2016-10-23T18:04:16.648+0800: 21.650: Total time for which application threads were stopped: 0.0001511 seconds, Stopping threads took: 0.0000316 seconds
2016-10-23T18:04:16.648+0800: 21.650: Total time for which application threads were stopped: 0.0000975 seconds, Stopping threads took: 0.0000282 seconds
2016-10-23T18:04:16.653+0800: 21.655: Total time for which application threads were stopped: 0.0000702 seconds, Stopping threads took: 0.0000272 seconds
2016-10-23T18:04:16.653+0800: 21.655: Total time for which application threads were stopped: 0.0000430 seconds, Stopping threads took: 0.0000095 seconds
2016-10-23T18:04:17.655+0800: 22.658: Total time for which application threads were stopped: 0.0001455 seconds, Stopping threads took: 0.0000314 seconds
2016-10-23T18:04:18.918+0800: 23.920: Total time for which application threads were stopped: 0.0000996 seconds, Stopping threads took: 0.0000334 seconds
2016-10-23T18:04:18.918+0800: 23.920: Total time for which application threads were stopped: 0.0000944 seconds, Stopping threads took: 0.0000577 seconds
2016-10-23T18:04:18.918+0800: 23.920: Total time for which application threads were stopped: 0.0000829 seconds, Stopping threads took: 0.0000541 seconds
2016-10-23T18:04:18.918+0800: 23.920: Total time for which application threads were stopped: 0.0000609 seconds, Stopping threads took: 0.0000350 seconds
2016-10-23T18:04:18.919+0800: 23.921: Total time for which application threads were stopped: 0.0001817 seconds, Stopping threads took: 0.0000893 seconds
2016-10-23T18:04:18.920+0800: 23.922: Total time for which application threads were stopped: 0.0001258 seconds, Stopping threads took: 0.0000663 seconds
2016-10-23T18:04:18.922+0800: 23.924: Total time for which application threads were stopped: 0.0001200 seconds, Stopping threads took: 0.0000400 seconds
2016-10-23T18:04:18.925+0800: 23.927: Total time for which application threads were stopped: 0.0000673 seconds, Stopping threads took: 0.0000110 seconds
2016-10-23T18:04:18.925+0800: 23.927: Total time for which application threads were stopped: 0.0000895 seconds, Stopping threads took: 0.0000482 seconds
2016-10-23T18:04:18.926+0800: 23.928: Total time for which application threads were stopped: 0.0000543 seconds, Stopping threads took: 0.0000234 seconds
2016-10-23T18:04:18.926+0800: 23.928: Total time for which application threads were stopped: 0.0000732 seconds, Stopping threads took: 0.0000374 seconds
2016-10-23T18:04:18.927+0800: 23.929: Total time for which application threads were stopped: 0.0000783 seconds, Stopping threads took: 0.0000288 seconds
2016-10-23T18:04:18.927+0800: 23.929: Total time for which application threads were stopped: 0.0000374 seconds, Stopping threads took: 0.0000077 seconds
2016-10-23T18:04:18.932+0800: 23.934: Total time for which application threads were stopped: 0.0000948 seconds, Stopping threads took: 0.0000297 seconds
2016-10-23T18:04:18.932+0800: 23.934: Total time for which application threads were stopped: 0.0000870 seconds, Stopping threads took: 0.0000237 seconds
2016-10-23T18:04:18.934+0800: 23.936: Total time for which application threads were stopped: 0.0001151 seconds, Stopping threads took: 0.0000276 seconds
2016-10-23T18:04:18.934+0800: 23.936: Total time for which application threads were stopped: 0.0001501 seconds, Stopping threads took: 0.0000522 seconds
2016-10-23T18:04:23.200+0800: 28.202: Total time for which application threads were stopped: 0.0000957 seconds, Stopping threads took: 0.0000245 seconds
2016-10-23T18:04:23.200+0800: 28.202: Total time for which application threads were stopped: 0.0000710 seconds, Stopping threads took: 0.0000264 seconds
2016-10-23T18:04:23.205+0800: 28.208: Total time for which application threads were stopped: 0.0000727 seconds, Stopping threads took: 0.0000277 seconds
2016-10-23T18:04:23.206+0800: 28.208: Total time for which application threads were stopped: 0.0000549 seconds, Stopping threads took: 0.0000215 seconds
2016-10-23T18:04:24.206+0800: 29.208: Total time for which application threads were stopped: 0.0001303 seconds, Stopping threads took: 0.0000318 seconds
2016-10-23T18:04:25.211+0800: 30.213: Total time for which application threads were stopped: 0.0002477 seconds, Stopping threads took: 0.0000695 seconds
2016-10-23T18:04:29.780+0800: 34.783: Total time for which application threads were stopped: 0.0001663 seconds, Stopping threads took: 0.0000434 seconds
2016-10-23T18:04:29.781+0800: 34.783: Total time for which application threads were stopped: 0.0001574 seconds, Stopping threads took: 0.0000522 seconds
2016-10-23T18:04:29.786+0800: 34.788: Total time for which application threads were stopped: 0.0000540 seconds, Stopping threads took: 0.0000104 seconds
2016-10-23T18:04:29.786+0800: 34.788: Total time for which application threads were stopped: 0.0000549 seconds, Stopping threads took: 0.0000110 seconds
2016-10-23T18:04:31.565+0800: 36.567: Total time for which application threads were stopped: 0.0001116 seconds, Stopping threads took: 0.0000368 seconds
2016-10-23T18:04:31.571+0800: 36.574: Total time for which application threads were stopped: 0.0001440 seconds, Stopping threads took: 0.0000528 seconds
2016-10-23T18:04:31.571+0800: 36.574: Total time for which application threads were stopped: 0.0000793 seconds, Stopping threads took: 0.0000356 seconds
2016-10-23T18:04:31.579+0800: 36.582: Total time for which application threads were stopped: 0.0000985 seconds, Stopping threads took: 0.0000370 seconds
2016-10-23T18:04:31.579+0800: 36.582: Total time for which application threads were stopped: 0.0001034 seconds, Stopping threads took: 0.0000381 seconds
2016-10-23T18:04:32.580+0800: 37.582: Total time for which application threads were stopped: 0.0001245 seconds, Stopping threads took: 0.0000288 seconds
2016-10-23T18:04:45.486+0800: 50.489: Total time for which application threads were stopped: 0.0001108 seconds, Stopping threads took: 0.0000183 seconds
{Heap before GC invocations=4 (full 1):
 par new generation   total 109248K, used 99718K [0x00000007a0000000, 0x00000007a8000000, 0x00000007a8000000)
  eden space 87424K, 100% used [0x00000007a0000000, 0x00000007a5560000, 0x00000007a5560000)
  from space 21824K,  56% used [0x00000007a5560000, 0x00000007a6161890, 0x00000007a6ab0000)
  to   space 21824K,   0% used [0x00000007a6ab0000, 0x00000007a6ab0000, 0x00000007a8000000)
 concurrent mark-sweep generation total 393216K, used 0K [0x00000007a8000000, 0x00000007c0000000, 0x00000007c0000000)
 Metaspace       used 30291K, capacity 30696K, committed 30992K, reserved 1077248K
  class space    used 3614K, capacity 3751K, committed 3860K, reserved 1048576K
2016-10-23T18:04:45.495+0800: 50.498: [GC (Allocation Failure) 2016-10-23T18:04:45.495+0800: 50.498: [ParNew
Desired survivor size 20112992 bytes, new threshold 8 (max 8)
- age   1:    7799160 bytes,    7799160 total
- age   2:     613480 bytes,    8412640 total
- age   3:     273624 bytes,    8686264 total
- age   4:    1385192 bytes,   10071456 total
- age   5:    5155928 bytes,   15227384 total
: 99718K->16520K(109248K), 0.0138017 secs] 99718K->16520K(502464K), 0.0138738 secs] [Times: user=0.09 sys=0.00, real=0.01 secs] 
Heap after GC invocations=5 (full 1):
 par new generation   total 109248K, used 16520K [0x00000007a0000000, 0x00000007a8000000, 0x00000007a8000000)
  eden space 87424K,   0% used [0x00000007a0000000, 0x00000007a0000000, 0x00000007a5560000)
  from space 21824K,  75% used [0x00000007a6ab0000, 0x00000007a7ad2230, 0x00000007a8000000)
  to   space 21824K,   0% used [0x00000007a5560000, 0x00000007a5560000, 0x00000007a6ab0000)
 concurrent mark-sweep generation total 393216K, used 0K [0x00000007a8000000, 0x00000007c0000000, 0x00000007c0000000)
 Metaspace       used 30291K, capacity 30696K, committed 30992K, reserved 1077248K
  class space    used 3614K, capacity 3751K, committed 3860K, reserved 1048576K
}
2016-10-23T18:04:45.509+0800: 50.512: Total time for which application threads were stopped: 0.0140114 seconds, Stopping threads took: 0.0000133 seconds
2016-10-23T18:04:45.510+0800: 50.513: Total time for which application threads were stopped: 0.0001014 seconds, Stopping threads took: 0.0000389 seconds
2016-10-23T18:04:45.513+0800: 50.516: Total time for which application threads were stopped: 0.0000724 seconds, Stopping threads took: 0.0000296 seconds
2016-10-23T18:04:45.517+0800: 50.520: Total time for which application threads were stopped: 0.0000583 seconds, Stopping threads took: 0.0000118 seconds
2016-10-23T18:04:45.567+0800: 50.570: Total time for which application threads were stopped: 0.0002837 seconds, Stopping threads took: 0.0000138 seconds
2016-10-23T18:04:45.572+0800: 50.575: Total time for which application threads were stopped: 0.0000540 seconds, Stopping threads took: 0.0000122 seconds
2016-10-23T18:04:45.573+0800: 50.576: Total time for which application threads were stopped: 0.0000496 seconds, Stopping threads took: 0.0000107 seconds
2016-10-23T18:04:45.580+0800: 50.583: Total time for which application threads were stopped: 0.0000503 seconds, Stopping threads took: 0.0000137 seconds
2016-10-23T18:04:45.580+0800: 50.583: Total time for which application threads were stopped: 0.0000370 seconds, Stopping threads took: 0.0000076 seconds
2016-10-23T18:04:45.588+0800: 50.591: Total time for which application threads were stopped: 0.0000489 seconds, Stopping threads took: 0.0000114 seconds
2016-10-23T18:04:45.588+0800: 50.591: Total time for which application threads were stopped: 0.0000363 seconds, Stopping threads took: 0.0000077 seconds
2016-10-23T18:04:45.601+0800: 50.604: Total time for which application threads were stopped: 0.0002705 seconds, Stopping threads took: 0.0000407 seconds
2016-10-23T18:04:45.606+0800: 50.609: Total time for which application threads were stopped: 0.0000604 seconds, Stopping threads took: 0.0000131 seconds
2016-10-23T18:04:45.613+0800: 50.616: Total time for which application threads were stopped: 0.0000670 seconds, Stopping threads took: 0.0000128 seconds
2016-10-23T18:04:45.615+0800: 50.618: Total time for which application threads were stopped: 0.0000541 seconds, Stopping threads took: 0.0000126 seconds
2016-10-23T18:04:45.618+0800: 50.621: Total time for which application threads were stopped: 0.0000561 seconds, Stopping threads took: 0.0000140 seconds
2016-10-23T18:04:45.620+0800: 50.623: Total time for which application threads were stopped: 0.0000514 seconds, Stopping threads took: 0.0000119 seconds
2016-10-23T18:04:45.622+0800: 50.625: Total time for which application threads were stopped: 0.0000462 seconds, Stopping threads took: 0.0000098 seconds
2016-10-23T18:04:45.624+0800: 50.627: Total time for which application threads were stopped: 0.0000587 seconds, Stopping threads took: 0.0000096 seconds
2016-10-23T18:04:45.626+0800: 50.629: Total time for which application threads were stopped: 0.0000550 seconds, Stopping threads took: 0.0000136 seconds
2016-10-23T18:04:45.629+0800: 50.632: Total time for which application threads were stopped: 0.0000624 seconds, Stopping threads took: 0.0000117 seconds
2016-10-23T18:04:45.631+0800: 50.633: Total time for which application threads were stopped: 0.0000500 seconds, Stopping threads took: 0.0000113 seconds
2016-10-23T18:04:45.632+0800: 50.635: Total time for which application threads were stopped: 0.0000935 seconds, Stopping threads took: 0.0000139 seconds
2016-10-23T18:04:45.634+0800: 50.637: Total time for which application threads were stopped: 0.0000770 seconds, Stopping threads took: 0.0000146 seconds
2016-10-23T18:04:45.636+0800: 50.639: Total time for which application threads were stopped: 0.0000627 seconds, Stopping threads took: 0.0000234 seconds
2016-10-23T18:04:45.638+0800: 50.641: Total time for which application threads were stopped: 0.0000930 seconds, Stopping threads took: 0.0000378 seconds
2016-10-23T18:04:45.639+0800: 50.642: Total time for which application threads were stopped: 0.0000571 seconds, Stopping threads took: 0.0000111 seconds
2016-10-23T18:04:45.641+0800: 50.644: Total time for which application threads were stopped: 0.0000724 seconds, Stopping threads took: 0.0000137 seconds
2016-10-23T18:04:45.642+0800: 50.645: Total time for which application threads were stopped: 0.0000694 seconds, Stopping threads took: 0.0000293 seconds
2016-10-23T18:04:45.644+0800: 50.647: Total time for which application threads were stopped: 0.0000702 seconds, Stopping threads took: 0.0000131 seconds
2016-10-23T18:04:45.646+0800: 50.648: Total time for which application threads were stopped: 0.0000653 seconds, Stopping threads took: 0.0000131 seconds
2016-10-23T18:04:45.647+0800: 50.650: Total time for which application threads were stopped: 0.0001097 seconds, Stopping threads took: 0.0000233 seconds
2016-10-23T18:04:45.709+0800: 50.712: Total time for which application threads were stopped: 0.0001593 seconds, Stopping threads took: 0.0000208 seconds
2016-10-23T18:04:45.876+0800: 50.879: Total time for which application threads were stopped: 0.0001538 seconds, Stopping threads took: 0.0000172 seconds
{Heap before GC invocations=5 (full 1):
 par new generation   total 109248K, used 103944K [0x00000007a0000000, 0x00000007a8000000, 0x00000007a8000000)
  eden space 87424K, 100% used [0x00000007a0000000, 0x00000007a5560000, 0x00000007a5560000)
  from space 21824K,  75% used [0x00000007a6ab0000, 0x00000007a7ad2230, 0x00000007a8000000)
  to   space 21824K,   0% used [0x00000007a5560000, 0x00000007a5560000, 0x00000007a6ab0000)
 concurrent mark-sweep generation total 393216K, used 0K [0x00000007a8000000, 0x00000007c0000000, 0x00000007c0000000)
 Metaspace       used 31898K, capacity 32368K, committed 32656K, reserved 1077248K
  class space    used 3750K, capacity 3899K, committed 3988K, reserved 1048576K
2016-10-23T18:04:46.078+0800: 51.081: [GC (Allocation Failure) 2016-10-23T18:04:46.078+0800: 51.081: [ParNew
Desired survivor size 20112992 bytes, new threshold 6 (max 8)
- age   1:   10020944 bytes,   10020944 total
- age   2:    3068368 bytes,   13089312 total
- age   3:     578608 bytes,   13667920 total
- age   4:     273448 bytes,   13941368 total
- age   5:    1384632 bytes,   15326000 total
- age   6:    5156176 bytes,   20482176 total
: 103944K->21824K(109248K), 0.0141324 secs] 103944K->21939K(502464K), 0.0142083 secs] [Times: user=0.07 sys=0.01, real=0.02 secs] 
Heap after GC invocations=6 (full 1):
 par new generation   total 109248K, used 21824K [0x00000007a0000000, 0x00000007a8000000, 0x00000007a8000000)
  eden space 87424K,   0% used [0x00000007a0000000, 0x00000007a0000000, 0x00000007a5560000)
  from space 21824K, 100% used [0x00000007a5560000, 0x00000007a6ab0000, 0x00000007a6ab0000)
  to   space 21824K,   0% used [0x00000007a6ab0000, 0x00000007a6ab0000, 0x00000007a8000000)
 concurrent mark-sweep generation total 393216K, used 115K [0x00000007a8000000, 0x00000007c0000000, 0x00000007c0000000)
 Metaspace       used 31898K, capacity 32368K, committed 32656K, reserved 1077248K
  class space    used 3750K, capacity 3899K, committed 3988K, reserved 1048576K
}
2016-10-23T18:04:46.092+0800: 51.095: Total time for which application threads were stopped: 0.0144139 seconds, Stopping threads took: 0.0000258 seconds
{Heap before GC invocations=6 (full 1):
 par new generation   total 109248K, used 109248K [0x00000007a0000000, 0x00000007a8000000, 0x00000007a8000000)
  eden space 87424K, 100% used [0x00000007a0000000, 0x00000007a5560000, 0x00000007a5560000)
  from space 21824K, 100% used [0x00000007a5560000, 0x00000007a6ab0000, 0x00000007a6ab0000)
  to   space 21824K,   0% used [0x00000007a6ab0000, 0x00000007a6ab0000, 0x00000007a8000000)
 concurrent mark-sweep generation total 393216K, used 115K [0x00000007a8000000, 0x00000007c0000000, 0x00000007c0000000)
 Metaspace       used 31904K, capacity 32368K, committed 32656K, reserved 1077248K
  class space    used 3750K, capacity 3899K, committed 3988K, reserved 1048576K
2016-10-23T18:04:46.361+0800: 51.364: [GC (Allocation Failure) 2016-10-23T18:04:46.361+0800: 51.364: [ParNew
Desired survivor size 20112992 bytes, new threshold 8 (max 8)
- age   1:    4710384 bytes,    4710384 total
- age   2:    6110376 bytes,   10820760 total
- age   3:    3006328 bytes,   13827088 total
- age   4:     578608 bytes,   14405696 total
- age   5:     273448 bytes,   14679144 total
- age   6:    1384608 bytes,   16063752 total
: 109248K->21824K(109248K), 0.0197132 secs] 109363K->27550K(502464K), 0.0197715 secs] [Times: user=0.06 sys=0.01, real=0.02 secs] 
Heap after GC invocations=7 (full 1):
 par new generation   total 109248K, used 21824K [0x00000007a0000000, 0x00000007a8000000, 0x00000007a8000000)
  eden space 87424K,   0% used [0x00000007a0000000, 0x00000007a0000000, 0x00000007a5560000)
  from space 21824K, 100% used [0x00000007a6ab0000, 0x00000007a8000000, 0x00000007a8000000)
  to   space 21824K,   0% used [0x00000007a5560000, 0x00000007a5560000, 0x00000007a6ab0000)
 concurrent mark-sweep generation total 393216K, used 5726K [0x00000007a8000000, 0x00000007c0000000, 0x00000007c0000000)
 Metaspace       used 31904K, capacity 32368K, committed 32656K, reserved 1077248K
  class space    used 3750K, capacity 3899K, committed 3988K, reserved 1048576K
}
2016-10-23T18:04:46.381+0800: 51.384: Total time for which application threads were stopped: 0.0200225 seconds, Stopping threads took: 0.0000308 seconds
2016-10-23T18:04:46.617+0800: 51.620: Total time for which application threads were stopped: 0.0002256 seconds, Stopping threads took: 0.0000863 seconds
2016-10-23T18:04:46.618+0800: 51.621: Total time for which application threads were stopped: 0.0000974 seconds, Stopping threads took: 0.0000180 seconds
2016-10-23T18:04:46.618+0800: 51.621: Total time for which application threads were stopped: 0.0000889 seconds, Stopping threads took: 0.0000327 seconds
{Heap before GC invocations=7 (full 1):
 par new generation   total 109248K, used 109248K [0x00000007a0000000, 0x00000007a8000000, 0x00000007a8000000)
  eden space 87424K, 100% used [0x00000007a0000000, 0x00000007a5560000, 0x00000007a5560000)
  from space 21824K, 100% used [0x00000007a6ab0000, 0x00000007a8000000, 0x00000007a8000000)
  to   space 21824K,   0% used [0x00000007a5560000, 0x00000007a5560000, 0x00000007a6ab0000)
 concurrent mark-sweep generation total 393216K, used 5726K [0x00000007a8000000, 0x00000007c0000000, 0x00000007c0000000)
 Metaspace       used 31958K, capacity 32432K, committed 32912K, reserved 1079296K
  class space    used 3756K, capacity 3899K, committed 3988K, reserved 1048576K
2016-10-23T18:04:46.640+0800: 51.643: [GC (Allocation Failure) 2016-10-23T18:04:46.640+0800: 51.643: [ParNew
Desired survivor size 20112992 bytes, new threshold 7 (max 8)
- age   1:    7020600 bytes,    7020600 total
- age   2:    2886928 bytes,    9907528 total
- age   3:    6049200 bytes,   15956728 total
- age   4:    2947648 bytes,   18904376 total
- age   5:     578608 bytes,   19482984 total
- age   6:     273448 bytes,   19756432 total
- age   7:    1384608 bytes,   21141040 total
: 109248K->21824K(109248K), 0.0111719 secs] 114974K->27661K(502464K), 0.0112438 secs] [Times: user=0.05 sys=0.00, real=0.01 secs] 
Heap after GC invocations=8 (full 1):
 par new generation   total 109248K, used 21824K [0x00000007a0000000, 0x00000007a8000000, 0x00000007a8000000)
  eden space 87424K,   0% used [0x00000007a0000000, 0x00000007a0000000, 0x00000007a5560000)
  from space 21824K, 100% used [0x00000007a5560000, 0x00000007a6ab0000, 0x00000007a6ab0000)
  to   space 21824K,   0% used [0x00000007a6ab0000, 0x00000007a6ab0000, 0x00000007a8000000)
 concurrent mark-sweep generation total 393216K, used 5837K [0x00000007a8000000, 0x00000007c0000000, 0x00000007c0000000)
 Metaspace       used 31958K, capacity 32432K, committed 32912K, reserved 1079296K
  class space    used 3756K, capacity 3899K, committed 3988K, reserved 1048576K
}
2016-10-23T18:04:46.651+0800: 51.654: Total time for which application threads were stopped: 0.0114741 seconds, Stopping threads took: 0.0000534 seconds
2016-10-23T18:04:46.676+0800: 51.679: Total time for which application threads were stopped: 0.0001246 seconds, Stopping threads took: 0.0000144 seconds
2016-10-23T18:04:46.815+0800: 51.818: Total time for which application threads were stopped: 0.0002581 seconds, Stopping threads took: 0.0000697 seconds
2016-10-23T18:04:46.816+0800: 51.819: Total time for which application threads were stopped: 0.0001231 seconds, Stopping threads took: 0.0000599 seconds
{Heap before GC invocations=8 (full 1):
 par new generation   total 109248K, used 109248K [0x00000007a0000000, 0x00000007a8000000, 0x00000007a8000000)
  eden space 87424K, 100% used [0x00000007a0000000, 0x00000007a5560000, 0x00000007a5560000)
  from space 21824K, 100% used [0x00000007a5560000, 0x00000007a6ab0000, 0x00000007a6ab0000)
  to   space 21824K,   0% used [0x00000007a6ab0000, 0x00000007a6ab0000, 0x00000007a8000000)
 concurrent mark-sweep generation total 393216K, used 5837K [0x00000007a8000000, 0x00000007c0000000, 0x00000007c0000000)
 Metaspace       used 32316K, capacity 32752K, committed 33168K, reserved 1079296K
  class space    used 3794K, capacity 3963K, committed 3988K, reserved 1048576K
2016-10-23T18:04:46.922+0800: 51.925: [GC (Allocation Failure) 2016-10-23T18:04:46.922+0800: 51.925: [ParNew
Desired survivor size 20112992 bytes, new threshold 7 (max 8)
- age   1:    3792264 bytes,    3792264 total
- age   2:    5946592 bytes,    9738856 total
- age   3:    2247960 bytes,   11986816 total
- age   4:    4598944 bytes,   16585760 total
- age   5:    2773248 bytes,   19359008 total
- age   6:     578104 bytes,   19937112 total
- age   7:     273416 bytes,   20210528 total
: 109248K->21824K(109248K), 0.0130927 secs] 115085K->30201K(502464K), 0.0131563 secs] [Times: user=0.06 sys=0.00, real=0.01 secs] 
Heap after GC invocations=9 (full 1):
 par new generation   total 109248K, used 21824K [0x00000007a0000000, 0x00000007a8000000, 0x00000007a8000000)
  eden space 87424K,   0% used [0x00000007a0000000, 0x00000007a0000000, 0x00000007a5560000)
  from space 21824K, 100% used [0x00000007a6ab0000, 0x00000007a8000000, 0x00000007a8000000)
  to   space 21824K,   0% used [0x00000007a5560000, 0x00000007a5560000, 0x00000007a6ab0000)
 concurrent mark-sweep generation total 393216K, used 8377K [0x00000007a8000000, 0x00000007c0000000, 0x00000007c0000000)
 Metaspace       used 32316K, capacity 32752K, committed 33168K, reserved 1079296K
  class space    used 3794K, capacity 3963K, committed 3988K, reserved 1048576K
}
2016-10-23T18:04:46.935+0800: 51.938: Total time for which application threads were stopped: 0.0133285 seconds, Stopping threads took: 0.0000297 seconds
{Heap before GC invocations=9 (full 1):
 par new generation   total 109248K, used 109248K [0x00000007a0000000, 0x00000007a8000000, 0x00000007a8000000)
  eden space 87424K, 100% used [0x00000007a0000000, 0x00000007a5560000, 0x00000007a5560000)
  from space 21824K, 100% used [0x00000007a6ab0000, 0x00000007a8000000, 0x00000007a8000000)
  to   space 21824K,   0% used [0x00000007a5560000, 0x00000007a5560000, 0x00000007a6ab0000)
 concurrent mark-sweep generation total 393216K, used 8377K [0x00000007a8000000, 0x00000007c0000000, 0x00000007c0000000)
 Metaspace       used 32424K, capacity 32880K, committed 33168K, reserved 1079296K
  class space    used 3796K, capacity 3963K, committed 3988K, reserved 1048576K
2016-10-23T18:04:47.117+0800: 52.120: [GC (Allocation Failure) 2016-10-23T18:04:47.117+0800: 52.120: [ParNew
Desired survivor size 20112992 bytes, new threshold 8 (max 8)
- age   1:    1693896 bytes,    1693896 total
- age   2:    1911752 bytes,    3605648 total
- age   3:    5342928 bytes,    8948576 total
- age   4:    2204496 bytes,   11153072 total
- age   5:    4568664 bytes,   15721736 total
- age   6:    2745992 bytes,   18467728 total
- age   7:     578080 bytes,   19045808 total
: 109248K->21824K(109248K), 0.0117140 secs] 117625K->33240K(502464K), 0.0117624 secs] [Times: user=0.06 sys=0.01, real=0.01 secs] 
Heap after GC invocations=10 (full 1):
 par new generation   total 109248K, used 21824K [0x00000007a0000000, 0x00000007a8000000, 0x00000007a8000000)
  eden space 87424K,   0% used [0x00000007a0000000, 0x00000007a0000000, 0x00000007a5560000)
  from space 21824K, 100% used [0x00000007a5560000, 0x00000007a6ab0000, 0x00000007a6ab0000)
  to   space 21824K,   0% used [0x00000007a6ab0000, 0x00000007a6ab0000, 0x00000007a8000000)
 concurrent mark-sweep generation total 393216K, used 11416K [0x00000007a8000000, 0x00000007c0000000, 0x00000007c0000000)
 Metaspace       used 32424K, capacity 32880K, committed 33168K, reserved 1079296K
  class space    used 3796K, capacity 3963K, committed 3988K, reserved 1048576K
}
2016-10-23T18:04:47.129+0800: 52.132: Total time for which application threads were stopped: 0.0120602 seconds, Stopping threads took: 0.0000817 seconds
2016-10-23T18:04:47.173+0800: 52.176: Total time for which application threads were stopped: 0.0001691 seconds, Stopping threads took: 0.0000794 seconds
2016-10-23T18:04:47.176+0800: 52.179: Total time for which application threads were stopped: 0.0009691 seconds, Stopping threads took: 0.0004885 seconds
2016-10-23T18:04:47.182+0800: 52.185: Total time for which application threads were stopped: 0.0001290 seconds, Stopping threads took: 0.0000678 seconds
2016-10-23T18:04:47.186+0800: 52.189: Total time for which application threads were stopped: 0.0004959 seconds, Stopping threads took: 0.0000533 seconds
2016-10-23T18:04:47.206+0800: 52.209: Total time for which application threads were stopped: 0.0002411 seconds, Stopping threads took: 0.0000626 seconds
{Heap before GC invocations=10 (full 1):
 par new generation   total 109248K, used 109248K [0x00000007a0000000, 0x00000007a8000000, 0x00000007a8000000)
  eden space 87424K, 100% used [0x00000007a0000000, 0x00000007a5560000, 0x00000007a5560000)
  from space 21824K, 100% used [0x00000007a5560000, 0x00000007a6ab0000, 0x00000007a6ab0000)
  to   space 21824K,   0% used [0x00000007a6ab0000, 0x00000007a6ab0000, 0x00000007a8000000)
 concurrent mark-sweep generation total 393216K, used 11416K [0x00000007a8000000, 0x00000007c0000000, 0x00000007c0000000)
 Metaspace       used 32712K, capacity 33180K, committed 33552K, reserved 1079296K
  class space    used 3831K, capacity 3997K, committed 4116K, reserved 1048576K
2016-10-23T18:04:47.413+0800: 52.416: [GC (Allocation Failure) 2016-10-23T18:04:47.413+0800: 52.416: [ParNew
Desired survivor size 20112992 bytes, new threshold 7 (max 8)
- age   1:    5829808 bytes,    5829808 total
- age   2:     670520 bytes,    6500328 total
- age   3:    1455384 bytes,    7955712 total
- age   4:    4011464 bytes,   11967176 total
- age   5:    1714576 bytes,   13681752 total
- age   6:    4079624 bytes,   17761376 total
- age   7:    2624496 bytes,   20385872 total
- age   8:     577024 bytes,   20962896 total
: 109248K->21824K(109248K), 0.0109939 secs] 120664K->34989K(502464K), 0.0110583 secs] [Times: user=0.06 sys=0.00, real=0.01 secs] 
Heap after GC invocations=11 (full 1):
 par new generation   total 109248K, used 21824K [0x00000007a0000000, 0x00000007a8000000, 0x00000007a8000000)
  eden space 87424K,   0% used [0x00000007a0000000, 0x00000007a0000000, 0x00000007a5560000)
  from space 21824K, 100% used [0x00000007a6ab0000, 0x00000007a8000000, 0x00000007a8000000)
  to   space 21824K,   0% used [0x00000007a5560000, 0x00000007a5560000, 0x00000007a6ab0000)
 concurrent mark-sweep generation total 393216K, used 13165K [0x00000007a8000000, 0x00000007c0000000, 0x00000007c0000000)
 Metaspace       used 32712K, capacity 33180K, committed 33552K, reserved 1079296K
  class space    used 3831K, capacity 3997K, committed 4116K, reserved 1048576K
}
2016-10-23T18:04:47.424+0800: 52.427: Total time for which application threads were stopped: 0.0112790 seconds, Stopping threads took: 0.0000201 seconds
2016-10-23T18:04:47.473+0800: 52.476: Total time for which application threads were stopped: 0.0002171 seconds, Stopping threads took: 0.0000187 seconds
2016-10-23T18:04:47.698+0800: 52.701: Total time for which application threads were stopped: 0.0005112 seconds, Stopping threads took: 0.0001802 seconds
{Heap before GC invocations=11 (full 1):
 par new generation   total 109248K, used 109248K [0x00000007a0000000, 0x00000007a8000000, 0x00000007a8000000)
  eden space 87424K, 100% used [0x00000007a0000000, 0x00000007a5560000, 0x00000007a5560000)
  from space 21824K, 100% used [0x00000007a6ab0000, 0x00000007a8000000, 0x00000007a8000000)
  to   space 21824K,   0% used [0x00000007a5560000, 0x00000007a5560000, 0x00000007a6ab0000)
 concurrent mark-sweep generation total 393216K, used 13165K [0x00000007a8000000, 0x00000007c0000000, 0x00000007c0000000)
 Metaspace       used 32735K, capacity 33184K, committed 33552K, reserved 1079296K
  class space    used 3832K, capacity 3997K, committed 4116K, reserved 1048576K
2016-10-23T18:04:47.776+0800: 52.779: [GC (Allocation Failure) 2016-10-23T18:04:47.776+0800: 52.779: [ParNew
Desired survivor size 20112992 bytes, new threshold 8 (max 8)
- age   1:    5921216 bytes,    5921216 total
- age   2:    3107832 bytes,    9029048 total
- age   3:     522432 bytes,    9551480 total
- age   4:    1261448 bytes,   10812928 total
- age   5:    3279416 bytes,   14092344 total
- age   6:    1633440 bytes,   15725784 total
- age   7:    4028080 bytes,   19753864 total
: 109248K->21824K(109248K), 0.0273162 secs] 122413K->40380K(502464K), 0.0273890 secs] [Times: user=0.14 sys=0.00, real=0.03 secs] 
Heap after GC invocations=12 (full 1):
 par new generation   total 109248K, used 21824K [0x00000007a0000000, 0x00000007a8000000, 0x00000007a8000000)
  eden space 87424K,   0% used [0x00000007a0000000, 0x00000007a0000000, 0x00000007a5560000)
  from space 21824K, 100% used [0x00000007a5560000, 0x00000007a6ab0000, 0x00000007a6ab0000)
  to   space 21824K,   0% used [0x00000007a6ab0000, 0x00000007a6ab0000, 0x00000007a8000000)
 concurrent mark-sweep generation total 393216K, used 18556K [0x00000007a8000000, 0x00000007c0000000, 0x00000007c0000000)
 Metaspace       used 32735K, capacity 33184K, committed 33552K, reserved 1079296K
  class space    used 3832K, capacity 3997K, committed 4116K, reserved 1048576K
}
2016-10-23T18:04:47.803+0800: 52.806: Total time for which application threads were stopped: 0.0277459 seconds, Stopping threads took: 0.0001160 seconds
2016-10-23T18:04:47.813+0800: 52.816: Total time for which application threads were stopped: 0.0001524 seconds, Stopping threads took: 0.0000198 seconds
2016-10-23T18:04:47.815+0800: 52.818: Total time for which application threads were stopped: 0.0010788 seconds, Stopping threads took: 0.0006993 seconds
2016-10-23T18:04:47.989+0800: 52.992: Total time for which application threads were stopped: 0.0001874 seconds, Stopping threads took: 0.0000639 seconds
{Heap before GC invocations=12 (full 1):
 par new generation   total 109248K, used 109248K [0x00000007a0000000, 0x00000007a8000000, 0x00000007a8000000)
  eden space 87424K, 100% used [0x00000007a0000000, 0x00000007a5560000, 0x00000007a5560000)
  from space 21824K, 100% used [0x00000007a5560000, 0x00000007a6ab0000, 0x00000007a6ab0000)
  to   space 21824K,   0% used [0x00000007a6ab0000, 0x00000007a6ab0000, 0x00000007a8000000)
 concurrent mark-sweep generation total 393216K, used 18556K [0x00000007a8000000, 0x00000007c0000000, 0x00000007c0000000)
 Metaspace       used 32742K, capacity 33184K, committed 33552K, reserved 1079296K
  class space    used 3832K, capacity 3997K, committed 4116K, reserved 1048576K
2016-10-23T18:04:48.041+0800: 53.044: [GC (Allocation Failure) 2016-10-23T18:04:48.041+0800: 53.044: [ParNew
Desired survivor size 20112992 bytes, new threshold 8 (max 8)
- age   1:    3151400 bytes,    3151400 total
- age   2:    3973776 bytes,    7125176 total
- age   3:    2348504 bytes,    9473680 total
- age   4:     431696 bytes,    9905376 total
- age   5:    1112448 bytes,   11017824 total
- age   6:    3098056 bytes,   14115880 total
- age   7:    1608384 bytes,   15724264 total
- age   8:    4006264 bytes,   19730528 total
: 109248K->21824K(109248K), 0.0127672 secs] 127804K->42991K(502464K), 0.0128402 secs] [Times: user=0.06 sys=0.00, real=0.01 secs] 
Heap after GC invocations=13 (full 1):
 par new generation   total 109248K, used 21824K [0x00000007a0000000, 0x00000007a8000000, 0x00000007a8000000)
  eden space 87424K,   0% used [0x00000007a0000000, 0x00000007a0000000, 0x00000007a5560000)
  from space 21824K, 100% used [0x00000007a6ab0000, 0x00000007a8000000, 0x00000007a8000000)
  to   space 21824K,   0% used [0x00000007a5560000, 0x00000007a5560000, 0x00000007a6ab0000)
 concurrent mark-sweep generation total 393216K, used 21167K [0x00000007a8000000, 0x00000007c0000000, 0x00000007c0000000)
 Metaspace       used 32742K, capacity 33184K, committed 33552K, reserved 1079296K
  class space    used 3832K, capacity 3997K, committed 4116K, reserved 1048576K
}
2016-10-23T18:04:48.054+0800: 53.057: Total time for which application threads were stopped: 0.0131041 seconds, Stopping threads took: 0.0000842 seconds
{Heap before GC invocations=13 (full 1):
 par new generation   total 109248K, used 109248K [0x00000007a0000000, 0x00000007a8000000, 0x00000007a8000000)
  eden space 87424K, 100% used [0x00000007a0000000, 0x00000007a5560000, 0x00000007a5560000)
  from space 21824K, 100% used [0x00000007a6ab0000, 0x00000007a8000000, 0x00000007a8000000)
  to   space 21824K,   0% used [0x00000007a5560000, 0x00000007a5560000, 0x00000007a6ab0000)
 concurrent mark-sweep generation total 393216K, used 21167K [0x00000007a8000000, 0x00000007c0000000, 0x00000007c0000000)
 Metaspace       used 32852K, capacity 33318K, committed 33808K, reserved 1079296K
  class space    used 3840K, capacity 3998K, committed 4116K, reserved 1048576K
2016-10-23T18:04:48.289+0800: 53.292: [GC (Allocation Failure) 2016-10-23T18:04:48.289+0800: 53.292: [ParNew
Desired survivor size 20112992 bytes, new threshold 8 (max 8)
- age   1:    3703680 bytes,    3703680 total
- age   2:    1415272 bytes,    5118952 total
- age   3:    3619936 bytes,    8738888 total
- age   4:    1787328 bytes,   10526216 total
- age   5:     179568 bytes,   10705784 total
- age   6:     894064 bytes,   11599848 total
- age   7:    3091104 bytes,   14690952 total
- age   8:    1608384 bytes,   16299336 total
: 109248K->21824K(109248K), 0.0101519 secs] 130415K->48304K(502464K), 0.0102093 secs] [Times: user=0.05 sys=0.01, real=0.01 secs] 
Heap after GC invocations=14 (full 1):
 par new generation   total 109248K, used 21824K [0x00000007a0000000, 0x00000007a8000000, 0x00000007a8000000)
  eden space 87424K,   0% used [0x00000007a0000000, 0x00000007a0000000, 0x00000007a5560000)
  from space 21824K, 100% used [0x00000007a5560000, 0x00000007a6ab0000, 0x00000007a6ab0000)
  to   space 21824K,   0% used [0x00000007a6ab0000, 0x00000007a6ab0000, 0x00000007a8000000)
 concurrent mark-sweep generation total 393216K, used 26480K [0x00000007a8000000, 0x00000007c0000000, 0x00000007c0000000)
 Metaspace       used 32852K, capacity 33318K, committed 33808K, reserved 1079296K
  class space    used 3840K, capacity 3998K, committed 4116K, reserved 1048576K
}
2016-10-23T18:04:48.299+0800: 53.302: Total time for which application threads were stopped: 0.0103657 seconds, Stopping threads took: 0.0000194 seconds
{Heap before GC invocations=14 (full 1):
 par new generation   total 109248K, used 109248K [0x00000007a0000000, 0x00000007a8000000, 0x00000007a8000000)
  eden space 87424K, 100% used [0x00000007a0000000, 0x00000007a5560000, 0x00000007a5560000)
  from space 21824K, 100% used [0x00000007a5560000, 0x00000007a6ab0000, 0x00000007a6ab0000)
  to   space 21824K,   0% used [0x00000007a6ab0000, 0x00000007a6ab0000, 0x00000007a8000000)
 concurrent mark-sweep generation total 393216K, used 26480K [0x00000007a8000000, 0x00000007c0000000, 0x00000007c0000000)
 Metaspace       used 32854K, capacity 33318K, committed 33808K, reserved 1079296K
  class space    used 3841K, capacity 3998K, committed 4116K, reserved 1048576K
2016-10-23T18:04:48.532+0800: 53.535: [GC (Allocation Failure) 2016-10-23T18:04:48.532+0800: 53.535: [ParNew
Desired survivor size 20112992 bytes, new threshold 8 (max 8)
- age   1:    5298504 bytes,    5298504 total
- age   2:    2436928 bytes,    7735432 total
- age   3:    1300816 bytes,    9036248 total
- age   4:    3607952 bytes,   12644200 total
- age   5:    1786168 bytes,   14430368 total
- age   6:     179520 bytes,   14609888 total
- age   7:     892456 bytes,   15502344 total
- age   8:    2569848 bytes,   18072192 total
: 109248K->21824K(109248K), 0.0077835 secs] 135728K->50552K(502464K), 0.0078335 secs] [Times: user=0.02 sys=0.00, real=0.01 secs] 
Heap after GC invocations=15 (full 1):
 par new generation   total 109248K, used 21824K [0x00000007a0000000, 0x00000007a8000000, 0x00000007a8000000)
  eden space 87424K,   0% used [0x00000007a0000000, 0x00000007a0000000, 0x00000007a5560000)
  from space 21824K, 100% used [0x00000007a6ab0000, 0x00000007a8000000, 0x00000007a8000000)
  to   space 21824K,   0% used [0x00000007a5560000, 0x00000007a5560000, 0x00000007a6ab0000)
 concurrent mark-sweep generation total 393216K, used 28728K [0x00000007a8000000, 0x00000007c0000000, 0x00000007c0000000)
 Metaspace       used 32854K, capacity 33318K, committed 33808K, reserved 1079296K
  class space    used 3841K, capacity 3998K, committed 4116K, reserved 1048576K
}
2016-10-23T18:04:48.540+0800: 53.543: Total time for which application threads were stopped: 0.0079918 seconds, Stopping threads took: 0.0000272 seconds
2016-10-23T18:04:48.651+0800: 53.654: Total time for which application threads were stopped: 0.0002004 seconds, Stopping threads took: 0.0001045 seconds
2016-10-23T18:04:48.709+0800: 53.712: Total time for which application threads were stopped: 0.0002023 seconds, Stopping threads took: 0.0000669 seconds
2016-10-23T18:04:48.709+0800: 53.712: Total time for which application threads were stopped: 0.0001282 seconds, Stopping threads took: 0.0000590 seconds
{Heap before GC invocations=15 (full 1):
 par new generation   total 109248K, used 109248K [0x00000007a0000000, 0x00000007a8000000, 0x00000007a8000000)
  eden space 87424K, 100% used [0x00000007a0000000, 0x00000007a5560000, 0x00000007a5560000)
  from space 21824K, 100% used [0x00000007a6ab0000, 0x00000007a8000000, 0x00000007a8000000)
  to   space 21824K,   0% used [0x00000007a5560000, 0x00000007a5560000, 0x00000007a6ab0000)
 concurrent mark-sweep generation total 393216K, used 28728K [0x00000007a8000000, 0x00000007c0000000, 0x00000007c0000000)
 Metaspace       used 32876K, capacity 33382K, committed 33808K, reserved 1079296K
  class space    used 3841K, capacity 3998K, committed 4116K, reserved 1048576K
2016-10-23T18:04:48.769+0800: 53.772: [GC (Allocation Failure) 2016-10-23T18:04:48.769+0800: 53.772: [ParNew
Desired survivor size 20112992 bytes, new threshold 8 (max 8)
- age   1:    7499944 bytes,    7499944 total
- age   2:    2621192 bytes,   10121136 total
- age   3:    1860640 bytes,   11981776 total
- age   4:    1189632 bytes,   13171408 total
- age   5:    2580376 bytes,   15751784 total
- age   6:    1785960 bytes,   17537744 total
- age   7:     179520 bytes,   17717264 total
- age   8:     892344 bytes,   18609608 total
: 109248K->21824K(109248K), 0.0090977 secs] 137976K->53724K(502464K), 0.0091534 secs] [Times: user=0.03 sys=0.00, real=0.01 secs] 
Heap after GC invocations=16 (full 1):
 par new generation   total 109248K, used 21824K [0x00000007a0000000, 0x00000007a8000000, 0x00000007a8000000)
  eden space 87424K,   0% used [0x00000007a0000000, 0x00000007a0000000, 0x00000007a5560000)
  from space 21824K, 100% used [0x00000007a5560000, 0x00000007a6ab0000, 0x00000007a6ab0000)
  to   space 21824K,   0% used [0x00000007a6ab0000, 0x00000007a6ab0000, 0x00000007a8000000)
 concurrent mark-sweep generation total 393216K, used 31900K [0x00000007a8000000, 0x00000007c0000000, 0x00000007c0000000)
 Metaspace       used 32876K, capacity 33382K, committed 33808K, reserved 1079296K
  class space    used 3841K, capacity 3998K, committed 4116K, reserved 1048576K
}
2016-10-23T18:04:48.778+0800: 53.781: Total time for which application threads were stopped: 0.0093253 seconds, Stopping threads took: 0.0000491 seconds
{Heap before GC invocations=16 (full 1):
 par new generation   total 109248K, used 109248K [0x00000007a0000000, 0x00000007a8000000, 0x00000007a8000000)
  eden space 87424K, 100% used [0x00000007a0000000, 0x00000007a5560000, 0x00000007a5560000)
  from space 21824K, 100% used [0x00000007a5560000, 0x00000007a6ab0000, 0x00000007a6ab0000)
  to   space 21824K,   0% used [0x00000007a6ab0000, 0x00000007a6ab0000, 0x00000007a8000000)
 concurrent mark-sweep generation total 393216K, used 31900K [0x00000007a8000000, 0x00000007c0000000, 0x00000007c0000000)
 Metaspace       used 32877K, capacity 33382K, committed 33808K, reserved 1079296K
  class space    used 3841K, capacity 3998K, committed 4116K, reserved 1048576K
2016-10-23T18:04:48.918+0800: 53.921: [GC (Allocation Failure) 2016-10-23T18:04:48.918+0800: 53.921: [ParNew
Desired survivor size 20112992 bytes, new threshold 8 (max 8)
- age   1:    2519752 bytes,    2519752 total
- age   2:    5345144 bytes,    7864896 total
- age   3:    2515720 bytes,   10380616 total
- age   4:    1806992 bytes,   12187608 total
- age   5:    1186448 bytes,   13374056 total
- age   6:    2541944 bytes,   15916000 total
- age   7:    1785896 bytes,   17701896 total
- age   8:     179520 bytes,   17881416 total
: 109248K->21824K(109248K), 0.0099059 secs] 141148K->56387K(502464K), 0.0099548 secs] [Times: user=0.05 sys=0.00, real=0.01 secs] 
Heap after GC invocations=17 (full 1):
 par new generation   total 109248K, used 21824K [0x00000007a0000000, 0x00000007a8000000, 0x00000007a8000000)
  eden space 87424K,   0% used [0x00000007a0000000, 0x00000007a0000000, 0x00000007a5560000)
  from space 21824K, 100% used [0x00000007a6ab0000, 0x00000007a8000000, 0x00000007a8000000)
  to   space 21824K,   0% used [0x00000007a5560000, 0x00000007a5560000, 0x00000007a6ab0000)
 concurrent mark-sweep generation total 393216K, used 34563K [0x00000007a8000000, 0x00000007c0000000, 0x00000007c0000000)
 Metaspace       used 32877K, capacity 33382K, committed 33808K, reserved 1079296K
  class space    used 3841K, capacity 3998K, committed 4116K, reserved 1048576K
}
2016-10-23T18:04:48.928+0800: 53.931: Total time for which application threads were stopped: 0.0102136 seconds, Stopping threads took: 0.0000756 seconds
{Heap before GC invocations=17 (full 1):
 par new generation   total 109248K, used 109248K [0x00000007a0000000, 0x00000007a8000000, 0x00000007a8000000)
  eden space 87424K, 100% used [0x00000007a0000000, 0x00000007a5560000, 0x00000007a5560000)
  from space 21824K, 100% used [0x00000007a6ab0000, 0x00000007a8000000, 0x00000007a8000000)
  to   space 21824K,   0% used [0x00000007a5560000, 0x00000007a5560000, 0x00000007a6ab0000)
 concurrent mark-sweep generation total 393216K, used 34563K [0x00000007a8000000, 0x00000007c0000000, 0x00000007c0000000)
 Metaspace       used 32891K, capacity 33382K, committed 33808K, reserved 1079296K
  class space    used 3841K, capacity 3998K, committed 4116K, reserved 1048576K
2016-10-23T18:04:49.180+0800: 54.183: [GC (Allocation Failure) 2016-10-23T18:04:49.180+0800: 54.183: [ParNew
Desired survivor size 20112992 bytes, new threshold 8 (max 8)
- age   1:    4643360 bytes,    4643360 total
- age   2:     954048 bytes,    5597408 total
- age   3:    3849568 bytes,    9446976 total
- age   4:    1998984 bytes,   11445960 total
- age   5:    1276208 bytes,   12722168 total
- age   6:     956648 bytes,   13678816 total
- age   7:    1869632 bytes,   15548448 total
- age   8:     262272 bytes,   15810720 total
: 109248K->21824K(109248K), 0.0081298 secs] 143811K->60869K(502464K), 0.0082025 secs] [Times: user=0.04 sys=0.01, real=0.00 secs] 
Heap after GC invocations=18 (full 1):
 par new generation   total 109248K, used 21824K [0x00000007a0000000, 0x00000007a8000000, 0x00000007a8000000)
  eden space 87424K,   0% used [0x00000007a0000000, 0x00000007a0000000, 0x00000007a5560000)
  from space 21824K, 100% used [0x00000007a5560000, 0x00000007a6ab0000, 0x00000007a6ab0000)
  to   space 21824K,   0% used [0x00000007a6ab0000, 0x00000007a6ab0000, 0x00000007a8000000)
 concurrent mark-sweep generation total 393216K, used 39045K [0x00000007a8000000, 0x00000007c0000000, 0x00000007c0000000)
 Metaspace       used 32891K, capacity 33382K, committed 33808K, reserved 1079296K
  class space    used 3841K, capacity 3998K, committed 4116K, reserved 1048576K
}
2016-10-23T18:04:49.188+0800: 54.191: Total time for which application threads were stopped: 0.0084121 seconds, Stopping threads took: 0.0000313 seconds
{Heap before GC invocations=18 (full 1):
 par new generation   total 109248K, used 109248K [0x00000007a0000000, 0x00000007a8000000, 0x00000007a8000000)
  eden space 87424K, 100% used [0x00000007a0000000, 0x00000007a5560000, 0x00000007a5560000)
  from space 21824K, 100% used [0x00000007a5560000, 0x00000007a6ab0000, 0x00000007a6ab0000)
  to   space 21824K,   0% used [0x00000007a6ab0000, 0x00000007a6ab0000, 0x00000007a8000000)
 concurrent mark-sweep generation total 393216K, used 39045K [0x00000007a8000000, 0x00000007c0000000, 0x00000007c0000000)
 Metaspace       used 32893K, capacity 33382K, committed 33808K, reserved 1079296K
  class space    used 3841K, capacity 3998K, committed 4116K, reserved 1048576K
2016-10-23T18:04:49.412+0800: 54.415: [GC (Allocation Failure) 2016-10-23T18:04:49.412+0800: 54.415: [ParNew
Desired survivor size 20112992 bytes, new threshold 8 (max 8)
- age   1:    5324488 bytes,    5324488 total
- age   2:    2948672 bytes,    8273160 total
- age   3:     938928 bytes,    9212088 total
- age   4:    3833592 bytes,   13045680 total
- age   5:    1998984 bytes,   15044664 total
- age   6:    1276208 bytes,   16320872 total
- age   7:     956648 bytes,   17277520 total
- age   8:    1869632 bytes,   19147152 total
: 109248K->21824K(109248K), 0.0074472 secs] 148293K->61126K(502464K), 0.0075439 secs] [Times: user=0.03 sys=0.00, real=0.01 secs] 
Heap after GC invocations=19 (full 1):
 par new generation   total 109248K, used 21824K [0x00000007a0000000, 0x00000007a8000000, 0x00000007a8000000)
  eden space 87424K,   0% used [0x00000007a0000000, 0x00000007a0000000, 0x00000007a5560000)
  from space 21824K, 100% used [0x00000007a6ab0000, 0x00000007a8000000, 0x00000007a8000000)
  to   space 21824K,   0% used [0x00000007a5560000, 0x00000007a5560000, 0x00000007a6ab0000)
 concurrent mark-sweep generation total 393216K, used 39302K [0x00000007a8000000, 0x00000007c0000000, 0x00000007c0000000)
 Metaspace       used 32893K, capacity 33382K, committed 33808K, reserved 1079296K
  class space    used 3841K, capacity 3998K, committed 4116K, reserved 1048576K
}
2016-10-23T18:04:49.420+0800: 54.423: Total time for which application threads were stopped: 0.0077170 seconds, Stopping threads took: 0.0000304 seconds
2016-10-23T18:04:49.642+0800: 54.645: Total time for which application threads were stopped: 0.0002196 seconds, Stopping threads took: 0.0000810 seconds
{Heap before GC invocations=19 (full 1):
 par new generation   total 109248K, used 109248K [0x00000007a0000000, 0x00000007a8000000, 0x00000007a8000000)
  eden space 87424K, 100% used [0x00000007a0000000, 0x00000007a5560000, 0x00000007a5560000)
  from space 21824K, 100% used [0x00000007a6ab0000, 0x00000007a8000000, 0x00000007a8000000)
  to   space 21824K,   0% used [0x00000007a5560000, 0x00000007a5560000, 0x00000007a6ab0000)
 concurrent mark-sweep generation total 393216K, used 39302K [0x00000007a8000000, 0x00000007c0000000, 0x00000007c0000000)
 Metaspace       used 32899K, capacity 33390K, committed 33808K, reserved 1079296K
  class space    used 3841K, capacity 3998K, committed 4116K, reserved 1048576K
2016-10-23T18:04:49.648+0800: 54.651: [GC (Allocation Failure) 2016-10-23T18:04:49.648+0800: 54.651: [ParNew
Desired survivor size 20112992 bytes, new threshold 8 (max 8)
- age   1:    7365040 bytes,    7365040 total
- age   2:    2608896 bytes,    9973936 total
- age   3:    1885728 bytes,   11859664 total
- age   4:     837752 bytes,   12697416 total
- age   5:    3375560 bytes,   16072976 total
- age   6:    1998984 bytes,   18071960 total
- age   7:    1276176 bytes,   19348136 total
- age   8:     956648 bytes,   20304784 total
: 109248K->21824K(109248K), 0.0088973 secs] 148550K->65019K(502464K), 0.0089700 secs] [Times: user=0.03 sys=0.00, real=0.01 secs] 
Heap after GC invocations=20 (full 1):
 par new generation   total 109248K, used 21824K [0x00000007a0000000, 0x00000007a8000000, 0x00000007a8000000)
  eden space 87424K,   0% used [0x00000007a0000000, 0x00000007a0000000, 0x00000007a5560000)
  from space 21824K, 100% used [0x00000007a5560000, 0x00000007a6ab0000, 0x00000007a6ab0000)
  to   space 21824K,   0% used [0x00000007a6ab0000, 0x00000007a6ab0000, 0x00000007a8000000)
 concurrent mark-sweep generation total 393216K, used 43195K [0x00000007a8000000, 0x00000007c0000000, 0x00000007c0000000)
 Metaspace       used 32899K, capacity 33390K, committed 33808K, reserved 1079296K
  class space    used 3841K, capacity 3998K, committed 4116K, reserved 1048576K
}
2016-10-23T18:04:49.657+0800: 54.660: Total time for which application threads were stopped: 0.0091796 seconds, Stopping threads took: 0.0000581 seconds
2016-10-23T18:04:49.713+0800: 54.716: Total time for which application threads were stopped: 0.0001831 seconds, Stopping threads took: 0.0000888 seconds
2016-10-23T18:04:49.713+0800: 54.716: Total time for which application threads were stopped: 0.0001235 seconds, Stopping threads took: 0.0000547 seconds
{Heap before GC invocations=20 (full 1):
 par new generation   total 109248K, used 109248K [0x00000007a0000000, 0x00000007a8000000, 0x00000007a8000000)
  eden space 87424K, 100% used [0x00000007a0000000, 0x00000007a5560000, 0x00000007a5560000)
  from space 21824K, 100% used [0x00000007a5560000, 0x00000007a6ab0000, 0x00000007a6ab0000)
  to   space 21824K,   0% used [0x00000007a6ab0000, 0x00000007a6ab0000, 0x00000007a8000000)
 concurrent mark-sweep generation total 393216K, used 43195K [0x00000007a8000000, 0x00000007c0000000, 0x00000007c0000000)
 Metaspace       used 32908K, capacity 33390K, committed 33808K, reserved 1079296K
  class space    used 3841K, capacity 3998K, committed 4116K, reserved 1048576K
2016-10-23T18:04:49.833+0800: 54.836: [GC (Allocation Failure) 2016-10-23T18:04:49.833+0800: 54.836: [ParNew
Desired survivor size 20112992 bytes, new threshold 8 (max 8)
- age   1:    1776352 bytes,    1776352 total
- age   2:    6881080 bytes,    8657432 total
- age   3:    2464840 bytes,   11122272 total
- age   4:    1801480 bytes,   12923752 total
- age   5:     820776 bytes,   13744528 total
- age   6:    2862832 bytes,   16607360 total
- age   7:    1966184 bytes,   18573544 total
- age   8:    1276048 bytes,   19849592 total
: 109248K->21824K(109248K), 0.0100917 secs] 152443K->67637K(502464K), 0.0101419 secs] [Times: user=0.05 sys=0.00, real=0.01 secs] 
Heap after GC invocations=21 (full 1):
 par new generation   total 109248K, used 21824K [0x00000007a0000000, 0x00000007a8000000, 0x00000007a8000000)
  eden space 87424K,   0% used [0x00000007a0000000, 0x00000007a0000000, 0x00000007a5560000)
  from space 21824K, 100% used [0x00000007a6ab0000, 0x00000007a8000000, 0x00000007a8000000)
  to   space 21824K,   0% used [0x00000007a5560000, 0x00000007a5560000, 0x00000007a6ab0000)
 concurrent mark-sweep generation total 393216K, used 45813K [0x00000007a8000000, 0x00000007c0000000, 0x00000007c0000000)
 Metaspace       used 32908K, capacity 33390K, committed 33808K, reserved 1079296K
  class space    used 3841K, capacity 3998K, committed 4116K, reserved 1048576K
}
2016-10-23T18:04:49.843+0800: 54.846: Total time for which application threads were stopped: 0.0103575 seconds, Stopping threads took: 0.0000722 seconds
{Heap before GC invocations=21 (full 1):
 par new generation   total 109248K, used 109248K [0x00000007a0000000, 0x00000007a8000000, 0x00000007a8000000)
  eden space 87424K, 100% used [0x00000007a0000000, 0x00000007a5560000, 0x00000007a5560000)
  from space 21824K, 100% used [0x00000007a6ab0000, 0x00000007a8000000, 0x00000007a8000000)
  to   space 21824K,   0% used [0x00000007a5560000, 0x00000007a5560000, 0x00000007a6ab0000)
 concurrent mark-sweep generation total 393216K, used 45813K [0x00000007a8000000, 0x00000007c0000000, 0x00000007c0000000)
 Metaspace       used 32915K, capacity 33390K, committed 33808K, reserved 1079296K
  class space    used 3841K, capacity 3998K, committed 4116K, reserved 1048576K
2016-10-23T18:04:49.962+0800: 54.965: [GC (Allocation Failure) 2016-10-23T18:04:49.962+0800: 54.965: [ParNew
Desired survivor size 20112992 bytes, new threshold 8 (max 8)
- age   1:    2580160 bytes,    2580160 total
- age   2:    1020016 bytes,    3600176 total
- age   3:    6517240 bytes,   10117416 total
- age   4:    1922200 bytes,   12039616 total
- age   5:    1594152 bytes,   13633768 total
- age   6:     712680 bytes,   14346448 total
- age   7:    1775360 bytes,   16121808 total
- age   8:    1406488 bytes,   17528296 total
: 109248K->21824K(109248K), 0.0087053 secs] 155061K->70982K(502464K), 0.0087679 secs] [Times: user=0.04 sys=0.00, real=0.01 secs] 
Heap after GC invocations=22 (full 1):
 par new generation   total 109248K, used 21824K [0x00000007a0000000, 0x00000007a8000000, 0x00000007a8000000)
  eden space 87424K,   0% used [0x00000007a0000000, 0x00000007a0000000, 0x00000007a5560000)
  from space 21824K, 100% used [0x00000007a5560000, 0x00000007a6ab0000, 0x00000007a6ab0000)
  to   space 21824K,   0% used [0x00000007a6ab0000, 0x00000007a6ab0000, 0x00000007a8000000)
 concurrent mark-sweep generation total 393216K, used 49158K [0x00000007a8000000, 0x00000007c0000000, 0x00000007c0000000)
 Metaspace       used 32915K, capacity 33390K, committed 33808K, reserved 1079296K
  class space    used 3841K, capacity 3998K, committed 4116K, reserved 1048576K
}
2016-10-23T18:04:49.971+0800: 54.974: Total time for which application threads were stopped: 0.0089782 seconds, Stopping threads took: 0.0000368 seconds
{Heap before GC invocations=22 (full 1):
 par new generation   total 109248K, used 109248K [0x00000007a0000000, 0x00000007a8000000, 0x00000007a8000000)
  eden space 87424K, 100% used [0x00000007a0000000, 0x00000007a5560000, 0x00000007a5560000)
  from space 21824K, 100% used [0x00000007a5560000, 0x00000007a6ab0000, 0x00000007a6ab0000)
  to   space 21824K,   0% used [0x00000007a6ab0000, 0x00000007a6ab0000, 0x00000007a8000000)
 concurrent mark-sweep generation total 393216K, used 49158K [0x00000007a8000000, 0x00000007c0000000, 0x00000007c0000000)
 Metaspace       used 32916K, capacity 33390K, committed 33808K, reserved 1079296K
  class space    used 3841K, capacity 3998K, committed 4116K, reserved 1048576K
2016-10-23T18:04:50.206+0800: 55.209: [GC (Allocation Failure) 2016-10-23T18:04:50.206+0800: 55.209: [ParNew
Desired survivor size 20112992 bytes, new threshold 8 (max 8)
- age   1:    4449216 bytes,    4449216 total
- age   2:    1121368 bytes,    5570584 total
- age   3:     926816 bytes,    6497400 total
- age   4:    5942632 bytes,   12440032 total
- age   5:    1615240 bytes,   14055272 total
- age   6:    1384936 bytes,   15440208 total
- age   7:     606920 bytes,   16047128 total
- age   8:    1634504 bytes,   17681632 total
: 109248K->21824K(109248K), 0.0077131 secs] 158406K->73809K(502464K), 0.0077877 secs] [Times: user=0.03 sys=0.00, real=0.01 secs] 
Heap after GC invocations=23 (full 1):
 par new generation   total 109248K, used 21824K [0x00000007a0000000, 0x00000007a8000000, 0x00000007a8000000)
  eden space 87424K,   0% used [0x00000007a0000000, 0x00000007a0000000, 0x00000007a5560000)
  from space 21824K, 100% used [0x00000007a6ab0000, 0x00000007a8000000, 0x00000007a8000000)
  to   space 21824K,   0% used [0x00000007a5560000, 0x00000007a5560000, 0x00000007a6ab0000)
 concurrent mark-sweep generation total 393216K, used 51985K [0x00000007a8000000, 0x00000007c0000000, 0x00000007c0000000)
 Metaspace       used 32916K, capacity 33390K, committed 33808K, reserved 1079296K
  class space    used 3841K, capacity 3998K, committed 4116K, reserved 1048576K
}
2016-10-23T18:04:50.213+0800: 55.217: Total time for which application threads were stopped: 0.0079548 seconds, Stopping threads took: 0.0000318 seconds
{Heap before GC invocations=23 (full 1):
 par new generation   total 109248K, used 109248K [0x00000007a0000000, 0x00000007a8000000, 0x00000007a8000000)
  eden space 87424K, 100% used [0x00000007a0000000, 0x00000007a5560000, 0x00000007a5560000)
  from space 21824K, 100% used [0x00000007a6ab0000, 0x00000007a8000000, 0x00000007a8000000)
  to   space 21824K,   0% used [0x00000007a5560000, 0x00000007a5560000, 0x00000007a6ab0000)
 concurrent mark-sweep generation total 393216K, used 51985K [0x00000007a8000000, 0x00000007c0000000, 0x00000007c0000000)
 Metaspace       used 32916K, capacity 33390K, committed 33808K, reserved 1079296K
  class space    used 3841K, capacity 3998K, committed 4116K, reserved 1048576K
2016-10-23T18:04:50.447+0800: 55.450: [GC (Allocation Failure) 2016-10-23T18:04:50.447+0800: 55.450: [ParNew
Desired survivor size 20112992 bytes, new threshold 7 (max 8)
- age   1:    7206128 bytes,    7206128 total
- age   2:    2530776 bytes,    9736904 total
- age   3:     990416 bytes,   10727320 total
- age   4:     884992 bytes,   11612312 total
- age   5:    5802744 bytes,   17415056 total
- age   6:    1615240 bytes,   19030296 total
- age   7:    1384936 bytes,   20415232 total
- age   8:     606920 bytes,   21022152 total
: 109248K->21824K(109248K), 0.0074485 secs] 161233K->75728K(502464K), 0.0075254 secs] [Times: user=0.02 sys=0.00, real=0.01 secs] 
Heap after GC invocations=24 (full 1):
 par new generation   total 109248K, used 21824K [0x00000007a0000000, 0x00000007a8000000, 0x00000007a8000000)
  eden space 87424K,   0% used [0x00000007a0000000, 0x00000007a0000000, 0x00000007a5560000)
  from space 21824K, 100% used [0x00000007a5560000, 0x00000007a6ab0000, 0x00000007a6ab0000)
  to   space 21824K,   0% used [0x00000007a6ab0000, 0x00000007a6ab0000, 0x00000007a8000000)
 concurrent mark-sweep generation total 393216K, used 53904K [0x00000007a8000000, 0x00000007c0000000, 0x00000007c0000000)
 Metaspace       used 32916K, capacity 33390K, committed 33808K, reserved 1079296K
  class space    used 3841K, capacity 3998K, committed 4116K, reserved 1048576K
}
2016-10-23T18:04:50.455+0800: 55.458: Total time for which application threads were stopped: 0.0076997 seconds, Stopping threads took: 0.0000319 seconds
2016-10-23T18:04:50.641+0800: 55.644: Total time for which application threads were stopped: 0.0001258 seconds, Stopping threads took: 0.0000432 seconds
{Heap before GC invocations=24 (full 1):
 par new generation   total 109248K, used 109248K [0x00000007a0000000, 0x00000007a8000000, 0x00000007a8000000)
  eden space 87424K, 100% used [0x00000007a0000000, 0x00000007a5560000, 0x00000007a5560000)
  from space 21824K, 100% used [0x00000007a5560000, 0x00000007a6ab0000, 0x00000007a6ab0000)
  to   space 21824K,   0% used [0x00000007a6ab0000, 0x00000007a6ab0000, 0x00000007a8000000)
 concurrent mark-sweep generation total 393216K, used 53904K [0x00000007a8000000, 0x00000007c0000000, 0x00000007c0000000)
 Metaspace       used 32921K, capacity 33390K, committed 33808K, reserved 1079296K
  class space    used 3841K, capacity 3998K, committed 4116K, reserved 1048576K
2016-10-23T18:04:50.676+0800: 55.679: [GC (Allocation Failure) 2016-10-23T18:04:50.676+0800: 55.679: [ParNew
Desired survivor size 20112992 bytes, new threshold 8 (max 8)
- age   1:    5500328 bytes,    5500328 total
- age   2:    4017016 bytes,    9517344 total
- age   3:    2257936 bytes,   11775280 total
- age   4:     936000 bytes,   12711280 total
- age   5:     807448 bytes,   13518728 total
- age   6:    4354280 bytes,   17873008 total
- age   7:     664136 bytes,   18537144 total
: 109248K->21824K(109248K), 0.0082193 secs] 163152K->81758K(502464K), 0.0082851 secs] [Times: user=0.03 sys=0.01, real=0.01 secs] 
Heap after GC invocations=25 (full 1):
 par new generation   total 109248K, used 21824K [0x00000007a0000000, 0x00000007a8000000, 0x00000007a8000000)
  eden space 87424K,   0% used [0x00000007a0000000, 0x00000007a0000000, 0x00000007a5560000)
  from space 21824K, 100% used [0x00000007a6ab0000, 0x00000007a8000000, 0x00000007a8000000)
  to   space 21824K,   0% used [0x00000007a5560000, 0x00000007a5560000, 0x00000007a6ab0000)
 concurrent mark-sweep generation total 393216K, used 59934K [0x00000007a8000000, 0x00000007c0000000, 0x00000007c0000000)
 Metaspace       used 32921K, capacity 33390K, committed 33808K, reserved 1079296K
  class space    used 3841K, capacity 3998K, committed 4116K, reserved 1048576K
}
2016-10-23T18:04:50.684+0800: 55.687: Total time for which application threads were stopped: 0.0084556 seconds, Stopping threads took: 0.0000340 seconds
2016-10-23T18:04:50.699+0800: 55.702: Total time for which application threads were stopped: 0.0002135 seconds, Stopping threads took: 0.0001006 seconds
2016-10-23T18:04:50.700+0800: 55.703: Total time for which application threads were stopped: 0.0001432 seconds, Stopping threads took: 0.0000633 seconds
{Heap before GC invocations=25 (full 1):
 par new generation   total 109248K, used 109243K [0x00000007a0000000, 0x00000007a8000000, 0x00000007a8000000)
  eden space 87424K,  99% used [0x00000007a0000000, 0x00000007a555eff0, 0x00000007a5560000)
  from space 21824K, 100% used [0x00000007a6ab0000, 0x00000007a8000000, 0x00000007a8000000)
  to   space 21824K,   0% used [0x00000007a5560000, 0x00000007a5560000, 0x00000007a6ab0000)
 concurrent mark-sweep generation total 393216K, used 59934K [0x00000007a8000000, 0x00000007c0000000, 0x00000007c0000000)
 Metaspace       used 32921K, capacity 33390K, committed 33808K, reserved 1079296K
  class space    used 3841K, capacity 3998K, committed 4116K, reserved 1048576K
2016-10-23T18:04:50.823+0800: 55.826: [GC (Allocation Failure) 2016-10-23T18:04:50.823+0800: 55.826: [ParNew
Desired survivor size 20112992 bytes, new threshold 8 (max 8)
- age   1:    2300008 bytes,    2300008 total
- age   2:    5025768 bytes,    7325776 total
- age   3:    3688512 bytes,   11014288 total
- age   4:    2161408 bytes,   13175696 total
- age   5:     873648 bytes,   14049344 total
- age   6:     772400 bytes,   14821744 total
- age   7:    2625440 bytes,   17447184 total
- age   8:     459512 bytes,   17906696 total
: 109243K->21824K(109248K), 0.0085752 secs] 169178K->83609K(502464K), 0.0086236 secs] [Times: user=0.04 sys=0.01, real=0.01 secs] 
Heap after GC invocations=26 (full 1):
 par new generation   total 109248K, used 21824K [0x00000007a0000000, 0x00000007a8000000, 0x00000007a8000000)
  eden space 87424K,   0% used [0x00000007a0000000, 0x00000007a0000000, 0x00000007a5560000)
  from space 21824K, 100% used [0x00000007a5560000, 0x00000007a6ab0000, 0x00000007a6ab0000)
  to   space 21824K,   0% used [0x00000007a6ab0000, 0x00000007a6ab0000, 0x00000007a8000000)
 concurrent mark-sweep generation total 393216K, used 61785K [0x00000007a8000000, 0x00000007c0000000, 0x00000007c0000000)
 Metaspace       used 32921K, capacity 33390K, committed 33808K, reserved 1079296K
  class space    used 3841K, capacity 3998K, committed 4116K, reserved 1048576K
}
2016-10-23T18:04:50.832+0800: 55.835: Total time for which application threads were stopped: 0.0088659 seconds, Stopping threads took: 0.0000595 seconds
{Heap before GC invocations=26 (full 1):
 par new generation   total 109248K, used 109248K [0x00000007a0000000, 0x00000007a8000000, 0x00000007a8000000)
  eden space 87424K, 100% used [0x00000007a0000000, 0x00000007a5560000, 0x00000007a5560000)
  from space 21824K, 100% used [0x00000007a5560000, 0x00000007a6ab0000, 0x00000007a6ab0000)
  to   space 21824K,   0% used [0x00000007a6ab0000, 0x00000007a6ab0000, 0x00000007a8000000)
 concurrent mark-sweep generation total 393216K, used 61785K [0x00000007a8000000, 0x00000007c0000000, 0x00000007c0000000)
 Metaspace       used 32930K, capacity 33396K, committed 33808K, reserved 1079296K
  class space    used 3841K, capacity 3999K, committed 4116K, reserved 1048576K
2016-10-23T18:04:50.978+0800: 55.981: [GC (Allocation Failure) 2016-10-23T18:04:50.978+0800: 55.981: [ParNew
Desired survivor size 20112992 bytes, new threshold 8 (max 8)
- age   1:    2630752 bytes,    2630752 total
- age   2:     864680 bytes,    3495432 total
- age   3:    3805608 bytes,    7301040 total
- age   4:    2532384 bytes,    9833424 total
- age   5:    1583472 bytes,   11416896 total
- age   6:     653912 bytes,   12070808 total
- age   7:     406032 bytes,   12476840 total
- age   8:    2580008 bytes,   15056848 total
: 109248K->21824K(109248K), 0.0078331 secs] 171033K->86368K(502464K), 0.0078920 secs] [Times: user=0.03 sys=0.01, real=0.01 secs] 
Heap after GC invocations=27 (full 1):
 par new generation   total 109248K, used 21824K [0x00000007a0000000, 0x00000007a8000000, 0x00000007a8000000)
  eden space 87424K,   0% used [0x00000007a0000000, 0x00000007a0000000, 0x00000007a5560000)
  from space 21824K, 100% used [0x00000007a6ab0000, 0x00000007a8000000, 0x00000007a8000000)
  to   space 21824K,   0% used [0x00000007a5560000, 0x00000007a5560000, 0x00000007a6ab0000)
 concurrent mark-sweep generation total 393216K, used 64544K [0x00000007a8000000, 0x00000007c0000000, 0x00000007c0000000)
 Metaspace       used 32930K, capacity 33396K, committed 33808K, reserved 1079296K
  class space    used 3841K, capacity 3999K, committed 4116K, reserved 1048576K
}
2016-10-23T18:04:50.986+0800: 55.989: Total time for which application threads were stopped: 0.0081223 seconds, Stopping threads took: 0.0000250 seconds
{Heap before GC invocations=27 (full 1):
 par new generation   total 109248K, used 109248K [0x00000007a0000000, 0x00000007a8000000, 0x00000007a8000000)
  eden space 87424K, 100% used [0x00000007a0000000, 0x00000007a5560000, 0x00000007a5560000)
  from space 21824K, 100% used [0x00000007a6ab0000, 0x00000007a8000000, 0x00000007a8000000)
  to   space 21824K,   0% used [0x00000007a5560000, 0x00000007a5560000, 0x00000007a6ab0000)
 concurrent mark-sweep generation total 393216K, used 64544K [0x00000007a8000000, 0x00000007c0000000, 0x00000007c0000000)
 Metaspace       used 32930K, capacity 33396K, committed 33808K, reserved 1079296K
  class space    used 3841K, capacity 3999K, committed 4116K, reserved 1048576K
2016-10-23T18:04:51.222+0800: 56.225: [GC (Allocation Failure) 2016-10-23T18:04:51.222+0800: 56.225: [ParNew
Desired survivor size 20112992 bytes, new threshold 8 (max 8)
- age   1:    5582552 bytes,    5582552 total
- age   2:     968752 bytes,    6551304 total
- age   3:     812064 bytes,    7363368 total
- age   4:    3838120 bytes,   11201488 total
- age   5:    2532384 bytes,   13733872 total
- age   6:    1582856 bytes,   15316728 total
- age   7:     653912 bytes,   15970640 total
- age   8:     406032 bytes,   16376672 total
: 109248K->17375K(109248K), 0.0067350 secs] 173792K->84440K(502464K), 0.0068192 secs] [Times: user=0.02 sys=0.00, real=0.00 secs] 
Heap after GC invocations=28 (full 1):
 par new generation   total 109248K, used 17375K [0x00000007a0000000, 0x00000007a8000000, 0x00000007a8000000)
  eden space 87424K,   0% used [0x00000007a0000000, 0x00000007a0000000, 0x00000007a5560000)
  from space 21824K,  79% used [0x00000007a5560000, 0x00000007a6657d78, 0x00000007a6ab0000)
  to   space 21824K,   0% used [0x00000007a6ab0000, 0x00000007a6ab0000, 0x00000007a8000000)
 concurrent mark-sweep generation total 393216K, used 67065K [0x00000007a8000000, 0x00000007c0000000, 0x00000007c0000000)
 Metaspace       used 32930K, capacity 33396K, committed 33808K, reserved 1079296K
  class space    used 3841K, capacity 3999K, committed 4116K, reserved 1048576K
}
2016-10-23T18:04:51.228+0800: 56.231: Total time for which application threads were stopped: 0.0069751 seconds, Stopping threads took: 0.0000296 seconds
{Heap before GC invocations=28 (full 1):
 par new generation   total 109248K, used 104799K [0x00000007a0000000, 0x00000007a8000000, 0x00000007a8000000)
  eden space 87424K, 100% used [0x00000007a0000000, 0x00000007a5560000, 0x00000007a5560000)
  from space 21824K,  79% used [0x00000007a5560000, 0x00000007a6657d78, 0x00000007a6ab0000)
  to   space 21824K,   0% used [0x00000007a6ab0000, 0x00000007a6ab0000, 0x00000007a8000000)
 concurrent mark-sweep generation total 393216K, used 67065K [0x00000007a8000000, 0x00000007c0000000, 0x00000007c0000000)
 Metaspace       used 32930K, capacity 33396K, committed 33808K, reserved 1079296K
  class space    used 3841K, capacity 3999K, committed 4116K, reserved 1048576K
2016-10-23T18:04:51.470+0800: 56.473: [GC (Allocation Failure) 2016-10-23T18:04:51.470+0800: 56.473: [ParNew
Desired survivor size 20112992 bytes, new threshold 8 (max 8)
- age   1:    6454120 bytes,    6454120 total
- age   2:    2754088 bytes,    9208208 total
- age   3:     821600 bytes,   10029808 total
- age   4:     794896 bytes,   10824704 total
- age   5:    3712176 bytes,   14536880 total
- age   6:    2532384 bytes,   17069264 total
- age   7:    1582856 bytes,   18652120 total
- age   8:     653912 bytes,   19306032 total
: 104799K->21824K(109248K), 0.0072324 secs] 171864K->90146K(502464K), 0.0072985 secs] [Times: user=0.02 sys=0.00, real=0.00 secs] 
Heap after GC invocations=29 (full 1):
 par new generation   total 109248K, used 21824K [0x00000007a0000000, 0x00000007a8000000, 0x00000007a8000000)
  eden space 87424K,   0% used [0x00000007a0000000, 0x00000007a0000000, 0x00000007a5560000)
  from space 21824K, 100% used [0x00000007a6ab0000, 0x00000007a8000000, 0x00000007a8000000)
  to   space 21824K,   0% used [0x00000007a5560000, 0x00000007a5560000, 0x00000007a6ab0000)
 concurrent mark-sweep generation total 393216K, used 68322K [0x00000007a8000000, 0x00000007c0000000, 0x00000007c0000000)
 Metaspace       used 32930K, capacity 33396K, committed 33808K, reserved 1079296K
  class space    used 3841K, capacity 3999K, committed 4116K, reserved 1048576K
}
2016-10-23T18:04:51.478+0800: 56.481: Total time for which application threads were stopped: 0.0075309 seconds, Stopping threads took: 0.0000375 seconds
2016-10-23T18:04:51.642+0800: 56.645: Total time for which application threads were stopped: 0.0001821 seconds, Stopping threads took: 0.0000754 seconds
2016-10-23T18:04:51.689+0800: 56.692: Total time for which application threads were stopped: 0.0001744 seconds, Stopping threads took: 0.0000703 seconds
2016-10-23T18:04:51.689+0800: 56.692: Total time for which application threads were stopped: 0.0001100 seconds, Stopping threads took: 0.0000505 seconds
{Heap before GC invocations=29 (full 1):
 par new generation   total 109248K, used 109248K [0x00000007a0000000, 0x00000007a8000000, 0x00000007a8000000)
  eden space 87424K, 100% used [0x00000007a0000000, 0x00000007a5560000, 0x00000007a5560000)
  from space 21824K, 100% used [0x00000007a6ab0000, 0x00000007a8000000, 0x00000007a8000000)
  to   space 21824K,   0% used [0x00000007a5560000, 0x00000007a5560000, 0x00000007a6ab0000)
 concurrent mark-sweep generation total 393216K, used 68322K [0x00000007a8000000, 0x00000007c0000000, 0x00000007c0000000)
 Metaspace       used 32938K, capacity 33404K, committed 33808K, reserved 1079296K
  class space    used 3844K, capacity 4003K, committed 4116K, reserved 1048576K
2016-10-23T18:04:51.692+0800: 56.695: [GC (Allocation Failure) 2016-10-23T18:04:51.692+0800: 56.695: [ParNew
Desired survivor size 20112992 bytes, new threshold 8 (max 8)
- age   1:    6600448 bytes,    6600448 total
- age   2:    2963088 bytes,    9563536 total
- age   3:    2530024 bytes,   12093560 total
- age   4:     719160 bytes,   12812720 total
- age   5:     755288 bytes,   13568008 total
- age   6:    3355704 bytes,   16923712 total
- age   7:    2368464 bytes,   19292176 total
- age   8:    1418904 bytes,   20711080 total
: 109248K->21824K(109248K), 0.0083577 secs] 177570K->92399K(502464K), 0.0084187 secs] [Times: user=0.04 sys=0.00, real=0.01 secs] 
Heap after GC invocations=30 (full 1):
 par new generation   total 109248K, used 21824K [0x00000007a0000000, 0x00000007a8000000, 0x00000007a8000000)
  eden space 87424K,   0% used [0x00000007a0000000, 0x00000007a0000000, 0x00000007a5560000)
  from space 21824K, 100% used [0x00000007a5560000, 0x00000007a6ab0000, 0x00000007a6ab0000)
  to   space 21824K,   0% used [0x00000007a6ab0000, 0x00000007a6ab0000, 0x00000007a8000000)
 concurrent mark-sweep generation total 393216K, used 70575K [0x00000007a8000000, 0x00000007c0000000, 0x00000007c0000000)
 Metaspace       used 32938K, capacity 33404K, committed 33808K, reserved 1079296K
  class space    used 3844K, capacity 4003K, committed 4116K, reserved 1048576K
}
2016-10-23T18:04:51.700+0800: 56.703: Total time for which application threads were stopped: 0.0086171 seconds, Stopping threads took: 0.0000657 seconds
{Heap before GC invocations=30 (full 1):
 par new generation   total 109248K, used 109248K [0x00000007a0000000, 0x00000007a8000000, 0x00000007a8000000)
  eden space 87424K, 100% used [0x00000007a0000000, 0x00000007a5560000, 0x00000007a5560000)
  from space 21824K, 100% used [0x00000007a5560000, 0x00000007a6ab0000, 0x00000007a6ab0000)
  to   space 21824K,   0% used [0x00000007a6ab0000, 0x00000007a6ab0000, 0x00000007a8000000)
 concurrent mark-sweep generation total 393216K, used 70575K [0x00000007a8000000, 0x00000007c0000000, 0x00000007c0000000)
 Metaspace       used 32939K, capacity 33404K, committed 33808K, reserved 1079296K
  class space    used 3844K, capacity 4003K, committed 4116K, reserved 1048576K
2016-10-23T18:04:51.825+0800: 56.828: [GC (Allocation Failure) 2016-10-23T18:04:51.825+0800: 56.828: [ParNew
Desired survivor size 20112992 bytes, new threshold 8 (max 8)
- age   1:    2015072 bytes,    2015072 total
- age   2:    5144736 bytes,    7159808 total
- age   3:    2761024 bytes,    9920832 total
- age   4:    2525488 bytes,   12446320 total
- age   5:     714792 bytes,   13161112 total
- age   6:     751912 bytes,   13913024 total
- age   7:    3347760 bytes,   17260784 total
- age   8:    2363712 bytes,   19624496 total
: 109248K->21824K(109248K), 0.0096076 secs] 179823K->95320K(502464K), 0.0096537 secs] [Times: user=0.05 sys=0.01, real=0.01 secs] 
Heap after GC invocations=31 (full 1):
 par new generation   total 109248K, used 21824K [0x00000007a0000000, 0x00000007a8000000, 0x00000007a8000000)
  eden space 87424K,   0% used [0x00000007a0000000, 0x00000007a0000000, 0x00000007a5560000)
  from space 21824K, 100% used [0x00000007a6ab0000, 0x00000007a8000000, 0x00000007a8000000)
  to   space 21824K,   0% used [0x00000007a5560000, 0x00000007a5560000, 0x00000007a6ab0000)
 concurrent mark-sweep generation total 393216K, used 73496K [0x00000007a8000000, 0x00000007c0000000, 0x00000007c0000000)
 Metaspace       used 32939K, capacity 33404K, committed 33808K, reserved 1079296K
  class space    used 3844K, capacity 4003K, committed 4116K, reserved 1048576K
}
2016-10-23T18:04:51.834+0800: 56.837: Total time for which application threads were stopped: 0.0098788 seconds, Stopping threads took: 0.0000888 seconds
{Heap before GC invocations=31 (full 1):
 par new generation   total 109248K, used 109248K [0x00000007a0000000, 0x00000007a8000000, 0x00000007a8000000)
  eden space 87424K, 100% used [0x00000007a0000000, 0x00000007a5560000, 0x00000007a5560000)
  from space 21824K, 100% used [0x00000007a6ab0000, 0x00000007a8000000, 0x00000007a8000000)
  to   space 21824K,   0% used [0x00000007a5560000, 0x00000007a5560000, 0x00000007a6ab0000)
 concurrent mark-sweep generation total 393216K, used 73496K [0x00000007a8000000, 0x00000007c0000000, 0x00000007c0000000)
 Metaspace       used 32954K, capacity 33468K, committed 33808K, reserved 1079296K
  class space    used 3844K, capacity 4003K, committed 4116K, reserved 1048576K
2016-10-23T18:04:51.989+0800: 56.992: [GC (Allocation Failure) 2016-10-23T18:04:51.989+0800: 56.992: [ParNew
Desired survivor size 20112992 bytes, new threshold 8 (max 8)
- age   1:    3186560 bytes,    3186560 total
- age   2:    1337344 bytes,    4523904 total
- age   3:    4599120 bytes,    9123024 total
- age   4:    2061288 bytes,   11184312 total
- age   5:    1886128 bytes,   13070440 total
- age   6:     329728 bytes,   13400168 total
- age   7:     466024 bytes,   13866192 total
- age   8:    3292032 bytes,   17158224 total
: 109248K->21824K(109248K), 0.0080734 secs] 182744K->97987K(502464K), 0.0081296 secs] [Times: user=0.04 sys=0.00, real=0.01 secs] 
Heap after GC invocations=32 (full 1):
 par new generation   total 109248K, used 21824K [0x00000007a0000000, 0x00000007a8000000, 0x00000007a8000000)
  eden space 87424K,   0% used [0x00000007a0000000, 0x00000007a0000000, 0x00000007a5560000)
  from space 21824K, 100% used [0x00000007a5560000, 0x00000007a6ab0000, 0x00000007a6ab0000)
  to   space 21824K,   0% used [0x00000007a6ab0000, 0x00000007a6ab0000, 0x00000007a8000000)
 concurrent mark-sweep generation total 393216K, used 76163K [0x00000007a8000000, 0x00000007c0000000, 0x00000007c0000000)
 Metaspace       used 32954K, capacity 33468K, committed 33808K, reserved 1079296K
  class space    used 3844K, capacity 4003K, committed 4116K, reserved 1048576K
}
2016-10-23T18:04:51.997+0800: 57.001: Total time for which application threads were stopped: 0.0082848 seconds, Stopping threads took: 0.0000197 seconds
{Heap before GC invocations=32 (full 1):
 par new generation   total 109248K, used 109248K [0x00000007a0000000, 0x00000007a8000000, 0x00000007a8000000)
  eden space 87424K, 100% used [0x00000007a0000000, 0x00000007a5560000, 0x00000007a5560000)
  from space 21824K, 100% used [0x00000007a5560000, 0x00000007a6ab0000, 0x00000007a6ab0000)
  to   space 21824K,   0% used [0x00000007a6ab0000, 0x00000007a6ab0000, 0x00000007a8000000)
 concurrent mark-sweep generation total 393216K, used 76163K [0x00000007a8000000, 0x00000007c0000000, 0x00000007c0000000)
 Metaspace       used 32962K, capacity 33468K, committed 33808K, reserved 1079296K
  class space    used 3844K, capacity 4003K, committed 4116K, reserved 1048576K
2016-10-23T18:04:52.225+0800: 57.228: [GC (Allocation Failure) 2016-10-23T18:04:52.225+0800: 57.228: [ParNew
Desired survivor size 20112992 bytes, new threshold 8 (max 8)
- age   1:    5941112 bytes,    5941112 total
- age   2:    1727256 bytes,    7668368 total
- age   3:    1136624 bytes,    8804992 total
- age   4:    4582616 bytes,   13387608 total
- age   5:    2061288 bytes,   15448896 total
- age   6:    1918912 bytes,   17367808 total
- age   7:     329280 bytes,   17697088 total
- age   8:     466024 bytes,   18163112 total
: 109248K->21824K(109248K), 0.0070226 secs] 185411K->101204K(502464K), 0.0070902 secs] [Times: user=0.02 sys=0.01, real=0.01 secs] 
Heap after GC invocations=33 (full 1):
 par new generation   total 109248K, used 21824K [0x00000007a0000000, 0x00000007a8000000, 0x00000007a8000000)
  eden space 87424K,   0% used [0x00000007a0000000, 0x00000007a0000000, 0x00000007a5560000)
  from space 21824K, 100% used [0x00000007a6ab0000, 0x00000007a8000000, 0x00000007a8000000)
  to   space 21824K,   0% used [0x00000007a5560000, 0x00000007a5560000, 0x00000007a6ab0000)
 concurrent mark-sweep generation total 393216K, used 79380K [0x00000007a8000000, 0x00000007c0000000, 0x00000007c0000000)
 Metaspace       used 32962K, capacity 33468K, committed 33808K, reserved 1079296K
  class space    used 3844K, capacity 4003K, committed 4116K, reserved 1048576K
}
2016-10-23T18:04:52.232+0800: 57.235: Total time for which application threads were stopped: 0.0072515 seconds, Stopping threads took: 0.0000326 seconds
{Heap before GC invocations=33 (full 1):
 par new generation   total 109248K, used 109248K [0x00000007a0000000, 0x00000007a8000000, 0x00000007a8000000)
  eden space 87424K, 100% used [0x00000007a0000000, 0x00000007a5560000, 0x00000007a5560000)
  from space 21824K, 100% used [0x00000007a6ab0000, 0x00000007a8000000, 0x00000007a8000000)
  to   space 21824K,   0% used [0x00000007a5560000, 0x00000007a5560000, 0x00000007a6ab0000)
 concurrent mark-sweep generation total 393216K, used 79380K [0x00000007a8000000, 0x00000007c0000000, 0x00000007c0000000)
 Metaspace       used 32962K, capacity 33468K, committed 33808K, reserved 1079296K
  class space    used 3844K, capacity 4003K, committed 4116K, reserved 1048576K
2016-10-23T18:04:52.468+0800: 57.471: [GC (Allocation Failure) 2016-10-23T18:04:52.468+0800: 57.471: [ParNew
Desired survivor size 20112992 bytes, new threshold 7 (max 8)
- age   1:    6712848 bytes,    6712848 total
- age   2:    2962016 bytes,    9674864 total
- age   3:    1683496 bytes,   11358360 total
- age   4:    1126592 bytes,   12484952 total
- age   5:    4446296 bytes,   16931248 total
- age   6:    2057520 bytes,   18988768 total
- age   7:    1883496 bytes,   20872264 total
- age   8:     327920 bytes,   21200184 total
: 109248K->21824K(109248K), 0.0075174 secs] 188628K->102177K(502464K), 0.0076032 secs] [Times: user=0.03 sys=0.00, real=0.01 secs] 
Heap after GC invocations=34 (full 1):
 par new generation   total 109248K, used 21824K [0x00000007a0000000, 0x00000007a8000000, 0x00000007a8000000)
  eden space 87424K,   0% used [0x00000007a0000000, 0x00000007a0000000, 0x00000007a5560000)
  from space 21824K, 100% used [0x00000007a5560000, 0x00000007a6ab0000, 0x00000007a6ab0000)
  to   space 21824K,   0% used [0x00000007a6ab0000, 0x00000007a6ab0000, 0x00000007a8000000)
 concurrent mark-sweep generation total 393216K, used 80353K [0x00000007a8000000, 0x00000007c0000000, 0x00000007c0000000)
 Metaspace       used 32962K, capacity 33468K, committed 33808K, reserved 1079296K
  class space    used 3844K, capacity 4003K, committed 4116K, reserved 1048576K
}
2016-10-23T18:04:52.476+0800: 57.479: Total time for which application threads were stopped: 0.0079200 seconds, Stopping threads took: 0.0000463 seconds
2016-10-23T18:04:52.648+0800: 57.651: Total time for which application threads were stopped: 0.0004156 seconds, Stopping threads took: 0.0001574 seconds
2016-10-23T18:04:52.711+0800: 57.714: Total time for which application threads were stopped: 0.0001813 seconds, Stopping threads took: 0.0000770 seconds
2016-10-23T18:04:52.712+0800: 57.715: Total time for which application threads were stopped: 0.0000956 seconds, Stopping threads took: 0.0000094 seconds
{Heap before GC invocations=34 (full 1):
 par new generation   total 109248K, used 109248K [0x00000007a0000000, 0x00000007a8000000, 0x00000007a8000000)
  eden space 87424K, 100% used [0x00000007a0000000, 0x00000007a5560000, 0x00000007a5560000)
  from space 21824K, 100% used [0x00000007a5560000, 0x00000007a6ab0000, 0x00000007a6ab0000)
  to   space 21824K,   0% used [0x00000007a6ab0000, 0x00000007a6ab0000, 0x00000007a8000000)
 concurrent mark-sweep generation total 393216K, used 80353K [0x00000007a8000000, 0x00000007c0000000, 0x00000007c0000000)
 Metaspace       used 32979K, capacity 33468K, committed 33808K, reserved 1079296K
  class space    used 3844K, capacity 4003K, committed 4116K, reserved 1048576K
2016-10-23T18:04:52.743+0800: 57.746: [GC (Allocation Failure) 2016-10-23T18:04:52.743+0800: 57.746: [ParNew
Desired survivor size 20112992 bytes, new threshold 8 (max 8)
- age   1:    5749456 bytes,    5749456 total
- age   2:    3546200 bytes,    9295656 total
- age   3:    2472552 bytes,   11768208 total
- age   4:    1511720 bytes,   13279928 total
- age   5:    1031408 bytes,   14311336 total
- age   6:    3341072 bytes,   17652408 total
- age   7:    2054096 bytes,   19706504 total
: 109248K->21824K(109248K), 0.0151265 secs] 189601K->105965K(502464K), 0.0152666 secs] [Times: user=0.05 sys=0.00, real=0.01 secs] 
Heap after GC invocations=35 (full 1):
 par new generation   total 109248K, used 21824K [0x00000007a0000000, 0x00000007a8000000, 0x00000007a8000000)
  eden space 87424K,   0% used [0x00000007a0000000, 0x00000007a0000000, 0x00000007a5560000)
  from space 21824K, 100% used [0x00000007a6ab0000, 0x00000007a8000000, 0x00000007a8000000)
  to   space 21824K,   0% used [0x00000007a5560000, 0x00000007a5560000, 0x00000007a6ab0000)
 concurrent mark-sweep generation total 393216K, used 84141K [0x00000007a8000000, 0x00000007c0000000, 0x00000007c0000000)
 Metaspace       used 32979K, capacity 33468K, committed 33808K, reserved 1079296K
  class space    used 3844K, capacity 4003K, committed 4116K, reserved 1048576K
}
2016-10-23T18:04:52.758+0800: 57.762: Total time for which application threads were stopped: 0.0156066 seconds, Stopping threads took: 0.0001739 seconds
{Heap before GC invocations=35 (full 1):
 par new generation   total 109248K, used 109233K [0x00000007a0000000, 0x00000007a8000000, 0x00000007a8000000)
  eden space 87424K,  99% used [0x00000007a0000000, 0x00000007a555c5a0, 0x00000007a5560000)
  from space 21824K, 100% used [0x00000007a6ab0000, 0x00000007a8000000, 0x00000007a8000000)
  to   space 21824K,   0% used [0x00000007a5560000, 0x00000007a5560000, 0x00000007a6ab0000)
 concurrent mark-sweep generation total 393216K, used 84141K [0x00000007a8000000, 0x00000007c0000000, 0x00000007c0000000)
 Metaspace       used 32985K, capacity 33468K, committed 33808K, reserved 1079296K
  class space    used 3844K, capacity 4003K, committed 4116K, reserved 1048576K
2016-10-23T18:04:52.868+0800: 57.872: [GC (Allocation Failure) 2016-10-23T18:04:52.869+0800: 57.872: [ParNew
Desired survivor size 20112992 bytes, new threshold 8 (max 8)
- age   1:    2093064 bytes,    2093064 total
- age   2:    4789536 bytes,    6882600 total
- age   3:    3278848 bytes,   10161448 total
- age   4:    2381616 bytes,   12543064 total
- age   5:    1471792 bytes,   14014856 total
- age   6:    1001048 bytes,   15015904 total
- age   7:    3259096 bytes,   18275000 total
- age   8:    1889296 bytes,   20164296 total
: 109233K->21824K(109248K), 0.0106612 secs] 193375K->107447K(502464K), 0.0107549 secs] [Times: user=0.04 sys=0.00, real=0.01 secs] 
Heap after GC invocations=36 (full 1):
 par new generation   total 109248K, used 21824K [0x00000007a0000000, 0x00000007a8000000, 0x00000007a8000000)
  eden space 87424K,   0% used [0x00000007a0000000, 0x00000007a0000000, 0x00000007a5560000)
  from space 21824K, 100% used [0x00000007a5560000, 0x00000007a6ab0000, 0x00000007a6ab0000)
  to   space 21824K,   0% used [0x00000007a6ab0000, 0x00000007a6ab0000, 0x00000007a8000000)
 concurrent mark-sweep generation total 393216K, used 85623K [0x00000007a8000000, 0x00000007c0000000, 0x00000007c0000000)
 Metaspace       used 32985K, capacity 33468K, committed 33808K, reserved 1079296K
  class space    used 3844K, capacity 4003K, committed 4116K, reserved 1048576K
}
2016-10-23T18:04:52.879+0800: 57.882: Total time for which application threads were stopped: 0.0111342 seconds, Stopping threads took: 0.0000577 seconds
{Heap before GC invocations=36 (full 1):
 par new generation   total 109248K, used 109248K [0x00000007a0000000, 0x00000007a8000000, 0x00000007a8000000)
  eden space 87424K, 100% used [0x00000007a0000000, 0x00000007a5560000, 0x00000007a5560000)
  from space 21824K, 100% used [0x00000007a5560000, 0x00000007a6ab0000, 0x00000007a6ab0000)
  to   space 21824K,   0% used [0x00000007a6ab0000, 0x00000007a6ab0000, 0x00000007a8000000)
 concurrent mark-sweep generation total 393216K, used 85623K [0x00000007a8000000, 0x00000007c0000000, 0x00000007c0000000)
 Metaspace       used 32997K, capacity 33474K, committed 33808K, reserved 1079296K
  class space    used 3844K, capacity 4004K, committed 4116K, reserved 1048576K
2016-10-23T18:04:53.051+0800: 58.054: [GC (Allocation Failure) 2016-10-23T18:04:53.051+0800: 58.055: [ParNew
Desired survivor size 20112992 bytes, new threshold 8 (max 8)
- age   1:    3378840 bytes,    3378840 total
- age   2:    1156856 bytes,    4535696 total
- age   3:    3728208 bytes,    8263904 total
- age   4:    1757408 bytes,   10021312 total
- age   5:    1795824 bytes,   11817136 total
- age   6:    1092760 bytes,   12909896 total
- age   7:     756112 bytes,   13666008 total
- age   8:    3162048 bytes,   16828056 total
: 109248K->21824K(109248K), 0.0069556 secs] 194871K->111244K(502464K), 0.0070274 secs] [Times: user=0.02 sys=0.00, real=0.00 secs] 
Heap after GC invocations=37 (full 1):
 par new generation   total 109248K, used 21824K [0x00000007a0000000, 0x00000007a8000000, 0x00000007a8000000)
  eden space 87424K,   0% used [0x00000007a0000000, 0x00000007a0000000, 0x00000007a5560000)
  from space 21824K, 100% used [0x00000007a6ab0000, 0x00000007a8000000, 0x00000007a8000000)
  to   space 21824K,   0% used [0x00000007a5560000, 0x00000007a5560000, 0x00000007a6ab0000)
 concurrent mark-sweep generation total 393216K, used 89420K [0x00000007a8000000, 0x00000007c0000000, 0x00000007c0000000)
 Metaspace       used 32997K, capacity 33474K, committed 33808K, reserved 1079296K
  class space    used 3844K, capacity 4004K, committed 4116K, reserved 1048576K
}
2016-10-23T18:04:53.058+0800: 58.062: Total time for which application threads were stopped: 0.0072674 seconds, Stopping threads took: 0.0000310 seconds
{Heap before GC invocations=37 (full 1):
 par new generation   total 109248K, used 109248K [0x00000007a0000000, 0x00000007a8000000, 0x00000007a8000000)
  eden space 87424K, 100% used [0x00000007a0000000, 0x00000007a5560000, 0x00000007a5560000)
  from space 21824K, 100% used [0x00000007a6ab0000, 0x00000007a8000000, 0x00000007a8000000)
  to   space 21824K,   0% used [0x00000007a5560000, 0x00000007a5560000, 0x00000007a6ab0000)
 concurrent mark-sweep generation total 393216K, used 89420K [0x00000007a8000000, 0x00000007c0000000, 0x00000007c0000000)
 Metaspace       used 32997K, capacity 33474K, committed 33808K, reserved 1079296K
  class space    used 3844K, capacity 4004K, committed 4116K, reserved 1048576K
2016-10-23T18:04:53.292+0800: 58.295: [GC (Allocation Failure) 2016-10-23T18:04:53.292+0800: 58.295: [ParNew
Desired survivor size 20112992 bytes, new threshold 8 (max 8)
- age   1:    4658536 bytes,    4658536 total
- age   2:    1649448 bytes,    6307984 total
- age   3:    1009408 bytes,    7317392 total
- age   4:    3924544 bytes,   11241936 total
- age   5:    1756920 bytes,   12998856 total
- age   6:    1795320 bytes,   14794176 total
- age   7:    1092040 bytes,   15886216 total
- age   8:     755800 bytes,   16642016 total
: 109248K->21824K(109248K), 0.0082540 secs] 198668K->115749K(502464K), 0.0083329 secs] [Times: user=0.02 sys=0.00, real=0.01 secs] 
Heap after GC invocations=38 (full 1):
 par new generation   total 109248K, used 21824K [0x00000007a0000000, 0x00000007a8000000, 0x00000007a8000000)
  eden space 87424K,   0% used [0x00000007a0000000, 0x00000007a0000000, 0x00000007a5560000)
  from space 21824K, 100% used [0x00000007a5560000, 0x00000007a6ab0000, 0x00000007a6ab0000)
  to   space 21824K,   0% used [0x00000007a6ab0000, 0x00000007a6ab0000, 0x00000007a8000000)
 concurrent mark-sweep generation total 393216K, used 93925K [0x00000007a8000000, 0x00000007c0000000, 0x00000007c0000000)
 Metaspace       used 32997K, capacity 33474K, committed 33808K, reserved 1079296K
  class space    used 3844K, capacity 4004K, committed 4116K, reserved 1048576K
}
2016-10-23T18:04:53.301+0800: 58.304: Total time for which application threads were stopped: 0.0085117 seconds, Stopping threads took: 0.0000236 seconds
{Heap before GC invocations=38 (full 1):
 par new generation   total 109248K, used 109248K [0x00000007a0000000, 0x00000007a8000000, 0x00000007a8000000)
  eden space 87424K, 100% used [0x00000007a0000000, 0x00000007a5560000, 0x00000007a5560000)
  from space 21824K, 100% used [0x00000007a5560000, 0x00000007a6ab0000, 0x00000007a6ab0000)
  to   space 21824K,   0% used [0x00000007a6ab0000, 0x00000007a6ab0000, 0x00000007a8000000)
 concurrent mark-sweep generation total 393216K, used 93925K [0x00000007a8000000, 0x00000007c0000000, 0x00000007c0000000)
 Metaspace       used 32997K, capacity 33474K, committed 33808K, reserved 1079296K
  class space    used 3844K, capacity 4004K, committed 4116K, reserved 1048576K
2016-10-23T18:04:53.541+0800: 58.544: [GC (Allocation Failure) 2016-10-23T18:04:53.541+0800: 58.544: [ParNew
Desired survivor size 20112992 bytes, new threshold 8 (max 8)
- age   1:    5813032 bytes,    5813032 total
- age   2:    2028048 bytes,    7841080 total
- age   3:    1570704 bytes,    9411784 total
- age   4:    1007808 bytes,   10419592 total
- age   5:    3727840 bytes,   14147432 total
- age   6:    1756920 bytes,   15904352 total
- age   7:    1795320 bytes,   17699672 total
- age   8:    1092040 bytes,   18791712 total
: 109248K->21824K(109248K), 0.0077851 secs] 203173K->117257K(502464K), 0.0078708 secs] [Times: user=0.03 sys=0.00, real=0.00 secs] 
Heap after GC invocations=39 (full 1):
 par new generation   total 109248K, used 21824K [0x00000007a0000000, 0x00000007a8000000, 0x00000007a8000000)
  eden space 87424K,   0% used [0x00000007a0000000, 0x00000007a0000000, 0x00000007a5560000)
  from space 21824K, 100% used [0x00000007a6ab0000, 0x00000007a8000000, 0x00000007a8000000)
  to   space 21824K,   0% used [0x00000007a5560000, 0x00000007a5560000, 0x00000007a6ab0000)
 concurrent mark-sweep generation total 393216K, used 95433K [0x00000007a8000000, 0x00000007c0000000, 0x00000007c0000000)
 Metaspace       used 32997K, capacity 33474K, committed 33808K, reserved 1079296K
  class space    used 3844K, capacity 4004K, committed 4116K, reserved 1048576K
}
2016-10-23T18:04:53.549+0800: 58.552: Total time for which application threads were stopped: 0.0080622 seconds, Stopping threads took: 0.0000267 seconds
2016-10-23T18:04:53.649+0800: 58.652: Total time for which application threads were stopped: 0.0001643 seconds, Stopping threads took: 0.0000558 seconds
2016-10-23T18:04:53.685+0800: 58.688: Total time for which application threads were stopped: 0.0001698 seconds, Stopping threads took: 0.0000686 seconds
2016-10-23T18:04:53.685+0800: 58.688: Total time for which application threads were stopped: 0.0000778 seconds, Stopping threads took: 0.0000092 seconds
{Heap before GC invocations=39 (full 1):
 par new generation   total 109248K, used 109248K [0x00000007a0000000, 0x00000007a8000000, 0x00000007a8000000)
  eden space 87424K, 100% used [0x00000007a0000000, 0x00000007a5560000, 0x00000007a5560000)
  from space 21824K, 100% used [0x00000007a6ab0000, 0x00000007a8000000, 0x00000007a8000000)
  to   space 21824K,   0% used [0x00000007a5560000, 0x00000007a5560000, 0x00000007a6ab0000)
 concurrent mark-sweep generation total 393216K, used 95433K [0x00000007a8000000, 0x00000007c0000000, 0x00000007c0000000)
 Metaspace       used 33002K, capacity 33474K, committed 33808K, reserved 1079296K
  class space    used 3844K, capacity 4004K, committed 4116K, reserved 1048576K
2016-10-23T18:04:53.745+0800: 58.748: [GC (Allocation Failure) 2016-10-23T18:04:53.745+0800: 58.748: [ParNew
Desired survivor size 20112992 bytes, new threshold 8 (max 8)
- age   1:    7315856 bytes,    7315856 total
- age   2:    2899160 bytes,   10215016 total
- age   3:    1520592 bytes,   11735608 total
- age   4:    1386904 bytes,   13122512 total
- age   5:     946992 bytes,   14069504 total
- age   6:    3006392 bytes,   17075896 total
- age   7:    1756920 bytes,   18832816 total
- age   8:    1795320 bytes,   20628136 total
: 109248K->21824K(109248K), 0.0075345 secs] 204681K->118751K(502464K), 0.0075963 secs] [Times: user=0.02 sys=0.00, real=0.01 secs] 
Heap after GC invocations=40 (full 1):
 par new generation   total 109248K, used 21824K [0x00000007a0000000, 0x00000007a8000000, 0x00000007a8000000)
  eden space 87424K,   0% used [0x00000007a0000000, 0x00000007a0000000, 0x00000007a5560000)
  from space 21824K, 100% used [0x00000007a5560000, 0x00000007a6ab0000, 0x00000007a6ab0000)
  to   space 21824K,   0% used [0x00000007a6ab0000, 0x00000007a6ab0000, 0x00000007a8000000)
 concurrent mark-sweep generation total 393216K, used 96927K [0x00000007a8000000, 0x00000007c0000000, 0x00000007c0000000)
 Metaspace       used 33002K, capacity 33474K, committed 33808K, reserved 1079296K
  class space    used 3844K, capacity 4004K, committed 4116K, reserved 1048576K
}
2016-10-23T18:04:53.752+0800: 58.755: Total time for which application threads were stopped: 0.0077604 seconds, Stopping threads took: 0.0000222 seconds
{Heap before GC invocations=40 (full 1):
 par new generation   total 109248K, used 109248K [0x00000007a0000000, 0x00000007a8000000, 0x00000007a8000000)
  eden space 87424K, 100% used [0x00000007a0000000, 0x00000007a5560000, 0x00000007a5560000)
  from space 21824K, 100% used [0x00000007a5560000, 0x00000007a6ab0000, 0x00000007a6ab0000)
  to   space 21824K,   0% used [0x00000007a6ab0000, 0x00000007a6ab0000, 0x00000007a8000000)
 concurrent mark-sweep generation total 393216K, used 96927K [0x00000007a8000000, 0x00000007c0000000, 0x00000007c0000000)
 Metaspace       used 33002K, capacity 33474K, committed 33808K, reserved 1079296K
  class space    used 3844K, capacity 4004K, committed 4116K, reserved 1048576K
2016-10-23T18:04:53.822+0800: 58.825: [GC (Allocation Failure) 2016-10-23T18:04:53.822+0800: 58.825: [ParNew
Desired survivor size 20112992 bytes, new threshold 8 (max 8)
- age   1:    1964424 bytes,    1964424 total
- age   2:    6103744 bytes,    8068168 total
- age   3:    2962592 bytes,   11030760 total
- age   4:    1483632 bytes,   12514392 total
- age   5:    1339072 bytes,   13853464 total
- age   6:     917064 bytes,   14770528 total
- age   7:    2937064 bytes,   17707592 total
- age   8:    1625784 bytes,   19333376 total
: 109248K->21824K(109248K), 0.0082821 secs] 206175K->121528K(502464K), 0.0083585 secs] [Times: user=0.02 sys=0.00, real=0.01 secs] 
Heap after GC invocations=41 (full 1):
 par new generation   total 109248K, used 21824K [0x00000007a0000000, 0x00000007a8000000, 0x00000007a8000000)
  eden space 87424K,   0% used [0x00000007a0000000, 0x00000007a0000000, 0x00000007a5560000)
  from space 21824K, 100% used [0x00000007a6ab0000, 0x00000007a8000000, 0x00000007a8000000)
  to   space 21824K,   0% used [0x00000007a5560000, 0x00000007a5560000, 0x00000007a6ab0000)
 concurrent mark-sweep generation total 393216K, used 99704K [0x00000007a8000000, 0x00000007c0000000, 0x00000007c0000000)
 Metaspace       used 33002K, capacity 33474K, committed 33808K, reserved 1079296K
  class space    used 3844K, capacity 4004K, committed 4116K, reserved 1048576K
}
2016-10-23T18:04:53.831+0800: 58.834: Total time for which application threads were stopped: 0.0085551 seconds, Stopping threads took: 0.0000237 seconds
{Heap before GC invocations=41 (full 1):
 par new generation   total 109248K, used 109248K [0x00000007a0000000, 0x00000007a8000000, 0x00000007a8000000)
  eden space 87424K, 100% used [0x00000007a0000000, 0x00000007a5560000, 0x00000007a5560000)
  from space 21824K, 100% used [0x00000007a6ab0000, 0x00000007a8000000, 0x00000007a8000000)
  to   space 21824K,   0% used [0x00000007a5560000, 0x00000007a5560000, 0x00000007a6ab0000)
 concurrent mark-sweep generation total 393216K, used 99704K [0x00000007a8000000, 0x00000007c0000000, 0x00000007c0000000)
 Metaspace       used 33006K, capacity 33474K, committed 33808K, reserved 1079296K
  class space    used 3844K, capacity 4004K, committed 4116K, reserved 1048576K
2016-10-23T18:04:54.043+0800: 59.046: [GC (Allocation Failure) 2016-10-23T18:04:54.043+0800: 59.047: [ParNew
Desired survivor size 20112992 bytes, new threshold 8 (max 8)
- age   1:    4222136 bytes,    4222136 total
- age   2:     783416 bytes,    5005552 total
- age   3:    4614432 bytes,    9619984 total
- age   4:    2368008 bytes,   11987992 total
- age   5:     957456 bytes,   12945448 total
- age   6:     990576 bytes,   13936024 total
- age   7:     720136 bytes,   14656160 total
- age   8:    2830312 bytes,   17486472 total
: 109248K->21824K(109248K), 0.0078986 secs] 208952K->125125K(502464K), 0.0079818 secs] [Times: user=0.03 sys=0.00, real=0.01 secs] 
Heap after GC invocations=42 (full 1):
 par new generation   total 109248K, used 21824K [0x00000007a0000000, 0x00000007a8000000, 0x00000007a8000000)
  eden space 87424K,   0% used [0x00000007a0000000, 0x00000007a0000000, 0x00000007a5560000)
  from space 21824K, 100% used [0x00000007a5560000, 0x00000007a6ab0000, 0x00000007a6ab0000)
  to   space 21824K,   0% used [0x00000007a6ab0000, 0x00000007a6ab0000, 0x00000007a8000000)
 concurrent mark-sweep generation total 393216K, used 103301K [0x00000007a8000000, 0x00000007c0000000, 0x00000007c0000000)
 Metaspace       used 33006K, capacity 33474K, committed 33808K, reserved 1079296K
  class space    used 3844K, capacity 4004K, committed 4116K, reserved 1048576K
}
2016-10-23T18:04:54.051+0800: 59.055: Total time for which application threads were stopped: 0.0081702 seconds, Stopping threads took: 0.0000251 seconds
{Heap before GC invocations=42 (full 1):
 par new generation   total 109248K, used 109248K [0x00000007a0000000, 0x00000007a8000000, 0x00000007a8000000)
  eden space 87424K, 100% used [0x00000007a0000000, 0x00000007a5560000, 0x00000007a5560000)
  from space 21824K, 100% used [0x00000007a5560000, 0x00000007a6ab0000, 0x00000007a6ab0000)
  to   space 21824K,   0% used [0x00000007a6ab0000, 0x00000007a6ab0000, 0x00000007a8000000)
 concurrent mark-sweep generation total 393216K, used 103301K [0x00000007a8000000, 0x00000007c0000000, 0x00000007c0000000)
 Metaspace       used 33006K, capacity 33474K, committed 33808K, reserved 1079296K
  class space    used 3844K, capacity 4004K, committed 4116K, reserved 1048576K
2016-10-23T18:04:54.282+0800: 59.285: [GC (Allocation Failure) 2016-10-23T18:04:54.282+0800: 59.285: [ParNew
Desired survivor size 20112992 bytes, new threshold 8 (max 8)
- age   1:    5309488 bytes,    5309488 total
- age   2:    2911408 bytes,    8220896 total
- age   3:     723224 bytes,    8944120 total
- age   4:    4570528 bytes,   13514648 total
- age   5:    2499096 bytes,   16013744 total
- age   6:     957456 bytes,   16971200 total
- age   7:     990128 bytes,   17961328 total
- age   8:     720136 bytes,   18681464 total
: 109248K->21824K(109248K), 0.0075536 secs] 212549K->128086K(502464K), 0.0076199 secs] [Times: user=0.02 sys=0.00, real=0.00 secs] 
Heap after GC invocations=43 (full 1):
 par new generation   total 109248K, used 21824K [0x00000007a0000000, 0x00000007a8000000, 0x00000007a8000000)
  eden space 87424K,   0% used [0x00000007a0000000, 0x00000007a0000000, 0x00000007a5560000)
  from space 21824K, 100% used [0x00000007a6ab0000, 0x00000007a8000000, 0x00000007a8000000)
  to   space 21824K,   0% used [0x00000007a5560000, 0x00000007a5560000, 0x00000007a6ab0000)
 concurrent mark-sweep generation total 393216K, used 106262K [0x00000007a8000000, 0x00000007c0000000, 0x00000007c0000000)
 Metaspace       used 33006K, capacity 33474K, committed 33808K, reserved 1079296K
  class space    used 3844K, capacity 4004K, committed 4116K, reserved 1048576K
}
2016-10-23T18:04:54.289+0800: 59.292: Total time for which application threads were stopped: 0.0077872 seconds, Stopping threads took: 0.0000305 seconds
{Heap before GC invocations=43 (full 1):
 par new generation   total 109248K, used 109248K [0x00000007a0000000, 0x00000007a8000000, 0x00000007a8000000)
  eden space 87424K, 100% used [0x00000007a0000000, 0x00000007a5560000, 0x00000007a5560000)
  from space 21824K, 100% used [0x00000007a6ab0000, 0x00000007a8000000, 0x00000007a8000000)
  to   space 21824K,   0% used [0x00000007a5560000, 0x00000007a5560000, 0x00000007a6ab0000)
 concurrent mark-sweep generation total 393216K, used 106262K [0x00000007a8000000, 0x00000007c0000000, 0x00000007c0000000)
 Metaspace       used 33006K, capacity 33474K, committed 33808K, reserved 1079296K
  class space    used 3844K, capacity 4004K, committed 4116K, reserved 1048576K
2016-10-23T18:04:54.531+0800: 59.534: [GC (Allocation Failure) 2016-10-23T18:04:54.531+0800: 59.534: [ParNew
Desired survivor size 20112992 bytes, new threshold 8 (max 8)
- age   1:    6850336 bytes,    6850336 total
- age   2:    2535920 bytes,    9386256 total
- age   3:    2183440 bytes,   11569696 total
- age   4:     667304 bytes,   12237000 total
- age   5:    3868144 bytes,   16105144 total
- age   6:    2368008 bytes,   18473152 total
- age   7:     957456 bytes,   19430608 total
- age   8:     990128 bytes,   20420736 total
: 109248K->21824K(109248K), 0.0091469 secs] 215510K->130639K(502464K), 0.0092218 secs] [Times: user=0.03 sys=0.00, real=0.01 secs] 
Heap after GC invocations=44 (full 1):
 par new generation   total 109248K, used 21824K [0x00000007a0000000, 0x00000007a8000000, 0x00000007a8000000)
  eden space 87424K,   0% used [0x00000007a0000000, 0x00000007a0000000, 0x00000007a5560000)
  from space 21824K, 100% used [0x00000007a5560000, 0x00000007a6ab0000, 0x00000007a6ab0000)
  to   space 21824K,   0% used [0x00000007a6ab0000, 0x00000007a6ab0000, 0x00000007a8000000)
 concurrent mark-sweep generation total 393216K, used 108815K [0x00000007a8000000, 0x00000007c0000000, 0x00000007c0000000)
 Metaspace       used 33006K, capacity 33474K, committed 33808K, reserved 1079296K
  class space    used 3844K, capacity 4004K, committed 4116K, reserved 1048576K
}
2016-10-23T18:04:54.541+0800: 59.544: Total time for which application threads were stopped: 0.0094019 seconds, Stopping threads took: 0.0000249 seconds
2016-10-23T18:04:54.650+0800: 59.653: Total time for which application threads were stopped: 0.0001275 seconds, Stopping threads took: 0.0000216 seconds
2016-10-23T18:04:54.691+0800: 59.694: Total time for which application threads were stopped: 0.0002512 seconds, Stopping threads took: 0.0000696 seconds
2016-10-23T18:04:54.691+0800: 59.694: Total time for which application threads were stopped: 0.0001127 seconds, Stopping threads took: 0.0000465 seconds
{Heap before GC invocations=44 (full 1):
 par new generation   total 109248K, used 109248K [0x00000007a0000000, 0x00000007a8000000, 0x00000007a8000000)
  eden space 87424K, 100% used [0x00000007a0000000, 0x00000007a5560000, 0x00000007a5560000)
  from space 21824K, 100% used [0x00000007a5560000, 0x00000007a6ab0000, 0x00000007a6ab0000)
  to   space 21824K,   0% used [0x00000007a6ab0000, 0x00000007a6ab0000, 0x00000007a8000000)
 concurrent mark-sweep generation total 393216K, used 108815K [0x00000007a8000000, 0x00000007c0000000, 0x00000007c0000000)
 Metaspace       used 33009K, capacity 33474K, committed 33808K, reserved 1079296K
  class space    used 3844K, capacity 4004K, committed 4116K, reserved 1048576K
2016-10-23T18:04:54.743+0800: 59.746: [GC (Allocation Failure) 2016-10-23T18:04:54.743+0800: 59.746: [ParNew
Desired survivor size 20112992 bytes, new threshold 7 (max 8)
- age   1:    7028584 bytes,    7028584 total
- age   2:    3755704 bytes,   10784288 total
- age   3:    2277424 bytes,   13061712 total
- age   4:    2023368 bytes,   15085080 total
- age   5:     631112 bytes,   15716192 total
- age   6:    3493072 bytes,   19209264 total
- age   7:    1502720 bytes,   20711984 total
- age   8:     815592 bytes,   21527576 total
: 109248K->21824K(109248K), 0.0101579 secs] 218063K->133566K(502464K), 0.0102330 secs] [Times: user=0.03 sys=0.00, real=0.01 secs] 
Heap after GC invocations=45 (full 1):
 par new generation   total 109248K, used 21824K [0x00000007a0000000, 0x00000007a8000000, 0x00000007a8000000)
  eden space 87424K,   0% used [0x00000007a0000000, 0x00000007a0000000, 0x00000007a5560000)
  from space 21824K, 100% used [0x00000007a6ab0000, 0x00000007a8000000, 0x00000007a8000000)
  to   space 21824K,   0% used [0x00000007a5560000, 0x00000007a5560000, 0x00000007a6ab0000)
 concurrent mark-sweep generation total 393216K, used 111742K [0x00000007a8000000, 0x00000007c0000000, 0x00000007c0000000)
 Metaspace       used 33009K, capacity 33474K, committed 33808K, reserved 1079296K
  class space    used 3844K, capacity 4004K, committed 4116K, reserved 1048576K
}
2016-10-23T18:04:54.754+0800: 59.757: Total time for which application threads were stopped: 0.0104811 seconds, Stopping threads took: 0.0000820 seconds
{Heap before GC invocations=45 (full 1):
 par new generation   total 109248K, used 109248K [0x00000007a0000000, 0x00000007a8000000, 0x00000007a8000000)
  eden space 87424K, 100% used [0x00000007a0000000, 0x00000007a5560000, 0x00000007a5560000)
  from space 21824K, 100% used [0x00000007a6ab0000, 0x00000007a8000000, 0x00000007a8000000)
  to   space 21824K,   0% used [0x00000007a5560000, 0x00000007a5560000, 0x00000007a6ab0000)
 concurrent mark-sweep generation total 393216K, used 111742K [0x00000007a8000000, 0x00000007c0000000, 0x00000007c0000000)
 Metaspace       used 33010K, capacity 33474K, committed 33808K, reserved 1079296K
  class space    used 3844K, capacity 4004K, committed 4116K, reserved 1048576K
2016-10-23T18:04:54.831+0800: 59.835: [GC (Allocation Failure) 2016-10-23T18:04:54.831+0800: 59.835: [ParNew
Desired survivor size 20112992 bytes, new threshold 8 (max 8)
- age   1:    1808472 bytes,    1808472 total
- age   2:    5753728 bytes,    7562200 total
- age   3:    3652856 bytes,   11215056 total
- age   4:    2188456 bytes,   13403512 total
- age   5:    1900360 bytes,   15303872 total
- age   6:     607584 bytes,   15911456 total
- age   7:    3314472 bytes,   19225928 total
: 109248K->21824K(109248K), 0.0080899 secs] 220990K->137292K(502464K), 0.0081480 secs] [Times: user=0.02 sys=0.00, real=0.00 secs] 
Heap after GC invocations=46 (full 1):
 par new generation   total 109248K, used 21824K [0x00000007a0000000, 0x00000007a8000000, 0x00000007a8000000)
  eden space 87424K,   0% used [0x00000007a0000000, 0x00000007a0000000, 0x00000007a5560000)
  from space 21824K, 100% used [0x00000007a5560000, 0x00000007a6ab0000, 0x00000007a6ab0000)
  to   space 21824K,   0% used [0x00000007a6ab0000, 0x00000007a6ab0000, 0x00000007a8000000)
 concurrent mark-sweep generation total 393216K, used 115468K [0x00000007a8000000, 0x00000007c0000000, 0x00000007c0000000)
 Metaspace       used 33010K, capacity 33474K, committed 33808K, reserved 1079296K
  class space    used 3844K, capacity 4004K, committed 4116K, reserved 1048576K
}
2016-10-23T18:04:54.840+0800: 59.843: Total time for which application threads were stopped: 0.0084023 seconds, Stopping threads took: 0.0000908 seconds
{Heap before GC invocations=46 (full 1):
 par new generation   total 109248K, used 109248K [0x00000007a0000000, 0x00000007a8000000, 0x00000007a8000000)
  eden space 87424K, 100% used [0x00000007a0000000, 0x00000007a5560000, 0x00000007a5560000)
  from space 21824K, 100% used [0x00000007a5560000, 0x00000007a6ab0000, 0x00000007a6ab0000)
  to   space 21824K,   0% used [0x00000007a6ab0000, 0x00000007a6ab0000, 0x00000007a8000000)
 concurrent mark-sweep generation total 393216K, used 115468K [0x00000007a8000000, 0x00000007c0000000, 0x00000007c0000000)
 Metaspace       used 33015K, capacity 33474K, committed 33808K, reserved 1079296K
  class space    used 3844K, capacity 4004K, committed 4116K, reserved 1048576K
2016-10-23T18:04:55.012+0800: 60.015: [GC (Allocation Failure) 2016-10-23T18:04:55.012+0800: 60.015: [ParNew
Desired survivor size 20112992 bytes, new threshold 8 (max 8)
- age   1:    2861768 bytes,    2861768 total
- age   2:     489768 bytes,    3351536 total
- age   3:    4563808 bytes,    7915344 total
- age   4:    3050320 bytes,   10965664 total
- age   5:    1755704 bytes,   12721368 total
- age   6:    1618480 bytes,   14339848 total
- age   7:     519240 bytes,   14859088 total
- age   8:    2856320 bytes,   17715408 total
: 109248K->21824K(109248K), 0.0075458 secs] 224716K->140144K(502464K), 0.0076150 secs] [Times: user=0.03 sys=0.00, real=0.00 secs] 
Heap after GC invocations=47 (full 1):
 par new generation   total 109248K, used 21824K [0x00000007a0000000, 0x00000007a8000000, 0x00000007a8000000)
  eden space 87424K,   0% used [0x00000007a0000000, 0x00000007a0000000, 0x00000007a5560000)
  from space 21824K, 100% used [0x00000007a6ab0000, 0x00000007a8000000, 0x00000007a8000000)
  to   space 21824K,   0% used [0x00000007a5560000, 0x00000007a5560000, 0x00000007a6ab0000)
 concurrent mark-sweep generation total 393216K, used 118320K [0x00000007a8000000, 0x00000007c0000000, 0x00000007c0000000)
 Metaspace       used 33015K, capacity 33474K, committed 33808K, reserved 1079296K
  class space    used 3844K, capacity 4004K, committed 4116K, reserved 1048576K
}
2016-10-23T18:04:55.019+0800: 60.023: Total time for which application threads were stopped: 0.0077981 seconds, Stopping threads took: 0.0000226 seconds
{Heap before GC invocations=47 (full 1):
 par new generation   total 109248K, used 109248K [0x00000007a0000000, 0x00000007a8000000, 0x00000007a8000000)
  eden space 87424K, 100% used [0x00000007a0000000, 0x00000007a5560000, 0x00000007a5560000)
  from space 21824K, 100% used [0x00000007a6ab0000, 0x00000007a8000000, 0x00000007a8000000)
  to   space 21824K,   0% used [0x00000007a5560000, 0x00000007a5560000, 0x00000007a6ab0000)
 concurrent mark-sweep generation total 393216K, used 118320K [0x00000007a8000000, 0x00000007c0000000, 0x00000007c0000000)
 Metaspace       used 33017K, capacity 33474K, committed 33808K, reserved 1079296K
  class space    used 3844K, capacity 4004K, committed 4116K, reserved 1048576K
2016-10-23T18:04:55.307+0800: 60.311: [GC (Allocation Failure) 2016-10-23T18:04:55.307+0800: 60.311: [ParNew
Desired survivor size 20112992 bytes, new threshold 8 (max 8)
- age   1:    5354912 bytes,    5354912 total
- age   2:    1602664 bytes,    6957576 total
- age   3:     307816 bytes,    7265392 total
- age   4:    4513744 bytes,   11779136 total
- age   5:    3050224 bytes,   14829360 total
- age   6:    1755656 bytes,   16585016 total
- age   7:    1618368 bytes,   18203384 total
- age   8:     519240 bytes,   18722624 total
: 109248K->21824K(109248K), 0.0075437 secs] 227568K->143471K(502464K), 0.0075933 secs] [Times: user=0.02 sys=0.01, real=0.01 secs] 
Heap after GC invocations=48 (full 1):
 par new generation   total 109248K, used 21824K [0x00000007a0000000, 0x00000007a8000000, 0x00000007a8000000)
  eden space 87424K,   0% used [0x00000007a0000000, 0x00000007a0000000, 0x00000007a5560000)
  from space 21824K, 100% used [0x00000007a5560000, 0x00000007a6ab0000, 0x00000007a6ab0000)
  to   space 21824K,   0% used [0x00000007a6ab0000, 0x00000007a6ab0000, 0x00000007a8000000)
 concurrent mark-sweep generation total 393216K, used 121647K [0x00000007a8000000, 0x00000007c0000000, 0x00000007c0000000)
 Metaspace       used 33017K, capacity 33474K, committed 33808K, reserved 1079296K
  class space    used 3844K, capacity 4004K, committed 4116K, reserved 1048576K
}
2016-10-23T18:04:55.315+0800: 60.318: Total time for which application threads were stopped: 0.0078154 seconds, Stopping threads took: 0.0000193 seconds
2016-10-23T18:04:55.369+0800: 60.372: Total time for which application threads were stopped: 0.0001457 seconds, Stopping threads took: 0.0000356 seconds
2016-10-23T18:04:55.369+0800: 60.372: Total time for which application threads were stopped: 0.0000977 seconds, Stopping threads took: 0.0000228 seconds
2016-10-23T18:04:55.369+0800: 60.372: Total time for which application threads were stopped: 0.0000659 seconds, Stopping threads took: 0.0000074 seconds
2016-10-23T18:04:55.370+0800: 60.373: Total time for which application threads were stopped: 0.0001487 seconds, Stopping threads took: 0.0000746 seconds
2016-10-23T18:04:55.374+0800: 60.377: Total time for which application threads were stopped: 0.0001238 seconds, Stopping threads took: 0.0000583 seconds
2016-10-23T18:04:55.374+0800: 60.378: Total time for which application threads were stopped: 0.0001050 seconds, Stopping threads took: 0.0000443 seconds
2016-10-23T18:04:55.375+0800: 60.378: Total time for which application threads were stopped: 0.0000743 seconds, Stopping threads took: 0.0000215 seconds
2016-10-23T18:04:55.375+0800: 60.378: Total time for which application threads were stopped: 0.0000748 seconds, Stopping threads took: 0.0000260 seconds
2016-10-23T18:04:55.376+0800: 60.379: Total time for which application threads were stopped: 0.0001450 seconds, Stopping threads took: 0.0000795 seconds
2016-10-23T18:04:55.376+0800: 60.379: Total time for which application threads were stopped: 0.0001185 seconds, Stopping threads took: 0.0000603 seconds
2016-10-23T18:04:55.376+0800: 60.380: Total time for which application threads were stopped: 0.0001318 seconds, Stopping threads took: 0.0000689 seconds
2016-10-23T18:04:55.377+0800: 60.380: Total time for which application threads were stopped: 0.0000915 seconds, Stopping threads took: 0.0000372 seconds
2016-10-23T18:04:55.377+0800: 60.380: Total time for which application threads were stopped: 0.0000954 seconds, Stopping threads took: 0.0000354 seconds
2016-10-23T18:04:55.377+0800: 60.381: Total time for which application threads were stopped: 0.0001573 seconds, Stopping threads took: 0.0000835 seconds
2016-10-23T18:04:55.378+0800: 60.381: Total time for which application threads were stopped: 0.0000876 seconds, Stopping threads took: 0.0000354 seconds
2016-10-23T18:04:55.378+0800: 60.381: Total time for which application threads were stopped: 0.0001123 seconds, Stopping threads took: 0.0000559 seconds
2016-10-23T18:04:55.378+0800: 60.382: Total time for which application threads were stopped: 0.0000709 seconds, Stopping threads took: 0.0000205 seconds
2016-10-23T18:04:55.379+0800: 60.382: Total time for which application threads were stopped: 0.0000920 seconds, Stopping threads took: 0.0000506 seconds
2016-10-23T18:04:55.379+0800: 60.382: Total time for which application threads were stopped: 0.0001012 seconds, Stopping threads took: 0.0000112 seconds
2016-10-23T18:04:55.379+0800: 60.383: Total time for which application threads were stopped: 0.0000903 seconds, Stopping threads took: 0.0000352 seconds
2016-10-23T18:04:55.380+0800: 60.383: Total time for which application threads were stopped: 0.0001102 seconds, Stopping threads took: 0.0000504 seconds
2016-10-23T18:04:55.380+0800: 60.383: Total time for which application threads were stopped: 0.0001087 seconds, Stopping threads took: 0.0000307 seconds
2016-10-23T18:04:55.380+0800: 60.384: Total time for which application threads were stopped: 0.0001013 seconds, Stopping threads took: 0.0000576 seconds
2016-10-23T18:04:55.381+0800: 60.384: Total time for which application threads were stopped: 0.0001637 seconds, Stopping threads took: 0.0000469 seconds
2016-10-23T18:04:55.406+0800: 60.409: Total time for which application threads were stopped: 0.0002040 seconds, Stopping threads took: 0.0000836 seconds
2016-10-23T18:04:55.424+0800: 60.427: Total time for which application threads were stopped: 0.0002306 seconds, Stopping threads took: 0.0000813 seconds
2016-10-23T18:04:55.443+0800: 60.446: Total time for which application threads were stopped: 0.0000838 seconds, Stopping threads took: 0.0000133 seconds
2016-10-23T18:04:55.443+0800: 60.446: Total time for which application threads were stopped: 0.0000596 seconds, Stopping threads took: 0.0000079 seconds
2016-10-23T18:04:55.461+0800: 60.464: Total time for which application threads were stopped: 0.0001898 seconds, Stopping threads took: 0.0000664 seconds
{Heap before GC invocations=48 (full 1):
 par new generation   total 109248K, used 109248K [0x00000007a0000000, 0x00000007a8000000, 0x00000007a8000000)
  eden space 87424K, 100% used [0x00000007a0000000, 0x00000007a5560000, 0x00000007a5560000)
  from space 21824K, 100% used [0x00000007a5560000, 0x00000007a6ab0000, 0x00000007a6ab0000)
  to   space 21824K,   0% used [0x00000007a6ab0000, 0x00000007a6ab0000, 0x00000007a8000000)
 concurrent mark-sweep generation total 393216K, used 121647K [0x00000007a8000000, 0x00000007c0000000, 0x00000007c0000000)
 Metaspace       used 33020K, capacity 33474K, committed 33808K, reserved 1079296K
  class space    used 3844K, capacity 4004K, committed 4116K, reserved 1048576K
2016-10-23T18:04:55.492+0800: 60.495: [GC (Allocation Failure) 2016-10-23T18:04:55.492+0800: 60.495: [ParNew
Desired survivor size 20112992 bytes, new threshold 8 (max 8)
- age   1:    7638792 bytes,    7638792 total
- age   2:    2836000 bytes,   10474792 total
- age   3:    1602184 bytes,   12076976 total
- age   4:     307784 bytes,   12384760 total
- age   5:    4227864 bytes,   16612624 total
- age   6:    2358640 bytes,   18971264 total
- age   7:     411488 bytes,   19382752 total
- age   8:     372528 bytes,   19755280 total
: 109248K->21824K(109248K), 0.0088688 secs] 230895K->148258K(502464K), 0.0089421 secs] [Times: user=0.04 sys=0.01, real=0.01 secs] 
Heap after GC invocations=49 (full 1):
 par new generation   total 109248K, used 21824K [0x00000007a0000000, 0x00000007a8000000, 0x00000007a8000000)
  eden space 87424K,   0% used [0x00000007a0000000, 0x00000007a0000000, 0x00000007a5560000)
  from space 21824K, 100% used [0x00000007a6ab0000, 0x00000007a8000000, 0x00000007a8000000)
  to   space 21824K,   0% used [0x00000007a5560000, 0x00000007a5560000, 0x00000007a6ab0000)
 concurrent mark-sweep generation total 393216K, used 126434K [0x00000007a8000000, 0x00000007c0000000, 0x00000007c0000000)
 Metaspace       used 33020K, capacity 33474K, committed 33808K, reserved 1079296K
  class space    used 3844K, capacity 4004K, committed 4116K, reserved 1048576K
}
2016-10-23T18:04:55.501+0800: 60.504: Total time for which application threads were stopped: 0.0091585 seconds, Stopping threads took: 0.0000780 seconds
{Heap before GC invocations=49 (full 1):
 par new generation   total 109248K, used 109248K [0x00000007a0000000, 0x00000007a8000000, 0x00000007a8000000)
  eden space 87424K, 100% used [0x00000007a0000000, 0x00000007a5560000, 0x00000007a5560000)
  from space 21824K, 100% used [0x00000007a6ab0000, 0x00000007a8000000, 0x00000007a8000000)
  to   space 21824K,   0% used [0x00000007a5560000, 0x00000007a5560000, 0x00000007a6ab0000)
 concurrent mark-sweep generation total 393216K, used 126434K [0x00000007a8000000, 0x00000007c0000000, 0x00000007c0000000)
 Metaspace       used 33020K, capacity 33474K, committed 33808K, reserved 1079296K
  class space    used 3844K, capacity 4004K, committed 4116K, reserved 1048576K
2016-10-23T18:04:55.628+0800: 60.631: [GC (Allocation Failure) 2016-10-23T18:04:55.628+0800: 60.632: [ParNew
Desired survivor size 20112992 bytes, new threshold 7 (max 8)
- age   1:    6525288 bytes,    6525288 total
- age   2:    3014056 bytes,    9539344 total
- age   3:    2617680 bytes,   12157024 total
- age   4:    1563408 bytes,   13720432 total
- age   5:     290792 bytes,   14011224 total
- age   6:    3835200 bytes,   17846424 total
- age   7:    2358640 bytes,   20205064 total
- age   8:     411488 bytes,   20616552 total
: 109248K->21824K(109248K), 0.0087007 secs] 235682K->151735K(502464K), 0.0087510 secs] [Times: user=0.03 sys=0.00, real=0.01 secs] 
Heap after GC invocations=50 (full 1):
 par new generation   total 109248K, used 21824K [0x00000007a0000000, 0x00000007a8000000, 0x00000007a8000000)
  eden space 87424K,   0% used [0x00000007a0000000, 0x00000007a0000000, 0x00000007a5560000)
  from space 21824K, 100% used [0x00000007a5560000, 0x00000007a6ab0000, 0x00000007a6ab0000)
  to   space 21824K,   0% used [0x00000007a6ab0000, 0x00000007a6ab0000, 0x00000007a8000000)
 concurrent mark-sweep generation total 393216K, used 129911K [0x00000007a8000000, 0x00000007c0000000, 0x00000007c0000000)
 Metaspace       used 33020K, capacity 33474K, committed 33808K, reserved 1079296K
  class space    used 3844K, capacity 4004K, committed 4116K, reserved 1048576K
}
2016-10-23T18:04:55.637+0800: 60.640: Total time for which application threads were stopped: 0.0089929 seconds, Stopping threads took: 0.0001043 seconds
2016-10-23T18:04:55.642+0800: 60.645: Total time for which application threads were stopped: 0.0001520 seconds, Stopping threads took: 0.0000324 seconds
2016-10-23T18:04:55.643+0800: 60.647: Total time for which application threads were stopped: 0.0001555 seconds, Stopping threads took: 0.0000599 seconds
2016-10-23T18:04:55.656+0800: 60.659: Total time for which application threads were stopped: 0.0001445 seconds, Stopping threads took: 0.0000474 seconds
2016-10-23T18:04:55.729+0800: 60.733: Total time for which application threads were stopped: 0.0001986 seconds, Stopping threads took: 0.0000981 seconds
2016-10-23T18:04:55.730+0800: 60.733: Total time for which application threads were stopped: 0.0001124 seconds, Stopping threads took: 0.0000539 seconds
2016-10-23T18:04:55.730+0800: 60.733: Total time for which application threads were stopped: 0.0001653 seconds, Stopping threads took: 0.0000777 seconds
2016-10-23T18:04:55.730+0800: 60.733: Total time for which application threads were stopped: 0.0001337 seconds, Stopping threads took: 0.0000579 seconds
2016-10-23T18:04:55.730+0800: 60.733: Total time for which application threads were stopped: 0.0001646 seconds, Stopping threads took: 0.0001179 seconds
2016-10-23T18:04:55.730+0800: 60.733: Total time for which application threads were stopped: 0.0001043 seconds, Stopping threads took: 0.0000594 seconds
2016-10-23T18:04:55.731+0800: 60.734: Total time for which application threads were stopped: 0.0009764 seconds, Stopping threads took: 0.0009228 seconds
2016-10-23T18:04:55.731+0800: 60.735: Total time for which application threads were stopped: 0.0001303 seconds, Stopping threads took: 0.0000851 seconds
2016-10-23T18:04:55.732+0800: 60.735: Total time for which application threads were stopped: 0.0001429 seconds, Stopping threads took: 0.0000722 seconds
2016-10-23T18:04:55.732+0800: 60.735: Total time for which application threads were stopped: 0.0001444 seconds, Stopping threads took: 0.0001014 seconds
2016-10-23T18:04:55.732+0800: 60.735: Total time for which application threads were stopped: 0.0001028 seconds, Stopping threads took: 0.0000576 seconds
2016-10-23T18:04:55.739+0800: 60.742: Total time for which application threads were stopped: 0.0001587 seconds, Stopping threads took: 0.0000634 seconds
2016-10-23T18:04:55.747+0800: 60.750: Total time for which application threads were stopped: 0.0001802 seconds, Stopping threads took: 0.0000907 seconds
{Heap before GC invocations=50 (full 1):
 par new generation   total 109248K, used 109248K [0x00000007a0000000, 0x00000007a8000000, 0x00000007a8000000)
  eden space 87424K, 100% used [0x00000007a0000000, 0x00000007a5560000, 0x00000007a5560000)
  from space 21824K, 100% used [0x00000007a5560000, 0x00000007a6ab0000, 0x00000007a6ab0000)
  to   space 21824K,   0% used [0x00000007a6ab0000, 0x00000007a6ab0000, 0x00000007a8000000)
 concurrent mark-sweep generation total 393216K, used 129911K [0x00000007a8000000, 0x00000007c0000000, 0x00000007c0000000)
 Metaspace       used 33026K, capacity 33474K, committed 33808K, reserved 1079296K
  class space    used 3844K, capacity 4004K, committed 4116K, reserved 1048576K
2016-10-23T18:04:55.773+0800: 60.776: [GC (Allocation Failure) 2016-10-23T18:04:55.773+0800: 60.776: [ParNew
Desired survivor size 20112992 bytes, new threshold 8 (max 8)
- age   1:    4526528 bytes,    4526528 total
- age   2:    5817760 bytes,   10344288 total
- age   3:    2005048 bytes,   12349336 total
- age   4:    2439312 bytes,   14788648 total
- age   5:    1451856 bytes,   16240504 total
- age   6:     254184 bytes,   16494688 total
- age   7:    3461096 bytes,   19955784 total
: 109248K->21824K(109248K), 0.0113392 secs] 239159K->155478K(502464K), 0.0113966 secs] [Times: user=0.06 sys=0.01, real=0.01 secs] 
Heap after GC invocations=51 (full 1):
 par new generation   total 109248K, used 21824K [0x00000007a0000000, 0x00000007a8000000, 0x00000007a8000000)
  eden space 87424K,   0% used [0x00000007a0000000, 0x00000007a0000000, 0x00000007a5560000)
  from space 21824K, 100% used [0x00000007a6ab0000, 0x00000007a8000000, 0x00000007a8000000)
  to   space 21824K,   0% used [0x00000007a5560000, 0x00000007a5560000, 0x00000007a6ab0000)
 concurrent mark-sweep generation total 393216K, used 133654K [0x00000007a8000000, 0x00000007c0000000, 0x00000007c0000000)
 Metaspace       used 33026K, capacity 33474K, committed 33808K, reserved 1079296K
  class space    used 3844K, capacity 4004K, committed 4116K, reserved 1048576K
}
2016-10-23T18:04:55.784+0800: 60.788: Total time for which application threads were stopped: 0.0116082 seconds, Stopping threads took: 0.0000853 seconds
{Heap before GC invocations=51 (full 1):
 par new generation   total 109248K, used 109248K [0x00000007a0000000, 0x00000007a8000000, 0x00000007a8000000)
  eden space 87424K, 100% used [0x00000007a0000000, 0x00000007a5560000, 0x00000007a5560000)
  from space 21824K, 100% used [0x00000007a6ab0000, 0x00000007a8000000, 0x00000007a8000000)
  to   space 21824K,   0% used [0x00000007a5560000, 0x00000007a5560000, 0x00000007a6ab0000)
 concurrent mark-sweep generation total 393216K, used 133654K [0x00000007a8000000, 0x00000007c0000000, 0x00000007c0000000)
 Metaspace       used 33029K, capacity 33474K, committed 33808K, reserved 1079296K
  class space    used 3844K, capacity 4004K, committed 4116K, reserved 1048576K
2016-10-23T18:04:55.854+0800: 60.857: [GC (Allocation Failure) 2016-10-23T18:04:55.854+0800: 60.857: [ParNew
Desired survivor size 20112992 bytes, new threshold 8 (max 8)
- age   1:    2394088 bytes,    2394088 total
- age   2:    3933256 bytes,    6327344 total
- age   3:    4118184 bytes,   10445528 total
- age   4:    1924424 bytes,   12369952 total
- age   5:    2427448 bytes,   14797400 total
- age   6:    1444408 bytes,   16241808 total
- age   7:     251472 bytes,   16493280 total
- age   8:    1737888 bytes,   18231168 total
: 109248K->21824K(109248K), 0.0085443 secs] 242902K->159204K(502464K), 0.0085912 secs] [Times: user=0.02 sys=0.00, real=0.01 secs] 
Heap after GC invocations=52 (full 1):
 par new generation   total 109248K, used 21824K [0x00000007a0000000, 0x00000007a8000000, 0x00000007a8000000)
  eden space 87424K,   0% used [0x00000007a0000000, 0x00000007a0000000, 0x00000007a5560000)
  from space 21824K, 100% used [0x00000007a5560000, 0x00000007a6ab0000, 0x00000007a6ab0000)
  to   space 21824K,   0% used [0x00000007a6ab0000, 0x00000007a6ab0000, 0x00000007a8000000)
 concurrent mark-sweep generation total 393216K, used 137380K [0x00000007a8000000, 0x00000007c0000000, 0x00000007c0000000)
 Metaspace       used 33029K, capacity 33474K, committed 33808K, reserved 1079296K
  class space    used 3844K, capacity 4004K, committed 4116K, reserved 1048576K
}
2016-10-23T18:04:55.863+0800: 60.866: Total time for which application threads were stopped: 0.0088120 seconds, Stopping threads took: 0.0000708 seconds
2016-10-23T18:04:55.919+0800: 60.922: Total time for which application threads were stopped: 0.0002236 seconds, Stopping threads took: 0.0000651 seconds
2016-10-23T18:04:55.921+0800: 60.924: Total time for which application threads were stopped: 0.0001805 seconds, Stopping threads took: 0.0000837 seconds
2016-10-23T18:04:55.949+0800: 60.953: Total time for which application threads were stopped: 0.0002450 seconds, Stopping threads took: 0.0001101 seconds
{Heap before GC invocations=52 (full 1):
 par new generation   total 109248K, used 109248K [0x00000007a0000000, 0x00000007a8000000, 0x00000007a8000000)
  eden space 87424K, 100% used [0x00000007a0000000, 0x00000007a5560000, 0x00000007a5560000)
  from space 21824K, 100% used [0x00000007a5560000, 0x00000007a6ab0000, 0x00000007a6ab0000)
  to   space 21824K,   0% used [0x00000007a6ab0000, 0x00000007a6ab0000, 0x00000007a8000000)
 concurrent mark-sweep generation total 393216K, used 137380K [0x00000007a8000000, 0x00000007c0000000, 0x00000007c0000000)
 Metaspace       used 33073K, capacity 33540K, committed 34064K, reserved 1079296K
  class space    used 3846K, capacity 4005K, committed 4116K, reserved 1048576K
2016-10-23T18:04:55.990+0800: 60.993: [GC (Allocation Failure) 2016-10-23T18:04:55.990+0800: 60.993: [ParNew
Desired survivor size 20112992 bytes, new threshold 8 (max 8)
- age   1:    4657544 bytes,    4657544 total
- age   2:    1208568 bytes,    5866112 total
- age   3:    3265664 bytes,    9131776 total
- age   4:    3662224 bytes,   12794000 total
- age   5:    1487656 bytes,   14281656 total
- age   6:    1932544 bytes,   16214200 total
- age   7:    1141864 bytes,   17356064 total
- age   8:     112840 bytes,   17468904 total
: 109248K->21824K(109248K), 0.0084634 secs] 246628K->161454K(502464K), 0.0085053 secs] [Times: user=0.04 sys=0.00, real=0.00 secs] 
Heap after GC invocations=53 (full 1):
 par new generation   total 109248K, used 21824K [0x00000007a0000000, 0x00000007a8000000, 0x00000007a8000000)
  eden space 87424K,   0% used [0x00000007a0000000, 0x00000007a0000000, 0x00000007a5560000)
  from space 21824K, 100% used [0x00000007a6ab0000, 0x00000007a8000000, 0x00000007a8000000)
  to   space 21824K,   0% used [0x00000007a5560000, 0x00000007a5560000, 0x00000007a6ab0000)
 concurrent mark-sweep generation total 393216K, used 139630K [0x00000007a8000000, 0x00000007c0000000, 0x00000007c0000000)
 Metaspace       used 33073K, capacity 33540K, committed 34064K, reserved 1079296K
  class space    used 3846K, capacity 4005K, committed 4116K, reserved 1048576K
}
2016-10-23T18:04:55.998+0800: 61.002: Total time for which application threads were stopped: 0.0087043 seconds, Stopping threads took: 0.0000644 seconds
{Heap before GC invocations=53 (full 1):
 par new generation   total 109248K, used 109248K [0x00000007a0000000, 0x00000007a8000000, 0x00000007a8000000)
  eden space 87424K, 100% used [0x00000007a0000000, 0x00000007a5560000, 0x00000007a5560000)
  from space 21824K, 100% used [0x00000007a6ab0000, 0x00000007a8000000, 0x00000007a8000000)
  to   space 21824K,   0% used [0x00000007a5560000, 0x00000007a5560000, 0x00000007a6ab0000)
 concurrent mark-sweep generation total 393216K, used 139630K [0x00000007a8000000, 0x00000007c0000000, 0x00000007c0000000)
 Metaspace       used 33073K, capacity 33540K, committed 34064K, reserved 1079296K
  class space    used 3846K, capacity 4005K, committed 4116K, reserved 1048576K
2016-10-23T18:04:56.128+0800: 61.131: [GC (Allocation Failure) 2016-10-23T18:04:56.128+0800: 61.131: [ParNew
Desired survivor size 20112992 bytes, new threshold 8 (max 8)
- age   1:    4367640 bytes,    4367640 total
- age   2:    2330688 bytes,    6698328 total
- age   3:    1047640 bytes,    7745968 total
- age   4:    2987216 bytes,   10733184 total
- age   5:    2811304 bytes,   13544488 total
- age   6:    1468544 bytes,   15013032 total
- age   7:    1904136 bytes,   16917168 total
- age   8:    1133168 bytes,   18050336 total
: 109248K->21824K(109248K), 0.0093741 secs] 248878K->164912K(502464K), 0.0094277 secs] [Times: user=0.03 sys=0.00, real=0.01 secs] 
Heap after GC invocations=54 (full 1):
 par new generation   total 109248K, used 21824K [0x00000007a0000000, 0x00000007a8000000, 0x00000007a8000000)
  eden space 87424K,   0% used [0x00000007a0000000, 0x00000007a0000000, 0x00000007a5560000)
  from space 21824K, 100% used [0x00000007a5560000, 0x00000007a6ab0000, 0x00000007a6ab0000)
  to   space 21824K,   0% used [0x00000007a6ab0000, 0x00000007a6ab0000, 0x00000007a8000000)
 concurrent mark-sweep generation total 393216K, used 143088K [0x00000007a8000000, 0x00000007c0000000, 0x00000007c0000000)
 Metaspace       used 33073K, capacity 33540K, committed 34064K, reserved 1079296K
  class space    used 3846K, capacity 4005K, committed 4116K, reserved 1048576K
}
2016-10-23T18:04:56.137+0800: 61.141: Total time for which application threads were stopped: 0.0096536 seconds, Stopping threads took: 0.0000601 seconds
{Heap before GC invocations=54 (full 1):
 par new generation   total 109248K, used 109248K [0x00000007a0000000, 0x00000007a8000000, 0x00000007a8000000)
  eden space 87424K, 100% used [0x00000007a0000000, 0x00000007a5560000, 0x00000007a5560000)
  from space 21824K, 100% used [0x00000007a5560000, 0x00000007a6ab0000, 0x00000007a6ab0000)
  to   space 21824K,   0% used [0x00000007a6ab0000, 0x00000007a6ab0000, 0x00000007a8000000)
 concurrent mark-sweep generation total 393216K, used 143088K [0x00000007a8000000, 0x00000007c0000000, 0x00000007c0000000)
 Metaspace       used 33073K, capacity 33540K, committed 34064K, reserved 1079296K
  class space    used 3846K, capacity 4005K, committed 4116K, reserved 1048576K
2016-10-23T18:04:56.270+0800: 61.273: [GC (Allocation Failure) 2016-10-23T18:04:56.270+0800: 61.273: [ParNew
Desired survivor size 20112992 bytes, new threshold 8 (max 8)
- age   1:    7021600 bytes,    7021600 total
- age   2:    2921024 bytes,    9942624 total
- age   3:    1887168 bytes,   11829792 total
- age   4:     994504 bytes,   12824296 total
- age   5:    2451648 bytes,   15275944 total
- age   6:    2613248 bytes,   17889192 total
- age   7:    1465840 bytes,   19355032 total
- age   8:    1900288 bytes,   21255320 total
: 109248K->21824K(109248K), 0.0100344 secs] 252336K->167679K(502464K), 0.0101081 secs] [Times: user=0.03 sys=0.00, real=0.01 secs] 
Heap after GC invocations=55 (full 1):
 par new generation   total 109248K, used 21824K [0x00000007a0000000, 0x00000007a8000000, 0x00000007a8000000)
  eden space 87424K,   0% used [0x00000007a0000000, 0x00000007a0000000, 0x00000007a5560000)
  from space 21824K, 100% used [0x00000007a6ab0000, 0x00000007a8000000, 0x00000007a8000000)
  to   space 21824K,   0% used [0x00000007a5560000, 0x00000007a5560000, 0x00000007a6ab0000)
 concurrent mark-sweep generation total 393216K, used 145855K [0x00000007a8000000, 0x00000007c0000000, 0x00000007c0000000)
 Metaspace       used 33073K, capacity 33540K, committed 34064K, reserved 1079296K
  class space    used 3846K, capacity 4005K, committed 4116K, reserved 1048576K
}
2016-10-23T18:04:56.280+0800: 61.283: Total time for which application threads were stopped: 0.0103044 seconds, Stopping threads took: 0.0000631 seconds
{Heap before GC invocations=55 (full 1):
 par new generation   total 109248K, used 109248K [0x00000007a0000000, 0x00000007a8000000, 0x00000007a8000000)
  eden space 87424K, 100% used [0x00000007a0000000, 0x00000007a5560000, 0x00000007a5560000)
  from space 21824K, 100% used [0x00000007a6ab0000, 0x00000007a8000000, 0x00000007a8000000)
  to   space 21824K,   0% used [0x00000007a5560000, 0x00000007a5560000, 0x00000007a6ab0000)
 concurrent mark-sweep generation total 393216K, used 145855K [0x00000007a8000000, 0x00000007c0000000, 0x00000007c0000000)
 Metaspace       used 33073K, capacity 33540K, committed 34064K, reserved 1079296K
  class space    used 3846K, capacity 4005K, committed 4116K, reserved 1048576K
2016-10-23T18:04:56.417+0800: 61.420: [GC (Allocation Failure) 2016-10-23T18:04:56.417+0800: 61.420: [ParNew
Desired survivor size 20112992 bytes, new threshold 8 (max 8)
- age   1:    5752584 bytes,    5752584 total
- age   2:    2992168 bytes,    8744752 total
- age   3:    2362952 bytes,   11107704 total
- age   4:    1635952 bytes,   12743656 total
- age   5:     863352 bytes,   13607008 total
- age   6:    1602080 bytes,   15209088 total
- age   7:    2609752 bytes,   17818840 total
- age   8:    1459848 bytes,   19278688 total
: 109248K->21824K(109248K), 0.0120420 secs] 255103K->174065K(502464K), 0.0120892 secs] [Times: user=0.04 sys=0.01, real=0.01 secs] 
Heap after GC invocations=56 (full 1):
 par new generation   total 109248K, used 21824K [0x00000007a0000000, 0x00000007a8000000, 0x00000007a8000000)
  eden space 87424K,   0% used [0x00000007a0000000, 0x00000007a0000000, 0x00000007a5560000)
  from space 21824K, 100% used [0x00000007a5560000, 0x00000007a6ab0000, 0x00000007a6ab0000)
  to   space 21824K,   0% used [0x00000007a6ab0000, 0x00000007a6ab0000, 0x00000007a8000000)
 concurrent mark-sweep generation total 393216K, used 152241K [0x00000007a8000000, 0x00000007c0000000, 0x00000007c0000000)
 Metaspace       used 33073K, capacity 33540K, committed 34064K, reserved 1079296K
  class space    used 3846K, capacity 4005K, committed 4116K, reserved 1048576K
}
2016-10-23T18:04:56.429+0800: 61.432: Total time for which application threads were stopped: 0.0123225 seconds, Stopping threads took: 0.0000709 seconds
{Heap before GC invocations=56 (full 1):
 par new generation   total 109248K, used 109248K [0x00000007a0000000, 0x00000007a8000000, 0x00000007a8000000)
  eden space 87424K, 100% used [0x00000007a0000000, 0x00000007a5560000, 0x00000007a5560000)
  from space 21824K, 100% used [0x00000007a5560000, 0x00000007a6ab0000, 0x00000007a6ab0000)
  to   space 21824K,   0% used [0x00000007a6ab0000, 0x00000007a6ab0000, 0x00000007a8000000)
 concurrent mark-sweep generation total 393216K, used 152241K [0x00000007a8000000, 0x00000007c0000000, 0x00000007c0000000)
 Metaspace       used 33073K, capacity 33540K, committed 34064K, reserved 1079296K
  class space    used 3846K, capacity 4005K, committed 4116K, reserved 1048576K
2016-10-23T18:04:56.568+0800: 61.571: [GC (Allocation Failure) 2016-10-23T18:04:56.568+0800: 61.571: [ParNew
Desired survivor size 20112992 bytes, new threshold 8 (max 8)
- age   1:    7137624 bytes,    7137624 total
- age   2:    2603496 bytes,    9741120 total
- age   3:    2766496 bytes,   12507616 total
- age   4:    2223880 bytes,   14731496 total
- age   5:    1533440 bytes,   16264936 total
- age   6:     800056 bytes,   17064992 total
- age   7:    1529840 bytes,   18594832 total
- age   8:    2531752 bytes,   21126584 total
: 109248K->21824K(109248K), 0.0135411 secs] 261489K->177093K(502464K), 0.0136111 secs] [Times: user=0.05 sys=0.00, real=0.02 secs] 
Heap after GC invocations=57 (full 1):
 par new generation   total 109248K, used 21824K [0x00000007a0000000, 0x00000007a8000000, 0x00000007a8000000)
  eden space 87424K,   0% used [0x00000007a0000000, 0x00000007a0000000, 0x00000007a5560000)
  from space 21824K, 100% used [0x00000007a6ab0000, 0x00000007a8000000, 0x00000007a8000000)
  to   space 21824K,   0% used [0x00000007a5560000, 0x00000007a5560000, 0x00000007a6ab0000)
 concurrent mark-sweep generation total 393216K, used 155269K [0x00000007a8000000, 0x00000007c0000000, 0x00000007c0000000)
 Metaspace       used 33073K, capacity 33540K, committed 34064K, reserved 1079296K
  class space    used 3846K, capacity 4005K, committed 4116K, reserved 1048576K
}
2016-10-23T18:04:56.581+0800: 61.585: Total time for which application threads were stopped: 0.0138209 seconds, Stopping threads took: 0.0000495 seconds
2016-10-23T18:04:56.669+0800: 61.672: Total time for which application threads were stopped: 0.0001714 seconds, Stopping threads took: 0.0000695 seconds
2016-10-23T18:04:56.669+0800: 61.672: Total time for which application threads were stopped: 0.0001587 seconds, Stopping threads took: 0.0000491 seconds
2016-10-23T18:04:56.722+0800: 61.725: Total time for which application threads were stopped: 0.0002275 seconds, Stopping threads took: 0.0000889 seconds
2016-10-23T18:04:56.726+0800: 61.729: Total time for which application threads were stopped: 0.0002579 seconds, Stopping threads took: 0.0001221 seconds
{Heap before GC invocations=57 (full 1):
 par new generation   total 109248K, used 109248K [0x00000007a0000000, 0x00000007a8000000, 0x00000007a8000000)
  eden space 87424K, 100% used [0x00000007a0000000, 0x00000007a5560000, 0x00000007a5560000)
  from space 21824K, 100% used [0x00000007a6ab0000, 0x00000007a8000000, 0x00000007a8000000)
  to   space 21824K,   0% used [0x00000007a5560000, 0x00000007a5560000, 0x00000007a6ab0000)
 concurrent mark-sweep generation total 393216K, used 155269K [0x00000007a8000000, 0x00000007c0000000, 0x00000007c0000000)
 Metaspace       used 33091K, capacity 33540K, committed 34064K, reserved 1079296K
  class space    used 3846K, capacity 4005K, committed 4116K, reserved 1048576K
2016-10-23T18:04:56.810+0800: 61.814: [GC (Allocation Failure) 2016-10-23T18:04:56.810+0800: 61.814: [ParNew
Desired survivor size 20112992 bytes, new threshold 7 (max 8)
- age   1:    7421128 bytes,    7421128 total
- age   2:    4147120 bytes,   11568248 total
- age   3:    2454040 bytes,   14022288 total
- age   4:    2317936 bytes,   16340224 total
- age   5:    1852224 bytes,   18192448 total
- age   6:    1457536 bytes,   19649984 total
- age   7:     760168 bytes,   20410152 total
- age   8:    1100960 bytes,   21511112 total
: 109248K->21824K(109248K), 0.0154070 secs] 264517K->180927K(502464K), 0.0154685 secs] [Times: user=0.06 sys=0.00, real=0.01 secs] 
Heap after GC invocations=58 (full 1):
 par new generation   total 109248K, used 21824K [0x00000007a0000000, 0x00000007a8000000, 0x00000007a8000000)
  eden space 87424K,   0% used [0x00000007a0000000, 0x00000007a0000000, 0x00000007a5560000)
  from space 21824K, 100% used [0x00000007a5560000, 0x00000007a6ab0000, 0x00000007a6ab0000)
  to   space 21824K,   0% used [0x00000007a6ab0000, 0x00000007a6ab0000, 0x00000007a8000000)
 concurrent mark-sweep generation total 393216K, used 159103K [0x00000007a8000000, 0x00000007c0000000, 0x00000007c0000000)
 Metaspace       used 33091K, capacity 33540K, committed 34064K, reserved 1079296K
  class space    used 3846K, capacity 4005K, committed 4116K, reserved 1048576K
}
2016-10-23T18:04:56.826+0800: 61.829: Total time for which application threads were stopped: 0.0157032 seconds, Stopping threads took: 0.0000790 seconds
{Heap before GC invocations=58 (full 1):
 par new generation   total 109248K, used 109248K [0x00000007a0000000, 0x00000007a8000000, 0x00000007a8000000)
  eden space 87424K, 100% used [0x00000007a0000000, 0x00000007a5560000, 0x00000007a5560000)
  from space 21824K, 100% used [0x00000007a5560000, 0x00000007a6ab0000, 0x00000007a6ab0000)
  to   space 21824K,   0% used [0x00000007a6ab0000, 0x00000007a6ab0000, 0x00000007a8000000)
 concurrent mark-sweep generation total 393216K, used 159103K [0x00000007a8000000, 0x00000007c0000000, 0x00000007c0000000)
 Metaspace       used 33092K, capacity 33540K, committed 34064K, reserved 1079296K
  class space    used 3846K, capacity 4005K, committed 4116K, reserved 1048576K
2016-10-23T18:04:56.902+0800: 61.906: [GC (Allocation Failure) 2016-10-23T18:04:56.902+0800: 61.906: [ParNew
Desired survivor size 20112992 bytes, new threshold 8 (max 8)
- age   1:    1070928 bytes,    1070928 total
- age   2:    6774840 bytes,    7845768 total
- age   3:    3601112 bytes,   11446880 total
- age   4:    2431760 bytes,   13878640 total
- age   5:    2298176 bytes,   16176816 total
- age   6:    1847928 bytes,   18024744 total
- age   7:    1407768 bytes,   19432512 total
: 109248K->21824K(109248K), 0.0102439 secs] 268351K->183831K(502464K), 0.0102891 secs] [Times: user=0.07 sys=0.01, real=0.01 secs] 
Heap after GC invocations=59 (full 1):
 par new generation   total 109248K, used 21824K [0x00000007a0000000, 0x00000007a8000000, 0x00000007a8000000)
  eden space 87424K,   0% used [0x00000007a0000000, 0x00000007a0000000, 0x00000007a5560000)
  from space 21824K, 100% used [0x00000007a6ab0000, 0x00000007a8000000, 0x00000007a8000000)
  to   space 21824K,   0% used [0x00000007a5560000, 0x00000007a5560000, 0x00000007a6ab0000)
 concurrent mark-sweep generation total 393216K, used 162007K [0x00000007a8000000, 0x00000007c0000000, 0x00000007c0000000)
 Metaspace       used 33092K, capacity 33540K, committed 34064K, reserved 1079296K
  class space    used 3846K, capacity 4005K, committed 4116K, reserved 1048576K
}
2016-10-23T18:04:56.913+0800: 61.916: Total time for which application threads were stopped: 0.0105417 seconds, Stopping threads took: 0.0000916 seconds
2016-10-23T18:04:56.964+0800: 61.967: Total time for which application threads were stopped: 0.0005072 seconds, Stopping threads took: 0.0002272 seconds
2016-10-23T18:04:56.965+0800: 61.968: Total time for which application threads were stopped: 0.0002405 seconds, Stopping threads took: 0.0001089 seconds
2016-10-23T18:04:56.975+0800: 61.978: Total time for which application threads were stopped: 0.0032310 seconds, Stopping threads took: 0.0031341 seconds
2016-10-23T18:04:56.981+0800: 61.984: Total time for which application threads were stopped: 0.0002148 seconds, Stopping threads took: 0.0000917 seconds
2016-10-23T18:04:56.995+0800: 61.998: Total time for which application threads were stopped: 0.0012910 seconds, Stopping threads took: 0.0011671 seconds
{Heap before GC invocations=59 (full 1):
 par new generation   total 109248K, used 109248K [0x00000007a0000000, 0x00000007a8000000, 0x00000007a8000000)
  eden space 87424K, 100% used [0x00000007a0000000, 0x00000007a5560000, 0x00000007a5560000)
  from space 21824K, 100% used [0x00000007a6ab0000, 0x00000007a8000000, 0x00000007a8000000)
  to   space 21824K,   0% used [0x00000007a5560000, 0x00000007a5560000, 0x00000007a6ab0000)
 concurrent mark-sweep generation total 393216K, used 162007K [0x00000007a8000000, 0x00000007c0000000, 0x00000007c0000000)
 Metaspace       used 33102K, capacity 33540K, committed 34064K, reserved 1079296K
  class space    used 3846K, capacity 4005K, committed 4116K, reserved 1048576K
2016-10-23T18:04:57.014+0800: 62.017: [GC (Allocation Failure) 2016-10-23T18:04:57.014+0800: 62.017: [ParNew
Desired survivor size 20112992 bytes, new threshold 8 (max 8)
- age   1:    4325520 bytes,    4325520 total
- age   2:     608824 bytes,    4934344 total
- age   3:    5903080 bytes,   10837424 total
- age   4:    2897576 bytes,   13735000 total
- age   5:    2010656 bytes,   15745656 total
- age   6:    2136928 bytes,   17882584 total
- age   7:    1203848 bytes,   19086432 total
- age   8:    1226584 bytes,   20313016 total
: 109248K->21824K(109248K), 0.0091378 secs] 271255K->186331K(502464K), 0.0092094 secs] [Times: user=0.05 sys=0.00, real=0.01 secs] 
Heap after GC invocations=60 (full 1):
 par new generation   total 109248K, used 21824K [0x00000007a0000000, 0x00000007a8000000, 0x00000007a8000000)
  eden space 87424K,   0% used [0x00000007a0000000, 0x00000007a0000000, 0x00000007a5560000)
  from space 21824K, 100% used [0x00000007a5560000, 0x00000007a6ab0000, 0x00000007a6ab0000)
  to   space 21824K,   0% used [0x00000007a6ab0000, 0x00000007a6ab0000, 0x00000007a8000000)
 concurrent mark-sweep generation total 393216K, used 164507K [0x00000007a8000000, 0x00000007c0000000, 0x00000007c0000000)
 Metaspace       used 33102K, capacity 33540K, committed 34064K, reserved 1079296K
  class space    used 3846K, capacity 4005K, committed 4116K, reserved 1048576K
}
2016-10-23T18:04:57.023+0800: 62.026: Total time for which application threads were stopped: 0.0094996 seconds, Stopping threads took: 0.0000846 seconds
2016-10-23T18:04:57.031+0800: 62.034: Total time for which application threads were stopped: 0.0002917 seconds, Stopping threads took: 0.0002259 seconds
2016-10-23T18:04:57.031+0800: 62.034: Total time for which application threads were stopped: 0.0000678 seconds, Stopping threads took: 0.0000116 seconds
2016-10-23T18:04:57.031+0800: 62.035: Total time for which application threads were stopped: 0.0001176 seconds, Stopping threads took: 0.0000719 seconds
2016-10-23T18:04:57.032+0800: 62.035: Total time for which application threads were stopped: 0.0001164 seconds, Stopping threads took: 0.0000606 seconds
2016-10-23T18:04:57.032+0800: 62.035: Total time for which application threads were stopped: 0.0000866 seconds, Stopping threads took: 0.0000472 seconds
2016-10-23T18:04:57.032+0800: 62.035: Total time for which application threads were stopped: 0.0001033 seconds, Stopping threads took: 0.0000691 seconds
2016-10-23T18:04:57.032+0800: 62.035: Total time for which application threads were stopped: 0.0002331 seconds, Stopping threads took: 0.0000665 seconds
2016-10-23T18:04:57.034+0800: 62.037: Total time for which application threads were stopped: 0.0001566 seconds, Stopping threads took: 0.0000790 seconds
2016-10-23T18:04:57.038+0800: 62.041: Total time for which application threads were stopped: 0.0001463 seconds, Stopping threads took: 0.0000923 seconds
2016-10-23T18:04:57.038+0800: 62.041: Total time for which application threads were stopped: 0.0001212 seconds, Stopping threads took: 0.0000759 seconds
2016-10-23T18:04:57.038+0800: 62.042: Total time for which application threads were stopped: 0.0001115 seconds, Stopping threads took: 0.0000566 seconds
2016-10-23T18:04:57.039+0800: 62.042: Total time for which application threads were stopped: 0.0001061 seconds, Stopping threads took: 0.0000584 seconds
2016-10-23T18:04:57.045+0800: 62.048: Total time for which application threads were stopped: 0.0001738 seconds, Stopping threads took: 0.0000812 seconds
2016-10-23T18:04:57.072+0800: 62.075: Total time for which application threads were stopped: 0.0001590 seconds, Stopping threads took: 0.0000555 seconds
{Heap before GC invocations=60 (full 1):
 par new generation   total 109248K, used 109248K [0x00000007a0000000, 0x00000007a8000000, 0x00000007a8000000)
  eden space 87424K, 100% used [0x00000007a0000000, 0x00000007a5560000, 0x00000007a5560000)
  from space 21824K, 100% used [0x00000007a5560000, 0x00000007a6ab0000, 0x00000007a6ab0000)
  to   space 21824K,   0% used [0x00000007a6ab0000, 0x00000007a6ab0000, 0x00000007a8000000)
 concurrent mark-sweep generation total 393216K, used 164507K [0x00000007a8000000, 0x00000007c0000000, 0x00000007c0000000)
 Metaspace       used 33213K, capacity 33668K, committed 34064K, reserved 1079296K
  class space    used 3860K, capacity 4005K, committed 4116K, reserved 1048576K
2016-10-23T18:04:57.196+0800: 62.199: [GC (Allocation Failure) 2016-10-23T18:04:57.196+0800: 62.199: [ParNew
Desired survivor size 20112992 bytes, new threshold 8 (max 8)
- age   1:    4927408 bytes,    4927408 total
- age   2:    2885592 bytes,    7813000 total
- age   3:     484056 bytes,    8297056 total
- age   4:    4552408 bytes,   12849464 total
- age   5:    2324792 bytes,   15174256 total
- age   6:    1715064 bytes,   16889320 total
- age   7:    2057632 bytes,   18946952 total
- age   8:    1136408 bytes,   20083360 total
: 109248K->21824K(109248K), 0.0116942 secs] 273755K->190600K(502464K), 0.0117482 secs] [Times: user=0.07 sys=0.00, real=0.01 secs] 
Heap after GC invocations=61 (full 1):
 par new generation   total 109248K, used 21824K [0x00000007a0000000, 0x00000007a8000000, 0x00000007a8000000)
  eden space 87424K,   0% used [0x00000007a0000000, 0x00000007a0000000, 0x00000007a5560000)
  from space 21824K, 100% used [0x00000007a6ab0000, 0x00000007a8000000, 0x00000007a8000000)
  to   space 21824K,   0% used [0x00000007a5560000, 0x00000007a5560000, 0x00000007a6ab0000)
 concurrent mark-sweep generation total 393216K, used 168776K [0x00000007a8000000, 0x00000007c0000000, 0x00000007c0000000)
 Metaspace       used 33213K, capacity 33668K, committed 34064K, reserved 1079296K
  class space    used 3860K, capacity 4005K, committed 4116K, reserved 1048576K
}
2016-10-23T18:04:57.208+0800: 62.211: Total time for which application threads were stopped: 0.0119539 seconds, Stopping threads took: 0.0000615 seconds
{Heap before GC invocations=61 (full 1):
 par new generation   total 109248K, used 109248K [0x00000007a0000000, 0x00000007a8000000, 0x00000007a8000000)
  eden space 87424K, 100% used [0x00000007a0000000, 0x00000007a5560000, 0x00000007a5560000)
  from space 21824K, 100% used [0x00000007a6ab0000, 0x00000007a8000000, 0x00000007a8000000)
  to   space 21824K,   0% used [0x00000007a5560000, 0x00000007a5560000, 0x00000007a6ab0000)
 concurrent mark-sweep generation total 393216K, used 168776K [0x00000007a8000000, 0x00000007c0000000, 0x00000007c0000000)
 Metaspace       used 33216K, capacity 33668K, committed 34064K, reserved 1079296K
  class space    used 3860K, capacity 4005K, committed 4116K, reserved 1048576K
2016-10-23T18:04:57.365+0800: 62.368: [GC (Allocation Failure) 2016-10-23T18:04:57.365+0800: 62.368: [ParNew
Desired survivor size 20112992 bytes, new threshold 8 (max 8)
- age   1:    6757520 bytes,    6757520 total
- age   2:    2861752 bytes,    9619272 total
- age   3:    2468680 bytes,   12087952 total
- age   4:     465512 bytes,   12553464 total
- age   5:    4060568 bytes,   16614032 total
- age   6:    1956240 bytes,   18570272 total
- age   7:    1081912 bytes,   19652184 total
- age   8:    1319608 bytes,   20971792 total
: 109248K->21824K(109248K), 0.0115109 secs] 278024K->194281K(502464K), 0.0115588 secs] [Times: user=0.07 sys=0.00, real=0.01 secs] 
Heap after GC invocations=62 (full 1):
 par new generation   total 109248K, used 21824K [0x00000007a0000000, 0x00000007a8000000, 0x00000007a8000000)
  eden space 87424K,   0% used [0x00000007a0000000, 0x00000007a0000000, 0x00000007a5560000)
  from space 21824K, 100% used [0x00000007a5560000, 0x00000007a6ab0000, 0x00000007a6ab0000)
  to   space 21824K,   0% used [0x00000007a6ab0000, 0x00000007a6ab0000, 0x00000007a8000000)
 concurrent mark-sweep generation total 393216K, used 172457K [0x00000007a8000000, 0x00000007c0000000, 0x00000007c0000000)
 Metaspace       used 33216K, capacity 33668K, committed 34064K, reserved 1079296K
  class space    used 3860K, capacity 4005K, committed 4116K, reserved 1048576K
}
2016-10-23T18:04:57.377+0800: 62.380: Total time for which application threads were stopped: 0.0117752 seconds, Stopping threads took: 0.0000675 seconds
{Heap before GC invocations=62 (full 1):
 par new generation   total 109248K, used 109248K [0x00000007a0000000, 0x00000007a8000000, 0x00000007a8000000)
  eden space 87424K, 100% used [0x00000007a0000000, 0x00000007a5560000, 0x00000007a5560000)
  from space 21824K, 100% used [0x00000007a5560000, 0x00000007a6ab0000, 0x00000007a6ab0000)
  to   space 21824K,   0% used [0x00000007a6ab0000, 0x00000007a6ab0000, 0x00000007a8000000)
 concurrent mark-sweep generation total 393216K, used 172457K [0x00000007a8000000, 0x00000007c0000000, 0x00000007c0000000)
 Metaspace       used 33228K, capacity 33668K, committed 34064K, reserved 1079296K
  class space    used 3860K, capacity 4005K, committed 4116K, reserved 1048576K
2016-10-23T18:04:57.562+0800: 62.565: [GC (Allocation Failure) 2016-10-23T18:04:57.562+0800: 62.565: [ParNew
Desired survivor size 20112992 bytes, new threshold 8 (max 8)
- age   1:    5896112 bytes,    5896112 total
- age   2:    2813968 bytes,    8710080 total
- age   3:    2335488 bytes,   11045568 total
- age   4:    2252680 bytes,   13298248 total
- age   5:     418960 bytes,   13717208 total
- age   6:    3233200 bytes,   16950408 total
- age   7:    1599680 bytes,   18550088 total
- age   8:    1028976 bytes,   19579064 total
: 109248K->21824K(109248K), 0.0115429 secs] 281705K->200575K(502464K), 0.0116047 secs] [Times: user=0.06 sys=0.00, real=0.01 secs] 
Heap after GC invocations=63 (full 1):
 par new generation   total 109248K, used 21824K [0x00000007a0000000, 0x00000007a8000000, 0x00000007a8000000)
  eden space 87424K,   0% used [0x00000007a0000000, 0x00000007a0000000, 0x00000007a5560000)
  from space 21824K, 100% used [0x00000007a6ab0000, 0x00000007a8000000, 0x00000007a8000000)
  to   space 21824K,   0% used [0x00000007a5560000, 0x00000007a5560000, 0x00000007a6ab0000)
 concurrent mark-sweep generation total 393216K, used 178751K [0x00000007a8000000, 0x00000007c0000000, 0x00000007c0000000)
 Metaspace       used 33228K, capacity 33668K, committed 34064K, reserved 1079296K
  class space    used 3860K, capacity 4005K, committed 4116K, reserved 1048576K
}
2016-10-23T18:04:57.574+0800: 62.577: Total time for which application threads were stopped: 0.0118429 seconds, Stopping threads took: 0.0000688 seconds
2016-10-23T18:04:57.706+0800: 62.710: Total time for which application threads were stopped: 0.0002719 seconds, Stopping threads took: 0.0000879 seconds
{Heap before GC invocations=63 (full 1):
 par new generation   total 109248K, used 109248K [0x00000007a0000000, 0x00000007a8000000, 0x00000007a8000000)
  eden space 87424K, 100% used [0x00000007a0000000, 0x00000007a5560000, 0x00000007a5560000)
  from space 21824K, 100% used [0x00000007a6ab0000, 0x00000007a8000000, 0x00000007a8000000)
  to   space 21824K,   0% used [0x00000007a5560000, 0x00000007a5560000, 0x00000007a6ab0000)
 concurrent mark-sweep generation total 393216K, used 178751K [0x00000007a8000000, 0x00000007c0000000, 0x00000007c0000000)
 Metaspace       used 33348K, capacity 33828K, committed 34320K, reserved 1079296K
  class space    used 3875K, capacity 4037K, committed 4116K, reserved 1048576K
2016-10-23T18:04:57.786+0800: 62.790: [GC (Allocation Failure) 2016-10-23T18:04:57.786+0800: 62.790: [ParNew
Desired survivor size 20112992 bytes, new threshold 8 (max 8)
- age   1:    5594968 bytes,    5594968 total
- age   2:    3104240 bytes,    8699208 total
- age   3:    2296496 bytes,   10995704 total
- age   4:    2021104 bytes,   13016808 total
- age   5:    1154944 bytes,   14171752 total
- age   6:     370368 bytes,   14542120 total
- age   7:    2344776 bytes,   16886896 total
- age   8:     972984 bytes,   17859880 total
: 109248K->21824K(109248K), 0.0130620 secs] 287999K->204898K(502464K), 0.0131258 secs] [Times: user=0.07 sys=0.00, real=0.01 secs] 
Heap after GC invocations=64 (full 1):
 par new generation   total 109248K, used 21824K [0x00000007a0000000, 0x00000007a8000000, 0x00000007a8000000)
  eden space 87424K,   0% used [0x00000007a0000000, 0x00000007a0000000, 0x00000007a5560000)
  from space 21824K, 100% used [0x00000007a5560000, 0x00000007a6ab0000, 0x00000007a6ab0000)
  to   space 21824K,   0% used [0x00000007a6ab0000, 0x00000007a6ab0000, 0x00000007a8000000)
 concurrent mark-sweep generation total 393216K, used 183074K [0x00000007a8000000, 0x00000007c0000000, 0x00000007c0000000)
 Metaspace       used 33348K, capacity 33828K, committed 34320K, reserved 1079296K
  class space    used 3875K, capacity 4037K, committed 4116K, reserved 1048576K
}
2016-10-23T18:04:57.800+0800: 62.803: Total time for which application threads were stopped: 0.0133534 seconds, Stopping threads took: 0.0000482 seconds
{Heap before GC invocations=64 (full 1):
 par new generation   total 109248K, used 109247K [0x00000007a0000000, 0x00000007a8000000, 0x00000007a8000000)
  eden space 87424K,  99% used [0x00000007a0000000, 0x00000007a555ff10, 0x00000007a5560000)
  from space 21824K, 100% used [0x00000007a5560000, 0x00000007a6ab0000, 0x00000007a6ab0000)
  to   space 21824K,   0% used [0x00000007a6ab0000, 0x00000007a6ab0000, 0x00000007a8000000)
 concurrent mark-sweep generation total 393216K, used 183074K [0x00000007a8000000, 0x00000007c0000000, 0x00000007c0000000)
 Metaspace       used 33351K, capacity 33828K, committed 34320K, reserved 1079296K
  class space    used 3875K, capacity 4037K, committed 4116K, reserved 1048576K
2016-10-23T18:04:57.962+0800: 62.965: [GC (Allocation Failure) 2016-10-23T18:04:57.962+0800: 62.965: [ParNew
Desired survivor size 20112992 bytes, new threshold 8 (max 8)
- age   1:    1830880 bytes,    1830880 total
- age   2:    4162312 bytes,    5993192 total
- age   3:    2769088 bytes,    8762280 total
- age   4:    2248784 bytes,   11011064 total
- age   5:    1982896 bytes,   12993960 total
- age   6:    1132904 bytes,   14126864 total
- age   7:     357512 bytes,   14484376 total
- age   8:    2116968 bytes,   16601344 total
: 109247K->21824K(109248K), 0.0098604 secs] 292322K->208052K(502464K), 0.0099056 secs] [Times: user=0.06 sys=0.01, real=0.01 secs] 
Heap after GC invocations=65 (full 1):
 par new generation   total 109248K, used 21824K [0x00000007a0000000, 0x00000007a8000000, 0x00000007a8000000)
  eden space 87424K,   0% used [0x00000007a0000000, 0x00000007a0000000, 0x00000007a5560000)
  from space 21824K, 100% used [0x00000007a6ab0000, 0x00000007a8000000, 0x00000007a8000000)
  to   space 21824K,   0% used [0x00000007a5560000, 0x00000007a5560000, 0x00000007a6ab0000)
 concurrent mark-sweep generation total 393216K, used 186228K [0x00000007a8000000, 0x00000007c0000000, 0x00000007c0000000)
 Metaspace       used 33351K, capacity 33828K, committed 34320K, reserved 1079296K
  class space    used 3875K, capacity 4037K, committed 4116K, reserved 1048576K
}
2016-10-23T18:04:57.972+0800: 62.975: Total time for which application threads were stopped: 0.0101545 seconds, Stopping threads took: 0.0000855 seconds
{Heap before GC invocations=65 (full 1):
 par new generation   total 109248K, used 109248K [0x00000007a0000000, 0x00000007a8000000, 0x00000007a8000000)
  eden space 87424K, 100% used [0x00000007a0000000, 0x00000007a5560000, 0x00000007a5560000)
  from space 21824K, 100% used [0x00000007a6ab0000, 0x00000007a8000000, 0x00000007a8000000)
  to   space 21824K,   0% used [0x00000007a5560000, 0x00000007a5560000, 0x00000007a6ab0000)
 concurrent mark-sweep generation total 393216K, used 186228K [0x00000007a8000000, 0x00000007c0000000, 0x00000007c0000000)
 Metaspace       used 33351K, capacity 33828K, committed 34320K, reserved 1079296K
  class space    used 3875K, capacity 4037K, committed 4116K, reserved 1048576K
2016-10-23T18:04:58.148+0800: 63.151: [GC (Allocation Failure) 2016-10-23T18:04:58.148+0800: 63.151: [ParNew
Desired survivor size 20112992 bytes, new threshold 8 (max 8)
- age   1:    2658096 bytes,    2658096 total
- age   2:    1197824 bytes,    3855920 total
- age   3:    4158040 bytes,    8013960 total
- age   4:    2769088 bytes,   10783048 total
- age   5:    2248784 bytes,   13031832 total
- age   6:    1982896 bytes,   15014728 total
- age   7:    1132904 bytes,   16147632 total
- age   8:     357512 bytes,   16505144 total
: 109248K->21824K(109248K), 0.0083349 secs] 295476K->210128K(502464K), 0.0083906 secs] [Times: user=0.05 sys=0.00, real=0.01 secs] 
Heap after GC invocations=66 (full 1):
 par new generation   total 109248K, used 21824K [0x00000007a0000000, 0x00000007a8000000, 0x00000007a8000000)
  eden space 87424K,   0% used [0x00000007a0000000, 0x00000007a0000000, 0x00000007a5560000)
  from space 21824K, 100% used [0x00000007a5560000, 0x00000007a6ab0000, 0x00000007a6ab0000)
  to   space 21824K,   0% used [0x00000007a6ab0000, 0x00000007a6ab0000, 0x00000007a8000000)
 concurrent mark-sweep generation total 393216K, used 188304K [0x00000007a8000000, 0x00000007c0000000, 0x00000007c0000000)
 Metaspace       used 33351K, capacity 33828K, committed 34320K, reserved 1079296K
  class space    used 3875K, capacity 4037K, committed 4116K, reserved 1048576K
}
2016-10-23T18:04:58.156+0800: 63.160: Total time for which application threads were stopped: 0.0085930 seconds, Stopping threads took: 0.0000474 seconds
2016-10-23T18:04:58.160+0800: 63.163: Total time for which application threads were stopped: 0.0002127 seconds, Stopping threads took: 0.0000924 seconds
2016-10-23T18:04:58.178+0800: 63.182: Total time for which application threads were stopped: 0.0002670 seconds, Stopping threads took: 0.0001328 seconds
2016-10-23T18:04:58.192+0800: 63.195: Total time for which application threads were stopped: 0.0001692 seconds, Stopping threads took: 0.0000856 seconds
2016-10-23T18:04:58.240+0800: 63.243: Total time for which application threads were stopped: 0.0002114 seconds, Stopping threads took: 0.0001083 seconds
2016-10-23T18:04:58.243+0800: 63.247: Total time for which application threads were stopped: 0.0002200 seconds, Stopping threads took: 0.0000905 seconds
2016-10-23T18:04:58.256+0800: 63.259: Total time for which application threads were stopped: 0.0002053 seconds, Stopping threads took: 0.0001074 seconds
2016-10-23T18:04:58.259+0800: 63.262: Total time for which application threads were stopped: 0.0001842 seconds, Stopping threads took: 0.0001088 seconds
2016-10-23T18:04:58.259+0800: 63.262: Total time for which application threads were stopped: 0.0001146 seconds, Stopping threads took: 0.0000651 seconds
2016-10-23T18:04:58.259+0800: 63.263: Total time for which application threads were stopped: 0.0001373 seconds, Stopping threads took: 0.0000684 seconds
2016-10-23T18:04:58.259+0800: 63.263: Total time for which application threads were stopped: 0.0001105 seconds, Stopping threads took: 0.0000523 seconds
{Heap before GC invocations=66 (full 1):
 par new generation   total 109248K, used 109248K [0x00000007a0000000, 0x00000007a8000000, 0x00000007a8000000)
  eden space 87424K, 100% used [0x00000007a0000000, 0x00000007a5560000, 0x00000007a5560000)
  from space 21824K, 100% used [0x00000007a5560000, 0x00000007a6ab0000, 0x00000007a6ab0000)
  to   space 21824K,   0% used [0x00000007a6ab0000, 0x00000007a6ab0000, 0x00000007a8000000)
 concurrent mark-sweep generation total 393216K, used 188304K [0x00000007a8000000, 0x00000007c0000000, 0x00000007c0000000)
 Metaspace       used 33356K, capacity 33832K, committed 34320K, reserved 1079296K
  class space    used 3875K, capacity 4037K, committed 4116K, reserved 1048576K
2016-10-23T18:04:58.298+0800: 63.302: [GC (Allocation Failure) 2016-10-23T18:04:58.298+0800: 63.302: [ParNew
Desired survivor size 20112992 bytes, new threshold 8 (max 8)
- age   1:    6674840 bytes,    6674840 total
- age   2:    1349568 bytes,    8024408 total
- age   3:    1081192 bytes,    9105600 total
- age   4:    3966160 bytes,   13071760 total
- age   5:    2369232 bytes,   15440992 total
- age   6:    1863576 bytes,   17304568 total
- age   7:    1593848 bytes,   18898416 total
- age   8:     999512 bytes,   19897928 total
: 109248K->21824K(109248K), 0.0074149 secs] 297552K->210443K(502464K), 0.0074706 secs] [Times: user=0.04 sys=0.00, real=0.01 secs] 
Heap after GC invocations=67 (full 1):
 par new generation   total 109248K, used 21824K [0x00000007a0000000, 0x00000007a8000000, 0x00000007a8000000)
  eden space 87424K,   0% used [0x00000007a0000000, 0x00000007a0000000, 0x00000007a5560000)
  from space 21824K, 100% used [0x00000007a6ab0000, 0x00000007a8000000, 0x00000007a8000000)
  to   space 21824K,   0% used [0x00000007a5560000, 0x00000007a5560000, 0x00000007a6ab0000)
 concurrent mark-sweep generation total 393216K, used 188619K [0x00000007a8000000, 0x00000007c0000000, 0x00000007c0000000)
 Metaspace       used 33356K, capacity 33832K, committed 34320K, reserved 1079296K
  class space    used 3875K, capacity 4037K, committed 4116K, reserved 1048576K
}
2016-10-23T18:04:58.306+0800: 63.309: Total time for which application threads were stopped: 0.0077469 seconds, Stopping threads took: 0.0001280 seconds
{Heap before GC invocations=67 (full 1):
 par new generation   total 109248K, used 109248K [0x00000007a0000000, 0x00000007a8000000, 0x00000007a8000000)
  eden space 87424K, 100% used [0x00000007a0000000, 0x00000007a5560000, 0x00000007a5560000)
  from space 21824K, 100% used [0x00000007a6ab0000, 0x00000007a8000000, 0x00000007a8000000)
  to   space 21824K,   0% used [0x00000007a5560000, 0x00000007a5560000, 0x00000007a6ab0000)
 concurrent mark-sweep generation total 393216K, used 188619K [0x00000007a8000000, 0x00000007c0000000, 0x00000007c0000000)
 Metaspace       used 33356K, capacity 33832K, committed 34320K, reserved 1079296K
  class space    used 3875K, capacity 4037K, committed 4116K, reserved 1048576K
2016-10-23T18:04:58.431+0800: 63.434: [GC (Allocation Failure) 2016-10-23T18:04:58.431+0800: 63.434: [ParNew
Desired survivor size 20112992 bytes, new threshold 8 (max 8)
- age   1:    4766304 bytes,    4766304 total
- age   2:    4199792 bytes,    8966096 total
- age   3:    1190016 bytes,   10156112 total
- age   4:    1023120 bytes,   11179232 total
- age   5:    3265192 bytes,   14444424 total
- age   6:    2330496 bytes,   16774920 total
- age   7:    1791672 bytes,   18566592 total
- age   8:    1467984 bytes,   20034576 total
: 109248K->21824K(109248K), 0.0102071 secs] 297867K->213233K(502464K), 0.0102553 secs] [Times: user=0.06 sys=0.01, real=0.01 secs] 
Heap after GC invocations=68 (full 1):
 par new generation   total 109248K, used 21824K [0x00000007a0000000, 0x00000007a8000000, 0x00000007a8000000)
  eden space 87424K,   0% used [0x00000007a0000000, 0x00000007a0000000, 0x00000007a5560000)
  from space 21824K, 100% used [0x00000007a5560000, 0x00000007a6ab0000, 0x00000007a6ab0000)
  to   space 21824K,   0% used [0x00000007a6ab0000, 0x00000007a6ab0000, 0x00000007a8000000)
 concurrent mark-sweep generation total 393216K, used 191409K [0x00000007a8000000, 0x00000007c0000000, 0x00000007c0000000)
 Metaspace       used 33356K, capacity 33832K, committed 34320K, reserved 1079296K
  class space    used 3875K, capacity 4037K, committed 4116K, reserved 1048576K
}
2016-10-23T18:04:58.441+0800: 63.445: Total time for which application threads were stopped: 0.0105194 seconds, Stopping threads took: 0.0001030 seconds
{Heap before GC invocations=68 (full 1):
 par new generation   total 109248K, used 109248K [0x00000007a0000000, 0x00000007a8000000, 0x00000007a8000000)
  eden space 87424K, 100% used [0x00000007a0000000, 0x00000007a5560000, 0x00000007a5560000)
  from space 21824K, 100% used [0x00000007a5560000, 0x00000007a6ab0000, 0x00000007a6ab0000)
  to   space 21824K,   0% used [0x00000007a6ab0000, 0x00000007a6ab0000, 0x00000007a8000000)
 concurrent mark-sweep generation total 393216K, used 191409K [0x00000007a8000000, 0x00000007c0000000, 0x00000007c0000000)
 Metaspace       used 33357K, capacity 33832K, committed 34320K, reserved 1079296K
  class space    used 3875K, capacity 4037K, committed 4116K, reserved 1048576K
2016-10-23T18:04:58.560+0800: 63.563: [GC (Allocation Failure) 2016-10-23T18:04:58.560+0800: 63.563: [ParNew
Desired survivor size 20112992 bytes, new threshold 8 (max 8)
- age   1:    5184920 bytes,    5184920 total
- age   2:    2256088 bytes,    7441008 total
- age   3:    3971504 bytes,   11412512 total
- age   4:    1049736 bytes,   12462248 total
- age   5:     932040 bytes,   13394288 total
- age   6:    2729080 bytes,   16123368 total
- age   7:    1411576 bytes,   17534944 total
- age   8:    1134360 bytes,   18669304 total
: 109248K->21824K(109248K), 0.0108955 secs] 300657K->218119K(502464K), 0.0109809 secs] [Times: user=0.06 sys=0.01, real=0.01 secs] 
Heap after GC invocations=69 (full 1):
 par new generation   total 109248K, used 21824K [0x00000007a0000000, 0x00000007a8000000, 0x00000007a8000000)
  eden space 87424K,   0% used [0x00000007a0000000, 0x00000007a0000000, 0x00000007a5560000)
  from space 21824K, 100% used [0x00000007a6ab0000, 0x00000007a8000000, 0x00000007a8000000)
  to   space 21824K,   0% used [0x00000007a5560000, 0x00000007a5560000, 0x00000007a6ab0000)
 concurrent mark-sweep generation total 393216K, used 196295K [0x00000007a8000000, 0x00000007c0000000, 0x00000007c0000000)
 Metaspace       used 33357K, capacity 33832K, committed 34320K, reserved 1079296K
  class space    used 3875K, capacity 4037K, committed 4116K, reserved 1048576K
}
2016-10-23T18:04:58.571+0800: 63.574: Total time for which application threads were stopped: 0.0112450 seconds, Stopping threads took: 0.0000775 seconds
2016-10-23T18:04:58.648+0800: 63.651: Total time for which application threads were stopped: 0.0002842 seconds, Stopping threads took: 0.0001112 seconds
2016-10-23T18:04:58.667+0800: 63.670: Total time for which application threads were stopped: 0.0001446 seconds, Stopping threads took: 0.0000595 seconds
2016-10-23T18:04:58.667+0800: 63.670: Total time for which application threads were stopped: 0.0001785 seconds, Stopping threads took: 0.0001118 seconds
{Heap before GC invocations=69 (full 1):
 par new generation   total 109248K, used 109125K [0x00000007a0000000, 0x00000007a8000000, 0x00000007a8000000)
  eden space 87424K,  99% used [0x00000007a0000000, 0x00000007a55415c0, 0x00000007a5560000)
  from space 21824K, 100% used [0x00000007a6ab0000, 0x00000007a8000000, 0x00000007a8000000)
  to   space 21824K,   0% used [0x00000007a5560000, 0x00000007a5560000, 0x00000007a6ab0000)
 concurrent mark-sweep generation total 393216K, used 196295K [0x00000007a8000000, 0x00000007c0000000, 0x00000007c0000000)
 Metaspace       used 33359K, capacity 33832K, committed 34320K, reserved 1079296K
  class space    used 3875K, capacity 4037K, committed 4116K, reserved 1048576K
2016-10-23T18:04:58.678+0800: 63.681: [GC (Allocation Failure) 2016-10-23T18:04:58.678+0800: 63.681: [ParNew
Desired survivor size 20112992 bytes, new threshold 8 (max 8)
- age   1:    6847400 bytes,    6847400 total
- age   2:    2407232 bytes,    9254632 total
- age   3:    1802944 bytes,   11057576 total
- age   4:    2568696 bytes,   13626272 total
- age   5:     981936 bytes,   14608208 total
- age   6:     870384 bytes,   15478592 total
- age   7:    1912968 bytes,   17391560 total
- age   8:    1411576 bytes,   18803136 total
: 109125K->21824K(109248K), 0.0104058 secs] 305420K->221688K(502464K), 0.0104573 secs] [Times: user=0.05 sys=0.01, real=0.01 secs] 
Heap after GC invocations=70 (full 1):
 par new generation   total 109248K, used 21824K [0x00000007a0000000, 0x00000007a8000000, 0x00000007a8000000)
  eden space 87424K,   0% used [0x00000007a0000000, 0x00000007a0000000, 0x00000007a5560000)
  from space 21824K, 100% used [0x00000007a5560000, 0x00000007a6ab0000, 0x00000007a6ab0000)
  to   space 21824K,   0% used [0x00000007a6ab0000, 0x00000007a6ab0000, 0x00000007a8000000)
 concurrent mark-sweep generation total 393216K, used 199864K [0x00000007a8000000, 0x00000007c0000000, 0x00000007c0000000)
 Metaspace       used 33359K, capacity 33832K, committed 34320K, reserved 1079296K
  class space    used 3875K, capacity 4037K, committed 4116K, reserved 1048576K
}
2016-10-23T18:04:58.688+0800: 63.692: Total time for which application threads were stopped: 0.0107353 seconds, Stopping threads took: 0.0001156 seconds
2016-10-23T18:04:58.689+0800: 63.693: [GC (CMS Initial Mark) [1 CMS-initial-mark: 199864K(393216K)] 223674K(502464K), 0.0018495 secs] [Times: user=0.01 sys=0.00, real=0.01 secs] 
2016-10-23T18:04:58.691+0800: 63.694: Total time for which application threads were stopped: 0.0020767 seconds, Stopping threads took: 0.0000949 seconds
2016-10-23T18:04:58.691+0800: 63.695: [CMS-concurrent-mark-start]
2016-10-23T18:04:58.702+0800: 63.706: Total time for which application threads were stopped: 0.0002248 seconds, Stopping threads took: 0.0000796 seconds
2016-10-23T18:04:58.717+0800: 63.721: [CMS-concurrent-mark: 0.024/0.026 secs] [Times: user=0.18 sys=0.00, real=0.02 secs] 
2016-10-23T18:04:58.717+0800: 63.721: [CMS-concurrent-preclean-start]
2016-10-23T18:04:58.719+0800: 63.722: [CMS-concurrent-preclean: 0.001/0.001 secs] [Times: user=0.00 sys=0.00, real=0.00 secs] 
2016-10-23T18:04:58.719+0800: 63.722: [CMS-concurrent-abortable-preclean-start]
2016-10-23T18:04:58.725+0800: 63.729: Total time for which application threads were stopped: 0.0003446 seconds, Stopping threads took: 0.0000827 seconds
{Heap before GC invocations=70 (full 2):
 par new generation   total 109248K, used 109248K [0x00000007a0000000, 0x00000007a8000000, 0x00000007a8000000)
  eden space 87424K, 100% used [0x00000007a0000000, 0x00000007a5560000, 0x00000007a5560000)
  from space 21824K, 100% used [0x00000007a5560000, 0x00000007a6ab0000, 0x00000007a6ab0000)
  to   space 21824K,   0% used [0x00000007a6ab0000, 0x00000007a6ab0000, 0x00000007a8000000)
 concurrent mark-sweep generation total 393216K, used 199864K [0x00000007a8000000, 0x00000007c0000000, 0x00000007c0000000)
 Metaspace       used 33360K, capacity 33832K, committed 34320K, reserved 1079296K
  class space    used 3875K, capacity 4037K, committed 4116K, reserved 1048576K
2016-10-23T18:04:58.810+0800: 63.814: [GC (Allocation Failure) 2016-10-23T18:04:58.811+0800: 63.814: [ParNew
Desired survivor size 20112992 bytes, new threshold 8 (max 8)
- age   1:    1701400 bytes,    1701400 total
- age   2:    6225096 bytes,    7926496 total
- age   3:    2065184 bytes,    9991680 total
- age   4:    1784168 bytes,   11775848 total
- age   5:    2472296 bytes,   14248144 total
- age   6:     977544 bytes,   15225688 total
- age   7:     862192 bytes,   16087880 total
- age   8:    1854304 bytes,   17942184 total
: 109248K->21824K(109248K), 0.0078899 secs] 309112K->223643K(502464K), 0.0079511 secs] [Times: user=0.04 sys=0.00, real=0.00 secs] 
Heap after GC invocations=71 (full 2):
 par new generation   total 109248K, used 21824K [0x00000007a0000000, 0x00000007a8000000, 0x00000007a8000000)
  eden space 87424K,   0% used [0x00000007a0000000, 0x00000007a0000000, 0x00000007a5560000)
  from space 21824K, 100% used [0x00000007a6ab0000, 0x00000007a8000000, 0x00000007a8000000)
  to   space 21824K,   0% used [0x00000007a5560000, 0x00000007a5560000, 0x00000007a6ab0000)
 concurrent mark-sweep generation total 393216K, used 201819K [0x00000007a8000000, 0x00000007c0000000, 0x00000007c0000000)
 Metaspace       used 33360K, capacity 33832K, committed 34320K, reserved 1079296K
  class space    used 3875K, capacity 4037K, committed 4116K, reserved 1048576K
}
2016-10-23T18:04:58.818+0800: 63.822: Total time for which application threads were stopped: 0.0082403 seconds, Stopping threads took: 0.0001010 seconds
{Heap before GC invocations=71 (full 2):
 par new generation   total 109248K, used 109248K [0x00000007a0000000, 0x00000007a8000000, 0x00000007a8000000)
  eden space 87424K, 100% used [0x00000007a0000000, 0x00000007a5560000, 0x00000007a5560000)
  from space 21824K, 100% used [0x00000007a6ab0000, 0x00000007a8000000, 0x00000007a8000000)
  to   space 21824K,   0% used [0x00000007a5560000, 0x00000007a5560000, 0x00000007a6ab0000)
 concurrent mark-sweep generation total 393216K, used 201819K [0x00000007a8000000, 0x00000007c0000000, 0x00000007c0000000)
 Metaspace       used 33363K, capacity 33896K, committed 34320K, reserved 1079296K
  class space    used 3875K, capacity 4037K, committed 4116K, reserved 1048576K
2016-10-23T18:04:58.961+0800: 63.964: [GC (Allocation Failure) 2016-10-23T18:04:58.961+0800: 63.964: [ParNew
Desired survivor size 20112992 bytes, new threshold 8 (max 8)
- age   1:    1348624 bytes,    1348624 total
- age   2:     752136 bytes,    2100760 total
- age   3:    5203864 bytes,    7304624 total
- age   4:    2020864 bytes,    9325488 total
- age   5:    1738016 bytes,   11063504 total
- age   6:    2429688 bytes,   13493192 total
- age   7:     972320 bytes,   14465512 total
- age   8:     856080 bytes,   15321592 total
: 109248K->21824K(109248K), 0.0114729 secs] 311067K->227217K(502464K), 0.0115436 secs] [Times: user=0.05 sys=0.00, real=0.01 secs] 
Heap after GC invocations=72 (full 2):
 par new generation   total 109248K, used 21824K [0x00000007a0000000, 0x00000007a8000000, 0x00000007a8000000)
  eden space 87424K,   0% used [0x00000007a0000000, 0x00000007a0000000, 0x00000007a5560000)
  from space 21824K, 100% used [0x00000007a5560000, 0x00000007a6ab0000, 0x00000007a6ab0000)
  to   space 21824K,   0% used [0x00000007a6ab0000, 0x00000007a6ab0000, 0x00000007a8000000)
 concurrent mark-sweep generation total 393216K, used 205393K [0x00000007a8000000, 0x00000007c0000000, 0x00000007c0000000)
 Metaspace       used 33363K, capacity 33896K, committed 34320K, reserved 1079296K
  class space    used 3875K, capacity 4037K, committed 4116K, reserved 1048576K
}
2016-10-23T18:04:58.972+0800: 63.976: Total time for which application threads were stopped: 0.0118530 seconds, Stopping threads took: 0.0000897 seconds
2016-10-23T18:04:58.972+0800: 63.976: [CMS-concurrent-abortable-preclean: 0.127/0.254 secs] [Times: user=1.67 sys=0.03, real=0.26 secs] 
2016-10-23T18:04:58.974+0800: 63.978: [GC (CMS Final Remark) [YG occupancy: 26101 K (109248 K)]{Heap before GC invocations=72 (full 2):
 par new generation   total 109248K, used 26101K [0x00000007a0000000, 0x00000007a8000000, 0x00000007a8000000)
  eden space 87424K,   4% used [0x00000007a0000000, 0x00000007a042d6c8, 0x00000007a5560000)
  from space 21824K, 100% used [0x00000007a5560000, 0x00000007a6ab0000, 0x00000007a6ab0000)
  to   space 21824K,   0% used [0x00000007a6ab0000, 0x00000007a6ab0000, 0x00000007a8000000)
 concurrent mark-sweep generation total 393216K, used 205393K [0x00000007a8000000, 0x00000007c0000000, 0x00000007c0000000)
 Metaspace       used 33374K, capacity 33960K, committed 34320K, reserved 1079296K
  class space    used 3876K, capacity 4037K, committed 4116K, reserved 1048576K
2016-10-23T18:04:58.974+0800: 63.978: [GC (CMS Final Remark) 2016-10-23T18:04:58.974+0800: 63.978: [ParNew
Desired survivor size 20112992 bytes, new threshold 8 (max 8)
- age   1:     118448 bytes,     118448 total
- age   2:    1322952 bytes,    1441400 total
- age   3:     752136 bytes,    2193536 total
- age   4:    5203864 bytes,    7397400 total
- age   5:    2020864 bytes,    9418264 total
- age   6:    1738016 bytes,   11156280 total
- age   7:    2691848 bytes,   13848128 total
- age   8:     972320 bytes,   14820448 total
: 26101K->20343K(109248K), 0.0082420 secs] 231494K->226581K(502464K), 0.0082848 secs] [Times: user=0.03 sys=0.00, real=0.01 secs] 
Heap after GC invocations=73 (full 2):
 par new generation   total 109248K, used 20343K [0x00000007a0000000, 0x00000007a8000000, 0x00000007a8000000)
  eden space 87424K,   0% used [0x00000007a0000000, 0x00000007a0000000, 0x00000007a5560000)
  from space 21824K,  93% used [0x00000007a6ab0000, 0x00000007a7e8dfd0, 0x00000007a8000000)
  to   space 21824K,   0% used [0x00000007a5560000, 0x00000007a5560000, 0x00000007a6ab0000)
 concurrent mark-sweep generation total 393216K, used 206237K [0x00000007a8000000, 0x00000007c0000000, 0x00000007c0000000)
 Metaspace       used 33374K, capacity 33960K, committed 34320K, reserved 1079296K
  class space    used 3876K, capacity 4037K, committed 4116K, reserved 1048576K
}
2016-10-23T18:04:58.983+0800: 63.986: [Rescan (parallel) , 0.0023448 secs]2016-10-23T18:04:58.985+0800: 63.988: [weak refs processing, 0.0006216 secs]2016-10-23T18:04:58.986+0800: 63.989: [class unloading, 0.0077253 secs]2016-10-23T18:04:58.993+0800: 63.997: [scrub symbol table, 0.0073881 secs]2016-10-23T18:04:59.001+0800: 64.004: [scrub string table, 0.0007758 secs][1 CMS-remark: 206237K(393216K)] 226581K(502464K), 0.0288260 secs] [Times: user=0.10 sys=0.00, real=0.03 secs] 
2016-10-23T18:04:59.003+0800: 64.007: Total time for which application threads were stopped: 0.0292011 seconds, Stopping threads took: 0.0001885 seconds
2016-10-23T18:04:59.003+0800: 64.007: [CMS-concurrent-sweep-start]
2016-10-23T18:04:59.071+0800: 64.074: [CMS-concurrent-sweep: 0.068/0.068 secs] [Times: user=0.33 sys=0.02, real=0.07 secs] 
2016-10-23T18:04:59.071+0800: 64.074: [CMS-concurrent-reset-start]
2016-10-23T18:04:59.072+0800: 64.075: [CMS-concurrent-reset: 0.000/0.000 secs] [Times: user=0.00 sys=0.00, real=0.00 secs] 
2016-10-23T18:04:59.120+0800: 64.123: Total time for which application threads were stopped: 0.0002357 seconds, Stopping threads took: 0.0000897 seconds
2016-10-23T18:04:59.120+0800: 64.123: Total time for which application threads were stopped: 0.0000968 seconds, Stopping threads took: 0.0000256 seconds
2016-10-23T18:04:59.120+0800: 64.123: Total time for which application threads were stopped: 0.0001283 seconds, Stopping threads took: 0.0000478 seconds
2016-10-23T18:04:59.120+0800: 64.123: Total time for which application threads were stopped: 0.0001083 seconds, Stopping threads took: 0.0000609 seconds
2016-10-23T18:04:59.123+0800: 64.126: Total time for which application threads were stopped: 0.0001104 seconds, Stopping threads took: 0.0000449 seconds
2016-10-23T18:04:59.123+0800: 64.126: Total time for which application threads were stopped: 0.0000903 seconds, Stopping threads took: 0.0000403 seconds
2016-10-23T18:04:59.123+0800: 64.126: Total time for which application threads were stopped: 0.0000857 seconds, Stopping threads took: 0.0000405 seconds
2016-10-23T18:04:59.123+0800: 64.127: Total time for which application threads were stopped: 0.0000944 seconds, Stopping threads took: 0.0000424 seconds
2016-10-23T18:04:59.123+0800: 64.127: Total time for which application threads were stopped: 0.0000541 seconds, Stopping threads took: 0.0000080 seconds
{Heap before GC invocations=73 (full 2):
 par new generation   total 109248K, used 107767K [0x00000007a0000000, 0x00000007a8000000, 0x00000007a8000000)
  eden space 87424K, 100% used [0x00000007a0000000, 0x00000007a5560000, 0x00000007a5560000)
  from space 21824K,  93% used [0x00000007a6ab0000, 0x00000007a7e8dfd0, 0x00000007a8000000)
  to   space 21824K,   0% used [0x00000007a5560000, 0x00000007a5560000, 0x00000007a6ab0000)
 concurrent mark-sweep generation total 393216K, used 42547K [0x00000007a8000000, 0x00000007c0000000, 0x00000007c0000000)
 Metaspace       used 33447K, capacity 33960K, committed 34320K, reserved 1079296K
  class space    used 3882K, capacity 4037K, committed 4116K, reserved 1048576K
2016-10-23T18:04:59.165+0800: 64.168: [GC (Allocation Failure) 2016-10-23T18:04:59.165+0800: 64.168: [ParNew
Desired survivor size 20112992 bytes, new threshold 8 (max 8)
- age   1:    3309720 bytes,    3309720 total
- age   2:      82952 bytes,    3392672 total
- age   3:     849648 bytes,    4242320 total
- age   4:     688792 bytes,    4931112 total
- age   5:    5050584 bytes,    9981696 total
- age   6:    1889720 bytes,   11871416 total
- age   7:    1607160 bytes,   13478576 total
- age   8:    2251304 bytes,   15729880 total
: 107767K->19606K(109248K), 0.0059993 secs] 150315K->62979K(502464K), 0.0060582 secs] [Times: user=0.03 sys=0.00, real=0.01 secs] 
Heap after GC invocations=74 (full 2):
 par new generation   total 109248K, used 19606K [0x00000007a0000000, 0x00000007a8000000, 0x00000007a8000000)
  eden space 87424K,   0% used [0x00000007a0000000, 0x00000007a0000000, 0x00000007a5560000)
  from space 21824K,  89% used [0x00000007a5560000, 0x00000007a6885810, 0x00000007a6ab0000)
  to   space 21824K,   0% used [0x00000007a6ab0000, 0x00000007a6ab0000, 0x00000007a8000000)
 concurrent mark-sweep generation total 393216K, used 43373K [0x00000007a8000000, 0x00000007c0000000, 0x00000007c0000000)
 Metaspace       used 33447K, capacity 33960K, committed 34320K, reserved 1079296K
  class space    used 3882K, capacity 4037K, committed 4116K, reserved 1048576K
}
2016-10-23T18:04:59.171+0800: 64.175: Total time for which application threads were stopped: 0.0062714 seconds, Stopping threads took: 0.0000617 seconds
2016-10-23T18:04:59.172+0800: 64.175: Total time for which application threads were stopped: 0.0002736 seconds, Stopping threads took: 0.0000663 seconds
{Heap before GC invocations=74 (full 2):
 par new generation   total 109248K, used 107030K [0x00000007a0000000, 0x00000007a8000000, 0x00000007a8000000)
  eden space 87424K, 100% used [0x00000007a0000000, 0x00000007a5560000, 0x00000007a5560000)
  from space 21824K,  89% used [0x00000007a5560000, 0x00000007a6885810, 0x00000007a6ab0000)
  to   space 21824K,   0% used [0x00000007a6ab0000, 0x00000007a6ab0000, 0x00000007a8000000)
 concurrent mark-sweep generation total 393216K, used 43373K [0x00000007a8000000, 0x00000007c0000000, 0x00000007c0000000)
 Metaspace       used 33447K, capacity 33960K, committed 34320K, reserved 1079296K
  class space    used 3882K, capacity 4037K, committed 4116K, reserved 1048576K
2016-10-23T18:04:59.269+0800: 64.272: [GC (Allocation Failure) 2016-10-23T18:04:59.269+0800: 64.272: [ParNew
Desired survivor size 20112992 bytes, new threshold 8 (max 8)
- age   1:    3830504 bytes,    3830504 total
- age   2:    1956848 bytes,    5787352 total
- age   3:      82952 bytes,    5870304 total
- age   4:     787392 bytes,    6657696 total
- age   5:     674152 bytes,    7331848 total
- age   6:    5044096 bytes,   12375944 total
- age   7:    1871064 bytes,   14247008 total
- age   8:    1607160 bytes,   15854168 total
: 107030K->21824K(109248K), 0.0065896 secs] 150403K->67397K(502464K), 0.0066443 secs] [Times: user=0.04 sys=0.00, real=0.01 secs] 
Heap after GC invocations=75 (full 2):
 par new generation   total 109248K, used 21824K [0x00000007a0000000, 0x00000007a8000000, 0x00000007a8000000)
  eden space 87424K,   0% used [0x00000007a0000000, 0x00000007a0000000, 0x00000007a5560000)
  from space 21824K, 100% used [0x00000007a6ab0000, 0x00000007a8000000, 0x00000007a8000000)
  to   space 21824K,   0% used [0x00000007a5560000, 0x00000007a5560000, 0x00000007a6ab0000)
 concurrent mark-sweep generation total 393216K, used 45573K [0x00000007a8000000, 0x00000007c0000000, 0x00000007c0000000)
 Metaspace       used 33447K, capacity 33960K, committed 34320K, reserved 1079296K
  class space    used 3882K, capacity 4037K, committed 4116K, reserved 1048576K
}
2016-10-23T18:04:59.275+0800: 64.279: Total time for which application threads were stopped: 0.0069121 seconds, Stopping threads took: 0.0000725 seconds
2016-10-23T18:04:59.343+0800: 64.346: Total time for which application threads were stopped: 0.0002445 seconds, Stopping threads took: 0.0000984 seconds
2016-10-23T18:04:59.343+0800: 64.347: Total time for which application threads were stopped: 0.0001516 seconds, Stopping threads took: 0.0000868 seconds
2016-10-23T18:04:59.343+0800: 64.347: Total time for which application threads were stopped: 0.0001188 seconds, Stopping threads took: 0.0000598 seconds
2016-10-23T18:04:59.344+0800: 64.347: Total time for which application threads were stopped: 0.0001093 seconds, Stopping threads took: 0.0000521 seconds
2016-10-23T18:04:59.344+0800: 64.347: Total time for which application threads were stopped: 0.0001299 seconds, Stopping threads took: 0.0000754 seconds
2016-10-23T18:04:59.344+0800: 64.347: Total time for which application threads were stopped: 0.0000957 seconds, Stopping threads took: 0.0000508 seconds
2016-10-23T18:04:59.344+0800: 64.348: Total time for which application threads were stopped: 0.0002362 seconds, Stopping threads took: 0.0001847 seconds
2016-10-23T18:04:59.344+0800: 64.348: Total time for which application threads were stopped: 0.0000975 seconds, Stopping threads took: 0.0000543 seconds
2016-10-23T18:04:59.344+0800: 64.348: Total time for which application threads were stopped: 0.0000766 seconds, Stopping threads took: 0.0000370 seconds
2016-10-23T18:04:59.345+0800: 64.348: Total time for which application threads were stopped: 0.0001180 seconds, Stopping threads took: 0.0000659 seconds
2016-10-23T18:04:59.345+0800: 64.348: Total time for which application threads were stopped: 0.0001282 seconds, Stopping threads took: 0.0000593 seconds
2016-10-23T18:04:59.352+0800: 64.355: Total time for which application threads were stopped: 0.0002021 seconds, Stopping threads took: 0.0000899 seconds
2016-10-23T18:04:59.352+0800: 64.356: Total time for which application threads were stopped: 0.0001408 seconds, Stopping threads took: 0.0000464 seconds
2016-10-23T18:04:59.359+0800: 64.362: Total time for which application threads were stopped: 0.0003977 seconds, Stopping threads took: 0.0001063 seconds
2016-10-23T18:04:59.359+0800: 64.362: Total time for which application threads were stopped: 0.0001816 seconds, Stopping threads took: 0.0000214 seconds
2016-10-23T18:04:59.359+0800: 64.363: Total time for which application threads were stopped: 0.0001921 seconds, Stopping threads took: 0.0000378 seconds
{Heap before GC invocations=75 (full 2):
 par new generation   total 109248K, used 109248K [0x00000007a0000000, 0x00000007a8000000, 0x00000007a8000000)
  eden space 87424K, 100% used [0x00000007a0000000, 0x00000007a5560000, 0x00000007a5560000)
  from space 21824K, 100% used [0x00000007a6ab0000, 0x00000007a8000000, 0x00000007a8000000)
  to   space 21824K,   0% used [0x00000007a5560000, 0x00000007a5560000, 0x00000007a6ab0000)
 concurrent mark-sweep generation total 393216K, used 45573K [0x00000007a8000000, 0x00000007c0000000, 0x00000007c0000000)
 Metaspace       used 33485K, capacity 33960K, committed 34320K, reserved 1079296K
  class space    used 3885K, capacity 4037K, committed 4116K, reserved 1048576K
2016-10-23T18:04:59.398+0800: 64.401: [GC (Allocation Failure) 2016-10-23T18:04:59.398+0800: 64.401: [ParNew
Desired survivor size 20112992 bytes, new threshold 8 (max 8)
- age   1:    4509256 bytes,    4509256 total
- age   2:    1772936 bytes,    6282192 total
- age   3:    1783624 bytes,    8065816 total
- age   4:      82952 bytes,    8148768 total
- age   5:     657336 bytes,    8806104 total
- age   6:     673240 bytes,    9479344 total
- age   7:    5044360 bytes,   14523704 total
- age   8:    1871064 bytes,   16394768 total
: 109248K->20638K(109248K), 0.0063942 secs] 154821K->67783K(502464K), 0.0064520 secs] [Times: user=0.04 sys=0.00, real=0.01 secs] 
Heap after GC invocations=76 (full 2):
 par new generation   total 109248K, used 20638K [0x00000007a0000000, 0x00000007a8000000, 0x00000007a8000000)
  eden space 87424K,   0% used [0x00000007a0000000, 0x00000007a0000000, 0x00000007a5560000)
  from space 21824K,  94% used [0x00000007a5560000, 0x00000007a6987910, 0x00000007a6ab0000)
  to   space 21824K,   0% used [0x00000007a6ab0000, 0x00000007a6ab0000, 0x00000007a8000000)
 concurrent mark-sweep generation total 393216K, used 47145K [0x00000007a8000000, 0x00000007c0000000, 0x00000007c0000000)
 Metaspace       used 33485K, capacity 33960K, committed 34320K, reserved 1079296K
  class space    used 3885K, capacity 4037K, committed 4116K, reserved 1048576K
}
2016-10-23T18:04:59.404+0800: 64.408: Total time for which application threads were stopped: 0.0067185 seconds, Stopping threads took: 0.0000935 seconds
{Heap before GC invocations=76 (full 2):
 par new generation   total 109248K, used 108062K [0x00000007a0000000, 0x00000007a8000000, 0x00000007a8000000)
  eden space 87424K, 100% used [0x00000007a0000000, 0x00000007a5560000, 0x00000007a5560000)
  from space 21824K,  94% used [0x00000007a5560000, 0x00000007a6987910, 0x00000007a6ab0000)
  to   space 21824K,   0% used [0x00000007a6ab0000, 0x00000007a6ab0000, 0x00000007a8000000)
 concurrent mark-sweep generation total 393216K, used 47145K [0x00000007a8000000, 0x00000007c0000000, 0x00000007c0000000)
 Metaspace       used 33485K, capacity 33960K, committed 34320K, reserved 1079296K
  class space    used 3885K, capacity 4037K, committed 4116K, reserved 1048576K
2016-10-23T18:04:59.510+0800: 64.513: [GC (Allocation Failure) 2016-10-23T18:04:59.510+0800: 64.513: [ParNew
Desired survivor size 20112992 bytes, new threshold 8 (max 8)
- age   1:    4919344 bytes,    4919344 total
- age   2:    2424400 bytes,    7343744 total
- age   3:    1475840 bytes,    8819584 total
- age   4:    1615368 bytes,   10434952 total
- age   5:      82952 bytes,   10517904 total
- age   6:     655920 bytes,   11173824 total
- age   7:     671680 bytes,   11845504 total
- age   8:    5043680 bytes,   16889184 total
: 108062K->21437K(109248K), 0.0088915 secs] 155207K->70411K(502464K), 0.0089409 secs] [Times: user=0.05 sys=0.00, real=0.00 secs] 
Heap after GC invocations=77 (full 2):
 par new generation   total 109248K, used 21437K [0x00000007a0000000, 0x00000007a8000000, 0x00000007a8000000)
  eden space 87424K,   0% used [0x00000007a0000000, 0x00000007a0000000, 0x00000007a5560000)
  from space 21824K,  98% used [0x00000007a6ab0000, 0x00000007a7f9f590, 0x00000007a8000000)
  to   space 21824K,   0% used [0x00000007a5560000, 0x00000007a5560000, 0x00000007a6ab0000)
 concurrent mark-sweep generation total 393216K, used 48974K [0x00000007a8000000, 0x00000007c0000000, 0x00000007c0000000)
 Metaspace       used 33485K, capacity 33960K, committed 34320K, reserved 1079296K
  class space    used 3885K, capacity 4037K, committed 4116K, reserved 1048576K
}
2016-10-23T18:04:59.519+0800: 64.522: Total time for which application threads were stopped: 0.0092042 seconds, Stopping threads took: 0.0001248 seconds
{Heap before GC invocations=77 (full 2):
 par new generation   total 109248K, used 108861K [0x00000007a0000000, 0x00000007a8000000, 0x00000007a8000000)
  eden space 87424K, 100% used [0x00000007a0000000, 0x00000007a5560000, 0x00000007a5560000)
  from space 21824K,  98% used [0x00000007a6ab0000, 0x00000007a7f9f590, 0x00000007a8000000)
  to   space 21824K,   0% used [0x00000007a5560000, 0x00000007a5560000, 0x00000007a6ab0000)
 concurrent mark-sweep generation total 393216K, used 48974K [0x00000007a8000000, 0x00000007c0000000, 0x00000007c0000000)
 Metaspace       used 33485K, capacity 33960K, committed 34320K, reserved 1079296K
  class space    used 3885K, capacity 4037K, committed 4116K, reserved 1048576K
2016-10-23T18:04:59.627+0800: 64.631: [GC (Allocation Failure) 2016-10-23T18:04:59.627+0800: 64.631: [ParNew
Desired survivor size 20112992 bytes, new threshold 8 (max 8)
- age   1:    5443632 bytes,    5443632 total
- age   2:    2461592 bytes,    7905224 total
- age   3:    2198880 bytes,   10104104 total
- age   4:    1465184 bytes,   11569288 total
- age   5:    1619280 bytes,   13188568 total
- age   6:      82952 bytes,   13271520 total
- age   7:     642568 bytes,   13914088 total
- age   8:     674080 bytes,   14588168 total
: 108861K->17076K(109248K), 0.0060198 secs] 157835K->70981K(502464K), 0.0060622 secs] [Times: user=0.02 sys=0.00, real=0.01 secs] 
Heap after GC invocations=78 (full 2):
 par new generation   total 109248K, used 17076K [0x00000007a0000000, 0x00000007a8000000, 0x00000007a8000000)
  eden space 87424K,   0% used [0x00000007a0000000, 0x00000007a0000000, 0x00000007a5560000)
  from space 21824K,  78% used [0x00000007a5560000, 0x00000007a660d158, 0x00000007a6ab0000)
  to   space 21824K,   0% used [0x00000007a6ab0000, 0x00000007a6ab0000, 0x00000007a8000000)
 concurrent mark-sweep generation total 393216K, used 53905K [0x00000007a8000000, 0x00000007c0000000, 0x00000007c0000000)
 Metaspace       used 33485K, capacity 33960K, committed 34320K, reserved 1079296K
  class space    used 3885K, capacity 4037K, committed 4116K, reserved 1048576K
}
2016-10-23T18:04:59.633+0800: 64.637: Total time for which application threads were stopped: 0.0063009 seconds, Stopping threads took: 0.0000889 seconds
2016-10-23T18:04:59.648+0800: 64.652: Total time for which application threads were stopped: 0.0001727 seconds, Stopping threads took: 0.0000828 seconds
2016-10-23T18:04:59.661+0800: 64.665: Total time for which application threads were stopped: 0.0001786 seconds, Stopping threads took: 0.0000764 seconds
{Heap before GC invocations=78 (full 2):
 par new generation   total 109248K, used 104500K [0x00000007a0000000, 0x00000007a8000000, 0x00000007a8000000)
  eden space 87424K, 100% used [0x00000007a0000000, 0x00000007a5560000, 0x00000007a5560000)
  from space 21824K,  78% used [0x00000007a5560000, 0x00000007a660d158, 0x00000007a6ab0000)
  to   space 21824K,   0% used [0x00000007a6ab0000, 0x00000007a6ab0000, 0x00000007a8000000)
 concurrent mark-sweep generation total 393216K, used 53905K [0x00000007a8000000, 0x00000007c0000000, 0x00000007c0000000)
 Metaspace       used 33486K, capacity 33960K, committed 34320K, reserved 1079296K
  class space    used 3885K, capacity 4037K, committed 4116K, reserved 1048576K
2016-10-23T18:04:59.739+0800: 64.742: [GC (Allocation Failure) 2016-10-23T18:04:59.739+0800: 64.742: [ParNew
Desired survivor size 20112992 bytes, new threshold 8 (max 8)
- age   1:    4094296 bytes,    4094296 total
- age   2:    4583792 bytes,    8678088 total
- age   3:    2385608 bytes,   11063696 total
- age   4:    1998560 bytes,   13062256 total
- age   5:    1360880 bytes,   14423136 total
- age   6:    1561408 bytes,   15984544 total
- age   7:      82952 bytes,   16067496 total
- age   8:     597760 bytes,   16665256 total
: 104500K->21824K(109248K), 0.0067888 secs] 158405K->76355K(502464K), 0.0068570 secs] [Times: user=0.04 sys=0.00, real=0.01 secs] 
Heap after GC invocations=79 (full 2):
 par new generation   total 109248K, used 21824K [0x00000007a0000000, 0x00000007a8000000, 0x00000007a8000000)
  eden space 87424K,   0% used [0x00000007a0000000, 0x00000007a0000000, 0x00000007a5560000)
  from space 21824K, 100% used [0x00000007a6ab0000, 0x00000007a8000000, 0x00000007a8000000)
  to   space 21824K,   0% used [0x00000007a5560000, 0x00000007a5560000, 0x00000007a6ab0000)
 concurrent mark-sweep generation total 393216K, used 54531K [0x00000007a8000000, 0x00000007c0000000, 0x00000007c0000000)
 Metaspace       used 33486K, capacity 33960K, committed 34320K, reserved 1079296K
  class space    used 3885K, capacity 4037K, committed 4116K, reserved 1048576K
}
2016-10-23T18:04:59.746+0800: 64.749: Total time for which application threads were stopped: 0.0071580 seconds, Stopping threads took: 0.0000947 seconds
{Heap before GC invocations=79 (full 2):
 par new generation   total 109248K, used 109248K [0x00000007a0000000, 0x00000007a8000000, 0x00000007a8000000)
  eden space 87424K, 100% used [0x00000007a0000000, 0x00000007a5560000, 0x00000007a5560000)
  from space 21824K, 100% used [0x00000007a6ab0000, 0x00000007a8000000, 0x00000007a8000000)
  to   space 21824K,   0% used [0x00000007a5560000, 0x00000007a5560000, 0x00000007a6ab0000)
 concurrent mark-sweep generation total 393216K, used 54531K [0x00000007a8000000, 0x00000007c0000000, 0x00000007c0000000)
 Metaspace       used 33490K, capacity 33968K, committed 34320K, reserved 1079296K
  class space    used 3885K, capacity 4037K, committed 4116K, reserved 1048576K
2016-10-23T18:04:59.823+0800: 64.826: [GC (Allocation Failure) 2016-10-23T18:04:59.823+0800: 64.826: [ParNew
Desired survivor size 20112992 bytes, new threshold 8 (max 8)
- age   1:    3128336 bytes,    3128336 total
- age   2:    3492640 bytes,    6620976 total
- age   3:    4487504 bytes,   11108480 total
- age   4:    2313224 bytes,   13421704 total
- age   5:    1932896 bytes,   15354600 total
- age   6:    1292816 bytes,   16647416 total
- age   7:    1455576 bytes,   18102992 total
- age   8:      82952 bytes,   18185944 total
: 109248K->21098K(109248K), 0.0071844 secs] 163779K->76222K(502464K), 0.0073314 secs] [Times: user=0.04 sys=0.00, real=0.01 secs] 
Heap after GC invocations=80 (full 2):
 par new generation   total 109248K, used 21098K [0x00000007a0000000, 0x00000007a8000000, 0x00000007a8000000)
  eden space 87424K,   0% used [0x00000007a0000000, 0x00000007a0000000, 0x00000007a5560000)
  from space 21824K,  96% used [0x00000007a5560000, 0x00000007a69fab40, 0x00000007a6ab0000)
  to   space 21824K,   0% used [0x00000007a6ab0000, 0x00000007a6ab0000, 0x00000007a8000000)
 concurrent mark-sweep generation total 393216K, used 55123K [0x00000007a8000000, 0x00000007c0000000, 0x00000007c0000000)
 Metaspace       used 33490K, capacity 33968K, committed 34320K, reserved 1079296K
  class space    used 3885K, capacity 4037K, committed 4116K, reserved 1048576K
}
2016-10-23T18:04:59.830+0800: 64.834: Total time for which application threads were stopped: 0.0077547 seconds, Stopping threads took: 0.0000875 seconds
2016-10-23T18:04:59.889+0800: 64.892: Total time for which application threads were stopped: 0.0002114 seconds, Stopping threads took: 0.0000862 seconds
2016-10-23T18:04:59.889+0800: 64.892: Total time for which application threads were stopped: 0.0001449 seconds, Stopping threads took: 0.0000666 seconds
2016-10-23T18:04:59.889+0800: 64.892: Total time for which application threads were stopped: 0.0001183 seconds, Stopping threads took: 0.0000545 seconds
2016-10-23T18:04:59.889+0800: 64.892: Total time for which application threads were stopped: 0.0001729 seconds, Stopping threads took: 0.0001066 seconds
{Heap before GC invocations=80 (full 2):
 par new generation   total 109248K, used 108522K [0x00000007a0000000, 0x00000007a8000000, 0x00000007a8000000)
  eden space 87424K, 100% used [0x00000007a0000000, 0x00000007a5560000, 0x00000007a5560000)
  from space 21824K,  96% used [0x00000007a5560000, 0x00000007a69fab40, 0x00000007a6ab0000)
  to   space 21824K,   0% used [0x00000007a6ab0000, 0x00000007a6ab0000, 0x00000007a8000000)
 concurrent mark-sweep generation total 393216K, used 55123K [0x00000007a8000000, 0x00000007c0000000, 0x00000007c0000000)
 Metaspace       used 33506K, capacity 33968K, committed 34320K, reserved 1079296K
  class space    used 3885K, capacity 4037K, committed 4116K, reserved 1048576K
2016-10-23T18:04:59.923+0800: 64.926: [GC (Allocation Failure) 2016-10-23T18:04:59.923+0800: 64.926: [ParNew
Desired survivor size 20112992 bytes, new threshold 8 (max 8)
- age   1:    2631272 bytes,    2631272 total
- age   2:    2258784 bytes,    4890056 total
- age   3:    3384224 bytes,    8274280 total
- age   4:    4267904 bytes,   12542184 total
- age   5:    2151776 bytes,   14693960 total
- age   6:    1787008 bytes,   16480968 total
- age   7:    1141256 bytes,   17622224 total
- age   8:    1251312 bytes,   18873536 total
: 108522K->21824K(109248K), 0.0054695 secs] 163646K->77029K(502464K), 0.0055223 secs] [Times: user=0.03 sys=0.00, real=0.00 secs] 
Heap after GC invocations=81 (full 2):
 par new generation   total 109248K, used 21824K [0x00000007a0000000, 0x00000007a8000000, 0x00000007a8000000)
  eden space 87424K,   0% used [0x00000007a0000000, 0x00000007a0000000, 0x00000007a5560000)
  from space 21824K, 100% used [0x00000007a6ab0000, 0x00000007a8000000, 0x00000007a8000000)
  to   space 21824K,   0% used [0x00000007a5560000, 0x00000007a5560000, 0x00000007a6ab0000)
 concurrent mark-sweep generation total 393216K, used 55205K [0x00000007a8000000, 0x00000007c0000000, 0x00000007c0000000)
 Metaspace       used 33506K, capacity 33968K, committed 34320K, reserved 1079296K
  class space    used 3885K, capacity 4037K, committed 4116K, reserved 1048576K
}
2016-10-23T18:04:59.928+0800: 64.932: Total time for which application threads were stopped: 0.0057054 seconds, Stopping threads took: 0.0000536 seconds
{Heap before GC invocations=81 (full 2):
 par new generation   total 109248K, used 109248K [0x00000007a0000000, 0x00000007a8000000, 0x00000007a8000000)
  eden space 87424K, 100% used [0x00000007a0000000, 0x00000007a5560000, 0x00000007a5560000)
  from space 21824K, 100% used [0x00000007a6ab0000, 0x00000007a8000000, 0x00000007a8000000)
  to   space 21824K,   0% used [0x00000007a5560000, 0x00000007a5560000, 0x00000007a6ab0000)
 concurrent mark-sweep generation total 393216K, used 55205K [0x00000007a8000000, 0x00000007c0000000, 0x00000007c0000000)
 Metaspace       used 33506K, capacity 33968K, committed 34320K, reserved 1079296K
  class space    used 3885K, capacity 4037K, committed 4116K, reserved 1048576K
2016-10-23T18:04:59.992+0800: 64.996: [GC (Allocation Failure) 2016-10-23T18:04:59.993+0800: 64.996: [ParNew
Desired survivor size 20112992 bytes, new threshold 8 (max 8)
- age   1:    2788272 bytes,    2788272 total
- age   2:    1466640 bytes,    4254912 total
- age   3:    1856104 bytes,    6111016 total
- age   4:    3282248 bytes,    9393264 total
- age   5:    3873568 bytes,   13266832 total
- age   6:    1855792 bytes,   15122624 total
- age   7:    1524496 bytes,   16647120 total
- age   8:    1140208 bytes,   17787328 total
: 109248K->21824K(109248K), 0.0066761 secs] 164453K->79865K(502464K), 0.0067388 secs] [Times: user=0.04 sys=0.01, real=0.00 secs] 
Heap after GC invocations=82 (full 2):
 par new generation   total 109248K, used 21824K [0x00000007a0000000, 0x00000007a8000000, 0x00000007a8000000)
  eden space 87424K,   0% used [0x00000007a0000000, 0x00000007a0000000, 0x00000007a5560000)
  from space 21824K, 100% used [0x00000007a5560000, 0x00000007a6ab0000, 0x00000007a6ab0000)
  to   space 21824K,   0% used [0x00000007a6ab0000, 0x00000007a6ab0000, 0x00000007a8000000)
 concurrent mark-sweep generation total 393216K, used 58041K [0x00000007a8000000, 0x00000007c0000000, 0x00000007c0000000)
 Metaspace       used 33506K, capacity 33968K, committed 34320K, reserved 1079296K
  class space    used 3885K, capacity 4037K, committed 4116K, reserved 1048576K
}
2016-10-23T18:04:59.999+0800: 65.003: Total time for which application threads were stopped: 0.0069875 seconds, Stopping threads took: 0.0000887 seconds
{Heap before GC invocations=82 (full 2):
 par new generation   total 109248K, used 109248K [0x00000007a0000000, 0x00000007a8000000, 0x00000007a8000000)
  eden space 87424K, 100% used [0x00000007a0000000, 0x00000007a5560000, 0x00000007a5560000)
  from space 21824K, 100% used [0x00000007a5560000, 0x00000007a6ab0000, 0x00000007a6ab0000)
  to   space 21824K,   0% used [0x00000007a6ab0000, 0x00000007a6ab0000, 0x00000007a8000000)
 concurrent mark-sweep generation total 393216K, used 58041K [0x00000007a8000000, 0x00000007c0000000, 0x00000007c0000000)
 Metaspace       used 33506K, capacity 33968K, committed 34320K, reserved 1079296K
  class space    used 3885K, capacity 4037K, committed 4116K, reserved 1048576K
2016-10-23T18:05:00.074+0800: 65.077: [GC (Allocation Failure) 2016-10-23T18:05:00.074+0800: 65.077: [ParNew
Desired survivor size 20112992 bytes, new threshold 8 (max 8)
- age   1:    2712432 bytes,    2712432 total
- age   2:    1520672 bytes,    4233104 total
- age   3:    1398304 bytes,    5631408 total
- age   4:    1846040 bytes,    7477448 total
- age   5:    3136048 bytes,   10613496 total
- age   6:    3846800 bytes,   14460296 total
- age   7:    1813704 bytes,   16274000 total
- age   8:    1400048 bytes,   17674048 total
: 109248K->21824K(109248K), 0.0068078 secs] 167289K->81976K(502464K), 0.0068569 secs] [Times: user=0.04 sys=0.00, real=0.01 secs] 
Heap after GC invocations=83 (full 2):
 par new generation   total 109248K, used 21824K [0x00000007a0000000, 0x00000007a8000000, 0x00000007a8000000)
  eden space 87424K,   0% used [0x00000007a0000000, 0x00000007a0000000, 0x00000007a5560000)
  from space 21824K, 100% used [0x00000007a6ab0000, 0x00000007a8000000, 0x00000007a8000000)
  to   space 21824K,   0% used [0x00000007a5560000, 0x00000007a5560000, 0x00000007a6ab0000)
 concurrent mark-sweep generation total 393216K, used 60152K [0x00000007a8000000, 0x00000007c0000000, 0x00000007c0000000)
 Metaspace       used 33506K, capacity 33968K, committed 34320K, reserved 1079296K
  class space    used 3885K, capacity 4037K, committed 4116K, reserved 1048576K
}
2016-10-23T18:05:00.081+0800: 65.084: Total time for which application threads were stopped: 0.0070773 seconds, Stopping threads took: 0.0000748 seconds
{Heap before GC invocations=83 (full 2):
 par new generation   total 109248K, used 109248K [0x00000007a0000000, 0x00000007a8000000, 0x00000007a8000000)
  eden space 87424K, 100% used [0x00000007a0000000, 0x00000007a5560000, 0x00000007a5560000)
  from space 21824K, 100% used [0x00000007a6ab0000, 0x00000007a8000000, 0x00000007a8000000)
  to   space 21824K,   0% used [0x00000007a5560000, 0x00000007a5560000, 0x00000007a6ab0000)
 concurrent mark-sweep generation total 393216K, used 60152K [0x00000007a8000000, 0x00000007c0000000, 0x00000007c0000000)
 Metaspace       used 33508K, capacity 33968K, committed 34320K, reserved 1079296K
  class space    used 3885K, capacity 4037K, committed 4116K, reserved 1048576K
2016-10-23T18:05:00.175+0800: 65.178: [GC (Allocation Failure) 2016-10-23T18:05:00.175+0800: 65.178: [ParNew
Desired survivor size 20112992 bytes, new threshold 8 (max 8)
- age   1:    4553136 bytes,    4553136 total
- age   2:    1404424 bytes,    5957560 total
- age   3:    1228224 bytes,    7185784 total
- age   4:    1300136 bytes,    8485920 total
- age   5:    1814896 bytes,   10300816 total
- age   6:    3105600 bytes,   13406416 total
- age   7:    3846544 bytes,   17252960 total
- age   8:    1813656 bytes,   19066616 total
: 109248K->21824K(109248K), 0.0059389 secs] 169400K->83655K(502464K), 0.0060047 secs] [Times: user=0.02 sys=0.00, real=0.01 secs] 
Heap after GC invocations=84 (full 2):
 par new generation   total 109248K, used 21824K [0x00000007a0000000, 0x00000007a8000000, 0x00000007a8000000)
  eden space 87424K,   0% used [0x00000007a0000000, 0x00000007a0000000, 0x00000007a5560000)
  from space 21824K, 100% used [0x00000007a5560000, 0x00000007a6ab0000, 0x00000007a6ab0000)
  to   space 21824K,   0% used [0x00000007a6ab0000, 0x00000007a6ab0000, 0x00000007a8000000)
 concurrent mark-sweep generation total 393216K, used 61831K [0x00000007a8000000, 0x00000007c0000000, 0x00000007c0000000)
 Metaspace       used 33508K, capacity 33968K, committed 34320K, reserved 1079296K
  class space    used 3885K, capacity 4037K, committed 4116K, reserved 1048576K
}
2016-10-23T18:05:00.181+0800: 65.184: Total time for which application threads were stopped: 0.0062588 seconds, Stopping threads took: 0.0000765 seconds
{Heap before GC invocations=84 (full 2):
 par new generation   total 109248K, used 109248K [0x00000007a0000000, 0x00000007a8000000, 0x00000007a8000000)
  eden space 87424K, 100% used [0x00000007a0000000, 0x00000007a5560000, 0x00000007a5560000)
  from space 21824K, 100% used [0x00000007a5560000, 0x00000007a6ab0000, 0x00000007a6ab0000)
  to   space 21824K,   0% used [0x00000007a6ab0000, 0x00000007a6ab0000, 0x00000007a8000000)
 concurrent mark-sweep generation total 393216K, used 61831K [0x00000007a8000000, 0x00000007c0000000, 0x00000007c0000000)
 Metaspace       used 33509K, capacity 33968K, committed 34320K, reserved 1079296K
  class space    used 3885K, capacity 4037K, committed 4116K, reserved 1048576K
2016-10-23T18:05:00.298+0800: 65.301: [GC (Allocation Failure) 2016-10-23T18:05:00.298+0800: 65.301: [ParNew
Desired survivor size 20112992 bytes, new threshold 8 (max 8)
- age   1:    6250464 bytes,    6250464 total
- age   2:    2273248 bytes,    8523712 total
- age   3:    1124424 bytes,    9648136 total
- age   4:     934704 bytes,   10582840 total
- age   5:    1210152 bytes,   11792992 total
- age   6:    1789368 bytes,   13582360 total
- age   7:    3056568 bytes,   16638928 total
- age   8:    3845912 bytes,   20484840 total
: 109248K->21824K(109248K), 0.0065686 secs] 171079K->86305K(502464K), 0.0066214 secs] [Times: user=0.02 sys=0.01, real=0.01 secs] 
Heap after GC invocations=85 (full 2):
 par new generation   total 109248K, used 21824K [0x00000007a0000000, 0x00000007a8000000, 0x00000007a8000000)
  eden space 87424K,   0% used [0x00000007a0000000, 0x00000007a0000000, 0x00000007a5560000)
  from space 21824K, 100% used [0x00000007a6ab0000, 0x00000007a8000000, 0x00000007a8000000)
  to   space 21824K,   0% used [0x00000007a5560000, 0x00000007a5560000, 0x00000007a6ab0000)
 concurrent mark-sweep generation total 393216K, used 64481K [0x00000007a8000000, 0x00000007c0000000, 0x00000007c0000000)
 Metaspace       used 33509K, capacity 33968K, committed 34320K, reserved 1079296K
  class space    used 3885K, capacity 4037K, committed 4116K, reserved 1048576K
}
2016-10-23T18:05:00.304+0800: 65.308: Total time for which application threads were stopped: 0.0068961 seconds, Stopping threads took: 0.0000800 seconds
{Heap before GC invocations=85 (full 2):
 par new generation   total 109248K, used 109248K [0x00000007a0000000, 0x00000007a8000000, 0x00000007a8000000)
  eden space 87424K, 100% used [0x00000007a0000000, 0x00000007a5560000, 0x00000007a5560000)
  from space 21824K, 100% used [0x00000007a6ab0000, 0x00000007a8000000, 0x00000007a8000000)
  to   space 21824K,   0% used [0x00000007a5560000, 0x00000007a5560000, 0x00000007a6ab0000)
 concurrent mark-sweep generation total 393216K, used 64481K [0x00000007a8000000, 0x00000007c0000000, 0x00000007c0000000)
 Metaspace       used 33509K, capacity 33968K, committed 34320K, reserved 1079296K
  class space    used 3885K, capacity 4037K, committed 4116K, reserved 1048576K
2016-10-23T18:05:00.404+0800: 65.407: [GC (Allocation Failure) 2016-10-23T18:05:00.404+0800: 65.407: [ParNew
Desired survivor size 20112992 bytes, new threshold 8 (max 8)
- age   1:    5678712 bytes,    5678712 total
- age   2:    3189264 bytes,    8867976 total
- age   3:    1934728 bytes,   10802704 total
- age   4:    1071592 bytes,   11874296 total
- age   5:     905056 bytes,   12779352 total
- age   6:    1197536 bytes,   13976888 total
- age   7:    1784128 bytes,   15761016 total
- age   8:    3046504 bytes,   18807520 total
: 109248K->21824K(109248K), 0.0081754 secs] 173729K->90873K(502464K), 0.0082286 secs] [Times: user=0.03 sys=0.00, real=0.01 secs] 
Heap after GC invocations=86 (full 2):
 par new generation   total 109248K, used 21824K [0x00000007a0000000, 0x00000007a8000000, 0x00000007a8000000)
  eden space 87424K,   0% used [0x00000007a0000000, 0x00000007a0000000, 0x00000007a5560000)
  from space 21824K, 100% used [0x00000007a5560000, 0x00000007a6ab0000, 0x00000007a6ab0000)
  to   space 21824K,   0% used [0x00000007a6ab0000, 0x00000007a6ab0000, 0x00000007a8000000)
 concurrent mark-sweep generation total 393216K, used 69049K [0x00000007a8000000, 0x00000007c0000000, 0x00000007c0000000)
 Metaspace       used 33509K, capacity 33968K, committed 34320K, reserved 1079296K
  class space    used 3885K, capacity 4037K, committed 4116K, reserved 1048576K
}
2016-10-23T18:05:00.412+0800: 65.415: Total time for which application threads were stopped: 0.0084417 seconds, Stopping threads took: 0.0000582 seconds
{Heap before GC invocations=86 (full 2):
 par new generation   total 109248K, used 109248K [0x00000007a0000000, 0x00000007a8000000, 0x00000007a8000000)
  eden space 87424K, 100% used [0x00000007a0000000, 0x00000007a5560000, 0x00000007a5560000)
  from space 21824K, 100% used [0x00000007a5560000, 0x00000007a6ab0000, 0x00000007a6ab0000)
  to   space 21824K,   0% used [0x00000007a6ab0000, 0x00000007a6ab0000, 0x00000007a8000000)
 concurrent mark-sweep generation total 393216K, used 69049K [0x00000007a8000000, 0x00000007c0000000, 0x00000007c0000000)
 Metaspace       used 33655K, capacity 34128K, committed 34576K, reserved 1079296K
  class space    used 3905K, capacity 4069K, committed 4116K, reserved 1048576K
2016-10-23T18:05:00.597+0800: 65.601: [GC (Allocation Failure) 2016-10-23T18:05:00.597+0800: 65.601: [ParNew
Desired survivor size 20112992 bytes, new threshold 8 (max 8)
- age   1:    7584536 bytes,    7584536 total
- age   2:    2380992 bytes,    9965528 total
- age   3:    2116720 bytes,   12082248 total
- age   4:    1236936 bytes,   13319184 total
- age   5:     834160 bytes,   14153344 total
- age   6:     827080 bytes,   14980424 total
- age   7:    1174504 bytes,   16154928 total
- age   8:    1768888 bytes,   17923816 total
: 109248K->21824K(109248K), 0.0088346 secs] 178297K->96719K(502464K), 0.0088842 secs] [Times: user=0.05 sys=0.00, real=0.01 secs] 
Heap after GC invocations=87 (full 2):
 par new generation   total 109248K, used 21824K [0x00000007a0000000, 0x00000007a8000000, 0x00000007a8000000)
  eden space 87424K,   0% used [0x00000007a0000000, 0x00000007a0000000, 0x00000007a5560000)
  from space 21824K, 100% used [0x00000007a6ab0000, 0x00000007a8000000, 0x00000007a8000000)
  to   space 21824K,   0% used [0x00000007a5560000, 0x00000007a5560000, 0x00000007a6ab0000)
 concurrent mark-sweep generation total 393216K, used 74895K [0x00000007a8000000, 0x00000007c0000000, 0x00000007c0000000)
 Metaspace       used 33655K, capacity 34128K, committed 34576K, reserved 1079296K
  class space    used 3905K, capacity 4069K, committed 4116K, reserved 1048576K
}
2016-10-23T18:05:00.606+0800: 65.610: Total time for which application threads were stopped: 0.0091370 seconds, Stopping threads took: 0.0000781 seconds
2016-10-23T18:05:00.613+0800: 65.616: Total time for which application threads were stopped: 0.0001317 seconds, Stopping threads took: 0.0000438 seconds
2016-10-23T18:05:00.614+0800: 65.618: Total time for which application threads were stopped: 0.0001609 seconds, Stopping threads took: 0.0000736 seconds
2016-10-23T18:05:00.635+0800: 65.639: Total time for which application threads were stopped: 0.0001565 seconds, Stopping threads took: 0.0000722 seconds
2016-10-23T18:05:00.636+0800: 65.639: Total time for which application threads were stopped: 0.0001330 seconds, Stopping threads took: 0.0000618 seconds
2016-10-23T18:05:00.650+0800: 65.653: Total time for which application threads were stopped: 0.0007470 seconds, Stopping threads took: 0.0000890 seconds
2016-10-23T18:05:00.687+0800: 65.690: Total time for which application threads were stopped: 0.0002231 seconds, Stopping threads took: 0.0000782 seconds
2016-10-23T18:05:00.687+0800: 65.690: Total time for which application threads were stopped: 0.0001837 seconds, Stopping threads took: 0.0000600 seconds
{Heap before GC invocations=87 (full 2):
 par new generation   total 109248K, used 109248K [0x00000007a0000000, 0x00000007a8000000, 0x00000007a8000000)
  eden space 87424K, 100% used [0x00000007a0000000, 0x00000007a5560000, 0x00000007a5560000)
  from space 21824K, 100% used [0x00000007a6ab0000, 0x00000007a8000000, 0x00000007a8000000)
  to   space 21824K,   0% used [0x00000007a5560000, 0x00000007a5560000, 0x00000007a6ab0000)
 concurrent mark-sweep generation total 393216K, used 74895K [0x00000007a8000000, 0x00000007c0000000, 0x00000007c0000000)
 Metaspace       used 33699K, capacity 34192K, committed 34576K, reserved 1079296K
  class space    used 3910K, capacity 4069K, committed 4116K, reserved 1048576K
2016-10-23T18:05:00.788+0800: 65.792: [GC (Allocation Failure) 2016-10-23T18:05:00.788+0800: 65.792: [ParNew
Desired survivor size 20112992 bytes, new threshold 8 (max 8)
- age   1:    4181704 bytes,    4181704 total
- age   2:    6062496 bytes,   10244200 total
- age   3:    2139392 bytes,   12383592 total
- age   4:    1925376 bytes,   14308968 total
- age   5:    1153560 bytes,   15462528 total
- age   6:     793728 bytes,   16256256 total
- age   7:     775976 bytes,   17032232 total
- age   8:    1136816 bytes,   18169048 total
: 109248K->21824K(109248K), 0.0085109 secs] 184143K->98280K(502464K), 0.0085877 secs] [Times: user=0.05 sys=0.00, real=0.01 secs] 
Heap after GC invocations=88 (full 2):
 par new generation   total 109248K, used 21824K [0x00000007a0000000, 0x00000007a8000000, 0x00000007a8000000)
  eden space 87424K,   0% used [0x00000007a0000000, 0x00000007a0000000, 0x00000007a5560000)
  from space 21824K, 100% used [0x00000007a5560000, 0x00000007a6ab0000, 0x00000007a6ab0000)
  to   space 21824K,   0% used [0x00000007a6ab0000, 0x00000007a6ab0000, 0x00000007a8000000)
 concurrent mark-sweep generation total 393216K, used 76456K [0x00000007a8000000, 0x00000007c0000000, 0x00000007c0000000)
 Metaspace       used 33699K, capacity 34192K, committed 34576K, reserved 1079296K
  class space    used 3910K, capacity 4069K, committed 4116K, reserved 1048576K
}
2016-10-23T18:05:00.797+0800: 65.800: Total time for which application threads were stopped: 0.0088856 seconds, Stopping threads took: 0.0000796 seconds
{Heap before GC invocations=88 (full 2):
 par new generation   total 109248K, used 109248K [0x00000007a0000000, 0x00000007a8000000, 0x00000007a8000000)
  eden space 87424K, 100% used [0x00000007a0000000, 0x00000007a5560000, 0x00000007a5560000)
  from space 21824K, 100% used [0x00000007a5560000, 0x00000007a6ab0000, 0x00000007a6ab0000)
  to   space 21824K,   0% used [0x00000007a6ab0000, 0x00000007a6ab0000, 0x00000007a8000000)
 concurrent mark-sweep generation total 393216K, used 76456K [0x00000007a8000000, 0x00000007c0000000, 0x00000007c0000000)
 Metaspace       used 33722K, capacity 34192K, committed 34576K, reserved 1079296K
  class space    used 3913K, capacity 4069K, committed 4116K, reserved 1048576K
2016-10-23T18:05:00.930+0800: 65.933: [GC (Allocation Failure) 2016-10-23T18:05:00.930+0800: 65.933: [ParNew
Desired survivor size 20112992 bytes, new threshold 8 (max 8)
- age   1:    2188480 bytes,    2188480 total
- age   2:    2770400 bytes,    4958880 total
- age   3:    5737368 bytes,   10696248 total
- age   4:    2141360 bytes,   12837608 total
- age   5:    1927080 bytes,   14764688 total
- age   6:    1154640 bytes,   15919328 total
- age   7:     794496 bytes,   16713824 total
- age   8:     776504 bytes,   17490328 total
: 109248K->21824K(109248K), 0.0089094 secs] 185704K->100690K(502464K), 0.0089845 secs] [Times: user=0.05 sys=0.00, real=0.00 secs] 
Heap after GC invocations=89 (full 2):
 par new generation   total 109248K, used 21824K [0x00000007a0000000, 0x00000007a8000000, 0x00000007a8000000)
  eden space 87424K,   0% used [0x00000007a0000000, 0x00000007a0000000, 0x00000007a5560000)
  from space 21824K, 100% used [0x00000007a6ab0000, 0x00000007a8000000, 0x00000007a8000000)
  to   space 21824K,   0% used [0x00000007a5560000, 0x00000007a5560000, 0x00000007a6ab0000)
 concurrent mark-sweep generation total 393216K, used 78866K [0x00000007a8000000, 0x00000007c0000000, 0x00000007c0000000)
 Metaspace       used 33722K, capacity 34192K, committed 34576K, reserved 1079296K
  class space    used 3913K, capacity 4069K, committed 4116K, reserved 1048576K
}
2016-10-23T18:05:00.939+0800: 65.942: Total time for which application threads were stopped: 0.0093293 seconds, Stopping threads took: 0.0001035 seconds
2016-10-23T18:05:01.007+0800: 66.010: Total time for which application threads were stopped: 0.0002414 seconds, Stopping threads took: 0.0000871 seconds
2016-10-23T18:05:01.007+0800: 66.010: Total time for which application threads were stopped: 0.0001823 seconds, Stopping threads took: 0.0000807 seconds
2016-10-23T18:05:01.007+0800: 66.011: Total time for which application threads were stopped: 0.0001038 seconds, Stopping threads took: 0.0000320 seconds
2016-10-23T18:05:01.043+0800: 66.046: Total time for which application threads were stopped: 0.0002211 seconds, Stopping threads took: 0.0000857 seconds
2016-10-23T18:05:01.048+0800: 66.051: Total time for which application threads were stopped: 0.0002139 seconds, Stopping threads took: 0.0000709 seconds
2016-10-23T18:05:01.098+0800: 66.102: Total time for which application threads were stopped: 0.0002395 seconds, Stopping threads took: 0.0000840 seconds
2016-10-23T18:05:01.099+0800: 66.102: Total time for which application threads were stopped: 0.0001036 seconds, Stopping threads took: 0.0000309 seconds
2016-10-23T18:05:01.101+0800: 66.104: Total time for which application threads were stopped: 0.0001669 seconds, Stopping threads took: 0.0000725 seconds
2016-10-23T18:05:01.102+0800: 66.106: Total time for which application threads were stopped: 0.0001594 seconds, Stopping threads took: 0.0000742 seconds
{Heap before GC invocations=89 (full 2):
 par new generation   total 109248K, used 109248K [0x00000007a0000000, 0x00000007a8000000, 0x00000007a8000000)
  eden space 87424K, 100% used [0x00000007a0000000, 0x00000007a5560000, 0x00000007a5560000)
  from space 21824K, 100% used [0x00000007a6ab0000, 0x00000007a8000000, 0x00000007a8000000)
  to   space 21824K,   0% used [0x00000007a5560000, 0x00000007a5560000, 0x00000007a6ab0000)
 concurrent mark-sweep generation total 393216K, used 78866K [0x00000007a8000000, 0x00000007c0000000, 0x00000007c0000000)
 Metaspace       used 33745K, capacity 34256K, committed 34576K, reserved 1079296K
  class space    used 3914K, capacity 4069K, committed 4116K, reserved 1048576K
2016-10-23T18:05:01.152+0800: 66.155: [GC (Allocation Failure) 2016-10-23T18:05:01.152+0800: 66.155: [ParNew
Desired survivor size 20112992 bytes, new threshold 8 (max 8)
- age   1:    6008000 bytes,    6008000 total
- age   2:     985648 bytes,    6993648 total
- age   3:    2287712 bytes,    9281360 total
- age   4:    5383928 bytes,   14665288 total
- age   5:    1876656 bytes,   16541944 total
- age   6:    1687416 bytes,   18229360 total
- age   7:     967376 bytes,   19196736 total
- age   8:     670272 bytes,   19867008 total
: 109248K->21824K(109248K), 0.0073105 secs] 188114K->101794K(502464K), 0.0073804 secs] [Times: user=0.04 sys=0.00, real=0.00 secs] 
Heap after GC invocations=90 (full 2):
 par new generation   total 109248K, used 21824K [0x00000007a0000000, 0x00000007a8000000, 0x00000007a8000000)
  eden space 87424K,   0% used [0x00000007a0000000, 0x00000007a0000000, 0x00000007a5560000)
  from space 21824K, 100% used [0x00000007a5560000, 0x00000007a6ab0000, 0x00000007a6ab0000)
  to   space 21824K,   0% used [0x00000007a6ab0000, 0x00000007a6ab0000, 0x00000007a8000000)
 concurrent mark-sweep generation total 393216K, used 79970K [0x00000007a8000000, 0x00000007c0000000, 0x00000007c0000000)
 Metaspace       used 33745K, capacity 34256K, committed 34576K, reserved 1079296K
  class space    used 3914K, capacity 4069K, committed 4116K, reserved 1048576K
}
2016-10-23T18:05:01.159+0800: 66.163: Total time for which application threads were stopped: 0.0076438 seconds, Stopping threads took: 0.0000696 seconds
2016-10-23T18:05:01.281+0800: 66.284: Total time for which application threads were stopped: 0.0002948 seconds, Stopping threads took: 0.0000879 seconds
2016-10-23T18:05:01.299+0800: 66.302: Total time for which application threads were stopped: 0.0002080 seconds, Stopping threads took: 0.0000930 seconds
2016-10-23T18:05:01.299+0800: 66.303: Total time for which application threads were stopped: 0.0001338 seconds, Stopping threads took: 0.0000618 seconds
2016-10-23T18:05:01.299+0800: 66.303: Total time for which application threads were stopped: 0.0001327 seconds, Stopping threads took: 0.0000634 seconds
2016-10-23T18:05:01.300+0800: 66.303: Total time for which application threads were stopped: 0.0001058 seconds, Stopping threads took: 0.0000375 seconds
2016-10-23T18:05:01.300+0800: 66.304: Total time for which application threads were stopped: 0.0001657 seconds, Stopping threads took: 0.0000804 seconds
2016-10-23T18:05:01.301+0800: 66.304: Total time for which application threads were stopped: 0.0002870 seconds, Stopping threads took: 0.0000303 seconds
2016-10-23T18:05:01.308+0800: 66.312: Total time for which application threads were stopped: 0.0002274 seconds, Stopping threads took: 0.0001017 seconds
{Heap before GC invocations=90 (full 2):
 par new generation   total 109248K, used 109248K [0x00000007a0000000, 0x00000007a8000000, 0x00000007a8000000)
  eden space 87424K, 100% used [0x00000007a0000000, 0x00000007a5560000, 0x00000007a5560000)
  from space 21824K, 100% used [0x00000007a5560000, 0x00000007a6ab0000, 0x00000007a6ab0000)
  to   space 21824K,   0% used [0x00000007a6ab0000, 0x00000007a6ab0000, 0x00000007a8000000)
 concurrent mark-sweep generation total 393216K, used 79970K [0x00000007a8000000, 0x00000007c0000000, 0x00000007c0000000)
 Metaspace       used 33765K, capacity 34264K, committed 34576K, reserved 1079296K
  class space    used 3914K, capacity 4069K, committed 4116K, reserved 1048576K
2016-10-23T18:05:01.346+0800: 66.349: [GC (Allocation Failure) 2016-10-23T18:05:01.346+0800: 66.349: [ParNew
Desired survivor size 20112992 bytes, new threshold 8 (max 8)
- age   1:    3588312 bytes,    3588312 total
- age   2:    2763088 bytes,    6351400 total
- age   3:     654352 bytes,    7005752 total
- age   4:    2117576 bytes,    9123328 total
- age   5:    5383488 bytes,   14506816 total
- age   6:    1876656 bytes,   16383472 total
- age   7:    1687416 bytes,   18070888 total
- age   8:     967400 bytes,   19038288 total
: 109248K->21824K(109248K), 0.0078326 secs] 189218K->105166K(502464K), 0.0078975 secs] [Times: user=0.04 sys=0.00, real=0.01 secs] 
Heap after GC invocations=91 (full 2):
 par new generation   total 109248K, used 21824K [0x00000007a0000000, 0x00000007a8000000, 0x00000007a8000000)
  eden space 87424K,   0% used [0x00000007a0000000, 0x00000007a0000000, 0x00000007a5560000)
  from space 21824K, 100% used [0x00000007a6ab0000, 0x00000007a8000000, 0x00000007a8000000)
  to   space 21824K,   0% used [0x00000007a5560000, 0x00000007a5560000, 0x00000007a6ab0000)
 concurrent mark-sweep generation total 393216K, used 83342K [0x00000007a8000000, 0x00000007c0000000, 0x00000007c0000000)
 Metaspace       used 33765K, capacity 34264K, committed 34576K, reserved 1079296K
  class space    used 3914K, capacity 4069K, committed 4116K, reserved 1048576K
}
2016-10-23T18:05:01.354+0800: 66.357: Total time for which application threads were stopped: 0.0081675 seconds, Stopping threads took: 0.0000676 seconds
2016-10-23T18:05:01.429+0800: 66.433: Total time for which application threads were stopped: 0.0001808 seconds, Stopping threads took: 0.0001001 seconds
2016-10-23T18:05:01.432+0800: 66.435: Total time for which application threads were stopped: 0.0001437 seconds, Stopping threads took: 0.0000741 seconds
2016-10-23T18:05:01.432+0800: 66.435: Total time for which application threads were stopped: 0.0001672 seconds, Stopping threads took: 0.0000646 seconds
2016-10-23T18:05:01.432+0800: 66.436: Total time for which application threads were stopped: 0.0002227 seconds, Stopping threads took: 0.0001260 seconds
2016-10-23T18:05:01.433+0800: 66.436: Total time for which application threads were stopped: 0.0008348 seconds, Stopping threads took: 0.0001247 seconds
2016-10-23T18:05:01.435+0800: 66.438: Total time for which application threads were stopped: 0.0003391 seconds, Stopping threads took: 0.0000855 seconds
2016-10-23T18:05:01.455+0800: 66.459: Total time for which application threads were stopped: 0.0002222 seconds, Stopping threads took: 0.0000986 seconds
2016-10-23T18:05:01.456+0800: 66.459: Total time for which application threads were stopped: 0.0001663 seconds, Stopping threads took: 0.0000679 seconds
2016-10-23T18:05:01.464+0800: 66.467: Total time for which application threads were stopped: 0.0002213 seconds, Stopping threads took: 0.0001178 seconds
2016-10-23T18:05:01.464+0800: 66.467: Total time for which application threads were stopped: 0.0001194 seconds, Stopping threads took: 0.0000291 seconds
{Heap before GC invocations=91 (full 2):
 par new generation   total 109248K, used 109248K [0x00000007a0000000, 0x00000007a8000000, 0x00000007a8000000)
  eden space 87424K, 100% used [0x00000007a0000000, 0x00000007a5560000, 0x00000007a5560000)
  from space 21824K, 100% used [0x00000007a6ab0000, 0x00000007a8000000, 0x00000007a8000000)
  to   space 21824K,   0% used [0x00000007a5560000, 0x00000007a5560000, 0x00000007a6ab0000)
 concurrent mark-sweep generation total 393216K, used 83342K [0x00000007a8000000, 0x00000007c0000000, 0x00000007c0000000)
 Metaspace       used 33779K, capacity 34264K, committed 34576K, reserved 1079296K
  class space    used 3915K, capacity 4069K, committed 4116K, reserved 1048576K
2016-10-23T18:05:01.556+0800: 66.560: [GC (Allocation Failure) 2016-10-23T18:05:01.557+0800: 66.560: [ParNew
Desired survivor size 20112992 bytes, new threshold 7 (max 8)
- age   1:    4720752 bytes,    4720752 total
- age   2:    3147384 bytes,    7868136 total
- age   3:    2489120 bytes,   10357256 total
- age   4:     654224 bytes,   11011480 total
- age   5:    2104224 bytes,   13115704 total
- age   6:    5423224 bytes,   18538928 total
- age   7:    1789776 bytes,   20328704 total
- age   8:    1609544 bytes,   21938248 total
: 109248K->21824K(109248K), 0.0101451 secs] 192590K->106433K(502464K), 0.0102172 secs] [Times: user=0.05 sys=0.00, real=0.01 secs] 
Heap after GC invocations=92 (full 2):
 par new generation   total 109248K, used 21824K [0x00000007a0000000, 0x00000007a8000000, 0x00000007a8000000)
  eden space 87424K,   0% used [0x00000007a0000000, 0x00000007a0000000, 0x00000007a5560000)
  from space 21824K, 100% used [0x00000007a5560000, 0x00000007a6ab0000, 0x00000007a6ab0000)
  to   space 21824K,   0% used [0x00000007a6ab0000, 0x00000007a6ab0000, 0x00000007a8000000)
 concurrent mark-sweep generation total 393216K, used 84609K [0x00000007a8000000, 0x00000007c0000000, 0x00000007c0000000)
 Metaspace       used 33779K, capacity 34264K, committed 34576K, reserved 1079296K
  class space    used 3915K, capacity 4069K, committed 4116K, reserved 1048576K
}
2016-10-23T18:05:01.567+0800: 66.570: Total time for which application threads were stopped: 0.0105011 seconds, Stopping threads took: 0.0000777 seconds
2016-10-23T18:05:01.652+0800: 66.656: Total time for which application threads were stopped: 0.0002156 seconds, Stopping threads took: 0.0000759 seconds
{Heap before GC invocations=92 (full 2):
 par new generation   total 109248K, used 109248K [0x00000007a0000000, 0x00000007a8000000, 0x00000007a8000000)
  eden space 87424K, 100% used [0x00000007a0000000, 0x00000007a5560000, 0x00000007a5560000)
  from space 21824K, 100% used [0x00000007a5560000, 0x00000007a6ab0000, 0x00000007a6ab0000)
  to   space 21824K,   0% used [0x00000007a6ab0000, 0x00000007a6ab0000, 0x00000007a8000000)
 concurrent mark-sweep generation total 393216K, used 84609K [0x00000007a8000000, 0x00000007c0000000, 0x00000007c0000000)
 Metaspace       used 33782K, capacity 34268K, committed 34576K, reserved 1079296K
  class space    used 3917K, capacity 4071K, committed 4116K, reserved 1048576K
2016-10-23T18:05:01.742+0800: 66.746: [GC (Allocation Failure) 2016-10-23T18:05:01.742+0800: 66.746: [ParNew
Desired survivor size 20112992 bytes, new threshold 7 (max 8)
- age   1:    6562104 bytes,    6562104 total
- age   2:    2764152 bytes,    9326256 total
- age   3:    1596792 bytes,   10923048 total
- age   4:    2214752 bytes,   13137800 total
- age   5:     653408 bytes,   13791208 total
- age   6:    2098816 bytes,   15890024 total
- age   7:    4629448 bytes,   20519472 total
: 109248K->21824K(109248K), 0.0098111 secs] 193857K->111946K(502464K), 0.0098843 secs] [Times: user=0.05 sys=0.00, real=0.01 secs] 
Heap after GC invocations=93 (full 2):
 par new generation   total 109248K, used 21824K [0x00000007a0000000, 0x00000007a8000000, 0x00000007a8000000)
  eden space 87424K,   0% used [0x00000007a0000000, 0x00000007a0000000, 0x00000007a5560000)
  from space 21824K, 100% used [0x00000007a6ab0000, 0x00000007a8000000, 0x00000007a8000000)
  to   space 21824K,   0% used [0x00000007a5560000, 0x00000007a5560000, 0x00000007a6ab0000)
 concurrent mark-sweep generation total 393216K, used 90122K [0x00000007a8000000, 0x00000007c0000000, 0x00000007c0000000)
 Metaspace       used 33782K, capacity 34268K, committed 34576K, reserved 1079296K
  class space    used 3917K, capacity 4071K, committed 4116K, reserved 1048576K
}
2016-10-23T18:05:01.752+0800: 66.756: Total time for which application threads were stopped: 0.0102317 seconds, Stopping threads took: 0.0001124 seconds
2016-10-23T18:05:01.896+0800: 66.899: Total time for which application threads were stopped: 0.0002173 seconds, Stopping threads took: 0.0001070 seconds
2016-10-23T18:05:01.896+0800: 66.899: Total time for which application threads were stopped: 0.0001076 seconds, Stopping threads took: 0.0000236 seconds
{Heap before GC invocations=93 (full 2):
 par new generation   total 109248K, used 109248K [0x00000007a0000000, 0x00000007a8000000, 0x00000007a8000000)
  eden space 87424K, 100% used [0x00000007a0000000, 0x00000007a5560000, 0x00000007a5560000)
  from space 21824K, 100% used [0x00000007a6ab0000, 0x00000007a8000000, 0x00000007a8000000)
  to   space 21824K,   0% used [0x00000007a5560000, 0x00000007a5560000, 0x00000007a6ab0000)
 concurrent mark-sweep generation total 393216K, used 90122K [0x00000007a8000000, 0x00000007c0000000, 0x00000007c0000000)
 Metaspace       used 33800K, capacity 34332K, committed 34576K, reserved 1079296K
  class space    used 3917K, capacity 4071K, committed 4116K, reserved 1048576K
2016-10-23T18:05:01.899+0800: 66.902: [GC (Allocation Failure) 2016-10-23T18:05:01.899+0800: 66.902: [ParNew
Desired survivor size 20112992 bytes, new threshold 8 (max 8)
- age   1:    2746912 bytes,    2746912 total
- age   2:    5814264 bytes,    8561176 total
- age   3:    2271696 bytes,   10832872 total
- age   4:    1399456 bytes,   12232328 total
- age   5:    2072008 bytes,   14304336 total
- age   6:     566624 bytes,   14870960 total
- age   7:    2005968 bytes,   16876928 total
: 109248K->21824K(109248K), 0.0071683 secs] 199370K->116516K(502464K), 0.0072396 secs] [Times: user=0.04 sys=0.00, real=0.01 secs] 
Heap after GC invocations=94 (full 2):
 par new generation   total 109248K, used 21824K [0x00000007a0000000, 0x00000007a8000000, 0x00000007a8000000)
  eden space 87424K,   0% used [0x00000007a0000000, 0x00000007a0000000, 0x00000007a5560000)
  from space 21824K, 100% used [0x00000007a5560000, 0x00000007a6ab0000, 0x00000007a6ab0000)
  to   space 21824K,   0% used [0x00000007a6ab0000, 0x00000007a6ab0000, 0x00000007a8000000)
 concurrent mark-sweep generation total 393216K, used 94692K [0x00000007a8000000, 0x00000007c0000000, 0x00000007c0000000)
 Metaspace       used 33800K, capacity 34332K, committed 34576K, reserved 1079296K
  class space    used 3917K, capacity 4071K, committed 4116K, reserved 1048576K
}
2016-10-23T18:05:01.906+0800: 66.910: Total time for which application threads were stopped: 0.0075393 seconds, Stopping threads took: 0.0001046 seconds
{Heap before GC invocations=94 (full 2):
 par new generation   total 109248K, used 109248K [0x00000007a0000000, 0x00000007a8000000, 0x00000007a8000000)
  eden space 87424K, 100% used [0x00000007a0000000, 0x00000007a5560000, 0x00000007a5560000)
  from space 21824K, 100% used [0x00000007a5560000, 0x00000007a6ab0000, 0x00000007a6ab0000)
  to   space 21824K,   0% used [0x00000007a6ab0000, 0x00000007a6ab0000, 0x00000007a8000000)
 concurrent mark-sweep generation total 393216K, used 94692K [0x00000007a8000000, 0x00000007c0000000, 0x00000007c0000000)
 Metaspace       used 33802K, capacity 34332K, committed 34576K, reserved 1079296K
  class space    used 3917K, capacity 4071K, committed 4116K, reserved 1048576K
2016-10-23T18:05:02.057+0800: 67.061: [GC (Allocation Failure) 2016-10-23T18:05:02.057+0800: 67.061: [ParNew
Desired survivor size 20112992 bytes, new threshold 8 (max 8)
- age   1:    4588880 bytes,    4588880 total
- age   2:    1771552 bytes,    6360432 total
- age   3:    5783224 bytes,   12143656 total
- age   4:    2208616 bytes,   14352272 total
- age   5:    1185008 bytes,   15537280 total
- age   6:    2049912 bytes,   17587192 total
- age   7:     566512 bytes,   18153704 total
- age   8:    2005592 bytes,   20159296 total
: 109248K->21824K(109248K), 0.0064804 secs] 203940K->116860K(502464K), 0.0065319 secs] [Times: user=0.04 sys=0.00, real=0.01 secs] 
Heap after GC invocations=95 (full 2):
 par new generation   total 109248K, used 21824K [0x00000007a0000000, 0x00000007a8000000, 0x00000007a8000000)
  eden space 87424K,   0% used [0x00000007a0000000, 0x00000007a0000000, 0x00000007a5560000)
  from space 21824K, 100% used [0x00000007a6ab0000, 0x00000007a8000000, 0x00000007a8000000)
  to   space 21824K,   0% used [0x00000007a5560000, 0x00000007a5560000, 0x00000007a6ab0000)
 concurrent mark-sweep generation total 393216K, used 95036K [0x00000007a8000000, 0x00000007c0000000, 0x00000007c0000000)
 Metaspace       used 33802K, capacity 34332K, committed 34576K, reserved 1079296K
  class space    used 3917K, capacity 4071K, committed 4116K, reserved 1048576K
}
2016-10-23T18:05:02.064+0800: 67.067: Total time for which application threads were stopped: 0.0068340 seconds, Stopping threads took: 0.0001032 seconds
{Heap before GC invocations=95 (full 2):
 par new generation   total 109248K, used 109248K [0x00000007a0000000, 0x00000007a8000000, 0x00000007a8000000)
  eden space 87424K, 100% used [0x00000007a0000000, 0x00000007a5560000, 0x00000007a5560000)
  from space 21824K, 100% used [0x00000007a6ab0000, 0x00000007a8000000, 0x00000007a8000000)
  to   space 21824K,   0% used [0x00000007a5560000, 0x00000007a5560000, 0x00000007a6ab0000)
 concurrent mark-sweep generation total 393216K, used 95036K [0x00000007a8000000, 0x00000007c0000000, 0x00000007c0000000)
 Metaspace       used 33802K, capacity 34332K, committed 34576K, reserved 1079296K
  class space    used 3917K, capacity 4071K, committed 4116K, reserved 1048576K
2016-10-23T18:05:02.201+0800: 67.204: [GC (Allocation Failure) 2016-10-23T18:05:02.201+0800: 67.204: [ParNew
Desired survivor size 20112992 bytes, new threshold 8 (max 8)
- age   1:    3752824 bytes,    3752824 total
- age   2:    2441544 bytes,    6194368 total
- age   3:    1731064 bytes,    7925432 total
- age   4:    5340928 bytes,   13266360 total
- age   5:    2137392 bytes,   15403752 total
- age   6:    1179544 bytes,   16583296 total
- age   7:    2043872 bytes,   18627168 total
- age   8:     563648 bytes,   19190816 total
: 109248K->21824K(109248K), 0.0063933 secs] 204284K->120406K(502464K), 0.0064472 secs] [Times: user=0.03 sys=0.00, real=0.00 secs] 
Heap after GC invocations=96 (full 2):
 par new generation   total 109248K, used 21824K [0x00000007a0000000, 0x00000007a8000000, 0x00000007a8000000)
  eden space 87424K,   0% used [0x00000007a0000000, 0x00000007a0000000, 0x00000007a5560000)
  from space 21824K, 100% used [0x00000007a5560000, 0x00000007a6ab0000, 0x00000007a6ab0000)
  to   space 21824K,   0% used [0x00000007a6ab0000, 0x00000007a6ab0000, 0x00000007a8000000)
 concurrent mark-sweep generation total 393216K, used 98582K [0x00000007a8000000, 0x00000007c0000000, 0x00000007c0000000)
 Metaspace       used 33802K, capacity 34332K, committed 34576K, reserved 1079296K
  class space    used 3917K, capacity 4071K, committed 4116K, reserved 1048576K
}
2016-10-23T18:05:02.207+0800: 67.210: Total time for which application threads were stopped: 0.0067142 seconds, Stopping threads took: 0.0000960 seconds
{Heap before GC invocations=96 (full 2):
 par new generation   total 109248K, used 109238K [0x00000007a0000000, 0x00000007a8000000, 0x00000007a8000000)
  eden space 87424K,  99% used [0x00000007a0000000, 0x00000007a555da48, 0x00000007a5560000)
  from space 21824K, 100% used [0x00000007a5560000, 0x00000007a6ab0000, 0x00000007a6ab0000)
  to   space 21824K,   0% used [0x00000007a6ab0000, 0x00000007a6ab0000, 0x00000007a8000000)
 concurrent mark-sweep generation total 393216K, used 98582K [0x00000007a8000000, 0x00000007c0000000, 0x00000007c0000000)
 Metaspace       used 33803K, capacity 34332K, committed 34576K, reserved 1079296K
  class space    used 3917K, capacity 4071K, committed 4116K, reserved 1048576K
2016-10-23T18:05:02.302+0800: 67.306: [GC (Allocation Failure) 2016-10-23T18:05:02.302+0800: 67.306: [ParNew
Desired survivor size 20112992 bytes, new threshold 8 (max 8)
- age   1:    3745280 bytes,    3745280 total
- age   2:    2006544 bytes,    5751824 total
- age   3:    2135464 bytes,    7887288 total
- age   4:    1624256 bytes,    9511544 total
- age   5:    4693056 bytes,   14204600 total
- age   6:    2017904 bytes,   16222504 total
- age   7:    1140992 bytes,   17363496 total
- age   8:    2041248 bytes,   19404744 total
: 109238K->21824K(109248K), 0.0077983 secs] 207820K->123140K(502464K), 0.0078446 secs] [Times: user=0.04 sys=0.00, real=0.01 secs] 
Heap after GC invocations=97 (full 2):
 par new generation   total 109248K, used 21824K [0x00000007a0000000, 0x00000007a8000000, 0x00000007a8000000)
  eden space 87424K,   0% used [0x00000007a0000000, 0x00000007a0000000, 0x00000007a5560000)
  from space 21824K, 100% used [0x00000007a6ab0000, 0x00000007a8000000, 0x00000007a8000000)
  to   space 21824K,   0% used [0x00000007a5560000, 0x00000007a5560000, 0x00000007a6ab0000)
 concurrent mark-sweep generation total 393216K, used 101316K [0x00000007a8000000, 0x00000007c0000000, 0x00000007c0000000)
 Metaspace       used 33803K, capacity 34332K, committed 34576K, reserved 1079296K
  class space    used 3917K, capacity 4071K, committed 4116K, reserved 1048576K
}
2016-10-23T18:05:02.310+0800: 67.314: Total time for which application threads were stopped: 0.0081108 seconds, Stopping threads took: 0.0001087 seconds
{Heap before GC invocations=97 (full 2):
 par new generation   total 109248K, used 109248K [0x00000007a0000000, 0x00000007a8000000, 0x00000007a8000000)
  eden space 87424K, 100% used [0x00000007a0000000, 0x00000007a5560000, 0x00000007a5560000)
  from space 21824K, 100% used [0x00000007a6ab0000, 0x00000007a8000000, 0x00000007a8000000)
  to   space 21824K,   0% used [0x00000007a5560000, 0x00000007a5560000, 0x00000007a6ab0000)
 concurrent mark-sweep generation total 393216K, used 101316K [0x00000007a8000000, 0x00000007c0000000, 0x00000007c0000000)
 Metaspace       used 33805K, capacity 34332K, committed 34576K, reserved 1079296K
  class space    used 3917K, capacity 4071K, committed 4116K, reserved 1048576K
2016-10-23T18:05:02.427+0800: 67.430: [GC (Allocation Failure) 2016-10-23T18:05:02.427+0800: 67.430: [ParNew
Desired survivor size 20112992 bytes, new threshold 8 (max 8)
- age   1:    4302480 bytes,    4302480 total
- age   2:    1872568 bytes,    6175048 total
- age   3:    1819024 bytes,    7994072 total
- age   4:    1909744 bytes,    9903816 total
- age   5:    1579952 bytes,   11483768 total
- age   6:    3745072 bytes,   15228840 total
- age   7:    2011032 bytes,   17239872 total
- age   8:     977184 bytes,   18217056 total
: 109248K->21824K(109248K), 0.0109926 secs] 210564K->127782K(502464K), 0.0110488 secs] [Times: user=0.06 sys=0.00, real=0.01 secs] 
Heap after GC invocations=98 (full 2):
 par new generation   total 109248K, used 21824K [0x00000007a0000000, 0x00000007a8000000, 0x00000007a8000000)
  eden space 87424K,   0% used [0x00000007a0000000, 0x00000007a0000000, 0x00000007a5560000)
  from space 21824K, 100% used [0x00000007a5560000, 0x00000007a6ab0000, 0x00000007a6ab0000)
  to   space 21824K,   0% used [0x00000007a6ab0000, 0x00000007a6ab0000, 0x00000007a8000000)
 concurrent mark-sweep generation total 393216K, used 105958K [0x00000007a8000000, 0x00000007c0000000, 0x00000007c0000000)
 Metaspace       used 33805K, capacity 34332K, committed 34576K, reserved 1079296K
  class space    used 3917K, capacity 4071K, committed 4116K, reserved 1048576K
}
2016-10-23T18:05:02.438+0800: 67.441: Total time for which application threads were stopped: 0.0113011 seconds, Stopping threads took: 0.0000914 seconds
{Heap before GC invocations=98 (full 2):
 par new generation   total 109248K, used 109239K [0x00000007a0000000, 0x00000007a8000000, 0x00000007a8000000)
  eden space 87424K,  99% used [0x00000007a0000000, 0x00000007a555df08, 0x00000007a5560000)
  from space 21824K, 100% used [0x00000007a5560000, 0x00000007a6ab0000, 0x00000007a6ab0000)
  to   space 21824K,   0% used [0x00000007a6ab0000, 0x00000007a6ab0000, 0x00000007a8000000)
 concurrent mark-sweep generation total 393216K, used 105958K [0x00000007a8000000, 0x00000007c0000000, 0x00000007c0000000)
 Metaspace       used 33809K, capacity 34332K, committed 34576K, reserved 1079296K
  class space    used 3917K, capacity 4071K, committed 4116K, reserved 1048576K
2016-10-23T18:05:02.568+0800: 67.571: [GC (Allocation Failure) 2016-10-23T18:05:02.568+0800: 67.571: [ParNew
Desired survivor size 20112992 bytes, new threshold 8 (max 8)
- age   1:    5763760 bytes,    5763760 total
- age   2:    1882408 bytes,    7646168 total
- age   3:    1763264 bytes,    9409432 total
- age   4:    1593432 bytes,   11002864 total
- age   5:    1823744 bytes,   12826608 total
- age   6:    1543488 bytes,   14370096 total
- age   7:    3498576 bytes,   17868672 total
- age   8:    1896296 bytes,   19764968 total
: 109239K->21824K(109248K), 0.0087547 secs] 215197K->129744K(502464K), 0.0088030 secs] [Times: user=0.05 sys=0.01, real=0.01 secs] 
Heap after GC invocations=99 (full 2):
 par new generation   total 109248K, used 21824K [0x00000007a0000000, 0x00000007a8000000, 0x00000007a8000000)
  eden space 87424K,   0% used [0x00000007a0000000, 0x00000007a0000000, 0x00000007a5560000)
  from space 21824K, 100% used [0x00000007a6ab0000, 0x00000007a8000000, 0x00000007a8000000)
  to   space 21824K,   0% used [0x00000007a5560000, 0x00000007a5560000, 0x00000007a6ab0000)
 concurrent mark-sweep generation total 393216K, used 107920K [0x00000007a8000000, 0x00000007c0000000, 0x00000007c0000000)
 Metaspace       used 33809K, capacity 34332K, committed 34576K, reserved 1079296K
  class space    used 3917K, capacity 4071K, committed 4116K, reserved 1048576K
}
2016-10-23T18:05:02.577+0800: 67.580: Total time for which application threads were stopped: 0.0090692 seconds, Stopping threads took: 0.0000952 seconds
{Heap before GC invocations=99 (full 2):
 par new generation   total 109248K, used 109248K [0x00000007a0000000, 0x00000007a8000000, 0x00000007a8000000)
  eden space 87424K, 100% used [0x00000007a0000000, 0x00000007a5560000, 0x00000007a5560000)
  from space 21824K, 100% used [0x00000007a6ab0000, 0x00000007a8000000, 0x00000007a8000000)
  to   space 21824K,   0% used [0x00000007a5560000, 0x00000007a5560000, 0x00000007a6ab0000)
 concurrent mark-sweep generation total 393216K, used 107920K [0x00000007a8000000, 0x00000007c0000000, 0x00000007c0000000)
 Metaspace       used 33810K, capacity 34332K, committed 34576K, reserved 1079296K
  class space    used 3917K, capacity 4071K, committed 4116K, reserved 1048576K
2016-10-23T18:05:02.712+0800: 67.716: [GC (Allocation Failure) 2016-10-23T18:05:02.712+0800: 67.716: [ParNew
Desired survivor size 20112992 bytes, new threshold 8 (max 8)
- age   1:    2903384 bytes,    2903384 total
- age   2:    4064600 bytes,    6967984 total
- age   3:    1565264 bytes,    8533248 total
- age   4:    1703800 bytes,   10237048 total
- age   5:    1471976 bytes,   11709024 total
- age   6:    1737000 bytes,   13446024 total
- age   7:    1515872 bytes,   14961896 total
- age   8:    2899648 bytes,   17861544 total
: 109248K->21824K(109248K), 0.0108983 secs] 217168K->133932K(502464K), 0.0109646 secs] [Times: user=0.06 sys=0.00, real=0.01 secs] 
Heap after GC invocations=100 (full 2):
 par new generation   total 109248K, used 21824K [0x00000007a0000000, 0x00000007a8000000, 0x00000007a8000000)
  eden space 87424K,   0% used [0x00000007a0000000, 0x00000007a0000000, 0x00000007a5560000)
  from space 21824K, 100% used [0x00000007a5560000, 0x00000007a6ab0000, 0x00000007a6ab0000)
  to   space 21824K,   0% used [0x00000007a6ab0000, 0x00000007a6ab0000, 0x00000007a8000000)
 concurrent mark-sweep generation total 393216K, used 112108K [0x00000007a8000000, 0x00000007c0000000, 0x00000007c0000000)
 Metaspace       used 33810K, capacity 34332K, committed 34576K, reserved 1079296K
  class space    used 3917K, capacity 4071K, committed 4116K, reserved 1048576K
}
2016-10-23T18:05:02.723+0800: 67.727: Total time for which application threads were stopped: 0.0114277 seconds, Stopping threads took: 0.0001118 seconds
{Heap before GC invocations=100 (full 2):
 par new generation   total 109248K, used 109248K [0x00000007a0000000, 0x00000007a8000000, 0x00000007a8000000)
  eden space 87424K, 100% used [0x00000007a0000000, 0x00000007a5560000, 0x00000007a5560000)
  from space 21824K, 100% used [0x00000007a5560000, 0x00000007a6ab0000, 0x00000007a6ab0000)
  to   space 21824K,   0% used [0x00000007a6ab0000, 0x00000007a6ab0000, 0x00000007a8000000)
 concurrent mark-sweep generation total 393216K, used 112108K [0x00000007a8000000, 0x00000007c0000000, 0x00000007c0000000)
 Metaspace       used 33810K, capacity 34332K, committed 34576K, reserved 1079296K
  class space    used 3917K, capacity 4071K, committed 4116K, reserved 1048576K
2016-10-23T18:05:02.842+0800: 67.845: [GC (Allocation Failure) 2016-10-23T18:05:02.842+0800: 67.845: [ParNew
Desired survivor size 20112992 bytes, new threshold 8 (max 8)
- age   1:    1542992 bytes,    1542992 total
- age   2:    2352808 bytes,    3895800 total
- age   3:    3997400 bytes,    7893200 total
- age   4:    1563904 bytes,    9457104 total
- age   5:    1671688 bytes,   11128792 total
- age   6:    1470856 bytes,   12599648 total
- age   7:    1735864 bytes,   14335512 total
- age   8:    1516184 bytes,   15851696 total
: 109248K->21824K(109248K), 0.0085155 secs] 221356K->136685K(502464K), 0.0086076 secs] [Times: user=0.05 sys=0.00, real=0.01 secs] 
Heap after GC invocations=101 (full 2):
 par new generation   total 109248K, used 21824K [0x00000007a0000000, 0x00000007a8000000, 0x00000007a8000000)
  eden space 87424K,   0% used [0x00000007a0000000, 0x00000007a0000000, 0x00000007a5560000)
  from space 21824K, 100% used [0x00000007a6ab0000, 0x00000007a8000000, 0x00000007a8000000)
  to   space 21824K,   0% used [0x00000007a5560000, 0x00000007a5560000, 0x00000007a6ab0000)
 concurrent mark-sweep generation total 393216K, used 114861K [0x00000007a8000000, 0x00000007c0000000, 0x00000007c0000000)
 Metaspace       used 33810K, capacity 34332K, committed 34576K, reserved 1079296K
  class space    used 3917K, capacity 4071K, committed 4116K, reserved 1048576K
}
2016-10-23T18:05:02.850+0800: 67.854: Total time for which application threads were stopped: 0.0090462 seconds, Stopping threads took: 0.0001123 seconds
2016-10-23T18:05:02.901+0800: 67.905: Total time for which application threads were stopped: 0.0004923 seconds, Stopping threads took: 0.0001551 seconds
2016-10-23T18:05:03.012+0800: 68.016: Total time for which application threads were stopped: 0.0002578 seconds, Stopping threads took: 0.0001182 seconds
{Heap before GC invocations=101 (full 2):
 par new generation   total 109248K, used 109248K [0x00000007a0000000, 0x00000007a8000000, 0x00000007a8000000)
  eden space 87424K, 100% used [0x00000007a0000000, 0x00000007a5560000, 0x00000007a5560000)
  from space 21824K, 100% used [0x00000007a6ab0000, 0x00000007a8000000, 0x00000007a8000000)
  to   space 21824K,   0% used [0x00000007a5560000, 0x00000007a5560000, 0x00000007a6ab0000)
 concurrent mark-sweep generation total 393216K, used 114861K [0x00000007a8000000, 0x00000007c0000000, 0x00000007c0000000)
 Metaspace       used 33825K, capacity 34332K, committed 34576K, reserved 1079296K
  class space    used 3917K, capacity 4071K, committed 4116K, reserved 1048576K
2016-10-23T18:05:03.015+0800: 68.018: [GC (Allocation Failure) 2016-10-23T18:05:03.015+0800: 68.018: [ParNew
Desired survivor size 20112992 bytes, new threshold 8 (max 8)
- age   1:    4999736 bytes,    4999736 total
- age   2:     652232 bytes,    5651968 total
- age   3:    2194736 bytes,    7846704 total
- age   4:    3804160 bytes,   11650864 total
- age   5:    1358936 bytes,   13009800 total
- age   6:    1504416 bytes,   14514216 total
- age   7:    1254744 bytes,   15768960 total
- age   8:    1510656 bytes,   17279616 total
: 109248K->20497K(109248K), 0.0077389 secs] 224109K->136745K(502464K), 0.0077959 secs] [Times: user=0.04 sys=0.00, real=0.01 secs] 
Heap after GC invocations=102 (full 2):
 par new generation   total 109248K, used 20497K [0x00000007a0000000, 0x00000007a8000000, 0x00000007a8000000)
  eden space 87424K,   0% used [0x00000007a0000000, 0x00000007a0000000, 0x00000007a5560000)
  from space 21824K,  93% used [0x00000007a5560000, 0x00000007a6964600, 0x00000007a6ab0000)
  to   space 21824K,   0% used [0x00000007a6ab0000, 0x00000007a6ab0000, 0x00000007a8000000)
 concurrent mark-sweep generation total 393216K, used 116247K [0x00000007a8000000, 0x00000007c0000000, 0x00000007c0000000)
 Metaspace       used 33825K, capacity 34332K, committed 34576K, reserved 1079296K
  class space    used 3917K, capacity 4071K, committed 4116K, reserved 1048576K
}
2016-10-23T18:05:03.022+0800: 68.026: Total time for which application threads were stopped: 0.0080910 seconds, Stopping threads took: 0.0000910 seconds
{Heap before GC invocations=102 (full 2):
 par new generation   total 109248K, used 107921K [0x00000007a0000000, 0x00000007a8000000, 0x00000007a8000000)
  eden space 87424K, 100% used [0x00000007a0000000, 0x00000007a5560000, 0x00000007a5560000)
  from space 21824K,  93% used [0x00000007a5560000, 0x00000007a6964600, 0x00000007a6ab0000)
  to   space 21824K,   0% used [0x00000007a6ab0000, 0x00000007a6ab0000, 0x00000007a8000000)
 concurrent mark-sweep generation total 393216K, used 116247K [0x00000007a8000000, 0x00000007c0000000, 0x00000007c0000000)
 Metaspace       used 33826K, capacity 34332K, committed 34576K, reserved 1079296K
  class space    used 3917K, capacity 4071K, committed 4116K, reserved 1048576K
2016-10-23T18:05:03.216+0800: 68.219: [GC (Allocation Failure) 2016-10-23T18:05:03.216+0800: 68.219: [ParNew
Desired survivor size 20112992 bytes, new threshold 8 (max 8)
- age   1:    4954768 bytes,    4954768 total
- age   2:    3283496 bytes,    8238264 total
- age   3:     630120 bytes,    8868384 total
- age   4:    2212856 bytes,   11081240 total
- age   5:    3869712 bytes,   14950952 total
- age   6:    1358936 bytes,   16309888 total
- age   7:    1504416 bytes,   17814304 total
- age   8:    1254744 bytes,   19069048 total
: 107921K->21824K(109248K), 0.0065025 secs] 224169K->139966K(502464K), 0.0065634 secs] [Times: user=0.03 sys=0.01, real=0.01 secs] 
Heap after GC invocations=103 (full 2):
 par new generation   total 109248K, used 21824K [0x00000007a0000000, 0x00000007a8000000, 0x00000007a8000000)
  eden space 87424K,   0% used [0x00000007a0000000, 0x00000007a0000000, 0x00000007a5560000)
  from space 21824K, 100% used [0x00000007a6ab0000, 0x00000007a8000000, 0x00000007a8000000)
  to   space 21824K,   0% used [0x00000007a5560000, 0x00000007a5560000, 0x00000007a6ab0000)
 concurrent mark-sweep generation total 393216K, used 118142K [0x00000007a8000000, 0x00000007c0000000, 0x00000007c0000000)
 Metaspace       used 33826K, capacity 34332K, committed 34576K, reserved 1079296K
  class space    used 3917K, capacity 4071K, committed 4116K, reserved 1048576K
}
2016-10-23T18:05:03.222+0800: 68.226: Total time for which application threads were stopped: 0.0068395 seconds, Stopping threads took: 0.0000871 seconds
{Heap before GC invocations=103 (full 2):
 par new generation   total 109248K, used 109248K [0x00000007a0000000, 0x00000007a8000000, 0x00000007a8000000)
  eden space 87424K, 100% used [0x00000007a0000000, 0x00000007a5560000, 0x00000007a5560000)
  from space 21824K, 100% used [0x00000007a6ab0000, 0x00000007a8000000, 0x00000007a8000000)
  to   space 21824K,   0% used [0x00000007a5560000, 0x00000007a5560000, 0x00000007a6ab0000)
 concurrent mark-sweep generation total 393216K, used 118142K [0x00000007a8000000, 0x00000007c0000000, 0x00000007c0000000)
 Metaspace       used 33840K, capacity 34332K, committed 34576K, reserved 1079296K
  class space    used 3917K, capacity 4071K, committed 4116K, reserved 1048576K
2016-10-23T18:05:03.395+0800: 68.399: [GC (Allocation Failure) 2016-10-23T18:05:03.395+0800: 68.399: [ParNew
Desired survivor size 20112992 bytes, new threshold 8 (max 8)
- age   1:    5823056 bytes,    5823056 total
- age   2:    2445840 bytes,    8268896 total
- age   3:    3051056 bytes,   11319952 total
- age   4:     582584 bytes,   11902536 total
- age   5:    2128744 bytes,   14031280 total
- age   6:    3698672 bytes,   17729952 total
- age   7:    1302000 bytes,   19031952 total
- age   8:    1461368 bytes,   20493320 total
: 109248K->21824K(109248K), 0.0074068 secs] 227390K->142529K(502464K), 0.0074563 secs] [Times: user=0.05 sys=0.00, real=0.01 secs] 
Heap after GC invocations=104 (full 2):
 par new generation   total 109248K, used 21824K [0x00000007a0000000, 0x00000007a8000000, 0x00000007a8000000)
  eden space 87424K,   0% used [0x00000007a0000000, 0x00000007a0000000, 0x00000007a5560000)
  from space 21824K, 100% used [0x00000007a5560000, 0x00000007a6ab0000, 0x00000007a6ab0000)
  to   space 21824K,   0% used [0x00000007a6ab0000, 0x00000007a6ab0000, 0x00000007a8000000)
 concurrent mark-sweep generation total 393216K, used 120705K [0x00000007a8000000, 0x00000007c0000000, 0x00000007c0000000)
 Metaspace       used 33840K, capacity 34332K, committed 34576K, reserved 1079296K
  class space    used 3917K, capacity 4071K, committed 4116K, reserved 1048576K
}
2016-10-23T18:05:03.403+0800: 68.406: Total time for which application threads were stopped: 0.0077218 seconds, Stopping threads took: 0.0000881 seconds
{Heap before GC invocations=104 (full 2):
 par new generation   total 109248K, used 109248K [0x00000007a0000000, 0x00000007a8000000, 0x00000007a8000000)
  eden space 87424K, 100% used [0x00000007a0000000, 0x00000007a5560000, 0x00000007a5560000)
  from space 21824K, 100% used [0x00000007a5560000, 0x00000007a6ab0000, 0x00000007a6ab0000)
  to   space 21824K,   0% used [0x00000007a6ab0000, 0x00000007a6ab0000, 0x00000007a8000000)
 concurrent mark-sweep generation total 393216K, used 120705K [0x00000007a8000000, 0x00000007c0000000, 0x00000007c0000000)
 Metaspace       used 33888K, capacity 34396K, committed 34832K, reserved 1079296K
  class space    used 3925K, capacity 4071K, committed 4116K, reserved 1048576K
2016-10-23T18:05:03.568+0800: 68.571: [GC (Allocation Failure) 2016-10-23T18:05:03.568+0800: 68.571: [ParNew
Desired survivor size 20112992 bytes, new threshold 8 (max 8)
- age   1:    5316272 bytes,    5316272 total
- age   2:    2564320 bytes,    7880592 total
- age   3:    2093592 bytes,    9974184 total
- age   4:    2676256 bytes,   12650440 total
- age   5:     529656 bytes,   13180096 total
- age   6:    1580352 bytes,   14760448 total
- age   7:    3680736 bytes,   18441184 total
- age   8:    1278808 bytes,   19719992 total
: 109248K->21824K(109248K), 0.0084759 secs] 229953K->147079K(502464K), 0.0085639 secs] [Times: user=0.05 sys=0.00, real=0.01 secs] 
Heap after GC invocations=105 (full 2):
 par new generation   total 109248K, used 21824K [0x00000007a0000000, 0x00000007a8000000, 0x00000007a8000000)
  eden space 87424K,   0% used [0x00000007a0000000, 0x00000007a0000000, 0x00000007a5560000)
  from space 21824K, 100% used [0x00000007a6ab0000, 0x00000007a8000000, 0x00000007a8000000)
  to   space 21824K,   0% used [0x00000007a5560000, 0x00000007a5560000, 0x00000007a6ab0000)
 concurrent mark-sweep generation total 393216K, used 125255K [0x00000007a8000000, 0x00000007c0000000, 0x00000007c0000000)
 Metaspace       used 33888K, capacity 34396K, committed 34832K, reserved 1079296K
  class space    used 3925K, capacity 4071K, committed 4116K, reserved 1048576K
}
2016-10-23T18:05:03.576+0800: 68.580: Total time for which application threads were stopped: 0.0088856 seconds, Stopping threads took: 0.0001233 seconds
2016-10-23T18:05:03.580+0800: 68.584: Total time for which application threads were stopped: 0.0004018 seconds, Stopping threads took: 0.0001819 seconds
2016-10-23T18:05:03.646+0800: 68.649: Total time for which application threads were stopped: 0.0002190 seconds, Stopping threads took: 0.0000857 seconds
2016-10-23T18:05:03.646+0800: 68.649: Total time for which application threads were stopped: 0.0001601 seconds, Stopping threads took: 0.0000759 seconds
2016-10-23T18:05:03.679+0800: 68.683: Total time for which application threads were stopped: 0.0009671 seconds, Stopping threads took: 0.0008440 seconds
2016-10-23T18:05:03.685+0800: 68.688: Total time for which application threads were stopped: 0.0001557 seconds, Stopping threads took: 0.0000906 seconds
2016-10-23T18:05:03.692+0800: 68.696: Total time for which application threads were stopped: 0.0001441 seconds, Stopping threads took: 0.0000799 seconds
2016-10-23T18:05:03.696+0800: 68.699: Total time for which application threads were stopped: 0.0001667 seconds, Stopping threads took: 0.0000878 seconds
2016-10-23T18:05:03.702+0800: 68.706: Total time for which application threads were stopped: 0.0002254 seconds, Stopping threads took: 0.0001308 seconds
{Heap before GC invocations=105 (full 2):
 par new generation   total 109248K, used 109248K [0x00000007a0000000, 0x00000007a8000000, 0x00000007a8000000)
  eden space 87424K, 100% used [0x00000007a0000000, 0x00000007a5560000, 0x00000007a5560000)
  from space 21824K, 100% used [0x00000007a6ab0000, 0x00000007a8000000, 0x00000007a8000000)
  to   space 21824K,   0% used [0x00000007a5560000, 0x00000007a5560000, 0x00000007a6ab0000)
 concurrent mark-sweep generation total 393216K, used 125255K [0x00000007a8000000, 0x00000007c0000000, 0x00000007c0000000)
 Metaspace       used 33954K, capacity 34460K, committed 34832K, reserved 1079296K
  class space    used 3933K, capacity 4071K, committed 4116K, reserved 1048576K
2016-10-23T18:05:03.759+0800: 68.762: [GC (Allocation Failure) 2016-10-23T18:05:03.759+0800: 68.762: [ParNew
Desired survivor size 20112992 bytes, new threshold 8 (max 8)
- age   1:    6875088 bytes,    6875088 total
- age   2:    2525304 bytes,    9400392 total
- age   3:    2174488 bytes,   11574880 total
- age   4:    1801640 bytes,   13376520 total
- age   5:    1516560 bytes,   14893080 total
- age   6:     477208 bytes,   15370288 total
- age   7:    1042048 bytes,   16412336 total
- age   8:    3630088 bytes,   20042424 total
: 109248K->21824K(109248K), 0.0087188 secs] 234503K->151032K(502464K), 0.0087781 secs] [Times: user=0.04 sys=0.00, real=0.01 secs] 
Heap after GC invocations=106 (full 2):
 par new generation   total 109248K, used 21824K [0x00000007a0000000, 0x00000007a8000000, 0x00000007a8000000)
  eden space 87424K,   0% used [0x00000007a0000000, 0x00000007a0000000, 0x00000007a5560000)
  from space 21824K, 100% used [0x00000007a5560000, 0x00000007a6ab0000, 0x00000007a6ab0000)
  to   space 21824K,   0% used [0x00000007a6ab0000, 0x00000007a6ab0000, 0x00000007a8000000)
 concurrent mark-sweep generation total 393216K, used 129208K [0x00000007a8000000, 0x00000007c0000000, 0x00000007c0000000)
 Metaspace       used 33954K, capacity 34460K, committed 34832K, reserved 1079296K
  class space    used 3933K, capacity 4071K, committed 4116K, reserved 1048576K
}
2016-10-23T18:05:03.768+0800: 68.771: Total time for which application threads were stopped: 0.0090370 seconds, Stopping threads took: 0.0000832 seconds
{Heap before GC invocations=106 (full 2):
 par new generation   total 109248K, used 109248K [0x00000007a0000000, 0x00000007a8000000, 0x00000007a8000000)
  eden space 87424K, 100% used [0x00000007a0000000, 0x00000007a5560000, 0x00000007a5560000)
  from space 21824K, 100% used [0x00000007a5560000, 0x00000007a6ab0000, 0x00000007a6ab0000)
  to   space 21824K,   0% used [0x00000007a6ab0000, 0x00000007a6ab0000, 0x00000007a8000000)
 concurrent mark-sweep generation total 393216K, used 129208K [0x00000007a8000000, 0x00000007c0000000, 0x00000007c0000000)
 Metaspace       used 33954K, capacity 34460K, committed 34832K, reserved 1079296K
  class space    used 3933K, capacity 4071K, committed 4116K, reserved 1048576K
2016-10-23T18:05:03.850+0800: 68.853: [GC (Allocation Failure) 2016-10-23T18:05:03.850+0800: 68.853: [ParNew
Desired survivor size 20112992 bytes, new threshold 8 (max 8)
- age   1:    1286848 bytes,    1286848 total
- age   2:    5821856 bytes,    7108704 total
- age   3:    2226168 bytes,    9334872 total
- age   4:    2105072 bytes,   11439944 total
- age   5:    1798416 bytes,   13238360 total
- age   6:    1513664 bytes,   14752024 total
- age   7:     477168 bytes,   15229192 total
- age   8:    1006320 bytes,   16235512 total
: 109248K->21824K(109248K), 0.0076003 secs] 238456K->156030K(502464K), 0.0076596 secs] [Times: user=0.04 sys=0.00, real=0.00 secs] 
Heap after GC invocations=107 (full 2):
 par new generation   total 109248K, used 21824K [0x00000007a0000000, 0x00000007a8000000, 0x00000007a8000000)
  eden space 87424K,   0% used [0x00000007a0000000, 0x00000007a0000000, 0x00000007a5560000)
  from space 21824K, 100% used [0x00000007a6ab0000, 0x00000007a8000000, 0x00000007a8000000)
  to   space 21824K,   0% used [0x00000007a5560000, 0x00000007a5560000, 0x00000007a6ab0000)
 concurrent mark-sweep generation total 393216K, used 134206K [0x00000007a8000000, 0x00000007c0000000, 0x00000007c0000000)
 Metaspace       used 33954K, capacity 34460K, committed 34832K, reserved 1079296K
  class space    used 3933K, capacity 4071K, committed 4116K, reserved 1048576K
}
2016-10-23T18:05:03.857+0800: 68.861: Total time for which application threads were stopped: 0.0079646 seconds, Stopping threads took: 0.0001001 seconds
2016-10-23T18:05:03.915+0800: 68.918: Total time for which application threads were stopped: 0.0003005 seconds, Stopping threads took: 0.0002137 seconds
2016-10-23T18:05:03.918+0800: 68.921: Total time for which application threads were stopped: 0.0001401 seconds, Stopping threads took: 0.0000817 seconds
2016-10-23T18:05:03.924+0800: 68.928: Total time for which application threads were stopped: 0.0001767 seconds, Stopping threads took: 0.0001002 seconds
2016-10-23T18:05:03.926+0800: 68.930: Total time for which application threads were stopped: 0.0001909 seconds, Stopping threads took: 0.0001275 seconds
2016-10-23T18:05:03.927+0800: 68.931: Total time for which application threads were stopped: 0.0001314 seconds, Stopping threads took: 0.0000748 seconds
2016-10-23T18:05:03.931+0800: 68.935: Total time for which application threads were stopped: 0.0001531 seconds, Stopping threads took: 0.0000734 seconds
2016-10-23T18:05:03.932+0800: 68.936: Total time for which application threads were stopped: 0.0001338 seconds, Stopping threads took: 0.0000796 seconds
2016-10-23T18:05:03.933+0800: 68.936: Total time for which application threads were stopped: 0.0001456 seconds, Stopping threads took: 0.0000718 seconds
2016-10-23T18:05:03.939+0800: 68.943: Total time for which application threads were stopped: 0.0001370 seconds, Stopping threads took: 0.0000787 seconds
2016-10-23T18:05:03.940+0800: 68.943: Total time for which application threads were stopped: 0.0001048 seconds, Stopping threads took: 0.0000479 seconds
2016-10-23T18:05:03.940+0800: 68.944: Total time for which application threads were stopped: 0.0001288 seconds, Stopping threads took: 0.0000672 seconds
2016-10-23T18:05:03.941+0800: 68.944: Total time for which application threads were stopped: 0.0001457 seconds, Stopping threads took: 0.0000678 seconds
2016-10-23T18:05:03.941+0800: 68.944: Total time for which application threads were stopped: 0.0001218 seconds, Stopping threads took: 0.0000601 seconds
2016-10-23T18:05:03.946+0800: 68.949: Total time for which application threads were stopped: 0.0001711 seconds, Stopping threads took: 0.0000798 seconds
2016-10-23T18:05:03.946+0800: 68.950: Total time for which application threads were stopped: 0.0002836 seconds, Stopping threads took: 0.0000557 seconds
{Heap before GC invocations=107 (full 2):
 par new generation   total 109248K, used 109248K [0x00000007a0000000, 0x00000007a8000000, 0x00000007a8000000)
  eden space 87424K, 100% used [0x00000007a0000000, 0x00000007a5560000, 0x00000007a5560000)
  from space 21824K, 100% used [0x00000007a6ab0000, 0x00000007a8000000, 0x00000007a8000000)
  to   space 21824K,   0% used [0x00000007a5560000, 0x00000007a5560000, 0x00000007a6ab0000)
 concurrent mark-sweep generation total 393216K, used 134206K [0x00000007a8000000, 0x00000007c0000000, 0x00000007c0000000)
 Metaspace       used 33968K, capacity 34466K, committed 34832K, reserved 1079296K
  class space    used 3934K, capacity 4072K, committed 4116K, reserved 1048576K
2016-10-23T18:05:04.009+0800: 69.012: [GC (Allocation Failure) 2016-10-23T18:05:04.009+0800: 69.012: [ParNew
Desired survivor size 20112992 bytes, new threshold 8 (max 8)
- age   1:    4771328 bytes,    4771328 total
- age   2:     612760 bytes,    5384088 total
- age   3:    5600856 bytes,   10984944 total
- age   4:    2102104 bytes,   13087048 total
- age   5:    2002712 bytes,   15089760 total
- age   6:    1690936 bytes,   16780696 total
- age   7:    1456912 bytes,   18237608 total
- age   8:     448080 bytes,   18685688 total
: 109248K->21824K(109248K), 0.0070086 secs] 243454K->157013K(502464K), 0.0070666 secs] [Times: user=0.04 sys=0.01, real=0.01 secs] 
Heap after GC invocations=108 (full 2):
 par new generation   total 109248K, used 21824K [0x00000007a0000000, 0x00000007a8000000, 0x00000007a8000000)
  eden space 87424K,   0% used [0x00000007a0000000, 0x00000007a0000000, 0x00000007a5560000)
  from space 21824K, 100% used [0x00000007a5560000, 0x00000007a6ab0000, 0x00000007a6ab0000)
  to   space 21824K,   0% used [0x00000007a6ab0000, 0x00000007a6ab0000, 0x00000007a8000000)
 concurrent mark-sweep generation total 393216K, used 135189K [0x00000007a8000000, 0x00000007c0000000, 0x00000007c0000000)
 Metaspace       used 33968K, capacity 34466K, committed 34832K, reserved 1079296K
  class space    used 3934K, capacity 4072K, committed 4116K, reserved 1048576K
}
2016-10-23T18:05:04.016+0800: 69.019: Total time for which application threads were stopped: 0.0072290 seconds, Stopping threads took: 0.0000197 seconds
{Heap before GC invocations=108 (full 2):
 par new generation   total 109248K, used 109248K [0x00000007a0000000, 0x00000007a8000000, 0x00000007a8000000)
  eden space 87424K, 100% used [0x00000007a0000000, 0x00000007a5560000, 0x00000007a5560000)
  from space 21824K, 100% used [0x00000007a5560000, 0x00000007a6ab0000, 0x00000007a6ab0000)
  to   space 21824K,   0% used [0x00000007a6ab0000, 0x00000007a6ab0000, 0x00000007a8000000)
 concurrent mark-sweep generation total 393216K, used 135189K [0x00000007a8000000, 0x00000007c0000000, 0x00000007c0000000)
 Metaspace       used 33968K, capacity 34466K, committed 34832K, reserved 1079296K
  class space    used 3934K, capacity 4072K, committed 4116K, reserved 1048576K
2016-10-23T18:05:04.191+0800: 69.195: [GC (Allocation Failure) 2016-10-23T18:05:04.191+0800: 69.195: [ParNew
Desired survivor size 20112992 bytes, new threshold 8 (max 8)
- age   1:    4897856 bytes,    4897856 total
- age   2:    3199296 bytes,    8097152 total
- age   3:     572008 bytes,    8669160 total
- age   4:    5409200 bytes,   14078360 total
- age   5:    2101696 bytes,   16180056 total
- age   6:    2002664 bytes,   18182720 total
- age   7:    1690840 bytes,   19873560 total
- age   8:    1456776 bytes,   21330336 total
: 109248K->21824K(109248K), 0.0072386 secs] 244437K->158218K(502464K), 0.0072971 secs] [Times: user=0.03 sys=0.00, real=0.00 secs] 
Heap after GC invocations=109 (full 2):
 par new generation   total 109248K, used 21824K [0x00000007a0000000, 0x00000007a8000000, 0x00000007a8000000)
  eden space 87424K,   0% used [0x00000007a0000000, 0x00000007a0000000, 0x00000007a5560000)
  from space 21824K, 100% used [0x00000007a6ab0000, 0x00000007a8000000, 0x00000007a8000000)
  to   space 21824K,   0% used [0x00000007a5560000, 0x00000007a5560000, 0x00000007a6ab0000)
 concurrent mark-sweep generation total 393216K, used 136394K [0x00000007a8000000, 0x00000007c0000000, 0x00000007c0000000)
 Metaspace       used 33968K, capacity 34466K, committed 34832K, reserved 1079296K
  class space    used 3934K, capacity 4072K, committed 4116K, reserved 1048576K
}
2016-10-23T18:05:04.198+0800: 69.202: Total time for which application threads were stopped: 0.0075614 seconds, Stopping threads took: 0.0000858 seconds
{Heap before GC invocations=109 (full 2):
 par new generation   total 109248K, used 109248K [0x00000007a0000000, 0x00000007a8000000, 0x00000007a8000000)
  eden space 87424K, 100% used [0x00000007a0000000, 0x00000007a5560000, 0x00000007a5560000)
  from space 21824K, 100% used [0x00000007a6ab0000, 0x00000007a8000000, 0x00000007a8000000)
  to   space 21824K,   0% used [0x00000007a5560000, 0x00000007a5560000, 0x00000007a6ab0000)
 concurrent mark-sweep generation total 393216K, used 136394K [0x00000007a8000000, 0x00000007c0000000, 0x00000007c0000000)
 Metaspace       used 33968K, capacity 34466K, committed 34832K, reserved 1079296K
  class space    used 3934K, capacity 4072K, committed 4116K, reserved 1048576K
2016-10-23T18:05:04.321+0800: 69.324: [GC (Allocation Failure) 2016-10-23T18:05:04.321+0800: 69.324: [ParNew
Desired survivor size 20112992 bytes, new threshold 8 (max 8)
- age   1:    4835576 bytes,    4835576 total
- age   2:    2748520 bytes,    7584096 total
- age   3:    2539616 bytes,   10123712 total
- age   4:     566616 bytes,   10690328 total
- age   5:    4877552 bytes,   15567880 total
- age   6:    2095936 bytes,   17663816 total
- age   7:    1999640 bytes,   19663456 total
- age   8:    1688248 bytes,   21351704 total
: 109248K->21824K(109248K), 0.0071090 secs] 245642K->162458K(502464K), 0.0071879 secs] [Times: user=0.02 sys=0.00, real=0.00 secs] 
Heap after GC invocations=110 (full 2):
 par new generation   total 109248K, used 21824K [0x00000007a0000000, 0x00000007a8000000, 0x00000007a8000000)
  eden space 87424K,   0% used [0x00000007a0000000, 0x00000007a0000000, 0x00000007a5560000)
  from space 21824K, 100% used [0x00000007a5560000, 0x00000007a6ab0000, 0x00000007a6ab0000)
  to   space 21824K,   0% used [0x00000007a6ab0000, 0x00000007a6ab0000, 0x00000007a8000000)
 concurrent mark-sweep generation total 393216K, used 140634K [0x00000007a8000000, 0x00000007c0000000, 0x00000007c0000000)
 Metaspace       used 33968K, capacity 34466K, committed 34832K, reserved 1079296K
  class space    used 3934K, capacity 4072K, committed 4116K, reserved 1048576K
}
2016-10-23T18:05:04.328+0800: 69.331: Total time for which application threads were stopped: 0.0074728 seconds, Stopping threads took: 0.0001178 seconds
{Heap before GC invocations=110 (full 2):
 par new generation   total 109248K, used 109248K [0x00000007a0000000, 0x00000007a8000000, 0x00000007a8000000)
  eden space 87424K, 100% used [0x00000007a0000000, 0x00000007a5560000, 0x00000007a5560000)
  from space 21824K, 100% used [0x00000007a5560000, 0x00000007a6ab0000, 0x00000007a6ab0000)
  to   space 21824K,   0% used [0x00000007a6ab0000, 0x00000007a6ab0000, 0x00000007a8000000)
 concurrent mark-sweep generation total 393216K, used 140634K [0x00000007a8000000, 0x00000007c0000000, 0x00000007c0000000)
 Metaspace       used 33968K, capacity 34466K, committed 34832K, reserved 1079296K
  class space    used 3934K, capacity 4072K, committed 4116K, reserved 1048576K
2016-10-23T18:05:04.454+0800: 69.457: [GC (Allocation Failure) 2016-10-23T18:05:04.454+0800: 69.457: [ParNew
Desired survivor size 20112992 bytes, new threshold 8 (max 8)
- age   1:    5295432 bytes,    5295432 total
- age   2:    3133664 bytes,    8429096 total
- age   3:    2420408 bytes,   10849504 total
- age   4:    2417336 bytes,   13266840 total
- age   5:     583184 bytes,   13850024 total
- age   6:    3129600 bytes,   16979624 total
- age   7:    1220960 bytes,   18200584 total
- age   8:    1210168 bytes,   19410752 total
: 109248K->21824K(109248K), 0.0081012 secs] 249882K->170106K(502464K), 0.0081630 secs] [Times: user=0.03 sys=0.00, real=0.01 secs] 
Heap after GC invocations=111 (full 2):
 par new generation   total 109248K, used 21824K [0x00000007a0000000, 0x00000007a8000000, 0x00000007a8000000)
  eden space 87424K,   0% used [0x00000007a0000000, 0x00000007a0000000, 0x00000007a5560000)
  from space 21824K, 100% used [0x00000007a6ab0000, 0x00000007a8000000, 0x00000007a8000000)
  to   space 21824K,   0% used [0x00000007a5560000, 0x00000007a5560000, 0x00000007a6ab0000)
 concurrent mark-sweep generation total 393216K, used 148282K [0x00000007a8000000, 0x00000007c0000000, 0x00000007c0000000)
 Metaspace       used 33968K, capacity 34466K, committed 34832K, reserved 1079296K
  class space    used 3934K, capacity 4072K, committed 4116K, reserved 1048576K
}
2016-10-23T18:05:04.462+0800: 69.466: Total time for which application threads were stopped: 0.0083921 seconds, Stopping threads took: 0.0000926 seconds
{Heap before GC invocations=111 (full 2):
 par new generation   total 109248K, used 109248K [0x00000007a0000000, 0x00000007a8000000, 0x00000007a8000000)
  eden space 87424K, 100% used [0x00000007a0000000, 0x00000007a5560000, 0x00000007a5560000)
  from space 21824K, 100% used [0x00000007a6ab0000, 0x00000007a8000000, 0x00000007a8000000)
  to   space 21824K,   0% used [0x00000007a5560000, 0x00000007a5560000, 0x00000007a6ab0000)
 concurrent mark-sweep generation total 393216K, used 148282K [0x00000007a8000000, 0x00000007c0000000, 0x00000007c0000000)
 Metaspace       used 33968K, capacity 34466K, committed 34832K, reserved 1079296K
  class space    used 3934K, capacity 4072K, committed 4116K, reserved 1048576K
2016-10-23T18:05:04.591+0800: 69.594: [GC (Allocation Failure) 2016-10-23T18:05:04.591+0800: 69.594: [ParNew
Desired survivor size 20112992 bytes, new threshold 8 (max 8)
- age   1:    6702176 bytes,    6702176 total
- age   2:    2711096 bytes,    9413272 total
- age   3:    2619008 bytes,   12032280 total
- age   4:    2092128 bytes,   14124408 total
- age   5:    2264712 bytes,   16389120 total
- age   6:     494672 bytes,   16883792 total
- age   7:    2622192 bytes,   19505984 total
- age   8:     811528 bytes,   20317512 total
: 109248K->21824K(109248K), 0.0090660 secs] 257530K->174587K(502464K), 0.0091278 secs] [Times: user=0.04 sys=0.00, real=0.01 secs] 
Heap after GC invocations=112 (full 2):
 par new generation   total 109248K, used 21824K [0x00000007a0000000, 0x00000007a8000000, 0x00000007a8000000)
  eden space 87424K,   0% used [0x00000007a0000000, 0x00000007a0000000, 0x00000007a5560000)
  from space 21824K, 100% used [0x00000007a5560000, 0x00000007a6ab0000, 0x00000007a6ab0000)
  to   space 21824K,   0% used [0x00000007a6ab0000, 0x00000007a6ab0000, 0x00000007a8000000)
 concurrent mark-sweep generation total 393216K, used 152763K [0x00000007a8000000, 0x00000007c0000000, 0x00000007c0000000)
 Metaspace       used 33968K, capacity 34466K, committed 34832K, reserved 1079296K
  class space    used 3934K, capacity 4072K, committed 4116K, reserved 1048576K
}
2016-10-23T18:05:04.600+0800: 69.603: Total time for which application threads were stopped: 0.0094454 seconds, Stopping threads took: 0.0001209 seconds
2016-10-23T18:05:04.662+0800: 69.665: Total time for which application threads were stopped: 0.0001518 seconds, Stopping threads took: 0.0000322 seconds
{Heap before GC invocations=112 (full 2):
 par new generation   total 109248K, used 109248K [0x00000007a0000000, 0x00000007a8000000, 0x00000007a8000000)
  eden space 87424K, 100% used [0x00000007a0000000, 0x00000007a5560000, 0x00000007a5560000)
  from space 21824K, 100% used [0x00000007a5560000, 0x00000007a6ab0000, 0x00000007a6ab0000)
  to   space 21824K,   0% used [0x00000007a6ab0000, 0x00000007a6ab0000, 0x00000007a8000000)
 concurrent mark-sweep generation total 393216K, used 152763K [0x00000007a8000000, 0x00000007c0000000, 0x00000007c0000000)
 Metaspace       used 33972K, capacity 34466K, committed 34832K, reserved 1079296K
  class space    used 3934K, capacity 4072K, committed 4116K, reserved 1048576K
2016-10-23T18:05:04.772+0800: 69.775: [GC (Allocation Failure) 2016-10-23T18:05:04.772+0800: 69.775: [ParNew
Desired survivor size 20112992 bytes, new threshold 8 (max 8)
- age   1:    6336704 bytes,    6336704 total
- age   2:    4018608 bytes,   10355312 total
- age   3:    1682248 bytes,   12037560 total
- age   4:    1856768 bytes,   13894328 total
- age   5:    1879280 bytes,   15773608 total
- age   6:    2096160 bytes,   17869768 total
- age   7:     465880 bytes,   18335648 total
- age   8:    2235552 bytes,   20571200 total
: 109248K->21824K(109248K), 0.0087173 secs] 262011K->179758K(502464K), 0.0087719 secs] [Times: user=0.04 sys=0.00, real=0.01 secs] 
Heap after GC invocations=113 (full 2):
 par new generation   total 109248K, used 21824K [0x00000007a0000000, 0x00000007a8000000, 0x00000007a8000000)
  eden space 87424K,   0% used [0x00000007a0000000, 0x00000007a0000000, 0x00000007a5560000)
  from space 21824K, 100% used [0x00000007a6ab0000, 0x00000007a8000000, 0x00000007a8000000)
  to   space 21824K,   0% used [0x00000007a5560000, 0x00000007a5560000, 0x00000007a6ab0000)
 concurrent mark-sweep generation total 393216K, used 157934K [0x00000007a8000000, 0x00000007c0000000, 0x00000007c0000000)
 Metaspace       used 33972K, capacity 34466K, committed 34832K, reserved 1079296K
  class space    used 3934K, capacity 4072K, committed 4116K, reserved 1048576K
}
2016-10-23T18:05:04.780+0800: 69.784: Total time for which application threads were stopped: 0.0090126 seconds, Stopping threads took: 0.0000889 seconds
{Heap before GC invocations=113 (full 2):
 par new generation   total 109248K, used 109248K [0x00000007a0000000, 0x00000007a8000000, 0x00000007a8000000)
  eden space 87424K, 100% used [0x00000007a0000000, 0x00000007a5560000, 0x00000007a5560000)
  from space 21824K, 100% used [0x00000007a6ab0000, 0x00000007a8000000, 0x00000007a8000000)
  to   space 21824K,   0% used [0x00000007a5560000, 0x00000007a5560000, 0x00000007a6ab0000)
 concurrent mark-sweep generation total 393216K, used 157934K [0x00000007a8000000, 0x00000007c0000000, 0x00000007c0000000)
 Metaspace       used 33972K, capacity 34466K, committed 34832K, reserved 1079296K
  class space    used 3934K, capacity 4072K, committed 4116K, reserved 1048576K
2016-10-23T18:05:04.859+0800: 69.863: [GC (Allocation Failure) 2016-10-23T18:05:04.859+0800: 69.863: [ParNew
Desired survivor size 20112992 bytes, new threshold 8 (max 8)
- age   1:    1373408 bytes,    1373408 total
- age   2:    6026752 bytes,    7400160 total
- age   3:    3912664 bytes,   11312824 total
- age   4:    1575928 bytes,   12888752 total
- age   5:    1505504 bytes,   14394256 total
- age   6:    1788192 bytes,   16182448 total
- age   7:    2021776 bytes,   18204224 total
- age   8:     425416 bytes,   18629640 total
: 109248K->21824K(109248K), 0.0109016 secs] 267182K->183012K(502464K), 0.0109771 secs] [Times: user=0.06 sys=0.00, real=0.02 secs] 
Heap after GC invocations=114 (full 2):
 par new generation   total 109248K, used 21824K [0x00000007a0000000, 0x00000007a8000000, 0x00000007a8000000)
  eden space 87424K,   0% used [0x00000007a0000000, 0x00000007a0000000, 0x00000007a5560000)
  from space 21824K, 100% used [0x00000007a5560000, 0x00000007a6ab0000, 0x00000007a6ab0000)
  to   space 21824K,   0% used [0x00000007a6ab0000, 0x00000007a6ab0000, 0x00000007a8000000)
 concurrent mark-sweep generation total 393216K, used 161188K [0x00000007a8000000, 0x00000007c0000000, 0x00000007c0000000)
 Metaspace       used 33972K, capacity 34466K, committed 34832K, reserved 1079296K
  class space    used 3934K, capacity 4072K, committed 4116K, reserved 1048576K
}
2016-10-23T18:05:04.870+0800: 69.874: Total time for which application threads were stopped: 0.0112979 seconds, Stopping threads took: 0.0001147 seconds
2016-10-23T18:05:04.951+0800: 69.955: Total time for which application threads were stopped: 0.0001890 seconds, Stopping threads took: 0.0000927 seconds
2016-10-23T18:05:04.951+0800: 69.955: Total time for which application threads were stopped: 0.0001186 seconds, Stopping threads took: 0.0000614 seconds
2016-10-23T18:05:04.951+0800: 69.955: Total time for which application threads were stopped: 0.0001243 seconds, Stopping threads took: 0.0000492 seconds
2016-10-23T18:05:04.952+0800: 69.955: Total time for which application threads were stopped: 0.0001114 seconds, Stopping threads took: 0.0000454 seconds
2016-10-23T18:05:04.952+0800: 69.955: Total time for which application threads were stopped: 0.0001223 seconds, Stopping threads took: 0.0000527 seconds
2016-10-23T18:05:04.954+0800: 69.957: Total time for which application threads were stopped: 0.0001758 seconds, Stopping threads took: 0.0000977 seconds
2016-10-23T18:05:04.957+0800: 69.961: Total time for which application threads were stopped: 0.0002049 seconds, Stopping threads took: 0.0001142 seconds
{Heap before GC invocations=114 (full 2):
 par new generation   total 109248K, used 109248K [0x00000007a0000000, 0x00000007a8000000, 0x00000007a8000000)
  eden space 87424K, 100% used [0x00000007a0000000, 0x00000007a5560000, 0x00000007a5560000)
  from space 21824K, 100% used [0x00000007a5560000, 0x00000007a6ab0000, 0x00000007a6ab0000)
  to   space 21824K,   0% used [0x00000007a6ab0000, 0x00000007a6ab0000, 0x00000007a8000000)
 concurrent mark-sweep generation total 393216K, used 161188K [0x00000007a8000000, 0x00000007c0000000, 0x00000007c0000000)
 Metaspace       used 33973K, capacity 34466K, committed 34832K, reserved 1079296K
  class space    used 3934K, capacity 4072K, committed 4116K, reserved 1048576K
2016-10-23T18:05:04.988+0800: 69.992: [GC (Allocation Failure) 2016-10-23T18:05:04.988+0800: 69.992: [ParNew
Desired survivor size 20112992 bytes, new threshold 8 (max 8)
- age   1:    3100712 bytes,    3100712 total
- age   2:     620616 bytes,    3721328 total
- age   3:    5596376 bytes,    9317704 total
- age   4:    3733248 bytes,   13050952 total
- age   5:    1411112 bytes,   14462064 total
- age   6:    1381152 bytes,   15843216 total
- age   7:    1639744 bytes,   17482960 total
- age   8:    1872792 bytes,   19355752 total
: 109248K->21824K(109248K), 0.0066765 secs] 270436K->183927K(502464K), 0.0067315 secs] [Times: user=0.03 sys=0.00, real=0.01 secs] 
Heap after GC invocations=115 (full 2):
 par new generation   total 109248K, used 21824K [0x00000007a0000000, 0x00000007a8000000, 0x00000007a8000000)
  eden space 87424K,   0% used [0x00000007a0000000, 0x00000007a0000000, 0x00000007a5560000)
  from space 21824K, 100% used [0x00000007a6ab0000, 0x00000007a8000000, 0x00000007a8000000)
  to   space 21824K,   0% used [0x00000007a5560000, 0x00000007a5560000, 0x00000007a6ab0000)
 concurrent mark-sweep generation total 393216K, used 162103K [0x00000007a8000000, 0x00000007c0000000, 0x00000007c0000000)
 Metaspace       used 33973K, capacity 34466K, committed 34832K, reserved 1079296K
  class space    used 3934K, capacity 4072K, committed 4116K, reserved 1048576K
}
2016-10-23T18:05:04.995+0800: 69.999: Total time for which application threads were stopped: 0.0069342 seconds, Stopping threads took: 0.0000751 seconds
2016-10-23T18:05:04.996+0800: 69.999: Total time for which application threads were stopped: 0.0004284 seconds, Stopping threads took: 0.0001022 seconds
{Heap before GC invocations=115 (full 2):
 par new generation   total 109248K, used 109248K [0x00000007a0000000, 0x00000007a8000000, 0x00000007a8000000)
  eden space 87424K, 100% used [0x00000007a0000000, 0x00000007a5560000, 0x00000007a5560000)
  from space 21824K, 100% used [0x00000007a6ab0000, 0x00000007a8000000, 0x00000007a8000000)
  to   space 21824K,   0% used [0x00000007a5560000, 0x00000007a5560000, 0x00000007a6ab0000)
 concurrent mark-sweep generation total 393216K, used 162103K [0x00000007a8000000, 0x00000007c0000000, 0x00000007c0000000)
 Metaspace       used 33973K, capacity 34466K, committed 34832K, reserved 1079296K
  class space    used 3934K, capacity 4072K, committed 4116K, reserved 1048576K
2016-10-23T18:05:05.156+0800: 70.160: [GC (Allocation Failure) 2016-10-23T18:05:05.156+0800: 70.160: [ParNew
Desired survivor size 20112992 bytes, new threshold 8 (max 8)
- age   1:    4675752 bytes,    4675752 total
- age   2:    1776176 bytes,    6451928 total
- age   3:     561264 bytes,    7013192 total
- age   4:    5022408 bytes,   12035600 total
- age   5:    3171320 bytes,   15206920 total
- age   6:    1347840 bytes,   16554760 total
- age   7:    1352768 bytes,   17907528 total
- age   8:    1613168 bytes,   19520696 total
: 109248K->21824K(109248K), 0.0100408 secs] 271351K->187800K(502464K), 0.0101029 secs] [Times: user=0.04 sys=0.01, real=0.01 secs] 
Heap after GC invocations=116 (full 2):
 par new generation   total 109248K, used 21824K [0x00000007a0000000, 0x00000007a8000000, 0x00000007a8000000)
  eden space 87424K,   0% used [0x00000007a0000000, 0x00000007a0000000, 0x00000007a5560000)
  from space 21824K, 100% used [0x00000007a5560000, 0x00000007a6ab0000, 0x00000007a6ab0000)
  to   space 21824K,   0% used [0x00000007a6ab0000, 0x00000007a6ab0000, 0x00000007a8000000)
 concurrent mark-sweep generation total 393216K, used 165976K [0x00000007a8000000, 0x00000007c0000000, 0x00000007c0000000)
 Metaspace       used 33973K, capacity 34466K, committed 34832K, reserved 1079296K
  class space    used 3934K, capacity 4072K, committed 4116K, reserved 1048576K
}
2016-10-23T18:05:05.166+0800: 70.170: Total time for which application threads were stopped: 0.0103742 seconds, Stopping threads took: 0.0000826 seconds
{Heap before GC invocations=116 (full 2):
 par new generation   total 109248K, used 109248K [0x00000007a0000000, 0x00000007a8000000, 0x00000007a8000000)
  eden space 87424K, 100% used [0x00000007a0000000, 0x00000007a5560000, 0x00000007a5560000)
  from space 21824K, 100% used [0x00000007a5560000, 0x00000007a6ab0000, 0x00000007a6ab0000)
  to   space 21824K,   0% used [0x00000007a6ab0000, 0x00000007a6ab0000, 0x00000007a8000000)
 concurrent mark-sweep generation total 393216K, used 165976K [0x00000007a8000000, 0x00000007c0000000, 0x00000007c0000000)
 Metaspace       used 33973K, capacity 34466K, committed 34832K, reserved 1079296K
  class space    used 3934K, capacity 4072K, committed 4116K, reserved 1048576K
2016-10-23T18:05:05.250+0800: 70.254: [GC (Allocation Failure) 2016-10-23T18:05:05.250+0800: 70.254: [ParNew
Desired survivor size 20112992 bytes, new threshold 8 (max 8)
- age   1:    5220848 bytes,    5220848 total
- age   2:    2488304 bytes,    7709152 total
- age   3:    1276888 bytes,    8986040 total
- age   4:     538072 bytes,    9524112 total
- age   5:    4676760 bytes,   14200872 total
- age   6:    3171128 bytes,   17372000 total
- age   7:    1347312 bytes,   18719312 total
- age   8:    1352432 bytes,   20071744 total
: 109248K->21824K(109248K), 0.0074141 secs] 275224K->190003K(502464K), 0.0074825 secs] [Times: user=0.03 sys=0.00, real=0.00 secs] 
Heap after GC invocations=117 (full 2):
 par new generation   total 109248K, used 21824K [0x00000007a0000000, 0x00000007a8000000, 0x00000007a8000000)
  eden space 87424K,   0% used [0x00000007a0000000, 0x00000007a0000000, 0x00000007a5560000)
  from space 21824K, 100% used [0x00000007a6ab0000, 0x00000007a8000000, 0x00000007a8000000)
  to   space 21824K,   0% used [0x00000007a5560000, 0x00000007a5560000, 0x00000007a6ab0000)
 concurrent mark-sweep generation total 393216K, used 168179K [0x00000007a8000000, 0x00000007c0000000, 0x00000007c0000000)
 Metaspace       used 33973K, capacity 34466K, committed 34832K, reserved 1079296K
  class space    used 3934K, capacity 4072K, committed 4116K, reserved 1048576K
}
2016-10-23T18:05:05.258+0800: 70.261: Total time for which application threads were stopped: 0.0077146 seconds, Stopping threads took: 0.0000629 seconds
{Heap before GC invocations=117 (full 2):
 par new generation   total 109248K, used 109248K [0x00000007a0000000, 0x00000007a8000000, 0x00000007a8000000)
  eden space 87424K, 100% used [0x00000007a0000000, 0x00000007a5560000, 0x00000007a5560000)
  from space 21824K, 100% used [0x00000007a6ab0000, 0x00000007a8000000, 0x00000007a8000000)
  to   space 21824K,   0% used [0x00000007a5560000, 0x00000007a5560000, 0x00000007a6ab0000)
 concurrent mark-sweep generation total 393216K, used 168179K [0x00000007a8000000, 0x00000007c0000000, 0x00000007c0000000)
 Metaspace       used 33973K, capacity 34466K, committed 34832K, reserved 1079296K
  class space    used 3934K, capacity 4072K, committed 4116K, reserved 1048576K
2016-10-23T18:05:05.336+0800: 70.339: [GC (Allocation Failure) 2016-10-23T18:05:05.336+0800: 70.339: [ParNew
Desired survivor size 20112992 bytes, new threshold 8 (max 8)
- age   1:    4094160 bytes,    4094160 total
- age   2:    2828176 bytes,    6922336 total
- age   3:    2334336 bytes,    9256672 total
- age   4:    1248032 bytes,   10504704 total
- age   5:     514360 bytes,   11019064 total
- age   6:    4098576 bytes,   15117640 total
- age   7:    3171128 bytes,   18288768 total
- age   8:    1380096 bytes,   19668864 total
: 109248K->21824K(109248K), 0.0061134 secs] 277427K->192690K(502464K), 0.0061813 secs] [Times: user=0.02 sys=0.00, real=0.01 secs] 
Heap after GC invocations=118 (full 2):
 par new generation   total 109248K, used 21824K [0x00000007a0000000, 0x00000007a8000000, 0x00000007a8000000)
  eden space 87424K,   0% used [0x00000007a0000000, 0x00000007a0000000, 0x00000007a5560000)
  from space 21824K, 100% used [0x00000007a5560000, 0x00000007a6ab0000, 0x00000007a6ab0000)
  to   space 21824K,   0% used [0x00000007a6ab0000, 0x00000007a6ab0000, 0x00000007a8000000)
 concurrent mark-sweep generation total 393216K, used 170866K [0x00000007a8000000, 0x00000007c0000000, 0x00000007c0000000)
 Metaspace       used 33973K, capacity 34466K, committed 34832K, reserved 1079296K
  class space    used 3934K, capacity 4072K, committed 4116K, reserved 1048576K
}
2016-10-23T18:05:05.342+0800: 70.346: Total time for which application threads were stopped: 0.0064378 seconds, Stopping threads took: 0.0000971 seconds
{Heap before GC invocations=118 (full 2):
 par new generation   total 109248K, used 109248K [0x00000007a0000000, 0x00000007a8000000, 0x00000007a8000000)
  eden space 87424K, 100% used [0x00000007a0000000, 0x00000007a5560000, 0x00000007a5560000)
  from space 21824K, 100% used [0x00000007a5560000, 0x00000007a6ab0000, 0x00000007a6ab0000)
  to   space 21824K,   0% used [0x00000007a6ab0000, 0x00000007a6ab0000, 0x00000007a8000000)
 concurrent mark-sweep generation total 393216K, used 170866K [0x00000007a8000000, 0x00000007c0000000, 0x00000007c0000000)
 Metaspace       used 33973K, capacity 34466K, committed 34832K, reserved 1079296K
  class space    used 3934K, capacity 4072K, committed 4116K, reserved 1048576K
2016-10-23T18:05:05.416+0800: 70.420: [GC (Allocation Failure) 2016-10-23T18:05:05.416+0800: 70.420: [ParNew
Desired survivor size 20112992 bytes, new threshold 8 (max 8)
- age   1:    4782696 bytes,    4782696 total
- age   2:    1758664 bytes,    6541360 total
- age   3:    2557328 bytes,    9098688 total
- age   4:    2283544 bytes,   11382232 total
- age   5:    1214928 bytes,   12597160 total
- age   6:     506304 bytes,   13103464 total
- age   7:    4081536 bytes,   17185000 total
- age   8:    3162888 bytes,   20347888 total
: 109248K->21824K(109248K), 0.0076871 secs] 280114K->194533K(502464K), 0.0077405 secs] [Times: user=0.02 sys=0.00, real=0.01 secs] 
Heap after GC invocations=119 (full 2):
 par new generation   total 109248K, used 21824K [0x00000007a0000000, 0x00000007a8000000, 0x00000007a8000000)
  eden space 87424K,   0% used [0x00000007a0000000, 0x00000007a0000000, 0x00000007a5560000)
  from space 21824K, 100% used [0x00000007a6ab0000, 0x00000007a8000000, 0x00000007a8000000)
  to   space 21824K,   0% used [0x00000007a5560000, 0x00000007a5560000, 0x00000007a6ab0000)
 concurrent mark-sweep generation total 393216K, used 172709K [0x00000007a8000000, 0x00000007c0000000, 0x00000007c0000000)
 Metaspace       used 33973K, capacity 34466K, committed 34832K, reserved 1079296K
  class space    used 3934K, capacity 4072K, committed 4116K, reserved 1048576K
}
2016-10-23T18:05:05.424+0800: 70.427: Total time for which application threads were stopped: 0.0079484 seconds, Stopping threads took: 0.0000574 seconds
{Heap before GC invocations=119 (full 2):
 par new generation   total 109248K, used 109248K [0x00000007a0000000, 0x00000007a8000000, 0x00000007a8000000)
  eden space 87424K, 100% used [0x00000007a0000000, 0x00000007a5560000, 0x00000007a5560000)
  from space 21824K, 100% used [0x00000007a6ab0000, 0x00000007a8000000, 0x00000007a8000000)
  to   space 21824K,   0% used [0x00000007a5560000, 0x00000007a5560000, 0x00000007a6ab0000)
 concurrent mark-sweep generation total 393216K, used 172709K [0x00000007a8000000, 0x00000007c0000000, 0x00000007c0000000)
 Metaspace       used 33973K, capacity 34466K, committed 34832K, reserved 1079296K
  class space    used 3934K, capacity 4072K, committed 4116K, reserved 1048576K
2016-10-23T18:05:05.504+0800: 70.507: [GC (Allocation Failure) 2016-10-23T18:05:05.504+0800: 70.507: [ParNew
Desired survivor size 20112992 bytes, new threshold 8 (max 8)
- age   1:    4688576 bytes,    4688576 total
- age   2:    1878664 bytes,    6567240 total
- age   3:    1639576 bytes,    8206816 total
- age   4:    2392584 bytes,   10599400 total
- age   5:    2178576 bytes,   12777976 total
- age   6:    1189264 bytes,   13967240 total
- age   7:     495128 bytes,   14462368 total
- age   8:    4065072 bytes,   18527440 total
: 109248K->21824K(109248K), 0.0089009 secs] 281957K->198865K(502464K), 0.0089476 secs] [Times: user=0.05 sys=0.00, real=0.01 secs] 
Heap after GC invocations=120 (full 2):
 par new generation   total 109248K, used 21824K [0x00000007a0000000, 0x00000007a8000000, 0x00000007a8000000)
  eden space 87424K,   0% used [0x00000007a0000000, 0x00000007a0000000, 0x00000007a5560000)
  from space 21824K, 100% used [0x00000007a5560000, 0x00000007a6ab0000, 0x00000007a6ab0000)
  to   space 21824K,   0% used [0x00000007a6ab0000, 0x00000007a6ab0000, 0x00000007a8000000)
 concurrent mark-sweep generation total 393216K, used 177041K [0x00000007a8000000, 0x00000007c0000000, 0x00000007c0000000)
 Metaspace       used 33973K, capacity 34466K, committed 34832K, reserved 1079296K
  class space    used 3934K, capacity 4072K, committed 4116K, reserved 1048576K
}
2016-10-23T18:05:05.513+0800: 70.516: Total time for which application threads were stopped: 0.0092170 seconds, Stopping threads took: 0.0000792 seconds
{Heap before GC invocations=120 (full 2):
 par new generation   total 109248K, used 109248K [0x00000007a0000000, 0x00000007a8000000, 0x00000007a8000000)
  eden space 87424K, 100% used [0x00000007a0000000, 0x00000007a5560000, 0x00000007a5560000)
  from space 21824K, 100% used [0x00000007a5560000, 0x00000007a6ab0000, 0x00000007a6ab0000)
  to   space 21824K,   0% used [0x00000007a6ab0000, 0x00000007a6ab0000, 0x00000007a8000000)
 concurrent mark-sweep generation total 393216K, used 177041K [0x00000007a8000000, 0x00000007c0000000, 0x00000007c0000000)
 Metaspace       used 33973K, capacity 34466K, committed 34832K, reserved 1079296K
  class space    used 3934K, capacity 4072K, committed 4116K, reserved 1048576K
2016-10-23T18:05:05.618+0800: 70.622: [GC (Allocation Failure) 2016-10-23T18:05:05.619+0800: 70.622: [ParNew
Desired survivor size 20112992 bytes, new threshold 8 (max 8)
- age   1:    5648032 bytes,    5648032 total
- age   2:    2151088 bytes,    7799120 total
- age   3:    1463488 bytes,    9262608 total
- age   4:    1594472 bytes,   10857080 total
- age   5:    2137440 bytes,   12994520 total
- age   6:    2098520 bytes,   15093040 total
- age   7:    1145688 bytes,   16238728 total
- age   8:     479160 bytes,   16717888 total
: 109248K->21824K(109248K), 0.0111877 secs] 286289K->204184K(502464K), 0.0112507 secs] [Times: user=0.04 sys=0.00, real=0.02 secs] 
Heap after GC invocations=121 (full 2):
 par new generation   total 109248K, used 21824K [0x00000007a0000000, 0x00000007a8000000, 0x00000007a8000000)
  eden space 87424K,   0% used [0x00000007a0000000, 0x00000007a0000000, 0x00000007a5560000)
  from space 21824K, 100% used [0x00000007a6ab0000, 0x00000007a8000000, 0x00000007a8000000)
  to   space 21824K,   0% used [0x00000007a5560000, 0x00000007a5560000, 0x00000007a6ab0000)
 concurrent mark-sweep generation total 393216K, used 182360K [0x00000007a8000000, 0x00000007c0000000, 0x00000007c0000000)
 Metaspace       used 33973K, capacity 34466K, committed 34832K, reserved 1079296K
  class space    used 3934K, capacity 4072K, committed 4116K, reserved 1048576K
}
2016-10-23T18:05:05.630+0800: 70.633: Total time for which application threads were stopped: 0.0114817 seconds, Stopping threads took: 0.0000806 seconds
{Heap before GC invocations=121 (full 2):
 par new generation   total 109248K, used 109248K [0x00000007a0000000, 0x00000007a8000000, 0x00000007a8000000)
  eden space 87424K, 100% used [0x00000007a0000000, 0x00000007a5560000, 0x00000007a5560000)
  from space 21824K, 100% used [0x00000007a6ab0000, 0x00000007a8000000, 0x00000007a8000000)
  to   space 21824K,   0% used [0x00000007a5560000, 0x00000007a5560000, 0x00000007a6ab0000)
 concurrent mark-sweep generation total 393216K, used 182360K [0x00000007a8000000, 0x00000007c0000000, 0x00000007c0000000)
 Metaspace       used 33974K, capacity 34466K, committed 34832K, reserved 1079296K
  class space    used 3934K, capacity 4072K, committed 4116K, reserved 1048576K
2016-10-23T18:05:05.720+0800: 70.723: [GC (Allocation Failure) 2016-10-23T18:05:05.720+0800: 70.723: [ParNew
Desired survivor size 20112992 bytes, new threshold 8 (max 8)
- age   1:    4638376 bytes,    4638376 total
- age   2:    4194832 bytes,    8833208 total
- age   3:    1759256 bytes,   10592464 total
- age   4:    1408400 bytes,   12000864 total
- age   5:    1538360 bytes,   13539224 total
- age   6:    2027608 bytes,   15566832 total
- age   7:    2089992 bytes,   17656824 total
- age   8:    1140920 bytes,   18797744 total
: 109248K->21824K(109248K), 0.0072793 secs] 291608K->205298K(502464K), 0.0073255 secs] [Times: user=0.03 sys=0.00, real=0.00 secs] 
Heap after GC invocations=122 (full 2):
 par new generation   total 109248K, used 21824K [0x00000007a0000000, 0x00000007a8000000, 0x00000007a8000000)
  eden space 87424K,   0% used [0x00000007a0000000, 0x00000007a0000000, 0x00000007a5560000)
  from space 21824K, 100% used [0x00000007a5560000, 0x00000007a6ab0000, 0x00000007a6ab0000)
  to   space 21824K,   0% used [0x00000007a6ab0000, 0x00000007a6ab0000, 0x00000007a8000000)
 concurrent mark-sweep generation total 393216K, used 183474K [0x00000007a8000000, 0x00000007c0000000, 0x00000007c0000000)
 Metaspace       used 33974K, capacity 34466K, committed 34832K, reserved 1079296K
  class space    used 3934K, capacity 4072K, committed 4116K, reserved 1048576K
}
2016-10-23T18:05:05.727+0800: 70.730: Total time for which application threads were stopped: 0.0075675 seconds, Stopping threads took: 0.0000816 seconds
{Heap before GC invocations=122 (full 2):
 par new generation   total 109248K, used 109248K [0x00000007a0000000, 0x00000007a8000000, 0x00000007a8000000)
  eden space 87424K, 100% used [0x00000007a0000000, 0x00000007a5560000, 0x00000007a5560000)
  from space 21824K, 100% used [0x00000007a5560000, 0x00000007a6ab0000, 0x00000007a6ab0000)
  to   space 21824K,   0% used [0x00000007a6ab0000, 0x00000007a6ab0000, 0x00000007a8000000)
 concurrent mark-sweep generation total 393216K, used 183474K [0x00000007a8000000, 0x00000007c0000000, 0x00000007c0000000)
 Metaspace       used 33974K, capacity 34466K, committed 34832K, reserved 1079296K
  class space    used 3934K, capacity 4072K, committed 4116K, reserved 1048576K
2016-10-23T18:05:05.797+0800: 70.801: [GC (Allocation Failure) 2016-10-23T18:05:05.797+0800: 70.801: [ParNew
Desired survivor size 20112992 bytes, new threshold 8 (max 8)
- age   1:    1433584 bytes,    1433584 total
- age   2:    4218824 bytes,    5652408 total
- age   3:    4192328 bytes,    9844736 total
- age   4:    1757520 bytes,   11602256 total
- age   5:    1406888 bytes,   13009144 total
- age   6:    1536600 bytes,   14545744 total
- age   7:    2027200 bytes,   16572944 total
- age   8:    2089240 bytes,   18662184 total
: 109248K->21824K(109248K), 0.0085546 secs] 292722K->206433K(502464K), 0.0086142 secs] [Times: user=0.03 sys=0.00, real=0.01 secs] 
Heap after GC invocations=123 (full 2):
 par new generation   total 109248K, used 21824K [0x00000007a0000000, 0x00000007a8000000, 0x00000007a8000000)
  eden space 87424K,   0% used [0x00000007a0000000, 0x00000007a0000000, 0x00000007a5560000)
  from space 21824K, 100% used [0x00000007a6ab0000, 0x00000007a8000000, 0x00000007a8000000)
  to   space 21824K,   0% used [0x00000007a5560000, 0x00000007a5560000, 0x00000007a6ab0000)
 concurrent mark-sweep generation total 393216K, used 184609K [0x00000007a8000000, 0x00000007c0000000, 0x00000007c0000000)
 Metaspace       used 33974K, capacity 34466K, committed 34832K, reserved 1079296K
  class space    used 3934K, capacity 4072K, committed 4116K, reserved 1048576K
}
2016-10-23T18:05:05.806+0800: 70.809: Total time for which application threads were stopped: 0.0089006 seconds, Stopping threads took: 0.0000982 seconds
{Heap before GC invocations=123 (full 2):
 par new generation   total 109248K, used 109248K [0x00000007a0000000, 0x00000007a8000000, 0x00000007a8000000)
  eden space 87424K, 100% used [0x00000007a0000000, 0x00000007a5560000, 0x00000007a5560000)
  from space 21824K, 100% used [0x00000007a6ab0000, 0x00000007a8000000, 0x00000007a8000000)
  to   space 21824K,   0% used [0x00000007a5560000, 0x00000007a5560000, 0x00000007a6ab0000)
 concurrent mark-sweep generation total 393216K, used 184609K [0x00000007a8000000, 0x00000007c0000000, 0x00000007c0000000)
 Metaspace       used 33974K, capacity 34466K, committed 34832K, reserved 1079296K
  class space    used 3934K, capacity 4072K, committed 4116K, reserved 1048576K
2016-10-23T18:05:05.844+0800: 70.848: [GC (Allocation Failure) 2016-10-23T18:05:05.844+0800: 70.848: [ParNew
Desired survivor size 20112992 bytes, new threshold 8 (max 8)
- age   1:    1012304 bytes,    1012304 total
- age   2:     645216 bytes,    1657520 total
- age   3:    3841040 bytes,    5498560 total
- age   4:    4191016 bytes,    9689576 total
- age   5:    1756520 bytes,   11446096 total
- age   6:    1406344 bytes,   12852440 total
- age   7:    1536216 bytes,   14388656 total
- age   8:    2026720 bytes,   16415376 total
: 109248K->21824K(109248K), 0.0071176 secs] 293857K->209262K(502464K), 0.0071667 secs] [Times: user=0.03 sys=0.00, real=0.01 secs] 
Heap after GC invocations=124 (full 2):
 par new generation   total 109248K, used 21824K [0x00000007a0000000, 0x00000007a8000000, 0x00000007a8000000)
  eden space 87424K,   0% used [0x00000007a0000000, 0x00000007a0000000, 0x00000007a5560000)
  from space 21824K, 100% used [0x00000007a5560000, 0x00000007a6ab0000, 0x00000007a6ab0000)
  to   space 21824K,   0% used [0x00000007a6ab0000, 0x00000007a6ab0000, 0x00000007a8000000)
 concurrent mark-sweep generation total 393216K, used 187438K [0x00000007a8000000, 0x00000007c0000000, 0x00000007c0000000)
 Metaspace       used 33974K, capacity 34466K, committed 34832K, reserved 1079296K
  class space    used 3934K, capacity 4072K, committed 4116K, reserved 1048576K
}
2016-10-23T18:05:05.851+0800: 70.855: Total time for which application threads were stopped: 0.0074071 seconds, Stopping threads took: 0.0000858 seconds
2016-10-23T18:05:05.874+0800: 70.877: Total time for which application threads were stopped: 0.0001877 seconds, Stopping threads took: 0.0000758 seconds
{Heap before GC invocations=124 (full 2):
 par new generation   total 109248K, used 109248K [0x00000007a0000000, 0x00000007a8000000, 0x00000007a8000000)
  eden space 87424K, 100% used [0x00000007a0000000, 0x00000007a5560000, 0x00000007a5560000)
  from space 21824K, 100% used [0x00000007a5560000, 0x00000007a6ab0000, 0x00000007a6ab0000)
  to   space 21824K,   0% used [0x00000007a6ab0000, 0x00000007a6ab0000, 0x00000007a8000000)
 concurrent mark-sweep generation total 393216K, used 187438K [0x00000007a8000000, 0x00000007c0000000, 0x00000007c0000000)
 Metaspace       used 33986K, capacity 34466K, committed 34832K, reserved 1079296K
  class space    used 3934K, capacity 4072K, committed 4116K, reserved 1048576K
2016-10-23T18:05:05.938+0800: 70.942: [GC (Allocation Failure) 2016-10-23T18:05:05.938+0800: 70.942: [ParNew
Desired survivor size 20112992 bytes, new threshold 8 (max 8)
- age   1:    4006096 bytes,    4006096 total
- age   2:     334048 bytes,    4340144 total
- age   3:     347456 bytes,    4687600 total
- age   4:    3591336 bytes,    8278936 total
- age   5:    4069016 bytes,   12347952 total
- age   6:    1662944 bytes,   14010896 total
- age   7:    1295520 bytes,   15306416 total
- age   8:    1424376 bytes,   16730792 total
: 109248K->21824K(109248K), 0.0066578 secs] 296686K->211259K(502464K), 0.0067223 secs] [Times: user=0.03 sys=0.01, real=0.01 secs] 
Heap after GC invocations=125 (full 2):
 par new generation   total 109248K, used 21824K [0x00000007a0000000, 0x00000007a8000000, 0x00000007a8000000)
  eden space 87424K,   0% used [0x00000007a0000000, 0x00000007a0000000, 0x00000007a5560000)
  from space 21824K, 100% used [0x00000007a6ab0000, 0x00000007a8000000, 0x00000007a8000000)
  to   space 21824K,   0% used [0x00000007a5560000, 0x00000007a5560000, 0x00000007a6ab0000)
 concurrent mark-sweep generation total 393216K, used 189435K [0x00000007a8000000, 0x00000007c0000000, 0x00000007c0000000)
 Metaspace       used 33986K, capacity 34466K, committed 34832K, reserved 1079296K
  class space    used 3934K, capacity 4072K, committed 4116K, reserved 1048576K
}
2016-10-23T18:05:05.945+0800: 70.949: Total time for which application threads were stopped: 0.0069507 seconds, Stopping threads took: 0.0000730 seconds
{Heap before GC invocations=125 (full 2):
 par new generation   total 109248K, used 109228K [0x00000007a0000000, 0x00000007a8000000, 0x00000007a8000000)
  eden space 87424K,  99% used [0x00000007a0000000, 0x00000007a555b130, 0x00000007a5560000)
  from space 21824K, 100% used [0x00000007a6ab0000, 0x00000007a8000000, 0x00000007a8000000)
  to   space 21824K,   0% used [0x00000007a5560000, 0x00000007a5560000, 0x00000007a6ab0000)
 concurrent mark-sweep generation total 393216K, used 189435K [0x00000007a8000000, 0x00000007c0000000, 0x00000007c0000000)
 Metaspace       used 33986K, capacity 34466K, committed 34832K, reserved 1079296K
  class space    used 3934K, capacity 4072K, committed 4116K, reserved 1048576K
2016-10-23T18:05:06.053+0800: 71.057: [GC (Allocation Failure) 2016-10-23T18:05:06.053+0800: 71.057: [ParNew
Desired survivor size 20112992 bytes, new threshold 8 (max 8)
- age   1:    4533168 bytes,    4533168 total
- age   2:    2863104 bytes,    7396272 total
- age   3:     223856 bytes,    7620128 total
- age   4:     277776 bytes,    7897904 total
- age   5:    3591336 bytes,   11489240 total
- age   6:    4069016 bytes,   15558256 total
- age   7:    1662944 bytes,   17221200 total
- age   8:    1295520 bytes,   18516720 total
: 109228K->21824K(109248K), 0.0075218 secs] 298664K->212655K(502464K), 0.0075914 secs] [Times: user=0.03 sys=0.00, real=0.01 secs] 
Heap after GC invocations=126 (full 2):
 par new generation   total 109248K, used 21824K [0x00000007a0000000, 0x00000007a8000000, 0x00000007a8000000)
  eden space 87424K,   0% used [0x00000007a0000000, 0x00000007a0000000, 0x00000007a5560000)
  from space 21824K, 100% used [0x00000007a5560000, 0x00000007a6ab0000, 0x00000007a6ab0000)
  to   space 21824K,   0% used [0x00000007a6ab0000, 0x00000007a6ab0000, 0x00000007a8000000)
 concurrent mark-sweep generation total 393216K, used 190831K [0x00000007a8000000, 0x00000007c0000000, 0x00000007c0000000)
 Metaspace       used 33986K, capacity 34466K, committed 34832K, reserved 1079296K
  class space    used 3934K, capacity 4072K, committed 4116K, reserved 1048576K
}
2016-10-23T18:05:06.061+0800: 71.065: Total time for which application threads were stopped: 0.0078127 seconds, Stopping threads took: 0.0000601 seconds
{Heap before GC invocations=126 (full 2):
 par new generation   total 109248K, used 109248K [0x00000007a0000000, 0x00000007a8000000, 0x00000007a8000000)
  eden space 87424K, 100% used [0x00000007a0000000, 0x00000007a5560000, 0x00000007a5560000)
  from space 21824K, 100% used [0x00000007a5560000, 0x00000007a6ab0000, 0x00000007a6ab0000)
  to   space 21824K,   0% used [0x00000007a6ab0000, 0x00000007a6ab0000, 0x00000007a8000000)
 concurrent mark-sweep generation total 393216K, used 190831K [0x00000007a8000000, 0x00000007c0000000, 0x00000007c0000000)
 Metaspace       used 33989K, capacity 34466K, committed 34832K, reserved 1079296K
  class space    used 3934K, capacity 4072K, committed 4116K, reserved 1048576K
2016-10-23T18:05:06.203+0800: 71.207: [GC (Allocation Failure) 2016-10-23T18:05:06.203+0800: 71.207: [ParNew
Desired survivor size 20112992 bytes, new threshold 8 (max 8)
- age   1:    4737080 bytes,    4737080 total
- age   2:    1937632 bytes,    6674712 total
- age   3:    2630640 bytes,    9305352 total
- age   4:     205048 bytes,    9510400 total
- age   5:     245992 bytes,    9756392 total
- age   6:    2665744 bytes,   12422136 total
- age   7:    4068984 bytes,   16491120 total
- age   8:    1662912 bytes,   18154032 total
: 109248K->21824K(109248K), 0.0085134 secs] 300079K->217093K(502464K), 0.0085648 secs] [Times: user=0.03 sys=0.00, real=0.01 secs] 
Heap after GC invocations=127 (full 2):
 par new generation   total 109248K, used 21824K [0x00000007a0000000, 0x00000007a8000000, 0x00000007a8000000)
  eden space 87424K,   0% used [0x00000007a0000000, 0x00000007a0000000, 0x00000007a5560000)
  from space 21824K, 100% used [0x00000007a6ab0000, 0x00000007a8000000, 0x00000007a8000000)
  to   space 21824K,   0% used [0x00000007a5560000, 0x00000007a5560000, 0x00000007a6ab0000)
 concurrent mark-sweep generation total 393216K, used 195269K [0x00000007a8000000, 0x00000007c0000000, 0x00000007c0000000)
 Metaspace       used 33989K, capacity 34466K, committed 34832K, reserved 1079296K
  class space    used 3934K, capacity 4072K, committed 4116K, reserved 1048576K
}
2016-10-23T18:05:06.212+0800: 71.216: Total time for which application threads were stopped: 0.0089113 seconds, Stopping threads took: 0.0000973 seconds
{Heap before GC invocations=127 (full 2):
 par new generation   total 109248K, used 109248K [0x00000007a0000000, 0x00000007a8000000, 0x00000007a8000000)
  eden space 87424K, 100% used [0x00000007a0000000, 0x00000007a5560000, 0x00000007a5560000)
  from space 21824K, 100% used [0x00000007a6ab0000, 0x00000007a8000000, 0x00000007a8000000)
  to   space 21824K,   0% used [0x00000007a5560000, 0x00000007a5560000, 0x00000007a6ab0000)
 concurrent mark-sweep generation total 393216K, used 195269K [0x00000007a8000000, 0x00000007c0000000, 0x00000007c0000000)
 Metaspace       used 33990K, capacity 34466K, committed 34832K, reserved 1079296K
  class space    used 3934K, capacity 4072K, committed 4116K, reserved 1048576K
2016-10-23T18:05:06.343+0800: 71.347: [GC (Allocation Failure) 2016-10-23T18:05:06.343+0800: 71.347: [ParNew
Desired survivor size 20112992 bytes, new threshold 8 (max 8)
- age   1:    4541536 bytes,    4541536 total
- age   2:    1909296 bytes,    6450832 total
- age   3:    1355792 bytes,    7806624 total
- age   4:    1145448 bytes,    8952072 total
- age   5:     198608 bytes,    9150680 total
- age   6:     231744 bytes,    9382424 total
- age   7:    2656528 bytes,   12038952 total
- age   8:    4068984 bytes,   16107936 total
: 109248K->21824K(109248K), 0.0092846 secs] 304517K->223531K(502464K), 0.0093590 secs] [Times: user=0.03 sys=0.00, real=0.01 secs] 
Heap after GC invocations=128 (full 2):
 par new generation   total 109248K, used 21824K [0x00000007a0000000, 0x00000007a8000000, 0x00000007a8000000)
  eden space 87424K,   0% used [0x00000007a0000000, 0x00000007a0000000, 0x00000007a5560000)
  from space 21824K, 100% used [0x00000007a5560000, 0x00000007a6ab0000, 0x00000007a6ab0000)
  to   space 21824K,   0% used [0x00000007a6ab0000, 0x00000007a6ab0000, 0x00000007a8000000)
 concurrent mark-sweep generation total 393216K, used 201707K [0x00000007a8000000, 0x00000007c0000000, 0x00000007c0000000)
 Metaspace       used 33990K, capacity 34466K, committed 34832K, reserved 1079296K
  class space    used 3934K, capacity 4072K, committed 4116K, reserved 1048576K
}
2016-10-23T18:05:06.353+0800: 71.356: Total time for which application threads were stopped: 0.0095935 seconds, Stopping threads took: 0.0000727 seconds
2016-10-23T18:05:06.353+0800: 71.357: [GC (CMS Initial Mark) [1 CMS-initial-mark: 201707K(393216K)] 223878K(502464K), 0.0018467 secs] [Times: user=0.01 sys=0.00, real=0.00 secs] 
2016-10-23T18:05:06.355+0800: 71.359: Total time for which application threads were stopped: 0.0020367 seconds, Stopping threads took: 0.0000664 seconds
2016-10-23T18:05:06.355+0800: 71.359: [CMS-concurrent-mark-start]
2016-10-23T18:05:06.367+0800: 71.370: [CMS-concurrent-mark: 0.012/0.012 secs] [Times: user=0.08 sys=0.00, real=0.01 secs] 
2016-10-23T18:05:06.367+0800: 71.370: [CMS-concurrent-preclean-start]
2016-10-23T18:05:06.368+0800: 71.372: [CMS-concurrent-preclean: 0.001/0.001 secs] [Times: user=0.01 sys=0.00, real=0.00 secs] 
2016-10-23T18:05:06.368+0800: 71.372: [CMS-concurrent-abortable-preclean-start]
2016-10-23T18:05:06.439+0800: 71.443: [CMS-concurrent-abortable-preclean: 0.071/0.071 secs] [Times: user=0.35 sys=0.00, real=0.07 secs] 
2016-10-23T18:05:06.439+0800: 71.443: [GC (CMS Final Remark) [YG occupancy: 76784 K (109248 K)]{Heap before GC invocations=128 (full 3):
 par new generation   total 109248K, used 76784K [0x00000007a0000000, 0x00000007a8000000, 0x00000007a8000000)
  eden space 87424K,  62% used [0x00000007a0000000, 0x00000007a35ac070, 0x00000007a5560000)
  from space 21824K, 100% used [0x00000007a5560000, 0x00000007a6ab0000, 0x00000007a6ab0000)
  to   space 21824K,   0% used [0x00000007a6ab0000, 0x00000007a6ab0000, 0x00000007a8000000)
 concurrent mark-sweep generation total 393216K, used 201707K [0x00000007a8000000, 0x00000007c0000000, 0x00000007c0000000)
 Metaspace       used 33991K, capacity 34466K, committed 34832K, reserved 1079296K
  class space    used 3934K, capacity 4072K, committed 4116K, reserved 1048576K
2016-10-23T18:05:06.439+0800: 71.443: [GC (CMS Final Remark) 2016-10-23T18:05:06.439+0800: 71.443: [ParNew
Desired survivor size 20112992 bytes, new threshold 8 (max 8)
- age   1:    5452088 bytes,    5452088 total
- age   2:    2377024 bytes,    7829112 total
- age   3:    1907784 bytes,    9736896 total
- age   4:    1354208 bytes,   11091104 total
- age   5:    1144624 bytes,   12235728 total
- age   6:     198368 bytes,   12434096 total
- age   7:     231360 bytes,   12665456 total
- age   8:    2656048 bytes,   15321504 total
: 76784K->20407K(109248K), 0.0074806 secs] 278492K->226094K(502464K), 0.0075240 secs] [Times: user=0.02 sys=0.00, real=0.01 secs] 
Heap after GC invocations=129 (full 3):
 par new generation   total 109248K, used 20407K [0x00000007a0000000, 0x00000007a8000000, 0x00000007a8000000)
  eden space 87424K,   0% used [0x00000007a0000000, 0x00000007a0000000, 0x00000007a5560000)
  from space 21824K,  93% used [0x00000007a6ab0000, 0x00000007a7e9dd80, 0x00000007a8000000)
  to   space 21824K,   0% used [0x00000007a5560000, 0x00000007a5560000, 0x00000007a6ab0000)
 concurrent mark-sweep generation total 393216K, used 205686K [0x00000007a8000000, 0x00000007c0000000, 0x00000007c0000000)
 Metaspace       used 33991K, capacity 34466K, committed 34832K, reserved 1079296K
  class space    used 3934K, capacity 4072K, committed 4116K, reserved 1048576K
}
2016-10-23T18:05:06.447+0800: 71.451: [Rescan (parallel) , 0.0020948 secs]2016-10-23T18:05:06.449+0800: 71.453: [weak refs processing, 0.0007591 secs]2016-10-23T18:05:06.450+0800: 71.453: [class unloading, 0.0094507 secs]2016-10-23T18:05:06.459+0800: 71.463: [scrub symbol table, 0.0050241 secs]2016-10-23T18:05:06.464+0800: 71.468: [scrub string table, 0.0004342 secs][1 CMS-remark: 205686K(393216K)] 226094K(502464K), 0.0255881 secs] [Times: user=0.07 sys=0.00, real=0.03 secs] 
2016-10-23T18:05:06.465+0800: 71.469: Total time for which application threads were stopped: 0.0257992 seconds, Stopping threads took: 0.0000928 seconds
2016-10-23T18:05:06.465+0800: 71.469: [CMS-concurrent-sweep-start]
2016-10-23T18:05:06.515+0800: 71.519: [CMS-concurrent-sweep: 0.050/0.050 secs] [Times: user=0.23 sys=0.00, real=0.05 secs] 
2016-10-23T18:05:06.515+0800: 71.519: [CMS-concurrent-reset-start]
2016-10-23T18:05:06.516+0800: 71.519: [CMS-concurrent-reset: 0.000/0.000 secs] [Times: user=0.00 sys=0.00, real=0.00 secs] 
{Heap before GC invocations=129 (full 3):
 par new generation   total 109248K, used 107831K [0x00000007a0000000, 0x00000007a8000000, 0x00000007a8000000)
  eden space 87424K, 100% used [0x00000007a0000000, 0x00000007a5560000, 0x00000007a5560000)
  from space 21824K,  93% used [0x00000007a6ab0000, 0x00000007a7e9dd80, 0x00000007a8000000)
  to   space 21824K,   0% used [0x00000007a5560000, 0x00000007a5560000, 0x00000007a6ab0000)
 concurrent mark-sweep generation total 393216K, used 40912K [0x00000007a8000000, 0x00000007c0000000, 0x00000007c0000000)
 Metaspace       used 33990K, capacity 34464K, committed 34832K, reserved 1079296K
  class space    used 3933K, capacity 4071K, committed 4116K, reserved 1048576K
2016-10-23T18:05:06.600+0800: 71.603: [GC (Allocation Failure) 2016-10-23T18:05:06.600+0800: 71.604: [ParNew
Desired survivor size 20112992 bytes, new threshold 8 (max 8)
- age   1:    7382288 bytes,    7382288 total
- age   2:    2072416 bytes,    9454704 total
- age   3:    2276272 bytes,   11730976 total
- age   4:    1675176 bytes,   13406152 total
- age   5:    1351344 bytes,   14757496 total
- age   6:    1143712 bytes,   15901208 total
- age   7:     198416 bytes,   16099624 total
- age   8:     231384 bytes,   16331008 total
: 107831K->18363K(109248K), 0.0088129 secs] 148743K->60004K(502464K), 0.0088702 secs] [Times: user=0.04 sys=0.00, real=0.00 secs] 
Heap after GC invocations=130 (full 3):
 par new generation   total 109248K, used 18363K [0x00000007a0000000, 0x00000007a8000000, 0x00000007a8000000)
  eden space 87424K,   0% used [0x00000007a0000000, 0x00000007a0000000, 0x00000007a5560000)
  from space 21824K,  84% used [0x00000007a5560000, 0x00000007a674efc0, 0x00000007a6ab0000)
  to   space 21824K,   0% used [0x00000007a6ab0000, 0x00000007a6ab0000, 0x00000007a8000000)
 concurrent mark-sweep generation total 393216K, used 41641K [0x00000007a8000000, 0x00000007c0000000, 0x00000007c0000000)
 Metaspace       used 33990K, capacity 34464K, committed 34832K, reserved 1079296K
  class space    used 3933K, capacity 4071K, committed 4116K, reserved 1048576K
}
2016-10-23T18:05:06.609+0800: 71.612: Total time for which application threads were stopped: 0.0092793 seconds, Stopping threads took: 0.0000958 seconds
2016-10-23T18:05:06.616+0800: 71.620: Total time for which application threads were stopped: 0.0001455 seconds, Stopping threads took: 0.0000804 seconds
2016-10-23T18:05:06.617+0800: 71.620: Total time for which application threads were stopped: 0.0001494 seconds, Stopping threads took: 0.0000779 seconds
2016-10-23T18:05:06.669+0800: 71.673: Total time for which application threads were stopped: 0.0001404 seconds, Stopping threads took: 0.0000205 seconds
{Heap before GC invocations=130 (full 3):
 par new generation   total 109248K, used 105787K [0x00000007a0000000, 0x00000007a8000000, 0x00000007a8000000)
  eden space 87424K, 100% used [0x00000007a0000000, 0x00000007a5560000, 0x00000007a5560000)
  from space 21824K,  84% used [0x00000007a5560000, 0x00000007a674efc0, 0x00000007a6ab0000)
  to   space 21824K,   0% used [0x00000007a6ab0000, 0x00000007a6ab0000, 0x00000007a8000000)
 concurrent mark-sweep generation total 393216K, used 41641K [0x00000007a8000000, 0x00000007c0000000, 0x00000007c0000000)
 Metaspace       used 33991K, capacity 34464K, committed 34832K, reserved 1079296K
  class space    used 3933K, capacity 4071K, committed 4116K, reserved 1048576K
2016-10-23T18:05:06.754+0800: 71.758: [GC (Allocation Failure) 2016-10-23T18:05:06.754+0800: 71.758: [ParNew
Desired survivor size 20112992 bytes, new threshold 8 (max 8)
- age   1:    5306864 bytes,    5306864 total
- age   2:    4196304 bytes,    9503168 total
- age   3:    1983744 bytes,   11486912 total
- age   4:    2066288 bytes,   13553200 total
- age   5:    1537560 bytes,   15090760 total
- age   6:    1231152 bytes,   16321912 total
- age   7:    1073856 bytes,   17395768 total
- age   8:     182336 bytes,   17578104 total
: 105787K->21824K(109248K), 0.0074770 secs] 147428K->67695K(502464K), 0.0075298 secs] [Times: user=0.03 sys=0.00, real=0.01 secs] 
Heap after GC invocations=131 (full 3):
 par new generation   total 109248K, used 21824K [0x00000007a0000000, 0x00000007a8000000, 0x00000007a8000000)
  eden space 87424K,   0% used [0x00000007a0000000, 0x00000007a0000000, 0x00000007a5560000)
  from space 21824K, 100% used [0x00000007a6ab0000, 0x00000007a8000000, 0x00000007a8000000)
  to   space 21824K,   0% used [0x00000007a5560000, 0x00000007a5560000, 0x00000007a6ab0000)
 concurrent mark-sweep generation total 393216K, used 45871K [0x00000007a8000000, 0x00000007c0000000, 0x00000007c0000000)
 Metaspace       used 33991K, capacity 34464K, committed 34832K, reserved 1079296K
  class space    used 3933K, capacity 4071K, committed 4116K, reserved 1048576K
}
2016-10-23T18:05:06.762+0800: 71.765: Total time for which application threads were stopped: 0.0078401 seconds, Stopping threads took: 0.0000661 seconds
{Heap before GC invocations=131 (full 3):
 par new generation   total 109248K, used 109248K [0x00000007a0000000, 0x00000007a8000000, 0x00000007a8000000)
  eden space 87424K, 100% used [0x00000007a0000000, 0x00000007a5560000, 0x00000007a5560000)
  from space 21824K, 100% used [0x00000007a6ab0000, 0x00000007a8000000, 0x00000007a8000000)
  to   space 21824K,   0% used [0x00000007a5560000, 0x00000007a5560000, 0x00000007a6ab0000)
 concurrent mark-sweep generation total 393216K, used 45871K [0x00000007a8000000, 0x00000007c0000000, 0x00000007c0000000)
 Metaspace       used 33991K, capacity 34464K, committed 34832K, reserved 1079296K
  class space    used 3933K, capacity 4071K, committed 4116K, reserved 1048576K
2016-10-23T18:05:06.811+0800: 71.815: [GC (Allocation Failure) 2016-10-23T18:05:06.811+0800: 71.815: [ParNew
Desired survivor size 20112992 bytes, new threshold 8 (max 8)
- age   1:    1397752 bytes,    1397752 total
- age   2:    5244416 bytes,    6642168 total
- age   3:    4196304 bytes,   10838472 total
- age   4:    1983696 bytes,   12822168 total
- age   5:    2066216 bytes,   14888384 total
- age   6:    1537560 bytes,   16425944 total
- age   7:    1231104 bytes,   17657048 total
- age   8:    1073808 bytes,   18730856 total
: 109248K->21824K(109248K), 0.0069693 secs] 155119K->67875K(502464K), 0.0070342 secs] [Times: user=0.03 sys=0.00, real=0.00 secs] 
Heap after GC invocations=132 (full 3):
 par new generation   total 109248K, used 21824K [0x00000007a0000000, 0x00000007a8000000, 0x00000007a8000000)
  eden space 87424K,   0% used [0x00000007a0000000, 0x00000007a0000000, 0x00000007a5560000)
  from space 21824K, 100% used [0x00000007a5560000, 0x00000007a6ab0000, 0x00000007a6ab0000)
  to   space 21824K,   0% used [0x00000007a6ab0000, 0x00000007a6ab0000, 0x00000007a8000000)
 concurrent mark-sweep generation total 393216K, used 46051K [0x00000007a8000000, 0x00000007c0000000, 0x00000007c0000000)
 Metaspace       used 33991K, capacity 34464K, committed 34832K, reserved 1079296K
  class space    used 3933K, capacity 4071K, committed 4116K, reserved 1048576K
}
2016-10-23T18:05:06.818+0800: 71.822: Total time for which application threads were stopped: 0.0072709 seconds, Stopping threads took: 0.0000694 seconds
2016-10-23T18:05:06.868+0800: 71.871: Total time for which application threads were stopped: 0.0001854 seconds, Stopping threads took: 0.0000810 seconds
2016-10-23T18:05:06.868+0800: 71.872: Total time for which application threads were stopped: 0.0002458 seconds, Stopping threads took: 0.0000552 seconds
2016-10-23T18:05:06.871+0800: 71.874: Total time for which application threads were stopped: 0.0001758 seconds, Stopping threads took: 0.0000968 seconds
2016-10-23T18:05:06.871+0800: 71.875: Total time for which application threads were stopped: 0.0001428 seconds, Stopping threads took: 0.0000975 seconds
2016-10-23T18:05:06.872+0800: 71.875: Total time for which application threads were stopped: 0.0001517 seconds, Stopping threads took: 0.0001115 seconds
2016-10-23T18:05:06.874+0800: 71.877: Total time for which application threads were stopped: 0.0001357 seconds, Stopping threads took: 0.0000734 seconds
2016-10-23T18:05:06.874+0800: 71.878: Total time for which application threads were stopped: 0.0001510 seconds, Stopping threads took: 0.0000999 seconds
2016-10-23T18:05:06.875+0800: 71.878: Total time for which application threads were stopped: 0.0001461 seconds, Stopping threads took: 0.0000931 seconds
2016-10-23T18:05:06.875+0800: 71.879: Total time for which application threads were stopped: 0.0001235 seconds, Stopping threads took: 0.0000677 seconds
2016-10-23T18:05:06.875+0800: 71.879: Total time for which application threads were stopped: 0.0001103 seconds, Stopping threads took: 0.0000587 seconds
{Heap before GC invocations=132 (full 3):
 par new generation   total 109248K, used 109248K [0x00000007a0000000, 0x00000007a8000000, 0x00000007a8000000)
  eden space 87424K, 100% used [0x00000007a0000000, 0x00000007a5560000, 0x00000007a5560000)
  from space 21824K, 100% used [0x00000007a5560000, 0x00000007a6ab0000, 0x00000007a6ab0000)
  to   space 21824K,   0% used [0x00000007a6ab0000, 0x00000007a6ab0000, 0x00000007a8000000)
 concurrent mark-sweep generation total 393216K, used 46051K [0x00000007a8000000, 0x00000007c0000000, 0x00000007c0000000)
 Metaspace       used 33999K, capacity 34472K, committed 34832K, reserved 1079296K
  class space    used 3933K, capacity 4071K, committed 4116K, reserved 1048576K
2016-10-23T18:05:06.920+0800: 71.924: [GC (Allocation Failure) 2016-10-23T18:05:06.920+0800: 71.924: [ParNew
Desired survivor size 20112992 bytes, new threshold 8 (max 8)
- age   1:    3802680 bytes,    3802680 total
- age   2:     560560 bytes,    4363240 total
- age   3:    4586848 bytes,    8950088 total
- age   4:    3850240 bytes,   12800328 total
- age   5:    1841448 bytes,   14641776 total
- age   6:    1720536 bytes,   16362312 total
- age   7:    1245720 bytes,   17608032 total
- age   8:     973240 bytes,   18581272 total
: 109248K->21824K(109248K), 0.0054928 secs] 155299K->69537K(502464K), 0.0055576 secs] [Times: user=0.02 sys=0.00, real=0.00 secs] 
Heap after GC invocations=133 (full 3):
 par new generation   total 109248K, used 21824K [0x00000007a0000000, 0x00000007a8000000, 0x00000007a8000000)
  eden space 87424K,   0% used [0x00000007a0000000, 0x00000007a0000000, 0x00000007a5560000)
  from space 21824K, 100% used [0x00000007a6ab0000, 0x00000007a8000000, 0x00000007a8000000)
  to   space 21824K,   0% used [0x00000007a5560000, 0x00000007a5560000, 0x00000007a6ab0000)
 concurrent mark-sweep generation total 393216K, used 47713K [0x00000007a8000000, 0x00000007c0000000, 0x00000007c0000000)
 Metaspace       used 33999K, capacity 34472K, committed 34832K, reserved 1079296K
  class space    used 3933K, capacity 4071K, committed 4116K, reserved 1048576K
}
2016-10-23T18:05:06.926+0800: 71.929: Total time for which application threads were stopped: 0.0058157 seconds, Stopping threads took: 0.0000934 seconds
{Heap before GC invocations=133 (full 3):
 par new generation   total 109248K, used 109248K [0x00000007a0000000, 0x00000007a8000000, 0x00000007a8000000)
  eden space 87424K, 100% used [0x00000007a0000000, 0x00000007a5560000, 0x00000007a5560000)
  from space 21824K, 100% used [0x00000007a6ab0000, 0x00000007a8000000, 0x00000007a8000000)
  to   space 21824K,   0% used [0x00000007a5560000, 0x00000007a5560000, 0x00000007a6ab0000)
 concurrent mark-sweep generation total 393216K, used 47713K [0x00000007a8000000, 0x00000007c0000000, 0x00000007c0000000)
 Metaspace       used 33999K, capacity 34472K, committed 34832K, reserved 1079296K
  class space    used 3933K, capacity 4071K, committed 4116K, reserved 1048576K
2016-10-23T18:05:07.044+0800: 72.048: [GC (Allocation Failure) 2016-10-23T18:05:07.044+0800: 72.048: [ParNew
Desired survivor size 20112992 bytes, new threshold 8 (max 8)
- age   1:    4988976 bytes,    4988976 total
- age   2:    2637264 bytes,    7626240 total
- age   3:     551536 bytes,    8177776 total
- age   4:    4046640 bytes,   12224416 total
- age   5:    3742176 bytes,   15966592 total
- age   6:    1757984 bytes,   17724576 total
- age   7:    1698976 bytes,   19423552 total
- age   8:    1224864 bytes,   20648416 total
: 109248K->21824K(109248K), 0.0063495 secs] 156961K->71638K(502464K), 0.0064336 secs] [Times: user=0.02 sys=0.00, real=0.01 secs] 
Heap after GC invocations=134 (full 3):
 par new generation   total 109248K, used 21824K [0x00000007a0000000, 0x00000007a8000000, 0x00000007a8000000)
  eden space 87424K,   0% used [0x00000007a0000000, 0x00000007a0000000, 0x00000007a5560000)
  from space 21824K, 100% used [0x00000007a5560000, 0x00000007a6ab0000, 0x00000007a6ab0000)
  to   space 21824K,   0% used [0x00000007a6ab0000, 0x00000007a6ab0000, 0x00000007a8000000)
 concurrent mark-sweep generation total 393216K, used 49814K [0x00000007a8000000, 0x00000007c0000000, 0x00000007c0000000)
 Metaspace       used 33999K, capacity 34472K, committed 34832K, reserved 1079296K
  class space    used 3933K, capacity 4071K, committed 4116K, reserved 1048576K
}
2016-10-23T18:05:07.051+0800: 72.054: Total time for which application threads were stopped: 0.0067187 seconds, Stopping threads took: 0.0001115 seconds
{Heap before GC invocations=134 (full 3):
 par new generation   total 109248K, used 109248K [0x00000007a0000000, 0x00000007a8000000, 0x00000007a8000000)
  eden space 87424K, 100% used [0x00000007a0000000, 0x00000007a5560000, 0x00000007a5560000)
  from space 21824K, 100% used [0x00000007a5560000, 0x00000007a6ab0000, 0x00000007a6ab0000)
  to   space 21824K,   0% used [0x00000007a6ab0000, 0x00000007a6ab0000, 0x00000007a8000000)
 concurrent mark-sweep generation total 393216K, used 49814K [0x00000007a8000000, 0x00000007c0000000, 0x00000007c0000000)
 Metaspace       used 33999K, capacity 34472K, committed 34832K, reserved 1079296K
  class space    used 3933K, capacity 4071K, committed 4116K, reserved 1048576K
2016-10-23T18:05:07.171+0800: 72.175: [GC (Allocation Failure) 2016-10-23T18:05:07.171+0800: 72.175: [ParNew
Desired survivor size 20112992 bytes, new threshold 8 (max 8)
- age   1:    6804048 bytes,    6804048 total
- age   2:    2644064 bytes,    9448112 total
- age   3:    2027440 bytes,   11475552 total
- age   4:     518616 bytes,   11994168 total
- age   5:    3014248 bytes,   15008416 total
- age   6:    2890408 bytes,   17898824 total
- age   7:    1409712 bytes,   19308536 total
- age   8:    1058104 bytes,   20366640 total
: 109248K->21824K(109248K), 0.0071020 secs] 159062K->75936K(502464K), 0.0071560 secs] [Times: user=0.02 sys=0.00, real=0.00 secs] 
Heap after GC invocations=135 (full 3):
 par new generation   total 109248K, used 21824K [0x00000007a0000000, 0x00000007a8000000, 0x00000007a8000000)
  eden space 87424K,   0% used [0x00000007a0000000, 0x00000007a0000000, 0x00000007a5560000)
  from space 21824K, 100% used [0x00000007a6ab0000, 0x00000007a8000000, 0x00000007a8000000)
  to   space 21824K,   0% used [0x00000007a5560000, 0x00000007a5560000, 0x00000007a6ab0000)
 concurrent mark-sweep generation total 393216K, used 54112K [0x00000007a8000000, 0x00000007c0000000, 0x00000007c0000000)
 Metaspace       used 33999K, capacity 34472K, committed 34832K, reserved 1079296K
  class space    used 3933K, capacity 4071K, committed 4116K, reserved 1048576K
}
2016-10-23T18:05:07.179+0800: 72.182: Total time for which application threads were stopped: 0.0074229 seconds, Stopping threads took: 0.0000933 seconds
{Heap before GC invocations=135 (full 3):
 par new generation   total 109248K, used 109248K [0x00000007a0000000, 0x00000007a8000000, 0x00000007a8000000)
  eden space 87424K, 100% used [0x00000007a0000000, 0x00000007a5560000, 0x00000007a5560000)
  from space 21824K, 100% used [0x00000007a6ab0000, 0x00000007a8000000, 0x00000007a8000000)
  to   space 21824K,   0% used [0x00000007a5560000, 0x00000007a5560000, 0x00000007a6ab0000)
 concurrent mark-sweep generation total 393216K, used 54112K [0x00000007a8000000, 0x00000007c0000000, 0x00000007c0000000)
 Metaspace       used 33999K, capacity 34472K, committed 34832K, reserved 1079296K
  class space    used 3933K, capacity 4071K, committed 4116K, reserved 1048576K
2016-10-23T18:05:07.307+0800: 72.311: [GC (Allocation Failure) 2016-10-23T18:05:07.307+0800: 72.311: [ParNew
Desired survivor size 20112992 bytes, new threshold 8 (max 8)
- age   1:    6205552 bytes,    6205552 total
- age   2:    3255672 bytes,    9461224 total
- age   3:    2118160 bytes,   11579384 total
- age   4:    1786016 bytes,   13365400 total
- age   5:     374728 bytes,   13740128 total
- age   6:    2513824 bytes,   16253952 total
- age   7:    2231648 bytes,   18485600 total
- age   8:    1173384 bytes,   19658984 total
: 109248K->21824K(109248K), 0.0096388 secs] 163360K->80717K(502464K), 0.0096988 secs] [Times: user=0.03 sys=0.00, real=0.01 secs] 
Heap after GC invocations=136 (full 3):
 par new generation   total 109248K, used 21824K [0x00000007a0000000, 0x00000007a8000000, 0x00000007a8000000)
  eden space 87424K,   0% used [0x00000007a0000000, 0x00000007a0000000, 0x00000007a5560000)
  from space 21824K, 100% used [0x00000007a5560000, 0x00000007a6ab0000, 0x00000007a6ab0000)
  to   space 21824K,   0% used [0x00000007a6ab0000, 0x00000007a6ab0000, 0x00000007a8000000)
 concurrent mark-sweep generation total 393216K, used 58893K [0x00000007a8000000, 0x00000007c0000000, 0x00000007c0000000)
 Metaspace       used 33999K, capacity 34472K, committed 34832K, reserved 1079296K
  class space    used 3933K, capacity 4071K, committed 4116K, reserved 1048576K
}
2016-10-23T18:05:07.317+0800: 72.321: Total time for which application threads were stopped: 0.0099655 seconds, Stopping threads took: 0.0001160 seconds
{Heap before GC invocations=136 (full 3):
 par new generation   total 109248K, used 109248K [0x00000007a0000000, 0x00000007a8000000, 0x00000007a8000000)
  eden space 87424K, 100% used [0x00000007a0000000, 0x00000007a5560000, 0x00000007a5560000)
  from space 21824K, 100% used [0x00000007a5560000, 0x00000007a6ab0000, 0x00000007a6ab0000)
  to   space 21824K,   0% used [0x00000007a6ab0000, 0x00000007a6ab0000, 0x00000007a8000000)
 concurrent mark-sweep generation total 393216K, used 58893K [0x00000007a8000000, 0x00000007c0000000, 0x00000007c0000000)
 Metaspace       used 33999K, capacity 34472K, committed 34832K, reserved 1079296K
  class space    used 3933K, capacity 4071K, committed 4116K, reserved 1048576K
2016-10-23T18:05:07.454+0800: 72.458: [GC (Allocation Failure) 2016-10-23T18:05:07.454+0800: 72.458: [ParNew
Desired survivor size 20112992 bytes, new threshold 8 (max 8)
- age   1:    6944440 bytes,    6944440 total
- age   2:    2914888 bytes,    9859328 total
- age   3:    2943928 bytes,   12803256 total
- age   4:    1957168 bytes,   14760424 total
- age   5:    1719024 bytes,   16479448 total
- age   6:     355760 bytes,   16835208 total
- age   7:    2261336 bytes,   19096544 total
- age   8:    1613576 bytes,   20710120 total
: 109248K->21824K(109248K), 0.0077869 secs] 168141K->83894K(502464K), 0.0078478 secs] [Times: user=0.03 sys=0.00, real=0.01 secs] 
Heap after GC invocations=137 (full 3):
 par new generation   total 109248K, used 21824K [0x00000007a0000000, 0x00000007a8000000, 0x00000007a8000000)
  eden space 87424K,   0% used [0x00000007a0000000, 0x00000007a0000000, 0x00000007a5560000)
  from space 21824K, 100% used [0x00000007a6ab0000, 0x00000007a8000000, 0x00000007a8000000)
  to   space 21824K,   0% used [0x00000007a5560000, 0x00000007a5560000, 0x00000007a6ab0000)
 concurrent mark-sweep generation total 393216K, used 62070K [0x00000007a8000000, 0x00000007c0000000, 0x00000007c0000000)
 Metaspace       used 33999K, capacity 34472K, committed 34832K, reserved 1079296K
  class space    used 3933K, capacity 4071K, committed 4116K, reserved 1048576K
}
2016-10-23T18:05:07.462+0800: 72.466: Total time for which application threads were stopped: 0.0080901 seconds, Stopping threads took: 0.0000611 seconds
{Heap before GC invocations=137 (full 3):
 par new generation   total 109248K, used 109242K [0x00000007a0000000, 0x00000007a8000000, 0x00000007a8000000)
  eden space 87424K,  99% used [0x00000007a0000000, 0x00000007a555ea98, 0x00000007a5560000)
  from space 21824K, 100% used [0x00000007a6ab0000, 0x00000007a8000000, 0x00000007a8000000)
  to   space 21824K,   0% used [0x00000007a5560000, 0x00000007a5560000, 0x00000007a6ab0000)
 concurrent mark-sweep generation total 393216K, used 62070K [0x00000007a8000000, 0x00000007c0000000, 0x00000007c0000000)
 Metaspace       used 33999K, capacity 34472K, committed 34832K, reserved 1079296K
  class space    used 3933K, capacity 4071K, committed 4116K, reserved 1048576K
2016-10-23T18:05:07.588+0800: 72.592: [GC (Allocation Failure) 2016-10-23T18:05:07.588+0800: 72.592: [ParNew
Desired survivor size 20112992 bytes, new threshold 8 (max 8)
- age   1:    7893528 bytes,    7893528 total
- age   2:    2167096 bytes,   10060624 total
- age   3:    2078736 bytes,   12139360 total
- age   4:    1763792 bytes,   13903152 total
- age   5:    1501864 bytes,   15405016 total
- age   6:    1241584 bytes,   16646600 total
- age   7:     219344 bytes,   16865944 total
- age   8:    1533496 bytes,   18399440 total
: 109242K->21824K(109248K), 0.0074658 secs] 171313K->91699K(502464K), 0.0075296 secs] [Times: user=0.02 sys=0.00, real=0.01 secs] 
Heap after GC invocations=138 (full 3):
 par new generation   total 109248K, used 21824K [0x00000007a0000000, 0x00000007a8000000, 0x00000007a8000000)
  eden space 87424K,   0% used [0x00000007a0000000, 0x00000007a0000000, 0x00000007a5560000)
  from space 21824K, 100% used [0x00000007a5560000, 0x00000007a6ab0000, 0x00000007a6ab0000)
  to   space 21824K,   0% used [0x00000007a6ab0000, 0x00000007a6ab0000, 0x00000007a8000000)
 concurrent mark-sweep generation total 393216K, used 69875K [0x00000007a8000000, 0x00000007c0000000, 0x00000007c0000000)
 Metaspace       used 33999K, capacity 34472K, committed 34832K, reserved 1079296K
  class space    used 3933K, capacity 4071K, committed 4116K, reserved 1048576K
}
2016-10-23T18:05:07.596+0800: 72.599: Total time for which application threads were stopped: 0.0077426 seconds, Stopping threads took: 0.0000352 seconds
{Heap before GC invocations=138 (full 3):
 par new generation   total 109248K, used 109248K [0x00000007a0000000, 0x00000007a8000000, 0x00000007a8000000)
  eden space 87424K, 100% used [0x00000007a0000000, 0x00000007a5560000, 0x00000007a5560000)
  from space 21824K, 100% used [0x00000007a5560000, 0x00000007a6ab0000, 0x00000007a6ab0000)
  to   space 21824K,   0% used [0x00000007a6ab0000, 0x00000007a6ab0000, 0x00000007a8000000)
 concurrent mark-sweep generation total 393216K, used 69875K [0x00000007a8000000, 0x00000007c0000000, 0x00000007c0000000)
 Metaspace       used 34002K, capacity 34472K, committed 34832K, reserved 1079296K
  class space    used 3933K, capacity 4071K, committed 4116K, reserved 1048576K
2016-10-23T18:05:07.722+0800: 72.725: [GC (Allocation Failure) 2016-10-23T18:05:07.722+0800: 72.725: [ParNew
Desired survivor size 20112992 bytes, new threshold 8 (max 8)
- age   1:    7364520 bytes,    7364520 total
- age   2:    4658448 bytes,   12022968 total
- age   3:    1828160 bytes,   13851128 total
- age   4:    1645760 bytes,   15496888 total
- age   5:    1544712 bytes,   17041600 total
- age   6:    1342096 bytes,   18383696 total
- age   7:    1130544 bytes,   19514240 total
- age   8:     177232 bytes,   19691472 total
: 109248K->21824K(109248K), 0.0068562 secs] 179123K->95076K(502464K), 0.0069107 secs] [Times: user=0.02 sys=0.00, real=0.00 secs] 
Heap after GC invocations=139 (full 3):
 par new generation   total 109248K, used 21824K [0x00000007a0000000, 0x00000007a8000000, 0x00000007a8000000)
  eden space 87424K,   0% used [0x00000007a0000000, 0x00000007a0000000, 0x00000007a5560000)
  from space 21824K, 100% used [0x00000007a6ab0000, 0x00000007a8000000, 0x00000007a8000000)
  to   space 21824K,   0% used [0x00000007a5560000, 0x00000007a5560000, 0x00000007a6ab0000)
 concurrent mark-sweep generation total 393216K, used 73252K [0x00000007a8000000, 0x00000007c0000000, 0x00000007c0000000)
 Metaspace       used 34002K, capacity 34472K, committed 34832K, reserved 1079296K
  class space    used 3933K, capacity 4071K, committed 4116K, reserved 1048576K
}
2016-10-23T18:05:07.729+0800: 72.732: Total time for which application threads were stopped: 0.0071759 seconds, Stopping threads took: 0.0000749 seconds
{Heap before GC invocations=139 (full 3):
 par new generation   total 109248K, used 109248K [0x00000007a0000000, 0x00000007a8000000, 0x00000007a8000000)
  eden space 87424K, 100% used [0x00000007a0000000, 0x00000007a5560000, 0x00000007a5560000)
  from space 21824K, 100% used [0x00000007a6ab0000, 0x00000007a8000000, 0x00000007a8000000)
  to   space 21824K,   0% used [0x00000007a5560000, 0x00000007a5560000, 0x00000007a6ab0000)
 concurrent mark-sweep generation total 393216K, used 73252K [0x00000007a8000000, 0x00000007c0000000, 0x00000007c0000000)
 Metaspace       used 34003K, capacity 34472K, committed 34832K, reserved 1079296K
  class space    used 3933K, capacity 4071K, committed 4116K, reserved 1048576K
2016-10-23T18:05:07.816+0800: 72.820: [GC (Allocation Failure) 2016-10-23T18:05:07.817+0800: 72.820: [ParNew
Desired survivor size 20112992 bytes, new threshold 8 (max 8)
- age   1:    2003472 bytes,    2003472 total
- age   2:    6583520 bytes,    8586992 total
- age   3:    3952664 bytes,   12539656 total
- age   4:    1192280 bytes,   13731936 total
- age   5:     997936 bytes,   14729872 total
- age   6:     783160 bytes,   15513032 total
- age   7:     613664 bytes,   16126696 total
- age   8:     829480 bytes,   16956176 total
: 109248K->21824K(109248K), 0.0059010 secs] 182500K->99494K(502464K), 0.0059654 secs] [Times: user=0.02 sys=0.00, real=0.01 secs] 
Heap after GC invocations=140 (full 3):
 par new generation   total 109248K, used 21824K [0x00000007a0000000, 0x00000007a8000000, 0x00000007a8000000)
  eden space 87424K,   0% used [0x00000007a0000000, 0x00000007a0000000, 0x00000007a5560000)
  from space 21824K, 100% used [0x00000007a5560000, 0x00000007a6ab0000, 0x00000007a6ab0000)
  to   space 21824K,   0% used [0x00000007a6ab0000, 0x00000007a6ab0000, 0x00000007a8000000)
 concurrent mark-sweep generation total 393216K, used 77670K [0x00000007a8000000, 0x00000007c0000000, 0x00000007c0000000)
 Metaspace       used 34003K, capacity 34472K, committed 34832K, reserved 1079296K
  class space    used 3933K, capacity 4071K, committed 4116K, reserved 1048576K
}
2016-10-23T18:05:07.822+0800: 72.826: Total time for which application threads were stopped: 0.0062051 seconds, Stopping threads took: 0.0000748 seconds
{Heap before GC invocations=140 (full 3):
 par new generation   total 109248K, used 109248K [0x00000007a0000000, 0x00000007a8000000, 0x00000007a8000000)
  eden space 87424K, 100% used [0x00000007a0000000, 0x00000007a5560000, 0x00000007a5560000)
  from space 21824K, 100% used [0x00000007a5560000, 0x00000007a6ab0000, 0x00000007a6ab0000)
  to   space 21824K,   0% used [0x00000007a6ab0000, 0x00000007a6ab0000, 0x00000007a8000000)
 concurrent mark-sweep generation total 393216K, used 77670K [0x00000007a8000000, 0x00000007c0000000, 0x00000007c0000000)
 Metaspace       used 34005K, capacity 34472K, committed 34832K, reserved 1079296K
  class space    used 3933K, capacity 4071K, committed 4116K, reserved 1048576K
2016-10-23T18:05:07.872+0800: 72.876: [GC (Allocation Failure) 2016-10-23T18:05:07.872+0800: 72.876: [ParNew
Desired survivor size 20112992 bytes, new threshold 8 (max 8)
- age   1:    1757136 bytes,    1757136 total
- age   2:    1101936 bytes,    2859072 total
- age   3:    6881000 bytes,    9740072 total
- age   4:    3867608 bytes,   13607680 total
- age   5:    1156984 bytes,   14764664 total
- age   6:     980400 bytes,   15745064 total
- age   7:     765624 bytes,   16510688 total
- age   8:     599184 bytes,   17109872 total
: 109248K->21824K(109248K), 0.0062981 secs] 186918K->100303K(502464K), 0.0063718 secs] [Times: user=0.02 sys=0.00, real=0.00 secs] 
Heap after GC invocations=141 (full 3):
 par new generation   total 109248K, used 21824K [0x00000007a0000000, 0x00000007a8000000, 0x00000007a8000000)
  eden space 87424K,   0% used [0x00000007a0000000, 0x00000007a0000000, 0x00000007a5560000)
  from space 21824K, 100% used [0x00000007a6ab0000, 0x00000007a8000000, 0x00000007a8000000)
  to   space 21824K,   0% used [0x00000007a5560000, 0x00000007a5560000, 0x00000007a6ab0000)
 concurrent mark-sweep generation total 393216K, used 78479K [0x00000007a8000000, 0x00000007c0000000, 0x00000007c0000000)
 Metaspace       used 34005K, capacity 34472K, committed 34832K, reserved 1079296K
  class space    used 3933K, capacity 4071K, committed 4116K, reserved 1048576K
}
2016-10-23T18:05:07.879+0800: 72.882: Total time for which application threads were stopped: 0.0066415 seconds, Stopping threads took: 0.0000775 seconds
2016-10-23T18:05:07.907+0800: 72.911: Total time for which application threads were stopped: 0.0001600 seconds, Stopping threads took: 0.0000349 seconds
{Heap before GC invocations=141 (full 3):
 par new generation   total 109248K, used 109248K [0x00000007a0000000, 0x00000007a8000000, 0x00000007a8000000)
  eden space 87424K, 100% used [0x00000007a0000000, 0x00000007a5560000, 0x00000007a5560000)
  from space 21824K, 100% used [0x00000007a6ab0000, 0x00000007a8000000, 0x00000007a8000000)
  to   space 21824K,   0% used [0x00000007a5560000, 0x00000007a5560000, 0x00000007a6ab0000)
 concurrent mark-sweep generation total 393216K, used 78479K [0x00000007a8000000, 0x00000007c0000000, 0x00000007c0000000)
 Metaspace       used 34012K, capacity 34472K, committed 34832K, reserved 1079296K
  class space    used 3933K, capacity 4071K, committed 4116K, reserved 1048576K
2016-10-23T18:05:07.999+0800: 73.002: [GC (Allocation Failure) 2016-10-23T18:05:07.999+0800: 73.002: [ParNew
Desired survivor size 20112992 bytes, new threshold 8 (max 8)
- age   1:    5666832 bytes,    5666832 total
- age   2:     946760 bytes,    6613592 total
- age   3:     974312 bytes,    7587904 total
- age   4:    6171640 bytes,   13759544 total
- age   5:    4223712 bytes,   17983256 total
- age   6:    1003192 bytes,   18986448 total
- age   7:     855008 bytes,   19841456 total
- age   8:     638416 bytes,   20479872 total
: 109248K->21824K(109248K), 0.0066641 secs] 187727K->101004K(502464K), 0.0067455 secs] [Times: user=0.02 sys=0.00, real=0.01 secs] 
Heap after GC invocations=142 (full 3):
 par new generation   total 109248K, used 21824K [0x00000007a0000000, 0x00000007a8000000, 0x00000007a8000000)
  eden space 87424K,   0% used [0x00000007a0000000, 0x00000007a0000000, 0x00000007a5560000)
  from space 21824K, 100% used [0x00000007a5560000, 0x00000007a6ab0000, 0x00000007a6ab0000)
  to   space 21824K,   0% used [0x00000007a6ab0000, 0x00000007a6ab0000, 0x00000007a8000000)
 concurrent mark-sweep generation total 393216K, used 79180K [0x00000007a8000000, 0x00000007c0000000, 0x00000007c0000000)
 Metaspace       used 34012K, capacity 34472K, committed 34832K, reserved 1079296K
  class space    used 3933K, capacity 4071K, committed 4116K, reserved 1048576K
}
2016-10-23T18:05:08.005+0800: 73.009: Total time for which application threads were stopped: 0.0070400 seconds, Stopping threads took: 0.0001050 seconds
{Heap before GC invocations=142 (full 3):
 par new generation   total 109248K, used 109248K [0x00000007a0000000, 0x00000007a8000000, 0x00000007a8000000)
  eden space 87424K, 100% used [0x00000007a0000000, 0x00000007a5560000, 0x00000007a5560000)
  from space 21824K, 100% used [0x00000007a5560000, 0x00000007a6ab0000, 0x00000007a6ab0000)
  to   space 21824K,   0% used [0x00000007a6ab0000, 0x00000007a6ab0000, 0x00000007a8000000)
 concurrent mark-sweep generation total 393216K, used 79180K [0x00000007a8000000, 0x00000007c0000000, 0x00000007c0000000)
 Metaspace       used 34012K, capacity 34472K, committed 34832K, reserved 1079296K
  class space    used 3933K, capacity 4071K, committed 4116K, reserved 1048576K
2016-10-23T18:05:08.126+0800: 73.130: [GC (Allocation Failure) 2016-10-23T18:05:08.126+0800: 73.130: [ParNew
Desired survivor size 20112992 bytes, new threshold 8 (max 8)
- age   1:    4858592 bytes,    4858592 total
- age   2:    2904488 bytes,    7763080 total
- age   3:     476912 bytes,    8239992 total
- age   4:     888992 bytes,    9128984 total
- age   5:    5990976 bytes,   15119960 total
- age   6:    3699408 bytes,   18819368 total
- age   7:    1003192 bytes,   19822560 total
- age   8:     855008 bytes,   20677568 total
: 109248K->21824K(109248K), 0.0063779 secs] 188428K->104665K(502464K), 0.0064580 secs] [Times: user=0.03 sys=0.00, real=0.01 secs] 
Heap after GC invocations=143 (full 3):
 par new generation   total 109248K, used 21824K [0x00000007a0000000, 0x00000007a8000000, 0x00000007a8000000)
  eden space 87424K,   0% used [0x00000007a0000000, 0x00000007a0000000, 0x00000007a5560000)
  from space 21824K, 100% used [0x00000007a6ab0000, 0x00000007a8000000, 0x00000007a8000000)
  to   space 21824K,   0% used [0x00000007a5560000, 0x00000007a5560000, 0x00000007a6ab0000)
 concurrent mark-sweep generation total 393216K, used 82841K [0x00000007a8000000, 0x00000007c0000000, 0x00000007c0000000)
 Metaspace       used 34012K, capacity 34472K, committed 34832K, reserved 1079296K
  class space    used 3933K, capacity 4071K, committed 4116K, reserved 1048576K
}
2016-10-23T18:05:08.133+0800: 73.136: Total time for which application threads were stopped: 0.0066973 seconds, Stopping threads took: 0.0000833 seconds
{Heap before GC invocations=143 (full 3):
 par new generation   total 109248K, used 109248K [0x00000007a0000000, 0x00000007a8000000, 0x00000007a8000000)
  eden space 87424K, 100% used [0x00000007a0000000, 0x00000007a5560000, 0x00000007a5560000)
  from space 21824K, 100% used [0x00000007a6ab0000, 0x00000007a8000000, 0x00000007a8000000)
  to   space 21824K,   0% used [0x00000007a5560000, 0x00000007a5560000, 0x00000007a6ab0000)
 concurrent mark-sweep generation total 393216K, used 82841K [0x00000007a8000000, 0x00000007c0000000, 0x00000007c0000000)
 Metaspace       used 34012K, capacity 34472K, committed 34832K, reserved 1079296K
  class space    used 3933K, capacity 4071K, committed 4116K, reserved 1048576K
2016-10-23T18:05:08.251+0800: 73.255: [GC (Allocation Failure) 2016-10-23T18:05:08.251+0800: 73.255: [ParNew
Desired survivor size 20112992 bytes, new threshold 8 (max 8)
- age   1:    4087560 bytes,    4087560 total
- age   2:    2657192 bytes,    6744752 total
- age   3:    2355848 bytes,    9100600 total
- age   4:     380472 bytes,    9481072 total
- age   5:     777832 bytes,   10258904 total
- age   6:    5172216 bytes,   15431120 total
- age   7:    3660696 bytes,   19091816 total
- age   8:     837064 bytes,   19928880 total
: 109248K->21824K(109248K), 0.0075785 secs] 192089K->109951K(502464K), 0.0076590 secs] [Times: user=0.03 sys=0.00, real=0.00 secs] 
Heap after GC invocations=144 (full 3):
 par new generation   total 109248K, used 21824K [0x00000007a0000000, 0x00000007a8000000, 0x00000007a8000000)
  eden space 87424K,   0% used [0x00000007a0000000, 0x00000007a0000000, 0x00000007a5560000)
  from space 21824K, 100% used [0x00000007a5560000, 0x00000007a6ab0000, 0x00000007a6ab0000)
  to   space 21824K,   0% used [0x00000007a6ab0000, 0x00000007a6ab0000, 0x00000007a8000000)
 concurrent mark-sweep generation total 393216K, used 88127K [0x00000007a8000000, 0x00000007c0000000, 0x00000007c0000000)
 Metaspace       used 34012K, capacity 34472K, committed 34832K, reserved 1079296K
  class space    used 3933K, capacity 4071K, committed 4116K, reserved 1048576K
}
2016-10-23T18:05:08.259+0800: 73.262: Total time for which application threads were stopped: 0.0079164 seconds, Stopping threads took: 0.0000932 seconds
{Heap before GC invocations=144 (full 3):
 par new generation   total 109248K, used 109248K [0x00000007a0000000, 0x00000007a8000000, 0x00000007a8000000)
  eden space 87424K, 100% used [0x00000007a0000000, 0x00000007a5560000, 0x00000007a5560000)
  from space 21824K, 100% used [0x00000007a5560000, 0x00000007a6ab0000, 0x00000007a6ab0000)
  to   space 21824K,   0% used [0x00000007a6ab0000, 0x00000007a6ab0000, 0x00000007a8000000)
 concurrent mark-sweep generation total 393216K, used 88127K [0x00000007a8000000, 0x00000007c0000000, 0x00000007c0000000)
 Metaspace       used 34012K, capacity 34472K, committed 34832K, reserved 1079296K
  class space    used 3933K, capacity 4071K, committed 4116K, reserved 1048576K
2016-10-23T18:05:08.382+0800: 73.385: [GC (Allocation Failure) 2016-10-23T18:05:08.382+0800: 73.385: [ParNew
Desired survivor size 20112992 bytes, new threshold 8 (max 8)
- age   1:    3666336 bytes,    3666336 total
- age   2:    2223592 bytes,    5889928 total
- age   3:    1922976 bytes,    7812904 total
- age   4:    1957632 bytes,    9770536 total
- age   5:     360160 bytes,   10130696 total
- age   6:     696912 bytes,   10827608 total
- age   7:    4797088 bytes,   15624696 total
- age   8:    3375168 bytes,   18999864 total
: 109248K->21824K(109248K), 0.0076791 secs] 197375K->117072K(502464K), 0.0077449 secs] [Times: user=0.03 sys=0.00, real=0.01 secs] 
Heap after GC invocations=145 (full 3):
 par new generation   total 109248K, used 21824K [0x00000007a0000000, 0x00000007a8000000, 0x00000007a8000000)
  eden space 87424K,   0% used [0x00000007a0000000, 0x00000007a0000000, 0x00000007a5560000)
  from space 21824K, 100% used [0x00000007a6ab0000, 0x00000007a8000000, 0x00000007a8000000)
  to   space 21824K,   0% used [0x00000007a5560000, 0x00000007a5560000, 0x00000007a6ab0000)
 concurrent mark-sweep generation total 393216K, used 95248K [0x00000007a8000000, 0x00000007c0000000, 0x00000007c0000000)
 Metaspace       used 34012K, capacity 34472K, committed 34832K, reserved 1079296K
  class space    used 3933K, capacity 4071K, committed 4116K, reserved 1048576K
}
2016-10-23T18:05:08.390+0800: 73.393: Total time for which application threads were stopped: 0.0079886 seconds, Stopping threads took: 0.0000918 seconds
{Heap before GC invocations=145 (full 3):
 par new generation   total 109248K, used 109248K [0x00000007a0000000, 0x00000007a8000000, 0x00000007a8000000)
  eden space 87424K, 100% used [0x00000007a0000000, 0x00000007a5560000, 0x00000007a5560000)
  from space 21824K, 100% used [0x00000007a6ab0000, 0x00000007a8000000, 0x00000007a8000000)
  to   space 21824K,   0% used [0x00000007a5560000, 0x00000007a5560000, 0x00000007a6ab0000)
 concurrent mark-sweep generation total 393216K, used 95248K [0x00000007a8000000, 0x00000007c0000000, 0x00000007c0000000)
 Metaspace       used 34012K, capacity 34472K, committed 34832K, reserved 1079296K
  class space    used 3933K, capacity 4071K, committed 4116K, reserved 1048576K
2016-10-23T18:05:08.518+0800: 73.522: [GC (Allocation Failure) 2016-10-23T18:05:08.518+0800: 73.522: [ParNew
Desired survivor size 20112992 bytes, new threshold 8 (max 8)
- age   1:    8388512 bytes,    8388512 total
- age   2:    2217512 bytes,   10606024 total
- age   3:    1997128 bytes,   12603152 total
- age   4:    1690800 bytes,   14293952 total
- age   5:    1254408 bytes,   15548360 total
- age   6:      94936 bytes,   15643296 total
- age   7:     203520 bytes,   15846816 total
- age   8:    3862488 bytes,   19709304 total
: 109248K->21824K(109248K), 0.0084237 secs] 204496K->124492K(502464K), 0.0084761 secs] [Times: user=0.03 sys=0.00, real=0.01 secs] 
Heap after GC invocations=146 (full 3):
 par new generation   total 109248K, used 21824K [0x00000007a0000000, 0x00000007a8000000, 0x00000007a8000000)
  eden space 87424K,   0% used [0x00000007a0000000, 0x00000007a0000000, 0x00000007a5560000)
  from space 21824K, 100% used [0x00000007a5560000, 0x00000007a6ab0000, 0x00000007a6ab0000)
  to   space 21824K,   0% used [0x00000007a6ab0000, 0x00000007a6ab0000, 0x00000007a8000000)
 concurrent mark-sweep generation total 393216K, used 102668K [0x00000007a8000000, 0x00000007c0000000, 0x00000007c0000000)
 Metaspace       used 34012K, capacity 34472K, committed 34832K, reserved 1079296K
  class space    used 3933K, capacity 4071K, committed 4116K, reserved 1048576K
}
2016-10-23T18:05:08.526+0800: 73.530: Total time for which application threads were stopped: 0.0087352 seconds, Stopping threads took: 0.0001110 seconds
{Heap before GC invocations=146 (full 3):
 par new generation   total 109248K, used 109248K [0x00000007a0000000, 0x00000007a8000000, 0x00000007a8000000)
  eden space 87424K, 100% used [0x00000007a0000000, 0x00000007a5560000, 0x00000007a5560000)
  from space 21824K, 100% used [0x00000007a5560000, 0x00000007a6ab0000, 0x00000007a6ab0000)
  to   space 21824K,   0% used [0x00000007a6ab0000, 0x00000007a6ab0000, 0x00000007a8000000)
 concurrent mark-sweep generation total 393216K, used 102668K [0x00000007a8000000, 0x00000007c0000000, 0x00000007c0000000)
 Metaspace       used 34012K, capacity 34472K, committed 34832K, reserved 1079296K
  class space    used 3933K, capacity 4071K, committed 4116K, reserved 1048576K
2016-10-23T18:05:08.658+0800: 73.662: [GC (Allocation Failure) 2016-10-23T18:05:08.658+0800: 73.662: [ParNew
Desired survivor size 20112992 bytes, new threshold 8 (max 8)
- age   1:    7068072 bytes,    7068072 total
- age   2:    3390576 bytes,   10458648 total
- age   3:    2094096 bytes,   12552744 total
- age   4:    1909888 bytes,   14462632 total
- age   5:    1604120 bytes,   16066752 total
- age   6:    1185752 bytes,   17252504 total
- age   7:      75192 bytes,   17327696 total
- age   8:     168688 bytes,   17496384 total
: 109248K->21824K(109248K), 0.0089648 secs] 211916K->130380K(502464K), 0.0090388 secs] [Times: user=0.03 sys=0.00, real=0.01 secs] 
Heap after GC invocations=147 (full 3):
 par new generation   total 109248K, used 21824K [0x00000007a0000000, 0x00000007a8000000, 0x00000007a8000000)
  eden space 87424K,   0% used [0x00000007a0000000, 0x00000007a0000000, 0x00000007a5560000)
  from space 21824K, 100% used [0x00000007a6ab0000, 0x00000007a8000000, 0x00000007a8000000)
  to   space 21824K,   0% used [0x00000007a5560000, 0x00000007a5560000, 0x00000007a6ab0000)
 concurrent mark-sweep generation total 393216K, used 108556K [0x00000007a8000000, 0x00000007c0000000, 0x00000007c0000000)
 Metaspace       used 34012K, capacity 34472K, committed 34832K, reserved 1079296K
  class space    used 3933K, capacity 4071K, committed 4116K, reserved 1048576K
}
2016-10-23T18:05:08.667+0800: 73.671: Total time for which application threads were stopped: 0.0093020 seconds, Stopping threads took: 0.0000871 seconds
2016-10-23T18:05:08.672+0800: 73.675: Total time for which application threads were stopped: 0.0002153 seconds, Stopping threads took: 0.0000943 seconds
{Heap before GC invocations=147 (full 3):
 par new generation   total 109248K, used 109248K [0x00000007a0000000, 0x00000007a8000000, 0x00000007a8000000)
  eden space 87424K, 100% used [0x00000007a0000000, 0x00000007a5560000, 0x00000007a5560000)
  from space 21824K, 100% used [0x00000007a6ab0000, 0x00000007a8000000, 0x00000007a8000000)
  to   space 21824K,   0% used [0x00000007a5560000, 0x00000007a5560000, 0x00000007a6ab0000)
 concurrent mark-sweep generation total 393216K, used 108556K [0x00000007a8000000, 0x00000007c0000000, 0x00000007c0000000)
 Metaspace       used 34013K, capacity 34472K, committed 34832K, reserved 1079296K
  class space    used 3933K, capacity 4071K, committed 4116K, reserved 1048576K
2016-10-23T18:05:08.791+0800: 73.794: [GC (Allocation Failure) 2016-10-23T18:05:08.791+0800: 73.794: [ParNew
Desired survivor size 20112992 bytes, new threshold 8 (max 8)
- age   1:    3976520 bytes,    3976520 total
- age   2:    6391448 bytes,   10367968 total
- age   3:    2962176 bytes,   13330144 total
- age   4:    1954272 bytes,   15284416 total
- age   5:    1881216 bytes,   17165632 total
- age   6:    1568760 bytes,   18734392 total
- age   7:    1053288 bytes,   19787680 total
- age   8:      75048 bytes,   19862728 total
: 109248K->21824K(109248K), 0.0065805 secs] 217804K->133046K(502464K), 0.0066369 secs] [Times: user=0.02 sys=0.00, real=0.00 secs] 
Heap after GC invocations=148 (full 3):
 par new generation   total 109248K, used 21824K [0x00000007a0000000, 0x00000007a8000000, 0x00000007a8000000)
  eden space 87424K,   0% used [0x00000007a0000000, 0x00000007a0000000, 0x00000007a5560000)
  from space 21824K, 100% used [0x00000007a5560000, 0x00000007a6ab0000, 0x00000007a6ab0000)
  to   space 21824K,   0% used [0x00000007a6ab0000, 0x00000007a6ab0000, 0x00000007a8000000)
 concurrent mark-sweep generation total 393216K, used 111222K [0x00000007a8000000, 0x00000007c0000000, 0x00000007c0000000)
 Metaspace       used 34013K, capacity 34472K, committed 34832K, reserved 1079296K
  class space    used 3933K, capacity 4071K, committed 4116K, reserved 1048576K
}
2016-10-23T18:05:08.797+0800: 73.801: Total time for which application threads were stopped: 0.0069059 seconds, Stopping threads took: 0.0000886 seconds
{Heap before GC invocations=148 (full 3):
 par new generation   total 109248K, used 109248K [0x00000007a0000000, 0x00000007a8000000, 0x00000007a8000000)
  eden space 87424K, 100% used [0x00000007a0000000, 0x00000007a5560000, 0x00000007a5560000)
  from space 21824K, 100% used [0x00000007a5560000, 0x00000007a6ab0000, 0x00000007a6ab0000)
  to   space 21824K,   0% used [0x00000007a6ab0000, 0x00000007a6ab0000, 0x00000007a8000000)
 concurrent mark-sweep generation total 393216K, used 111222K [0x00000007a8000000, 0x00000007c0000000, 0x00000007c0000000)
 Metaspace       used 34013K, capacity 34472K, committed 34832K, reserved 1079296K
  class space    used 3933K, capacity 4071K, committed 4116K, reserved 1048576K
2016-10-23T18:05:08.844+0800: 73.847: [GC (Allocation Failure) 2016-10-23T18:05:08.844+0800: 73.847: [ParNew
Desired survivor size 20112992 bytes, new threshold 8 (max 8)
- age   1:    1557576 bytes,    1557576 total
- age   2:    3208000 bytes,    4765576 total
- age   3:    6374920 bytes,   11140496 total
- age   4:    2943736 bytes,   14084232 total
- age   5:    1935072 bytes,   16019304 total
- age   6:    1404944 bytes,   17424248 total
- age   7:     928264 bytes,   18352512 total
- age   8:     812080 bytes,   19164592 total
: 109248K->21824K(109248K), 0.0063924 secs] 220470K->134516K(502464K), 0.0064585 secs] [Times: user=0.02 sys=0.00, real=0.01 secs] 
Heap after GC invocations=149 (full 3):
 par new generation   total 109248K, used 21824K [0x00000007a0000000, 0x00000007a8000000, 0x00000007a8000000)
  eden space 87424K,   0% used [0x00000007a0000000, 0x00000007a0000000, 0x00000007a5560000)
  from space 21824K, 100% used [0x00000007a6ab0000, 0x00000007a8000000, 0x00000007a8000000)
  to   space 21824K,   0% used [0x00000007a5560000, 0x00000007a5560000, 0x00000007a6ab0000)
 concurrent mark-sweep generation total 393216K, used 112692K [0x00000007a8000000, 0x00000007c0000000, 0x00000007c0000000)
 Metaspace       used 34013K, capacity 34472K, committed 34832K, reserved 1079296K
  class space    used 3933K, capacity 4071K, committed 4116K, reserved 1048576K
}
2016-10-23T18:05:08.850+0800: 73.854: Total time for which application threads were stopped: 0.0067425 seconds, Stopping threads took: 0.0000950 seconds
{Heap before GC invocations=149 (full 3):
 par new generation   total 109248K, used 109248K [0x00000007a0000000, 0x00000007a8000000, 0x00000007a8000000)
  eden space 87424K, 100% used [0x00000007a0000000, 0x00000007a5560000, 0x00000007a5560000)
  from space 21824K, 100% used [0x00000007a6ab0000, 0x00000007a8000000, 0x00000007a8000000)
  to   space 21824K,   0% used [0x00000007a5560000, 0x00000007a5560000, 0x00000007a6ab0000)
 concurrent mark-sweep generation total 393216K, used 112692K [0x00000007a8000000, 0x00000007c0000000, 0x00000007c0000000)
 Metaspace       used 34017K, capacity 34472K, committed 34832K, reserved 1079296K
  class space    used 3933K, capacity 4071K, committed 4116K, reserved 1048576K
2016-10-23T18:05:08.917+0800: 73.921: [GC (Allocation Failure) 2016-10-23T18:05:08.917+0800: 73.921: [ParNew
Desired survivor size 20112992 bytes, new threshold 8 (max 8)
- age   1:    3310616 bytes,    3310616 total
- age   2:     689992 bytes,    4000608 total
- age   3:    2740608 bytes,    6741216 total
- age   4:    6153320 bytes,   12894536 total
- age   5:    2759632 bytes,   15654168 total
- age   6:    1828896 bytes,   17483064 total
- age   7:    1302464 bytes,   18785528 total
- age   8:     829064 bytes,   19614592 total
: 109248K->21824K(109248K), 0.0077864 secs] 221940K->136004K(502464K), 0.0078623 secs] [Times: user=0.03 sys=0.00, real=0.01 secs] 
Heap after GC invocations=150 (full 3):
 par new generation   total 109248K, used 21824K [0x00000007a0000000, 0x00000007a8000000, 0x00000007a8000000)
  eden space 87424K,   0% used [0x00000007a0000000, 0x00000007a0000000, 0x00000007a5560000)
  from space 21824K, 100% used [0x00000007a5560000, 0x00000007a6ab0000, 0x00000007a6ab0000)
  to   space 21824K,   0% used [0x00000007a6ab0000, 0x00000007a6ab0000, 0x00000007a8000000)
 concurrent mark-sweep generation total 393216K, used 114180K [0x00000007a8000000, 0x00000007c0000000, 0x00000007c0000000)
 Metaspace       used 34017K, capacity 34472K, committed 34832K, reserved 1079296K
  class space    used 3933K, capacity 4071K, committed 4116K, reserved 1048576K
}
2016-10-23T18:05:08.925+0800: 73.929: Total time for which application threads were stopped: 0.0081187 seconds, Stopping threads took: 0.0001018 seconds
2016-10-23T18:05:08.926+0800: 73.929: Total time for which application threads were stopped: 0.0001349 seconds, Stopping threads took: 0.0000757 seconds
2016-10-23T18:05:08.926+0800: 73.930: Total time for which application threads were stopped: 0.0001470 seconds, Stopping threads took: 0.0000681 seconds
2016-10-23T18:05:08.927+0800: 73.931: Total time for which application threads were stopped: 0.0003296 seconds, Stopping threads took: 0.0001294 seconds
{Heap before GC invocations=150 (full 3):
 par new generation   total 109248K, used 109248K [0x00000007a0000000, 0x00000007a8000000, 0x00000007a8000000)
  eden space 87424K, 100% used [0x00000007a0000000, 0x00000007a5560000, 0x00000007a5560000)
  from space 21824K, 100% used [0x00000007a5560000, 0x00000007a6ab0000, 0x00000007a6ab0000)
  to   space 21824K,   0% used [0x00000007a6ab0000, 0x00000007a6ab0000, 0x00000007a8000000)
 concurrent mark-sweep generation total 393216K, used 114180K [0x00000007a8000000, 0x00000007c0000000, 0x00000007c0000000)
 Metaspace       used 34020K, capacity 34472K, committed 34832K, reserved 1079296K
  class space    used 3933K, capacity 4071K, committed 4116K, reserved 1048576K
2016-10-23T18:05:09.111+0800: 74.115: [GC (Allocation Failure) 2016-10-23T18:05:09.111+0800: 74.115: [ParNew
Desired survivor size 20112992 bytes, new threshold 8 (max 8)
- age   1:    4031520 bytes,    4031520 total
- age   2:    1650000 bytes,    5681520 total
- age   3:     371944 bytes,    6053464 total
- age   4:    1433112 bytes,    7486576 total
- age   5:    6166312 bytes,   13652888 total
- age   6:    2759632 bytes,   16412520 total
- age   7:    1828752 bytes,   18241272 total
- age   8:    1302464 bytes,   19543736 total
: 109248K->21824K(109248K), 0.0085999 secs] 223428K->140286K(502464K), 0.0086534 secs] [Times: user=0.05 sys=0.00, real=0.01 secs] 
Heap after GC invocations=151 (full 3):
 par new generation   total 109248K, used 21824K [0x00000007a0000000, 0x00000007a8000000, 0x00000007a8000000)
  eden space 87424K,   0% used [0x00000007a0000000, 0x00000007a0000000, 0x00000007a5560000)
  from space 21824K, 100% used [0x00000007a6ab0000, 0x00000007a8000000, 0x00000007a8000000)
  to   space 21824K,   0% used [0x00000007a5560000, 0x00000007a5560000, 0x00000007a6ab0000)
 concurrent mark-sweep generation total 393216K, used 118462K [0x00000007a8000000, 0x00000007c0000000, 0x00000007c0000000)
 Metaspace       used 34020K, capacity 34472K, committed 34832K, reserved 1079296K
  class space    used 3933K, capacity 4071K, committed 4116K, reserved 1048576K
}
2016-10-23T18:05:09.120+0800: 74.123: Total time for which application threads were stopped: 0.0089212 seconds, Stopping threads took: 0.0000717 seconds
{Heap before GC invocations=151 (full 3):
 par new generation   total 109248K, used 109248K [0x00000007a0000000, 0x00000007a8000000, 0x00000007a8000000)
  eden space 87424K, 100% used [0x00000007a0000000, 0x00000007a5560000, 0x00000007a5560000)
  from space 21824K, 100% used [0x00000007a6ab0000, 0x00000007a8000000, 0x00000007a8000000)
  to   space 21824K,   0% used [0x00000007a5560000, 0x00000007a5560000, 0x00000007a6ab0000)
 concurrent mark-sweep generation total 393216K, used 118462K [0x00000007a8000000, 0x00000007c0000000, 0x00000007c0000000)
 Metaspace       used 34020K, capacity 34472K, committed 34832K, reserved 1079296K
  class space    used 3933K, capacity 4071K, committed 4116K, reserved 1048576K
2016-10-23T18:05:09.289+0800: 74.293: [GC (Allocation Failure) 2016-10-23T18:05:09.289+0800: 74.293: [ParNew
Desired survivor size 20112992 bytes, new threshold 7 (max 8)
- age   1:    5942592 bytes,    5942592 total
- age   2:    2367552 bytes,    8310144 total
- age   3:    1457288 bytes,    9767432 total
- age   4:     369984 bytes,   10137416 total
- age   5:    1408792 bytes,   11546208 total
- age   6:    6084288 bytes,   17630496 total
- age   7:    2513544 bytes,   20144040 total
- age   8:    1238848 bytes,   21382888 total
: 109248K->21824K(109248K), 0.0083724 secs] 227710K->143796K(502464K), 0.0084308 secs] [Times: user=0.03 sys=0.00, real=0.01 secs] 
Heap after GC invocations=152 (full 3):
 par new generation   total 109248K, used 21824K [0x00000007a0000000, 0x00000007a8000000, 0x00000007a8000000)
  eden space 87424K,   0% used [0x00000007a0000000, 0x00000007a0000000, 0x00000007a5560000)
  from space 21824K, 100% used [0x00000007a5560000, 0x00000007a6ab0000, 0x00000007a6ab0000)
  to   space 21824K,   0% used [0x00000007a6ab0000, 0x00000007a6ab0000, 0x00000007a8000000)
 concurrent mark-sweep generation total 393216K, used 121972K [0x00000007a8000000, 0x00000007c0000000, 0x00000007c0000000)
 Metaspace       used 34020K, capacity 34472K, committed 34832K, reserved 1079296K
  class space    used 3933K, capacity 4071K, committed 4116K, reserved 1048576K
}
2016-10-23T18:05:09.298+0800: 74.301: Total time for which application threads were stopped: 0.0086377 seconds, Stopping threads took: 0.0000649 seconds
{Heap before GC invocations=152 (full 3):
 par new generation   total 109248K, used 109248K [0x00000007a0000000, 0x00000007a8000000, 0x00000007a8000000)
  eden space 87424K, 100% used [0x00000007a0000000, 0x00000007a5560000, 0x00000007a5560000)
  from space 21824K, 100% used [0x00000007a5560000, 0x00000007a6ab0000, 0x00000007a6ab0000)
  to   space 21824K,   0% used [0x00000007a6ab0000, 0x00000007a6ab0000, 0x00000007a8000000)
 concurrent mark-sweep generation total 393216K, used 121972K [0x00000007a8000000, 0x00000007c0000000, 0x00000007c0000000)
 Metaspace       used 34021K, capacity 34472K, committed 34832K, reserved 1079296K
  class space    used 3933K, capacity 4071K, committed 4116K, reserved 1048576K
2016-10-23T18:05:09.417+0800: 74.420: [GC (Allocation Failure) 2016-10-23T18:05:09.417+0800: 74.420: [ParNew
Desired survivor size 20112992 bytes, new threshold 8 (max 8)
- age   1:    5801920 bytes,    5801920 total
- age   2:    2657848 bytes,    8459768 total
- age   3:    1709760 bytes,   10169528 total
- age   4:    1097544 bytes,   11267072 total
- age   5:     356200 bytes,   11623272 total
- age   6:    1394384 bytes,   13017656 total
- age   7:    6074432 bytes,   19092088 total
: 109248K->21824K(109248K), 0.0091209 secs] 231220K->149583K(502464K), 0.0091876 secs] [Times: user=0.03 sys=0.01, real=0.01 secs] 
Heap after GC invocations=153 (full 3):
 par new generation   total 109248K, used 21824K [0x00000007a0000000, 0x00000007a8000000, 0x00000007a8000000)
  eden space 87424K,   0% used [0x00000007a0000000, 0x00000007a0000000, 0x00000007a5560000)
  from space 21824K, 100% used [0x00000007a6ab0000, 0x00000007a8000000, 0x00000007a8000000)
  to   space 21824K,   0% used [0x00000007a5560000, 0x00000007a5560000, 0x00000007a6ab0000)
 concurrent mark-sweep generation total 393216K, used 127759K [0x00000007a8000000, 0x00000007c0000000, 0x00000007c0000000)
 Metaspace       used 34021K, capacity 34472K, committed 34832K, reserved 1079296K
  class space    used 3933K, capacity 4071K, committed 4116K, reserved 1048576K
}
2016-10-23T18:05:09.426+0800: 74.429: Total time for which application threads were stopped: 0.0094357 seconds, Stopping threads took: 0.0000706 seconds
{Heap before GC invocations=153 (full 3):
 par new generation   total 109248K, used 109248K [0x00000007a0000000, 0x00000007a8000000, 0x00000007a8000000)
  eden space 87424K, 100% used [0x00000007a0000000, 0x00000007a5560000, 0x00000007a5560000)
  from space 21824K, 100% used [0x00000007a6ab0000, 0x00000007a8000000, 0x00000007a8000000)
  to   space 21824K,   0% used [0x00000007a5560000, 0x00000007a5560000, 0x00000007a6ab0000)
 concurrent mark-sweep generation total 393216K, used 127759K [0x00000007a8000000, 0x00000007c0000000, 0x00000007c0000000)
 Metaspace       used 34021K, capacity 34472K, committed 34832K, reserved 1079296K
  class space    used 3933K, capacity 4071K, committed 4116K, reserved 1048576K
2016-10-23T18:05:09.502+0800: 74.505: [GC (Allocation Failure) 2016-10-23T18:05:09.502+0800: 74.506: [ParNew
Desired survivor size 20112992 bytes, new threshold 8 (max 8)
- age   1:    5461784 bytes,    5461784 total
- age   2:    2598456 bytes,    8060240 total
- age   3:    2169280 bytes,   10229520 total
- age   4:    1394200 bytes,   11623720 total
- age   5:     945048 bytes,   12568768 total
- age   6:     326936 bytes,   12895704 total
- age   7:    1202848 bytes,   14098552 total
- age   8:    5980008 bytes,   20078560 total
: 109248K->21824K(109248K), 0.0084483 secs] 237007K->151685K(502464K), 0.0085181 secs] [Times: user=0.03 sys=0.00, real=0.01 secs] 
Heap after GC invocations=154 (full 3):
 par new generation   total 109248K, used 21824K [0x00000007a0000000, 0x00000007a8000000, 0x00000007a8000000)
  eden space 87424K,   0% used [0x00000007a0000000, 0x00000007a0000000, 0x00000007a5560000)
  from space 21824K, 100% used [0x00000007a5560000, 0x00000007a6ab0000, 0x00000007a6ab0000)
  to   space 21824K,   0% used [0x00000007a6ab0000, 0x00000007a6ab0000, 0x00000007a8000000)
 concurrent mark-sweep generation total 393216K, used 129861K [0x00000007a8000000, 0x00000007c0000000, 0x00000007c0000000)
 Metaspace       used 34021K, capacity 34472K, committed 34832K, reserved 1079296K
  class space    used 3933K, capacity 4071K, committed 4116K, reserved 1048576K
}
2016-10-23T18:05:09.510+0800: 74.514: Total time for which application threads were stopped: 0.0088042 seconds, Stopping threads took: 0.0000927 seconds
{Heap before GC invocations=154 (full 3):
 par new generation   total 109248K, used 109248K [0x00000007a0000000, 0x00000007a8000000, 0x00000007a8000000)
  eden space 87424K, 100% used [0x00000007a0000000, 0x00000007a5560000, 0x00000007a5560000)
  from space 21824K, 100% used [0x00000007a5560000, 0x00000007a6ab0000, 0x00000007a6ab0000)
  to   space 21824K,   0% used [0x00000007a6ab0000, 0x00000007a6ab0000, 0x00000007a8000000)
 concurrent mark-sweep generation total 393216K, used 129861K [0x00000007a8000000, 0x00000007c0000000, 0x00000007c0000000)
 Metaspace       used 34021K, capacity 34472K, committed 34832K, reserved 1079296K
  class space    used 3933K, capacity 4071K, committed 4116K, reserved 1048576K
2016-10-23T18:05:09.583+0800: 74.587: [GC (Allocation Failure) 2016-10-23T18:05:09.583+0800: 74.587: [ParNew
Desired survivor size 20112992 bytes, new threshold 8 (max 8)
- age   1:    5323120 bytes,    5323120 total
- age   2:    2591400 bytes,    7914520 total
- age   3:    1910656 bytes,    9825176 total
- age   4:    1406952 bytes,   11232128 total
- age   5:     813536 bytes,   12045664 total
- age   6:     936248 bytes,   12981912 total
- age   7:     324376 bytes,   13306288 total
- age   8:    1193976 bytes,   14500264 total
: 109248K->21824K(109248K), 0.0087986 secs] 239109K->159770K(502464K), 0.0088622 secs] [Times: user=0.03 sys=0.00, real=0.01 secs] 
Heap after GC invocations=155 (full 3):
 par new generation   total 109248K, used 21824K [0x00000007a0000000, 0x00000007a8000000, 0x00000007a8000000)
  eden space 87424K,   0% used [0x00000007a0000000, 0x00000007a0000000, 0x00000007a5560000)
  from space 21824K, 100% used [0x00000007a6ab0000, 0x00000007a8000000, 0x00000007a8000000)
  to   space 21824K,   0% used [0x00000007a5560000, 0x00000007a5560000, 0x00000007a6ab0000)
 concurrent mark-sweep generation total 393216K, used 137946K [0x00000007a8000000, 0x00000007c0000000, 0x00000007c0000000)
 Metaspace       used 34021K, capacity 34472K, committed 34832K, reserved 1079296K
  class space    used 3933K, capacity 4071K, committed 4116K, reserved 1048576K
}
2016-10-23T18:05:09.592+0800: 74.596: Total time for which application threads were stopped: 0.0090873 seconds, Stopping threads took: 0.0000660 seconds
{Heap before GC invocations=155 (full 3):
 par new generation   total 109248K, used 109248K [0x00000007a0000000, 0x00000007a8000000, 0x00000007a8000000)
  eden space 87424K, 100% used [0x00000007a0000000, 0x00000007a5560000, 0x00000007a5560000)
  from space 21824K, 100% used [0x00000007a6ab0000, 0x00000007a8000000, 0x00000007a8000000)
  to   space 21824K,   0% used [0x00000007a5560000, 0x00000007a5560000, 0x00000007a6ab0000)
 concurrent mark-sweep generation total 393216K, used 137946K [0x00000007a8000000, 0x00000007c0000000, 0x00000007c0000000)
 Metaspace       used 34021K, capacity 34472K, committed 34832K, reserved 1079296K
  class space    used 3933K, capacity 4071K, committed 4116K, reserved 1048576K
2016-10-23T18:05:09.667+0800: 74.671: [GC (Allocation Failure) 2016-10-23T18:05:09.667+0800: 74.671: [ParNew
Desired survivor size 20112992 bytes, new threshold 8 (max 8)
- age   1:    6942376 bytes,    6942376 total
- age   2:    3315312 bytes,   10257688 total
- age   3:    1186968 bytes,   11444656 total
- age   4:    1892936 bytes,   13337592 total
- age   5:    1111944 bytes,   14449536 total
- age   6:     813536 bytes,   15263072 total
- age   7:     919800 bytes,   16182872 total
- age   8:     324376 bytes,   16507248 total
: 109248K->19366K(109248K), 0.0064727 secs] 247194K->158483K(502464K), 0.0065385 secs] [Times: user=0.02 sys=0.00, real=0.01 secs] 
Heap after GC invocations=156 (full 3):
 par new generation   total 109248K, used 19366K [0x00000007a0000000, 0x00000007a8000000, 0x00000007a8000000)
  eden space 87424K,   0% used [0x00000007a0000000, 0x00000007a0000000, 0x00000007a5560000)
  from space 21824K,  88% used [0x00000007a5560000, 0x00000007a68499d0, 0x00000007a6ab0000)
  to   space 21824K,   0% used [0x00000007a6ab0000, 0x00000007a6ab0000, 0x00000007a8000000)
 concurrent mark-sweep generation total 393216K, used 139117K [0x00000007a8000000, 0x00000007c0000000, 0x00000007c0000000)
 Metaspace       used 34021K, capacity 34472K, committed 34832K, reserved 1079296K
  class space    used 3933K, capacity 4071K, committed 4116K, reserved 1048576K
}
2016-10-23T18:05:09.674+0800: 74.678: Total time for which application threads were stopped: 0.0068056 seconds, Stopping threads took: 0.0000889 seconds
{Heap before GC invocations=156 (full 3):
 par new generation   total 109248K, used 106790K [0x00000007a0000000, 0x00000007a8000000, 0x00000007a8000000)
  eden space 87424K, 100% used [0x00000007a0000000, 0x00000007a5560000, 0x00000007a5560000)
  from space 21824K,  88% used [0x00000007a5560000, 0x00000007a68499d0, 0x00000007a6ab0000)
  to   space 21824K,   0% used [0x00000007a6ab0000, 0x00000007a6ab0000, 0x00000007a8000000)
 concurrent mark-sweep generation total 393216K, used 139117K [0x00000007a8000000, 0x00000007c0000000, 0x00000007c0000000)
 Metaspace       used 34021K, capacity 34472K, committed 34832K, reserved 1079296K
  class space    used 3933K, capacity 4071K, committed 4116K, reserved 1048576K
2016-10-23T18:05:09.772+0800: 74.775: [GC (Allocation Failure) 2016-10-23T18:05:09.772+0800: 74.775: [ParNew
Desired survivor size 20112992 bytes, new threshold 8 (max 8)
- age   1:    2543144 bytes,    2543144 total
- age   2:    6558888 bytes,    9102032 total
- age   3:    3234384 bytes,   12336416 total
- age   4:    1111336 bytes,   13447752 total
- age   5:    1751800 bytes,   15199552 total
- age   6:     985192 bytes,   16184744 total
- age   7:     692168 bytes,   16876912 total
- age   8:     849200 bytes,   17726112 total
: 106790K->21824K(109248K), 0.0066224 secs] 245907K->162254K(502464K), 0.0066714 secs] [Times: user=0.03 sys=0.00, real=0.00 secs] 
Heap after GC invocations=157 (full 3):
 par new generation   total 109248K, used 21824K [0x00000007a0000000, 0x00000007a8000000, 0x00000007a8000000)
  eden space 87424K,   0% used [0x00000007a0000000, 0x00000007a0000000, 0x00000007a5560000)
  from space 21824K, 100% used [0x00000007a6ab0000, 0x00000007a8000000, 0x00000007a8000000)
  to   space 21824K,   0% used [0x00000007a5560000, 0x00000007a5560000, 0x00000007a6ab0000)
 concurrent mark-sweep generation total 393216K, used 140430K [0x00000007a8000000, 0x00000007c0000000, 0x00000007c0000000)
 Metaspace       used 34021K, capacity 34472K, committed 34832K, reserved 1079296K
  class space    used 3933K, capacity 4071K, committed 4116K, reserved 1048576K
}
2016-10-23T18:05:09.778+0800: 74.782: Total time for which application threads were stopped: 0.0069424 seconds, Stopping threads took: 0.0001259 seconds
{Heap before GC invocations=157 (full 3):
 par new generation   total 109248K, used 109248K [0x00000007a0000000, 0x00000007a8000000, 0x00000007a8000000)
  eden space 87424K, 100% used [0x00000007a0000000, 0x00000007a5560000, 0x00000007a5560000)
  from space 21824K, 100% used [0x00000007a6ab0000, 0x00000007a8000000, 0x00000007a8000000)
  to   space 21824K,   0% used [0x00000007a5560000, 0x00000007a5560000, 0x00000007a6ab0000)
 concurrent mark-sweep generation total 393216K, used 140430K [0x00000007a8000000, 0x00000007c0000000, 0x00000007c0000000)
 Metaspace       used 34021K, capacity 34472K, committed 34832K, reserved 1079296K
  class space    used 3933K, capacity 4071K, committed 4116K, reserved 1048576K
2016-10-23T18:05:09.819+0800: 74.823: [GC (Allocation Failure) 2016-10-23T18:05:09.819+0800: 74.823: [ParNew
Desired survivor size 20112992 bytes, new threshold 8 (max 8)
- age   1:    1254088 bytes,    1254088 total
- age   2:    1914176 bytes,    3168264 total
- age   3:    6558888 bytes,    9727152 total
- age   4:    3234384 bytes,   12961536 total
- age   5:    1111264 bytes,   14072800 total
- age   6:    1750840 bytes,   15823640 total
- age   7:     985192 bytes,   16808832 total
- age   8:     692168 bytes,   17501000 total
: 109248K->21824K(109248K), 0.0065568 secs] 249678K->163091K(502464K), 0.0066289 secs] [Times: user=0.02 sys=0.00, real=0.01 secs] 
Heap after GC invocations=158 (full 3):
 par new generation   total 109248K, used 21824K [0x00000007a0000000, 0x00000007a8000000, 0x00000007a8000000)
  eden space 87424K,   0% used [0x00000007a0000000, 0x00000007a0000000, 0x00000007a5560000)
  from space 21824K, 100% used [0x00000007a5560000, 0x00000007a6ab0000, 0x00000007a6ab0000)
  to   space 21824K,   0% used [0x00000007a6ab0000, 0x00000007a6ab0000, 0x00000007a8000000)
 concurrent mark-sweep generation total 393216K, used 141267K [0x00000007a8000000, 0x00000007c0000000, 0x00000007c0000000)
 Metaspace       used 34021K, capacity 34472K, committed 34832K, reserved 1079296K
  class space    used 3933K, capacity 4071K, committed 4116K, reserved 1048576K
}
2016-10-23T18:05:09.826+0800: 74.829: Total time for which application threads were stopped: 0.0068727 seconds, Stopping threads took: 0.0000633 seconds
{Heap before GC invocations=158 (full 3):
 par new generation   total 109248K, used 109248K [0x00000007a0000000, 0x00000007a8000000, 0x00000007a8000000)
  eden space 87424K, 100% used [0x00000007a0000000, 0x00000007a5560000, 0x00000007a5560000)
  from space 21824K, 100% used [0x00000007a5560000, 0x00000007a6ab0000, 0x00000007a6ab0000)
  to   space 21824K,   0% used [0x00000007a6ab0000, 0x00000007a6ab0000, 0x00000007a8000000)
 concurrent mark-sweep generation total 393216K, used 141267K [0x00000007a8000000, 0x00000007c0000000, 0x00000007c0000000)
 Metaspace       used 34021K, capacity 34472K, committed 34832K, reserved 1079296K
  class space    used 3933K, capacity 4071K, committed 4116K, reserved 1048576K
2016-10-23T18:05:09.869+0800: 74.872: [GC (Allocation Failure) 2016-10-23T18:05:09.869+0800: 74.873: [ParNew
Desired survivor size 20112992 bytes, new threshold 8 (max 8)
- age   1:    1376528 bytes,    1376528 total
- age   2:     614528 bytes,    1991056 total
- age   3:    1824320 bytes,    3815376 total
- age   4:    6499032 bytes,   10314408 total
- age   5:    3173184 bytes,   13487592 total
- age   6:    1065184 bytes,   14552776 total
- age   7:    1685088 bytes,   16237864 total
- age   8:     909160 bytes,   17147024 total
: 109248K->21824K(109248K), 0.0063574 secs] 250515K->163699K(502464K), 0.0064158 secs] [Times: user=0.03 sys=0.00, real=0.01 secs] 
Heap after GC invocations=159 (full 3):
 par new generation   total 109248K, used 21824K [0x00000007a0000000, 0x00000007a8000000, 0x00000007a8000000)
  eden space 87424K,   0% used [0x00000007a0000000, 0x00000007a0000000, 0x00000007a5560000)
  from space 21824K, 100% used [0x00000007a6ab0000, 0x00000007a8000000, 0x00000007a8000000)
  to   space 21824K,   0% used [0x00000007a5560000, 0x00000007a5560000, 0x00000007a6ab0000)
 concurrent mark-sweep generation total 393216K, used 141875K [0x00000007a8000000, 0x00000007c0000000, 0x00000007c0000000)
 Metaspace       used 34021K, capacity 34472K, committed 34832K, reserved 1079296K
  class space    used 3933K, capacity 4071K, committed 4116K, reserved 1048576K
}
2016-10-23T18:05:09.875+0800: 74.879: Total time for which application threads were stopped: 0.0066356 seconds, Stopping threads took: 0.0000717 seconds
2016-10-23T18:05:09.898+0800: 74.901: Total time for which application threads were stopped: 0.0002261 seconds, Stopping threads took: 0.0001016 seconds
{Heap before GC invocations=159 (full 3):
 par new generation   total 109248K, used 109248K [0x00000007a0000000, 0x00000007a8000000, 0x00000007a8000000)
  eden space 87424K, 100% used [0x00000007a0000000, 0x00000007a5560000, 0x00000007a5560000)
  from space 21824K, 100% used [0x00000007a6ab0000, 0x00000007a8000000, 0x00000007a8000000)
  to   space 21824K,   0% used [0x00000007a5560000, 0x00000007a5560000, 0x00000007a6ab0000)
 concurrent mark-sweep generation total 393216K, used 141875K [0x00000007a8000000, 0x00000007c0000000, 0x00000007c0000000)
 Metaspace       used 34026K, capacity 34472K, committed 34832K, reserved 1079296K
  class space    used 3933K, capacity 4071K, committed 4116K, reserved 1048576K
2016-10-23T18:05:09.960+0800: 74.963: [GC (Allocation Failure) 2016-10-23T18:05:09.960+0800: 74.963: [ParNew
Desired survivor size 20112992 bytes, new threshold 8 (max 8)
- age   1:    4002448 bytes,    4002448 total
- age   2:     479456 bytes,    4481904 total
- age   3:     378504 bytes,    4860408 total
- age   4:    1343728 bytes,    6204136 total
- age   5:    6413544 bytes,   12617680 total
- age   6:    3105112 bytes,   15722792 total
- age   7:    1008320 bytes,   16731112 total
- age   8:    1534536 bytes,   18265648 total
: 109248K->21824K(109248K), 0.0060810 secs] 251123K->166087K(502464K), 0.0061363 secs] [Times: user=0.02 sys=0.00, real=0.00 secs] 
Heap after GC invocations=160 (full 3):
 par new generation   total 109248K, used 21824K [0x00000007a0000000, 0x00000007a8000000, 0x00000007a8000000)
  eden space 87424K,   0% used [0x00000007a0000000, 0x00000007a0000000, 0x00000007a5560000)
  from space 21824K, 100% used [0x00000007a5560000, 0x00000007a6ab0000, 0x00000007a6ab0000)
  to   space 21824K,   0% used [0x00000007a6ab0000, 0x00000007a6ab0000, 0x00000007a8000000)
 concurrent mark-sweep generation total 393216K, used 144263K [0x00000007a8000000, 0x00000007c0000000, 0x00000007c0000000)
 Metaspace       used 34026K, capacity 34472K, committed 34832K, reserved 1079296K
  class space    used 3933K, capacity 4071K, committed 4116K, reserved 1048576K
}
2016-10-23T18:05:09.966+0800: 74.969: Total time for which application threads were stopped: 0.0063896 seconds, Stopping threads took: 0.0000746 seconds
{Heap before GC invocations=160 (full 3):
 par new generation   total 109248K, used 109248K [0x00000007a0000000, 0x00000007a8000000, 0x00000007a8000000)
  eden space 87424K, 100% used [0x00000007a0000000, 0x00000007a5560000, 0x00000007a5560000)
  from space 21824K, 100% used [0x00000007a5560000, 0x00000007a6ab0000, 0x00000007a6ab0000)
  to   space 21824K,   0% used [0x00000007a6ab0000, 0x00000007a6ab0000, 0x00000007a8000000)
 concurrent mark-sweep generation total 393216K, used 144263K [0x00000007a8000000, 0x00000007c0000000, 0x00000007c0000000)
 Metaspace       used 34026K, capacity 34472K, committed 34832K, reserved 1079296K
  class space    used 3933K, capacity 4071K, committed 4116K, reserved 1048576K
2016-10-23T18:05:10.009+0800: 75.012: [GC (Allocation Failure) 2016-10-23T18:05:10.009+0800: 75.012: [ParNew
Desired survivor size 20112992 bytes, new threshold 8 (max 8)
- age   1:    2872480 bytes,    2872480 total
- age   2:    3345216 bytes,    6217696 total
- age   3:     459968 bytes,    6677664 total
- age   4:     369792 bytes,    7047456 total
- age   5:    1341992 bytes,    8389448 total
- age   6:    6413544 bytes,   14802992 total
- age   7:    3105112 bytes,   17908104 total
- age   8:    1008320 bytes,   18916424 total
: 109248K->21824K(109248K), 0.0065152 secs] 253511K->167590K(502464K), 0.0065865 secs] [Times: user=0.02 sys=0.00, real=0.01 secs] 
Heap after GC invocations=161 (full 3):
 par new generation   total 109248K, used 21824K [0x00000007a0000000, 0x00000007a8000000, 0x00000007a8000000)
  eden space 87424K,   0% used [0x00000007a0000000, 0x00000007a0000000, 0x00000007a5560000)
  from space 21824K, 100% used [0x00000007a6ab0000, 0x00000007a8000000, 0x00000007a8000000)
  to   space 21824K,   0% used [0x00000007a5560000, 0x00000007a5560000, 0x00000007a6ab0000)
 concurrent mark-sweep generation total 393216K, used 145766K [0x00000007a8000000, 0x00000007c0000000, 0x00000007c0000000)
 Metaspace       used 34026K, capacity 34472K, committed 34832K, reserved 1079296K
  class space    used 3933K, capacity 4071K, committed 4116K, reserved 1048576K
}
2016-10-23T18:05:10.015+0800: 75.019: Total time for which application threads were stopped: 0.0068425 seconds, Stopping threads took: 0.0000631 seconds
{Heap before GC invocations=161 (full 3):
 par new generation   total 109248K, used 109248K [0x00000007a0000000, 0x00000007a8000000, 0x00000007a8000000)
  eden space 87424K, 100% used [0x00000007a0000000, 0x00000007a5560000, 0x00000007a5560000)
  from space 21824K, 100% used [0x00000007a6ab0000, 0x00000007a8000000, 0x00000007a8000000)
  to   space 21824K,   0% used [0x00000007a5560000, 0x00000007a5560000, 0x00000007a6ab0000)
 concurrent mark-sweep generation total 393216K, used 145766K [0x00000007a8000000, 0x00000007c0000000, 0x00000007c0000000)
 Metaspace       used 34026K, capacity 34472K, committed 34832K, reserved 1079296K
  class space    used 3933K, capacity 4071K, committed 4116K, reserved 1048576K
2016-10-23T18:05:10.084+0800: 75.088: [GC (Allocation Failure) 2016-10-23T18:05:10.084+0800: 75.088: [ParNew
Desired survivor size 20112992 bytes, new threshold 8 (max 8)
- age   1:    3913392 bytes,    3913392 total
- age   2:    1161944 bytes,    5075336 total
- age   3:    3279120 bytes,    8354456 total
- age   4:     456176 bytes,    8810632 total
- age   5:     368880 bytes,    9179512 total
- age   6:    1339960 bytes,   10519472 total
- age   7:    6331672 bytes,   16851144 total
- age   8:    3030408 bytes,   19881552 total
: 109248K->21824K(109248K), 0.0064746 secs] 255014K->168731K(502464K), 0.0065309 secs] [Times: user=0.02 sys=0.00, real=0.01 secs] 
Heap after GC invocations=162 (full 3):
 par new generation   total 109248K, used 21824K [0x00000007a0000000, 0x00000007a8000000, 0x00000007a8000000)
  eden space 87424K,   0% used [0x00000007a0000000, 0x00000007a0000000, 0x00000007a5560000)
  from space 21824K, 100% used [0x00000007a5560000, 0x00000007a6ab0000, 0x00000007a6ab0000)
  to   space 21824K,   0% used [0x00000007a6ab0000, 0x00000007a6ab0000, 0x00000007a8000000)
 concurrent mark-sweep generation total 393216K, used 146907K [0x00000007a8000000, 0x00000007c0000000, 0x00000007c0000000)
 Metaspace       used 34026K, capacity 34472K, committed 34832K, reserved 1079296K
  class space    used 3933K, capacity 4071K, committed 4116K, reserved 1048576K
}
2016-10-23T18:05:10.091+0800: 75.094: Total time for which application threads were stopped: 0.0067839 seconds, Stopping threads took: 0.0000867 seconds
{Heap before GC invocations=162 (full 3):
 par new generation   total 109248K, used 109248K [0x00000007a0000000, 0x00000007a8000000, 0x00000007a8000000)
  eden space 87424K, 100% used [0x00000007a0000000, 0x00000007a5560000, 0x00000007a5560000)
  from space 21824K, 100% used [0x00000007a5560000, 0x00000007a6ab0000, 0x00000007a6ab0000)
  to   space 21824K,   0% used [0x00000007a6ab0000, 0x00000007a6ab0000, 0x00000007a8000000)
 concurrent mark-sweep generation total 393216K, used 146907K [0x00000007a8000000, 0x00000007c0000000, 0x00000007c0000000)
 Metaspace       used 34026K, capacity 34472K, committed 34832K, reserved 1079296K
  class space    used 3933K, capacity 4071K, committed 4116K, reserved 1048576K
2016-10-23T18:05:10.156+0800: 75.160: [GC (Allocation Failure) 2016-10-23T18:05:10.156+0800: 75.160: [ParNew
Desired survivor size 20112992 bytes, new threshold 8 (max 8)
- age   1:    4278896 bytes,    4278896 total
- age   2:    1633936 bytes,    5912832 total
- age   3:     990048 bytes,    6902880 total
- age   4:    2887856 bytes,    9790736 total
- age   5:     446096 bytes,   10236832 total
- age   6:     366176 bytes,   10603008 total
- age   7:    1330920 bytes,   11933928 total
- age   8:    6454616 bytes,   18388544 total
: 109248K->21824K(109248K), 0.0061141 secs] 256155K->173126K(502464K), 0.0061765 secs] [Times: user=0.02 sys=0.00, real=0.01 secs] 
Heap after GC invocations=163 (full 3):
 par new generation   total 109248K, used 21824K [0x00000007a0000000, 0x00000007a8000000, 0x00000007a8000000)
  eden space 87424K,   0% used [0x00000007a0000000, 0x00000007a0000000, 0x00000007a5560000)
  from space 21824K, 100% used [0x00000007a6ab0000, 0x00000007a8000000, 0x00000007a8000000)
  to   space 21824K,   0% used [0x00000007a5560000, 0x00000007a5560000, 0x00000007a6ab0000)
 concurrent mark-sweep generation total 393216K, used 151302K [0x00000007a8000000, 0x00000007c0000000, 0x00000007c0000000)
 Metaspace       used 34026K, capacity 34472K, committed 34832K, reserved 1079296K
  class space    used 3933K, capacity 4071K, committed 4116K, reserved 1048576K
}
2016-10-23T18:05:10.162+0800: 75.166: Total time for which application threads were stopped: 0.0064051 seconds, Stopping threads took: 0.0000670 seconds
{Heap before GC invocations=163 (full 3):
 par new generation   total 109248K, used 109248K [0x00000007a0000000, 0x00000007a8000000, 0x00000007a8000000)
  eden space 87424K, 100% used [0x00000007a0000000, 0x00000007a5560000, 0x00000007a5560000)
  from space 21824K, 100% used [0x00000007a6ab0000, 0x00000007a8000000, 0x00000007a8000000)
  to   space 21824K,   0% used [0x00000007a5560000, 0x00000007a5560000, 0x00000007a6ab0000)
 concurrent mark-sweep generation total 393216K, used 151302K [0x00000007a8000000, 0x00000007c0000000, 0x00000007c0000000)
 Metaspace       used 34026K, capacity 34472K, committed 34832K, reserved 1079296K
  class space    used 3933K, capacity 4071K, committed 4116K, reserved 1048576K
2016-10-23T18:05:10.264+0800: 75.268: [GC (Allocation Failure) 2016-10-23T18:05:10.264+0800: 75.268: [ParNew
Desired survivor size 20112992 bytes, new threshold 8 (max 8)
- age   1:    5825048 bytes,    5825048 total
- age   2:    2733848 bytes,    8558896 total
- age   3:    1525544 bytes,   10084440 total
- age   4:     955032 bytes,   11039472 total
- age   5:    2865784 bytes,   13905256 total
- age   6:     428792 bytes,   14334048 total
- age   7:     346936 bytes,   14680984 total
- age   8:    1233256 bytes,   15914240 total
: 109248K->21824K(109248K), 0.0068495 secs] 260550K->179493K(502464K), 0.0069154 secs] [Times: user=0.03 sys=0.00, real=0.01 secs] 
Heap after GC invocations=164 (full 3):
 par new generation   total 109248K, used 21824K [0x00000007a0000000, 0x00000007a8000000, 0x00000007a8000000)
  eden space 87424K,   0% used [0x00000007a0000000, 0x00000007a0000000, 0x00000007a5560000)
  from space 21824K, 100% used [0x00000007a5560000, 0x00000007a6ab0000, 0x00000007a6ab0000)
  to   space 21824K,   0% used [0x00000007a6ab0000, 0x00000007a6ab0000, 0x00000007a8000000)
 concurrent mark-sweep generation total 393216K, used 157669K [0x00000007a8000000, 0x00000007c0000000, 0x00000007c0000000)
 Metaspace       used 34026K, capacity 34472K, committed 34832K, reserved 1079296K
  class space    used 3933K, capacity 4071K, committed 4116K, reserved 1048576K
}
2016-10-23T18:05:10.271+0800: 75.275: Total time for which application threads were stopped: 0.0071709 seconds, Stopping threads took: 0.0000739 seconds
{Heap before GC invocations=164 (full 3):
 par new generation   total 109248K, used 109248K [0x00000007a0000000, 0x00000007a8000000, 0x00000007a8000000)
  eden space 87424K, 100% used [0x00000007a0000000, 0x00000007a5560000, 0x00000007a5560000)
  from space 21824K, 100% used [0x00000007a5560000, 0x00000007a6ab0000, 0x00000007a6ab0000)
  to   space 21824K,   0% used [0x00000007a6ab0000, 0x00000007a6ab0000, 0x00000007a8000000)
 concurrent mark-sweep generation total 393216K, used 157669K [0x00000007a8000000, 0x00000007c0000000, 0x00000007c0000000)
 Metaspace       used 34026K, capacity 34472K, committed 34832K, reserved 1079296K
  class space    used 3933K, capacity 4071K, committed 4116K, reserved 1048576K
2016-10-23T18:05:10.334+0800: 75.338: [GC (Allocation Failure) 2016-10-23T18:05:10.334+0800: 75.338: [ParNew
Desired survivor size 20112992 bytes, new threshold 8 (max 8)
- age   1:    5204360 bytes,    5204360 total
- age   2:    3151096 bytes,    8355456 total
- age   3:    2514296 bytes,   10869752 total
- age   4:    1501664 bytes,   12371416 total
- age   5:     920136 bytes,   13291552 total
- age   6:    2861776 bytes,   16153328 total
- age   7:     428048 bytes,   16581376 total
- age   8:     346552 bytes,   16927928 total
: 109248K->20671K(109248K), 0.0055740 secs] 266917K->179557K(502464K), 0.0056429 secs] [Times: user=0.02 sys=0.00, real=0.01 secs] 
Heap after GC invocations=165 (full 3):
 par new generation   total 109248K, used 20671K [0x00000007a0000000, 0x00000007a8000000, 0x00000007a8000000)
  eden space 87424K,   0% used [0x00000007a0000000, 0x00000007a0000000, 0x00000007a5560000)
  from space 21824K,  94% used [0x00000007a6ab0000, 0x00000007a7edff80, 0x00000007a8000000)
  to   space 21824K,   0% used [0x00000007a5560000, 0x00000007a5560000, 0x00000007a6ab0000)
 concurrent mark-sweep generation total 393216K, used 158886K [0x00000007a8000000, 0x00000007c0000000, 0x00000007c0000000)
 Metaspace       used 34026K, capacity 34472K, committed 34832K, reserved 1079296K
  class space    used 3933K, capacity 4071K, committed 4116K, reserved 1048576K
}
2016-10-23T18:05:10.340+0800: 75.344: Total time for which application threads were stopped: 0.0059006 seconds, Stopping threads took: 0.0000927 seconds
{Heap before GC invocations=165 (full 3):
 par new generation   total 109248K, used 108095K [0x00000007a0000000, 0x00000007a8000000, 0x00000007a8000000)
  eden space 87424K, 100% used [0x00000007a0000000, 0x00000007a5560000, 0x00000007a5560000)
  from space 21824K,  94% used [0x00000007a6ab0000, 0x00000007a7edff80, 0x00000007a8000000)
  to   space 21824K,   0% used [0x00000007a5560000, 0x00000007a5560000, 0x00000007a6ab0000)
 concurrent mark-sweep generation total 393216K, used 158886K [0x00000007a8000000, 0x00000007c0000000, 0x00000007c0000000)
 Metaspace       used 34026K, capacity 34472K, committed 34832K, reserved 1079296K
  class space    used 3933K, capacity 4071K, committed 4116K, reserved 1048576K
2016-10-23T18:05:10.440+0800: 75.443: [GC (Allocation Failure) 2016-10-23T18:05:10.440+0800: 75.443: [ParNew
Desired survivor size 20112992 bytes, new threshold 8 (max 8)
- age   1:    6902240 bytes,    6902240 total
- age   2:    2160784 bytes,    9063024 total
- age   3:    2423224 bytes,   11486248 total
- age   4:    2125904 bytes,   13612152 total
- age   5:    1395192 bytes,   15007344 total
- age   6:     844880 bytes,   15852224 total
- age   7:    2486664 bytes,   18338888 total
- age   8:     427232 bytes,   18766120 total
: 108095K->21824K(109248K), 0.0068340 secs] 266981K->182073K(502464K), 0.0068931 secs] [Times: user=0.03 sys=0.00, real=0.00 secs] 
Heap after GC invocations=166 (full 3):
 par new generation   total 109248K, used 21824K [0x00000007a0000000, 0x00000007a8000000, 0x00000007a8000000)
  eden space 87424K,   0% used [0x00000007a0000000, 0x00000007a0000000, 0x00000007a5560000)
  from space 21824K, 100% used [0x00000007a5560000, 0x00000007a6ab0000, 0x00000007a6ab0000)
  to   space 21824K,   0% used [0x00000007a6ab0000, 0x00000007a6ab0000, 0x00000007a8000000)
 concurrent mark-sweep generation total 393216K, used 160249K [0x00000007a8000000, 0x00000007c0000000, 0x00000007c0000000)
 Metaspace       used 34026K, capacity 34472K, committed 34832K, reserved 1079296K
  class space    used 3933K, capacity 4071K, committed 4116K, reserved 1048576K
}
2016-10-23T18:05:10.447+0800: 75.450: Total time for which application threads were stopped: 0.0071283 seconds, Stopping threads took: 0.0000771 seconds
{Heap before GC invocations=166 (full 3):
 par new generation   total 109248K, used 109248K [0x00000007a0000000, 0x00000007a8000000, 0x00000007a8000000)
  eden space 87424K, 100% used [0x00000007a0000000, 0x00000007a5560000, 0x00000007a5560000)
  from space 21824K, 100% used [0x00000007a5560000, 0x00000007a6ab0000, 0x00000007a6ab0000)
  to   space 21824K,   0% used [0x00000007a6ab0000, 0x00000007a6ab0000, 0x00000007a8000000)
 concurrent mark-sweep generation total 393216K, used 160249K [0x00000007a8000000, 0x00000007c0000000, 0x00000007c0000000)
 Metaspace       used 34026K, capacity 34472K, committed 34832K, reserved 1079296K
  class space    used 3933K, capacity 4071K, committed 4116K, reserved 1048576K
2016-10-23T18:05:10.517+0800: 75.520: [GC (Allocation Failure) 2016-10-23T18:05:10.517+0800: 75.520: [ParNew
Desired survivor size 20112992 bytes, new threshold 8 (max 8)
- age   1:    3715768 bytes,    3715768 total
- age   2:    4093128 bytes,    7808896 total
- age   3:    1615672 bytes,    9424568 total
- age   4:    2220504 bytes,   11645072 total
- age   5:    2071832 bytes,   13716904 total
- age   6:    1351152 bytes,   15068056 total
- age   7:     801064 bytes,   15869120 total
- age   8:    1473008 bytes,   17342128 total
: 109248K->21824K(109248K), 0.0065928 secs] 269497K->185704K(502464K), 0.0066482 secs] [Times: user=0.03 sys=0.00, real=0.01 secs] 
Heap after GC invocations=167 (full 3):
 par new generation   total 109248K, used 21824K [0x00000007a0000000, 0x00000007a8000000, 0x00000007a8000000)
  eden space 87424K,   0% used [0x00000007a0000000, 0x00000007a0000000, 0x00000007a5560000)
  from space 21824K, 100% used [0x00000007a6ab0000, 0x00000007a8000000, 0x00000007a8000000)
  to   space 21824K,   0% used [0x00000007a5560000, 0x00000007a5560000, 0x00000007a6ab0000)
 concurrent mark-sweep generation total 393216K, used 163880K [0x00000007a8000000, 0x00000007c0000000, 0x00000007c0000000)
 Metaspace       used 34026K, capacity 34472K, committed 34832K, reserved 1079296K
  class space    used 3933K, capacity 4071K, committed 4116K, reserved 1048576K
}
2016-10-23T18:05:10.523+0800: 75.527: Total time for which application threads were stopped: 0.0069189 seconds, Stopping threads took: 0.0000877 seconds
{Heap before GC invocations=167 (full 3):
 par new generation   total 109248K, used 109248K [0x00000007a0000000, 0x00000007a8000000, 0x00000007a8000000)
  eden space 87424K, 100% used [0x00000007a0000000, 0x00000007a5560000, 0x00000007a5560000)
  from space 21824K, 100% used [0x00000007a6ab0000, 0x00000007a8000000, 0x00000007a8000000)
  to   space 21824K,   0% used [0x00000007a5560000, 0x00000007a5560000, 0x00000007a6ab0000)
 concurrent mark-sweep generation total 393216K, used 163880K [0x00000007a8000000, 0x00000007c0000000, 0x00000007c0000000)
 Metaspace       used 34026K, capacity 34472K, committed 34832K, reserved 1079296K
  class space    used 3933K, capacity 4071K, committed 4116K, reserved 1048576K
2016-10-23T18:05:10.577+0800: 75.581: [GC (Allocation Failure) 2016-10-23T18:05:10.577+0800: 75.581: [ParNew
Desired survivor size 20112992 bytes, new threshold 8 (max 8)
- age   1:    6409960 bytes,    6409960 total
- age   2:    2523688 bytes,    8933648 total
- age   3:    2034648 bytes,   10968296 total
- age   4:    1334560 bytes,   12302856 total
- age   5:    1628280 bytes,   13931136 total
- age   6:    1198736 bytes,   15129872 total
- age   7:    1326864 bytes,   16456736 total
- age   8:     788280 bytes,   17245016 total
: 109248K->21824K(109248K), 0.0065321 secs] 273128K->189020K(502464K), 0.0066036 secs] [Times: user=0.02 sys=0.00, real=0.01 secs] 
Heap after GC invocations=168 (full 3):
 par new generation   total 109248K, used 21824K [0x00000007a0000000, 0x00000007a8000000, 0x00000007a8000000)
  eden space 87424K,   0% used [0x00000007a0000000, 0x00000007a0000000, 0x00000007a5560000)
  from space 21824K, 100% used [0x00000007a5560000, 0x00000007a6ab0000, 0x00000007a6ab0000)
  to   space 21824K,   0% used [0x00000007a6ab0000, 0x00000007a6ab0000, 0x00000007a8000000)
 concurrent mark-sweep generation total 393216K, used 167196K [0x00000007a8000000, 0x00000007c0000000, 0x00000007c0000000)
 Metaspace       used 34026K, capacity 34472K, committed 34832K, reserved 1079296K
  class space    used 3933K, capacity 4071K, committed 4116K, reserved 1048576K
}
2016-10-23T18:05:10.584+0800: 75.588: Total time for which application threads were stopped: 0.0068602 seconds, Stopping threads took: 0.0000876 seconds
{Heap before GC invocations=168 (full 3):
 par new generation   total 109248K, used 109248K [0x00000007a0000000, 0x00000007a8000000, 0x00000007a8000000)
  eden space 87424K, 100% used [0x00000007a0000000, 0x00000007a5560000, 0x00000007a5560000)
  from space 21824K, 100% used [0x00000007a5560000, 0x00000007a6ab0000, 0x00000007a6ab0000)
  to   space 21824K,   0% used [0x00000007a6ab0000, 0x00000007a6ab0000, 0x00000007a8000000)
 concurrent mark-sweep generation total 393216K, used 167196K [0x00000007a8000000, 0x00000007c0000000, 0x00000007c0000000)
 Metaspace       used 34026K, capacity 34472K, committed 34832K, reserved 1079296K
  class space    used 3933K, capacity 4071K, committed 4116K, reserved 1048576K
2016-10-23T18:05:10.644+0800: 75.648: [GC (Allocation Failure) 2016-10-23T18:05:10.644+0800: 75.648: [ParNew
Desired survivor size 20112992 bytes, new threshold 8 (max 8)
- age   1:    4971624 bytes,    4971624 total
- age   2:    3791528 bytes,    8763152 total
- age   3:    1626232 bytes,   10389384 total
- age   4:    2033080 bytes,   12422464 total
- age   5:    1330888 bytes,   13753352 total
- age   6:    1626264 bytes,   15379616 total
- age   7:    1197760 bytes,   16577376 total
- age   8:    1326168 bytes,   17903544 total
: 109248K->21824K(109248K), 0.0068845 secs] 276444K->189814K(502464K), 0.0069789 secs] [Times: user=0.02 sys=0.00, real=0.01 secs] 
Heap after GC invocations=169 (full 3):
 par new generation   total 109248K, used 21824K [0x00000007a0000000, 0x00000007a8000000, 0x00000007a8000000)
  eden space 87424K,   0% used [0x00000007a0000000, 0x00000007a0000000, 0x00000007a5560000)
  from space 21824K, 100% used [0x00000007a6ab0000, 0x00000007a8000000, 0x00000007a8000000)
  to   space 21824K,   0% used [0x00000007a5560000, 0x00000007a5560000, 0x00000007a6ab0000)
 concurrent mark-sweep generation total 393216K, used 167990K [0x00000007a8000000, 0x00000007c0000000, 0x00000007c0000000)
 Metaspace       used 34026K, capacity 34472K, committed 34832K, reserved 1079296K
  class space    used 3933K, capacity 4071K, committed 4116K, reserved 1048576K
}
2016-10-23T18:05:10.651+0800: 75.655: Total time for which application threads were stopped: 0.0073184 seconds, Stopping threads took: 0.0001050 seconds
2016-10-23T18:05:10.676+0800: 75.680: Total time for which application threads were stopped: 0.0002184 seconds, Stopping threads took: 0.0001001 seconds
{Heap before GC invocations=169 (full 3):
 par new generation   total 109248K, used 109236K [0x00000007a0000000, 0x00000007a8000000, 0x00000007a8000000)
  eden space 87424K,  99% used [0x00000007a0000000, 0x00000007a555d030, 0x00000007a5560000)
  from space 21824K, 100% used [0x00000007a6ab0000, 0x00000007a8000000, 0x00000007a8000000)
  to   space 21824K,   0% used [0x00000007a5560000, 0x00000007a5560000, 0x00000007a6ab0000)
 concurrent mark-sweep generation total 393216K, used 167990K [0x00000007a8000000, 0x00000007c0000000, 0x00000007c0000000)
 Metaspace       used 34026K, capacity 34472K, committed 34832K, reserved 1079296K
  class space    used 3933K, capacity 4071K, committed 4116K, reserved 1048576K
2016-10-23T18:05:10.721+0800: 75.724: [GC (Allocation Failure) 2016-10-23T18:05:10.721+0800: 75.724: [ParNew
Desired survivor size 20112992 bytes, new threshold 8 (max 8)
- age   1:    6252208 bytes,    6252208 total
- age   2:    4672944 bytes,   10925152 total
- age   3:    2418576 bytes,   13343728 total
- age   4:    1512720 bytes,   14856448 total
- age   5:    1964688 bytes,   16821136 total
- age   6:    1291136 bytes,   18112272 total
- age   7:    1557592 bytes,   19669864 total
- age   8:    1157368 bytes,   20827232 total
: 109236K->21824K(109248K), 0.0075768 secs] 277226K->191335K(502464K), 0.0076514 secs] [Times: user=0.02 sys=0.00, real=0.00 secs] 
Heap after GC invocations=170 (full 3):
 par new generation   total 109248K, used 21824K [0x00000007a0000000, 0x00000007a8000000, 0x00000007a8000000)
  eden space 87424K,   0% used [0x00000007a0000000, 0x00000007a0000000, 0x00000007a5560000)
  from space 21824K, 100% used [0x00000007a5560000, 0x00000007a6ab0000, 0x00000007a6ab0000)
  to   space 21824K,   0% used [0x00000007a6ab0000, 0x00000007a6ab0000, 0x00000007a8000000)
 concurrent mark-sweep generation total 393216K, used 169511K [0x00000007a8000000, 0x00000007c0000000, 0x00000007c0000000)
 Metaspace       used 34026K, capacity 34472K, committed 34832K, reserved 1079296K
  class space    used 3933K, capacity 4071K, committed 4116K, reserved 1048576K
}
2016-10-23T18:05:10.728+0800: 75.732: Total time for which application threads were stopped: 0.0079060 seconds, Stopping threads took: 0.0000793 seconds
{Heap before GC invocations=170 (full 3):
 par new generation   total 109248K, used 109248K [0x00000007a0000000, 0x00000007a8000000, 0x00000007a8000000)
  eden space 87424K, 100% used [0x00000007a0000000, 0x00000007a5560000, 0x00000007a5560000)
  from space 21824K, 100% used [0x00000007a5560000, 0x00000007a6ab0000, 0x00000007a6ab0000)
  to   space 21824K,   0% used [0x00000007a6ab0000, 0x00000007a6ab0000, 0x00000007a8000000)
 concurrent mark-sweep generation total 393216K, used 169511K [0x00000007a8000000, 0x00000007c0000000, 0x00000007c0000000)
 Metaspace       used 34026K, capacity 34472K, committed 34832K, reserved 1079296K
  class space    used 3933K, capacity 4071K, committed 4116K, reserved 1048576K
2016-10-23T18:05:10.819+0800: 75.823: [GC (Allocation Failure) 2016-10-23T18:05:10.819+0800: 75.823: [ParNew
Desired survivor size 20112992 bytes, new threshold 8 (max 8)
- age   1:    1136400 bytes,    1136400 total
- age   2:    4755960 bytes,    5892360 total
- age   3:    4639472 bytes,   10531832 total
- age   4:    2390664 bytes,   12922496 total
- age   5:    1478000 bytes,   14400496 total
- age   6:    1951176 bytes,   16351672 total
- age   7:    1597752 bytes,   17949424 total
- age   8:    1579552 bytes,   19528976 total
: 109248K->21824K(109248K), 0.0064731 secs] 278759K->194041K(502464K), 0.0065184 secs] [Times: user=0.02 sys=0.00, real=0.01 secs] 
Heap after GC invocations=171 (full 3):
 par new generation   total 109248K, used 21824K [0x00000007a0000000, 0x00000007a8000000, 0x00000007a8000000)
  eden space 87424K,   0% used [0x00000007a0000000, 0x00000007a0000000, 0x00000007a5560000)
  from space 21824K, 100% used [0x00000007a6ab0000, 0x00000007a8000000, 0x00000007a8000000)
  to   space 21824K,   0% used [0x00000007a5560000, 0x00000007a5560000, 0x00000007a6ab0000)
 concurrent mark-sweep generation total 393216K, used 172217K [0x00000007a8000000, 0x00000007c0000000, 0x00000007c0000000)
 Metaspace       used 34026K, capacity 34472K, committed 34832K, reserved 1079296K
  class space    used 3933K, capacity 4071K, committed 4116K, reserved 1048576K
}
2016-10-23T18:05:10.825+0800: 75.829: Total time for which application threads were stopped: 0.0067548 seconds, Stopping threads took: 0.0000720 seconds
{Heap before GC invocations=171 (full 3):
 par new generation   total 109248K, used 109248K [0x00000007a0000000, 0x00000007a8000000, 0x00000007a8000000)
  eden space 87424K, 100% used [0x00000007a0000000, 0x00000007a5560000, 0x00000007a5560000)
  from space 21824K, 100% used [0x00000007a6ab0000, 0x00000007a8000000, 0x00000007a8000000)
  to   space 21824K,   0% used [0x00000007a5560000, 0x00000007a5560000, 0x00000007a6ab0000)
 concurrent mark-sweep generation total 393216K, used 172217K [0x00000007a8000000, 0x00000007c0000000, 0x00000007c0000000)
 Metaspace       used 34026K, capacity 34472K, committed 34832K, reserved 1079296K
  class space    used 3933K, capacity 4071K, committed 4116K, reserved 1048576K
2016-10-23T18:05:10.875+0800: 75.879: [GC (Allocation Failure) 2016-10-23T18:05:10.875+0800: 75.879: [ParNew
Desired survivor size 20112992 bytes, new threshold 8 (max 8)
- age   1:    1485248 bytes,    1485248 total
- age   2:     957072 bytes,    2442320 total
- age   3:    4736952 bytes,    7179272 total
- age   4:    4592288 bytes,   11771560 total
- age   5:    2351352 bytes,   14122912 total
- age   6:    1423280 bytes,   15546192 total
- age   7:    1907152 bytes,   17453344 total
- age   8:    1241808 bytes,   18695152 total
: 109248K->21824K(109248K), 0.0066609 secs] 281465K->195526K(502464K), 0.0067085 secs] [Times: user=0.02 sys=0.00, real=0.01 secs] 
Heap after GC invocations=172 (full 3):
 par new generation   total 109248K, used 21824K [0x00000007a0000000, 0x00000007a8000000, 0x00000007a8000000)
  eden space 87424K,   0% used [0x00000007a0000000, 0x00000007a0000000, 0x00000007a5560000)
  from space 21824K, 100% used [0x00000007a5560000, 0x00000007a6ab0000, 0x00000007a6ab0000)
  to   space 21824K,   0% used [0x00000007a6ab0000, 0x00000007a6ab0000, 0x00000007a8000000)
 concurrent mark-sweep generation total 393216K, used 173702K [0x00000007a8000000, 0x00000007c0000000, 0x00000007c0000000)
 Metaspace       used 34026K, capacity 34472K, committed 34832K, reserved 1079296K
  class space    used 3933K, capacity 4071K, committed 4116K, reserved 1048576K
}
2016-10-23T18:05:10.882+0800: 75.886: Total time for which application threads were stopped: 0.0069285 seconds, Stopping threads took: 0.0000634 seconds
{Heap before GC invocations=172 (full 3):
 par new generation   total 109248K, used 109248K [0x00000007a0000000, 0x00000007a8000000, 0x00000007a8000000)
  eden space 87424K, 100% used [0x00000007a0000000, 0x00000007a5560000, 0x00000007a5560000)
  from space 21824K, 100% used [0x00000007a5560000, 0x00000007a6ab0000, 0x00000007a6ab0000)
  to   space 21824K,   0% used [0x00000007a6ab0000, 0x00000007a6ab0000, 0x00000007a8000000)
 concurrent mark-sweep generation total 393216K, used 173702K [0x00000007a8000000, 0x00000007c0000000, 0x00000007c0000000)
 Metaspace       used 34027K, capacity 34472K, committed 34832K, reserved 1079296K
  class space    used 3933K, capacity 4071K, committed 4116K, reserved 1048576K
2016-10-23T18:05:10.996+0800: 76.000: [GC (Allocation Failure) 2016-10-23T18:05:10.996+0800: 76.000: [ParNew
Desired survivor size 20112992 bytes, new threshold 8 (max 8)
- age   1:    4134856 bytes,    4134856 total
- age   2:     540912 bytes,    4675768 total
- age   3:     860560 bytes,    5536328 total
- age   4:    4650344 bytes,   10186672 total
- age   5:    4489280 bytes,   14675952 total
- age   6:    2267728 bytes,   16943680 total
- age   7:    1340160 bytes,   18283840 total
- age   8:    1810016 bytes,   20093856 total
: 109248K->21824K(109248K), 0.0056122 secs] 282950K->196684K(502464K), 0.0056745 secs] [Times: user=0.02 sys=0.00, real=0.01 secs] 
Heap after GC invocations=173 (full 3):
 par new generation   total 109248K, used 21824K [0x00000007a0000000, 0x00000007a8000000, 0x00000007a8000000)
  eden space 87424K,   0% used [0x00000007a0000000, 0x00000007a0000000, 0x00000007a5560000)
  from space 21824K, 100% used [0x00000007a6ab0000, 0x00000007a8000000, 0x00000007a8000000)
  to   space 21824K,   0% used [0x00000007a5560000, 0x00000007a5560000, 0x00000007a6ab0000)
 concurrent mark-sweep generation total 393216K, used 174860K [0x00000007a8000000, 0x00000007c0000000, 0x00000007c0000000)
 Metaspace       used 34027K, capacity 34472K, committed 34832K, reserved 1079296K
  class space    used 3933K, capacity 4071K, committed 4116K, reserved 1048576K
}
2016-10-23T18:05:11.002+0800: 76.005: Total time for which application threads were stopped: 0.0059177 seconds, Stopping threads took: 0.0000819 seconds
{Heap before GC invocations=173 (full 3):
 par new generation   total 109248K, used 109207K [0x00000007a0000000, 0x00000007a8000000, 0x00000007a8000000)
  eden space 87424K,  99% used [0x00000007a0000000, 0x00000007a5555e18, 0x00000007a5560000)
  from space 21824K, 100% used [0x00000007a6ab0000, 0x00000007a8000000, 0x00000007a8000000)
  to   space 21824K,   0% used [0x00000007a5560000, 0x00000007a5560000, 0x00000007a6ab0000)
 concurrent mark-sweep generation total 393216K, used 174860K [0x00000007a8000000, 0x00000007c0000000, 0x00000007c0000000)
 Metaspace       used 34027K, capacity 34472K, committed 34832K, reserved 1079296K
  class space    used 3933K, capacity 4071K, committed 4116K, reserved 1048576K
2016-10-23T18:05:11.098+0800: 76.102: [GC (Allocation Failure) 2016-10-23T18:05:11.098+0800: 76.102: [ParNew
Desired survivor size 20112992 bytes, new threshold 8 (max 8)
- age   1:    4481472 bytes,    4481472 total
- age   2:    2492440 bytes,    6973912 total
- age   3:     469792 bytes,    7443704 total
- age   4:     771840 bytes,    8215544 total
- age   5:    3833824 bytes,   12049368 total
- age   6:    4489280 bytes,   16538648 total
- age   7:    2280112 bytes,   18818760 total
- age   8:    1340160 bytes,   20158920 total
: 109207K->21824K(109248K), 0.0067976 secs] 284068K->199906K(502464K), 0.0068609 secs] [Times: user=0.03 sys=0.00, real=0.01 secs] 
Heap after GC invocations=174 (full 3):
 par new generation   total 109248K, used 21824K [0x00000007a0000000, 0x00000007a8000000, 0x00000007a8000000)
  eden space 87424K,   0% used [0x00000007a0000000, 0x00000007a0000000, 0x00000007a5560000)
  from space 21824K, 100% used [0x00000007a5560000, 0x00000007a6ab0000, 0x00000007a6ab0000)
  to   space 21824K,   0% used [0x00000007a6ab0000, 0x00000007a6ab0000, 0x00000007a8000000)
 concurrent mark-sweep generation total 393216K, used 178082K [0x00000007a8000000, 0x00000007c0000000, 0x00000007c0000000)
 Metaspace       used 34027K, capacity 34472K, committed 34832K, reserved 1079296K
  class space    used 3933K, capacity 4071K, committed 4116K, reserved 1048576K
}
2016-10-23T18:05:11.105+0800: 76.108: Total time for which application threads were stopped: 0.0071513 seconds, Stopping threads took: 0.0001200 seconds
{Heap before GC invocations=174 (full 3):
 par new generation   total 109248K, used 109248K [0x00000007a0000000, 0x00000007a8000000, 0x00000007a8000000)
  eden space 87424K, 100% used [0x00000007a0000000, 0x00000007a5560000, 0x00000007a5560000)
  from space 21824K, 100% used [0x00000007a5560000, 0x00000007a6ab0000, 0x00000007a6ab0000)
  to   space 21824K,   0% used [0x00000007a6ab0000, 0x00000007a6ab0000, 0x00000007a8000000)
 concurrent mark-sweep generation total 393216K, used 178082K [0x00000007a8000000, 0x00000007c0000000, 0x00000007c0000000)
 Metaspace       used 34027K, capacity 34472K, committed 34832K, reserved 1079296K
  class space    used 3933K, capacity 4071K, committed 4116K, reserved 1048576K
2016-10-23T18:05:11.216+0800: 76.220: [GC (Allocation Failure) 2016-10-23T18:05:11.216+0800: 76.220: [ParNew
Desired survivor size 20112992 bytes, new threshold 8 (max 8)
- age   1:    6053696 bytes,    6053696 total
- age   2:    1662768 bytes,    7716464 total
- age   3:    1476992 bytes,    9193456 total
- age   4:     223232 bytes,    9416688 total
- age   5:     478120 bytes,    9894808 total
- age   6:    3817888 bytes,   13712696 total
- age   7:    4489280 bytes,   18201976 total
- age   8:    2267728 bytes,   20469704 total
: 109248K->21824K(109248K), 0.0079731 secs] 287330K->203349K(502464K), 0.0080396 secs] [Times: user=0.03 sys=0.00, real=0.01 secs] 
Heap after GC invocations=175 (full 3):
 par new generation   total 109248K, used 21824K [0x00000007a0000000, 0x00000007a8000000, 0x00000007a8000000)
  eden space 87424K,   0% used [0x00000007a0000000, 0x00000007a0000000, 0x00000007a5560000)
  from space 21824K, 100% used [0x00000007a6ab0000, 0x00000007a8000000, 0x00000007a8000000)
  to   space 21824K,   0% used [0x00000007a5560000, 0x00000007a5560000, 0x00000007a6ab0000)
 concurrent mark-sweep generation total 393216K, used 181525K [0x00000007a8000000, 0x00000007c0000000, 0x00000007c0000000)
 Metaspace       used 34027K, capacity 34472K, committed 34832K, reserved 1079296K
  class space    used 3933K, capacity 4071K, committed 4116K, reserved 1048576K
}
2016-10-23T18:05:11.224+0800: 76.228: Total time for which application threads were stopped: 0.0084077 seconds, Stopping threads took: 0.0001337 seconds
{Heap before GC invocations=175 (full 3):
 par new generation   total 109248K, used 109248K [0x00000007a0000000, 0x00000007a8000000, 0x00000007a8000000)
  eden space 87424K, 100% used [0x00000007a0000000, 0x00000007a5560000, 0x00000007a5560000)
  from space 21824K, 100% used [0x00000007a6ab0000, 0x00000007a8000000, 0x00000007a8000000)
  to   space 21824K,   0% used [0x00000007a5560000, 0x00000007a5560000, 0x00000007a6ab0000)
 concurrent mark-sweep generation total 393216K, used 181525K [0x00000007a8000000, 0x00000007c0000000, 0x00000007c0000000)
 Metaspace       used 34030K, capacity 34536K, committed 34832K, reserved 1079296K
  class space    used 3933K, capacity 4071K, committed 4116K, reserved 1048576K
2016-10-23T18:05:11.367+0800: 76.370: [GC (Allocation Failure) 2016-10-23T18:05:11.367+0800: 76.370: [ParNew
Desired survivor size 20112992 bytes, new threshold 8 (max 8)
- age   1:    5643024 bytes,    5643024 total
- age   2:    2379360 bytes,    8022384 total
- age   3:     934032 bytes,    8956416 total
- age   4:    1087176 bytes,   10043592 total
- age   5:     210128 bytes,   10253720 total
- age   6:     451640 bytes,   10705360 total
- age   7:    3713672 bytes,   14419032 total
- age   8:    4516304 bytes,   18935336 total
: 109248K->21824K(109248K), 0.0079769 secs] 290773K->209135K(502464K), 0.0080233 secs] [Times: user=0.04 sys=0.00, real=0.01 secs] 
Heap after GC invocations=176 (full 3):
 par new generation   total 109248K, used 21824K [0x00000007a0000000, 0x00000007a8000000, 0x00000007a8000000)
  eden space 87424K,   0% used [0x00000007a0000000, 0x00000007a0000000, 0x00000007a5560000)
  from space 21824K, 100% used [0x00000007a5560000, 0x00000007a6ab0000, 0x00000007a6ab0000)
  to   space 21824K,   0% used [0x00000007a6ab0000, 0x00000007a6ab0000, 0x00000007a8000000)
 concurrent mark-sweep generation total 393216K, used 187311K [0x00000007a8000000, 0x00000007c0000000, 0x00000007c0000000)
 Metaspace       used 34030K, capacity 34536K, committed 34832K, reserved 1079296K
  class space    used 3933K, capacity 4071K, committed 4116K, reserved 1048576K
}
2016-10-23T18:05:11.375+0800: 76.378: Total time for which application threads were stopped: 0.0083179 seconds, Stopping threads took: 0.0000908 seconds
{Heap before GC invocations=176 (full 3):
 par new generation   total 109248K, used 109248K [0x00000007a0000000, 0x00000007a8000000, 0x00000007a8000000)
  eden space 87424K, 100% used [0x00000007a0000000, 0x00000007a5560000, 0x00000007a5560000)
  from space 21824K, 100% used [0x00000007a5560000, 0x00000007a6ab0000, 0x00000007a6ab0000)
  to   space 21824K,   0% used [0x00000007a6ab0000, 0x00000007a6ab0000, 0x00000007a8000000)
 concurrent mark-sweep generation total 393216K, used 187311K [0x00000007a8000000, 0x00000007c0000000, 0x00000007c0000000)
 Metaspace       used 34030K, capacity 34536K, committed 34832K, reserved 1079296K
  class space    used 3933K, capacity 4071K, committed 4116K, reserved 1048576K
2016-10-23T18:05:11.500+0800: 76.503: [GC (Allocation Failure) 2016-10-23T18:05:11.500+0800: 76.503: [ParNew
Desired survivor size 20112992 bytes, new threshold 8 (max 8)
- age   1:    7308168 bytes,    7308168 total
- age   2:    2691824 bytes,    9999992 total
- age   3:    2092232 bytes,   12092224 total
- age   4:     822688 bytes,   12914912 total
- age   5:    1055760 bytes,   13970672 total
- age   6:     205016 bytes,   14175688 total
- age   7:     439432 bytes,   14615120 total
- age   8:    3535440 bytes,   18150560 total
: 109248K->21824K(109248K), 0.0090661 secs] 296559K->214293K(502464K), 0.0091321 secs] [Times: user=0.03 sys=0.00, real=0.00 secs] 
Heap after GC invocations=177 (full 3):
 par new generation   total 109248K, used 21824K [0x00000007a0000000, 0x00000007a8000000, 0x00000007a8000000)
  eden space 87424K,   0% used [0x00000007a0000000, 0x00000007a0000000, 0x00000007a5560000)
  from space 21824K, 100% used [0x00000007a6ab0000, 0x00000007a8000000, 0x00000007a8000000)
  to   space 21824K,   0% used [0x00000007a5560000, 0x00000007a5560000, 0x00000007a6ab0000)
 concurrent mark-sweep generation total 393216K, used 192469K [0x00000007a8000000, 0x00000007c0000000, 0x00000007c0000000)
 Metaspace       used 34030K, capacity 34536K, committed 34832K, reserved 1079296K
  class space    used 3933K, capacity 4071K, committed 4116K, reserved 1048576K
}
2016-10-23T18:05:11.509+0800: 76.512: Total time for which application threads were stopped: 0.0093837 seconds, Stopping threads took: 0.0000720 seconds
{Heap before GC invocations=177 (full 3):
 par new generation   total 109248K, used 109248K [0x00000007a0000000, 0x00000007a8000000, 0x00000007a8000000)
  eden space 87424K, 100% used [0x00000007a0000000, 0x00000007a5560000, 0x00000007a5560000)
  from space 21824K, 100% used [0x00000007a6ab0000, 0x00000007a8000000, 0x00000007a8000000)
  to   space 21824K,   0% used [0x00000007a5560000, 0x00000007a5560000, 0x00000007a6ab0000)
 concurrent mark-sweep generation total 393216K, used 192469K [0x00000007a8000000, 0x00000007c0000000, 0x00000007c0000000)
 Metaspace       used 34035K, capacity 34536K, committed 34832K, reserved 1079296K
  class space    used 3933K, capacity 4071K, committed 4116K, reserved 1048576K
2016-10-23T18:05:11.629+0800: 76.632: [GC (Allocation Failure) 2016-10-23T18:05:11.629+0800: 76.632: [ParNew
Desired survivor size 20112992 bytes, new threshold 8 (max 8)
- age   1:    7079664 bytes,    7079664 total
- age   2:    3103904 bytes,   10183568 total
- age   3:    1898728 bytes,   12082296 total
- age   4:    1352640 bytes,   13434936 total
- age   5:     687736 bytes,   14122672 total
- age   6:     924552 bytes,   15047224 total
- age   7:     200720 bytes,   15247944 total
- age   8:     431056 bytes,   15679000 total
: 109248K->21824K(109248K), 0.0086274 secs] 301717K->220689K(502464K), 0.0086842 secs] [Times: user=0.03 sys=0.00, real=0.01 secs] 
Heap after GC invocations=178 (full 3):
 par new generation   total 109248K, used 21824K [0x00000007a0000000, 0x00000007a8000000, 0x00000007a8000000)
  eden space 87424K,   0% used [0x00000007a0000000, 0x00000007a0000000, 0x00000007a5560000)
  from space 21824K, 100% used [0x00000007a5560000, 0x00000007a6ab0000, 0x00000007a6ab0000)
  to   space 21824K,   0% used [0x00000007a6ab0000, 0x00000007a6ab0000, 0x00000007a8000000)
 concurrent mark-sweep generation total 393216K, used 198865K [0x00000007a8000000, 0x00000007c0000000, 0x00000007c0000000)
 Metaspace       used 34035K, capacity 34536K, committed 34832K, reserved 1079296K
  class space    used 3933K, capacity 4071K, committed 4116K, reserved 1048576K
}
2016-10-23T18:05:11.637+0800: 76.641: Total time for which application threads were stopped: 0.0089323 seconds, Stopping threads took: 0.0000691 seconds
2016-10-23T18:05:11.638+0800: 76.641: [GC (CMS Initial Mark) [1 CMS-initial-mark: 198865K(393216K)] 220902K(502464K), 0.0022008 secs] [Times: user=0.01 sys=0.00, real=0.01 secs] 
2016-10-23T18:05:11.640+0800: 76.644: Total time for which application threads were stopped: 0.0023804 seconds, Stopping threads took: 0.0000785 seconds
2016-10-23T18:05:11.640+0800: 76.644: [CMS-concurrent-mark-start]
2016-10-23T18:05:11.650+0800: 76.653: [CMS-concurrent-mark: 0.010/0.010 secs] [Times: user=0.06 sys=0.00, real=0.01 secs] 
2016-10-23T18:05:11.650+0800: 76.653: [CMS-concurrent-preclean-start]
2016-10-23T18:05:11.651+0800: 76.654: [CMS-concurrent-preclean: 0.001/0.001 secs] [Times: user=0.00 sys=0.00, real=0.00 secs] 
2016-10-23T18:05:11.651+0800: 76.654: [CMS-concurrent-abortable-preclean-start]
2016-10-23T18:05:11.759+0800: 76.763: [CMS-concurrent-abortable-preclean: 0.108/0.108 secs] [Times: user=0.59 sys=0.00, real=0.10 secs] 
2016-10-23T18:05:11.759+0800: 76.763: [GC (CMS Final Remark) [YG occupancy: 86279 K (109248 K)]{Heap before GC invocations=178 (full 4):
 par new generation   total 109248K, used 86279K [0x00000007a0000000, 0x00000007a8000000, 0x00000007a8000000)
  eden space 87424K,  73% used [0x00000007a0000000, 0x00000007a3ef1f00, 0x00000007a5560000)
  from space 21824K, 100% used [0x00000007a5560000, 0x00000007a6ab0000, 0x00000007a6ab0000)
  to   space 21824K,   0% used [0x00000007a6ab0000, 0x00000007a6ab0000, 0x00000007a8000000)
 concurrent mark-sweep generation total 393216K, used 198865K [0x00000007a8000000, 0x00000007c0000000, 0x00000007c0000000)
 Metaspace       used 34037K, capacity 34536K, committed 34832K, reserved 1079296K
  class space    used 3933K, capacity 4071K, committed 4116K, reserved 1048576K
2016-10-23T18:05:11.759+0800: 76.763: [GC (CMS Final Remark) 2016-10-23T18:05:11.759+0800: 76.763: [ParNew
Desired survivor size 20112992 bytes, new threshold 8 (max 8)
- age   1:    5351568 bytes,    5351568 total
- age   2:    5291256 bytes,   10642824 total
- age   3:    3007272 bytes,   13650096 total
- age   4:    1811416 bytes,   15461512 total
- age   5:    1009632 bytes,   16471144 total
- age   6:     617768 bytes,   17088912 total
- age   7:     865776 bytes,   17954688 total
- age   8:     182768 bytes,   18137456 total
: 86279K->21824K(109248K), 0.0072102 secs] 285145K->221082K(502464K), 0.0072627 secs] [Times: user=0.03 sys=0.01, real=0.01 secs] 
Heap after GC invocations=179 (full 4):
 par new generation   total 109248K, used 21824K [0x00000007a0000000, 0x00000007a8000000, 0x00000007a8000000)
  eden space 87424K,   0% used [0x00000007a0000000, 0x00000007a0000000, 0x00000007a5560000)
  from space 21824K, 100% used [0x00000007a6ab0000, 0x00000007a8000000, 0x00000007a8000000)
  to   space 21824K,   0% used [0x00000007a5560000, 0x00000007a5560000, 0x00000007a6ab0000)
 concurrent mark-sweep generation total 393216K, used 199258K [0x00000007a8000000, 0x00000007c0000000, 0x00000007c0000000)
 Metaspace       used 34037K, capacity 34536K, committed 34832K, reserved 1079296K
  class space    used 3933K, capacity 4071K, committed 4116K, reserved 1048576K
}
2016-10-23T18:05:11.766+0800: 76.770: [Rescan (parallel) , 0.0021512 secs]2016-10-23T18:05:11.769+0800: 76.772: [weak refs processing, 0.0006187 secs]2016-10-23T18:05:11.769+0800: 76.773: [class unloading, 0.0076130 secs]2016-10-23T18:05:11.777+0800: 76.781: [scrub symbol table, 0.0051780 secs]2016-10-23T18:05:11.782+0800: 76.786: [scrub string table, 0.0003937 secs][1 CMS-remark: 199258K(393216K)] 221082K(502464K), 0.0234415 secs] [Times: user=0.07 sys=0.01, real=0.03 secs] 
2016-10-23T18:05:11.783+0800: 76.786: Total time for which application threads were stopped: 0.0236774 seconds, Stopping threads took: 0.0000958 seconds
2016-10-23T18:05:11.783+0800: 76.786: [CMS-concurrent-sweep-start]
2016-10-23T18:05:11.842+0800: 76.846: [CMS-concurrent-sweep: 0.059/0.059 secs] [Times: user=0.31 sys=0.00, real=0.06 secs] 
2016-10-23T18:05:11.842+0800: 76.846: [CMS-concurrent-reset-start]
2016-10-23T18:05:11.843+0800: 76.846: [CMS-concurrent-reset: 0.001/0.001 secs] [Times: user=0.00 sys=0.00, real=0.00 secs] 
{Heap before GC invocations=179 (full 4):
 par new generation   total 109248K, used 109248K [0x00000007a0000000, 0x00000007a8000000, 0x00000007a8000000)
  eden space 87424K, 100% used [0x00000007a0000000, 0x00000007a5560000, 0x00000007a5560000)
  from space 21824K, 100% used [0x00000007a6ab0000, 0x00000007a8000000, 0x00000007a8000000)
  to   space 21824K,   0% used [0x00000007a5560000, 0x00000007a5560000, 0x00000007a6ab0000)
 concurrent mark-sweep generation total 393216K, used 42947K [0x00000007a8000000, 0x00000007c0000000, 0x00000007c0000000)
 Metaspace       used 34037K, capacity 34536K, committed 34832K, reserved 1079296K
  class space    used 3933K, capacity 4071K, committed 4116K, reserved 1048576K
2016-10-23T18:05:11.863+0800: 76.867: [GC (Allocation Failure) 2016-10-23T18:05:11.863+0800: 76.867: [ParNew
Desired survivor size 20112992 bytes, new threshold 8 (max 8)
- age   1:    1685040 bytes,    1685040 total
- age   2:    5427288 bytes,    7112328 total
- age   3:    5235360 bytes,   12347688 total
- age   4:    2939128 bytes,   15286816 total
- age   5:    1599168 bytes,   16885984 total
- age   6:     943320 bytes,   17829304 total
- age   7:     617320 bytes,   18446624 total
- age   8:     864896 bytes,   19311520 total
: 109248K->21824K(109248K), 0.0059269 secs] 152195K->64950K(502464K), 0.0059889 secs] [Times: user=0.02 sys=0.00, real=0.00 secs] 
Heap after GC invocations=180 (full 4):
 par new generation   total 109248K, used 21824K [0x00000007a0000000, 0x00000007a8000000, 0x00000007a8000000)
  eden space 87424K,   0% used [0x00000007a0000000, 0x00000007a0000000, 0x00000007a5560000)
  from space 21824K, 100% used [0x00000007a5560000, 0x00000007a6ab0000, 0x00000007a6ab0000)
  to   space 21824K,   0% used [0x00000007a6ab0000, 0x00000007a6ab0000, 0x00000007a8000000)
 concurrent mark-sweep generation total 393216K, used 43126K [0x00000007a8000000, 0x00000007c0000000, 0x00000007c0000000)
 Metaspace       used 34037K, capacity 34536K, committed 34832K, reserved 1079296K
  class space    used 3933K, capacity 4071K, committed 4116K, reserved 1048576K
}
2016-10-23T18:05:11.869+0800: 76.873: Total time for which application threads were stopped: 0.0062567 seconds, Stopping threads took: 0.0000686 seconds
2016-10-23T18:05:11.906+0800: 76.909: Total time for which application threads were stopped: 0.0002918 seconds, Stopping threads took: 0.0000720 seconds
2016-10-23T18:05:11.906+0800: 76.910: Total time for which application threads were stopped: 0.0001433 seconds, Stopping threads took: 0.0000633 seconds
{Heap before GC invocations=180 (full 4):
 par new generation   total 109248K, used 109248K [0x00000007a0000000, 0x00000007a8000000, 0x00000007a8000000)
  eden space 87424K, 100% used [0x00000007a0000000, 0x00000007a5560000, 0x00000007a5560000)
  from space 21824K, 100% used [0x00000007a5560000, 0x00000007a6ab0000, 0x00000007a6ab0000)
  to   space 21824K,   0% used [0x00000007a6ab0000, 0x00000007a6ab0000, 0x00000007a8000000)
 concurrent mark-sweep generation total 393216K, used 43126K [0x00000007a8000000, 0x00000007c0000000, 0x00000007c0000000)
 Metaspace       used 34038K, capacity 34536K, committed 34832K, reserved 1079296K
  class space    used 3933K, capacity 4071K, committed 4116K, reserved 1048576K
2016-10-23T18:05:11.925+0800: 76.928: [GC (Allocation Failure) 2016-10-23T18:05:11.925+0800: 76.928: [ParNew
Desired survivor size 20112992 bytes, new threshold 8 (max 8)
- age   1:    3075192 bytes,    3075192 total
- age   2:     902528 bytes,    3977720 total
- age   3:    4728400 bytes,    8706120 total
- age   4:    4923240 bytes,   13629360 total
- age   5:    2622352 bytes,   16251712 total
- age   6:    1379592 bytes,   17631304 total
- age   7:     740008 bytes,   18371312 total
- age   8:     434856 bytes,   18806168 total
: 109248K->21824K(109248K), 0.0054057 secs] 152374K->65750K(502464K), 0.0054746 secs] [Times: user=0.02 sys=0.00, real=0.01 secs] 
Heap after GC invocations=181 (full 4):
 par new generation   total 109248K, used 21824K [0x00000007a0000000, 0x00000007a8000000, 0x00000007a8000000)
  eden space 87424K,   0% used [0x00000007a0000000, 0x00000007a0000000, 0x00000007a5560000)
  from space 21824K, 100% used [0x00000007a6ab0000, 0x00000007a8000000, 0x00000007a8000000)
  to   space 21824K,   0% used [0x00000007a5560000, 0x00000007a5560000, 0x00000007a6ab0000)
 concurrent mark-sweep generation total 393216K, used 43926K [0x00000007a8000000, 0x00000007c0000000, 0x00000007c0000000)
 Metaspace       used 34038K, capacity 34536K, committed 34832K, reserved 1079296K
  class space    used 3933K, capacity 4071K, committed 4116K, reserved 1048576K
}
2016-10-23T18:05:11.930+0800: 76.934: Total time for which application threads were stopped: 0.0057174 seconds, Stopping threads took: 0.0000899 seconds
2016-10-23T18:05:11.940+0800: 76.944: Total time for which application threads were stopped: 0.0001634 seconds, Stopping threads took: 0.0000971 seconds
{Heap before GC invocations=181 (full 4):
 par new generation   total 109248K, used 109248K [0x00000007a0000000, 0x00000007a8000000, 0x00000007a8000000)
  eden space 87424K, 100% used [0x00000007a0000000, 0x00000007a5560000, 0x00000007a5560000)
  from space 21824K, 100% used [0x00000007a6ab0000, 0x00000007a8000000, 0x00000007a8000000)
  to   space 21824K,   0% used [0x00000007a5560000, 0x00000007a5560000, 0x00000007a6ab0000)
 concurrent mark-sweep generation total 393216K, used 43926K [0x00000007a8000000, 0x00000007c0000000, 0x00000007c0000000)
 Metaspace       used 34039K, capacity 34536K, committed 34832K, reserved 1079296K
  class space    used 3933K, capacity 4071K, committed 4116K, reserved 1048576K
2016-10-23T18:05:12.050+0800: 77.054: [GC (Allocation Failure) 2016-10-23T18:05:12.050+0800: 77.054: [ParNew
Desired survivor size 20112992 bytes, new threshold 8 (max 8)
- age   1:    4284336 bytes,    4284336 total
- age   2:    2072712 bytes,    6357048 total
- age   3:     670088 bytes,    7027136 total
- age   4:    3503632 bytes,   10530768 total
- age   5:    4392664 bytes,   14923432 total
- age   6:    2616328 bytes,   17539760 total
- age   7:    1370888 bytes,   18910648 total
- age   8:     731344 bytes,   19641992 total
: 109248K->21824K(109248K), 0.0062592 secs] 153174K->68841K(502464K), 0.0063379 secs] [Times: user=0.02 sys=0.00, real=0.00 secs] 
Heap after GC invocations=182 (full 4):
 par new generation   total 109248K, used 21824K [0x00000007a0000000, 0x00000007a8000000, 0x00000007a8000000)
  eden space 87424K,   0% used [0x00000007a0000000, 0x00000007a0000000, 0x00000007a5560000)
  from space 21824K, 100% used [0x00000007a5560000, 0x00000007a6ab0000, 0x00000007a6ab0000)
  to   space 21824K,   0% used [0x00000007a6ab0000, 0x00000007a6ab0000, 0x00000007a8000000)
 concurrent mark-sweep generation total 393216K, used 47017K [0x00000007a8000000, 0x00000007c0000000, 0x00000007c0000000)
 Metaspace       used 34039K, capacity 34536K, committed 34832K, reserved 1079296K
  class space    used 3933K, capacity 4071K, committed 4116K, reserved 1048576K
}
2016-10-23T18:05:12.056+0800: 77.060: Total time for which application threads were stopped: 0.0066218 seconds, Stopping threads took: 0.0001283 seconds
2016-10-23T18:05:12.170+0800: 77.173: Total time for which application threads were stopped: 0.0001931 seconds, Stopping threads took: 0.0000940 seconds
{Heap before GC invocations=182 (full 4):
 par new generation   total 109248K, used 109248K [0x00000007a0000000, 0x00000007a8000000, 0x00000007a8000000)
  eden space 87424K, 100% used [0x00000007a0000000, 0x00000007a5560000, 0x00000007a5560000)
  from space 21824K, 100% used [0x00000007a5560000, 0x00000007a6ab0000, 0x00000007a6ab0000)
  to   space 21824K,   0% used [0x00000007a6ab0000, 0x00000007a6ab0000, 0x00000007a8000000)
 concurrent mark-sweep generation total 393216K, used 47017K [0x00000007a8000000, 0x00000007c0000000, 0x00000007c0000000)
 Metaspace       used 34061K, capacity 34536K, committed 34832K, reserved 1079296K
  class space    used 3934K, capacity 4071K, committed 4116K, reserved 1048576K
2016-10-23T18:05:12.171+0800: 77.175: [GC (Allocation Failure) 2016-10-23T18:05:12.171+0800: 77.175: [ParNew
Desired survivor size 20112992 bytes, new threshold 8 (max 8)
- age   1:    4753600 bytes,    4753600 total
- age   2:    2506544 bytes,    7260144 total
- age   3:     883248 bytes,    8143392 total
- age   4:     653048 bytes,    8796440 total
- age   5:    3491632 bytes,   12288072 total
- age   6:    4392408 bytes,   16680480 total
- age   7:    2615800 bytes,   19296280 total
- age   8:    1334912 bytes,   20631192 total
: 109248K->21824K(109248K), 0.0073608 secs] 156265K->72299K(502464K), 0.0074156 secs] [Times: user=0.03 sys=0.00, real=0.00 secs] 
Heap after GC invocations=183 (full 4):
 par new generation   total 109248K, used 21824K [0x00000007a0000000, 0x00000007a8000000, 0x00000007a8000000)
  eden space 87424K,   0% used [0x00000007a0000000, 0x00000007a0000000, 0x00000007a5560000)
  from space 21824K, 100% used [0x00000007a6ab0000, 0x00000007a8000000, 0x00000007a8000000)
  to   space 21824K,   0% used [0x00000007a5560000, 0x00000007a5560000, 0x00000007a6ab0000)
 concurrent mark-sweep generation total 393216K, used 50475K [0x00000007a8000000, 0x00000007c0000000, 0x00000007c0000000)
 Metaspace       used 34061K, capacity 34536K, committed 34832K, reserved 1079296K
  class space    used 3934K, capacity 4071K, committed 4116K, reserved 1048576K
}
2016-10-23T18:05:12.178+0800: 77.182: Total time for which application threads were stopped: 0.0076208 seconds, Stopping threads took: 0.0000681 seconds
{Heap before GC invocations=183 (full 4):
 par new generation   total 109248K, used 109248K [0x00000007a0000000, 0x00000007a8000000, 0x00000007a8000000)
  eden space 87424K, 100% used [0x00000007a0000000, 0x00000007a5560000, 0x00000007a5560000)
  from space 21824K, 100% used [0x00000007a6ab0000, 0x00000007a8000000, 0x00000007a8000000)
  to   space 21824K,   0% used [0x00000007a5560000, 0x00000007a5560000, 0x00000007a6ab0000)
 concurrent mark-sweep generation total 393216K, used 50475K [0x00000007a8000000, 0x00000007c0000000, 0x00000007c0000000)
 Metaspace       used 34061K, capacity 34536K, committed 34832K, reserved 1079296K
  class space    used 3934K, capacity 4071K, committed 4116K, reserved 1048576K
2016-10-23T18:05:12.305+0800: 77.309: [GC (Allocation Failure) 2016-10-23T18:05:12.305+0800: 77.309: [ParNew
Desired survivor size 20112992 bytes, new threshold 8 (max 8)
- age   1:    5891928 bytes,    5891928 total
- age   2:    2510080 bytes,    8402008 total
- age   3:    1839648 bytes,   10241656 total
- age   4:     589456 bytes,   10831112 total
- age   5:     631312 bytes,   11462424 total
- age   6:    3472168 bytes,   14934592 total
- age   7:    4251328 bytes,   19185920 total
- age   8:    2473080 bytes,   21659000 total
: 109248K->21824K(109248K), 0.0077912 secs] 159723K->76231K(502464K), 0.0078391 secs] [Times: user=0.03 sys=0.00, real=0.01 secs] 
Heap after GC invocations=184 (full 4):
 par new generation   total 109248K, used 21824K [0x00000007a0000000, 0x00000007a8000000, 0x00000007a8000000)
  eden space 87424K,   0% used [0x00000007a0000000, 0x00000007a0000000, 0x00000007a5560000)
  from space 21824K, 100% used [0x00000007a5560000, 0x00000007a6ab0000, 0x00000007a6ab0000)
  to   space 21824K,   0% used [0x00000007a6ab0000, 0x00000007a6ab0000, 0x00000007a8000000)
 concurrent mark-sweep generation total 393216K, used 54407K [0x00000007a8000000, 0x00000007c0000000, 0x00000007c0000000)
 Metaspace       used 34061K, capacity 34536K, committed 34832K, reserved 1079296K
  class space    used 3934K, capacity 4071K, committed 4116K, reserved 1048576K
}
2016-10-23T18:05:12.313+0800: 77.317: Total time for which application threads were stopped: 0.0080818 seconds, Stopping threads took: 0.0000940 seconds
{Heap before GC invocations=184 (full 4):
 par new generation   total 109248K, used 109248K [0x00000007a0000000, 0x00000007a8000000, 0x00000007a8000000)
  eden space 87424K, 100% used [0x00000007a0000000, 0x00000007a5560000, 0x00000007a5560000)
  from space 21824K, 100% used [0x00000007a5560000, 0x00000007a6ab0000, 0x00000007a6ab0000)
  to   space 21824K,   0% used [0x00000007a6ab0000, 0x00000007a6ab0000, 0x00000007a8000000)
 concurrent mark-sweep generation total 393216K, used 54407K [0x00000007a8000000, 0x00000007c0000000, 0x00000007c0000000)
 Metaspace       used 34061K, capacity 34536K, committed 34832K, reserved 1079296K
  class space    used 3934K, capacity 4071K, committed 4116K, reserved 1048576K
2016-10-23T18:05:12.447+0800: 77.450: [GC (Allocation Failure) 2016-10-23T18:05:12.447+0800: 77.450: [ParNew
Desired survivor size 20112992 bytes, new threshold 8 (max 8)
- age   1:    6787784 bytes,    6787784 total
- age   2:    2450672 bytes,    9238456 total
- age   3:    2094232 bytes,   11332688 total
- age   4:    1616304 bytes,   12948992 total
- age   5:     551144 bytes,   13500136 total
- age   6:     594848 bytes,   14094984 total
- age   7:    2662240 bytes,   16757224 total
- age   8:    3629984 bytes,   20387208 total
: 109248K->21824K(109248K), 0.0089851 secs] 163655K->81970K(502464K), 0.0090520 secs] [Times: user=0.03 sys=0.00, real=0.01 secs] 
Heap after GC invocations=185 (full 4):
 par new generation   total 109248K, used 21824K [0x00000007a0000000, 0x00000007a8000000, 0x00000007a8000000)
  eden space 87424K,   0% used [0x00000007a0000000, 0x00000007a0000000, 0x00000007a5560000)
  from space 21824K, 100% used [0x00000007a6ab0000, 0x00000007a8000000, 0x00000007a8000000)
  to   space 21824K,   0% used [0x00000007a5560000, 0x00000007a5560000, 0x00000007a6ab0000)
 concurrent mark-sweep generation total 393216K, used 60146K [0x00000007a8000000, 0x00000007c0000000, 0x00000007c0000000)
 Metaspace       used 34061K, capacity 34536K, committed 34832K, reserved 1079296K
  class space    used 3934K, capacity 4071K, committed 4116K, reserved 1048576K
}
2016-10-23T18:05:12.456+0800: 77.459: Total time for which application threads were stopped: 0.0093078 seconds, Stopping threads took: 0.0001060 seconds
{Heap before GC invocations=185 (full 4):
 par new generation   total 109248K, used 109248K [0x00000007a0000000, 0x00000007a8000000, 0x00000007a8000000)
  eden space 87424K, 100% used [0x00000007a0000000, 0x00000007a5560000, 0x00000007a5560000)
  from space 21824K, 100% used [0x00000007a6ab0000, 0x00000007a8000000, 0x00000007a8000000)
  to   space 21824K,   0% used [0x00000007a5560000, 0x00000007a5560000, 0x00000007a6ab0000)
 concurrent mark-sweep generation total 393216K, used 60146K [0x00000007a8000000, 0x00000007c0000000, 0x00000007c0000000)
 Metaspace       used 34061K, capacity 34536K, committed 34832K, reserved 1079296K
  class space    used 3934K, capacity 4071K, committed 4116K, reserved 1048576K
2016-10-23T18:05:12.588+0800: 77.591: [GC (Allocation Failure) 2016-10-23T18:05:12.588+0800: 77.591: [ParNew
Desired survivor size 20112992 bytes, new threshold 8 (max 8)
- age   1:    8569360 bytes,    8569360 total
- age   2:    2800224 bytes,   11369584 total
- age   3:    2281584 bytes,   13651168 total
- age   4:    1467408 bytes,   15118576 total
- age   5:    1579104 bytes,   16697680 total
- age   6:     541216 bytes,   17238896 total
- age   7:     583928 bytes,   17822824 total
- age   8:    2562808 bytes,   20385632 total
: 109248K->21824K(109248K), 0.0076825 secs] 169394K->86312K(502464K), 0.0077564 secs] [Times: user=0.03 sys=0.00, real=0.01 secs] 
Heap after GC invocations=186 (full 4):
 par new generation   total 109248K, used 21824K [0x00000007a0000000, 0x00000007a8000000, 0x00000007a8000000)
  eden space 87424K,   0% used [0x00000007a0000000, 0x00000007a0000000, 0x00000007a5560000)
  from space 21824K, 100% used [0x00000007a5560000, 0x00000007a6ab0000, 0x00000007a6ab0000)
  to   space 21824K,   0% used [0x00000007a6ab0000, 0x00000007a6ab0000, 0x00000007a8000000)
 concurrent mark-sweep generation total 393216K, used 64488K [0x00000007a8000000, 0x00000007c0000000, 0x00000007c0000000)
 Metaspace       used 34061K, capacity 34536K, committed 34832K, reserved 1079296K
  class space    used 3934K, capacity 4071K, committed 4116K, reserved 1048576K
}
2016-10-23T18:05:12.595+0800: 77.599: Total time for which application threads were stopped: 0.0080059 seconds, Stopping threads took: 0.0001018 seconds
{Heap before GC invocations=186 (full 4):
 par new generation   total 109248K, used 109248K [0x00000007a0000000, 0x00000007a8000000, 0x00000007a8000000)
  eden space 87424K, 100% used [0x00000007a0000000, 0x00000007a5560000, 0x00000007a5560000)
  from space 21824K, 100% used [0x00000007a5560000, 0x00000007a6ab0000, 0x00000007a6ab0000)
  to   space 21824K,   0% used [0x00000007a6ab0000, 0x00000007a6ab0000, 0x00000007a8000000)
 concurrent mark-sweep generation total 393216K, used 64488K [0x00000007a8000000, 0x00000007c0000000, 0x00000007c0000000)
 Metaspace       used 34062K, capacity 34536K, committed 34832K, reserved 1079296K
  class space    used 3934K, capacity 4071K, committed 4116K, reserved 1048576K
2016-10-23T18:05:12.719+0800: 77.722: [GC (Allocation Failure) 2016-10-23T18:05:12.719+0800: 77.722: [ParNew
Desired survivor size 20112992 bytes, new threshold 8 (max 8)
- age   1:    8587744 bytes,    8587744 total
- age   2:    3741288 bytes,   12329032 total
- age   3:    1829360 bytes,   14158392 total
- age   4:    1503016 bytes,   15661408 total
- age   5:    1127856 bytes,   16789264 total
- age   6:    1413936 bytes,   18203200 total
- age   7:     491000 bytes,   18694200 total
- age   8:     533856 bytes,   19228056 total
: 109248K->21824K(109248K), 0.0069991 secs] 173736K->92059K(502464K), 0.0070617 secs] [Times: user=0.02 sys=0.01, real=0.01 secs] 
Heap after GC invocations=187 (full 4):
 par new generation   total 109248K, used 21824K [0x00000007a0000000, 0x00000007a8000000, 0x00000007a8000000)
  eden space 87424K,   0% used [0x00000007a0000000, 0x00000007a0000000, 0x00000007a5560000)
  from space 21824K, 100% used [0x00000007a6ab0000, 0x00000007a8000000, 0x00000007a8000000)
  to   space 21824K,   0% used [0x00000007a5560000, 0x00000007a5560000, 0x00000007a6ab0000)
 concurrent mark-sweep generation total 393216K, used 70235K [0x00000007a8000000, 0x00000007c0000000, 0x00000007c0000000)
 Metaspace       used 34062K, capacity 34536K, committed 34832K, reserved 1079296K
  class space    used 3934K, capacity 4071K, committed 4116K, reserved 1048576K
}
2016-10-23T18:05:12.726+0800: 77.730: Total time for which application threads were stopped: 0.0072827 seconds, Stopping threads took: 0.0000575 seconds
{Heap before GC invocations=187 (full 4):
 par new generation   total 109248K, used 109248K [0x00000007a0000000, 0x00000007a8000000, 0x00000007a8000000)
  eden space 87424K, 100% used [0x00000007a0000000, 0x00000007a5560000, 0x00000007a5560000)
  from space 21824K, 100% used [0x00000007a6ab0000, 0x00000007a8000000, 0x00000007a8000000)
  to   space 21824K,   0% used [0x00000007a5560000, 0x00000007a5560000, 0x00000007a6ab0000)
 concurrent mark-sweep generation total 393216K, used 70235K [0x00000007a8000000, 0x00000007c0000000, 0x00000007c0000000)
 Metaspace       used 34062K, capacity 34536K, committed 34832K, reserved 1079296K
  class space    used 3934K, capacity 4071K, committed 4116K, reserved 1048576K
2016-10-23T18:05:12.817+0800: 77.820: [GC (Allocation Failure) 2016-10-23T18:05:12.817+0800: 77.821: [ParNew
Desired survivor size 20112992 bytes, new threshold 8 (max 8)
- age   1:    1820176 bytes,    1820176 total
- age   2:    7553216 bytes,    9373392 total
- age   3:    3741240 bytes,   13114632 total
- age   4:    1829360 bytes,   14943992 total
- age   5:    1503016 bytes,   16447008 total
- age   6:    1127856 bytes,   17574864 total
- age   7:    1413936 bytes,   18988800 total
- age   8:     491000 bytes,   19479800 total
: 109248K->21824K(109248K), 0.0055523 secs] 179483K->93420K(502464K), 0.0056083 secs] [Times: user=0.02 sys=0.00, real=0.01 secs] 
Heap after GC invocations=188 (full 4):
 par new generation   total 109248K, used 21824K [0x00000007a0000000, 0x00000007a8000000, 0x00000007a8000000)
  eden space 87424K,   0% used [0x00000007a0000000, 0x00000007a0000000, 0x00000007a5560000)
  from space 21824K, 100% used [0x00000007a5560000, 0x00000007a6ab0000, 0x00000007a6ab0000)
  to   space 21824K,   0% used [0x00000007a6ab0000, 0x00000007a6ab0000, 0x00000007a8000000)
 concurrent mark-sweep generation total 393216K, used 71596K [0x00000007a8000000, 0x00000007c0000000, 0x00000007c0000000)
 Metaspace       used 34062K, capacity 34536K, committed 34832K, reserved 1079296K
  class space    used 3934K, capacity 4071K, committed 4116K, reserved 1048576K
}
2016-10-23T18:05:12.822+0800: 77.826: Total time for which application threads were stopped: 0.0058560 seconds, Stopping threads took: 0.0000947 seconds
{Heap before GC invocations=188 (full 4):
 par new generation   total 109248K, used 109248K [0x00000007a0000000, 0x00000007a8000000, 0x00000007a8000000)
  eden space 87424K, 100% used [0x00000007a0000000, 0x00000007a5560000, 0x00000007a5560000)
  from space 21824K, 100% used [0x00000007a5560000, 0x00000007a6ab0000, 0x00000007a6ab0000)
  to   space 21824K,   0% used [0x00000007a6ab0000, 0x00000007a6ab0000, 0x00000007a8000000)
 concurrent mark-sweep generation total 393216K, used 71596K [0x00000007a8000000, 0x00000007c0000000, 0x00000007c0000000)
 Metaspace       used 34062K, capacity 34536K, committed 34832K, reserved 1079296K
  class space    used 3934K, capacity 4071K, committed 4116K, reserved 1048576K
2016-10-23T18:05:12.869+0800: 77.873: [GC (Allocation Failure) 2016-10-23T18:05:12.869+0800: 77.873: [ParNew
Desired survivor size 20112992 bytes, new threshold 8 (max 8)
- age   1:    1677360 bytes,    1677360 total
- age   2:    1118056 bytes,    2795416 total
- age   3:    7137592 bytes,    9933008 total
- age   4:    3648136 bytes,   13581144 total
- age   5:    1765824 bytes,   15346968 total
- age   6:    1441808 bytes,   16788776 total
- age   7:    1086816 bytes,   17875592 total
- age   8:    1374856 bytes,   19250448 total
: 109248K->21824K(109248K), 0.0066903 secs] 180844K->94347K(502464K), 0.0067478 secs] [Times: user=0.02 sys=0.00, real=0.01 secs] 
Heap after GC invocations=189 (full 4):
 par new generation   total 109248K, used 21824K [0x00000007a0000000, 0x00000007a8000000, 0x00000007a8000000)
  eden space 87424K,   0% used [0x00000007a0000000, 0x00000007a0000000, 0x00000007a5560000)
  from space 21824K, 100% used [0x00000007a6ab0000, 0x00000007a8000000, 0x00000007a8000000)
  to   space 21824K,   0% used [0x00000007a5560000, 0x00000007a5560000, 0x00000007a6ab0000)
 concurrent mark-sweep generation total 393216K, used 72523K [0x00000007a8000000, 0x00000007c0000000, 0x00000007c0000000)
 Metaspace       used 34062K, capacity 34536K, committed 34832K, reserved 1079296K
  class space    used 3934K, capacity 4071K, committed 4116K, reserved 1048576K
}
2016-10-23T18:05:12.876+0800: 77.880: Total time for which application threads were stopped: 0.0069661 seconds, Stopping threads took: 0.0000536 seconds
2016-10-23T18:05:12.905+0800: 77.909: Total time for which application threads were stopped: 0.0001579 seconds, Stopping threads took: 0.0000618 seconds
2016-10-23T18:05:12.915+0800: 77.919: Total time for which application threads were stopped: 0.0001369 seconds, Stopping threads took: 0.0000670 seconds
2016-10-23T18:05:12.916+0800: 77.920: Total time for which application threads were stopped: 0.0002705 seconds, Stopping threads took: 0.0001594 seconds
2016-10-23T18:05:12.917+0800: 77.920: Total time for which application threads were stopped: 0.0001947 seconds, Stopping threads took: 0.0001115 seconds
2016-10-23T18:05:12.917+0800: 77.921: Total time for which application threads were stopped: 0.0002093 seconds, Stopping threads took: 0.0001262 seconds
2016-10-23T18:05:12.918+0800: 77.921: Total time for which application threads were stopped: 0.0001751 seconds, Stopping threads took: 0.0000619 seconds
2016-10-23T18:05:12.918+0800: 77.922: Total time for which application threads were stopped: 0.0001056 seconds, Stopping threads took: 0.0000523 seconds
2016-10-23T18:05:12.919+0800: 77.923: Total time for which application threads were stopped: 0.0001088 seconds, Stopping threads took: 0.0000527 seconds
2016-10-23T18:05:12.919+0800: 77.923: Total time for which application threads were stopped: 0.0001159 seconds, Stopping threads took: 0.0000576 seconds
{Heap before GC invocations=189 (full 4):
 par new generation   total 109248K, used 109248K [0x00000007a0000000, 0x00000007a8000000, 0x00000007a8000000)
  eden space 87424K, 100% used [0x00000007a0000000, 0x00000007a5560000, 0x00000007a5560000)
  from space 21824K, 100% used [0x00000007a6ab0000, 0x00000007a8000000, 0x00000007a8000000)
  to   space 21824K,   0% used [0x00000007a5560000, 0x00000007a5560000, 0x00000007a6ab0000)
 concurrent mark-sweep generation total 393216K, used 72523K [0x00000007a8000000, 0x00000007c0000000, 0x00000007c0000000)
 Metaspace       used 34066K, capacity 34540K, committed 34832K, reserved 1079296K
  class space    used 3934K, capacity 4071K, committed 4116K, reserved 1048576K
2016-10-23T18:05:13.004+0800: 78.008: [GC (Allocation Failure) 2016-10-23T18:05:13.004+0800: 78.008: [ParNew
Desired survivor size 20112992 bytes, new threshold 8 (max 8)
- age   1:    6380208 bytes,    6380208 total
- age   2:     754968 bytes,    7135176 total
- age   3:     972136 bytes,    8107312 total
- age   4:    6628720 bytes,   14736032 total
- age   5:    2916736 bytes,   17652768 total
- age   6:    1103448 bytes,   18756216 total
- age   7:    1087136 bytes,   19843352 total
- age   8:    1048872 bytes,   20892224 total
: 109248K->21824K(109248K), 0.0071870 secs] 181771K->97398K(502464K), 0.0072846 secs] [Times: user=0.03 sys=0.00, real=0.01 secs] 
Heap after GC invocations=190 (full 4):
 par new generation   total 109248K, used 21824K [0x00000007a0000000, 0x00000007a8000000, 0x00000007a8000000)
  eden space 87424K,   0% used [0x00000007a0000000, 0x00000007a0000000, 0x00000007a5560000)
  from space 21824K, 100% used [0x00000007a5560000, 0x00000007a6ab0000, 0x00000007a6ab0000)
  to   space 21824K,   0% used [0x00000007a6ab0000, 0x00000007a6ab0000, 0x00000007a8000000)
 concurrent mark-sweep generation total 393216K, used 75574K [0x00000007a8000000, 0x00000007c0000000, 0x00000007c0000000)
 Metaspace       used 34066K, capacity 34540K, committed 34832K, reserved 1079296K
  class space    used 3934K, capacity 4071K, committed 4116K, reserved 1048576K
}
2016-10-23T18:05:13.012+0800: 78.015: Total time for which application threads were stopped: 0.0075662 seconds, Stopping threads took: 0.0000952 seconds
{Heap before GC invocations=190 (full 4):
 par new generation   total 109248K, used 109248K [0x00000007a0000000, 0x00000007a8000000, 0x00000007a8000000)
  eden space 87424K, 100% used [0x00000007a0000000, 0x00000007a5560000, 0x00000007a5560000)
  from space 21824K, 100% used [0x00000007a5560000, 0x00000007a6ab0000, 0x00000007a6ab0000)
  to   space 21824K,   0% used [0x00000007a6ab0000, 0x00000007a6ab0000, 0x00000007a8000000)
 concurrent mark-sweep generation total 393216K, used 75574K [0x00000007a8000000, 0x00000007c0000000, 0x00000007c0000000)
 Metaspace       used 34066K, capacity 34540K, committed 34832K, reserved 1079296K
  class space    used 3934K, capacity 4071K, committed 4116K, reserved 1048576K
2016-10-23T18:05:13.135+0800: 78.139: [GC (Allocation Failure) 2016-10-23T18:05:13.135+0800: 78.139: [ParNew
Desired survivor size 20112992 bytes, new threshold 8 (max 8)
- age   1:    4776768 bytes,    4776768 total
- age   2:    3403968 bytes,    8180736 total
- age   3:     489056 bytes,    8669792 total
- age   4:     937736 bytes,    9607528 total
- age   5:    5669528 bytes,   15277056 total
- age   6:    1984712 bytes,   17261768 total
- age   7:     821832 bytes,   18083600 total
- age   8:     534136 bytes,   18617736 total
: 109248K->21824K(109248K), 0.0086692 secs] 184822K->103837K(502464K), 0.0087291 secs] [Times: user=0.03 sys=0.01, real=0.01 secs] 
Heap after GC invocations=191 (full 4):
 par new generation   total 109248K, used 21824K [0x00000007a0000000, 0x00000007a8000000, 0x00000007a8000000)
  eden space 87424K,   0% used [0x00000007a0000000, 0x00000007a0000000, 0x00000007a5560000)
  from space 21824K, 100% used [0x00000007a6ab0000, 0x00000007a8000000, 0x00000007a8000000)
  to   space 21824K,   0% used [0x00000007a5560000, 0x00000007a5560000, 0x00000007a6ab0000)
 concurrent mark-sweep generation total 393216K, used 82013K [0x00000007a8000000, 0x00000007c0000000, 0x00000007c0000000)
 Metaspace       used 34066K, capacity 34540K, committed 34832K, reserved 1079296K
  class space    used 3934K, capacity 4071K, committed 4116K, reserved 1048576K
}
2016-10-23T18:05:13.144+0800: 78.148: Total time for which application threads were stopped: 0.0089916 seconds, Stopping threads took: 0.0000890 seconds
{Heap before GC invocations=191 (full 4):
 par new generation   total 109248K, used 109248K [0x00000007a0000000, 0x00000007a8000000, 0x00000007a8000000)
  eden space 87424K, 100% used [0x00000007a0000000, 0x00000007a5560000, 0x00000007a5560000)
  from space 21824K, 100% used [0x00000007a6ab0000, 0x00000007a8000000, 0x00000007a8000000)
  to   space 21824K,   0% used [0x00000007a5560000, 0x00000007a5560000, 0x00000007a6ab0000)
 concurrent mark-sweep generation total 393216K, used 82013K [0x00000007a8000000, 0x00000007c0000000, 0x00000007c0000000)
 Metaspace       used 34066K, capacity 34540K, committed 34832K, reserved 1079296K
  class space    used 3934K, capacity 4071K, committed 4116K, reserved 1048576K
2016-10-23T18:05:13.270+0800: 78.274: [GC (Allocation Failure) 2016-10-23T18:05:13.270+0800: 78.274: [ParNew
Desired survivor size 20112992 bytes, new threshold 7 (max 8)
- age   1:    5860648 bytes,    5860648 total
- age   2:    2537672 bytes,    8398320 total
- age   3:    3269744 bytes,   11668064 total
- age   4:     463464 bytes,   12131528 total
- age   5:     886952 bytes,   13018480 total
- age   6:    5530096 bytes,   18548576 total
- age   7:    1952584 bytes,   20501160 total
- age   8:     800608 bytes,   21301768 total
: 109248K->21824K(109248K), 0.0075173 secs] 191261K->105714K(502464K), 0.0076023 secs] [Times: user=0.02 sys=0.00, real=0.00 secs] 
Heap after GC invocations=192 (full 4):
 par new generation   total 109248K, used 21824K [0x00000007a0000000, 0x00000007a8000000, 0x00000007a8000000)
  eden space 87424K,   0% used [0x00000007a0000000, 0x00000007a0000000, 0x00000007a5560000)
  from space 21824K, 100% used [0x00000007a5560000, 0x00000007a6ab0000, 0x00000007a6ab0000)
  to   space 21824K,   0% used [0x00000007a6ab0000, 0x00000007a6ab0000, 0x00000007a8000000)
 concurrent mark-sweep generation total 393216K, used 83890K [0x00000007a8000000, 0x00000007c0000000, 0x00000007c0000000)
 Metaspace       used 34066K, capacity 34540K, committed 34832K, reserved 1079296K
  class space    used 3934K, capacity 4071K, committed 4116K, reserved 1048576K
}
2016-10-23T18:05:13.277+0800: 78.281: Total time for which application threads were stopped: 0.0078747 seconds, Stopping threads took: 0.0001047 seconds
{Heap before GC invocations=192 (full 4):
 par new generation   total 109248K, used 109248K [0x00000007a0000000, 0x00000007a8000000, 0x00000007a8000000)
  eden space 87424K, 100% used [0x00000007a0000000, 0x00000007a5560000, 0x00000007a5560000)
  from space 21824K, 100% used [0x00000007a5560000, 0x00000007a6ab0000, 0x00000007a6ab0000)
  to   space 21824K,   0% used [0x00000007a6ab0000, 0x00000007a6ab0000, 0x00000007a8000000)
 concurrent mark-sweep generation total 393216K, used 83890K [0x00000007a8000000, 0x00000007c0000000, 0x00000007c0000000)
 Metaspace       used 34066K, capacity 34540K, committed 34832K, reserved 1079296K
  class space    used 3934K, capacity 4071K, committed 4116K, reserved 1048576K
2016-10-23T18:05:13.409+0800: 78.413: [GC (Allocation Failure) 2016-10-23T18:05:13.409+0800: 78.413: [ParNew
Desired survivor size 20112992 bytes, new threshold 8 (max 8)
- age   1:    6954376 bytes,    6954376 total
- age   2:    2171264 bytes,    9125640 total
- age   3:    1468536 bytes,   10594176 total
- age   4:    2664768 bytes,   13258944 total
- age   5:     395288 bytes,   13654232 total
- age   6:     883688 bytes,   14537920 total
- age   7:    5528304 bytes,   20066224 total
: 109248K->21824K(109248K), 0.0090681 secs] 193138K->111312K(502464K), 0.0091232 secs] [Times: user=0.03 sys=0.00, real=0.01 secs] 
Heap after GC invocations=193 (full 4):
 par new generation   total 109248K, used 21824K [0x00000007a0000000, 0x00000007a8000000, 0x00000007a8000000)
  eden space 87424K,   0% used [0x00000007a0000000, 0x00000007a0000000, 0x00000007a5560000)
  from space 21824K, 100% used [0x00000007a6ab0000, 0x00000007a8000000, 0x00000007a8000000)
  to   space 21824K,   0% used [0x00000007a5560000, 0x00000007a5560000, 0x00000007a6ab0000)
 concurrent mark-sweep generation total 393216K, used 89488K [0x00000007a8000000, 0x00000007c0000000, 0x00000007c0000000)
 Metaspace       used 34066K, capacity 34540K, committed 34832K, reserved 1079296K
  class space    used 3934K, capacity 4071K, committed 4116K, reserved 1048576K
}
2016-10-23T18:05:13.418+0800: 78.422: Total time for which application threads were stopped: 0.0093643 seconds, Stopping threads took: 0.0000721 seconds
{Heap before GC invocations=193 (full 4):
 par new generation   total 109248K, used 109248K [0x00000007a0000000, 0x00000007a8000000, 0x00000007a8000000)
  eden space 87424K, 100% used [0x00000007a0000000, 0x00000007a5560000, 0x00000007a5560000)
  from space 21824K, 100% used [0x00000007a6ab0000, 0x00000007a8000000, 0x00000007a8000000)
  to   space 21824K,   0% used [0x00000007a5560000, 0x00000007a5560000, 0x00000007a6ab0000)
 concurrent mark-sweep generation total 393216K, used 89488K [0x00000007a8000000, 0x00000007c0000000, 0x00000007c0000000)
 Metaspace       used 34066K, capacity 34540K, committed 34832K, reserved 1079296K
  class space    used 3934K, capacity 4071K, committed 4116K, reserved 1048576K
2016-10-23T18:05:13.551+0800: 78.555: [GC (Allocation Failure) 2016-10-23T18:05:13.551+0800: 78.555: [ParNew
Desired survivor size 20112992 bytes, new threshold 8 (max 8)
- age   1:    6780024 bytes,    6780024 total
- age   2:    2910592 bytes,    9690616 total
- age   3:    1766040 bytes,   11456656 total
- age   4:     955728 bytes,   12412384 total
- age   5:    2173296 bytes,   14585680 total
- age   6:     177816 bytes,   14763496 total
- age   7:     352704 bytes,   15116200 total
- age   8:    4448016 bytes,   19564216 total
: 109248K->21824K(109248K), 0.0089788 secs] 198736K->117400K(502464K), 0.0090391 secs] [Times: user=0.04 sys=0.01, real=0.01 secs] 
Heap after GC invocations=194 (full 4):
 par new generation   total 109248K, used 21824K [0x00000007a0000000, 0x00000007a8000000, 0x00000007a8000000)
  eden space 87424K,   0% used [0x00000007a0000000, 0x00000007a0000000, 0x00000007a5560000)
  from space 21824K, 100% used [0x00000007a5560000, 0x00000007a6ab0000, 0x00000007a6ab0000)
  to   space 21824K,   0% used [0x00000007a6ab0000, 0x00000007a6ab0000, 0x00000007a8000000)
 concurrent mark-sweep generation total 393216K, used 95576K [0x00000007a8000000, 0x00000007c0000000, 0x00000007c0000000)
 Metaspace       used 34066K, capacity 34540K, committed 34832K, reserved 1079296K
  class space    used 3934K, capacity 4071K, committed 4116K, reserved 1048576K
}
2016-10-23T18:05:13.560+0800: 78.564: Total time for which application threads were stopped: 0.0092344 seconds, Stopping threads took: 0.0000422 seconds
{Heap before GC invocations=194 (full 4):
 par new generation   total 109248K, used 109248K [0x00000007a0000000, 0x00000007a8000000, 0x00000007a8000000)
  eden space 87424K, 100% used [0x00000007a0000000, 0x00000007a5560000, 0x00000007a5560000)
  from space 21824K, 100% used [0x00000007a5560000, 0x00000007a6ab0000, 0x00000007a6ab0000)
  to   space 21824K,   0% used [0x00000007a6ab0000, 0x00000007a6ab0000, 0x00000007a8000000)
 concurrent mark-sweep generation total 393216K, used 95576K [0x00000007a8000000, 0x00000007c0000000, 0x00000007c0000000)
 Metaspace       used 34068K, capacity 34540K, committed 34832K, reserved 1079296K
  class space    used 3934K, capacity 4071K, committed 4116K, reserved 1048576K
2016-10-23T18:05:13.693+0800: 78.697: [GC (Allocation Failure) 2016-10-23T18:05:13.693+0800: 78.697: [ParNew
Desired survivor size 20112992 bytes, new threshold 8 (max 8)
- age   1:    8423040 bytes,    8423040 total
- age   2:    3319856 bytes,   11742896 total
- age   3:    2760208 bytes,   14503104 total
- age   4:    1658968 bytes,   16162072 total
- age   5:     848608 bytes,   17010680 total
- age   6:    2086016 bytes,   19096696 total
- age   7:     162176 bytes,   19258872 total
- age   8:     318576 bytes,   19577448 total
: 109248K->21824K(109248K), 0.0081815 secs] 204824K->123595K(502464K), 0.0082649 secs] [Times: user=0.03 sys=0.00, real=0.01 secs] 
Heap after GC invocations=195 (full 4):
 par new generation   total 109248K, used 21824K [0x00000007a0000000, 0x00000007a8000000, 0x00000007a8000000)
  eden space 87424K,   0% used [0x00000007a0000000, 0x00000007a0000000, 0x00000007a5560000)
  from space 21824K, 100% used [0x00000007a6ab0000, 0x00000007a8000000, 0x00000007a8000000)
  to   space 21824K,   0% used [0x00000007a5560000, 0x00000007a5560000, 0x00000007a6ab0000)
 concurrent mark-sweep generation total 393216K, used 101771K [0x00000007a8000000, 0x00000007c0000000, 0x00000007c0000000)
 Metaspace       used 34068K, capacity 34540K, committed 34832K, reserved 1079296K
  class space    used 3934K, capacity 4071K, committed 4116K, reserved 1048576K
}
2016-10-23T18:05:13.702+0800: 78.705: Total time for which application threads were stopped: 0.0085246 seconds, Stopping threads took: 0.0000828 seconds
{Heap before GC invocations=195 (full 4):
 par new generation   total 109248K, used 109248K [0x00000007a0000000, 0x00000007a8000000, 0x00000007a8000000)
  eden space 87424K, 100% used [0x00000007a0000000, 0x00000007a5560000, 0x00000007a5560000)
  from space 21824K, 100% used [0x00000007a6ab0000, 0x00000007a8000000, 0x00000007a8000000)
  to   space 21824K,   0% used [0x00000007a5560000, 0x00000007a5560000, 0x00000007a6ab0000)
 concurrent mark-sweep generation total 393216K, used 101771K [0x00000007a8000000, 0x00000007c0000000, 0x00000007c0000000)
 Metaspace       used 34068K, capacity 34540K, committed 34832K, reserved 1079296K
  class space    used 3934K, capacity 4071K, committed 4116K, reserved 1048576K
2016-10-23T18:05:13.822+0800: 78.826: [GC (Allocation Failure) 2016-10-23T18:05:13.822+0800: 78.826: [ParNew
Desired survivor size 20112992 bytes, new threshold 8 (max 8)
- age   1:    2020968 bytes,    2020968 total
- age   2:    7355528 bytes,    9376496 total
- age   3:    2343696 bytes,   11720192 total
- age   4:    2274912 bytes,   13995104 total
- age   5:    1463712 bytes,   15458816 total
- age   6:     675168 bytes,   16133984 total
- age   7:    1140128 bytes,   17274112 total
- age   8:     118552 bytes,   17392664 total
: 109248K->21824K(109248K), 0.0061936 secs] 211019K->126138K(502464K), 0.0062478 secs] [Times: user=0.02 sys=0.00, real=0.00 secs] 
Heap after GC invocations=196 (full 4):
 par new generation   total 109248K, used 21824K [0x00000007a0000000, 0x00000007a8000000, 0x00000007a8000000)
  eden space 87424K,   0% used [0x00000007a0000000, 0x00000007a0000000, 0x00000007a5560000)
  from space 21824K, 100% used [0x00000007a5560000, 0x00000007a6ab0000, 0x00000007a6ab0000)
  to   space 21824K,   0% used [0x00000007a6ab0000, 0x00000007a6ab0000, 0x00000007a8000000)
 concurrent mark-sweep generation total 393216K, used 104314K [0x00000007a8000000, 0x00000007c0000000, 0x00000007c0000000)
 Metaspace       used 34068K, capacity 34540K, committed 34832K, reserved 1079296K
  class space    used 3934K, capacity 4071K, committed 4116K, reserved 1048576K
}
2016-10-23T18:05:13.829+0800: 78.832: Total time for which application threads were stopped: 0.0065135 seconds, Stopping threads took: 0.0000895 seconds
{Heap before GC invocations=196 (full 4):
 par new generation   total 109248K, used 109248K [0x00000007a0000000, 0x00000007a8000000, 0x00000007a8000000)
  eden space 87424K, 100% used [0x00000007a0000000, 0x00000007a5560000, 0x00000007a5560000)
  from space 21824K, 100% used [0x00000007a5560000, 0x00000007a6ab0000, 0x00000007a6ab0000)
  to   space 21824K,   0% used [0x00000007a6ab0000, 0x00000007a6ab0000, 0x00000007a8000000)
 concurrent mark-sweep generation total 393216K, used 104314K [0x00000007a8000000, 0x00000007c0000000, 0x00000007c0000000)
 Metaspace       used 34068K, capacity 34540K, committed 34832K, reserved 1079296K
  class space    used 3934K, capacity 4071K, committed 4116K, reserved 1048576K
2016-10-23T18:05:13.894+0800: 78.897: [GC (Allocation Failure) 2016-10-23T18:05:13.894+0800: 78.897: [ParNew
Desired survivor size 20112992 bytes, new threshold 8 (max 8)
- age   1:      70112 bytes,      70112 total
- age   2:    1861176 bytes,    1931288 total
- age   3:    7130648 bytes,    9061936 total
- age   4:    2172104 bytes,   11234040 total
- age   5:    1907528 bytes,   13141568 total
- age   6:    1356320 bytes,   14497888 total
- age   7:     568200 bytes,   15066088 total
- age   8:    1064088 bytes,   16130176 total
: 109248K->21824K(109248K), 0.0078284 secs] 213562K->126861K(502464K), 0.0078893 secs] [Times: user=0.02 sys=0.00, real=0.01 secs] 
Heap after GC invocations=197 (full 4):
 par new generation   total 109248K, used 21824K [0x00000007a0000000, 0x00000007a8000000, 0x00000007a8000000)
  eden space 87424K,   0% used [0x00000007a0000000, 0x00000007a0000000, 0x00000007a5560000)
  from space 21824K, 100% used [0x00000007a6ab0000, 0x00000007a8000000, 0x00000007a8000000)
  to   space 21824K,   0% used [0x00000007a5560000, 0x00000007a5560000, 0x00000007a6ab0000)
 concurrent mark-sweep generation total 393216K, used 105037K [0x00000007a8000000, 0x00000007c0000000, 0x00000007c0000000)
 Metaspace       used 34068K, capacity 34540K, committed 34832K, reserved 1079296K
  class space    used 3934K, capacity 4071K, committed 4116K, reserved 1048576K
}
2016-10-23T18:05:13.902+0800: 78.905: Total time for which application threads were stopped: 0.0080746 seconds, Stopping threads took: 0.0000231 seconds
2016-10-23T18:05:13.935+0800: 78.938: Total time for which application threads were stopped: 0.0001824 seconds, Stopping threads took: 0.0000754 seconds
2016-10-23T18:05:13.942+0800: 78.946: Total time for which application threads were stopped: 0.0001562 seconds, Stopping threads took: 0.0000840 seconds
2016-10-23T18:05:13.942+0800: 78.946: Total time for which application threads were stopped: 0.0000737 seconds, Stopping threads took: 0.0000201 seconds
2016-10-23T18:05:13.944+0800: 78.947: Total time for which application threads were stopped: 0.0001478 seconds, Stopping threads took: 0.0000713 seconds
2016-10-23T18:05:13.944+0800: 78.948: Total time for which application threads were stopped: 0.0000986 seconds, Stopping threads took: 0.0000508 seconds
{Heap before GC invocations=197 (full 4):
 par new generation   total 109248K, used 109248K [0x00000007a0000000, 0x00000007a8000000, 0x00000007a8000000)
  eden space 87424K, 100% used [0x00000007a0000000, 0x00000007a5560000, 0x00000007a5560000)
  from space 21824K, 100% used [0x00000007a6ab0000, 0x00000007a8000000, 0x00000007a8000000)
  to   space 21824K,   0% used [0x00000007a5560000, 0x00000007a5560000, 0x00000007a6ab0000)
 concurrent mark-sweep generation total 393216K, used 105037K [0x00000007a8000000, 0x00000007c0000000, 0x00000007c0000000)
 Metaspace       used 34070K, capacity 34540K, committed 34832K, reserved 1079296K
  class space    used 3934K, capacity 4071K, committed 4116K, reserved 1048576K
2016-10-23T18:05:14.054+0800: 79.058: [GC (Allocation Failure) 2016-10-23T18:05:14.054+0800: 79.058: [ParNew
Desired survivor size 20112992 bytes, new threshold 8 (max 8)
- age   1:    6150936 bytes,    6150936 total
- age   2:      15936 bytes,    6166872 total
- age   3:    1004776 bytes,    7171648 total
- age   4:    7236216 bytes,   14407864 total
- age   5:    2017352 bytes,   16425216 total
- age   6:    1751776 bytes,   18176992 total
- age   7:    1212848 bytes,   19389840 total
- age   8:     429568 bytes,   19819408 total
: 109248K->21824K(109248K), 0.0078082 secs] 214285K->127924K(502464K), 0.0078709 secs] [Times: user=0.02 sys=0.00, real=0.01 secs] 
Heap after GC invocations=198 (full 4):
 par new generation   total 109248K, used 21824K [0x00000007a0000000, 0x00000007a8000000, 0x00000007a8000000)
  eden space 87424K,   0% used [0x00000007a0000000, 0x00000007a0000000, 0x00000007a5560000)
  from space 21824K, 100% used [0x00000007a5560000, 0x00000007a6ab0000, 0x00000007a6ab0000)
  to   space 21824K,   0% used [0x00000007a6ab0000, 0x00000007a6ab0000, 0x00000007a8000000)
 concurrent mark-sweep generation total 393216K, used 106100K [0x00000007a8000000, 0x00000007c0000000, 0x00000007c0000000)
 Metaspace       used 34070K, capacity 34540K, committed 34832K, reserved 1079296K
  class space    used 3934K, capacity 4071K, committed 4116K, reserved 1048576K
}
2016-10-23T18:05:14.062+0800: 79.066: Total time for which application threads were stopped: 0.0081524 seconds, Stopping threads took: 0.0000962 seconds
{Heap before GC invocations=198 (full 4):
 par new generation   total 109248K, used 109248K [0x00000007a0000000, 0x00000007a8000000, 0x00000007a8000000)
  eden space 87424K, 100% used [0x00000007a0000000, 0x00000007a5560000, 0x00000007a5560000)
  from space 21824K, 100% used [0x00000007a5560000, 0x00000007a6ab0000, 0x00000007a6ab0000)
  to   space 21824K,   0% used [0x00000007a6ab0000, 0x00000007a6ab0000, 0x00000007a8000000)
 concurrent mark-sweep generation total 393216K, used 106100K [0x00000007a8000000, 0x00000007c0000000, 0x00000007c0000000)
 Metaspace       used 34070K, capacity 34540K, committed 34832K, reserved 1079296K
  class space    used 3934K, capacity 4071K, committed 4116K, reserved 1048576K
2016-10-23T18:05:14.180+0800: 79.184: [GC (Allocation Failure) 2016-10-23T18:05:14.180+0800: 79.184: [ParNew
Desired survivor size 20112992 bytes, new threshold 8 (max 8)
- age   1:    4218552 bytes,    4218552 total
- age   2:    3747368 bytes,    7965920 total
- age   3:      15936 bytes,    7981856 total
- age   4:     970624 bytes,    8952480 total
- age   5:    6754376 bytes,   15706856 total
- age   6:    2017352 bytes,   17724208 total
- age   7:    1751776 bytes,   19475984 total
- age   8:    1212848 bytes,   20688832 total
: 109248K->21824K(109248K), 0.0082658 secs] 215348K->130031K(502464K), 0.0083332 secs] [Times: user=0.03 sys=0.00, real=0.00 secs] 
Heap after GC invocations=199 (full 4):
 par new generation   total 109248K, used 21824K [0x00000007a0000000, 0x00000007a8000000, 0x00000007a8000000)
  eden space 87424K,   0% used [0x00000007a0000000, 0x00000007a0000000, 0x00000007a5560000)
  from space 21824K, 100% used [0x00000007a6ab0000, 0x00000007a8000000, 0x00000007a8000000)
  to   space 21824K,   0% used [0x00000007a5560000, 0x00000007a5560000, 0x00000007a6ab0000)
 concurrent mark-sweep generation total 393216K, used 108207K [0x00000007a8000000, 0x00000007c0000000, 0x00000007c0000000)
 Metaspace       used 34070K, capacity 34540K, committed 34832K, reserved 1079296K
  class space    used 3934K, capacity 4071K, committed 4116K, reserved 1048576K
}
2016-10-23T18:05:14.189+0800: 79.193: Total time for which application threads were stopped: 0.0085752 seconds, Stopping threads took: 0.0000718 seconds
{Heap before GC invocations=199 (full 4):
 par new generation   total 109248K, used 109248K [0x00000007a0000000, 0x00000007a8000000, 0x00000007a8000000)
  eden space 87424K, 100% used [0x00000007a0000000, 0x00000007a5560000, 0x00000007a5560000)
  from space 21824K, 100% used [0x00000007a6ab0000, 0x00000007a8000000, 0x00000007a8000000)
  to   space 21824K,   0% used [0x00000007a5560000, 0x00000007a5560000, 0x00000007a6ab0000)
 concurrent mark-sweep generation total 393216K, used 108207K [0x00000007a8000000, 0x00000007c0000000, 0x00000007c0000000)
 Metaspace       used 34070K, capacity 34540K, committed 34832K, reserved 1079296K
  class space    used 3934K, capacity 4071K, committed 4116K, reserved 1048576K
2016-10-23T18:05:14.261+0800: 79.265: [GC (Allocation Failure) 2016-10-23T18:05:14.261+0800: 79.265: [ParNew
Desired survivor size 20112992 bytes, new threshold 8 (max 8)
- age   1:    3852888 bytes,    3852888 total
- age   2:    2125264 bytes,    5978152 total
- age   3:    2113400 bytes,    8091552 total
- age   4:      15936 bytes,    8107488 total
- age   5:     903160 bytes,    9010648 total
- age   6:    6744456 bytes,   15755104 total
- age   7:    2012152 bytes,   17767256 total
- age   8:    1744040 bytes,   19511296 total
: 109248K->21824K(109248K), 0.0068993 secs] 217455K->134067K(502464K), 0.0069622 secs] [Times: user=0.03 sys=0.00, real=0.00 secs] 
Heap after GC invocations=200 (full 4):
 par new generation   total 109248K, used 21824K [0x00000007a0000000, 0x00000007a8000000, 0x00000007a8000000)
  eden space 87424K,   0% used [0x00000007a0000000, 0x00000007a0000000, 0x00000007a5560000)
  from space 21824K, 100% used [0x00000007a5560000, 0x00000007a6ab0000, 0x00000007a6ab0000)
  to   space 21824K,   0% used [0x00000007a6ab0000, 0x00000007a6ab0000, 0x00000007a8000000)
 concurrent mark-sweep generation total 393216K, used 112243K [0x00000007a8000000, 0x00000007c0000000, 0x00000007c0000000)
 Metaspace       used 34070K, capacity 34540K, committed 34832K, reserved 1079296K
  class space    used 3934K, capacity 4071K, committed 4116K, reserved 1048576K
}
2016-10-23T18:05:14.268+0800: 79.272: Total time for which application threads were stopped: 0.0071365 seconds, Stopping threads took: 0.0000232 seconds
{Heap before GC invocations=200 (full 4):
 par new generation   total 109248K, used 109248K [0x00000007a0000000, 0x00000007a8000000, 0x00000007a8000000)
  eden space 87424K, 100% used [0x00000007a0000000, 0x00000007a5560000, 0x00000007a5560000)
  from space 21824K, 100% used [0x00000007a5560000, 0x00000007a6ab0000, 0x00000007a6ab0000)
  to   space 21824K,   0% used [0x00000007a6ab0000, 0x00000007a6ab0000, 0x00000007a8000000)
 concurrent mark-sweep generation total 393216K, used 112243K [0x00000007a8000000, 0x00000007c0000000, 0x00000007c0000000)
 Metaspace       used 34070K, capacity 34540K, committed 34832K, reserved 1079296K
  class space    used 3934K, capacity 4071K, committed 4116K, reserved 1048576K
2016-10-23T18:05:14.347+0800: 79.351: [GC (Allocation Failure) 2016-10-23T18:05:14.347+0800: 79.351: [ParNew
Desired survivor size 20112992 bytes, new threshold 8 (max 8)
- age   1:    4495360 bytes,    4495360 total
- age   2:    1410752 bytes,    5906112 total
- age   3:    1868352 bytes,    7774464 total
- age   4:    1736112 bytes,    9510576 total
- age   5:      15936 bytes,    9526512 total
- age   6:     822608 bytes,   10349120 total
- age   7:    6668968 bytes,   17018088 total
- age   8:    2012152 bytes,   19030240 total
: 109248K->21824K(109248K), 0.0080690 secs] 221491K->137594K(502464K), 0.0081245 secs] [Times: user=0.03 sys=0.00, real=0.01 secs] 
Heap after GC invocations=201 (full 4):
 par new generation   total 109248K, used 21824K [0x00000007a0000000, 0x00000007a8000000, 0x00000007a8000000)
  eden space 87424K,   0% used [0x00000007a0000000, 0x00000007a0000000, 0x00000007a5560000)
  from space 21824K, 100% used [0x00000007a6ab0000, 0x00000007a8000000, 0x00000007a8000000)
  to   space 21824K,   0% used [0x00000007a5560000, 0x00000007a5560000, 0x00000007a6ab0000)
 concurrent mark-sweep generation total 393216K, used 115770K [0x00000007a8000000, 0x00000007c0000000, 0x00000007c0000000)
 Metaspace       used 34070K, capacity 34540K, committed 34832K, reserved 1079296K
  class space    used 3934K, capacity 4071K, committed 4116K, reserved 1048576K
}
2016-10-23T18:05:14.356+0800: 79.359: Total time for which application threads were stopped: 0.0083670 seconds, Stopping threads took: 0.0000834 seconds
{Heap before GC invocations=201 (full 4):
 par new generation   total 109248K, used 109248K [0x00000007a0000000, 0x00000007a8000000, 0x00000007a8000000)
  eden space 87424K, 100% used [0x00000007a0000000, 0x00000007a5560000, 0x00000007a5560000)
  from space 21824K, 100% used [0x00000007a6ab0000, 0x00000007a8000000, 0x00000007a8000000)
  to   space 21824K,   0% used [0x00000007a5560000, 0x00000007a5560000, 0x00000007a6ab0000)
 concurrent mark-sweep generation total 393216K, used 115770K [0x00000007a8000000, 0x00000007c0000000, 0x00000007c0000000)
 Metaspace       used 34070K, capacity 34540K, committed 34832K, reserved 1079296K
  class space    used 3934K, capacity 4071K, committed 4116K, reserved 1048576K
2016-10-23T18:05:14.450+0800: 79.454: [GC (Allocation Failure) 2016-10-23T18:05:14.450+0800: 79.454: [ParNew
Desired survivor size 20112992 bytes, new threshold 8 (max 8)
- age   1:    5726960 bytes,    5726960 total
- age   2:    1539776 bytes,    7266736 total
- age   3:    1139048 bytes,    8405784 total
- age   4:     960872 bytes,    9366656 total
- age   5:    1333928 bytes,   10700584 total
- age   6:      15936 bytes,   10716520 total
- age   7:     815400 bytes,   11531920 total
- age   8:    6219656 bytes,   17751576 total
: 109248K->21824K(109248K), 0.0082812 secs] 225018K->141584K(502464K), 0.0083303 secs] [Times: user=0.03 sys=0.00, real=0.00 secs] 
Heap after GC invocations=202 (full 4):
 par new generation   total 109248K, used 21824K [0x00000007a0000000, 0x00000007a8000000, 0x00000007a8000000)
  eden space 87424K,   0% used [0x00000007a0000000, 0x00000007a0000000, 0x00000007a5560000)
  from space 21824K, 100% used [0x00000007a5560000, 0x00000007a6ab0000, 0x00000007a6ab0000)
  to   space 21824K,   0% used [0x00000007a6ab0000, 0x00000007a6ab0000, 0x00000007a8000000)
 concurrent mark-sweep generation total 393216K, used 119760K [0x00000007a8000000, 0x00000007c0000000, 0x00000007c0000000)
 Metaspace       used 34070K, capacity 34540K, committed 34832K, reserved 1079296K
  class space    used 3934K, capacity 4071K, committed 4116K, reserved 1048576K
}
2016-10-23T18:05:14.458+0800: 79.462: Total time for which application threads were stopped: 0.0085418 seconds, Stopping threads took: 0.0000654 seconds
{Heap before GC invocations=202 (full 4):
 par new generation   total 109248K, used 109248K [0x00000007a0000000, 0x00000007a8000000, 0x00000007a8000000)
  eden space 87424K, 100% used [0x00000007a0000000, 0x00000007a5560000, 0x00000007a5560000)
  from space 21824K, 100% used [0x00000007a5560000, 0x00000007a6ab0000, 0x00000007a6ab0000)
  to   space 21824K,   0% used [0x00000007a6ab0000, 0x00000007a6ab0000, 0x00000007a8000000)
 concurrent mark-sweep generation total 393216K, used 119760K [0x00000007a8000000, 0x00000007c0000000, 0x00000007c0000000)
 Metaspace       used 34070K, capacity 34540K, committed 34832K, reserved 1079296K
  class space    used 3934K, capacity 4071K, committed 4116K, reserved 1048576K
2016-10-23T18:05:14.532+0800: 79.536: [GC (Allocation Failure) 2016-10-23T18:05:14.532+0800: 79.536: [ParNew
Desired survivor size 20112992 bytes, new threshold 8 (max 8)
- age   1:    5597152 bytes,    5597152 total
- age   2:    2335448 bytes,    7932600 total
- age   3:    1494104 bytes,    9426704 total
- age   4:    1102176 bytes,   10528880 total
- age   5:     841192 bytes,   11370072 total
- age   6:    1333928 bytes,   12704000 total
- age   7:      15936 bytes,   12719936 total
- age   8:     815400 bytes,   13535336 total
: 109248K->21824K(109248K), 0.0067096 secs] 229008K->147664K(502464K), 0.0067662 secs] [Times: user=0.02 sys=0.00, real=0.00 secs] 
Heap after GC invocations=203 (full 4):
 par new generation   total 109248K, used 21824K [0x00000007a0000000, 0x00000007a8000000, 0x00000007a8000000)
  eden space 87424K,   0% used [0x00000007a0000000, 0x00000007a0000000, 0x00000007a5560000)
  from space 21824K, 100% used [0x00000007a6ab0000, 0x00000007a8000000, 0x00000007a8000000)
  to   space 21824K,   0% used [0x00000007a5560000, 0x00000007a5560000, 0x00000007a6ab0000)
 concurrent mark-sweep generation total 393216K, used 125840K [0x00000007a8000000, 0x00000007c0000000, 0x00000007c0000000)
 Metaspace       used 34070K, capacity 34540K, committed 34832K, reserved 1079296K
  class space    used 3934K, capacity 4071K, committed 4116K, reserved 1048576K
}
2016-10-23T18:05:14.539+0800: 79.542: Total time for which application threads were stopped: 0.0069772 seconds, Stopping threads took: 0.0000646 seconds
{Heap before GC invocations=203 (full 4):
 par new generation   total 109248K, used 109248K [0x00000007a0000000, 0x00000007a8000000, 0x00000007a8000000)
  eden space 87424K, 100% used [0x00000007a0000000, 0x00000007a5560000, 0x00000007a5560000)
  from space 21824K, 100% used [0x00000007a6ab0000, 0x00000007a8000000, 0x00000007a8000000)
  to   space 21824K,   0% used [0x00000007a5560000, 0x00000007a5560000, 0x00000007a6ab0000)
 concurrent mark-sweep generation total 393216K, used 125840K [0x00000007a8000000, 0x00000007c0000000, 0x00000007c0000000)
 Metaspace       used 34070K, capacity 34540K, committed 34832K, reserved 1079296K
  class space    used 3934K, capacity 4071K, committed 4116K, reserved 1048576K
2016-10-23T18:05:14.605+0800: 79.609: [GC (Allocation Failure) 2016-10-23T18:05:14.605+0800: 79.609: [ParNew
Desired survivor size 20112992 bytes, new threshold 8 (max 8)
- age   1:    5263016 bytes,    5263016 total
- age   2:    2381944 bytes,    7644960 total
- age   3:    2197424 bytes,    9842384 total
- age   4:    1491312 bytes,   11333696 total
- age   5:     839952 bytes,   12173648 total
- age   6:     841192 bytes,   13014840 total
- age   7:    1333928 bytes,   14348768 total
- age   8:      15936 bytes,   14364704 total
: 109248K->17381K(109248K), 0.0073409 secs] 235088K->144021K(502464K), 0.0073921 secs] [Times: user=0.03 sys=0.00, real=0.01 secs] 
Heap after GC invocations=204 (full 4):
 par new generation   total 109248K, used 17381K [0x00000007a0000000, 0x00000007a8000000, 0x00000007a8000000)
  eden space 87424K,   0% used [0x00000007a0000000, 0x00000007a0000000, 0x00000007a5560000)
  from space 21824K,  79% used [0x00000007a5560000, 0x00000007a6659500, 0x00000007a6ab0000)
  to   space 21824K,   0% used [0x00000007a6ab0000, 0x00000007a6ab0000, 0x00000007a8000000)
 concurrent mark-sweep generation total 393216K, used 126640K [0x00000007a8000000, 0x00000007c0000000, 0x00000007c0000000)
 Metaspace       used 34070K, capacity 34540K, committed 34832K, reserved 1079296K
  class space    used 3934K, capacity 4071K, committed 4116K, reserved 1048576K
}
2016-10-23T18:05:14.613+0800: 79.616: Total time for which application threads were stopped: 0.0076099 seconds, Stopping threads took: 0.0000629 seconds
{Heap before GC invocations=204 (full 4):
 par new generation   total 109248K, used 104805K [0x00000007a0000000, 0x00000007a8000000, 0x00000007a8000000)
  eden space 87424K, 100% used [0x00000007a0000000, 0x00000007a5560000, 0x00000007a5560000)
  from space 21824K,  79% used [0x00000007a5560000, 0x00000007a6659500, 0x00000007a6ab0000)
  to   space 21824K,   0% used [0x00000007a6ab0000, 0x00000007a6ab0000, 0x00000007a8000000)
 concurrent mark-sweep generation total 393216K, used 126640K [0x00000007a8000000, 0x00000007c0000000, 0x00000007c0000000)
 Metaspace       used 34070K, capacity 34540K, committed 34832K, reserved 1079296K
  class space    used 3934K, capacity 4071K, committed 4116K, reserved 1048576K
2016-10-23T18:05:14.678+0800: 79.682: [GC (Allocation Failure) 2016-10-23T18:05:14.678+0800: 79.682: [ParNew
Desired survivor size 20112992 bytes, new threshold 8 (max 8)
- age   1:    4386800 bytes,    4386800 total
- age   2:    3430864 bytes,    7817664 total
- age   3:    1708968 bytes,    9526632 total
- age   4:    2194488 bytes,   11721120 total
- age   5:    1357504 bytes,   13078624 total
- age   6:     839952 bytes,   13918576 total
- age   7:     841216 bytes,   14759792 total
- age   8:    1366712 bytes,   16126504 total
: 104805K->21791K(109248K), 0.0066785 secs] 231445K->148447K(502464K), 0.0067428 secs] [Times: user=0.03 sys=0.00, real=0.01 secs] 
Heap after GC invocations=205 (full 4):
 par new generation   total 109248K, used 21791K [0x00000007a0000000, 0x00000007a8000000, 0x00000007a8000000)
  eden space 87424K,   0% used [0x00000007a0000000, 0x00000007a0000000, 0x00000007a5560000)
  from space 21824K,  99% used [0x00000007a6ab0000, 0x00000007a7ff7dc0, 0x00000007a8000000)
  to   space 21824K,   0% used [0x00000007a5560000, 0x00000007a5560000, 0x00000007a6ab0000)
 concurrent mark-sweep generation total 393216K, used 126655K [0x00000007a8000000, 0x00000007c0000000, 0x00000007c0000000)
 Metaspace       used 34070K, capacity 34540K, committed 34832K, reserved 1079296K
  class space    used 3934K, capacity 4071K, committed 4116K, reserved 1048576K
}
2016-10-23T18:05:14.685+0800: 79.689: Total time for which application threads were stopped: 0.0069829 seconds, Stopping threads took: 0.0000861 seconds
{Heap before GC invocations=205 (full 4):
 par new generation   total 109248K, used 109215K [0x00000007a0000000, 0x00000007a8000000, 0x00000007a8000000)
  eden space 87424K, 100% used [0x00000007a0000000, 0x00000007a5560000, 0x00000007a5560000)
  from space 21824K,  99% used [0x00000007a6ab0000, 0x00000007a7ff7dc0, 0x00000007a8000000)
  to   space 21824K,   0% used [0x00000007a5560000, 0x00000007a5560000, 0x00000007a6ab0000)
 concurrent mark-sweep generation total 393216K, used 126655K [0x00000007a8000000, 0x00000007c0000000, 0x00000007c0000000)
 Metaspace       used 34070K, capacity 34540K, committed 34832K, reserved 1079296K
  class space    used 3934K, capacity 4071K, committed 4116K, reserved 1048576K
2016-10-23T18:05:14.791+0800: 79.795: [GC (Allocation Failure) 2016-10-23T18:05:14.791+0800: 79.795: [ParNew
Desired survivor size 20112992 bytes, new threshold 8 (max 8)
- age   1:    3403792 bytes,    3403792 total
- age   2:    4216832 bytes,    7620624 total
- age   3:    3282880 bytes,   10903504 total
- age   4:    1574904 bytes,   12478408 total
- age   5:    1981576 bytes,   14459984 total
- age   6:    1282848 bytes,   15742832 total
- age   7:    1003856 bytes,   16746688 total
- age   8:     738776 bytes,   17485464 total
: 109215K->21824K(109248K), 0.0066952 secs] 235871K->149590K(502464K), 0.0067557 secs] [Times: user=0.03 sys=0.00, real=0.00 secs] 
Heap after GC invocations=206 (full 4):
 par new generation   total 109248K, used 21824K [0x00000007a0000000, 0x00000007a8000000, 0x00000007a8000000)
  eden space 87424K,   0% used [0x00000007a0000000, 0x00000007a0000000, 0x00000007a5560000)
  from space 21824K, 100% used [0x00000007a5560000, 0x00000007a6ab0000, 0x00000007a6ab0000)
  to   space 21824K,   0% used [0x00000007a6ab0000, 0x00000007a6ab0000, 0x00000007a8000000)
 concurrent mark-sweep generation total 393216K, used 127766K [0x00000007a8000000, 0x00000007c0000000, 0x00000007c0000000)
 Metaspace       used 34070K, capacity 34540K, committed 34832K, reserved 1079296K
  class space    used 3934K, capacity 4071K, committed 4116K, reserved 1048576K
}
2016-10-23T18:05:14.798+0800: 79.801: Total time for which application threads were stopped: 0.0070285 seconds, Stopping threads took: 0.0001054 seconds
{Heap before GC invocations=206 (full 4):
 par new generation   total 109248K, used 109248K [0x00000007a0000000, 0x00000007a8000000, 0x00000007a8000000)
  eden space 87424K, 100% used [0x00000007a0000000, 0x00000007a5560000, 0x00000007a5560000)
  from space 21824K, 100% used [0x00000007a5560000, 0x00000007a6ab0000, 0x00000007a6ab0000)
  to   space 21824K,   0% used [0x00000007a6ab0000, 0x00000007a6ab0000, 0x00000007a8000000)
 concurrent mark-sweep generation total 393216K, used 127766K [0x00000007a8000000, 0x00000007c0000000, 0x00000007c0000000)
 Metaspace       used 34070K, capacity 34540K, committed 34832K, reserved 1079296K
  class space    used 3934K, capacity 4071K, committed 4116K, reserved 1048576K
2016-10-23T18:05:14.845+0800: 79.849: [GC (Allocation Failure) 2016-10-23T18:05:14.845+0800: 79.849: [ParNew
Desired survivor size 20112992 bytes, new threshold 8 (max 8)
- age   1:    1581744 bytes,    1581744 total
- age   2:    2634184 bytes,    4215928 total
- age   3:    4216976 bytes,    8432904 total
- age   4:    3282952 bytes,   11715856 total
- age   5:    1574976 bytes,   13290832 total
- age   6:    1981672 bytes,   15272504 total
- age   7:    1282896 bytes,   16555400 total
- age   8:     741696 bytes,   17297096 total
: 109248K->21397K(109248K), 0.0069506 secs] 237014K->149897K(502464K), 0.0069892 secs] [Times: user=0.02 sys=0.00, real=0.01 secs] 
Heap after GC invocations=207 (full 4):
 par new generation   total 109248K, used 21397K [0x00000007a0000000, 0x00000007a8000000, 0x00000007a8000000)
  eden space 87424K,   0% used [0x00000007a0000000, 0x00000007a0000000, 0x00000007a5560000)
  from space 21824K,  98% used [0x00000007a6ab0000, 0x00000007a7f956a0, 0x00000007a8000000)
  to   space 21824K,   0% used [0x00000007a5560000, 0x00000007a5560000, 0x00000007a6ab0000)
 concurrent mark-sweep generation total 393216K, used 128499K [0x00000007a8000000, 0x00000007c0000000, 0x00000007c0000000)
 Metaspace       used 34070K, capacity 34540K, committed 34832K, reserved 1079296K
  class space    used 3934K, capacity 4071K, committed 4116K, reserved 1048576K
}
2016-10-23T18:05:14.852+0800: 79.856: Total time for which application threads were stopped: 0.0072170 seconds, Stopping threads took: 0.0000798 seconds
2016-10-23T18:05:14.921+0800: 79.925: Total time for which application threads were stopped: 0.0001909 seconds, Stopping threads took: 0.0000870 seconds
{Heap before GC invocations=207 (full 4):
 par new generation   total 109248K, used 108821K [0x00000007a0000000, 0x00000007a8000000, 0x00000007a8000000)
  eden space 87424K, 100% used [0x00000007a0000000, 0x00000007a5560000, 0x00000007a5560000)
  from space 21824K,  98% used [0x00000007a6ab0000, 0x00000007a7f956a0, 0x00000007a8000000)
  to   space 21824K,   0% used [0x00000007a5560000, 0x00000007a5560000, 0x00000007a6ab0000)
 concurrent mark-sweep generation total 393216K, used 128499K [0x00000007a8000000, 0x00000007c0000000, 0x00000007c0000000)
 Metaspace       used 34070K, capacity 34540K, committed 34832K, reserved 1079296K
  class space    used 3934K, capacity 4071K, committed 4116K, reserved 1048576K
2016-10-23T18:05:14.930+0800: 79.933: [GC (Allocation Failure) 2016-10-23T18:05:14.930+0800: 79.933: [ParNew
Desired survivor size 20112992 bytes, new threshold 8 (max 8)
- age   1:    3406912 bytes,    3406912 total
- age   2:     573512 bytes,    3980424 total
- age   3:    2154744 bytes,    6135168 total
- age   4:    4050992 bytes,   10186160 total
- age   5:    3131704 bytes,   13317864 total
- age   6:    1386264 bytes,   14704128 total
- age   7:    1782528 bytes,   16486656 total
- age   8:    1296240 bytes,   17782896 total
: 108821K->21824K(109248K), 0.0063848 secs] 237321K->151403K(502464K), 0.0064421 secs] [Times: user=0.02 sys=0.00, real=0.00 secs] 
Heap after GC invocations=208 (full 4):
 par new generation   total 109248K, used 21824K [0x00000007a0000000, 0x00000007a8000000, 0x00000007a8000000)
  eden space 87424K,   0% used [0x00000007a0000000, 0x00000007a0000000, 0x00000007a5560000)
  from space 21824K, 100% used [0x00000007a5560000, 0x00000007a6ab0000, 0x00000007a6ab0000)
  to   space 21824K,   0% used [0x00000007a6ab0000, 0x00000007a6ab0000, 0x00000007a8000000)
 concurrent mark-sweep generation total 393216K, used 129579K [0x00000007a8000000, 0x00000007c0000000, 0x00000007c0000000)
 Metaspace       used 34070K, capacity 34540K, committed 34832K, reserved 1079296K
  class space    used 3934K, capacity 4071K, committed 4116K, reserved 1048576K
}
2016-10-23T18:05:14.936+0800: 79.940: Total time for which application threads were stopped: 0.0066765 seconds, Stopping threads took: 0.0000818 seconds
{Heap before GC invocations=208 (full 4):
 par new generation   total 109248K, used 109248K [0x00000007a0000000, 0x00000007a8000000, 0x00000007a8000000)
  eden space 87424K, 100% used [0x00000007a0000000, 0x00000007a5560000, 0x00000007a5560000)
  from space 21824K, 100% used [0x00000007a5560000, 0x00000007a6ab0000, 0x00000007a6ab0000)
  to   space 21824K,   0% used [0x00000007a6ab0000, 0x00000007a6ab0000, 0x00000007a8000000)
 concurrent mark-sweep generation total 393216K, used 129579K [0x00000007a8000000, 0x00000007c0000000, 0x00000007c0000000)
 Metaspace       used 34075K, capacity 34540K, committed 34832K, reserved 1079296K
  class space    used 3934K, capacity 4071K, committed 4116K, reserved 1048576K
2016-10-23T18:05:15.013+0800: 80.017: [GC (Allocation Failure) 2016-10-23T18:05:15.013+0800: 80.017: [ParNew
Desired survivor size 20112992 bytes, new threshold 8 (max 8)
- age   1:    3120776 bytes,    3120776 total
- age   2:    2469472 bytes,    5590248 total
- age   3:     418856 bytes,    6009104 total
- age   4:    2082632 bytes,    8091736 total
- age   5:    4050992 bytes,   12142728 total
- age   6:    3131656 bytes,   15274384 total
- age   7:    1386264 bytes,   16660648 total
- age   8:    1848080 bytes,   18508728 total
: 109248K->21824K(109248K), 0.0081291 secs] 238827K->152705K(502464K), 0.0081737 secs] [Times: user=0.02 sys=0.00, real=0.01 secs] 
Heap after GC invocations=209 (full 4):
 par new generation   total 109248K, used 21824K [0x00000007a0000000, 0x00000007a8000000, 0x00000007a8000000)
  eden space 87424K,   0% used [0x00000007a0000000, 0x00000007a0000000, 0x00000007a5560000)
  from space 21824K, 100% used [0x00000007a6ab0000, 0x00000007a8000000, 0x00000007a8000000)
  to   space 21824K,   0% used [0x00000007a5560000, 0x00000007a5560000, 0x00000007a6ab0000)
 concurrent mark-sweep generation total 393216K, used 130881K [0x00000007a8000000, 0x00000007c0000000, 0x00000007c0000000)
 Metaspace       used 34075K, capacity 34540K, committed 34832K, reserved 1079296K
  class space    used 3934K, capacity 4071K, committed 4116K, reserved 1048576K
}
2016-10-23T18:05:15.021+0800: 80.025: Total time for which application threads were stopped: 0.0084012 seconds, Stopping threads took: 0.0000677 seconds
{Heap before GC invocations=209 (full 4):
 par new generation   total 109248K, used 109248K [0x00000007a0000000, 0x00000007a8000000, 0x00000007a8000000)
  eden space 87424K, 100% used [0x00000007a0000000, 0x00000007a5560000, 0x00000007a5560000)
  from space 21824K, 100% used [0x00000007a6ab0000, 0x00000007a8000000, 0x00000007a8000000)
  to   space 21824K,   0% used [0x00000007a5560000, 0x00000007a5560000, 0x00000007a6ab0000)
 concurrent mark-sweep generation total 393216K, used 130881K [0x00000007a8000000, 0x00000007c0000000, 0x00000007c0000000)
 Metaspace       used 34075K, capacity 34540K, committed 34832K, reserved 1079296K
  class space    used 3934K, capacity 4071K, committed 4116K, reserved 1048576K
2016-10-23T18:05:15.087+0800: 80.091: [GC (Allocation Failure) 2016-10-23T18:05:15.087+0800: 80.091: [ParNew
Desired survivor size 20112992 bytes, new threshold 8 (max 8)
- age   1:    2873592 bytes,    2873592 total
- age   2:    1515976 bytes,    4389568 total
- age   3:    2351800 bytes,    6741368 total
- age   4:     418360 bytes,    7159728 total
- age   5:    2080736 bytes,    9240464 total
- age   6:    4050992 bytes,   13291456 total
- age   7:    3131656 bytes,   16423112 total
- age   8:    1386264 bytes,   17809376 total
: 109248K->21824K(109248K), 0.0063756 secs] 240129K->154909K(502464K), 0.0064220 secs] [Times: user=0.02 sys=0.00, real=0.01 secs] 
Heap after GC invocations=210 (full 4):
 par new generation   total 109248K, used 21824K [0x00000007a0000000, 0x00000007a8000000, 0x00000007a8000000)
  eden space 87424K,   0% used [0x00000007a0000000, 0x00000007a0000000, 0x00000007a5560000)
  from space 21824K, 100% used [0x00000007a5560000, 0x00000007a6ab0000, 0x00000007a6ab0000)
  to   space 21824K,   0% used [0x00000007a6ab0000, 0x00000007a6ab0000, 0x00000007a8000000)
 concurrent mark-sweep generation total 393216K, used 133085K [0x00000007a8000000, 0x00000007c0000000, 0x00000007c0000000)
 Metaspace       used 34075K, capacity 34540K, committed 34832K, reserved 1079296K
  class space    used 3934K, capacity 4071K, committed 4116K, reserved 1048576K
}
2016-10-23T18:05:15.093+0800: 80.097: Total time for which application threads were stopped: 0.0066286 seconds, Stopping threads took: 0.0000615 seconds
{Heap before GC invocations=210 (full 4):
 par new generation   total 109248K, used 109248K [0x00000007a0000000, 0x00000007a8000000, 0x00000007a8000000)
  eden space 87424K, 100% used [0x00000007a0000000, 0x00000007a5560000, 0x00000007a5560000)
  from space 21824K, 100% used [0x00000007a5560000, 0x00000007a6ab0000, 0x00000007a6ab0000)
  to   space 21824K,   0% used [0x00000007a6ab0000, 0x00000007a6ab0000, 0x00000007a8000000)
 concurrent mark-sweep generation total 393216K, used 133085K [0x00000007a8000000, 0x00000007c0000000, 0x00000007c0000000)
 Metaspace       used 34076K, capacity 34540K, committed 34832K, reserved 1079296K
  class space    used 3934K, capacity 4071K, committed 4116K, reserved 1048576K
2016-10-23T18:05:15.216+0800: 80.220: [GC (Allocation Failure) 2016-10-23T18:05:15.216+0800: 80.220: [ParNew
Desired survivor size 20112992 bytes, new threshold 8 (max 8)
- age   1:    4163160 bytes,    4163160 total
- age   2:    1022048 bytes,    5185208 total
- age   3:    1429104 bytes,    6614312 total
- age   4:    1973888 bytes,    8588200 total
- age   5:     384696 bytes,    8972896 total
- age   6:    2071120 bytes,   11044016 total
- age   7:    4050992 bytes,   15095008 total
- age   8:    3131624 bytes,   18226632 total
: 109248K->21824K(109248K), 0.0076674 secs] 242333K->156794K(502464K), 0.0077319 secs] [Times: user=0.03 sys=0.00, real=0.01 secs] 
Heap after GC invocations=211 (full 4):
 par new generation   total 109248K, used 21824K [0x00000007a0000000, 0x00000007a8000000, 0x00000007a8000000)
  eden space 87424K,   0% used [0x00000007a0000000, 0x00000007a0000000, 0x00000007a5560000)
  from space 21824K, 100% used [0x00000007a6ab0000, 0x00000007a8000000, 0x00000007a8000000)
  to   space 21824K,   0% used [0x00000007a5560000, 0x00000007a5560000, 0x00000007a6ab0000)
 concurrent mark-sweep generation total 393216K, used 134970K [0x00000007a8000000, 0x00000007c0000000, 0x00000007c0000000)
 Metaspace       used 34076K, capacity 34540K, committed 34832K, reserved 1079296K
  class space    used 3934K, capacity 4071K, committed 4116K, reserved 1048576K
}
2016-10-23T18:05:15.224+0800: 80.228: Total time for which application threads were stopped: 0.0080057 seconds, Stopping threads took: 0.0000684 seconds
{Heap before GC invocations=211 (full 4):
 par new generation   total 109248K, used 109248K [0x00000007a0000000, 0x00000007a8000000, 0x00000007a8000000)
  eden space 87424K, 100% used [0x00000007a0000000, 0x00000007a5560000, 0x00000007a5560000)
  from space 21824K, 100% used [0x00000007a6ab0000, 0x00000007a8000000, 0x00000007a8000000)
  to   space 21824K,   0% used [0x00000007a5560000, 0x00000007a5560000, 0x00000007a6ab0000)
 concurrent mark-sweep generation total 393216K, used 134970K [0x00000007a8000000, 0x00000007c0000000, 0x00000007c0000000)
 Metaspace       used 34076K, capacity 34540K, committed 34832K, reserved 1079296K
  class space    used 3934K, capacity 4071K, committed 4116K, reserved 1048576K
2016-10-23T18:05:15.383+0800: 80.386: [GC (Allocation Failure) 2016-10-23T18:05:15.383+0800: 80.387: [ParNew
Desired survivor size 20112992 bytes, new threshold 8 (max 8)
- age   1:    5150504 bytes,    5150504 total
- age   2:    2095224 bytes,    7245728 total
- age   3:     920880 bytes,    8166608 total
- age   4:    1000432 bytes,    9167040 total
- age   5:    1921200 bytes,   11088240 total
- age   6:     364400 bytes,   11452640 total
- age   7:    1913272 bytes,   13365912 total
- age   8:    4050992 bytes,   17416904 total
: 109248K->21824K(109248K), 0.0074489 secs] 244218K->161500K(502464K), 0.0074944 secs] [Times: user=0.04 sys=0.00, real=0.01 secs] 
Heap after GC invocations=212 (full 4):
 par new generation   total 109248K, used 21824K [0x00000007a0000000, 0x00000007a8000000, 0x00000007a8000000)
  eden space 87424K,   0% used [0x00000007a0000000, 0x00000007a0000000, 0x00000007a5560000)
  from space 21824K, 100% used [0x00000007a5560000, 0x00000007a6ab0000, 0x00000007a6ab0000)
  to   space 21824K,   0% used [0x00000007a6ab0000, 0x00000007a6ab0000, 0x00000007a8000000)
 concurrent mark-sweep generation total 393216K, used 139676K [0x00000007a8000000, 0x00000007c0000000, 0x00000007c0000000)
 Metaspace       used 34076K, capacity 34540K, committed 34832K, reserved 1079296K
  class space    used 3934K, capacity 4071K, committed 4116K, reserved 1048576K
}
2016-10-23T18:05:15.390+0800: 80.394: Total time for which application threads were stopped: 0.0077549 seconds, Stopping threads took: 0.0001175 seconds
{Heap before GC invocations=212 (full 4):
 par new generation   total 109248K, used 109248K [0x00000007a0000000, 0x00000007a8000000, 0x00000007a8000000)
  eden space 87424K, 100% used [0x00000007a0000000, 0x00000007a5560000, 0x00000007a5560000)
  from space 21824K, 100% used [0x00000007a5560000, 0x00000007a6ab0000, 0x00000007a6ab0000)
  to   space 21824K,   0% used [0x00000007a6ab0000, 0x00000007a6ab0000, 0x00000007a8000000)
 concurrent mark-sweep generation total 393216K, used 139676K [0x00000007a8000000, 0x00000007c0000000, 0x00000007c0000000)
 Metaspace       used 34129K, capacity 34668K, committed 35088K, reserved 1081344K
  class space    used 3934K, capacity 4071K, committed 4116K, reserved 1048576K
2016-10-23T18:05:15.575+0800: 80.579: [GC (Allocation Failure) 2016-10-23T18:05:15.575+0800: 80.579: [ParNew
Desired survivor size 20112992 bytes, new threshold 8 (max 8)
- age   1:    6575040 bytes,    6575040 total
- age   2:    2997048 bytes,    9572088 total
- age   3:    1889368 bytes,   11461456 total
- age   4:     916520 bytes,   12377976 total
- age   5:     978440 bytes,   13356416 total
- age   6:    1887176 bytes,   15243592 total
- age   7:     360504 bytes,   15604096 total
- age   8:    1821704 bytes,   17425800 total
: 109248K->21824K(109248K), 0.0084253 secs] 248924K->165760K(502464K), 0.0084936 secs] [Times: user=0.04 sys=0.00, real=0.01 secs] 
Heap after GC invocations=213 (full 4):
 par new generation   total 109248K, used 21824K [0x00000007a0000000, 0x00000007a8000000, 0x00000007a8000000)
  eden space 87424K,   0% used [0x00000007a0000000, 0x00000007a0000000, 0x00000007a5560000)
  from space 21824K, 100% used [0x00000007a6ab0000, 0x00000007a8000000, 0x00000007a8000000)
  to   space 21824K,   0% used [0x00000007a5560000, 0x00000007a5560000, 0x00000007a6ab0000)
 concurrent mark-sweep generation total 393216K, used 143936K [0x00000007a8000000, 0x00000007c0000000, 0x00000007c0000000)
 Metaspace       used 34129K, capacity 34668K, committed 35088K, reserved 1081344K
  class space    used 3934K, capacity 4071K, committed 4116K, reserved 1048576K
}
2016-10-23T18:05:15.583+0800: 80.587: Total time for which application threads were stopped: 0.0088160 seconds, Stopping threads took: 0.0001024 seconds
2016-10-23T18:05:15.613+0800: 80.617: Total time for which application threads were stopped: 0.0002038 seconds, Stopping threads took: 0.0000884 seconds
2016-10-23T18:05:15.613+0800: 80.617: Total time for which application threads were stopped: 0.0001543 seconds, Stopping threads took: 0.0000713 seconds
2016-10-23T18:05:15.615+0800: 80.619: Total time for which application threads were stopped: 0.0002037 seconds, Stopping threads took: 0.0000796 seconds
2016-10-23T18:05:15.619+0800: 80.623: Total time for which application threads were stopped: 0.0001779 seconds, Stopping threads took: 0.0000941 seconds
2016-10-23T18:05:15.620+0800: 80.624: Total time for which application threads were stopped: 0.0003408 seconds, Stopping threads took: 0.0002814 seconds
2016-10-23T18:05:15.623+0800: 80.626: Total time for which application threads were stopped: 0.0001629 seconds, Stopping threads took: 0.0000886 seconds
2016-10-23T18:05:15.623+0800: 80.627: Total time for which application threads were stopped: 0.0001327 seconds, Stopping threads took: 0.0000770 seconds
2016-10-23T18:05:15.623+0800: 80.627: Total time for which application threads were stopped: 0.0001287 seconds, Stopping threads took: 0.0000702 seconds
2016-10-23T18:05:15.623+0800: 80.627: Total time for which application threads were stopped: 0.0001216 seconds, Stopping threads took: 0.0000686 seconds
2016-10-23T18:05:15.623+0800: 80.627: Total time for which application threads were stopped: 0.0001290 seconds, Stopping threads took: 0.0000834 seconds
2016-10-23T18:05:15.624+0800: 80.628: Total time for which application threads were stopped: 0.0001472 seconds, Stopping threads took: 0.0000984 seconds
2016-10-23T18:05:15.624+0800: 80.628: Total time for which application threads were stopped: 0.0001335 seconds, Stopping threads took: 0.0000642 seconds
2016-10-23T18:05:15.624+0800: 80.628: Total time for which application threads were stopped: 0.0001128 seconds, Stopping threads took: 0.0000697 seconds
2016-10-23T18:05:15.625+0800: 80.628: Total time for which application threads were stopped: 0.0002563 seconds, Stopping threads took: 0.0000587 seconds
2016-10-23T18:05:15.630+0800: 80.634: Total time for which application threads were stopped: 0.0001886 seconds, Stopping threads took: 0.0001010 seconds
2016-10-23T18:05:15.631+0800: 80.634: Total time for which application threads were stopped: 0.0001711 seconds, Stopping threads took: 0.0000911 seconds
2016-10-23T18:05:15.637+0800: 80.641: Total time for which application threads were stopped: 0.0002372 seconds, Stopping threads took: 0.0001247 seconds
2016-10-23T18:05:15.637+0800: 80.641: Total time for which application threads were stopped: 0.0001094 seconds, Stopping threads took: 0.0000350 seconds
2016-10-23T18:05:15.704+0800: 80.707: Total time for which application threads were stopped: 0.0002735 seconds, Stopping threads took: 0.0000979 seconds
2016-10-23T18:05:15.704+0800: 80.708: Total time for which application threads were stopped: 0.0002308 seconds, Stopping threads took: 0.0000869 seconds
{Heap before GC invocations=213 (full 4):
 par new generation   total 109248K, used 109248K [0x00000007a0000000, 0x00000007a8000000, 0x00000007a8000000)
  eden space 87424K, 100% used [0x00000007a0000000, 0x00000007a5560000, 0x00000007a5560000)
  from space 21824K, 100% used [0x00000007a6ab0000, 0x00000007a8000000, 0x00000007a8000000)
  to   space 21824K,   0% used [0x00000007a5560000, 0x00000007a5560000, 0x00000007a6ab0000)
 concurrent mark-sweep generation total 393216K, used 143936K [0x00000007a8000000, 0x00000007c0000000, 0x00000007c0000000)
 Metaspace       used 34148K, capacity 34668K, committed 35088K, reserved 1081344K
  class space    used 3934K, capacity 4071K, committed 4116K, reserved 1048576K
2016-10-23T18:05:15.743+0800: 80.747: [GC (Allocation Failure) 2016-10-23T18:05:15.743+0800: 80.747: [ParNew
Desired survivor size 20112992 bytes, new threshold 8 (max 8)
- age   1:    2325336 bytes,    2325336 total
- age   2:    5128384 bytes,    7453720 total
- age   3:    2556232 bytes,   10009952 total
- age   4:    1749360 bytes,   11759312 total
- age   5:     799840 bytes,   12559152 total
- age   6:     906464 bytes,   13465616 total
- age   7:     693800 bytes,   14159416 total
- age   8:     333600 bytes,   14493016 total
: 109248K->21824K(109248K), 0.0075446 secs] 253184K->169854K(502464K), 0.0075925 secs] [Times: user=0.04 sys=0.00, real=0.01 secs] 
Heap after GC invocations=214 (full 4):
 par new generation   total 109248K, used 21824K [0x00000007a0000000, 0x00000007a8000000, 0x00000007a8000000)
  eden space 87424K,   0% used [0x00000007a0000000, 0x00000007a0000000, 0x00000007a5560000)
  from space 21824K, 100% used [0x00000007a5560000, 0x00000007a6ab0000, 0x00000007a6ab0000)
  to   space 21824K,   0% used [0x00000007a6ab0000, 0x00000007a6ab0000, 0x00000007a8000000)
 concurrent mark-sweep generation total 393216K, used 148030K [0x00000007a8000000, 0x00000007c0000000, 0x00000007c0000000)
 Metaspace       used 34148K, capacity 34668K, committed 35088K, reserved 1081344K
  class space    used 3934K, capacity 4071K, committed 4116K, reserved 1048576K
}
2016-10-23T18:05:15.751+0800: 80.754: Total time for which application threads were stopped: 0.0078622 seconds, Stopping threads took: 0.0000947 seconds
2016-10-23T18:05:15.839+0800: 80.843: Total time for which application threads were stopped: 0.0001775 seconds, Stopping threads took: 0.0000791 seconds
2016-10-23T18:05:15.864+0800: 80.868: Total time for which application threads were stopped: 0.0004662 seconds, Stopping threads took: 0.0003499 seconds
{Heap before GC invocations=214 (full 4):
 par new generation   total 109248K, used 109248K [0x00000007a0000000, 0x00000007a8000000, 0x00000007a8000000)
  eden space 87424K, 100% used [0x00000007a0000000, 0x00000007a5560000, 0x00000007a5560000)
  from space 21824K, 100% used [0x00000007a5560000, 0x00000007a6ab0000, 0x00000007a6ab0000)
  to   space 21824K,   0% used [0x00000007a6ab0000, 0x00000007a6ab0000, 0x00000007a8000000)
 concurrent mark-sweep generation total 393216K, used 148030K [0x00000007a8000000, 0x00000007c0000000, 0x00000007c0000000)
 Metaspace       used 34151K, capacity 34668K, committed 35088K, reserved 1081344K
  class space    used 3934K, capacity 4071K, committed 4116K, reserved 1048576K
2016-10-23T18:05:15.871+0800: 80.875: [GC (Allocation Failure) 2016-10-23T18:05:15.871+0800: 80.875: [ParNew
Desired survivor size 20112992 bytes, new threshold 8 (max 8)
- age   1:    4350224 bytes,    4350224 total
- age   2:    1588704 bytes,    5938928 total
- age   3:    4828296 bytes,   10767224 total
- age   4:    2228320 bytes,   12995544 total
- age   5:    1529152 bytes,   14524696 total
- age   6:     659224 bytes,   15183920 total
- age   7:     757520 bytes,   15941440 total
- age   8:     621552 bytes,   16562992 total
: 109248K->19470K(109248K), 0.0061512 secs] 257278K->167792K(502464K), 0.0062024 secs] [Times: user=0.02 sys=0.00, real=0.00 secs] 
Heap after GC invocations=215 (full 4):
 par new generation   total 109248K, used 19470K [0x00000007a0000000, 0x00000007a8000000, 0x00000007a8000000)
  eden space 87424K,   0% used [0x00000007a0000000, 0x00000007a0000000, 0x00000007a5560000)
  from space 21824K,  89% used [0x00000007a6ab0000, 0x00000007a7db3850, 0x00000007a8000000)
  to   space 21824K,   0% used [0x00000007a5560000, 0x00000007a5560000, 0x00000007a6ab0000)
 concurrent mark-sweep generation total 393216K, used 148322K [0x00000007a8000000, 0x00000007c0000000, 0x00000007c0000000)
 Metaspace       used 34151K, capacity 34668K, committed 35088K, reserved 1081344K
  class space    used 3934K, capacity 4071K, committed 4116K, reserved 1048576K
}
2016-10-23T18:05:15.877+0800: 80.881: Total time for which application threads were stopped: 0.0065118 seconds, Stopping threads took: 0.0001741 seconds
2016-10-23T18:05:15.947+0800: 80.951: Total time for which application threads were stopped: 0.0003206 seconds, Stopping threads took: 0.0001191 seconds
2016-10-23T18:05:15.953+0800: 80.957: Total time for which application threads were stopped: 0.0002068 seconds, Stopping threads took: 0.0000667 seconds
{Heap before GC invocations=215 (full 4):
 par new generation   total 109248K, used 106894K [0x00000007a0000000, 0x00000007a8000000, 0x00000007a8000000)
  eden space 87424K, 100% used [0x00000007a0000000, 0x00000007a5560000, 0x00000007a5560000)
  from space 21824K,  89% used [0x00000007a6ab0000, 0x00000007a7db3850, 0x00000007a8000000)
  to   space 21824K,   0% used [0x00000007a5560000, 0x00000007a5560000, 0x00000007a6ab0000)
 concurrent mark-sweep generation total 393216K, used 148322K [0x00000007a8000000, 0x00000007c0000000, 0x00000007c0000000)
 Metaspace       used 34171K, capacity 34668K, committed 35088K, reserved 1081344K
  class space    used 3934K, capacity 4071K, committed 4116K, reserved 1048576K
2016-10-23T18:05:15.982+0800: 80.986: [GC (Allocation Failure) 2016-10-23T18:05:15.982+0800: 80.986: [ParNew
Desired survivor size 20112992 bytes, new threshold 8 (max 8)
- age   1:    5063528 bytes,    5063528 total
- age   2:     973208 bytes,    6036736 total
- age   3:    1371568 bytes,    7408304 total
- age   4:    4828296 bytes,   12236600 total
- age   5:    2228320 bytes,   14464920 total
- age   6:    1529152 bytes,   15994072 total
- age   7:     659224 bytes,   16653296 total
- age   8:     672608 bytes,   17325904 total
: 106894K->21824K(109248K), 0.0046516 secs] 255216K->171218K(502464K), 0.0047015 secs] [Times: user=0.02 sys=0.00, real=0.00 secs] 
Heap after GC invocations=216 (full 4):
 par new generation   total 109248K, used 21824K [0x00000007a0000000, 0x00000007a8000000, 0x00000007a8000000)
  eden space 87424K,   0% used [0x00000007a0000000, 0x00000007a0000000, 0x00000007a5560000)
  from space 21824K, 100% used [0x00000007a5560000, 0x00000007a6ab0000, 0x00000007a6ab0000)
  to   space 21824K,   0% used [0x00000007a6ab0000, 0x00000007a6ab0000, 0x00000007a8000000)
 concurrent mark-sweep generation total 393216K, used 149394K [0x00000007a8000000, 0x00000007c0000000, 0x00000007c0000000)
 Metaspace       used 34171K, capacity 34668K, committed 35088K, reserved 1081344K
  class space    used 3934K, capacity 4071K, committed 4116K, reserved 1048576K
}
2016-10-23T18:05:15.987+0800: 80.991: Total time for which application threads were stopped: 0.0049112 seconds, Stopping threads took: 0.0000696 seconds
{Heap before GC invocations=216 (full 4):
 par new generation   total 109248K, used 109248K [0x00000007a0000000, 0x00000007a8000000, 0x00000007a8000000)
  eden space 87424K, 100% used [0x00000007a0000000, 0x00000007a5560000, 0x00000007a5560000)
  from space 21824K, 100% used [0x00000007a5560000, 0x00000007a6ab0000, 0x00000007a6ab0000)
  to   space 21824K,   0% used [0x00000007a6ab0000, 0x00000007a6ab0000, 0x00000007a8000000)
 concurrent mark-sweep generation total 393216K, used 149394K [0x00000007a8000000, 0x00000007c0000000, 0x00000007c0000000)
 Metaspace       used 34171K, capacity 34668K, committed 35088K, reserved 1081344K
  class space    used 3934K, capacity 4071K, committed 4116K, reserved 1048576K
2016-10-23T18:05:16.095+0800: 81.099: [GC (Allocation Failure) 2016-10-23T18:05:16.095+0800: 81.099: [ParNew
Desired survivor size 20112992 bytes, new threshold 8 (max 8)
- age   1:    4063256 bytes,    4063256 total
- age   2:    4048344 bytes,    8111600 total
- age   3:     954592 bytes,    9066192 total
- age   4:    1286304 bytes,   10352496 total
- age   5:    4462624 bytes,   14815120 total
- age   6:    2228168 bytes,   17043288 total
- age   7:    1529032 bytes,   18572320 total
- age   8:     659224 bytes,   19231544 total
: 109248K->21824K(109248K), 0.0059974 secs] 258642K->172842K(502464K), 0.0060600 secs] [Times: user=0.02 sys=0.00, real=0.01 secs] 
Heap after GC invocations=217 (full 4):
 par new generation   total 109248K, used 21824K [0x00000007a0000000, 0x00000007a8000000, 0x00000007a8000000)
  eden space 87424K,   0% used [0x00000007a0000000, 0x00000007a0000000, 0x00000007a5560000)
  from space 21824K, 100% used [0x00000007a6ab0000, 0x00000007a8000000, 0x00000007a8000000)
  to   space 21824K,   0% used [0x00000007a5560000, 0x00000007a5560000, 0x00000007a6ab0000)
 concurrent mark-sweep generation total 393216K, used 151018K [0x00000007a8000000, 0x00000007c0000000, 0x00000007c0000000)
 Metaspace       used 34171K, capacity 34668K, committed 35088K, reserved 1081344K
  class space    used 3934K, capacity 4071K, committed 4116K, reserved 1048576K
}
2016-10-23T18:05:16.101+0800: 81.105: Total time for which application threads were stopped: 0.0062985 seconds, Stopping threads took: 0.0000759 seconds
{Heap before GC invocations=217 (full 4):
 par new generation   total 109248K, used 109248K [0x00000007a0000000, 0x00000007a8000000, 0x00000007a8000000)
  eden space 87424K, 100% used [0x00000007a0000000, 0x00000007a5560000, 0x00000007a5560000)
  from space 21824K, 100% used [0x00000007a6ab0000, 0x00000007a8000000, 0x00000007a8000000)
  to   space 21824K,   0% used [0x00000007a5560000, 0x00000007a5560000, 0x00000007a6ab0000)
 concurrent mark-sweep generation total 393216K, used 151018K [0x00000007a8000000, 0x00000007c0000000, 0x00000007c0000000)
 Metaspace       used 34171K, capacity 34668K, committed 35088K, reserved 1081344K
  class space    used 3934K, capacity 4071K, committed 4116K, reserved 1048576K
2016-10-23T18:05:16.207+0800: 81.211: [GC (Allocation Failure) 2016-10-23T18:05:16.207+0800: 81.211: [ParNew
Desired survivor size 20112992 bytes, new threshold 8 (max 8)
- age   1:    3390408 bytes,    3390408 total
- age   2:    2102464 bytes,    5492872 total
- age   3:    2552416 bytes,    8045288 total
- age   4:     942160 bytes,    8987448 total
- age   5:    1210696 bytes,   10198144 total
- age   6:    4257928 bytes,   14456072 total
- age   7:    2162520 bytes,   16618592 total
- age   8:    1495960 bytes,   18114552 total
: 109248K->21824K(109248K), 0.0068874 secs] 260266K->177720K(502464K), 0.0069431 secs] [Times: user=0.02 sys=0.00, real=0.01 secs] 
Heap after GC invocations=218 (full 4):
 par new generation   total 109248K, used 21824K [0x00000007a0000000, 0x00000007a8000000, 0x00000007a8000000)
  eden space 87424K,   0% used [0x00000007a0000000, 0x00000007a0000000, 0x00000007a5560000)
  from space 21824K, 100% used [0x00000007a5560000, 0x00000007a6ab0000, 0x00000007a6ab0000)
  to   space 21824K,   0% used [0x00000007a6ab0000, 0x00000007a6ab0000, 0x00000007a8000000)
 concurrent mark-sweep generation total 393216K, used 155896K [0x00000007a8000000, 0x00000007c0000000, 0x00000007c0000000)
 Metaspace       used 34171K, capacity 34668K, committed 35088K, reserved 1081344K
  class space    used 3934K, capacity 4071K, committed 4116K, reserved 1048576K
}
2016-10-23T18:05:16.214+0800: 81.218: Total time for which application threads were stopped: 0.0071874 seconds, Stopping threads took: 0.0000958 seconds
{Heap before GC invocations=218 (full 4):
 par new generation   total 109248K, used 109248K [0x00000007a0000000, 0x00000007a8000000, 0x00000007a8000000)
  eden space 87424K, 100% used [0x00000007a0000000, 0x00000007a5560000, 0x00000007a5560000)
  from space 21824K, 100% used [0x00000007a5560000, 0x00000007a6ab0000, 0x00000007a6ab0000)
  to   space 21824K,   0% used [0x00000007a6ab0000, 0x00000007a6ab0000, 0x00000007a8000000)
 concurrent mark-sweep generation total 393216K, used 155896K [0x00000007a8000000, 0x00000007c0000000, 0x00000007c0000000)
 Metaspace       used 34171K, capacity 34668K, committed 35088K, reserved 1081344K
  class space    used 3934K, capacity 4071K, committed 4116K, reserved 1048576K
2016-10-23T18:05:16.333+0800: 81.337: [GC (Allocation Failure) 2016-10-23T18:05:16.333+0800: 81.337: [ParNew
Desired survivor size 20112992 bytes, new threshold 8 (max 8)
- age   1:    4983224 bytes,    4983224 total
- age   2:    1615336 bytes,    6598560 total
- age   3:    1408800 bytes,    8007360 total
- age   4:    1499144 bytes,    9506504 total
- age   5:     908872 bytes,   10415376 total
- age   6:    1166544 bytes,   11581920 total
- age   7:    4117632 bytes,   15699552 total
- age   8:    1648504 bytes,   17348056 total
: 109248K->21824K(109248K), 0.0070927 secs] 265144K->183155K(502464K), 0.0071544 secs] [Times: user=0.02 sys=0.00, real=0.01 secs] 
Heap after GC invocations=219 (full 4):
 par new generation   total 109248K, used 21824K [0x00000007a0000000, 0x00000007a8000000, 0x00000007a8000000)
  eden space 87424K,   0% used [0x00000007a0000000, 0x00000007a0000000, 0x00000007a5560000)
  from space 21824K, 100% used [0x00000007a6ab0000, 0x00000007a8000000, 0x00000007a8000000)
  to   space 21824K,   0% used [0x00000007a5560000, 0x00000007a5560000, 0x00000007a6ab0000)
 concurrent mark-sweep generation total 393216K, used 161331K [0x00000007a8000000, 0x00000007c0000000, 0x00000007c0000000)
 Metaspace       used 34171K, capacity 34668K, committed 35088K, reserved 1081344K
  class space    used 3934K, capacity 4071K, committed 4116K, reserved 1048576K
}
2016-10-23T18:05:16.340+0800: 81.344: Total time for which application threads were stopped: 0.0073914 seconds, Stopping threads took: 0.0000683 seconds
{Heap before GC invocations=219 (full 4):
 par new generation   total 109248K, used 109248K [0x00000007a0000000, 0x00000007a8000000, 0x00000007a8000000)
  eden space 87424K, 100% used [0x00000007a0000000, 0x00000007a5560000, 0x00000007a5560000)
  from space 21824K, 100% used [0x00000007a6ab0000, 0x00000007a8000000, 0x00000007a8000000)
  to   space 21824K,   0% used [0x00000007a5560000, 0x00000007a5560000, 0x00000007a6ab0000)
 concurrent mark-sweep generation total 393216K, used 161331K [0x00000007a8000000, 0x00000007c0000000, 0x00000007c0000000)
 Metaspace       used 34171K, capacity 34668K, committed 35088K, reserved 1081344K
  class space    used 3934K, capacity 4071K, committed 4116K, reserved 1048576K
2016-10-23T18:05:16.467+0800: 81.471: [GC (Allocation Failure) 2016-10-23T18:05:16.467+0800: 81.471: [ParNew
Desired survivor size 20112992 bytes, new threshold 8 (max 8)
- age   1:    7317384 bytes,    7317384 total
- age   2:    2265424 bytes,    9582808 total
- age   3:    1350520 bytes,   10933328 total
- age   4:    1353696 bytes,   12287024 total
- age   5:    1491776 bytes,   13778800 total
- age   6:     908408 bytes,   14687208 total
- age   7:     469544 bytes,   15156752 total
- age   8:    3268624 bytes,   18425376 total
: 109248K->21824K(109248K), 0.0078255 secs] 270579K->186884K(502464K), 0.0078861 secs] [Times: user=0.02 sys=0.00, real=0.01 secs] 
Heap after GC invocations=220 (full 4):
 par new generation   total 109248K, used 21824K [0x00000007a0000000, 0x00000007a8000000, 0x00000007a8000000)
  eden space 87424K,   0% used [0x00000007a0000000, 0x00000007a0000000, 0x00000007a5560000)
  from space 21824K, 100% used [0x00000007a5560000, 0x00000007a6ab0000, 0x00000007a6ab0000)
  to   space 21824K,   0% used [0x00000007a6ab0000, 0x00000007a6ab0000, 0x00000007a8000000)
 concurrent mark-sweep generation total 393216K, used 165060K [0x00000007a8000000, 0x00000007c0000000, 0x00000007c0000000)
 Metaspace       used 34171K, capacity 34668K, committed 35088K, reserved 1081344K
  class space    used 3934K, capacity 4071K, committed 4116K, reserved 1048576K
}
2016-10-23T18:05:16.475+0800: 81.479: Total time for which application threads were stopped: 0.0080962 seconds, Stopping threads took: 0.0000550 seconds
{Heap before GC invocations=220 (full 4):
 par new generation   total 109248K, used 109248K [0x00000007a0000000, 0x00000007a8000000, 0x00000007a8000000)
  eden space 87424K, 100% used [0x00000007a0000000, 0x00000007a5560000, 0x00000007a5560000)
  from space 21824K, 100% used [0x00000007a5560000, 0x00000007a6ab0000, 0x00000007a6ab0000)
  to   space 21824K,   0% used [0x00000007a6ab0000, 0x00000007a6ab0000, 0x00000007a8000000)
 concurrent mark-sweep generation total 393216K, used 165060K [0x00000007a8000000, 0x00000007c0000000, 0x00000007c0000000)
 Metaspace       used 34171K, capacity 34668K, committed 35088K, reserved 1081344K
  class space    used 3934K, capacity 4071K, committed 4116K, reserved 1048576K
2016-10-23T18:05:16.603+0800: 81.606: [GC (Allocation Failure) 2016-10-23T18:05:16.603+0800: 81.606: [ParNew
Desired survivor size 20112992 bytes, new threshold 8 (max 8)
- age   1:    7309352 bytes,    7309352 total
- age   2:    4264840 bytes,   11574192 total
- age   3:    1734928 bytes,   13309120 total
- age   4:    1232536 bytes,   14541656 total
- age   5:    1265280 bytes,   15806936 total
- age   6:    1465040 bytes,   17271976 total
- age   7:     905560 bytes,   18177536 total
- age   8:     466440 bytes,   18643976 total
: 109248K->21824K(109248K), 0.0081572 secs] 274308K->191111K(502464K), 0.0082286 secs] [Times: user=0.03 sys=0.00, real=0.01 secs] 
Heap after GC invocations=221 (full 4):
 par new generation   total 109248K, used 21824K [0x00000007a0000000, 0x00000007a8000000, 0x00000007a8000000)
  eden space 87424K,   0% used [0x00000007a0000000, 0x00000007a0000000, 0x00000007a5560000)
  from space 21824K, 100% used [0x00000007a6ab0000, 0x00000007a8000000, 0x00000007a8000000)
  to   space 21824K,   0% used [0x00000007a5560000, 0x00000007a5560000, 0x00000007a6ab0000)
 concurrent mark-sweep generation total 393216K, used 169287K [0x00000007a8000000, 0x00000007c0000000, 0x00000007c0000000)
 Metaspace       used 34171K, capacity 34668K, committed 35088K, reserved 1081344K
  class space    used 3934K, capacity 4071K, committed 4116K, reserved 1048576K
}
2016-10-23T18:05:16.611+0800: 81.615: Total time for which application threads were stopped: 0.0084179 seconds, Stopping threads took: 0.0000228 seconds
2016-10-23T18:05:16.696+0800: 81.700: Total time for which application threads were stopped: 0.0002747 seconds, Stopping threads took: 0.0000849 seconds
{Heap before GC invocations=221 (full 4):
 par new generation   total 109248K, used 109248K [0x00000007a0000000, 0x00000007a8000000, 0x00000007a8000000)
  eden space 87424K, 100% used [0x00000007a0000000, 0x00000007a5560000, 0x00000007a5560000)
  from space 21824K, 100% used [0x00000007a6ab0000, 0x00000007a8000000, 0x00000007a8000000)
  to   space 21824K,   0% used [0x00000007a5560000, 0x00000007a5560000, 0x00000007a6ab0000)
 concurrent mark-sweep generation total 393216K, used 169287K [0x00000007a8000000, 0x00000007c0000000, 0x00000007c0000000)
 Metaspace       used 34172K, capacity 34668K, committed 35088K, reserved 1081344K
  class space    used 3934K, capacity 4071K, committed 4116K, reserved 1048576K
2016-10-23T18:05:16.733+0800: 81.736: [GC (Allocation Failure) 2016-10-23T18:05:16.733+0800: 81.736: [ParNew
Desired survivor size 20112992 bytes, new threshold 7 (max 8)
- age   1:    9631824 bytes,    9631824 total
- age   2:    2174232 bytes,   11806056 total
- age   3:    3496632 bytes,   15302688 total
- age   4:    1188296 bytes,   16490984 total
- age   5:    1112576 bytes,   17603560 total
- age   6:    1161304 bytes,   18764864 total
- age   7:    1382576 bytes,   20147440 total
- age   8:     766888 bytes,   20914328 total
: 109248K->21824K(109248K), 0.0081683 secs] 278535K->194723K(502464K), 0.0082248 secs] [Times: user=0.03 sys=0.00, real=0.01 secs] 
Heap after GC invocations=222 (full 4):
 par new generation   total 109248K, used 21824K [0x00000007a0000000, 0x00000007a8000000, 0x00000007a8000000)
  eden space 87424K,   0% used [0x00000007a0000000, 0x00000007a0000000, 0x00000007a5560000)
  from space 21824K, 100% used [0x00000007a5560000, 0x00000007a6ab0000, 0x00000007a6ab0000)
  to   space 21824K,   0% used [0x00000007a6ab0000, 0x00000007a6ab0000, 0x00000007a8000000)
 concurrent mark-sweep generation total 393216K, used 172899K [0x00000007a8000000, 0x00000007c0000000, 0x00000007c0000000)
 Metaspace       used 34172K, capacity 34668K, committed 35088K, reserved 1081344K
  class space    used 3934K, capacity 4071K, committed 4116K, reserved 1048576K
}
2016-10-23T18:05:16.741+0800: 81.745: Total time for which application threads were stopped: 0.0084876 seconds, Stopping threads took: 0.0000864 seconds
{Heap before GC invocations=222 (full 4):
 par new generation   total 109248K, used 109248K [0x00000007a0000000, 0x00000007a8000000, 0x00000007a8000000)
  eden space 87424K, 100% used [0x00000007a0000000, 0x00000007a5560000, 0x00000007a5560000)
  from space 21824K, 100% used [0x00000007a5560000, 0x00000007a6ab0000, 0x00000007a6ab0000)
  to   space 21824K,   0% used [0x00000007a6ab0000, 0x00000007a6ab0000, 0x00000007a8000000)
 concurrent mark-sweep generation total 393216K, used 172899K [0x00000007a8000000, 0x00000007c0000000, 0x00000007c0000000)
 Metaspace       used 34172K, capacity 34668K, committed 35088K, reserved 1081344K
  class space    used 3934K, capacity 4071K, committed 4116K, reserved 1048576K
2016-10-23T18:05:16.829+0800: 81.833: [GC (Allocation Failure) 2016-10-23T18:05:16.829+0800: 81.833: [ParNew
Desired survivor size 20112992 bytes, new threshold 8 (max 8)
- age   1:    1218296 bytes,    1218296 total
- age   2:    7801632 bytes,    9019928 total
- age   3:    2173608 bytes,   11193536 total
- age   4:    3496232 bytes,   14689768 total
- age   5:    1188216 bytes,   15877984 total
- age   6:    1112576 bytes,   16990560 total
- age   7:    1161304 bytes,   18151864 total
: 109248K->21824K(109248K), 0.0067519 secs] 282147K->199053K(502464K), 0.0068068 secs] [Times: user=0.02 sys=0.00, real=0.01 secs] 
Heap after GC invocations=223 (full 4):
 par new generation   total 109248K, used 21824K [0x00000007a0000000, 0x00000007a8000000, 0x00000007a8000000)
  eden space 87424K,   0% used [0x00000007a0000000, 0x00000007a0000000, 0x00000007a5560000)
  from space 21824K, 100% used [0x00000007a6ab0000, 0x00000007a8000000, 0x00000007a8000000)
  to   space 21824K,   0% used [0x00000007a5560000, 0x00000007a5560000, 0x00000007a6ab0000)
 concurrent mark-sweep generation total 393216K, used 177229K [0x00000007a8000000, 0x00000007c0000000, 0x00000007c0000000)
 Metaspace       used 34172K, capacity 34668K, committed 35088K, reserved 1081344K
  class space    used 3934K, capacity 4071K, committed 4116K, reserved 1048576K
}
2016-10-23T18:05:16.836+0800: 81.839: Total time for which application threads were stopped: 0.0070508 seconds, Stopping threads took: 0.0000677 seconds
2016-10-23T18:05:16.893+0800: 81.897: Total time for which application threads were stopped: 0.0002000 seconds, Stopping threads took: 0.0001130 seconds
2016-10-23T18:05:16.902+0800: 81.906: Total time for which application threads were stopped: 0.0002444 seconds, Stopping threads took: 0.0001500 seconds
2016-10-23T18:05:16.902+0800: 81.906: Total time for which application threads were stopped: 0.0001493 seconds, Stopping threads took: 0.0000799 seconds
2016-10-23T18:05:16.903+0800: 81.906: Total time for which application threads were stopped: 0.0002180 seconds, Stopping threads took: 0.0001412 seconds
2016-10-23T18:05:16.903+0800: 81.907: Total time for which application threads were stopped: 0.0001539 seconds, Stopping threads took: 0.0000900 seconds
2016-10-23T18:05:16.903+0800: 81.907: Total time for which application threads were stopped: 0.0001767 seconds, Stopping threads took: 0.0001231 seconds
2016-10-23T18:05:16.904+0800: 81.907: Total time for which application threads were stopped: 0.0001154 seconds, Stopping threads took: 0.0000623 seconds
{Heap before GC invocations=223 (full 4):
 par new generation   total 109248K, used 109248K [0x00000007a0000000, 0x00000007a8000000, 0x00000007a8000000)
  eden space 87424K, 100% used [0x00000007a0000000, 0x00000007a5560000, 0x00000007a5560000)
  from space 21824K, 100% used [0x00000007a6ab0000, 0x00000007a8000000, 0x00000007a8000000)
  to   space 21824K,   0% used [0x00000007a5560000, 0x00000007a5560000, 0x00000007a6ab0000)
 concurrent mark-sweep generation total 393216K, used 177229K [0x00000007a8000000, 0x00000007c0000000, 0x00000007c0000000)
 Metaspace       used 34273K, capacity 34764K, committed 35088K, reserved 1081344K
  class space    used 3944K, capacity 4103K, committed 4116K, reserved 1048576K
2016-10-23T18:05:16.904+0800: 81.908: [GC (Allocation Failure) 2016-10-23T18:05:16.904+0800: 81.908: [ParNew
Desired survivor size 20112992 bytes, new threshold 8 (max 8)
- age   1:    2572184 bytes,    2572184 total
- age   2:     468608 bytes,    3040792 total
- age   3:    6786760 bytes,    9827552 total
- age   4:    1996256 bytes,   11823808 total
- age   5:    3344592 bytes,   15168400 total
- age   6:    1060080 bytes,   16228480 total
- age   7:    1024056 bytes,   17252536 total
- age   8:    1073256 bytes,   18325792 total
: 109248K->21824K(109248K), 0.0072659 secs] 286477K->199995K(502464K), 0.0073309 secs] [Times: user=0.03 sys=0.00, real=0.01 secs] 
Heap after GC invocations=224 (full 4):
 par new generation   total 109248K, used 21824K [0x00000007a0000000, 0x00000007a8000000, 0x00000007a8000000)
  eden space 87424K,   0% used [0x00000007a0000000, 0x00000007a0000000, 0x00000007a5560000)
  from space 21824K, 100% used [0x00000007a5560000, 0x00000007a6ab0000, 0x00000007a6ab0000)
  to   space 21824K,   0% used [0x00000007a6ab0000, 0x00000007a6ab0000, 0x00000007a8000000)
 concurrent mark-sweep generation total 393216K, used 178171K [0x00000007a8000000, 0x00000007c0000000, 0x00000007c0000000)
 Metaspace       used 34273K, capacity 34764K, committed 35088K, reserved 1081344K
  class space    used 3944K, capacity 4103K, committed 4116K, reserved 1048576K
}
2016-10-23T18:05:16.911+0800: 81.915: Total time for which application threads were stopped: 0.0078023 seconds, Stopping threads took: 0.0003435 seconds
2016-10-23T18:05:16.912+0800: 81.916: Total time for which application threads were stopped: 0.0001552 seconds, Stopping threads took: 0.0000781 seconds
2016-10-23T18:05:16.915+0800: 81.919: Total time for which application threads were stopped: 0.0001628 seconds, Stopping threads took: 0.0000911 seconds
2016-10-23T18:05:16.916+0800: 81.920: Total time for which application threads were stopped: 0.0002721 seconds, Stopping threads took: 0.0000737 seconds
2016-10-23T18:05:16.948+0800: 81.951: Total time for which application threads were stopped: 0.0001625 seconds, Stopping threads took: 0.0000876 seconds
2016-10-23T18:05:16.948+0800: 81.952: Total time for which application threads were stopped: 0.0001448 seconds, Stopping threads took: 0.0000533 seconds
2016-10-23T18:05:16.948+0800: 81.952: Total time for which application threads were stopped: 0.0001139 seconds, Stopping threads took: 0.0000612 seconds
2016-10-23T18:05:16.948+0800: 81.952: Total time for which application threads were stopped: 0.0001055 seconds, Stopping threads took: 0.0000653 seconds
2016-10-23T18:05:16.948+0800: 81.952: Total time for which application threads were stopped: 0.0000939 seconds, Stopping threads took: 0.0000441 seconds
2016-10-23T18:05:16.948+0800: 81.952: Total time for which application threads were stopped: 0.0000435 seconds, Stopping threads took: 0.0000066 seconds
2016-10-23T18:05:16.948+0800: 81.952: Total time for which application threads were stopped: 0.0000762 seconds, Stopping threads took: 0.0000378 seconds
2016-10-23T18:05:16.948+0800: 81.952: Total time for which application threads were stopped: 0.0000933 seconds, Stopping threads took: 0.0000506 seconds
2016-10-23T18:05:16.949+0800: 81.953: Total time for which application threads were stopped: 0.0001120 seconds, Stopping threads took: 0.0000618 seconds
2016-10-23T18:05:16.949+0800: 81.953: Total time for which application threads were stopped: 0.0001165 seconds, Stopping threads took: 0.0000664 seconds
2016-10-23T18:05:16.949+0800: 81.953: Total time for which application threads were stopped: 0.0001173 seconds, Stopping threads took: 0.0000733 seconds
2016-10-23T18:05:16.949+0800: 81.953: Total time for which application threads were stopped: 0.0000996 seconds, Stopping threads took: 0.0000611 seconds
2016-10-23T18:05:16.949+0800: 81.953: Total time for which application threads were stopped: 0.0000928 seconds, Stopping threads took: 0.0000501 seconds
2016-10-23T18:05:16.949+0800: 81.953: Total time for which application threads were stopped: 0.0000980 seconds, Stopping threads took: 0.0000606 seconds
2016-10-23T18:05:16.949+0800: 81.953: Total time for which application threads were stopped: 0.0000735 seconds, Stopping threads took: 0.0000367 seconds
2016-10-23T18:05:16.950+0800: 81.953: Total time for which application threads were stopped: 0.0000795 seconds, Stopping threads took: 0.0000428 seconds
2016-10-23T18:05:16.950+0800: 81.954: Total time for which application threads were stopped: 0.0001026 seconds, Stopping threads took: 0.0000649 seconds
2016-10-23T18:05:16.950+0800: 81.954: Total time for which application threads were stopped: 0.0000974 seconds, Stopping threads took: 0.0000543 seconds
2016-10-23T18:05:16.950+0800: 81.954: Total time for which application threads were stopped: 0.0001236 seconds, Stopping threads took: 0.0000715 seconds
2016-10-23T18:05:16.951+0800: 81.955: Total time for which application threads were stopped: 0.0008680 seconds, Stopping threads took: 0.0008231 seconds
2016-10-23T18:05:16.951+0800: 81.955: Total time for which application threads were stopped: 0.0002163 seconds, Stopping threads took: 0.0000536 seconds
2016-10-23T18:05:16.951+0800: 81.955: Total time for which application threads were stopped: 0.0000986 seconds, Stopping threads took: 0.0000558 seconds
2016-10-23T18:05:16.953+0800: 81.957: Total time for which application threads were stopped: 0.0001411 seconds, Stopping threads took: 0.0000886 seconds
2016-10-23T18:05:16.953+0800: 81.957: Total time for which application threads were stopped: 0.0000497 seconds, Stopping threads took: 0.0000082 seconds
2016-10-23T18:05:16.953+0800: 81.957: Total time for which application threads were stopped: 0.0001154 seconds, Stopping threads took: 0.0000707 seconds
2016-10-23T18:05:16.954+0800: 81.958: Total time for which application threads were stopped: 0.0001104 seconds, Stopping threads took: 0.0000598 seconds
2016-10-23T18:05:16.955+0800: 81.959: Total time for which application threads were stopped: 0.0001382 seconds, Stopping threads took: 0.0000912 seconds
2016-10-23T18:05:16.955+0800: 81.959: Total time for which application threads were stopped: 0.0001005 seconds, Stopping threads took: 0.0000540 seconds
2016-10-23T18:05:16.955+0800: 81.959: Total time for which application threads were stopped: 0.0000870 seconds, Stopping threads took: 0.0000478 seconds
2016-10-23T18:05:16.958+0800: 81.962: Total time for which application threads were stopped: 0.0001445 seconds, Stopping threads took: 0.0000837 seconds
2016-10-23T18:05:16.959+0800: 81.963: Total time for which application threads were stopped: 0.0001188 seconds, Stopping threads took: 0.0000638 seconds
2016-10-23T18:05:16.959+0800: 81.963: Total time for which application threads were stopped: 0.0001256 seconds, Stopping threads took: 0.0000751 seconds
2016-10-23T18:05:16.959+0800: 81.963: Total time for which application threads were stopped: 0.0001026 seconds, Stopping threads took: 0.0000577 seconds
2016-10-23T18:05:16.959+0800: 81.963: Total time for which application threads were stopped: 0.0001563 seconds, Stopping threads took: 0.0000843 seconds
2016-10-23T18:05:17.038+0800: 82.042: Total time for which application threads were stopped: 0.0001903 seconds, Stopping threads took: 0.0000789 seconds
{Heap before GC invocations=224 (full 4):
 par new generation   total 109248K, used 109248K [0x00000007a0000000, 0x00000007a8000000, 0x00000007a8000000)
  eden space 87424K, 100% used [0x00000007a0000000, 0x00000007a5560000, 0x00000007a5560000)
  from space 21824K, 100% used [0x00000007a5560000, 0x00000007a6ab0000, 0x00000007a6ab0000)
  to   space 21824K,   0% used [0x00000007a6ab0000, 0x00000007a6ab0000, 0x00000007a8000000)
 concurrent mark-sweep generation total 393216K, used 178172K [0x00000007a8000000, 0x00000007c0000000, 0x00000007c0000000)
 Metaspace       used 35107K, capacity 35632K, committed 35984K, reserved 1081344K
  class space    used 4023K, capacity 4175K, committed 4244K, reserved 1048576K
2016-10-23T18:05:17.038+0800: 82.042: [GC (Allocation Failure) 2016-10-23T18:05:17.038+0800: 82.042: [ParNew
Desired survivor size 20112992 bytes, new threshold 7 (max 8)
- age   1:    6534880 bytes,    6534880 total
- age   2:    1569216 bytes,    8104096 total
- age   3:     447952 bytes,    8552048 total
- age   4:    6512944 bytes,   15064992 total
- age   5:    1825296 bytes,   16890288 total
- age   6:    2958088 bytes,   19848376 total
- age   7:     767728 bytes,   20616104 total
- age   8:     308712 bytes,   20924816 total
: 109248K->21824K(109248K), 0.0071329 secs] 287420K->203478K(502464K), 0.0071847 secs] [Times: user=0.02 sys=0.00, real=0.01 secs] 
Heap after GC invocations=225 (full 4):
 par new generation   total 109248K, used 21824K [0x00000007a0000000, 0x00000007a8000000, 0x00000007a8000000)
  eden space 87424K,   0% used [0x00000007a0000000, 0x00000007a0000000, 0x00000007a5560000)
  from space 21824K, 100% used [0x00000007a6ab0000, 0x00000007a8000000, 0x00000007a8000000)
  to   space 21824K,   0% used [0x00000007a5560000, 0x00000007a5560000, 0x00000007a6ab0000)
 concurrent mark-sweep generation total 393216K, used 181654K [0x00000007a8000000, 0x00000007c0000000, 0x00000007c0000000)
 Metaspace       used 35107K, capacity 35632K, committed 35984K, reserved 1081344K
  class space    used 4023K, capacity 4175K, committed 4244K, reserved 1048576K
}
2016-10-23T18:05:17.046+0800: 82.050: Total time for which application threads were stopped: 0.0073923 seconds, Stopping threads took: 0.0000622 seconds
{Heap before GC invocations=225 (full 4):
 par new generation   total 109248K, used 22105K [0x00000007a0000000, 0x00000007a8000000, 0x00000007a8000000)
  eden space 87424K,   0% used [0x00000007a0000000, 0x00000007a0046738, 0x00000007a5560000)
  from space 21824K, 100% used [0x00000007a6ab0000, 0x00000007a8000000, 0x00000007a8000000)
  to   space 21824K,   0% used [0x00000007a5560000, 0x00000007a5560000, 0x00000007a6ab0000)
 concurrent mark-sweep generation total 393216K, used 181654K [0x00000007a8000000, 0x00000007c0000000, 0x00000007c0000000)
 Metaspace       used 35107K, capacity 35632K, committed 35984K, reserved 1081344K
  class space    used 4023K, capacity 4175K, committed 4244K, reserved 1048576K
2016-10-23T18:05:17.046+0800: 82.050: [GC (GCLocker Initiated GC) 2016-10-23T18:05:17.046+0800: 82.050: [ParNew
Desired survivor size 20112992 bytes, new threshold 8 (max 8)
- age   1:       5040 bytes,       5040 total
- age   2:    6109640 bytes,    6114680 total
- age   3:    1462112 bytes,    7576792 total
- age   4:     441280 bytes,    8018072 total
- age   5:    5894480 bytes,   13912552 total
- age   6:    1803064 bytes,   15715616 total
- age   7:    2938464 bytes,   18654080 total
: 22105K->21824K(109248K), 0.0058613 secs] 203759K->205706K(502464K), 0.0059082 secs] [Times: user=0.02 sys=0.00, real=0.01 secs] 
Heap after GC invocations=226 (full 4):
 par new generation   total 109248K, used 21824K [0x00000007a0000000, 0x00000007a8000000, 0x00000007a8000000)
  eden space 87424K,   0% used [0x00000007a0000000, 0x00000007a0000000, 0x00000007a5560000)
  from space 21824K, 100% used [0x00000007a5560000, 0x00000007a6ab0000, 0x00000007a6ab0000)
  to   space 21824K,   0% used [0x00000007a6ab0000, 0x00000007a6ab0000, 0x00000007a8000000)
 concurrent mark-sweep generation total 393216K, used 183882K [0x00000007a8000000, 0x00000007c0000000, 0x00000007c0000000)
 Metaspace       used 35107K, capacity 35632K, committed 35984K, reserved 1081344K
  class space    used 4023K, capacity 4175K, committed 4244K, reserved 1048576K
}
2016-10-23T18:05:17.052+0800: 82.056: Total time for which application threads were stopped: 0.0060990 seconds, Stopping threads took: 0.0000593 seconds
2016-10-23T18:05:17.142+0800: 82.146: Total time for which application threads were stopped: 0.0008071 seconds, Stopping threads took: 0.0001836 seconds
{Heap before GC invocations=226 (full 4):
 par new generation   total 109248K, used 109248K [0x00000007a0000000, 0x00000007a8000000, 0x00000007a8000000)
  eden space 87424K, 100% used [0x00000007a0000000, 0x00000007a5560000, 0x00000007a5560000)
  from space 21824K, 100% used [0x00000007a5560000, 0x00000007a6ab0000, 0x00000007a6ab0000)
  to   space 21824K,   0% used [0x00000007a6ab0000, 0x00000007a6ab0000, 0x00000007a8000000)
 concurrent mark-sweep generation total 393216K, used 183882K [0x00000007a8000000, 0x00000007c0000000, 0x00000007c0000000)
 Metaspace       used 35793K, capacity 36380K, committed 36624K, reserved 1081344K
  class space    used 4101K, capacity 4273K, committed 4372K, reserved 1048576K
2016-10-23T18:05:17.144+0800: 82.148: [GC (Allocation Failure) 2016-10-23T18:05:17.144+0800: 82.148: [ParNew
Desired survivor size 20112992 bytes, new threshold 8 (max 8)
- age   1:    3812608 bytes,    3812608 total
- age   3:    4200960 bytes,    8013568 total
- age   4:    1418864 bytes,    9432432 total
- age   5:     408160 bytes,    9840592 total
- age   6:    5672776 bytes,   15513368 total
- age   7:    1253744 bytes,   16767112 total
- age   8:    2417656 bytes,   19184768 total
: 109248K->21824K(109248K), 0.0068910 secs] 293130K->207815K(502464K), 0.0069523 secs] [Times: user=0.03 sys=0.01, real=0.01 secs] 
Heap after GC invocations=227 (full 4):
 par new generation   total 109248K, used 21824K [0x00000007a0000000, 0x00000007a8000000, 0x00000007a8000000)
  eden space 87424K,   0% used [0x00000007a0000000, 0x00000007a0000000, 0x00000007a5560000)
  from space 21824K, 100% used [0x00000007a6ab0000, 0x00000007a8000000, 0x00000007a8000000)
  to   space 21824K,   0% used [0x00000007a5560000, 0x00000007a5560000, 0x00000007a6ab0000)
 concurrent mark-sweep generation total 393216K, used 185991K [0x00000007a8000000, 0x00000007c0000000, 0x00000007c0000000)
 Metaspace       used 35793K, capacity 36380K, committed 36624K, reserved 1081344K
  class space    used 4101K, capacity 4273K, committed 4372K, reserved 1048576K
}
2016-10-23T18:05:17.151+0800: 82.155: Total time for which application threads were stopped: 0.0072117 seconds, Stopping threads took: 0.0000820 seconds
{Heap before GC invocations=227 (full 4):
 par new generation   total 109248K, used 109248K [0x00000007a0000000, 0x00000007a8000000, 0x00000007a8000000)
  eden space 87424K, 100% used [0x00000007a0000000, 0x00000007a5560000, 0x00000007a5560000)
  from space 21824K, 100% used [0x00000007a6ab0000, 0x00000007a8000000, 0x00000007a8000000)
  to   space 21824K,   0% used [0x00000007a5560000, 0x00000007a5560000, 0x00000007a6ab0000)
 concurrent mark-sweep generation total 393216K, used 185991K [0x00000007a8000000, 0x00000007c0000000, 0x00000007c0000000)
 Metaspace       used 35994K, capacity 36608K, committed 36880K, reserved 1081344K
  class space    used 4112K, capacity 4279K, committed 4372K, reserved 1048576K
2016-10-23T18:05:17.259+0800: 82.263: [GC (Allocation Failure) 2016-10-23T18:05:17.259+0800: 82.263: [ParNew
Desired survivor size 20112992 bytes, new threshold 8 (max 8)
- age   1:    5704424 bytes,    5704424 total
- age   2:    1943296 bytes,    7647720 total
- age   4:    3899472 bytes,   11547192 total
- age   5:    1045088 bytes,   12592280 total
- age   6:     394384 bytes,   12986664 total
- age   7:    5672696 bytes,   18659360 total
- age   8:    1253744 bytes,   19913104 total
: 109248K->21824K(109248K), 0.0089394 secs] 295239K->210513K(502464K), 0.0089962 secs] [Times: user=0.03 sys=0.00, real=0.01 secs] 
Heap after GC invocations=228 (full 4):
 par new generation   total 109248K, used 21824K [0x00000007a0000000, 0x00000007a8000000, 0x00000007a8000000)
  eden space 87424K,   0% used [0x00000007a0000000, 0x00000007a0000000, 0x00000007a5560000)
  from space 21824K, 100% used [0x00000007a5560000, 0x00000007a6ab0000, 0x00000007a6ab0000)
  to   space 21824K,   0% used [0x00000007a6ab0000, 0x00000007a6ab0000, 0x00000007a8000000)
 concurrent mark-sweep generation total 393216K, used 188689K [0x00000007a8000000, 0x00000007c0000000, 0x00000007c0000000)
 Metaspace       used 35994K, capacity 36608K, committed 36880K, reserved 1081344K
  class space    used 4112K, capacity 4279K, committed 4372K, reserved 1048576K
}
2016-10-23T18:05:17.268+0800: 82.272: Total time for which application threads were stopped: 0.0093029 seconds, Stopping threads took: 0.0001162 seconds
{Heap before GC invocations=228 (full 4):
 par new generation   total 109248K, used 109248K [0x00000007a0000000, 0x00000007a8000000, 0x00000007a8000000)
  eden space 87424K, 100% used [0x00000007a0000000, 0x00000007a5560000, 0x00000007a5560000)
  from space 21824K, 100% used [0x00000007a5560000, 0x00000007a6ab0000, 0x00000007a6ab0000)
  to   space 21824K,   0% used [0x00000007a6ab0000, 0x00000007a6ab0000, 0x00000007a8000000)
 concurrent mark-sweep generation total 393216K, used 188689K [0x00000007a8000000, 0x00000007c0000000, 0x00000007c0000000)
 Metaspace       used 35994K, capacity 36608K, committed 36880K, reserved 1081344K
  class space    used 4112K, capacity 4279K, committed 4372K, reserved 1048576K
2016-10-23T18:05:17.322+0800: 82.326: [GC (Allocation Failure) 2016-10-23T18:05:17.322+0800: 82.326: [ParNew
Desired survivor size 20112992 bytes, new threshold 8 (max 8)
- age   1:    3815744 bytes,    3815744 total
- age   2:    3450960 bytes,    7266704 total
- age   3:    1887672 bytes,    9154376 total
- age   5:    3879160 bytes,   13033536 total
- age   6:    1026584 bytes,   14060120 total
- age   7:     394256 bytes,   14454376 total
- age   8:    5455696 bytes,   19910072 total
: 109248K->21824K(109248K), 0.0071556 secs] 297937K->212026K(502464K), 0.0072046 secs] [Times: user=0.02 sys=0.00, real=0.00 secs] 
Heap after GC invocations=229 (full 4):
 par new generation   total 109248K, used 21824K [0x00000007a0000000, 0x00000007a8000000, 0x00000007a8000000)
  eden space 87424K,   0% used [0x00000007a0000000, 0x00000007a0000000, 0x00000007a5560000)
  from space 21824K, 100% used [0x00000007a6ab0000, 0x00000007a8000000, 0x00000007a8000000)
  to   space 21824K,   0% used [0x00000007a5560000, 0x00000007a5560000, 0x00000007a6ab0000)
 concurrent mark-sweep generation total 393216K, used 190202K [0x00000007a8000000, 0x00000007c0000000, 0x00000007c0000000)
 Metaspace       used 35994K, capacity 36608K, committed 36880K, reserved 1081344K
  class space    used 4112K, capacity 4279K, committed 4372K, reserved 1048576K
}
2016-10-23T18:05:17.329+0800: 82.333: Total time for which application threads were stopped: 0.0074805 seconds, Stopping threads took: 0.0000969 seconds
{Heap before GC invocations=229 (full 4):
 par new generation   total 109248K, used 109248K [0x00000007a0000000, 0x00000007a8000000, 0x00000007a8000000)
  eden space 87424K, 100% used [0x00000007a0000000, 0x00000007a5560000, 0x00000007a5560000)
  from space 21824K, 100% used [0x00000007a6ab0000, 0x00000007a8000000, 0x00000007a8000000)
  to   space 21824K,   0% used [0x00000007a5560000, 0x00000007a5560000, 0x00000007a6ab0000)
 concurrent mark-sweep generation total 393216K, used 190202K [0x00000007a8000000, 0x00000007c0000000, 0x00000007c0000000)
 Metaspace       used 35994K, capacity 36608K, committed 36880K, reserved 1081344K
  class space    used 4112K, capacity 4279K, committed 4372K, reserved 1048576K
2016-10-23T18:05:17.397+0800: 82.401: [GC (Allocation Failure) 2016-10-23T18:05:17.397+0800: 82.401: [ParNew
Desired survivor size 20112992 bytes, new threshold 8 (max 8)
- age   1:    4676048 bytes,    4676048 total
- age   2:    1216592 bytes,    5892640 total
- age   3:    3271048 bytes,    9163688 total
- age   4:    1819320 bytes,   10983008 total
- age   6:    3797840 bytes,   14780848 total
- age   7:    1025128 bytes,   15805976 total
- age   8:     390944 bytes,   16196920 total
: 109248K->21824K(109248K), 0.0072795 secs] 299450K->217608K(502464K), 0.0073447 secs] [Times: user=0.03 sys=0.00, real=0.01 secs] 
Heap after GC invocations=230 (full 4):
 par new generation   total 109248K, used 21824K [0x00000007a0000000, 0x00000007a8000000, 0x00000007a8000000)
  eden space 87424K,   0% used [0x00000007a0000000, 0x00000007a0000000, 0x00000007a5560000)
  from space 21824K, 100% used [0x00000007a5560000, 0x00000007a6ab0000, 0x00000007a6ab0000)
  to   space 21824K,   0% used [0x00000007a6ab0000, 0x00000007a6ab0000, 0x00000007a8000000)
 concurrent mark-sweep generation total 393216K, used 195784K [0x00000007a8000000, 0x00000007c0000000, 0x00000007c0000000)
 Metaspace       used 35994K, capacity 36608K, committed 36880K, reserved 1081344K
  class space    used 4112K, capacity 4279K, committed 4372K, reserved 1048576K
}
2016-10-23T18:05:17.404+0800: 82.408: Total time for which application threads were stopped: 0.0075913 seconds, Stopping threads took: 0.0000662 seconds
{Heap before GC invocations=230 (full 4):
 par new generation   total 109248K, used 109248K [0x00000007a0000000, 0x00000007a8000000, 0x00000007a8000000)
  eden space 87424K, 100% used [0x00000007a0000000, 0x00000007a5560000, 0x00000007a5560000)
  from space 21824K, 100% used [0x00000007a5560000, 0x00000007a6ab0000, 0x00000007a6ab0000)
  to   space 21824K,   0% used [0x00000007a6ab0000, 0x00000007a6ab0000, 0x00000007a8000000)
 concurrent mark-sweep generation total 393216K, used 195784K [0x00000007a8000000, 0x00000007c0000000, 0x00000007c0000000)
 Metaspace       used 35994K, capacity 36608K, committed 36880K, reserved 1081344K
  class space    used 4112K, capacity 4279K, committed 4372K, reserved 1048576K
2016-10-23T18:05:17.481+0800: 82.485: [GC (Allocation Failure) 2016-10-23T18:05:17.481+0800: 82.485: [ParNew
Desired survivor size 20112992 bytes, new threshold 8 (max 8)
- age   1:    6302936 bytes,    6302936 total
- age   2:    1596456 bytes,    7899392 total
- age   3:    1187760 bytes,    9087152 total
- age   4:    2843128 bytes,   11930280 total
- age   5:    1770208 bytes,   13700488 total
- age   7:    3797888 bytes,   17498376 total
- age   8:    1025128 bytes,   18523504 total
: 109248K->21561K(109248K), 0.0063605 secs] 305032K->217739K(502464K), 0.0064255 secs] [Times: user=0.02 sys=0.00, real=0.00 secs] 
Heap after GC invocations=231 (full 4):
 par new generation   total 109248K, used 21561K [0x00000007a0000000, 0x00000007a8000000, 0x00000007a8000000)
  eden space 87424K,   0% used [0x00000007a0000000, 0x00000007a0000000, 0x00000007a5560000)
  from space 21824K,  98% used [0x00000007a6ab0000, 0x00000007a7fbe7c0, 0x00000007a8000000)
  to   space 21824K,   0% used [0x00000007a5560000, 0x00000007a5560000, 0x00000007a6ab0000)
 concurrent mark-sweep generation total 393216K, used 196177K [0x00000007a8000000, 0x00000007c0000000, 0x00000007c0000000)
 Metaspace       used 35994K, capacity 36608K, committed 36880K, reserved 1081344K
  class space    used 4112K, capacity 4279K, committed 4372K, reserved 1048576K
}
2016-10-23T18:05:17.487+0800: 82.491: Total time for which application threads were stopped: 0.0066673 seconds, Stopping threads took: 0.0000914 seconds
{Heap before GC invocations=231 (full 4):
 par new generation   total 109248K, used 108985K [0x00000007a0000000, 0x00000007a8000000, 0x00000007a8000000)
  eden space 87424K, 100% used [0x00000007a0000000, 0x00000007a5560000, 0x00000007a5560000)
  from space 21824K,  98% used [0x00000007a6ab0000, 0x00000007a7fbe7c0, 0x00000007a8000000)
  to   space 21824K,   0% used [0x00000007a5560000, 0x00000007a5560000, 0x00000007a6ab0000)
 concurrent mark-sweep generation total 393216K, used 196177K [0x00000007a8000000, 0x00000007c0000000, 0x00000007c0000000)
 Metaspace       used 35994K, capacity 36608K, committed 36880K, reserved 1081344K
  class space    used 4112K, capacity 4279K, committed 4372K, reserved 1048576K
2016-10-23T18:05:17.538+0800: 82.542: [GC (Allocation Failure) 2016-10-23T18:05:17.538+0800: 82.542: [ParNew
Desired survivor size 20112992 bytes, new threshold 8 (max 8)
- age   1:    2710744 bytes,    2710744 total
- age   2:    5064232 bytes,    7774976 total
- age   3:    1532928 bytes,    9307904 total
- age   4:    1154264 bytes,   10462168 total
- age   5:    2793992 bytes,   13256160 total
- age   6:    1704632 bytes,   14960792 total
- age   8:    3797832 bytes,   18758624 total
: 108985K->21824K(109248K), 0.0063954 secs] 305163K->219014K(502464K), 0.0064684 secs] [Times: user=0.02 sys=0.01, real=0.01 secs] 
Heap after GC invocations=232 (full 4):
 par new generation   total 109248K, used 21824K [0x00000007a0000000, 0x00000007a8000000, 0x00000007a8000000)
  eden space 87424K,   0% used [0x00000007a0000000, 0x00000007a0000000, 0x00000007a5560000)
  from space 21824K, 100% used [0x00000007a5560000, 0x00000007a6ab0000, 0x00000007a6ab0000)
  to   space 21824K,   0% used [0x00000007a6ab0000, 0x00000007a6ab0000, 0x00000007a8000000)
 concurrent mark-sweep generation total 393216K, used 197190K [0x00000007a8000000, 0x00000007c0000000, 0x00000007c0000000)
 Metaspace       used 35994K, capacity 36608K, committed 36880K, reserved 1081344K
  class space    used 4112K, capacity 4279K, committed 4372K, reserved 1048576K
}
2016-10-23T18:05:17.545+0800: 82.549: Total time for which application threads were stopped: 0.0067109 seconds, Stopping threads took: 0.0000940 seconds
2016-10-23T18:05:17.545+0800: 82.549: [GC (CMS Initial Mark) [1 CMS-initial-mark: 197190K(393216K)] 219443K(502464K), 0.0017011 secs] [Times: user=0.00 sys=0.00, real=0.00 secs] 
2016-10-23T18:05:17.547+0800: 82.551: Total time for which application threads were stopped: 0.0018668 seconds, Stopping threads took: 0.0000677 seconds
2016-10-23T18:05:17.547+0800: 82.551: [CMS-concurrent-mark-start]
2016-10-23T18:05:17.559+0800: 82.563: [CMS-concurrent-mark: 0.012/0.012 secs] [Times: user=0.07 sys=0.00, real=0.01 secs] 
2016-10-23T18:05:17.559+0800: 82.563: [CMS-concurrent-preclean-start]
2016-10-23T18:05:17.560+0800: 82.564: [CMS-concurrent-preclean: 0.001/0.001 secs] [Times: user=0.00 sys=0.00, real=0.01 secs] 
2016-10-23T18:05:17.560+0800: 82.564: [CMS-concurrent-abortable-preclean-start]
2016-10-23T18:05:17.626+0800: 82.630: [CMS-concurrent-abortable-preclean: 0.066/0.066 secs] [Times: user=0.27 sys=0.00, real=0.06 secs] 
2016-10-23T18:05:17.626+0800: 82.630: [GC (CMS Final Remark) [YG occupancy: 80960 K (109248 K)]{Heap before GC invocations=232 (full 5):
 par new generation   total 109248K, used 80960K [0x00000007a0000000, 0x00000007a8000000, 0x00000007a8000000)
  eden space 87424K,  67% used [0x00000007a0000000, 0x00000007a39c03f0, 0x00000007a5560000)
  from space 21824K, 100% used [0x00000007a5560000, 0x00000007a6ab0000, 0x00000007a6ab0000)
  to   space 21824K,   0% used [0x00000007a6ab0000, 0x00000007a6ab0000, 0x00000007a8000000)
 concurrent mark-sweep generation total 393216K, used 197190K [0x00000007a8000000, 0x00000007c0000000, 0x00000007c0000000)
 Metaspace       used 35994K, capacity 36608K, committed 36880K, reserved 1081344K
  class space    used 4112K, capacity 4279K, committed 4372K, reserved 1048576K
2016-10-23T18:05:17.627+0800: 82.630: [GC (CMS Final Remark) 2016-10-23T18:05:17.627+0800: 82.630: [ParNew
Desired survivor size 20112992 bytes, new threshold 8 (max 8)
- age   1:    6403680 bytes,    6403680 total
- age   2:    1465312 bytes,    7868992 total
- age   3:    2541224 bytes,   10410216 total
- age   4:    1528840 bytes,   11939056 total
- age   5:    1153368 bytes,   13092424 total
- age   6:    2514288 bytes,   15606712 total
- age   7:    1703912 bytes,   17310624 total
: 80960K->21824K(109248K), 0.0084929 secs] 278151K->222747K(502464K), 0.0085354 secs] [Times: user=0.03 sys=0.00, real=0.01 secs] 
Heap after GC invocations=233 (full 5):
 par new generation   total 109248K, used 21824K [0x00000007a0000000, 0x00000007a8000000, 0x00000007a8000000)
  eden space 87424K,   0% used [0x00000007a0000000, 0x00000007a0000000, 0x00000007a5560000)
  from space 21824K, 100% used [0x00000007a6ab0000, 0x00000007a8000000, 0x00000007a8000000)
  to   space 21824K,   0% used [0x00000007a5560000, 0x00000007a5560000, 0x00000007a6ab0000)
 concurrent mark-sweep generation total 393216K, used 200923K [0x00000007a8000000, 0x00000007c0000000, 0x00000007c0000000)
 Metaspace       used 35994K, capacity 36608K, committed 36880K, reserved 1081344K
  class space    used 4112K, capacity 4279K, committed 4372K, reserved 1048576K
}
2016-10-23T18:05:17.635+0800: 82.639: [Rescan (parallel) , 0.0027754 secs]2016-10-23T18:05:17.638+0800: 82.642: [weak refs processing, 0.0007716 secs]2016-10-23T18:05:17.639+0800: 82.643: [class unloading, 0.0083555 secs]2016-10-23T18:05:17.647+0800: 82.651: [scrub symbol table, 0.0054878 secs]2016-10-23T18:05:17.653+0800: 82.657: [scrub string table, 0.0005777 secs][1 CMS-remark: 200923K(393216K)] 222747K(502464K), 0.0268705 secs] [Times: user=0.05 sys=0.00, real=0.03 secs] 
2016-10-23T18:05:17.653+0800: 82.657: Total time for which application threads were stopped: 0.0270539 seconds, Stopping threads took: 0.0000665 seconds
2016-10-23T18:05:17.653+0800: 82.657: [CMS-concurrent-sweep-start]
2016-10-23T18:05:17.695+0800: 82.699: [CMS-concurrent-sweep: 0.041/0.041 secs] [Times: user=0.16 sys=0.00, real=0.04 secs] 
2016-10-23T18:05:17.695+0800: 82.699: [CMS-concurrent-reset-start]
2016-10-23T18:05:17.695+0800: 82.699: [CMS-concurrent-reset: 0.000/0.000 secs] [Times: user=0.00 sys=0.00, real=0.00 secs] 
2016-10-23T18:05:17.699+0800: 82.703: Total time for which application threads were stopped: 0.0002001 seconds, Stopping threads took: 0.0000813 seconds
{Heap before GC invocations=233 (full 5):
 par new generation   total 109248K, used 109248K [0x00000007a0000000, 0x00000007a8000000, 0x00000007a8000000)
  eden space 87424K, 100% used [0x00000007a0000000, 0x00000007a5560000, 0x00000007a5560000)
  from space 21824K, 100% used [0x00000007a6ab0000, 0x00000007a8000000, 0x00000007a8000000)
  to   space 21824K,   0% used [0x00000007a5560000, 0x00000007a5560000, 0x00000007a6ab0000)
 concurrent mark-sweep generation total 393216K, used 29622K [0x00000007a8000000, 0x00000007c0000000, 0x00000007c0000000)
 Metaspace       used 35995K, capacity 36608K, committed 36880K, reserved 1081344K
  class space    used 4112K, capacity 4279K, committed 4372K, reserved 1048576K
2016-10-23T18:05:17.793+0800: 82.797: [GC (Allocation Failure) 2016-10-23T18:05:17.793+0800: 82.797: [ParNew
Desired survivor size 20112992 bytes, new threshold 8 (max 8)
- age   1:    7811792 bytes,    7811792 total
- age   2:    3986064 bytes,   11797856 total
- age   3:    1270560 bytes,   13068416 total
- age   4:    2401096 bytes,   15469512 total
- age   5:    1411648 bytes,   16881160 total
- age   6:    1074936 bytes,   17956096 total
- age   7:    1937008 bytes,   19893104 total
- age   8:    1576560 bytes,   21469664 total
: 109248K->21824K(109248K), 0.0075638 secs] 138870K->52717K(502464K), 0.0076246 secs] [Times: user=0.03 sys=0.00, real=0.01 secs] 
Heap after GC invocations=234 (full 5):
 par new generation   total 109248K, used 21824K [0x00000007a0000000, 0x00000007a8000000, 0x00000007a8000000)
  eden space 87424K,   0% used [0x00000007a0000000, 0x00000007a0000000, 0x00000007a5560000)
  from space 21824K, 100% used [0x00000007a5560000, 0x00000007a6ab0000, 0x00000007a6ab0000)
  to   space 21824K,   0% used [0x00000007a6ab0000, 0x00000007a6ab0000, 0x00000007a8000000)
 concurrent mark-sweep generation total 393216K, used 30893K [0x00000007a8000000, 0x00000007c0000000, 0x00000007c0000000)
 Metaspace       used 35995K, capacity 36608K, committed 36880K, reserved 1081344K
  class space    used 4112K, capacity 4279K, committed 4372K, reserved 1048576K
}
2016-10-23T18:05:17.800+0800: 82.804: Total time for which application threads were stopped: 0.0079079 seconds, Stopping threads took: 0.0001164 seconds
{Heap before GC invocations=234 (full 5):
 par new generation   total 109248K, used 109248K [0x00000007a0000000, 0x00000007a8000000, 0x00000007a8000000)
  eden space 87424K, 100% used [0x00000007a0000000, 0x00000007a5560000, 0x00000007a5560000)
  from space 21824K, 100% used [0x00000007a5560000, 0x00000007a6ab0000, 0x00000007a6ab0000)
  to   space 21824K,   0% used [0x00000007a6ab0000, 0x00000007a6ab0000, 0x00000007a8000000)
 concurrent mark-sweep generation total 393216K, used 30893K [0x00000007a8000000, 0x00000007c0000000, 0x00000007c0000000)
 Metaspace       used 35997K, capacity 36608K, committed 36880K, reserved 1081344K
  class space    used 4112K, capacity 4279K, committed 4372K, reserved 1048576K
2016-10-23T18:05:17.863+0800: 82.867: [GC (Allocation Failure) 2016-10-23T18:05:17.863+0800: 82.867: [ParNew
Desired survivor size 20112992 bytes, new threshold 8 (max 8)
- age   1:    1822608 bytes,    1822608 total
- age   2:    7444048 bytes,    9266656 total
- age   3:    3500408 bytes,   12767064 total
- age   4:    1174304 bytes,   13941368 total
- age   5:    2228960 bytes,   16170328 total
- age   6:    1382512 bytes,   17552840 total
- age   7:     988824 bytes,   18541664 total
- age   8:    1878760 bytes,   20420424 total
: 109248K->21824K(109248K), 0.0074131 secs] 140141K->55215K(502464K), 0.0074740 secs] [Times: user=0.03 sys=0.00, real=0.01 secs] 
Heap after GC invocations=235 (full 5):
 par new generation   total 109248K, used 21824K [0x00000007a0000000, 0x00000007a8000000, 0x00000007a8000000)
  eden space 87424K,   0% used [0x00000007a0000000, 0x00000007a0000000, 0x00000007a5560000)
  from space 21824K, 100% used [0x00000007a6ab0000, 0x00000007a8000000, 0x00000007a8000000)
  to   space 21824K,   0% used [0x00000007a5560000, 0x00000007a5560000, 0x00000007a6ab0000)
 concurrent mark-sweep generation total 393216K, used 33391K [0x00000007a8000000, 0x00000007c0000000, 0x00000007c0000000)
 Metaspace       used 35997K, capacity 36608K, committed 36880K, reserved 1081344K
  class space    used 4112K, capacity 4279K, committed 4372K, reserved 1048576K
}
2016-10-23T18:05:17.870+0800: 82.874: Total time for which application threads were stopped: 0.0076958 seconds, Stopping threads took: 0.0000819 seconds
{Heap before GC invocations=235 (full 5):
 par new generation   total 109248K, used 109248K [0x00000007a0000000, 0x00000007a8000000, 0x00000007a8000000)
  eden space 87424K, 100% used [0x00000007a0000000, 0x00000007a5560000, 0x00000007a5560000)
  from space 21824K, 100% used [0x00000007a6ab0000, 0x00000007a8000000, 0x00000007a8000000)
  to   space 21824K,   0% used [0x00000007a5560000, 0x00000007a5560000, 0x00000007a6ab0000)
 concurrent mark-sweep generation total 393216K, used 33391K [0x00000007a8000000, 0x00000007c0000000, 0x00000007c0000000)
 Metaspace       used 35998K, capacity 36608K, committed 36880K, reserved 1081344K
  class space    used 4112K, capacity 4279K, committed 4372K, reserved 1048576K
2016-10-23T18:05:17.955+0800: 82.959: [GC (Allocation Failure) 2016-10-23T18:05:17.955+0800: 82.959: [ParNew
Desired survivor size 20112992 bytes, new threshold 8 (max 8)
- age   1:    2633448 bytes,    2633448 total
- age   2:     548744 bytes,    3182192 total
- age   3:    6385408 bytes,    9567600 total
- age   4:    3404128 bytes,   12971728 total
- age   5:    1107232 bytes,   14078960 total
- age   6:    2131104 bytes,   16210064 total
- age   7:    1302368 bytes,   17512432 total
- age   8:     935768 bytes,   18448200 total
: 109248K->21824K(109248K), 0.0075592 secs] 142639K->58255K(502464K), 0.0076343 secs] [Times: user=0.02 sys=0.00, real=0.01 secs] 
Heap after GC invocations=236 (full 5):
 par new generation   total 109248K, used 21824K [0x00000007a0000000, 0x00000007a8000000, 0x00000007a8000000)
  eden space 87424K,   0% used [0x00000007a0000000, 0x00000007a0000000, 0x00000007a5560000)
  from space 21824K, 100% used [0x00000007a5560000, 0x00000007a6ab0000, 0x00000007a6ab0000)
  to   space 21824K,   0% used [0x00000007a6ab0000, 0x00000007a6ab0000, 0x00000007a8000000)
 concurrent mark-sweep generation total 393216K, used 36431K [0x00000007a8000000, 0x00000007c0000000, 0x00000007c0000000)
 Metaspace       used 35998K, capacity 36608K, committed 36880K, reserved 1081344K
  class space    used 4112K, capacity 4279K, committed 4372K, reserved 1048576K
}
2016-10-23T18:05:17.962+0800: 82.966: Total time for which application threads were stopped: 0.0079178 seconds, Stopping threads took: 0.0001105 seconds
{Heap before GC invocations=236 (full 5):
 par new generation   total 109248K, used 109248K [0x00000007a0000000, 0x00000007a8000000, 0x00000007a8000000)
  eden space 87424K, 100% used [0x00000007a0000000, 0x00000007a5560000, 0x00000007a5560000)
  from space 21824K, 100% used [0x00000007a5560000, 0x00000007a6ab0000, 0x00000007a6ab0000)
  to   space 21824K,   0% used [0x00000007a6ab0000, 0x00000007a6ab0000, 0x00000007a8000000)
 concurrent mark-sweep generation total 393216K, used 36431K [0x00000007a8000000, 0x00000007c0000000, 0x00000007c0000000)
 Metaspace       used 35999K, capacity 36608K, committed 36880K, reserved 1081344K
  class space    used 4112K, capacity 4279K, committed 4372K, reserved 1048576K
2016-10-23T18:05:18.082+0800: 83.086: [GC (Allocation Failure) 2016-10-23T18:05:18.082+0800: 83.086: [ParNew
Desired survivor size 20112992 bytes, new threshold 8 (max 8)
- age   1:    3568720 bytes,    3568720 total
- age   2:    1541192 bytes,    5109912 total
- age   3:     523000 bytes,    5632912 total
- age   4:    6003472 bytes,   11636384 total
- age   5:    3323736 bytes,   14960120 total
- age   6:    1015728 bytes,   15975848 total
- age   7:    1982208 bytes,   17958056 total
- age   8:    1228248 bytes,   19186304 total
: 109248K->21824K(109248K), 0.0068445 secs] 145679K->61053K(502464K), 0.0069613 secs] [Times: user=0.02 sys=0.00, real=0.00 secs] 
Heap after GC invocations=237 (full 5):
 par new generation   total 109248K, used 21824K [0x00000007a0000000, 0x00000007a8000000, 0x00000007a8000000)
  eden space 87424K,   0% used [0x00000007a0000000, 0x00000007a0000000, 0x00000007a5560000)
  from space 21824K, 100% used [0x00000007a6ab0000, 0x00000007a8000000, 0x00000007a8000000)
  to   space 21824K,   0% used [0x00000007a5560000, 0x00000007a5560000, 0x00000007a6ab0000)
 concurrent mark-sweep generation total 393216K, used 39229K [0x00000007a8000000, 0x00000007c0000000, 0x00000007c0000000)
 Metaspace       used 35999K, capacity 36608K, committed 36880K, reserved 1081344K
  class space    used 4112K, capacity 4279K, committed 4372K, reserved 1048576K
}
2016-10-23T18:05:18.089+0800: 83.093: Total time for which application threads were stopped: 0.0072537 seconds, Stopping threads took: 0.0000879 seconds
{Heap before GC invocations=237 (full 5):
 par new generation   total 109248K, used 109248K [0x00000007a0000000, 0x00000007a8000000, 0x00000007a8000000)
  eden space 87424K, 100% used [0x00000007a0000000, 0x00000007a5560000, 0x00000007a5560000)
  from space 21824K, 100% used [0x00000007a6ab0000, 0x00000007a8000000, 0x00000007a8000000)
  to   space 21824K,   0% used [0x00000007a5560000, 0x00000007a5560000, 0x00000007a6ab0000)
 concurrent mark-sweep generation total 393216K, used 39229K [0x00000007a8000000, 0x00000007c0000000, 0x00000007c0000000)
 Metaspace       used 35999K, capacity 36608K, committed 36880K, reserved 1081344K
  class space    used 4112K, capacity 4279K, committed 4372K, reserved 1048576K
2016-10-23T18:05:18.217+0800: 83.221: [GC (Allocation Failure) 2016-10-23T18:05:18.217+0800: 83.221: [ParNew
Desired survivor size 20112992 bytes, new threshold 8 (max 8)
- age   1:    4916504 bytes,    4916504 total
- age   2:    1707464 bytes,    6623968 total
- age   3:    1086640 bytes,    7710608 total
- age   4:     503128 bytes,    8213736 total
- age   5:    4671856 bytes,   12885592 total
- age   6:    2551296 bytes,   15436888 total
- age   7:    1012176 bytes,   16449064 total
- age   8:    1974576 bytes,   18423640 total
: 109248K->21824K(109248K), 0.0069530 secs] 148477K->66731K(502464K), 0.0070311 secs] [Times: user=0.02 sys=0.00, real=0.01 secs] 
Heap after GC invocations=238 (full 5):
 par new generation   total 109248K, used 21824K [0x00000007a0000000, 0x00000007a8000000, 0x00000007a8000000)
  eden space 87424K,   0% used [0x00000007a0000000, 0x00000007a0000000, 0x00000007a5560000)
  from space 21824K, 100% used [0x00000007a5560000, 0x00000007a6ab0000, 0x00000007a6ab0000)
  to   space 21824K,   0% used [0x00000007a6ab0000, 0x00000007a6ab0000, 0x00000007a8000000)
 concurrent mark-sweep generation total 393216K, used 44907K [0x00000007a8000000, 0x00000007c0000000, 0x00000007c0000000)
 Metaspace       used 35999K, capacity 36608K, committed 36880K, reserved 1081344K
  class space    used 4112K, capacity 4279K, committed 4372K, reserved 1048576K
}
2016-10-23T18:05:18.224+0800: 83.228: Total time for which application threads were stopped: 0.0073106 seconds, Stopping threads took: 0.0000845 seconds
{Heap before GC invocations=238 (full 5):
 par new generation   total 109248K, used 109248K [0x00000007a0000000, 0x00000007a8000000, 0x00000007a8000000)
  eden space 87424K, 100% used [0x00000007a0000000, 0x00000007a5560000, 0x00000007a5560000)
  from space 21824K, 100% used [0x00000007a5560000, 0x00000007a6ab0000, 0x00000007a6ab0000)
  to   space 21824K,   0% used [0x00000007a6ab0000, 0x00000007a6ab0000, 0x00000007a8000000)
 concurrent mark-sweep generation total 393216K, used 44907K [0x00000007a8000000, 0x00000007c0000000, 0x00000007c0000000)
 Metaspace       used 35999K, capacity 36608K, committed 36880K, reserved 1081344K
  class space    used 4112K, capacity 4279K, committed 4372K, reserved 1048576K
2016-10-23T18:05:18.354+0800: 83.358: [GC (Allocation Failure) 2016-10-23T18:05:18.354+0800: 83.358: [ParNew
Desired survivor size 20112992 bytes, new threshold 8 (max 8)
- age   1:    5099576 bytes,    5099576 total
- age   2:    2338104 bytes,    7437680 total
- age   3:    1485056 bytes,    8922736 total
- age   4:     770120 bytes,    9692856 total
- age   5:     195936 bytes,    9888792 total
- age   6:    4272432 bytes,   14161224 total
- age   7:    2246112 bytes,   16407336 total
- age   8:     925232 bytes,   17332568 total
: 109248K->21824K(109248K), 0.0080549 secs] 154155K->72756K(502464K), 0.0081250 secs] [Times: user=0.03 sys=0.00, real=0.01 secs] 
Heap after GC invocations=239 (full 5):
 par new generation   total 109248K, used 21824K [0x00000007a0000000, 0x00000007a8000000, 0x00000007a8000000)
  eden space 87424K,   0% used [0x00000007a0000000, 0x00000007a0000000, 0x00000007a5560000)
  from space 21824K, 100% used [0x00000007a6ab0000, 0x00000007a8000000, 0x00000007a8000000)
  to   space 21824K,   0% used [0x00000007a5560000, 0x00000007a5560000, 0x00000007a6ab0000)
 concurrent mark-sweep generation total 393216K, used 50932K [0x00000007a8000000, 0x00000007c0000000, 0x00000007c0000000)
 Metaspace       used 35999K, capacity 36608K, committed 36880K, reserved 1081344K
  class space    used 4112K, capacity 4279K, committed 4372K, reserved 1048576K
}
2016-10-23T18:05:18.362+0800: 83.366: Total time for which application threads were stopped: 0.0083625 seconds, Stopping threads took: 0.0000777 seconds
{Heap before GC invocations=239 (full 5):
 par new generation   total 109248K, used 109248K [0x00000007a0000000, 0x00000007a8000000, 0x00000007a8000000)
  eden space 87424K, 100% used [0x00000007a0000000, 0x00000007a5560000, 0x00000007a5560000)
  from space 21824K, 100% used [0x00000007a6ab0000, 0x00000007a8000000, 0x00000007a8000000)
  to   space 21824K,   0% used [0x00000007a5560000, 0x00000007a5560000, 0x00000007a6ab0000)
 concurrent mark-sweep generation total 393216K, used 50932K [0x00000007a8000000, 0x00000007c0000000, 0x00000007c0000000)
 Metaspace       used 35999K, capacity 36608K, committed 36880K, reserved 1081344K
  class space    used 4112K, capacity 4279K, committed 4372K, reserved 1048576K
2016-10-23T18:05:18.486+0800: 83.489: [GC (Allocation Failure) 2016-10-23T18:05:18.486+0800: 83.489: [ParNew
Desired survivor size 20112992 bytes, new threshold 8 (max 8)
- age   1:    7719648 bytes,    7719648 total
- age   2:    2793712 bytes,   10513360 total
- age   3:    1902992 bytes,   12416352 total
- age   4:    1339104 bytes,   13755456 total
- age   5:     716520 bytes,   14471976 total
- age   6:     177000 bytes,   14648976 total
- age   7:    4248344 bytes,   18897320 total
- age   8:    2246024 bytes,   21143344 total
: 109248K->21824K(109248K), 0.0074203 secs] 160180K->74706K(502464K), 0.0075001 secs] [Times: user=0.03 sys=0.00, real=0.01 secs] 
Heap after GC invocations=240 (full 5):
 par new generation   total 109248K, used 21824K [0x00000007a0000000, 0x00000007a8000000, 0x00000007a8000000)
  eden space 87424K,   0% used [0x00000007a0000000, 0x00000007a0000000, 0x00000007a5560000)
  from space 21824K, 100% used [0x00000007a5560000, 0x00000007a6ab0000, 0x00000007a6ab0000)
  to   space 21824K,   0% used [0x00000007a6ab0000, 0x00000007a6ab0000, 0x00000007a8000000)
 concurrent mark-sweep generation total 393216K, used 52882K [0x00000007a8000000, 0x00000007c0000000, 0x00000007c0000000)
 Metaspace       used 35999K, capacity 36608K, committed 36880K, reserved 1081344K
  class space    used 4112K, capacity 4279K, committed 4372K, reserved 1048576K
}
2016-10-23T18:05:18.493+0800: 83.497: Total time for which application threads were stopped: 0.0077712 seconds, Stopping threads took: 0.0000915 seconds
{Heap before GC invocations=240 (full 5):
 par new generation   total 109248K, used 109248K [0x00000007a0000000, 0x00000007a8000000, 0x00000007a8000000)
  eden space 87424K, 100% used [0x00000007a0000000, 0x00000007a5560000, 0x00000007a5560000)
  from space 21824K, 100% used [0x00000007a5560000, 0x00000007a6ab0000, 0x00000007a6ab0000)
  to   space 21824K,   0% used [0x00000007a6ab0000, 0x00000007a6ab0000, 0x00000007a8000000)
 concurrent mark-sweep generation total 393216K, used 52882K [0x00000007a8000000, 0x00000007c0000000, 0x00000007c0000000)
 Metaspace       used 35999K, capacity 36608K, committed 36880K, reserved 1081344K
  class space    used 4112K, capacity 4279K, committed 4372K, reserved 1048576K
2016-10-23T18:05:18.627+0800: 83.630: [GC (Allocation Failure) 2016-10-23T18:05:18.627+0800: 83.630: [ParNew
Desired survivor size 20112992 bytes, new threshold 8 (max 8)
- age   1:    6967248 bytes,    6967248 total
- age   2:    2784976 bytes,    9752224 total
- age   3:    2330680 bytes,   12082904 total
- age   4:     990504 bytes,   13073408 total
- age   5:    1303960 bytes,   14377368 total
- age   6:     663880 bytes,   15041248 total
- age   7:     165880 bytes,   15207128 total
- age   8:    3601528 bytes,   18808656 total
: 109248K->21824K(109248K), 0.0076465 secs] 162130K->81148K(502464K), 0.0077104 secs] [Times: user=0.02 sys=0.00, real=0.01 secs] 
Heap after GC invocations=241 (full 5):
 par new generation   total 109248K, used 21824K [0x00000007a0000000, 0x00000007a8000000, 0x00000007a8000000)
  eden space 87424K,   0% used [0x00000007a0000000, 0x00000007a0000000, 0x00000007a5560000)
  from space 21824K, 100% used [0x00000007a6ab0000, 0x00000007a8000000, 0x00000007a8000000)
  to   space 21824K,   0% used [0x00000007a5560000, 0x00000007a5560000, 0x00000007a6ab0000)
 concurrent mark-sweep generation total 393216K, used 59324K [0x00000007a8000000, 0x00000007c0000000, 0x00000007c0000000)
 Metaspace       used 35999K, capacity 36608K, committed 36880K, reserved 1081344K
  class space    used 4112K, capacity 4279K, committed 4372K, reserved 1048576K
}
2016-10-23T18:05:18.634+0800: 83.638: Total time for which application threads were stopped: 0.0079432 seconds, Stopping threads took: 0.0000864 seconds
2016-10-23T18:05:18.702+0800: 83.706: Total time for which application threads were stopped: 0.0001705 seconds, Stopping threads took: 0.0000712 seconds
{Heap before GC invocations=241 (full 5):
 par new generation   total 109248K, used 109248K [0x00000007a0000000, 0x00000007a8000000, 0x00000007a8000000)
  eden space 87424K, 100% used [0x00000007a0000000, 0x00000007a5560000, 0x00000007a5560000)
  from space 21824K, 100% used [0x00000007a6ab0000, 0x00000007a8000000, 0x00000007a8000000)
  to   space 21824K,   0% used [0x00000007a5560000, 0x00000007a5560000, 0x00000007a6ab0000)
 concurrent mark-sweep generation total 393216K, used 59324K [0x00000007a8000000, 0x00000007c0000000, 0x00000007c0000000)
 Metaspace       used 36001K, capacity 36608K, committed 36880K, reserved 1081344K
  class space    used 4112K, capacity 4279K, committed 4372K, reserved 1048576K
2016-10-23T18:05:18.756+0800: 83.760: [GC (Allocation Failure) 2016-10-23T18:05:18.756+0800: 83.760: [ParNew
Desired survivor size 20112992 bytes, new threshold 6 (max 8)
- age   1:   10321128 bytes,   10321128 total
- age   2:    3718480 bytes,   14039608 total
- age   3:    2443032 bytes,   16482640 total
- age   4:    2067736 bytes,   18550376 total
- age   5:     789072 bytes,   19339448 total
- age   6:    1142040 bytes,   20481488 total
- age   7:     590488 bytes,   21071976 total
- age   8:     120968 bytes,   21192944 total
: 109248K->21824K(109248K), 0.0077606 secs] 168572K->85315K(502464K), 0.0078374 secs] [Times: user=0.03 sys=0.00, real=0.01 secs] 
Heap after GC invocations=242 (full 5):
 par new generation   total 109248K, used 21824K [0x00000007a0000000, 0x00000007a8000000, 0x00000007a8000000)
  eden space 87424K,   0% used [0x00000007a0000000, 0x00000007a0000000, 0x00000007a5560000)
  from space 21824K, 100% used [0x00000007a5560000, 0x00000007a6ab0000, 0x00000007a6ab0000)
  to   space 21824K,   0% used [0x00000007a6ab0000, 0x00000007a6ab0000, 0x00000007a8000000)
 concurrent mark-sweep generation total 393216K, used 63491K [0x00000007a8000000, 0x00000007c0000000, 0x00000007c0000000)
 Metaspace       used 36001K, capacity 36608K, committed 36880K, reserved 1081344K
  class space    used 4112K, capacity 4279K, committed 4372K, reserved 1048576K
}
2016-10-23T18:05:18.764+0800: 83.768: Total time for which application threads were stopped: 0.0080441 seconds, Stopping threads took: 0.0000643 seconds
{Heap before GC invocations=242 (full 5):
 par new generation   total 109248K, used 109248K [0x00000007a0000000, 0x00000007a8000000, 0x00000007a8000000)
  eden space 87424K, 100% used [0x00000007a0000000, 0x00000007a5560000, 0x00000007a5560000)
  from space 21824K, 100% used [0x00000007a5560000, 0x00000007a6ab0000, 0x00000007a6ab0000)
  to   space 21824K,   0% used [0x00000007a6ab0000, 0x00000007a6ab0000, 0x00000007a8000000)
 concurrent mark-sweep generation total 393216K, used 63491K [0x00000007a8000000, 0x00000007c0000000, 0x00000007c0000000)
 Metaspace       used 36003K, capacity 36608K, committed 36880K, reserved 1081344K
  class space    used 4112K, capacity 4279K, committed 4372K, reserved 1048576K
2016-10-23T18:05:18.842+0800: 83.846: [GC (Allocation Failure) 2016-10-23T18:05:18.842+0800: 83.846: [ParNew
Desired survivor size 20112992 bytes, new threshold 8 (max 8)
- age   1:    1754712 bytes,    1754712 total
- age   2:    9060024 bytes,   10814736 total
- age   3:    3069496 bytes,   13884232 total
- age   4:    1883416 bytes,   15767648 total
- age   5:    1934520 bytes,   17702168 total
- age   6:     787320 bytes,   18489488 total
: 109248K->21824K(109248K), 0.0059884 secs] 172739K->89470K(502464K), 0.0060559 secs] [Times: user=0.02 sys=0.00, real=0.00 secs] 
Heap after GC invocations=243 (full 5):
 par new generation   total 109248K, used 21824K [0x00000007a0000000, 0x00000007a8000000, 0x00000007a8000000)
  eden space 87424K,   0% used [0x00000007a0000000, 0x00000007a0000000, 0x00000007a5560000)
  from space 21824K, 100% used [0x00000007a6ab0000, 0x00000007a8000000, 0x00000007a8000000)
  to   space 21824K,   0% used [0x00000007a5560000, 0x00000007a5560000, 0x00000007a6ab0000)
 concurrent mark-sweep generation total 393216K, used 67646K [0x00000007a8000000, 0x00000007c0000000, 0x00000007c0000000)
 Metaspace       used 36003K, capacity 36608K, committed 36880K, reserved 1081344K
  class space    used 4112K, capacity 4279K, committed 4372K, reserved 1048576K
}
2016-10-23T18:05:18.848+0800: 83.852: Total time for which application threads were stopped: 0.0063280 seconds, Stopping threads took: 0.0001062 seconds
{Heap before GC invocations=243 (full 5):
 par new generation   total 109248K, used 109248K [0x00000007a0000000, 0x00000007a8000000, 0x00000007a8000000)
  eden space 87424K, 100% used [0x00000007a0000000, 0x00000007a5560000, 0x00000007a5560000)
  from space 21824K, 100% used [0x00000007a6ab0000, 0x00000007a8000000, 0x00000007a8000000)
  to   space 21824K,   0% used [0x00000007a5560000, 0x00000007a5560000, 0x00000007a6ab0000)
 concurrent mark-sweep generation total 393216K, used 67646K [0x00000007a8000000, 0x00000007c0000000, 0x00000007c0000000)
 Metaspace       used 36003K, capacity 36608K, committed 36880K, reserved 1081344K
  class space    used 4112K, capacity 4279K, committed 4372K, reserved 1048576K
2016-10-23T18:05:18.897+0800: 83.901: [GC (Allocation Failure) 2016-10-23T18:05:18.897+0800: 83.901: [ParNew
Desired survivor size 20112992 bytes, new threshold 8 (max 8)
- age   1:    1976864 bytes,    1976864 total
- age   2:     912368 bytes,    2889232 total
- age   3:    8161800 bytes,   11051032 total
- age   4:    2975496 bytes,   14026528 total
- age   5:    1823960 bytes,   15850488 total
- age   6:    1904960 bytes,   17755448 total
- age   7:     754496 bytes,   18509944 total
: 109248K->21824K(109248K), 0.0061315 secs] 176894K->90450K(502464K), 0.0061899 secs] [Times: user=0.02 sys=0.01, real=0.01 secs] 
Heap after GC invocations=244 (full 5):
 par new generation   total 109248K, used 21824K [0x00000007a0000000, 0x00000007a8000000, 0x00000007a8000000)
  eden space 87424K,   0% used [0x00000007a0000000, 0x00000007a0000000, 0x00000007a5560000)
  from space 21824K, 100% used [0x00000007a5560000, 0x00000007a6ab0000, 0x00000007a6ab0000)
  to   space 21824K,   0% used [0x00000007a6ab0000, 0x00000007a6ab0000, 0x00000007a8000000)
 concurrent mark-sweep generation total 393216K, used 68626K [0x00000007a8000000, 0x00000007c0000000, 0x00000007c0000000)
 Metaspace       used 36003K, capacity 36608K, committed 36880K, reserved 1081344K
  class space    used 4112K, capacity 4279K, committed 4372K, reserved 1048576K
}
2016-10-23T18:05:18.903+0800: 83.907: Total time for which application threads were stopped: 0.0063961 seconds, Stopping threads took: 0.0000619 seconds
2016-10-23T18:05:18.930+0800: 83.934: Total time for which application threads were stopped: 0.0001732 seconds, Stopping threads took: 0.0000927 seconds
{Heap before GC invocations=244 (full 5):
 par new generation   total 109248K, used 109248K [0x00000007a0000000, 0x00000007a8000000, 0x00000007a8000000)
  eden space 87424K, 100% used [0x00000007a0000000, 0x00000007a5560000, 0x00000007a5560000)
  from space 21824K, 100% used [0x00000007a5560000, 0x00000007a6ab0000, 0x00000007a6ab0000)
  to   space 21824K,   0% used [0x00000007a6ab0000, 0x00000007a6ab0000, 0x00000007a8000000)
 concurrent mark-sweep generation total 393216K, used 68626K [0x00000007a8000000, 0x00000007c0000000, 0x00000007c0000000)
 Metaspace       used 36003K, capacity 36608K, committed 36880K, reserved 1081344K
  class space    used 4112K, capacity 4279K, committed 4372K, reserved 1048576K
2016-10-23T18:05:19.015+0800: 84.019: [GC (Allocation Failure) 2016-10-23T18:05:19.015+0800: 84.019: [ParNew
Desired survivor size 20112992 bytes, new threshold 8 (max 8)
- age   1:    4804688 bytes,    4804688 total
- age   2:    1015616 bytes,    5820304 total
- age   3:     774736 bytes,    6595040 total
- age   4:    6456848 bytes,   13051888 total
- age   5:    1858848 bytes,   14910736 total
- age   6:    1423384 bytes,   16334120 total
- age   7:    1167656 bytes,   17501776 total
- age   8:     405952 bytes,   17907728 total
: 109248K->21824K(109248K), 0.0064129 secs] 177874K->94722K(502464K), 0.0064696 secs] [Times: user=0.02 sys=0.00, real=0.01 secs] 
Heap after GC invocations=245 (full 5):
 par new generation   total 109248K, used 21824K [0x00000007a0000000, 0x00000007a8000000, 0x00000007a8000000)
  eden space 87424K,   0% used [0x00000007a0000000, 0x00000007a0000000, 0x00000007a5560000)
  from space 21824K, 100% used [0x00000007a6ab0000, 0x00000007a8000000, 0x00000007a8000000)
  to   space 21824K,   0% used [0x00000007a5560000, 0x00000007a5560000, 0x00000007a6ab0000)
 concurrent mark-sweep generation total 393216K, used 72898K [0x00000007a8000000, 0x00000007c0000000, 0x00000007c0000000)
 Metaspace       used 36003K, capacity 36608K, committed 36880K, reserved 1081344K
  class space    used 4112K, capacity 4279K, committed 4372K, reserved 1048576K
}
2016-10-23T18:05:19.022+0800: 84.026: Total time for which application threads were stopped: 0.0066893 seconds, Stopping threads took: 0.0000390 seconds
{Heap before GC invocations=245 (full 5):
 par new generation   total 109248K, used 109248K [0x00000007a0000000, 0x00000007a8000000, 0x00000007a8000000)
  eden space 87424K, 100% used [0x00000007a0000000, 0x00000007a5560000, 0x00000007a5560000)
  from space 21824K, 100% used [0x00000007a6ab0000, 0x00000007a8000000, 0x00000007a8000000)
  to   space 21824K,   0% used [0x00000007a5560000, 0x00000007a5560000, 0x00000007a6ab0000)
 concurrent mark-sweep generation total 393216K, used 72898K [0x00000007a8000000, 0x00000007c0000000, 0x00000007c0000000)
 Metaspace       used 36003K, capacity 36608K, committed 36880K, reserved 1081344K
  class space    used 4112K, capacity 4279K, committed 4372K, reserved 1048576K
2016-10-23T18:05:19.159+0800: 84.163: [GC (Allocation Failure) 2016-10-23T18:05:19.159+0800: 84.163: [ParNew
Desired survivor size 20112992 bytes, new threshold 8 (max 8)
- age   1:    5213328 bytes,    5213328 total
- age   2:    2607752 bytes,    7821080 total
- age   3:     517240 bytes,    8338320 total
- age   4:     722528 bytes,    9060848 total
- age   5:    5725824 bytes,   14786672 total
- age   6:    2366680 bytes,   17153352 total
- age   7:    1406288 bytes,   18559640 total
- age   8:    1158024 bytes,   19717664 total
: 109248K->21824K(109248K), 0.0086152 secs] 182146K->98050K(502464K), 0.0087066 secs] [Times: user=0.03 sys=0.00, real=0.01 secs] 
Heap after GC invocations=246 (full 5):
 par new generation   total 109248K, used 21824K [0x00000007a0000000, 0x00000007a8000000, 0x00000007a8000000)
  eden space 87424K,   0% used [0x00000007a0000000, 0x00000007a0000000, 0x00000007a5560000)
  from space 21824K, 100% used [0x00000007a5560000, 0x00000007a6ab0000, 0x00000007a6ab0000)
  to   space 21824K,   0% used [0x00000007a6ab0000, 0x00000007a6ab0000, 0x00000007a8000000)
 concurrent mark-sweep generation total 393216K, used 76226K [0x00000007a8000000, 0x00000007c0000000, 0x00000007c0000000)
 Metaspace       used 36003K, capacity 36608K, committed 36880K, reserved 1081344K
  class space    used 4112K, capacity 4279K, committed 4372K, reserved 1048576K
}
2016-10-23T18:05:19.168+0800: 84.172: Total time for which application threads were stopped: 0.0090156 seconds, Stopping threads took: 0.0000753 seconds
{Heap before GC invocations=246 (full 5):
 par new generation   total 109248K, used 109248K [0x00000007a0000000, 0x00000007a8000000, 0x00000007a8000000)
  eden space 87424K, 100% used [0x00000007a0000000, 0x00000007a5560000, 0x00000007a5560000)
  from space 21824K, 100% used [0x00000007a5560000, 0x00000007a6ab0000, 0x00000007a6ab0000)
  to   space 21824K,   0% used [0x00000007a6ab0000, 0x00000007a6ab0000, 0x00000007a8000000)
 concurrent mark-sweep generation total 393216K, used 76226K [0x00000007a8000000, 0x00000007c0000000, 0x00000007c0000000)
 Metaspace       used 36003K, capacity 36608K, committed 36880K, reserved 1081344K
  class space    used 4112K, capacity 4279K, committed 4372K, reserved 1048576K
2016-10-23T18:05:19.301+0800: 84.305: [GC (Allocation Failure) 2016-10-23T18:05:19.301+0800: 84.305: [ParNew
Desired survivor size 20112992 bytes, new threshold 8 (max 8)
- age   1:    4095040 bytes,    4095040 total
- age   2:    2356856 bytes,    6451896 total
- age   3:    2413752 bytes,    8865648 total
- age   4:     489376 bytes,    9355024 total
- age   5:     692072 bytes,   10047096 total
- age   6:    4136040 bytes,   14183136 total
- age   7:    1840544 bytes,   16023680 total
- age   8:    1468768 bytes,   17492448 total
: 109248K->21824K(109248K), 0.0085324 secs] 185474K->104366K(502464K), 0.0086294 secs] [Times: user=0.03 sys=0.00, real=0.00 secs] 
Heap after GC invocations=247 (full 5):
 par new generation   total 109248K, used 21824K [0x00000007a0000000, 0x00000007a8000000, 0x00000007a8000000)
  eden space 87424K,   0% used [0x00000007a0000000, 0x00000007a0000000, 0x00000007a5560000)
  from space 21824K, 100% used [0x00000007a6ab0000, 0x00000007a8000000, 0x00000007a8000000)
  to   space 21824K,   0% used [0x00000007a5560000, 0x00000007a5560000, 0x00000007a6ab0000)
 concurrent mark-sweep generation total 393216K, used 82542K [0x00000007a8000000, 0x00000007c0000000, 0x00000007c0000000)
 Metaspace       used 36003K, capacity 36608K, committed 36880K, reserved 1081344K
  class space    used 4112K, capacity 4279K, committed 4372K, reserved 1048576K
}
2016-10-23T18:05:19.309+0800: 84.313: Total time for which application threads were stopped: 0.0089914 seconds, Stopping threads took: 0.0001158 seconds
{Heap before GC invocations=247 (full 5):
 par new generation   total 109248K, used 109248K [0x00000007a0000000, 0x00000007a8000000, 0x00000007a8000000)
  eden space 87424K, 100% used [0x00000007a0000000, 0x00000007a5560000, 0x00000007a5560000)
  from space 21824K, 100% used [0x00000007a6ab0000, 0x00000007a8000000, 0x00000007a8000000)
  to   space 21824K,   0% used [0x00000007a5560000, 0x00000007a5560000, 0x00000007a6ab0000)
 concurrent mark-sweep generation total 393216K, used 82542K [0x00000007a8000000, 0x00000007c0000000, 0x00000007c0000000)
 Metaspace       used 36003K, capacity 36608K, committed 36880K, reserved 1081344K
  class space    used 4112K, capacity 4279K, committed 4372K, reserved 1048576K
2016-10-23T18:05:19.440+0800: 84.444: [GC (Allocation Failure) 2016-10-23T18:05:19.440+0800: 84.444: [ParNew
Desired survivor size 20112992 bytes, new threshold 8 (max 8)
- age   1:    6409824 bytes,    6409824 total
- age   2:    1856192 bytes,    8266016 total
- age   3:    1560824 bytes,    9826840 total
- age   4:    1724664 bytes,   11551504 total
- age   5:     411832 bytes,   11963336 total
- age   6:     681064 bytes,   12644400 total
- age   7:    3468576 bytes,   16112976 total
- age   8:    1254496 bytes,   17367472 total
: 109248K->21824K(109248K), 0.0073870 secs] 191790K->109860K(502464K), 0.0074682 secs] [Times: user=0.03 sys=0.00, real=0.00 secs] 
Heap after GC invocations=248 (full 5):
 par new generation   total 109248K, used 21824K [0x00000007a0000000, 0x00000007a8000000, 0x00000007a8000000)
  eden space 87424K,   0% used [0x00000007a0000000, 0x00000007a0000000, 0x00000007a5560000)
  from space 21824K, 100% used [0x00000007a5560000, 0x00000007a6ab0000, 0x00000007a6ab0000)
  to   space 21824K,   0% used [0x00000007a6ab0000, 0x00000007a6ab0000, 0x00000007a8000000)
 concurrent mark-sweep generation total 393216K, used 88036K [0x00000007a8000000, 0x00000007c0000000, 0x00000007c0000000)
 Metaspace       used 36003K, capacity 36608K, committed 36880K, reserved 1081344K
  class space    used 4112K, capacity 4279K, committed 4372K, reserved 1048576K
}
2016-10-23T18:05:19.447+0800: 84.451: Total time for which application threads were stopped: 0.0076677 seconds, Stopping threads took: 0.0000434 seconds
{Heap before GC invocations=248 (full 5):
 par new generation   total 109248K, used 109248K [0x00000007a0000000, 0x00000007a8000000, 0x00000007a8000000)
  eden space 87424K, 100% used [0x00000007a0000000, 0x00000007a5560000, 0x00000007a5560000)
  from space 21824K, 100% used [0x00000007a5560000, 0x00000007a6ab0000, 0x00000007a6ab0000)
  to   space 21824K,   0% used [0x00000007a6ab0000, 0x00000007a6ab0000, 0x00000007a8000000)
 concurrent mark-sweep generation total 393216K, used 88036K [0x00000007a8000000, 0x00000007c0000000, 0x00000007c0000000)
 Metaspace       used 36003K, capacity 36608K, committed 36880K, reserved 1081344K
  class space    used 4112K, capacity 4279K, committed 4372K, reserved 1048576K
2016-10-23T18:05:19.583+0800: 84.586: [GC (Allocation Failure) 2016-10-23T18:05:19.583+0800: 84.587: [ParNew
Desired survivor size 20112992 bytes, new threshold 8 (max 8)
- age   1:    8897600 bytes,    8897600 total
- age   2:    2466848 bytes,   11364448 total
- age   3:    1752352 bytes,   13116800 total
- age   4:    1493528 bytes,   14610328 total
- age   5:    1670888 bytes,   16281216 total
- age   6:     402456 bytes,   16683672 total
- age   7:     669160 bytes,   17352832 total
- age   8:    3458768 bytes,   20811600 total
: 109248K->21824K(109248K), 0.0078564 secs] 197284K->112223K(502464K), 0.0079260 secs] [Times: user=0.02 sys=0.00, real=0.01 secs] 
Heap after GC invocations=249 (full 5):
 par new generation   total 109248K, used 21824K [0x00000007a0000000, 0x00000007a8000000, 0x00000007a8000000)
  eden space 87424K,   0% used [0x00000007a0000000, 0x00000007a0000000, 0x00000007a5560000)
  from space 21824K, 100% used [0x00000007a6ab0000, 0x00000007a8000000, 0x00000007a8000000)
  to   space 21824K,   0% used [0x00000007a5560000, 0x00000007a5560000, 0x00000007a6ab0000)
 concurrent mark-sweep generation total 393216K, used 90399K [0x00000007a8000000, 0x00000007c0000000, 0x00000007c0000000)
 Metaspace       used 36003K, capacity 36608K, committed 36880K, reserved 1081344K
  class space    used 4112K, capacity 4279K, committed 4372K, reserved 1048576K
}
2016-10-23T18:05:19.591+0800: 84.594: Total time for which application threads were stopped: 0.0081286 seconds, Stopping threads took: 0.0000617 seconds
2016-10-23T18:05:19.705+0800: 84.709: Total time for which application threads were stopped: 0.0001286 seconds, Stopping threads took: 0.0000486 seconds
{Heap before GC invocations=249 (full 5):
 par new generation   total 109248K, used 109248K [0x00000007a0000000, 0x00000007a8000000, 0x00000007a8000000)
  eden space 87424K, 100% used [0x00000007a0000000, 0x00000007a5560000, 0x00000007a5560000)
  from space 21824K, 100% used [0x00000007a6ab0000, 0x00000007a8000000, 0x00000007a8000000)
  to   space 21824K,   0% used [0x00000007a5560000, 0x00000007a5560000, 0x00000007a6ab0000)
 concurrent mark-sweep generation total 393216K, used 90399K [0x00000007a8000000, 0x00000007c0000000, 0x00000007c0000000)
 Metaspace       used 36003K, capacity 36608K, committed 36880K, reserved 1081344K
  class space    used 4112K, capacity 4279K, committed 4372K, reserved 1048576K
2016-10-23T18:05:19.733+0800: 84.737: [GC (Allocation Failure) 2016-10-23T18:05:19.733+0800: 84.737: [ParNew
Desired survivor size 20112992 bytes, new threshold 8 (max 8)
- age   1:    9585912 bytes,    9585912 total
- age   2:    2828312 bytes,   12414224 total
- age   3:    2147896 bytes,   14562120 total
- age   4:    1400328 bytes,   15962448 total
- age   5:    1237968 bytes,   17200416 total
- age   6:    1523024 bytes,   18723440 total
- age   7:     365824 bytes,   19089264 total
- age   8:     627792 bytes,   19717056 total
: 109248K->21824K(109248K), 0.0079016 secs] 199647K->119110K(502464K), 0.0079676 secs] [Times: user=0.03 sys=0.00, real=0.01 secs] 
Heap after GC invocations=250 (full 5):
 par new generation   total 109248K, used 21824K [0x00000007a0000000, 0x00000007a8000000, 0x00000007a8000000)
  eden space 87424K,   0% used [0x00000007a0000000, 0x00000007a0000000, 0x00000007a5560000)
  from space 21824K, 100% used [0x00000007a5560000, 0x00000007a6ab0000, 0x00000007a6ab0000)
  to   space 21824K,   0% used [0x00000007a6ab0000, 0x00000007a6ab0000, 0x00000007a8000000)
 concurrent mark-sweep generation total 393216K, used 97286K [0x00000007a8000000, 0x00000007c0000000, 0x00000007c0000000)
 Metaspace       used 36003K, capacity 36608K, committed 36880K, reserved 1081344K
  class space    used 4112K, capacity 4279K, committed 4372K, reserved 1048576K
}
2016-10-23T18:05:19.741+0800: 84.745: Total time for which application threads were stopped: 0.0081852 seconds, Stopping threads took: 0.0000700 seconds
{Heap before GC invocations=250 (full 5):
 par new generation   total 109248K, used 109248K [0x00000007a0000000, 0x00000007a8000000, 0x00000007a8000000)
  eden space 87424K, 100% used [0x00000007a0000000, 0x00000007a5560000, 0x00000007a5560000)
  from space 21824K, 100% used [0x00000007a5560000, 0x00000007a6ab0000, 0x00000007a6ab0000)
  to   space 21824K,   0% used [0x00000007a6ab0000, 0x00000007a6ab0000, 0x00000007a8000000)
 concurrent mark-sweep generation total 393216K, used 97286K [0x00000007a8000000, 0x00000007c0000000, 0x00000007c0000000)
 Metaspace       used 36004K, capacity 36608K, committed 36880K, reserved 1081344K
  class space    used 4112K, capacity 4279K, committed 4372K, reserved 1048576K
2016-10-23T18:05:19.855+0800: 84.859: [GC (Allocation Failure) 2016-10-23T18:05:19.855+0800: 84.859: [ParNew
Desired survivor size 20112992 bytes, new threshold 8 (max 8)
- age   1:    2061776 bytes,    2061776 total
- age   2:    8464704 bytes,   10526480 total
- age   3:    2770928 bytes,   13297408 total
- age   4:    2137224 bytes,   15434632 total
- age   5:    1353288 bytes,   16787920 total
- age   6:    1221320 bytes,   18009240 total
- age   7:    1400888 bytes,   19410128 total
- age   8:     347776 bytes,   19757904 total
: 109248K->21824K(109248K), 0.0060722 secs] 206534K->121015K(502464K), 0.0061459 secs] [Times: user=0.02 sys=0.00, real=0.01 secs] 
Heap after GC invocations=251 (full 5):
 par new generation   total 109248K, used 21824K [0x00000007a0000000, 0x00000007a8000000, 0x00000007a8000000)
  eden space 87424K,   0% used [0x00000007a0000000, 0x00000007a0000000, 0x00000007a5560000)
  from space 21824K, 100% used [0x00000007a6ab0000, 0x00000007a8000000, 0x00000007a8000000)
  to   space 21824K,   0% used [0x00000007a5560000, 0x00000007a5560000, 0x00000007a6ab0000)
 concurrent mark-sweep generation total 393216K, used 99191K [0x00000007a8000000, 0x00000007c0000000, 0x00000007c0000000)
 Metaspace       used 36004K, capacity 36608K, committed 36880K, reserved 1081344K
  class space    used 4112K, capacity 4279K, committed 4372K, reserved 1048576K
}
2016-10-23T18:05:19.861+0800: 84.865: Total time for which application threads were stopped: 0.0063806 seconds, Stopping threads took: 0.0000666 seconds
{Heap before GC invocations=251 (full 5):
 par new generation   total 109248K, used 109248K [0x00000007a0000000, 0x00000007a8000000, 0x00000007a8000000)
  eden space 87424K, 100% used [0x00000007a0000000, 0x00000007a5560000, 0x00000007a5560000)
  from space 21824K, 100% used [0x00000007a6ab0000, 0x00000007a8000000, 0x00000007a8000000)
  to   space 21824K,   0% used [0x00000007a5560000, 0x00000007a5560000, 0x00000007a6ab0000)
 concurrent mark-sweep generation total 393216K, used 99191K [0x00000007a8000000, 0x00000007c0000000, 0x00000007c0000000)
 Metaspace       used 36004K, capacity 36608K, committed 36880K, reserved 1081344K
  class space    used 4112K, capacity 4279K, committed 4372K, reserved 1048576K
2016-10-23T18:05:19.908+0800: 84.912: [GC (Allocation Failure) 2016-10-23T18:05:19.908+0800: 84.912: [ParNew
Desired survivor size 20112992 bytes, new threshold 8 (max 8)
- age   1:    1510856 bytes,    1510856 total
- age   2:    1275272 bytes,    2786128 total
- age   3:    8447552 bytes,   11233680 total
- age   4:    2758672 bytes,   13992352 total
- age   5:    2127944 bytes,   16120296 total
- age   6:    1344576 bytes,   17464872 total
- age   7:    1213848 bytes,   18678720 total
- age   8:    1397728 bytes,   20076448 total
: 109248K->21824K(109248K), 0.0057033 secs] 208439K->121447K(502464K), 0.0057494 secs] [Times: user=0.02 sys=0.00, real=0.01 secs] 
Heap after GC invocations=252 (full 5):
 par new generation   total 109248K, used 21824K [0x00000007a0000000, 0x00000007a8000000, 0x00000007a8000000)
  eden space 87424K,   0% used [0x00000007a0000000, 0x00000007a0000000, 0x00000007a5560000)
  from space 21824K, 100% used [0x00000007a5560000, 0x00000007a6ab0000, 0x00000007a6ab0000)
  to   space 21824K,   0% used [0x00000007a6ab0000, 0x00000007a6ab0000, 0x00000007a8000000)
 concurrent mark-sweep generation total 393216K, used 99623K [0x00000007a8000000, 0x00000007c0000000, 0x00000007c0000000)
 Metaspace       used 36004K, capacity 36608K, committed 36880K, reserved 1081344K
  class space    used 4112K, capacity 4279K, committed 4372K, reserved 1048576K
}
2016-10-23T18:05:19.914+0800: 84.918: Total time for which application threads were stopped: 0.0060128 seconds, Stopping threads took: 0.0000679 seconds
{Heap before GC invocations=252 (full 5):
 par new generation   total 109248K, used 109248K [0x00000007a0000000, 0x00000007a8000000, 0x00000007a8000000)
  eden space 87424K, 100% used [0x00000007a0000000, 0x00000007a5560000, 0x00000007a5560000)
  from space 21824K, 100% used [0x00000007a5560000, 0x00000007a6ab0000, 0x00000007a6ab0000)
  to   space 21824K,   0% used [0x00000007a6ab0000, 0x00000007a6ab0000, 0x00000007a8000000)
 concurrent mark-sweep generation total 393216K, used 99623K [0x00000007a8000000, 0x00000007c0000000, 0x00000007c0000000)
 Metaspace       used 36005K, capacity 36608K, committed 36880K, reserved 1081344K
  class space    used 4112K, capacity 4279K, committed 4372K, reserved 1048576K
2016-10-23T18:05:20.015+0800: 85.019: [GC (Allocation Failure) 2016-10-23T18:05:20.015+0800: 85.019: [ParNew
Desired survivor size 20112992 bytes, new threshold 8 (max 8)
- age   1:    3433504 bytes,    3433504 total
- age   2:     341264 bytes,    3774768 total
- age   3:     519928 bytes,    4294696 total
- age   4:    8319968 bytes,   12614664 total
- age   5:    2636248 bytes,   15250912 total
- age   6:    2016664 bytes,   17267576 total
- age   7:    1230104 bytes,   18497680 total
- age   8:    1115704 bytes,   19613384 total
: 109248K->21824K(109248K), 0.0089529 secs] 208871K->124412K(502464K), 0.0090382 secs] [Times: user=0.04 sys=0.00, real=0.01 secs] 
Heap after GC invocations=253 (full 5):
 par new generation   total 109248K, used 21824K [0x00000007a0000000, 0x00000007a8000000, 0x00000007a8000000)
  eden space 87424K,   0% used [0x00000007a0000000, 0x00000007a0000000, 0x00000007a5560000)
  from space 21824K, 100% used [0x00000007a6ab0000, 0x00000007a8000000, 0x00000007a8000000)
  to   space 21824K,   0% used [0x00000007a5560000, 0x00000007a5560000, 0x00000007a6ab0000)
 concurrent mark-sweep generation total 393216K, used 102588K [0x00000007a8000000, 0x00000007c0000000, 0x00000007c0000000)
 Metaspace       used 36005K, capacity 36608K, committed 36880K, reserved 1081344K
  class space    used 4112K, capacity 4279K, committed 4372K, reserved 1048576K
}
2016-10-23T18:05:20.024+0800: 85.028: Total time for which application threads were stopped: 0.0092425 seconds, Stopping threads took: 0.0000333 seconds
{Heap before GC invocations=253 (full 5):
 par new generation   total 109248K, used 109248K [0x00000007a0000000, 0x00000007a8000000, 0x00000007a8000000)
  eden space 87424K, 100% used [0x00000007a0000000, 0x00000007a5560000, 0x00000007a5560000)
  from space 21824K, 100% used [0x00000007a6ab0000, 0x00000007a8000000, 0x00000007a8000000)
  to   space 21824K,   0% used [0x00000007a5560000, 0x00000007a5560000, 0x00000007a6ab0000)
 concurrent mark-sweep generation total 393216K, used 102588K [0x00000007a8000000, 0x00000007c0000000, 0x00000007c0000000)
 Metaspace       used 36005K, capacity 36608K, committed 36880K, reserved 1081344K
  class space    used 4112K, capacity 4279K, committed 4372K, reserved 1048576K
2016-10-23T18:05:20.156+0800: 85.160: [GC (Allocation Failure) 2016-10-23T18:05:20.156+0800: 85.160: [ParNew
Desired survivor size 20112992 bytes, new threshold 8 (max 8)
- age   1:    5721088 bytes,    5721088 total
- age   2:    1593320 bytes,    7314408 total
- age   3:     166336 bytes,    7480744 total
- age   4:     492048 bytes,    7972792 total
- age   5:    7171400 bytes,   15144192 total
- age   6:    2620552 bytes,   17764744 total
- age   7:    1999424 bytes,   19764168 total
- age   8:    1218872 bytes,   20983040 total
: 109248K->21824K(109248K), 0.0076981 secs] 211836K->127561K(502464K), 0.0077722 secs] [Times: user=0.02 sys=0.00, real=0.01 secs] 
Heap after GC invocations=254 (full 5):
 par new generation   total 109248K, used 21824K [0x00000007a0000000, 0x00000007a8000000, 0x00000007a8000000)
  eden space 87424K,   0% used [0x00000007a0000000, 0x00000007a0000000, 0x00000007a5560000)
  from space 21824K, 100% used [0x00000007a5560000, 0x00000007a6ab0000, 0x00000007a6ab0000)
  to   space 21824K,   0% used [0x00000007a6ab0000, 0x00000007a6ab0000, 0x00000007a8000000)
 concurrent mark-sweep generation total 393216K, used 105737K [0x00000007a8000000, 0x00000007c0000000, 0x00000007c0000000)
 Metaspace       used 36005K, capacity 36608K, committed 36880K, reserved 1081344K
  class space    used 4112K, capacity 4279K, committed 4372K, reserved 1048576K
}
2016-10-23T18:05:20.164+0800: 85.168: Total time for which application threads were stopped: 0.0080249 seconds, Stopping threads took: 0.0000638 seconds
{Heap before GC invocations=254 (full 5):
 par new generation   total 109248K, used 109248K [0x00000007a0000000, 0x00000007a8000000, 0x00000007a8000000)
  eden space 87424K, 100% used [0x00000007a0000000, 0x00000007a5560000, 0x00000007a5560000)
  from space 21824K, 100% used [0x00000007a5560000, 0x00000007a6ab0000, 0x00000007a6ab0000)
  to   space 21824K,   0% used [0x00000007a6ab0000, 0x00000007a6ab0000, 0x00000007a8000000)
 concurrent mark-sweep generation total 393216K, used 105737K [0x00000007a8000000, 0x00000007c0000000, 0x00000007c0000000)
 Metaspace       used 36005K, capacity 36608K, committed 36880K, reserved 1081344K
  class space    used 4112K, capacity 4279K, committed 4372K, reserved 1048576K
2016-10-23T18:05:20.294+0800: 85.298: [GC (Allocation Failure) 2016-10-23T18:05:20.294+0800: 85.298: [ParNew
Desired survivor size 20112992 bytes, new threshold 8 (max 8)
- age   1:    4468688 bytes,    4468688 total
- age   2:    3101888 bytes,    7570576 total
- age   3:    1385496 bytes,    8956072 total
- age   4:     146560 bytes,    9102632 total
- age   5:     432784 bytes,    9535416 total
- age   6:    7045328 bytes,   16580744 total
- age   7:    2620024 bytes,   19200768 total
- age   8:    1998328 bytes,   21199096 total
: 109248K->21824K(109248K), 0.0077345 secs] 214985K->131382K(502464K), 0.0077969 secs] [Times: user=0.02 sys=0.00, real=0.01 secs] 
Heap after GC invocations=255 (full 5):
 par new generation   total 109248K, used 21824K [0x00000007a0000000, 0x00000007a8000000, 0x00000007a8000000)
  eden space 87424K,   0% used [0x00000007a0000000, 0x00000007a0000000, 0x00000007a5560000)
  from space 21824K, 100% used [0x00000007a6ab0000, 0x00000007a8000000, 0x00000007a8000000)
  to   space 21824K,   0% used [0x00000007a5560000, 0x00000007a5560000, 0x00000007a6ab0000)
 concurrent mark-sweep generation total 393216K, used 109558K [0x00000007a8000000, 0x00000007c0000000, 0x00000007c0000000)
 Metaspace       used 36005K, capacity 36608K, committed 36880K, reserved 1081344K
  class space    used 4112K, capacity 4279K, committed 4372K, reserved 1048576K
}
2016-10-23T18:05:20.302+0800: 85.306: Total time for which application threads were stopped: 0.0080041 seconds, Stopping threads took: 0.0000655 seconds
{Heap before GC invocations=255 (full 5):
 par new generation   total 109248K, used 109248K [0x00000007a0000000, 0x00000007a8000000, 0x00000007a8000000)
  eden space 87424K, 100% used [0x00000007a0000000, 0x00000007a5560000, 0x00000007a5560000)
  from space 21824K, 100% used [0x00000007a6ab0000, 0x00000007a8000000, 0x00000007a8000000)
  to   space 21824K,   0% used [0x00000007a5560000, 0x00000007a5560000, 0x00000007a6ab0000)
 concurrent mark-sweep generation total 393216K, used 109558K [0x00000007a8000000, 0x00000007c0000000, 0x00000007c0000000)
 Metaspace       used 36005K, capacity 36608K, committed 36880K, reserved 1081344K
  class space    used 4112K, capacity 4279K, committed 4372K, reserved 1048576K
2016-10-23T18:05:20.440+0800: 85.444: [GC (Allocation Failure) 2016-10-23T18:05:20.440+0800: 85.444: [ParNew
Desired survivor size 20112992 bytes, new threshold 8 (max 8)
- age   1:    5759856 bytes,    5759856 total
- age   2:    1647592 bytes,    7407448 total
- age   3:    2250136 bytes,    9657584 total
- age   4:    1197848 bytes,   10855432 total
- age   5:     146560 bytes,   11001992 total
- age   6:     415296 bytes,   11417288 total
- age   7:    6382656 bytes,   17799944 total
- age   8:    2568912 bytes,   20368856 total
: 109248K->21824K(109248K), 0.0070234 secs] 218806K->137613K(502464K), 0.0070731 secs] [Times: user=0.02 sys=0.00, real=0.00 secs] 
Heap after GC invocations=256 (full 5):
 par new generation   total 109248K, used 21824K [0x00000007a0000000, 0x00000007a8000000, 0x00000007a8000000)
  eden space 87424K,   0% used [0x00000007a0000000, 0x00000007a0000000, 0x00000007a5560000)
  from space 21824K, 100% used [0x00000007a5560000, 0x00000007a6ab0000, 0x00000007a6ab0000)
  to   space 21824K,   0% used [0x00000007a6ab0000, 0x00000007a6ab0000, 0x00000007a8000000)
 concurrent mark-sweep generation total 393216K, used 115789K [0x00000007a8000000, 0x00000007c0000000, 0x00000007c0000000)
 Metaspace       used 36005K, capacity 36608K, committed 36880K, reserved 1081344K
  class space    used 4112K, capacity 4279K, committed 4372K, reserved 1048576K
}
2016-10-23T18:05:20.447+0800: 85.451: Total time for which application threads were stopped: 0.0073139 seconds, Stopping threads took: 0.0000905 seconds
{Heap before GC invocations=256 (full 5):
 par new generation   total 109248K, used 109248K [0x00000007a0000000, 0x00000007a8000000, 0x00000007a8000000)
  eden space 87424K, 100% used [0x00000007a0000000, 0x00000007a5560000, 0x00000007a5560000)
  from space 21824K, 100% used [0x00000007a5560000, 0x00000007a6ab0000, 0x00000007a6ab0000)
  to   space 21824K,   0% used [0x00000007a6ab0000, 0x00000007a6ab0000, 0x00000007a8000000)
 concurrent mark-sweep generation total 393216K, used 115789K [0x00000007a8000000, 0x00000007c0000000, 0x00000007c0000000)
 Metaspace       used 36005K, capacity 36608K, committed 36880K, reserved 1081344K
  class space    used 4112K, capacity 4279K, committed 4372K, reserved 1048576K
2016-10-23T18:05:20.590+0800: 85.594: [GC (Allocation Failure) 2016-10-23T18:05:20.590+0800: 85.594: [ParNew
Desired survivor size 20112992 bytes, new threshold 8 (max 8)
- age   1:    6781768 bytes,    6781768 total
- age   2:    2532232 bytes,    9314000 total
- age   3:    1496920 bytes,   10810920 total
- age   4:    1572552 bytes,   12383472 total
- age   5:     772216 bytes,   13155688 total
- age   6:     139440 bytes,   13295128 total
- age   7:     393792 bytes,   13688920 total
- age   8:    6364864 bytes,   20053784 total
: 109248K->21824K(109248K), 0.0111103 secs] 225037K->144012K(502464K), 0.0112348 secs] [Times: user=0.04 sys=0.00, real=0.01 secs] 
Heap after GC invocations=257 (full 5):
 par new generation   total 109248K, used 21824K [0x00000007a0000000, 0x00000007a8000000, 0x00000007a8000000)
  eden space 87424K,   0% used [0x00000007a0000000, 0x00000007a0000000, 0x00000007a5560000)
  from space 21824K, 100% used [0x00000007a6ab0000, 0x00000007a8000000, 0x00000007a8000000)
  to   space 21824K,   0% used [0x00000007a5560000, 0x00000007a5560000, 0x00000007a6ab0000)
 concurrent mark-sweep generation total 393216K, used 122188K [0x00000007a8000000, 0x00000007c0000000, 0x00000007c0000000)
 Metaspace       used 36005K, capacity 36608K, committed 36880K, reserved 1081344K
  class space    used 4112K, capacity 4279K, committed 4372K, reserved 1048576K
}
2016-10-23T18:05:20.602+0800: 85.605: Total time for which application threads were stopped: 0.0115810 seconds, Stopping threads took: 0.0000774 seconds
2016-10-23T18:05:20.707+0800: 85.711: Total time for which application threads were stopped: 0.0001980 seconds, Stopping threads took: 0.0000764 seconds
{Heap before GC invocations=257 (full 5):
 par new generation   total 109248K, used 109248K [0x00000007a0000000, 0x00000007a8000000, 0x00000007a8000000)
  eden space 87424K, 100% used [0x00000007a0000000, 0x00000007a5560000, 0x00000007a5560000)
  from space 21824K, 100% used [0x00000007a6ab0000, 0x00000007a8000000, 0x00000007a8000000)
  to   space 21824K,   0% used [0x00000007a5560000, 0x00000007a5560000, 0x00000007a6ab0000)
 concurrent mark-sweep generation total 393216K, used 122188K [0x00000007a8000000, 0x00000007c0000000, 0x00000007c0000000)
 Metaspace       used 36007K, capacity 36608K, committed 36880K, reserved 1081344K
  class space    used 4112K, capacity 4279K, committed 4372K, reserved 1048576K
2016-10-23T18:05:20.771+0800: 85.775: [GC (Allocation Failure) 2016-10-23T18:05:20.771+0800: 85.775: [ParNew
Desired survivor size 20112992 bytes, new threshold 8 (max 8)
- age   1:    9201168 bytes,    9201168 total
- age   2:    3602624 bytes,   12803792 total
- age   3:    2312720 bytes,   15116512 total
- age   4:    1309576 bytes,   16426088 total
- age   5:    1095784 bytes,   17521872 total
- age   6:     634584 bytes,   18156456 total
- age   7:     115280 bytes,   18271736 total
- age   8:     384376 bytes,   18656112 total
: 109248K->21824K(109248K), 0.0092556 secs] 231436K->150789K(502464K), 0.0093300 secs] [Times: user=0.03 sys=0.00, real=0.01 secs] 
Heap after GC invocations=258 (full 5):
 par new generation   total 109248K, used 21824K [0x00000007a0000000, 0x00000007a8000000, 0x00000007a8000000)
  eden space 87424K,   0% used [0x00000007a0000000, 0x00000007a0000000, 0x00000007a5560000)
  from space 21824K, 100% used [0x00000007a5560000, 0x00000007a6ab0000, 0x00000007a6ab0000)
  to   space 21824K,   0% used [0x00000007a6ab0000, 0x00000007a6ab0000, 0x00000007a8000000)
 concurrent mark-sweep generation total 393216K, used 128965K [0x00000007a8000000, 0x00000007c0000000, 0x00000007c0000000)
 Metaspace       used 36007K, capacity 36608K, committed 36880K, reserved 1081344K
  class space    used 4112K, capacity 4279K, committed 4372K, reserved 1048576K
}
2016-10-23T18:05:20.780+0800: 85.784: Total time for which application threads were stopped: 0.0096588 seconds, Stopping threads took: 0.0000971 seconds
{Heap before GC invocations=258 (full 5):
 par new generation   total 109248K, used 109248K [0x00000007a0000000, 0x00000007a8000000, 0x00000007a8000000)
  eden space 87424K, 100% used [0x00000007a0000000, 0x00000007a5560000, 0x00000007a5560000)
  from space 21824K, 100% used [0x00000007a5560000, 0x00000007a6ab0000, 0x00000007a6ab0000)
  to   space 21824K,   0% used [0x00000007a6ab0000, 0x00000007a6ab0000, 0x00000007a8000000)
 concurrent mark-sweep generation total 393216K, used 128965K [0x00000007a8000000, 0x00000007c0000000, 0x00000007c0000000)
 Metaspace       used 36007K, capacity 36608K, committed 36880K, reserved 1081344K
  class space    used 4112K, capacity 4279K, committed 4372K, reserved 1048576K
2016-10-23T18:05:20.895+0800: 85.900: [GC (Allocation Failure) 2016-10-23T18:05:20.896+0800: 85.900: [ParNew
Desired survivor size 20112992 bytes, new threshold 8 (max 8)
- age   1:    1906312 bytes,    1906312 total
- age   2:    8800616 bytes,   10706928 total
- age   3:    3567992 bytes,   14274920 total
- age   4:    2310896 bytes,   16585816 total
- age   5:    1297960 bytes,   17883776 total
- age   6:    1116664 bytes,   19000440 total
- age   7:     665472 bytes,   19665912 total
- age   8:     146984 bytes,   19812896 total
: 109248K->21824K(109248K), 0.0082440 secs] 238213K->151293K(502464K), 0.0083045 secs] [Times: user=0.03 sys=0.00, real=0.01 secs] 
Heap after GC invocations=259 (full 5):
 par new generation   total 109248K, used 21824K [0x00000007a0000000, 0x00000007a8000000, 0x00000007a8000000)
  eden space 87424K,   0% used [0x00000007a0000000, 0x00000007a0000000, 0x00000007a5560000)
  from space 21824K, 100% used [0x00000007a6ab0000, 0x00000007a8000000, 0x00000007a8000000)
  to   space 21824K,   0% used [0x00000007a5560000, 0x00000007a5560000, 0x00000007a6ab0000)
 concurrent mark-sweep generation total 393216K, used 129469K [0x00000007a8000000, 0x00000007c0000000, 0x00000007c0000000)
 Metaspace       used 36007K, capacity 36608K, committed 36880K, reserved 1081344K
  class space    used 4112K, capacity 4279K, committed 4372K, reserved 1048576K
}
2016-10-23T18:05:20.904+0800: 85.908: Total time for which application threads were stopped: 0.0085645 seconds, Stopping threads took: 0.0000690 seconds
{Heap before GC invocations=259 (full 5):
 par new generation   total 109248K, used 109248K [0x00000007a0000000, 0x00000007a8000000, 0x00000007a8000000)
  eden space 87424K, 100% used [0x00000007a0000000, 0x00000007a5560000, 0x00000007a5560000)
  from space 21824K, 100% used [0x00000007a6ab0000, 0x00000007a8000000, 0x00000007a8000000)
  to   space 21824K,   0% used [0x00000007a5560000, 0x00000007a5560000, 0x00000007a6ab0000)
 concurrent mark-sweep generation total 393216K, used 129469K [0x00000007a8000000, 0x00000007c0000000, 0x00000007c0000000)
 Metaspace       used 36007K, capacity 36608K, committed 36880K, reserved 1081344K
  class space    used 4112K, capacity 4279K, committed 4372K, reserved 1048576K
2016-10-23T18:05:21.005+0800: 86.009: [GC (Allocation Failure) 2016-10-23T18:05:21.005+0800: 86.009: [ParNew
Desired survivor size 20112992 bytes, new threshold 8 (max 8)
- age   1:    1934912 bytes,    1934912 total
- age   2:     936552 bytes,    2871464 total
- age   3:    7335024 bytes,   10206488 total
- age   4:    2858784 bytes,   13065272 total
- age   5:    1941240 bytes,   15006512 total
- age   6:    1228144 bytes,   16234656 total
- age   7:    1016632 bytes,   17251288 total
- age   8:     557912 bytes,   17809200 total
: 109248K->21824K(109248K), 0.0064562 secs] 238717K->153744K(502464K), 0.0065213 secs] [Times: user=0.02 sys=0.00, real=0.01 secs] 
Heap after GC invocations=260 (full 5):
 par new generation   total 109248K, used 21824K [0x00000007a0000000, 0x00000007a8000000, 0x00000007a8000000)
  eden space 87424K,   0% used [0x00000007a0000000, 0x00000007a0000000, 0x00000007a5560000)
  from space 21824K, 100% used [0x00000007a5560000, 0x00000007a6ab0000, 0x00000007a6ab0000)
  to   space 21824K,   0% used [0x00000007a6ab0000, 0x00000007a6ab0000, 0x00000007a8000000)
 concurrent mark-sweep generation total 393216K, used 131920K [0x00000007a8000000, 0x00000007c0000000, 0x00000007c0000000)
 Metaspace       used 36007K, capacity 36608K, committed 36880K, reserved 1081344K
  class space    used 4112K, capacity 4279K, committed 4372K, reserved 1048576K
}
2016-10-23T18:05:21.012+0800: 86.016: Total time for which application threads were stopped: 0.0067531 seconds, Stopping threads took: 0.0000592 seconds
{Heap before GC invocations=260 (full 5):
 par new generation   total 109248K, used 109248K [0x00000007a0000000, 0x00000007a8000000, 0x00000007a8000000)
  eden space 87424K, 100% used [0x00000007a0000000, 0x00000007a5560000, 0x00000007a5560000)
  from space 21824K, 100% used [0x00000007a5560000, 0x00000007a6ab0000, 0x00000007a6ab0000)
  to   space 21824K,   0% used [0x00000007a6ab0000, 0x00000007a6ab0000, 0x00000007a8000000)
 concurrent mark-sweep generation total 393216K, used 131920K [0x00000007a8000000, 0x00000007c0000000, 0x00000007c0000000)
 Metaspace       used 36007K, capacity 36608K, committed 36880K, reserved 1081344K
  class space    used 4112K, capacity 4279K, committed 4372K, reserved 1048576K
2016-10-23T18:05:21.191+0800: 86.195: [GC (Allocation Failure) 2016-10-23T18:05:21.191+0800: 86.195: [ParNew
Desired survivor size 20112992 bytes, new threshold 8 (max 8)
- age   1:    3960696 bytes,    3960696 total
- age   2:     884704 bytes,    4845400 total
- age   3:     821816 bytes,    5667216 total
- age   4:    6919840 bytes,   12587056 total
- age   5:    2662464 bytes,   15249520 total
- age   6:    1765616 bytes,   17015136 total
- age   7:    1089288 bytes,   18104424 total
- age   8:     903936 bytes,   19008360 total
: 109248K->21824K(109248K), 0.0081387 secs] 241168K->155863K(502464K), 0.0081952 secs] [Times: user=0.03 sys=0.00, real=0.00 secs] 
Heap after GC invocations=261 (full 5):
 par new generation   total 109248K, used 21824K [0x00000007a0000000, 0x00000007a8000000, 0x00000007a8000000)
  eden space 87424K,   0% used [0x00000007a0000000, 0x00000007a0000000, 0x00000007a5560000)
  from space 21824K, 100% used [0x00000007a6ab0000, 0x00000007a8000000, 0x00000007a8000000)
  to   space 21824K,   0% used [0x00000007a5560000, 0x00000007a5560000, 0x00000007a6ab0000)
 concurrent mark-sweep generation total 393216K, used 134039K [0x00000007a8000000, 0x00000007c0000000, 0x00000007c0000000)
 Metaspace       used 36007K, capacity 36608K, committed 36880K, reserved 1081344K
  class space    used 4112K, capacity 4279K, committed 4372K, reserved 1048576K
}
2016-10-23T18:05:21.199+0800: 86.203: Total time for which application threads were stopped: 0.0084259 seconds, Stopping threads took: 0.0000589 seconds
{Heap before GC invocations=261 (full 5):
 par new generation   total 109248K, used 109248K [0x00000007a0000000, 0x00000007a8000000, 0x00000007a8000000)
  eden space 87424K, 100% used [0x00000007a0000000, 0x00000007a5560000, 0x00000007a5560000)
  from space 21824K, 100% used [0x00000007a6ab0000, 0x00000007a8000000, 0x00000007a8000000)
  to   space 21824K,   0% used [0x00000007a5560000, 0x00000007a5560000, 0x00000007a6ab0000)
 concurrent mark-sweep generation total 393216K, used 134039K [0x00000007a8000000, 0x00000007c0000000, 0x00000007c0000000)
 Metaspace       used 36007K, capacity 36608K, committed 36880K, reserved 1081344K
  class space    used 4112K, capacity 4279K, committed 4372K, reserved 1048576K
2016-10-23T18:05:21.391+0800: 86.395: [GC (Allocation Failure) 2016-10-23T18:05:21.391+0800: 86.395: [ParNew
Desired survivor size 20112992 bytes, new threshold 8 (max 8)
- age   1:    5864472 bytes,    5864472 total
- age   2:    2554272 bytes,    8418744 total
- age   3:     552496 bytes,    8971240 total
- age   4:     736976 bytes,    9708216 total
- age   5:    6460408 bytes,   16168624 total
- age   6:    2296224 bytes,   18464848 total
- age   7:    1329928 bytes,   19794776 total
- age   8:     473408 bytes,   20268184 total
: 109248K->21824K(109248K), 0.0103484 secs] 243287K->160078K(502464K), 0.0104197 secs] [Times: user=0.03 sys=0.00, real=0.01 secs] 
Heap after GC invocations=262 (full 5):
 par new generation   total 109248K, used 21824K [0x00000007a0000000, 0x00000007a8000000, 0x00000007a8000000)
  eden space 87424K,   0% used [0x00000007a0000000, 0x00000007a0000000, 0x00000007a5560000)
  from space 21824K, 100% used [0x00000007a5560000, 0x00000007a6ab0000, 0x00000007a6ab0000)
  to   space 21824K,   0% used [0x00000007a6ab0000, 0x00000007a6ab0000, 0x00000007a8000000)
 concurrent mark-sweep generation total 393216K, used 138254K [0x00000007a8000000, 0x00000007c0000000, 0x00000007c0000000)
 Metaspace       used 36007K, capacity 36608K, committed 36880K, reserved 1081344K
  class space    used 4112K, capacity 4279K, committed 4372K, reserved 1048576K
}
2016-10-23T18:05:21.401+0800: 86.405: Total time for which application threads were stopped: 0.0106504 seconds, Stopping threads took: 0.0000723 seconds
{Heap before GC invocations=262 (full 5):
 par new generation   total 109248K, used 109248K [0x00000007a0000000, 0x00000007a8000000, 0x00000007a8000000)
  eden space 87424K, 100% used [0x00000007a0000000, 0x00000007a5560000, 0x00000007a5560000)
  from space 21824K, 100% used [0x00000007a5560000, 0x00000007a6ab0000, 0x00000007a6ab0000)
  to   space 21824K,   0% used [0x00000007a6ab0000, 0x00000007a6ab0000, 0x00000007a8000000)
 concurrent mark-sweep generation total 393216K, used 138254K [0x00000007a8000000, 0x00000007c0000000, 0x00000007c0000000)
 Metaspace       used 36007K, capacity 36608K, committed 36880K, reserved 1081344K
  class space    used 4112K, capacity 4279K, committed 4372K, reserved 1048576K
2016-10-23T18:05:21.594+0800: 86.598: [GC (Allocation Failure) 2016-10-23T18:05:21.594+0800: 86.598: [ParNew
Desired survivor size 20112992 bytes, new threshold 8 (max 8)
- age   1:    5191536 bytes,    5191536 total
- age   2:    2991656 bytes,    8183192 total
- age   3:    2312384 bytes,   10495576 total
- age   4:     506416 bytes,   11001992 total
- age   5:     705752 bytes,   11707744 total
- age   6:    5431840 bytes,   17139584 total
- age   7:    2286024 bytes,   19425608 total
- age   8:    1320744 bytes,   20746352 total
: 109248K->21824K(109248K), 0.0116395 secs] 247502K->163732K(502464K), 0.0116982 secs] [Times: user=0.04 sys=0.00, real=0.01 secs] 
Heap after GC invocations=263 (full 5):
 par new generation   total 109248K, used 21824K [0x00000007a0000000, 0x00000007a8000000, 0x00000007a8000000)
  eden space 87424K,   0% used [0x00000007a0000000, 0x00000007a0000000, 0x00000007a5560000)
  from space 21824K, 100% used [0x00000007a6ab0000, 0x00000007a8000000, 0x00000007a8000000)
  to   space 21824K,   0% used [0x00000007a5560000, 0x00000007a5560000, 0x00000007a6ab0000)
 concurrent mark-sweep generation total 393216K, used 141908K [0x00000007a8000000, 0x00000007c0000000, 0x00000007c0000000)
 Metaspace       used 36007K, capacity 36608K, committed 36880K, reserved 1081344K
  class space    used 4112K, capacity 4279K, committed 4372K, reserved 1048576K
}
2016-10-23T18:05:21.606+0800: 86.610: Total time for which application threads were stopped: 0.0123602 seconds, Stopping threads took: 0.0004709 seconds
{Heap before GC invocations=263 (full 5):
 par new generation   total 109248K, used 109248K [0x00000007a0000000, 0x00000007a8000000, 0x00000007a8000000)
  eden space 87424K, 100% used [0x00000007a0000000, 0x00000007a5560000, 0x00000007a5560000)
  from space 21824K, 100% used [0x00000007a6ab0000, 0x00000007a8000000, 0x00000007a8000000)
  to   space 21824K,   0% used [0x00000007a5560000, 0x00000007a5560000, 0x00000007a6ab0000)
 concurrent mark-sweep generation total 393216K, used 141908K [0x00000007a8000000, 0x00000007c0000000, 0x00000007c0000000)
 Metaspace       used 36007K, capacity 36608K, committed 36880K, reserved 1081344K
  class space    used 4112K, capacity 4279K, committed 4372K, reserved 1048576K
2016-10-23T18:05:21.797+0800: 86.801: [GC (Allocation Failure) 2016-10-23T18:05:21.797+0800: 86.801: [ParNew
Desired survivor size 20112992 bytes, new threshold 7 (max 8)
- age   1:    7736144 bytes,    7736144 total
- age   2:    2678840 bytes,   10414984 total
- age   3:    2402528 bytes,   12817512 total
- age   4:    2216928 bytes,   15034440 total
- age   5:     497888 bytes,   15532328 total
- age   6:     693896 bytes,   16226224 total
- age   7:    4054552 bytes,   20280776 total
- age   8:    1362784 bytes,   21643560 total
: 109248K->21824K(109248K), 0.0122093 secs] 251156K->166315K(502464K), 0.0122679 secs] [Times: user=0.04 sys=0.00, real=0.01 secs] 
Heap after GC invocations=264 (full 5):
 par new generation   total 109248K, used 21824K [0x00000007a0000000, 0x00000007a8000000, 0x00000007a8000000)
  eden space 87424K,   0% used [0x00000007a0000000, 0x00000007a0000000, 0x00000007a5560000)
  from space 21824K, 100% used [0x00000007a5560000, 0x00000007a6ab0000, 0x00000007a6ab0000)
  to   space 21824K,   0% used [0x00000007a6ab0000, 0x00000007a6ab0000, 0x00000007a8000000)
 concurrent mark-sweep generation total 393216K, used 144491K [0x00000007a8000000, 0x00000007c0000000, 0x00000007c0000000)
 Metaspace       used 36007K, capacity 36608K, committed 36880K, reserved 1081344K
  class space    used 4112K, capacity 4279K, committed 4372K, reserved 1048576K
}
2016-10-23T18:05:21.809+0800: 86.813: Total time for which application threads were stopped: 0.0125258 seconds, Stopping threads took: 0.0000790 seconds
{Heap before GC invocations=264 (full 5):
 par new generation   total 109248K, used 109248K [0x00000007a0000000, 0x00000007a8000000, 0x00000007a8000000)
  eden space 87424K, 100% used [0x00000007a0000000, 0x00000007a5560000, 0x00000007a5560000)
  from space 21824K, 100% used [0x00000007a5560000, 0x00000007a6ab0000, 0x00000007a6ab0000)
  to   space 21824K,   0% used [0x00000007a6ab0000, 0x00000007a6ab0000, 0x00000007a8000000)
 concurrent mark-sweep generation total 393216K, used 144491K [0x00000007a8000000, 0x00000007c0000000, 0x00000007c0000000)
 Metaspace       used 36007K, capacity 36608K, committed 36880K, reserved 1081344K
  class space    used 4112K, capacity 4279K, committed 4372K, reserved 1048576K
2016-10-23T18:05:21.905+0800: 86.909: [GC (Allocation Failure) 2016-10-23T18:05:21.905+0800: 86.909: [ParNew
Desired survivor size 20112992 bytes, new threshold 8 (max 8)
- age   1:    1485816 bytes,    1485816 total
- age   2:    6899528 bytes,    8385344 total
- age   3:    2517072 bytes,   10902416 total
- age   4:    2240232 bytes,   13142648 total
- age   5:    2023904 bytes,   15166552 total
- age   6:     488024 bytes,   15654576 total
- age   7:     682968 bytes,   16337544 total
: 109248K->21824K(109248K), 0.0074086 secs] 253739K->172219K(502464K), 0.0074644 secs] [Times: user=0.03 sys=0.00, real=0.01 secs] 
Heap after GC invocations=265 (full 5):
 par new generation   total 109248K, used 21824K [0x00000007a0000000, 0x00000007a8000000, 0x00000007a8000000)
  eden space 87424K,   0% used [0x00000007a0000000, 0x00000007a0000000, 0x00000007a5560000)
  from space 21824K, 100% used [0x00000007a6ab0000, 0x00000007a8000000, 0x00000007a8000000)
  to   space 21824K,   0% used [0x00000007a5560000, 0x00000007a5560000, 0x00000007a6ab0000)
 concurrent mark-sweep generation total 393216K, used 150395K [0x00000007a8000000, 0x00000007c0000000, 0x00000007c0000000)
 Metaspace       used 36007K, capacity 36608K, committed 36880K, reserved 1081344K
  class space    used 4112K, capacity 4279K, committed 4372K, reserved 1048576K
}
2016-10-23T18:05:21.912+0800: 86.917: Total time for which application threads were stopped: 0.0076956 seconds, Stopping threads took: 0.0000627 seconds
2016-10-23T18:05:21.948+0800: 86.952: Total time for which application threads were stopped: 0.0001775 seconds, Stopping threads took: 0.0000696 seconds
2016-10-23T18:05:21.962+0800: 86.966: Total time for which application threads were stopped: 0.0001452 seconds, Stopping threads took: 0.0000643 seconds
{Heap before GC invocations=265 (full 5):
 par new generation   total 109248K, used 109248K [0x00000007a0000000, 0x00000007a8000000, 0x00000007a8000000)
  eden space 87424K, 100% used [0x00000007a0000000, 0x00000007a5560000, 0x00000007a5560000)
  from space 21824K, 100% used [0x00000007a6ab0000, 0x00000007a8000000, 0x00000007a8000000)
  to   space 21824K,   0% used [0x00000007a5560000, 0x00000007a5560000, 0x00000007a6ab0000)
 concurrent mark-sweep generation total 393216K, used 150395K [0x00000007a8000000, 0x00000007c0000000, 0x00000007c0000000)
 Metaspace       used 36009K, capacity 36608K, committed 36880K, reserved 1081344K
  class space    used 4112K, capacity 4279K, committed 4372K, reserved 1048576K
2016-10-23T18:05:22.109+0800: 87.113: [GC (Allocation Failure) 2016-10-23T18:05:22.109+0800: 87.113: [ParNew
Desired survivor size 20112992 bytes, new threshold 8 (max 8)
- age   1:    5809992 bytes,    5809992 total
- age   2:     687736 bytes,    6497728 total
- age   3:    6547704 bytes,   13045432 total
- age   4:    2339968 bytes,   15385400 total
- age   5:    2215912 bytes,   17601312 total
- age   6:    1925288 bytes,   19526600 total
- age   7:     485400 bytes,   20012000 total
- age   8:     679528 bytes,   20691528 total
: 109248K->21824K(109248K), 0.0064038 secs] 259643K->173085K(502464K), 0.0064655 secs] [Times: user=0.02 sys=0.00, real=0.01 secs] 
Heap after GC invocations=266 (full 5):
 par new generation   total 109248K, used 21824K [0x00000007a0000000, 0x00000007a8000000, 0x00000007a8000000)
  eden space 87424K,   0% used [0x00000007a0000000, 0x00000007a0000000, 0x00000007a5560000)
  from space 21824K, 100% used [0x00000007a5560000, 0x00000007a6ab0000, 0x00000007a6ab0000)
  to   space 21824K,   0% used [0x00000007a6ab0000, 0x00000007a6ab0000, 0x00000007a8000000)
 concurrent mark-sweep generation total 393216K, used 151261K [0x00000007a8000000, 0x00000007c0000000, 0x00000007c0000000)
 Metaspace       used 36009K, capacity 36608K, committed 36880K, reserved 1081344K
  class space    used 4112K, capacity 4279K, committed 4372K, reserved 1048576K
}
2016-10-23T18:05:22.115+0800: 87.120: Total time for which application threads were stopped: 0.0067089 seconds, Stopping threads took: 0.0000567 seconds
{Heap before GC invocations=266 (full 5):
 par new generation   total 109248K, used 109216K [0x00000007a0000000, 0x00000007a8000000, 0x00000007a8000000)
  eden space 87424K,  99% used [0x00000007a0000000, 0x00000007a55582b0, 0x00000007a5560000)
  from space 21824K, 100% used [0x00000007a5560000, 0x00000007a6ab0000, 0x00000007a6ab0000)
  to   space 21824K,   0% used [0x00000007a6ab0000, 0x00000007a6ab0000, 0x00000007a8000000)
 concurrent mark-sweep generation total 393216K, used 151261K [0x00000007a8000000, 0x00000007c0000000, 0x00000007c0000000)
 Metaspace       used 36009K, capacity 36608K, committed 36880K, reserved 1081344K
  class space    used 4112K, capacity 4279K, committed 4372K, reserved 1048576K
2016-10-23T18:05:22.321+0800: 87.325: [GC (Allocation Failure) 2016-10-23T18:05:22.321+0800: 87.325: [ParNew
Desired survivor size 20112992 bytes, new threshold 7 (max 8)
- age   1:    5262752 bytes,    5262752 total
- age   2:    4136080 bytes,    9398832 total
- age   3:     669008 bytes,   10067840 total
- age   4:    5994720 bytes,   16062560 total
- age   5:    1690776 bytes,   17753336 total
- age   6:    1538576 bytes,   19291912 total
- age   7:    1191024 bytes,   20482936 total
- age   8:     452616 bytes,   20935552 total
: 109216K->21824K(109248K), 0.0080448 secs] 260478K->176569K(502464K), 0.0080993 secs] [Times: user=0.03 sys=0.00, real=0.01 secs] 
Heap after GC invocations=267 (full 5):
 par new generation   total 109248K, used 21824K [0x00000007a0000000, 0x00000007a8000000, 0x00000007a8000000)
  eden space 87424K,   0% used [0x00000007a0000000, 0x00000007a0000000, 0x00000007a5560000)
  from space 21824K, 100% used [0x00000007a6ab0000, 0x00000007a8000000, 0x00000007a8000000)
  to   space 21824K,   0% used [0x00000007a5560000, 0x00000007a5560000, 0x00000007a6ab0000)
 concurrent mark-sweep generation total 393216K, used 154745K [0x00000007a8000000, 0x00000007c0000000, 0x00000007c0000000)
 Metaspace       used 36009K, capacity 36608K, committed 36880K, reserved 1081344K
  class space    used 4112K, capacity 4279K, committed 4372K, reserved 1048576K
}
2016-10-23T18:05:22.330+0800: 87.334: Total time for which application threads were stopped: 0.0083528 seconds, Stopping threads took: 0.0001018 seconds
{Heap before GC invocations=267 (full 5):
 par new generation   total 109248K, used 109248K [0x00000007a0000000, 0x00000007a8000000, 0x00000007a8000000)
  eden space 87424K, 100% used [0x00000007a0000000, 0x00000007a5560000, 0x00000007a5560000)
  from space 21824K, 100% used [0x00000007a6ab0000, 0x00000007a8000000, 0x00000007a8000000)
  to   space 21824K,   0% used [0x00000007a5560000, 0x00000007a5560000, 0x00000007a6ab0000)
 concurrent mark-sweep generation total 393216K, used 154745K [0x00000007a8000000, 0x00000007c0000000, 0x00000007c0000000)
 Metaspace       used 36009K, capacity 36608K, committed 36880K, reserved 1081344K
  class space    used 4112K, capacity 4279K, committed 4372K, reserved 1048576K
2016-10-23T18:05:22.451+0800: 87.455: [GC (Allocation Failure) 2016-10-23T18:05:22.451+0800: 87.455: [ParNew
Desired survivor size 20112992 bytes, new threshold 7 (max 8)
- age   1:    4595296 bytes,    4595296 total
- age   2:    3085368 bytes,    7680664 total
- age   3:    3552616 bytes,   11233280 total
- age   4:     660200 bytes,   11893480 total
- age   5:    5885392 bytes,   17778872 total
- age   6:    1527344 bytes,   19306216 total
- age   7:    1373248 bytes,   20679464 total
: 109248K->21824K(109248K), 0.0106011 secs] 263993K->179232K(502464K), 0.0106988 secs] [Times: user=0.04 sys=0.00, real=0.01 secs] 
Heap after GC invocations=268 (full 5):
 par new generation   total 109248K, used 21824K [0x00000007a0000000, 0x00000007a8000000, 0x00000007a8000000)
  eden space 87424K,   0% used [0x00000007a0000000, 0x00000007a0000000, 0x00000007a5560000)
  from space 21824K, 100% used [0x00000007a5560000, 0x00000007a6ab0000, 0x00000007a6ab0000)
  to   space 21824K,   0% used [0x00000007a6ab0000, 0x00000007a6ab0000, 0x00000007a8000000)
 concurrent mark-sweep generation total 393216K, used 157408K [0x00000007a8000000, 0x00000007c0000000, 0x00000007c0000000)
 Metaspace       used 36009K, capacity 36608K, committed 36880K, reserved 1081344K
  class space    used 4112K, capacity 4279K, committed 4372K, reserved 1048576K
}
2016-10-23T18:05:22.462+0800: 87.466: Total time for which application threads were stopped: 0.0113254 seconds, Stopping threads took: 0.0002204 seconds
{Heap before GC invocations=268 (full 5):
 par new generation   total 109248K, used 109248K [0x00000007a0000000, 0x00000007a8000000, 0x00000007a8000000)
  eden space 87424K, 100% used [0x00000007a0000000, 0x00000007a5560000, 0x00000007a5560000)
  from space 21824K, 100% used [0x00000007a5560000, 0x00000007a6ab0000, 0x00000007a6ab0000)
  to   space 21824K,   0% used [0x00000007a6ab0000, 0x00000007a6ab0000, 0x00000007a8000000)
 concurrent mark-sweep generation total 393216K, used 157408K [0x00000007a8000000, 0x00000007c0000000, 0x00000007c0000000)
 Metaspace       used 36009K, capacity 36608K, committed 36880K, reserved 1081344K
  class space    used 4112K, capacity 4279K, committed 4372K, reserved 1048576K
2016-10-23T18:05:22.549+0800: 87.553: [GC (Allocation Failure) 2016-10-23T18:05:22.549+0800: 87.553: [ParNew
Desired survivor size 20112992 bytes, new threshold 8 (max 8)
- age   1:    3495240 bytes,    3495240 total
- age   2:    2289672 bytes,    5784912 total
- age   3:    2621288 bytes,    8406200 total
- age   4:    3235720 bytes,   11641920 total
- age   5:     603752 bytes,   12245672 total
- age   6:    5650240 bytes,   17895912 total
- age   7:    1482600 bytes,   19378512 total
: 109248K->21824K(109248K), 0.0120566 secs] 266656K->182347K(502464K), 0.0121651 secs] [Times: user=0.05 sys=0.00, real=0.02 secs] 
Heap after GC invocations=269 (full 5):
 par new generation   total 109248K, used 21824K [0x00000007a0000000, 0x00000007a8000000, 0x00000007a8000000)
  eden space 87424K,   0% used [0x00000007a0000000, 0x00000007a0000000, 0x00000007a5560000)
  from space 21824K, 100% used [0x00000007a6ab0000, 0x00000007a8000000, 0x00000007a8000000)
  to   space 21824K,   0% used [0x00000007a5560000, 0x00000007a5560000, 0x00000007a6ab0000)
 concurrent mark-sweep generation total 393216K, used 160523K [0x00000007a8000000, 0x00000007c0000000, 0x00000007c0000000)
 Metaspace       used 36009K, capacity 36608K, committed 36880K, reserved 1081344K
  class space    used 4112K, capacity 4279K, committed 4372K, reserved 1048576K
}
2016-10-23T18:05:22.561+0800: 87.565: Total time for which application threads were stopped: 0.0125456 seconds, Stopping threads took: 0.0001042 seconds
{Heap before GC invocations=269 (full 5):
 par new generation   total 109248K, used 109248K [0x00000007a0000000, 0x00000007a8000000, 0x00000007a8000000)
  eden space 87424K, 100% used [0x00000007a0000000, 0x00000007a5560000, 0x00000007a5560000)
  from space 21824K, 100% used [0x00000007a6ab0000, 0x00000007a8000000, 0x00000007a8000000)
  to   space 21824K,   0% used [0x00000007a5560000, 0x00000007a5560000, 0x00000007a6ab0000)
 concurrent mark-sweep generation total 393216K, used 160523K [0x00000007a8000000, 0x00000007c0000000, 0x00000007c0000000)
 Metaspace       used 36009K, capacity 36608K, committed 36880K, reserved 1081344K
  class space    used 4112K, capacity 4279K, committed 4372K, reserved 1048576K
2016-10-23T18:05:22.681+0800: 87.685: [GC (Allocation Failure) 2016-10-23T18:05:22.681+0800: 87.685: [ParNew
Desired survivor size 20112992 bytes, new threshold 8 (max 8)
- age   1:    5064672 bytes,    5064672 total
- age   2:    1188992 bytes,    6253664 total
- age   3:    1724400 bytes,    7978064 total
- age   4:    2483616 bytes,   10461680 total
- age   5:    2923120 bytes,   13384800 total
- age   6:     599592 bytes,   13984392 total
- age   7:    5375576 bytes,   19359968 total
- age   8:    1482600 bytes,   20842568 total
: 109248K->21824K(109248K), 0.0095328 secs] 269771K->184120K(502464K), 0.0096006 secs] [Times: user=0.03 sys=0.00, real=0.01 secs] 
Heap after GC invocations=270 (full 5):
 par new generation   total 109248K, used 21824K [0x00000007a0000000, 0x00000007a8000000, 0x00000007a8000000)
  eden space 87424K,   0% used [0x00000007a0000000, 0x00000007a0000000, 0x00000007a5560000)
  from space 21824K, 100% used [0x00000007a5560000, 0x00000007a6ab0000, 0x00000007a6ab0000)
  to   space 21824K,   0% used [0x00000007a6ab0000, 0x00000007a6ab0000, 0x00000007a8000000)
 concurrent mark-sweep generation total 393216K, used 162296K [0x00000007a8000000, 0x00000007c0000000, 0x00000007c0000000)
 Metaspace       used 36009K, capacity 36608K, committed 36880K, reserved 1081344K
  class space    used 4112K, capacity 4279K, committed 4372K, reserved 1048576K
}
2016-10-23T18:05:22.691+0800: 87.695: Total time for which application threads were stopped: 0.0098273 seconds, Stopping threads took: 0.0000833 seconds
2016-10-23T18:05:22.713+0800: 87.717: Total time for which application threads were stopped: 0.0001863 seconds, Stopping threads took: 0.0000824 seconds
{Heap before GC invocations=270 (full 5):
 par new generation   total 109248K, used 109248K [0x00000007a0000000, 0x00000007a8000000, 0x00000007a8000000)
  eden space 87424K, 100% used [0x00000007a0000000, 0x00000007a5560000, 0x00000007a5560000)
  from space 21824K, 100% used [0x00000007a5560000, 0x00000007a6ab0000, 0x00000007a6ab0000)
  to   space 21824K,   0% used [0x00000007a6ab0000, 0x00000007a6ab0000, 0x00000007a8000000)
 concurrent mark-sweep generation total 393216K, used 162296K [0x00000007a8000000, 0x00000007c0000000, 0x00000007c0000000)
 Metaspace       used 36009K, capacity 36608K, committed 36880K, reserved 1081344K
  class space    used 4112K, capacity 4279K, committed 4372K, reserved 1048576K
2016-10-23T18:05:22.811+0800: 87.815: [GC (Allocation Failure) 2016-10-23T18:05:22.811+0800: 87.815: [ParNew
Desired survivor size 20112992 bytes, new threshold 8 (max 8)
- age   1:    5514072 bytes,    5514072 total
- age   2:    4219088 bytes,    9733160 total
- age   3:     974392 bytes,   10707552 total
- age   4:    1487888 bytes,   12195440 total
- age   5:    2000168 bytes,   14195608 total
- age   6:    2172744 bytes,   16368352 total
- age   7:     541488 bytes,   16909840 total
- age   8:    4373736 bytes,   21283576 total
: 109248K->21824K(109248K), 0.0083780 secs] 271544K->185812K(502464K), 0.0084691 secs] [Times: user=0.03 sys=0.01, real=0.00 secs] 
Heap after GC invocations=271 (full 5):
 par new generation   total 109248K, used 21824K [0x00000007a0000000, 0x00000007a8000000, 0x00000007a8000000)
  eden space 87424K,   0% used [0x00000007a0000000, 0x00000007a0000000, 0x00000007a5560000)
  from space 21824K, 100% used [0x00000007a6ab0000, 0x00000007a8000000, 0x00000007a8000000)
  to   space 21824K,   0% used [0x00000007a5560000, 0x00000007a5560000, 0x00000007a6ab0000)
 concurrent mark-sweep generation total 393216K, used 163988K [0x00000007a8000000, 0x00000007c0000000, 0x00000007c0000000)
 Metaspace       used 36009K, capacity 36608K, committed 36880K, reserved 1081344K
  class space    used 4112K, capacity 4279K, committed 4372K, reserved 1048576K
}
2016-10-23T18:05:22.819+0800: 87.823: Total time for which application threads were stopped: 0.0087788 seconds, Stopping threads took: 0.0000666 seconds
{Heap before GC invocations=271 (full 5):
 par new generation   total 109248K, used 109248K [0x00000007a0000000, 0x00000007a8000000, 0x00000007a8000000)
  eden space 87424K, 100% used [0x00000007a0000000, 0x00000007a5560000, 0x00000007a5560000)
  from space 21824K, 100% used [0x00000007a6ab0000, 0x00000007a8000000, 0x00000007a8000000)
  to   space 21824K,   0% used [0x00000007a5560000, 0x00000007a5560000, 0x00000007a6ab0000)
 concurrent mark-sweep generation total 393216K, used 163988K [0x00000007a8000000, 0x00000007c0000000, 0x00000007c0000000)
 Metaspace       used 36009K, capacity 36608K, committed 36880K, reserved 1081344K
  class space    used 4112K, capacity 4279K, committed 4372K, reserved 1048576K
2016-10-23T18:05:22.889+0800: 87.893: [GC (Allocation Failure) 2016-10-23T18:05:22.889+0800: 87.893: [ParNew
Desired survivor size 20112992 bytes, new threshold 8 (max 8)
- age   1:    1225360 bytes,    1225360 total
- age   2:    4745968 bytes,    5971328 total
- age   3:    3972720 bytes,    9944048 total
- age   4:     910352 bytes,   10854400 total
- age   5:    1318104 bytes,   12172504 total
- age   6:    1839848 bytes,   14012352 total
- age   7:    2076016 bytes,   16088368 total
- age   8:     535480 bytes,   16623848 total
: 109248K->21824K(109248K), 0.0067541 secs] 273236K->190502K(502464K), 0.0068013 secs] [Times: user=0.02 sys=0.00, real=0.01 secs] 
Heap after GC invocations=272 (full 5):
 par new generation   total 109248K, used 21824K [0x00000007a0000000, 0x00000007a8000000, 0x00000007a8000000)
  eden space 87424K,   0% used [0x00000007a0000000, 0x00000007a0000000, 0x00000007a5560000)
  from space 21824K, 100% used [0x00000007a5560000, 0x00000007a6ab0000, 0x00000007a6ab0000)
  to   space 21824K,   0% used [0x00000007a6ab0000, 0x00000007a6ab0000, 0x00000007a8000000)
 concurrent mark-sweep generation total 393216K, used 168678K [0x00000007a8000000, 0x00000007c0000000, 0x00000007c0000000)
 Metaspace       used 36009K, capacity 36608K, committed 36880K, reserved 1081344K
  class space    used 4112K, capacity 4279K, committed 4372K, reserved 1048576K
}
2016-10-23T18:05:22.896+0800: 87.900: Total time for which application threads were stopped: 0.0070405 seconds, Stopping threads took: 0.0000809 seconds
{Heap before GC invocations=272 (full 5):
 par new generation   total 109248K, used 109248K [0x00000007a0000000, 0x00000007a8000000, 0x00000007a8000000)
  eden space 87424K, 100% used [0x00000007a0000000, 0x00000007a5560000, 0x00000007a5560000)
  from space 21824K, 100% used [0x00000007a5560000, 0x00000007a6ab0000, 0x00000007a6ab0000)
  to   space 21824K,   0% used [0x00000007a6ab0000, 0x00000007a6ab0000, 0x00000007a8000000)
 concurrent mark-sweep generation total 393216K, used 168678K [0x00000007a8000000, 0x00000007c0000000, 0x00000007c0000000)
 Metaspace       used 36012K, capacity 36608K, committed 36880K, reserved 1081344K
  class space    used 4112K, capacity 4279K, committed 4372K, reserved 1048576K
2016-10-23T18:05:23.010+0800: 88.014: [GC (Allocation Failure) 2016-10-23T18:05:23.010+0800: 88.014: [ParNew
Desired survivor size 20112992 bytes, new threshold 8 (max 8)
- age   1:    3208528 bytes,    3208528 total
- age   2:     526816 bytes,    3735344 total
- age   3:    4578992 bytes,    8314336 total
- age   4:    3850192 bytes,   12164528 total
- age   5:     833184 bytes,   12997712 total
- age   6:    1242232 bytes,   14239944 total
- age   7:    1708704 bytes,   15948648 total
- age   8:    1872336 bytes,   17820984 total
: 109248K->21824K(109248K), 0.0062399 secs] 277926K->190988K(502464K), 0.0062956 secs] [Times: user=0.02 sys=0.00, real=0.00 secs] 
Heap after GC invocations=273 (full 5):
 par new generation   total 109248K, used 21824K [0x00000007a0000000, 0x00000007a8000000, 0x00000007a8000000)
  eden space 87424K,   0% used [0x00000007a0000000, 0x00000007a0000000, 0x00000007a5560000)
  from space 21824K, 100% used [0x00000007a6ab0000, 0x00000007a8000000, 0x00000007a8000000)
  to   space 21824K,   0% used [0x00000007a5560000, 0x00000007a5560000, 0x00000007a6ab0000)
 concurrent mark-sweep generation total 393216K, used 169164K [0x00000007a8000000, 0x00000007c0000000, 0x00000007c0000000)
 Metaspace       used 36012K, capacity 36608K, committed 36880K, reserved 1081344K
  class space    used 4112K, capacity 4279K, committed 4372K, reserved 1048576K
}
2016-10-23T18:05:23.017+0800: 88.021: Total time for which application threads were stopped: 0.0065464 seconds, Stopping threads took: 0.0000625 seconds
{Heap before GC invocations=273 (full 5):
 par new generation   total 109248K, used 109248K [0x00000007a0000000, 0x00000007a8000000, 0x00000007a8000000)
  eden space 87424K, 100% used [0x00000007a0000000, 0x00000007a5560000, 0x00000007a5560000)
  from space 21824K, 100% used [0x00000007a6ab0000, 0x00000007a8000000, 0x00000007a8000000)
  to   space 21824K,   0% used [0x00000007a5560000, 0x00000007a5560000, 0x00000007a6ab0000)
 concurrent mark-sweep generation total 393216K, used 169164K [0x00000007a8000000, 0x00000007c0000000, 0x00000007c0000000)
 Metaspace       used 36012K, capacity 36608K, committed 36880K, reserved 1081344K
  class space    used 4112K, capacity 4279K, committed 4372K, reserved 1048576K
2016-10-23T18:05:23.138+0800: 88.142: [GC (Allocation Failure) 2016-10-23T18:05:23.138+0800: 88.142: [ParNew
Desired survivor size 20112992 bytes, new threshold 8 (max 8)
- age   1:    4424816 bytes,    4424816 total
- age   2:    1842248 bytes,    6267064 total
- age   3:     438280 bytes,    6705344 total
- age   4:    4568216 bytes,   11273560 total
- age   5:    3817200 bytes,   15090760 total
- age   6:     830968 bytes,   15921728 total
- age   7:    1242088 bytes,   17163816 total
- age   8:    1683968 bytes,   18847784 total
: 109248K->21824K(109248K), 0.0078338 secs] 278412K->192820K(502464K), 0.0079085 secs] [Times: user=0.02 sys=0.00, real=0.01 secs] 
Heap after GC invocations=274 (full 5):
 par new generation   total 109248K, used 21824K [0x00000007a0000000, 0x00000007a8000000, 0x00000007a8000000)
  eden space 87424K,   0% used [0x00000007a0000000, 0x00000007a0000000, 0x00000007a5560000)
  from space 21824K, 100% used [0x00000007a5560000, 0x00000007a6ab0000, 0x00000007a6ab0000)
  to   space 21824K,   0% used [0x00000007a6ab0000, 0x00000007a6ab0000, 0x00000007a8000000)
 concurrent mark-sweep generation total 393216K, used 170996K [0x00000007a8000000, 0x00000007c0000000, 0x00000007c0000000)
 Metaspace       used 36012K, capacity 36608K, committed 36880K, reserved 1081344K
  class space    used 4112K, capacity 4279K, committed 4372K, reserved 1048576K
}
2016-10-23T18:05:23.146+0800: 88.150: Total time for which application threads were stopped: 0.0082301 seconds, Stopping threads took: 0.0000894 seconds
{Heap before GC invocations=274 (full 5):
 par new generation   total 109248K, used 109248K [0x00000007a0000000, 0x00000007a8000000, 0x00000007a8000000)
  eden space 87424K, 100% used [0x00000007a0000000, 0x00000007a5560000, 0x00000007a5560000)
  from space 21824K, 100% used [0x00000007a5560000, 0x00000007a6ab0000, 0x00000007a6ab0000)
  to   space 21824K,   0% used [0x00000007a6ab0000, 0x00000007a6ab0000, 0x00000007a8000000)
 concurrent mark-sweep generation total 393216K, used 170996K [0x00000007a8000000, 0x00000007c0000000, 0x00000007c0000000)
 Metaspace       used 36012K, capacity 36608K, committed 36880K, reserved 1081344K
  class space    used 4112K, capacity 4279K, committed 4372K, reserved 1048576K
2016-10-23T18:05:23.225+0800: 88.229: [GC (Allocation Failure) 2016-10-23T18:05:23.225+0800: 88.230: [ParNew
Desired survivor size 20112992 bytes, new threshold 8 (max 8)
- age   1:    3472432 bytes,    3472432 total
- age   2:    2357672 bytes,    5830104 total
- age   3:    1753112 bytes,    7583216 total
- age   4:     432432 bytes,    8015648 total
- age   5:    4449256 bytes,   12464904 total
- age   6:    3788936 bytes,   16253840 total
- age   7:     811184 bytes,   17065024 total
- age   8:    1221256 bytes,   18286280 total
: 109248K->21824K(109248K), 0.0057553 secs] 280244K->194692K(502464K), 0.0058006 secs] [Times: user=0.02 sys=0.00, real=0.01 secs] 
Heap after GC invocations=275 (full 5):
 par new generation   total 109248K, used 21824K [0x00000007a0000000, 0x00000007a8000000, 0x00000007a8000000)
  eden space 87424K,   0% used [0x00000007a0000000, 0x00000007a0000000, 0x00000007a5560000)
  from space 21824K, 100% used [0x00000007a6ab0000, 0x00000007a8000000, 0x00000007a8000000)
  to   space 21824K,   0% used [0x00000007a5560000, 0x00000007a5560000, 0x00000007a6ab0000)
 concurrent mark-sweep generation total 393216K, used 172868K [0x00000007a8000000, 0x00000007c0000000, 0x00000007c0000000)
 Metaspace       used 36012K, capacity 36608K, committed 36880K, reserved 1081344K
  class space    used 4112K, capacity 4279K, committed 4372K, reserved 1048576K
}
2016-10-23T18:05:23.231+0800: 88.235: Total time for which application threads were stopped: 0.0060467 seconds, Stopping threads took: 0.0000556 seconds
{Heap before GC invocations=275 (full 5):
 par new generation   total 109248K, used 109248K [0x00000007a0000000, 0x00000007a8000000, 0x00000007a8000000)
  eden space 87424K, 100% used [0x00000007a0000000, 0x00000007a5560000, 0x00000007a5560000)
  from space 21824K, 100% used [0x00000007a6ab0000, 0x00000007a8000000, 0x00000007a8000000)
  to   space 21824K,   0% used [0x00000007a5560000, 0x00000007a5560000, 0x00000007a6ab0000)
 concurrent mark-sweep generation total 393216K, used 172868K [0x00000007a8000000, 0x00000007c0000000, 0x00000007c0000000)
 Metaspace       used 36012K, capacity 36608K, committed 36880K, reserved 1081344K
  class space    used 4112K, capacity 4279K, committed 4372K, reserved 1048576K
2016-10-23T18:05:23.324+0800: 88.328: [GC (Allocation Failure) 2016-10-23T18:05:23.324+0800: 88.328: [ParNew
Desired survivor size 20112992 bytes, new threshold 8 (max 8)
- age   1:    3753944 bytes,    3753944 total
- age   2:    1504728 bytes,    5258672 total
- age   3:    1864736 bytes,    7123408 total
- age   4:    1723408 bytes,    8846816 total
- age   5:     431592 bytes,    9278408 total
- age   6:    3779544 bytes,   13057952 total
- age   7:    3788840 bytes,   16846792 total
- age   8:     810992 bytes,   17657784 total
: 109248K->21824K(109248K), 0.0060057 secs] 282116K->197310K(502464K), 0.0060668 secs] [Times: user=0.02 sys=0.00, real=0.01 secs] 
Heap after GC invocations=276 (full 5):
 par new generation   total 109248K, used 21824K [0x00000007a0000000, 0x00000007a8000000, 0x00000007a8000000)
  eden space 87424K,   0% used [0x00000007a0000000, 0x00000007a0000000, 0x00000007a5560000)
  from space 21824K, 100% used [0x00000007a5560000, 0x00000007a6ab0000, 0x00000007a6ab0000)
  to   space 21824K,   0% used [0x00000007a6ab0000, 0x00000007a6ab0000, 0x00000007a8000000)
 concurrent mark-sweep generation total 393216K, used 175486K [0x00000007a8000000, 0x00000007c0000000, 0x00000007c0000000)
 Metaspace       used 36012K, capacity 36608K, committed 36880K, reserved 1081344K
  class space    used 4112K, capacity 4279K, committed 4372K, reserved 1048576K
}
2016-10-23T18:05:23.330+0800: 88.335: Total time for which application threads were stopped: 0.0062854 seconds, Stopping threads took: 0.0000784 seconds
{Heap before GC invocations=276 (full 5):
 par new generation   total 109248K, used 109248K [0x00000007a0000000, 0x00000007a8000000, 0x00000007a8000000)
  eden space 87424K, 100% used [0x00000007a0000000, 0x00000007a5560000, 0x00000007a5560000)
  from space 21824K, 100% used [0x00000007a5560000, 0x00000007a6ab0000, 0x00000007a6ab0000)
  to   space 21824K,   0% used [0x00000007a6ab0000, 0x00000007a6ab0000, 0x00000007a8000000)
 concurrent mark-sweep generation total 393216K, used 175486K [0x00000007a8000000, 0x00000007c0000000, 0x00000007c0000000)
 Metaspace       used 36012K, capacity 36608K, committed 36880K, reserved 1081344K
  class space    used 4112K, capacity 4279K, committed 4372K, reserved 1048576K
2016-10-23T18:05:23.480+0800: 88.485: [GC (Allocation Failure) 2016-10-23T18:05:23.481+0800: 88.485: [ParNew
Desired survivor size 20112992 bytes, new threshold 8 (max 8)
- age   1:    5791656 bytes,    5791656 total
- age   2:    1461920 bytes,    7253576 total
- age   3:    1244048 bytes,    8497624 total
- age   4:    1407744 bytes,    9905368 total
- age   5:    1575376 bytes,   11480744 total
- age   6:     395864 bytes,   11876608 total
- age   7:    3293576 bytes,   15170184 total
- age   8:    3592136 bytes,   18762320 total
: 109248K->21824K(109248K), 0.0077570 secs] 284734K->199926K(502464K), 0.0078059 secs] [Times: user=0.03 sys=0.00, real=0.00 secs] 
Heap after GC invocations=277 (full 5):
 par new generation   total 109248K, used 21824K [0x00000007a0000000, 0x00000007a8000000, 0x00000007a8000000)
  eden space 87424K,   0% used [0x00000007a0000000, 0x00000007a0000000, 0x00000007a5560000)
  from space 21824K, 100% used [0x00000007a6ab0000, 0x00000007a8000000, 0x00000007a8000000)
  to   space 21824K,   0% used [0x00000007a5560000, 0x00000007a5560000, 0x00000007a6ab0000)
 concurrent mark-sweep generation total 393216K, used 178102K [0x00000007a8000000, 0x00000007c0000000, 0x00000007c0000000)
 Metaspace       used 36012K, capacity 36608K, committed 36880K, reserved 1081344K
  class space    used 4112K, capacity 4279K, committed 4372K, reserved 1048576K
}
2016-10-23T18:05:23.488+0800: 88.492: Total time for which application threads were stopped: 0.0080455 seconds, Stopping threads took: 0.0000898 seconds
{Heap before GC invocations=277 (full 5):
 par new generation   total 109248K, used 109248K [0x00000007a0000000, 0x00000007a8000000, 0x00000007a8000000)
  eden space 87424K, 100% used [0x00000007a0000000, 0x00000007a5560000, 0x00000007a5560000)
  from space 21824K, 100% used [0x00000007a6ab0000, 0x00000007a8000000, 0x00000007a8000000)
  to   space 21824K,   0% used [0x00000007a5560000, 0x00000007a5560000, 0x00000007a6ab0000)
 concurrent mark-sweep generation total 393216K, used 178102K [0x00000007a8000000, 0x00000007c0000000, 0x00000007c0000000)
 Metaspace       used 36012K, capacity 36608K, committed 36880K, reserved 1081344K
  class space    used 4112K, capacity 4279K, committed 4372K, reserved 1048576K
2016-10-23T18:05:23.567+0800: 88.571: [GC (Allocation Failure) 2016-10-23T18:05:23.567+0800: 88.571: [ParNew
Desired survivor size 20112992 bytes, new threshold 8 (max 8)
- age   1:    5396512 bytes,    5396512 total
- age   2:    3114096 bytes,    8510608 total
- age   3:    1460904 bytes,    9971512 total
- age   4:     980248 bytes,   10951760 total
- age   5:    1407152 bytes,   12358912 total
- age   6:    1575784 bytes,   13934696 total
- age   7:     395936 bytes,   14330632 total
- age   8:    3292808 bytes,   17623440 total
: 109248K->21824K(109248K), 0.0087193 secs] 287350K->203436K(502464K), 0.0087691 secs] [Times: user=0.04 sys=0.00, real=0.01 secs] 
Heap after GC invocations=278 (full 5):
 par new generation   total 109248K, used 21824K [0x00000007a0000000, 0x00000007a8000000, 0x00000007a8000000)
  eden space 87424K,   0% used [0x00000007a0000000, 0x00000007a0000000, 0x00000007a5560000)
  from space 21824K, 100% used [0x00000007a5560000, 0x00000007a6ab0000, 0x00000007a6ab0000)
  to   space 21824K,   0% used [0x00000007a6ab0000, 0x00000007a6ab0000, 0x00000007a8000000)
 concurrent mark-sweep generation total 393216K, used 181612K [0x00000007a8000000, 0x00000007c0000000, 0x00000007c0000000)
 Metaspace       used 36012K, capacity 36608K, committed 36880K, reserved 1081344K
  class space    used 4112K, capacity 4279K, committed 4372K, reserved 1048576K
}
2016-10-23T18:05:23.575+0800: 88.579: Total time for which application threads were stopped: 0.0090340 seconds, Stopping threads took: 0.0001185 seconds
{Heap before GC invocations=278 (full 5):
 par new generation   total 109248K, used 109248K [0x00000007a0000000, 0x00000007a8000000, 0x00000007a8000000)
  eden space 87424K, 100% used [0x00000007a0000000, 0x00000007a5560000, 0x00000007a5560000)
  from space 21824K, 100% used [0x00000007a5560000, 0x00000007a6ab0000, 0x00000007a6ab0000)
  to   space 21824K,   0% used [0x00000007a6ab0000, 0x00000007a6ab0000, 0x00000007a8000000)
 concurrent mark-sweep generation total 393216K, used 181612K [0x00000007a8000000, 0x00000007c0000000, 0x00000007c0000000)
 Metaspace       used 36012K, capacity 36608K, committed 36880K, reserved 1081344K
  class space    used 4112K, capacity 4279K, committed 4372K, reserved 1048576K
2016-10-23T18:05:23.690+0800: 88.694: [GC (Allocation Failure) 2016-10-23T18:05:23.690+0800: 88.694: [ParNew
Desired survivor size 20112992 bytes, new threshold 8 (max 8)
- age   1:    5785224 bytes,    5785224 total
- age   2:    2109240 bytes,    7894464 total
- age   3:    2726416 bytes,   10620880 total
- age   4:    1403360 bytes,   12024240 total
- age   5:     961056 bytes,   12985296 total
- age   6:    1345200 bytes,   14330496 total
- age   7:    1544568 bytes,   15875064 total
- age   8:     387608 bytes,   16262672 total
: 109248K->21824K(109248K), 0.0068160 secs] 290860K->207597K(502464K), 0.0068594 secs] [Times: user=0.03 sys=0.00, real=0.00 secs] 
Heap after GC invocations=279 (full 5):
 par new generation   total 109248K, used 21824K [0x00000007a0000000, 0x00000007a8000000, 0x00000007a8000000)
  eden space 87424K,   0% used [0x00000007a0000000, 0x00000007a0000000, 0x00000007a5560000)
  from space 21824K, 100% used [0x00000007a6ab0000, 0x00000007a8000000, 0x00000007a8000000)
  to   space 21824K,   0% used [0x00000007a5560000, 0x00000007a5560000, 0x00000007a6ab0000)
 concurrent mark-sweep generation total 393216K, used 185773K [0x00000007a8000000, 0x00000007c0000000, 0x00000007c0000000)
 Metaspace       used 36012K, capacity 36608K, committed 36880K, reserved 1081344K
  class space    used 4112K, capacity 4279K, committed 4372K, reserved 1048576K
}
2016-10-23T18:05:23.697+0800: 88.701: Total time for which application threads were stopped: 0.0070706 seconds, Stopping threads took: 0.0000688 seconds
2016-10-23T18:05:23.713+0800: 88.717: Total time for which application threads were stopped: 0.0001592 seconds, Stopping threads took: 0.0000628 seconds
{Heap before GC invocations=279 (full 5):
 par new generation   total 109248K, used 109248K [0x00000007a0000000, 0x00000007a8000000, 0x00000007a8000000)
  eden space 87424K, 100% used [0x00000007a0000000, 0x00000007a5560000, 0x00000007a5560000)
  from space 21824K, 100% used [0x00000007a6ab0000, 0x00000007a8000000, 0x00000007a8000000)
  to   space 21824K,   0% used [0x00000007a5560000, 0x00000007a5560000, 0x00000007a6ab0000)
 concurrent mark-sweep generation total 393216K, used 185773K [0x00000007a8000000, 0x00000007c0000000, 0x00000007c0000000)
 Metaspace       used 36012K, capacity 36608K, committed 36880K, reserved 1081344K
  class space    used 4112K, capacity 4279K, committed 4372K, reserved 1048576K
2016-10-23T18:05:23.800+0800: 88.804: [GC (Allocation Failure) 2016-10-23T18:05:23.800+0800: 88.804: [ParNew
Desired survivor size 20112992 bytes, new threshold 8 (max 8)
- age   1:    4748768 bytes,    4748768 total
- age   2:    5097248 bytes,    9846016 total
- age   3:    1980512 bytes,   11826528 total
- age   4:    2619192 bytes,   14445720 total
- age   5:    1286248 bytes,   15731968 total
- age   6:     902608 bytes,   16634576 total
- age   7:    1262016 bytes,   17896592 total
- age   8:    1476464 bytes,   19373056 total
: 109248K->21824K(109248K), 0.0083885 secs] 295021K->208459K(502464K), 0.0084485 secs] [Times: user=0.03 sys=0.00, real=0.00 secs] 
Heap after GC invocations=280 (full 5):
 par new generation   total 109248K, used 21824K [0x00000007a0000000, 0x00000007a8000000, 0x00000007a8000000)
  eden space 87424K,   0% used [0x00000007a0000000, 0x00000007a0000000, 0x00000007a5560000)
  from space 21824K, 100% used [0x00000007a5560000, 0x00000007a6ab0000, 0x00000007a6ab0000)
  to   space 21824K,   0% used [0x00000007a6ab0000, 0x00000007a6ab0000, 0x00000007a8000000)
 concurrent mark-sweep generation total 393216K, used 186635K [0x00000007a8000000, 0x00000007c0000000, 0x00000007c0000000)
 Metaspace       used 36012K, capacity 36608K, committed 36880K, reserved 1081344K
  class space    used 4112K, capacity 4279K, committed 4372K, reserved 1048576K
}
2016-10-23T18:05:23.808+0800: 88.812: Total time for which application threads were stopped: 0.0087146 seconds, Stopping threads took: 0.0000901 seconds
{Heap before GC invocations=280 (full 5):
 par new generation   total 109248K, used 109248K [0x00000007a0000000, 0x00000007a8000000, 0x00000007a8000000)
  eden space 87424K, 100% used [0x00000007a0000000, 0x00000007a5560000, 0x00000007a5560000)
  from space 21824K, 100% used [0x00000007a5560000, 0x00000007a6ab0000, 0x00000007a6ab0000)
  to   space 21824K,   0% used [0x00000007a6ab0000, 0x00000007a6ab0000, 0x00000007a8000000)
 concurrent mark-sweep generation total 393216K, used 186635K [0x00000007a8000000, 0x00000007c0000000, 0x00000007c0000000)
 Metaspace       used 36012K, capacity 36608K, committed 36880K, reserved 1081344K
  class space    used 4112K, capacity 4279K, committed 4372K, reserved 1048576K
2016-10-23T18:05:23.851+0800: 88.855: [GC (Allocation Failure) 2016-10-23T18:05:23.851+0800: 88.855: [ParNew
Desired survivor size 20112992 bytes, new threshold 8 (max 8)
- age   1:    1361360 bytes,    1361360 total
- age   2:    4300592 bytes,    5661952 total
- age   3:    5054312 bytes,   10716264 total
- age   4:    1946160 bytes,   12662424 total
- age   5:    2655352 bytes,   15317776 total
- age   6:    1269240 bytes,   16587016 total
- age   7:     887704 bytes,   17474720 total
- age   8:    1242056 bytes,   18716776 total
: 109248K->21824K(109248K), 0.0075553 secs] 295883K->210101K(502464K), 0.0075984 secs] [Times: user=0.02 sys=0.00, real=0.00 secs] 
Heap after GC invocations=281 (full 5):
 par new generation   total 109248K, used 21824K [0x00000007a0000000, 0x00000007a8000000, 0x00000007a8000000)
  eden space 87424K,   0% used [0x00000007a0000000, 0x00000007a0000000, 0x00000007a5560000)
  from space 21824K, 100% used [0x00000007a6ab0000, 0x00000007a8000000, 0x00000007a8000000)
  to   space 21824K,   0% used [0x00000007a5560000, 0x00000007a5560000, 0x00000007a6ab0000)
 concurrent mark-sweep generation total 393216K, used 188277K [0x00000007a8000000, 0x00000007c0000000, 0x00000007c0000000)
 Metaspace       used 36012K, capacity 36608K, committed 36880K, reserved 1081344K
  class space    used 4112K, capacity 4279K, committed 4372K, reserved 1048576K
}
2016-10-23T18:05:23.859+0800: 88.863: Total time for which application threads were stopped: 0.0078305 seconds, Stopping threads took: 0.0000889 seconds
{Heap before GC invocations=281 (full 5):
 par new generation   total 109248K, used 109248K [0x00000007a0000000, 0x00000007a8000000, 0x00000007a8000000)
  eden space 87424K, 100% used [0x00000007a0000000, 0x00000007a5560000, 0x00000007a5560000)
  from space 21824K, 100% used [0x00000007a6ab0000, 0x00000007a8000000, 0x00000007a8000000)
  to   space 21824K,   0% used [0x00000007a5560000, 0x00000007a5560000, 0x00000007a6ab0000)
 concurrent mark-sweep generation total 393216K, used 188277K [0x00000007a8000000, 0x00000007c0000000, 0x00000007c0000000)
 Metaspace       used 36012K, capacity 36608K, committed 36880K, reserved 1081344K
  class space    used 4112K, capacity 4279K, committed 4372K, reserved 1048576K
2016-10-23T18:05:23.897+0800: 88.901: [GC (Allocation Failure) 2016-10-23T18:05:23.897+0800: 88.901: [ParNew
Desired survivor size 20112992 bytes, new threshold 8 (max 8)
- age   1:     918376 bytes,     918376 total
- age   2:     645224 bytes,    1563600 total
- age   3:    3568272 bytes,    5131872 total
- age   4:    4970232 bytes,   10102104 total
- age   5:    1886920 bytes,   11989024 total
- age   6:    2512352 bytes,   14501376 total
- age   7:    1219584 bytes,   15720960 total
- age   8:     844720 bytes,   16565680 total
: 109248K->21824K(109248K), 0.0075007 secs] 297525K->212400K(502464K), 0.0075480 secs] [Times: user=0.03 sys=0.00, real=0.01 secs] 
Heap after GC invocations=282 (full 5):
 par new generation   total 109248K, used 21824K [0x00000007a0000000, 0x00000007a8000000, 0x00000007a8000000)
  eden space 87424K,   0% used [0x00000007a0000000, 0x00000007a0000000, 0x00000007a5560000)
  from space 21824K, 100% used [0x00000007a5560000, 0x00000007a6ab0000, 0x00000007a6ab0000)
  to   space 21824K,   0% used [0x00000007a6ab0000, 0x00000007a6ab0000, 0x00000007a8000000)
 concurrent mark-sweep generation total 393216K, used 190576K [0x00000007a8000000, 0x00000007c0000000, 0x00000007c0000000)
 Metaspace       used 36012K, capacity 36608K, committed 36880K, reserved 1081344K
  class space    used 4112K, capacity 4279K, committed 4372K, reserved 1048576K
}
2016-10-23T18:05:23.905+0800: 88.909: Total time for which application threads were stopped: 0.0078123 seconds, Stopping threads took: 0.0000835 seconds
{Heap before GC invocations=282 (full 5):
 par new generation   total 109248K, used 109248K [0x00000007a0000000, 0x00000007a8000000, 0x00000007a8000000)
  eden space 87424K, 100% used [0x00000007a0000000, 0x00000007a5560000, 0x00000007a5560000)
  from space 21824K, 100% used [0x00000007a5560000, 0x00000007a6ab0000, 0x00000007a6ab0000)
  to   space 21824K,   0% used [0x00000007a6ab0000, 0x00000007a6ab0000, 0x00000007a8000000)
 concurrent mark-sweep generation total 393216K, used 190576K [0x00000007a8000000, 0x00000007c0000000, 0x00000007c0000000)
 Metaspace       used 36013K, capacity 36608K, committed 36880K, reserved 1081344K
  class space    used 4112K, capacity 4279K, committed 4372K, reserved 1048576K
2016-10-23T18:05:23.980+0800: 88.984: [GC (Allocation Failure) 2016-10-23T18:05:23.980+0800: 88.984: [ParNew
Desired survivor size 20112992 bytes, new threshold 8 (max 8)
- age   1:    3067232 bytes,    3067232 total
- age   2:     468168 bytes,    3535400 total
- age   3:     468000 bytes,    4003400 total
- age   4:    3505728 bytes,    7509128 total
- age   5:    4900584 bytes,   12409712 total
- age   6:    1837920 bytes,   14247632 total
- age   7:    2486136 bytes,   16733768 total
- age   8:    1201112 bytes,   17934880 total
: 109248K->21045K(109248K), 0.0052978 secs] 299824K->212431K(502464K), 0.0053431 secs] [Times: user=0.02 sys=0.00, real=0.00 secs] 
Heap after GC invocations=283 (full 5):
 par new generation   total 109248K, used 21045K [0x00000007a0000000, 0x00000007a8000000, 0x00000007a8000000)
  eden space 87424K,   0% used [0x00000007a0000000, 0x00000007a0000000, 0x00000007a5560000)
  from space 21824K,  96% used [0x00000007a6ab0000, 0x00000007a7f3d600, 0x00000007a8000000)
  to   space 21824K,   0% used [0x00000007a5560000, 0x00000007a5560000, 0x00000007a6ab0000)
 concurrent mark-sweep generation total 393216K, used 191385K [0x00000007a8000000, 0x00000007c0000000, 0x00000007c0000000)
 Metaspace       used 36013K, capacity 36608K, committed 36880K, reserved 1081344K
  class space    used 4112K, capacity 4279K, committed 4372K, reserved 1048576K
}
2016-10-23T18:05:23.985+0800: 88.990: Total time for which application threads were stopped: 0.0055614 seconds, Stopping threads took: 0.0000715 seconds
{Heap before GC invocations=283 (full 5):
 par new generation   total 109248K, used 108469K [0x00000007a0000000, 0x00000007a8000000, 0x00000007a8000000)
  eden space 87424K, 100% used [0x00000007a0000000, 0x00000007a5560000, 0x00000007a5560000)
  from space 21824K,  96% used [0x00000007a6ab0000, 0x00000007a7f3d600, 0x00000007a8000000)
  to   space 21824K,   0% used [0x00000007a5560000, 0x00000007a5560000, 0x00000007a6ab0000)
 concurrent mark-sweep generation total 393216K, used 191385K [0x00000007a8000000, 0x00000007c0000000, 0x00000007c0000000)
 Metaspace       used 36013K, capacity 36608K, committed 36880K, reserved 1081344K
  class space    used 4112K, capacity 4279K, committed 4372K, reserved 1048576K
2016-10-23T18:05:24.071+0800: 89.075: [GC (Allocation Failure) 2016-10-23T18:05:24.071+0800: 89.075: [ParNew
Desired survivor size 20112992 bytes, new threshold 8 (max 8)
- age   1:    3247376 bytes,    3247376 total
- age   2:    1636784 bytes,    4884160 total
- age   3:     422712 bytes,    5306872 total
- age   4:     363792 bytes,    5670664 total
- age   5:    2891352 bytes,    8562016 total
- age   6:    4900536 bytes,   13462552 total
- age   7:    1837896 bytes,   15300448 total
- age   8:    2486064 bytes,   17786512 total
: 108469K->21824K(109248K), 0.0067118 secs] 299855K->215546K(502464K), 0.0067649 secs] [Times: user=0.02 sys=0.00, real=0.00 secs] 
Heap after GC invocations=284 (full 5):
 par new generation   total 109248K, used 21824K [0x00000007a0000000, 0x00000007a8000000, 0x00000007a8000000)
  eden space 87424K,   0% used [0x00000007a0000000, 0x00000007a0000000, 0x00000007a5560000)
  from space 21824K, 100% used [0x00000007a5560000, 0x00000007a6ab0000, 0x00000007a6ab0000)
  to   space 21824K,   0% used [0x00000007a6ab0000, 0x00000007a6ab0000, 0x00000007a8000000)
 concurrent mark-sweep generation total 393216K, used 193722K [0x00000007a8000000, 0x00000007c0000000, 0x00000007c0000000)
 Metaspace       used 36013K, capacity 36608K, committed 36880K, reserved 1081344K
  class space    used 4112K, capacity 4279K, committed 4372K, reserved 1048576K
}
2016-10-23T18:05:24.078+0800: 89.082: Total time for which application threads were stopped: 0.0069748 seconds, Stopping threads took: 0.0000670 seconds
{Heap before GC invocations=284 (full 5):
 par new generation   total 109248K, used 109248K [0x00000007a0000000, 0x00000007a8000000, 0x00000007a8000000)
  eden space 87424K, 100% used [0x00000007a0000000, 0x00000007a5560000, 0x00000007a5560000)
  from space 21824K, 100% used [0x00000007a5560000, 0x00000007a6ab0000, 0x00000007a6ab0000)
  to   space 21824K,   0% used [0x00000007a6ab0000, 0x00000007a6ab0000, 0x00000007a8000000)
 concurrent mark-sweep generation total 393216K, used 193722K [0x00000007a8000000, 0x00000007c0000000, 0x00000007c0000000)
 Metaspace       used 36013K, capacity 36608K, committed 36880K, reserved 1081344K
  class space    used 4112K, capacity 4279K, committed 4372K, reserved 1048576K
2016-10-23T18:05:24.181+0800: 89.185: [GC (Allocation Failure) 2016-10-23T18:05:24.181+0800: 89.185: [ParNew
Desired survivor size 20112992 bytes, new threshold 8 (max 8)
- age   1:    4023920 bytes,    4023920 total
- age   2:    1701432 bytes,    5725352 total
- age   3:    1559632 bytes,    7284984 total
- age   4:     389672 bytes,    7674656 total
- age   5:     346864 bytes,    8021520 total
- age   6:    2859512 bytes,   10881032 total
- age   7:    4899704 bytes,   15780736 total
- age   8:    1837824 bytes,   17618560 total
: 109248K->21824K(109248K), 0.0099134 secs] 302970K->218290K(502464K), 0.0099893 secs] [Times: user=0.04 sys=0.00, real=0.01 secs] 
Heap after GC invocations=285 (full 5):
 par new generation   total 109248K, used 21824K [0x00000007a0000000, 0x00000007a8000000, 0x00000007a8000000)
  eden space 87424K,   0% used [0x00000007a0000000, 0x00000007a0000000, 0x00000007a5560000)
  from space 21824K, 100% used [0x00000007a6ab0000, 0x00000007a8000000, 0x00000007a8000000)
  to   space 21824K,   0% used [0x00000007a5560000, 0x00000007a5560000, 0x00000007a6ab0000)
 concurrent mark-sweep generation total 393216K, used 196466K [0x00000007a8000000, 0x00000007c0000000, 0x00000007c0000000)
 Metaspace       used 36013K, capacity 36608K, committed 36880K, reserved 1081344K
  class space    used 4112K, capacity 4279K, committed 4372K, reserved 1048576K
}
2016-10-23T18:05:24.191+0800: 89.195: Total time for which application threads were stopped: 0.0102429 seconds, Stopping threads took: 0.0000878 seconds
{Heap before GC invocations=285 (full 5):
 par new generation   total 109248K, used 109224K [0x00000007a0000000, 0x00000007a8000000, 0x00000007a8000000)
  eden space 87424K,  99% used [0x00000007a0000000, 0x00000007a555a030, 0x00000007a5560000)
  from space 21824K, 100% used [0x00000007a6ab0000, 0x00000007a8000000, 0x00000007a8000000)
  to   space 21824K,   0% used [0x00000007a5560000, 0x00000007a5560000, 0x00000007a6ab0000)
 concurrent mark-sweep generation total 393216K, used 196466K [0x00000007a8000000, 0x00000007c0000000, 0x00000007c0000000)
 Metaspace       used 36013K, capacity 36608K, committed 36880K, reserved 1081344K
  class space    used 4112K, capacity 4279K, committed 4372K, reserved 1048576K
2016-10-23T18:05:24.367+0800: 89.371: [GC (Allocation Failure) 2016-10-23T18:05:24.367+0800: 89.371: [ParNew
Desired survivor size 20112992 bytes, new threshold 8 (max 8)
- age   1:    6362608 bytes,    6362608 total
- age   2:    1847560 bytes,    8210168 total
- age   3:    1330768 bytes,    9540936 total
- age   4:    1327672 bytes,   10868608 total
- age   5:     369288 bytes,   11237896 total
- age   6:     310288 bytes,   11548184 total
- age   7:    2643296 bytes,   14191480 total
- age   8:    4556368 bytes,   18747848 total
: 109224K->21824K(109248K), 0.0072601 secs] 305690K->221718K(502464K), 0.0073099 secs] [Times: user=0.02 sys=0.00, real=0.01 secs] 
Heap after GC invocations=286 (full 5):
 par new generation   total 109248K, used 21824K [0x00000007a0000000, 0x00000007a8000000, 0x00000007a8000000)
  eden space 87424K,   0% used [0x00000007a0000000, 0x00000007a0000000, 0x00000007a5560000)
  from space 21824K, 100% used [0x00000007a5560000, 0x00000007a6ab0000, 0x00000007a6ab0000)
  to   space 21824K,   0% used [0x00000007a6ab0000, 0x00000007a6ab0000, 0x00000007a8000000)
 concurrent mark-sweep generation total 393216K, used 199894K [0x00000007a8000000, 0x00000007c0000000, 0x00000007c0000000)
 Metaspace       used 36013K, capacity 36608K, committed 36880K, reserved 1081344K
  class space    used 4112K, capacity 4279K, committed 4372K, reserved 1048576K
}
2016-10-23T18:05:24.374+0800: 89.378: Total time for which application threads were stopped: 0.0075431 seconds, Stopping threads took: 0.0000692 seconds
2016-10-23T18:05:24.374+0800: 89.378: [GC (CMS Initial Mark) [1 CMS-initial-mark: 199894K(393216K)] 223069K(502464K), 0.0020421 secs] [Times: user=0.00 sys=0.00, real=0.00 secs] 
2016-10-23T18:05:24.376+0800: 89.380: Total time for which application threads were stopped: 0.0022078 seconds, Stopping threads took: 0.0000724 seconds
2016-10-23T18:05:24.376+0800: 89.380: [CMS-concurrent-mark-start]
2016-10-23T18:05:24.392+0800: 89.396: [CMS-concurrent-mark: 0.015/0.015 secs] [Times: user=0.10 sys=0.00, real=0.02 secs] 
2016-10-23T18:05:24.392+0800: 89.396: [CMS-concurrent-preclean-start]
2016-10-23T18:05:24.393+0800: 89.397: [CMS-concurrent-preclean: 0.001/0.001 secs] [Times: user=0.00 sys=0.00, real=0.00 secs] 
2016-10-23T18:05:24.393+0800: 89.397: [CMS-concurrent-abortable-preclean-start]
2016-10-23T18:05:24.459+0800: 89.463: [CMS-concurrent-abortable-preclean: 0.066/0.066 secs] [Times: user=0.26 sys=0.00, real=0.06 secs] 
2016-10-23T18:05:24.459+0800: 89.463: [GC (CMS Final Remark) [YG occupancy: 69838 K (109248 K)]{Heap before GC invocations=286 (full 6):
 par new generation   total 109248K, used 69838K [0x00000007a0000000, 0x00000007a8000000, 0x00000007a8000000)
  eden space 87424K,  54% used [0x00000007a0000000, 0x00000007a2ee3848, 0x00000007a5560000)
  from space 21824K, 100% used [0x00000007a5560000, 0x00000007a6ab0000, 0x00000007a6ab0000)
  to   space 21824K,   0% used [0x00000007a6ab0000, 0x00000007a6ab0000, 0x00000007a8000000)
 concurrent mark-sweep generation total 393216K, used 199894K [0x00000007a8000000, 0x00000007c0000000, 0x00000007c0000000)
 Metaspace       used 36013K, capacity 36608K, committed 36880K, reserved 1081344K
  class space    used 4112K, capacity 4279K, committed 4372K, reserved 1048576K
2016-10-23T18:05:24.459+0800: 89.463: [GC (CMS Final Remark) 2016-10-23T18:05:24.459+0800: 89.463: [ParNew
Desired survivor size 20112992 bytes, new threshold 8 (max 8)
- age   1:    4251368 bytes,    4251368 total
- age   2:    4050240 bytes,    8301608 total
- age   3:    1707968 bytes,   10009576 total
- age   4:    1312568 bytes,   11322144 total
- age   5:    1309112 bytes,   12631256 total
- age   6:     368264 bytes,   12999520 total
- age   7:     310080 bytes,   13309600 total
- age   8:    2634312 bytes,   15943912 total
: 69838K->21824K(109248K), 0.0092510 secs] 269732K->226191K(502464K), 0.0093578 secs] [Times: user=0.03 sys=0.00, real=0.01 secs] 
Heap after GC invocations=287 (full 6):
 par new generation   total 109248K, used 21824K [0x00000007a0000000, 0x00000007a8000000, 0x00000007a8000000)
  eden space 87424K,   0% used [0x00000007a0000000, 0x00000007a0000000, 0x00000007a5560000)
  from space 21824K, 100% used [0x00000007a6ab0000, 0x00000007a8000000, 0x00000007a8000000)
  to   space 21824K,   0% used [0x00000007a5560000, 0x00000007a5560000, 0x00000007a6ab0000)
 concurrent mark-sweep generation total 393216K, used 204367K [0x00000007a8000000, 0x00000007c0000000, 0x00000007c0000000)
 Metaspace       used 36013K, capacity 36608K, committed 36880K, reserved 1081344K
  class space    used 4112K, capacity 4279K, committed 4372K, reserved 1048576K
}
2016-10-23T18:05:24.469+0800: 89.473: [Rescan (parallel) , 0.0033220 secs]2016-10-23T18:05:24.472+0800: 89.476: [weak refs processing, 0.0010882 secs]2016-10-23T18:05:24.473+0800: 89.477: [class unloading, 0.0080879 secs]2016-10-23T18:05:24.481+0800: 89.485: [scrub symbol table, 0.0096271 secs]2016-10-23T18:05:24.491+0800: 89.495: [scrub string table, 0.0006091 secs][1 CMS-remark: 204367K(393216K)] 226191K(502464K), 0.0324744 secs] [Times: user=0.07 sys=0.01, real=0.04 secs] 
2016-10-23T18:05:24.492+0800: 89.496: Total time for which application threads were stopped: 0.0327060 seconds, Stopping threads took: 0.0001008 seconds
2016-10-23T18:05:24.492+0800: 89.496: [CMS-concurrent-sweep-start]
2016-10-23T18:05:24.572+0800: 89.576: [CMS-concurrent-sweep: 0.080/0.080 secs] [Times: user=0.30 sys=0.00, real=0.08 secs] 
2016-10-23T18:05:24.572+0800: 89.576: [CMS-concurrent-reset-start]
2016-10-23T18:05:24.572+0800: 89.576: [CMS-concurrent-reset: 0.000/0.000 secs] [Times: user=0.00 sys=0.00, real=0.00 secs] 
{Heap before GC invocations=287 (full 6):
 par new generation   total 109248K, used 109248K [0x00000007a0000000, 0x00000007a8000000, 0x00000007a8000000)
  eden space 87424K, 100% used [0x00000007a0000000, 0x00000007a5560000, 0x00000007a5560000)
  from space 21824K, 100% used [0x00000007a6ab0000, 0x00000007a8000000, 0x00000007a8000000)
  to   space 21824K,   0% used [0x00000007a5560000, 0x00000007a5560000, 0x00000007a6ab0000)
 concurrent mark-sweep generation total 393216K, used 37211K [0x00000007a8000000, 0x00000007c0000000, 0x00000007c0000000)
 Metaspace       used 36013K, capacity 36608K, committed 36880K, reserved 1081344K
  class space    used 4112K, capacity 4279K, committed 4372K, reserved 1048576K
2016-10-23T18:05:24.660+0800: 89.664: [GC (Allocation Failure) 2016-10-23T18:05:24.660+0800: 89.664: [ParNew
Desired survivor size 20112992 bytes, new threshold 8 (max 8)
- age   1:    7234952 bytes,    7234952 total
- age   2:    1534936 bytes,    8769888 total
- age   3:    3706592 bytes,   12476480 total
- age   4:    1324152 bytes,   13800632 total
- age   5:    1279728 bytes,   15080360 total
- age   6:    1277032 bytes,   16357392 total
- age   7:     368264 bytes,   16725656 total
- age   8:     310056 bytes,   17035712 total
: 109248K->20686K(109248K), 0.0092691 secs] 146459K->59907K(502464K), 0.0093598 secs] [Times: user=0.03 sys=0.01, real=0.01 secs] 
Heap after GC invocations=288 (full 6):
 par new generation   total 109248K, used 20686K [0x00000007a0000000, 0x00000007a8000000, 0x00000007a8000000)
  eden space 87424K,   0% used [0x00000007a0000000, 0x00000007a0000000, 0x00000007a5560000)
  from space 21824K,  94% used [0x00000007a5560000, 0x00000007a6993a40, 0x00000007a6ab0000)
  to   space 21824K,   0% used [0x00000007a6ab0000, 0x00000007a6ab0000, 0x00000007a8000000)
 concurrent mark-sweep generation total 393216K, used 39220K [0x00000007a8000000, 0x00000007c0000000, 0x00000007c0000000)
 Metaspace       used 36013K, capacity 36608K, committed 36880K, reserved 1081344K
  class space    used 4112K, capacity 4279K, committed 4372K, reserved 1048576K
}
2016-10-23T18:05:24.670+0800: 89.674: Total time for which application threads were stopped: 0.0096880 seconds, Stopping threads took: 0.0000924 seconds
2016-10-23T18:05:24.714+0800: 89.718: Total time for which application threads were stopped: 0.0001783 seconds, Stopping threads took: 0.0000785 seconds
{Heap before GC invocations=288 (full 6):
 par new generation   total 109248K, used 108110K [0x00000007a0000000, 0x00000007a8000000, 0x00000007a8000000)
  eden space 87424K, 100% used [0x00000007a0000000, 0x00000007a5560000, 0x00000007a5560000)
  from space 21824K,  94% used [0x00000007a5560000, 0x00000007a6993a40, 0x00000007a6ab0000)
  to   space 21824K,   0% used [0x00000007a6ab0000, 0x00000007a6ab0000, 0x00000007a8000000)
 concurrent mark-sweep generation total 393216K, used 39220K [0x00000007a8000000, 0x00000007c0000000, 0x00000007c0000000)
 Metaspace       used 36013K, capacity 36608K, committed 36880K, reserved 1081344K
  class space    used 4112K, capacity 4279K, committed 4372K, reserved 1048576K
2016-10-23T18:05:24.817+0800: 89.821: [GC (Allocation Failure) 2016-10-23T18:05:24.817+0800: 89.821: [ParNew
Desired survivor size 20112992 bytes, new threshold 8 (max 8)
- age   1:    6296968 bytes,    6296968 total
- age   2:    4905688 bytes,   11202656 total
- age   3:    1108216 bytes,   12310872 total
- age   4:    2846616 bytes,   15157488 total
- age   5:     994696 bytes,   16152184 total
- age   6:    1191600 bytes,   17343784 total
- age   7:    1066512 bytes,   18410296 total
- age   8:     344016 bytes,   18754312 total
: 108110K->21824K(109248K), 0.0082290 secs] 147331K->63891K(502464K), 0.0082788 secs] [Times: user=0.03 sys=0.00, real=0.01 secs] 
Heap after GC invocations=289 (full 6):
 par new generation   total 109248K, used 21824K [0x00000007a0000000, 0x00000007a8000000, 0x00000007a8000000)
  eden space 87424K,   0% used [0x00000007a0000000, 0x00000007a0000000, 0x00000007a5560000)
  from space 21824K, 100% used [0x00000007a6ab0000, 0x00000007a8000000, 0x00000007a8000000)
  to   space 21824K,   0% used [0x00000007a5560000, 0x00000007a5560000, 0x00000007a6ab0000)
 concurrent mark-sweep generation total 393216K, used 42067K [0x00000007a8000000, 0x00000007c0000000, 0x00000007c0000000)
 Metaspace       used 36013K, capacity 36608K, committed 36880K, reserved 1081344K
  class space    used 4112K, capacity 4279K, committed 4372K, reserved 1048576K
}
2016-10-23T18:05:24.825+0800: 89.829: Total time for which application threads were stopped: 0.0085443 seconds, Stopping threads took: 0.0000988 seconds
{Heap before GC invocations=289 (full 6):
 par new generation   total 109248K, used 109248K [0x00000007a0000000, 0x00000007a8000000, 0x00000007a8000000)
  eden space 87424K, 100% used [0x00000007a0000000, 0x00000007a5560000, 0x00000007a5560000)
  from space 21824K, 100% used [0x00000007a6ab0000, 0x00000007a8000000, 0x00000007a8000000)
  to   space 21824K,   0% used [0x00000007a5560000, 0x00000007a5560000, 0x00000007a6ab0000)
 concurrent mark-sweep generation total 393216K, used 42067K [0x00000007a8000000, 0x00000007c0000000, 0x00000007c0000000)
 Metaspace       used 36013K, capacity 36608K, committed 36880K, reserved 1081344K
  class space    used 4112K, capacity 4279K, committed 4372K, reserved 1048576K
2016-10-23T18:05:24.904+0800: 89.908: [GC (Allocation Failure) 2016-10-23T18:05:24.904+0800: 89.908: [ParNew
Desired survivor size 20112992 bytes, new threshold 8 (max 8)
- age   1:     648520 bytes,     648520 total
- age   2:    5396360 bytes,    6044880 total
- age   3:    4778200 bytes,   10823080 total
- age   4:    1056512 bytes,   11879592 total
- age   5:    2675472 bytes,   14555064 total
- age   6:     922344 bytes,   15477408 total
- age   7:    1088704 bytes,   16566112 total
- age   8:     983464 bytes,   17549576 total
: 109248K->21824K(109248K), 0.0073004 secs] 151315K->65040K(502464K), 0.0073734 secs] [Times: user=0.02 sys=0.00, real=0.01 secs] 
Heap after GC invocations=290 (full 6):
 par new generation   total 109248K, used 21824K [0x00000007a0000000, 0x00000007a8000000, 0x00000007a8000000)
  eden space 87424K,   0% used [0x00000007a0000000, 0x00000007a0000000, 0x00000007a5560000)
  from space 21824K, 100% used [0x00000007a5560000, 0x00000007a6ab0000, 0x00000007a6ab0000)
  to   space 21824K,   0% used [0x00000007a6ab0000, 0x00000007a6ab0000, 0x00000007a8000000)
 concurrent mark-sweep generation total 393216K, used 43216K [0x00000007a8000000, 0x00000007c0000000, 0x00000007c0000000)
 Metaspace       used 36013K, capacity 36608K, committed 36880K, reserved 1081344K
  class space    used 4112K, capacity 4279K, committed 4372K, reserved 1048576K
}
2016-10-23T18:05:24.911+0800: 89.915: Total time for which application threads were stopped: 0.0076902 seconds, Stopping threads took: 0.0001032 seconds
{Heap before GC invocations=290 (full 6):
 par new generation   total 109248K, used 109248K [0x00000007a0000000, 0x00000007a8000000, 0x00000007a8000000)
  eden space 87424K, 100% used [0x00000007a0000000, 0x00000007a5560000, 0x00000007a5560000)
  from space 21824K, 100% used [0x00000007a5560000, 0x00000007a6ab0000, 0x00000007a6ab0000)
  to   space 21824K,   0% used [0x00000007a6ab0000, 0x00000007a6ab0000, 0x00000007a8000000)
 concurrent mark-sweep generation total 393216K, used 43216K [0x00000007a8000000, 0x00000007c0000000, 0x00000007c0000000)
 Metaspace       used 36016K, capacity 36608K, committed 36880K, reserved 1081344K
  class space    used 4112K, capacity 4279K, committed 4372K, reserved 1048576K
2016-10-23T18:05:25.074+0800: 90.078: [GC (Allocation Failure) 2016-10-23T18:05:25.074+0800: 90.078: [ParNew
Desired survivor size 20112992 bytes, new threshold 8 (max 8)
- age   1:    4288192 bytes,    4288192 total
- age   2:     212544 bytes,    4500736 total
- age   3:    4773432 bytes,    9274168 total
- age   4:    4495880 bytes,   13770048 total
- age   5:     894384 bytes,   14664432 total
- age   6:    2304656 bytes,   16969088 total
- age   7:     646376 bytes,   17615464 total
- age   8:     517440 bytes,   18132904 total
: 109248K->21824K(109248K), 0.0068108 secs] 152464K->68802K(502464K), 0.0068572 secs] [Times: user=0.02 sys=0.00, real=0.01 secs] 
Heap after GC invocations=291 (full 6):
 par new generation   total 109248K, used 21824K [0x00000007a0000000, 0x00000007a8000000, 0x00000007a8000000)
  eden space 87424K,   0% used [0x00000007a0000000, 0x00000007a0000000, 0x00000007a5560000)
  from space 21824K, 100% used [0x00000007a6ab0000, 0x00000007a8000000, 0x00000007a8000000)
  to   space 21824K,   0% used [0x00000007a5560000, 0x00000007a5560000, 0x00000007a6ab0000)
 concurrent mark-sweep generation total 393216K, used 46978K [0x00000007a8000000, 0x00000007c0000000, 0x00000007c0000000)
 Metaspace       used 36016K, capacity 36608K, committed 36880K, reserved 1081344K
  class space    used 4112K, capacity 4279K, committed 4372K, reserved 1048576K
}
2016-10-23T18:05:25.081+0800: 90.085: Total time for which application threads were stopped: 0.0070853 seconds, Stopping threads took: 0.0000643 seconds
{Heap before GC invocations=291 (full 6):
 par new generation   total 109248K, used 109248K [0x00000007a0000000, 0x00000007a8000000, 0x00000007a8000000)
  eden space 87424K, 100% used [0x00000007a0000000, 0x00000007a5560000, 0x00000007a5560000)
  from space 21824K, 100% used [0x00000007a6ab0000, 0x00000007a8000000, 0x00000007a8000000)
  to   space 21824K,   0% used [0x00000007a5560000, 0x00000007a5560000, 0x00000007a6ab0000)
 concurrent mark-sweep generation total 393216K, used 46978K [0x00000007a8000000, 0x00000007c0000000, 0x00000007c0000000)
 Metaspace       used 36017K, capacity 36608K, committed 36880K, reserved 1081344K
  class space    used 4112K, capacity 4279K, committed 4372K, reserved 1048576K
2016-10-23T18:05:25.220+0800: 90.224: [GC (Allocation Failure) 2016-10-23T18:05:25.220+0800: 90.224: [ParNew
Desired survivor size 20112992 bytes, new threshold 8 (max 8)
- age   1:    4127464 bytes,    4127464 total
- age   2:    2731552 bytes,    6859016 total
- age   3:     194848 bytes,    7053864 total
- age   4:    3251224 bytes,   10305088 total
- age   5:    4495800 bytes,   14800888 total
- age   6:     927120 bytes,   15728008 total
- age   7:    2304576 bytes,   18032584 total
- age   8:     646360 bytes,   18678944 total
: 109248K->21824K(109248K), 0.0076576 secs] 156226K->72472K(502464K), 0.0077178 secs] [Times: user=0.03 sys=0.00, real=0.00 secs] 
Heap after GC invocations=292 (full 6):
 par new generation   total 109248K, used 21824K [0x00000007a0000000, 0x00000007a8000000, 0x00000007a8000000)
  eden space 87424K,   0% used [0x00000007a0000000, 0x00000007a0000000, 0x00000007a5560000)
  from space 21824K, 100% used [0x00000007a5560000, 0x00000007a6ab0000, 0x00000007a6ab0000)
  to   space 21824K,   0% used [0x00000007a6ab0000, 0x00000007a6ab0000, 0x00000007a8000000)
 concurrent mark-sweep generation total 393216K, used 50648K [0x00000007a8000000, 0x00000007c0000000, 0x00000007c0000000)
 Metaspace       used 36017K, capacity 36608K, committed 36880K, reserved 1081344K
  class space    used 4112K, capacity 4279K, committed 4372K, reserved 1048576K
}
2016-10-23T18:05:25.227+0800: 90.232: Total time for which application threads were stopped: 0.0079260 seconds, Stopping threads took: 0.0000539 seconds
{Heap before GC invocations=292 (full 6):
 par new generation   total 109248K, used 109248K [0x00000007a0000000, 0x00000007a8000000, 0x00000007a8000000)
  eden space 87424K, 100% used [0x00000007a0000000, 0x00000007a5560000, 0x00000007a5560000)
  from space 21824K, 100% used [0x00000007a5560000, 0x00000007a6ab0000, 0x00000007a6ab0000)
  to   space 21824K,   0% used [0x00000007a6ab0000, 0x00000007a6ab0000, 0x00000007a8000000)
 concurrent mark-sweep generation total 393216K, used 50648K [0x00000007a8000000, 0x00000007c0000000, 0x00000007c0000000)
 Metaspace       used 36017K, capacity 36608K, committed 36880K, reserved 1081344K
  class space    used 4112K, capacity 4279K, committed 4372K, reserved 1048576K
2016-10-23T18:05:25.347+0800: 90.351: [GC (Allocation Failure) 2016-10-23T18:05:25.347+0800: 90.351: [ParNew
Desired survivor size 20112992 bytes, new threshold 8 (max 8)
- age   1:    5651032 bytes,    5651032 total
- age   2:    2643984 bytes,    8295016 total
- age   3:    2460768 bytes,   10755784 total
- age   4:     186568 bytes,   10942352 total
- age   5:    3147440 bytes,   14089792 total
- age   6:    2876528 bytes,   16966320 total
- age   7:     737912 bytes,   17704232 total
- age   8:    1681712 bytes,   19385944 total
: 109248K->21824K(109248K), 0.0078906 secs] 159896K->76978K(502464K), 0.0079494 secs] [Times: user=0.03 sys=0.00, real=0.01 secs] 
Heap after GC invocations=293 (full 6):
 par new generation   total 109248K, used 21824K [0x00000007a0000000, 0x00000007a8000000, 0x00000007a8000000)
  eden space 87424K,   0% used [0x00000007a0000000, 0x00000007a0000000, 0x00000007a5560000)
  from space 21824K, 100% used [0x00000007a6ab0000, 0x00000007a8000000, 0x00000007a8000000)
  to   space 21824K,   0% used [0x00000007a5560000, 0x00000007a5560000, 0x00000007a6ab0000)
 concurrent mark-sweep generation total 393216K, used 55154K [0x00000007a8000000, 0x00000007c0000000, 0x00000007c0000000)
 Metaspace       used 36017K, capacity 36608K, committed 36880K, reserved 1081344K
  class space    used 4112K, capacity 4279K, committed 4372K, reserved 1048576K
}
2016-10-23T18:05:25.355+0800: 90.359: Total time for which application threads were stopped: 0.0081631 seconds, Stopping threads took: 0.0000658 seconds
{Heap before GC invocations=293 (full 6):
 par new generation   total 109248K, used 109248K [0x00000007a0000000, 0x00000007a8000000, 0x00000007a8000000)
  eden space 87424K, 100% used [0x00000007a0000000, 0x00000007a5560000, 0x00000007a5560000)
  from space 21824K, 100% used [0x00000007a6ab0000, 0x00000007a8000000, 0x00000007a8000000)
  to   space 21824K,   0% used [0x00000007a5560000, 0x00000007a5560000, 0x00000007a6ab0000)
 concurrent mark-sweep generation total 393216K, used 55154K [0x00000007a8000000, 0x00000007c0000000, 0x00000007c0000000)
 Metaspace       used 36017K, capacity 36608K, committed 36880K, reserved 1081344K
  class space    used 4112K, capacity 4279K, committed 4372K, reserved 1048576K
2016-10-23T18:05:25.478+0800: 90.482: [GC (Allocation Failure) 2016-10-23T18:05:25.478+0800: 90.482: [ParNew
Desired survivor size 20112992 bytes, new threshold 8 (max 8)
- age   1:    6046736 bytes,    6046736 total
- age   2:    3733720 bytes,    9780456 total
- age   3:    2302392 bytes,   12082848 total
- age   4:    2451448 bytes,   14534296 total
- age   5:     185592 bytes,   14719888 total
- age   6:    2916544 bytes,   17636432 total
- age   7:    1442048 bytes,   19078480 total
- age   8:     449560 bytes,   19528040 total
: 109248K->21824K(109248K), 0.0075026 secs] 164402K->81474K(502464K), 0.0075672 secs] [Times: user=0.02 sys=0.00, real=0.01 secs] 
Heap after GC invocations=294 (full 6):
 par new generation   total 109248K, used 21824K [0x00000007a0000000, 0x00000007a8000000, 0x00000007a8000000)
  eden space 87424K,   0% used [0x00000007a0000000, 0x00000007a0000000, 0x00000007a5560000)
  from space 21824K, 100% used [0x00000007a5560000, 0x00000007a6ab0000, 0x00000007a6ab0000)
  to   space 21824K,   0% used [0x00000007a6ab0000, 0x00000007a6ab0000, 0x00000007a8000000)
 concurrent mark-sweep generation total 393216K, used 59650K [0x00000007a8000000, 0x00000007c0000000, 0x00000007c0000000)
 Metaspace       used 36017K, capacity 36608K, committed 36880K, reserved 1081344K
  class space    used 4112K, capacity 4279K, committed 4372K, reserved 1048576K
}
2016-10-23T18:05:25.485+0800: 90.489: Total time for which application threads were stopped: 0.0077941 seconds, Stopping threads took: 0.0000631 seconds
{Heap before GC invocations=294 (full 6):
 par new generation   total 109248K, used 109248K [0x00000007a0000000, 0x00000007a8000000, 0x00000007a8000000)
  eden space 87424K, 100% used [0x00000007a0000000, 0x00000007a5560000, 0x00000007a5560000)
  from space 21824K, 100% used [0x00000007a5560000, 0x00000007a6ab0000, 0x00000007a6ab0000)
  to   space 21824K,   0% used [0x00000007a6ab0000, 0x00000007a6ab0000, 0x00000007a8000000)
 concurrent mark-sweep generation total 393216K, used 59650K [0x00000007a8000000, 0x00000007c0000000, 0x00000007c0000000)
 Metaspace       used 36017K, capacity 36608K, committed 36880K, reserved 1081344K
  class space    used 4112K, capacity 4279K, committed 4372K, reserved 1048576K
2016-10-23T18:05:25.600+0800: 90.604: [GC (Allocation Failure) 2016-10-23T18:05:25.600+0800: 90.605: [ParNew
Desired survivor size 20112992 bytes, new threshold 8 (max 8)
- age   1:    4453968 bytes,    4453968 total
- age   2:    3162016 bytes,    7615984 total
- age   3:    2816928 bytes,   10432912 total
- age   4:    2284192 bytes,   12717104 total
- age   5:    2434912 bytes,   15152016 total
- age   6:     139752 bytes,   15291768 total
- age   7:    2909736 bytes,   18201504 total
- age   8:    1418944 bytes,   19620448 total
: 109248K->21824K(109248K), 0.0081346 secs] 168898K->85741K(502464K), 0.0082115 secs] [Times: user=0.03 sys=0.00, real=0.00 secs] 
Heap after GC invocations=295 (full 6):
 par new generation   total 109248K, used 21824K [0x00000007a0000000, 0x00000007a8000000, 0x00000007a8000000)
  eden space 87424K,   0% used [0x00000007a0000000, 0x00000007a0000000, 0x00000007a5560000)
  from space 21824K, 100% used [0x00000007a6ab0000, 0x00000007a8000000, 0x00000007a8000000)
  to   space 21824K,   0% used [0x00000007a5560000, 0x00000007a5560000, 0x00000007a6ab0000)
 concurrent mark-sweep generation total 393216K, used 63917K [0x00000007a8000000, 0x00000007c0000000, 0x00000007c0000000)
 Metaspace       used 36017K, capacity 36608K, committed 36880K, reserved 1081344K
  class space    used 4112K, capacity 4279K, committed 4372K, reserved 1048576K
}
2016-10-23T18:05:25.609+0800: 90.613: Total time for which application threads were stopped: 0.0084928 seconds, Stopping threads took: 0.0001072 seconds
2016-10-23T18:05:25.715+0800: 90.719: Total time for which application threads were stopped: 0.0002117 seconds, Stopping threads took: 0.0001011 seconds
{Heap before GC invocations=295 (full 6):
 par new generation   total 109248K, used 109248K [0x00000007a0000000, 0x00000007a8000000, 0x00000007a8000000)
  eden space 87424K, 100% used [0x00000007a0000000, 0x00000007a5560000, 0x00000007a5560000)
  from space 21824K, 100% used [0x00000007a6ab0000, 0x00000007a8000000, 0x00000007a8000000)
  to   space 21824K,   0% used [0x00000007a5560000, 0x00000007a5560000, 0x00000007a6ab0000)
 concurrent mark-sweep generation total 393216K, used 63917K [0x00000007a8000000, 0x00000007c0000000, 0x00000007c0000000)
 Metaspace       used 36018K, capacity 36608K, committed 36880K, reserved 1081344K
  class space    used 4112K, capacity 4279K, committed 4372K, reserved 1048576K
2016-10-23T18:05:25.732+0800: 90.736: [GC (Allocation Failure) 2016-10-23T18:05:25.732+0800: 90.736: [ParNew
Desired survivor size 20112992 bytes, new threshold 8 (max 8)
- age   1:    7075712 bytes,    7075712 total
- age   2:    2683008 bytes,    9758720 total
- age   3:    2749336 bytes,   12508056 total
- age   4:    2577488 bytes,   15085544 total
- age   5:    2140136 bytes,   17225680 total
- age   6:    2305008 bytes,   19530688 total
- age   7:     132960 bytes,   19663648 total
- age   8:    1759992 bytes,   21423640 total
: 109248K->21824K(109248K), 0.0108872 secs] 173165K->93027K(502464K), 0.0109510 secs] [Times: user=0.04 sys=0.00, real=0.01 secs] 
Heap after GC invocations=296 (full 6):
 par new generation   total 109248K, used 21824K [0x00000007a0000000, 0x00000007a8000000, 0x00000007a8000000)
  eden space 87424K,   0% used [0x00000007a0000000, 0x00000007a0000000, 0x00000007a5560000)
  from space 21824K, 100% used [0x00000007a5560000, 0x00000007a6ab0000, 0x00000007a6ab0000)
  to   space 21824K,   0% used [0x00000007a6ab0000, 0x00000007a6ab0000, 0x00000007a8000000)
 concurrent mark-sweep generation total 393216K, used 71203K [0x00000007a8000000, 0x00000007c0000000, 0x00000007c0000000)
 Metaspace       used 36018K, capacity 36608K, committed 36880K, reserved 1081344K
  class space    used 4112K, capacity 4279K, committed 4372K, reserved 1048576K
}
2016-10-23T18:05:25.743+0800: 90.747: Total time for which application threads were stopped: 0.0111871 seconds, Stopping threads took: 0.0000720 seconds
2016-10-23T18:05:25.844+0800: 90.848: Total time for which application threads were stopped: 0.0002461 seconds, Stopping threads took: 0.0000928 seconds
2016-10-23T18:05:25.844+0800: 90.848: Total time for which application threads were stopped: 0.0001673 seconds, Stopping threads took: 0.0001009 seconds
{Heap before GC invocations=296 (full 6):
 par new generation   total 109248K, used 109248K [0x00000007a0000000, 0x00000007a8000000, 0x00000007a8000000)
  eden space 87424K, 100% used [0x00000007a0000000, 0x00000007a5560000, 0x00000007a5560000)
  from space 21824K, 100% used [0x00000007a5560000, 0x00000007a6ab0000, 0x00000007a6ab0000)
  to   space 21824K,   0% used [0x00000007a6ab0000, 0x00000007a6ab0000, 0x00000007a8000000)
 concurrent mark-sweep generation total 393216K, used 71203K [0x00000007a8000000, 0x00000007c0000000, 0x00000007c0000000)
 Metaspace       used 36018K, capacity 36608K, committed 36880K, reserved 1081344K
  class space    used 4112K, capacity 4279K, committed 4372K, reserved 1048576K
2016-10-23T18:05:25.845+0800: 90.849: [GC (Allocation Failure) 2016-10-23T18:05:25.845+0800: 90.849: [ParNew
Desired survivor size 20112992 bytes, new threshold 8 (max 8)
- age   1:    1391160 bytes,    1391160 total
- age   2:    5995040 bytes,    7386200 total
- age   3:    2498208 bytes,    9884408 total
- age   4:    2564648 bytes,   12449056 total
- age   5:    2402872 bytes,   14851928 total
- age   6:    1971096 bytes,   16823024 total
- age   7:    2151216 bytes,   18974240 total
- age   8:     119592 bytes,   19093832 total
: 109248K->21824K(109248K), 0.0100978 secs] 180451K->96514K(502464K), 0.0101526 secs] [Times: user=0.03 sys=0.00, real=0.01 secs] 
Heap after GC invocations=297 (full 6):
 par new generation   total 109248K, used 21824K [0x00000007a0000000, 0x00000007a8000000, 0x00000007a8000000)
  eden space 87424K,   0% used [0x00000007a0000000, 0x00000007a0000000, 0x00000007a5560000)
  from space 21824K, 100% used [0x00000007a6ab0000, 0x00000007a8000000, 0x00000007a8000000)
  to   space 21824K,   0% used [0x00000007a5560000, 0x00000007a5560000, 0x00000007a6ab0000)
 concurrent mark-sweep generation total 393216K, used 74690K [0x00000007a8000000, 0x00000007c0000000, 0x00000007c0000000)
 Metaspace       used 36018K, capacity 36608K, committed 36880K, reserved 1081344K
  class space    used 4112K, capacity 4279K, committed 4372K, reserved 1048576K
}
2016-10-23T18:05:25.855+0800: 90.860: Total time for which application threads were stopped: 0.0103509 seconds, Stopping threads took: 0.0000549 seconds
{Heap before GC invocations=297 (full 6):
 par new generation   total 109248K, used 109248K [0x00000007a0000000, 0x00000007a8000000, 0x00000007a8000000)
  eden space 87424K, 100% used [0x00000007a0000000, 0x00000007a5560000, 0x00000007a5560000)
  from space 21824K, 100% used [0x00000007a6ab0000, 0x00000007a8000000, 0x00000007a8000000)
  to   space 21824K,   0% used [0x00000007a5560000, 0x00000007a5560000, 0x00000007a6ab0000)
 concurrent mark-sweep generation total 393216K, used 74690K [0x00000007a8000000, 0x00000007c0000000, 0x00000007c0000000)
 Metaspace       used 36018K, capacity 36608K, committed 36880K, reserved 1081344K
  class space    used 4112K, capacity 4279K, committed 4372K, reserved 1048576K
2016-10-23T18:05:25.903+0800: 90.907: [GC (Allocation Failure) 2016-10-23T18:05:25.903+0800: 90.907: [ParNew
Desired survivor size 20112992 bytes, new threshold 8 (max 8)
- age   1:     886208 bytes,     886208 total
- age   2:     943768 bytes,    1829976 total
- age   3:    4994048 bytes,    6824024 total
- age   4:    2487776 bytes,    9311800 total
- age   5:    2554984 bytes,   11866784 total
- age   6:    2393280 bytes,   14260064 total
- age   7:    1959600 bytes,   16219664 total
- age   8:    2140920 bytes,   18360584 total
: 109248K->21824K(109248K), 0.0066181 secs] 183938K->98261K(502464K), 0.0066610 secs] [Times: user=0.02 sys=0.00, real=0.01 secs] 
Heap after GC invocations=298 (full 6):
 par new generation   total 109248K, used 21824K [0x00000007a0000000, 0x00000007a8000000, 0x00000007a8000000)
  eden space 87424K,   0% used [0x00000007a0000000, 0x00000007a0000000, 0x00000007a5560000)
  from space 21824K, 100% used [0x00000007a5560000, 0x00000007a6ab0000, 0x00000007a6ab0000)
  to   space 21824K,   0% used [0x00000007a6ab0000, 0x00000007a6ab0000, 0x00000007a8000000)
 concurrent mark-sweep generation total 393216K, used 76437K [0x00000007a8000000, 0x00000007c0000000, 0x00000007c0000000)
 Metaspace       used 36018K, capacity 36608K, committed 36880K, reserved 1081344K
  class space    used 4112K, capacity 4279K, committed 4372K, reserved 1048576K
}
2016-10-23T18:05:25.910+0800: 90.914: Total time for which application threads were stopped: 0.0068568 seconds, Stopping threads took: 0.0000573 seconds
2016-10-23T18:05:25.942+0800: 90.947: Total time for which application threads were stopped: 0.0001459 seconds, Stopping threads took: 0.0000746 seconds
{Heap before GC invocations=298 (full 6):
 par new generation   total 109248K, used 109248K [0x00000007a0000000, 0x00000007a8000000, 0x00000007a8000000)
  eden space 87424K, 100% used [0x00000007a0000000, 0x00000007a5560000, 0x00000007a5560000)
  from space 21824K, 100% used [0x00000007a5560000, 0x00000007a6ab0000, 0x00000007a6ab0000)
  to   space 21824K,   0% used [0x00000007a6ab0000, 0x00000007a6ab0000, 0x00000007a8000000)
 concurrent mark-sweep generation total 393216K, used 76437K [0x00000007a8000000, 0x00000007c0000000, 0x00000007c0000000)
 Metaspace       used 36020K, capacity 36608K, committed 36880K, reserved 1081344K
  class space    used 4112K, capacity 4279K, committed 4372K, reserved 1048576K
2016-10-23T18:05:26.019+0800: 91.023: [GC (Allocation Failure) 2016-10-23T18:05:26.019+0800: 91.023: [ParNew
Desired survivor size 20112992 bytes, new threshold 8 (max 8)
- age   1:    5199712 bytes,    5199712 total
- age   2:     471488 bytes,    5671200 total
- age   3:     884384 bytes,    6555584 total
- age   4:    4811096 bytes,   11366680 total
- age   5:    2375536 bytes,   13742216 total
- age   6:    2445000 bytes,   16187216 total
- age   7:    2288928 bytes,   18476144 total
- age   8:    1848872 bytes,   20325016 total
: 109248K->21824K(109248K), 0.0081100 secs] 185685K->100464K(502464K), 0.0081721 secs] [Times: user=0.02 sys=0.01, real=0.01 secs] 
Heap after GC invocations=299 (full 6):
 par new generation   total 109248K, used 21824K [0x00000007a0000000, 0x00000007a8000000, 0x00000007a8000000)
  eden space 87424K,   0% used [0x00000007a0000000, 0x00000007a0000000, 0x00000007a5560000)
  from space 21824K, 100% used [0x00000007a6ab0000, 0x00000007a8000000, 0x00000007a8000000)
  to   space 21824K,   0% used [0x00000007a5560000, 0x00000007a5560000, 0x00000007a6ab0000)
 concurrent mark-sweep generation total 393216K, used 78640K [0x00000007a8000000, 0x00000007c0000000, 0x00000007c0000000)
 Metaspace       used 36020K, capacity 36608K, committed 36880K, reserved 1081344K
  class space    used 4112K, capacity 4279K, committed 4372K, reserved 1048576K
}
2016-10-23T18:05:26.027+0800: 91.031: Total time for which application threads were stopped: 0.0083981 seconds, Stopping threads took: 0.0000577 seconds
{Heap before GC invocations=299 (full 6):
 par new generation   total 109248K, used 109248K [0x00000007a0000000, 0x00000007a8000000, 0x00000007a8000000)
  eden space 87424K, 100% used [0x00000007a0000000, 0x00000007a5560000, 0x00000007a5560000)
  from space 21824K, 100% used [0x00000007a6ab0000, 0x00000007a8000000, 0x00000007a8000000)
  to   space 21824K,   0% used [0x00000007a5560000, 0x00000007a5560000, 0x00000007a6ab0000)
 concurrent mark-sweep generation total 393216K, used 78640K [0x00000007a8000000, 0x00000007c0000000, 0x00000007c0000000)
 Metaspace       used 36020K, capacity 36608K, committed 36880K, reserved 1081344K
  class space    used 4112K, capacity 4279K, committed 4372K, reserved 1048576K
2016-10-23T18:05:26.128+0800: 91.132: [GC (Allocation Failure) 2016-10-23T18:05:26.128+0800: 91.132: [ParNew
Desired survivor size 20112992 bytes, new threshold 8 (max 8)
- age   1:    3925304 bytes,    3925304 total
- age   2:    2687888 bytes,    6613192 total
- age   3:     300592 bytes,    6913784 total
- age   4:     824080 bytes,    7737864 total
- age   5:    4108640 bytes,   11846504 total
- age   6:    2375152 bytes,   14221656 total
- age   7:    2477272 bytes,   16698928 total
- age   8:    2288544 bytes,   18987472 total
: 109248K->21824K(109248K), 0.0080661 secs] 187888K->105184K(502464K), 0.0081328 secs] [Times: user=0.03 sys=0.00, real=0.01 secs] 
Heap after GC invocations=300 (full 6):
 par new generation   total 109248K, used 21824K [0x00000007a0000000, 0x00000007a8000000, 0x00000007a8000000)
  eden space 87424K,   0% used [0x00000007a0000000, 0x00000007a0000000, 0x00000007a5560000)
  from space 21824K, 100% used [0x00000007a5560000, 0x00000007a6ab0000, 0x00000007a6ab0000)
  to   space 21824K,   0% used [0x00000007a6ab0000, 0x00000007a6ab0000, 0x00000007a8000000)
 concurrent mark-sweep generation total 393216K, used 83360K [0x00000007a8000000, 0x00000007c0000000, 0x00000007c0000000)
 Metaspace       used 36020K, capacity 36608K, committed 36880K, reserved 1081344K
  class space    used 4112K, capacity 4279K, committed 4372K, reserved 1048576K
}
2016-10-23T18:05:26.136+0800: 91.140: Total time for which application threads were stopped: 0.0083662 seconds, Stopping threads took: 0.0000828 seconds
{Heap before GC invocations=300 (full 6):
 par new generation   total 109248K, used 109248K [0x00000007a0000000, 0x00000007a8000000, 0x00000007a8000000)
  eden space 87424K, 100% used [0x00000007a0000000, 0x00000007a5560000, 0x00000007a5560000)
  from space 21824K, 100% used [0x00000007a5560000, 0x00000007a6ab0000, 0x00000007a6ab0000)
  to   space 21824K,   0% used [0x00000007a6ab0000, 0x00000007a6ab0000, 0x00000007a8000000)
 concurrent mark-sweep generation total 393216K, used 83360K [0x00000007a8000000, 0x00000007c0000000, 0x00000007c0000000)
 Metaspace       used 36020K, capacity 36608K, committed 36880K, reserved 1081344K
  class space    used 4112K, capacity 4279K, committed 4372K, reserved 1048576K
2016-10-23T18:05:26.203+0800: 91.207: [GC (Allocation Failure) 2016-10-23T18:05:26.203+0800: 91.207: [ParNew
Desired survivor size 20112992 bytes, new threshold 8 (max 8)
- age   1:    4768712 bytes,    4768712 total
- age   2:    2203504 bytes,    6972216 total
- age   3:    2156584 bytes,    9128800 total
- age   4:     297200 bytes,    9426000 total
- age   5:     810648 bytes,   10236648 total
- age   6:    3798528 bytes,   14035176 total
- age   7:    2305808 bytes,   16340984 total
- age   8:    2279688 bytes,   18620672 total
: 109248K->21824K(109248K), 0.0069559 secs] 192608K->108414K(502464K), 0.0070295 secs] [Times: user=0.02 sys=0.00, real=0.01 secs] 
Heap after GC invocations=301 (full 6):
 par new generation   total 109248K, used 21824K [0x00000007a0000000, 0x00000007a8000000, 0x00000007a8000000)
  eden space 87424K,   0% used [0x00000007a0000000, 0x00000007a0000000, 0x00000007a5560000)
  from space 21824K, 100% used [0x00000007a6ab0000, 0x00000007a8000000, 0x00000007a8000000)
  to   space 21824K,   0% used [0x00000007a5560000, 0x00000007a5560000, 0x00000007a6ab0000)
 concurrent mark-sweep generation total 393216K, used 86590K [0x00000007a8000000, 0x00000007c0000000, 0x00000007c0000000)
 Metaspace       used 36020K, capacity 36608K, committed 36880K, reserved 1081344K
  class space    used 4112K, capacity 4279K, committed 4372K, reserved 1048576K
}
2016-10-23T18:05:26.210+0800: 91.214: Total time for which application threads were stopped: 0.0072792 seconds, Stopping threads took: 0.0000702 seconds
{Heap before GC invocations=301 (full 6):
 par new generation   total 109248K, used 109248K [0x00000007a0000000, 0x00000007a8000000, 0x00000007a8000000)
  eden space 87424K, 100% used [0x00000007a0000000, 0x00000007a5560000, 0x00000007a5560000)
  from space 21824K, 100% used [0x00000007a6ab0000, 0x00000007a8000000, 0x00000007a8000000)
  to   space 21824K,   0% used [0x00000007a5560000, 0x00000007a5560000, 0x00000007a6ab0000)
 concurrent mark-sweep generation total 393216K, used 86590K [0x00000007a8000000, 0x00000007c0000000, 0x00000007c0000000)
 Metaspace       used 36020K, capacity 36608K, committed 36880K, reserved 1081344K
  class space    used 4112K, capacity 4279K, committed 4372K, reserved 1048576K
2016-10-23T18:05:26.283+0800: 91.287: [GC (Allocation Failure) 2016-10-23T18:05:26.283+0800: 91.287: [ParNew
Desired survivor size 20112992 bytes, new threshold 8 (max 8)
- age   1:    4673792 bytes,    4673792 total
- age   2:    2687928 bytes,    7361720 total
- age   3:    2123032 bytes,    9484752 total
- age   4:    2140688 bytes,   11625440 total
- age   5:     297416 bytes,   11922856 total
- age   6:     810936 bytes,   12733792 total
- age   7:    3798544 bytes,   16532336 total
- age   8:    2305808 bytes,   18838144 total
: 109248K->21824K(109248K), 0.0065839 secs] 195838K->110642K(502464K), 0.0066393 secs] [Times: user=0.02 sys=0.00, real=0.01 secs] 
Heap after GC invocations=302 (full 6):
 par new generation   total 109248K, used 21824K [0x00000007a0000000, 0x00000007a8000000, 0x00000007a8000000)
  eden space 87424K,   0% used [0x00000007a0000000, 0x00000007a0000000, 0x00000007a5560000)
  from space 21824K, 100% used [0x00000007a5560000, 0x00000007a6ab0000, 0x00000007a6ab0000)
  to   space 21824K,   0% used [0x00000007a6ab0000, 0x00000007a6ab0000, 0x00000007a8000000)
 concurrent mark-sweep generation total 393216K, used 88818K [0x00000007a8000000, 0x00000007c0000000, 0x00000007c0000000)
 Metaspace       used 36020K, capacity 36608K, committed 36880K, reserved 1081344K
  class space    used 4112K, capacity 4279K, committed 4372K, reserved 1048576K
}
2016-10-23T18:05:26.290+0800: 91.294: Total time for which application threads were stopped: 0.0068994 seconds, Stopping threads took: 0.0000796 seconds
{Heap before GC invocations=302 (full 6):
 par new generation   total 109248K, used 109248K [0x00000007a0000000, 0x00000007a8000000, 0x00000007a8000000)
  eden space 87424K, 100% used [0x00000007a0000000, 0x00000007a5560000, 0x00000007a5560000)
  from space 21824K, 100% used [0x00000007a5560000, 0x00000007a6ab0000, 0x00000007a6ab0000)
  to   space 21824K,   0% used [0x00000007a6ab0000, 0x00000007a6ab0000, 0x00000007a8000000)
 concurrent mark-sweep generation total 393216K, used 88818K [0x00000007a8000000, 0x00000007c0000000, 0x00000007c0000000)
 Metaspace       used 36020K, capacity 36608K, committed 36880K, reserved 1081344K
  class space    used 4112K, capacity 4279K, committed 4372K, reserved 1048576K
2016-10-23T18:05:26.362+0800: 91.366: [GC (Allocation Failure) 2016-10-23T18:05:26.362+0800: 91.366: [ParNew
Desired survivor size 20112992 bytes, new threshold 8 (max 8)
- age   1:    5497816 bytes,    5497816 total
- age   2:    1680832 bytes,    7178648 total
- age   3:    2277488 bytes,    9456136 total
- age   4:    1854800 bytes,   11310936 total
- age   5:    2030616 bytes,   13341552 total
- age   6:     293000 bytes,   13634552 total
- age   7:     803976 bytes,   14438528 total
- age   8:    3776688 bytes,   18215216 total
: 109248K->21824K(109248K), 0.0069461 secs] 198066K->113789K(502464K), 0.0070018 secs] [Times: user=0.02 sys=0.01, real=0.00 secs] 
Heap after GC invocations=303 (full 6):
 par new generation   total 109248K, used 21824K [0x00000007a0000000, 0x00000007a8000000, 0x00000007a8000000)
  eden space 87424K,   0% used [0x00000007a0000000, 0x00000007a0000000, 0x00000007a5560000)
  from space 21824K, 100% used [0x00000007a6ab0000, 0x00000007a8000000, 0x00000007a8000000)
  to   space 21824K,   0% used [0x00000007a5560000, 0x00000007a5560000, 0x00000007a6ab0000)
 concurrent mark-sweep generation total 393216K, used 91965K [0x00000007a8000000, 0x00000007c0000000, 0x00000007c0000000)
 Metaspace       used 36020K, capacity 36608K, committed 36880K, reserved 1081344K
  class space    used 4112K, capacity 4279K, committed 4372K, reserved 1048576K
}
2016-10-23T18:05:26.369+0800: 91.373: Total time for which application threads were stopped: 0.0072576 seconds, Stopping threads took: 0.0000978 seconds
{Heap before GC invocations=303 (full 6):
 par new generation   total 109248K, used 109248K [0x00000007a0000000, 0x00000007a8000000, 0x00000007a8000000)
  eden space 87424K, 100% used [0x00000007a0000000, 0x00000007a5560000, 0x00000007a5560000)
  from space 21824K, 100% used [0x00000007a6ab0000, 0x00000007a8000000, 0x00000007a8000000)
  to   space 21824K,   0% used [0x00000007a5560000, 0x00000007a5560000, 0x00000007a6ab0000)
 concurrent mark-sweep generation total 393216K, used 91965K [0x00000007a8000000, 0x00000007c0000000, 0x00000007c0000000)
 Metaspace       used 36020K, capacity 36608K, committed 36880K, reserved 1081344K
  class space    used 4112K, capacity 4279K, committed 4372K, reserved 1048576K
2016-10-23T18:05:26.423+0800: 91.427: [GC (Allocation Failure) 2016-10-23T18:05:26.423+0800: 91.427: [ParNew
Desired survivor size 20112992 bytes, new threshold 8 (max 8)
- age   1:    5150152 bytes,    5150152 total
- age   2:    2532584 bytes,    7682736 total
- age   3:    1640664 bytes,    9323400 total
- age   4:    2275696 bytes,   11599096 total
- age   5:    1804488 bytes,   13403584 total
- age   6:    2021432 bytes,   15425016 total
- age   7:     292712 bytes,   15717728 total
- age   8:     803472 bytes,   16521200 total
: 109248K->21824K(109248K), 0.0072431 secs] 201213K->117482K(502464K), 0.0073225 secs] [Times: user=0.02 sys=0.00, real=0.01 secs] 
Heap after GC invocations=304 (full 6):
 par new generation   total 109248K, used 21824K [0x00000007a0000000, 0x00000007a8000000, 0x00000007a8000000)
  eden space 87424K,   0% used [0x00000007a0000000, 0x00000007a0000000, 0x00000007a5560000)
  from space 21824K, 100% used [0x00000007a5560000, 0x00000007a6ab0000, 0x00000007a6ab0000)
  to   space 21824K,   0% used [0x00000007a6ab0000, 0x00000007a6ab0000, 0x00000007a8000000)
 concurrent mark-sweep generation total 393216K, used 95658K [0x00000007a8000000, 0x00000007c0000000, 0x00000007c0000000)
 Metaspace       used 36020K, capacity 36608K, committed 36880K, reserved 1081344K
  class space    used 4112K, capacity 4279K, committed 4372K, reserved 1048576K
}
2016-10-23T18:05:26.430+0800: 91.434: Total time for which application threads were stopped: 0.0075695 seconds, Stopping threads took: 0.0000678 seconds
{Heap before GC invocations=304 (full 6):
 par new generation   total 109248K, used 109248K [0x00000007a0000000, 0x00000007a8000000, 0x00000007a8000000)
  eden space 87424K, 100% used [0x00000007a0000000, 0x00000007a5560000, 0x00000007a5560000)
  from space 21824K, 100% used [0x00000007a5560000, 0x00000007a6ab0000, 0x00000007a6ab0000)
  to   space 21824K,   0% used [0x00000007a6ab0000, 0x00000007a6ab0000, 0x00000007a8000000)
 concurrent mark-sweep generation total 393216K, used 95658K [0x00000007a8000000, 0x00000007c0000000, 0x00000007c0000000)
 Metaspace       used 36020K, capacity 36608K, committed 36880K, reserved 1081344K
  class space    used 4112K, capacity 4279K, committed 4372K, reserved 1048576K
2016-10-23T18:05:26.506+0800: 91.510: [GC (Allocation Failure) 2016-10-23T18:05:26.506+0800: 91.510: [ParNew
Desired survivor size 20112992 bytes, new threshold 8 (max 8)
- age   1:    6069304 bytes,    6069304 total
- age   2:    1986992 bytes,    8056296 total
- age   3:    2384160 bytes,   10440456 total
- age   4:    1628696 bytes,   12069152 total
- age   5:    2025040 bytes,   14094192 total
- age   6:    1771584 bytes,   15865776 total
- age   7:    2021288 bytes,   17887064 total
- age   8:     292664 bytes,   18179728 total
: 109248K->21065K(109248K), 0.0063115 secs] 204906K->117519K(502464K), 0.0063574 secs] [Times: user=0.02 sys=0.00, real=0.01 secs] 
Heap after GC invocations=305 (full 6):
 par new generation   total 109248K, used 21065K [0x00000007a0000000, 0x00000007a8000000, 0x00000007a8000000)
  eden space 87424K,   0% used [0x00000007a0000000, 0x00000007a0000000, 0x00000007a5560000)
  from space 21824K,  96% used [0x00000007a6ab0000, 0x00000007a7f42700, 0x00000007a8000000)
  to   space 21824K,   0% used [0x00000007a5560000, 0x00000007a5560000, 0x00000007a6ab0000)
 concurrent mark-sweep generation total 393216K, used 96454K [0x00000007a8000000, 0x00000007c0000000, 0x00000007c0000000)
 Metaspace       used 36020K, capacity 36608K, committed 36880K, reserved 1081344K
  class space    used 4112K, capacity 4279K, committed 4372K, reserved 1048576K
}
2016-10-23T18:05:26.513+0800: 91.517: Total time for which application threads were stopped: 0.0066076 seconds, Stopping threads took: 0.0000927 seconds
{Heap before GC invocations=305 (full 6):
 par new generation   total 109248K, used 108489K [0x00000007a0000000, 0x00000007a8000000, 0x00000007a8000000)
  eden space 87424K, 100% used [0x00000007a0000000, 0x00000007a5560000, 0x00000007a5560000)
  from space 21824K,  96% used [0x00000007a6ab0000, 0x00000007a7f42700, 0x00000007a8000000)
  to   space 21824K,   0% used [0x00000007a5560000, 0x00000007a5560000, 0x00000007a6ab0000)
 concurrent mark-sweep generation total 393216K, used 96454K [0x00000007a8000000, 0x00000007c0000000, 0x00000007c0000000)
 Metaspace       used 36020K, capacity 36608K, committed 36880K, reserved 1081344K
  class space    used 4112K, capacity 4279K, committed 4372K, reserved 1048576K
2016-10-23T18:05:26.587+0800: 91.591: [GC (Allocation Failure) 2016-10-23T18:05:26.587+0800: 91.591: [ParNew
Desired survivor size 20112992 bytes, new threshold 8 (max 8)
- age   1:    6712864 bytes,    6712864 total
- age   2:    2348952 bytes,    9061816 total
- age   3:    1291640 bytes,   10353456 total
- age   4:    2308936 bytes,   12662392 total
- age   5:    1503560 bytes,   14165952 total
- age   6:    1956840 bytes,   16122792 total
- age   7:    1460544 bytes,   17583336 total
- age   8:    1959784 bytes,   19543120 total
: 108489K->21824K(109248K), 0.0069915 secs] 204943K->119405K(502464K), 0.0070544 secs] [Times: user=0.02 sys=0.00, real=0.01 secs] 
Heap after GC invocations=306 (full 6):
 par new generation   total 109248K, used 21824K [0x00000007a0000000, 0x00000007a8000000, 0x00000007a8000000)
  eden space 87424K,   0% used [0x00000007a0000000, 0x00000007a0000000, 0x00000007a5560000)
  from space 21824K, 100% used [0x00000007a5560000, 0x00000007a6ab0000, 0x00000007a6ab0000)
  to   space 21824K,   0% used [0x00000007a6ab0000, 0x00000007a6ab0000, 0x00000007a8000000)
 concurrent mark-sweep generation total 393216K, used 97581K [0x00000007a8000000, 0x00000007c0000000, 0x00000007c0000000)
 Metaspace       used 36020K, capacity 36608K, committed 36880K, reserved 1081344K
  class space    used 4112K, capacity 4279K, committed 4372K, reserved 1048576K
}
2016-10-23T18:05:26.594+0800: 91.598: Total time for which application threads were stopped: 0.0072862 seconds, Stopping threads took: 0.0000669 seconds
{Heap before GC invocations=306 (full 6):
 par new generation   total 109248K, used 109248K [0x00000007a0000000, 0x00000007a8000000, 0x00000007a8000000)
  eden space 87424K, 100% used [0x00000007a0000000, 0x00000007a5560000, 0x00000007a5560000)
  from space 21824K, 100% used [0x00000007a5560000, 0x00000007a6ab0000, 0x00000007a6ab0000)
  to   space 21824K,   0% used [0x00000007a6ab0000, 0x00000007a6ab0000, 0x00000007a8000000)
 concurrent mark-sweep generation total 393216K, used 97581K [0x00000007a8000000, 0x00000007c0000000, 0x00000007c0000000)
 Metaspace       used 36020K, capacity 36608K, committed 36880K, reserved 1081344K
  class space    used 4112K, capacity 4279K, committed 4372K, reserved 1048576K
2016-10-23T18:05:26.654+0800: 91.658: [GC (Allocation Failure) 2016-10-23T18:05:26.654+0800: 91.658: [ParNew
Desired survivor size 20112992 bytes, new threshold 8 (max 8)
- age   1:    5043760 bytes,    5043760 total
- age   2:    4231040 bytes,    9274800 total
- age   3:    2128456 bytes,   11403256 total
- age   4:    1263624 bytes,   12666880 total
- age   5:    2281504 bytes,   14948384 total
- age   6:    1412632 bytes,   16361016 total
- age   7:    1342008 bytes,   17703024 total
- age   8:    1433224 bytes,   19136248 total
: 109248K->21824K(109248K), 0.0078240 secs] 206829K->121753K(502464K), 0.0079048 secs] [Times: user=0.03 sys=0.00, real=0.01 secs] 
Heap after GC invocations=307 (full 6):
 par new generation   total 109248K, used 21824K [0x00000007a0000000, 0x00000007a8000000, 0x00000007a8000000)
  eden space 87424K,   0% used [0x00000007a0000000, 0x00000007a0000000, 0x00000007a5560000)
  from space 21824K, 100% used [0x00000007a6ab0000, 0x00000007a8000000, 0x00000007a8000000)
  to   space 21824K,   0% used [0x00000007a5560000, 0x00000007a5560000, 0x00000007a6ab0000)
 concurrent mark-sweep generation total 393216K, used 99929K [0x00000007a8000000, 0x00000007c0000000, 0x00000007c0000000)
 Metaspace       used 36020K, capacity 36608K, committed 36880K, reserved 1081344K
  class space    used 4112K, capacity 4279K, committed 4372K, reserved 1048576K
}
2016-10-23T18:05:26.662+0800: 91.666: Total time for which application threads were stopped: 0.0081752 seconds, Stopping threads took: 0.0000929 seconds
{Heap before GC invocations=307 (full 6):
 par new generation   total 109248K, used 109248K [0x00000007a0000000, 0x00000007a8000000, 0x00000007a8000000)
  eden space 87424K, 100% used [0x00000007a0000000, 0x00000007a5560000, 0x00000007a5560000)
  from space 21824K, 100% used [0x00000007a6ab0000, 0x00000007a8000000, 0x00000007a8000000)
  to   space 21824K,   0% used [0x00000007a5560000, 0x00000007a5560000, 0x00000007a6ab0000)
 concurrent mark-sweep generation total 393216K, used 99929K [0x00000007a8000000, 0x00000007c0000000, 0x00000007c0000000)
 Metaspace       used 36020K, capacity 36608K, committed 36880K, reserved 1081344K
  class space    used 4112K, capacity 4279K, committed 4372K, reserved 1048576K
2016-10-23T18:05:26.716+0800: 91.720: [GC (Allocation Failure) 2016-10-23T18:05:26.716+0800: 91.720: [ParNew
Desired survivor size 20112992 bytes, new threshold 8 (max 8)
- age   1:    4140400 bytes,    4140400 total
- age   2:    4452688 bytes,    8593088 total
- age   3:    2230504 bytes,   10823592 total
- age   4:    2055064 bytes,   12878656 total
- age   5:    1233728 bytes,   14112384 total
- age   6:    2277704 bytes,   16390088 total
- age   7:    1410216 bytes,   17800304 total
- age   8:    1340048 bytes,   19140352 total
: 109248K->21824K(109248K), 0.0072513 secs] 209177K->123587K(502464K), 0.0073206 secs] [Times: user=0.02 sys=0.00, real=0.01 secs] 
Heap after GC invocations=308 (full 6):
 par new generation   total 109248K, used 21824K [0x00000007a0000000, 0x00000007a8000000, 0x00000007a8000000)
  eden space 87424K,   0% used [0x00000007a0000000, 0x00000007a0000000, 0x00000007a5560000)
  from space 21824K, 100% used [0x00000007a5560000, 0x00000007a6ab0000, 0x00000007a6ab0000)
  to   space 21824K,   0% used [0x00000007a6ab0000, 0x00000007a6ab0000, 0x00000007a8000000)
 concurrent mark-sweep generation total 393216K, used 101763K [0x00000007a8000000, 0x00000007c0000000, 0x00000007c0000000)
 Metaspace       used 36020K, capacity 36608K, committed 36880K, reserved 1081344K
  class space    used 4112K, capacity 4279K, committed 4372K, reserved 1048576K
}
2016-10-23T18:05:26.723+0800: 91.728: Total time for which application threads were stopped: 0.0076041 seconds, Stopping threads took: 0.0001225 seconds
{Heap before GC invocations=308 (full 6):
 par new generation   total 109248K, used 109248K [0x00000007a0000000, 0x00000007a8000000, 0x00000007a8000000)
  eden space 87424K, 100% used [0x00000007a0000000, 0x00000007a5560000, 0x00000007a5560000)
  from space 21824K, 100% used [0x00000007a5560000, 0x00000007a6ab0000, 0x00000007a6ab0000)
  to   space 21824K,   0% used [0x00000007a6ab0000, 0x00000007a6ab0000, 0x00000007a8000000)
 concurrent mark-sweep generation total 393216K, used 101763K [0x00000007a8000000, 0x00000007c0000000, 0x00000007c0000000)
 Metaspace       used 36022K, capacity 36608K, committed 36880K, reserved 1081344K
  class space    used 4112K, capacity 4279K, committed 4372K, reserved 1048576K
2016-10-23T18:05:26.847+0800: 91.851: [GC (Allocation Failure) 2016-10-23T18:05:26.847+0800: 91.851: [ParNew
Desired survivor size 20112992 bytes, new threshold 8 (max 8)
- age   1:    3491720 bytes,    3491720 total
- age   2:    3939136 bytes,    7430856 total
- age   3:    4496624 bytes,   11927480 total
- age   4:    2068312 bytes,   13995792 total
- age   5:    1991256 bytes,   15987048 total
- age   6:    1188000 bytes,   17175048 total
- age   7:    2217312 bytes,   19392360 total
- age   8:    1350984 bytes,   20743344 total
: 109248K->21824K(109248K), 0.0074011 secs] 211011K->125164K(502464K), 0.0074594 secs] [Times: user=0.02 sys=0.00, real=0.01 secs] 
Heap after GC invocations=309 (full 6):
 par new generation   total 109248K, used 21824K [0x00000007a0000000, 0x00000007a8000000, 0x00000007a8000000)
  eden space 87424K,   0% used [0x00000007a0000000, 0x00000007a0000000, 0x00000007a5560000)
  from space 21824K, 100% used [0x00000007a6ab0000, 0x00000007a8000000, 0x00000007a8000000)
  to   space 21824K,   0% used [0x00000007a5560000, 0x00000007a5560000, 0x00000007a6ab0000)
 concurrent mark-sweep generation total 393216K, used 103340K [0x00000007a8000000, 0x00000007c0000000, 0x00000007c0000000)
 Metaspace       used 36022K, capacity 36608K, committed 36880K, reserved 1081344K
  class space    used 4112K, capacity 4279K, committed 4372K, reserved 1048576K
}
2016-10-23T18:05:26.855+0800: 91.859: Total time for which application threads were stopped: 0.0077594 seconds, Stopping threads took: 0.0001186 seconds
{Heap before GC invocations=309 (full 6):
 par new generation   total 109248K, used 109248K [0x00000007a0000000, 0x00000007a8000000, 0x00000007a8000000)
  eden space 87424K, 100% used [0x00000007a0000000, 0x00000007a5560000, 0x00000007a5560000)
  from space 21824K, 100% used [0x00000007a6ab0000, 0x00000007a8000000, 0x00000007a8000000)
  to   space 21824K,   0% used [0x00000007a5560000, 0x00000007a5560000, 0x00000007a6ab0000)
 concurrent mark-sweep generation total 393216K, used 103340K [0x00000007a8000000, 0x00000007c0000000, 0x00000007c0000000)
 Metaspace       used 36022K, capacity 36608K, committed 36880K, reserved 1081344K
  class space    used 4112K, capacity 4279K, committed 4372K, reserved 1048576K
2016-10-23T18:05:26.895+0800: 91.900: [GC (Allocation Failure) 2016-10-23T18:05:26.895+0800: 91.900: [ParNew
Desired survivor size 20112992 bytes, new threshold 8 (max 8)
- age   1:    1398024 bytes,    1398024 total
- age   2:    2942232 bytes,    4340256 total
- age   3:    3884448 bytes,    8224704 total
- age   4:    4352096 bytes,   12576800 total
- age   5:    2000896 bytes,   14577696 total
- age   6:    1797920 bytes,   16375616 total
- age   7:    1149088 bytes,   17524704 total
- age   8:    2169864 bytes,   19694568 total
: 109248K->21824K(109248K), 0.0061083 secs] 212588K->126998K(502464K), 0.0061554 secs] [Times: user=0.02 sys=0.00, real=0.01 secs] 
Heap after GC invocations=310 (full 6):
 par new generation   total 109248K, used 21824K [0x00000007a0000000, 0x00000007a8000000, 0x00000007a8000000)
  eden space 87424K,   0% used [0x00000007a0000000, 0x00000007a0000000, 0x00000007a5560000)
  from space 21824K, 100% used [0x00000007a5560000, 0x00000007a6ab0000, 0x00000007a6ab0000)
  to   space 21824K,   0% used [0x00000007a6ab0000, 0x00000007a6ab0000, 0x00000007a8000000)
 concurrent mark-sweep generation total 393216K, used 105174K [0x00000007a8000000, 0x00000007c0000000, 0x00000007c0000000)
 Metaspace       used 36022K, capacity 36608K, committed 36880K, reserved 1081344K
  class space    used 4112K, capacity 4279K, committed 4372K, reserved 1048576K
}
2016-10-23T18:05:26.902+0800: 91.906: Total time for which application threads were stopped: 0.0063850 seconds, Stopping threads took: 0.0000884 seconds
2016-10-23T18:05:26.961+0800: 91.965: Total time for which application threads were stopped: 0.0002157 seconds, Stopping threads took: 0.0001013 seconds
{Heap before GC invocations=310 (full 6):
 par new generation   total 109248K, used 109248K [0x00000007a0000000, 0x00000007a8000000, 0x00000007a8000000)
  eden space 87424K, 100% used [0x00000007a0000000, 0x00000007a5560000, 0x00000007a5560000)
  from space 21824K, 100% used [0x00000007a5560000, 0x00000007a6ab0000, 0x00000007a6ab0000)
  to   space 21824K,   0% used [0x00000007a6ab0000, 0x00000007a6ab0000, 0x00000007a8000000)
 concurrent mark-sweep generation total 393216K, used 105174K [0x00000007a8000000, 0x00000007c0000000, 0x00000007c0000000)
 Metaspace       used 36022K, capacity 36608K, committed 36880K, reserved 1081344K
  class space    used 4112K, capacity 4279K, committed 4372K, reserved 1048576K
2016-10-23T18:05:26.988+0800: 91.992: [GC (Allocation Failure) 2016-10-23T18:05:26.988+0800: 91.992: [ParNew
Desired survivor size 20112992 bytes, new threshold 8 (max 8)
- age   1:    3665848 bytes,    3665848 total
- age   2:     416240 bytes,    4082088 total
- age   3:    1682160 bytes,    5764248 total
- age   4:    3828680 bytes,    9592928 total
- age   5:    4275520 bytes,   13868448 total
- age   6:    1944080 bytes,   15812528 total
- age   7:    1737336 bytes,   17549864 total
- age   8:    1105872 bytes,   18655736 total
: 109248K->21824K(109248K), 0.0077272 secs] 214422K->130868K(502464K), 0.0077989 secs] [Times: user=0.02 sys=0.00, real=0.01 secs] 
Heap after GC invocations=311 (full 6):
 par new generation   total 109248K, used 21824K [0x00000007a0000000, 0x00000007a8000000, 0x00000007a8000000)
  eden space 87424K,   0% used [0x00000007a0000000, 0x00000007a0000000, 0x00000007a5560000)
  from space 21824K, 100% used [0x00000007a6ab0000, 0x00000007a8000000, 0x00000007a8000000)
  to   space 21824K,   0% used [0x00000007a5560000, 0x00000007a5560000, 0x00000007a6ab0000)
 concurrent mark-sweep generation total 393216K, used 109044K [0x00000007a8000000, 0x00000007c0000000, 0x00000007c0000000)
 Metaspace       used 36022K, capacity 36608K, committed 36880K, reserved 1081344K
  class space    used 4112K, capacity 4279K, committed 4372K, reserved 1048576K
}
2016-10-23T18:05:26.996+0800: 92.000: Total time for which application threads were stopped: 0.0080131 seconds, Stopping threads took: 0.0000663 seconds
{Heap before GC invocations=311 (full 6):
 par new generation   total 109248K, used 109248K [0x00000007a0000000, 0x00000007a8000000, 0x00000007a8000000)
  eden space 87424K, 100% used [0x00000007a0000000, 0x00000007a5560000, 0x00000007a5560000)
  from space 21824K, 100% used [0x00000007a6ab0000, 0x00000007a8000000, 0x00000007a8000000)
  to   space 21824K,   0% used [0x00000007a5560000, 0x00000007a5560000, 0x00000007a6ab0000)
 concurrent mark-sweep generation total 393216K, used 109044K [0x00000007a8000000, 0x00000007c0000000, 0x00000007c0000000)
 Metaspace       used 36022K, capacity 36608K, committed 36880K, reserved 1081344K
  class space    used 4112K, capacity 4279K, committed 4372K, reserved 1048576K
2016-10-23T18:05:27.149+0800: 92.153: [GC (Allocation Failure) 2016-10-23T18:05:27.149+0800: 92.153: [ParNew
Desired survivor size 20112992 bytes, new threshold 8 (max 8)
- age   1:    4528288 bytes,    4528288 total
- age   2:    2830824 bytes,    7359112 total
- age   3:     365504 bytes,    7724616 total
- age   4:    1677288 bytes,    9401904 total
- age   5:    3802208 bytes,   13204112 total
- age   6:    4239712 bytes,   17443824 total
- age   7:    1895728 bytes,   19339552 total
- age   8:    1710568 bytes,   21050120 total
: 109248K->21824K(109248K), 0.0079508 secs] 218292K->132116K(502464K), 0.0080075 secs] [Times: user=0.03 sys=0.00, real=0.01 secs] 
Heap after GC invocations=312 (full 6):
 par new generation   total 109248K, used 21824K [0x00000007a0000000, 0x00000007a8000000, 0x00000007a8000000)
  eden space 87424K,   0% used [0x00000007a0000000, 0x00000007a0000000, 0x00000007a5560000)
  from space 21824K, 100% used [0x00000007a5560000, 0x00000007a6ab0000, 0x00000007a6ab0000)
  to   space 21824K,   0% used [0x00000007a6ab0000, 0x00000007a6ab0000, 0x00000007a8000000)
 concurrent mark-sweep generation total 393216K, used 110292K [0x00000007a8000000, 0x00000007c0000000, 0x00000007c0000000)
 Metaspace       used 36022K, capacity 36608K, committed 36880K, reserved 1081344K
  class space    used 4112K, capacity 4279K, committed 4372K, reserved 1048576K
}
2016-10-23T18:05:27.157+0800: 92.161: Total time for which application threads were stopped: 0.0082930 seconds, Stopping threads took: 0.0001187 seconds
{Heap before GC invocations=312 (full 6):
 par new generation   total 109248K, used 108868K [0x00000007a0000000, 0x00000007a8000000, 0x00000007a8000000)
  eden space 87424K,  99% used [0x00000007a0000000, 0x00000007a55011d0, 0x00000007a5560000)
  from space 21824K, 100% used [0x00000007a5560000, 0x00000007a6ab0000, 0x00000007a6ab0000)
  to   space 21824K,   0% used [0x00000007a6ab0000, 0x00000007a6ab0000, 0x00000007a8000000)
 concurrent mark-sweep generation total 393216K, used 110292K [0x00000007a8000000, 0x00000007c0000000, 0x00000007c0000000)
 Metaspace       used 36022K, capacity 36608K, committed 36880K, reserved 1081344K
  class space    used 4112K, capacity 4279K, committed 4372K, reserved 1048576K
2016-10-23T18:05:27.291+0800: 92.295: [GC (Allocation Failure) 2016-10-23T18:05:27.291+0800: 92.295: [ParNew
Desired survivor size 20112992 bytes, new threshold 8 (max 8)
- age   1:    5191848 bytes,    5191848 total
- age   2:    2017656 bytes,    7209504 total
- age   3:    2252392 bytes,    9461896 total
- age   4:     305240 bytes,    9767136 total
- age   5:    1562416 bytes,   11329552 total
- age   6:    3801672 bytes,   15131224 total
- age   7:    4239600 bytes,   19370824 total
- age   8:    1895728 bytes,   21266552 total
: 108868K->21824K(109248K), 0.0079955 secs] 219160K->136153K(502464K), 0.0080543 secs] [Times: user=0.03 sys=0.00, real=0.00 secs] 
Heap after GC invocations=313 (full 6):
 par new generation   total 109248K, used 21824K [0x00000007a0000000, 0x00000007a8000000, 0x00000007a8000000)
  eden space 87424K,   0% used [0x00000007a0000000, 0x00000007a0000000, 0x00000007a5560000)
  from space 21824K, 100% used [0x00000007a6ab0000, 0x00000007a8000000, 0x00000007a8000000)
  to   space 21824K,   0% used [0x00000007a5560000, 0x00000007a5560000, 0x00000007a6ab0000)
 concurrent mark-sweep generation total 393216K, used 114329K [0x00000007a8000000, 0x00000007c0000000, 0x00000007c0000000)
 Metaspace       used 36022K, capacity 36608K, committed 36880K, reserved 1081344K
  class space    used 4112K, capacity 4279K, committed 4372K, reserved 1048576K
}
2016-10-23T18:05:27.299+0800: 92.303: Total time for which application threads were stopped: 0.0083125 seconds, Stopping threads took: 0.0001037 seconds
{Heap before GC invocations=313 (full 6):
 par new generation   total 109248K, used 109248K [0x00000007a0000000, 0x00000007a8000000, 0x00000007a8000000)
  eden space 87424K, 100% used [0x00000007a0000000, 0x00000007a5560000, 0x00000007a5560000)
  from space 21824K, 100% used [0x00000007a6ab0000, 0x00000007a8000000, 0x00000007a8000000)
  to   space 21824K,   0% used [0x00000007a5560000, 0x00000007a5560000, 0x00000007a6ab0000)
 concurrent mark-sweep generation total 393216K, used 114329K [0x00000007a8000000, 0x00000007c0000000, 0x00000007c0000000)
 Metaspace       used 36023K, capacity 36608K, committed 36880K, reserved 1081344K
  class space    used 4112K, capacity 4279K, committed 4372K, reserved 1048576K
2016-10-23T18:05:27.416+0800: 92.420: [GC (Allocation Failure) 2016-10-23T18:05:27.416+0800: 92.420: [ParNew
Desired survivor size 20112992 bytes, new threshold 8 (max 8)
- age   1:    5749208 bytes,    5749208 total
- age   2:    3005176 bytes,    8754384 total
- age   3:    1920496 bytes,   10674880 total
- age   4:    2098448 bytes,   12773328 total
- age   5:     296072 bytes,   13069400 total
- age   6:    1015480 bytes,   14084880 total
- age   7:    3412936 bytes,   17497816 total
- age   8:    4258584 bytes,   21756400 total
: 109248K->21824K(109248K), 0.0067124 secs] 223577K->139778K(502464K), 0.0067808 secs] [Times: user=0.03 sys=0.00, real=0.01 secs] 
Heap after GC invocations=314 (full 6):
 par new generation   total 109248K, used 21824K [0x00000007a0000000, 0x00000007a8000000, 0x00000007a8000000)
  eden space 87424K,   0% used [0x00000007a0000000, 0x00000007a0000000, 0x00000007a5560000)
  from space 21824K, 100% used [0x00000007a5560000, 0x00000007a6ab0000, 0x00000007a6ab0000)
  to   space 21824K,   0% used [0x00000007a6ab0000, 0x00000007a6ab0000, 0x00000007a8000000)
 concurrent mark-sweep generation total 393216K, used 117954K [0x00000007a8000000, 0x00000007c0000000, 0x00000007c0000000)
 Metaspace       used 36023K, capacity 36608K, committed 36880K, reserved 1081344K
  class space    used 4112K, capacity 4279K, committed 4372K, reserved 1048576K
}
2016-10-23T18:05:27.423+0800: 92.427: Total time for which application threads were stopped: 0.0070220 seconds, Stopping threads took: 0.0001002 seconds
{Heap before GC invocations=314 (full 6):
 par new generation   total 109248K, used 109248K [0x00000007a0000000, 0x00000007a8000000, 0x00000007a8000000)
  eden space 87424K, 100% used [0x00000007a0000000, 0x00000007a5560000, 0x00000007a5560000)
  from space 21824K, 100% used [0x00000007a5560000, 0x00000007a6ab0000, 0x00000007a6ab0000)
  to   space 21824K,   0% used [0x00000007a6ab0000, 0x00000007a6ab0000, 0x00000007a8000000)
 concurrent mark-sweep generation total 393216K, used 117954K [0x00000007a8000000, 0x00000007c0000000, 0x00000007c0000000)
 Metaspace       used 36023K, capacity 36608K, committed 36880K, reserved 1081344K
  class space    used 4112K, capacity 4279K, committed 4372K, reserved 1048576K
2016-10-23T18:05:27.548+0800: 92.552: [GC (Allocation Failure) 2016-10-23T18:05:27.548+0800: 92.552: [ParNew
Desired survivor size 20112992 bytes, new threshold 8 (max 8)
- age   1:    7622160 bytes,    7622160 total
- age   2:    2523512 bytes,   10145672 total
- age   3:    2654880 bytes,   12800552 total
- age   4:    1797376 bytes,   14597928 total
- age   5:    1806112 bytes,   16404040 total
- age   6:     290568 bytes,   16694608 total
- age   7:     998520 bytes,   17693128 total
- age   8:    3335024 bytes,   21028152 total
: 109248K->21824K(109248K), 0.0073496 secs] 227202K->144961K(502464K), 0.0074333 secs] [Times: user=0.03 sys=0.00, real=0.01 secs] 
Heap after GC invocations=315 (full 6):
 par new generation   total 109248K, used 21824K [0x00000007a0000000, 0x00000007a8000000, 0x00000007a8000000)
  eden space 87424K,   0% used [0x00000007a0000000, 0x00000007a0000000, 0x00000007a5560000)
  from space 21824K, 100% used [0x00000007a6ab0000, 0x00000007a8000000, 0x00000007a8000000)
  to   space 21824K,   0% used [0x00000007a5560000, 0x00000007a5560000, 0x00000007a6ab0000)
 concurrent mark-sweep generation total 393216K, used 123137K [0x00000007a8000000, 0x00000007c0000000, 0x00000007c0000000)
 Metaspace       used 36023K, capacity 36608K, committed 36880K, reserved 1081344K
  class space    used 4112K, capacity 4279K, committed 4372K, reserved 1048576K
}
2016-10-23T18:05:27.556+0800: 92.560: Total time for which application threads were stopped: 0.0077296 seconds, Stopping threads took: 0.0000983 seconds
{Heap before GC invocations=315 (full 6):
 par new generation   total 109248K, used 109199K [0x00000007a0000000, 0x00000007a8000000, 0x00000007a8000000)
  eden space 87424K,  99% used [0x00000007a0000000, 0x00000007a5553c00, 0x00000007a5560000)
  from space 21824K, 100% used [0x00000007a6ab0000, 0x00000007a8000000, 0x00000007a8000000)
  to   space 21824K,   0% used [0x00000007a5560000, 0x00000007a5560000, 0x00000007a6ab0000)
 concurrent mark-sweep generation total 393216K, used 123137K [0x00000007a8000000, 0x00000007c0000000, 0x00000007c0000000)
 Metaspace       used 36023K, capacity 36608K, committed 36880K, reserved 1081344K
  class space    used 4112K, capacity 4279K, committed 4372K, reserved 1048576K
2016-10-23T18:05:27.685+0800: 92.689: [GC (Allocation Failure) 2016-10-23T18:05:27.685+0800: 92.689: [ParNew
Desired survivor size 20112992 bytes, new threshold 7 (max 8)
- age   1:    9018952 bytes,    9018952 total
- age   2:    3526776 bytes,   12545728 total
- age   3:    2393584 bytes,   14939312 total
- age   4:    1838904 bytes,   16778216 total
- age   5:    1770256 bytes,   18548472 total
- age   6:    1358664 bytes,   19907136 total
- age   7:     289320 bytes,   20196456 total
- age   8:     996728 bytes,   21193184 total
: 109199K->21824K(109248K), 0.0075793 secs] 232336K->149875K(502464K), 0.0076523 secs] [Times: user=0.03 sys=0.00, real=0.01 secs] 
Heap after GC invocations=316 (full 6):
 par new generation   total 109248K, used 21824K [0x00000007a0000000, 0x00000007a8000000, 0x00000007a8000000)
  eden space 87424K,   0% used [0x00000007a0000000, 0x00000007a0000000, 0x00000007a5560000)
  from space 21824K, 100% used [0x00000007a5560000, 0x00000007a6ab0000, 0x00000007a6ab0000)
  to   space 21824K,   0% used [0x00000007a6ab0000, 0x00000007a6ab0000, 0x00000007a8000000)
 concurrent mark-sweep generation total 393216K, used 128051K [0x00000007a8000000, 0x00000007c0000000, 0x00000007c0000000)
 Metaspace       used 36023K, capacity 36608K, committed 36880K, reserved 1081344K
  class space    used 4112K, capacity 4279K, committed 4372K, reserved 1048576K
}
2016-10-23T18:05:27.692+0800: 92.697: Total time for which application threads were stopped: 0.0079100 seconds, Stopping threads took: 0.0001042 seconds
2016-10-23T18:05:27.719+0800: 92.723: Total time for which application threads were stopped: 0.0002162 seconds, Stopping threads took: 0.0001064 seconds
{Heap before GC invocations=316 (full 6):
 par new generation   total 109248K, used 109248K [0x00000007a0000000, 0x00000007a8000000, 0x00000007a8000000)
  eden space 87424K, 100% used [0x00000007a0000000, 0x00000007a5560000, 0x00000007a5560000)
  from space 21824K, 100% used [0x00000007a5560000, 0x00000007a6ab0000, 0x00000007a6ab0000)
  to   space 21824K,   0% used [0x00000007a6ab0000, 0x00000007a6ab0000, 0x00000007a8000000)
 concurrent mark-sweep generation total 393216K, used 128051K [0x00000007a8000000, 0x00000007c0000000, 0x00000007c0000000)
 Metaspace       used 36023K, capacity 36608K, committed 36880K, reserved 1081344K
  class space    used 4112K, capacity 4279K, committed 4372K, reserved 1048576K
2016-10-23T18:05:27.818+0800: 92.822: [GC (Allocation Failure) 2016-10-23T18:05:27.818+0800: 92.822: [ParNew
Desired survivor size 20112992 bytes, new threshold 8 (max 8)
- age   1:    3934264 bytes,    3934264 total
- age   2:    7613072 bytes,   11547336 total
- age   3:    2918720 bytes,   14466056 total
- age   4:    1859344 bytes,   16325400 total
- age   5:    1339176 bytes,   17664576 total
- age   6:    1238208 bytes,   18902784 total
- age   7:    1119880 bytes,   20022664 total
: 109248K->21824K(109248K), 0.0064840 secs] 237299K->155590K(502464K), 0.0065513 secs] [Times: user=0.02 sys=0.00, real=0.01 secs] 
Heap after GC invocations=317 (full 6):
 par new generation   total 109248K, used 21824K [0x00000007a0000000, 0x00000007a8000000, 0x00000007a8000000)
  eden space 87424K,   0% used [0x00000007a0000000, 0x00000007a0000000, 0x00000007a5560000)
  from space 21824K, 100% used [0x00000007a6ab0000, 0x00000007a8000000, 0x00000007a8000000)
  to   space 21824K,   0% used [0x00000007a5560000, 0x00000007a5560000, 0x00000007a6ab0000)
 concurrent mark-sweep generation total 393216K, used 133766K [0x00000007a8000000, 0x00000007c0000000, 0x00000007c0000000)
 Metaspace       used 36023K, capacity 36608K, committed 36880K, reserved 1081344K
  class space    used 4112K, capacity 4279K, committed 4372K, reserved 1048576K
}
2016-10-23T18:05:27.824+0800: 92.828: Total time for which application threads were stopped: 0.0068016 seconds, Stopping threads took: 0.0000893 seconds
{Heap before GC invocations=317 (full 6):
 par new generation   total 109248K, used 109248K [0x00000007a0000000, 0x00000007a8000000, 0x00000007a8000000)
  eden space 87424K, 100% used [0x00000007a0000000, 0x00000007a5560000, 0x00000007a5560000)
  from space 21824K, 100% used [0x00000007a6ab0000, 0x00000007a8000000, 0x00000007a8000000)
  to   space 21824K,   0% used [0x00000007a5560000, 0x00000007a5560000, 0x00000007a6ab0000)
 concurrent mark-sweep generation total 393216K, used 133766K [0x00000007a8000000, 0x00000007c0000000, 0x00000007c0000000)
 Metaspace       used 36023K, capacity 36608K, committed 36880K, reserved 1081344K
  class space    used 4112K, capacity 4279K, committed 4372K, reserved 1048576K
2016-10-23T18:05:27.870+0800: 92.874: [GC (Allocation Failure) 2016-10-23T18:05:27.870+0800: 92.874: [ParNew
Desired survivor size 20112992 bytes, new threshold 8 (max 8)
- age   1:    1016952 bytes,    1016952 total
- age   2:    3197488 bytes,    4214440 total
- age   3:    7456840 bytes,   11671280 total
- age   4:    2898576 bytes,   14569856 total
- age   5:    1837480 bytes,   16407336 total
- age   6:    1331336 bytes,   17738672 total
- age   7:    1232576 bytes,   18971248 total
- age   8:    1114008 bytes,   20085256 total
: 109248K->21824K(109248K), 0.0058525 secs] 243014K->156405K(502464K), 0.0058941 secs] [Times: user=0.02 sys=0.00, real=0.00 secs] 
Heap after GC invocations=318 (full 6):
 par new generation   total 109248K, used 21824K [0x00000007a0000000, 0x00000007a8000000, 0x00000007a8000000)
  eden space 87424K,   0% used [0x00000007a0000000, 0x00000007a0000000, 0x00000007a5560000)
  from space 21824K, 100% used [0x00000007a5560000, 0x00000007a6ab0000, 0x00000007a6ab0000)
  to   space 21824K,   0% used [0x00000007a6ab0000, 0x00000007a6ab0000, 0x00000007a8000000)
 concurrent mark-sweep generation total 393216K, used 134581K [0x00000007a8000000, 0x00000007c0000000, 0x00000007c0000000)
 Metaspace       used 36023K, capacity 36608K, committed 36880K, reserved 1081344K
  class space    used 4112K, capacity 4279K, committed 4372K, reserved 1048576K
}
2016-10-23T18:05:27.876+0800: 92.880: Total time for which application threads were stopped: 0.0061412 seconds, Stopping threads took: 0.0001007 seconds
{Heap before GC invocations=318 (full 6):
 par new generation   total 109248K, used 109248K [0x00000007a0000000, 0x00000007a8000000, 0x00000007a8000000)
  eden space 87424K, 100% used [0x00000007a0000000, 0x00000007a5560000, 0x00000007a5560000)
  from space 21824K, 100% used [0x00000007a5560000, 0x00000007a6ab0000, 0x00000007a6ab0000)
  to   space 21824K,   0% used [0x00000007a6ab0000, 0x00000007a6ab0000, 0x00000007a8000000)
 concurrent mark-sweep generation total 393216K, used 134581K [0x00000007a8000000, 0x00000007c0000000, 0x00000007c0000000)
 Metaspace       used 36025K, capacity 36608K, committed 36880K, reserved 1081344K
  class space    used 4112K, capacity 4279K, committed 4372K, reserved 1048576K
2016-10-23T18:05:27.978+0800: 92.982: [GC (Allocation Failure) 2016-10-23T18:05:27.978+0800: 92.982: [ParNew
Desired survivor size 20112992 bytes, new threshold 8 (max 8)
- age   1:    2975672 bytes,    2975672 total
- age   2:     445528 bytes,    3421200 total
- age   3:    1425792 bytes,    4846992 total
- age   4:    6322280 bytes,   11169272 total
- age   5:    2537912 bytes,   13707184 total
- age   6:    1601728 bytes,   15308912 total
- age   7:    1213720 bytes,   16522632 total
- age   8:    1115680 bytes,   17638312 total
: 109248K->21824K(109248K), 0.0065175 secs] 243829K->160812K(502464K), 0.0065837 secs] [Times: user=0.02 sys=0.00, real=0.01 secs] 
Heap after GC invocations=319 (full 6):
 par new generation   total 109248K, used 21824K [0x00000007a0000000, 0x00000007a8000000, 0x00000007a8000000)
  eden space 87424K,   0% used [0x00000007a0000000, 0x00000007a0000000, 0x00000007a5560000)
  from space 21824K, 100% used [0x00000007a6ab0000, 0x00000007a8000000, 0x00000007a8000000)
  to   space 21824K,   0% used [0x00000007a5560000, 0x00000007a5560000, 0x00000007a6ab0000)
 concurrent mark-sweep generation total 393216K, used 138988K [0x00000007a8000000, 0x00000007c0000000, 0x00000007c0000000)
 Metaspace       used 36025K, capacity 36608K, committed 36880K, reserved 1081344K
  class space    used 4112K, capacity 4279K, committed 4372K, reserved 1048576K
}
2016-10-23T18:05:27.985+0800: 92.989: Total time for which application threads were stopped: 0.0068500 seconds, Stopping threads took: 0.0000958 seconds
{Heap before GC invocations=319 (full 6):
 par new generation   total 109248K, used 109248K [0x00000007a0000000, 0x00000007a8000000, 0x00000007a8000000)
  eden space 87424K, 100% used [0x00000007a0000000, 0x00000007a5560000, 0x00000007a5560000)
  from space 21824K, 100% used [0x00000007a6ab0000, 0x00000007a8000000, 0x00000007a8000000)
  to   space 21824K,   0% used [0x00000007a5560000, 0x00000007a5560000, 0x00000007a6ab0000)
 concurrent mark-sweep generation total 393216K, used 138988K [0x00000007a8000000, 0x00000007c0000000, 0x00000007c0000000)
 Metaspace       used 36025K, capacity 36608K, committed 36880K, reserved 1081344K
  class space    used 4112K, capacity 4279K, committed 4372K, reserved 1048576K
2016-10-23T18:05:28.107+0800: 93.112: [GC (Allocation Failure) 2016-10-23T18:05:28.107+0800: 93.112: [ParNew
Desired survivor size 20112992 bytes, new threshold 8 (max 8)
- age   1:    5640360 bytes,    5640360 total
- age   2:    2066048 bytes,    7706408 total
- age   3:     408248 bytes,    8114656 total
- age   4:    1322440 bytes,    9437096 total
- age   5:    5720664 bytes,   15157760 total
- age   6:    1967664 bytes,   17125424 total
- age   7:    1108480 bytes,   18233904 total
- age   8:    1081136 bytes,   19315040 total
: 109248K->21824K(109248K), 0.0063678 secs] 248236K->163891K(502464K), 0.0064572 secs] [Times: user=0.02 sys=0.00, real=0.01 secs] 
Heap after GC invocations=320 (full 6):
 par new generation   total 109248K, used 21824K [0x00000007a0000000, 0x00000007a8000000, 0x00000007a8000000)
  eden space 87424K,   0% used [0x00000007a0000000, 0x00000007a0000000, 0x00000007a5560000)
  from space 21824K, 100% used [0x00000007a5560000, 0x00000007a6ab0000, 0x00000007a6ab0000)
  to   space 21824K,   0% used [0x00000007a6ab0000, 0x00000007a6ab0000, 0x00000007a8000000)
 concurrent mark-sweep generation total 393216K, used 142067K [0x00000007a8000000, 0x00000007c0000000, 0x00000007c0000000)
 Metaspace       used 36025K, capacity 36608K, committed 36880K, reserved 1081344K
  class space    used 4112K, capacity 4279K, committed 4372K, reserved 1048576K
}
2016-10-23T18:05:28.114+0800: 93.118: Total time for which application threads were stopped: 0.0067100 seconds, Stopping threads took: 0.0000817 seconds
{Heap before GC invocations=320 (full 6):
 par new generation   total 109248K, used 109248K [0x00000007a0000000, 0x00000007a8000000, 0x00000007a8000000)
  eden space 87424K, 100% used [0x00000007a0000000, 0x00000007a5560000, 0x00000007a5560000)
  from space 21824K, 100% used [0x00000007a5560000, 0x00000007a6ab0000, 0x00000007a6ab0000)
  to   space 21824K,   0% used [0x00000007a6ab0000, 0x00000007a6ab0000, 0x00000007a8000000)
 concurrent mark-sweep generation total 393216K, used 142067K [0x00000007a8000000, 0x00000007c0000000, 0x00000007c0000000)
 Metaspace       used 36025K, capacity 36608K, committed 36880K, reserved 1081344K
  class space    used 4112K, capacity 4279K, committed 4372K, reserved 1048576K
2016-10-23T18:05:28.244+0800: 93.248: [GC (Allocation Failure) 2016-10-23T18:05:28.244+0800: 93.248: [ParNew
Desired survivor size 20112992 bytes, new threshold 8 (max 8)
- age   1:    5470632 bytes,    5470632 total
- age   2:    2987640 bytes,    8458272 total
- age   3:    1685152 bytes,   10143424 total
- age   4:     385536 bytes,   10528960 total
- age   5:    1064960 bytes,   11593920 total
- age   6:    5434296 bytes,   17028216 total
- age   7:    1676136 bytes,   18704352 total
- age   8:    1018664 bytes,   19723016 total
: 109248K->21824K(109248K), 0.0072552 secs] 251315K->167770K(502464K), 0.0073340 secs] [Times: user=0.03 sys=0.00, real=0.01 secs] 
Heap after GC invocations=321 (full 6):
 par new generation   total 109248K, used 21824K [0x00000007a0000000, 0x00000007a8000000, 0x00000007a8000000)
  eden space 87424K,   0% used [0x00000007a0000000, 0x00000007a0000000, 0x00000007a5560000)
  from space 21824K, 100% used [0x00000007a6ab0000, 0x00000007a8000000, 0x00000007a8000000)
  to   space 21824K,   0% used [0x00000007a5560000, 0x00000007a5560000, 0x00000007a6ab0000)
 concurrent mark-sweep generation total 393216K, used 145946K [0x00000007a8000000, 0x00000007c0000000, 0x00000007c0000000)
 Metaspace       used 36025K, capacity 36608K, committed 36880K, reserved 1081344K
  class space    used 4112K, capacity 4279K, committed 4372K, reserved 1048576K
}
2016-10-23T18:05:28.252+0800: 93.256: Total time for which application threads were stopped: 0.0075317 seconds, Stopping threads took: 0.0000415 seconds
{Heap before GC invocations=321 (full 6):
 par new generation   total 109248K, used 109248K [0x00000007a0000000, 0x00000007a8000000, 0x00000007a8000000)
  eden space 87424K, 100% used [0x00000007a0000000, 0x00000007a5560000, 0x00000007a5560000)
  from space 21824K, 100% used [0x00000007a6ab0000, 0x00000007a8000000, 0x00000007a8000000)
  to   space 21824K,   0% used [0x00000007a5560000, 0x00000007a5560000, 0x00000007a6ab0000)
 concurrent mark-sweep generation total 393216K, used 145946K [0x00000007a8000000, 0x00000007c0000000, 0x00000007c0000000)
 Metaspace       used 36025K, capacity 36608K, committed 36880K, reserved 1081344K
  class space    used 4112K, capacity 4279K, committed 4372K, reserved 1048576K
2016-10-23T18:05:28.378+0800: 93.382: [GC (Allocation Failure) 2016-10-23T18:05:28.378+0800: 93.382: [ParNew
Desired survivor size 20112992 bytes, new threshold 8 (max 8)
- age   1:    5958752 bytes,    5958752 total
- age   2:    3029984 bytes,    8988736 total
- age   3:    2445600 bytes,   11434336 total
- age   4:    1564136 bytes,   12998472 total
- age   5:     374936 bytes,   13373408 total
- age   6:    1041840 bytes,   14415248 total
- age   7:    5349360 bytes,   19764608 total
- age   8:    1672632 bytes,   21437240 total
: 109248K->21824K(109248K), 0.0079668 secs] 255194K->171118K(502464K), 0.0080305 secs] [Times: user=0.03 sys=0.00, real=0.01 secs] 
Heap after GC invocations=322 (full 6):
 par new generation   total 109248K, used 21824K [0x00000007a0000000, 0x00000007a8000000, 0x00000007a8000000)
  eden space 87424K,   0% used [0x00000007a0000000, 0x00000007a0000000, 0x00000007a5560000)
  from space 21824K, 100% used [0x00000007a5560000, 0x00000007a6ab0000, 0x00000007a6ab0000)
  to   space 21824K,   0% used [0x00000007a6ab0000, 0x00000007a6ab0000, 0x00000007a8000000)
 concurrent mark-sweep generation total 393216K, used 149294K [0x00000007a8000000, 0x00000007c0000000, 0x00000007c0000000)
 Metaspace       used 36025K, capacity 36608K, committed 36880K, reserved 1081344K
  class space    used 4112K, capacity 4279K, committed 4372K, reserved 1048576K
}
2016-10-23T18:05:28.386+0800: 93.391: Total time for which application threads were stopped: 0.0082809 seconds, Stopping threads took: 0.0000843 seconds
{Heap before GC invocations=322 (full 6):
 par new generation   total 109248K, used 109248K [0x00000007a0000000, 0x00000007a8000000, 0x00000007a8000000)
  eden space 87424K, 100% used [0x00000007a0000000, 0x00000007a5560000, 0x00000007a5560000)
  from space 21824K, 100% used [0x00000007a5560000, 0x00000007a6ab0000, 0x00000007a6ab0000)
  to   space 21824K,   0% used [0x00000007a6ab0000, 0x00000007a6ab0000, 0x00000007a8000000)
 concurrent mark-sweep generation total 393216K, used 149294K [0x00000007a8000000, 0x00000007c0000000, 0x00000007c0000000)
 Metaspace       used 36025K, capacity 36608K, committed 36880K, reserved 1081344K
  class space    used 4112K, capacity 4279K, committed 4372K, reserved 1048576K
2016-10-23T18:05:28.514+0800: 93.519: [GC (Allocation Failure) 2016-10-23T18:05:28.514+0800: 93.519: [ParNew
Desired survivor size 20112992 bytes, new threshold 8 (max 8)
- age   1:    7379984 bytes,    7379984 total
- age   2:    2752416 bytes,   10132400 total
- age   3:    2137592 bytes,   12269992 total
- age   4:    1485984 bytes,   13755976 total
- age   5:    1017632 bytes,   14773608 total
- age   6:     338272 bytes,   15111880 total
- age   7:    1034400 bytes,   16146280 total
- age   8:    5380032 bytes,   21526312 total
: 109248K->21824K(109248K), 0.0085196 secs] 258542K->175766K(502464K), 0.0085811 secs] [Times: user=0.02 sys=0.00, real=0.01 secs] 
Heap after GC invocations=323 (full 6):
 par new generation   total 109248K, used 21824K [0x00000007a0000000, 0x00000007a8000000, 0x00000007a8000000)
  eden space 87424K,   0% used [0x00000007a0000000, 0x00000007a0000000, 0x00000007a5560000)
  from space 21824K, 100% used [0x00000007a6ab0000, 0x00000007a8000000, 0x00000007a8000000)
  to   space 21824K,   0% used [0x00000007a5560000, 0x00000007a5560000, 0x00000007a6ab0000)
 concurrent mark-sweep generation total 393216K, used 153942K [0x00000007a8000000, 0x00000007c0000000, 0x00000007c0000000)
 Metaspace       used 36025K, capacity 36608K, committed 36880K, reserved 1081344K
  class space    used 4112K, capacity 4279K, committed 4372K, reserved 1048576K
}
2016-10-23T18:05:28.523+0800: 93.527: Total time for which application threads were stopped: 0.0088392 seconds, Stopping threads took: 0.0000854 seconds
{Heap before GC invocations=323 (full 6):
 par new generation   total 109248K, used 109248K [0x00000007a0000000, 0x00000007a8000000, 0x00000007a8000000)
  eden space 87424K, 100% used [0x00000007a0000000, 0x00000007a5560000, 0x00000007a5560000)
  from space 21824K, 100% used [0x00000007a6ab0000, 0x00000007a8000000, 0x00000007a8000000)
  to   space 21824K,   0% used [0x00000007a5560000, 0x00000007a5560000, 0x00000007a6ab0000)
 concurrent mark-sweep generation total 393216K, used 153942K [0x00000007a8000000, 0x00000007c0000000, 0x00000007c0000000)
 Metaspace       used 36025K, capacity 36608K, committed 36880K, reserved 1081344K
  class space    used 4112K, capacity 4279K, committed 4372K, reserved 1048576K
2016-10-23T18:05:28.651+0800: 93.655: [GC (Allocation Failure) 2016-10-23T18:05:28.651+0800: 93.655: [ParNew
Desired survivor size 20112992 bytes, new threshold 8 (max 8)
- age   1:    8247992 bytes,    8247992 total
- age   2:    2618328 bytes,   10866320 total
- age   3:    2275920 bytes,   13142240 total
- age   4:    1666360 bytes,   14808600 total
- age   5:    1366840 bytes,   16175440 total
- age   6:     946768 bytes,   17122208 total
- age   7:     128696 bytes,   17250904 total
- age   8:     780896 bytes,   18031800 total
: 109248K->21824K(109248K), 0.0077366 secs] 263190K->183822K(502464K), 0.0078228 secs] [Times: user=0.02 sys=0.00, real=0.00 secs] 
Heap after GC invocations=324 (full 6):
 par new generation   total 109248K, used 21824K [0x00000007a0000000, 0x00000007a8000000, 0x00000007a8000000)
  eden space 87424K,   0% used [0x00000007a0000000, 0x00000007a0000000, 0x00000007a5560000)
  from space 21824K, 100% used [0x00000007a5560000, 0x00000007a6ab0000, 0x00000007a6ab0000)
  to   space 21824K,   0% used [0x00000007a6ab0000, 0x00000007a6ab0000, 0x00000007a8000000)
 concurrent mark-sweep generation total 393216K, used 161998K [0x00000007a8000000, 0x00000007c0000000, 0x00000007c0000000)
 Metaspace       used 36025K, capacity 36608K, committed 36880K, reserved 1081344K
  class space    used 4112K, capacity 4279K, committed 4372K, reserved 1048576K
}
2016-10-23T18:05:28.659+0800: 93.663: Total time for which application threads were stopped: 0.0081317 seconds, Stopping threads took: 0.0001443 seconds
{Heap before GC invocations=324 (full 6):
 par new generation   total 109248K, used 109248K [0x00000007a0000000, 0x00000007a8000000, 0x00000007a8000000)
  eden space 87424K, 100% used [0x00000007a0000000, 0x00000007a5560000, 0x00000007a5560000)
  from space 21824K, 100% used [0x00000007a5560000, 0x00000007a6ab0000, 0x00000007a6ab0000)
  to   space 21824K,   0% used [0x00000007a6ab0000, 0x00000007a6ab0000, 0x00000007a8000000)
 concurrent mark-sweep generation total 393216K, used 161998K [0x00000007a8000000, 0x00000007c0000000, 0x00000007c0000000)
 Metaspace       used 36026K, capacity 36608K, committed 36880K, reserved 1081344K
  class space    used 4112K, capacity 4279K, committed 4372K, reserved 1048576K
2016-10-23T18:05:28.793+0800: 93.798: [GC (Allocation Failure) 2016-10-23T18:05:28.793+0800: 93.798: [ParNew
Desired survivor size 20112992 bytes, new threshold 8 (max 8)
- age   1:    4779872 bytes,    4779872 total
- age   2:    6850584 bytes,   11630456 total
- age   3:    2449072 bytes,   14079528 total
- age   4:    2092712 bytes,   16172240 total
- age   5:    1518976 bytes,   17691216 total
- age   6:    1222248 bytes,   18913464 total
- age   7:     848528 bytes,   19761992 total
- age   8:     110296 bytes,   19872288 total
: 109248K->21824K(109248K), 0.0066669 secs] 271246K->186030K(502464K), 0.0067368 secs] [Times: user=0.02 sys=0.01, real=0.01 secs] 
Heap after GC invocations=325 (full 6):
 par new generation   total 109248K, used 21824K [0x00000007a0000000, 0x00000007a8000000, 0x00000007a8000000)
  eden space 87424K,   0% used [0x00000007a0000000, 0x00000007a0000000, 0x00000007a5560000)
  from space 21824K, 100% used [0x00000007a6ab0000, 0x00000007a8000000, 0x00000007a8000000)
  to   space 21824K,   0% used [0x00000007a5560000, 0x00000007a5560000, 0x00000007a6ab0000)
 concurrent mark-sweep generation total 393216K, used 164206K [0x00000007a8000000, 0x00000007c0000000, 0x00000007c0000000)
 Metaspace       used 36026K, capacity 36608K, committed 36880K, reserved 1081344K
  class space    used 4112K, capacity 4279K, committed 4372K, reserved 1048576K
}
2016-10-23T18:05:28.800+0800: 93.804: Total time for which application threads were stopped: 0.0069813 seconds, Stopping threads took: 0.0000609 seconds
{Heap before GC invocations=325 (full 6):
 par new generation   total 109248K, used 109219K [0x00000007a0000000, 0x00000007a8000000, 0x00000007a8000000)
  eden space 87424K,  99% used [0x00000007a0000000, 0x00000007a5558cd0, 0x00000007a5560000)
  from space 21824K, 100% used [0x00000007a6ab0000, 0x00000007a8000000, 0x00000007a8000000)
  to   space 21824K,   0% used [0x00000007a5560000, 0x00000007a5560000, 0x00000007a6ab0000)
 concurrent mark-sweep generation total 393216K, used 164206K [0x00000007a8000000, 0x00000007c0000000, 0x00000007c0000000)
 Metaspace       used 36026K, capacity 36608K, committed 36880K, reserved 1081344K
  class space    used 4112K, capacity 4279K, committed 4372K, reserved 1048576K
2016-10-23T18:05:28.876+0800: 93.880: [GC (Allocation Failure) 2016-10-23T18:05:28.876+0800: 93.880: [ParNew
Desired survivor size 20112992 bytes, new threshold 8 (max 8)
- age   1:    1211816 bytes,    1211816 total
- age   2:    3785616 bytes,    4997432 total
- age   3:    5784704 bytes,   10782136 total
- age   4:    2399512 bytes,   13181648 total
- age   5:    2061120 bytes,   15242768 total
- age   6:    1496552 bytes,   16739320 total
- age   7:    1201400 bytes,   17940720 total
- age   8:     835504 bytes,   18776224 total
: 109219K->21824K(109248K), 0.0066355 secs] 273425K->188585K(502464K), 0.0066890 secs] [Times: user=0.02 sys=0.00, real=0.01 secs] 
Heap after GC invocations=326 (full 6):
 par new generation   total 109248K, used 21824K [0x00000007a0000000, 0x00000007a8000000, 0x00000007a8000000)
  eden space 87424K,   0% used [0x00000007a0000000, 0x00000007a0000000, 0x00000007a5560000)
  from space 21824K, 100% used [0x00000007a5560000, 0x00000007a6ab0000, 0x00000007a6ab0000)
  to   space 21824K,   0% used [0x00000007a6ab0000, 0x00000007a6ab0000, 0x00000007a8000000)
 concurrent mark-sweep generation total 393216K, used 166761K [0x00000007a8000000, 0x00000007c0000000, 0x00000007c0000000)
 Metaspace       used 36026K, capacity 36608K, committed 36880K, reserved 1081344K
  class space    used 4112K, capacity 4279K, committed 4372K, reserved 1048576K
}
2016-10-23T18:05:28.882+0800: 93.887: Total time for which application threads were stopped: 0.0069472 seconds, Stopping threads took: 0.0000809 seconds
2016-10-23T18:05:28.921+0800: 93.925: Total time for which application threads were stopped: 0.0002446 seconds, Stopping threads took: 0.0000496 seconds
{Heap before GC invocations=326 (full 6):
 par new generation   total 109248K, used 109248K [0x00000007a0000000, 0x00000007a8000000, 0x00000007a8000000)
  eden space 87424K, 100% used [0x00000007a0000000, 0x00000007a5560000, 0x00000007a5560000)
  from space 21824K, 100% used [0x00000007a5560000, 0x00000007a6ab0000, 0x00000007a6ab0000)
  to   space 21824K,   0% used [0x00000007a6ab0000, 0x00000007a6ab0000, 0x00000007a8000000)
 concurrent mark-sweep generation total 393216K, used 166761K [0x00000007a8000000, 0x00000007c0000000, 0x00000007c0000000)
 Metaspace       used 36026K, capacity 36608K, committed 36880K, reserved 1081344K
  class space    used 4112K, capacity 4279K, committed 4372K, reserved 1048576K
2016-10-23T18:05:28.932+0800: 93.936: [GC (Allocation Failure) 2016-10-23T18:05:28.932+0800: 93.936: [ParNew
Desired survivor size 20112992 bytes, new threshold 8 (max 8)
- age   1:    3007568 bytes,    3007568 total
- age   2:     308904 bytes,    3316472 total
- age   3:    3383072 bytes,    6699544 total
- age   4:    5736600 bytes,   12436144 total
- age   5:    2357848 bytes,   14793992 total
- age   6:    2019232 bytes,   16813224 total
- age   7:    1461640 bytes,   18274864 total
- age   8:    1165432 bytes,   19440296 total
: 109248K->21824K(109248K), 0.0060728 secs] 276009K->190361K(502464K), 0.0061293 secs] [Times: user=0.02 sys=0.01, real=0.00 secs] 
Heap after GC invocations=327 (full 6):
 par new generation   total 109248K, used 21824K [0x00000007a0000000, 0x00000007a8000000, 0x00000007a8000000)
  eden space 87424K,   0% used [0x00000007a0000000, 0x00000007a0000000, 0x00000007a5560000)
  from space 21824K, 100% used [0x00000007a6ab0000, 0x00000007a8000000, 0x00000007a8000000)
  to   space 21824K,   0% used [0x00000007a5560000, 0x00000007a5560000, 0x00000007a6ab0000)
 concurrent mark-sweep generation total 393216K, used 168537K [0x00000007a8000000, 0x00000007c0000000, 0x00000007c0000000)
 Metaspace       used 36026K, capacity 36608K, committed 36880K, reserved 1081344K
  class space    used 4112K, capacity 4279K, committed 4372K, reserved 1048576K
}
2016-10-23T18:05:28.938+0800: 93.942: Total time for which application threads were stopped: 0.0063399 seconds, Stopping threads took: 0.0000669 seconds
{Heap before GC invocations=327 (full 6):
 par new generation   total 109248K, used 109248K [0x00000007a0000000, 0x00000007a8000000, 0x00000007a8000000)
  eden space 87424K, 100% used [0x00000007a0000000, 0x00000007a5560000, 0x00000007a5560000)
  from space 21824K, 100% used [0x00000007a6ab0000, 0x00000007a8000000, 0x00000007a8000000)
  to   space 21824K,   0% used [0x00000007a5560000, 0x00000007a5560000, 0x00000007a6ab0000)
 concurrent mark-sweep generation total 393216K, used 168537K [0x00000007a8000000, 0x00000007c0000000, 0x00000007c0000000)
 Metaspace       used 36028K, capacity 36608K, committed 36880K, reserved 1081344K
  class space    used 4112K, capacity 4279K, committed 4372K, reserved 1048576K
2016-10-23T18:05:29.047+0800: 94.051: [GC (Allocation Failure) 2016-10-23T18:05:29.047+0800: 94.051: [ParNew
Desired survivor size 20112992 bytes, new threshold 8 (max 8)
- age   1:    4017648 bytes,    4017648 total
- age   2:    2005344 bytes,    6022992 total
- age   3:     223072 bytes,    6246064 total
- age   4:    3066288 bytes,    9312352 total
- age   5:    5314208 bytes,   14626560 total
- age   6:    2209968 bytes,   16836528 total
- age   7:    1924288 bytes,   18760816 total
- age   8:    1373992 bytes,   20134808 total
: 109248K->21824K(109248K), 0.0067369 secs] 277785K->193004K(502464K), 0.0068175 secs] [Times: user=0.02 sys=0.00, real=0.01 secs] 
Heap after GC invocations=328 (full 6):
 par new generation   total 109248K, used 21824K [0x00000007a0000000, 0x00000007a8000000, 0x00000007a8000000)
  eden space 87424K,   0% used [0x00000007a0000000, 0x00000007a0000000, 0x00000007a5560000)
  from space 21824K, 100% used [0x00000007a5560000, 0x00000007a6ab0000, 0x00000007a6ab0000)
  to   space 21824K,   0% used [0x00000007a6ab0000, 0x00000007a6ab0000, 0x00000007a8000000)
 concurrent mark-sweep generation total 393216K, used 171180K [0x00000007a8000000, 0x00000007c0000000, 0x00000007c0000000)
 Metaspace       used 36028K, capacity 36608K, committed 36880K, reserved 1081344K
  class space    used 4112K, capacity 4279K, committed 4372K, reserved 1048576K
}
2016-10-23T18:05:29.054+0800: 94.058: Total time for which application threads were stopped: 0.0070650 seconds, Stopping threads took: 0.0000849 seconds
{Heap before GC invocations=328 (full 6):
 par new generation   total 109248K, used 109248K [0x00000007a0000000, 0x00000007a8000000, 0x00000007a8000000)
  eden space 87424K, 100% used [0x00000007a0000000, 0x00000007a5560000, 0x00000007a5560000)
  from space 21824K, 100% used [0x00000007a5560000, 0x00000007a6ab0000, 0x00000007a6ab0000)
  to   space 21824K,   0% used [0x00000007a6ab0000, 0x00000007a6ab0000, 0x00000007a8000000)
 concurrent mark-sweep generation total 393216K, used 171180K [0x00000007a8000000, 0x00000007c0000000, 0x00000007c0000000)
 Metaspace       used 36028K, capacity 36608K, committed 36880K, reserved 1081344K
  class space    used 4112K, capacity 4279K, committed 4372K, reserved 1048576K
2016-10-23T18:05:29.186+0800: 94.190: [GC (Allocation Failure) 2016-10-23T18:05:29.186+0800: 94.190: [ParNew
Desired survivor size 20112992 bytes, new threshold 8 (max 8)
- age   1:    5494808 bytes,    5494808 total
- age   2:    1927200 bytes,    7422008 total
- age   3:    1611080 bytes,    9033088 total
- age   4:     204672 bytes,    9237760 total
- age   5:    2971040 bytes,   12208800 total
- age   6:    4599384 bytes,   16808184 total
- age   7:    2171312 bytes,   18979496 total
- age   8:    1902424 bytes,   20881920 total
: 109248K->21824K(109248K), 0.0088911 secs] 280428K->197360K(502464K), 0.0089496 secs] [Times: user=0.03 sys=0.00, real=0.01 secs] 
Heap after GC invocations=329 (full 6):
 par new generation   total 109248K, used 21824K [0x00000007a0000000, 0x00000007a8000000, 0x00000007a8000000)
  eden space 87424K,   0% used [0x00000007a0000000, 0x00000007a0000000, 0x00000007a5560000)
  from space 21824K, 100% used [0x00000007a6ab0000, 0x00000007a8000000, 0x00000007a8000000)
  to   space 21824K,   0% used [0x00000007a5560000, 0x00000007a5560000, 0x00000007a6ab0000)
 concurrent mark-sweep generation total 393216K, used 175536K [0x00000007a8000000, 0x00000007c0000000, 0x00000007c0000000)
 Metaspace       used 36028K, capacity 36608K, committed 36880K, reserved 1081344K
  class space    used 4112K, capacity 4279K, committed 4372K, reserved 1048576K
}
2016-10-23T18:05:29.195+0800: 94.199: Total time for which application threads were stopped: 0.0091445 seconds, Stopping threads took: 0.0000517 seconds
{Heap before GC invocations=329 (full 6):
 par new generation   total 109248K, used 109248K [0x00000007a0000000, 0x00000007a8000000, 0x00000007a8000000)
  eden space 87424K, 100% used [0x00000007a0000000, 0x00000007a5560000, 0x00000007a5560000)
  from space 21824K, 100% used [0x00000007a6ab0000, 0x00000007a8000000, 0x00000007a8000000)
  to   space 21824K,   0% used [0x00000007a5560000, 0x00000007a5560000, 0x00000007a6ab0000)
 concurrent mark-sweep generation total 393216K, used 175536K [0x00000007a8000000, 0x00000007c0000000, 0x00000007c0000000)
 Metaspace       used 36028K, capacity 36608K, committed 36880K, reserved 1081344K
  class space    used 4112K, capacity 4279K, committed 4372K, reserved 1048576K
2016-10-23T18:05:29.323+0800: 94.327: [GC (Allocation Failure) 2016-10-23T18:05:29.323+0800: 94.327: [ParNew
Desired survivor size 20112992 bytes, new threshold 8 (max 8)
- age   1:    6385264 bytes,    6385264 total
- age   2:    2792232 bytes,    9177496 total
- age   3:    1809944 bytes,   10987440 total
- age   4:    1584008 bytes,   12571448 total
- age   5:     181848 bytes,   12753296 total
- age   6:    2509376 bytes,   15262672 total
- age   7:    3485992 bytes,   18748664 total
- age   8:     963584 bytes,   19712248 total
: 109248K->21824K(109248K), 0.0077265 secs] 284784K->202861K(502464K), 0.0077822 secs] [Times: user=0.03 sys=0.00, real=0.01 secs] 
Heap after GC invocations=330 (full 6):
 par new generation   total 109248K, used 21824K [0x00000007a0000000, 0x00000007a8000000, 0x00000007a8000000)
  eden space 87424K,   0% used [0x00000007a0000000, 0x00000007a0000000, 0x00000007a5560000)
  from space 21824K, 100% used [0x00000007a5560000, 0x00000007a6ab0000, 0x00000007a6ab0000)
  to   space 21824K,   0% used [0x00000007a6ab0000, 0x00000007a6ab0000, 0x00000007a8000000)
 concurrent mark-sweep generation total 393216K, used 181037K [0x00000007a8000000, 0x00000007c0000000, 0x00000007c0000000)
 Metaspace       used 36028K, capacity 36608K, committed 36880K, reserved 1081344K
  class space    used 4112K, capacity 4279K, committed 4372K, reserved 1048576K
}
2016-10-23T18:05:29.331+0800: 94.335: Total time for which application threads were stopped: 0.0079824 seconds, Stopping threads took: 0.0000500 seconds
{Heap before GC invocations=330 (full 6):
 par new generation   total 109248K, used 109248K [0x00000007a0000000, 0x00000007a8000000, 0x00000007a8000000)
  eden space 87424K, 100% used [0x00000007a0000000, 0x00000007a5560000, 0x00000007a5560000)
  from space 21824K, 100% used [0x00000007a5560000, 0x00000007a6ab0000, 0x00000007a6ab0000)
  to   space 21824K,   0% used [0x00000007a6ab0000, 0x00000007a6ab0000, 0x00000007a8000000)
 concurrent mark-sweep generation total 393216K, used 181037K [0x00000007a8000000, 0x00000007c0000000, 0x00000007c0000000)
 Metaspace       used 36028K, capacity 36608K, committed 36880K, reserved 1081344K
  class space    used 4112K, capacity 4279K, committed 4372K, reserved 1048576K
2016-10-23T18:05:29.455+0800: 94.460: [GC (Allocation Failure) 2016-10-23T18:05:29.455+0800: 94.460: [ParNew
Desired survivor size 20112992 bytes, new threshold 8 (max 8)
- age   1:    5726784 bytes,    5726784 total
- age   2:    2241608 bytes,    7968392 total
- age   3:    2446120 bytes,   10414512 total
- age   4:    1730696 bytes,   12145208 total
- age   5:     352832 bytes,   12498040 total
- age   6:     182064 bytes,   12680104 total
- age   7:    2509640 bytes,   15189744 total
- age   8:    3485992 bytes,   18675736 total
: 109248K->21824K(109248K), 0.0074992 secs] 290285K->208515K(502464K), 0.0075799 secs] [Times: user=0.03 sys=0.00, real=0.01 secs] 
Heap after GC invocations=331 (full 6):
 par new generation   total 109248K, used 21824K [0x00000007a0000000, 0x00000007a8000000, 0x00000007a8000000)
  eden space 87424K,   0% used [0x00000007a0000000, 0x00000007a0000000, 0x00000007a5560000)
  from space 21824K, 100% used [0x00000007a6ab0000, 0x00000007a8000000, 0x00000007a8000000)
  to   space 21824K,   0% used [0x00000007a5560000, 0x00000007a5560000, 0x00000007a6ab0000)
 concurrent mark-sweep generation total 393216K, used 186691K [0x00000007a8000000, 0x00000007c0000000, 0x00000007c0000000)
 Metaspace       used 36028K, capacity 36608K, committed 36880K, reserved 1081344K
  class space    used 4112K, capacity 4279K, committed 4372K, reserved 1048576K
}
2016-10-23T18:05:29.463+0800: 94.467: Total time for which application threads were stopped: 0.0078244 seconds, Stopping threads took: 0.0000865 seconds
{Heap before GC invocations=331 (full 6):
 par new generation   total 109248K, used 109248K [0x00000007a0000000, 0x00000007a8000000, 0x00000007a8000000)
  eden space 87424K, 100% used [0x00000007a0000000, 0x00000007a5560000, 0x00000007a5560000)
  from space 21824K, 100% used [0x00000007a6ab0000, 0x00000007a8000000, 0x00000007a8000000)
  to   space 21824K,   0% used [0x00000007a5560000, 0x00000007a5560000, 0x00000007a6ab0000)
 concurrent mark-sweep generation total 393216K, used 186691K [0x00000007a8000000, 0x00000007c0000000, 0x00000007c0000000)
 Metaspace       used 36028K, capacity 36608K, committed 36880K, reserved 1081344K
  class space    used 4112K, capacity 4279K, committed 4372K, reserved 1048576K
2016-10-23T18:05:29.594+0800: 94.599: [GC (Allocation Failure) 2016-10-23T18:05:29.594+0800: 94.599: [ParNew
Desired survivor size 20112992 bytes, new threshold 8 (max 8)
- age   1:    7575824 bytes,    7575824 total
- age   2:    2501640 bytes,   10077464 total
- age   3:    2022592 bytes,   12100056 total
- age   4:    1736872 bytes,   13836928 total
- age   5:    1611624 bytes,   15448552 total
- age   6:     337904 bytes,   15786456 total
- age   7:     161544 bytes,   15948000 total
- age   8:    2339608 bytes,   18287608 total
: 109248K->21824K(109248K), 0.0086137 secs] 295939K->214937K(502464K), 0.0086807 secs] [Times: user=0.03 sys=0.00, real=0.01 secs] 
Heap after GC invocations=332 (full 6):
 par new generation   total 109248K, used 21824K [0x00000007a0000000, 0x00000007a8000000, 0x00000007a8000000)
  eden space 87424K,   0% used [0x00000007a0000000, 0x00000007a0000000, 0x00000007a5560000)
  from space 21824K, 100% used [0x00000007a5560000, 0x00000007a6ab0000, 0x00000007a6ab0000)
  to   space 21824K,   0% used [0x00000007a6ab0000, 0x00000007a6ab0000, 0x00000007a8000000)
 concurrent mark-sweep generation total 393216K, used 193113K [0x00000007a8000000, 0x00000007c0000000, 0x00000007c0000000)
 Metaspace       used 36028K, capacity 36608K, committed 36880K, reserved 1081344K
  class space    used 4112K, capacity 4279K, committed 4372K, reserved 1048576K
}
2016-10-23T18:05:29.603+0800: 94.607: Total time for which application threads were stopped: 0.0088847 seconds, Stopping threads took: 0.0000584 seconds
{Heap before GC invocations=332 (full 6):
 par new generation   total 109248K, used 109248K [0x00000007a0000000, 0x00000007a8000000, 0x00000007a8000000)
  eden space 87424K, 100% used [0x00000007a0000000, 0x00000007a5560000, 0x00000007a5560000)
  from space 21824K, 100% used [0x00000007a5560000, 0x00000007a6ab0000, 0x00000007a6ab0000)
  to   space 21824K,   0% used [0x00000007a6ab0000, 0x00000007a6ab0000, 0x00000007a8000000)
 concurrent mark-sweep generation total 393216K, used 193113K [0x00000007a8000000, 0x00000007c0000000, 0x00000007c0000000)
 Metaspace       used 36028K, capacity 36608K, committed 36880K, reserved 1081344K
  class space    used 4112K, capacity 4279K, committed 4372K, reserved 1048576K
2016-10-23T18:05:29.730+0800: 94.734: [GC (Allocation Failure) 2016-10-23T18:05:29.730+0800: 94.734: [ParNew
Desired survivor size 20112992 bytes, new threshold 6 (max 8)
- age   1:   11099600 bytes,   11099600 total
- age   2:    3263280 bytes,   14362880 total
- age   3:    2145824 bytes,   16508704 total
- age   4:    1658720 bytes,   18167424 total
- age   5:    1640848 bytes,   19808272 total
- age   6:    1521768 bytes,   21330040 total
- age   7:     311632 bytes,   21641672 total
- age   8:     139904 bytes,   21781576 total
: 109248K->21824K(109248K), 0.0086229 secs] 302361K->219494K(502464K), 0.0086757 secs] [Times: user=0.03 sys=0.01, real=0.00 secs] 
Heap after GC invocations=333 (full 6):
 par new generation   total 109248K, used 21824K [0x00000007a0000000, 0x00000007a8000000, 0x00000007a8000000)
  eden space 87424K,   0% used [0x00000007a0000000, 0x00000007a0000000, 0x00000007a5560000)
  from space 21824K, 100% used [0x00000007a6ab0000, 0x00000007a8000000, 0x00000007a8000000)
  to   space 21824K,   0% used [0x00000007a5560000, 0x00000007a5560000, 0x00000007a6ab0000)
 concurrent mark-sweep generation total 393216K, used 197670K [0x00000007a8000000, 0x00000007c0000000, 0x00000007c0000000)
 Metaspace       used 36028K, capacity 36608K, committed 36880K, reserved 1081344K
  class space    used 4112K, capacity 4279K, committed 4372K, reserved 1048576K
}
2016-10-23T18:05:29.738+0800: 94.743: Total time for which application threads were stopped: 0.0088988 seconds, Stopping threads took: 0.0000936 seconds
2016-10-23T18:05:29.739+0800: 94.743: [GC (CMS Initial Mark) [1 CMS-initial-mark: 197670K(393216K)] 220351K(502464K), 0.0018637 secs] [Times: user=0.01 sys=0.00, real=0.01 secs] 
2016-10-23T18:05:29.741+0800: 94.745: Total time for which application threads were stopped: 0.0020549 seconds, Stopping threads took: 0.0000918 seconds
2016-10-23T18:05:29.741+0800: 94.745: [CMS-concurrent-mark-start]
2016-10-23T18:05:29.751+0800: 94.755: [CMS-concurrent-mark: 0.010/0.010 secs] [Times: user=0.06 sys=0.00, real=0.01 secs] 
2016-10-23T18:05:29.751+0800: 94.755: [CMS-concurrent-preclean-start]
2016-10-23T18:05:29.752+0800: 94.757: [CMS-concurrent-preclean: 0.001/0.001 secs] [Times: user=0.00 sys=0.00, real=0.00 secs] 
2016-10-23T18:05:29.752+0800: 94.757: [CMS-concurrent-abortable-preclean-start]
{Heap before GC invocations=333 (full 7):
 par new generation   total 109248K, used 109248K [0x00000007a0000000, 0x00000007a8000000, 0x00000007a8000000)
  eden space 87424K, 100% used [0x00000007a0000000, 0x00000007a5560000, 0x00000007a5560000)
  from space 21824K, 100% used [0x00000007a6ab0000, 0x00000007a8000000, 0x00000007a8000000)
  to   space 21824K,   0% used [0x00000007a5560000, 0x00000007a5560000, 0x00000007a6ab0000)
 concurrent mark-sweep generation total 393216K, used 197670K [0x00000007a8000000, 0x00000007c0000000, 0x00000007c0000000)
 Metaspace       used 36028K, capacity 36608K, committed 36880K, reserved 1081344K
  class space    used 4112K, capacity 4279K, committed 4372K, reserved 1048576K
2016-10-23T18:05:29.863+0800: 94.867: [GC (Allocation Failure) 2016-10-23T18:05:29.863+0800: 94.867: [ParNew
Desired survivor size 20112992 bytes, new threshold 6 (max 8)
- age   1:    1871520 bytes,    1871520 total
- age   2:   10696000 bytes,   12567520 total
- age   3:    3041240 bytes,   15608760 total
- age   4:    2018112 bytes,   17626872 total
- age   5:    1503320 bytes,   19130192 total
- age   6:    1519200 bytes,   20649392 total
: 109248K->21824K(109248K), 0.0078578 secs] 306918K->222127K(502464K), 0.0079016 secs] [Times: user=0.03 sys=0.00, real=0.01 secs] 
Heap after GC invocations=334 (full 7):
 par new generation   total 109248K, used 21824K [0x00000007a0000000, 0x00000007a8000000, 0x00000007a8000000)
  eden space 87424K,   0% used [0x00000007a0000000, 0x00000007a0000000, 0x00000007a5560000)
  from space 21824K, 100% used [0x00000007a5560000, 0x00000007a6ab0000, 0x00000007a6ab0000)
  to   space 21824K,   0% used [0x00000007a6ab0000, 0x00000007a6ab0000, 0x00000007a8000000)
 concurrent mark-sweep generation total 393216K, used 200303K [0x00000007a8000000, 0x00000007c0000000, 0x00000007c0000000)
 Metaspace       used 36028K, capacity 36608K, committed 36880K, reserved 1081344K
  class space    used 4112K, capacity 4279K, committed 4372K, reserved 1048576K
}
2016-10-23T18:05:29.871+0800: 94.875: Total time for which application threads were stopped: 0.0081250 seconds, Stopping threads took: 0.0000549 seconds
2016-10-23T18:05:29.871+0800: 94.875: [CMS-concurrent-abortable-preclean: 0.078/0.118 secs] [Times: user=0.43 sys=0.00, real=0.12 secs] 
2016-10-23T18:05:29.871+0800: 94.875: [GC (CMS Final Remark) [YG occupancy: 23735 K (109248 K)]{Heap before GC invocations=334 (full 7):
 par new generation   total 109248K, used 23735K [0x00000007a0000000, 0x00000007a8000000, 0x00000007a8000000)
  eden space 87424K,   2% used [0x00000007a0000000, 0x00000007a01ddc78, 0x00000007a5560000)
  from space 21824K, 100% used [0x00000007a5560000, 0x00000007a6ab0000, 0x00000007a6ab0000)
  to   space 21824K,   0% used [0x00000007a6ab0000, 0x00000007a6ab0000, 0x00000007a8000000)
 concurrent mark-sweep generation total 393216K, used 200303K [0x00000007a8000000, 0x00000007c0000000, 0x00000007c0000000)
 Metaspace       used 36028K, capacity 36608K, committed 36880K, reserved 1081344K
  class space    used 4112K, capacity 4279K, committed 4372K, reserved 1048576K
2016-10-23T18:05:29.871+0800: 94.875: [GC (CMS Final Remark) 2016-10-23T18:05:29.871+0800: 94.875: [ParNew
Desired survivor size 20112992 bytes, new threshold 8 (max 8)
- age   1:      17136 bytes,      17136 total
- age   2:    1869720 bytes,    1886856 total
- age   3:   10664224 bytes,   12551080 total
- age   4:    3041240 bytes,   15592320 total
- age   5:    2018112 bytes,   17610432 total
- age   6:    1503320 bytes,   19113752 total
: 23735K->21824K(109248K), 0.0054126 secs] 224038K->223628K(502464K), 0.0054504 secs] [Times: user=0.02 sys=0.00, real=0.00 secs] 
Heap after GC invocations=335 (full 7):
 par new generation   total 109248K, used 21824K [0x00000007a0000000, 0x00000007a8000000, 0x00000007a8000000)
  eden space 87424K,   0% used [0x00000007a0000000, 0x00000007a0000000, 0x00000007a5560000)
  from space 21824K, 100% used [0x00000007a6ab0000, 0x00000007a8000000, 0x00000007a8000000)
  to   space 21824K,   0% used [0x00000007a5560000, 0x00000007a5560000, 0x00000007a6ab0000)
 concurrent mark-sweep generation total 393216K, used 201804K [0x00000007a8000000, 0x00000007c0000000, 0x00000007c0000000)
 Metaspace       used 36028K, capacity 36608K, committed 36880K, reserved 1081344K
  class space    used 4112K, capacity 4279K, committed 4372K, reserved 1048576K
}
2016-10-23T18:05:29.876+0800: 94.881: [Rescan (parallel) , 0.0023119 secs]2016-10-23T18:05:29.879+0800: 94.883: [weak refs processing, 0.0010985 secs]2016-10-23T18:05:29.880+0800: 94.884: [class unloading, 0.0071221 secs]2016-10-23T18:05:29.887+0800: 94.891: [scrub symbol table, 0.0038255 secs]2016-10-23T18:05:29.891+0800: 94.895: [scrub string table, 0.0003670 secs][1 CMS-remark: 201804K(393216K)] 223628K(502464K), 0.0204101 secs] [Times: user=0.04 sys=0.01, real=0.02 secs] 
2016-10-23T18:05:29.891+0800: 94.896: Total time for which application threads were stopped: 0.0205977 seconds, Stopping threads took: 0.0000677 seconds
2016-10-23T18:05:29.891+0800: 94.896: [CMS-concurrent-sweep-start]
2016-10-23T18:05:29.935+0800: 94.939: [CMS-concurrent-sweep: 0.043/0.043 secs] [Times: user=0.17 sys=0.00, real=0.04 secs] 
2016-10-23T18:05:29.935+0800: 94.939: [CMS-concurrent-reset-start]
2016-10-23T18:05:29.935+0800: 94.939: [CMS-concurrent-reset: 0.000/0.000 secs] [Times: user=0.00 sys=0.00, real=0.00 secs] 
{Heap before GC invocations=335 (full 7):
 par new generation   total 109248K, used 109248K [0x00000007a0000000, 0x00000007a8000000, 0x00000007a8000000)
  eden space 87424K, 100% used [0x00000007a0000000, 0x00000007a5560000, 0x00000007a5560000)
  from space 21824K, 100% used [0x00000007a6ab0000, 0x00000007a8000000, 0x00000007a8000000)
  to   space 21824K,   0% used [0x00000007a5560000, 0x00000007a5560000, 0x00000007a6ab0000)
 concurrent mark-sweep generation total 393216K, used 46503K [0x00000007a8000000, 0x00000007c0000000, 0x00000007c0000000)
 Metaspace       used 36028K, capacity 36608K, committed 36880K, reserved 1081344K
  class space    used 4112K, capacity 4279K, committed 4372K, reserved 1048576K
2016-10-23T18:05:29.937+0800: 94.942: [GC (Allocation Failure) 2016-10-23T18:05:29.937+0800: 94.942: [ParNew
Desired survivor size 20112992 bytes, new threshold 8 (max 8)
- age   1:    1360328 bytes,    1360328 total
- age   2:        128 bytes,    1360456 total
- age   3:    1481456 bytes,    2841912 total
- age   4:   10619920 bytes,   13461832 total
- age   5:    3034792 bytes,   16496624 total
- age   6:    1947632 bytes,   18444256 total
- age   7:    1417832 bytes,   19862088 total
: 109248K->21824K(109248K), 0.0050305 secs] 155751K->68588K(502464K), 0.0050933 secs] [Times: user=0.01 sys=0.00, real=0.01 secs] 
Heap after GC invocations=336 (full 7):
 par new generation   total 109248K, used 21824K [0x00000007a0000000, 0x00000007a8000000, 0x00000007a8000000)
  eden space 87424K,   0% used [0x00000007a0000000, 0x00000007a0000000, 0x00000007a5560000)
  from space 21824K, 100% used [0x00000007a5560000, 0x00000007a6ab0000, 0x00000007a6ab0000)
  to   space 21824K,   0% used [0x00000007a6ab0000, 0x00000007a6ab0000, 0x00000007a8000000)
 concurrent mark-sweep generation total 393216K, used 46764K [0x00000007a8000000, 0x00000007c0000000, 0x00000007c0000000)
 Metaspace       used 36028K, capacity 36608K, committed 36880K, reserved 1081344K
  class space    used 4112K, capacity 4279K, committed 4372K, reserved 1048576K
}
2016-10-23T18:05:29.942+0800: 94.947: Total time for which application threads were stopped: 0.0053265 seconds, Stopping threads took: 0.0000766 seconds
{Heap before GC invocations=336 (full 7):
 par new generation   total 109248K, used 109248K [0x00000007a0000000, 0x00000007a8000000, 0x00000007a8000000)
  eden space 87424K, 100% used [0x00000007a0000000, 0x00000007a5560000, 0x00000007a5560000)
  from space 21824K, 100% used [0x00000007a5560000, 0x00000007a6ab0000, 0x00000007a6ab0000)
  to   space 21824K,   0% used [0x00000007a6ab0000, 0x00000007a6ab0000, 0x00000007a8000000)
 concurrent mark-sweep generation total 393216K, used 46764K [0x00000007a8000000, 0x00000007c0000000, 0x00000007c0000000)
 Metaspace       used 36030K, capacity 36608K, committed 36880K, reserved 1081344K
  class space    used 4112K, capacity 4279K, committed 4372K, reserved 1048576K
2016-10-23T18:05:30.021+0800: 95.025: [GC (Allocation Failure) 2016-10-23T18:05:30.021+0800: 95.025: [ParNew
Desired survivor size 20112992 bytes, new threshold 8 (max 8)
- age   1:    3451816 bytes,    3451816 total
- age   2:     529448 bytes,    3981264 total
- age   3:         64 bytes,    3981328 total
- age   4:    1197312 bytes,    5178640 total
- age   5:   10130312 bytes,   15308952 total
- age   6:    2850768 bytes,   18159720 total
- age   7:    1804104 bytes,   19963824 total
- age   8:    1272368 bytes,   21236192 total
: 109248K->21824K(109248K), 0.0063545 secs] 156012K->69249K(502464K), 0.0064221 secs] [Times: user=0.02 sys=0.00, real=0.00 secs] 
Heap after GC invocations=337 (full 7):
 par new generation   total 109248K, used 21824K [0x00000007a0000000, 0x00000007a8000000, 0x00000007a8000000)
  eden space 87424K,   0% used [0x00000007a0000000, 0x00000007a0000000, 0x00000007a5560000)
  from space 21824K, 100% used [0x00000007a6ab0000, 0x00000007a8000000, 0x00000007a8000000)
  to   space 21824K,   0% used [0x00000007a5560000, 0x00000007a5560000, 0x00000007a6ab0000)
 concurrent mark-sweep generation total 393216K, used 47425K [0x00000007a8000000, 0x00000007c0000000, 0x00000007c0000000)
 Metaspace       used 36030K, capacity 36608K, committed 36880K, reserved 1081344K
  class space    used 4112K, capacity 4279K, committed 4372K, reserved 1048576K
}
2016-10-23T18:05:30.027+0800: 95.031: Total time for which application threads were stopped: 0.0066490 seconds, Stopping threads took: 0.0000752 seconds
{Heap before GC invocations=337 (full 7):
 par new generation   total 109248K, used 109248K [0x00000007a0000000, 0x00000007a8000000, 0x00000007a8000000)
  eden space 87424K, 100% used [0x00000007a0000000, 0x00000007a5560000, 0x00000007a5560000)
  from space 21824K, 100% used [0x00000007a6ab0000, 0x00000007a8000000, 0x00000007a8000000)
  to   space 21824K,   0% used [0x00000007a5560000, 0x00000007a5560000, 0x00000007a6ab0000)
 concurrent mark-sweep generation total 393216K, used 47425K [0x00000007a8000000, 0x00000007c0000000, 0x00000007c0000000)
 Metaspace       used 36030K, capacity 36608K, committed 36880K, reserved 1081344K
  class space    used 4112K, capacity 4279K, committed 4372K, reserved 1048576K
2016-10-23T18:05:30.146+0800: 95.150: [GC (Allocation Failure) 2016-10-23T18:05:30.146+0800: 95.150: [ParNew
Desired survivor size 20112992 bytes, new threshold 8 (max 8)
- age   1:    4668128 bytes,    4668128 total
- age   2:    1937192 bytes,    6605320 total
- age   3:     396032 bytes,    7001352 total
- age   4:         64 bytes,    7001416 total
- age   5:    1164536 bytes,    8165952 total
- age   6:    8502928 bytes,   16668880 total
- age   7:    2227872 bytes,   18896752 total
- age   8:    1213992 bytes,   20110744 total
: 109248K->21824K(109248K), 0.0067175 secs] 156673K->74239K(502464K), 0.0067948 secs] [Times: user=0.02 sys=0.00, real=0.01 secs] 
Heap after GC invocations=338 (full 7):
 par new generation   total 109248K, used 21824K [0x00000007a0000000, 0x00000007a8000000, 0x00000007a8000000)
  eden space 87424K,   0% used [0x00000007a0000000, 0x00000007a0000000, 0x00000007a5560000)
  from space 21824K, 100% used [0x00000007a5560000, 0x00000007a6ab0000, 0x00000007a6ab0000)
  to   space 21824K,   0% used [0x00000007a6ab0000, 0x00000007a6ab0000, 0x00000007a8000000)
 concurrent mark-sweep generation total 393216K, used 52415K [0x00000007a8000000, 0x00000007c0000000, 0x00000007c0000000)
 Metaspace       used 36030K, capacity 36608K, committed 36880K, reserved 1081344K
  class space    used 4112K, capacity 4279K, committed 4372K, reserved 1048576K
}
2016-10-23T18:05:30.153+0800: 95.157: Total time for which application threads were stopped: 0.0070351 seconds, Stopping threads took: 0.0000825 seconds
{Heap before GC invocations=338 (full 7):
 par new generation   total 109248K, used 109248K [0x00000007a0000000, 0x00000007a8000000, 0x00000007a8000000)
  eden space 87424K, 100% used [0x00000007a0000000, 0x00000007a5560000, 0x00000007a5560000)
  from space 21824K, 100% used [0x00000007a5560000, 0x00000007a6ab0000, 0x00000007a6ab0000)
  to   space 21824K,   0% used [0x00000007a6ab0000, 0x00000007a6ab0000, 0x00000007a8000000)
 concurrent mark-sweep generation total 393216K, used 52415K [0x00000007a8000000, 0x00000007c0000000, 0x00000007c0000000)
 Metaspace       used 36030K, capacity 36608K, committed 36880K, reserved 1081344K
  class space    used 4112K, capacity 4279K, committed 4372K, reserved 1048576K
2016-10-23T18:05:30.278+0800: 95.282: [GC (Allocation Failure) 2016-10-23T18:05:30.278+0800: 95.282: [ParNew
Desired survivor size 20112992 bytes, new threshold 8 (max 8)
- age   1:    4610800 bytes,    4610800 total
- age   2:    2272792 bytes,    6883592 total
- age   3:    1418376 bytes,    8301968 total
- age   4:     346680 bytes,    8648648 total
- age   5:         64 bytes,    8648712 total
- age   6:    1032832 bytes,    9681544 total
- age   7:    7695272 bytes,   17376816 total
- age   8:    1664224 bytes,   19041040 total
: 109248K->21824K(109248K), 0.0072432 secs] 161663K->79550K(502464K), 0.0073079 secs] [Times: user=0.02 sys=0.00, real=0.01 secs] 
Heap after GC invocations=339 (full 7):
 par new generation   total 109248K, used 21824K [0x00000007a0000000, 0x00000007a8000000, 0x00000007a8000000)
  eden space 87424K,   0% used [0x00000007a0000000, 0x00000007a0000000, 0x00000007a5560000)
  from space 21824K, 100% used [0x00000007a6ab0000, 0x00000007a8000000, 0x00000007a8000000)
  to   space 21824K,   0% used [0x00000007a5560000, 0x00000007a5560000, 0x00000007a6ab0000)
 concurrent mark-sweep generation total 393216K, used 57726K [0x00000007a8000000, 0x00000007c0000000, 0x00000007c0000000)
 Metaspace       used 36030K, capacity 36608K, committed 36880K, reserved 1081344K
  class space    used 4112K, capacity 4279K, committed 4372K, reserved 1048576K
}
2016-10-23T18:05:30.285+0800: 95.290: Total time for which application threads were stopped: 0.0075326 seconds, Stopping threads took: 0.0000839 seconds
{Heap before GC invocations=339 (full 7):
 par new generation   total 109248K, used 109248K [0x00000007a0000000, 0x00000007a8000000, 0x00000007a8000000)
  eden space 87424K, 100% used [0x00000007a0000000, 0x00000007a5560000, 0x00000007a5560000)
  from space 21824K, 100% used [0x00000007a6ab0000, 0x00000007a8000000, 0x00000007a8000000)
  to   space 21824K,   0% used [0x00000007a5560000, 0x00000007a5560000, 0x00000007a6ab0000)
 concurrent mark-sweep generation total 393216K, used 57726K [0x00000007a8000000, 0x00000007c0000000, 0x00000007c0000000)
 Metaspace       used 36030K, capacity 36608K, committed 36880K, reserved 1081344K
  class space    used 4112K, capacity 4279K, committed 4372K, reserved 1048576K
2016-10-23T18:05:30.411+0800: 95.416: [GC (Allocation Failure) 2016-10-23T18:05:30.412+0800: 95.416: [ParNew
Desired survivor size 20112992 bytes, new threshold 8 (max 8)
- age   1:    5177128 bytes,    5177128 total
- age   2:    2893920 bytes,    8071048 total
- age   3:    1871944 bytes,    9942992 total
- age   4:    1371304 bytes,   11314296 total
- age   5:     346448 bytes,   11660744 total
- age   6:         64 bytes,   11660808 total
- age   7:    1018688 bytes,   12679496 total
- age   8:    7229024 bytes,   19908520 total
: 109248K->21824K(109248K), 0.0070399 secs] 166974K->84458K(502464K), 0.0071131 secs] [Times: user=0.03 sys=0.00, real=0.00 secs] 
Heap after GC invocations=340 (full 7):
 par new generation   total 109248K, used 21824K [0x00000007a0000000, 0x00000007a8000000, 0x00000007a8000000)
  eden space 87424K,   0% used [0x00000007a0000000, 0x00000007a0000000, 0x00000007a5560000)
  from space 21824K, 100% used [0x00000007a5560000, 0x00000007a6ab0000, 0x00000007a6ab0000)
  to   space 21824K,   0% used [0x00000007a6ab0000, 0x00000007a6ab0000, 0x00000007a8000000)
 concurrent mark-sweep generation total 393216K, used 62634K [0x00000007a8000000, 0x00000007c0000000, 0x00000007c0000000)
 Metaspace       used 36030K, capacity 36608K, committed 36880K, reserved 1081344K
  class space    used 4112K, capacity 4279K, committed 4372K, reserved 1048576K
}
2016-10-23T18:05:30.419+0800: 95.423: Total time for which application threads were stopped: 0.0073804 seconds, Stopping threads took: 0.0000939 seconds
{Heap before GC invocations=340 (full 7):
 par new generation   total 109248K, used 109184K [0x00000007a0000000, 0x00000007a8000000, 0x00000007a8000000)
  eden space 87424K,  99% used [0x00000007a0000000, 0x00000007a55500e8, 0x00000007a5560000)
  from space 21824K, 100% used [0x00000007a5560000, 0x00000007a6ab0000, 0x00000007a6ab0000)
  to   space 21824K,   0% used [0x00000007a6ab0000, 0x00000007a6ab0000, 0x00000007a8000000)
 concurrent mark-sweep generation total 393216K, used 62634K [0x00000007a8000000, 0x00000007c0000000, 0x00000007c0000000)
 Metaspace       used 36030K, capacity 36608K, committed 36880K, reserved 1081344K
  class space    used 4112K, capacity 4279K, committed 4372K, reserved 1048576K
2016-10-23T18:05:30.540+0800: 95.545: [GC (Allocation Failure) 2016-10-23T18:05:30.540+0800: 95.545: [ParNew
Desired survivor size 20112992 bytes, new threshold 8 (max 8)
- age   1:    8800136 bytes,    8800136 total
- age   2:    2664880 bytes,   11465016 total
- age   3:    2649016 bytes,   14114032 total
- age   4:    1802800 bytes,   15916832 total
- age   5:    1370056 bytes,   17286888 total
- age   6:     346064 bytes,   17632952 total
- age   7:         64 bytes,   17633016 total
- age   8:    1016976 bytes,   18649992 total
: 109184K->21824K(109248K), 0.0081649 secs] 171818K->91522K(502464K), 0.0082306 secs] [Times: user=0.03 sys=0.00, real=0.00 secs] 
Heap after GC invocations=341 (full 7):
 par new generation   total 109248K, used 21824K [0x00000007a0000000, 0x00000007a8000000, 0x00000007a8000000)
  eden space 87424K,   0% used [0x00000007a0000000, 0x00000007a0000000, 0x00000007a5560000)
  from space 21824K, 100% used [0x00000007a6ab0000, 0x00000007a8000000, 0x00000007a8000000)
  to   space 21824K,   0% used [0x00000007a5560000, 0x00000007a5560000, 0x00000007a6ab0000)
 concurrent mark-sweep generation total 393216K, used 69698K [0x00000007a8000000, 0x00000007c0000000, 0x00000007c0000000)
 Metaspace       used 36030K, capacity 36608K, committed 36880K, reserved 1081344K
  class space    used 4112K, capacity 4279K, committed 4372K, reserved 1048576K
}
2016-10-23T18:05:30.549+0800: 95.553: Total time for which application threads were stopped: 0.0084934 seconds, Stopping threads took: 0.0001061 seconds
2016-10-23T18:05:30.615+0800: 95.620: Total time for which application threads were stopped: 0.0002551 seconds, Stopping threads took: 0.0001029 seconds
2016-10-23T18:05:30.658+0800: 95.662: Total time for which application threads were stopped: 0.0002186 seconds, Stopping threads took: 0.0000775 seconds
2016-10-23T18:05:30.658+0800: 95.663: Total time for which application threads were stopped: 0.0001732 seconds, Stopping threads took: 0.0000804 seconds
{Heap before GC invocations=341 (full 7):
 par new generation   total 109248K, used 109248K [0x00000007a0000000, 0x00000007a8000000, 0x00000007a8000000)
  eden space 87424K, 100% used [0x00000007a0000000, 0x00000007a5560000, 0x00000007a5560000)
  from space 21824K, 100% used [0x00000007a6ab0000, 0x00000007a8000000, 0x00000007a8000000)
  to   space 21824K,   0% used [0x00000007a5560000, 0x00000007a5560000, 0x00000007a6ab0000)
 concurrent mark-sweep generation total 393216K, used 69698K [0x00000007a8000000, 0x00000007c0000000, 0x00000007c0000000)
 Metaspace       used 36031K, capacity 36608K, committed 36880K, reserved 1081344K
  class space    used 4112K, capacity 4279K, committed 4372K, reserved 1048576K
2016-10-23T18:05:30.681+0800: 95.686: [GC (Allocation Failure) 2016-10-23T18:05:30.681+0800: 95.686: [ParNew
Desired survivor size 20112992 bytes, new threshold 8 (max 8)
- age   1:    7470944 bytes,    7470944 total
- age   2:    5314816 bytes,   12785760 total
- age   3:    2022416 bytes,   14808176 total
- age   4:    1977496 bytes,   16785672 total
- age   5:    1224976 bytes,   18010648 total
- age   6:    1199608 bytes,   19210256 total
- age   7:     315072 bytes,   19525328 total
- age   8:         64 bytes,   19525392 total
: 109248K->21824K(109248K), 0.0071700 secs] 178946K->94236K(502464K), 0.0072319 secs] [Times: user=0.02 sys=0.00, real=0.00 secs] 
Heap after GC invocations=342 (full 7):
 par new generation   total 109248K, used 21824K [0x00000007a0000000, 0x00000007a8000000, 0x00000007a8000000)
  eden space 87424K,   0% used [0x00000007a0000000, 0x00000007a0000000, 0x00000007a5560000)
  from space 21824K, 100% used [0x00000007a5560000, 0x00000007a6ab0000, 0x00000007a6ab0000)
  to   space 21824K,   0% used [0x00000007a6ab0000, 0x00000007a6ab0000, 0x00000007a8000000)
 concurrent mark-sweep generation total 393216K, used 72412K [0x00000007a8000000, 0x00000007c0000000, 0x00000007c0000000)
 Metaspace       used 36031K, capacity 36608K, committed 36880K, reserved 1081344K
  class space    used 4112K, capacity 4279K, committed 4372K, reserved 1048576K
}
2016-10-23T18:05:30.689+0800: 95.693: Total time for which application threads were stopped: 0.0075580 seconds, Stopping threads took: 0.0001315 seconds
{Heap before GC invocations=342 (full 7):
 par new generation   total 109248K, used 109248K [0x00000007a0000000, 0x00000007a8000000, 0x00000007a8000000)
  eden space 87424K, 100% used [0x00000007a0000000, 0x00000007a5560000, 0x00000007a5560000)
  from space 21824K, 100% used [0x00000007a5560000, 0x00000007a6ab0000, 0x00000007a6ab0000)
  to   space 21824K,   0% used [0x00000007a6ab0000, 0x00000007a6ab0000, 0x00000007a8000000)
 concurrent mark-sweep generation total 393216K, used 72412K [0x00000007a8000000, 0x00000007c0000000, 0x00000007c0000000)
 Metaspace       used 36033K, capacity 36608K, committed 36880K, reserved 1081344K
  class space    used 4112K, capacity 4279K, committed 4372K, reserved 1048576K
2016-10-23T18:05:30.754+0800: 95.758: [GC (Allocation Failure) 2016-10-23T18:05:30.754+0800: 95.758: [ParNew
Desired survivor size 20112992 bytes, new threshold 8 (max 8)
- age   1:    1057008 bytes,    1057008 total
- age   2:    6232776 bytes,    7289784 total
- age   3:    4709904 bytes,   11999688 total
- age   4:    1980944 bytes,   13980632 total
- age   5:    1923256 bytes,   15903888 total
- age   6:    1164240 bytes,   17068128 total
- age   7:    1186240 bytes,   18254368 total
- age   8:     312840 bytes,   18567208 total
: 109248K->21824K(109248K), 0.0058728 secs] 181660K->96474K(502464K), 0.0059294 secs] [Times: user=0.01 sys=0.00, real=0.01 secs] 
Heap after GC invocations=343 (full 7):
 par new generation   total 109248K, used 21824K [0x00000007a0000000, 0x00000007a8000000, 0x00000007a8000000)
  eden space 87424K,   0% used [0x00000007a0000000, 0x00000007a0000000, 0x00000007a5560000)
  from space 21824K, 100% used [0x00000007a6ab0000, 0x00000007a8000000, 0x00000007a8000000)
  to   space 21824K,   0% used [0x00000007a5560000, 0x00000007a5560000, 0x00000007a6ab0000)
 concurrent mark-sweep generation total 393216K, used 74650K [0x00000007a8000000, 0x00000007c0000000, 0x00000007c0000000)
 Metaspace       used 36033K, capacity 36608K, committed 36880K, reserved 1081344K
  class space    used 4112K, capacity 4279K, committed 4372K, reserved 1048576K
}
2016-10-23T18:05:30.760+0800: 95.764: Total time for which application threads were stopped: 0.0061672 seconds, Stopping threads took: 0.0000844 seconds
{Heap before GC invocations=343 (full 7):
 par new generation   total 109248K, used 109248K [0x00000007a0000000, 0x00000007a8000000, 0x00000007a8000000)
  eden space 87424K, 100% used [0x00000007a0000000, 0x00000007a5560000, 0x00000007a5560000)
  from space 21824K, 100% used [0x00000007a6ab0000, 0x00000007a8000000, 0x00000007a8000000)
  to   space 21824K,   0% used [0x00000007a5560000, 0x00000007a5560000, 0x00000007a6ab0000)
 concurrent mark-sweep generation total 393216K, used 74650K [0x00000007a8000000, 0x00000007c0000000, 0x00000007c0000000)
 Metaspace       used 36033K, capacity 36608K, committed 36880K, reserved 1081344K
  class space    used 4112K, capacity 4279K, committed 4372K, reserved 1048576K
2016-10-23T18:05:30.822+0800: 95.826: [GC (Allocation Failure) 2016-10-23T18:05:30.822+0800: 95.826: [ParNew
Desired survivor size 20112992 bytes, new threshold 8 (max 8)
- age   1:    3904552 bytes,    3904552 total
- age   2:     813592 bytes,    4718144 total
- age   3:    5709920 bytes,   10428064 total
- age   4:    3491016 bytes,   13919080 total
- age   5:    1686496 bytes,   15605576 total
- age   6:    1665088 bytes,   17270664 total
- age   7:     957272 bytes,   18227936 total
- age   8:    1075360 bytes,   19303296 total
: 109248K->21824K(109248K), 0.0067548 secs] 183898K->98284K(502464K), 0.0068109 secs] [Times: user=0.02 sys=0.00, real=0.00 secs] 
Heap after GC invocations=344 (full 7):
 par new generation   total 109248K, used 21824K [0x00000007a0000000, 0x00000007a8000000, 0x00000007a8000000)
  eden space 87424K,   0% used [0x00000007a0000000, 0x00000007a0000000, 0x00000007a5560000)
  from space 21824K, 100% used [0x00000007a5560000, 0x00000007a6ab0000, 0x00000007a6ab0000)
  to   space 21824K,   0% used [0x00000007a6ab0000, 0x00000007a6ab0000, 0x00000007a8000000)
 concurrent mark-sweep generation total 393216K, used 76460K [0x00000007a8000000, 0x00000007c0000000, 0x00000007c0000000)
 Metaspace       used 36033K, capacity 36608K, committed 36880K, reserved 1081344K
  class space    used 4112K, capacity 4279K, committed 4372K, reserved 1048576K
}
2016-10-23T18:05:30.829+0800: 95.833: Total time for which application threads were stopped: 0.0069934 seconds, Stopping threads took: 0.0000443 seconds
2016-10-23T18:05:30.836+0800: 95.840: Total time for which application threads were stopped: 0.0001685 seconds, Stopping threads took: 0.0000926 seconds
2016-10-23T18:05:30.836+0800: 95.841: Total time for which application threads were stopped: 0.0001293 seconds, Stopping threads took: 0.0000719 seconds
{Heap before GC invocations=344 (full 7):
 par new generation   total 109248K, used 109248K [0x00000007a0000000, 0x00000007a8000000, 0x00000007a8000000)
  eden space 87424K, 100% used [0x00000007a0000000, 0x00000007a5560000, 0x00000007a5560000)
  from space 21824K, 100% used [0x00000007a5560000, 0x00000007a6ab0000, 0x00000007a6ab0000)
  to   space 21824K,   0% used [0x00000007a6ab0000, 0x00000007a6ab0000, 0x00000007a8000000)
 concurrent mark-sweep generation total 393216K, used 76460K [0x00000007a8000000, 0x00000007c0000000, 0x00000007c0000000)
 Metaspace       used 36038K, capacity 36608K, committed 36880K, reserved 1081344K
  class space    used 4112K, capacity 4279K, committed 4372K, reserved 1048576K
2016-10-23T18:05:30.923+0800: 95.927: [GC (Allocation Failure) 2016-10-23T18:05:30.923+0800: 95.927: [ParNew
Desired survivor size 20112992 bytes, new threshold 8 (max 8)
- age   1:    3800720 bytes,    3800720 total
- age   2:    1575480 bytes,    5376200 total
- age   3:     619256 bytes,    5995456 total
- age   4:    4789320 bytes,   10784776 total
- age   5:    2957672 bytes,   13742448 total
- age   6:    1577880 bytes,   15320328 total
- age   7:    1653936 bytes,   16974264 total
- age   8:     945256 bytes,   17919520 total
: 109248K->21824K(109248K), 0.0054595 secs] 185708K->100881K(502464K), 0.0055114 secs] [Times: user=0.02 sys=0.00, real=0.00 secs] 
Heap after GC invocations=345 (full 7):
 par new generation   total 109248K, used 21824K [0x00000007a0000000, 0x00000007a8000000, 0x00000007a8000000)
  eden space 87424K,   0% used [0x00000007a0000000, 0x00000007a0000000, 0x00000007a5560000)
  from space 21824K, 100% used [0x00000007a6ab0000, 0x00000007a8000000, 0x00000007a8000000)
  to   space 21824K,   0% used [0x00000007a5560000, 0x00000007a5560000, 0x00000007a6ab0000)
 concurrent mark-sweep generation total 393216K, used 79057K [0x00000007a8000000, 0x00000007c0000000, 0x00000007c0000000)
 Metaspace       used 36038K, capacity 36608K, committed 36880K, reserved 1081344K
  class space    used 4112K, capacity 4279K, committed 4372K, reserved 1048576K
}
2016-10-23T18:05:30.929+0800: 95.933: Total time for which application threads were stopped: 0.0057782 seconds, Stopping threads took: 0.0001077 seconds
2016-10-23T18:05:30.940+0800: 95.944: Total time for which application threads were stopped: 0.0001582 seconds, Stopping threads took: 0.0000720 seconds
{Heap before GC invocations=345 (full 7):
 par new generation   total 109248K, used 109248K [0x00000007a0000000, 0x00000007a8000000, 0x00000007a8000000)
  eden space 87424K, 100% used [0x00000007a0000000, 0x00000007a5560000, 0x00000007a5560000)
  from space 21824K, 100% used [0x00000007a6ab0000, 0x00000007a8000000, 0x00000007a8000000)
  to   space 21824K,   0% used [0x00000007a5560000, 0x00000007a5560000, 0x00000007a6ab0000)
 concurrent mark-sweep generation total 393216K, used 79057K [0x00000007a8000000, 0x00000007c0000000, 0x00000007c0000000)
 Metaspace       used 36039K, capacity 36608K, committed 36880K, reserved 1081344K
  class space    used 4112K, capacity 4279K, committed 4372K, reserved 1048576K
2016-10-23T18:05:31.047+0800: 96.051: [GC (Allocation Failure) 2016-10-23T18:05:31.047+0800: 96.051: [ParNew
Desired survivor size 20112992 bytes, new threshold 8 (max 8)
- age   1:    4680928 bytes,    4680928 total
- age   2:    1272272 bytes,    5953200 total
- age   3:    1548096 bytes,    7501296 total
- age   4:     617536 bytes,    8118832 total
- age   5:    4602960 bytes,   12721792 total
- age   6:    2857168 bytes,   15578960 total
- age   7:    1360024 bytes,   16938984 total
- age   8:    1536192 bytes,   18475176 total
: 109248K->21824K(109248K), 0.0080521 secs] 188305K->104758K(502464K), 0.0081152 secs] [Times: user=0.02 sys=0.00, real=0.01 secs] 
Heap after GC invocations=346 (full 7):
 par new generation   total 109248K, used 21824K [0x00000007a0000000, 0x00000007a8000000, 0x00000007a8000000)
  eden space 87424K,   0% used [0x00000007a0000000, 0x00000007a0000000, 0x00000007a5560000)
  from space 21824K, 100% used [0x00000007a5560000, 0x00000007a6ab0000, 0x00000007a6ab0000)
  to   space 21824K,   0% used [0x00000007a6ab0000, 0x00000007a6ab0000, 0x00000007a8000000)
 concurrent mark-sweep generation total 393216K, used 82934K [0x00000007a8000000, 0x00000007c0000000, 0x00000007c0000000)
 Metaspace       used 36039K, capacity 36608K, committed 36880K, reserved 1081344K
  class space    used 4112K, capacity 4279K, committed 4372K, reserved 1048576K
}
2016-10-23T18:05:31.055+0800: 96.059: Total time for which application threads were stopped: 0.0084417 seconds, Stopping threads took: 0.0000883 seconds
{Heap before GC invocations=346 (full 7):
 par new generation   total 109248K, used 109248K [0x00000007a0000000, 0x00000007a8000000, 0x00000007a8000000)
  eden space 87424K, 100% used [0x00000007a0000000, 0x00000007a5560000, 0x00000007a5560000)
  from space 21824K, 100% used [0x00000007a5560000, 0x00000007a6ab0000, 0x00000007a6ab0000)
  to   space 21824K,   0% used [0x00000007a6ab0000, 0x00000007a6ab0000, 0x00000007a8000000)
 concurrent mark-sweep generation total 393216K, used 82934K [0x00000007a8000000, 0x00000007c0000000, 0x00000007c0000000)
 Metaspace       used 36039K, capacity 36608K, committed 36880K, reserved 1081344K
  class space    used 4112K, capacity 4279K, committed 4372K, reserved 1048576K
2016-10-23T18:05:31.182+0800: 96.186: [GC (Allocation Failure) 2016-10-23T18:05:31.182+0800: 96.186: [ParNew
Desired survivor size 20112992 bytes, new threshold 8 (max 8)
- age   1:    3886888 bytes,    3886888 total
- age   2:    2626472 bytes,    6513360 total
- age   3:    1185320 bytes,    7698680 total
- age   4:    1548096 bytes,    9246776 total
- age   5:     617536 bytes,    9864312 total
- age   6:    4569088 bytes,   14433400 total
- age   7:    2795304 bytes,   17228704 total
- age   8:    1303240 bytes,   18531944 total
: 109248K->21824K(109248K), 0.0067082 secs] 192182K->109299K(502464K), 0.0067586 secs] [Times: user=0.03 sys=0.00, real=0.00 secs] 
Heap after GC invocations=347 (full 7):
 par new generation   total 109248K, used 21824K [0x00000007a0000000, 0x00000007a8000000, 0x00000007a8000000)
  eden space 87424K,   0% used [0x00000007a0000000, 0x00000007a0000000, 0x00000007a5560000)
  from space 21824K, 100% used [0x00000007a6ab0000, 0x00000007a8000000, 0x00000007a8000000)
  to   space 21824K,   0% used [0x00000007a5560000, 0x00000007a5560000, 0x00000007a6ab0000)
 concurrent mark-sweep generation total 393216K, used 87475K [0x00000007a8000000, 0x00000007c0000000, 0x00000007c0000000)
 Metaspace       used 36039K, capacity 36608K, committed 36880K, reserved 1081344K
  class space    used 4112K, capacity 4279K, committed 4372K, reserved 1048576K
}
2016-10-23T18:05:31.189+0800: 96.193: Total time for which application threads were stopped: 0.0069649 seconds, Stopping threads took: 0.0000614 seconds
{Heap before GC invocations=347 (full 7):
 par new generation   total 109248K, used 109227K [0x00000007a0000000, 0x00000007a8000000, 0x00000007a8000000)
  eden space 87424K,  99% used [0x00000007a0000000, 0x00000007a555aed0, 0x00000007a5560000)
  from space 21824K, 100% used [0x00000007a6ab0000, 0x00000007a8000000, 0x00000007a8000000)
  to   space 21824K,   0% used [0x00000007a5560000, 0x00000007a5560000, 0x00000007a6ab0000)
 concurrent mark-sweep generation total 393216K, used 87475K [0x00000007a8000000, 0x00000007c0000000, 0x00000007c0000000)
 Metaspace       used 36040K, capacity 36608K, committed 36880K, reserved 1081344K
  class space    used 4112K, capacity 4279K, committed 4372K, reserved 1048576K
2016-10-23T18:05:31.314+0800: 96.318: [GC (Allocation Failure) 2016-10-23T18:05:31.314+0800: 96.318: [ParNew
Desired survivor size 20112992 bytes, new threshold 8 (max 8)
- age   1:    4597896 bytes,    4597896 total
- age   2:    1977672 bytes,    6575568 total
- age   3:    2509080 bytes,    9084648 total
- age   4:    1097896 bytes,   10182544 total
- age   5:    1546400 bytes,   11728944 total
- age   6:     616864 bytes,   12345808 total
- age   7:    4361576 bytes,   16707384 total
- age   8:    2725656 bytes,   19433040 total
: 109227K->21824K(109248K), 0.0066751 secs] 196703K->113041K(502464K), 0.0067496 secs] [Times: user=0.02 sys=0.00, real=0.01 secs] 
Heap after GC invocations=348 (full 7):
 par new generation   total 109248K, used 21824K [0x00000007a0000000, 0x00000007a8000000, 0x00000007a8000000)
  eden space 87424K,   0% used [0x00000007a0000000, 0x00000007a0000000, 0x00000007a5560000)
  from space 21824K, 100% used [0x00000007a5560000, 0x00000007a6ab0000, 0x00000007a6ab0000)
  to   space 21824K,   0% used [0x00000007a6ab0000, 0x00000007a6ab0000, 0x00000007a8000000)
 concurrent mark-sweep generation total 393216K, used 91217K [0x00000007a8000000, 0x00000007c0000000, 0x00000007c0000000)
 Metaspace       used 36040K, capacity 36608K, committed 36880K, reserved 1081344K
  class space    used 4112K, capacity 4279K, committed 4372K, reserved 1048576K
}
2016-10-23T18:05:31.321+0800: 96.325: Total time for which application threads were stopped: 0.0070201 seconds, Stopping threads took: 0.0000701 seconds
{Heap before GC invocations=348 (full 7):
 par new generation   total 109248K, used 109248K [0x00000007a0000000, 0x00000007a8000000, 0x00000007a8000000)
  eden space 87424K, 100% used [0x00000007a0000000, 0x00000007a5560000, 0x00000007a5560000)
  from space 21824K, 100% used [0x00000007a5560000, 0x00000007a6ab0000, 0x00000007a6ab0000)
  to   space 21824K,   0% used [0x00000007a6ab0000, 0x00000007a6ab0000, 0x00000007a8000000)
 concurrent mark-sweep generation total 393216K, used 91217K [0x00000007a8000000, 0x00000007c0000000, 0x00000007c0000000)
 Metaspace       used 36040K, capacity 36608K, committed 36880K, reserved 1081344K
  class space    used 4112K, capacity 4279K, committed 4372K, reserved 1048576K
2016-10-23T18:05:31.454+0800: 96.458: [GC (Allocation Failure) 2016-10-23T18:05:31.454+0800: 96.458: [ParNew
Desired survivor size 20112992 bytes, new threshold 8 (max 8)
- age   1:    5361912 bytes,    5361912 total
- age   2:    2360000 bytes,    7721912 total
- age   3:    1550808 bytes,    9272720 total
- age   4:    2483728 bytes,   11756448 total
- age   5:     858808 bytes,   12615256 total
- age   6:    1229232 bytes,   13844488 total
- age   7:     285464 bytes,   14129952 total
- age   8:    3877272 bytes,   18007224 total
: 109248K->21824K(109248K), 0.0091845 secs] 200465K->120043K(502464K), 0.0092479 secs] [Times: user=0.03 sys=0.00, real=0.01 secs] 
Heap after GC invocations=349 (full 7):
 par new generation   total 109248K, used 21824K [0x00000007a0000000, 0x00000007a8000000, 0x00000007a8000000)
  eden space 87424K,   0% used [0x00000007a0000000, 0x00000007a0000000, 0x00000007a5560000)
  from space 21824K, 100% used [0x00000007a6ab0000, 0x00000007a8000000, 0x00000007a8000000)
  to   space 21824K,   0% used [0x00000007a5560000, 0x00000007a5560000, 0x00000007a6ab0000)
 concurrent mark-sweep generation total 393216K, used 98219K [0x00000007a8000000, 0x00000007c0000000, 0x00000007c0000000)
 Metaspace       used 36040K, capacity 36608K, committed 36880K, reserved 1081344K
  class space    used 4112K, capacity 4279K, committed 4372K, reserved 1048576K
}
2016-10-23T18:05:31.463+0800: 96.468: Total time for which application threads were stopped: 0.0094762 seconds, Stopping threads took: 0.0000662 seconds
{Heap before GC invocations=349 (full 7):
 par new generation   total 109248K, used 109248K [0x00000007a0000000, 0x00000007a8000000, 0x00000007a8000000)
  eden space 87424K, 100% used [0x00000007a0000000, 0x00000007a5560000, 0x00000007a5560000)
  from space 21824K, 100% used [0x00000007a6ab0000, 0x00000007a8000000, 0x00000007a8000000)
  to   space 21824K,   0% used [0x00000007a5560000, 0x00000007a5560000, 0x00000007a6ab0000)
 concurrent mark-sweep generation total 393216K, used 98219K [0x00000007a8000000, 0x00000007c0000000, 0x00000007c0000000)
 Metaspace       used 36040K, capacity 36608K, committed 36880K, reserved 1081344K
  class space    used 4112K, capacity 4279K, committed 4372K, reserved 1048576K
2016-10-23T18:05:31.557+0800: 96.562: [GC (Allocation Failure) 2016-10-23T18:05:31.557+0800: 96.562: [ParNew
Desired survivor size 20112992 bytes, new threshold 8 (max 8)
- age   1:    5383176 bytes,    5383176 total
- age   2:    3416376 bytes,    8799552 total
- age   3:    2286008 bytes,   11085560 total
- age   4:    1483752 bytes,   12569312 total
- age   5:    2435352 bytes,   15004664 total
- age   6:     841896 bytes,   15846560 total
- age   7:    1213584 bytes,   17060144 total
- age   8:     280216 bytes,   17340360 total
: 109248K->21824K(109248K), 0.0073817 secs] 207467K->124223K(502464K), 0.0074524 secs] [Times: user=0.03 sys=0.00, real=0.01 secs] 
Heap after GC invocations=350 (full 7):
 par new generation   total 109248K, used 21824K [0x00000007a0000000, 0x00000007a8000000, 0x00000007a8000000)
  eden space 87424K,   0% used [0x00000007a0000000, 0x00000007a0000000, 0x00000007a5560000)
  from space 21824K, 100% used [0x00000007a5560000, 0x00000007a6ab0000, 0x00000007a6ab0000)
  to   space 21824K,   0% used [0x00000007a6ab0000, 0x00000007a6ab0000, 0x00000007a8000000)
 concurrent mark-sweep generation total 393216K, used 102399K [0x00000007a8000000, 0x00000007c0000000, 0x00000007c0000000)
 Metaspace       used 36040K, capacity 36608K, committed 36880K, reserved 1081344K
  class space    used 4112K, capacity 4279K, committed 4372K, reserved 1048576K
}
2016-10-23T18:05:31.565+0800: 96.569: Total time for which application threads were stopped: 0.0077746 seconds, Stopping threads took: 0.0001327 seconds
{Heap before GC invocations=350 (full 7):
 par new generation   total 109248K, used 109248K [0x00000007a0000000, 0x00000007a8000000, 0x00000007a8000000)
  eden space 87424K, 100% used [0x00000007a0000000, 0x00000007a5560000, 0x00000007a5560000)
  from space 21824K, 100% used [0x00000007a5560000, 0x00000007a6ab0000, 0x00000007a6ab0000)
  to   space 21824K,   0% used [0x00000007a6ab0000, 0x00000007a6ab0000, 0x00000007a8000000)
 concurrent mark-sweep generation total 393216K, used 102399K [0x00000007a8000000, 0x00000007c0000000, 0x00000007c0000000)
 Metaspace       used 36040K, capacity 36608K, committed 36880K, reserved 1081344K
  class space    used 4112K, capacity 4279K, committed 4372K, reserved 1048576K
2016-10-23T18:05:31.657+0800: 96.662: [GC (Allocation Failure) 2016-10-23T18:05:31.657+0800: 96.662: [ParNew
Desired survivor size 20112992 bytes, new threshold 8 (max 8)
- age   1:    6872568 bytes,    6872568 total
- age   2:    1850472 bytes,    8723040 total
- age   3:    3382448 bytes,   12105488 total
- age   4:    2098336 bytes,   14203824 total
- age   5:    1474360 bytes,   15678184 total
- age   6:    2427256 bytes,   18105440 total
- age   7:     837384 bytes,   18942824 total
- age   8:    1208560 bytes,   20151384 total
: 109248K->21824K(109248K), 0.0066637 secs] 211647K->124566K(502464K), 0.0067161 secs] [Times: user=0.03 sys=0.00, real=0.01 secs] 
Heap after GC invocations=351 (full 7):
 par new generation   total 109248K, used 21824K [0x00000007a0000000, 0x00000007a8000000, 0x00000007a8000000)
  eden space 87424K,   0% used [0x00000007a0000000, 0x00000007a0000000, 0x00000007a5560000)
  from space 21824K, 100% used [0x00000007a6ab0000, 0x00000007a8000000, 0x00000007a8000000)
  to   space 21824K,   0% used [0x00000007a5560000, 0x00000007a5560000, 0x00000007a6ab0000)
 concurrent mark-sweep generation total 393216K, used 102742K [0x00000007a8000000, 0x00000007c0000000, 0x00000007c0000000)
 Metaspace       used 36040K, capacity 36608K, committed 36880K, reserved 1081344K
  class space    used 4112K, capacity 4279K, committed 4372K, reserved 1048576K
}
2016-10-23T18:05:31.664+0800: 96.669: Total time for which application threads were stopped: 0.0069545 seconds, Stopping threads took: 0.0000797 seconds
{Heap before GC invocations=351 (full 7):
 par new generation   total 109248K, used 109248K [0x00000007a0000000, 0x00000007a8000000, 0x00000007a8000000)
  eden space 87424K, 100% used [0x00000007a0000000, 0x00000007a5560000, 0x00000007a5560000)
  from space 21824K, 100% used [0x00000007a6ab0000, 0x00000007a8000000, 0x00000007a8000000)
  to   space 21824K,   0% used [0x00000007a5560000, 0x00000007a5560000, 0x00000007a6ab0000)
 concurrent mark-sweep generation total 393216K, used 102742K [0x00000007a8000000, 0x00000007c0000000, 0x00000007c0000000)
 Metaspace       used 36041K, capacity 36608K, committed 36880K, reserved 1081344K
  class space    used 4112K, capacity 4279K, committed 4372K, reserved 1048576K
2016-10-23T18:05:31.729+0800: 96.733: [GC (Allocation Failure) 2016-10-23T18:05:31.729+0800: 96.733: [ParNew
Desired survivor size 20112992 bytes, new threshold 8 (max 8)
- age   1:    6892928 bytes,    6892928 total
- age   2:    2450544 bytes,    9343472 total
- age   3:    1666728 bytes,   11010200 total
- age   4:    3202712 bytes,   14212912 total
- age   5:    1901264 bytes,   16114176 total
- age   6:    1270408 bytes,   17384584 total
- age   7:    2227384 bytes,   19611968 total
- age   8:     823944 bytes,   20435912 total
: 109248K->21824K(109248K), 0.0098009 secs] 211990K->129301K(502464K), 0.0098806 secs] [Times: user=0.03 sys=0.00, real=0.01 secs] 
Heap after GC invocations=352 (full 7):
 par new generation   total 109248K, used 21824K [0x00000007a0000000, 0x00000007a8000000, 0x00000007a8000000)
  eden space 87424K,   0% used [0x00000007a0000000, 0x00000007a0000000, 0x00000007a5560000)
  from space 21824K, 100% used [0x00000007a5560000, 0x00000007a6ab0000, 0x00000007a6ab0000)
  to   space 21824K,   0% used [0x00000007a6ab0000, 0x00000007a6ab0000, 0x00000007a8000000)
 concurrent mark-sweep generation total 393216K, used 107477K [0x00000007a8000000, 0x00000007c0000000, 0x00000007c0000000)
 Metaspace       used 36041K, capacity 36608K, committed 36880K, reserved 1081344K
  class space    used 4112K, capacity 4279K, committed 4372K, reserved 1048576K
}
2016-10-23T18:05:31.739+0800: 96.743: Total time for which application threads were stopped: 0.0101706 seconds, Stopping threads took: 0.0001108 seconds
{Heap before GC invocations=352 (full 7):
 par new generation   total 109248K, used 109248K [0x00000007a0000000, 0x00000007a8000000, 0x00000007a8000000)
  eden space 87424K, 100% used [0x00000007a0000000, 0x00000007a5560000, 0x00000007a5560000)
  from space 21824K, 100% used [0x00000007a5560000, 0x00000007a6ab0000, 0x00000007a6ab0000)
  to   space 21824K,   0% used [0x00000007a6ab0000, 0x00000007a6ab0000, 0x00000007a8000000)
 concurrent mark-sweep generation total 393216K, used 107477K [0x00000007a8000000, 0x00000007c0000000, 0x00000007c0000000)
 Metaspace       used 36041K, capacity 36608K, committed 36880K, reserved 1081344K
  class space    used 4112K, capacity 4279K, committed 4372K, reserved 1048576K
2016-10-23T18:05:31.832+0800: 96.837: [GC (Allocation Failure) 2016-10-23T18:05:31.832+0800: 96.837: [ParNew
Desired survivor size 20112992 bytes, new threshold 8 (max 8)
- age   1:    1493632 bytes,    1493632 total
- age   2:    6342896 bytes,    7836528 total
- age   3:    1696192 bytes,    9532720 total
- age   4:    1119368 bytes,   10652088 total
- age   5:    2467808 bytes,   13119896 total
- age   6:    1697704 bytes,   14817600 total
- age   7:    1162080 bytes,   15979680 total
- age   8:    1949616 bytes,   17929296 total
: 109248K->21824K(109248K), 0.0063969 secs] 216725K->132968K(502464K), 0.0064594 secs] [Times: user=0.02 sys=0.00, real=0.00 secs] 
Heap after GC invocations=353 (full 7):
 par new generation   total 109248K, used 21824K [0x00000007a0000000, 0x00000007a8000000, 0x00000007a8000000)
  eden space 87424K,   0% used [0x00000007a0000000, 0x00000007a0000000, 0x00000007a5560000)
  from space 21824K, 100% used [0x00000007a6ab0000, 0x00000007a8000000, 0x00000007a8000000)
  to   space 21824K,   0% used [0x00000007a5560000, 0x00000007a5560000, 0x00000007a6ab0000)
 concurrent mark-sweep generation total 393216K, used 111144K [0x00000007a8000000, 0x00000007c0000000, 0x00000007c0000000)
 Metaspace       used 36041K, capacity 36608K, committed 36880K, reserved 1081344K
  class space    used 4112K, capacity 4279K, committed 4372K, reserved 1048576K
}
2016-10-23T18:05:31.839+0800: 96.843: Total time for which application threads were stopped: 0.0067001 seconds, Stopping threads took: 0.0000954 seconds
{Heap before GC invocations=353 (full 7):
 par new generation   total 109248K, used 109248K [0x00000007a0000000, 0x00000007a8000000, 0x00000007a8000000)
  eden space 87424K, 100% used [0x00000007a0000000, 0x00000007a5560000, 0x00000007a5560000)
  from space 21824K, 100% used [0x00000007a6ab0000, 0x00000007a8000000, 0x00000007a8000000)
  to   space 21824K,   0% used [0x00000007a5560000, 0x00000007a5560000, 0x00000007a6ab0000)
 concurrent mark-sweep generation total 393216K, used 111144K [0x00000007a8000000, 0x00000007c0000000, 0x00000007c0000000)
 Metaspace       used 36041K, capacity 36608K, committed 36880K, reserved 1081344K
  class space    used 4112K, capacity 4279K, committed 4372K, reserved 1048576K
2016-10-23T18:05:31.878+0800: 96.882: [GC (Allocation Failure) 2016-10-23T18:05:31.878+0800: 96.883: [ParNew
Desired survivor size 20112992 bytes, new threshold 8 (max 8)
- age   1:    1048424 bytes,    1048424 total
- age   2:     994256 bytes,    2042680 total
- age   3:    6316744 bytes,    8359424 total
- age   4:    1663512 bytes,   10022936 total
- age   5:    1103872 bytes,   11126808 total
- age   6:    2442736 bytes,   13569544 total
- age   7:    1676088 bytes,   15245632 total
- age   8:    1138880 bytes,   16384512 total
: 109248K->21824K(109248K), 0.0062753 secs] 220392K->135028K(502464K), 0.0063240 secs] [Times: user=0.02 sys=0.01, real=0.01 secs] 
Heap after GC invocations=354 (full 7):
 par new generation   total 109248K, used 21824K [0x00000007a0000000, 0x00000007a8000000, 0x00000007a8000000)
  eden space 87424K,   0% used [0x00000007a0000000, 0x00000007a0000000, 0x00000007a5560000)
  from space 21824K, 100% used [0x00000007a5560000, 0x00000007a6ab0000, 0x00000007a6ab0000)
  to   space 21824K,   0% used [0x00000007a6ab0000, 0x00000007a6ab0000, 0x00000007a8000000)
 concurrent mark-sweep generation total 393216K, used 113204K [0x00000007a8000000, 0x00000007c0000000, 0x00000007c0000000)
 Metaspace       used 36041K, capacity 36608K, committed 36880K, reserved 1081344K
  class space    used 4112K, capacity 4279K, committed 4372K, reserved 1048576K
}
2016-10-23T18:05:31.885+0800: 96.889: Total time for which application threads were stopped: 0.0065562 seconds, Stopping threads took: 0.0000884 seconds
{Heap before GC invocations=354 (full 7):
 par new generation   total 109248K, used 109248K [0x00000007a0000000, 0x00000007a8000000, 0x00000007a8000000)
  eden space 87424K, 100% used [0x00000007a0000000, 0x00000007a5560000, 0x00000007a5560000)
  from space 21824K, 100% used [0x00000007a5560000, 0x00000007a6ab0000, 0x00000007a6ab0000)
  to   space 21824K,   0% used [0x00000007a6ab0000, 0x00000007a6ab0000, 0x00000007a8000000)
 concurrent mark-sweep generation total 393216K, used 113204K [0x00000007a8000000, 0x00000007c0000000, 0x00000007c0000000)
 Metaspace       used 36041K, capacity 36608K, committed 36880K, reserved 1081344K
  class space    used 4112K, capacity 4279K, committed 4372K, reserved 1048576K
2016-10-23T18:05:31.930+0800: 96.934: [GC (Allocation Failure) 2016-10-23T18:05:31.930+0800: 96.934: [ParNew
Desired survivor size 20112992 bytes, new threshold 8 (max 8)
- age   1:    1786280 bytes,    1786280 total
- age   2:     511352 bytes,    2297632 total
- age   3:     802336 bytes,    3099968 total
- age   4:    6265048 bytes,    9365016 total
- age   5:    1593656 bytes,   10958672 total
- age   6:    1043144 bytes,   12001816 total
- age   7:    2353072 bytes,   14354888 total
- age   8:    1597288 bytes,   15952176 total
: 109248K->20982K(109248K), 0.0059101 secs] 222452K->135224K(502464K), 0.0059647 secs] [Times: user=0.02 sys=0.00, real=0.00 secs] 
Heap after GC invocations=355 (full 7):
 par new generation   total 109248K, used 20982K [0x00000007a0000000, 0x00000007a8000000, 0x00000007a8000000)
  eden space 87424K,   0% used [0x00000007a0000000, 0x00000007a0000000, 0x00000007a5560000)
  from space 21824K,  96% used [0x00000007a6ab0000, 0x00000007a7f2dbc0, 0x00000007a8000000)
  to   space 21824K,   0% used [0x00000007a5560000, 0x00000007a5560000, 0x00000007a6ab0000)
 concurrent mark-sweep generation total 393216K, used 114241K [0x00000007a8000000, 0x00000007c0000000, 0x00000007c0000000)
 Metaspace       used 36041K, capacity 36608K, committed 36880K, reserved 1081344K
  class space    used 4112K, capacity 4279K, committed 4372K, reserved 1048576K
}
2016-10-23T18:05:31.936+0800: 96.940: Total time for which application threads were stopped: 0.0061610 seconds, Stopping threads took: 0.0000553 seconds
{Heap before GC invocations=355 (full 7):
 par new generation   total 109248K, used 108406K [0x00000007a0000000, 0x00000007a8000000, 0x00000007a8000000)
  eden space 87424K, 100% used [0x00000007a0000000, 0x00000007a5560000, 0x00000007a5560000)
  from space 21824K,  96% used [0x00000007a6ab0000, 0x00000007a7f2dbc0, 0x00000007a8000000)
  to   space 21824K,   0% used [0x00000007a5560000, 0x00000007a5560000, 0x00000007a6ab0000)
 concurrent mark-sweep generation total 393216K, used 114241K [0x00000007a8000000, 0x00000007c0000000, 0x00000007c0000000)
 Metaspace       used 36041K, capacity 36608K, committed 36880K, reserved 1081344K
  class space    used 4112K, capacity 4279K, committed 4372K, reserved 1048576K
2016-10-23T18:05:32.020+0800: 97.025: [GC (Allocation Failure) 2016-10-23T18:05:32.020+0800: 97.025: [ParNew
Desired survivor size 20112992 bytes, new threshold 8 (max 8)
- age   1:    4248808 bytes,    4248808 total
- age   2:     826664 bytes,    5075472 total
- age   3:     344552 bytes,    5420024 total
- age   4:     673728 bytes,    6093752 total
- age   5:    6276440 bytes,   12370192 total
- age   6:    1584776 bytes,   13954968 total
- age   7:    1034160 bytes,   14989128 total
- age   8:    2353072 bytes,   17342200 total
: 108406K->21161K(109248K), 0.0058515 secs] 222648K->136964K(502464K), 0.0059103 secs] [Times: user=0.02 sys=0.01, real=0.00 secs] 
Heap after GC invocations=356 (full 7):
 par new generation   total 109248K, used 21161K [0x00000007a0000000, 0x00000007a8000000, 0x00000007a8000000)
  eden space 87424K,   0% used [0x00000007a0000000, 0x00000007a0000000, 0x00000007a5560000)
  from space 21824K,  96% used [0x00000007a5560000, 0x00000007a6a0a730, 0x00000007a6ab0000)
  to   space 21824K,   0% used [0x00000007a6ab0000, 0x00000007a6ab0000, 0x00000007a8000000)
 concurrent mark-sweep generation total 393216K, used 115802K [0x00000007a8000000, 0x00000007c0000000, 0x00000007c0000000)
 Metaspace       used 36041K, capacity 36608K, committed 36880K, reserved 1081344K
  class space    used 4112K, capacity 4279K, committed 4372K, reserved 1048576K
}
2016-10-23T18:05:32.026+0800: 97.031: Total time for which application threads were stopped: 0.0061448 seconds, Stopping threads took: 0.0000712 seconds
{Heap before GC invocations=356 (full 7):
 par new generation   total 109248K, used 108585K [0x00000007a0000000, 0x00000007a8000000, 0x00000007a8000000)
  eden space 87424K, 100% used [0x00000007a0000000, 0x00000007a5560000, 0x00000007a5560000)
  from space 21824K,  96% used [0x00000007a5560000, 0x00000007a6a0a730, 0x00000007a6ab0000)
  to   space 21824K,   0% used [0x00000007a6ab0000, 0x00000007a6ab0000, 0x00000007a8000000)
 concurrent mark-sweep generation total 393216K, used 115802K [0x00000007a8000000, 0x00000007c0000000, 0x00000007c0000000)
 Metaspace       used 36041K, capacity 36608K, committed 36880K, reserved 1081344K
  class space    used 4112K, capacity 4279K, committed 4372K, reserved 1048576K
2016-10-23T18:05:32.109+0800: 97.114: [GC (Allocation Failure) 2016-10-23T18:05:32.109+0800: 97.114: [ParNew
Desired survivor size 20112992 bytes, new threshold 8 (max 8)
- age   1:    4056088 bytes,    4056088 total
- age   2:    2689552 bytes,    6745640 total
- age   3:     822240 bytes,    7567880 total
- age   4:     344552 bytes,    7912432 total
- age   5:     665232 bytes,    8577664 total
- age   6:    6295832 bytes,   14873496 total
- age   7:    1584776 bytes,   16458272 total
- age   8:    1033800 bytes,   17492072 total
: 108585K->18511K(109248K), 0.0064567 secs] 224388K->136615K(502464K), 0.0065240 secs] [Times: user=0.02 sys=0.00, real=0.01 secs] 
Heap after GC invocations=357 (full 7):
 par new generation   total 109248K, used 18511K [0x00000007a0000000, 0x00000007a8000000, 0x00000007a8000000)
  eden space 87424K,   0% used [0x00000007a0000000, 0x00000007a0000000, 0x00000007a5560000)
  from space 21824K,  84% used [0x00000007a6ab0000, 0x00000007a7cc3cb0, 0x00000007a8000000)
  to   space 21824K,   0% used [0x00000007a5560000, 0x00000007a5560000, 0x00000007a6ab0000)
 concurrent mark-sweep generation total 393216K, used 118104K [0x00000007a8000000, 0x00000007c0000000, 0x00000007c0000000)
 Metaspace       used 36041K, capacity 36608K, committed 36880K, reserved 1081344K
  class space    used 4112K, capacity 4279K, committed 4372K, reserved 1048576K
}
2016-10-23T18:05:32.116+0800: 97.120: Total time for which application threads were stopped: 0.0067527 seconds, Stopping threads took: 0.0000661 seconds
{Heap before GC invocations=357 (full 7):
 par new generation   total 109248K, used 105935K [0x00000007a0000000, 0x00000007a8000000, 0x00000007a8000000)
  eden space 87424K, 100% used [0x00000007a0000000, 0x00000007a5560000, 0x00000007a5560000)
  from space 21824K,  84% used [0x00000007a6ab0000, 0x00000007a7cc3cb0, 0x00000007a8000000)
  to   space 21824K,   0% used [0x00000007a5560000, 0x00000007a5560000, 0x00000007a6ab0000)
 concurrent mark-sweep generation total 393216K, used 118104K [0x00000007a8000000, 0x00000007c0000000, 0x00000007c0000000)
 Metaspace       used 36041K, capacity 36608K, committed 36880K, reserved 1081344K
  class space    used 4112K, capacity 4279K, committed 4372K, reserved 1048576K
2016-10-23T18:05:32.203+0800: 97.207: [GC (Allocation Failure) 2016-10-23T18:05:32.203+0800: 97.207: [ParNew
Desired survivor size 20112992 bytes, new threshold 8 (max 8)
- age   1:    5691064 bytes,    5691064 total
- age   2:    2059512 bytes,    7750576 total
- age   3:    2202024 bytes,    9952600 total
- age   4:     789488 bytes,   10742088 total
- age   5:     328520 bytes,   11070608 total
- age   6:     661120 bytes,   11731728 total
- age   7:    6263896 bytes,   17995624 total
- age   8:    1585072 bytes,   19580696 total
: 105935K->21824K(109248K), 0.0065619 secs] 224039K->140941K(502464K), 0.0066438 secs] [Times: user=0.03 sys=0.00, real=0.01 secs] 
Heap after GC invocations=358 (full 7):
 par new generation   total 109248K, used 21824K [0x00000007a0000000, 0x00000007a8000000, 0x00000007a8000000)
  eden space 87424K,   0% used [0x00000007a0000000, 0x00000007a0000000, 0x00000007a5560000)
  from space 21824K, 100% used [0x00000007a5560000, 0x00000007a6ab0000, 0x00000007a6ab0000)
  to   space 21824K,   0% used [0x00000007a6ab0000, 0x00000007a6ab0000, 0x00000007a8000000)
 concurrent mark-sweep generation total 393216K, used 119117K [0x00000007a8000000, 0x00000007c0000000, 0x00000007c0000000)
 Metaspace       used 36041K, capacity 36608K, committed 36880K, reserved 1081344K
  class space    used 4112K, capacity 4279K, committed 4372K, reserved 1048576K
}
2016-10-23T18:05:32.210+0800: 97.214: Total time for which application threads were stopped: 0.0069296 seconds, Stopping threads took: 0.0001071 seconds
{Heap before GC invocations=358 (full 7):
 par new generation   total 109248K, used 109248K [0x00000007a0000000, 0x00000007a8000000, 0x00000007a8000000)
  eden space 87424K, 100% used [0x00000007a0000000, 0x00000007a5560000, 0x00000007a5560000)
  from space 21824K, 100% used [0x00000007a5560000, 0x00000007a6ab0000, 0x00000007a6ab0000)
  to   space 21824K,   0% used [0x00000007a6ab0000, 0x00000007a6ab0000, 0x00000007a8000000)
 concurrent mark-sweep generation total 393216K, used 119117K [0x00000007a8000000, 0x00000007c0000000, 0x00000007c0000000)
 Metaspace       used 36041K, capacity 36608K, committed 36880K, reserved 1081344K
  class space    used 4112K, capacity 4279K, committed 4372K, reserved 1048576K
2016-10-23T18:05:32.298+0800: 97.302: [GC (Allocation Failure) 2016-10-23T18:05:32.298+0800: 97.302: [ParNew
Desired survivor size 20112992 bytes, new threshold 8 (max 8)
- age   1:    5474896 bytes,    5474896 total
- age   2:    3002152 bytes,    8477048 total
- age   3:    1709840 bytes,   10186888 total
- age   4:    1905576 bytes,   12092464 total
- age   5:     740000 bytes,   12832464 total
- age   6:     298472 bytes,   13130936 total
- age   7:     592192 bytes,   13723128 total
- age   8:    6127744 bytes,   19850872 total
: 109248K->21824K(109248K), 0.0073632 secs] 228365K->143603K(502464K), 0.0074468 secs] [Times: user=0.03 sys=0.01, real=0.01 secs] 
Heap after GC invocations=359 (full 7):
 par new generation   total 109248K, used 21824K [0x00000007a0000000, 0x00000007a8000000, 0x00000007a8000000)
  eden space 87424K,   0% used [0x00000007a0000000, 0x00000007a0000000, 0x00000007a5560000)
  from space 21824K, 100% used [0x00000007a6ab0000, 0x00000007a8000000, 0x00000007a8000000)
  to   space 21824K,   0% used [0x00000007a5560000, 0x00000007a5560000, 0x00000007a6ab0000)
 concurrent mark-sweep generation total 393216K, used 121779K [0x00000007a8000000, 0x00000007c0000000, 0x00000007c0000000)
 Metaspace       used 36041K, capacity 36608K, committed 36880K, reserved 1081344K
  class space    used 4112K, capacity 4279K, committed 4372K, reserved 1048576K
}
2016-10-23T18:05:32.305+0800: 97.309: Total time for which application threads were stopped: 0.0077146 seconds, Stopping threads took: 0.0000984 seconds
{Heap before GC invocations=359 (full 7):
 par new generation   total 109248K, used 109248K [0x00000007a0000000, 0x00000007a8000000, 0x00000007a8000000)
  eden space 87424K, 100% used [0x00000007a0000000, 0x00000007a5560000, 0x00000007a5560000)
  from space 21824K, 100% used [0x00000007a6ab0000, 0x00000007a8000000, 0x00000007a8000000)
  to   space 21824K,   0% used [0x00000007a5560000, 0x00000007a5560000, 0x00000007a6ab0000)
 concurrent mark-sweep generation total 393216K, used 121779K [0x00000007a8000000, 0x00000007c0000000, 0x00000007c0000000)
 Metaspace       used 36041K, capacity 36608K, committed 36880K, reserved 1081344K
  class space    used 4112K, capacity 4279K, committed 4372K, reserved 1048576K
2016-10-23T18:05:32.395+0800: 97.400: [GC (Allocation Failure) 2016-10-23T18:05:32.395+0800: 97.400: [ParNew
Desired survivor size 20112992 bytes, new threshold 8 (max 8)
- age   1:    5346480 bytes,    5346480 total
- age   2:    2496632 bytes,    7843112 total
- age   3:    2699424 bytes,   10542536 total
- age   4:    1629576 bytes,   12172112 total
- age   5:    1877952 bytes,   14050064 total
- age   6:     675568 bytes,   14725632 total
- age   7:     296408 bytes,   15022040 total
- age   8:     588664 bytes,   15610704 total
: 109248K->21824K(109248K), 0.0074928 secs] 231027K->150531K(502464K), 0.0075498 secs] [Times: user=0.02 sys=0.00, real=0.01 secs] 
Heap after GC invocations=360 (full 7):
 par new generation   total 109248K, used 21824K [0x00000007a0000000, 0x00000007a8000000, 0x00000007a8000000)
  eden space 87424K,   0% used [0x00000007a0000000, 0x00000007a0000000, 0x00000007a5560000)
  from space 21824K, 100% used [0x00000007a5560000, 0x00000007a6ab0000, 0x00000007a6ab0000)
  to   space 21824K,   0% used [0x00000007a6ab0000, 0x00000007a6ab0000, 0x00000007a8000000)
 concurrent mark-sweep generation total 393216K, used 128707K [0x00000007a8000000, 0x00000007c0000000, 0x00000007c0000000)
 Metaspace       used 36041K, capacity 36608K, committed 36880K, reserved 1081344K
  class space    used 4112K, capacity 4279K, committed 4372K, reserved 1048576K
}
2016-10-23T18:05:32.403+0800: 97.407: Total time for which application threads were stopped: 0.0077996 seconds, Stopping threads took: 0.0000848 seconds
{Heap before GC invocations=360 (full 7):
 par new generation   total 109248K, used 109248K [0x00000007a0000000, 0x00000007a8000000, 0x00000007a8000000)
  eden space 87424K, 100% used [0x00000007a0000000, 0x00000007a5560000, 0x00000007a5560000)
  from space 21824K, 100% used [0x00000007a5560000, 0x00000007a6ab0000, 0x00000007a6ab0000)
  to   space 21824K,   0% used [0x00000007a6ab0000, 0x00000007a6ab0000, 0x00000007a8000000)
 concurrent mark-sweep generation total 393216K, used 128707K [0x00000007a8000000, 0x00000007c0000000, 0x00000007c0000000)
 Metaspace       used 36041K, capacity 36608K, committed 36880K, reserved 1081344K
  class space    used 4112K, capacity 4279K, committed 4372K, reserved 1048576K
2016-10-23T18:05:32.489+0800: 97.493: [GC (Allocation Failure) 2016-10-23T18:05:32.489+0800: 97.493: [ParNew
Desired survivor size 20112992 bytes, new threshold 8 (max 8)
- age   1:    6732288 bytes,    6732288 total
- age   2:    2409152 bytes,    9141440 total
- age   3:    2402496 bytes,   11543936 total
- age   4:    2418208 bytes,   13962144 total
- age   5:    1596648 bytes,   15558792 total
- age   6:    1869608 bytes,   17428400 total
- age   7:     675520 bytes,   18103920 total
- age   8:     296360 bytes,   18400280 total
: 109248K->20954K(109248K), 0.0063066 secs] 237955K->150241K(502464K), 0.0063789 secs] [Times: user=0.03 sys=0.00, real=0.01 secs] 
Heap after GC invocations=361 (full 7):
 par new generation   total 109248K, used 20954K [0x00000007a0000000, 0x00000007a8000000, 0x00000007a8000000)
  eden space 87424K,   0% used [0x00000007a0000000, 0x00000007a0000000, 0x00000007a5560000)
  from space 21824K,  96% used [0x00000007a6ab0000, 0x00000007a7f26880, 0x00000007a8000000)
  to   space 21824K,   0% used [0x00000007a5560000, 0x00000007a5560000, 0x00000007a6ab0000)
 concurrent mark-sweep generation total 393216K, used 129287K [0x00000007a8000000, 0x00000007c0000000, 0x00000007c0000000)
 Metaspace       used 36041K, capacity 36608K, committed 36880K, reserved 1081344K
  class space    used 4112K, capacity 4279K, committed 4372K, reserved 1048576K
}
2016-10-23T18:05:32.495+0800: 97.500: Total time for which application threads were stopped: 0.0066444 seconds, Stopping threads took: 0.0001037 seconds
{Heap before GC invocations=361 (full 7):
 par new generation   total 109248K, used 108378K [0x00000007a0000000, 0x00000007a8000000, 0x00000007a8000000)
  eden space 87424K, 100% used [0x00000007a0000000, 0x00000007a5560000, 0x00000007a5560000)
  from space 21824K,  96% used [0x00000007a6ab0000, 0x00000007a7f26880, 0x00000007a8000000)
  to   space 21824K,   0% used [0x00000007a5560000, 0x00000007a5560000, 0x00000007a6ab0000)
 concurrent mark-sweep generation total 393216K, used 129287K [0x00000007a8000000, 0x00000007c0000000, 0x00000007c0000000)
 Metaspace       used 36041K, capacity 36608K, committed 36880K, reserved 1081344K
  class space    used 4112K, capacity 4279K, committed 4372K, reserved 1048576K
2016-10-23T18:05:32.567+0800: 97.572: [GC (Allocation Failure) 2016-10-23T18:05:32.567+0800: 97.572: [ParNew
Desired survivor size 20112992 bytes, new threshold 8 (max 8)
- age   1:    3615672 bytes,    3615672 total
- age   2:    3227136 bytes,    6842808 total
- age   3:    2287432 bytes,    9130240 total
- age   4:    2271248 bytes,   11401488 total
- age   5:    2358088 bytes,   13759576 total
- age   6:    1550944 bytes,   15310520 total
- age   7:    1768416 bytes,   17078936 total
- age   8:     654656 bytes,   17733592 total
: 108378K->21824K(109248K), 0.0062826 secs] 237665K->153762K(502464K), 0.0063503 secs] [Times: user=0.02 sys=0.01, real=0.01 secs] 
Heap after GC invocations=362 (full 7):
 par new generation   total 109248K, used 21824K [0x00000007a0000000, 0x00000007a8000000, 0x00000007a8000000)
  eden space 87424K,   0% used [0x00000007a0000000, 0x00000007a0000000, 0x00000007a5560000)
  from space 21824K, 100% used [0x00000007a5560000, 0x00000007a6ab0000, 0x00000007a6ab0000)
  to   space 21824K,   0% used [0x00000007a6ab0000, 0x00000007a6ab0000, 0x00000007a8000000)
 concurrent mark-sweep generation total 393216K, used 131938K [0x00000007a8000000, 0x00000007c0000000, 0x00000007c0000000)
 Metaspace       used 36041K, capacity 36608K, committed 36880K, reserved 1081344K
  class space    used 4112K, capacity 4279K, committed 4372K, reserved 1048576K
}
2016-10-23T18:05:32.574+0800: 97.578: Total time for which application threads were stopped: 0.0066042 seconds, Stopping threads took: 0.0000801 seconds
{Heap before GC invocations=362 (full 7):
 par new generation   total 109248K, used 109248K [0x00000007a0000000, 0x00000007a8000000, 0x00000007a8000000)
  eden space 87424K, 100% used [0x00000007a0000000, 0x00000007a5560000, 0x00000007a5560000)
  from space 21824K, 100% used [0x00000007a5560000, 0x00000007a6ab0000, 0x00000007a6ab0000)
  to   space 21824K,   0% used [0x00000007a6ab0000, 0x00000007a6ab0000, 0x00000007a8000000)
 concurrent mark-sweep generation total 393216K, used 131938K [0x00000007a8000000, 0x00000007c0000000, 0x00000007c0000000)
 Metaspace       used 36042K, capacity 36608K, committed 36880K, reserved 1081344K
  class space    used 4112K, capacity 4279K, committed 4372K, reserved 1048576K
2016-10-23T18:05:32.658+0800: 97.662: [GC (Allocation Failure) 2016-10-23T18:05:32.658+0800: 97.662: [ParNew
Desired survivor size 20112992 bytes, new threshold 8 (max 8)
- age   1:    5589136 bytes,    5589136 total
- age   2:    1513096 bytes,    7102232 total
- age   3:    1866168 bytes,    8968400 total
- age   4:    2085848 bytes,   11054248 total
- age   5:    1934496 bytes,   12988744 total
- age   6:    1685808 bytes,   14674552 total
- age   7:    1472496 bytes,   16147048 total
- age   8:    1696368 bytes,   17843416 total
: 109248K->21824K(109248K), 0.0071843 secs] 241186K->158599K(502464K), 0.0072649 secs] [Times: user=0.02 sys=0.00, real=0.01 secs] 
Heap after GC invocations=363 (full 7):
 par new generation   total 109248K, used 21824K [0x00000007a0000000, 0x00000007a8000000, 0x00000007a8000000)
  eden space 87424K,   0% used [0x00000007a0000000, 0x00000007a0000000, 0x00000007a5560000)
  from space 21824K, 100% used [0x00000007a6ab0000, 0x00000007a8000000, 0x00000007a8000000)
  to   space 21824K,   0% used [0x00000007a5560000, 0x00000007a5560000, 0x00000007a6ab0000)
 concurrent mark-sweep generation total 393216K, used 136775K [0x00000007a8000000, 0x00000007c0000000, 0x00000007c0000000)
 Metaspace       used 36042K, capacity 36608K, committed 36880K, reserved 1081344K
  class space    used 4112K, capacity 4279K, committed 4372K, reserved 1048576K
}
2016-10-23T18:05:32.665+0800: 97.670: Total time for which application threads were stopped: 0.0075563 seconds, Stopping threads took: 0.0000826 seconds
{Heap before GC invocations=363 (full 7):
 par new generation   total 109248K, used 109248K [0x00000007a0000000, 0x00000007a8000000, 0x00000007a8000000)
  eden space 87424K, 100% used [0x00000007a0000000, 0x00000007a5560000, 0x00000007a5560000)
  from space 21824K, 100% used [0x00000007a6ab0000, 0x00000007a8000000, 0x00000007a8000000)
  to   space 21824K,   0% used [0x00000007a5560000, 0x00000007a5560000, 0x00000007a6ab0000)
 concurrent mark-sweep generation total 393216K, used 136775K [0x00000007a8000000, 0x00000007c0000000, 0x00000007c0000000)
 Metaspace       used 36042K, capacity 36608K, committed 36880K, reserved 1081344K
  class space    used 4112K, capacity 4279K, committed 4372K, reserved 1048576K
2016-10-23T18:05:32.722+0800: 97.726: [GC (Allocation Failure) 2016-10-23T18:05:32.722+0800: 97.726: [ParNew
Desired survivor size 20112992 bytes, new threshold 8 (max 8)
- age   1:    2762184 bytes,    2762184 total
- age   2:    3765600 bytes,    6527784 total
- age   3:    1061096 bytes,    7588880 total
- age   4:    1712096 bytes,    9300976 total
- age   5:    1599624 bytes,   10900600 total
- age   6:    1421848 bytes,   12322448 total
- age   7:    1073376 bytes,   13395824 total
- age   8:     991616 bytes,   14387440 total
: 109248K->21824K(109248K), 0.0080871 secs] 246023K->163867K(502464K), 0.0081578 secs] [Times: user=0.03 sys=0.00, real=0.01 secs] 
Heap after GC invocations=364 (full 7):
 par new generation   total 109248K, used 21824K [0x00000007a0000000, 0x00000007a8000000, 0x00000007a8000000)
  eden space 87424K,   0% used [0x00000007a0000000, 0x00000007a0000000, 0x00000007a5560000)
  from space 21824K, 100% used [0x00000007a5560000, 0x00000007a6ab0000, 0x00000007a6ab0000)
  to   space 21824K,   0% used [0x00000007a6ab0000, 0x00000007a6ab0000, 0x00000007a8000000)
 concurrent mark-sweep generation total 393216K, used 142043K [0x00000007a8000000, 0x00000007c0000000, 0x00000007c0000000)
 Metaspace       used 36042K, capacity 36608K, committed 36880K, reserved 1081344K
  class space    used 4112K, capacity 4279K, committed 4372K, reserved 1048576K
}
2016-10-23T18:05:32.730+0800: 97.734: Total time for which application threads were stopped: 0.0084416 seconds, Stopping threads took: 0.0000860 seconds
{Heap before GC invocations=364 (full 7):
 par new generation   total 109248K, used 109248K [0x00000007a0000000, 0x00000007a8000000, 0x00000007a8000000)
  eden space 87424K, 100% used [0x00000007a0000000, 0x00000007a5560000, 0x00000007a5560000)
  from space 21824K, 100% used [0x00000007a5560000, 0x00000007a6ab0000, 0x00000007a6ab0000)
  to   space 21824K,   0% used [0x00000007a6ab0000, 0x00000007a6ab0000, 0x00000007a8000000)
 concurrent mark-sweep generation total 393216K, used 142043K [0x00000007a8000000, 0x00000007c0000000, 0x00000007c0000000)
 Metaspace       used 36042K, capacity 36608K, committed 36880K, reserved 1081344K
  class space    used 4112K, capacity 4279K, committed 4372K, reserved 1048576K
2016-10-23T18:05:32.834+0800: 97.839: [GC (Allocation Failure) 2016-10-23T18:05:32.834+0800: 97.839: [ParNew
Desired survivor size 20112992 bytes, new threshold 8 (max 8)
- age   1:    3673536 bytes,    3673536 total
- age   2:    2670120 bytes,    6343656 total
- age   3:    3675736 bytes,   10019392 total
- age   4:    1027928 bytes,   11047320 total
- age   5:    1672144 bytes,   12719464 total
- age   6:    1555160 bytes,   14274624 total
- age   7:    1382016 bytes,   15656640 total
- age   8:    1033328 bytes,   16689968 total
: 109248K->21824K(109248K), 0.0064796 secs] 251291K->164819K(502464K), 0.0065460 secs] [Times: user=0.02 sys=0.00, real=0.01 secs] 
Heap after GC invocations=365 (full 7):
 par new generation   total 109248K, used 21824K [0x00000007a0000000, 0x00000007a8000000, 0x00000007a8000000)
  eden space 87424K,   0% used [0x00000007a0000000, 0x00000007a0000000, 0x00000007a5560000)
  from space 21824K, 100% used [0x00000007a6ab0000, 0x00000007a8000000, 0x00000007a8000000)
  to   space 21824K,   0% used [0x00000007a5560000, 0x00000007a5560000, 0x00000007a6ab0000)
 concurrent mark-sweep generation total 393216K, used 142995K [0x00000007a8000000, 0x00000007c0000000, 0x00000007c0000000)
 Metaspace       used 36042K, capacity 36608K, committed 36880K, reserved 1081344K
  class space    used 4112K, capacity 4279K, committed 4372K, reserved 1048576K
}
2016-10-23T18:05:32.841+0800: 97.845: Total time for which application threads were stopped: 0.0068208 seconds, Stopping threads took: 0.0001075 seconds
{Heap before GC invocations=365 (full 7):
 par new generation   total 109248K, used 109248K [0x00000007a0000000, 0x00000007a8000000, 0x00000007a8000000)
  eden space 87424K, 100% used [0x00000007a0000000, 0x00000007a5560000, 0x00000007a5560000)
  from space 21824K, 100% used [0x00000007a6ab0000, 0x00000007a8000000, 0x00000007a8000000)
  to   space 21824K,   0% used [0x00000007a5560000, 0x00000007a5560000, 0x00000007a6ab0000)
 concurrent mark-sweep generation total 393216K, used 142995K [0x00000007a8000000, 0x00000007c0000000, 0x00000007c0000000)
 Metaspace       used 36042K, capacity 36608K, committed 36880K, reserved 1081344K
  class space    used 4112K, capacity 4279K, committed 4372K, reserved 1048576K
2016-10-23T18:05:32.880+0800: 97.884: [GC (Allocation Failure) 2016-10-23T18:05:32.880+0800: 97.884: [ParNew
Desired survivor size 20112992 bytes, new threshold 8 (max 8)
- age   1:    1132376 bytes,    1132376 total
- age   2:    3217856 bytes,    4350232 total
- age   3:    2670120 bytes,    7020352 total
- age   4:    3675712 bytes,   10696064 total
- age   5:    1027928 bytes,   11723992 total
- age   6:    1672144 bytes,   13396136 total
- age   7:    1555136 bytes,   14951272 total
- age   8:    1381992 bytes,   16333264 total
: 109248K->21631K(109248K), 0.0053659 secs] 252243K->165657K(502464K), 0.0054092 secs] [Times: user=0.02 sys=0.00, real=0.00 secs] 
Heap after GC invocations=366 (full 7):
 par new generation   total 109248K, used 21631K [0x00000007a0000000, 0x00000007a8000000, 0x00000007a8000000)
  eden space 87424K,   0% used [0x00000007a0000000, 0x00000007a0000000, 0x00000007a5560000)
  from space 21824K,  99% used [0x00000007a5560000, 0x00000007a6a7fda8, 0x00000007a6ab0000)
  to   space 21824K,   0% used [0x00000007a6ab0000, 0x00000007a6ab0000, 0x00000007a8000000)
 concurrent mark-sweep generation total 393216K, used 144025K [0x00000007a8000000, 0x00000007c0000000, 0x00000007c0000000)
 Metaspace       used 36042K, capacity 36608K, committed 36880K, reserved 1081344K
  class space    used 4112K, capacity 4279K, committed 4372K, reserved 1048576K
}
2016-10-23T18:05:32.885+0800: 97.890: Total time for which application threads were stopped: 0.0056869 seconds, Stopping threads took: 0.0000938 seconds
{Heap before GC invocations=366 (full 7):
 par new generation   total 109248K, used 109055K [0x00000007a0000000, 0x00000007a8000000, 0x00000007a8000000)
  eden space 87424K, 100% used [0x00000007a0000000, 0x00000007a5560000, 0x00000007a5560000)
  from space 21824K,  99% used [0x00000007a5560000, 0x00000007a6a7fda8, 0x00000007a6ab0000)
  to   space 21824K,   0% used [0x00000007a6ab0000, 0x00000007a6ab0000, 0x00000007a8000000)
 concurrent mark-sweep generation total 393216K, used 144025K [0x00000007a8000000, 0x00000007c0000000, 0x00000007c0000000)
 Metaspace       used 36042K, capacity 36608K, committed 36880K, reserved 1081344K
  class space    used 4112K, capacity 4279K, committed 4372K, reserved 1048576K
2016-10-23T18:05:32.918+0800: 97.922: [GC (Allocation Failure) 2016-10-23T18:05:32.918+0800: 97.922: [ParNew
Desired survivor size 20112992 bytes, new threshold 8 (max 8)
- age   1:    1406768 bytes,    1406768 total
- age   2:     499744 bytes,    1906512 total
- age   3:    2969040 bytes,    4875552 total
- age   4:    2670120 bytes,    7545672 total
- age   5:    3675712 bytes,   11221384 total
- age   6:    1027928 bytes,   12249312 total
- age   7:    1672144 bytes,   13921456 total
- age   8:    1555136 bytes,   15476592 total
: 109055K->17799K(109248K), 0.0052568 secs] 253081K->163197K(502464K), 0.0053126 secs] [Times: user=0.01 sys=0.00, real=0.01 secs] 
Heap after GC invocations=367 (full 7):
 par new generation   total 109248K, used 17799K [0x00000007a0000000, 0x00000007a8000000, 0x00000007a8000000)
  eden space 87424K,   0% used [0x00000007a0000000, 0x00000007a0000000, 0x00000007a5560000)
  from space 21824K,  81% used [0x00000007a6ab0000, 0x00000007a7c11e28, 0x00000007a8000000)
  to   space 21824K,   0% used [0x00000007a5560000, 0x00000007a5560000, 0x00000007a6ab0000)
 concurrent mark-sweep generation total 393216K, used 145397K [0x00000007a8000000, 0x00000007c0000000, 0x00000007c0000000)
 Metaspace       used 36042K, capacity 36608K, committed 36880K, reserved 1081344K
  class space    used 4112K, capacity 4279K, committed 4372K, reserved 1048576K
}
2016-10-23T18:05:32.923+0800: 97.927: Total time for which application threads were stopped: 0.0055416 seconds, Stopping threads took: 0.0000713 seconds
{Heap before GC invocations=367 (full 7):
 par new generation   total 109248K, used 105223K [0x00000007a0000000, 0x00000007a8000000, 0x00000007a8000000)
  eden space 87424K, 100% used [0x00000007a0000000, 0x00000007a5560000, 0x00000007a5560000)
  from space 21824K,  81% used [0x00000007a6ab0000, 0x00000007a7c11e28, 0x00000007a8000000)
  to   space 21824K,   0% used [0x00000007a5560000, 0x00000007a5560000, 0x00000007a6ab0000)
 concurrent mark-sweep generation total 393216K, used 145397K [0x00000007a8000000, 0x00000007c0000000, 0x00000007c0000000)
 Metaspace       used 36042K, capacity 36608K, committed 36880K, reserved 1081344K
  class space    used 4112K, capacity 4279K, committed 4372K, reserved 1048576K
2016-10-23T18:05:32.976+0800: 97.980: [GC (Allocation Failure) 2016-10-23T18:05:32.976+0800: 97.980: [ParNew
Desired survivor size 20112992 bytes, new threshold 8 (max 8)
- age   1:    3261792 bytes,    3261792 total
- age   2:     677016 bytes,    3938808 total
- age   3:     442136 bytes,    4380944 total
- age   4:    2764512 bytes,    7145456 total
- age   5:    2599496 bytes,    9744952 total
- age   6:    3573992 bytes,   13318944 total
- age   7:     912344 bytes,   14231288 total
- age   8:    1536960 bytes,   15768248 total
: 105223K->19928K(109248K), 0.0063782 secs] 250621K->166717K(502464K), 0.0064414 secs] [Times: user=0.02 sys=0.00, real=0.01 secs] 
Heap after GC invocations=368 (full 7):
 par new generation   total 109248K, used 19928K [0x00000007a0000000, 0x00000007a8000000, 0x00000007a8000000)
  eden space 87424K,   0% used [0x00000007a0000000, 0x00000007a0000000, 0x00000007a5560000)
  from space 21824K,  91% used [0x00000007a5560000, 0x00000007a68d6190, 0x00000007a6ab0000)
  to   space 21824K,   0% used [0x00000007a6ab0000, 0x00000007a6ab0000, 0x00000007a8000000)
 concurrent mark-sweep generation total 393216K, used 146789K [0x00000007a8000000, 0x00000007c0000000, 0x00000007c0000000)
 Metaspace       used 36042K, capacity 36608K, committed 36880K, reserved 1081344K
  class space    used 4112K, capacity 4279K, committed 4372K, reserved 1048576K
}
2016-10-23T18:05:32.982+0800: 97.987: Total time for which application threads were stopped: 0.0066428 seconds, Stopping threads took: 0.0000432 seconds
{Heap before GC invocations=368 (full 7):
 par new generation   total 109248K, used 107352K [0x00000007a0000000, 0x00000007a8000000, 0x00000007a8000000)
  eden space 87424K, 100% used [0x00000007a0000000, 0x00000007a5560000, 0x00000007a5560000)
  from space 21824K,  91% used [0x00000007a5560000, 0x00000007a68d6190, 0x00000007a6ab0000)
  to   space 21824K,   0% used [0x00000007a6ab0000, 0x00000007a6ab0000, 0x00000007a8000000)
 concurrent mark-sweep generation total 393216K, used 146789K [0x00000007a8000000, 0x00000007c0000000, 0x00000007c0000000)
 Metaspace       used 36046K, capacity 36608K, committed 36880K, reserved 1081344K
  class space    used 4112K, capacity 4279K, committed 4372K, reserved 1048576K
2016-10-23T18:05:33.092+0800: 98.096: [GC (Allocation Failure) 2016-10-23T18:05:33.092+0800: 98.096: [ParNew
Desired survivor size 20112992 bytes, new threshold 8 (max 8)
- age   1:    4388656 bytes,    4388656 total
- age   2:    2347496 bytes,    6736152 total
- age   3:     598880 bytes,    7335032 total
- age   4:     411896 bytes,    7746928 total
- age   5:    2606432 bytes,   10353360 total
- age   6:    2599472 bytes,   12952832 total
- age   7:    3573968 bytes,   16526800 total
- age   8:     912344 bytes,   17439144 total
: 107352K->21824K(109248K), 0.0062060 secs] 254141K->170121K(502464K), 0.0063620 secs] [Times: user=0.02 sys=0.00, real=0.00 secs] 
Heap after GC invocations=369 (full 7):
 par new generation   total 109248K, used 21824K [0x00000007a0000000, 0x00000007a8000000, 0x00000007a8000000)
  eden space 87424K,   0% used [0x00000007a0000000, 0x00000007a0000000, 0x00000007a5560000)
  from space 21824K, 100% used [0x00000007a6ab0000, 0x00000007a8000000, 0x00000007a8000000)
  to   space 21824K,   0% used [0x00000007a5560000, 0x00000007a5560000, 0x00000007a6ab0000)
 concurrent mark-sweep generation total 393216K, used 148297K [0x00000007a8000000, 0x00000007c0000000, 0x00000007c0000000)
 Metaspace       used 36046K, capacity 36608K, committed 36880K, reserved 1081344K
  class space    used 4112K, capacity 4279K, committed 4372K, reserved 1048576K
}
2016-10-23T18:05:33.098+0800: 98.102: Total time for which application threads were stopped: 0.0066606 seconds, Stopping threads took: 0.0000771 seconds
{Heap before GC invocations=369 (full 7):
 par new generation   total 109248K, used 109248K [0x00000007a0000000, 0x00000007a8000000, 0x00000007a8000000)
  eden space 87424K, 100% used [0x00000007a0000000, 0x00000007a5560000, 0x00000007a5560000)
  from space 21824K, 100% used [0x00000007a6ab0000, 0x00000007a8000000, 0x00000007a8000000)
  to   space 21824K,   0% used [0x00000007a5560000, 0x00000007a5560000, 0x00000007a6ab0000)
 concurrent mark-sweep generation total 393216K, used 148297K [0x00000007a8000000, 0x00000007c0000000, 0x00000007c0000000)
 Metaspace       used 36046K, capacity 36608K, committed 36880K, reserved 1081344K
  class space    used 4112K, capacity 4279K, committed 4372K, reserved 1048576K
2016-10-23T18:05:33.213+0800: 98.217: [GC (Allocation Failure) 2016-10-23T18:05:33.213+0800: 98.217: [ParNew
Desired survivor size 20112992 bytes, new threshold 8 (max 8)
- age   1:    6605248 bytes,    6605248 total
- age   2:    2259216 bytes,    8864464 total
- age   3:    2140184 bytes,   11004648 total
- age   4:     332784 bytes,   11337432 total
- age   5:     392728 bytes,   11730160 total
- age   6:    2271624 bytes,   14001784 total
- age   7:    2599472 bytes,   16601256 total
- age   8:    3573968 bytes,   20175224 total
: 109248K->21824K(109248K), 0.0076011 secs] 257545K->171419K(502464K), 0.0076489 secs] [Times: user=0.03 sys=0.00, real=0.01 secs] 
Heap after GC invocations=370 (full 7):
 par new generation   total 109248K, used 21824K [0x00000007a0000000, 0x00000007a8000000, 0x00000007a8000000)
  eden space 87424K,   0% used [0x00000007a0000000, 0x00000007a0000000, 0x00000007a5560000)
  from space 21824K, 100% used [0x00000007a5560000, 0x00000007a6ab0000, 0x00000007a6ab0000)
  to   space 21824K,   0% used [0x00000007a6ab0000, 0x00000007a6ab0000, 0x00000007a8000000)
 concurrent mark-sweep generation total 393216K, used 149595K [0x00000007a8000000, 0x00000007c0000000, 0x00000007c0000000)
 Metaspace       used 36046K, capacity 36608K, committed 36880K, reserved 1081344K
  class space    used 4112K, capacity 4279K, committed 4372K, reserved 1048576K
}
2016-10-23T18:05:33.221+0800: 98.225: Total time for which application threads were stopped: 0.0078941 seconds, Stopping threads took: 0.0000778 seconds
{Heap before GC invocations=370 (full 7):
 par new generation   total 109248K, used 109248K [0x00000007a0000000, 0x00000007a8000000, 0x00000007a8000000)
  eden space 87424K, 100% used [0x00000007a0000000, 0x00000007a5560000, 0x00000007a5560000)
  from space 21824K, 100% used [0x00000007a5560000, 0x00000007a6ab0000, 0x00000007a6ab0000)
  to   space 21824K,   0% used [0x00000007a6ab0000, 0x00000007a6ab0000, 0x00000007a8000000)
 concurrent mark-sweep generation total 393216K, used 149595K [0x00000007a8000000, 0x00000007c0000000, 0x00000007c0000000)
 Metaspace       used 36046K, capacity 36608K, committed 36880K, reserved 1081344K
  class space    used 4112K, capacity 4279K, committed 4372K, reserved 1048576K
2016-10-23T18:05:33.281+0800: 98.286: [GC (Allocation Failure) 2016-10-23T18:05:33.281+0800: 98.286: [ParNew
Desired survivor size 20112992 bytes, new threshold 8 (max 8)
- age   1:    3598024 bytes,    3598024 total
- age   2:    3817664 bytes,    7415688 total
- age   3:    2247712 bytes,    9663400 total
- age   4:    2102368 bytes,   11765768 total
- age   5:     283136 bytes,   12048904 total
- age   6:     375344 bytes,   12424248 total
- age   7:    2127608 bytes,   14551856 total
- age   8:    2530408 bytes,   17082264 total
: 109248K->21824K(109248K), 0.0068363 secs] 258843K->176097K(502464K), 0.0068950 secs] [Times: user=0.02 sys=0.01, real=0.00 secs] 
Heap after GC invocations=371 (full 7):
 par new generation   total 109248K, used 21824K [0x00000007a0000000, 0x00000007a8000000, 0x00000007a8000000)
  eden space 87424K,   0% used [0x00000007a0000000, 0x00000007a0000000, 0x00000007a5560000)
  from space 21824K, 100% used [0x00000007a6ab0000, 0x00000007a8000000, 0x00000007a8000000)
  to   space 21824K,   0% used [0x00000007a5560000, 0x00000007a5560000, 0x00000007a6ab0000)
 concurrent mark-sweep generation total 393216K, used 154273K [0x00000007a8000000, 0x00000007c0000000, 0x00000007c0000000)
 Metaspace       used 36046K, capacity 36608K, committed 36880K, reserved 1081344K
  class space    used 4112K, capacity 4279K, committed 4372K, reserved 1048576K
}
2016-10-23T18:05:33.288+0800: 98.293: Total time for which application threads were stopped: 0.0071638 seconds, Stopping threads took: 0.0000788 seconds
{Heap before GC invocations=371 (full 7):
 par new generation   total 109248K, used 109248K [0x00000007a0000000, 0x00000007a8000000, 0x00000007a8000000)
  eden space 87424K, 100% used [0x00000007a0000000, 0x00000007a5560000, 0x00000007a5560000)
  from space 21824K, 100% used [0x00000007a6ab0000, 0x00000007a8000000, 0x00000007a8000000)
  to   space 21824K,   0% used [0x00000007a5560000, 0x00000007a5560000, 0x00000007a6ab0000)
 concurrent mark-sweep generation total 393216K, used 154273K [0x00000007a8000000, 0x00000007c0000000, 0x00000007c0000000)
 Metaspace       used 36046K, capacity 36608K, committed 36880K, reserved 1081344K
  class space    used 4112K, capacity 4279K, committed 4372K, reserved 1048576K
2016-10-23T18:05:33.344+0800: 98.348: [GC (Allocation Failure) 2016-10-23T18:05:33.344+0800: 98.348: [ParNew
Desired survivor size 20112992 bytes, new threshold 8 (max 8)
- age   1:    4536048 bytes,    4536048 total
- age   2:    1415320 bytes,    5951368 total
- age   3:    3622048 bytes,    9573416 total
- age   4:    2184712 bytes,   11758128 total
- age   5:    2086056 bytes,   13844184 total
- age   6:     283280 bytes,   14127464 total
- age   7:     375752 bytes,   14503216 total
- age   8:    2123968 bytes,   16627184 total
: 109248K->21765K(109248K), 0.0067432 secs] 263521K->178517K(502464K), 0.0068088 secs] [Times: user=0.03 sys=0.00, real=0.01 secs] 
Heap after GC invocations=372 (full 7):
 par new generation   total 109248K, used 21765K [0x00000007a0000000, 0x00000007a8000000, 0x00000007a8000000)
  eden space 87424K,   0% used [0x00000007a0000000, 0x00000007a0000000, 0x00000007a5560000)
  from space 21824K,  99% used [0x00000007a5560000, 0x00000007a6aa1680, 0x00000007a6ab0000)
  to   space 21824K,   0% used [0x00000007a6ab0000, 0x00000007a6ab0000, 0x00000007a8000000)
 concurrent mark-sweep generation total 393216K, used 156751K [0x00000007a8000000, 0x00000007c0000000, 0x00000007c0000000)
 Metaspace       used 36046K, capacity 36608K, committed 36880K, reserved 1081344K
  class space    used 4112K, capacity 4279K, committed 4372K, reserved 1048576K
}
2016-10-23T18:05:33.350+0800: 98.355: Total time for which application threads were stopped: 0.0070712 seconds, Stopping threads took: 0.0000976 seconds
{Heap before GC invocations=372 (full 7):
 par new generation   total 109248K, used 109136K [0x00000007a0000000, 0x00000007a8000000, 0x00000007a8000000)
  eden space 87424K,  99% used [0x00000007a0000000, 0x00000007a5552d48, 0x00000007a5560000)
  from space 21824K,  99% used [0x00000007a5560000, 0x00000007a6aa1680, 0x00000007a6ab0000)
  to   space 21824K,   0% used [0x00000007a6ab0000, 0x00000007a6ab0000, 0x00000007a8000000)
 concurrent mark-sweep generation total 393216K, used 156751K [0x00000007a8000000, 0x00000007c0000000, 0x00000007c0000000)
 Metaspace       used 36046K, capacity 36608K, committed 36880K, reserved 1081344K
  class space    used 4112K, capacity 4279K, committed 4372K, reserved 1048576K
2016-10-23T18:05:33.472+0800: 98.476: [GC (Allocation Failure) 2016-10-23T18:05:33.472+0800: 98.476: [ParNew
Desired survivor size 20112992 bytes, new threshold 8 (max 8)
- age   1:    7600464 bytes,    7600464 total
- age   2:    1419416 bytes,    9019880 total
- age   3:    1310152 bytes,   10330032 total
- age   4:    3090760 bytes,   13420792 total
- age   5:    2171168 bytes,   15591960 total
- age   6:    2086584 bytes,   17678544 total
- age   7:     283544 bytes,   17962088 total
- age   8:     376408 bytes,   18338496 total
: 109136K->21824K(109248K), 0.0072001 secs] 265888K->180937K(502464K), 0.0072672 secs] [Times: user=0.02 sys=0.00, real=0.00 secs] 
Heap after GC invocations=373 (full 7):
 par new generation   total 109248K, used 21824K [0x00000007a0000000, 0x00000007a8000000, 0x00000007a8000000)
  eden space 87424K,   0% used [0x00000007a0000000, 0x00000007a0000000, 0x00000007a5560000)
  from space 21824K, 100% used [0x00000007a6ab0000, 0x00000007a8000000, 0x00000007a8000000)
  to   space 21824K,   0% used [0x00000007a5560000, 0x00000007a5560000, 0x00000007a6ab0000)
 concurrent mark-sweep generation total 393216K, used 159113K [0x00000007a8000000, 0x00000007c0000000, 0x00000007c0000000)
 Metaspace       used 36046K, capacity 36608K, committed 36880K, reserved 1081344K
  class space    used 4112K, capacity 4279K, committed 4372K, reserved 1048576K
}
2016-10-23T18:05:33.479+0800: 98.484: Total time for which application threads were stopped: 0.0075511 seconds, Stopping threads took: 0.0000751 seconds
{Heap before GC invocations=373 (full 7):
 par new generation   total 109248K, used 109248K [0x00000007a0000000, 0x00000007a8000000, 0x00000007a8000000)
  eden space 87424K, 100% used [0x00000007a0000000, 0x00000007a5560000, 0x00000007a5560000)
  from space 21824K, 100% used [0x00000007a6ab0000, 0x00000007a8000000, 0x00000007a8000000)
  to   space 21824K,   0% used [0x00000007a5560000, 0x00000007a5560000, 0x00000007a6ab0000)
 concurrent mark-sweep generation total 393216K, used 159113K [0x00000007a8000000, 0x00000007c0000000, 0x00000007c0000000)
 Metaspace       used 36048K, capacity 36608K, committed 36880K, reserved 1081344K
  class space    used 4112K, capacity 4279K, committed 4372K, reserved 1048576K
2016-10-23T18:05:33.562+0800: 98.567: [GC (Allocation Failure) 2016-10-23T18:05:33.562+0800: 98.567: [ParNew
Desired survivor size 20112992 bytes, new threshold 8 (max 8)
- age   1:    4846648 bytes,    4846648 total
- age   2:    4323144 bytes,    9169792 total
- age   3:    1241336 bytes,   10411128 total
- age   4:    1218464 bytes,   11629592 total
- age   5:    2475464 bytes,   14105056 total
- age   6:    2074656 bytes,   16179712 total
- age   7:    1316152 bytes,   17495864 total
- age   8:     269344 bytes,   17765208 total
: 109248K->21824K(109248K), 0.0074329 secs] 268361K->184102K(502464K), 0.0074852 secs] [Times: user=0.02 sys=0.00, real=0.01 secs] 
Heap after GC invocations=374 (full 7):
 par new generation   total 109248K, used 21824K [0x00000007a0000000, 0x00000007a8000000, 0x00000007a8000000)
  eden space 87424K,   0% used [0x00000007a0000000, 0x00000007a0000000, 0x00000007a5560000)
  from space 21824K, 100% used [0x00000007a5560000, 0x00000007a6ab0000, 0x00000007a6ab0000)
  to   space 21824K,   0% used [0x00000007a6ab0000, 0x00000007a6ab0000, 0x00000007a8000000)
 concurrent mark-sweep generation total 393216K, used 162278K [0x00000007a8000000, 0x00000007c0000000, 0x00000007c0000000)
 Metaspace       used 36048K, capacity 36608K, committed 36880K, reserved 1081344K
  class space    used 4112K, capacity 4279K, committed 4372K, reserved 1048576K
}
2016-10-23T18:05:33.570+0800: 98.574: Total time for which application threads were stopped: 0.0077249 seconds, Stopping threads took: 0.0000838 seconds
{Heap before GC invocations=374 (full 7):
 par new generation   total 109248K, used 109248K [0x00000007a0000000, 0x00000007a8000000, 0x00000007a8000000)
  eden space 87424K, 100% used [0x00000007a0000000, 0x00000007a5560000, 0x00000007a5560000)
  from space 21824K, 100% used [0x00000007a5560000, 0x00000007a6ab0000, 0x00000007a6ab0000)
  to   space 21824K,   0% used [0x00000007a6ab0000, 0x00000007a6ab0000, 0x00000007a8000000)
 concurrent mark-sweep generation total 393216K, used 162278K [0x00000007a8000000, 0x00000007c0000000, 0x00000007c0000000)
 Metaspace       used 36048K, capacity 36608K, committed 36880K, reserved 1081344K
  class space    used 4112K, capacity 4279K, committed 4372K, reserved 1048576K
2016-10-23T18:05:33.638+0800: 98.642: [GC (Allocation Failure) 2016-10-23T18:05:33.638+0800: 98.642: [ParNew
Desired survivor size 20112992 bytes, new threshold 8 (max 8)
- age   1:    4997016 bytes,    4997016 total
- age   2:    2902128 bytes,    7899144 total
- age   3:    1948704 bytes,    9847848 total
- age   4:    1170080 bytes,   11017928 total
- age   5:    1163912 bytes,   12181840 total
- age   6:    2120160 bytes,   14302000 total
- age   7:    1957832 bytes,   16259832 total
- age   8:     675096 bytes,   16934928 total
: 109248K->21824K(109248K), 0.0079438 secs] 271526K->188404K(502464K), 0.0080100 secs] [Times: user=0.03 sys=0.00, real=0.01 secs] 
Heap after GC invocations=375 (full 7):
 par new generation   total 109248K, used 21824K [0x00000007a0000000, 0x00000007a8000000, 0x00000007a8000000)
  eden space 87424K,   0% used [0x00000007a0000000, 0x00000007a0000000, 0x00000007a5560000)
  from space 21824K, 100% used [0x00000007a6ab0000, 0x00000007a8000000, 0x00000007a8000000)
  to   space 21824K,   0% used [0x00000007a5560000, 0x00000007a5560000, 0x00000007a6ab0000)
 concurrent mark-sweep generation total 393216K, used 166580K [0x00000007a8000000, 0x00000007c0000000, 0x00000007c0000000)
 Metaspace       used 36048K, capacity 36608K, committed 36880K, reserved 1081344K
  class space    used 4112K, capacity 4279K, committed 4372K, reserved 1048576K
}
2016-10-23T18:05:33.646+0800: 98.650: Total time for which application threads were stopped: 0.0083621 seconds, Stopping threads took: 0.0000853 seconds
{Heap before GC invocations=375 (full 7):
 par new generation   total 109248K, used 109248K [0x00000007a0000000, 0x00000007a8000000, 0x00000007a8000000)
  eden space 87424K, 100% used [0x00000007a0000000, 0x00000007a5560000, 0x00000007a5560000)
  from space 21824K, 100% used [0x00000007a6ab0000, 0x00000007a8000000, 0x00000007a8000000)
  to   space 21824K,   0% used [0x00000007a5560000, 0x00000007a5560000, 0x00000007a6ab0000)
 concurrent mark-sweep generation total 393216K, used 166580K [0x00000007a8000000, 0x00000007c0000000, 0x00000007c0000000)
 Metaspace       used 36048K, capacity 36608K, committed 36880K, reserved 1081344K
  class space    used 4112K, capacity 4279K, committed 4372K, reserved 1048576K
2016-10-23T18:05:33.712+0800: 98.717: [GC (Allocation Failure) 2016-10-23T18:05:33.712+0800: 98.717: [ParNew
Desired survivor size 20112992 bytes, new threshold 8 (max 8)
- age   1:    3823536 bytes,    3823536 total
- age   2:    3949024 bytes,    7772560 total
- age   3:    2086880 bytes,    9859440 total
- age   4:    1892760 bytes,   11752200 total
- age   5:    1104816 bytes,   12857016 total
- age   6:    1164176 bytes,   14021192 total
- age   7:    2120736 bytes,   16141928 total
- age   8:    1958456 bytes,   18100384 total
: 109248K->21824K(109248K), 0.0085870 secs] 275828K->189070K(502464K), 0.0086690 secs] [Times: user=0.03 sys=0.01, real=0.01 secs] 
Heap after GC invocations=376 (full 7):
 par new generation   total 109248K, used 21824K [0x00000007a0000000, 0x00000007a8000000, 0x00000007a8000000)
  eden space 87424K,   0% used [0x00000007a0000000, 0x00000007a0000000, 0x00000007a5560000)
  from space 21824K, 100% used [0x00000007a5560000, 0x00000007a6ab0000, 0x00000007a6ab0000)
  to   space 21824K,   0% used [0x00000007a6ab0000, 0x00000007a6ab0000, 0x00000007a8000000)
 concurrent mark-sweep generation total 393216K, used 167246K [0x00000007a8000000, 0x00000007c0000000, 0x00000007c0000000)
 Metaspace       used 36048K, capacity 36608K, committed 36880K, reserved 1081344K
  class space    used 4112K, capacity 4279K, committed 4372K, reserved 1048576K
}
2016-10-23T18:05:33.721+0800: 98.726: Total time for which application threads were stopped: 0.0089417 seconds, Stopping threads took: 0.0000755 seconds
{Heap before GC invocations=376 (full 7):
 par new generation   total 109248K, used 109248K [0x00000007a0000000, 0x00000007a8000000, 0x00000007a8000000)
  eden space 87424K, 100% used [0x00000007a0000000, 0x00000007a5560000, 0x00000007a5560000)
  from space 21824K, 100% used [0x00000007a5560000, 0x00000007a6ab0000, 0x00000007a6ab0000)
  to   space 21824K,   0% used [0x00000007a6ab0000, 0x00000007a6ab0000, 0x00000007a8000000)
 concurrent mark-sweep generation total 393216K, used 167246K [0x00000007a8000000, 0x00000007c0000000, 0x00000007c0000000)
 Metaspace       used 36048K, capacity 36608K, committed 36880K, reserved 1081344K
  class space    used 4112K, capacity 4279K, committed 4372K, reserved 1048576K
2016-10-23T18:05:33.793+0800: 98.797: [GC (Allocation Failure) 2016-10-23T18:05:33.793+0800: 98.797: [ParNew
Desired survivor size 20112992 bytes, new threshold 8 (max 8)
- age   1:    2680720 bytes,    2680720 total
- age   2:    3496152 bytes,    6176872 total
- age   3:    2803544 bytes,    8980416 total
- age   4:    2008344 bytes,   10988760 total
- age   5:    1763768 bytes,   12752528 total
- age   6:    1047040 bytes,   13799568 total
- age   7:    1102208 bytes,   14901776 total
- age   8:    2005800 bytes,   16907576 total
: 109248K->21824K(109248K), 0.0085143 secs] 276494K->192722K(502464K), 0.0085795 secs] [Times: user=0.03 sys=0.00, real=0.01 secs] 
Heap after GC invocations=377 (full 7):
 par new generation   total 109248K, used 21824K [0x00000007a0000000, 0x00000007a8000000, 0x00000007a8000000)
  eden space 87424K,   0% used [0x00000007a0000000, 0x00000007a0000000, 0x00000007a5560000)
  from space 21824K, 100% used [0x00000007a6ab0000, 0x00000007a8000000, 0x00000007a8000000)
  to   space 21824K,   0% used [0x00000007a5560000, 0x00000007a5560000, 0x00000007a6ab0000)
 concurrent mark-sweep generation total 393216K, used 170898K [0x00000007a8000000, 0x00000007c0000000, 0x00000007c0000000)
 Metaspace       used 36048K, capacity 36608K, committed 36880K, reserved 1081344K
  class space    used 4112K, capacity 4279K, committed 4372K, reserved 1048576K
}
2016-10-23T18:05:33.801+0800: 98.806: Total time for which application threads were stopped: 0.0088861 seconds, Stopping threads took: 0.0000908 seconds
{Heap before GC invocations=377 (full 7):
 par new generation   total 109248K, used 109240K [0x00000007a0000000, 0x00000007a8000000, 0x00000007a8000000)
  eden space 87424K,  99% used [0x00000007a0000000, 0x00000007a555e3c8, 0x00000007a5560000)
  from space 21824K, 100% used [0x00000007a6ab0000, 0x00000007a8000000, 0x00000007a8000000)
  to   space 21824K,   0% used [0x00000007a5560000, 0x00000007a5560000, 0x00000007a6ab0000)
 concurrent mark-sweep generation total 393216K, used 170898K [0x00000007a8000000, 0x00000007c0000000, 0x00000007c0000000)
 Metaspace       used 36048K, capacity 36608K, committed 36880K, reserved 1081344K
  class space    used 4112K, capacity 4279K, committed 4372K, reserved 1048576K
2016-10-23T18:05:33.884+0800: 98.889: [GC (Allocation Failure) 2016-10-23T18:05:33.884+0800: 98.889: [ParNew
Desired survivor size 20112992 bytes, new threshold 8 (max 8)
- age   1:    1771400 bytes,    1771400 total
- age   2:    2579920 bytes,    4351320 total
- age   3:    3495856 bytes,    7847176 total
- age   4:    2803352 bytes,   10650528 total
- age   5:    2008152 bytes,   12658680 total
- age   6:    1762992 bytes,   14421672 total
- age   7:    1046824 bytes,   15468496 total
- age   8:    1102064 bytes,   16570560 total
: 109240K->20313K(109248K), 0.0091489 secs] 280139K->193198K(502464K), 0.0092157 secs] [Times: user=0.03 sys=0.00, real=0.01 secs] 
Heap after GC invocations=378 (full 7):
 par new generation   total 109248K, used 20313K [0x00000007a0000000, 0x00000007a8000000, 0x00000007a8000000)
  eden space 87424K,   0% used [0x00000007a0000000, 0x00000007a0000000, 0x00000007a5560000)
  from space 21824K,  93% used [0x00000007a5560000, 0x00000007a6936480, 0x00000007a6ab0000)
  to   space 21824K,   0% used [0x00000007a6ab0000, 0x00000007a6ab0000, 0x00000007a8000000)
 concurrent mark-sweep generation total 393216K, used 172885K [0x00000007a8000000, 0x00000007c0000000, 0x00000007c0000000)
 Metaspace       used 36048K, capacity 36608K, committed 36880K, reserved 1081344K
  class space    used 4112K, capacity 4279K, committed 4372K, reserved 1048576K
}
2016-10-23T18:05:33.894+0800: 98.898: Total time for which application threads were stopped: 0.0094719 seconds, Stopping threads took: 0.0001042 seconds
{Heap before GC invocations=378 (full 7):
 par new generation   total 109248K, used 107737K [0x00000007a0000000, 0x00000007a8000000, 0x00000007a8000000)
  eden space 87424K, 100% used [0x00000007a0000000, 0x00000007a5560000, 0x00000007a5560000)
  from space 21824K,  93% used [0x00000007a5560000, 0x00000007a6936480, 0x00000007a6ab0000)
  to   space 21824K,   0% used [0x00000007a6ab0000, 0x00000007a6ab0000, 0x00000007a8000000)
 concurrent mark-sweep generation total 393216K, used 172885K [0x00000007a8000000, 0x00000007c0000000, 0x00000007c0000000)
 Metaspace       used 36048K, capacity 36608K, committed 36880K, reserved 1081344K
  class space    used 4112K, capacity 4279K, committed 4372K, reserved 1048576K
2016-10-23T18:05:33.943+0800: 98.948: [GC (Allocation Failure) 2016-10-23T18:05:33.943+0800: 98.948: [ParNew
Desired survivor size 20112992 bytes, new threshold 8 (max 8)
- age   1:    1096280 bytes,    1096280 total
- age   2:    1026416 bytes,    2122696 total
- age   3:    2637720 bytes,    4760416 total
- age   4:    3495856 bytes,    8256272 total
- age   5:    2803352 bytes,   11059624 total
- age   6:    2008152 bytes,   13067776 total
- age   7:    1762824 bytes,   14830600 total
- age   8:    1046824 bytes,   15877424 total
: 107737K->21824K(109248K), 0.0057430 secs] 280622K->195800K(502464K), 0.0057913 secs] [Times: user=0.02 sys=0.00, real=0.00 secs] 
Heap after GC invocations=379 (full 7):
 par new generation   total 109248K, used 21824K [0x00000007a0000000, 0x00000007a8000000, 0x00000007a8000000)
  eden space 87424K,   0% used [0x00000007a0000000, 0x00000007a0000000, 0x00000007a5560000)
  from space 21824K, 100% used [0x00000007a6ab0000, 0x00000007a8000000, 0x00000007a8000000)
  to   space 21824K,   0% used [0x00000007a5560000, 0x00000007a5560000, 0x00000007a6ab0000)
 concurrent mark-sweep generation total 393216K, used 173976K [0x00000007a8000000, 0x00000007c0000000, 0x00000007c0000000)
 Metaspace       used 36048K, capacity 36608K, committed 36880K, reserved 1081344K
  class space    used 4112K, capacity 4279K, committed 4372K, reserved 1048576K
}
2016-10-23T18:05:33.949+0800: 98.954: Total time for which application threads were stopped: 0.0060581 seconds, Stopping threads took: 0.0001124 seconds
{Heap before GC invocations=379 (full 7):
 par new generation   total 109248K, used 109248K [0x00000007a0000000, 0x00000007a8000000, 0x00000007a8000000)
  eden space 87424K, 100% used [0x00000007a0000000, 0x00000007a5560000, 0x00000007a5560000)
  from space 21824K, 100% used [0x00000007a6ab0000, 0x00000007a8000000, 0x00000007a8000000)
  to   space 21824K,   0% used [0x00000007a5560000, 0x00000007a5560000, 0x00000007a6ab0000)
 concurrent mark-sweep generation total 393216K, used 173976K [0x00000007a8000000, 0x00000007c0000000, 0x00000007c0000000)
 Metaspace       used 36048K, capacity 36608K, committed 36880K, reserved 1081344K
  class space    used 4112K, capacity 4279K, committed 4372K, reserved 1048576K
2016-10-23T18:05:34.019+0800: 99.023: [GC (Allocation Failure) 2016-10-23T18:05:34.019+0800: 99.023: [ParNew
Desired survivor size 20112992 bytes, new threshold 8 (max 8)
- age   1:    1656904 bytes,    1656904 total
- age   2:     404336 bytes,    2061240 total
- age   3:     796184 bytes,    2857424 total
- age   4:    2562624 bytes,    5420048 total
- age   5:    3451552 bytes,    8871600 total
- age   6:    2756088 bytes,   11627688 total
- age   7:    1948248 bytes,   13575936 total
- age   8:    1669288 bytes,   15245224 total
: 109248K->21282K(109248K), 0.0090170 secs] 283224K->196245K(502464K), 0.0091220 secs] [Times: user=0.03 sys=0.01, real=0.01 secs] 
Heap after GC invocations=380 (full 7):
 par new generation   total 109248K, used 21282K [0x00000007a0000000, 0x00000007a8000000, 0x00000007a8000000)
  eden space 87424K,   0% used [0x00000007a0000000, 0x00000007a0000000, 0x00000007a5560000)
  from space 21824K,  97% used [0x00000007a5560000, 0x00000007a6a28830, 0x00000007a6ab0000)
  to   space 21824K,   0% used [0x00000007a6ab0000, 0x00000007a6ab0000, 0x00000007a8000000)
 concurrent mark-sweep generation total 393216K, used 174963K [0x00000007a8000000, 0x00000007c0000000, 0x00000007c0000000)
 Metaspace       used 36048K, capacity 36608K, committed 36880K, reserved 1081344K
  class space    used 4112K, capacity 4279K, committed 4372K, reserved 1048576K
}
2016-10-23T18:05:34.028+0800: 99.032: Total time for which application threads were stopped: 0.0094037 seconds, Stopping threads took: 0.0000639 seconds
2016-10-23T18:05:34.057+0800: 99.061: Total time for which application threads were stopped: 0.0001983 seconds, Stopping threads took: 0.0000903 seconds
{Heap before GC invocations=380 (full 7):
 par new generation   total 109248K, used 108706K [0x00000007a0000000, 0x00000007a8000000, 0x00000007a8000000)
  eden space 87424K, 100% used [0x00000007a0000000, 0x00000007a5560000, 0x00000007a5560000)
  from space 21824K,  97% used [0x00000007a5560000, 0x00000007a6a28830, 0x00000007a6ab0000)
  to   space 21824K,   0% used [0x00000007a6ab0000, 0x00000007a6ab0000, 0x00000007a8000000)
 concurrent mark-sweep generation total 393216K, used 174963K [0x00000007a8000000, 0x00000007c0000000, 0x00000007c0000000)
 Metaspace       used 36062K, capacity 36672K, committed 37136K, reserved 1081344K
  class space    used 4112K, capacity 4279K, committed 4372K, reserved 1048576K
2016-10-23T18:05:34.141+0800: 99.145: [GC (Allocation Failure) 2016-10-23T18:05:34.141+0800: 99.145: [ParNew
Desired survivor size 20112992 bytes, new threshold 8 (max 8)
- age   1:    5044632 bytes,    5044632 total
- age   2:     802512 bytes,    5847144 total
- age   3:     382336 bytes,    6229480 total
- age   4:     641312 bytes,    6870792 total
- age   5:    2540808 bytes,    9411600 total
- age   6:    3357160 bytes,   12768760 total
- age   7:    2665824 bytes,   15434584 total
- age   8:    1892960 bytes,   17327544 total
: 108706K->21824K(109248K), 0.0068081 secs] 283669K->198335K(502464K), 0.0068599 secs] [Times: user=0.03 sys=0.00, real=0.00 secs] 
Heap after GC invocations=381 (full 7):
 par new generation   total 109248K, used 21824K [0x00000007a0000000, 0x00000007a8000000, 0x00000007a8000000)
  eden space 87424K,   0% used [0x00000007a0000000, 0x00000007a0000000, 0x00000007a5560000)
  from space 21824K, 100% used [0x00000007a6ab0000, 0x00000007a8000000, 0x00000007a8000000)
  to   space 21824K,   0% used [0x00000007a5560000, 0x00000007a5560000, 0x00000007a6ab0000)
 concurrent mark-sweep generation total 393216K, used 176511K [0x00000007a8000000, 0x00000007c0000000, 0x00000007c0000000)
 Metaspace       used 36062K, capacity 36672K, committed 37136K, reserved 1081344K
  class space    used 4112K, capacity 4279K, committed 4372K, reserved 1048576K
}
2016-10-23T18:05:34.147+0800: 99.152: Total time for which application threads were stopped: 0.0071059 seconds, Stopping threads took: 0.0000910 seconds
{Heap before GC invocations=381 (full 7):
 par new generation   total 109248K, used 109248K [0x00000007a0000000, 0x00000007a8000000, 0x00000007a8000000)
  eden space 87424K, 100% used [0x00000007a0000000, 0x00000007a5560000, 0x00000007a5560000)
  from space 21824K, 100% used [0x00000007a6ab0000, 0x00000007a8000000, 0x00000007a8000000)
  to   space 21824K,   0% used [0x00000007a5560000, 0x00000007a5560000, 0x00000007a6ab0000)
 concurrent mark-sweep generation total 393216K, used 176511K [0x00000007a8000000, 0x00000007c0000000, 0x00000007c0000000)
 Metaspace       used 36063K, capacity 36672K, committed 37136K, reserved 1081344K
  class space    used 4112K, capacity 4279K, committed 4372K, reserved 1048576K
2016-10-23T18:05:34.259+0800: 99.263: [GC (Allocation Failure) 2016-10-23T18:05:34.259+0800: 99.263: [ParNew
Desired survivor size 20112992 bytes, new threshold 8 (max 8)
- age   1:    3412440 bytes,    3412440 total
- age   2:    3439624 bytes,    6852064 total
- age   3:     760240 bytes,    7612304 total
- age   4:     313056 bytes,    7925360 total
- age   5:     593592 bytes,    8518952 total
- age   6:    2107824 bytes,   10626776 total
- age   7:    3357160 bytes,   13983936 total
- age   8:    2665824 bytes,   16649760 total
: 109248K->21824K(109248K), 0.0067172 secs] 285759K->201050K(502464K), 0.0067631 secs] [Times: user=0.02 sys=0.00, real=0.01 secs] 
Heap after GC invocations=382 (full 7):
 par new generation   total 109248K, used 21824K [0x00000007a0000000, 0x00000007a8000000, 0x00000007a8000000)
  eden space 87424K,   0% used [0x00000007a0000000, 0x00000007a0000000, 0x00000007a5560000)
  from space 21824K, 100% used [0x00000007a5560000, 0x00000007a6ab0000, 0x00000007a6ab0000)
  to   space 21824K,   0% used [0x00000007a6ab0000, 0x00000007a6ab0000, 0x00000007a8000000)
 concurrent mark-sweep generation total 393216K, used 179226K [0x00000007a8000000, 0x00000007c0000000, 0x00000007c0000000)
 Metaspace       used 36063K, capacity 36672K, committed 37136K, reserved 1081344K
  class space    used 4112K, capacity 4279K, committed 4372K, reserved 1048576K
}
2016-10-23T18:05:34.266+0800: 99.270: Total time for which application threads were stopped: 0.0070183 seconds, Stopping threads took: 0.0001040 seconds
{Heap before GC invocations=382 (full 7):
 par new generation   total 109248K, used 109248K [0x00000007a0000000, 0x00000007a8000000, 0x00000007a8000000)
  eden space 87424K, 100% used [0x00000007a0000000, 0x00000007a5560000, 0x00000007a5560000)
  from space 21824K, 100% used [0x00000007a5560000, 0x00000007a6ab0000, 0x00000007a6ab0000)
  to   space 21824K,   0% used [0x00000007a6ab0000, 0x00000007a6ab0000, 0x00000007a8000000)
 concurrent mark-sweep generation total 393216K, used 179226K [0x00000007a8000000, 0x00000007c0000000, 0x00000007c0000000)
 Metaspace       used 36065K, capacity 36672K, committed 37136K, reserved 1081344K
  class space    used 4112K, capacity 4279K, committed 4372K, reserved 1048576K
2016-10-23T18:05:34.338+0800: 99.342: [GC (Allocation Failure) 2016-10-23T18:05:34.338+0800: 99.342: [ParNew
Desired survivor size 20112992 bytes, new threshold 8 (max 8)
- age   1:    4257800 bytes,    4257800 total
- age   2:    1666880 bytes,    5924680 total
- age   3:    3369728 bytes,    9294408 total
- age   4:     481080 bytes,    9775488 total
- age   5:     307424 bytes,   10082912 total
- age   6:     561112 bytes,   10644024 total
- age   7:    2076040 bytes,   12720064 total
- age   8:    3357160 bytes,   16077224 total
: 109248K->21824K(109248K), 0.0052706 secs] 288474K->203659K(502464K), 0.0053228 secs] [Times: user=0.01 sys=0.00, real=0.01 secs] 
Heap after GC invocations=383 (full 7):
 par new generation   total 109248K, used 21824K [0x00000007a0000000, 0x00000007a8000000, 0x00000007a8000000)
  eden space 87424K,   0% used [0x00000007a0000000, 0x00000007a0000000, 0x00000007a5560000)
  from space 21824K, 100% used [0x00000007a6ab0000, 0x00000007a8000000, 0x00000007a8000000)
  to   space 21824K,   0% used [0x00000007a5560000, 0x00000007a5560000, 0x00000007a6ab0000)
 concurrent mark-sweep generation total 393216K, used 181835K [0x00000007a8000000, 0x00000007c0000000, 0x00000007c0000000)
 Metaspace       used 36065K, capacity 36672K, committed 37136K, reserved 1081344K
  class space    used 4112K, capacity 4279K, committed 4372K, reserved 1048576K
}
2016-10-23T18:05:34.343+0800: 99.348: Total time for which application threads were stopped: 0.0055503 seconds, Stopping threads took: 0.0000835 seconds
{Heap before GC invocations=383 (full 7):
 par new generation   total 109248K, used 109248K [0x00000007a0000000, 0x00000007a8000000, 0x00000007a8000000)
  eden space 87424K, 100% used [0x00000007a0000000, 0x00000007a5560000, 0x00000007a5560000)
  from space 21824K, 100% used [0x00000007a6ab0000, 0x00000007a8000000, 0x00000007a8000000)
  to   space 21824K,   0% used [0x00000007a5560000, 0x00000007a5560000, 0x00000007a6ab0000)
 concurrent mark-sweep generation total 393216K, used 181835K [0x00000007a8000000, 0x00000007c0000000, 0x00000007c0000000)
 Metaspace       used 36065K, capacity 36672K, committed 37136K, reserved 1081344K
  class space    used 4112K, capacity 4279K, committed 4372K, reserved 1048576K
2016-10-23T18:05:34.428+0800: 99.432: [GC (Allocation Failure) 2016-10-23T18:05:34.428+0800: 99.432: [ParNew
Desired survivor size 20112992 bytes, new threshold 8 (max 8)
- age   1:    4773368 bytes,    4773368 total
- age   2:    2195040 bytes,    6968408 total
- age   3:    1462064 bytes,    8430472 total
- age   4:    3140808 bytes,   11571280 total
- age   5:     481272 bytes,   12052552 total
- age   6:     307352 bytes,   12359904 total
- age   7:     562024 bytes,   12921928 total
- age   8:    2076632 bytes,   14998560 total
: 109248K->18734K(109248K), 0.0058927 secs] 291083K->203853K(502464K), 0.0059396 secs] [Times: user=0.02 sys=0.00, real=0.01 secs] 
Heap after GC invocations=384 (full 7):
 par new generation   total 109248K, used 18734K [0x00000007a0000000, 0x00000007a8000000, 0x00000007a8000000)
  eden space 87424K,   0% used [0x00000007a0000000, 0x00000007a0000000, 0x00000007a5560000)
  from space 21824K,  85% used [0x00000007a5560000, 0x00000007a67ab840, 0x00000007a6ab0000)
  to   space 21824K,   0% used [0x00000007a6ab0000, 0x00000007a6ab0000, 0x00000007a8000000)
 concurrent mark-sweep generation total 393216K, used 185119K [0x00000007a8000000, 0x00000007c0000000, 0x00000007c0000000)
 Metaspace       used 36065K, capacity 36672K, committed 37136K, reserved 1081344K
  class space    used 4112K, capacity 4279K, committed 4372K, reserved 1048576K
}
2016-10-23T18:05:34.434+0800: 99.438: Total time for which application threads were stopped: 0.0061698 seconds, Stopping threads took: 0.0000834 seconds
{Heap before GC invocations=384 (full 7):
 par new generation   total 109248K, used 106158K [0x00000007a0000000, 0x00000007a8000000, 0x00000007a8000000)
  eden space 87424K, 100% used [0x00000007a0000000, 0x00000007a5560000, 0x00000007a5560000)
  from space 21824K,  85% used [0x00000007a5560000, 0x00000007a67ab840, 0x00000007a6ab0000)
  to   space 21824K,   0% used [0x00000007a6ab0000, 0x00000007a6ab0000, 0x00000007a8000000)
 concurrent mark-sweep generation total 393216K, used 185119K [0x00000007a8000000, 0x00000007c0000000, 0x00000007c0000000)
 Metaspace       used 36065K, capacity 36672K, committed 37136K, reserved 1081344K
  class space    used 4112K, capacity 4279K, committed 4372K, reserved 1048576K
2016-10-23T18:05:34.524+0800: 99.528: [GC (Allocation Failure) 2016-10-23T18:05:34.524+0800: 99.528: [ParNew
Desired survivor size 20112992 bytes, new threshold 8 (max 8)
- age   1:    4561104 bytes,    4561104 total
- age   2:    2236576 bytes,    6797680 total
- age   3:    2099744 bytes,    8897424 total
- age   4:    1351432 bytes,   10248856 total
- age   5:    3136944 bytes,   13385800 total
- age   6:     464200 bytes,   13850000 total
- age   7:     306992 bytes,   14156992 total
- age   8:     560800 bytes,   14717792 total
: 106158K->19582K(109248K), 0.0053619 secs] 291277K->206736K(502464K), 0.0054256 secs] [Times: user=0.01 sys=0.00, real=0.00 secs] 
Heap after GC invocations=385 (full 7):
 par new generation   total 109248K, used 19582K [0x00000007a0000000, 0x00000007a8000000, 0x00000007a8000000)
  eden space 87424K,   0% used [0x00000007a0000000, 0x00000007a0000000, 0x00000007a5560000)
  from space 21824K,  89% used [0x00000007a6ab0000, 0x00000007a7dcfa00, 0x00000007a8000000)
  to   space 21824K,   0% used [0x00000007a5560000, 0x00000007a5560000, 0x00000007a6ab0000)
 concurrent mark-sweep generation total 393216K, used 187153K [0x00000007a8000000, 0x00000007c0000000, 0x00000007c0000000)
 Metaspace       used 36065K, capacity 36672K, committed 37136K, reserved 1081344K
  class space    used 4112K, capacity 4279K, committed 4372K, reserved 1048576K
}
2016-10-23T18:05:34.529+0800: 99.534: Total time for which application threads were stopped: 0.0057302 seconds, Stopping threads took: 0.0001137 seconds
{Heap before GC invocations=385 (full 7):
 par new generation   total 109248K, used 107006K [0x00000007a0000000, 0x00000007a8000000, 0x00000007a8000000)
  eden space 87424K, 100% used [0x00000007a0000000, 0x00000007a5560000, 0x00000007a5560000)
  from space 21824K,  89% used [0x00000007a6ab0000, 0x00000007a7dcfa00, 0x00000007a8000000)
  to   space 21824K,   0% used [0x00000007a5560000, 0x00000007a5560000, 0x00000007a6ab0000)
 concurrent mark-sweep generation total 393216K, used 187153K [0x00000007a8000000, 0x00000007c0000000, 0x00000007c0000000)
 Metaspace       used 36066K, capacity 36672K, committed 37136K, reserved 1081344K
  class space    used 4112K, capacity 4279K, committed 4372K, reserved 1048576K
2016-10-23T18:05:34.615+0800: 99.619: [GC (Allocation Failure) 2016-10-23T18:05:34.615+0800: 99.619: [ParNew
Desired survivor size 20112992 bytes, new threshold 8 (max 8)
- age   1:    5168408 bytes,    5168408 total
- age   2:    1653648 bytes,    6822056 total
- age   3:    2164432 bytes,    8986488 total
- age   4:    1920168 bytes,   10906656 total
- age   5:    1319656 bytes,   12226312 total
- age   6:    3149568 bytes,   15375880 total
- age   7:     463768 bytes,   15839648 total
- age   8:     306920 bytes,   16146568 total
: 107006K->19467K(109248K), 0.0075929 secs] 294160K->207178K(502464K), 0.0076495 secs] [Times: user=0.02 sys=0.00, real=0.01 secs] 
Heap after GC invocations=386 (full 7):
 par new generation   total 109248K, used 19467K [0x00000007a0000000, 0x00000007a8000000, 0x00000007a8000000)
  eden space 87424K,   0% used [0x00000007a0000000, 0x00000007a0000000, 0x00000007a5560000)
  from space 21824K,  89% used [0x00000007a5560000, 0x00000007a6862ff0, 0x00000007a6ab0000)
  to   space 21824K,   0% used [0x00000007a6ab0000, 0x00000007a6ab0000, 0x00000007a8000000)
 concurrent mark-sweep generation total 393216K, used 187710K [0x00000007a8000000, 0x00000007c0000000, 0x00000007c0000000)
 Metaspace       used 36066K, capacity 36672K, committed 37136K, reserved 1081344K
  class space    used 4112K, capacity 4279K, committed 4372K, reserved 1048576K
}
2016-10-23T18:05:34.623+0800: 99.627: Total time for which application threads were stopped: 0.0079090 seconds, Stopping threads took: 0.0000860 seconds
{Heap before GC invocations=386 (full 7):
 par new generation   total 109248K, used 106891K [0x00000007a0000000, 0x00000007a8000000, 0x00000007a8000000)
  eden space 87424K, 100% used [0x00000007a0000000, 0x00000007a5560000, 0x00000007a5560000)
  from space 21824K,  89% used [0x00000007a5560000, 0x00000007a6862ff0, 0x00000007a6ab0000)
  to   space 21824K,   0% used [0x00000007a6ab0000, 0x00000007a6ab0000, 0x00000007a8000000)
 concurrent mark-sweep generation total 393216K, used 187710K [0x00000007a8000000, 0x00000007c0000000, 0x00000007c0000000)
 Metaspace       used 36066K, capacity 36672K, committed 37136K, reserved 1081344K
  class space    used 4112K, capacity 4279K, committed 4372K, reserved 1048576K
2016-10-23T18:05:34.696+0800: 99.700: [GC (Allocation Failure) 2016-10-23T18:05:34.696+0800: 99.700: [ParNew
Desired survivor size 20112992 bytes, new threshold 8 (max 8)
- age   1:    5432544 bytes,    5432544 total
- age   2:    1597648 bytes,    7030192 total
- age   3:    1602672 bytes,    8632864 total
- age   4:    1854016 bytes,   10486880 total
- age   5:    1893584 bytes,   12380464 total
- age   6:    1305528 bytes,   13685992 total
- age   7:    2987376 bytes,   16673368 total
- age   8:     459256 bytes,   17132624 total
: 106891K->21824K(109248K), 0.0064988 secs] 294602K->210616K(502464K), 0.0065504 secs] [Times: user=0.02 sys=0.00, real=0.01 secs] 
Heap after GC invocations=387 (full 7):
 par new generation   total 109248K, used 21824K [0x00000007a0000000, 0x00000007a8000000, 0x00000007a8000000)
  eden space 87424K,   0% used [0x00000007a0000000, 0x00000007a0000000, 0x00000007a5560000)
  from space 21824K, 100% used [0x00000007a6ab0000, 0x00000007a8000000, 0x00000007a8000000)
  to   space 21824K,   0% used [0x00000007a5560000, 0x00000007a5560000, 0x00000007a6ab0000)
 concurrent mark-sweep generation total 393216K, used 188792K [0x00000007a8000000, 0x00000007c0000000, 0x00000007c0000000)
 Metaspace       used 36066K, capacity 36672K, committed 37136K, reserved 1081344K
  class space    used 4112K, capacity 4279K, committed 4372K, reserved 1048576K
}
2016-10-23T18:05:34.703+0800: 99.707: Total time for which application threads were stopped: 0.0068054 seconds, Stopping threads took: 0.0000794 seconds
{Heap before GC invocations=387 (full 7):
 par new generation   total 109248K, used 109248K [0x00000007a0000000, 0x00000007a8000000, 0x00000007a8000000)
  eden space 87424K, 100% used [0x00000007a0000000, 0x00000007a5560000, 0x00000007a5560000)
  from space 21824K, 100% used [0x00000007a6ab0000, 0x00000007a8000000, 0x00000007a8000000)
  to   space 21824K,   0% used [0x00000007a5560000, 0x00000007a5560000, 0x00000007a6ab0000)
 concurrent mark-sweep generation total 393216K, used 188792K [0x00000007a8000000, 0x00000007c0000000, 0x00000007c0000000)
 Metaspace       used 36066K, capacity 36672K, committed 37136K, reserved 1081344K
  class space    used 4112K, capacity 4279K, committed 4372K, reserved 1048576K
2016-10-23T18:05:34.808+0800: 99.813: [GC (Allocation Failure) 2016-10-23T18:05:34.808+0800: 99.813: [ParNew
Desired survivor size 20112992 bytes, new threshold 8 (max 8)
- age   1:    4800648 bytes,    4800648 total
- age   2:    4660176 bytes,    9460824 total
- age   3:    1433320 bytes,   10894144 total
- age   4:    1466848 bytes,   12360992 total
- age   5:    1714328 bytes,   14075320 total
- age   6:    1778432 bytes,   15853752 total
- age   7:    1223432 bytes,   17077184 total
- age   8:    1854088 bytes,   18931272 total
: 109248K->21824K(109248K), 0.0071634 secs] 298040K->211104K(502464K), 0.0072558 secs] [Times: user=0.02 sys=0.00, real=0.01 secs] 
Heap after GC invocations=388 (full 7):
 par new generation   total 109248K, used 21824K [0x00000007a0000000, 0x00000007a8000000, 0x00000007a8000000)
  eden space 87424K,   0% used [0x00000007a0000000, 0x00000007a0000000, 0x00000007a5560000)
  from space 21824K, 100% used [0x00000007a5560000, 0x00000007a6ab0000, 0x00000007a6ab0000)
  to   space 21824K,   0% used [0x00000007a6ab0000, 0x00000007a6ab0000, 0x00000007a8000000)
 concurrent mark-sweep generation total 393216K, used 189280K [0x00000007a8000000, 0x00000007c0000000, 0x00000007c0000000)
 Metaspace       used 36066K, capacity 36672K, committed 37136K, reserved 1081344K
  class space    used 4112K, capacity 4279K, committed 4372K, reserved 1048576K
}
2016-10-23T18:05:34.816+0800: 99.820: Total time for which application threads were stopped: 0.0076130 seconds, Stopping threads took: 0.0001491 seconds
{Heap before GC invocations=388 (full 7):
 par new generation   total 109248K, used 109248K [0x00000007a0000000, 0x00000007a8000000, 0x00000007a8000000)
  eden space 87424K, 100% used [0x00000007a0000000, 0x00000007a5560000, 0x00000007a5560000)
  from space 21824K, 100% used [0x00000007a5560000, 0x00000007a6ab0000, 0x00000007a6ab0000)
  to   space 21824K,   0% used [0x00000007a6ab0000, 0x00000007a6ab0000, 0x00000007a8000000)
 concurrent mark-sweep generation total 393216K, used 189280K [0x00000007a8000000, 0x00000007c0000000, 0x00000007c0000000)
 Metaspace       used 36066K, capacity 36672K, committed 37136K, reserved 1081344K
  class space    used 4112K, capacity 4279K, committed 4372K, reserved 1048576K
2016-10-23T18:05:34.904+0800: 99.909: [GC (Allocation Failure) 2016-10-23T18:05:34.904+0800: 99.909: [ParNew
Desired survivor size 20112992 bytes, new threshold 8 (max 8)
- age   1:    1140656 bytes,    1140656 total
- age   2:    4311248 bytes,    5451904 total
- age   3:    4562552 bytes,   10014456 total
- age   4:    1425592 bytes,   11440048 total
- age   5:    1458648 bytes,   12898696 total
- age   6:    1703848 bytes,   14602544 total
- age   7:    1773144 bytes,   16375688 total
- age   8:    1217464 bytes,   17593152 total
: 109248K->21824K(109248K), 0.0096680 secs] 298528K->212984K(502464K), 0.0097975 secs] [Times: user=0.04 sys=0.00, real=0.01 secs] 
Heap after GC invocations=389 (full 7):
 par new generation   total 109248K, used 21824K [0x00000007a0000000, 0x00000007a8000000, 0x00000007a8000000)
  eden space 87424K,   0% used [0x00000007a0000000, 0x00000007a0000000, 0x00000007a5560000)
  from space 21824K, 100% used [0x00000007a6ab0000, 0x00000007a8000000, 0x00000007a8000000)
  to   space 21824K,   0% used [0x00000007a5560000, 0x00000007a5560000, 0x00000007a6ab0000)
 concurrent mark-sweep generation total 393216K, used 191160K [0x00000007a8000000, 0x00000007c0000000, 0x00000007c0000000)
 Metaspace       used 36066K, capacity 36672K, committed 37136K, reserved 1081344K
  class space    used 4112K, capacity 4279K, committed 4372K, reserved 1048576K
}
2016-10-23T18:05:34.914+0800: 99.918: Total time for which application threads were stopped: 0.0108456 seconds, Stopping threads took: 0.0003436 seconds
{Heap before GC invocations=389 (full 7):
 par new generation   total 109248K, used 109248K [0x00000007a0000000, 0x00000007a8000000, 0x00000007a8000000)
  eden space 87424K, 100% used [0x00000007a0000000, 0x00000007a5560000, 0x00000007a5560000)
  from space 21824K, 100% used [0x00000007a6ab0000, 0x00000007a8000000, 0x00000007a8000000)
  to   space 21824K,   0% used [0x00000007a5560000, 0x00000007a5560000, 0x00000007a6ab0000)
 concurrent mark-sweep generation total 393216K, used 191160K [0x00000007a8000000, 0x00000007c0000000, 0x00000007c0000000)
 Metaspace       used 36067K, capacity 36672K, committed 37136K, reserved 1081344K
  class space    used 4112K, capacity 4279K, committed 4372K, reserved 1048576K
2016-10-23T18:05:35.029+0800: 100.033: [GC (Allocation Failure) 2016-10-23T18:05:35.029+0800: 100.033: [ParNew
Desired survivor size 20112992 bytes, new threshold 8 (max 8)
- age   1:    2311344 bytes,    2311344 total
- age   2:     357424 bytes,    2668768 total
- age   3:    4147720 bytes,    6816488 total
- age   4:    4422072 bytes,   11238560 total
- age   5:    1263136 bytes,   12501696 total
- age   6:    1298584 bytes,   13800280 total
- age   7:    1552352 bytes,   15352632 total
- age   8:    1643232 bytes,   16995864 total
: 109248K->21142K(109248K), 0.0052503 secs] 300408K->213356K(502464K), 0.0053149 secs] [Times: user=0.02 sys=0.00, real=0.01 secs] 
Heap after GC invocations=390 (full 7):
 par new generation   total 109248K, used 21142K [0x00000007a0000000, 0x00000007a8000000, 0x00000007a8000000)
  eden space 87424K,   0% used [0x00000007a0000000, 0x00000007a0000000, 0x00000007a5560000)
  from space 21824K,  96% used [0x00000007a5560000, 0x00000007a6a059d8, 0x00000007a6ab0000)
  to   space 21824K,   0% used [0x00000007a6ab0000, 0x00000007a6ab0000, 0x00000007a8000000)
 concurrent mark-sweep generation total 393216K, used 192213K [0x00000007a8000000, 0x00000007c0000000, 0x00000007c0000000)
 Metaspace       used 36067K, capacity 36672K, committed 37136K, reserved 1081344K
  class space    used 4112K, capacity 4279K, committed 4372K, reserved 1048576K
}
2016-10-23T18:05:35.034+0800: 100.039: Total time for which application threads were stopped: 0.0056130 seconds, Stopping threads took: 0.0001262 seconds
{Heap before GC invocations=390 (full 7):
 par new generation   total 109248K, used 108566K [0x00000007a0000000, 0x00000007a8000000, 0x00000007a8000000)
  eden space 87424K, 100% used [0x00000007a0000000, 0x00000007a5560000, 0x00000007a5560000)
  from space 21824K,  96% used [0x00000007a5560000, 0x00000007a6a059d8, 0x00000007a6ab0000)
  to   space 21824K,   0% used [0x00000007a6ab0000, 0x00000007a6ab0000, 0x00000007a8000000)
 concurrent mark-sweep generation total 393216K, used 192213K [0x00000007a8000000, 0x00000007c0000000, 0x00000007c0000000)
 Metaspace       used 36068K, capacity 36672K, committed 37136K, reserved 1081344K
  class space    used 4112K, capacity 4279K, committed 4372K, reserved 1048576K
2016-10-23T18:05:35.143+0800: 100.148: [GC (Allocation Failure) 2016-10-23T18:05:35.143+0800: 100.148: [ParNew
Desired survivor size 20112992 bytes, new threshold 8 (max 8)
- age   1:    3997168 bytes,    3997168 total
- age   2:    1054968 bytes,    5052136 total
- age   3:     324968 bytes,    5377104 total
- age   4:    4096408 bytes,    9473512 total
- age   5:    4422040 bytes,   13895552 total
- age   6:    1263104 bytes,   15158656 total
- age   7:    1298552 bytes,   16457208 total
- age   8:    1552352 bytes,   18009560 total
: 108566K->20845K(109248K), 0.0061924 secs] 300780K->214667K(502464K), 0.0062418 secs] [Times: user=0.02 sys=0.00, real=0.00 secs] 
Heap after GC invocations=391 (full 7):
 par new generation   total 109248K, used 20845K [0x00000007a0000000, 0x00000007a8000000, 0x00000007a8000000)
  eden space 87424K,   0% used [0x00000007a0000000, 0x00000007a0000000, 0x00000007a5560000)
  from space 21824K,  95% used [0x00000007a6ab0000, 0x00000007a7f0b748, 0x00000007a8000000)
  to   space 21824K,   0% used [0x00000007a5560000, 0x00000007a5560000, 0x00000007a6ab0000)
 concurrent mark-sweep generation total 393216K, used 193821K [0x00000007a8000000, 0x00000007c0000000, 0x00000007c0000000)
 Metaspace       used 36068K, capacity 36672K, committed 37136K, reserved 1081344K
  class space    used 4112K, capacity 4279K, committed 4372K, reserved 1048576K
}
2016-10-23T18:05:35.149+0800: 100.154: Total time for which application threads were stopped: 0.0064803 seconds, Stopping threads took: 0.0000639 seconds
{Heap before GC invocations=391 (full 7):
 par new generation   total 109248K, used 108269K [0x00000007a0000000, 0x00000007a8000000, 0x00000007a8000000)
  eden space 87424K, 100% used [0x00000007a0000000, 0x00000007a5560000, 0x00000007a5560000)
  from space 21824K,  95% used [0x00000007a6ab0000, 0x00000007a7f0b748, 0x00000007a8000000)
  to   space 21824K,   0% used [0x00000007a5560000, 0x00000007a5560000, 0x00000007a6ab0000)
 concurrent mark-sweep generation total 393216K, used 193821K [0x00000007a8000000, 0x00000007c0000000, 0x00000007c0000000)
 Metaspace       used 36068K, capacity 36672K, committed 37136K, reserved 1081344K
  class space    used 4112K, capacity 4279K, committed 4372K, reserved 1048576K
2016-10-23T18:05:35.273+0800: 100.277: [GC (Allocation Failure) 2016-10-23T18:05:35.273+0800: 100.277: [ParNew
Desired survivor size 20112992 bytes, new threshold 8 (max 8)
- age   1:    3562184 bytes,    3562184 total
- age   2:    1949768 bytes,    5511952 total
- age   3:     902608 bytes,    6414560 total
- age   4:     312264 bytes,    6726824 total
- age   5:    3534952 bytes,   10261776 total
- age   6:    4421720 bytes,   14683496 total
- age   7:    1263104 bytes,   15946600 total
- age   8:    1298552 bytes,   17245152 total
: 108269K->21824K(109248K), 0.0066274 secs] 302091K->218920K(502464K), 0.0066836 secs] [Times: user=0.02 sys=0.00, real=0.00 secs] 
Heap after GC invocations=392 (full 7):
 par new generation   total 109248K, used 21824K [0x00000007a0000000, 0x00000007a8000000, 0x00000007a8000000)
  eden space 87424K,   0% used [0x00000007a0000000, 0x00000007a0000000, 0x00000007a5560000)
  from space 21824K, 100% used [0x00000007a5560000, 0x00000007a6ab0000, 0x00000007a6ab0000)
  to   space 21824K,   0% used [0x00000007a6ab0000, 0x00000007a6ab0000, 0x00000007a8000000)
 concurrent mark-sweep generation total 393216K, used 197096K [0x00000007a8000000, 0x00000007c0000000, 0x00000007c0000000)
 Metaspace       used 36068K, capacity 36672K, committed 37136K, reserved 1081344K
  class space    used 4112K, capacity 4279K, committed 4372K, reserved 1048576K
}
2016-10-23T18:05:35.279+0800: 100.284: Total time for which application threads were stopped: 0.0069483 seconds, Stopping threads took: 0.0001041 seconds
2016-10-23T18:05:35.280+0800: 100.284: [GC (CMS Initial Mark) [1 CMS-initial-mark: 197096K(393216K)] 219810K(502464K), 0.0013755 secs] [Times: user=0.01 sys=0.00, real=0.00 secs] 
2016-10-23T18:05:35.281+0800: 100.285: Total time for which application threads were stopped: 0.0015398 seconds, Stopping threads took: 0.0000794 seconds
2016-10-23T18:05:35.281+0800: 100.285: [CMS-concurrent-mark-start]
2016-10-23T18:05:35.295+0800: 100.299: [CMS-concurrent-mark: 0.014/0.014 secs] [Times: user=0.07 sys=0.00, real=0.01 secs] 
2016-10-23T18:05:35.295+0800: 100.299: [CMS-concurrent-preclean-start]
2016-10-23T18:05:35.296+0800: 100.301: [CMS-concurrent-preclean: 0.001/0.001 secs] [Times: user=0.01 sys=0.00, real=0.00 secs] 
2016-10-23T18:05:35.296+0800: 100.301: [CMS-concurrent-abortable-preclean-start]
2016-10-23T18:05:35.385+0800: 100.389: [CMS-concurrent-abortable-preclean: 0.089/0.089 secs] [Times: user=0.43 sys=0.00, real=0.09 secs] 
2016-10-23T18:05:35.385+0800: 100.390: [GC (CMS Final Remark) [YG occupancy: 78252 K (109248 K)]{Heap before GC invocations=392 (full 8):
 par new generation   total 109248K, used 78252K [0x00000007a0000000, 0x00000007a8000000, 0x00000007a8000000)
  eden space 87424K,  64% used [0x00000007a0000000, 0x00000007a371b360, 0x00000007a5560000)
  from space 21824K, 100% used [0x00000007a5560000, 0x00000007a6ab0000, 0x00000007a6ab0000)
  to   space 21824K,   0% used [0x00000007a6ab0000, 0x00000007a6ab0000, 0x00000007a8000000)
 concurrent mark-sweep generation total 393216K, used 197096K [0x00000007a8000000, 0x00000007c0000000, 0x00000007c0000000)
 Metaspace       used 36068K, capacity 36672K, committed 37136K, reserved 1081344K
  class space    used 4112K, capacity 4279K, committed 4372K, reserved 1048576K
2016-10-23T18:05:35.385+0800: 100.390: [GC (CMS Final Remark) 2016-10-23T18:05:35.385+0800: 100.390: [ParNew
Desired survivor size 20112992 bytes, new threshold 8 (max 8)
- age   1:    4889104 bytes,    4889104 total
- age   2:    1855968 bytes,    6745072 total
- age   3:    1705952 bytes,    8451024 total
- age   4:     870496 bytes,    9321520 total
- age   5:     301752 bytes,    9623272 total
- age   6:    3523040 bytes,   13146312 total
- age   7:    4421720 bytes,   17568032 total
- age   8:    1263104 bytes,   18831136 total
: 78252K->21824K(109248K), 0.0080469 secs] 275349K->220420K(502464K), 0.0081089 secs] [Times: user=0.02 sys=0.01, real=0.01 secs] 
Heap after GC invocations=393 (full 8):
 par new generation   total 109248K, used 21824K [0x00000007a0000000, 0x00000007a8000000, 0x00000007a8000000)
  eden space 87424K,   0% used [0x00000007a0000000, 0x00000007a0000000, 0x00000007a5560000)
  from space 21824K, 100% used [0x00000007a6ab0000, 0x00000007a8000000, 0x00000007a8000000)
  to   space 21824K,   0% used [0x00000007a5560000, 0x00000007a5560000, 0x00000007a6ab0000)
 concurrent mark-sweep generation total 393216K, used 198596K [0x00000007a8000000, 0x00000007c0000000, 0x00000007c0000000)
 Metaspace       used 36068K, capacity 36672K, committed 37136K, reserved 1081344K
  class space    used 4112K, capacity 4279K, committed 4372K, reserved 1048576K
}
2016-10-23T18:05:35.393+0800: 100.398: [Rescan (parallel) , 0.0016039 secs]2016-10-23T18:05:35.395+0800: 100.400: [weak refs processing, 0.0009123 secs]2016-10-23T18:05:35.396+0800: 100.400: [class unloading, 0.0099053 secs]2016-10-23T18:05:35.406+0800: 100.410: [scrub symbol table, 0.0055483 secs]2016-10-23T18:05:35.411+0800: 100.416: [scrub string table, 0.0004920 secs][1 CMS-remark: 198596K(393216K)] 220420K(502464K), 0.0268800 secs] [Times: user=0.05 sys=0.01, real=0.03 secs] 
2016-10-23T18:05:35.412+0800: 100.417: Total time for which application threads were stopped: 0.0270793 seconds, Stopping threads took: 0.0000905 seconds
2016-10-23T18:05:35.412+0800: 100.417: [CMS-concurrent-sweep-start]
2016-10-23T18:05:35.474+0800: 100.478: [CMS-concurrent-sweep: 0.062/0.062 secs] [Times: user=0.28 sys=0.01, real=0.06 secs] 
2016-10-23T18:05:35.474+0800: 100.478: [CMS-concurrent-reset-start]
2016-10-23T18:05:35.474+0800: 100.479: [CMS-concurrent-reset: 0.000/0.000 secs] [Times: user=0.00 sys=0.00, real=0.00 secs] 
{Heap before GC invocations=393 (full 8):
 par new generation   total 109248K, used 109248K [0x00000007a0000000, 0x00000007a8000000, 0x00000007a8000000)
  eden space 87424K, 100% used [0x00000007a0000000, 0x00000007a5560000, 0x00000007a5560000)
  from space 21824K, 100% used [0x00000007a6ab0000, 0x00000007a8000000, 0x00000007a8000000)
  to   space 21824K,   0% used [0x00000007a5560000, 0x00000007a5560000, 0x00000007a6ab0000)
 concurrent mark-sweep generation total 393216K, used 34708K [0x00000007a8000000, 0x00000007c0000000, 0x00000007c0000000)
 Metaspace       used 36070K, capacity 36672K, committed 37136K, reserved 1081344K
  class space    used 4112K, capacity 4279K, committed 4372K, reserved 1048576K
2016-10-23T18:05:35.545+0800: 100.549: [GC (Allocation Failure) 2016-10-23T18:05:35.545+0800: 100.549: [ParNew
Desired survivor size 20112992 bytes, new threshold 8 (max 8)
- age   1:    5335744 bytes,    5335744 total
- age   2:    2268280 bytes,    7604024 total
- age   3:    1703416 bytes,    9307440 total
- age   4:    1570952 bytes,   10878392 total
- age   5:     829384 bytes,   11707776 total
- age   6:     296976 bytes,   12004752 total
- age   7:    2437760 bytes,   14442512 total
- age   8:      89992 bytes,   14532504 total
: 109248K->21824K(109248K), 0.0076094 secs] 143956K->57972K(502464K), 0.0077085 secs] [Times: user=0.02 sys=0.00, real=0.01 secs] 
Heap after GC invocations=394 (full 8):
 par new generation   total 109248K, used 21824K [0x00000007a0000000, 0x00000007a8000000, 0x00000007a8000000)
  eden space 87424K,   0% used [0x00000007a0000000, 0x00000007a0000000, 0x00000007a5560000)
  from space 21824K, 100% used [0x00000007a5560000, 0x00000007a6ab0000, 0x00000007a6ab0000)
  to   space 21824K,   0% used [0x00000007a6ab0000, 0x00000007a6ab0000, 0x00000007a8000000)
 concurrent mark-sweep generation total 393216K, used 36148K [0x00000007a8000000, 0x00000007c0000000, 0x00000007c0000000)
 Metaspace       used 36070K, capacity 36672K, committed 37136K, reserved 1081344K
  class space    used 4112K, capacity 4279K, committed 4372K, reserved 1048576K
}
2016-10-23T18:05:35.553+0800: 100.557: Total time for which application threads were stopped: 0.0080785 seconds, Stopping threads took: 0.0000831 seconds
{Heap before GC invocations=394 (full 8):
 par new generation   total 109248K, used 109248K [0x00000007a0000000, 0x00000007a8000000, 0x00000007a8000000)
  eden space 87424K, 100% used [0x00000007a0000000, 0x00000007a5560000, 0x00000007a5560000)
  from space 21824K, 100% used [0x00000007a5560000, 0x00000007a6ab0000, 0x00000007a6ab0000)
  to   space 21824K,   0% used [0x00000007a6ab0000, 0x00000007a6ab0000, 0x00000007a8000000)
 concurrent mark-sweep generation total 393216K, used 36148K [0x00000007a8000000, 0x00000007c0000000, 0x00000007c0000000)
 Metaspace       used 36070K, capacity 36672K, committed 37136K, reserved 1081344K
  class space    used 4112K, capacity 4279K, committed 4372K, reserved 1048576K
2016-10-23T18:05:35.700+0800: 100.705: [GC (Allocation Failure) 2016-10-23T18:05:35.700+0800: 100.705: [ParNew
Desired survivor size 20112992 bytes, new threshold 8 (max 8)
- age   1:    7432112 bytes,    7432112 total
- age   2:    2813784 bytes,   10245896 total
- age   3:    2139504 bytes,   12385400 total
- age   4:    1612208 bytes,   13997608 total
- age   5:    1544072 bytes,   15541680 total
- age   6:     807792 bytes,   16349472 total
- age   7:     287376 bytes,   16636848 total
- age   8:    2436616 bytes,   19073464 total
: 109248K->21824K(109248K), 0.0089005 secs] 145396K->58155K(502464K), 0.0089678 secs] [Times: user=0.03 sys=0.00, real=0.00 secs] 
Heap after GC invocations=395 (full 8):
 par new generation   total 109248K, used 21824K [0x00000007a0000000, 0x00000007a8000000, 0x00000007a8000000)
  eden space 87424K,   0% used [0x00000007a0000000, 0x00000007a0000000, 0x00000007a5560000)
  from space 21824K, 100% used [0x00000007a6ab0000, 0x00000007a8000000, 0x00000007a8000000)
  to   space 21824K,   0% used [0x00000007a5560000, 0x00000007a5560000, 0x00000007a6ab0000)
 concurrent mark-sweep generation total 393216K, used 36331K [0x00000007a8000000, 0x00000007c0000000, 0x00000007c0000000)
 Metaspace       used 36070K, capacity 36672K, committed 37136K, reserved 1081344K
  class space    used 4112K, capacity 4279K, committed 4372K, reserved 1048576K
}
2016-10-23T18:05:35.709+0800: 100.714: Total time for which application threads were stopped: 0.0092019 seconds, Stopping threads took: 0.0000836 seconds
{Heap before GC invocations=395 (full 8):
 par new generation   total 109248K, used 109248K [0x00000007a0000000, 0x00000007a8000000, 0x00000007a8000000)
  eden space 87424K, 100% used [0x00000007a0000000, 0x00000007a5560000, 0x00000007a5560000)
  from space 21824K, 100% used [0x00000007a6ab0000, 0x00000007a8000000, 0x00000007a8000000)
  to   space 21824K,   0% used [0x00000007a5560000, 0x00000007a5560000, 0x00000007a6ab0000)
 concurrent mark-sweep generation total 393216K, used 36331K [0x00000007a8000000, 0x00000007c0000000, 0x00000007c0000000)
 Metaspace       used 36071K, capacity 36672K, committed 37136K, reserved 1081344K
  class space    used 4112K, capacity 4279K, committed 4372K, reserved 1048576K
2016-10-23T18:05:35.840+0800: 100.845: [GC (Allocation Failure) 2016-10-23T18:05:35.840+0800: 100.845: [ParNew
Desired survivor size 20112992 bytes, new threshold 8 (max 8)
- age   1:    5148224 bytes,    5148224 total
- age   2:    5747744 bytes,   10895968 total
- age   3:    2516144 bytes,   13412112 total
- age   4:    1966560 bytes,   15378672 total
- age   5:    1504064 bytes,   16882736 total
- age   6:    1449872 bytes,   18332608 total
- age   7:     763584 bytes,   19096192 total
- age   8:     263088 bytes,   19359280 total
: 109248K->21824K(109248K), 0.0120103 secs] 145579K->59656K(502464K), 0.0120650 secs] [Times: user=0.02 sys=0.00, real=0.01 secs] 
Heap after GC invocations=396 (full 8):
 par new generation   total 109248K, used 21824K [0x00000007a0000000, 0x00000007a8000000, 0x00000007a8000000)
  eden space 87424K,   0% used [0x00000007a0000000, 0x00000007a0000000, 0x00000007a5560000)
  from space 21824K, 100% used [0x00000007a5560000, 0x00000007a6ab0000, 0x00000007a6ab0000)
  to   space 21824K,   0% used [0x00000007a6ab0000, 0x00000007a6ab0000, 0x00000007a8000000)
 concurrent mark-sweep generation total 393216K, used 37832K [0x00000007a8000000, 0x00000007c0000000, 0x00000007c0000000)
 Metaspace       used 36071K, capacity 36672K, committed 37136K, reserved 1081344K
  class space    used 4112K, capacity 4279K, committed 4372K, reserved 1048576K
}
2016-10-23T18:05:35.853+0800: 100.857: Total time for which application threads were stopped: 0.0123347 seconds, Stopping threads took: 0.0000814 seconds
{Heap before GC invocations=396 (full 8):
 par new generation   total 109248K, used 109248K [0x00000007a0000000, 0x00000007a8000000, 0x00000007a8000000)
  eden space 87424K, 100% used [0x00000007a0000000, 0x00000007a5560000, 0x00000007a5560000)
  from space 21824K, 100% used [0x00000007a5560000, 0x00000007a6ab0000, 0x00000007a6ab0000)
  to   space 21824K,   0% used [0x00000007a6ab0000, 0x00000007a6ab0000, 0x00000007a8000000)
 concurrent mark-sweep generation total 393216K, used 37832K [0x00000007a8000000, 0x00000007c0000000, 0x00000007c0000000)
 Metaspace       used 36071K, capacity 36672K, committed 37136K, reserved 1081344K
  class space    used 4112K, capacity 4279K, committed 4372K, reserved 1048576K
2016-10-23T18:05:35.947+0800: 100.952: [GC (Allocation Failure) 2016-10-23T18:05:35.947+0800: 100.952: [ParNew
Desired survivor size 20112992 bytes, new threshold 8 (max 8)
- age   1:    2915528 bytes,    2915528 total
- age   2:    4128496 bytes,    7044024 total
- age   3:    5646784 bytes,   12690808 total
- age   4:    2435640 bytes,   15126448 total
- age   5:    1917712 bytes,   17044160 total
- age   6:    1439688 bytes,   18483848 total
- age   7:    1400656 bytes,   19884504 total
- age   8:     733328 bytes,   20617832 total
: 109248K->21824K(109248K), 0.0072923 secs] 147080K->60342K(502464K), 0.0073402 secs] [Times: user=0.02 sys=0.00, real=0.01 secs] 
Heap after GC invocations=397 (full 8):
 par new generation   total 109248K, used 21824K [0x00000007a0000000, 0x00000007a8000000, 0x00000007a8000000)
  eden space 87424K,   0% used [0x00000007a0000000, 0x00000007a0000000, 0x00000007a5560000)
  from space 21824K, 100% used [0x00000007a6ab0000, 0x00000007a8000000, 0x00000007a8000000)
  to   space 21824K,   0% used [0x00000007a5560000, 0x00000007a5560000, 0x00000007a6ab0000)
 concurrent mark-sweep generation total 393216K, used 38518K [0x00000007a8000000, 0x00000007c0000000, 0x00000007c0000000)
 Metaspace       used 36071K, capacity 36672K, committed 37136K, reserved 1081344K
  class space    used 4112K, capacity 4279K, committed 4372K, reserved 1048576K
}
2016-10-23T18:05:35.955+0800: 100.959: Total time for which application threads were stopped: 0.0075943 seconds, Stopping threads took: 0.0000911 seconds
2016-10-23T18:05:35.997+0800: 101.002: Total time for which application threads were stopped: 0.0001698 seconds, Stopping threads took: 0.0000820 seconds
2016-10-23T18:05:35.998+0800: 101.003: Total time for which application threads were stopped: 0.0001449 seconds, Stopping threads took: 0.0000693 seconds
{Heap before GC invocations=397 (full 8):
 par new generation   total 109248K, used 109248K [0x00000007a0000000, 0x00000007a8000000, 0x00000007a8000000)
  eden space 87424K, 100% used [0x00000007a0000000, 0x00000007a5560000, 0x00000007a5560000)
  from space 21824K, 100% used [0x00000007a6ab0000, 0x00000007a8000000, 0x00000007a8000000)
  to   space 21824K,   0% used [0x00000007a5560000, 0x00000007a5560000, 0x00000007a6ab0000)
 concurrent mark-sweep generation total 393216K, used 38518K [0x00000007a8000000, 0x00000007c0000000, 0x00000007c0000000)
 Metaspace       used 36071K, capacity 36672K, committed 37136K, reserved 1081344K
  class space    used 4112K, capacity 4279K, committed 4372K, reserved 1048576K
2016-10-23T18:05:36.097+0800: 101.102: [GC (Allocation Failure) 2016-10-23T18:05:36.098+0800: 101.102: [ParNew
Desired survivor size 20112992 bytes, new threshold 8 (max 8)
- age   1:    4373936 bytes,    4373936 total
- age   2:     908888 bytes,    5282824 total
- age   3:    3953088 bytes,    9235912 total
- age   4:    5426984 bytes,   14662896 total
- age   5:    2253208 bytes,   16916104 total
- age   6:    1810488 bytes,   18726592 total
- age   7:    1365040 bytes,   20091632 total
- age   8:    1177344 bytes,   21268976 total
: 109248K->21824K(109248K), 0.0083560 secs] 147766K->63004K(502464K), 0.0084112 secs] [Times: user=0.03 sys=0.00, real=0.01 secs] 
Heap after GC invocations=398 (full 8):
 par new generation   total 109248K, used 21824K [0x00000007a0000000, 0x00000007a8000000, 0x00000007a8000000)
  eden space 87424K,   0% used [0x00000007a0000000, 0x00000007a0000000, 0x00000007a5560000)
  from space 21824K, 100% used [0x00000007a5560000, 0x00000007a6ab0000, 0x00000007a6ab0000)
  to   space 21824K,   0% used [0x00000007a6ab0000, 0x00000007a6ab0000, 0x00000007a8000000)
 concurrent mark-sweep generation total 393216K, used 41180K [0x00000007a8000000, 0x00000007c0000000, 0x00000007c0000000)
 Metaspace       used 36071K, capacity 36672K, committed 37136K, reserved 1081344K
  class space    used 4112K, capacity 4279K, committed 4372K, reserved 1048576K
}
2016-10-23T18:05:36.106+0800: 101.110: Total time for which application threads were stopped: 0.0086922 seconds, Stopping threads took: 0.0000861 seconds
{Heap before GC invocations=398 (full 8):
 par new generation   total 109248K, used 109248K [0x00000007a0000000, 0x00000007a8000000, 0x00000007a8000000)
  eden space 87424K, 100% used [0x00000007a0000000, 0x00000007a5560000, 0x00000007a5560000)
  from space 21824K, 100% used [0x00000007a5560000, 0x00000007a6ab0000, 0x00000007a6ab0000)
  to   space 21824K,   0% used [0x00000007a6ab0000, 0x00000007a6ab0000, 0x00000007a8000000)
 concurrent mark-sweep generation total 393216K, used 41180K [0x00000007a8000000, 0x00000007c0000000, 0x00000007c0000000)
 Metaspace       used 36073K, capacity 36672K, committed 37136K, reserved 1081344K
  class space    used 4112K, capacity 4279K, committed 4372K, reserved 1048576K
2016-10-23T18:05:36.232+0800: 101.236: [GC (Allocation Failure) 2016-10-23T18:05:36.232+0800: 101.236: [ParNew
Desired survivor size 20112992 bytes, new threshold 8 (max 8)
- age   1:    3991600 bytes,    3991600 total
- age   2:    3029432 bytes,    7021032 total
- age   3:     689368 bytes,    7710400 total
- age   4:    3274504 bytes,   10984904 total
- age   5:    4601080 bytes,   15585984 total
- age   6:    1745416 bytes,   17331400 total
- age   7:    1660048 bytes,   18991448 total
- age   8:    1154296 bytes,   20145744 total
: 109248K->21824K(109248K), 0.0091406 secs] 150428K->68169K(502464K), 0.0092067 secs] [Times: user=0.03 sys=0.00, real=0.01 secs] 
Heap after GC invocations=399 (full 8):
 par new generation   total 109248K, used 21824K [0x00000007a0000000, 0x00000007a8000000, 0x00000007a8000000)
  eden space 87424K,   0% used [0x00000007a0000000, 0x00000007a0000000, 0x00000007a5560000)
  from space 21824K, 100% used [0x00000007a6ab0000, 0x00000007a8000000, 0x00000007a8000000)
  to   space 21824K,   0% used [0x00000007a5560000, 0x00000007a5560000, 0x00000007a6ab0000)
 concurrent mark-sweep generation total 393216K, used 46345K [0x00000007a8000000, 0x00000007c0000000, 0x00000007c0000000)
 Metaspace       used 36073K, capacity 36672K, committed 37136K, reserved 1081344K
  class space    used 4112K, capacity 4279K, committed 4372K, reserved 1048576K
}
2016-10-23T18:05:36.241+0800: 101.245: Total time for which application threads were stopped: 0.0094422 seconds, Stopping threads took: 0.0000732 seconds
{Heap before GC invocations=399 (full 8):
 par new generation   total 109248K, used 109248K [0x00000007a0000000, 0x00000007a8000000, 0x00000007a8000000)
  eden space 87424K, 100% used [0x00000007a0000000, 0x00000007a5560000, 0x00000007a5560000)
  from space 21824K, 100% used [0x00000007a6ab0000, 0x00000007a8000000, 0x00000007a8000000)
  to   space 21824K,   0% used [0x00000007a5560000, 0x00000007a5560000, 0x00000007a6ab0000)
 concurrent mark-sweep generation total 393216K, used 46345K [0x00000007a8000000, 0x00000007c0000000, 0x00000007c0000000)
 Metaspace       used 36073K, capacity 36672K, committed 37136K, reserved 1081344K
  class space    used 4112K, capacity 4279K, committed 4372K, reserved 1048576K
2016-10-23T18:05:36.362+0800: 101.366: [GC (Allocation Failure) 2016-10-23T18:05:36.362+0800: 101.366: [ParNew
Desired survivor size 20112992 bytes, new threshold 8 (max 8)
- age   1:    4543000 bytes,    4543000 total
- age   2:    2127760 bytes,    6670760 total
- age   3:    2389376 bytes,    9060136 total
- age   4:     660456 bytes,    9720592 total
- age   5:    2483168 bytes,   12203760 total
- age   6:    3741704 bytes,   15945464 total
- age   7:    1550744 bytes,   17496208 total
- age   8:    1583424 bytes,   19079632 total
: 109248K->21824K(109248K), 0.0066661 secs] 155593K->73967K(502464K), 0.0067322 secs] [Times: user=0.02 sys=0.00, real=0.00 secs] 
Heap after GC invocations=400 (full 8):
 par new generation   total 109248K, used 21824K [0x00000007a0000000, 0x00000007a8000000, 0x00000007a8000000)
  eden space 87424K,   0% used [0x00000007a0000000, 0x00000007a0000000, 0x00000007a5560000)
  from space 21824K, 100% used [0x00000007a5560000, 0x00000007a6ab0000, 0x00000007a6ab0000)
  to   space 21824K,   0% used [0x00000007a6ab0000, 0x00000007a6ab0000, 0x00000007a8000000)
 concurrent mark-sweep generation total 393216K, used 52143K [0x00000007a8000000, 0x00000007c0000000, 0x00000007c0000000)
 Metaspace       used 36073K, capacity 36672K, committed 37136K, reserved 1081344K
  class space    used 4112K, capacity 4279K, committed 4372K, reserved 1048576K
}
2016-10-23T18:05:36.368+0800: 101.373: Total time for which application threads were stopped: 0.0069452 seconds, Stopping threads took: 0.0000833 seconds
{Heap before GC invocations=400 (full 8):
 par new generation   total 109248K, used 109248K [0x00000007a0000000, 0x00000007a8000000, 0x00000007a8000000)
  eden space 87424K, 100% used [0x00000007a0000000, 0x00000007a5560000, 0x00000007a5560000)
  from space 21824K, 100% used [0x00000007a5560000, 0x00000007a6ab0000, 0x00000007a6ab0000)
  to   space 21824K,   0% used [0x00000007a6ab0000, 0x00000007a6ab0000, 0x00000007a8000000)
 concurrent mark-sweep generation total 393216K, used 52143K [0x00000007a8000000, 0x00000007c0000000, 0x00000007c0000000)
 Metaspace       used 36073K, capacity 36672K, committed 37136K, reserved 1081344K
  class space    used 4112K, capacity 4279K, committed 4372K, reserved 1048576K
2016-10-23T18:05:36.484+0800: 101.489: [GC (Allocation Failure) 2016-10-23T18:05:36.484+0800: 101.489: [ParNew
Desired survivor size 20112992 bytes, new threshold 8 (max 8)
- age   1:    5509888 bytes,    5509888 total
- age   2:    2615984 bytes,    8125872 total
- age   3:    1783664 bytes,    9909536 total
- age   4:    2169296 bytes,   12078832 total
- age   5:     568880 bytes,   12647712 total
- age   6:    1938344 bytes,   14586056 total
- age   7:    3706928 bytes,   18292984 total
- age   8:    1549848 bytes,   19842832 total
: 109248K->21824K(109248K), 0.0077369 secs] 161391K->79280K(502464K), 0.0078114 secs] [Times: user=0.03 sys=0.00, real=0.01 secs] 
Heap after GC invocations=401 (full 8):
 par new generation   total 109248K, used 21824K [0x00000007a0000000, 0x00000007a8000000, 0x00000007a8000000)
  eden space 87424K,   0% used [0x00000007a0000000, 0x00000007a0000000, 0x00000007a5560000)
  from space 21824K, 100% used [0x00000007a6ab0000, 0x00000007a8000000, 0x00000007a8000000)
  to   space 21824K,   0% used [0x00000007a5560000, 0x00000007a5560000, 0x00000007a6ab0000)
 concurrent mark-sweep generation total 393216K, used 57456K [0x00000007a8000000, 0x00000007c0000000, 0x00000007c0000000)
 Metaspace       used 36073K, capacity 36672K, committed 37136K, reserved 1081344K
  class space    used 4112K, capacity 4279K, committed 4372K, reserved 1048576K
}
2016-10-23T18:05:36.492+0800: 101.496: Total time for which application threads were stopped: 0.0080842 seconds, Stopping threads took: 0.0000930 seconds
{Heap before GC invocations=401 (full 8):
 par new generation   total 109248K, used 109248K [0x00000007a0000000, 0x00000007a8000000, 0x00000007a8000000)
  eden space 87424K, 100% used [0x00000007a0000000, 0x00000007a5560000, 0x00000007a5560000)
  from space 21824K, 100% used [0x00000007a6ab0000, 0x00000007a8000000, 0x00000007a8000000)
  to   space 21824K,   0% used [0x00000007a5560000, 0x00000007a5560000, 0x00000007a6ab0000)
 concurrent mark-sweep generation total 393216K, used 57456K [0x00000007a8000000, 0x00000007c0000000, 0x00000007c0000000)
 Metaspace       used 36073K, capacity 36672K, committed 37136K, reserved 1081344K
  class space    used 4112K, capacity 4279K, committed 4372K, reserved 1048576K
2016-10-23T18:05:36.616+0800: 101.620: [GC (Allocation Failure) 2016-10-23T18:05:36.616+0800: 101.620: [ParNew
Desired survivor size 20112992 bytes, new threshold 8 (max 8)
- age   1:    5408568 bytes,    5408568 total
- age   2:    2549168 bytes,    7957736 total
- age   3:    2322824 bytes,   10280560 total
- age   4:    1541952 bytes,   11822512 total
- age   5:    2016600 bytes,   13839112 total
- age   6:     517776 bytes,   14356888 total
- age   7:    1483184 bytes,   15840072 total
- age   8:    2886904 bytes,   18726976 total
: 109248K->21824K(109248K), 0.0095991 secs] 166704K->85080K(502464K), 0.0096564 secs] [Times: user=0.04 sys=0.00, real=0.01 secs] 
Heap after GC invocations=402 (full 8):
 par new generation   total 109248K, used 21824K [0x00000007a0000000, 0x00000007a8000000, 0x00000007a8000000)
  eden space 87424K,   0% used [0x00000007a0000000, 0x00000007a0000000, 0x00000007a5560000)
  from space 21824K, 100% used [0x00000007a5560000, 0x00000007a6ab0000, 0x00000007a6ab0000)
  to   space 21824K,   0% used [0x00000007a6ab0000, 0x00000007a6ab0000, 0x00000007a8000000)
 concurrent mark-sweep generation total 393216K, used 63256K [0x00000007a8000000, 0x00000007c0000000, 0x00000007c0000000)
 Metaspace       used 36073K, capacity 36672K, committed 37136K, reserved 1081344K
  class space    used 4112K, capacity 4279K, committed 4372K, reserved 1048576K
}
2016-10-23T18:05:36.626+0800: 101.630: Total time for which application threads were stopped: 0.0099022 seconds, Stopping threads took: 0.0000751 seconds
{Heap before GC invocations=402 (full 8):
 par new generation   total 109248K, used 109248K [0x00000007a0000000, 0x00000007a8000000, 0x00000007a8000000)
  eden space 87424K, 100% used [0x00000007a0000000, 0x00000007a5560000, 0x00000007a5560000)
  from space 21824K, 100% used [0x00000007a5560000, 0x00000007a6ab0000, 0x00000007a6ab0000)
  to   space 21824K,   0% used [0x00000007a6ab0000, 0x00000007a6ab0000, 0x00000007a8000000)
 concurrent mark-sweep generation total 393216K, used 63256K [0x00000007a8000000, 0x00000007c0000000, 0x00000007c0000000)
 Metaspace       used 36073K, capacity 36672K, committed 37136K, reserved 1081344K
  class space    used 4112K, capacity 4279K, committed 4372K, reserved 1048576K
2016-10-23T18:05:36.740+0800: 101.745: [GC (Allocation Failure) 2016-10-23T18:05:36.740+0800: 101.745: [ParNew
Desired survivor size 20112992 bytes, new threshold 8 (max 8)
- age   1:    7081728 bytes,    7081728 total
- age   2:    2852952 bytes,    9934680 total
- age   3:    2515928 bytes,   12450608 total
- age   4:    2023872 bytes,   14474480 total
- age   5:    1535336 bytes,   16009816 total
- age   6:    2013144 bytes,   18022960 total
- age   7:     517048 bytes,   18540008 total
- age   8:    1395192 bytes,   19935200 total
: 109248K->21824K(109248K), 0.0070904 secs] 172504K->90896K(502464K), 0.0071456 secs] [Times: user=0.02 sys=0.00, real=0.00 secs] 
Heap after GC invocations=403 (full 8):
 par new generation   total 109248K, used 21824K [0x00000007a0000000, 0x00000007a8000000, 0x00000007a8000000)
  eden space 87424K,   0% used [0x00000007a0000000, 0x00000007a0000000, 0x00000007a5560000)
  from space 21824K, 100% used [0x00000007a6ab0000, 0x00000007a8000000, 0x00000007a8000000)
  to   space 21824K,   0% used [0x00000007a5560000, 0x00000007a5560000, 0x00000007a6ab0000)
 concurrent mark-sweep generation total 393216K, used 69072K [0x00000007a8000000, 0x00000007c0000000, 0x00000007c0000000)
 Metaspace       used 36073K, capacity 36672K, committed 37136K, reserved 1081344K
  class space    used 4112K, capacity 4279K, committed 4372K, reserved 1048576K
}
2016-10-23T18:05:36.747+0800: 101.752: Total time for which application threads were stopped: 0.0073989 seconds, Stopping threads took: 0.0000983 seconds
{Heap before GC invocations=403 (full 8):
 par new generation   total 109248K, used 109248K [0x00000007a0000000, 0x00000007a8000000, 0x00000007a8000000)
  eden space 87424K, 100% used [0x00000007a0000000, 0x00000007a5560000, 0x00000007a5560000)
  from space 21824K, 100% used [0x00000007a6ab0000, 0x00000007a8000000, 0x00000007a8000000)
  to   space 21824K,   0% used [0x00000007a5560000, 0x00000007a5560000, 0x00000007a6ab0000)
 concurrent mark-sweep generation total 393216K, used 69072K [0x00000007a8000000, 0x00000007c0000000, 0x00000007c0000000)
 Metaspace       used 36084K, capacity 36672K, committed 37136K, reserved 1081344K
  class space    used 4112K, capacity 4279K, committed 4372K, reserved 1048576K
2016-10-23T18:05:36.864+0800: 101.868: [GC (Allocation Failure) 2016-10-23T18:05:36.864+0800: 101.868: [ParNew
Desired survivor size 20112992 bytes, new threshold 8 (max 8)
- age   1:    1444040 bytes,    1444040 total
- age   2:    6725072 bytes,    8169112 total
- age   3:    2804600 bytes,   10973712 total
- age   4:    2492592 bytes,   13466304 total
- age   5:    2000464 bytes,   15466768 total
- age   6:    1515384 bytes,   16982152 total
- age   7:    1985776 bytes,   18967928 total
- age   8:     510040 bytes,   19477968 total
: 109248K->21824K(109248K), 0.0067456 secs] 178320K->94512K(502464K), 0.0067955 secs] [Times: user=0.02 sys=0.01, real=0.01 secs] 
Heap after GC invocations=404 (full 8):
 par new generation   total 109248K, used 21824K [0x00000007a0000000, 0x00000007a8000000, 0x00000007a8000000)
  eden space 87424K,   0% used [0x00000007a0000000, 0x00000007a0000000, 0x00000007a5560000)
  from space 21824K, 100% used [0x00000007a5560000, 0x00000007a6ab0000, 0x00000007a6ab0000)
  to   space 21824K,   0% used [0x00000007a6ab0000, 0x00000007a6ab0000, 0x00000007a8000000)
 concurrent mark-sweep generation total 393216K, used 72688K [0x00000007a8000000, 0x00000007c0000000, 0x00000007c0000000)
 Metaspace       used 36084K, capacity 36672K, committed 37136K, reserved 1081344K
  class space    used 4112K, capacity 4279K, committed 4372K, reserved 1048576K
}
2016-10-23T18:05:36.871+0800: 101.875: Total time for which application threads were stopped: 0.0070224 seconds, Stopping threads took: 0.0000765 seconds
{Heap before GC invocations=404 (full 8):
 par new generation   total 109248K, used 109248K [0x00000007a0000000, 0x00000007a8000000, 0x00000007a8000000)
  eden space 87424K, 100% used [0x00000007a0000000, 0x00000007a5560000, 0x00000007a5560000)
  from space 21824K, 100% used [0x00000007a5560000, 0x00000007a6ab0000, 0x00000007a6ab0000)
  to   space 21824K,   0% used [0x00000007a6ab0000, 0x00000007a6ab0000, 0x00000007a8000000)
 concurrent mark-sweep generation total 393216K, used 72688K [0x00000007a8000000, 0x00000007c0000000, 0x00000007c0000000)
 Metaspace       used 36084K, capacity 36672K, committed 37136K, reserved 1081344K
  class space    used 4112K, capacity 4279K, committed 4372K, reserved 1048576K
2016-10-23T18:05:36.908+0800: 101.913: [GC (Allocation Failure) 2016-10-23T18:05:36.908+0800: 101.913: [ParNew
Desired survivor size 20112992 bytes, new threshold 8 (max 8)
- age   1:    1051912 bytes,    1051912 total
- age   2:     462584 bytes,    1514496 total
- age   3:    6679400 bytes,    8193896 total
- age   4:    2725968 bytes,   10919864 total
- age   5:    2382704 bytes,   13302568 total
- age   6:    1954680 bytes,   15257248 total
- age   7:    1406008 bytes,   16663256 total
- age   8:    1907640 bytes,   18570896 total
: 109248K->21824K(109248K), 0.0055783 secs] 181936K->96420K(502464K), 0.0056278 secs] [Times: user=0.02 sys=0.00, real=0.01 secs] 
Heap after GC invocations=405 (full 8):
 par new generation   total 109248K, used 21824K [0x00000007a0000000, 0x00000007a8000000, 0x00000007a8000000)
  eden space 87424K,   0% used [0x00000007a0000000, 0x00000007a0000000, 0x00000007a5560000)
  from space 21824K, 100% used [0x00000007a6ab0000, 0x00000007a8000000, 0x00000007a8000000)
  to   space 21824K,   0% used [0x00000007a5560000, 0x00000007a5560000, 0x00000007a6ab0000)
 concurrent mark-sweep generation total 393216K, used 74596K [0x00000007a8000000, 0x00000007c0000000, 0x00000007c0000000)
 Metaspace       used 36084K, capacity 36672K, committed 37136K, reserved 1081344K
  class space    used 4112K, capacity 4279K, committed 4372K, reserved 1048576K
}
2016-10-23T18:05:36.914+0800: 101.919: Total time for which application threads were stopped: 0.0058520 seconds, Stopping threads took: 0.0000866 seconds
{Heap before GC invocations=405 (full 8):
 par new generation   total 109248K, used 109248K [0x00000007a0000000, 0x00000007a8000000, 0x00000007a8000000)
  eden space 87424K, 100% used [0x00000007a0000000, 0x00000007a5560000, 0x00000007a5560000)
  from space 21824K, 100% used [0x00000007a6ab0000, 0x00000007a8000000, 0x00000007a8000000)
  to   space 21824K,   0% used [0x00000007a5560000, 0x00000007a5560000, 0x00000007a6ab0000)
 concurrent mark-sweep generation total 393216K, used 74596K [0x00000007a8000000, 0x00000007c0000000, 0x00000007c0000000)
 Metaspace       used 36101K, capacity 36672K, committed 37136K, reserved 1081344K
  class space    used 4112K, capacity 4279K, committed 4372K, reserved 1048576K
2016-10-23T18:05:37.017+0800: 102.021: [GC (Allocation Failure) 2016-10-23T18:05:37.017+0800: 102.021: [ParNew
Desired survivor size 20112992 bytes, new threshold 8 (max 8)
- age   1:    4053976 bytes,    4053976 total
- age   2:     178728 bytes,    4232704 total
- age   3:     354976 bytes,    4587680 total
- age   4:    5868600 bytes,   10456280 total
- age   5:    2589920 bytes,   13046200 total
- age   6:    2311536 bytes,   15357736 total
- age   7:    1831792 bytes,   17189528 total
- age   8:    1371608 bytes,   18561136 total
: 109248K->21824K(109248K), 0.0071328 secs] 183844K->100902K(502464K), 0.0071957 secs] [Times: user=0.03 sys=0.00, real=0.01 secs] 
Heap after GC invocations=406 (full 8):
 par new generation   total 109248K, used 21824K [0x00000007a0000000, 0x00000007a8000000, 0x00000007a8000000)
  eden space 87424K,   0% used [0x00000007a0000000, 0x00000007a0000000, 0x00000007a5560000)
  from space 21824K, 100% used [0x00000007a5560000, 0x00000007a6ab0000, 0x00000007a6ab0000)
  to   space 21824K,   0% used [0x00000007a6ab0000, 0x00000007a6ab0000, 0x00000007a8000000)
 concurrent mark-sweep generation total 393216K, used 79078K [0x00000007a8000000, 0x00000007c0000000, 0x00000007c0000000)
 Metaspace       used 36101K, capacity 36672K, committed 37136K, reserved 1081344K
  class space    used 4112K, capacity 4279K, committed 4372K, reserved 1048576K
}
2016-10-23T18:05:37.024+0800: 102.029: Total time for which application threads were stopped: 0.0074432 seconds, Stopping threads took: 0.0000700 seconds
{Heap before GC invocations=406 (full 8):
 par new generation   total 109248K, used 109248K [0x00000007a0000000, 0x00000007a8000000, 0x00000007a8000000)
  eden space 87424K, 100% used [0x00000007a0000000, 0x00000007a5560000, 0x00000007a5560000)
  from space 21824K, 100% used [0x00000007a5560000, 0x00000007a6ab0000, 0x00000007a6ab0000)
  to   space 21824K,   0% used [0x00000007a6ab0000, 0x00000007a6ab0000, 0x00000007a8000000)
 concurrent mark-sweep generation total 393216K, used 79078K [0x00000007a8000000, 0x00000007c0000000, 0x00000007c0000000)
 Metaspace       used 36101K, capacity 36672K, committed 37136K, reserved 1081344K
  class space    used 4112K, capacity 4279K, committed 4372K, reserved 1048576K
2016-10-23T18:05:37.129+0800: 102.134: [GC (Allocation Failure) 2016-10-23T18:05:37.129+0800: 102.134: [ParNew
Desired survivor size 20112992 bytes, new threshold 8 (max 8)
- age   1:    3525944 bytes,    3525944 total
- age   2:    3049064 bytes,    6575008 total
- age   3:     163264 bytes,    6738272 total
- age   4:     314456 bytes,    7052728 total
- age   5:    5738880 bytes,   12791608 total
- age   6:    2253616 bytes,   15045224 total
- age   7:    2238936 bytes,   17284160 total
- age   8:    1759104 bytes,   19043264 total
: 109248K->21824K(109248K), 0.0068172 secs] 188326K->104551K(502464K), 0.0068910 secs] [Times: user=0.02 sys=0.00, real=0.01 secs] 
Heap after GC invocations=407 (full 8):
 par new generation   total 109248K, used 21824K [0x00000007a0000000, 0x00000007a8000000, 0x00000007a8000000)
  eden space 87424K,   0% used [0x00000007a0000000, 0x00000007a0000000, 0x00000007a5560000)
  from space 21824K, 100% used [0x00000007a6ab0000, 0x00000007a8000000, 0x00000007a8000000)
  to   space 21824K,   0% used [0x00000007a5560000, 0x00000007a5560000, 0x00000007a6ab0000)
 concurrent mark-sweep generation total 393216K, used 82727K [0x00000007a8000000, 0x00000007c0000000, 0x00000007c0000000)
 Metaspace       used 36101K, capacity 36672K, committed 37136K, reserved 1081344K
  class space    used 4112K, capacity 4279K, committed 4372K, reserved 1048576K
}
2016-10-23T18:05:37.136+0800: 102.141: Total time for which application threads were stopped: 0.0071444 seconds, Stopping threads took: 0.0001055 seconds
2016-10-23T18:05:37.165+0800: 102.170: Total time for which application threads were stopped: 0.0002539 seconds, Stopping threads took: 0.0000694 seconds
{Heap before GC invocations=407 (full 8):
 par new generation   total 109248K, used 109248K [0x00000007a0000000, 0x00000007a8000000, 0x00000007a8000000)
  eden space 87424K, 100% used [0x00000007a0000000, 0x00000007a5560000, 0x00000007a5560000)
  from space 21824K, 100% used [0x00000007a6ab0000, 0x00000007a8000000, 0x00000007a8000000)
  to   space 21824K,   0% used [0x00000007a5560000, 0x00000007a5560000, 0x00000007a6ab0000)
 concurrent mark-sweep generation total 393216K, used 82727K [0x00000007a8000000, 0x00000007c0000000, 0x00000007c0000000)
 Metaspace       used 36101K, capacity 36672K, committed 37136K, reserved 1081344K
  class space    used 4112K, capacity 4279K, committed 4372K, reserved 1048576K
2016-10-23T18:05:37.265+0800: 102.270: [GC (Allocation Failure) 2016-10-23T18:05:37.265+0800: 102.270: [ParNew
Desired survivor size 20112992 bytes, new threshold 8 (max 8)
- age   1:    4844472 bytes,    4844472 total
- age   2:    1443224 bytes,    6287696 total
- age   3:    1364528 bytes,    7652224 total
- age   4:     159936 bytes,    7812160 total
- age   5:     307576 bytes,    8119736 total
- age   6:    5214560 bytes,   13334296 total
- age   7:    2253616 bytes,   15587912 total
- age   8:    2238920 bytes,   17826832 total
: 109248K->21824K(109248K), 0.0080482 secs] 191975K->110487K(502464K), 0.0081066 secs] [Times: user=0.03 sys=0.00, real=0.01 secs] 
Heap after GC invocations=408 (full 8):
 par new generation   total 109248K, used 21824K [0x00000007a0000000, 0x00000007a8000000, 0x00000007a8000000)
  eden space 87424K,   0% used [0x00000007a0000000, 0x00000007a0000000, 0x00000007a5560000)
  from space 21824K, 100% used [0x00000007a5560000, 0x00000007a6ab0000, 0x00000007a6ab0000)
  to   space 21824K,   0% used [0x00000007a6ab0000, 0x00000007a6ab0000, 0x00000007a8000000)
 concurrent mark-sweep generation total 393216K, used 88663K [0x00000007a8000000, 0x00000007c0000000, 0x00000007c0000000)
 Metaspace       used 36101K, capacity 36672K, committed 37136K, reserved 1081344K
  class space    used 4112K, capacity 4279K, committed 4372K, reserved 1048576K
}
2016-10-23T18:05:37.273+0800: 102.278: Total time for which application threads were stopped: 0.0083162 seconds, Stopping threads took: 0.0000654 seconds
{Heap before GC invocations=408 (full 8):
 par new generation   total 109248K, used 109248K [0x00000007a0000000, 0x00000007a8000000, 0x00000007a8000000)
  eden space 87424K, 100% used [0x00000007a0000000, 0x00000007a5560000, 0x00000007a5560000)
  from space 21824K, 100% used [0x00000007a5560000, 0x00000007a6ab0000, 0x00000007a6ab0000)
  to   space 21824K,   0% used [0x00000007a6ab0000, 0x00000007a6ab0000, 0x00000007a8000000)
 concurrent mark-sweep generation total 393216K, used 88663K [0x00000007a8000000, 0x00000007c0000000, 0x00000007c0000000)
 Metaspace       used 36101K, capacity 36672K, committed 37136K, reserved 1081344K
  class space    used 4112K, capacity 4279K, committed 4372K, reserved 1048576K
2016-10-23T18:05:37.402+0800: 102.406: [GC (Allocation Failure) 2016-10-23T18:05:37.402+0800: 102.406: [ParNew
Desired survivor size 20112992 bytes, new threshold 8 (max 8)
- age   1:    5735808 bytes,    5735808 total
- age   2:    2908224 bytes,    8644032 total
- age   3:    1347872 bytes,    9991904 total
- age   4:    1310944 bytes,   11302848 total
- age   5:     147848 bytes,   11450696 total
- age   6:     277496 bytes,   11728192 total
- age   7:    5192392 bytes,   16920584 total
- age   8:    2224872 bytes,   19145456 total
: 109248K->21824K(109248K), 0.0078326 secs] 197911K->114655K(502464K), 0.0079368 secs] [Times: user=0.02 sys=0.00, real=0.01 secs] 
Heap after GC invocations=409 (full 8):
 par new generation   total 109248K, used 21824K [0x00000007a0000000, 0x00000007a8000000, 0x00000007a8000000)
  eden space 87424K,   0% used [0x00000007a0000000, 0x00000007a0000000, 0x00000007a5560000)
  from space 21824K, 100% used [0x00000007a6ab0000, 0x00000007a8000000, 0x00000007a8000000)
  to   space 21824K,   0% used [0x00000007a5560000, 0x00000007a5560000, 0x00000007a6ab0000)
 concurrent mark-sweep generation total 393216K, used 92831K [0x00000007a8000000, 0x00000007c0000000, 0x00000007c0000000)
 Metaspace       used 36101K, capacity 36672K, committed 37136K, reserved 1081344K
  class space    used 4112K, capacity 4279K, committed 4372K, reserved 1048576K
}
2016-10-23T18:05:37.410+0800: 102.414: Total time for which application threads were stopped: 0.0082388 seconds, Stopping threads took: 0.0001162 seconds
{Heap before GC invocations=409 (full 8):
 par new generation   total 109248K, used 109248K [0x00000007a0000000, 0x00000007a8000000, 0x00000007a8000000)
  eden space 87424K, 100% used [0x00000007a0000000, 0x00000007a5560000, 0x00000007a5560000)
  from space 21824K, 100% used [0x00000007a6ab0000, 0x00000007a8000000, 0x00000007a8000000)
  to   space 21824K,   0% used [0x00000007a5560000, 0x00000007a5560000, 0x00000007a6ab0000)
 concurrent mark-sweep generation total 393216K, used 92831K [0x00000007a8000000, 0x00000007c0000000, 0x00000007c0000000)
 Metaspace       used 36101K, capacity 36672K, committed 37136K, reserved 1081344K
  class space    used 4112K, capacity 4279K, committed 4372K, reserved 1048576K
2016-10-23T18:05:37.536+0800: 102.541: [GC (Allocation Failure) 2016-10-23T18:05:37.536+0800: 102.541: [ParNew
Desired survivor size 20112992 bytes, new threshold 8 (max 8)
- age   1:    7339872 bytes,    7339872 total
- age   2:    2441320 bytes,    9781192 total
- age   3:    2568240 bytes,   12349432 total
- age   4:    1235592 bytes,   13585024 total
- age   5:    1257688 bytes,   14842712 total
- age   6:     136168 bytes,   14978880 total
- age   7:     256928 bytes,   15235808 total
- age   8:    5841136 bytes,   21076944 total
: 109248K->21824K(109248K), 0.0083011 secs] 202079K->118390K(502464K), 0.0083636 secs] [Times: user=0.03 sys=0.00, real=0.01 secs] 
Heap after GC invocations=410 (full 8):
 par new generation   total 109248K, used 21824K [0x00000007a0000000, 0x00000007a8000000, 0x00000007a8000000)
  eden space 87424K,   0% used [0x00000007a0000000, 0x00000007a0000000, 0x00000007a5560000)
  from space 21824K, 100% used [0x00000007a5560000, 0x00000007a6ab0000, 0x00000007a6ab0000)
  to   space 21824K,   0% used [0x00000007a6ab0000, 0x00000007a6ab0000, 0x00000007a8000000)
 concurrent mark-sweep generation total 393216K, used 96566K [0x00000007a8000000, 0x00000007c0000000, 0x00000007c0000000)
 Metaspace       used 36101K, capacity 36672K, committed 37136K, reserved 1081344K
  class space    used 4112K, capacity 4279K, committed 4372K, reserved 1048576K
}
2016-10-23T18:05:37.545+0800: 102.549: Total time for which application threads were stopped: 0.0086422 seconds, Stopping threads took: 0.0000994 seconds
{Heap before GC invocations=410 (full 8):
 par new generation   total 109248K, used 109248K [0x00000007a0000000, 0x00000007a8000000, 0x00000007a8000000)
  eden space 87424K, 100% used [0x00000007a0000000, 0x00000007a5560000, 0x00000007a5560000)
  from space 21824K, 100% used [0x00000007a5560000, 0x00000007a6ab0000, 0x00000007a6ab0000)
  to   space 21824K,   0% used [0x00000007a6ab0000, 0x00000007a6ab0000, 0x00000007a8000000)
 concurrent mark-sweep generation total 393216K, used 96566K [0x00000007a8000000, 0x00000007c0000000, 0x00000007c0000000)
 Metaspace       used 36101K, capacity 36672K, committed 37136K, reserved 1081344K
  class space    used 4112K, capacity 4279K, committed 4372K, reserved 1048576K
2016-10-23T18:05:37.674+0800: 102.679: [GC (Allocation Failure) 2016-10-23T18:05:37.674+0800: 102.679: [ParNew
Desired survivor size 20112992 bytes, new threshold 8 (max 8)
- age   1:    8661392 bytes,    8661392 total
- age   2:    2981152 bytes,   11642544 total
- age   3:    2237352 bytes,   13879896 total
- age   4:    1620328 bytes,   15500224 total
- age   5:    1137136 bytes,   16637360 total
- age   6:    1212912 bytes,   17850272 total
- age   7:     131904 bytes,   17982176 total
- age   8:     243232 bytes,   18225408 total
: 109248K->21824K(109248K), 0.0081465 secs] 205814K->125139K(502464K), 0.0082165 secs] [Times: user=0.02 sys=0.01, real=0.01 secs] 
Heap after GC invocations=411 (full 8):
 par new generation   total 109248K, used 21824K [0x00000007a0000000, 0x00000007a8000000, 0x00000007a8000000)
  eden space 87424K,   0% used [0x00000007a0000000, 0x00000007a0000000, 0x00000007a5560000)
  from space 21824K, 100% used [0x00000007a6ab0000, 0x00000007a8000000, 0x00000007a8000000)
  to   space 21824K,   0% used [0x00000007a5560000, 0x00000007a5560000, 0x00000007a6ab0000)
 concurrent mark-sweep generation total 393216K, used 103315K [0x00000007a8000000, 0x00000007c0000000, 0x00000007c0000000)
 Metaspace       used 36101K, capacity 36672K, committed 37136K, reserved 1081344K
  class space    used 4112K, capacity 4279K, committed 4372K, reserved 1048576K
}
2016-10-23T18:05:37.683+0800: 102.687: Total time for which application threads were stopped: 0.0084937 seconds, Stopping threads took: 0.0001086 seconds
{Heap before GC invocations=411 (full 8):
 par new generation   total 109248K, used 109248K [0x00000007a0000000, 0x00000007a8000000, 0x00000007a8000000)
  eden space 87424K, 100% used [0x00000007a0000000, 0x00000007a5560000, 0x00000007a5560000)
  from space 21824K, 100% used [0x00000007a6ab0000, 0x00000007a8000000, 0x00000007a8000000)
  to   space 21824K,   0% used [0x00000007a5560000, 0x00000007a5560000, 0x00000007a6ab0000)
 concurrent mark-sweep generation total 393216K, used 103315K [0x00000007a8000000, 0x00000007c0000000, 0x00000007c0000000)
 Metaspace       used 36101K, capacity 36672K, committed 37136K, reserved 1081344K
  class space    used 4112K, capacity 4279K, committed 4372K, reserved 1048576K
2016-10-23T18:05:37.817+0800: 102.821: [GC (Allocation Failure) 2016-10-23T18:05:37.817+0800: 102.821: [ParNew
Desired survivor size 20112992 bytes, new threshold 8 (max 8)
- age   1:    8265848 bytes,    8265848 total
- age   2:    4647936 bytes,   12913784 total
- age   3:    2111936 bytes,   15025720 total
- age   4:    1409384 bytes,   16435104 total
- age   5:    1152080 bytes,   17587184 total
- age   6:     929056 bytes,   18516240 total
- age   7:    1055888 bytes,   19572128 total
- age   8:      98720 bytes,   19670848 total
: 109248K->21824K(109248K), 0.0068779 secs] 212563K->128222K(502464K), 0.0069358 secs] [Times: user=0.03 sys=0.00, real=0.01 secs] 
Heap after GC invocations=412 (full 8):
 par new generation   total 109248K, used 21824K [0x00000007a0000000, 0x00000007a8000000, 0x00000007a8000000)
  eden space 87424K,   0% used [0x00000007a0000000, 0x00000007a0000000, 0x00000007a5560000)
  from space 21824K, 100% used [0x00000007a5560000, 0x00000007a6ab0000, 0x00000007a6ab0000)
  to   space 21824K,   0% used [0x00000007a6ab0000, 0x00000007a6ab0000, 0x00000007a8000000)
 concurrent mark-sweep generation total 393216K, used 106398K [0x00000007a8000000, 0x00000007c0000000, 0x00000007c0000000)
 Metaspace       used 36101K, capacity 36672K, committed 37136K, reserved 1081344K
  class space    used 4112K, capacity 4279K, committed 4372K, reserved 1048576K
}
2016-10-23T18:05:37.824+0800: 102.828: Total time for which application threads were stopped: 0.0071620 seconds, Stopping threads took: 0.0000587 seconds
{Heap before GC invocations=412 (full 8):
 par new generation   total 109248K, used 109228K [0x00000007a0000000, 0x00000007a8000000, 0x00000007a8000000)
  eden space 87424K,  99% used [0x00000007a0000000, 0x00000007a555b270, 0x00000007a5560000)
  from space 21824K, 100% used [0x00000007a5560000, 0x00000007a6ab0000, 0x00000007a6ab0000)
  to   space 21824K,   0% used [0x00000007a6ab0000, 0x00000007a6ab0000, 0x00000007a8000000)
 concurrent mark-sweep generation total 393216K, used 106398K [0x00000007a8000000, 0x00000007c0000000, 0x00000007c0000000)
 Metaspace       used 36101K, capacity 36672K, committed 37136K, reserved 1081344K
  class space    used 4112K, capacity 4279K, committed 4372K, reserved 1048576K
2016-10-23T18:05:37.893+0800: 102.898: [GC (Allocation Failure) 2016-10-23T18:05:37.893+0800: 102.898: [ParNew
Desired survivor size 20112992 bytes, new threshold 8 (max 8)
- age   1:     718008 bytes,     718008 total
- age   2:    5854712 bytes,    6572720 total
- age   3:    3923776 bytes,   10496496 total
- age   4:    1995552 bytes,   12492048 total
- age   5:    1398240 bytes,   13890288 total
- age   6:    1141208 bytes,   15031496 total
- age   7:     922080 bytes,   15953576 total
- age   8:    1052240 bytes,   17005816 total
: 109228K->21824K(109248K), 0.0074240 secs] 215627K->132061K(502464K), 0.0074838 secs] [Times: user=0.02 sys=0.00, real=0.01 secs] 
Heap after GC invocations=413 (full 8):
 par new generation   total 109248K, used 21824K [0x00000007a0000000, 0x00000007a8000000, 0x00000007a8000000)
  eden space 87424K,   0% used [0x00000007a0000000, 0x00000007a0000000, 0x00000007a5560000)
  from space 21824K, 100% used [0x00000007a6ab0000, 0x00000007a8000000, 0x00000007a8000000)
  to   space 21824K,   0% used [0x00000007a5560000, 0x00000007a5560000, 0x00000007a6ab0000)
 concurrent mark-sweep generation total 393216K, used 110237K [0x00000007a8000000, 0x00000007c0000000, 0x00000007c0000000)
 Metaspace       used 36101K, capacity 36672K, committed 37136K, reserved 1081344K
  class space    used 4112K, capacity 4279K, committed 4372K, reserved 1048576K
}
2016-10-23T18:05:37.901+0800: 102.905: Total time for which application threads were stopped: 0.0077747 seconds, Stopping threads took: 0.0000888 seconds
{Heap before GC invocations=413 (full 8):
 par new generation   total 109248K, used 109248K [0x00000007a0000000, 0x00000007a8000000, 0x00000007a8000000)
  eden space 87424K, 100% used [0x00000007a0000000, 0x00000007a5560000, 0x00000007a5560000)
  from space 21824K, 100% used [0x00000007a6ab0000, 0x00000007a8000000, 0x00000007a8000000)
  to   space 21824K,   0% used [0x00000007a5560000, 0x00000007a5560000, 0x00000007a6ab0000)
 concurrent mark-sweep generation total 393216K, used 110237K [0x00000007a8000000, 0x00000007c0000000, 0x00000007c0000000)
 Metaspace       used 36101K, capacity 36672K, committed 37136K, reserved 1081344K
  class space    used 4112K, capacity 4279K, committed 4372K, reserved 1048576K
2016-10-23T18:05:37.950+0800: 102.955: [GC (Allocation Failure) 2016-10-23T18:05:37.950+0800: 102.955: [ParNew
Desired survivor size 20112992 bytes, new threshold 8 (max 8)
- age   1:    3599888 bytes,    3599888 total
- age   2:     579096 bytes,    4178984 total
- age   3:    5977448 bytes,   10156432 total
- age   4:    3856064 bytes,   14012496 total
- age   5:    1927872 bytes,   15940368 total
- age   6:    1331568 bytes,   17271936 total
- age   7:    1079520 bytes,   18351456 total
- age   8:     868264 bytes,   19219720 total
: 109248K->21824K(109248K), 0.0075558 secs] 219485K->133066K(502464K), 0.0076171 secs] [Times: user=0.02 sys=0.00, real=0.00 secs] 
Heap after GC invocations=414 (full 8):
 par new generation   total 109248K, used 21824K [0x00000007a0000000, 0x00000007a8000000, 0x00000007a8000000)
  eden space 87424K,   0% used [0x00000007a0000000, 0x00000007a0000000, 0x00000007a5560000)
  from space 21824K, 100% used [0x00000007a5560000, 0x00000007a6ab0000, 0x00000007a6ab0000)
  to   space 21824K,   0% used [0x00000007a6ab0000, 0x00000007a6ab0000, 0x00000007a8000000)
 concurrent mark-sweep generation total 393216K, used 111242K [0x00000007a8000000, 0x00000007c0000000, 0x00000007c0000000)
 Metaspace       used 36101K, capacity 36672K, committed 37136K, reserved 1081344K
  class space    used 4112K, capacity 4279K, committed 4372K, reserved 1048576K
}
2016-10-23T18:05:37.958+0800: 102.962: Total time for which application threads were stopped: 0.0078492 seconds, Stopping threads took: 0.0000753 seconds
{Heap before GC invocations=414 (full 8):
 par new generation   total 109248K, used 109248K [0x00000007a0000000, 0x00000007a8000000, 0x00000007a8000000)
  eden space 87424K, 100% used [0x00000007a0000000, 0x00000007a5560000, 0x00000007a5560000)
  from space 21824K, 100% used [0x00000007a5560000, 0x00000007a6ab0000, 0x00000007a6ab0000)
  to   space 21824K,   0% used [0x00000007a6ab0000, 0x00000007a6ab0000, 0x00000007a8000000)
 concurrent mark-sweep generation total 393216K, used 111242K [0x00000007a8000000, 0x00000007c0000000, 0x00000007c0000000)
 Metaspace       used 36101K, capacity 36672K, committed 37136K, reserved 1081344K
  class space    used 4112K, capacity 4279K, committed 4372K, reserved 1048576K
2016-10-23T18:05:38.085+0800: 103.089: [GC (Allocation Failure) 2016-10-23T18:05:38.085+0800: 103.089: [ParNew
Desired survivor size 20112992 bytes, new threshold 8 (max 8)
- age   1:    3973208 bytes,    3973208 total
- age   2:    1388384 bytes,    5361592 total
- age   3:     547128 bytes,    5908720 total
- age   4:    5494248 bytes,   11402968 total
- age   5:    3535328 bytes,   14938296 total
- age   6:    1716616 bytes,   16654912 total
- age   7:    1096760 bytes,   17751672 total
- age   8:     691408 bytes,   18443080 total
: 109248K->21824K(109248K), 0.0072719 secs] 220490K->137276K(502464K), 0.0073316 secs] [Times: user=0.02 sys=0.00, real=0.01 secs] 
Heap after GC invocations=415 (full 8):
 par new generation   total 109248K, used 21824K [0x00000007a0000000, 0x00000007a8000000, 0x00000007a8000000)
  eden space 87424K,   0% used [0x00000007a0000000, 0x00000007a0000000, 0x00000007a5560000)
  from space 21824K, 100% used [0x00000007a6ab0000, 0x00000007a8000000, 0x00000007a8000000)
  to   space 21824K,   0% used [0x00000007a5560000, 0x00000007a5560000, 0x00000007a6ab0000)
 concurrent mark-sweep generation total 393216K, used 115452K [0x00000007a8000000, 0x00000007c0000000, 0x00000007c0000000)
 Metaspace       used 36101K, capacity 36672K, committed 37136K, reserved 1081344K
  class space    used 4112K, capacity 4279K, committed 4372K, reserved 1048576K
}
2016-10-23T18:05:38.092+0800: 103.097: Total time for which application threads were stopped: 0.0075525 seconds, Stopping threads took: 0.0000660 seconds
{Heap before GC invocations=415 (full 8):
 par new generation   total 109248K, used 109248K [0x00000007a0000000, 0x00000007a8000000, 0x00000007a8000000)
  eden space 87424K, 100% used [0x00000007a0000000, 0x00000007a5560000, 0x00000007a5560000)
  from space 21824K, 100% used [0x00000007a6ab0000, 0x00000007a8000000, 0x00000007a8000000)
  to   space 21824K,   0% used [0x00000007a5560000, 0x00000007a5560000, 0x00000007a6ab0000)
 concurrent mark-sweep generation total 393216K, used 115452K [0x00000007a8000000, 0x00000007c0000000, 0x00000007c0000000)
 Metaspace       used 36101K, capacity 36672K, committed 37136K, reserved 1081344K
  class space    used 4112K, capacity 4279K, committed 4372K, reserved 1048576K
2016-10-23T18:05:38.221+0800: 103.225: [GC (Allocation Failure) 2016-10-23T18:05:38.221+0800: 103.225: [ParNew
Desired survivor size 20112992 bytes, new threshold 8 (max 8)
- age   1:    4358512 bytes,    4358512 total
- age   2:    2539952 bytes,    6898464 total
- age   3:     833888 bytes,    7732352 total
- age   4:     509712 bytes,    8242064 total
- age   5:    5436776 bytes,   13678840 total
- age   6:    3350816 bytes,   17029656 total
- age   7:    1673840 bytes,   18703496 total
- age   8:    1051032 bytes,   19754528 total
: 109248K->21824K(109248K), 0.0070998 secs] 224700K->141055K(502464K), 0.0071983 secs] [Times: user=0.03 sys=0.00, real=0.00 secs] 
Heap after GC invocations=416 (full 8):
 par new generation   total 109248K, used 21824K [0x00000007a0000000, 0x00000007a8000000, 0x00000007a8000000)
  eden space 87424K,   0% used [0x00000007a0000000, 0x00000007a0000000, 0x00000007a5560000)
  from space 21824K, 100% used [0x00000007a5560000, 0x00000007a6ab0000, 0x00000007a6ab0000)
  to   space 21824K,   0% used [0x00000007a6ab0000, 0x00000007a6ab0000, 0x00000007a8000000)
 concurrent mark-sweep generation total 393216K, used 119231K [0x00000007a8000000, 0x00000007c0000000, 0x00000007c0000000)
 Metaspace       used 36101K, capacity 36672K, committed 37136K, reserved 1081344K
  class space    used 4112K, capacity 4279K, committed 4372K, reserved 1048576K
}
2016-10-23T18:05:38.228+0800: 103.232: Total time for which application threads were stopped: 0.0077944 seconds, Stopping threads took: 0.0001236 seconds
{Heap before GC invocations=416 (full 8):
 par new generation   total 109248K, used 109248K [0x00000007a0000000, 0x00000007a8000000, 0x00000007a8000000)
  eden space 87424K, 100% used [0x00000007a0000000, 0x00000007a5560000, 0x00000007a5560000)
  from space 21824K, 100% used [0x00000007a5560000, 0x00000007a6ab0000, 0x00000007a6ab0000)
  to   space 21824K,   0% used [0x00000007a6ab0000, 0x00000007a6ab0000, 0x00000007a8000000)
 concurrent mark-sweep generation total 393216K, used 119231K [0x00000007a8000000, 0x00000007c0000000, 0x00000007c0000000)
 Metaspace       used 36101K, capacity 36672K, committed 37136K, reserved 1081344K
  class space    used 4112K, capacity 4279K, committed 4372K, reserved 1048576K
2016-10-23T18:05:38.356+0800: 103.360: [GC (Allocation Failure) 2016-10-23T18:05:38.356+0800: 103.360: [ParNew
Desired survivor size 20112992 bytes, new threshold 8 (max 8)
- age   1:    5495368 bytes,    5495368 total
- age   2:    3024280 bytes,    8519648 total
- age   3:    1892360 bytes,   10412008 total
- age   4:     514008 bytes,   10926016 total
- age   5:     128768 bytes,   11054784 total
- age   6:    5038920 bytes,   16093704 total
- age   7:    3347208 bytes,   19440912 total
- age   8:    1668296 bytes,   21109208 total
: 109248K->21824K(109248K), 0.0078000 secs] 228479K->145078K(502464K), 0.0078721 secs] [Times: user=0.02 sys=0.01, real=0.01 secs] 
Heap after GC invocations=417 (full 8):
 par new generation   total 109248K, used 21824K [0x00000007a0000000, 0x00000007a8000000, 0x00000007a8000000)
  eden space 87424K,   0% used [0x00000007a0000000, 0x00000007a0000000, 0x00000007a5560000)
  from space 21824K, 100% used [0x00000007a6ab0000, 0x00000007a8000000, 0x00000007a8000000)
  to   space 21824K,   0% used [0x00000007a5560000, 0x00000007a5560000, 0x00000007a6ab0000)
 concurrent mark-sweep generation total 393216K, used 123254K [0x00000007a8000000, 0x00000007c0000000, 0x00000007c0000000)
 Metaspace       used 36101K, capacity 36672K, committed 37136K, reserved 1081344K
  class space    used 4112K, capacity 4279K, committed 4372K, reserved 1048576K
}
2016-10-23T18:05:38.364+0800: 103.368: Total time for which application threads were stopped: 0.0081147 seconds, Stopping threads took: 0.0000884 seconds
{Heap before GC invocations=417 (full 8):
 par new generation   total 109248K, used 109248K [0x00000007a0000000, 0x00000007a8000000, 0x00000007a8000000)
  eden space 87424K, 100% used [0x00000007a0000000, 0x00000007a5560000, 0x00000007a5560000)
  from space 21824K, 100% used [0x00000007a6ab0000, 0x00000007a8000000, 0x00000007a8000000)
  to   space 21824K,   0% used [0x00000007a5560000, 0x00000007a5560000, 0x00000007a6ab0000)
 concurrent mark-sweep generation total 393216K, used 123254K [0x00000007a8000000, 0x00000007c0000000, 0x00000007c0000000)
 Metaspace       used 36101K, capacity 36672K, committed 37136K, reserved 1081344K
  class space    used 4112K, capacity 4279K, committed 4372K, reserved 1048576K
2016-10-23T18:05:38.485+0800: 103.490: [GC (Allocation Failure) 2016-10-23T18:05:38.485+0800: 103.490: [ParNew
Desired survivor size 20112992 bytes, new threshold 8 (max 8)
- age   1:    6657272 bytes,    6657272 total
- age   2:    1627344 bytes,    8284616 total
- age   3:    1880120 bytes,   10164736 total
- age   4:    1793120 bytes,   11957856 total
- age   5:     277496 bytes,   12235352 total
- age   6:     125896 bytes,   12361248 total
- age   7:    4935912 bytes,   17297160 total
- age   8:    3307096 bytes,   20604256 total
: 109248K->21824K(109248K), 0.0076803 secs] 232502K->150265K(502464K), 0.0077536 secs] [Times: user=0.03 sys=0.00, real=0.01 secs] 
Heap after GC invocations=418 (full 8):
 par new generation   total 109248K, used 21824K [0x00000007a0000000, 0x00000007a8000000, 0x00000007a8000000)
  eden space 87424K,   0% used [0x00000007a0000000, 0x00000007a0000000, 0x00000007a5560000)
  from space 21824K, 100% used [0x00000007a5560000, 0x00000007a6ab0000, 0x00000007a6ab0000)
  to   space 21824K,   0% used [0x00000007a6ab0000, 0x00000007a6ab0000, 0x00000007a8000000)
 concurrent mark-sweep generation total 393216K, used 128441K [0x00000007a8000000, 0x00000007c0000000, 0x00000007c0000000)
 Metaspace       used 36101K, capacity 36672K, committed 37136K, reserved 1081344K
  class space    used 4112K, capacity 4279K, committed 4372K, reserved 1048576K
}
2016-10-23T18:05:38.493+0800: 103.498: Total time for which application threads were stopped: 0.0080429 seconds, Stopping threads took: 0.0001081 seconds
{Heap before GC invocations=418 (full 8):
 par new generation   total 109248K, used 109248K [0x00000007a0000000, 0x00000007a8000000, 0x00000007a8000000)
  eden space 87424K, 100% used [0x00000007a0000000, 0x00000007a5560000, 0x00000007a5560000)
  from space 21824K, 100% used [0x00000007a5560000, 0x00000007a6ab0000, 0x00000007a6ab0000)
  to   space 21824K,   0% used [0x00000007a6ab0000, 0x00000007a6ab0000, 0x00000007a8000000)
 concurrent mark-sweep generation total 393216K, used 128441K [0x00000007a8000000, 0x00000007c0000000, 0x00000007c0000000)
 Metaspace       used 36101K, capacity 36672K, committed 37136K, reserved 1081344K
  class space    used 4112K, capacity 4279K, committed 4372K, reserved 1048576K
2016-10-23T18:05:38.622+0800: 103.626: [GC (Allocation Failure) 2016-10-23T18:05:38.622+0800: 103.626: [ParNew
Desired survivor size 20112992 bytes, new threshold 8 (max 8)
- age   1:    8724040 bytes,    8724040 total
- age   2:    2539952 bytes,   11263992 total
- age   3:    1374168 bytes,   12638160 total
- age   4:    1362232 bytes,   14000392 total
- age   5:    1685576 bytes,   15685968 total
- age   6:     258040 bytes,   15944008 total
- age   7:     123736 bytes,   16067744 total
- age   8:    3871784 bytes,   19939528 total
: 109248K->21824K(109248K), 0.0075174 secs] 237689K->156094K(502464K), 0.0076217 secs] [Times: user=0.02 sys=0.00, real=0.00 secs] 
Heap after GC invocations=419 (full 8):
 par new generation   total 109248K, used 21824K [0x00000007a0000000, 0x00000007a8000000, 0x00000007a8000000)
  eden space 87424K,   0% used [0x00000007a0000000, 0x00000007a0000000, 0x00000007a5560000)
  from space 21824K, 100% used [0x00000007a6ab0000, 0x00000007a8000000, 0x00000007a8000000)
  to   space 21824K,   0% used [0x00000007a5560000, 0x00000007a5560000, 0x00000007a6ab0000)
 concurrent mark-sweep generation total 393216K, used 134270K [0x00000007a8000000, 0x00000007c0000000, 0x00000007c0000000)
 Metaspace       used 36101K, capacity 36672K, committed 37136K, reserved 1081344K
  class space    used 4112K, capacity 4279K, committed 4372K, reserved 1048576K
}
2016-10-23T18:05:38.629+0800: 103.634: Total time for which application threads were stopped: 0.0079953 seconds, Stopping threads took: 0.0001507 seconds
{Heap before GC invocations=419 (full 8):
 par new generation   total 109248K, used 109248K [0x00000007a0000000, 0x00000007a8000000, 0x00000007a8000000)
  eden space 87424K, 100% used [0x00000007a0000000, 0x00000007a5560000, 0x00000007a5560000)
  from space 21824K, 100% used [0x00000007a6ab0000, 0x00000007a8000000, 0x00000007a8000000)
  to   space 21824K,   0% used [0x00000007a5560000, 0x00000007a5560000, 0x00000007a6ab0000)
 concurrent mark-sweep generation total 393216K, used 134270K [0x00000007a8000000, 0x00000007c0000000, 0x00000007c0000000)
 Metaspace       used 36101K, capacity 36672K, committed 37136K, reserved 1081344K
  class space    used 4112K, capacity 4279K, committed 4372K, reserved 1048576K
2016-10-23T18:05:38.757+0800: 103.762: [GC (Allocation Failure) 2016-10-23T18:05:38.757+0800: 103.762: [ParNew
Desired survivor size 20112992 bytes, new threshold 8 (max 8)
- age   1:    7661104 bytes,    7661104 total
- age   2:    3532240 bytes,   11193344 total
- age   3:    2119240 bytes,   13312584 total
- age   4:    1301192 bytes,   14613776 total
- age   5:    1331616 bytes,   15945392 total
- age   6:    1059008 bytes,   17004400 total
- age   7:     252208 bytes,   17256608 total
- age   8:     118000 bytes,   17374608 total
: 109248K->21824K(109248K), 0.0074017 secs] 243518K->164427K(502464K), 0.0074668 secs] [Times: user=0.02 sys=0.00, real=0.01 secs] 
Heap after GC invocations=420 (full 8):
 par new generation   total 109248K, used 21824K [0x00000007a0000000, 0x00000007a8000000, 0x00000007a8000000)
  eden space 87424K,   0% used [0x00000007a0000000, 0x00000007a0000000, 0x00000007a5560000)
  from space 21824K, 100% used [0x00000007a5560000, 0x00000007a6ab0000, 0x00000007a6ab0000)
  to   space 21824K,   0% used [0x00000007a6ab0000, 0x00000007a6ab0000, 0x00000007a8000000)
 concurrent mark-sweep generation total 393216K, used 142603K [0x00000007a8000000, 0x00000007c0000000, 0x00000007c0000000)
 Metaspace       used 36101K, capacity 36672K, committed 37136K, reserved 1081344K
  class space    used 4112K, capacity 4279K, committed 4372K, reserved 1048576K
}
2016-10-23T18:05:38.765+0800: 103.769: Total time for which application threads were stopped: 0.0077447 seconds, Stopping threads took: 0.0001103 seconds
{Heap before GC invocations=420 (full 8):
 par new generation   total 109248K, used 109248K [0x00000007a0000000, 0x00000007a8000000, 0x00000007a8000000)
  eden space 87424K, 100% used [0x00000007a0000000, 0x00000007a5560000, 0x00000007a5560000)
  from space 21824K, 100% used [0x00000007a5560000, 0x00000007a6ab0000, 0x00000007a6ab0000)
  to   space 21824K,   0% used [0x00000007a6ab0000, 0x00000007a6ab0000, 0x00000007a8000000)
 concurrent mark-sweep generation total 393216K, used 142603K [0x00000007a8000000, 0x00000007c0000000, 0x00000007c0000000)
 Metaspace       used 36101K, capacity 36672K, committed 37136K, reserved 1081344K
  class space    used 4112K, capacity 4279K, committed 4372K, reserved 1048576K
2016-10-23T18:05:38.875+0800: 103.880: [GC (Allocation Failure) 2016-10-23T18:05:38.875+0800: 103.880: [ParNew
Desired survivor size 20112992 bytes, new threshold 8 (max 8)
- age   1:    2046912 bytes,    2046912 total
- age   2:    6933680 bytes,    8980592 total
- age   3:    2942384 bytes,   11922976 total
- age   4:    1918328 bytes,   13841304 total
- age   5:    1180272 bytes,   15021576 total
- age   6:    1210768 bytes,   16232344 total
- age   7:     968048 bytes,   17200392 total
- age   8:     228704 bytes,   17429096 total
: 109248K->21824K(109248K), 0.0055964 secs] 251851K->166381K(502464K), 0.0056603 secs] [Times: user=0.02 sys=0.00, real=0.01 secs] 
Heap after GC invocations=421 (full 8):
 par new generation   total 109248K, used 21824K [0x00000007a0000000, 0x00000007a8000000, 0x00000007a8000000)
  eden space 87424K,   0% used [0x00000007a0000000, 0x00000007a0000000, 0x00000007a5560000)
  from space 21824K, 100% used [0x00000007a6ab0000, 0x00000007a8000000, 0x00000007a8000000)
  to   space 21824K,   0% used [0x00000007a5560000, 0x00000007a5560000, 0x00000007a6ab0000)
 concurrent mark-sweep generation total 393216K, used 144557K [0x00000007a8000000, 0x00000007c0000000, 0x00000007c0000000)
 Metaspace       used 36101K, capacity 36672K, committed 37136K, reserved 1081344K
  class space    used 4112K, capacity 4279K, committed 4372K, reserved 1048576K
}
2016-10-23T18:05:38.881+0800: 103.885: Total time for which application threads were stopped: 0.0059140 seconds, Stopping threads took: 0.0000818 seconds
{Heap before GC invocations=421 (full 8):
 par new generation   total 109248K, used 109248K [0x00000007a0000000, 0x00000007a8000000, 0x00000007a8000000)
  eden space 87424K, 100% used [0x00000007a0000000, 0x00000007a5560000, 0x00000007a5560000)
  from space 21824K, 100% used [0x00000007a6ab0000, 0x00000007a8000000, 0x00000007a8000000)
  to   space 21824K,   0% used [0x00000007a5560000, 0x00000007a5560000, 0x00000007a6ab0000)
 concurrent mark-sweep generation total 393216K, used 144557K [0x00000007a8000000, 0x00000007c0000000, 0x00000007c0000000)
 Metaspace       used 36101K, capacity 36672K, committed 37136K, reserved 1081344K
  class space    used 4112K, capacity 4279K, committed 4372K, reserved 1048576K
2016-10-23T18:05:38.924+0800: 103.929: [GC (Allocation Failure) 2016-10-23T18:05:38.924+0800: 103.929: [ParNew
Desired survivor size 20112992 bytes, new threshold 8 (max 8)
- age   1:    1530344 bytes,    1530344 total
- age   2:    1345488 bytes,    2875832 total
- age   3:    7457184 bytes,   10333016 total
- age   4:    2712832 bytes,   13045848 total
- age   5:    1852760 bytes,   14898608 total
- age   6:    1180240 bytes,   16078848 total
- age   7:    1210304 bytes,   17289152 total
- age   8:     968048 bytes,   18257200 total
: 109248K->21824K(109248K), 0.0051197 secs] 253805K->166922K(502464K), 0.0051672 secs] [Times: user=0.01 sys=0.00, real=0.01 secs] 
Heap after GC invocations=422 (full 8):
 par new generation   total 109248K, used 21824K [0x00000007a0000000, 0x00000007a8000000, 0x00000007a8000000)
  eden space 87424K,   0% used [0x00000007a0000000, 0x00000007a0000000, 0x00000007a5560000)
  from space 21824K, 100% used [0x00000007a5560000, 0x00000007a6ab0000, 0x00000007a6ab0000)
  to   space 21824K,   0% used [0x00000007a6ab0000, 0x00000007a6ab0000, 0x00000007a8000000)
 concurrent mark-sweep generation total 393216K, used 145098K [0x00000007a8000000, 0x00000007c0000000, 0x00000007c0000000)
 Metaspace       used 36101K, capacity 36672K, committed 37136K, reserved 1081344K
  class space    used 4112K, capacity 4279K, committed 4372K, reserved 1048576K
}
2016-10-23T18:05:38.930+0800: 103.934: Total time for which application threads were stopped: 0.0053977 seconds, Stopping threads took: 0.0000844 seconds
2016-10-23T18:05:38.987+0800: 103.992: Total time for which application threads were stopped: 0.0001846 seconds, Stopping threads took: 0.0000787 seconds
{Heap before GC invocations=422 (full 8):
 par new generation   total 109248K, used 109248K [0x00000007a0000000, 0x00000007a8000000, 0x00000007a8000000)
  eden space 87424K, 100% used [0x00000007a0000000, 0x00000007a5560000, 0x00000007a5560000)
  from space 21824K, 100% used [0x00000007a5560000, 0x00000007a6ab0000, 0x00000007a6ab0000)
  to   space 21824K,   0% used [0x00000007a6ab0000, 0x00000007a6ab0000, 0x00000007a8000000)
 concurrent mark-sweep generation total 393216K, used 145098K [0x00000007a8000000, 0x00000007c0000000, 0x00000007c0000000)
 Metaspace       used 36102K, capacity 36672K, committed 37136K, reserved 1081344K
  class space    used 4112K, capacity 4279K, committed 4372K, reserved 1048576K
2016-10-23T18:05:39.026+0800: 104.031: [GC (Allocation Failure) 2016-10-23T18:05:39.026+0800: 104.031: [ParNew
Desired survivor size 20112992 bytes, new threshold 8 (max 8)
- age   1:    4886784 bytes,    4886784 total
- age   2:     536192 bytes,    5422976 total
- age   3:    1033616 bytes,    6456592 total
- age   4:    6422768 bytes,   12879360 total
- age   5:    2439904 bytes,   15319264 total
- age   6:    1460064 bytes,   16779328 total
- age   7:    1068096 bytes,   17847424 total
- age   8:    1106680 bytes,   18954104 total
: 109248K->21824K(109248K), 0.0057147 secs] 254346K->169069K(502464K), 0.0057709 secs] [Times: user=0.02 sys=0.00, real=0.01 secs] 
Heap after GC invocations=423 (full 8):
 par new generation   total 109248K, used 21824K [0x00000007a0000000, 0x00000007a8000000, 0x00000007a8000000)
  eden space 87424K,   0% used [0x00000007a0000000, 0x00000007a0000000, 0x00000007a5560000)
  from space 21824K, 100% used [0x00000007a6ab0000, 0x00000007a8000000, 0x00000007a8000000)
  to   space 21824K,   0% used [0x00000007a5560000, 0x00000007a5560000, 0x00000007a6ab0000)
 concurrent mark-sweep generation total 393216K, used 147245K [0x00000007a8000000, 0x00000007c0000000, 0x00000007c0000000)
 Metaspace       used 36102K, capacity 36672K, committed 37136K, reserved 1081344K
  class space    used 4112K, capacity 4279K, committed 4372K, reserved 1048576K
}
2016-10-23T18:05:39.032+0800: 104.036: Total time for which application threads were stopped: 0.0060055 seconds, Stopping threads took: 0.0000625 seconds
{Heap before GC invocations=423 (full 8):
 par new generation   total 109248K, used 109248K [0x00000007a0000000, 0x00000007a8000000, 0x00000007a8000000)
  eden space 87424K, 100% used [0x00000007a0000000, 0x00000007a5560000, 0x00000007a5560000)
  from space 21824K, 100% used [0x00000007a6ab0000, 0x00000007a8000000, 0x00000007a8000000)
  to   space 21824K,   0% used [0x00000007a5560000, 0x00000007a5560000, 0x00000007a6ab0000)
 concurrent mark-sweep generation total 393216K, used 147245K [0x00000007a8000000, 0x00000007c0000000, 0x00000007c0000000)
 Metaspace       used 36103K, capacity 36672K, committed 37136K, reserved 1081344K
  class space    used 4112K, capacity 4279K, committed 4372K, reserved 1048576K
2016-10-23T18:05:39.151+0800: 104.155: [GC (Allocation Failure) 2016-10-23T18:05:39.151+0800: 104.155: [ParNew
Desired survivor size 20112992 bytes, new threshold 8 (max 8)
- age   1:    5380528 bytes,    5380528 total
- age   2:    3037256 bytes,    8417784 total
- age   3:     374456 bytes,    8792240 total
- age   4:     992232 bytes,    9784472 total
- age   5:    5176144 bytes,   14960616 total
- age   6:    2439904 bytes,   17400520 total
- age   7:    1460064 bytes,   18860584 total
- age   8:    1068080 bytes,   19928664 total
: 109248K->21824K(109248K), 0.0078273 secs] 256493K->172274K(502464K), 0.0078822 secs] [Times: user=0.03 sys=0.00, real=0.00 secs] 
Heap after GC invocations=424 (full 8):
 par new generation   total 109248K, used 21824K [0x00000007a0000000, 0x00000007a8000000, 0x00000007a8000000)
  eden space 87424K,   0% used [0x00000007a0000000, 0x00000007a0000000, 0x00000007a5560000)
  from space 21824K, 100% used [0x00000007a5560000, 0x00000007a6ab0000, 0x00000007a6ab0000)
  to   space 21824K,   0% used [0x00000007a6ab0000, 0x00000007a6ab0000, 0x00000007a8000000)
 concurrent mark-sweep generation total 393216K, used 150450K [0x00000007a8000000, 0x00000007c0000000, 0x00000007c0000000)
 Metaspace       used 36103K, capacity 36672K, committed 37136K, reserved 1081344K
  class space    used 4112K, capacity 4279K, committed 4372K, reserved 1048576K
}
2016-10-23T18:05:39.158+0800: 104.163: Total time for which application threads were stopped: 0.0080785 seconds, Stopping threads took: 0.0000506 seconds
{Heap before GC invocations=424 (full 8):
 par new generation   total 109248K, used 109248K [0x00000007a0000000, 0x00000007a8000000, 0x00000007a8000000)
  eden space 87424K, 100% used [0x00000007a0000000, 0x00000007a5560000, 0x00000007a5560000)
  from space 21824K, 100% used [0x00000007a5560000, 0x00000007a6ab0000, 0x00000007a6ab0000)
  to   space 21824K,   0% used [0x00000007a6ab0000, 0x00000007a6ab0000, 0x00000007a8000000)
 concurrent mark-sweep generation total 393216K, used 150450K [0x00000007a8000000, 0x00000007c0000000, 0x00000007c0000000)
 Metaspace       used 36103K, capacity 36672K, committed 37136K, reserved 1081344K
  class space    used 4112K, capacity 4279K, committed 4372K, reserved 1048576K
2016-10-23T18:05:39.228+0800: 104.232: [GC (Allocation Failure) 2016-10-23T18:05:39.228+0800: 104.232: [ParNew
Desired survivor size 20112992 bytes, new threshold 8 (max 8)
- age   1:    4231656 bytes,    4231656 total
- age   2:    2488464 bytes,    6720120 total
- age   3:    2669312 bytes,    9389432 total
- age   4:     333816 bytes,    9723248 total
- age   5:     983024 bytes,   10706272 total
- age   6:    5018776 bytes,   15725048 total
- age   7:    2413680 bytes,   18138728 total
- age   8:    1457608 bytes,   19596336 total
: 109248K->21824K(109248K), 0.0069299 secs] 259698K->175340K(502464K), 0.0069911 secs] [Times: user=0.03 sys=0.00, real=0.01 secs] 
Heap after GC invocations=425 (full 8):
 par new generation   total 109248K, used 21824K [0x00000007a0000000, 0x00000007a8000000, 0x00000007a8000000)
  eden space 87424K,   0% used [0x00000007a0000000, 0x00000007a0000000, 0x00000007a5560000)
  from space 21824K, 100% used [0x00000007a6ab0000, 0x00000007a8000000, 0x00000007a8000000)
  to   space 21824K,   0% used [0x00000007a5560000, 0x00000007a5560000, 0x00000007a6ab0000)
 concurrent mark-sweep generation total 393216K, used 153516K [0x00000007a8000000, 0x00000007c0000000, 0x00000007c0000000)
 Metaspace       used 36103K, capacity 36672K, committed 37136K, reserved 1081344K
  class space    used 4112K, capacity 4279K, committed 4372K, reserved 1048576K
}
2016-10-23T18:05:39.235+0800: 104.239: Total time for which application threads were stopped: 0.0072135 seconds, Stopping threads took: 0.0000828 seconds
{Heap before GC invocations=425 (full 8):
 par new generation   total 109248K, used 109248K [0x00000007a0000000, 0x00000007a8000000, 0x00000007a8000000)
  eden space 87424K, 100% used [0x00000007a0000000, 0x00000007a5560000, 0x00000007a5560000)
  from space 21824K, 100% used [0x00000007a6ab0000, 0x00000007a8000000, 0x00000007a8000000)
  to   space 21824K,   0% used [0x00000007a5560000, 0x00000007a5560000, 0x00000007a6ab0000)
 concurrent mark-sweep generation total 393216K, used 153516K [0x00000007a8000000, 0x00000007c0000000, 0x00000007c0000000)
 Metaspace       used 36103K, capacity 36672K, committed 37136K, reserved 1081344K
  class space    used 4112K, capacity 4279K, committed 4372K, reserved 1048576K
2016-10-23T18:05:39.306+0800: 104.310: [GC (Allocation Failure) 2016-10-23T18:05:39.306+0800: 104.310: [ParNew
Desired survivor size 20112992 bytes, new threshold 8 (max 8)
- age   1:    4090680 bytes,    4090680 total
- age   2:    1414888 bytes,    5505568 total
- age   3:    2169032 bytes,    7674600 total
- age   4:    2169952 bytes,    9844552 total
- age   5:     314176 bytes,   10158728 total
- age   6:     982768 bytes,   11141496 total
- age   7:    5018776 bytes,   16160272 total
- age   8:    2413680 bytes,   18573952 total
: 109248K->21824K(109248K), 0.0069557 secs] 262764K->178441K(502464K), 0.0070095 secs] [Times: user=0.03 sys=0.00, real=0.01 secs] 
Heap after GC invocations=426 (full 8):
 par new generation   total 109248K, used 21824K [0x00000007a0000000, 0x00000007a8000000, 0x00000007a8000000)
  eden space 87424K,   0% used [0x00000007a0000000, 0x00000007a0000000, 0x00000007a5560000)
  from space 21824K, 100% used [0x00000007a5560000, 0x00000007a6ab0000, 0x00000007a6ab0000)
  to   space 21824K,   0% used [0x00000007a6ab0000, 0x00000007a6ab0000, 0x00000007a8000000)
 concurrent mark-sweep generation total 393216K, used 156617K [0x00000007a8000000, 0x00000007c0000000, 0x00000007c0000000)
 Metaspace       used 36103K, capacity 36672K, committed 37136K, reserved 1081344K
  class space    used 4112K, capacity 4279K, committed 4372K, reserved 1048576K
}
2016-10-23T18:05:39.313+0800: 104.317: Total time for which application threads were stopped: 0.0072823 seconds, Stopping threads took: 0.0000974 seconds
{Heap before GC invocations=426 (full 8):
 par new generation   total 109248K, used 109248K [0x00000007a0000000, 0x00000007a8000000, 0x00000007a8000000)
  eden space 87424K, 100% used [0x00000007a0000000, 0x00000007a5560000, 0x00000007a5560000)
  from space 21824K, 100% used [0x00000007a5560000, 0x00000007a6ab0000, 0x00000007a6ab0000)
  to   space 21824K,   0% used [0x00000007a6ab0000, 0x00000007a6ab0000, 0x00000007a8000000)
 concurrent mark-sweep generation total 393216K, used 156617K [0x00000007a8000000, 0x00000007c0000000, 0x00000007c0000000)
 Metaspace       used 36103K, capacity 36672K, committed 37136K, reserved 1081344K
  class space    used 4112K, capacity 4279K, committed 4372K, reserved 1048576K
2016-10-23T18:05:39.405+0800: 104.410: [GC (Allocation Failure) 2016-10-23T18:05:39.405+0800: 104.410: [ParNew
Desired survivor size 20112992 bytes, new threshold 8 (max 8)
- age   1:    4674120 bytes,    4674120 total
- age   2:    1890544 bytes,    6564664 total
- age   3:    1387544 bytes,    7952208 total
- age   4:    2083144 bytes,   10035352 total
- age   5:    2147768 bytes,   12183120 total
- age   6:     312864 bytes,   12495984 total
- age   7:     982128 bytes,   13478112 total
- age   8:    5051320 bytes,   18529432 total
: 109248K->21824K(109248K), 0.0114556 secs] 265865K->180934K(502464K), 0.0115459 secs] [Times: user=0.04 sys=0.00, real=0.01 secs] 
Heap after GC invocations=427 (full 8):
 par new generation   total 109248K, used 21824K [0x00000007a0000000, 0x00000007a8000000, 0x00000007a8000000)
  eden space 87424K,   0% used [0x00000007a0000000, 0x00000007a0000000, 0x00000007a5560000)
  from space 21824K, 100% used [0x00000007a6ab0000, 0x00000007a8000000, 0x00000007a8000000)
  to   space 21824K,   0% used [0x00000007a5560000, 0x00000007a5560000, 0x00000007a6ab0000)
 concurrent mark-sweep generation total 393216K, used 159110K [0x00000007a8000000, 0x00000007c0000000, 0x00000007c0000000)
 Metaspace       used 36103K, capacity 36672K, committed 37136K, reserved 1081344K
  class space    used 4112K, capacity 4279K, committed 4372K, reserved 1048576K
}
2016-10-23T18:05:39.417+0800: 104.422: Total time for which application threads were stopped: 0.0117836 seconds, Stopping threads took: 0.0000701 seconds
{Heap before GC invocations=427 (full 8):
 par new generation   total 109248K, used 109210K [0x00000007a0000000, 0x00000007a8000000, 0x00000007a8000000)
  eden space 87424K,  99% used [0x00000007a0000000, 0x00000007a5556be8, 0x00000007a5560000)
  from space 21824K, 100% used [0x00000007a6ab0000, 0x00000007a8000000, 0x00000007a8000000)
  to   space 21824K,   0% used [0x00000007a5560000, 0x00000007a5560000, 0x00000007a6ab0000)
 concurrent mark-sweep generation total 393216K, used 159110K [0x00000007a8000000, 0x00000007c0000000, 0x00000007c0000000)
 Metaspace       used 36103K, capacity 36672K, committed 37136K, reserved 1081344K
  class space    used 4112K, capacity 4279K, committed 4372K, reserved 1048576K
2016-10-23T18:05:39.552+0800: 104.556: [GC (Allocation Failure) 2016-10-23T18:05:39.552+0800: 104.556: [ParNew
Desired survivor size 20112992 bytes, new threshold 8 (max 8)
- age   1:    5454760 bytes,    5454760 total
- age   2:    2062768 bytes,    7517528 total
- age   3:    1534928 bytes,    9052456 total
- age   4:    1170928 bytes,   10223384 total
- age   5:    1564184 bytes,   11787568 total
- age   6:    2138376 bytes,   13925944 total
- age   7:     311816 bytes,   14237760 total
- age   8:     980032 bytes,   15217792 total
: 109210K->21824K(109248K), 0.0106666 secs] 268321K->186984K(502464K), 0.0107176 secs] [Times: user=0.04 sys=0.00, real=0.01 secs] 
Heap after GC invocations=428 (full 8):
 par new generation   total 109248K, used 21824K [0x00000007a0000000, 0x00000007a8000000, 0x00000007a8000000)
  eden space 87424K,   0% used [0x00000007a0000000, 0x00000007a0000000, 0x00000007a5560000)
  from space 21824K, 100% used [0x00000007a5560000, 0x00000007a6ab0000, 0x00000007a6ab0000)
  to   space 21824K,   0% used [0x00000007a6ab0000, 0x00000007a6ab0000, 0x00000007a8000000)
 concurrent mark-sweep generation total 393216K, used 165160K [0x00000007a8000000, 0x00000007c0000000, 0x00000007c0000000)
 Metaspace       used 36103K, capacity 36672K, committed 37136K, reserved 1081344K
  class space    used 4112K, capacity 4279K, committed 4372K, reserved 1048576K
}
2016-10-23T18:05:39.563+0800: 104.567: Total time for which application threads were stopped: 0.0109538 seconds, Stopping threads took: 0.0000906 seconds
{Heap before GC invocations=428 (full 8):
 par new generation   total 109248K, used 109248K [0x00000007a0000000, 0x00000007a8000000, 0x00000007a8000000)
  eden space 87424K, 100% used [0x00000007a0000000, 0x00000007a5560000, 0x00000007a5560000)
  from space 21824K, 100% used [0x00000007a5560000, 0x00000007a6ab0000, 0x00000007a6ab0000)
  to   space 21824K,   0% used [0x00000007a6ab0000, 0x00000007a6ab0000, 0x00000007a8000000)
 concurrent mark-sweep generation total 393216K, used 165160K [0x00000007a8000000, 0x00000007c0000000, 0x00000007c0000000)
 Metaspace       used 36103K, capacity 36672K, committed 37136K, reserved 1081344K
  class space    used 4112K, capacity 4279K, committed 4372K, reserved 1048576K
2016-10-23T18:05:39.652+0800: 104.657: [GC (Allocation Failure) 2016-10-23T18:05:39.652+0800: 104.657: [ParNew
Desired survivor size 20112992 bytes, new threshold 8 (max 8)
- age   1:    5638184 bytes,    5638184 total
- age   2:    2788880 bytes,    8427064 total
- age   3:    1635912 bytes,   10062976 total
- age   4:    1529400 bytes,   11592376 total
- age   5:    1036608 bytes,   12628984 total
- age   6:    1512560 bytes,   14141544 total
- age   7:    2137776 bytes,   16279320 total
- age   8:     311816 bytes,   16591136 total
: 109248K->21824K(109248K), 0.0089682 secs] 274408K->187952K(502464K), 0.0090591 secs] [Times: user=0.03 sys=0.00, real=0.01 secs] 
Heap after GC invocations=429 (full 8):
 par new generation   total 109248K, used 21824K [0x00000007a0000000, 0x00000007a8000000, 0x00000007a8000000)
  eden space 87424K,   0% used [0x00000007a0000000, 0x00000007a0000000, 0x00000007a5560000)
  from space 21824K, 100% used [0x00000007a6ab0000, 0x00000007a8000000, 0x00000007a8000000)
  to   space 21824K,   0% used [0x00000007a5560000, 0x00000007a5560000, 0x00000007a6ab0000)
 concurrent mark-sweep generation total 393216K, used 166128K [0x00000007a8000000, 0x00000007c0000000, 0x00000007c0000000)
 Metaspace       used 36103K, capacity 36672K, committed 37136K, reserved 1081344K
  class space    used 4112K, capacity 4279K, committed 4372K, reserved 1048576K
}
2016-10-23T18:05:39.661+0800: 104.666: Total time for which application threads were stopped: 0.0093009 seconds, Stopping threads took: 0.0000734 seconds
{Heap before GC invocations=429 (full 8):
 par new generation   total 109248K, used 109248K [0x00000007a0000000, 0x00000007a8000000, 0x00000007a8000000)
  eden space 87424K, 100% used [0x00000007a0000000, 0x00000007a5560000, 0x00000007a5560000)
  from space 21824K, 100% used [0x00000007a6ab0000, 0x00000007a8000000, 0x00000007a8000000)
  to   space 21824K,   0% used [0x00000007a5560000, 0x00000007a5560000, 0x00000007a6ab0000)
 concurrent mark-sweep generation total 393216K, used 166128K [0x00000007a8000000, 0x00000007c0000000, 0x00000007c0000000)
 Metaspace       used 36103K, capacity 36672K, committed 37136K, reserved 1081344K
  class space    used 4112K, capacity 4279K, committed 4372K, reserved 1048576K
2016-10-23T18:05:39.737+0800: 104.741: [GC (Allocation Failure) 2016-10-23T18:05:39.737+0800: 104.741: [ParNew
Desired survivor size 20112992 bytes, new threshold 8 (max 8)
- age   1:    7536048 bytes,    7536048 total
- age   2:    1684976 bytes,    9221024 total
- age   3:    2271256 bytes,   11492280 total
- age   4:    1611832 bytes,   13104112 total
- age   5:    1495992 bytes,   14600104 total
- age   6:     750648 bytes,   15350752 total
- age   7:    1274376 bytes,   16625128 total
- age   8:    2119728 bytes,   18744856 total
: 109248K->21824K(109248K), 0.0067540 secs] 275376K->189083K(502464K), 0.0068143 secs] [Times: user=0.02 sys=0.00, real=0.01 secs] 
Heap after GC invocations=430 (full 8):
 par new generation   total 109248K, used 21824K [0x00000007a0000000, 0x00000007a8000000, 0x00000007a8000000)
  eden space 87424K,   0% used [0x00000007a0000000, 0x00000007a0000000, 0x00000007a5560000)
  from space 21824K, 100% used [0x00000007a5560000, 0x00000007a6ab0000, 0x00000007a6ab0000)
  to   space 21824K,   0% used [0x00000007a6ab0000, 0x00000007a6ab0000, 0x00000007a8000000)
 concurrent mark-sweep generation total 393216K, used 167259K [0x00000007a8000000, 0x00000007c0000000, 0x00000007c0000000)
 Metaspace       used 36103K, capacity 36672K, committed 37136K, reserved 1081344K
  class space    used 4112K, capacity 4279K, committed 4372K, reserved 1048576K
}
2016-10-23T18:05:39.743+0800: 104.748: Total time for which application threads were stopped: 0.0070673 seconds, Stopping threads took: 0.0000818 seconds
{Heap before GC invocations=430 (full 8):
 par new generation   total 109248K, used 109248K [0x00000007a0000000, 0x00000007a8000000, 0x00000007a8000000)
  eden space 87424K, 100% used [0x00000007a0000000, 0x00000007a5560000, 0x00000007a5560000)
  from space 21824K, 100% used [0x00000007a5560000, 0x00000007a6ab0000, 0x00000007a6ab0000)
  to   space 21824K,   0% used [0x00000007a6ab0000, 0x00000007a6ab0000, 0x00000007a8000000)
 concurrent mark-sweep generation total 393216K, used 167259K [0x00000007a8000000, 0x00000007c0000000, 0x00000007c0000000)
 Metaspace       used 36104K, capacity 36672K, committed 37136K, reserved 1081344K
  class space    used 4112K, capacity 4279K, committed 4372K, reserved 1048576K
2016-10-23T18:05:39.808+0800: 104.813: [GC (Allocation Failure) 2016-10-23T18:05:39.808+0800: 104.813: [ParNew
Desired survivor size 20112992 bytes, new threshold 8 (max 8)
- age   1:    2792528 bytes,    2792528 total
- age   2:    7314040 bytes,   10106568 total
- age   3:    1599912 bytes,   11706480 total
- age   4:    2167208 bytes,   13873688 total
- age   5:    1557448 bytes,   15431136 total
- age   6:    1424520 bytes,   16855656 total
- age   7:     685496 bytes,   17541152 total
- age   8:    1168088 bytes,   18709240 total
: 109248K->21824K(109248K), 0.0057301 secs] 276507K->190520K(502464K), 0.0057833 secs] [Times: user=0.02 sys=0.00, real=0.01 secs] 
Heap after GC invocations=431 (full 8):
 par new generation   total 109248K, used 21824K [0x00000007a0000000, 0x00000007a8000000, 0x00000007a8000000)
  eden space 87424K,   0% used [0x00000007a0000000, 0x00000007a0000000, 0x00000007a5560000)
  from space 21824K, 100% used [0x00000007a6ab0000, 0x00000007a8000000, 0x00000007a8000000)
  to   space 21824K,   0% used [0x00000007a5560000, 0x00000007a5560000, 0x00000007a6ab0000)
 concurrent mark-sweep generation total 393216K, used 168696K [0x00000007a8000000, 0x00000007c0000000, 0x00000007c0000000)
 Metaspace       used 36104K, capacity 36672K, committed 37136K, reserved 1081344K
  class space    used 4112K, capacity 4279K, committed 4372K, reserved 1048576K
}
2016-10-23T18:05:39.814+0800: 104.819: Total time for which application threads were stopped: 0.0060300 seconds, Stopping threads took: 0.0001079 seconds
{Heap before GC invocations=431 (full 8):
 par new generation   total 109248K, used 109248K [0x00000007a0000000, 0x00000007a8000000, 0x00000007a8000000)
  eden space 87424K, 100% used [0x00000007a0000000, 0x00000007a5560000, 0x00000007a5560000)
  from space 21824K, 100% used [0x00000007a6ab0000, 0x00000007a8000000, 0x00000007a8000000)
  to   space 21824K,   0% used [0x00000007a5560000, 0x00000007a5560000, 0x00000007a6ab0000)
 concurrent mark-sweep generation total 393216K, used 168696K [0x00000007a8000000, 0x00000007c0000000, 0x00000007c0000000)
 Metaspace       used 36104K, capacity 36672K, committed 37136K, reserved 1081344K
  class space    used 4112K, capacity 4279K, committed 4372K, reserved 1048576K
2016-10-23T18:05:39.876+0800: 104.880: [GC (Allocation Failure) 2016-10-23T18:05:39.876+0800: 104.880: [ParNew
Desired survivor size 20112992 bytes, new threshold 8 (max 8)
- age   1:    1887864 bytes,    1887864 total
- age   2:    2271360 bytes,    4159224 total
- age   3:    7314040 bytes,   11473264 total
- age   4:    1599912 bytes,   13073176 total
- age   5:    2167208 bytes,   15240384 total
- age   6:    1557448 bytes,   16797832 total
- age   7:    1424520 bytes,   18222352 total
- age   8:     685496 bytes,   18907848 total
: 109248K->21824K(109248K), 0.0059077 secs] 277944K->191695K(502464K), 0.0059544 secs] [Times: user=0.02 sys=0.00, real=0.01 secs] 
Heap after GC invocations=432 (full 8):
 par new generation   total 109248K, used 21824K [0x00000007a0000000, 0x00000007a8000000, 0x00000007a8000000)
  eden space 87424K,   0% used [0x00000007a0000000, 0x00000007a0000000, 0x00000007a5560000)
  from space 21824K, 100% used [0x00000007a5560000, 0x00000007a6ab0000, 0x00000007a6ab0000)
  to   space 21824K,   0% used [0x00000007a6ab0000, 0x00000007a6ab0000, 0x00000007a8000000)
 concurrent mark-sweep generation total 393216K, used 169871K [0x00000007a8000000, 0x00000007c0000000, 0x00000007c0000000)
 Metaspace       used 36104K, capacity 36672K, committed 37136K, reserved 1081344K
  class space    used 4112K, capacity 4279K, committed 4372K, reserved 1048576K
}
2016-10-23T18:05:39.882+0800: 104.886: Total time for which application threads were stopped: 0.0061854 seconds, Stopping threads took: 0.0000887 seconds
{Heap before GC invocations=432 (full 8):
 par new generation   total 109248K, used 109248K [0x00000007a0000000, 0x00000007a8000000, 0x00000007a8000000)
  eden space 87424K, 100% used [0x00000007a0000000, 0x00000007a5560000, 0x00000007a5560000)
  from space 21824K, 100% used [0x00000007a5560000, 0x00000007a6ab0000, 0x00000007a6ab0000)
  to   space 21824K,   0% used [0x00000007a6ab0000, 0x00000007a6ab0000, 0x00000007a8000000)
 concurrent mark-sweep generation total 393216K, used 169871K [0x00000007a8000000, 0x00000007c0000000, 0x00000007c0000000)
 Metaspace       used 36104K, capacity 36672K, committed 37136K, reserved 1081344K
  class space    used 4112K, capacity 4279K, committed 4372K, reserved 1048576K
2016-10-23T18:05:39.925+0800: 104.929: [GC (Allocation Failure) 2016-10-23T18:05:39.925+0800: 104.929: [ParNew
Desired survivor size 20112992 bytes, new threshold 8 (max 8)
- age   1:    2077784 bytes,    2077784 total
- age   2:     999888 bytes,    3077672 total
- age   3:    2184240 bytes,    5261912 total
- age   4:    7275528 bytes,   12537440 total
- age   5:    1565768 bytes,   14103208 total
- age   6:    2122120 bytes,   16225328 total
- age   7:    1523080 bytes,   17748408 total
- age   8:    1385816 bytes,   19134224 total
: 109248K->21824K(109248K), 0.0058709 secs] 279119K->193340K(502464K), 0.0059186 secs] [Times: user=0.02 sys=0.00, real=0.01 secs] 
Heap after GC invocations=433 (full 8):
 par new generation   total 109248K, used 21824K [0x00000007a0000000, 0x00000007a8000000, 0x00000007a8000000)
  eden space 87424K,   0% used [0x00000007a0000000, 0x00000007a0000000, 0x00000007a5560000)
  from space 21824K, 100% used [0x00000007a6ab0000, 0x00000007a8000000, 0x00000007a8000000)
  to   space 21824K,   0% used [0x00000007a5560000, 0x00000007a5560000, 0x00000007a6ab0000)
 concurrent mark-sweep generation total 393216K, used 171516K [0x00000007a8000000, 0x00000007c0000000, 0x00000007c0000000)
 Metaspace       used 36104K, capacity 36672K, committed 37136K, reserved 1081344K
  class space    used 4112K, capacity 4279K, committed 4372K, reserved 1048576K
}
2016-10-23T18:05:39.931+0800: 104.935: Total time for which application threads were stopped: 0.0061375 seconds, Stopping threads took: 0.0000871 seconds
{Heap before GC invocations=433 (full 8):
 par new generation   total 109248K, used 109248K [0x00000007a0000000, 0x00000007a8000000, 0x00000007a8000000)
  eden space 87424K, 100% used [0x00000007a0000000, 0x00000007a5560000, 0x00000007a5560000)
  from space 21824K, 100% used [0x00000007a6ab0000, 0x00000007a8000000, 0x00000007a8000000)
  to   space 21824K,   0% used [0x00000007a5560000, 0x00000007a5560000, 0x00000007a6ab0000)
 concurrent mark-sweep generation total 393216K, used 171516K [0x00000007a8000000, 0x00000007c0000000, 0x00000007c0000000)
 Metaspace       used 36104K, capacity 36672K, committed 37136K, reserved 1081344K
  class space    used 4112K, capacity 4279K, committed 4372K, reserved 1048576K
2016-10-23T18:05:39.977+0800: 104.982: [GC (Allocation Failure) 2016-10-23T18:05:39.977+0800: 104.982: [ParNew
Desired survivor size 20112992 bytes, new threshold 8 (max 8)
- age   1:    2784384 bytes,    2784384 total
- age   2:    1445872 bytes,    4230256 total
- age   3:     835480 bytes,    5065736 total
- age   4:    2129744 bytes,    7195480 total
- age   5:    7350408 bytes,   14545888 total
- age   6:    1518584 bytes,   16064472 total
- age   7:    2062120 bytes,   18126592 total
- age   8:    1473928 bytes,   19600520 total
: 109248K->21824K(109248K), 0.0064805 secs] 280764K->194642K(502464K), 0.0065483 secs] [Times: user=0.02 sys=0.01, real=0.01 secs] 
Heap after GC invocations=434 (full 8):
 par new generation   total 109248K, used 21824K [0x00000007a0000000, 0x00000007a8000000, 0x00000007a8000000)
  eden space 87424K,   0% used [0x00000007a0000000, 0x00000007a0000000, 0x00000007a5560000)
  from space 21824K, 100% used [0x00000007a5560000, 0x00000007a6ab0000, 0x00000007a6ab0000)
  to   space 21824K,   0% used [0x00000007a6ab0000, 0x00000007a6ab0000, 0x00000007a8000000)
 concurrent mark-sweep generation total 393216K, used 172818K [0x00000007a8000000, 0x00000007c0000000, 0x00000007c0000000)
 Metaspace       used 36104K, capacity 36672K, committed 37136K, reserved 1081344K
  class space    used 4112K, capacity 4279K, committed 4372K, reserved 1048576K
}
2016-10-23T18:05:39.984+0800: 104.988: Total time for which application threads were stopped: 0.0068186 seconds, Stopping threads took: 0.0000983 seconds
{Heap before GC invocations=434 (full 8):
 par new generation   total 109248K, used 109248K [0x00000007a0000000, 0x00000007a8000000, 0x00000007a8000000)
  eden space 87424K, 100% used [0x00000007a0000000, 0x00000007a5560000, 0x00000007a5560000)
  from space 21824K, 100% used [0x00000007a5560000, 0x00000007a6ab0000, 0x00000007a6ab0000)
  to   space 21824K,   0% used [0x00000007a6ab0000, 0x00000007a6ab0000, 0x00000007a8000000)
 concurrent mark-sweep generation total 393216K, used 172818K [0x00000007a8000000, 0x00000007c0000000, 0x00000007c0000000)
 Metaspace       used 36104K, capacity 36672K, committed 37136K, reserved 1081344K
  class space    used 4112K, capacity 4279K, committed 4372K, reserved 1048576K
2016-10-23T18:05:40.044+0800: 105.049: [GC (Allocation Failure) 2016-10-23T18:05:40.044+0800: 105.049: [ParNew
Desired survivor size 20112992 bytes, new threshold 8 (max 8)
- age   1:    3226752 bytes,    3226752 total
- age   2:    1608096 bytes,    4834848 total
- age   3:    1375368 bytes,    6210216 total
- age   4:     757104 bytes,    6967320 total
- age   5:    2126448 bytes,    9093768 total
- age   6:    7219320 bytes,   16313088 total
- age   7:    1518584 bytes,   17831672 total
- age   8:    2062120 bytes,   19893792 total
: 109248K->21824K(109248K), 0.0060659 secs] 282066K->196086K(502464K), 0.0061211 secs] [Times: user=0.02 sys=0.00, real=0.01 secs] 
Heap after GC invocations=435 (full 8):
 par new generation   total 109248K, used 21824K [0x00000007a0000000, 0x00000007a8000000, 0x00000007a8000000)
  eden space 87424K,   0% used [0x00000007a0000000, 0x00000007a0000000, 0x00000007a5560000)
  from space 21824K, 100% used [0x00000007a6ab0000, 0x00000007a8000000, 0x00000007a8000000)
  to   space 21824K,   0% used [0x00000007a5560000, 0x00000007a5560000, 0x00000007a6ab0000)
 concurrent mark-sweep generation total 393216K, used 174262K [0x00000007a8000000, 0x00000007c0000000, 0x00000007c0000000)
 Metaspace       used 36104K, capacity 36672K, committed 37136K, reserved 1081344K
  class space    used 4112K, capacity 4279K, committed 4372K, reserved 1048576K
}
2016-10-23T18:05:40.050+0800: 105.055: Total time for which application threads were stopped: 0.0063381 seconds, Stopping threads took: 0.0000608 seconds
{Heap before GC invocations=435 (full 8):
 par new generation   total 109248K, used 109248K [0x00000007a0000000, 0x00000007a8000000, 0x00000007a8000000)
  eden space 87424K, 100% used [0x00000007a0000000, 0x00000007a5560000, 0x00000007a5560000)
  from space 21824K, 100% used [0x00000007a6ab0000, 0x00000007a8000000, 0x00000007a8000000)
  to   space 21824K,   0% used [0x00000007a5560000, 0x00000007a5560000, 0x00000007a6ab0000)
 concurrent mark-sweep generation total 393216K, used 174262K [0x00000007a8000000, 0x00000007c0000000, 0x00000007c0000000)
 Metaspace       used 36106K, capacity 36672K, committed 37136K, reserved 1081344K
  class space    used 4112K, capacity 4279K, committed 4372K, reserved 1048576K
2016-10-23T18:05:40.159+0800: 105.163: [GC (Allocation Failure) 2016-10-23T18:05:40.159+0800: 105.163: [ParNew
Desired survivor size 20112992 bytes, new threshold 8 (max 8)
- age   1:    5299568 bytes,    5299568 total
- age   2:    1337880 bytes,    6637448 total
- age   3:    1342736 bytes,    7980184 total
- age   4:    1311640 bytes,    9291824 total
- age   5:     607128 bytes,    9898952 total
- age   6:    2078520 bytes,   11977472 total
- age   7:    7219256 bytes,   19196728 total
- age   8:    1518552 bytes,   20715280 total
: 109248K->21824K(109248K), 0.0071454 secs] 283510K->198541K(502464K), 0.0072266 secs] [Times: user=0.02 sys=0.00, real=0.01 secs] 
Heap after GC invocations=436 (full 8):
 par new generation   total 109248K, used 21824K [0x00000007a0000000, 0x00000007a8000000, 0x00000007a8000000)
  eden space 87424K,   0% used [0x00000007a0000000, 0x00000007a0000000, 0x00000007a5560000)
  from space 21824K, 100% used [0x00000007a5560000, 0x00000007a6ab0000, 0x00000007a6ab0000)
  to   space 21824K,   0% used [0x00000007a6ab0000, 0x00000007a6ab0000, 0x00000007a8000000)
 concurrent mark-sweep generation total 393216K, used 176717K [0x00000007a8000000, 0x00000007c0000000, 0x00000007c0000000)
 Metaspace       used 36106K, capacity 36672K, committed 37136K, reserved 1081344K
  class space    used 4112K, capacity 4279K, committed 4372K, reserved 1048576K
}
2016-10-23T18:05:40.166+0800: 105.171: Total time for which application threads were stopped: 0.0074978 seconds, Stopping threads took: 0.0000953 seconds
{Heap before GC invocations=436 (full 8):
 par new generation   total 109248K, used 109248K [0x00000007a0000000, 0x00000007a8000000, 0x00000007a8000000)
  eden space 87424K, 100% used [0x00000007a0000000, 0x00000007a5560000, 0x00000007a5560000)
  from space 21824K, 100% used [0x00000007a5560000, 0x00000007a6ab0000, 0x00000007a6ab0000)
  to   space 21824K,   0% used [0x00000007a6ab0000, 0x00000007a6ab0000, 0x00000007a8000000)
 concurrent mark-sweep generation total 393216K, used 176717K [0x00000007a8000000, 0x00000007c0000000, 0x00000007c0000000)
 Metaspace       used 36106K, capacity 36672K, committed 37136K, reserved 1081344K
  class space    used 4112K, capacity 4279K, committed 4372K, reserved 1048576K
2016-10-23T18:05:40.271+0800: 105.275: [GC (Allocation Failure) 2016-10-23T18:05:40.271+0800: 105.275: [ParNew
Desired survivor size 20112992 bytes, new threshold 8 (max 8)
- age   1:    4851080 bytes,    4851080 total
- age   2:    2871496 bytes,    7722576 total
- age   3:    1079800 bytes,    8802376 total
- age   4:    1111560 bytes,    9913936 total
- age   5:    1143936 bytes,   11057872 total
- age   6:     556776 bytes,   11614648 total
- age   7:    1629664 bytes,   13244312 total
- age   8:    7383128 bytes,   20627440 total
: 109248K->21824K(109248K), 0.0066482 secs] 285965K->202124K(502464K), 0.0067076 secs] [Times: user=0.03 sys=0.00, real=0.00 secs] 
Heap after GC invocations=437 (full 8):
 par new generation   total 109248K, used 21824K [0x00000007a0000000, 0x00000007a8000000, 0x00000007a8000000)
  eden space 87424K,   0% used [0x00000007a0000000, 0x00000007a0000000, 0x00000007a5560000)
  from space 21824K, 100% used [0x00000007a6ab0000, 0x00000007a8000000, 0x00000007a8000000)
  to   space 21824K,   0% used [0x00000007a5560000, 0x00000007a5560000, 0x00000007a6ab0000)
 concurrent mark-sweep generation total 393216K, used 180300K [0x00000007a8000000, 0x00000007c0000000, 0x00000007c0000000)
 Metaspace       used 36106K, capacity 36672K, committed 37136K, reserved 1081344K
  class space    used 4112K, capacity 4279K, committed 4372K, reserved 1048576K
}
2016-10-23T18:05:40.278+0800: 105.282: Total time for which application threads were stopped: 0.0069511 seconds, Stopping threads took: 0.0000772 seconds
{Heap before GC invocations=437 (full 8):
 par new generation   total 109248K, used 109248K [0x00000007a0000000, 0x00000007a8000000, 0x00000007a8000000)
  eden space 87424K, 100% used [0x00000007a0000000, 0x00000007a5560000, 0x00000007a5560000)
  from space 21824K, 100% used [0x00000007a6ab0000, 0x00000007a8000000, 0x00000007a8000000)
  to   space 21824K,   0% used [0x00000007a5560000, 0x00000007a5560000, 0x00000007a6ab0000)
 concurrent mark-sweep generation total 393216K, used 180300K [0x00000007a8000000, 0x00000007c0000000, 0x00000007c0000000)
 Metaspace       used 36106K, capacity 36672K, committed 37136K, reserved 1081344K
  class space    used 4112K, capacity 4279K, committed 4372K, reserved 1048576K
2016-10-23T18:05:40.401+0800: 105.405: [GC (Allocation Failure) 2016-10-23T18:05:40.401+0800: 105.405: [ParNew
Desired survivor size 20112992 bytes, new threshold 8 (max 8)
- age   1:    6942344 bytes,    6942344 total
- age   2:    2418664 bytes,    9361008 total
- age   3:    2513440 bytes,   11874448 total
- age   4:    1071400 bytes,   12945848 total
- age   5:    1094944 bytes,   14040792 total
- age   6:    1143832 bytes,   15184624 total
- age   7:     556776 bytes,   15741400 total
- age   8:    1629664 bytes,   17371064 total
: 109248K->21824K(109248K), 0.0078812 secs] 289548K->209179K(502464K), 0.0079544 secs] [Times: user=0.03 sys=0.01, real=0.00 secs] 
Heap after GC invocations=438 (full 8):
 par new generation   total 109248K, used 21824K [0x00000007a0000000, 0x00000007a8000000, 0x00000007a8000000)
  eden space 87424K,   0% used [0x00000007a0000000, 0x00000007a0000000, 0x00000007a5560000)
  from space 21824K, 100% used [0x00000007a5560000, 0x00000007a6ab0000, 0x00000007a6ab0000)
  to   space 21824K,   0% used [0x00000007a6ab0000, 0x00000007a6ab0000, 0x00000007a8000000)
 concurrent mark-sweep generation total 393216K, used 187355K [0x00000007a8000000, 0x00000007c0000000, 0x00000007c0000000)
 Metaspace       used 36106K, capacity 36672K, committed 37136K, reserved 1081344K
  class space    used 4112K, capacity 4279K, committed 4372K, reserved 1048576K
}
2016-10-23T18:05:40.409+0800: 105.413: Total time for which application threads were stopped: 0.0081843 seconds, Stopping threads took: 0.0000668 seconds
{Heap before GC invocations=438 (full 8):
 par new generation   total 109248K, used 109248K [0x00000007a0000000, 0x00000007a8000000, 0x00000007a8000000)
  eden space 87424K, 100% used [0x00000007a0000000, 0x00000007a5560000, 0x00000007a5560000)
  from space 21824K, 100% used [0x00000007a5560000, 0x00000007a6ab0000, 0x00000007a6ab0000)
  to   space 21824K,   0% used [0x00000007a6ab0000, 0x00000007a6ab0000, 0x00000007a8000000)
 concurrent mark-sweep generation total 393216K, used 187355K [0x00000007a8000000, 0x00000007c0000000, 0x00000007c0000000)
 Metaspace       used 36106K, capacity 36672K, committed 37136K, reserved 1081344K
  class space    used 4112K, capacity 4279K, committed 4372K, reserved 1048576K
2016-10-23T18:05:40.523+0800: 105.528: [GC (Allocation Failure) 2016-10-23T18:05:40.523+0800: 105.528: [ParNew
Desired survivor size 20112992 bytes, new threshold 8 (max 8)
- age   1:    7285008 bytes,    7285008 total
- age   2:    3616848 bytes,   10901856 total
- age   3:    2395968 bytes,   13297824 total
- age   4:    2262416 bytes,   15560240 total
- age   5:    1071424 bytes,   16631664 total
- age   6:    1093904 bytes,   17725568 total
- age   7:    1143832 bytes,   18869400 total
- age   8:     556776 bytes,   19426176 total
: 109248K->21824K(109248K), 0.0071510 secs] 296603K->210774K(502464K), 0.0072066 secs] [Times: user=0.02 sys=0.00, real=0.01 secs] 
Heap after GC invocations=439 (full 8):
 par new generation   total 109248K, used 21824K [0x00000007a0000000, 0x00000007a8000000, 0x00000007a8000000)
  eden space 87424K,   0% used [0x00000007a0000000, 0x00000007a0000000, 0x00000007a5560000)
  from space 21824K, 100% used [0x00000007a6ab0000, 0x00000007a8000000, 0x00000007a8000000)
  to   space 21824K,   0% used [0x00000007a5560000, 0x00000007a5560000, 0x00000007a6ab0000)
 concurrent mark-sweep generation total 393216K, used 188950K [0x00000007a8000000, 0x00000007c0000000, 0x00000007c0000000)
 Metaspace       used 36106K, capacity 36672K, committed 37136K, reserved 1081344K
  class space    used 4112K, capacity 4279K, committed 4372K, reserved 1048576K
}
2016-10-23T18:05:40.530+0800: 105.535: Total time for which application threads were stopped: 0.0074502 seconds, Stopping threads took: 0.0001039 seconds
{Heap before GC invocations=439 (full 8):
 par new generation   total 109248K, used 109248K [0x00000007a0000000, 0x00000007a8000000, 0x00000007a8000000)
  eden space 87424K, 100% used [0x00000007a0000000, 0x00000007a5560000, 0x00000007a5560000)
  from space 21824K, 100% used [0x00000007a6ab0000, 0x00000007a8000000, 0x00000007a8000000)
  to   space 21824K,   0% used [0x00000007a5560000, 0x00000007a5560000, 0x00000007a6ab0000)
 concurrent mark-sweep generation total 393216K, used 188950K [0x00000007a8000000, 0x00000007c0000000, 0x00000007c0000000)
 Metaspace       used 36106K, capacity 36672K, committed 37136K, reserved 1081344K
  class space    used 4112K, capacity 4279K, committed 4372K, reserved 1048576K
2016-10-23T18:05:40.645+0800: 105.650: [GC (Allocation Failure) 2016-10-23T18:05:40.645+0800: 105.650: [ParNew
Desired survivor size 20112992 bytes, new threshold 8 (max 8)
- age   1:    6951776 bytes,    6951776 total
- age   2:    2730336 bytes,    9682112 total
- age   3:    2983240 bytes,   12665352 total
- age   4:    1988880 bytes,   14654232 total
- age   5:    1830592 bytes,   16484824 total
- age   6:     983312 bytes,   17468136 total
- age   7:    1019536 bytes,   18487672 total
- age   8:    1099688 bytes,   19587360 total
: 109248K->21824K(109248K), 0.0081712 secs] 298198K->214277K(502464K), 0.0082427 secs] [Times: user=0.02 sys=0.00, real=0.01 secs] 
Heap after GC invocations=440 (full 8):
 par new generation   total 109248K, used 21824K [0x00000007a0000000, 0x00000007a8000000, 0x00000007a8000000)
  eden space 87424K,   0% used [0x00000007a0000000, 0x00000007a0000000, 0x00000007a5560000)
  from space 21824K, 100% used [0x00000007a5560000, 0x00000007a6ab0000, 0x00000007a6ab0000)
  to   space 21824K,   0% used [0x00000007a6ab0000, 0x00000007a6ab0000, 0x00000007a8000000)
 concurrent mark-sweep generation total 393216K, used 192453K [0x00000007a8000000, 0x00000007c0000000, 0x00000007c0000000)
 Metaspace       used 36106K, capacity 36672K, committed 37136K, reserved 1081344K
  class space    used 4112K, capacity 4279K, committed 4372K, reserved 1048576K
}
2016-10-23T18:05:40.653+0800: 105.658: Total time for which application threads were stopped: 0.0084528 seconds, Stopping threads took: 0.0000582 seconds
{Heap before GC invocations=440 (full 8):
 par new generation   total 109248K, used 109248K [0x00000007a0000000, 0x00000007a8000000, 0x00000007a8000000)
  eden space 87424K, 100% used [0x00000007a0000000, 0x00000007a5560000, 0x00000007a5560000)
  from space 21824K, 100% used [0x00000007a5560000, 0x00000007a6ab0000, 0x00000007a6ab0000)
  to   space 21824K,   0% used [0x00000007a6ab0000, 0x00000007a6ab0000, 0x00000007a8000000)
 concurrent mark-sweep generation total 393216K, used 192453K [0x00000007a8000000, 0x00000007c0000000, 0x00000007c0000000)
 Metaspace       used 36110K, capacity 36672K, committed 37136K, reserved 1081344K
  class space    used 4112K, capacity 4279K, committed 4372K, reserved 1048576K
2016-10-23T18:05:40.778+0800: 105.783: [GC (Allocation Failure) 2016-10-23T18:05:40.778+0800: 105.783: [ParNew
Desired survivor size 20112992 bytes, new threshold 8 (max 8)
- age   1:    7964184 bytes,    7964184 total
- age   2:    2730592 bytes,   10694776 total
- age   3:    2014408 bytes,   12709184 total
- age   4:    2358360 bytes,   15067544 total
- age   5:    1598168 bytes,   16665712 total
- age   6:    1511656 bytes,   18177368 total
- age   7:     829432 bytes,   19006800 total
- age   8:     658608 bytes,   19665408 total
: 109248K->21824K(109248K), 0.0100333 secs] 301701K->220917K(502464K), 0.0100914 secs] [Times: user=0.03 sys=0.00, real=0.01 secs] 
Heap after GC invocations=441 (full 8):
 par new generation   total 109248K, used 21824K [0x00000007a0000000, 0x00000007a8000000, 0x00000007a8000000)
  eden space 87424K,   0% used [0x00000007a0000000, 0x00000007a0000000, 0x00000007a5560000)
  from space 21824K, 100% used [0x00000007a6ab0000, 0x00000007a8000000, 0x00000007a8000000)
  to   space 21824K,   0% used [0x00000007a5560000, 0x00000007a5560000, 0x00000007a6ab0000)
 concurrent mark-sweep generation total 393216K, used 199093K [0x00000007a8000000, 0x00000007c0000000, 0x00000007c0000000)
 Metaspace       used 36110K, capacity 36672K, committed 37136K, reserved 1081344K
  class space    used 4112K, capacity 4279K, committed 4372K, reserved 1048576K
}
2016-10-23T18:05:40.788+0800: 105.793: Total time for which application threads were stopped: 0.0103299 seconds, Stopping threads took: 0.0000931 seconds
2016-10-23T18:05:40.788+0800: 105.793: [GC (CMS Initial Mark) [1 CMS-initial-mark: 199093K(393216K)] 221824K(502464K), 0.0015601 secs] [Times: user=0.01 sys=0.00, real=0.01 secs] 
2016-10-23T18:05:40.790+0800: 105.795: Total time for which application threads were stopped: 0.0017468 seconds, Stopping threads took: 0.0000994 seconds
2016-10-23T18:05:40.790+0800: 105.795: [CMS-concurrent-mark-start]
2016-10-23T18:05:40.804+0800: 105.808: [CMS-concurrent-mark: 0.014/0.014 secs] [Times: user=0.09 sys=0.00, real=0.01 secs] 
2016-10-23T18:05:40.804+0800: 105.808: [CMS-concurrent-preclean-start]
2016-10-23T18:05:40.805+0800: 105.809: [CMS-concurrent-preclean: 0.001/0.001 secs] [Times: user=0.01 sys=0.00, real=0.00 secs] 
2016-10-23T18:05:40.805+0800: 105.810: [CMS-concurrent-abortable-preclean-start]
{Heap before GC invocations=441 (full 9):
 par new generation   total 109248K, used 109248K [0x00000007a0000000, 0x00000007a8000000, 0x00000007a8000000)
  eden space 87424K, 100% used [0x00000007a0000000, 0x00000007a5560000, 0x00000007a5560000)
  from space 21824K, 100% used [0x00000007a6ab0000, 0x00000007a8000000, 0x00000007a8000000)
  to   space 21824K,   0% used [0x00000007a5560000, 0x00000007a5560000, 0x00000007a6ab0000)
 concurrent mark-sweep generation total 393216K, used 199093K [0x00000007a8000000, 0x00000007c0000000, 0x00000007c0000000)
 Metaspace       used 36118K, capacity 36672K, committed 37136K, reserved 1081344K
  class space    used 4112K, capacity 4279K, committed 4372K, reserved 1048576K
2016-10-23T18:05:40.928+0800: 105.933: [GC (Allocation Failure) 2016-10-23T18:05:40.928+0800: 105.933: [ParNew
Desired survivor size 20112992 bytes, new threshold 8 (max 8)
- age   1:    2024800 bytes,    2024800 total
- age   2:    7106024 bytes,    9130824 total
- age   3:    2623672 bytes,   11754496 total
- age   4:    1931152 bytes,   13685648 total
- age   5:    2276296 bytes,   15961944 total
- age   6:    1525464 bytes,   17487408 total
- age   7:    1438056 bytes,   18925464 total
- age   8:     789464 bytes,   19714928 total
: 109248K->21824K(109248K), 0.0054364 secs] 308341K->222873K(502464K), 0.0054813 secs] [Times: user=0.02 sys=0.00, real=0.01 secs] 
Heap after GC invocations=442 (full 9):
 par new generation   total 109248K, used 21824K [0x00000007a0000000, 0x00000007a8000000, 0x00000007a8000000)
  eden space 87424K,   0% used [0x00000007a0000000, 0x00000007a0000000, 0x00000007a5560000)
  from space 21824K, 100% used [0x00000007a5560000, 0x00000007a6ab0000, 0x00000007a6ab0000)
  to   space 21824K,   0% used [0x00000007a6ab0000, 0x00000007a6ab0000, 0x00000007a8000000)
 concurrent mark-sweep generation total 393216K, used 201049K [0x00000007a8000000, 0x00000007c0000000, 0x00000007c0000000)
 Metaspace       used 36118K, capacity 36672K, committed 37136K, reserved 1081344K
  class space    used 4112K, capacity 4279K, committed 4372K, reserved 1048576K
}
2016-10-23T18:05:40.934+0800: 105.938: Total time for which application threads were stopped: 0.0056836 seconds, Stopping threads took: 0.0000617 seconds
2016-10-23T18:05:40.982+0800: 105.987: [CMS-concurrent-abortable-preclean: 0.102/0.177 secs] [Times: user=0.77 sys=0.01, real=0.18 secs] 
2016-10-23T18:05:40.982+0800: 105.987: [GC (CMS Final Remark) [YG occupancy: 92930 K (109248 K)]{Heap before GC invocations=442 (full 9):
 par new generation   total 109248K, used 92930K [0x00000007a0000000, 0x00000007a8000000, 0x00000007a8000000)
  eden space 87424K,  81% used [0x00000007a0000000, 0x00000007a4570900, 0x00000007a5560000)
  from space 21824K, 100% used [0x00000007a5560000, 0x00000007a6ab0000, 0x00000007a6ab0000)
  to   space 21824K,   0% used [0x00000007a6ab0000, 0x00000007a6ab0000, 0x00000007a8000000)
 concurrent mark-sweep generation total 393216K, used 201049K [0x00000007a8000000, 0x00000007c0000000, 0x00000007c0000000)
 Metaspace       used 36118K, capacity 36672K, committed 37136K, reserved 1081344K
  class space    used 4112K, capacity 4279K, committed 4372K, reserved 1048576K
2016-10-23T18:05:40.982+0800: 105.987: [GC (CMS Final Remark) 2016-10-23T18:05:40.982+0800: 105.987: [ParNew
Desired survivor size 20112992 bytes, new threshold 8 (max 8)
- age   1:    1098712 bytes,    1098712 total
- age   2:    1257712 bytes,    2356424 total
- age   3:    7105752 bytes,    9462176 total
- age   4:    2197480 bytes,   11659656 total
- age   5:    1373824 bytes,   13033480 total
- age   6:    1915672 bytes,   14949152 total
- age   7:    1525464 bytes,   16474616 total
- age   8:    1438056 bytes,   17912672 total
: 92930K->21824K(109248K), 0.0061242 secs] 293980K->224962K(502464K), 0.0061964 secs] [Times: user=0.02 sys=0.00, real=0.00 secs] 
Heap after GC invocations=443 (full 9):
 par new generation   total 109248K, used 21824K [0x00000007a0000000, 0x00000007a8000000, 0x00000007a8000000)
  eden space 87424K,   0% used [0x00000007a0000000, 0x00000007a0000000, 0x00000007a5560000)
  from space 21824K, 100% used [0x00000007a6ab0000, 0x00000007a8000000, 0x00000007a8000000)
  to   space 21824K,   0% used [0x00000007a5560000, 0x00000007a5560000, 0x00000007a6ab0000)
 concurrent mark-sweep generation total 393216K, used 203138K [0x00000007a8000000, 0x00000007c0000000, 0x00000007c0000000)
 Metaspace       used 36118K, capacity 36672K, committed 37136K, reserved 1081344K
  class space    used 4112K, capacity 4279K, committed 4372K, reserved 1048576K
}
2016-10-23T18:05:40.988+0800: 105.993: [Rescan (parallel) , 0.0018484 secs]2016-10-23T18:05:40.990+0800: 105.995: [weak refs processing, 0.0007098 secs]2016-10-23T18:05:40.991+0800: 105.996: [class unloading, 0.0076476 secs]2016-10-23T18:05:40.999+0800: 106.003: [scrub symbol table, 0.0046723 secs]2016-10-23T18:05:41.003+0800: 106.008: [scrub string table, 0.0004334 secs][1 CMS-remark: 203138K(393216K)] 224962K(502464K), 0.0217304 secs] [Times: user=0.06 sys=0.01, real=0.02 secs] 
2016-10-23T18:05:41.004+0800: 106.008: Total time for which application threads were stopped: 0.0219035 seconds, Stopping threads took: 0.0000713 seconds
2016-10-23T18:05:41.004+0800: 106.009: [CMS-concurrent-sweep-start]
2016-10-23T18:05:41.052+0800: 106.057: [CMS-concurrent-sweep: 0.048/0.048 secs] [Times: user=0.18 sys=0.00, real=0.05 secs] 
2016-10-23T18:05:41.052+0800: 106.057: [CMS-concurrent-reset-start]
2016-10-23T18:05:41.052+0800: 106.057: [CMS-concurrent-reset: 0.000/0.000 secs] [Times: user=0.00 sys=0.00, real=0.00 secs] 
{Heap before GC invocations=443 (full 9):
 par new generation   total 109248K, used 109248K [0x00000007a0000000, 0x00000007a8000000, 0x00000007a8000000)
  eden space 87424K, 100% used [0x00000007a0000000, 0x00000007a5560000, 0x00000007a5560000)
  from space 21824K, 100% used [0x00000007a6ab0000, 0x00000007a8000000, 0x00000007a8000000)
  to   space 21824K,   0% used [0x00000007a5560000, 0x00000007a5560000, 0x00000007a6ab0000)
 concurrent mark-sweep generation total 393216K, used 39942K [0x00000007a8000000, 0x00000007c0000000, 0x00000007c0000000)
 Metaspace       used 36119K, capacity 36676K, committed 37136K, reserved 1081344K
  class space    used 4112K, capacity 4279K, committed 4372K, reserved 1048576K
2016-10-23T18:05:41.122+0800: 106.127: [GC (Allocation Failure) 2016-10-23T18:05:41.122+0800: 106.127: [ParNew
Desired survivor size 20112992 bytes, new threshold 8 (max 8)
- age   1:    5042712 bytes,    5042712 total
- age   2:     322848 bytes,    5365560 total
- age   3:     946240 bytes,    6311800 total
- age   4:    6571552 bytes,   12883352 total
- age   5:    1629448 bytes,   14512800 total
- age   6:     780200 bytes,   15293000 total
- age   7:    1752448 bytes,   17045448 total
- age   8:    1331752 bytes,   18377200 total
: 109248K->21824K(109248K), 0.0062889 secs] 149190K->65005K(502464K), 0.0063670 secs] [Times: user=0.02 sys=0.00, real=0.00 secs] 
Heap after GC invocations=444 (full 9):
 par new generation   total 109248K, used 21824K [0x00000007a0000000, 0x00000007a8000000, 0x00000007a8000000)
  eden space 87424K,   0% used [0x00000007a0000000, 0x00000007a0000000, 0x00000007a5560000)
  from space 21824K, 100% used [0x00000007a5560000, 0x00000007a6ab0000, 0x00000007a6ab0000)
  to   space 21824K,   0% used [0x00000007a6ab0000, 0x00000007a6ab0000, 0x00000007a8000000)
 concurrent mark-sweep generation total 393216K, used 43181K [0x00000007a8000000, 0x00000007c0000000, 0x00000007c0000000)
 Metaspace       used 36119K, capacity 36676K, committed 37136K, reserved 1081344K
  class space    used 4112K, capacity 4279K, committed 4372K, reserved 1048576K
}
2016-10-23T18:05:41.128+0800: 106.133: Total time for which application threads were stopped: 0.0065623 seconds, Stopping threads took: 0.0000244 seconds
{Heap before GC invocations=444 (full 9):
 par new generation   total 109248K, used 109248K [0x00000007a0000000, 0x00000007a8000000, 0x00000007a8000000)
  eden space 87424K, 100% used [0x00000007a0000000, 0x00000007a5560000, 0x00000007a5560000)
  from space 21824K, 100% used [0x00000007a5560000, 0x00000007a6ab0000, 0x00000007a6ab0000)
  to   space 21824K,   0% used [0x00000007a6ab0000, 0x00000007a6ab0000, 0x00000007a8000000)
 concurrent mark-sweep generation total 393216K, used 43181K [0x00000007a8000000, 0x00000007c0000000, 0x00000007c0000000)
 Metaspace       used 36119K, capacity 36676K, committed 37136K, reserved 1081344K
  class space    used 4112K, capacity 4279K, committed 4372K, reserved 1048576K
2016-10-23T18:05:41.253+0800: 106.258: [GC (Allocation Failure) 2016-10-23T18:05:41.253+0800: 106.258: [ParNew
Desired survivor size 20112992 bytes, new threshold 8 (max 8)
- age   1:    4241264 bytes,    4241264 total
- age   2:    3554896 bytes,    7796160 total
- age   3:     256784 bytes,    8052944 total
- age   4:     857656 bytes,    8910600 total
- age   5:    6370608 bytes,   15281208 total
- age   6:    1559152 bytes,   16840360 total
- age   7:     284224 bytes,   17124584 total
- age   8:     863096 bytes,   17987680 total
: 109248K->21824K(109248K), 0.0064364 secs] 152429K->69494K(502464K), 0.0065063 secs] [Times: user=0.02 sys=0.01, real=0.01 secs] 
Heap after GC invocations=445 (full 9):
 par new generation   total 109248K, used 21824K [0x00000007a0000000, 0x00000007a8000000, 0x00000007a8000000)
  eden space 87424K,   0% used [0x00000007a0000000, 0x00000007a0000000, 0x00000007a5560000)
  from space 21824K, 100% used [0x00000007a6ab0000, 0x00000007a8000000, 0x00000007a8000000)
  to   space 21824K,   0% used [0x00000007a5560000, 0x00000007a5560000, 0x00000007a6ab0000)
 concurrent mark-sweep generation total 393216K, used 47670K [0x00000007a8000000, 0x00000007c0000000, 0x00000007c0000000)
 Metaspace       used 36119K, capacity 36676K, committed 37136K, reserved 1081344K
  class space    used 4112K, capacity 4279K, committed 4372K, reserved 1048576K
}
2016-10-23T18:05:41.260+0800: 106.265: Total time for which application threads were stopped: 0.0067149 seconds, Stopping threads took: 0.0000476 seconds
{Heap before GC invocations=445 (full 9):
 par new generation   total 109248K, used 109248K [0x00000007a0000000, 0x00000007a8000000, 0x00000007a8000000)
  eden space 87424K, 100% used [0x00000007a0000000, 0x00000007a5560000, 0x00000007a5560000)
  from space 21824K, 100% used [0x00000007a6ab0000, 0x00000007a8000000, 0x00000007a8000000)
  to   space 21824K,   0% used [0x00000007a5560000, 0x00000007a5560000, 0x00000007a6ab0000)
 concurrent mark-sweep generation total 393216K, used 47670K [0x00000007a8000000, 0x00000007c0000000, 0x00000007c0000000)
 Metaspace       used 36119K, capacity 36676K, committed 37136K, reserved 1081344K
  class space    used 4112K, capacity 4279K, committed 4372K, reserved 1048576K
2016-10-23T18:05:41.384+0800: 106.388: [GC (Allocation Failure) 2016-10-23T18:05:41.384+0800: 106.388: [ParNew
Desired survivor size 20112992 bytes, new threshold 8 (max 8)
- age   1:    5111352 bytes,    5111352 total
- age   2:    1956104 bytes,    7067456 total
- age   3:    2682648 bytes,    9750104 total
- age   4:      92336 bytes,    9842440 total
- age   5:     330440 bytes,   10172880 total
- age   6:    6033416 bytes,   16206296 total
- age   7:    1427096 bytes,   17633392 total
- age   8:     283872 bytes,   17917264 total
: 109248K->21824K(109248K), 0.0065854 secs] 156918K->74548K(502464K), 0.0066538 secs] [Times: user=0.03 sys=0.00, real=0.01 secs] 
Heap after GC invocations=446 (full 9):
 par new generation   total 109248K, used 21824K [0x00000007a0000000, 0x00000007a8000000, 0x00000007a8000000)
  eden space 87424K,   0% used [0x00000007a0000000, 0x00000007a0000000, 0x00000007a5560000)
  from space 21824K, 100% used [0x00000007a5560000, 0x00000007a6ab0000, 0x00000007a6ab0000)
  to   space 21824K,   0% used [0x00000007a6ab0000, 0x00000007a6ab0000, 0x00000007a8000000)
 concurrent mark-sweep generation total 393216K, used 52724K [0x00000007a8000000, 0x00000007c0000000, 0x00000007c0000000)
 Metaspace       used 36119K, capacity 36676K, committed 37136K, reserved 1081344K
  class space    used 4112K, capacity 4279K, committed 4372K, reserved 1048576K
}
2016-10-23T18:05:41.390+0800: 106.395: Total time for which application threads were stopped: 0.0068545 seconds, Stopping threads took: 0.0000403 seconds
{Heap before GC invocations=446 (full 9):
 par new generation   total 109248K, used 109248K [0x00000007a0000000, 0x00000007a8000000, 0x00000007a8000000)
  eden space 87424K, 100% used [0x00000007a0000000, 0x00000007a5560000, 0x00000007a5560000)
  from space 21824K, 100% used [0x00000007a5560000, 0x00000007a6ab0000, 0x00000007a6ab0000)
  to   space 21824K,   0% used [0x00000007a6ab0000, 0x00000007a6ab0000, 0x00000007a8000000)
 concurrent mark-sweep generation total 393216K, used 52724K [0x00000007a8000000, 0x00000007c0000000, 0x00000007c0000000)
 Metaspace       used 36119K, capacity 36676K, committed 37136K, reserved 1081344K
  class space    used 4112K, capacity 4279K, committed 4372K, reserved 1048576K
2016-10-23T18:05:41.519+0800: 106.523: [GC (Allocation Failure) 2016-10-23T18:05:41.519+0800: 106.523: [ParNew
Desired survivor size 20112992 bytes, new threshold 8 (max 8)
- age   1:    6813152 bytes,    6813152 total
- age   2:    2699240 bytes,    9512392 total
- age   3:    1718936 bytes,   11231328 total
- age   4:    2475744 bytes,   13707072 total
- age   5:      91072 bytes,   13798144 total
- age   6:     323416 bytes,   14121560 total
- age   7:    5528672 bytes,   19650232 total
- age   8:    1427096 bytes,   21077328 total
: 109248K->21824K(109248K), 0.0067793 secs] 161972K->76519K(502464K), 0.0068507 secs] [Times: user=0.02 sys=0.00, real=0.01 secs] 
Heap after GC invocations=447 (full 9):
 par new generation   total 109248K, used 21824K [0x00000007a0000000, 0x00000007a8000000, 0x00000007a8000000)
  eden space 87424K,   0% used [0x00000007a0000000, 0x00000007a0000000, 0x00000007a5560000)
  from space 21824K, 100% used [0x00000007a6ab0000, 0x00000007a8000000, 0x00000007a8000000)
  to   space 21824K,   0% used [0x00000007a5560000, 0x00000007a5560000, 0x00000007a6ab0000)
 concurrent mark-sweep generation total 393216K, used 54695K [0x00000007a8000000, 0x00000007c0000000, 0x00000007c0000000)
 Metaspace       used 36119K, capacity 36676K, committed 37136K, reserved 1081344K
  class space    used 4112K, capacity 4279K, committed 4372K, reserved 1048576K
}
2016-10-23T18:05:41.525+0800: 106.530: Total time for which application threads were stopped: 0.0070325 seconds, Stopping threads took: 0.0000245 seconds
{Heap before GC invocations=447 (full 9):
 par new generation   total 109248K, used 109248K [0x00000007a0000000, 0x00000007a8000000, 0x00000007a8000000)
  eden space 87424K, 100% used [0x00000007a0000000, 0x00000007a5560000, 0x00000007a5560000)
  from space 21824K, 100% used [0x00000007a6ab0000, 0x00000007a8000000, 0x00000007a8000000)
  to   space 21824K,   0% used [0x00000007a5560000, 0x00000007a5560000, 0x00000007a6ab0000)
 concurrent mark-sweep generation total 393216K, used 54695K [0x00000007a8000000, 0x00000007c0000000, 0x00000007c0000000)
 Metaspace       used 36119K, capacity 36676K, committed 37136K, reserved 1081344K
  class space    used 4112K, capacity 4279K, committed 4372K, reserved 1048576K
2016-10-23T18:05:41.659+0800: 106.663: [GC (Allocation Failure) 2016-10-23T18:05:41.659+0800: 106.663: [ParNew
Desired survivor size 20112992 bytes, new threshold 8 (max 8)
- age   1:    5806208 bytes,    5806208 total
- age   2:    2395736 bytes,    8201944 total
- age   3:    1299512 bytes,    9501456 total
- age   4:     852672 bytes,   10354128 total
- age   5:    1027912 bytes,   11382040 total
- age   6:      81968 bytes,   11464008 total
- age   7:     287176 bytes,   11751184 total
- age   8:    4886584 bytes,   16637768 total
: 109248K->21824K(109248K), 0.0077930 secs] 163943K->85544K(502464K), 0.0078722 secs] [Times: user=0.03 sys=0.00, real=0.01 secs] 
Heap after GC invocations=448 (full 9):
 par new generation   total 109248K, used 21824K [0x00000007a0000000, 0x00000007a8000000, 0x00000007a8000000)
  eden space 87424K,   0% used [0x00000007a0000000, 0x00000007a0000000, 0x00000007a5560000)
  from space 21824K, 100% used [0x00000007a5560000, 0x00000007a6ab0000, 0x00000007a6ab0000)
  to   space 21824K,   0% used [0x00000007a6ab0000, 0x00000007a6ab0000, 0x00000007a8000000)
 concurrent mark-sweep generation total 393216K, used 63720K [0x00000007a8000000, 0x00000007c0000000, 0x00000007c0000000)
 Metaspace       used 36119K, capacity 36676K, committed 37136K, reserved 1081344K
  class space    used 4112K, capacity 4279K, committed 4372K, reserved 1048576K
}
2016-10-23T18:05:41.667+0800: 106.671: Total time for which application threads were stopped: 0.0081174 seconds, Stopping threads took: 0.0001014 seconds
{Heap before GC invocations=448 (full 9):
 par new generation   total 109248K, used 109248K [0x00000007a0000000, 0x00000007a8000000, 0x00000007a8000000)
  eden space 87424K, 100% used [0x00000007a0000000, 0x00000007a5560000, 0x00000007a5560000)
  from space 21824K, 100% used [0x00000007a5560000, 0x00000007a6ab0000, 0x00000007a6ab0000)
  to   space 21824K,   0% used [0x00000007a6ab0000, 0x00000007a6ab0000, 0x00000007a8000000)
 concurrent mark-sweep generation total 393216K, used 63720K [0x00000007a8000000, 0x00000007c0000000, 0x00000007c0000000)
 Metaspace       used 36119K, capacity 36676K, committed 37136K, reserved 1081344K
  class space    used 4112K, capacity 4279K, committed 4372K, reserved 1048576K
2016-10-23T18:05:41.792+0800: 106.797: [GC (Allocation Failure) 2016-10-23T18:05:41.792+0800: 106.797: [ParNew
Desired survivor size 20112992 bytes, new threshold 8 (max 8)
- age   1:   10813240 bytes,   10813240 total
- age   2:    3238632 bytes,   14051872 total
- age   3:    2235016 bytes,   16286888 total
- age   4:     975728 bytes,   17262616 total
- age   5:     727728 bytes,   17990344 total
- age   6:     901800 bytes,   18892144 total
- age   7:      64592 bytes,   18956736 total
- age   8:     239368 bytes,   19196104 total
: 109248K->21824K(109248K), 0.0098367 secs] 172968K->90291K(502464K), 0.0099019 secs] [Times: user=0.03 sys=0.00, real=0.01 secs] 
Heap after GC invocations=449 (full 9):
 par new generation   total 109248K, used 21824K [0x00000007a0000000, 0x00000007a8000000, 0x00000007a8000000)
  eden space 87424K,   0% used [0x00000007a0000000, 0x00000007a0000000, 0x00000007a5560000)
  from space 21824K, 100% used [0x00000007a6ab0000, 0x00000007a8000000, 0x00000007a8000000)
  to   space 21824K,   0% used [0x00000007a5560000, 0x00000007a5560000, 0x00000007a6ab0000)
 concurrent mark-sweep generation total 393216K, used 68467K [0x00000007a8000000, 0x00000007c0000000, 0x00000007c0000000)
 Metaspace       used 36119K, capacity 36676K, committed 37136K, reserved 1081344K
  class space    used 4112K, capacity 4279K, committed 4372K, reserved 1048576K
}
2016-10-23T18:05:41.802+0800: 106.807: Total time for which application threads were stopped: 0.0102617 seconds, Stopping threads took: 0.0001564 seconds
{Heap before GC invocations=449 (full 9):
 par new generation   total 109248K, used 109248K [0x00000007a0000000, 0x00000007a8000000, 0x00000007a8000000)
  eden space 87424K, 100% used [0x00000007a0000000, 0x00000007a5560000, 0x00000007a5560000)
  from space 21824K, 100% used [0x00000007a6ab0000, 0x00000007a8000000, 0x00000007a8000000)
  to   space 21824K,   0% used [0x00000007a5560000, 0x00000007a5560000, 0x00000007a6ab0000)
 concurrent mark-sweep generation total 393216K, used 68467K [0x00000007a8000000, 0x00000007c0000000, 0x00000007c0000000)
 Metaspace       used 36119K, capacity 36676K, committed 37136K, reserved 1081344K
  class space    used 4112K, capacity 4279K, committed 4372K, reserved 1048576K
2016-10-23T18:05:41.886+0800: 106.891: [GC (Allocation Failure) 2016-10-23T18:05:41.886+0800: 106.891: [ParNew
Desired survivor size 20112992 bytes, new threshold 8 (max 8)
- age   1:    2033752 bytes,    2033752 total
- age   2:    9662792 bytes,   11696544 total
- age   3:    3187864 bytes,   14884408 total
- age   4:    2184344 bytes,   17068752 total
- age   5:     954768 bytes,   18023520 total
- age   6:     708168 bytes,   18731688 total
- age   7:     895216 bytes,   19626904 total
- age   8:      62368 bytes,   19689272 total
: 109248K->21824K(109248K), 0.0058934 secs] 177715K->91452K(502464K), 0.0059656 secs] [Times: user=0.02 sys=0.00, real=0.01 secs] 
Heap after GC invocations=450 (full 9):
 par new generation   total 109248K, used 21824K [0x00000007a0000000, 0x00000007a8000000, 0x00000007a8000000)
  eden space 87424K,   0% used [0x00000007a0000000, 0x00000007a0000000, 0x00000007a5560000)
  from space 21824K, 100% used [0x00000007a5560000, 0x00000007a6ab0000, 0x00000007a6ab0000)
  to   space 21824K,   0% used [0x00000007a6ab0000, 0x00000007a6ab0000, 0x00000007a8000000)
 concurrent mark-sweep generation total 393216K, used 69628K [0x00000007a8000000, 0x00000007c0000000, 0x00000007c0000000)
 Metaspace       used 36119K, capacity 36676K, committed 37136K, reserved 1081344K
  class space    used 4112K, capacity 4279K, committed 4372K, reserved 1048576K
}
2016-10-23T18:05:41.892+0800: 106.897: Total time for which application threads were stopped: 0.0061404 seconds, Stopping threads took: 0.0000261 seconds
{Heap before GC invocations=450 (full 9):
 par new generation   total 109248K, used 109239K [0x00000007a0000000, 0x00000007a8000000, 0x00000007a8000000)
  eden space 87424K,  99% used [0x00000007a0000000, 0x00000007a555ded8, 0x00000007a5560000)
  from space 21824K, 100% used [0x00000007a5560000, 0x00000007a6ab0000, 0x00000007a6ab0000)
  to   space 21824K,   0% used [0x00000007a6ab0000, 0x00000007a6ab0000, 0x00000007a8000000)
 concurrent mark-sweep generation total 393216K, used 69628K [0x00000007a8000000, 0x00000007c0000000, 0x00000007c0000000)
 Metaspace       used 36119K, capacity 36676K, committed 37136K, reserved 1081344K
  class space    used 4112K, capacity 4279K, committed 4372K, reserved 1048576K
2016-10-23T18:05:41.956+0800: 106.961: [GC (Allocation Failure) 2016-10-23T18:05:41.956+0800: 106.961: [ParNew
Desired survivor size 20112992 bytes, new threshold 8 (max 8)
- age   1:    1737840 bytes,    1737840 total
- age   2:    1001184 bytes,    2739024 total
- age   3:    9330776 bytes,   12069800 total
- age   4:    2983344 bytes,   15053144 total
- age   5:    2087664 bytes,   17140808 total
- age   6:     855264 bytes,   17996072 total
- age   7:     619520 bytes,   18615592 total
- age   8:     854232 bytes,   19469824 total
: 109239K->21824K(109248K), 0.0059997 secs] 178868K->92461K(502464K), 0.0060646 secs] [Times: user=0.02 sys=0.00, real=0.01 secs] 
Heap after GC invocations=451 (full 9):
 par new generation   total 109248K, used 21824K [0x00000007a0000000, 0x00000007a8000000, 0x00000007a8000000)
  eden space 87424K,   0% used [0x00000007a0000000, 0x00000007a0000000, 0x00000007a5560000)
  from space 21824K, 100% used [0x00000007a6ab0000, 0x00000007a8000000, 0x00000007a8000000)
  to   space 21824K,   0% used [0x00000007a5560000, 0x00000007a5560000, 0x00000007a6ab0000)
 concurrent mark-sweep generation total 393216K, used 70637K [0x00000007a8000000, 0x00000007c0000000, 0x00000007c0000000)
 Metaspace       used 36119K, capacity 36676K, committed 37136K, reserved 1081344K
  class space    used 4112K, capacity 4279K, committed 4372K, reserved 1048576K
}
2016-10-23T18:05:41.962+0800: 106.967: Total time for which application threads were stopped: 0.0063100 seconds, Stopping threads took: 0.0001006 seconds
{Heap before GC invocations=451 (full 9):
 par new generation   total 109248K, used 109248K [0x00000007a0000000, 0x00000007a8000000, 0x00000007a8000000)
  eden space 87424K, 100% used [0x00000007a0000000, 0x00000007a5560000, 0x00000007a5560000)
  from space 21824K, 100% used [0x00000007a6ab0000, 0x00000007a8000000, 0x00000007a8000000)
  to   space 21824K,   0% used [0x00000007a5560000, 0x00000007a5560000, 0x00000007a6ab0000)
 concurrent mark-sweep generation total 393216K, used 70637K [0x00000007a8000000, 0x00000007c0000000, 0x00000007c0000000)
 Metaspace       used 36119K, capacity 36676K, committed 37136K, reserved 1081344K
  class space    used 4112K, capacity 4279K, committed 4372K, reserved 1048576K
2016-10-23T18:05:42.079+0800: 107.084: [GC (Allocation Failure) 2016-10-23T18:05:42.080+0800: 107.084: [ParNew
Desired survivor size 20112992 bytes, new threshold 8 (max 8)
- age   1:    4356464 bytes,    4356464 total
- age   2:     661992 bytes,    5018456 total
- age   3:     886216 bytes,    5904672 total
- age   4:    7493504 bytes,   13398176 total
- age   5:    2534392 bytes,   15932568 total
- age   6:    1920048 bytes,   17852616 total
- age   7:     689408 bytes,   18542024 total
- age   8:     483640 bytes,   19025664 total
: 109248K->21824K(109248K), 0.0071842 secs] 179885K->96516K(502464K), 0.0072728 secs] [Times: user=0.02 sys=0.00, real=0.01 secs] 
Heap after GC invocations=452 (full 9):
 par new generation   total 109248K, used 21824K [0x00000007a0000000, 0x00000007a8000000, 0x00000007a8000000)
  eden space 87424K,   0% used [0x00000007a0000000, 0x00000007a0000000, 0x00000007a5560000)
  from space 21824K, 100% used [0x00000007a5560000, 0x00000007a6ab0000, 0x00000007a6ab0000)
  to   space 21824K,   0% used [0x00000007a6ab0000, 0x00000007a6ab0000, 0x00000007a8000000)
 concurrent mark-sweep generation total 393216K, used 74692K [0x00000007a8000000, 0x00000007c0000000, 0x00000007c0000000)
 Metaspace       used 36119K, capacity 36676K, committed 37136K, reserved 1081344K
  class space    used 4112K, capacity 4279K, committed 4372K, reserved 1048576K
}
2016-10-23T18:05:42.087+0800: 107.091: Total time for which application threads were stopped: 0.0075259 seconds, Stopping threads took: 0.0000847 seconds
{Heap before GC invocations=452 (full 9):
 par new generation   total 109248K, used 109248K [0x00000007a0000000, 0x00000007a8000000, 0x00000007a8000000)
  eden space 87424K, 100% used [0x00000007a0000000, 0x00000007a5560000, 0x00000007a5560000)
  from space 21824K, 100% used [0x00000007a5560000, 0x00000007a6ab0000, 0x00000007a6ab0000)
  to   space 21824K,   0% used [0x00000007a6ab0000, 0x00000007a6ab0000, 0x00000007a8000000)
 concurrent mark-sweep generation total 393216K, used 74692K [0x00000007a8000000, 0x00000007c0000000, 0x00000007c0000000)
 Metaspace       used 36119K, capacity 36676K, committed 37136K, reserved 1081344K
  class space    used 4112K, capacity 4279K, committed 4372K, reserved 1048576K
2016-10-23T18:05:42.209+0800: 107.214: [GC (Allocation Failure) 2016-10-23T18:05:42.209+0800: 107.214: [ParNew
Desired survivor size 20112992 bytes, new threshold 8 (max 8)
- age   1:    5358632 bytes,    5358632 total
- age   2:    2648072 bytes,    8006704 total
- age   3:     626888 bytes,    8633592 total
- age   4:     883384 bytes,    9516976 total
- age   5:    5818752 bytes,   15335728 total
- age   6:    2009832 bytes,   17345560 total
- age   7:    1756128 bytes,   19101688 total
- age   8:     689408 bytes,   19791096 total
: 109248K->21824K(109248K), 0.0068528 secs] 183940K->101217K(502464K), 0.0069256 secs] [Times: user=0.03 sys=0.00, real=0.01 secs] 
Heap after GC invocations=453 (full 9):
 par new generation   total 109248K, used 21824K [0x00000007a0000000, 0x00000007a8000000, 0x00000007a8000000)
  eden space 87424K,   0% used [0x00000007a0000000, 0x00000007a0000000, 0x00000007a5560000)
  from space 21824K, 100% used [0x00000007a6ab0000, 0x00000007a8000000, 0x00000007a8000000)
  to   space 21824K,   0% used [0x00000007a5560000, 0x00000007a5560000, 0x00000007a6ab0000)
 concurrent mark-sweep generation total 393216K, used 79393K [0x00000007a8000000, 0x00000007c0000000, 0x00000007c0000000)
 Metaspace       used 36119K, capacity 36676K, committed 37136K, reserved 1081344K
  class space    used 4112K, capacity 4279K, committed 4372K, reserved 1048576K
}
2016-10-23T18:05:42.216+0800: 107.221: Total time for which application threads were stopped: 0.0071546 seconds, Stopping threads took: 0.0000826 seconds
{Heap before GC invocations=453 (full 9):
 par new generation   total 109248K, used 109248K [0x00000007a0000000, 0x00000007a8000000, 0x00000007a8000000)
  eden space 87424K, 100% used [0x00000007a0000000, 0x00000007a5560000, 0x00000007a5560000)
  from space 21824K, 100% used [0x00000007a6ab0000, 0x00000007a8000000, 0x00000007a8000000)
  to   space 21824K,   0% used [0x00000007a5560000, 0x00000007a5560000, 0x00000007a6ab0000)
 concurrent mark-sweep generation total 393216K, used 79393K [0x00000007a8000000, 0x00000007c0000000, 0x00000007c0000000)
 Metaspace       used 36119K, capacity 36676K, committed 37136K, reserved 1081344K
  class space    used 4112K, capacity 4279K, committed 4372K, reserved 1048576K
2016-10-23T18:05:42.340+0800: 107.344: [GC (Allocation Failure) 2016-10-23T18:05:42.340+0800: 107.345: [ParNew
Desired survivor size 20112992 bytes, new threshold 8 (max 8)
- age   1:    5312776 bytes,    5312776 total
- age   2:    2775112 bytes,    8087888 total
- age   3:    1944784 bytes,   10032672 total
- age   4:     424280 bytes,   10456952 total
- age   5:     851216 bytes,   11308168 total
- age   6:    5008696 bytes,   16316864 total
- age   7:    1967080 bytes,   18283944 total
- age   8:    1747112 bytes,   20031056 total
: 109248K->21824K(109248K), 0.0073130 secs] 188641K->105898K(502464K), 0.0078362 secs] [Times: user=0.03 sys=0.00, real=0.00 secs] 
Heap after GC invocations=454 (full 9):
 par new generation   total 109248K, used 21824K [0x00000007a0000000, 0x00000007a8000000, 0x00000007a8000000)
  eden space 87424K,   0% used [0x00000007a0000000, 0x00000007a0000000, 0x00000007a5560000)
  from space 21824K, 100% used [0x00000007a5560000, 0x00000007a6ab0000, 0x00000007a6ab0000)
  to   space 21824K,   0% used [0x00000007a6ab0000, 0x00000007a6ab0000, 0x00000007a8000000)
 concurrent mark-sweep generation total 393216K, used 84074K [0x00000007a8000000, 0x00000007c0000000, 0x00000007c0000000)
 Metaspace       used 36119K, capacity 36676K, committed 37136K, reserved 1081344K
  class space    used 4112K, capacity 4279K, committed 4372K, reserved 1048576K
}
2016-10-23T18:05:42.348+0800: 107.352: Total time for which application threads were stopped: 0.0080898 seconds, Stopping threads took: 0.0000861 seconds
{Heap before GC invocations=454 (full 9):
 par new generation   total 109248K, used 109248K [0x00000007a0000000, 0x00000007a8000000, 0x00000007a8000000)
  eden space 87424K, 100% used [0x00000007a0000000, 0x00000007a5560000, 0x00000007a5560000)
  from space 21824K, 100% used [0x00000007a5560000, 0x00000007a6ab0000, 0x00000007a6ab0000)
  to   space 21824K,   0% used [0x00000007a6ab0000, 0x00000007a6ab0000, 0x00000007a8000000)
 concurrent mark-sweep generation total 393216K, used 84074K [0x00000007a8000000, 0x00000007c0000000, 0x00000007c0000000)
 Metaspace       used 36119K, capacity 36676K, committed 37136K, reserved 1081344K
  class space    used 4112K, capacity 4279K, committed 4372K, reserved 1048576K
2016-10-23T18:05:42.496+0800: 107.501: [GC (Allocation Failure) 2016-10-23T18:05:42.496+0800: 107.501: [ParNew
Desired survivor size 20112992 bytes, new threshold 8 (max 8)
- age   1:    6507816 bytes,    6507816 total
- age   2:    2003072 bytes,    8510888 total
- age   3:    2159448 bytes,   10670336 total
- age   4:    1741840 bytes,   12412176 total
- age   5:     399256 bytes,   12811432 total
- age   6:     803584 bytes,   13615016 total
- age   7:    3690040 bytes,   17305056 total
- age   8:    1657232 bytes,   18962288 total
: 109248K->21824K(109248K), 0.0102911 secs] 193322K->112005K(502464K), 0.0103429 secs] [Times: user=0.04 sys=0.00, real=0.01 secs] 
Heap after GC invocations=455 (full 9):
 par new generation   total 109248K, used 21824K [0x00000007a0000000, 0x00000007a8000000, 0x00000007a8000000)
  eden space 87424K,   0% used [0x00000007a0000000, 0x00000007a0000000, 0x00000007a5560000)
  from space 21824K, 100% used [0x00000007a6ab0000, 0x00000007a8000000, 0x00000007a8000000)
  to   space 21824K,   0% used [0x00000007a5560000, 0x00000007a5560000, 0x00000007a6ab0000)
 concurrent mark-sweep generation total 393216K, used 90181K [0x00000007a8000000, 0x00000007c0000000, 0x00000007c0000000)
 Metaspace       used 36119K, capacity 36676K, committed 37136K, reserved 1081344K
  class space    used 4112K, capacity 4279K, committed 4372K, reserved 1048576K
}
2016-10-23T18:05:42.506+0800: 107.511: Total time for which application threads were stopped: 0.0105718 seconds, Stopping threads took: 0.0000780 seconds
{Heap before GC invocations=455 (full 9):
 par new generation   total 109248K, used 109248K [0x00000007a0000000, 0x00000007a8000000, 0x00000007a8000000)
  eden space 87424K, 100% used [0x00000007a0000000, 0x00000007a5560000, 0x00000007a5560000)
  from space 21824K, 100% used [0x00000007a6ab0000, 0x00000007a8000000, 0x00000007a8000000)
  to   space 21824K,   0% used [0x00000007a5560000, 0x00000007a5560000, 0x00000007a6ab0000)
 concurrent mark-sweep generation total 393216K, used 90181K [0x00000007a8000000, 0x00000007c0000000, 0x00000007c0000000)
 Metaspace       used 36119K, capacity 36676K, committed 37136K, reserved 1081344K
  class space    used 4112K, capacity 4279K, committed 4372K, reserved 1048576K
2016-10-23T18:05:42.640+0800: 107.645: [GC (Allocation Failure) 2016-10-23T18:05:42.640+0800: 107.645: [ParNew
Desired survivor size 20112992 bytes, new threshold 8 (max 8)
- age   1:    7923944 bytes,    7923944 total
- age   2:    2817272 bytes,   10741216 total
- age   3:    1518440 bytes,   12259656 total
- age   4:    1686824 bytes,   13946480 total
- age   5:    1685568 bytes,   15632048 total
- age   6:     395888 bytes,   16027936 total
- age   7:     796272 bytes,   16824208 total
- age   8:    3583616 bytes,   20407824 total
: 109248K->21824K(109248K), 0.0077963 secs] 199429K->116129K(502464K), 0.0078568 secs] [Times: user=0.03 sys=0.00, real=0.00 secs] 
Heap after GC invocations=456 (full 9):
 par new generation   total 109248K, used 21824K [0x00000007a0000000, 0x00000007a8000000, 0x00000007a8000000)
  eden space 87424K,   0% used [0x00000007a0000000, 0x00000007a0000000, 0x00000007a5560000)
  from space 21824K, 100% used [0x00000007a5560000, 0x00000007a6ab0000, 0x00000007a6ab0000)
  to   space 21824K,   0% used [0x00000007a6ab0000, 0x00000007a6ab0000, 0x00000007a8000000)
 concurrent mark-sweep generation total 393216K, used 94305K [0x00000007a8000000, 0x00000007c0000000, 0x00000007c0000000)
 Metaspace       used 36119K, capacity 36676K, committed 37136K, reserved 1081344K
  class space    used 4112K, capacity 4279K, committed 4372K, reserved 1048576K
}
2016-10-23T18:05:42.648+0800: 107.653: Total time for which application threads were stopped: 0.0080963 seconds, Stopping threads took: 0.0000766 seconds
{Heap before GC invocations=456 (full 9):
 par new generation   total 109248K, used 109087K [0x00000007a0000000, 0x00000007a8000000, 0x00000007a8000000)
  eden space 87424K,  99% used [0x00000007a0000000, 0x00000007a5537c38, 0x00000007a5560000)
  from space 21824K, 100% used [0x00000007a5560000, 0x00000007a6ab0000, 0x00000007a6ab0000)
  to   space 21824K,   0% used [0x00000007a6ab0000, 0x00000007a6ab0000, 0x00000007a8000000)
 concurrent mark-sweep generation total 393216K, used 94305K [0x00000007a8000000, 0x00000007c0000000, 0x00000007c0000000)
 Metaspace       used 36120K, capacity 36676K, committed 37136K, reserved 1081344K
  class space    used 4112K, capacity 4279K, committed 4372K, reserved 1048576K
2016-10-23T18:05:42.782+0800: 107.787: [GC (Allocation Failure) 2016-10-23T18:05:42.782+0800: 107.787: [ParNew
Desired survivor size 20112992 bytes, new threshold 7 (max 8)
- age   1:    9359992 bytes,    9359992 total
- age   2:    3719112 bytes,   13079104 total
- age   3:    2553536 bytes,   15632640 total
- age   4:    1307896 bytes,   16940536 total
- age   5:    1476400 bytes,   18416936 total
- age   6:    1486464 bytes,   19903400 total
- age   7:     338192 bytes,   20241592 total
- age   8:     717320 bytes,   20958912 total
: 109087K->21824K(109248K), 0.0082895 secs] 203392K->122125K(502464K), 0.0083573 secs] [Times: user=0.03 sys=0.00, real=0.01 secs] 
Heap after GC invocations=457 (full 9):
 par new generation   total 109248K, used 21824K [0x00000007a0000000, 0x00000007a8000000, 0x00000007a8000000)
  eden space 87424K,   0% used [0x00000007a0000000, 0x00000007a0000000, 0x00000007a5560000)
  from space 21824K, 100% used [0x00000007a6ab0000, 0x00000007a8000000, 0x00000007a8000000)
  to   space 21824K,   0% used [0x00000007a5560000, 0x00000007a5560000, 0x00000007a6ab0000)
 concurrent mark-sweep generation total 393216K, used 100301K [0x00000007a8000000, 0x00000007c0000000, 0x00000007c0000000)
 Metaspace       used 36120K, capacity 36676K, committed 37136K, reserved 1081344K
  class space    used 4112K, capacity 4279K, committed 4372K, reserved 1048576K
}
2016-10-23T18:05:42.790+0800: 107.795: Total time for which application threads were stopped: 0.0086327 seconds, Stopping threads took: 0.0000945 seconds
{Heap before GC invocations=457 (full 9):
 par new generation   total 109248K, used 109224K [0x00000007a0000000, 0x00000007a8000000, 0x00000007a8000000)
  eden space 87424K,  99% used [0x00000007a0000000, 0x00000007a555a1f8, 0x00000007a5560000)
  from space 21824K, 100% used [0x00000007a6ab0000, 0x00000007a8000000, 0x00000007a8000000)
  to   space 21824K,   0% used [0x00000007a5560000, 0x00000007a5560000, 0x00000007a6ab0000)
 concurrent mark-sweep generation total 393216K, used 100301K [0x00000007a8000000, 0x00000007c0000000, 0x00000007c0000000)
 Metaspace       used 36121K, capacity 36676K, committed 37136K, reserved 1081344K
  class space    used 4112K, capacity 4279K, committed 4372K, reserved 1048576K
2016-10-23T18:05:42.905+0800: 107.909: [GC (Allocation Failure) 2016-10-23T18:05:42.905+0800: 107.909: [ParNew
Desired survivor size 20112992 bytes, new threshold 8 (max 8)
- age   1:     988384 bytes,     988384 total
- age   2:    7611448 bytes,    8599832 total
- age   3:    2549304 bytes,   11149136 total
- age   4:    2206256 bytes,   13355392 total
- age   5:    1283208 bytes,   14638600 total
- age   6:    1428720 bytes,   16067320 total
- age   7:    1469504 bytes,   17536824 total
: 109224K->21824K(109248K), 0.0077605 secs] 209526K->127597K(502464K), 0.0078139 secs] [Times: user=0.02 sys=0.00, real=0.01 secs] 
Heap after GC invocations=458 (full 9):
 par new generation   total 109248K, used 21824K [0x00000007a0000000, 0x00000007a8000000, 0x00000007a8000000)
  eden space 87424K,   0% used [0x00000007a0000000, 0x00000007a0000000, 0x00000007a5560000)
  from space 21824K, 100% used [0x00000007a5560000, 0x00000007a6ab0000, 0x00000007a6ab0000)
  to   space 21824K,   0% used [0x00000007a6ab0000, 0x00000007a6ab0000, 0x00000007a8000000)
 concurrent mark-sweep generation total 393216K, used 105773K [0x00000007a8000000, 0x00000007c0000000, 0x00000007c0000000)
 Metaspace       used 36121K, capacity 36676K, committed 37136K, reserved 1081344K
  class space    used 4112K, capacity 4279K, committed 4372K, reserved 1048576K
}
2016-10-23T18:05:42.913+0800: 107.917: Total time for which application threads were stopped: 0.0080235 seconds, Stopping threads took: 0.0000679 seconds
{Heap before GC invocations=458 (full 9):
 par new generation   total 109248K, used 109248K [0x00000007a0000000, 0x00000007a8000000, 0x00000007a8000000)
  eden space 87424K, 100% used [0x00000007a0000000, 0x00000007a5560000, 0x00000007a5560000)
  from space 21824K, 100% used [0x00000007a5560000, 0x00000007a6ab0000, 0x00000007a6ab0000)
  to   space 21824K,   0% used [0x00000007a6ab0000, 0x00000007a6ab0000, 0x00000007a8000000)
 concurrent mark-sweep generation total 393216K, used 105773K [0x00000007a8000000, 0x00000007c0000000, 0x00000007c0000000)
 Metaspace       used 36121K, capacity 36676K, committed 37136K, reserved 1081344K
  class space    used 4112K, capacity 4279K, committed 4372K, reserved 1048576K
2016-10-23T18:05:42.958+0800: 107.963: [GC (Allocation Failure) 2016-10-23T18:05:42.958+0800: 107.963: [ParNew
Desired survivor size 20112992 bytes, new threshold 8 (max 8)
- age   1:    1446984 bytes,    1446984 total
- age   2:     613664 bytes,    2060648 total
- age   3:    6863792 bytes,    8924440 total
- age   4:    2427608 bytes,   11352048 total
- age   5:    1660896 bytes,   13012944 total
- age   6:    1165200 bytes,   14178144 total
- age   7:    1282560 bytes,   15460704 total
- age   8:    1353696 bytes,   16814400 total
: 109248K->21824K(109248K), 0.0058268 secs] 215021K->129353K(502464K), 0.0058717 secs] [Times: user=0.02 sys=0.00, real=0.01 secs] 
Heap after GC invocations=459 (full 9):
 par new generation   total 109248K, used 21824K [0x00000007a0000000, 0x00000007a8000000, 0x00000007a8000000)
  eden space 87424K,   0% used [0x00000007a0000000, 0x00000007a0000000, 0x00000007a5560000)
  from space 21824K, 100% used [0x00000007a6ab0000, 0x00000007a8000000, 0x00000007a8000000)
  to   space 21824K,   0% used [0x00000007a5560000, 0x00000007a5560000, 0x00000007a6ab0000)
 concurrent mark-sweep generation total 393216K, used 107529K [0x00000007a8000000, 0x00000007c0000000, 0x00000007c0000000)
 Metaspace       used 36121K, capacity 36676K, committed 37136K, reserved 1081344K
  class space    used 4112K, capacity 4279K, committed 4372K, reserved 1048576K
}
2016-10-23T18:05:42.964+0800: 107.969: Total time for which application threads were stopped: 0.0061012 seconds, Stopping threads took: 0.0000776 seconds
2016-10-23T18:05:43.029+0800: 108.034: Total time for which application threads were stopped: 0.0001853 seconds, Stopping threads took: 0.0000916 seconds
{Heap before GC invocations=459 (full 9):
 par new generation   total 109248K, used 109248K [0x00000007a0000000, 0x00000007a8000000, 0x00000007a8000000)
  eden space 87424K, 100% used [0x00000007a0000000, 0x00000007a5560000, 0x00000007a5560000)
  from space 21824K, 100% used [0x00000007a6ab0000, 0x00000007a8000000, 0x00000007a8000000)
  to   space 21824K,   0% used [0x00000007a5560000, 0x00000007a5560000, 0x00000007a6ab0000)
 concurrent mark-sweep generation total 393216K, used 107529K [0x00000007a8000000, 0x00000007c0000000, 0x00000007c0000000)
 Metaspace       used 36127K, capacity 36676K, committed 37136K, reserved 1081344K
  class space    used 4112K, capacity 4279K, committed 4372K, reserved 1048576K
2016-10-23T18:05:43.055+0800: 108.060: [GC (Allocation Failure) 2016-10-23T18:05:43.055+0800: 108.060: [ParNew
Desired survivor size 20112992 bytes, new threshold 8 (max 8)
- age   1:    4033984 bytes,    4033984 total
- age   2:     668520 bytes,    4702504 total
- age   3:     455264 bytes,    5157768 total
- age   4:    6587856 bytes,   11745624 total
- age   5:    2188992 bytes,   13934616 total
- age   6:    1544032 bytes,   15478648 total
- age   7:    1070712 bytes,   16549360 total
- age   8:    1219864 bytes,   17769224 total
: 109248K->21824K(109248K), 0.0084222 secs] 216777K->130598K(502464K), 0.0084666 secs] [Times: user=0.03 sys=0.00, real=0.01 secs] 
Heap after GC invocations=460 (full 9):
 par new generation   total 109248K, used 21824K [0x00000007a0000000, 0x00000007a8000000, 0x00000007a8000000)
  eden space 87424K,   0% used [0x00000007a0000000, 0x00000007a0000000, 0x00000007a5560000)
  from space 21824K, 100% used [0x00000007a5560000, 0x00000007a6ab0000, 0x00000007a6ab0000)
  to   space 21824K,   0% used [0x00000007a6ab0000, 0x00000007a6ab0000, 0x00000007a8000000)
 concurrent mark-sweep generation total 393216K, used 108774K [0x00000007a8000000, 0x00000007c0000000, 0x00000007c0000000)
 Metaspace       used 36127K, capacity 36676K, committed 37136K, reserved 1081344K
  class space    used 4112K, capacity 4279K, committed 4372K, reserved 1048576K
}
2016-10-23T18:05:43.064+0800: 108.068: Total time for which application threads were stopped: 0.0086752 seconds, Stopping threads took: 0.0000747 seconds
{Heap before GC invocations=460 (full 9):
 par new generation   total 109248K, used 109248K [0x00000007a0000000, 0x00000007a8000000, 0x00000007a8000000)
  eden space 87424K, 100% used [0x00000007a0000000, 0x00000007a5560000, 0x00000007a5560000)
  from space 21824K, 100% used [0x00000007a5560000, 0x00000007a6ab0000, 0x00000007a6ab0000)
  to   space 21824K,   0% used [0x00000007a6ab0000, 0x00000007a6ab0000, 0x00000007a8000000)
 concurrent mark-sweep generation total 393216K, used 108774K [0x00000007a8000000, 0x00000007c0000000, 0x00000007c0000000)
 Metaspace       used 36127K, capacity 36676K, committed 37136K, reserved 1081344K
  class space    used 4112K, capacity 4279K, committed 4372K, reserved 1048576K
2016-10-23T18:05:43.189+0800: 108.194: [GC (Allocation Failure) 2016-10-23T18:05:43.189+0800: 108.194: [ParNew
Desired survivor size 20112992 bytes, new threshold 8 (max 8)
- age   1:    5689696 bytes,    5689696 total
- age   2:    2216464 bytes,    7906160 total
- age   3:     489464 bytes,    8395624 total
- age   4:     424096 bytes,    8819720 total
- age   5:    6610808 bytes,   15430528 total
- age   6:    2177088 bytes,   17607616 total
- age   7:    1077104 bytes,   18684720 total
- age   8:     765656 bytes,   19450376 total
: 109248K->21824K(109248K), 0.0067334 secs] 218022K->133155K(502464K), 0.0068033 secs] [Times: user=0.02 sys=0.00, real=0.01 secs] 
Heap after GC invocations=461 (full 9):
 par new generation   total 109248K, used 21824K [0x00000007a0000000, 0x00000007a8000000, 0x00000007a8000000)
  eden space 87424K,   0% used [0x00000007a0000000, 0x00000007a0000000, 0x00000007a5560000)
  from space 21824K, 100% used [0x00000007a6ab0000, 0x00000007a8000000, 0x00000007a8000000)
  to   space 21824K,   0% used [0x00000007a5560000, 0x00000007a5560000, 0x00000007a6ab0000)
 concurrent mark-sweep generation total 393216K, used 111331K [0x00000007a8000000, 0x00000007c0000000, 0x00000007c0000000)
 Metaspace       used 36127K, capacity 36676K, committed 37136K, reserved 1081344K
  class space    used 4112K, capacity 4279K, committed 4372K, reserved 1048576K
}
2016-10-23T18:05:43.196+0800: 108.201: Total time for which application threads were stopped: 0.0070746 seconds, Stopping threads took: 0.0001040 seconds
{Heap before GC invocations=461 (full 9):
 par new generation   total 109248K, used 109248K [0x00000007a0000000, 0x00000007a8000000, 0x00000007a8000000)
  eden space 87424K, 100% used [0x00000007a0000000, 0x00000007a5560000, 0x00000007a5560000)
  from space 21824K, 100% used [0x00000007a6ab0000, 0x00000007a8000000, 0x00000007a8000000)
  to   space 21824K,   0% used [0x00000007a5560000, 0x00000007a5560000, 0x00000007a6ab0000)
 concurrent mark-sweep generation total 393216K, used 111331K [0x00000007a8000000, 0x00000007c0000000, 0x00000007c0000000)
 Metaspace       used 36127K, capacity 36676K, committed 37136K, reserved 1081344K
  class space    used 4112K, capacity 4279K, committed 4372K, reserved 1048576K
2016-10-23T18:05:43.304+0800: 108.309: [GC (Allocation Failure) 2016-10-23T18:05:43.304+0800: 108.309: [ParNew
Desired survivor size 20112992 bytes, new threshold 7 (max 8)
- age   1:    5406816 bytes,    5406816 total
- age   2:    3401688 bytes,    8808504 total
- age   3:    1779576 bytes,   10588080 total
- age   4:     420016 bytes,   11008096 total
- age   5:     386520 bytes,   11394616 total
- age   6:    6570344 bytes,   17964960 total
- age   7:    2171600 bytes,   20136560 total
- age   8:    1072896 bytes,   21209456 total
: 109248K->21824K(109248K), 0.0090766 secs] 220579K->134958K(502464K), 0.0091203 secs] [Times: user=0.03 sys=0.00, real=0.01 secs] 
Heap after GC invocations=462 (full 9):
 par new generation   total 109248K, used 21824K [0x00000007a0000000, 0x00000007a8000000, 0x00000007a8000000)
  eden space 87424K,   0% used [0x00000007a0000000, 0x00000007a0000000, 0x00000007a5560000)
  from space 21824K, 100% used [0x00000007a5560000, 0x00000007a6ab0000, 0x00000007a6ab0000)
  to   space 21824K,   0% used [0x00000007a6ab0000, 0x00000007a6ab0000, 0x00000007a8000000)
 concurrent mark-sweep generation total 393216K, used 113134K [0x00000007a8000000, 0x00000007c0000000, 0x00000007c0000000)
 Metaspace       used 36127K, capacity 36676K, committed 37136K, reserved 1081344K
  class space    used 4112K, capacity 4279K, committed 4372K, reserved 1048576K
}
2016-10-23T18:05:43.313+0800: 108.318: Total time for which application threads were stopped: 0.0093300 seconds, Stopping threads took: 0.0000521 seconds
{Heap before GC invocations=462 (full 9):
 par new generation   total 109248K, used 109248K [0x00000007a0000000, 0x00000007a8000000, 0x00000007a8000000)
  eden space 87424K, 100% used [0x00000007a0000000, 0x00000007a5560000, 0x00000007a5560000)
  from space 21824K, 100% used [0x00000007a5560000, 0x00000007a6ab0000, 0x00000007a6ab0000)
  to   space 21824K,   0% used [0x00000007a6ab0000, 0x00000007a6ab0000, 0x00000007a8000000)
 concurrent mark-sweep generation total 393216K, used 113134K [0x00000007a8000000, 0x00000007c0000000, 0x00000007c0000000)
 Metaspace       used 36127K, capacity 36676K, committed 37136K, reserved 1081344K
  class space    used 4112K, capacity 4279K, committed 4372K, reserved 1048576K
2016-10-23T18:05:43.383+0800: 108.387: [GC (Allocation Failure) 2016-10-23T18:05:43.383+0800: 108.387: [ParNew
Desired survivor size 20112992 bytes, new threshold 8 (max 8)
- age   1:    3896976 bytes,    3896976 total
- age   2:    2553384 bytes,    6450360 total
- age   3:    3001200 bytes,    9451560 total
- age   4:    1620640 bytes,   11072200 total
- age   5:     298288 bytes,   11370488 total
- age   6:     293912 bytes,   11664400 total
- age   7:    5691168 bytes,   17355568 total
: 109248K->21824K(109248K), 0.0071377 secs] 222382K->140724K(502464K), 0.0071867 secs] [Times: user=0.03 sys=0.00, real=0.01 secs] 
Heap after GC invocations=463 (full 9):
 par new generation   total 109248K, used 21824K [0x00000007a0000000, 0x00000007a8000000, 0x00000007a8000000)
  eden space 87424K,   0% used [0x00000007a0000000, 0x00000007a0000000, 0x00000007a5560000)
  from space 21824K, 100% used [0x00000007a6ab0000, 0x00000007a8000000, 0x00000007a8000000)
  to   space 21824K,   0% used [0x00000007a5560000, 0x00000007a5560000, 0x00000007a6ab0000)
 concurrent mark-sweep generation total 393216K, used 118900K [0x00000007a8000000, 0x00000007c0000000, 0x00000007c0000000)
 Metaspace       used 36127K, capacity 36676K, committed 37136K, reserved 1081344K
  class space    used 4112K, capacity 4279K, committed 4372K, reserved 1048576K
}
2016-10-23T18:05:43.390+0800: 108.394: Total time for which application threads were stopped: 0.0074088 seconds, Stopping threads took: 0.0000564 seconds
{Heap before GC invocations=463 (full 9):
 par new generation   total 109248K, used 109248K [0x00000007a0000000, 0x00000007a8000000, 0x00000007a8000000)
  eden space 87424K, 100% used [0x00000007a0000000, 0x00000007a5560000, 0x00000007a5560000)
  from space 21824K, 100% used [0x00000007a6ab0000, 0x00000007a8000000, 0x00000007a8000000)
  to   space 21824K,   0% used [0x00000007a5560000, 0x00000007a5560000, 0x00000007a6ab0000)
 concurrent mark-sweep generation total 393216K, used 118900K [0x00000007a8000000, 0x00000007c0000000, 0x00000007c0000000)
 Metaspace       used 36127K, capacity 36676K, committed 37136K, reserved 1081344K
  class space    used 4112K, capacity 4279K, committed 4372K, reserved 1048576K
2016-10-23T18:05:43.466+0800: 108.471: [GC (Allocation Failure) 2016-10-23T18:05:43.466+0800: 108.471: [ParNew
Desired survivor size 20112992 bytes, new threshold 8 (max 8)
- age   1:    3880544 bytes,    3880544 total
- age   2:    1477176 bytes,    5357720 total
- age   3:    2208720 bytes,    7566440 total
- age   4:    2756208 bytes,   10322648 total
- age   5:    1542608 bytes,   11865256 total
- age   6:     295080 bytes,   12160336 total
- age   7:     286712 bytes,   12447048 total
- age   8:    5686864 bytes,   18133912 total
: 109248K->21824K(109248K), 0.0062078 secs] 228148K->143209K(502464K), 0.0062791 secs] [Times: user=0.02 sys=0.00, real=0.01 secs] 
Heap after GC invocations=464 (full 9):
 par new generation   total 109248K, used 21824K [0x00000007a0000000, 0x00000007a8000000, 0x00000007a8000000)
  eden space 87424K,   0% used [0x00000007a0000000, 0x00000007a0000000, 0x00000007a5560000)
  from space 21824K, 100% used [0x00000007a5560000, 0x00000007a6ab0000, 0x00000007a6ab0000)
  to   space 21824K,   0% used [0x00000007a6ab0000, 0x00000007a6ab0000, 0x00000007a8000000)
 concurrent mark-sweep generation total 393216K, used 121385K [0x00000007a8000000, 0x00000007c0000000, 0x00000007c0000000)
 Metaspace       used 36127K, capacity 36676K, committed 37136K, reserved 1081344K
  class space    used 4112K, capacity 4279K, committed 4372K, reserved 1048576K
}
2016-10-23T18:05:43.473+0800: 108.477: Total time for which application threads were stopped: 0.0065203 seconds, Stopping threads took: 0.0000677 seconds
{Heap before GC invocations=464 (full 9):
 par new generation   total 109248K, used 109248K [0x00000007a0000000, 0x00000007a8000000, 0x00000007a8000000)
  eden space 87424K, 100% used [0x00000007a0000000, 0x00000007a5560000, 0x00000007a5560000)
  from space 21824K, 100% used [0x00000007a5560000, 0x00000007a6ab0000, 0x00000007a6ab0000)
  to   space 21824K,   0% used [0x00000007a6ab0000, 0x00000007a6ab0000, 0x00000007a8000000)
 concurrent mark-sweep generation total 393216K, used 121385K [0x00000007a8000000, 0x00000007c0000000, 0x00000007c0000000)
 Metaspace       used 36127K, capacity 36676K, committed 37136K, reserved 1081344K
  class space    used 4112K, capacity 4279K, committed 4372K, reserved 1048576K
2016-10-23T18:05:43.539+0800: 108.543: [GC (Allocation Failure) 2016-10-23T18:05:43.539+0800: 108.543: [ParNew
Desired survivor size 20112992 bytes, new threshold 8 (max 8)
- age   1:    5607512 bytes,    5607512 total
- age   2:    1928424 bytes,    7535936 total
- age   3:    1426016 bytes,    8961952 total
- age   4:    2000944 bytes,   10962896 total
- age   5:    2476064 bytes,   13438960 total
- age   6:    1522064 bytes,   14961024 total
- age   7:     288136 bytes,   15249160 total
- age   8:     271000 bytes,   15520160 total
: 109248K->21824K(109248K), 0.0064538 secs] 230633K->149142K(502464K), 0.0065203 secs] [Times: user=0.02 sys=0.01, real=0.01 secs] 
Heap after GC invocations=465 (full 9):
 par new generation   total 109248K, used 21824K [0x00000007a0000000, 0x00000007a8000000, 0x00000007a8000000)
  eden space 87424K,   0% used [0x00000007a0000000, 0x00000007a0000000, 0x00000007a5560000)
  from space 21824K, 100% used [0x00000007a6ab0000, 0x00000007a8000000, 0x00000007a8000000)
  to   space 21824K,   0% used [0x00000007a5560000, 0x00000007a5560000, 0x00000007a6ab0000)
 concurrent mark-sweep generation total 393216K, used 127318K [0x00000007a8000000, 0x00000007c0000000, 0x00000007c0000000)
 Metaspace       used 36127K, capacity 36676K, committed 37136K, reserved 1081344K
  class space    used 4112K, capacity 4279K, committed 4372K, reserved 1048576K
}
2016-10-23T18:05:43.545+0800: 108.550: Total time for which application threads were stopped: 0.0067719 seconds, Stopping threads took: 0.0000766 seconds
{Heap before GC invocations=465 (full 9):
 par new generation   total 109248K, used 109248K [0x00000007a0000000, 0x00000007a8000000, 0x00000007a8000000)
  eden space 87424K, 100% used [0x00000007a0000000, 0x00000007a5560000, 0x00000007a5560000)
  from space 21824K, 100% used [0x00000007a6ab0000, 0x00000007a8000000, 0x00000007a8000000)
  to   space 21824K,   0% used [0x00000007a5560000, 0x00000007a5560000, 0x00000007a6ab0000)
 concurrent mark-sweep generation total 393216K, used 127318K [0x00000007a8000000, 0x00000007c0000000, 0x00000007c0000000)
 Metaspace       used 36127K, capacity 36676K, committed 37136K, reserved 1081344K
  class space    used 4112K, capacity 4279K, committed 4372K, reserved 1048576K
2016-10-23T18:05:43.617+0800: 108.622: [GC (Allocation Failure) 2016-10-23T18:05:43.617+0800: 108.622: [ParNew
Desired survivor size 20112992 bytes, new threshold 8 (max 8)
- age   1:    4605128 bytes,    4605128 total
- age   2:    3499808 bytes,    8104936 total
- age   3:    1802952 bytes,    9907888 total
- age   4:    1426016 bytes,   11333904 total
- age   5:    1966424 bytes,   13300328 total
- age   6:    2476064 bytes,   15776392 total
- age   7:    1522064 bytes,   17298456 total
- age   8:     288136 bytes,   17586592 total
: 109248K->20224K(109248K), 0.0063619 secs] 236566K->147812K(502464K), 0.0064135 secs] [Times: user=0.02 sys=0.00, real=0.01 secs] 
Heap after GC invocations=466 (full 9):
 par new generation   total 109248K, used 20224K [0x00000007a0000000, 0x00000007a8000000, 0x00000007a8000000)
  eden space 87424K,   0% used [0x00000007a0000000, 0x00000007a0000000, 0x00000007a5560000)
  from space 21824K,  92% used [0x00000007a5560000, 0x00000007a6920100, 0x00000007a6ab0000)
  to   space 21824K,   0% used [0x00000007a6ab0000, 0x00000007a6ab0000, 0x00000007a8000000)
 concurrent mark-sweep generation total 393216K, used 127588K [0x00000007a8000000, 0x00000007c0000000, 0x00000007c0000000)
 Metaspace       used 36127K, capacity 36676K, committed 37136K, reserved 1081344K
  class space    used 4112K, capacity 4279K, committed 4372K, reserved 1048576K
}
2016-10-23T18:05:43.624+0800: 108.628: Total time for which application threads were stopped: 0.0066509 seconds, Stopping threads took: 0.0000833 seconds
{Heap before GC invocations=466 (full 9):
 par new generation   total 109248K, used 107648K [0x00000007a0000000, 0x00000007a8000000, 0x00000007a8000000)
  eden space 87424K, 100% used [0x00000007a0000000, 0x00000007a5560000, 0x00000007a5560000)
  from space 21824K,  92% used [0x00000007a5560000, 0x00000007a6920100, 0x00000007a6ab0000)
  to   space 21824K,   0% used [0x00000007a6ab0000, 0x00000007a6ab0000, 0x00000007a8000000)
 concurrent mark-sweep generation total 393216K, used 127588K [0x00000007a8000000, 0x00000007c0000000, 0x00000007c0000000)
 Metaspace       used 36127K, capacity 36676K, committed 37136K, reserved 1081344K
  class space    used 4112K, capacity 4279K, committed 4372K, reserved 1048576K
2016-10-23T18:05:43.695+0800: 108.700: [GC (Allocation Failure) 2016-10-23T18:05:43.695+0800: 108.700: [ParNew
Desired survivor size 20112992 bytes, new threshold 8 (max 8)
- age   1:    6478200 bytes,    6478200 total
- age   2:    1665608 bytes,    8143808 total
- age   3:    1910880 bytes,   10054688 total
- age   4:    1334048 bytes,   11388736 total
- age   5:     968768 bytes,   12357504 total
- age   6:    1208456 bytes,   13565960 total
- age   7:    1491648 bytes,   15057608 total
- age   8:    1392664 bytes,   16450272 total
: 107648K->21824K(109248K), 0.0067312 secs] 235236K->152924K(502464K), 0.0067752 secs] [Times: user=0.03 sys=0.00, real=0.01 secs] 
Heap after GC invocations=467 (full 9):
 par new generation   total 109248K, used 21824K [0x00000007a0000000, 0x00000007a8000000, 0x00000007a8000000)
  eden space 87424K,   0% used [0x00000007a0000000, 0x00000007a0000000, 0x00000007a5560000)
  from space 21824K, 100% used [0x00000007a6ab0000, 0x00000007a8000000, 0x00000007a8000000)
  to   space 21824K,   0% used [0x00000007a5560000, 0x00000007a5560000, 0x00000007a6ab0000)
 concurrent mark-sweep generation total 393216K, used 131100K [0x00000007a8000000, 0x00000007c0000000, 0x00000007c0000000)
 Metaspace       used 36127K, capacity 36676K, committed 37136K, reserved 1081344K
  class space    used 4112K, capacity 4279K, committed 4372K, reserved 1048576K
}
2016-10-23T18:05:43.702+0800: 108.707: Total time for which application threads were stopped: 0.0069947 seconds, Stopping threads took: 0.0000408 seconds
{Heap before GC invocations=467 (full 9):
 par new generation   total 109248K, used 109248K [0x00000007a0000000, 0x00000007a8000000, 0x00000007a8000000)
  eden space 87424K, 100% used [0x00000007a0000000, 0x00000007a5560000, 0x00000007a5560000)
  from space 21824K, 100% used [0x00000007a6ab0000, 0x00000007a8000000, 0x00000007a8000000)
  to   space 21824K,   0% used [0x00000007a5560000, 0x00000007a5560000, 0x00000007a6ab0000)
 concurrent mark-sweep generation total 393216K, used 131100K [0x00000007a8000000, 0x00000007c0000000, 0x00000007c0000000)
 Metaspace       used 36127K, capacity 36676K, committed 37136K, reserved 1081344K
  class space    used 4112K, capacity 4279K, committed 4372K, reserved 1048576K
2016-10-23T18:05:43.766+0800: 108.771: [GC (Allocation Failure) 2016-10-23T18:05:43.766+0800: 108.771: [ParNew
Desired survivor size 20112992 bytes, new threshold 8 (max 8)
- age   1:    5794448 bytes,    5794448 total
- age   2:    4380352 bytes,   10174800 total
- age   3:    1111584 bytes,   11286384 total
- age   4:    1910688 bytes,   13197072 total
- age   5:    1328888 bytes,   14525960 total
- age   6:     936008 bytes,   15461968 total
- age   7:    1206216 bytes,   16668184 total
- age   8:    1491696 bytes,   18159880 total
: 109248K->21824K(109248K), 0.0086078 secs] 240348K->154499K(502464K), 0.0086588 secs] [Times: user=0.03 sys=0.00, real=0.01 secs] 
Heap after GC invocations=468 (full 9):
 par new generation   total 109248K, used 21824K [0x00000007a0000000, 0x00000007a8000000, 0x00000007a8000000)
  eden space 87424K,   0% used [0x00000007a0000000, 0x00000007a0000000, 0x00000007a5560000)
  from space 21824K, 100% used [0x00000007a5560000, 0x00000007a6ab0000, 0x00000007a6ab0000)
  to   space 21824K,   0% used [0x00000007a6ab0000, 0x00000007a6ab0000, 0x00000007a8000000)
 concurrent mark-sweep generation total 393216K, used 132675K [0x00000007a8000000, 0x00000007c0000000, 0x00000007c0000000)
 Metaspace       used 36127K, capacity 36676K, committed 37136K, reserved 1081344K
  class space    used 4112K, capacity 4279K, committed 4372K, reserved 1048576K
}
2016-10-23T18:05:43.775+0800: 108.780: Total time for which application threads were stopped: 0.0088973 seconds, Stopping threads took: 0.0000735 seconds
{Heap before GC invocations=468 (full 9):
 par new generation   total 109248K, used 109248K [0x00000007a0000000, 0x00000007a8000000, 0x00000007a8000000)
  eden space 87424K, 100% used [0x00000007a0000000, 0x00000007a5560000, 0x00000007a5560000)
  from space 21824K, 100% used [0x00000007a5560000, 0x00000007a6ab0000, 0x00000007a6ab0000)
  to   space 21824K,   0% used [0x00000007a6ab0000, 0x00000007a6ab0000, 0x00000007a8000000)
 concurrent mark-sweep generation total 393216K, used 132675K [0x00000007a8000000, 0x00000007c0000000, 0x00000007c0000000)
 Metaspace       used 36128K, capacity 36676K, committed 37136K, reserved 1081344K
  class space    used 4112K, capacity 4279K, committed 4372K, reserved 1048576K
2016-10-23T18:05:43.872+0800: 108.877: [GC (Allocation Failure) 2016-10-23T18:05:43.872+0800: 108.877: [ParNew
Desired survivor size 20112992 bytes, new threshold 8 (max 8)
- age   1:    1587816 bytes,    1587816 total
- age   2:    5387496 bytes,    6975312 total
- age   3:    4319512 bytes,   11294824 total
- age   4:    1049280 bytes,   12344104 total
- age   5:    1855536 bytes,   14199640 total
- age   6:    1262768 bytes,   15462408 total
- age   7:     876368 bytes,   16338776 total
- age   8:    1117416 bytes,   17456192 total
: 109248K->21824K(109248K), 0.0061296 secs] 241923K->156102K(502464K), 0.0061805 secs] [Times: user=0.03 sys=0.00, real=0.00 secs] 
Heap after GC invocations=469 (full 9):
 par new generation   total 109248K, used 21824K [0x00000007a0000000, 0x00000007a8000000, 0x00000007a8000000)
  eden space 87424K,   0% used [0x00000007a0000000, 0x00000007a0000000, 0x00000007a5560000)
  from space 21824K, 100% used [0x00000007a6ab0000, 0x00000007a8000000, 0x00000007a8000000)
  to   space 21824K,   0% used [0x00000007a5560000, 0x00000007a5560000, 0x00000007a6ab0000)
 concurrent mark-sweep generation total 393216K, used 134278K [0x00000007a8000000, 0x00000007c0000000, 0x00000007c0000000)
 Metaspace       used 36128K, capacity 36676K, committed 37136K, reserved 1081344K
  class space    used 4112K, capacity 4279K, committed 4372K, reserved 1048576K
}
2016-10-23T18:05:43.879+0800: 108.883: Total time for which application threads were stopped: 0.0064227 seconds, Stopping threads took: 0.0000969 seconds
{Heap before GC invocations=469 (full 9):
 par new generation   total 109248K, used 109248K [0x00000007a0000000, 0x00000007a8000000, 0x00000007a8000000)
  eden space 87424K, 100% used [0x00000007a0000000, 0x00000007a5560000, 0x00000007a5560000)
  from space 21824K, 100% used [0x00000007a6ab0000, 0x00000007a8000000, 0x00000007a8000000)
  to   space 21824K,   0% used [0x00000007a5560000, 0x00000007a5560000, 0x00000007a6ab0000)
 concurrent mark-sweep generation total 393216K, used 134278K [0x00000007a8000000, 0x00000007c0000000, 0x00000007c0000000)
 Metaspace       used 36128K, capacity 36676K, committed 37136K, reserved 1081344K
  class space    used 4112K, capacity 4279K, committed 4372K, reserved 1048576K
2016-10-23T18:05:43.932+0800: 108.937: [GC (Allocation Failure) 2016-10-23T18:05:43.932+0800: 108.937: [ParNew
Desired survivor size 20112992 bytes, new threshold 8 (max 8)
- age   1:    1342752 bytes,    1342752 total
- age   2:    1095360 bytes,    2438112 total
- age   3:    5387400 bytes,    7825512 total
- age   4:    4319536 bytes,   12145048 total
- age   5:    1049280 bytes,   13194328 total
- age   6:    1855536 bytes,   15049864 total
- age   7:    1262768 bytes,   16312632 total
- age   8:     876368 bytes,   17189000 total
: 109248K->20909K(109248K), 0.0076398 secs] 243526K->156291K(502464K), 0.0076878 secs] [Times: user=0.03 sys=0.00, real=0.01 secs] 
Heap after GC invocations=470 (full 9):
 par new generation   total 109248K, used 20909K [0x00000007a0000000, 0x00000007a8000000, 0x00000007a8000000)
  eden space 87424K,   0% used [0x00000007a0000000, 0x00000007a0000000, 0x00000007a5560000)
  from space 21824K,  95% used [0x00000007a5560000, 0x00000007a69cb648, 0x00000007a6ab0000)
  to   space 21824K,   0% used [0x00000007a6ab0000, 0x00000007a6ab0000, 0x00000007a8000000)
 concurrent mark-sweep generation total 393216K, used 135382K [0x00000007a8000000, 0x00000007c0000000, 0x00000007c0000000)
 Metaspace       used 36128K, capacity 36676K, committed 37136K, reserved 1081344K
  class space    used 4112K, capacity 4279K, committed 4372K, reserved 1048576K
}
2016-10-23T18:05:43.940+0800: 108.945: Total time for which application threads were stopped: 0.0079069 seconds, Stopping threads took: 0.0000770 seconds
{Heap before GC invocations=470 (full 9):
 par new generation   total 109248K, used 108333K [0x00000007a0000000, 0x00000007a8000000, 0x00000007a8000000)
  eden space 87424K, 100% used [0x00000007a0000000, 0x00000007a5560000, 0x00000007a5560000)
  from space 21824K,  95% used [0x00000007a5560000, 0x00000007a69cb648, 0x00000007a6ab0000)
  to   space 21824K,   0% used [0x00000007a6ab0000, 0x00000007a6ab0000, 0x00000007a8000000)
 concurrent mark-sweep generation total 393216K, used 135382K [0x00000007a8000000, 0x00000007c0000000, 0x00000007c0000000)
 Metaspace       used 36128K, capacity 36676K, committed 37136K, reserved 1081344K
  class space    used 4112K, capacity 4279K, committed 4372K, reserved 1048576K
2016-10-23T18:05:43.974+0800: 108.978: [GC (Allocation Failure) 2016-10-23T18:05:43.974+0800: 108.978: [ParNew
Desired survivor size 20112992 bytes, new threshold 8 (max 8)
- age   1:    1038448 bytes,    1038448 total
- age   2:     770480 bytes,    1808928 total
- age   3:    1029744 bytes,    2838672 total
- age   4:    5387400 bytes,    8226072 total
- age   5:    4319512 bytes,   12545584 total
- age   6:    1082064 bytes,   13627648 total
- age   7:    1855536 bytes,   15483184 total
- age   8:    1262768 bytes,   16745952 total
: 108333K->20964K(109248K), 0.0062798 secs] 243715K->157211K(502464K), 0.0063247 secs] [Times: user=0.02 sys=0.01, real=0.01 secs] 
Heap after GC invocations=471 (full 9):
 par new generation   total 109248K, used 20964K [0x00000007a0000000, 0x00000007a8000000, 0x00000007a8000000)
  eden space 87424K,   0% used [0x00000007a0000000, 0x00000007a0000000, 0x00000007a5560000)
  from space 21824K,  96% used [0x00000007a6ab0000, 0x00000007a7f291a8, 0x00000007a8000000)
  to   space 21824K,   0% used [0x00000007a5560000, 0x00000007a5560000, 0x00000007a6ab0000)
 concurrent mark-sweep generation total 393216K, used 136247K [0x00000007a8000000, 0x00000007c0000000, 0x00000007c0000000)
 Metaspace       used 36128K, capacity 36676K, committed 37136K, reserved 1081344K
  class space    used 4112K, capacity 4279K, committed 4372K, reserved 1048576K
}
2016-10-23T18:05:43.980+0800: 108.985: Total time for which application threads were stopped: 0.0065620 seconds, Stopping threads took: 0.0000746 seconds
{Heap before GC invocations=471 (full 9):
 par new generation   total 109248K, used 108388K [0x00000007a0000000, 0x00000007a8000000, 0x00000007a8000000)
  eden space 87424K, 100% used [0x00000007a0000000, 0x00000007a5560000, 0x00000007a5560000)
  from space 21824K,  96% used [0x00000007a6ab0000, 0x00000007a7f291a8, 0x00000007a8000000)
  to   space 21824K,   0% used [0x00000007a5560000, 0x00000007a5560000, 0x00000007a6ab0000)
 concurrent mark-sweep generation total 393216K, used 136247K [0x00000007a8000000, 0x00000007c0000000, 0x00000007c0000000)
 Metaspace       used 36128K, capacity 36676K, committed 37136K, reserved 1081344K
  class space    used 4112K, capacity 4279K, committed 4372K, reserved 1048576K
2016-10-23T18:05:44.061+0800: 109.066: [GC (Allocation Failure) 2016-10-23T18:05:44.061+0800: 109.066: [ParNew
Desired survivor size 20112992 bytes, new threshold 8 (max 8)
- age   1:    4676416 bytes,    4676416 total
- age   2:     390424 bytes,    5066840 total
- age   3:     469208 bytes,    5536048 total
- age   4:     903056 bytes,    6439104 total
- age   5:    5295888 bytes,   11734992 total
- age   6:    4352536 bytes,   16087528 total
- age   7:     950448 bytes,   17037976 total
- age   8:    1781184 bytes,   18819160 total
: 108388K->21824K(109248K), 0.0065618 secs] 244635K->159360K(502464K), 0.0066154 secs] [Times: user=0.02 sys=0.00, real=0.00 secs] 
Heap after GC invocations=472 (full 9):
 par new generation   total 109248K, used 21824K [0x00000007a0000000, 0x00000007a8000000, 0x00000007a8000000)
  eden space 87424K,   0% used [0x00000007a0000000, 0x00000007a0000000, 0x00000007a5560000)
  from space 21824K, 100% used [0x00000007a5560000, 0x00000007a6ab0000, 0x00000007a6ab0000)
  to   space 21824K,   0% used [0x00000007a6ab0000, 0x00000007a6ab0000, 0x00000007a8000000)
 concurrent mark-sweep generation total 393216K, used 137536K [0x00000007a8000000, 0x00000007c0000000, 0x00000007c0000000)
 Metaspace       used 36128K, capacity 36676K, committed 37136K, reserved 1081344K
  class space    used 4112K, capacity 4279K, committed 4372K, reserved 1048576K
}
2016-10-23T18:05:44.068+0800: 109.073: Total time for which application threads were stopped: 0.0068800 seconds, Stopping threads took: 0.0000871 seconds
{Heap before GC invocations=472 (full 9):
 par new generation   total 109248K, used 109248K [0x00000007a0000000, 0x00000007a8000000, 0x00000007a8000000)
  eden space 87424K, 100% used [0x00000007a0000000, 0x00000007a5560000, 0x00000007a5560000)
  from space 21824K, 100% used [0x00000007a5560000, 0x00000007a6ab0000, 0x00000007a6ab0000)
  to   space 21824K,   0% used [0x00000007a6ab0000, 0x00000007a6ab0000, 0x00000007a8000000)
 concurrent mark-sweep generation total 393216K, used 137536K [0x00000007a8000000, 0x00000007c0000000, 0x00000007c0000000)
 Metaspace       used 36128K, capacity 36676K, committed 37136K, reserved 1081344K
  class space    used 4112K, capacity 4279K, committed 4372K, reserved 1048576K
2016-10-23T18:05:44.136+0800: 109.140: [GC (Allocation Failure) 2016-10-23T18:05:44.136+0800: 109.140: [ParNew
Desired survivor size 20112992 bytes, new threshold 8 (max 8)
- age   1:    2904456 bytes,    2904456 total
- age   2:    3207688 bytes,    6112144 total
- age   3:     275576 bytes,    6387720 total
- age   4:     440680 bytes,    6828400 total
- age   5:     897840 bytes,    7726240 total
- age   6:    5183696 bytes,   12909936 total
- age   7:    4352536 bytes,   17262472 total
- age   8:     950448 bytes,   18212920 total
: 109248K->21824K(109248K), 0.0063535 secs] 246784K->162123K(502464K), 0.0064114 secs] [Times: user=0.02 sys=0.00, real=0.01 secs] 
Heap after GC invocations=473 (full 9):
 par new generation   total 109248K, used 21824K [0x00000007a0000000, 0x00000007a8000000, 0x00000007a8000000)
  eden space 87424K,   0% used [0x00000007a0000000, 0x00000007a0000000, 0x00000007a5560000)
  from space 21824K, 100% used [0x00000007a6ab0000, 0x00000007a8000000, 0x00000007a8000000)
  to   space 21824K,   0% used [0x00000007a5560000, 0x00000007a5560000, 0x00000007a6ab0000)
 concurrent mark-sweep generation total 393216K, used 140299K [0x00000007a8000000, 0x00000007c0000000, 0x00000007c0000000)
 Metaspace       used 36128K, capacity 36676K, committed 37136K, reserved 1081344K
  class space    used 4112K, capacity 4279K, committed 4372K, reserved 1048576K
}
2016-10-23T18:05:44.142+0800: 109.147: Total time for which application threads were stopped: 0.0066322 seconds, Stopping threads took: 0.0000653 seconds
{Heap before GC invocations=473 (full 9):
 par new generation   total 109248K, used 109248K [0x00000007a0000000, 0x00000007a8000000, 0x00000007a8000000)
  eden space 87424K, 100% used [0x00000007a0000000, 0x00000007a5560000, 0x00000007a5560000)
  from space 21824K, 100% used [0x00000007a6ab0000, 0x00000007a8000000, 0x00000007a8000000)
  to   space 21824K,   0% used [0x00000007a5560000, 0x00000007a5560000, 0x00000007a6ab0000)
 concurrent mark-sweep generation total 393216K, used 140299K [0x00000007a8000000, 0x00000007c0000000, 0x00000007c0000000)
 Metaspace       used 36128K, capacity 36676K, committed 37136K, reserved 1081344K
  class space    used 4112K, capacity 4279K, committed 4372K, reserved 1048576K
2016-10-23T18:05:44.189+0800: 109.194: [GC (Allocation Failure) 2016-10-23T18:05:44.189+0800: 109.194: [ParNew
Desired survivor size 20112992 bytes, new threshold 8 (max 8)
- age   1:    2997824 bytes,    2997824 total
- age   2:    1611224 bytes,    4609048 total
- age   3:    3053328 bytes,    7662376 total
- age   4:     274328 bytes,    7936704 total
- age   5:     438192 bytes,    8374896 total
- age   6:     892944 bytes,    9267840 total
- age   7:    5183552 bytes,   14451392 total
- age   8:    4221472 bytes,   18672864 total
: 109248K->21824K(109248K), 0.0058662 secs] 249547K->163237K(502464K), 0.0059198 secs] [Times: user=0.02 sys=0.00, real=0.01 secs] 
Heap after GC invocations=474 (full 9):
 par new generation   total 109248K, used 21824K [0x00000007a0000000, 0x00000007a8000000, 0x00000007a8000000)
  eden space 87424K,   0% used [0x00000007a0000000, 0x00000007a0000000, 0x00000007a5560000)
  from space 21824K, 100% used [0x00000007a5560000, 0x00000007a6ab0000, 0x00000007a6ab0000)
  to   space 21824K,   0% used [0x00000007a6ab0000, 0x00000007a6ab0000, 0x00000007a8000000)
 concurrent mark-sweep generation total 393216K, used 141413K [0x00000007a8000000, 0x00000007c0000000, 0x00000007c0000000)
 Metaspace       used 36128K, capacity 36676K, committed 37136K, reserved 1081344K
  class space    used 4112K, capacity 4279K, committed 4372K, reserved 1048576K
}
2016-10-23T18:05:44.195+0800: 109.200: Total time for which application threads were stopped: 0.0061961 seconds, Stopping threads took: 0.0001049 seconds
{Heap before GC invocations=474 (full 9):
 par new generation   total 109248K, used 109248K [0x00000007a0000000, 0x00000007a8000000, 0x00000007a8000000)
  eden space 87424K, 100% used [0x00000007a0000000, 0x00000007a5560000, 0x00000007a5560000)
  from space 21824K, 100% used [0x00000007a5560000, 0x00000007a6ab0000, 0x00000007a6ab0000)
  to   space 21824K,   0% used [0x00000007a6ab0000, 0x00000007a6ab0000, 0x00000007a8000000)
 concurrent mark-sweep generation total 393216K, used 141413K [0x00000007a8000000, 0x00000007c0000000, 0x00000007c0000000)
 Metaspace       used 36128K, capacity 36676K, committed 37136K, reserved 1081344K
  class space    used 4112K, capacity 4279K, committed 4372K, reserved 1048576K
2016-10-23T18:05:44.255+0800: 109.259: [GC (Allocation Failure) 2016-10-23T18:05:44.255+0800: 109.259: [ParNew
Desired survivor size 20112992 bytes, new threshold 8 (max 8)
- age   1:    4582720 bytes,    4582720 total
- age   2:    1237152 bytes,    5819872 total
- age   3:    1279160 bytes,    7099032 total
- age   4:    2947232 bytes,   10046264 total
- age   5:     256872 bytes,   10303136 total
- age   6:     436680 bytes,   10739816 total
- age   7:     889872 bytes,   11629688 total
- age   8:    5313528 bytes,   16943216 total
: 109248K->21824K(109248K), 0.0062197 secs] 250661K->167367K(502464K), 0.0063106 secs] [Times: user=0.02 sys=0.00, real=0.01 secs] 
Heap after GC invocations=475 (full 9):
 par new generation   total 109248K, used 21824K [0x00000007a0000000, 0x00000007a8000000, 0x00000007a8000000)
  eden space 87424K,   0% used [0x00000007a0000000, 0x00000007a0000000, 0x00000007a5560000)
  from space 21824K, 100% used [0x00000007a6ab0000, 0x00000007a8000000, 0x00000007a8000000)
  to   space 21824K,   0% used [0x00000007a5560000, 0x00000007a5560000, 0x00000007a6ab0000)
 concurrent mark-sweep generation total 393216K, used 145543K [0x00000007a8000000, 0x00000007c0000000, 0x00000007c0000000)
 Metaspace       used 36128K, capacity 36676K, committed 37136K, reserved 1081344K
  class space    used 4112K, capacity 4279K, committed 4372K, reserved 1048576K
}
2016-10-23T18:05:44.261+0800: 109.266: Total time for which application threads were stopped: 0.0067330 seconds, Stopping threads took: 0.0001154 seconds
{Heap before GC invocations=475 (full 9):
 par new generation   total 109248K, used 109248K [0x00000007a0000000, 0x00000007a8000000, 0x00000007a8000000)
  eden space 87424K, 100% used [0x00000007a0000000, 0x00000007a5560000, 0x00000007a5560000)
  from space 21824K, 100% used [0x00000007a6ab0000, 0x00000007a8000000, 0x00000007a8000000)
  to   space 21824K,   0% used [0x00000007a5560000, 0x00000007a5560000, 0x00000007a6ab0000)
 concurrent mark-sweep generation total 393216K, used 145543K [0x00000007a8000000, 0x00000007c0000000, 0x00000007c0000000)
 Metaspace       used 36128K, capacity 36676K, committed 37136K, reserved 1081344K
  class space    used 4112K, capacity 4279K, committed 4372K, reserved 1048576K
2016-10-23T18:05:44.356+0800: 109.361: [GC (Allocation Failure) 2016-10-23T18:05:44.356+0800: 109.361: [ParNew
Desired survivor size 20112992 bytes, new threshold 8 (max 8)
- age   1:    5452712 bytes,    5452712 total
- age   2:    2372352 bytes,    7825064 total
- age   3:    1121480 bytes,    8946544 total
- age   4:    1221632 bytes,   10168176 total
- age   5:    2888352 bytes,   13056528 total
- age   6:     257352 bytes,   13313880 total
- age   7:     420928 bytes,   13734808 total
- age   8:     873888 bytes,   14608696 total
: 109248K->18687K(109248K), 0.0061944 secs] 254791K->169300K(502464K), 0.0062542 secs] [Times: user=0.02 sys=0.00, real=0.01 secs] 
Heap after GC invocations=476 (full 9):
 par new generation   total 109248K, used 18687K [0x00000007a0000000, 0x00000007a8000000, 0x00000007a8000000)
  eden space 87424K,   0% used [0x00000007a0000000, 0x00000007a0000000, 0x00000007a5560000)
  from space 21824K,  85% used [0x00000007a5560000, 0x00000007a679fe98, 0x00000007a6ab0000)
  to   space 21824K,   0% used [0x00000007a6ab0000, 0x00000007a6ab0000, 0x00000007a8000000)
 concurrent mark-sweep generation total 393216K, used 150612K [0x00000007a8000000, 0x00000007c0000000, 0x00000007c0000000)
 Metaspace       used 36128K, capacity 36676K, committed 37136K, reserved 1081344K
  class space    used 4112K, capacity 4279K, committed 4372K, reserved 1048576K
}
2016-10-23T18:05:44.362+0800: 109.367: Total time for which application threads were stopped: 0.0065114 seconds, Stopping threads took: 0.0001011 seconds
{Heap before GC invocations=476 (full 9):
 par new generation   total 109248K, used 106111K [0x00000007a0000000, 0x00000007a8000000, 0x00000007a8000000)
  eden space 87424K, 100% used [0x00000007a0000000, 0x00000007a5560000, 0x00000007a5560000)
  from space 21824K,  85% used [0x00000007a5560000, 0x00000007a679fe98, 0x00000007a6ab0000)
  to   space 21824K,   0% used [0x00000007a6ab0000, 0x00000007a6ab0000, 0x00000007a8000000)
 concurrent mark-sweep generation total 393216K, used 150612K [0x00000007a8000000, 0x00000007c0000000, 0x00000007c0000000)
 Metaspace       used 36128K, capacity 36676K, committed 37136K, reserved 1081344K
  class space    used 4112K, capacity 4279K, committed 4372K, reserved 1048576K
2016-10-23T18:05:44.473+0800: 109.478: [GC (Allocation Failure) 2016-10-23T18:05:44.473+0800: 109.478: [ParNew
Desired survivor size 20112992 bytes, new threshold 8 (max 8)
- age   1:    6441816 bytes,    6441816 total
- age   2:    2622672 bytes,    9064488 total
- age   3:    2184672 bytes,   11249160 total
- age   4:     974400 bytes,   12223560 total
- age   5:    1187400 bytes,   13410960 total
- age   6:    2856552 bytes,   16267512 total
- age   7:     257760 bytes,   16525272 total
- age   8:     422296 bytes,   16947568 total
: 106111K->20210K(109248K), 0.0057607 secs] 256724K->171688K(502464K), 0.0058195 secs] [Times: user=0.02 sys=0.00, real=0.00 secs] 
Heap after GC invocations=477 (full 9):
 par new generation   total 109248K, used 20210K [0x00000007a0000000, 0x00000007a8000000, 0x00000007a8000000)
  eden space 87424K,   0% used [0x00000007a0000000, 0x00000007a0000000, 0x00000007a5560000)
  from space 21824K,  92% used [0x00000007a6ab0000, 0x00000007a7e6cb70, 0x00000007a8000000)
  to   space 21824K,   0% used [0x00000007a5560000, 0x00000007a5560000, 0x00000007a6ab0000)
 concurrent mark-sweep generation total 393216K, used 151477K [0x00000007a8000000, 0x00000007c0000000, 0x00000007c0000000)
 Metaspace       used 36128K, capacity 36676K, committed 37136K, reserved 1081344K
  class space    used 4112K, capacity 4279K, committed 4372K, reserved 1048576K
}
2016-10-23T18:05:44.479+0800: 109.484: Total time for which application threads were stopped: 0.0060747 seconds, Stopping threads took: 0.0000963 seconds
{Heap before GC invocations=477 (full 9):
 par new generation   total 109248K, used 107634K [0x00000007a0000000, 0x00000007a8000000, 0x00000007a8000000)
  eden space 87424K, 100% used [0x00000007a0000000, 0x00000007a5560000, 0x00000007a5560000)
  from space 21824K,  92% used [0x00000007a6ab0000, 0x00000007a7e6cb70, 0x00000007a8000000)
  to   space 21824K,   0% used [0x00000007a5560000, 0x00000007a5560000, 0x00000007a6ab0000)
 concurrent mark-sweep generation total 393216K, used 151477K [0x00000007a8000000, 0x00000007c0000000, 0x00000007c0000000)
 Metaspace       used 36128K, capacity 36676K, committed 37136K, reserved 1081344K
  class space    used 4112K, capacity 4279K, committed 4372K, reserved 1048576K
2016-10-23T18:05:44.584+0800: 109.589: [GC (Allocation Failure) 2016-10-23T18:05:44.584+0800: 109.589: [ParNew
Desired survivor size 20112992 bytes, new threshold 8 (max 8)
- age   1:    7339616 bytes,    7339616 total
- age   2:    2804088 bytes,   10143704 total
- age   3:    2558040 bytes,   12701744 total
- age   4:    1797280 bytes,   14499024 total
- age   5:     889168 bytes,   15388192 total
- age   6:    1174800 bytes,   16562992 total
- age   7:    2850520 bytes,   19413512 total
- age   8:     257736 bytes,   19671248 total
: 107634K->21230K(109248K), 0.0070676 secs] 259112K->173126K(502464K), 0.0071240 secs] [Times: user=0.03 sys=0.00, real=0.01 secs] 
Heap after GC invocations=478 (full 9):
 par new generation   total 109248K, used 21230K [0x00000007a0000000, 0x00000007a8000000, 0x00000007a8000000)
  eden space 87424K,   0% used [0x00000007a0000000, 0x00000007a0000000, 0x00000007a5560000)
  from space 21824K,  97% used [0x00000007a5560000, 0x00000007a6a1bb70, 0x00000007a6ab0000)
  to   space 21824K,   0% used [0x00000007a6ab0000, 0x00000007a6ab0000, 0x00000007a8000000)
 concurrent mark-sweep generation total 393216K, used 151896K [0x00000007a8000000, 0x00000007c0000000, 0x00000007c0000000)
 Metaspace       used 36128K, capacity 36676K, committed 37136K, reserved 1081344K
  class space    used 4112K, capacity 4279K, committed 4372K, reserved 1048576K
}
2016-10-23T18:05:44.592+0800: 109.596: Total time for which application threads were stopped: 0.0073461 seconds, Stopping threads took: 0.0000751 seconds
{Heap before GC invocations=478 (full 9):
 par new generation   total 109248K, used 108654K [0x00000007a0000000, 0x00000007a8000000, 0x00000007a8000000)
  eden space 87424K, 100% used [0x00000007a0000000, 0x00000007a5560000, 0x00000007a5560000)
  from space 21824K,  97% used [0x00000007a5560000, 0x00000007a6a1bb70, 0x00000007a6ab0000)
  to   space 21824K,   0% used [0x00000007a6ab0000, 0x00000007a6ab0000, 0x00000007a8000000)
 concurrent mark-sweep generation total 393216K, used 151896K [0x00000007a8000000, 0x00000007c0000000, 0x00000007c0000000)
 Metaspace       used 36128K, capacity 36676K, committed 37136K, reserved 1081344K
  class space    used 4112K, capacity 4279K, committed 4372K, reserved 1048576K
2016-10-23T18:05:44.726+0800: 109.731: [GC (Allocation Failure) 2016-10-23T18:05:44.726+0800: 109.731: [ParNew
Desired survivor size 20112992 bytes, new threshold 8 (max 8)
- age   1:    7581712 bytes,    7581712 total
- age   2:    2705784 bytes,   10287496 total
- age   3:    2039720 bytes,   12327216 total
- age   4:    2246784 bytes,   14574000 total
- age   5:    1058032 bytes,   15632032 total
- age   6:     804752 bytes,   16436784 total
- age   7:    1049760 bytes,   17486544 total
- age   8:    2294696 bytes,   19781240 total
: 108654K->21824K(109248K), 0.0083310 secs] 260550K->177738K(502464K), 0.0084005 secs] [Times: user=0.03 sys=0.00, real=0.01 secs] 
Heap after GC invocations=479 (full 9):
 par new generation   total 109248K, used 21824K [0x00000007a0000000, 0x00000007a8000000, 0x00000007a8000000)
  eden space 87424K,   0% used [0x00000007a0000000, 0x00000007a0000000, 0x00000007a5560000)
  from space 21824K, 100% used [0x00000007a6ab0000, 0x00000007a8000000, 0x00000007a8000000)
  to   space 21824K,   0% used [0x00000007a5560000, 0x00000007a5560000, 0x00000007a6ab0000)
 concurrent mark-sweep generation total 393216K, used 155914K [0x00000007a8000000, 0x00000007c0000000, 0x00000007c0000000)
 Metaspace       used 36128K, capacity 36676K, committed 37136K, reserved 1081344K
  class space    used 4112K, capacity 4279K, committed 4372K, reserved 1048576K
}
2016-10-23T18:05:44.734+0800: 109.739: Total time for which application threads were stopped: 0.0086572 seconds, Stopping threads took: 0.0000950 seconds
{Heap before GC invocations=479 (full 9):
 par new generation   total 109248K, used 109248K [0x00000007a0000000, 0x00000007a8000000, 0x00000007a8000000)
  eden space 87424K, 100% used [0x00000007a0000000, 0x00000007a5560000, 0x00000007a5560000)
  from space 21824K, 100% used [0x00000007a6ab0000, 0x00000007a8000000, 0x00000007a8000000)
  to   space 21824K,   0% used [0x00000007a5560000, 0x00000007a5560000, 0x00000007a6ab0000)
 concurrent mark-sweep generation total 393216K, used 155914K [0x00000007a8000000, 0x00000007c0000000, 0x00000007c0000000)
 Metaspace       used 36128K, capacity 36676K, committed 37136K, reserved 1081344K
  class space    used 4112K, capacity 4279K, committed 4372K, reserved 1048576K
2016-10-23T18:05:44.880+0800: 109.884: [GC (Allocation Failure) 2016-10-23T18:05:44.880+0800: 109.884: [ParNew
Desired survivor size 20112992 bytes, new threshold 8 (max 8)
- age   1:    6811608 bytes,    6811608 total
- age   2:    5545640 bytes,   12357248 total
- age   3:    1585008 bytes,   13942256 total
- age   4:     933384 bytes,   14875640 total
- age   5:    1379024 bytes,   16254664 total
- age   6:     802472 bytes,   17057136 total
- age   7:     742872 bytes,   17800008 total
- age   8:     948232 bytes,   18748240 total
: 109248K->21824K(109248K), 0.0074624 secs] 265162K->183193K(502464K), 0.0075111 secs] [Times: user=0.03 sys=0.01, real=0.00 secs] 
Heap after GC invocations=480 (full 9):
 par new generation   total 109248K, used 21824K [0x00000007a0000000, 0x00000007a8000000, 0x00000007a8000000)
  eden space 87424K,   0% used [0x00000007a0000000, 0x00000007a0000000, 0x00000007a5560000)
  from space 21824K, 100% used [0x00000007a5560000, 0x00000007a6ab0000, 0x00000007a6ab0000)
  to   space 21824K,   0% used [0x00000007a6ab0000, 0x00000007a6ab0000, 0x00000007a8000000)
 concurrent mark-sweep generation total 393216K, used 161369K [0x00000007a8000000, 0x00000007c0000000, 0x00000007c0000000)
 Metaspace       used 36128K, capacity 36676K, committed 37136K, reserved 1081344K
  class space    used 4112K, capacity 4279K, committed 4372K, reserved 1048576K
}
2016-10-23T18:05:44.887+0800: 109.892: Total time for which application threads were stopped: 0.0077633 seconds, Stopping threads took: 0.0000862 seconds
{Heap before GC invocations=480 (full 9):
 par new generation   total 109248K, used 109248K [0x00000007a0000000, 0x00000007a8000000, 0x00000007a8000000)
  eden space 87424K, 100% used [0x00000007a0000000, 0x00000007a5560000, 0x00000007a5560000)
  from space 21824K, 100% used [0x00000007a5560000, 0x00000007a6ab0000, 0x00000007a6ab0000)
  to   space 21824K,   0% used [0x00000007a6ab0000, 0x00000007a6ab0000, 0x00000007a8000000)
 concurrent mark-sweep generation total 393216K, used 161369K [0x00000007a8000000, 0x00000007c0000000, 0x00000007c0000000)
 Metaspace       used 36128K, capacity 36676K, committed 37136K, reserved 1081344K
  class space    used 4112K, capacity 4279K, committed 4372K, reserved 1048576K
2016-10-23T18:05:44.945+0800: 109.950: [GC (Allocation Failure) 2016-10-23T18:05:44.945+0800: 109.950: [ParNew
Desired survivor size 20112992 bytes, new threshold 8 (max 8)
- age   1:    1660392 bytes,    1660392 total
- age   2:    5914912 bytes,    7575304 total
- age   3:    5423032 bytes,   12998336 total
- age   4:    1478984 bytes,   14477320 total
- age   5:     955848 bytes,   15433168 total
- age   6:    1303800 bytes,   16736968 total
- age   7:     666232 bytes,   17403200 total
- age   8:     507776 bytes,   17910976 total
: 109248K->21824K(109248K), 0.0070632 secs] 270617K->185006K(502464K), 0.0071259 secs] [Times: user=0.02 sys=0.00, real=0.01 secs] 
Heap after GC invocations=481 (full 9):
 par new generation   total 109248K, used 21824K [0x00000007a0000000, 0x00000007a8000000, 0x00000007a8000000)
  eden space 87424K,   0% used [0x00000007a0000000, 0x00000007a0000000, 0x00000007a5560000)
  from space 21824K, 100% used [0x00000007a6ab0000, 0x00000007a8000000, 0x00000007a8000000)
  to   space 21824K,   0% used [0x00000007a5560000, 0x00000007a5560000, 0x00000007a6ab0000)
 concurrent mark-sweep generation total 393216K, used 163182K [0x00000007a8000000, 0x00000007c0000000, 0x00000007c0000000)
 Metaspace       used 36128K, capacity 36676K, committed 37136K, reserved 1081344K
  class space    used 4112K, capacity 4279K, committed 4372K, reserved 1048576K
}
2016-10-23T18:05:44.952+0800: 109.957: Total time for which application threads were stopped: 0.0074102 seconds, Stopping threads took: 0.0000813 seconds
{Heap before GC invocations=481 (full 9):
 par new generation   total 109248K, used 109248K [0x00000007a0000000, 0x00000007a8000000, 0x00000007a8000000)
  eden space 87424K, 100% used [0x00000007a0000000, 0x00000007a5560000, 0x00000007a5560000)
  from space 21824K, 100% used [0x00000007a6ab0000, 0x00000007a8000000, 0x00000007a8000000)
  to   space 21824K,   0% used [0x00000007a5560000, 0x00000007a5560000, 0x00000007a6ab0000)
 concurrent mark-sweep generation total 393216K, used 163182K [0x00000007a8000000, 0x00000007c0000000, 0x00000007c0000000)
 Metaspace       used 36129K, capacity 36676K, committed 37136K, reserved 1081344K
  class space    used 4112K, capacity 4279K, committed 4372K, reserved 1048576K
2016-10-23T18:05:45.040+0800: 110.045: [GC (Allocation Failure) 2016-10-23T18:05:45.040+0800: 110.045: [ParNew
Desired survivor size 20112992 bytes, new threshold 8 (max 8)
- age   1:    2798040 bytes,    2798040 total
- age   2:     602096 bytes,    3400136 total
- age   3:    5655760 bytes,    9055896 total
- age   4:    5300664 bytes,   14356560 total
- age   5:    1369240 bytes,   15725800 total
- age   6:     746712 bytes,   16472512 total
- age   7:    1204232 bytes,   17676744 total
- age   8:     604272 bytes,   18281016 total
: 109248K->21824K(109248K), 0.0062351 secs] 272430K->185523K(502464K), 0.0062856 secs] [Times: user=0.02 sys=0.00, real=0.00 secs] 
Heap after GC invocations=482 (full 9):
 par new generation   total 109248K, used 21824K [0x00000007a0000000, 0x00000007a8000000, 0x00000007a8000000)
  eden space 87424K,   0% used [0x00000007a0000000, 0x00000007a0000000, 0x00000007a5560000)
  from space 21824K, 100% used [0x00000007a5560000, 0x00000007a6ab0000, 0x00000007a6ab0000)
  to   space 21824K,   0% used [0x00000007a6ab0000, 0x00000007a6ab0000, 0x00000007a8000000)
 concurrent mark-sweep generation total 393216K, used 163699K [0x00000007a8000000, 0x00000007c0000000, 0x00000007c0000000)
 Metaspace       used 36129K, capacity 36676K, committed 37136K, reserved 1081344K
  class space    used 4112K, capacity 4279K, committed 4372K, reserved 1048576K
}
2016-10-23T18:05:45.047+0800: 110.051: Total time for which application threads were stopped: 0.0065192 seconds, Stopping threads took: 0.0000858 seconds
{Heap before GC invocations=482 (full 9):
 par new generation   total 109248K, used 109248K [0x00000007a0000000, 0x00000007a8000000, 0x00000007a8000000)
  eden space 87424K, 100% used [0x00000007a0000000, 0x00000007a5560000, 0x00000007a5560000)
  from space 21824K, 100% used [0x00000007a5560000, 0x00000007a6ab0000, 0x00000007a6ab0000)
  to   space 21824K,   0% used [0x00000007a6ab0000, 0x00000007a6ab0000, 0x00000007a8000000)
 concurrent mark-sweep generation total 393216K, used 163699K [0x00000007a8000000, 0x00000007c0000000, 0x00000007c0000000)
 Metaspace       used 36129K, capacity 36676K, committed 37136K, reserved 1081344K
  class space    used 4112K, capacity 4279K, committed 4372K, reserved 1048576K
2016-10-23T18:05:45.191+0800: 110.196: [GC (Allocation Failure) 2016-10-23T18:05:45.191+0800: 110.196: [ParNew
Desired survivor size 20112992 bytes, new threshold 8 (max 8)
- age   1:    3569216 bytes,    3569216 total
- age   2:    1643472 bytes,    5212688 total
- age   3:     465680 bytes,    5678368 total
- age   4:    4216304 bytes,    9894672 total
- age   5:    5295496 bytes,   15190168 total
- age   6:    1363984 bytes,   16554152 total
- age   7:     733688 bytes,   17287840 total
- age   8:    1190256 bytes,   18478096 total
: 109248K->21824K(109248K), 0.0088234 secs] 272947K->188661K(502464K), 0.0088865 secs] [Times: user=0.03 sys=0.00, real=0.01 secs] 
Heap after GC invocations=483 (full 9):
 par new generation   total 109248K, used 21824K [0x00000007a0000000, 0x00000007a8000000, 0x00000007a8000000)
  eden space 87424K,   0% used [0x00000007a0000000, 0x00000007a0000000, 0x00000007a5560000)
  from space 21824K, 100% used [0x00000007a6ab0000, 0x00000007a8000000, 0x00000007a8000000)
  to   space 21824K,   0% used [0x00000007a5560000, 0x00000007a5560000, 0x00000007a6ab0000)
 concurrent mark-sweep generation total 393216K, used 166837K [0x00000007a8000000, 0x00000007c0000000, 0x00000007c0000000)
 Metaspace       used 36129K, capacity 36676K, committed 37136K, reserved 1081344K
  class space    used 4112K, capacity 4279K, committed 4372K, reserved 1048576K
}
2016-10-23T18:05:45.200+0800: 110.205: Total time for which application threads were stopped: 0.0091851 seconds, Stopping threads took: 0.0000640 seconds
{Heap before GC invocations=483 (full 9):
 par new generation   total 109248K, used 109248K [0x00000007a0000000, 0x00000007a8000000, 0x00000007a8000000)
  eden space 87424K, 100% used [0x00000007a0000000, 0x00000007a5560000, 0x00000007a5560000)
  from space 21824K, 100% used [0x00000007a6ab0000, 0x00000007a8000000, 0x00000007a8000000)
  to   space 21824K,   0% used [0x00000007a5560000, 0x00000007a5560000, 0x00000007a6ab0000)
 concurrent mark-sweep generation total 393216K, used 166837K [0x00000007a8000000, 0x00000007c0000000, 0x00000007c0000000)
 Metaspace       used 36129K, capacity 36676K, committed 37136K, reserved 1081344K
  class space    used 4112K, capacity 4279K, committed 4372K, reserved 1048576K
2016-10-23T18:05:45.336+0800: 110.341: [GC (Allocation Failure) 2016-10-23T18:05:45.336+0800: 110.341: [ParNew
Desired survivor size 20112992 bytes, new threshold 8 (max 8)
- age   1:    4681704 bytes,    4681704 total
- age   2:    1955888 bytes,    6637592 total
- age   3:    1106424 bytes,    7744016 total
- age   4:     400560 bytes,    8144576 total
- age   5:    3735128 bytes,   11879704 total
- age   6:    4628168 bytes,   16507872 total
- age   7:    1362960 bytes,   17870832 total
- age   8:     732160 bytes,   18602992 total
: 109248K->21824K(109248K), 0.0083164 secs] 276085K->193346K(502464K), 0.0083726 secs] [Times: user=0.03 sys=0.00, real=0.01 secs] 
Heap after GC invocations=484 (full 9):
 par new generation   total 109248K, used 21824K [0x00000007a0000000, 0x00000007a8000000, 0x00000007a8000000)
  eden space 87424K,   0% used [0x00000007a0000000, 0x00000007a0000000, 0x00000007a5560000)
  from space 21824K, 100% used [0x00000007a5560000, 0x00000007a6ab0000, 0x00000007a6ab0000)
  to   space 21824K,   0% used [0x00000007a6ab0000, 0x00000007a6ab0000, 0x00000007a8000000)
 concurrent mark-sweep generation total 393216K, used 171522K [0x00000007a8000000, 0x00000007c0000000, 0x00000007c0000000)
 Metaspace       used 36129K, capacity 36676K, committed 37136K, reserved 1081344K
  class space    used 4112K, capacity 4279K, committed 4372K, reserved 1048576K
}
2016-10-23T18:05:45.345+0800: 110.349: Total time for which application threads were stopped: 0.0085705 seconds, Stopping threads took: 0.0000524 seconds
{Heap before GC invocations=484 (full 9):
 par new generation   total 109248K, used 109248K [0x00000007a0000000, 0x00000007a8000000, 0x00000007a8000000)
  eden space 87424K, 100% used [0x00000007a0000000, 0x00000007a5560000, 0x00000007a5560000)
  from space 21824K, 100% used [0x00000007a5560000, 0x00000007a6ab0000, 0x00000007a6ab0000)
  to   space 21824K,   0% used [0x00000007a6ab0000, 0x00000007a6ab0000, 0x00000007a8000000)
 concurrent mark-sweep generation total 393216K, used 171522K [0x00000007a8000000, 0x00000007c0000000, 0x00000007c0000000)
 Metaspace       used 36129K, capacity 36676K, committed 37136K, reserved 1081344K
  class space    used 4112K, capacity 4279K, committed 4372K, reserved 1048576K
2016-10-23T18:05:45.476+0800: 110.480: [GC (Allocation Failure) 2016-10-23T18:05:45.476+0800: 110.480: [ParNew
Desired survivor size 20112992 bytes, new threshold 8 (max 8)
- age   1:    4645272 bytes,    4645272 total
- age   2:    2731120 bytes,    7376392 total
- age   3:    1828136 bytes,    9204528 total
- age   4:    1059912 bytes,   10264440 total
- age   5:     379776 bytes,   10644216 total
- age   6:    3680016 bytes,   14324232 total
- age   7:    4592048 bytes,   18916280 total
- age   8:    1362960 bytes,   20279240 total
: 109248K->21824K(109248K), 0.0081776 secs] 280770K->195917K(502464K), 0.0082397 secs] [Times: user=0.03 sys=0.00, real=0.01 secs] 
Heap after GC invocations=485 (full 9):
 par new generation   total 109248K, used 21824K [0x00000007a0000000, 0x00000007a8000000, 0x00000007a8000000)
  eden space 87424K,   0% used [0x00000007a0000000, 0x00000007a0000000, 0x00000007a5560000)
  from space 21824K, 100% used [0x00000007a6ab0000, 0x00000007a8000000, 0x00000007a8000000)
  to   space 21824K,   0% used [0x00000007a5560000, 0x00000007a5560000, 0x00000007a6ab0000)
 concurrent mark-sweep generation total 393216K, used 174093K [0x00000007a8000000, 0x00000007c0000000, 0x00000007c0000000)
 Metaspace       used 36129K, capacity 36676K, committed 37136K, reserved 1081344K
  class space    used 4112K, capacity 4279K, committed 4372K, reserved 1048576K
}
2016-10-23T18:05:45.484+0800: 110.489: Total time for which application threads were stopped: 0.0084512 seconds, Stopping threads took: 0.0000543 seconds
{Heap before GC invocations=485 (full 9):
 par new generation   total 109248K, used 109248K [0x00000007a0000000, 0x00000007a8000000, 0x00000007a8000000)
  eden space 87424K, 100% used [0x00000007a0000000, 0x00000007a5560000, 0x00000007a5560000)
  from space 21824K, 100% used [0x00000007a6ab0000, 0x00000007a8000000, 0x00000007a8000000)
  to   space 21824K,   0% used [0x00000007a5560000, 0x00000007a5560000, 0x00000007a6ab0000)
 concurrent mark-sweep generation total 393216K, used 174093K [0x00000007a8000000, 0x00000007c0000000, 0x00000007c0000000)
 Metaspace       used 36129K, capacity 36676K, committed 37136K, reserved 1081344K
  class space    used 4112K, capacity 4279K, committed 4372K, reserved 1048576K
2016-10-23T18:05:45.615+0800: 110.620: [GC (Allocation Failure) 2016-10-23T18:05:45.615+0800: 110.620: [ParNew
Desired survivor size 20112992 bytes, new threshold 8 (max 8)
- age   1:    7729376 bytes,    7729376 total
- age   2:    1241616 bytes,    8970992 total
- age   3:    1620384 bytes,   10591376 total
- age   4:    1438064 bytes,   12029440 total
- age   5:    1011208 bytes,   13040648 total
- age   6:     368272 bytes,   13408920 total
- age   7:    3626368 bytes,   17035288 total
- age   8:    4490808 bytes,   21526096 total
: 109248K->21824K(109248K), 0.0098571 secs] 283341K->199187K(502464K), 0.0099248 secs] [Times: user=0.03 sys=0.00, real=0.01 secs] 
Heap after GC invocations=486 (full 9):
 par new generation   total 109248K, used 21824K [0x00000007a0000000, 0x00000007a8000000, 0x00000007a8000000)
  eden space 87424K,   0% used [0x00000007a0000000, 0x00000007a0000000, 0x00000007a5560000)
  from space 21824K, 100% used [0x00000007a5560000, 0x00000007a6ab0000, 0x00000007a6ab0000)
  to   space 21824K,   0% used [0x00000007a6ab0000, 0x00000007a6ab0000, 0x00000007a8000000)
 concurrent mark-sweep generation total 393216K, used 177363K [0x00000007a8000000, 0x00000007c0000000, 0x00000007c0000000)
 Metaspace       used 36129K, capacity 36676K, committed 37136K, reserved 1081344K
  class space    used 4112K, capacity 4279K, committed 4372K, reserved 1048576K
}
2016-10-23T18:05:45.625+0800: 110.629: Total time for which application threads were stopped: 0.0101729 seconds, Stopping threads took: 0.0000830 seconds
2016-10-23T18:05:45.626+0800: 110.631: Total time for which application threads were stopped: 0.0001717 seconds, Stopping threads took: 0.0000658 seconds
2016-10-23T18:05:45.678+0800: 110.683: Total time for which application threads were stopped: 0.0002307 seconds, Stopping threads took: 0.0000758 seconds
2016-10-23T18:05:45.678+0800: 110.683: Total time for which application threads were stopped: 0.0001243 seconds, Stopping threads took: 0.0000523 seconds
{Heap before GC invocations=486 (full 9):
 par new generation   total 109248K, used 109248K [0x00000007a0000000, 0x00000007a8000000, 0x00000007a8000000)
  eden space 87424K, 100% used [0x00000007a0000000, 0x00000007a5560000, 0x00000007a5560000)
  from space 21824K, 100% used [0x00000007a5560000, 0x00000007a6ab0000, 0x00000007a6ab0000)
  to   space 21824K,   0% used [0x00000007a6ab0000, 0x00000007a6ab0000, 0x00000007a8000000)
 concurrent mark-sweep generation total 393216K, used 177363K [0x00000007a8000000, 0x00000007c0000000, 0x00000007c0000000)
 Metaspace       used 36131K, capacity 36680K, committed 37136K, reserved 1081344K
  class space    used 4112K, capacity 4279K, committed 4372K, reserved 1048576K
2016-10-23T18:05:45.725+0800: 110.730: [GC (Allocation Failure) 2016-10-23T18:05:45.725+0800: 110.730: [ParNew
Desired survivor size 20112992 bytes, new threshold 8 (max 8)
- age   1:    3520032 bytes,    3520032 total
- age   2:    7288392 bytes,   10808424 total
- age   3:    1067024 bytes,   11875448 total
- age   4:    1434680 bytes,   13310128 total
- age   5:    1346520 bytes,   14656648 total
- age   6:     966816 bytes,   15623464 total
- age   7:     339800 bytes,   15963264 total
- age   8:    2702704 bytes,   18665968 total
: 109248K->21824K(109248K), 0.0065152 secs] 286611K->203924K(502464K), 0.0065823 secs] [Times: user=0.02 sys=0.00, real=0.01 secs] 
Heap after GC invocations=487 (full 9):
 par new generation   total 109248K, used 21824K [0x00000007a0000000, 0x00000007a8000000, 0x00000007a8000000)
  eden space 87424K,   0% used [0x00000007a0000000, 0x00000007a0000000, 0x00000007a5560000)
  from space 21824K, 100% used [0x00000007a6ab0000, 0x00000007a8000000, 0x00000007a8000000)
  to   space 21824K,   0% used [0x00000007a5560000, 0x00000007a5560000, 0x00000007a6ab0000)
 concurrent mark-sweep generation total 393216K, used 182100K [0x00000007a8000000, 0x00000007c0000000, 0x00000007c0000000)
 Metaspace       used 36131K, capacity 36680K, committed 37136K, reserved 1081344K
  class space    used 4112K, capacity 4279K, committed 4372K, reserved 1048576K
}
2016-10-23T18:05:45.732+0800: 110.736: Total time for which application threads were stopped: 0.0067938 seconds, Stopping threads took: 0.0000750 seconds
{Heap before GC invocations=487 (full 9):
 par new generation   total 109248K, used 109248K [0x00000007a0000000, 0x00000007a8000000, 0x00000007a8000000)
  eden space 87424K, 100% used [0x00000007a0000000, 0x00000007a5560000, 0x00000007a5560000)
  from space 21824K, 100% used [0x00000007a6ab0000, 0x00000007a8000000, 0x00000007a8000000)
  to   space 21824K,   0% used [0x00000007a5560000, 0x00000007a5560000, 0x00000007a6ab0000)
 concurrent mark-sweep generation total 393216K, used 182100K [0x00000007a8000000, 0x00000007c0000000, 0x00000007c0000000)
 Metaspace       used 36137K, capacity 36680K, committed 37136K, reserved 1081344K
  class space    used 4112K, capacity 4279K, committed 4372K, reserved 1048576K
2016-10-23T18:05:45.800+0800: 110.805: [GC (Allocation Failure) 2016-10-23T18:05:45.800+0800: 110.805: [ParNew
Desired survivor size 20112992 bytes, new threshold 8 (max 8)
- age   1:    3445264 bytes,    3445264 total
- age   2:    2318904 bytes,    5764168 total
- age   3:    7260376 bytes,   13024544 total
- age   4:     873968 bytes,   13898512 total
- age   5:    1274192 bytes,   15172704 total
- age   6:    1180560 bytes,   16353264 total
- age   7:     882872 bytes,   17236136 total
- age   8:     316144 bytes,   17552280 total
: 109248K->21824K(109248K), 0.0066662 secs] 291348K->207049K(502464K), 0.0067295 secs] [Times: user=0.02 sys=0.00, real=0.00 secs] 
Heap after GC invocations=488 (full 9):
 par new generation   total 109248K, used 21824K [0x00000007a0000000, 0x00000007a8000000, 0x00000007a8000000)
  eden space 87424K,   0% used [0x00000007a0000000, 0x00000007a0000000, 0x00000007a5560000)
  from space 21824K, 100% used [0x00000007a5560000, 0x00000007a6ab0000, 0x00000007a6ab0000)
  to   space 21824K,   0% used [0x00000007a6ab0000, 0x00000007a6ab0000, 0x00000007a8000000)
 concurrent mark-sweep generation total 393216K, used 185225K [0x00000007a8000000, 0x00000007c0000000, 0x00000007c0000000)
 Metaspace       used 36137K, capacity 36680K, committed 37136K, reserved 1081344K
  class space    used 4112K, capacity 4279K, committed 4372K, reserved 1048576K
}
2016-10-23T18:05:45.807+0800: 110.812: Total time for which application threads were stopped: 0.0069685 seconds, Stopping threads took: 0.0000921 seconds
2016-10-23T18:05:45.898+0800: 110.902: Total time for which application threads were stopped: 0.0002313 seconds, Stopping threads took: 0.0000787 seconds
2016-10-23T18:05:45.899+0800: 110.903: Total time for which application threads were stopped: 0.0001265 seconds, Stopping threads took: 0.0000132 seconds
{Heap before GC invocations=488 (full 9):
 par new generation   total 109248K, used 109248K [0x00000007a0000000, 0x00000007a8000000, 0x00000007a8000000)
  eden space 87424K, 100% used [0x00000007a0000000, 0x00000007a5560000, 0x00000007a5560000)
  from space 21824K, 100% used [0x00000007a5560000, 0x00000007a6ab0000, 0x00000007a6ab0000)
  to   space 21824K,   0% used [0x00000007a6ab0000, 0x00000007a6ab0000, 0x00000007a8000000)
 concurrent mark-sweep generation total 393216K, used 185225K [0x00000007a8000000, 0x00000007c0000000, 0x00000007c0000000)
 Metaspace       used 36150K, capacity 36744K, committed 37136K, reserved 1081344K
  class space    used 4112K, capacity 4279K, committed 4372K, reserved 1048576K
2016-10-23T18:05:45.915+0800: 110.920: [GC (Allocation Failure) 2016-10-23T18:05:45.915+0800: 110.920: [ParNew
Desired survivor size 20112992 bytes, new threshold 8 (max 8)
- age   1:    5394976 bytes,    5394976 total
- age   2:    1662936 bytes,    7057912 total
- age   3:    1120120 bytes,    8178032 total
- age   4:    6987208 bytes,   15165240 total
- age   5:     873968 bytes,   16039208 total
- age   6:    1274192 bytes,   17313400 total
- age   7:    1180560 bytes,   18493960 total
- age   8:     749424 bytes,   19243384 total
: 109248K->21824K(109248K), 0.0059028 secs] 294473K->207358K(502464K), 0.0059627 secs] [Times: user=0.03 sys=0.00, real=0.01 secs] 
Heap after GC invocations=489 (full 9):
 par new generation   total 109248K, used 21824K [0x00000007a0000000, 0x00000007a8000000, 0x00000007a8000000)
  eden space 87424K,   0% used [0x00000007a0000000, 0x00000007a0000000, 0x00000007a5560000)
  from space 21824K, 100% used [0x00000007a6ab0000, 0x00000007a8000000, 0x00000007a8000000)
  to   space 21824K,   0% used [0x00000007a5560000, 0x00000007a5560000, 0x00000007a6ab0000)
 concurrent mark-sweep generation total 393216K, used 185534K [0x00000007a8000000, 0x00000007c0000000, 0x00000007c0000000)
 Metaspace       used 36150K, capacity 36744K, committed 37136K, reserved 1081344K
  class space    used 4112K, capacity 4279K, committed 4372K, reserved 1048576K
}
2016-10-23T18:05:45.921+0800: 110.926: Total time for which application threads were stopped: 0.0061543 seconds, Stopping threads took: 0.0000713 seconds
{Heap before GC invocations=489 (full 9):
 par new generation   total 109248K, used 109216K [0x00000007a0000000, 0x00000007a8000000, 0x00000007a8000000)
  eden space 87424K,  99% used [0x00000007a0000000, 0x00000007a5558158, 0x00000007a5560000)
  from space 21824K, 100% used [0x00000007a6ab0000, 0x00000007a8000000, 0x00000007a8000000)
  to   space 21824K,   0% used [0x00000007a5560000, 0x00000007a5560000, 0x00000007a6ab0000)
 concurrent mark-sweep generation total 393216K, used 185534K [0x00000007a8000000, 0x00000007c0000000, 0x00000007c0000000)
 Metaspace       used 36150K, capacity 36744K, committed 37136K, reserved 1081344K
  class space    used 4112K, capacity 4279K, committed 4372K, reserved 1048576K
2016-10-23T18:05:46.029+0800: 111.034: [GC (Allocation Failure) 2016-10-23T18:05:46.029+0800: 111.034: [ParNew
Desired survivor size 20112992 bytes, new threshold 8 (max 8)
- age   1:    3241560 bytes,    3241560 total
- age   2:    3472776 bytes,    6714336 total
- age   3:    1659200 bytes,    8373536 total
- age   4:    1114824 bytes,    9488360 total
- age   5:    7162008 bytes,   16650368 total
- age   6:     792648 bytes,   17443016 total
- age   7:    1202728 bytes,   18645744 total
- age   8:    1131704 bytes,   19777448 total
: 109216K->21824K(109248K), 0.0064616 secs] 294750K->210862K(502464K), 0.0065185 secs] [Times: user=0.02 sys=0.00, real=0.01 secs] 
Heap after GC invocations=490 (full 9):
 par new generation   total 109248K, used 21824K [0x00000007a0000000, 0x00000007a8000000, 0x00000007a8000000)
  eden space 87424K,   0% used [0x00000007a0000000, 0x00000007a0000000, 0x00000007a5560000)
  from space 21824K, 100% used [0x00000007a5560000, 0x00000007a6ab0000, 0x00000007a6ab0000)
  to   space 21824K,   0% used [0x00000007a6ab0000, 0x00000007a6ab0000, 0x00000007a8000000)
 concurrent mark-sweep generation total 393216K, used 189038K [0x00000007a8000000, 0x00000007c0000000, 0x00000007c0000000)
 Metaspace       used 36150K, capacity 36744K, committed 37136K, reserved 1081344K
  class space    used 4112K, capacity 4279K, committed 4372K, reserved 1048576K
}
2016-10-23T18:05:46.036+0800: 111.041: Total time for which application threads were stopped: 0.0067692 seconds, Stopping threads took: 0.0000866 seconds
{Heap before GC invocations=490 (full 9):
 par new generation   total 109248K, used 109248K [0x00000007a0000000, 0x00000007a8000000, 0x00000007a8000000)
  eden space 87424K, 100% used [0x00000007a0000000, 0x00000007a5560000, 0x00000007a5560000)
  from space 21824K, 100% used [0x00000007a5560000, 0x00000007a6ab0000, 0x00000007a6ab0000)
  to   space 21824K,   0% used [0x00000007a6ab0000, 0x00000007a6ab0000, 0x00000007a8000000)
 concurrent mark-sweep generation total 393216K, used 189038K [0x00000007a8000000, 0x00000007c0000000, 0x00000007c0000000)
 Metaspace       used 36150K, capacity 36744K, committed 37136K, reserved 1081344K
  class space    used 4112K, capacity 4279K, committed 4372K, reserved 1048576K
2016-10-23T18:05:46.109+0800: 111.114: [GC (Allocation Failure) 2016-10-23T18:05:46.109+0800: 111.114: [ParNew
Desired survivor size 20112992 bytes, new threshold 8 (max 8)
- age   1:    2972432 bytes,    2972432 total
- age   2:    2301952 bytes,    5274384 total
- age   3:    2867200 bytes,    8141584 total
- age   4:    1651000 bytes,    9792584 total
- age   5:    1114824 bytes,   10907408 total
- age   6:    6899848 bytes,   17807256 total
- age   7:     792648 bytes,   18599904 total
- age   8:    1202704 bytes,   19802608 total
: 109248K->21824K(109248K), 0.0060082 secs] 298286K->213567K(502464K), 0.0060825 secs] [Times: user=0.02 sys=0.00, real=0.01 secs] 
Heap after GC invocations=491 (full 9):
 par new generation   total 109248K, used 21824K [0x00000007a0000000, 0x00000007a8000000, 0x00000007a8000000)
  eden space 87424K,   0% used [0x00000007a0000000, 0x00000007a0000000, 0x00000007a5560000)
  from space 21824K, 100% used [0x00000007a6ab0000, 0x00000007a8000000, 0x00000007a8000000)
  to   space 21824K,   0% used [0x00000007a5560000, 0x00000007a5560000, 0x00000007a6ab0000)
 concurrent mark-sweep generation total 393216K, used 191743K [0x00000007a8000000, 0x00000007c0000000, 0x00000007c0000000)
 Metaspace       used 36150K, capacity 36744K, committed 37136K, reserved 1081344K
  class space    used 4112K, capacity 4279K, committed 4372K, reserved 1048576K
}
2016-10-23T18:05:46.115+0800: 111.120: Total time for which application threads were stopped: 0.0063428 seconds, Stopping threads took: 0.0000924 seconds
{Heap before GC invocations=491 (full 9):
 par new generation   total 109248K, used 109248K [0x00000007a0000000, 0x00000007a8000000, 0x00000007a8000000)
  eden space 87424K, 100% used [0x00000007a0000000, 0x00000007a5560000, 0x00000007a5560000)
  from space 21824K, 100% used [0x00000007a6ab0000, 0x00000007a8000000, 0x00000007a8000000)
  to   space 21824K,   0% used [0x00000007a5560000, 0x00000007a5560000, 0x00000007a6ab0000)
 concurrent mark-sweep generation total 393216K, used 191743K [0x00000007a8000000, 0x00000007c0000000, 0x00000007c0000000)
 Metaspace       used 36150K, capacity 36744K, committed 37136K, reserved 1081344K
  class space    used 4112K, capacity 4279K, committed 4372K, reserved 1048576K
2016-10-23T18:05:46.180+0800: 111.185: [GC (Allocation Failure) 2016-10-23T18:05:46.180+0800: 111.185: [ParNew
Desired survivor size 20112992 bytes, new threshold 8 (max 8)
- age   1:    3450784 bytes,    3450784 total
- age   2:    1753256 bytes,    5204040 total
- age   3:    2036800 bytes,    7240840 total
- age   4:    2688888 bytes,    9929728 total
- age   5:    1642808 bytes,   11572536 total
- age   6:    1114824 bytes,   12687360 total
- age   7:    6899848 bytes,   19587208 total
- age   8:     792648 bytes,   20379856 total
: 109248K->21824K(109248K), 0.0063162 secs] 300991K->215431K(502464K), 0.0063777 secs] [Times: user=0.02 sys=0.00, real=0.00 secs] 
Heap after GC invocations=492 (full 9):
 par new generation   total 109248K, used 21824K [0x00000007a0000000, 0x00000007a8000000, 0x00000007a8000000)
  eden space 87424K,   0% used [0x00000007a0000000, 0x00000007a0000000, 0x00000007a5560000)
  from space 21824K, 100% used [0x00000007a5560000, 0x00000007a6ab0000, 0x00000007a6ab0000)
  to   space 21824K,   0% used [0x00000007a6ab0000, 0x00000007a6ab0000, 0x00000007a8000000)
 concurrent mark-sweep generation total 393216K, used 193607K [0x00000007a8000000, 0x00000007c0000000, 0x00000007c0000000)
 Metaspace       used 36150K, capacity 36744K, committed 37136K, reserved 1081344K
  class space    used 4112K, capacity 4279K, committed 4372K, reserved 1048576K
}
2016-10-23T18:05:46.186+0800: 111.191: Total time for which application threads were stopped: 0.0066531 seconds, Stopping threads took: 0.0000813 seconds
{Heap before GC invocations=492 (full 9):
 par new generation   total 109248K, used 109248K [0x00000007a0000000, 0x00000007a8000000, 0x00000007a8000000)
  eden space 87424K, 100% used [0x00000007a0000000, 0x00000007a5560000, 0x00000007a5560000)
  from space 21824K, 100% used [0x00000007a5560000, 0x00000007a6ab0000, 0x00000007a6ab0000)
  to   space 21824K,   0% used [0x00000007a6ab0000, 0x00000007a6ab0000, 0x00000007a8000000)
 concurrent mark-sweep generation total 393216K, used 193607K [0x00000007a8000000, 0x00000007c0000000, 0x00000007c0000000)
 Metaspace       used 36150K, capacity 36744K, committed 37136K, reserved 1081344K
  class space    used 4112K, capacity 4279K, committed 4372K, reserved 1048576K
2016-10-23T18:05:46.249+0800: 111.253: [GC (Allocation Failure) 2016-10-23T18:05:46.249+0800: 111.254: [ParNew
Desired survivor size 20112992 bytes, new threshold 8 (max 8)
- age   1:    3887120 bytes,    3887120 total
- age   2:    1244776 bytes,    5131896 total
- age   3:    1087472 bytes,    6219368 total
- age   4:    1874720 bytes,    8094088 total
- age   5:    2672688 bytes,   10766776 total
- age   6:    1638376 bytes,   12405152 total
- age   7:    1114784 bytes,   13519936 total
- age   8:    6896240 bytes,   20416176 total
: 109248K->21824K(109248K), 0.0074395 secs] 302855K->217376K(502464K), 0.0075067 secs] [Times: user=0.03 sys=0.00, real=0.01 secs] 
Heap after GC invocations=493 (full 9):
 par new generation   total 109248K, used 21824K [0x00000007a0000000, 0x00000007a8000000, 0x00000007a8000000)
  eden space 87424K,   0% used [0x00000007a0000000, 0x00000007a0000000, 0x00000007a5560000)
  from space 21824K, 100% used [0x00000007a6ab0000, 0x00000007a8000000, 0x00000007a8000000)
  to   space 21824K,   0% used [0x00000007a5560000, 0x00000007a5560000, 0x00000007a6ab0000)
 concurrent mark-sweep generation total 393216K, used 195552K [0x00000007a8000000, 0x00000007c0000000, 0x00000007c0000000)
 Metaspace       used 36150K, capacity 36744K, committed 37136K, reserved 1081344K
  class space    used 4112K, capacity 4279K, committed 4372K, reserved 1048576K
}
2016-10-23T18:05:46.256+0800: 111.261: Total time for which application threads were stopped: 0.0077694 seconds, Stopping threads took: 0.0000703 seconds
{Heap before GC invocations=493 (full 9):
 par new generation   total 109248K, used 109248K [0x00000007a0000000, 0x00000007a8000000, 0x00000007a8000000)
  eden space 87424K, 100% used [0x00000007a0000000, 0x00000007a5560000, 0x00000007a5560000)
  from space 21824K, 100% used [0x00000007a6ab0000, 0x00000007a8000000, 0x00000007a8000000)
  to   space 21824K,   0% used [0x00000007a5560000, 0x00000007a5560000, 0x00000007a6ab0000)
 concurrent mark-sweep generation total 393216K, used 195552K [0x00000007a8000000, 0x00000007c0000000, 0x00000007c0000000)
 Metaspace       used 36150K, capacity 36744K, committed 37136K, reserved 1081344K
  class space    used 4112K, capacity 4279K, committed 4372K, reserved 1048576K
2016-10-23T18:05:46.322+0800: 111.327: [GC (Allocation Failure) 2016-10-23T18:05:46.322+0800: 111.327: [ParNew
Desired survivor size 20112992 bytes, new threshold 8 (max 8)
- age   1:    4852272 bytes,    4852272 total
- age   2:    1520720 bytes,    6372992 total
- age   3:    1240400 bytes,    7613392 total
- age   4:    1087472 bytes,    8700864 total
- age   5:    1874696 bytes,   10575560 total
- age   6:    2672544 bytes,   13248104 total
- age   7:    1638376 bytes,   14886480 total
- age   8:    1114784 bytes,   16001264 total
: 109248K->21824K(109248K), 0.0061442 secs] 304800K->224117K(502464K), 0.0062113 secs] [Times: user=0.02 sys=0.01, real=0.00 secs] 
Heap after GC invocations=494 (full 9):
 par new generation   total 109248K, used 21824K [0x00000007a0000000, 0x00000007a8000000, 0x00000007a8000000)
  eden space 87424K,   0% used [0x00000007a0000000, 0x00000007a0000000, 0x00000007a5560000)
  from space 21824K, 100% used [0x00000007a5560000, 0x00000007a6ab0000, 0x00000007a6ab0000)
  to   space 21824K,   0% used [0x00000007a6ab0000, 0x00000007a6ab0000, 0x00000007a8000000)
 concurrent mark-sweep generation total 393216K, used 202293K [0x00000007a8000000, 0x00000007c0000000, 0x00000007c0000000)
 Metaspace       used 36150K, capacity 36744K, committed 37136K, reserved 1081344K
  class space    used 4112K, capacity 4279K, committed 4372K, reserved 1048576K
}
2016-10-23T18:05:46.329+0800: 111.333: Total time for which application threads were stopped: 0.0064849 seconds, Stopping threads took: 0.0001019 seconds
2016-10-23T18:05:46.329+0800: 111.334: [GC (CMS Initial Mark) [1 CMS-initial-mark: 202293K(393216K)] 225844K(502464K), 0.0014314 secs] [Times: user=0.01 sys=0.00, real=0.01 secs] 
2016-10-23T18:05:46.330+0800: 111.335: Total time for which application threads were stopped: 0.0016318 seconds, Stopping threads took: 0.0000744 seconds
2016-10-23T18:05:46.330+0800: 111.335: [CMS-concurrent-mark-start]
2016-10-23T18:05:46.342+0800: 111.347: [CMS-concurrent-mark: 0.011/0.011 secs] [Times: user=0.07 sys=0.00, real=0.01 secs] 
2016-10-23T18:05:46.342+0800: 111.347: [CMS-concurrent-preclean-start]
2016-10-23T18:05:46.343+0800: 111.348: [CMS-concurrent-preclean: 0.001/0.001 secs] [Times: user=0.00 sys=0.00, real=0.00 secs] 
2016-10-23T18:05:46.343+0800: 111.348: [CMS-concurrent-abortable-preclean-start]
{Heap before GC invocations=494 (full 10):
 par new generation   total 109248K, used 109248K [0x00000007a0000000, 0x00000007a8000000, 0x00000007a8000000)
  eden space 87424K, 100% used [0x00000007a0000000, 0x00000007a5560000, 0x00000007a5560000)
  from space 21824K, 100% used [0x00000007a5560000, 0x00000007a6ab0000, 0x00000007a6ab0000)
  to   space 21824K,   0% used [0x00000007a6ab0000, 0x00000007a6ab0000, 0x00000007a8000000)
 concurrent mark-sweep generation total 393216K, used 202293K [0x00000007a8000000, 0x00000007c0000000, 0x00000007c0000000)
 Metaspace       used 36150K, capacity 36744K, committed 37136K, reserved 1081344K
  class space    used 4112K, capacity 4279K, committed 4372K, reserved 1048576K
2016-10-23T18:05:46.414+0800: 111.419: [GC (Allocation Failure) 2016-10-23T18:05:46.414+0800: 111.419: [ParNew
Desired survivor size 20112992 bytes, new threshold 8 (max 8)
- age   1:    6459992 bytes,    6459992 total
- age   2:    2058360 bytes,    8518352 total
- age   3:    1503392 bytes,   10021744 total
- age   4:    1107256 bytes,   11129000 total
- age   5:     997280 bytes,   12126280 total
- age   6:    1866488 bytes,   13992768 total
- age   7:    2672544 bytes,   16665312 total
- age   8:    1638376 bytes,   18303688 total
: 109248K->21659K(109248K), 0.0054429 secs] 311541K->225042K(502464K), 0.0055197 secs] [Times: user=0.01 sys=0.00, real=0.00 secs] 
Heap after GC invocations=495 (full 10):
 par new generation   total 109248K, used 21659K [0x00000007a0000000, 0x00000007a8000000, 0x00000007a8000000)
  eden space 87424K,   0% used [0x00000007a0000000, 0x00000007a0000000, 0x00000007a5560000)
  from space 21824K,  99% used [0x00000007a6ab0000, 0x00000007a7fd6f00, 0x00000007a8000000)
  to   space 21824K,   0% used [0x00000007a5560000, 0x00000007a5560000, 0x00000007a6ab0000)
 concurrent mark-sweep generation total 393216K, used 203382K [0x00000007a8000000, 0x00000007c0000000, 0x00000007c0000000)
 Metaspace       used 36150K, capacity 36744K, committed 37136K, reserved 1081344K
  class space    used 4112K, capacity 4279K, committed 4372K, reserved 1048576K
}
2016-10-23T18:05:46.419+0800: 111.424: Total time for which application threads were stopped: 0.0057968 seconds, Stopping threads took: 0.0000911 seconds
2016-10-23T18:05:46.453+0800: 111.457: [CMS-concurrent-abortable-preclean: 0.104/0.110 secs] [Times: user=0.43 sys=0.00, real=0.11 secs] 
2016-10-23T18:05:46.453+0800: 111.458: [GC (CMS Final Remark) [YG occupancy: 78400 K (109248 K)]{Heap before GC invocations=495 (full 10):
 par new generation   total 109248K, used 78400K [0x00000007a0000000, 0x00000007a8000000, 0x00000007a8000000)
  eden space 87424K,  64% used [0x00000007a0000000, 0x00000007a37694b0, 0x00000007a5560000)
  from space 21824K,  99% used [0x00000007a6ab0000, 0x00000007a7fd6f00, 0x00000007a8000000)
  to   space 21824K,   0% used [0x00000007a5560000, 0x00000007a5560000, 0x00000007a6ab0000)
 concurrent mark-sweep generation total 393216K, used 203382K [0x00000007a8000000, 0x00000007c0000000, 0x00000007c0000000)
 Metaspace       used 36150K, capacity 36744K, committed 37136K, reserved 1081344K
  class space    used 4112K, capacity 4279K, committed 4372K, reserved 1048576K
2016-10-23T18:05:46.453+0800: 111.458: [GC (CMS Final Remark) 2016-10-23T18:05:46.453+0800: 111.458: [ParNew
Desired survivor size 20112992 bytes, new threshold 8 (max 8)
- age   1:    3010152 bytes,    3010152 total
- age   2:    4293608 bytes,    7303760 total
- age   3:    2008080 bytes,    9311840 total
- age   4:    1502464 bytes,   10814304 total
- age   5:    1105248 bytes,   11919552 total
- age   6:     997280 bytes,   12916832 total
- age   7:    1866488 bytes,   14783320 total
- age   8:    2672544 bytes,   17455864 total
: 78400K->21824K(109248K), 0.0058768 secs] 281783K->226807K(502464K), 0.0059184 secs] [Times: user=0.02 sys=0.00, real=0.00 secs] 
Heap after GC invocations=496 (full 10):
 par new generation   total 109248K, used 21824K [0x00000007a0000000, 0x00000007a8000000, 0x00000007a8000000)
  eden space 87424K,   0% used [0x00000007a0000000, 0x00000007a0000000, 0x00000007a5560000)
  from space 21824K, 100% used [0x00000007a5560000, 0x00000007a6ab0000, 0x00000007a6ab0000)
  to   space 21824K,   0% used [0x00000007a6ab0000, 0x00000007a6ab0000, 0x00000007a8000000)
 concurrent mark-sweep generation total 393216K, used 204983K [0x00000007a8000000, 0x00000007c0000000, 0x00000007c0000000)
 Metaspace       used 36150K, capacity 36744K, committed 37136K, reserved 1081344K
  class space    used 4112K, capacity 4279K, committed 4372K, reserved 1048576K
}
2016-10-23T18:05:46.459+0800: 111.464: [Rescan (parallel) , 0.0017577 secs]2016-10-23T18:05:46.461+0800: 111.465: [weak refs processing, 0.0007911 secs]2016-10-23T18:05:46.461+0800: 111.466: [class unloading, 0.0084179 secs]2016-10-23T18:05:46.470+0800: 111.475: [scrub symbol table, 0.0072562 secs]2016-10-23T18:05:46.477+0800: 111.482: [scrub string table, 0.0004186 secs][1 CMS-remark: 204983K(393216K)] 226807K(502464K), 0.0248091 secs] [Times: user=0.04 sys=0.00, real=0.02 secs] 
2016-10-23T18:05:46.478+0800: 111.482: Total time for which application threads were stopped: 0.0249888 seconds, Stopping threads took: 0.0000746 seconds
2016-10-23T18:05:46.478+0800: 111.483: [CMS-concurrent-sweep-start]
2016-10-23T18:05:46.528+0800: 111.532: [CMS-concurrent-sweep: 0.050/0.050 secs] [Times: user=0.19 sys=0.01, real=0.05 secs] 
2016-10-23T18:05:46.528+0800: 111.532: [CMS-concurrent-reset-start]
2016-10-23T18:05:46.528+0800: 111.533: [CMS-concurrent-reset: 0.000/0.000 secs] [Times: user=0.00 sys=0.00, real=0.00 secs] 
{Heap before GC invocations=496 (full 10):
 par new generation   total 109248K, used 109248K [0x00000007a0000000, 0x00000007a8000000, 0x00000007a8000000)
  eden space 87424K, 100% used [0x00000007a0000000, 0x00000007a5560000, 0x00000007a5560000)
  from space 21824K, 100% used [0x00000007a5560000, 0x00000007a6ab0000, 0x00000007a6ab0000)
  to   space 21824K,   0% used [0x00000007a6ab0000, 0x00000007a6ab0000, 0x00000007a8000000)
 concurrent mark-sweep generation total 393216K, used 27815K [0x00000007a8000000, 0x00000007c0000000, 0x00000007c0000000)
 Metaspace       used 36150K, capacity 36744K, committed 37136K, reserved 1081344K
  class space    used 4112K, capacity 4279K, committed 4372K, reserved 1048576K
2016-10-23T18:05:46.579+0800: 111.584: [GC (Allocation Failure) 2016-10-23T18:05:46.579+0800: 111.584: [ParNew
Desired survivor size 20112992 bytes, new threshold 8 (max 8)
- age   1:    5972816 bytes,    5972816 total
- age   2:     808032 bytes,    6780848 total
- age   3:    2836152 bytes,    9617000 total
- age   4:    1968880 bytes,   11585880 total
- age   5:    1404688 bytes,   12990568 total
- age   6:    1037696 bytes,   14028264 total
- age   7:     995456 bytes,   15023720 total
- age   8:    1865776 bytes,   16889496 total
: 109248K->21824K(109248K), 0.0066132 secs] 137063K->52672K(502464K), 0.0066692 secs] [Times: user=0.03 sys=0.00, real=0.01 secs] 
Heap after GC invocations=497 (full 10):
 par new generation   total 109248K, used 21824K [0x00000007a0000000, 0x00000007a8000000, 0x00000007a8000000)
  eden space 87424K,   0% used [0x00000007a0000000, 0x00000007a0000000, 0x00000007a5560000)
  from space 21824K, 100% used [0x00000007a6ab0000, 0x00000007a8000000, 0x00000007a8000000)
  to   space 21824K,   0% used [0x00000007a5560000, 0x00000007a5560000, 0x00000007a6ab0000)
 concurrent mark-sweep generation total 393216K, used 30848K [0x00000007a8000000, 0x00000007c0000000, 0x00000007c0000000)
 Metaspace       used 36150K, capacity 36744K, committed 37136K, reserved 1081344K
  class space    used 4112K, capacity 4279K, committed 4372K, reserved 1048576K
}
2016-10-23T18:05:46.585+0800: 111.590: Total time for which application threads were stopped: 0.0068968 seconds, Stopping threads took: 0.0000683 seconds
{Heap before GC invocations=497 (full 10):
 par new generation   total 109248K, used 109248K [0x00000007a0000000, 0x00000007a8000000, 0x00000007a8000000)
  eden space 87424K, 100% used [0x00000007a0000000, 0x00000007a5560000, 0x00000007a5560000)
  from space 21824K, 100% used [0x00000007a6ab0000, 0x00000007a8000000, 0x00000007a8000000)
  to   space 21824K,   0% used [0x00000007a5560000, 0x00000007a5560000, 0x00000007a6ab0000)
 concurrent mark-sweep generation total 393216K, used 30848K [0x00000007a8000000, 0x00000007c0000000, 0x00000007c0000000)
 Metaspace       used 36150K, capacity 36744K, committed 37136K, reserved 1081344K
  class space    used 4112K, capacity 4279K, committed 4372K, reserved 1048576K
2016-10-23T18:05:46.712+0800: 111.717: [GC (Allocation Failure) 2016-10-23T18:05:46.712+0800: 111.717: [ParNew
Desired survivor size 20112992 bytes, new threshold 8 (max 8)
- age   1:    8004192 bytes,    8004192 total
- age   2:    2269992 bytes,   10274184 total
- age   3:     704784 bytes,   10978968 total
- age   4:    2815432 bytes,   13794400 total
- age   5:    1967472 bytes,   15761872 total
- age   6:    1183120 bytes,   16944992 total
- age   7:    1026112 bytes,   17971104 total
- age   8:     995456 bytes,   18966560 total
: 109248K->20776K(109248K), 0.0071304 secs] 140096K->53419K(502464K), 0.0071895 secs] [Times: user=0.03 sys=0.00, real=0.00 secs] 
Heap after GC invocations=498 (full 10):
 par new generation   total 109248K, used 20776K [0x00000007a0000000, 0x00000007a8000000, 0x00000007a8000000)
  eden space 87424K,   0% used [0x00000007a0000000, 0x00000007a0000000, 0x00000007a5560000)
  from space 21824K,  95% used [0x00000007a5560000, 0x00000007a69aa2c0, 0x00000007a6ab0000)
  to   space 21824K,   0% used [0x00000007a6ab0000, 0x00000007a6ab0000, 0x00000007a8000000)
 concurrent mark-sweep generation total 393216K, used 32642K [0x00000007a8000000, 0x00000007c0000000, 0x00000007c0000000)
 Metaspace       used 36150K, capacity 36744K, committed 37136K, reserved 1081344K
  class space    used 4112K, capacity 4279K, committed 4372K, reserved 1048576K
}
2016-10-23T18:05:46.719+0800: 111.724: Total time for which application threads were stopped: 0.0074685 seconds, Stopping threads took: 0.0001176 seconds
{Heap before GC invocations=498 (full 10):
 par new generation   total 109248K, used 108200K [0x00000007a0000000, 0x00000007a8000000, 0x00000007a8000000)
  eden space 87424K, 100% used [0x00000007a0000000, 0x00000007a5560000, 0x00000007a5560000)
  from space 21824K,  95% used [0x00000007a5560000, 0x00000007a69aa2c0, 0x00000007a6ab0000)
  to   space 21824K,   0% used [0x00000007a6ab0000, 0x00000007a6ab0000, 0x00000007a8000000)
 concurrent mark-sweep generation total 393216K, used 32642K [0x00000007a8000000, 0x00000007c0000000, 0x00000007c0000000)
 Metaspace       used 36158K, capacity 36744K, committed 37136K, reserved 1081344K
  class space    used 4112K, capacity 4279K, committed 4372K, reserved 1048576K
2016-10-23T18:05:46.850+0800: 111.855: [GC (Allocation Failure) 2016-10-23T18:05:46.850+0800: 111.855: [ParNew
Desired survivor size 20112992 bytes, new threshold 8 (max 8)
- age   1:    3733248 bytes,    3733248 total
- age   2:    6838368 bytes,   10571616 total
- age   3:    1836224 bytes,   12407840 total
- age   4:     574248 bytes,   12982088 total
- age   5:    2421376 bytes,   15403464 total
- age   6:    1798528 bytes,   17201992 total
- age   7:    1038896 bytes,   18240888 total
- age   8:     868328 bytes,   19109216 total
: 108200K->21824K(109248K), 0.0078279 secs] 140843K->59042K(502464K), 0.0078745 secs] [Times: user=0.02 sys=0.00, real=0.00 secs] 
Heap after GC invocations=499 (full 10):
 par new generation   total 109248K, used 21824K [0x00000007a0000000, 0x00000007a8000000, 0x00000007a8000000)
  eden space 87424K,   0% used [0x00000007a0000000, 0x00000007a0000000, 0x00000007a5560000)
  from space 21824K, 100% used [0x00000007a6ab0000, 0x00000007a8000000, 0x00000007a8000000)
  to   space 21824K,   0% used [0x00000007a5560000, 0x00000007a5560000, 0x00000007a6ab0000)
 concurrent mark-sweep generation total 393216K, used 37218K [0x00000007a8000000, 0x00000007c0000000, 0x00000007c0000000)
 Metaspace       used 36158K, capacity 36744K, committed 37136K, reserved 1081344K
  class space    used 4112K, capacity 4279K, committed 4372K, reserved 1048576K
}
2016-10-23T18:05:46.858+0800: 111.863: Total time for which application threads were stopped: 0.0081776 seconds, Stopping threads took: 0.0000903 seconds
{Heap before GC invocations=499 (full 10):
 par new generation   total 109248K, used 109248K [0x00000007a0000000, 0x00000007a8000000, 0x00000007a8000000)
  eden space 87424K, 100% used [0x00000007a0000000, 0x00000007a5560000, 0x00000007a5560000)
  from space 21824K, 100% used [0x00000007a6ab0000, 0x00000007a8000000, 0x00000007a8000000)
  to   space 21824K,   0% used [0x00000007a5560000, 0x00000007a5560000, 0x00000007a6ab0000)
 concurrent mark-sweep generation total 393216K, used 37218K [0x00000007a8000000, 0x00000007c0000000, 0x00000007c0000000)
 Metaspace       used 36159K, capacity 36744K, committed 37136K, reserved 1081344K
  class space    used 4112K, capacity 4279K, committed 4372K, reserved 1048576K
2016-10-23T18:05:46.915+0800: 111.920: [GC (Allocation Failure) 2016-10-23T18:05:46.916+0800: 111.920: [ParNew
Desired survivor size 20112992 bytes, new threshold 8 (max 8)
- age   1:    1467048 bytes,    1467048 total
- age   2:    3439472 bytes,    4906520 total
- age   3:    6392728 bytes,   11299248 total
- age   4:    1820848 bytes,   13120096 total
- age   5:     569352 bytes,   13689448 total
- age   6:    2408584 bytes,   16098032 total
- age   7:    1787848 bytes,   17885880 total
- age   8:    1028952 bytes,   18914832 total
: 109248K->21824K(109248K), 0.0061288 secs] 146466K->60505K(502464K), 0.0061740 secs] [Times: user=0.02 sys=0.00, real=0.01 secs] 
Heap after GC invocations=500 (full 10):
 par new generation   total 109248K, used 21824K [0x00000007a0000000, 0x00000007a8000000, 0x00000007a8000000)
  eden space 87424K,   0% used [0x00000007a0000000, 0x00000007a0000000, 0x00000007a5560000)
  from space 21824K, 100% used [0x00000007a5560000, 0x00000007a6ab0000, 0x00000007a6ab0000)
  to   space 21824K,   0% used [0x00000007a6ab0000, 0x00000007a6ab0000, 0x00000007a8000000)
 concurrent mark-sweep generation total 393216K, used 38681K [0x00000007a8000000, 0x00000007c0000000, 0x00000007c0000000)
 Metaspace       used 36159K, capacity 36744K, committed 37136K, reserved 1081344K
  class space    used 4112K, capacity 4279K, committed 4372K, reserved 1048576K
}
2016-10-23T18:05:46.922+0800: 111.927: Total time for which application threads were stopped: 0.0064086 seconds, Stopping threads took: 0.0000763 seconds
{Heap before GC invocations=500 (full 10):
 par new generation   total 109248K, used 109248K [0x00000007a0000000, 0x00000007a8000000, 0x00000007a8000000)
  eden space 87424K, 100% used [0x00000007a0000000, 0x00000007a5560000, 0x00000007a5560000)
  from space 21824K, 100% used [0x00000007a5560000, 0x00000007a6ab0000, 0x00000007a6ab0000)
  to   space 21824K,   0% used [0x00000007a6ab0000, 0x00000007a6ab0000, 0x00000007a8000000)
 concurrent mark-sweep generation total 393216K, used 38681K [0x00000007a8000000, 0x00000007c0000000, 0x00000007c0000000)
 Metaspace       used 36161K, capacity 36744K, committed 37136K, reserved 1081344K
  class space    used 4112K, capacity 4279K, committed 4372K, reserved 1048576K
2016-10-23T18:05:46.984+0800: 111.989: [GC (Allocation Failure) 2016-10-23T18:05:46.984+0800: 111.989: [ParNew
Desired survivor size 20112992 bytes, new threshold 8 (max 8)
- age   1:    2280800 bytes,    2280800 total
- age   2:     683360 bytes,    2964160 total
- age   3:    3230792 bytes,    6194952 total
- age   4:    6227416 bytes,   12422368 total
- age   5:    1709432 bytes,   14131800 total
- age   6:     533840 bytes,   14665640 total
- age   7:    2327064 bytes,   16992704 total
- age   8:    1717952 bytes,   18710656 total
: 109248K->21824K(109248K), 0.0069607 secs] 147929K->61470K(502464K), 0.0070221 secs] [Times: user=0.02 sys=0.00, real=0.01 secs] 
Heap after GC invocations=501 (full 10):
 par new generation   total 109248K, used 21824K [0x00000007a0000000, 0x00000007a8000000, 0x00000007a8000000)
  eden space 87424K,   0% used [0x00000007a0000000, 0x00000007a0000000, 0x00000007a5560000)
  from space 21824K, 100% used [0x00000007a6ab0000, 0x00000007a8000000, 0x00000007a8000000)
  to   space 21824K,   0% used [0x00000007a5560000, 0x00000007a5560000, 0x00000007a6ab0000)
 concurrent mark-sweep generation total 393216K, used 39646K [0x00000007a8000000, 0x00000007c0000000, 0x00000007c0000000)
 Metaspace       used 36161K, capacity 36744K, committed 37136K, reserved 1081344K
  class space    used 4112K, capacity 4279K, committed 4372K, reserved 1048576K
}
2016-10-23T18:05:46.991+0800: 111.996: Total time for which application threads were stopped: 0.0072457 seconds, Stopping threads took: 0.0000804 seconds
{Heap before GC invocations=501 (full 10):
 par new generation   total 109248K, used 109248K [0x00000007a0000000, 0x00000007a8000000, 0x00000007a8000000)
  eden space 87424K, 100% used [0x00000007a0000000, 0x00000007a5560000, 0x00000007a5560000)
  from space 21824K, 100% used [0x00000007a6ab0000, 0x00000007a8000000, 0x00000007a8000000)
  to   space 21824K,   0% used [0x00000007a5560000, 0x00000007a5560000, 0x00000007a6ab0000)
 concurrent mark-sweep generation total 393216K, used 39646K [0x00000007a8000000, 0x00000007c0000000, 0x00000007c0000000)
 Metaspace       used 36161K, capacity 36744K, committed 37136K, reserved 1081344K
  class space    used 4112K, capacity 4279K, committed 4372K, reserved 1048576K
2016-10-23T18:05:47.116+0800: 112.121: [GC (Allocation Failure) 2016-10-23T18:05:47.116+0800: 112.121: [ParNew
Desired survivor size 20112992 bytes, new threshold 8 (max 8)
- age   1:    4190520 bytes,    4190520 total
- age   2:    1176968 bytes,    5367488 total
- age   3:     566008 bytes,    5933496 total
- age   4:    3160576 bytes,    9094072 total
- age   5:    6219928 bytes,   15314000 total
- age   6:    1671472 bytes,   16985472 total
- age   7:     522096 bytes,   17507568 total
- age   8:    2298232 bytes,   19805800 total
: 109248K->21824K(109248K), 0.0077305 secs] 148894K->64373K(502464K), 0.0077871 secs] [Times: user=0.03 sys=0.00, real=0.01 secs] 
Heap after GC invocations=502 (full 10):
 par new generation   total 109248K, used 21824K [0x00000007a0000000, 0x00000007a8000000, 0x00000007a8000000)
  eden space 87424K,   0% used [0x00000007a0000000, 0x00000007a0000000, 0x00000007a5560000)
  from space 21824K, 100% used [0x00000007a5560000, 0x00000007a6ab0000, 0x00000007a6ab0000)
  to   space 21824K,   0% used [0x00000007a6ab0000, 0x00000007a6ab0000, 0x00000007a8000000)
 concurrent mark-sweep generation total 393216K, used 42549K [0x00000007a8000000, 0x00000007c0000000, 0x00000007c0000000)
 Metaspace       used 36161K, capacity 36744K, committed 37136K, reserved 1081344K
  class space    used 4112K, capacity 4279K, committed 4372K, reserved 1048576K
}
2016-10-23T18:05:47.124+0800: 112.129: Total time for which application threads were stopped: 0.0079788 seconds, Stopping threads took: 0.0000459 seconds
{Heap before GC invocations=502 (full 10):
 par new generation   total 109248K, used 109248K [0x00000007a0000000, 0x00000007a8000000, 0x00000007a8000000)
  eden space 87424K, 100% used [0x00000007a0000000, 0x00000007a5560000, 0x00000007a5560000)
  from space 21824K, 100% used [0x00000007a5560000, 0x00000007a6ab0000, 0x00000007a6ab0000)
  to   space 21824K,   0% used [0x00000007a6ab0000, 0x00000007a6ab0000, 0x00000007a8000000)
 concurrent mark-sweep generation total 393216K, used 42549K [0x00000007a8000000, 0x00000007c0000000, 0x00000007c0000000)
 Metaspace       used 36161K, capacity 36744K, committed 37136K, reserved 1081344K
  class space    used 4112K, capacity 4279K, committed 4372K, reserved 1048576K
2016-10-23T18:05:47.248+0800: 112.253: [GC (Allocation Failure) 2016-10-23T18:05:47.248+0800: 112.253: [ParNew
Desired survivor size 20112992 bytes, new threshold 8 (max 8)
- age   1:    6222440 bytes,    6222440 total
- age   2:    1725200 bytes,    7947640 total
- age   3:     772304 bytes,    8719944 total
- age   4:     484928 bytes,    9204872 total
- age   5:    2851416 bytes,   12056288 total
- age   6:    4233664 bytes,   16289952 total
- age   7:    1541656 bytes,   17831608 total
- age   8:     476152 bytes,   18307760 total
: 109248K->21824K(109248K), 0.0077862 secs] 151797K->70188K(502464K), 0.0079022 secs] [Times: user=0.03 sys=0.00, real=0.01 secs] 
Heap after GC invocations=503 (full 10):
 par new generation   total 109248K, used 21824K [0x00000007a0000000, 0x00000007a8000000, 0x00000007a8000000)
  eden space 87424K,   0% used [0x00000007a0000000, 0x00000007a0000000, 0x00000007a5560000)
  from space 21824K, 100% used [0x00000007a6ab0000, 0x00000007a8000000, 0x00000007a8000000)
  to   space 21824K,   0% used [0x00000007a5560000, 0x00000007a5560000, 0x00000007a6ab0000)
 concurrent mark-sweep generation total 393216K, used 48364K [0x00000007a8000000, 0x00000007c0000000, 0x00000007c0000000)
 Metaspace       used 36161K, capacity 36744K, committed 37136K, reserved 1081344K
  class space    used 4112K, capacity 4279K, committed 4372K, reserved 1048576K
}
2016-10-23T18:05:47.256+0800: 112.261: Total time for which application threads were stopped: 0.0081321 seconds, Stopping threads took: 0.0000187 seconds
{Heap before GC invocations=503 (full 10):
 par new generation   total 109248K, used 109248K [0x00000007a0000000, 0x00000007a8000000, 0x00000007a8000000)
  eden space 87424K, 100% used [0x00000007a0000000, 0x00000007a5560000, 0x00000007a5560000)
  from space 21824K, 100% used [0x00000007a6ab0000, 0x00000007a8000000, 0x00000007a8000000)
  to   space 21824K,   0% used [0x00000007a5560000, 0x00000007a5560000, 0x00000007a6ab0000)
 concurrent mark-sweep generation total 393216K, used 48364K [0x00000007a8000000, 0x00000007c0000000, 0x00000007c0000000)
 Metaspace       used 36161K, capacity 36744K, committed 37136K, reserved 1081344K
  class space    used 4112K, capacity 4279K, committed 4372K, reserved 1048576K
2016-10-23T18:05:47.383+0800: 112.387: [GC (Allocation Failure) 2016-10-23T18:05:47.383+0800: 112.387: [ParNew
Desired survivor size 20112992 bytes, new threshold 8 (max 8)
- age   1:    5689824 bytes,    5689824 total
- age   2:    2811360 bytes,    8501184 total
- age   3:    1522848 bytes,   10024032 total
- age   4:     716296 bytes,   10740328 total
- age   5:     463056 bytes,   11203384 total
- age   6:    2735264 bytes,   13938648 total
- age   7:    3415120 bytes,   17353768 total
- age   8:    1521520 bytes,   18875288 total
: 109248K->21824K(109248K), 0.0076168 secs] 157612K->73515K(502464K), 0.0076755 secs] [Times: user=0.02 sys=0.00, real=0.01 secs] 
Heap after GC invocations=504 (full 10):
 par new generation   total 109248K, used 21824K [0x00000007a0000000, 0x00000007a8000000, 0x00000007a8000000)
  eden space 87424K,   0% used [0x00000007a0000000, 0x00000007a0000000, 0x00000007a5560000)
  from space 21824K, 100% used [0x00000007a5560000, 0x00000007a6ab0000, 0x00000007a6ab0000)
  to   space 21824K,   0% used [0x00000007a6ab0000, 0x00000007a6ab0000, 0x00000007a8000000)
 concurrent mark-sweep generation total 393216K, used 51691K [0x00000007a8000000, 0x00000007c0000000, 0x00000007c0000000)
 Metaspace       used 36161K, capacity 36744K, committed 37136K, reserved 1081344K
  class space    used 4112K, capacity 4279K, committed 4372K, reserved 1048576K
}
2016-10-23T18:05:47.390+0800: 112.395: Total time for which application threads were stopped: 0.0078377 seconds, Stopping threads took: 0.0000305 seconds
{Heap before GC invocations=504 (full 10):
 par new generation   total 109248K, used 109248K [0x00000007a0000000, 0x00000007a8000000, 0x00000007a8000000)
  eden space 87424K, 100% used [0x00000007a0000000, 0x00000007a5560000, 0x00000007a5560000)
  from space 21824K, 100% used [0x00000007a5560000, 0x00000007a6ab0000, 0x00000007a6ab0000)
  to   space 21824K,   0% used [0x00000007a6ab0000, 0x00000007a6ab0000, 0x00000007a8000000)
 concurrent mark-sweep generation total 393216K, used 51691K [0x00000007a8000000, 0x00000007c0000000, 0x00000007c0000000)
 Metaspace       used 36161K, capacity 36744K, committed 37136K, reserved 1081344K
  class space    used 4112K, capacity 4279K, committed 4372K, reserved 1048576K
2016-10-23T18:05:47.518+0800: 112.523: [GC (Allocation Failure) 2016-10-23T18:05:47.518+0800: 112.523: [ParNew
Desired survivor size 20112992 bytes, new threshold 8 (max 8)
- age   1:    7091544 bytes,    7091544 total
- age   2:    2473656 bytes,    9565200 total
- age   3:    2284744 bytes,   11849944 total
- age   4:    1301448 bytes,   13151392 total
- age   5:     670896 bytes,   13822288 total
- age   6:     428216 bytes,   14250504 total
- age   7:    2339144 bytes,   16589648 total
- age   8:    3115208 bytes,   19704856 total
: 109248K->21824K(109248K), 0.0086415 secs] 160939K->77416K(502464K), 0.0087053 secs] [Times: user=0.03 sys=0.00, real=0.01 secs] 
Heap after GC invocations=505 (full 10):
 par new generation   total 109248K, used 21824K [0x00000007a0000000, 0x00000007a8000000, 0x00000007a8000000)
  eden space 87424K,   0% used [0x00000007a0000000, 0x00000007a0000000, 0x00000007a5560000)
  from space 21824K, 100% used [0x00000007a6ab0000, 0x00000007a8000000, 0x00000007a8000000)
  to   space 21824K,   0% used [0x00000007a5560000, 0x00000007a5560000, 0x00000007a6ab0000)
 concurrent mark-sweep generation total 393216K, used 55592K [0x00000007a8000000, 0x00000007c0000000, 0x00000007c0000000)
 Metaspace       used 36161K, capacity 36744K, committed 37136K, reserved 1081344K
  class space    used 4112K, capacity 4279K, committed 4372K, reserved 1048576K
}
2016-10-23T18:05:47.527+0800: 112.532: Total time for which application threads were stopped: 0.0089374 seconds, Stopping threads took: 0.0000903 seconds
{Heap before GC invocations=505 (full 10):
 par new generation   total 109248K, used 109248K [0x00000007a0000000, 0x00000007a8000000, 0x00000007a8000000)
  eden space 87424K, 100% used [0x00000007a0000000, 0x00000007a5560000, 0x00000007a5560000)
  from space 21824K, 100% used [0x00000007a6ab0000, 0x00000007a8000000, 0x00000007a8000000)
  to   space 21824K,   0% used [0x00000007a5560000, 0x00000007a5560000, 0x00000007a6ab0000)
 concurrent mark-sweep generation total 393216K, used 55592K [0x00000007a8000000, 0x00000007c0000000, 0x00000007c0000000)
 Metaspace       used 36161K, capacity 36744K, committed 37136K, reserved 1081344K
  class space    used 4112K, capacity 4279K, committed 4372K, reserved 1048576K
2016-10-23T18:05:47.662+0800: 112.667: [GC (Allocation Failure) 2016-10-23T18:05:47.662+0800: 112.667: [ParNew
Desired survivor size 20112992 bytes, new threshold 8 (max 8)
- age   1:    7913904 bytes,    7913904 total
- age   2:    2776872 bytes,   10690776 total
- age   3:    2162456 bytes,   12853232 total
- age   4:    1875776 bytes,   14729008 total
- age   5:    1257096 bytes,   15986104 total
- age   6:     661072 bytes,   16647176 total
- age   7:     426184 bytes,   17073360 total
- age   8:    1413648 bytes,   18487008 total
: 109248K->21824K(109248K), 0.0079085 secs] 164840K->83517K(502464K), 0.0079693 secs] [Times: user=0.03 sys=0.00, real=0.01 secs] 
Heap after GC invocations=506 (full 10):
 par new generation   total 109248K, used 21824K [0x00000007a0000000, 0x00000007a8000000, 0x00000007a8000000)
  eden space 87424K,   0% used [0x00000007a0000000, 0x00000007a0000000, 0x00000007a5560000)
  from space 21824K, 100% used [0x00000007a5560000, 0x00000007a6ab0000, 0x00000007a6ab0000)
  to   space 21824K,   0% used [0x00000007a6ab0000, 0x00000007a6ab0000, 0x00000007a8000000)
 concurrent mark-sweep generation total 393216K, used 61693K [0x00000007a8000000, 0x00000007c0000000, 0x00000007c0000000)
 Metaspace       used 36161K, capacity 36744K, committed 37136K, reserved 1081344K
  class space    used 4112K, capacity 4279K, committed 4372K, reserved 1048576K
}
2016-10-23T18:05:47.670+0800: 112.675: Total time for which application threads were stopped: 0.0082111 seconds, Stopping threads took: 0.0000832 seconds
{Heap before GC invocations=506 (full 10):
 par new generation   total 109248K, used 109248K [0x00000007a0000000, 0x00000007a8000000, 0x00000007a8000000)
  eden space 87424K, 100% used [0x00000007a0000000, 0x00000007a5560000, 0x00000007a5560000)
  from space 21824K, 100% used [0x00000007a5560000, 0x00000007a6ab0000, 0x00000007a6ab0000)
  to   space 21824K,   0% used [0x00000007a6ab0000, 0x00000007a6ab0000, 0x00000007a8000000)
 concurrent mark-sweep generation total 393216K, used 61693K [0x00000007a8000000, 0x00000007c0000000, 0x00000007c0000000)
 Metaspace       used 36161K, capacity 36744K, committed 37136K, reserved 1081344K
  class space    used 4112K, capacity 4279K, committed 4372K, reserved 1048576K
2016-10-23T18:05:47.800+0800: 112.805: [GC (Allocation Failure) 2016-10-23T18:05:47.800+0800: 112.805: [ParNew
Desired survivor size 20112992 bytes, new threshold 7 (max 8)
- age   1:    9652808 bytes,    9652808 total
- age   2:    3426848 bytes,   13079656 total
- age   3:    2149008 bytes,   15228664 total
- age   4:    1871136 bytes,   17099800 total
- age   5:    1644224 bytes,   18744024 total
- age   6:    1080784 bytes,   19824808 total
- age   7:     593192 bytes,   20418000 total
- age   8:     385056 bytes,   20803056 total
: 109248K->21824K(109248K), 0.0089092 secs] 170941K->88805K(502464K), 0.0089675 secs] [Times: user=0.03 sys=0.00, real=0.00 secs] 
Heap after GC invocations=507 (full 10):
 par new generation   total 109248K, used 21824K [0x00000007a0000000, 0x00000007a8000000, 0x00000007a8000000)
  eden space 87424K,   0% used [0x00000007a0000000, 0x00000007a0000000, 0x00000007a5560000)
  from space 21824K, 100% used [0x00000007a6ab0000, 0x00000007a8000000, 0x00000007a8000000)
  to   space 21824K,   0% used [0x00000007a5560000, 0x00000007a5560000, 0x00000007a6ab0000)
 concurrent mark-sweep generation total 393216K, used 66981K [0x00000007a8000000, 0x00000007c0000000, 0x00000007c0000000)
 Metaspace       used 36161K, capacity 36744K, committed 37136K, reserved 1081344K
  class space    used 4112K, capacity 4279K, committed 4372K, reserved 1048576K
}
2016-10-23T18:05:47.809+0800: 112.814: Total time for which application threads were stopped: 0.0091948 seconds, Stopping threads took: 0.0000657 seconds
{Heap before GC invocations=507 (full 10):
 par new generation   total 109248K, used 109248K [0x00000007a0000000, 0x00000007a8000000, 0x00000007a8000000)
  eden space 87424K, 100% used [0x00000007a0000000, 0x00000007a5560000, 0x00000007a5560000)
  from space 21824K, 100% used [0x00000007a6ab0000, 0x00000007a8000000, 0x00000007a8000000)
  to   space 21824K,   0% used [0x00000007a5560000, 0x00000007a5560000, 0x00000007a6ab0000)
 concurrent mark-sweep generation total 393216K, used 66981K [0x00000007a8000000, 0x00000007c0000000, 0x00000007c0000000)
 Metaspace       used 36161K, capacity 36744K, committed 37136K, reserved 1081344K
  class space    used 4112K, capacity 4279K, committed 4372K, reserved 1048576K
2016-10-23T18:05:47.909+0800: 112.914: [GC (Allocation Failure) 2016-10-23T18:05:47.909+0800: 112.914: [ParNew
Desired survivor size 20112992 bytes, new threshold 7 (max 8)
- age   1:    2163728 bytes,    2163728 total
- age   2:    8683720 bytes,   10847448 total
- age   3:    3411960 bytes,   14259408 total
- age   4:    2144096 bytes,   16403504 total
- age   5:    1868808 bytes,   18272312 total
- age   6:    1643648 bytes,   19915960 total
- age   7:    1079912 bytes,   20995872 total
: 109248K->21824K(109248K), 0.0064769 secs] 176229K->90885K(502464K), 0.0065422 secs] [Times: user=0.02 sys=0.01, real=0.01 secs] 
Heap after GC invocations=508 (full 10):
 par new generation   total 109248K, used 21824K [0x00000007a0000000, 0x00000007a8000000, 0x00000007a8000000)
  eden space 87424K,   0% used [0x00000007a0000000, 0x00000007a0000000, 0x00000007a5560000)
  from space 21824K, 100% used [0x00000007a5560000, 0x00000007a6ab0000, 0x00000007a6ab0000)
  to   space 21824K,   0% used [0x00000007a6ab0000, 0x00000007a6ab0000, 0x00000007a8000000)
 concurrent mark-sweep generation total 393216K, used 69061K [0x00000007a8000000, 0x00000007c0000000, 0x00000007c0000000)
 Metaspace       used 36161K, capacity 36744K, committed 37136K, reserved 1081344K
  class space    used 4112K, capacity 4279K, committed 4372K, reserved 1048576K
}
2016-10-23T18:05:47.916+0800: 112.920: Total time for which application threads were stopped: 0.0068522 seconds, Stopping threads took: 0.0001435 seconds
{Heap before GC invocations=508 (full 10):
 par new generation   total 109248K, used 109248K [0x00000007a0000000, 0x00000007a8000000, 0x00000007a8000000)
  eden space 87424K, 100% used [0x00000007a0000000, 0x00000007a5560000, 0x00000007a5560000)
  from space 21824K, 100% used [0x00000007a5560000, 0x00000007a6ab0000, 0x00000007a6ab0000)
  to   space 21824K,   0% used [0x00000007a6ab0000, 0x00000007a6ab0000, 0x00000007a8000000)
 concurrent mark-sweep generation total 393216K, used 69061K [0x00000007a8000000, 0x00000007c0000000, 0x00000007c0000000)
 Metaspace       used 36161K, capacity 36744K, committed 37136K, reserved 1081344K
  class space    used 4112K, capacity 4279K, committed 4372K, reserved 1048576K
2016-10-23T18:05:47.962+0800: 112.967: [GC (Allocation Failure) 2016-10-23T18:05:47.962+0800: 112.967: [ParNew
Desired survivor size 20112992 bytes, new threshold 8 (max 8)
- age   1:    1346424 bytes,    1346424 total
- age   2:    1113024 bytes,    2459448 total
- age   3:    7668752 bytes,   10128200 total
- age   4:    3134056 bytes,   13262256 total
- age   5:    1990688 bytes,   15252944 total
- age   6:    1856552 bytes,   17109496 total
- age   7:    1632960 bytes,   18742456 total
: 109248K->21824K(109248K), 0.0071871 secs] 178309K->93841K(502464K), 0.0072376 secs] [Times: user=0.03 sys=0.00, real=0.00 secs] 
Heap after GC invocations=509 (full 10):
 par new generation   total 109248K, used 21824K [0x00000007a0000000, 0x00000007a8000000, 0x00000007a8000000)
  eden space 87424K,   0% used [0x00000007a0000000, 0x00000007a0000000, 0x00000007a5560000)
  from space 21824K, 100% used [0x00000007a6ab0000, 0x00000007a8000000, 0x00000007a8000000)
  to   space 21824K,   0% used [0x00000007a5560000, 0x00000007a5560000, 0x00000007a6ab0000)
 concurrent mark-sweep generation total 393216K, used 72017K [0x00000007a8000000, 0x00000007c0000000, 0x00000007c0000000)
 Metaspace       used 36161K, capacity 36744K, committed 37136K, reserved 1081344K
  class space    used 4112K, capacity 4279K, committed 4372K, reserved 1048576K
}
2016-10-23T18:05:47.969+0800: 112.974: Total time for which application threads were stopped: 0.0075184 seconds, Stopping threads took: 0.0001027 seconds
{Heap before GC invocations=509 (full 10):
 par new generation   total 109248K, used 109248K [0x00000007a0000000, 0x00000007a8000000, 0x00000007a8000000)
  eden space 87424K, 100% used [0x00000007a0000000, 0x00000007a5560000, 0x00000007a5560000)
  from space 21824K, 100% used [0x00000007a6ab0000, 0x00000007a8000000, 0x00000007a8000000)
  to   space 21824K,   0% used [0x00000007a5560000, 0x00000007a5560000, 0x00000007a6ab0000)
 concurrent mark-sweep generation total 393216K, used 72017K [0x00000007a8000000, 0x00000007c0000000, 0x00000007c0000000)
 Metaspace       used 36164K, capacity 36744K, committed 37136K, reserved 1081344K
  class space    used 4113K, capacity 4279K, committed 4372K, reserved 1048576K
2016-10-23T18:05:48.091+0800: 113.096: [GC (Allocation Failure) 2016-10-23T18:05:48.092+0800: 113.096: [ParNew
Desired survivor size 20112992 bytes, new threshold 8 (max 8)
- age   1:    4017016 bytes,    4017016 total
- age   2:     438176 bytes,    4455192 total
- age   3:     961696 bytes,    5416888 total
- age   4:    7480216 bytes,   12897104 total
- age   5:    2910136 bytes,   15807240 total
- age   6:    1891768 bytes,   17699008 total
- age   7:    1763408 bytes,   19462416 total
- age   8:    1550304 bytes,   21012720 total
: 109248K->21824K(109248K), 0.0059796 secs] 181265K->94334K(502464K), 0.0063896 secs] [Times: user=0.02 sys=0.00, real=0.00 secs] 
Heap after GC invocations=510 (full 10):
 par new generation   total 109248K, used 21824K [0x00000007a0000000, 0x00000007a8000000, 0x00000007a8000000)
  eden space 87424K,   0% used [0x00000007a0000000, 0x00000007a0000000, 0x00000007a5560000)
  from space 21824K, 100% used [0x00000007a5560000, 0x00000007a6ab0000, 0x00000007a6ab0000)
  to   space 21824K,   0% used [0x00000007a6ab0000, 0x00000007a6ab0000, 0x00000007a8000000)
 concurrent mark-sweep generation total 393216K, used 72510K [0x00000007a8000000, 0x00000007c0000000, 0x00000007c0000000)
 Metaspace       used 36164K, capacity 36744K, committed 37136K, reserved 1081344K
  class space    used 4113K, capacity 4279K, committed 4372K, reserved 1048576K
}
2016-10-23T18:05:48.098+0800: 113.103: Total time for which application threads were stopped: 0.0066805 seconds, Stopping threads took: 0.0001455 seconds
{Heap before GC invocations=510 (full 10):
 par new generation   total 109248K, used 109248K [0x00000007a0000000, 0x00000007a8000000, 0x00000007a8000000)
  eden space 87424K, 100% used [0x00000007a0000000, 0x00000007a5560000, 0x00000007a5560000)
  from space 21824K, 100% used [0x00000007a5560000, 0x00000007a6ab0000, 0x00000007a6ab0000)
  to   space 21824K,   0% used [0x00000007a6ab0000, 0x00000007a6ab0000, 0x00000007a8000000)
 concurrent mark-sweep generation total 393216K, used 72510K [0x00000007a8000000, 0x00000007c0000000, 0x00000007c0000000)
 Metaspace       used 36164K, capacity 36744K, committed 37136K, reserved 1081344K
  class space    used 4113K, capacity 4279K, committed 4372K, reserved 1048576K
2016-10-23T18:05:48.225+0800: 113.230: [GC (Allocation Failure) 2016-10-23T18:05:48.225+0800: 113.230: [ParNew
Desired survivor size 20112992 bytes, new threshold 7 (max 8)
- age   1:    5762368 bytes,    5762368 total
- age   2:    1998984 bytes,    7761352 total
- age   3:     387128 bytes,    8148480 total
- age   4:     801032 bytes,    8949512 total
- age   5:    6596144 bytes,   15545656 total
- age   6:    2908624 bytes,   18454280 total
- age   7:    1891640 bytes,   20345920 total
- age   8:    1763352 bytes,   22109272 total
: 109248K->21824K(109248K), 0.0066912 secs] 181758K->97990K(502464K), 0.0067386 secs] [Times: user=0.02 sys=0.00, real=0.01 secs] 
Heap after GC invocations=511 (full 10):
 par new generation   total 109248K, used 21824K [0x00000007a0000000, 0x00000007a8000000, 0x00000007a8000000)
  eden space 87424K,   0% used [0x00000007a0000000, 0x00000007a0000000, 0x00000007a5560000)
  from space 21824K, 100% used [0x00000007a6ab0000, 0x00000007a8000000, 0x00000007a8000000)
  to   space 21824K,   0% used [0x00000007a5560000, 0x00000007a5560000, 0x00000007a6ab0000)
 concurrent mark-sweep generation total 393216K, used 76166K [0x00000007a8000000, 0x00000007c0000000, 0x00000007c0000000)
 Metaspace       used 36164K, capacity 36744K, committed 37136K, reserved 1081344K
  class space    used 4113K, capacity 4279K, committed 4372K, reserved 1048576K
}
2016-10-23T18:05:48.232+0800: 113.237: Total time for which application threads were stopped: 0.0069666 seconds, Stopping threads took: 0.0000832 seconds
{Heap before GC invocations=511 (full 10):
 par new generation   total 109248K, used 109248K [0x00000007a0000000, 0x00000007a8000000, 0x00000007a8000000)
  eden space 87424K, 100% used [0x00000007a0000000, 0x00000007a5560000, 0x00000007a5560000)
  from space 21824K, 100% used [0x00000007a6ab0000, 0x00000007a8000000, 0x00000007a8000000)
  to   space 21824K,   0% used [0x00000007a5560000, 0x00000007a5560000, 0x00000007a6ab0000)
 concurrent mark-sweep generation total 393216K, used 76166K [0x00000007a8000000, 0x00000007c0000000, 0x00000007c0000000)
 Metaspace       used 36164K, capacity 36744K, committed 37136K, reserved 1081344K
  class space    used 4113K, capacity 4279K, committed 4372K, reserved 1048576K
2016-10-23T18:05:48.363+0800: 113.367: [GC (Allocation Failure) 2016-10-23T18:05:48.363+0800: 113.367: [ParNew
Desired survivor size 20112992 bytes, new threshold 8 (max 8)
- age   1:    5511640 bytes,    5511640 total
- age   2:    3089496 bytes,    8601136 total
- age   3:    1498264 bytes,   10099400 total
- age   4:     157272 bytes,   10256672 total
- age   5:     422024 bytes,   10678696 total
- age   6:    6492432 bytes,   17171128 total
- age   7:    2902432 bytes,   20073560 total
: 109248K->21824K(109248K), 0.0072925 secs] 185414K->103786K(502464K), 0.0073667 secs] [Times: user=0.03 sys=0.01, real=0.01 secs] 
Heap after GC invocations=512 (full 10):
 par new generation   total 109248K, used 21824K [0x00000007a0000000, 0x00000007a8000000, 0x00000007a8000000)
  eden space 87424K,   0% used [0x00000007a0000000, 0x00000007a0000000, 0x00000007a5560000)
  from space 21824K, 100% used [0x00000007a5560000, 0x00000007a6ab0000, 0x00000007a6ab0000)
  to   space 21824K,   0% used [0x00000007a6ab0000, 0x00000007a6ab0000, 0x00000007a8000000)
 concurrent mark-sweep generation total 393216K, used 81962K [0x00000007a8000000, 0x00000007c0000000, 0x00000007c0000000)
 Metaspace       used 36164K, capacity 36744K, committed 37136K, reserved 1081344K
  class space    used 4113K, capacity 4279K, committed 4372K, reserved 1048576K
}
2016-10-23T18:05:48.370+0800: 113.375: Total time for which application threads were stopped: 0.0076028 seconds, Stopping threads took: 0.0000948 seconds
{Heap before GC invocations=512 (full 10):
 par new generation   total 109248K, used 109214K [0x00000007a0000000, 0x00000007a8000000, 0x00000007a8000000)
  eden space 87424K,  99% used [0x00000007a0000000, 0x00000007a55578f0, 0x00000007a5560000)
  from space 21824K, 100% used [0x00000007a5560000, 0x00000007a6ab0000, 0x00000007a6ab0000)
  to   space 21824K,   0% used [0x00000007a6ab0000, 0x00000007a6ab0000, 0x00000007a8000000)
 concurrent mark-sweep generation total 393216K, used 81962K [0x00000007a8000000, 0x00000007c0000000, 0x00000007c0000000)
 Metaspace       used 36164K, capacity 36744K, committed 37136K, reserved 1081344K
  class space    used 4113K, capacity 4279K, committed 4372K, reserved 1048576K
2016-10-23T18:05:48.500+0800: 113.504: [GC (Allocation Failure) 2016-10-23T18:05:48.500+0800: 113.504: [ParNew
Desired survivor size 20112992 bytes, new threshold 8 (max 8)
- age   1:    5290160 bytes,    5290160 total
- age   2:    2114752 bytes,    7404912 total
- age   3:    2452584 bytes,    9857496 total
- age   4:    1280352 bytes,   11137848 total
- age   5:     147888 bytes,   11285736 total
- age   6:     400968 bytes,   11686704 total
- age   7:    4903080 bytes,   16589784 total
- age   8:    2902432 bytes,   19492216 total
: 109214K->21824K(109248K), 0.0099722 secs] 191176K->108695K(502464K), 0.0100637 secs] [Times: user=0.04 sys=0.00, real=0.01 secs] 
Heap after GC invocations=513 (full 10):
 par new generation   total 109248K, used 21824K [0x00000007a0000000, 0x00000007a8000000, 0x00000007a8000000)
  eden space 87424K,   0% used [0x00000007a0000000, 0x00000007a0000000, 0x00000007a5560000)
  from space 21824K, 100% used [0x00000007a6ab0000, 0x00000007a8000000, 0x00000007a8000000)
  to   space 21824K,   0% used [0x00000007a5560000, 0x00000007a5560000, 0x00000007a6ab0000)
 concurrent mark-sweep generation total 393216K, used 86871K [0x00000007a8000000, 0x00000007c0000000, 0x00000007c0000000)
 Metaspace       used 36164K, capacity 36744K, committed 37136K, reserved 1081344K
  class space    used 4113K, capacity 4279K, committed 4372K, reserved 1048576K
}
2016-10-23T18:05:48.510+0800: 113.515: Total time for which application threads were stopped: 0.0103825 seconds, Stopping threads took: 0.0001143 seconds
{Heap before GC invocations=513 (full 10):
 par new generation   total 109248K, used 109248K [0x00000007a0000000, 0x00000007a8000000, 0x00000007a8000000)
  eden space 87424K, 100% used [0x00000007a0000000, 0x00000007a5560000, 0x00000007a5560000)
  from space 21824K, 100% used [0x00000007a6ab0000, 0x00000007a8000000, 0x00000007a8000000)
  to   space 21824K,   0% used [0x00000007a5560000, 0x00000007a5560000, 0x00000007a6ab0000)
 concurrent mark-sweep generation total 393216K, used 86871K [0x00000007a8000000, 0x00000007c0000000, 0x00000007c0000000)
 Metaspace       used 36164K, capacity 36744K, committed 37136K, reserved 1081344K
  class space    used 4113K, capacity 4279K, committed 4372K, reserved 1048576K
2016-10-23T18:05:48.644+0800: 113.649: [GC (Allocation Failure) 2016-10-23T18:05:48.644+0800: 113.649: [ParNew
Desired survivor size 20112992 bytes, new threshold 8 (max 8)
- age   1:    9599088 bytes,    9599088 total
- age   2:    2466032 bytes,   12065120 total
- age   3:    1896376 bytes,   13961496 total
- age   4:    1296896 bytes,   15258392 total
- age   5:    1223256 bytes,   16481648 total
- age   6:     143728 bytes,   16625376 total
- age   7:     395432 bytes,   17020808 total
- age   8:    4752240 bytes,   21773048 total
: 109248K->21824K(109248K), 0.0077553 secs] 196119K->112970K(502464K), 0.0078111 secs] [Times: user=0.03 sys=0.00, real=0.01 secs] 
Heap after GC invocations=514 (full 10):
 par new generation   total 109248K, used 21824K [0x00000007a0000000, 0x00000007a8000000, 0x00000007a8000000)
  eden space 87424K,   0% used [0x00000007a0000000, 0x00000007a0000000, 0x00000007a5560000)
  from space 21824K, 100% used [0x00000007a5560000, 0x00000007a6ab0000, 0x00000007a6ab0000)
  to   space 21824K,   0% used [0x00000007a6ab0000, 0x00000007a6ab0000, 0x00000007a8000000)
 concurrent mark-sweep generation total 393216K, used 91146K [0x00000007a8000000, 0x00000007c0000000, 0x00000007c0000000)
 Metaspace       used 36164K, capacity 36744K, committed 37136K, reserved 1081344K
  class space    used 4113K, capacity 4279K, committed 4372K, reserved 1048576K
}
2016-10-23T18:05:48.652+0800: 113.657: Total time for which application threads were stopped: 0.0080595 seconds, Stopping threads took: 0.0000859 seconds
{Heap before GC invocations=514 (full 10):
 par new generation   total 109248K, used 109248K [0x00000007a0000000, 0x00000007a8000000, 0x00000007a8000000)
  eden space 87424K, 100% used [0x00000007a0000000, 0x00000007a5560000, 0x00000007a5560000)
  from space 21824K, 100% used [0x00000007a5560000, 0x00000007a6ab0000, 0x00000007a6ab0000)
  to   space 21824K,   0% used [0x00000007a6ab0000, 0x00000007a6ab0000, 0x00000007a8000000)
 concurrent mark-sweep generation total 393216K, used 91146K [0x00000007a8000000, 0x00000007c0000000, 0x00000007c0000000)
 Metaspace       used 36164K, capacity 36744K, committed 37136K, reserved 1081344K
  class space    used 4113K, capacity 4279K, committed 4372K, reserved 1048576K
2016-10-23T18:05:48.788+0800: 113.793: [GC (Allocation Failure) 2016-10-23T18:05:48.788+0800: 113.793: [ParNew
Desired survivor size 20112992 bytes, new threshold 8 (max 8)
- age   1:    8903600 bytes,    8903600 total
- age   2:    3662648 bytes,   12566248 total
- age   3:    2298240 bytes,   14864488 total
- age   4:    1734336 bytes,   16598824 total
- age   5:    1178416 bytes,   17777240 total
- age   6:    1127248 bytes,   18904488 total
- age   7:     130016 bytes,   19034504 total
- age   8:     353264 bytes,   19387768 total
: 109248K->21824K(109248K), 0.0085686 secs] 200394K->120511K(502464K), 0.0086180 secs] [Times: user=0.03 sys=0.00, real=0.01 secs] 
Heap after GC invocations=515 (full 10):
 par new generation   total 109248K, used 21824K [0x00000007a0000000, 0x00000007a8000000, 0x00000007a8000000)
  eden space 87424K,   0% used [0x00000007a0000000, 0x00000007a0000000, 0x00000007a5560000)
  from space 21824K, 100% used [0x00000007a6ab0000, 0x00000007a8000000, 0x00000007a8000000)
  to   space 21824K,   0% used [0x00000007a5560000, 0x00000007a5560000, 0x00000007a6ab0000)
 concurrent mark-sweep generation total 393216K, used 98687K [0x00000007a8000000, 0x00000007c0000000, 0x00000007c0000000)
 Metaspace       used 36164K, capacity 36744K, committed 37136K, reserved 1081344K
  class space    used 4113K, capacity 4279K, committed 4372K, reserved 1048576K
}
2016-10-23T18:05:48.797+0800: 113.802: Total time for which application threads were stopped: 0.0088374 seconds, Stopping threads took: 0.0000759 seconds
{Heap before GC invocations=515 (full 10):
 par new generation   total 109248K, used 109248K [0x00000007a0000000, 0x00000007a8000000, 0x00000007a8000000)
  eden space 87424K, 100% used [0x00000007a0000000, 0x00000007a5560000, 0x00000007a5560000)
  from space 21824K, 100% used [0x00000007a6ab0000, 0x00000007a8000000, 0x00000007a8000000)
  to   space 21824K,   0% used [0x00000007a5560000, 0x00000007a5560000, 0x00000007a6ab0000)
 concurrent mark-sweep generation total 393216K, used 98687K [0x00000007a8000000, 0x00000007c0000000, 0x00000007c0000000)
 Metaspace       used 36164K, capacity 36744K, committed 37136K, reserved 1081344K
  class space    used 4113K, capacity 4279K, committed 4372K, reserved 1048576K
2016-10-23T18:05:48.902+0800: 113.907: [GC (Allocation Failure) 2016-10-23T18:05:48.902+0800: 113.907: [ParNew
Desired survivor size 20112992 bytes, new threshold 7 (max 8)
- age   1:    2254768 bytes,    2254768 total
- age   2:    8275880 bytes,   10530648 total
- age   3:    3637160 bytes,   14167808 total
- age   4:    2287600 bytes,   16455408 total
- age   5:    1722384 bytes,   18177792 total
- age   6:    1168512 bytes,   19346304 total
- age   7:    1117376 bytes,   20463680 total
- age   8:     130016 bytes,   20593696 total
: 109248K->21824K(109248K), 0.0072944 secs] 207935K->121328K(502464K), 0.0073638 secs] [Times: user=0.03 sys=0.00, real=0.01 secs] 
Heap after GC invocations=516 (full 10):
 par new generation   total 109248K, used 21824K [0x00000007a0000000, 0x00000007a8000000, 0x00000007a8000000)
  eden space 87424K,   0% used [0x00000007a0000000, 0x00000007a0000000, 0x00000007a5560000)
  from space 21824K, 100% used [0x00000007a5560000, 0x00000007a6ab0000, 0x00000007a6ab0000)
  to   space 21824K,   0% used [0x00000007a6ab0000, 0x00000007a6ab0000, 0x00000007a8000000)
 concurrent mark-sweep generation total 393216K, used 99504K [0x00000007a8000000, 0x00000007c0000000, 0x00000007c0000000)
 Metaspace       used 36164K, capacity 36744K, committed 37136K, reserved 1081344K
  class space    used 4113K, capacity 4279K, committed 4372K, reserved 1048576K
}
2016-10-23T18:05:48.910+0800: 113.914: Total time for which application threads were stopped: 0.0075399 seconds, Stopping threads took: 0.0000294 seconds
{Heap before GC invocations=516 (full 10):
 par new generation   total 109248K, used 109234K [0x00000007a0000000, 0x00000007a8000000, 0x00000007a8000000)
  eden space 87424K,  99% used [0x00000007a0000000, 0x00000007a555c8d8, 0x00000007a5560000)
  from space 21824K, 100% used [0x00000007a5560000, 0x00000007a6ab0000, 0x00000007a6ab0000)
  to   space 21824K,   0% used [0x00000007a6ab0000, 0x00000007a6ab0000, 0x00000007a8000000)
 concurrent mark-sweep generation total 393216K, used 99504K [0x00000007a8000000, 0x00000007c0000000, 0x00000007c0000000)
 Metaspace       used 36165K, capacity 36744K, committed 37136K, reserved 1081344K
  class space    used 4113K, capacity 4279K, committed 4372K, reserved 1048576K
2016-10-23T18:05:48.953+0800: 113.958: [GC (Allocation Failure) 2016-10-23T18:05:48.953+0800: 113.958: [ParNew
Desired survivor size 20112992 bytes, new threshold 8 (max 8)
- age   1:    1278184 bytes,    1278184 total
- age   2:    1421712 bytes,    2699896 total
- age   3:    8094128 bytes,   10794024 total
- age   4:    3637160 bytes,   14431184 total
- age   5:    2287600 bytes,   16718784 total
- age   6:    1722384 bytes,   18441168 total
- age   7:    1168512 bytes,   19609680 total
: 109234K->21824K(109248K), 0.0071506 secs] 208738K->123059K(502464K), 0.0071922 secs] [Times: user=0.02 sys=0.00, real=0.01 secs] 
Heap after GC invocations=517 (full 10):
 par new generation   total 109248K, used 21824K [0x00000007a0000000, 0x00000007a8000000, 0x00000007a8000000)
  eden space 87424K,   0% used [0x00000007a0000000, 0x00000007a0000000, 0x00000007a5560000)
  from space 21824K, 100% used [0x00000007a6ab0000, 0x00000007a8000000, 0x00000007a8000000)
  to   space 21824K,   0% used [0x00000007a5560000, 0x00000007a5560000, 0x00000007a6ab0000)
 concurrent mark-sweep generation total 393216K, used 101235K [0x00000007a8000000, 0x00000007c0000000, 0x00000007c0000000)
 Metaspace       used 36165K, capacity 36744K, committed 37136K, reserved 1081344K
  class space    used 4113K, capacity 4279K, committed 4372K, reserved 1048576K
}
2016-10-23T18:05:48.960+0800: 113.965: Total time for which application threads were stopped: 0.0074388 seconds, Stopping threads took: 0.0001021 seconds
{Heap before GC invocations=517 (full 10):
 par new generation   total 109248K, used 109248K [0x00000007a0000000, 0x00000007a8000000, 0x00000007a8000000)
  eden space 87424K, 100% used [0x00000007a0000000, 0x00000007a5560000, 0x00000007a5560000)
  from space 21824K, 100% used [0x00000007a6ab0000, 0x00000007a8000000, 0x00000007a8000000)
  to   space 21824K,   0% used [0x00000007a5560000, 0x00000007a5560000, 0x00000007a6ab0000)
 concurrent mark-sweep generation total 393216K, used 101235K [0x00000007a8000000, 0x00000007c0000000, 0x00000007c0000000)
 Metaspace       used 36169K, capacity 36744K, committed 37136K, reserved 1081344K
  class space    used 4113K, capacity 4279K, committed 4372K, reserved 1048576K
2016-10-23T18:05:49.069+0800: 114.074: [GC (Allocation Failure) 2016-10-23T18:05:49.069+0800: 114.074: [ParNew
Desired survivor size 20112992 bytes, new threshold 7 (max 8)
- age   1:    4455296 bytes,    4455296 total
- age   2:     513736 bytes,    4969032 total
- age   3:     983608 bytes,    5952640 total
- age   4:    7612616 bytes,   13565256 total
- age   5:    3552248 bytes,   17117504 total
- age   6:    2207680 bytes,   19325184 total
- age   7:    1640360 bytes,   20965544 total
- age   8:    1090448 bytes,   22055992 total
: 109248K->21824K(109248K), 0.0083580 secs] 210483K->124658K(502464K), 0.0084495 secs] [Times: user=0.03 sys=0.00, real=0.01 secs] 
Heap after GC invocations=518 (full 10):
 par new generation   total 109248K, used 21824K [0x00000007a0000000, 0x00000007a8000000, 0x00000007a8000000)
  eden space 87424K,   0% used [0x00000007a0000000, 0x00000007a0000000, 0x00000007a5560000)
  from space 21824K, 100% used [0x00000007a5560000, 0x00000007a6ab0000, 0x00000007a6ab0000)
  to   space 21824K,   0% used [0x00000007a6ab0000, 0x00000007a6ab0000, 0x00000007a8000000)
 concurrent mark-sweep generation total 393216K, used 102834K [0x00000007a8000000, 0x00000007c0000000, 0x00000007c0000000)
 Metaspace       used 36169K, capacity 36744K, committed 37136K, reserved 1081344K
  class space    used 4113K, capacity 4279K, committed 4372K, reserved 1048576K
}
2016-10-23T18:05:49.078+0800: 114.083: Total time for which application threads were stopped: 0.0087482 seconds, Stopping threads took: 0.0000696 seconds
{Heap before GC invocations=518 (full 10):
 par new generation   total 109248K, used 109248K [0x00000007a0000000, 0x00000007a8000000, 0x00000007a8000000)
  eden space 87424K, 100% used [0x00000007a0000000, 0x00000007a5560000, 0x00000007a5560000)
  from space 21824K, 100% used [0x00000007a5560000, 0x00000007a6ab0000, 0x00000007a6ab0000)
  to   space 21824K,   0% used [0x00000007a6ab0000, 0x00000007a6ab0000, 0x00000007a8000000)
 concurrent mark-sweep generation total 393216K, used 102834K [0x00000007a8000000, 0x00000007c0000000, 0x00000007c0000000)
 Metaspace       used 36169K, capacity 36744K, committed 37136K, reserved 1081344K
  class space    used 4113K, capacity 4279K, committed 4372K, reserved 1048576K
2016-10-23T18:05:49.207+0800: 114.212: [GC (Allocation Failure) 2016-10-23T18:05:49.207+0800: 114.212: [ParNew
Desired survivor size 20112992 bytes, new threshold 7 (max 8)
- age   1:    4440976 bytes,    4440976 total
- age   2:    2088736 bytes,    6529712 total
- age   3:     350360 bytes,    6880072 total
- age   4:     904344 bytes,    7784416 total
- age   5:    7394600 bytes,   15179016 total
- age   6:    3413680 bytes,   18592696 total
- age   7:    2137048 bytes,   20729744 total
: 109248K->21824K(109248K), 0.0076307 secs] 212082K->130771K(502464K), 0.0076906 secs] [Times: user=0.03 sys=0.00, real=0.01 secs] 
Heap after GC invocations=519 (full 10):
 par new generation   total 109248K, used 21824K [0x00000007a0000000, 0x00000007a8000000, 0x00000007a8000000)
  eden space 87424K,   0% used [0x00000007a0000000, 0x00000007a0000000, 0x00000007a5560000)
  from space 21824K, 100% used [0x00000007a6ab0000, 0x00000007a8000000, 0x00000007a8000000)
  to   space 21824K,   0% used [0x00000007a5560000, 0x00000007a5560000, 0x00000007a6ab0000)
 concurrent mark-sweep generation total 393216K, used 108947K [0x00000007a8000000, 0x00000007c0000000, 0x00000007c0000000)
 Metaspace       used 36169K, capacity 36744K, committed 37136K, reserved 1081344K
  class space    used 4113K, capacity 4279K, committed 4372K, reserved 1048576K
}
2016-10-23T18:05:49.215+0800: 114.220: Total time for which application threads were stopped: 0.0079213 seconds, Stopping threads took: 0.0000830 seconds
{Heap before GC invocations=519 (full 10):
 par new generation   total 109248K, used 109248K [0x00000007a0000000, 0x00000007a8000000, 0x00000007a8000000)
  eden space 87424K, 100% used [0x00000007a0000000, 0x00000007a5560000, 0x00000007a5560000)
  from space 21824K, 100% used [0x00000007a6ab0000, 0x00000007a8000000, 0x00000007a8000000)
  to   space 21824K,   0% used [0x00000007a5560000, 0x00000007a5560000, 0x00000007a6ab0000)
 concurrent mark-sweep generation total 393216K, used 108947K [0x00000007a8000000, 0x00000007c0000000, 0x00000007c0000000)
 Metaspace       used 36169K, capacity 36744K, committed 37136K, reserved 1081344K
  class space    used 4113K, capacity 4279K, committed 4372K, reserved 1048576K
2016-10-23T18:05:49.347+0800: 114.352: [GC (Allocation Failure) 2016-10-23T18:05:49.347+0800: 114.352: [ParNew
Desired survivor size 20112992 bytes, new threshold 8 (max 8)
- age   1:    5767520 bytes,    5767520 total
- age   2:    2134840 bytes,    7902360 total
- age   3:    1687128 bytes,    9589488 total
- age   4:     103480 bytes,    9692968 total
- age   5:     375768 bytes,   10068736 total
- age   6:    6156832 bytes,   16225568 total
- age   7:    3413656 bytes,   19639224 total
: 109248K->21824K(109248K), 0.0086548 secs] 218195K->136267K(502464K), 0.0087112 secs] [Times: user=0.03 sys=0.00, real=0.01 secs] 
Heap after GC invocations=520 (full 10):
 par new generation   total 109248K, used 21824K [0x00000007a0000000, 0x00000007a8000000, 0x00000007a8000000)
  eden space 87424K,   0% used [0x00000007a0000000, 0x00000007a0000000, 0x00000007a5560000)
  from space 21824K, 100% used [0x00000007a5560000, 0x00000007a6ab0000, 0x00000007a6ab0000)
  to   space 21824K,   0% used [0x00000007a6ab0000, 0x00000007a6ab0000, 0x00000007a8000000)
 concurrent mark-sweep generation total 393216K, used 114443K [0x00000007a8000000, 0x00000007c0000000, 0x00000007c0000000)
 Metaspace       used 36169K, capacity 36744K, committed 37136K, reserved 1081344K
  class space    used 4113K, capacity 4279K, committed 4372K, reserved 1048576K
}
2016-10-23T18:05:49.356+0800: 114.360: Total time for which application threads were stopped: 0.0089238 seconds, Stopping threads took: 0.0000762 seconds
{Heap before GC invocations=520 (full 10):
 par new generation   total 109248K, used 109248K [0x00000007a0000000, 0x00000007a8000000, 0x00000007a8000000)
  eden space 87424K, 100% used [0x00000007a0000000, 0x00000007a5560000, 0x00000007a5560000)
  from space 21824K, 100% used [0x00000007a5560000, 0x00000007a6ab0000, 0x00000007a6ab0000)
  to   space 21824K,   0% used [0x00000007a6ab0000, 0x00000007a6ab0000, 0x00000007a8000000)
 concurrent mark-sweep generation total 393216K, used 114443K [0x00000007a8000000, 0x00000007c0000000, 0x00000007c0000000)
 Metaspace       used 36169K, capacity 36744K, committed 37136K, reserved 1081344K
  class space    used 4113K, capacity 4279K, committed 4372K, reserved 1048576K
2016-10-23T18:05:49.491+0800: 114.496: [GC (Allocation Failure) 2016-10-23T18:05:49.491+0800: 114.496: [ParNew
Desired survivor size 20112992 bytes, new threshold 8 (max 8)
- age   1:    6094320 bytes,    6094320 total
- age   2:    2178720 bytes,    8273040 total
- age   3:    1794264 bytes,   10067304 total
- age   4:     696936 bytes,   10764240 total
- age   5:     100264 bytes,   10864504 total
- age   6:     369112 bytes,   11233616 total
- age   7:    5327648 bytes,   16561264 total
- age   8:    3406312 bytes,   19967576 total
: 109248K->21824K(109248K), 0.0079521 secs] 223691K->139990K(502464K), 0.0080268 secs] [Times: user=0.02 sys=0.00, real=0.00 secs] 
Heap after GC invocations=521 (full 10):
 par new generation   total 109248K, used 21824K [0x00000007a0000000, 0x00000007a8000000, 0x00000007a8000000)
  eden space 87424K,   0% used [0x00000007a0000000, 0x00000007a0000000, 0x00000007a5560000)
  from space 21824K, 100% used [0x00000007a6ab0000, 0x00000007a8000000, 0x00000007a8000000)
  to   space 21824K,   0% used [0x00000007a5560000, 0x00000007a5560000, 0x00000007a6ab0000)
 concurrent mark-sweep generation total 393216K, used 118166K [0x00000007a8000000, 0x00000007c0000000, 0x00000007c0000000)
 Metaspace       used 36169K, capacity 36744K, committed 37136K, reserved 1081344K
  class space    used 4113K, capacity 4279K, committed 4372K, reserved 1048576K
}
2016-10-23T18:05:49.499+0800: 114.504: Total time for which application threads were stopped: 0.0082218 seconds, Stopping threads took: 0.0000471 seconds
{Heap before GC invocations=521 (full 10):
 par new generation   total 109248K, used 109248K [0x00000007a0000000, 0x00000007a8000000, 0x00000007a8000000)
  eden space 87424K, 100% used [0x00000007a0000000, 0x00000007a5560000, 0x00000007a5560000)
  from space 21824K, 100% used [0x00000007a6ab0000, 0x00000007a8000000, 0x00000007a8000000)
  to   space 21824K,   0% used [0x00000007a5560000, 0x00000007a5560000, 0x00000007a6ab0000)
 concurrent mark-sweep generation total 393216K, used 118166K [0x00000007a8000000, 0x00000007c0000000, 0x00000007c0000000)
 Metaspace       used 36169K, capacity 36744K, committed 37136K, reserved 1081344K
  class space    used 4113K, capacity 4279K, committed 4372K, reserved 1048576K
2016-10-23T18:05:49.631+0800: 114.636: [GC (Allocation Failure) 2016-10-23T18:05:49.631+0800: 114.636: [ParNew
Desired survivor size 20112992 bytes, new threshold 8 (max 8)
- age   1:    8629432 bytes,    8629432 total
- age   2:    2355784 bytes,   10985216 total
- age   3:    1691248 bytes,   12676464 total
- age   4:     903400 bytes,   13579864 total
- age   5:     626616 bytes,   14206480 total
- age   6:      76952 bytes,   14283432 total
- age   7:     316528 bytes,   14599960 total
- age   8:    5222552 bytes,   19822512 total
: 109248K->21824K(109248K), 0.0108834 secs] 227414K->145410K(502464K), 0.0109516 secs] [Times: user=0.04 sys=0.00, real=0.01 secs] 
Heap after GC invocations=522 (full 10):
 par new generation   total 109248K, used 21824K [0x00000007a0000000, 0x00000007a8000000, 0x00000007a8000000)
  eden space 87424K,   0% used [0x00000007a0000000, 0x00000007a0000000, 0x00000007a5560000)
  from space 21824K, 100% used [0x00000007a5560000, 0x00000007a6ab0000, 0x00000007a6ab0000)
  to   space 21824K,   0% used [0x00000007a6ab0000, 0x00000007a6ab0000, 0x00000007a8000000)
 concurrent mark-sweep generation total 393216K, used 123586K [0x00000007a8000000, 0x00000007c0000000, 0x00000007c0000000)
 Metaspace       used 36169K, capacity 36744K, committed 37136K, reserved 1081344K
  class space    used 4113K, capacity 4279K, committed 4372K, reserved 1048576K
}
2016-10-23T18:05:49.642+0800: 114.647: Total time for which application threads were stopped: 0.0111849 seconds, Stopping threads took: 0.0000929 seconds
{Heap before GC invocations=522 (full 10):
 par new generation   total 109248K, used 109248K [0x00000007a0000000, 0x00000007a8000000, 0x00000007a8000000)
  eden space 87424K, 100% used [0x00000007a0000000, 0x00000007a5560000, 0x00000007a5560000)
  from space 21824K, 100% used [0x00000007a5560000, 0x00000007a6ab0000, 0x00000007a6ab0000)
  to   space 21824K,   0% used [0x00000007a6ab0000, 0x00000007a6ab0000, 0x00000007a8000000)
 concurrent mark-sweep generation total 393216K, used 123586K [0x00000007a8000000, 0x00000007c0000000, 0x00000007c0000000)
 Metaspace       used 36169K, capacity 36744K, committed 37136K, reserved 1081344K
  class space    used 4113K, capacity 4279K, committed 4372K, reserved 1048576K
2016-10-23T18:05:49.774+0800: 114.778: [GC (Allocation Failure) 2016-10-23T18:05:49.774+0800: 114.779: [ParNew
Desired survivor size 20112992 bytes, new threshold 8 (max 8)
- age   1:    8561672 bytes,    8561672 total
- age   2:    3986480 bytes,   12548152 total
- age   3:    2304768 bytes,   14852920 total
- age   4:    1616704 bytes,   16469624 total
- age   5:     768488 bytes,   17238112 total
- age   6:     625576 bytes,   17863688 total
- age   7:      76584 bytes,   17940272 total
- age   8:     315728 bytes,   18256000 total
: 109248K->21824K(109248K), 0.0080744 secs] 232834K->150585K(502464K), 0.0081311 secs] [Times: user=0.03 sys=0.00, real=0.01 secs] 
Heap after GC invocations=523 (full 10):
 par new generation   total 109248K, used 21824K [0x00000007a0000000, 0x00000007a8000000, 0x00000007a8000000)
  eden space 87424K,   0% used [0x00000007a0000000, 0x00000007a0000000, 0x00000007a5560000)
  from space 21824K, 100% used [0x00000007a6ab0000, 0x00000007a8000000, 0x00000007a8000000)
  to   space 21824K,   0% used [0x00000007a5560000, 0x00000007a5560000, 0x00000007a6ab0000)
 concurrent mark-sweep generation total 393216K, used 128761K [0x00000007a8000000, 0x00000007c0000000, 0x00000007c0000000)
 Metaspace       used 36169K, capacity 36744K, committed 37136K, reserved 1081344K
  class space    used 4113K, capacity 4279K, committed 4372K, reserved 1048576K
}
2016-10-23T18:05:49.782+0800: 114.787: Total time for which application threads were stopped: 0.0083950 seconds, Stopping threads took: 0.0001077 seconds
{Heap before GC invocations=523 (full 10):
 par new generation   total 109248K, used 109248K [0x00000007a0000000, 0x00000007a8000000, 0x00000007a8000000)
  eden space 87424K, 100% used [0x00000007a0000000, 0x00000007a5560000, 0x00000007a5560000)
  from space 21824K, 100% used [0x00000007a6ab0000, 0x00000007a8000000, 0x00000007a8000000)
  to   space 21824K,   0% used [0x00000007a5560000, 0x00000007a5560000, 0x00000007a6ab0000)
 concurrent mark-sweep generation total 393216K, used 128761K [0x00000007a8000000, 0x00000007c0000000, 0x00000007c0000000)
 Metaspace       used 36169K, capacity 36744K, committed 37136K, reserved 1081344K
  class space    used 4113K, capacity 4279K, committed 4372K, reserved 1048576K
2016-10-23T18:05:49.898+0800: 114.903: [GC (Allocation Failure) 2016-10-23T18:05:49.898+0800: 114.903: [ParNew
Desired survivor size 20112992 bytes, new threshold 8 (max 8)
- age   1:    2515400 bytes,    2515400 total
- age   2:    8034144 bytes,   10549544 total
- age   3:    3808584 bytes,   14358128 total
- age   4:    2142128 bytes,   16500256 total
- age   5:    1408760 bytes,   17909016 total
- age   6:     650488 bytes,   18559504 total
- age   7:     530200 bytes,   19089704 total
- age   8:      40080 bytes,   19129784 total
: 109248K->21824K(109248K), 0.0070589 secs] 238009K->153158K(502464K), 0.0071058 secs] [Times: user=0.02 sys=0.00, real=0.01 secs] 
Heap after GC invocations=524 (full 10):
 par new generation   total 109248K, used 21824K [0x00000007a0000000, 0x00000007a8000000, 0x00000007a8000000)
  eden space 87424K,   0% used [0x00000007a0000000, 0x00000007a0000000, 0x00000007a5560000)
  from space 21824K, 100% used [0x00000007a5560000, 0x00000007a6ab0000, 0x00000007a6ab0000)
  to   space 21824K,   0% used [0x00000007a6ab0000, 0x00000007a6ab0000, 0x00000007a8000000)
 concurrent mark-sweep generation total 393216K, used 131334K [0x00000007a8000000, 0x00000007c0000000, 0x00000007c0000000)
 Metaspace       used 36169K, capacity 36744K, committed 37136K, reserved 1081344K
  class space    used 4113K, capacity 4279K, committed 4372K, reserved 1048576K
}
2016-10-23T18:05:49.905+0800: 114.910: Total time for which application threads were stopped: 0.0073681 seconds, Stopping threads took: 0.0000995 seconds
{Heap before GC invocations=524 (full 10):
 par new generation   total 109248K, used 109248K [0x00000007a0000000, 0x00000007a8000000, 0x00000007a8000000)
  eden space 87424K, 100% used [0x00000007a0000000, 0x00000007a5560000, 0x00000007a5560000)
  from space 21824K, 100% used [0x00000007a5560000, 0x00000007a6ab0000, 0x00000007a6ab0000)
  to   space 21824K,   0% used [0x00000007a6ab0000, 0x00000007a6ab0000, 0x00000007a8000000)
 concurrent mark-sweep generation total 393216K, used 131334K [0x00000007a8000000, 0x00000007c0000000, 0x00000007c0000000)
 Metaspace       used 36169K, capacity 36744K, committed 37136K, reserved 1081344K
  class space    used 4113K, capacity 4279K, committed 4372K, reserved 1048576K
2016-10-23T18:05:49.949+0800: 114.954: [GC (Allocation Failure) 2016-10-23T18:05:49.949+0800: 114.954: [ParNew
Desired survivor size 20112992 bytes, new threshold 8 (max 8)
- age   1:    1397752 bytes,    1397752 total
- age   2:    1889976 bytes,    3287728 total
- age   3:    7558096 bytes,   10845824 total
- age   4:    3806304 bytes,   14652128 total
- age   5:    2142128 bytes,   16794256 total
- age   6:    1408760 bytes,   18203016 total
- age   7:     650488 bytes,   18853504 total
- age   8:     530232 bytes,   19383736 total
: 109248K->21824K(109248K), 0.0068412 secs] 240582K->153931K(502464K), 0.0068872 secs] [Times: user=0.02 sys=0.00, real=0.01 secs] 
Heap after GC invocations=525 (full 10):
 par new generation   total 109248K, used 21824K [0x00000007a0000000, 0x00000007a8000000, 0x00000007a8000000)
  eden space 87424K,   0% used [0x00000007a0000000, 0x00000007a0000000, 0x00000007a5560000)
  from space 21824K, 100% used [0x00000007a6ab0000, 0x00000007a8000000, 0x00000007a8000000)
  to   space 21824K,   0% used [0x00000007a5560000, 0x00000007a5560000, 0x00000007a6ab0000)
 concurrent mark-sweep generation total 393216K, used 132107K [0x00000007a8000000, 0x00000007c0000000, 0x00000007c0000000)
 Metaspace       used 36169K, capacity 36744K, committed 37136K, reserved 1081344K
  class space    used 4113K, capacity 4279K, committed 4372K, reserved 1048576K
}
2016-10-23T18:05:49.956+0800: 114.961: Total time for which application threads were stopped: 0.0071240 seconds, Stopping threads took: 0.0000735 seconds
2016-10-23T18:05:50.015+0800: 115.020: Total time for which application threads were stopped: 0.0001640 seconds, Stopping threads took: 0.0000791 seconds
{Heap before GC invocations=525 (full 10):
 par new generation   total 109248K, used 109248K [0x00000007a0000000, 0x00000007a8000000, 0x00000007a8000000)
  eden space 87424K, 100% used [0x00000007a0000000, 0x00000007a5560000, 0x00000007a5560000)
  from space 21824K, 100% used [0x00000007a6ab0000, 0x00000007a8000000, 0x00000007a8000000)
  to   space 21824K,   0% used [0x00000007a5560000, 0x00000007a5560000, 0x00000007a6ab0000)
 concurrent mark-sweep generation total 393216K, used 132107K [0x00000007a8000000, 0x00000007c0000000, 0x00000007c0000000)
 Metaspace       used 36171K, capacity 36808K, committed 37136K, reserved 1081344K
  class space    used 4113K, capacity 4279K, committed 4372K, reserved 1048576K
2016-10-23T18:05:50.032+0800: 115.037: [GC (Allocation Failure) 2016-10-23T18:05:50.032+0800: 115.037: [ParNew
Desired survivor size 20112992 bytes, new threshold 8 (max 8)
- age   1:    4996016 bytes,    4996016 total
- age   2:     655760 bytes,    5651776 total
- age   3:    1510184 bytes,    7161960 total
- age   4:    6289520 bytes,   13451480 total
- age   5:    3230032 bytes,   16681512 total
- age   6:    1892472 bytes,   18573984 total
- age   7:    1169920 bytes,   19743904 total
- age   8:     590600 bytes,   20334504 total
: 109248K->21824K(109248K), 0.0083725 secs] 241355K->156126K(502464K), 0.0084330 secs] [Times: user=0.03 sys=0.00, real=0.01 secs] 
Heap after GC invocations=526 (full 10):
 par new generation   total 109248K, used 21824K [0x00000007a0000000, 0x00000007a8000000, 0x00000007a8000000)
  eden space 87424K,   0% used [0x00000007a0000000, 0x00000007a0000000, 0x00000007a5560000)
  from space 21824K, 100% used [0x00000007a5560000, 0x00000007a6ab0000, 0x00000007a6ab0000)
  to   space 21824K,   0% used [0x00000007a6ab0000, 0x00000007a6ab0000, 0x00000007a8000000)
 concurrent mark-sweep generation total 393216K, used 134302K [0x00000007a8000000, 0x00000007c0000000, 0x00000007c0000000)
 Metaspace       used 36171K, capacity 36808K, committed 37136K, reserved 1081344K
  class space    used 4113K, capacity 4279K, committed 4372K, reserved 1048576K
}
2016-10-23T18:05:50.041+0800: 115.046: Total time for which application threads were stopped: 0.0086558 seconds, Stopping threads took: 0.0000834 seconds
{Heap before GC invocations=526 (full 10):
 par new generation   total 109248K, used 109248K [0x00000007a0000000, 0x00000007a8000000, 0x00000007a8000000)
  eden space 87424K, 100% used [0x00000007a0000000, 0x00000007a5560000, 0x00000007a5560000)
  from space 21824K, 100% used [0x00000007a5560000, 0x00000007a6ab0000, 0x00000007a6ab0000)
  to   space 21824K,   0% used [0x00000007a6ab0000, 0x00000007a6ab0000, 0x00000007a8000000)
 concurrent mark-sweep generation total 393216K, used 134302K [0x00000007a8000000, 0x00000007c0000000, 0x00000007c0000000)
 Metaspace       used 36171K, capacity 36808K, committed 37136K, reserved 1081344K
  class space    used 4113K, capacity 4279K, committed 4372K, reserved 1048576K
2016-10-23T18:05:50.165+0800: 115.170: [GC (Allocation Failure) 2016-10-23T18:05:50.165+0800: 115.170: [ParNew
Desired survivor size 20112992 bytes, new threshold 8 (max 8)
- age   1:    3280208 bytes,    3280208 total
- age   2:    1459192 bytes,    4739400 total
- age   3:     440048 bytes,    5179448 total
- age   4:    1388400 bytes,    6567848 total
- age   5:    6013616 bytes,   12581464 total
- age   6:    3220528 bytes,   15801992 total
- age   7:    1892472 bytes,   17694464 total
- age   8:    1169920 bytes,   18864384 total
: 109248K->21824K(109248K), 0.0086088 secs] 243550K->161597K(502464K), 0.0086699 secs] [Times: user=0.03 sys=0.00, real=0.01 secs] 
Heap after GC invocations=527 (full 10):
 par new generation   total 109248K, used 21824K [0x00000007a0000000, 0x00000007a8000000, 0x00000007a8000000)
  eden space 87424K,   0% used [0x00000007a0000000, 0x00000007a0000000, 0x00000007a5560000)
  from space 21824K, 100% used [0x00000007a6ab0000, 0x00000007a8000000, 0x00000007a8000000)
  to   space 21824K,   0% used [0x00000007a5560000, 0x00000007a5560000, 0x00000007a6ab0000)
 concurrent mark-sweep generation total 393216K, used 139773K [0x00000007a8000000, 0x00000007c0000000, 0x00000007c0000000)
 Metaspace       used 36171K, capacity 36808K, committed 37136K, reserved 1081344K
  class space    used 4113K, capacity 4279K, committed 4372K, reserved 1048576K
}
2016-10-23T18:05:50.174+0800: 115.179: Total time for which application threads were stopped: 0.0089288 seconds, Stopping threads took: 0.0000849 seconds
{Heap before GC invocations=527 (full 10):
 par new generation   total 109248K, used 109248K [0x00000007a0000000, 0x00000007a8000000, 0x00000007a8000000)
  eden space 87424K, 100% used [0x00000007a0000000, 0x00000007a5560000, 0x00000007a5560000)
  from space 21824K, 100% used [0x00000007a6ab0000, 0x00000007a8000000, 0x00000007a8000000)
  to   space 21824K,   0% used [0x00000007a5560000, 0x00000007a5560000, 0x00000007a6ab0000)
 concurrent mark-sweep generation total 393216K, used 139773K [0x00000007a8000000, 0x00000007c0000000, 0x00000007c0000000)
 Metaspace       used 36171K, capacity 36808K, committed 37136K, reserved 1081344K
  class space    used 4113K, capacity 4279K, committed 4372K, reserved 1048576K
2016-10-23T18:05:50.274+0800: 115.279: [GC (Allocation Failure) 2016-10-23T18:05:50.274+0800: 115.279: [ParNew
Desired survivor size 20112992 bytes, new threshold 8 (max 8)
- age   1:    5630000 bytes,    5630000 total
- age   2:    1441848 bytes,    7071848 total
- age   3:     805320 bytes,    7877168 total
- age   4:     143632 bytes,    8020800 total
- age   5:     827400 bytes,    8848200 total
- age   6:    5021792 bytes,   13869992 total
- age   7:    3220528 bytes,   17090520 total
- age   8:    1892472 bytes,   18982992 total
: 109248K->21824K(109248K), 0.0073181 secs] 249021K->165778K(502464K), 0.0073632 secs] [Times: user=0.02 sys=0.00, real=0.01 secs] 
Heap after GC invocations=528 (full 10):
 par new generation   total 109248K, used 21824K [0x00000007a0000000, 0x00000007a8000000, 0x00000007a8000000)
  eden space 87424K,   0% used [0x00000007a0000000, 0x00000007a0000000, 0x00000007a5560000)
  from space 21824K, 100% used [0x00000007a5560000, 0x00000007a6ab0000, 0x00000007a6ab0000)
  to   space 21824K,   0% used [0x00000007a6ab0000, 0x00000007a6ab0000, 0x00000007a8000000)
 concurrent mark-sweep generation total 393216K, used 143954K [0x00000007a8000000, 0x00000007c0000000, 0x00000007c0000000)
 Metaspace       used 36171K, capacity 36808K, committed 37136K, reserved 1081344K
  class space    used 4113K, capacity 4279K, committed 4372K, reserved 1048576K
}
2016-10-23T18:05:50.282+0800: 115.287: Total time for which application threads were stopped: 0.0076134 seconds, Stopping threads took: 0.0000800 seconds
{Heap before GC invocations=528 (full 10):
 par new generation   total 109248K, used 109248K [0x00000007a0000000, 0x00000007a8000000, 0x00000007a8000000)
  eden space 87424K, 100% used [0x00000007a0000000, 0x00000007a5560000, 0x00000007a5560000)
  from space 21824K, 100% used [0x00000007a5560000, 0x00000007a6ab0000, 0x00000007a6ab0000)
  to   space 21824K,   0% used [0x00000007a6ab0000, 0x00000007a6ab0000, 0x00000007a8000000)
 concurrent mark-sweep generation total 393216K, used 143954K [0x00000007a8000000, 0x00000007c0000000, 0x00000007c0000000)
 Metaspace       used 36171K, capacity 36808K, committed 37136K, reserved 1081344K
  class space    used 4113K, capacity 4279K, committed 4372K, reserved 1048576K
2016-10-23T18:05:50.349+0800: 115.354: [GC (Allocation Failure) 2016-10-23T18:05:50.349+0800: 115.354: [ParNew
Desired survivor size 20112992 bytes, new threshold 8 (max 8)
- age   1:    4745728 bytes,    4745728 total
- age   2:    2889544 bytes,    7635272 total
- age   3:    1378368 bytes,    9013640 total
- age   4:     795976 bytes,    9809616 total
- age   5:     142736 bytes,    9952352 total
- age   6:     824464 bytes,   10776816 total
- age   7:    5020744 bytes,   15797560 total
- age   8:    3219528 bytes,   19017088 total
: 109248K->21824K(109248K), 0.0068284 secs] 253202K->167827K(502464K), 0.0068943 secs] [Times: user=0.02 sys=0.00, real=0.01 secs] 
Heap after GC invocations=529 (full 10):
 par new generation   total 109248K, used 21824K [0x00000007a0000000, 0x00000007a8000000, 0x00000007a8000000)
  eden space 87424K,   0% used [0x00000007a0000000, 0x00000007a0000000, 0x00000007a5560000)
  from space 21824K, 100% used [0x00000007a6ab0000, 0x00000007a8000000, 0x00000007a8000000)
  to   space 21824K,   0% used [0x00000007a5560000, 0x00000007a5560000, 0x00000007a6ab0000)
 concurrent mark-sweep generation total 393216K, used 146003K [0x00000007a8000000, 0x00000007c0000000, 0x00000007c0000000)
 Metaspace       used 36171K, capacity 36808K, committed 37136K, reserved 1081344K
  class space    used 4113K, capacity 4279K, committed 4372K, reserved 1048576K
}
2016-10-23T18:05:50.356+0800: 115.361: Total time for which application threads were stopped: 0.0071601 seconds, Stopping threads took: 0.0000842 seconds
{Heap before GC invocations=529 (full 10):
 par new generation   total 109248K, used 109246K [0x00000007a0000000, 0x00000007a8000000, 0x00000007a8000000)
  eden space 87424K,  99% used [0x00000007a0000000, 0x00000007a555fb18, 0x00000007a5560000)
  from space 21824K, 100% used [0x00000007a6ab0000, 0x00000007a8000000, 0x00000007a8000000)
  to   space 21824K,   0% used [0x00000007a5560000, 0x00000007a5560000, 0x00000007a6ab0000)
 concurrent mark-sweep generation total 393216K, used 146003K [0x00000007a8000000, 0x00000007c0000000, 0x00000007c0000000)
 Metaspace       used 36171K, capacity 36808K, committed 37136K, reserved 1081344K
  class space    used 4113K, capacity 4279K, committed 4372K, reserved 1048576K
2016-10-23T18:05:50.440+0800: 115.445: [GC (Allocation Failure) 2016-10-23T18:05:50.440+0800: 115.445: [ParNew
Desired survivor size 20112992 bytes, new threshold 8 (max 8)
- age   1:    6130136 bytes,    6130136 total
- age   2:    1704824 bytes,    7834960 total
- age   3:    2779448 bytes,   10614408 total
- age   4:    1327456 bytes,   11941864 total
- age   5:     766768 bytes,   12708632 total
- age   6:     138576 bytes,   12847208 total
- age   7:     813712 bytes,   13660920 total
- age   8:    5020624 bytes,   18681544 total
: 109246K->21824K(109248K), 0.0077893 secs] 255250K->171113K(502464K), 0.0078617 secs] [Times: user=0.02 sys=0.01, real=0.00 secs] 
Heap after GC invocations=530 (full 10):
 par new generation   total 109248K, used 21824K [0x00000007a0000000, 0x00000007a8000000, 0x00000007a8000000)
  eden space 87424K,   0% used [0x00000007a0000000, 0x00000007a0000000, 0x00000007a5560000)
  from space 21824K, 100% used [0x00000007a5560000, 0x00000007a6ab0000, 0x00000007a6ab0000)
  to   space 21824K,   0% used [0x00000007a6ab0000, 0x00000007a6ab0000, 0x00000007a8000000)
 concurrent mark-sweep generation total 393216K, used 149289K [0x00000007a8000000, 0x00000007c0000000, 0x00000007c0000000)
 Metaspace       used 36171K, capacity 36808K, committed 37136K, reserved 1081344K
  class space    used 4113K, capacity 4279K, committed 4372K, reserved 1048576K
}
2016-10-23T18:05:50.448+0800: 115.453: Total time for which application threads were stopped: 0.0081174 seconds, Stopping threads took: 0.0000477 seconds
{Heap before GC invocations=530 (full 10):
 par new generation   total 109248K, used 109248K [0x00000007a0000000, 0x00000007a8000000, 0x00000007a8000000)
  eden space 87424K, 100% used [0x00000007a0000000, 0x00000007a5560000, 0x00000007a5560000)
  from space 21824K, 100% used [0x00000007a5560000, 0x00000007a6ab0000, 0x00000007a6ab0000)
  to   space 21824K,   0% used [0x00000007a6ab0000, 0x00000007a6ab0000, 0x00000007a8000000)
 concurrent mark-sweep generation total 393216K, used 149289K [0x00000007a8000000, 0x00000007c0000000, 0x00000007c0000000)
 Metaspace       used 36171K, capacity 36808K, committed 37136K, reserved 1081344K
  class space    used 4113K, capacity 4279K, committed 4372K, reserved 1048576K
2016-10-23T18:05:50.516+0800: 115.521: [GC (Allocation Failure) 2016-10-23T18:05:50.516+0800: 115.521: [ParNew
Desired survivor size 20112992 bytes, new threshold 8 (max 8)
- age   1:    5264920 bytes,    5264920 total
- age   2:    3295656 bytes,    8560576 total
- age   3:    1650192 bytes,   10210768 total
- age   4:    2575304 bytes,   12786072 total
- age   5:    1261264 bytes,   14047336 total
- age   6:     766288 bytes,   14813624 total
- age   7:     138384 bytes,   14952008 total
- age   8:     813712 bytes,   15765720 total
: 109248K->21824K(109248K), 0.0073780 secs] 258537K->176026K(502464K), 0.0074345 secs] [Times: user=0.02 sys=0.00, real=0.01 secs] 
Heap after GC invocations=531 (full 10):
 par new generation   total 109248K, used 21824K [0x00000007a0000000, 0x00000007a8000000, 0x00000007a8000000)
  eden space 87424K,   0% used [0x00000007a0000000, 0x00000007a0000000, 0x00000007a5560000)
  from space 21824K, 100% used [0x00000007a6ab0000, 0x00000007a8000000, 0x00000007a8000000)
  to   space 21824K,   0% used [0x00000007a5560000, 0x00000007a5560000, 0x00000007a6ab0000)
 concurrent mark-sweep generation total 393216K, used 154202K [0x00000007a8000000, 0x00000007c0000000, 0x00000007c0000000)
 Metaspace       used 36171K, capacity 36808K, committed 37136K, reserved 1081344K
  class space    used 4113K, capacity 4279K, committed 4372K, reserved 1048576K
}
2016-10-23T18:05:50.524+0800: 115.529: Total time for which application threads were stopped: 0.0076686 seconds, Stopping threads took: 0.0000640 seconds
{Heap before GC invocations=531 (full 10):
 par new generation   total 109248K, used 109248K [0x00000007a0000000, 0x00000007a8000000, 0x00000007a8000000)
  eden space 87424K, 100% used [0x00000007a0000000, 0x00000007a5560000, 0x00000007a5560000)
  from space 21824K, 100% used [0x00000007a6ab0000, 0x00000007a8000000, 0x00000007a8000000)
  to   space 21824K,   0% used [0x00000007a5560000, 0x00000007a5560000, 0x00000007a6ab0000)
 concurrent mark-sweep generation total 393216K, used 154202K [0x00000007a8000000, 0x00000007c0000000, 0x00000007c0000000)
 Metaspace       used 36171K, capacity 36808K, committed 37136K, reserved 1081344K
  class space    used 4113K, capacity 4279K, committed 4372K, reserved 1048576K
2016-10-23T18:05:50.602+0800: 115.607: [GC (Allocation Failure) 2016-10-23T18:05:50.602+0800: 115.607: [ParNew
Desired survivor size 20112992 bytes, new threshold 8 (max 8)
- age   1:    4565768 bytes,    4565768 total
- age   2:    3430448 bytes,    7996216 total
- age   3:    2446784 bytes,   10443000 total
- age   4:    1647864 bytes,   12090864 total
- age   5:    2534936 bytes,   14625800 total
- age   6:    1259000 bytes,   15884800 total
- age   7:     766288 bytes,   16651088 total
- age   8:     138384 bytes,   16789472 total
: 109248K->20709K(109248K), 0.0083062 secs] 263450K->175713K(502464K), 0.0083870 secs] [Times: user=0.03 sys=0.01, real=0.01 secs] 
Heap after GC invocations=532 (full 10):
 par new generation   total 109248K, used 20709K [0x00000007a0000000, 0x00000007a8000000, 0x00000007a8000000)
  eden space 87424K,   0% used [0x00000007a0000000, 0x00000007a0000000, 0x00000007a5560000)
  from space 21824K,  94% used [0x00000007a5560000, 0x00000007a6999600, 0x00000007a6ab0000)
  to   space 21824K,   0% used [0x00000007a6ab0000, 0x00000007a6ab0000, 0x00000007a8000000)
 concurrent mark-sweep generation total 393216K, used 155003K [0x00000007a8000000, 0x00000007c0000000, 0x00000007c0000000)
 Metaspace       used 36171K, capacity 36808K, committed 37136K, reserved 1081344K
  class space    used 4113K, capacity 4279K, committed 4372K, reserved 1048576K
}
2016-10-23T18:05:50.610+0800: 115.615: Total time for which application threads were stopped: 0.0086468 seconds, Stopping threads took: 0.0000762 seconds
{Heap before GC invocations=532 (full 10):
 par new generation   total 109248K, used 108133K [0x00000007a0000000, 0x00000007a8000000, 0x00000007a8000000)
  eden space 87424K, 100% used [0x00000007a0000000, 0x00000007a5560000, 0x00000007a5560000)
  from space 21824K,  94% used [0x00000007a5560000, 0x00000007a6999600, 0x00000007a6ab0000)
  to   space 21824K,   0% used [0x00000007a6ab0000, 0x00000007a6ab0000, 0x00000007a8000000)
 concurrent mark-sweep generation total 393216K, used 155003K [0x00000007a8000000, 0x00000007c0000000, 0x00000007c0000000)
 Metaspace       used 36171K, capacity 36808K, committed 37136K, reserved 1081344K
  class space    used 4113K, capacity 4279K, committed 4372K, reserved 1048576K
2016-10-23T18:05:50.656+0800: 115.661: [GC (Allocation Failure) 2016-10-23T18:05:50.656+0800: 115.661: [ParNew
Desired survivor size 20112992 bytes, new threshold 8 (max 8)
- age   1:    6983440 bytes,    6983440 total
- age   2:    2302280 bytes,    9285720 total
- age   3:    1967720 bytes,   11253440 total
- age   4:    2271976 bytes,   13525416 total
- age   5:    1448368 bytes,   14973784 total
- age   6:    1776392 bytes,   16750176 total
- age   7:     826888 bytes,   17577064 total
- age   8:     662200 bytes,   18239264 total
: 108133K->21824K(109248K), 0.0067133 secs] 263137K->177960K(502464K), 0.0067739 secs] [Times: user=0.03 sys=0.00, real=0.01 secs] 
Heap after GC invocations=533 (full 10):
 par new generation   total 109248K, used 21824K [0x00000007a0000000, 0x00000007a8000000, 0x00000007a8000000)
  eden space 87424K,   0% used [0x00000007a0000000, 0x00000007a0000000, 0x00000007a5560000)
  from space 21824K, 100% used [0x00000007a6ab0000, 0x00000007a8000000, 0x00000007a8000000)
  to   space 21824K,   0% used [0x00000007a5560000, 0x00000007a5560000, 0x00000007a6ab0000)
 concurrent mark-sweep generation total 393216K, used 156136K [0x00000007a8000000, 0x00000007c0000000, 0x00000007c0000000)
 Metaspace       used 36171K, capacity 36808K, committed 37136K, reserved 1081344K
  class space    used 4113K, capacity 4279K, committed 4372K, reserved 1048576K
}
2016-10-23T18:05:50.663+0800: 115.668: Total time for which application threads were stopped: 0.0070770 seconds, Stopping threads took: 0.0001019 seconds
{Heap before GC invocations=533 (full 10):
 par new generation   total 109248K, used 109248K [0x00000007a0000000, 0x00000007a8000000, 0x00000007a8000000)
  eden space 87424K, 100% used [0x00000007a0000000, 0x00000007a5560000, 0x00000007a5560000)
  from space 21824K, 100% used [0x00000007a6ab0000, 0x00000007a8000000, 0x00000007a8000000)
  to   space 21824K,   0% used [0x00000007a5560000, 0x00000007a5560000, 0x00000007a6ab0000)
 concurrent mark-sweep generation total 393216K, used 156136K [0x00000007a8000000, 0x00000007c0000000, 0x00000007c0000000)
 Metaspace       used 36171K, capacity 36808K, committed 37136K, reserved 1081344K
  class space    used 4113K, capacity 4279K, committed 4372K, reserved 1048576K
2016-10-23T18:05:50.728+0800: 115.733: [GC (Allocation Failure) 2016-10-23T18:05:50.728+0800: 115.733: [ParNew
Desired survivor size 20112992 bytes, new threshold 8 (max 8)
- age   1:    3518584 bytes,    3518584 total
- age   2:    5462080 bytes,    8980664 total
- age   3:    1509664 bytes,   10490328 total
- age   4:    1828576 bytes,   12318904 total
- age   5:    2211928 bytes,   14530832 total
- age   6:    1362280 bytes,   15893112 total
- age   7:    1537112 bytes,   17430224 total
- age   8:     743608 bytes,   18173832 total
: 109248K->21824K(109248K), 0.0068593 secs] 265384K->179311K(502464K), 0.0069421 secs] [Times: user=0.02 sys=0.00, real=0.01 secs] 
Heap after GC invocations=534 (full 10):
 par new generation   total 109248K, used 21824K [0x00000007a0000000, 0x00000007a8000000, 0x00000007a8000000)
  eden space 87424K,   0% used [0x00000007a0000000, 0x00000007a0000000, 0x00000007a5560000)
  from space 21824K, 100% used [0x00000007a5560000, 0x00000007a6ab0000, 0x00000007a6ab0000)
  to   space 21824K,   0% used [0x00000007a6ab0000, 0x00000007a6ab0000, 0x00000007a8000000)
 concurrent mark-sweep generation total 393216K, used 157487K [0x00000007a8000000, 0x00000007c0000000, 0x00000007c0000000)
 Metaspace       used 36171K, capacity 36808K, committed 37136K, reserved 1081344K
  class space    used 4113K, capacity 4279K, committed 4372K, reserved 1048576K
}
2016-10-23T18:05:50.735+0800: 115.740: Total time for which application threads were stopped: 0.0072063 seconds, Stopping threads took: 0.0000902 seconds
{Heap before GC invocations=534 (full 10):
 par new generation   total 109248K, used 109248K [0x00000007a0000000, 0x00000007a8000000, 0x00000007a8000000)
  eden space 87424K, 100% used [0x00000007a0000000, 0x00000007a5560000, 0x00000007a5560000)
  from space 21824K, 100% used [0x00000007a5560000, 0x00000007a6ab0000, 0x00000007a6ab0000)
  to   space 21824K,   0% used [0x00000007a6ab0000, 0x00000007a6ab0000, 0x00000007a8000000)
 concurrent mark-sweep generation total 393216K, used 157487K [0x00000007a8000000, 0x00000007c0000000, 0x00000007c0000000)
 Metaspace       used 36172K, capacity 36808K, committed 37136K, reserved 1081344K
  class space    used 4113K, capacity 4279K, committed 4372K, reserved 1048576K
2016-10-23T18:05:50.827+0800: 115.832: [GC (Allocation Failure) 2016-10-23T18:05:50.828+0800: 115.832: [ParNew
Desired survivor size 20112992 bytes, new threshold 8 (max 8)
- age   1:    5539904 bytes,    5539904 total
- age   2:    2949752 bytes,    8489656 total
- age   3:    2436312 bytes,   10925968 total
- age   4:    1331976 bytes,   12257944 total
- age   5:    1607352 bytes,   13865296 total
- age   6:    2026216 bytes,   15891512 total
- age   7:    1268960 bytes,   17160472 total
- age   8:    1392496 bytes,   18552968 total
: 109248K->21824K(109248K), 0.0069148 secs] 266735K->184180K(502464K), 0.0069813 secs] [Times: user=0.02 sys=0.00, real=0.01 secs] 
Heap after GC invocations=535 (full 10):
 par new generation   total 109248K, used 21824K [0x00000007a0000000, 0x00000007a8000000, 0x00000007a8000000)
  eden space 87424K,   0% used [0x00000007a0000000, 0x00000007a0000000, 0x00000007a5560000)
  from space 21824K, 100% used [0x00000007a6ab0000, 0x00000007a8000000, 0x00000007a8000000)
  to   space 21824K,   0% used [0x00000007a5560000, 0x00000007a5560000, 0x00000007a6ab0000)
 concurrent mark-sweep generation total 393216K, used 162356K [0x00000007a8000000, 0x00000007c0000000, 0x00000007c0000000)
 Metaspace       used 36172K, capacity 36808K, committed 37136K, reserved 1081344K
  class space    used 4113K, capacity 4279K, committed 4372K, reserved 1048576K
}
2016-10-23T18:05:50.835+0800: 115.839: Total time for which application threads were stopped: 0.0072784 seconds, Stopping threads took: 0.0001180 seconds
{Heap before GC invocations=535 (full 10):
 par new generation   total 109248K, used 109248K [0x00000007a0000000, 0x00000007a8000000, 0x00000007a8000000)
  eden space 87424K, 100% used [0x00000007a0000000, 0x00000007a5560000, 0x00000007a5560000)
  from space 21824K, 100% used [0x00000007a6ab0000, 0x00000007a8000000, 0x00000007a8000000)
  to   space 21824K,   0% used [0x00000007a5560000, 0x00000007a5560000, 0x00000007a6ab0000)
 concurrent mark-sweep generation total 393216K, used 162356K [0x00000007a8000000, 0x00000007c0000000, 0x00000007c0000000)
 Metaspace       used 36172K, capacity 36808K, committed 37136K, reserved 1081344K
  class space    used 4113K, capacity 4279K, committed 4372K, reserved 1048576K
2016-10-23T18:05:50.907+0800: 115.912: [GC (Allocation Failure) 2016-10-23T18:05:50.907+0800: 115.912: [ParNew
Desired survivor size 20112992 bytes, new threshold 8 (max 8)
- age   1:    1403096 bytes,    1403096 total
- age   2:    5309112 bytes,    6712208 total
- age   3:    2337536 bytes,    9049744 total
- age   4:    2382456 bytes,   11432200 total
- age   5:    1346352 bytes,   12778552 total
- age   6:    1525192 bytes,   14303744 total
- age   7:    1909920 bytes,   16213664 total
- age   8:    1255032 bytes,   17468696 total
: 109248K->21824K(109248K), 0.0064292 secs] 271604K->186851K(502464K), 0.0065042 secs] [Times: user=0.03 sys=0.01, real=0.01 secs] 
Heap after GC invocations=536 (full 10):
 par new generation   total 109248K, used 21824K [0x00000007a0000000, 0x00000007a8000000, 0x00000007a8000000)
  eden space 87424K,   0% used [0x00000007a0000000, 0x00000007a0000000, 0x00000007a5560000)
  from space 21824K, 100% used [0x00000007a5560000, 0x00000007a6ab0000, 0x00000007a6ab0000)
  to   space 21824K,   0% used [0x00000007a6ab0000, 0x00000007a6ab0000, 0x00000007a8000000)
 concurrent mark-sweep generation total 393216K, used 165027K [0x00000007a8000000, 0x00000007c0000000, 0x00000007c0000000)
 Metaspace       used 36172K, capacity 36808K, committed 37136K, reserved 1081344K
  class space    used 4113K, capacity 4279K, committed 4372K, reserved 1048576K
}
2016-10-23T18:05:50.913+0800: 115.918: Total time for which application threads were stopped: 0.0067759 seconds, Stopping threads took: 0.0001046 seconds
{Heap before GC invocations=536 (full 10):
 par new generation   total 109248K, used 109248K [0x00000007a0000000, 0x00000007a8000000, 0x00000007a8000000)
  eden space 87424K, 100% used [0x00000007a0000000, 0x00000007a5560000, 0x00000007a5560000)
  from space 21824K, 100% used [0x00000007a5560000, 0x00000007a6ab0000, 0x00000007a6ab0000)
  to   space 21824K,   0% used [0x00000007a6ab0000, 0x00000007a6ab0000, 0x00000007a8000000)
 concurrent mark-sweep generation total 393216K, used 165027K [0x00000007a8000000, 0x00000007c0000000, 0x00000007c0000000)
 Metaspace       used 36172K, capacity 36808K, committed 37136K, reserved 1081344K
  class space    used 4113K, capacity 4279K, committed 4372K, reserved 1048576K
2016-10-23T18:05:50.959+0800: 115.964: [GC (Allocation Failure) 2016-10-23T18:05:50.959+0800: 115.964: [ParNew
Desired survivor size 20112992 bytes, new threshold 8 (max 8)
- age   1:    1563472 bytes,    1563472 total
- age   2:     743352 bytes,    2306824 total
- age   3:    5299264 bytes,    7606088 total
- age   4:    2163664 bytes,    9769752 total
- age   5:    2149656 bytes,   11919408 total
- age   6:     946608 bytes,   12866016 total
- age   7:    1256352 bytes,   14122368 total
- age   8:    1510224 bytes,   15632592 total
: 109248K->21824K(109248K), 0.0062266 secs] 274275K->189511K(502464K), 0.0062719 secs] [Times: user=0.02 sys=0.00, real=0.01 secs] 
Heap after GC invocations=537 (full 10):
 par new generation   total 109248K, used 21824K [0x00000007a0000000, 0x00000007a8000000, 0x00000007a8000000)
  eden space 87424K,   0% used [0x00000007a0000000, 0x00000007a0000000, 0x00000007a5560000)
  from space 21824K, 100% used [0x00000007a6ab0000, 0x00000007a8000000, 0x00000007a8000000)
  to   space 21824K,   0% used [0x00000007a5560000, 0x00000007a5560000, 0x00000007a6ab0000)
 concurrent mark-sweep generation total 393216K, used 167687K [0x00000007a8000000, 0x00000007c0000000, 0x00000007c0000000)
 Metaspace       used 36172K, capacity 36808K, committed 37136K, reserved 1081344K
  class space    used 4113K, capacity 4279K, committed 4372K, reserved 1048576K
}
2016-10-23T18:05:50.965+0800: 115.970: Total time for which application threads were stopped: 0.0065303 seconds, Stopping threads took: 0.0000789 seconds
{Heap before GC invocations=537 (full 10):
 par new generation   total 109248K, used 109248K [0x00000007a0000000, 0x00000007a8000000, 0x00000007a8000000)
  eden space 87424K, 100% used [0x00000007a0000000, 0x00000007a5560000, 0x00000007a5560000)
  from space 21824K, 100% used [0x00000007a6ab0000, 0x00000007a8000000, 0x00000007a8000000)
  to   space 21824K,   0% used [0x00000007a5560000, 0x00000007a5560000, 0x00000007a6ab0000)
 concurrent mark-sweep generation total 393216K, used 167687K [0x00000007a8000000, 0x00000007c0000000, 0x00000007c0000000)
 Metaspace       used 36172K, capacity 36808K, committed 37136K, reserved 1081344K
  class space    used 4113K, capacity 4279K, committed 4372K, reserved 1048576K
2016-10-23T18:05:51.010+0800: 116.015: [GC (Allocation Failure) 2016-10-23T18:05:51.010+0800: 116.015: [ParNew
Desired survivor size 20112992 bytes, new threshold 8 (max 8)
- age   1:    1962912 bytes,    1962912 total
- age   2:     667488 bytes,    2630400 total
- age   3:     667184 bytes,    3297584 total
- age   4:    5259544 bytes,    8557128 total
- age   5:    2114944 bytes,   10672072 total
- age   6:    2118840 bytes,   12790912 total
- age   7:     888144 bytes,   13679056 total
- age   8:    1205376 bytes,   14884432 total
: 109248K->20082K(109248K), 0.0057078 secs] 276935K->189185K(502464K), 0.0057539 secs] [Times: user=0.01 sys=0.01, real=0.00 secs] 
Heap after GC invocations=538 (full 10):
 par new generation   total 109248K, used 20082K [0x00000007a0000000, 0x00000007a8000000, 0x00000007a8000000)
  eden space 87424K,   0% used [0x00000007a0000000, 0x00000007a0000000, 0x00000007a5560000)
  from space 21824K,  92% used [0x00000007a5560000, 0x00000007a68fc940, 0x00000007a6ab0000)
  to   space 21824K,   0% used [0x00000007a6ab0000, 0x00000007a6ab0000, 0x00000007a8000000)
 concurrent mark-sweep generation total 393216K, used 169103K [0x00000007a8000000, 0x00000007c0000000, 0x00000007c0000000)
 Metaspace       used 36172K, capacity 36808K, committed 37136K, reserved 1081344K
  class space    used 4113K, capacity 4279K, committed 4372K, reserved 1048576K
}
2016-10-23T18:05:51.016+0800: 116.021: Total time for which application threads were stopped: 0.0059782 seconds, Stopping threads took: 0.0000722 seconds
{Heap before GC invocations=538 (full 10):
 par new generation   total 109248K, used 107506K [0x00000007a0000000, 0x00000007a8000000, 0x00000007a8000000)
  eden space 87424K, 100% used [0x00000007a0000000, 0x00000007a5560000, 0x00000007a5560000)
  from space 21824K,  92% used [0x00000007a5560000, 0x00000007a68fc940, 0x00000007a6ab0000)
  to   space 21824K,   0% used [0x00000007a6ab0000, 0x00000007a6ab0000, 0x00000007a8000000)
 concurrent mark-sweep generation total 393216K, used 169103K [0x00000007a8000000, 0x00000007c0000000, 0x00000007c0000000)
 Metaspace       used 36172K, capacity 36808K, committed 37136K, reserved 1081344K
  class space    used 4113K, capacity 4279K, committed 4372K, reserved 1048576K
2016-10-23T18:05:51.068+0800: 116.073: [GC (Allocation Failure) 2016-10-23T18:05:51.068+0800: 116.073: [ParNew
Desired survivor size 20112992 bytes, new threshold 8 (max 8)
- age   1:    2231504 bytes,    2231504 total
- age   2:     818200 bytes,    3049704 total
- age   3:     608184 bytes,    3657888 total
- age   4:     647896 bytes,    4305784 total
- age   5:    5220160 bytes,    9525944 total
- age   6:    2106144 bytes,   11632088 total
- age   7:    2112568 bytes,   13744656 total
- age   8:     877720 bytes,   14622376 total
: 107506K->17912K(109248K), 0.0064345 secs] 276609K->188185K(502464K), 0.0064869 secs] [Times: user=0.02 sys=0.00, real=0.01 secs] 
Heap after GC invocations=539 (full 10):
 par new generation   total 109248K, used 17912K [0x00000007a0000000, 0x00000007a8000000, 0x00000007a8000000)
  eden space 87424K,   0% used [0x00000007a0000000, 0x00000007a0000000, 0x00000007a5560000)
  from space 21824K,  82% used [0x00000007a6ab0000, 0x00000007a7c2e220, 0x00000007a8000000)
  to   space 21824K,   0% used [0x00000007a5560000, 0x00000007a5560000, 0x00000007a6ab0000)
 concurrent mark-sweep generation total 393216K, used 170272K [0x00000007a8000000, 0x00000007c0000000, 0x00000007c0000000)
 Metaspace       used 36172K, capacity 36808K, committed 37136K, reserved 1081344K
  class space    used 4113K, capacity 4279K, committed 4372K, reserved 1048576K
}
2016-10-23T18:05:51.075+0800: 116.080: Total time for which application threads were stopped: 0.0067124 seconds, Stopping threads took: 0.0000725 seconds
{Heap before GC invocations=539 (full 10):
 par new generation   total 109248K, used 105336K [0x00000007a0000000, 0x00000007a8000000, 0x00000007a8000000)
  eden space 87424K, 100% used [0x00000007a0000000, 0x00000007a5560000, 0x00000007a5560000)
  from space 21824K,  82% used [0x00000007a6ab0000, 0x00000007a7c2e220, 0x00000007a8000000)
  to   space 21824K,   0% used [0x00000007a5560000, 0x00000007a5560000, 0x00000007a6ab0000)
 concurrent mark-sweep generation total 393216K, used 170272K [0x00000007a8000000, 0x00000007c0000000, 0x00000007c0000000)
 Metaspace       used 36172K, capacity 36808K, committed 37136K, reserved 1081344K
  class space    used 4113K, capacity 4279K, committed 4372K, reserved 1048576K
2016-10-23T18:05:51.128+0800: 116.133: [GC (Allocation Failure) 2016-10-23T18:05:51.128+0800: 116.133: [ParNew
Desired survivor size 20112992 bytes, new threshold 8 (max 8)
- age   1:    3022800 bytes,    3022800 total
- age   2:    1167832 bytes,    4190632 total
- age   3:     790312 bytes,    4980944 total
- age   4:     540432 bytes,    5521376 total
- age   5:     648136 bytes,    6169512 total
- age   6:    5219536 bytes,   11389048 total
- age   7:    2106144 bytes,   13495192 total
- age   8:    2112568 bytes,   15607760 total
: 105336K->21824K(109248K), 0.0049924 secs] 275609K->192956K(502464K), 0.0050836 secs] [Times: user=0.01 sys=0.00, real=0.01 secs] 
Heap after GC invocations=540 (full 10):
 par new generation   total 109248K, used 21824K [0x00000007a0000000, 0x00000007a8000000, 0x00000007a8000000)
  eden space 87424K,   0% used [0x00000007a0000000, 0x00000007a0000000, 0x00000007a5560000)
  from space 21824K, 100% used [0x00000007a5560000, 0x00000007a6ab0000, 0x00000007a6ab0000)
  to   space 21824K,   0% used [0x00000007a6ab0000, 0x00000007a6ab0000, 0x00000007a8000000)
 concurrent mark-sweep generation total 393216K, used 171132K [0x00000007a8000000, 0x00000007c0000000, 0x00000007c0000000)
 Metaspace       used 36172K, capacity 36808K, committed 37136K, reserved 1081344K
  class space    used 4113K, capacity 4279K, committed 4372K, reserved 1048576K
}
2016-10-23T18:05:51.134+0800: 116.138: Total time for which application threads were stopped: 0.0053081 seconds, Stopping threads took: 0.0000761 seconds
{Heap before GC invocations=540 (full 10):
 par new generation   total 109248K, used 109248K [0x00000007a0000000, 0x00000007a8000000, 0x00000007a8000000)
  eden space 87424K, 100% used [0x00000007a0000000, 0x00000007a5560000, 0x00000007a5560000)
  from space 21824K, 100% used [0x00000007a5560000, 0x00000007a6ab0000, 0x00000007a6ab0000)
  to   space 21824K,   0% used [0x00000007a6ab0000, 0x00000007a6ab0000, 0x00000007a8000000)
 concurrent mark-sweep generation total 393216K, used 171132K [0x00000007a8000000, 0x00000007c0000000, 0x00000007c0000000)
 Metaspace       used 36172K, capacity 36808K, committed 37136K, reserved 1081344K
  class space    used 4113K, capacity 4279K, committed 4372K, reserved 1048576K
2016-10-23T18:05:51.219+0800: 116.224: [GC (Allocation Failure) 2016-10-23T18:05:51.219+0800: 116.224: [ParNew
Desired survivor size 20112992 bytes, new threshold 8 (max 8)
- age   1:    4472024 bytes,    4472024 total
- age   2:    1394888 bytes,    5866912 total
- age   3:    1098704 bytes,    6965616 total
- age   4:     628248 bytes,    7593864 total
- age   5:     435888 bytes,    8029752 total
- age   6:     634640 bytes,    8664392 total
- age   7:    5219472 bytes,   13883864 total
- age   8:    2106112 bytes,   15989976 total
: 109248K->19570K(109248K), 0.0061559 secs] 280380K->192768K(502464K), 0.0062218 secs] [Times: user=0.03 sys=0.00, real=0.01 secs] 
Heap after GC invocations=541 (full 10):
 par new generation   total 109248K, used 19570K [0x00000007a0000000, 0x00000007a8000000, 0x00000007a8000000)
  eden space 87424K,   0% used [0x00000007a0000000, 0x00000007a0000000, 0x00000007a5560000)
  from space 21824K,  89% used [0x00000007a6ab0000, 0x00000007a7dcca90, 0x00000007a8000000)
  to   space 21824K,   0% used [0x00000007a5560000, 0x00000007a5560000, 0x00000007a6ab0000)
 concurrent mark-sweep generation total 393216K, used 173197K [0x00000007a8000000, 0x00000007c0000000, 0x00000007c0000000)
 Metaspace       used 36172K, capacity 36808K, committed 37136K, reserved 1081344K
  class space    used 4113K, capacity 4279K, committed 4372K, reserved 1048576K
}
2016-10-23T18:05:51.225+0800: 116.230: Total time for which application threads were stopped: 0.0064772 seconds, Stopping threads took: 0.0000768 seconds
{Heap before GC invocations=541 (full 10):
 par new generation   total 109248K, used 106994K [0x00000007a0000000, 0x00000007a8000000, 0x00000007a8000000)
  eden space 87424K, 100% used [0x00000007a0000000, 0x00000007a5560000, 0x00000007a5560000)
  from space 21824K,  89% used [0x00000007a6ab0000, 0x00000007a7dcca90, 0x00000007a8000000)
  to   space 21824K,   0% used [0x00000007a5560000, 0x00000007a5560000, 0x00000007a6ab0000)
 concurrent mark-sweep generation total 393216K, used 173197K [0x00000007a8000000, 0x00000007c0000000, 0x00000007c0000000)
 Metaspace       used 36172K, capacity 36808K, committed 37136K, reserved 1081344K
  class space    used 4113K, capacity 4279K, committed 4372K, reserved 1048576K
2016-10-23T18:05:51.334+0800: 116.339: [GC (Allocation Failure) 2016-10-23T18:05:51.334+0800: 116.339: [ParNew
Desired survivor size 20112992 bytes, new threshold 8 (max 8)
- age   1:    6709752 bytes,    6709752 total
- age   2:    2182224 bytes,    8891976 total
- age   3:    1243640 bytes,   10135616 total
- age   4:     967344 bytes,   11102960 total
- age   5:     427656 bytes,   11530616 total
- age   6:     428160 bytes,   11958776 total
- age   7:     627320 bytes,   12586096 total
- age   8:    5219392 bytes,   17805488 total
: 106994K->20817K(109248K), 0.0074988 secs] 280192K->196074K(502464K), 0.0075654 secs] [Times: user=0.02 sys=0.00, real=0.01 secs] 
Heap after GC invocations=542 (full 10):
 par new generation   total 109248K, used 20817K [0x00000007a0000000, 0x00000007a8000000, 0x00000007a8000000)
  eden space 87424K,   0% used [0x00000007a0000000, 0x00000007a0000000, 0x00000007a5560000)
  from space 21824K,  95% used [0x00000007a5560000, 0x00000007a69b4550, 0x00000007a6ab0000)
  to   space 21824K,   0% used [0x00000007a6ab0000, 0x00000007a6ab0000, 0x00000007a8000000)
 concurrent mark-sweep generation total 393216K, used 175256K [0x00000007a8000000, 0x00000007c0000000, 0x00000007c0000000)
 Metaspace       used 36172K, capacity 36808K, committed 37136K, reserved 1081344K
  class space    used 4113K, capacity 4279K, committed 4372K, reserved 1048576K
}
2016-10-23T18:05:51.342+0800: 116.347: Total time for which application threads were stopped: 0.0078309 seconds, Stopping threads took: 0.0000993 seconds
{Heap before GC invocations=542 (full 10):
 par new generation   total 109248K, used 108179K [0x00000007a0000000, 0x00000007a8000000, 0x00000007a8000000)
  eden space 87424K,  99% used [0x00000007a0000000, 0x00000007a55509a0, 0x00000007a5560000)
  from space 21824K,  95% used [0x00000007a5560000, 0x00000007a69b4550, 0x00000007a6ab0000)
  to   space 21824K,   0% used [0x00000007a6ab0000, 0x00000007a6ab0000, 0x00000007a8000000)
 concurrent mark-sweep generation total 393216K, used 175256K [0x00000007a8000000, 0x00000007c0000000, 0x00000007c0000000)
 Metaspace       used 36172K, capacity 36808K, committed 37136K, reserved 1081344K
  class space    used 4113K, capacity 4279K, committed 4372K, reserved 1048576K
2016-10-23T18:05:51.443+0800: 116.448: [GC (Allocation Failure) 2016-10-23T18:05:51.443+0800: 116.448: [ParNew
Desired survivor size 20112992 bytes, new threshold 8 (max 8)
- age   1:    6532384 bytes,    6532384 total
- age   2:    3721400 bytes,   10253784 total
- age   3:    2099960 bytes,   12353744 total
- age   4:    1180296 bytes,   13534040 total
- age   5:     967152 bytes,   14501192 total
- age   6:     428160 bytes,   14929352 total
- age   7:     428568 bytes,   15357920 total
- age   8:     626168 bytes,   15984088 total
: 108179K->21824K(109248K), 0.0068420 secs] 283436K->202182K(502464K), 0.0068938 secs] [Times: user=0.02 sys=0.00, real=0.01 secs] 
Heap after GC invocations=543 (full 10):
 par new generation   total 109248K, used 21824K [0x00000007a0000000, 0x00000007a8000000, 0x00000007a8000000)
  eden space 87424K,   0% used [0x00000007a0000000, 0x00000007a0000000, 0x00000007a5560000)
  from space 21824K, 100% used [0x00000007a6ab0000, 0x00000007a8000000, 0x00000007a8000000)
  to   space 21824K,   0% used [0x00000007a5560000, 0x00000007a5560000, 0x00000007a6ab0000)
 concurrent mark-sweep generation total 393216K, used 180358K [0x00000007a8000000, 0x00000007c0000000, 0x00000007c0000000)
 Metaspace       used 36172K, capacity 36808K, committed 37136K, reserved 1081344K
  class space    used 4113K, capacity 4279K, committed 4372K, reserved 1048576K
}
2016-10-23T18:05:51.450+0800: 116.455: Total time for which application threads were stopped: 0.0071642 seconds, Stopping threads took: 0.0000958 seconds
{Heap before GC invocations=543 (full 10):
 par new generation   total 109248K, used 109248K [0x00000007a0000000, 0x00000007a8000000, 0x00000007a8000000)
  eden space 87424K, 100% used [0x00000007a0000000, 0x00000007a5560000, 0x00000007a5560000)
  from space 21824K, 100% used [0x00000007a6ab0000, 0x00000007a8000000, 0x00000007a8000000)
  to   space 21824K,   0% used [0x00000007a5560000, 0x00000007a5560000, 0x00000007a6ab0000)
 concurrent mark-sweep generation total 393216K, used 180358K [0x00000007a8000000, 0x00000007c0000000, 0x00000007c0000000)
 Metaspace       used 36172K, capacity 36808K, committed 37136K, reserved 1081344K
  class space    used 4113K, capacity 4279K, committed 4372K, reserved 1048576K
2016-10-23T18:05:51.580+0800: 116.585: [GC (Allocation Failure) 2016-10-23T18:05:51.580+0800: 116.585: [ParNew
Desired survivor size 20112992 bytes, new threshold 8 (max 8)
- age   1:    8436048 bytes,    8436048 total
- age   2:    2497768 bytes,   10933816 total
- age   3:    3094272 bytes,   14028088 total
- age   4:    1994464 bytes,   16022552 total
- age   5:    1165352 bytes,   17187904 total
- age   6:     965064 bytes,   18152968 total
- age   7:     426512 bytes,   18579480 total
- age   8:     427232 bytes,   19006712 total
: 109248K->21824K(109248K), 0.0075128 secs] 289606K->202842K(502464K), 0.0075861 secs] [Times: user=0.02 sys=0.01, real=0.00 secs] 
Heap after GC invocations=544 (full 10):
 par new generation   total 109248K, used 21824K [0x00000007a0000000, 0x00000007a8000000, 0x00000007a8000000)
  eden space 87424K,   0% used [0x00000007a0000000, 0x00000007a0000000, 0x00000007a5560000)
  from space 21824K, 100% used [0x00000007a5560000, 0x00000007a6ab0000, 0x00000007a6ab0000)
  to   space 21824K,   0% used [0x00000007a6ab0000, 0x00000007a6ab0000, 0x00000007a8000000)
 concurrent mark-sweep generation total 393216K, used 181018K [0x00000007a8000000, 0x00000007c0000000, 0x00000007c0000000)
 Metaspace       used 36172K, capacity 36808K, committed 37136K, reserved 1081344K
  class space    used 4113K, capacity 4279K, committed 4372K, reserved 1048576K
}
2016-10-23T18:05:51.587+0800: 116.592: Total time for which application threads were stopped: 0.0078566 seconds, Stopping threads took: 0.0000789 seconds
{Heap before GC invocations=544 (full 10):
 par new generation   total 109248K, used 109248K [0x00000007a0000000, 0x00000007a8000000, 0x00000007a8000000)
  eden space 87424K, 100% used [0x00000007a0000000, 0x00000007a5560000, 0x00000007a5560000)
  from space 21824K, 100% used [0x00000007a5560000, 0x00000007a6ab0000, 0x00000007a6ab0000)
  to   space 21824K,   0% used [0x00000007a6ab0000, 0x00000007a6ab0000, 0x00000007a8000000)
 concurrent mark-sweep generation total 393216K, used 181018K [0x00000007a8000000, 0x00000007c0000000, 0x00000007c0000000)
 Metaspace       used 36172K, capacity 36808K, committed 37136K, reserved 1081344K
  class space    used 4113K, capacity 4279K, committed 4372K, reserved 1048576K
2016-10-23T18:05:51.722+0800: 116.727: [GC (Allocation Failure) 2016-10-23T18:05:51.722+0800: 116.727: [ParNew
Desired survivor size 20112992 bytes, new threshold 8 (max 8)
- age   1:    7113480 bytes,    7113480 total
- age   2:    3716648 bytes,   10830128 total
- age   3:    2249600 bytes,   13079728 total
- age   4:    2358120 bytes,   15437848 total
- age   5:    1653864 bytes,   17091712 total
- age   6:    1124560 bytes,   18216272 total
- age   7:     937200 bytes,   19153472 total
- age   8:     409792 bytes,   19563264 total
: 109248K->21824K(109248K), 0.0084209 secs] 290266K->205973K(502464K), 0.0085764 secs] [Times: user=0.03 sys=0.00, real=0.01 secs] 
Heap after GC invocations=545 (full 10):
 par new generation   total 109248K, used 21824K [0x00000007a0000000, 0x00000007a8000000, 0x00000007a8000000)
  eden space 87424K,   0% used [0x00000007a0000000, 0x00000007a0000000, 0x00000007a5560000)
  from space 21824K, 100% used [0x00000007a6ab0000, 0x00000007a8000000, 0x00000007a8000000)
  to   space 21824K,   0% used [0x00000007a5560000, 0x00000007a5560000, 0x00000007a6ab0000)
 concurrent mark-sweep generation total 393216K, used 184149K [0x00000007a8000000, 0x00000007c0000000, 0x00000007c0000000)
 Metaspace       used 36172K, capacity 36808K, committed 37136K, reserved 1081344K
  class space    used 4113K, capacity 4279K, committed 4372K, reserved 1048576K
}
2016-10-23T18:05:51.730+0800: 116.735: Total time for which application threads were stopped: 0.0088986 seconds, Stopping threads took: 0.0001317 seconds
{Heap before GC invocations=545 (full 10):
 par new generation   total 109248K, used 109248K [0x00000007a0000000, 0x00000007a8000000, 0x00000007a8000000)
  eden space 87424K, 100% used [0x00000007a0000000, 0x00000007a5560000, 0x00000007a5560000)
  from space 21824K, 100% used [0x00000007a6ab0000, 0x00000007a8000000, 0x00000007a8000000)
  to   space 21824K,   0% used [0x00000007a5560000, 0x00000007a5560000, 0x00000007a6ab0000)
 concurrent mark-sweep generation total 393216K, used 184149K [0x00000007a8000000, 0x00000007c0000000, 0x00000007c0000000)
 Metaspace       used 36172K, capacity 36808K, committed 37136K, reserved 1081344K
  class space    used 4113K, capacity 4279K, committed 4372K, reserved 1048576K
2016-10-23T18:05:51.879+0800: 116.884: [GC (Allocation Failure) 2016-10-23T18:05:51.879+0800: 116.884: [ParNew
Desired survivor size 20112992 bytes, new threshold 8 (max 8)
- age   1:    5797752 bytes,    5797752 total
- age   2:    4201464 bytes,    9999216 total
- age   3:    2743840 bytes,   12743056 total
- age   4:    1577152 bytes,   14320208 total
- age   5:    1741384 bytes,   16061592 total
- age   6:    1468336 bytes,   17529928 total
- age   7:     988896 bytes,   18518824 total
- age   8:     861456 bytes,   19380280 total
: 109248K->21824K(109248K), 0.0071921 secs] 293397K->209637K(502464K), 0.0072430 secs] [Times: user=0.02 sys=0.00, real=0.01 secs] 
Heap after GC invocations=546 (full 10):
 par new generation   total 109248K, used 21824K [0x00000007a0000000, 0x00000007a8000000, 0x00000007a8000000)
  eden space 87424K,   0% used [0x00000007a0000000, 0x00000007a0000000, 0x00000007a5560000)
  from space 21824K, 100% used [0x00000007a5560000, 0x00000007a6ab0000, 0x00000007a6ab0000)
  to   space 21824K,   0% used [0x00000007a6ab0000, 0x00000007a6ab0000, 0x00000007a8000000)
 concurrent mark-sweep generation total 393216K, used 187813K [0x00000007a8000000, 0x00000007c0000000, 0x00000007c0000000)
 Metaspace       used 36172K, capacity 36808K, committed 37136K, reserved 1081344K
  class space    used 4113K, capacity 4279K, committed 4372K, reserved 1048576K
}
2016-10-23T18:05:51.887+0800: 116.891: Total time for which application threads were stopped: 0.0075178 seconds, Stopping threads took: 0.0001086 seconds
{Heap before GC invocations=546 (full 10):
 par new generation   total 109248K, used 109248K [0x00000007a0000000, 0x00000007a8000000, 0x00000007a8000000)
  eden space 87424K, 100% used [0x00000007a0000000, 0x00000007a5560000, 0x00000007a5560000)
  from space 21824K, 100% used [0x00000007a5560000, 0x00000007a6ab0000, 0x00000007a6ab0000)
  to   space 21824K,   0% used [0x00000007a6ab0000, 0x00000007a6ab0000, 0x00000007a8000000)
 concurrent mark-sweep generation total 393216K, used 187813K [0x00000007a8000000, 0x00000007c0000000, 0x00000007c0000000)
 Metaspace       used 36172K, capacity 36808K, committed 37136K, reserved 1081344K
  class space    used 4113K, capacity 4279K, committed 4372K, reserved 1048576K
2016-10-23T18:05:51.953+0800: 116.958: [GC (Allocation Failure) 2016-10-23T18:05:51.953+0800: 116.958: [ParNew
Desired survivor size 20112992 bytes, new threshold 8 (max 8)
- age   1:    1374160 bytes,    1374160 total
- age   2:    4784784 bytes,    6158944 total
- age   3:    4160600 bytes,   10319544 total
- age   4:    2693632 bytes,   13013176 total
- age   5:    1539792 bytes,   14552968 total
- age   6:    1682344 bytes,   16235312 total
- age   7:    1435632 bytes,   17670944 total
- age   8:     967184 bytes,   18638128 total
: 109248K->21824K(109248K), 0.0070923 secs] 297061K->211553K(502464K), 0.0071417 secs] [Times: user=0.02 sys=0.00, real=0.01 secs] 
Heap after GC invocations=547 (full 10):
 par new generation   total 109248K, used 21824K [0x00000007a0000000, 0x00000007a8000000, 0x00000007a8000000)
  eden space 87424K,   0% used [0x00000007a0000000, 0x00000007a0000000, 0x00000007a5560000)
  from space 21824K, 100% used [0x00000007a6ab0000, 0x00000007a8000000, 0x00000007a8000000)
  to   space 21824K,   0% used [0x00000007a5560000, 0x00000007a5560000, 0x00000007a6ab0000)
 concurrent mark-sweep generation total 393216K, used 189729K [0x00000007a8000000, 0x00000007c0000000, 0x00000007c0000000)
 Metaspace       used 36172K, capacity 36808K, committed 37136K, reserved 1081344K
  class space    used 4113K, capacity 4279K, committed 4372K, reserved 1048576K
}
2016-10-23T18:05:51.960+0800: 116.965: Total time for which application threads were stopped: 0.0073702 seconds, Stopping threads took: 0.0000716 seconds
{Heap before GC invocations=547 (full 10):
 par new generation   total 109248K, used 109248K [0x00000007a0000000, 0x00000007a8000000, 0x00000007a8000000)
  eden space 87424K, 100% used [0x00000007a0000000, 0x00000007a5560000, 0x00000007a5560000)
  from space 21824K, 100% used [0x00000007a6ab0000, 0x00000007a8000000, 0x00000007a8000000)
  to   space 21824K,   0% used [0x00000007a5560000, 0x00000007a5560000, 0x00000007a6ab0000)
 concurrent mark-sweep generation total 393216K, used 189729K [0x00000007a8000000, 0x00000007c0000000, 0x00000007c0000000)
 Metaspace       used 36172K, capacity 36808K, committed 37136K, reserved 1081344K
  class space    used 4113K, capacity 4279K, committed 4372K, reserved 1048576K
2016-10-23T18:05:52.044+0800: 117.049: [GC (Allocation Failure) 2016-10-23T18:05:52.044+0800: 117.049: [ParNew
Desired survivor size 20112992 bytes, new threshold 8 (max 8)
- age   1:    2502208 bytes,    2502208 total
- age   2:     669552 bytes,    3171760 total
- age   3:    4633704 bytes,    7805464 total
- age   4:    3903384 bytes,   11708848 total
- age   5:    2449976 bytes,   14158824 total
- age   6:    1369064 bytes,   15527888 total
- age   7:    1493712 bytes,   17021600 total
- age   8:    1327936 bytes,   18349536 total
: 109248K->21824K(109248K), 0.0061678 secs] 298977K->212373K(502464K), 0.0062222 secs] [Times: user=0.01 sys=0.00, real=0.01 secs] 
Heap after GC invocations=548 (full 10):
 par new generation   total 109248K, used 21824K [0x00000007a0000000, 0x00000007a8000000, 0x00000007a8000000)
  eden space 87424K,   0% used [0x00000007a0000000, 0x00000007a0000000, 0x00000007a5560000)
  from space 21824K, 100% used [0x00000007a5560000, 0x00000007a6ab0000, 0x00000007a6ab0000)
  to   space 21824K,   0% used [0x00000007a6ab0000, 0x00000007a6ab0000, 0x00000007a8000000)
 concurrent mark-sweep generation total 393216K, used 190549K [0x00000007a8000000, 0x00000007c0000000, 0x00000007c0000000)
 Metaspace       used 36172K, capacity 36808K, committed 37136K, reserved 1081344K
  class space    used 4113K, capacity 4279K, committed 4372K, reserved 1048576K
}
2016-10-23T18:05:52.051+0800: 117.056: Total time for which application threads were stopped: 0.0064780 seconds, Stopping threads took: 0.0000819 seconds
{Heap before GC invocations=548 (full 10):
 par new generation   total 109248K, used 109248K [0x00000007a0000000, 0x00000007a8000000, 0x00000007a8000000)
  eden space 87424K, 100% used [0x00000007a0000000, 0x00000007a5560000, 0x00000007a5560000)
  from space 21824K, 100% used [0x00000007a5560000, 0x00000007a6ab0000, 0x00000007a6ab0000)
  to   space 21824K,   0% used [0x00000007a6ab0000, 0x00000007a6ab0000, 0x00000007a8000000)
 concurrent mark-sweep generation total 393216K, used 190549K [0x00000007a8000000, 0x00000007c0000000, 0x00000007c0000000)
 Metaspace       used 36175K, capacity 36808K, committed 37136K, reserved 1081344K
  class space    used 4113K, capacity 4279K, committed 4372K, reserved 1048576K
2016-10-23T18:05:52.173+0800: 117.177: [GC (Allocation Failure) 2016-10-23T18:05:52.173+0800: 117.177: [ParNew
Desired survivor size 20112992 bytes, new threshold 8 (max 8)
- age   1:    3704144 bytes,    3704144 total
- age   2:    1547248 bytes,    5251392 total
- age   3:     630528 bytes,    5881920 total
- age   4:    4590032 bytes,   10471952 total
- age   5:    3903384 bytes,   14375336 total
- age   6:    2417008 bytes,   16792344 total
- age   7:    1303496 bytes,   18095840 total
- age   8:    1428144 bytes,   19523984 total
: 109248K->21824K(109248K), 0.0070483 secs] 299797K->215683K(502464K), 0.0071240 secs] [Times: user=0.02 sys=0.01, real=0.01 secs] 
Heap after GC invocations=549 (full 10):
 par new generation   total 109248K, used 21824K [0x00000007a0000000, 0x00000007a8000000, 0x00000007a8000000)
  eden space 87424K,   0% used [0x00000007a0000000, 0x00000007a0000000, 0x00000007a5560000)
  from space 21824K, 100% used [0x00000007a6ab0000, 0x00000007a8000000, 0x00000007a8000000)
  to   space 21824K,   0% used [0x00000007a5560000, 0x00000007a5560000, 0x00000007a6ab0000)
 concurrent mark-sweep generation total 393216K, used 193859K [0x00000007a8000000, 0x00000007c0000000, 0x00000007c0000000)
 Metaspace       used 36175K, capacity 36808K, committed 37136K, reserved 1081344K
  class space    used 4113K, capacity 4279K, committed 4372K, reserved 1048576K
}
2016-10-23T18:05:52.180+0800: 117.185: Total time for which application threads were stopped: 0.0073632 seconds, Stopping threads took: 0.0000858 seconds
{Heap before GC invocations=549 (full 10):
 par new generation   total 109248K, used 109248K [0x00000007a0000000, 0x00000007a8000000, 0x00000007a8000000)
  eden space 87424K, 100% used [0x00000007a0000000, 0x00000007a5560000, 0x00000007a5560000)
  from space 21824K, 100% used [0x00000007a6ab0000, 0x00000007a8000000, 0x00000007a8000000)
  to   space 21824K,   0% used [0x00000007a5560000, 0x00000007a5560000, 0x00000007a6ab0000)
 concurrent mark-sweep generation total 393216K, used 193859K [0x00000007a8000000, 0x00000007c0000000, 0x00000007c0000000)
 Metaspace       used 36175K, capacity 36808K, committed 37136K, reserved 1081344K
  class space    used 4113K, capacity 4279K, committed 4372K, reserved 1048576K
2016-10-23T18:05:52.306+0800: 117.311: [GC (Allocation Failure) 2016-10-23T18:05:52.306+0800: 117.311: [ParNew
Desired survivor size 20112992 bytes, new threshold 7 (max 8)
- age   1:    6308416 bytes,    6308416 total
- age   2:    1795200 bytes,    8103616 total
- age   3:    1043304 bytes,    9146920 total
- age   4:     583344 bytes,    9730264 total
- age   5:    4379976 bytes,   14110240 total
- age   6:    3903384 bytes,   18013624 total
- age   7:    2417008 bytes,   20430632 total
- age   8:    1303496 bytes,   21734128 total
: 109248K->21824K(109248K), 0.0073230 secs] 303107K->218149K(502464K), 0.0073783 secs] [Times: user=0.02 sys=0.00, real=0.01 secs] 
Heap after GC invocations=550 (full 10):
 par new generation   total 109248K, used 21824K [0x00000007a0000000, 0x00000007a8000000, 0x00000007a8000000)
  eden space 87424K,   0% used [0x00000007a0000000, 0x00000007a0000000, 0x00000007a5560000)
  from space 21824K, 100% used [0x00000007a5560000, 0x00000007a6ab0000, 0x00000007a6ab0000)
  to   space 21824K,   0% used [0x00000007a6ab0000, 0x00000007a6ab0000, 0x00000007a8000000)
 concurrent mark-sweep generation total 393216K, used 196325K [0x00000007a8000000, 0x00000007c0000000, 0x00000007c0000000)
 Metaspace       used 36175K, capacity 36808K, committed 37136K, reserved 1081344K
  class space    used 4113K, capacity 4279K, committed 4372K, reserved 1048576K
}
2016-10-23T18:05:52.314+0800: 117.319: Total time for which application threads were stopped: 0.0076854 seconds, Stopping threads took: 0.0000609 seconds
{Heap before GC invocations=550 (full 10):
 par new generation   total 109248K, used 109248K [0x00000007a0000000, 0x00000007a8000000, 0x00000007a8000000)
  eden space 87424K, 100% used [0x00000007a0000000, 0x00000007a5560000, 0x00000007a5560000)
  from space 21824K, 100% used [0x00000007a5560000, 0x00000007a6ab0000, 0x00000007a6ab0000)
  to   space 21824K,   0% used [0x00000007a6ab0000, 0x00000007a6ab0000, 0x00000007a8000000)
 concurrent mark-sweep generation total 393216K, used 196325K [0x00000007a8000000, 0x00000007c0000000, 0x00000007c0000000)
 Metaspace       used 36175K, capacity 36808K, committed 37136K, reserved 1081344K
  class space    used 4113K, capacity 4279K, committed 4372K, reserved 1048576K
2016-10-23T18:05:52.439+0800: 117.444: [GC (Allocation Failure) 2016-10-23T18:05:52.439+0800: 117.444: [ParNew
Desired survivor size 20112992 bytes, new threshold 8 (max 8)
- age   1:    5205048 bytes,    5205048 total
- age   2:    3094072 bytes,    8299120 total
- age   3:    1722056 bytes,   10021176 total
- age   4:    1017112 bytes,   11038288 total
- age   5:     559976 bytes,   11598264 total
- age   6:    4314840 bytes,   15913104 total
- age   7:    3902920 bytes,   19816024 total
: 109248K->21824K(109248K), 0.0068288 secs] 305573K->223814K(502464K), 0.0068834 secs] [Times: user=0.02 sys=0.00, real=0.01 secs] 
Heap after GC invocations=551 (full 10):
 par new generation   total 109248K, used 21824K [0x00000007a0000000, 0x00000007a8000000, 0x00000007a8000000)
  eden space 87424K,   0% used [0x00000007a0000000, 0x00000007a0000000, 0x00000007a5560000)
  from space 21824K, 100% used [0x00000007a6ab0000, 0x00000007a8000000, 0x00000007a8000000)
  to   space 21824K,   0% used [0x00000007a5560000, 0x00000007a5560000, 0x00000007a6ab0000)
 concurrent mark-sweep generation total 393216K, used 201990K [0x00000007a8000000, 0x00000007c0000000, 0x00000007c0000000)
 Metaspace       used 36175K, capacity 36808K, committed 37136K, reserved 1081344K
  class space    used 4113K, capacity 4279K, committed 4372K, reserved 1048576K
}
2016-10-23T18:05:52.446+0800: 117.451: Total time for which application threads were stopped: 0.0071401 seconds, Stopping threads took: 0.0000895 seconds
2016-10-23T18:05:52.446+0800: 117.451: [GC (CMS Initial Mark) [1 CMS-initial-mark: 201990K(393216K)] 224611K(502464K), 0.0019741 secs] [Times: user=0.01 sys=0.00, real=0.00 secs] 
2016-10-23T18:05:52.448+0800: 117.453: Total time for which application threads were stopped: 0.0021485 seconds, Stopping threads took: 0.0000730 seconds
2016-10-23T18:05:52.448+0800: 117.453: [CMS-concurrent-mark-start]
2016-10-23T18:05:52.459+0800: 117.464: [CMS-concurrent-mark: 0.011/0.011 secs] [Times: user=0.06 sys=0.00, real=0.01 secs] 
2016-10-23T18:05:52.459+0800: 117.464: [CMS-concurrent-preclean-start]
2016-10-23T18:05:52.460+0800: 117.465: [CMS-concurrent-preclean: 0.001/0.001 secs] [Times: user=0.00 sys=0.00, real=0.01 secs] 
2016-10-23T18:05:52.460+0800: 117.465: [CMS-concurrent-abortable-preclean-start]
2016-10-23T18:05:52.543+0800: 117.548: [CMS-concurrent-abortable-preclean: 0.083/0.083 secs] [Times: user=0.25 sys=0.00, real=0.08 secs] 
2016-10-23T18:05:52.543+0800: 117.548: [GC (CMS Final Remark) [YG occupancy: 82042 K (109248 K)]{Heap before GC invocations=551 (full 11):
 par new generation   total 109248K, used 82042K [0x00000007a0000000, 0x00000007a8000000, 0x00000007a8000000)
  eden space 87424K,  68% used [0x00000007a0000000, 0x00000007a3aceb10, 0x00000007a5560000)
  from space 21824K, 100% used [0x00000007a6ab0000, 0x00000007a8000000, 0x00000007a8000000)
  to   space 21824K,   0% used [0x00000007a5560000, 0x00000007a5560000, 0x00000007a6ab0000)
 concurrent mark-sweep generation total 393216K, used 201990K [0x00000007a8000000, 0x00000007c0000000, 0x00000007c0000000)
 Metaspace       used 36175K, capacity 36808K, committed 37136K, reserved 1081344K
  class space    used 4113K, capacity 4279K, committed 4372K, reserved 1048576K
2016-10-23T18:05:52.543+0800: 117.548: [GC (CMS Final Remark) 2016-10-23T18:05:52.543+0800: 117.548: [ParNew
Desired survivor size 20112992 bytes, new threshold 8 (max 8)
- age   1:    5863872 bytes,    5863872 total
- age   2:    2256600 bytes,    8120472 total
- age   3:    2393896 bytes,   10514368 total
- age   4:    1627784 bytes,   12142152 total
- age   5:     990360 bytes,   13132512 total
- age   6:     539816 bytes,   13672328 total
- age   7:    4305384 bytes,   17977712 total
- age   8:    3902728 bytes,   21880440 total
: 82042K->21824K(109248K), 0.0068555 secs] 284033K->225367K(502464K), 0.0069000 secs] [Times: user=0.03 sys=0.00, real=0.01 secs] 
Heap after GC invocations=552 (full 11):
 par new generation   total 109248K, used 21824K [0x00000007a0000000, 0x00000007a8000000, 0x00000007a8000000)
  eden space 87424K,   0% used [0x00000007a0000000, 0x00000007a0000000, 0x00000007a5560000)
  from space 21824K, 100% used [0x00000007a5560000, 0x00000007a6ab0000, 0x00000007a6ab0000)
  to   space 21824K,   0% used [0x00000007a6ab0000, 0x00000007a6ab0000, 0x00000007a8000000)
 concurrent mark-sweep generation total 393216K, used 203543K [0x00000007a8000000, 0x00000007c0000000, 0x00000007c0000000)
 Metaspace       used 36175K, capacity 36808K, committed 37136K, reserved 1081344K
  class space    used 4113K, capacity 4279K, committed 4372K, reserved 1048576K
}
2016-10-23T18:05:52.550+0800: 117.555: [Rescan (parallel) , 0.0020598 secs]2016-10-23T18:05:52.552+0800: 117.557: [weak refs processing, 0.0008337 secs]2016-10-23T18:05:52.553+0800: 117.558: [class unloading, 0.0089295 secs]2016-10-23T18:05:52.562+0800: 117.567: [scrub symbol table, 0.0083035 secs]2016-10-23T18:05:52.570+0800: 117.575: [scrub string table, 0.0006915 secs][1 CMS-remark: 203543K(393216K)] 225367K(502464K), 0.0279539 secs] [Times: user=0.06 sys=0.00, real=0.03 secs] 
2016-10-23T18:05:52.571+0800: 117.576: Total time for which application threads were stopped: 0.0281533 seconds, Stopping threads took: 0.0000613 seconds
2016-10-23T18:05:52.571+0800: 117.576: [CMS-concurrent-sweep-start]
2016-10-23T18:05:52.621+0800: 117.626: [CMS-concurrent-sweep: 0.050/0.050 secs] [Times: user=0.14 sys=0.00, real=0.05 secs] 
2016-10-23T18:05:52.621+0800: 117.626: [CMS-concurrent-reset-start]
2016-10-23T18:05:52.621+0800: 117.626: [CMS-concurrent-reset: 0.000/0.000 secs] [Times: user=0.00 sys=0.00, real=0.00 secs] 
{Heap before GC invocations=552 (full 11):
 par new generation   total 109248K, used 109248K [0x00000007a0000000, 0x00000007a8000000, 0x00000007a8000000)
  eden space 87424K, 100% used [0x00000007a0000000, 0x00000007a5560000, 0x00000007a5560000)
  from space 21824K, 100% used [0x00000007a5560000, 0x00000007a6ab0000, 0x00000007a6ab0000)
  to   space 21824K,   0% used [0x00000007a6ab0000, 0x00000007a6ab0000, 0x00000007a8000000)
 concurrent mark-sweep generation total 393216K, used 40276K [0x00000007a8000000, 0x00000007c0000000, 0x00000007c0000000)
 Metaspace       used 36175K, capacity 36808K, committed 37136K, reserved 1081344K
  class space    used 4113K, capacity 4279K, committed 4372K, reserved 1048576K
2016-10-23T18:05:52.703+0800: 117.708: [GC (Allocation Failure) 2016-10-23T18:05:52.703+0800: 117.708: [ParNew
Desired survivor size 20112992 bytes, new threshold 8 (max 8)
- age   1:    8966464 bytes,    8966464 total
- age   2:    2163816 bytes,   11130280 total
- age   3:    2032440 bytes,   13162720 total
- age   4:    1701760 bytes,   14864480 total
- age   5:    1534800 bytes,   16399280 total
- age   6:     963416 bytes,   17362696 total
- age   7:     469744 bytes,   17832440 total
- age   8:    2234120 bytes,   20066560 total
: 109248K->21824K(109248K), 0.0081986 secs] 149524K->64888K(502464K), 0.0082686 secs] [Times: user=0.03 sys=0.00, real=0.01 secs] 
Heap after GC invocations=553 (full 11):
 par new generation   total 109248K, used 21824K [0x00000007a0000000, 0x00000007a8000000, 0x00000007a8000000)
  eden space 87424K,   0% used [0x00000007a0000000, 0x00000007a0000000, 0x00000007a5560000)
  from space 21824K, 100% used [0x00000007a6ab0000, 0x00000007a8000000, 0x00000007a8000000)
  to   space 21824K,   0% used [0x00000007a5560000, 0x00000007a5560000, 0x00000007a6ab0000)
 concurrent mark-sweep generation total 393216K, used 43064K [0x00000007a8000000, 0x00000007c0000000, 0x00000007c0000000)
 Metaspace       used 36175K, capacity 36808K, committed 37136K, reserved 1081344K
  class space    used 4113K, capacity 4279K, committed 4372K, reserved 1048576K
}
2016-10-23T18:05:52.712+0800: 117.717: Total time for which application threads were stopped: 0.0085091 seconds, Stopping threads took: 0.0000668 seconds
{Heap before GC invocations=553 (full 11):
 par new generation   total 109248K, used 109248K [0x00000007a0000000, 0x00000007a8000000, 0x00000007a8000000)
  eden space 87424K, 100% used [0x00000007a0000000, 0x00000007a5560000, 0x00000007a5560000)
  from space 21824K, 100% used [0x00000007a6ab0000, 0x00000007a8000000, 0x00000007a8000000)
  to   space 21824K,   0% used [0x00000007a5560000, 0x00000007a5560000, 0x00000007a6ab0000)
 concurrent mark-sweep generation total 393216K, used 43064K [0x00000007a8000000, 0x00000007c0000000, 0x00000007c0000000)
 Metaspace       used 36175K, capacity 36808K, committed 37136K, reserved 1081344K
  class space    used 4113K, capacity 4279K, committed 4372K, reserved 1048576K
2016-10-23T18:05:52.837+0800: 117.842: [GC (Allocation Failure) 2016-10-23T18:05:52.837+0800: 117.842: [ParNew
Desired survivor size 20112992 bytes, new threshold 8 (max 8)
- age   1:    7418800 bytes,    7418800 total
- age   2:    5385696 bytes,   12804496 total
- age   3:    1597888 bytes,   14402384 total
- age   4:    1524440 bytes,   15926824 total
- age   5:    1325744 bytes,   17252568 total
- age   6:    1345504 bytes,   18598072 total
- age   7:     496592 bytes,   19094664 total
- age   8:     431976 bytes,   19526640 total
: 109248K->21824K(109248K), 0.0073885 secs] 152312K->69604K(502464K), 0.0074466 secs] [Times: user=0.03 sys=0.00, real=0.01 secs] 
Heap after GC invocations=554 (full 11):
 par new generation   total 109248K, used 21824K [0x00000007a0000000, 0x00000007a8000000, 0x00000007a8000000)
  eden space 87424K,   0% used [0x00000007a0000000, 0x00000007a0000000, 0x00000007a5560000)
  from space 21824K, 100% used [0x00000007a5560000, 0x00000007a6ab0000, 0x00000007a6ab0000)
  to   space 21824K,   0% used [0x00000007a6ab0000, 0x00000007a6ab0000, 0x00000007a8000000)
 concurrent mark-sweep generation total 393216K, used 47780K [0x00000007a8000000, 0x00000007c0000000, 0x00000007c0000000)
 Metaspace       used 36175K, capacity 36808K, committed 37136K, reserved 1081344K
  class space    used 4113K, capacity 4279K, committed 4372K, reserved 1048576K
}
2016-10-23T18:05:52.844+0800: 117.849: Total time for which application threads were stopped: 0.0076927 seconds, Stopping threads took: 0.0000945 seconds
{Heap before GC invocations=554 (full 11):
 par new generation   total 109248K, used 109248K [0x00000007a0000000, 0x00000007a8000000, 0x00000007a8000000)
  eden space 87424K, 100% used [0x00000007a0000000, 0x00000007a5560000, 0x00000007a5560000)
  from space 21824K, 100% used [0x00000007a5560000, 0x00000007a6ab0000, 0x00000007a6ab0000)
  to   space 21824K,   0% used [0x00000007a6ab0000, 0x00000007a6ab0000, 0x00000007a8000000)
 concurrent mark-sweep generation total 393216K, used 47780K [0x00000007a8000000, 0x00000007c0000000, 0x00000007c0000000)
 Metaspace       used 36175K, capacity 36808K, committed 37136K, reserved 1081344K
  class space    used 4113K, capacity 4279K, committed 4372K, reserved 1048576K
2016-10-23T18:05:52.927+0800: 117.932: [GC (Allocation Failure) 2016-10-23T18:05:52.927+0800: 117.932: [ParNew
Desired survivor size 20112992 bytes, new threshold 8 (max 8)
- age   1:     747336 bytes,     747336 total
- age   2:    5355808 bytes,    6103144 total
- age   3:    5328048 bytes,   11431192 total
- age   4:    1581136 bytes,   13012328 total
- age   5:    1503144 bytes,   14515472 total
- age   6:    1312784 bytes,   15828256 total
- age   7:    1330192 bytes,   17158448 total
- age   8:     493528 bytes,   17651976 total
: 109248K->21824K(109248K), 0.0055351 secs] 157028K->72952K(502464K), 0.0055863 secs] [Times: user=0.02 sys=0.00, real=0.01 secs] 
Heap after GC invocations=555 (full 11):
 par new generation   total 109248K, used 21824K [0x00000007a0000000, 0x00000007a8000000, 0x00000007a8000000)
  eden space 87424K,   0% used [0x00000007a0000000, 0x00000007a0000000, 0x00000007a5560000)
  from space 21824K, 100% used [0x00000007a6ab0000, 0x00000007a8000000, 0x00000007a8000000)
  to   space 21824K,   0% used [0x00000007a5560000, 0x00000007a5560000, 0x00000007a6ab0000)
 concurrent mark-sweep generation total 393216K, used 51128K [0x00000007a8000000, 0x00000007c0000000, 0x00000007c0000000)
 Metaspace       used 36175K, capacity 36808K, committed 37136K, reserved 1081344K
  class space    used 4113K, capacity 4279K, committed 4372K, reserved 1048576K
}
2016-10-23T18:05:52.933+0800: 117.938: Total time for which application threads were stopped: 0.0058189 seconds, Stopping threads took: 0.0000763 seconds
{Heap before GC invocations=555 (full 11):
 par new generation   total 109248K, used 109248K [0x00000007a0000000, 0x00000007a8000000, 0x00000007a8000000)
  eden space 87424K, 100% used [0x00000007a0000000, 0x00000007a5560000, 0x00000007a5560000)
  from space 21824K, 100% used [0x00000007a6ab0000, 0x00000007a8000000, 0x00000007a8000000)
  to   space 21824K,   0% used [0x00000007a5560000, 0x00000007a5560000, 0x00000007a6ab0000)
 concurrent mark-sweep generation total 393216K, used 51128K [0x00000007a8000000, 0x00000007c0000000, 0x00000007c0000000)
 Metaspace       used 36175K, capacity 36808K, committed 37136K, reserved 1081344K
  class space    used 4113K, capacity 4279K, committed 4372K, reserved 1048576K
2016-10-23T18:05:52.990+0800: 117.995: [GC (Allocation Failure) 2016-10-23T18:05:52.991+0800: 117.996: [ParNew
Desired survivor size 20112992 bytes, new threshold 8 (max 8)
- age   1:    2325800 bytes,    2325800 total
- age   2:     480992 bytes,    2806792 total
- age   3:    4943248 bytes,    7750040 total
- age   4:    5318488 bytes,   13068528 total
- age   5:    1547656 bytes,   14616184 total
- age   6:    1422440 bytes,   16038624 total
- age   7:    1264016 bytes,   17302640 total
- age   8:    1268928 bytes,   18571568 total
: 109248K->21824K(109248K), 0.0057321 secs] 160376K->74094K(502464K), 0.0057843 secs] [Times: user=0.02 sys=0.00, real=0.00 secs] 
Heap after GC invocations=556 (full 11):
 par new generation   total 109248K, used 21824K [0x00000007a0000000, 0x00000007a8000000, 0x00000007a8000000)
  eden space 87424K,   0% used [0x00000007a0000000, 0x00000007a0000000, 0x00000007a5560000)
  from space 21824K, 100% used [0x00000007a5560000, 0x00000007a6ab0000, 0x00000007a6ab0000)
  to   space 21824K,   0% used [0x00000007a6ab0000, 0x00000007a6ab0000, 0x00000007a8000000)
 concurrent mark-sweep generation total 393216K, used 52270K [0x00000007a8000000, 0x00000007c0000000, 0x00000007c0000000)
 Metaspace       used 36175K, capacity 36808K, committed 37136K, reserved 1081344K
  class space    used 4113K, capacity 4279K, committed 4372K, reserved 1048576K
}
2016-10-23T18:05:52.996+0800: 118.001: Total time for which application threads were stopped: 0.0060147 seconds, Stopping threads took: 0.0000755 seconds
2016-10-23T18:05:53.021+0800: 118.026: Total time for which application threads were stopped: 0.0001589 seconds, Stopping threads took: 0.0000723 seconds
2016-10-23T18:05:53.022+0800: 118.027: Total time for which application threads were stopped: 0.0001127 seconds, Stopping threads took: 0.0000549 seconds
{Heap before GC invocations=556 (full 11):
 par new generation   total 109248K, used 109248K [0x00000007a0000000, 0x00000007a8000000, 0x00000007a8000000)
  eden space 87424K, 100% used [0x00000007a0000000, 0x00000007a5560000, 0x00000007a5560000)
  from space 21824K, 100% used [0x00000007a5560000, 0x00000007a6ab0000, 0x00000007a6ab0000)
  to   space 21824K,   0% used [0x00000007a6ab0000, 0x00000007a6ab0000, 0x00000007a8000000)
 concurrent mark-sweep generation total 393216K, used 52270K [0x00000007a8000000, 0x00000007c0000000, 0x00000007c0000000)
 Metaspace       used 36178K, capacity 36808K, committed 37136K, reserved 1081344K
  class space    used 4113K, capacity 4279K, committed 4372K, reserved 1048576K
2016-10-23T18:05:53.120+0800: 118.125: [GC (Allocation Failure) 2016-10-23T18:05:53.120+0800: 118.125: [ParNew
Desired survivor size 20112992 bytes, new threshold 8 (max 8)
- age   1:    4543696 bytes,    4543696 total
- age   2:    1131344 bytes,    5675040 total
- age   3:     411096 bytes,    6086136 total
- age   4:    4451736 bytes,   10537872 total
- age   5:    5021544 bytes,   15559416 total
- age   6:    1449232 bytes,   17008648 total
- age   7:    1346848 bytes,   18355496 total
- age   8:    1237896 bytes,   19593392 total
: 109248K->21824K(109248K), 0.0067152 secs] 161518K->76620K(502464K), 0.0067862 secs] [Times: user=0.03 sys=0.00, real=0.00 secs] 
Heap after GC invocations=557 (full 11):
 par new generation   total 109248K, used 21824K [0x00000007a0000000, 0x00000007a8000000, 0x00000007a8000000)
  eden space 87424K,   0% used [0x00000007a0000000, 0x00000007a0000000, 0x00000007a5560000)
  from space 21824K, 100% used [0x00000007a6ab0000, 0x00000007a8000000, 0x00000007a8000000)
  to   space 21824K,   0% used [0x00000007a5560000, 0x00000007a5560000, 0x00000007a6ab0000)
 concurrent mark-sweep generation total 393216K, used 54796K [0x00000007a8000000, 0x00000007c0000000, 0x00000007c0000000)
 Metaspace       used 36178K, capacity 36808K, committed 37136K, reserved 1081344K
  class space    used 4113K, capacity 4279K, committed 4372K, reserved 1048576K
}
2016-10-23T18:05:53.127+0800: 118.132: Total time for which application threads were stopped: 0.0070090 seconds, Stopping threads took: 0.0000661 seconds
{Heap before GC invocations=557 (full 11):
 par new generation   total 109248K, used 109248K [0x00000007a0000000, 0x00000007a8000000, 0x00000007a8000000)
  eden space 87424K, 100% used [0x00000007a0000000, 0x00000007a5560000, 0x00000007a5560000)
  from space 21824K, 100% used [0x00000007a6ab0000, 0x00000007a8000000, 0x00000007a8000000)
  to   space 21824K,   0% used [0x00000007a5560000, 0x00000007a5560000, 0x00000007a6ab0000)
 concurrent mark-sweep generation total 393216K, used 54796K [0x00000007a8000000, 0x00000007c0000000, 0x00000007c0000000)
 Metaspace       used 36178K, capacity 36808K, committed 37136K, reserved 1081344K
  class space    used 4113K, capacity 4279K, committed 4372K, reserved 1048576K
2016-10-23T18:05:53.257+0800: 118.262: [GC (Allocation Failure) 2016-10-23T18:05:53.257+0800: 118.262: [ParNew
Desired survivor size 20112992 bytes, new threshold 8 (max 8)
- age   1:    5700096 bytes,    5700096 total
- age   2:    2311096 bytes,    8011192 total
- age   3:     508864 bytes,    8520056 total
- age   4:     332984 bytes,    8853040 total
- age   5:    3616792 bytes,   12469832 total
- age   6:    4970232 bytes,   17440064 total
- age   7:    1444064 bytes,   18884128 total
- age   8:    1340232 bytes,   20224360 total
: 109248K->21824K(109248K), 0.0073843 secs] 164044K->80909K(502464K), 0.0074299 secs] [Times: user=0.03 sys=0.00, real=0.01 secs] 
Heap after GC invocations=558 (full 11):
 par new generation   total 109248K, used 21824K [0x00000007a0000000, 0x00000007a8000000, 0x00000007a8000000)
  eden space 87424K,   0% used [0x00000007a0000000, 0x00000007a0000000, 0x00000007a5560000)
  from space 21824K, 100% used [0x00000007a5560000, 0x00000007a6ab0000, 0x00000007a6ab0000)
  to   space 21824K,   0% used [0x00000007a6ab0000, 0x00000007a6ab0000, 0x00000007a8000000)
 concurrent mark-sweep generation total 393216K, used 59085K [0x00000007a8000000, 0x00000007c0000000, 0x00000007c0000000)
 Metaspace       used 36178K, capacity 36808K, committed 37136K, reserved 1081344K
  class space    used 4113K, capacity 4279K, committed 4372K, reserved 1048576K
}
2016-10-23T18:05:53.264+0800: 118.269: Total time for which application threads were stopped: 0.0076003 seconds, Stopping threads took: 0.0000204 seconds
{Heap before GC invocations=558 (full 11):
 par new generation   total 109248K, used 109248K [0x00000007a0000000, 0x00000007a8000000, 0x00000007a8000000)
  eden space 87424K, 100% used [0x00000007a0000000, 0x00000007a5560000, 0x00000007a5560000)
  from space 21824K, 100% used [0x00000007a5560000, 0x00000007a6ab0000, 0x00000007a6ab0000)
  to   space 21824K,   0% used [0x00000007a6ab0000, 0x00000007a6ab0000, 0x00000007a8000000)
 concurrent mark-sweep generation total 393216K, used 59085K [0x00000007a8000000, 0x00000007c0000000, 0x00000007c0000000)
 Metaspace       used 36178K, capacity 36808K, committed 37136K, reserved 1081344K
  class space    used 4113K, capacity 4279K, committed 4372K, reserved 1048576K
2016-10-23T18:05:53.397+0800: 118.402: [GC (Allocation Failure) 2016-10-23T18:05:53.397+0800: 118.402: [ParNew
Desired survivor size 20112992 bytes, new threshold 8 (max 8)
- age   1:    4143320 bytes,    4143320 total
- age   2:    2602768 bytes,    6746088 total
- age   3:    2111448 bytes,    8857536 total
- age   4:     472800 bytes,    9330336 total
- age   5:     326240 bytes,    9656576 total
- age   6:    3115160 bytes,   12771736 total
- age   7:    4888952 bytes,   17660688 total
- age   8:    1408200 bytes,   19068888 total
: 109248K->21824K(109248K), 0.0074003 secs] 168333K->86599K(502464K), 0.0074652 secs] [Times: user=0.02 sys=0.00, real=0.01 secs] 
Heap after GC invocations=559 (full 11):
 par new generation   total 109248K, used 21824K [0x00000007a0000000, 0x00000007a8000000, 0x00000007a8000000)
  eden space 87424K,   0% used [0x00000007a0000000, 0x00000007a0000000, 0x00000007a5560000)
  from space 21824K, 100% used [0x00000007a6ab0000, 0x00000007a8000000, 0x00000007a8000000)
  to   space 21824K,   0% used [0x00000007a5560000, 0x00000007a5560000, 0x00000007a6ab0000)
 concurrent mark-sweep generation total 393216K, used 64775K [0x00000007a8000000, 0x00000007c0000000, 0x00000007c0000000)
 Metaspace       used 36178K, capacity 36808K, committed 37136K, reserved 1081344K
  class space    used 4113K, capacity 4279K, committed 4372K, reserved 1048576K
}
2016-10-23T18:05:53.405+0800: 118.410: Total time for which application threads were stopped: 0.0076987 seconds, Stopping threads took: 0.0000582 seconds
{Heap before GC invocations=559 (full 11):
 par new generation   total 109248K, used 109248K [0x00000007a0000000, 0x00000007a8000000, 0x00000007a8000000)
  eden space 87424K, 100% used [0x00000007a0000000, 0x00000007a5560000, 0x00000007a5560000)
  from space 21824K, 100% used [0x00000007a6ab0000, 0x00000007a8000000, 0x00000007a8000000)
  to   space 21824K,   0% used [0x00000007a5560000, 0x00000007a5560000, 0x00000007a6ab0000)
 concurrent mark-sweep generation total 393216K, used 64775K [0x00000007a8000000, 0x00000007c0000000, 0x00000007c0000000)
 Metaspace       used 36178K, capacity 36808K, committed 37136K, reserved 1081344K
  class space    used 4113K, capacity 4279K, committed 4372K, reserved 1048576K
2016-10-23T18:05:53.541+0800: 118.546: [GC (Allocation Failure) 2016-10-23T18:05:53.541+0800: 118.546: [ParNew
Desired survivor size 20112992 bytes, new threshold 8 (max 8)
- age   1:    7090448 bytes,    7090448 total
- age   2:    2220312 bytes,    9310760 total
- age   3:    2244944 bytes,   11555704 total
- age   4:    1986968 bytes,   13542672 total
- age   5:     435992 bytes,   13978664 total
- age   6:     287496 bytes,   14266160 total
- age   7:    2510512 bytes,   16776672 total
- age   8:    4872464 bytes,   21649136 total
: 109248K->21824K(109248K), 0.0080159 secs] 174023K->90126K(502464K), 0.0081634 secs] [Times: user=0.03 sys=0.00, real=0.01 secs] 
Heap after GC invocations=560 (full 11):
 par new generation   total 109248K, used 21824K [0x00000007a0000000, 0x00000007a8000000, 0x00000007a8000000)
  eden space 87424K,   0% used [0x00000007a0000000, 0x00000007a0000000, 0x00000007a5560000)
  from space 21824K, 100% used [0x00000007a5560000, 0x00000007a6ab0000, 0x00000007a6ab0000)
  to   space 21824K,   0% used [0x00000007a6ab0000, 0x00000007a6ab0000, 0x00000007a8000000)
 concurrent mark-sweep generation total 393216K, used 68302K [0x00000007a8000000, 0x00000007c0000000, 0x00000007c0000000)
 Metaspace       used 36178K, capacity 36808K, committed 37136K, reserved 1081344K
  class space    used 4113K, capacity 4279K, committed 4372K, reserved 1048576K
}
2016-10-23T18:05:53.550+0800: 118.555: Total time for which application threads were stopped: 0.0084613 seconds, Stopping threads took: 0.0001019 seconds
{Heap before GC invocations=560 (full 11):
 par new generation   total 109248K, used 109248K [0x00000007a0000000, 0x00000007a8000000, 0x00000007a8000000)
  eden space 87424K, 100% used [0x00000007a0000000, 0x00000007a5560000, 0x00000007a5560000)
  from space 21824K, 100% used [0x00000007a5560000, 0x00000007a6ab0000, 0x00000007a6ab0000)
  to   space 21824K,   0% used [0x00000007a6ab0000, 0x00000007a6ab0000, 0x00000007a8000000)
 concurrent mark-sweep generation total 393216K, used 68302K [0x00000007a8000000, 0x00000007c0000000, 0x00000007c0000000)
 Metaspace       used 36178K, capacity 36808K, committed 37136K, reserved 1081344K
  class space    used 4113K, capacity 4279K, committed 4372K, reserved 1048576K
2016-10-23T18:05:53.691+0800: 118.696: [GC (Allocation Failure) 2016-10-23T18:05:53.691+0800: 118.696: [ParNew
Desired survivor size 20112992 bytes, new threshold 8 (max 8)
- age   1:    8138776 bytes,    8138776 total
- age   2:    3393680 bytes,   11532456 total
- age   3:    2144992 bytes,   13677448 total
- age   4:    1697920 bytes,   15375368 total
- age   5:    1969432 bytes,   17344800 total
- age   6:     431216 bytes,   17776016 total
- age   7:     283096 bytes,   18059112 total
- age   8:    2504544 bytes,   20563656 total
: 109248K->21824K(109248K), 0.0086021 secs] 177550K->96246K(502464K), 0.0086690 secs] [Times: user=0.03 sys=0.00, real=0.01 secs] 
Heap after GC invocations=561 (full 11):
 par new generation   total 109248K, used 21824K [0x00000007a0000000, 0x00000007a8000000, 0x00000007a8000000)
  eden space 87424K,   0% used [0x00000007a0000000, 0x00000007a0000000, 0x00000007a5560000)
  from space 21824K, 100% used [0x00000007a6ab0000, 0x00000007a8000000, 0x00000007a8000000)
  to   space 21824K,   0% used [0x00000007a5560000, 0x00000007a5560000, 0x00000007a6ab0000)
 concurrent mark-sweep generation total 393216K, used 74422K [0x00000007a8000000, 0x00000007c0000000, 0x00000007c0000000)
 Metaspace       used 36178K, capacity 36808K, committed 37136K, reserved 1081344K
  class space    used 4113K, capacity 4279K, committed 4372K, reserved 1048576K
}
2016-10-23T18:05:53.700+0800: 118.705: Total time for which application threads were stopped: 0.0089166 seconds, Stopping threads took: 0.0000844 seconds
{Heap before GC invocations=561 (full 11):
 par new generation   total 109248K, used 109248K [0x00000007a0000000, 0x00000007a8000000, 0x00000007a8000000)
  eden space 87424K, 100% used [0x00000007a0000000, 0x00000007a5560000, 0x00000007a5560000)
  from space 21824K, 100% used [0x00000007a6ab0000, 0x00000007a8000000, 0x00000007a8000000)
  to   space 21824K,   0% used [0x00000007a5560000, 0x00000007a5560000, 0x00000007a6ab0000)
 concurrent mark-sweep generation total 393216K, used 74422K [0x00000007a8000000, 0x00000007c0000000, 0x00000007c0000000)
 Metaspace       used 36178K, capacity 36808K, committed 37136K, reserved 1081344K
  class space    used 4113K, capacity 4279K, committed 4372K, reserved 1048576K
2016-10-23T18:05:53.831+0800: 118.836: [GC (Allocation Failure) 2016-10-23T18:05:53.831+0800: 118.836: [ParNew
Desired survivor size 20112992 bytes, new threshold 7 (max 8)
- age   1:    8306200 bytes,    8306200 total
- age   2:    3209832 bytes,   11516032 total
- age   3:    3053360 bytes,   14569392 total
- age   4:    1926736 bytes,   16496128 total
- age   5:    1551296 bytes,   18047424 total
- age   6:    1815296 bytes,   19862720 total
- age   7:     385408 bytes,   20248128 total
- age   8:     233936 bytes,   20482064 total
: 109248K->21824K(109248K), 0.0094865 secs] 183670K->101619K(502464K), 0.0095414 secs] [Times: user=0.04 sys=0.00, real=0.01 secs] 
Heap after GC invocations=562 (full 11):
 par new generation   total 109248K, used 21824K [0x00000007a0000000, 0x00000007a8000000, 0x00000007a8000000)
  eden space 87424K,   0% used [0x00000007a0000000, 0x00000007a0000000, 0x00000007a5560000)
  from space 21824K, 100% used [0x00000007a5560000, 0x00000007a6ab0000, 0x00000007a6ab0000)
  to   space 21824K,   0% used [0x00000007a6ab0000, 0x00000007a6ab0000, 0x00000007a8000000)
 concurrent mark-sweep generation total 393216K, used 79795K [0x00000007a8000000, 0x00000007c0000000, 0x00000007c0000000)
 Metaspace       used 36178K, capacity 36808K, committed 37136K, reserved 1081344K
  class space    used 4113K, capacity 4279K, committed 4372K, reserved 1048576K
}
2016-10-23T18:05:53.840+0800: 118.845: Total time for which application threads were stopped: 0.0098571 seconds, Stopping threads took: 0.0000923 seconds
{Heap before GC invocations=562 (full 11):
 par new generation   total 109248K, used 109248K [0x00000007a0000000, 0x00000007a8000000, 0x00000007a8000000)
  eden space 87424K, 100% used [0x00000007a0000000, 0x00000007a5560000, 0x00000007a5560000)
  from space 21824K, 100% used [0x00000007a5560000, 0x00000007a6ab0000, 0x00000007a6ab0000)
  to   space 21824K,   0% used [0x00000007a6ab0000, 0x00000007a6ab0000, 0x00000007a8000000)
 concurrent mark-sweep generation total 393216K, used 79795K [0x00000007a8000000, 0x00000007c0000000, 0x00000007c0000000)
 Metaspace       used 36178K, capacity 36808K, committed 37136K, reserved 1081344K
  class space    used 4113K, capacity 4279K, committed 4372K, reserved 1048576K
2016-10-23T18:05:53.933+0800: 118.938: [GC (Allocation Failure) 2016-10-23T18:05:53.933+0800: 118.938: [ParNew
Desired survivor size 20112992 bytes, new threshold 8 (max 8)
- age   1:    1723296 bytes,    1723296 total
- age   2:    7073136 bytes,    8796432 total
- age   3:    3104088 bytes,   11900520 total
- age   4:    2983584 bytes,   14884104 total
- age   5:    1826608 bytes,   16710712 total
- age   6:    1517024 bytes,   18227736 total
- age   7:    1814272 bytes,   20042008 total
: 109248K->21824K(109248K), 0.0090611 secs] 189043K->103693K(502464K), 0.0091232 secs] [Times: user=0.03 sys=0.00, real=0.01 secs] 
Heap after GC invocations=563 (full 11):
 par new generation   total 109248K, used 21824K [0x00000007a0000000, 0x00000007a8000000, 0x00000007a8000000)
  eden space 87424K,   0% used [0x00000007a0000000, 0x00000007a0000000, 0x00000007a5560000)
  from space 21824K, 100% used [0x00000007a6ab0000, 0x00000007a8000000, 0x00000007a8000000)
  to   space 21824K,   0% used [0x00000007a5560000, 0x00000007a5560000, 0x00000007a6ab0000)
 concurrent mark-sweep generation total 393216K, used 81869K [0x00000007a8000000, 0x00000007c0000000, 0x00000007c0000000)
 Metaspace       used 36178K, capacity 36808K, committed 37136K, reserved 1081344K
  class space    used 4113K, capacity 4279K, committed 4372K, reserved 1048576K
}
2016-10-23T18:05:53.942+0800: 118.947: Total time for which application threads were stopped: 0.0093659 seconds, Stopping threads took: 0.0000803 seconds
{Heap before GC invocations=563 (full 11):
 par new generation   total 109248K, used 109248K [0x00000007a0000000, 0x00000007a8000000, 0x00000007a8000000)
  eden space 87424K, 100% used [0x00000007a0000000, 0x00000007a5560000, 0x00000007a5560000)
  from space 21824K, 100% used [0x00000007a6ab0000, 0x00000007a8000000, 0x00000007a8000000)
  to   space 21824K,   0% used [0x00000007a5560000, 0x00000007a5560000, 0x00000007a6ab0000)
 concurrent mark-sweep generation total 393216K, used 81869K [0x00000007a8000000, 0x00000007c0000000, 0x00000007c0000000)
 Metaspace       used 36178K, capacity 36808K, committed 37136K, reserved 1081344K
  class space    used 4113K, capacity 4279K, committed 4372K, reserved 1048576K
2016-10-23T18:05:53.994+0800: 118.999: [GC (Allocation Failure) 2016-10-23T18:05:53.994+0800: 118.999: [ParNew
Desired survivor size 20112992 bytes, new threshold 8 (max 8)
- age   1:    1518304 bytes,    1518304 total
- age   2:    1065576 bytes,    2583880 total
- age   3:    7090616 bytes,    9674496 total
- age   4:    3103488 bytes,   12777984 total
- age   5:    2983160 bytes,   15761144 total
- age   6:    1826480 bytes,   17587624 total
- age   7:    1451064 bytes,   19038688 total
- age   8:    1813816 bytes,   20852504 total
: 109248K->21824K(109248K), 0.0087436 secs] 191117K->103971K(502464K), 0.0088007 secs] [Times: user=0.03 sys=0.00, real=0.01 secs] 
Heap after GC invocations=564 (full 11):
 par new generation   total 109248K, used 21824K [0x00000007a0000000, 0x00000007a8000000, 0x00000007a8000000)
  eden space 87424K,   0% used [0x00000007a0000000, 0x00000007a0000000, 0x00000007a5560000)
  from space 21824K, 100% used [0x00000007a5560000, 0x00000007a6ab0000, 0x00000007a6ab0000)
  to   space 21824K,   0% used [0x00000007a6ab0000, 0x00000007a6ab0000, 0x00000007a8000000)
 concurrent mark-sweep generation total 393216K, used 82147K [0x00000007a8000000, 0x00000007c0000000, 0x00000007c0000000)
 Metaspace       used 36178K, capacity 36808K, committed 37136K, reserved 1081344K
  class space    used 4113K, capacity 4279K, committed 4372K, reserved 1048576K
}
2016-10-23T18:05:54.003+0800: 119.008: Total time for which application threads were stopped: 0.0090507 seconds, Stopping threads took: 0.0000519 seconds
{Heap before GC invocations=564 (full 11):
 par new generation   total 109248K, used 109248K [0x00000007a0000000, 0x00000007a8000000, 0x00000007a8000000)
  eden space 87424K, 100% used [0x00000007a0000000, 0x00000007a5560000, 0x00000007a5560000)
  from space 21824K, 100% used [0x00000007a5560000, 0x00000007a6ab0000, 0x00000007a6ab0000)
  to   space 21824K,   0% used [0x00000007a6ab0000, 0x00000007a6ab0000, 0x00000007a8000000)
 concurrent mark-sweep generation total 393216K, used 82147K [0x00000007a8000000, 0x00000007c0000000, 0x00000007c0000000)
 Metaspace       used 36182K, capacity 36808K, committed 37136K, reserved 1081344K
  class space    used 4113K, capacity 4279K, committed 4372K, reserved 1048576K
2016-10-23T18:05:54.130+0800: 119.135: [GC (Allocation Failure) 2016-10-23T18:05:54.130+0800: 119.135: [ParNew
Desired survivor size 20112992 bytes, new threshold 8 (max 8)
- age   1:    6125968 bytes,    6125968 total
- age   2:     582656 bytes,    6708624 total
- age   3:     913056 bytes,    7621680 total
- age   4:    6219912 bytes,   13841592 total
- age   5:    2227696 bytes,   16069288 total
- age   6:    2048384 bytes,   18117672 total
- age   7:     935960 bytes,   19053632 total
- age   8:     591128 bytes,   19644760 total
: 109248K->21824K(109248K), 0.0090182 secs] 191395K->109207K(502464K), 0.0090821 secs] [Times: user=0.03 sys=0.00, real=0.00 secs] 
Heap after GC invocations=565 (full 11):
 par new generation   total 109248K, used 21824K [0x00000007a0000000, 0x00000007a8000000, 0x00000007a8000000)
  eden space 87424K,   0% used [0x00000007a0000000, 0x00000007a0000000, 0x00000007a5560000)
  from space 21824K, 100% used [0x00000007a6ab0000, 0x00000007a8000000, 0x00000007a8000000)
  to   space 21824K,   0% used [0x00000007a5560000, 0x00000007a5560000, 0x00000007a6ab0000)
 concurrent mark-sweep generation total 393216K, used 87383K [0x00000007a8000000, 0x00000007c0000000, 0x00000007c0000000)
 Metaspace       used 36182K, capacity 36808K, committed 37136K, reserved 1081344K
  class space    used 4113K, capacity 4279K, committed 4372K, reserved 1048576K
}
2016-10-23T18:05:54.139+0800: 119.144: Total time for which application threads were stopped: 0.0093114 seconds, Stopping threads took: 0.0000644 seconds
{Heap before GC invocations=565 (full 11):
 par new generation   total 109248K, used 109248K [0x00000007a0000000, 0x00000007a8000000, 0x00000007a8000000)
  eden space 87424K, 100% used [0x00000007a0000000, 0x00000007a5560000, 0x00000007a5560000)
  from space 21824K, 100% used [0x00000007a6ab0000, 0x00000007a8000000, 0x00000007a8000000)
  to   space 21824K,   0% used [0x00000007a5560000, 0x00000007a5560000, 0x00000007a6ab0000)
 concurrent mark-sweep generation total 393216K, used 87383K [0x00000007a8000000, 0x00000007c0000000, 0x00000007c0000000)
 Metaspace       used 36182K, capacity 36808K, committed 37136K, reserved 1081344K
  class space    used 4113K, capacity 4279K, committed 4372K, reserved 1048576K
2016-10-23T18:05:54.278+0800: 119.283: [GC (Allocation Failure) 2016-10-23T18:05:54.278+0800: 119.283: [ParNew
Desired survivor size 20112992 bytes, new threshold 8 (max 8)
- age   1:    4779368 bytes,    4779368 total
- age   2:    2967952 bytes,    7747320 total
- age   3:     413960 bytes,    8161280 total
- age   4:     814104 bytes,    8975384 total
- age   5:    5867624 bytes,   14843008 total
- age   6:    2137536 bytes,   16980544 total
- age   7:    1968128 bytes,   18948672 total
- age   8:     848608 bytes,   19797280 total
: 109248K->21824K(109248K), 0.0073233 secs] 196631K->113473K(502464K), 0.0073854 secs] [Times: user=0.03 sys=0.00, real=0.01 secs] 
Heap after GC invocations=566 (full 11):
 par new generation   total 109248K, used 21824K [0x00000007a0000000, 0x00000007a8000000, 0x00000007a8000000)
  eden space 87424K,   0% used [0x00000007a0000000, 0x00000007a0000000, 0x00000007a5560000)
  from space 21824K, 100% used [0x00000007a5560000, 0x00000007a6ab0000, 0x00000007a6ab0000)
  to   space 21824K,   0% used [0x00000007a6ab0000, 0x00000007a6ab0000, 0x00000007a8000000)
 concurrent mark-sweep generation total 393216K, used 91649K [0x00000007a8000000, 0x00000007c0000000, 0x00000007c0000000)
 Metaspace       used 36182K, capacity 36808K, committed 37136K, reserved 1081344K
  class space    used 4113K, capacity 4279K, committed 4372K, reserved 1048576K
}
2016-10-23T18:05:54.285+0800: 119.290: Total time for which application threads were stopped: 0.0076353 seconds, Stopping threads took: 0.0000954 seconds
{Heap before GC invocations=566 (full 11):
 par new generation   total 109248K, used 109248K [0x00000007a0000000, 0x00000007a8000000, 0x00000007a8000000)
  eden space 87424K, 100% used [0x00000007a0000000, 0x00000007a5560000, 0x00000007a5560000)
  from space 21824K, 100% used [0x00000007a5560000, 0x00000007a6ab0000, 0x00000007a6ab0000)
  to   space 21824K,   0% used [0x00000007a6ab0000, 0x00000007a6ab0000, 0x00000007a8000000)
 concurrent mark-sweep generation total 393216K, used 91649K [0x00000007a8000000, 0x00000007c0000000, 0x00000007c0000000)
 Metaspace       used 36182K, capacity 36808K, committed 37136K, reserved 1081344K
  class space    used 4113K, capacity 4279K, committed 4372K, reserved 1048576K
2016-10-23T18:05:54.418+0800: 119.423: [GC (Allocation Failure) 2016-10-23T18:05:54.418+0800: 119.423: [ParNew
Desired survivor size 20112992 bytes, new threshold 8 (max 8)
- age   1:    5090296 bytes,    5090296 total
- age   2:    2293608 bytes,    7383904 total
- age   3:    2305504 bytes,    9689408 total
- age   4:     347616 bytes,   10037024 total
- age   5:     752336 bytes,   10789360 total
- age   6:    5845768 bytes,   16635128 total
- age   7:    2076736 bytes,   18711864 total
- age   8:    1928872 bytes,   20640736 total
: 109248K->21824K(109248K), 0.0093223 secs] 200897K->117489K(502464K), 0.0093973 secs] [Times: user=0.03 sys=0.00, real=0.01 secs] 
Heap after GC invocations=567 (full 11):
 par new generation   total 109248K, used 21824K [0x00000007a0000000, 0x00000007a8000000, 0x00000007a8000000)
  eden space 87424K,   0% used [0x00000007a0000000, 0x00000007a0000000, 0x00000007a5560000)
  from space 21824K, 100% used [0x00000007a6ab0000, 0x00000007a8000000, 0x00000007a8000000)
  to   space 21824K,   0% used [0x00000007a5560000, 0x00000007a5560000, 0x00000007a6ab0000)
 concurrent mark-sweep generation total 393216K, used 95665K [0x00000007a8000000, 0x00000007c0000000, 0x00000007c0000000)
 Metaspace       used 36182K, capacity 36808K, committed 37136K, reserved 1081344K
  class space    used 4113K, capacity 4279K, committed 4372K, reserved 1048576K
}
2016-10-23T18:05:54.428+0800: 119.433: Total time for which application threads were stopped: 0.0096208 seconds, Stopping threads took: 0.0000661 seconds
{Heap before GC invocations=567 (full 11):
 par new generation   total 109248K, used 109248K [0x00000007a0000000, 0x00000007a8000000, 0x00000007a8000000)
  eden space 87424K, 100% used [0x00000007a0000000, 0x00000007a5560000, 0x00000007a5560000)
  from space 21824K, 100% used [0x00000007a6ab0000, 0x00000007a8000000, 0x00000007a8000000)
  to   space 21824K,   0% used [0x00000007a5560000, 0x00000007a5560000, 0x00000007a6ab0000)
 concurrent mark-sweep generation total 393216K, used 95665K [0x00000007a8000000, 0x00000007c0000000, 0x00000007c0000000)
 Metaspace       used 36182K, capacity 36808K, committed 37136K, reserved 1081344K
  class space    used 4113K, capacity 4279K, committed 4372K, reserved 1048576K
2016-10-23T18:05:54.558+0800: 119.563: [GC (Allocation Failure) 2016-10-23T18:05:54.558+0800: 119.563: [ParNew
Desired survivor size 20112992 bytes, new threshold 8 (max 8)
- age   1:    6569088 bytes,    6569088 total
- age   2:    1778920 bytes,    8348008 total
- age   3:    1338560 bytes,    9686568 total
- age   4:    2180448 bytes,   11867016 total
- age   5:     324176 bytes,   12191192 total
- age   6:     693888 bytes,   12885080 total
- age   7:    5704240 bytes,   18589320 total
- age   8:    1898984 bytes,   20488304 total
: 109248K->21824K(109248K), 0.0089362 secs] 204913K->122417K(502464K), 0.0090080 secs] [Times: user=0.03 sys=0.00, real=0.01 secs] 
Heap after GC invocations=568 (full 11):
 par new generation   total 109248K, used 21824K [0x00000007a0000000, 0x00000007a8000000, 0x00000007a8000000)
  eden space 87424K,   0% used [0x00000007a0000000, 0x00000007a0000000, 0x00000007a5560000)
  from space 21824K, 100% used [0x00000007a5560000, 0x00000007a6ab0000, 0x00000007a6ab0000)
  to   space 21824K,   0% used [0x00000007a6ab0000, 0x00000007a6ab0000, 0x00000007a8000000)
 concurrent mark-sweep generation total 393216K, used 100593K [0x00000007a8000000, 0x00000007c0000000, 0x00000007c0000000)
 Metaspace       used 36182K, capacity 36808K, committed 37136K, reserved 1081344K
  class space    used 4113K, capacity 4279K, committed 4372K, reserved 1048576K
}
2016-10-23T18:05:54.567+0800: 119.572: Total time for which application threads were stopped: 0.0092128 seconds, Stopping threads took: 0.0000554 seconds
{Heap before GC invocations=568 (full 11):
 par new generation   total 109248K, used 109248K [0x00000007a0000000, 0x00000007a8000000, 0x00000007a8000000)
  eden space 87424K, 100% used [0x00000007a0000000, 0x00000007a5560000, 0x00000007a5560000)
  from space 21824K, 100% used [0x00000007a5560000, 0x00000007a6ab0000, 0x00000007a6ab0000)
  to   space 21824K,   0% used [0x00000007a6ab0000, 0x00000007a6ab0000, 0x00000007a8000000)
 concurrent mark-sweep generation total 393216K, used 100593K [0x00000007a8000000, 0x00000007c0000000, 0x00000007c0000000)
 Metaspace       used 36182K, capacity 36808K, committed 37136K, reserved 1081344K
  class space    used 4113K, capacity 4279K, committed 4372K, reserved 1048576K
2016-10-23T18:05:54.700+0800: 119.705: [GC (Allocation Failure) 2016-10-23T18:05:54.700+0800: 119.705: [ParNew
Desired survivor size 20112992 bytes, new threshold 8 (max 8)
- age   1:    7061376 bytes,    7061376 total
- age   2:    2032208 bytes,    9093584 total
- age   3:    1498880 bytes,   10592464 total
- age   4:    1173200 bytes,   11765664 total
- age   5:    1616808 bytes,   13382472 total
- age   6:     317920 bytes,   13700392 total
- age   7:     687824 bytes,   14388216 total
- age   8:    5701032 bytes,   20089248 total
: 109248K->21824K(109248K), 0.0102283 secs] 209841K->128798K(502464K), 0.0103109 secs] [Times: user=0.03 sys=0.00, real=0.01 secs] 
Heap after GC invocations=569 (full 11):
 par new generation   total 109248K, used 21824K [0x00000007a0000000, 0x00000007a8000000, 0x00000007a8000000)
  eden space 87424K,   0% used [0x00000007a0000000, 0x00000007a0000000, 0x00000007a5560000)
  from space 21824K, 100% used [0x00000007a6ab0000, 0x00000007a8000000, 0x00000007a8000000)
  to   space 21824K,   0% used [0x00000007a5560000, 0x00000007a5560000, 0x00000007a6ab0000)
 concurrent mark-sweep generation total 393216K, used 106974K [0x00000007a8000000, 0x00000007c0000000, 0x00000007c0000000)
 Metaspace       used 36182K, capacity 36808K, committed 37136K, reserved 1081344K
  class space    used 4113K, capacity 4279K, committed 4372K, reserved 1048576K
}
2016-10-23T18:05:54.710+0800: 119.715: Total time for which application threads were stopped: 0.0105815 seconds, Stopping threads took: 0.0001100 seconds
{Heap before GC invocations=569 (full 11):
 par new generation   total 109248K, used 109248K [0x00000007a0000000, 0x00000007a8000000, 0x00000007a8000000)
  eden space 87424K, 100% used [0x00000007a0000000, 0x00000007a5560000, 0x00000007a5560000)
  from space 21824K, 100% used [0x00000007a6ab0000, 0x00000007a8000000, 0x00000007a8000000)
  to   space 21824K,   0% used [0x00000007a5560000, 0x00000007a5560000, 0x00000007a6ab0000)
 concurrent mark-sweep generation total 393216K, used 106974K [0x00000007a8000000, 0x00000007c0000000, 0x00000007c0000000)
 Metaspace       used 36182K, capacity 36808K, committed 37136K, reserved 1081344K
  class space    used 4113K, capacity 4279K, committed 4372K, reserved 1048576K
2016-10-23T18:05:54.835+0800: 119.840: [GC (Allocation Failure) 2016-10-23T18:05:54.835+0800: 119.840: [ParNew
Desired survivor size 20112992 bytes, new threshold 8 (max 8)
- age   1:    8037840 bytes,    8037840 total
- age   2:    2813624 bytes,   10851464 total
- age   3:    1717424 bytes,   12568888 total
- age   4:    1335952 bytes,   13904840 total
- age   5:    1080640 bytes,   14985480 total
- age   6:    1357800 bytes,   16343280 total
- age   7:     312848 bytes,   16656128 total
- age   8:     673136 bytes,   17329264 total
: 109248K->21824K(109248K), 0.0091128 secs] 216222K->137769K(502464K), 0.0091789 secs] [Times: user=0.03 sys=0.01, real=0.01 secs] 
Heap after GC invocations=570 (full 11):
 par new generation   total 109248K, used 21824K [0x00000007a0000000, 0x00000007a8000000, 0x00000007a8000000)
  eden space 87424K,   0% used [0x00000007a0000000, 0x00000007a0000000, 0x00000007a5560000)
  from space 21824K, 100% used [0x00000007a5560000, 0x00000007a6ab0000, 0x00000007a6ab0000)
  to   space 21824K,   0% used [0x00000007a6ab0000, 0x00000007a6ab0000, 0x00000007a8000000)
 concurrent mark-sweep generation total 393216K, used 115945K [0x00000007a8000000, 0x00000007c0000000, 0x00000007c0000000)
 Metaspace       used 36182K, capacity 36808K, committed 37136K, reserved 1081344K
  class space    used 4113K, capacity 4279K, committed 4372K, reserved 1048576K
}
2016-10-23T18:05:54.844+0800: 119.849: Total time for which application threads were stopped: 0.0094473 seconds, Stopping threads took: 0.0000896 seconds
{Heap before GC invocations=570 (full 11):
 par new generation   total 109248K, used 109248K [0x00000007a0000000, 0x00000007a8000000, 0x00000007a8000000)
  eden space 87424K, 100% used [0x00000007a0000000, 0x00000007a5560000, 0x00000007a5560000)
  from space 21824K, 100% used [0x00000007a5560000, 0x00000007a6ab0000, 0x00000007a6ab0000)
  to   space 21824K,   0% used [0x00000007a6ab0000, 0x00000007a6ab0000, 0x00000007a8000000)
 concurrent mark-sweep generation total 393216K, used 115945K [0x00000007a8000000, 0x00000007c0000000, 0x00000007c0000000)
 Metaspace       used 36182K, capacity 36808K, committed 37136K, reserved 1081344K
  class space    used 4113K, capacity 4279K, committed 4372K, reserved 1048576K
2016-10-23T18:05:54.938+0800: 119.943: [GC (Allocation Failure) 2016-10-23T18:05:54.938+0800: 119.943: [ParNew
Desired survivor size 20112992 bytes, new threshold 8 (max 8)
- age   1:    2050560 bytes,    2050560 total
- age   2:    8003744 bytes,   10054304 total
- age   3:    2723080 bytes,   12777384 total
- age   4:    1625136 bytes,   14402520 total
- age   5:    1263664 bytes,   15666184 total
- age   6:    1066736 bytes,   16732920 total
- age   7:    1346768 bytes,   18079688 total
- age   8:     312848 bytes,   18392536 total
: 109248K->21824K(109248K), 0.0074862 secs] 225193K->138791K(502464K), 0.0075511 secs] [Times: user=0.03 sys=0.00, real=0.01 secs] 
Heap after GC invocations=571 (full 11):
 par new generation   total 109248K, used 21824K [0x00000007a0000000, 0x00000007a8000000, 0x00000007a8000000)
  eden space 87424K,   0% used [0x00000007a0000000, 0x00000007a0000000, 0x00000007a5560000)
  from space 21824K, 100% used [0x00000007a6ab0000, 0x00000007a8000000, 0x00000007a8000000)
  to   space 21824K,   0% used [0x00000007a5560000, 0x00000007a5560000, 0x00000007a6ab0000)
 concurrent mark-sweep generation total 393216K, used 116967K [0x00000007a8000000, 0x00000007c0000000, 0x00000007c0000000)
 Metaspace       used 36182K, capacity 36808K, committed 37136K, reserved 1081344K
  class space    used 4113K, capacity 4279K, committed 4372K, reserved 1048576K
}
2016-10-23T18:05:54.945+0800: 119.950: Total time for which application threads were stopped: 0.0078216 seconds, Stopping threads took: 0.0000680 seconds
{Heap before GC invocations=571 (full 11):
 par new generation   total 109248K, used 109248K [0x00000007a0000000, 0x00000007a8000000, 0x00000007a8000000)
  eden space 87424K, 100% used [0x00000007a0000000, 0x00000007a5560000, 0x00000007a5560000)
  from space 21824K, 100% used [0x00000007a6ab0000, 0x00000007a8000000, 0x00000007a8000000)
  to   space 21824K,   0% used [0x00000007a5560000, 0x00000007a5560000, 0x00000007a6ab0000)
 concurrent mark-sweep generation total 393216K, used 116967K [0x00000007a8000000, 0x00000007c0000000, 0x00000007c0000000)
 Metaspace       used 36182K, capacity 36808K, committed 37136K, reserved 1081344K
  class space    used 4113K, capacity 4279K, committed 4372K, reserved 1048576K
2016-10-23T18:05:54.998+0800: 120.003: [GC (Allocation Failure) 2016-10-23T18:05:54.998+0800: 120.003: [ParNew
Desired survivor size 20112992 bytes, new threshold 8 (max 8)
- age   1:    1791152 bytes,    1791152 total
- age   2:    1146760 bytes,    2937912 total
- age   3:    7515728 bytes,   10453640 total
- age   4:    2055672 bytes,   12509312 total
- age   5:    1219392 bytes,   13728704 total
- age   6:    1185720 bytes,   14914424 total
- age   7:     990256 bytes,   15904680 total
- age   8:    1283864 bytes,   17188544 total
: 109248K->21824K(109248K), 0.0061685 secs] 226215K->140441K(502464K), 0.0062137 secs] [Times: user=0.02 sys=0.01, real=0.01 secs] 
Heap after GC invocations=572 (full 11):
 par new generation   total 109248K, used 21824K [0x00000007a0000000, 0x00000007a8000000, 0x00000007a8000000)
  eden space 87424K,   0% used [0x00000007a0000000, 0x00000007a0000000, 0x00000007a5560000)
  from space 21824K, 100% used [0x00000007a5560000, 0x00000007a6ab0000, 0x00000007a6ab0000)
  to   space 21824K,   0% used [0x00000007a6ab0000, 0x00000007a6ab0000, 0x00000007a8000000)
 concurrent mark-sweep generation total 393216K, used 118617K [0x00000007a8000000, 0x00000007c0000000, 0x00000007c0000000)
 Metaspace       used 36182K, capacity 36808K, committed 37136K, reserved 1081344K
  class space    used 4113K, capacity 4279K, committed 4372K, reserved 1048576K
}
2016-10-23T18:05:55.004+0800: 120.009: Total time for which application threads were stopped: 0.0064333 seconds, Stopping threads took: 0.0000632 seconds
2016-10-23T18:05:55.034+0800: 120.039: Total time for which application threads were stopped: 0.0001581 seconds, Stopping threads took: 0.0000715 seconds
{Heap before GC invocations=572 (full 11):
 par new generation   total 109248K, used 109248K [0x00000007a0000000, 0x00000007a8000000, 0x00000007a8000000)
  eden space 87424K, 100% used [0x00000007a0000000, 0x00000007a5560000, 0x00000007a5560000)
  from space 21824K, 100% used [0x00000007a5560000, 0x00000007a6ab0000, 0x00000007a6ab0000)
  to   space 21824K,   0% used [0x00000007a6ab0000, 0x00000007a6ab0000, 0x00000007a8000000)
 concurrent mark-sweep generation total 393216K, used 118617K [0x00000007a8000000, 0x00000007c0000000, 0x00000007c0000000)
 Metaspace       used 36182K, capacity 36808K, committed 37136K, reserved 1081344K
  class space    used 4113K, capacity 4279K, committed 4372K, reserved 1048576K
2016-10-23T18:05:55.131+0800: 120.136: [GC (Allocation Failure) 2016-10-23T18:05:55.131+0800: 120.136: [ParNew
Desired survivor size 20112992 bytes, new threshold 8 (max 8)
- age   1:    5185272 bytes,    5185272 total
- age   2:     795200 bytes,    5980472 total
- age   3:     987256 bytes,    6967728 total
- age   4:    7373864 bytes,   14341592 total
- age   5:    2004664 bytes,   16346256 total
- age   6:    1161856 bytes,   17508112 total
- age   7:    1158360 bytes,   18666472 total
- age   8:     967336 bytes,   19633808 total
: 109248K->21824K(109248K), 0.0065956 secs] 227865K->141686K(502464K), 0.0066508 secs] [Times: user=0.02 sys=0.00, real=0.00 secs] 
Heap after GC invocations=573 (full 11):
 par new generation   total 109248K, used 21824K [0x00000007a0000000, 0x00000007a8000000, 0x00000007a8000000)
  eden space 87424K,   0% used [0x00000007a0000000, 0x00000007a0000000, 0x00000007a5560000)
  from space 21824K, 100% used [0x00000007a6ab0000, 0x00000007a8000000, 0x00000007a8000000)
  to   space 21824K,   0% used [0x00000007a5560000, 0x00000007a5560000, 0x00000007a6ab0000)
 concurrent mark-sweep generation total 393216K, used 119862K [0x00000007a8000000, 0x00000007c0000000, 0x00000007c0000000)
 Metaspace       used 36182K, capacity 36808K, committed 37136K, reserved 1081344K
  class space    used 4113K, capacity 4279K, committed 4372K, reserved 1048576K
}
2016-10-23T18:05:55.137+0800: 120.142: Total time for which application threads were stopped: 0.0069194 seconds, Stopping threads took: 0.0000947 seconds
{Heap before GC invocations=573 (full 11):
 par new generation   total 109248K, used 109248K [0x00000007a0000000, 0x00000007a8000000, 0x00000007a8000000)
  eden space 87424K, 100% used [0x00000007a0000000, 0x00000007a5560000, 0x00000007a5560000)
  from space 21824K, 100% used [0x00000007a6ab0000, 0x00000007a8000000, 0x00000007a8000000)
  to   space 21824K,   0% used [0x00000007a5560000, 0x00000007a5560000, 0x00000007a6ab0000)
 concurrent mark-sweep generation total 393216K, used 119862K [0x00000007a8000000, 0x00000007c0000000, 0x00000007c0000000)
 Metaspace       used 36182K, capacity 36808K, committed 37136K, reserved 1081344K
  class space    used 4113K, capacity 4279K, committed 4372K, reserved 1048576K
2016-10-23T18:05:55.263+0800: 120.268: [GC (Allocation Failure) 2016-10-23T18:05:55.263+0800: 120.268: [ParNew
Desired survivor size 20112992 bytes, new threshold 7 (max 8)
- age   1:    5779696 bytes,    5779696 total
- age   2:    2769632 bytes,    8549328 total
- age   3:     496720 bytes,    9046048 total
- age   4:     929352 bytes,    9975400 total
- age   5:    7012392 bytes,   16987792 total
- age   6:    2004664 bytes,   18992456 total
- age   7:    1161856 bytes,   20154312 total
- age   8:    1158360 bytes,   21312672 total
: 109248K->21824K(109248K), 0.0070234 secs] 229110K->144267K(502464K), 0.0070883 secs] [Times: user=0.02 sys=0.00, real=0.01 secs] 
Heap after GC invocations=574 (full 11):
 par new generation   total 109248K, used 21824K [0x00000007a0000000, 0x00000007a8000000, 0x00000007a8000000)
  eden space 87424K,   0% used [0x00000007a0000000, 0x00000007a0000000, 0x00000007a5560000)
  from space 21824K, 100% used [0x00000007a5560000, 0x00000007a6ab0000, 0x00000007a6ab0000)
  to   space 21824K,   0% used [0x00000007a6ab0000, 0x00000007a6ab0000, 0x00000007a8000000)
 concurrent mark-sweep generation total 393216K, used 122443K [0x00000007a8000000, 0x00000007c0000000, 0x00000007c0000000)
 Metaspace       used 36182K, capacity 36808K, committed 37136K, reserved 1081344K
  class space    used 4113K, capacity 4279K, committed 4372K, reserved 1048576K
}
2016-10-23T18:05:55.270+0800: 120.276: Total time for which application threads were stopped: 0.0073910 seconds, Stopping threads took: 0.0001054 seconds
{Heap before GC invocations=574 (full 11):
 par new generation   total 109248K, used 109248K [0x00000007a0000000, 0x00000007a8000000, 0x00000007a8000000)
  eden space 87424K, 100% used [0x00000007a0000000, 0x00000007a5560000, 0x00000007a5560000)
  from space 21824K, 100% used [0x00000007a5560000, 0x00000007a6ab0000, 0x00000007a6ab0000)
  to   space 21824K,   0% used [0x00000007a6ab0000, 0x00000007a6ab0000, 0x00000007a8000000)
 concurrent mark-sweep generation total 393216K, used 122443K [0x00000007a8000000, 0x00000007c0000000, 0x00000007c0000000)
 Metaspace       used 36182K, capacity 36808K, committed 37136K, reserved 1081344K
  class space    used 4113K, capacity 4279K, committed 4372K, reserved 1048576K
2016-10-23T18:05:55.399+0800: 120.404: [GC (Allocation Failure) 2016-10-23T18:05:55.399+0800: 120.404: [ParNew
Desired survivor size 20112992 bytes, new threshold 8 (max 8)
- age   1:    4543112 bytes,    4543112 total
- age   2:    2908408 bytes,    7451520 total
- age   3:    2529960 bytes,    9981480 total
- age   4:     477168 bytes,   10458648 total
- age   5:     924616 bytes,   11383264 total
- age   6:    6026216 bytes,   17409480 total
- age   7:    1861120 bytes,   19270600 total
: 109248K->21824K(109248K), 0.0085401 secs] 231691K->150266K(502464K), 0.0086070 secs] [Times: user=0.03 sys=0.00, real=0.01 secs] 
Heap after GC invocations=575 (full 11):
 par new generation   total 109248K, used 21824K [0x00000007a0000000, 0x00000007a8000000, 0x00000007a8000000)
  eden space 87424K,   0% used [0x00000007a0000000, 0x00000007a0000000, 0x00000007a5560000)
  from space 21824K, 100% used [0x00000007a6ab0000, 0x00000007a8000000, 0x00000007a8000000)
  to   space 21824K,   0% used [0x00000007a5560000, 0x00000007a5560000, 0x00000007a6ab0000)
 concurrent mark-sweep generation total 393216K, used 128442K [0x00000007a8000000, 0x00000007c0000000, 0x00000007c0000000)
 Metaspace       used 36182K, capacity 36808K, committed 37136K, reserved 1081344K
  class space    used 4113K, capacity 4279K, committed 4372K, reserved 1048576K
}
2016-10-23T18:05:55.408+0800: 120.413: Total time for which application threads were stopped: 0.0088217 seconds, Stopping threads took: 0.0000722 seconds
{Heap before GC invocations=575 (full 11):
 par new generation   total 109248K, used 109182K [0x00000007a0000000, 0x00000007a8000000, 0x00000007a8000000)
  eden space 87424K,  99% used [0x00000007a0000000, 0x00000007a554fa08, 0x00000007a5560000)
  from space 21824K, 100% used [0x00000007a6ab0000, 0x00000007a8000000, 0x00000007a8000000)
  to   space 21824K,   0% used [0x00000007a5560000, 0x00000007a5560000, 0x00000007a6ab0000)
 concurrent mark-sweep generation total 393216K, used 128442K [0x00000007a8000000, 0x00000007c0000000, 0x00000007c0000000)
 Metaspace       used 36182K, capacity 36808K, committed 37136K, reserved 1081344K
  class space    used 4113K, capacity 4279K, committed 4372K, reserved 1048576K
2016-10-23T18:05:55.535+0800: 120.540: [GC (Allocation Failure) 2016-10-23T18:05:55.535+0800: 120.540: [ParNew
Desired survivor size 20112992 bytes, new threshold 8 (max 8)
- age   1:    6210928 bytes,    6210928 total
- age   2:    1594632 bytes,    7805560 total
- age   3:    2552320 bytes,   10357880 total
- age   4:    1730768 bytes,   12088648 total
- age   5:     448752 bytes,   12537400 total
- age   6:     873752 bytes,   13411152 total
- age   7:    5594968 bytes,   19006120 total
- age   8:    1720392 bytes,   20726512 total
: 109182K->21824K(109248K), 0.0098545 secs] 237625K->154380K(502464K), 0.0099283 secs] [Times: user=0.04 sys=0.00, real=0.01 secs] 
Heap after GC invocations=576 (full 11):
 par new generation   total 109248K, used 21824K [0x00000007a0000000, 0x00000007a8000000, 0x00000007a8000000)
  eden space 87424K,   0% used [0x00000007a0000000, 0x00000007a0000000, 0x00000007a5560000)
  from space 21824K, 100% used [0x00000007a5560000, 0x00000007a6ab0000, 0x00000007a6ab0000)
  to   space 21824K,   0% used [0x00000007a6ab0000, 0x00000007a6ab0000, 0x00000007a8000000)
 concurrent mark-sweep generation total 393216K, used 132556K [0x00000007a8000000, 0x00000007c0000000, 0x00000007c0000000)
 Metaspace       used 36182K, capacity 36808K, committed 37136K, reserved 1081344K
  class space    used 4113K, capacity 4279K, committed 4372K, reserved 1048576K
}
2016-10-23T18:05:55.545+0800: 120.550: Total time for which application threads were stopped: 0.0101851 seconds, Stopping threads took: 0.0000809 seconds
{Heap before GC invocations=576 (full 11):
 par new generation   total 109248K, used 109248K [0x00000007a0000000, 0x00000007a8000000, 0x00000007a8000000)
  eden space 87424K, 100% used [0x00000007a0000000, 0x00000007a5560000, 0x00000007a5560000)
  from space 21824K, 100% used [0x00000007a5560000, 0x00000007a6ab0000, 0x00000007a6ab0000)
  to   space 21824K,   0% used [0x00000007a6ab0000, 0x00000007a6ab0000, 0x00000007a8000000)
 concurrent mark-sweep generation total 393216K, used 132556K [0x00000007a8000000, 0x00000007c0000000, 0x00000007c0000000)
 Metaspace       used 36182K, capacity 36808K, committed 37136K, reserved 1081344K
  class space    used 4113K, capacity 4279K, committed 4372K, reserved 1048576K
2016-10-23T18:05:55.680+0800: 120.685: [GC (Allocation Failure) 2016-10-23T18:05:55.680+0800: 120.685: [ParNew
Desired survivor size 20112992 bytes, new threshold 8 (max 8)
- age   1:    8765640 bytes,    8765640 total
- age   2:    2044720 bytes,   10810360 total
- age   3:    1048640 bytes,   11859000 total
- age   4:     814320 bytes,   12673320 total
- age   5:    1105368 bytes,   13778688 total
- age   6:     412592 bytes,   14191280 total
- age   7:     802952 bytes,   14994232 total
- age   8:    5449144 bytes,   20443376 total
: 109248K->21824K(109248K), 0.0096623 secs] 241804K->159921K(502464K), 0.0097195 secs] [Times: user=0.04 sys=0.00, real=0.00 secs] 
Heap after GC invocations=577 (full 11):
 par new generation   total 109248K, used 21824K [0x00000007a0000000, 0x00000007a8000000, 0x00000007a8000000)
  eden space 87424K,   0% used [0x00000007a0000000, 0x00000007a0000000, 0x00000007a5560000)
  from space 21824K, 100% used [0x00000007a6ab0000, 0x00000007a8000000, 0x00000007a8000000)
  to   space 21824K,   0% used [0x00000007a5560000, 0x00000007a5560000, 0x00000007a6ab0000)
 concurrent mark-sweep generation total 393216K, used 138097K [0x00000007a8000000, 0x00000007c0000000, 0x00000007c0000000)
 Metaspace       used 36182K, capacity 36808K, committed 37136K, reserved 1081344K
  class space    used 4113K, capacity 4279K, committed 4372K, reserved 1048576K
}
2016-10-23T18:05:55.689+0800: 120.695: Total time for which application threads were stopped: 0.0099886 seconds, Stopping threads took: 0.0000536 seconds
{Heap before GC invocations=577 (full 11):
 par new generation   total 109248K, used 109248K [0x00000007a0000000, 0x00000007a8000000, 0x00000007a8000000)
  eden space 87424K, 100% used [0x00000007a0000000, 0x00000007a5560000, 0x00000007a5560000)
  from space 21824K, 100% used [0x00000007a6ab0000, 0x00000007a8000000, 0x00000007a8000000)
  to   space 21824K,   0% used [0x00000007a5560000, 0x00000007a5560000, 0x00000007a6ab0000)
 concurrent mark-sweep generation total 393216K, used 138097K [0x00000007a8000000, 0x00000007c0000000, 0x00000007c0000000)
 Metaspace       used 36183K, capacity 36808K, committed 37136K, reserved 1081344K
  class space    used 4113K, capacity 4279K, committed 4372K, reserved 1048576K
2016-10-23T18:05:55.821+0800: 120.826: [GC (Allocation Failure) 2016-10-23T18:05:55.821+0800: 120.826: [ParNew
Desired survivor size 20112992 bytes, new threshold 8 (max 8)
- age   1:    9746416 bytes,    9746416 total
- age   2:    4149024 bytes,   13895440 total
- age   3:    1937504 bytes,   15832944 total
- age   4:     966832 bytes,   16799776 total
- age   5:     734344 bytes,   17534120 total
- age   6:    1034168 bytes,   18568288 total
- age   7:     395568 bytes,   18963856 total
- age   8:     771864 bytes,   19735720 total
: 109248K->21824K(109248K), 0.0080830 secs] 247345K->165355K(502464K), 0.0081504 secs] [Times: user=0.02 sys=0.00, real=0.00 secs] 
Heap after GC invocations=578 (full 11):
 par new generation   total 109248K, used 21824K [0x00000007a0000000, 0x00000007a8000000, 0x00000007a8000000)
  eden space 87424K,   0% used [0x00000007a0000000, 0x00000007a0000000, 0x00000007a5560000)
  from space 21824K, 100% used [0x00000007a5560000, 0x00000007a6ab0000, 0x00000007a6ab0000)
  to   space 21824K,   0% used [0x00000007a6ab0000, 0x00000007a6ab0000, 0x00000007a8000000)
 concurrent mark-sweep generation total 393216K, used 143531K [0x00000007a8000000, 0x00000007c0000000, 0x00000007c0000000)
 Metaspace       used 36183K, capacity 36808K, committed 37136K, reserved 1081344K
  class space    used 4113K, capacity 4279K, committed 4372K, reserved 1048576K
}
2016-10-23T18:05:55.829+0800: 120.834: Total time for which application threads were stopped: 0.0083865 seconds, Stopping threads took: 0.0000802 seconds
{Heap before GC invocations=578 (full 11):
 par new generation   total 109248K, used 109248K [0x00000007a0000000, 0x00000007a8000000, 0x00000007a8000000)
  eden space 87424K, 100% used [0x00000007a0000000, 0x00000007a5560000, 0x00000007a5560000)
  from space 21824K, 100% used [0x00000007a5560000, 0x00000007a6ab0000, 0x00000007a6ab0000)
  to   space 21824K,   0% used [0x00000007a6ab0000, 0x00000007a6ab0000, 0x00000007a8000000)
 concurrent mark-sweep generation total 393216K, used 143531K [0x00000007a8000000, 0x00000007c0000000, 0x00000007c0000000)
 Metaspace       used 36183K, capacity 36808K, committed 37136K, reserved 1081344K
  class space    used 4113K, capacity 4279K, committed 4372K, reserved 1048576K
2016-10-23T18:05:55.924+0800: 120.929: [GC (Allocation Failure) 2016-10-23T18:05:55.924+0800: 120.929: [ParNew
Desired survivor size 20112992 bytes, new threshold 8 (max 8)
- age   1:    1581864 bytes,    1581864 total
- age   2:    7957424 bytes,    9539288 total
- age   3:    4279232 bytes,   13818520 total
- age   4:    1936832 bytes,   15755352 total
- age   5:     966640 bytes,   16721992 total
- age   6:     733816 bytes,   17455808 total
- age   7:    1033688 bytes,   18489496 total
- age   8:     395520 bytes,   18885016 total
: 109248K->21824K(109248K), 0.0062206 secs] 252779K->167960K(502464K), 0.0062836 secs] [Times: user=0.02 sys=0.00, real=0.01 secs] 
Heap after GC invocations=579 (full 11):
 par new generation   total 109248K, used 21824K [0x00000007a0000000, 0x00000007a8000000, 0x00000007a8000000)
  eden space 87424K,   0% used [0x00000007a0000000, 0x00000007a0000000, 0x00000007a5560000)
  from space 21824K, 100% used [0x00000007a6ab0000, 0x00000007a8000000, 0x00000007a8000000)
  to   space 21824K,   0% used [0x00000007a5560000, 0x00000007a5560000, 0x00000007a6ab0000)
 concurrent mark-sweep generation total 393216K, used 146136K [0x00000007a8000000, 0x00000007c0000000, 0x00000007c0000000)
 Metaspace       used 36183K, capacity 36808K, committed 37136K, reserved 1081344K
  class space    used 4113K, capacity 4279K, committed 4372K, reserved 1048576K
}
2016-10-23T18:05:55.930+0800: 120.935: Total time for which application threads were stopped: 0.0065258 seconds, Stopping threads took: 0.0000873 seconds
{Heap before GC invocations=579 (full 11):
 par new generation   total 109248K, used 109248K [0x00000007a0000000, 0x00000007a8000000, 0x00000007a8000000)
  eden space 87424K, 100% used [0x00000007a0000000, 0x00000007a5560000, 0x00000007a5560000)
  from space 21824K, 100% used [0x00000007a6ab0000, 0x00000007a8000000, 0x00000007a8000000)
  to   space 21824K,   0% used [0x00000007a5560000, 0x00000007a5560000, 0x00000007a6ab0000)
 concurrent mark-sweep generation total 393216K, used 146136K [0x00000007a8000000, 0x00000007c0000000, 0x00000007c0000000)
 Metaspace       used 36183K, capacity 36808K, committed 37136K, reserved 1081344K
  class space    used 4113K, capacity 4279K, committed 4372K, reserved 1048576K
2016-10-23T18:05:55.975+0800: 120.980: [GC (Allocation Failure) 2016-10-23T18:05:55.975+0800: 120.980: [ParNew
Desired survivor size 20112992 bytes, new threshold 8 (max 8)
- age   1:    1114856 bytes,    1114856 total
- age   2:    1058112 bytes,    2172968 total
- age   3:    7183672 bytes,    9356640 total
- age   4:    4016288 bytes,   13372928 total
- age   5:    1886928 bytes,   15259856 total
- age   6:     966624 bytes,   16226480 total
- age   7:     700936 bytes,   16927416 total
- age   8:     961712 bytes,   17889128 total
: 109248K->21824K(109248K), 0.0061310 secs] 255384K->169834K(502464K), 0.0062096 secs] [Times: user=0.02 sys=0.00, real=0.01 secs] 
Heap after GC invocations=580 (full 11):
 par new generation   total 109248K, used 21824K [0x00000007a0000000, 0x00000007a8000000, 0x00000007a8000000)
  eden space 87424K,   0% used [0x00000007a0000000, 0x00000007a0000000, 0x00000007a5560000)
  from space 21824K, 100% used [0x00000007a5560000, 0x00000007a6ab0000, 0x00000007a6ab0000)
  to   space 21824K,   0% used [0x00000007a6ab0000, 0x00000007a6ab0000, 0x00000007a8000000)
 concurrent mark-sweep generation total 393216K, used 148010K [0x00000007a8000000, 0x00000007c0000000, 0x00000007c0000000)
 Metaspace       used 36183K, capacity 36808K, committed 37136K, reserved 1081344K
  class space    used 4113K, capacity 4279K, committed 4372K, reserved 1048576K
}
2016-10-23T18:05:55.981+0800: 120.986: Total time for which application threads were stopped: 0.0064922 seconds, Stopping threads took: 0.0001109 seconds
{Heap before GC invocations=580 (full 11):
 par new generation   total 109248K, used 109248K [0x00000007a0000000, 0x00000007a8000000, 0x00000007a8000000)
  eden space 87424K, 100% used [0x00000007a0000000, 0x00000007a5560000, 0x00000007a5560000)
  from space 21824K, 100% used [0x00000007a5560000, 0x00000007a6ab0000, 0x00000007a6ab0000)
  to   space 21824K,   0% used [0x00000007a6ab0000, 0x00000007a6ab0000, 0x00000007a8000000)
 concurrent mark-sweep generation total 393216K, used 148010K [0x00000007a8000000, 0x00000007c0000000, 0x00000007c0000000)
 Metaspace       used 36183K, capacity 36808K, committed 37136K, reserved 1081344K
  class space    used 4113K, capacity 4279K, committed 4372K, reserved 1048576K
2016-10-23T18:05:56.028+0800: 121.033: [GC (Allocation Failure) 2016-10-23T18:05:56.028+0800: 121.033: [ParNew
Desired survivor size 20112992 bytes, new threshold 8 (max 8)
- age   1:    1335840 bytes,    1335840 total
- age   2:     471456 bytes,    1807296 total
- age   3:     938800 bytes,    2746096 total
- age   4:    5776808 bytes,    8522904 total
- age   5:    3832088 bytes,   12354992 total
- age   6:    1705608 bytes,   14060600 total
- age   7:     844048 bytes,   14904648 total
- age   8:     611904 bytes,   15516552 total
: 109248K->21824K(109248K), 0.0070723 secs] 257258K->173045K(502464K), 0.0071244 secs] [Times: user=0.02 sys=0.00, real=0.01 secs] 
Heap after GC invocations=581 (full 11):
 par new generation   total 109248K, used 21824K [0x00000007a0000000, 0x00000007a8000000, 0x00000007a8000000)
  eden space 87424K,   0% used [0x00000007a0000000, 0x00000007a0000000, 0x00000007a5560000)
  from space 21824K, 100% used [0x00000007a6ab0000, 0x00000007a8000000, 0x00000007a8000000)
  to   space 21824K,   0% used [0x00000007a5560000, 0x00000007a5560000, 0x00000007a6ab0000)
 concurrent mark-sweep generation total 393216K, used 151221K [0x00000007a8000000, 0x00000007c0000000, 0x00000007c0000000)
 Metaspace       used 36183K, capacity 36808K, committed 37136K, reserved 1081344K
  class space    used 4113K, capacity 4279K, committed 4372K, reserved 1048576K
}
2016-10-23T18:05:56.035+0800: 121.040: Total time for which application threads were stopped: 0.0073403 seconds, Stopping threads took: 0.0000667 seconds
{Heap before GC invocations=581 (full 11):
 par new generation   total 109248K, used 109248K [0x00000007a0000000, 0x00000007a8000000, 0x00000007a8000000)
  eden space 87424K, 100% used [0x00000007a0000000, 0x00000007a5560000, 0x00000007a5560000)
  from space 21824K, 100% used [0x00000007a6ab0000, 0x00000007a8000000, 0x00000007a8000000)
  to   space 21824K,   0% used [0x00000007a5560000, 0x00000007a5560000, 0x00000007a6ab0000)
 concurrent mark-sweep generation total 393216K, used 151221K [0x00000007a8000000, 0x00000007c0000000, 0x00000007c0000000)
 Metaspace       used 36184K, capacity 36808K, committed 37136K, reserved 1081344K
  class space    used 4113K, capacity 4279K, committed 4372K, reserved 1048576K
2016-10-23T18:05:56.117+0800: 121.122: [GC (Allocation Failure) 2016-10-23T18:05:56.117+0800: 121.122: [ParNew
Desired survivor size 20112992 bytes, new threshold 8 (max 8)
- age   1:    4803224 bytes,    4803224 total
- age   2:     866904 bytes,    5670128 total
- age   3:     393888 bytes,    6064016 total
- age   4:     916392 bytes,    6980408 total
- age   5:    5661000 bytes,   12641408 total
- age   6:    3756216 bytes,   16397624 total
- age   7:    1631304 bytes,   18028928 total
- age   8:     766864 bytes,   18795792 total
: 109248K->21824K(109248K), 0.0075216 secs] 260469K->173654K(502464K), 0.0075867 secs] [Times: user=0.03 sys=0.00, real=0.01 secs] 
Heap after GC invocations=582 (full 11):
 par new generation   total 109248K, used 21824K [0x00000007a0000000, 0x00000007a8000000, 0x00000007a8000000)
  eden space 87424K,   0% used [0x00000007a0000000, 0x00000007a0000000, 0x00000007a5560000)
  from space 21824K, 100% used [0x00000007a5560000, 0x00000007a6ab0000, 0x00000007a6ab0000)
  to   space 21824K,   0% used [0x00000007a6ab0000, 0x00000007a6ab0000, 0x00000007a8000000)
 concurrent mark-sweep generation total 393216K, used 151830K [0x00000007a8000000, 0x00000007c0000000, 0x00000007c0000000)
 Metaspace       used 36184K, capacity 36808K, committed 37136K, reserved 1081344K
  class space    used 4113K, capacity 4279K, committed 4372K, reserved 1048576K
}
2016-10-23T18:05:56.125+0800: 121.130: Total time for which application threads were stopped: 0.0078184 seconds, Stopping threads took: 0.0000806 seconds
{Heap before GC invocations=582 (full 11):
 par new generation   total 109248K, used 109248K [0x00000007a0000000, 0x00000007a8000000, 0x00000007a8000000)
  eden space 87424K, 100% used [0x00000007a0000000, 0x00000007a5560000, 0x00000007a5560000)
  from space 21824K, 100% used [0x00000007a5560000, 0x00000007a6ab0000, 0x00000007a6ab0000)
  to   space 21824K,   0% used [0x00000007a6ab0000, 0x00000007a6ab0000, 0x00000007a8000000)
 concurrent mark-sweep generation total 393216K, used 151830K [0x00000007a8000000, 0x00000007c0000000, 0x00000007c0000000)
 Metaspace       used 36184K, capacity 36808K, committed 37136K, reserved 1081344K
  class space    used 4113K, capacity 4279K, committed 4372K, reserved 1048576K
2016-10-23T18:05:56.186+0800: 121.191: [GC (Allocation Failure) 2016-10-23T18:05:56.186+0800: 121.191: [ParNew
Desired survivor size 20112992 bytes, new threshold 8 (max 8)
- age   1:    3389896 bytes,    3389896 total
- age   2:    3252728 bytes,    6642624 total
- age   3:     862344 bytes,    7504968 total
- age   4:     392640 bytes,    7897608 total
- age   5:     914856 bytes,    8812464 total
- age   6:    5659736 bytes,   14472200 total
- age   7:    3756216 bytes,   18228416 total
- age   8:    1631304 bytes,   19859720 total
: 109248K->21824K(109248K), 0.0071956 secs] 261078K->174470K(502464K), 0.0072476 secs] [Times: user=0.03 sys=0.00, real=0.01 secs] 
Heap after GC invocations=583 (full 11):
 par new generation   total 109248K, used 21824K [0x00000007a0000000, 0x00000007a8000000, 0x00000007a8000000)
  eden space 87424K,   0% used [0x00000007a0000000, 0x00000007a0000000, 0x00000007a5560000)
  from space 21824K, 100% used [0x00000007a6ab0000, 0x00000007a8000000, 0x00000007a8000000)
  to   space 21824K,   0% used [0x00000007a5560000, 0x00000007a5560000, 0x00000007a6ab0000)
 concurrent mark-sweep generation total 393216K, used 152646K [0x00000007a8000000, 0x00000007c0000000, 0x00000007c0000000)
 Metaspace       used 36184K, capacity 36808K, committed 37136K, reserved 1081344K
  class space    used 4113K, capacity 4279K, committed 4372K, reserved 1048576K
}
2016-10-23T18:05:56.193+0800: 121.198: Total time for which application threads were stopped: 0.0074504 seconds, Stopping threads took: 0.0000534 seconds
{Heap before GC invocations=583 (full 11):
 par new generation   total 109248K, used 109248K [0x00000007a0000000, 0x00000007a8000000, 0x00000007a8000000)
  eden space 87424K, 100% used [0x00000007a0000000, 0x00000007a5560000, 0x00000007a5560000)
  from space 21824K, 100% used [0x00000007a6ab0000, 0x00000007a8000000, 0x00000007a8000000)
  to   space 21824K,   0% used [0x00000007a5560000, 0x00000007a5560000, 0x00000007a6ab0000)
 concurrent mark-sweep generation total 393216K, used 152646K [0x00000007a8000000, 0x00000007c0000000, 0x00000007c0000000)
 Metaspace       used 36184K, capacity 36808K, committed 37136K, reserved 1081344K
  class space    used 4113K, capacity 4279K, committed 4372K, reserved 1048576K
2016-10-23T18:05:56.275+0800: 121.280: [GC (Allocation Failure) 2016-10-23T18:05:56.275+0800: 121.280: [ParNew
Desired survivor size 20112992 bytes, new threshold 8 (max 8)
- age   1:    5708528 bytes,    5708528 total
- age   2:    1353960 bytes,    7062488 total
- age   3:    3098392 bytes,   10160880 total
- age   4:     489656 bytes,   10650536 total
- age   5:     373456 bytes,   11023992 total
- age   6:     908256 bytes,   11932248 total
- age   7:    5314152 bytes,   17246400 total
- age   8:    3536400 bytes,   20782800 total
: 109248K->21824K(109248K), 0.0071325 secs] 261894K->176742K(502464K), 0.0071966 secs] [Times: user=0.03 sys=0.00, real=0.01 secs] 
Heap after GC invocations=584 (full 11):
 par new generation   total 109248K, used 21824K [0x00000007a0000000, 0x00000007a8000000, 0x00000007a8000000)
  eden space 87424K,   0% used [0x00000007a0000000, 0x00000007a0000000, 0x00000007a5560000)
  from space 21824K, 100% used [0x00000007a5560000, 0x00000007a6ab0000, 0x00000007a6ab0000)
  to   space 21824K,   0% used [0x00000007a6ab0000, 0x00000007a6ab0000, 0x00000007a8000000)
 concurrent mark-sweep generation total 393216K, used 154918K [0x00000007a8000000, 0x00000007c0000000, 0x00000007c0000000)
 Metaspace       used 36184K, capacity 36808K, committed 37136K, reserved 1081344K
  class space    used 4113K, capacity 4279K, committed 4372K, reserved 1048576K
}
2016-10-23T18:05:56.282+0800: 121.287: Total time for which application threads were stopped: 0.0073706 seconds, Stopping threads took: 0.0000189 seconds
{Heap before GC invocations=584 (full 11):
 par new generation   total 109248K, used 109248K [0x00000007a0000000, 0x00000007a8000000, 0x00000007a8000000)
  eden space 87424K, 100% used [0x00000007a0000000, 0x00000007a5560000, 0x00000007a5560000)
  from space 21824K, 100% used [0x00000007a5560000, 0x00000007a6ab0000, 0x00000007a6ab0000)
  to   space 21824K,   0% used [0x00000007a6ab0000, 0x00000007a6ab0000, 0x00000007a8000000)
 concurrent mark-sweep generation total 393216K, used 154918K [0x00000007a8000000, 0x00000007c0000000, 0x00000007c0000000)
 Metaspace       used 36184K, capacity 36808K, committed 37136K, reserved 1081344K
  class space    used 4113K, capacity 4279K, committed 4372K, reserved 1048576K
2016-10-23T18:05:56.387+0800: 121.392: [GC (Allocation Failure) 2016-10-23T18:05:56.387+0800: 121.392: [ParNew
Desired survivor size 20112992 bytes, new threshold 8 (max 8)
- age   1:    4018536 bytes,    4018536 total
- age   2:    2556504 bytes,    6575040 total
- age   3:    1196536 bytes,    7771576 total
- age   4:    1610464 bytes,    9382040 total
- age   5:     450528 bytes,    9832568 total
- age   6:     345776 bytes,   10178344 total
- age   7:     883360 bytes,   11061704 total
- age   8:    4102368 bytes,   15164072 total
: 109248K->21824K(109248K), 0.0102469 secs] 264166K->185430K(502464K), 0.0103166 secs] [Times: user=0.04 sys=0.00, real=0.01 secs] 
Heap after GC invocations=585 (full 11):
 par new generation   total 109248K, used 21824K [0x00000007a0000000, 0x00000007a8000000, 0x00000007a8000000)
  eden space 87424K,   0% used [0x00000007a0000000, 0x00000007a0000000, 0x00000007a5560000)
  from space 21824K, 100% used [0x00000007a6ab0000, 0x00000007a8000000, 0x00000007a8000000)
  to   space 21824K,   0% used [0x00000007a5560000, 0x00000007a5560000, 0x00000007a6ab0000)
 concurrent mark-sweep generation total 393216K, used 163606K [0x00000007a8000000, 0x00000007c0000000, 0x00000007c0000000)
 Metaspace       used 36184K, capacity 36808K, committed 37136K, reserved 1081344K
  class space    used 4113K, capacity 4279K, committed 4372K, reserved 1048576K
}
2016-10-23T18:05:56.397+0800: 121.403: Total time for which application threads were stopped: 0.0105631 seconds, Stopping threads took: 0.0000829 seconds
{Heap before GC invocations=585 (full 11):
 par new generation   total 109248K, used 109248K [0x00000007a0000000, 0x00000007a8000000, 0x00000007a8000000)
  eden space 87424K, 100% used [0x00000007a0000000, 0x00000007a5560000, 0x00000007a5560000)
  from space 21824K, 100% used [0x00000007a6ab0000, 0x00000007a8000000, 0x00000007a8000000)
  to   space 21824K,   0% used [0x00000007a5560000, 0x00000007a5560000, 0x00000007a6ab0000)
 concurrent mark-sweep generation total 393216K, used 163606K [0x00000007a8000000, 0x00000007c0000000, 0x00000007c0000000)
 Metaspace       used 36184K, capacity 36808K, committed 37136K, reserved 1081344K
  class space    used 4113K, capacity 4279K, committed 4372K, reserved 1048576K
2016-10-23T18:05:56.480+0800: 121.485: [GC (Allocation Failure) 2016-10-23T18:05:56.480+0800: 121.485: [ParNew
Desired survivor size 20112992 bytes, new threshold 8 (max 8)
- age   1:    5844760 bytes,    5844760 total
- age   2:    2300240 bytes,    8145000 total
- age   3:    2551784 bytes,   10696784 total
- age   4:    1194208 bytes,   11890992 total
- age   5:    1547152 bytes,   13438144 total
- age   6:     450528 bytes,   13888672 total
- age   7:     345776 bytes,   14234448 total
- age   8:     883360 bytes,   15117808 total
: 109248K->20994K(109248K), 0.0065814 secs] 272854K->188585K(502464K), 0.0066532 secs] [Times: user=0.02 sys=0.00, real=0.00 secs] 
Heap after GC invocations=586 (full 11):
 par new generation   total 109248K, used 20994K [0x00000007a0000000, 0x00000007a8000000, 0x00000007a8000000)
  eden space 87424K,   0% used [0x00000007a0000000, 0x00000007a0000000, 0x00000007a5560000)
  from space 21824K,  96% used [0x00000007a5560000, 0x00000007a69e0b40, 0x00000007a6ab0000)
  to   space 21824K,   0% used [0x00000007a6ab0000, 0x00000007a6ab0000, 0x00000007a8000000)
 concurrent mark-sweep generation total 393216K, used 167590K [0x00000007a8000000, 0x00000007c0000000, 0x00000007c0000000)
 Metaspace       used 36184K, capacity 36808K, committed 37136K, reserved 1081344K
  class space    used 4113K, capacity 4279K, committed 4372K, reserved 1048576K
}
2016-10-23T18:05:56.487+0800: 121.492: Total time for which application threads were stopped: 0.0069446 seconds, Stopping threads took: 0.0001083 seconds
{Heap before GC invocations=586 (full 11):
 par new generation   total 109248K, used 108418K [0x00000007a0000000, 0x00000007a8000000, 0x00000007a8000000)
  eden space 87424K, 100% used [0x00000007a0000000, 0x00000007a5560000, 0x00000007a5560000)
  from space 21824K,  96% used [0x00000007a5560000, 0x00000007a69e0b40, 0x00000007a6ab0000)
  to   space 21824K,   0% used [0x00000007a6ab0000, 0x00000007a6ab0000, 0x00000007a8000000)
 concurrent mark-sweep generation total 393216K, used 167590K [0x00000007a8000000, 0x00000007c0000000, 0x00000007c0000000)
 Metaspace       used 36184K, capacity 36808K, committed 37136K, reserved 1081344K
  class space    used 4113K, capacity 4279K, committed 4372K, reserved 1048576K
2016-10-23T18:05:56.584+0800: 121.589: [GC (Allocation Failure) 2016-10-23T18:05:56.584+0800: 121.589: [ParNew
Desired survivor size 20112992 bytes, new threshold 8 (max 8)
- age   1:    7004376 bytes,    7004376 total
- age   2:    2423288 bytes,    9427664 total
- age   3:    2275328 bytes,   11702992 total
- age   4:    2355280 bytes,   14058272 total
- age   5:    1194400 bytes,   15252672 total
- age   6:    1536736 bytes,   16789408 total
- age   7:     450576 bytes,   17239984 total
- age   8:     345896 bytes,   17585880 total
: 108418K->21824K(109248K), 0.0071712 secs] 276009K->190288K(502464K), 0.0072268 secs] [Times: user=0.04 sys=0.00, real=0.01 secs] 
Heap after GC invocations=587 (full 11):
 par new generation   total 109248K, used 21824K [0x00000007a0000000, 0x00000007a8000000, 0x00000007a8000000)
  eden space 87424K,   0% used [0x00000007a0000000, 0x00000007a0000000, 0x00000007a5560000)
  from space 21824K, 100% used [0x00000007a6ab0000, 0x00000007a8000000, 0x00000007a8000000)
  to   space 21824K,   0% used [0x00000007a5560000, 0x00000007a5560000, 0x00000007a6ab0000)
 concurrent mark-sweep generation total 393216K, used 168464K [0x00000007a8000000, 0x00000007c0000000, 0x00000007c0000000)
 Metaspace       used 36184K, capacity 36808K, committed 37136K, reserved 1081344K
  class space    used 4113K, capacity 4279K, committed 4372K, reserved 1048576K
}
2016-10-23T18:05:56.591+0800: 121.596: Total time for which application threads were stopped: 0.0074596 seconds, Stopping threads took: 0.0000693 seconds
{Heap before GC invocations=587 (full 11):
 par new generation   total 109248K, used 109248K [0x00000007a0000000, 0x00000007a8000000, 0x00000007a8000000)
  eden space 87424K, 100% used [0x00000007a0000000, 0x00000007a5560000, 0x00000007a5560000)
  from space 21824K, 100% used [0x00000007a6ab0000, 0x00000007a8000000, 0x00000007a8000000)
  to   space 21824K,   0% used [0x00000007a5560000, 0x00000007a5560000, 0x00000007a6ab0000)
 concurrent mark-sweep generation total 393216K, used 168464K [0x00000007a8000000, 0x00000007c0000000, 0x00000007c0000000)
 Metaspace       used 36184K, capacity 36808K, committed 37136K, reserved 1081344K
  class space    used 4113K, capacity 4279K, committed 4372K, reserved 1048576K
2016-10-23T18:05:56.681+0800: 121.686: [GC (Allocation Failure) 2016-10-23T18:05:56.681+0800: 121.686: [ParNew
Desired survivor size 20112992 bytes, new threshold 8 (max 8)
- age   1:    7245280 bytes,    7245280 total
- age   2:    2792624 bytes,   10037904 total
- age   3:    2097208 bytes,   12135112 total
- age   4:    2045424 bytes,   14180536 total
- age   5:    1702800 bytes,   15883336 total
- age   6:    1098792 bytes,   16982128 total
- age   7:    1445576 bytes,   18427704 total
- age   8:     429176 bytes,   18856880 total
: 109248K->21824K(109248K), 0.0072487 secs] 277712K->191983K(502464K), 0.0072957 secs] [Times: user=0.02 sys=0.01, real=0.00 secs] 
Heap after GC invocations=588 (full 11):
 par new generation   total 109248K, used 21824K [0x00000007a0000000, 0x00000007a8000000, 0x00000007a8000000)
  eden space 87424K,   0% used [0x00000007a0000000, 0x00000007a0000000, 0x00000007a5560000)
  from space 21824K, 100% used [0x00000007a5560000, 0x00000007a6ab0000, 0x00000007a6ab0000)
  to   space 21824K,   0% used [0x00000007a6ab0000, 0x00000007a6ab0000, 0x00000007a8000000)
 concurrent mark-sweep generation total 393216K, used 170159K [0x00000007a8000000, 0x00000007c0000000, 0x00000007c0000000)
 Metaspace       used 36184K, capacity 36808K, committed 37136K, reserved 1081344K
  class space    used 4113K, capacity 4279K, committed 4372K, reserved 1048576K
}
2016-10-23T18:05:56.688+0800: 121.693: Total time for which application threads were stopped: 0.0075570 seconds, Stopping threads took: 0.0000904 seconds
{Heap before GC invocations=588 (full 11):
 par new generation   total 109248K, used 109248K [0x00000007a0000000, 0x00000007a8000000, 0x00000007a8000000)
  eden space 87424K, 100% used [0x00000007a0000000, 0x00000007a5560000, 0x00000007a5560000)
  from space 21824K, 100% used [0x00000007a5560000, 0x00000007a6ab0000, 0x00000007a6ab0000)
  to   space 21824K,   0% used [0x00000007a6ab0000, 0x00000007a6ab0000, 0x00000007a8000000)
 concurrent mark-sweep generation total 393216K, used 170159K [0x00000007a8000000, 0x00000007c0000000, 0x00000007c0000000)
 Metaspace       used 36184K, capacity 36808K, committed 37136K, reserved 1081344K
  class space    used 4113K, capacity 4279K, committed 4372K, reserved 1048576K
2016-10-23T18:05:56.767+0800: 121.772: [GC (Allocation Failure) 2016-10-23T18:05:56.767+0800: 121.773: [ParNew
Desired survivor size 20112992 bytes, new threshold 8 (max 8)
- age   1:    5619928 bytes,    5619928 total
- age   2:    2575016 bytes,    8194944 total
- age   3:    1880640 bytes,   10075584 total
- age   4:    1161656 bytes,   11237240 total
- age   5:    1512984 bytes,   12750224 total
- age   6:    1007136 bytes,   13757360 total
- age   7:     797384 bytes,   14554744 total
- age   8:    1079752 bytes,   15634496 total
: 109248K->21824K(109248K), 0.0076382 secs] 279407K->197638K(502464K), 0.0077012 secs] [Times: user=0.03 sys=0.00, real=0.01 secs] 
Heap after GC invocations=589 (full 11):
 par new generation   total 109248K, used 21824K [0x00000007a0000000, 0x00000007a8000000, 0x00000007a8000000)
  eden space 87424K,   0% used [0x00000007a0000000, 0x00000007a0000000, 0x00000007a5560000)
  from space 21824K, 100% used [0x00000007a6ab0000, 0x00000007a8000000, 0x00000007a8000000)
  to   space 21824K,   0% used [0x00000007a5560000, 0x00000007a5560000, 0x00000007a6ab0000)
 concurrent mark-sweep generation total 393216K, used 175814K [0x00000007a8000000, 0x00000007c0000000, 0x00000007c0000000)
 Metaspace       used 36184K, capacity 36808K, committed 37136K, reserved 1081344K
  class space    used 4113K, capacity 4279K, committed 4372K, reserved 1048576K
}
2016-10-23T18:05:56.775+0800: 121.780: Total time for which application threads were stopped: 0.0079132 seconds, Stopping threads took: 0.0000314 seconds
{Heap before GC invocations=589 (full 11):
 par new generation   total 109248K, used 109248K [0x00000007a0000000, 0x00000007a8000000, 0x00000007a8000000)
  eden space 87424K, 100% used [0x00000007a0000000, 0x00000007a5560000, 0x00000007a5560000)
  from space 21824K, 100% used [0x00000007a6ab0000, 0x00000007a8000000, 0x00000007a8000000)
  to   space 21824K,   0% used [0x00000007a5560000, 0x00000007a5560000, 0x00000007a6ab0000)
 concurrent mark-sweep generation total 393216K, used 175814K [0x00000007a8000000, 0x00000007c0000000, 0x00000007c0000000)
 Metaspace       used 36184K, capacity 36808K, committed 37136K, reserved 1081344K
  class space    used 4113K, capacity 4279K, committed 4372K, reserved 1048576K
2016-10-23T18:05:56.864+0800: 121.869: [GC (Allocation Failure) 2016-10-23T18:05:56.864+0800: 121.869: [ParNew
Desired survivor size 20112992 bytes, new threshold 8 (max 8)
- age   1:    7189448 bytes,    7189448 total
- age   2:    4061056 bytes,   11250504 total
- age   3:    2297176 bytes,   13547680 total
- age   4:    1804208 bytes,   15351888 total
- age   5:    1084688 bytes,   16436576 total
- age   6:    1427216 bytes,   17863792 total
- age   7:     940960 bytes,   18804752 total
- age   8:     744712 bytes,   19549464 total
: 109248K->21824K(109248K), 0.0064110 secs] 285062K->199101K(502464K), 0.0064802 secs] [Times: user=0.02 sys=0.00, real=0.01 secs] 
Heap after GC invocations=590 (full 11):
 par new generation   total 109248K, used 21824K [0x00000007a0000000, 0x00000007a8000000, 0x00000007a8000000)
  eden space 87424K,   0% used [0x00000007a0000000, 0x00000007a0000000, 0x00000007a5560000)
  from space 21824K, 100% used [0x00000007a5560000, 0x00000007a6ab0000, 0x00000007a6ab0000)
  to   space 21824K,   0% used [0x00000007a6ab0000, 0x00000007a6ab0000, 0x00000007a8000000)
 concurrent mark-sweep generation total 393216K, used 177277K [0x00000007a8000000, 0x00000007c0000000, 0x00000007c0000000)
 Metaspace       used 36184K, capacity 36808K, committed 37136K, reserved 1081344K
  class space    used 4113K, capacity 4279K, committed 4372K, reserved 1048576K
}
2016-10-23T18:05:56.871+0800: 121.876: Total time for which application threads were stopped: 0.0067200 seconds, Stopping threads took: 0.0000869 seconds
{Heap before GC invocations=590 (full 11):
 par new generation   total 109248K, used 109248K [0x00000007a0000000, 0x00000007a8000000, 0x00000007a8000000)
  eden space 87424K, 100% used [0x00000007a0000000, 0x00000007a5560000, 0x00000007a5560000)
  from space 21824K, 100% used [0x00000007a5560000, 0x00000007a6ab0000, 0x00000007a6ab0000)
  to   space 21824K,   0% used [0x00000007a6ab0000, 0x00000007a6ab0000, 0x00000007a8000000)
 concurrent mark-sweep generation total 393216K, used 177277K [0x00000007a8000000, 0x00000007c0000000, 0x00000007c0000000)
 Metaspace       used 36184K, capacity 36808K, committed 37136K, reserved 1081344K
  class space    used 4113K, capacity 4279K, committed 4372K, reserved 1048576K
2016-10-23T18:05:56.934+0800: 121.939: [GC (Allocation Failure) 2016-10-23T18:05:56.934+0800: 121.939: [ParNew
Desired survivor size 20112992 bytes, new threshold 8 (max 8)
- age   1:    1715576 bytes,    1715576 total
- age   2:    6879016 bytes,    8594592 total
- age   3:    4061056 bytes,   12655648 total
- age   4:    2297176 bytes,   14952824 total
- age   5:    1804208 bytes,   16757032 total
- age   6:    1084688 bytes,   17841720 total
- age   7:    1427216 bytes,   19268936 total
- age   8:     940960 bytes,   20209896 total
: 109248K->21824K(109248K), 0.0072284 secs] 286525K->199838K(502464K), 0.0072760 secs] [Times: user=0.03 sys=0.00, real=0.01 secs] 
Heap after GC invocations=591 (full 11):
 par new generation   total 109248K, used 21824K [0x00000007a0000000, 0x00000007a8000000, 0x00000007a8000000)
  eden space 87424K,   0% used [0x00000007a0000000, 0x00000007a0000000, 0x00000007a5560000)
  from space 21824K, 100% used [0x00000007a6ab0000, 0x00000007a8000000, 0x00000007a8000000)
  to   space 21824K,   0% used [0x00000007a5560000, 0x00000007a5560000, 0x00000007a6ab0000)
 concurrent mark-sweep generation total 393216K, used 178014K [0x00000007a8000000, 0x00000007c0000000, 0x00000007c0000000)
 Metaspace       used 36184K, capacity 36808K, committed 37136K, reserved 1081344K
  class space    used 4113K, capacity 4279K, committed 4372K, reserved 1048576K
}
2016-10-23T18:05:56.942+0800: 121.947: Total time for which application threads were stopped: 0.0075477 seconds, Stopping threads took: 0.0000818 seconds
{Heap before GC invocations=591 (full 11):
 par new generation   total 109248K, used 109248K [0x00000007a0000000, 0x00000007a8000000, 0x00000007a8000000)
  eden space 87424K, 100% used [0x00000007a0000000, 0x00000007a5560000, 0x00000007a5560000)
  from space 21824K, 100% used [0x00000007a6ab0000, 0x00000007a8000000, 0x00000007a8000000)
  to   space 21824K,   0% used [0x00000007a5560000, 0x00000007a5560000, 0x00000007a6ab0000)
 concurrent mark-sweep generation total 393216K, used 178014K [0x00000007a8000000, 0x00000007c0000000, 0x00000007c0000000)
 Metaspace       used 36184K, capacity 36808K, committed 37136K, reserved 1081344K
  class space    used 4113K, capacity 4279K, committed 4372K, reserved 1048576K
2016-10-23T18:05:56.985+0800: 121.990: [GC (Allocation Failure) 2016-10-23T18:05:56.985+0800: 121.990: [ParNew
Desired survivor size 20112992 bytes, new threshold 8 (max 8)
- age   1:    1249816 bytes,    1249816 total
- age   2:    1072592 bytes,    2322408 total
- age   3:    6823904 bytes,    9146312 total
- age   4:    4061056 bytes,   13207368 total
- age   5:    2297176 bytes,   15504544 total
- age   6:    1804208 bytes,   17308752 total
- age   7:    1084688 bytes,   18393440 total
- age   8:    1427216 bytes,   19820656 total
: 109248K->21824K(109248K), 0.0074967 secs] 287262K->200826K(502464K), 0.0075498 secs] [Times: user=0.03 sys=0.00, real=0.01 secs] 
Heap after GC invocations=592 (full 11):
 par new generation   total 109248K, used 21824K [0x00000007a0000000, 0x00000007a8000000, 0x00000007a8000000)
  eden space 87424K,   0% used [0x00000007a0000000, 0x00000007a0000000, 0x00000007a5560000)
  from space 21824K, 100% used [0x00000007a5560000, 0x00000007a6ab0000, 0x00000007a6ab0000)
  to   space 21824K,   0% used [0x00000007a6ab0000, 0x00000007a6ab0000, 0x00000007a8000000)
 concurrent mark-sweep generation total 393216K, used 179002K [0x00000007a8000000, 0x00000007c0000000, 0x00000007c0000000)
 Metaspace       used 36184K, capacity 36808K, committed 37136K, reserved 1081344K
  class space    used 4113K, capacity 4279K, committed 4372K, reserved 1048576K
}
2016-10-23T18:05:56.992+0800: 121.997: Total time for which application threads were stopped: 0.0078055 seconds, Stopping threads took: 0.0000956 seconds
{Heap before GC invocations=592 (full 11):
 par new generation   total 109248K, used 109230K [0x00000007a0000000, 0x00000007a8000000, 0x00000007a8000000)
  eden space 87424K,  99% used [0x00000007a0000000, 0x00000007a555bb08, 0x00000007a5560000)
  from space 21824K, 100% used [0x00000007a5560000, 0x00000007a6ab0000, 0x00000007a6ab0000)
  to   space 21824K,   0% used [0x00000007a6ab0000, 0x00000007a6ab0000, 0x00000007a8000000)
 concurrent mark-sweep generation total 393216K, used 179002K [0x00000007a8000000, 0x00000007c0000000, 0x00000007c0000000)
 Metaspace       used 36185K, capacity 36808K, committed 37136K, reserved 1081344K
  class space    used 4113K, capacity 4279K, committed 4372K, reserved 1048576K
2016-10-23T18:05:57.065+0800: 122.070: [GC (Allocation Failure) 2016-10-23T18:05:57.065+0800: 122.070: [ParNew
Desired survivor size 20112992 bytes, new threshold 8 (max 8)
- age   1:    3146136 bytes,    3146136 total
- age   2:     436952 bytes,    3583088 total
- age   3:     696136 bytes,    4279224 total
- age   4:    5331984 bytes,    9611208 total
- age   5:    3939776 bytes,   13550984 total
- age   6:    2196920 bytes,   15747904 total
- age   7:    1694064 bytes,   17441968 total
- age   8:     990208 bytes,   18432176 total
: 109230K->21824K(109248K), 0.0065866 secs] 288233K->204139K(502464K), 0.0066352 secs] [Times: user=0.02 sys=0.00, real=0.01 secs] 
Heap after GC invocations=593 (full 11):
 par new generation   total 109248K, used 21824K [0x00000007a0000000, 0x00000007a8000000, 0x00000007a8000000)
  eden space 87424K,   0% used [0x00000007a0000000, 0x00000007a0000000, 0x00000007a5560000)
  from space 21824K, 100% used [0x00000007a6ab0000, 0x00000007a8000000, 0x00000007a8000000)
  to   space 21824K,   0% used [0x00000007a5560000, 0x00000007a5560000, 0x00000007a6ab0000)
 concurrent mark-sweep generation total 393216K, used 182315K [0x00000007a8000000, 0x00000007c0000000, 0x00000007c0000000)
 Metaspace       used 36185K, capacity 36808K, committed 37136K, reserved 1081344K
  class space    used 4113K, capacity 4279K, committed 4372K, reserved 1048576K
}
2016-10-23T18:05:57.072+0800: 122.077: Total time for which application threads were stopped: 0.0068587 seconds, Stopping threads took: 0.0000649 seconds
{Heap before GC invocations=593 (full 11):
 par new generation   total 109248K, used 109248K [0x00000007a0000000, 0x00000007a8000000, 0x00000007a8000000)
  eden space 87424K, 100% used [0x00000007a0000000, 0x00000007a5560000, 0x00000007a5560000)
  from space 21824K, 100% used [0x00000007a6ab0000, 0x00000007a8000000, 0x00000007a8000000)
  to   space 21824K,   0% used [0x00000007a5560000, 0x00000007a5560000, 0x00000007a6ab0000)
 concurrent mark-sweep generation total 393216K, used 182315K [0x00000007a8000000, 0x00000007c0000000, 0x00000007c0000000)
 Metaspace       used 36185K, capacity 36808K, committed 37136K, reserved 1081344K
  class space    used 4113K, capacity 4279K, committed 4372K, reserved 1048576K
2016-10-23T18:05:57.167+0800: 122.172: [GC (Allocation Failure) 2016-10-23T18:05:57.167+0800: 122.172: [ParNew
Desired survivor size 20112992 bytes, new threshold 8 (max 8)
- age   1:    4150176 bytes,    4150176 total
- age   2:    1925648 bytes,    6075824 total
- age   3:     397680 bytes,    6473504 total
- age   4:     665056 bytes,    7138560 total
- age   5:    5212296 bytes,   12350856 total
- age   6:    3939776 bytes,   16290632 total
- age   7:    2196920 bytes,   18487552 total
- age   8:    1694064 bytes,   20181616 total
: 109248K->21824K(109248K), 0.0068396 secs] 291563K->205531K(502464K), 0.0069067 secs] [Times: user=0.03 sys=0.00, real=0.01 secs] 
Heap after GC invocations=594 (full 11):
 par new generation   total 109248K, used 21824K [0x00000007a0000000, 0x00000007a8000000, 0x00000007a8000000)
  eden space 87424K,   0% used [0x00000007a0000000, 0x00000007a0000000, 0x00000007a5560000)
  from space 21824K, 100% used [0x00000007a5560000, 0x00000007a6ab0000, 0x00000007a6ab0000)
  to   space 21824K,   0% used [0x00000007a6ab0000, 0x00000007a6ab0000, 0x00000007a8000000)
 concurrent mark-sweep generation total 393216K, used 183707K [0x00000007a8000000, 0x00000007c0000000, 0x00000007c0000000)
 Metaspace       used 36185K, capacity 36808K, committed 37136K, reserved 1081344K
  class space    used 4113K, capacity 4279K, committed 4372K, reserved 1048576K
}
2016-10-23T18:05:57.174+0800: 122.179: Total time for which application threads were stopped: 0.0071619 seconds, Stopping threads took: 0.0000817 seconds
{Heap before GC invocations=594 (full 11):
 par new generation   total 109248K, used 109248K [0x00000007a0000000, 0x00000007a8000000, 0x00000007a8000000)
  eden space 87424K, 100% used [0x00000007a0000000, 0x00000007a5560000, 0x00000007a5560000)
  from space 21824K, 100% used [0x00000007a5560000, 0x00000007a6ab0000, 0x00000007a6ab0000)
  to   space 21824K,   0% used [0x00000007a6ab0000, 0x00000007a6ab0000, 0x00000007a8000000)
 concurrent mark-sweep generation total 393216K, used 183707K [0x00000007a8000000, 0x00000007c0000000, 0x00000007c0000000)
 Metaspace       used 36185K, capacity 36808K, committed 37136K, reserved 1081344K
  class space    used 4113K, capacity 4279K, committed 4372K, reserved 1048576K
2016-10-23T18:05:57.265+0800: 122.270: [GC (Allocation Failure) 2016-10-23T18:05:57.265+0800: 122.270: [ParNew
Desired survivor size 20112992 bytes, new threshold 8 (max 8)
- age   1:    5161088 bytes,    5161088 total
- age   2:    1670280 bytes,    6831368 total
- age   3:    1307560 bytes,    8138928 total
- age   4:     357168 bytes,    8496096 total
- age   5:     640032 bytes,    9136128 total
- age   6:    5076416 bytes,   14212544 total
- age   7:    3499832 bytes,   17712376 total
- age   8:    1934488 bytes,   19646864 total
: 109248K->21824K(109248K), 0.0079312 secs] 292955K->209726K(502464K), 0.0079846 secs] [Times: user=0.02 sys=0.00, real=0.01 secs] 
Heap after GC invocations=595 (full 11):
 par new generation   total 109248K, used 21824K [0x00000007a0000000, 0x00000007a8000000, 0x00000007a8000000)
  eden space 87424K,   0% used [0x00000007a0000000, 0x00000007a0000000, 0x00000007a5560000)
  from space 21824K, 100% used [0x00000007a6ab0000, 0x00000007a8000000, 0x00000007a8000000)
  to   space 21824K,   0% used [0x00000007a5560000, 0x00000007a5560000, 0x00000007a6ab0000)
 concurrent mark-sweep generation total 393216K, used 187902K [0x00000007a8000000, 0x00000007c0000000, 0x00000007c0000000)
 Metaspace       used 36185K, capacity 36808K, committed 37136K, reserved 1081344K
  class space    used 4113K, capacity 4279K, committed 4372K, reserved 1048576K
}
2016-10-23T18:05:57.273+0800: 122.278: Total time for which application threads were stopped: 0.0082523 seconds, Stopping threads took: 0.0001094 seconds
{Heap before GC invocations=595 (full 11):
 par new generation   total 109248K, used 109248K [0x00000007a0000000, 0x00000007a8000000, 0x00000007a8000000)
  eden space 87424K, 100% used [0x00000007a0000000, 0x00000007a5560000, 0x00000007a5560000)
  from space 21824K, 100% used [0x00000007a6ab0000, 0x00000007a8000000, 0x00000007a8000000)
  to   space 21824K,   0% used [0x00000007a5560000, 0x00000007a5560000, 0x00000007a6ab0000)
 concurrent mark-sweep generation total 393216K, used 187902K [0x00000007a8000000, 0x00000007c0000000, 0x00000007c0000000)
 Metaspace       used 36185K, capacity 36808K, committed 37136K, reserved 1081344K
  class space    used 4113K, capacity 4279K, committed 4372K, reserved 1048576K
2016-10-23T18:05:57.341+0800: 122.346: [GC (Allocation Failure) 2016-10-23T18:05:57.341+0800: 122.346: [ParNew
Desired survivor size 20112992 bytes, new threshold 8 (max 8)
- age   1:    4184336 bytes,    4184336 total
- age   2:    2835616 bytes,    7019952 total
- age   3:    1598472 bytes,    8618424 total
- age   4:    1280648 bytes,    9899072 total
- age   5:     357840 bytes,   10256912 total
- age   6:     619544 bytes,   10876456 total
- age   7:    3920872 bytes,   14797328 total
- age   8:    3326048 bytes,   18123376 total
: 109248K->21824K(109248K), 0.0072835 secs] 297150K->213606K(502464K), 0.0073646 secs] [Times: user=0.03 sys=0.00, real=0.00 secs] 
Heap after GC invocations=596 (full 11):
 par new generation   total 109248K, used 21824K [0x00000007a0000000, 0x00000007a8000000, 0x00000007a8000000)
  eden space 87424K,   0% used [0x00000007a0000000, 0x00000007a0000000, 0x00000007a5560000)
  from space 21824K, 100% used [0x00000007a5560000, 0x00000007a6ab0000, 0x00000007a6ab0000)
  to   space 21824K,   0% used [0x00000007a6ab0000, 0x00000007a6ab0000, 0x00000007a8000000)
 concurrent mark-sweep generation total 393216K, used 191782K [0x00000007a8000000, 0x00000007c0000000, 0x00000007c0000000)
 Metaspace       used 36185K, capacity 36808K, committed 37136K, reserved 1081344K
  class space    used 4113K, capacity 4279K, committed 4372K, reserved 1048576K
}
2016-10-23T18:05:57.349+0800: 122.354: Total time for which application threads were stopped: 0.0076673 seconds, Stopping threads took: 0.0001333 seconds
{Heap before GC invocations=596 (full 11):
 par new generation   total 109248K, used 109248K [0x00000007a0000000, 0x00000007a8000000, 0x00000007a8000000)
  eden space 87424K, 100% used [0x00000007a0000000, 0x00000007a5560000, 0x00000007a5560000)
  from space 21824K, 100% used [0x00000007a5560000, 0x00000007a6ab0000, 0x00000007a6ab0000)
  to   space 21824K,   0% used [0x00000007a6ab0000, 0x00000007a6ab0000, 0x00000007a8000000)
 concurrent mark-sweep generation total 393216K, used 191782K [0x00000007a8000000, 0x00000007c0000000, 0x00000007c0000000)
 Metaspace       used 36185K, capacity 36808K, committed 37136K, reserved 1081344K
  class space    used 4113K, capacity 4279K, committed 4372K, reserved 1048576K
2016-10-23T18:05:57.429+0800: 122.434: [GC (Allocation Failure) 2016-10-23T18:05:57.429+0800: 122.434: [ParNew
Desired survivor size 20112992 bytes, new threshold 8 (max 8)
- age   1:    4649592 bytes,    4649592 total
- age   2:     987480 bytes,    5637072 total
- age   3:    1812456 bytes,    7449528 total
- age   4:    1268728 bytes,    8718256 total
- age   5:    1212688 bytes,    9930944 total
- age   6:     313184 bytes,   10244128 total
- age   7:     567008 bytes,   10811136 total
- age   8:    3368312 bytes,   14179448 total
: 109248K->21824K(109248K), 0.0065070 secs] 301030K->220389K(502464K), 0.0065789 secs] [Times: user=0.03 sys=0.00, real=0.01 secs] 
Heap after GC invocations=597 (full 11):
 par new generation   total 109248K, used 21824K [0x00000007a0000000, 0x00000007a8000000, 0x00000007a8000000)
  eden space 87424K,   0% used [0x00000007a0000000, 0x00000007a0000000, 0x00000007a5560000)
  from space 21824K, 100% used [0x00000007a6ab0000, 0x00000007a8000000, 0x00000007a8000000)
  to   space 21824K,   0% used [0x00000007a5560000, 0x00000007a5560000, 0x00000007a6ab0000)
 concurrent mark-sweep generation total 393216K, used 198565K [0x00000007a8000000, 0x00000007c0000000, 0x00000007c0000000)
 Metaspace       used 36185K, capacity 36808K, committed 37136K, reserved 1081344K
  class space    used 4113K, capacity 4279K, committed 4372K, reserved 1048576K
}
2016-10-23T18:05:57.435+0800: 122.440: Total time for which application threads were stopped: 0.0068482 seconds, Stopping threads took: 0.0001072 seconds
2016-10-23T18:05:57.436+0800: 122.441: [GC (CMS Initial Mark) [1 CMS-initial-mark: 198565K(393216K)] 221567K(502464K), 0.0014952 secs] [Times: user=0.00 sys=0.00, real=0.00 secs] 
2016-10-23T18:05:57.437+0800: 122.442: Total time for which application threads were stopped: 0.0017189 seconds, Stopping threads took: 0.0000995 seconds
2016-10-23T18:05:57.437+0800: 122.442: [CMS-concurrent-mark-start]
2016-10-23T18:05:57.447+0800: 122.452: [CMS-concurrent-mark: 0.010/0.010 secs] [Times: user=0.07 sys=0.00, real=0.01 secs] 
2016-10-23T18:05:57.447+0800: 122.452: [CMS-concurrent-preclean-start]
2016-10-23T18:05:57.448+0800: 122.454: [CMS-concurrent-preclean: 0.001/0.001 secs] [Times: user=0.00 sys=0.00, real=0.00 secs] 
2016-10-23T18:05:57.448+0800: 122.454: [CMS-concurrent-abortable-preclean-start]
{Heap before GC invocations=597 (full 12):
 par new generation   total 109248K, used 109248K [0x00000007a0000000, 0x00000007a8000000, 0x00000007a8000000)
  eden space 87424K, 100% used [0x00000007a0000000, 0x00000007a5560000, 0x00000007a5560000)
  from space 21824K, 100% used [0x00000007a6ab0000, 0x00000007a8000000, 0x00000007a8000000)
  to   space 21824K,   0% used [0x00000007a5560000, 0x00000007a5560000, 0x00000007a6ab0000)
 concurrent mark-sweep generation total 393216K, used 198565K [0x00000007a8000000, 0x00000007c0000000, 0x00000007c0000000)
 Metaspace       used 36185K, capacity 36808K, committed 37136K, reserved 1081344K
  class space    used 4113K, capacity 4279K, committed 4372K, reserved 1048576K
2016-10-23T18:05:57.521+0800: 122.526: [GC (Allocation Failure) 2016-10-23T18:05:57.521+0800: 122.526: [ParNew
Desired survivor size 20112992 bytes, new threshold 8 (max 8)
- age   1:    5120144 bytes,    5120144 total
- age   2:    1927184 bytes,    7047328 total
- age   3:     983176 bytes,    8030504 total
- age   4:    1786800 bytes,    9817304 total
- age   5:    1237136 bytes,   11054440 total
- age   6:    1213792 bytes,   12268232 total
- age   7:     313496 bytes,   12581728 total
- age   8:     567584 bytes,   13149312 total
: 109248K->16157K(109248K), 0.0077876 secs] 307813K->218022K(502464K), 0.0078684 secs] [Times: user=0.02 sys=0.00, real=0.00 secs] 
Heap after GC invocations=598 (full 12):
 par new generation   total 109248K, used 16157K [0x00000007a0000000, 0x00000007a8000000, 0x00000007a8000000)
  eden space 87424K,   0% used [0x00000007a0000000, 0x00000007a0000000, 0x00000007a5560000)
  from space 21824K,  74% used [0x00000007a5560000, 0x00000007a6527790, 0x00000007a6ab0000)
  to   space 21824K,   0% used [0x00000007a6ab0000, 0x00000007a6ab0000, 0x00000007a8000000)
 concurrent mark-sweep generation total 393216K, used 201864K [0x00000007a8000000, 0x00000007c0000000, 0x00000007c0000000)
 Metaspace       used 36185K, capacity 36808K, committed 37136K, reserved 1081344K
  class space    used 4113K, capacity 4279K, committed 4372K, reserved 1048576K
}
2016-10-23T18:05:57.529+0800: 122.534: Total time for which application threads were stopped: 0.0081347 seconds, Stopping threads took: 0.0000844 seconds
2016-10-23T18:05:57.572+0800: 122.577: [CMS-concurrent-abortable-preclean: 0.115/0.123 secs] [Times: user=0.46 sys=0.01, real=0.13 secs] 
2016-10-23T18:05:57.572+0800: 122.577: [GC (CMS Final Remark) [YG occupancy: 63396 K (109248 K)]{Heap before GC invocations=598 (full 12):
 par new generation   total 109248K, used 63396K [0x00000007a0000000, 0x00000007a8000000, 0x00000007a8000000)
  eden space 87424K,  54% used [0x00000007a0000000, 0x00000007a2e21af0, 0x00000007a5560000)
  from space 21824K,  74% used [0x00000007a5560000, 0x00000007a6527790, 0x00000007a6ab0000)
  to   space 21824K,   0% used [0x00000007a6ab0000, 0x00000007a6ab0000, 0x00000007a8000000)
 concurrent mark-sweep generation total 393216K, used 201864K [0x00000007a8000000, 0x00000007c0000000, 0x00000007c0000000)
 Metaspace       used 36185K, capacity 36808K, committed 37136K, reserved 1081344K
  class space    used 4113K, capacity 4279K, committed 4372K, reserved 1048576K
2016-10-23T18:05:57.572+0800: 122.577: [GC (CMS Final Remark) 2016-10-23T18:05:57.572+0800: 122.577: [ParNew
Desired survivor size 20112992 bytes, new threshold 8 (max 8)
- age   1:    1806640 bytes,    1806640 total
- age   2:    4230704 bytes,    6037344 total
- age   3:    1857712 bytes,    7895056 total
- age   4:     984232 bytes,    8879288 total
- age   5:    1755408 bytes,   10634696 total
- age   6:    1221648 bytes,   11856344 total
- age   7:    1214704 bytes,   13071048 total
- age   8:     313832 bytes,   13384880 total
: 63396K->19985K(109248K), 0.0060820 secs] 265261K->222413K(502464K), 0.0061404 secs] [Times: user=0.02 sys=0.00, real=0.00 secs] 
Heap after GC invocations=599 (full 12):
 par new generation   total 109248K, used 19985K [0x00000007a0000000, 0x00000007a8000000, 0x00000007a8000000)
  eden space 87424K,   0% used [0x00000007a0000000, 0x00000007a0000000, 0x00000007a5560000)
  from space 21824K,  91% used [0x00000007a6ab0000, 0x00000007a7e34668, 0x00000007a8000000)
  to   space 21824K,   0% used [0x00000007a5560000, 0x00000007a5560000, 0x00000007a6ab0000)
 concurrent mark-sweep generation total 393216K, used 202427K [0x00000007a8000000, 0x00000007c0000000, 0x00000007c0000000)
 Metaspace       used 36185K, capacity 36808K, committed 37136K, reserved 1081344K
  class space    used 4113K, capacity 4279K, committed 4372K, reserved 1048576K
}
2016-10-23T18:05:57.578+0800: 122.583: [Rescan (parallel) , 0.0021079 secs]2016-10-23T18:05:57.580+0800: 122.585: [weak refs processing, 0.0008421 secs]2016-10-23T18:05:57.581+0800: 122.586: [class unloading, 0.0099298 secs]2016-10-23T18:05:57.591+0800: 122.596: [scrub symbol table, 0.0049606 secs]2016-10-23T18:05:57.596+0800: 122.601: [scrub string table, 0.0004850 secs][1 CMS-remark: 202427K(393216K)] 222413K(502464K), 0.0246936 secs] [Times: user=0.04 sys=0.01, real=0.02 secs] 
2016-10-23T18:05:57.597+0800: 122.602: Total time for which application threads were stopped: 0.0250004 seconds, Stopping threads took: 0.0001290 seconds
2016-10-23T18:05:57.597+0800: 122.602: [CMS-concurrent-sweep-start]
2016-10-23T18:05:57.659+0800: 122.664: [CMS-concurrent-sweep: 0.062/0.062 secs] [Times: user=0.22 sys=0.00, real=0.06 secs] 
2016-10-23T18:05:57.659+0800: 122.664: [CMS-concurrent-reset-start]
2016-10-23T18:05:57.659+0800: 122.664: [CMS-concurrent-reset: 0.000/0.000 secs] [Times: user=0.00 sys=0.00, real=0.00 secs] 
{Heap before GC invocations=599 (full 12):
 par new generation   total 109248K, used 107409K [0x00000007a0000000, 0x00000007a8000000, 0x00000007a8000000)
  eden space 87424K, 100% used [0x00000007a0000000, 0x00000007a5560000, 0x00000007a5560000)
  from space 21824K,  91% used [0x00000007a6ab0000, 0x00000007a7e34668, 0x00000007a8000000)
  to   space 21824K,   0% used [0x00000007a5560000, 0x00000007a5560000, 0x00000007a6ab0000)
 concurrent mark-sweep generation total 393216K, used 38166K [0x00000007a8000000, 0x00000007c0000000, 0x00000007c0000000)
 Metaspace       used 36185K, capacity 36808K, committed 37136K, reserved 1081344K
  class space    used 4113K, capacity 4279K, committed 4372K, reserved 1048576K
2016-10-23T18:05:57.682+0800: 122.687: [GC (Allocation Failure) 2016-10-23T18:05:57.682+0800: 122.688: [ParNew
Desired survivor size 20112992 bytes, new threshold 8 (max 8)
- age   1:    5670728 bytes,    5670728 total
- age   2:    1429768 bytes,    7100496 total
- age   3:    1451008 bytes,    8551504 total
- age   4:    1854136 bytes,   10405640 total
- age   5:     946688 bytes,   11352328 total
- age   6:    1360504 bytes,   12712832 total
- age   7:    1218720 bytes,   13931552 total
- age   8:    1212672 bytes,   15144224 total
: 107409K->16828K(109248K), 0.0066478 secs] 145576K->55305K(502464K), 0.0067177 secs] [Times: user=0.03 sys=0.00, real=0.00 secs] 
Heap after GC invocations=600 (full 12):
 par new generation   total 109248K, used 16828K [0x00000007a0000000, 0x00000007a8000000, 0x00000007a8000000)
  eden space 87424K,   0% used [0x00000007a0000000, 0x00000007a0000000, 0x00000007a5560000)
  from space 21824K,  77% used [0x00000007a5560000, 0x00000007a65cf0c8, 0x00000007a6ab0000)
  to   space 21824K,   0% used [0x00000007a6ab0000, 0x00000007a6ab0000, 0x00000007a8000000)
 concurrent mark-sweep generation total 393216K, used 38477K [0x00000007a8000000, 0x00000007c0000000, 0x00000007c0000000)
 Metaspace       used 36185K, capacity 36808K, committed 37136K, reserved 1081344K
  class space    used 4113K, capacity 4279K, committed 4372K, reserved 1048576K
}
2016-10-23T18:05:57.689+0800: 122.694: Total time for which application threads were stopped: 0.0069941 seconds, Stopping threads took: 0.0000827 seconds
{Heap before GC invocations=600 (full 12):
 par new generation   total 109248K, used 104252K [0x00000007a0000000, 0x00000007a8000000, 0x00000007a8000000)
  eden space 87424K, 100% used [0x00000007a0000000, 0x00000007a5560000, 0x00000007a5560000)
  from space 21824K,  77% used [0x00000007a5560000, 0x00000007a65cf0c8, 0x00000007a6ab0000)
  to   space 21824K,   0% used [0x00000007a6ab0000, 0x00000007a6ab0000, 0x00000007a8000000)
 concurrent mark-sweep generation total 393216K, used 38477K [0x00000007a8000000, 0x00000007c0000000, 0x00000007c0000000)
 Metaspace       used 36185K, capacity 36808K, committed 37136K, reserved 1081344K
  class space    used 4113K, capacity 4279K, committed 4372K, reserved 1048576K
2016-10-23T18:05:57.824+0800: 122.829: [GC (Allocation Failure) 2016-10-23T18:05:57.824+0800: 122.829: [ParNew
Desired survivor size 20112992 bytes, new threshold 8 (max 8)
- age   1:   10961240 bytes,   10961240 total
- age   2:    2008544 bytes,   12969784 total
- age   3:     679704 bytes,   13649488 total
- age   4:    1267904 bytes,   14917392 total
- age   5:    1610712 bytes,   16528104 total
- age   6:     697872 bytes,   17225976 total
- age   7:     795976 bytes,   18021952 total
- age   8:    1128320 bytes,   19150272 total
: 104252K->21824K(109248K), 0.0063846 secs] 142729K->61857K(502464K), 0.0064363 secs] [Times: user=0.02 sys=0.00, real=0.01 secs] 
Heap after GC invocations=601 (full 12):
 par new generation   total 109248K, used 21824K [0x00000007a0000000, 0x00000007a8000000, 0x00000007a8000000)
  eden space 87424K,   0% used [0x00000007a0000000, 0x00000007a0000000, 0x00000007a5560000)
  from space 21824K, 100% used [0x00000007a6ab0000, 0x00000007a8000000, 0x00000007a8000000)
  to   space 21824K,   0% used [0x00000007a5560000, 0x00000007a5560000, 0x00000007a6ab0000)
 concurrent mark-sweep generation total 393216K, used 40033K [0x00000007a8000000, 0x00000007c0000000, 0x00000007c0000000)
 Metaspace       used 36185K, capacity 36808K, committed 37136K, reserved 1081344K
  class space    used 4113K, capacity 4279K, committed 4372K, reserved 1048576K
}
2016-10-23T18:05:57.830+0800: 122.835: Total time for which application threads were stopped: 0.0066860 seconds, Stopping threads took: 0.0000811 seconds
{Heap before GC invocations=601 (full 12):
 par new generation   total 109248K, used 109248K [0x00000007a0000000, 0x00000007a8000000, 0x00000007a8000000)
  eden space 87424K, 100% used [0x00000007a0000000, 0x00000007a5560000, 0x00000007a5560000)
  from space 21824K, 100% used [0x00000007a6ab0000, 0x00000007a8000000, 0x00000007a8000000)
  to   space 21824K,   0% used [0x00000007a5560000, 0x00000007a5560000, 0x00000007a6ab0000)
 concurrent mark-sweep generation total 393216K, used 40033K [0x00000007a8000000, 0x00000007c0000000, 0x00000007c0000000)
 Metaspace       used 36185K, capacity 36808K, committed 37136K, reserved 1081344K
  class space    used 4113K, capacity 4279K, committed 4372K, reserved 1048576K
2016-10-23T18:05:57.923+0800: 122.928: [GC (Allocation Failure) 2016-10-23T18:05:57.923+0800: 122.928: [ParNew
Desired survivor size 20112992 bytes, new threshold 8 (max 8)
- age   1:    1898264 bytes,    1898264 total
- age   2:    9657544 bytes,   11555808 total
- age   3:    2004272 bytes,   13560080 total
- age   4:     678520 bytes,   14238600 total
- age   5:    1264824 bytes,   15503424 total
- age   6:    1606160 bytes,   17109584 total
- age   7:     694552 bytes,   17804136 total
- age   8:     793248 bytes,   18597384 total
: 109248K->21824K(109248K), 0.0061478 secs] 149281K->63912K(502464K), 0.0062692 secs] [Times: user=0.02 sys=0.00, real=0.00 secs] 
Heap after GC invocations=602 (full 12):
 par new generation   total 109248K, used 21824K [0x00000007a0000000, 0x00000007a8000000, 0x00000007a8000000)
  eden space 87424K,   0% used [0x00000007a0000000, 0x00000007a0000000, 0x00000007a5560000)
  from space 21824K, 100% used [0x00000007a5560000, 0x00000007a6ab0000, 0x00000007a6ab0000)
  to   space 21824K,   0% used [0x00000007a6ab0000, 0x00000007a6ab0000, 0x00000007a8000000)
 concurrent mark-sweep generation total 393216K, used 42088K [0x00000007a8000000, 0x00000007c0000000, 0x00000007c0000000)
 Metaspace       used 36185K, capacity 36808K, committed 37136K, reserved 1081344K
  class space    used 4113K, capacity 4279K, committed 4372K, reserved 1048576K
}
2016-10-23T18:05:57.929+0800: 122.934: Total time for which application threads were stopped: 0.0068106 seconds, Stopping threads took: 0.0002202 seconds
{Heap before GC invocations=602 (full 12):
 par new generation   total 109248K, used 109248K [0x00000007a0000000, 0x00000007a8000000, 0x00000007a8000000)
  eden space 87424K, 100% used [0x00000007a0000000, 0x00000007a5560000, 0x00000007a5560000)
  from space 21824K, 100% used [0x00000007a5560000, 0x00000007a6ab0000, 0x00000007a6ab0000)
  to   space 21824K,   0% used [0x00000007a6ab0000, 0x00000007a6ab0000, 0x00000007a8000000)
 concurrent mark-sweep generation total 393216K, used 42088K [0x00000007a8000000, 0x00000007c0000000, 0x00000007c0000000)
 Metaspace       used 36185K, capacity 36808K, committed 37136K, reserved 1081344K
  class space    used 4113K, capacity 4279K, committed 4372K, reserved 1048576K
2016-10-23T18:05:57.962+0800: 122.967: [GC (Allocation Failure) 2016-10-23T18:05:57.962+0800: 122.967: [ParNew
Desired survivor size 20112992 bytes, new threshold 8 (max 8)
- age   1:    1200120 bytes,    1200120 total
- age   2:    1329096 bytes,    2529216 total
- age   3:    9678960 bytes,   12208176 total
- age   4:    2003624 bytes,   14211800 total
- age   5:     678256 bytes,   14890056 total
- age   6:    1264440 bytes,   16154496 total
- age   7:    1605848 bytes,   17760344 total
- age   8:     694384 bytes,   18454728 total
: 109248K->21824K(109248K), 0.0054772 secs] 151336K->64812K(502464K), 0.0055261 secs] [Times: user=0.02 sys=0.00, real=0.00 secs] 
Heap after GC invocations=603 (full 12):
 par new generation   total 109248K, used 21824K [0x00000007a0000000, 0x00000007a8000000, 0x00000007a8000000)
  eden space 87424K,   0% used [0x00000007a0000000, 0x00000007a0000000, 0x00000007a5560000)
  from space 21824K, 100% used [0x00000007a6ab0000, 0x00000007a8000000, 0x00000007a8000000)
  to   space 21824K,   0% used [0x00000007a5560000, 0x00000007a5560000, 0x00000007a6ab0000)
 concurrent mark-sweep generation total 393216K, used 42988K [0x00000007a8000000, 0x00000007c0000000, 0x00000007c0000000)
 Metaspace       used 36185K, capacity 36808K, committed 37136K, reserved 1081344K
  class space    used 4113K, capacity 4279K, committed 4372K, reserved 1048576K
}
2016-10-23T18:05:57.968+0800: 122.973: Total time for which application threads were stopped: 0.0057988 seconds, Stopping threads took: 0.0000916 seconds
{Heap before GC invocations=603 (full 12):
 par new generation   total 109248K, used 109248K [0x00000007a0000000, 0x00000007a8000000, 0x00000007a8000000)
  eden space 87424K, 100% used [0x00000007a0000000, 0x00000007a5560000, 0x00000007a5560000)
  from space 21824K, 100% used [0x00000007a6ab0000, 0x00000007a8000000, 0x00000007a8000000)
  to   space 21824K,   0% used [0x00000007a5560000, 0x00000007a5560000, 0x00000007a6ab0000)
 concurrent mark-sweep generation total 393216K, used 42988K [0x00000007a8000000, 0x00000007c0000000, 0x00000007c0000000)
 Metaspace       used 36185K, capacity 36808K, committed 37136K, reserved 1081344K
  class space    used 4113K, capacity 4279K, committed 4372K, reserved 1048576K
2016-10-23T18:05:58.005+0800: 123.010: [GC (Allocation Failure) 2016-10-23T18:05:58.005+0800: 123.010: [ParNew
Desired survivor size 20112992 bytes, new threshold 8 (max 8)
- age   1:    2876168 bytes,    2876168 total
- age   2:     297624 bytes,    3173792 total
- age   3:    1084768 bytes,    4258560 total
- age   4:    9155680 bytes,   13414240 total
- age   5:    1943912 bytes,   15358152 total
- age   6:     650216 bytes,   16008368 total
- age   7:    1212400 bytes,   17220768 total
- age   8:    1538112 bytes,   18758880 total
: 109248K->21824K(109248K), 0.0071582 secs] 152236K->66108K(502464K), 0.0072221 secs] [Times: user=0.03 sys=0.00, real=0.01 secs] 
Heap after GC invocations=604 (full 12):
 par new generation   total 109248K, used 21824K [0x00000007a0000000, 0x00000007a8000000, 0x00000007a8000000)
  eden space 87424K,   0% used [0x00000007a0000000, 0x00000007a0000000, 0x00000007a5560000)
  from space 21824K, 100% used [0x00000007a5560000, 0x00000007a6ab0000, 0x00000007a6ab0000)
  to   space 21824K,   0% used [0x00000007a6ab0000, 0x00000007a6ab0000, 0x00000007a8000000)
 concurrent mark-sweep generation total 393216K, used 44284K [0x00000007a8000000, 0x00000007c0000000, 0x00000007c0000000)
 Metaspace       used 36185K, capacity 36808K, committed 37136K, reserved 1081344K
  class space    used 4113K, capacity 4279K, committed 4372K, reserved 1048576K
}
2016-10-23T18:05:58.012+0800: 123.017: Total time for which application threads were stopped: 0.0074593 seconds, Stopping threads took: 0.0000826 seconds
{Heap before GC invocations=604 (full 12):
 par new generation   total 109248K, used 109248K [0x00000007a0000000, 0x00000007a8000000, 0x00000007a8000000)
  eden space 87424K, 100% used [0x00000007a0000000, 0x00000007a5560000, 0x00000007a5560000)
  from space 21824K, 100% used [0x00000007a5560000, 0x00000007a6ab0000, 0x00000007a6ab0000)
  to   space 21824K,   0% used [0x00000007a6ab0000, 0x00000007a6ab0000, 0x00000007a8000000)
 concurrent mark-sweep generation total 393216K, used 44284K [0x00000007a8000000, 0x00000007c0000000, 0x00000007c0000000)
 Metaspace       used 36192K, capacity 36808K, committed 37136K, reserved 1081344K
  class space    used 4113K, capacity 4279K, committed 4372K, reserved 1048576K
2016-10-23T18:05:58.070+0800: 123.075: [GC (Allocation Failure) 2016-10-23T18:05:58.070+0800: 123.075: [ParNew
Desired survivor size 20112992 bytes, new threshold 8 (max 8)
- age   1:    2796264 bytes,    2796264 total
- age   2:    2043288 bytes,    4839552 total
- age   3:     273984 bytes,    5113536 total
- age   4:     874120 bytes,    5987656 total
- age   5:    8405232 bytes,   14392888 total
- age   6:    1826736 bytes,   16219624 total
- age   7:     595832 bytes,   16815456 total
- age   8:    1111144 bytes,   17926600 total
: 109248K->21824K(109248K), 0.0088087 secs] 153532K->68358K(502464K), 0.0088625 secs] [Times: user=0.03 sys=0.00, real=0.00 secs] 
Heap after GC invocations=605 (full 12):
 par new generation   total 109248K, used 21824K [0x00000007a0000000, 0x00000007a8000000, 0x00000007a8000000)
  eden space 87424K,   0% used [0x00000007a0000000, 0x00000007a0000000, 0x00000007a5560000)
  from space 21824K, 100% used [0x00000007a6ab0000, 0x00000007a8000000, 0x00000007a8000000)
  to   space 21824K,   0% used [0x00000007a5560000, 0x00000007a5560000, 0x00000007a6ab0000)
 concurrent mark-sweep generation total 393216K, used 46534K [0x00000007a8000000, 0x00000007c0000000, 0x00000007c0000000)
 Metaspace       used 36192K, capacity 36808K, committed 37136K, reserved 1081344K
  class space    used 4113K, capacity 4279K, committed 4372K, reserved 1048576K
}
2016-10-23T18:05:58.079+0800: 123.084: Total time for which application threads were stopped: 0.0090919 seconds, Stopping threads took: 0.0000662 seconds
{Heap before GC invocations=605 (full 12):
 par new generation   total 109248K, used 109248K [0x00000007a0000000, 0x00000007a8000000, 0x00000007a8000000)
  eden space 87424K, 100% used [0x00000007a0000000, 0x00000007a5560000, 0x00000007a5560000)
  from space 21824K, 100% used [0x00000007a6ab0000, 0x00000007a8000000, 0x00000007a8000000)
  to   space 21824K,   0% used [0x00000007a5560000, 0x00000007a5560000, 0x00000007a6ab0000)
 concurrent mark-sweep generation total 393216K, used 46534K [0x00000007a8000000, 0x00000007c0000000, 0x00000007c0000000)
 Metaspace       used 36192K, capacity 36808K, committed 37136K, reserved 1081344K
  class space    used 4113K, capacity 4279K, committed 4372K, reserved 1048576K
2016-10-23T18:05:58.200+0800: 123.205: [GC (Allocation Failure) 2016-10-23T18:05:58.200+0800: 123.205: [ParNew
Desired survivor size 20112992 bytes, new threshold 8 (max 8)
- age   1:    4603352 bytes,    4603352 total
- age   2:    1366400 bytes,    5969752 total
- age   3:    1972072 bytes,    7941824 total
- age   4:     229472 bytes,    8171296 total
- age   5:     767160 bytes,    8938456 total
- age   6:    7825240 bytes,   16763696 total
- age   7:    1826640 bytes,   18590336 total
- age   8:     595816 bytes,   19186152 total
: 109248K->21824K(109248K), 0.0057299 secs] 155782K->70693K(502464K), 0.0057915 secs] [Times: user=0.02 sys=0.00, real=0.00 secs] 
Heap after GC invocations=606 (full 12):
 par new generation   total 109248K, used 21824K [0x00000007a0000000, 0x00000007a8000000, 0x00000007a8000000)
  eden space 87424K,   0% used [0x00000007a0000000, 0x00000007a0000000, 0x00000007a5560000)
  from space 21824K, 100% used [0x00000007a5560000, 0x00000007a6ab0000, 0x00000007a6ab0000)
  to   space 21824K,   0% used [0x00000007a6ab0000, 0x00000007a6ab0000, 0x00000007a8000000)
 concurrent mark-sweep generation total 393216K, used 48869K [0x00000007a8000000, 0x00000007c0000000, 0x00000007c0000000)
 Metaspace       used 36192K, capacity 36808K, committed 37136K, reserved 1081344K
  class space    used 4113K, capacity 4279K, committed 4372K, reserved 1048576K
}
2016-10-23T18:05:58.205+0800: 123.211: Total time for which application threads were stopped: 0.0060490 seconds, Stopping threads took: 0.0000886 seconds
{Heap before GC invocations=606 (full 12):
 par new generation   total 109248K, used 109248K [0x00000007a0000000, 0x00000007a8000000, 0x00000007a8000000)
  eden space 87424K, 100% used [0x00000007a0000000, 0x00000007a5560000, 0x00000007a5560000)
  from space 21824K, 100% used [0x00000007a5560000, 0x00000007a6ab0000, 0x00000007a6ab0000)
  to   space 21824K,   0% used [0x00000007a6ab0000, 0x00000007a6ab0000, 0x00000007a8000000)
 concurrent mark-sweep generation total 393216K, used 48869K [0x00000007a8000000, 0x00000007c0000000, 0x00000007c0000000)
 Metaspace       used 36192K, capacity 36808K, committed 37136K, reserved 1081344K
  class space    used 4113K, capacity 4279K, committed 4372K, reserved 1048576K
2016-10-23T18:05:58.286+0800: 123.292: [GC (Allocation Failure) 2016-10-23T18:05:58.286+0800: 123.292: [ParNew
Desired survivor size 20112992 bytes, new threshold 8 (max 8)
- age   1:    4346784 bytes,    4346784 total
- age   2:    1836528 bytes,    6183312 total
- age   3:    1164792 bytes,    7348104 total
- age   4:     575800 bytes,    7923904 total
- age   5:     229472 bytes,    8153376 total
- age   6:     767160 bytes,    8920536 total
- age   7:    7825144 bytes,   16745680 total
- age   8:    1826640 bytes,   18572320 total
: 109248K->21824K(109248K), 0.0089180 secs] 158117K->74783K(502464K), 0.0089934 secs] [Times: user=0.03 sys=0.01, real=0.01 secs] 
Heap after GC invocations=607 (full 12):
 par new generation   total 109248K, used 21824K [0x00000007a0000000, 0x00000007a8000000, 0x00000007a8000000)
  eden space 87424K,   0% used [0x00000007a0000000, 0x00000007a0000000, 0x00000007a5560000)
  from space 21824K, 100% used [0x00000007a6ab0000, 0x00000007a8000000, 0x00000007a8000000)
  to   space 21824K,   0% used [0x00000007a5560000, 0x00000007a5560000, 0x00000007a6ab0000)
 concurrent mark-sweep generation total 393216K, used 52959K [0x00000007a8000000, 0x00000007c0000000, 0x00000007c0000000)
 Metaspace       used 36192K, capacity 36808K, committed 37136K, reserved 1081344K
  class space    used 4113K, capacity 4279K, committed 4372K, reserved 1048576K
}
2016-10-23T18:05:58.295+0800: 123.301: Total time for which application threads were stopped: 0.0092468 seconds, Stopping threads took: 0.0000723 seconds
{Heap before GC invocations=607 (full 12):
 par new generation   total 109248K, used 109248K [0x00000007a0000000, 0x00000007a8000000, 0x00000007a8000000)
  eden space 87424K, 100% used [0x00000007a0000000, 0x00000007a5560000, 0x00000007a5560000)
  from space 21824K, 100% used [0x00000007a6ab0000, 0x00000007a8000000, 0x00000007a8000000)
  to   space 21824K,   0% used [0x00000007a5560000, 0x00000007a5560000, 0x00000007a6ab0000)
 concurrent mark-sweep generation total 393216K, used 52959K [0x00000007a8000000, 0x00000007c0000000, 0x00000007c0000000)
 Metaspace       used 36192K, capacity 36808K, committed 37136K, reserved 1081344K
  class space    used 4113K, capacity 4279K, committed 4372K, reserved 1048576K
2016-10-23T18:05:58.357+0800: 123.363: [GC (Allocation Failure) 2016-10-23T18:05:58.357+0800: 123.363: [ParNew
Desired survivor size 20112992 bytes, new threshold 8 (max 8)
- age   1:    4384336 bytes,    4384336 total
- age   2:    2563360 bytes,    6947696 total
- age   3:    1742624 bytes,    8690320 total
- age   4:    1149224 bytes,    9839544 total
- age   5:     570216 bytes,   10409760 total
- age   6:     225984 bytes,   10635744 total
- age   7:     758472 bytes,   11394216 total
- age   8:    7320048 bytes,   18714264 total
: 109248K->21824K(109248K), 0.0060858 secs] 162207K->77261K(502464K), 0.0061543 secs] [Times: user=0.02 sys=0.00, real=0.01 secs] 
Heap after GC invocations=608 (full 12):
 par new generation   total 109248K, used 21824K [0x00000007a0000000, 0x00000007a8000000, 0x00000007a8000000)
  eden space 87424K,   0% used [0x00000007a0000000, 0x00000007a0000000, 0x00000007a5560000)
  from space 21824K, 100% used [0x00000007a5560000, 0x00000007a6ab0000, 0x00000007a6ab0000)
  to   space 21824K,   0% used [0x00000007a6ab0000, 0x00000007a6ab0000, 0x00000007a8000000)
 concurrent mark-sweep generation total 393216K, used 55437K [0x00000007a8000000, 0x00000007c0000000, 0x00000007c0000000)
 Metaspace       used 36192K, capacity 36808K, committed 37136K, reserved 1081344K
  class space    used 4113K, capacity 4279K, committed 4372K, reserved 1048576K
}
2016-10-23T18:05:58.364+0800: 123.369: Total time for which application threads were stopped: 0.0063777 seconds, Stopping threads took: 0.0000520 seconds
{Heap before GC invocations=608 (full 12):
 par new generation   total 109248K, used 109248K [0x00000007a0000000, 0x00000007a8000000, 0x00000007a8000000)
  eden space 87424K, 100% used [0x00000007a0000000, 0x00000007a5560000, 0x00000007a5560000)
  from space 21824K, 100% used [0x00000007a5560000, 0x00000007a6ab0000, 0x00000007a6ab0000)
  to   space 21824K,   0% used [0x00000007a6ab0000, 0x00000007a6ab0000, 0x00000007a8000000)
 concurrent mark-sweep generation total 393216K, used 55437K [0x00000007a8000000, 0x00000007c0000000, 0x00000007c0000000)
 Metaspace       used 36192K, capacity 36808K, committed 37136K, reserved 1081344K
  class space    used 4113K, capacity 4279K, committed 4372K, reserved 1048576K
2016-10-23T18:05:58.414+0800: 123.419: [GC (Allocation Failure) 2016-10-23T18:05:58.414+0800: 123.419: [ParNew
Desired survivor size 20112992 bytes, new threshold 8 (max 8)
- age   1:    4247088 bytes,    4247088 total
- age   2:    1848768 bytes,    6095856 total
- age   3:    2512336 bytes,    8608192 total
- age   4:    1731296 bytes,   10339488 total
- age   5:    1149032 bytes,   11488520 total
- age   6:     570216 bytes,   12058736 total
- age   7:     225984 bytes,   12284720 total
- age   8:     758472 bytes,   13043192 total
: 109248K->21824K(109248K), 0.0058409 secs] 164685K->84387K(502464K), 0.0059044 secs] [Times: user=0.02 sys=0.00, real=0.01 secs] 
Heap after GC invocations=609 (full 12):
 par new generation   total 109248K, used 21824K [0x00000007a0000000, 0x00000007a8000000, 0x00000007a8000000)
  eden space 87424K,   0% used [0x00000007a0000000, 0x00000007a0000000, 0x00000007a5560000)
  from space 21824K, 100% used [0x00000007a6ab0000, 0x00000007a8000000, 0x00000007a8000000)
  to   space 21824K,   0% used [0x00000007a5560000, 0x00000007a5560000, 0x00000007a6ab0000)
 concurrent mark-sweep generation total 393216K, used 62563K [0x00000007a8000000, 0x00000007c0000000, 0x00000007c0000000)
 Metaspace       used 36192K, capacity 36808K, committed 37136K, reserved 1081344K
  class space    used 4113K, capacity 4279K, committed 4372K, reserved 1048576K
}
2016-10-23T18:05:58.420+0800: 123.425: Total time for which application threads were stopped: 0.0061277 seconds, Stopping threads took: 0.0000749 seconds
{Heap before GC invocations=609 (full 12):
 par new generation   total 109248K, used 109248K [0x00000007a0000000, 0x00000007a8000000, 0x00000007a8000000)
  eden space 87424K, 100% used [0x00000007a0000000, 0x00000007a5560000, 0x00000007a5560000)
  from space 21824K, 100% used [0x00000007a6ab0000, 0x00000007a8000000, 0x00000007a8000000)
  to   space 21824K,   0% used [0x00000007a5560000, 0x00000007a5560000, 0x00000007a6ab0000)
 concurrent mark-sweep generation total 393216K, used 62563K [0x00000007a8000000, 0x00000007c0000000, 0x00000007c0000000)
 Metaspace       used 36192K, capacity 36808K, committed 37136K, reserved 1081344K
  class space    used 4113K, capacity 4279K, committed 4372K, reserved 1048576K
2016-10-23T18:05:58.480+0800: 123.485: [GC (Allocation Failure) 2016-10-23T18:05:58.480+0800: 123.485: [ParNew
Desired survivor size 20112992 bytes, new threshold 8 (max 8)
- age   1:    4349688 bytes,    4349688 total
- age   2:    2398424 bytes,    6748112 total
- age   3:    1624088 bytes,    8372200 total
- age   4:    2373392 bytes,   10745592 total
- age   5:    1720688 bytes,   12466280 total
- age   6:    1149032 bytes,   13615312 total
- age   7:     570216 bytes,   14185528 total
- age   8:     225984 bytes,   14411512 total
: 109248K->17678K(109248K), 0.0049433 secs] 171811K->80986K(502464K), 0.0049963 secs] [Times: user=0.01 sys=0.00, real=0.00 secs] 
Heap after GC invocations=610 (full 12):
 par new generation   total 109248K, used 17678K [0x00000007a0000000, 0x00000007a8000000, 0x00000007a8000000)
  eden space 87424K,   0% used [0x00000007a0000000, 0x00000007a0000000, 0x00000007a5560000)
  from space 21824K,  81% used [0x00000007a5560000, 0x00000007a66a3998, 0x00000007a6ab0000)
  to   space 21824K,   0% used [0x00000007a6ab0000, 0x00000007a6ab0000, 0x00000007a8000000)
 concurrent mark-sweep generation total 393216K, used 63307K [0x00000007a8000000, 0x00000007c0000000, 0x00000007c0000000)
 Metaspace       used 36192K, capacity 36808K, committed 37136K, reserved 1081344K
  class space    used 4113K, capacity 4279K, committed 4372K, reserved 1048576K
}
2016-10-23T18:05:58.485+0800: 123.490: Total time for which application threads were stopped: 0.0052052 seconds, Stopping threads took: 0.0000518 seconds
{Heap before GC invocations=610 (full 12):
 par new generation   total 109248K, used 105102K [0x00000007a0000000, 0x00000007a8000000, 0x00000007a8000000)
  eden space 87424K, 100% used [0x00000007a0000000, 0x00000007a5560000, 0x00000007a5560000)
  from space 21824K,  81% used [0x00000007a5560000, 0x00000007a66a3998, 0x00000007a6ab0000)
  to   space 21824K,   0% used [0x00000007a6ab0000, 0x00000007a6ab0000, 0x00000007a8000000)
 concurrent mark-sweep generation total 393216K, used 63307K [0x00000007a8000000, 0x00000007c0000000, 0x00000007c0000000)
 Metaspace       used 36192K, capacity 36808K, committed 37136K, reserved 1081344K
  class space    used 4113K, capacity 4279K, committed 4372K, reserved 1048576K
2016-10-23T18:05:58.548+0800: 123.553: [GC (Allocation Failure) 2016-10-23T18:05:58.548+0800: 123.553: [ParNew
Desired survivor size 20112992 bytes, new threshold 8 (max 8)
- age   1:    5504968 bytes,    5504968 total
- age   2:    2039008 bytes,    7543976 total
- age   3:    1290992 bytes,    8834968 total
- age   4:    1619720 bytes,   10454688 total
- age   5:    2339152 bytes,   12793840 total
- age   6:    1688032 bytes,   14481872 total
- age   7:    1149032 bytes,   15630904 total
- age   8:     570216 bytes,   16201120 total
: 105102K->21824K(109248K), 0.0051905 secs] 168410K->85353K(502464K), 0.0052453 secs] [Times: user=0.02 sys=0.00, real=0.01 secs] 
Heap after GC invocations=611 (full 12):
 par new generation   total 109248K, used 21824K [0x00000007a0000000, 0x00000007a8000000, 0x00000007a8000000)
  eden space 87424K,   0% used [0x00000007a0000000, 0x00000007a0000000, 0x00000007a5560000)
  from space 21824K, 100% used [0x00000007a6ab0000, 0x00000007a8000000, 0x00000007a8000000)
  to   space 21824K,   0% used [0x00000007a5560000, 0x00000007a5560000, 0x00000007a6ab0000)
 concurrent mark-sweep generation total 393216K, used 63529K [0x00000007a8000000, 0x00000007c0000000, 0x00000007c0000000)
 Metaspace       used 36192K, capacity 36808K, committed 37136K, reserved 1081344K
  class space    used 4113K, capacity 4279K, committed 4372K, reserved 1048576K
}
2016-10-23T18:05:58.553+0800: 123.558: Total time for which application threads were stopped: 0.0055124 seconds, Stopping threads took: 0.0000972 seconds
{Heap before GC invocations=611 (full 12):
 par new generation   total 109248K, used 109248K [0x00000007a0000000, 0x00000007a8000000, 0x00000007a8000000)
  eden space 87424K, 100% used [0x00000007a0000000, 0x00000007a5560000, 0x00000007a5560000)
  from space 21824K, 100% used [0x00000007a6ab0000, 0x00000007a8000000, 0x00000007a8000000)
  to   space 21824K,   0% used [0x00000007a5560000, 0x00000007a5560000, 0x00000007a6ab0000)
 concurrent mark-sweep generation total 393216K, used 63529K [0x00000007a8000000, 0x00000007c0000000, 0x00000007c0000000)
 Metaspace       used 36192K, capacity 36808K, committed 37136K, reserved 1081344K
  class space    used 4113K, capacity 4279K, committed 4372K, reserved 1048576K
2016-10-23T18:05:58.619+0800: 123.624: [GC (Allocation Failure) 2016-10-23T18:05:58.619+0800: 123.625: [ParNew
Desired survivor size 20112992 bytes, new threshold 8 (max 8)
- age   1:    6000640 bytes,    6000640 total
- age   2:    1758976 bytes,    7759616 total
- age   3:    1955312 bytes,    9714928 total
- age   4:    1290920 bytes,   11005848 total
- age   5:    1592944 bytes,   12598792 total
- age   6:    2109016 bytes,   14707808 total
- age   7:    1687888 bytes,   16395696 total
- age   8:    1149032 bytes,   17544728 total
: 109248K->20522K(109248K), 0.0073184 secs] 172777K->84611K(502464K), 0.0073764 secs] [Times: user=0.03 sys=0.00, real=0.01 secs] 
Heap after GC invocations=612 (full 12):
 par new generation   total 109248K, used 20522K [0x00000007a0000000, 0x00000007a8000000, 0x00000007a8000000)
  eden space 87424K,   0% used [0x00000007a0000000, 0x00000007a0000000, 0x00000007a5560000)
  from space 21824K,  94% used [0x00000007a5560000, 0x00000007a696aab8, 0x00000007a6ab0000)
  to   space 21824K,   0% used [0x00000007a6ab0000, 0x00000007a6ab0000, 0x00000007a8000000)
 concurrent mark-sweep generation total 393216K, used 64088K [0x00000007a8000000, 0x00000007c0000000, 0x00000007c0000000)
 Metaspace       used 36192K, capacity 36808K, committed 37136K, reserved 1081344K
  class space    used 4113K, capacity 4279K, committed 4372K, reserved 1048576K
}
2016-10-23T18:05:58.627+0800: 123.632: Total time for which application threads were stopped: 0.0076055 seconds, Stopping threads took: 0.0000546 seconds
{Heap before GC invocations=612 (full 12):
 par new generation   total 109248K, used 107926K [0x00000007a0000000, 0x00000007a8000000, 0x00000007a8000000)
  eden space 87424K,  99% used [0x00000007a0000000, 0x00000007a555ae98, 0x00000007a5560000)
  from space 21824K,  94% used [0x00000007a5560000, 0x00000007a696aab8, 0x00000007a6ab0000)
  to   space 21824K,   0% used [0x00000007a6ab0000, 0x00000007a6ab0000, 0x00000007a8000000)
 concurrent mark-sweep generation total 393216K, used 64088K [0x00000007a8000000, 0x00000007c0000000, 0x00000007c0000000)
 Metaspace       used 36192K, capacity 36808K, committed 37136K, reserved 1081344K
  class space    used 4113K, capacity 4279K, committed 4372K, reserved 1048576K
2016-10-23T18:05:58.700+0800: 123.705: [GC (Allocation Failure) 2016-10-23T18:05:58.700+0800: 123.705: [ParNew
Desired survivor size 20112992 bytes, new threshold 8 (max 8)
- age   1:    6421432 bytes,    6421432 total
- age   2:    2646840 bytes,    9068272 total
- age   3:    1542552 bytes,   10610824 total
- age   4:    1949224 bytes,   12560048 total
- age   5:    1290920 bytes,   13850968 total
- age   6:    1461824 bytes,   15312792 total
- age   7:    1699048 bytes,   17011840 total
- age   8:    1686672 bytes,   18698512 total
: 107926K->21824K(109248K), 0.0063957 secs] 172014K->87052K(502464K), 0.0064718 secs] [Times: user=0.02 sys=0.00, real=0.00 secs] 
Heap after GC invocations=613 (full 12):
 par new generation   total 109248K, used 21824K [0x00000007a0000000, 0x00000007a8000000, 0x00000007a8000000)
  eden space 87424K,   0% used [0x00000007a0000000, 0x00000007a0000000, 0x00000007a5560000)
  from space 21824K, 100% used [0x00000007a6ab0000, 0x00000007a8000000, 0x00000007a8000000)
  to   space 21824K,   0% used [0x00000007a5560000, 0x00000007a5560000, 0x00000007a6ab0000)
 concurrent mark-sweep generation total 393216K, used 65228K [0x00000007a8000000, 0x00000007c0000000, 0x00000007c0000000)
 Metaspace       used 36192K, capacity 36808K, committed 37136K, reserved 1081344K
  class space    used 4113K, capacity 4279K, committed 4372K, reserved 1048576K
}
2016-10-23T18:05:58.706+0800: 123.711: Total time for which application threads were stopped: 0.0067982 seconds, Stopping threads took: 0.0001070 seconds
{Heap before GC invocations=613 (full 12):
 par new generation   total 109248K, used 109248K [0x00000007a0000000, 0x00000007a8000000, 0x00000007a8000000)
  eden space 87424K, 100% used [0x00000007a0000000, 0x00000007a5560000, 0x00000007a5560000)
  from space 21824K, 100% used [0x00000007a6ab0000, 0x00000007a8000000, 0x00000007a8000000)
  to   space 21824K,   0% used [0x00000007a5560000, 0x00000007a5560000, 0x00000007a6ab0000)
 concurrent mark-sweep generation total 393216K, used 65228K [0x00000007a8000000, 0x00000007c0000000, 0x00000007c0000000)
 Metaspace       used 36192K, capacity 36808K, committed 37136K, reserved 1081344K
  class space    used 4113K, capacity 4279K, committed 4372K, reserved 1048576K
2016-10-23T18:05:58.791+0800: 123.797: [GC (Allocation Failure) 2016-10-23T18:05:58.791+0800: 123.797: [ParNew
Desired survivor size 20112992 bytes, new threshold 8 (max 8)
- age   1:    5457664 bytes,    5457664 total
- age   2:    2612152 bytes,    8069816 total
- age   3:    1484632 bytes,    9554448 total
- age   4:    1447160 bytes,   11001608 total
- age   5:    1607024 bytes,   12608632 total
- age   6:    1227160 bytes,   13835792 total
- age   7:    1300352 bytes,   15136144 total
- age   8:    1139880 bytes,   16276024 total
: 109248K->21824K(109248K), 0.0073327 secs] 174476K->92064K(502464K), 0.0073943 secs] [Times: user=0.02 sys=0.00, real=0.00 secs] 
Heap after GC invocations=614 (full 12):
 par new generation   total 109248K, used 21824K [0x00000007a0000000, 0x00000007a8000000, 0x00000007a8000000)
  eden space 87424K,   0% used [0x00000007a0000000, 0x00000007a0000000, 0x00000007a5560000)
  from space 21824K, 100% used [0x00000007a5560000, 0x00000007a6ab0000, 0x00000007a6ab0000)
  to   space 21824K,   0% used [0x00000007a6ab0000, 0x00000007a6ab0000, 0x00000007a8000000)
 concurrent mark-sweep generation total 393216K, used 70240K [0x00000007a8000000, 0x00000007c0000000, 0x00000007c0000000)
 Metaspace       used 36192K, capacity 36808K, committed 37136K, reserved 1081344K
  class space    used 4113K, capacity 4279K, committed 4372K, reserved 1048576K
}
2016-10-23T18:05:58.799+0800: 123.804: Total time for which application threads were stopped: 0.0076906 seconds, Stopping threads took: 0.0001386 seconds
{Heap before GC invocations=614 (full 12):
 par new generation   total 109248K, used 109248K [0x00000007a0000000, 0x00000007a8000000, 0x00000007a8000000)
  eden space 87424K, 100% used [0x00000007a0000000, 0x00000007a5560000, 0x00000007a5560000)
  from space 21824K, 100% used [0x00000007a5560000, 0x00000007a6ab0000, 0x00000007a6ab0000)
  to   space 21824K,   0% used [0x00000007a6ab0000, 0x00000007a6ab0000, 0x00000007a8000000)
 concurrent mark-sweep generation total 393216K, used 70240K [0x00000007a8000000, 0x00000007c0000000, 0x00000007c0000000)
 Metaspace       used 36194K, capacity 36808K, committed 37136K, reserved 1081344K
  class space    used 4113K, capacity 4279K, committed 4372K, reserved 1048576K
2016-10-23T18:05:58.904+0800: 123.909: [GC (Allocation Failure) 2016-10-23T18:05:58.904+0800: 123.909: [ParNew
Desired survivor size 20112992 bytes, new threshold 8 (max 8)
- age   1:    3830008 bytes,    3830008 total
- age   2:    5359008 bytes,    9189016 total
- age   3:    2449680 bytes,   11638696 total
- age   4:    1437496 bytes,   13076192 total
- age   5:    1402184 bytes,   14478376 total
- age   6:    1629216 bytes,   16107592 total
- age   7:    1189600 bytes,   17297192 total
- age   8:    1256520 bytes,   18553712 total
: 109248K->21824K(109248K), 0.0072605 secs] 179488K->93150K(502464K), 0.0073150 secs] [Times: user=0.02 sys=0.00, real=0.01 secs] 
Heap after GC invocations=615 (full 12):
 par new generation   total 109248K, used 21824K [0x00000007a0000000, 0x00000007a8000000, 0x00000007a8000000)
  eden space 87424K,   0% used [0x00000007a0000000, 0x00000007a0000000, 0x00000007a5560000)
  from space 21824K, 100% used [0x00000007a6ab0000, 0x00000007a8000000, 0x00000007a8000000)
  to   space 21824K,   0% used [0x00000007a5560000, 0x00000007a5560000, 0x00000007a6ab0000)
 concurrent mark-sweep generation total 393216K, used 71326K [0x00000007a8000000, 0x00000007c0000000, 0x00000007c0000000)
 Metaspace       used 36194K, capacity 36808K, committed 37136K, reserved 1081344K
  class space    used 4113K, capacity 4279K, committed 4372K, reserved 1048576K
}
2016-10-23T18:05:58.911+0800: 123.916: Total time for which application threads were stopped: 0.0075750 seconds, Stopping threads took: 0.0000992 seconds
{Heap before GC invocations=615 (full 12):
 par new generation   total 109248K, used 109248K [0x00000007a0000000, 0x00000007a8000000, 0x00000007a8000000)
  eden space 87424K, 100% used [0x00000007a0000000, 0x00000007a5560000, 0x00000007a5560000)
  from space 21824K, 100% used [0x00000007a6ab0000, 0x00000007a8000000, 0x00000007a8000000)
  to   space 21824K,   0% used [0x00000007a5560000, 0x00000007a5560000, 0x00000007a6ab0000)
 concurrent mark-sweep generation total 393216K, used 71326K [0x00000007a8000000, 0x00000007c0000000, 0x00000007c0000000)
 Metaspace       used 36194K, capacity 36808K, committed 37136K, reserved 1081344K
  class space    used 4113K, capacity 4279K, committed 4372K, reserved 1048576K
2016-10-23T18:05:58.969+0800: 123.975: [GC (Allocation Failure) 2016-10-23T18:05:58.969+0800: 123.975: [ParNew
Desired survivor size 20112992 bytes, new threshold 8 (max 8)
- age   1:    1624264 bytes,    1624264 total
- age   2:    3238632 bytes,    4862896 total
- age   3:    5308152 bytes,   10171048 total
- age   4:    2421688 bytes,   12592736 total
- age   5:    1393664 bytes,   13986400 total
- age   6:    1402184 bytes,   15388584 total
- age   7:    1526256 bytes,   16914840 total
- age   8:    1189600 bytes,   18104440 total
: 109248K->21824K(109248K), 0.0072648 secs] 180574K->94362K(502464K), 0.0073238 secs] [Times: user=0.02 sys=0.00, real=0.01 secs] 
Heap after GC invocations=616 (full 12):
 par new generation   total 109248K, used 21824K [0x00000007a0000000, 0x00000007a8000000, 0x00000007a8000000)
  eden space 87424K,   0% used [0x00000007a0000000, 0x00000007a0000000, 0x00000007a5560000)
  from space 21824K, 100% used [0x00000007a5560000, 0x00000007a6ab0000, 0x00000007a6ab0000)
  to   space 21824K,   0% used [0x00000007a6ab0000, 0x00000007a6ab0000, 0x00000007a8000000)
 concurrent mark-sweep generation total 393216K, used 72538K [0x00000007a8000000, 0x00000007c0000000, 0x00000007c0000000)
 Metaspace       used 36194K, capacity 36808K, committed 37136K, reserved 1081344K
  class space    used 4113K, capacity 4279K, committed 4372K, reserved 1048576K
}
2016-10-23T18:05:58.977+0800: 123.982: Total time for which application threads were stopped: 0.0076153 seconds, Stopping threads took: 0.0001368 seconds
{Heap before GC invocations=616 (full 12):
 par new generation   total 109248K, used 109248K [0x00000007a0000000, 0x00000007a8000000, 0x00000007a8000000)
  eden space 87424K, 100% used [0x00000007a0000000, 0x00000007a5560000, 0x00000007a5560000)
  from space 21824K, 100% used [0x00000007a5560000, 0x00000007a6ab0000, 0x00000007a6ab0000)
  to   space 21824K,   0% used [0x00000007a6ab0000, 0x00000007a6ab0000, 0x00000007a8000000)
 concurrent mark-sweep generation total 393216K, used 72538K [0x00000007a8000000, 0x00000007c0000000, 0x00000007c0000000)
 Metaspace       used 36195K, capacity 36808K, committed 37136K, reserved 1081344K
  class space    used 4113K, capacity 4279K, committed 4372K, reserved 1048576K
2016-10-23T18:05:59.074+0800: 124.079: [GC (Allocation Failure) 2016-10-23T18:05:59.074+0800: 124.079: [ParNew
Desired survivor size 20112992 bytes, new threshold 8 (max 8)
- age   1:    4355320 bytes,    4355320 total
- age   2:     743128 bytes,    5098448 total
- age   3:    2871104 bytes,    7969552 total
- age   4:    5307400 bytes,   13276952 total
- age   5:    2309176 bytes,   15586128 total
- age   6:    1287624 bytes,   16873752 total
- age   7:    1302576 bytes,   18176328 total
- age   8:    1431424 bytes,   19607752 total
: 109248K->21545K(109248K), 0.0064949 secs] 181786K->95167K(502464K), 0.0065410 secs] [Times: user=0.02 sys=0.00, real=0.01 secs] 
Heap after GC invocations=617 (full 12):
 par new generation   total 109248K, used 21545K [0x00000007a0000000, 0x00000007a8000000, 0x00000007a8000000)
  eden space 87424K,   0% used [0x00000007a0000000, 0x00000007a0000000, 0x00000007a5560000)
  from space 21824K,  98% used [0x00000007a6ab0000, 0x00000007a7fba4a0, 0x00000007a8000000)
  to   space 21824K,   0% used [0x00000007a5560000, 0x00000007a5560000, 0x00000007a6ab0000)
 concurrent mark-sweep generation total 393216K, used 73622K [0x00000007a8000000, 0x00000007c0000000, 0x00000007c0000000)
 Metaspace       used 36195K, capacity 36808K, committed 37136K, reserved 1081344K
  class space    used 4113K, capacity 4279K, committed 4372K, reserved 1048576K
}
2016-10-23T18:05:59.081+0800: 124.086: Total time for which application threads were stopped: 0.0067369 seconds, Stopping threads took: 0.0000510 seconds
{Heap before GC invocations=617 (full 12):
 par new generation   total 109248K, used 108969K [0x00000007a0000000, 0x00000007a8000000, 0x00000007a8000000)
  eden space 87424K, 100% used [0x00000007a0000000, 0x00000007a5560000, 0x00000007a5560000)
  from space 21824K,  98% used [0x00000007a6ab0000, 0x00000007a7fba4a0, 0x00000007a8000000)
  to   space 21824K,   0% used [0x00000007a5560000, 0x00000007a5560000, 0x00000007a6ab0000)
 concurrent mark-sweep generation total 393216K, used 73622K [0x00000007a8000000, 0x00000007c0000000, 0x00000007c0000000)
 Metaspace       used 36195K, capacity 36808K, committed 37136K, reserved 1081344K
  class space    used 4113K, capacity 4279K, committed 4372K, reserved 1048576K
2016-10-23T18:05:59.209+0800: 124.214: [GC (Allocation Failure) 2016-10-23T18:05:59.209+0800: 124.214: [ParNew
Desired survivor size 20112992 bytes, new threshold 8 (max 8)
- age   1:    3299944 bytes,    3299944 total
- age   2:    2394560 bytes,    5694504 total
- age   3:     424784 bytes,    6119288 total
- age   4:    1917792 bytes,    8037080 total
- age   5:    5176288 bytes,   13213368 total
- age   6:    2309176 bytes,   15522544 total
- age   7:    1287624 bytes,   16810168 total
- age   8:    1302576 bytes,   18112744 total
: 108969K->21824K(109248K), 0.0072851 secs] 182591K->100561K(502464K), 0.0073588 secs] [Times: user=0.02 sys=0.00, real=0.01 secs] 
Heap after GC invocations=618 (full 12):
 par new generation   total 109248K, used 21824K [0x00000007a0000000, 0x00000007a8000000, 0x00000007a8000000)
  eden space 87424K,   0% used [0x00000007a0000000, 0x00000007a0000000, 0x00000007a5560000)
  from space 21824K, 100% used [0x00000007a5560000, 0x00000007a6ab0000, 0x00000007a6ab0000)
  to   space 21824K,   0% used [0x00000007a6ab0000, 0x00000007a6ab0000, 0x00000007a8000000)
 concurrent mark-sweep generation total 393216K, used 78737K [0x00000007a8000000, 0x00000007c0000000, 0x00000007c0000000)
 Metaspace       used 36195K, capacity 36808K, committed 37136K, reserved 1081344K
  class space    used 4113K, capacity 4279K, committed 4372K, reserved 1048576K
}
2016-10-23T18:05:59.216+0800: 124.222: Total time for which application threads were stopped: 0.0076137 seconds, Stopping threads took: 0.0000934 seconds
{Heap before GC invocations=618 (full 12):
 par new generation   total 109248K, used 109248K [0x00000007a0000000, 0x00000007a8000000, 0x00000007a8000000)
  eden space 87424K, 100% used [0x00000007a0000000, 0x00000007a5560000, 0x00000007a5560000)
  from space 21824K, 100% used [0x00000007a5560000, 0x00000007a6ab0000, 0x00000007a6ab0000)
  to   space 21824K,   0% used [0x00000007a6ab0000, 0x00000007a6ab0000, 0x00000007a8000000)
 concurrent mark-sweep generation total 393216K, used 78737K [0x00000007a8000000, 0x00000007c0000000, 0x00000007c0000000)
 Metaspace       used 36195K, capacity 36808K, committed 37136K, reserved 1081344K
  class space    used 4113K, capacity 4279K, committed 4372K, reserved 1048576K
2016-10-23T18:05:59.325+0800: 124.330: [GC (Allocation Failure) 2016-10-23T18:05:59.325+0800: 124.330: [ParNew
Desired survivor size 20112992 bytes, new threshold 8 (max 8)
- age   1:    6155136 bytes,    6155136 total
- age   2:    1867184 bytes,    8022320 total
- age   3:    2280352 bytes,   10302672 total
- age   4:     374640 bytes,   10677312 total
- age   5:    1687824 bytes,   12365136 total
- age   6:    5176240 bytes,   17541376 total
- age   7:    2309128 bytes,   19850504 total
- age   8:    1287576 bytes,   21138080 total
: 109248K->21824K(109248K), 0.0065416 secs] 187985K->102583K(502464K), 0.0066156 secs] [Times: user=0.02 sys=0.01, real=0.01 secs] 
Heap after GC invocations=619 (full 12):
 par new generation   total 109248K, used 21824K [0x00000007a0000000, 0x00000007a8000000, 0x00000007a8000000)
  eden space 87424K,   0% used [0x00000007a0000000, 0x00000007a0000000, 0x00000007a5560000)
  from space 21824K, 100% used [0x00000007a6ab0000, 0x00000007a8000000, 0x00000007a8000000)
  to   space 21824K,   0% used [0x00000007a5560000, 0x00000007a5560000, 0x00000007a6ab0000)
 concurrent mark-sweep generation total 393216K, used 80759K [0x00000007a8000000, 0x00000007c0000000, 0x00000007c0000000)
 Metaspace       used 36195K, capacity 36808K, committed 37136K, reserved 1081344K
  class space    used 4113K, capacity 4279K, committed 4372K, reserved 1048576K
}
2016-10-23T18:05:59.331+0800: 124.336: Total time for which application threads were stopped: 0.0068906 seconds, Stopping threads took: 0.0000857 seconds
{Heap before GC invocations=619 (full 12):
 par new generation   total 109248K, used 109248K [0x00000007a0000000, 0x00000007a8000000, 0x00000007a8000000)
  eden space 87424K, 100% used [0x00000007a0000000, 0x00000007a5560000, 0x00000007a5560000)
  from space 21824K, 100% used [0x00000007a6ab0000, 0x00000007a8000000, 0x00000007a8000000)
  to   space 21824K,   0% used [0x00000007a5560000, 0x00000007a5560000, 0x00000007a6ab0000)
 concurrent mark-sweep generation total 393216K, used 80759K [0x00000007a8000000, 0x00000007c0000000, 0x00000007c0000000)
 Metaspace       used 36195K, capacity 36808K, committed 37136K, reserved 1081344K
  class space    used 4113K, capacity 4279K, committed 4372K, reserved 1048576K
2016-10-23T18:05:59.471+0800: 124.477: [GC (Allocation Failure) 2016-10-23T18:05:59.472+0800: 124.477: [ParNew
Desired survivor size 20112992 bytes, new threshold 8 (max 8)
- age   1:    5939504 bytes,    5939504 total
- age   2:    3154544 bytes,    9094048 total
- age   3:    1716432 bytes,   10810480 total
- age   4:    1520464 bytes,   12330944 total
- age   5:     352336 bytes,   12683280 total
- age   6:    1653072 bytes,   14336352 total
- age   7:    5307328 bytes,   19643680 total
- age   8:    2309128 bytes,   21952808 total
: 109248K->21824K(109248K), 0.0083784 secs] 190007K->105667K(502464K), 0.0084365 secs] [Times: user=0.03 sys=0.00, real=0.01 secs] 
Heap after GC invocations=620 (full 12):
 par new generation   total 109248K, used 21824K [0x00000007a0000000, 0x00000007a8000000, 0x00000007a8000000)
  eden space 87424K,   0% used [0x00000007a0000000, 0x00000007a0000000, 0x00000007a5560000)
  from space 21824K, 100% used [0x00000007a5560000, 0x00000007a6ab0000, 0x00000007a6ab0000)
  to   space 21824K,   0% used [0x00000007a6ab0000, 0x00000007a6ab0000, 0x00000007a8000000)
 concurrent mark-sweep generation total 393216K, used 83843K [0x00000007a8000000, 0x00000007c0000000, 0x00000007c0000000)
 Metaspace       used 36195K, capacity 36808K, committed 37136K, reserved 1081344K
  class space    used 4113K, capacity 4279K, committed 4372K, reserved 1048576K
}
2016-10-23T18:05:59.480+0800: 124.485: Total time for which application threads were stopped: 0.0086694 seconds, Stopping threads took: 0.0000885 seconds
{Heap before GC invocations=620 (full 12):
 par new generation   total 109248K, used 109248K [0x00000007a0000000, 0x00000007a8000000, 0x00000007a8000000)
  eden space 87424K, 100% used [0x00000007a0000000, 0x00000007a5560000, 0x00000007a5560000)
  from space 21824K, 100% used [0x00000007a5560000, 0x00000007a6ab0000, 0x00000007a6ab0000)
  to   space 21824K,   0% used [0x00000007a6ab0000, 0x00000007a6ab0000, 0x00000007a8000000)
 concurrent mark-sweep generation total 393216K, used 83843K [0x00000007a8000000, 0x00000007c0000000, 0x00000007c0000000)
 Metaspace       used 36195K, capacity 36808K, committed 37136K, reserved 1081344K
  class space    used 4113K, capacity 4279K, committed 4372K, reserved 1048576K
2016-10-23T18:05:59.565+0800: 124.570: [GC (Allocation Failure) 2016-10-23T18:05:59.565+0800: 124.570: [ParNew
Desired survivor size 20112992 bytes, new threshold 8 (max 8)
- age   1:    5751904 bytes,    5751904 total
- age   2:    2948648 bytes,    8700552 total
- age   3:    2781032 bytes,   11481584 total
- age   4:    1605320 bytes,   13086904 total
- age   5:    1323008 bytes,   14409912 total
- age   6:     331992 bytes,   14741904 total
- age   7:    1529160 bytes,   16271064 total
- age   8:    5124936 bytes,   21396000 total
: 109248K->21824K(109248K), 0.0070154 secs] 193091K->109711K(502464K), 0.0070676 secs] [Times: user=0.02 sys=0.00, real=0.01 secs] 
Heap after GC invocations=621 (full 12):
 par new generation   total 109248K, used 21824K [0x00000007a0000000, 0x00000007a8000000, 0x00000007a8000000)
  eden space 87424K,   0% used [0x00000007a0000000, 0x00000007a0000000, 0x00000007a5560000)
  from space 21824K, 100% used [0x00000007a6ab0000, 0x00000007a8000000, 0x00000007a8000000)
  to   space 21824K,   0% used [0x00000007a5560000, 0x00000007a5560000, 0x00000007a6ab0000)
 concurrent mark-sweep generation total 393216K, used 87887K [0x00000007a8000000, 0x00000007c0000000, 0x00000007c0000000)
 Metaspace       used 36195K, capacity 36808K, committed 37136K, reserved 1081344K
  class space    used 4113K, capacity 4279K, committed 4372K, reserved 1048576K
}
2016-10-23T18:05:59.572+0800: 124.577: Total time for which application threads were stopped: 0.0073267 seconds, Stopping threads took: 0.0000739 seconds
{Heap before GC invocations=621 (full 12):
 par new generation   total 109248K, used 109248K [0x00000007a0000000, 0x00000007a8000000, 0x00000007a8000000)
  eden space 87424K, 100% used [0x00000007a0000000, 0x00000007a5560000, 0x00000007a5560000)
  from space 21824K, 100% used [0x00000007a6ab0000, 0x00000007a8000000, 0x00000007a8000000)
  to   space 21824K,   0% used [0x00000007a5560000, 0x00000007a5560000, 0x00000007a6ab0000)
 concurrent mark-sweep generation total 393216K, used 87887K [0x00000007a8000000, 0x00000007c0000000, 0x00000007c0000000)
 Metaspace       used 36195K, capacity 36808K, committed 37136K, reserved 1081344K
  class space    used 4113K, capacity 4279K, committed 4372K, reserved 1048576K
2016-10-23T18:05:59.672+0800: 124.677: [GC (Allocation Failure) 2016-10-23T18:05:59.672+0800: 124.677: [ParNew
Desired survivor size 20112992 bytes, new threshold 8 (max 8)
- age   1:    4713912 bytes,    4713912 total
- age   2:    1786696 bytes,    6500608 total
- age   3:    2359744 bytes,    8860352 total
- age   4:    2392560 bytes,   11252912 total
- age   5:    1371224 bytes,   12624136 total
- age   6:    1182152 bytes,   13806288 total
- age   7:     317488 bytes,   14123776 total
- age   8:    1020424 bytes,   15144200 total
: 109248K->21824K(109248K), 0.0085827 secs] 197135K->119215K(502464K), 0.0086537 secs] [Times: user=0.03 sys=0.00, real=0.01 secs] 
Heap after GC invocations=622 (full 12):
 par new generation   total 109248K, used 21824K [0x00000007a0000000, 0x00000007a8000000, 0x00000007a8000000)
  eden space 87424K,   0% used [0x00000007a0000000, 0x00000007a0000000, 0x00000007a5560000)
  from space 21824K, 100% used [0x00000007a5560000, 0x00000007a6ab0000, 0x00000007a6ab0000)
  to   space 21824K,   0% used [0x00000007a6ab0000, 0x00000007a6ab0000, 0x00000007a8000000)
 concurrent mark-sweep generation total 393216K, used 97391K [0x00000007a8000000, 0x00000007c0000000, 0x00000007c0000000)
 Metaspace       used 36195K, capacity 36808K, committed 37136K, reserved 1081344K
  class space    used 4113K, capacity 4279K, committed 4372K, reserved 1048576K
}
2016-10-23T18:05:59.680+0800: 124.686: Total time for which application threads were stopped: 0.0089072 seconds, Stopping threads took: 0.0000906 seconds
{Heap before GC invocations=622 (full 12):
 par new generation   total 109248K, used 109248K [0x00000007a0000000, 0x00000007a8000000, 0x00000007a8000000)
  eden space 87424K, 100% used [0x00000007a0000000, 0x00000007a5560000, 0x00000007a5560000)
  from space 21824K, 100% used [0x00000007a5560000, 0x00000007a6ab0000, 0x00000007a6ab0000)
  to   space 21824K,   0% used [0x00000007a6ab0000, 0x00000007a6ab0000, 0x00000007a8000000)
 concurrent mark-sweep generation total 393216K, used 97391K [0x00000007a8000000, 0x00000007c0000000, 0x00000007c0000000)
 Metaspace       used 36195K, capacity 36808K, committed 37136K, reserved 1081344K
  class space    used 4113K, capacity 4279K, committed 4372K, reserved 1048576K
2016-10-23T18:05:59.795+0800: 124.800: [GC (Allocation Failure) 2016-10-23T18:05:59.795+0800: 124.800: [ParNew
Desired survivor size 20112992 bytes, new threshold 8 (max 8)
- age   1:    9623272 bytes,    9623272 total
- age   2:    1931288 bytes,   11554560 total
- age   3:    1714784 bytes,   13269344 total
- age   4:    2291024 bytes,   15560368 total
- age   5:    1603224 bytes,   17163592 total
- age   6:    1368392 bytes,   18531984 total
- age   7:    1181144 bytes,   19713128 total
- age   8:     316936 bytes,   20030064 total
: 109248K->21824K(109248K), 0.0070128 secs] 206639K->120222K(502464K), 0.0070738 secs] [Times: user=0.02 sys=0.00, real=0.01 secs] 
Heap after GC invocations=623 (full 12):
 par new generation   total 109248K, used 21824K [0x00000007a0000000, 0x00000007a8000000, 0x00000007a8000000)
  eden space 87424K,   0% used [0x00000007a0000000, 0x00000007a0000000, 0x00000007a5560000)
  from space 21824K, 100% used [0x00000007a6ab0000, 0x00000007a8000000, 0x00000007a8000000)
  to   space 21824K,   0% used [0x00000007a5560000, 0x00000007a5560000, 0x00000007a6ab0000)
 concurrent mark-sweep generation total 393216K, used 98398K [0x00000007a8000000, 0x00000007c0000000, 0x00000007c0000000)
 Metaspace       used 36195K, capacity 36808K, committed 37136K, reserved 1081344K
  class space    used 4113K, capacity 4279K, committed 4372K, reserved 1048576K
}
2016-10-23T18:05:59.802+0800: 124.807: Total time for which application threads were stopped: 0.0073328 seconds, Stopping threads took: 0.0000760 seconds
{Heap before GC invocations=623 (full 12):
 par new generation   total 109248K, used 109248K [0x00000007a0000000, 0x00000007a8000000, 0x00000007a8000000)
  eden space 87424K, 100% used [0x00000007a0000000, 0x00000007a5560000, 0x00000007a5560000)
  from space 21824K, 100% used [0x00000007a6ab0000, 0x00000007a8000000, 0x00000007a8000000)
  to   space 21824K,   0% used [0x00000007a5560000, 0x00000007a5560000, 0x00000007a6ab0000)
 concurrent mark-sweep generation total 393216K, used 98398K [0x00000007a8000000, 0x00000007c0000000, 0x00000007c0000000)
 Metaspace       used 36195K, capacity 36808K, committed 37136K, reserved 1081344K
  class space    used 4113K, capacity 4279K, committed 4372K, reserved 1048576K
2016-10-23T18:05:59.939+0800: 124.944: [GC (Allocation Failure) 2016-10-23T18:05:59.939+0800: 124.944: [ParNew
Desired survivor size 20112992 bytes, new threshold 8 (max 8)
- age   1:    1902168 bytes,    1902168 total
- age   2:    7733424 bytes,    9635592 total
- age   3:    1776360 bytes,   11411952 total
- age   4:    1456768 bytes,   12868720 total
- age   5:    2066896 bytes,   14935616 total
- age   6:    1452704 bytes,   16388320 total
- age   7:    1198872 bytes,   17587192 total
- age   8:     660864 bytes,   18248056 total
: 109248K->21824K(109248K), 0.0069731 secs] 207646K->124653K(502464K), 0.0070274 secs] [Times: user=0.02 sys=0.01, real=0.01 secs] 
Heap after GC invocations=624 (full 12):
 par new generation   total 109248K, used 21824K [0x00000007a0000000, 0x00000007a8000000, 0x00000007a8000000)
  eden space 87424K,   0% used [0x00000007a0000000, 0x00000007a0000000, 0x00000007a5560000)
  from space 21824K, 100% used [0x00000007a5560000, 0x00000007a6ab0000, 0x00000007a6ab0000)
  to   space 21824K,   0% used [0x00000007a6ab0000, 0x00000007a6ab0000, 0x00000007a8000000)
 concurrent mark-sweep generation total 393216K, used 102829K [0x00000007a8000000, 0x00000007c0000000, 0x00000007c0000000)
 Metaspace       used 36195K, capacity 36808K, committed 37136K, reserved 1081344K
  class space    used 4113K, capacity 4279K, committed 4372K, reserved 1048576K
}
2016-10-23T18:05:59.946+0800: 124.951: Total time for which application threads were stopped: 0.0072673 seconds, Stopping threads took: 0.0000635 seconds
{Heap before GC invocations=624 (full 12):
 par new generation   total 109248K, used 109248K [0x00000007a0000000, 0x00000007a8000000, 0x00000007a8000000)
  eden space 87424K, 100% used [0x00000007a0000000, 0x00000007a5560000, 0x00000007a5560000)
  from space 21824K, 100% used [0x00000007a5560000, 0x00000007a6ab0000, 0x00000007a6ab0000)
  to   space 21824K,   0% used [0x00000007a6ab0000, 0x00000007a6ab0000, 0x00000007a8000000)
 concurrent mark-sweep generation total 393216K, used 102829K [0x00000007a8000000, 0x00000007c0000000, 0x00000007c0000000)
 Metaspace       used 36195K, capacity 36808K, committed 37136K, reserved 1081344K
  class space    used 4113K, capacity 4279K, committed 4372K, reserved 1048576K
2016-10-23T18:06:00.013+0800: 125.018: [GC (Allocation Failure) 2016-10-23T18:06:00.013+0800: 125.018: [ParNew
Desired survivor size 20112992 bytes, new threshold 8 (max 8)
- age   1:    1524728 bytes,    1524728 total
- age   2:    1784160 bytes,    3308888 total
- age   3:    7078704 bytes,   10387592 total
- age   4:    1686408 bytes,   12074000 total
- age   5:    1386984 bytes,   13460984 total
- age   6:    1958584 bytes,   15419568 total
- age   7:    1366032 bytes,   16785600 total
- age   8:    1093632 bytes,   17879232 total
: 109248K->21824K(109248K), 0.0062774 secs] 212077K->125867K(502464K), 0.0063364 secs] [Times: user=0.02 sys=0.00, real=0.00 secs] 
Heap after GC invocations=625 (full 12):
 par new generation   total 109248K, used 21824K [0x00000007a0000000, 0x00000007a8000000, 0x00000007a8000000)
  eden space 87424K,   0% used [0x00000007a0000000, 0x00000007a0000000, 0x00000007a5560000)
  from space 21824K, 100% used [0x00000007a6ab0000, 0x00000007a8000000, 0x00000007a8000000)
  to   space 21824K,   0% used [0x00000007a5560000, 0x00000007a5560000, 0x00000007a6ab0000)
 concurrent mark-sweep generation total 393216K, used 104043K [0x00000007a8000000, 0x00000007c0000000, 0x00000007c0000000)
 Metaspace       used 36195K, capacity 36808K, committed 37136K, reserved 1081344K
  class space    used 4113K, capacity 4279K, committed 4372K, reserved 1048576K
}
2016-10-23T18:06:00.019+0800: 125.025: Total time for which application threads were stopped: 0.0065754 seconds, Stopping threads took: 0.0000846 seconds
{Heap before GC invocations=625 (full 12):
 par new generation   total 109248K, used 109248K [0x00000007a0000000, 0x00000007a8000000, 0x00000007a8000000)
  eden space 87424K, 100% used [0x00000007a0000000, 0x00000007a5560000, 0x00000007a5560000)
  from space 21824K, 100% used [0x00000007a6ab0000, 0x00000007a8000000, 0x00000007a8000000)
  to   space 21824K,   0% used [0x00000007a5560000, 0x00000007a5560000, 0x00000007a6ab0000)
 concurrent mark-sweep generation total 393216K, used 104043K [0x00000007a8000000, 0x00000007c0000000, 0x00000007c0000000)
 Metaspace       used 36196K, capacity 36808K, committed 37136K, reserved 1081344K
  class space    used 4114K, capacity 4279K, committed 4372K, reserved 1048576K
2016-10-23T18:06:00.129+0800: 125.134: [GC (Allocation Failure) 2016-10-23T18:06:00.129+0800: 125.134: [ParNew
Desired survivor size 20112992 bytes, new threshold 8 (max 8)
- age   1:    4570368 bytes,    4570368 total
- age   2:     667848 bytes,    5238216 total
- age   3:    1141496 bytes,    6379712 total
- age   4:    6896344 bytes,   13276056 total
- age   5:    1534344 bytes,   14810400 total
- age   6:    1262648 bytes,   16073048 total
- age   7:    1757800 bytes,   17830848 total
- age   8:    1273128 bytes,   19103976 total
: 109248K->21824K(109248K), 0.0074008 secs] 213291K->128226K(502464K), 0.0074579 secs] [Times: user=0.02 sys=0.01, real=0.01 secs] 
Heap after GC invocations=626 (full 12):
 par new generation   total 109248K, used 21824K [0x00000007a0000000, 0x00000007a8000000, 0x00000007a8000000)
  eden space 87424K,   0% used [0x00000007a0000000, 0x00000007a0000000, 0x00000007a5560000)
  from space 21824K, 100% used [0x00000007a5560000, 0x00000007a6ab0000, 0x00000007a6ab0000)
  to   space 21824K,   0% used [0x00000007a6ab0000, 0x00000007a6ab0000, 0x00000007a8000000)
 concurrent mark-sweep generation total 393216K, used 106402K [0x00000007a8000000, 0x00000007c0000000, 0x00000007c0000000)
 Metaspace       used 36196K, capacity 36808K, committed 37136K, reserved 1081344K
  class space    used 4114K, capacity 4279K, committed 4372K, reserved 1048576K
}
2016-10-23T18:06:00.137+0800: 125.142: Total time for which application threads were stopped: 0.0077001 seconds, Stopping threads took: 0.0000875 seconds
{Heap before GC invocations=626 (full 12):
 par new generation   total 109248K, used 109248K [0x00000007a0000000, 0x00000007a8000000, 0x00000007a8000000)
  eden space 87424K, 100% used [0x00000007a0000000, 0x00000007a5560000, 0x00000007a5560000)
  from space 21824K, 100% used [0x00000007a5560000, 0x00000007a6ab0000, 0x00000007a6ab0000)
  to   space 21824K,   0% used [0x00000007a6ab0000, 0x00000007a6ab0000, 0x00000007a8000000)
 concurrent mark-sweep generation total 393216K, used 106402K [0x00000007a8000000, 0x00000007c0000000, 0x00000007c0000000)
 Metaspace       used 36196K, capacity 36808K, committed 37136K, reserved 1081344K
  class space    used 4114K, capacity 4279K, committed 4372K, reserved 1048576K
2016-10-23T18:06:00.251+0800: 125.256: [GC (Allocation Failure) 2016-10-23T18:06:00.251+0800: 125.256: [ParNew
Desired survivor size 20112992 bytes, new threshold 8 (max 8)
- age   1:    4062888 bytes,    4062888 total
- age   2:    2003608 bytes,    6066496 total
- age   3:     464008 bytes,    6530504 total
- age   4:     996104 bytes,    7526608 total
- age   5:    6619296 bytes,   14145904 total
- age   6:    1534168 bytes,   15680072 total
- age   7:    1262296 bytes,   16942368 total
- age   8:    1757712 bytes,   18700080 total
: 109248K->21824K(109248K), 0.0063867 secs] 215650K->132141K(502464K), 0.0064518 secs] [Times: user=0.03 sys=0.00, real=0.00 secs] 
Heap after GC invocations=627 (full 12):
 par new generation   total 109248K, used 21824K [0x00000007a0000000, 0x00000007a8000000, 0x00000007a8000000)
  eden space 87424K,   0% used [0x00000007a0000000, 0x00000007a0000000, 0x00000007a5560000)
  from space 21824K, 100% used [0x00000007a6ab0000, 0x00000007a8000000, 0x00000007a8000000)
  to   space 21824K,   0% used [0x00000007a5560000, 0x00000007a5560000, 0x00000007a6ab0000)
 concurrent mark-sweep generation total 393216K, used 110317K [0x00000007a8000000, 0x00000007c0000000, 0x00000007c0000000)
 Metaspace       used 36196K, capacity 36808K, committed 37136K, reserved 1081344K
  class space    used 4114K, capacity 4279K, committed 4372K, reserved 1048576K
}
2016-10-23T18:06:00.257+0800: 125.262: Total time for which application threads were stopped: 0.0066988 seconds, Stopping threads took: 0.0000863 seconds
{Heap before GC invocations=627 (full 12):
 par new generation   total 109248K, used 109248K [0x00000007a0000000, 0x00000007a8000000, 0x00000007a8000000)
  eden space 87424K, 100% used [0x00000007a0000000, 0x00000007a5560000, 0x00000007a5560000)
  from space 21824K, 100% used [0x00000007a6ab0000, 0x00000007a8000000, 0x00000007a8000000)
  to   space 21824K,   0% used [0x00000007a5560000, 0x00000007a5560000, 0x00000007a6ab0000)
 concurrent mark-sweep generation total 393216K, used 110317K [0x00000007a8000000, 0x00000007c0000000, 0x00000007c0000000)
 Metaspace       used 36196K, capacity 36808K, committed 37136K, reserved 1081344K
  class space    used 4114K, capacity 4279K, committed 4372K, reserved 1048576K
2016-10-23T18:06:00.379+0800: 125.384: [GC (Allocation Failure) 2016-10-23T18:06:00.379+0800: 125.384: [ParNew
Desired survivor size 20112992 bytes, new threshold 8 (max 8)
- age   1:    5206576 bytes,    5206576 total
- age   2:    1667256 bytes,    6873832 total
- age   3:    1649640 bytes,    8523472 total
- age   4:     448368 bytes,    8971840 total
- age   5:     495848 bytes,    9467688 total
- age   6:    6486576 bytes,   15954264 total
- age   7:    1532728 bytes,   17486992 total
- age   8:    1262152 bytes,   18749144 total
: 109248K->21824K(109248K), 0.0063834 secs] 219565K->136863K(502464K), 0.0064496 secs] [Times: user=0.02 sys=0.00, real=0.01 secs] 
Heap after GC invocations=628 (full 12):
 par new generation   total 109248K, used 21824K [0x00000007a0000000, 0x00000007a8000000, 0x00000007a8000000)
  eden space 87424K,   0% used [0x00000007a0000000, 0x00000007a0000000, 0x00000007a5560000)
  from space 21824K, 100% used [0x00000007a5560000, 0x00000007a6ab0000, 0x00000007a6ab0000)
  to   space 21824K,   0% used [0x00000007a6ab0000, 0x00000007a6ab0000, 0x00000007a8000000)
 concurrent mark-sweep generation total 393216K, used 115039K [0x00000007a8000000, 0x00000007c0000000, 0x00000007c0000000)
 Metaspace       used 36196K, capacity 36808K, committed 37136K, reserved 1081344K
  class space    used 4114K, capacity 4279K, committed 4372K, reserved 1048576K
}
2016-10-23T18:06:00.385+0800: 125.391: Total time for which application threads were stopped: 0.0066783 seconds, Stopping threads took: 0.0000762 seconds
{Heap before GC invocations=628 (full 12):
 par new generation   total 109248K, used 109248K [0x00000007a0000000, 0x00000007a8000000, 0x00000007a8000000)
  eden space 87424K, 100% used [0x00000007a0000000, 0x00000007a5560000, 0x00000007a5560000)
  from space 21824K, 100% used [0x00000007a5560000, 0x00000007a6ab0000, 0x00000007a6ab0000)
  to   space 21824K,   0% used [0x00000007a6ab0000, 0x00000007a6ab0000, 0x00000007a8000000)
 concurrent mark-sweep generation total 393216K, used 115039K [0x00000007a8000000, 0x00000007c0000000, 0x00000007c0000000)
 Metaspace       used 36196K, capacity 36808K, committed 37136K, reserved 1081344K
  class space    used 4114K, capacity 4279K, committed 4372K, reserved 1048576K
2016-10-23T18:06:00.488+0800: 125.493: [GC (Allocation Failure) 2016-10-23T18:06:00.488+0800: 125.493: [ParNew
Desired survivor size 20112992 bytes, new threshold 8 (max 8)
- age   1:    6112456 bytes,    6112456 total
- age   2:    2985752 bytes,    9098208 total
- age   3:    1334432 bytes,   10432640 total
- age   4:    1538824 bytes,   11971464 total
- age   5:     411688 bytes,   12383152 total
- age   6:     479816 bytes,   12862968 total
- age   7:    6215504 bytes,   19078472 total
- age   8:    1484232 bytes,   20562704 total
: 109248K->21824K(109248K), 0.0069749 secs] 224287K->139798K(502464K), 0.0070333 secs] [Times: user=0.02 sys=0.00, real=0.01 secs] 
Heap after GC invocations=629 (full 12):
 par new generation   total 109248K, used 21824K [0x00000007a0000000, 0x00000007a8000000, 0x00000007a8000000)
  eden space 87424K,   0% used [0x00000007a0000000, 0x00000007a0000000, 0x00000007a5560000)
  from space 21824K, 100% used [0x00000007a6ab0000, 0x00000007a8000000, 0x00000007a8000000)
  to   space 21824K,   0% used [0x00000007a5560000, 0x00000007a5560000, 0x00000007a6ab0000)
 concurrent mark-sweep generation total 393216K, used 117974K [0x00000007a8000000, 0x00000007c0000000, 0x00000007c0000000)
 Metaspace       used 36196K, capacity 36808K, committed 37136K, reserved 1081344K
  class space    used 4114K, capacity 4279K, committed 4372K, reserved 1048576K
}
2016-10-23T18:06:00.495+0800: 125.500: Total time for which application threads were stopped: 0.0073088 seconds, Stopping threads took: 0.0001087 seconds
{Heap before GC invocations=629 (full 12):
 par new generation   total 109248K, used 109248K [0x00000007a0000000, 0x00000007a8000000, 0x00000007a8000000)
  eden space 87424K, 100% used [0x00000007a0000000, 0x00000007a5560000, 0x00000007a5560000)
  from space 21824K, 100% used [0x00000007a6ab0000, 0x00000007a8000000, 0x00000007a8000000)
  to   space 21824K,   0% used [0x00000007a5560000, 0x00000007a5560000, 0x00000007a6ab0000)
 concurrent mark-sweep generation total 393216K, used 117974K [0x00000007a8000000, 0x00000007c0000000, 0x00000007c0000000)
 Metaspace       used 36196K, capacity 36808K, committed 37136K, reserved 1081344K
  class space    used 4114K, capacity 4279K, committed 4372K, reserved 1048576K
2016-10-23T18:06:00.618+0800: 125.623: [GC (Allocation Failure) 2016-10-23T18:06:00.618+0800: 125.623: [ParNew
Desired survivor size 20112992 bytes, new threshold 8 (max 8)
- age   1:    6077800 bytes,    6077800 total
- age   2:    1961512 bytes,    8039312 total
- age   3:    1931504 bytes,    9970816 total
- age   4:     848528 bytes,   10819344 total
- age   5:    1484864 bytes,   12304208 total
- age   6:     386928 bytes,   12691136 total
- age   7:     474008 bytes,   13165144 total
- age   8:    6214464 bytes,   19379608 total
: 109248K->21824K(109248K), 0.0076226 secs] 227222K->145236K(502464K), 0.0076999 secs] [Times: user=0.02 sys=0.00, real=0.01 secs] 
Heap after GC invocations=630 (full 12):
 par new generation   total 109248K, used 21824K [0x00000007a0000000, 0x00000007a8000000, 0x00000007a8000000)
  eden space 87424K,   0% used [0x00000007a0000000, 0x00000007a0000000, 0x00000007a5560000)
  from space 21824K, 100% used [0x00000007a5560000, 0x00000007a6ab0000, 0x00000007a6ab0000)
  to   space 21824K,   0% used [0x00000007a6ab0000, 0x00000007a6ab0000, 0x00000007a8000000)
 concurrent mark-sweep generation total 393216K, used 123412K [0x00000007a8000000, 0x00000007c0000000, 0x00000007c0000000)
 Metaspace       used 36196K, capacity 36808K, committed 37136K, reserved 1081344K
  class space    used 4114K, capacity 4279K, committed 4372K, reserved 1048576K
}
2016-10-23T18:06:00.626+0800: 125.631: Total time for which application threads were stopped: 0.0079681 seconds, Stopping threads took: 0.0001026 seconds
{Heap before GC invocations=630 (full 12):
 par new generation   total 109248K, used 109248K [0x00000007a0000000, 0x00000007a8000000, 0x00000007a8000000)
  eden space 87424K, 100% used [0x00000007a0000000, 0x00000007a5560000, 0x00000007a5560000)
  from space 21824K, 100% used [0x00000007a5560000, 0x00000007a6ab0000, 0x00000007a6ab0000)
  to   space 21824K,   0% used [0x00000007a6ab0000, 0x00000007a6ab0000, 0x00000007a8000000)
 concurrent mark-sweep generation total 393216K, used 123412K [0x00000007a8000000, 0x00000007c0000000, 0x00000007c0000000)
 Metaspace       used 36196K, capacity 36808K, committed 37136K, reserved 1081344K
  class space    used 4114K, capacity 4279K, committed 4372K, reserved 1048576K
2016-10-23T18:06:00.735+0800: 125.740: [GC (Allocation Failure) 2016-10-23T18:06:00.735+0800: 125.740: [ParNew
Desired survivor size 20112992 bytes, new threshold 8 (max 8)
- age   1:    2843936 bytes,    2843936 total
- age   2:    5481760 bytes,    8325696 total
- age   3:    1791424 bytes,   10117120 total
- age   4:    1802752 bytes,   11919872 total
- age   5:     785376 bytes,   12705248 total
- age   6:    1437264 bytes,   14142512 total
- age   7:     376728 bytes,   14519240 total
- age   8:     459936 bytes,   14979176 total
: 109248K->21824K(109248K), 0.0075474 secs] 232660K->152214K(502464K), 0.0076129 secs] [Times: user=0.03 sys=0.01, real=0.01 secs] 
Heap after GC invocations=631 (full 12):
 par new generation   total 109248K, used 21824K [0x00000007a0000000, 0x00000007a8000000, 0x00000007a8000000)
  eden space 87424K,   0% used [0x00000007a0000000, 0x00000007a0000000, 0x00000007a5560000)
  from space 21824K, 100% used [0x00000007a6ab0000, 0x00000007a8000000, 0x00000007a8000000)
  to   space 21824K,   0% used [0x00000007a5560000, 0x00000007a5560000, 0x00000007a6ab0000)
 concurrent mark-sweep generation total 393216K, used 130390K [0x00000007a8000000, 0x00000007c0000000, 0x00000007c0000000)
 Metaspace       used 36196K, capacity 36808K, committed 37136K, reserved 1081344K
  class space    used 4114K, capacity 4279K, committed 4372K, reserved 1048576K
}
2016-10-23T18:06:00.742+0800: 125.748: Total time for which application threads were stopped: 0.0079024 seconds, Stopping threads took: 0.0001073 seconds
{Heap before GC invocations=631 (full 12):
 par new generation   total 109248K, used 109248K [0x00000007a0000000, 0x00000007a8000000, 0x00000007a8000000)
  eden space 87424K, 100% used [0x00000007a0000000, 0x00000007a5560000, 0x00000007a5560000)
  from space 21824K, 100% used [0x00000007a6ab0000, 0x00000007a8000000, 0x00000007a8000000)
  to   space 21824K,   0% used [0x00000007a5560000, 0x00000007a5560000, 0x00000007a6ab0000)
 concurrent mark-sweep generation total 393216K, used 130390K [0x00000007a8000000, 0x00000007c0000000, 0x00000007c0000000)
 Metaspace       used 36196K, capacity 36808K, committed 37136K, reserved 1081344K
  class space    used 4114K, capacity 4279K, committed 4372K, reserved 1048576K
2016-10-23T18:06:00.799+0800: 125.804: [GC (Allocation Failure) 2016-10-23T18:06:00.799+0800: 125.804: [ParNew
Desired survivor size 20112992 bytes, new threshold 8 (max 8)
- age   1:    1213096 bytes,    1213096 total
- age   2:    2429960 bytes,    3643056 total
- age   3:    5481760 bytes,    9124816 total
- age   4:    1791424 bytes,   10916240 total
- age   5:    1802752 bytes,   12718992 total
- age   6:     785376 bytes,   13504368 total
- age   7:    1437264 bytes,   14941632 total
- age   8:     376728 bytes,   15318360 total
: 109248K->20520K(109248K), 0.0059887 secs] 239638K->151360K(502464K), 0.0060502 secs] [Times: user=0.02 sys=0.00, real=0.01 secs] 
Heap after GC invocations=632 (full 12):
 par new generation   total 109248K, used 20520K [0x00000007a0000000, 0x00000007a8000000, 0x00000007a8000000)
  eden space 87424K,   0% used [0x00000007a0000000, 0x00000007a0000000, 0x00000007a5560000)
  from space 21824K,  94% used [0x00000007a5560000, 0x00000007a696a140, 0x00000007a6ab0000)
  to   space 21824K,   0% used [0x00000007a6ab0000, 0x00000007a6ab0000, 0x00000007a8000000)
 concurrent mark-sweep generation total 393216K, used 130840K [0x00000007a8000000, 0x00000007c0000000, 0x00000007c0000000)
 Metaspace       used 36196K, capacity 36808K, committed 37136K, reserved 1081344K
  class space    used 4114K, capacity 4279K, committed 4372K, reserved 1048576K
}
2016-10-23T18:06:00.805+0800: 125.810: Total time for which application threads were stopped: 0.0063086 seconds, Stopping threads took: 0.0000962 seconds
2016-10-23T18:06:00.813+0800: 125.818: Total time for which application threads were stopped: 0.0002416 seconds, Stopping threads took: 0.0000982 seconds
2016-10-23T18:06:00.824+0800: 125.829: Total time for which application threads were stopped: 0.0001696 seconds, Stopping threads took: 0.0000773 seconds
2016-10-23T18:06:00.898+0800: 125.903: Total time for which application threads were stopped: 0.0002490 seconds, Stopping threads took: 0.0001057 seconds
2016-10-23T18:06:00.898+0800: 125.904: Total time for which application threads were stopped: 0.0001663 seconds, Stopping threads took: 0.0000672 seconds
{Heap before GC invocations=632 (full 12):
 par new generation   total 109248K, used 107903K [0x00000007a0000000, 0x00000007a8000000, 0x00000007a8000000)
  eden space 87424K,  99% used [0x00000007a0000000, 0x00000007a5555e08, 0x00000007a5560000)
  from space 21824K,  94% used [0x00000007a5560000, 0x00000007a696a140, 0x00000007a6ab0000)
  to   space 21824K,   0% used [0x00000007a6ab0000, 0x00000007a6ab0000, 0x00000007a8000000)
 concurrent mark-sweep generation total 393216K, used 130840K [0x00000007a8000000, 0x00000007c0000000, 0x00000007c0000000)
 Metaspace       used 36208K, capacity 36808K, committed 37136K, reserved 1081344K
  class space    used 4114K, capacity 4279K, committed 4372K, reserved 1048576K
2016-10-23T18:06:00.901+0800: 125.907: [GC (Allocation Failure) 2016-10-23T18:06:00.902+0800: 125.907: [ParNew
Desired survivor size 20112992 bytes, new threshold 8 (max 8)
- age   1:    7773344 bytes,    7773344 total
- age   2:     673184 bytes,    8446528 total
- age   3:    1099056 bytes,    9545584 total
- age   4:    5338272 bytes,   14883856 total
- age   5:    1708736 bytes,   16592592 total
- age   6:    1709136 bytes,   18301728 total
- age   7:     694688 bytes,   18996416 total
- age   8:    1202952 bytes,   20199368 total
: 107903K->21824K(109248K), 0.0072663 secs] 238743K->153302K(502464K), 0.0073192 secs] [Times: user=0.03 sys=0.00, real=0.00 secs] 
Heap after GC invocations=633 (full 12):
 par new generation   total 109248K, used 21824K [0x00000007a0000000, 0x00000007a8000000, 0x00000007a8000000)
  eden space 87424K,   0% used [0x00000007a0000000, 0x00000007a0000000, 0x00000007a5560000)
  from space 21824K, 100% used [0x00000007a6ab0000, 0x00000007a8000000, 0x00000007a8000000)
  to   space 21824K,   0% used [0x00000007a5560000, 0x00000007a5560000, 0x00000007a6ab0000)
 concurrent mark-sweep generation total 393216K, used 131478K [0x00000007a8000000, 0x00000007c0000000, 0x00000007c0000000)
 Metaspace       used 36208K, capacity 36808K, committed 37136K, reserved 1081344K
  class space    used 4114K, capacity 4279K, committed 4372K, reserved 1048576K
}
2016-10-23T18:06:00.909+0800: 125.914: Total time for which application threads were stopped: 0.0076146 seconds, Stopping threads took: 0.0000927 seconds
2016-10-23T18:06:00.928+0800: 125.933: Total time for which application threads were stopped: 0.0002604 seconds, Stopping threads took: 0.0001503 seconds
2016-10-23T18:06:00.928+0800: 125.933: Total time for which application threads were stopped: 0.0001362 seconds, Stopping threads took: 0.0000802 seconds
2016-10-23T18:06:00.928+0800: 125.933: Total time for which application threads were stopped: 0.0001661 seconds, Stopping threads took: 0.0000899 seconds
2016-10-23T18:06:00.928+0800: 125.933: Total time for which application threads were stopped: 0.0001112 seconds, Stopping threads took: 0.0000588 seconds
2016-10-23T18:06:00.928+0800: 125.934: Total time for which application threads were stopped: 0.0001394 seconds, Stopping threads took: 0.0000951 seconds
2016-10-23T18:06:00.928+0800: 125.934: Total time for which application threads were stopped: 0.0001263 seconds, Stopping threads took: 0.0000753 seconds
2016-10-23T18:06:00.929+0800: 125.934: Total time for which application threads were stopped: 0.0001266 seconds, Stopping threads took: 0.0000680 seconds
2016-10-23T18:06:00.929+0800: 125.934: Total time for which application threads were stopped: 0.0002063 seconds, Stopping threads took: 0.0001246 seconds
2016-10-23T18:06:00.929+0800: 125.934: Total time for which application threads were stopped: 0.0001165 seconds, Stopping threads took: 0.0000709 seconds
2016-10-23T18:06:00.929+0800: 125.934: Total time for which application threads were stopped: 0.0001123 seconds, Stopping threads took: 0.0000661 seconds
2016-10-23T18:06:00.929+0800: 125.935: Total time for which application threads were stopped: 0.0000883 seconds, Stopping threads took: 0.0000430 seconds
2016-10-23T18:06:00.933+0800: 125.938: Total time for which application threads were stopped: 0.0001519 seconds, Stopping threads took: 0.0000727 seconds
{Heap before GC invocations=633 (full 12):
 par new generation   total 109248K, used 109248K [0x00000007a0000000, 0x00000007a8000000, 0x00000007a8000000)
  eden space 87424K, 100% used [0x00000007a0000000, 0x00000007a5560000, 0x00000007a5560000)
  from space 21824K, 100% used [0x00000007a6ab0000, 0x00000007a8000000, 0x00000007a8000000)
  to   space 21824K,   0% used [0x00000007a5560000, 0x00000007a5560000, 0x00000007a6ab0000)
 concurrent mark-sweep generation total 393216K, used 131478K [0x00000007a8000000, 0x00000007c0000000, 0x00000007c0000000)
 Metaspace       used 36208K, capacity 36808K, committed 37136K, reserved 1081344K
  class space    used 4114K, capacity 4279K, committed 4372K, reserved 1048576K
2016-10-23T18:06:01.037+0800: 126.042: [GC (Allocation Failure) 2016-10-23T18:06:01.037+0800: 126.042: [ParNew
Desired survivor size 20112992 bytes, new threshold 8 (max 8)
- age   1:    3457984 bytes,    3457984 total
- age   2:    4605728 bytes,    8063712 total
- age   3:     673184 bytes,    8736896 total
- age   4:    1031344 bytes,    9768240 total
- age   5:    5338272 bytes,   15106512 total
- age   6:    1708736 bytes,   16815248 total
- age   7:    1709136 bytes,   18524384 total
- age   8:     694688 bytes,   19219072 total
: 109248K->21824K(109248K), 0.0073039 secs] 240726K->156268K(502464K), 0.0073553 secs] [Times: user=0.03 sys=0.00, real=0.01 secs] 
Heap after GC invocations=634 (full 12):
 par new generation   total 109248K, used 21824K [0x00000007a0000000, 0x00000007a8000000, 0x00000007a8000000)
  eden space 87424K,   0% used [0x00000007a0000000, 0x00000007a0000000, 0x00000007a5560000)
  from space 21824K, 100% used [0x00000007a5560000, 0x00000007a6ab0000, 0x00000007a6ab0000)
  to   space 21824K,   0% used [0x00000007a6ab0000, 0x00000007a6ab0000, 0x00000007a8000000)
 concurrent mark-sweep generation total 393216K, used 134444K [0x00000007a8000000, 0x00000007c0000000, 0x00000007c0000000)
 Metaspace       used 36208K, capacity 36808K, committed 37136K, reserved 1081344K
  class space    used 4114K, capacity 4279K, committed 4372K, reserved 1048576K
}
2016-10-23T18:06:01.045+0800: 126.050: Total time for which application threads were stopped: 0.0076409 seconds, Stopping threads took: 0.0001164 seconds
{Heap before GC invocations=634 (full 12):
 par new generation   total 109248K, used 109248K [0x00000007a0000000, 0x00000007a8000000, 0x00000007a8000000)
  eden space 87424K, 100% used [0x00000007a0000000, 0x00000007a5560000, 0x00000007a5560000)
  from space 21824K, 100% used [0x00000007a5560000, 0x00000007a6ab0000, 0x00000007a6ab0000)
  to   space 21824K,   0% used [0x00000007a6ab0000, 0x00000007a6ab0000, 0x00000007a8000000)
 concurrent mark-sweep generation total 393216K, used 134444K [0x00000007a8000000, 0x00000007c0000000, 0x00000007c0000000)
 Metaspace       used 36208K, capacity 36808K, committed 37136K, reserved 1081344K
  class space    used 4114K, capacity 4279K, committed 4372K, reserved 1048576K
2016-10-23T18:06:01.132+0800: 126.138: [GC (Allocation Failure) 2016-10-23T18:06:01.132+0800: 126.138: [ParNew
Desired survivor size 20112992 bytes, new threshold 8 (max 8)
- age   1:    3231176 bytes,    3231176 total
- age   2:    2493312 bytes,    5724488 total
- age   3:    3929080 bytes,    9653568 total
- age   4:     673184 bytes,   10326752 total
- age   5:    1030904 bytes,   11357656 total
- age   6:    5174368 bytes,   16532024 total
- age   7:    1657888 bytes,   18189912 total
- age   8:    1704936 bytes,   19894848 total
: 109248K->21824K(109248K), 0.0073917 secs] 243692K->158523K(502464K), 0.0074423 secs] [Times: user=0.02 sys=0.00, real=0.01 secs] 
Heap after GC invocations=635 (full 12):
 par new generation   total 109248K, used 21824K [0x00000007a0000000, 0x00000007a8000000, 0x00000007a8000000)
  eden space 87424K,   0% used [0x00000007a0000000, 0x00000007a0000000, 0x00000007a5560000)
  from space 21824K, 100% used [0x00000007a6ab0000, 0x00000007a8000000, 0x00000007a8000000)
  to   space 21824K,   0% used [0x00000007a5560000, 0x00000007a5560000, 0x00000007a6ab0000)
 concurrent mark-sweep generation total 393216K, used 136699K [0x00000007a8000000, 0x00000007c0000000, 0x00000007c0000000)
 Metaspace       used 36208K, capacity 36808K, committed 37136K, reserved 1081344K
  class space    used 4114K, capacity 4279K, committed 4372K, reserved 1048576K
}
2016-10-23T18:06:01.140+0800: 126.145: Total time for which application threads were stopped: 0.0077050 seconds, Stopping threads took: 0.0001099 seconds
{Heap before GC invocations=635 (full 12):
 par new generation   total 109248K, used 109248K [0x00000007a0000000, 0x00000007a8000000, 0x00000007a8000000)
  eden space 87424K, 100% used [0x00000007a0000000, 0x00000007a5560000, 0x00000007a5560000)
  from space 21824K, 100% used [0x00000007a6ab0000, 0x00000007a8000000, 0x00000007a8000000)
  to   space 21824K,   0% used [0x00000007a5560000, 0x00000007a5560000, 0x00000007a6ab0000)
 concurrent mark-sweep generation total 393216K, used 136699K [0x00000007a8000000, 0x00000007c0000000, 0x00000007c0000000)
 Metaspace       used 36208K, capacity 36808K, committed 37136K, reserved 1081344K
  class space    used 4114K, capacity 4279K, committed 4372K, reserved 1048576K
2016-10-23T18:06:01.231+0800: 126.236: [GC (Allocation Failure) 2016-10-23T18:06:01.231+0800: 126.236: [ParNew
Desired survivor size 20112992 bytes, new threshold 8 (max 8)
- age   1:    3457624 bytes,    3457624 total
- age   2:    1480456 bytes,    4938080 total
- age   3:    2260752 bytes,    7198832 total
- age   4:    3202432 bytes,   10401264 total
- age   5:     459360 bytes,   10860624 total
- age   6:     897640 bytes,   11758264 total
- age   7:    5099488 bytes,   16857752 total
- age   8:    1649568 bytes,   18507320 total
: 109248K->21824K(109248K), 0.0076625 secs] 245947K->162505K(502464K), 0.0077355 secs] [Times: user=0.02 sys=0.00, real=0.00 secs] 
Heap after GC invocations=636 (full 12):
 par new generation   total 109248K, used 21824K [0x00000007a0000000, 0x00000007a8000000, 0x00000007a8000000)
  eden space 87424K,   0% used [0x00000007a0000000, 0x00000007a0000000, 0x00000007a5560000)
  from space 21824K, 100% used [0x00000007a5560000, 0x00000007a6ab0000, 0x00000007a6ab0000)
  to   space 21824K,   0% used [0x00000007a6ab0000, 0x00000007a6ab0000, 0x00000007a8000000)
 concurrent mark-sweep generation total 393216K, used 140681K [0x00000007a8000000, 0x00000007c0000000, 0x00000007c0000000)
 Metaspace       used 36208K, capacity 36808K, committed 37136K, reserved 1081344K
  class space    used 4114K, capacity 4279K, committed 4372K, reserved 1048576K
}
2016-10-23T18:06:01.238+0800: 126.244: Total time for which application threads were stopped: 0.0079731 seconds, Stopping threads took: 0.0000750 seconds
{Heap before GC invocations=636 (full 12):
 par new generation   total 109248K, used 109248K [0x00000007a0000000, 0x00000007a8000000, 0x00000007a8000000)
  eden space 87424K, 100% used [0x00000007a0000000, 0x00000007a5560000, 0x00000007a5560000)
  from space 21824K, 100% used [0x00000007a5560000, 0x00000007a6ab0000, 0x00000007a6ab0000)
  to   space 21824K,   0% used [0x00000007a6ab0000, 0x00000007a6ab0000, 0x00000007a8000000)
 concurrent mark-sweep generation total 393216K, used 140681K [0x00000007a8000000, 0x00000007c0000000, 0x00000007c0000000)
 Metaspace       used 36208K, capacity 36808K, committed 37136K, reserved 1081344K
  class space    used 4114K, capacity 4279K, committed 4372K, reserved 1048576K
2016-10-23T18:06:01.321+0800: 126.327: [GC (Allocation Failure) 2016-10-23T18:06:01.321+0800: 126.327: [ParNew
Desired survivor size 20112992 bytes, new threshold 8 (max 8)
- age   1:    3864248 bytes,    3864248 total
- age   2:    2156432 bytes,    6020680 total
- age   3:    1330824 bytes,    7351504 total
- age   4:    2216840 bytes,    9568344 total
- age   5:    3171464 bytes,   12739808 total
- age   6:     459360 bytes,   13199168 total
- age   7:     895400 bytes,   14094568 total
- age   8:    4915360 bytes,   19009928 total
: 109248K->21824K(109248K), 0.0071057 secs] 249929K->164665K(502464K), 0.0071610 secs] [Times: user=0.03 sys=0.00, real=0.00 secs] 
Heap after GC invocations=637 (full 12):
 par new generation   total 109248K, used 21824K [0x00000007a0000000, 0x00000007a8000000, 0x00000007a8000000)
  eden space 87424K,   0% used [0x00000007a0000000, 0x00000007a0000000, 0x00000007a5560000)
  from space 21824K, 100% used [0x00000007a6ab0000, 0x00000007a8000000, 0x00000007a8000000)
  to   space 21824K,   0% used [0x00000007a5560000, 0x00000007a5560000, 0x00000007a6ab0000)
 concurrent mark-sweep generation total 393216K, used 142841K [0x00000007a8000000, 0x00000007c0000000, 0x00000007c0000000)
 Metaspace       used 36208K, capacity 36808K, committed 37136K, reserved 1081344K
  class space    used 4114K, capacity 4279K, committed 4372K, reserved 1048576K
}
2016-10-23T18:06:01.329+0800: 126.334: Total time for which application threads were stopped: 0.0074476 seconds, Stopping threads took: 0.0001237 seconds
{Heap before GC invocations=637 (full 12):
 par new generation   total 109248K, used 109248K [0x00000007a0000000, 0x00000007a8000000, 0x00000007a8000000)
  eden space 87424K, 100% used [0x00000007a0000000, 0x00000007a5560000, 0x00000007a5560000)
  from space 21824K, 100% used [0x00000007a6ab0000, 0x00000007a8000000, 0x00000007a8000000)
  to   space 21824K,   0% used [0x00000007a5560000, 0x00000007a5560000, 0x00000007a6ab0000)
 concurrent mark-sweep generation total 393216K, used 142841K [0x00000007a8000000, 0x00000007c0000000, 0x00000007c0000000)
 Metaspace       used 36208K, capacity 36808K, committed 37136K, reserved 1081344K
  class space    used 4114K, capacity 4279K, committed 4372K, reserved 1048576K
2016-10-23T18:06:01.399+0800: 126.404: [GC (Allocation Failure) 2016-10-23T18:06:01.399+0800: 126.404: [ParNew
Desired survivor size 20112992 bytes, new threshold 8 (max 8)
- age   1:    4307824 bytes,    4307824 total
- age   2:    1421992 bytes,    5729816 total
- age   3:    1623248 bytes,    7353064 total
- age   4:     950688 bytes,    8303752 total
- age   5:    2065088 bytes,   10368840 total
- age   6:    3160576 bytes,   13529416 total
- age   7:     459360 bytes,   13988776 total
- age   8:     895400 bytes,   14884176 total
: 109248K->21824K(109248K), 0.0070818 secs] 252089K->170880K(502464K), 0.0071289 secs] [Times: user=0.03 sys=0.00, real=0.01 secs] 
Heap after GC invocations=638 (full 12):
 par new generation   total 109248K, used 21824K [0x00000007a0000000, 0x00000007a8000000, 0x00000007a8000000)
  eden space 87424K,   0% used [0x00000007a0000000, 0x00000007a0000000, 0x00000007a5560000)
  from space 21824K, 100% used [0x00000007a5560000, 0x00000007a6ab0000, 0x00000007a6ab0000)
  to   space 21824K,   0% used [0x00000007a6ab0000, 0x00000007a6ab0000, 0x00000007a8000000)
 concurrent mark-sweep generation total 393216K, used 149056K [0x00000007a8000000, 0x00000007c0000000, 0x00000007c0000000)
 Metaspace       used 36208K, capacity 36808K, committed 37136K, reserved 1081344K
  class space    used 4114K, capacity 4279K, committed 4372K, reserved 1048576K
}
2016-10-23T18:06:01.406+0800: 126.411: Total time for which application threads were stopped: 0.0073468 seconds, Stopping threads took: 0.0000657 seconds
{Heap before GC invocations=638 (full 12):
 par new generation   total 109248K, used 109248K [0x00000007a0000000, 0x00000007a8000000, 0x00000007a8000000)
  eden space 87424K, 100% used [0x00000007a0000000, 0x00000007a5560000, 0x00000007a5560000)
  from space 21824K, 100% used [0x00000007a5560000, 0x00000007a6ab0000, 0x00000007a6ab0000)
  to   space 21824K,   0% used [0x00000007a6ab0000, 0x00000007a6ab0000, 0x00000007a8000000)
 concurrent mark-sweep generation total 393216K, used 149056K [0x00000007a8000000, 0x00000007c0000000, 0x00000007c0000000)
 Metaspace       used 36208K, capacity 36808K, committed 37136K, reserved 1081344K
  class space    used 4114K, capacity 4279K, committed 4372K, reserved 1048576K
2016-10-23T18:06:01.488+0800: 126.493: [GC (Allocation Failure) 2016-10-23T18:06:01.488+0800: 126.493: [ParNew
Desired survivor size 20112992 bytes, new threshold 8 (max 8)
- age   1:    5929712 bytes,    5929712 total
- age   2:    1554776 bytes,    7484488 total
- age   3:    1391112 bytes,    8875600 total
- age   4:    1088160 bytes,    9963760 total
- age   5:     917872 bytes,   10881632 total
- age   6:    2063872 bytes,   12945504 total
- age   7:    3193360 bytes,   16138864 total
- age   8:     459360 bytes,   16598224 total
: 109248K->20908K(109248K), 0.0058510 secs] 258304K->170840K(502464K), 0.0059247 secs] [Times: user=0.02 sys=0.00, real=0.01 secs] 
Heap after GC invocations=639 (full 12):
 par new generation   total 109248K, used 20908K [0x00000007a0000000, 0x00000007a8000000, 0x00000007a8000000)
  eden space 87424K,   0% used [0x00000007a0000000, 0x00000007a0000000, 0x00000007a5560000)
  from space 21824K,  95% used [0x00000007a6ab0000, 0x00000007a7f1b080, 0x00000007a8000000)
  to   space 21824K,   0% used [0x00000007a5560000, 0x00000007a5560000, 0x00000007a6ab0000)
 concurrent mark-sweep generation total 393216K, used 149932K [0x00000007a8000000, 0x00000007c0000000, 0x00000007c0000000)
 Metaspace       used 36208K, capacity 36808K, committed 37136K, reserved 1081344K
  class space    used 4114K, capacity 4279K, committed 4372K, reserved 1048576K
}
2016-10-23T18:06:01.494+0800: 126.499: Total time for which application threads were stopped: 0.0062226 seconds, Stopping threads took: 0.0000835 seconds
{Heap before GC invocations=639 (full 12):
 par new generation   total 109248K, used 108332K [0x00000007a0000000, 0x00000007a8000000, 0x00000007a8000000)
  eden space 87424K, 100% used [0x00000007a0000000, 0x00000007a5560000, 0x00000007a5560000)
  from space 21824K,  95% used [0x00000007a6ab0000, 0x00000007a7f1b080, 0x00000007a8000000)
  to   space 21824K,   0% used [0x00000007a5560000, 0x00000007a5560000, 0x00000007a6ab0000)
 concurrent mark-sweep generation total 393216K, used 149932K [0x00000007a8000000, 0x00000007c0000000, 0x00000007c0000000)
 Metaspace       used 36208K, capacity 36808K, committed 37136K, reserved 1081344K
  class space    used 4114K, capacity 4279K, committed 4372K, reserved 1048576K
2016-10-23T18:06:01.580+0800: 126.585: [GC (Allocation Failure) 2016-10-23T18:06:01.580+0800: 126.585: [ParNew
Desired survivor size 20112992 bytes, new threshold 8 (max 8)
- age   1:    5340240 bytes,    5340240 total
- age   2:    2834872 bytes,    8175112 total
- age   3:    1513808 bytes,    9688920 total
- age   4:    1377488 bytes,   11066408 total
- age   5:    1038976 bytes,   12105384 total
- age   6:     901472 bytes,   13006856 total
- age   7:    2062424 bytes,   15069280 total
- age   8:    3160440 bytes,   18229720 total
: 108332K->20315K(109248K), 0.0056140 secs] 258264K->170695K(502464K), 0.0056645 secs] [Times: user=0.02 sys=0.00, real=0.00 secs] 
Heap after GC invocations=640 (full 12):
 par new generation   total 109248K, used 20315K [0x00000007a0000000, 0x00000007a8000000, 0x00000007a8000000)
  eden space 87424K,   0% used [0x00000007a0000000, 0x00000007a0000000, 0x00000007a5560000)
  from space 21824K,  93% used [0x00000007a5560000, 0x00000007a6936c50, 0x00000007a6ab0000)
  to   space 21824K,   0% used [0x00000007a6ab0000, 0x00000007a6ab0000, 0x00000007a8000000)
 concurrent mark-sweep generation total 393216K, used 150380K [0x00000007a8000000, 0x00000007c0000000, 0x00000007c0000000)
 Metaspace       used 36208K, capacity 36808K, committed 37136K, reserved 1081344K
  class space    used 4114K, capacity 4279K, committed 4372K, reserved 1048576K
}
2016-10-23T18:06:01.585+0800: 126.591: Total time for which application threads were stopped: 0.0059024 seconds, Stopping threads took: 0.0000860 seconds
{Heap before GC invocations=640 (full 12):
 par new generation   total 109248K, used 107739K [0x00000007a0000000, 0x00000007a8000000, 0x00000007a8000000)
  eden space 87424K, 100% used [0x00000007a0000000, 0x00000007a5560000, 0x00000007a5560000)
  from space 21824K,  93% used [0x00000007a5560000, 0x00000007a6936c50, 0x00000007a6ab0000)
  to   space 21824K,   0% used [0x00000007a6ab0000, 0x00000007a6ab0000, 0x00000007a8000000)
 concurrent mark-sweep generation total 393216K, used 150380K [0x00000007a8000000, 0x00000007c0000000, 0x00000007c0000000)
 Metaspace       used 36208K, capacity 36808K, committed 37136K, reserved 1081344K
  class space    used 4114K, capacity 4279K, committed 4372K, reserved 1048576K
2016-10-23T18:06:01.674+0800: 126.680: [GC (Allocation Failure) 2016-10-23T18:06:01.675+0800: 126.680: [ParNew
Desired survivor size 20112992 bytes, new threshold 8 (max 8)
- age   1:    5488248 bytes,    5488248 total
- age   2:    2006424 bytes,    7494672 total
- age   3:    2831848 bytes,   10326520 total
- age   4:    1511096 bytes,   11837616 total
- age   5:    1290792 bytes,   13128408 total
- age   6:     994544 bytes,   14122952 total
- age   7:     901520 bytes,   15024472 total
- age   8:    2062424 bytes,   17086896 total
: 107739K->21824K(109248K), 0.0074313 secs] 258119K->175300K(502464K), 0.0075064 secs] [Times: user=0.03 sys=0.00, real=0.01 secs] 
Heap after GC invocations=641 (full 12):
 par new generation   total 109248K, used 21824K [0x00000007a0000000, 0x00000007a8000000, 0x00000007a8000000)
  eden space 87424K,   0% used [0x00000007a0000000, 0x00000007a0000000, 0x00000007a5560000)
  from space 21824K, 100% used [0x00000007a6ab0000, 0x00000007a8000000, 0x00000007a8000000)
  to   space 21824K,   0% used [0x00000007a5560000, 0x00000007a5560000, 0x00000007a6ab0000)
 concurrent mark-sweep generation total 393216K, used 153476K [0x00000007a8000000, 0x00000007c0000000, 0x00000007c0000000)
 Metaspace       used 36208K, capacity 36808K, committed 37136K, reserved 1081344K
  class space    used 4114K, capacity 4279K, committed 4372K, reserved 1048576K
}
2016-10-23T18:06:01.682+0800: 126.687: Total time for which application threads were stopped: 0.0077776 seconds, Stopping threads took: 0.0001100 seconds
{Heap before GC invocations=641 (full 12):
 par new generation   total 109248K, used 109248K [0x00000007a0000000, 0x00000007a8000000, 0x00000007a8000000)
  eden space 87424K, 100% used [0x00000007a0000000, 0x00000007a5560000, 0x00000007a5560000)
  from space 21824K, 100% used [0x00000007a6ab0000, 0x00000007a8000000, 0x00000007a8000000)
  to   space 21824K,   0% used [0x00000007a5560000, 0x00000007a5560000, 0x00000007a6ab0000)
 concurrent mark-sweep generation total 393216K, used 153476K [0x00000007a8000000, 0x00000007c0000000, 0x00000007c0000000)
 Metaspace       used 36208K, capacity 36808K, committed 37136K, reserved 1081344K
  class space    used 4114K, capacity 4279K, committed 4372K, reserved 1048576K
2016-10-23T18:06:01.746+0800: 126.751: [GC (Allocation Failure) 2016-10-23T18:06:01.746+0800: 126.751: [ParNew
Desired survivor size 20112992 bytes, new threshold 8 (max 8)
- age   1:    5681832 bytes,    5681832 total
- age   2:    2335616 bytes,    8017448 total
- age   3:    1675008 bytes,    9692456 total
- age   4:    2775944 bytes,   12468400 total
- age   5:    1369552 bytes,   13837952 total
- age   6:     985992 bytes,   14823944 total
- age   7:     951656 bytes,   15775600 total
- age   8:     866160 bytes,   16641760 total
: 109248K->21824K(109248K), 0.0077880 secs] 262724K->177722K(502464K), 0.0078356 secs] [Times: user=0.03 sys=0.00, real=0.01 secs] 
Heap after GC invocations=642 (full 12):
 par new generation   total 109248K, used 21824K [0x00000007a0000000, 0x00000007a8000000, 0x00000007a8000000)
  eden space 87424K,   0% used [0x00000007a0000000, 0x00000007a0000000, 0x00000007a5560000)
  from space 21824K, 100% used [0x00000007a5560000, 0x00000007a6ab0000, 0x00000007a6ab0000)
  to   space 21824K,   0% used [0x00000007a6ab0000, 0x00000007a6ab0000, 0x00000007a8000000)
 concurrent mark-sweep generation total 393216K, used 155898K [0x00000007a8000000, 0x00000007c0000000, 0x00000007c0000000)
 Metaspace       used 36208K, capacity 36808K, committed 37136K, reserved 1081344K
  class space    used 4114K, capacity 4279K, committed 4372K, reserved 1048576K
}
2016-10-23T18:06:01.753+0800: 126.759: Total time for which application threads were stopped: 0.0081120 seconds, Stopping threads took: 0.0001288 seconds
{Heap before GC invocations=642 (full 12):
 par new generation   total 109248K, used 109158K [0x00000007a0000000, 0x00000007a8000000, 0x00000007a8000000)
  eden space 87424K,  99% used [0x00000007a0000000, 0x00000007a55499d8, 0x00000007a5560000)
  from space 21824K, 100% used [0x00000007a5560000, 0x00000007a6ab0000, 0x00000007a6ab0000)
  to   space 21824K,   0% used [0x00000007a6ab0000, 0x00000007a6ab0000, 0x00000007a8000000)
 concurrent mark-sweep generation total 393216K, used 155898K [0x00000007a8000000, 0x00000007c0000000, 0x00000007c0000000)
 Metaspace       used 36208K, capacity 36808K, committed 37136K, reserved 1081344K
  class space    used 4114K, capacity 4279K, committed 4372K, reserved 1048576K
2016-10-23T18:06:01.837+0800: 126.843: [GC (Allocation Failure) 2016-10-23T18:06:01.837+0800: 126.843: [ParNew
Desired survivor size 20112992 bytes, new threshold 8 (max 8)
- age   1:    6124248 bytes,    6124248 total
- age   2:    3484336 bytes,    9608584 total
- age   3:    1602712 bytes,   11211296 total
- age   4:    1603232 bytes,   12814528 total
- age   5:    2725440 bytes,   15539968 total
- age   6:    1332096 bytes,   16872064 total
- age   7:     945744 bytes,   17817808 total
- age   8:     908248 bytes,   18726056 total
: 109158K->21824K(109248K), 0.0064767 secs] 265056K->179001K(502464K), 0.0065482 secs] [Times: user=0.02 sys=0.00, real=0.01 secs] 
Heap after GC invocations=643 (full 12):
 par new generation   total 109248K, used 21824K [0x00000007a0000000, 0x00000007a8000000, 0x00000007a8000000)
  eden space 87424K,   0% used [0x00000007a0000000, 0x00000007a0000000, 0x00000007a5560000)
  from space 21824K, 100% used [0x00000007a6ab0000, 0x00000007a8000000, 0x00000007a8000000)
  to   space 21824K,   0% used [0x00000007a5560000, 0x00000007a5560000, 0x00000007a6ab0000)
 concurrent mark-sweep generation total 393216K, used 157177K [0x00000007a8000000, 0x00000007c0000000, 0x00000007c0000000)
 Metaspace       used 36208K, capacity 36808K, committed 37136K, reserved 1081344K
  class space    used 4114K, capacity 4279K, committed 4372K, reserved 1048576K
}
2016-10-23T18:06:01.844+0800: 126.849: Total time for which application threads were stopped: 0.0068465 seconds, Stopping threads took: 0.0001018 seconds
{Heap before GC invocations=643 (full 12):
 par new generation   total 109248K, used 109248K [0x00000007a0000000, 0x00000007a8000000, 0x00000007a8000000)
  eden space 87424K, 100% used [0x00000007a0000000, 0x00000007a5560000, 0x00000007a5560000)
  from space 21824K, 100% used [0x00000007a6ab0000, 0x00000007a8000000, 0x00000007a8000000)
  to   space 21824K,   0% used [0x00000007a5560000, 0x00000007a5560000, 0x00000007a6ab0000)
 concurrent mark-sweep generation total 393216K, used 157177K [0x00000007a8000000, 0x00000007c0000000, 0x00000007c0000000)
 Metaspace       used 36208K, capacity 36808K, committed 37136K, reserved 1081344K
  class space    used 4114K, capacity 4279K, committed 4372K, reserved 1048576K
2016-10-23T18:06:01.906+0800: 126.911: [GC (Allocation Failure) 2016-10-23T18:06:01.906+0800: 126.911: [ParNew
Desired survivor size 20112992 bytes, new threshold 8 (max 8)
- age   1:    1377904 bytes,    1377904 total
- age   2:    5194400 bytes,    6572304 total
- age   3:    3483472 bytes,   10055776 total
- age   4:    1602712 bytes,   11658488 total
- age   5:    1602944 bytes,   13261432 total
- age   6:    2725304 bytes,   15986736 total
- age   7:    1332056 bytes,   17318792 total
- age   8:     945816 bytes,   18264608 total
: 109248K->21824K(109248K), 0.0066184 secs] 266425K->180347K(502464K), 0.0066769 secs] [Times: user=0.02 sys=0.00, real=0.01 secs] 
Heap after GC invocations=644 (full 12):
 par new generation   total 109248K, used 21824K [0x00000007a0000000, 0x00000007a8000000, 0x00000007a8000000)
  eden space 87424K,   0% used [0x00000007a0000000, 0x00000007a0000000, 0x00000007a5560000)
  from space 21824K, 100% used [0x00000007a5560000, 0x00000007a6ab0000, 0x00000007a6ab0000)
  to   space 21824K,   0% used [0x00000007a6ab0000, 0x00000007a6ab0000, 0x00000007a8000000)
 concurrent mark-sweep generation total 393216K, used 158523K [0x00000007a8000000, 0x00000007c0000000, 0x00000007c0000000)
 Metaspace       used 36208K, capacity 36808K, committed 37136K, reserved 1081344K
  class space    used 4114K, capacity 4279K, committed 4372K, reserved 1048576K
}
2016-10-23T18:06:01.913+0800: 126.918: Total time for which application threads were stopped: 0.0069538 seconds, Stopping threads took: 0.0001180 seconds
{Heap before GC invocations=644 (full 12):
 par new generation   total 109248K, used 109248K [0x00000007a0000000, 0x00000007a8000000, 0x00000007a8000000)
  eden space 87424K, 100% used [0x00000007a0000000, 0x00000007a5560000, 0x00000007a5560000)
  from space 21824K, 100% used [0x00000007a5560000, 0x00000007a6ab0000, 0x00000007a6ab0000)
  to   space 21824K,   0% used [0x00000007a6ab0000, 0x00000007a6ab0000, 0x00000007a8000000)
 concurrent mark-sweep generation total 393216K, used 158523K [0x00000007a8000000, 0x00000007c0000000, 0x00000007c0000000)
 Metaspace       used 36208K, capacity 36808K, committed 37136K, reserved 1081344K
  class space    used 4114K, capacity 4279K, committed 4372K, reserved 1048576K
2016-10-23T18:06:01.948+0800: 126.954: [GC (Allocation Failure) 2016-10-23T18:06:01.948+0800: 126.954: [ParNew
Desired survivor size 20112992 bytes, new threshold 8 (max 8)
- age   1:    1084608 bytes,    1084608 total
- age   2:     449920 bytes,    1534528 total
- age   3:    4312552 bytes,    5847080 total
- age   4:    3444896 bytes,    9291976 total
- age   5:    1274136 bytes,   10566112 total
- age   6:    1270088 bytes,   11836200 total
- age   7:    2425152 bytes,   14261352 total
- age   8:    1069400 bytes,   15330752 total
: 109248K->21824K(109248K), 0.0080205 secs] 267771K->183956K(502464K), 0.0080708 secs] [Times: user=0.03 sys=0.00, real=0.01 secs] 
Heap after GC invocations=645 (full 12):
 par new generation   total 109248K, used 21824K [0x00000007a0000000, 0x00000007a8000000, 0x00000007a8000000)
  eden space 87424K,   0% used [0x00000007a0000000, 0x00000007a0000000, 0x00000007a5560000)
  from space 21824K, 100% used [0x00000007a6ab0000, 0x00000007a8000000, 0x00000007a8000000)
  to   space 21824K,   0% used [0x00000007a5560000, 0x00000007a5560000, 0x00000007a6ab0000)
 concurrent mark-sweep generation total 393216K, used 162132K [0x00000007a8000000, 0x00000007c0000000, 0x00000007c0000000)
 Metaspace       used 36208K, capacity 36808K, committed 37136K, reserved 1081344K
  class space    used 4114K, capacity 4279K, committed 4372K, reserved 1048576K
}
2016-10-23T18:06:01.956+0800: 126.962: Total time for which application threads were stopped: 0.0083416 seconds, Stopping threads took: 0.0000913 seconds
{Heap before GC invocations=645 (full 12):
 par new generation   total 109248K, used 109158K [0x00000007a0000000, 0x00000007a8000000, 0x00000007a8000000)
  eden space 87424K,  99% used [0x00000007a0000000, 0x00000007a5549ad8, 0x00000007a5560000)
  from space 21824K, 100% used [0x00000007a6ab0000, 0x00000007a8000000, 0x00000007a8000000)
  to   space 21824K,   0% used [0x00000007a5560000, 0x00000007a5560000, 0x00000007a6ab0000)
 concurrent mark-sweep generation total 393216K, used 162132K [0x00000007a8000000, 0x00000007c0000000, 0x00000007c0000000)
 Metaspace       used 36208K, capacity 36808K, committed 37136K, reserved 1081344K
  class space    used 4114K, capacity 4279K, committed 4372K, reserved 1048576K
2016-10-23T18:06:02.013+0800: 127.018: [GC (Allocation Failure) 2016-10-23T18:06:02.013+0800: 127.018: [ParNew
Desired survivor size 20112992 bytes, new threshold 8 (max 8)
- age   1:    2926192 bytes,    2926192 total
- age   2:     236816 bytes,    3163008 total
- age   3:     390048 bytes,    3553056 total
- age   4:    4210632 bytes,    7763688 total
- age   5:    3252976 bytes,   11016664 total
- age   6:    1149848 bytes,   12166512 total
- age   7:    1167000 bytes,   13333512 total
- age   8:    2316952 bytes,   15650464 total
: 109158K->19823K(109248K), 0.0067930 secs] 271291K->182914K(502464K), 0.0068347 secs] [Times: user=0.02 sys=0.00, real=0.01 secs] 
Heap after GC invocations=646 (full 12):
 par new generation   total 109248K, used 19823K [0x00000007a0000000, 0x00000007a8000000, 0x00000007a8000000)
  eden space 87424K,   0% used [0x00000007a0000000, 0x00000007a0000000, 0x00000007a5560000)
  from space 21824K,  90% used [0x00000007a5560000, 0x00000007a68bbe40, 0x00000007a6ab0000)
  to   space 21824K,   0% used [0x00000007a6ab0000, 0x00000007a6ab0000, 0x00000007a8000000)
 concurrent mark-sweep generation total 393216K, used 163090K [0x00000007a8000000, 0x00000007c0000000, 0x00000007c0000000)
 Metaspace       used 36208K, capacity 36808K, committed 37136K, reserved 1081344K
  class space    used 4114K, capacity 4279K, committed 4372K, reserved 1048576K
}
2016-10-23T18:06:02.020+0800: 127.025: Total time for which application threads were stopped: 0.0070510 seconds, Stopping threads took: 0.0000672 seconds
{Heap before GC invocations=646 (full 12):
 par new generation   total 109248K, used 107247K [0x00000007a0000000, 0x00000007a8000000, 0x00000007a8000000)
  eden space 87424K, 100% used [0x00000007a0000000, 0x00000007a5560000, 0x00000007a5560000)
  from space 21824K,  90% used [0x00000007a5560000, 0x00000007a68bbe40, 0x00000007a6ab0000)
  to   space 21824K,   0% used [0x00000007a6ab0000, 0x00000007a6ab0000, 0x00000007a8000000)
 concurrent mark-sweep generation total 393216K, used 163090K [0x00000007a8000000, 0x00000007c0000000, 0x00000007c0000000)
 Metaspace       used 36215K, capacity 36808K, committed 37136K, reserved 1081344K
  class space    used 4114K, capacity 4279K, committed 4372K, reserved 1048576K
2016-10-23T18:06:02.130+0800: 127.135: [GC (Allocation Failure) 2016-10-23T18:06:02.130+0800: 127.135: [ParNew
Desired survivor size 20112992 bytes, new threshold 8 (max 8)
- age   1:    5224432 bytes,    5224432 total
- age   2:    2172264 bytes,    7396696 total
- age   3:     143520 bytes,    7540216 total
- age   4:     318200 bytes,    7858416 total
- age   5:    4096296 bytes,   11954712 total
- age   6:    3252976 bytes,   15207688 total
- age   7:    1149848 bytes,   16357536 total
- age   8:    1199784 bytes,   17557320 total
: 107247K->21824K(109248K), 0.0058925 secs] 270338K->187183K(502464K), 0.0059549 secs] [Times: user=0.02 sys=0.00, real=0.00 secs] 
Heap after GC invocations=647 (full 12):
 par new generation   total 109248K, used 21824K [0x00000007a0000000, 0x00000007a8000000, 0x00000007a8000000)
  eden space 87424K,   0% used [0x00000007a0000000, 0x00000007a0000000, 0x00000007a5560000)
  from space 21824K, 100% used [0x00000007a6ab0000, 0x00000007a8000000, 0x00000007a8000000)
  to   space 21824K,   0% used [0x00000007a5560000, 0x00000007a5560000, 0x00000007a6ab0000)
 concurrent mark-sweep generation total 393216K, used 165359K [0x00000007a8000000, 0x00000007c0000000, 0x00000007c0000000)
 Metaspace       used 36215K, capacity 36808K, committed 37136K, reserved 1081344K
  class space    used 4114K, capacity 4279K, committed 4372K, reserved 1048576K
}
2016-10-23T18:06:02.136+0800: 127.141: Total time for which application threads were stopped: 0.0062002 seconds, Stopping threads took: 0.0000847 seconds
{Heap before GC invocations=647 (full 12):
 par new generation   total 109248K, used 109248K [0x00000007a0000000, 0x00000007a8000000, 0x00000007a8000000)
  eden space 87424K, 100% used [0x00000007a0000000, 0x00000007a5560000, 0x00000007a5560000)
  from space 21824K, 100% used [0x00000007a6ab0000, 0x00000007a8000000, 0x00000007a8000000)
  to   space 21824K,   0% used [0x00000007a5560000, 0x00000007a5560000, 0x00000007a6ab0000)
 concurrent mark-sweep generation total 393216K, used 165359K [0x00000007a8000000, 0x00000007c0000000, 0x00000007c0000000)
 Metaspace       used 36216K, capacity 36808K, committed 37136K, reserved 1081344K
  class space    used 4114K, capacity 4279K, committed 4372K, reserved 1048576K
2016-10-23T18:06:02.241+0800: 127.247: [GC (Allocation Failure) 2016-10-23T18:06:02.241+0800: 127.247: [ParNew
Desired survivor size 20112992 bytes, new threshold 8 (max 8)
- age   1:    4314000 bytes,    4314000 total
- age   2:    3153056 bytes,    7467056 total
- age   3:    1554080 bytes,    9021136 total
- age   4:     142824 bytes,    9163960 total
- age   5:     317344 bytes,    9481304 total
- age   6:    4095792 bytes,   13577096 total
- age   7:    3252944 bytes,   16830040 total
- age   8:    1149816 bytes,   17979856 total
: 109248K->21824K(109248K), 0.0075083 secs] 274607K->190116K(502464K), 0.0075593 secs] [Times: user=0.03 sys=0.00, real=0.00 secs] 
Heap after GC invocations=648 (full 12):
 par new generation   total 109248K, used 21824K [0x00000007a0000000, 0x00000007a8000000, 0x00000007a8000000)
  eden space 87424K,   0% used [0x00000007a0000000, 0x00000007a0000000, 0x00000007a5560000)
  from space 21824K, 100% used [0x00000007a5560000, 0x00000007a6ab0000, 0x00000007a6ab0000)
  to   space 21824K,   0% used [0x00000007a6ab0000, 0x00000007a6ab0000, 0x00000007a8000000)
 concurrent mark-sweep generation total 393216K, used 168292K [0x00000007a8000000, 0x00000007c0000000, 0x00000007c0000000)
 Metaspace       used 36216K, capacity 36808K, committed 37136K, reserved 1081344K
  class space    used 4114K, capacity 4279K, committed 4372K, reserved 1048576K
}
2016-10-23T18:06:02.249+0800: 127.254: Total time for which application threads were stopped: 0.0078073 seconds, Stopping threads took: 0.0000699 seconds
{Heap before GC invocations=648 (full 12):
 par new generation   total 109248K, used 109248K [0x00000007a0000000, 0x00000007a8000000, 0x00000007a8000000)
  eden space 87424K, 100% used [0x00000007a0000000, 0x00000007a5560000, 0x00000007a5560000)
  from space 21824K, 100% used [0x00000007a5560000, 0x00000007a6ab0000, 0x00000007a6ab0000)
  to   space 21824K,   0% used [0x00000007a6ab0000, 0x00000007a6ab0000, 0x00000007a8000000)
 concurrent mark-sweep generation total 393216K, used 168292K [0x00000007a8000000, 0x00000007c0000000, 0x00000007c0000000)
 Metaspace       used 36216K, capacity 36808K, committed 37136K, reserved 1081344K
  class space    used 4114K, capacity 4279K, committed 4372K, reserved 1048576K
2016-10-23T18:06:02.365+0800: 127.370: [GC (Allocation Failure) 2016-10-23T18:06:02.365+0800: 127.370: [ParNew
Desired survivor size 20112992 bytes, new threshold 8 (max 8)
- age   1:    5439272 bytes,    5439272 total
- age   2:    2054432 bytes,    7493704 total
- age   3:    2290176 bytes,    9783880 total
- age   4:    1527696 bytes,   11311576 total
- age   5:     125336 bytes,   11436912 total
- age   6:     294856 bytes,   11731768 total
- age   7:    3920752 bytes,   15652520 total
- age   8:    3138768 bytes,   18791288 total
: 109248K->21824K(109248K), 0.0075534 secs] 277540K->193646K(502464K), 0.0076347 secs] [Times: user=0.02 sys=0.00, real=0.01 secs] 
Heap after GC invocations=649 (full 12):
 par new generation   total 109248K, used 21824K [0x00000007a0000000, 0x00000007a8000000, 0x00000007a8000000)
  eden space 87424K,   0% used [0x00000007a0000000, 0x00000007a0000000, 0x00000007a5560000)
  from space 21824K, 100% used [0x00000007a6ab0000, 0x00000007a8000000, 0x00000007a8000000)
  to   space 21824K,   0% used [0x00000007a5560000, 0x00000007a5560000, 0x00000007a6ab0000)
 concurrent mark-sweep generation total 393216K, used 171822K [0x00000007a8000000, 0x00000007c0000000, 0x00000007c0000000)
 Metaspace       used 36216K, capacity 36808K, committed 37136K, reserved 1081344K
  class space    used 4114K, capacity 4279K, committed 4372K, reserved 1048576K
}
2016-10-23T18:06:02.372+0800: 127.378: Total time for which application threads were stopped: 0.0078950 seconds, Stopping threads took: 0.0000892 seconds
{Heap before GC invocations=649 (full 12):
 par new generation   total 109248K, used 109190K [0x00000007a0000000, 0x00000007a8000000, 0x00000007a8000000)
  eden space 87424K,  99% used [0x00000007a0000000, 0x00000007a5551980, 0x00000007a5560000)
  from space 21824K, 100% used [0x00000007a6ab0000, 0x00000007a8000000, 0x00000007a8000000)
  to   space 21824K,   0% used [0x00000007a5560000, 0x00000007a5560000, 0x00000007a6ab0000)
 concurrent mark-sweep generation total 393216K, used 171822K [0x00000007a8000000, 0x00000007c0000000, 0x00000007c0000000)
 Metaspace       used 36216K, capacity 36808K, committed 37136K, reserved 1081344K
  class space    used 4114K, capacity 4279K, committed 4372K, reserved 1048576K
2016-10-23T18:06:02.481+0800: 127.487: [GC (Allocation Failure) 2016-10-23T18:06:02.481+0800: 127.487: [ParNew
Desired survivor size 20112992 bytes, new threshold 8 (max 8)
- age   1:    7336528 bytes,    7336528 total
- age   2:    2420472 bytes,    9757000 total
- age   3:    1814456 bytes,   11571456 total
- age   4:    2083184 bytes,   13654640 total
- age   5:    1510896 bytes,   15165536 total
- age   6:     112984 bytes,   15278520 total
- age   7:     274816 bytes,   15553336 total
- age   8:    3882080 bytes,   19435416 total
: 109190K->21824K(109248K), 0.0084524 secs] 281012K->197718K(502464K), 0.0085042 secs] [Times: user=0.03 sys=0.00, real=0.01 secs] 
Heap after GC invocations=650 (full 12):
 par new generation   total 109248K, used 21824K [0x00000007a0000000, 0x00000007a8000000, 0x00000007a8000000)
  eden space 87424K,   0% used [0x00000007a0000000, 0x00000007a0000000, 0x00000007a5560000)
  from space 21824K, 100% used [0x00000007a5560000, 0x00000007a6ab0000, 0x00000007a6ab0000)
  to   space 21824K,   0% used [0x00000007a6ab0000, 0x00000007a6ab0000, 0x00000007a8000000)
 concurrent mark-sweep generation total 393216K, used 175894K [0x00000007a8000000, 0x00000007c0000000, 0x00000007c0000000)
 Metaspace       used 36216K, capacity 36808K, committed 37136K, reserved 1081344K
  class space    used 4114K, capacity 4279K, committed 4372K, reserved 1048576K
}
2016-10-23T18:06:02.490+0800: 127.495: Total time for which application threads were stopped: 0.0087964 seconds, Stopping threads took: 0.0001123 seconds
{Heap before GC invocations=650 (full 12):
 par new generation   total 109248K, used 109248K [0x00000007a0000000, 0x00000007a8000000, 0x00000007a8000000)
  eden space 87424K, 100% used [0x00000007a0000000, 0x00000007a5560000, 0x00000007a5560000)
  from space 21824K, 100% used [0x00000007a5560000, 0x00000007a6ab0000, 0x00000007a6ab0000)
  to   space 21824K,   0% used [0x00000007a6ab0000, 0x00000007a6ab0000, 0x00000007a8000000)
 concurrent mark-sweep generation total 393216K, used 175894K [0x00000007a8000000, 0x00000007c0000000, 0x00000007c0000000)
 Metaspace       used 36216K, capacity 36808K, committed 37136K, reserved 1081344K
  class space    used 4114K, capacity 4279K, committed 4372K, reserved 1048576K
2016-10-23T18:06:02.608+0800: 127.614: [GC (Allocation Failure) 2016-10-23T18:06:02.609+0800: 127.614: [ParNew
Desired survivor size 20112992 bytes, new threshold 8 (max 8)
- age   1:    7268800 bytes,    7268800 total
- age   2:    3148688 bytes,   10417488 total
- age   3:    2295904 bytes,   12713392 total
- age   4:    1723768 bytes,   14437160 total
- age   5:    2077528 bytes,   16514688 total
- age   6:    1510032 bytes,   18024720 total
- age   7:     112568 bytes,   18137288 total
- age   8:     273504 bytes,   18410792 total
: 109248K->21824K(109248K), 0.0070620 secs] 285142K->201542K(502464K), 0.0071170 secs] [Times: user=0.03 sys=0.00, real=0.01 secs] 
Heap after GC invocations=651 (full 12):
 par new generation   total 109248K, used 21824K [0x00000007a0000000, 0x00000007a8000000, 0x00000007a8000000)
  eden space 87424K,   0% used [0x00000007a0000000, 0x00000007a0000000, 0x00000007a5560000)
  from space 21824K, 100% used [0x00000007a6ab0000, 0x00000007a8000000, 0x00000007a8000000)
  to   space 21824K,   0% used [0x00000007a5560000, 0x00000007a5560000, 0x00000007a6ab0000)
 concurrent mark-sweep generation total 393216K, used 179718K [0x00000007a8000000, 0x00000007c0000000, 0x00000007c0000000)
 Metaspace       used 36216K, capacity 36808K, committed 37136K, reserved 1081344K
  class space    used 4114K, capacity 4279K, committed 4372K, reserved 1048576K
}
2016-10-23T18:06:02.616+0800: 127.621: Total time for which application threads were stopped: 0.0073449 seconds, Stopping threads took: 0.0000786 seconds
{Heap before GC invocations=651 (full 12):
 par new generation   total 109248K, used 109248K [0x00000007a0000000, 0x00000007a8000000, 0x00000007a8000000)
  eden space 87424K, 100% used [0x00000007a0000000, 0x00000007a5560000, 0x00000007a5560000)
  from space 21824K, 100% used [0x00000007a6ab0000, 0x00000007a8000000, 0x00000007a8000000)
  to   space 21824K,   0% used [0x00000007a5560000, 0x00000007a5560000, 0x00000007a6ab0000)
 concurrent mark-sweep generation total 393216K, used 179718K [0x00000007a8000000, 0x00000007c0000000, 0x00000007c0000000)
 Metaspace       used 36216K, capacity 36808K, committed 37136K, reserved 1081344K
  class space    used 4114K, capacity 4279K, committed 4372K, reserved 1048576K
2016-10-23T18:06:02.731+0800: 127.736: [GC (Allocation Failure) 2016-10-23T18:06:02.731+0800: 127.736: [ParNew
Desired survivor size 20112992 bytes, new threshold 8 (max 8)
- age   1:    8393312 bytes,    8393312 total
- age   2:    2416592 bytes,   10809904 total
- age   3:    2322216 bytes,   13132120 total
- age   4:    1145600 bytes,   14277720 total
- age   5:    1008480 bytes,   15286200 total
- age   6:    2022096 bytes,   17308296 total
- age   7:     755888 bytes,   18064184 total
- age   8:     104792 bytes,   18168976 total
: 109248K->21824K(109248K), 0.0069565 secs] 288966K->205880K(502464K), 0.0070254 secs] [Times: user=0.02 sys=0.00, real=0.00 secs] 
Heap after GC invocations=652 (full 12):
 par new generation   total 109248K, used 21824K [0x00000007a0000000, 0x00000007a8000000, 0x00000007a8000000)
  eden space 87424K,   0% used [0x00000007a0000000, 0x00000007a0000000, 0x00000007a5560000)
  from space 21824K, 100% used [0x00000007a5560000, 0x00000007a6ab0000, 0x00000007a6ab0000)
  to   space 21824K,   0% used [0x00000007a6ab0000, 0x00000007a6ab0000, 0x00000007a8000000)
 concurrent mark-sweep generation total 393216K, used 184056K [0x00000007a8000000, 0x00000007c0000000, 0x00000007c0000000)
 Metaspace       used 36216K, capacity 36808K, committed 37136K, reserved 1081344K
  class space    used 4114K, capacity 4279K, committed 4372K, reserved 1048576K
}
2016-10-23T18:06:02.738+0800: 127.744: Total time for which application threads were stopped: 0.0073031 seconds, Stopping threads took: 0.0000941 seconds
{Heap before GC invocations=652 (full 12):
 par new generation   total 109248K, used 109248K [0x00000007a0000000, 0x00000007a8000000, 0x00000007a8000000)
  eden space 87424K, 100% used [0x00000007a0000000, 0x00000007a5560000, 0x00000007a5560000)
  from space 21824K, 100% used [0x00000007a5560000, 0x00000007a6ab0000, 0x00000007a6ab0000)
  to   space 21824K,   0% used [0x00000007a6ab0000, 0x00000007a6ab0000, 0x00000007a8000000)
 concurrent mark-sweep generation total 393216K, used 184056K [0x00000007a8000000, 0x00000007c0000000, 0x00000007c0000000)
 Metaspace       used 36216K, capacity 36808K, committed 37136K, reserved 1081344K
  class space    used 4114K, capacity 4279K, committed 4372K, reserved 1048576K
2016-10-23T18:06:02.861+0800: 127.867: [GC (Allocation Failure) 2016-10-23T18:06:02.861+0800: 127.867: [ParNew
Desired survivor size 20112992 bytes, new threshold 8 (max 8)
- age   1:    5826832 bytes,    5826832 total
- age   2:    4987440 bytes,   10814272 total
- age   3:    2106736 bytes,   12921008 total
- age   4:    2108656 bytes,   15029664 total
- age   5:     954616 bytes,   15984280 total
- age   6:     854192 bytes,   16838472 total
- age   7:    1862600 bytes,   18701072 total
- age   8:     674624 bytes,   19375696 total
: 109248K->21824K(109248K), 0.0081851 secs] 293304K->209048K(502464K), 0.0082676 secs] [Times: user=0.03 sys=0.00, real=0.01 secs] 
Heap after GC invocations=653 (full 12):
 par new generation   total 109248K, used 21824K [0x00000007a0000000, 0x00000007a8000000, 0x00000007a8000000)
  eden space 87424K,   0% used [0x00000007a0000000, 0x00000007a0000000, 0x00000007a5560000)
  from space 21824K, 100% used [0x00000007a6ab0000, 0x00000007a8000000, 0x00000007a8000000)
  to   space 21824K,   0% used [0x00000007a5560000, 0x00000007a5560000, 0x00000007a6ab0000)
 concurrent mark-sweep generation total 393216K, used 187224K [0x00000007a8000000, 0x00000007c0000000, 0x00000007c0000000)
 Metaspace       used 36216K, capacity 36808K, committed 37136K, reserved 1081344K
  class space    used 4114K, capacity 4279K, committed 4372K, reserved 1048576K
}
2016-10-23T18:06:02.870+0800: 127.875: Total time for which application threads were stopped: 0.0085394 seconds, Stopping threads took: 0.0000702 seconds
{Heap before GC invocations=653 (full 12):
 par new generation   total 109248K, used 109248K [0x00000007a0000000, 0x00000007a8000000, 0x00000007a8000000)
  eden space 87424K, 100% used [0x00000007a0000000, 0x00000007a5560000, 0x00000007a5560000)
  from space 21824K, 100% used [0x00000007a6ab0000, 0x00000007a8000000, 0x00000007a8000000)
  to   space 21824K,   0% used [0x00000007a5560000, 0x00000007a5560000, 0x00000007a6ab0000)
 concurrent mark-sweep generation total 393216K, used 187224K [0x00000007a8000000, 0x00000007c0000000, 0x00000007c0000000)
 Metaspace       used 36216K, capacity 36808K, committed 37136K, reserved 1081344K
  class space    used 4114K, capacity 4279K, committed 4372K, reserved 1048576K
2016-10-23T18:06:02.960+0800: 127.965: [GC (Allocation Failure) 2016-10-23T18:06:02.960+0800: 127.965: [ParNew
Desired survivor size 20112992 bytes, new threshold 8 (max 8)
- age   1:    1384200 bytes,    1384200 total
- age   2:    5060880 bytes,    6445080 total
- age   3:    4974840 bytes,   11419920 total
- age   4:    2093496 bytes,   13513416 total
- age   5:    2095536 bytes,   15608952 total
- age   6:     943416 bytes,   16552368 total
- age   7:     843504 bytes,   17395872 total
- age   8:    1852328 bytes,   19248200 total
: 109248K->21824K(109248K), 0.0059562 secs] 296472K->210836K(502464K), 0.0060188 secs] [Times: user=0.02 sys=0.00, real=0.00 secs] 
Heap after GC invocations=654 (full 12):
 par new generation   total 109248K, used 21824K [0x00000007a0000000, 0x00000007a8000000, 0x00000007a8000000)
  eden space 87424K,   0% used [0x00000007a0000000, 0x00000007a0000000, 0x00000007a5560000)
  from space 21824K, 100% used [0x00000007a5560000, 0x00000007a6ab0000, 0x00000007a6ab0000)
  to   space 21824K,   0% used [0x00000007a6ab0000, 0x00000007a6ab0000, 0x00000007a8000000)
 concurrent mark-sweep generation total 393216K, used 189012K [0x00000007a8000000, 0x00000007c0000000, 0x00000007c0000000)
 Metaspace       used 36216K, capacity 36808K, committed 37136K, reserved 1081344K
  class space    used 4114K, capacity 4279K, committed 4372K, reserved 1048576K
}
2016-10-23T18:06:02.966+0800: 127.971: Total time for which application threads were stopped: 0.0062737 seconds, Stopping threads took: 0.0000931 seconds
{Heap before GC invocations=654 (full 12):
 par new generation   total 109248K, used 109248K [0x00000007a0000000, 0x00000007a8000000, 0x00000007a8000000)
  eden space 87424K, 100% used [0x00000007a0000000, 0x00000007a5560000, 0x00000007a5560000)
  from space 21824K, 100% used [0x00000007a5560000, 0x00000007a6ab0000, 0x00000007a6ab0000)
  to   space 21824K,   0% used [0x00000007a6ab0000, 0x00000007a6ab0000, 0x00000007a8000000)
 concurrent mark-sweep generation total 393216K, used 189012K [0x00000007a8000000, 0x00000007c0000000, 0x00000007c0000000)
 Metaspace       used 36216K, capacity 36808K, committed 37136K, reserved 1081344K
  class space    used 4114K, capacity 4279K, committed 4372K, reserved 1048576K
2016-10-23T18:06:03.009+0800: 128.015: [GC (Allocation Failure) 2016-10-23T18:06:03.009+0800: 128.015: [ParNew
Desired survivor size 20112992 bytes, new threshold 8 (max 8)
- age   1:    1504344 bytes,    1504344 total
- age   2:     984984 bytes,    2489328 total
- age   3:    4048624 bytes,    6537952 total
- age   4:    4970200 bytes,   11508152 total
- age   5:    2087288 bytes,   13595440 total
- age   6:    2089072 bytes,   15684512 total
- age   7:     938432 bytes,   16622944 total
- age   8:     839056 bytes,   17462000 total
: 109248K->21824K(109248K), 0.0061713 secs] 298260K->214245K(502464K), 0.0062380 secs] [Times: user=0.02 sys=0.00, real=0.01 secs] 
Heap after GC invocations=655 (full 12):
 par new generation   total 109248K, used 21824K [0x00000007a0000000, 0x00000007a8000000, 0x00000007a8000000)
  eden space 87424K,   0% used [0x00000007a0000000, 0x00000007a0000000, 0x00000007a5560000)
  from space 21824K, 100% used [0x00000007a6ab0000, 0x00000007a8000000, 0x00000007a8000000)
  to   space 21824K,   0% used [0x00000007a5560000, 0x00000007a5560000, 0x00000007a6ab0000)
 concurrent mark-sweep generation total 393216K, used 192421K [0x00000007a8000000, 0x00000007c0000000, 0x00000007c0000000)
 Metaspace       used 36216K, capacity 36808K, committed 37136K, reserved 1081344K
  class space    used 4114K, capacity 4279K, committed 4372K, reserved 1048576K
}
2016-10-23T18:06:03.016+0800: 128.021: Total time for which application threads were stopped: 0.0065379 seconds, Stopping threads took: 0.0001349 seconds
2016-10-23T18:06:03.051+0800: 128.056: Total time for which application threads were stopped: 0.0001598 seconds, Stopping threads took: 0.0000644 seconds
{Heap before GC invocations=655 (full 12):
 par new generation   total 109248K, used 109248K [0x00000007a0000000, 0x00000007a8000000, 0x00000007a8000000)
  eden space 87424K, 100% used [0x00000007a0000000, 0x00000007a5560000, 0x00000007a5560000)
  from space 21824K, 100% used [0x00000007a6ab0000, 0x00000007a8000000, 0x00000007a8000000)
  to   space 21824K,   0% used [0x00000007a5560000, 0x00000007a5560000, 0x00000007a6ab0000)
 concurrent mark-sweep generation total 393216K, used 192421K [0x00000007a8000000, 0x00000007c0000000, 0x00000007c0000000)
 Metaspace       used 36216K, capacity 36808K, committed 37136K, reserved 1081344K
  class space    used 4114K, capacity 4279K, committed 4372K, reserved 1048576K
2016-10-23T18:06:03.116+0800: 128.122: [GC (Allocation Failure) 2016-10-23T18:06:03.116+0800: 128.122: [ParNew
Desired survivor size 20112992 bytes, new threshold 8 (max 8)
- age   1:    6259296 bytes,    6259296 total
- age   2:     668456 bytes,    6927752 total
- age   3:     846120 bytes,    7773872 total
- age   4:    3847752 bytes,   11621624 total
- age   5:    4230120 bytes,   15851744 total
- age   6:    1921880 bytes,   17773624 total
- age   7:    2040320 bytes,   19813944 total
- age   8:     872416 bytes,   20686360 total
: 109248K->21824K(109248K), 0.0067549 secs] 301669K->215992K(502464K), 0.0068387 secs] [Times: user=0.02 sys=0.00, real=0.01 secs] 
Heap after GC invocations=656 (full 12):
 par new generation   total 109248K, used 21824K [0x00000007a0000000, 0x00000007a8000000, 0x00000007a8000000)
  eden space 87424K,   0% used [0x00000007a0000000, 0x00000007a0000000, 0x00000007a5560000)
  from space 21824K, 100% used [0x00000007a5560000, 0x00000007a6ab0000, 0x00000007a6ab0000)
  to   space 21824K,   0% used [0x00000007a6ab0000, 0x00000007a6ab0000, 0x00000007a8000000)
 concurrent mark-sweep generation total 393216K, used 194168K [0x00000007a8000000, 0x00000007c0000000, 0x00000007c0000000)
 Metaspace       used 36216K, capacity 36808K, committed 37136K, reserved 1081344K
  class space    used 4114K, capacity 4279K, committed 4372K, reserved 1048576K
}
2016-10-23T18:06:03.123+0800: 128.128: Total time for which application threads were stopped: 0.0071454 seconds, Stopping threads took: 0.0001066 seconds
{Heap before GC invocations=656 (full 12):
 par new generation   total 109248K, used 109248K [0x00000007a0000000, 0x00000007a8000000, 0x00000007a8000000)
  eden space 87424K, 100% used [0x00000007a0000000, 0x00000007a5560000, 0x00000007a5560000)
  from space 21824K, 100% used [0x00000007a5560000, 0x00000007a6ab0000, 0x00000007a6ab0000)
  to   space 21824K,   0% used [0x00000007a6ab0000, 0x00000007a6ab0000, 0x00000007a8000000)
 concurrent mark-sweep generation total 393216K, used 194168K [0x00000007a8000000, 0x00000007c0000000, 0x00000007c0000000)
 Metaspace       used 36216K, capacity 36808K, committed 37136K, reserved 1081344K
  class space    used 4114K, capacity 4279K, committed 4372K, reserved 1048576K
2016-10-23T18:06:03.234+0800: 128.239: [GC (Allocation Failure) 2016-10-23T18:06:03.234+0800: 128.239: [ParNew
Desired survivor size 20112992 bytes, new threshold 8 (max 8)
- age   1:    5255560 bytes,    5255560 total
- age   2:    3483032 bytes,    8738592 total
- age   3:     236576 bytes,    8975168 total
- age   4:     774144 bytes,    9749312 total
- age   5:    3822704 bytes,   13572016 total
- age   6:    4230120 bytes,   17802136 total
- age   7:    1921880 bytes,   19724016 total
- age   8:    2040320 bytes,   21764336 total
: 109248K->21824K(109248K), 0.0082663 secs] 303416K->219125K(502464K), 0.0083126 secs] [Times: user=0.03 sys=0.00, real=0.01 secs] 
Heap after GC invocations=657 (full 12):
 par new generation   total 109248K, used 21824K [0x00000007a0000000, 0x00000007a8000000, 0x00000007a8000000)
  eden space 87424K,   0% used [0x00000007a0000000, 0x00000007a0000000, 0x00000007a5560000)
  from space 21824K, 100% used [0x00000007a6ab0000, 0x00000007a8000000, 0x00000007a8000000)
  to   space 21824K,   0% used [0x00000007a5560000, 0x00000007a5560000, 0x00000007a6ab0000)
 concurrent mark-sweep generation total 393216K, used 197301K [0x00000007a8000000, 0x00000007c0000000, 0x00000007c0000000)
 Metaspace       used 36216K, capacity 36808K, committed 37136K, reserved 1081344K
  class space    used 4114K, capacity 4279K, committed 4372K, reserved 1048576K
}
2016-10-23T18:06:03.242+0800: 128.248: Total time for which application threads were stopped: 0.0085449 seconds, Stopping threads took: 0.0000739 seconds
2016-10-23T18:06:03.243+0800: 128.248: [GC (CMS Initial Mark) [1 CMS-initial-mark: 197301K(393216K)] 220857K(502464K), 0.0016034 secs] [Times: user=0.01 sys=0.00, real=0.00 secs] 
2016-10-23T18:06:03.244+0800: 128.250: Total time for which application threads were stopped: 0.0017383 seconds, Stopping threads took: 0.0000497 seconds
2016-10-23T18:06:03.245+0800: 128.250: [CMS-concurrent-mark-start]
2016-10-23T18:06:03.256+0800: 128.261: [CMS-concurrent-mark: 0.011/0.011 secs] [Times: user=0.07 sys=0.00, real=0.01 secs] 
2016-10-23T18:06:03.256+0800: 128.261: [CMS-concurrent-preclean-start]
2016-10-23T18:06:03.257+0800: 128.262: [CMS-concurrent-preclean: 0.001/0.001 secs] [Times: user=0.01 sys=0.00, real=0.00 secs] 
2016-10-23T18:06:03.257+0800: 128.262: [CMS-concurrent-abortable-preclean-start]
{Heap before GC invocations=657 (full 13):
 par new generation   total 109248K, used 109248K [0x00000007a0000000, 0x00000007a8000000, 0x00000007a8000000)
  eden space 87424K, 100% used [0x00000007a0000000, 0x00000007a5560000, 0x00000007a5560000)
  from space 21824K, 100% used [0x00000007a6ab0000, 0x00000007a8000000, 0x00000007a8000000)
  to   space 21824K,   0% used [0x00000007a5560000, 0x00000007a5560000, 0x00000007a6ab0000)
 concurrent mark-sweep generation total 393216K, used 197301K [0x00000007a8000000, 0x00000007c0000000, 0x00000007c0000000)
 Metaspace       used 36216K, capacity 36808K, committed 37136K, reserved 1081344K
  class space    used 4114K, capacity 4279K, committed 4372K, reserved 1048576K
2016-10-23T18:06:03.310+0800: 128.315: [GC (Allocation Failure) 2016-10-23T18:06:03.310+0800: 128.315: [ParNew
Desired survivor size 20112992 bytes, new threshold 8 (max 8)
- age   1:    4033640 bytes,    4033640 total
- age   2:    3332096 bytes,    7365736 total
- age   3:    2872256 bytes,   10237992 total
- age   4:     224864 bytes,   10462856 total
- age   5:     748392 bytes,   11211248 total
- age   6:    3769072 bytes,   14980320 total
- age   7:    4154784 bytes,   19135104 total
- age   8:    1877544 bytes,   21012648 total
: 109248K->21824K(109248K), 0.0077837 secs] 306549K->222381K(502464K), 0.0078584 secs] [Times: user=0.03 sys=0.00, real=0.00 secs] 
Heap after GC invocations=658 (full 13):
 par new generation   total 109248K, used 21824K [0x00000007a0000000, 0x00000007a8000000, 0x00000007a8000000)
  eden space 87424K,   0% used [0x00000007a0000000, 0x00000007a0000000, 0x00000007a5560000)
  from space 21824K, 100% used [0x00000007a5560000, 0x00000007a6ab0000, 0x00000007a6ab0000)
  to   space 21824K,   0% used [0x00000007a6ab0000, 0x00000007a6ab0000, 0x00000007a8000000)
 concurrent mark-sweep generation total 393216K, used 200557K [0x00000007a8000000, 0x00000007c0000000, 0x00000007c0000000)
 Metaspace       used 36216K, capacity 36808K, committed 37136K, reserved 1081344K
  class space    used 4114K, capacity 4279K, committed 4372K, reserved 1048576K
}
2016-10-23T18:06:03.318+0800: 128.323: Total time for which application threads were stopped: 0.0081367 seconds, Stopping threads took: 0.0000901 seconds
2016-10-23T18:06:03.375+0800: 128.380: [CMS-concurrent-abortable-preclean: 0.110/0.118 secs] [Times: user=0.46 sys=0.01, real=0.12 secs] 
2016-10-23T18:06:03.375+0800: 128.381: [GC (CMS Final Remark) [YG occupancy: 80581 K (109248 K)]{Heap before GC invocations=658 (full 13):
 par new generation   total 109248K, used 80581K [0x00000007a0000000, 0x00000007a8000000, 0x00000007a8000000)
  eden space 87424K,  67% used [0x00000007a0000000, 0x00000007a39616d8, 0x00000007a5560000)
  from space 21824K, 100% used [0x00000007a5560000, 0x00000007a6ab0000, 0x00000007a6ab0000)
  to   space 21824K,   0% used [0x00000007a6ab0000, 0x00000007a6ab0000, 0x00000007a8000000)
 concurrent mark-sweep generation total 393216K, used 200557K [0x00000007a8000000, 0x00000007c0000000, 0x00000007c0000000)
 Metaspace       used 36216K, capacity 36808K, committed 37136K, reserved 1081344K
  class space    used 4114K, capacity 4279K, committed 4372K, reserved 1048576K
2016-10-23T18:06:03.375+0800: 128.381: [GC (CMS Final Remark) 2016-10-23T18:06:03.375+0800: 128.381: [ParNew
Desired survivor size 20112992 bytes, new threshold 8 (max 8)
- age   1:    4224544 bytes,    4224544 total
- age   2:    1511264 bytes,    5735808 total
- age   3:    2948256 bytes,    8684064 total
- age   4:    2420528 bytes,   11104592 total
- age   5:     202408 bytes,   11307000 total
- age   6:     742328 bytes,   12049328 total
- age   7:    3438432 bytes,   15487760 total
- age   8:    4154360 bytes,   19642120 total
: 80581K->21824K(109248K), 0.0068998 secs] 281139K->225549K(502464K), 0.0069578 secs] [Times: user=0.03 sys=0.00, real=0.01 secs] 
Heap after GC invocations=659 (full 13):
 par new generation   total 109248K, used 21824K [0x00000007a0000000, 0x00000007a8000000, 0x00000007a8000000)
  eden space 87424K,   0% used [0x00000007a0000000, 0x00000007a0000000, 0x00000007a5560000)
  from space 21824K, 100% used [0x00000007a6ab0000, 0x00000007a8000000, 0x00000007a8000000)
  to   space 21824K,   0% used [0x00000007a5560000, 0x00000007a5560000, 0x00000007a6ab0000)
 concurrent mark-sweep generation total 393216K, used 203725K [0x00000007a8000000, 0x00000007c0000000, 0x00000007c0000000)
 Metaspace       used 36216K, capacity 36808K, committed 37136K, reserved 1081344K
  class space    used 4114K, capacity 4279K, committed 4372K, reserved 1048576K
}
2016-10-23T18:06:03.382+0800: 128.388: [Rescan (parallel) , 0.0020899 secs]2016-10-23T18:06:03.385+0800: 128.390: [weak refs processing, 0.0009247 secs]2016-10-23T18:06:03.385+0800: 128.391: [class unloading, 0.0091963 secs]2016-10-23T18:06:03.395+0800: 128.400: [scrub symbol table, 0.0056148 secs]2016-10-23T18:06:03.400+0800: 128.406: [scrub string table, 0.0005605 secs][1 CMS-remark: 203725K(393216K)] 225549K(502464K), 0.0256849 secs] [Times: user=0.05 sys=0.00, real=0.03 secs] 
2016-10-23T18:06:03.401+0800: 128.406: Total time for which application threads were stopped: 0.0259098 seconds, Stopping threads took: 0.0001020 seconds
2016-10-23T18:06:03.401+0800: 128.406: [CMS-concurrent-sweep-start]
2016-10-23T18:06:03.443+0800: 128.449: [CMS-concurrent-sweep: 0.042/0.042 secs] [Times: user=0.17 sys=0.00, real=0.04 secs] 
2016-10-23T18:06:03.444+0800: 128.449: [CMS-concurrent-reset-start]
2016-10-23T18:06:03.444+0800: 128.449: [CMS-concurrent-reset: 0.000/0.000 secs] [Times: user=0.00 sys=0.00, real=0.00 secs] 
{Heap before GC invocations=659 (full 13):
 par new generation   total 109248K, used 109248K [0x00000007a0000000, 0x00000007a8000000, 0x00000007a8000000)
  eden space 87424K, 100% used [0x00000007a0000000, 0x00000007a5560000, 0x00000007a5560000)
  from space 21824K, 100% used [0x00000007a6ab0000, 0x00000007a8000000, 0x00000007a8000000)
  to   space 21824K,   0% used [0x00000007a5560000, 0x00000007a5560000, 0x00000007a6ab0000)
 concurrent mark-sweep generation total 393216K, used 41916K [0x00000007a8000000, 0x00000007c0000000, 0x00000007c0000000)
 Metaspace       used 36216K, capacity 36808K, committed 37136K, reserved 1081344K
  class space    used 4114K, capacity 4279K, committed 4372K, reserved 1048576K
2016-10-23T18:06:03.468+0800: 128.473: [GC (Allocation Failure) 2016-10-23T18:06:03.468+0800: 128.473: [ParNew
Desired survivor size 20112992 bytes, new threshold 8 (max 8)
- age   1:    5986064 bytes,    5986064 total
- age   2:    1388984 bytes,    7375048 total
- age   3:    1346352 bytes,    8721400 total
- age   4:    2881304 bytes,   11602704 total
- age   5:    2361008 bytes,   13963712 total
- age   6:     202408 bytes,   14166120 total
- age   7:     742000 bytes,   14908120 total
- age   8:     781640 bytes,   15689760 total
: 109248K->21824K(109248K), 0.0065067 secs] 151164K->64076K(502464K), 0.0065611 secs] [Times: user=0.02 sys=0.00, real=0.01 secs] 
Heap after GC invocations=660 (full 13):
 par new generation   total 109248K, used 21824K [0x00000007a0000000, 0x00000007a8000000, 0x00000007a8000000)
  eden space 87424K,   0% used [0x00000007a0000000, 0x00000007a0000000, 0x00000007a5560000)
  from space 21824K, 100% used [0x00000007a5560000, 0x00000007a6ab0000, 0x00000007a6ab0000)
  to   space 21824K,   0% used [0x00000007a6ab0000, 0x00000007a6ab0000, 0x00000007a8000000)
 concurrent mark-sweep generation total 393216K, used 42252K [0x00000007a8000000, 0x00000007c0000000, 0x00000007c0000000)
 Metaspace       used 36216K, capacity 36808K, committed 37136K, reserved 1081344K
  class space    used 4114K, capacity 4279K, committed 4372K, reserved 1048576K
}
2016-10-23T18:06:03.474+0800: 128.480: Total time for which application threads were stopped: 0.0067864 seconds, Stopping threads took: 0.0000649 seconds
{Heap before GC invocations=660 (full 13):
 par new generation   total 109248K, used 109248K [0x00000007a0000000, 0x00000007a8000000, 0x00000007a8000000)
  eden space 87424K, 100% used [0x00000007a0000000, 0x00000007a5560000, 0x00000007a5560000)
  from space 21824K, 100% used [0x00000007a5560000, 0x00000007a6ab0000, 0x00000007a6ab0000)
  to   space 21824K,   0% used [0x00000007a6ab0000, 0x00000007a6ab0000, 0x00000007a8000000)
 concurrent mark-sweep generation total 393216K, used 42252K [0x00000007a8000000, 0x00000007c0000000, 0x00000007c0000000)
 Metaspace       used 36216K, capacity 36808K, committed 37136K, reserved 1081344K
  class space    used 4114K, capacity 4279K, committed 4372K, reserved 1048576K
2016-10-23T18:06:03.542+0800: 128.547: [GC (Allocation Failure) 2016-10-23T18:06:03.542+0800: 128.547: [ParNew
Desired survivor size 20112992 bytes, new threshold 8 (max 8)
- age   1:    3686352 bytes,    3686352 total
- age   2:    4387264 bytes,    8073616 total
- age   3:    1314512 bytes,    9388128 total
- age   4:    1320744 bytes,   10708872 total
- age   5:    2815304 bytes,   13524176 total
- age   6:    2360952 bytes,   15885128 total
- age   7:     202408 bytes,   16087536 total
- age   8:     742000 bytes,   16829536 total
: 109248K->21258K(109248K), 0.0064649 secs] 151500K->64278K(502464K), 0.0065321 secs] [Times: user=0.02 sys=0.00, real=0.00 secs] 
Heap after GC invocations=661 (full 13):
 par new generation   total 109248K, used 21258K [0x00000007a0000000, 0x00000007a8000000, 0x00000007a8000000)
  eden space 87424K,   0% used [0x00000007a0000000, 0x00000007a0000000, 0x00000007a5560000)
  from space 21824K,  97% used [0x00000007a6ab0000, 0x00000007a7f72ac0, 0x00000007a8000000)
  to   space 21824K,   0% used [0x00000007a5560000, 0x00000007a5560000, 0x00000007a6ab0000)
 concurrent mark-sweep generation total 393216K, used 43019K [0x00000007a8000000, 0x00000007c0000000, 0x00000007c0000000)
 Metaspace       used 36216K, capacity 36808K, committed 37136K, reserved 1081344K
  class space    used 4114K, capacity 4279K, committed 4372K, reserved 1048576K
}
2016-10-23T18:06:03.548+0800: 128.553: Total time for which application threads were stopped: 0.0067994 seconds, Stopping threads took: 0.0000902 seconds
{Heap before GC invocations=661 (full 13):
 par new generation   total 109248K, used 108682K [0x00000007a0000000, 0x00000007a8000000, 0x00000007a8000000)
  eden space 87424K, 100% used [0x00000007a0000000, 0x00000007a5560000, 0x00000007a5560000)
  from space 21824K,  97% used [0x00000007a6ab0000, 0x00000007a7f72ac0, 0x00000007a8000000)
  to   space 21824K,   0% used [0x00000007a5560000, 0x00000007a5560000, 0x00000007a6ab0000)
 concurrent mark-sweep generation total 393216K, used 43019K [0x00000007a8000000, 0x00000007c0000000, 0x00000007c0000000)
 Metaspace       used 36216K, capacity 36808K, committed 37136K, reserved 1081344K
  class space    used 4114K, capacity 4279K, committed 4372K, reserved 1048576K
2016-10-23T18:06:03.602+0800: 128.607: [GC (Allocation Failure) 2016-10-23T18:06:03.602+0800: 128.607: [ParNew
Desired survivor size 20112992 bytes, new threshold 8 (max 8)
- age   1:    5072640 bytes,    5072640 total
- age   2:    2570416 bytes,    7643056 total
- age   3:    2433720 bytes,   10076776 total
- age   4:    1295784 bytes,   11372560 total
- age   5:    1315048 bytes,   12687608 total
- age   6:    2742064 bytes,   15429672 total
- age   7:    2361024 bytes,   17790696 total
- age   8:     202408 bytes,   17993104 total
: 108682K->21824K(109248K), 0.0068966 secs] 151702K->65575K(502464K), 0.0069595 secs] [Times: user=0.03 sys=0.00, real=0.00 secs] 
Heap after GC invocations=662 (full 13):
 par new generation   total 109248K, used 21824K [0x00000007a0000000, 0x00000007a8000000, 0x00000007a8000000)
  eden space 87424K,   0% used [0x00000007a0000000, 0x00000007a0000000, 0x00000007a5560000)
  from space 21824K, 100% used [0x00000007a5560000, 0x00000007a6ab0000, 0x00000007a6ab0000)
  to   space 21824K,   0% used [0x00000007a6ab0000, 0x00000007a6ab0000, 0x00000007a8000000)
 concurrent mark-sweep generation total 393216K, used 43751K [0x00000007a8000000, 0x00000007c0000000, 0x00000007c0000000)
 Metaspace       used 36216K, capacity 36808K, committed 37136K, reserved 1081344K
  class space    used 4114K, capacity 4279K, committed 4372K, reserved 1048576K
}
2016-10-23T18:06:03.609+0800: 128.614: Total time for which application threads were stopped: 0.0072098 seconds, Stopping threads took: 0.0000986 seconds
{Heap before GC invocations=662 (full 13):
 par new generation   total 109248K, used 109248K [0x00000007a0000000, 0x00000007a8000000, 0x00000007a8000000)
  eden space 87424K, 100% used [0x00000007a0000000, 0x00000007a5560000, 0x00000007a5560000)
  from space 21824K, 100% used [0x00000007a5560000, 0x00000007a6ab0000, 0x00000007a6ab0000)
  to   space 21824K,   0% used [0x00000007a6ab0000, 0x00000007a6ab0000, 0x00000007a8000000)
 concurrent mark-sweep generation total 393216K, used 43751K [0x00000007a8000000, 0x00000007c0000000, 0x00000007c0000000)
 Metaspace       used 36216K, capacity 36808K, committed 37136K, reserved 1081344K
  class space    used 4114K, capacity 4279K, committed 4372K, reserved 1048576K
2016-10-23T18:06:03.673+0800: 128.679: [GC (Allocation Failure) 2016-10-23T18:06:03.673+0800: 128.679: [ParNew
Desired survivor size 20112992 bytes, new threshold 8 (max 8)
- age   1:    5674992 bytes,    5674992 total
- age   2:    1599424 bytes,    7274416 total
- age   3:    1700344 bytes,    8974760 total
- age   4:    2378656 bytes,   11353416 total
- age   5:    1259024 bytes,   12612440 total
- age   6:    1279216 bytes,   13891656 total
- age   7:    1996880 bytes,   15888536 total
- age   8:    2344536 bytes,   18233072 total
: 109248K->21824K(109248K), 0.0068356 secs] 152999K->68160K(502464K), 0.0069024 secs] [Times: user=0.02 sys=0.00, real=0.01 secs] 
Heap after GC invocations=663 (full 13):
 par new generation   total 109248K, used 21824K [0x00000007a0000000, 0x00000007a8000000, 0x00000007a8000000)
  eden space 87424K,   0% used [0x00000007a0000000, 0x00000007a0000000, 0x00000007a5560000)
  from space 21824K, 100% used [0x00000007a6ab0000, 0x00000007a8000000, 0x00000007a8000000)
  to   space 21824K,   0% used [0x00000007a5560000, 0x00000007a5560000, 0x00000007a6ab0000)
 concurrent mark-sweep generation total 393216K, used 46336K [0x00000007a8000000, 0x00000007c0000000, 0x00000007c0000000)
 Metaspace       used 36216K, capacity 36808K, committed 37136K, reserved 1081344K
  class space    used 4114K, capacity 4279K, committed 4372K, reserved 1048576K
}
2016-10-23T18:06:03.680+0800: 128.686: Total time for which application threads were stopped: 0.0072565 seconds, Stopping threads took: 0.0001115 seconds
{Heap before GC invocations=663 (full 13):
 par new generation   total 109248K, used 109248K [0x00000007a0000000, 0x00000007a8000000, 0x00000007a8000000)
  eden space 87424K, 100% used [0x00000007a0000000, 0x00000007a5560000, 0x00000007a5560000)
  from space 21824K, 100% used [0x00000007a6ab0000, 0x00000007a8000000, 0x00000007a8000000)
  to   space 21824K,   0% used [0x00000007a5560000, 0x00000007a5560000, 0x00000007a6ab0000)
 concurrent mark-sweep generation total 393216K, used 46336K [0x00000007a8000000, 0x00000007c0000000, 0x00000007c0000000)
 Metaspace       used 36216K, capacity 36808K, committed 37136K, reserved 1081344K
  class space    used 4114K, capacity 4279K, committed 4372K, reserved 1048576K
2016-10-23T18:06:03.761+0800: 128.766: [GC (Allocation Failure) 2016-10-23T18:06:03.761+0800: 128.766: [ParNew
Desired survivor size 20112992 bytes, new threshold 8 (max 8)
- age   1:    5808528 bytes,    5808528 total
- age   2:    3242056 bytes,    9050584 total
- age   3:    1462544 bytes,   10513128 total
- age   4:    1660072 bytes,   12173200 total
- age   5:    2368664 bytes,   14541864 total
- age   6:    1224264 bytes,   15766128 total
- age   7:    1277144 bytes,   17043272 total
- age   8:    1846504 bytes,   18889776 total
: 109248K->21824K(109248K), 0.0079939 secs] 155584K->70686K(502464K), 0.0080475 secs] [Times: user=0.03 sys=0.01, real=0.00 secs] 
Heap after GC invocations=664 (full 13):
 par new generation   total 109248K, used 21824K [0x00000007a0000000, 0x00000007a8000000, 0x00000007a8000000)
  eden space 87424K,   0% used [0x00000007a0000000, 0x00000007a0000000, 0x00000007a5560000)
  from space 21824K, 100% used [0x00000007a5560000, 0x00000007a6ab0000, 0x00000007a6ab0000)
  to   space 21824K,   0% used [0x00000007a6ab0000, 0x00000007a6ab0000, 0x00000007a8000000)
 concurrent mark-sweep generation total 393216K, used 48862K [0x00000007a8000000, 0x00000007c0000000, 0x00000007c0000000)
 Metaspace       used 36216K, capacity 36808K, committed 37136K, reserved 1081344K
  class space    used 4114K, capacity 4279K, committed 4372K, reserved 1048576K
}
2016-10-23T18:06:03.769+0800: 128.774: Total time for which application threads were stopped: 0.0083144 seconds, Stopping threads took: 0.0000995 seconds
{Heap before GC invocations=664 (full 13):
 par new generation   total 109248K, used 109248K [0x00000007a0000000, 0x00000007a8000000, 0x00000007a8000000)
  eden space 87424K, 100% used [0x00000007a0000000, 0x00000007a5560000, 0x00000007a5560000)
  from space 21824K, 100% used [0x00000007a5560000, 0x00000007a6ab0000, 0x00000007a6ab0000)
  to   space 21824K,   0% used [0x00000007a6ab0000, 0x00000007a6ab0000, 0x00000007a8000000)
 concurrent mark-sweep generation total 393216K, used 48862K [0x00000007a8000000, 0x00000007c0000000, 0x00000007c0000000)
 Metaspace       used 36217K, capacity 36808K, committed 37136K, reserved 1081344K
  class space    used 4114K, capacity 4279K, committed 4372K, reserved 1048576K
2016-10-23T18:06:03.848+0800: 128.853: [GC (Allocation Failure) 2016-10-23T18:06:03.848+0800: 128.853: [ParNew
Desired survivor size 20112992 bytes, new threshold 8 (max 8)
- age   1:    4897152 bytes,    4897152 total
- age   2:    4846448 bytes,    9743600 total
- age   3:    2815536 bytes,   12559136 total
- age   4:    1080984 bytes,   13640120 total
- age   5:    1292352 bytes,   14932472 total
- age   6:    1997744 bytes,   16930216 total
- age   7:     899840 bytes,   17830056 total
- age   8:     948032 bytes,   18778088 total
: 109248K->21824K(109248K), 0.0081256 secs] 158110K->75462K(502464K), 0.0081778 secs] [Times: user=0.03 sys=0.00, real=0.01 secs] 
Heap after GC invocations=665 (full 13):
 par new generation   total 109248K, used 21824K [0x00000007a0000000, 0x00000007a8000000, 0x00000007a8000000)
  eden space 87424K,   0% used [0x00000007a0000000, 0x00000007a0000000, 0x00000007a5560000)
  from space 21824K, 100% used [0x00000007a6ab0000, 0x00000007a8000000, 0x00000007a8000000)
  to   space 21824K,   0% used [0x00000007a5560000, 0x00000007a5560000, 0x00000007a6ab0000)
 concurrent mark-sweep generation total 393216K, used 53638K [0x00000007a8000000, 0x00000007c0000000, 0x00000007c0000000)
 Metaspace       used 36217K, capacity 36808K, committed 37136K, reserved 1081344K
  class space    used 4114K, capacity 4279K, committed 4372K, reserved 1048576K
}
2016-10-23T18:06:03.856+0800: 128.862: Total time for which application threads were stopped: 0.0084388 seconds, Stopping threads took: 0.0000762 seconds
{Heap before GC invocations=665 (full 13):
 par new generation   total 109248K, used 109248K [0x00000007a0000000, 0x00000007a8000000, 0x00000007a8000000)
  eden space 87424K, 100% used [0x00000007a0000000, 0x00000007a5560000, 0x00000007a5560000)
  from space 21824K, 100% used [0x00000007a6ab0000, 0x00000007a8000000, 0x00000007a8000000)
  to   space 21824K,   0% used [0x00000007a5560000, 0x00000007a5560000, 0x00000007a6ab0000)
 concurrent mark-sweep generation total 393216K, used 53638K [0x00000007a8000000, 0x00000007c0000000, 0x00000007c0000000)
 Metaspace       used 36217K, capacity 36808K, committed 37136K, reserved 1081344K
  class space    used 4114K, capacity 4279K, committed 4372K, reserved 1048576K
2016-10-23T18:06:03.924+0800: 128.929: [GC (Allocation Failure) 2016-10-23T18:06:03.924+0800: 128.929: [ParNew
Desired survivor size 20112992 bytes, new threshold 8 (max 8)
- age   1:    1462168 bytes,    1462168 total
- age   2:    4279400 bytes,    5741568 total
- age   3:    4533376 bytes,   10274944 total
- age   4:    2790872 bytes,   13065816 total
- age   5:    1055840 bytes,   14121656 total
- age   6:    1233800 bytes,   15355456 total
- age   7:    1940072 bytes,   17295528 total
- age   8:     844584 bytes,   18140112 total
: 109248K->21824K(109248K), 0.0061092 secs] 162886K->77289K(502464K), 0.0061618 secs] [Times: user=0.02 sys=0.01, real=0.01 secs] 
Heap after GC invocations=666 (full 13):
 par new generation   total 109248K, used 21824K [0x00000007a0000000, 0x00000007a8000000, 0x00000007a8000000)
  eden space 87424K,   0% used [0x00000007a0000000, 0x00000007a0000000, 0x00000007a5560000)
  from space 21824K, 100% used [0x00000007a5560000, 0x00000007a6ab0000, 0x00000007a6ab0000)
  to   space 21824K,   0% used [0x00000007a6ab0000, 0x00000007a6ab0000, 0x00000007a8000000)
 concurrent mark-sweep generation total 393216K, used 55465K [0x00000007a8000000, 0x00000007c0000000, 0x00000007c0000000)
 Metaspace       used 36217K, capacity 36808K, committed 37136K, reserved 1081344K
  class space    used 4114K, capacity 4279K, committed 4372K, reserved 1048576K
}
2016-10-23T18:06:03.930+0800: 128.935: Total time for which application threads were stopped: 0.0064228 seconds, Stopping threads took: 0.0000973 seconds
{Heap before GC invocations=666 (full 13):
 par new generation   total 109248K, used 109248K [0x00000007a0000000, 0x00000007a8000000, 0x00000007a8000000)
  eden space 87424K, 100% used [0x00000007a0000000, 0x00000007a5560000, 0x00000007a5560000)
  from space 21824K, 100% used [0x00000007a5560000, 0x00000007a6ab0000, 0x00000007a6ab0000)
  to   space 21824K,   0% used [0x00000007a6ab0000, 0x00000007a6ab0000, 0x00000007a8000000)
 concurrent mark-sweep generation total 393216K, used 55465K [0x00000007a8000000, 0x00000007c0000000, 0x00000007c0000000)
 Metaspace       used 36217K, capacity 36808K, committed 37136K, reserved 1081344K
  class space    used 4114K, capacity 4279K, committed 4372K, reserved 1048576K
2016-10-23T18:06:03.967+0800: 128.972: [GC (Allocation Failure) 2016-10-23T18:06:03.967+0800: 128.972: [ParNew
Desired survivor size 20112992 bytes, new threshold 8 (max 8)
- age   1:     991288 bytes,     991288 total
- age   2:     899192 bytes,    1890480 total
- age   3:    3414384 bytes,    5304864 total
- age   4:    4530872 bytes,    9835736 total
- age   5:    2789200 bytes,   12624936 total
- age   6:    1054176 bytes,   13679112 total
- age   7:    1232136 bytes,   14911248 total
- age   8:    1938520 bytes,   16849768 total
: 109248K->21824K(109248K), 0.0059664 secs] 164713K->79140K(502464K), 0.0060093 secs] [Times: user=0.02 sys=0.00, real=0.01 secs] 
Heap after GC invocations=667 (full 13):
 par new generation   total 109248K, used 21824K [0x00000007a0000000, 0x00000007a8000000, 0x00000007a8000000)
  eden space 87424K,   0% used [0x00000007a0000000, 0x00000007a0000000, 0x00000007a5560000)
  from space 21824K, 100% used [0x00000007a6ab0000, 0x00000007a8000000, 0x00000007a8000000)
  to   space 21824K,   0% used [0x00000007a5560000, 0x00000007a5560000, 0x00000007a6ab0000)
 concurrent mark-sweep generation total 393216K, used 57316K [0x00000007a8000000, 0x00000007c0000000, 0x00000007c0000000)
 Metaspace       used 36217K, capacity 36808K, committed 37136K, reserved 1081344K
  class space    used 4114K, capacity 4279K, committed 4372K, reserved 1048576K
}
2016-10-23T18:06:03.973+0800: 128.978: Total time for which application threads were stopped: 0.0062893 seconds, Stopping threads took: 0.0000832 seconds
{Heap before GC invocations=667 (full 13):
 par new generation   total 109248K, used 109248K [0x00000007a0000000, 0x00000007a8000000, 0x00000007a8000000)
  eden space 87424K, 100% used [0x00000007a0000000, 0x00000007a5560000, 0x00000007a5560000)
  from space 21824K, 100% used [0x00000007a6ab0000, 0x00000007a8000000, 0x00000007a8000000)
  to   space 21824K,   0% used [0x00000007a5560000, 0x00000007a5560000, 0x00000007a6ab0000)
 concurrent mark-sweep generation total 393216K, used 57316K [0x00000007a8000000, 0x00000007c0000000, 0x00000007c0000000)
 Metaspace       used 36217K, capacity 36808K, committed 37136K, reserved 1081344K
  class space    used 4114K, capacity 4279K, committed 4372K, reserved 1048576K
2016-10-23T18:06:04.001+0800: 129.006: [GC (Allocation Failure) 2016-10-23T18:06:04.001+0800: 129.006: [ParNew
Desired survivor size 20112992 bytes, new threshold 8 (max 8)
- age   1:    1272656 bytes,    1272656 total
- age   2:     444152 bytes,    1716808 total
- age   3:     815720 bytes,    2532528 total
- age   4:    3414384 bytes,    5946912 total
- age   5:    4530848 bytes,   10477760 total
- age   6:    2789200 bytes,   13266960 total
- age   7:    1054176 bytes,   14321136 total
- age   8:    1232136 bytes,   15553272 total
: 109248K->21776K(109248K), 0.0057591 secs] 166564K->81001K(502464K), 0.0058261 secs] [Times: user=0.02 sys=0.00, real=0.00 secs] 
Heap after GC invocations=668 (full 13):
 par new generation   total 109248K, used 21776K [0x00000007a0000000, 0x00000007a8000000, 0x00000007a8000000)
  eden space 87424K,   0% used [0x00000007a0000000, 0x00000007a0000000, 0x00000007a5560000)
  from space 21824K,  99% used [0x00000007a5560000, 0x00000007a6aa4150, 0x00000007a6ab0000)
  to   space 21824K,   0% used [0x00000007a6ab0000, 0x00000007a6ab0000, 0x00000007a8000000)
 concurrent mark-sweep generation total 393216K, used 59225K [0x00000007a8000000, 0x00000007c0000000, 0x00000007c0000000)
 Metaspace       used 36217K, capacity 36808K, committed 37136K, reserved 1081344K
  class space    used 4114K, capacity 4279K, committed 4372K, reserved 1048576K
}
2016-10-23T18:06:04.007+0800: 129.012: Total time for which application threads were stopped: 0.0060890 seconds, Stopping threads took: 0.0001065 seconds
{Heap before GC invocations=668 (full 13):
 par new generation   total 109248K, used 109200K [0x00000007a0000000, 0x00000007a8000000, 0x00000007a8000000)
  eden space 87424K, 100% used [0x00000007a0000000, 0x00000007a5560000, 0x00000007a5560000)
  from space 21824K,  99% used [0x00000007a5560000, 0x00000007a6aa4150, 0x00000007a6ab0000)
  to   space 21824K,   0% used [0x00000007a6ab0000, 0x00000007a6ab0000, 0x00000007a8000000)
 concurrent mark-sweep generation total 393216K, used 59225K [0x00000007a8000000, 0x00000007c0000000, 0x00000007c0000000)
 Metaspace       used 36217K, capacity 36808K, committed 37136K, reserved 1081344K
  class space    used 4114K, capacity 4279K, committed 4372K, reserved 1048576K
2016-10-23T18:06:04.048+0800: 129.054: [GC (Allocation Failure) 2016-10-23T18:06:04.048+0800: 129.054: [ParNew
Desired survivor size 20112992 bytes, new threshold 8 (max 8)
- age   1:    3810256 bytes,    3810256 total
- age   2:     545880 bytes,    4356136 total
- age   3:     439568 bytes,    4795704 total
- age   4:     659136 bytes,    5454840 total
- age   5:    3376416 bytes,    8831256 total
- age   6:    4482864 bytes,   13314120 total
- age   7:    2760928 bytes,   16075048 total
- age   8:    1029872 bytes,   17104920 total
: 109200K->20916K(109248K), 0.0057419 secs] 168425K->81328K(502464K), 0.0058020 secs] [Times: user=0.02 sys=0.00, real=0.01 secs] 
Heap after GC invocations=669 (full 13):
 par new generation   total 109248K, used 20916K [0x00000007a0000000, 0x00000007a8000000, 0x00000007a8000000)
  eden space 87424K,   0% used [0x00000007a0000000, 0x00000007a0000000, 0x00000007a5560000)
  from space 21824K,  95% used [0x00000007a6ab0000, 0x00000007a7f1d230, 0x00000007a8000000)
  to   space 21824K,   0% used [0x00000007a5560000, 0x00000007a5560000, 0x00000007a6ab0000)
 concurrent mark-sweep generation total 393216K, used 60411K [0x00000007a8000000, 0x00000007c0000000, 0x00000007c0000000)
 Metaspace       used 36217K, capacity 36808K, committed 37136K, reserved 1081344K
  class space    used 4114K, capacity 4279K, committed 4372K, reserved 1048576K
}
2016-10-23T18:06:04.054+0800: 129.059: Total time for which application threads were stopped: 0.0060629 seconds, Stopping threads took: 0.0001097 seconds
2016-10-23T18:06:04.071+0800: 129.076: Total time for which application threads were stopped: 0.0001375 seconds, Stopping threads took: 0.0000564 seconds
2016-10-23T18:06:04.071+0800: 129.076: Total time for which application threads were stopped: 0.0001255 seconds, Stopping threads took: 0.0000515 seconds
2016-10-23T18:06:04.071+0800: 129.076: Total time for which application threads were stopped: 0.0000984 seconds, Stopping threads took: 0.0000590 seconds
2016-10-23T18:06:04.071+0800: 129.077: Total time for which application threads were stopped: 0.0001302 seconds, Stopping threads took: 0.0000746 seconds
{Heap before GC invocations=669 (full 13):
 par new generation   total 109248K, used 108340K [0x00000007a0000000, 0x00000007a8000000, 0x00000007a8000000)
  eden space 87424K, 100% used [0x00000007a0000000, 0x00000007a5560000, 0x00000007a5560000)
  from space 21824K,  95% used [0x00000007a6ab0000, 0x00000007a7f1d230, 0x00000007a8000000)
  to   space 21824K,   0% used [0x00000007a5560000, 0x00000007a5560000, 0x00000007a6ab0000)
 concurrent mark-sweep generation total 393216K, used 60411K [0x00000007a8000000, 0x00000007c0000000, 0x00000007c0000000)
 Metaspace       used 36217K, capacity 36808K, committed 37136K, reserved 1081344K
  class space    used 4114K, capacity 4279K, committed 4372K, reserved 1048576K
2016-10-23T18:06:04.156+0800: 129.161: [GC (Allocation Failure) 2016-10-23T18:06:04.156+0800: 129.161: [ParNew
Desired survivor size 20112992 bytes, new threshold 8 (max 8)
- age   1:    4840296 bytes,    4840296 total
- age   2:    2533320 bytes,    7373616 total
- age   3:     466992 bytes,    7840608 total
- age   4:     357504 bytes,    8198112 total
- age   5:     613808 bytes,    8811920 total
- age   6:    3342664 bytes,   12154584 total
- age   7:    4441360 bytes,   16595944 total
- age   8:    2729840 bytes,   19325784 total
: 108340K->21824K(109248K), 0.0059862 secs] 168752K->83221K(502464K), 0.0060517 secs] [Times: user=0.02 sys=0.00, real=0.01 secs] 
Heap after GC invocations=670 (full 13):
 par new generation   total 109248K, used 21824K [0x00000007a0000000, 0x00000007a8000000, 0x00000007a8000000)
  eden space 87424K,   0% used [0x00000007a0000000, 0x00000007a0000000, 0x00000007a5560000)
  from space 21824K, 100% used [0x00000007a5560000, 0x00000007a6ab0000, 0x00000007a6ab0000)
  to   space 21824K,   0% used [0x00000007a6ab0000, 0x00000007a6ab0000, 0x00000007a8000000)
 concurrent mark-sweep generation total 393216K, used 61397K [0x00000007a8000000, 0x00000007c0000000, 0x00000007c0000000)
 Metaspace       used 36217K, capacity 36808K, committed 37136K, reserved 1081344K
  class space    used 4114K, capacity 4279K, committed 4372K, reserved 1048576K
}
2016-10-23T18:06:04.162+0800: 129.167: Total time for which application threads were stopped: 0.0063233 seconds, Stopping threads took: 0.0001030 seconds
{Heap before GC invocations=670 (full 13):
 par new generation   total 109248K, used 109248K [0x00000007a0000000, 0x00000007a8000000, 0x00000007a8000000)
  eden space 87424K, 100% used [0x00000007a0000000, 0x00000007a5560000, 0x00000007a5560000)
  from space 21824K, 100% used [0x00000007a5560000, 0x00000007a6ab0000, 0x00000007a6ab0000)
  to   space 21824K,   0% used [0x00000007a6ab0000, 0x00000007a6ab0000, 0x00000007a8000000)
 concurrent mark-sweep generation total 393216K, used 61397K [0x00000007a8000000, 0x00000007c0000000, 0x00000007c0000000)
 Metaspace       used 36217K, capacity 36808K, committed 37136K, reserved 1081344K
  class space    used 4114K, capacity 4279K, committed 4372K, reserved 1048576K
2016-10-23T18:06:04.263+0800: 129.268: [GC (Allocation Failure) 2016-10-23T18:06:04.263+0800: 129.268: [ParNew
Desired survivor size 20112992 bytes, new threshold 8 (max 8)
- age   1:    5503776 bytes,    5503776 total
- age   2:    2432344 bytes,    7936120 total
- age   3:    2040264 bytes,    9976384 total
- age   4:     318352 bytes,   10294736 total
- age   5:     335928 bytes,   10630664 total
- age   6:     608992 bytes,   11239656 total
- age   7:    3280376 bytes,   14520032 total
- age   8:    4214664 bytes,   18734696 total
: 109248K->21824K(109248K), 0.0067205 secs] 170645K->87365K(502464K), 0.0067789 secs] [Times: user=0.02 sys=0.00, real=0.00 secs] 
Heap after GC invocations=671 (full 13):
 par new generation   total 109248K, used 21824K [0x00000007a0000000, 0x00000007a8000000, 0x00000007a8000000)
  eden space 87424K,   0% used [0x00000007a0000000, 0x00000007a0000000, 0x00000007a5560000)
  from space 21824K, 100% used [0x00000007a6ab0000, 0x00000007a8000000, 0x00000007a8000000)
  to   space 21824K,   0% used [0x00000007a5560000, 0x00000007a5560000, 0x00000007a6ab0000)
 concurrent mark-sweep generation total 393216K, used 65541K [0x00000007a8000000, 0x00000007c0000000, 0x00000007c0000000)
 Metaspace       used 36217K, capacity 36808K, committed 37136K, reserved 1081344K
  class space    used 4114K, capacity 4279K, committed 4372K, reserved 1048576K
}
2016-10-23T18:06:04.269+0800: 129.275: Total time for which application threads were stopped: 0.0070900 seconds, Stopping threads took: 0.0001149 seconds
{Heap before GC invocations=671 (full 13):
 par new generation   total 109248K, used 109248K [0x00000007a0000000, 0x00000007a8000000, 0x00000007a8000000)
  eden space 87424K, 100% used [0x00000007a0000000, 0x00000007a5560000, 0x00000007a5560000)
  from space 21824K, 100% used [0x00000007a6ab0000, 0x00000007a8000000, 0x00000007a8000000)
  to   space 21824K,   0% used [0x00000007a5560000, 0x00000007a5560000, 0x00000007a6ab0000)
 concurrent mark-sweep generation total 393216K, used 65541K [0x00000007a8000000, 0x00000007c0000000, 0x00000007c0000000)
 Metaspace       used 36217K, capacity 36808K, committed 37136K, reserved 1081344K
  class space    used 4114K, capacity 4279K, committed 4372K, reserved 1048576K
2016-10-23T18:06:04.392+0800: 129.397: [GC (Allocation Failure) 2016-10-23T18:06:04.392+0800: 129.397: [ParNew
Desired survivor size 20112992 bytes, new threshold 8 (max 8)
- age   1:    6090872 bytes,    6090872 total
- age   2:    3046112 bytes,    9136984 total
- age   3:    2338048 bytes,   11475032 total
- age   4:    1974808 bytes,   13449840 total
- age   5:     270608 bytes,   13720448 total
- age   6:     298976 bytes,   14019424 total
- age   7:     544376 bytes,   14563800 total
- age   8:    3145240 bytes,   17709040 total
: 109248K->21824K(109248K), 0.0067778 secs] 174789K->92858K(502464K), 0.0068340 secs] [Times: user=0.02 sys=0.00, real=0.00 secs] 
Heap after GC invocations=672 (full 13):
 par new generation   total 109248K, used 21824K [0x00000007a0000000, 0x00000007a8000000, 0x00000007a8000000)
  eden space 87424K,   0% used [0x00000007a0000000, 0x00000007a0000000, 0x00000007a5560000)
  from space 21824K, 100% used [0x00000007a5560000, 0x00000007a6ab0000, 0x00000007a6ab0000)
  to   space 21824K,   0% used [0x00000007a6ab0000, 0x00000007a6ab0000, 0x00000007a8000000)
 concurrent mark-sweep generation total 393216K, used 71034K [0x00000007a8000000, 0x00000007c0000000, 0x00000007c0000000)
 Metaspace       used 36217K, capacity 36808K, committed 37136K, reserved 1081344K
  class space    used 4114K, capacity 4279K, committed 4372K, reserved 1048576K
}
2016-10-23T18:06:04.399+0800: 129.404: Total time for which application threads were stopped: 0.0070971 seconds, Stopping threads took: 0.0000743 seconds
{Heap before GC invocations=672 (full 13):
 par new generation   total 109248K, used 109248K [0x00000007a0000000, 0x00000007a8000000, 0x00000007a8000000)
  eden space 87424K, 100% used [0x00000007a0000000, 0x00000007a5560000, 0x00000007a5560000)
  from space 21824K, 100% used [0x00000007a5560000, 0x00000007a6ab0000, 0x00000007a6ab0000)
  to   space 21824K,   0% used [0x00000007a6ab0000, 0x00000007a6ab0000, 0x00000007a8000000)
 concurrent mark-sweep generation total 393216K, used 71034K [0x00000007a8000000, 0x00000007c0000000, 0x00000007c0000000)
 Metaspace       used 36217K, capacity 36808K, committed 37136K, reserved 1081344K
  class space    used 4114K, capacity 4279K, committed 4372K, reserved 1048576K
2016-10-23T18:06:04.510+0800: 129.515: [GC (Allocation Failure) 2016-10-23T18:06:04.510+0800: 129.515: [ParNew
Desired survivor size 20112992 bytes, new threshold 8 (max 8)
- age   1:    6368064 bytes,    6368064 total
- age   2:    2163680 bytes,    8531744 total
- age   3:    2734488 bytes,   11266232 total
- age   4:    2225328 bytes,   13491560 total
- age   5:    1971624 bytes,   15463184 total
- age   6:     269440 bytes,   15732624 total
- age   7:     297536 bytes,   16030160 total
- age   8:     541208 bytes,   16571368 total
: 109248K->21824K(109248K), 0.0064783 secs] 180282K->97349K(502464K), 0.0065448 secs] [Times: user=0.02 sys=0.00, real=0.00 secs] 
Heap after GC invocations=673 (full 13):
 par new generation   total 109248K, used 21824K [0x00000007a0000000, 0x00000007a8000000, 0x00000007a8000000)
  eden space 87424K,   0% used [0x00000007a0000000, 0x00000007a0000000, 0x00000007a5560000)
  from space 21824K, 100% used [0x00000007a6ab0000, 0x00000007a8000000, 0x00000007a8000000)
  to   space 21824K,   0% used [0x00000007a5560000, 0x00000007a5560000, 0x00000007a6ab0000)
 concurrent mark-sweep generation total 393216K, used 75525K [0x00000007a8000000, 0x00000007c0000000, 0x00000007c0000000)
 Metaspace       used 36217K, capacity 36808K, committed 37136K, reserved 1081344K
  class space    used 4114K, capacity 4279K, committed 4372K, reserved 1048576K
}
2016-10-23T18:06:04.516+0800: 129.522: Total time for which application threads were stopped: 0.0067688 seconds, Stopping threads took: 0.0000558 seconds
{Heap before GC invocations=673 (full 13):
 par new generation   total 109248K, used 109248K [0x00000007a0000000, 0x00000007a8000000, 0x00000007a8000000)
  eden space 87424K, 100% used [0x00000007a0000000, 0x00000007a5560000, 0x00000007a5560000)
  from space 21824K, 100% used [0x00000007a6ab0000, 0x00000007a8000000, 0x00000007a8000000)
  to   space 21824K,   0% used [0x00000007a5560000, 0x00000007a5560000, 0x00000007a6ab0000)
 concurrent mark-sweep generation total 393216K, used 75525K [0x00000007a8000000, 0x00000007c0000000, 0x00000007c0000000)
 Metaspace       used 36217K, capacity 36808K, committed 37136K, reserved 1081344K
  class space    used 4114K, capacity 4279K, committed 4372K, reserved 1048576K
2016-10-23T18:06:04.627+0800: 129.633: [GC (Allocation Failure) 2016-10-23T18:06:04.627+0800: 129.633: [ParNew
Desired survivor size 20112992 bytes, new threshold 8 (max 8)
- age   1:    7416840 bytes,    7416840 total
- age   2:    2817296 bytes,   10234136 total
- age   3:    2027040 bytes,   12261176 total
- age   4:    2534360 bytes,   14795536 total
- age   5:    2188472 bytes,   16984008 total
- age   6:    1929984 bytes,   18913992 total
- age   7:     266976 bytes,   19180968 total
- age   8:     293472 bytes,   19474440 total
: 109248K->21824K(109248K), 0.0062949 secs] 184773K->98683K(502464K), 0.0063604 secs] [Times: user=0.02 sys=0.00, real=0.01 secs] 
Heap after GC invocations=674 (full 13):
 par new generation   total 109248K, used 21824K [0x00000007a0000000, 0x00000007a8000000, 0x00000007a8000000)
  eden space 87424K,   0% used [0x00000007a0000000, 0x00000007a0000000, 0x00000007a5560000)
  from space 21824K, 100% used [0x00000007a5560000, 0x00000007a6ab0000, 0x00000007a6ab0000)
  to   space 21824K,   0% used [0x00000007a6ab0000, 0x00000007a6ab0000, 0x00000007a8000000)
 concurrent mark-sweep generation total 393216K, used 76859K [0x00000007a8000000, 0x00000007c0000000, 0x00000007c0000000)
 Metaspace       used 36217K, capacity 36808K, committed 37136K, reserved 1081344K
  class space    used 4114K, capacity 4279K, committed 4372K, reserved 1048576K
}
2016-10-23T18:06:04.634+0800: 129.639: Total time for which application threads were stopped: 0.0066843 seconds, Stopping threads took: 0.0000908 seconds
{Heap before GC invocations=674 (full 13):
 par new generation   total 109248K, used 109248K [0x00000007a0000000, 0x00000007a8000000, 0x00000007a8000000)
  eden space 87424K, 100% used [0x00000007a0000000, 0x00000007a5560000, 0x00000007a5560000)
  from space 21824K, 100% used [0x00000007a5560000, 0x00000007a6ab0000, 0x00000007a6ab0000)
  to   space 21824K,   0% used [0x00000007a6ab0000, 0x00000007a6ab0000, 0x00000007a8000000)
 concurrent mark-sweep generation total 393216K, used 76859K [0x00000007a8000000, 0x00000007c0000000, 0x00000007c0000000)
 Metaspace       used 36217K, capacity 36808K, committed 37136K, reserved 1081344K
  class space    used 4114K, capacity 4279K, committed 4372K, reserved 1048576K
2016-10-23T18:06:04.747+0800: 129.752: [GC (Allocation Failure) 2016-10-23T18:06:04.747+0800: 129.752: [ParNew
Desired survivor size 20112992 bytes, new threshold 8 (max 8)
- age   1:    7964416 bytes,    7964416 total
- age   2:    3071392 bytes,   11035808 total
- age   3:    2061248 bytes,   13097056 total
- age   4:    1790456 bytes,   14887512 total
- age   5:    1653760 bytes,   16541272 total
- age   6:    2057320 bytes,   18598592 total
- age   7:    1259896 bytes,   19858488 total
- age   8:     257760 bytes,   20116248 total
: 109248K->21824K(109248K), 0.0072477 secs] 186107K->102352K(502464K), 0.0072975 secs] [Times: user=0.03 sys=0.00, real=0.01 secs] 
Heap after GC invocations=675 (full 13):
 par new generation   total 109248K, used 21824K [0x00000007a0000000, 0x00000007a8000000, 0x00000007a8000000)
  eden space 87424K,   0% used [0x00000007a0000000, 0x00000007a0000000, 0x00000007a5560000)
  from space 21824K, 100% used [0x00000007a6ab0000, 0x00000007a8000000, 0x00000007a8000000)
  to   space 21824K,   0% used [0x00000007a5560000, 0x00000007a5560000, 0x00000007a6ab0000)
 concurrent mark-sweep generation total 393216K, used 80528K [0x00000007a8000000, 0x00000007c0000000, 0x00000007c0000000)
 Metaspace       used 36217K, capacity 36808K, committed 37136K, reserved 1081344K
  class space    used 4114K, capacity 4279K, committed 4372K, reserved 1048576K
}
2016-10-23T18:06:04.754+0800: 129.760: Total time for which application threads were stopped: 0.0075253 seconds, Stopping threads took: 0.0000684 seconds
{Heap before GC invocations=675 (full 13):
 par new generation   total 109248K, used 109248K [0x00000007a0000000, 0x00000007a8000000, 0x00000007a8000000)
  eden space 87424K, 100% used [0x00000007a0000000, 0x00000007a5560000, 0x00000007a5560000)
  from space 21824K, 100% used [0x00000007a6ab0000, 0x00000007a8000000, 0x00000007a8000000)
  to   space 21824K,   0% used [0x00000007a5560000, 0x00000007a5560000, 0x00000007a6ab0000)
 concurrent mark-sweep generation total 393216K, used 80528K [0x00000007a8000000, 0x00000007c0000000, 0x00000007c0000000)
 Metaspace       used 36217K, capacity 36808K, committed 37136K, reserved 1081344K
  class space    used 4114K, capacity 4279K, committed 4372K, reserved 1048576K
2016-10-23T18:06:04.876+0800: 129.881: [GC (Allocation Failure) 2016-10-23T18:06:04.876+0800: 129.881: [ParNew
Desired survivor size 20112992 bytes, new threshold 8 (max 8)
- age   1:    4082632 bytes,    4082632 total
- age   2:    5548448 bytes,    9631080 total
- age   3:    2320632 bytes,   11951712 total
- age   4:    1619944 bytes,   13571656 total
- age   5:    1120400 bytes,   14692056 total
- age   6:    1014720 bytes,   15706776 total
- age   7:    1405888 bytes,   17112664 total
- age   8:     402128 bytes,   17514792 total
: 109248K->21824K(109248K), 0.0067893 secs] 189776K->108795K(502464K), 0.0068340 secs] [Times: user=0.02 sys=0.00, real=0.01 secs] 
Heap after GC invocations=676 (full 13):
 par new generation   total 109248K, used 21824K [0x00000007a0000000, 0x00000007a8000000, 0x00000007a8000000)
  eden space 87424K,   0% used [0x00000007a0000000, 0x00000007a0000000, 0x00000007a5560000)
  from space 21824K, 100% used [0x00000007a5560000, 0x00000007a6ab0000, 0x00000007a6ab0000)
  to   space 21824K,   0% used [0x00000007a6ab0000, 0x00000007a6ab0000, 0x00000007a8000000)
 concurrent mark-sweep generation total 393216K, used 86971K [0x00000007a8000000, 0x00000007c0000000, 0x00000007c0000000)
 Metaspace       used 36217K, capacity 36808K, committed 37136K, reserved 1081344K
  class space    used 4114K, capacity 4279K, committed 4372K, reserved 1048576K
}
2016-10-23T18:06:04.883+0800: 129.888: Total time for which application threads were stopped: 0.0070772 seconds, Stopping threads took: 0.0000658 seconds
{Heap before GC invocations=676 (full 13):
 par new generation   total 109248K, used 109248K [0x00000007a0000000, 0x00000007a8000000, 0x00000007a8000000)
  eden space 87424K, 100% used [0x00000007a0000000, 0x00000007a5560000, 0x00000007a5560000)
  from space 21824K, 100% used [0x00000007a5560000, 0x00000007a6ab0000, 0x00000007a6ab0000)
  to   space 21824K,   0% used [0x00000007a6ab0000, 0x00000007a6ab0000, 0x00000007a8000000)
 concurrent mark-sweep generation total 393216K, used 86971K [0x00000007a8000000, 0x00000007c0000000, 0x00000007c0000000)
 Metaspace       used 36217K, capacity 36808K, committed 37136K, reserved 1081344K
  class space    used 4114K, capacity 4279K, committed 4372K, reserved 1048576K
2016-10-23T18:06:04.972+0800: 129.977: [GC (Allocation Failure) 2016-10-23T18:06:04.972+0800: 129.977: [ParNew
Desired survivor size 20112992 bytes, new threshold 8 (max 8)
- age   1:    1587160 bytes,    1587160 total
- age   2:    3557864 bytes,    5145024 total
- age   3:    4341584 bytes,    9486608 total
- age   4:    2216632 bytes,   11703240 total
- age   5:    1353576 bytes,   13056816 total
- age   6:    1013288 bytes,   14070104 total
- age   7:     986968 bytes,   15057072 total
- age   8:    1074208 bytes,   16131280 total
: 109248K->21824K(109248K), 0.0064157 secs] 196219K->111970K(502464K), 0.0064948 secs] [Times: user=0.02 sys=0.00, real=0.00 secs] 
Heap after GC invocations=677 (full 13):
 par new generation   total 109248K, used 21824K [0x00000007a0000000, 0x00000007a8000000, 0x00000007a8000000)
  eden space 87424K,   0% used [0x00000007a0000000, 0x00000007a0000000, 0x00000007a5560000)
  from space 21824K, 100% used [0x00000007a6ab0000, 0x00000007a8000000, 0x00000007a8000000)
  to   space 21824K,   0% used [0x00000007a5560000, 0x00000007a5560000, 0x00000007a6ab0000)
 concurrent mark-sweep generation total 393216K, used 90146K [0x00000007a8000000, 0x00000007c0000000, 0x00000007c0000000)
 Metaspace       used 36217K, capacity 36808K, committed 37136K, reserved 1081344K
  class space    used 4114K, capacity 4279K, committed 4372K, reserved 1048576K
}
2016-10-23T18:06:04.978+0800: 129.984: Total time for which application threads were stopped: 0.0067362 seconds, Stopping threads took: 0.0000848 seconds
{Heap before GC invocations=677 (full 13):
 par new generation   total 109248K, used 109248K [0x00000007a0000000, 0x00000007a8000000, 0x00000007a8000000)
  eden space 87424K, 100% used [0x00000007a0000000, 0x00000007a5560000, 0x00000007a5560000)
  from space 21824K, 100% used [0x00000007a6ab0000, 0x00000007a8000000, 0x00000007a8000000)
  to   space 21824K,   0% used [0x00000007a5560000, 0x00000007a5560000, 0x00000007a6ab0000)
 concurrent mark-sweep generation total 393216K, used 90146K [0x00000007a8000000, 0x00000007c0000000, 0x00000007c0000000)
 Metaspace       used 36217K, capacity 36808K, committed 37136K, reserved 1081344K
  class space    used 4114K, capacity 4279K, committed 4372K, reserved 1048576K
2016-10-23T18:06:05.026+0800: 130.031: [GC (Allocation Failure) 2016-10-23T18:06:05.026+0800: 130.031: [ParNew
Desired survivor size 20112992 bytes, new threshold 8 (max 8)
- age   1:    1889840 bytes,    1889840 total
- age   2:     952104 bytes,    2841944 total
- age   3:    3534160 bytes,    6376104 total
- age   4:    4315344 bytes,   10691448 total
- age   5:    2190328 bytes,   12881776 total
- age   6:    1327112 bytes,   14208888 total
- age   7:     985720 bytes,   15194608 total
- age   8:     960584 bytes,   16155192 total
: 109248K->20585K(109248K), 0.0064772 secs] 199394K->111760K(502464K), 0.0065447 secs] [Times: user=0.03 sys=0.00, real=0.01 secs] 
Heap after GC invocations=678 (full 13):
 par new generation   total 109248K, used 20585K [0x00000007a0000000, 0x00000007a8000000, 0x00000007a8000000)
  eden space 87424K,   0% used [0x00000007a0000000, 0x00000007a0000000, 0x00000007a5560000)
  from space 21824K,  94% used [0x00000007a5560000, 0x00000007a697a640, 0x00000007a6ab0000)
  to   space 21824K,   0% used [0x00000007a6ab0000, 0x00000007a6ab0000, 0x00000007a8000000)
 concurrent mark-sweep generation total 393216K, used 91174K [0x00000007a8000000, 0x00000007c0000000, 0x00000007c0000000)
 Metaspace       used 36217K, capacity 36808K, committed 37136K, reserved 1081344K
  class space    used 4114K, capacity 4279K, committed 4372K, reserved 1048576K
}
2016-10-23T18:06:05.032+0800: 130.038: Total time for which application threads were stopped: 0.0068212 seconds, Stopping threads took: 0.0000763 seconds
{Heap before GC invocations=678 (full 13):
 par new generation   total 109248K, used 108009K [0x00000007a0000000, 0x00000007a8000000, 0x00000007a8000000)
  eden space 87424K, 100% used [0x00000007a0000000, 0x00000007a5560000, 0x00000007a5560000)
  from space 21824K,  94% used [0x00000007a5560000, 0x00000007a697a640, 0x00000007a6ab0000)
  to   space 21824K,   0% used [0x00000007a6ab0000, 0x00000007a6ab0000, 0x00000007a8000000)
 concurrent mark-sweep generation total 393216K, used 91174K [0x00000007a8000000, 0x00000007c0000000, 0x00000007c0000000)
 Metaspace       used 36223K, capacity 36808K, committed 37136K, reserved 1081344K
  class space    used 4114K, capacity 4279K, committed 4372K, reserved 1048576K
2016-10-23T18:06:05.151+0800: 130.157: [GC (Allocation Failure) 2016-10-23T18:06:05.151+0800: 130.157: [ParNew
Desired survivor size 20112992 bytes, new threshold 8 (max 8)
- age   1:    5701088 bytes,    5701088 total
- age   2:     958288 bytes,    6659376 total
- age   3:     832568 bytes,    7491944 total
- age   4:    3424040 bytes,   10915984 total
- age   5:    4199184 bytes,   15115168 total
- age   6:    2139096 bytes,   17254264 total
- age   7:    1277440 bytes,   18531704 total
- age   8:     896776 bytes,   19428480 total
: 108009K->21824K(109248K), 0.0066502 secs] 199184K->114549K(502464K), 0.0067337 secs] [Times: user=0.02 sys=0.00, real=0.00 secs] 
Heap after GC invocations=679 (full 13):
 par new generation   total 109248K, used 21824K [0x00000007a0000000, 0x00000007a8000000, 0x00000007a8000000)
  eden space 87424K,   0% used [0x00000007a0000000, 0x00000007a0000000, 0x00000007a5560000)
  from space 21824K, 100% used [0x00000007a6ab0000, 0x00000007a8000000, 0x00000007a8000000)
  to   space 21824K,   0% used [0x00000007a5560000, 0x00000007a5560000, 0x00000007a6ab0000)
 concurrent mark-sweep generation total 393216K, used 92725K [0x00000007a8000000, 0x00000007c0000000, 0x00000007c0000000)
 Metaspace       used 36223K, capacity 36808K, committed 37136K, reserved 1081344K
  class space    used 4114K, capacity 4279K, committed 4372K, reserved 1048576K
}
2016-10-23T18:06:05.158+0800: 130.164: Total time for which application threads were stopped: 0.0069974 seconds, Stopping threads took: 0.0000636 seconds
{Heap before GC invocations=679 (full 13):
 par new generation   total 109248K, used 109248K [0x00000007a0000000, 0x00000007a8000000, 0x00000007a8000000)
  eden space 87424K, 100% used [0x00000007a0000000, 0x00000007a5560000, 0x00000007a5560000)
  from space 21824K, 100% used [0x00000007a6ab0000, 0x00000007a8000000, 0x00000007a8000000)
  to   space 21824K,   0% used [0x00000007a5560000, 0x00000007a5560000, 0x00000007a6ab0000)
 concurrent mark-sweep generation total 393216K, used 92725K [0x00000007a8000000, 0x00000007c0000000, 0x00000007c0000000)
 Metaspace       used 36223K, capacity 36808K, committed 37136K, reserved 1081344K
  class space    used 4114K, capacity 4279K, committed 4372K, reserved 1048576K
2016-10-23T18:06:05.282+0800: 130.287: [GC (Allocation Failure) 2016-10-23T18:06:05.282+0800: 130.287: [ParNew
Desired survivor size 20112992 bytes, new threshold 8 (max 8)
- age   1:    6452096 bytes,    6452096 total
- age   2:    3696248 bytes,   10148344 total
- age   3:     465584 bytes,   10613928 total
- age   4:     751320 bytes,   11365248 total
- age   5:    2541936 bytes,   13907184 total
- age   6:    3336720 bytes,   17243904 total
- age   7:    1910168 bytes,   19154072 total
- age   8:    1157904 bytes,   20311976 total
: 109248K->21824K(109248K), 0.0074197 secs] 201973K->118075K(502464K), 0.0074990 secs] [Times: user=0.03 sys=0.00, real=0.00 secs] 
Heap after GC invocations=680 (full 13):
 par new generation   total 109248K, used 21824K [0x00000007a0000000, 0x00000007a8000000, 0x00000007a8000000)
  eden space 87424K,   0% used [0x00000007a0000000, 0x00000007a0000000, 0x00000007a5560000)
  from space 21824K, 100% used [0x00000007a5560000, 0x00000007a6ab0000, 0x00000007a6ab0000)
  to   space 21824K,   0% used [0x00000007a6ab0000, 0x00000007a6ab0000, 0x00000007a8000000)
 concurrent mark-sweep generation total 393216K, used 96251K [0x00000007a8000000, 0x00000007c0000000, 0x00000007c0000000)
 Metaspace       used 36223K, capacity 36808K, committed 37136K, reserved 1081344K
  class space    used 4114K, capacity 4279K, committed 4372K, reserved 1048576K
}
2016-10-23T18:06:05.289+0800: 130.294: Total time for which application threads were stopped: 0.0077481 seconds, Stopping threads took: 0.0001013 seconds
{Heap before GC invocations=680 (full 13):
 par new generation   total 109248K, used 109248K [0x00000007a0000000, 0x00000007a8000000, 0x00000007a8000000)
  eden space 87424K, 100% used [0x00000007a0000000, 0x00000007a5560000, 0x00000007a5560000)
  from space 21824K, 100% used [0x00000007a5560000, 0x00000007a6ab0000, 0x00000007a6ab0000)
  to   space 21824K,   0% used [0x00000007a6ab0000, 0x00000007a6ab0000, 0x00000007a8000000)
 concurrent mark-sweep generation total 393216K, used 96251K [0x00000007a8000000, 0x00000007c0000000, 0x00000007c0000000)
 Metaspace       used 36223K, capacity 36808K, committed 37136K, reserved 1081344K
  class space    used 4114K, capacity 4279K, committed 4372K, reserved 1048576K
2016-10-23T18:06:05.411+0800: 130.416: [GC (Allocation Failure) 2016-10-23T18:06:05.411+0800: 130.416: [ParNew
Desired survivor size 20112992 bytes, new threshold 8 (max 8)
- age   1:    4908552 bytes,    4908552 total
- age   2:    3099544 bytes,    8008096 total
- age   3:    2846968 bytes,   10855064 total
- age   4:     198640 bytes,   11053704 total
- age   5:     710024 bytes,   11763728 total
- age   6:    2472840 bytes,   14236568 total
- age   7:    3293232 bytes,   17529800 total
- age   8:    1866152 bytes,   19395952 total
: 109248K->21824K(109248K), 0.0077005 secs] 205499K->122860K(502464K), 0.0077808 secs] [Times: user=0.03 sys=0.01, real=0.00 secs] 
Heap after GC invocations=681 (full 13):
 par new generation   total 109248K, used 21824K [0x00000007a0000000, 0x00000007a8000000, 0x00000007a8000000)
  eden space 87424K,   0% used [0x00000007a0000000, 0x00000007a0000000, 0x00000007a5560000)
  from space 21824K, 100% used [0x00000007a6ab0000, 0x00000007a8000000, 0x00000007a8000000)
  to   space 21824K,   0% used [0x00000007a5560000, 0x00000007a5560000, 0x00000007a6ab0000)
 concurrent mark-sweep generation total 393216K, used 101036K [0x00000007a8000000, 0x00000007c0000000, 0x00000007c0000000)
 Metaspace       used 36223K, capacity 36808K, committed 37136K, reserved 1081344K
  class space    used 4114K, capacity 4279K, committed 4372K, reserved 1048576K
}
2016-10-23T18:06:05.419+0800: 130.424: Total time for which application threads were stopped: 0.0080002 seconds, Stopping threads took: 0.0000689 seconds
{Heap before GC invocations=681 (full 13):
 par new generation   total 109248K, used 109248K [0x00000007a0000000, 0x00000007a8000000, 0x00000007a8000000)
  eden space 87424K, 100% used [0x00000007a0000000, 0x00000007a5560000, 0x00000007a5560000)
  from space 21824K, 100% used [0x00000007a6ab0000, 0x00000007a8000000, 0x00000007a8000000)
  to   space 21824K,   0% used [0x00000007a5560000, 0x00000007a5560000, 0x00000007a6ab0000)
 concurrent mark-sweep generation total 393216K, used 101036K [0x00000007a8000000, 0x00000007c0000000, 0x00000007c0000000)
 Metaspace       used 36223K, capacity 36808K, committed 37136K, reserved 1081344K
  class space    used 4114K, capacity 4279K, committed 4372K, reserved 1048576K
2016-10-23T18:06:05.547+0800: 130.552: [GC (Allocation Failure) 2016-10-23T18:06:05.547+0800: 130.552: [ParNew
Desired survivor size 20112992 bytes, new threshold 8 (max 8)
- age   1:    7231192 bytes,    7231192 total
- age   2:    2281960 bytes,    9513152 total
- age   3:    2750208 bytes,   12263360 total
- age   4:    1988944 bytes,   14252304 total
- age   5:     198784 bytes,   14451088 total
- age   6:     707688 bytes,   15158776 total
- age   7:    2471344 bytes,   17630120 total
- age   8:    3073480 bytes,   20703600 total
: 109248K->21824K(109248K), 0.0081005 secs] 210284K->126657K(502464K), 0.0081840 secs] [Times: user=0.03 sys=0.00, real=0.01 secs] 
Heap after GC invocations=682 (full 13):
 par new generation   total 109248K, used 21824K [0x00000007a0000000, 0x00000007a8000000, 0x00000007a8000000)
  eden space 87424K,   0% used [0x00000007a0000000, 0x00000007a0000000, 0x00000007a5560000)
  from space 21824K, 100% used [0x00000007a5560000, 0x00000007a6ab0000, 0x00000007a6ab0000)
  to   space 21824K,   0% used [0x00000007a6ab0000, 0x00000007a6ab0000, 0x00000007a8000000)
 concurrent mark-sweep generation total 393216K, used 104833K [0x00000007a8000000, 0x00000007c0000000, 0x00000007c0000000)
 Metaspace       used 36223K, capacity 36808K, committed 37136K, reserved 1081344K
  class space    used 4114K, capacity 4279K, committed 4372K, reserved 1048576K
}
2016-10-23T18:06:05.555+0800: 130.561: Total time for which application threads were stopped: 0.0084310 seconds, Stopping threads took: 0.0000770 seconds
{Heap before GC invocations=682 (full 13):
 par new generation   total 109248K, used 109248K [0x00000007a0000000, 0x00000007a8000000, 0x00000007a8000000)
  eden space 87424K, 100% used [0x00000007a0000000, 0x00000007a5560000, 0x00000007a5560000)
  from space 21824K, 100% used [0x00000007a5560000, 0x00000007a6ab0000, 0x00000007a6ab0000)
  to   space 21824K,   0% used [0x00000007a6ab0000, 0x00000007a6ab0000, 0x00000007a8000000)
 concurrent mark-sweep generation total 393216K, used 104833K [0x00000007a8000000, 0x00000007c0000000, 0x00000007c0000000)
 Metaspace       used 36223K, capacity 36808K, committed 37136K, reserved 1081344K
  class space    used 4114K, capacity 4279K, committed 4372K, reserved 1048576K
2016-10-23T18:06:05.692+0800: 130.698: [GC (Allocation Failure) 2016-10-23T18:06:05.692+0800: 130.698: [ParNew
Desired survivor size 20112992 bytes, new threshold 8 (max 8)
- age   1:    9859896 bytes,    9859896 total
- age   2:    3062648 bytes,   12922544 total
- age   3:    2041824 bytes,   14964368 total
- age   4:    1694488 bytes,   16658856 total
- age   5:    1919968 bytes,   18578824 total
- age   6:     188384 bytes,   18767208 total
- age   7:     694592 bytes,   19461800 total
- age   8:    1836944 bytes,   21298744 total
: 109248K->21824K(109248K), 0.0100886 secs] 214081K->130958K(502464K), 0.0101386 secs] [Times: user=0.04 sys=0.00, real=0.01 secs] 
Heap after GC invocations=683 (full 13):
 par new generation   total 109248K, used 21824K [0x00000007a0000000, 0x00000007a8000000, 0x00000007a8000000)
  eden space 87424K,   0% used [0x00000007a0000000, 0x00000007a0000000, 0x00000007a5560000)
  from space 21824K, 100% used [0x00000007a6ab0000, 0x00000007a8000000, 0x00000007a8000000)
  to   space 21824K,   0% used [0x00000007a5560000, 0x00000007a5560000, 0x00000007a6ab0000)
 concurrent mark-sweep generation total 393216K, used 109134K [0x00000007a8000000, 0x00000007c0000000, 0x00000007c0000000)
 Metaspace       used 36223K, capacity 36808K, committed 37136K, reserved 1081344K
  class space    used 4114K, capacity 4279K, committed 4372K, reserved 1048576K
}
2016-10-23T18:06:05.702+0800: 130.708: Total time for which application threads were stopped: 0.0103702 seconds, Stopping threads took: 0.0000843 seconds
{Heap before GC invocations=683 (full 13):
 par new generation   total 109248K, used 109248K [0x00000007a0000000, 0x00000007a8000000, 0x00000007a8000000)
  eden space 87424K, 100% used [0x00000007a0000000, 0x00000007a5560000, 0x00000007a5560000)
  from space 21824K, 100% used [0x00000007a6ab0000, 0x00000007a8000000, 0x00000007a8000000)
  to   space 21824K,   0% used [0x00000007a5560000, 0x00000007a5560000, 0x00000007a6ab0000)
 concurrent mark-sweep generation total 393216K, used 109134K [0x00000007a8000000, 0x00000007c0000000, 0x00000007c0000000)
 Metaspace       used 36223K, capacity 36808K, committed 37136K, reserved 1081344K
  class space    used 4114K, capacity 4279K, committed 4372K, reserved 1048576K
2016-10-23T18:06:05.834+0800: 130.840: [GC (Allocation Failure) 2016-10-23T18:06:05.834+0800: 130.840: [ParNew
Desired survivor size 20112992 bytes, new threshold 8 (max 8)
- age   1:    6776296 bytes,    6776296 total
- age   2:    4184856 bytes,   10961152 total
- age   3:    2345656 bytes,   13306808 total
- age   4:    1329552 bytes,   14636360 total
- age   5:    1106032 bytes,   15742392 total
- age   6:    1705920 bytes,   17448312 total
- age   7:     184584 bytes,   17632896 total
- age   8:     687872 bytes,   18320768 total
: 109248K->21824K(109248K), 0.0088240 secs] 218382K->138880K(502464K), 0.0088938 secs] [Times: user=0.03 sys=0.00, real=0.01 secs] 
Heap after GC invocations=684 (full 13):
 par new generation   total 109248K, used 21824K [0x00000007a0000000, 0x00000007a8000000, 0x00000007a8000000)
  eden space 87424K,   0% used [0x00000007a0000000, 0x00000007a0000000, 0x00000007a5560000)
  from space 21824K, 100% used [0x00000007a5560000, 0x00000007a6ab0000, 0x00000007a6ab0000)
  to   space 21824K,   0% used [0x00000007a6ab0000, 0x00000007a6ab0000, 0x00000007a8000000)
 concurrent mark-sweep generation total 393216K, used 117056K [0x00000007a8000000, 0x00000007c0000000, 0x00000007c0000000)
 Metaspace       used 36223K, capacity 36808K, committed 37136K, reserved 1081344K
  class space    used 4114K, capacity 4279K, committed 4372K, reserved 1048576K
}
2016-10-23T18:06:05.843+0800: 130.849: Total time for which application threads were stopped: 0.0091145 seconds, Stopping threads took: 0.0000637 seconds
{Heap before GC invocations=684 (full 13):
 par new generation   total 109248K, used 109248K [0x00000007a0000000, 0x00000007a8000000, 0x00000007a8000000)
  eden space 87424K, 100% used [0x00000007a0000000, 0x00000007a5560000, 0x00000007a5560000)
  from space 21824K, 100% used [0x00000007a5560000, 0x00000007a6ab0000, 0x00000007a6ab0000)
  to   space 21824K,   0% used [0x00000007a6ab0000, 0x00000007a6ab0000, 0x00000007a8000000)
 concurrent mark-sweep generation total 393216K, used 117056K [0x00000007a8000000, 0x00000007c0000000, 0x00000007c0000000)
 Metaspace       used 36223K, capacity 36808K, committed 37136K, reserved 1081344K
  class space    used 4114K, capacity 4279K, committed 4372K, reserved 1048576K
2016-10-23T18:06:05.956+0800: 130.962: [GC (Allocation Failure) 2016-10-23T18:06:05.956+0800: 130.962: [ParNew
Desired survivor size 20112992 bytes, new threshold 8 (max 8)
- age   1:    2448672 bytes,    2448672 total
- age   2:    6577568 bytes,    9026240 total
- age   3:    4063416 bytes,   13089656 total
- age   4:    2224360 bytes,   15314016 total
- age   5:    1206720 bytes,   16520736 total
- age   6:     987376 bytes,   17508112 total
- age   7:    1609552 bytes,   19117664 total
- age   8:     161592 bytes,   19279256 total
: 109248K->21824K(109248K), 0.0079185 secs] 226304K->139553K(502464K), 0.0079827 secs] [Times: user=0.03 sys=0.00, real=0.01 secs] 
Heap after GC invocations=685 (full 13):
 par new generation   total 109248K, used 21824K [0x00000007a0000000, 0x00000007a8000000, 0x00000007a8000000)
  eden space 87424K,   0% used [0x00000007a0000000, 0x00000007a0000000, 0x00000007a5560000)
  from space 21824K, 100% used [0x00000007a6ab0000, 0x00000007a8000000, 0x00000007a8000000)
  to   space 21824K,   0% used [0x00000007a5560000, 0x00000007a5560000, 0x00000007a6ab0000)
 concurrent mark-sweep generation total 393216K, used 117729K [0x00000007a8000000, 0x00000007c0000000, 0x00000007c0000000)
 Metaspace       used 36223K, capacity 36808K, committed 37136K, reserved 1081344K
  class space    used 4114K, capacity 4279K, committed 4372K, reserved 1048576K
}
2016-10-23T18:06:05.964+0800: 130.970: Total time for which application threads were stopped: 0.0082410 seconds, Stopping threads took: 0.0000794 seconds
{Heap before GC invocations=685 (full 13):
 par new generation   total 109248K, used 109248K [0x00000007a0000000, 0x00000007a8000000, 0x00000007a8000000)
  eden space 87424K, 100% used [0x00000007a0000000, 0x00000007a5560000, 0x00000007a5560000)
  from space 21824K, 100% used [0x00000007a6ab0000, 0x00000007a8000000, 0x00000007a8000000)
  to   space 21824K,   0% used [0x00000007a5560000, 0x00000007a5560000, 0x00000007a6ab0000)
 concurrent mark-sweep generation total 393216K, used 117729K [0x00000007a8000000, 0x00000007c0000000, 0x00000007c0000000)
 Metaspace       used 36223K, capacity 36808K, committed 37136K, reserved 1081344K
  class space    used 4114K, capacity 4279K, committed 4372K, reserved 1048576K
2016-10-23T18:06:06.007+0800: 131.012: [GC (Allocation Failure) 2016-10-23T18:06:06.007+0800: 131.012: [ParNew
Desired survivor size 20112992 bytes, new threshold 8 (max 8)
- age   1:    1466808 bytes,    1466808 total
- age   2:    1609384 bytes,    3076192 total
- age   3:    6028312 bytes,    9104504 total
- age   4:    4014112 bytes,   13118616 total
- age   5:    2176936 bytes,   15295552 total
- age   6:    1157592 bytes,   16453144 total
- age   7:     956592 bytes,   17409736 total
- age   8:    1590808 bytes,   19000544 total
: 109248K->21824K(109248K), 0.0062263 secs] 226977K->140519K(502464K), 0.0062844 secs] [Times: user=0.02 sys=0.01, real=0.01 secs] 
Heap after GC invocations=686 (full 13):
 par new generation   total 109248K, used 21824K [0x00000007a0000000, 0x00000007a8000000, 0x00000007a8000000)
  eden space 87424K,   0% used [0x00000007a0000000, 0x00000007a0000000, 0x00000007a5560000)
  from space 21824K, 100% used [0x00000007a5560000, 0x00000007a6ab0000, 0x00000007a6ab0000)
  to   space 21824K,   0% used [0x00000007a6ab0000, 0x00000007a6ab0000, 0x00000007a8000000)
 concurrent mark-sweep generation total 393216K, used 118695K [0x00000007a8000000, 0x00000007c0000000, 0x00000007c0000000)
 Metaspace       used 36223K, capacity 36808K, committed 37136K, reserved 1081344K
  class space    used 4114K, capacity 4279K, committed 4372K, reserved 1048576K
}
2016-10-23T18:06:06.013+0800: 131.018: Total time for which application threads were stopped: 0.0065367 seconds, Stopping threads took: 0.0000902 seconds
{Heap before GC invocations=686 (full 13):
 par new generation   total 109248K, used 109248K [0x00000007a0000000, 0x00000007a8000000, 0x00000007a8000000)
  eden space 87424K, 100% used [0x00000007a0000000, 0x00000007a5560000, 0x00000007a5560000)
  from space 21824K, 100% used [0x00000007a5560000, 0x00000007a6ab0000, 0x00000007a6ab0000)
  to   space 21824K,   0% used [0x00000007a6ab0000, 0x00000007a6ab0000, 0x00000007a8000000)
 concurrent mark-sweep generation total 393216K, used 118695K [0x00000007a8000000, 0x00000007c0000000, 0x00000007c0000000)
 Metaspace       used 36225K, capacity 36808K, committed 37136K, reserved 1081344K
  class space    used 4114K, capacity 4279K, committed 4372K, reserved 1048576K
2016-10-23T18:06:06.112+0800: 131.117: [GC (Allocation Failure) 2016-10-23T18:06:06.112+0800: 131.117: [ParNew
Desired survivor size 20112992 bytes, new threshold 8 (max 8)
- age   1:    4617544 bytes,    4617544 total
- age   2:     691688 bytes,    5309232 total
- age   3:    1304696 bytes,    6613928 total
- age   4:    5740024 bytes,   12353952 total
- age   5:    3736008 bytes,   16089960 total
- age   6:    1940320 bytes,   18030280 total
- age   7:     888168 bytes,   18918448 total
- age   8:     692032 bytes,   19610480 total
: 109248K->21824K(109248K), 0.0075785 secs] 227943K->142847K(502464K), 0.0076309 secs] [Times: user=0.02 sys=0.00, real=0.01 secs] 
Heap after GC invocations=687 (full 13):
 par new generation   total 109248K, used 21824K [0x00000007a0000000, 0x00000007a8000000, 0x00000007a8000000)
  eden space 87424K,   0% used [0x00000007a0000000, 0x00000007a0000000, 0x00000007a5560000)
  from space 21824K, 100% used [0x00000007a6ab0000, 0x00000007a8000000, 0x00000007a8000000)
  to   space 21824K,   0% used [0x00000007a5560000, 0x00000007a5560000, 0x00000007a6ab0000)
 concurrent mark-sweep generation total 393216K, used 121023K [0x00000007a8000000, 0x00000007c0000000, 0x00000007c0000000)
 Metaspace       used 36225K, capacity 36808K, committed 37136K, reserved 1081344K
  class space    used 4114K, capacity 4279K, committed 4372K, reserved 1048576K
}
2016-10-23T18:06:06.120+0800: 131.125: Total time for which application threads were stopped: 0.0078507 seconds, Stopping threads took: 0.0000396 seconds
{Heap before GC invocations=687 (full 13):
 par new generation   total 109248K, used 109248K [0x00000007a0000000, 0x00000007a8000000, 0x00000007a8000000)
  eden space 87424K, 100% used [0x00000007a0000000, 0x00000007a5560000, 0x00000007a5560000)
  from space 21824K, 100% used [0x00000007a6ab0000, 0x00000007a8000000, 0x00000007a8000000)
  to   space 21824K,   0% used [0x00000007a5560000, 0x00000007a5560000, 0x00000007a6ab0000)
 concurrent mark-sweep generation total 393216K, used 121023K [0x00000007a8000000, 0x00000007c0000000, 0x00000007c0000000)
 Metaspace       used 36225K, capacity 36808K, committed 37136K, reserved 1081344K
  class space    used 4114K, capacity 4279K, committed 4372K, reserved 1048576K
2016-10-23T18:06:06.241+0800: 131.247: [GC (Allocation Failure) 2016-10-23T18:06:06.241+0800: 131.247: [ParNew
Desired survivor size 20112992 bytes, new threshold 7 (max 8)
- age   1:    6241672 bytes,    6241672 total
- age   2:    3181912 bytes,    9423584 total
- age   3:     391648 bytes,    9815232 total
- age   4:    1175704 bytes,   10990936 total
- age   5:    3940992 bytes,   14931928 total
- age   6:    3619232 bytes,   18551160 total
- age   7:    1840992 bytes,   20392152 total
- age   8:     782720 bytes,   21174872 total
: 109248K->21824K(109248K), 0.0073195 secs] 230271K->145933K(502464K), 0.0073894 secs] [Times: user=0.03 sys=0.00, real=0.00 secs] 
Heap after GC invocations=688 (full 13):
 par new generation   total 109248K, used 21824K [0x00000007a0000000, 0x00000007a8000000, 0x00000007a8000000)
  eden space 87424K,   0% used [0x00000007a0000000, 0x00000007a0000000, 0x00000007a5560000)
  from space 21824K, 100% used [0x00000007a5560000, 0x00000007a6ab0000, 0x00000007a6ab0000)
  to   space 21824K,   0% used [0x00000007a6ab0000, 0x00000007a6ab0000, 0x00000007a8000000)
 concurrent mark-sweep generation total 393216K, used 124109K [0x00000007a8000000, 0x00000007c0000000, 0x00000007c0000000)
 Metaspace       used 36225K, capacity 36808K, committed 37136K, reserved 1081344K
  class space    used 4114K, capacity 4279K, committed 4372K, reserved 1048576K
}
2016-10-23T18:06:06.249+0800: 131.254: Total time for which application threads were stopped: 0.0076383 seconds, Stopping threads took: 0.0000927 seconds
{Heap before GC invocations=688 (full 13):
 par new generation   total 109248K, used 109248K [0x00000007a0000000, 0x00000007a8000000, 0x00000007a8000000)
  eden space 87424K, 100% used [0x00000007a0000000, 0x00000007a5560000, 0x00000007a5560000)
  from space 21824K, 100% used [0x00000007a5560000, 0x00000007a6ab0000, 0x00000007a6ab0000)
  to   space 21824K,   0% used [0x00000007a6ab0000, 0x00000007a6ab0000, 0x00000007a8000000)
 concurrent mark-sweep generation total 393216K, used 124109K [0x00000007a8000000, 0x00000007c0000000, 0x00000007c0000000)
 Metaspace       used 36225K, capacity 36808K, committed 37136K, reserved 1081344K
  class space    used 4114K, capacity 4279K, committed 4372K, reserved 1048576K
2016-10-23T18:06:06.374+0800: 131.379: [GC (Allocation Failure) 2016-10-23T18:06:06.374+0800: 131.379: [ParNew
Desired survivor size 20112992 bytes, new threshold 7 (max 8)
- age   1:    5694728 bytes,    5694728 total
- age   2:    3657592 bytes,    9352320 total
- age   3:    2320832 bytes,   11673152 total
- age   4:     350880 bytes,   12024032 total
- age   5:    1137336 bytes,   13161368 total
- age   6:    3677056 bytes,   16838424 total
- age   7:    3619160 bytes,   20457584 total
: 109248K->21824K(109248K), 0.0078947 secs] 233357K->150597K(502464K), 0.0079698 secs] [Times: user=0.02 sys=0.00, real=0.01 secs] 
Heap after GC invocations=689 (full 13):
 par new generation   total 109248K, used 21824K [0x00000007a0000000, 0x00000007a8000000, 0x00000007a8000000)
  eden space 87424K,   0% used [0x00000007a0000000, 0x00000007a0000000, 0x00000007a5560000)
  from space 21824K, 100% used [0x00000007a6ab0000, 0x00000007a8000000, 0x00000007a8000000)
  to   space 21824K,   0% used [0x00000007a5560000, 0x00000007a5560000, 0x00000007a6ab0000)
 concurrent mark-sweep generation total 393216K, used 128773K [0x00000007a8000000, 0x00000007c0000000, 0x00000007c0000000)
 Metaspace       used 36225K, capacity 36808K, committed 37136K, reserved 1081344K
  class space    used 4114K, capacity 4279K, committed 4372K, reserved 1048576K
}
2016-10-23T18:06:06.382+0800: 131.387: Total time for which application threads were stopped: 0.0081993 seconds, Stopping threads took: 0.0000535 seconds
{Heap before GC invocations=689 (full 13):
 par new generation   total 109248K, used 109248K [0x00000007a0000000, 0x00000007a8000000, 0x00000007a8000000)
  eden space 87424K, 100% used [0x00000007a0000000, 0x00000007a5560000, 0x00000007a5560000)
  from space 21824K, 100% used [0x00000007a6ab0000, 0x00000007a8000000, 0x00000007a8000000)
  to   space 21824K,   0% used [0x00000007a5560000, 0x00000007a5560000, 0x00000007a6ab0000)
 concurrent mark-sweep generation total 393216K, used 128773K [0x00000007a8000000, 0x00000007c0000000, 0x00000007c0000000)
 Metaspace       used 36225K, capacity 36808K, committed 37136K, reserved 1081344K
  class space    used 4114K, capacity 4279K, committed 4372K, reserved 1048576K
2016-10-23T18:06:06.508+0800: 131.514: [GC (Allocation Failure) 2016-10-23T18:06:06.508+0800: 131.514: [ParNew
Desired survivor size 20112992 bytes, new threshold 7 (max 8)
- age   1:    7347856 bytes,    7347856 total
- age   2:    2856552 bytes,   10204408 total
- age   3:    3321976 bytes,   13526384 total
- age   4:    2211952 bytes,   15738336 total
- age   5:     331280 bytes,   16069616 total
- age   6:    1076328 bytes,   17145944 total
- age   7:    3671992 bytes,   20817936 total
: 109248K->21824K(109248K), 0.0086178 secs] 238021K->154825K(502464K), 0.0086880 secs] [Times: user=0.03 sys=0.00, real=0.01 secs] 
Heap after GC invocations=690 (full 13):
 par new generation   total 109248K, used 21824K [0x00000007a0000000, 0x00000007a8000000, 0x00000007a8000000)
  eden space 87424K,   0% used [0x00000007a0000000, 0x00000007a0000000, 0x00000007a5560000)
  from space 21824K, 100% used [0x00000007a5560000, 0x00000007a6ab0000, 0x00000007a6ab0000)
  to   space 21824K,   0% used [0x00000007a6ab0000, 0x00000007a6ab0000, 0x00000007a8000000)
 concurrent mark-sweep generation total 393216K, used 133001K [0x00000007a8000000, 0x00000007c0000000, 0x00000007c0000000)
 Metaspace       used 36225K, capacity 36808K, committed 37136K, reserved 1081344K
  class space    used 4114K, capacity 4279K, committed 4372K, reserved 1048576K
}
2016-10-23T18:06:06.517+0800: 131.522: Total time for which application threads were stopped: 0.0088878 seconds, Stopping threads took: 0.0000406 seconds
{Heap before GC invocations=690 (full 13):
 par new generation   total 109248K, used 109248K [0x00000007a0000000, 0x00000007a8000000, 0x00000007a8000000)
  eden space 87424K, 100% used [0x00000007a0000000, 0x00000007a5560000, 0x00000007a5560000)
  from space 21824K, 100% used [0x00000007a5560000, 0x00000007a6ab0000, 0x00000007a6ab0000)
  to   space 21824K,   0% used [0x00000007a6ab0000, 0x00000007a6ab0000, 0x00000007a8000000)
 concurrent mark-sweep generation total 393216K, used 133001K [0x00000007a8000000, 0x00000007c0000000, 0x00000007c0000000)
 Metaspace       used 36225K, capacity 36808K, committed 37136K, reserved 1081344K
  class space    used 4114K, capacity 4279K, committed 4372K, reserved 1048576K
2016-10-23T18:06:06.646+0800: 131.651: [GC (Allocation Failure) 2016-10-23T18:06:06.646+0800: 131.651: [ParNew
Desired survivor size 20112992 bytes, new threshold 7 (max 8)
- age   1:    8795616 bytes,    8795616 total
- age   2:    3345880 bytes,   12141496 total
- age   3:    2564128 bytes,   14705624 total
- age   4:    2546040 bytes,   17251664 total
- age   5:    2175160 bytes,   19426824 total
- age   6:     324656 bytes,   19751480 total
- age   7:    1055840 bytes,   20807320 total
: 109248K->21824K(109248K), 0.0077443 secs] 242249K->159462K(502464K), 0.0078029 secs] [Times: user=0.02 sys=0.00, real=0.01 secs] 
Heap after GC invocations=691 (full 13):
 par new generation   total 109248K, used 21824K [0x00000007a0000000, 0x00000007a8000000, 0x00000007a8000000)
  eden space 87424K,   0% used [0x00000007a0000000, 0x00000007a0000000, 0x00000007a5560000)
  from space 21824K, 100% used [0x00000007a6ab0000, 0x00000007a8000000, 0x00000007a8000000)
  to   space 21824K,   0% used [0x00000007a5560000, 0x00000007a5560000, 0x00000007a6ab0000)
 concurrent mark-sweep generation total 393216K, used 137638K [0x00000007a8000000, 0x00000007c0000000, 0x00000007c0000000)
 Metaspace       used 36225K, capacity 36808K, committed 37136K, reserved 1081344K
  class space    used 4114K, capacity 4279K, committed 4372K, reserved 1048576K
}
2016-10-23T18:06:06.653+0800: 131.659: Total time for which application threads were stopped: 0.0079933 seconds, Stopping threads took: 0.0000313 seconds
{Heap before GC invocations=691 (full 13):
 par new generation   total 109248K, used 109248K [0x00000007a0000000, 0x00000007a8000000, 0x00000007a8000000)
  eden space 87424K, 100% used [0x00000007a0000000, 0x00000007a5560000, 0x00000007a5560000)
  from space 21824K, 100% used [0x00000007a6ab0000, 0x00000007a8000000, 0x00000007a8000000)
  to   space 21824K,   0% used [0x00000007a5560000, 0x00000007a5560000, 0x00000007a6ab0000)
 concurrent mark-sweep generation total 393216K, used 137638K [0x00000007a8000000, 0x00000007c0000000, 0x00000007c0000000)
 Metaspace       used 36225K, capacity 36808K, committed 37136K, reserved 1081344K
  class space    used 4114K, capacity 4279K, committed 4372K, reserved 1048576K
2016-10-23T18:06:06.779+0800: 131.785: [GC (Allocation Failure) 2016-10-23T18:06:06.779+0800: 131.785: [ParNew
Desired survivor size 20112992 bytes, new threshold 6 (max 8)
- age   1:    7012952 bytes,    7012952 total
- age   2:    3965584 bytes,   10978536 total
- age   3:    2651400 bytes,   13629936 total
- age   4:    2103328 bytes,   15733264 total
- age   5:    2356016 bytes,   18089280 total
- age   6:    2161728 bytes,   20251008 total
- age   7:     320704 bytes,   20571712 total
: 109248K->21824K(109248K), 0.0075114 secs] 246886K->163527K(502464K), 0.0075780 secs] [Times: user=0.03 sys=0.00, real=0.01 secs] 
Heap after GC invocations=692 (full 13):
 par new generation   total 109248K, used 21824K [0x00000007a0000000, 0x00000007a8000000, 0x00000007a8000000)
  eden space 87424K,   0% used [0x00000007a0000000, 0x00000007a0000000, 0x00000007a5560000)
  from space 21824K, 100% used [0x00000007a5560000, 0x00000007a6ab0000, 0x00000007a6ab0000)
  to   space 21824K,   0% used [0x00000007a6ab0000, 0x00000007a6ab0000, 0x00000007a8000000)
 concurrent mark-sweep generation total 393216K, used 141703K [0x00000007a8000000, 0x00000007c0000000, 0x00000007c0000000)
 Metaspace       used 36225K, capacity 36808K, committed 37136K, reserved 1081344K
  class space    used 4114K, capacity 4279K, committed 4372K, reserved 1048576K
}
2016-10-23T18:06:06.787+0800: 131.792: Total time for which application threads were stopped: 0.0078424 seconds, Stopping threads took: 0.0001066 seconds
{Heap before GC invocations=692 (full 13):
 par new generation   total 109248K, used 109248K [0x00000007a0000000, 0x00000007a8000000, 0x00000007a8000000)
  eden space 87424K, 100% used [0x00000007a0000000, 0x00000007a5560000, 0x00000007a5560000)
  from space 21824K, 100% used [0x00000007a5560000, 0x00000007a6ab0000, 0x00000007a6ab0000)
  to   space 21824K,   0% used [0x00000007a6ab0000, 0x00000007a6ab0000, 0x00000007a8000000)
 concurrent mark-sweep generation total 393216K, used 141703K [0x00000007a8000000, 0x00000007c0000000, 0x00000007c0000000)
 Metaspace       used 36225K, capacity 36808K, committed 37136K, reserved 1081344K
  class space    used 4114K, capacity 4279K, committed 4372K, reserved 1048576K
2016-10-23T18:06:06.926+0800: 131.932: [GC (Allocation Failure) 2016-10-23T18:06:06.927+0800: 131.932: [ParNew
Desired survivor size 20112992 bytes, new threshold 8 (max 8)
- age   1:    4019312 bytes,    4019312 total
- age   2:    5647720 bytes,    9667032 total
- age   3:    3693592 bytes,   13360624 total
- age   4:    2459648 bytes,   15820272 total
- age   5:    1902024 bytes,   17722296 total
- age   6:    2230864 bytes,   19953160 total
: 109248K->21824K(109248K), 0.0087633 secs] 250951K->167746K(502464K), 0.0088399 secs] [Times: user=0.03 sys=0.00, real=0.01 secs] 
Heap after GC invocations=693 (full 13):
 par new generation   total 109248K, used 21824K [0x00000007a0000000, 0x00000007a8000000, 0x00000007a8000000)
  eden space 87424K,   0% used [0x00000007a0000000, 0x00000007a0000000, 0x00000007a5560000)
  from space 21824K, 100% used [0x00000007a6ab0000, 0x00000007a8000000, 0x00000007a8000000)
  to   space 21824K,   0% used [0x00000007a5560000, 0x00000007a5560000, 0x00000007a6ab0000)
 concurrent mark-sweep generation total 393216K, used 145922K [0x00000007a8000000, 0x00000007c0000000, 0x00000007c0000000)
 Metaspace       used 36225K, capacity 36808K, committed 37136K, reserved 1081344K
  class space    used 4114K, capacity 4279K, committed 4372K, reserved 1048576K
}
2016-10-23T18:06:06.935+0800: 131.941: Total time for which application threads were stopped: 0.0091408 seconds, Stopping threads took: 0.0000981 seconds
{Heap before GC invocations=693 (full 13):
 par new generation   total 109248K, used 109248K [0x00000007a0000000, 0x00000007a8000000, 0x00000007a8000000)
  eden space 87424K, 100% used [0x00000007a0000000, 0x00000007a5560000, 0x00000007a5560000)
  from space 21824K, 100% used [0x00000007a6ab0000, 0x00000007a8000000, 0x00000007a8000000)
  to   space 21824K,   0% used [0x00000007a5560000, 0x00000007a5560000, 0x00000007a6ab0000)
 concurrent mark-sweep generation total 393216K, used 145922K [0x00000007a8000000, 0x00000007c0000000, 0x00000007c0000000)
 Metaspace       used 36225K, capacity 36808K, committed 37136K, reserved 1081344K
  class space    used 4114K, capacity 4279K, committed 4372K, reserved 1048576K
2016-10-23T18:06:06.985+0800: 131.991: [GC (Allocation Failure) 2016-10-23T18:06:06.985+0800: 131.991: [ParNew
Desired survivor size 20112992 bytes, new threshold 8 (max 8)
- age   1:     903608 bytes,     903608 total
- age   2:    1765224 bytes,    2668832 total
- age   3:    5006640 bytes,    7675472 total
- age   4:    3683864 bytes,   11359336 total
- age   5:    2452040 bytes,   13811376 total
- age   6:    1895456 bytes,   15706832 total
- age   7:    2227064 bytes,   17933896 total
: 109248K->21824K(109248K), 0.0067496 secs] 255170K->171004K(502464K), 0.0068030 secs] [Times: user=0.02 sys=0.01, real=0.01 secs] 
Heap after GC invocations=694 (full 13):
 par new generation   total 109248K, used 21824K [0x00000007a0000000, 0x00000007a8000000, 0x00000007a8000000)
  eden space 87424K,   0% used [0x00000007a0000000, 0x00000007a0000000, 0x00000007a5560000)
  from space 21824K, 100% used [0x00000007a5560000, 0x00000007a6ab0000, 0x00000007a6ab0000)
  to   space 21824K,   0% used [0x00000007a6ab0000, 0x00000007a6ab0000, 0x00000007a8000000)
 concurrent mark-sweep generation total 393216K, used 149180K [0x00000007a8000000, 0x00000007c0000000, 0x00000007c0000000)
 Metaspace       used 36225K, capacity 36808K, committed 37136K, reserved 1081344K
  class space    used 4114K, capacity 4279K, committed 4372K, reserved 1048576K
}
2016-10-23T18:06:06.992+0800: 131.997: Total time for which application threads were stopped: 0.0070731 seconds, Stopping threads took: 0.0001087 seconds
{Heap before GC invocations=694 (full 13):
 par new generation   total 109248K, used 109248K [0x00000007a0000000, 0x00000007a8000000, 0x00000007a8000000)
  eden space 87424K, 100% used [0x00000007a0000000, 0x00000007a5560000, 0x00000007a5560000)
  from space 21824K, 100% used [0x00000007a5560000, 0x00000007a6ab0000, 0x00000007a6ab0000)
  to   space 21824K,   0% used [0x00000007a6ab0000, 0x00000007a6ab0000, 0x00000007a8000000)
 concurrent mark-sweep generation total 393216K, used 149180K [0x00000007a8000000, 0x00000007c0000000, 0x00000007c0000000)
 Metaspace       used 36227K, capacity 36808K, committed 37136K, reserved 1081344K
  class space    used 4114K, capacity 4279K, committed 4372K, reserved 1048576K
2016-10-23T18:06:07.049+0800: 132.054: [GC (Allocation Failure) 2016-10-23T18:06:07.049+0800: 132.054: [ParNew
Desired survivor size 20112992 bytes, new threshold 8 (max 8)
- age   1:    3811032 bytes,    3811032 total
- age   2:     202952 bytes,    4013984 total
- age   3:    1545312 bytes,    5559296 total
- age   4:    4742696 bytes,   10301992 total
- age   5:    3411592 bytes,   13713584 total
- age   6:    2174904 bytes,   15888488 total
- age   7:    1806896 bytes,   17695384 total
- age   8:    2171920 bytes,   19867304 total
: 109248K->21824K(109248K), 0.0061526 secs] 258428K->171746K(502464K), 0.0062112 secs] [Times: user=0.02 sys=0.00, real=0.01 secs] 
Heap after GC invocations=695 (full 13):
 par new generation   total 109248K, used 21824K [0x00000007a0000000, 0x00000007a8000000, 0x00000007a8000000)
  eden space 87424K,   0% used [0x00000007a0000000, 0x00000007a0000000, 0x00000007a5560000)
  from space 21824K, 100% used [0x00000007a6ab0000, 0x00000007a8000000, 0x00000007a8000000)
  to   space 21824K,   0% used [0x00000007a5560000, 0x00000007a5560000, 0x00000007a6ab0000)
 concurrent mark-sweep generation total 393216K, used 149922K [0x00000007a8000000, 0x00000007c0000000, 0x00000007c0000000)
 Metaspace       used 36227K, capacity 36808K, committed 37136K, reserved 1081344K
  class space    used 4114K, capacity 4279K, committed 4372K, reserved 1048576K
}
2016-10-23T18:06:07.055+0800: 132.060: Total time for which application threads were stopped: 0.0065091 seconds, Stopping threads took: 0.0001026 seconds
{Heap before GC invocations=695 (full 13):
 par new generation   total 109248K, used 109248K [0x00000007a0000000, 0x00000007a8000000, 0x00000007a8000000)
  eden space 87424K, 100% used [0x00000007a0000000, 0x00000007a5560000, 0x00000007a5560000)
  from space 21824K, 100% used [0x00000007a6ab0000, 0x00000007a8000000, 0x00000007a8000000)
  to   space 21824K,   0% used [0x00000007a5560000, 0x00000007a5560000, 0x00000007a6ab0000)
 concurrent mark-sweep generation total 393216K, used 149922K [0x00000007a8000000, 0x00000007c0000000, 0x00000007c0000000)
 Metaspace       used 36228K, capacity 36808K, committed 37136K, reserved 1081344K
  class space    used 4114K, capacity 4279K, committed 4372K, reserved 1048576K
2016-10-23T18:06:07.174+0800: 132.180: [GC (Allocation Failure) 2016-10-23T18:06:07.174+0800: 132.180: [ParNew
Desired survivor size 20112992 bytes, new threshold 8 (max 8)
- age   1:    4712224 bytes,    4712224 total
- age   2:    2303984 bytes,    7016208 total
- age   3:     160512 bytes,    7176720 total
- age   4:    1499232 bytes,    8675952 total
- age   5:    4634280 bytes,   13310232 total
- age   6:    3307400 bytes,   16617632 total
- age   7:    2068072 bytes,   18685704 total
- age   8:    1700296 bytes,   20386000 total
: 109248K->21824K(109248K), 0.0085581 secs] 259170K->174547K(502464K), 0.0086227 secs] [Times: user=0.03 sys=0.00, real=0.01 secs] 
Heap after GC invocations=696 (full 13):
 par new generation   total 109248K, used 21824K [0x00000007a0000000, 0x00000007a8000000, 0x00000007a8000000)
  eden space 87424K,   0% used [0x00000007a0000000, 0x00000007a0000000, 0x00000007a5560000)
  from space 21824K, 100% used [0x00000007a5560000, 0x00000007a6ab0000, 0x00000007a6ab0000)
  to   space 21824K,   0% used [0x00000007a6ab0000, 0x00000007a6ab0000, 0x00000007a8000000)
 concurrent mark-sweep generation total 393216K, used 152723K [0x00000007a8000000, 0x00000007c0000000, 0x00000007c0000000)
 Metaspace       used 36228K, capacity 36808K, committed 37136K, reserved 1081344K
  class space    used 4114K, capacity 4279K, committed 4372K, reserved 1048576K
}
2016-10-23T18:06:07.183+0800: 132.188: Total time for which application threads were stopped: 0.0088409 seconds, Stopping threads took: 0.0000684 seconds
{Heap before GC invocations=696 (full 13):
 par new generation   total 109248K, used 109248K [0x00000007a0000000, 0x00000007a8000000, 0x00000007a8000000)
  eden space 87424K, 100% used [0x00000007a0000000, 0x00000007a5560000, 0x00000007a5560000)
  from space 21824K, 100% used [0x00000007a5560000, 0x00000007a6ab0000, 0x00000007a6ab0000)
  to   space 21824K,   0% used [0x00000007a6ab0000, 0x00000007a6ab0000, 0x00000007a8000000)
 concurrent mark-sweep generation total 393216K, used 152723K [0x00000007a8000000, 0x00000007c0000000, 0x00000007c0000000)
 Metaspace       used 36228K, capacity 36808K, committed 37136K, reserved 1081344K
  class space    used 4114K, capacity 4279K, committed 4372K, reserved 1048576K
2016-10-23T18:06:07.310+0800: 132.315: [GC (Allocation Failure) 2016-10-23T18:06:07.310+0800: 132.315: [ParNew
Desired survivor size 20112992 bytes, new threshold 8 (max 8)
- age   1:    6356936 bytes,    6356936 total
- age   2:    2019360 bytes,    8376296 total
- age   3:    1715536 bytes,   10091832 total
- age   4:     137016 bytes,   10228848 total
- age   5:    1452576 bytes,   11681424 total
- age   6:    4176280 bytes,   15857704 total
- age   7:    3307112 bytes,   19164816 total
- age   8:    2068072 bytes,   21232888 total
: 109248K->21824K(109248K), 0.0081245 secs] 261971K->178554K(502464K), 0.0081933 secs] [Times: user=0.03 sys=0.00, real=0.00 secs] 
Heap after GC invocations=697 (full 13):
 par new generation   total 109248K, used 21824K [0x00000007a0000000, 0x00000007a8000000, 0x00000007a8000000)
  eden space 87424K,   0% used [0x00000007a0000000, 0x00000007a0000000, 0x00000007a5560000)
  from space 21824K, 100% used [0x00000007a6ab0000, 0x00000007a8000000, 0x00000007a8000000)
  to   space 21824K,   0% used [0x00000007a5560000, 0x00000007a5560000, 0x00000007a6ab0000)
 concurrent mark-sweep generation total 393216K, used 156730K [0x00000007a8000000, 0x00000007c0000000, 0x00000007c0000000)
 Metaspace       used 36228K, capacity 36808K, committed 37136K, reserved 1081344K
  class space    used 4114K, capacity 4279K, committed 4372K, reserved 1048576K
}
2016-10-23T18:06:07.318+0800: 132.323: Total time for which application threads were stopped: 0.0083961 seconds, Stopping threads took: 0.0000637 seconds
{Heap before GC invocations=697 (full 13):
 par new generation   total 109248K, used 109248K [0x00000007a0000000, 0x00000007a8000000, 0x00000007a8000000)
  eden space 87424K, 100% used [0x00000007a0000000, 0x00000007a5560000, 0x00000007a5560000)
  from space 21824K, 100% used [0x00000007a6ab0000, 0x00000007a8000000, 0x00000007a8000000)
  to   space 21824K,   0% used [0x00000007a5560000, 0x00000007a5560000, 0x00000007a6ab0000)
 concurrent mark-sweep generation total 393216K, used 156730K [0x00000007a8000000, 0x00000007c0000000, 0x00000007c0000000)
 Metaspace       used 36228K, capacity 36808K, committed 37136K, reserved 1081344K
  class space    used 4114K, capacity 4279K, committed 4372K, reserved 1048576K
2016-10-23T18:06:07.444+0800: 132.449: [GC (Allocation Failure) 2016-10-23T18:06:07.444+0800: 132.449: [ParNew
Desired survivor size 20112992 bytes, new threshold 8 (max 8)
- age   1:    6556272 bytes,    6556272 total
- age   2:    2909592 bytes,    9465864 total
- age   3:    1720992 bytes,   11186856 total
- age   4:    1432808 bytes,   12619664 total
- age   5:     136152 bytes,   12755816 total
- age   6:    1249584 bytes,   14005400 total
- age   7:    3281720 bytes,   17287120 total
- age   8:    3145792 bytes,   20432912 total
: 109248K->21824K(109248K), 0.0074155 secs] 265978K->183391K(502464K), 0.0074613 secs] [Times: user=0.02 sys=0.00, real=0.01 secs] 
Heap after GC invocations=698 (full 13):
 par new generation   total 109248K, used 21824K [0x00000007a0000000, 0x00000007a8000000, 0x00000007a8000000)
  eden space 87424K,   0% used [0x00000007a0000000, 0x00000007a0000000, 0x00000007a5560000)
  from space 21824K, 100% used [0x00000007a5560000, 0x00000007a6ab0000, 0x00000007a6ab0000)
  to   space 21824K,   0% used [0x00000007a6ab0000, 0x00000007a6ab0000, 0x00000007a8000000)
 concurrent mark-sweep generation total 393216K, used 161567K [0x00000007a8000000, 0x00000007c0000000, 0x00000007c0000000)
 Metaspace       used 36228K, capacity 36808K, committed 37136K, reserved 1081344K
  class space    used 4114K, capacity 4279K, committed 4372K, reserved 1048576K
}
2016-10-23T18:06:07.451+0800: 132.457: Total time for which application threads were stopped: 0.0077080 seconds, Stopping threads took: 0.0000838 seconds
{Heap before GC invocations=698 (full 13):
 par new generation   total 109248K, used 109248K [0x00000007a0000000, 0x00000007a8000000, 0x00000007a8000000)
  eden space 87424K, 100% used [0x00000007a0000000, 0x00000007a5560000, 0x00000007a5560000)
  from space 21824K, 100% used [0x00000007a5560000, 0x00000007a6ab0000, 0x00000007a6ab0000)
  to   space 21824K,   0% used [0x00000007a6ab0000, 0x00000007a6ab0000, 0x00000007a8000000)
 concurrent mark-sweep generation total 393216K, used 161567K [0x00000007a8000000, 0x00000007c0000000, 0x00000007c0000000)
 Metaspace       used 36228K, capacity 36808K, committed 37136K, reserved 1081344K
  class space    used 4114K, capacity 4279K, committed 4372K, reserved 1048576K
2016-10-23T18:06:07.581+0800: 132.586: [GC (Allocation Failure) 2016-10-23T18:06:07.581+0800: 132.586: [ParNew
Desired survivor size 20112992 bytes, new threshold 8 (max 8)
- age   1:    7650672 bytes,    7650672 total
- age   2:    3130816 bytes,   10781488 total
- age   3:    2679856 bytes,   13461344 total
- age   4:    1647920 bytes,   15109264 total
- age   5:    1427352 bytes,   16536616 total
- age   6:     135640 bytes,   16672256 total
- age   7:    1281088 bytes,   17953344 total
- age   8:    3281720 bytes,   21235064 total
: 109248K->21824K(109248K), 0.0079269 secs] 270815K->186626K(502464K), 0.0079840 secs] [Times: user=0.03 sys=0.00, real=0.00 secs] 
Heap after GC invocations=699 (full 13):
 par new generation   total 109248K, used 21824K [0x00000007a0000000, 0x00000007a8000000, 0x00000007a8000000)
  eden space 87424K,   0% used [0x00000007a0000000, 0x00000007a0000000, 0x00000007a5560000)
  from space 21824K, 100% used [0x00000007a6ab0000, 0x00000007a8000000, 0x00000007a8000000)
  to   space 21824K,   0% used [0x00000007a5560000, 0x00000007a5560000, 0x00000007a6ab0000)
 concurrent mark-sweep generation total 393216K, used 164802K [0x00000007a8000000, 0x00000007c0000000, 0x00000007c0000000)
 Metaspace       used 36228K, capacity 36808K, committed 37136K, reserved 1081344K
  class space    used 4114K, capacity 4279K, committed 4372K, reserved 1048576K
}
2016-10-23T18:06:07.589+0800: 132.594: Total time for which application threads were stopped: 0.0081976 seconds, Stopping threads took: 0.0000598 seconds
{Heap before GC invocations=699 (full 13):
 par new generation   total 109248K, used 109248K [0x00000007a0000000, 0x00000007a8000000, 0x00000007a8000000)
  eden space 87424K, 100% used [0x00000007a0000000, 0x00000007a5560000, 0x00000007a5560000)
  from space 21824K, 100% used [0x00000007a6ab0000, 0x00000007a8000000, 0x00000007a8000000)
  to   space 21824K,   0% used [0x00000007a5560000, 0x00000007a5560000, 0x00000007a6ab0000)
 concurrent mark-sweep generation total 393216K, used 164802K [0x00000007a8000000, 0x00000007c0000000, 0x00000007c0000000)
 Metaspace       used 36228K, capacity 36808K, committed 37136K, reserved 1081344K
  class space    used 4114K, capacity 4279K, committed 4372K, reserved 1048576K
2016-10-23T18:06:07.722+0800: 132.727: [GC (Allocation Failure) 2016-10-23T18:06:07.722+0800: 132.727: [ParNew
Desired survivor size 20112992 bytes, new threshold 8 (max 8)
- age   1:    8030952 bytes,    8030952 total
- age   2:    1845904 bytes,    9876856 total
- age   3:    2281896 bytes,   12158752 total
- age   4:    1380608 bytes,   13539360 total
- age   5:    1609864 bytes,   15149224 total
- age   6:    1391048 bytes,   16540272 total
- age   7:     131400 bytes,   16671672 total
- age   8:    1407576 bytes,   18079248 total
: 109248K->21824K(109248K), 0.0084042 secs] 274050K->194257K(502464K), 0.0084797 secs] [Times: user=0.03 sys=0.00, real=0.01 secs] 
Heap after GC invocations=700 (full 13):
 par new generation   total 109248K, used 21824K [0x00000007a0000000, 0x00000007a8000000, 0x00000007a8000000)
  eden space 87424K,   0% used [0x00000007a0000000, 0x00000007a0000000, 0x00000007a5560000)
  from space 21824K, 100% used [0x00000007a5560000, 0x00000007a6ab0000, 0x00000007a6ab0000)
  to   space 21824K,   0% used [0x00000007a6ab0000, 0x00000007a6ab0000, 0x00000007a8000000)
 concurrent mark-sweep generation total 393216K, used 172433K [0x00000007a8000000, 0x00000007c0000000, 0x00000007c0000000)
 Metaspace       used 36228K, capacity 36808K, committed 37136K, reserved 1081344K
  class space    used 4114K, capacity 4279K, committed 4372K, reserved 1048576K
}
2016-10-23T18:06:07.731+0800: 132.736: Total time for which application threads were stopped: 0.0087099 seconds, Stopping threads took: 0.0000770 seconds
{Heap before GC invocations=700 (full 13):
 par new generation   total 109248K, used 109248K [0x00000007a0000000, 0x00000007a8000000, 0x00000007a8000000)
  eden space 87424K, 100% used [0x00000007a0000000, 0x00000007a5560000, 0x00000007a5560000)
  from space 21824K, 100% used [0x00000007a5560000, 0x00000007a6ab0000, 0x00000007a6ab0000)
  to   space 21824K,   0% used [0x00000007a6ab0000, 0x00000007a6ab0000, 0x00000007a8000000)
 concurrent mark-sweep generation total 393216K, used 172433K [0x00000007a8000000, 0x00000007c0000000, 0x00000007c0000000)
 Metaspace       used 36228K, capacity 36808K, committed 37136K, reserved 1081344K
  class space    used 4114K, capacity 4279K, committed 4372K, reserved 1048576K
2016-10-23T18:06:07.856+0800: 132.861: [GC (Allocation Failure) 2016-10-23T18:06:07.856+0800: 132.861: [ParNew
Desired survivor size 20112992 bytes, new threshold 7 (max 8)
- age   1:   11211856 bytes,   11211856 total
- age   2:    2834320 bytes,   14046176 total
- age   3:    1192360 bytes,   15238536 total
- age   4:    1574056 bytes,   16812592 total
- age   5:    1220392 bytes,   18032984 total
- age   6:    1471792 bytes,   19504776 total
- age   7:    1013648 bytes,   20518424 total
- age   8:     129056 bytes,   20647480 total
: 109248K->21824K(109248K), 0.0091003 secs] 281681K->197461K(502464K), 0.0091717 secs] [Times: user=0.03 sys=0.00, real=0.01 secs] 
Heap after GC invocations=701 (full 13):
 par new generation   total 109248K, used 21824K [0x00000007a0000000, 0x00000007a8000000, 0x00000007a8000000)
  eden space 87424K,   0% used [0x00000007a0000000, 0x00000007a0000000, 0x00000007a5560000)
  from space 21824K, 100% used [0x00000007a6ab0000, 0x00000007a8000000, 0x00000007a8000000)
  to   space 21824K,   0% used [0x00000007a5560000, 0x00000007a5560000, 0x00000007a6ab0000)
 concurrent mark-sweep generation total 393216K, used 175637K [0x00000007a8000000, 0x00000007c0000000, 0x00000007c0000000)
 Metaspace       used 36228K, capacity 36808K, committed 37136K, reserved 1081344K
  class space    used 4114K, capacity 4279K, committed 4372K, reserved 1048576K
}
2016-10-23T18:06:07.865+0800: 132.870: Total time for which application threads were stopped: 0.0094948 seconds, Stopping threads took: 0.0000966 seconds
{Heap before GC invocations=701 (full 13):
 par new generation   total 109248K, used 109248K [0x00000007a0000000, 0x00000007a8000000, 0x00000007a8000000)
  eden space 87424K, 100% used [0x00000007a0000000, 0x00000007a5560000, 0x00000007a5560000)
  from space 21824K, 100% used [0x00000007a6ab0000, 0x00000007a8000000, 0x00000007a8000000)
  to   space 21824K,   0% used [0x00000007a5560000, 0x00000007a5560000, 0x00000007a6ab0000)
 concurrent mark-sweep generation total 393216K, used 175637K [0x00000007a8000000, 0x00000007c0000000, 0x00000007c0000000)
 Metaspace       used 36228K, capacity 36808K, committed 37136K, reserved 1081344K
  class space    used 4114K, capacity 4279K, committed 4372K, reserved 1048576K
2016-10-23T18:06:07.965+0800: 132.970: [GC (Allocation Failure) 2016-10-23T18:06:07.965+0800: 132.970: [ParNew
Desired survivor size 20112992 bytes, new threshold 8 (max 8)
- age   1:    1850632 bytes,    1850632 total
- age   2:    9692240 bytes,   11542872 total
- age   3:    2632672 bytes,   14175544 total
- age   4:    1060680 bytes,   15236224 total
- age   5:    1381280 bytes,   16617504 total
- age   6:    1138192 bytes,   17755696 total
- age   7:    1426152 bytes,   19181848 total
: 109248K->21824K(109248K), 0.0067015 secs] 284885K->200365K(502464K), 0.0067594 secs] [Times: user=0.02 sys=0.00, real=0.01 secs] 
Heap after GC invocations=702 (full 13):
 par new generation   total 109248K, used 21824K [0x00000007a0000000, 0x00000007a8000000, 0x00000007a8000000)
  eden space 87424K,   0% used [0x00000007a0000000, 0x00000007a0000000, 0x00000007a5560000)
  from space 21824K, 100% used [0x00000007a5560000, 0x00000007a6ab0000, 0x00000007a6ab0000)
  to   space 21824K,   0% used [0x00000007a6ab0000, 0x00000007a6ab0000, 0x00000007a8000000)
 concurrent mark-sweep generation total 393216K, used 178541K [0x00000007a8000000, 0x00000007c0000000, 0x00000007c0000000)
 Metaspace       used 36228K, capacity 36808K, committed 37136K, reserved 1081344K
  class space    used 4114K, capacity 4279K, committed 4372K, reserved 1048576K
}
2016-10-23T18:06:07.971+0800: 132.977: Total time for which application threads were stopped: 0.0070137 seconds, Stopping threads took: 0.0000858 seconds
{Heap before GC invocations=702 (full 13):
 par new generation   total 109248K, used 109248K [0x00000007a0000000, 0x00000007a8000000, 0x00000007a8000000)
  eden space 87424K, 100% used [0x00000007a0000000, 0x00000007a5560000, 0x00000007a5560000)
  from space 21824K, 100% used [0x00000007a5560000, 0x00000007a6ab0000, 0x00000007a6ab0000)
  to   space 21824K,   0% used [0x00000007a6ab0000, 0x00000007a6ab0000, 0x00000007a8000000)
 concurrent mark-sweep generation total 393216K, used 178541K [0x00000007a8000000, 0x00000007c0000000, 0x00000007c0000000)
 Metaspace       used 36228K, capacity 36808K, committed 37136K, reserved 1081344K
  class space    used 4114K, capacity 4279K, committed 4372K, reserved 1048576K
2016-10-23T18:06:08.015+0800: 133.020: [GC (Allocation Failure) 2016-10-23T18:06:08.015+0800: 133.020: [ParNew
Desired survivor size 20112992 bytes, new threshold 8 (max 8)
- age   1:    1574112 bytes,    1574112 total
- age   2:    1287048 bytes,    2861160 total
- age   3:    9526840 bytes,   12388000 total
- age   4:    2632608 bytes,   15020608 total
- age   5:    1060616 bytes,   16081224 total
- age   6:    1348472 bytes,   17429696 total
- age   7:     908704 bytes,   18338400 total
- age   8:    1098312 bytes,   19436712 total
: 109248K->21824K(109248K), 0.0060202 secs] 287789K->200942K(502464K), 0.0060630 secs] [Times: user=0.02 sys=0.00, real=0.01 secs] 
Heap after GC invocations=703 (full 13):
 par new generation   total 109248K, used 21824K [0x00000007a0000000, 0x00000007a8000000, 0x00000007a8000000)
  eden space 87424K,   0% used [0x00000007a0000000, 0x00000007a0000000, 0x00000007a5560000)
  from space 21824K, 100% used [0x00000007a6ab0000, 0x00000007a8000000, 0x00000007a8000000)
  to   space 21824K,   0% used [0x00000007a5560000, 0x00000007a5560000, 0x00000007a6ab0000)
 concurrent mark-sweep generation total 393216K, used 179118K [0x00000007a8000000, 0x00000007c0000000, 0x00000007c0000000)
 Metaspace       used 36228K, capacity 36808K, committed 37136K, reserved 1081344K
  class space    used 4114K, capacity 4279K, committed 4372K, reserved 1048576K
}
2016-10-23T18:06:08.021+0800: 133.026: Total time for which application threads were stopped: 0.0062716 seconds, Stopping threads took: 0.0000361 seconds
2016-10-23T18:06:08.075+0800: 133.080: Total time for which application threads were stopped: 0.0002527 seconds, Stopping threads took: 0.0000989 seconds
{Heap before GC invocations=703 (full 13):
 par new generation   total 109248K, used 109248K [0x00000007a0000000, 0x00000007a8000000, 0x00000007a8000000)
  eden space 87424K, 100% used [0x00000007a0000000, 0x00000007a5560000, 0x00000007a5560000)
  from space 21824K, 100% used [0x00000007a6ab0000, 0x00000007a8000000, 0x00000007a8000000)
  to   space 21824K,   0% used [0x00000007a5560000, 0x00000007a5560000, 0x00000007a6ab0000)
 concurrent mark-sweep generation total 393216K, used 179118K [0x00000007a8000000, 0x00000007c0000000, 0x00000007c0000000)
 Metaspace       used 36231K, capacity 36808K, committed 37136K, reserved 1081344K
  class space    used 4114K, capacity 4279K, committed 4372K, reserved 1048576K
2016-10-23T18:06:08.130+0800: 133.135: [GC (Allocation Failure) 2016-10-23T18:06:08.130+0800: 133.135: [ParNew
Desired survivor size 20112992 bytes, new threshold 8 (max 8)
- age   1:    4132088 bytes,    4132088 total
- age   2:     719504 bytes,    4851592 total
- age   3:    1078008 bytes,    5929600 total
- age   4:    7711664 bytes,   13641264 total
- age   5:    2379416 bytes,   16020680 total
- age   6:     835976 bytes,   16856656 total
- age   7:    1154136 bytes,   18010792 total
- age   8:     812088 bytes,   18822880 total
: 109248K->21824K(109248K), 0.0088425 secs] 288366K->204333K(502464K), 0.0088968 secs] [Times: user=0.03 sys=0.00, real=0.00 secs] 
Heap after GC invocations=704 (full 13):
 par new generation   total 109248K, used 21824K [0x00000007a0000000, 0x00000007a8000000, 0x00000007a8000000)
  eden space 87424K,   0% used [0x00000007a0000000, 0x00000007a0000000, 0x00000007a5560000)
  from space 21824K, 100% used [0x00000007a5560000, 0x00000007a6ab0000, 0x00000007a6ab0000)
  to   space 21824K,   0% used [0x00000007a6ab0000, 0x00000007a6ab0000, 0x00000007a8000000)
 concurrent mark-sweep generation total 393216K, used 182509K [0x00000007a8000000, 0x00000007c0000000, 0x00000007c0000000)
 Metaspace       used 36231K, capacity 36808K, committed 37136K, reserved 1081344K
  class space    used 4114K, capacity 4279K, committed 4372K, reserved 1048576K
}
2016-10-23T18:06:08.139+0800: 133.144: Total time for which application threads were stopped: 0.0091104 seconds, Stopping threads took: 0.0000594 seconds
{Heap before GC invocations=704 (full 13):
 par new generation   total 109248K, used 109248K [0x00000007a0000000, 0x00000007a8000000, 0x00000007a8000000)
  eden space 87424K, 100% used [0x00000007a0000000, 0x00000007a5560000, 0x00000007a5560000)
  from space 21824K, 100% used [0x00000007a5560000, 0x00000007a6ab0000, 0x00000007a6ab0000)
  to   space 21824K,   0% used [0x00000007a6ab0000, 0x00000007a6ab0000, 0x00000007a8000000)
 concurrent mark-sweep generation total 393216K, used 182509K [0x00000007a8000000, 0x00000007c0000000, 0x00000007c0000000)
 Metaspace       used 36231K, capacity 36808K, committed 37136K, reserved 1081344K
  class space    used 4114K, capacity 4279K, committed 4372K, reserved 1048576K
2016-10-23T18:06:08.257+0800: 133.263: [GC (Allocation Failure) 2016-10-23T18:06:08.257+0800: 133.263: [ParNew
Desired survivor size 20112992 bytes, new threshold 8 (max 8)
- age   1:    4810312 bytes,    4810312 total
- age   2:    2078104 bytes,    6888416 total
- age   3:     440304 bytes,    7328720 total
- age   4:    1027752 bytes,    8356472 total
- age   5:    6276448 bytes,   14632920 total
- age   6:    2379440 bytes,   17012360 total
- age   7:     836000 bytes,   17848360 total
- age   8:    1416296 bytes,   19264656 total
: 109248K->21824K(109248K), 0.0077527 secs] 291757K->208373K(502464K), 0.0078189 secs] [Times: user=0.02 sys=0.00, real=0.01 secs] 
Heap after GC invocations=705 (full 13):
 par new generation   total 109248K, used 21824K [0x00000007a0000000, 0x00000007a8000000, 0x00000007a8000000)
  eden space 87424K,   0% used [0x00000007a0000000, 0x00000007a0000000, 0x00000007a5560000)
  from space 21824K, 100% used [0x00000007a6ab0000, 0x00000007a8000000, 0x00000007a8000000)
  to   space 21824K,   0% used [0x00000007a5560000, 0x00000007a5560000, 0x00000007a6ab0000)
 concurrent mark-sweep generation total 393216K, used 186549K [0x00000007a8000000, 0x00000007c0000000, 0x00000007c0000000)
 Metaspace       used 36231K, capacity 36808K, committed 37136K, reserved 1081344K
  class space    used 4114K, capacity 4279K, committed 4372K, reserved 1048576K
}
2016-10-23T18:06:08.265+0800: 133.271: Total time for which application threads were stopped: 0.0080606 seconds, Stopping threads took: 0.0000686 seconds
{Heap before GC invocations=705 (full 13):
 par new generation   total 109248K, used 109248K [0x00000007a0000000, 0x00000007a8000000, 0x00000007a8000000)
  eden space 87424K, 100% used [0x00000007a0000000, 0x00000007a5560000, 0x00000007a5560000)
  from space 21824K, 100% used [0x00000007a6ab0000, 0x00000007a8000000, 0x00000007a8000000)
  to   space 21824K,   0% used [0x00000007a5560000, 0x00000007a5560000, 0x00000007a6ab0000)
 concurrent mark-sweep generation total 393216K, used 186549K [0x00000007a8000000, 0x00000007c0000000, 0x00000007c0000000)
 Metaspace       used 36231K, capacity 36808K, committed 37136K, reserved 1081344K
  class space    used 4114K, capacity 4279K, committed 4372K, reserved 1048576K
2016-10-23T18:06:08.340+0800: 133.345: [GC (Allocation Failure) 2016-10-23T18:06:08.340+0800: 133.345: [ParNew
Desired survivor size 20112992 bytes, new threshold 8 (max 8)
- age   1:    4663728 bytes,    4663728 total
- age   2:    3259648 bytes,    7923376 total
- age   3:    1985360 bytes,    9908736 total
- age   4:     400192 bytes,   10308928 total
- age   5:     993808 bytes,   11302736 total
- age   6:    5974368 bytes,   17277104 total
- age   7:    2379416 bytes,   19656520 total
- age   8:     835976 bytes,   20492496 total
: 109248K->21824K(109248K), 0.0067205 secs] 295797K->210042K(502464K), 0.0067799 secs] [Times: user=0.03 sys=0.00, real=0.00 secs] 
Heap after GC invocations=706 (full 13):
 par new generation   total 109248K, used 21824K [0x00000007a0000000, 0x00000007a8000000, 0x00000007a8000000)
  eden space 87424K,   0% used [0x00000007a0000000, 0x00000007a0000000, 0x00000007a5560000)
  from space 21824K, 100% used [0x00000007a5560000, 0x00000007a6ab0000, 0x00000007a6ab0000)
  to   space 21824K,   0% used [0x00000007a6ab0000, 0x00000007a6ab0000, 0x00000007a8000000)
 concurrent mark-sweep generation total 393216K, used 188218K [0x00000007a8000000, 0x00000007c0000000, 0x00000007c0000000)
 Metaspace       used 36231K, capacity 36808K, committed 37136K, reserved 1081344K
  class space    used 4114K, capacity 4279K, committed 4372K, reserved 1048576K
}
2016-10-23T18:06:08.347+0800: 133.352: Total time for which application threads were stopped: 0.0070812 seconds, Stopping threads took: 0.0001260 seconds
{Heap before GC invocations=706 (full 13):
 par new generation   total 109248K, used 109248K [0x00000007a0000000, 0x00000007a8000000, 0x00000007a8000000)
  eden space 87424K, 100% used [0x00000007a0000000, 0x00000007a5560000, 0x00000007a5560000)
  from space 21824K, 100% used [0x00000007a5560000, 0x00000007a6ab0000, 0x00000007a6ab0000)
  to   space 21824K,   0% used [0x00000007a6ab0000, 0x00000007a6ab0000, 0x00000007a8000000)
 concurrent mark-sweep generation total 393216K, used 188218K [0x00000007a8000000, 0x00000007c0000000, 0x00000007c0000000)
 Metaspace       used 36231K, capacity 36808K, committed 37136K, reserved 1081344K
  class space    used 4114K, capacity 4279K, committed 4372K, reserved 1048576K
2016-10-23T18:06:08.431+0800: 133.437: [GC (Allocation Failure) 2016-10-23T18:06:08.431+0800: 133.437: [ParNew
Desired survivor size 20112992 bytes, new threshold 8 (max 8)
- age   1:    4359504 bytes,    4359504 total
- age   2:    1800440 bytes,    6159944 total
- age   3:    2858768 bytes,    9018712 total
- age   4:    1795928 bytes,   10814640 total
- age   5:     366304 bytes,   11180944 total
- age   6:     901496 bytes,   12082440 total
- age   7:    5341472 bytes,   17423912 total
- age   8:    1919064 bytes,   19342976 total
: 109248K->21824K(109248K), 0.0073177 secs] 297466K->213680K(502464K), 0.0073654 secs] [Times: user=0.03 sys=0.00, real=0.00 secs] 
Heap after GC invocations=707 (full 13):
 par new generation   total 109248K, used 21824K [0x00000007a0000000, 0x00000007a8000000, 0x00000007a8000000)
  eden space 87424K,   0% used [0x00000007a0000000, 0x00000007a0000000, 0x00000007a5560000)
  from space 21824K, 100% used [0x00000007a6ab0000, 0x00000007a8000000, 0x00000007a8000000)
  to   space 21824K,   0% used [0x00000007a5560000, 0x00000007a5560000, 0x00000007a6ab0000)
 concurrent mark-sweep generation total 393216K, used 191856K [0x00000007a8000000, 0x00000007c0000000, 0x00000007c0000000)
 Metaspace       used 36231K, capacity 36808K, committed 37136K, reserved 1081344K
  class space    used 4114K, capacity 4279K, committed 4372K, reserved 1048576K
}
2016-10-23T18:06:08.439+0800: 133.444: Total time for which application threads were stopped: 0.0076362 seconds, Stopping threads took: 0.0001006 seconds
{Heap before GC invocations=707 (full 13):
 par new generation   total 109248K, used 109248K [0x00000007a0000000, 0x00000007a8000000, 0x00000007a8000000)
  eden space 87424K, 100% used [0x00000007a0000000, 0x00000007a5560000, 0x00000007a5560000)
  from space 21824K, 100% used [0x00000007a6ab0000, 0x00000007a8000000, 0x00000007a8000000)
  to   space 21824K,   0% used [0x00000007a5560000, 0x00000007a5560000, 0x00000007a6ab0000)
 concurrent mark-sweep generation total 393216K, used 191856K [0x00000007a8000000, 0x00000007c0000000, 0x00000007c0000000)
 Metaspace       used 36231K, capacity 36808K, committed 37136K, reserved 1081344K
  class space    used 4114K, capacity 4279K, committed 4372K, reserved 1048576K
2016-10-23T18:06:08.510+0800: 133.515: [GC (Allocation Failure) 2016-10-23T18:06:08.510+0800: 133.515: [ParNew
Desired survivor size 20112992 bytes, new threshold 8 (max 8)
- age   1:    5523352 bytes,    5523352 total
- age   2:    1597560 bytes,    7120912 total
- age   3:    1560528 bytes,    8681440 total
- age   4:    2764672 bytes,   11446112 total
- age   5:    1694752 bytes,   13140864 total
- age   6:     355552 bytes,   13496416 total
- age   7:     874440 bytes,   14370856 total
- age   8:    5257776 bytes,   19628632 total
: 109248K->21824K(109248K), 0.0076105 secs] 301104K->216530K(502464K), 0.0077134 secs] [Times: user=0.02 sys=0.00, real=0.00 secs] 
Heap after GC invocations=708 (full 13):
 par new generation   total 109248K, used 21824K [0x00000007a0000000, 0x00000007a8000000, 0x00000007a8000000)
  eden space 87424K,   0% used [0x00000007a0000000, 0x00000007a0000000, 0x00000007a5560000)
  from space 21824K, 100% used [0x00000007a5560000, 0x00000007a6ab0000, 0x00000007a6ab0000)
  to   space 21824K,   0% used [0x00000007a6ab0000, 0x00000007a6ab0000, 0x00000007a8000000)
 concurrent mark-sweep generation total 393216K, used 194706K [0x00000007a8000000, 0x00000007c0000000, 0x00000007c0000000)
 Metaspace       used 36231K, capacity 36808K, committed 37136K, reserved 1081344K
  class space    used 4114K, capacity 4279K, committed 4372K, reserved 1048576K
}
2016-10-23T18:06:08.517+0800: 133.523: Total time for which application threads were stopped: 0.0080742 seconds, Stopping threads took: 0.0001297 seconds
{Heap before GC invocations=708 (full 13):
 par new generation   total 109248K, used 109248K [0x00000007a0000000, 0x00000007a8000000, 0x00000007a8000000)
  eden space 87424K, 100% used [0x00000007a0000000, 0x00000007a5560000, 0x00000007a5560000)
  from space 21824K, 100% used [0x00000007a5560000, 0x00000007a6ab0000, 0x00000007a6ab0000)
  to   space 21824K,   0% used [0x00000007a6ab0000, 0x00000007a6ab0000, 0x00000007a8000000)
 concurrent mark-sweep generation total 393216K, used 194706K [0x00000007a8000000, 0x00000007c0000000, 0x00000007c0000000)
 Metaspace       used 36231K, capacity 36808K, committed 37136K, reserved 1081344K
  class space    used 4114K, capacity 4279K, committed 4372K, reserved 1048576K
2016-10-23T18:06:08.589+0800: 133.595: [GC (Allocation Failure) 2016-10-23T18:06:08.589+0800: 133.595: [ParNew
Desired survivor size 20112992 bytes, new threshold 8 (max 8)
- age   1:    6283328 bytes,    6283328 total
- age   2:    2473000 bytes,    8756328 total
- age   3:    1567400 bytes,   10323728 total
- age   4:    1549440 bytes,   11873168 total
- age   5:    2567544 bytes,   14440712 total
- age   6:    1694440 bytes,   16135152 total
- age   7:     355528 bytes,   16490680 total
- age   8:     873232 bytes,   17363912 total
: 109248K->21824K(109248K), 0.0064830 secs] 303954K->221669K(502464K), 0.0065499 secs] [Times: user=0.03 sys=0.00, real=0.01 secs] 
Heap after GC invocations=709 (full 13):
 par new generation   total 109248K, used 21824K [0x00000007a0000000, 0x00000007a8000000, 0x00000007a8000000)
  eden space 87424K,   0% used [0x00000007a0000000, 0x00000007a0000000, 0x00000007a5560000)
  from space 21824K, 100% used [0x00000007a6ab0000, 0x00000007a8000000, 0x00000007a8000000)
  to   space 21824K,   0% used [0x00000007a5560000, 0x00000007a5560000, 0x00000007a6ab0000)
 concurrent mark-sweep generation total 393216K, used 199845K [0x00000007a8000000, 0x00000007c0000000, 0x00000007c0000000)
 Metaspace       used 36231K, capacity 36808K, committed 37136K, reserved 1081344K
  class space    used 4114K, capacity 4279K, committed 4372K, reserved 1048576K
}
2016-10-23T18:06:08.596+0800: 133.601: Total time for which application threads were stopped: 0.0068589 seconds, Stopping threads took: 0.0001214 seconds
2016-10-23T18:06:08.596+0800: 133.602: [GC (CMS Initial Mark) [1 CMS-initial-mark: 199845K(393216K)] 222862K(502464K), 0.0015517 secs] [Times: user=0.00 sys=0.00, real=0.00 secs] 
2016-10-23T18:06:08.598+0800: 133.603: Total time for which application threads were stopped: 0.0017614 seconds, Stopping threads took: 0.0001026 seconds
2016-10-23T18:06:08.598+0800: 133.603: [CMS-concurrent-mark-start]
2016-10-23T18:06:08.608+0800: 133.614: [CMS-concurrent-mark: 0.011/0.011 secs] [Times: user=0.07 sys=0.00, real=0.01 secs] 
2016-10-23T18:06:08.608+0800: 133.614: [CMS-concurrent-preclean-start]
2016-10-23T18:06:08.610+0800: 133.615: [CMS-concurrent-preclean: 0.001/0.001 secs] [Times: user=0.01 sys=0.00, real=0.01 secs] 
2016-10-23T18:06:08.610+0800: 133.615: [CMS-concurrent-abortable-preclean-start]
{Heap before GC invocations=709 (full 14):
 par new generation   total 109248K, used 109248K [0x00000007a0000000, 0x00000007a8000000, 0x00000007a8000000)
  eden space 87424K, 100% used [0x00000007a0000000, 0x00000007a5560000, 0x00000007a5560000)
  from space 21824K, 100% used [0x00000007a6ab0000, 0x00000007a8000000, 0x00000007a8000000)
  to   space 21824K,   0% used [0x00000007a5560000, 0x00000007a5560000, 0x00000007a6ab0000)
 concurrent mark-sweep generation total 393216K, used 199845K [0x00000007a8000000, 0x00000007c0000000, 0x00000007c0000000)
 Metaspace       used 36231K, capacity 36808K, committed 37136K, reserved 1081344K
  class space    used 4114K, capacity 4279K, committed 4372K, reserved 1048576K
2016-10-23T18:06:08.658+0800: 133.664: [GC (Allocation Failure) 2016-10-23T18:06:08.658+0800: 133.664: [ParNew
Desired survivor size 20112992 bytes, new threshold 8 (max 8)
- age   1:    3738224 bytes,    3738224 total
- age   2:    3793288 bytes,    7531512 total
- age   3:    2027432 bytes,    9558944 total
- age   4:    1472912 bytes,   11031856 total
- age   5:    1550320 bytes,   12582176 total
- age   6:    2568288 bytes,   15150464 total
- age   7:    1695208 bytes,   16845672 total
- age   8:     355864 bytes,   17201536 total
: 109248K->21824K(109248K), 0.0061870 secs] 309093K->223457K(502464K), 0.0062691 secs] [Times: user=0.02 sys=0.00, real=0.01 secs] 
Heap after GC invocations=710 (full 14):
 par new generation   total 109248K, used 21824K [0x00000007a0000000, 0x00000007a8000000, 0x00000007a8000000)
  eden space 87424K,   0% used [0x00000007a0000000, 0x00000007a0000000, 0x00000007a5560000)
  from space 21824K, 100% used [0x00000007a5560000, 0x00000007a6ab0000, 0x00000007a6ab0000)
  to   space 21824K,   0% used [0x00000007a6ab0000, 0x00000007a6ab0000, 0x00000007a8000000)
 concurrent mark-sweep generation total 393216K, used 201633K [0x00000007a8000000, 0x00000007c0000000, 0x00000007c0000000)
 Metaspace       used 36231K, capacity 36808K, committed 37136K, reserved 1081344K
  class space    used 4114K, capacity 4279K, committed 4372K, reserved 1048576K
}
2016-10-23T18:06:08.665+0800: 133.670: Total time for which application threads were stopped: 0.0065142 seconds, Stopping threads took: 0.0000849 seconds
2016-10-23T18:06:08.668+0800: 133.673: [CMS-concurrent-abortable-preclean: 0.051/0.058 secs] [Times: user=0.22 sys=0.00, real=0.05 secs] 
2016-10-23T18:06:08.668+0800: 133.673: [GC (CMS Final Remark) [YG occupancy: 30314 K (109248 K)]{Heap before GC invocations=710 (full 14):
 par new generation   total 109248K, used 30314K [0x00000007a0000000, 0x00000007a8000000, 0x00000007a8000000)
  eden space 87424K,   9% used [0x00000007a0000000, 0x00000007a084a980, 0x00000007a5560000)
  from space 21824K, 100% used [0x00000007a5560000, 0x00000007a6ab0000, 0x00000007a6ab0000)
  to   space 21824K,   0% used [0x00000007a6ab0000, 0x00000007a6ab0000, 0x00000007a8000000)
 concurrent mark-sweep generation total 393216K, used 201633K [0x00000007a8000000, 0x00000007c0000000, 0x00000007c0000000)
 Metaspace       used 36231K, capacity 36808K, committed 37136K, reserved 1081344K
  class space    used 4114K, capacity 4279K, committed 4372K, reserved 1048576K
2016-10-23T18:06:08.668+0800: 133.673: [GC (CMS Final Remark) 2016-10-23T18:06:08.668+0800: 133.674: [ParNew
Desired survivor size 20112992 bytes, new threshold 8 (max 8)
- age   1:     162144 bytes,     162144 total
- age   2:    3570024 bytes,    3732168 total
- age   3:    3792400 bytes,    7524568 total
- age   4:    2026496 bytes,    9551064 total
- age   5:    1472288 bytes,   11023352 total
- age   6:    1549648 bytes,   12573000 total
- age   7:    2567928 bytes,   15140928 total
- age   8:    1694896 bytes,   16835824 total
: 30314K->21824K(109248K), 0.0047890 secs] 231947K->223807K(502464K), 0.0048229 secs] [Times: user=0.02 sys=0.00, real=0.01 secs] 
Heap after GC invocations=711 (full 14):
 par new generation   total 109248K, used 21824K [0x00000007a0000000, 0x00000007a8000000, 0x00000007a8000000)
  eden space 87424K,   0% used [0x00000007a0000000, 0x00000007a0000000, 0x00000007a5560000)
  from space 21824K, 100% used [0x00000007a6ab0000, 0x00000007a8000000, 0x00000007a8000000)
  to   space 21824K,   0% used [0x00000007a5560000, 0x00000007a5560000, 0x00000007a6ab0000)
 concurrent mark-sweep generation total 393216K, used 201983K [0x00000007a8000000, 0x00000007c0000000, 0x00000007c0000000)
 Metaspace       used 36231K, capacity 36808K, committed 37136K, reserved 1081344K
  class space    used 4114K, capacity 4279K, committed 4372K, reserved 1048576K
}
2016-10-23T18:06:08.673+0800: 133.678: [Rescan (parallel) , 0.0018394 secs]2016-10-23T18:06:08.675+0800: 133.680: [weak refs processing, 0.0008687 secs]2016-10-23T18:06:08.676+0800: 133.681: [class unloading, 0.0089827 secs]2016-10-23T18:06:08.685+0800: 133.690: [scrub symbol table, 0.0059092 secs]2016-10-23T18:06:08.691+0800: 133.696: [scrub string table, 0.0006158 secs][1 CMS-remark: 201983K(393216K)] 223807K(502464K), 0.0233229 secs] [Times: user=0.04 sys=0.00, real=0.03 secs] 
2016-10-23T18:06:08.691+0800: 133.697: Total time for which application threads were stopped: 0.0236121 seconds, Stopping threads took: 0.0001427 seconds
2016-10-23T18:06:08.692+0800: 133.697: [CMS-concurrent-sweep-start]
2016-10-23T18:06:08.741+0800: 133.746: [CMS-concurrent-sweep: 0.049/0.049 secs] [Times: user=0.20 sys=0.00, real=0.05 secs] 
2016-10-23T18:06:08.741+0800: 133.746: [CMS-concurrent-reset-start]
2016-10-23T18:06:08.741+0800: 133.747: [CMS-concurrent-reset: 0.000/0.000 secs] [Times: user=0.00 sys=0.00, real=0.00 secs] 
{Heap before GC invocations=711 (full 14):
 par new generation   total 109248K, used 109248K [0x00000007a0000000, 0x00000007a8000000, 0x00000007a8000000)
  eden space 87424K, 100% used [0x00000007a0000000, 0x00000007a5560000, 0x00000007a5560000)
  from space 21824K, 100% used [0x00000007a6ab0000, 0x00000007a8000000, 0x00000007a8000000)
  to   space 21824K,   0% used [0x00000007a5560000, 0x00000007a5560000, 0x00000007a6ab0000)
 concurrent mark-sweep generation total 393216K, used 40901K [0x00000007a8000000, 0x00000007c0000000, 0x00000007c0000000)
 Metaspace       used 36231K, capacity 36808K, committed 37136K, reserved 1081344K
  class space    used 4114K, capacity 4279K, committed 4372K, reserved 1048576K
2016-10-23T18:06:08.753+0800: 133.759: [GC (Allocation Failure) 2016-10-23T18:06:08.753+0800: 133.759: [ParNew
Desired survivor size 20112992 bytes, new threshold 8 (max 8)
- age   1:    7078168 bytes,    7078168 total
- age   2:      96192 bytes,    7174360 total
- age   3:    1744960 bytes,    8919320 total
- age   4:    2045216 bytes,   10964536 total
- age   5:    1951840 bytes,   12916376 total
- age   6:    1461824 bytes,   14378200 total
- age   7:    1509424 bytes,   15887624 total
- age   8:    1715344 bytes,   17602968 total
: 109248K->21824K(109248K), 0.0063566 secs] 150149K->64401K(502464K), 0.0064357 secs] [Times: user=0.02 sys=0.00, real=0.01 secs] 
Heap after GC invocations=712 (full 14):
 par new generation   total 109248K, used 21824K [0x00000007a0000000, 0x00000007a8000000, 0x00000007a8000000)
  eden space 87424K,   0% used [0x00000007a0000000, 0x00000007a0000000, 0x00000007a5560000)
  from space 21824K, 100% used [0x00000007a5560000, 0x00000007a6ab0000, 0x00000007a6ab0000)
  to   space 21824K,   0% used [0x00000007a6ab0000, 0x00000007a6ab0000, 0x00000007a8000000)
 concurrent mark-sweep generation total 393216K, used 42577K [0x00000007a8000000, 0x00000007c0000000, 0x00000007c0000000)
 Metaspace       used 36231K, capacity 36808K, committed 37136K, reserved 1081344K
  class space    used 4114K, capacity 4279K, committed 4372K, reserved 1048576K
}
2016-10-23T18:06:08.760+0800: 133.765: Total time for which application threads were stopped: 0.0067076 seconds, Stopping threads took: 0.0000857 seconds
{Heap before GC invocations=712 (full 14):
 par new generation   total 109248K, used 109248K [0x00000007a0000000, 0x00000007a8000000, 0x00000007a8000000)
  eden space 87424K, 100% used [0x00000007a0000000, 0x00000007a5560000, 0x00000007a5560000)
  from space 21824K, 100% used [0x00000007a5560000, 0x00000007a6ab0000, 0x00000007a6ab0000)
  to   space 21824K,   0% used [0x00000007a6ab0000, 0x00000007a6ab0000, 0x00000007a8000000)
 concurrent mark-sweep generation total 393216K, used 42577K [0x00000007a8000000, 0x00000007c0000000, 0x00000007c0000000)
 Metaspace       used 36231K, capacity 36808K, committed 37136K, reserved 1081344K
  class space    used 4114K, capacity 4279K, committed 4372K, reserved 1048576K
2016-10-23T18:06:08.835+0800: 133.841: [GC (Allocation Failure) 2016-10-23T18:06:08.835+0800: 133.841: [ParNew
Desired survivor size 20112992 bytes, new threshold 8 (max 8)
- age   1:    8017536 bytes,    8017536 total
- age   2:    3261616 bytes,   11279152 total
- age   3:      95944 bytes,   11375096 total
- age   4:    1048424 bytes,   12423520 total
- age   5:    1997120 bytes,   14420640 total
- age   6:    1941576 bytes,   16362216 total
- age   7:    1461224 bytes,   17823440 total
- age   8:    1507256 bytes,   19330696 total
: 109248K->21824K(109248K), 0.0066540 secs] 151825K->66381K(502464K), 0.0067390 secs] [Times: user=0.02 sys=0.00, real=0.01 secs] 
Heap after GC invocations=713 (full 14):
 par new generation   total 109248K, used 21824K [0x00000007a0000000, 0x00000007a8000000, 0x00000007a8000000)
  eden space 87424K,   0% used [0x00000007a0000000, 0x00000007a0000000, 0x00000007a5560000)
  from space 21824K, 100% used [0x00000007a6ab0000, 0x00000007a8000000, 0x00000007a8000000)
  to   space 21824K,   0% used [0x00000007a5560000, 0x00000007a5560000, 0x00000007a6ab0000)
 concurrent mark-sweep generation total 393216K, used 44557K [0x00000007a8000000, 0x00000007c0000000, 0x00000007c0000000)
 Metaspace       used 36231K, capacity 36808K, committed 37136K, reserved 1081344K
  class space    used 4114K, capacity 4279K, committed 4372K, reserved 1048576K
}
2016-10-23T18:06:08.842+0800: 133.848: Total time for which application threads were stopped: 0.0070495 seconds, Stopping threads took: 0.0001011 seconds
{Heap before GC invocations=713 (full 14):
 par new generation   total 109248K, used 109248K [0x00000007a0000000, 0x00000007a8000000, 0x00000007a8000000)
  eden space 87424K, 100% used [0x00000007a0000000, 0x00000007a5560000, 0x00000007a5560000)
  from space 21824K, 100% used [0x00000007a6ab0000, 0x00000007a8000000, 0x00000007a8000000)
  to   space 21824K,   0% used [0x00000007a5560000, 0x00000007a5560000, 0x00000007a6ab0000)
 concurrent mark-sweep generation total 393216K, used 44557K [0x00000007a8000000, 0x00000007c0000000, 0x00000007c0000000)
 Metaspace       used 36231K, capacity 36808K, committed 37136K, reserved 1081344K
  class space    used 4114K, capacity 4279K, committed 4372K, reserved 1048576K
2016-10-23T18:06:08.914+0800: 133.920: [GC (Allocation Failure) 2016-10-23T18:06:08.914+0800: 133.920: [ParNew
Desired survivor size 20112992 bytes, new threshold 8 (max 8)
- age   1:    1135400 bytes,    1135400 total
- age   2:    6801400 bytes,    7936800 total
- age   3:    3204440 bytes,   11141240 total
- age   4:      93288 bytes,   11234528 total
- age   5:    1002192 bytes,   12236720 total
- age   6:    1939760 bytes,   14176480 total
- age   7:    1889664 bytes,   16066144 total
- age   8:    1414400 bytes,   17480544 total
: 109248K->21824K(109248K), 0.0058932 secs] 153805K->69281K(502464K), 0.0059659 secs] [Times: user=0.02 sys=0.00, real=0.01 secs] 
Heap after GC invocations=714 (full 14):
 par new generation   total 109248K, used 21824K [0x00000007a0000000, 0x00000007a8000000, 0x00000007a8000000)
  eden space 87424K,   0% used [0x00000007a0000000, 0x00000007a0000000, 0x00000007a5560000)
  from space 21824K, 100% used [0x00000007a5560000, 0x00000007a6ab0000, 0x00000007a6ab0000)
  to   space 21824K,   0% used [0x00000007a6ab0000, 0x00000007a6ab0000, 0x00000007a8000000)
 concurrent mark-sweep generation total 393216K, used 47457K [0x00000007a8000000, 0x00000007c0000000, 0x00000007c0000000)
 Metaspace       used 36231K, capacity 36808K, committed 37136K, reserved 1081344K
  class space    used 4114K, capacity 4279K, committed 4372K, reserved 1048576K
}
2016-10-23T18:06:08.920+0800: 133.926: Total time for which application threads were stopped: 0.0062407 seconds, Stopping threads took: 0.0001147 seconds
{Heap before GC invocations=714 (full 14):
 par new generation   total 109248K, used 109216K [0x00000007a0000000, 0x00000007a8000000, 0x00000007a8000000)
  eden space 87424K,  99% used [0x00000007a0000000, 0x00000007a5558308, 0x00000007a5560000)
  from space 21824K, 100% used [0x00000007a5560000, 0x00000007a6ab0000, 0x00000007a6ab0000)
  to   space 21824K,   0% used [0x00000007a6ab0000, 0x00000007a6ab0000, 0x00000007a8000000)
 concurrent mark-sweep generation total 393216K, used 47457K [0x00000007a8000000, 0x00000007c0000000, 0x00000007c0000000)
 Metaspace       used 36231K, capacity 36808K, committed 37136K, reserved 1081344K
  class space    used 4114K, capacity 4279K, committed 4372K, reserved 1048576K
2016-10-23T18:06:08.974+0800: 133.980: [GC (Allocation Failure) 2016-10-23T18:06:08.974+0800: 133.980: [ParNew
Desired survivor size 20112992 bytes, new threshold 8 (max 8)
- age   1:    1649552 bytes,    1649552 total
- age   2:     879080 bytes,    2528632 total
- age   3:    5499216 bytes,    8027848 total
- age   4:    2597536 bytes,   10625384 total
- age   5:      60456 bytes,   10685840 total
- age   6:     829528 bytes,   11515368 total
- age   7:    1936016 bytes,   13451384 total
- age   8:    1887200 bytes,   15338584 total
: 109216K->21824K(109248K), 0.0053786 secs] 156674K->72732K(502464K), 0.0054435 secs] [Times: user=0.02 sys=0.00, real=0.01 secs] 
Heap after GC invocations=715 (full 14):
 par new generation   total 109248K, used 21824K [0x00000007a0000000, 0x00000007a8000000, 0x00000007a8000000)
  eden space 87424K,   0% used [0x00000007a0000000, 0x00000007a0000000, 0x00000007a5560000)
  from space 21824K, 100% used [0x00000007a6ab0000, 0x00000007a8000000, 0x00000007a8000000)
  to   space 21824K,   0% used [0x00000007a5560000, 0x00000007a5560000, 0x00000007a6ab0000)
 concurrent mark-sweep generation total 393216K, used 50908K [0x00000007a8000000, 0x00000007c0000000, 0x00000007c0000000)
 Metaspace       used 36231K, capacity 36808K, committed 37136K, reserved 1081344K
  class space    used 4114K, capacity 4279K, committed 4372K, reserved 1048576K
}
2016-10-23T18:06:08.980+0800: 133.985: Total time for which application threads were stopped: 0.0057292 seconds, Stopping threads took: 0.0001057 seconds
{Heap before GC invocations=715 (full 14):
 par new generation   total 109248K, used 109248K [0x00000007a0000000, 0x00000007a8000000, 0x00000007a8000000)
  eden space 87424K, 100% used [0x00000007a0000000, 0x00000007a5560000, 0x00000007a5560000)
  from space 21824K, 100% used [0x00000007a6ab0000, 0x00000007a8000000, 0x00000007a8000000)
  to   space 21824K,   0% used [0x00000007a5560000, 0x00000007a5560000, 0x00000007a6ab0000)
 concurrent mark-sweep generation total 393216K, used 50908K [0x00000007a8000000, 0x00000007c0000000, 0x00000007c0000000)
 Metaspace       used 36231K, capacity 36808K, committed 37136K, reserved 1081344K
  class space    used 4114K, capacity 4279K, committed 4372K, reserved 1048576K
2016-10-23T18:06:09.028+0800: 134.034: [GC (Allocation Failure) 2016-10-23T18:06:09.028+0800: 134.034: [ParNew
Desired survivor size 20112992 bytes, new threshold 8 (max 8)
- age   1:    1388816 bytes,    1388816 total
- age   2:     932880 bytes,    2321696 total
- age   3:     844920 bytes,    3166616 total
- age   4:    5434904 bytes,    8601520 total
- age   5:    2557136 bytes,   11158656 total
- age   6:      58104 bytes,   11216760 total
- age   7:     788072 bytes,   12004832 total
- age   8:    1884624 bytes,   13889456 total
: 109248K->19857K(109248K), 0.0053481 secs] 160156K->72579K(502464K), 0.0054022 secs] [Times: user=0.02 sys=0.01, real=0.01 secs] 
Heap after GC invocations=716 (full 14):
 par new generation   total 109248K, used 19857K [0x00000007a0000000, 0x00000007a8000000, 0x00000007a8000000)
  eden space 87424K,   0% used [0x00000007a0000000, 0x00000007a0000000, 0x00000007a5560000)
  from space 21824K,  90% used [0x00000007a5560000, 0x00000007a68c4640, 0x00000007a6ab0000)
  to   space 21824K,   0% used [0x00000007a6ab0000, 0x00000007a6ab0000, 0x00000007a8000000)
 concurrent mark-sweep generation total 393216K, used 52721K [0x00000007a8000000, 0x00000007c0000000, 0x00000007c0000000)
 Metaspace       used 36231K, capacity 36808K, committed 37136K, reserved 1081344K
  class space    used 4114K, capacity 4279K, committed 4372K, reserved 1048576K
}
2016-10-23T18:06:09.034+0800: 134.039: Total time for which application threads were stopped: 0.0056283 seconds, Stopping threads took: 0.0000797 seconds
{Heap before GC invocations=716 (full 14):
 par new generation   total 109248K, used 107250K [0x00000007a0000000, 0x00000007a8000000, 0x00000007a8000000)
  eden space 87424K,  99% used [0x00000007a0000000, 0x00000007a5558540, 0x00000007a5560000)
  from space 21824K,  90% used [0x00000007a5560000, 0x00000007a68c4640, 0x00000007a6ab0000)
  to   space 21824K,   0% used [0x00000007a6ab0000, 0x00000007a6ab0000, 0x00000007a8000000)
 concurrent mark-sweep generation total 393216K, used 52721K [0x00000007a8000000, 0x00000007c0000000, 0x00000007c0000000)
 Metaspace       used 36232K, capacity 36808K, committed 37136K, reserved 1081344K
  class space    used 4114K, capacity 4279K, committed 4372K, reserved 1048576K
2016-10-23T18:06:09.092+0800: 134.097: [GC (Allocation Failure) 2016-10-23T18:06:09.092+0800: 134.097: [ParNew
Desired survivor size 20112992 bytes, new threshold 8 (max 8)
- age   1:    3703376 bytes,    3703376 total
- age   2:     680064 bytes,    4383440 total
- age   3:     777912 bytes,    5161352 total
- age   4:     786640 bytes,    5947992 total
- age   5:    5305904 bytes,   11253896 total
- age   6:    2464568 bytes,   13718464 total
- age   7:      53032 bytes,   13771496 total
- age   8:     693056 bytes,   14464552 total
: 107250K->17029K(109248K), 0.0053347 secs] 159972K->71484K(502464K), 0.0053814 secs] [Times: user=0.03 sys=0.00, real=0.00 secs] 
Heap after GC invocations=717 (full 14):
 par new generation   total 109248K, used 17029K [0x00000007a0000000, 0x00000007a8000000, 0x00000007a8000000)
  eden space 87424K,   0% used [0x00000007a0000000, 0x00000007a0000000, 0x00000007a5560000)
  from space 21824K,  78% used [0x00000007a6ab0000, 0x00000007a7b515e8, 0x00000007a8000000)
  to   space 21824K,   0% used [0x00000007a5560000, 0x00000007a5560000, 0x00000007a6ab0000)
 concurrent mark-sweep generation total 393216K, used 54454K [0x00000007a8000000, 0x00000007c0000000, 0x00000007c0000000)
 Metaspace       used 36232K, capacity 36808K, committed 37136K, reserved 1081344K
  class space    used 4114K, capacity 4279K, committed 4372K, reserved 1048576K
}
2016-10-23T18:06:09.097+0800: 134.103: Total time for which application threads were stopped: 0.0055973 seconds, Stopping threads took: 0.0000752 seconds
{Heap before GC invocations=717 (full 14):
 par new generation   total 109248K, used 104453K [0x00000007a0000000, 0x00000007a8000000, 0x00000007a8000000)
  eden space 87424K, 100% used [0x00000007a0000000, 0x00000007a5560000, 0x00000007a5560000)
  from space 21824K,  78% used [0x00000007a6ab0000, 0x00000007a7b515e8, 0x00000007a8000000)
  to   space 21824K,   0% used [0x00000007a5560000, 0x00000007a5560000, 0x00000007a6ab0000)
 concurrent mark-sweep generation total 393216K, used 54454K [0x00000007a8000000, 0x00000007c0000000, 0x00000007c0000000)
 Metaspace       used 36232K, capacity 36808K, committed 37136K, reserved 1081344K
  class space    used 4114K, capacity 4279K, committed 4372K, reserved 1048576K
2016-10-23T18:06:09.149+0800: 134.154: [GC (Allocation Failure) 2016-10-23T18:06:09.149+0800: 134.154: [ParNew
Desired survivor size 20112992 bytes, new threshold 8 (max 8)
- age   1:    2931872 bytes,    2931872 total
- age   2:    2689760 bytes,    5621632 total
- age   3:     626008 bytes,    6247640 total
- age   4:     686968 bytes,    6934608 total
- age   5:     786640 bytes,    7721248 total
- age   6:    5305904 bytes,   13027152 total
- age   7:    2464568 bytes,   15491720 total
- age   8:      53032 bytes,   15544752 total
: 104453K->19241K(109248K), 0.0051109 secs] 158908K->74380K(502464K), 0.0051701 secs] [Times: user=0.02 sys=0.00, real=0.01 secs] 
Heap after GC invocations=718 (full 14):
 par new generation   total 109248K, used 19241K [0x00000007a0000000, 0x00000007a8000000, 0x00000007a8000000)
  eden space 87424K,   0% used [0x00000007a0000000, 0x00000007a0000000, 0x00000007a5560000)
  from space 21824K,  88% used [0x00000007a5560000, 0x00000007a682a620, 0x00000007a6ab0000)
  to   space 21824K,   0% used [0x00000007a6ab0000, 0x00000007a6ab0000, 0x00000007a8000000)
 concurrent mark-sweep generation total 393216K, used 55138K [0x00000007a8000000, 0x00000007c0000000, 0x00000007c0000000)
 Metaspace       used 36232K, capacity 36808K, committed 37136K, reserved 1081344K
  class space    used 4114K, capacity 4279K, committed 4372K, reserved 1048576K
}
2016-10-23T18:06:09.154+0800: 134.160: Total time for which application threads were stopped: 0.0054248 seconds, Stopping threads took: 0.0000859 seconds
{Heap before GC invocations=718 (full 14):
 par new generation   total 109248K, used 106665K [0x00000007a0000000, 0x00000007a8000000, 0x00000007a8000000)
  eden space 87424K, 100% used [0x00000007a0000000, 0x00000007a5560000, 0x00000007a5560000)
  from space 21824K,  88% used [0x00000007a5560000, 0x00000007a682a620, 0x00000007a6ab0000)
  to   space 21824K,   0% used [0x00000007a6ab0000, 0x00000007a6ab0000, 0x00000007a8000000)
 concurrent mark-sweep generation total 393216K, used 55138K [0x00000007a8000000, 0x00000007c0000000, 0x00000007c0000000)
 Metaspace       used 36232K, capacity 36808K, committed 37136K, reserved 1081344K
  class space    used 4114K, capacity 4279K, committed 4372K, reserved 1048576K
2016-10-23T18:06:09.215+0800: 134.220: [GC (Allocation Failure) 2016-10-23T18:06:09.215+0800: 134.220: [ParNew
Desired survivor size 20112992 bytes, new threshold 8 (max 8)
- age   1:    3039416 bytes,    3039416 total
- age   2:    1438424 bytes,    4477840 total
- age   3:    1902168 bytes,    6380008 total
- age   4:     620720 bytes,    7000728 total
- age   5:     665312 bytes,    7666040 total
- age   6:     782160 bytes,    8448200 total
- age   7:    5305840 bytes,   13754040 total
- age   8:    2988872 bytes,   16742912 total
: 106665K->21824K(109248K), 0.0062879 secs] 161804K->78148K(502464K), 0.0063531 secs] [Times: user=0.03 sys=0.01, real=0.01 secs] 
Heap after GC invocations=719 (full 14):
 par new generation   total 109248K, used 21824K [0x00000007a0000000, 0x00000007a8000000, 0x00000007a8000000)
  eden space 87424K,   0% used [0x00000007a0000000, 0x00000007a0000000, 0x00000007a5560000)
  from space 21824K, 100% used [0x00000007a6ab0000, 0x00000007a8000000, 0x00000007a8000000)
  to   space 21824K,   0% used [0x00000007a5560000, 0x00000007a5560000, 0x00000007a6ab0000)
 concurrent mark-sweep generation total 393216K, used 56324K [0x00000007a8000000, 0x00000007c0000000, 0x00000007c0000000)
 Metaspace       used 36232K, capacity 36808K, committed 37136K, reserved 1081344K
  class space    used 4114K, capacity 4279K, committed 4372K, reserved 1048576K
}
2016-10-23T18:06:09.221+0800: 134.227: Total time for which application threads were stopped: 0.0065768 seconds, Stopping threads took: 0.0000598 seconds
{Heap before GC invocations=719 (full 14):
 par new generation   total 109248K, used 109248K [0x00000007a0000000, 0x00000007a8000000, 0x00000007a8000000)
  eden space 87424K, 100% used [0x00000007a0000000, 0x00000007a5560000, 0x00000007a5560000)
  from space 21824K, 100% used [0x00000007a6ab0000, 0x00000007a8000000, 0x00000007a8000000)
  to   space 21824K,   0% used [0x00000007a5560000, 0x00000007a5560000, 0x00000007a6ab0000)
 concurrent mark-sweep generation total 393216K, used 56324K [0x00000007a8000000, 0x00000007c0000000, 0x00000007c0000000)
 Metaspace       used 36232K, capacity 36808K, committed 37136K, reserved 1081344K
  class space    used 4114K, capacity 4279K, committed 4372K, reserved 1048576K
2016-10-23T18:06:09.325+0800: 134.331: [GC (Allocation Failure) 2016-10-23T18:06:09.325+0800: 134.331: [ParNew
Desired survivor size 20112992 bytes, new threshold 8 (max 8)
- age   1:    6562864 bytes,    6562864 total
- age   2:    1235096 bytes,    7797960 total
- age   3:    1129704 bytes,    8927664 total
- age   4:    1705656 bytes,   10633320 total
- age   5:     419816 bytes,   11053136 total
- age   6:     545888 bytes,   11599024 total
- age   7:     779704 bytes,   12378728 total
- age   8:    5305344 bytes,   17684072 total
: 109248K->21295K(109248K), 0.0056014 secs] 165572K->80034K(502464K), 0.0056744 secs] [Times: user=0.01 sys=0.00, real=0.01 secs] 
Heap after GC invocations=720 (full 14):
 par new generation   total 109248K, used 21295K [0x00000007a0000000, 0x00000007a8000000, 0x00000007a8000000)
  eden space 87424K,   0% used [0x00000007a0000000, 0x00000007a0000000, 0x00000007a5560000)
  from space 21824K,  97% used [0x00000007a5560000, 0x00000007a6a2bf98, 0x00000007a6ab0000)
  to   space 21824K,   0% used [0x00000007a6ab0000, 0x00000007a6ab0000, 0x00000007a8000000)
 concurrent mark-sweep generation total 393216K, used 58738K [0x00000007a8000000, 0x00000007c0000000, 0x00000007c0000000)
 Metaspace       used 36232K, capacity 36808K, committed 37136K, reserved 1081344K
  class space    used 4114K, capacity 4279K, committed 4372K, reserved 1048576K
}
2016-10-23T18:06:09.331+0800: 134.336: Total time for which application threads were stopped: 0.0059381 seconds, Stopping threads took: 0.0001009 seconds
{Heap before GC invocations=720 (full 14):
 par new generation   total 109248K, used 108719K [0x00000007a0000000, 0x00000007a8000000, 0x00000007a8000000)
  eden space 87424K, 100% used [0x00000007a0000000, 0x00000007a5560000, 0x00000007a5560000)
  from space 21824K,  97% used [0x00000007a5560000, 0x00000007a6a2bf98, 0x00000007a6ab0000)
  to   space 21824K,   0% used [0x00000007a6ab0000, 0x00000007a6ab0000, 0x00000007a8000000)
 concurrent mark-sweep generation total 393216K, used 58738K [0x00000007a8000000, 0x00000007c0000000, 0x00000007c0000000)
 Metaspace       used 36232K, capacity 36808K, committed 37136K, reserved 1081344K
  class space    used 4114K, capacity 4279K, committed 4372K, reserved 1048576K
2016-10-23T18:06:09.436+0800: 134.441: [GC (Allocation Failure) 2016-10-23T18:06:09.436+0800: 134.441: [ParNew
Desired survivor size 20112992 bytes, new threshold 8 (max 8)
- age   1:    5698608 bytes,    5698608 total
- age   2:    3934000 bytes,    9632608 total
- age   3:    1234952 bytes,   10867560 total
- age   4:    1129824 bytes,   11997384 total
- age   5:    1689296 bytes,   13686680 total
- age   6:     420008 bytes,   14106688 total
- age   7:     546272 bytes,   14652960 total
- age   8:     779072 bytes,   15432032 total
: 108719K->21824K(109248K), 0.0072126 secs] 167458K->85753K(502464K), 0.0072657 secs] [Times: user=0.02 sys=0.00, real=0.01 secs] 
Heap after GC invocations=721 (full 14):
 par new generation   total 109248K, used 21824K [0x00000007a0000000, 0x00000007a8000000, 0x00000007a8000000)
  eden space 87424K,   0% used [0x00000007a0000000, 0x00000007a0000000, 0x00000007a5560000)
  from space 21824K, 100% used [0x00000007a6ab0000, 0x00000007a8000000, 0x00000007a8000000)
  to   space 21824K,   0% used [0x00000007a5560000, 0x00000007a5560000, 0x00000007a6ab0000)
 concurrent mark-sweep generation total 393216K, used 63929K [0x00000007a8000000, 0x00000007c0000000, 0x00000007c0000000)
 Metaspace       used 36232K, capacity 36808K, committed 37136K, reserved 1081344K
  class space    used 4114K, capacity 4279K, committed 4372K, reserved 1048576K
}
2016-10-23T18:06:09.443+0800: 134.448: Total time for which application threads were stopped: 0.0075120 seconds, Stopping threads took: 0.0000794 seconds
{Heap before GC invocations=721 (full 14):
 par new generation   total 109248K, used 109248K [0x00000007a0000000, 0x00000007a8000000, 0x00000007a8000000)
  eden space 87424K, 100% used [0x00000007a0000000, 0x00000007a5560000, 0x00000007a5560000)
  from space 21824K, 100% used [0x00000007a6ab0000, 0x00000007a8000000, 0x00000007a8000000)
  to   space 21824K,   0% used [0x00000007a5560000, 0x00000007a5560000, 0x00000007a6ab0000)
 concurrent mark-sweep generation total 393216K, used 63929K [0x00000007a8000000, 0x00000007c0000000, 0x00000007c0000000)
 Metaspace       used 36232K, capacity 36808K, committed 37136K, reserved 1081344K
  class space    used 4114K, capacity 4279K, committed 4372K, reserved 1048576K
2016-10-23T18:06:09.581+0800: 134.587: [GC (Allocation Failure) 2016-10-23T18:06:09.581+0800: 134.587: [ParNew
Desired survivor size 20112992 bytes, new threshold 8 (max 8)
- age   1:    7257712 bytes,    7257712 total
- age   2:    1810536 bytes,    9068248 total
- age   3:    3362080 bytes,   12430328 total
- age   4:    1233360 bytes,   13663688 total
- age   5:    1102896 bytes,   14766584 total
- age   6:    1689264 bytes,   16455848 total
- age   7:     419816 bytes,   16875664 total
- age   8:     544816 bytes,   17420480 total
: 109248K->21824K(109248K), 0.0081022 secs] 173177K->87582K(502464K), 0.0081546 secs] [Times: user=0.02 sys=0.00, real=0.00 secs] 
Heap after GC invocations=722 (full 14):
 par new generation   total 109248K, used 21824K [0x00000007a0000000, 0x00000007a8000000, 0x00000007a8000000)
  eden space 87424K,   0% used [0x00000007a0000000, 0x00000007a0000000, 0x00000007a5560000)
  from space 21824K, 100% used [0x00000007a5560000, 0x00000007a6ab0000, 0x00000007a6ab0000)
  to   space 21824K,   0% used [0x00000007a6ab0000, 0x00000007a6ab0000, 0x00000007a8000000)
 concurrent mark-sweep generation total 393216K, used 65758K [0x00000007a8000000, 0x00000007c0000000, 0x00000007c0000000)
 Metaspace       used 36232K, capacity 36808K, committed 37136K, reserved 1081344K
  class space    used 4114K, capacity 4279K, committed 4372K, reserved 1048576K
}
2016-10-23T18:06:09.589+0800: 134.595: Total time for which application threads were stopped: 0.0083683 seconds, Stopping threads took: 0.0000699 seconds
{Heap before GC invocations=722 (full 14):
 par new generation   total 109248K, used 109248K [0x00000007a0000000, 0x00000007a8000000, 0x00000007a8000000)
  eden space 87424K, 100% used [0x00000007a0000000, 0x00000007a5560000, 0x00000007a5560000)
  from space 21824K, 100% used [0x00000007a5560000, 0x00000007a6ab0000, 0x00000007a6ab0000)
  to   space 21824K,   0% used [0x00000007a6ab0000, 0x00000007a6ab0000, 0x00000007a8000000)
 concurrent mark-sweep generation total 393216K, used 65758K [0x00000007a8000000, 0x00000007c0000000, 0x00000007c0000000)
 Metaspace       used 36232K, capacity 36808K, committed 37136K, reserved 1081344K
  class space    used 4114K, capacity 4279K, committed 4372K, reserved 1048576K
2016-10-23T18:06:09.720+0800: 134.725: [GC (Allocation Failure) 2016-10-23T18:06:09.720+0800: 134.725: [ParNew
Desired survivor size 20112992 bytes, new threshold 8 (max 8)
- age   1:    8521512 bytes,    8521512 total
- age   2:    3291704 bytes,   11813216 total
- age   3:    1735600 bytes,   13548816 total
- age   4:    2414744 bytes,   15963560 total
- age   5:    1203568 bytes,   17167128 total
- age   6:    1077680 bytes,   18244808 total
- age   7:    1673608 bytes,   19918416 total
- age   8:     405480 bytes,   20323896 total
: 109248K->21824K(109248K), 0.0079368 secs] 175006K->88425K(502464K), 0.0080006 secs] [Times: user=0.02 sys=0.00, real=0.00 secs] 
Heap after GC invocations=723 (full 14):
 par new generation   total 109248K, used 21824K [0x00000007a0000000, 0x00000007a8000000, 0x00000007a8000000)
  eden space 87424K,   0% used [0x00000007a0000000, 0x00000007a0000000, 0x00000007a5560000)
  from space 21824K, 100% used [0x00000007a6ab0000, 0x00000007a8000000, 0x00000007a8000000)
  to   space 21824K,   0% used [0x00000007a5560000, 0x00000007a5560000, 0x00000007a6ab0000)
 concurrent mark-sweep generation total 393216K, used 66601K [0x00000007a8000000, 0x00000007c0000000, 0x00000007c0000000)
 Metaspace       used 36232K, capacity 36808K, committed 37136K, reserved 1081344K
  class space    used 4114K, capacity 4279K, committed 4372K, reserved 1048576K
}
2016-10-23T18:06:09.728+0800: 134.733: Total time for which application threads were stopped: 0.0082325 seconds, Stopping threads took: 0.0000666 seconds
{Heap before GC invocations=723 (full 14):
 par new generation   total 109248K, used 109248K [0x00000007a0000000, 0x00000007a8000000, 0x00000007a8000000)
  eden space 87424K, 100% used [0x00000007a0000000, 0x00000007a5560000, 0x00000007a5560000)
  from space 21824K, 100% used [0x00000007a6ab0000, 0x00000007a8000000, 0x00000007a8000000)
  to   space 21824K,   0% used [0x00000007a5560000, 0x00000007a5560000, 0x00000007a6ab0000)
 concurrent mark-sweep generation total 393216K, used 66601K [0x00000007a8000000, 0x00000007c0000000, 0x00000007c0000000)
 Metaspace       used 36233K, capacity 36808K, committed 37136K, reserved 1081344K
  class space    used 4114K, capacity 4279K, committed 4372K, reserved 1048576K
2016-10-23T18:06:09.832+0800: 134.837: [GC (Allocation Failure) 2016-10-23T18:06:09.832+0800: 134.837: [ParNew
Desired survivor size 20112992 bytes, new threshold 7 (max 8)
- age   1:    8639672 bytes,    8639672 total
- age   2:    3612696 bytes,   12252368 total
- age   3:    2864112 bytes,   15116480 total
- age   4:    1336968 bytes,   16453448 total
- age   5:    1918152 bytes,   18371600 total
- age   6:    1071352 bytes,   19442952 total
- age   7:     960216 bytes,   20403168 total
- age   8:    1627688 bytes,   22030856 total
: 109248K->21824K(109248K), 0.0081812 secs] 175849K->92115K(502464K), 0.0082638 secs] [Times: user=0.02 sys=0.00, real=0.01 secs] 
Heap after GC invocations=724 (full 14):
 par new generation   total 109248K, used 21824K [0x00000007a0000000, 0x00000007a8000000, 0x00000007a8000000)
  eden space 87424K,   0% used [0x00000007a0000000, 0x00000007a0000000, 0x00000007a5560000)
  from space 21824K, 100% used [0x00000007a5560000, 0x00000007a6ab0000, 0x00000007a6ab0000)
  to   space 21824K,   0% used [0x00000007a6ab0000, 0x00000007a6ab0000, 0x00000007a8000000)
 concurrent mark-sweep generation total 393216K, used 70291K [0x00000007a8000000, 0x00000007c0000000, 0x00000007c0000000)
 Metaspace       used 36233K, capacity 36808K, committed 37136K, reserved 1081344K
  class space    used 4114K, capacity 4279K, committed 4372K, reserved 1048576K
}
2016-10-23T18:06:09.840+0800: 134.845: Total time for which application threads were stopped: 0.0085469 seconds, Stopping threads took: 0.0000939 seconds
{Heap before GC invocations=724 (full 14):
 par new generation   total 109248K, used 109248K [0x00000007a0000000, 0x00000007a8000000, 0x00000007a8000000)
  eden space 87424K, 100% used [0x00000007a0000000, 0x00000007a5560000, 0x00000007a5560000)
  from space 21824K, 100% used [0x00000007a5560000, 0x00000007a6ab0000, 0x00000007a6ab0000)
  to   space 21824K,   0% used [0x00000007a6ab0000, 0x00000007a6ab0000, 0x00000007a8000000)
 concurrent mark-sweep generation total 393216K, used 70291K [0x00000007a8000000, 0x00000007c0000000, 0x00000007c0000000)
 Metaspace       used 36233K, capacity 36808K, committed 37136K, reserved 1081344K
  class space    used 4114K, capacity 4279K, committed 4372K, reserved 1048576K
2016-10-23T18:06:09.969+0800: 134.975: [GC (Allocation Failure) 2016-10-23T18:06:09.970+0800: 134.975: [ParNew
Desired survivor size 20112992 bytes, new threshold 8 (max 8)
- age   1:    3183184 bytes,    3183184 total
- age   2:    8122680 bytes,   11305864 total
- age   3:    3176496 bytes,   14482360 total
- age   4:    1978160 bytes,   16460520 total
- age   5:     804448 bytes,   17264968 total
- age   6:    1712952 bytes,   18977920 total
- age   7:    1026840 bytes,   20004760 total
: 109248K->21824K(109248K), 0.0067840 secs] 179539K->95954K(502464K), 0.0068324 secs] [Times: user=0.02 sys=0.00, real=0.01 secs] 
Heap after GC invocations=725 (full 14):
 par new generation   total 109248K, used 21824K [0x00000007a0000000, 0x00000007a8000000, 0x00000007a8000000)
  eden space 87424K,   0% used [0x00000007a0000000, 0x00000007a0000000, 0x00000007a5560000)
  from space 21824K, 100% used [0x00000007a6ab0000, 0x00000007a8000000, 0x00000007a8000000)
  to   space 21824K,   0% used [0x00000007a5560000, 0x00000007a5560000, 0x00000007a6ab0000)
 concurrent mark-sweep generation total 393216K, used 74130K [0x00000007a8000000, 0x00000007c0000000, 0x00000007c0000000)
 Metaspace       used 36233K, capacity 36808K, committed 37136K, reserved 1081344K
  class space    used 4114K, capacity 4279K, committed 4372K, reserved 1048576K
}
2016-10-23T18:06:09.976+0800: 134.982: Total time for which application threads were stopped: 0.0070946 seconds, Stopping threads took: 0.0000853 seconds
{Heap before GC invocations=725 (full 14):
 par new generation   total 109248K, used 109248K [0x00000007a0000000, 0x00000007a8000000, 0x00000007a8000000)
  eden space 87424K, 100% used [0x00000007a0000000, 0x00000007a5560000, 0x00000007a5560000)
  from space 21824K, 100% used [0x00000007a6ab0000, 0x00000007a8000000, 0x00000007a8000000)
  to   space 21824K,   0% used [0x00000007a5560000, 0x00000007a5560000, 0x00000007a6ab0000)
 concurrent mark-sweep generation total 393216K, used 74130K [0x00000007a8000000, 0x00000007c0000000, 0x00000007c0000000)
 Metaspace       used 36233K, capacity 36808K, committed 37136K, reserved 1081344K
  class space    used 4114K, capacity 4279K, committed 4372K, reserved 1048576K
2016-10-23T18:06:10.029+0800: 135.034: [GC (Allocation Failure) 2016-10-23T18:06:10.029+0800: 135.034: [ParNew
Desired survivor size 20112992 bytes, new threshold 8 (max 8)
- age   1:    1261480 bytes,    1261480 total
- age   2:    2583176 bytes,    3844656 total
- age   3:    7529608 bytes,   11374264 total
- age   4:    2945640 bytes,   14319904 total
- age   5:    1947288 bytes,   16267192 total
- age   6:     775568 bytes,   17042760 total
- age   7:    1253064 bytes,   18295824 total
- age   8:     712680 bytes,   19008504 total
: 109248K->21824K(109248K), 0.0062003 secs] 183378K->97602K(502464K), 0.0062561 secs] [Times: user=0.03 sys=0.00, real=0.01 secs] 
Heap after GC invocations=726 (full 14):
 par new generation   total 109248K, used 21824K [0x00000007a0000000, 0x00000007a8000000, 0x00000007a8000000)
  eden space 87424K,   0% used [0x00000007a0000000, 0x00000007a0000000, 0x00000007a5560000)
  from space 21824K, 100% used [0x00000007a5560000, 0x00000007a6ab0000, 0x00000007a6ab0000)
  to   space 21824K,   0% used [0x00000007a6ab0000, 0x00000007a6ab0000, 0x00000007a8000000)
 concurrent mark-sweep generation total 393216K, used 75778K [0x00000007a8000000, 0x00000007c0000000, 0x00000007c0000000)
 Metaspace       used 36233K, capacity 36808K, committed 37136K, reserved 1081344K
  class space    used 4114K, capacity 4279K, committed 4372K, reserved 1048576K
}
2016-10-23T18:06:10.035+0800: 135.041: Total time for which application threads were stopped: 0.0065017 seconds, Stopping threads took: 0.0000832 seconds
{Heap before GC invocations=726 (full 14):
 par new generation   total 109248K, used 109248K [0x00000007a0000000, 0x00000007a8000000, 0x00000007a8000000)
  eden space 87424K, 100% used [0x00000007a0000000, 0x00000007a5560000, 0x00000007a5560000)
  from space 21824K, 100% used [0x00000007a5560000, 0x00000007a6ab0000, 0x00000007a6ab0000)
  to   space 21824K,   0% used [0x00000007a6ab0000, 0x00000007a6ab0000, 0x00000007a8000000)
 concurrent mark-sweep generation total 393216K, used 75778K [0x00000007a8000000, 0x00000007c0000000, 0x00000007c0000000)
 Metaspace       used 36237K, capacity 36812K, committed 37136K, reserved 1081344K
  class space    used 4114K, capacity 4279K, committed 4372K, reserved 1048576K
2016-10-23T18:06:10.115+0800: 135.120: [GC (Allocation Failure) 2016-10-23T18:06:10.115+0800: 135.120: [ParNew
Desired survivor size 20112992 bytes, new threshold 8 (max 8)
- age   1:    3666088 bytes,    3666088 total
- age   2:     534640 bytes,    4200728 total
- age   3:    2211696 bytes,    6412424 total
- age   4:    7374512 bytes,   13786936 total
- age   5:    2791128 bytes,   16578064 total
- age   6:    1788984 bytes,   18367048 total
- age   7:     635296 bytes,   19002344 total
- age   8:    1112256 bytes,   20114600 total
: 109248K->21824K(109248K), 0.0070931 secs] 185026K->98395K(502464K), 0.0071646 secs] [Times: user=0.02 sys=0.00, real=0.01 secs] 
Heap after GC invocations=727 (full 14):
 par new generation   total 109248K, used 21824K [0x00000007a0000000, 0x00000007a8000000, 0x00000007a8000000)
  eden space 87424K,   0% used [0x00000007a0000000, 0x00000007a0000000, 0x00000007a5560000)
  from space 21824K, 100% used [0x00000007a6ab0000, 0x00000007a8000000, 0x00000007a8000000)
  to   space 21824K,   0% used [0x00000007a5560000, 0x00000007a5560000, 0x00000007a6ab0000)
 concurrent mark-sweep generation total 393216K, used 76571K [0x00000007a8000000, 0x00000007c0000000, 0x00000007c0000000)
 Metaspace       used 36237K, capacity 36812K, committed 37136K, reserved 1081344K
  class space    used 4114K, capacity 4279K, committed 4372K, reserved 1048576K
}
2016-10-23T18:06:10.122+0800: 135.128: Total time for which application threads were stopped: 0.0074043 seconds, Stopping threads took: 0.0000638 seconds
{Heap before GC invocations=727 (full 14):
 par new generation   total 109248K, used 109248K [0x00000007a0000000, 0x00000007a8000000, 0x00000007a8000000)
  eden space 87424K, 100% used [0x00000007a0000000, 0x00000007a5560000, 0x00000007a5560000)
  from space 21824K, 100% used [0x00000007a6ab0000, 0x00000007a8000000, 0x00000007a8000000)
  to   space 21824K,   0% used [0x00000007a5560000, 0x00000007a5560000, 0x00000007a6ab0000)
 concurrent mark-sweep generation total 393216K, used 76571K [0x00000007a8000000, 0x00000007c0000000, 0x00000007c0000000)
 Metaspace       used 36237K, capacity 36812K, committed 37136K, reserved 1081344K
  class space    used 4114K, capacity 4279K, committed 4372K, reserved 1048576K
2016-10-23T18:06:10.234+0800: 135.239: [GC (Allocation Failure) 2016-10-23T18:06:10.234+0800: 135.240: [ParNew
Desired survivor size 20112992 bytes, new threshold 7 (max 8)
- age   1:    4727688 bytes,    4727688 total
- age   2:    2273856 bytes,    7001544 total
- age   3:     451504 bytes,    7453048 total
- age   4:    2162216 bytes,    9615264 total
- age   5:    7271672 bytes,   16886936 total
- age   6:    2300008 bytes,   19186944 total
- age   7:    1549912 bytes,   20736856 total
- age   8:     510664 bytes,   21247520 total
: 109248K->21824K(109248K), 0.0075903 secs] 185819K->100568K(502464K), 0.0076482 secs] [Times: user=0.02 sys=0.00, real=0.01 secs] 
Heap after GC invocations=728 (full 14):
 par new generation   total 109248K, used 21824K [0x00000007a0000000, 0x00000007a8000000, 0x00000007a8000000)
  eden space 87424K,   0% used [0x00000007a0000000, 0x00000007a0000000, 0x00000007a5560000)
  from space 21824K, 100% used [0x00000007a5560000, 0x00000007a6ab0000, 0x00000007a6ab0000)
  to   space 21824K,   0% used [0x00000007a6ab0000, 0x00000007a6ab0000, 0x00000007a8000000)
 concurrent mark-sweep generation total 393216K, used 78744K [0x00000007a8000000, 0x00000007c0000000, 0x00000007c0000000)
 Metaspace       used 36237K, capacity 36812K, committed 37136K, reserved 1081344K
  class space    used 4114K, capacity 4279K, committed 4372K, reserved 1048576K
}
2016-10-23T18:06:10.242+0800: 135.247: Total time for which application threads were stopped: 0.0078361 seconds, Stopping threads took: 0.0000207 seconds
{Heap before GC invocations=728 (full 14):
 par new generation   total 109248K, used 109248K [0x00000007a0000000, 0x00000007a8000000, 0x00000007a8000000)
  eden space 87424K, 100% used [0x00000007a0000000, 0x00000007a5560000, 0x00000007a5560000)
  from space 21824K, 100% used [0x00000007a5560000, 0x00000007a6ab0000, 0x00000007a6ab0000)
  to   space 21824K,   0% used [0x00000007a6ab0000, 0x00000007a6ab0000, 0x00000007a8000000)
 concurrent mark-sweep generation total 393216K, used 78744K [0x00000007a8000000, 0x00000007c0000000, 0x00000007c0000000)
 Metaspace       used 36237K, capacity 36812K, committed 37136K, reserved 1081344K
  class space    used 4114K, capacity 4279K, committed 4372K, reserved 1048576K
2016-10-23T18:06:10.370+0800: 135.375: [GC (Allocation Failure) 2016-10-23T18:06:10.370+0800: 135.375: [ParNew
Desired survivor size 20112992 bytes, new threshold 8 (max 8)
- age   1:    5517600 bytes,    5517600 total
- age   2:    1676872 bytes,    7194472 total
- age   3:    1265488 bytes,    8459960 total
- age   4:     431328 bytes,    8891288 total
- age   5:    1827576 bytes,   10718864 total
- age   6:    6021328 bytes,   16740192 total
- age   7:    2212232 bytes,   18952424 total
: 109248K->21824K(109248K), 0.0088954 secs] 187992K->107222K(502464K), 0.0089572 secs] [Times: user=0.03 sys=0.00, real=0.00 secs] 
Heap after GC invocations=729 (full 14):
 par new generation   total 109248K, used 21824K [0x00000007a0000000, 0x00000007a8000000, 0x00000007a8000000)
  eden space 87424K,   0% used [0x00000007a0000000, 0x00000007a0000000, 0x00000007a5560000)
  from space 21824K, 100% used [0x00000007a6ab0000, 0x00000007a8000000, 0x00000007a8000000)
  to   space 21824K,   0% used [0x00000007a5560000, 0x00000007a5560000, 0x00000007a6ab0000)
 concurrent mark-sweep generation total 393216K, used 85398K [0x00000007a8000000, 0x00000007c0000000, 0x00000007c0000000)
 Metaspace       used 36237K, capacity 36812K, committed 37136K, reserved 1081344K
  class space    used 4114K, capacity 4279K, committed 4372K, reserved 1048576K
}
2016-10-23T18:06:10.379+0800: 135.384: Total time for which application threads were stopped: 0.0091756 seconds, Stopping threads took: 0.0000815 seconds
{Heap before GC invocations=729 (full 14):
 par new generation   total 109248K, used 109248K [0x00000007a0000000, 0x00000007a8000000, 0x00000007a8000000)
  eden space 87424K, 100% used [0x00000007a0000000, 0x00000007a5560000, 0x00000007a5560000)
  from space 21824K, 100% used [0x00000007a6ab0000, 0x00000007a8000000, 0x00000007a8000000)
  to   space 21824K,   0% used [0x00000007a5560000, 0x00000007a5560000, 0x00000007a6ab0000)
 concurrent mark-sweep generation total 393216K, used 85398K [0x00000007a8000000, 0x00000007c0000000, 0x00000007c0000000)
 Metaspace       used 36237K, capacity 36812K, committed 37136K, reserved 1081344K
  class space    used 4114K, capacity 4279K, committed 4372K, reserved 1048576K
2016-10-23T18:06:10.511+0800: 135.517: [GC (Allocation Failure) 2016-10-23T18:06:10.511+0800: 135.517: [ParNew
Desired survivor size 20112992 bytes, new threshold 8 (max 8)
- age   1:    3820304 bytes,    3820304 total
- age   2:    2322432 bytes,    6142736 total
- age   3:    1343016 bytes,    7485752 total
- age   4:    1140976 bytes,    8626728 total
- age   5:     414112 bytes,    9040840 total
- age   6:    1780552 bytes,   10821392 total
- age   7:    5284384 bytes,   16105776 total
- age   8:    2078368 bytes,   18184144 total
: 109248K->21824K(109248K), 0.0083096 secs] 194646K->112784K(502464K), 0.0083655 secs] [Times: user=0.03 sys=0.00, real=0.00 secs] 
Heap after GC invocations=730 (full 14):
 par new generation   total 109248K, used 21824K [0x00000007a0000000, 0x00000007a8000000, 0x00000007a8000000)
  eden space 87424K,   0% used [0x00000007a0000000, 0x00000007a0000000, 0x00000007a5560000)
  from space 21824K, 100% used [0x00000007a5560000, 0x00000007a6ab0000, 0x00000007a6ab0000)
  to   space 21824K,   0% used [0x00000007a6ab0000, 0x00000007a6ab0000, 0x00000007a8000000)
 concurrent mark-sweep generation total 393216K, used 90960K [0x00000007a8000000, 0x00000007c0000000, 0x00000007c0000000)
 Metaspace       used 36237K, capacity 36812K, committed 37136K, reserved 1081344K
  class space    used 4114K, capacity 4279K, committed 4372K, reserved 1048576K
}
2016-10-23T18:06:10.519+0800: 135.525: Total time for which application threads were stopped: 0.0085783 seconds, Stopping threads took: 0.0000733 seconds
{Heap before GC invocations=730 (full 14):
 par new generation   total 109248K, used 109248K [0x00000007a0000000, 0x00000007a8000000, 0x00000007a8000000)
  eden space 87424K, 100% used [0x00000007a0000000, 0x00000007a5560000, 0x00000007a5560000)
  from space 21824K, 100% used [0x00000007a5560000, 0x00000007a6ab0000, 0x00000007a6ab0000)
  to   space 21824K,   0% used [0x00000007a6ab0000, 0x00000007a6ab0000, 0x00000007a8000000)
 concurrent mark-sweep generation total 393216K, used 90960K [0x00000007a8000000, 0x00000007c0000000, 0x00000007c0000000)
 Metaspace       used 36237K, capacity 36812K, committed 37136K, reserved 1081344K
  class space    used 4114K, capacity 4279K, committed 4372K, reserved 1048576K
2016-10-23T18:06:10.654+0800: 135.660: [GC (Allocation Failure) 2016-10-23T18:06:10.654+0800: 135.660: [ParNew
Desired survivor size 20112992 bytes, new threshold 8 (max 8)
- age   1:    6979808 bytes,    6979808 total
- age   2:    2003040 bytes,    8982848 total
- age   3:    1862792 bytes,   10845640 total
- age   4:    1187840 bytes,   12033480 total
- age   5:    1028552 bytes,   13062032 total
- age   6:     396904 bytes,   13458936 total
- age   7:    1678112 bytes,   15137048 total
- age   8:    5247512 bytes,   20384560 total
: 109248K->21824K(109248K), 0.0092128 secs] 200208K->116680K(502464K), 0.0092750 secs] [Times: user=0.04 sys=0.00, real=0.01 secs] 
Heap after GC invocations=731 (full 14):
 par new generation   total 109248K, used 21824K [0x00000007a0000000, 0x00000007a8000000, 0x00000007a8000000)
  eden space 87424K,   0% used [0x00000007a0000000, 0x00000007a0000000, 0x00000007a5560000)
  from space 21824K, 100% used [0x00000007a6ab0000, 0x00000007a8000000, 0x00000007a8000000)
  to   space 21824K,   0% used [0x00000007a5560000, 0x00000007a5560000, 0x00000007a6ab0000)
 concurrent mark-sweep generation total 393216K, used 94856K [0x00000007a8000000, 0x00000007c0000000, 0x00000007c0000000)
 Metaspace       used 36237K, capacity 36812K, committed 37136K, reserved 1081344K
  class space    used 4114K, capacity 4279K, committed 4372K, reserved 1048576K
}
2016-10-23T18:06:10.664+0800: 135.669: Total time for which application threads were stopped: 0.0094970 seconds, Stopping threads took: 0.0000708 seconds
{Heap before GC invocations=731 (full 14):
 par new generation   total 109248K, used 109248K [0x00000007a0000000, 0x00000007a8000000, 0x00000007a8000000)
  eden space 87424K, 100% used [0x00000007a0000000, 0x00000007a5560000, 0x00000007a5560000)
  from space 21824K, 100% used [0x00000007a6ab0000, 0x00000007a8000000, 0x00000007a8000000)
  to   space 21824K,   0% used [0x00000007a5560000, 0x00000007a5560000, 0x00000007a6ab0000)
 concurrent mark-sweep generation total 393216K, used 94856K [0x00000007a8000000, 0x00000007c0000000, 0x00000007c0000000)
 Metaspace       used 36237K, capacity 36812K, committed 37136K, reserved 1081344K
  class space    used 4114K, capacity 4279K, committed 4372K, reserved 1048576K
2016-10-23T18:06:10.795+0800: 135.800: [GC (Allocation Failure) 2016-10-23T18:06:10.795+0800: 135.800: [ParNew
Desired survivor size 20112992 bytes, new threshold 8 (max 8)
- age   1:    7363376 bytes,    7363376 total
- age   2:    2689040 bytes,   10052416 total
- age   3:    1908008 bytes,   11960424 total
- age   4:    1389216 bytes,   13349640 total
- age   5:    1176200 bytes,   14525840 total
- age   6:    1019568 bytes,   15545408 total
- age   7:     394936 bytes,   15940344 total
- age   8:    1224880 bytes,   17165224 total
: 109248K->21824K(109248K), 0.0088156 secs] 204104K->124886K(502464K), 0.0088704 secs] [Times: user=0.03 sys=0.00, real=0.01 secs] 
Heap after GC invocations=732 (full 14):
 par new generation   total 109248K, used 21824K [0x00000007a0000000, 0x00000007a8000000, 0x00000007a8000000)
  eden space 87424K,   0% used [0x00000007a0000000, 0x00000007a0000000, 0x00000007a5560000)
  from space 21824K, 100% used [0x00000007a5560000, 0x00000007a6ab0000, 0x00000007a6ab0000)
  to   space 21824K,   0% used [0x00000007a6ab0000, 0x00000007a6ab0000, 0x00000007a8000000)
 concurrent mark-sweep generation total 393216K, used 103062K [0x00000007a8000000, 0x00000007c0000000, 0x00000007c0000000)
 Metaspace       used 36237K, capacity 36812K, committed 37136K, reserved 1081344K
  class space    used 4114K, capacity 4279K, committed 4372K, reserved 1048576K
}
2016-10-23T18:06:10.804+0800: 135.809: Total time for which application threads were stopped: 0.0091104 seconds, Stopping threads took: 0.0000548 seconds
{Heap before GC invocations=732 (full 14):
 par new generation   total 109248K, used 109248K [0x00000007a0000000, 0x00000007a8000000, 0x00000007a8000000)
  eden space 87424K, 100% used [0x00000007a0000000, 0x00000007a5560000, 0x00000007a5560000)
  from space 21824K, 100% used [0x00000007a5560000, 0x00000007a6ab0000, 0x00000007a6ab0000)
  to   space 21824K,   0% used [0x00000007a6ab0000, 0x00000007a6ab0000, 0x00000007a8000000)
 concurrent mark-sweep generation total 393216K, used 103062K [0x00000007a8000000, 0x00000007c0000000, 0x00000007c0000000)
 Metaspace       used 36238K, capacity 36812K, committed 37136K, reserved 1081344K
  class space    used 4114K, capacity 4279K, committed 4372K, reserved 1048576K
2016-10-23T18:06:10.944+0800: 135.950: [GC (Allocation Failure) 2016-10-23T18:06:10.944+0800: 135.950: [ParNew
Desired survivor size 20112992 bytes, new threshold 8 (max 8)
- age   1:    6487488 bytes,    6487488 total
- age   2:    4673912 bytes,   11161400 total
- age   3:    2537456 bytes,   13698856 total
- age   4:    1735816 bytes,   15434672 total
- age   5:    1239584 bytes,   16674256 total
- age   6:    1042152 bytes,   17716408 total
- age   7:     934200 bytes,   18650608 total
- age   8:     370120 bytes,   19020728 total
: 109248K->21824K(109248K), 0.0087127 secs] 212310K->126586K(502464K), 0.0087553 secs] [Times: user=0.03 sys=0.00, real=0.01 secs] 
Heap after GC invocations=733 (full 14):
 par new generation   total 109248K, used 21824K [0x00000007a0000000, 0x00000007a8000000, 0x00000007a8000000)
  eden space 87424K,   0% used [0x00000007a0000000, 0x00000007a0000000, 0x00000007a5560000)
  from space 21824K, 100% used [0x00000007a6ab0000, 0x00000007a8000000, 0x00000007a8000000)
  to   space 21824K,   0% used [0x00000007a5560000, 0x00000007a5560000, 0x00000007a6ab0000)
 concurrent mark-sweep generation total 393216K, used 104762K [0x00000007a8000000, 0x00000007c0000000, 0x00000007c0000000)
 Metaspace       used 36238K, capacity 36812K, committed 37136K, reserved 1081344K
  class space    used 4114K, capacity 4279K, committed 4372K, reserved 1048576K
}
2016-10-23T18:06:10.953+0800: 135.958: Total time for which application threads were stopped: 0.0090425 seconds, Stopping threads took: 0.0001016 seconds
{Heap before GC invocations=733 (full 14):
 par new generation   total 109248K, used 109248K [0x00000007a0000000, 0x00000007a8000000, 0x00000007a8000000)
  eden space 87424K, 100% used [0x00000007a0000000, 0x00000007a5560000, 0x00000007a5560000)
  from space 21824K, 100% used [0x00000007a6ab0000, 0x00000007a8000000, 0x00000007a8000000)
  to   space 21824K,   0% used [0x00000007a5560000, 0x00000007a5560000, 0x00000007a6ab0000)
 concurrent mark-sweep generation total 393216K, used 104762K [0x00000007a8000000, 0x00000007c0000000, 0x00000007c0000000)
 Metaspace       used 36238K, capacity 36812K, committed 37136K, reserved 1081344K
  class space    used 4114K, capacity 4279K, committed 4372K, reserved 1048576K
2016-10-23T18:06:10.995+0800: 136.001: [GC (Allocation Failure) 2016-10-23T18:06:10.995+0800: 136.001: [ParNew
Desired survivor size 20112992 bytes, new threshold 8 (max 8)
- age   1:     923080 bytes,     923080 total
- age   2:    4729176 bytes,    5652256 total
- age   3:    4658376 bytes,   10310632 total
- age   4:    2524272 bytes,   12834904 total
- age   5:    1723336 bytes,   14558240 total
- age   6:    1227040 bytes,   15785280 total
- age   7:    1030248 bytes,   16815528 total
- age   8:     928184 bytes,   17743712 total
: 109248K->21824K(109248K), 0.0070431 secs] 214010K->128602K(502464K), 0.0070917 secs] [Times: user=0.02 sys=0.00, real=0.01 secs] 
Heap after GC invocations=734 (full 14):
 par new generation   total 109248K, used 21824K [0x00000007a0000000, 0x00000007a8000000, 0x00000007a8000000)
  eden space 87424K,   0% used [0x00000007a0000000, 0x00000007a0000000, 0x00000007a5560000)
  from space 21824K, 100% used [0x00000007a5560000, 0x00000007a6ab0000, 0x00000007a6ab0000)
  to   space 21824K,   0% used [0x00000007a6ab0000, 0x00000007a6ab0000, 0x00000007a8000000)
 concurrent mark-sweep generation total 393216K, used 106778K [0x00000007a8000000, 0x00000007c0000000, 0x00000007c0000000)
 Metaspace       used 36238K, capacity 36812K, committed 37136K, reserved 1081344K
  class space    used 4114K, capacity 4279K, committed 4372K, reserved 1048576K
}
2016-10-23T18:06:11.002+0800: 136.008: Total time for which application threads were stopped: 0.0073321 seconds, Stopping threads took: 0.0000908 seconds
{Heap before GC invocations=734 (full 14):
 par new generation   total 109248K, used 109248K [0x00000007a0000000, 0x00000007a8000000, 0x00000007a8000000)
  eden space 87424K, 100% used [0x00000007a0000000, 0x00000007a5560000, 0x00000007a5560000)
  from space 21824K, 100% used [0x00000007a5560000, 0x00000007a6ab0000, 0x00000007a6ab0000)
  to   space 21824K,   0% used [0x00000007a6ab0000, 0x00000007a6ab0000, 0x00000007a8000000)
 concurrent mark-sweep generation total 393216K, used 106778K [0x00000007a8000000, 0x00000007c0000000, 0x00000007c0000000)
 Metaspace       used 36247K, capacity 36812K, committed 37136K, reserved 1081344K
  class space    used 4114K, capacity 4279K, committed 4372K, reserved 1048576K
2016-10-23T18:06:11.093+0800: 136.098: [GC (Allocation Failure) 2016-10-23T18:06:11.093+0800: 136.098: [ParNew
Desired survivor size 20112992 bytes, new threshold 8 (max 8)
- age   1:    3823152 bytes,    3823152 total
- age   2:     270384 bytes,    4093536 total
- age   3:    4394376 bytes,    8487912 total
- age   4:    4462112 bytes,   12950024 total
- age   5:    2389160 bytes,   15339184 total
- age   6:    1598368 bytes,   16937552 total
- age   7:    1102984 bytes,   18040536 total
- age   8:     909624 bytes,   18950160 total
: 109248K->21824K(109248K), 0.0077516 secs] 216026K->130544K(502464K), 0.0078122 secs] [Times: user=0.03 sys=0.00, real=0.01 secs] 
Heap after GC invocations=735 (full 14):
 par new generation   total 109248K, used 21824K [0x00000007a0000000, 0x00000007a8000000, 0x00000007a8000000)
  eden space 87424K,   0% used [0x00000007a0000000, 0x00000007a0000000, 0x00000007a5560000)
  from space 21824K, 100% used [0x00000007a6ab0000, 0x00000007a8000000, 0x00000007a8000000)
  to   space 21824K,   0% used [0x00000007a5560000, 0x00000007a5560000, 0x00000007a6ab0000)
 concurrent mark-sweep generation total 393216K, used 108720K [0x00000007a8000000, 0x00000007c0000000, 0x00000007c0000000)
 Metaspace       used 36247K, capacity 36812K, committed 37136K, reserved 1081344K
  class space    used 4114K, capacity 4279K, committed 4372K, reserved 1048576K
}
2016-10-23T18:06:11.101+0800: 136.106: Total time for which application threads were stopped: 0.0080555 seconds, Stopping threads took: 0.0000829 seconds
{Heap before GC invocations=735 (full 14):
 par new generation   total 109248K, used 109248K [0x00000007a0000000, 0x00000007a8000000, 0x00000007a8000000)
  eden space 87424K, 100% used [0x00000007a0000000, 0x00000007a5560000, 0x00000007a5560000)
  from space 21824K, 100% used [0x00000007a6ab0000, 0x00000007a8000000, 0x00000007a8000000)
  to   space 21824K,   0% used [0x00000007a5560000, 0x00000007a5560000, 0x00000007a6ab0000)
 concurrent mark-sweep generation total 393216K, used 108720K [0x00000007a8000000, 0x00000007c0000000, 0x00000007c0000000)
 Metaspace       used 36247K, capacity 36812K, committed 37136K, reserved 1081344K
  class space    used 4114K, capacity 4279K, committed 4372K, reserved 1048576K
2016-10-23T18:06:11.225+0800: 136.230: [GC (Allocation Failure) 2016-10-23T18:06:11.225+0800: 136.230: [ParNew
Desired survivor size 20112992 bytes, new threshold 8 (max 8)
- age   1:    4038952 bytes,    4038952 total
- age   2:    2068608 bytes,    6107560 total
- age   3:     209344 bytes,    6316904 total
- age   4:    4219928 bytes,   10536832 total
- age   5:    4183496 bytes,   14720328 total
- age   6:    2294160 bytes,   17014488 total
- age   7:    1536104 bytes,   18550592 total
- age   8:    1047272 bytes,   19597864 total
: 109248K->21824K(109248K), 0.0077845 secs] 217968K->133940K(502464K), 0.0078542 secs] [Times: user=0.03 sys=0.00, real=0.01 secs] 
Heap after GC invocations=736 (full 14):
 par new generation   total 109248K, used 21824K [0x00000007a0000000, 0x00000007a8000000, 0x00000007a8000000)
  eden space 87424K,   0% used [0x00000007a0000000, 0x00000007a0000000, 0x00000007a5560000)
  from space 21824K, 100% used [0x00000007a5560000, 0x00000007a6ab0000, 0x00000007a6ab0000)
  to   space 21824K,   0% used [0x00000007a6ab0000, 0x00000007a6ab0000, 0x00000007a8000000)
 concurrent mark-sweep generation total 393216K, used 112116K [0x00000007a8000000, 0x00000007c0000000, 0x00000007c0000000)
 Metaspace       used 36247K, capacity 36812K, committed 37136K, reserved 1081344K
  class space    used 4114K, capacity 4279K, committed 4372K, reserved 1048576K
}
2016-10-23T18:06:11.233+0800: 136.238: Total time for which application threads were stopped: 0.0080723 seconds, Stopping threads took: 0.0000679 seconds
{Heap before GC invocations=736 (full 14):
 par new generation   total 109248K, used 109248K [0x00000007a0000000, 0x00000007a8000000, 0x00000007a8000000)
  eden space 87424K, 100% used [0x00000007a0000000, 0x00000007a5560000, 0x00000007a5560000)
  from space 21824K, 100% used [0x00000007a5560000, 0x00000007a6ab0000, 0x00000007a6ab0000)
  to   space 21824K,   0% used [0x00000007a6ab0000, 0x00000007a6ab0000, 0x00000007a8000000)
 concurrent mark-sweep generation total 393216K, used 112116K [0x00000007a8000000, 0x00000007c0000000, 0x00000007c0000000)
 Metaspace       used 36247K, capacity 36812K, committed 37136K, reserved 1081344K
  class space    used 4114K, capacity 4279K, committed 4372K, reserved 1048576K
2016-10-23T18:06:11.364+0800: 136.370: [GC (Allocation Failure) 2016-10-23T18:06:11.364+0800: 136.370: [ParNew
Desired survivor size 20112992 bytes, new threshold 8 (max 8)
- age   1:    5302864 bytes,    5302864 total
- age   2:    1857952 bytes,    7160816 total
- age   3:    1267288 bytes,    8428104 total
- age   4:     181792 bytes,    8609896 total
- age   5:    2927200 bytes,   11537096 total
- age   6:    3881432 bytes,   15418528 total
- age   7:    2258320 bytes,   17676848 total
- age   8:    1522896 bytes,   19199744 total
: 109248K->21824K(109248K), 0.0097921 secs] 221364K->138979K(502464K), 0.0098688 secs] [Times: user=0.04 sys=0.00, real=0.01 secs] 
Heap after GC invocations=737 (full 14):
 par new generation   total 109248K, used 21824K [0x00000007a0000000, 0x00000007a8000000, 0x00000007a8000000)
  eden space 87424K,   0% used [0x00000007a0000000, 0x00000007a0000000, 0x00000007a5560000)
  from space 21824K, 100% used [0x00000007a6ab0000, 0x00000007a8000000, 0x00000007a8000000)
  to   space 21824K,   0% used [0x00000007a5560000, 0x00000007a5560000, 0x00000007a6ab0000)
 concurrent mark-sweep generation total 393216K, used 117155K [0x00000007a8000000, 0x00000007c0000000, 0x00000007c0000000)
 Metaspace       used 36247K, capacity 36812K, committed 37136K, reserved 1081344K
  class space    used 4114K, capacity 4279K, committed 4372K, reserved 1048576K
}
2016-10-23T18:06:11.374+0800: 136.379: Total time for which application threads were stopped: 0.0101056 seconds, Stopping threads took: 0.0000700 seconds
{Heap before GC invocations=737 (full 14):
 par new generation   total 109248K, used 109248K [0x00000007a0000000, 0x00000007a8000000, 0x00000007a8000000)
  eden space 87424K, 100% used [0x00000007a0000000, 0x00000007a5560000, 0x00000007a5560000)
  from space 21824K, 100% used [0x00000007a6ab0000, 0x00000007a8000000, 0x00000007a8000000)
  to   space 21824K,   0% used [0x00000007a5560000, 0x00000007a5560000, 0x00000007a6ab0000)
 concurrent mark-sweep generation total 393216K, used 117155K [0x00000007a8000000, 0x00000007c0000000, 0x00000007c0000000)
 Metaspace       used 36247K, capacity 36812K, committed 37136K, reserved 1081344K
  class space    used 4114K, capacity 4279K, committed 4372K, reserved 1048576K
2016-10-23T18:06:11.507+0800: 136.512: [GC (Allocation Failure) 2016-10-23T18:06:11.507+0800: 136.512: [ParNew
Desired survivor size 20112992 bytes, new threshold 8 (max 8)
- age   1:    6732016 bytes,    6732016 total
- age   2:    2396696 bytes,    9128712 total
- age   3:    1173368 bytes,   10302080 total
- age   4:    1178672 bytes,   11480752 total
- age   5:     155136 bytes,   11635888 total
- age   6:    2743392 bytes,   14379280 total
- age   7:    3419912 bytes,   17799192 total
- age   8:    2224088 bytes,   20023280 total
: 109248K->21824K(109248K), 0.0094073 secs] 226403K->143280K(502464K), 0.0094663 secs] [Times: user=0.03 sys=0.00, real=0.01 secs] 
Heap after GC invocations=738 (full 14):
 par new generation   total 109248K, used 21824K [0x00000007a0000000, 0x00000007a8000000, 0x00000007a8000000)
  eden space 87424K,   0% used [0x00000007a0000000, 0x00000007a0000000, 0x00000007a5560000)
  from space 21824K, 100% used [0x00000007a5560000, 0x00000007a6ab0000, 0x00000007a6ab0000)
  to   space 21824K,   0% used [0x00000007a6ab0000, 0x00000007a6ab0000, 0x00000007a8000000)
 concurrent mark-sweep generation total 393216K, used 121456K [0x00000007a8000000, 0x00000007c0000000, 0x00000007c0000000)
 Metaspace       used 36247K, capacity 36812K, committed 37136K, reserved 1081344K
  class space    used 4114K, capacity 4279K, committed 4372K, reserved 1048576K
}
2016-10-23T18:06:11.516+0800: 136.522: Total time for which application threads were stopped: 0.0096803 seconds, Stopping threads took: 0.0000657 seconds
{Heap before GC invocations=738 (full 14):
 par new generation   total 109248K, used 109248K [0x00000007a0000000, 0x00000007a8000000, 0x00000007a8000000)
  eden space 87424K, 100% used [0x00000007a0000000, 0x00000007a5560000, 0x00000007a5560000)
  from space 21824K, 100% used [0x00000007a5560000, 0x00000007a6ab0000, 0x00000007a6ab0000)
  to   space 21824K,   0% used [0x00000007a6ab0000, 0x00000007a6ab0000, 0x00000007a8000000)
 concurrent mark-sweep generation total 393216K, used 121456K [0x00000007a8000000, 0x00000007c0000000, 0x00000007c0000000)
 Metaspace       used 36247K, capacity 36812K, committed 37136K, reserved 1081344K
  class space    used 4114K, capacity 4279K, committed 4372K, reserved 1048576K
2016-10-23T18:06:11.650+0800: 136.656: [GC (Allocation Failure) 2016-10-23T18:06:11.650+0800: 136.656: [ParNew
Desired survivor size 20112992 bytes, new threshold 8 (max 8)
- age   1:    7451856 bytes,    7451856 total
- age   2:    3016888 bytes,   10468744 total
- age   3:    2148368 bytes,   12617112 total
- age   4:     945424 bytes,   13562536 total
- age   5:    1125568 bytes,   14688104 total
- age   6:     134608 bytes,   14822712 total
- age   7:    2219408 bytes,   17042120 total
- age   8:    3419912 bytes,   20462032 total
: 109248K->21824K(109248K), 0.0099023 secs] 230704K->146750K(502464K), 0.0099444 secs] [Times: user=0.04 sys=0.00, real=0.01 secs] 
Heap after GC invocations=739 (full 14):
 par new generation   total 109248K, used 21824K [0x00000007a0000000, 0x00000007a8000000, 0x00000007a8000000)
  eden space 87424K,   0% used [0x00000007a0000000, 0x00000007a0000000, 0x00000007a5560000)
  from space 21824K, 100% used [0x00000007a6ab0000, 0x00000007a8000000, 0x00000007a8000000)
  to   space 21824K,   0% used [0x00000007a5560000, 0x00000007a5560000, 0x00000007a6ab0000)
 concurrent mark-sweep generation total 393216K, used 124926K [0x00000007a8000000, 0x00000007c0000000, 0x00000007c0000000)
 Metaspace       used 36247K, capacity 36812K, committed 37136K, reserved 1081344K
  class space    used 4114K, capacity 4279K, committed 4372K, reserved 1048576K
}
2016-10-23T18:06:11.660+0800: 136.666: Total time for which application threads were stopped: 0.0101108 seconds, Stopping threads took: 0.0000288 seconds
{Heap before GC invocations=739 (full 14):
 par new generation   total 109248K, used 109248K [0x00000007a0000000, 0x00000007a8000000, 0x00000007a8000000)
  eden space 87424K, 100% used [0x00000007a0000000, 0x00000007a5560000, 0x00000007a5560000)
  from space 21824K, 100% used [0x00000007a6ab0000, 0x00000007a8000000, 0x00000007a8000000)
  to   space 21824K,   0% used [0x00000007a5560000, 0x00000007a5560000, 0x00000007a6ab0000)
 concurrent mark-sweep generation total 393216K, used 124926K [0x00000007a8000000, 0x00000007c0000000, 0x00000007c0000000)
 Metaspace       used 36247K, capacity 36812K, committed 37136K, reserved 1081344K
  class space    used 4114K, capacity 4279K, committed 4372K, reserved 1048576K
2016-10-23T18:06:11.794+0800: 136.800: [GC (Allocation Failure) 2016-10-23T18:06:11.795+0800: 136.800: [ParNew
Desired survivor size 20112992 bytes, new threshold 8 (max 8)
- age   1:    9150560 bytes,    9150560 total
- age   2:    2624032 bytes,   11774592 total
- age   3:    2353432 bytes,   14128024 total
- age   4:    1243760 bytes,   15371784 total
- age   5:     906440 bytes,   16278224 total
- age   6:    1108496 bytes,   17386720 total
- age   7:     127136 bytes,   17513856 total
- age   8:    2205040 bytes,   19718896 total
: 109248K->21824K(109248K), 0.0100491 secs] 234174K->151988K(502464K), 0.0101119 secs] [Times: user=0.03 sys=0.00, real=0.01 secs] 
Heap after GC invocations=740 (full 14):
 par new generation   total 109248K, used 21824K [0x00000007a0000000, 0x00000007a8000000, 0x00000007a8000000)
  eden space 87424K,   0% used [0x00000007a0000000, 0x00000007a0000000, 0x00000007a5560000)
  from space 21824K, 100% used [0x00000007a5560000, 0x00000007a6ab0000, 0x00000007a6ab0000)
  to   space 21824K,   0% used [0x00000007a6ab0000, 0x00000007a6ab0000, 0x00000007a8000000)
 concurrent mark-sweep generation total 393216K, used 130164K [0x00000007a8000000, 0x00000007c0000000, 0x00000007c0000000)
 Metaspace       used 36247K, capacity 36812K, committed 37136K, reserved 1081344K
  class space    used 4114K, capacity 4279K, committed 4372K, reserved 1048576K
}
2016-10-23T18:06:11.805+0800: 136.810: Total time for which application threads were stopped: 0.0102886 seconds, Stopping threads took: 0.0000209 seconds
{Heap before GC invocations=740 (full 14):
 par new generation   total 109248K, used 109248K [0x00000007a0000000, 0x00000007a8000000, 0x00000007a8000000)
  eden space 87424K, 100% used [0x00000007a0000000, 0x00000007a5560000, 0x00000007a5560000)
  from space 21824K, 100% used [0x00000007a5560000, 0x00000007a6ab0000, 0x00000007a6ab0000)
  to   space 21824K,   0% used [0x00000007a6ab0000, 0x00000007a6ab0000, 0x00000007a8000000)
 concurrent mark-sweep generation total 393216K, used 130164K [0x00000007a8000000, 0x00000007c0000000, 0x00000007c0000000)
 Metaspace       used 36247K, capacity 36812K, committed 37136K, reserved 1081344K
  class space    used 4114K, capacity 4279K, committed 4372K, reserved 1048576K
2016-10-23T18:06:11.944+0800: 136.950: [GC (Allocation Failure) 2016-10-23T18:06:11.944+0800: 136.950: [ParNew
Desired survivor size 20112992 bytes, new threshold 8 (max 8)
- age   1:    5307488 bytes,    5307488 total
- age   2:    6854136 bytes,   12161624 total
- age   3:    2233200 bytes,   14394824 total
- age   4:    2201840 bytes,   16596664 total
- age   5:    1056944 bytes,   17653608 total
- age   6:     859640 bytes,   18513248 total
- age   7:    1035664 bytes,   19548912 total
- age   8:     121744 bytes,   19670656 total
: 109248K->21824K(109248K), 0.0093821 secs] 239412K->154654K(502464K), 0.0094251 secs] [Times: user=0.04 sys=0.00, real=0.01 secs] 
Heap after GC invocations=741 (full 14):
 par new generation   total 109248K, used 21824K [0x00000007a0000000, 0x00000007a8000000, 0x00000007a8000000)
  eden space 87424K,   0% used [0x00000007a0000000, 0x00000007a0000000, 0x00000007a5560000)
  from space 21824K, 100% used [0x00000007a6ab0000, 0x00000007a8000000, 0x00000007a8000000)
  to   space 21824K,   0% used [0x00000007a5560000, 0x00000007a5560000, 0x00000007a6ab0000)
 concurrent mark-sweep generation total 393216K, used 132830K [0x00000007a8000000, 0x00000007c0000000, 0x00000007c0000000)
 Metaspace       used 36247K, capacity 36812K, committed 37136K, reserved 1081344K
  class space    used 4114K, capacity 4279K, committed 4372K, reserved 1048576K
}
2016-10-23T18:06:11.954+0800: 136.959: Total time for which application threads were stopped: 0.0096541 seconds, Stopping threads took: 0.0000744 seconds
{Heap before GC invocations=741 (full 14):
 par new generation   total 109248K, used 109248K [0x00000007a0000000, 0x00000007a8000000, 0x00000007a8000000)
  eden space 87424K, 100% used [0x00000007a0000000, 0x00000007a5560000, 0x00000007a5560000)
  from space 21824K, 100% used [0x00000007a6ab0000, 0x00000007a8000000, 0x00000007a8000000)
  to   space 21824K,   0% used [0x00000007a5560000, 0x00000007a5560000, 0x00000007a6ab0000)
 concurrent mark-sweep generation total 393216K, used 132830K [0x00000007a8000000, 0x00000007c0000000, 0x00000007c0000000)
 Metaspace       used 36247K, capacity 36812K, committed 37136K, reserved 1081344K
  class space    used 4114K, capacity 4279K, committed 4372K, reserved 1048576K
2016-10-23T18:06:12.013+0800: 137.019: [GC (Allocation Failure) 2016-10-23T18:06:12.013+0800: 137.019: [ParNew
Desired survivor size 20112992 bytes, new threshold 8 (max 8)
- age   1:    1333672 bytes,    1333672 total
- age   2:    4668736 bytes,    6002408 total
- age   3:    6393920 bytes,   12396328 total
- age   4:    2069496 bytes,   14465824 total
- age   5:    2201208 bytes,   16667032 total
- age   6:    1056168 bytes,   17723200 total
- age   7:     859000 bytes,   18582200 total
- age   8:    1035432 bytes,   19617632 total
: 109248K->21824K(109248K), 0.0083085 secs] 242078K->155597K(502464K), 0.0083549 secs] [Times: user=0.03 sys=0.00, real=0.01 secs] 
Heap after GC invocations=742 (full 14):
 par new generation   total 109248K, used 21824K [0x00000007a0000000, 0x00000007a8000000, 0x00000007a8000000)
  eden space 87424K,   0% used [0x00000007a0000000, 0x00000007a0000000, 0x00000007a5560000)
  from space 21824K, 100% used [0x00000007a5560000, 0x00000007a6ab0000, 0x00000007a6ab0000)
  to   space 21824K,   0% used [0x00000007a6ab0000, 0x00000007a6ab0000, 0x00000007a8000000)
 concurrent mark-sweep generation total 393216K, used 133773K [0x00000007a8000000, 0x00000007c0000000, 0x00000007c0000000)
 Metaspace       used 36247K, capacity 36812K, committed 37136K, reserved 1081344K
  class space    used 4114K, capacity 4279K, committed 4372K, reserved 1048576K
}
2016-10-23T18:06:12.022+0800: 137.027: Total time for which application threads were stopped: 0.0085817 seconds, Stopping threads took: 0.0000779 seconds
{Heap before GC invocations=742 (full 14):
 par new generation   total 109248K, used 109248K [0x00000007a0000000, 0x00000007a8000000, 0x00000007a8000000)
  eden space 87424K, 100% used [0x00000007a0000000, 0x00000007a5560000, 0x00000007a5560000)
  from space 21824K, 100% used [0x00000007a5560000, 0x00000007a6ab0000, 0x00000007a6ab0000)
  to   space 21824K,   0% used [0x00000007a6ab0000, 0x00000007a6ab0000, 0x00000007a8000000)
 concurrent mark-sweep generation total 393216K, used 133773K [0x00000007a8000000, 0x00000007c0000000, 0x00000007c0000000)
 Metaspace       used 36250K, capacity 36812K, committed 37136K, reserved 1081344K
  class space    used 4114K, capacity 4279K, committed 4372K, reserved 1048576K
2016-10-23T18:06:12.112+0800: 137.118: [GC (Allocation Failure) 2016-10-23T18:06:12.112+0800: 137.118: [ParNew
Desired survivor size 20112992 bytes, new threshold 8 (max 8)
- age   1:    2416288 bytes,    2416288 total
- age   2:     471608 bytes,    2887896 total
- age   3:    3835312 bytes,    6723208 total
- age   4:    6176096 bytes,   12899304 total
- age   5:    1844232 bytes,   14743536 total
- age   6:    2168048 bytes,   16911584 total
- age   7:     891184 bytes,   17802768 total
- age   8:     801448 bytes,   18604216 total
: 109248K->21824K(109248K), 0.0066887 secs] 243021K->159483K(502464K), 0.0067675 secs] [Times: user=0.03 sys=0.00, real=0.00 secs] 
Heap after GC invocations=743 (full 14):
 par new generation   total 109248K, used 21824K [0x00000007a0000000, 0x00000007a8000000, 0x00000007a8000000)
  eden space 87424K,   0% used [0x00000007a0000000, 0x00000007a0000000, 0x00000007a5560000)
  from space 21824K, 100% used [0x00000007a6ab0000, 0x00000007a8000000, 0x00000007a8000000)
  to   space 21824K,   0% used [0x00000007a5560000, 0x00000007a5560000, 0x00000007a6ab0000)
 concurrent mark-sweep generation total 393216K, used 137659K [0x00000007a8000000, 0x00000007c0000000, 0x00000007c0000000)
 Metaspace       used 36250K, capacity 36812K, committed 37136K, reserved 1081344K
  class space    used 4114K, capacity 4279K, committed 4372K, reserved 1048576K
}
2016-10-23T18:06:12.119+0800: 137.125: Total time for which application threads were stopped: 0.0070020 seconds, Stopping threads took: 0.0000657 seconds
{Heap before GC invocations=743 (full 14):
 par new generation   total 109248K, used 109248K [0x00000007a0000000, 0x00000007a8000000, 0x00000007a8000000)
  eden space 87424K, 100% used [0x00000007a0000000, 0x00000007a5560000, 0x00000007a5560000)
  from space 21824K, 100% used [0x00000007a6ab0000, 0x00000007a8000000, 0x00000007a8000000)
  to   space 21824K,   0% used [0x00000007a5560000, 0x00000007a5560000, 0x00000007a6ab0000)
 concurrent mark-sweep generation total 393216K, used 137659K [0x00000007a8000000, 0x00000007c0000000, 0x00000007c0000000)
 Metaspace       used 36250K, capacity 36812K, committed 37136K, reserved 1081344K
  class space    used 4114K, capacity 4279K, committed 4372K, reserved 1048576K
2016-10-23T18:06:12.238+0800: 137.244: [GC (Allocation Failure) 2016-10-23T18:06:12.238+0800: 137.244: [ParNew
Desired survivor size 20112992 bytes, new threshold 8 (max 8)
- age   1:    4891752 bytes,    4891752 total
- age   2:    1653960 bytes,    6545712 total
- age   3:     395744 bytes,    6941456 total
- age   4:    3094880 bytes,   10036336 total
- age   5:    5955536 bytes,   15991872 total
- age   6:    1732064 bytes,   17723936 total
- age   7:    1939672 bytes,   19663608 total
- age   8:     780536 bytes,   20444144 total
: 109248K->21824K(109248K), 0.0065543 secs] 246907K->162273K(502464K), 0.0066022 secs] [Times: user=0.03 sys=0.00, real=0.01 secs] 
Heap after GC invocations=744 (full 14):
 par new generation   total 109248K, used 21824K [0x00000007a0000000, 0x00000007a8000000, 0x00000007a8000000)
  eden space 87424K,   0% used [0x00000007a0000000, 0x00000007a0000000, 0x00000007a5560000)
  from space 21824K, 100% used [0x00000007a5560000, 0x00000007a6ab0000, 0x00000007a6ab0000)
  to   space 21824K,   0% used [0x00000007a6ab0000, 0x00000007a6ab0000, 0x00000007a8000000)
 concurrent mark-sweep generation total 393216K, used 140449K [0x00000007a8000000, 0x00000007c0000000, 0x00000007c0000000)
 Metaspace       used 36250K, capacity 36812K, committed 37136K, reserved 1081344K
  class space    used 4114K, capacity 4279K, committed 4372K, reserved 1048576K
}
2016-10-23T18:06:12.245+0800: 137.251: Total time for which application threads were stopped: 0.0067674 seconds, Stopping threads took: 0.0000314 seconds
{Heap before GC invocations=744 (full 14):
 par new generation   total 109248K, used 109248K [0x00000007a0000000, 0x00000007a8000000, 0x00000007a8000000)
  eden space 87424K, 100% used [0x00000007a0000000, 0x00000007a5560000, 0x00000007a5560000)
  from space 21824K, 100% used [0x00000007a5560000, 0x00000007a6ab0000, 0x00000007a6ab0000)
  to   space 21824K,   0% used [0x00000007a6ab0000, 0x00000007a6ab0000, 0x00000007a8000000)
 concurrent mark-sweep generation total 393216K, used 140449K [0x00000007a8000000, 0x00000007c0000000, 0x00000007c0000000)
 Metaspace       used 36250K, capacity 36812K, committed 37136K, reserved 1081344K
  class space    used 4114K, capacity 4279K, committed 4372K, reserved 1048576K
2016-10-23T18:06:12.367+0800: 137.373: [GC (Allocation Failure) 2016-10-23T18:06:12.367+0800: 137.373: [ParNew
Desired survivor size 20112992 bytes, new threshold 8 (max 8)
- age   1:    5400096 bytes,    5400096 total
- age   2:    2190296 bytes,    7590392 total
- age   3:     766584 bytes,    8356976 total
- age   4:     123744 bytes,    8480720 total
- age   5:    2535816 bytes,   11016536 total
- age   6:    5929216 bytes,   16945752 total
- age   7:    1705216 bytes,   18650968 total
- age   8:    1927568 bytes,   20578536 total
: 109248K->21824K(109248K), 0.0079791 secs] 249697K->166792K(502464K), 0.0080534 secs] [Times: user=0.03 sys=0.00, real=0.01 secs] 
Heap after GC invocations=745 (full 14):
 par new generation   total 109248K, used 21824K [0x00000007a0000000, 0x00000007a8000000, 0x00000007a8000000)
  eden space 87424K,   0% used [0x00000007a0000000, 0x00000007a0000000, 0x00000007a5560000)
  from space 21824K, 100% used [0x00000007a6ab0000, 0x00000007a8000000, 0x00000007a8000000)
  to   space 21824K,   0% used [0x00000007a5560000, 0x00000007a5560000, 0x00000007a6ab0000)
 concurrent mark-sweep generation total 393216K, used 144968K [0x00000007a8000000, 0x00000007c0000000, 0x00000007c0000000)
 Metaspace       used 36250K, capacity 36812K, committed 37136K, reserved 1081344K
  class space    used 4114K, capacity 4279K, committed 4372K, reserved 1048576K
}
2016-10-23T18:06:12.375+0800: 137.381: Total time for which application threads were stopped: 0.0083362 seconds, Stopping threads took: 0.0001119 seconds
{Heap before GC invocations=745 (full 14):
 par new generation   total 109248K, used 109248K [0x00000007a0000000, 0x00000007a8000000, 0x00000007a8000000)
  eden space 87424K, 100% used [0x00000007a0000000, 0x00000007a5560000, 0x00000007a5560000)
  from space 21824K, 100% used [0x00000007a6ab0000, 0x00000007a8000000, 0x00000007a8000000)
  to   space 21824K,   0% used [0x00000007a5560000, 0x00000007a5560000, 0x00000007a6ab0000)
 concurrent mark-sweep generation total 393216K, used 144968K [0x00000007a8000000, 0x00000007c0000000, 0x00000007c0000000)
 Metaspace       used 36250K, capacity 36812K, committed 37136K, reserved 1081344K
  class space    used 4114K, capacity 4279K, committed 4372K, reserved 1048576K
2016-10-23T18:06:12.499+0800: 137.505: [GC (Allocation Failure) 2016-10-23T18:06:12.499+0800: 137.505: [ParNew
Desired survivor size 20112992 bytes, new threshold 7 (max 8)
- age   1:    6960664 bytes,    6960664 total
- age   2:    2322328 bytes,    9282992 total
- age   3:    1901120 bytes,   11184112 total
- age   4:     749144 bytes,   11933256 total
- age   5:     123264 bytes,   12056520 total
- age   6:    2458736 bytes,   14515256 total
- age   7:    5784728 bytes,   20299984 total
- age   8:    1615472 bytes,   21915456 total
: 109248K->21824K(109248K), 0.0083327 secs] 254216K->170253K(502464K), 0.0084073 secs] [Times: user=0.03 sys=0.00, real=0.01 secs] 
Heap after GC invocations=746 (full 14):
 par new generation   total 109248K, used 21824K [0x00000007a0000000, 0x00000007a8000000, 0x00000007a8000000)
  eden space 87424K,   0% used [0x00000007a0000000, 0x00000007a0000000, 0x00000007a5560000)
  from space 21824K, 100% used [0x00000007a5560000, 0x00000007a6ab0000, 0x00000007a6ab0000)
  to   space 21824K,   0% used [0x00000007a6ab0000, 0x00000007a6ab0000, 0x00000007a8000000)
 concurrent mark-sweep generation total 393216K, used 148429K [0x00000007a8000000, 0x00000007c0000000, 0x00000007c0000000)
 Metaspace       used 36250K, capacity 36812K, committed 37136K, reserved 1081344K
  class space    used 4114K, capacity 4279K, committed 4372K, reserved 1048576K
}
2016-10-23T18:06:12.507+0800: 137.513: Total time for which application threads were stopped: 0.0086047 seconds, Stopping threads took: 0.0000336 seconds
{Heap before GC invocations=746 (full 14):
 par new generation   total 109248K, used 109248K [0x00000007a0000000, 0x00000007a8000000, 0x00000007a8000000)
  eden space 87424K, 100% used [0x00000007a0000000, 0x00000007a5560000, 0x00000007a5560000)
  from space 21824K, 100% used [0x00000007a5560000, 0x00000007a6ab0000, 0x00000007a6ab0000)
  to   space 21824K,   0% used [0x00000007a6ab0000, 0x00000007a6ab0000, 0x00000007a8000000)
 concurrent mark-sweep generation total 393216K, used 148429K [0x00000007a8000000, 0x00000007c0000000, 0x00000007c0000000)
 Metaspace       used 36250K, capacity 36812K, committed 37136K, reserved 1081344K
  class space    used 4114K, capacity 4279K, committed 4372K, reserved 1048576K
2016-10-23T18:06:12.635+0800: 137.640: [GC (Allocation Failure) 2016-10-23T18:06:12.635+0800: 137.640: [ParNew
Desired survivor size 20112992 bytes, new threshold 8 (max 8)
- age   1:    7543176 bytes,    7543176 total
- age   2:    3297072 bytes,   10840248 total
- age   3:    2068336 bytes,   12908584 total
- age   4:    1758096 bytes,   14666680 total
- age   5:     729960 bytes,   15396640 total
- age   6:     118536 bytes,   15515176 total
- age   7:    2448120 bytes,   17963296 total
: 109248K->21824K(109248K), 0.0090277 secs] 257677K->178040K(502464K), 0.0090999 secs] [Times: user=0.04 sys=0.01, real=0.01 secs] 
Heap after GC invocations=747 (full 14):
 par new generation   total 109248K, used 21824K [0x00000007a0000000, 0x00000007a8000000, 0x00000007a8000000)
  eden space 87424K,   0% used [0x00000007a0000000, 0x00000007a0000000, 0x00000007a5560000)
  from space 21824K, 100% used [0x00000007a6ab0000, 0x00000007a8000000, 0x00000007a8000000)
  to   space 21824K,   0% used [0x00000007a5560000, 0x00000007a5560000, 0x00000007a6ab0000)
 concurrent mark-sweep generation total 393216K, used 156216K [0x00000007a8000000, 0x00000007c0000000, 0x00000007c0000000)
 Metaspace       used 36250K, capacity 36812K, committed 37136K, reserved 1081344K
  class space    used 4114K, capacity 4279K, committed 4372K, reserved 1048576K
}
2016-10-23T18:06:12.644+0800: 137.649: Total time for which application threads were stopped: 0.0092711 seconds, Stopping threads took: 0.0000316 seconds
{Heap before GC invocations=747 (full 14):
 par new generation   total 109248K, used 109248K [0x00000007a0000000, 0x00000007a8000000, 0x00000007a8000000)
  eden space 87424K, 100% used [0x00000007a0000000, 0x00000007a5560000, 0x00000007a5560000)
  from space 21824K, 100% used [0x00000007a6ab0000, 0x00000007a8000000, 0x00000007a8000000)
  to   space 21824K,   0% used [0x00000007a5560000, 0x00000007a5560000, 0x00000007a6ab0000)
 concurrent mark-sweep generation total 393216K, used 156216K [0x00000007a8000000, 0x00000007c0000000, 0x00000007c0000000)
 Metaspace       used 36250K, capacity 36812K, committed 37136K, reserved 1081344K
  class space    used 4114K, capacity 4279K, committed 4372K, reserved 1048576K
2016-10-23T18:06:12.768+0800: 137.774: [GC (Allocation Failure) 2016-10-23T18:06:12.768+0800: 137.774: [ParNew
Desired survivor size 20112992 bytes, new threshold 8 (max 8)
- age   1:    8527040 bytes,    8527040 total
- age   2:    2444600 bytes,   10971640 total
- age   3:    3057464 bytes,   14029104 total
- age   4:    1320472 bytes,   15349576 total
- age   5:    1052752 bytes,   16402328 total
- age   6:     701736 bytes,   17104064 total
- age   7:     109992 bytes,   17214056 total
- age   8:    2034216 bytes,   19248272 total
: 109248K->21824K(109248K), 0.0078310 secs] 265464K->181300K(502464K), 0.0079019 secs] [Times: user=0.03 sys=0.00, real=0.01 secs] 
Heap after GC invocations=748 (full 14):
 par new generation   total 109248K, used 21824K [0x00000007a0000000, 0x00000007a8000000, 0x00000007a8000000)
  eden space 87424K,   0% used [0x00000007a0000000, 0x00000007a0000000, 0x00000007a5560000)
  from space 21824K, 100% used [0x00000007a5560000, 0x00000007a6ab0000, 0x00000007a6ab0000)
  to   space 21824K,   0% used [0x00000007a6ab0000, 0x00000007a6ab0000, 0x00000007a8000000)
 concurrent mark-sweep generation total 393216K, used 159476K [0x00000007a8000000, 0x00000007c0000000, 0x00000007c0000000)
 Metaspace       used 36250K, capacity 36812K, committed 37136K, reserved 1081344K
  class space    used 4114K, capacity 4279K, committed 4372K, reserved 1048576K
}
2016-10-23T18:06:12.776+0800: 137.781: Total time for which application threads were stopped: 0.0080890 seconds, Stopping threads took: 0.0000446 seconds
{Heap before GC invocations=748 (full 14):
 par new generation   total 109248K, used 109248K [0x00000007a0000000, 0x00000007a8000000, 0x00000007a8000000)
  eden space 87424K, 100% used [0x00000007a0000000, 0x00000007a5560000, 0x00000007a5560000)
  from space 21824K, 100% used [0x00000007a5560000, 0x00000007a6ab0000, 0x00000007a6ab0000)
  to   space 21824K,   0% used [0x00000007a6ab0000, 0x00000007a6ab0000, 0x00000007a8000000)
 concurrent mark-sweep generation total 393216K, used 159476K [0x00000007a8000000, 0x00000007c0000000, 0x00000007c0000000)
 Metaspace       used 36250K, capacity 36812K, committed 37136K, reserved 1081344K
  class space    used 4114K, capacity 4279K, committed 4372K, reserved 1048576K
2016-10-23T18:06:12.898+0800: 137.904: [GC (Allocation Failure) 2016-10-23T18:06:12.898+0800: 137.904: [ParNew
Desired survivor size 20112992 bytes, new threshold 8 (max 8)
- age   1:    5302552 bytes,    5302552 total
- age   2:    6464736 bytes,   11767288 total
- age   3:    2196760 bytes,   13964048 total
- age   4:    2821448 bytes,   16785496 total
- age   5:    1180872 bytes,   17966368 total
- age   6:     904336 bytes,   18870704 total
- age   7:     571184 bytes,   19441888 total
- age   8:      86280 bytes,   19528168 total
: 109248K->21824K(109248K), 0.0083842 secs] 268724K->186367K(502464K), 0.0084654 secs] [Times: user=0.03 sys=0.00, real=0.01 secs] 
Heap after GC invocations=749 (full 14):
 par new generation   total 109248K, used 21824K [0x00000007a0000000, 0x00000007a8000000, 0x00000007a8000000)
  eden space 87424K,   0% used [0x00000007a0000000, 0x00000007a0000000, 0x00000007a5560000)
  from space 21824K, 100% used [0x00000007a6ab0000, 0x00000007a8000000, 0x00000007a8000000)
  to   space 21824K,   0% used [0x00000007a5560000, 0x00000007a5560000, 0x00000007a6ab0000)
 concurrent mark-sweep generation total 393216K, used 164543K [0x00000007a8000000, 0x00000007c0000000, 0x00000007c0000000)
 Metaspace       used 36250K, capacity 36812K, committed 37136K, reserved 1081344K
  class space    used 4114K, capacity 4279K, committed 4372K, reserved 1048576K
}
2016-10-23T18:06:12.907+0800: 137.912: Total time for which application threads were stopped: 0.0087563 seconds, Stopping threads took: 0.0001003 seconds
{Heap before GC invocations=749 (full 14):
 par new generation   total 109248K, used 109248K [0x00000007a0000000, 0x00000007a8000000, 0x00000007a8000000)
  eden space 87424K, 100% used [0x00000007a0000000, 0x00000007a5560000, 0x00000007a5560000)
  from space 21824K, 100% used [0x00000007a6ab0000, 0x00000007a8000000, 0x00000007a8000000)
  to   space 21824K,   0% used [0x00000007a5560000, 0x00000007a5560000, 0x00000007a6ab0000)
 concurrent mark-sweep generation total 393216K, used 164543K [0x00000007a8000000, 0x00000007c0000000, 0x00000007c0000000)
 Metaspace       used 36250K, capacity 36812K, committed 37136K, reserved 1081344K
  class space    used 4114K, capacity 4279K, committed 4372K, reserved 1048576K
2016-10-23T18:06:12.985+0800: 137.991: [GC (Allocation Failure) 2016-10-23T18:06:12.985+0800: 137.991: [ParNew
Desired survivor size 20112992 bytes, new threshold 7 (max 8)
- age   1:    2065704 bytes,    2065704 total
- age   2:    5160672 bytes,    7226376 total
- age   3:    6478808 bytes,   13705184 total
- age   4:    1956584 bytes,   15661768 total
- age   5:    2714504 bytes,   18376272 total
- age   6:    1118936 bytes,   19495208 total
- age   7:     834288 bytes,   20329496 total
- age   8:     549480 bytes,   20878976 total
: 109248K->21824K(109248K), 0.0075223 secs] 273791K->187145K(502464K), 0.0075877 secs] [Times: user=0.03 sys=0.00, real=0.01 secs] 
Heap after GC invocations=750 (full 14):
 par new generation   total 109248K, used 21824K [0x00000007a0000000, 0x00000007a8000000, 0x00000007a8000000)
  eden space 87424K,   0% used [0x00000007a0000000, 0x00000007a0000000, 0x00000007a5560000)
  from space 21824K, 100% used [0x00000007a5560000, 0x00000007a6ab0000, 0x00000007a6ab0000)
  to   space 21824K,   0% used [0x00000007a6ab0000, 0x00000007a6ab0000, 0x00000007a8000000)
 concurrent mark-sweep generation total 393216K, used 165321K [0x00000007a8000000, 0x00000007c0000000, 0x00000007c0000000)
 Metaspace       used 36250K, capacity 36812K, committed 37136K, reserved 1081344K
  class space    used 4114K, capacity 4279K, committed 4372K, reserved 1048576K
}
2016-10-23T18:06:12.993+0800: 137.999: Total time for which application threads were stopped: 0.0078428 seconds, Stopping threads took: 0.0000756 seconds
{Heap before GC invocations=750 (full 14):
 par new generation   total 109248K, used 109248K [0x00000007a0000000, 0x00000007a8000000, 0x00000007a8000000)
  eden space 87424K, 100% used [0x00000007a0000000, 0x00000007a5560000, 0x00000007a5560000)
  from space 21824K, 100% used [0x00000007a5560000, 0x00000007a6ab0000, 0x00000007a6ab0000)
  to   space 21824K,   0% used [0x00000007a6ab0000, 0x00000007a6ab0000, 0x00000007a8000000)
 concurrent mark-sweep generation total 393216K, used 165321K [0x00000007a8000000, 0x00000007c0000000, 0x00000007c0000000)
 Metaspace       used 36250K, capacity 36812K, committed 37136K, reserved 1081344K
  class space    used 4114K, capacity 4279K, committed 4372K, reserved 1048576K
2016-10-23T18:06:13.047+0800: 138.052: [GC (Allocation Failure) 2016-10-23T18:06:13.047+0800: 138.052: [ParNew
Desired survivor size 20112992 bytes, new threshold 8 (max 8)
- age   1:    2042624 bytes,    2042624 total
- age   2:    1061232 bytes,    3103856 total
- age   3:    5052080 bytes,    8155936 total
- age   4:    6032360 bytes,   14188296 total
- age   5:    1831576 bytes,   16019872 total
- age   6:    2522848 bytes,   18542720 total
- age   7:    1025160 bytes,   19567880 total
: 109248K->21824K(109248K), 0.0075517 secs] 274569K->188874K(502464K), 0.0076225 secs] [Times: user=0.02 sys=0.00, real=0.01 secs] 
Heap after GC invocations=751 (full 14):
 par new generation   total 109248K, used 21824K [0x00000007a0000000, 0x00000007a8000000, 0x00000007a8000000)
  eden space 87424K,   0% used [0x00000007a0000000, 0x00000007a0000000, 0x00000007a5560000)
  from space 21824K, 100% used [0x00000007a6ab0000, 0x00000007a8000000, 0x00000007a8000000)
  to   space 21824K,   0% used [0x00000007a5560000, 0x00000007a5560000, 0x00000007a6ab0000)
 concurrent mark-sweep generation total 393216K, used 167050K [0x00000007a8000000, 0x00000007c0000000, 0x00000007c0000000)
 Metaspace       used 36250K, capacity 36812K, committed 37136K, reserved 1081344K
  class space    used 4114K, capacity 4279K, committed 4372K, reserved 1048576K
}
2016-10-23T18:06:13.054+0800: 138.060: Total time for which application threads were stopped: 0.0078415 seconds, Stopping threads took: 0.0000575 seconds
2016-10-23T18:06:13.087+0800: 138.093: Total time for which application threads were stopped: 0.0002024 seconds, Stopping threads took: 0.0000813 seconds
{Heap before GC invocations=751 (full 14):
 par new generation   total 109248K, used 109248K [0x00000007a0000000, 0x00000007a8000000, 0x00000007a8000000)
  eden space 87424K, 100% used [0x00000007a0000000, 0x00000007a5560000, 0x00000007a5560000)
  from space 21824K, 100% used [0x00000007a6ab0000, 0x00000007a8000000, 0x00000007a8000000)
  to   space 21824K,   0% used [0x00000007a5560000, 0x00000007a5560000, 0x00000007a6ab0000)
 concurrent mark-sweep generation total 393216K, used 167050K [0x00000007a8000000, 0x00000007c0000000, 0x00000007c0000000)
 Metaspace       used 36250K, capacity 36812K, committed 37136K, reserved 1081344K
  class space    used 4114K, capacity 4279K, committed 4372K, reserved 1048576K
2016-10-23T18:06:13.168+0800: 138.173: [GC (Allocation Failure) 2016-10-23T18:06:13.168+0800: 138.173: [ParNew
Desired survivor size 20112992 bytes, new threshold 7 (max 8)
- age   1:    4393896 bytes,    4393896 total
- age   2:     975088 bytes,    5368984 total
- age   3:     811616 bytes,    6180600 total
- age   4:    4302800 bytes,   10483400 total
- age   5:    5805888 bytes,   16289288 total
- age   6:    1753656 bytes,   18042944 total
- age   7:    2443136 bytes,   20486080 total
- age   8:     952136 bytes,   21438216 total
: 109248K->21824K(109248K), 0.0063342 secs] 276298K->190611K(502464K), 0.0064176 secs] [Times: user=0.03 sys=0.00, real=0.01 secs] 
Heap after GC invocations=752 (full 14):
 par new generation   total 109248K, used 21824K [0x00000007a0000000, 0x00000007a8000000, 0x00000007a8000000)
  eden space 87424K,   0% used [0x00000007a0000000, 0x00000007a0000000, 0x00000007a5560000)
  from space 21824K, 100% used [0x00000007a5560000, 0x00000007a6ab0000, 0x00000007a6ab0000)
  to   space 21824K,   0% used [0x00000007a6ab0000, 0x00000007a6ab0000, 0x00000007a8000000)
 concurrent mark-sweep generation total 393216K, used 168787K [0x00000007a8000000, 0x00000007c0000000, 0x00000007c0000000)
 Metaspace       used 36250K, capacity 36812K, committed 37136K, reserved 1081344K
  class space    used 4114K, capacity 4279K, committed 4372K, reserved 1048576K
}
2016-10-23T18:06:13.174+0800: 138.180: Total time for which application threads were stopped: 0.0067010 seconds, Stopping threads took: 0.0001122 seconds
{Heap before GC invocations=752 (full 14):
 par new generation   total 109248K, used 109248K [0x00000007a0000000, 0x00000007a8000000, 0x00000007a8000000)
  eden space 87424K, 100% used [0x00000007a0000000, 0x00000007a5560000, 0x00000007a5560000)
  from space 21824K, 100% used [0x00000007a5560000, 0x00000007a6ab0000, 0x00000007a6ab0000)
  to   space 21824K,   0% used [0x00000007a6ab0000, 0x00000007a6ab0000, 0x00000007a8000000)
 concurrent mark-sweep generation total 393216K, used 168787K [0x00000007a8000000, 0x00000007c0000000, 0x00000007c0000000)
 Metaspace       used 36250K, capacity 36812K, committed 37136K, reserved 1081344K
  class space    used 4114K, capacity 4279K, committed 4372K, reserved 1048576K
2016-10-23T18:06:13.295+0800: 138.300: [GC (Allocation Failure) 2016-10-23T18:06:13.295+0800: 138.300: [ParNew
Desired survivor size 20112992 bytes, new threshold 7 (max 8)
- age   1:    5583736 bytes,    5583736 total
- age   2:    2232632 bytes,    7816368 total
- age   3:     486816 bytes,    8303184 total
- age   4:     743824 bytes,    9047008 total
- age   5:    4187472 bytes,   13234480 total
- age   6:    5659496 bytes,   18893976 total
- age   7:    1736984 bytes,   20630960 total
: 109248K->21824K(109248K), 0.0081060 secs] 278035K->195941K(502464K), 0.0081656 secs] [Times: user=0.03 sys=0.00, real=0.01 secs] 
Heap after GC invocations=753 (full 14):
 par new generation   total 109248K, used 21824K [0x00000007a0000000, 0x00000007a8000000, 0x00000007a8000000)
  eden space 87424K,   0% used [0x00000007a0000000, 0x00000007a0000000, 0x00000007a5560000)
  from space 21824K, 100% used [0x00000007a6ab0000, 0x00000007a8000000, 0x00000007a8000000)
  to   space 21824K,   0% used [0x00000007a5560000, 0x00000007a5560000, 0x00000007a6ab0000)
 concurrent mark-sweep generation total 393216K, used 174117K [0x00000007a8000000, 0x00000007c0000000, 0x00000007c0000000)
 Metaspace       used 36250K, capacity 36812K, committed 37136K, reserved 1081344K
  class space    used 4114K, capacity 4279K, committed 4372K, reserved 1048576K
}
2016-10-23T18:06:13.303+0800: 138.309: Total time for which application threads were stopped: 0.0084264 seconds, Stopping threads took: 0.0000883 seconds
{Heap before GC invocations=753 (full 14):
 par new generation   total 109248K, used 109248K [0x00000007a0000000, 0x00000007a8000000, 0x00000007a8000000)
  eden space 87424K, 100% used [0x00000007a0000000, 0x00000007a5560000, 0x00000007a5560000)
  from space 21824K, 100% used [0x00000007a6ab0000, 0x00000007a8000000, 0x00000007a8000000)
  to   space 21824K,   0% used [0x00000007a5560000, 0x00000007a5560000, 0x00000007a6ab0000)
 concurrent mark-sweep generation total 393216K, used 174117K [0x00000007a8000000, 0x00000007c0000000, 0x00000007c0000000)
 Metaspace       used 36250K, capacity 36812K, committed 37136K, reserved 1081344K
  class space    used 4114K, capacity 4279K, committed 4372K, reserved 1048576K
2016-10-23T18:06:13.423+0800: 138.428: [GC (Allocation Failure) 2016-10-23T18:06:13.423+0800: 138.428: [ParNew
Desired survivor size 20112992 bytes, new threshold 7 (max 8)
- age   1:    5398544 bytes,    5398544 total
- age   2:    3073248 bytes,    8471792 total
- age   3:    1831224 bytes,   10303016 total
- age   4:     464960 bytes,   10767976 total
- age   5:     737240 bytes,   11505216 total
- age   6:    3516688 bytes,   15021904 total
- age   7:    5364952 bytes,   20386856 total
: 109248K->21824K(109248K), 0.0082918 secs] 283365K->200294K(502464K), 0.0083507 secs] [Times: user=0.02 sys=0.00, real=0.01 secs] 
Heap after GC invocations=754 (full 14):
 par new generation   total 109248K, used 21824K [0x00000007a0000000, 0x00000007a8000000, 0x00000007a8000000)
  eden space 87424K,   0% used [0x00000007a0000000, 0x00000007a0000000, 0x00000007a5560000)
  from space 21824K, 100% used [0x00000007a5560000, 0x00000007a6ab0000, 0x00000007a6ab0000)
  to   space 21824K,   0% used [0x00000007a6ab0000, 0x00000007a6ab0000, 0x00000007a8000000)
 concurrent mark-sweep generation total 393216K, used 178470K [0x00000007a8000000, 0x00000007c0000000, 0x00000007c0000000)
 Metaspace       used 36250K, capacity 36812K, committed 37136K, reserved 1081344K
  class space    used 4114K, capacity 4279K, committed 4372K, reserved 1048576K
}
2016-10-23T18:06:13.431+0800: 138.437: Total time for which application threads were stopped: 0.0086289 seconds, Stopping threads took: 0.0000896 seconds
{Heap before GC invocations=754 (full 14):
 par new generation   total 109248K, used 109248K [0x00000007a0000000, 0x00000007a8000000, 0x00000007a8000000)
  eden space 87424K, 100% used [0x00000007a0000000, 0x00000007a5560000, 0x00000007a5560000)
  from space 21824K, 100% used [0x00000007a5560000, 0x00000007a6ab0000, 0x00000007a6ab0000)
  to   space 21824K,   0% used [0x00000007a6ab0000, 0x00000007a6ab0000, 0x00000007a8000000)
 concurrent mark-sweep generation total 393216K, used 178470K [0x00000007a8000000, 0x00000007c0000000, 0x00000007c0000000)
 Metaspace       used 36250K, capacity 36812K, committed 37136K, reserved 1081344K
  class space    used 4114K, capacity 4279K, committed 4372K, reserved 1048576K
2016-10-23T18:06:13.553+0800: 138.559: [GC (Allocation Failure) 2016-10-23T18:06:13.554+0800: 138.559: [ParNew
Desired survivor size 20112992 bytes, new threshold 8 (max 8)
- age   1:    7786744 bytes,    7786744 total
- age   2:    1883336 bytes,    9670080 total
- age   3:    2042264 bytes,   11712344 total
- age   4:    1489152 bytes,   13201496 total
- age   5:     459776 bytes,   13661272 total
- age   6:     731256 bytes,   14392528 total
- age   7:    3513216 bytes,   17905744 total
: 109248K->21824K(109248K), 0.0075000 secs] 287718K->207231K(502464K), 0.0075626 secs] [Times: user=0.03 sys=0.00, real=0.01 secs] 
Heap after GC invocations=755 (full 14):
 par new generation   total 109248K, used 21824K [0x00000007a0000000, 0x00000007a8000000, 0x00000007a8000000)
  eden space 87424K,   0% used [0x00000007a0000000, 0x00000007a0000000, 0x00000007a5560000)
  from space 21824K, 100% used [0x00000007a6ab0000, 0x00000007a8000000, 0x00000007a8000000)
  to   space 21824K,   0% used [0x00000007a5560000, 0x00000007a5560000, 0x00000007a6ab0000)
 concurrent mark-sweep generation total 393216K, used 185407K [0x00000007a8000000, 0x00000007c0000000, 0x00000007c0000000)
 Metaspace       used 36250K, capacity 36812K, committed 37136K, reserved 1081344K
  class space    used 4114K, capacity 4279K, committed 4372K, reserved 1048576K
}
2016-10-23T18:06:13.561+0800: 138.567: Total time for which application threads were stopped: 0.0078032 seconds, Stopping threads took: 0.0000663 seconds
{Heap before GC invocations=755 (full 14):
 par new generation   total 109248K, used 109248K [0x00000007a0000000, 0x00000007a8000000, 0x00000007a8000000)
  eden space 87424K, 100% used [0x00000007a0000000, 0x00000007a5560000, 0x00000007a5560000)
  from space 21824K, 100% used [0x00000007a6ab0000, 0x00000007a8000000, 0x00000007a8000000)
  to   space 21824K,   0% used [0x00000007a5560000, 0x00000007a5560000, 0x00000007a6ab0000)
 concurrent mark-sweep generation total 393216K, used 185407K [0x00000007a8000000, 0x00000007c0000000, 0x00000007c0000000)
 Metaspace       used 36250K, capacity 36812K, committed 37136K, reserved 1081344K
  class space    used 4114K, capacity 4279K, committed 4372K, reserved 1048576K
2016-10-23T18:06:13.687+0800: 138.692: [GC (Allocation Failure) 2016-10-23T18:06:13.687+0800: 138.693: [ParNew
Desired survivor size 20112992 bytes, new threshold 8 (max 8)
- age   1:    8521488 bytes,    8521488 total
- age   2:    3020352 bytes,   11541840 total
- age   3:    1638576 bytes,   13180416 total
- age   4:    1155664 bytes,   14336080 total
- age   5:    1432880 bytes,   15768960 total
- age   6:     411504 bytes,   16180464 total
- age   7:     707448 bytes,   16887912 total
- age   8:    3203072 bytes,   20090984 total
: 109248K->21824K(109248K), 0.0074562 secs] 294655K->209430K(502464K), 0.0075340 secs] [Times: user=0.03 sys=0.00, real=0.01 secs] 
Heap after GC invocations=756 (full 14):
 par new generation   total 109248K, used 21824K [0x00000007a0000000, 0x00000007a8000000, 0x00000007a8000000)
  eden space 87424K,   0% used [0x00000007a0000000, 0x00000007a0000000, 0x00000007a5560000)
  from space 21824K, 100% used [0x00000007a5560000, 0x00000007a6ab0000, 0x00000007a6ab0000)
  to   space 21824K,   0% used [0x00000007a6ab0000, 0x00000007a6ab0000, 0x00000007a8000000)
 concurrent mark-sweep generation total 393216K, used 187606K [0x00000007a8000000, 0x00000007c0000000, 0x00000007c0000000)
 Metaspace       used 36250K, capacity 36812K, committed 37136K, reserved 1081344K
  class space    used 4114K, capacity 4279K, committed 4372K, reserved 1048576K
}
2016-10-23T18:06:13.694+0800: 138.700: Total time for which application threads were stopped: 0.0078257 seconds, Stopping threads took: 0.0001032 seconds
{Heap before GC invocations=756 (full 14):
 par new generation   total 109248K, used 109248K [0x00000007a0000000, 0x00000007a8000000, 0x00000007a8000000)
  eden space 87424K, 100% used [0x00000007a0000000, 0x00000007a5560000, 0x00000007a5560000)
  from space 21824K, 100% used [0x00000007a5560000, 0x00000007a6ab0000, 0x00000007a6ab0000)
  to   space 21824K,   0% used [0x00000007a6ab0000, 0x00000007a6ab0000, 0x00000007a8000000)
 concurrent mark-sweep generation total 393216K, used 187606K [0x00000007a8000000, 0x00000007c0000000, 0x00000007c0000000)
 Metaspace       used 36250K, capacity 36812K, committed 37136K, reserved 1081344K
  class space    used 4114K, capacity 4279K, committed 4372K, reserved 1048576K
2016-10-23T18:06:13.818+0800: 138.824: [GC (Allocation Failure) 2016-10-23T18:06:13.818+0800: 138.824: [ParNew
Desired survivor size 20112992 bytes, new threshold 8 (max 8)
- age   1:    7467808 bytes,    7467808 total
- age   2:    3671704 bytes,   11139512 total
- age   3:    2726400 bytes,   13865912 total
- age   4:    1460448 bytes,   15326360 total
- age   5:    1110000 bytes,   16436360 total
- age   6:    1419760 bytes,   17856120 total
- age   7:     409496 bytes,   18265616 total
- age   8:     706040 bytes,   18971656 total
: 109248K->21824K(109248K), 0.0096480 secs] 296854K->214529K(502464K), 0.0097198 secs] [Times: user=0.03 sys=0.00, real=0.01 secs] 
Heap after GC invocations=757 (full 14):
 par new generation   total 109248K, used 21824K [0x00000007a0000000, 0x00000007a8000000, 0x00000007a8000000)
  eden space 87424K,   0% used [0x00000007a0000000, 0x00000007a0000000, 0x00000007a5560000)
  from space 21824K, 100% used [0x00000007a6ab0000, 0x00000007a8000000, 0x00000007a8000000)
  to   space 21824K,   0% used [0x00000007a5560000, 0x00000007a5560000, 0x00000007a6ab0000)
 concurrent mark-sweep generation total 393216K, used 192705K [0x00000007a8000000, 0x00000007c0000000, 0x00000007c0000000)
 Metaspace       used 36250K, capacity 36812K, committed 37136K, reserved 1081344K
  class space    used 4114K, capacity 4279K, committed 4372K, reserved 1048576K
}
2016-10-23T18:06:13.828+0800: 138.834: Total time for which application threads were stopped: 0.0099959 seconds, Stopping threads took: 0.0001003 seconds
{Heap before GC invocations=757 (full 14):
 par new generation   total 109248K, used 109248K [0x00000007a0000000, 0x00000007a8000000, 0x00000007a8000000)
  eden space 87424K, 100% used [0x00000007a0000000, 0x00000007a5560000, 0x00000007a5560000)
  from space 21824K, 100% used [0x00000007a6ab0000, 0x00000007a8000000, 0x00000007a8000000)
  to   space 21824K,   0% used [0x00000007a5560000, 0x00000007a5560000, 0x00000007a6ab0000)
 concurrent mark-sweep generation total 393216K, used 192705K [0x00000007a8000000, 0x00000007c0000000, 0x00000007c0000000)
 Metaspace       used 36250K, capacity 36812K, committed 37136K, reserved 1081344K
  class space    used 4114K, capacity 4279K, committed 4372K, reserved 1048576K
2016-10-23T18:06:13.955+0800: 138.961: [GC (Allocation Failure) 2016-10-23T18:06:13.955+0800: 138.961: [ParNew
Desired survivor size 20112992 bytes, new threshold 7 (max 8)
- age   1:    6271392 bytes,    6271392 total
- age   2:    6105512 bytes,   12376904 total
- age   3:    3326784 bytes,   15703688 total
- age   4:    2450032 bytes,   18153720 total
- age   5:     957816 bytes,   19111536 total
- age   6:     862808 bytes,   19974344 total
- age   7:    1176672 bytes,   21151016 total
- age   8:     312592 bytes,   21463608 total
: 109248K->21824K(109248K), 0.0076702 secs] 301953K->217609K(502464K), 0.0077286 secs] [Times: user=0.02 sys=0.00, real=0.01 secs] 
Heap after GC invocations=758 (full 14):
 par new generation   total 109248K, used 21824K [0x00000007a0000000, 0x00000007a8000000, 0x00000007a8000000)
  eden space 87424K,   0% used [0x00000007a0000000, 0x00000007a0000000, 0x00000007a5560000)
  from space 21824K, 100% used [0x00000007a5560000, 0x00000007a6ab0000, 0x00000007a6ab0000)
  to   space 21824K,   0% used [0x00000007a6ab0000, 0x00000007a6ab0000, 0x00000007a8000000)
 concurrent mark-sweep generation total 393216K, used 195785K [0x00000007a8000000, 0x00000007c0000000, 0x00000007c0000000)
 Metaspace       used 36250K, capacity 36812K, committed 37136K, reserved 1081344K
  class space    used 4114K, capacity 4279K, committed 4372K, reserved 1048576K
}
2016-10-23T18:06:13.963+0800: 138.968: Total time for which application threads were stopped: 0.0080148 seconds, Stopping threads took: 0.0001301 seconds
{Heap before GC invocations=758 (full 14):
 par new generation   total 109248K, used 109248K [0x00000007a0000000, 0x00000007a8000000, 0x00000007a8000000)
  eden space 87424K, 100% used [0x00000007a0000000, 0x00000007a5560000, 0x00000007a5560000)
  from space 21824K, 100% used [0x00000007a5560000, 0x00000007a6ab0000, 0x00000007a6ab0000)
  to   space 21824K,   0% used [0x00000007a6ab0000, 0x00000007a6ab0000, 0x00000007a8000000)
 concurrent mark-sweep generation total 393216K, used 195785K [0x00000007a8000000, 0x00000007c0000000, 0x00000007c0000000)
 Metaspace       used 36250K, capacity 36812K, committed 37136K, reserved 1081344K
  class space    used 4114K, capacity 4279K, committed 4372K, reserved 1048576K
2016-10-23T18:06:14.006+0800: 139.012: [GC (Allocation Failure) 2016-10-23T18:06:14.006+0800: 139.012: [ParNew
Desired survivor size 20112992 bytes, new threshold 7 (max 8)
- age   1:    1448752 bytes,    1448752 total
- age   2:    5305800 bytes,    6754552 total
- age   3:    6105512 bytes,   12860064 total
- age   4:    3326784 bytes,   16186848 total
- age   5:    2450032 bytes,   18636880 total
- age   6:    1121736 bytes,   19758616 total
- age   7:     862808 bytes,   20621424 total
: 109248K->21824K(109248K), 0.0065455 secs] 305033K->219478K(502464K), 0.0066062 secs] [Times: user=0.03 sys=0.00, real=0.01 secs] 
Heap after GC invocations=759 (full 14):
 par new generation   total 109248K, used 21824K [0x00000007a0000000, 0x00000007a8000000, 0x00000007a8000000)
  eden space 87424K,   0% used [0x00000007a0000000, 0x00000007a0000000, 0x00000007a5560000)
  from space 21824K, 100% used [0x00000007a6ab0000, 0x00000007a8000000, 0x00000007a8000000)
  to   space 21824K,   0% used [0x00000007a5560000, 0x00000007a5560000, 0x00000007a6ab0000)
 concurrent mark-sweep generation total 393216K, used 197654K [0x00000007a8000000, 0x00000007c0000000, 0x00000007c0000000)
 Metaspace       used 36250K, capacity 36812K, committed 37136K, reserved 1081344K
  class space    used 4114K, capacity 4279K, committed 4372K, reserved 1048576K
}
2016-10-23T18:06:14.013+0800: 139.018: Total time for which application threads were stopped: 0.0068791 seconds, Stopping threads took: 0.0001154 seconds
2016-10-23T18:06:14.013+0800: 139.019: [GC (CMS Initial Mark) [1 CMS-initial-mark: 197654K(393216K)] 221314K(502464K), 0.0015138 secs] [Times: user=0.00 sys=0.00, real=0.00 secs] 
2016-10-23T18:06:14.015+0800: 139.020: Total time for which application threads were stopped: 0.0016974 seconds, Stopping threads took: 0.0000734 seconds
2016-10-23T18:06:14.015+0800: 139.020: [CMS-concurrent-mark-start]
2016-10-23T18:06:14.026+0800: 139.031: [CMS-concurrent-mark: 0.011/0.011 secs] [Times: user=0.07 sys=0.00, real=0.01 secs] 
2016-10-23T18:06:14.026+0800: 139.031: [CMS-concurrent-preclean-start]
2016-10-23T18:06:14.027+0800: 139.032: [CMS-concurrent-preclean: 0.001/0.001 secs] [Times: user=0.01 sys=0.00, real=0.00 secs] 
2016-10-23T18:06:14.027+0800: 139.032: [CMS-concurrent-abortable-preclean-start]
{Heap before GC invocations=759 (full 15):
 par new generation   total 109248K, used 109248K [0x00000007a0000000, 0x00000007a8000000, 0x00000007a8000000)
  eden space 87424K, 100% used [0x00000007a0000000, 0x00000007a5560000, 0x00000007a5560000)
  from space 21824K, 100% used [0x00000007a6ab0000, 0x00000007a8000000, 0x00000007a8000000)
  to   space 21824K,   0% used [0x00000007a5560000, 0x00000007a5560000, 0x00000007a6ab0000)
 concurrent mark-sweep generation total 393216K, used 197654K [0x00000007a8000000, 0x00000007c0000000, 0x00000007c0000000)
 Metaspace       used 36250K, capacity 36812K, committed 37136K, reserved 1081344K
  class space    used 4114K, capacity 4279K, committed 4372K, reserved 1048576K
2016-10-23T18:06:14.098+0800: 139.103: [GC (Allocation Failure) 2016-10-23T18:06:14.098+0800: 139.103: [ParNew
Desired survivor size 20112992 bytes, new threshold 7 (max 8)
- age   1:    2725240 bytes,    2725240 total
- age   2:     685424 bytes,    3410664 total
- age   3:    5046992 bytes,    8457656 total
- age   4:    5909432 bytes,   14367088 total
- age   5:    3169328 bytes,   17536416 total
- age   6:    2309496 bytes,   19845912 total
- age   7:     884280 bytes,   20730192 total
: 109248K->21824K(109248K), 0.0067445 secs] 306902K->220415K(502464K), 0.0067996 secs] [Times: user=0.02 sys=0.01, real=0.01 secs] 
Heap after GC invocations=760 (full 15):
 par new generation   total 109248K, used 21824K [0x00000007a0000000, 0x00000007a8000000, 0x00000007a8000000)
  eden space 87424K,   0% used [0x00000007a0000000, 0x00000007a0000000, 0x00000007a5560000)
  from space 21824K, 100% used [0x00000007a5560000, 0x00000007a6ab0000, 0x00000007a6ab0000)
  to   space 21824K,   0% used [0x00000007a6ab0000, 0x00000007a6ab0000, 0x00000007a8000000)
 concurrent mark-sweep generation total 393216K, used 198591K [0x00000007a8000000, 0x00000007c0000000, 0x00000007c0000000)
 Metaspace       used 36250K, capacity 36812K, committed 37136K, reserved 1081344K
  class space    used 4114K, capacity 4279K, committed 4372K, reserved 1048576K
}
2016-10-23T18:06:14.104+0800: 139.110: Total time for which application threads were stopped: 0.0070347 seconds, Stopping threads took: 0.0000750 seconds
2016-10-23T18:06:14.187+0800: 139.193: [CMS-concurrent-abortable-preclean: 0.117/0.160 secs] [Times: user=0.56 sys=0.03, real=0.16 secs] 
2016-10-23T18:06:14.187+0800: 139.193: [GC (CMS Final Remark) [YG occupancy: 81745 K (109248 K)]{Heap before GC invocations=760 (full 15):
 par new generation   total 109248K, used 81745K [0x00000007a0000000, 0x00000007a8000000, 0x00000007a8000000)
  eden space 87424K,  68% used [0x00000007a0000000, 0x00000007a3a84780, 0x00000007a5560000)
  from space 21824K, 100% used [0x00000007a5560000, 0x00000007a6ab0000, 0x00000007a6ab0000)
  to   space 21824K,   0% used [0x00000007a6ab0000, 0x00000007a6ab0000, 0x00000007a8000000)
 concurrent mark-sweep generation total 393216K, used 198591K [0x00000007a8000000, 0x00000007c0000000, 0x00000007c0000000)
 Metaspace       used 36250K, capacity 36812K, committed 37136K, reserved 1081344K
  class space    used 4114K, capacity 4279K, committed 4372K, reserved 1048576K
2016-10-23T18:06:14.187+0800: 139.193: [GC (CMS Final Remark) 2016-10-23T18:06:14.187+0800: 139.193: [ParNew
Desired survivor size 20112992 bytes, new threshold 7 (max 8)
- age   1:    3576200 bytes,    3576200 total
- age   2:    1548184 bytes,    5124384 total
- age   3:     468824 bytes,    5593208 total
- age   4:    4733176 bytes,   10326384 total
- age   5:    5903608 bytes,   16229992 total
- age   6:    3129248 bytes,   19359240 total
- age   7:    2266040 bytes,   21625280 total
: 81745K->21824K(109248K), 0.0064697 secs] 280337K->222234K(502464K), 0.0065166 secs] [Times: user=0.02 sys=0.00, real=0.01 secs] 
Heap after GC invocations=761 (full 15):
 par new generation   total 109248K, used 21824K [0x00000007a0000000, 0x00000007a8000000, 0x00000007a8000000)
  eden space 87424K,   0% used [0x00000007a0000000, 0x00000007a0000000, 0x00000007a5560000)
  from space 21824K, 100% used [0x00000007a6ab0000, 0x00000007a8000000, 0x00000007a8000000)
  to   space 21824K,   0% used [0x00000007a5560000, 0x00000007a5560000, 0x00000007a6ab0000)
 concurrent mark-sweep generation total 393216K, used 200410K [0x00000007a8000000, 0x00000007c0000000, 0x00000007c0000000)
 Metaspace       used 36250K, capacity 36812K, committed 37136K, reserved 1081344K
  class space    used 4114K, capacity 4279K, committed 4372K, reserved 1048576K
}
2016-10-23T18:06:14.194+0800: 139.199: [Rescan (parallel) , 0.0021662 secs]2016-10-23T18:06:14.196+0800: 139.202: [weak refs processing, 0.0008988 secs]2016-10-23T18:06:14.197+0800: 139.203: [class unloading, 0.0078680 secs]2016-10-23T18:06:14.205+0800: 139.210: [scrub symbol table, 0.0082224 secs]2016-10-23T18:06:14.213+0800: 139.219: [scrub string table, 0.0007069 secs][1 CMS-remark: 200410K(393216K)] 222234K(502464K), 0.0266424 secs] [Times: user=0.05 sys=0.00, real=0.03 secs] 
2016-10-23T18:06:14.214+0800: 139.220: Total time for which application threads were stopped: 0.0268573 seconds, Stopping threads took: 0.0000878 seconds
2016-10-23T18:06:14.214+0800: 139.220: [CMS-concurrent-sweep-start]
2016-10-23T18:06:14.258+0800: 139.264: [CMS-concurrent-sweep: 0.044/0.044 secs] [Times: user=0.16 sys=0.00, real=0.04 secs] 
2016-10-23T18:06:14.258+0800: 139.264: [CMS-concurrent-reset-start]
2016-10-23T18:06:14.258+0800: 139.264: [CMS-concurrent-reset: 0.000/0.000 secs] [Times: user=0.00 sys=0.00, real=0.00 secs] 
{Heap before GC invocations=761 (full 15):
 par new generation   total 109248K, used 109248K [0x00000007a0000000, 0x00000007a8000000, 0x00000007a8000000)
  eden space 87424K, 100% used [0x00000007a0000000, 0x00000007a5560000, 0x00000007a5560000)
  from space 21824K, 100% used [0x00000007a6ab0000, 0x00000007a8000000, 0x00000007a8000000)
  to   space 21824K,   0% used [0x00000007a5560000, 0x00000007a5560000, 0x00000007a6ab0000)
 concurrent mark-sweep generation total 393216K, used 40495K [0x00000007a8000000, 0x00000007c0000000, 0x00000007c0000000)
 Metaspace       used 36250K, capacity 36812K, committed 37136K, reserved 1081344K
  class space    used 4114K, capacity 4279K, committed 4372K, reserved 1048576K
2016-10-23T18:06:14.292+0800: 139.298: [GC (Allocation Failure) 2016-10-23T18:06:14.292+0800: 139.298: [ParNew
Desired survivor size 20112992 bytes, new threshold 8 (max 8)
- age   1:    4609232 bytes,    4609232 total
- age   2:    1867568 bytes,    6476800 total
- age   3:    1282104 bytes,    7758904 total
- age   4:     419016 bytes,    8177920 total
- age   5:    4493744 bytes,   12671664 total
- age   6:    4420656 bytes,   17092320 total
- age   7:    2610184 bytes,   19702504 total
: 109248K->21824K(109248K), 0.0066065 secs] 149743K->66315K(502464K), 0.0066612 secs] [Times: user=0.02 sys=0.00, real=0.00 secs] 
Heap after GC invocations=762 (full 15):
 par new generation   total 109248K, used 21824K [0x00000007a0000000, 0x00000007a8000000, 0x00000007a8000000)
  eden space 87424K,   0% used [0x00000007a0000000, 0x00000007a0000000, 0x00000007a5560000)
  from space 21824K, 100% used [0x00000007a5560000, 0x00000007a6ab0000, 0x00000007a6ab0000)
  to   space 21824K,   0% used [0x00000007a6ab0000, 0x00000007a6ab0000, 0x00000007a8000000)
 concurrent mark-sweep generation total 393216K, used 44491K [0x00000007a8000000, 0x00000007c0000000, 0x00000007c0000000)
 Metaspace       used 36250K, capacity 36812K, committed 37136K, reserved 1081344K
  class space    used 4114K, capacity 4279K, committed 4372K, reserved 1048576K
}
2016-10-23T18:06:14.299+0800: 139.305: Total time for which application threads were stopped: 0.0069170 seconds, Stopping threads took: 0.0000981 seconds
{Heap before GC invocations=762 (full 15):
 par new generation   total 109248K, used 109248K [0x00000007a0000000, 0x00000007a8000000, 0x00000007a8000000)
  eden space 87424K, 100% used [0x00000007a0000000, 0x00000007a5560000, 0x00000007a5560000)
  from space 21824K, 100% used [0x00000007a5560000, 0x00000007a6ab0000, 0x00000007a6ab0000)
  to   space 21824K,   0% used [0x00000007a6ab0000, 0x00000007a6ab0000, 0x00000007a8000000)
 concurrent mark-sweep generation total 393216K, used 44491K [0x00000007a8000000, 0x00000007c0000000, 0x00000007c0000000)
 Metaspace       used 36250K, capacity 36812K, committed 37136K, reserved 1081344K
  class space    used 4114K, capacity 4279K, committed 4372K, reserved 1048576K
2016-10-23T18:06:14.389+0800: 139.394: [GC (Allocation Failure) 2016-10-23T18:06:14.389+0800: 139.394: [ParNew
Desired survivor size 20112992 bytes, new threshold 8 (max 8)
- age   1:    4646944 bytes,    4646944 total
- age   2:    2476616 bytes,    7123560 total
- age   3:    1735480 bytes,    8859040 total
- age   4:    1224296 bytes,   10083336 total
- age   5:     418808 bytes,   10502144 total
- age   6:    4069776 bytes,   14571920 total
- age   7:    4420656 bytes,   18992576 total
- age   8:    2610184 bytes,   21602760 total
: 109248K->21824K(109248K), 0.0066668 secs] 153739K->67697K(502464K), 0.0067266 secs] [Times: user=0.02 sys=0.00, real=0.01 secs] 
Heap after GC invocations=763 (full 15):
 par new generation   total 109248K, used 21824K [0x00000007a0000000, 0x00000007a8000000, 0x00000007a8000000)
  eden space 87424K,   0% used [0x00000007a0000000, 0x00000007a0000000, 0x00000007a5560000)
  from space 21824K, 100% used [0x00000007a6ab0000, 0x00000007a8000000, 0x00000007a8000000)
  to   space 21824K,   0% used [0x00000007a5560000, 0x00000007a5560000, 0x00000007a6ab0000)
 concurrent mark-sweep generation total 393216K, used 45873K [0x00000007a8000000, 0x00000007c0000000, 0x00000007c0000000)
 Metaspace       used 36250K, capacity 36812K, committed 37136K, reserved 1081344K
  class space    used 4114K, capacity 4279K, committed 4372K, reserved 1048576K
}
2016-10-23T18:06:14.395+0800: 139.401: Total time for which application threads were stopped: 0.0069897 seconds, Stopping threads took: 0.0000943 seconds
{Heap before GC invocations=763 (full 15):
 par new generation   total 109248K, used 109248K [0x00000007a0000000, 0x00000007a8000000, 0x00000007a8000000)
  eden space 87424K, 100% used [0x00000007a0000000, 0x00000007a5560000, 0x00000007a5560000)
  from space 21824K, 100% used [0x00000007a6ab0000, 0x00000007a8000000, 0x00000007a8000000)
  to   space 21824K,   0% used [0x00000007a5560000, 0x00000007a5560000, 0x00000007a6ab0000)
 concurrent mark-sweep generation total 393216K, used 45873K [0x00000007a8000000, 0x00000007c0000000, 0x00000007c0000000)
 Metaspace       used 36250K, capacity 36812K, committed 37136K, reserved 1081344K
  class space    used 4114K, capacity 4279K, committed 4372K, reserved 1048576K
2016-10-23T18:06:14.492+0800: 139.498: [GC (Allocation Failure) 2016-10-23T18:06:14.492+0800: 139.498: [ParNew
Desired survivor size 20112992 bytes, new threshold 8 (max 8)
- age   1:    5136632 bytes,    5136632 total
- age   2:    2180504 bytes,    7317136 total
- age   3:    2171792 bytes,    9488928 total
- age   4:    1610264 bytes,   11099192 total
- age   5:    1129592 bytes,   12228784 total
- age   6:     413952 bytes,   12642736 total
- age   7:    3402112 bytes,   16044848 total
- age   8:    4410200 bytes,   20455048 total
: 109248K->21824K(109248K), 0.0068886 secs] 155121K->72644K(502464K), 0.0069605 secs] [Times: user=0.02 sys=0.00, real=0.00 secs] 
Heap after GC invocations=764 (full 15):
 par new generation   total 109248K, used 21824K [0x00000007a0000000, 0x00000007a8000000, 0x00000007a8000000)
  eden space 87424K,   0% used [0x00000007a0000000, 0x00000007a0000000, 0x00000007a5560000)
  from space 21824K, 100% used [0x00000007a5560000, 0x00000007a6ab0000, 0x00000007a6ab0000)
  to   space 21824K,   0% used [0x00000007a6ab0000, 0x00000007a6ab0000, 0x00000007a8000000)
 concurrent mark-sweep generation total 393216K, used 50820K [0x00000007a8000000, 0x00000007c0000000, 0x00000007c0000000)
 Metaspace       used 36250K, capacity 36812K, committed 37136K, reserved 1081344K
  class space    used 4114K, capacity 4279K, committed 4372K, reserved 1048576K
}
2016-10-23T18:06:14.499+0800: 139.505: Total time for which application threads were stopped: 0.0071809 seconds, Stopping threads took: 0.0000601 seconds
{Heap before GC invocations=764 (full 15):
 par new generation   total 109248K, used 109248K [0x00000007a0000000, 0x00000007a8000000, 0x00000007a8000000)
  eden space 87424K, 100% used [0x00000007a0000000, 0x00000007a5560000, 0x00000007a5560000)
  from space 21824K, 100% used [0x00000007a5560000, 0x00000007a6ab0000, 0x00000007a6ab0000)
  to   space 21824K,   0% used [0x00000007a6ab0000, 0x00000007a6ab0000, 0x00000007a8000000)
 concurrent mark-sweep generation total 393216K, used 50820K [0x00000007a8000000, 0x00000007c0000000, 0x00000007c0000000)
 Metaspace       used 36250K, capacity 36812K, committed 37136K, reserved 1081344K
  class space    used 4114K, capacity 4279K, committed 4372K, reserved 1048576K
2016-10-23T18:06:14.563+0800: 139.568: [GC (Allocation Failure) 2016-10-23T18:06:14.563+0800: 139.568: [ParNew
Desired survivor size 20112992 bytes, new threshold 8 (max 8)
- age   1:    3539816 bytes,    3539816 total
- age   2:    3758208 bytes,    7298024 total
- age   3:    2060088 bytes,    9358112 total
- age   4:    2024376 bytes,   11382488 total
- age   5:    1595064 bytes,   12977552 total
- age   6:    1127160 bytes,   14104712 total
- age   7:     413800 bytes,   14518512 total
- age   8:    2720360 bytes,   17238872 total
: 109248K->21824K(109248K), 0.0063720 secs] 160068K->78667K(502464K), 0.0064348 secs] [Times: user=0.02 sys=0.00, real=0.00 secs] 
Heap after GC invocations=765 (full 15):
 par new generation   total 109248K, used 21824K [0x00000007a0000000, 0x00000007a8000000, 0x00000007a8000000)
  eden space 87424K,   0% used [0x00000007a0000000, 0x00000007a0000000, 0x00000007a5560000)
  from space 21824K, 100% used [0x00000007a6ab0000, 0x00000007a8000000, 0x00000007a8000000)
  to   space 21824K,   0% used [0x00000007a5560000, 0x00000007a5560000, 0x00000007a6ab0000)
 concurrent mark-sweep generation total 393216K, used 56843K [0x00000007a8000000, 0x00000007c0000000, 0x00000007c0000000)
 Metaspace       used 36250K, capacity 36812K, committed 37136K, reserved 1081344K
  class space    used 4114K, capacity 4279K, committed 4372K, reserved 1048576K
}
2016-10-23T18:06:14.569+0800: 139.575: Total time for which application threads were stopped: 0.0066576 seconds, Stopping threads took: 0.0000619 seconds
{Heap before GC invocations=765 (full 15):
 par new generation   total 109248K, used 109159K [0x00000007a0000000, 0x00000007a8000000, 0x00000007a8000000)
  eden space 87424K,  99% used [0x00000007a0000000, 0x00000007a5549fc8, 0x00000007a5560000)
  from space 21824K, 100% used [0x00000007a6ab0000, 0x00000007a8000000, 0x00000007a8000000)
  to   space 21824K,   0% used [0x00000007a5560000, 0x00000007a5560000, 0x00000007a6ab0000)
 concurrent mark-sweep generation total 393216K, used 56843K [0x00000007a8000000, 0x00000007c0000000, 0x00000007c0000000)
 Metaspace       used 36250K, capacity 36812K, committed 37136K, reserved 1081344K
  class space    used 4114K, capacity 4279K, committed 4372K, reserved 1048576K
2016-10-23T18:06:14.641+0800: 139.647: [GC (Allocation Failure) 2016-10-23T18:06:14.641+0800: 139.647: [ParNew
Desired survivor size 20112992 bytes, new threshold 8 (max 8)
- age   1:    6668176 bytes,    6668176 total
- age   2:    2102128 bytes,    8770304 total
- age   3:    2291976 bytes,   11062280 total
- age   4:    1863448 bytes,   12925728 total
- age   5:    1980720 bytes,   14906448 total
- age   6:    1584456 bytes,   16490904 total
- age   7:    1127128 bytes,   17618032 total
- age   8:     413776 bytes,   18031808 total
: 109159K->21824K(109248K), 0.0070592 secs] 166003K->81334K(502464K), 0.0071073 secs] [Times: user=0.03 sys=0.01, real=0.00 secs] 
Heap after GC invocations=766 (full 15):
 par new generation   total 109248K, used 21824K [0x00000007a0000000, 0x00000007a8000000, 0x00000007a8000000)
  eden space 87424K,   0% used [0x00000007a0000000, 0x00000007a0000000, 0x00000007a5560000)
  from space 21824K, 100% used [0x00000007a5560000, 0x00000007a6ab0000, 0x00000007a6ab0000)
  to   space 21824K,   0% used [0x00000007a6ab0000, 0x00000007a6ab0000, 0x00000007a8000000)
 concurrent mark-sweep generation total 393216K, used 59510K [0x00000007a8000000, 0x00000007c0000000, 0x00000007c0000000)
 Metaspace       used 36250K, capacity 36812K, committed 37136K, reserved 1081344K
  class space    used 4114K, capacity 4279K, committed 4372K, reserved 1048576K
}
2016-10-23T18:06:14.648+0800: 139.654: Total time for which application threads were stopped: 0.0073425 seconds, Stopping threads took: 0.0000886 seconds
{Heap before GC invocations=766 (full 15):
 par new generation   total 109248K, used 109248K [0x00000007a0000000, 0x00000007a8000000, 0x00000007a8000000)
  eden space 87424K, 100% used [0x00000007a0000000, 0x00000007a5560000, 0x00000007a5560000)
  from space 21824K, 100% used [0x00000007a5560000, 0x00000007a6ab0000, 0x00000007a6ab0000)
  to   space 21824K,   0% used [0x00000007a6ab0000, 0x00000007a6ab0000, 0x00000007a8000000)
 concurrent mark-sweep generation total 393216K, used 59510K [0x00000007a8000000, 0x00000007c0000000, 0x00000007c0000000)
 Metaspace       used 36250K, capacity 36812K, committed 37136K, reserved 1081344K
  class space    used 4114K, capacity 4279K, committed 4372K, reserved 1048576K
2016-10-23T18:06:14.718+0800: 139.724: [GC (Allocation Failure) 2016-10-23T18:06:14.718+0800: 139.724: [ParNew
Desired survivor size 20112992 bytes, new threshold 8 (max 8)
- age   1:    6823968 bytes,    6823968 total
- age   2:    2338936 bytes,    9162904 total
- age   3:    1632488 bytes,   10795392 total
- age   4:    1673224 bytes,   12468616 total
- age   5:    1280808 bytes,   13749424 total
- age   6:    1039672 bytes,   14789096 total
- age   7:    1038456 bytes,   15827552 total
- age   8:     761864 bytes,   16589416 total
: 109248K->21824K(109248K), 0.0064407 secs] 168758K->85610K(502464K), 0.0064869 secs] [Times: user=0.02 sys=0.00, real=0.01 secs] 
Heap after GC invocations=767 (full 15):
 par new generation   total 109248K, used 21824K [0x00000007a0000000, 0x00000007a8000000, 0x00000007a8000000)
  eden space 87424K,   0% used [0x00000007a0000000, 0x00000007a0000000, 0x00000007a5560000)
  from space 21824K, 100% used [0x00000007a6ab0000, 0x00000007a8000000, 0x00000007a8000000)
  to   space 21824K,   0% used [0x00000007a5560000, 0x00000007a5560000, 0x00000007a6ab0000)
 concurrent mark-sweep generation total 393216K, used 63786K [0x00000007a8000000, 0x00000007c0000000, 0x00000007c0000000)
 Metaspace       used 36250K, capacity 36812K, committed 37136K, reserved 1081344K
  class space    used 4114K, capacity 4279K, committed 4372K, reserved 1048576K
}
2016-10-23T18:06:14.725+0800: 139.730: Total time for which application threads were stopped: 0.0067452 seconds, Stopping threads took: 0.0000848 seconds
{Heap before GC invocations=767 (full 15):
 par new generation   total 109248K, used 109248K [0x00000007a0000000, 0x00000007a8000000, 0x00000007a8000000)
  eden space 87424K, 100% used [0x00000007a0000000, 0x00000007a5560000, 0x00000007a5560000)
  from space 21824K, 100% used [0x00000007a6ab0000, 0x00000007a8000000, 0x00000007a8000000)
  to   space 21824K,   0% used [0x00000007a5560000, 0x00000007a5560000, 0x00000007a6ab0000)
 concurrent mark-sweep generation total 393216K, used 63786K [0x00000007a8000000, 0x00000007c0000000, 0x00000007c0000000)
 Metaspace       used 36250K, capacity 36812K, committed 37136K, reserved 1081344K
  class space    used 4114K, capacity 4279K, committed 4372K, reserved 1048576K
2016-10-23T18:06:14.817+0800: 139.822: [GC (Allocation Failure) 2016-10-23T18:06:14.817+0800: 139.822: [ParNew
Desired survivor size 20112992 bytes, new threshold 8 (max 8)
- age   1:    7232616 bytes,    7232616 total
- age   2:    2735056 bytes,    9967672 total
- age   3:    1849640 bytes,   11817312 total
- age   4:    1610744 bytes,   13428056 total
- age   5:    1650792 bytes,   15078848 total
- age   6:    1281024 bytes,   16359872 total
- age   7:    1038280 bytes,   17398152 total
- age   8:    1038456 bytes,   18436608 total
: 109248K->21824K(109248K), 0.0072258 secs] 173034K->86366K(502464K), 0.0072842 secs] [Times: user=0.02 sys=0.00, real=0.01 secs] 
Heap after GC invocations=768 (full 15):
 par new generation   total 109248K, used 21824K [0x00000007a0000000, 0x00000007a8000000, 0x00000007a8000000)
  eden space 87424K,   0% used [0x00000007a0000000, 0x00000007a0000000, 0x00000007a5560000)
  from space 21824K, 100% used [0x00000007a5560000, 0x00000007a6ab0000, 0x00000007a6ab0000)
  to   space 21824K,   0% used [0x00000007a6ab0000, 0x00000007a6ab0000, 0x00000007a8000000)
 concurrent mark-sweep generation total 393216K, used 64542K [0x00000007a8000000, 0x00000007c0000000, 0x00000007c0000000)
 Metaspace       used 36250K, capacity 36812K, committed 37136K, reserved 1081344K
  class space    used 4114K, capacity 4279K, committed 4372K, reserved 1048576K
}
2016-10-23T18:06:14.824+0800: 139.830: Total time for which application threads were stopped: 0.0075389 seconds, Stopping threads took: 0.0000866 seconds
{Heap before GC invocations=768 (full 15):
 par new generation   total 109248K, used 109248K [0x00000007a0000000, 0x00000007a8000000, 0x00000007a8000000)
  eden space 87424K, 100% used [0x00000007a0000000, 0x00000007a5560000, 0x00000007a5560000)
  from space 21824K, 100% used [0x00000007a5560000, 0x00000007a6ab0000, 0x00000007a6ab0000)
  to   space 21824K,   0% used [0x00000007a6ab0000, 0x00000007a6ab0000, 0x00000007a8000000)
 concurrent mark-sweep generation total 393216K, used 64542K [0x00000007a8000000, 0x00000007c0000000, 0x00000007c0000000)
 Metaspace       used 36250K, capacity 36812K, committed 37136K, reserved 1081344K
  class space    used 4114K, capacity 4279K, committed 4372K, reserved 1048576K
2016-10-23T18:06:14.948+0800: 139.954: [GC (Allocation Failure) 2016-10-23T18:06:14.948+0800: 139.954: [ParNew
Desired survivor size 20112992 bytes, new threshold 8 (max 8)
- age   1:    5413496 bytes,    5413496 total
- age   2:    5685392 bytes,   11098888 total
- age   3:    2528504 bytes,   13627392 total
- age   4:    1380112 bytes,   15007504 total
- age   5:    1221616 bytes,   16229120 total
- age   6:    1373360 bytes,   17602480 total
- age   7:    1204616 bytes,   18807096 total
- age   8:    1019320 bytes,   19826416 total
: 109248K->21824K(109248K), 0.0077756 secs] 173790K->89979K(502464K), 0.0078259 secs] [Times: user=0.03 sys=0.00, real=0.01 secs] 
Heap after GC invocations=769 (full 15):
 par new generation   total 109248K, used 21824K [0x00000007a0000000, 0x00000007a8000000, 0x00000007a8000000)
  eden space 87424K,   0% used [0x00000007a0000000, 0x00000007a0000000, 0x00000007a5560000)
  from space 21824K, 100% used [0x00000007a6ab0000, 0x00000007a8000000, 0x00000007a8000000)
  to   space 21824K,   0% used [0x00000007a5560000, 0x00000007a5560000, 0x00000007a6ab0000)
 concurrent mark-sweep generation total 393216K, used 68155K [0x00000007a8000000, 0x00000007c0000000, 0x00000007c0000000)
 Metaspace       used 36250K, capacity 36812K, committed 37136K, reserved 1081344K
  class space    used 4114K, capacity 4279K, committed 4372K, reserved 1048576K
}
2016-10-23T18:06:14.956+0800: 139.961: Total time for which application threads were stopped: 0.0080909 seconds, Stopping threads took: 0.0000780 seconds
{Heap before GC invocations=769 (full 15):
 par new generation   total 109248K, used 109248K [0x00000007a0000000, 0x00000007a8000000, 0x00000007a8000000)
  eden space 87424K, 100% used [0x00000007a0000000, 0x00000007a5560000, 0x00000007a5560000)
  from space 21824K, 100% used [0x00000007a6ab0000, 0x00000007a8000000, 0x00000007a8000000)
  to   space 21824K,   0% used [0x00000007a5560000, 0x00000007a5560000, 0x00000007a6ab0000)
 concurrent mark-sweep generation total 393216K, used 68155K [0x00000007a8000000, 0x00000007c0000000, 0x00000007c0000000)
 Metaspace       used 36250K, capacity 36812K, committed 37136K, reserved 1081344K
  class space    used 4114K, capacity 4279K, committed 4372K, reserved 1048576K
2016-10-23T18:06:15.010+0800: 140.016: [GC (Allocation Failure) 2016-10-23T18:06:15.010+0800: 140.016: [ParNew
Desired survivor size 20112992 bytes, new threshold 8 (max 8)
- age   1:    1479480 bytes,    1479480 total
- age   2:    5128504 bytes,    6607984 total
- age   3:    5475304 bytes,   12083288 total
- age   4:    2447240 bytes,   14530528 total
- age   5:    1329920 bytes,   15860448 total
- age   6:    1165288 bytes,   17025736 total
- age   7:    1340240 bytes,   18365976 total
- age   8:    1138120 bytes,   19504096 total
: 109248K->21824K(109248K), 0.0062737 secs] 177403K->91480K(502464K), 0.0063222 secs] [Times: user=0.02 sys=0.00, real=0.00 secs] 
Heap after GC invocations=770 (full 15):
 par new generation   total 109248K, used 21824K [0x00000007a0000000, 0x00000007a8000000, 0x00000007a8000000)
  eden space 87424K,   0% used [0x00000007a0000000, 0x00000007a0000000, 0x00000007a5560000)
  from space 21824K, 100% used [0x00000007a5560000, 0x00000007a6ab0000, 0x00000007a6ab0000)
  to   space 21824K,   0% used [0x00000007a6ab0000, 0x00000007a6ab0000, 0x00000007a8000000)
 concurrent mark-sweep generation total 393216K, used 69656K [0x00000007a8000000, 0x00000007c0000000, 0x00000007c0000000)
 Metaspace       used 36250K, capacity 36812K, committed 37136K, reserved 1081344K
  class space    used 4114K, capacity 4279K, committed 4372K, reserved 1048576K
}
2016-10-23T18:06:15.016+0800: 140.022: Total time for which application threads were stopped: 0.0065957 seconds, Stopping threads took: 0.0000828 seconds
{Heap before GC invocations=770 (full 15):
 par new generation   total 109248K, used 109248K [0x00000007a0000000, 0x00000007a8000000, 0x00000007a8000000)
  eden space 87424K, 100% used [0x00000007a0000000, 0x00000007a5560000, 0x00000007a5560000)
  from space 21824K, 100% used [0x00000007a5560000, 0x00000007a6ab0000, 0x00000007a6ab0000)
  to   space 21824K,   0% used [0x00000007a6ab0000, 0x00000007a6ab0000, 0x00000007a8000000)
 concurrent mark-sweep generation total 393216K, used 69656K [0x00000007a8000000, 0x00000007c0000000, 0x00000007c0000000)
 Metaspace       used 36250K, capacity 36812K, committed 37136K, reserved 1081344K
  class space    used 4114K, capacity 4279K, committed 4372K, reserved 1048576K
2016-10-23T18:06:15.066+0800: 140.071: [GC (Allocation Failure) 2016-10-23T18:06:15.066+0800: 140.071: [ParNew
Desired survivor size 20112992 bytes, new threshold 8 (max 8)
- age   1:    2446680 bytes,    2446680 total
- age   2:     620064 bytes,    3066744 total
- age   3:    4894408 bytes,    7961152 total
- age   4:    5403880 bytes,   13365032 total
- age   5:    2397592 bytes,   15762624 total
- age   6:    1275104 bytes,   17037728 total
- age   7:    1118024 bytes,   18155752 total
- age   8:    1321648 bytes,   19477400 total
: 109248K->21824K(109248K), 0.0061618 secs] 178904K->92714K(502464K), 0.0062220 secs] [Times: user=0.02 sys=0.00, real=0.01 secs] 
Heap after GC invocations=771 (full 15):
 par new generation   total 109248K, used 21824K [0x00000007a0000000, 0x00000007a8000000, 0x00000007a8000000)
  eden space 87424K,   0% used [0x00000007a0000000, 0x00000007a0000000, 0x00000007a5560000)
  from space 21824K, 100% used [0x00000007a6ab0000, 0x00000007a8000000, 0x00000007a8000000)
  to   space 21824K,   0% used [0x00000007a5560000, 0x00000007a5560000, 0x00000007a6ab0000)
 concurrent mark-sweep generation total 393216K, used 70890K [0x00000007a8000000, 0x00000007c0000000, 0x00000007c0000000)
 Metaspace       used 36250K, capacity 36812K, committed 37136K, reserved 1081344K
  class space    used 4114K, capacity 4279K, committed 4372K, reserved 1048576K
}
2016-10-23T18:06:15.072+0800: 140.078: Total time for which application threads were stopped: 0.0065111 seconds, Stopping threads took: 0.0001056 seconds
{Heap before GC invocations=771 (full 15):
 par new generation   total 109248K, used 109248K [0x00000007a0000000, 0x00000007a8000000, 0x00000007a8000000)
  eden space 87424K, 100% used [0x00000007a0000000, 0x00000007a5560000, 0x00000007a5560000)
  from space 21824K, 100% used [0x00000007a6ab0000, 0x00000007a8000000, 0x00000007a8000000)
  to   space 21824K,   0% used [0x00000007a5560000, 0x00000007a5560000, 0x00000007a6ab0000)
 concurrent mark-sweep generation total 393216K, used 70890K [0x00000007a8000000, 0x00000007c0000000, 0x00000007c0000000)
 Metaspace       used 36252K, capacity 36812K, committed 37136K, reserved 1081344K
  class space    used 4114K, capacity 4279K, committed 4372K, reserved 1048576K
2016-10-23T18:06:15.140+0800: 140.145: [GC (Allocation Failure) 2016-10-23T18:06:15.140+0800: 140.145: [ParNew
Desired survivor size 20112992 bytes, new threshold 8 (max 8)
- age   1:    3354928 bytes,    3354928 total
- age   2:    1042568 bytes,    4397496 total
- age   3:     492840 bytes,    4890336 total
- age   4:    4795320 bytes,    9685656 total
- age   5:    5227792 bytes,   14913448 total
- age   6:    2275888 bytes,   17189336 total
- age   7:    1141520 bytes,   18330856 total
- age   8:    1014584 bytes,   19345440 total
: 109248K->21824K(109248K), 0.0068019 secs] 180138K->94439K(502464K), 0.0068646 secs] [Times: user=0.03 sys=0.00, real=0.00 secs] 
Heap after GC invocations=772 (full 15):
 par new generation   total 109248K, used 21824K [0x00000007a0000000, 0x00000007a8000000, 0x00000007a8000000)
  eden space 87424K,   0% used [0x00000007a0000000, 0x00000007a0000000, 0x00000007a5560000)
  from space 21824K, 100% used [0x00000007a5560000, 0x00000007a6ab0000, 0x00000007a6ab0000)
  to   space 21824K,   0% used [0x00000007a6ab0000, 0x00000007a6ab0000, 0x00000007a8000000)
 concurrent mark-sweep generation total 393216K, used 72615K [0x00000007a8000000, 0x00000007c0000000, 0x00000007c0000000)
 Metaspace       used 36252K, capacity 36812K, committed 37136K, reserved 1081344K
  class space    used 4114K, capacity 4279K, committed 4372K, reserved 1048576K
}
2016-10-23T18:06:15.147+0800: 140.152: Total time for which application threads were stopped: 0.0070970 seconds, Stopping threads took: 0.0000758 seconds
{Heap before GC invocations=772 (full 15):
 par new generation   total 109248K, used 109248K [0x00000007a0000000, 0x00000007a8000000, 0x00000007a8000000)
  eden space 87424K, 100% used [0x00000007a0000000, 0x00000007a5560000, 0x00000007a5560000)
  from space 21824K, 100% used [0x00000007a5560000, 0x00000007a6ab0000, 0x00000007a6ab0000)
  to   space 21824K,   0% used [0x00000007a6ab0000, 0x00000007a6ab0000, 0x00000007a8000000)
 concurrent mark-sweep generation total 393216K, used 72615K [0x00000007a8000000, 0x00000007c0000000, 0x00000007c0000000)
 Metaspace       used 36252K, capacity 36812K, committed 37136K, reserved 1081344K
  class space    used 4114K, capacity 4279K, committed 4372K, reserved 1048576K
2016-10-23T18:06:15.245+0800: 140.251: [GC (Allocation Failure) 2016-10-23T18:06:15.245+0800: 140.251: [ParNew
Desired survivor size 20112992 bytes, new threshold 8 (max 8)
- age   1:    4499184 bytes,    4499184 total
- age   2:    1613544 bytes,    6112728 total
- age   3:     827624 bytes,    6940352 total
- age   4:     426608 bytes,    7366960 total
- age   5:    3831776 bytes,   11198736 total
- age   6:    4588912 bytes,   15787648 total
- age   7:    2275768 bytes,   18063416 total
- age   8:    1135896 bytes,   19199312 total
: 109248K->21824K(109248K), 0.0077334 secs] 181863K->97750K(502464K), 0.0078072 secs] [Times: user=0.02 sys=0.00, real=0.01 secs] 
Heap after GC invocations=773 (full 15):
 par new generation   total 109248K, used 21824K [0x00000007a0000000, 0x00000007a8000000, 0x00000007a8000000)
  eden space 87424K,   0% used [0x00000007a0000000, 0x00000007a0000000, 0x00000007a5560000)
  from space 21824K, 100% used [0x00000007a6ab0000, 0x00000007a8000000, 0x00000007a8000000)
  to   space 21824K,   0% used [0x00000007a5560000, 0x00000007a5560000, 0x00000007a6ab0000)
 concurrent mark-sweep generation total 393216K, used 75926K [0x00000007a8000000, 0x00000007c0000000, 0x00000007c0000000)
 Metaspace       used 36252K, capacity 36812K, committed 37136K, reserved 1081344K
  class space    used 4114K, capacity 4279K, committed 4372K, reserved 1048576K
}
2016-10-23T18:06:15.253+0800: 140.259: Total time for which application threads were stopped: 0.0080726 seconds, Stopping threads took: 0.0000373 seconds
{Heap before GC invocations=773 (full 15):
 par new generation   total 109248K, used 109248K [0x00000007a0000000, 0x00000007a8000000, 0x00000007a8000000)
  eden space 87424K, 100% used [0x00000007a0000000, 0x00000007a5560000, 0x00000007a5560000)
  from space 21824K, 100% used [0x00000007a6ab0000, 0x00000007a8000000, 0x00000007a8000000)
  to   space 21824K,   0% used [0x00000007a5560000, 0x00000007a5560000, 0x00000007a6ab0000)
 concurrent mark-sweep generation total 393216K, used 75926K [0x00000007a8000000, 0x00000007c0000000, 0x00000007c0000000)
 Metaspace       used 36252K, capacity 36812K, committed 37136K, reserved 1081344K
  class space    used 4114K, capacity 4279K, committed 4372K, reserved 1048576K
2016-10-23T18:06:15.338+0800: 140.344: [GC (Allocation Failure) 2016-10-23T18:06:15.338+0800: 140.344: [ParNew
Desired survivor size 20112992 bytes, new threshold 8 (max 8)
- age   1:    4514136 bytes,    4514136 total
- age   2:    2502408 bytes,    7016544 total
- age   3:    1436464 bytes,    8453008 total
- age   4:     505824 bytes,    8958832 total
- age   5:     333824 bytes,    9292656 total
- age   6:    3268816 bytes,   12561472 total
- age   7:    4474352 bytes,   17035824 total
- age   8:    1934872 bytes,   18970696 total
: 109248K->21824K(109248K), 0.0062250 secs] 185174K->101280K(502464K), 0.0062809 secs] [Times: user=0.02 sys=0.01, real=0.01 secs] 
Heap after GC invocations=774 (full 15):
 par new generation   total 109248K, used 21824K [0x00000007a0000000, 0x00000007a8000000, 0x00000007a8000000)
  eden space 87424K,   0% used [0x00000007a0000000, 0x00000007a0000000, 0x00000007a5560000)
  from space 21824K, 100% used [0x00000007a5560000, 0x00000007a6ab0000, 0x00000007a6ab0000)
  to   space 21824K,   0% used [0x00000007a6ab0000, 0x00000007a6ab0000, 0x00000007a8000000)
 concurrent mark-sweep generation total 393216K, used 79456K [0x00000007a8000000, 0x00000007c0000000, 0x00000007c0000000)
 Metaspace       used 36252K, capacity 36812K, committed 37136K, reserved 1081344K
  class space    used 4114K, capacity 4279K, committed 4372K, reserved 1048576K
}
2016-10-23T18:06:15.345+0800: 140.350: Total time for which application threads were stopped: 0.0064795 seconds, Stopping threads took: 0.0000400 seconds
{Heap before GC invocations=774 (full 15):
 par new generation   total 109248K, used 109248K [0x00000007a0000000, 0x00000007a8000000, 0x00000007a8000000)
  eden space 87424K, 100% used [0x00000007a0000000, 0x00000007a5560000, 0x00000007a5560000)
  from space 21824K, 100% used [0x00000007a5560000, 0x00000007a6ab0000, 0x00000007a6ab0000)
  to   space 21824K,   0% used [0x00000007a6ab0000, 0x00000007a6ab0000, 0x00000007a8000000)
 concurrent mark-sweep generation total 393216K, used 79456K [0x00000007a8000000, 0x00000007c0000000, 0x00000007c0000000)
 Metaspace       used 36252K, capacity 36812K, committed 37136K, reserved 1081344K
  class space    used 4114K, capacity 4279K, committed 4372K, reserved 1048576K
2016-10-23T18:06:15.421+0800: 140.427: [GC (Allocation Failure) 2016-10-23T18:06:15.421+0800: 140.427: [ParNew
Desired survivor size 20112992 bytes, new threshold 8 (max 8)
- age   1:    3485488 bytes,    3485488 total
- age   2:    3040624 bytes,    6526112 total
- age   3:    2297592 bytes,    8823704 total
- age   4:    1414736 bytes,   10238440 total
- age   5:     454760 bytes,   10693200 total
- age   6:     328616 bytes,   11021816 total
- age   7:    3160040 bytes,   14181856 total
- age   8:    4472696 bytes,   18654552 total
: 109248K->21824K(109248K), 0.0070301 secs] 188704K->105194K(502464K), 0.0071097 secs] [Times: user=0.02 sys=0.00, real=0.00 secs] 
Heap after GC invocations=775 (full 15):
 par new generation   total 109248K, used 21824K [0x00000007a0000000, 0x00000007a8000000, 0x00000007a8000000)
  eden space 87424K,   0% used [0x00000007a0000000, 0x00000007a0000000, 0x00000007a5560000)
  from space 21824K, 100% used [0x00000007a6ab0000, 0x00000007a8000000, 0x00000007a8000000)
  to   space 21824K,   0% used [0x00000007a5560000, 0x00000007a5560000, 0x00000007a6ab0000)
 concurrent mark-sweep generation total 393216K, used 83370K [0x00000007a8000000, 0x00000007c0000000, 0x00000007c0000000)
 Metaspace       used 36252K, capacity 36812K, committed 37136K, reserved 1081344K
  class space    used 4114K, capacity 4279K, committed 4372K, reserved 1048576K
}
2016-10-23T18:06:15.428+0800: 140.434: Total time for which application threads were stopped: 0.0073284 seconds, Stopping threads took: 0.0000377 seconds
{Heap before GC invocations=775 (full 15):
 par new generation   total 109248K, used 109248K [0x00000007a0000000, 0x00000007a8000000, 0x00000007a8000000)
  eden space 87424K, 100% used [0x00000007a0000000, 0x00000007a5560000, 0x00000007a5560000)
  from space 21824K, 100% used [0x00000007a6ab0000, 0x00000007a8000000, 0x00000007a8000000)
  to   space 21824K,   0% used [0x00000007a5560000, 0x00000007a5560000, 0x00000007a6ab0000)
 concurrent mark-sweep generation total 393216K, used 83370K [0x00000007a8000000, 0x00000007c0000000, 0x00000007c0000000)
 Metaspace       used 36252K, capacity 36812K, committed 37136K, reserved 1081344K
  class space    used 4114K, capacity 4279K, committed 4372K, reserved 1048576K
2016-10-23T18:06:15.501+0800: 140.506: [GC (Allocation Failure) 2016-10-23T18:06:15.501+0800: 140.506: [ParNew
Desired survivor size 20112992 bytes, new threshold 8 (max 8)
- age   1:    5838928 bytes,    5838928 total
- age   2:    2017184 bytes,    7856112 total
- age   3:    2929840 bytes,   10785952 total
- age   4:    2228888 bytes,   13014840 total
- age   5:    1375560 bytes,   14390400 total
- age   6:     453696 bytes,   14844096 total
- age   7:     327784 bytes,   15171880 total
- age   8:    3157040 bytes,   18328920 total
: 109248K->21824K(109248K), 0.0064617 secs] 192618K->109616K(502464K), 0.0065265 secs] [Times: user=0.02 sys=0.00, real=0.00 secs] 
Heap after GC invocations=776 (full 15):
 par new generation   total 109248K, used 21824K [0x00000007a0000000, 0x00000007a8000000, 0x00000007a8000000)
  eden space 87424K,   0% used [0x00000007a0000000, 0x00000007a0000000, 0x00000007a5560000)
  from space 21824K, 100% used [0x00000007a5560000, 0x00000007a6ab0000, 0x00000007a6ab0000)
  to   space 21824K,   0% used [0x00000007a6ab0000, 0x00000007a6ab0000, 0x00000007a8000000)
 concurrent mark-sweep generation total 393216K, used 87792K [0x00000007a8000000, 0x00000007c0000000, 0x00000007c0000000)
 Metaspace       used 36252K, capacity 36812K, committed 37136K, reserved 1081344K
  class space    used 4114K, capacity 4279K, committed 4372K, reserved 1048576K
}
2016-10-23T18:06:15.507+0800: 140.513: Total time for which application threads were stopped: 0.0067691 seconds, Stopping threads took: 0.0000806 seconds
{Heap before GC invocations=776 (full 15):
 par new generation   total 109248K, used 109248K [0x00000007a0000000, 0x00000007a8000000, 0x00000007a8000000)
  eden space 87424K, 100% used [0x00000007a0000000, 0x00000007a5560000, 0x00000007a5560000)
  from space 21824K, 100% used [0x00000007a5560000, 0x00000007a6ab0000, 0x00000007a6ab0000)
  to   space 21824K,   0% used [0x00000007a6ab0000, 0x00000007a6ab0000, 0x00000007a8000000)
 concurrent mark-sweep generation total 393216K, used 87792K [0x00000007a8000000, 0x00000007c0000000, 0x00000007c0000000)
 Metaspace       used 36252K, capacity 36812K, committed 37136K, reserved 1081344K
  class space    used 4114K, capacity 4279K, committed 4372K, reserved 1048576K
2016-10-23T18:06:15.597+0800: 140.603: [GC (Allocation Failure) 2016-10-23T18:06:15.597+0800: 140.603: [ParNew
Desired survivor size 20112992 bytes, new threshold 8 (max 8)
- age   1:    6305736 bytes,    6305736 total
- age   2:    2349368 bytes,    8655104 total
- age   3:    1831736 bytes,   10486840 total
- age   4:    2600584 bytes,   13087424 total
- age   5:    2109696 bytes,   15197120 total
- age   6:    1338208 bytes,   16535328 total
- age   7:     385360 bytes,   16920688 total
- age   8:     325280 bytes,   17245968 total
: 109248K->21824K(109248K), 0.0071343 secs] 197040K->113670K(502464K), 0.0071939 secs] [Times: user=0.02 sys=0.00, real=0.01 secs] 
Heap after GC invocations=777 (full 15):
 par new generation   total 109248K, used 21824K [0x00000007a0000000, 0x00000007a8000000, 0x00000007a8000000)
  eden space 87424K,   0% used [0x00000007a0000000, 0x00000007a0000000, 0x00000007a5560000)
  from space 21824K, 100% used [0x00000007a6ab0000, 0x00000007a8000000, 0x00000007a8000000)
  to   space 21824K,   0% used [0x00000007a5560000, 0x00000007a5560000, 0x00000007a6ab0000)
 concurrent mark-sweep generation total 393216K, used 91846K [0x00000007a8000000, 0x00000007c0000000, 0x00000007c0000000)
 Metaspace       used 36252K, capacity 36812K, committed 37136K, reserved 1081344K
  class space    used 4114K, capacity 4279K, committed 4372K, reserved 1048576K
}
2016-10-23T18:06:15.604+0800: 140.610: Total time for which application threads were stopped: 0.0074773 seconds, Stopping threads took: 0.0000939 seconds
2016-10-23T18:06:15.628+0800: 140.633: Total time for which application threads were stopped: 0.0002500 seconds, Stopping threads took: 0.0001115 seconds
2016-10-23T18:06:15.638+0800: 140.643: Total time for which application threads were stopped: 0.0001714 seconds, Stopping threads took: 0.0000971 seconds
2016-10-23T18:06:15.674+0800: 140.679: Total time for which application threads were stopped: 0.0002635 seconds, Stopping threads took: 0.0001196 seconds
2016-10-23T18:06:15.674+0800: 140.679: Total time for which application threads were stopped: 0.0001396 seconds, Stopping threads took: 0.0000623 seconds
{Heap before GC invocations=777 (full 15):
 par new generation   total 109248K, used 109248K [0x00000007a0000000, 0x00000007a8000000, 0x00000007a8000000)
  eden space 87424K, 100% used [0x00000007a0000000, 0x00000007a5560000, 0x00000007a5560000)
  from space 21824K, 100% used [0x00000007a6ab0000, 0x00000007a8000000, 0x00000007a8000000)
  to   space 21824K,   0% used [0x00000007a5560000, 0x00000007a5560000, 0x00000007a6ab0000)
 concurrent mark-sweep generation total 393216K, used 91846K [0x00000007a8000000, 0x00000007c0000000, 0x00000007c0000000)
 Metaspace       used 36252K, capacity 36812K, committed 37136K, reserved 1081344K
  class space    used 4114K, capacity 4279K, committed 4372K, reserved 1048576K
2016-10-23T18:06:15.683+0800: 140.689: [GC (Allocation Failure) 2016-10-23T18:06:15.683+0800: 140.689: [ParNew
Desired survivor size 20112992 bytes, new threshold 8 (max 8)
- age   1:    4270720 bytes,    4270720 total
- age   2:    5185768 bytes,    9456488 total
- age   3:    2199176 bytes,   11655664 total
- age   4:    1746680 bytes,   13402344 total
- age   5:    2491016 bytes,   15893360 total
- age   6:    2002248 bytes,   17895608 total
- age   7:    1266104 bytes,   19161712 total
- age   8:     348744 bytes,   19510456 total
: 109248K->21371K(109248K), 0.0053661 secs] 201094K->113516K(502464K), 0.0054304 secs] [Times: user=0.02 sys=0.00, real=0.00 secs] 
Heap after GC invocations=778 (full 15):
 par new generation   total 109248K, used 21371K [0x00000007a0000000, 0x00000007a8000000, 0x00000007a8000000)
  eden space 87424K,   0% used [0x00000007a0000000, 0x00000007a0000000, 0x00000007a5560000)
  from space 21824K,  97% used [0x00000007a5560000, 0x00000007a6a3efd0, 0x00000007a6ab0000)
  to   space 21824K,   0% used [0x00000007a6ab0000, 0x00000007a6ab0000, 0x00000007a8000000)
 concurrent mark-sweep generation total 393216K, used 92144K [0x00000007a8000000, 0x00000007c0000000, 0x00000007c0000000)
 Metaspace       used 36252K, capacity 36812K, committed 37136K, reserved 1081344K
  class space    used 4114K, capacity 4279K, committed 4372K, reserved 1048576K
}
2016-10-23T18:06:15.689+0800: 140.694: Total time for which application threads were stopped: 0.0056545 seconds, Stopping threads took: 0.0000821 seconds
{Heap before GC invocations=778 (full 15):
 par new generation   total 109248K, used 108795K [0x00000007a0000000, 0x00000007a8000000, 0x00000007a8000000)
  eden space 87424K, 100% used [0x00000007a0000000, 0x00000007a5560000, 0x00000007a5560000)
  from space 21824K,  97% used [0x00000007a5560000, 0x00000007a6a3efd0, 0x00000007a6ab0000)
  to   space 21824K,   0% used [0x00000007a6ab0000, 0x00000007a6ab0000, 0x00000007a8000000)
 concurrent mark-sweep generation total 393216K, used 92144K [0x00000007a8000000, 0x00000007c0000000, 0x00000007c0000000)
 Metaspace       used 36252K, capacity 36812K, committed 37136K, reserved 1081344K
  class space    used 4114K, capacity 4279K, committed 4372K, reserved 1048576K
2016-10-23T18:06:15.744+0800: 140.749: [GC (Allocation Failure) 2016-10-23T18:06:15.744+0800: 140.749: [ParNew
Desired survivor size 20112992 bytes, new threshold 8 (max 8)
- age   1:     956552 bytes,     956552 total
- age   2:    3104984 bytes,    4061536 total
- age   3:    5185600 bytes,    9247136 total
- age   4:    2199152 bytes,   11446288 total
- age   5:    1746664 bytes,   13192952 total
- age   6:    2490104 bytes,   15683056 total
- age   7:    2001336 bytes,   17684392 total
- age   8:    1266040 bytes,   18950432 total
: 108795K->21824K(109248K), 0.0077817 secs] 200940K->115677K(502464K), 0.0078607 secs] [Times: user=0.03 sys=0.00, real=0.01 secs] 
Heap after GC invocations=779 (full 15):
 par new generation   total 109248K, used 21824K [0x00000007a0000000, 0x00000007a8000000, 0x00000007a8000000)
  eden space 87424K,   0% used [0x00000007a0000000, 0x00000007a0000000, 0x00000007a5560000)
  from space 21824K, 100% used [0x00000007a6ab0000, 0x00000007a8000000, 0x00000007a8000000)
  to   space 21824K,   0% used [0x00000007a5560000, 0x00000007a5560000, 0x00000007a6ab0000)
 concurrent mark-sweep generation total 393216K, used 93853K [0x00000007a8000000, 0x00000007c0000000, 0x00000007c0000000)
 Metaspace       used 36252K, capacity 36812K, committed 37136K, reserved 1081344K
  class space    used 4114K, capacity 4279K, committed 4372K, reserved 1048576K
}
2016-10-23T18:06:15.752+0800: 140.757: Total time for which application threads were stopped: 0.0082388 seconds, Stopping threads took: 0.0001139 seconds
{Heap before GC invocations=779 (full 15):
 par new generation   total 109248K, used 109248K [0x00000007a0000000, 0x00000007a8000000, 0x00000007a8000000)
  eden space 87424K, 100% used [0x00000007a0000000, 0x00000007a5560000, 0x00000007a5560000)
  from space 21824K, 100% used [0x00000007a6ab0000, 0x00000007a8000000, 0x00000007a8000000)
  to   space 21824K,   0% used [0x00000007a5560000, 0x00000007a5560000, 0x00000007a6ab0000)
 concurrent mark-sweep generation total 393216K, used 93853K [0x00000007a8000000, 0x00000007c0000000, 0x00000007c0000000)
 Metaspace       used 36252K, capacity 36812K, committed 37136K, reserved 1081344K
  class space    used 4114K, capacity 4279K, committed 4372K, reserved 1048576K
2016-10-23T18:06:15.796+0800: 140.802: [GC (Allocation Failure) 2016-10-23T18:06:15.796+0800: 140.802: [ParNew
Desired survivor size 20112992 bytes, new threshold 8 (max 8)
- age   1:    1592224 bytes,    1592224 total
- age   2:     504760 bytes,    2096984 total
- age   3:    3082816 bytes,    5179800 total
- age   4:    5157536 bytes,   10337336 total
- age   5:    2176536 bytes,   12513872 total
- age   6:    1723936 bytes,   14237808 total
- age   7:    2465384 bytes,   16703192 total
- age   8:    1978520 bytes,   18681712 total
: 109248K->21824K(109248K), 0.0056567 secs] 203101K->116916K(502464K), 0.0057123 secs] [Times: user=0.01 sys=0.00, real=0.01 secs] 
Heap after GC invocations=780 (full 15):
 par new generation   total 109248K, used 21824K [0x00000007a0000000, 0x00000007a8000000, 0x00000007a8000000)
  eden space 87424K,   0% used [0x00000007a0000000, 0x00000007a0000000, 0x00000007a5560000)
  from space 21824K, 100% used [0x00000007a5560000, 0x00000007a6ab0000, 0x00000007a6ab0000)
  to   space 21824K,   0% used [0x00000007a6ab0000, 0x00000007a6ab0000, 0x00000007a8000000)
 concurrent mark-sweep generation total 393216K, used 95092K [0x00000007a8000000, 0x00000007c0000000, 0x00000007c0000000)
 Metaspace       used 36252K, capacity 36812K, committed 37136K, reserved 1081344K
  class space    used 4114K, capacity 4279K, committed 4372K, reserved 1048576K
}
2016-10-23T18:06:15.802+0800: 140.808: Total time for which application threads were stopped: 0.0059561 seconds, Stopping threads took: 0.0000731 seconds
{Heap before GC invocations=780 (full 15):
 par new generation   total 109248K, used 109248K [0x00000007a0000000, 0x00000007a8000000, 0x00000007a8000000)
  eden space 87424K, 100% used [0x00000007a0000000, 0x00000007a5560000, 0x00000007a5560000)
  from space 21824K, 100% used [0x00000007a5560000, 0x00000007a6ab0000, 0x00000007a6ab0000)
  to   space 21824K,   0% used [0x00000007a6ab0000, 0x00000007a6ab0000, 0x00000007a8000000)
 concurrent mark-sweep generation total 393216K, used 95092K [0x00000007a8000000, 0x00000007c0000000, 0x00000007c0000000)
 Metaspace       used 36252K, capacity 36812K, committed 37136K, reserved 1081344K
  class space    used 4114K, capacity 4279K, committed 4372K, reserved 1048576K
2016-10-23T18:06:15.895+0800: 140.900: [GC (Allocation Failure) 2016-10-23T18:06:15.895+0800: 140.900: [ParNew
Desired survivor size 20112992 bytes, new threshold 8 (max 8)
- age   1:    2922336 bytes,    2922336 total
- age   2:     585416 bytes,    3507752 total
- age   3:     293264 bytes,    3801016 total
- age   4:    2218480 bytes,    6019496 total
- age   5:    5034416 bytes,   11053912 total
- age   6:    2077776 bytes,   13131688 total
- age   7:    1620664 bytes,   14752352 total
- age   8:    2349176 bytes,   17101528 total
: 109248K->21824K(109248K), 0.0074080 secs] 204340K->119869K(502464K), 0.0074669 secs] [Times: user=0.03 sys=0.00, real=0.01 secs] 
Heap after GC invocations=781 (full 15):
 par new generation   total 109248K, used 21824K [0x00000007a0000000, 0x00000007a8000000, 0x00000007a8000000)
  eden space 87424K,   0% used [0x00000007a0000000, 0x00000007a0000000, 0x00000007a5560000)
  from space 21824K, 100% used [0x00000007a6ab0000, 0x00000007a8000000, 0x00000007a8000000)
  to   space 21824K,   0% used [0x00000007a5560000, 0x00000007a5560000, 0x00000007a6ab0000)
 concurrent mark-sweep generation total 393216K, used 98045K [0x00000007a8000000, 0x00000007c0000000, 0x00000007c0000000)
 Metaspace       used 36252K, capacity 36812K, committed 37136K, reserved 1081344K
  class space    used 4114K, capacity 4279K, committed 4372K, reserved 1048576K
}
2016-10-23T18:06:15.902+0800: 140.908: Total time for which application threads were stopped: 0.0077669 seconds, Stopping threads took: 0.0000837 seconds
2016-10-23T18:06:15.946+0800: 140.951: Total time for which application threads were stopped: 0.0002571 seconds, Stopping threads took: 0.0000757 seconds
2016-10-23T18:06:15.948+0800: 140.954: Total time for which application threads were stopped: 0.0002900 seconds, Stopping threads took: 0.0000729 seconds
2016-10-23T18:06:15.950+0800: 140.956: Total time for which application threads were stopped: 0.0001898 seconds, Stopping threads took: 0.0000960 seconds
{Heap before GC invocations=781 (full 15):
 par new generation   total 109248K, used 109248K [0x00000007a0000000, 0x00000007a8000000, 0x00000007a8000000)
  eden space 87424K, 100% used [0x00000007a0000000, 0x00000007a5560000, 0x00000007a5560000)
  from space 21824K, 100% used [0x00000007a6ab0000, 0x00000007a8000000, 0x00000007a8000000)
  to   space 21824K,   0% used [0x00000007a5560000, 0x00000007a5560000, 0x00000007a6ab0000)
 concurrent mark-sweep generation total 393216K, used 98045K [0x00000007a8000000, 0x00000007c0000000, 0x00000007c0000000)
 Metaspace       used 36254K, capacity 36812K, committed 37136K, reserved 1081344K
  class space    used 4114K, capacity 4279K, committed 4372K, reserved 1048576K
2016-10-23T18:06:15.983+0800: 140.988: [GC (Allocation Failure) 2016-10-23T18:06:15.983+0800: 140.988: [ParNew
Desired survivor size 20112992 bytes, new threshold 8 (max 8)
- age   1:    5810200 bytes,    5810200 total
- age   2:    2260096 bytes,    8070296 total
- age   3:     443424 bytes,    8513720 total
- age   4:     135968 bytes,    8649688 total
- age   5:    2091080 bytes,   10740768 total
- age   6:    5034416 bytes,   15775184 total
- age   7:    2077776 bytes,   17852960 total
- age   8:    1620664 bytes,   19473624 total
: 109248K->21824K(109248K), 0.0057901 secs] 207293K->122166K(502464K), 0.0058492 secs] [Times: user=0.02 sys=0.00, real=0.00 secs] 
Heap after GC invocations=782 (full 15):
 par new generation   total 109248K, used 21824K [0x00000007a0000000, 0x00000007a8000000, 0x00000007a8000000)
  eden space 87424K,   0% used [0x00000007a0000000, 0x00000007a0000000, 0x00000007a5560000)
  from space 21824K, 100% used [0x00000007a5560000, 0x00000007a6ab0000, 0x00000007a6ab0000)
  to   space 21824K,   0% used [0x00000007a6ab0000, 0x00000007a6ab0000, 0x00000007a8000000)
 concurrent mark-sweep generation total 393216K, used 100342K [0x00000007a8000000, 0x00000007c0000000, 0x00000007c0000000)
 Metaspace       used 36254K, capacity 36812K, committed 37136K, reserved 1081344K
  class space    used 4114K, capacity 4279K, committed 4372K, reserved 1048576K
}
2016-10-23T18:06:15.989+0800: 140.994: Total time for which application threads were stopped: 0.0061146 seconds, Stopping threads took: 0.0000821 seconds
{Heap before GC invocations=782 (full 15):
 par new generation   total 109248K, used 109248K [0x00000007a0000000, 0x00000007a8000000, 0x00000007a8000000)
  eden space 87424K, 100% used [0x00000007a0000000, 0x00000007a5560000, 0x00000007a5560000)
  from space 21824K, 100% used [0x00000007a5560000, 0x00000007a6ab0000, 0x00000007a6ab0000)
  to   space 21824K,   0% used [0x00000007a6ab0000, 0x00000007a6ab0000, 0x00000007a8000000)
 concurrent mark-sweep generation total 393216K, used 100342K [0x00000007a8000000, 0x00000007c0000000, 0x00000007c0000000)
 Metaspace       used 36254K, capacity 36812K, committed 37136K, reserved 1081344K
  class space    used 4114K, capacity 4279K, committed 4372K, reserved 1048576K
2016-10-23T18:06:16.055+0800: 141.061: [GC (Allocation Failure) 2016-10-23T18:06:16.055+0800: 141.061: [ParNew
Desired survivor size 20112992 bytes, new threshold 8 (max 8)
- age   1:    2953760 bytes,    2953760 total
- age   2:    4529304 bytes,    7483064 total
- age   3:    2055072 bytes,    9538136 total
- age   4:     443424 bytes,    9981560 total
- age   5:     123392 bytes,   10104952 total
- age   6:    2090504 bytes,   12195456 total
- age   7:    5026288 bytes,   17221744 total
- age   8:    2064320 bytes,   19286064 total
: 109248K->21824K(109248K), 0.0059227 secs] 209590K->124647K(502464K), 0.0059783 secs] [Times: user=0.02 sys=0.00, real=0.01 secs] 
Heap after GC invocations=783 (full 15):
 par new generation   total 109248K, used 21824K [0x00000007a0000000, 0x00000007a8000000, 0x00000007a8000000)
  eden space 87424K,   0% used [0x00000007a0000000, 0x00000007a0000000, 0x00000007a5560000)
  from space 21824K, 100% used [0x00000007a6ab0000, 0x00000007a8000000, 0x00000007a8000000)
  to   space 21824K,   0% used [0x00000007a5560000, 0x00000007a5560000, 0x00000007a6ab0000)
 concurrent mark-sweep generation total 393216K, used 102823K [0x00000007a8000000, 0x00000007c0000000, 0x00000007c0000000)
 Metaspace       used 36254K, capacity 36812K, committed 37136K, reserved 1081344K
  class space    used 4114K, capacity 4279K, committed 4372K, reserved 1048576K
}
2016-10-23T18:06:16.061+0800: 141.067: Total time for which application threads were stopped: 0.0062465 seconds, Stopping threads took: 0.0001141 seconds
{Heap before GC invocations=783 (full 15):
 par new generation   total 109248K, used 109248K [0x00000007a0000000, 0x00000007a8000000, 0x00000007a8000000)
  eden space 87424K, 100% used [0x00000007a0000000, 0x00000007a5560000, 0x00000007a5560000)
  from space 21824K, 100% used [0x00000007a6ab0000, 0x00000007a8000000, 0x00000007a8000000)
  to   space 21824K,   0% used [0x00000007a5560000, 0x00000007a5560000, 0x00000007a6ab0000)
 concurrent mark-sweep generation total 393216K, used 102823K [0x00000007a8000000, 0x00000007c0000000, 0x00000007c0000000)
 Metaspace       used 36254K, capacity 36812K, committed 37136K, reserved 1081344K
  class space    used 4114K, capacity 4279K, committed 4372K, reserved 1048576K
2016-10-23T18:06:16.118+0800: 141.123: [GC (Allocation Failure) 2016-10-23T18:06:16.118+0800: 141.123: [ParNew
Desired survivor size 20112992 bytes, new threshold 8 (max 8)
- age   1:    2654280 bytes,    2654280 total
- age   2:    1901568 bytes,    4555848 total
- age   3:    4517008 bytes,    9072856 total
- age   4:    2090816 bytes,   11163672 total
- age   5:     443424 bytes,   11607096 total
- age   6:     123392 bytes,   11730488 total
- age   7:    2090504 bytes,   13820992 total
- age   8:    5026288 bytes,   18847280 total
: 109248K->21824K(109248K), 0.0059617 secs] 212071K->126666K(502464K), 0.0060101 secs] [Times: user=0.02 sys=0.00, real=0.01 secs] 
Heap after GC invocations=784 (full 15):
 par new generation   total 109248K, used 21824K [0x00000007a0000000, 0x00000007a8000000, 0x00000007a8000000)
  eden space 87424K,   0% used [0x00000007a0000000, 0x00000007a0000000, 0x00000007a5560000)
  from space 21824K, 100% used [0x00000007a5560000, 0x00000007a6ab0000, 0x00000007a6ab0000)
  to   space 21824K,   0% used [0x00000007a6ab0000, 0x00000007a6ab0000, 0x00000007a8000000)
 concurrent mark-sweep generation total 393216K, used 104842K [0x00000007a8000000, 0x00000007c0000000, 0x00000007c0000000)
 Metaspace       used 36254K, capacity 36812K, committed 37136K, reserved 1081344K
  class space    used 4114K, capacity 4279K, committed 4372K, reserved 1048576K
}
2016-10-23T18:06:16.124+0800: 141.129: Total time for which application threads were stopped: 0.0062825 seconds, Stopping threads took: 0.0001168 seconds
{Heap before GC invocations=784 (full 15):
 par new generation   total 109248K, used 109248K [0x00000007a0000000, 0x00000007a8000000, 0x00000007a8000000)
  eden space 87424K, 100% used [0x00000007a0000000, 0x00000007a5560000, 0x00000007a5560000)
  from space 21824K, 100% used [0x00000007a5560000, 0x00000007a6ab0000, 0x00000007a6ab0000)
  to   space 21824K,   0% used [0x00000007a6ab0000, 0x00000007a6ab0000, 0x00000007a8000000)
 concurrent mark-sweep generation total 393216K, used 104842K [0x00000007a8000000, 0x00000007c0000000, 0x00000007c0000000)
 Metaspace       used 36254K, capacity 36812K, committed 37136K, reserved 1081344K
  class space    used 4114K, capacity 4279K, committed 4372K, reserved 1048576K
2016-10-23T18:06:16.173+0800: 141.178: [GC (Allocation Failure) 2016-10-23T18:06:16.173+0800: 141.178: [ParNew
Desired survivor size 20112992 bytes, new threshold 8 (max 8)
- age   1:    3393608 bytes,    3393608 total
- age   2:    1422184 bytes,    4815792 total
- age   3:    1552672 bytes,    6368464 total
- age   4:    4515992 bytes,   10884456 total
- age   5:    2055072 bytes,   12939528 total
- age   6:     443424 bytes,   13382952 total
- age   7:     123392 bytes,   13506344 total
- age   8:    2090504 bytes,   15596848 total
: 109248K->21824K(109248K), 0.0052353 secs] 214090K->131578K(502464K), 0.0052931 secs] [Times: user=0.01 sys=0.01, real=0.00 secs] 
Heap after GC invocations=785 (full 15):
 par new generation   total 109248K, used 21824K [0x00000007a0000000, 0x00000007a8000000, 0x00000007a8000000)
  eden space 87424K,   0% used [0x00000007a0000000, 0x00000007a0000000, 0x00000007a5560000)
  from space 21824K, 100% used [0x00000007a6ab0000, 0x00000007a8000000, 0x00000007a8000000)
  to   space 21824K,   0% used [0x00000007a5560000, 0x00000007a5560000, 0x00000007a6ab0000)
 concurrent mark-sweep generation total 393216K, used 109754K [0x00000007a8000000, 0x00000007c0000000, 0x00000007c0000000)
 Metaspace       used 36254K, capacity 36812K, committed 37136K, reserved 1081344K
  class space    used 4114K, capacity 4279K, committed 4372K, reserved 1048576K
}
2016-10-23T18:06:16.178+0800: 141.184: Total time for which application threads were stopped: 0.0055999 seconds, Stopping threads took: 0.0001046 seconds
{Heap before GC invocations=785 (full 15):
 par new generation   total 109248K, used 109248K [0x00000007a0000000, 0x00000007a8000000, 0x00000007a8000000)
  eden space 87424K, 100% used [0x00000007a0000000, 0x00000007a5560000, 0x00000007a5560000)
  from space 21824K, 100% used [0x00000007a6ab0000, 0x00000007a8000000, 0x00000007a8000000)
  to   space 21824K,   0% used [0x00000007a5560000, 0x00000007a5560000, 0x00000007a6ab0000)
 concurrent mark-sweep generation total 393216K, used 109754K [0x00000007a8000000, 0x00000007c0000000, 0x00000007c0000000)
 Metaspace       used 36254K, capacity 36812K, committed 37136K, reserved 1081344K
  class space    used 4114K, capacity 4279K, committed 4372K, reserved 1048576K
2016-10-23T18:06:16.223+0800: 141.229: [GC (Allocation Failure) 2016-10-23T18:06:16.223+0800: 141.229: [ParNew
Desired survivor size 20112992 bytes, new threshold 8 (max 8)
- age   1:    3409944 bytes,    3409944 total
- age   2:    1767992 bytes,    5177936 total
- age   3:    1227856 bytes,    6405792 total
- age   4:    1485168 bytes,    7890960 total
- age   5:    4515504 bytes,   12406464 total
- age   6:    2087856 bytes,   14494320 total
- age   7:     443424 bytes,   14937744 total
- age   8:     123392 bytes,   15061136 total
: 109248K->18028K(109248K), 0.0049728 secs] 219002K->129827K(502464K), 0.0050358 secs] [Times: user=0.01 sys=0.00, real=0.00 secs] 
Heap after GC invocations=786 (full 15):
 par new generation   total 109248K, used 18028K [0x00000007a0000000, 0x00000007a8000000, 0x00000007a8000000)
  eden space 87424K,   0% used [0x00000007a0000000, 0x00000007a0000000, 0x00000007a5560000)
  from space 21824K,  82% used [0x00000007a5560000, 0x00000007a66fb158, 0x00000007a6ab0000)
  to   space 21824K,   0% used [0x00000007a6ab0000, 0x00000007a6ab0000, 0x00000007a8000000)
 concurrent mark-sweep generation total 393216K, used 111799K [0x00000007a8000000, 0x00000007c0000000, 0x00000007c0000000)
 Metaspace       used 36254K, capacity 36812K, committed 37136K, reserved 1081344K
  class space    used 4114K, capacity 4279K, committed 4372K, reserved 1048576K
}
2016-10-23T18:06:16.228+0800: 141.234: Total time for which application threads were stopped: 0.0053050 seconds, Stopping threads took: 0.0000976 seconds
{Heap before GC invocations=786 (full 15):
 par new generation   total 109248K, used 105452K [0x00000007a0000000, 0x00000007a8000000, 0x00000007a8000000)
  eden space 87424K, 100% used [0x00000007a0000000, 0x00000007a5560000, 0x00000007a5560000)
  from space 21824K,  82% used [0x00000007a5560000, 0x00000007a66fb158, 0x00000007a6ab0000)
  to   space 21824K,   0% used [0x00000007a6ab0000, 0x00000007a6ab0000, 0x00000007a8000000)
 concurrent mark-sweep generation total 393216K, used 111799K [0x00000007a8000000, 0x00000007c0000000, 0x00000007c0000000)
 Metaspace       used 36254K, capacity 36812K, committed 37136K, reserved 1081344K
  class space    used 4114K, capacity 4279K, committed 4372K, reserved 1048576K
2016-10-23T18:06:16.286+0800: 141.291: [GC (Allocation Failure) 2016-10-23T18:06:16.286+0800: 141.291: [ParNew
Desired survivor size 20112992 bytes, new threshold 8 (max 8)
- age   1:    4050320 bytes,    4050320 total
- age   2:    1533688 bytes,    5584008 total
- age   3:    1607744 bytes,    7191752 total
- age   4:    1156904 bytes,    8348656 total
- age   5:    1403312 bytes,    9751968 total
- age   6:    4515360 bytes,   14267328 total
- age   7:    2055072 bytes,   16322400 total
- age   8:     443424 bytes,   16765824 total
: 105452K->21824K(109248K), 0.0056412 secs] 217251K->133743K(502464K), 0.0056852 secs] [Times: user=0.02 sys=0.00, real=0.01 secs] 
Heap after GC invocations=787 (full 15):
 par new generation   total 109248K, used 21824K [0x00000007a0000000, 0x00000007a8000000, 0x00000007a8000000)
  eden space 87424K,   0% used [0x00000007a0000000, 0x00000007a0000000, 0x00000007a5560000)
  from space 21824K, 100% used [0x00000007a6ab0000, 0x00000007a8000000, 0x00000007a8000000)
  to   space 21824K,   0% used [0x00000007a5560000, 0x00000007a5560000, 0x00000007a6ab0000)
 concurrent mark-sweep generation total 393216K, used 111919K [0x00000007a8000000, 0x00000007c0000000, 0x00000007c0000000)
 Metaspace       used 36254K, capacity 36812K, committed 37136K, reserved 1081344K
  class space    used 4114K, capacity 4279K, committed 4372K, reserved 1048576K
}
2016-10-23T18:06:16.291+0800: 141.297: Total time for which application threads were stopped: 0.0059448 seconds, Stopping threads took: 0.0000881 seconds
{Heap before GC invocations=787 (full 15):
 par new generation   total 109248K, used 109248K [0x00000007a0000000, 0x00000007a8000000, 0x00000007a8000000)
  eden space 87424K, 100% used [0x00000007a0000000, 0x00000007a5560000, 0x00000007a5560000)
  from space 21824K, 100% used [0x00000007a6ab0000, 0x00000007a8000000, 0x00000007a8000000)
  to   space 21824K,   0% used [0x00000007a5560000, 0x00000007a5560000, 0x00000007a6ab0000)
 concurrent mark-sweep generation total 393216K, used 111919K [0x00000007a8000000, 0x00000007c0000000, 0x00000007c0000000)
 Metaspace       used 36254K, capacity 36812K, committed 37136K, reserved 1081344K
  class space    used 4114K, capacity 4279K, committed 4372K, reserved 1048576K
2016-10-23T18:06:16.359+0800: 141.364: [GC (Allocation Failure) 2016-10-23T18:06:16.359+0800: 141.364: [ParNew
Desired survivor size 20112992 bytes, new threshold 8 (max 8)
- age   1:    4921424 bytes,    4921424 total
- age   2:    1618176 bytes,    6539600 total
- age   3:    1522344 bytes,    8061944 total
- age   4:    1271848 bytes,    9333792 total
- age   5:    1140504 bytes,   10474296 total
- age   6:    1403232 bytes,   11877528 total
- age   7:    4515360 bytes,   16392888 total
- age   8:    2087856 bytes,   18480744 total
: 109248K->21454K(109248K), 0.0062050 secs] 221167K->133807K(502464K), 0.0062538 secs] [Times: user=0.02 sys=0.01, real=0.01 secs] 
Heap after GC invocations=788 (full 15):
 par new generation   total 109248K, used 21454K [0x00000007a0000000, 0x00000007a8000000, 0x00000007a8000000)
  eden space 87424K,   0% used [0x00000007a0000000, 0x00000007a0000000, 0x00000007a5560000)
  from space 21824K,  98% used [0x00000007a5560000, 0x00000007a6a53b80, 0x00000007a6ab0000)
  to   space 21824K,   0% used [0x00000007a6ab0000, 0x00000007a6ab0000, 0x00000007a8000000)
 concurrent mark-sweep generation total 393216K, used 112352K [0x00000007a8000000, 0x00000007c0000000, 0x00000007c0000000)
 Metaspace       used 36254K, capacity 36812K, committed 37136K, reserved 1081344K
  class space    used 4114K, capacity 4279K, committed 4372K, reserved 1048576K
}
2016-10-23T18:06:16.365+0800: 141.371: Total time for which application threads were stopped: 0.0064931 seconds, Stopping threads took: 0.0000780 seconds
{Heap before GC invocations=788 (full 15):
 par new generation   total 109248K, used 108878K [0x00000007a0000000, 0x00000007a8000000, 0x00000007a8000000)
  eden space 87424K, 100% used [0x00000007a0000000, 0x00000007a5560000, 0x00000007a5560000)
  from space 21824K,  98% used [0x00000007a5560000, 0x00000007a6a53b80, 0x00000007a6ab0000)
  to   space 21824K,   0% used [0x00000007a6ab0000, 0x00000007a6ab0000, 0x00000007a8000000)
 concurrent mark-sweep generation total 393216K, used 112352K [0x00000007a8000000, 0x00000007c0000000, 0x00000007c0000000)
 Metaspace       used 36254K, capacity 36812K, committed 37136K, reserved 1081344K
  class space    used 4114K, capacity 4279K, committed 4372K, reserved 1048576K
2016-10-23T18:06:16.424+0800: 141.430: [GC (Allocation Failure) 2016-10-23T18:06:16.424+0800: 141.430: [ParNew
Desired survivor size 20112992 bytes, new threshold 8 (max 8)
- age   1:    5475840 bytes,    5475840 total
- age   2:    2232448 bytes,    7708288 total
- age   3:    1573864 bytes,    9282152 total
- age   4:    1218488 bytes,   10500640 total
- age   5:    1082680 bytes,   11583320 total
- age   6:    1117320 bytes,   12700640 total
- age   7:    1329664 bytes,   14030304 total
- age   8:    4510672 bytes,   18540976 total
: 108878K->21824K(109248K), 0.0062306 secs] 221231K->136245K(502464K), 0.0063177 secs] [Times: user=0.02 sys=0.00, real=0.01 secs] 
Heap after GC invocations=789 (full 15):
 par new generation   total 109248K, used 21824K [0x00000007a0000000, 0x00000007a8000000, 0x00000007a8000000)
  eden space 87424K,   0% used [0x00000007a0000000, 0x00000007a0000000, 0x00000007a5560000)
  from space 21824K, 100% used [0x00000007a6ab0000, 0x00000007a8000000, 0x00000007a8000000)
  to   space 21824K,   0% used [0x00000007a5560000, 0x00000007a5560000, 0x00000007a6ab0000)
 concurrent mark-sweep generation total 393216K, used 114421K [0x00000007a8000000, 0x00000007c0000000, 0x00000007c0000000)
 Metaspace       used 36254K, capacity 36812K, committed 37136K, reserved 1081344K
  class space    used 4114K, capacity 4279K, committed 4372K, reserved 1048576K
}
2016-10-23T18:06:16.430+0800: 141.436: Total time for which application threads were stopped: 0.0065822 seconds, Stopping threads took: 0.0001078 seconds
{Heap before GC invocations=789 (full 15):
 par new generation   total 109248K, used 109248K [0x00000007a0000000, 0x00000007a8000000, 0x00000007a8000000)
  eden space 87424K, 100% used [0x00000007a0000000, 0x00000007a5560000, 0x00000007a5560000)
  from space 21824K, 100% used [0x00000007a6ab0000, 0x00000007a8000000, 0x00000007a8000000)
  to   space 21824K,   0% used [0x00000007a5560000, 0x00000007a5560000, 0x00000007a6ab0000)
 concurrent mark-sweep generation total 393216K, used 114421K [0x00000007a8000000, 0x00000007c0000000, 0x00000007c0000000)
 Metaspace       used 36254K, capacity 36812K, committed 37136K, reserved 1081344K
  class space    used 4114K, capacity 4279K, committed 4372K, reserved 1048576K
2016-10-23T18:06:16.480+0800: 141.486: [GC (Allocation Failure) 2016-10-23T18:06:16.480+0800: 141.486: [ParNew
Desired survivor size 20112992 bytes, new threshold 8 (max 8)
- age   1:    4541944 bytes,    4541944 total
- age   2:    2721872 bytes,    7263816 total
- age   3:    2179040 bytes,    9442856 total
- age   4:    1573864 bytes,   11016720 total
- age   5:    1087400 bytes,   12104120 total
- age   6:    1049880 bytes,   13154000 total
- age   7:    1100904 bytes,   14254904 total
- age   8:    1329664 bytes,   15584568 total
: 109248K->21824K(109248K), 0.0064070 secs] 223669K->140659K(502464K), 0.0064731 secs] [Times: user=0.02 sys=0.00, real=0.00 secs] 
Heap after GC invocations=790 (full 15):
 par new generation   total 109248K, used 21824K [0x00000007a0000000, 0x00000007a8000000, 0x00000007a8000000)
  eden space 87424K,   0% used [0x00000007a0000000, 0x00000007a0000000, 0x00000007a5560000)
  from space 21824K, 100% used [0x00000007a5560000, 0x00000007a6ab0000, 0x00000007a6ab0000)
  to   space 21824K,   0% used [0x00000007a6ab0000, 0x00000007a6ab0000, 0x00000007a8000000)
 concurrent mark-sweep generation total 393216K, used 118835K [0x00000007a8000000, 0x00000007c0000000, 0x00000007c0000000)
 Metaspace       used 36254K, capacity 36812K, committed 37136K, reserved 1081344K
  class space    used 4114K, capacity 4279K, committed 4372K, reserved 1048576K
}
2016-10-23T18:06:16.486+0800: 141.492: Total time for which application threads were stopped: 0.0067539 seconds, Stopping threads took: 0.0000848 seconds
{Heap before GC invocations=790 (full 15):
 par new generation   total 109248K, used 109248K [0x00000007a0000000, 0x00000007a8000000, 0x00000007a8000000)
  eden space 87424K, 100% used [0x00000007a0000000, 0x00000007a5560000, 0x00000007a5560000)
  from space 21824K, 100% used [0x00000007a5560000, 0x00000007a6ab0000, 0x00000007a6ab0000)
  to   space 21824K,   0% used [0x00000007a6ab0000, 0x00000007a6ab0000, 0x00000007a8000000)
 concurrent mark-sweep generation total 393216K, used 118835K [0x00000007a8000000, 0x00000007c0000000, 0x00000007c0000000)
 Metaspace       used 36254K, capacity 36812K, committed 37136K, reserved 1081344K
  class space    used 4114K, capacity 4279K, committed 4372K, reserved 1048576K
2016-10-23T18:06:16.537+0800: 141.543: [GC (Allocation Failure) 2016-10-23T18:06:16.537+0800: 141.543: [ParNew
Desired survivor size 20112992 bytes, new threshold 8 (max 8)
- age   1:    4340240 bytes,    4340240 total
- age   2:    2059000 bytes,    6399240 total
- age   3:    2349016 bytes,    8748256 total
- age   4:    2174912 bytes,   10923168 total
- age   5:    1571256 bytes,   12494424 total
- age   6:    1055112 bytes,   13549536 total
- age   7:    1033480 bytes,   14583016 total
- age   8:    1084488 bytes,   15667504 total
: 109248K->20191K(109248K), 0.0068409 secs] 228083K->140343K(502464K), 0.0069104 secs] [Times: user=0.02 sys=0.01, real=0.01 secs] 
Heap after GC invocations=791 (full 15):
 par new generation   total 109248K, used 20191K [0x00000007a0000000, 0x00000007a8000000, 0x00000007a8000000)
  eden space 87424K,   0% used [0x00000007a0000000, 0x00000007a0000000, 0x00000007a5560000)
  from space 21824K,  92% used [0x00000007a6ab0000, 0x00000007a7e67d40, 0x00000007a8000000)
  to   space 21824K,   0% used [0x00000007a5560000, 0x00000007a5560000, 0x00000007a6ab0000)
 concurrent mark-sweep generation total 393216K, used 120151K [0x00000007a8000000, 0x00000007c0000000, 0x00000007c0000000)
 Metaspace       used 36254K, capacity 36812K, committed 37136K, reserved 1081344K
  class space    used 4114K, capacity 4279K, committed 4372K, reserved 1048576K
}
2016-10-23T18:06:16.544+0800: 141.550: Total time for which application threads were stopped: 0.0071864 seconds, Stopping threads took: 0.0001025 seconds
2016-10-23T18:06:16.595+0800: 141.600: Total time for which application threads were stopped: 0.0002196 seconds, Stopping threads took: 0.0000953 seconds
2016-10-23T18:06:16.595+0800: 141.601: Total time for which application threads were stopped: 0.0001567 seconds, Stopping threads took: 0.0000919 seconds
2016-10-23T18:06:16.595+0800: 141.601: Total time for which application threads were stopped: 0.0001073 seconds, Stopping threads took: 0.0000463 seconds
{Heap before GC invocations=791 (full 15):
 par new generation   total 109248K, used 107615K [0x00000007a0000000, 0x00000007a8000000, 0x00000007a8000000)
  eden space 87424K, 100% used [0x00000007a0000000, 0x00000007a5560000, 0x00000007a5560000)
  from space 21824K,  92% used [0x00000007a6ab0000, 0x00000007a7e67d40, 0x00000007a8000000)
  to   space 21824K,   0% used [0x00000007a5560000, 0x00000007a5560000, 0x00000007a6ab0000)
 concurrent mark-sweep generation total 393216K, used 120151K [0x00000007a8000000, 0x00000007c0000000, 0x00000007c0000000)
 Metaspace       used 36254K, capacity 36812K, committed 37136K, reserved 1081344K
  class space    used 4114K, capacity 4279K, committed 4372K, reserved 1048576K
2016-10-23T18:06:16.605+0800: 141.611: [GC (Allocation Failure) 2016-10-23T18:06:16.605+0800: 141.611: [ParNew
Desired survivor size 20112992 bytes, new threshold 8 (max 8)
- age   1:    4464992 bytes,    4464992 total
- age   2:    2402664 bytes,    6867656 total
- age   3:    1591480 bytes,    8459136 total
- age   4:    2290360 bytes,   10749496 total
- age   5:    2176088 bytes,   12925584 total
- age   6:    1275456 bytes,   14201040 total
- age   7:    1029232 bytes,   15230272 total
- age   8:    1034272 bytes,   16264544 total
: 107615K->18586K(109248K), 0.0071010 secs] 227767K->139823K(502464K), 0.0071760 secs] [Times: user=0.02 sys=0.00, real=0.01 secs] 
Heap after GC invocations=792 (full 15):
 par new generation   total 109248K, used 18586K [0x00000007a0000000, 0x00000007a8000000, 0x00000007a8000000)
  eden space 87424K,   0% used [0x00000007a0000000, 0x00000007a0000000, 0x00000007a5560000)
  from space 21824K,  85% used [0x00000007a5560000, 0x00000007a6786a30, 0x00000007a6ab0000)
  to   space 21824K,   0% used [0x00000007a6ab0000, 0x00000007a6ab0000, 0x00000007a8000000)
 concurrent mark-sweep generation total 393216K, used 121236K [0x00000007a8000000, 0x00000007c0000000, 0x00000007c0000000)
 Metaspace       used 36254K, capacity 36812K, committed 37136K, reserved 1081344K
  class space    used 4114K, capacity 4279K, committed 4372K, reserved 1048576K
}
2016-10-23T18:06:16.613+0800: 141.618: Total time for which application threads were stopped: 0.0074628 seconds, Stopping threads took: 0.0000935 seconds
{Heap before GC invocations=792 (full 15):
 par new generation   total 109248K, used 106010K [0x00000007a0000000, 0x00000007a8000000, 0x00000007a8000000)
  eden space 87424K, 100% used [0x00000007a0000000, 0x00000007a5560000, 0x00000007a5560000)
  from space 21824K,  85% used [0x00000007a5560000, 0x00000007a6786a30, 0x00000007a6ab0000)
  to   space 21824K,   0% used [0x00000007a6ab0000, 0x00000007a6ab0000, 0x00000007a8000000)
 concurrent mark-sweep generation total 393216K, used 121236K [0x00000007a8000000, 0x00000007c0000000, 0x00000007c0000000)
 Metaspace       used 36254K, capacity 36812K, committed 37136K, reserved 1081344K
  class space    used 4114K, capacity 4279K, committed 4372K, reserved 1048576K
2016-10-23T18:06:16.716+0800: 141.722: [GC (Allocation Failure) 2016-10-23T18:06:16.716+0800: 141.722: [ParNew
Desired survivor size 20112992 bytes, new threshold 8 (max 8)
- age   1:    7419464 bytes,    7419464 total
- age   2:    1854640 bytes,    9274104 total
- age   3:    1117536 bytes,   10391640 total
- age   4:    1572736 bytes,   11964376 total
- age   5:    2249912 bytes,   14214288 total
- age   6:    1924024 bytes,   16138312 total
- age   7:    1208040 bytes,   17346352 total
- age   8:    1011704 bytes,   18358056 total
: 106010K->21824K(109248K), 0.0070126 secs] 227247K->144095K(502464K), 0.0070892 secs] [Times: user=0.02 sys=0.00, real=0.01 secs] 
Heap after GC invocations=793 (full 15):
 par new generation   total 109248K, used 21824K [0x00000007a0000000, 0x00000007a8000000, 0x00000007a8000000)
  eden space 87424K,   0% used [0x00000007a0000000, 0x00000007a0000000, 0x00000007a5560000)
  from space 21824K, 100% used [0x00000007a6ab0000, 0x00000007a8000000, 0x00000007a8000000)
  to   space 21824K,   0% used [0x00000007a5560000, 0x00000007a5560000, 0x00000007a6ab0000)
 concurrent mark-sweep generation total 393216K, used 122271K [0x00000007a8000000, 0x00000007c0000000, 0x00000007c0000000)
 Metaspace       used 36254K, capacity 36812K, committed 37136K, reserved 1081344K
  class space    used 4114K, capacity 4279K, committed 4372K, reserved 1048576K
}
2016-10-23T18:06:16.723+0800: 141.729: Total time for which application threads were stopped: 0.0074748 seconds, Stopping threads took: 0.0001832 seconds
{Heap before GC invocations=793 (full 15):
 par new generation   total 109248K, used 109248K [0x00000007a0000000, 0x00000007a8000000, 0x00000007a8000000)
  eden space 87424K, 100% used [0x00000007a0000000, 0x00000007a5560000, 0x00000007a5560000)
  from space 21824K, 100% used [0x00000007a6ab0000, 0x00000007a8000000, 0x00000007a8000000)
  to   space 21824K,   0% used [0x00000007a5560000, 0x00000007a5560000, 0x00000007a6ab0000)
 concurrent mark-sweep generation total 393216K, used 122271K [0x00000007a8000000, 0x00000007c0000000, 0x00000007c0000000)
 Metaspace       used 36254K, capacity 36812K, committed 37136K, reserved 1081344K
  class space    used 4114K, capacity 4279K, committed 4372K, reserved 1048576K
2016-10-23T18:06:16.852+0800: 141.857: [GC (Allocation Failure) 2016-10-23T18:06:16.852+0800: 141.857: [ParNew
Desired survivor size 20112992 bytes, new threshold 7 (max 8)
- age   1:   10315000 bytes,   10315000 total
- age   2:    2582128 bytes,   12897128 total
- age   3:    1719064 bytes,   14616192 total
- age   4:    1078016 bytes,   15694208 total
- age   5:    1530736 bytes,   17224944 total
- age   6:    1550728 bytes,   18775672 total
- age   7:    1346976 bytes,   20122648 total
- age   8:    1163312 bytes,   21285960 total
: 109248K->21824K(109248K), 0.0078150 secs] 231519K->145589K(502464K), 0.0078918 secs] [Times: user=0.03 sys=0.00, real=0.00 secs] 
Heap after GC invocations=794 (full 15):
 par new generation   total 109248K, used 21824K [0x00000007a0000000, 0x00000007a8000000, 0x00000007a8000000)
  eden space 87424K,   0% used [0x00000007a0000000, 0x00000007a0000000, 0x00000007a5560000)
  from space 21824K, 100% used [0x00000007a5560000, 0x00000007a6ab0000, 0x00000007a6ab0000)
  to   space 21824K,   0% used [0x00000007a6ab0000, 0x00000007a6ab0000, 0x00000007a8000000)
 concurrent mark-sweep generation total 393216K, used 123765K [0x00000007a8000000, 0x00000007c0000000, 0x00000007c0000000)
 Metaspace       used 36254K, capacity 36812K, committed 37136K, reserved 1081344K
  class space    used 4114K, capacity 4279K, committed 4372K, reserved 1048576K
}
2016-10-23T18:06:16.859+0800: 141.865: Total time for which application threads were stopped: 0.0081687 seconds, Stopping threads took: 0.0001125 seconds
{Heap before GC invocations=794 (full 15):
 par new generation   total 109248K, used 109248K [0x00000007a0000000, 0x00000007a8000000, 0x00000007a8000000)
  eden space 87424K, 100% used [0x00000007a0000000, 0x00000007a5560000, 0x00000007a5560000)
  from space 21824K, 100% used [0x00000007a5560000, 0x00000007a6ab0000, 0x00000007a6ab0000)
  to   space 21824K,   0% used [0x00000007a6ab0000, 0x00000007a6ab0000, 0x00000007a8000000)
 concurrent mark-sweep generation total 393216K, used 123765K [0x00000007a8000000, 0x00000007c0000000, 0x00000007c0000000)
 Metaspace       used 36254K, capacity 36812K, committed 37136K, reserved 1081344K
  class space    used 4114K, capacity 4279K, committed 4372K, reserved 1048576K
2016-10-23T18:06:16.932+0800: 141.938: [GC (Allocation Failure) 2016-10-23T18:06:16.932+0800: 141.938: [ParNew
Desired survivor size 20112992 bytes, new threshold 7 (max 8)
- age   1:    2965264 bytes,    2965264 total
- age   2:    9975688 bytes,   12940952 total
- age   3:    2401056 bytes,   15342008 total
- age   4:    1623992 bytes,   16966000 total
- age   5:     990048 bytes,   17956048 total
- age   6:    1448992 bytes,   19405040 total
- age   7:    1457272 bytes,   20862312 total
: 109248K->21824K(109248K), 0.0069283 secs] 233013K->149933K(502464K), 0.0069870 secs] [Times: user=0.02 sys=0.00, real=0.00 secs] 
Heap after GC invocations=795 (full 15):
 par new generation   total 109248K, used 21824K [0x00000007a0000000, 0x00000007a8000000, 0x00000007a8000000)
  eden space 87424K,   0% used [0x00000007a0000000, 0x00000007a0000000, 0x00000007a5560000)
  from space 21824K, 100% used [0x00000007a6ab0000, 0x00000007a8000000, 0x00000007a8000000)
  to   space 21824K,   0% used [0x00000007a5560000, 0x00000007a5560000, 0x00000007a6ab0000)
 concurrent mark-sweep generation total 393216K, used 128109K [0x00000007a8000000, 0x00000007c0000000, 0x00000007c0000000)
 Metaspace       used 36254K, capacity 36812K, committed 37136K, reserved 1081344K
  class space    used 4114K, capacity 4279K, committed 4372K, reserved 1048576K
}
2016-10-23T18:06:16.939+0800: 141.945: Total time for which application threads were stopped: 0.0072621 seconds, Stopping threads took: 0.0000910 seconds
{Heap before GC invocations=795 (full 15):
 par new generation   total 109248K, used 109229K [0x00000007a0000000, 0x00000007a8000000, 0x00000007a8000000)
  eden space 87424K,  99% used [0x00000007a0000000, 0x00000007a555b530, 0x00000007a5560000)
  from space 21824K, 100% used [0x00000007a6ab0000, 0x00000007a8000000, 0x00000007a8000000)
  to   space 21824K,   0% used [0x00000007a5560000, 0x00000007a5560000, 0x00000007a6ab0000)
 concurrent mark-sweep generation total 393216K, used 128109K [0x00000007a8000000, 0x00000007c0000000, 0x00000007c0000000)
 Metaspace       used 36254K, capacity 36812K, committed 37136K, reserved 1081344K
  class space    used 4114K, capacity 4279K, committed 4372K, reserved 1048576K
2016-10-23T18:06:16.997+0800: 142.003: [GC (Allocation Failure) 2016-10-23T18:06:16.997+0800: 142.003: [ParNew
Desired survivor size 20112992 bytes, new threshold 8 (max 8)
- age   1:    1176216 bytes,    1176216 total
- age   2:    2149592 bytes,    3325808 total
- age   3:    9732632 bytes,   13058440 total
- age   4:    2391952 bytes,   15450392 total
- age   5:    1618904 bytes,   17069296 total
- age   6:     984600 bytes,   18053896 total
- age   7:    1444080 bytes,   19497976 total
: 109229K->21824K(109248K), 0.0062956 secs] 237338K->152585K(502464K), 0.0063502 secs] [Times: user=0.03 sys=0.00, real=0.01 secs] 
Heap after GC invocations=796 (full 15):
 par new generation   total 109248K, used 21824K [0x00000007a0000000, 0x00000007a8000000, 0x00000007a8000000)
  eden space 87424K,   0% used [0x00000007a0000000, 0x00000007a0000000, 0x00000007a5560000)
  from space 21824K, 100% used [0x00000007a5560000, 0x00000007a6ab0000, 0x00000007a6ab0000)
  to   space 21824K,   0% used [0x00000007a6ab0000, 0x00000007a6ab0000, 0x00000007a8000000)
 concurrent mark-sweep generation total 393216K, used 130761K [0x00000007a8000000, 0x00000007c0000000, 0x00000007c0000000)
 Metaspace       used 36254K, capacity 36812K, committed 37136K, reserved 1081344K
  class space    used 4114K, capacity 4279K, committed 4372K, reserved 1048576K
}
2016-10-23T18:06:17.004+0800: 142.009: Total time for which application threads were stopped: 0.0065957 seconds, Stopping threads took: 0.0000824 seconds
{Heap before GC invocations=796 (full 15):
 par new generation   total 109248K, used 109248K [0x00000007a0000000, 0x00000007a8000000, 0x00000007a8000000)
  eden space 87424K, 100% used [0x00000007a0000000, 0x00000007a5560000, 0x00000007a5560000)
  from space 21824K, 100% used [0x00000007a5560000, 0x00000007a6ab0000, 0x00000007a6ab0000)
  to   space 21824K,   0% used [0x00000007a6ab0000, 0x00000007a6ab0000, 0x00000007a8000000)
 concurrent mark-sweep generation total 393216K, used 130761K [0x00000007a8000000, 0x00000007c0000000, 0x00000007c0000000)
 Metaspace       used 36254K, capacity 36812K, committed 37136K, reserved 1081344K
  class space    used 4114K, capacity 4279K, committed 4372K, reserved 1048576K
2016-10-23T18:06:17.032+0800: 142.038: [GC (Allocation Failure) 2016-10-23T18:06:17.032+0800: 142.038: [ParNew
Desired survivor size 20112992 bytes, new threshold 8 (max 8)
- age   1:    1050448 bytes,    1050448 total
- age   2:     721352 bytes,    1771800 total
- age   3:    2139264 bytes,    3911064 total
- age   4:    9378824 bytes,   13289888 total
- age   5:    2335024 bytes,   15624912 total
- age   6:    1588720 bytes,   17213632 total
- age   7:     958936 bytes,   18172568 total
- age   8:    1415776 bytes,   19588344 total
: 109248K->21824K(109248K), 0.0054632 secs] 240009K->153122K(502464K), 0.0055225 secs] [Times: user=0.02 sys=0.00, real=0.00 secs] 
Heap after GC invocations=797 (full 15):
 par new generation   total 109248K, used 21824K [0x00000007a0000000, 0x00000007a8000000, 0x00000007a8000000)
  eden space 87424K,   0% used [0x00000007a0000000, 0x00000007a0000000, 0x00000007a5560000)
  from space 21824K, 100% used [0x00000007a6ab0000, 0x00000007a8000000, 0x00000007a8000000)
  to   space 21824K,   0% used [0x00000007a5560000, 0x00000007a5560000, 0x00000007a6ab0000)
 concurrent mark-sweep generation total 393216K, used 131298K [0x00000007a8000000, 0x00000007c0000000, 0x00000007c0000000)
 Metaspace       used 36254K, capacity 36812K, committed 37136K, reserved 1081344K
  class space    used 4114K, capacity 4279K, committed 4372K, reserved 1048576K
}
2016-10-23T18:06:17.038+0800: 142.044: Total time for which application threads were stopped: 0.0057788 seconds, Stopping threads took: 0.0000981 seconds
{Heap before GC invocations=797 (full 15):
 par new generation   total 109248K, used 109248K [0x00000007a0000000, 0x00000007a8000000, 0x00000007a8000000)
  eden space 87424K, 100% used [0x00000007a0000000, 0x00000007a5560000, 0x00000007a5560000)
  from space 21824K, 100% used [0x00000007a6ab0000, 0x00000007a8000000, 0x00000007a8000000)
  to   space 21824K,   0% used [0x00000007a5560000, 0x00000007a5560000, 0x00000007a6ab0000)
 concurrent mark-sweep generation total 393216K, used 131298K [0x00000007a8000000, 0x00000007c0000000, 0x00000007c0000000)
 Metaspace       used 36254K, capacity 36812K, committed 37136K, reserved 1081344K
  class space    used 4114K, capacity 4279K, committed 4372K, reserved 1048576K
2016-10-23T18:06:17.068+0800: 142.074: [GC (Allocation Failure) 2016-10-23T18:06:17.069+0800: 142.074: [ParNew
Desired survivor size 20112992 bytes, new threshold 8 (max 8)
- age   1:    1795416 bytes,    1795416 total
- age   2:     384360 bytes,    2179776 total
- age   3:     618456 bytes,    2798232 total
- age   4:    2136992 bytes,    4935224 total
- age   5:    9378824 bytes,   14314048 total
- age   6:    2335024 bytes,   16649072 total
- age   7:    1588720 bytes,   18237792 total
- age   8:     958912 bytes,   19196704 total
: 109248K->21824K(109248K), 0.0054611 secs] 240546K->154513K(502464K), 0.0055070 secs] [Times: user=0.02 sys=0.00, real=0.01 secs] 
Heap after GC invocations=798 (full 15):
 par new generation   total 109248K, used 21824K [0x00000007a0000000, 0x00000007a8000000, 0x00000007a8000000)
  eden space 87424K,   0% used [0x00000007a0000000, 0x00000007a0000000, 0x00000007a5560000)
  from space 21824K, 100% used [0x00000007a5560000, 0x00000007a6ab0000, 0x00000007a6ab0000)
  to   space 21824K,   0% used [0x00000007a6ab0000, 0x00000007a6ab0000, 0x00000007a8000000)
 concurrent mark-sweep generation total 393216K, used 132689K [0x00000007a8000000, 0x00000007c0000000, 0x00000007c0000000)
 Metaspace       used 36254K, capacity 36812K, committed 37136K, reserved 1081344K
  class space    used 4114K, capacity 4279K, committed 4372K, reserved 1048576K
}
2016-10-23T18:06:17.074+0800: 142.080: Total time for which application threads were stopped: 0.0057664 seconds, Stopping threads took: 0.0001059 seconds
{Heap before GC invocations=798 (full 15):
 par new generation   total 109248K, used 109248K [0x00000007a0000000, 0x00000007a8000000, 0x00000007a8000000)
  eden space 87424K, 100% used [0x00000007a0000000, 0x00000007a5560000, 0x00000007a5560000)
  from space 21824K, 100% used [0x00000007a5560000, 0x00000007a6ab0000, 0x00000007a6ab0000)
  to   space 21824K,   0% used [0x00000007a6ab0000, 0x00000007a6ab0000, 0x00000007a8000000)
 concurrent mark-sweep generation total 393216K, used 132689K [0x00000007a8000000, 0x00000007c0000000, 0x00000007c0000000)
 Metaspace       used 36256K, capacity 36876K, committed 37136K, reserved 1081344K
  class space    used 4114K, capacity 4279K, committed 4372K, reserved 1048576K
2016-10-23T18:06:17.143+0800: 142.149: [GC (Allocation Failure) 2016-10-23T18:06:17.143+0800: 142.149: [ParNew
Desired survivor size 20112992 bytes, new threshold 8 (max 8)
- age   1:    3319688 bytes,    3319688 total
- age   2:     659624 bytes,    3979312 total
- age   3:     283832 bytes,    4263144 total
- age   4:     551264 bytes,    4814408 total
- age   5:    1178176 bytes,    5992584 total
- age   6:    8122848 bytes,   14115432 total
- age   7:    1502552 bytes,   15617984 total
- age   8:    1258864 bytes,   16876848 total
: 109248K->21824K(109248K), 0.0060002 secs] 241937K->158754K(502464K), 0.0060759 secs] [Times: user=0.02 sys=0.00, real=0.00 secs] 
Heap after GC invocations=799 (full 15):
 par new generation   total 109248K, used 21824K [0x00000007a0000000, 0x00000007a8000000, 0x00000007a8000000)
  eden space 87424K,   0% used [0x00000007a0000000, 0x00000007a0000000, 0x00000007a5560000)
  from space 21824K, 100% used [0x00000007a6ab0000, 0x00000007a8000000, 0x00000007a8000000)
  to   space 21824K,   0% used [0x00000007a5560000, 0x00000007a5560000, 0x00000007a6ab0000)
 concurrent mark-sweep generation total 393216K, used 136930K [0x00000007a8000000, 0x00000007c0000000, 0x00000007c0000000)
 Metaspace       used 36256K, capacity 36876K, committed 37136K, reserved 1081344K
  class space    used 4114K, capacity 4279K, committed 4372K, reserved 1048576K
}
2016-10-23T18:06:17.149+0800: 142.155: Total time for which application threads were stopped: 0.0063522 seconds, Stopping threads took: 0.0001025 seconds
{Heap before GC invocations=799 (full 15):
 par new generation   total 109248K, used 109248K [0x00000007a0000000, 0x00000007a8000000, 0x00000007a8000000)
  eden space 87424K, 100% used [0x00000007a0000000, 0x00000007a5560000, 0x00000007a5560000)
  from space 21824K, 100% used [0x00000007a6ab0000, 0x00000007a8000000, 0x00000007a8000000)
  to   space 21824K,   0% used [0x00000007a5560000, 0x00000007a5560000, 0x00000007a6ab0000)
 concurrent mark-sweep generation total 393216K, used 136930K [0x00000007a8000000, 0x00000007c0000000, 0x00000007c0000000)
 Metaspace       used 36258K, capacity 36876K, committed 37136K, reserved 1081344K
  class space    used 4114K, capacity 4279K, committed 4372K, reserved 1048576K
2016-10-23T18:06:17.271+0800: 142.276: [GC (Allocation Failure) 2016-10-23T18:06:17.271+0800: 142.276: [ParNew
Desired survivor size 20112992 bytes, new threshold 8 (max 8)
- age   1:    5117736 bytes,    5117736 total
- age   2:    1904848 bytes,    7022584 total
- age   3:     516880 bytes,    7539464 total
- age   4:     282680 bytes,    7822144 total
- age   5:     550624 bytes,    8372768 total
- age   6:    1177536 bytes,    9550304 total
- age   7:    8122824 bytes,   17673128 total
- age   8:    1502528 bytes,   19175656 total
: 109248K->21824K(109248K), 0.0065238 secs] 246178K->160361K(502464K), 0.0066075 secs] [Times: user=0.03 sys=0.00, real=0.00 secs] 
Heap after GC invocations=800 (full 15):
 par new generation   total 109248K, used 21824K [0x00000007a0000000, 0x00000007a8000000, 0x00000007a8000000)
  eden space 87424K,   0% used [0x00000007a0000000, 0x00000007a0000000, 0x00000007a5560000)
  from space 21824K, 100% used [0x00000007a5560000, 0x00000007a6ab0000, 0x00000007a6ab0000)
  to   space 21824K,   0% used [0x00000007a6ab0000, 0x00000007a6ab0000, 0x00000007a8000000)
 concurrent mark-sweep generation total 393216K, used 138537K [0x00000007a8000000, 0x00000007c0000000, 0x00000007c0000000)
 Metaspace       used 36258K, capacity 36876K, committed 37136K, reserved 1081344K
  class space    used 4114K, capacity 4279K, committed 4372K, reserved 1048576K
}
2016-10-23T18:06:17.277+0800: 142.283: Total time for which application threads were stopped: 0.0068895 seconds, Stopping threads took: 0.0001064 seconds
{Heap before GC invocations=800 (full 15):
 par new generation   total 109248K, used 109233K [0x00000007a0000000, 0x00000007a8000000, 0x00000007a8000000)
  eden space 87424K,  99% used [0x00000007a0000000, 0x00000007a555c7c0, 0x00000007a5560000)
  from space 21824K, 100% used [0x00000007a5560000, 0x00000007a6ab0000, 0x00000007a6ab0000)
  to   space 21824K,   0% used [0x00000007a6ab0000, 0x00000007a6ab0000, 0x00000007a8000000)
 concurrent mark-sweep generation total 393216K, used 138537K [0x00000007a8000000, 0x00000007c0000000, 0x00000007c0000000)
 Metaspace       used 36258K, capacity 36876K, committed 37136K, reserved 1081344K
  class space    used 4114K, capacity 4279K, committed 4372K, reserved 1048576K
2016-10-23T18:06:17.346+0800: 142.352: [GC (Allocation Failure) 2016-10-23T18:06:17.346+0800: 142.352: [ParNew
Desired survivor size 20112992 bytes, new threshold 8 (max 8)
- age   1:    5041760 bytes,    5041760 total
- age   2:    2651840 bytes,    7693600 total
- age   3:    1696944 bytes,    9390544 total
- age   4:     313320 bytes,    9703864 total
- age   5:     263496 bytes,    9967360 total
- age   6:     544744 bytes,   10512104 total
- age   7:    1051464 bytes,   11563568 total
- age   8:    8094872 bytes,   19658440 total
: 109233K->21824K(109248K), 0.0077314 secs] 247771K->162691K(502464K), 0.0077968 secs] [Times: user=0.03 sys=0.00, real=0.01 secs] 
Heap after GC invocations=801 (full 15):
 par new generation   total 109248K, used 21824K [0x00000007a0000000, 0x00000007a8000000, 0x00000007a8000000)
  eden space 87424K,   0% used [0x00000007a0000000, 0x00000007a0000000, 0x00000007a5560000)
  from space 21824K, 100% used [0x00000007a6ab0000, 0x00000007a8000000, 0x00000007a8000000)
  to   space 21824K,   0% used [0x00000007a5560000, 0x00000007a5560000, 0x00000007a6ab0000)
 concurrent mark-sweep generation total 393216K, used 140867K [0x00000007a8000000, 0x00000007c0000000, 0x00000007c0000000)
 Metaspace       used 36258K, capacity 36876K, committed 37136K, reserved 1081344K
  class space    used 4114K, capacity 4279K, committed 4372K, reserved 1048576K
}
2016-10-23T18:06:17.354+0800: 142.360: Total time for which application threads were stopped: 0.0080814 seconds, Stopping threads took: 0.0001104 seconds
{Heap before GC invocations=801 (full 15):
 par new generation   total 109248K, used 109248K [0x00000007a0000000, 0x00000007a8000000, 0x00000007a8000000)
  eden space 87424K, 100% used [0x00000007a0000000, 0x00000007a5560000, 0x00000007a5560000)
  from space 21824K, 100% used [0x00000007a6ab0000, 0x00000007a8000000, 0x00000007a8000000)
  to   space 21824K,   0% used [0x00000007a5560000, 0x00000007a5560000, 0x00000007a6ab0000)
 concurrent mark-sweep generation total 393216K, used 140867K [0x00000007a8000000, 0x00000007c0000000, 0x00000007c0000000)
 Metaspace       used 36258K, capacity 36876K, committed 37136K, reserved 1081344K
  class space    used 4114K, capacity 4279K, committed 4372K, reserved 1048576K
2016-10-23T18:06:17.413+0800: 142.419: [GC (Allocation Failure) 2016-10-23T18:06:17.413+0800: 142.419: [ParNew
Desired survivor size 20112992 bytes, new threshold 8 (max 8)
- age   1:    4417648 bytes,    4417648 total
- age   2:    2643496 bytes,    7061144 total
- age   3:    2587760 bytes,    9648904 total
- age   4:    1694784 bytes,   11343688 total
- age   5:     296920 bytes,   11640608 total
- age   6:     263496 bytes,   11904104 total
- age   7:     543936 bytes,   12448040 total
- age   8:    1051408 bytes,   13499448 total
: 109248K->21824K(109248K), 0.0063266 secs] 250115K->170607K(502464K), 0.0063910 secs] [Times: user=0.02 sys=0.00, real=0.00 secs] 
Heap after GC invocations=802 (full 15):
 par new generation   total 109248K, used 21824K [0x00000007a0000000, 0x00000007a8000000, 0x00000007a8000000)
  eden space 87424K,   0% used [0x00000007a0000000, 0x00000007a0000000, 0x00000007a5560000)
  from space 21824K, 100% used [0x00000007a5560000, 0x00000007a6ab0000, 0x00000007a6ab0000)
  to   space 21824K,   0% used [0x00000007a6ab0000, 0x00000007a6ab0000, 0x00000007a8000000)
 concurrent mark-sweep generation total 393216K, used 148783K [0x00000007a8000000, 0x00000007c0000000, 0x00000007c0000000)
 Metaspace       used 36258K, capacity 36876K, committed 37136K, reserved 1081344K
  class space    used 4114K, capacity 4279K, committed 4372K, reserved 1048576K
}
2016-10-23T18:06:17.419+0800: 142.425: Total time for which application threads were stopped: 0.0067011 seconds, Stopping threads took: 0.0001289 seconds
{Heap before GC invocations=802 (full 15):
 par new generation   total 109248K, used 109248K [0x00000007a0000000, 0x00000007a8000000, 0x00000007a8000000)
  eden space 87424K, 100% used [0x00000007a0000000, 0x00000007a5560000, 0x00000007a5560000)
  from space 21824K, 100% used [0x00000007a5560000, 0x00000007a6ab0000, 0x00000007a6ab0000)
  to   space 21824K,   0% used [0x00000007a6ab0000, 0x00000007a6ab0000, 0x00000007a8000000)
 concurrent mark-sweep generation total 393216K, used 148783K [0x00000007a8000000, 0x00000007c0000000, 0x00000007c0000000)
 Metaspace       used 36258K, capacity 36876K, committed 37136K, reserved 1081344K
  class space    used 4114K, capacity 4279K, committed 4372K, reserved 1048576K
2016-10-23T18:06:17.478+0800: 142.484: [GC (Allocation Failure) 2016-10-23T18:06:17.478+0800: 142.484: [ParNew
Desired survivor size 20112992 bytes, new threshold 8 (max 8)
- age   1:    4594984 bytes,    4594984 total
- age   2:    1604192 bytes,    6199176 total
- age   3:    2546088 bytes,    8745264 total
- age   4:    2437696 bytes,   11182960 total
- age   5:    1695336 bytes,   12878296 total
- age   6:     297064 bytes,   13175360 total
- age   7:     263736 bytes,   13439096 total
- age   8:     543936 bytes,   13983032 total
: 109248K->17798K(109248K), 0.0053292 secs] 258031K->167612K(502464K), 0.0053957 secs] [Times: user=0.01 sys=0.00, real=0.01 secs] 
Heap after GC invocations=803 (full 15):
 par new generation   total 109248K, used 17798K [0x00000007a0000000, 0x00000007a8000000, 0x00000007a8000000)
  eden space 87424K,   0% used [0x00000007a0000000, 0x00000007a0000000, 0x00000007a5560000)
  from space 21824K,  81% used [0x00000007a6ab0000, 0x00000007a7c11a38, 0x00000007a8000000)
  to   space 21824K,   0% used [0x00000007a5560000, 0x00000007a5560000, 0x00000007a6ab0000)
 concurrent mark-sweep generation total 393216K, used 149814K [0x00000007a8000000, 0x00000007c0000000, 0x00000007c0000000)
 Metaspace       used 36258K, capacity 36876K, committed 37136K, reserved 1081344K
  class space    used 4114K, capacity 4279K, committed 4372K, reserved 1048576K
}
2016-10-23T18:06:17.484+0800: 142.490: Total time for which application threads were stopped: 0.0056659 seconds, Stopping threads took: 0.0000916 seconds
{Heap before GC invocations=803 (full 15):
 par new generation   total 109248K, used 105222K [0x00000007a0000000, 0x00000007a8000000, 0x00000007a8000000)
  eden space 87424K, 100% used [0x00000007a0000000, 0x00000007a5560000, 0x00000007a5560000)
  from space 21824K,  81% used [0x00000007a6ab0000, 0x00000007a7c11a38, 0x00000007a8000000)
  to   space 21824K,   0% used [0x00000007a5560000, 0x00000007a5560000, 0x00000007a6ab0000)
 concurrent mark-sweep generation total 393216K, used 149814K [0x00000007a8000000, 0x00000007c0000000, 0x00000007c0000000)
 Metaspace       used 36258K, capacity 36876K, committed 37136K, reserved 1081344K
  class space    used 4114K, capacity 4279K, committed 4372K, reserved 1048576K
2016-10-23T18:06:17.533+0800: 142.539: [GC (Allocation Failure) 2016-10-23T18:06:17.533+0800: 142.539: [ParNew
Desired survivor size 20112992 bytes, new threshold 8 (max 8)
- age   1:    4887384 bytes,    4887384 total
- age   2:    1708072 bytes,    6595456 total
- age   3:    1520512 bytes,    8115968 total
- age   4:    2378512 bytes,   10494480 total
- age   5:    2403080 bytes,   12897560 total
- age   6:    1678912 bytes,   14576472 total
- age   7:     297136 bytes,   14873608 total
- age   8:     263760 bytes,   15137368 total
: 105222K->19517K(109248K), 0.0050459 secs] 255036K->169867K(502464K), 0.0051109 secs] [Times: user=0.02 sys=0.00, real=0.00 secs] 
Heap after GC invocations=804 (full 15):
 par new generation   total 109248K, used 19517K [0x00000007a0000000, 0x00000007a8000000, 0x00000007a8000000)
  eden space 87424K,   0% used [0x00000007a0000000, 0x00000007a0000000, 0x00000007a5560000)
  from space 21824K,  89% used [0x00000007a5560000, 0x00000007a686f720, 0x00000007a6ab0000)
  to   space 21824K,   0% used [0x00000007a6ab0000, 0x00000007a6ab0000, 0x00000007a8000000)
 concurrent mark-sweep generation total 393216K, used 150349K [0x00000007a8000000, 0x00000007c0000000, 0x00000007c0000000)
 Metaspace       used 36258K, capacity 36876K, committed 37136K, reserved 1081344K
  class space    used 4114K, capacity 4279K, committed 4372K, reserved 1048576K
}
2016-10-23T18:06:17.539+0800: 142.544: Total time for which application threads were stopped: 0.0053591 seconds, Stopping threads took: 0.0000881 seconds
{Heap before GC invocations=804 (full 15):
 par new generation   total 109248K, used 106941K [0x00000007a0000000, 0x00000007a8000000, 0x00000007a8000000)
  eden space 87424K, 100% used [0x00000007a0000000, 0x00000007a5560000, 0x00000007a5560000)
  from space 21824K,  89% used [0x00000007a5560000, 0x00000007a686f720, 0x00000007a6ab0000)
  to   space 21824K,   0% used [0x00000007a6ab0000, 0x00000007a6ab0000, 0x00000007a8000000)
 concurrent mark-sweep generation total 393216K, used 150349K [0x00000007a8000000, 0x00000007c0000000, 0x00000007c0000000)
 Metaspace       used 36258K, capacity 36876K, committed 37136K, reserved 1081344K
  class space    used 4114K, capacity 4279K, committed 4372K, reserved 1048576K
2016-10-23T18:06:17.593+0800: 142.598: [GC (Allocation Failure) 2016-10-23T18:06:17.593+0800: 142.599: [ParNew
Desired survivor size 20112992 bytes, new threshold 8 (max 8)
- age   1:    4822184 bytes,    4822184 total
- age   2:    2545000 bytes,    7367184 total
- age   3:    1542240 bytes,    8909424 total
- age   4:    1495544 bytes,   10404968 total
- age   5:    2378848 bytes,   12783816 total
- age   6:    2289008 bytes,   15072824 total
- age   7:    1679248 bytes,   16752072 total
- age   8:     297016 bytes,   17049088 total
: 106941K->20117K(109248K), 0.0057559 secs] 257291K->170727K(502464K), 0.0058241 secs] [Times: user=0.02 sys=0.00, real=0.00 secs] 
Heap after GC invocations=805 (full 15):
 par new generation   total 109248K, used 20117K [0x00000007a0000000, 0x00000007a8000000, 0x00000007a8000000)
  eden space 87424K,   0% used [0x00000007a0000000, 0x00000007a0000000, 0x00000007a5560000)
  from space 21824K,  92% used [0x00000007a6ab0000, 0x00000007a7e55788, 0x00000007a8000000)
  to   space 21824K,   0% used [0x00000007a5560000, 0x00000007a5560000, 0x00000007a6ab0000)
 concurrent mark-sweep generation total 393216K, used 150609K [0x00000007a8000000, 0x00000007c0000000, 0x00000007c0000000)
 Metaspace       used 36258K, capacity 36876K, committed 37136K, reserved 1081344K
  class space    used 4114K, capacity 4279K, committed 4372K, reserved 1048576K
}
2016-10-23T18:06:17.599+0800: 142.604: Total time for which application threads were stopped: 0.0060847 seconds, Stopping threads took: 0.0000807 seconds
{Heap before GC invocations=805 (full 15):
 par new generation   total 109248K, used 107541K [0x00000007a0000000, 0x00000007a8000000, 0x00000007a8000000)
  eden space 87424K, 100% used [0x00000007a0000000, 0x00000007a5560000, 0x00000007a5560000)
  from space 21824K,  92% used [0x00000007a6ab0000, 0x00000007a7e55788, 0x00000007a8000000)
  to   space 21824K,   0% used [0x00000007a5560000, 0x00000007a5560000, 0x00000007a6ab0000)
 concurrent mark-sweep generation total 393216K, used 150609K [0x00000007a8000000, 0x00000007c0000000, 0x00000007c0000000)
 Metaspace       used 36258K, capacity 36876K, committed 37136K, reserved 1081344K
  class space    used 4114K, capacity 4279K, committed 4372K, reserved 1048576K
2016-10-23T18:06:17.661+0800: 142.666: [GC (Allocation Failure) 2016-10-23T18:06:17.661+0800: 142.666: [ParNew
Desired survivor size 20112992 bytes, new threshold 8 (max 8)
- age   1:    4832112 bytes,    4832112 total
- age   2:    2926312 bytes,    7758424 total
- age   3:    1497624 bytes,    9256048 total
- age   4:    1478392 bytes,   10734440 total
- age   5:    1487112 bytes,   12221552 total
- age   6:    2170936 bytes,   14392488 total
- age   7:    2275136 bytes,   16667624 total
- age   8:    1671264 bytes,   18338888 total
: 107541K->21824K(109248K), 0.0073651 secs] 258151K->172802K(502464K), 0.0074505 secs] [Times: user=0.03 sys=0.01, real=0.00 secs] 
Heap after GC invocations=806 (full 15):
 par new generation   total 109248K, used 21824K [0x00000007a0000000, 0x00000007a8000000, 0x00000007a8000000)
  eden space 87424K,   0% used [0x00000007a0000000, 0x00000007a0000000, 0x00000007a5560000)
  from space 21824K, 100% used [0x00000007a5560000, 0x00000007a6ab0000, 0x00000007a6ab0000)
  to   space 21824K,   0% used [0x00000007a6ab0000, 0x00000007a6ab0000, 0x00000007a8000000)
 concurrent mark-sweep generation total 393216K, used 150978K [0x00000007a8000000, 0x00000007c0000000, 0x00000007c0000000)
 Metaspace       used 36258K, capacity 36876K, committed 37136K, reserved 1081344K
  class space    used 4114K, capacity 4279K, committed 4372K, reserved 1048576K
}
2016-10-23T18:06:17.668+0800: 142.674: Total time for which application threads were stopped: 0.0077563 seconds, Stopping threads took: 0.0001177 seconds
{Heap before GC invocations=806 (full 15):
 par new generation   total 109248K, used 109248K [0x00000007a0000000, 0x00000007a8000000, 0x00000007a8000000)
  eden space 87424K, 100% used [0x00000007a0000000, 0x00000007a5560000, 0x00000007a5560000)
  from space 21824K, 100% used [0x00000007a5560000, 0x00000007a6ab0000, 0x00000007a6ab0000)
  to   space 21824K,   0% used [0x00000007a6ab0000, 0x00000007a6ab0000, 0x00000007a8000000)
 concurrent mark-sweep generation total 393216K, used 150978K [0x00000007a8000000, 0x00000007c0000000, 0x00000007c0000000)
 Metaspace       used 36258K, capacity 36876K, committed 37136K, reserved 1081344K
  class space    used 4114K, capacity 4279K, committed 4372K, reserved 1048576K
2016-10-23T18:06:17.737+0800: 142.743: [GC (Allocation Failure) 2016-10-23T18:06:17.737+0800: 142.743: [ParNew
Desired survivor size 20112992 bytes, new threshold 8 (max 8)
- age   1:    6304376 bytes,    6304376 total
- age   2:    2215736 bytes,    8520112 total
- age   3:    1557848 bytes,   10077960 total
- age   4:    1397536 bytes,   11475496 total
- age   5:    1413168 bytes,   12888664 total
- age   6:    1391136 bytes,   14279800 total
- age   7:    1543032 bytes,   15822832 total
- age   8:    1944400 bytes,   17767232 total
: 109248K->21824K(109248K), 0.0072641 secs] 260226K->175842K(502464K), 0.0073395 secs] [Times: user=0.03 sys=0.00, real=0.01 secs] 
Heap after GC invocations=807 (full 15):
 par new generation   total 109248K, used 21824K [0x00000007a0000000, 0x00000007a8000000, 0x00000007a8000000)
  eden space 87424K,   0% used [0x00000007a0000000, 0x00000007a0000000, 0x00000007a5560000)
  from space 21824K, 100% used [0x00000007a6ab0000, 0x00000007a8000000, 0x00000007a8000000)
  to   space 21824K,   0% used [0x00000007a5560000, 0x00000007a5560000, 0x00000007a6ab0000)
 concurrent mark-sweep generation total 393216K, used 154018K [0x00000007a8000000, 0x00000007c0000000, 0x00000007c0000000)
 Metaspace       used 36258K, capacity 36876K, committed 37136K, reserved 1081344K
  class space    used 4114K, capacity 4279K, committed 4372K, reserved 1048576K
}
2016-10-23T18:06:17.745+0800: 142.751: Total time for which application threads were stopped: 0.0075807 seconds, Stopping threads took: 0.0000674 seconds
{Heap before GC invocations=807 (full 15):
 par new generation   total 109248K, used 109248K [0x00000007a0000000, 0x00000007a8000000, 0x00000007a8000000)
  eden space 87424K, 100% used [0x00000007a0000000, 0x00000007a5560000, 0x00000007a5560000)
  from space 21824K, 100% used [0x00000007a6ab0000, 0x00000007a8000000, 0x00000007a8000000)
  to   space 21824K,   0% used [0x00000007a5560000, 0x00000007a5560000, 0x00000007a6ab0000)
 concurrent mark-sweep generation total 393216K, used 154018K [0x00000007a8000000, 0x00000007c0000000, 0x00000007c0000000)
 Metaspace       used 36258K, capacity 36876K, committed 37136K, reserved 1081344K
  class space    used 4114K, capacity 4279K, committed 4372K, reserved 1048576K
2016-10-23T18:06:17.808+0800: 142.814: [GC (Allocation Failure) 2016-10-23T18:06:17.808+0800: 142.814: [ParNew
Desired survivor size 20112992 bytes, new threshold 8 (max 8)
- age   1:    4171960 bytes,    4171960 total
- age   2:    4658680 bytes,    8830640 total
- age   3:    1844696 bytes,   10675336 total
- age   4:    1499152 bytes,   12174488 total
- age   5:    1364720 bytes,   13539208 total
- age   6:    1340904 bytes,   14880112 total
- age   7:    1333008 bytes,   16213120 total
- age   8:    1502296 bytes,   17715416 total
: 109248K->21824K(109248K), 0.0075428 secs] 263266K->178859K(502464K), 0.0076112 secs] [Times: user=0.03 sys=0.00, real=0.01 secs] 
Heap after GC invocations=808 (full 15):
 par new generation   total 109248K, used 21824K [0x00000007a0000000, 0x00000007a8000000, 0x00000007a8000000)
  eden space 87424K,   0% used [0x00000007a0000000, 0x00000007a0000000, 0x00000007a5560000)
  from space 21824K, 100% used [0x00000007a5560000, 0x00000007a6ab0000, 0x00000007a6ab0000)
  to   space 21824K,   0% used [0x00000007a6ab0000, 0x00000007a6ab0000, 0x00000007a8000000)
 concurrent mark-sweep generation total 393216K, used 157035K [0x00000007a8000000, 0x00000007c0000000, 0x00000007c0000000)
 Metaspace       used 36258K, capacity 36876K, committed 37136K, reserved 1081344K
  class space    used 4114K, capacity 4279K, committed 4372K, reserved 1048576K
}
2016-10-23T18:06:17.815+0800: 142.821: Total time for which application threads were stopped: 0.0079205 seconds, Stopping threads took: 0.0001071 seconds
{Heap before GC invocations=808 (full 15):
 par new generation   total 109248K, used 109248K [0x00000007a0000000, 0x00000007a8000000, 0x00000007a8000000)
  eden space 87424K, 100% used [0x00000007a0000000, 0x00000007a5560000, 0x00000007a5560000)
  from space 21824K, 100% used [0x00000007a5560000, 0x00000007a6ab0000, 0x00000007a6ab0000)
  to   space 21824K,   0% used [0x00000007a6ab0000, 0x00000007a6ab0000, 0x00000007a8000000)
 concurrent mark-sweep generation total 393216K, used 157035K [0x00000007a8000000, 0x00000007c0000000, 0x00000007c0000000)
 Metaspace       used 36258K, capacity 36876K, committed 37136K, reserved 1081344K
  class space    used 4114K, capacity 4279K, committed 4372K, reserved 1048576K
2016-10-23T18:06:17.888+0800: 142.894: [GC (Allocation Failure) 2016-10-23T18:06:17.888+0800: 142.894: [ParNew
Desired survivor size 20112992 bytes, new threshold 8 (max 8)
- age   1:    7571880 bytes,    7571880 total
- age   2:    3361344 bytes,   10933224 total
- age   3:    2594496 bytes,   13527720 total
- age   4:    1694472 bytes,   15222192 total
- age   5:    1438608 bytes,   16660800 total
- age   6:    1306112 bytes,   17966912 total
- age   7:    1269824 bytes,   19236736 total
- age   8:    1263992 bytes,   20500728 total
: 109248K->21824K(109248K), 0.0067283 secs] 266283K->181304K(502464K), 0.0067789 secs] [Times: user=0.03 sys=0.00, real=0.01 secs] 
Heap after GC invocations=809 (full 15):
 par new generation   total 109248K, used 21824K [0x00000007a0000000, 0x00000007a8000000, 0x00000007a8000000)
  eden space 87424K,   0% used [0x00000007a0000000, 0x00000007a0000000, 0x00000007a5560000)
  from space 21824K, 100% used [0x00000007a6ab0000, 0x00000007a8000000, 0x00000007a8000000)
  to   space 21824K,   0% used [0x00000007a5560000, 0x00000007a5560000, 0x00000007a6ab0000)
 concurrent mark-sweep generation total 393216K, used 159480K [0x00000007a8000000, 0x00000007c0000000, 0x00000007c0000000)
 Metaspace       used 36258K, capacity 36876K, committed 37136K, reserved 1081344K
  class space    used 4114K, capacity 4279K, committed 4372K, reserved 1048576K
}
2016-10-23T18:06:17.895+0800: 142.901: Total time for which application threads were stopped: 0.0070386 seconds, Stopping threads took: 0.0000989 seconds
{Heap before GC invocations=809 (full 15):
 par new generation   total 109248K, used 109248K [0x00000007a0000000, 0x00000007a8000000, 0x00000007a8000000)
  eden space 87424K, 100% used [0x00000007a0000000, 0x00000007a5560000, 0x00000007a5560000)
  from space 21824K, 100% used [0x00000007a6ab0000, 0x00000007a8000000, 0x00000007a8000000)
  to   space 21824K,   0% used [0x00000007a5560000, 0x00000007a5560000, 0x00000007a6ab0000)
 concurrent mark-sweep generation total 393216K, used 159480K [0x00000007a8000000, 0x00000007c0000000, 0x00000007c0000000)
 Metaspace       used 36258K, capacity 36876K, committed 37136K, reserved 1081344K
  class space    used 4114K, capacity 4279K, committed 4372K, reserved 1048576K
2016-10-23T18:06:17.978+0800: 142.984: [GC (Allocation Failure) 2016-10-23T18:06:17.978+0800: 142.984: [ParNew
Desired survivor size 20112992 bytes, new threshold 8 (max 8)
- age   1:    1813912 bytes,    1813912 total
- age   2:    6937264 bytes,    8751176 total
- age   3:    3287744 bytes,   12038920 total
- age   4:    2584816 bytes,   14623736 total
- age   5:    1685480 bytes,   16309216 total
- age   6:    1431312 bytes,   17740528 total
- age   7:    1299808 bytes,   19040336 total
- age   8:    1261632 bytes,   20301968 total
: 109248K->21824K(109248K), 0.0073239 secs] 268728K->182880K(502464K), 0.0073799 secs] [Times: user=0.03 sys=0.00, real=0.01 secs] 
Heap after GC invocations=810 (full 15):
 par new generation   total 109248K, used 21824K [0x00000007a0000000, 0x00000007a8000000, 0x00000007a8000000)
  eden space 87424K,   0% used [0x00000007a0000000, 0x00000007a0000000, 0x00000007a5560000)
  from space 21824K, 100% used [0x00000007a5560000, 0x00000007a6ab0000, 0x00000007a6ab0000)
  to   space 21824K,   0% used [0x00000007a6ab0000, 0x00000007a6ab0000, 0x00000007a8000000)
 concurrent mark-sweep generation total 393216K, used 161056K [0x00000007a8000000, 0x00000007c0000000, 0x00000007c0000000)
 Metaspace       used 36258K, capacity 36876K, committed 37136K, reserved 1081344K
  class space    used 4114K, capacity 4279K, committed 4372K, reserved 1048576K
}
2016-10-23T18:06:17.985+0800: 142.991: Total time for which application threads were stopped: 0.0076466 seconds, Stopping threads took: 0.0000664 seconds
{Heap before GC invocations=810 (full 15):
 par new generation   total 109248K, used 109248K [0x00000007a0000000, 0x00000007a8000000, 0x00000007a8000000)
  eden space 87424K, 100% used [0x00000007a0000000, 0x00000007a5560000, 0x00000007a5560000)
  from space 21824K, 100% used [0x00000007a5560000, 0x00000007a6ab0000, 0x00000007a6ab0000)
  to   space 21824K,   0% used [0x00000007a6ab0000, 0x00000007a6ab0000, 0x00000007a8000000)
 concurrent mark-sweep generation total 393216K, used 161056K [0x00000007a8000000, 0x00000007c0000000, 0x00000007c0000000)
 Metaspace       used 36258K, capacity 36876K, committed 37136K, reserved 1081344K
  class space    used 4114K, capacity 4279K, committed 4372K, reserved 1048576K
2016-10-23T18:06:18.028+0800: 143.034: [GC (Allocation Failure) 2016-10-23T18:06:18.028+0800: 143.034: [ParNew
Desired survivor size 20112992 bytes, new threshold 8 (max 8)
- age   1:    1285912 bytes,    1285912 total
- age   2:    1166400 bytes,    2452312 total
- age   3:    6486496 bytes,    8938808 total
- age   4:    3251088 bytes,   12189896 total
- age   5:    2553328 bytes,   14743224 total
- age   6:    1656120 bytes,   16399344 total
- age   7:    1407768 bytes,   17807112 total
- age   8:    1275944 bytes,   19083056 total
: 109248K->21824K(109248K), 0.0065743 secs] 270304K->184747K(502464K), 0.0066282 secs] [Times: user=0.02 sys=0.00, real=0.01 secs] 
Heap after GC invocations=811 (full 15):
 par new generation   total 109248K, used 21824K [0x00000007a0000000, 0x00000007a8000000, 0x00000007a8000000)
  eden space 87424K,   0% used [0x00000007a0000000, 0x00000007a0000000, 0x00000007a5560000)
  from space 21824K, 100% used [0x00000007a6ab0000, 0x00000007a8000000, 0x00000007a8000000)
  to   space 21824K,   0% used [0x00000007a5560000, 0x00000007a5560000, 0x00000007a6ab0000)
 concurrent mark-sweep generation total 393216K, used 162923K [0x00000007a8000000, 0x00000007c0000000, 0x00000007c0000000)
 Metaspace       used 36258K, capacity 36876K, committed 37136K, reserved 1081344K
  class space    used 4114K, capacity 4279K, committed 4372K, reserved 1048576K
}
2016-10-23T18:06:18.035+0800: 143.041: Total time for which application threads were stopped: 0.0068868 seconds, Stopping threads took: 0.0000852 seconds
{Heap before GC invocations=811 (full 15):
 par new generation   total 109248K, used 109248K [0x00000007a0000000, 0x00000007a8000000, 0x00000007a8000000)
  eden space 87424K, 100% used [0x00000007a0000000, 0x00000007a5560000, 0x00000007a5560000)
  from space 21824K, 100% used [0x00000007a6ab0000, 0x00000007a8000000, 0x00000007a8000000)
  to   space 21824K,   0% used [0x00000007a5560000, 0x00000007a5560000, 0x00000007a6ab0000)
 concurrent mark-sweep generation total 393216K, used 162923K [0x00000007a8000000, 0x00000007c0000000, 0x00000007c0000000)
 Metaspace       used 36258K, capacity 36876K, committed 37136K, reserved 1081344K
  class space    used 4114K, capacity 4279K, committed 4372K, reserved 1048576K
2016-10-23T18:06:18.092+0800: 143.098: [GC (Allocation Failure) 2016-10-23T18:06:18.092+0800: 143.098: [ParNew
Desired survivor size 20112992 bytes, new threshold 8 (max 8)
- age   1:    1766680 bytes,    1766680 total
- age   2:     577456 bytes,    2344136 total
- age   3:     934200 bytes,    3278336 total
- age   4:    6432112 bytes,    9710448 total
- age   5:    3231344 bytes,   12941792 total
- age   6:    2532624 bytes,   15474416 total
- age   7:    1634472 bytes,   17108888 total
- age   8:    1391800 bytes,   18500688 total
: 109248K->21824K(109248K), 0.0063411 secs] 272171K->185989K(502464K), 0.0064021 secs] [Times: user=0.03 sys=0.00, real=0.00 secs] 
Heap after GC invocations=812 (full 15):
 par new generation   total 109248K, used 21824K [0x00000007a0000000, 0x00000007a8000000, 0x00000007a8000000)
  eden space 87424K,   0% used [0x00000007a0000000, 0x00000007a0000000, 0x00000007a5560000)
  from space 21824K, 100% used [0x00000007a5560000, 0x00000007a6ab0000, 0x00000007a6ab0000)
  to   space 21824K,   0% used [0x00000007a6ab0000, 0x00000007a6ab0000, 0x00000007a8000000)
 concurrent mark-sweep generation total 393216K, used 164165K [0x00000007a8000000, 0x00000007c0000000, 0x00000007c0000000)
 Metaspace       used 36258K, capacity 36876K, committed 37136K, reserved 1081344K
  class space    used 4114K, capacity 4279K, committed 4372K, reserved 1048576K
}
2016-10-23T18:06:18.098+0800: 143.104: Total time for which application threads were stopped: 0.0066655 seconds, Stopping threads took: 0.0000832 seconds
{Heap before GC invocations=812 (full 15):
 par new generation   total 109248K, used 109248K [0x00000007a0000000, 0x00000007a8000000, 0x00000007a8000000)
  eden space 87424K, 100% used [0x00000007a0000000, 0x00000007a5560000, 0x00000007a5560000)
  from space 21824K, 100% used [0x00000007a5560000, 0x00000007a6ab0000, 0x00000007a6ab0000)
  to   space 21824K,   0% used [0x00000007a6ab0000, 0x00000007a6ab0000, 0x00000007a8000000)
 concurrent mark-sweep generation total 393216K, used 164165K [0x00000007a8000000, 0x00000007c0000000, 0x00000007c0000000)
 Metaspace       used 36259K, capacity 36876K, committed 37136K, reserved 1081344K
  class space    used 4114K, capacity 4279K, committed 4372K, reserved 1048576K
2016-10-23T18:06:18.179+0800: 143.185: [GC (Allocation Failure) 2016-10-23T18:06:18.179+0800: 143.185: [ParNew
Desired survivor size 20112992 bytes, new threshold 8 (max 8)
- age   1:    3357720 bytes,    3357720 total
- age   2:     878544 bytes,    4236264 total
- age   3:     405440 bytes,    4641704 total
- age   4:     882504 bytes,    5524208 total
- age   5:    5796296 bytes,   11320504 total
- age   6:    3159976 bytes,   14480480 total
- age   7:    2458928 bytes,   16939408 total
- age   8:    1560360 bytes,   18499768 total
: 109248K->21824K(109248K), 0.0060876 secs] 273413K->188284K(502464K), 0.0061537 secs] [Times: user=0.02 sys=0.00, real=0.01 secs] 
Heap after GC invocations=813 (full 15):
 par new generation   total 109248K, used 21824K [0x00000007a0000000, 0x00000007a8000000, 0x00000007a8000000)
  eden space 87424K,   0% used [0x00000007a0000000, 0x00000007a0000000, 0x00000007a5560000)
  from space 21824K, 100% used [0x00000007a6ab0000, 0x00000007a8000000, 0x00000007a8000000)
  to   space 21824K,   0% used [0x00000007a5560000, 0x00000007a5560000, 0x00000007a6ab0000)
 concurrent mark-sweep generation total 393216K, used 166460K [0x00000007a8000000, 0x00000007c0000000, 0x00000007c0000000)
 Metaspace       used 36259K, capacity 36876K, committed 37136K, reserved 1081344K
  class space    used 4114K, capacity 4279K, committed 4372K, reserved 1048576K
}
2016-10-23T18:06:18.185+0800: 143.191: Total time for which application threads were stopped: 0.0064842 seconds, Stopping threads took: 0.0001382 seconds
{Heap before GC invocations=813 (full 15):
 par new generation   total 109248K, used 109248K [0x00000007a0000000, 0x00000007a8000000, 0x00000007a8000000)
  eden space 87424K, 100% used [0x00000007a0000000, 0x00000007a5560000, 0x00000007a5560000)
  from space 21824K, 100% used [0x00000007a6ab0000, 0x00000007a8000000, 0x00000007a8000000)
  to   space 21824K,   0% used [0x00000007a5560000, 0x00000007a5560000, 0x00000007a6ab0000)
 concurrent mark-sweep generation total 393216K, used 166460K [0x00000007a8000000, 0x00000007c0000000, 0x00000007c0000000)
 Metaspace       used 36259K, capacity 36876K, committed 37136K, reserved 1081344K
  class space    used 4114K, capacity 4279K, committed 4372K, reserved 1048576K
2016-10-23T18:06:18.296+0800: 143.302: [GC (Allocation Failure) 2016-10-23T18:06:18.296+0800: 143.302: [ParNew
Desired survivor size 20112992 bytes, new threshold 8 (max 8)
- age   1:    4187104 bytes,    4187104 total
- age   2:    1843568 bytes,    6030672 total
- age   3:     501080 bytes,    6531752 total
- age   4:     355992 bytes,    6887744 total
- age   5:     797528 bytes,    7685272 total
- age   6:    5276288 bytes,   12961560 total
- age   7:    3075672 bytes,   16037232 total
- age   8:    2420328 bytes,   18457560 total
: 109248K->21824K(109248K), 0.0070780 secs] 275708K->192409K(502464K), 0.0071454 secs] [Times: user=0.03 sys=0.00, real=0.01 secs] 
Heap after GC invocations=814 (full 15):
 par new generation   total 109248K, used 21824K [0x00000007a0000000, 0x00000007a8000000, 0x00000007a8000000)
  eden space 87424K,   0% used [0x00000007a0000000, 0x00000007a0000000, 0x00000007a5560000)
  from space 21824K, 100% used [0x00000007a5560000, 0x00000007a6ab0000, 0x00000007a6ab0000)
  to   space 21824K,   0% used [0x00000007a6ab0000, 0x00000007a6ab0000, 0x00000007a8000000)
 concurrent mark-sweep generation total 393216K, used 170585K [0x00000007a8000000, 0x00000007c0000000, 0x00000007c0000000)
 Metaspace       used 36259K, capacity 36876K, committed 37136K, reserved 1081344K
  class space    used 4114K, capacity 4279K, committed 4372K, reserved 1048576K
}
2016-10-23T18:06:18.303+0800: 143.309: Total time for which application threads were stopped: 0.0073822 seconds, Stopping threads took: 0.0000664 seconds
{Heap before GC invocations=814 (full 15):
 par new generation   total 109248K, used 109248K [0x00000007a0000000, 0x00000007a8000000, 0x00000007a8000000)
  eden space 87424K, 100% used [0x00000007a0000000, 0x00000007a5560000, 0x00000007a5560000)
  from space 21824K, 100% used [0x00000007a5560000, 0x00000007a6ab0000, 0x00000007a6ab0000)
  to   space 21824K,   0% used [0x00000007a6ab0000, 0x00000007a6ab0000, 0x00000007a8000000)
 concurrent mark-sweep generation total 393216K, used 170585K [0x00000007a8000000, 0x00000007c0000000, 0x00000007c0000000)
 Metaspace       used 36259K, capacity 36876K, committed 37136K, reserved 1081344K
  class space    used 4114K, capacity 4279K, committed 4372K, reserved 1048576K
2016-10-23T18:06:18.429+0800: 143.434: [GC (Allocation Failure) 2016-10-23T18:06:18.429+0800: 143.434: [ParNew
Desired survivor size 20112992 bytes, new threshold 8 (max 8)
- age   1:    6022000 bytes,    6022000 total
- age   2:    2186624 bytes,    8208624 total
- age   3:    1336952 bytes,    9545576 total
- age   4:     259408 bytes,    9804984 total
- age   5:     140336 bytes,    9945320 total
- age   6:     691832 bytes,   10637152 total
- age   7:    5276232 bytes,   15913384 total
- age   8:    3075672 bytes,   18989056 total
: 109248K->21824K(109248K), 0.0069580 secs] 279833K->196958K(502464K), 0.0070246 secs] [Times: user=0.02 sys=0.00, real=0.01 secs] 
Heap after GC invocations=815 (full 15):
 par new generation   total 109248K, used 21824K [0x00000007a0000000, 0x00000007a8000000, 0x00000007a8000000)
  eden space 87424K,   0% used [0x00000007a0000000, 0x00000007a0000000, 0x00000007a5560000)
  from space 21824K, 100% used [0x00000007a6ab0000, 0x00000007a8000000, 0x00000007a8000000)
  to   space 21824K,   0% used [0x00000007a5560000, 0x00000007a5560000, 0x00000007a6ab0000)
 concurrent mark-sweep generation total 393216K, used 175134K [0x00000007a8000000, 0x00000007c0000000, 0x00000007c0000000)
 Metaspace       used 36259K, capacity 36876K, committed 37136K, reserved 1081344K
  class space    used 4114K, capacity 4279K, committed 4372K, reserved 1048576K
}
2016-10-23T18:06:18.436+0800: 143.442: Total time for which application threads were stopped: 0.0072431 seconds, Stopping threads took: 0.0000542 seconds
{Heap before GC invocations=815 (full 15):
 par new generation   total 109248K, used 109248K [0x00000007a0000000, 0x00000007a8000000, 0x00000007a8000000)
  eden space 87424K, 100% used [0x00000007a0000000, 0x00000007a5560000, 0x00000007a5560000)
  from space 21824K, 100% used [0x00000007a6ab0000, 0x00000007a8000000, 0x00000007a8000000)
  to   space 21824K,   0% used [0x00000007a5560000, 0x00000007a5560000, 0x00000007a6ab0000)
 concurrent mark-sweep generation total 393216K, used 175134K [0x00000007a8000000, 0x00000007c0000000, 0x00000007c0000000)
 Metaspace       used 36259K, capacity 36876K, committed 37136K, reserved 1081344K
  class space    used 4114K, capacity 4279K, committed 4372K, reserved 1048576K
2016-10-23T18:06:18.561+0800: 143.567: [GC (Allocation Failure) 2016-10-23T18:06:18.561+0800: 143.567: [ParNew
Desired survivor size 20112992 bytes, new threshold 8 (max 8)
- age   1:    6994592 bytes,    6994592 total
- age   2:    2283864 bytes,    9278456 total
- age   3:    1823584 bytes,   11102040 total
- age   4:    1304248 bytes,   12406288 total
- age   5:     245512 bytes,   12651800 total
- age   6:     137216 bytes,   12789016 total
- age   7:     684248 bytes,   13473264 total
- age   8:    5308472 bytes,   18781736 total
: 109248K->21824K(109248K), 0.0068983 secs] 284382K->201349K(502464K), 0.0069648 secs] [Times: user=0.03 sys=0.00, real=0.00 secs] 
Heap after GC invocations=816 (full 15):
 par new generation   total 109248K, used 21824K [0x00000007a0000000, 0x00000007a8000000, 0x00000007a8000000)
  eden space 87424K,   0% used [0x00000007a0000000, 0x00000007a0000000, 0x00000007a5560000)
  from space 21824K, 100% used [0x00000007a5560000, 0x00000007a6ab0000, 0x00000007a6ab0000)
  to   space 21824K,   0% used [0x00000007a6ab0000, 0x00000007a6ab0000, 0x00000007a8000000)
 concurrent mark-sweep generation total 393216K, used 179525K [0x00000007a8000000, 0x00000007c0000000, 0x00000007c0000000)
 Metaspace       used 36259K, capacity 36876K, committed 37136K, reserved 1081344K
  class space    used 4114K, capacity 4279K, committed 4372K, reserved 1048576K
}
2016-10-23T18:06:18.568+0800: 143.574: Total time for which application threads were stopped: 0.0072360 seconds, Stopping threads took: 0.0000803 seconds
{Heap before GC invocations=816 (full 15):
 par new generation   total 109248K, used 109248K [0x00000007a0000000, 0x00000007a8000000, 0x00000007a8000000)
  eden space 87424K, 100% used [0x00000007a0000000, 0x00000007a5560000, 0x00000007a5560000)
  from space 21824K, 100% used [0x00000007a5560000, 0x00000007a6ab0000, 0x00000007a6ab0000)
  to   space 21824K,   0% used [0x00000007a6ab0000, 0x00000007a6ab0000, 0x00000007a8000000)
 concurrent mark-sweep generation total 393216K, used 179525K [0x00000007a8000000, 0x00000007c0000000, 0x00000007c0000000)
 Metaspace       used 36259K, capacity 36876K, committed 37136K, reserved 1081344K
  class space    used 4114K, capacity 4279K, committed 4372K, reserved 1048576K
2016-10-23T18:06:18.674+0800: 143.680: [GC (Allocation Failure) 2016-10-23T18:06:18.674+0800: 143.680: [ParNew
Desired survivor size 20112992 bytes, new threshold 8 (max 8)
- age   1:    7368032 bytes,    7368032 total
- age   2:    3148600 bytes,   10516632 total
- age   3:    1976632 bytes,   12493264 total
- age   4:    1758120 bytes,   14251384 total
- age   5:    1302296 bytes,   15553680 total
- age   6:     244768 bytes,   15798448 total
- age   7:     136880 bytes,   15935328 total
- age   8:     682584 bytes,   16617912 total
: 109248K->21824K(109248K), 0.0079113 secs] 288773K->206670K(502464K), 0.0079668 secs] [Times: user=0.03 sys=0.00, real=0.01 secs] 
Heap after GC invocations=817 (full 15):
 par new generation   total 109248K, used 21824K [0x00000007a0000000, 0x00000007a8000000, 0x00000007a8000000)
  eden space 87424K,   0% used [0x00000007a0000000, 0x00000007a0000000, 0x00000007a5560000)
  from space 21824K, 100% used [0x00000007a6ab0000, 0x00000007a8000000, 0x00000007a8000000)
  to   space 21824K,   0% used [0x00000007a5560000, 0x00000007a5560000, 0x00000007a6ab0000)
 concurrent mark-sweep generation total 393216K, used 184846K [0x00000007a8000000, 0x00000007c0000000, 0x00000007c0000000)
 Metaspace       used 36259K, capacity 36876K, committed 37136K, reserved 1081344K
  class space    used 4114K, capacity 4279K, committed 4372K, reserved 1048576K
}
2016-10-23T18:06:18.682+0800: 143.688: Total time for which application threads were stopped: 0.0081960 seconds, Stopping threads took: 0.0000775 seconds
{Heap before GC invocations=817 (full 15):
 par new generation   total 109248K, used 109248K [0x00000007a0000000, 0x00000007a8000000, 0x00000007a8000000)
  eden space 87424K, 100% used [0x00000007a0000000, 0x00000007a5560000, 0x00000007a5560000)
  from space 21824K, 100% used [0x00000007a6ab0000, 0x00000007a8000000, 0x00000007a8000000)
  to   space 21824K,   0% used [0x00000007a5560000, 0x00000007a5560000, 0x00000007a6ab0000)
 concurrent mark-sweep generation total 393216K, used 184846K [0x00000007a8000000, 0x00000007c0000000, 0x00000007c0000000)
 Metaspace       used 36259K, capacity 36876K, committed 37136K, reserved 1081344K
  class space    used 4114K, capacity 4279K, committed 4372K, reserved 1048576K
2016-10-23T18:06:18.803+0800: 143.809: [GC (Allocation Failure) 2016-10-23T18:06:18.803+0800: 143.809: [ParNew
Desired survivor size 20112992 bytes, new threshold 8 (max 8)
- age   1:    9223168 bytes,    9223168 total
- age   2:    2836880 bytes,   12060048 total
- age   3:    2912048 bytes,   14972096 total
- age   4:    1476256 bytes,   16448352 total
- age   5:    1573728 bytes,   18022080 total
- age   6:    1229296 bytes,   19251376 total
- age   7:     220416 bytes,   19471792 total
- age   8:     118456 bytes,   19590248 total
: 109248K->21824K(109248K), 0.0079315 secs] 294094K->208460K(502464K), 0.0080059 secs] [Times: user=0.02 sys=0.01, real=0.01 secs] 
Heap after GC invocations=818 (full 15):
 par new generation   total 109248K, used 21824K [0x00000007a0000000, 0x00000007a8000000, 0x00000007a8000000)
  eden space 87424K,   0% used [0x00000007a0000000, 0x00000007a0000000, 0x00000007a5560000)
  from space 21824K, 100% used [0x00000007a5560000, 0x00000007a6ab0000, 0x00000007a6ab0000)
  to   space 21824K,   0% used [0x00000007a6ab0000, 0x00000007a6ab0000, 0x00000007a8000000)
 concurrent mark-sweep generation total 393216K, used 186636K [0x00000007a8000000, 0x00000007c0000000, 0x00000007c0000000)
 Metaspace       used 36259K, capacity 36876K, committed 37136K, reserved 1081344K
  class space    used 4114K, capacity 4279K, committed 4372K, reserved 1048576K
}
2016-10-23T18:06:18.811+0800: 143.817: Total time for which application threads were stopped: 0.0082547 seconds, Stopping threads took: 0.0000788 seconds
{Heap before GC invocations=818 (full 15):
 par new generation   total 109248K, used 109248K [0x00000007a0000000, 0x00000007a8000000, 0x00000007a8000000)
  eden space 87424K, 100% used [0x00000007a0000000, 0x00000007a5560000, 0x00000007a5560000)
  from space 21824K, 100% used [0x00000007a5560000, 0x00000007a6ab0000, 0x00000007a6ab0000)
  to   space 21824K,   0% used [0x00000007a6ab0000, 0x00000007a6ab0000, 0x00000007a8000000)
 concurrent mark-sweep generation total 393216K, used 186636K [0x00000007a8000000, 0x00000007c0000000, 0x00000007c0000000)
 Metaspace       used 36259K, capacity 36876K, committed 37136K, reserved 1081344K
  class space    used 4114K, capacity 4279K, committed 4372K, reserved 1048576K
2016-10-23T18:06:19.002+0800: 144.007: [GC (Allocation Failure) 2016-10-23T18:06:19.002+0800: 144.007: [ParNew
Desired survivor size 20112992 bytes, new threshold 6 (max 8)
- age   1:    6412248 bytes,    6412248 total
- age   2:    6088624 bytes,   12500872 total
- age   3:    2483744 bytes,   14984616 total
- age   4:    2614312 bytes,   17598928 total
- age   5:    1215840 bytes,   18814768 total
- age   6:    1413048 bytes,   20227816 total
- age   7:    1118800 bytes,   21346616 total
- age   8:     192824 bytes,   21539440 total
: 109248K->21824K(109248K), 0.0173905 secs] 295884K->211985K(502464K), 0.0174674 secs] [Times: user=0.05 sys=0.00, real=0.01 secs] 
Heap after GC invocations=819 (full 15):
 par new generation   total 109248K, used 21824K [0x00000007a0000000, 0x00000007a8000000, 0x00000007a8000000)
  eden space 87424K,   0% used [0x00000007a0000000, 0x00000007a0000000, 0x00000007a5560000)
  from space 21824K, 100% used [0x00000007a6ab0000, 0x00000007a8000000, 0x00000007a8000000)
  to   space 21824K,   0% used [0x00000007a5560000, 0x00000007a5560000, 0x00000007a6ab0000)
 concurrent mark-sweep generation total 393216K, used 190161K [0x00000007a8000000, 0x00000007c0000000, 0x00000007c0000000)
 Metaspace       used 36259K, capacity 36876K, committed 37136K, reserved 1081344K
  class space    used 4114K, capacity 4279K, committed 4372K, reserved 1048576K
}
2016-10-23T18:06:19.019+0800: 144.025: Total time for which application threads were stopped: 0.0178196 seconds, Stopping threads took: 0.0001060 seconds
{Heap before GC invocations=819 (full 15):
 par new generation   total 109248K, used 109248K [0x00000007a0000000, 0x00000007a8000000, 0x00000007a8000000)
  eden space 87424K, 100% used [0x00000007a0000000, 0x00000007a5560000, 0x00000007a5560000)
  from space 21824K, 100% used [0x00000007a6ab0000, 0x00000007a8000000, 0x00000007a8000000)
  to   space 21824K,   0% used [0x00000007a5560000, 0x00000007a5560000, 0x00000007a6ab0000)
 concurrent mark-sweep generation total 393216K, used 190161K [0x00000007a8000000, 0x00000007c0000000, 0x00000007c0000000)
 Metaspace       used 36259K, capacity 36876K, committed 37136K, reserved 1081344K
  class space    used 4114K, capacity 4279K, committed 4372K, reserved 1048576K
2016-10-23T18:06:19.108+0800: 144.114: [GC (Allocation Failure) 2016-10-23T18:06:19.108+0800: 144.114: [ParNew
Desired survivor size 20112992 bytes, new threshold 8 (max 8)
- age   1:    1737280 bytes,    1737280 total
- age   2:    5441424 bytes,    7178704 total
- age   3:    5298152 bytes,   12476856 total
- age   4:    1676440 bytes,   14153296 total
- age   5:    2389312 bytes,   16542608 total
- age   6:    1056184 bytes,   17598792 total
: 109248K->21824K(109248K), 0.0106097 secs] 299409K->216973K(502464K), 0.0106685 secs] [Times: user=0.04 sys=0.00, real=0.01 secs] 
Heap after GC invocations=820 (full 15):
 par new generation   total 109248K, used 21824K [0x00000007a0000000, 0x00000007a8000000, 0x00000007a8000000)
  eden space 87424K,   0% used [0x00000007a0000000, 0x00000007a0000000, 0x00000007a5560000)
  from space 21824K, 100% used [0x00000007a5560000, 0x00000007a6ab0000, 0x00000007a6ab0000)
  to   space 21824K,   0% used [0x00000007a6ab0000, 0x00000007a6ab0000, 0x00000007a8000000)
 concurrent mark-sweep generation total 393216K, used 195149K [0x00000007a8000000, 0x00000007c0000000, 0x00000007c0000000)
 Metaspace       used 36259K, capacity 36876K, committed 37136K, reserved 1081344K
  class space    used 4114K, capacity 4279K, committed 4372K, reserved 1048576K
}
2016-10-23T18:06:19.119+0800: 144.125: Total time for which application threads were stopped: 0.0109074 seconds, Stopping threads took: 0.0000847 seconds
{Heap before GC invocations=820 (full 15):
 par new generation   total 109248K, used 109221K [0x00000007a0000000, 0x00000007a8000000, 0x00000007a8000000)
  eden space 87424K,  99% used [0x00000007a0000000, 0x00000007a5559530, 0x00000007a5560000)
  from space 21824K, 100% used [0x00000007a5560000, 0x00000007a6ab0000, 0x00000007a6ab0000)
  to   space 21824K,   0% used [0x00000007a6ab0000, 0x00000007a6ab0000, 0x00000007a8000000)
 concurrent mark-sweep generation total 393216K, used 195149K [0x00000007a8000000, 0x00000007c0000000, 0x00000007c0000000)
 Metaspace       used 36259K, capacity 36876K, committed 37136K, reserved 1081344K
  class space    used 4114K, capacity 4279K, committed 4372K, reserved 1048576K
2016-10-23T18:06:19.174+0800: 144.179: [GC (Allocation Failure) 2016-10-23T18:06:19.174+0800: 144.179: [ParNew
Desired survivor size 20112992 bytes, new threshold 8 (max 8)
- age   1:    1347024 bytes,    1347024 total
- age   2:     824872 bytes,    2171896 total
- age   3:    5185968 bytes,    7357864 total
- age   4:    5268832 bytes,   12626696 total
- age   5:    1649536 bytes,   14276232 total
- age   6:    2364680 bytes,   16640912 total
- age   7:    1031848 bytes,   17672760 total
: 109221K->21824K(109248K), 0.0061909 secs] 304371K->217297K(502464K), 0.0062341 secs] [Times: user=0.02 sys=0.00, real=0.01 secs] 
Heap after GC invocations=821 (full 15):
 par new generation   total 109248K, used 21824K [0x00000007a0000000, 0x00000007a8000000, 0x00000007a8000000)
  eden space 87424K,   0% used [0x00000007a0000000, 0x00000007a0000000, 0x00000007a5560000)
  from space 21824K, 100% used [0x00000007a6ab0000, 0x00000007a8000000, 0x00000007a8000000)
  to   space 21824K,   0% used [0x00000007a5560000, 0x00000007a5560000, 0x00000007a6ab0000)
 concurrent mark-sweep generation total 393216K, used 195473K [0x00000007a8000000, 0x00000007c0000000, 0x00000007c0000000)
 Metaspace       used 36259K, capacity 36876K, committed 37136K, reserved 1081344K
  class space    used 4114K, capacity 4279K, committed 4372K, reserved 1048576K
}
2016-10-23T18:06:19.180+0800: 144.186: Total time for which application threads were stopped: 0.0064650 seconds, Stopping threads took: 0.0000673 seconds
{Heap before GC invocations=821 (full 15):
 par new generation   total 109248K, used 109248K [0x00000007a0000000, 0x00000007a8000000, 0x00000007a8000000)
  eden space 87424K, 100% used [0x00000007a0000000, 0x00000007a5560000, 0x00000007a5560000)
  from space 21824K, 100% used [0x00000007a6ab0000, 0x00000007a8000000, 0x00000007a8000000)
  to   space 21824K,   0% used [0x00000007a5560000, 0x00000007a5560000, 0x00000007a6ab0000)
 concurrent mark-sweep generation total 393216K, used 195473K [0x00000007a8000000, 0x00000007c0000000, 0x00000007c0000000)
 Metaspace       used 36270K, capacity 36876K, committed 37136K, reserved 1081344K
  class space    used 4114K, capacity 4279K, committed 4372K, reserved 1048576K
2016-10-23T18:06:19.264+0800: 144.270: [GC (Allocation Failure) 2016-10-23T18:06:19.264+0800: 144.270: [ParNew
Desired survivor size 20112992 bytes, new threshold 8 (max 8)
- age   1:    2898664 bytes,    2898664 total
- age   2:     659352 bytes,    3558016 total
- age   3:     570336 bytes,    4128352 total
- age   4:    5068328 bytes,    9196680 total
- age   5:    5147064 bytes,   14343744 total
- age   6:    1577688 bytes,   15921432 total
- age   7:    2288864 bytes,   18210296 total
- age   8:     961400 bytes,   19171696 total
: 109248K->21824K(109248K), 0.0054940 secs] 304721K->217421K(502464K), 0.0055576 secs] [Times: user=0.02 sys=0.00, real=0.01 secs] 
Heap after GC invocations=822 (full 15):
 par new generation   total 109248K, used 21824K [0x00000007a0000000, 0x00000007a8000000, 0x00000007a8000000)
  eden space 87424K,   0% used [0x00000007a0000000, 0x00000007a0000000, 0x00000007a5560000)
  from space 21824K, 100% used [0x00000007a5560000, 0x00000007a6ab0000, 0x00000007a6ab0000)
  to   space 21824K,   0% used [0x00000007a6ab0000, 0x00000007a6ab0000, 0x00000007a8000000)
 concurrent mark-sweep generation total 393216K, used 195597K [0x00000007a8000000, 0x00000007c0000000, 0x00000007c0000000)
 Metaspace       used 36270K, capacity 36876K, committed 37136K, reserved 1081344K
  class space    used 4114K, capacity 4279K, committed 4372K, reserved 1048576K
}
2016-10-23T18:06:19.270+0800: 144.275: Total time for which application threads were stopped: 0.0057816 seconds, Stopping threads took: 0.0000774 seconds
{Heap before GC invocations=822 (full 15):
 par new generation   total 109248K, used 109248K [0x00000007a0000000, 0x00000007a8000000, 0x00000007a8000000)
  eden space 87424K, 100% used [0x00000007a0000000, 0x00000007a5560000, 0x00000007a5560000)
  from space 21824K, 100% used [0x00000007a5560000, 0x00000007a6ab0000, 0x00000007a6ab0000)
  to   space 21824K,   0% used [0x00000007a6ab0000, 0x00000007a6ab0000, 0x00000007a8000000)
 concurrent mark-sweep generation total 393216K, used 195597K [0x00000007a8000000, 0x00000007c0000000, 0x00000007c0000000)
 Metaspace       used 36270K, capacity 36876K, committed 37136K, reserved 1081344K
  class space    used 4114K, capacity 4279K, committed 4372K, reserved 1048576K
2016-10-23T18:06:19.364+0800: 144.369: [GC (Allocation Failure) 2016-10-23T18:06:19.364+0800: 144.369: [ParNew
Desired survivor size 20112992 bytes, new threshold 8 (max 8)
- age   1:    3795800 bytes,    3795800 total
- age   2:    1580872 bytes,    5376672 total
- age   3:     409944 bytes,    5786616 total
- age   4:     551032 bytes,    6337648 total
- age   5:    4236864 bytes,   10574512 total
- age   6:    5272168 bytes,   15846680 total
- age   7:    1573112 bytes,   17419792 total
- age   8:    2283080 bytes,   19702872 total
: 109248K->21824K(109248K), 0.0061010 secs] 304845K->220048K(502464K), 0.0061486 secs] [Times: user=0.02 sys=0.00, real=0.01 secs] 
Heap after GC invocations=823 (full 15):
 par new generation   total 109248K, used 21824K [0x00000007a0000000, 0x00000007a8000000, 0x00000007a8000000)
  eden space 87424K,   0% used [0x00000007a0000000, 0x00000007a0000000, 0x00000007a5560000)
  from space 21824K, 100% used [0x00000007a6ab0000, 0x00000007a8000000, 0x00000007a8000000)
  to   space 21824K,   0% used [0x00000007a5560000, 0x00000007a5560000, 0x00000007a6ab0000)
 concurrent mark-sweep generation total 393216K, used 198224K [0x00000007a8000000, 0x00000007c0000000, 0x00000007c0000000)
 Metaspace       used 36270K, capacity 36876K, committed 37136K, reserved 1081344K
  class space    used 4114K, capacity 4279K, committed 4372K, reserved 1048576K
}
2016-10-23T18:06:19.370+0800: 144.376: Total time for which application threads were stopped: 0.0064136 seconds, Stopping threads took: 0.0000817 seconds
2016-10-23T18:06:19.370+0800: 144.376: [GC (CMS Initial Mark) [1 CMS-initial-mark: 198224K(393216K)] 220466K(502464K), 0.0013699 secs] [Times: user=0.00 sys=0.00, real=0.00 secs] 
2016-10-23T18:06:19.371+0800: 144.377: Total time for which application threads were stopped: 0.0015658 seconds, Stopping threads took: 0.0000912 seconds
2016-10-23T18:06:19.371+0800: 144.377: [CMS-concurrent-mark-start]
2016-10-23T18:06:19.381+0800: 144.387: [CMS-concurrent-mark: 0.010/0.010 secs] [Times: user=0.06 sys=0.00, real=0.01 secs] 
2016-10-23T18:06:19.381+0800: 144.387: [CMS-concurrent-preclean-start]
2016-10-23T18:06:19.383+0800: 144.388: [CMS-concurrent-preclean: 0.001/0.001 secs] [Times: user=0.01 sys=0.00, real=0.00 secs] 
2016-10-23T18:06:19.383+0800: 144.388: [CMS-concurrent-abortable-preclean-start]
2016-10-23T18:06:19.437+0800: 144.443: [CMS-concurrent-abortable-preclean: 0.054/0.054 secs] [Times: user=0.19 sys=0.00, real=0.05 secs] 
2016-10-23T18:06:19.437+0800: 144.443: [GC (CMS Final Remark) [YG occupancy: 66514 K (109248 K)]{Heap before GC invocations=823 (full 16):
 par new generation   total 109248K, used 66514K [0x00000007a0000000, 0x00000007a8000000, 0x00000007a8000000)
  eden space 87424K,  51% used [0x00000007a0000000, 0x00000007a2ba49c8, 0x00000007a5560000)
  from space 21824K, 100% used [0x00000007a6ab0000, 0x00000007a8000000, 0x00000007a8000000)
  to   space 21824K,   0% used [0x00000007a5560000, 0x00000007a5560000, 0x00000007a6ab0000)
 concurrent mark-sweep generation total 393216K, used 198224K [0x00000007a8000000, 0x00000007c0000000, 0x00000007c0000000)
 Metaspace       used 36270K, capacity 36876K, committed 37136K, reserved 1081344K
  class space    used 4114K, capacity 4279K, committed 4372K, reserved 1048576K
2016-10-23T18:06:19.437+0800: 144.443: [GC (CMS Final Remark) 2016-10-23T18:06:19.437+0800: 144.443: [ParNew
Desired survivor size 20112992 bytes, new threshold 8 (max 8)
- age   1:    4051064 bytes,    4051064 total
- age   2:    2306688 bytes,    6357752 total
- age   3:    1310192 bytes,    7667944 total
- age   4:     390056 bytes,    8058000 total
- age   5:     499944 bytes,    8557944 total
- age   6:    4116560 bytes,   12674504 total
- age   7:    5140440 bytes,   17814944 total
- age   8:    1572280 bytes,   19387224 total
: 66514K->21824K(109248K), 0.0064176 secs] 264738K->223254K(502464K), 0.0064586 secs] [Times: user=0.02 sys=0.00, real=0.01 secs] 
Heap after GC invocations=824 (full 16):
 par new generation   total 109248K, used 21824K [0x00000007a0000000, 0x00000007a8000000, 0x00000007a8000000)
  eden space 87424K,   0% used [0x00000007a0000000, 0x00000007a0000000, 0x00000007a5560000)
  from space 21824K, 100% used [0x00000007a5560000, 0x00000007a6ab0000, 0x00000007a6ab0000)
  to   space 21824K,   0% used [0x00000007a6ab0000, 0x00000007a6ab0000, 0x00000007a8000000)
 concurrent mark-sweep generation total 393216K, used 201430K [0x00000007a8000000, 0x00000007c0000000, 0x00000007c0000000)
 Metaspace       used 36270K, capacity 36876K, committed 37136K, reserved 1081344K
  class space    used 4114K, capacity 4279K, committed 4372K, reserved 1048576K
}
2016-10-23T18:06:19.444+0800: 144.449: [Rescan (parallel) , 0.0024456 secs]2016-10-23T18:06:19.446+0800: 144.452: [weak refs processing, 0.0008372 secs]2016-10-23T18:06:19.447+0800: 144.453: [class unloading, 0.0084153 secs]2016-10-23T18:06:19.455+0800: 144.461: [scrub symbol table, 0.0053151 secs]2016-10-23T18:06:19.461+0800: 144.467: [scrub string table, 0.0005161 secs][1 CMS-remark: 201430K(393216K)] 223254K(502464K), 0.0242329 secs] [Times: user=0.05 sys=0.01, real=0.03 secs] 
2016-10-23T18:06:19.461+0800: 144.467: Total time for which application threads were stopped: 0.0245349 seconds, Stopping threads took: 0.0001530 seconds
2016-10-23T18:06:19.461+0800: 144.467: [CMS-concurrent-sweep-start]
2016-10-23T18:06:19.507+0800: 144.513: [CMS-concurrent-sweep: 0.046/0.046 secs] [Times: user=0.16 sys=0.00, real=0.04 secs] 
2016-10-23T18:06:19.507+0800: 144.513: [CMS-concurrent-reset-start]
2016-10-23T18:06:19.508+0800: 144.513: [CMS-concurrent-reset: 0.000/0.000 secs] [Times: user=0.00 sys=0.00, real=0.00 secs] 
{Heap before GC invocations=824 (full 16):
 par new generation   total 109248K, used 109248K [0x00000007a0000000, 0x00000007a8000000, 0x00000007a8000000)
  eden space 87424K, 100% used [0x00000007a0000000, 0x00000007a5560000, 0x00000007a5560000)
  from space 21824K, 100% used [0x00000007a5560000, 0x00000007a6ab0000, 0x00000007a6ab0000)
  to   space 21824K,   0% used [0x00000007a6ab0000, 0x00000007a6ab0000, 0x00000007a8000000)
 concurrent mark-sweep generation total 393216K, used 45050K [0x00000007a8000000, 0x00000007c0000000, 0x00000007c0000000)
 Metaspace       used 36270K, capacity 36876K, committed 37136K, reserved 1081344K
  class space    used 4114K, capacity 4279K, committed 4372K, reserved 1048576K
2016-10-23T18:06:19.593+0800: 144.599: [GC (Allocation Failure) 2016-10-23T18:06:19.593+0800: 144.599: [ParNew
Desired survivor size 20112992 bytes, new threshold 8 (max 8)
- age   1:    6611464 bytes,    6611464 total
- age   2:    2271400 bytes,    8882864 total
- age   3:    2017552 bytes,   10900416 total
- age   4:    1309784 bytes,   12210200 total
- age   5:     373656 bytes,   12583856 total
- age   6:     485448 bytes,   13069304 total
- age   7:    1353960 bytes,   14423264 total
- age   8:      74712 bytes,   14497976 total
: 109248K->21824K(109248K), 0.0056905 secs] 154298K->67068K(502464K), 0.0057573 secs] [Times: user=0.02 sys=0.00, real=0.00 secs] 
Heap after GC invocations=825 (full 16):
 par new generation   total 109248K, used 21824K [0x00000007a0000000, 0x00000007a8000000, 0x00000007a8000000)
  eden space 87424K,   0% used [0x00000007a0000000, 0x00000007a0000000, 0x00000007a5560000)
  from space 21824K, 100% used [0x00000007a6ab0000, 0x00000007a8000000, 0x00000007a8000000)
  to   space 21824K,   0% used [0x00000007a5560000, 0x00000007a5560000, 0x00000007a6ab0000)
 concurrent mark-sweep generation total 393216K, used 45244K [0x00000007a8000000, 0x00000007c0000000, 0x00000007c0000000)
 Metaspace       used 36270K, capacity 36876K, committed 37136K, reserved 1081344K
  class space    used 4114K, capacity 4279K, committed 4372K, reserved 1048576K
}
2016-10-23T18:06:19.599+0800: 144.605: Total time for which application threads were stopped: 0.0059891 seconds, Stopping threads took: 0.0000885 seconds
{Heap before GC invocations=825 (full 16):
 par new generation   total 109248K, used 109248K [0x00000007a0000000, 0x00000007a8000000, 0x00000007a8000000)
  eden space 87424K, 100% used [0x00000007a0000000, 0x00000007a5560000, 0x00000007a5560000)
  from space 21824K, 100% used [0x00000007a6ab0000, 0x00000007a8000000, 0x00000007a8000000)
  to   space 21824K,   0% used [0x00000007a5560000, 0x00000007a5560000, 0x00000007a6ab0000)
 concurrent mark-sweep generation total 393216K, used 45244K [0x00000007a8000000, 0x00000007c0000000, 0x00000007c0000000)
 Metaspace       used 36270K, capacity 36876K, committed 37136K, reserved 1081344K
  class space    used 4114K, capacity 4279K, committed 4372K, reserved 1048576K
2016-10-23T18:06:19.734+0800: 144.740: [GC (Allocation Failure) 2016-10-23T18:06:19.734+0800: 144.740: [ParNew
Desired survivor size 20112992 bytes, new threshold 8 (max 8)
- age   1:    7914208 bytes,    7914208 total
- age   2:    3240712 bytes,   11154920 total
- age   3:    2071648 bytes,   13226568 total
- age   4:    1963792 bytes,   15190360 total
- age   5:    1309104 bytes,   16499464 total
- age   6:     373656 bytes,   16873120 total
- age   7:     485448 bytes,   17358568 total
- age   8:    1385704 bytes,   18744272 total
: 109248K->21824K(109248K), 0.0073188 secs] 154492K->67141K(502464K), 0.0073750 secs] [Times: user=0.03 sys=0.00, real=0.01 secs] 
Heap after GC invocations=826 (full 16):
 par new generation   total 109248K, used 21824K [0x00000007a0000000, 0x00000007a8000000, 0x00000007a8000000)
  eden space 87424K,   0% used [0x00000007a0000000, 0x00000007a0000000, 0x00000007a5560000)
  from space 21824K, 100% used [0x00000007a5560000, 0x00000007a6ab0000, 0x00000007a6ab0000)
  to   space 21824K,   0% used [0x00000007a6ab0000, 0x00000007a6ab0000, 0x00000007a8000000)
 concurrent mark-sweep generation total 393216K, used 45317K [0x00000007a8000000, 0x00000007c0000000, 0x00000007c0000000)
 Metaspace       used 36270K, capacity 36876K, committed 37136K, reserved 1081344K
  class space    used 4114K, capacity 4279K, committed 4372K, reserved 1048576K
}
2016-10-23T18:06:19.741+0800: 144.747: Total time for which application threads were stopped: 0.0076267 seconds, Stopping threads took: 0.0000875 seconds
{Heap before GC invocations=826 (full 16):
 par new generation   total 109248K, used 109248K [0x00000007a0000000, 0x00000007a8000000, 0x00000007a8000000)
  eden space 87424K, 100% used [0x00000007a0000000, 0x00000007a5560000, 0x00000007a5560000)
  from space 21824K, 100% used [0x00000007a5560000, 0x00000007a6ab0000, 0x00000007a6ab0000)
  to   space 21824K,   0% used [0x00000007a6ab0000, 0x00000007a6ab0000, 0x00000007a8000000)
 concurrent mark-sweep generation total 393216K, used 45317K [0x00000007a8000000, 0x00000007c0000000, 0x00000007c0000000)
 Metaspace       used 36270K, capacity 36876K, committed 37136K, reserved 1081344K
  class space    used 4114K, capacity 4279K, committed 4372K, reserved 1048576K
2016-10-23T18:06:19.877+0800: 144.883: [GC (Allocation Failure) 2016-10-23T18:06:19.877+0800: 144.883: [ParNew
Desired survivor size 20112992 bytes, new threshold 6 (max 8)
- age   1:    9825624 bytes,    9825624 total
- age   2:    3621968 bytes,   13447592 total
- age   3:    2534624 bytes,   15982216 total
- age   4:    1235232 bytes,   17217448 total
- age   5:    1725408 bytes,   18942856 total
- age   6:    1199928 bytes,   20142784 total
- age   7:     323688 bytes,   20466472 total
- age   8:     418856 bytes,   20885328 total
: 109248K->21824K(109248K), 0.0091559 secs] 154565K->71427K(502464K), 0.0092197 secs] [Times: user=0.03 sys=0.00, real=0.01 secs] 
Heap after GC invocations=827 (full 16):
 par new generation   total 109248K, used 21824K [0x00000007a0000000, 0x00000007a8000000, 0x00000007a8000000)
  eden space 87424K,   0% used [0x00000007a0000000, 0x00000007a0000000, 0x00000007a5560000)
  from space 21824K, 100% used [0x00000007a6ab0000, 0x00000007a8000000, 0x00000007a8000000)
  to   space 21824K,   0% used [0x00000007a5560000, 0x00000007a5560000, 0x00000007a6ab0000)
 concurrent mark-sweep generation total 393216K, used 49603K [0x00000007a8000000, 0x00000007c0000000, 0x00000007c0000000)
 Metaspace       used 36270K, capacity 36876K, committed 37136K, reserved 1081344K
  class space    used 4114K, capacity 4279K, committed 4372K, reserved 1048576K
}
2016-10-23T18:06:19.886+0800: 144.892: Total time for which application threads were stopped: 0.0094489 seconds, Stopping threads took: 0.0000634 seconds
{Heap before GC invocations=827 (full 16):
 par new generation   total 109248K, used 109248K [0x00000007a0000000, 0x00000007a8000000, 0x00000007a8000000)
  eden space 87424K, 100% used [0x00000007a0000000, 0x00000007a5560000, 0x00000007a5560000)
  from space 21824K, 100% used [0x00000007a6ab0000, 0x00000007a8000000, 0x00000007a8000000)
  to   space 21824K,   0% used [0x00000007a5560000, 0x00000007a5560000, 0x00000007a6ab0000)
 concurrent mark-sweep generation total 393216K, used 49603K [0x00000007a8000000, 0x00000007c0000000, 0x00000007c0000000)
 Metaspace       used 36270K, capacity 36876K, committed 37136K, reserved 1081344K
  class space    used 4114K, capacity 4279K, committed 4372K, reserved 1048576K
2016-10-23T18:06:19.995+0800: 145.000: [GC (Allocation Failure) 2016-10-23T18:06:19.995+0800: 145.000: [ParNew
Desired survivor size 20112992 bytes, new threshold 6 (max 8)
- age   1:    2832832 bytes,    2832832 total
- age   2:    9264624 bytes,   12097456 total
- age   3:    3402024 bytes,   15499480 total
- age   4:    2417576 bytes,   17917056 total
- age   5:    1195552 bytes,   19112608 total
- age   6:    1660360 bytes,   20772968 total
: 109248K->21824K(109248K), 0.0071161 secs] 158851K->73409K(502464K), 0.0071699 secs] [Times: user=0.03 sys=0.00, real=0.01 secs] 
Heap after GC invocations=828 (full 16):
 par new generation   total 109248K, used 21824K [0x00000007a0000000, 0x00000007a8000000, 0x00000007a8000000)
  eden space 87424K,   0% used [0x00000007a0000000, 0x00000007a0000000, 0x00000007a5560000)
  from space 21824K, 100% used [0x00000007a5560000, 0x00000007a6ab0000, 0x00000007a6ab0000)
  to   space 21824K,   0% used [0x00000007a6ab0000, 0x00000007a6ab0000, 0x00000007a8000000)
 concurrent mark-sweep generation total 393216K, used 51585K [0x00000007a8000000, 0x00000007c0000000, 0x00000007c0000000)
 Metaspace       used 36270K, capacity 36876K, committed 37136K, reserved 1081344K
  class space    used 4114K, capacity 4279K, committed 4372K, reserved 1048576K
}
2016-10-23T18:06:20.002+0800: 145.008: Total time for which application threads were stopped: 0.0074264 seconds, Stopping threads took: 0.0000638 seconds
{Heap before GC invocations=828 (full 16):
 par new generation   total 109248K, used 109248K [0x00000007a0000000, 0x00000007a8000000, 0x00000007a8000000)
  eden space 87424K, 100% used [0x00000007a0000000, 0x00000007a5560000, 0x00000007a5560000)
  from space 21824K, 100% used [0x00000007a5560000, 0x00000007a6ab0000, 0x00000007a6ab0000)
  to   space 21824K,   0% used [0x00000007a6ab0000, 0x00000007a6ab0000, 0x00000007a8000000)
 concurrent mark-sweep generation total 393216K, used 51585K [0x00000007a8000000, 0x00000007c0000000, 0x00000007c0000000)
 Metaspace       used 36270K, capacity 36876K, committed 37136K, reserved 1081344K
  class space    used 4114K, capacity 4279K, committed 4372K, reserved 1048576K
2016-10-23T18:06:20.065+0800: 145.071: [GC (Allocation Failure) 2016-10-23T18:06:20.065+0800: 145.071: [ParNew
Desired survivor size 20112992 bytes, new threshold 8 (max 8)
- age   1:    1925576 bytes,    1925576 total
- age   2:    2200344 bytes,    4125920 total
- age   3:    8286240 bytes,   12412160 total
- age   4:    2691824 bytes,   15103984 total
- age   5:    2230952 bytes,   17334936 total
- age   6:    1074360 bytes,   18409296 total
: 109248K->21824K(109248K), 0.0065185 secs] 160833K->76488K(502464K), 0.0065810 secs] [Times: user=0.02 sys=0.00, real=0.01 secs] 
Heap after GC invocations=829 (full 16):
 par new generation   total 109248K, used 21824K [0x00000007a0000000, 0x00000007a8000000, 0x00000007a8000000)
  eden space 87424K,   0% used [0x00000007a0000000, 0x00000007a0000000, 0x00000007a5560000)
  from space 21824K, 100% used [0x00000007a6ab0000, 0x00000007a8000000, 0x00000007a8000000)
  to   space 21824K,   0% used [0x00000007a5560000, 0x00000007a5560000, 0x00000007a6ab0000)
 concurrent mark-sweep generation total 393216K, used 54664K [0x00000007a8000000, 0x00000007c0000000, 0x00000007c0000000)
 Metaspace       used 36270K, capacity 36876K, committed 37136K, reserved 1081344K
  class space    used 4114K, capacity 4279K, committed 4372K, reserved 1048576K
}
2016-10-23T18:06:20.072+0800: 145.078: Total time for which application threads were stopped: 0.0068969 seconds, Stopping threads took: 0.0000752 seconds
{Heap before GC invocations=829 (full 16):
 par new generation   total 109248K, used 109248K [0x00000007a0000000, 0x00000007a8000000, 0x00000007a8000000)
  eden space 87424K, 100% used [0x00000007a0000000, 0x00000007a5560000, 0x00000007a5560000)
  from space 21824K, 100% used [0x00000007a6ab0000, 0x00000007a8000000, 0x00000007a8000000)
  to   space 21824K,   0% used [0x00000007a5560000, 0x00000007a5560000, 0x00000007a6ab0000)
 concurrent mark-sweep generation total 393216K, used 54664K [0x00000007a8000000, 0x00000007c0000000, 0x00000007c0000000)
 Metaspace       used 36271K, capacity 36876K, committed 37136K, reserved 1081344K
  class space    used 4114K, capacity 4279K, committed 4372K, reserved 1048576K
2016-10-23T18:06:20.184+0800: 145.190: [GC (Allocation Failure) 2016-10-23T18:06:20.184+0800: 145.190: [ParNew
Desired survivor size 20112992 bytes, new threshold 8 (max 8)
- age   1:    4922184 bytes,    4922184 total
- age   2:     832336 bytes,    5754520 total
- age   3:     988736 bytes,    6743256 total
- age   4:    8083312 bytes,   14826568 total
- age   5:    2271992 bytes,   17098560 total
- age   6:    1450200 bytes,   18548760 total
- age   7:     770200 bytes,   19318960 total
: 109248K->21824K(109248K), 0.0058552 secs] 163912K->77970K(502464K), 0.0059461 secs] [Times: user=0.02 sys=0.00, real=0.01 secs] 
Heap after GC invocations=830 (full 16):
 par new generation   total 109248K, used 21824K [0x00000007a0000000, 0x00000007a8000000, 0x00000007a8000000)
  eden space 87424K,   0% used [0x00000007a0000000, 0x00000007a0000000, 0x00000007a5560000)
  from space 21824K, 100% used [0x00000007a5560000, 0x00000007a6ab0000, 0x00000007a6ab0000)
  to   space 21824K,   0% used [0x00000007a6ab0000, 0x00000007a6ab0000, 0x00000007a8000000)
 concurrent mark-sweep generation total 393216K, used 56146K [0x00000007a8000000, 0x00000007c0000000, 0x00000007c0000000)
 Metaspace       used 36271K, capacity 36876K, committed 37136K, reserved 1081344K
  class space    used 4114K, capacity 4279K, committed 4372K, reserved 1048576K
}
2016-10-23T18:06:20.190+0800: 145.196: Total time for which application threads were stopped: 0.0062180 seconds, Stopping threads took: 0.0000876 seconds
{Heap before GC invocations=830 (full 16):
 par new generation   total 109248K, used 109248K [0x00000007a0000000, 0x00000007a8000000, 0x00000007a8000000)
  eden space 87424K, 100% used [0x00000007a0000000, 0x00000007a5560000, 0x00000007a5560000)
  from space 21824K, 100% used [0x00000007a5560000, 0x00000007a6ab0000, 0x00000007a6ab0000)
  to   space 21824K,   0% used [0x00000007a6ab0000, 0x00000007a6ab0000, 0x00000007a8000000)
 concurrent mark-sweep generation total 393216K, used 56146K [0x00000007a8000000, 0x00000007c0000000, 0x00000007c0000000)
 Metaspace       used 36271K, capacity 36876K, committed 37136K, reserved 1081344K
  class space    used 4114K, capacity 4279K, committed 4372K, reserved 1048576K
2016-10-23T18:06:20.321+0800: 145.326: [GC (Allocation Failure) 2016-10-23T18:06:20.321+0800: 145.327: [ParNew
Desired survivor size 20112992 bytes, new threshold 8 (max 8)
- age   1:    4863856 bytes,    4863856 total
- age   2:    2505832 bytes,    7369688 total
- age   3:     733384 bytes,    8103072 total
- age   4:     918808 bytes,    9021880 total
- age   5:    7014912 bytes,   16036792 total
- age   6:    2264296 bytes,   18301088 total
- age   7:    1442344 bytes,   19743432 total
- age   8:     766424 bytes,   20509856 total
: 109248K->21824K(109248K), 0.0070119 secs] 165394K->81000K(502464K), 0.0070846 secs] [Times: user=0.03 sys=0.00, real=0.00 secs] 
Heap after GC invocations=831 (full 16):
 par new generation   total 109248K, used 21824K [0x00000007a0000000, 0x00000007a8000000, 0x00000007a8000000)
  eden space 87424K,   0% used [0x00000007a0000000, 0x00000007a0000000, 0x00000007a5560000)
  from space 21824K, 100% used [0x00000007a6ab0000, 0x00000007a8000000, 0x00000007a8000000)
  to   space 21824K,   0% used [0x00000007a5560000, 0x00000007a5560000, 0x00000007a6ab0000)
 concurrent mark-sweep generation total 393216K, used 59176K [0x00000007a8000000, 0x00000007c0000000, 0x00000007c0000000)
 Metaspace       used 36271K, capacity 36876K, committed 37136K, reserved 1081344K
  class space    used 4114K, capacity 4279K, committed 4372K, reserved 1048576K
}
2016-10-23T18:06:20.328+0800: 145.334: Total time for which application threads were stopped: 0.0073241 seconds, Stopping threads took: 0.0000781 seconds
{Heap before GC invocations=831 (full 16):
 par new generation   total 109248K, used 109248K [0x00000007a0000000, 0x00000007a8000000, 0x00000007a8000000)
  eden space 87424K, 100% used [0x00000007a0000000, 0x00000007a5560000, 0x00000007a5560000)
  from space 21824K, 100% used [0x00000007a6ab0000, 0x00000007a8000000, 0x00000007a8000000)
  to   space 21824K,   0% used [0x00000007a5560000, 0x00000007a5560000, 0x00000007a6ab0000)
 concurrent mark-sweep generation total 393216K, used 59176K [0x00000007a8000000, 0x00000007c0000000, 0x00000007c0000000)
 Metaspace       used 36271K, capacity 36876K, committed 37136K, reserved 1081344K
  class space    used 4114K, capacity 4279K, committed 4372K, reserved 1048576K
2016-10-23T18:06:20.441+0800: 145.447: [GC (Allocation Failure) 2016-10-23T18:06:20.441+0800: 145.447: [ParNew
Desired survivor size 20112992 bytes, new threshold 8 (max 8)
- age   1:    5155464 bytes,    5155464 total
- age   2:    2351128 bytes,    7506592 total
- age   3:    1991640 bytes,    9498232 total
- age   4:     708856 bytes,   10207088 total
- age   5:     897848 bytes,   11104936 total
- age   6:    6741552 bytes,   17846488 total
- age   7:    1778016 bytes,   19624504 total
- age   8:    1098000 bytes,   20722504 total
: 109248K->21824K(109248K), 0.0079032 secs] 168424K->84936K(502464K), 0.0079635 secs] [Times: user=0.03 sys=0.00, real=0.00 secs] 
Heap after GC invocations=832 (full 16):
