Java HotSpot(TM) 64-Bit Server VM (25.92-b14) for bsd-amd64 JRE (1.8.0_92-b14), built on Mar 31 2016 21:23:14 by "java_re" with gcc 4.2.1 (Based on Apple Inc. build 5658) (LLVM build 2336.11.00)
Memory: 4k page, physical 16777216k(530708k free)

/proc/meminfo:

CommandLine flags: -XX:CMSInitiatingOccupancyFraction=50 -XX:CMSMaxAbortablePrecleanTime=6000 -XX:+CMSParallelRemarkEnabled -XX:+CMSScavengeBeforeRemark -XX:ConcGCThreads=4 -XX:InitialHeapSize=536870912 -XX:MaxHeapSize=536870912 -XX:MaxTenuringThreshold=8 -XX:NewRatio=3 -XX:OldPLABSize=16 -XX:OnOutOfMemoryError=/Users/pparthasarathy/solr-6.2.1/bin/oom_solr.sh 8983 /Users/pparthasarathy/solr-6.2.1/server/logs -XX:ParallelGCThreads=4 -XX:+ParallelRefProcEnabled -XX:PretenureSizeThreshold=67108864 -XX:+PrintGC -XX:+PrintGCApplicationStoppedTime -XX:+PrintGCDateStamps -XX:+PrintGCDetails -XX:+PrintGCTimeStamps -XX:+PrintHeapAtGC -XX:+PrintTenuringDistribution -XX:SurvivorRatio=4 -XX:TargetSurvivorRatio=90 -XX:ThreadStackSize=256 -XX:+UseCMSInitiatingOccupancyOnly -XX:+UseCompressedClassPointers -XX:+UseCompressedOops -XX:+UseConcMarkSweepGC -XX:+UseParNewGC 
2016-10-23T20:01:03.431+0800: 0.121: Total time for which application threads were stopped: 0.0000738 seconds, Stopping threads took: 0.0000102 seconds
2016-10-23T20:01:03.484+0800: 0.175: Total time for which application threads were stopped: 0.0000788 seconds, Stopping threads took: 0.0000099 seconds
2016-10-23T20:01:03.599+0800: 0.290: Total time for which application threads were stopped: 0.0001258 seconds, Stopping threads took: 0.0000115 seconds
2016-10-23T20:01:03.719+0800: 0.410: Total time for which application threads were stopped: 0.0001731 seconds, Stopping threads took: 0.0000118 seconds
2016-10-23T20:01:03.760+0800: 0.450: Total time for which application threads were stopped: 0.0001544 seconds, Stopping threads took: 0.0000143 seconds
2016-10-23T20:01:03.771+0800: 0.461: Total time for which application threads were stopped: 0.0001713 seconds, Stopping threads took: 0.0000162 seconds
2016-10-23T20:01:03.904+0800: 0.594: Total time for which application threads were stopped: 0.0002138 seconds, Stopping threads took: 0.0000162 seconds
2016-10-23T20:01:04.040+0800: 0.731: Total time for which application threads were stopped: 0.0002667 seconds, Stopping threads took: 0.0000192 seconds
2016-10-23T20:01:04.041+0800: 0.732: Total time for which application threads were stopped: 0.0001312 seconds, Stopping threads took: 0.0000118 seconds
2016-10-23T20:01:04.044+0800: 0.734: Total time for which application threads were stopped: 0.0001230 seconds, Stopping threads took: 0.0000101 seconds
2016-10-23T20:01:04.051+0800: 0.741: Total time for which application threads were stopped: 0.0001350 seconds, Stopping threads took: 0.0000104 seconds
2016-10-23T20:01:05.053+0800: 1.744: Total time for which application threads were stopped: 0.0001762 seconds, Stopping threads took: 0.0000316 seconds
2016-10-23T20:01:07.417+0800: 4.107: Total time for which application threads were stopped: 0.0003478 seconds, Stopping threads took: 0.0000443 seconds
2016-10-23T20:01:13.483+0800: 10.173: Total time for which application threads were stopped: 0.0000917 seconds, Stopping threads took: 0.0000163 seconds
2016-10-23T20:01:13.483+0800: 10.174: Total time for which application threads were stopped: 0.0000395 seconds, Stopping threads took: 0.0000094 seconds
2016-10-23T20:01:13.483+0800: 10.174: Total time for which application threads were stopped: 0.0000529 seconds, Stopping threads took: 0.0000228 seconds
2016-10-23T20:01:13.484+0800: 10.174: Total time for which application threads were stopped: 0.0000569 seconds, Stopping threads took: 0.0000151 seconds
2016-10-23T20:01:13.484+0800: 10.175: Total time for which application threads were stopped: 0.0000644 seconds, Stopping threads took: 0.0000287 seconds
2016-10-23T20:01:13.484+0800: 10.175: Total time for which application threads were stopped: 0.0000742 seconds, Stopping threads took: 0.0000092 seconds
2016-10-23T20:01:13.485+0800: 10.175: Total time for which application threads were stopped: 0.0000750 seconds, Stopping threads took: 0.0000290 seconds
{Heap before GC invocations=0 (full 0):
 par new generation   total 109248K, used 87424K [0x00000007a0000000, 0x00000007a8000000, 0x00000007a8000000)
  eden space 87424K, 100% used [0x00000007a0000000, 0x00000007a5560000, 0x00000007a5560000)
  from space 21824K,   0% used [0x00000007a5560000, 0x00000007a5560000, 0x00000007a6ab0000)
  to   space 21824K,   0% used [0x00000007a6ab0000, 0x00000007a6ab0000, 0x00000007a8000000)
 concurrent mark-sweep generation total 393216K, used 0K [0x00000007a8000000, 0x00000007c0000000, 0x00000007c0000000)
 Metaspace       used 17545K, capacity 17784K, committed 18048K, reserved 1064960K
  class space    used 2072K, capacity 2163K, committed 2176K, reserved 1048576K
2016-10-23T20:01:13.485+0800: 10.176: [GC (Allocation Failure) 2016-10-23T20:01:13.485+0800: 10.176: [ParNew
Desired survivor size 20112992 bytes, new threshold 8 (max 8)
- age   1:   10225592 bytes,   10225592 total
: 87424K->10087K(109248K), 0.0111005 secs] 87424K->10087K(502464K), 0.0111700 secs] [Times: user=0.03 sys=0.01, real=0.01 secs] 
Heap after GC invocations=1 (full 0):
 par new generation   total 109248K, used 10087K [0x00000007a0000000, 0x00000007a8000000, 0x00000007a8000000)
  eden space 87424K,   0% used [0x00000007a0000000, 0x00000007a0000000, 0x00000007a5560000)
  from space 21824K,  46% used [0x00000007a6ab0000, 0x00000007a7489d70, 0x00000007a8000000)
  to   space 21824K,   0% used [0x00000007a5560000, 0x00000007a5560000, 0x00000007a6ab0000)
 concurrent mark-sweep generation total 393216K, used 0K [0x00000007a8000000, 0x00000007c0000000, 0x00000007c0000000)
 Metaspace       used 17545K, capacity 17784K, committed 18048K, reserved 1064960K
  class space    used 2072K, capacity 2163K, committed 2176K, reserved 1048576K
}
2016-10-23T20:01:13.496+0800: 10.187: Total time for which application threads were stopped: 0.0113354 seconds, Stopping threads took: 0.0000306 seconds
2016-10-23T20:01:13.497+0800: 10.187: Total time for which application threads were stopped: 0.0001141 seconds, Stopping threads took: 0.0000640 seconds
2016-10-23T20:01:13.500+0800: 10.190: Total time for which application threads were stopped: 0.0000858 seconds, Stopping threads took: 0.0000361 seconds
2016-10-23T20:01:13.500+0800: 10.191: Total time for which application threads were stopped: 0.0000865 seconds, Stopping threads took: 0.0000399 seconds
2016-10-23T20:01:13.504+0800: 10.194: Total time for which application threads were stopped: 0.0002125 seconds, Stopping threads took: 0.0000406 seconds
2016-10-23T20:01:13.504+0800: 10.195: Total time for which application threads were stopped: 0.0001043 seconds, Stopping threads took: 0.0000649 seconds
2016-10-23T20:01:13.505+0800: 10.195: Total time for which application threads were stopped: 0.0000586 seconds, Stopping threads took: 0.0000101 seconds
2016-10-23T20:01:13.505+0800: 10.195: Total time for which application threads were stopped: 0.0000668 seconds, Stopping threads took: 0.0000248 seconds
2016-10-23T20:01:13.505+0800: 10.196: Total time for which application threads were stopped: 0.0000637 seconds, Stopping threads took: 0.0000259 seconds
2016-10-23T20:01:13.507+0800: 10.198: Total time for which application threads were stopped: 0.0000594 seconds, Stopping threads took: 0.0000077 seconds
2016-10-23T20:01:13.507+0800: 10.198: Total time for which application threads were stopped: 0.0000913 seconds, Stopping threads took: 0.0000485 seconds
2016-10-23T20:01:13.508+0800: 10.198: Total time for which application threads were stopped: 0.0000943 seconds, Stopping threads took: 0.0000499 seconds
2016-10-23T20:01:13.508+0800: 10.199: Total time for which application threads were stopped: 0.0000950 seconds, Stopping threads took: 0.0000528 seconds
2016-10-23T20:01:13.510+0800: 10.200: Total time for which application threads were stopped: 0.0001145 seconds, Stopping threads took: 0.0000489 seconds
2016-10-23T20:01:13.510+0800: 10.201: Total time for which application threads were stopped: 0.0001550 seconds, Stopping threads took: 0.0000259 seconds
2016-10-23T20:01:13.511+0800: 10.201: Total time for which application threads were stopped: 0.0002641 seconds, Stopping threads took: 0.0000435 seconds
2016-10-23T20:01:13.518+0800: 10.209: Total time for which application threads were stopped: 0.0002171 seconds, Stopping threads took: 0.0000133 seconds
2016-10-23T20:01:13.522+0800: 10.213: Total time for which application threads were stopped: 0.0000922 seconds, Stopping threads took: 0.0000416 seconds
2016-10-23T20:01:13.527+0800: 10.218: Total time for which application threads were stopped: 0.0000866 seconds, Stopping threads took: 0.0000350 seconds
2016-10-23T20:01:13.528+0800: 10.219: Total time for which application threads were stopped: 0.0001052 seconds, Stopping threads took: 0.0000369 seconds
2016-10-23T20:01:13.529+0800: 10.220: Total time for which application threads were stopped: 0.0001095 seconds, Stopping threads took: 0.0000663 seconds
2016-10-23T20:01:13.530+0800: 10.221: Total time for which application threads were stopped: 0.0000758 seconds, Stopping threads took: 0.0000352 seconds
2016-10-23T20:01:13.531+0800: 10.222: Total time for which application threads were stopped: 0.0001126 seconds, Stopping threads took: 0.0000446 seconds
2016-10-23T20:01:13.535+0800: 10.226: Total time for which application threads were stopped: 0.0001560 seconds, Stopping threads took: 0.0000407 seconds
2016-10-23T20:01:13.552+0800: 10.243: Total time for which application threads were stopped: 0.0002383 seconds, Stopping threads took: 0.0000175 seconds
2016-10-23T20:01:13.842+0800: 10.532: Total time for which application threads were stopped: 0.0003594 seconds, Stopping threads took: 0.0000175 seconds
2016-10-23T20:01:13.843+0800: 10.533: Total time for which application threads were stopped: 0.0000685 seconds, Stopping threads took: 0.0000236 seconds
2016-10-23T20:01:13.843+0800: 10.533: Total time for which application threads were stopped: 0.0000332 seconds, Stopping threads took: 0.0000060 seconds
2016-10-23T20:01:13.848+0800: 10.538: Total time for which application threads were stopped: 0.0000634 seconds, Stopping threads took: 0.0000222 seconds
2016-10-23T20:01:13.848+0800: 10.538: Total time for which application threads were stopped: 0.0000511 seconds, Stopping threads took: 0.0000229 seconds
2016-10-23T20:01:13.848+0800: 10.538: Total time for which application threads were stopped: 0.0000416 seconds, Stopping threads took: 0.0000063 seconds
2016-10-23T20:01:13.868+0800: 10.558: Total time for which application threads were stopped: 0.0000538 seconds, Stopping threads took: 0.0000121 seconds
2016-10-23T20:01:13.868+0800: 10.558: Total time for which application threads were stopped: 0.0000575 seconds, Stopping threads took: 0.0000263 seconds
2016-10-23T20:01:13.868+0800: 10.559: Total time for which application threads were stopped: 0.0000612 seconds, Stopping threads took: 0.0000101 seconds
2016-10-23T20:01:13.868+0800: 10.559: Total time for which application threads were stopped: 0.0000835 seconds, Stopping threads took: 0.0000549 seconds
2016-10-23T20:01:13.868+0800: 10.559: Total time for which application threads were stopped: 0.0000331 seconds, Stopping threads took: 0.0000079 seconds
2016-10-23T20:01:13.869+0800: 10.559: Total time for which application threads were stopped: 0.0000531 seconds, Stopping threads took: 0.0000102 seconds
2016-10-23T20:01:13.869+0800: 10.560: Total time for which application threads were stopped: 0.0000556 seconds, Stopping threads took: 0.0000236 seconds
2016-10-23T20:01:13.869+0800: 10.560: Total time for which application threads were stopped: 0.0000824 seconds, Stopping threads took: 0.0000458 seconds
2016-10-23T20:01:13.869+0800: 10.560: Total time for which application threads were stopped: 0.0000712 seconds, Stopping threads took: 0.0000297 seconds
2016-10-23T20:01:13.869+0800: 10.560: Total time for which application threads were stopped: 0.0000629 seconds, Stopping threads took: 0.0000246 seconds
2016-10-23T20:01:13.870+0800: 10.560: Total time for which application threads were stopped: 0.0000628 seconds, Stopping threads took: 0.0000237 seconds
2016-10-23T20:01:13.870+0800: 10.560: Total time for which application threads were stopped: 0.0000692 seconds, Stopping threads took: 0.0000122 seconds
2016-10-23T20:01:13.870+0800: 10.561: Total time for which application threads were stopped: 0.0000618 seconds, Stopping threads took: 0.0000272 seconds
2016-10-23T20:01:13.871+0800: 10.562: Total time for which application threads were stopped: 0.0001149 seconds, Stopping threads took: 0.0000379 seconds
2016-10-23T20:01:13.871+0800: 10.562: Total time for which application threads were stopped: 0.0000465 seconds, Stopping threads took: 0.0000129 seconds
2016-10-23T20:01:13.875+0800: 10.566: Total time for which application threads were stopped: 0.0000746 seconds, Stopping threads took: 0.0000128 seconds
2016-10-23T20:01:13.875+0800: 10.566: Total time for which application threads were stopped: 0.0000735 seconds, Stopping threads took: 0.0000355 seconds
2016-10-23T20:01:13.880+0800: 10.571: Total time for which application threads were stopped: 0.0000713 seconds, Stopping threads took: 0.0000258 seconds
2016-10-23T20:01:13.880+0800: 10.571: Total time for which application threads were stopped: 0.0000550 seconds, Stopping threads took: 0.0000184 seconds
2016-10-23T20:01:14.880+0800: 11.571: Total time for which application threads were stopped: 0.0001065 seconds, Stopping threads took: 0.0000198 seconds
2016-10-23T20:01:25.938+0800: 22.629: Total time for which application threads were stopped: 0.0001100 seconds, Stopping threads took: 0.0000269 seconds
2016-10-23T20:01:25.938+0800: 22.629: Total time for which application threads were stopped: 0.0000473 seconds, Stopping threads took: 0.0000085 seconds
2016-10-23T20:01:25.943+0800: 22.634: Total time for which application threads were stopped: 0.0000879 seconds, Stopping threads took: 0.0000307 seconds
2016-10-23T20:01:25.943+0800: 22.634: Total time for which application threads were stopped: 0.0000698 seconds, Stopping threads took: 0.0000272 seconds
2016-10-23T20:01:25.973+0800: 22.664: Total time for which application threads were stopped: 0.0000826 seconds, Stopping threads took: 0.0000166 seconds
2016-10-23T20:01:25.974+0800: 22.665: Total time for which application threads were stopped: 0.0000630 seconds, Stopping threads took: 0.0000174 seconds
2016-10-23T20:01:25.979+0800: 22.670: Total time for which application threads were stopped: 0.0000734 seconds, Stopping threads took: 0.0000149 seconds
2016-10-23T20:01:25.979+0800: 22.670: Total time for which application threads were stopped: 0.0000741 seconds, Stopping threads took: 0.0000273 seconds
2016-10-23T20:01:26.022+0800: 22.713: Total time for which application threads were stopped: 0.0002601 seconds, Stopping threads took: 0.0000166 seconds
2016-10-23T20:01:26.096+0800: 22.787: Total time for which application threads were stopped: 0.0001429 seconds, Stopping threads took: 0.0000342 seconds
2016-10-23T20:01:26.109+0800: 22.800: Total time for which application threads were stopped: 0.0000789 seconds, Stopping threads took: 0.0000159 seconds
2016-10-23T20:01:26.133+0800: 22.824: Total time for which application threads were stopped: 0.0000969 seconds, Stopping threads took: 0.0000270 seconds
2016-10-23T20:01:26.181+0800: 22.872: Total time for which application threads were stopped: 0.0001087 seconds, Stopping threads took: 0.0000166 seconds
2016-10-23T20:01:26.195+0800: 22.886: Total time for which application threads were stopped: 0.0002378 seconds, Stopping threads took: 0.0000141 seconds
2016-10-23T20:01:26.217+0800: 22.908: Total time for which application threads were stopped: 0.0002092 seconds, Stopping threads took: 0.0000118 seconds
2016-10-23T20:01:26.228+0800: 22.919: Total time for which application threads were stopped: 0.0001643 seconds, Stopping threads took: 0.0001050 seconds
2016-10-23T20:01:26.247+0800: 22.938: Total time for which application threads were stopped: 0.0000783 seconds, Stopping threads took: 0.0000182 seconds
2016-10-23T20:01:26.286+0800: 22.976: Total time for which application threads were stopped: 0.0003271 seconds, Stopping threads took: 0.0000252 seconds
2016-10-23T20:01:26.303+0800: 22.994: Total time for which application threads were stopped: 0.0001678 seconds, Stopping threads took: 0.0000173 seconds
{Heap before GC invocations=1 (full 0):
 par new generation   total 109248K, used 97511K [0x00000007a0000000, 0x00000007a8000000, 0x00000007a8000000)
  eden space 87424K, 100% used [0x00000007a0000000, 0x00000007a5560000, 0x00000007a5560000)
  from space 21824K,  46% used [0x00000007a6ab0000, 0x00000007a7489d70, 0x00000007a8000000)
  to   space 21824K,   0% used [0x00000007a5560000, 0x00000007a5560000, 0x00000007a6ab0000)
 concurrent mark-sweep generation total 393216K, used 0K [0x00000007a8000000, 0x00000007c0000000, 0x00000007c0000000)
 Metaspace       used 23021K, capacity 23310K, committed 23620K, reserved 1071104K
  class space    used 2736K, capacity 2854K, committed 2912K, reserved 1048576K
2016-10-23T20:01:26.318+0800: 23.009: [GC (Allocation Failure) 2016-10-23T20:01:26.318+0800: 23.009: [ParNew
Desired survivor size 20112992 bytes, new threshold 8 (max 8)
- age   1:    6347576 bytes,    6347576 total
- age   2:    4926312 bytes,   11273888 total
: 97511K->14315K(109248K), 0.0102499 secs] 97511K->14315K(502464K), 0.0103105 secs] [Times: user=0.04 sys=0.01, real=0.01 secs] 
Heap after GC invocations=2 (full 0):
 par new generation   total 109248K, used 14315K [0x00000007a0000000, 0x00000007a8000000, 0x00000007a8000000)
  eden space 87424K,   0% used [0x00000007a0000000, 0x00000007a0000000, 0x00000007a5560000)
  from space 21824K,  65% used [0x00000007a5560000, 0x00000007a635ad60, 0x00000007a6ab0000)
  to   space 21824K,   0% used [0x00000007a6ab0000, 0x00000007a6ab0000, 0x00000007a8000000)
 concurrent mark-sweep generation total 393216K, used 0K [0x00000007a8000000, 0x00000007c0000000, 0x00000007c0000000)
 Metaspace       used 23021K, capacity 23310K, committed 23620K, reserved 1071104K
  class space    used 2736K, capacity 2854K, committed 2912K, reserved 1048576K
}
2016-10-23T20:01:26.329+0800: 23.020: Total time for which application threads were stopped: 0.0104555 seconds, Stopping threads took: 0.0000183 seconds
2016-10-23T20:01:26.329+0800: 23.020: [GC (CMS Initial Mark) [1 CMS-initial-mark: 0K(393216K)] 15861K(502464K), 0.0021083 secs] [Times: user=0.00 sys=0.00, real=0.01 secs] 
2016-10-23T20:01:26.331+0800: 23.022: Total time for which application threads were stopped: 0.0022141 seconds, Stopping threads took: 0.0000289 seconds
2016-10-23T20:01:26.331+0800: 23.022: [CMS-concurrent-mark-start]
2016-10-23T20:01:26.331+0800: 23.022: [CMS-concurrent-mark: 0.000/0.000 secs] [Times: user=0.01 sys=0.00, real=0.00 secs] 
2016-10-23T20:01:26.331+0800: 23.022: [CMS-concurrent-preclean-start]
2016-10-23T20:01:26.332+0800: 23.023: [CMS-concurrent-preclean: 0.001/0.001 secs] [Times: user=0.00 sys=0.00, real=0.00 secs] 
2016-10-23T20:01:26.332+0800: 23.023: Total time for which application threads were stopped: 0.0001006 seconds, Stopping threads took: 0.0000331 seconds
2016-10-23T20:01:26.332+0800: 23.023: [GC (CMS Final Remark) [YG occupancy: 15861 K (109248 K)]{Heap before GC invocations=2 (full 1):
 par new generation   total 109248K, used 15861K [0x00000007a0000000, 0x00000007a8000000, 0x00000007a8000000)
  eden space 87424K,   1% used [0x00000007a0000000, 0x00000007a0182770, 0x00000007a5560000)
  from space 21824K,  65% used [0x00000007a5560000, 0x00000007a635ad60, 0x00000007a6ab0000)
  to   space 21824K,   0% used [0x00000007a6ab0000, 0x00000007a6ab0000, 0x00000007a8000000)
 concurrent mark-sweep generation total 393216K, used 0K [0x00000007a8000000, 0x00000007c0000000, 0x00000007c0000000)
 Metaspace       used 23027K, capacity 23374K, committed 23620K, reserved 1071104K
  class space    used 2736K, capacity 2854K, committed 2912K, reserved 1048576K
2016-10-23T20:01:26.332+0800: 23.023: [GC (CMS Final Remark) 2016-10-23T20:01:26.332+0800: 23.023: [ParNew
Desired survivor size 20112992 bytes, new threshold 8 (max 8)
- age   1:      99776 bytes,      99776 total
- age   2:    2539544 bytes,    2639320 total
- age   3:    4924696 bytes,    7564016 total
: 15861K->10008K(109248K), 0.0062142 secs] 15861K->10008K(502464K), 0.0062565 secs] [Times: user=0.03 sys=0.00, real=0.00 secs] 
Heap after GC invocations=3 (full 1):
 par new generation   total 109248K, used 10008K [0x00000007a0000000, 0x00000007a8000000, 0x00000007a8000000)
  eden space 87424K,   0% used [0x00000007a0000000, 0x00000007a0000000, 0x00000007a5560000)
  from space 21824K,  45% used [0x00000007a6ab0000, 0x00000007a7476058, 0x00000007a8000000)
  to   space 21824K,   0% used [0x00000007a5560000, 0x00000007a5560000, 0x00000007a6ab0000)
 concurrent mark-sweep generation total 393216K, used 0K [0x00000007a8000000, 0x00000007c0000000, 0x00000007c0000000)
 Metaspace       used 23027K, capacity 23374K, committed 23620K, reserved 1071104K
  class space    used 2736K, capacity 2854K, committed 2912K, reserved 1048576K
}
2016-10-23T20:01:26.339+0800: 23.030: [Rescan (parallel) , 0.0019089 secs]2016-10-23T20:01:26.341+0800: 23.032: [weak refs processing, 0.0007439 secs]2016-10-23T20:01:26.341+0800: 23.032: [class unloading, 0.0027763 secs]2016-10-23T20:01:26.344+0800: 23.035: [scrub symbol table, 0.0030485 secs]2016-10-23T20:01:26.347+0800: 23.038: [scrub string table, 0.0002642 secs][1 CMS-remark: 0K(393216K)] 10008K(502464K), 0.0158059 secs] [Times: user=0.06 sys=0.00, real=0.01 secs] 
2016-10-23T20:01:26.348+0800: 23.039: Total time for which application threads were stopped: 0.0159047 seconds, Stopping threads took: 0.0000226 seconds
2016-10-23T20:01:26.348+0800: 23.039: [CMS-concurrent-sweep-start]
2016-10-23T20:01:26.348+0800: 23.039: Total time for which application threads were stopped: 0.0000989 seconds, Stopping threads took: 0.0000331 seconds
2016-10-23T20:01:26.348+0800: 23.039: [CMS-concurrent-sweep: 0.000/0.000 secs] [Times: user=0.00 sys=0.00, real=0.00 secs] 
2016-10-23T20:01:26.349+0800: 23.040: Total time for which application threads were stopped: 0.0001322 seconds, Stopping threads took: 0.0000683 seconds
2016-10-23T20:01:26.349+0800: 23.040: [CMS-concurrent-reset-start]
2016-10-23T20:01:26.349+0800: 23.040: Total time for which application threads were stopped: 0.0000984 seconds, Stopping threads took: 0.0000608 seconds
2016-10-23T20:01:26.352+0800: 23.043: [CMS-concurrent-reset: 0.003/0.003 secs] [Times: user=0.02 sys=0.00, real=0.01 secs] 
2016-10-23T20:01:26.450+0800: 23.141: Total time for which application threads were stopped: 0.0001311 seconds, Stopping threads took: 0.0000332 seconds
{Heap before GC invocations=3 (full 1):
 par new generation   total 109248K, used 97432K [0x00000007a0000000, 0x00000007a8000000, 0x00000007a8000000)
  eden space 87424K, 100% used [0x00000007a0000000, 0x00000007a5560000, 0x00000007a5560000)
  from space 21824K,  45% used [0x00000007a6ab0000, 0x00000007a7476058, 0x00000007a8000000)
  to   space 21824K,   0% used [0x00000007a5560000, 0x00000007a5560000, 0x00000007a6ab0000)
 concurrent mark-sweep generation total 393216K, used 0K [0x00000007a8000000, 0x00000007c0000000, 0x00000007c0000000)
 Metaspace       used 23936K, capacity 24370K, committed 24516K, reserved 1071104K
  class space    used 2859K, capacity 2988K, committed 3040K, reserved 1048576K
2016-10-23T20:01:26.475+0800: 23.166: [GC (Allocation Failure) 2016-10-23T20:01:26.475+0800: 23.166: [ParNew
Desired survivor size 20112992 bytes, new threshold 8 (max 8)
- age   1:     994472 bytes,     994472 total
- age   2:        400 bytes,     994872 total
- age   3:    2522800 bytes,    3517672 total
- age   4:    4924272 bytes,    8441944 total
: 97432K->11676K(109248K), 0.0070877 secs] 97432K->11676K(502464K), 0.0071548 secs] [Times: user=0.02 sys=0.00, real=0.01 secs] 
Heap after GC invocations=4 (full 1):
 par new generation   total 109248K, used 11676K [0x00000007a0000000, 0x00000007a8000000, 0x00000007a8000000)
  eden space 87424K,   0% used [0x00000007a0000000, 0x00000007a0000000, 0x00000007a5560000)
  from space 21824K,  53% used [0x00000007a5560000, 0x00000007a60c7398, 0x00000007a6ab0000)
  to   space 21824K,   0% used [0x00000007a6ab0000, 0x00000007a6ab0000, 0x00000007a8000000)
 concurrent mark-sweep generation total 393216K, used 0K [0x00000007a8000000, 0x00000007c0000000, 0x00000007c0000000)
 Metaspace       used 23936K, capacity 24370K, committed 24516K, reserved 1071104K
  class space    used 2859K, capacity 2988K, committed 3040K, reserved 1048576K
}
2016-10-23T20:01:26.482+0800: 23.173: Total time for which application threads were stopped: 0.0073189 seconds, Stopping threads took: 0.0000264 seconds
2016-10-23T20:01:26.552+0800: 23.243: Total time for which application threads were stopped: 0.0001619 seconds, Stopping threads took: 0.0000464 seconds
2016-10-23T20:01:26.557+0800: 23.248: Total time for which application threads were stopped: 0.0000795 seconds, Stopping threads took: 0.0000108 seconds
2016-10-23T20:01:26.559+0800: 23.250: Total time for which application threads were stopped: 0.0000627 seconds, Stopping threads took: 0.0000102 seconds
2016-10-23T20:01:26.559+0800: 23.250: Total time for which application threads were stopped: 0.0000708 seconds, Stopping threads took: 0.0000301 seconds
2016-10-23T20:01:26.610+0800: 23.301: Total time for which application threads were stopped: 0.0003455 seconds, Stopping threads took: 0.0000269 seconds
2016-10-23T20:01:26.642+0800: 23.333: Total time for which application threads were stopped: 0.0001054 seconds, Stopping threads took: 0.0000249 seconds
2016-10-23T20:01:26.673+0800: 23.364: Total time for which application threads were stopped: 0.0001119 seconds, Stopping threads took: 0.0000281 seconds
2016-10-23T20:01:26.701+0800: 23.392: Total time for which application threads were stopped: 0.0004796 seconds, Stopping threads took: 0.0000196 seconds
2016-10-23T20:01:26.709+0800: 23.400: Total time for which application threads were stopped: 0.0002738 seconds, Stopping threads took: 0.0000158 seconds
2016-10-23T20:01:26.761+0800: 23.452: Total time for which application threads were stopped: 0.0001590 seconds, Stopping threads took: 0.0000323 seconds
2016-10-23T20:01:26.762+0800: 23.453: Total time for which application threads were stopped: 0.0000837 seconds, Stopping threads took: 0.0000094 seconds
2016-10-23T20:01:26.765+0800: 23.456: Total time for which application threads were stopped: 0.0000435 seconds, Stopping threads took: 0.0000098 seconds
{Heap before GC invocations=4 (full 1):
 par new generation   total 109248K, used 99100K [0x00000007a0000000, 0x00000007a8000000, 0x00000007a8000000)
  eden space 87424K, 100% used [0x00000007a0000000, 0x00000007a5560000, 0x00000007a5560000)
  from space 21824K,  53% used [0x00000007a5560000, 0x00000007a60c7398, 0x00000007a6ab0000)
  to   space 21824K,   0% used [0x00000007a6ab0000, 0x00000007a6ab0000, 0x00000007a8000000)
 concurrent mark-sweep generation total 393216K, used 0K [0x00000007a8000000, 0x00000007c0000000, 0x00000007c0000000)
 Metaspace       used 27530K, capacity 28012K, committed 28356K, reserved 1075200K
  class space    used 3319K, capacity 3457K, committed 3552K, reserved 1048576K
2016-10-23T20:01:26.824+0800: 23.515: [GC (Allocation Failure) 2016-10-23T20:01:26.824+0800: 23.515: [ParNew
Desired survivor size 20112992 bytes, new threshold 8 (max 8)
- age   1:    4250064 bytes,    4250064 total
- age   2:     324768 bytes,    4574832 total
- age   3:        376 bytes,    4575208 total
- age   4:    1811432 bytes,    6386640 total
- age   5:    4919352 bytes,   11305992 total
: 99100K->13431K(109248K), 0.0072441 secs] 99100K->13431K(502464K), 0.0073448 secs] [Times: user=0.03 sys=0.00, real=0.01 secs] 
Heap after GC invocations=5 (full 1):
 par new generation   total 109248K, used 13431K [0x00000007a0000000, 0x00000007a8000000, 0x00000007a8000000)
  eden space 87424K,   0% used [0x00000007a0000000, 0x00000007a0000000, 0x00000007a5560000)
  from space 21824K,  61% used [0x00000007a6ab0000, 0x00000007a77cdc50, 0x00000007a8000000)
  to   space 21824K,   0% used [0x00000007a5560000, 0x00000007a5560000, 0x00000007a6ab0000)
 concurrent mark-sweep generation total 393216K, used 0K [0x00000007a8000000, 0x00000007c0000000, 0x00000007c0000000)
 Metaspace       used 27530K, capacity 28012K, committed 28356K, reserved 1075200K
  class space    used 3319K, capacity 3457K, committed 3552K, reserved 1048576K
}
2016-10-23T20:01:26.832+0800: 23.523: Total time for which application threads were stopped: 0.0075026 seconds, Stopping threads took: 0.0000255 seconds
2016-10-23T20:01:26.959+0800: 23.650: Total time for which application threads were stopped: 0.0001439 seconds, Stopping threads took: 0.0000172 seconds
2016-10-23T20:01:27.028+0800: 23.719: Total time for which application threads were stopped: 0.0001181 seconds, Stopping threads took: 0.0000342 seconds
2016-10-23T20:01:28.034+0800: 24.725: Total time for which application threads were stopped: 0.0002158 seconds, Stopping threads took: 0.0000521 seconds
2016-10-23T20:01:33.510+0800: 30.201: Total time for which application threads were stopped: 0.0003728 seconds, Stopping threads took: 0.0000171 seconds
2016-10-23T20:01:33.621+0800: 30.312: Total time for which application threads were stopped: 0.0002101 seconds, Stopping threads took: 0.0000207 seconds
{Heap before GC invocations=5 (full 1):
 par new generation   total 109248K, used 100855K [0x00000007a0000000, 0x00000007a8000000, 0x00000007a8000000)
  eden space 87424K, 100% used [0x00000007a0000000, 0x00000007a5560000, 0x00000007a5560000)
  from space 21824K,  61% used [0x00000007a6ab0000, 0x00000007a77cdc50, 0x00000007a8000000)
  to   space 21824K,   0% used [0x00000007a5560000, 0x00000007a5560000, 0x00000007a6ab0000)
 concurrent mark-sweep generation total 393216K, used 0K [0x00000007a8000000, 0x00000007c0000000, 0x00000007c0000000)
 Metaspace       used 31170K, capacity 31672K, committed 32068K, reserved 1077248K
  class space    used 3684K, capacity 3835K, committed 3936K, reserved 1048576K
2016-10-23T20:01:33.791+0800: 30.482: [GC (Allocation Failure) 2016-10-23T20:01:33.791+0800: 30.482: [ParNew
Desired survivor size 20112992 bytes, new threshold 8 (max 8)
- age   1:   12284152 bytes,   12284152 total
- age   2:     857408 bytes,   13141560 total
- age   3:     319432 bytes,   13460992 total
- age   4:        376 bytes,   13461368 total
- age   5:    1756872 bytes,   15218240 total
- age   6:    4867240 bytes,   20085480 total
: 100855K->21824K(109248K), 0.0120070 secs] 100855K->22384K(502464K), 0.0120669 secs] [Times: user=0.04 sys=0.00, real=0.01 secs] 
Heap after GC invocations=6 (full 1):
 par new generation   total 109248K, used 21824K [0x00000007a0000000, 0x00000007a8000000, 0x00000007a8000000)
  eden space 87424K,   0% used [0x00000007a0000000, 0x00000007a0000000, 0x00000007a5560000)
  from space 21824K, 100% used [0x00000007a5560000, 0x00000007a6ab0000, 0x00000007a6ab0000)
  to   space 21824K,   0% used [0x00000007a6ab0000, 0x00000007a6ab0000, 0x00000007a8000000)
 concurrent mark-sweep generation total 393216K, used 560K [0x00000007a8000000, 0x00000007c0000000, 0x00000007c0000000)
 Metaspace       used 31170K, capacity 31672K, committed 32068K, reserved 1077248K
  class space    used 3684K, capacity 3835K, committed 3936K, reserved 1048576K
}
2016-10-23T20:01:33.803+0800: 30.494: Total time for which application threads were stopped: 0.0122917 seconds, Stopping threads took: 0.0000167 seconds
2016-10-23T20:01:33.804+0800: 30.495: Total time for which application threads were stopped: 0.0001464 seconds, Stopping threads took: 0.0000728 seconds
{Heap before GC invocations=6 (full 1):
 par new generation   total 109248K, used 109248K [0x00000007a0000000, 0x00000007a8000000, 0x00000007a8000000)
  eden space 87424K, 100% used [0x00000007a0000000, 0x00000007a5560000, 0x00000007a5560000)
  from space 21824K, 100% used [0x00000007a5560000, 0x00000007a6ab0000, 0x00000007a6ab0000)
  to   space 21824K,   0% used [0x00000007a6ab0000, 0x00000007a6ab0000, 0x00000007a8000000)
 concurrent mark-sweep generation total 393216K, used 560K [0x00000007a8000000, 0x00000007c0000000, 0x00000007c0000000)
 Metaspace       used 31262K, capacity 31736K, committed 32068K, reserved 1077248K
  class space    used 3685K, capacity 3835K, committed 3936K, reserved 1048576K
2016-10-23T20:01:34.131+0800: 30.822: [GC (Allocation Failure) 2016-10-23T20:01:34.131+0800: 30.822: [ParNew
Desired survivor size 20112992 bytes, new threshold 8 (max 8)
- age   1:    3734480 bytes,    3734480 total
- age   2:    7481520 bytes,   11216000 total
- age   3:     857368 bytes,   12073368 total
- age   4:     319432 bytes,   12392800 total
- age   5:        376 bytes,   12393176 total
- age   6:    1756872 bytes,   14150048 total
- age   7:    4867112 bytes,   19017160 total
: 109248K->21824K(109248K), 0.0119744 secs] 109808K->22816K(502464K), 0.0120479 secs] [Times: user=0.04 sys=0.01, real=0.01 secs] 
Heap after GC invocations=7 (full 1):
 par new generation   total 109248K, used 21824K [0x00000007a0000000, 0x00000007a8000000, 0x00000007a8000000)
  eden space 87424K,   0% used [0x00000007a0000000, 0x00000007a0000000, 0x00000007a5560000)
  from space 21824K, 100% used [0x00000007a6ab0000, 0x00000007a8000000, 0x00000007a8000000)
  to   space 21824K,   0% used [0x00000007a5560000, 0x00000007a5560000, 0x00000007a6ab0000)
 concurrent mark-sweep generation total 393216K, used 992K [0x00000007a8000000, 0x00000007c0000000, 0x00000007c0000000)
 Metaspace       used 31262K, capacity 31736K, committed 32068K, reserved 1077248K
  class space    used 3685K, capacity 3835K, committed 3936K, reserved 1048576K
}
2016-10-23T20:01:34.143+0800: 30.834: Total time for which application threads were stopped: 0.0122867 seconds, Stopping threads took: 0.0000405 seconds
{Heap before GC invocations=7 (full 1):
 par new generation   total 109248K, used 109248K [0x00000007a0000000, 0x00000007a8000000, 0x00000007a8000000)
  eden space 87424K, 100% used [0x00000007a0000000, 0x00000007a5560000, 0x00000007a5560000)
  from space 21824K, 100% used [0x00000007a6ab0000, 0x00000007a8000000, 0x00000007a8000000)
  to   space 21824K,   0% used [0x00000007a5560000, 0x00000007a5560000, 0x00000007a6ab0000)
 concurrent mark-sweep generation total 393216K, used 992K [0x00000007a8000000, 0x00000007c0000000, 0x00000007c0000000)
 Metaspace       used 31265K, capacity 31736K, committed 32068K, reserved 1077248K
  class space    used 3685K, capacity 3835K, committed 3936K, reserved 1048576K
2016-10-23T20:01:34.403+0800: 31.094: [GC (Allocation Failure) 2016-10-23T20:01:34.403+0800: 31.094: [ParNew
Desired survivor size 20112992 bytes, new threshold 8 (max 8)
- age   1:    4043368 bytes,    4043368 total
- age   2:    1833808 bytes,    5877176 total
- age   3:    7034008 bytes,   12911184 total
- age   4:     857368 bytes,   13768552 total
- age   5:     319432 bytes,   14087984 total
- age   6:        376 bytes,   14088360 total
- age   7:    1756872 bytes,   15845232 total
- age   8:    4867192 bytes,   20712424 total
: 109248K->21824K(109248K), 0.0127082 secs] 110240K->24748K(502464K), 0.0127735 secs] [Times: user=0.05 sys=0.00, real=0.01 secs] 
Heap after GC invocations=8 (full 1):
 par new generation   total 109248K, used 21824K [0x00000007a0000000, 0x00000007a8000000, 0x00000007a8000000)
  eden space 87424K,   0% used [0x00000007a0000000, 0x00000007a0000000, 0x00000007a5560000)
  from space 21824K, 100% used [0x00000007a5560000, 0x00000007a6ab0000, 0x00000007a6ab0000)
  to   space 21824K,   0% used [0x00000007a6ab0000, 0x00000007a6ab0000, 0x00000007a8000000)
 concurrent mark-sweep generation total 393216K, used 2924K [0x00000007a8000000, 0x00000007c0000000, 0x00000007c0000000)
 Metaspace       used 31265K, capacity 31736K, committed 32068K, reserved 1077248K
  class space    used 3685K, capacity 3835K, committed 3936K, reserved 1048576K
}
2016-10-23T20:01:34.416+0800: 31.107: Total time for which application threads were stopped: 0.0129529 seconds, Stopping threads took: 0.0000195 seconds
2016-10-23T20:01:34.598+0800: 31.289: Total time for which application threads were stopped: 0.0001801 seconds, Stopping threads took: 0.0000359 seconds
{Heap before GC invocations=8 (full 1):
 par new generation   total 109248K, used 109248K [0x00000007a0000000, 0x00000007a8000000, 0x00000007a8000000)
  eden space 87424K, 100% used [0x00000007a0000000, 0x00000007a5560000, 0x00000007a5560000)
  from space 21824K, 100% used [0x00000007a5560000, 0x00000007a6ab0000, 0x00000007a6ab0000)
  to   space 21824K,   0% used [0x00000007a6ab0000, 0x00000007a6ab0000, 0x00000007a8000000)
 concurrent mark-sweep generation total 393216K, used 2924K [0x00000007a8000000, 0x00000007c0000000, 0x00000007c0000000)
 Metaspace       used 31278K, capacity 31736K, committed 32068K, reserved 1077248K
  class space    used 3685K, capacity 3835K, committed 3936K, reserved 1048576K
2016-10-23T20:01:34.678+0800: 31.369: [GC (Allocation Failure) 2016-10-23T20:01:34.678+0800: 31.369: [ParNew
Desired survivor size 20112992 bytes, new threshold 8 (max 8)
- age   1:    3636488 bytes,    3636488 total
- age   2:    1534152 bytes,    5170640 total
- age   3:    1508488 bytes,    6679128 total
- age   4:    5521304 bytes,   12200432 total
- age   5:     760584 bytes,   12961016 total
- age   6:     253264 bytes,   13214280 total
- age   8:    1675168 bytes,   14889448 total
: 109248K->21824K(109248K), 0.0241280 secs] 112172K->34608K(502464K), 0.0242047 secs] [Times: user=0.07 sys=0.01, real=0.03 secs] 
Heap after GC invocations=9 (full 1):
 par new generation   total 109248K, used 21824K [0x00000007a0000000, 0x00000007a8000000, 0x00000007a8000000)
  eden space 87424K,   0% used [0x00000007a0000000, 0x00000007a0000000, 0x00000007a5560000)
  from space 21824K, 100% used [0x00000007a6ab0000, 0x00000007a8000000, 0x00000007a8000000)
  to   space 21824K,   0% used [0x00000007a5560000, 0x00000007a5560000, 0x00000007a6ab0000)
 concurrent mark-sweep generation total 393216K, used 12784K [0x00000007a8000000, 0x00000007c0000000, 0x00000007c0000000)
 Metaspace       used 31278K, capacity 31736K, committed 32068K, reserved 1077248K
  class space    used 3685K, capacity 3835K, committed 3936K, reserved 1048576K
}
2016-10-23T20:01:34.702+0800: 31.393: Total time for which application threads were stopped: 0.0243750 seconds, Stopping threads took: 0.0000209 seconds
{Heap before GC invocations=9 (full 1):
 par new generation   total 109248K, used 109248K [0x00000007a0000000, 0x00000007a8000000, 0x00000007a8000000)
  eden space 87424K, 100% used [0x00000007a0000000, 0x00000007a5560000, 0x00000007a5560000)
  from space 21824K, 100% used [0x00000007a6ab0000, 0x00000007a8000000, 0x00000007a8000000)
  to   space 21824K,   0% used [0x00000007a5560000, 0x00000007a5560000, 0x00000007a6ab0000)
 concurrent mark-sweep generation total 393216K, used 12784K [0x00000007a8000000, 0x00000007c0000000, 0x00000007c0000000)
 Metaspace       used 31284K, capacity 31800K, committed 32068K, reserved 1077248K
  class space    used 3686K, capacity 3835K, committed 3936K, reserved 1048576K
2016-10-23T20:01:34.956+0800: 31.648: [GC (Allocation Failure) 2016-10-23T20:01:34.956+0800: 31.648: [ParNew
Desired survivor size 20112992 bytes, new threshold 8 (max 8)
- age   1:    6782640 bytes,    6782640 total
- age   2:    2620560 bytes,    9403200 total
- age   3:    1206424 bytes,   10609624 total
- age   4:    1508488 bytes,   12118112 total
- age   5:    5521304 bytes,   17639416 total
- age   6:     760568 bytes,   18399984 total
- age   7:     253264 bytes,   18653248 total
: 109248K->21330K(109248K), 0.0127069 secs] 122032K->35773K(502464K), 0.0127779 secs] [Times: user=0.06 sys=0.00, real=0.01 secs] 
Heap after GC invocations=10 (full 1):
 par new generation   total 109248K, used 21330K [0x00000007a0000000, 0x00000007a8000000, 0x00000007a8000000)
  eden space 87424K,   0% used [0x00000007a0000000, 0x00000007a0000000, 0x00000007a5560000)
  from space 21824K,  97% used [0x00000007a5560000, 0x00000007a6a34910, 0x00000007a6ab0000)
  to   space 21824K,   0% used [0x00000007a6ab0000, 0x00000007a6ab0000, 0x00000007a8000000)
 concurrent mark-sweep generation total 393216K, used 14442K [0x00000007a8000000, 0x00000007c0000000, 0x00000007c0000000)
 Metaspace       used 31284K, capacity 31800K, committed 32068K, reserved 1077248K
  class space    used 3686K, capacity 3835K, committed 3936K, reserved 1048576K
}
2016-10-23T20:01:34.969+0800: 31.660: Total time for which application threads were stopped: 0.0130064 seconds, Stopping threads took: 0.0000309 seconds
{Heap before GC invocations=10 (full 1):
 par new generation   total 109248K, used 108754K [0x00000007a0000000, 0x00000007a8000000, 0x00000007a8000000)
  eden space 87424K, 100% used [0x00000007a0000000, 0x00000007a5560000, 0x00000007a5560000)
  from space 21824K,  97% used [0x00000007a5560000, 0x00000007a6a34910, 0x00000007a6ab0000)
  to   space 21824K,   0% used [0x00000007a6ab0000, 0x00000007a6ab0000, 0x00000007a8000000)
 concurrent mark-sweep generation total 393216K, used 14442K [0x00000007a8000000, 0x00000007c0000000, 0x00000007c0000000)
 Metaspace       used 31286K, capacity 31800K, committed 32068K, reserved 1077248K
  class space    used 3686K, capacity 3835K, committed 3936K, reserved 1048576K
2016-10-23T20:01:35.202+0800: 31.893: [GC (Allocation Failure) 2016-10-23T20:01:35.202+0800: 31.893: [ParNew
Desired survivor size 20112992 bytes, new threshold 6 (max 8)
- age   1:    6708616 bytes,    6708616 total
- age   2:    3464240 bytes,   10172856 total
- age   3:    2218696 bytes,   12391552 total
- age   4:    1044152 bytes,   13435704 total
- age   5:    1379496 bytes,   14815200 total
- age   6:    5493632 bytes,   20308832 total
- age   7:     760592 bytes,   21069424 total
- age   8:     253264 bytes,   21322688 total
: 108754K->21824K(109248K), 0.0113047 secs] 123197K->37178K(502464K), 0.0113869 secs] [Times: user=0.04 sys=0.00, real=0.01 secs] 
Heap after GC invocations=11 (full 1):
 par new generation   total 109248K, used 21824K [0x00000007a0000000, 0x00000007a8000000, 0x00000007a8000000)
  eden space 87424K,   0% used [0x00000007a0000000, 0x00000007a0000000, 0x00000007a5560000)
  from space 21824K, 100% used [0x00000007a6ab0000, 0x00000007a8000000, 0x00000007a8000000)
  to   space 21824K,   0% used [0x00000007a5560000, 0x00000007a5560000, 0x00000007a6ab0000)
 concurrent mark-sweep generation total 393216K, used 15354K [0x00000007a8000000, 0x00000007c0000000, 0x00000007c0000000)
 Metaspace       used 31286K, capacity 31800K, committed 32068K, reserved 1077248K
  class space    used 3686K, capacity 3835K, committed 3936K, reserved 1048576K
}
2016-10-23T20:01:35.213+0800: 31.904: Total time for which application threads were stopped: 0.0115764 seconds, Stopping threads took: 0.0000226 seconds
2016-10-23T20:01:35.216+0800: 31.908: Total time for which application threads were stopped: 0.0000930 seconds, Stopping threads took: 0.0000228 seconds
{Heap before GC invocations=11 (full 1):
 par new generation   total 109248K, used 109248K [0x00000007a0000000, 0x00000007a8000000, 0x00000007a8000000)
  eden space 87424K, 100% used [0x00000007a0000000, 0x00000007a5560000, 0x00000007a5560000)
  from space 21824K, 100% used [0x00000007a6ab0000, 0x00000007a8000000, 0x00000007a8000000)
  to   space 21824K,   0% used [0x00000007a5560000, 0x00000007a5560000, 0x00000007a6ab0000)
 concurrent mark-sweep generation total 393216K, used 15354K [0x00000007a8000000, 0x00000007c0000000, 0x00000007c0000000)
 Metaspace       used 31288K, capacity 31800K, committed 32068K, reserved 1077248K
  class space    used 3686K, capacity 3835K, committed 3936K, reserved 1048576K
2016-10-23T20:01:35.461+0800: 32.153: [GC (Allocation Failure) 2016-10-23T20:01:35.461+0800: 32.153: [ParNew
Desired survivor size 20112992 bytes, new threshold 8 (max 8)
- age   1:    8066568 bytes,    8066568 total
- age   2:    2960208 bytes,   11026776 total
- age   3:    2823248 bytes,   13850024 total
- age   4:    2017256 bytes,   15867280 total
- age   5:     976912 bytes,   16844192 total
- age   6:    1328048 bytes,   18172240 total
: 109248K->21824K(109248K), 0.0156167 secs] 124602K->44806K(502464K), 0.0156775 secs] [Times: user=0.04 sys=0.00, real=0.01 secs] 
Heap after GC invocations=12 (full 1):
 par new generation   total 109248K, used 21824K [0x00000007a0000000, 0x00000007a8000000, 0x00000007a8000000)
  eden space 87424K,   0% used [0x00000007a0000000, 0x00000007a0000000, 0x00000007a5560000)
  from space 21824K, 100% used [0x00000007a5560000, 0x00000007a6ab0000, 0x00000007a6ab0000)
  to   space 21824K,   0% used [0x00000007a6ab0000, 0x00000007a6ab0000, 0x00000007a8000000)
 concurrent mark-sweep generation total 393216K, used 22982K [0x00000007a8000000, 0x00000007c0000000, 0x00000007c0000000)
 Metaspace       used 31288K, capacity 31800K, committed 32068K, reserved 1077248K
  class space    used 3686K, capacity 3835K, committed 3936K, reserved 1048576K
}
2016-10-23T20:01:35.477+0800: 32.168: Total time for which application threads were stopped: 0.0158500 seconds, Stopping threads took: 0.0000182 seconds
{Heap before GC invocations=12 (full 1):
 par new generation   total 109248K, used 109248K [0x00000007a0000000, 0x00000007a8000000, 0x00000007a8000000)
  eden space 87424K, 100% used [0x00000007a0000000, 0x00000007a5560000, 0x00000007a5560000)
  from space 21824K, 100% used [0x00000007a5560000, 0x00000007a6ab0000, 0x00000007a6ab0000)
  to   space 21824K,   0% used [0x00000007a6ab0000, 0x00000007a6ab0000, 0x00000007a8000000)
 concurrent mark-sweep generation total 393216K, used 22982K [0x00000007a8000000, 0x00000007c0000000, 0x00000007c0000000)
 Metaspace       used 31303K, capacity 31800K, committed 32068K, reserved 1077248K
  class space    used 3686K, capacity 3835K, committed 3936K, reserved 1048576K
2016-10-23T20:01:35.744+0800: 32.436: [GC (Allocation Failure) 2016-10-23T20:01:35.744+0800: 32.436: [ParNew
Desired survivor size 20112992 bytes, new threshold 8 (max 8)
- age   1:    9111376 bytes,    9111376 total
- age   2:    3144656 bytes,   12256032 total
- age   3:    1748368 bytes,   14004400 total
- age   4:    1590392 bytes,   15594792 total
- age   5:    1045648 bytes,   16640440 total
- age   6:     959912 bytes,   17600352 total
- age   7:    1311736 bytes,   18912088 total
: 109248K->21824K(109248K), 0.0090009 secs] 132230K->48703K(502464K), 0.0090554 secs] [Times: user=0.03 sys=0.00, real=0.01 secs] 
Heap after GC invocations=13 (full 1):
 par new generation   total 109248K, used 21824K [0x00000007a0000000, 0x00000007a8000000, 0x00000007a8000000)
  eden space 87424K,   0% used [0x00000007a0000000, 0x00000007a0000000, 0x00000007a5560000)
  from space 21824K, 100% used [0x00000007a6ab0000, 0x00000007a8000000, 0x00000007a8000000)
  to   space 21824K,   0% used [0x00000007a5560000, 0x00000007a5560000, 0x00000007a6ab0000)
 concurrent mark-sweep generation total 393216K, used 26879K [0x00000007a8000000, 0x00000007c0000000, 0x00000007c0000000)
 Metaspace       used 31303K, capacity 31800K, committed 32068K, reserved 1077248K
  class space    used 3686K, capacity 3835K, committed 3936K, reserved 1048576K
}
2016-10-23T20:01:35.753+0800: 32.445: Total time for which application threads were stopped: 0.0092836 seconds, Stopping threads took: 0.0000204 seconds
{Heap before GC invocations=13 (full 1):
 par new generation   total 109248K, used 109248K [0x00000007a0000000, 0x00000007a8000000, 0x00000007a8000000)
  eden space 87424K, 100% used [0x00000007a0000000, 0x00000007a5560000, 0x00000007a5560000)
  from space 21824K, 100% used [0x00000007a6ab0000, 0x00000007a8000000, 0x00000007a8000000)
  to   space 21824K,   0% used [0x00000007a5560000, 0x00000007a5560000, 0x00000007a6ab0000)
 concurrent mark-sweep generation total 393216K, used 26879K [0x00000007a8000000, 0x00000007c0000000, 0x00000007c0000000)
 Metaspace       used 31328K, capacity 31800K, committed 32068K, reserved 1077248K
  class space    used 3686K, capacity 3835K, committed 3936K, reserved 1048576K
2016-10-23T20:01:36.028+0800: 32.719: [GC (Allocation Failure) 2016-10-23T20:01:36.028+0800: 32.719: [ParNew
Desired survivor size 20112992 bytes, new threshold 8 (max 8)
- age   1:    6982624 bytes,    6982624 total
- age   2:    1932664 bytes,    8915288 total
- age   3:    2629080 bytes,   11544368 total
- age   4:    1665280 bytes,   13209648 total
- age   5:     997832 bytes,   14207480 total
- age   6:     940848 bytes,   15148328 total
- age   7:     892936 bytes,   16041264 total
- age   8:    1255592 bytes,   17296856 total
: 109248K->21824K(109248K), 0.0114280 secs] 136127K->54345K(502464K), 0.0114782 secs] [Times: user=0.04 sys=0.01, real=0.02 secs] 
Heap after GC invocations=14 (full 1):
 par new generation   total 109248K, used 21824K [0x00000007a0000000, 0x00000007a8000000, 0x00000007a8000000)
  eden space 87424K,   0% used [0x00000007a0000000, 0x00000007a0000000, 0x00000007a5560000)
  from space 21824K, 100% used [0x00000007a5560000, 0x00000007a6ab0000, 0x00000007a6ab0000)
  to   space 21824K,   0% used [0x00000007a6ab0000, 0x00000007a6ab0000, 0x00000007a8000000)
 concurrent mark-sweep generation total 393216K, used 32521K [0x00000007a8000000, 0x00000007c0000000, 0x00000007c0000000)
 Metaspace       used 31328K, capacity 31800K, committed 32068K, reserved 1077248K
  class space    used 3686K, capacity 3835K, committed 3936K, reserved 1048576K
}
2016-10-23T20:01:36.040+0800: 32.731: Total time for which application threads were stopped: 0.0116421 seconds, Stopping threads took: 0.0000176 seconds
{Heap before GC invocations=14 (full 1):
 par new generation   total 109248K, used 109248K [0x00000007a0000000, 0x00000007a8000000, 0x00000007a8000000)
  eden space 87424K, 100% used [0x00000007a0000000, 0x00000007a5560000, 0x00000007a5560000)
  from space 21824K, 100% used [0x00000007a5560000, 0x00000007a6ab0000, 0x00000007a6ab0000)
  to   space 21824K,   0% used [0x00000007a6ab0000, 0x00000007a6ab0000, 0x00000007a8000000)
 concurrent mark-sweep generation total 393216K, used 32521K [0x00000007a8000000, 0x00000007c0000000, 0x00000007c0000000)
 Metaspace       used 31329K, capacity 31800K, committed 32068K, reserved 1077248K
  class space    used 3686K, capacity 3835K, committed 3936K, reserved 1048576K
2016-10-23T20:01:36.279+0800: 32.970: [GC (Allocation Failure) 2016-10-23T20:01:36.279+0800: 32.970: [ParNew
Desired survivor size 20112992 bytes, new threshold 8 (max 8)
- age   1:    8350888 bytes,    8350888 total
- age   2:    2275216 bytes,   10626104 total
- age   3:    1819912 bytes,   12446016 total
- age   4:    2520824 bytes,   14966840 total
- age   5:    1198032 bytes,   16164872 total
- age   6:     929536 bytes,   17094408 total
- age   7:     869888 bytes,   17964296 total
- age   8:     824808 bytes,   18789104 total
: 109248K->21824K(109248K), 0.0105832 secs] 141769K->57854K(502464K), 0.0106462 secs] [Times: user=0.03 sys=0.00, real=0.02 secs] 
Heap after GC invocations=15 (full 1):
 par new generation   total 109248K, used 21824K [0x00000007a0000000, 0x00000007a8000000, 0x00000007a8000000)
  eden space 87424K,   0% used [0x00000007a0000000, 0x00000007a0000000, 0x00000007a5560000)
  from space 21824K, 100% used [0x00000007a6ab0000, 0x00000007a8000000, 0x00000007a8000000)
  to   space 21824K,   0% used [0x00000007a5560000, 0x00000007a5560000, 0x00000007a6ab0000)
 concurrent mark-sweep generation total 393216K, used 36030K [0x00000007a8000000, 0x00000007c0000000, 0x00000007c0000000)
 Metaspace       used 31329K, capacity 31800K, committed 32068K, reserved 1077248K
  class space    used 3686K, capacity 3835K, committed 3936K, reserved 1048576K
}
2016-10-23T20:01:36.290+0800: 32.981: Total time for which application threads were stopped: 0.0108165 seconds, Stopping threads took: 0.0000320 seconds
{Heap before GC invocations=15 (full 1):
 par new generation   total 109248K, used 109248K [0x00000007a0000000, 0x00000007a8000000, 0x00000007a8000000)
  eden space 87424K, 100% used [0x00000007a0000000, 0x00000007a5560000, 0x00000007a5560000)
  from space 21824K, 100% used [0x00000007a6ab0000, 0x00000007a8000000, 0x00000007a8000000)
  to   space 21824K,   0% used [0x00000007a5560000, 0x00000007a5560000, 0x00000007a6ab0000)
 concurrent mark-sweep generation total 393216K, used 36030K [0x00000007a8000000, 0x00000007c0000000, 0x00000007c0000000)
 Metaspace       used 31329K, capacity 31800K, committed 32068K, reserved 1077248K
  class space    used 3686K, capacity 3835K, committed 3936K, reserved 1048576K
2016-10-23T20:01:36.551+0800: 33.242: [GC (Allocation Failure) 2016-10-23T20:01:36.551+0800: 33.242: [ParNew
Desired survivor size 20112992 bytes, new threshold 8 (max 8)
- age   1:    6638224 bytes,    6638224 total
- age   2:    2809272 bytes,    9447496 total
- age   3:    2184848 bytes,   11632344 total
- age   4:    1744672 bytes,   13377016 total
- age   5:    2184896 bytes,   15561912 total
- age   6:    1041256 bytes,   16603168 total
- age   7:     903520 bytes,   17506688 total
- age   8:     649792 bytes,   18156480 total
: 109248K->21824K(109248K), 0.0118787 secs] 145278K->61840K(502464K), 0.0119562 secs] [Times: user=0.04 sys=0.00, real=0.01 secs] 
Heap after GC invocations=16 (full 1):
 par new generation   total 109248K, used 21824K [0x00000007a0000000, 0x00000007a8000000, 0x00000007a8000000)
  eden space 87424K,   0% used [0x00000007a0000000, 0x00000007a0000000, 0x00000007a5560000)
  from space 21824K, 100% used [0x00000007a5560000, 0x00000007a6ab0000, 0x00000007a6ab0000)
  to   space 21824K,   0% used [0x00000007a6ab0000, 0x00000007a6ab0000, 0x00000007a8000000)
 concurrent mark-sweep generation total 393216K, used 40016K [0x00000007a8000000, 0x00000007c0000000, 0x00000007c0000000)
 Metaspace       used 31329K, capacity 31800K, committed 32068K, reserved 1077248K
  class space    used 3686K, capacity 3835K, committed 3936K, reserved 1048576K
}
2016-10-23T20:01:36.563+0800: 33.254: Total time for which application threads were stopped: 0.0121272 seconds, Stopping threads took: 0.0000230 seconds
{Heap before GC invocations=16 (full 1):
 par new generation   total 109248K, used 109248K [0x00000007a0000000, 0x00000007a8000000, 0x00000007a8000000)
  eden space 87424K, 100% used [0x00000007a0000000, 0x00000007a5560000, 0x00000007a5560000)
  from space 21824K, 100% used [0x00000007a5560000, 0x00000007a6ab0000, 0x00000007a6ab0000)
  to   space 21824K,   0% used [0x00000007a6ab0000, 0x00000007a6ab0000, 0x00000007a8000000)
 concurrent mark-sweep generation total 393216K, used 40016K [0x00000007a8000000, 0x00000007c0000000, 0x00000007c0000000)
 Metaspace       used 31331K, capacity 31800K, committed 32068K, reserved 1077248K
  class space    used 3686K, capacity 3835K, committed 3936K, reserved 1048576K
2016-10-23T20:01:36.794+0800: 33.485: [GC (Allocation Failure) 2016-10-23T20:01:36.794+0800: 33.485: [ParNew
Desired survivor size 20112992 bytes, new threshold 8 (max 8)
- age   1:    7525472 bytes,    7525472 total
- age   2:    1848048 bytes,    9373520 total
- age   3:    1320152 bytes,   10693672 total
- age   4:    2094584 bytes,   12788256 total
- age   5:    1652928 bytes,   14441184 total
- age   6:    2095616 bytes,   16536800 total
- age   7:     969112 bytes,   17505912 total
- age   8:     836840 bytes,   18342752 total
: 109248K->21824K(109248K), 0.0108890 secs] 149264K->66165K(502464K), 0.0109490 secs] [Times: user=0.04 sys=0.00, real=0.01 secs] 
Heap after GC invocations=17 (full 1):
 par new generation   total 109248K, used 21824K [0x00000007a0000000, 0x00000007a8000000, 0x00000007a8000000)
  eden space 87424K,   0% used [0x00000007a0000000, 0x00000007a0000000, 0x00000007a5560000)
  from space 21824K, 100% used [0x00000007a6ab0000, 0x00000007a8000000, 0x00000007a8000000)
  to   space 21824K,   0% used [0x00000007a5560000, 0x00000007a5560000, 0x00000007a6ab0000)
 concurrent mark-sweep generation total 393216K, used 44341K [0x00000007a8000000, 0x00000007c0000000, 0x00000007c0000000)
 Metaspace       used 31331K, capacity 31800K, committed 32068K, reserved 1077248K
  class space    used 3686K, capacity 3835K, committed 3936K, reserved 1048576K
}
2016-10-23T20:01:36.805+0800: 33.496: Total time for which application threads were stopped: 0.0111284 seconds, Stopping threads took: 0.0000311 seconds
{Heap before GC invocations=17 (full 1):
 par new generation   total 109248K, used 109248K [0x00000007a0000000, 0x00000007a8000000, 0x00000007a8000000)
  eden space 87424K, 100% used [0x00000007a0000000, 0x00000007a5560000, 0x00000007a5560000)
  from space 21824K, 100% used [0x00000007a6ab0000, 0x00000007a8000000, 0x00000007a8000000)
  to   space 21824K,   0% used [0x00000007a5560000, 0x00000007a5560000, 0x00000007a6ab0000)
 concurrent mark-sweep generation total 393216K, used 44341K [0x00000007a8000000, 0x00000007c0000000, 0x00000007c0000000)
 Metaspace       used 31366K, capacity 31864K, committed 32324K, reserved 1077248K
  class space    used 3686K, capacity 3835K, committed 3936K, reserved 1048576K
2016-10-23T20:01:37.056+0800: 33.747: [GC (Allocation Failure) 2016-10-23T20:01:37.056+0800: 33.747: [ParNew
Desired survivor size 20112992 bytes, new threshold 8 (max 8)
- age   1:    3673024 bytes,    3673024 total
- age   2:    4638824 bytes,    8311848 total
- age   3:    1358176 bytes,    9670024 total
- age   4:    1289464 bytes,   10959488 total
- age   5:    2030632 bytes,   12990120 total
- age   6:    1582088 bytes,   14572208 total
- age   7:    1287128 bytes,   15859336 total
- age   8:     922648 bytes,   16781984 total
: 109248K->21824K(109248K), 0.0115314 secs] 153589K->73412K(502464K), 0.0116070 secs] [Times: user=0.04 sys=0.00, real=0.01 secs] 
Heap after GC invocations=18 (full 1):
 par new generation   total 109248K, used 21824K [0x00000007a0000000, 0x00000007a8000000, 0x00000007a8000000)
  eden space 87424K,   0% used [0x00000007a0000000, 0x00000007a0000000, 0x00000007a5560000)
  from space 21824K, 100% used [0x00000007a5560000, 0x00000007a6ab0000, 0x00000007a6ab0000)
  to   space 21824K,   0% used [0x00000007a6ab0000, 0x00000007a6ab0000, 0x00000007a8000000)
 concurrent mark-sweep generation total 393216K, used 51588K [0x00000007a8000000, 0x00000007c0000000, 0x00000007c0000000)
 Metaspace       used 31366K, capacity 31864K, committed 32324K, reserved 1077248K
  class space    used 3686K, capacity 3835K, committed 3936K, reserved 1048576K
}
2016-10-23T20:01:37.068+0800: 33.759: Total time for which application threads were stopped: 0.0117795 seconds, Stopping threads took: 0.0000288 seconds
{Heap before GC invocations=18 (full 1):
 par new generation   total 109248K, used 109248K [0x00000007a0000000, 0x00000007a8000000, 0x00000007a8000000)
  eden space 87424K, 100% used [0x00000007a0000000, 0x00000007a5560000, 0x00000007a5560000)
  from space 21824K, 100% used [0x00000007a5560000, 0x00000007a6ab0000, 0x00000007a6ab0000)
  to   space 21824K,   0% used [0x00000007a6ab0000, 0x00000007a6ab0000, 0x00000007a8000000)
 concurrent mark-sweep generation total 393216K, used 51588K [0x00000007a8000000, 0x00000007c0000000, 0x00000007c0000000)
 Metaspace       used 31366K, capacity 31864K, committed 32324K, reserved 1077248K
  class space    used 3686K, capacity 3835K, committed 3936K, reserved 1048576K
2016-10-23T20:01:37.315+0800: 34.006: [GC (Allocation Failure) 2016-10-23T20:01:37.315+0800: 34.006: [ParNew
Desired survivor size 20112992 bytes, new threshold 6 (max 8)
- age   1:   10098984 bytes,   10098984 total
- age   2:    3476328 bytes,   13575312 total
- age   3:    2153928 bytes,   15729240 total
- age   4:    1297752 bytes,   17026992 total
- age   5:    1266200 bytes,   18293192 total
- age   6:    2010800 bytes,   20303992 total
- age   7:    1218520 bytes,   21522512 total
- age   8:     743992 bytes,   22266504 total
: 109248K->21824K(109248K), 0.0103420 secs] 160836K->77995K(502464K), 0.0104102 secs] [Times: user=0.04 sys=0.01, real=0.01 secs] 
Heap after GC invocations=19 (full 1):
 par new generation   total 109248K, used 21824K [0x00000007a0000000, 0x00000007a8000000, 0x00000007a8000000)
  eden space 87424K,   0% used [0x00000007a0000000, 0x00000007a0000000, 0x00000007a5560000)
  from space 21824K, 100% used [0x00000007a6ab0000, 0x00000007a8000000, 0x00000007a8000000)
  to   space 21824K,   0% used [0x00000007a5560000, 0x00000007a5560000, 0x00000007a6ab0000)
 concurrent mark-sweep generation total 393216K, used 56171K [0x00000007a8000000, 0x00000007c0000000, 0x00000007c0000000)
 Metaspace       used 31366K, capacity 31864K, committed 32324K, reserved 1077248K
  class space    used 3686K, capacity 3835K, committed 3936K, reserved 1048576K
}
2016-10-23T20:01:37.325+0800: 34.017: Total time for which application threads were stopped: 0.0105857 seconds, Stopping threads took: 0.0000309 seconds
{Heap before GC invocations=19 (full 1):
 par new generation   total 109248K, used 109248K [0x00000007a0000000, 0x00000007a8000000, 0x00000007a8000000)
  eden space 87424K, 100% used [0x00000007a0000000, 0x00000007a5560000, 0x00000007a5560000)
  from space 21824K, 100% used [0x00000007a6ab0000, 0x00000007a8000000, 0x00000007a8000000)
  to   space 21824K,   0% used [0x00000007a5560000, 0x00000007a5560000, 0x00000007a6ab0000)
 concurrent mark-sweep generation total 393216K, used 56171K [0x00000007a8000000, 0x00000007c0000000, 0x00000007c0000000)
 Metaspace       used 31366K, capacity 31864K, committed 32324K, reserved 1077248K
  class space    used 3686K, capacity 3835K, committed 3936K, reserved 1048576K
2016-10-23T20:01:37.580+0800: 34.272: [GC (Allocation Failure) 2016-10-23T20:01:37.580+0800: 34.272: [ParNew
Desired survivor size 20112992 bytes, new threshold 6 (max 8)
- age   1:    4378768 bytes,    4378768 total
- age   2:    8218896 bytes,   12597664 total
- age   3:    2934712 bytes,   15532376 total
- age   4:    2148624 bytes,   17681000 total
- age   5:    1290832 bytes,   18971832 total
- age   6:    1260736 bytes,   20232568 total
: 109248K->21824K(109248K), 0.0120102 secs] 165419K->84367K(502464K), 0.0120748 secs] [Times: user=0.04 sys=0.00, real=0.01 secs] 
Heap after GC invocations=20 (full 1):
 par new generation   total 109248K, used 21824K [0x00000007a0000000, 0x00000007a8000000, 0x00000007a8000000)
  eden space 87424K,   0% used [0x00000007a0000000, 0x00000007a0000000, 0x00000007a5560000)
  from space 21824K, 100% used [0x00000007a5560000, 0x00000007a6ab0000, 0x00000007a6ab0000)
  to   space 21824K,   0% used [0x00000007a6ab0000, 0x00000007a6ab0000, 0x00000007a8000000)
 concurrent mark-sweep generation total 393216K, used 62543K [0x00000007a8000000, 0x00000007c0000000, 0x00000007c0000000)
 Metaspace       used 31366K, capacity 31864K, committed 32324K, reserved 1077248K
  class space    used 3686K, capacity 3835K, committed 3936K, reserved 1048576K
}
2016-10-23T20:01:37.592+0800: 34.284: Total time for which application threads were stopped: 0.0122437 seconds, Stopping threads took: 0.0000235 seconds
{Heap before GC invocations=20 (full 1):
 par new generation   total 109248K, used 109248K [0x00000007a0000000, 0x00000007a8000000, 0x00000007a8000000)
  eden space 87424K, 100% used [0x00000007a0000000, 0x00000007a5560000, 0x00000007a5560000)
  from space 21824K, 100% used [0x00000007a5560000, 0x00000007a6ab0000, 0x00000007a6ab0000)
  to   space 21824K,   0% used [0x00000007a6ab0000, 0x00000007a6ab0000, 0x00000007a8000000)
 concurrent mark-sweep generation total 393216K, used 62543K [0x00000007a8000000, 0x00000007c0000000, 0x00000007c0000000)
 Metaspace       used 31367K, capacity 31864K, committed 32324K, reserved 1077248K
  class space    used 3686K, capacity 3835K, committed 3936K, reserved 1048576K
2016-10-23T20:01:37.823+0800: 34.515: [GC (Allocation Failure) 2016-10-23T20:01:37.823+0800: 34.515: [ParNew
Desired survivor size 20112992 bytes, new threshold 6 (max 8)
- age   1:    7455872 bytes,    7455872 total
- age   2:    2138624 bytes,    9594496 total
- age   3:    4720032 bytes,   14314528 total
- age   4:    2795640 bytes,   17110168 total
- age   5:    2137136 bytes,   19247304 total
- age   6:    1277160 bytes,   20524464 total
: 109248K->21824K(109248K), 0.0123985 secs] 171791K->92470K(502464K), 0.0124514 secs] [Times: user=0.03 sys=0.01, real=0.01 secs] 
Heap after GC invocations=21 (full 1):
 par new generation   total 109248K, used 21824K [0x00000007a0000000, 0x00000007a8000000, 0x00000007a8000000)
  eden space 87424K,   0% used [0x00000007a0000000, 0x00000007a0000000, 0x00000007a5560000)
  from space 21824K, 100% used [0x00000007a6ab0000, 0x00000007a8000000, 0x00000007a8000000)
  to   space 21824K,   0% used [0x00000007a5560000, 0x00000007a5560000, 0x00000007a6ab0000)
 concurrent mark-sweep generation total 393216K, used 70646K [0x00000007a8000000, 0x00000007c0000000, 0x00000007c0000000)
 Metaspace       used 31367K, capacity 31864K, committed 32324K, reserved 1077248K
  class space    used 3686K, capacity 3835K, committed 3936K, reserved 1048576K
}
2016-10-23T20:01:37.836+0800: 34.527: Total time for which application threads were stopped: 0.0126163 seconds, Stopping threads took: 0.0000282 seconds
{Heap before GC invocations=21 (full 1):
 par new generation   total 109248K, used 109248K [0x00000007a0000000, 0x00000007a8000000, 0x00000007a8000000)
  eden space 87424K, 100% used [0x00000007a0000000, 0x00000007a5560000, 0x00000007a5560000)
  from space 21824K, 100% used [0x00000007a6ab0000, 0x00000007a8000000, 0x00000007a8000000)
  to   space 21824K,   0% used [0x00000007a5560000, 0x00000007a5560000, 0x00000007a6ab0000)
 concurrent mark-sweep generation total 393216K, used 70646K [0x00000007a8000000, 0x00000007c0000000, 0x00000007c0000000)
 Metaspace       used 31369K, capacity 31864K, committed 32324K, reserved 1077248K
  class space    used 3686K, capacity 3835K, committed 3936K, reserved 1048576K
2016-10-23T20:01:38.094+0800: 34.785: [GC (Allocation Failure) 2016-10-23T20:01:38.094+0800: 34.786: [ParNew
Desired survivor size 20112992 bytes, new threshold 8 (max 8)
- age   1:    6866960 bytes,    6866960 total
- age   2:    3834000 bytes,   10700960 total
- age   3:    1005720 bytes,   11706680 total
- age   4:    2513032 bytes,   14219712 total
- age   5:    2672056 bytes,   16891768 total
- age   6:    2021248 bytes,   18913016 total
: 109248K->21824K(109248K), 0.0125091 secs] 179894K->100360K(502464K), 0.0126040 secs] [Times: user=0.04 sys=0.00, real=0.01 secs] 
Heap after GC invocations=22 (full 1):
 par new generation   total 109248K, used 21824K [0x00000007a0000000, 0x00000007a8000000, 0x00000007a8000000)
  eden space 87424K,   0% used [0x00000007a0000000, 0x00000007a0000000, 0x00000007a5560000)
  from space 21824K, 100% used [0x00000007a5560000, 0x00000007a6ab0000, 0x00000007a6ab0000)
  to   space 21824K,   0% used [0x00000007a6ab0000, 0x00000007a6ab0000, 0x00000007a8000000)
 concurrent mark-sweep generation total 393216K, used 78536K [0x00000007a8000000, 0x00000007c0000000, 0x00000007c0000000)
 Metaspace       used 31369K, capacity 31864K, committed 32324K, reserved 1077248K
  class space    used 3686K, capacity 3835K, committed 3936K, reserved 1048576K
}
2016-10-23T20:01:38.107+0800: 34.798: Total time for which application threads were stopped: 0.0127867 seconds, Stopping threads took: 0.0000306 seconds
{Heap before GC invocations=22 (full 1):
 par new generation   total 109248K, used 109248K [0x00000007a0000000, 0x00000007a8000000, 0x00000007a8000000)
  eden space 87424K, 100% used [0x00000007a0000000, 0x00000007a5560000, 0x00000007a5560000)
  from space 21824K, 100% used [0x00000007a5560000, 0x00000007a6ab0000, 0x00000007a6ab0000)
  to   space 21824K,   0% used [0x00000007a6ab0000, 0x00000007a6ab0000, 0x00000007a8000000)
 concurrent mark-sweep generation total 393216K, used 78536K [0x00000007a8000000, 0x00000007c0000000, 0x00000007c0000000)
 Metaspace       used 31369K, capacity 31864K, committed 32324K, reserved 1077248K
  class space    used 3686K, capacity 3835K, committed 3936K, reserved 1048576K
2016-10-23T20:01:38.348+0800: 35.039: [GC (Allocation Failure) 2016-10-23T20:01:38.348+0800: 35.039: [ParNew
Desired survivor size 20112992 bytes, new threshold 7 (max 8)
- age   1:    5676048 bytes,    5676048 total
- age   2:    6741152 bytes,   12417200 total
- age   3:    1094096 bytes,   13511296 total
- age   4:     889528 bytes,   14400824 total
- age   5:    2381264 bytes,   16782088 total
- age   6:    2492832 bytes,   19274920 total
- age   7:    1906504 bytes,   21181424 total
: 109248K->21824K(109248K), 0.0119879 secs] 187784K->104236K(502464K), 0.0120542 secs] [Times: user=0.04 sys=0.01, real=0.02 secs] 
Heap after GC invocations=23 (full 1):
 par new generation   total 109248K, used 21824K [0x00000007a0000000, 0x00000007a8000000, 0x00000007a8000000)
  eden space 87424K,   0% used [0x00000007a0000000, 0x00000007a0000000, 0x00000007a5560000)
  from space 21824K, 100% used [0x00000007a6ab0000, 0x00000007a8000000, 0x00000007a8000000)
  to   space 21824K,   0% used [0x00000007a5560000, 0x00000007a5560000, 0x00000007a6ab0000)
 concurrent mark-sweep generation total 393216K, used 82412K [0x00000007a8000000, 0x00000007c0000000, 0x00000007c0000000)
 Metaspace       used 31369K, capacity 31864K, committed 32324K, reserved 1077248K
  class space    used 3686K, capacity 3835K, committed 3936K, reserved 1048576K
}
2016-10-23T20:01:38.360+0800: 35.051: Total time for which application threads were stopped: 0.0122274 seconds, Stopping threads took: 0.0000326 seconds
{Heap before GC invocations=23 (full 1):
 par new generation   total 109248K, used 109248K [0x00000007a0000000, 0x00000007a8000000, 0x00000007a8000000)
  eden space 87424K, 100% used [0x00000007a0000000, 0x00000007a5560000, 0x00000007a5560000)
  from space 21824K, 100% used [0x00000007a6ab0000, 0x00000007a8000000, 0x00000007a8000000)
  to   space 21824K,   0% used [0x00000007a5560000, 0x00000007a5560000, 0x00000007a6ab0000)
 concurrent mark-sweep generation total 393216K, used 82412K [0x00000007a8000000, 0x00000007c0000000, 0x00000007c0000000)
 Metaspace       used 31370K, capacity 31864K, committed 32324K, reserved 1077248K
  class space    used 3686K, capacity 3835K, committed 3936K, reserved 1048576K
2016-10-23T20:01:38.626+0800: 35.317: [GC (Allocation Failure) 2016-10-23T20:01:38.626+0800: 35.317: [ParNew
Desired survivor size 20112992 bytes, new threshold 7 (max 8)
- age   1:    5188704 bytes,    5188704 total
- age   2:    4133712 bytes,    9322416 total
- age   3:    5334736 bytes,   14657152 total
- age   4:     873872 bytes,   15531024 total
- age   5:     799808 bytes,   16330832 total
- age   6:    2333360 bytes,   18664192 total
- age   7:    2435216 bytes,   21099408 total
: 109248K->21824K(109248K), 0.0119174 secs] 191660K->109688K(502464K), 0.0120013 secs] [Times: user=0.04 sys=0.00, real=0.01 secs] 
Heap after GC invocations=24 (full 1):
 par new generation   total 109248K, used 21824K [0x00000007a0000000, 0x00000007a8000000, 0x00000007a8000000)
  eden space 87424K,   0% used [0x00000007a0000000, 0x00000007a0000000, 0x00000007a5560000)
  from space 21824K, 100% used [0x00000007a5560000, 0x00000007a6ab0000, 0x00000007a6ab0000)
  to   space 21824K,   0% used [0x00000007a6ab0000, 0x00000007a6ab0000, 0x00000007a8000000)
 concurrent mark-sweep generation total 393216K, used 87864K [0x00000007a8000000, 0x00000007c0000000, 0x00000007c0000000)
 Metaspace       used 31370K, capacity 31864K, committed 32324K, reserved 1077248K
  class space    used 3686K, capacity 3835K, committed 3936K, reserved 1048576K
}
2016-10-23T20:01:38.638+0800: 35.329: Total time for which application threads were stopped: 0.0121669 seconds, Stopping threads took: 0.0000307 seconds
{Heap before GC invocations=24 (full 1):
 par new generation   total 109248K, used 109248K [0x00000007a0000000, 0x00000007a8000000, 0x00000007a8000000)
  eden space 87424K, 100% used [0x00000007a0000000, 0x00000007a5560000, 0x00000007a5560000)
  from space 21824K, 100% used [0x00000007a5560000, 0x00000007a6ab0000, 0x00000007a6ab0000)
  to   space 21824K,   0% used [0x00000007a6ab0000, 0x00000007a6ab0000, 0x00000007a8000000)
 concurrent mark-sweep generation total 393216K, used 87864K [0x00000007a8000000, 0x00000007c0000000, 0x00000007c0000000)
 Metaspace       used 31371K, capacity 31864K, committed 32324K, reserved 1077248K
  class space    used 3686K, capacity 3835K, committed 3936K, reserved 1048576K
2016-10-23T20:01:38.865+0800: 35.556: [GC (Allocation Failure) 2016-10-23T20:01:38.865+0800: 35.556: [ParNew
Desired survivor size 20112992 bytes, new threshold 7 (max 8)
- age   1:    7913088 bytes,    7913088 total
- age   2:    4204616 bytes,   12117704 total
- age   3:    2339952 bytes,   14457656 total
- age   4:    2875760 bytes,   17333416 total
- age   5:     817672 bytes,   18151088 total
- age   6:     781696 bytes,   18932784 total
- age   7:    2317744 bytes,   21250528 total
: 109248K->21824K(109248K), 0.0230232 secs] 197112K->119279K(502464K), 0.0230865 secs] [Times: user=0.05 sys=0.01, real=0.02 secs] 
Heap after GC invocations=25 (full 1):
 par new generation   total 109248K, used 21824K [0x00000007a0000000, 0x00000007a8000000, 0x00000007a8000000)
  eden space 87424K,   0% used [0x00000007a0000000, 0x00000007a0000000, 0x00000007a5560000)
  from space 21824K, 100% used [0x00000007a6ab0000, 0x00000007a8000000, 0x00000007a8000000)
  to   space 21824K,   0% used [0x00000007a5560000, 0x00000007a5560000, 0x00000007a6ab0000)
 concurrent mark-sweep generation total 393216K, used 97455K [0x00000007a8000000, 0x00000007c0000000, 0x00000007c0000000)
 Metaspace       used 31371K, capacity 31864K, committed 32324K, reserved 1077248K
  class space    used 3686K, capacity 3835K, committed 3936K, reserved 1048576K
}
2016-10-23T20:01:38.888+0800: 35.579: Total time for which application threads were stopped: 0.0232999 seconds, Stopping threads took: 0.0000204 seconds
{Heap before GC invocations=25 (full 1):
 par new generation   total 109248K, used 109248K [0x00000007a0000000, 0x00000007a8000000, 0x00000007a8000000)
  eden space 87424K, 100% used [0x00000007a0000000, 0x00000007a5560000, 0x00000007a5560000)
  from space 21824K, 100% used [0x00000007a6ab0000, 0x00000007a8000000, 0x00000007a8000000)
  to   space 21824K,   0% used [0x00000007a5560000, 0x00000007a5560000, 0x00000007a6ab0000)
 concurrent mark-sweep generation total 393216K, used 97455K [0x00000007a8000000, 0x00000007c0000000, 0x00000007c0000000)
 Metaspace       used 31372K, capacity 31864K, committed 32324K, reserved 1077248K
  class space    used 3686K, capacity 3835K, committed 3936K, reserved 1048576K
2016-10-23T20:01:39.247+0800: 35.938: [GC (Allocation Failure) 2016-10-23T20:01:39.247+0800: 35.938: [ParNew
Desired survivor size 20112992 bytes, new threshold 8 (max 8)
- age   1:    3683504 bytes,    3683504 total
- age   2:    6032112 bytes,    9715616 total
- age   3:    3315664 bytes,   13031280 total
- age   4:    2318680 bytes,   15349960 total
- age   5:    2825992 bytes,   18175952 total
- age   6:     804744 bytes,   18980696 total
- age   7:     770384 bytes,   19751080 total
: 109248K->21824K(109248K), 0.0113146 secs] 206703K->124129K(502464K), 0.0113868 secs] [Times: user=0.04 sys=0.00, real=0.01 secs] 
Heap after GC invocations=26 (full 1):
 par new generation   total 109248K, used 21824K [0x00000007a0000000, 0x00000007a8000000, 0x00000007a8000000)
  eden space 87424K,   0% used [0x00000007a0000000, 0x00000007a0000000, 0x00000007a5560000)
  from space 21824K, 100% used [0x00000007a5560000, 0x00000007a6ab0000, 0x00000007a6ab0000)
  to   space 21824K,   0% used [0x00000007a6ab0000, 0x00000007a6ab0000, 0x00000007a8000000)
 concurrent mark-sweep generation total 393216K, used 102305K [0x00000007a8000000, 0x00000007c0000000, 0x00000007c0000000)
 Metaspace       used 31372K, capacity 31864K, committed 32324K, reserved 1077248K
  class space    used 3686K, capacity 3835K, committed 3936K, reserved 1048576K
}
2016-10-23T20:01:39.258+0800: 35.949: Total time for which application threads were stopped: 0.0115349 seconds, Stopping threads took: 0.0000284 seconds
{Heap before GC invocations=26 (full 1):
 par new generation   total 109248K, used 109248K [0x00000007a0000000, 0x00000007a8000000, 0x00000007a8000000)
  eden space 87424K, 100% used [0x00000007a0000000, 0x00000007a5560000, 0x00000007a5560000)
  from space 21824K, 100% used [0x00000007a5560000, 0x00000007a6ab0000, 0x00000007a6ab0000)
  to   space 21824K,   0% used [0x00000007a6ab0000, 0x00000007a6ab0000, 0x00000007a8000000)
 concurrent mark-sweep generation total 393216K, used 102305K [0x00000007a8000000, 0x00000007c0000000, 0x00000007c0000000)
 Metaspace       used 31372K, capacity 31864K, committed 32324K, reserved 1077248K
  class space    used 3686K, capacity 3835K, committed 3936K, reserved 1048576K
2016-10-23T20:01:39.488+0800: 36.179: [GC (Allocation Failure) 2016-10-23T20:01:39.488+0800: 36.179: [ParNew
Desired survivor size 20112992 bytes, new threshold 8 (max 8)
- age   1:    6008288 bytes,    6008288 total
- age   2:    1832992 bytes,    7841280 total
- age   3:    2143000 bytes,    9984280 total
- age   4:    2978528 bytes,   12962808 total
- age   5:    2299840 bytes,   15262648 total
- age   6:    2820408 bytes,   18083056 total
- age   7:     797936 bytes,   18880992 total
- age   8:     766384 bytes,   19647376 total
: 109248K->21824K(109248K), 0.0121332 secs] 211553K->134194K(502464K), 0.0122181 secs] [Times: user=0.03 sys=0.01, real=0.02 secs] 
Heap after GC invocations=27 (full 1):
 par new generation   total 109248K, used 21824K [0x00000007a0000000, 0x00000007a8000000, 0x00000007a8000000)
  eden space 87424K,   0% used [0x00000007a0000000, 0x00000007a0000000, 0x00000007a5560000)
  from space 21824K, 100% used [0x00000007a6ab0000, 0x00000007a8000000, 0x00000007a8000000)
  to   space 21824K,   0% used [0x00000007a5560000, 0x00000007a5560000, 0x00000007a6ab0000)
 concurrent mark-sweep generation total 393216K, used 112370K [0x00000007a8000000, 0x00000007c0000000, 0x00000007c0000000)
 Metaspace       used 31372K, capacity 31864K, committed 32324K, reserved 1077248K
  class space    used 3686K, capacity 3835K, committed 3936K, reserved 1048576K
}
2016-10-23T20:01:39.500+0800: 36.191: Total time for which application threads were stopped: 0.0123952 seconds, Stopping threads took: 0.0000244 seconds
{Heap before GC invocations=27 (full 1):
 par new generation   total 109248K, used 109248K [0x00000007a0000000, 0x00000007a8000000, 0x00000007a8000000)
  eden space 87424K, 100% used [0x00000007a0000000, 0x00000007a5560000, 0x00000007a5560000)
  from space 21824K, 100% used [0x00000007a6ab0000, 0x00000007a8000000, 0x00000007a8000000)
  to   space 21824K,   0% used [0x00000007a5560000, 0x00000007a5560000, 0x00000007a6ab0000)
 concurrent mark-sweep generation total 393216K, used 112370K [0x00000007a8000000, 0x00000007c0000000, 0x00000007c0000000)
 Metaspace       used 31380K, capacity 31864K, committed 32324K, reserved 1077248K
  class space    used 3686K, capacity 3835K, committed 3936K, reserved 1048576K
2016-10-23T20:01:39.781+0800: 36.473: [GC (Allocation Failure) 2016-10-23T20:01:39.781+0800: 36.473: [ParNew
Desired survivor size 20112992 bytes, new threshold 7 (max 8)
- age   1:    2447384 bytes,    2447384 total
- age   2:    4916216 bytes,    7363600 total
- age   3:    1387856 bytes,    8751456 total
- age   4:    1450312 bytes,   10201768 total
- age   5:    4079904 bytes,   14281672 total
- age   6:    3271400 bytes,   17553072 total
- age   7:    2811696 bytes,   20364768 total
- age   8:     789352 bytes,   21154120 total
: 109248K->21824K(109248K), 0.0129401 secs] 221618K->140359K(502464K), 0.0130049 secs] [Times: user=0.04 sys=0.00, real=0.01 secs] 
Heap after GC invocations=28 (full 1):
 par new generation   total 109248K, used 21824K [0x00000007a0000000, 0x00000007a8000000, 0x00000007a8000000)
  eden space 87424K,   0% used [0x00000007a0000000, 0x00000007a0000000, 0x00000007a5560000)
  from space 21824K, 100% used [0x00000007a5560000, 0x00000007a6ab0000, 0x00000007a6ab0000)
  to   space 21824K,   0% used [0x00000007a6ab0000, 0x00000007a6ab0000, 0x00000007a8000000)
 concurrent mark-sweep generation total 393216K, used 118535K [0x00000007a8000000, 0x00000007c0000000, 0x00000007c0000000)
 Metaspace       used 31380K, capacity 31864K, committed 32324K, reserved 1077248K
  class space    used 3686K, capacity 3835K, committed 3936K, reserved 1048576K
}
2016-10-23T20:01:39.794+0800: 36.486: Total time for which application threads were stopped: 0.0131632 seconds, Stopping threads took: 0.0000211 seconds
{Heap before GC invocations=28 (full 1):
 par new generation   total 109248K, used 109027K [0x00000007a0000000, 0x00000007a8000000, 0x00000007a8000000)
  eden space 87424K,  99% used [0x00000007a0000000, 0x00000007a5528c78, 0x00000007a5560000)
  from space 21824K, 100% used [0x00000007a5560000, 0x00000007a6ab0000, 0x00000007a6ab0000)
  to   space 21824K,   0% used [0x00000007a6ab0000, 0x00000007a6ab0000, 0x00000007a8000000)
 concurrent mark-sweep generation total 393216K, used 118535K [0x00000007a8000000, 0x00000007c0000000, 0x00000007c0000000)
 Metaspace       used 31380K, capacity 31864K, committed 32324K, reserved 1077248K
  class space    used 3686K, capacity 3835K, committed 3936K, reserved 1048576K
2016-10-23T20:01:40.026+0800: 36.717: [GC (Allocation Failure) 2016-10-23T20:01:40.026+0800: 36.717: [ParNew
Desired survivor size 20112992 bytes, new threshold 7 (max 8)
- age   1:    6981232 bytes,    6981232 total
- age   2:    2440632 bytes,    9421864 total
- age   3:    3659736 bytes,   13081600 total
- age   4:    1387856 bytes,   14469456 total
- age   5:    1450312 bytes,   15919768 total
- age   6:    2903016 bytes,   18822784 total
- age   7:    2287880 bytes,   21110664 total
: 109027K->21824K(109248K), 0.0112209 secs] 227562K->144650K(502464K), 0.0112903 secs] [Times: user=0.04 sys=0.00, real=0.01 secs] 
Heap after GC invocations=29 (full 1):
 par new generation   total 109248K, used 21824K [0x00000007a0000000, 0x00000007a8000000, 0x00000007a8000000)
  eden space 87424K,   0% used [0x00000007a0000000, 0x00000007a0000000, 0x00000007a5560000)
  from space 21824K, 100% used [0x00000007a6ab0000, 0x00000007a8000000, 0x00000007a8000000)
  to   space 21824K,   0% used [0x00000007a5560000, 0x00000007a5560000, 0x00000007a6ab0000)
 concurrent mark-sweep generation total 393216K, used 122826K [0x00000007a8000000, 0x00000007c0000000, 0x00000007c0000000)
 Metaspace       used 31380K, capacity 31864K, committed 32324K, reserved 1077248K
  class space    used 3686K, capacity 3835K, committed 3936K, reserved 1048576K
}
2016-10-23T20:01:40.037+0800: 36.728: Total time for which application threads were stopped: 0.0114478 seconds, Stopping threads took: 0.0000284 seconds
{Heap before GC invocations=29 (full 1):
 par new generation   total 109248K, used 109248K [0x00000007a0000000, 0x00000007a8000000, 0x00000007a8000000)
  eden space 87424K, 100% used [0x00000007a0000000, 0x00000007a5560000, 0x00000007a5560000)
  from space 21824K, 100% used [0x00000007a6ab0000, 0x00000007a8000000, 0x00000007a8000000)
  to   space 21824K,   0% used [0x00000007a5560000, 0x00000007a5560000, 0x00000007a6ab0000)
 concurrent mark-sweep generation total 393216K, used 122826K [0x00000007a8000000, 0x00000007c0000000, 0x00000007c0000000)
 Metaspace       used 31381K, capacity 31864K, committed 32324K, reserved 1077248K
  class space    used 3686K, capacity 3835K, committed 3936K, reserved 1048576K
2016-10-23T20:01:40.279+0800: 36.971: [GC (Allocation Failure) 2016-10-23T20:01:40.279+0800: 36.971: [ParNew
Desired survivor size 20112992 bytes, new threshold 7 (max 8)
- age   1:    7927192 bytes,    7927192 total
- age   2:    5975640 bytes,   13902832 total
- age   3:    1835176 bytes,   15738008 total
- age   4:    1036200 bytes,   16774208 total
- age   5:    1337208 bytes,   18111416 total
- age   6:    1259504 bytes,   19370920 total
- age   7:    3935576 bytes,   23306496 total
: 109248K->21824K(109248K), 0.0156192 secs] 232074K->158747K(502464K), 0.0157129 secs] [Times: user=0.05 sys=0.00, real=0.02 secs] 
Heap after GC invocations=30 (full 1):
 par new generation   total 109248K, used 21824K [0x00000007a0000000, 0x00000007a8000000, 0x00000007a8000000)
  eden space 87424K,   0% used [0x00000007a0000000, 0x00000007a0000000, 0x00000007a5560000)
  from space 21824K, 100% used [0x00000007a5560000, 0x00000007a6ab0000, 0x00000007a6ab0000)
  to   space 21824K,   0% used [0x00000007a6ab0000, 0x00000007a6ab0000, 0x00000007a8000000)
 concurrent mark-sweep generation total 393216K, used 136923K [0x00000007a8000000, 0x00000007c0000000, 0x00000007c0000000)
 Metaspace       used 31381K, capacity 31864K, committed 32324K, reserved 1077248K
  class space    used 3686K, capacity 3835K, committed 3936K, reserved 1048576K
}
2016-10-23T20:01:40.295+0800: 36.987: Total time for which application threads were stopped: 0.0158793 seconds, Stopping threads took: 0.0000222 seconds
{Heap before GC invocations=30 (full 1):
 par new generation   total 109248K, used 109248K [0x00000007a0000000, 0x00000007a8000000, 0x00000007a8000000)
  eden space 87424K, 100% used [0x00000007a0000000, 0x00000007a5560000, 0x00000007a5560000)
  from space 21824K, 100% used [0x00000007a5560000, 0x00000007a6ab0000, 0x00000007a6ab0000)
  to   space 21824K,   0% used [0x00000007a6ab0000, 0x00000007a6ab0000, 0x00000007a8000000)
 concurrent mark-sweep generation total 393216K, used 136923K [0x00000007a8000000, 0x00000007c0000000, 0x00000007c0000000)
 Metaspace       used 31381K, capacity 31864K, committed 32324K, reserved 1077248K
  class space    used 3686K, capacity 3835K, committed 3936K, reserved 1048576K
2016-10-23T20:01:40.583+0800: 37.274: [GC (Allocation Failure) 2016-10-23T20:01:40.583+0800: 37.275: [ParNew
Desired survivor size 20112992 bytes, new threshold 8 (max 8)
- age   1:    3730992 bytes,    3730992 total
- age   2:    6181640 bytes,    9912632 total
- age   3:    4429096 bytes,   14341728 total
- age   4:    1259512 bytes,   15601240 total
- age   5:    1026432 bytes,   16627672 total
- age   6:    1327496 bytes,   17955168 total
- age   7:    1250520 bytes,   19205688 total
: 109248K->21824K(109248K), 0.0156743 secs] 246171K->165888K(502464K), 0.0157471 secs] [Times: user=0.05 sys=0.01, real=0.01 secs] 
Heap after GC invocations=31 (full 1):
 par new generation   total 109248K, used 21824K [0x00000007a0000000, 0x00000007a8000000, 0x00000007a8000000)
  eden space 87424K,   0% used [0x00000007a0000000, 0x00000007a0000000, 0x00000007a5560000)
  from space 21824K, 100% used [0x00000007a6ab0000, 0x00000007a8000000, 0x00000007a8000000)
  to   space 21824K,   0% used [0x00000007a5560000, 0x00000007a5560000, 0x00000007a6ab0000)
 concurrent mark-sweep generation total 393216K, used 144064K [0x00000007a8000000, 0x00000007c0000000, 0x00000007c0000000)
 Metaspace       used 31381K, capacity 31864K, committed 32324K, reserved 1077248K
  class space    used 3686K, capacity 3835K, committed 3936K, reserved 1048576K
}
2016-10-23T20:01:40.599+0800: 37.290: Total time for which application threads were stopped: 0.0159079 seconds, Stopping threads took: 0.0000210 seconds
{Heap before GC invocations=31 (full 1):
 par new generation   total 109248K, used 109248K [0x00000007a0000000, 0x00000007a8000000, 0x00000007a8000000)
  eden space 87424K, 100% used [0x00000007a0000000, 0x00000007a5560000, 0x00000007a5560000)
  from space 21824K, 100% used [0x00000007a6ab0000, 0x00000007a8000000, 0x00000007a8000000)
  to   space 21824K,   0% used [0x00000007a5560000, 0x00000007a5560000, 0x00000007a6ab0000)
 concurrent mark-sweep generation total 393216K, used 144064K [0x00000007a8000000, 0x00000007c0000000, 0x00000007c0000000)
 Metaspace       used 31381K, capacity 31864K, committed 32324K, reserved 1077248K
  class space    used 3686K, capacity 3835K, committed 3936K, reserved 1048576K
2016-10-23T20:01:40.900+0800: 37.591: [GC (Allocation Failure) 2016-10-23T20:01:40.900+0800: 37.592: [ParNew
Desired survivor size 20112992 bytes, new threshold 8 (max 8)
- age   1:    4559976 bytes,    4559976 total
- age   2:    3254680 bytes,    7814656 total
- age   3:    5616632 bytes,   13431288 total
- age   4:    2778272 bytes,   16209560 total
- age   5:    1122288 bytes,   17331848 total
- age   6:     903512 bytes,   18235360 total
- age   7:    1190872 bytes,   19426232 total
- age   8:    1121056 bytes,   20547288 total
: 109248K->21824K(109248K), 0.0135707 secs] 253312K->169998K(502464K), 0.0136381 secs] [Times: user=0.04 sys=0.00, real=0.01 secs] 
Heap after GC invocations=32 (full 1):
 par new generation   total 109248K, used 21824K [0x00000007a0000000, 0x00000007a8000000, 0x00000007a8000000)
  eden space 87424K,   0% used [0x00000007a0000000, 0x00000007a0000000, 0x00000007a5560000)
  from space 21824K, 100% used [0x00000007a5560000, 0x00000007a6ab0000, 0x00000007a6ab0000)
  to   space 21824K,   0% used [0x00000007a6ab0000, 0x00000007a6ab0000, 0x00000007a8000000)
 concurrent mark-sweep generation total 393216K, used 148174K [0x00000007a8000000, 0x00000007c0000000, 0x00000007c0000000)
 Metaspace       used 31381K, capacity 31864K, committed 32324K, reserved 1077248K
  class space    used 3686K, capacity 3835K, committed 3936K, reserved 1048576K
}
2016-10-23T20:01:40.914+0800: 37.605: Total time for which application threads were stopped: 0.0138062 seconds, Stopping threads took: 0.0000240 seconds
{Heap before GC invocations=32 (full 1):
 par new generation   total 109248K, used 109248K [0x00000007a0000000, 0x00000007a8000000, 0x00000007a8000000)
  eden space 87424K, 100% used [0x00000007a0000000, 0x00000007a5560000, 0x00000007a5560000)
  from space 21824K, 100% used [0x00000007a5560000, 0x00000007a6ab0000, 0x00000007a6ab0000)
  to   space 21824K,   0% used [0x00000007a6ab0000, 0x00000007a6ab0000, 0x00000007a8000000)
 concurrent mark-sweep generation total 393216K, used 148174K [0x00000007a8000000, 0x00000007c0000000, 0x00000007c0000000)
 Metaspace       used 31381K, capacity 31864K, committed 32324K, reserved 1077248K
  class space    used 3686K, capacity 3835K, committed 3936K, reserved 1048576K
2016-10-23T20:01:41.166+0800: 37.858: [GC (Allocation Failure) 2016-10-23T20:01:41.166+0800: 37.858: [ParNew
Desired survivor size 20112992 bytes, new threshold 7 (max 8)
- age   1:    6481064 bytes,    6481064 total
- age   2:    3864880 bytes,   10345944 total
- age   3:    2417440 bytes,   12763384 total
- age   4:    4971120 bytes,   17734504 total
- age   5:    1038856 bytes,   18773360 total
- age   6:    1062536 bytes,   19835896 total
- age   7:     847320 bytes,   20683216 total
- age   8:    1140608 bytes,   21823824 total
: 109248K->21824K(109248K), 0.0166716 secs] 257422K->186098K(502464K), 0.0167499 secs] [Times: user=0.05 sys=0.01, real=0.02 secs] 
Heap after GC invocations=33 (full 1):
 par new generation   total 109248K, used 21824K [0x00000007a0000000, 0x00000007a8000000, 0x00000007a8000000)
  eden space 87424K,   0% used [0x00000007a0000000, 0x00000007a0000000, 0x00000007a5560000)
  from space 21824K, 100% used [0x00000007a6ab0000, 0x00000007a8000000, 0x00000007a8000000)
  to   space 21824K,   0% used [0x00000007a5560000, 0x00000007a5560000, 0x00000007a6ab0000)
 concurrent mark-sweep generation total 393216K, used 164274K [0x00000007a8000000, 0x00000007c0000000, 0x00000007c0000000)
 Metaspace       used 31381K, capacity 31864K, committed 32324K, reserved 1077248K
  class space    used 3686K, capacity 3835K, committed 3936K, reserved 1048576K
}
2016-10-23T20:01:41.183+0800: 37.875: Total time for which application threads were stopped: 0.0169157 seconds, Stopping threads took: 0.0000290 seconds
{Heap before GC invocations=33 (full 1):
 par new generation   total 109248K, used 109248K [0x00000007a0000000, 0x00000007a8000000, 0x00000007a8000000)
  eden space 87424K, 100% used [0x00000007a0000000, 0x00000007a5560000, 0x00000007a5560000)
  from space 21824K, 100% used [0x00000007a6ab0000, 0x00000007a8000000, 0x00000007a8000000)
  to   space 21824K,   0% used [0x00000007a5560000, 0x00000007a5560000, 0x00000007a6ab0000)
 concurrent mark-sweep generation total 393216K, used 164274K [0x00000007a8000000, 0x00000007c0000000, 0x00000007c0000000)
 Metaspace       used 31382K, capacity 31864K, committed 32324K, reserved 1077248K
  class space    used 3686K, capacity 3835K, committed 3936K, reserved 1048576K
2016-10-23T20:01:41.435+0800: 38.126: [GC (Allocation Failure) 2016-10-23T20:01:41.435+0800: 38.126: [ParNew
Desired survivor size 20112992 bytes, new threshold 7 (max 8)
- age   1:    4719552 bytes,    4719552 total
- age   2:    4190000 bytes,    8909552 total
- age   3:    3833864 bytes,   12743416 total
- age   4:    2252208 bytes,   14995624 total
- age   5:    3859128 bytes,   18854752 total
- age   6:    1003952 bytes,   19858704 total
- age   7:    1062312 bytes,   20921016 total
: 109248K->21824K(109248K), 0.0170041 secs] 273522K->196319K(502464K), 0.0170694 secs] [Times: user=0.06 sys=0.01, real=0.02 secs] 
Heap after GC invocations=34 (full 1):
 par new generation   total 109248K, used 21824K [0x00000007a0000000, 0x00000007a8000000, 0x00000007a8000000)
  eden space 87424K,   0% used [0x00000007a0000000, 0x00000007a0000000, 0x00000007a5560000)
  from space 21824K, 100% used [0x00000007a5560000, 0x00000007a6ab0000, 0x00000007a6ab0000)
  to   space 21824K,   0% used [0x00000007a6ab0000, 0x00000007a6ab0000, 0x00000007a8000000)
 concurrent mark-sweep generation total 393216K, used 174495K [0x00000007a8000000, 0x00000007c0000000, 0x00000007c0000000)
 Metaspace       used 31382K, capacity 31864K, committed 32324K, reserved 1077248K
  class space    used 3686K, capacity 3835K, committed 3936K, reserved 1048576K
}
2016-10-23T20:01:41.452+0800: 38.143: Total time for which application threads were stopped: 0.0172439 seconds, Stopping threads took: 0.0000301 seconds
2016-10-23T20:01:41.660+0800: 38.351: Total time for which application threads were stopped: 0.0001391 seconds, Stopping threads took: 0.0000210 seconds
2016-10-23T20:01:42.235+0800: 38.926: Total time for which application threads were stopped: 0.0001943 seconds, Stopping threads took: 0.0000162 seconds
{Heap before GC invocations=34 (full 1):
 par new generation   total 109248K, used 109248K [0x00000007a0000000, 0x00000007a8000000, 0x00000007a8000000)
  eden space 87424K, 100% used [0x00000007a0000000, 0x00000007a5560000, 0x00000007a5560000)
  from space 21824K, 100% used [0x00000007a5560000, 0x00000007a6ab0000, 0x00000007a6ab0000)
  to   space 21824K,   0% used [0x00000007a6ab0000, 0x00000007a6ab0000, 0x00000007a8000000)
 concurrent mark-sweep generation total 393216K, used 174495K [0x00000007a8000000, 0x00000007c0000000, 0x00000007c0000000)
 Metaspace       used 31679K, capacity 32216K, committed 32580K, reserved 1077248K
  class space    used 3712K, capacity 3867K, committed 3936K, reserved 1048576K
2016-10-23T20:01:42.361+0800: 39.053: [GC (Allocation Failure) 2016-10-23T20:01:42.361+0800: 39.053: [ParNew
Desired survivor size 20112992 bytes, new threshold 7 (max 8)
- age   1:    2917616 bytes,    2917616 total
- age   2:    3785352 bytes,    6702968 total
- age   3:    3986328 bytes,   10689296 total
- age   4:    3691152 bytes,   14380448 total
- age   5:    1464264 bytes,   15844712 total
- age   6:    3741872 bytes,   19586584 total
- age   7:     748504 bytes,   20335088 total
: 109248K->21824K(109248K), 0.0150755 secs] 283743K->199312K(502464K), 0.0151427 secs] [Times: user=0.10 sys=0.01, real=0.01 secs] 
Heap after GC invocations=35 (full 1):
 par new generation   total 109248K, used 21824K [0x00000007a0000000, 0x00000007a8000000, 0x00000007a8000000)
  eden space 87424K,   0% used [0x00000007a0000000, 0x00000007a0000000, 0x00000007a5560000)
  from space 21824K, 100% used [0x00000007a6ab0000, 0x00000007a8000000, 0x00000007a8000000)
  to   space 21824K,   0% used [0x00000007a5560000, 0x00000007a5560000, 0x00000007a6ab0000)
 concurrent mark-sweep generation total 393216K, used 177488K [0x00000007a8000000, 0x00000007c0000000, 0x00000007c0000000)
 Metaspace       used 31679K, capacity 32216K, committed 32580K, reserved 1077248K
  class space    used 3712K, capacity 3867K, committed 3936K, reserved 1048576K
}
2016-10-23T20:01:42.377+0800: 39.068: Total time for which application threads were stopped: 0.0153574 seconds, Stopping threads took: 0.0000184 seconds
2016-10-23T20:01:43.379+0800: 40.071: Total time for which application threads were stopped: 0.0002295 seconds, Stopping threads took: 0.0000676 seconds
{Heap before GC invocations=35 (full 1):
 par new generation   total 109248K, used 109248K [0x00000007a0000000, 0x00000007a8000000, 0x00000007a8000000)
  eden space 87424K, 100% used [0x00000007a0000000, 0x00000007a5560000, 0x00000007a5560000)
  from space 21824K, 100% used [0x00000007a6ab0000, 0x00000007a8000000, 0x00000007a8000000)
  to   space 21824K,   0% used [0x00000007a5560000, 0x00000007a5560000, 0x00000007a6ab0000)
 concurrent mark-sweep generation total 393216K, used 177488K [0x00000007a8000000, 0x00000007c0000000, 0x00000007c0000000)
 Metaspace       used 31942K, capacity 32440K, committed 32836K, reserved 1079296K
  class space    used 3732K, capacity 3899K, committed 3936K, reserved 1048576K
2016-10-23T20:01:43.537+0800: 40.228: [GC (Allocation Failure) 2016-10-23T20:01:43.537+0800: 40.228: [ParNew
Desired survivor size 20112992 bytes, new threshold 8 (max 8)
- age   1:     287832 bytes,     287832 total
- age   2:    2487576 bytes,    2775408 total
- age   3:    3785352 bytes,    6560760 total
- age   4:    2683864 bytes,    9244624 total
- age   5:    3691152 bytes,   12935776 total
- age   6:    1464264 bytes,   14400040 total
- age   7:    2693280 bytes,   17093320 total
: 109248K->21824K(109248K), 0.0097954 secs] 286736K->202352K(502464K), 0.0098554 secs] [Times: user=0.05 sys=0.00, real=0.01 secs] 
Heap after GC invocations=36 (full 1):
 par new generation   total 109248K, used 21824K [0x00000007a0000000, 0x00000007a8000000, 0x00000007a8000000)
  eden space 87424K,   0% used [0x00000007a0000000, 0x00000007a0000000, 0x00000007a5560000)
  from space 21824K, 100% used [0x00000007a5560000, 0x00000007a6ab0000, 0x00000007a6ab0000)
  to   space 21824K,   0% used [0x00000007a6ab0000, 0x00000007a6ab0000, 0x00000007a8000000)
 concurrent mark-sweep generation total 393216K, used 180528K [0x00000007a8000000, 0x00000007c0000000, 0x00000007c0000000)
 Metaspace       used 31942K, capacity 32440K, committed 32836K, reserved 1079296K
  class space    used 3732K, capacity 3899K, committed 3936K, reserved 1048576K
}
2016-10-23T20:01:43.547+0800: 40.238: Total time for which application threads were stopped: 0.0101371 seconds, Stopping threads took: 0.0000599 seconds
{Heap before GC invocations=36 (full 1):
 par new generation   total 109248K, used 109248K [0x00000007a0000000, 0x00000007a8000000, 0x00000007a8000000)
  eden space 87424K, 100% used [0x00000007a0000000, 0x00000007a5560000, 0x00000007a5560000)
  from space 21824K, 100% used [0x00000007a5560000, 0x00000007a6ab0000, 0x00000007a6ab0000)
  to   space 21824K,   0% used [0x00000007a6ab0000, 0x00000007a6ab0000, 0x00000007a8000000)
 concurrent mark-sweep generation total 393216K, used 180528K [0x00000007a8000000, 0x00000007c0000000, 0x00000007c0000000)
 Metaspace       used 31943K, capacity 32440K, committed 32836K, reserved 1079296K
  class space    used 3732K, capacity 3899K, committed 3936K, reserved 1048576K
2016-10-23T20:01:43.695+0800: 40.386: [GC (Allocation Failure) 2016-10-23T20:01:43.695+0800: 40.386: [ParNew
Desired survivor size 20112992 bytes, new threshold 8 (max 8)
- age   1:      62384 bytes,      62384 total
- age   2:     117312 bytes,     179696 total
- age   3:    2484360 bytes,    2664056 total
- age   4:    3781704 bytes,    6445760 total
- age   5:    2681584 bytes,    9127344 total
- age   6:    3684920 bytes,   12812264 total
- age   7:    1462344 bytes,   14274608 total
- age   8:    2691824 bytes,   16966432 total
: 109248K->21824K(109248K), 0.0098188 secs] 289776K->202371K(502464K), 0.0098609 secs] [Times: user=0.05 sys=0.00, real=0.01 secs] 
Heap after GC invocations=37 (full 1):
 par new generation   total 109248K, used 21824K [0x00000007a0000000, 0x00000007a8000000, 0x00000007a8000000)
  eden space 87424K,   0% used [0x00000007a0000000, 0x00000007a0000000, 0x00000007a5560000)
  from space 21824K, 100% used [0x00000007a6ab0000, 0x00000007a8000000, 0x00000007a8000000)
  to   space 21824K,   0% used [0x00000007a5560000, 0x00000007a5560000, 0x00000007a6ab0000)
 concurrent mark-sweep generation total 393216K, used 180547K [0x00000007a8000000, 0x00000007c0000000, 0x00000007c0000000)
 Metaspace       used 31943K, capacity 32440K, committed 32836K, reserved 1079296K
  class space    used 3732K, capacity 3899K, committed 3936K, reserved 1048576K
}
2016-10-23T20:01:43.705+0800: 40.396: Total time for which application threads were stopped: 0.0100152 seconds, Stopping threads took: 0.0000164 seconds
2016-10-23T20:01:43.739+0800: 40.431: Total time for which application threads were stopped: 0.0001394 seconds, Stopping threads took: 0.0000159 seconds
{Heap before GC invocations=37 (full 1):
 par new generation   total 109248K, used 109248K [0x00000007a0000000, 0x00000007a8000000, 0x00000007a8000000)
  eden space 87424K, 100% used [0x00000007a0000000, 0x00000007a5560000, 0x00000007a5560000)
  from space 21824K, 100% used [0x00000007a6ab0000, 0x00000007a8000000, 0x00000007a8000000)
  to   space 21824K,   0% used [0x00000007a5560000, 0x00000007a5560000, 0x00000007a6ab0000)
 concurrent mark-sweep generation total 393216K, used 180547K [0x00000007a8000000, 0x00000007c0000000, 0x00000007c0000000)
 Metaspace       used 31946K, capacity 32440K, committed 32836K, reserved 1079296K
  class space    used 3733K, capacity 3899K, committed 3936K, reserved 1048576K
2016-10-23T20:01:43.889+0800: 40.581: [GC (Allocation Failure) 2016-10-23T20:01:43.889+0800: 40.581: [ParNew
Desired survivor size 20112992 bytes, new threshold 8 (max 8)
- age   1:     108736 bytes,     108736 total
- age   2:       3016 bytes,     111752 total
- age   3:      86984 bytes,     198736 total
- age   4:    2484360 bytes,    2683096 total
- age   5:    3781704 bytes,    6464800 total
- age   6:    2681584 bytes,    9146384 total
- age   7:    3684920 bytes,   12831304 total
- age   8:    1462344 bytes,   14293648 total
: 109248K->17928K(109248K), 0.0104626 secs] 289795K->201115K(502464K), 0.0105139 secs] [Times: user=0.06 sys=0.00, real=0.02 secs] 
Heap after GC invocations=38 (full 1):
 par new generation   total 109248K, used 17928K [0x00000007a0000000, 0x00000007a8000000, 0x00000007a8000000)
  eden space 87424K,   0% used [0x00000007a0000000, 0x00000007a0000000, 0x00000007a5560000)
  from space 21824K,  82% used [0x00000007a5560000, 0x00000007a66e20d0, 0x00000007a6ab0000)
  to   space 21824K,   0% used [0x00000007a6ab0000, 0x00000007a6ab0000, 0x00000007a8000000)
 concurrent mark-sweep generation total 393216K, used 183187K [0x00000007a8000000, 0x00000007c0000000, 0x00000007c0000000)
 Metaspace       used 31946K, capacity 32440K, committed 32836K, reserved 1079296K
  class space    used 3733K, capacity 3899K, committed 3936K, reserved 1048576K
}
2016-10-23T20:01:43.900+0800: 40.591: Total time for which application threads were stopped: 0.0106803 seconds, Stopping threads took: 0.0000158 seconds
{Heap before GC invocations=38 (full 1):
 par new generation   total 109248K, used 105352K [0x00000007a0000000, 0x00000007a8000000, 0x00000007a8000000)
  eden space 87424K, 100% used [0x00000007a0000000, 0x00000007a5560000, 0x00000007a5560000)
  from space 21824K,  82% used [0x00000007a5560000, 0x00000007a66e20d0, 0x00000007a6ab0000)
  to   space 21824K,   0% used [0x00000007a6ab0000, 0x00000007a6ab0000, 0x00000007a8000000)
 concurrent mark-sweep generation total 393216K, used 183187K [0x00000007a8000000, 0x00000007c0000000, 0x00000007c0000000)
 Metaspace       used 31946K, capacity 32440K, committed 32836K, reserved 1079296K
  class space    used 3733K, capacity 3899K, committed 3936K, reserved 1048576K
2016-10-23T20:01:44.221+0800: 40.913: [GC (Allocation Failure) 2016-10-23T20:01:44.221+0800: 40.913: [ParNew
Desired survivor size 20112992 bytes, new threshold 8 (max 8)
- age   1:     259968 bytes,     259968 total
- age   2:       1816 bytes,     261784 total
- age   3:       3016 bytes,     264800 total
- age   4:      86984 bytes,     351784 total
- age   5:    2484360 bytes,    2836144 total
- age   6:    3781704 bytes,    6617848 total
- age   7:    2681584 bytes,    9299432 total
- age   8:    3684920 bytes,   12984352 total
: 105352K->15725K(109248K), 0.0096782 secs] 288539K->200353K(502464K), 0.0097247 secs] [Times: user=0.06 sys=0.00, real=0.01 secs] 
Heap after GC invocations=39 (full 1):
 par new generation   total 109248K, used 15725K [0x00000007a0000000, 0x00000007a8000000, 0x00000007a8000000)
  eden space 87424K,   0% used [0x00000007a0000000, 0x00000007a0000000, 0x00000007a5560000)
  from space 21824K,  72% used [0x00000007a6ab0000, 0x00000007a7a0b460, 0x00000007a8000000)
  to   space 21824K,   0% used [0x00000007a5560000, 0x00000007a5560000, 0x00000007a6ab0000)
 concurrent mark-sweep generation total 393216K, used 184628K [0x00000007a8000000, 0x00000007c0000000, 0x00000007c0000000)
 Metaspace       used 31946K, capacity 32440K, committed 32836K, reserved 1079296K
  class space    used 3733K, capacity 3899K, committed 3936K, reserved 1048576K
}
2016-10-23T20:01:44.231+0800: 40.922: Total time for which application threads were stopped: 0.0098855 seconds, Stopping threads took: 0.0000152 seconds
{Heap before GC invocations=39 (full 1):
 par new generation   total 109248K, used 103149K [0x00000007a0000000, 0x00000007a8000000, 0x00000007a8000000)
  eden space 87424K, 100% used [0x00000007a0000000, 0x00000007a5560000, 0x00000007a5560000)
  from space 21824K,  72% used [0x00000007a6ab0000, 0x00000007a7a0b460, 0x00000007a8000000)
  to   space 21824K,   0% used [0x00000007a5560000, 0x00000007a5560000, 0x00000007a6ab0000)
 concurrent mark-sweep generation total 393216K, used 184628K [0x00000007a8000000, 0x00000007c0000000, 0x00000007c0000000)
 Metaspace       used 31946K, capacity 32440K, committed 32836K, reserved 1079296K
  class space    used 3733K, capacity 3899K, committed 3936K, reserved 1048576K
2016-10-23T20:01:44.358+0800: 41.049: [GC (Allocation Failure) 2016-10-23T20:01:44.358+0800: 41.049: [ParNew
Desired survivor size 20112992 bytes, new threshold 8 (max 8)
- age   1:     102416 bytes,     102416 total
- age   2:      59240 bytes,     161656 total
- age   3:       1816 bytes,     163472 total
- age   4:       3016 bytes,     166488 total
- age   5:      86984 bytes,     253472 total
- age   6:    2484360 bytes,    2737832 total
- age   7:    3781704 bytes,    6519536 total
- age   8:    2681584 bytes,    9201120 total
: 103149K->10567K(109248K), 0.0099339 secs] 287777K->198807K(502464K), 0.0099921 secs] [Times: user=0.05 sys=0.00, real=0.01 secs] 
Heap after GC invocations=40 (full 1):
 par new generation   total 109248K, used 10567K [0x00000007a0000000, 0x00000007a8000000, 0x00000007a8000000)
  eden space 87424K,   0% used [0x00000007a0000000, 0x00000007a0000000, 0x00000007a5560000)
  from space 21824K,  48% used [0x00000007a5560000, 0x00000007a5fb1fe8, 0x00000007a6ab0000)
  to   space 21824K,   0% used [0x00000007a6ab0000, 0x00000007a6ab0000, 0x00000007a8000000)
 concurrent mark-sweep generation total 393216K, used 188239K [0x00000007a8000000, 0x00000007c0000000, 0x00000007c0000000)
 Metaspace       used 31946K, capacity 32440K, committed 32836K, reserved 1079296K
  class space    used 3733K, capacity 3899K, committed 3936K, reserved 1048576K
}
2016-10-23T20:01:44.368+0800: 41.059: Total time for which application threads were stopped: 0.0101870 seconds, Stopping threads took: 0.0000190 seconds
{Heap before GC invocations=40 (full 1):
 par new generation   total 109248K, used 97991K [0x00000007a0000000, 0x00000007a8000000, 0x00000007a8000000)
  eden space 87424K, 100% used [0x00000007a0000000, 0x00000007a5560000, 0x00000007a5560000)
  from space 21824K,  48% used [0x00000007a5560000, 0x00000007a5fb1fe8, 0x00000007a6ab0000)
  to   space 21824K,   0% used [0x00000007a6ab0000, 0x00000007a6ab0000, 0x00000007a8000000)
 concurrent mark-sweep generation total 393216K, used 188239K [0x00000007a8000000, 0x00000007c0000000, 0x00000007c0000000)
 Metaspace       used 31974K, capacity 32504K, committed 32836K, reserved 1079296K
  class space    used 3736K, capacity 3899K, committed 3936K, reserved 1048576K
2016-10-23T20:01:44.769+0800: 41.461: [GC (Allocation Failure) 2016-10-23T20:01:44.769+0800: 41.461: [ParNew
Desired survivor size 20112992 bytes, new threshold 8 (max 8)
- age   1:    2577784 bytes,    2577784 total
- age   3:        392 bytes,    2578176 total
- age   4:       1064 bytes,    2579240 total
- age   5:       3016 bytes,    2582256 total
- age   6:      32704 bytes,    2614960 total
- age   7:    2451856 bytes,    5066816 total
- age   8:    3762408 bytes,    8829224 total
: 97991K->11742K(109248K), 0.0096214 secs] 286231K->202596K(502464K), 0.0096689 secs] [Times: user=0.04 sys=0.00, real=0.01 secs] 
Heap after GC invocations=41 (full 1):
 par new generation   total 109248K, used 11742K [0x00000007a0000000, 0x00000007a8000000, 0x00000007a8000000)
  eden space 87424K,   0% used [0x00000007a0000000, 0x00000007a0000000, 0x00000007a5560000)
  from space 21824K,  53% used [0x00000007a6ab0000, 0x00000007a76279d8, 0x00000007a8000000)
  to   space 21824K,   0% used [0x00000007a5560000, 0x00000007a5560000, 0x00000007a6ab0000)
 concurrent mark-sweep generation total 393216K, used 190854K [0x00000007a8000000, 0x00000007c0000000, 0x00000007c0000000)
 Metaspace       used 31974K, capacity 32504K, committed 32836K, reserved 1079296K
  class space    used 3736K, capacity 3899K, committed 3936K, reserved 1048576K
}
2016-10-23T20:01:44.779+0800: 41.471: Total time for which application threads were stopped: 0.0098823 seconds, Stopping threads took: 0.0000207 seconds
{Heap before GC invocations=41 (full 1):
 par new generation   total 109248K, used 99166K [0x00000007a0000000, 0x00000007a8000000, 0x00000007a8000000)
  eden space 87424K, 100% used [0x00000007a0000000, 0x00000007a5560000, 0x00000007a5560000)
  from space 21824K,  53% used [0x00000007a6ab0000, 0x00000007a76279d8, 0x00000007a8000000)
  to   space 21824K,   0% used [0x00000007a5560000, 0x00000007a5560000, 0x00000007a6ab0000)
 concurrent mark-sweep generation total 393216K, used 190854K [0x00000007a8000000, 0x00000007c0000000, 0x00000007c0000000)
 Metaspace       used 31974K, capacity 32504K, committed 32836K, reserved 1079296K
  class space    used 3736K, capacity 3899K, committed 3936K, reserved 1048576K
2016-10-23T20:01:45.015+0800: 41.707: [GC (Allocation Failure) 2016-10-23T20:01:45.015+0800: 41.707: [ParNew
Desired survivor size 20112992 bytes, new threshold 8 (max 8)
- age   1:    4383184 bytes,    4383184 total
- age   2:    2117104 bytes,    6500288 total
- age   4:        392 bytes,    6500680 total
- age   5:       1064 bytes,    6501744 total
- age   6:       3016 bytes,    6504760 total
- age   7:      32704 bytes,    6537464 total
- age   8:    2451856 bytes,    8989320 total
: 99166K->9399K(109248K), 0.0082661 secs] 290020K->203943K(502464K), 0.0083342 secs] [Times: user=0.02 sys=0.01, real=0.01 secs] 
Heap after GC invocations=42 (full 1):
 par new generation   total 109248K, used 9399K [0x00000007a0000000, 0x00000007a8000000, 0x00000007a8000000)
  eden space 87424K,   0% used [0x00000007a0000000, 0x00000007a0000000, 0x00000007a5560000)
  from space 21824K,  43% used [0x00000007a5560000, 0x00000007a5e8dfc0, 0x00000007a6ab0000)
  to   space 21824K,   0% used [0x00000007a6ab0000, 0x00000007a6ab0000, 0x00000007a8000000)
 concurrent mark-sweep generation total 393216K, used 194543K [0x00000007a8000000, 0x00000007c0000000, 0x00000007c0000000)
 Metaspace       used 31974K, capacity 32504K, committed 32836K, reserved 1079296K
  class space    used 3736K, capacity 3899K, committed 3936K, reserved 1048576K
}
2016-10-23T20:01:45.024+0800: 41.715: Total time for which application threads were stopped: 0.0084903 seconds, Stopping threads took: 0.0000191 seconds
{Heap before GC invocations=42 (full 1):
 par new generation   total 109248K, used 96823K [0x00000007a0000000, 0x00000007a8000000, 0x00000007a8000000)
  eden space 87424K, 100% used [0x00000007a0000000, 0x00000007a5560000, 0x00000007a5560000)
  from space 21824K,  43% used [0x00000007a5560000, 0x00000007a5e8dfc0, 0x00000007a6ab0000)
  to   space 21824K,   0% used [0x00000007a6ab0000, 0x00000007a6ab0000, 0x00000007a8000000)
 concurrent mark-sweep generation total 393216K, used 194543K [0x00000007a8000000, 0x00000007c0000000, 0x00000007c0000000)
 Metaspace       used 31974K, capacity 32504K, committed 32836K, reserved 1079296K
  class space    used 3736K, capacity 3899K, committed 3936K, reserved 1048576K
2016-10-23T20:01:45.245+0800: 41.937: [GC (Allocation Failure) 2016-10-23T20:01:45.245+0800: 41.937: [ParNew
Desired survivor size 20112992 bytes, new threshold 8 (max 8)
- age   1:    5674760 bytes,    5674760 total
- age   2:    2635272 bytes,    8310032 total
- age   3:    2113592 bytes,   10423624 total
- age   5:        392 bytes,   10424016 total
- age   6:       1064 bytes,   10425080 total
- age   7:       3016 bytes,   10428096 total
- age   8:      32704 bytes,   10460800 total
: 96823K->15256K(109248K), 0.0091232 secs] 291367K->212205K(502464K), 0.0091764 secs] [Times: user=0.04 sys=0.00, real=0.01 secs] 
Heap after GC invocations=43 (full 1):
 par new generation   total 109248K, used 15256K [0x00000007a0000000, 0x00000007a8000000, 0x00000007a8000000)
  eden space 87424K,   0% used [0x00000007a0000000, 0x00000007a0000000, 0x00000007a5560000)
  from space 21824K,  69% used [0x00000007a6ab0000, 0x00000007a7996380, 0x00000007a8000000)
  to   space 21824K,   0% used [0x00000007a5560000, 0x00000007a5560000, 0x00000007a6ab0000)
 concurrent mark-sweep generation total 393216K, used 196949K [0x00000007a8000000, 0x00000007c0000000, 0x00000007c0000000)
 Metaspace       used 31974K, capacity 32504K, committed 32836K, reserved 1079296K
  class space    used 3736K, capacity 3899K, committed 3936K, reserved 1048576K
}
2016-10-23T20:01:45.254+0800: 41.946: Total time for which application threads were stopped: 0.0093254 seconds, Stopping threads took: 0.0000214 seconds
2016-10-23T20:01:45.254+0800: 41.946: [GC (CMS Initial Mark) [1 CMS-initial-mark: 196949K(393216K)] 213949K(502464K), 0.0011719 secs] [Times: user=0.01 sys=0.00, real=0.00 secs] 
2016-10-23T20:01:45.256+0800: 41.947: Total time for which application threads were stopped: 0.0013002 seconds, Stopping threads took: 0.0000613 seconds
2016-10-23T20:01:45.256+0800: 41.947: [CMS-concurrent-mark-start]
2016-10-23T20:01:45.274+0800: 41.966: [CMS-concurrent-mark: 0.018/0.018 secs] [Times: user=0.10 sys=0.00, real=0.02 secs] 
2016-10-23T20:01:45.274+0800: 41.966: [CMS-concurrent-preclean-start]
2016-10-23T20:01:45.275+0800: 41.967: [CMS-concurrent-preclean: 0.001/0.001 secs] [Times: user=0.00 sys=0.00, real=0.00 secs] 
2016-10-23T20:01:45.275+0800: 41.967: [CMS-concurrent-abortable-preclean-start]
2016-10-23T20:01:45.383+0800: 42.075: [CMS-concurrent-abortable-preclean: 0.108/0.108 secs] [Times: user=0.21 sys=0.00, real=0.11 secs] 
2016-10-23T20:01:45.384+0800: 42.075: [GC (CMS Final Remark) [YG occupancy: 64918 K (109248 K)]{Heap before GC invocations=43 (full 2):
 par new generation   total 109248K, used 64918K [0x00000007a0000000, 0x00000007a8000000, 0x00000007a8000000)
  eden space 87424K,  56% used [0x00000007a0000000, 0x00000007a307f710, 0x00000007a5560000)
  from space 21824K,  69% used [0x00000007a6ab0000, 0x00000007a7996380, 0x00000007a8000000)
  to   space 21824K,   0% used [0x00000007a5560000, 0x00000007a5560000, 0x00000007a6ab0000)
 concurrent mark-sweep generation total 393216K, used 196949K [0x00000007a8000000, 0x00000007c0000000, 0x00000007c0000000)
 Metaspace       used 31974K, capacity 32504K, committed 32836K, reserved 1079296K
  class space    used 3736K, capacity 3899K, committed 3936K, reserved 1048576K
2016-10-23T20:01:45.384+0800: 42.075: [GC (CMS Final Remark) 2016-10-23T20:01:45.384+0800: 42.075: [ParNew
Desired survivor size 20112992 bytes, new threshold 8 (max 8)
- age   1:    4008592 bytes,    4008592 total
- age   2:    3682728 bytes,    7691320 total
- age   3:    2585352 bytes,   10276672 total
- age   4:    2096104 bytes,   12372776 total
- age   6:        392 bytes,   12373168 total
- age   7:       1064 bytes,   12374232 total
- age   8:       3016 bytes,   12377248 total
: 64918K->12910K(109248K), 0.0066954 secs] 261867K->209891K(502464K), 0.0067526 secs] [Times: user=0.02 sys=0.00, real=0.01 secs] 
Heap after GC invocations=44 (full 2):
 par new generation   total 109248K, used 12910K [0x00000007a0000000, 0x00000007a8000000, 0x00000007a8000000)
  eden space 87424K,   0% used [0x00000007a0000000, 0x00000007a0000000, 0x00000007a5560000)
  from space 21824K,  59% used [0x00000007a5560000, 0x00000007a61fb9b8, 0x00000007a6ab0000)
  to   space 21824K,   0% used [0x00000007a6ab0000, 0x00000007a6ab0000, 0x00000007a8000000)
 concurrent mark-sweep generation total 393216K, used 196981K [0x00000007a8000000, 0x00000007c0000000, 0x00000007c0000000)
 Metaspace       used 31974K, capacity 32504K, committed 32836K, reserved 1079296K
  class space    used 3736K, capacity 3899K, committed 3936K, reserved 1048576K
}
2016-10-23T20:01:45.391+0800: 42.082: [Rescan (parallel) , 0.0022188 secs]2016-10-23T20:01:45.393+0800: 42.084: [weak refs processing, 0.0009742 secs]2016-10-23T20:01:45.394+0800: 42.085: [class unloading, 0.0071261 secs]2016-10-23T20:01:45.401+0800: 42.092: [scrub symbol table, 0.0055941 secs]2016-10-23T20:01:45.407+0800: 42.098: [scrub string table, 0.0005583 secs][1 CMS-remark: 196981K(393216K)] 209891K(502464K), 0.0248181 secs] [Times: user=0.04 sys=0.00, real=0.02 secs] 
2016-10-23T20:01:45.409+0800: 42.100: Total time for which application threads were stopped: 0.0249865 seconds, Stopping threads took: 0.0000716 seconds
2016-10-23T20:01:45.409+0800: 42.100: [CMS-concurrent-sweep-start]
2016-10-23T20:01:45.439+0800: 42.130: [CMS-concurrent-sweep: 0.030/0.030 secs] [Times: user=0.06 sys=0.00, real=0.03 secs] 
2016-10-23T20:01:45.439+0800: 42.130: [CMS-concurrent-reset-start]
2016-10-23T20:01:45.439+0800: 42.131: [CMS-concurrent-reset: 0.000/0.000 secs] [Times: user=0.00 sys=0.00, real=0.00 secs] 
{Heap before GC invocations=44 (full 2):
 par new generation   total 109248K, used 100334K [0x00000007a0000000, 0x00000007a8000000, 0x00000007a8000000)
  eden space 87424K, 100% used [0x00000007a0000000, 0x00000007a5560000, 0x00000007a5560000)
  from space 21824K,  59% used [0x00000007a5560000, 0x00000007a61fb9b8, 0x00000007a6ab0000)
  to   space 21824K,   0% used [0x00000007a6ab0000, 0x00000007a6ab0000, 0x00000007a8000000)
 concurrent mark-sweep generation total 393216K, used 30237K [0x00000007a8000000, 0x00000007c0000000, 0x00000007c0000000)
 Metaspace       used 31974K, capacity 32504K, committed 32836K, reserved 1079296K
  class space    used 3736K, capacity 3899K, committed 3936K, reserved 1048576K
2016-10-23T20:01:45.634+0800: 42.325: [GC (Allocation Failure) 2016-10-23T20:01:45.634+0800: 42.325: [ParNew
Desired survivor size 20112992 bytes, new threshold 8 (max 8)
- age   1:    7536248 bytes,    7536248 total
- age   2:    1550976 bytes,    9087224 total
- age   3:    2698752 bytes,   11785976 total
- age   4:    2498680 bytes,   14284656 total
- age   5:    2079904 bytes,   16364560 total
- age   7:        392 bytes,   16364952 total
- age   8:       1064 bytes,   16366016 total
: 100334K->20999K(109248K), 0.0060701 secs] 130571K->51240K(502464K), 0.0061282 secs] [Times: user=0.02 sys=0.00, real=0.01 secs] 
Heap after GC invocations=45 (full 2):
 par new generation   total 109248K, used 20999K [0x00000007a0000000, 0x00000007a8000000, 0x00000007a8000000)
  eden space 87424K,   0% used [0x00000007a0000000, 0x00000007a0000000, 0x00000007a5560000)
  from space 21824K,  96% used [0x00000007a6ab0000, 0x00000007a7f31f40, 0x00000007a8000000)
  to   space 21824K,   0% used [0x00000007a5560000, 0x00000007a5560000, 0x00000007a6ab0000)
 concurrent mark-sweep generation total 393216K, used 30240K [0x00000007a8000000, 0x00000007c0000000, 0x00000007c0000000)
 Metaspace       used 31974K, capacity 32504K, committed 32836K, reserved 1079296K
  class space    used 3736K, capacity 3899K, committed 3936K, reserved 1048576K
}
2016-10-23T20:01:45.640+0800: 42.332: Total time for which application threads were stopped: 0.0063108 seconds, Stopping threads took: 0.0000305 seconds
{Heap before GC invocations=45 (full 2):
 par new generation   total 109248K, used 108423K [0x00000007a0000000, 0x00000007a8000000, 0x00000007a8000000)
  eden space 87424K, 100% used [0x00000007a0000000, 0x00000007a5560000, 0x00000007a5560000)
  from space 21824K,  96% used [0x00000007a6ab0000, 0x00000007a7f31f40, 0x00000007a8000000)
  to   space 21824K,   0% used [0x00000007a5560000, 0x00000007a5560000, 0x00000007a6ab0000)
 concurrent mark-sweep generation total 393216K, used 30240K [0x00000007a8000000, 0x00000007c0000000, 0x00000007c0000000)
 Metaspace       used 31974K, capacity 32504K, committed 32836K, reserved 1079296K
  class space    used 3736K, capacity 3899K, committed 3936K, reserved 1048576K
2016-10-23T20:01:45.867+0800: 42.558: [GC (Allocation Failure) 2016-10-23T20:01:45.867+0800: 42.558: [ParNew
Desired survivor size 20112992 bytes, new threshold 8 (max 8)
- age   1:    6897096 bytes,    6897096 total
- age   2:    3812712 bytes,   10709808 total
- age   3:    1479256 bytes,   12189064 total
- age   4:    2595888 bytes,   14784952 total
- age   5:    2498680 bytes,   17283632 total
- age   6:    2079904 bytes,   19363536 total
- age   8:        392 bytes,   19363928 total
: 108423K->21775K(109248K), 0.0086038 secs] 138664K->52529K(502464K), 0.0086728 secs] [Times: user=0.03 sys=0.00, real=0.01 secs] 
Heap after GC invocations=46 (full 2):
 par new generation   total 109248K, used 21775K [0x00000007a0000000, 0x00000007a8000000, 0x00000007a8000000)
  eden space 87424K,   0% used [0x00000007a0000000, 0x00000007a0000000, 0x00000007a5560000)
  from space 21824K,  99% used [0x00000007a5560000, 0x00000007a6aa3f78, 0x00000007a6ab0000)
  to   space 21824K,   0% used [0x00000007a6ab0000, 0x00000007a6ab0000, 0x00000007a8000000)
 concurrent mark-sweep generation total 393216K, used 30753K [0x00000007a8000000, 0x00000007c0000000, 0x00000007c0000000)
 Metaspace       used 31974K, capacity 32504K, committed 32836K, reserved 1079296K
  class space    used 3736K, capacity 3899K, committed 3936K, reserved 1048576K
}
2016-10-23T20:01:45.875+0800: 42.567: Total time for which application threads were stopped: 0.0088577 seconds, Stopping threads took: 0.0000238 seconds
{Heap before GC invocations=46 (full 2):
 par new generation   total 109248K, used 109199K [0x00000007a0000000, 0x00000007a8000000, 0x00000007a8000000)
  eden space 87424K, 100% used [0x00000007a0000000, 0x00000007a5560000, 0x00000007a5560000)
  from space 21824K,  99% used [0x00000007a5560000, 0x00000007a6aa3f78, 0x00000007a6ab0000)
  to   space 21824K,   0% used [0x00000007a6ab0000, 0x00000007a6ab0000, 0x00000007a8000000)
 concurrent mark-sweep generation total 393216K, used 30753K [0x00000007a8000000, 0x00000007c0000000, 0x00000007c0000000)
 Metaspace       used 31974K, capacity 32504K, committed 32836K, reserved 1079296K
  class space    used 3736K, capacity 3899K, committed 3936K, reserved 1048576K
2016-10-23T20:01:46.104+0800: 42.796: [GC (Allocation Failure) 2016-10-23T20:01:46.104+0800: 42.796: [ParNew
Desired survivor size 20112992 bytes, new threshold 8 (max 8)
- age   1:    6464920 bytes,    6464920 total
- age   2:    2642136 bytes,    9107056 total
- age   3:    3459768 bytes,   12566824 total
- age   4:    1276232 bytes,   13843056 total
- age   5:    2312288 bytes,   16155344 total
- age   6:    2240464 bytes,   18395808 total
- age   7:    1315360 bytes,   19711168 total
: 109199K->21824K(109248K), 0.0076428 secs] 139953K->55437K(502464K), 0.0077187 secs] [Times: user=0.03 sys=0.00, real=0.01 secs] 
Heap after GC invocations=47 (full 2):
 par new generation   total 109248K, used 21824K [0x00000007a0000000, 0x00000007a8000000, 0x00000007a8000000)
  eden space 87424K,   0% used [0x00000007a0000000, 0x00000007a0000000, 0x00000007a5560000)
  from space 21824K, 100% used [0x00000007a6ab0000, 0x00000007a8000000, 0x00000007a8000000)
  to   space 21824K,   0% used [0x00000007a5560000, 0x00000007a5560000, 0x00000007a6ab0000)
 concurrent mark-sweep generation total 393216K, used 33613K [0x00000007a8000000, 0x00000007c0000000, 0x00000007c0000000)
 Metaspace       used 31974K, capacity 32504K, committed 32836K, reserved 1079296K
  class space    used 3736K, capacity 3899K, committed 3936K, reserved 1048576K
}
2016-10-23T20:01:46.112+0800: 42.803: Total time for which application threads were stopped: 0.0078762 seconds, Stopping threads took: 0.0000309 seconds
{Heap before GC invocations=47 (full 2):
 par new generation   total 109248K, used 109248K [0x00000007a0000000, 0x00000007a8000000, 0x00000007a8000000)
  eden space 87424K, 100% used [0x00000007a0000000, 0x00000007a5560000, 0x00000007a5560000)
  from space 21824K, 100% used [0x00000007a6ab0000, 0x00000007a8000000, 0x00000007a8000000)
  to   space 21824K,   0% used [0x00000007a5560000, 0x00000007a5560000, 0x00000007a6ab0000)
 concurrent mark-sweep generation total 393216K, used 33613K [0x00000007a8000000, 0x00000007c0000000, 0x00000007c0000000)
 Metaspace       used 31974K, capacity 32504K, committed 32836K, reserved 1079296K
  class space    used 3736K, capacity 3899K, committed 3936K, reserved 1048576K
2016-10-23T20:01:46.349+0800: 43.041: [GC (Allocation Failure) 2016-10-23T20:01:46.349+0800: 43.041: [ParNew
Desired survivor size 20112992 bytes, new threshold 8 (max 8)
- age   1:    5923008 bytes,    5923008 total
- age   2:    1998944 bytes,    7921952 total
- age   3:    2523104 bytes,   10445056 total
- age   4:    2128696 bytes,   12573752 total
- age   5:    1176816 bytes,   13750568 total
- age   6:    2191640 bytes,   15942208 total
- age   7:    2156448 bytes,   18098656 total
- age   8:     942800 bytes,   19041456 total
: 109248K->21824K(109248K), 0.0083755 secs] 142861K->62055K(502464K), 0.0084680 secs] [Times: user=0.03 sys=0.00, real=0.01 secs] 
Heap after GC invocations=48 (full 2):
 par new generation   total 109248K, used 21824K [0x00000007a0000000, 0x00000007a8000000, 0x00000007a8000000)
  eden space 87424K,   0% used [0x00000007a0000000, 0x00000007a0000000, 0x00000007a5560000)
  from space 21824K, 100% used [0x00000007a5560000, 0x00000007a6ab0000, 0x00000007a6ab0000)
  to   space 21824K,   0% used [0x00000007a6ab0000, 0x00000007a6ab0000, 0x00000007a8000000)
 concurrent mark-sweep generation total 393216K, used 40231K [0x00000007a8000000, 0x00000007c0000000, 0x00000007c0000000)
 Metaspace       used 31974K, capacity 32504K, committed 32836K, reserved 1079296K
  class space    used 3736K, capacity 3899K, committed 3936K, reserved 1048576K
}
2016-10-23T20:01:46.358+0800: 43.049: Total time for which application threads were stopped: 0.0086340 seconds, Stopping threads took: 0.0000288 seconds
{Heap before GC invocations=48 (full 2):
 par new generation   total 109248K, used 109248K [0x00000007a0000000, 0x00000007a8000000, 0x00000007a8000000)
  eden space 87424K, 100% used [0x00000007a0000000, 0x00000007a5560000, 0x00000007a5560000)
  from space 21824K, 100% used [0x00000007a5560000, 0x00000007a6ab0000, 0x00000007a6ab0000)
  to   space 21824K,   0% used [0x00000007a6ab0000, 0x00000007a6ab0000, 0x00000007a8000000)
 concurrent mark-sweep generation total 393216K, used 40231K [0x00000007a8000000, 0x00000007c0000000, 0x00000007c0000000)
 Metaspace       used 31974K, capacity 32504K, committed 32836K, reserved 1079296K
  class space    used 3736K, capacity 3899K, committed 3936K, reserved 1048576K
2016-10-23T20:01:46.584+0800: 43.275: [GC (Allocation Failure) 2016-10-23T20:01:46.584+0800: 43.275: [ParNew
Desired survivor size 20112992 bytes, new threshold 8 (max 8)
- age   1:    8745592 bytes,    8745592 total
- age   2:    2353936 bytes,   11099528 total
- age   3:    1208888 bytes,   12308416 total
- age   4:    1341272 bytes,   13649688 total
- age   5:     915384 bytes,   14565072 total
- age   6:    1158312 bytes,   15723384 total
- age   7:    2157584 bytes,   17880968 total
- age   8:    2120888 bytes,   20001856 total
: 109248K->21824K(109248K), 0.0093272 secs] 149479K->68059K(502464K), 0.0094000 secs] [Times: user=0.04 sys=0.00, real=0.01 secs] 
Heap after GC invocations=49 (full 2):
 par new generation   total 109248K, used 21824K [0x00000007a0000000, 0x00000007a8000000, 0x00000007a8000000)
  eden space 87424K,   0% used [0x00000007a0000000, 0x00000007a0000000, 0x00000007a5560000)
  from space 21824K, 100% used [0x00000007a6ab0000, 0x00000007a8000000, 0x00000007a8000000)
  to   space 21824K,   0% used [0x00000007a5560000, 0x00000007a5560000, 0x00000007a6ab0000)
 concurrent mark-sweep generation total 393216K, used 46235K [0x00000007a8000000, 0x00000007c0000000, 0x00000007c0000000)
 Metaspace       used 31974K, capacity 32504K, committed 32836K, reserved 1079296K
  class space    used 3736K, capacity 3899K, committed 3936K, reserved 1048576K
}
2016-10-23T20:01:46.593+0800: 43.285: Total time for which application threads were stopped: 0.0095924 seconds, Stopping threads took: 0.0000228 seconds
{Heap before GC invocations=49 (full 2):
 par new generation   total 109248K, used 109248K [0x00000007a0000000, 0x00000007a8000000, 0x00000007a8000000)
  eden space 87424K, 100% used [0x00000007a0000000, 0x00000007a5560000, 0x00000007a5560000)
  from space 21824K, 100% used [0x00000007a6ab0000, 0x00000007a8000000, 0x00000007a8000000)
  to   space 21824K,   0% used [0x00000007a5560000, 0x00000007a5560000, 0x00000007a6ab0000)
 concurrent mark-sweep generation total 393216K, used 46235K [0x00000007a8000000, 0x00000007c0000000, 0x00000007c0000000)
 Metaspace       used 31974K, capacity 32504K, committed 32836K, reserved 1079296K
  class space    used 3736K, capacity 3899K, committed 3936K, reserved 1048576K
2016-10-23T20:01:46.826+0800: 43.518: [GC (Allocation Failure) 2016-10-23T20:01:46.826+0800: 43.518: [ParNew
Desired survivor size 20112992 bytes, new threshold 8 (max 8)
- age   1:    7868048 bytes,    7868048 total
- age   2:    2414336 bytes,   10282384 total
- age   3:    2220480 bytes,   12502864 total
- age   4:    1172512 bytes,   13675376 total
- age   5:    1181360 bytes,   14856736 total
- age   6:     886016 bytes,   15742752 total
- age   7:     977256 bytes,   16720008 total
- age   8:    2130360 bytes,   18850368 total
: 109248K->21824K(109248K), 0.0091358 secs] 155483K->72633K(502464K), 0.0091900 secs] [Times: user=0.04 sys=0.00, real=0.01 secs] 
Heap after GC invocations=50 (full 2):
 par new generation   total 109248K, used 21824K [0x00000007a0000000, 0x00000007a8000000, 0x00000007a8000000)
  eden space 87424K,   0% used [0x00000007a0000000, 0x00000007a0000000, 0x00000007a5560000)
  from space 21824K, 100% used [0x00000007a5560000, 0x00000007a6ab0000, 0x00000007a6ab0000)
  to   space 21824K,   0% used [0x00000007a6ab0000, 0x00000007a6ab0000, 0x00000007a8000000)
 concurrent mark-sweep generation total 393216K, used 50809K [0x00000007a8000000, 0x00000007c0000000, 0x00000007c0000000)
 Metaspace       used 31974K, capacity 32504K, committed 32836K, reserved 1079296K
  class space    used 3736K, capacity 3899K, committed 3936K, reserved 1048576K
}
2016-10-23T20:01:46.836+0800: 43.527: Total time for which application threads were stopped: 0.0093493 seconds, Stopping threads took: 0.0000308 seconds
{Heap before GC invocations=50 (full 2):
 par new generation   total 109248K, used 109248K [0x00000007a0000000, 0x00000007a8000000, 0x00000007a8000000)
  eden space 87424K, 100% used [0x00000007a0000000, 0x00000007a5560000, 0x00000007a5560000)
  from space 21824K, 100% used [0x00000007a5560000, 0x00000007a6ab0000, 0x00000007a6ab0000)
  to   space 21824K,   0% used [0x00000007a6ab0000, 0x00000007a6ab0000, 0x00000007a8000000)
 concurrent mark-sweep generation total 393216K, used 50809K [0x00000007a8000000, 0x00000007c0000000, 0x00000007c0000000)
 Metaspace       used 31974K, capacity 32504K, committed 32836K, reserved 1079296K
  class space    used 3736K, capacity 3899K, committed 3936K, reserved 1048576K
2016-10-23T20:01:47.074+0800: 43.765: [GC (Allocation Failure) 2016-10-23T20:01:47.074+0800: 43.765: [ParNew
Desired survivor size 20112992 bytes, new threshold 8 (max 8)
- age   1:    6886072 bytes,    6886072 total
- age   2:    1965664 bytes,    8851736 total
- age   3:    2114904 bytes,   10966640 total
- age   4:    1756760 bytes,   12723400 total
- age   5:     914240 bytes,   13637640 total
- age   6:    1022232 bytes,   14659872 total
- age   7:     855240 bytes,   15515112 total
- age   8:     466552 bytes,   15981664 total
: 109248K->21824K(109248K), 0.0098115 secs] 160057K->79397K(502464K), 0.0098789 secs] [Times: user=0.03 sys=0.00, real=0.01 secs] 
Heap after GC invocations=51 (full 2):
 par new generation   total 109248K, used 21824K [0x00000007a0000000, 0x00000007a8000000, 0x00000007a8000000)
  eden space 87424K,   0% used [0x00000007a0000000, 0x00000007a0000000, 0x00000007a5560000)
  from space 21824K, 100% used [0x00000007a6ab0000, 0x00000007a8000000, 0x00000007a8000000)
  to   space 21824K,   0% used [0x00000007a5560000, 0x00000007a5560000, 0x00000007a6ab0000)
 concurrent mark-sweep generation total 393216K, used 57573K [0x00000007a8000000, 0x00000007c0000000, 0x00000007c0000000)
 Metaspace       used 31974K, capacity 32504K, committed 32836K, reserved 1079296K
  class space    used 3736K, capacity 3899K, committed 3936K, reserved 1048576K
}
2016-10-23T20:01:47.084+0800: 43.775: Total time for which application threads were stopped: 0.0100442 seconds, Stopping threads took: 0.0000290 seconds
{Heap before GC invocations=51 (full 2):
 par new generation   total 109248K, used 109248K [0x00000007a0000000, 0x00000007a8000000, 0x00000007a8000000)
  eden space 87424K, 100% used [0x00000007a0000000, 0x00000007a5560000, 0x00000007a5560000)
  from space 21824K, 100% used [0x00000007a6ab0000, 0x00000007a8000000, 0x00000007a8000000)
  to   space 21824K,   0% used [0x00000007a5560000, 0x00000007a5560000, 0x00000007a6ab0000)
 concurrent mark-sweep generation total 393216K, used 57573K [0x00000007a8000000, 0x00000007c0000000, 0x00000007c0000000)
 Metaspace       used 31974K, capacity 32504K, committed 32836K, reserved 1079296K
  class space    used 3736K, capacity 3899K, committed 3936K, reserved 1048576K
2016-10-23T20:01:47.321+0800: 44.013: [GC (Allocation Failure) 2016-10-23T20:01:47.321+0800: 44.013: [ParNew
Desired survivor size 20112992 bytes, new threshold 8 (max 8)
- age   1:    4902664 bytes,    4902664 total
- age   2:    5365096 bytes,   10267760 total
- age   3:    1449632 bytes,   11717392 total
- age   4:    2112592 bytes,   13829984 total
- age   5:    1756736 bytes,   15586720 total
- age   6:     914216 bytes,   16500936 total
- age   7:    1022208 bytes,   17523144 total
- age   8:     855192 bytes,   18378336 total
: 109248K->21824K(109248K), 0.0091474 secs] 166821K->79871K(502464K), 0.0092432 secs] [Times: user=0.03 sys=0.00, real=0.01 secs] 
Heap after GC invocations=52 (full 2):
 par new generation   total 109248K, used 21824K [0x00000007a0000000, 0x00000007a8000000, 0x00000007a8000000)
  eden space 87424K,   0% used [0x00000007a0000000, 0x00000007a0000000, 0x00000007a5560000)
  from space 21824K, 100% used [0x00000007a5560000, 0x00000007a6ab0000, 0x00000007a6ab0000)
  to   space 21824K,   0% used [0x00000007a6ab0000, 0x00000007a6ab0000, 0x00000007a8000000)
 concurrent mark-sweep generation total 393216K, used 58047K [0x00000007a8000000, 0x00000007c0000000, 0x00000007c0000000)
 Metaspace       used 31974K, capacity 32504K, committed 32836K, reserved 1079296K
  class space    used 3736K, capacity 3899K, committed 3936K, reserved 1048576K
}
2016-10-23T20:01:47.331+0800: 44.022: Total time for which application threads were stopped: 0.0094247 seconds, Stopping threads took: 0.0000246 seconds
{Heap before GC invocations=52 (full 2):
 par new generation   total 109248K, used 109248K [0x00000007a0000000, 0x00000007a8000000, 0x00000007a8000000)
  eden space 87424K, 100% used [0x00000007a0000000, 0x00000007a5560000, 0x00000007a5560000)
  from space 21824K, 100% used [0x00000007a5560000, 0x00000007a6ab0000, 0x00000007a6ab0000)
  to   space 21824K,   0% used [0x00000007a6ab0000, 0x00000007a6ab0000, 0x00000007a8000000)
 concurrent mark-sweep generation total 393216K, used 58047K [0x00000007a8000000, 0x00000007c0000000, 0x00000007c0000000)
 Metaspace       used 31974K, capacity 32504K, committed 32836K, reserved 1079296K
  class space    used 3736K, capacity 3899K, committed 3936K, reserved 1048576K
2016-10-23T20:01:47.566+0800: 44.257: [GC (Allocation Failure) 2016-10-23T20:01:47.566+0800: 44.257: [ParNew
Desired survivor size 20112992 bytes, new threshold 8 (max 8)
- age   1:    6566008 bytes,    6566008 total
- age   2:    4069648 bytes,   10635656 total
- age   3:    1696872 bytes,   12332528 total
- age   4:    1413888 bytes,   13746416 total
- age   5:    2090216 bytes,   15836632 total
- age   6:    1735656 bytes,   17572288 total
- age   7:     892008 bytes,   18464296 total
- age   8:    1002376 bytes,   19466672 total
: 109248K->21824K(109248K), 0.0108083 secs] 167295K->84181K(502464K), 0.0108731 secs] [Times: user=0.04 sys=0.00, real=0.01 secs] 
Heap after GC invocations=53 (full 2):
 par new generation   total 109248K, used 21824K [0x00000007a0000000, 0x00000007a8000000, 0x00000007a8000000)
  eden space 87424K,   0% used [0x00000007a0000000, 0x00000007a0000000, 0x00000007a5560000)
  from space 21824K, 100% used [0x00000007a6ab0000, 0x00000007a8000000, 0x00000007a8000000)
  to   space 21824K,   0% used [0x00000007a5560000, 0x00000007a5560000, 0x00000007a6ab0000)
 concurrent mark-sweep generation total 393216K, used 62357K [0x00000007a8000000, 0x00000007c0000000, 0x00000007c0000000)
 Metaspace       used 31974K, capacity 32504K, committed 32836K, reserved 1079296K
  class space    used 3736K, capacity 3899K, committed 3936K, reserved 1048576K
}
2016-10-23T20:01:47.577+0800: 44.268: Total time for which application threads were stopped: 0.0110351 seconds, Stopping threads took: 0.0000201 seconds
{Heap before GC invocations=53 (full 2):
 par new generation   total 109248K, used 109248K [0x00000007a0000000, 0x00000007a8000000, 0x00000007a8000000)
  eden space 87424K, 100% used [0x00000007a0000000, 0x00000007a5560000, 0x00000007a5560000)
  from space 21824K, 100% used [0x00000007a6ab0000, 0x00000007a8000000, 0x00000007a8000000)
  to   space 21824K,   0% used [0x00000007a5560000, 0x00000007a5560000, 0x00000007a6ab0000)
 concurrent mark-sweep generation total 393216K, used 62357K [0x00000007a8000000, 0x00000007c0000000, 0x00000007c0000000)
 Metaspace       used 31974K, capacity 32504K, committed 32836K, reserved 1079296K
  class space    used 3736K, capacity 3899K, committed 3936K, reserved 1048576K
2016-10-23T20:01:47.823+0800: 44.514: [GC (Allocation Failure) 2016-10-23T20:01:47.823+0800: 44.515: [ParNew
Desired survivor size 20112992 bytes, new threshold 8 (max 8)
- age   1:   11908200 bytes,   11908200 total
- age   2:    1275088 bytes,   13183288 total
- age   3:    1975136 bytes,   15158424 total
- age   4:     856224 bytes,   16014648 total
- age   5:    1003752 bytes,   17018400 total
- age   6:    1713584 bytes,   18731984 total
- age   7:     586232 bytes,   19318216 total
- age   8:     534560 bytes,   19852776 total
: 109248K->21824K(109248K), 0.0119232 secs] 171605K->93796K(502464K), 0.0124402 secs] [Times: user=0.04 sys=0.00, real=0.01 secs] 
Heap after GC invocations=54 (full 2):
 par new generation   total 109248K, used 21824K [0x00000007a0000000, 0x00000007a8000000, 0x00000007a8000000)
  eden space 87424K,   0% used [0x00000007a0000000, 0x00000007a0000000, 0x00000007a5560000)
  from space 21824K, 100% used [0x00000007a5560000, 0x00000007a6ab0000, 0x00000007a6ab0000)
  to   space 21824K,   0% used [0x00000007a6ab0000, 0x00000007a6ab0000, 0x00000007a8000000)
 concurrent mark-sweep generation total 393216K, used 71972K [0x00000007a8000000, 0x00000007c0000000, 0x00000007c0000000)
 Metaspace       used 31974K, capacity 32504K, committed 32836K, reserved 1079296K
  class space    used 3736K, capacity 3899K, committed 3936K, reserved 1048576K
}
2016-10-23T20:01:47.835+0800: 44.527: Total time for which application threads were stopped: 0.0125912 seconds, Stopping threads took: 0.0000294 seconds
{Heap before GC invocations=54 (full 2):
 par new generation   total 109248K, used 109248K [0x00000007a0000000, 0x00000007a8000000, 0x00000007a8000000)
  eden space 87424K, 100% used [0x00000007a0000000, 0x00000007a5560000, 0x00000007a5560000)
  from space 21824K, 100% used [0x00000007a5560000, 0x00000007a6ab0000, 0x00000007a6ab0000)
  to   space 21824K,   0% used [0x00000007a6ab0000, 0x00000007a6ab0000, 0x00000007a8000000)
 concurrent mark-sweep generation total 393216K, used 71972K [0x00000007a8000000, 0x00000007c0000000, 0x00000007c0000000)
 Metaspace       used 31974K, capacity 32504K, committed 32836K, reserved 1079296K
  class space    used 3736K, capacity 3899K, committed 3936K, reserved 1048576K
2016-10-23T20:01:48.095+0800: 44.787: [GC (Allocation Failure) 2016-10-23T20:01:48.095+0800: 44.787: [ParNew
Desired survivor size 20112992 bytes, new threshold 8 (max 8)
- age   1:    4156384 bytes,    4156384 total
- age   2:    8513776 bytes,   12670160 total
- age   3:     837928 bytes,   13508088 total
- age   4:     862848 bytes,   14370936 total
- age   5:     809568 bytes,   15180504 total
- age   6:     987432 bytes,   16167936 total
- age   7:    1702432 bytes,   17870368 total
- age   8:     573912 bytes,   18444280 total
: 109248K->21824K(109248K), 0.0088690 secs] 181220K->100847K(502464K), 0.0089324 secs] [Times: user=0.03 sys=0.00, real=0.01 secs] 
Heap after GC invocations=55 (full 2):
 par new generation   total 109248K, used 21824K [0x00000007a0000000, 0x00000007a8000000, 0x00000007a8000000)
  eden space 87424K,   0% used [0x00000007a0000000, 0x00000007a0000000, 0x00000007a5560000)
  from space 21824K, 100% used [0x00000007a6ab0000, 0x00000007a8000000, 0x00000007a8000000)
  to   space 21824K,   0% used [0x00000007a5560000, 0x00000007a5560000, 0x00000007a6ab0000)
 concurrent mark-sweep generation total 393216K, used 79023K [0x00000007a8000000, 0x00000007c0000000, 0x00000007c0000000)
 Metaspace       used 31974K, capacity 32504K, committed 32836K, reserved 1079296K
  class space    used 3736K, capacity 3899K, committed 3936K, reserved 1048576K
}
2016-10-23T20:01:48.104+0800: 44.796: Total time for which application threads were stopped: 0.0091020 seconds, Stopping threads took: 0.0000208 seconds
{Heap before GC invocations=55 (full 2):
 par new generation   total 109248K, used 109248K [0x00000007a0000000, 0x00000007a8000000, 0x00000007a8000000)
  eden space 87424K, 100% used [0x00000007a0000000, 0x00000007a5560000, 0x00000007a5560000)
  from space 21824K, 100% used [0x00000007a6ab0000, 0x00000007a8000000, 0x00000007a8000000)
  to   space 21824K,   0% used [0x00000007a5560000, 0x00000007a5560000, 0x00000007a6ab0000)
 concurrent mark-sweep generation total 393216K, used 79023K [0x00000007a8000000, 0x00000007c0000000, 0x00000007c0000000)
 Metaspace       used 31974K, capacity 32504K, committed 32836K, reserved 1079296K
  class space    used 3736K, capacity 3899K, committed 3936K, reserved 1048576K
2016-10-23T20:01:48.320+0800: 45.012: [GC (Allocation Failure) 2016-10-23T20:01:48.320+0800: 45.012: [ParNew
Desired survivor size 20112992 bytes, new threshold 8 (max 8)
- age   1:    7798776 bytes,    7798776 total
- age   2:    3754176 bytes,   11552952 total
- age   3:    4550672 bytes,   16103624 total
- age   4:     762736 bytes,   16866360 total
- age   5:     808432 bytes,   17674792 total
- age   6:     778384 bytes,   18453176 total
- age   7:     950560 bytes,   19403736 total
- age   8:    1663032 bytes,   21066768 total
: 109248K->21824K(109248K), 0.0089818 secs] 188271K->105401K(502464K), 0.0090484 secs] [Times: user=0.03 sys=0.00, real=0.00 secs] 
Heap after GC invocations=56 (full 2):
 par new generation   total 109248K, used 21824K [0x00000007a0000000, 0x00000007a8000000, 0x00000007a8000000)
  eden space 87424K,   0% used [0x00000007a0000000, 0x00000007a0000000, 0x00000007a5560000)
  from space 21824K, 100% used [0x00000007a5560000, 0x00000007a6ab0000, 0x00000007a6ab0000)
  to   space 21824K,   0% used [0x00000007a6ab0000, 0x00000007a6ab0000, 0x00000007a8000000)
 concurrent mark-sweep generation total 393216K, used 83577K [0x00000007a8000000, 0x00000007c0000000, 0x00000007c0000000)
 Metaspace       used 31974K, capacity 32504K, committed 32836K, reserved 1079296K
  class space    used 3736K, capacity 3899K, committed 3936K, reserved 1048576K
}
2016-10-23T20:01:48.329+0800: 45.021: Total time for which application threads were stopped: 0.0092156 seconds, Stopping threads took: 0.0000299 seconds
2016-10-23T20:01:48.525+0800: 45.216: Total time for which application threads were stopped: 0.0002422 seconds, Stopping threads took: 0.0000451 seconds
2016-10-23T20:01:48.526+0800: 45.217: Total time for which application threads were stopped: 0.0001655 seconds, Stopping threads took: 0.0000618 seconds
2016-10-23T20:01:48.526+0800: 45.217: Total time for which application threads were stopped: 0.0001242 seconds, Stopping threads took: 0.0000381 seconds
2016-10-23T20:01:48.526+0800: 45.218: Total time for which application threads were stopped: 0.0001647 seconds, Stopping threads took: 0.0000874 seconds
2016-10-23T20:01:48.527+0800: 45.218: Total time for which application threads were stopped: 0.0001916 seconds, Stopping threads took: 0.0001128 seconds
2016-10-23T20:01:48.527+0800: 45.218: Total time for which application threads were stopped: 0.0000742 seconds, Stopping threads took: 0.0000202 seconds
{Heap before GC invocations=56 (full 2):
 par new generation   total 109248K, used 109248K [0x00000007a0000000, 0x00000007a8000000, 0x00000007a8000000)
  eden space 87424K, 100% used [0x00000007a0000000, 0x00000007a5560000, 0x00000007a5560000)
  from space 21824K, 100% used [0x00000007a5560000, 0x00000007a6ab0000, 0x00000007a6ab0000)
  to   space 21824K,   0% used [0x00000007a6ab0000, 0x00000007a6ab0000, 0x00000007a8000000)
 concurrent mark-sweep generation total 393216K, used 83577K [0x00000007a8000000, 0x00000007c0000000, 0x00000007c0000000)
 Metaspace       used 31986K, capacity 32504K, committed 32836K, reserved 1079296K
  class space    used 3736K, capacity 3899K, committed 3936K, reserved 1048576K
2016-10-23T20:01:48.577+0800: 45.269: [GC (Allocation Failure) 2016-10-23T20:01:48.577+0800: 45.269: [ParNew
Desired survivor size 20112992 bytes, new threshold 8 (max 8)
- age   1:    3108968 bytes,    3108968 total
- age   2:    6737040 bytes,    9846008 total
- age   3:    2833000 bytes,   12679008 total
- age   4:    3673672 bytes,   16352680 total
- age   5:     533592 bytes,   16886272 total
- age   6:     710632 bytes,   17596904 total
- age   7:     658480 bytes,   18255384 total
- age   8:     893224 bytes,   19148608 total
: 109248K->21824K(109248K), 0.0109514 secs] 192825K->114081K(502464K), 0.0110160 secs] [Times: user=0.05 sys=0.00, real=0.01 secs] 
Heap after GC invocations=57 (full 2):
 par new generation   total 109248K, used 21824K [0x00000007a0000000, 0x00000007a8000000, 0x00000007a8000000)
  eden space 87424K,   0% used [0x00000007a0000000, 0x00000007a0000000, 0x00000007a5560000)
  from space 21824K, 100% used [0x00000007a6ab0000, 0x00000007a8000000, 0x00000007a8000000)
  to   space 21824K,   0% used [0x00000007a5560000, 0x00000007a5560000, 0x00000007a6ab0000)
 concurrent mark-sweep generation total 393216K, used 92257K [0x00000007a8000000, 0x00000007c0000000, 0x00000007c0000000)
 Metaspace       used 31986K, capacity 32504K, committed 32836K, reserved 1079296K
  class space    used 3736K, capacity 3899K, committed 3936K, reserved 1048576K
}
2016-10-23T20:01:48.588+0800: 45.280: Total time for which application threads were stopped: 0.0112573 seconds, Stopping threads took: 0.0000809 seconds
2016-10-23T20:01:48.596+0800: 45.288: Total time for which application threads were stopped: 0.0001466 seconds, Stopping threads took: 0.0000587 seconds
2016-10-23T20:01:48.596+0800: 45.288: Total time for which application threads were stopped: 0.0000566 seconds, Stopping threads took: 0.0000105 seconds
2016-10-23T20:01:48.597+0800: 45.289: Total time for which application threads were stopped: 0.0001076 seconds, Stopping threads took: 0.0000570 seconds
2016-10-23T20:01:48.778+0800: 45.470: Total time for which application threads were stopped: 0.0001915 seconds, Stopping threads took: 0.0000739 seconds
2016-10-23T20:01:48.779+0800: 45.470: Total time for which application threads were stopped: 0.0001179 seconds, Stopping threads took: 0.0000413 seconds
{Heap before GC invocations=57 (full 2):
 par new generation   total 109248K, used 109248K [0x00000007a0000000, 0x00000007a8000000, 0x00000007a8000000)
  eden space 87424K, 100% used [0x00000007a0000000, 0x00000007a5560000, 0x00000007a5560000)
  from space 21824K, 100% used [0x00000007a6ab0000, 0x00000007a8000000, 0x00000007a8000000)
  to   space 21824K,   0% used [0x00000007a5560000, 0x00000007a5560000, 0x00000007a6ab0000)
 concurrent mark-sweep generation total 393216K, used 92257K [0x00000007a8000000, 0x00000007c0000000, 0x00000007c0000000)
 Metaspace       used 31989K, capacity 32504K, committed 32836K, reserved 1079296K
  class space    used 3736K, capacity 3899K, committed 3936K, reserved 1048576K
2016-10-23T20:01:48.796+0800: 45.488: [GC (Allocation Failure) 2016-10-23T20:01:48.796+0800: 45.488: [ParNew
Desired survivor size 20112992 bytes, new threshold 8 (max 8)
- age   1:    2715136 bytes,    2715136 total
- age   2:    1868784 bytes,    4583920 total
- age   3:    5821160 bytes,   10405080 total
- age   4:    2668592 bytes,   13073672 total
- age   5:    3587840 bytes,   16661512 total
- age   6:     442496 bytes,   17104008 total
- age   7:     618440 bytes,   17722448 total
- age   8:     571832 bytes,   18294280 total
: 109248K->21824K(109248K), 0.0095397 secs] 201505K->117903K(502464K), 0.0095954 secs] [Times: user=0.04 sys=0.00, real=0.01 secs] 
Heap after GC invocations=58 (full 2):
 par new generation   total 109248K, used 21824K [0x00000007a0000000, 0x00000007a8000000, 0x00000007a8000000)
  eden space 87424K,   0% used [0x00000007a0000000, 0x00000007a0000000, 0x00000007a5560000)
  from space 21824K, 100% used [0x00000007a5560000, 0x00000007a6ab0000, 0x00000007a6ab0000)
  to   space 21824K,   0% used [0x00000007a6ab0000, 0x00000007a6ab0000, 0x00000007a8000000)
 concurrent mark-sweep generation total 393216K, used 96079K [0x00000007a8000000, 0x00000007c0000000, 0x00000007c0000000)
 Metaspace       used 31989K, capacity 32504K, committed 32836K, reserved 1079296K
  class space    used 3736K, capacity 3899K, committed 3936K, reserved 1048576K
}
2016-10-23T20:01:48.806+0800: 45.498: Total time for which application threads were stopped: 0.0098076 seconds, Stopping threads took: 0.0000984 seconds
{Heap before GC invocations=58 (full 2):
 par new generation   total 109248K, used 109248K [0x00000007a0000000, 0x00000007a8000000, 0x00000007a8000000)
  eden space 87424K, 100% used [0x00000007a0000000, 0x00000007a5560000, 0x00000007a5560000)
  from space 21824K, 100% used [0x00000007a5560000, 0x00000007a6ab0000, 0x00000007a6ab0000)
  to   space 21824K,   0% used [0x00000007a6ab0000, 0x00000007a6ab0000, 0x00000007a8000000)
 concurrent mark-sweep generation total 393216K, used 96079K [0x00000007a8000000, 0x00000007c0000000, 0x00000007c0000000)
 Metaspace       used 31989K, capacity 32504K, committed 32836K, reserved 1079296K
  class space    used 3736K, capacity 3899K, committed 3936K, reserved 1048576K
2016-10-23T20:01:49.048+0800: 45.740: [GC (Allocation Failure) 2016-10-23T20:01:49.048+0800: 45.740: [ParNew
Desired survivor size 20112992 bytes, new threshold 8 (max 8)
- age   1:    2923024 bytes,    2923024 total
- age   2:     975272 bytes,    3898296 total
- age   3:    1841296 bytes,    5739592 total
- age   4:    5786120 bytes,   11525712 total
- age   5:    2632328 bytes,   14158040 total
- age   6:    3560928 bytes,   17718968 total
- age   7:     412096 bytes,   18131064 total
- age   8:     581888 bytes,   18712952 total
: 109248K->21824K(109248K), 0.0103304 secs] 205327K->121378K(502464K), 0.0103894 secs] [Times: user=0.06 sys=0.00, real=0.01 secs] 
Heap after GC invocations=59 (full 2):
 par new generation   total 109248K, used 21824K [0x00000007a0000000, 0x00000007a8000000, 0x00000007a8000000)
  eden space 87424K,   0% used [0x00000007a0000000, 0x00000007a0000000, 0x00000007a5560000)
  from space 21824K, 100% used [0x00000007a6ab0000, 0x00000007a8000000, 0x00000007a8000000)
  to   space 21824K,   0% used [0x00000007a5560000, 0x00000007a5560000, 0x00000007a6ab0000)
 concurrent mark-sweep generation total 393216K, used 99554K [0x00000007a8000000, 0x00000007c0000000, 0x00000007c0000000)
 Metaspace       used 31989K, capacity 32504K, committed 32836K, reserved 1079296K
  class space    used 3736K, capacity 3899K, committed 3936K, reserved 1048576K
}
2016-10-23T20:01:49.058+0800: 45.750: Total time for which application threads were stopped: 0.0105805 seconds, Stopping threads took: 0.0000587 seconds
{Heap before GC invocations=59 (full 2):
 par new generation   total 109248K, used 109248K [0x00000007a0000000, 0x00000007a8000000, 0x00000007a8000000)
  eden space 87424K, 100% used [0x00000007a0000000, 0x00000007a5560000, 0x00000007a5560000)
  from space 21824K, 100% used [0x00000007a6ab0000, 0x00000007a8000000, 0x00000007a8000000)
  to   space 21824K,   0% used [0x00000007a5560000, 0x00000007a5560000, 0x00000007a6ab0000)
 concurrent mark-sweep generation total 393216K, used 99554K [0x00000007a8000000, 0x00000007c0000000, 0x00000007c0000000)
 Metaspace       used 31989K, capacity 32504K, committed 32836K, reserved 1079296K
  class space    used 3736K, capacity 3899K, committed 3936K, reserved 1048576K
2016-10-23T20:01:49.207+0800: 45.899: [GC (Allocation Failure) 2016-10-23T20:01:49.207+0800: 45.899: [ParNew
Desired survivor size 20112992 bytes, new threshold 8 (max 8)
- age   1:    1311472 bytes,    1311472 total
- age   2:    2001704 bytes,    3313176 total
- age   3:     892792 bytes,    4205968 total
- age   4:    1805016 bytes,    6010984 total
- age   5:    5743872 bytes,   11754856 total
- age   6:    2602368 bytes,   14357224 total
- age   7:    3541584 bytes,   17898808 total
- age   8:     387368 bytes,   18286176 total
: 109248K->21824K(109248K), 0.0080766 secs] 208802K->124932K(502464K), 0.0081411 secs] [Times: user=0.03 sys=0.00, real=0.01 secs] 
Heap after GC invocations=60 (full 2):
 par new generation   total 109248K, used 21824K [0x00000007a0000000, 0x00000007a8000000, 0x00000007a8000000)
  eden space 87424K,   0% used [0x00000007a0000000, 0x00000007a0000000, 0x00000007a5560000)
  from space 21824K, 100% used [0x00000007a5560000, 0x00000007a6ab0000, 0x00000007a6ab0000)
  to   space 21824K,   0% used [0x00000007a6ab0000, 0x00000007a6ab0000, 0x00000007a8000000)
 concurrent mark-sweep generation total 393216K, used 103108K [0x00000007a8000000, 0x00000007c0000000, 0x00000007c0000000)
 Metaspace       used 31989K, capacity 32504K, committed 32836K, reserved 1079296K
  class space    used 3736K, capacity 3899K, committed 3936K, reserved 1048576K
}
2016-10-23T20:01:49.215+0800: 45.907: Total time for which application threads were stopped: 0.0083718 seconds, Stopping threads took: 0.0000747 seconds
{Heap before GC invocations=60 (full 2):
 par new generation   total 109248K, used 109248K [0x00000007a0000000, 0x00000007a8000000, 0x00000007a8000000)
  eden space 87424K, 100% used [0x00000007a0000000, 0x00000007a5560000, 0x00000007a5560000)
  from space 21824K, 100% used [0x00000007a5560000, 0x00000007a6ab0000, 0x00000007a6ab0000)
  to   space 21824K,   0% used [0x00000007a6ab0000, 0x00000007a6ab0000, 0x00000007a8000000)
 concurrent mark-sweep generation total 393216K, used 103108K [0x00000007a8000000, 0x00000007c0000000, 0x00000007c0000000)
 Metaspace       used 31989K, capacity 32504K, committed 32836K, reserved 1079296K
  class space    used 3736K, capacity 3899K, committed 3936K, reserved 1048576K
2016-10-23T20:01:49.304+0800: 45.996: [GC (Allocation Failure) 2016-10-23T20:01:49.304+0800: 45.996: [ParNew
Desired survivor size 20112992 bytes, new threshold 8 (max 8)
- age   1:    2989184 bytes,    2989184 total
- age   2:     957552 bytes,    3946736 total
- age   3:    1983296 bytes,    5930032 total
- age   4:     891696 bytes,    6821728 total
- age   5:    1607960 bytes,    8429688 total
- age   6:    5730432 bytes,   14160120 total
- age   7:    2589344 bytes,   16749464 total
- age   8:    3532712 bytes,   20282176 total
: 109248K->21824K(109248K), 0.0068466 secs] 212356K->126137K(502464K), 0.0069022 secs] [Times: user=0.02 sys=0.00, real=0.01 secs] 
Heap after GC invocations=61 (full 2):
 par new generation   total 109248K, used 21824K [0x00000007a0000000, 0x00000007a8000000, 0x00000007a8000000)
  eden space 87424K,   0% used [0x00000007a0000000, 0x00000007a0000000, 0x00000007a5560000)
  from space 21824K, 100% used [0x00000007a6ab0000, 0x00000007a8000000, 0x00000007a8000000)
  to   space 21824K,   0% used [0x00000007a5560000, 0x00000007a5560000, 0x00000007a6ab0000)
 concurrent mark-sweep generation total 393216K, used 104313K [0x00000007a8000000, 0x00000007c0000000, 0x00000007c0000000)
 Metaspace       used 31989K, capacity 32504K, committed 32836K, reserved 1079296K
  class space    used 3736K, capacity 3899K, committed 3936K, reserved 1048576K
}
2016-10-23T20:01:49.311+0800: 46.003: Total time for which application threads were stopped: 0.0070981 seconds, Stopping threads took: 0.0000570 seconds
{Heap before GC invocations=61 (full 2):
 par new generation   total 109248K, used 109248K [0x00000007a0000000, 0x00000007a8000000, 0x00000007a8000000)
  eden space 87424K, 100% used [0x00000007a0000000, 0x00000007a5560000, 0x00000007a5560000)
  from space 21824K, 100% used [0x00000007a6ab0000, 0x00000007a8000000, 0x00000007a8000000)
  to   space 21824K,   0% used [0x00000007a5560000, 0x00000007a5560000, 0x00000007a6ab0000)
 concurrent mark-sweep generation total 393216K, used 104313K [0x00000007a8000000, 0x00000007c0000000, 0x00000007c0000000)
 Metaspace       used 31989K, capacity 32504K, committed 32836K, reserved 1079296K
  class space    used 3736K, capacity 3899K, committed 3936K, reserved 1048576K
2016-10-23T20:01:49.370+0800: 46.062: [GC (Allocation Failure) 2016-10-23T20:01:49.370+0800: 46.062: [ParNew
Desired survivor size 20112992 bytes, new threshold 8 (max 8)
- age   1:    2541048 bytes,    2541048 total
- age   2:    1887920 bytes,    4428968 total
- age   3:     945712 bytes,    5374680 total
- age   4:    1983296 bytes,    7357976 total
- age   5:     891696 bytes,    8249672 total
- age   6:    1607960 bytes,    9857632 total
- age   7:    5730432 bytes,   15588064 total
- age   8:    2589344 bytes,   18177408 total
: 109248K->20931K(109248K), 0.0069811 secs] 213561K->128698K(502464K), 0.0070258 secs] [Times: user=0.03 sys=0.00, real=0.00 secs] 
Heap after GC invocations=62 (full 2):
 par new generation   total 109248K, used 20931K [0x00000007a0000000, 0x00000007a8000000, 0x00000007a8000000)
  eden space 87424K,   0% used [0x00000007a0000000, 0x00000007a0000000, 0x00000007a5560000)
  from space 21824K,  95% used [0x00000007a5560000, 0x00000007a69d0e40, 0x00000007a6ab0000)
  to   space 21824K,   0% used [0x00000007a6ab0000, 0x00000007a6ab0000, 0x00000007a8000000)
 concurrent mark-sweep generation total 393216K, used 107766K [0x00000007a8000000, 0x00000007c0000000, 0x00000007c0000000)
 Metaspace       used 31989K, capacity 32504K, committed 32836K, reserved 1079296K
  class space    used 3736K, capacity 3899K, committed 3936K, reserved 1048576K
}
2016-10-23T20:01:49.377+0800: 46.069: Total time for which application threads were stopped: 0.0072088 seconds, Stopping threads took: 0.0000652 seconds
{Heap before GC invocations=62 (full 2):
 par new generation   total 109248K, used 108355K [0x00000007a0000000, 0x00000007a8000000, 0x00000007a8000000)
  eden space 87424K, 100% used [0x00000007a0000000, 0x00000007a5560000, 0x00000007a5560000)
  from space 21824K,  95% used [0x00000007a5560000, 0x00000007a69d0e40, 0x00000007a6ab0000)
  to   space 21824K,   0% used [0x00000007a6ab0000, 0x00000007a6ab0000, 0x00000007a8000000)
 concurrent mark-sweep generation total 393216K, used 107766K [0x00000007a8000000, 0x00000007c0000000, 0x00000007c0000000)
 Metaspace       used 31989K, capacity 32504K, committed 32836K, reserved 1079296K
  class space    used 3736K, capacity 3899K, committed 3936K, reserved 1048576K
2016-10-23T20:01:49.459+0800: 46.151: [GC (Allocation Failure) 2016-10-23T20:01:49.459+0800: 46.151: [ParNew
Desired survivor size 20112992 bytes, new threshold 8 (max 8)
- age   1:    4292224 bytes,    4292224 total
- age   2:    1696696 bytes,    5988920 total
- age   3:     948808 bytes,    6937728 total
- age   4:     940528 bytes,    7878256 total
- age   5:    1322816 bytes,    9201072 total
- age   6:     891696 bytes,   10092768 total
- age   7:    1607960 bytes,   11700728 total
- age   8:    5730432 bytes,   17431160 total
: 108355K->21824K(109248K), 0.0058357 secs] 216122K->132125K(502464K), 0.0058785 secs] [Times: user=0.02 sys=0.00, real=0.01 secs] 
Heap after GC invocations=63 (full 2):
 par new generation   total 109248K, used 21824K [0x00000007a0000000, 0x00000007a8000000, 0x00000007a8000000)
  eden space 87424K,   0% used [0x00000007a0000000, 0x00000007a0000000, 0x00000007a5560000)
  from space 21824K, 100% used [0x00000007a6ab0000, 0x00000007a8000000, 0x00000007a8000000)
  to   space 21824K,   0% used [0x00000007a5560000, 0x00000007a5560000, 0x00000007a6ab0000)
 concurrent mark-sweep generation total 393216K, used 110301K [0x00000007a8000000, 0x00000007c0000000, 0x00000007c0000000)
 Metaspace       used 31989K, capacity 32504K, committed 32836K, reserved 1079296K
  class space    used 3736K, capacity 3899K, committed 3936K, reserved 1048576K
}
2016-10-23T20:01:49.465+0800: 46.157: Total time for which application threads were stopped: 0.0060822 seconds, Stopping threads took: 0.0000624 seconds
{Heap before GC invocations=63 (full 2):
 par new generation   total 109248K, used 109248K [0x00000007a0000000, 0x00000007a8000000, 0x00000007a8000000)
  eden space 87424K, 100% used [0x00000007a0000000, 0x00000007a5560000, 0x00000007a5560000)
  from space 21824K, 100% used [0x00000007a6ab0000, 0x00000007a8000000, 0x00000007a8000000)
  to   space 21824K,   0% used [0x00000007a5560000, 0x00000007a5560000, 0x00000007a6ab0000)
 concurrent mark-sweep generation total 393216K, used 110301K [0x00000007a8000000, 0x00000007c0000000, 0x00000007c0000000)
 Metaspace       used 31989K, capacity 32504K, committed 32836K, reserved 1079296K
  class space    used 3736K, capacity 3899K, committed 3936K, reserved 1048576K
2016-10-23T20:01:49.549+0800: 46.241: [GC (Allocation Failure) 2016-10-23T20:01:49.549+0800: 46.241: [ParNew
Desired survivor size 20112992 bytes, new threshold 8 (max 8)
- age   1:    3182112 bytes,    3182112 total
- age   2:    2945208 bytes,    6127320 total
- age   3:    1079904 bytes,    7207224 total
- age   4:     946536 bytes,    8153760 total
- age   5:     940528 bytes,    9094288 total
- age   6:    1322816 bytes,   10417104 total
- age   7:     891696 bytes,   11308800 total
- age   8:    1607960 bytes,   12916760 total
: 109248K->17141K(109248K), 0.0062138 secs] 219549K->133046K(502464K), 0.0062765 secs] [Times: user=0.02 sys=0.00, real=0.01 secs] 
Heap after GC invocations=64 (full 2):
 par new generation   total 109248K, used 17141K [0x00000007a0000000, 0x00000007a8000000, 0x00000007a8000000)
  eden space 87424K,   0% used [0x00000007a0000000, 0x00000007a0000000, 0x00000007a5560000)
  from space 21824K,  78% used [0x00000007a5560000, 0x00000007a661d7c0, 0x00000007a6ab0000)
  to   space 21824K,   0% used [0x00000007a6ab0000, 0x00000007a6ab0000, 0x00000007a8000000)
 concurrent mark-sweep generation total 393216K, used 115904K [0x00000007a8000000, 0x00000007c0000000, 0x00000007c0000000)
 Metaspace       used 31989K, capacity 32504K, committed 32836K, reserved 1079296K
  class space    used 3736K, capacity 3899K, committed 3936K, reserved 1048576K
}
2016-10-23T20:01:49.556+0800: 46.247: Total time for which application threads were stopped: 0.0065261 seconds, Stopping threads took: 0.0001011 seconds
2016-10-23T20:01:49.607+0800: 46.298: Total time for which application threads were stopped: 0.0002645 seconds, Stopping threads took: 0.0000858 seconds
2016-10-23T20:01:49.608+0800: 46.300: Total time for which application threads were stopped: 0.0001461 seconds, Stopping threads took: 0.0000731 seconds
2016-10-23T20:01:49.610+0800: 46.301: Total time for which application threads were stopped: 0.0004823 seconds, Stopping threads took: 0.0000550 seconds
2016-10-23T20:01:49.612+0800: 46.303: Total time for which application threads were stopped: 0.0001091 seconds, Stopping threads took: 0.0000351 seconds
2016-10-23T20:01:49.614+0800: 46.306: Total time for which application threads were stopped: 0.0000806 seconds, Stopping threads took: 0.0000171 seconds
2016-10-23T20:01:49.618+0800: 46.309: Total time for which application threads were stopped: 0.0003462 seconds, Stopping threads took: 0.0000501 seconds
2016-10-23T20:01:49.622+0800: 46.313: Total time for which application threads were stopped: 0.0001052 seconds, Stopping threads took: 0.0000150 seconds
2016-10-23T20:01:49.623+0800: 46.314: Total time for which application threads were stopped: 0.0001680 seconds, Stopping threads took: 0.0000775 seconds
2016-10-23T20:01:49.673+0800: 46.365: Total time for which application threads were stopped: 0.0001617 seconds, Stopping threads took: 0.0000201 seconds
2016-10-23T20:01:49.692+0800: 46.384: Total time for which application threads were stopped: 0.0001552 seconds, Stopping threads took: 0.0000212 seconds
2016-10-23T20:01:49.693+0800: 46.385: Total time for which application threads were stopped: 0.0001202 seconds, Stopping threads took: 0.0000559 seconds
2016-10-23T20:01:49.693+0800: 46.385: Total time for which application threads were stopped: 0.0001574 seconds, Stopping threads took: 0.0000709 seconds
2016-10-23T20:01:49.694+0800: 46.386: Total time for which application threads were stopped: 0.0001325 seconds, Stopping threads took: 0.0000555 seconds
2016-10-23T20:01:49.695+0800: 46.386: Total time for which application threads were stopped: 0.0001094 seconds, Stopping threads took: 0.0000426 seconds
2016-10-23T20:01:49.713+0800: 46.404: Total time for which application threads were stopped: 0.0002350 seconds, Stopping threads took: 0.0000986 seconds
2016-10-23T20:01:49.753+0800: 46.445: Total time for which application threads were stopped: 0.0001854 seconds, Stopping threads took: 0.0000588 seconds
2016-10-23T20:01:49.754+0800: 46.445: Total time for which application threads were stopped: 0.0000809 seconds, Stopping threads took: 0.0000362 seconds
{Heap before GC invocations=64 (full 2):
 par new generation   total 109248K, used 104565K [0x00000007a0000000, 0x00000007a8000000, 0x00000007a8000000)
  eden space 87424K, 100% used [0x00000007a0000000, 0x00000007a5560000, 0x00000007a5560000)
  from space 21824K,  78% used [0x00000007a5560000, 0x00000007a661d7c0, 0x00000007a6ab0000)
  to   space 21824K,   0% used [0x00000007a6ab0000, 0x00000007a6ab0000, 0x00000007a8000000)
 concurrent mark-sweep generation total 393216K, used 115904K [0x00000007a8000000, 0x00000007c0000000, 0x00000007c0000000)
 Metaspace       used 32353K, capacity 32866K, committed 33092K, reserved 1079296K
  class space    used 3773K, capacity 3932K, committed 3936K, reserved 1048576K
2016-10-23T20:01:49.766+0800: 46.458: [GC (Allocation Failure) 2016-10-23T20:01:49.766+0800: 46.458: [ParNew
Desired survivor size 20112992 bytes, new threshold 8 (max 8)
- age   1:    7948576 bytes,    7948576 total
- age   2:     979832 bytes,    8928408 total
- age   3:    2078360 bytes,   11006768 total
- age   4:    1061088 bytes,   12067856 total
- age   5:     906872 bytes,   12974728 total
- age   6:     937272 bytes,   13912000 total
- age   7:    1322816 bytes,   15234816 total
- age   8:     891600 bytes,   16126416 total
: 104565K->20285K(109248K), 0.0069240 secs] 220470K->137765K(502464K), 0.0069783 secs] [Times: user=0.03 sys=0.00, real=0.01 secs] 
Heap after GC invocations=65 (full 2):
 par new generation   total 109248K, used 20285K [0x00000007a0000000, 0x00000007a8000000, 0x00000007a8000000)
  eden space 87424K,   0% used [0x00000007a0000000, 0x00000007a0000000, 0x00000007a5560000)
  from space 21824K,  92% used [0x00000007a6ab0000, 0x00000007a7e7f5c0, 0x00000007a8000000)
  to   space 21824K,   0% used [0x00000007a5560000, 0x00000007a5560000, 0x00000007a6ab0000)
 concurrent mark-sweep generation total 393216K, used 117480K [0x00000007a8000000, 0x00000007c0000000, 0x00000007c0000000)
 Metaspace       used 32353K, capacity 32866K, committed 33092K, reserved 1079296K
  class space    used 3773K, capacity 3932K, committed 3936K, reserved 1048576K
}
2016-10-23T20:01:49.773+0800: 46.465: Total time for which application threads were stopped: 0.0071979 seconds, Stopping threads took: 0.0000557 seconds
{Heap before GC invocations=65 (full 2):
 par new generation   total 109248K, used 107709K [0x00000007a0000000, 0x00000007a8000000, 0x00000007a8000000)
  eden space 87424K, 100% used [0x00000007a0000000, 0x00000007a5560000, 0x00000007a5560000)
  from space 21824K,  92% used [0x00000007a6ab0000, 0x00000007a7e7f5c0, 0x00000007a8000000)
  to   space 21824K,   0% used [0x00000007a5560000, 0x00000007a5560000, 0x00000007a6ab0000)
 concurrent mark-sweep generation total 393216K, used 117480K [0x00000007a8000000, 0x00000007c0000000, 0x00000007c0000000)
 Metaspace       used 32355K, capacity 32866K, committed 33092K, reserved 1079296K
  class space    used 3773K, capacity 3932K, committed 3936K, reserved 1048576K
2016-10-23T20:01:49.873+0800: 46.565: [GC (Allocation Failure) 2016-10-23T20:01:49.873+0800: 46.565: [ParNew
Desired survivor size 20112992 bytes, new threshold 8 (max 8)
- age   1:    2371360 bytes,    2371360 total
- age   2:    7163288 bytes,    9534648 total
- age   3:     979832 bytes,   10514480 total
- age   4:    2078360 bytes,   12592840 total
- age   5:    1061088 bytes,   13653928 total
- age   6:     906872 bytes,   14560800 total
- age   7:     871720 bytes,   15432520 total
- age   8:    1322816 bytes,   16755336 total
: 107709K->20338K(109248K), 0.0061722 secs] 225189K->138691K(502464K), 0.0062283 secs] [Times: user=0.02 sys=0.00, real=0.00 secs] 
Heap after GC invocations=66 (full 2):
 par new generation   total 109248K, used 20338K [0x00000007a0000000, 0x00000007a8000000, 0x00000007a8000000)
  eden space 87424K,   0% used [0x00000007a0000000, 0x00000007a0000000, 0x00000007a5560000)
  from space 21824K,  93% used [0x00000007a5560000, 0x00000007a693cbf0, 0x00000007a6ab0000)
  to   space 21824K,   0% used [0x00000007a6ab0000, 0x00000007a6ab0000, 0x00000007a8000000)
 concurrent mark-sweep generation total 393216K, used 118352K [0x00000007a8000000, 0x00000007c0000000, 0x00000007c0000000)
 Metaspace       used 32355K, capacity 32866K, committed 33092K, reserved 1079296K
  class space    used 3773K, capacity 3932K, committed 3936K, reserved 1048576K
}
2016-10-23T20:01:49.880+0800: 46.571: Total time for which application threads were stopped: 0.0063881 seconds, Stopping threads took: 0.0000182 seconds
2016-10-23T20:01:49.937+0800: 46.628: Total time for which application threads were stopped: 0.0001629 seconds, Stopping threads took: 0.0000597 seconds
2016-10-23T20:01:49.937+0800: 46.629: Total time for which application threads were stopped: 0.0000922 seconds, Stopping threads took: 0.0000332 seconds
2016-10-23T20:01:49.938+0800: 46.629: Total time for which application threads were stopped: 0.0000986 seconds, Stopping threads took: 0.0000449 seconds
2016-10-23T20:01:49.938+0800: 46.629: Total time for which application threads were stopped: 0.0000677 seconds, Stopping threads took: 0.0000166 seconds
{Heap before GC invocations=66 (full 2):
 par new generation   total 109248K, used 107762K [0x00000007a0000000, 0x00000007a8000000, 0x00000007a8000000)
  eden space 87424K, 100% used [0x00000007a0000000, 0x00000007a5560000, 0x00000007a5560000)
  from space 21824K,  93% used [0x00000007a5560000, 0x00000007a693cbf0, 0x00000007a6ab0000)
  to   space 21824K,   0% used [0x00000007a6ab0000, 0x00000007a6ab0000, 0x00000007a8000000)
 concurrent mark-sweep generation total 393216K, used 118352K [0x00000007a8000000, 0x00000007c0000000, 0x00000007c0000000)
 Metaspace       used 32373K, capacity 32930K, committed 33092K, reserved 1079296K
  class space    used 3775K, capacity 3932K, committed 3936K, reserved 1048576K
2016-10-23T20:01:50.043+0800: 46.734: [GC (Allocation Failure) 2016-10-23T20:01:50.043+0800: 46.734: [ParNew
Desired survivor size 20112992 bytes, new threshold 8 (max 8)
- age   1:    3430680 bytes,    3430680 total
- age   2:    1384856 bytes,    4815536 total
- age   3:    7076024 bytes,   11891560 total
- age   4:     947192 bytes,   12838752 total
- age   5:    2048072 bytes,   14886824 total
- age   6:    1041984 bytes,   15928808 total
- age   7:     876584 bytes,   16805392 total
- age   8:     862072 bytes,   17667464 total
: 107762K->21458K(109248K), 0.0060833 secs] 226115K->141103K(502464K), 0.0061622 secs] [Times: user=0.02 sys=0.00, real=0.00 secs] 
Heap after GC invocations=67 (full 2):
 par new generation   total 109248K, used 21458K [0x00000007a0000000, 0x00000007a8000000, 0x00000007a8000000)
  eden space 87424K,   0% used [0x00000007a0000000, 0x00000007a0000000, 0x00000007a5560000)
  from space 21824K,  98% used [0x00000007a6ab0000, 0x00000007a7fa4960, 0x00000007a8000000)
  to   space 21824K,   0% used [0x00000007a5560000, 0x00000007a5560000, 0x00000007a6ab0000)
 concurrent mark-sweep generation total 393216K, used 119645K [0x00000007a8000000, 0x00000007c0000000, 0x00000007c0000000)
 Metaspace       used 32373K, capacity 32930K, committed 33092K, reserved 1079296K
  class space    used 3775K, capacity 3932K, committed 3936K, reserved 1048576K
}
2016-10-23T20:01:50.049+0800: 46.740: Total time for which application threads were stopped: 0.0063352 seconds, Stopping threads took: 0.0000244 seconds
{Heap before GC invocations=67 (full 2):
 par new generation   total 109248K, used 108882K [0x00000007a0000000, 0x00000007a8000000, 0x00000007a8000000)
  eden space 87424K, 100% used [0x00000007a0000000, 0x00000007a5560000, 0x00000007a5560000)
  from space 21824K,  98% used [0x00000007a6ab0000, 0x00000007a7fa4960, 0x00000007a8000000)
  to   space 21824K,   0% used [0x00000007a5560000, 0x00000007a5560000, 0x00000007a6ab0000)
 concurrent mark-sweep generation total 393216K, used 119645K [0x00000007a8000000, 0x00000007c0000000, 0x00000007c0000000)
 Metaspace       used 32373K, capacity 32930K, committed 33092K, reserved 1079296K
  class space    used 3775K, capacity 3932K, committed 3936K, reserved 1048576K
2016-10-23T20:01:50.263+0800: 46.954: [GC (Allocation Failure) 2016-10-23T20:01:50.263+0800: 46.954: [ParNew
Desired survivor size 20112992 bytes, new threshold 8 (max 8)
- age   1:    3296368 bytes,    3296368 total
- age   2:    1576984 bytes,    4873352 total
- age   3:    1041320 bytes,    5914672 total
- age   4:    5687576 bytes,   11602248 total
- age   5:     933192 bytes,   12535440 total
- age   6:    2035864 bytes,   14571304 total
- age   7:    1034088 bytes,   15605392 total
- age   8:     866784 bytes,   16472176 total
: 108882K->21824K(109248K), 0.0064038 secs] 228527K->146494K(502464K), 0.0064862 secs] [Times: user=0.03 sys=0.01, real=0.00 secs] 
Heap after GC invocations=68 (full 2):
 par new generation   total 109248K, used 21824K [0x00000007a0000000, 0x00000007a8000000, 0x00000007a8000000)
  eden space 87424K,   0% used [0x00000007a0000000, 0x00000007a0000000, 0x00000007a5560000)
  from space 21824K, 100% used [0x00000007a5560000, 0x00000007a6ab0000, 0x00000007a6ab0000)
  to   space 21824K,   0% used [0x00000007a6ab0000, 0x00000007a6ab0000, 0x00000007a8000000)
 concurrent mark-sweep generation total 393216K, used 124670K [0x00000007a8000000, 0x00000007c0000000, 0x00000007c0000000)
 Metaspace       used 32373K, capacity 32930K, committed 33092K, reserved 1079296K
  class space    used 3775K, capacity 3932K, committed 3936K, reserved 1048576K
}
2016-10-23T20:01:50.269+0800: 46.961: Total time for which application threads were stopped: 0.0066518 seconds, Stopping threads took: 0.0000316 seconds
{Heap before GC invocations=68 (full 2):
 par new generation   total 109248K, used 109248K [0x00000007a0000000, 0x00000007a8000000, 0x00000007a8000000)
  eden space 87424K, 100% used [0x00000007a0000000, 0x00000007a5560000, 0x00000007a5560000)
  from space 21824K, 100% used [0x00000007a5560000, 0x00000007a6ab0000, 0x00000007a6ab0000)
  to   space 21824K,   0% used [0x00000007a6ab0000, 0x00000007a6ab0000, 0x00000007a8000000)
 concurrent mark-sweep generation total 393216K, used 124670K [0x00000007a8000000, 0x00000007c0000000, 0x00000007c0000000)
 Metaspace       used 32373K, capacity 32930K, committed 33092K, reserved 1079296K
  class space    used 3775K, capacity 3932K, committed 3936K, reserved 1048576K
2016-10-23T20:01:50.496+0800: 47.188: [GC (Allocation Failure) 2016-10-23T20:01:50.496+0800: 47.188: [ParNew
Desired survivor size 20112992 bytes, new threshold 8 (max 8)
- age   1:    5397520 bytes,    5397520 total
- age   2:    2177504 bytes,    7575024 total
- age   3:    1493896 bytes,    9068920 total
- age   4:    1011392 bytes,   10080312 total
- age   5:    5587560 bytes,   15667872 total
- age   6:     916520 bytes,   16584392 total
- age   7:    2020600 bytes,   18604992 total
- age   8:    1025104 bytes,   19630096 total
: 109248K->21824K(109248K), 0.0067445 secs] 233918K->149397K(502464K), 0.0068036 secs] [Times: user=0.02 sys=0.00, real=0.01 secs] 
Heap after GC invocations=69 (full 2):
 par new generation   total 109248K, used 21824K [0x00000007a0000000, 0x00000007a8000000, 0x00000007a8000000)
  eden space 87424K,   0% used [0x00000007a0000000, 0x00000007a0000000, 0x00000007a5560000)
  from space 21824K, 100% used [0x00000007a6ab0000, 0x00000007a8000000, 0x00000007a8000000)
  to   space 21824K,   0% used [0x00000007a5560000, 0x00000007a5560000, 0x00000007a6ab0000)
 concurrent mark-sweep generation total 393216K, used 127573K [0x00000007a8000000, 0x00000007c0000000, 0x00000007c0000000)
 Metaspace       used 32373K, capacity 32930K, committed 33092K, reserved 1079296K
  class space    used 3775K, capacity 3932K, committed 3936K, reserved 1048576K
}
2016-10-23T20:01:50.503+0800: 47.195: Total time for which application threads were stopped: 0.0069694 seconds, Stopping threads took: 0.0000313 seconds
{Heap before GC invocations=69 (full 2):
 par new generation   total 109248K, used 109248K [0x00000007a0000000, 0x00000007a8000000, 0x00000007a8000000)
  eden space 87424K, 100% used [0x00000007a0000000, 0x00000007a5560000, 0x00000007a5560000)
  from space 21824K, 100% used [0x00000007a6ab0000, 0x00000007a8000000, 0x00000007a8000000)
  to   space 21824K,   0% used [0x00000007a5560000, 0x00000007a5560000, 0x00000007a6ab0000)
 concurrent mark-sweep generation total 393216K, used 127573K [0x00000007a8000000, 0x00000007c0000000, 0x00000007c0000000)
 Metaspace       used 32373K, capacity 32930K, committed 33092K, reserved 1079296K
  class space    used 3775K, capacity 3932K, committed 3936K, reserved 1048576K
2016-10-23T20:01:50.720+0800: 47.411: [GC (Allocation Failure) 2016-10-23T20:01:50.720+0800: 47.411: [ParNew
Desired survivor size 20112992 bytes, new threshold 8 (max 8)
- age   1:    4604224 bytes,    4604224 total
- age   2:    3408296 bytes,    8012520 total
- age   3:    2004120 bytes,   10016640 total
- age   4:    1416344 bytes,   11432984 total
- age   5:     962008 bytes,   12394992 total
- age   6:    4158776 bytes,   16553768 total
- age   7:     410472 bytes,   16964240 total
- age   8:    1614256 bytes,   18578496 total
: 109248K->21824K(109248K), 0.0069371 secs] 236821K->154552K(502464K), 0.0070195 secs] [Times: user=0.02 sys=0.00, real=0.00 secs] 
Heap after GC invocations=70 (full 2):
 par new generation   total 109248K, used 21824K [0x00000007a0000000, 0x00000007a8000000, 0x00000007a8000000)
  eden space 87424K,   0% used [0x00000007a0000000, 0x00000007a0000000, 0x00000007a5560000)
  from space 21824K, 100% used [0x00000007a5560000, 0x00000007a6ab0000, 0x00000007a6ab0000)
  to   space 21824K,   0% used [0x00000007a6ab0000, 0x00000007a6ab0000, 0x00000007a8000000)
 concurrent mark-sweep generation total 393216K, used 132728K [0x00000007a8000000, 0x00000007c0000000, 0x00000007c0000000)
 Metaspace       used 32373K, capacity 32930K, committed 33092K, reserved 1079296K
  class space    used 3775K, capacity 3932K, committed 3936K, reserved 1048576K
}
2016-10-23T20:01:50.727+0800: 47.418: Total time for which application threads were stopped: 0.0071784 seconds, Stopping threads took: 0.0000294 seconds
{Heap before GC invocations=70 (full 2):
 par new generation   total 109248K, used 109248K [0x00000007a0000000, 0x00000007a8000000, 0x00000007a8000000)
  eden space 87424K, 100% used [0x00000007a0000000, 0x00000007a5560000, 0x00000007a5560000)
  from space 21824K, 100% used [0x00000007a5560000, 0x00000007a6ab0000, 0x00000007a6ab0000)
  to   space 21824K,   0% used [0x00000007a6ab0000, 0x00000007a6ab0000, 0x00000007a8000000)
 concurrent mark-sweep generation total 393216K, used 132728K [0x00000007a8000000, 0x00000007c0000000, 0x00000007c0000000)
 Metaspace       used 32373K, capacity 32930K, committed 33092K, reserved 1079296K
  class space    used 3775K, capacity 3932K, committed 3936K, reserved 1048576K
2016-10-23T20:01:50.951+0800: 47.643: [GC (Allocation Failure) 2016-10-23T20:01:50.951+0800: 47.643: [ParNew
Desired survivor size 20112992 bytes, new threshold 8 (max 8)
- age   1:    5892112 bytes,    5892112 total
- age   2:    2376912 bytes,    8269024 total
- age   3:    3358864 bytes,   11627888 total
- age   4:    1901296 bytes,   13529184 total
- age   5:    1392488 bytes,   14921672 total
- age   6:     813848 bytes,   15735520 total
- age   7:    3696752 bytes,   19432272 total
- age   8:     304408 bytes,   19736680 total
: 109248K->21824K(109248K), 0.0076762 secs] 241976K->158570K(502464K), 0.0077553 secs] [Times: user=0.03 sys=0.00, real=0.00 secs] 
Heap after GC invocations=71 (full 2):
 par new generation   total 109248K, used 21824K [0x00000007a0000000, 0x00000007a8000000, 0x00000007a8000000)
  eden space 87424K,   0% used [0x00000007a0000000, 0x00000007a0000000, 0x00000007a5560000)
  from space 21824K, 100% used [0x00000007a6ab0000, 0x00000007a8000000, 0x00000007a8000000)
  to   space 21824K,   0% used [0x00000007a5560000, 0x00000007a5560000, 0x00000007a6ab0000)
 concurrent mark-sweep generation total 393216K, used 136746K [0x00000007a8000000, 0x00000007c0000000, 0x00000007c0000000)
 Metaspace       used 32373K, capacity 32930K, committed 33092K, reserved 1079296K
  class space    used 3775K, capacity 3932K, committed 3936K, reserved 1048576K
}
2016-10-23T20:01:50.959+0800: 47.651: Total time for which application threads were stopped: 0.0079248 seconds, Stopping threads took: 0.0000329 seconds
{Heap before GC invocations=71 (full 2):
 par new generation   total 109248K, used 109248K [0x00000007a0000000, 0x00000007a8000000, 0x00000007a8000000)
  eden space 87424K, 100% used [0x00000007a0000000, 0x00000007a5560000, 0x00000007a5560000)
  from space 21824K, 100% used [0x00000007a6ab0000, 0x00000007a8000000, 0x00000007a8000000)
  to   space 21824K,   0% used [0x00000007a5560000, 0x00000007a5560000, 0x00000007a6ab0000)
 concurrent mark-sweep generation total 393216K, used 136746K [0x00000007a8000000, 0x00000007c0000000, 0x00000007c0000000)
 Metaspace       used 32373K, capacity 32930K, committed 33092K, reserved 1079296K
  class space    used 3775K, capacity 3932K, committed 3936K, reserved 1048576K
2016-10-23T20:01:51.201+0800: 47.893: [GC (Allocation Failure) 2016-10-23T20:01:51.201+0800: 47.893: [ParNew
Desired survivor size 20112992 bytes, new threshold 8 (max 8)
- age   1:    6173832 bytes,    6173832 total
- age   2:    2703656 bytes,    8877488 total
- age   3:    2023880 bytes,   10901368 total
- age   4:    2395552 bytes,   13296920 total
- age   5:    1736304 bytes,   15033224 total
- age   6:    1304864 bytes,   16338088 total
- age   7:     759992 bytes,   17098080 total
- age   8:    3175560 bytes,   20273640 total
: 109248K->21824K(109248K), 0.0085523 secs] 245994K->163900K(502464K), 0.0086060 secs] [Times: user=0.03 sys=0.00, real=0.01 secs] 
Heap after GC invocations=72 (full 2):
 par new generation   total 109248K, used 21824K [0x00000007a0000000, 0x00000007a8000000, 0x00000007a8000000)
  eden space 87424K,   0% used [0x00000007a0000000, 0x00000007a0000000, 0x00000007a5560000)
  from space 21824K, 100% used [0x00000007a5560000, 0x00000007a6ab0000, 0x00000007a6ab0000)
  to   space 21824K,   0% used [0x00000007a6ab0000, 0x00000007a6ab0000, 0x00000007a8000000)
 concurrent mark-sweep generation total 393216K, used 142076K [0x00000007a8000000, 0x00000007c0000000, 0x00000007c0000000)
 Metaspace       used 32373K, capacity 32930K, committed 33092K, reserved 1079296K
  class space    used 3775K, capacity 3932K, committed 3936K, reserved 1048576K
}
2016-10-23T20:01:51.210+0800: 47.902: Total time for which application threads were stopped: 0.0087589 seconds, Stopping threads took: 0.0000274 seconds
{Heap before GC invocations=72 (full 2):
 par new generation   total 109248K, used 109248K [0x00000007a0000000, 0x00000007a8000000, 0x00000007a8000000)
  eden space 87424K, 100% used [0x00000007a0000000, 0x00000007a5560000, 0x00000007a5560000)
  from space 21824K, 100% used [0x00000007a5560000, 0x00000007a6ab0000, 0x00000007a6ab0000)
  to   space 21824K,   0% used [0x00000007a6ab0000, 0x00000007a6ab0000, 0x00000007a8000000)
 concurrent mark-sweep generation total 393216K, used 142076K [0x00000007a8000000, 0x00000007c0000000, 0x00000007c0000000)
 Metaspace       used 32373K, capacity 32930K, committed 33092K, reserved 1079296K
  class space    used 3775K, capacity 3932K, committed 3936K, reserved 1048576K
2016-10-23T20:01:51.471+0800: 48.163: [GC (Allocation Failure) 2016-10-23T20:01:51.471+0800: 48.163: [ParNew
Desired survivor size 20112992 bytes, new threshold 8 (max 8)
- age   1:    8939760 bytes,    8939760 total
- age   2:    3391368 bytes,   12331128 total
- age   3:    1501344 bytes,   13832472 total
- age   4:     988824 bytes,   14821296 total
- age   5:    1834000 bytes,   16655296 total
- age   6:    1700120 bytes,   18355416 total
- age   7:    1281312 bytes,   19636728 total
- age   8:     747576 bytes,   20384304 total
: 109248K->21824K(109248K), 0.0080378 secs] 251324K->171317K(502464K), 0.0081158 secs] [Times: user=0.03 sys=0.00, real=0.00 secs] 
Heap after GC invocations=73 (full 2):
 par new generation   total 109248K, used 21824K [0x00000007a0000000, 0x00000007a8000000, 0x00000007a8000000)
  eden space 87424K,   0% used [0x00000007a0000000, 0x00000007a0000000, 0x00000007a5560000)
  from space 21824K, 100% used [0x00000007a6ab0000, 0x00000007a8000000, 0x00000007a8000000)
  to   space 21824K,   0% used [0x00000007a5560000, 0x00000007a5560000, 0x00000007a6ab0000)
 concurrent mark-sweep generation total 393216K, used 149493K [0x00000007a8000000, 0x00000007c0000000, 0x00000007c0000000)
 Metaspace       used 32373K, capacity 32930K, committed 33092K, reserved 1079296K
  class space    used 3775K, capacity 3932K, committed 3936K, reserved 1048576K
}
2016-10-23T20:01:51.479+0800: 48.171: Total time for which application threads were stopped: 0.0082676 seconds, Stopping threads took: 0.0000209 seconds
{Heap before GC invocations=73 (full 2):
 par new generation   total 109248K, used 109248K [0x00000007a0000000, 0x00000007a8000000, 0x00000007a8000000)
  eden space 87424K, 100% used [0x00000007a0000000, 0x00000007a5560000, 0x00000007a5560000)
  from space 21824K, 100% used [0x00000007a6ab0000, 0x00000007a8000000, 0x00000007a8000000)
  to   space 21824K,   0% used [0x00000007a5560000, 0x00000007a5560000, 0x00000007a6ab0000)
 concurrent mark-sweep generation total 393216K, used 149493K [0x00000007a8000000, 0x00000007c0000000, 0x00000007c0000000)
 Metaspace       used 32373K, capacity 32930K, committed 33092K, reserved 1079296K
  class space    used 3775K, capacity 3932K, committed 3936K, reserved 1048576K
2016-10-23T20:01:51.721+0800: 48.413: [GC (Allocation Failure) 2016-10-23T20:01:51.721+0800: 48.413: [ParNew
Desired survivor size 20112992 bytes, new threshold 8 (max 8)
- age   1:    7260736 bytes,    7260736 total
- age   2:    3379512 bytes,   10640248 total
- age   3:    2819768 bytes,   13460016 total
- age   4:    1411256 bytes,   14871272 total
- age   5:     709528 bytes,   15580800 total
- age   6:    1313040 bytes,   16893840 total
- age   7:    1674136 bytes,   18567976 total
- age   8:    1262680 bytes,   19830656 total
: 109248K->21824K(109248K), 0.0071418 secs] 258741K->175136K(502464K), 0.0072208 secs] [Times: user=0.02 sys=0.00, real=0.00 secs] 
Heap after GC invocations=74 (full 2):
 par new generation   total 109248K, used 21824K [0x00000007a0000000, 0x00000007a8000000, 0x00000007a8000000)
  eden space 87424K,   0% used [0x00000007a0000000, 0x00000007a0000000, 0x00000007a5560000)
  from space 21824K, 100% used [0x00000007a5560000, 0x00000007a6ab0000, 0x00000007a6ab0000)
  to   space 21824K,   0% used [0x00000007a6ab0000, 0x00000007a6ab0000, 0x00000007a8000000)
 concurrent mark-sweep generation total 393216K, used 153312K [0x00000007a8000000, 0x00000007c0000000, 0x00000007c0000000)
 Metaspace       used 32373K, capacity 32930K, committed 33092K, reserved 1079296K
  class space    used 3775K, capacity 3932K, committed 3936K, reserved 1048576K
}
2016-10-23T20:01:51.729+0800: 48.420: Total time for which application threads were stopped: 0.0073883 seconds, Stopping threads took: 0.0000302 seconds
{Heap before GC invocations=74 (full 2):
 par new generation   total 109248K, used 109248K [0x00000007a0000000, 0x00000007a8000000, 0x00000007a8000000)
  eden space 87424K, 100% used [0x00000007a0000000, 0x00000007a5560000, 0x00000007a5560000)
  from space 21824K, 100% used [0x00000007a5560000, 0x00000007a6ab0000, 0x00000007a6ab0000)
  to   space 21824K,   0% used [0x00000007a6ab0000, 0x00000007a6ab0000, 0x00000007a8000000)
 concurrent mark-sweep generation total 393216K, used 153312K [0x00000007a8000000, 0x00000007c0000000, 0x00000007c0000000)
 Metaspace       used 32373K, capacity 32930K, committed 33092K, reserved 1079296K
  class space    used 3775K, capacity 3932K, committed 3936K, reserved 1048576K
2016-10-23T20:01:51.961+0800: 48.653: [GC (Allocation Failure) 2016-10-23T20:01:51.961+0800: 48.653: [ParNew
Desired survivor size 20112992 bytes, new threshold 8 (max 8)
- age   1:    9946056 bytes,    9946056 total
- age   2:    1198512 bytes,   11144568 total
- age   3:    2984216 bytes,   14128784 total
- age   4:    2316192 bytes,   16444976 total
- age   5:     627616 bytes,   17072592 total
- age   6:     489120 bytes,   17561712 total
- age   7:     509880 bytes,   18071592 total
- age   8:    1244288 bytes,   19315880 total
: 109248K->21824K(109248K), 0.0092153 secs] 262560K->179650K(502464K), 0.0092998 secs] [Times: user=0.03 sys=0.00, real=0.01 secs] 
Heap after GC invocations=75 (full 2):
 par new generation   total 109248K, used 21824K [0x00000007a0000000, 0x00000007a8000000, 0x00000007a8000000)
  eden space 87424K,   0% used [0x00000007a0000000, 0x00000007a0000000, 0x00000007a5560000)
  from space 21824K, 100% used [0x00000007a6ab0000, 0x00000007a8000000, 0x00000007a8000000)
  to   space 21824K,   0% used [0x00000007a5560000, 0x00000007a5560000, 0x00000007a6ab0000)
 concurrent mark-sweep generation total 393216K, used 157826K [0x00000007a8000000, 0x00000007c0000000, 0x00000007c0000000)
 Metaspace       used 32373K, capacity 32930K, committed 33092K, reserved 1079296K
  class space    used 3775K, capacity 3932K, committed 3936K, reserved 1048576K
}
2016-10-23T20:01:51.970+0800: 48.662: Total time for which application threads were stopped: 0.0094707 seconds, Stopping threads took: 0.0000299 seconds
{Heap before GC invocations=75 (full 2):
 par new generation   total 109248K, used 109248K [0x00000007a0000000, 0x00000007a8000000, 0x00000007a8000000)
  eden space 87424K, 100% used [0x00000007a0000000, 0x00000007a5560000, 0x00000007a5560000)
  from space 21824K, 100% used [0x00000007a6ab0000, 0x00000007a8000000, 0x00000007a8000000)
  to   space 21824K,   0% used [0x00000007a5560000, 0x00000007a5560000, 0x00000007a6ab0000)
 concurrent mark-sweep generation total 393216K, used 157826K [0x00000007a8000000, 0x00000007c0000000, 0x00000007c0000000)
 Metaspace       used 32373K, capacity 32930K, committed 33092K, reserved 1079296K
  class space    used 3775K, capacity 3932K, committed 3936K, reserved 1048576K
2016-10-23T20:01:52.208+0800: 48.900: [GC (Allocation Failure) 2016-10-23T20:01:52.208+0800: 48.900: [ParNew
Desired survivor size 20112992 bytes, new threshold 8 (max 8)
- age   1:    9191048 bytes,    9191048 total
- age   2:    3062768 bytes,   12253816 total
- age   3:     957288 bytes,   13211104 total
- age   4:    2969088 bytes,   16180192 total
- age   5:    2307048 bytes,   18487240 total
- age   6:     620208 bytes,   19107448 total
- age   7:     482088 bytes,   19589536 total
- age   8:     402528 bytes,   19992064 total
: 109248K->21824K(109248K), 0.0092452 secs] 267074K->182228K(502464K), 0.0092893 secs] [Times: user=0.03 sys=0.00, real=0.01 secs] 
Heap after GC invocations=76 (full 2):
 par new generation   total 109248K, used 21824K [0x00000007a0000000, 0x00000007a8000000, 0x00000007a8000000)
  eden space 87424K,   0% used [0x00000007a0000000, 0x00000007a0000000, 0x00000007a5560000)
  from space 21824K, 100% used [0x00000007a5560000, 0x00000007a6ab0000, 0x00000007a6ab0000)
  to   space 21824K,   0% used [0x00000007a6ab0000, 0x00000007a6ab0000, 0x00000007a8000000)
 concurrent mark-sweep generation total 393216K, used 160404K [0x00000007a8000000, 0x00000007c0000000, 0x00000007c0000000)
 Metaspace       used 32373K, capacity 32930K, committed 33092K, reserved 1079296K
  class space    used 3775K, capacity 3932K, committed 3936K, reserved 1048576K
}
2016-10-23T20:01:52.218+0800: 48.909: Total time for which application threads were stopped: 0.0094362 seconds, Stopping threads took: 0.0000183 seconds
{Heap before GC invocations=76 (full 2):
 par new generation   total 109248K, used 109248K [0x00000007a0000000, 0x00000007a8000000, 0x00000007a8000000)
  eden space 87424K, 100% used [0x00000007a0000000, 0x00000007a5560000, 0x00000007a5560000)
  from space 21824K, 100% used [0x00000007a5560000, 0x00000007a6ab0000, 0x00000007a6ab0000)
  to   space 21824K,   0% used [0x00000007a6ab0000, 0x00000007a6ab0000, 0x00000007a8000000)
 concurrent mark-sweep generation total 393216K, used 160404K [0x00000007a8000000, 0x00000007c0000000, 0x00000007c0000000)
 Metaspace       used 32373K, capacity 32930K, committed 33092K, reserved 1079296K
  class space    used 3775K, capacity 3932K, committed 3936K, reserved 1048576K
2016-10-23T20:01:52.545+0800: 49.237: [GC (Allocation Failure) 2016-10-23T20:01:52.545+0800: 49.237: [ParNew
Desired survivor size 20112992 bytes, new threshold 8 (max 8)
- age   1:    5022776 bytes,    5022776 total
- age   2:    3890000 bytes,    8912776 total
- age   3:    2791248 bytes,   11704024 total
- age   4:     929896 bytes,   12633920 total
- age   5:    2945280 bytes,   15579200 total
- age   6:    2294656 bytes,   17873856 total
- age   7:     608552 bytes,   18482408 total
- age   8:     467616 bytes,   18950024 total
: 109248K->21824K(109248K), 0.0130658 secs] 269652K->186369K(502464K), 0.0131392 secs] [Times: user=0.04 sys=0.00, real=0.01 secs] 
Heap after GC invocations=77 (full 2):
 par new generation   total 109248K, used 21824K [0x00000007a0000000, 0x00000007a8000000, 0x00000007a8000000)
  eden space 87424K,   0% used [0x00000007a0000000, 0x00000007a0000000, 0x00000007a5560000)
  from space 21824K, 100% used [0x00000007a6ab0000, 0x00000007a8000000, 0x00000007a8000000)
  to   space 21824K,   0% used [0x00000007a5560000, 0x00000007a5560000, 0x00000007a6ab0000)
 concurrent mark-sweep generation total 393216K, used 164545K [0x00000007a8000000, 0x00000007c0000000, 0x00000007c0000000)
 Metaspace       used 32373K, capacity 32930K, committed 33092K, reserved 1079296K
  class space    used 3775K, capacity 3932K, committed 3936K, reserved 1048576K
}
2016-10-23T20:01:52.558+0800: 49.250: Total time for which application threads were stopped: 0.0133557 seconds, Stopping threads took: 0.0000212 seconds
{Heap before GC invocations=77 (full 2):
 par new generation   total 109248K, used 109248K [0x00000007a0000000, 0x00000007a8000000, 0x00000007a8000000)
  eden space 87424K, 100% used [0x00000007a0000000, 0x00000007a5560000, 0x00000007a5560000)
  from space 21824K, 100% used [0x00000007a6ab0000, 0x00000007a8000000, 0x00000007a8000000)
  to   space 21824K,   0% used [0x00000007a5560000, 0x00000007a5560000, 0x00000007a6ab0000)
 concurrent mark-sweep generation total 393216K, used 164545K [0x00000007a8000000, 0x00000007c0000000, 0x00000007c0000000)
 Metaspace       used 32373K, capacity 32930K, committed 33092K, reserved 1079296K
  class space    used 3775K, capacity 3932K, committed 3936K, reserved 1048576K
2016-10-23T20:01:52.842+0800: 49.534: [GC (Allocation Failure) 2016-10-23T20:01:52.842+0800: 49.534: [ParNew
Desired survivor size 20112992 bytes, new threshold 8 (max 8)
- age   1:    7696792 bytes,    7696792 total
- age   2:    2144664 bytes,    9841456 total
- age   3:     816216 bytes,   10657672 total
- age   4:    1577632 bytes,   12235304 total
- age   5:     862584 bytes,   13097888 total
- age   6:    2944920 bytes,   16042808 total
- age   7:    1639112 bytes,   17681920 total
- age   8:     608192 bytes,   18290112 total
: 109248K->21824K(109248K), 0.0088649 secs] 273793K->191487K(502464K), 0.0089267 secs] [Times: user=0.03 sys=0.00, real=0.01 secs] 
Heap after GC invocations=78 (full 2):
 par new generation   total 109248K, used 21824K [0x00000007a0000000, 0x00000007a8000000, 0x00000007a8000000)
  eden space 87424K,   0% used [0x00000007a0000000, 0x00000007a0000000, 0x00000007a5560000)
  from space 21824K, 100% used [0x00000007a5560000, 0x00000007a6ab0000, 0x00000007a6ab0000)
  to   space 21824K,   0% used [0x00000007a6ab0000, 0x00000007a6ab0000, 0x00000007a8000000)
 concurrent mark-sweep generation total 393216K, used 169663K [0x00000007a8000000, 0x00000007c0000000, 0x00000007c0000000)
 Metaspace       used 32373K, capacity 32930K, committed 33092K, reserved 1079296K
  class space    used 3775K, capacity 3932K, committed 3936K, reserved 1048576K
}
2016-10-23T20:01:52.851+0800: 49.543: Total time for which application threads were stopped: 0.0091553 seconds, Stopping threads took: 0.0000266 seconds
{Heap before GC invocations=78 (full 2):
 par new generation   total 109248K, used 109248K [0x00000007a0000000, 0x00000007a8000000, 0x00000007a8000000)
  eden space 87424K, 100% used [0x00000007a0000000, 0x00000007a5560000, 0x00000007a5560000)
  from space 21824K, 100% used [0x00000007a5560000, 0x00000007a6ab0000, 0x00000007a6ab0000)
  to   space 21824K,   0% used [0x00000007a6ab0000, 0x00000007a6ab0000, 0x00000007a8000000)
 concurrent mark-sweep generation total 393216K, used 169663K [0x00000007a8000000, 0x00000007c0000000, 0x00000007c0000000)
 Metaspace       used 32373K, capacity 32930K, committed 33092K, reserved 1079296K
  class space    used 3775K, capacity 3932K, committed 3936K, reserved 1048576K
2016-10-23T20:01:53.114+0800: 49.806: [GC (Allocation Failure) 2016-10-23T20:01:53.114+0800: 49.806: [ParNew
Desired survivor size 20112992 bytes, new threshold 8 (max 8)
- age   1:   10355256 bytes,   10355256 total
- age   2:    4210336 bytes,   14565592 total
- age   3:     919944 bytes,   15485536 total
- age   4:     739568 bytes,   16225104 total
- age   5:    1510768 bytes,   17735872 total
- age   6:     662360 bytes,   18398232 total
- age   7:    1702000 bytes,   20100232 total
- age   8:     956816 bytes,   21057048 total
: 109248K->21824K(109248K), 0.0089758 secs] 278911K->196321K(502464K), 0.0090655 secs] [Times: user=0.03 sys=0.00, real=0.01 secs] 
Heap after GC invocations=79 (full 2):
 par new generation   total 109248K, used 21824K [0x00000007a0000000, 0x00000007a8000000, 0x00000007a8000000)
  eden space 87424K,   0% used [0x00000007a0000000, 0x00000007a0000000, 0x00000007a5560000)
  from space 21824K, 100% used [0x00000007a6ab0000, 0x00000007a8000000, 0x00000007a8000000)
  to   space 21824K,   0% used [0x00000007a5560000, 0x00000007a5560000, 0x00000007a6ab0000)
 concurrent mark-sweep generation total 393216K, used 174497K [0x00000007a8000000, 0x00000007c0000000, 0x00000007c0000000)
 Metaspace       used 32373K, capacity 32930K, committed 33092K, reserved 1079296K
  class space    used 3775K, capacity 3932K, committed 3936K, reserved 1048576K
}
2016-10-23T20:01:53.123+0800: 49.815: Total time for which application threads were stopped: 0.0092209 seconds, Stopping threads took: 0.0000203 seconds
{Heap before GC invocations=79 (full 2):
 par new generation   total 109248K, used 109248K [0x00000007a0000000, 0x00000007a8000000, 0x00000007a8000000)
  eden space 87424K, 100% used [0x00000007a0000000, 0x00000007a5560000, 0x00000007a5560000)
  from space 21824K, 100% used [0x00000007a6ab0000, 0x00000007a8000000, 0x00000007a8000000)
  to   space 21824K,   0% used [0x00000007a5560000, 0x00000007a5560000, 0x00000007a6ab0000)
 concurrent mark-sweep generation total 393216K, used 174497K [0x00000007a8000000, 0x00000007c0000000, 0x00000007c0000000)
 Metaspace       used 32373K, capacity 32930K, committed 33092K, reserved 1079296K
  class space    used 3775K, capacity 3932K, committed 3936K, reserved 1048576K
2016-10-23T20:01:53.396+0800: 50.087: [GC (Allocation Failure) 2016-10-23T20:01:53.396+0800: 50.087: [ParNew
Desired survivor size 20112992 bytes, new threshold 8 (max 8)
- age   1:    6525472 bytes,    6525472 total
- age   2:    7288136 bytes,   13813608 total
- age   3:    1659672 bytes,   15473280 total
- age   4:     633296 bytes,   16106576 total
- age   5:     606720 bytes,   16713296 total
- age   6:    1389832 bytes,   18103128 total
- age   7:     587656 bytes,   18690784 total
- age   8:     582472 bytes,   19273256 total
: 109248K->21824K(109248K), 0.0092492 secs] 283745K->204715K(502464K), 0.0093139 secs] [Times: user=0.03 sys=0.00, real=0.01 secs] 
Heap after GC invocations=80 (full 2):
 par new generation   total 109248K, used 21824K [0x00000007a0000000, 0x00000007a8000000, 0x00000007a8000000)
  eden space 87424K,   0% used [0x00000007a0000000, 0x00000007a0000000, 0x00000007a5560000)
  from space 21824K, 100% used [0x00000007a5560000, 0x00000007a6ab0000, 0x00000007a6ab0000)
  to   space 21824K,   0% used [0x00000007a6ab0000, 0x00000007a6ab0000, 0x00000007a8000000)
 concurrent mark-sweep generation total 393216K, used 182891K [0x00000007a8000000, 0x00000007c0000000, 0x00000007c0000000)
 Metaspace       used 32373K, capacity 32930K, committed 33092K, reserved 1079296K
  class space    used 3775K, capacity 3932K, committed 3936K, reserved 1048576K
}
2016-10-23T20:01:53.405+0800: 50.097: Total time for which application threads were stopped: 0.0094699 seconds, Stopping threads took: 0.0000221 seconds
{Heap before GC invocations=80 (full 2):
 par new generation   total 109248K, used 109248K [0x00000007a0000000, 0x00000007a8000000, 0x00000007a8000000)
  eden space 87424K, 100% used [0x00000007a0000000, 0x00000007a5560000, 0x00000007a5560000)
  from space 21824K, 100% used [0x00000007a5560000, 0x00000007a6ab0000, 0x00000007a6ab0000)
  to   space 21824K,   0% used [0x00000007a6ab0000, 0x00000007a6ab0000, 0x00000007a8000000)
 concurrent mark-sweep generation total 393216K, used 182891K [0x00000007a8000000, 0x00000007c0000000, 0x00000007c0000000)
 Metaspace       used 32373K, capacity 32930K, committed 33092K, reserved 1079296K
  class space    used 3775K, capacity 3932K, committed 3936K, reserved 1048576K
2016-10-23T20:01:53.654+0800: 50.345: [GC (Allocation Failure) 2016-10-23T20:01:53.654+0800: 50.345: [ParNew
Desired survivor size 20112992 bytes, new threshold 8 (max 8)
- age   1:    6420112 bytes,    6420112 total
- age   2:    4440384 bytes,   10860496 total
- age   3:    3983504 bytes,   14844000 total
- age   4:    1602000 bytes,   16446000 total
- age   5:     579784 bytes,   17025784 total
- age   6:     548272 bytes,   17574056 total
- age   7:    1340440 bytes,   18914496 total
- age   8:     541504 bytes,   19456000 total
: 109248K->21824K(109248K), 0.0086567 secs] 292139K->209270K(502464K), 0.0087340 secs] [Times: user=0.03 sys=0.00, real=0.01 secs] 
Heap after GC invocations=81 (full 2):
 par new generation   total 109248K, used 21824K [0x00000007a0000000, 0x00000007a8000000, 0x00000007a8000000)
  eden space 87424K,   0% used [0x00000007a0000000, 0x00000007a0000000, 0x00000007a5560000)
  from space 21824K, 100% used [0x00000007a6ab0000, 0x00000007a8000000, 0x00000007a8000000)
  to   space 21824K,   0% used [0x00000007a5560000, 0x00000007a5560000, 0x00000007a6ab0000)
 concurrent mark-sweep generation total 393216K, used 187446K [0x00000007a8000000, 0x00000007c0000000, 0x00000007c0000000)
 Metaspace       used 32373K, capacity 32930K, committed 33092K, reserved 1079296K
  class space    used 3775K, capacity 3932K, committed 3936K, reserved 1048576K
}
2016-10-23T20:01:53.662+0800: 50.354: Total time for which application threads were stopped: 0.0088951 seconds, Stopping threads took: 0.0000214 seconds
{Heap before GC invocations=81 (full 2):
 par new generation   total 109248K, used 109248K [0x00000007a0000000, 0x00000007a8000000, 0x00000007a8000000)
  eden space 87424K, 100% used [0x00000007a0000000, 0x00000007a5560000, 0x00000007a5560000)
  from space 21824K, 100% used [0x00000007a6ab0000, 0x00000007a8000000, 0x00000007a8000000)
  to   space 21824K,   0% used [0x00000007a5560000, 0x00000007a5560000, 0x00000007a6ab0000)
 concurrent mark-sweep generation total 393216K, used 187446K [0x00000007a8000000, 0x00000007c0000000, 0x00000007c0000000)
 Metaspace       used 32373K, capacity 32930K, committed 33092K, reserved 1079296K
  class space    used 3775K, capacity 3932K, committed 3936K, reserved 1048576K
2016-10-23T20:01:53.939+0800: 50.630: [GC (Allocation Failure) 2016-10-23T20:01:53.939+0800: 50.630: [ParNew
Desired survivor size 20112992 bytes, new threshold 8 (max 8)
- age   1:    3131648 bytes,    3131648 total
- age   2:    6128176 bytes,    9259824 total
- age   3:    3585856 bytes,   12845680 total
- age   4:    1835824 bytes,   14681504 total
- age   5:    1353936 bytes,   16035440 total
- age   6:     518504 bytes,   16553944 total
- age   7:     485232 bytes,   17039176 total
- age   8:    1296856 bytes,   18336032 total
: 109248K->21824K(109248K), 0.0086532 secs] 296694K->218383K(502464K), 0.0087038 secs] [Times: user=0.03 sys=0.00, real=0.01 secs] 
Heap after GC invocations=82 (full 2):
 par new generation   total 109248K, used 21824K [0x00000007a0000000, 0x00000007a8000000, 0x00000007a8000000)
  eden space 87424K,   0% used [0x00000007a0000000, 0x00000007a0000000, 0x00000007a5560000)
  from space 21824K, 100% used [0x00000007a5560000, 0x00000007a6ab0000, 0x00000007a6ab0000)
  to   space 21824K,   0% used [0x00000007a6ab0000, 0x00000007a6ab0000, 0x00000007a8000000)
 concurrent mark-sweep generation total 393216K, used 196559K [0x00000007a8000000, 0x00000007c0000000, 0x00000007c0000000)
 Metaspace       used 32373K, capacity 32930K, committed 33092K, reserved 1079296K
  class space    used 3775K, capacity 3932K, committed 3936K, reserved 1048576K
}
2016-10-23T20:01:53.947+0800: 50.639: Total time for which application threads were stopped: 0.0088651 seconds, Stopping threads took: 0.0000201 seconds
{Heap before GC invocations=82 (full 2):
 par new generation   total 109248K, used 109248K [0x00000007a0000000, 0x00000007a8000000, 0x00000007a8000000)
  eden space 87424K, 100% used [0x00000007a0000000, 0x00000007a5560000, 0x00000007a5560000)
  from space 21824K, 100% used [0x00000007a5560000, 0x00000007a6ab0000, 0x00000007a6ab0000)
  to   space 21824K,   0% used [0x00000007a6ab0000, 0x00000007a6ab0000, 0x00000007a8000000)
 concurrent mark-sweep generation total 393216K, used 196559K [0x00000007a8000000, 0x00000007c0000000, 0x00000007c0000000)
 Metaspace       used 32373K, capacity 32930K, committed 33092K, reserved 1079296K
  class space    used 3775K, capacity 3932K, committed 3936K, reserved 1048576K
2016-10-23T20:01:54.196+0800: 50.888: [GC (Allocation Failure) 2016-10-23T20:01:54.196+0800: 50.888: [ParNew
Desired survivor size 20112992 bytes, new threshold 8 (max 8)
- age   1:    7627480 bytes,    7627480 total
- age   2:    2660168 bytes,   10287648 total
- age   3:     822784 bytes,   11110432 total
- age   4:    3465480 bytes,   14575912 total
- age   5:    1751664 bytes,   16327576 total
- age   6:    1285568 bytes,   17613144 total
- age   7:     453848 bytes,   18066992 total
- age   8:     417280 bytes,   18484272 total
: 109248K->21824K(109248K), 0.0096665 secs] 305807K->222554K(502464K), 0.0097318 secs] [Times: user=0.03 sys=0.00, real=0.01 secs] 
Heap after GC invocations=83 (full 2):
 par new generation   total 109248K, used 21824K [0x00000007a0000000, 0x00000007a8000000, 0x00000007a8000000)
  eden space 87424K,   0% used [0x00000007a0000000, 0x00000007a0000000, 0x00000007a5560000)
  from space 21824K, 100% used [0x00000007a6ab0000, 0x00000007a8000000, 0x00000007a8000000)
  to   space 21824K,   0% used [0x00000007a5560000, 0x00000007a5560000, 0x00000007a6ab0000)
 concurrent mark-sweep generation total 393216K, used 200730K [0x00000007a8000000, 0x00000007c0000000, 0x00000007c0000000)
 Metaspace       used 32373K, capacity 32930K, committed 33092K, reserved 1079296K
  class space    used 3775K, capacity 3932K, committed 3936K, reserved 1048576K
}
2016-10-23T20:01:54.206+0800: 50.898: Total time for which application threads were stopped: 0.0099261 seconds, Stopping threads took: 0.0000311 seconds
2016-10-23T20:01:54.206+0800: 50.898: [GC (CMS Initial Mark) [1 CMS-initial-mark: 200730K(393216K)] 224456K(502464K), 0.0019092 secs] [Times: user=0.00 sys=0.00, real=0.00 secs] 
2016-10-23T20:01:54.208+0800: 50.900: Total time for which application threads were stopped: 0.0020606 seconds, Stopping threads took: 0.0000531 seconds
2016-10-23T20:01:54.208+0800: 50.900: [CMS-concurrent-mark-start]
2016-10-23T20:01:54.227+0800: 50.918: [CMS-concurrent-mark: 0.019/0.019 secs] [Times: user=0.09 sys=0.00, real=0.02 secs] 
2016-10-23T20:01:54.227+0800: 50.918: [CMS-concurrent-preclean-start]
2016-10-23T20:01:54.228+0800: 50.920: [CMS-concurrent-preclean: 0.002/0.002 secs] [Times: user=0.01 sys=0.00, real=0.00 secs] 
2016-10-23T20:01:54.228+0800: 50.920: [CMS-concurrent-abortable-preclean-start]
2016-10-23T20:01:54.360+0800: 51.052: [CMS-concurrent-abortable-preclean: 0.131/0.132 secs] [Times: user=0.25 sys=0.01, real=0.14 secs] 
2016-10-23T20:01:54.360+0800: 51.052: [GC (CMS Final Remark) [YG occupancy: 69140 K (109248 K)]{Heap before GC invocations=83 (full 3):
 par new generation   total 109248K, used 69140K [0x00000007a0000000, 0x00000007a8000000, 0x00000007a8000000)
  eden space 87424K,  54% used [0x00000007a0000000, 0x00000007a2e352a0, 0x00000007a5560000)
  from space 21824K, 100% used [0x00000007a6ab0000, 0x00000007a8000000, 0x00000007a8000000)
  to   space 21824K,   0% used [0x00000007a5560000, 0x00000007a5560000, 0x00000007a6ab0000)
 concurrent mark-sweep generation total 393216K, used 200730K [0x00000007a8000000, 0x00000007c0000000, 0x00000007c0000000)
 Metaspace       used 32373K, capacity 32930K, committed 33092K, reserved 1079296K
  class space    used 3775K, capacity 3932K, committed 3936K, reserved 1048576K
2016-10-23T20:01:54.360+0800: 51.052: [GC (CMS Final Remark) 2016-10-23T20:01:54.360+0800: 51.052: [ParNew
Desired survivor size 20112992 bytes, new threshold 8 (max 8)
- age   1:    1576568 bytes,    1576568 total
- age   2:    6335128 bytes,    7911696 total
- age   3:    2559992 bytes,   10471688 total
- age   4:     694720 bytes,   11166408 total
- age   5:    3255296 bytes,   14421704 total
- age   6:    1744096 bytes,   16165800 total
- age   7:     719536 bytes,   16885336 total
- age   8:     445880 bytes,   17331216 total
: 69140K->21824K(109248K), 0.0090560 secs] 269870K->225209K(502464K), 0.0091113 secs] [Times: user=0.03 sys=0.00, real=0.01 secs] 
Heap after GC invocations=84 (full 3):
 par new generation   total 109248K, used 21824K [0x00000007a0000000, 0x00000007a8000000, 0x00000007a8000000)
  eden space 87424K,   0% used [0x00000007a0000000, 0x00000007a0000000, 0x00000007a5560000)
  from space 21824K, 100% used [0x00000007a5560000, 0x00000007a6ab0000, 0x00000007a6ab0000)
  to   space 21824K,   0% used [0x00000007a6ab0000, 0x00000007a6ab0000, 0x00000007a8000000)
 concurrent mark-sweep generation total 393216K, used 203385K [0x00000007a8000000, 0x00000007c0000000, 0x00000007c0000000)
 Metaspace       used 32373K, capacity 32930K, committed 33092K, reserved 1079296K
  class space    used 3775K, capacity 3932K, committed 3936K, reserved 1048576K
}
2016-10-23T20:01:54.370+0800: 51.061: [Rescan (parallel) , 0.0038189 secs]2016-10-23T20:01:54.373+0800: 51.065: [weak refs processing, 0.0007348 secs]2016-10-23T20:01:54.374+0800: 51.066: [class unloading, 0.0069183 secs]2016-10-23T20:01:54.381+0800: 51.073: [scrub symbol table, 0.0067309 secs]2016-10-23T20:01:54.388+0800: 51.080: [scrub string table, 0.0004544 secs][1 CMS-remark: 203385K(393216K)] 225209K(502464K), 0.0280313 secs] [Times: user=0.06 sys=0.00, real=0.02 secs] 
2016-10-23T20:01:54.388+0800: 51.080: Total time for which application threads were stopped: 0.0282088 seconds, Stopping threads took: 0.0000676 seconds
2016-10-23T20:01:54.389+0800: 51.080: [CMS-concurrent-sweep-start]
2016-10-23T20:01:54.431+0800: 51.123: [CMS-concurrent-sweep: 0.042/0.042 secs] [Times: user=0.09 sys=0.00, real=0.05 secs] 
2016-10-23T20:01:54.431+0800: 51.123: [CMS-concurrent-reset-start]
2016-10-23T20:01:54.431+0800: 51.123: [CMS-concurrent-reset: 0.000/0.000 secs] [Times: user=0.00 sys=0.00, real=0.00 secs] 
{Heap before GC invocations=84 (full 3):
 par new generation   total 109248K, used 109248K [0x00000007a0000000, 0x00000007a8000000, 0x00000007a8000000)
  eden space 87424K, 100% used [0x00000007a0000000, 0x00000007a5560000, 0x00000007a5560000)
  from space 21824K, 100% used [0x00000007a5560000, 0x00000007a6ab0000, 0x00000007a6ab0000)
  to   space 21824K,   0% used [0x00000007a6ab0000, 0x00000007a6ab0000, 0x00000007a8000000)
 concurrent mark-sweep generation total 393216K, used 74074K [0x00000007a8000000, 0x00000007c0000000, 0x00000007c0000000)
 Metaspace       used 32373K, capacity 32930K, committed 33092K, reserved 1079296K
  class space    used 3775K, capacity 3932K, committed 3936K, reserved 1048576K
2016-10-23T20:01:54.651+0800: 51.342: [GC (Allocation Failure) 2016-10-23T20:01:54.651+0800: 51.342: [ParNew
Desired survivor size 20112992 bytes, new threshold 8 (max 8)
- age   1:    9842904 bytes,    9842904 total
- age   2:    1559896 bytes,   11402800 total
- age   3:    1666312 bytes,   13069112 total
- age   4:     724888 bytes,   13794000 total
- age   5:     502072 bytes,   14296072 total
- age   6:    3250808 bytes,   17546880 total
- age   7:    1741952 bytes,   19288832 total
- age   8:     717224 bytes,   20006056 total
: 109248K->21824K(109248K), 0.0088420 secs] 183322K->102128K(502464K), 0.0089132 secs] [Times: user=0.03 sys=0.01, real=0.00 secs] 
Heap after GC invocations=85 (full 3):
 par new generation   total 109248K, used 21824K [0x00000007a0000000, 0x00000007a8000000, 0x00000007a8000000)
  eden space 87424K,   0% used [0x00000007a0000000, 0x00000007a0000000, 0x00000007a5560000)
  from space 21824K, 100% used [0x00000007a6ab0000, 0x00000007a8000000, 0x00000007a8000000)
  to   space 21824K,   0% used [0x00000007a5560000, 0x00000007a5560000, 0x00000007a6ab0000)
 concurrent mark-sweep generation total 393216K, used 80304K [0x00000007a8000000, 0x00000007c0000000, 0x00000007c0000000)
 Metaspace       used 32373K, capacity 32930K, committed 33092K, reserved 1079296K
  class space    used 3775K, capacity 3932K, committed 3936K, reserved 1048576K
}
2016-10-23T20:01:54.659+0800: 51.351: Total time for which application threads were stopped: 0.0090728 seconds, Stopping threads took: 0.0000273 seconds
{Heap before GC invocations=85 (full 3):
 par new generation   total 109248K, used 109248K [0x00000007a0000000, 0x00000007a8000000, 0x00000007a8000000)
  eden space 87424K, 100% used [0x00000007a0000000, 0x00000007a5560000, 0x00000007a5560000)
  from space 21824K, 100% used [0x00000007a6ab0000, 0x00000007a8000000, 0x00000007a8000000)
  to   space 21824K,   0% used [0x00000007a5560000, 0x00000007a5560000, 0x00000007a6ab0000)
 concurrent mark-sweep generation total 393216K, used 80304K [0x00000007a8000000, 0x00000007c0000000, 0x00000007c0000000)
 Metaspace       used 32373K, capacity 32930K, committed 33092K, reserved 1079296K
  class space    used 3775K, capacity 3932K, committed 3936K, reserved 1048576K
2016-10-23T20:01:54.933+0800: 51.624: [GC (Allocation Failure) 2016-10-23T20:01:54.933+0800: 51.624: [ParNew
Desired survivor size 20112992 bytes, new threshold 8 (max 8)
- age   1:    4782064 bytes,    4782064 total
- age   2:    8460424 bytes,   13242488 total
- age   3:     800224 bytes,   14042712 total
- age   4:     772256 bytes,   14814968 total
- age   5:     453376 bytes,   15268344 total
- age   6:     444744 bytes,   15713088 total
- age   7:    2969472 bytes,   18682560 total
- age   8:    1725056 bytes,   20407616 total
: 109248K->21824K(109248K), 0.0088667 secs] 189552K->106883K(502464K), 0.0089223 secs] [Times: user=0.03 sys=0.00, real=0.01 secs] 
Heap after GC invocations=86 (full 3):
 par new generation   total 109248K, used 21824K [0x00000007a0000000, 0x00000007a8000000, 0x00000007a8000000)
  eden space 87424K,   0% used [0x00000007a0000000, 0x00000007a0000000, 0x00000007a5560000)
  from space 21824K, 100% used [0x00000007a5560000, 0x00000007a6ab0000, 0x00000007a6ab0000)
  to   space 21824K,   0% used [0x00000007a6ab0000, 0x00000007a6ab0000, 0x00000007a8000000)
 concurrent mark-sweep generation total 393216K, used 85059K [0x00000007a8000000, 0x00000007c0000000, 0x00000007c0000000)
 Metaspace       used 32373K, capacity 32930K, committed 33092K, reserved 1079296K
  class space    used 3775K, capacity 3932K, committed 3936K, reserved 1048576K
}
2016-10-23T20:01:54.942+0800: 51.633: Total time for which application threads were stopped: 0.0090857 seconds, Stopping threads took: 0.0000237 seconds
{Heap before GC invocations=86 (full 3):
 par new generation   total 109248K, used 109248K [0x00000007a0000000, 0x00000007a8000000, 0x00000007a8000000)
  eden space 87424K, 100% used [0x00000007a0000000, 0x00000007a5560000, 0x00000007a5560000)
  from space 21824K, 100% used [0x00000007a5560000, 0x00000007a6ab0000, 0x00000007a6ab0000)
  to   space 21824K,   0% used [0x00000007a6ab0000, 0x00000007a6ab0000, 0x00000007a8000000)
 concurrent mark-sweep generation total 393216K, used 85059K [0x00000007a8000000, 0x00000007c0000000, 0x00000007c0000000)
 Metaspace       used 32373K, capacity 32930K, committed 33092K, reserved 1079296K
  class space    used 3775K, capacity 3932K, committed 3936K, reserved 1048576K
2016-10-23T20:01:55.206+0800: 51.898: [GC (Allocation Failure) 2016-10-23T20:01:55.206+0800: 51.898: [ParNew
Desired survivor size 20112992 bytes, new threshold 8 (max 8)
- age   1:    2429184 bytes,    2429184 total
- age   2:    4663312 bytes,    7092496 total
- age   3:    6744008 bytes,   13836504 total
- age   4:     767256 bytes,   14603760 total
- age   5:     698592 bytes,   15302352 total
- age   6:     443424 bytes,   15745776 total
- age   7:     435752 bytes,   16181528 total
- age   8:    2602976 bytes,   18784504 total
: 109248K->21824K(109248K), 0.0088466 secs] 194307K->117259K(502464K), 0.0089214 secs] [Times: user=0.04 sys=0.00, real=0.01 secs] 
Heap after GC invocations=87 (full 3):
 par new generation   total 109248K, used 21824K [0x00000007a0000000, 0x00000007a8000000, 0x00000007a8000000)
  eden space 87424K,   0% used [0x00000007a0000000, 0x00000007a0000000, 0x00000007a5560000)
  from space 21824K, 100% used [0x00000007a6ab0000, 0x00000007a8000000, 0x00000007a8000000)
  to   space 21824K,   0% used [0x00000007a5560000, 0x00000007a5560000, 0x00000007a6ab0000)
 concurrent mark-sweep generation total 393216K, used 95435K [0x00000007a8000000, 0x00000007c0000000, 0x00000007c0000000)
 Metaspace       used 32373K, capacity 32930K, committed 33092K, reserved 1079296K
  class space    used 3775K, capacity 3932K, committed 3936K, reserved 1048576K
}
2016-10-23T20:01:55.215+0800: 51.907: Total time for which application threads were stopped: 0.0090777 seconds, Stopping threads took: 0.0000225 seconds
{Heap before GC invocations=87 (full 3):
 par new generation   total 109248K, used 109248K [0x00000007a0000000, 0x00000007a8000000, 0x00000007a8000000)
  eden space 87424K, 100% used [0x00000007a0000000, 0x00000007a5560000, 0x00000007a5560000)
  from space 21824K, 100% used [0x00000007a6ab0000, 0x00000007a8000000, 0x00000007a8000000)
  to   space 21824K,   0% used [0x00000007a5560000, 0x00000007a5560000, 0x00000007a6ab0000)
 concurrent mark-sweep generation total 393216K, used 95435K [0x00000007a8000000, 0x00000007c0000000, 0x00000007c0000000)
 Metaspace       used 32373K, capacity 32930K, committed 33092K, reserved 1079296K
  class space    used 3775K, capacity 3932K, committed 3936K, reserved 1048576K
2016-10-23T20:01:55.476+0800: 52.167: [GC (Allocation Failure) 2016-10-23T20:01:55.476+0800: 52.167: [ParNew
Desired survivor size 20112992 bytes, new threshold 8 (max 8)
- age   1:    9454640 bytes,    9454640 total
- age   2:    2300672 bytes,   11755312 total
- age   3:    2561088 bytes,   14316400 total
- age   4:    2362544 bytes,   16678944 total
- age   5:     734472 bytes,   17413416 total
- age   6:     694280 bytes,   18107696 total
- age   7:     443048 bytes,   18550744 total
- age   8:     435280 bytes,   18986024 total
: 109248K->21824K(109248K), 0.0092534 secs] 204683K->121532K(502464K), 0.0093161 secs] [Times: user=0.04 sys=0.00, real=0.01 secs] 
Heap after GC invocations=88 (full 3):
 par new generation   total 109248K, used 21824K [0x00000007a0000000, 0x00000007a8000000, 0x00000007a8000000)
  eden space 87424K,   0% used [0x00000007a0000000, 0x00000007a0000000, 0x00000007a5560000)
  from space 21824K, 100% used [0x00000007a5560000, 0x00000007a6ab0000, 0x00000007a6ab0000)
  to   space 21824K,   0% used [0x00000007a6ab0000, 0x00000007a6ab0000, 0x00000007a8000000)
 concurrent mark-sweep generation total 393216K, used 99708K [0x00000007a8000000, 0x00000007c0000000, 0x00000007c0000000)
 Metaspace       used 32373K, capacity 32930K, committed 33092K, reserved 1079296K
  class space    used 3775K, capacity 3932K, committed 3936K, reserved 1048576K
}
2016-10-23T20:01:55.485+0800: 52.177: Total time for which application threads were stopped: 0.0094761 seconds, Stopping threads took: 0.0000299 seconds
{Heap before GC invocations=88 (full 3):
 par new generation   total 109248K, used 109248K [0x00000007a0000000, 0x00000007a8000000, 0x00000007a8000000)
  eden space 87424K, 100% used [0x00000007a0000000, 0x00000007a5560000, 0x00000007a5560000)
  from space 21824K, 100% used [0x00000007a5560000, 0x00000007a6ab0000, 0x00000007a6ab0000)
  to   space 21824K,   0% used [0x00000007a6ab0000, 0x00000007a6ab0000, 0x00000007a8000000)
 concurrent mark-sweep generation total 393216K, used 99708K [0x00000007a8000000, 0x00000007c0000000, 0x00000007c0000000)
 Metaspace       used 32373K, capacity 32930K, committed 33092K, reserved 1079296K
  class space    used 3775K, capacity 3932K, committed 3936K, reserved 1048576K
2016-10-23T20:01:55.775+0800: 52.467: [GC (Allocation Failure) 2016-10-23T20:01:55.775+0800: 52.467: [ParNew
Desired survivor size 20112992 bytes, new threshold 8 (max 8)
- age   1:    1569104 bytes,    1569104 total
- age   2:    8098880 bytes,    9667984 total
- age   3:    2130520 bytes,   11798504 total
- age   4:    2288416 bytes,   14086920 total
- age   5:    2321960 bytes,   16408880 total
- age   6:     552472 bytes,   16961352 total
- age   7:     667768 bytes,   17629120 total
- age   8:     414088 bytes,   18043208 total
: 109248K->21824K(109248K), 0.0103919 secs] 208956K->125183K(502464K), 0.0104665 secs] [Times: user=0.04 sys=0.00, real=0.01 secs] 
Heap after GC invocations=89 (full 3):
 par new generation   total 109248K, used 21824K [0x00000007a0000000, 0x00000007a8000000, 0x00000007a8000000)
  eden space 87424K,   0% used [0x00000007a0000000, 0x00000007a0000000, 0x00000007a5560000)
  from space 21824K, 100% used [0x00000007a6ab0000, 0x00000007a8000000, 0x00000007a8000000)
  to   space 21824K,   0% used [0x00000007a5560000, 0x00000007a5560000, 0x00000007a6ab0000)
 concurrent mark-sweep generation total 393216K, used 103359K [0x00000007a8000000, 0x00000007c0000000, 0x00000007c0000000)
 Metaspace       used 32373K, capacity 32930K, committed 33092K, reserved 1079296K
  class space    used 3775K, capacity 3932K, committed 3936K, reserved 1048576K
}
2016-10-23T20:01:55.785+0800: 52.477: Total time for which application threads were stopped: 0.0106630 seconds, Stopping threads took: 0.0000249 seconds
{Heap before GC invocations=89 (full 3):
 par new generation   total 109248K, used 109248K [0x00000007a0000000, 0x00000007a8000000, 0x00000007a8000000)
  eden space 87424K, 100% used [0x00000007a0000000, 0x00000007a5560000, 0x00000007a5560000)
  from space 21824K, 100% used [0x00000007a6ab0000, 0x00000007a8000000, 0x00000007a8000000)
  to   space 21824K,   0% used [0x00000007a5560000, 0x00000007a5560000, 0x00000007a6ab0000)
 concurrent mark-sweep generation total 393216K, used 103359K [0x00000007a8000000, 0x00000007c0000000, 0x00000007c0000000)
 Metaspace       used 32373K, capacity 32930K, committed 33092K, reserved 1079296K
  class space    used 3775K, capacity 3932K, committed 3936K, reserved 1048576K
2016-10-23T20:01:56.070+0800: 52.762: [GC (Allocation Failure) 2016-10-23T20:01:56.070+0800: 52.762: [ParNew
Desired survivor size 20112992 bytes, new threshold 7 (max 8)
- age   1:    6769640 bytes,    6769640 total
- age   2:    1341544 bytes,    8111184 total
- age   3:    6926744 bytes,   15037928 total
- age   4:     713168 bytes,   15751096 total
- age   5:    2264856 bytes,   18015952 total
- age   6:    1773520 bytes,   19789472 total
- age   7:     543120 bytes,   20332592 total
- age   8:     659256 bytes,   20991848 total
: 109248K->21824K(109248K), 0.0113508 secs] 212607K->133603K(502464K), 0.0114399 secs] [Times: user=0.04 sys=0.00, real=0.01 secs] 
Heap after GC invocations=90 (full 3):
 par new generation   total 109248K, used 21824K [0x00000007a0000000, 0x00000007a8000000, 0x00000007a8000000)
  eden space 87424K,   0% used [0x00000007a0000000, 0x00000007a0000000, 0x00000007a5560000)
  from space 21824K, 100% used [0x00000007a5560000, 0x00000007a6ab0000, 0x00000007a6ab0000)
  to   space 21824K,   0% used [0x00000007a6ab0000, 0x00000007a6ab0000, 0x00000007a8000000)
 concurrent mark-sweep generation total 393216K, used 111779K [0x00000007a8000000, 0x00000007c0000000, 0x00000007c0000000)
 Metaspace       used 32373K, capacity 32930K, committed 33092K, reserved 1079296K
  class space    used 3775K, capacity 3932K, committed 3936K, reserved 1048576K
}
2016-10-23T20:01:56.082+0800: 52.774: Total time for which application threads were stopped: 0.0116339 seconds, Stopping threads took: 0.0000253 seconds
{Heap before GC invocations=90 (full 3):
 par new generation   total 109248K, used 109248K [0x00000007a0000000, 0x00000007a8000000, 0x00000007a8000000)
  eden space 87424K, 100% used [0x00000007a0000000, 0x00000007a5560000, 0x00000007a5560000)
  from space 21824K, 100% used [0x00000007a5560000, 0x00000007a6ab0000, 0x00000007a6ab0000)
  to   space 21824K,   0% used [0x00000007a6ab0000, 0x00000007a6ab0000, 0x00000007a8000000)
 concurrent mark-sweep generation total 393216K, used 111779K [0x00000007a8000000, 0x00000007c0000000, 0x00000007c0000000)
 Metaspace       used 32373K, capacity 32930K, committed 33092K, reserved 1079296K
  class space    used 3775K, capacity 3932K, committed 3936K, reserved 1048576K
2016-10-23T20:01:56.352+0800: 53.043: [GC (Allocation Failure) 2016-10-23T20:01:56.352+0800: 53.043: [ParNew
Desired survivor size 20112992 bytes, new threshold 7 (max 8)
- age   1:   10996480 bytes,   10996480 total
- age   2:    3741384 bytes,   14737864 total
- age   3:    1300680 bytes,   16038544 total
- age   4:    1082288 bytes,   17120832 total
- age   5:     689072 bytes,   17809904 total
- age   6:    2219192 bytes,   20029096 total
- age   7:    1766936 bytes,   21796032 total
: 109248K->21824K(109248K), 0.0093820 secs] 221027K->141481K(502464K), 0.0094578 secs] [Times: user=0.04 sys=0.00, real=0.01 secs] 
Heap after GC invocations=91 (full 3):
 par new generation   total 109248K, used 21824K [0x00000007a0000000, 0x00000007a8000000, 0x00000007a8000000)
  eden space 87424K,   0% used [0x00000007a0000000, 0x00000007a0000000, 0x00000007a5560000)
  from space 21824K, 100% used [0x00000007a6ab0000, 0x00000007a8000000, 0x00000007a8000000)
  to   space 21824K,   0% used [0x00000007a5560000, 0x00000007a5560000, 0x00000007a6ab0000)
 concurrent mark-sweep generation total 393216K, used 119657K [0x00000007a8000000, 0x00000007c0000000, 0x00000007c0000000)
 Metaspace       used 32373K, capacity 32930K, committed 33092K, reserved 1079296K
  class space    used 3775K, capacity 3932K, committed 3936K, reserved 1048576K
}
2016-10-23T20:01:56.361+0800: 53.053: Total time for which application threads were stopped: 0.0096415 seconds, Stopping threads took: 0.0000209 seconds
{Heap before GC invocations=91 (full 3):
 par new generation   total 109248K, used 109248K [0x00000007a0000000, 0x00000007a8000000, 0x00000007a8000000)
  eden space 87424K, 100% used [0x00000007a0000000, 0x00000007a5560000, 0x00000007a5560000)
  from space 21824K, 100% used [0x00000007a6ab0000, 0x00000007a8000000, 0x00000007a8000000)
  to   space 21824K,   0% used [0x00000007a5560000, 0x00000007a5560000, 0x00000007a6ab0000)
 concurrent mark-sweep generation total 393216K, used 119657K [0x00000007a8000000, 0x00000007c0000000, 0x00000007c0000000)
 Metaspace       used 32373K, capacity 32930K, committed 33092K, reserved 1079296K
  class space    used 3775K, capacity 3932K, committed 3936K, reserved 1048576K
2016-10-23T20:01:56.642+0800: 53.333: [GC (Allocation Failure) 2016-10-23T20:01:56.642+0800: 53.333: [ParNew
Desired survivor size 20112992 bytes, new threshold 8 (max 8)
- age   1:    2211200 bytes,    2211200 total
- age   2:    9657712 bytes,   11868912 total
- age   3:    3276696 bytes,   15145608 total
- age   4:     932088 bytes,   16077696 total
- age   5:    1002008 bytes,   17079704 total
- age   6:     651304 bytes,   17731008 total
- age   7:    1973160 bytes,   19704168 total
: 109248K->21824K(109248K), 0.0102393 secs] 228905K->146945K(502464K), 0.0102983 secs] [Times: user=0.04 sys=0.00, real=0.01 secs] 
Heap after GC invocations=92 (full 3):
 par new generation   total 109248K, used 21824K [0x00000007a0000000, 0x00000007a8000000, 0x00000007a8000000)
  eden space 87424K,   0% used [0x00000007a0000000, 0x00000007a0000000, 0x00000007a5560000)
  from space 21824K, 100% used [0x00000007a5560000, 0x00000007a6ab0000, 0x00000007a6ab0000)
  to   space 21824K,   0% used [0x00000007a6ab0000, 0x00000007a6ab0000, 0x00000007a8000000)
 concurrent mark-sweep generation total 393216K, used 125121K [0x00000007a8000000, 0x00000007c0000000, 0x00000007c0000000)
 Metaspace       used 32373K, capacity 32930K, committed 33092K, reserved 1079296K
  class space    used 3775K, capacity 3932K, committed 3936K, reserved 1048576K
}
2016-10-23T20:01:56.652+0800: 53.344: Total time for which application threads were stopped: 0.0104759 seconds, Stopping threads took: 0.0000245 seconds
{Heap before GC invocations=92 (full 3):
 par new generation   total 109248K, used 109248K [0x00000007a0000000, 0x00000007a8000000, 0x00000007a8000000)
  eden space 87424K, 100% used [0x00000007a0000000, 0x00000007a5560000, 0x00000007a5560000)
  from space 21824K, 100% used [0x00000007a5560000, 0x00000007a6ab0000, 0x00000007a6ab0000)
  to   space 21824K,   0% used [0x00000007a6ab0000, 0x00000007a6ab0000, 0x00000007a8000000)
 concurrent mark-sweep generation total 393216K, used 125121K [0x00000007a8000000, 0x00000007c0000000, 0x00000007c0000000)
 Metaspace       used 32373K, capacity 32930K, committed 33092K, reserved 1079296K
  class space    used 3775K, capacity 3932K, committed 3936K, reserved 1048576K
2016-10-23T20:01:56.963+0800: 53.655: [GC (Allocation Failure) 2016-10-23T20:01:56.963+0800: 53.655: [ParNew
Desired survivor size 20112992 bytes, new threshold 8 (max 8)
- age   1:    5539992 bytes,    5539992 total
- age   2:    2030712 bytes,    7570704 total
- age   3:    6266824 bytes,   13837528 total
- age   4:    3187664 bytes,   17025192 total
- age   5:     838288 bytes,   17863480 total
- age   6:     879928 bytes,   18743408 total
- age   7:     576168 bytes,   19319576 total
- age   8:    1892168 bytes,   21211744 total
: 109248K->21824K(109248K), 0.0113404 secs] 234369K->163024K(502464K), 0.0114172 secs] [Times: user=0.04 sys=0.00, real=0.01 secs] 
Heap after GC invocations=93 (full 3):
 par new generation   total 109248K, used 21824K [0x00000007a0000000, 0x00000007a8000000, 0x00000007a8000000)
  eden space 87424K,   0% used [0x00000007a0000000, 0x00000007a0000000, 0x00000007a5560000)
  from space 21824K, 100% used [0x00000007a6ab0000, 0x00000007a8000000, 0x00000007a8000000)
  to   space 21824K,   0% used [0x00000007a5560000, 0x00000007a5560000, 0x00000007a6ab0000)
 concurrent mark-sweep generation total 393216K, used 141200K [0x00000007a8000000, 0x00000007c0000000, 0x00000007c0000000)
 Metaspace       used 32373K, capacity 32930K, committed 33092K, reserved 1079296K
  class space    used 3775K, capacity 3932K, committed 3936K, reserved 1048576K
}
2016-10-23T20:01:56.974+0800: 53.666: Total time for which application threads were stopped: 0.0115856 seconds, Stopping threads took: 0.0000219 seconds
{Heap before GC invocations=93 (full 3):
 par new generation   total 109248K, used 109248K [0x00000007a0000000, 0x00000007a8000000, 0x00000007a8000000)
  eden space 87424K, 100% used [0x00000007a0000000, 0x00000007a5560000, 0x00000007a5560000)
  from space 21824K, 100% used [0x00000007a6ab0000, 0x00000007a8000000, 0x00000007a8000000)
  to   space 21824K,   0% used [0x00000007a5560000, 0x00000007a5560000, 0x00000007a6ab0000)
 concurrent mark-sweep generation total 393216K, used 141200K [0x00000007a8000000, 0x00000007c0000000, 0x00000007c0000000)
 Metaspace       used 32373K, capacity 32930K, committed 33092K, reserved 1079296K
  class space    used 3775K, capacity 3932K, committed 3936K, reserved 1048576K
2016-10-23T20:01:57.234+0800: 53.926: [GC (Allocation Failure) 2016-10-23T20:01:57.234+0800: 53.926: [ParNew
Desired survivor size 20112992 bytes, new threshold 7 (max 8)
- age   1:    7145832 bytes,    7145832 total
- age   2:    4238624 bytes,   11384456 total
- age   3:    1965032 bytes,   13349488 total
- age   4:    2083824 bytes,   15433312 total
- age   5:    3161168 bytes,   18594480 total
- age   6:     809448 bytes,   19403928 total
- age   7:     852416 bytes,   20256344 total
- age   8:     553376 bytes,   20809720 total
: 109248K->21824K(109248K), 0.0096903 secs] 250448K->172033K(502464K), 0.0097769 secs] [Times: user=0.03 sys=0.00, real=0.01 secs] 
Heap after GC invocations=94 (full 3):
 par new generation   total 109248K, used 21824K [0x00000007a0000000, 0x00000007a8000000, 0x00000007a8000000)
  eden space 87424K,   0% used [0x00000007a0000000, 0x00000007a0000000, 0x00000007a5560000)
  from space 21824K, 100% used [0x00000007a5560000, 0x00000007a6ab0000, 0x00000007a6ab0000)
  to   space 21824K,   0% used [0x00000007a6ab0000, 0x00000007a6ab0000, 0x00000007a8000000)
 concurrent mark-sweep generation total 393216K, used 150209K [0x00000007a8000000, 0x00000007c0000000, 0x00000007c0000000)
 Metaspace       used 32373K, capacity 32930K, committed 33092K, reserved 1079296K
  class space    used 3775K, capacity 3932K, committed 3936K, reserved 1048576K
}
2016-10-23T20:01:57.244+0800: 53.936: Total time for which application threads were stopped: 0.0099337 seconds, Stopping threads took: 0.0000219 seconds
2016-10-23T20:01:57.562+0800: 54.254: Total time for which application threads were stopped: 0.0014028 seconds, Stopping threads took: 0.0012796 seconds
2016-10-23T20:01:57.593+0800: 54.285: Total time for which application threads were stopped: 0.0002898 seconds, Stopping threads took: 0.0000897 seconds
2016-10-23T20:01:57.593+0800: 54.285: Total time for which application threads were stopped: 0.0001489 seconds, Stopping threads took: 0.0000758 seconds
2016-10-23T20:01:57.593+0800: 54.285: Total time for which application threads were stopped: 0.0001406 seconds, Stopping threads took: 0.0000691 seconds
2016-10-23T20:01:57.593+0800: 54.285: Total time for which application threads were stopped: 0.0001459 seconds, Stopping threads took: 0.0000647 seconds
2016-10-23T20:01:57.593+0800: 54.285: Total time for which application threads were stopped: 0.0001485 seconds, Stopping threads took: 0.0000515 seconds
2016-10-23T20:01:57.594+0800: 54.286: Total time for which application threads were stopped: 0.0001746 seconds, Stopping threads took: 0.0000899 seconds
2016-10-23T20:01:57.594+0800: 54.286: Total time for which application threads were stopped: 0.0001109 seconds, Stopping threads took: 0.0000466 seconds
2016-10-23T20:01:57.594+0800: 54.286: Total time for which application threads were stopped: 0.0001121 seconds, Stopping threads took: 0.0000421 seconds
2016-10-23T20:01:57.594+0800: 54.286: Total time for which application threads were stopped: 0.0000975 seconds, Stopping threads took: 0.0000286 seconds
2016-10-23T20:01:57.594+0800: 54.286: Total time for which application threads were stopped: 0.0000873 seconds, Stopping threads took: 0.0000326 seconds
2016-10-23T20:01:57.594+0800: 54.286: Total time for which application threads were stopped: 0.0000939 seconds, Stopping threads took: 0.0000317 seconds
2016-10-23T20:01:57.595+0800: 54.286: Total time for which application threads were stopped: 0.0000892 seconds, Stopping threads took: 0.0000353 seconds
2016-10-23T20:01:57.595+0800: 54.287: Total time for which application threads were stopped: 0.0000782 seconds, Stopping threads took: 0.0000248 seconds
2016-10-23T20:01:57.595+0800: 54.287: Total time for which application threads were stopped: 0.0000789 seconds, Stopping threads took: 0.0000243 seconds
2016-10-23T20:01:57.595+0800: 54.287: Total time for which application threads were stopped: 0.0000756 seconds, Stopping threads took: 0.0000229 seconds
2016-10-23T20:01:57.595+0800: 54.287: Total time for which application threads were stopped: 0.0000823 seconds, Stopping threads took: 0.0000264 seconds
2016-10-23T20:01:57.595+0800: 54.287: Total time for which application threads were stopped: 0.0000774 seconds, Stopping threads took: 0.0000247 seconds
2016-10-23T20:01:57.595+0800: 54.287: Total time for which application threads were stopped: 0.0000774 seconds, Stopping threads took: 0.0000254 seconds
2016-10-23T20:01:57.595+0800: 54.287: Total time for which application threads were stopped: 0.0000759 seconds, Stopping threads took: 0.0000245 seconds
2016-10-23T20:01:57.595+0800: 54.287: Total time for which application threads were stopped: 0.0000862 seconds, Stopping threads took: 0.0000238 seconds
2016-10-23T20:01:57.596+0800: 54.287: Total time for which application threads were stopped: 0.0001658 seconds, Stopping threads took: 0.0000236 seconds
2016-10-23T20:01:57.596+0800: 54.288: Total time for which application threads were stopped: 0.0000795 seconds, Stopping threads took: 0.0000256 seconds
2016-10-23T20:01:57.597+0800: 54.289: Total time for which application threads were stopped: 0.0001002 seconds, Stopping threads took: 0.0000298 seconds
2016-10-23T20:01:57.597+0800: 54.289: Total time for which application threads were stopped: 0.0001002 seconds, Stopping threads took: 0.0000354 seconds
2016-10-23T20:01:57.597+0800: 54.289: Total time for which application threads were stopped: 0.0001606 seconds, Stopping threads took: 0.0000529 seconds
2016-10-23T20:01:57.598+0800: 54.290: Total time for which application threads were stopped: 0.0001208 seconds, Stopping threads took: 0.0000488 seconds
2016-10-23T20:01:57.599+0800: 54.291: Total time for which application threads were stopped: 0.0001188 seconds, Stopping threads took: 0.0000423 seconds
2016-10-23T20:01:57.599+0800: 54.291: Total time for which application threads were stopped: 0.0000956 seconds, Stopping threads took: 0.0000261 seconds
2016-10-23T20:01:57.599+0800: 54.291: Total time for which application threads were stopped: 0.0000908 seconds, Stopping threads took: 0.0000299 seconds
2016-10-23T20:01:57.600+0800: 54.292: Total time for which application threads were stopped: 0.0001301 seconds, Stopping threads took: 0.0000550 seconds
2016-10-23T20:01:57.600+0800: 54.292: Total time for which application threads were stopped: 0.0001011 seconds, Stopping threads took: 0.0000320 seconds
2016-10-23T20:01:57.600+0800: 54.292: Total time for which application threads were stopped: 0.0000964 seconds, Stopping threads took: 0.0000294 seconds
2016-10-23T20:01:57.600+0800: 54.292: Total time for which application threads were stopped: 0.0000837 seconds, Stopping threads took: 0.0000285 seconds
2016-10-23T20:01:57.601+0800: 54.293: Total time for which application threads were stopped: 0.0000929 seconds, Stopping threads took: 0.0000283 seconds
{Heap before GC invocations=94 (full 3):
 par new generation   total 109248K, used 109248K [0x00000007a0000000, 0x00000007a8000000, 0x00000007a8000000)
  eden space 87424K, 100% used [0x00000007a0000000, 0x00000007a5560000, 0x00000007a5560000)
  from space 21824K, 100% used [0x00000007a5560000, 0x00000007a6ab0000, 0x00000007a6ab0000)
  to   space 21824K,   0% used [0x00000007a6ab0000, 0x00000007a6ab0000, 0x00000007a8000000)
 concurrent mark-sweep generation total 393216K, used 150209K [0x00000007a8000000, 0x00000007c0000000, 0x00000007c0000000)
 Metaspace       used 33848K, capacity 34388K, committed 34628K, reserved 1079296K
  class space    used 3942K, capacity 4101K, committed 4192K, reserved 1048576K
2016-10-23T20:01:57.689+0800: 54.381: [GC (Allocation Failure) 2016-10-23T20:01:57.689+0800: 54.381: [ParNew
Desired survivor size 20112992 bytes, new threshold 6 (max 8)
- age   1:    3143520 bytes,    3143520 total
- age   2:    7059512 bytes,   10203032 total
- age   3:    4201680 bytes,   14404712 total
- age   4:    1931896 bytes,   16336608 total
- age   5:    2052360 bytes,   18388968 total
- age   6:    3137312 bytes,   21526280 total
- age   7:     786328 bytes,   22312608 total
: 109248K->21824K(109248K), 0.0100416 secs] 259457K->175490K(502464K), 0.0101077 secs] [Times: user=0.03 sys=0.00, real=0.01 secs] 
Heap after GC invocations=95 (full 3):
 par new generation   total 109248K, used 21824K [0x00000007a0000000, 0x00000007a8000000, 0x00000007a8000000)
  eden space 87424K,   0% used [0x00000007a0000000, 0x00000007a0000000, 0x00000007a5560000)
  from space 21824K, 100% used [0x00000007a6ab0000, 0x00000007a8000000, 0x00000007a8000000)
  to   space 21824K,   0% used [0x00000007a5560000, 0x00000007a5560000, 0x00000007a6ab0000)
 concurrent mark-sweep generation total 393216K, used 153666K [0x00000007a8000000, 0x00000007c0000000, 0x00000007c0000000)
 Metaspace       used 33848K, capacity 34388K, committed 34628K, reserved 1079296K
  class space    used 3942K, capacity 4101K, committed 4192K, reserved 1048576K
}
2016-10-23T20:01:57.699+0800: 54.391: Total time for which application threads were stopped: 0.0120302 seconds, Stopping threads took: 0.0017549 seconds
{Heap before GC invocations=95 (full 3):
 par new generation   total 109248K, used 109248K [0x00000007a0000000, 0x00000007a8000000, 0x00000007a8000000)
  eden space 87424K, 100% used [0x00000007a0000000, 0x00000007a5560000, 0x00000007a5560000)
  from space 21824K, 100% used [0x00000007a6ab0000, 0x00000007a8000000, 0x00000007a8000000)
  to   space 21824K,   0% used [0x00000007a5560000, 0x00000007a5560000, 0x00000007a6ab0000)
 concurrent mark-sweep generation total 393216K, used 153666K [0x00000007a8000000, 0x00000007c0000000, 0x00000007c0000000)
 Metaspace       used 34355K, capacity 34906K, committed 35140K, reserved 1081344K
  class space    used 3991K, capacity 4166K, committed 4192K, reserved 1048576K
2016-10-23T20:01:58.573+0800: 55.264: [GC (Allocation Failure) 2016-10-23T20:01:58.573+0800: 55.264: [ParNew
Desired survivor size 20112992 bytes, new threshold 8 (max 8)
- age   1:     808824 bytes,     808824 total
- age   2:    2859176 bytes,    3668000 total
- age   3:    6978408 bytes,   10646408 total
- age   4:    4112816 bytes,   14759224 total
- age   5:    1807768 bytes,   16566992 total
- age   6:    1940536 bytes,   18507528 total
: 109248K->21824K(109248K), 0.0094305 secs] 262914K->180085K(502464K), 0.0095007 secs] [Times: user=0.04 sys=0.00, real=0.01 secs] 
Heap after GC invocations=96 (full 3):
 par new generation   total 109248K, used 21824K [0x00000007a0000000, 0x00000007a8000000, 0x00000007a8000000)
  eden space 87424K,   0% used [0x00000007a0000000, 0x00000007a0000000, 0x00000007a5560000)
  from space 21824K, 100% used [0x00000007a5560000, 0x00000007a6ab0000, 0x00000007a6ab0000)
  to   space 21824K,   0% used [0x00000007a6ab0000, 0x00000007a6ab0000, 0x00000007a8000000)
 concurrent mark-sweep generation total 393216K, used 158261K [0x00000007a8000000, 0x00000007c0000000, 0x00000007c0000000)
 Metaspace       used 34355K, capacity 34906K, committed 35140K, reserved 1081344K
  class space    used 3991K, capacity 4166K, committed 4192K, reserved 1048576K
}
2016-10-23T20:01:58.582+0800: 55.274: Total time for which application threads were stopped: 0.0096868 seconds, Stopping threads took: 0.0000287 seconds
{Heap before GC invocations=96 (full 3):
 par new generation   total 109248K, used 109248K [0x00000007a0000000, 0x00000007a8000000, 0x00000007a8000000)
  eden space 87424K, 100% used [0x00000007a0000000, 0x00000007a5560000, 0x00000007a5560000)
  from space 21824K, 100% used [0x00000007a5560000, 0x00000007a6ab0000, 0x00000007a6ab0000)
  to   space 21824K,   0% used [0x00000007a6ab0000, 0x00000007a6ab0000, 0x00000007a8000000)
 concurrent mark-sweep generation total 393216K, used 158261K [0x00000007a8000000, 0x00000007c0000000, 0x00000007c0000000)
 Metaspace       used 34355K, capacity 34906K, committed 35140K, reserved 1081344K
  class space    used 3991K, capacity 4166K, committed 4192K, reserved 1048576K
2016-10-23T20:01:58.734+0800: 55.426: [GC (Allocation Failure) 2016-10-23T20:01:58.734+0800: 55.426: [ParNew
Desired survivor size 20112992 bytes, new threshold 8 (max 8)
- age   1:     165304 bytes,     165304 total
- age   2:     491872 bytes,     657176 total
- age   3:    2829744 bytes,    3486920 total
- age   4:    6975048 bytes,   10461968 total
- age   5:    4109968 bytes,   14571936 total
- age   6:    1804680 bytes,   16376616 total
- age   7:    1939960 bytes,   18316576 total
: 109248K->21824K(109248K), 0.0067517 secs] 267509K->180138K(502464K), 0.0067973 secs] [Times: user=0.03 sys=0.00, real=0.01 secs] 
Heap after GC invocations=97 (full 3):
 par new generation   total 109248K, used 21824K [0x00000007a0000000, 0x00000007a8000000, 0x00000007a8000000)
  eden space 87424K,   0% used [0x00000007a0000000, 0x00000007a0000000, 0x00000007a5560000)
  from space 21824K, 100% used [0x00000007a6ab0000, 0x00000007a8000000, 0x00000007a8000000)
  to   space 21824K,   0% used [0x00000007a5560000, 0x00000007a5560000, 0x00000007a6ab0000)
 concurrent mark-sweep generation total 393216K, used 158314K [0x00000007a8000000, 0x00000007c0000000, 0x00000007c0000000)
 Metaspace       used 34355K, capacity 34906K, committed 35140K, reserved 1081344K
  class space    used 3991K, capacity 4166K, committed 4192K, reserved 1048576K
}
2016-10-23T20:01:58.741+0800: 55.433: Total time for which application threads were stopped: 0.0069548 seconds, Stopping threads took: 0.0000185 seconds
{Heap before GC invocations=97 (full 3):
 par new generation   total 109248K, used 109248K [0x00000007a0000000, 0x00000007a8000000, 0x00000007a8000000)
  eden space 87424K, 100% used [0x00000007a0000000, 0x00000007a5560000, 0x00000007a5560000)
  from space 21824K, 100% used [0x00000007a6ab0000, 0x00000007a8000000, 0x00000007a8000000)
  to   space 21824K,   0% used [0x00000007a5560000, 0x00000007a5560000, 0x00000007a6ab0000)
 concurrent mark-sweep generation total 393216K, used 158314K [0x00000007a8000000, 0x00000007c0000000, 0x00000007c0000000)
 Metaspace       used 34355K, capacity 34906K, committed 35140K, reserved 1081344K
  class space    used 3991K, capacity 4166K, committed 4192K, reserved 1048576K
2016-10-23T20:01:58.863+0800: 55.555: [GC (Allocation Failure) 2016-10-23T20:01:58.863+0800: 55.555: [ParNew
Desired survivor size 20112992 bytes, new threshold 8 (max 8)
- age   1:     105776 bytes,     105776 total
- age   2:      49368 bytes,     155144 total
- age   3:     478488 bytes,     633632 total
- age   4:    2709888 bytes,    3343520 total
- age   5:    6948632 bytes,   10292152 total
- age   6:    4084656 bytes,   14376808 total
- age   7:    1775360 bytes,   16152168 total
- age   8:    1915416 bytes,   18067584 total
: 109248K->21824K(109248K), 0.0061435 secs] 267562K->180372K(502464K), 0.0061991 secs] [Times: user=0.02 sys=0.00, real=0.00 secs] 
Heap after GC invocations=98 (full 3):
 par new generation   total 109248K, used 21824K [0x00000007a0000000, 0x00000007a8000000, 0x00000007a8000000)
  eden space 87424K,   0% used [0x00000007a0000000, 0x00000007a0000000, 0x00000007a5560000)
  from space 21824K, 100% used [0x00000007a5560000, 0x00000007a6ab0000, 0x00000007a6ab0000)
  to   space 21824K,   0% used [0x00000007a6ab0000, 0x00000007a6ab0000, 0x00000007a8000000)
 concurrent mark-sweep generation total 393216K, used 158548K [0x00000007a8000000, 0x00000007c0000000, 0x00000007c0000000)
 Metaspace       used 34355K, capacity 34906K, committed 35140K, reserved 1081344K
  class space    used 3991K, capacity 4166K, committed 4192K, reserved 1048576K
}
2016-10-23T20:01:58.869+0800: 55.561: Total time for which application threads were stopped: 0.0063715 seconds, Stopping threads took: 0.0000228 seconds
{Heap before GC invocations=98 (full 3):
 par new generation   total 109248K, used 109248K [0x00000007a0000000, 0x00000007a8000000, 0x00000007a8000000)
  eden space 87424K, 100% used [0x00000007a0000000, 0x00000007a5560000, 0x00000007a5560000)
  from space 21824K, 100% used [0x00000007a5560000, 0x00000007a6ab0000, 0x00000007a6ab0000)
  to   space 21824K,   0% used [0x00000007a6ab0000, 0x00000007a6ab0000, 0x00000007a8000000)
 concurrent mark-sweep generation total 393216K, used 158548K [0x00000007a8000000, 0x00000007c0000000, 0x00000007c0000000)
 Metaspace       used 34355K, capacity 34906K, committed 35140K, reserved 1081344K
  class space    used 3991K, capacity 4166K, committed 4192K, reserved 1048576K
2016-10-23T20:01:58.982+0800: 55.674: [GC (Allocation Failure) 2016-10-23T20:01:58.982+0800: 55.674: [ParNew
Desired survivor size 20112992 bytes, new threshold 8 (max 8)
- age   1:     152760 bytes,     152760 total
- age   2:       1352 bytes,     154112 total
- age   3:      49368 bytes,     203480 total
- age   4:     478112 bytes,     681592 total
- age   5:    2650696 bytes,    3332288 total
- age   6:    6931200 bytes,   10263488 total
- age   7:    4084128 bytes,   14347616 total
- age   8:    1774928 bytes,   16122544 total
: 109248K->21824K(109248K), 0.0062552 secs] 267796K->182329K(502464K), 0.0063087 secs] [Times: user=0.02 sys=0.00, real=0.00 secs] 
Heap after GC invocations=99 (full 3):
 par new generation   total 109248K, used 21824K [0x00000007a0000000, 0x00000007a8000000, 0x00000007a8000000)
  eden space 87424K,   0% used [0x00000007a0000000, 0x00000007a0000000, 0x00000007a5560000)
  from space 21824K, 100% used [0x00000007a6ab0000, 0x00000007a8000000, 0x00000007a8000000)
  to   space 21824K,   0% used [0x00000007a5560000, 0x00000007a5560000, 0x00000007a6ab0000)
 concurrent mark-sweep generation total 393216K, used 160505K [0x00000007a8000000, 0x00000007c0000000, 0x00000007c0000000)
 Metaspace       used 34355K, capacity 34906K, committed 35140K, reserved 1081344K
  class space    used 3991K, capacity 4166K, committed 4192K, reserved 1048576K
}
2016-10-23T20:01:58.988+0800: 55.680: Total time for which application threads were stopped: 0.0065161 seconds, Stopping threads took: 0.0000230 seconds
{Heap before GC invocations=99 (full 3):
 par new generation   total 109248K, used 109248K [0x00000007a0000000, 0x00000007a8000000, 0x00000007a8000000)
  eden space 87424K, 100% used [0x00000007a0000000, 0x00000007a5560000, 0x00000007a5560000)
  from space 21824K, 100% used [0x00000007a6ab0000, 0x00000007a8000000, 0x00000007a8000000)
  to   space 21824K,   0% used [0x00000007a5560000, 0x00000007a5560000, 0x00000007a6ab0000)
 concurrent mark-sweep generation total 393216K, used 160505K [0x00000007a8000000, 0x00000007c0000000, 0x00000007c0000000)
 Metaspace       used 34355K, capacity 34906K, committed 35140K, reserved 1081344K
  class space    used 3991K, capacity 4166K, committed 4192K, reserved 1048576K
2016-10-23T20:01:59.076+0800: 55.768: [GC (Allocation Failure) 2016-10-23T20:01:59.076+0800: 55.768: [ParNew
Desired survivor size 20112992 bytes, new threshold 8 (max 8)
- age   1:      97080 bytes,      97080 total
- age   2:      71384 bytes,     168464 total
- age   3:       1352 bytes,     169816 total
- age   4:      49368 bytes,     219184 total
- age   5:     478112 bytes,     697296 total
- age   6:    2876032 bytes,    3573328 total
- age   7:    6931200 bytes,   10504528 total
- age   8:    4084128 bytes,   14588656 total
: 109248K->18973K(109248K), 0.0059547 secs] 269753K->181223K(502464K), 0.0060078 secs] [Times: user=0.02 sys=0.00, real=0.01 secs] 
Heap after GC invocations=100 (full 3):
 par new generation   total 109248K, used 18973K [0x00000007a0000000, 0x00000007a8000000, 0x00000007a8000000)
  eden space 87424K,   0% used [0x00000007a0000000, 0x00000007a0000000, 0x00000007a5560000)
  from space 21824K,  86% used [0x00000007a5560000, 0x00000007a67e74f8, 0x00000007a6ab0000)
  to   space 21824K,   0% used [0x00000007a6ab0000, 0x00000007a6ab0000, 0x00000007a8000000)
 concurrent mark-sweep generation total 393216K, used 162249K [0x00000007a8000000, 0x00000007c0000000, 0x00000007c0000000)
 Metaspace       used 34355K, capacity 34906K, committed 35140K, reserved 1081344K
  class space    used 3991K, capacity 4166K, committed 4192K, reserved 1048576K
}
2016-10-23T20:01:59.082+0800: 55.774: Total time for which application threads were stopped: 0.0061776 seconds, Stopping threads took: 0.0000214 seconds
2016-10-23T20:01:59.264+0800: 55.956: Total time for which application threads were stopped: 0.0001019 seconds, Stopping threads took: 0.0000270 seconds
2016-10-23T20:01:59.264+0800: 55.956: Total time for which application threads were stopped: 0.0000590 seconds, Stopping threads took: 0.0000216 seconds
2016-10-23T20:01:59.264+0800: 55.956: Total time for which application threads were stopped: 0.0000452 seconds, Stopping threads took: 0.0000149 seconds
{Heap before GC invocations=100 (full 3):
 par new generation   total 109248K, used 106397K [0x00000007a0000000, 0x00000007a8000000, 0x00000007a8000000)
  eden space 87424K, 100% used [0x00000007a0000000, 0x00000007a5560000, 0x00000007a5560000)
  from space 21824K,  86% used [0x00000007a5560000, 0x00000007a67e74f8, 0x00000007a6ab0000)
  to   space 21824K,   0% used [0x00000007a6ab0000, 0x00000007a6ab0000, 0x00000007a8000000)
 concurrent mark-sweep generation total 393216K, used 162249K [0x00000007a8000000, 0x00000007c0000000, 0x00000007c0000000)
 Metaspace       used 34363K, capacity 34914K, committed 35140K, reserved 1081344K
  class space    used 3991K, capacity 4166K, committed 4192K, reserved 1048576K
2016-10-23T20:01:59.414+0800: 56.106: [GC (Allocation Failure) 2016-10-23T20:01:59.414+0800: 56.106: [ParNew
Desired survivor size 20112992 bytes, new threshold 8 (max 8)
- age   1:    4262984 bytes,    4262984 total
- age   3:        672 bytes,    4263656 total
- age   4:       1352 bytes,    4265008 total
- age   5:      49312 bytes,    4314320 total
- age   6:     477536 bytes,    4791856 total
- age   7:    2634256 bytes,    7426112 total
- age   8:    6946608 bytes,   14372720 total
: 106397K->17131K(109248K), 0.0075828 secs] 268647K->183380K(502464K), 0.0076453 secs] [Times: user=0.03 sys=0.00, real=0.01 secs] 
Heap after GC invocations=101 (full 3):
 par new generation   total 109248K, used 17131K [0x00000007a0000000, 0x00000007a8000000, 0x00000007a8000000)
  eden space 87424K,   0% used [0x00000007a0000000, 0x00000007a0000000, 0x00000007a5560000)
  from space 21824K,  78% used [0x00000007a6ab0000, 0x00000007a7b6aea0, 0x00000007a8000000)
  to   space 21824K,   0% used [0x00000007a5560000, 0x00000007a5560000, 0x00000007a6ab0000)
 concurrent mark-sweep generation total 393216K, used 166249K [0x00000007a8000000, 0x00000007c0000000, 0x00000007c0000000)
 Metaspace       used 34363K, capacity 34914K, committed 35140K, reserved 1081344K
  class space    used 3991K, capacity 4166K, committed 4192K, reserved 1048576K
}
2016-10-23T20:01:59.422+0800: 56.114: Total time for which application threads were stopped: 0.0078455 seconds, Stopping threads took: 0.0000230 seconds
{Heap before GC invocations=101 (full 3):
 par new generation   total 109248K, used 104555K [0x00000007a0000000, 0x00000007a8000000, 0x00000007a8000000)
  eden space 87424K, 100% used [0x00000007a0000000, 0x00000007a5560000, 0x00000007a5560000)
  from space 21824K,  78% used [0x00000007a6ab0000, 0x00000007a7b6aea0, 0x00000007a8000000)
  to   space 21824K,   0% used [0x00000007a5560000, 0x00000007a5560000, 0x00000007a6ab0000)
 concurrent mark-sweep generation total 393216K, used 166249K [0x00000007a8000000, 0x00000007c0000000, 0x00000007c0000000)
 Metaspace       used 34363K, capacity 34914K, committed 35140K, reserved 1081344K
  class space    used 3991K, capacity 4166K, committed 4192K, reserved 1048576K
2016-10-23T20:01:59.674+0800: 56.366: [GC (Allocation Failure) 2016-10-23T20:01:59.674+0800: 56.366: [ParNew
Desired survivor size 20112992 bytes, new threshold 8 (max 8)
- age   1:    5090808 bytes,    5090808 total
- age   2:    3222032 bytes,    8312840 total
- age   4:        672 bytes,    8313512 total
- age   5:       1352 bytes,    8314864 total
- age   6:      49312 bytes,    8364176 total
- age   7:     477536 bytes,    8841712 total
- age   8:    2634256 bytes,   11475968 total
: 104555K->15521K(109248K), 0.0077258 secs] 270804K->188536K(502464K), 0.0077944 secs] [Times: user=0.03 sys=0.00, real=0.01 secs] 
Heap after GC invocations=102 (full 3):
 par new generation   total 109248K, used 15521K [0x00000007a0000000, 0x00000007a8000000, 0x00000007a8000000)
  eden space 87424K,   0% used [0x00000007a0000000, 0x00000007a0000000, 0x00000007a5560000)
  from space 21824K,  71% used [0x00000007a5560000, 0x00000007a6488410, 0x00000007a6ab0000)
  to   space 21824K,   0% used [0x00000007a6ab0000, 0x00000007a6ab0000, 0x00000007a8000000)
 concurrent mark-sweep generation total 393216K, used 173015K [0x00000007a8000000, 0x00000007c0000000, 0x00000007c0000000)
 Metaspace       used 34363K, capacity 34914K, committed 35140K, reserved 1081344K
  class space    used 3991K, capacity 4166K, committed 4192K, reserved 1048576K
}
2016-10-23T20:01:59.682+0800: 56.374: Total time for which application threads were stopped: 0.0079714 seconds, Stopping threads took: 0.0000258 seconds
{Heap before GC invocations=102 (full 3):
 par new generation   total 109248K, used 102945K [0x00000007a0000000, 0x00000007a8000000, 0x00000007a8000000)
  eden space 87424K, 100% used [0x00000007a0000000, 0x00000007a5560000, 0x00000007a5560000)
  from space 21824K,  71% used [0x00000007a5560000, 0x00000007a6488410, 0x00000007a6ab0000)
  to   space 21824K,   0% used [0x00000007a6ab0000, 0x00000007a6ab0000, 0x00000007a8000000)
 concurrent mark-sweep generation total 393216K, used 173015K [0x00000007a8000000, 0x00000007c0000000, 0x00000007c0000000)
 Metaspace       used 34363K, capacity 34914K, committed 35140K, reserved 1081344K
  class space    used 3991K, capacity 4166K, committed 4192K, reserved 1048576K
2016-10-23T20:01:59.944+0800: 56.636: [GC (Allocation Failure) 2016-10-23T20:01:59.944+0800: 56.636: [ParNew
Desired survivor size 20112992 bytes, new threshold 8 (max 8)
- age   1:    5199392 bytes,    5199392 total
- age   2:    3477352 bytes,    8676744 total
- age   3:    3179072 bytes,   11855816 total
- age   5:        672 bytes,   11856488 total
- age   6:       1352 bytes,   11857840 total
- age   7:      49312 bytes,   11907152 total
- age   8:     477536 bytes,   12384688 total
: 102945K->15276K(109248K), 0.0070940 secs] 275960K->190880K(502464K), 0.0071484 secs] [Times: user=0.02 sys=0.00, real=0.01 secs] 
Heap after GC invocations=103 (full 3):
 par new generation   total 109248K, used 15276K [0x00000007a0000000, 0x00000007a8000000, 0x00000007a8000000)
  eden space 87424K,   0% used [0x00000007a0000000, 0x00000007a0000000, 0x00000007a5560000)
  from space 21824K,  69% used [0x00000007a6ab0000, 0x00000007a799b138, 0x00000007a8000000)
  to   space 21824K,   0% used [0x00000007a5560000, 0x00000007a5560000, 0x00000007a6ab0000)
 concurrent mark-sweep generation total 393216K, used 175603K [0x00000007a8000000, 0x00000007c0000000, 0x00000007c0000000)
 Metaspace       used 34363K, capacity 34914K, committed 35140K, reserved 1081344K
  class space    used 3991K, capacity 4166K, committed 4192K, reserved 1048576K
}
2016-10-23T20:01:59.952+0800: 56.644: Total time for which application threads were stopped: 0.0073134 seconds, Stopping threads took: 0.0000216 seconds
{Heap before GC invocations=103 (full 3):
 par new generation   total 109248K, used 102700K [0x00000007a0000000, 0x00000007a8000000, 0x00000007a8000000)
  eden space 87424K, 100% used [0x00000007a0000000, 0x00000007a5560000, 0x00000007a5560000)
  from space 21824K,  69% used [0x00000007a6ab0000, 0x00000007a799b138, 0x00000007a8000000)
  to   space 21824K,   0% used [0x00000007a5560000, 0x00000007a5560000, 0x00000007a6ab0000)
 concurrent mark-sweep generation total 393216K, used 175603K [0x00000007a8000000, 0x00000007c0000000, 0x00000007c0000000)
 Metaspace       used 34363K, capacity 34914K, committed 35140K, reserved 1081344K
  class space    used 3991K, capacity 4166K, committed 4192K, reserved 1048576K
2016-10-23T20:02:00.213+0800: 56.905: [GC (Allocation Failure) 2016-10-23T20:02:00.213+0800: 56.905: [ParNew
Desired survivor size 20112992 bytes, new threshold 8 (max 8)
- age   1:    8381712 bytes,    8381712 total
- age   2:    2963512 bytes,   11345224 total
- age   3:    2556912 bytes,   13902136 total
- age   4:    3177616 bytes,   17079752 total
- age   6:        672 bytes,   17080424 total
- age   7:       1352 bytes,   17081776 total
- age   8:      49312 bytes,   17131088 total
: 102700K->21824K(109248K), 0.0106022 secs] 278304K->197902K(502464K), 0.0106627 secs] [Times: user=0.03 sys=0.00, real=0.01 secs] 
Heap after GC invocations=104 (full 3):
 par new generation   total 109248K, used 21824K [0x00000007a0000000, 0x00000007a8000000, 0x00000007a8000000)
  eden space 87424K,   0% used [0x00000007a0000000, 0x00000007a0000000, 0x00000007a5560000)
  from space 21824K, 100% used [0x00000007a5560000, 0x00000007a6ab0000, 0x00000007a6ab0000)
  to   space 21824K,   0% used [0x00000007a6ab0000, 0x00000007a6ab0000, 0x00000007a8000000)
 concurrent mark-sweep generation total 393216K, used 176078K [0x00000007a8000000, 0x00000007c0000000, 0x00000007c0000000)
 Metaspace       used 34363K, capacity 34914K, committed 35140K, reserved 1081344K
  class space    used 3991K, capacity 4166K, committed 4192K, reserved 1048576K
}
2016-10-23T20:02:00.224+0800: 56.916: Total time for which application threads were stopped: 0.0108340 seconds, Stopping threads took: 0.0000232 seconds
{Heap before GC invocations=104 (full 3):
 par new generation   total 109248K, used 109248K [0x00000007a0000000, 0x00000007a8000000, 0x00000007a8000000)
  eden space 87424K, 100% used [0x00000007a0000000, 0x00000007a5560000, 0x00000007a5560000)
  from space 21824K, 100% used [0x00000007a5560000, 0x00000007a6ab0000, 0x00000007a6ab0000)
  to   space 21824K,   0% used [0x00000007a6ab0000, 0x00000007a6ab0000, 0x00000007a8000000)
 concurrent mark-sweep generation total 393216K, used 176078K [0x00000007a8000000, 0x00000007c0000000, 0x00000007c0000000)
 Metaspace       used 34363K, capacity 34914K, committed 35140K, reserved 1081344K
  class space    used 3991K, capacity 4166K, committed 4192K, reserved 1048576K
2016-10-23T20:02:00.460+0800: 57.151: [GC (Allocation Failure) 2016-10-23T20:02:00.460+0800: 57.151: [ParNew
Desired survivor size 20112992 bytes, new threshold 5 (max 8)
- age   1:    6535048 bytes,    6535048 total
- age   2:    5360568 bytes,   11895616 total
- age   3:    2884400 bytes,   14780016 total
- age   4:    2515112 bytes,   17295128 total
- age   5:    3171080 bytes,   20466208 total
- age   7:        672 bytes,   20466880 total
- age   8:       1352 bytes,   20468232 total
: 109248K->21824K(109248K), 0.0077317 secs] 285326K->197991K(502464K), 0.0078027 secs] [Times: user=0.03 sys=0.00, real=0.00 secs] 
Heap after GC invocations=105 (full 3):
 par new generation   total 109248K, used 21824K [0x00000007a0000000, 0x00000007a8000000, 0x00000007a8000000)
  eden space 87424K,   0% used [0x00000007a0000000, 0x00000007a0000000, 0x00000007a5560000)
  from space 21824K, 100% used [0x00000007a6ab0000, 0x00000007a8000000, 0x00000007a8000000)
  to   space 21824K,   0% used [0x00000007a5560000, 0x00000007a5560000, 0x00000007a6ab0000)
 concurrent mark-sweep generation total 393216K, used 176167K [0x00000007a8000000, 0x00000007c0000000, 0x00000007c0000000)
 Metaspace       used 34363K, capacity 34914K, committed 35140K, reserved 1081344K
  class space    used 3991K, capacity 4166K, committed 4192K, reserved 1048576K
}
2016-10-23T20:02:00.467+0800: 57.159: Total time for which application threads were stopped: 0.0079963 seconds, Stopping threads took: 0.0000300 seconds
{Heap before GC invocations=105 (full 3):
 par new generation   total 109248K, used 109248K [0x00000007a0000000, 0x00000007a8000000, 0x00000007a8000000)
  eden space 87424K, 100% used [0x00000007a0000000, 0x00000007a5560000, 0x00000007a5560000)
  from space 21824K, 100% used [0x00000007a6ab0000, 0x00000007a8000000, 0x00000007a8000000)
  to   space 21824K,   0% used [0x00000007a5560000, 0x00000007a5560000, 0x00000007a6ab0000)
 concurrent mark-sweep generation total 393216K, used 176167K [0x00000007a8000000, 0x00000007c0000000, 0x00000007c0000000)
 Metaspace       used 34363K, capacity 34914K, committed 35140K, reserved 1081344K
  class space    used 3991K, capacity 4166K, committed 4192K, reserved 1048576K
2016-10-23T20:02:00.746+0800: 57.438: [GC (Allocation Failure) 2016-10-23T20:02:00.746+0800: 57.438: [ParNew
Desired survivor size 20112992 bytes, new threshold 8 (max 8)
- age   1:    3610320 bytes,    3610320 total
- age   2:    2637304 bytes,    6247624 total
- age   3:    3596144 bytes,    9843768 total
- age   4:    2569360 bytes,   12413128 total
- age   5:    2396880 bytes,   14810008 total
: 109248K->21824K(109248K), 0.0112098 secs] 285415K->206794K(502464K), 0.0112737 secs] [Times: user=0.04 sys=0.00, real=0.01 secs] 
Heap after GC invocations=106 (full 3):
 par new generation   total 109248K, used 21824K [0x00000007a0000000, 0x00000007a8000000, 0x00000007a8000000)
  eden space 87424K,   0% used [0x00000007a0000000, 0x00000007a0000000, 0x00000007a5560000)
  from space 21824K, 100% used [0x00000007a5560000, 0x00000007a6ab0000, 0x00000007a6ab0000)
  to   space 21824K,   0% used [0x00000007a6ab0000, 0x00000007a6ab0000, 0x00000007a8000000)
 concurrent mark-sweep generation total 393216K, used 184970K [0x00000007a8000000, 0x00000007c0000000, 0x00000007c0000000)
 Metaspace       used 34363K, capacity 34914K, committed 35140K, reserved 1081344K
  class space    used 3991K, capacity 4166K, committed 4192K, reserved 1048576K
}
2016-10-23T20:02:00.757+0800: 57.449: Total time for which application threads were stopped: 0.0114615 seconds, Stopping threads took: 0.0000218 seconds
{Heap before GC invocations=106 (full 3):
 par new generation   total 109248K, used 109248K [0x00000007a0000000, 0x00000007a8000000, 0x00000007a8000000)
  eden space 87424K, 100% used [0x00000007a0000000, 0x00000007a5560000, 0x00000007a5560000)
  from space 21824K, 100% used [0x00000007a5560000, 0x00000007a6ab0000, 0x00000007a6ab0000)
  to   space 21824K,   0% used [0x00000007a6ab0000, 0x00000007a6ab0000, 0x00000007a8000000)
 concurrent mark-sweep generation total 393216K, used 184970K [0x00000007a8000000, 0x00000007c0000000, 0x00000007c0000000)
 Metaspace       used 34363K, capacity 34914K, committed 35140K, reserved 1081344K
  class space    used 3991K, capacity 4166K, committed 4192K, reserved 1048576K
2016-10-23T20:02:01.035+0800: 57.727: [GC (Allocation Failure) 2016-10-23T20:02:01.035+0800: 57.727: [ParNew
Desired survivor size 20112992 bytes, new threshold 6 (max 8)
- age   1:   10868864 bytes,   10868864 total
- age   2:    2422720 bytes,   13291584 total
- age   3:    2357784 bytes,   15649368 total
- age   4:    2050928 bytes,   17700296 total
- age   5:    2306296 bytes,   20006592 total
- age   6:    2160352 bytes,   22166944 total
: 109248K->21824K(109248K), 0.0126732 secs] 294218K->210902K(502464K), 0.0127449 secs] [Times: user=0.04 sys=0.00, real=0.01 secs] 
Heap after GC invocations=107 (full 3):
 par new generation   total 109248K, used 21824K [0x00000007a0000000, 0x00000007a8000000, 0x00000007a8000000)
  eden space 87424K,   0% used [0x00000007a0000000, 0x00000007a0000000, 0x00000007a5560000)
  from space 21824K, 100% used [0x00000007a6ab0000, 0x00000007a8000000, 0x00000007a8000000)
  to   space 21824K,   0% used [0x00000007a5560000, 0x00000007a5560000, 0x00000007a6ab0000)
 concurrent mark-sweep generation total 393216K, used 189078K [0x00000007a8000000, 0x00000007c0000000, 0x00000007c0000000)
 Metaspace       used 34363K, capacity 34914K, committed 35140K, reserved 1081344K
  class space    used 3991K, capacity 4166K, committed 4192K, reserved 1048576K
}
2016-10-23T20:02:01.048+0800: 57.740: Total time for which application threads were stopped: 0.0128997 seconds, Stopping threads took: 0.0000172 seconds
{Heap before GC invocations=107 (full 3):
 par new generation   total 109248K, used 109248K [0x00000007a0000000, 0x00000007a8000000, 0x00000007a8000000)
  eden space 87424K, 100% used [0x00000007a0000000, 0x00000007a5560000, 0x00000007a5560000)
  from space 21824K, 100% used [0x00000007a6ab0000, 0x00000007a8000000, 0x00000007a8000000)
  to   space 21824K,   0% used [0x00000007a5560000, 0x00000007a5560000, 0x00000007a6ab0000)
 concurrent mark-sweep generation total 393216K, used 189078K [0x00000007a8000000, 0x00000007c0000000, 0x00000007c0000000)
 Metaspace       used 34363K, capacity 34914K, committed 35140K, reserved 1081344K
  class space    used 3991K, capacity 4166K, committed 4192K, reserved 1048576K
2016-10-23T20:02:01.307+0800: 57.999: [GC (Allocation Failure) 2016-10-23T20:02:01.307+0800: 57.999: [ParNew
Desired survivor size 20112992 bytes, new threshold 8 (max 8)
- age   1:    6596208 bytes,    6596208 total
- age   2:    1799392 bytes,    8395600 total
- age   3:    1733392 bytes,   10128992 total
- age   4:    2265200 bytes,   12394192 total
- age   5:    1958432 bytes,   14352624 total
- age   6:    2183832 bytes,   16536456 total
: 109248K->21824K(109248K), 0.0103549 secs] 298326K->218788K(502464K), 0.0104020 secs] [Times: user=0.04 sys=0.01, real=0.01 secs] 
Heap after GC invocations=108 (full 3):
 par new generation   total 109248K, used 21824K [0x00000007a0000000, 0x00000007a8000000, 0x00000007a8000000)
  eden space 87424K,   0% used [0x00000007a0000000, 0x00000007a0000000, 0x00000007a5560000)
  from space 21824K, 100% used [0x00000007a5560000, 0x00000007a6ab0000, 0x00000007a6ab0000)
  to   space 21824K,   0% used [0x00000007a6ab0000, 0x00000007a6ab0000, 0x00000007a8000000)
 concurrent mark-sweep generation total 393216K, used 196964K [0x00000007a8000000, 0x00000007c0000000, 0x00000007c0000000)
 Metaspace       used 34363K, capacity 34914K, committed 35140K, reserved 1081344K
  class space    used 3991K, capacity 4166K, committed 4192K, reserved 1048576K
}
2016-10-23T20:02:01.318+0800: 58.010: Total time for which application threads were stopped: 0.0105589 seconds, Stopping threads took: 0.0000210 seconds
2016-10-23T20:02:01.318+0800: 58.010: [GC (CMS Initial Mark) [1 CMS-initial-mark: 196964K(393216K)] 220549K(502464K), 0.0015284 secs] [Times: user=0.00 sys=0.00, real=0.01 secs] 
2016-10-23T20:02:01.320+0800: 58.012: Total time for which application threads were stopped: 0.0016489 seconds, Stopping threads took: 0.0000467 seconds
2016-10-23T20:02:01.320+0800: 58.012: [CMS-concurrent-mark-start]
2016-10-23T20:02:01.347+0800: 58.039: [CMS-concurrent-mark: 0.027/0.027 secs] [Times: user=0.13 sys=0.00, real=0.02 secs] 
2016-10-23T20:02:01.347+0800: 58.039: [CMS-concurrent-preclean-start]
2016-10-23T20:02:01.348+0800: 58.040: [CMS-concurrent-preclean: 0.002/0.002 secs] [Times: user=0.01 sys=0.00, real=0.00 secs] 
2016-10-23T20:02:01.348+0800: 58.040: [CMS-concurrent-abortable-preclean-start]
2016-10-23T20:02:01.477+0800: 58.169: [CMS-concurrent-abortable-preclean: 0.128/0.129 secs] [Times: user=0.25 sys=0.00, real=0.13 secs] 
2016-10-23T20:02:01.477+0800: 58.169: [GC (CMS Final Remark) [YG occupancy: 75207 K (109248 K)]{Heap before GC invocations=108 (full 4):
 par new generation   total 109248K, used 75207K [0x00000007a0000000, 0x00000007a8000000, 0x00000007a8000000)
  eden space 87424K,  61% used [0x00000007a0000000, 0x00000007a3421c48, 0x00000007a5560000)
  from space 21824K, 100% used [0x00000007a5560000, 0x00000007a6ab0000, 0x00000007a6ab0000)
  to   space 21824K,   0% used [0x00000007a6ab0000, 0x00000007a6ab0000, 0x00000007a8000000)
 concurrent mark-sweep generation total 393216K, used 196964K [0x00000007a8000000, 0x00000007c0000000, 0x00000007c0000000)
 Metaspace       used 34363K, capacity 34914K, committed 35140K, reserved 1081344K
  class space    used 3991K, capacity 4166K, committed 4192K, reserved 1048576K
2016-10-23T20:02:01.477+0800: 58.169: [GC (CMS Final Remark) 2016-10-23T20:02:01.477+0800: 58.169: [ParNew
Desired survivor size 20112992 bytes, new threshold 8 (max 8)
- age   1:    4321432 bytes,    4321432 total
- age   2:    4360160 bytes,    8681592 total
- age   3:    1683384 bytes,   10364976 total
- age   4:    1721880 bytes,   12086856 total
- age   5:    2265200 bytes,   14352056 total
- age   6:    1958432 bytes,   16310488 total
- age   7:    2183832 bytes,   18494320 total
: 75207K->21054K(109248K), 0.0078632 secs] 272171K->218019K(502464K), 0.0078922 secs] [Times: user=0.03 sys=0.00, real=0.01 secs] 
Heap after GC invocations=109 (full 4):
 par new generation   total 109248K, used 21054K [0x00000007a0000000, 0x00000007a8000000, 0x00000007a8000000)
  eden space 87424K,   0% used [0x00000007a0000000, 0x00000007a0000000, 0x00000007a5560000)
  from space 21824K,  96% used [0x00000007a6ab0000, 0x00000007a7f3fac0, 0x00000007a8000000)
  to   space 21824K,   0% used [0x00000007a5560000, 0x00000007a5560000, 0x00000007a6ab0000)
 concurrent mark-sweep generation total 393216K, used 196964K [0x00000007a8000000, 0x00000007c0000000, 0x00000007c0000000)
 Metaspace       used 34363K, capacity 34914K, committed 35140K, reserved 1081344K
  class space    used 3991K, capacity 4166K, committed 4192K, reserved 1048576K
}
2016-10-23T20:02:01.485+0800: 58.177: [Rescan (parallel) , 0.0037589 secs]2016-10-23T20:02:01.489+0800: 58.181: [weak refs processing, 0.0025749 secs]2016-10-23T20:02:01.492+0800: 58.184: [class unloading, 0.0066524 secs]2016-10-23T20:02:01.498+0800: 58.190: [scrub symbol table, 0.0055688 secs]2016-10-23T20:02:01.504+0800: 58.196: [scrub string table, 0.0005009 secs][1 CMS-remark: 196964K(393216K)] 218019K(502464K), 0.0272437 secs] [Times: user=0.06 sys=0.00, real=0.03 secs] 
2016-10-23T20:02:01.505+0800: 58.197: Total time for which application threads were stopped: 0.0274369 seconds, Stopping threads took: 0.0000632 seconds
2016-10-23T20:02:01.505+0800: 58.197: [CMS-concurrent-sweep-start]
2016-10-23T20:02:01.541+0800: 58.233: [CMS-concurrent-sweep: 0.036/0.036 secs] [Times: user=0.07 sys=0.00, real=0.04 secs] 
2016-10-23T20:02:01.541+0800: 58.233: [CMS-concurrent-reset-start]
2016-10-23T20:02:01.542+0800: 58.234: [CMS-concurrent-reset: 0.000/0.000 secs] [Times: user=0.00 sys=0.00, real=0.00 secs] 
{Heap before GC invocations=109 (full 4):
 par new generation   total 109248K, used 108478K [0x00000007a0000000, 0x00000007a8000000, 0x00000007a8000000)
  eden space 87424K, 100% used [0x00000007a0000000, 0x00000007a5560000, 0x00000007a5560000)
  from space 21824K,  96% used [0x00000007a6ab0000, 0x00000007a7f3fac0, 0x00000007a8000000)
  to   space 21824K,   0% used [0x00000007a5560000, 0x00000007a5560000, 0x00000007a6ab0000)
 concurrent mark-sweep generation total 393216K, used 54764K [0x00000007a8000000, 0x00000007c0000000, 0x00000007c0000000)
 Metaspace       used 34363K, capacity 34914K, committed 35140K, reserved 1081344K
  class space    used 3991K, capacity 4166K, committed 4192K, reserved 1048576K
2016-10-23T20:02:01.763+0800: 58.455: [GC (Allocation Failure) 2016-10-23T20:02:01.763+0800: 58.455: [ParNew
Desired survivor size 20112992 bytes, new threshold 8 (max 8)
- age   1:    7697232 bytes,    7697232 total
- age   2:    1110208 bytes,    8807440 total
- age   3:    1235104 bytes,   10042544 total
- age   4:    1599792 bytes,   11642336 total
- age   5:    1670016 bytes,   13312352 total
- age   6:    2091584 bytes,   15403936 total
- age   7:    1860456 bytes,   17264392 total
- age   8:    2058752 bytes,   19323144 total
: 108478K->21824K(109248K), 0.0089542 secs] 163243K->79947K(502464K), 0.0090329 secs] [Times: user=0.03 sys=0.00, real=0.01 secs] 
Heap after GC invocations=110 (full 4):
 par new generation   total 109248K, used 21824K [0x00000007a0000000, 0x00000007a8000000, 0x00000007a8000000)
  eden space 87424K,   0% used [0x00000007a0000000, 0x00000007a0000000, 0x00000007a5560000)
  from space 21824K, 100% used [0x00000007a5560000, 0x00000007a6ab0000, 0x00000007a6ab0000)
  to   space 21824K,   0% used [0x00000007a6ab0000, 0x00000007a6ab0000, 0x00000007a8000000)
 concurrent mark-sweep generation total 393216K, used 58123K [0x00000007a8000000, 0x00000007c0000000, 0x00000007c0000000)
 Metaspace       used 34363K, capacity 34914K, committed 35140K, reserved 1081344K
  class space    used 3991K, capacity 4166K, committed 4192K, reserved 1048576K
}
2016-10-23T20:02:01.772+0800: 58.464: Total time for which application threads were stopped: 0.0091977 seconds, Stopping threads took: 0.0000323 seconds
{Heap before GC invocations=110 (full 4):
 par new generation   total 109248K, used 109248K [0x00000007a0000000, 0x00000007a8000000, 0x00000007a8000000)
  eden space 87424K, 100% used [0x00000007a0000000, 0x00000007a5560000, 0x00000007a5560000)
  from space 21824K, 100% used [0x00000007a5560000, 0x00000007a6ab0000, 0x00000007a6ab0000)
  to   space 21824K,   0% used [0x00000007a6ab0000, 0x00000007a6ab0000, 0x00000007a8000000)
 concurrent mark-sweep generation total 393216K, used 58123K [0x00000007a8000000, 0x00000007c0000000, 0x00000007c0000000)
 Metaspace       used 34363K, capacity 34914K, committed 35140K, reserved 1081344K
  class space    used 3991K, capacity 4166K, committed 4192K, reserved 1048576K
2016-10-23T20:02:02.009+0800: 58.701: [GC (Allocation Failure) 2016-10-23T20:02:02.009+0800: 58.701: [ParNew
Desired survivor size 20112992 bytes, new threshold 8 (max 8)
- age   1:    8176800 bytes,    8176800 total
- age   2:    1811232 bytes,    9988032 total
- age   3:     890416 bytes,   10878448 total
- age   4:    1162760 bytes,   12041208 total
- age   5:    1014528 bytes,   13055736 total
- age   6:    1638096 bytes,   14693832 total
- age   7:    2066832 bytes,   16760664 total
- age   8:    1825240 bytes,   18585904 total
: 109248K->21824K(109248K), 0.0100458 secs] 167371K->85085K(502464K), 0.0101150 secs] [Times: user=0.04 sys=0.00, real=0.01 secs] 
Heap after GC invocations=111 (full 4):
 par new generation   total 109248K, used 21824K [0x00000007a0000000, 0x00000007a8000000, 0x00000007a8000000)
  eden space 87424K,   0% used [0x00000007a0000000, 0x00000007a0000000, 0x00000007a5560000)
  from space 21824K, 100% used [0x00000007a6ab0000, 0x00000007a8000000, 0x00000007a8000000)
  to   space 21824K,   0% used [0x00000007a5560000, 0x00000007a5560000, 0x00000007a6ab0000)
 concurrent mark-sweep generation total 393216K, used 63261K [0x00000007a8000000, 0x00000007c0000000, 0x00000007c0000000)
 Metaspace       used 34363K, capacity 34914K, committed 35140K, reserved 1081344K
  class space    used 3991K, capacity 4166K, committed 4192K, reserved 1048576K
}
2016-10-23T20:02:02.019+0800: 58.711: Total time for which application threads were stopped: 0.0103197 seconds, Stopping threads took: 0.0000261 seconds
{Heap before GC invocations=111 (full 4):
 par new generation   total 109248K, used 109248K [0x00000007a0000000, 0x00000007a8000000, 0x00000007a8000000)
  eden space 87424K, 100% used [0x00000007a0000000, 0x00000007a5560000, 0x00000007a5560000)
  from space 21824K, 100% used [0x00000007a6ab0000, 0x00000007a8000000, 0x00000007a8000000)
  to   space 21824K,   0% used [0x00000007a5560000, 0x00000007a5560000, 0x00000007a6ab0000)
 concurrent mark-sweep generation total 393216K, used 63261K [0x00000007a8000000, 0x00000007c0000000, 0x00000007c0000000)
 Metaspace       used 34363K, capacity 34914K, committed 35140K, reserved 1081344K
  class space    used 3991K, capacity 4166K, committed 4192K, reserved 1048576K
2016-10-23T20:02:02.257+0800: 58.949: [GC (Allocation Failure) 2016-10-23T20:02:02.257+0800: 58.949: [ParNew
Desired survivor size 20112992 bytes, new threshold 8 (max 8)
- age   1:    8786992 bytes,    8786992 total
- age   2:    2513584 bytes,   11300576 total
- age   3:    1080784 bytes,   12381360 total
- age   4:     698360 bytes,   13079720 total
- age   5:     832304 bytes,   13912024 total
- age   6:     535592 bytes,   14447616 total
- age   7:    1412688 bytes,   15860304 total
- age   8:    1840752 bytes,   17701056 total
: 109248K->21824K(109248K), 0.0127795 secs] 172509K->90593K(502464K), 0.0128430 secs] [Times: user=0.04 sys=0.00, real=0.02 secs] 
Heap after GC invocations=112 (full 4):
 par new generation   total 109248K, used 21824K [0x00000007a0000000, 0x00000007a8000000, 0x00000007a8000000)
  eden space 87424K,   0% used [0x00000007a0000000, 0x00000007a0000000, 0x00000007a5560000)
  from space 21824K, 100% used [0x00000007a5560000, 0x00000007a6ab0000, 0x00000007a6ab0000)
  to   space 21824K,   0% used [0x00000007a6ab0000, 0x00000007a6ab0000, 0x00000007a8000000)
 concurrent mark-sweep generation total 393216K, used 68769K [0x00000007a8000000, 0x00000007c0000000, 0x00000007c0000000)
 Metaspace       used 34363K, capacity 34914K, committed 35140K, reserved 1081344K
  class space    used 3991K, capacity 4166K, committed 4192K, reserved 1048576K
}
2016-10-23T20:02:02.270+0800: 58.962: Total time for which application threads were stopped: 0.0130169 seconds, Stopping threads took: 0.0000206 seconds
{Heap before GC invocations=112 (full 4):
 par new generation   total 109248K, used 109248K [0x00000007a0000000, 0x00000007a8000000, 0x00000007a8000000)
  eden space 87424K, 100% used [0x00000007a0000000, 0x00000007a5560000, 0x00000007a5560000)
  from space 21824K, 100% used [0x00000007a5560000, 0x00000007a6ab0000, 0x00000007a6ab0000)
  to   space 21824K,   0% used [0x00000007a6ab0000, 0x00000007a6ab0000, 0x00000007a8000000)
 concurrent mark-sweep generation total 393216K, used 68769K [0x00000007a8000000, 0x00000007c0000000, 0x00000007c0000000)
 Metaspace       used 34363K, capacity 34914K, committed 35140K, reserved 1081344K
  class space    used 3991K, capacity 4166K, committed 4192K, reserved 1048576K
2016-10-23T20:02:02.514+0800: 59.206: [GC (Allocation Failure) 2016-10-23T20:02:02.514+0800: 59.206: [ParNew
Desired survivor size 20112992 bytes, new threshold 8 (max 8)
- age   1:    8420248 bytes,    8420248 total
- age   2:    4971016 bytes,   13391264 total
- age   3:    2087176 bytes,   15478440 total
- age   4:    1080784 bytes,   16559224 total
- age   5:     698360 bytes,   17257584 total
- age   6:     832304 bytes,   18089888 total
- age   7:     535592 bytes,   18625480 total
- age   8:    1412688 bytes,   20038168 total
: 109248K->21824K(109248K), 0.0091102 secs] 178017K->93427K(502464K), 0.0091850 secs] [Times: user=0.03 sys=0.00, real=0.01 secs] 
Heap after GC invocations=113 (full 4):
 par new generation   total 109248K, used 21824K [0x00000007a0000000, 0x00000007a8000000, 0x00000007a8000000)
  eden space 87424K,   0% used [0x00000007a0000000, 0x00000007a0000000, 0x00000007a5560000)
  from space 21824K, 100% used [0x00000007a6ab0000, 0x00000007a8000000, 0x00000007a8000000)
  to   space 21824K,   0% used [0x00000007a5560000, 0x00000007a5560000, 0x00000007a6ab0000)
 concurrent mark-sweep generation total 393216K, used 71603K [0x00000007a8000000, 0x00000007c0000000, 0x00000007c0000000)
 Metaspace       used 34363K, capacity 34914K, committed 35140K, reserved 1081344K
  class space    used 3991K, capacity 4166K, committed 4192K, reserved 1048576K
}
2016-10-23T20:02:02.523+0800: 59.215: Total time for which application threads were stopped: 0.0093388 seconds, Stopping threads took: 0.0000222 seconds
{Heap before GC invocations=113 (full 4):
 par new generation   total 109248K, used 109248K [0x00000007a0000000, 0x00000007a8000000, 0x00000007a8000000)
  eden space 87424K, 100% used [0x00000007a0000000, 0x00000007a5560000, 0x00000007a5560000)
  from space 21824K, 100% used [0x00000007a6ab0000, 0x00000007a8000000, 0x00000007a8000000)
  to   space 21824K,   0% used [0x00000007a5560000, 0x00000007a5560000, 0x00000007a6ab0000)
 concurrent mark-sweep generation total 393216K, used 71603K [0x00000007a8000000, 0x00000007c0000000, 0x00000007c0000000)
 Metaspace       used 34363K, capacity 34914K, committed 35140K, reserved 1081344K
  class space    used 3991K, capacity 4166K, committed 4192K, reserved 1048576K
2016-10-23T20:02:02.771+0800: 59.463: [GC (Allocation Failure) 2016-10-23T20:02:02.771+0800: 59.463: [ParNew
Desired survivor size 20112992 bytes, new threshold 8 (max 8)
- age   1:    9169656 bytes,    9169656 total
- age   2:    4047712 bytes,   13217368 total
- age   3:     766416 bytes,   13983784 total
- age   4:    1915376 bytes,   15899160 total
- age   5:     982632 bytes,   16881792 total
- age   6:     679752 bytes,   17561544 total
- age   7:     802184 bytes,   18363728 total
- age   8:     515600 bytes,   18879328 total
: 109248K->21824K(109248K), 0.0100529 secs] 180851K->101365K(502464K), 0.0101081 secs] [Times: user=0.03 sys=0.00, real=0.01 secs] 
Heap after GC invocations=114 (full 4):
 par new generation   total 109248K, used 21824K [0x00000007a0000000, 0x00000007a8000000, 0x00000007a8000000)
  eden space 87424K,   0% used [0x00000007a0000000, 0x00000007a0000000, 0x00000007a5560000)
  from space 21824K, 100% used [0x00000007a5560000, 0x00000007a6ab0000, 0x00000007a6ab0000)
  to   space 21824K,   0% used [0x00000007a6ab0000, 0x00000007a6ab0000, 0x00000007a8000000)
 concurrent mark-sweep generation total 393216K, used 79541K [0x00000007a8000000, 0x00000007c0000000, 0x00000007c0000000)
 Metaspace       used 34363K, capacity 34914K, committed 35140K, reserved 1081344K
  class space    used 3991K, capacity 4166K, committed 4192K, reserved 1048576K
}
2016-10-23T20:02:02.781+0800: 59.473: Total time for which application threads were stopped: 0.0102607 seconds, Stopping threads took: 0.0000299 seconds
{Heap before GC invocations=114 (full 4):
 par new generation   total 109248K, used 109248K [0x00000007a0000000, 0x00000007a8000000, 0x00000007a8000000)
  eden space 87424K, 100% used [0x00000007a0000000, 0x00000007a5560000, 0x00000007a5560000)
  from space 21824K, 100% used [0x00000007a5560000, 0x00000007a6ab0000, 0x00000007a6ab0000)
  to   space 21824K,   0% used [0x00000007a6ab0000, 0x00000007a6ab0000, 0x00000007a8000000)
 concurrent mark-sweep generation total 393216K, used 79541K [0x00000007a8000000, 0x00000007c0000000, 0x00000007c0000000)
 Metaspace       used 34363K, capacity 34914K, committed 35140K, reserved 1081344K
  class space    used 3991K, capacity 4166K, committed 4192K, reserved 1048576K
2016-10-23T20:02:03.083+0800: 59.775: [GC (Allocation Failure) 2016-10-23T20:02:03.083+0800: 59.775: [ParNew
Desired survivor size 20112992 bytes, new threshold 7 (max 8)
- age   1:    9952360 bytes,    9952360 total
- age   2:    4302216 bytes,   14254576 total
- age   3:    2424216 bytes,   16678792 total
- age   4:     573624 bytes,   17252416 total
- age   5:    1687680 bytes,   18940096 total
- age   6:     764720 bytes,   19704816 total
- age   7:     550536 bytes,   20255352 total
- age   8:     587664 bytes,   20843016 total
: 109248K->21824K(109248K), 0.0177387 secs] 188789K->105693K(502464K), 0.0178067 secs] [Times: user=0.07 sys=0.00, real=0.02 secs] 
Heap after GC invocations=115 (full 4):
 par new generation   total 109248K, used 21824K [0x00000007a0000000, 0x00000007a8000000, 0x00000007a8000000)
  eden space 87424K,   0% used [0x00000007a0000000, 0x00000007a0000000, 0x00000007a5560000)
  from space 21824K, 100% used [0x00000007a6ab0000, 0x00000007a8000000, 0x00000007a8000000)
  to   space 21824K,   0% used [0x00000007a5560000, 0x00000007a5560000, 0x00000007a6ab0000)
 concurrent mark-sweep generation total 393216K, used 83869K [0x00000007a8000000, 0x00000007c0000000, 0x00000007c0000000)
 Metaspace       used 34363K, capacity 34914K, committed 35140K, reserved 1081344K
  class space    used 3991K, capacity 4166K, committed 4192K, reserved 1048576K
}
2016-10-23T20:02:03.101+0800: 59.793: Total time for which application threads were stopped: 0.0179597 seconds, Stopping threads took: 0.0000197 seconds
{Heap before GC invocations=115 (full 4):
 par new generation   total 109248K, used 109248K [0x00000007a0000000, 0x00000007a8000000, 0x00000007a8000000)
  eden space 87424K, 100% used [0x00000007a0000000, 0x00000007a5560000, 0x00000007a5560000)
  from space 21824K, 100% used [0x00000007a6ab0000, 0x00000007a8000000, 0x00000007a8000000)
  to   space 21824K,   0% used [0x00000007a5560000, 0x00000007a5560000, 0x00000007a6ab0000)
 concurrent mark-sweep generation total 393216K, used 83869K [0x00000007a8000000, 0x00000007c0000000, 0x00000007c0000000)
 Metaspace       used 34363K, capacity 34914K, committed 35140K, reserved 1081344K
  class space    used 3991K, capacity 4166K, committed 4192K, reserved 1048576K
2016-10-23T20:02:03.350+0800: 60.042: [GC (Allocation Failure) 2016-10-23T20:02:03.350+0800: 60.042: [ParNew
Desired survivor size 20112992 bytes, new threshold 8 (max 8)
- age   1:    7044520 bytes,    7044520 total
- age   2:    6388280 bytes,   13432800 total
- age   3:    1087424 bytes,   14520224 total
- age   4:    2209392 bytes,   16729616 total
- age   5:     555680 bytes,   17285296 total
- age   6:    1669520 bytes,   18954816 total
- age   7:     638928 bytes,   19593744 total
: 109248K->21824K(109248K), 0.0106290 secs] 193117K->110302K(502464K), 0.0107000 secs] [Times: user=0.04 sys=0.00, real=0.01 secs] 
Heap after GC invocations=116 (full 4):
 par new generation   total 109248K, used 21824K [0x00000007a0000000, 0x00000007a8000000, 0x00000007a8000000)
  eden space 87424K,   0% used [0x00000007a0000000, 0x00000007a0000000, 0x00000007a5560000)
  from space 21824K, 100% used [0x00000007a5560000, 0x00000007a6ab0000, 0x00000007a6ab0000)
  to   space 21824K,   0% used [0x00000007a6ab0000, 0x00000007a6ab0000, 0x00000007a8000000)
 concurrent mark-sweep generation total 393216K, used 88478K [0x00000007a8000000, 0x00000007c0000000, 0x00000007c0000000)
 Metaspace       used 34363K, capacity 34914K, committed 35140K, reserved 1081344K
  class space    used 3991K, capacity 4166K, committed 4192K, reserved 1048576K
}
2016-10-23T20:02:03.361+0800: 60.053: Total time for which application threads were stopped: 0.0108649 seconds, Stopping threads took: 0.0000297 seconds
2016-10-23T20:02:03.583+0800: 60.275: Total time for which application threads were stopped: 0.0001520 seconds, Stopping threads took: 0.0000718 seconds
{Heap before GC invocations=116 (full 4):
 par new generation   total 109248K, used 109248K [0x00000007a0000000, 0x00000007a8000000, 0x00000007a8000000)
  eden space 87424K, 100% used [0x00000007a0000000, 0x00000007a5560000, 0x00000007a5560000)
  from space 21824K, 100% used [0x00000007a5560000, 0x00000007a6ab0000, 0x00000007a6ab0000)
  to   space 21824K,   0% used [0x00000007a6ab0000, 0x00000007a6ab0000, 0x00000007a8000000)
 concurrent mark-sweep generation total 393216K, used 88478K [0x00000007a8000000, 0x00000007c0000000, 0x00000007c0000000)
 Metaspace       used 34364K, capacity 34914K, committed 35140K, reserved 1081344K
  class space    used 3991K, capacity 4166K, committed 4192K, reserved 1048576K
2016-10-23T20:02:03.601+0800: 60.293: [GC (Allocation Failure) 2016-10-23T20:02:03.601+0800: 60.293: [ParNew
Desired survivor size 20112992 bytes, new threshold 8 (max 8)
- age   1:    4442128 bytes,    4442128 total
- age   2:    5656656 bytes,   10098784 total
- age   3:    3265256 bytes,   13364040 total
- age   4:     483200 bytes,   13847240 total
- age   5:    1206920 bytes,   15054160 total
- age   6:     494040 bytes,   15548200 total
- age   7:     687160 bytes,   16235360 total
- age   8:     574720 bytes,   16810080 total
: 109248K->21824K(109248K), 0.0102480 secs] 197726K->117397K(502464K), 0.0103046 secs] [Times: user=0.06 sys=0.01, real=0.01 secs] 
Heap after GC invocations=117 (full 4):
 par new generation   total 109248K, used 21824K [0x00000007a0000000, 0x00000007a8000000, 0x00000007a8000000)
  eden space 87424K,   0% used [0x00000007a0000000, 0x00000007a0000000, 0x00000007a5560000)
  from space 21824K, 100% used [0x00000007a6ab0000, 0x00000007a8000000, 0x00000007a8000000)
  to   space 21824K,   0% used [0x00000007a5560000, 0x00000007a5560000, 0x00000007a6ab0000)
 concurrent mark-sweep generation total 393216K, used 95573K [0x00000007a8000000, 0x00000007c0000000, 0x00000007c0000000)
 Metaspace       used 34364K, capacity 34914K, committed 35140K, reserved 1081344K
  class space    used 3991K, capacity 4166K, committed 4192K, reserved 1048576K
}
2016-10-23T20:02:03.612+0800: 60.304: Total time for which application threads were stopped: 0.0104825 seconds, Stopping threads took: 0.0000571 seconds
2016-10-23T20:02:03.733+0800: 60.425: Total time for which application threads were stopped: 0.0003472 seconds, Stopping threads took: 0.0001158 seconds
2016-10-23T20:02:03.733+0800: 60.425: Total time for which application threads were stopped: 0.0001469 seconds, Stopping threads took: 0.0000574 seconds
{Heap before GC invocations=117 (full 4):
 par new generation   total 109248K, used 109248K [0x00000007a0000000, 0x00000007a8000000, 0x00000007a8000000)
  eden space 87424K, 100% used [0x00000007a0000000, 0x00000007a5560000, 0x00000007a5560000)
  from space 21824K, 100% used [0x00000007a6ab0000, 0x00000007a8000000, 0x00000007a8000000)
  to   space 21824K,   0% used [0x00000007a5560000, 0x00000007a5560000, 0x00000007a6ab0000)
 concurrent mark-sweep generation total 393216K, used 95573K [0x00000007a8000000, 0x00000007c0000000, 0x00000007c0000000)
 Metaspace       used 34364K, capacity 34914K, committed 35140K, reserved 1081344K
  class space    used 3991K, capacity 4166K, committed 4192K, reserved 1048576K
2016-10-23T20:02:03.785+0800: 60.477: [GC (Allocation Failure) 2016-10-23T20:02:03.785+0800: 60.477: [ParNew
Desired survivor size 20112992 bytes, new threshold 8 (max 8)
- age   1:    3606952 bytes,    3606952 total
- age   2:    3922120 bytes,    7529072 total
- age   3:    5644632 bytes,   13173704 total
- age   4:    3265256 bytes,   16438960 total
- age   5:     483224 bytes,   16922184 total
- age   6:     682616 bytes,   17604800 total
- age   7:     494040 bytes,   18098840 total
- age   8:     687160 bytes,   18786000 total
: 109248K->21824K(109248K), 0.0082819 secs] 204821K->118473K(502464K), 0.0083391 secs] [Times: user=0.03 sys=0.00, real=0.01 secs] 
Heap after GC invocations=118 (full 4):
 par new generation   total 109248K, used 21824K [0x00000007a0000000, 0x00000007a8000000, 0x00000007a8000000)
  eden space 87424K,   0% used [0x00000007a0000000, 0x00000007a0000000, 0x00000007a5560000)
  from space 21824K, 100% used [0x00000007a5560000, 0x00000007a6ab0000, 0x00000007a6ab0000)
  to   space 21824K,   0% used [0x00000007a6ab0000, 0x00000007a6ab0000, 0x00000007a8000000)
 concurrent mark-sweep generation total 393216K, used 96649K [0x00000007a8000000, 0x00000007c0000000, 0x00000007c0000000)
 Metaspace       used 34364K, capacity 34914K, committed 35140K, reserved 1081344K
  class space    used 3991K, capacity 4166K, committed 4192K, reserved 1048576K
}
2016-10-23T20:02:03.793+0800: 60.485: Total time for which application threads were stopped: 0.0086082 seconds, Stopping threads took: 0.0000983 seconds
{Heap before GC invocations=118 (full 4):
 par new generation   total 109248K, used 109248K [0x00000007a0000000, 0x00000007a8000000, 0x00000007a8000000)
  eden space 87424K, 100% used [0x00000007a0000000, 0x00000007a5560000, 0x00000007a5560000)
  from space 21824K, 100% used [0x00000007a5560000, 0x00000007a6ab0000, 0x00000007a6ab0000)
  to   space 21824K,   0% used [0x00000007a6ab0000, 0x00000007a6ab0000, 0x00000007a8000000)
 concurrent mark-sweep generation total 393216K, used 96649K [0x00000007a8000000, 0x00000007c0000000, 0x00000007c0000000)
 Metaspace       used 34364K, capacity 34914K, committed 35140K, reserved 1081344K
  class space    used 3991K, capacity 4166K, committed 4192K, reserved 1048576K
2016-10-23T20:02:04.016+0800: 60.708: [GC (Allocation Failure) 2016-10-23T20:02:04.016+0800: 60.708: [ParNew
Desired survivor size 20112992 bytes, new threshold 8 (max 8)
- age   1:    3421624 bytes,    3421624 total
- age   2:    1711752 bytes,    5133376 total
- age   3:    2518968 bytes,    7652344 total
- age   4:    5644576 bytes,   13296920 total
- age   5:    3265240 bytes,   16562160 total
- age   6:     483168 bytes,   17045328 total
- age   7:     682600 bytes,   17727928 total
- age   8:     494024 bytes,   18221952 total
: 109248K->21824K(109248K), 0.0086386 secs] 205897K->122743K(502464K), 0.0087133 secs] [Times: user=0.03 sys=0.00, real=0.01 secs] 
Heap after GC invocations=119 (full 4):
 par new generation   total 109248K, used 21824K [0x00000007a0000000, 0x00000007a8000000, 0x00000007a8000000)
  eden space 87424K,   0% used [0x00000007a0000000, 0x00000007a0000000, 0x00000007a5560000)
  from space 21824K, 100% used [0x00000007a6ab0000, 0x00000007a8000000, 0x00000007a8000000)
  to   space 21824K,   0% used [0x00000007a5560000, 0x00000007a5560000, 0x00000007a6ab0000)
 concurrent mark-sweep generation total 393216K, used 100919K [0x00000007a8000000, 0x00000007c0000000, 0x00000007c0000000)
 Metaspace       used 34364K, capacity 34914K, committed 35140K, reserved 1081344K
  class space    used 3991K, capacity 4166K, committed 4192K, reserved 1048576K
}
2016-10-23T20:02:04.025+0800: 60.717: Total time for which application threads were stopped: 0.0089881 seconds, Stopping threads took: 0.0001095 seconds
{Heap before GC invocations=119 (full 4):
 par new generation   total 109248K, used 109248K [0x00000007a0000000, 0x00000007a8000000, 0x00000007a8000000)
  eden space 87424K, 100% used [0x00000007a0000000, 0x00000007a5560000, 0x00000007a5560000)
  from space 21824K, 100% used [0x00000007a6ab0000, 0x00000007a8000000, 0x00000007a8000000)
  to   space 21824K,   0% used [0x00000007a5560000, 0x00000007a5560000, 0x00000007a6ab0000)
 concurrent mark-sweep generation total 393216K, used 100919K [0x00000007a8000000, 0x00000007c0000000, 0x00000007c0000000)
 Metaspace       used 34365K, capacity 34914K, committed 35140K, reserved 1081344K
  class space    used 3991K, capacity 4166K, committed 4192K, reserved 1048576K
2016-10-23T20:02:04.157+0800: 60.849: [GC (Allocation Failure) 2016-10-23T20:02:04.157+0800: 60.850: [ParNew
Desired survivor size 20112992 bytes, new threshold 8 (max 8)
- age   1:    3620344 bytes,    3620344 total
- age   2:    2052832 bytes,    5673176 total
- age   3:    1705944 bytes,    7379120 total
- age   4:    2407936 bytes,    9787056 total
- age   5:    5594104 bytes,   15381160 total
- age   6:    3215264 bytes,   18596424 total
- age   7:     446736 bytes,   19043160 total
- age   8:     652592 bytes,   19695752 total
: 109248K->21824K(109248K), 0.0083747 secs] 210167K->124448K(502464K), 0.0084383 secs] [Times: user=0.03 sys=0.00, real=0.01 secs] 
Heap after GC invocations=120 (full 4):
 par new generation   total 109248K, used 21824K [0x00000007a0000000, 0x00000007a8000000, 0x00000007a8000000)
  eden space 87424K,   0% used [0x00000007a0000000, 0x00000007a0000000, 0x00000007a5560000)
  from space 21824K, 100% used [0x00000007a5560000, 0x00000007a6ab0000, 0x00000007a6ab0000)
  to   space 21824K,   0% used [0x00000007a6ab0000, 0x00000007a6ab0000, 0x00000007a8000000)
 concurrent mark-sweep generation total 393216K, used 102624K [0x00000007a8000000, 0x00000007c0000000, 0x00000007c0000000)
 Metaspace       used 34365K, capacity 34914K, committed 35140K, reserved 1081344K
  class space    used 3991K, capacity 4166K, committed 4192K, reserved 1048576K
}
2016-10-23T20:02:04.166+0800: 60.858: Total time for which application threads were stopped: 0.0086442 seconds, Stopping threads took: 0.0000403 seconds
{Heap before GC invocations=120 (full 4):
 par new generation   total 109248K, used 109232K [0x00000007a0000000, 0x00000007a8000000, 0x00000007a8000000)
  eden space 87424K,  99% used [0x00000007a0000000, 0x00000007a555c290, 0x00000007a5560000)
  from space 21824K, 100% used [0x00000007a5560000, 0x00000007a6ab0000, 0x00000007a6ab0000)
  to   space 21824K,   0% used [0x00000007a6ab0000, 0x00000007a6ab0000, 0x00000007a8000000)
 concurrent mark-sweep generation total 393216K, used 102624K [0x00000007a8000000, 0x00000007c0000000, 0x00000007c0000000)
 Metaspace       used 34365K, capacity 34914K, committed 35140K, reserved 1081344K
  class space    used 3991K, capacity 4166K, committed 4192K, reserved 1048576K
2016-10-23T20:02:04.243+0800: 60.935: [GC (Allocation Failure) 2016-10-23T20:02:04.243+0800: 60.935: [ParNew
Desired survivor size 20112992 bytes, new threshold 8 (max 8)
- age   1:    3736528 bytes,    3736528 total
- age   2:    1085680 bytes,    4822208 total
- age   3:    1702080 bytes,    6524288 total
- age   4:    1549520 bytes,    8073808 total
- age   5:    2223296 bytes,   10297104 total
- age   6:    5355784 bytes,   15652888 total
- age   7:    3173256 bytes,   18826144 total
- age   8:     437272 bytes,   19263416 total
: 109232K->21824K(109248K), 0.0075476 secs] 211857K->126564K(502464K), 0.0076019 secs] [Times: user=0.02 sys=0.00, real=0.01 secs] 
Heap after GC invocations=121 (full 4):
 par new generation   total 109248K, used 21824K [0x00000007a0000000, 0x00000007a8000000, 0x00000007a8000000)
  eden space 87424K,   0% used [0x00000007a0000000, 0x00000007a0000000, 0x00000007a5560000)
  from space 21824K, 100% used [0x00000007a6ab0000, 0x00000007a8000000, 0x00000007a8000000)
  to   space 21824K,   0% used [0x00000007a5560000, 0x00000007a5560000, 0x00000007a6ab0000)
 concurrent mark-sweep generation total 393216K, used 104740K [0x00000007a8000000, 0x00000007c0000000, 0x00000007c0000000)
 Metaspace       used 34365K, capacity 34914K, committed 35140K, reserved 1081344K
  class space    used 3991K, capacity 4166K, committed 4192K, reserved 1048576K
}
2016-10-23T20:02:04.251+0800: 60.943: Total time for which application threads were stopped: 0.0078588 seconds, Stopping threads took: 0.0001037 seconds
{Heap before GC invocations=121 (full 4):
 par new generation   total 109248K, used 109248K [0x00000007a0000000, 0x00000007a8000000, 0x00000007a8000000)
  eden space 87424K, 100% used [0x00000007a0000000, 0x00000007a5560000, 0x00000007a5560000)
  from space 21824K, 100% used [0x00000007a6ab0000, 0x00000007a8000000, 0x00000007a8000000)
  to   space 21824K,   0% used [0x00000007a5560000, 0x00000007a5560000, 0x00000007a6ab0000)
 concurrent mark-sweep generation total 393216K, used 104740K [0x00000007a8000000, 0x00000007c0000000, 0x00000007c0000000)
 Metaspace       used 34365K, capacity 34914K, committed 35140K, reserved 1081344K
  class space    used 3991K, capacity 4166K, committed 4192K, reserved 1048576K
2016-10-23T20:02:04.314+0800: 61.006: [GC (Allocation Failure) 2016-10-23T20:02:04.314+0800: 61.006: [ParNew
Desired survivor size 20112992 bytes, new threshold 8 (max 8)
- age   1:    3030592 bytes,    3030592 total
- age   2:    2590072 bytes,    5620664 total
- age   3:     950264 bytes,    6570928 total
- age   4:    1304024 bytes,    7874952 total
- age   5:    1515152 bytes,    9390104 total
- age   6:    2065800 bytes,   11455904 total
- age   7:    5035936 bytes,   16491840 total
- age   8:    3098904 bytes,   19590744 total
: 109248K->21824K(109248K), 0.0079817 secs] 213988K->127818K(502464K), 0.0080458 secs] [Times: user=0.02 sys=0.00, real=0.01 secs] 
Heap after GC invocations=122 (full 4):
 par new generation   total 109248K, used 21824K [0x00000007a0000000, 0x00000007a8000000, 0x00000007a8000000)
  eden space 87424K,   0% used [0x00000007a0000000, 0x00000007a0000000, 0x00000007a5560000)
  from space 21824K, 100% used [0x00000007a5560000, 0x00000007a6ab0000, 0x00000007a6ab0000)
  to   space 21824K,   0% used [0x00000007a6ab0000, 0x00000007a6ab0000, 0x00000007a8000000)
 concurrent mark-sweep generation total 393216K, used 105994K [0x00000007a8000000, 0x00000007c0000000, 0x00000007c0000000)
 Metaspace       used 34365K, capacity 34914K, committed 35140K, reserved 1081344K
  class space    used 3991K, capacity 4166K, committed 4192K, reserved 1048576K
}
2016-10-23T20:02:04.322+0800: 61.014: Total time for which application threads were stopped: 0.0082762 seconds, Stopping threads took: 0.0000876 seconds
{Heap before GC invocations=122 (full 4):
 par new generation   total 109248K, used 109248K [0x00000007a0000000, 0x00000007a8000000, 0x00000007a8000000)
  eden space 87424K, 100% used [0x00000007a0000000, 0x00000007a5560000, 0x00000007a5560000)
  from space 21824K, 100% used [0x00000007a5560000, 0x00000007a6ab0000, 0x00000007a6ab0000)
  to   space 21824K,   0% used [0x00000007a6ab0000, 0x00000007a6ab0000, 0x00000007a8000000)
 concurrent mark-sweep generation total 393216K, used 105994K [0x00000007a8000000, 0x00000007c0000000, 0x00000007c0000000)
 Metaspace       used 34365K, capacity 34914K, committed 35140K, reserved 1081344K
  class space    used 3991K, capacity 4166K, committed 4192K, reserved 1048576K
2016-10-23T20:02:04.392+0800: 61.084: [GC (Allocation Failure) 2016-10-23T20:02:04.392+0800: 61.084: [ParNew
Desired survivor size 20112992 bytes, new threshold 8 (max 8)
- age   1:    2130888 bytes,    2130888 total
- age   2:     932056 bytes,    3062944 total
- age   3:    1363208 bytes,    4426152 total
- age   4:     935824 bytes,    5361976 total
- age   5:    1279224 bytes,    6641200 total
- age   6:    1496544 bytes,    8137744 total
- age   7:    1953944 bytes,   10091688 total
- age   8:    5028376 bytes,   15120064 total
: 109248K->21824K(109248K), 0.0070519 secs] 215242K->133688K(502464K), 0.0071221 secs] [Times: user=0.03 sys=0.00, real=0.00 secs] 
Heap after GC invocations=123 (full 4):
 par new generation   total 109248K, used 21824K [0x00000007a0000000, 0x00000007a8000000, 0x00000007a8000000)
  eden space 87424K,   0% used [0x00000007a0000000, 0x00000007a0000000, 0x00000007a5560000)
  from space 21824K, 100% used [0x00000007a6ab0000, 0x00000007a8000000, 0x00000007a8000000)
  to   space 21824K,   0% used [0x00000007a5560000, 0x00000007a5560000, 0x00000007a6ab0000)
 concurrent mark-sweep generation total 393216K, used 111864K [0x00000007a8000000, 0x00000007c0000000, 0x00000007c0000000)
 Metaspace       used 34365K, capacity 34914K, committed 35140K, reserved 1081344K
  class space    used 3991K, capacity 4166K, committed 4192K, reserved 1048576K
}
2016-10-23T20:02:04.399+0800: 61.091: Total time for which application threads were stopped: 0.0073226 seconds, Stopping threads took: 0.0000515 seconds
{Heap before GC invocations=123 (full 4):
 par new generation   total 109248K, used 109248K [0x00000007a0000000, 0x00000007a8000000, 0x00000007a8000000)
  eden space 87424K, 100% used [0x00000007a0000000, 0x00000007a5560000, 0x00000007a5560000)
  from space 21824K, 100% used [0x00000007a6ab0000, 0x00000007a8000000, 0x00000007a8000000)
  to   space 21824K,   0% used [0x00000007a5560000, 0x00000007a5560000, 0x00000007a6ab0000)
 concurrent mark-sweep generation total 393216K, used 111864K [0x00000007a8000000, 0x00000007c0000000, 0x00000007c0000000)
 Metaspace       used 34365K, capacity 34914K, committed 35140K, reserved 1081344K
  class space    used 3991K, capacity 4166K, committed 4192K, reserved 1048576K
2016-10-23T20:02:04.484+0800: 61.176: [GC (Allocation Failure) 2016-10-23T20:02:04.484+0800: 61.176: [ParNew
Desired survivor size 20112992 bytes, new threshold 8 (max 8)
- age   1:    2988664 bytes,    2988664 total
- age   2:     745672 bytes,    3734336 total
- age   3:     815752 bytes,    4550088 total
- age   4:    1339312 bytes,    5889400 total
- age   5:     906440 bytes,    6795840 total
- age   6:    1279224 bytes,    8075064 total
- age   7:    1496544 bytes,    9571608 total
- age   8:    2078984 bytes,   11650592 total
: 109248K->15668K(109248K), 0.0057898 secs] 221112K->132450K(502464K), 0.0058623 secs] [Times: user=0.01 sys=0.00, real=0.01 secs] 
Heap after GC invocations=124 (full 4):
 par new generation   total 109248K, used 15668K [0x00000007a0000000, 0x00000007a8000000, 0x00000007a8000000)
  eden space 87424K,   0% used [0x00000007a0000000, 0x00000007a0000000, 0x00000007a5560000)
  from space 21824K,  71% used [0x00000007a5560000, 0x00000007a64ad080, 0x00000007a6ab0000)
  to   space 21824K,   0% used [0x00000007a6ab0000, 0x00000007a6ab0000, 0x00000007a8000000)
 concurrent mark-sweep generation total 393216K, used 116781K [0x00000007a8000000, 0x00000007c0000000, 0x00000007c0000000)
 Metaspace       used 34365K, capacity 34914K, committed 35140K, reserved 1081344K
  class space    used 3991K, capacity 4166K, committed 4192K, reserved 1048576K
}
2016-10-23T20:02:04.490+0800: 61.182: Total time for which application threads were stopped: 0.0061656 seconds, Stopping threads took: 0.0001062 seconds
2016-10-23T20:02:04.525+0800: 61.217: Total time for which application threads were stopped: 0.0002020 seconds, Stopping threads took: 0.0000964 seconds
2016-10-23T20:02:04.527+0800: 61.219: Total time for which application threads were stopped: 0.0001405 seconds, Stopping threads took: 0.0000819 seconds
2016-10-23T20:02:04.527+0800: 61.219: Total time for which application threads were stopped: 0.0001490 seconds, Stopping threads took: 0.0000542 seconds
2016-10-23T20:02:04.529+0800: 61.221: Total time for which application threads were stopped: 0.0001410 seconds, Stopping threads took: 0.0000635 seconds
2016-10-23T20:02:04.615+0800: 61.307: Total time for which application threads were stopped: 0.0001723 seconds, Stopping threads took: 0.0000746 seconds
2016-10-23T20:02:04.656+0800: 61.348: Total time for which application threads were stopped: 0.0002191 seconds, Stopping threads took: 0.0000629 seconds
2016-10-23T20:02:04.656+0800: 61.348: Total time for which application threads were stopped: 0.0001367 seconds, Stopping threads took: 0.0000549 seconds
{Heap before GC invocations=124 (full 4):
 par new generation   total 109248K, used 103092K [0x00000007a0000000, 0x00000007a8000000, 0x00000007a8000000)
  eden space 87424K, 100% used [0x00000007a0000000, 0x00000007a5560000, 0x00000007a5560000)
  from space 21824K,  71% used [0x00000007a5560000, 0x00000007a64ad080, 0x00000007a6ab0000)
  to   space 21824K,   0% used [0x00000007a6ab0000, 0x00000007a6ab0000, 0x00000007a8000000)
 concurrent mark-sweep generation total 393216K, used 116781K [0x00000007a8000000, 0x00000007c0000000, 0x00000007c0000000)
 Metaspace       used 34402K, capacity 34922K, committed 35140K, reserved 1081344K
  class space    used 3994K, capacity 4170K, committed 4192K, reserved 1048576K
2016-10-23T20:02:04.711+0800: 61.403: [GC (Allocation Failure) 2016-10-23T20:02:04.711+0800: 61.403: [ParNew
Desired survivor size 20112992 bytes, new threshold 8 (max 8)
- age   1:    8210000 bytes,    8210000 total
- age   2:    1183328 bytes,    9393328 total
- age   3:     579328 bytes,    9972656 total
- age   4:     814064 bytes,   10786720 total
- age   5:    1337056 bytes,   12123776 total
- age   6:     791616 bytes,   12915392 total
- age   7:    1278600 bytes,   14193992 total
- age   8:    1495096 bytes,   15689088 total
: 103092K->20026K(109248K), 0.0071106 secs] 219874K->138691K(502464K), 0.0071903 secs] [Times: user=0.02 sys=0.00, real=0.00 secs] 
Heap after GC invocations=125 (full 4):
 par new generation   total 109248K, used 20026K [0x00000007a0000000, 0x00000007a8000000, 0x00000007a8000000)
  eden space 87424K,   0% used [0x00000007a0000000, 0x00000007a0000000, 0x00000007a5560000)
  from space 21824K,  91% used [0x00000007a6ab0000, 0x00000007a7e3e810, 0x00000007a8000000)
  to   space 21824K,   0% used [0x00000007a5560000, 0x00000007a5560000, 0x00000007a6ab0000)
 concurrent mark-sweep generation total 393216K, used 118665K [0x00000007a8000000, 0x00000007c0000000, 0x00000007c0000000)
 Metaspace       used 34402K, capacity 34922K, committed 35140K, reserved 1081344K
  class space    used 3994K, capacity 4170K, committed 4192K, reserved 1048576K
}
2016-10-23T20:02:04.718+0800: 61.410: Total time for which application threads were stopped: 0.0074449 seconds, Stopping threads took: 0.0000804 seconds
{Heap before GC invocations=125 (full 4):
 par new generation   total 109248K, used 107450K [0x00000007a0000000, 0x00000007a8000000, 0x00000007a8000000)
  eden space 87424K, 100% used [0x00000007a0000000, 0x00000007a5560000, 0x00000007a5560000)
  from space 21824K,  91% used [0x00000007a6ab0000, 0x00000007a7e3e810, 0x00000007a8000000)
  to   space 21824K,   0% used [0x00000007a5560000, 0x00000007a5560000, 0x00000007a6ab0000)
 concurrent mark-sweep generation total 393216K, used 118665K [0x00000007a8000000, 0x00000007c0000000, 0x00000007c0000000)
 Metaspace       used 34403K, capacity 34922K, committed 35140K, reserved 1081344K
  class space    used 3994K, capacity 4170K, committed 4192K, reserved 1048576K
2016-10-23T20:02:04.783+0800: 61.475: [GC (Allocation Failure) 2016-10-23T20:02:04.783+0800: 61.475: [ParNew
Desired survivor size 20112992 bytes, new threshold 8 (max 8)
- age   1:    2048624 bytes,    2048624 total
- age   2:    7462616 bytes,    9511240 total
- age   3:    1204672 bytes,   10715912 total
- age   4:     579328 bytes,   11295240 total
- age   5:     814064 bytes,   12109304 total
- age   6:    1337056 bytes,   13446360 total
- age   7:     791616 bytes,   14237976 total
- age   8:    1278600 bytes,   15516576 total
: 107450K->17342K(109248K), 0.0065179 secs] 226115K->137481K(502464K), 0.0065928 secs] [Times: user=0.02 sys=0.00, real=0.01 secs] 
Heap after GC invocations=126 (full 4):
 par new generation   total 109248K, used 17342K [0x00000007a0000000, 0x00000007a8000000, 0x00000007a8000000)
  eden space 87424K,   0% used [0x00000007a0000000, 0x00000007a0000000, 0x00000007a5560000)
  from space 21824K,  79% used [0x00000007a5560000, 0x00000007a664fae0, 0x00000007a6ab0000)
  to   space 21824K,   0% used [0x00000007a6ab0000, 0x00000007a6ab0000, 0x00000007a8000000)
 concurrent mark-sweep generation total 393216K, used 120138K [0x00000007a8000000, 0x00000007c0000000, 0x00000007c0000000)
 Metaspace       used 34403K, capacity 34922K, committed 35140K, reserved 1081344K
  class space    used 3994K, capacity 4170K, committed 4192K, reserved 1048576K
}
2016-10-23T20:02:04.790+0800: 61.482: Total time for which application threads were stopped: 0.0068328 seconds, Stopping threads took: 0.0000638 seconds
2016-10-23T20:02:04.836+0800: 61.528: Total time for which application threads were stopped: 0.0001225 seconds, Stopping threads took: 0.0000290 seconds
2016-10-23T20:02:04.836+0800: 61.528: Total time for which application threads were stopped: 0.0000813 seconds, Stopping threads took: 0.0000153 seconds
2016-10-23T20:02:04.837+0800: 61.529: Total time for which application threads were stopped: 0.0000855 seconds, Stopping threads took: 0.0000271 seconds
2016-10-23T20:02:04.837+0800: 61.529: Total time for which application threads were stopped: 0.0000693 seconds, Stopping threads took: 0.0000084 seconds
{Heap before GC invocations=126 (full 4):
 par new generation   total 109248K, used 104766K [0x00000007a0000000, 0x00000007a8000000, 0x00000007a8000000)
  eden space 87424K, 100% used [0x00000007a0000000, 0x00000007a5560000, 0x00000007a5560000)
  from space 21824K,  79% used [0x00000007a5560000, 0x00000007a664fae0, 0x00000007a6ab0000)
  to   space 21824K,   0% used [0x00000007a6ab0000, 0x00000007a6ab0000, 0x00000007a8000000)
 concurrent mark-sweep generation total 393216K, used 120138K [0x00000007a8000000, 0x00000007c0000000, 0x00000007c0000000)
 Metaspace       used 34416K, capacity 34922K, committed 35140K, reserved 1081344K
  class space    used 3994K, capacity 4170K, committed 4192K, reserved 1048576K
2016-10-23T20:02:04.956+0800: 61.648: [GC (Allocation Failure) 2016-10-23T20:02:04.956+0800: 61.648: [ParNew
Desired survivor size 20112992 bytes, new threshold 8 (max 8)
- age   1:    4125608 bytes,    4125608 total
- age   2:     807736 bytes,    4933344 total
- age   3:    7266176 bytes,   12199520 total
- age   4:    1144216 bytes,   13343736 total
- age   5:     550096 bytes,   13893832 total
- age   6:     921616 bytes,   14815448 total
- age   7:    1311800 bytes,   16127248 total
- age   8:     777768 bytes,   16905016 total
: 104766K->21824K(109248K), 0.0060898 secs] 224905K->143201K(502464K), 0.0061718 secs] [Times: user=0.02 sys=0.00, real=0.01 secs] 
Heap after GC invocations=127 (full 4):
 par new generation   total 109248K, used 21824K [0x00000007a0000000, 0x00000007a8000000, 0x00000007a8000000)
  eden space 87424K,   0% used [0x00000007a0000000, 0x00000007a0000000, 0x00000007a5560000)
  from space 21824K, 100% used [0x00000007a6ab0000, 0x00000007a8000000, 0x00000007a8000000)
  to   space 21824K,   0% used [0x00000007a5560000, 0x00000007a5560000, 0x00000007a6ab0000)
 concurrent mark-sweep generation total 393216K, used 121377K [0x00000007a8000000, 0x00000007c0000000, 0x00000007c0000000)
 Metaspace       used 34416K, capacity 34922K, committed 35140K, reserved 1081344K
  class space    used 3994K, capacity 4170K, committed 4192K, reserved 1048576K
}
2016-10-23T20:02:04.962+0800: 61.654: Total time for which application threads were stopped: 0.0063448 seconds, Stopping threads took: 0.0000429 seconds
{Heap before GC invocations=127 (full 4):
 par new generation   total 109248K, used 109248K [0x00000007a0000000, 0x00000007a8000000, 0x00000007a8000000)
  eden space 87424K, 100% used [0x00000007a0000000, 0x00000007a5560000, 0x00000007a5560000)
  from space 21824K, 100% used [0x00000007a6ab0000, 0x00000007a8000000, 0x00000007a8000000)
  to   space 21824K,   0% used [0x00000007a5560000, 0x00000007a5560000, 0x00000007a6ab0000)
 concurrent mark-sweep generation total 393216K, used 121377K [0x00000007a8000000, 0x00000007c0000000, 0x00000007c0000000)
 Metaspace       used 34416K, capacity 34922K, committed 35140K, reserved 1081344K
  class space    used 3994K, capacity 4170K, committed 4192K, reserved 1048576K
2016-10-23T20:02:05.177+0800: 61.869: [GC (Allocation Failure) 2016-10-23T20:02:05.177+0800: 61.869: [ParNew
Desired survivor size 20112992 bytes, new threshold 8 (max 8)
- age   1:    5463120 bytes,    5463120 total
- age   2:    2455952 bytes,    7919072 total
- age   3:     742528 bytes,    8661600 total
- age   4:    7248544 bytes,   15910144 total
- age   5:    1144192 bytes,   17054336 total
- age   6:     550096 bytes,   17604432 total
- age   7:     921616 bytes,   18526048 total
- age   8:    1311800 bytes,   19837848 total
: 109248K->21824K(109248K), 0.0064031 secs] 230625K->143934K(502464K), 0.0064712 secs] [Times: user=0.03 sys=0.01, real=0.01 secs] 
Heap after GC invocations=128 (full 4):
 par new generation   total 109248K, used 21824K [0x00000007a0000000, 0x00000007a8000000, 0x00000007a8000000)
  eden space 87424K,   0% used [0x00000007a0000000, 0x00000007a0000000, 0x00000007a5560000)
  from space 21824K, 100% used [0x00000007a5560000, 0x00000007a6ab0000, 0x00000007a6ab0000)
  to   space 21824K,   0% used [0x00000007a6ab0000, 0x00000007a6ab0000, 0x00000007a8000000)
 concurrent mark-sweep generation total 393216K, used 122110K [0x00000007a8000000, 0x00000007c0000000, 0x00000007c0000000)
 Metaspace       used 34416K, capacity 34922K, committed 35140K, reserved 1081344K
  class space    used 3994K, capacity 4170K, committed 4192K, reserved 1048576K
}
2016-10-23T20:02:05.183+0800: 61.875: Total time for which application threads were stopped: 0.0066352 seconds, Stopping threads took: 0.0000313 seconds
{Heap before GC invocations=128 (full 4):
 par new generation   total 109248K, used 109248K [0x00000007a0000000, 0x00000007a8000000, 0x00000007a8000000)
  eden space 87424K, 100% used [0x00000007a0000000, 0x00000007a5560000, 0x00000007a5560000)
  from space 21824K, 100% used [0x00000007a5560000, 0x00000007a6ab0000, 0x00000007a6ab0000)
  to   space 21824K,   0% used [0x00000007a6ab0000, 0x00000007a6ab0000, 0x00000007a8000000)
 concurrent mark-sweep generation total 393216K, used 122110K [0x00000007a8000000, 0x00000007c0000000, 0x00000007c0000000)
 Metaspace       used 34416K, capacity 34922K, committed 35140K, reserved 1081344K
  class space    used 3994K, capacity 4170K, committed 4192K, reserved 1048576K
2016-10-23T20:02:05.425+0800: 62.117: [GC (Allocation Failure) 2016-10-23T20:02:05.425+0800: 62.117: [ParNew
Desired survivor size 20112992 bytes, new threshold 8 (max 8)
- age   1:    3602528 bytes,    3602528 total
- age   2:    2704704 bytes,    6307232 total
- age   3:    1797144 bytes,    8104376 total
- age   4:     727672 bytes,    8832048 total
- age   5:    6606440 bytes,   15438488 total
- age   6:    1140416 bytes,   16578904 total
- age   7:     545968 bytes,   17124872 total
- age   8:     919664 bytes,   18044536 total
: 109248K->21824K(109248K), 0.0066146 secs] 231358K->149783K(502464K), 0.0067002 secs] [Times: user=0.02 sys=0.00, real=0.01 secs] 
Heap after GC invocations=129 (full 4):
 par new generation   total 109248K, used 21824K [0x00000007a0000000, 0x00000007a8000000, 0x00000007a8000000)
  eden space 87424K,   0% used [0x00000007a0000000, 0x00000007a0000000, 0x00000007a5560000)
  from space 21824K, 100% used [0x00000007a6ab0000, 0x00000007a8000000, 0x00000007a8000000)
  to   space 21824K,   0% used [0x00000007a5560000, 0x00000007a5560000, 0x00000007a6ab0000)
 concurrent mark-sweep generation total 393216K, used 127959K [0x00000007a8000000, 0x00000007c0000000, 0x00000007c0000000)
 Metaspace       used 34416K, capacity 34922K, committed 35140K, reserved 1081344K
  class space    used 3994K, capacity 4170K, committed 4192K, reserved 1048576K
}
2016-10-23T20:02:05.432+0800: 62.124: Total time for which application threads were stopped: 0.0068653 seconds, Stopping threads took: 0.0000307 seconds
{Heap before GC invocations=129 (full 4):
 par new generation   total 109248K, used 109248K [0x00000007a0000000, 0x00000007a8000000, 0x00000007a8000000)
  eden space 87424K, 100% used [0x00000007a0000000, 0x00000007a5560000, 0x00000007a5560000)
  from space 21824K, 100% used [0x00000007a6ab0000, 0x00000007a8000000, 0x00000007a8000000)
  to   space 21824K,   0% used [0x00000007a5560000, 0x00000007a5560000, 0x00000007a6ab0000)
 concurrent mark-sweep generation total 393216K, used 127959K [0x00000007a8000000, 0x00000007c0000000, 0x00000007c0000000)
 Metaspace       used 34416K, capacity 34922K, committed 35140K, reserved 1081344K
  class space    used 3994K, capacity 4170K, committed 4192K, reserved 1048576K
2016-10-23T20:02:05.649+0800: 62.341: [GC (Allocation Failure) 2016-10-23T20:02:05.649+0800: 62.342: [ParNew
Desired survivor size 20112992 bytes, new threshold 8 (max 8)
- age   1:    5077872 bytes,    5077872 total
- age   2:    1682496 bytes,    6760368 total
- age   3:    2059656 bytes,    8820024 total
- age   4:    1727568 bytes,   10547592 total
- age   5:     702640 bytes,   11250232 total
- age   6:    6557424 bytes,   17807656 total
- age   7:    1128544 bytes,   18936200 total
- age   8:     533904 bytes,   19470104 total
: 109248K->21824K(109248K), 0.0068817 secs] 237207K->153795K(502464K), 0.0069562 secs] [Times: user=0.02 sys=0.00, real=0.01 secs] 
Heap after GC invocations=130 (full 4):
 par new generation   total 109248K, used 21824K [0x00000007a0000000, 0x00000007a8000000, 0x00000007a8000000)
  eden space 87424K,   0% used [0x00000007a0000000, 0x00000007a0000000, 0x00000007a5560000)
  from space 21824K, 100% used [0x00000007a5560000, 0x00000007a6ab0000, 0x00000007a6ab0000)
  to   space 21824K,   0% used [0x00000007a6ab0000, 0x00000007a6ab0000, 0x00000007a8000000)
 concurrent mark-sweep generation total 393216K, used 131971K [0x00000007a8000000, 0x00000007c0000000, 0x00000007c0000000)
 Metaspace       used 34416K, capacity 34922K, committed 35140K, reserved 1081344K
  class space    used 3994K, capacity 4170K, committed 4192K, reserved 1048576K
}
2016-10-23T20:02:05.656+0800: 62.348: Total time for which application threads were stopped: 0.0071240 seconds, Stopping threads took: 0.0000320 seconds
{Heap before GC invocations=130 (full 4):
 par new generation   total 109248K, used 109248K [0x00000007a0000000, 0x00000007a8000000, 0x00000007a8000000)
  eden space 87424K, 100% used [0x00000007a0000000, 0x00000007a5560000, 0x00000007a5560000)
  from space 21824K, 100% used [0x00000007a5560000, 0x00000007a6ab0000, 0x00000007a6ab0000)
  to   space 21824K,   0% used [0x00000007a6ab0000, 0x00000007a6ab0000, 0x00000007a8000000)
 concurrent mark-sweep generation total 393216K, used 131971K [0x00000007a8000000, 0x00000007c0000000, 0x00000007c0000000)
 Metaspace       used 34416K, capacity 34922K, committed 35140K, reserved 1081344K
  class space    used 3994K, capacity 4170K, committed 4192K, reserved 1048576K
2016-10-23T20:02:05.880+0800: 62.572: [GC (Allocation Failure) 2016-10-23T20:02:05.880+0800: 62.572: [ParNew
Desired survivor size 20112992 bytes, new threshold 8 (max 8)
- age   1:    6217072 bytes,    6217072 total
- age   2:     964680 bytes,    7181752 total
- age   3:     804368 bytes,    7986120 total
- age   4:    1558816 bytes,    9544936 total
- age   5:    1647640 bytes,   11192576 total
- age   6:     681592 bytes,   11874168 total
- age   7:    5381032 bytes,   17255200 total
- age   8:    1122368 bytes,   18377568 total
: 109248K->21824K(109248K), 0.0078238 secs] 241219K->158498K(502464K), 0.0078851 secs] [Times: user=0.03 sys=0.00, real=0.00 secs] 
Heap after GC invocations=131 (full 4):
 par new generation   total 109248K, used 21824K [0x00000007a0000000, 0x00000007a8000000, 0x00000007a8000000)
  eden space 87424K,   0% used [0x00000007a0000000, 0x00000007a0000000, 0x00000007a5560000)
  from space 21824K, 100% used [0x00000007a6ab0000, 0x00000007a8000000, 0x00000007a8000000)
  to   space 21824K,   0% used [0x00000007a5560000, 0x00000007a5560000, 0x00000007a6ab0000)
 concurrent mark-sweep generation total 393216K, used 136674K [0x00000007a8000000, 0x00000007c0000000, 0x00000007c0000000)
 Metaspace       used 34416K, capacity 34922K, committed 35140K, reserved 1081344K
  class space    used 3994K, capacity 4170K, committed 4192K, reserved 1048576K
}
2016-10-23T20:02:05.888+0800: 62.580: Total time for which application threads were stopped: 0.0080473 seconds, Stopping threads took: 0.0000295 seconds
{Heap before GC invocations=131 (full 4):
 par new generation   total 109248K, used 109248K [0x00000007a0000000, 0x00000007a8000000, 0x00000007a8000000)
  eden space 87424K, 100% used [0x00000007a0000000, 0x00000007a5560000, 0x00000007a5560000)
  from space 21824K, 100% used [0x00000007a6ab0000, 0x00000007a8000000, 0x00000007a8000000)
  to   space 21824K,   0% used [0x00000007a5560000, 0x00000007a5560000, 0x00000007a6ab0000)
 concurrent mark-sweep generation total 393216K, used 136674K [0x00000007a8000000, 0x00000007c0000000, 0x00000007c0000000)
 Metaspace       used 34416K, capacity 34922K, committed 35140K, reserved 1081344K
  class space    used 3994K, capacity 4170K, committed 4192K, reserved 1048576K
2016-10-23T20:02:06.130+0800: 62.822: [GC (Allocation Failure) 2016-10-23T20:02:06.130+0800: 62.822: [ParNew
Desired survivor size 20112992 bytes, new threshold 8 (max 8)
- age   1:    8917392 bytes,    8917392 total
- age   2:    1462872 bytes,   10380264 total
- age   3:     843528 bytes,   11223792 total
- age   4:     707608 bytes,   11931400 total
- age   5:     839544 bytes,   12770944 total
- age   6:     746440 bytes,   13517384 total
- age   7:     268600 bytes,   13785984 total
- age   8:    4400960 bytes,   18186944 total
: 109248K->21824K(109248K), 0.0090409 secs] 245922K->165162K(502464K), 0.0091093 secs] [Times: user=0.03 sys=0.00, real=0.00 secs] 
Heap after GC invocations=132 (full 4):
 par new generation   total 109248K, used 21824K [0x00000007a0000000, 0x00000007a8000000, 0x00000007a8000000)
  eden space 87424K,   0% used [0x00000007a0000000, 0x00000007a0000000, 0x00000007a5560000)
  from space 21824K, 100% used [0x00000007a5560000, 0x00000007a6ab0000, 0x00000007a6ab0000)
  to   space 21824K,   0% used [0x00000007a6ab0000, 0x00000007a6ab0000, 0x00000007a8000000)
 concurrent mark-sweep generation total 393216K, used 143338K [0x00000007a8000000, 0x00000007c0000000, 0x00000007c0000000)
 Metaspace       used 34416K, capacity 34922K, committed 35140K, reserved 1081344K
  class space    used 3994K, capacity 4170K, committed 4192K, reserved 1048576K
}
2016-10-23T20:02:06.139+0800: 62.831: Total time for which application threads were stopped: 0.0092859 seconds, Stopping threads took: 0.0000311 seconds
{Heap before GC invocations=132 (full 4):
 par new generation   total 109248K, used 109068K [0x00000007a0000000, 0x00000007a8000000, 0x00000007a8000000)
  eden space 87424K,  99% used [0x00000007a0000000, 0x00000007a5533018, 0x00000007a5560000)
  from space 21824K, 100% used [0x00000007a5560000, 0x00000007a6ab0000, 0x00000007a6ab0000)
  to   space 21824K,   0% used [0x00000007a6ab0000, 0x00000007a6ab0000, 0x00000007a8000000)
 concurrent mark-sweep generation total 393216K, used 143338K [0x00000007a8000000, 0x00000007c0000000, 0x00000007c0000000)
 Metaspace       used 34416K, capacity 34922K, committed 35140K, reserved 1081344K
  class space    used 3994K, capacity 4170K, committed 4192K, reserved 1048576K
2016-10-23T20:02:06.373+0800: 63.065: [GC (Allocation Failure) 2016-10-23T20:02:06.373+0800: 63.065: [ParNew
Desired survivor size 20112992 bytes, new threshold 8 (max 8)
- age   1:   10444800 bytes,   10444800 total
- age   2:    3965768 bytes,   14410568 total
- age   3:    1364848 bytes,   15775416 total
- age   4:     772664 bytes,   16548080 total
- age   5:     642200 bytes,   17190280 total
- age   6:     768200 bytes,   17958480 total
- age   7:     697760 bytes,   18656240 total
- age   8:     249944 bytes,   18906184 total
: 109068K->21824K(109248K), 0.0093236 secs] 252406K->170409K(502464K), 0.0093853 secs] [Times: user=0.03 sys=0.00, real=0.01 secs] 
Heap after GC invocations=133 (full 4):
 par new generation   total 109248K, used 21824K [0x00000007a0000000, 0x00000007a8000000, 0x00000007a8000000)
  eden space 87424K,   0% used [0x00000007a0000000, 0x00000007a0000000, 0x00000007a5560000)
  from space 21824K, 100% used [0x00000007a6ab0000, 0x00000007a8000000, 0x00000007a8000000)
  to   space 21824K,   0% used [0x00000007a5560000, 0x00000007a5560000, 0x00000007a6ab0000)
 concurrent mark-sweep generation total 393216K, used 148585K [0x00000007a8000000, 0x00000007c0000000, 0x00000007c0000000)
 Metaspace       used 34416K, capacity 34922K, committed 35140K, reserved 1081344K
  class space    used 3994K, capacity 4170K, committed 4192K, reserved 1048576K
}
2016-10-23T20:02:06.383+0800: 63.075: Total time for which application threads were stopped: 0.0095970 seconds, Stopping threads took: 0.0000308 seconds
{Heap before GC invocations=133 (full 4):
 par new generation   total 109248K, used 108967K [0x00000007a0000000, 0x00000007a8000000, 0x00000007a8000000)
  eden space 87424K,  99% used [0x00000007a0000000, 0x00000007a5519dd8, 0x00000007a5560000)
  from space 21824K, 100% used [0x00000007a6ab0000, 0x00000007a8000000, 0x00000007a8000000)
  to   space 21824K,   0% used [0x00000007a5560000, 0x00000007a5560000, 0x00000007a6ab0000)
 concurrent mark-sweep generation total 393216K, used 148585K [0x00000007a8000000, 0x00000007c0000000, 0x00000007c0000000)
 Metaspace       used 34416K, capacity 34922K, committed 35140K, reserved 1081344K
  class space    used 3994K, capacity 4170K, committed 4192K, reserved 1048576K
2016-10-23T20:02:06.614+0800: 63.306: [GC (Allocation Failure) 2016-10-23T20:02:06.614+0800: 63.306: [ParNew
Desired survivor size 20112992 bytes, new threshold 8 (max 8)
- age   1:    4451272 bytes,    4451272 total
- age   2:    2900856 bytes,    7352128 total
- age   3:    3647040 bytes,   10999168 total
- age   4:    1312312 bytes,   12311480 total
- age   5:     760656 bytes,   13072136 total
- age   6:     634832 bytes,   13706968 total
- age   7:     628696 bytes,   14335664 total
- age   8:     560600 bytes,   14896264 total
: 108967K->21824K(109248K), 0.0074987 secs] 257552K->177820K(502464K), 0.0075622 secs] [Times: user=0.03 sys=0.00, real=0.01 secs] 
Heap after GC invocations=134 (full 4):
 par new generation   total 109248K, used 21824K [0x00000007a0000000, 0x00000007a8000000, 0x00000007a8000000)
  eden space 87424K,   0% used [0x00000007a0000000, 0x00000007a0000000, 0x00000007a5560000)
  from space 21824K, 100% used [0x00000007a5560000, 0x00000007a6ab0000, 0x00000007a6ab0000)
  to   space 21824K,   0% used [0x00000007a6ab0000, 0x00000007a6ab0000, 0x00000007a8000000)
 concurrent mark-sweep generation total 393216K, used 155996K [0x00000007a8000000, 0x00000007c0000000, 0x00000007c0000000)
 Metaspace       used 34416K, capacity 34922K, committed 35140K, reserved 1081344K
  class space    used 3994K, capacity 4170K, committed 4192K, reserved 1048576K
}
2016-10-23T20:02:06.622+0800: 63.314: Total time for which application threads were stopped: 0.0077321 seconds, Stopping threads took: 0.0000315 seconds
{Heap before GC invocations=134 (full 4):
 par new generation   total 109248K, used 109248K [0x00000007a0000000, 0x00000007a8000000, 0x00000007a8000000)
  eden space 87424K, 100% used [0x00000007a0000000, 0x00000007a5560000, 0x00000007a5560000)
  from space 21824K, 100% used [0x00000007a5560000, 0x00000007a6ab0000, 0x00000007a6ab0000)
  to   space 21824K,   0% used [0x00000007a6ab0000, 0x00000007a6ab0000, 0x00000007a8000000)
 concurrent mark-sweep generation total 393216K, used 155996K [0x00000007a8000000, 0x00000007c0000000, 0x00000007c0000000)
 Metaspace       used 34416K, capacity 34922K, committed 35140K, reserved 1081344K
  class space    used 3994K, capacity 4170K, committed 4192K, reserved 1048576K
2016-10-23T20:02:06.857+0800: 63.549: [GC (Allocation Failure) 2016-10-23T20:02:06.857+0800: 63.549: [ParNew
Desired survivor size 20112992 bytes, new threshold 8 (max 8)
- age   1:    8374512 bytes,    8374512 total
- age   2:    1416056 bytes,    9790568 total
- age   3:    2564432 bytes,   12355000 total
- age   4:    3648000 bytes,   16003000 total
- age   5:    1050880 bytes,   17053880 total
- age   6:     761304 bytes,   17815184 total
- age   7:     635480 bytes,   18450664 total
- age   8:     629272 bytes,   19079936 total
: 109248K->21824K(109248K), 0.0078011 secs] 265244K->178383K(502464K), 0.0078682 secs] [Times: user=0.03 sys=0.00, real=0.01 secs] 
Heap after GC invocations=135 (full 4):
 par new generation   total 109248K, used 21824K [0x00000007a0000000, 0x00000007a8000000, 0x00000007a8000000)
  eden space 87424K,   0% used [0x00000007a0000000, 0x00000007a0000000, 0x00000007a5560000)
  from space 21824K, 100% used [0x00000007a6ab0000, 0x00000007a8000000, 0x00000007a8000000)
  to   space 21824K,   0% used [0x00000007a5560000, 0x00000007a5560000, 0x00000007a6ab0000)
 concurrent mark-sweep generation total 393216K, used 156559K [0x00000007a8000000, 0x00000007c0000000, 0x00000007c0000000)
 Metaspace       used 34416K, capacity 34922K, committed 35140K, reserved 1081344K
  class space    used 3994K, capacity 4170K, committed 4192K, reserved 1048576K
}
2016-10-23T20:02:06.865+0800: 63.557: Total time for which application threads were stopped: 0.0080266 seconds, Stopping threads took: 0.0000298 seconds
{Heap before GC invocations=135 (full 4):
 par new generation   total 109248K, used 109248K [0x00000007a0000000, 0x00000007a8000000, 0x00000007a8000000)
  eden space 87424K, 100% used [0x00000007a0000000, 0x00000007a5560000, 0x00000007a5560000)
  from space 21824K, 100% used [0x00000007a6ab0000, 0x00000007a8000000, 0x00000007a8000000)
  to   space 21824K,   0% used [0x00000007a5560000, 0x00000007a5560000, 0x00000007a6ab0000)
 concurrent mark-sweep generation total 393216K, used 156559K [0x00000007a8000000, 0x00000007c0000000, 0x00000007c0000000)
 Metaspace       used 34416K, capacity 34922K, committed 35140K, reserved 1081344K
  class space    used 3994K, capacity 4170K, committed 4192K, reserved 1048576K
2016-10-23T20:02:07.101+0800: 63.793: [GC (Allocation Failure) 2016-10-23T20:02:07.101+0800: 63.793: [ParNew
Desired survivor size 20112992 bytes, new threshold 8 (max 8)
- age   1:    6448608 bytes,    6448608 total
- age   2:    3113280 bytes,    9561888 total
- age   3:    1053624 bytes,   10615512 total
- age   4:    2187976 bytes,   12803488 total
- age   5:    3559704 bytes,   16363192 total
- age   6:     977656 bytes,   17340848 total
- age   7:     700320 bytes,   18041168 total
- age   8:     579168 bytes,   18620336 total
: 109248K->21824K(109248K), 0.0088586 secs] 265807K->184027K(502464K), 0.0089282 secs] [Times: user=0.03 sys=0.00, real=0.01 secs] 
Heap after GC invocations=136 (full 4):
 par new generation   total 109248K, used 21824K [0x00000007a0000000, 0x00000007a8000000, 0x00000007a8000000)
  eden space 87424K,   0% used [0x00000007a0000000, 0x00000007a0000000, 0x00000007a5560000)
  from space 21824K, 100% used [0x00000007a5560000, 0x00000007a6ab0000, 0x00000007a6ab0000)
  to   space 21824K,   0% used [0x00000007a6ab0000, 0x00000007a6ab0000, 0x00000007a8000000)
 concurrent mark-sweep generation total 393216K, used 162203K [0x00000007a8000000, 0x00000007c0000000, 0x00000007c0000000)
 Metaspace       used 34416K, capacity 34922K, committed 35140K, reserved 1081344K
  class space    used 3994K, capacity 4170K, committed 4192K, reserved 1048576K
}
2016-10-23T20:02:07.110+0800: 63.802: Total time for which application threads were stopped: 0.0090852 seconds, Stopping threads took: 0.0000281 seconds
{Heap before GC invocations=136 (full 4):
 par new generation   total 109248K, used 109248K [0x00000007a0000000, 0x00000007a8000000, 0x00000007a8000000)
  eden space 87424K, 100% used [0x00000007a0000000, 0x00000007a5560000, 0x00000007a5560000)
  from space 21824K, 100% used [0x00000007a5560000, 0x00000007a6ab0000, 0x00000007a6ab0000)
  to   space 21824K,   0% used [0x00000007a6ab0000, 0x00000007a6ab0000, 0x00000007a8000000)
 concurrent mark-sweep generation total 393216K, used 162203K [0x00000007a8000000, 0x00000007c0000000, 0x00000007c0000000)
 Metaspace       used 34416K, capacity 34922K, committed 35140K, reserved 1081344K
  class space    used 3994K, capacity 4170K, committed 4192K, reserved 1048576K
2016-10-23T20:02:07.338+0800: 64.031: [GC (Allocation Failure) 2016-10-23T20:02:07.338+0800: 64.031: [ParNew
Desired survivor size 20112992 bytes, new threshold 8 (max 8)
- age   1:    7333440 bytes,    7333440 total
- age   2:     948432 bytes,    8281872 total
- age   3:    1695736 bytes,    9977608 total
- age   4:     895576 bytes,   10873184 total
- age   5:    2049888 bytes,   12923072 total
- age   6:    3419632 bytes,   16342704 total
- age   7:     630608 bytes,   16973312 total
- age   8:     591816 bytes,   17565128 total
: 109248K->21824K(109248K), 0.0092376 secs] 271451K->190006K(502464K), 0.0093129 secs] [Times: user=0.03 sys=0.00, real=0.01 secs] 
Heap after GC invocations=137 (full 4):
 par new generation   total 109248K, used 21824K [0x00000007a0000000, 0x00000007a8000000, 0x00000007a8000000)
  eden space 87424K,   0% used [0x00000007a0000000, 0x00000007a0000000, 0x00000007a5560000)
  from space 21824K, 100% used [0x00000007a6ab0000, 0x00000007a8000000, 0x00000007a8000000)
  to   space 21824K,   0% used [0x00000007a5560000, 0x00000007a5560000, 0x00000007a6ab0000)
 concurrent mark-sweep generation total 393216K, used 168182K [0x00000007a8000000, 0x00000007c0000000, 0x00000007c0000000)
 Metaspace       used 34416K, capacity 34922K, committed 35140K, reserved 1081344K
  class space    used 3994K, capacity 4170K, committed 4192K, reserved 1048576K
}
2016-10-23T20:02:07.348+0800: 64.040: Total time for which application threads were stopped: 0.0094736 seconds, Stopping threads took: 0.0000310 seconds
{Heap before GC invocations=137 (full 4):
 par new generation   total 109248K, used 109248K [0x00000007a0000000, 0x00000007a8000000, 0x00000007a8000000)
  eden space 87424K, 100% used [0x00000007a0000000, 0x00000007a5560000, 0x00000007a5560000)
  from space 21824K, 100% used [0x00000007a6ab0000, 0x00000007a8000000, 0x00000007a8000000)
  to   space 21824K,   0% used [0x00000007a5560000, 0x00000007a5560000, 0x00000007a6ab0000)
 concurrent mark-sweep generation total 393216K, used 168182K [0x00000007a8000000, 0x00000007c0000000, 0x00000007c0000000)
 Metaspace       used 34416K, capacity 34922K, committed 35140K, reserved 1081344K
  class space    used 3994K, capacity 4170K, committed 4192K, reserved 1048576K
2016-10-23T20:02:07.597+0800: 64.289: [GC (Allocation Failure) 2016-10-23T20:02:07.597+0800: 64.289: [ParNew
Desired survivor size 20112992 bytes, new threshold 7 (max 8)
- age   1:    9704232 bytes,    9704232 total
- age   2:    2934416 bytes,   12638648 total
- age   3:     802144 bytes,   13440792 total
- age   4:    1609168 bytes,   15049960 total
- age   5:     806768 bytes,   15856728 total
- age   6:    1981888 bytes,   17838616 total
- age   7:    2574704 bytes,   20413320 total
- age   8:     580088 bytes,   20993408 total
: 109248K->21824K(109248K), 0.0097536 secs] 277430K->192376K(502464K), 0.0098323 secs] [Times: user=0.04 sys=0.01, real=0.01 secs] 
Heap after GC invocations=138 (full 4):
 par new generation   total 109248K, used 21824K [0x00000007a0000000, 0x00000007a8000000, 0x00000007a8000000)
  eden space 87424K,   0% used [0x00000007a0000000, 0x00000007a0000000, 0x00000007a5560000)
  from space 21824K, 100% used [0x00000007a5560000, 0x00000007a6ab0000, 0x00000007a6ab0000)
  to   space 21824K,   0% used [0x00000007a6ab0000, 0x00000007a6ab0000, 0x00000007a8000000)
 concurrent mark-sweep generation total 393216K, used 170552K [0x00000007a8000000, 0x00000007c0000000, 0x00000007c0000000)
 Metaspace       used 34416K, capacity 34922K, committed 35140K, reserved 1081344K
  class space    used 3994K, capacity 4170K, committed 4192K, reserved 1048576K
}
2016-10-23T20:02:07.607+0800: 64.299: Total time for which application threads were stopped: 0.0099913 seconds, Stopping threads took: 0.0000302 seconds
{Heap before GC invocations=138 (full 4):
 par new generation   total 109248K, used 109248K [0x00000007a0000000, 0x00000007a8000000, 0x00000007a8000000)
  eden space 87424K, 100% used [0x00000007a0000000, 0x00000007a5560000, 0x00000007a5560000)
  from space 21824K, 100% used [0x00000007a5560000, 0x00000007a6ab0000, 0x00000007a6ab0000)
  to   space 21824K,   0% used [0x00000007a6ab0000, 0x00000007a6ab0000, 0x00000007a8000000)
 concurrent mark-sweep generation total 393216K, used 170552K [0x00000007a8000000, 0x00000007c0000000, 0x00000007c0000000)
 Metaspace       used 34416K, capacity 34922K, committed 35140K, reserved 1081344K
  class space    used 3994K, capacity 4170K, committed 4192K, reserved 1048576K
2016-10-23T20:02:07.861+0800: 64.553: [GC (Allocation Failure) 2016-10-23T20:02:07.861+0800: 64.553: [ParNew
Desired survivor size 20112992 bytes, new threshold 8 (max 8)
- age   1:    3728920 bytes,    3728920 total
- age   2:    8316360 bytes,   12045280 total
- age   3:    1046672 bytes,   13091952 total
- age   4:     727248 bytes,   13819200 total
- age   5:    1513952 bytes,   15333152 total
- age   6:     743672 bytes,   16076824 total
- age   7:    1937032 bytes,   18013856 total
: 109248K->21824K(109248K), 0.0093714 secs] 279800K->202542K(502464K), 0.0094474 secs] [Times: user=0.03 sys=0.00, real=0.01 secs] 
Heap after GC invocations=139 (full 4):
 par new generation   total 109248K, used 21824K [0x00000007a0000000, 0x00000007a8000000, 0x00000007a8000000)
  eden space 87424K,   0% used [0x00000007a0000000, 0x00000007a0000000, 0x00000007a5560000)
  from space 21824K, 100% used [0x00000007a6ab0000, 0x00000007a8000000, 0x00000007a8000000)
  to   space 21824K,   0% used [0x00000007a5560000, 0x00000007a5560000, 0x00000007a6ab0000)
 concurrent mark-sweep generation total 393216K, used 180718K [0x00000007a8000000, 0x00000007c0000000, 0x00000007c0000000)
 Metaspace       used 34416K, capacity 34922K, committed 35140K, reserved 1081344K
  class space    used 3994K, capacity 4170K, committed 4192K, reserved 1048576K
}
2016-10-23T20:02:07.871+0800: 64.563: Total time for which application threads were stopped: 0.0096050 seconds, Stopping threads took: 0.0000290 seconds
{Heap before GC invocations=139 (full 4):
 par new generation   total 109248K, used 109248K [0x00000007a0000000, 0x00000007a8000000, 0x00000007a8000000)
  eden space 87424K, 100% used [0x00000007a0000000, 0x00000007a5560000, 0x00000007a5560000)
  from space 21824K, 100% used [0x00000007a6ab0000, 0x00000007a8000000, 0x00000007a8000000)
  to   space 21824K,   0% used [0x00000007a5560000, 0x00000007a5560000, 0x00000007a6ab0000)
 concurrent mark-sweep generation total 393216K, used 180718K [0x00000007a8000000, 0x00000007c0000000, 0x00000007c0000000)
 Metaspace       used 34416K, capacity 34922K, committed 35140K, reserved 1081344K
  class space    used 3994K, capacity 4170K, committed 4192K, reserved 1048576K
2016-10-23T20:02:08.119+0800: 64.811: [GC (Allocation Failure) 2016-10-23T20:02:08.119+0800: 64.811: [ParNew
Desired survivor size 20112992 bytes, new threshold 8 (max 8)
- age   1:    9600024 bytes,    9600024 total
- age   2:    3508024 bytes,   13108048 total
- age   3:    3386800 bytes,   16494848 total
- age   4:     788904 bytes,   17283752 total
- age   5:     636032 bytes,   17919784 total
- age   6:    1417968 bytes,   19337752 total
- age   7:     655848 bytes,   19993600 total
- age   8:     819320 bytes,   20812920 total
: 109248K->21824K(109248K), 0.0088511 secs] 289966K->204881K(502464K), 0.0089383 secs] [Times: user=0.03 sys=0.00, real=0.01 secs] 
Heap after GC invocations=140 (full 4):
 par new generation   total 109248K, used 21824K [0x00000007a0000000, 0x00000007a8000000, 0x00000007a8000000)
  eden space 87424K,   0% used [0x00000007a0000000, 0x00000007a0000000, 0x00000007a5560000)
  from space 21824K, 100% used [0x00000007a5560000, 0x00000007a6ab0000, 0x00000007a6ab0000)
  to   space 21824K,   0% used [0x00000007a6ab0000, 0x00000007a6ab0000, 0x00000007a8000000)
 concurrent mark-sweep generation total 393216K, used 183057K [0x00000007a8000000, 0x00000007c0000000, 0x00000007c0000000)
 Metaspace       used 34416K, capacity 34922K, committed 35140K, reserved 1081344K
  class space    used 3994K, capacity 4170K, committed 4192K, reserved 1048576K
}
2016-10-23T20:02:08.128+0800: 64.820: Total time for which application threads were stopped: 0.0091034 seconds, Stopping threads took: 0.0000338 seconds
{Heap before GC invocations=140 (full 4):
 par new generation   total 109248K, used 109248K [0x00000007a0000000, 0x00000007a8000000, 0x00000007a8000000)
  eden space 87424K, 100% used [0x00000007a0000000, 0x00000007a5560000, 0x00000007a5560000)
  from space 21824K, 100% used [0x00000007a5560000, 0x00000007a6ab0000, 0x00000007a6ab0000)
  to   space 21824K,   0% used [0x00000007a6ab0000, 0x00000007a6ab0000, 0x00000007a8000000)
 concurrent mark-sweep generation total 393216K, used 183057K [0x00000007a8000000, 0x00000007c0000000, 0x00000007c0000000)
 Metaspace       used 34416K, capacity 34922K, committed 35140K, reserved 1081344K
  class space    used 3994K, capacity 4170K, committed 4192K, reserved 1048576K
2016-10-23T20:02:08.361+0800: 65.053: [GC (Allocation Failure) 2016-10-23T20:02:08.361+0800: 65.053: [ParNew
Desired survivor size 20112992 bytes, new threshold 8 (max 8)
- age   1:    3117104 bytes,    3117104 total
- age   2:    7997960 bytes,   11115064 total
- age   3:    3029128 bytes,   14144192 total
- age   4:    3187704 bytes,   17331896 total
- age   5:     696560 bytes,   18028456 total
- age   6:     390216 bytes,   18418672 total
- age   7:    1165920 bytes,   19584592 total
- age   8:     507336 bytes,   20091928 total
: 109248K->21824K(109248K), 0.0087183 secs] 292305K->213372K(502464K), 0.0087676 secs] [Times: user=0.03 sys=0.00, real=0.01 secs] 
Heap after GC invocations=141 (full 4):
 par new generation   total 109248K, used 21824K [0x00000007a0000000, 0x00000007a8000000, 0x00000007a8000000)
  eden space 87424K,   0% used [0x00000007a0000000, 0x00000007a0000000, 0x00000007a5560000)
  from space 21824K, 100% used [0x00000007a6ab0000, 0x00000007a8000000, 0x00000007a8000000)
  to   space 21824K,   0% used [0x00000007a5560000, 0x00000007a5560000, 0x00000007a6ab0000)
 concurrent mark-sweep generation total 393216K, used 191548K [0x00000007a8000000, 0x00000007c0000000, 0x00000007c0000000)
 Metaspace       used 34416K, capacity 34922K, committed 35140K, reserved 1081344K
  class space    used 3994K, capacity 4170K, committed 4192K, reserved 1048576K
}
2016-10-23T20:02:08.370+0800: 65.062: Total time for which application threads were stopped: 0.0089273 seconds, Stopping threads took: 0.0000305 seconds
{Heap before GC invocations=141 (full 4):
 par new generation   total 109248K, used 109248K [0x00000007a0000000, 0x00000007a8000000, 0x00000007a8000000)
  eden space 87424K, 100% used [0x00000007a0000000, 0x00000007a5560000, 0x00000007a5560000)
  from space 21824K, 100% used [0x00000007a6ab0000, 0x00000007a8000000, 0x00000007a8000000)
  to   space 21824K,   0% used [0x00000007a5560000, 0x00000007a5560000, 0x00000007a6ab0000)
 concurrent mark-sweep generation total 393216K, used 191548K [0x00000007a8000000, 0x00000007c0000000, 0x00000007c0000000)
 Metaspace       used 34416K, capacity 34922K, committed 35140K, reserved 1081344K
  class space    used 3994K, capacity 4170K, committed 4192K, reserved 1048576K
2016-10-23T20:02:08.609+0800: 65.302: [GC (Allocation Failure) 2016-10-23T20:02:08.609+0800: 65.302: [ParNew
Desired survivor size 20112992 bytes, new threshold 8 (max 8)
- age   1:    6302232 bytes,    6302232 total
- age   2:    2165096 bytes,    8467328 total
- age   3:    2817576 bytes,   11284904 total
- age   4:    3000392 bytes,   14285296 total
- age   5:    2295688 bytes,   16580984 total
- age   6:     635448 bytes,   17216432 total
- age   7:     365440 bytes,   17581872 total
- age   8:    1135344 bytes,   18717216 total
: 109248K->21824K(109248K), 0.0083919 secs] 300796K->218530K(502464K), 0.0084759 secs] [Times: user=0.03 sys=0.00, real=0.01 secs] 
Heap after GC invocations=142 (full 4):
 par new generation   total 109248K, used 21824K [0x00000007a0000000, 0x00000007a8000000, 0x00000007a8000000)
  eden space 87424K,   0% used [0x00000007a0000000, 0x00000007a0000000, 0x00000007a5560000)
  from space 21824K, 100% used [0x00000007a5560000, 0x00000007a6ab0000, 0x00000007a6ab0000)
  to   space 21824K,   0% used [0x00000007a6ab0000, 0x00000007a6ab0000, 0x00000007a8000000)
 concurrent mark-sweep generation total 393216K, used 196706K [0x00000007a8000000, 0x00000007c0000000, 0x00000007c0000000)
 Metaspace       used 34416K, capacity 34922K, committed 35140K, reserved 1081344K
  class space    used 3994K, capacity 4170K, committed 4192K, reserved 1048576K
}
2016-10-23T20:02:08.618+0800: 65.310: Total time for which application threads were stopped: 0.0086560 seconds, Stopping threads took: 0.0000305 seconds
2016-10-23T20:02:08.618+0800: 65.310: [GC (CMS Initial Mark) [1 CMS-initial-mark: 196706K(393216K)] 220277K(502464K), 0.0021984 secs] [Times: user=0.01 sys=0.00, real=0.01 secs] 
2016-10-23T20:02:08.620+0800: 65.312: Total time for which application threads were stopped: 0.0023507 seconds, Stopping threads took: 0.0000776 seconds
2016-10-23T20:02:08.620+0800: 65.313: [CMS-concurrent-mark-start]
2016-10-23T20:02:08.638+0800: 65.330: [CMS-concurrent-mark: 0.018/0.018 secs] [Times: user=0.08 sys=0.00, real=0.01 secs] 
2016-10-23T20:02:08.638+0800: 65.330: [CMS-concurrent-preclean-start]
2016-10-23T20:02:08.640+0800: 65.332: [CMS-concurrent-preclean: 0.001/0.001 secs] [Times: user=0.01 sys=0.00, real=0.01 secs] 
2016-10-23T20:02:08.640+0800: 65.332: [CMS-concurrent-abortable-preclean-start]
{Heap before GC invocations=142 (full 5):
 par new generation   total 109248K, used 109248K [0x00000007a0000000, 0x00000007a8000000, 0x00000007a8000000)
  eden space 87424K, 100% used [0x00000007a0000000, 0x00000007a5560000, 0x00000007a5560000)
  from space 21824K, 100% used [0x00000007a5560000, 0x00000007a6ab0000, 0x00000007a6ab0000)
  to   space 21824K,   0% used [0x00000007a6ab0000, 0x00000007a6ab0000, 0x00000007a8000000)
 concurrent mark-sweep generation total 393216K, used 196706K [0x00000007a8000000, 0x00000007c0000000, 0x00000007c0000000)
 Metaspace       used 34416K, capacity 34922K, committed 35140K, reserved 1081344K
  class space    used 3994K, capacity 4170K, committed 4192K, reserved 1048576K
2016-10-23T20:02:08.852+0800: 65.544: [GC (Allocation Failure) 2016-10-23T20:02:08.852+0800: 65.544: [ParNew
Desired survivor size 20112992 bytes, new threshold 8 (max 8)
- age   1:    3966136 bytes,    3966136 total
- age   2:    6105648 bytes,   10071784 total
- age   3:     992760 bytes,   11064544 total
- age   4:    2723072 bytes,   13787616 total
- age   5:    2974952 bytes,   16762568 total
- age   6:    2038128 bytes,   18800696 total
- age   7:     609912 bytes,   19410608 total
- age   8:     306448 bytes,   19717056 total
: 109248K->21824K(109248K), 0.0083831 secs] 305954K->225914K(502464K), 0.0084675 secs] [Times: user=0.03 sys=0.01, real=0.01 secs] 
Heap after GC invocations=143 (full 5):
 par new generation   total 109248K, used 21824K [0x00000007a0000000, 0x00000007a8000000, 0x00000007a8000000)
  eden space 87424K,   0% used [0x00000007a0000000, 0x00000007a0000000, 0x00000007a5560000)
  from space 21824K, 100% used [0x00000007a6ab0000, 0x00000007a8000000, 0x00000007a8000000)
  to   space 21824K,   0% used [0x00000007a5560000, 0x00000007a5560000, 0x00000007a6ab0000)
 concurrent mark-sweep generation total 393216K, used 204090K [0x00000007a8000000, 0x00000007c0000000, 0x00000007c0000000)
 Metaspace       used 34416K, capacity 34922K, committed 35140K, reserved 1081344K
  class space    used 3994K, capacity 4170K, committed 4192K, reserved 1048576K
}
2016-10-23T20:02:08.860+0800: 65.553: Total time for which application threads were stopped: 0.0086237 seconds, Stopping threads took: 0.0000336 seconds
2016-10-23T20:02:09.002+0800: 65.694: [CMS-concurrent-abortable-preclean: 0.352/0.362 secs] [Times: user=0.73 sys=0.01, real=0.36 secs] 
2016-10-23T20:02:09.002+0800: 65.694: [GC (CMS Final Remark) [YG occupancy: 77011 K (109248 K)]{Heap before GC invocations=143 (full 5):
 par new generation   total 109248K, used 77011K [0x00000007a0000000, 0x00000007a8000000, 0x00000007a8000000)
  eden space 87424K,  63% used [0x00000007a0000000, 0x00000007a35e4ed0, 0x00000007a5560000)
  from space 21824K, 100% used [0x00000007a6ab0000, 0x00000007a8000000, 0x00000007a8000000)
  to   space 21824K,   0% used [0x00000007a5560000, 0x00000007a5560000, 0x00000007a6ab0000)
 concurrent mark-sweep generation total 393216K, used 204090K [0x00000007a8000000, 0x00000007c0000000, 0x00000007c0000000)
 Metaspace       used 34416K, capacity 34922K, committed 35140K, reserved 1081344K
  class space    used 3994K, capacity 4170K, committed 4192K, reserved 1048576K
2016-10-23T20:02:09.002+0800: 65.694: [GC (CMS Final Remark) 2016-10-23T20:02:09.002+0800: 65.694: [ParNew
Desired survivor size 20112992 bytes, new threshold 8 (max 8)
- age   1:    6863872 bytes,    6863872 total
- age   2:    3395064 bytes,   10258936 total
- age   3:    1066488 bytes,   11325424 total
- age   4:     594584 bytes,   11920008 total
- age   5:    2562304 bytes,   14482312 total
- age   6:    2957256 bytes,   17439568 total
- age   7:    2024872 bytes,   19464440 total
- age   8:     598008 bytes,   20062448 total
: 77011K->21824K(109248K), 0.0079531 secs] 281101K->230501K(502464K), 0.0079840 secs] [Times: user=0.02 sys=0.00, real=0.01 secs] 
Heap after GC invocations=144 (full 5):
 par new generation   total 109248K, used 21824K [0x00000007a0000000, 0x00000007a8000000, 0x00000007a8000000)
  eden space 87424K,   0% used [0x00000007a0000000, 0x00000007a0000000, 0x00000007a5560000)
  from space 21824K, 100% used [0x00000007a5560000, 0x00000007a6ab0000, 0x00000007a6ab0000)
  to   space 21824K,   0% used [0x00000007a6ab0000, 0x00000007a6ab0000, 0x00000007a8000000)
 concurrent mark-sweep generation total 393216K, used 208677K [0x00000007a8000000, 0x00000007c0000000, 0x00000007c0000000)
 Metaspace       used 34416K, capacity 34922K, committed 35140K, reserved 1081344K
  class space    used 3994K, capacity 4170K, committed 4192K, reserved 1048576K
}
2016-10-23T20:02:09.010+0800: 65.702: [Rescan (parallel) , 0.0036933 secs]2016-10-23T20:02:09.014+0800: 65.706: [weak refs processing, 0.0009578 secs]2016-10-23T20:02:09.015+0800: 65.707: [class unloading, 0.0065193 secs]2016-10-23T20:02:09.022+0800: 65.714: [scrub symbol table, 0.0060728 secs]2016-10-23T20:02:09.028+0800: 65.720: [scrub string table, 0.0004707 secs][1 CMS-remark: 208677K(393216K)] 230501K(502464K), 0.0259606 secs] [Times: user=0.05 sys=0.00, real=0.02 secs] 
2016-10-23T20:02:09.028+0800: 65.720: Total time for which application threads were stopped: 0.0261141 seconds, Stopping threads took: 0.0000393 seconds
2016-10-23T20:02:09.028+0800: 65.720: [CMS-concurrent-sweep-start]
2016-10-23T20:02:09.076+0800: 65.768: [CMS-concurrent-sweep: 0.048/0.048 secs] [Times: user=0.09 sys=0.00, real=0.05 secs] 
2016-10-23T20:02:09.076+0800: 65.768: [CMS-concurrent-reset-start]
2016-10-23T20:02:09.077+0800: 65.769: [CMS-concurrent-reset: 0.000/0.000 secs] [Times: user=0.01 sys=0.00, real=0.00 secs] 
{Heap before GC invocations=144 (full 5):
 par new generation   total 109248K, used 109248K [0x00000007a0000000, 0x00000007a8000000, 0x00000007a8000000)
  eden space 87424K, 100% used [0x00000007a0000000, 0x00000007a5560000, 0x00000007a5560000)
  from space 21824K, 100% used [0x00000007a5560000, 0x00000007a6ab0000, 0x00000007a6ab0000)
  to   space 21824K,   0% used [0x00000007a6ab0000, 0x00000007a6ab0000, 0x00000007a8000000)
 concurrent mark-sweep generation total 393216K, used 87659K [0x00000007a8000000, 0x00000007c0000000, 0x00000007c0000000)
 Metaspace       used 34416K, capacity 34922K, committed 35140K, reserved 1081344K
  class space    used 3994K, capacity 4170K, committed 4192K, reserved 1048576K
2016-10-23T20:02:09.282+0800: 65.975: [GC (Allocation Failure) 2016-10-23T20:02:09.282+0800: 65.975: [ParNew
Desired survivor size 20112992 bytes, new threshold 8 (max 8)
- age   1:    1983856 bytes,    1983856 total
- age   2:    6722704 bytes,    8706560 total
- age   3:    3188208 bytes,   11894768 total
- age   4:     759320 bytes,   12654088 total
- age   5:     482536 bytes,   13136624 total
- age   6:    2500048 bytes,   15636672 total
- age   7:    1998312 bytes,   17634984 total
- age   8:    1999008 bytes,   19633992 total
: 109248K->21824K(109248K), 0.0103870 secs] 196907K->115412K(502464K), 0.0104464 secs] [Times: user=0.04 sys=0.00, real=0.01 secs] 
Heap after GC invocations=145 (full 5):
 par new generation   total 109248K, used 21824K [0x00000007a0000000, 0x00000007a8000000, 0x00000007a8000000)
  eden space 87424K,   0% used [0x00000007a0000000, 0x00000007a0000000, 0x00000007a5560000)
  from space 21824K, 100% used [0x00000007a6ab0000, 0x00000007a8000000, 0x00000007a8000000)
  to   space 21824K,   0% used [0x00000007a5560000, 0x00000007a5560000, 0x00000007a6ab0000)
 concurrent mark-sweep generation total 393216K, used 93588K [0x00000007a8000000, 0x00000007c0000000, 0x00000007c0000000)
 Metaspace       used 34416K, capacity 34922K, committed 35140K, reserved 1081344K
  class space    used 3994K, capacity 4170K, committed 4192K, reserved 1048576K
}
2016-10-23T20:02:09.293+0800: 65.985: Total time for which application threads were stopped: 0.0106101 seconds, Stopping threads took: 0.0000189 seconds
{Heap before GC invocations=145 (full 5):
 par new generation   total 109248K, used 109248K [0x00000007a0000000, 0x00000007a8000000, 0x00000007a8000000)
  eden space 87424K, 100% used [0x00000007a0000000, 0x00000007a5560000, 0x00000007a5560000)
  from space 21824K, 100% used [0x00000007a6ab0000, 0x00000007a8000000, 0x00000007a8000000)
  to   space 21824K,   0% used [0x00000007a5560000, 0x00000007a5560000, 0x00000007a6ab0000)
 concurrent mark-sweep generation total 393216K, used 93588K [0x00000007a8000000, 0x00000007c0000000, 0x00000007c0000000)
 Metaspace       used 34416K, capacity 34922K, committed 35140K, reserved 1081344K
  class space    used 3994K, capacity 4170K, committed 4192K, reserved 1048576K
2016-10-23T20:02:09.554+0800: 66.246: [GC (Allocation Failure) 2016-10-23T20:02:09.554+0800: 66.246: [ParNew
Desired survivor size 20112992 bytes, new threshold 8 (max 8)
- age   1:    3716088 bytes,    3716088 total
- age   2:    1796432 bytes,    5512520 total
- age   3:    6501536 bytes,   12014056 total
- age   4:    1065760 bytes,   13079816 total
- age   5:     730728 bytes,   13810544 total
- age   6:     443856 bytes,   14254400 total
- age   7:    2459976 bytes,   16714376 total
- age   8:    1959192 bytes,   18673568 total
: 109248K->21824K(109248K), 0.0091514 secs] 202836K->122015K(502464K), 0.0092181 secs] [Times: user=0.03 sys=0.00, real=0.01 secs] 
Heap after GC invocations=146 (full 5):
 par new generation   total 109248K, used 21824K [0x00000007a0000000, 0x00000007a8000000, 0x00000007a8000000)
  eden space 87424K,   0% used [0x00000007a0000000, 0x00000007a0000000, 0x00000007a5560000)
  from space 21824K, 100% used [0x00000007a5560000, 0x00000007a6ab0000, 0x00000007a6ab0000)
  to   space 21824K,   0% used [0x00000007a6ab0000, 0x00000007a6ab0000, 0x00000007a8000000)
 concurrent mark-sweep generation total 393216K, used 100191K [0x00000007a8000000, 0x00000007c0000000, 0x00000007c0000000)
 Metaspace       used 34416K, capacity 34922K, committed 35140K, reserved 1081344K
  class space    used 3994K, capacity 4170K, committed 4192K, reserved 1048576K
}
2016-10-23T20:02:09.563+0800: 66.255: Total time for which application threads were stopped: 0.0093958 seconds, Stopping threads took: 0.0000287 seconds
{Heap before GC invocations=146 (full 5):
 par new generation   total 109248K, used 109248K [0x00000007a0000000, 0x00000007a8000000, 0x00000007a8000000)
  eden space 87424K, 100% used [0x00000007a0000000, 0x00000007a5560000, 0x00000007a5560000)
  from space 21824K, 100% used [0x00000007a5560000, 0x00000007a6ab0000, 0x00000007a6ab0000)
  to   space 21824K,   0% used [0x00000007a6ab0000, 0x00000007a6ab0000, 0x00000007a8000000)
 concurrent mark-sweep generation total 393216K, used 100191K [0x00000007a8000000, 0x00000007c0000000, 0x00000007c0000000)
 Metaspace       used 34416K, capacity 34922K, committed 35140K, reserved 1081344K
  class space    used 3994K, capacity 4170K, committed 4192K, reserved 1048576K
2016-10-23T20:02:09.816+0800: 66.508: [GC (Allocation Failure) 2016-10-23T20:02:09.816+0800: 66.508: [ParNew
Desired survivor size 20112992 bytes, new threshold 8 (max 8)
- age   1:    7171208 bytes,    7171208 total
- age   2:    2283600 bytes,    9454808 total
- age   3:     900600 bytes,   10355408 total
- age   4:    1632120 bytes,   11987528 total
- age   5:    1064408 bytes,   13051936 total
- age   6:     729112 bytes,   13781048 total
- age   7:     442976 bytes,   14224024 total
- age   8:    2458128 bytes,   16682152 total
: 109248K->21824K(109248K), 0.0089585 secs] 209439K->129026K(502464K), 0.0090136 secs] [Times: user=0.04 sys=0.00, real=0.01 secs] 
Heap after GC invocations=147 (full 5):
 par new generation   total 109248K, used 21824K [0x00000007a0000000, 0x00000007a8000000, 0x00000007a8000000)
  eden space 87424K,   0% used [0x00000007a0000000, 0x00000007a0000000, 0x00000007a5560000)
  from space 21824K, 100% used [0x00000007a6ab0000, 0x00000007a8000000, 0x00000007a8000000)
  to   space 21824K,   0% used [0x00000007a5560000, 0x00000007a5560000, 0x00000007a6ab0000)
 concurrent mark-sweep generation total 393216K, used 107202K [0x00000007a8000000, 0x00000007c0000000, 0x00000007c0000000)
 Metaspace       used 34416K, capacity 34922K, committed 35140K, reserved 1081344K
  class space    used 3994K, capacity 4170K, committed 4192K, reserved 1048576K
}
2016-10-23T20:02:09.825+0800: 66.517: Total time for which application threads were stopped: 0.0091717 seconds, Stopping threads took: 0.0000289 seconds
{Heap before GC invocations=147 (full 5):
 par new generation   total 109248K, used 109248K [0x00000007a0000000, 0x00000007a8000000, 0x00000007a8000000)
  eden space 87424K, 100% used [0x00000007a0000000, 0x00000007a5560000, 0x00000007a5560000)
  from space 21824K, 100% used [0x00000007a6ab0000, 0x00000007a8000000, 0x00000007a8000000)
  to   space 21824K,   0% used [0x00000007a5560000, 0x00000007a5560000, 0x00000007a6ab0000)
 concurrent mark-sweep generation total 393216K, used 107202K [0x00000007a8000000, 0x00000007c0000000, 0x00000007c0000000)
 Metaspace       used 34416K, capacity 34922K, committed 35140K, reserved 1081344K
  class space    used 3994K, capacity 4170K, committed 4192K, reserved 1048576K
2016-10-23T20:02:10.062+0800: 66.754: [GC (Allocation Failure) 2016-10-23T20:02:10.062+0800: 66.754: [ParNew
Desired survivor size 20112992 bytes, new threshold 8 (max 8)
- age   1:    5710008 bytes,    5710008 total
- age   2:    7089952 bytes,   12799960 total
- age   3:    1768920 bytes,   14568880 total
- age   4:     892816 bytes,   15461696 total
- age   5:    1469032 bytes,   16930728 total
- age   6:    1031976 bytes,   17962704 total
- age   7:     725856 bytes,   18688560 total
- age   8:     441056 bytes,   19129616 total
: 109248K->21824K(109248K), 0.0088924 secs] 216450K->136145K(502464K), 0.0089827 secs] [Times: user=0.04 sys=0.00, real=0.01 secs] 
Heap after GC invocations=148 (full 5):
 par new generation   total 109248K, used 21824K [0x00000007a0000000, 0x00000007a8000000, 0x00000007a8000000)
  eden space 87424K,   0% used [0x00000007a0000000, 0x00000007a0000000, 0x00000007a5560000)
  from space 21824K, 100% used [0x00000007a5560000, 0x00000007a6ab0000, 0x00000007a6ab0000)
  to   space 21824K,   0% used [0x00000007a6ab0000, 0x00000007a6ab0000, 0x00000007a8000000)
 concurrent mark-sweep generation total 393216K, used 114321K [0x00000007a8000000, 0x00000007c0000000, 0x00000007c0000000)
 Metaspace       used 34416K, capacity 34922K, committed 35140K, reserved 1081344K
  class space    used 3994K, capacity 4170K, committed 4192K, reserved 1048576K
}
2016-10-23T20:02:10.071+0800: 66.763: Total time for which application threads were stopped: 0.0091488 seconds, Stopping threads took: 0.0000243 seconds
{Heap before GC invocations=148 (full 5):
 par new generation   total 109248K, used 109248K [0x00000007a0000000, 0x00000007a8000000, 0x00000007a8000000)
  eden space 87424K, 100% used [0x00000007a0000000, 0x00000007a5560000, 0x00000007a5560000)
  from space 21824K, 100% used [0x00000007a5560000, 0x00000007a6ab0000, 0x00000007a6ab0000)
  to   space 21824K,   0% used [0x00000007a6ab0000, 0x00000007a6ab0000, 0x00000007a8000000)
 concurrent mark-sweep generation total 393216K, used 114321K [0x00000007a8000000, 0x00000007c0000000, 0x00000007c0000000)
 Metaspace       used 34416K, capacity 34922K, committed 35140K, reserved 1081344K
  class space    used 3994K, capacity 4170K, committed 4192K, reserved 1048576K
2016-10-23T20:02:10.293+0800: 66.985: [GC (Allocation Failure) 2016-10-23T20:02:10.293+0800: 66.985: [ParNew
Desired survivor size 20112992 bytes, new threshold 7 (max 8)
- age   1:    9128728 bytes,    9128728 total
- age   2:    3396536 bytes,   12525264 total
- age   3:    3274192 bytes,   15799456 total
- age   4:    1468952 bytes,   17268408 total
- age   5:     763752 bytes,   18032160 total
- age   6:    1402528 bytes,   19434688 total
- age   7:    1030496 bytes,   20465184 total
- age   8:     723416 bytes,   21188600 total
: 109248K->21824K(109248K), 0.0086412 secs] 223569K->140584K(502464K), 0.0087058 secs] [Times: user=0.03 sys=0.00, real=0.01 secs] 
Heap after GC invocations=149 (full 5):
 par new generation   total 109248K, used 21824K [0x00000007a0000000, 0x00000007a8000000, 0x00000007a8000000)
  eden space 87424K,   0% used [0x00000007a0000000, 0x00000007a0000000, 0x00000007a5560000)
  from space 21824K, 100% used [0x00000007a6ab0000, 0x00000007a8000000, 0x00000007a8000000)
  to   space 21824K,   0% used [0x00000007a5560000, 0x00000007a5560000, 0x00000007a6ab0000)
 concurrent mark-sweep generation total 393216K, used 118760K [0x00000007a8000000, 0x00000007c0000000, 0x00000007c0000000)
 Metaspace       used 34416K, capacity 34922K, committed 35140K, reserved 1081344K
  class space    used 3994K, capacity 4170K, committed 4192K, reserved 1048576K
}
2016-10-23T20:02:10.302+0800: 66.994: Total time for which application threads were stopped: 0.0088743 seconds, Stopping threads took: 0.0000307 seconds
{Heap before GC invocations=149 (full 5):
 par new generation   total 109248K, used 109248K [0x00000007a0000000, 0x00000007a8000000, 0x00000007a8000000)
  eden space 87424K, 100% used [0x00000007a0000000, 0x00000007a5560000, 0x00000007a5560000)
  from space 21824K, 100% used [0x00000007a6ab0000, 0x00000007a8000000, 0x00000007a8000000)
  to   space 21824K,   0% used [0x00000007a5560000, 0x00000007a5560000, 0x00000007a6ab0000)
 concurrent mark-sweep generation total 393216K, used 118760K [0x00000007a8000000, 0x00000007c0000000, 0x00000007c0000000)
 Metaspace       used 34416K, capacity 34922K, committed 35140K, reserved 1081344K
  class space    used 3994K, capacity 4170K, committed 4192K, reserved 1048576K
2016-10-23T20:02:10.560+0800: 67.252: [GC (Allocation Failure) 2016-10-23T20:02:10.560+0800: 67.252: [ParNew
Desired survivor size 20112992 bytes, new threshold 6 (max 8)
- age   1:    8079168 bytes,    8079168 total
- age   2:    4877496 bytes,   12956664 total
- age   3:    3112616 bytes,   16069280 total
- age   4:    2059336 bytes,   18128616 total
- age   5:    1468912 bytes,   19597528 total
- age   6:     725264 bytes,   20322792 total
- age   7:    1402528 bytes,   21725320 total
: 109248K->21824K(109248K), 0.0117658 secs] 228008K->151148K(502464K), 0.0118324 secs] [Times: user=0.05 sys=0.00, real=0.01 secs] 
Heap after GC invocations=150 (full 5):
 par new generation   total 109248K, used 21824K [0x00000007a0000000, 0x00000007a8000000, 0x00000007a8000000)
  eden space 87424K,   0% used [0x00000007a0000000, 0x00000007a0000000, 0x00000007a5560000)
  from space 21824K, 100% used [0x00000007a5560000, 0x00000007a6ab0000, 0x00000007a6ab0000)
  to   space 21824K,   0% used [0x00000007a6ab0000, 0x00000007a6ab0000, 0x00000007a8000000)
 concurrent mark-sweep generation total 393216K, used 129324K [0x00000007a8000000, 0x00000007c0000000, 0x00000007c0000000)
 Metaspace       used 34416K, capacity 34922K, committed 35140K, reserved 1081344K
  class space    used 3994K, capacity 4170K, committed 4192K, reserved 1048576K
}
2016-10-23T20:02:10.572+0800: 67.264: Total time for which application threads were stopped: 0.0119785 seconds, Stopping threads took: 0.0000287 seconds
{Heap before GC invocations=150 (full 5):
 par new generation   total 109248K, used 109248K [0x00000007a0000000, 0x00000007a8000000, 0x00000007a8000000)
  eden space 87424K, 100% used [0x00000007a0000000, 0x00000007a5560000, 0x00000007a5560000)
  from space 21824K, 100% used [0x00000007a5560000, 0x00000007a6ab0000, 0x00000007a6ab0000)
  to   space 21824K,   0% used [0x00000007a6ab0000, 0x00000007a6ab0000, 0x00000007a8000000)
 concurrent mark-sweep generation total 393216K, used 129324K [0x00000007a8000000, 0x00000007c0000000, 0x00000007c0000000)
 Metaspace       used 34416K, capacity 34922K, committed 35140K, reserved 1081344K
  class space    used 3994K, capacity 4170K, committed 4192K, reserved 1048576K
2016-10-23T20:02:10.815+0800: 67.507: [GC (Allocation Failure) 2016-10-23T20:02:10.815+0800: 67.507: [ParNew
Desired survivor size 20112992 bytes, new threshold 6 (max 8)
- age   1:    3433240 bytes,    3433240 total
- age   2:    7699120 bytes,   11132360 total
- age   3:    4244624 bytes,   15376984 total
- age   4:    2010768 bytes,   17387752 total
- age   5:    1695352 bytes,   19083104 total
- age   6:    1462288 bytes,   20545392 total
: 109248K->21824K(109248K), 0.0100982 secs] 238572K->157794K(502464K), 0.0101756 secs] [Times: user=0.04 sys=0.00, real=0.01 secs] 
Heap after GC invocations=151 (full 5):
 par new generation   total 109248K, used 21824K [0x00000007a0000000, 0x00000007a8000000, 0x00000007a8000000)
  eden space 87424K,   0% used [0x00000007a0000000, 0x00000007a0000000, 0x00000007a5560000)
  from space 21824K, 100% used [0x00000007a6ab0000, 0x00000007a8000000, 0x00000007a8000000)
  to   space 21824K,   0% used [0x00000007a5560000, 0x00000007a5560000, 0x00000007a6ab0000)
 concurrent mark-sweep generation total 393216K, used 135970K [0x00000007a8000000, 0x00000007c0000000, 0x00000007c0000000)
 Metaspace       used 34416K, capacity 34922K, committed 35140K, reserved 1081344K
  class space    used 3994K, capacity 4170K, committed 4192K, reserved 1048576K
}
2016-10-23T20:02:10.825+0800: 67.518: Total time for which application threads were stopped: 0.0103464 seconds, Stopping threads took: 0.0000293 seconds
{Heap before GC invocations=151 (full 5):
 par new generation   total 109248K, used 108472K [0x00000007a0000000, 0x00000007a8000000, 0x00000007a8000000)
  eden space 87424K,  99% used [0x00000007a0000000, 0x00000007a549e1e0, 0x00000007a5560000)
  from space 21824K, 100% used [0x00000007a6ab0000, 0x00000007a8000000, 0x00000007a8000000)
  to   space 21824K,   0% used [0x00000007a5560000, 0x00000007a5560000, 0x00000007a6ab0000)
 concurrent mark-sweep generation total 393216K, used 135970K [0x00000007a8000000, 0x00000007c0000000, 0x00000007c0000000)
 Metaspace       used 34416K, capacity 34922K, committed 35140K, reserved 1081344K
  class space    used 3994K, capacity 4170K, committed 4192K, reserved 1048576K
2016-10-23T20:02:11.075+0800: 67.767: [GC (Allocation Failure) 2016-10-23T20:02:11.075+0800: 67.767: [ParNew
Desired survivor size 20112992 bytes, new threshold 5 (max 8)
- age   1:    7410104 bytes,    7410104 total
- age   2:    3234040 bytes,   10644144 total
- age   3:    5364560 bytes,   16008704 total
- age   4:    2354168 bytes,   18362872 total
- age   5:    1819912 bytes,   20182784 total
- age   6:     857632 bytes,   21040416 total
: 108472K->21824K(109248K), 0.0111448 secs] 244443K->166705K(502464K), 0.0112169 secs] [Times: user=0.04 sys=0.00, real=0.01 secs] 
Heap after GC invocations=152 (full 5):
 par new generation   total 109248K, used 21824K [0x00000007a0000000, 0x00000007a8000000, 0x00000007a8000000)
  eden space 87424K,   0% used [0x00000007a0000000, 0x00000007a0000000, 0x00000007a5560000)
  from space 21824K, 100% used [0x00000007a5560000, 0x00000007a6ab0000, 0x00000007a6ab0000)
  to   space 21824K,   0% used [0x00000007a6ab0000, 0x00000007a6ab0000, 0x00000007a8000000)
 concurrent mark-sweep generation total 393216K, used 144881K [0x00000007a8000000, 0x00000007c0000000, 0x00000007c0000000)
 Metaspace       used 34416K, capacity 34922K, committed 35140K, reserved 1081344K
  class space    used 3994K, capacity 4170K, committed 4192K, reserved 1048576K
}
2016-10-23T20:02:11.086+0800: 67.778: Total time for which application threads were stopped: 0.0113747 seconds, Stopping threads took: 0.0000316 seconds
{Heap before GC invocations=152 (full 5):
 par new generation   total 109248K, used 109248K [0x00000007a0000000, 0x00000007a8000000, 0x00000007a8000000)
  eden space 87424K, 100% used [0x00000007a0000000, 0x00000007a5560000, 0x00000007a5560000)
  from space 21824K, 100% used [0x00000007a5560000, 0x00000007a6ab0000, 0x00000007a6ab0000)
  to   space 21824K,   0% used [0x00000007a6ab0000, 0x00000007a6ab0000, 0x00000007a8000000)
 concurrent mark-sweep generation total 393216K, used 144881K [0x00000007a8000000, 0x00000007c0000000, 0x00000007c0000000)
 Metaspace       used 34416K, capacity 34922K, committed 35140K, reserved 1081344K
  class space    used 3994K, capacity 4170K, committed 4192K, reserved 1048576K
2016-10-23T20:02:11.340+0800: 68.032: [GC (Allocation Failure) 2016-10-23T20:02:11.340+0800: 68.032: [ParNew
Desired survivor size 20112992 bytes, new threshold 8 (max 8)
- age   1:    4791056 bytes,    4791056 total
- age   2:    5606576 bytes,   10397632 total
- age   3:    2849088 bytes,   13246720 total
- age   4:    2919784 bytes,   16166504 total
- age   5:    1363472 bytes,   17529976 total
: 109248K->21824K(109248K), 0.0114905 secs] 254129K->179924K(502464K), 0.0115560 secs] [Times: user=0.04 sys=0.00, real=0.01 secs] 
Heap after GC invocations=153 (full 5):
 par new generation   total 109248K, used 21824K [0x00000007a0000000, 0x00000007a8000000, 0x00000007a8000000)
  eden space 87424K,   0% used [0x00000007a0000000, 0x00000007a0000000, 0x00000007a5560000)
  from space 21824K, 100% used [0x00000007a6ab0000, 0x00000007a8000000, 0x00000007a8000000)
  to   space 21824K,   0% used [0x00000007a5560000, 0x00000007a5560000, 0x00000007a6ab0000)
 concurrent mark-sweep generation total 393216K, used 158100K [0x00000007a8000000, 0x00000007c0000000, 0x00000007c0000000)
 Metaspace       used 34416K, capacity 34922K, committed 35140K, reserved 1081344K
  class space    used 3994K, capacity 4170K, committed 4192K, reserved 1048576K
}
2016-10-23T20:02:11.352+0800: 68.044: Total time for which application threads were stopped: 0.0117375 seconds, Stopping threads took: 0.0000295 seconds
{Heap before GC invocations=153 (full 5):
 par new generation   total 109248K, used 109248K [0x00000007a0000000, 0x00000007a8000000, 0x00000007a8000000)
  eden space 87424K, 100% used [0x00000007a0000000, 0x00000007a5560000, 0x00000007a5560000)
  from space 21824K, 100% used [0x00000007a6ab0000, 0x00000007a8000000, 0x00000007a8000000)
  to   space 21824K,   0% used [0x00000007a5560000, 0x00000007a5560000, 0x00000007a6ab0000)
 concurrent mark-sweep generation total 393216K, used 158100K [0x00000007a8000000, 0x00000007c0000000, 0x00000007c0000000)
 Metaspace       used 34416K, capacity 34922K, committed 35140K, reserved 1081344K
  class space    used 3994K, capacity 4170K, committed 4192K, reserved 1048576K
2016-10-23T20:02:11.582+0800: 68.274: [GC (Allocation Failure) 2016-10-23T20:02:11.582+0800: 68.274: [ParNew
Desired survivor size 20112992 bytes, new threshold 6 (max 8)
- age   1:    5361328 bytes,    5361328 total
- age   2:    4666648 bytes,   10027976 total
- age   3:    5533216 bytes,   15561192 total
- age   4:    1237640 bytes,   16798832 total
- age   5:    2820536 bytes,   19619368 total
- age   6:    1294400 bytes,   20913768 total
: 109248K->21824K(109248K), 0.0109142 secs] 267348K->187233K(502464K), 0.0109993 secs] [Times: user=0.04 sys=0.01, real=0.01 secs] 
Heap after GC invocations=154 (full 5):
 par new generation   total 109248K, used 21824K [0x00000007a0000000, 0x00000007a8000000, 0x00000007a8000000)
  eden space 87424K,   0% used [0x00000007a0000000, 0x00000007a0000000, 0x00000007a5560000)
  from space 21824K, 100% used [0x00000007a5560000, 0x00000007a6ab0000, 0x00000007a6ab0000)
  to   space 21824K,   0% used [0x00000007a6ab0000, 0x00000007a6ab0000, 0x00000007a8000000)
 concurrent mark-sweep generation total 393216K, used 165409K [0x00000007a8000000, 0x00000007c0000000, 0x00000007c0000000)
 Metaspace       used 34416K, capacity 34922K, committed 35140K, reserved 1081344K
  class space    used 3994K, capacity 4170K, committed 4192K, reserved 1048576K
}
2016-10-23T20:02:11.593+0800: 68.285: Total time for which application threads were stopped: 0.0111637 seconds, Stopping threads took: 0.0000294 seconds
2016-10-23T20:02:12.594+0800: 69.287: Total time for which application threads were stopped: 0.0002235 seconds, Stopping threads took: 0.0001226 seconds
{Heap before GC invocations=154 (full 5):
 par new generation   total 109248K, used 109248K [0x00000007a0000000, 0x00000007a8000000, 0x00000007a8000000)
  eden space 87424K, 100% used [0x00000007a0000000, 0x00000007a5560000, 0x00000007a5560000)
  from space 21824K, 100% used [0x00000007a5560000, 0x00000007a6ab0000, 0x00000007a6ab0000)
  to   space 21824K,   0% used [0x00000007a6ab0000, 0x00000007a6ab0000, 0x00000007a8000000)
 concurrent mark-sweep generation total 393216K, used 165409K [0x00000007a8000000, 0x00000007c0000000, 0x00000007c0000000)
 Metaspace       used 34418K, capacity 34922K, committed 35140K, reserved 1081344K
  class space    used 3994K, capacity 4170K, committed 4192K, reserved 1048576K
2016-10-23T20:02:12.715+0800: 69.407: [GC (Allocation Failure) 2016-10-23T20:02:12.715+0800: 69.407: [ParNew
Desired survivor size 20112992 bytes, new threshold 8 (max 8)
- age   1:     577816 bytes,     577816 total
- age   2:    2864104 bytes,    3441920 total
- age   3:    4338264 bytes,    7780184 total
- age   4:    5434432 bytes,   13214616 total
- age   5:    1125256 bytes,   14339872 total
- age   6:    2729656 bytes,   17069528 total
: 109248K->21824K(109248K), 0.0069663 secs] 274657K->191261K(502464K), 0.0070244 secs] [Times: user=0.02 sys=0.00, real=0.01 secs] 
Heap after GC invocations=155 (full 5):
 par new generation   total 109248K, used 21824K [0x00000007a0000000, 0x00000007a8000000, 0x00000007a8000000)
  eden space 87424K,   0% used [0x00000007a0000000, 0x00000007a0000000, 0x00000007a5560000)
  from space 21824K, 100% used [0x00000007a6ab0000, 0x00000007a8000000, 0x00000007a8000000)
  to   space 21824K,   0% used [0x00000007a5560000, 0x00000007a5560000, 0x00000007a6ab0000)
 concurrent mark-sweep generation total 393216K, used 169437K [0x00000007a8000000, 0x00000007c0000000, 0x00000007c0000000)
 Metaspace       used 34418K, capacity 34922K, committed 35140K, reserved 1081344K
  class space    used 3994K, capacity 4170K, committed 4192K, reserved 1048576K
}
2016-10-23T20:02:12.722+0800: 69.414: Total time for which application threads were stopped: 0.0071761 seconds, Stopping threads took: 0.0000286 seconds
{Heap before GC invocations=155 (full 5):
 par new generation   total 109248K, used 109248K [0x00000007a0000000, 0x00000007a8000000, 0x00000007a8000000)
  eden space 87424K, 100% used [0x00000007a0000000, 0x00000007a5560000, 0x00000007a5560000)
  from space 21824K, 100% used [0x00000007a6ab0000, 0x00000007a8000000, 0x00000007a8000000)
  to   space 21824K,   0% used [0x00000007a5560000, 0x00000007a5560000, 0x00000007a6ab0000)
 concurrent mark-sweep generation total 393216K, used 169437K [0x00000007a8000000, 0x00000007c0000000, 0x00000007c0000000)
 Metaspace       used 34418K, capacity 34922K, committed 35140K, reserved 1081344K
  class space    used 3994K, capacity 4170K, committed 4192K, reserved 1048576K
2016-10-23T20:02:12.843+0800: 69.535: [GC (Allocation Failure) 2016-10-23T20:02:12.843+0800: 69.535: [ParNew
Desired survivor size 20112992 bytes, new threshold 8 (max 8)
- age   1:       6768 bytes,       6768 total
- age   2:     406904 bytes,     413672 total
- age   3:    2187848 bytes,    2601520 total
- age   4:    4335416 bytes,    6936936 total
- age   5:    5433984 bytes,   12370920 total
- age   6:    1124976 bytes,   13495896 total
- age   7:    2729064 bytes,   16224960 total
: 109248K->21824K(109248K), 0.0063581 secs] 278685K->192089K(502464K), 0.0064225 secs] [Times: user=0.02 sys=0.00, real=0.00 secs] 
Heap after GC invocations=156 (full 5):
 par new generation   total 109248K, used 21824K [0x00000007a0000000, 0x00000007a8000000, 0x00000007a8000000)
  eden space 87424K,   0% used [0x00000007a0000000, 0x00000007a0000000, 0x00000007a5560000)
  from space 21824K, 100% used [0x00000007a5560000, 0x00000007a6ab0000, 0x00000007a6ab0000)
  to   space 21824K,   0% used [0x00000007a6ab0000, 0x00000007a6ab0000, 0x00000007a8000000)
 concurrent mark-sweep generation total 393216K, used 170265K [0x00000007a8000000, 0x00000007c0000000, 0x00000007c0000000)
 Metaspace       used 34418K, capacity 34922K, committed 35140K, reserved 1081344K
  class space    used 3994K, capacity 4170K, committed 4192K, reserved 1048576K
}
2016-10-23T20:02:12.849+0800: 69.542: Total time for which application threads were stopped: 0.0065791 seconds, Stopping threads took: 0.0000293 seconds
{Heap before GC invocations=156 (full 5):
 par new generation   total 109248K, used 109248K [0x00000007a0000000, 0x00000007a8000000, 0x00000007a8000000)
  eden space 87424K, 100% used [0x00000007a0000000, 0x00000007a5560000, 0x00000007a5560000)
  from space 21824K, 100% used [0x00000007a5560000, 0x00000007a6ab0000, 0x00000007a6ab0000)
  to   space 21824K,   0% used [0x00000007a6ab0000, 0x00000007a6ab0000, 0x00000007a8000000)
 concurrent mark-sweep generation total 393216K, used 170265K [0x00000007a8000000, 0x00000007c0000000, 0x00000007c0000000)
 Metaspace       used 34418K, capacity 34922K, committed 35140K, reserved 1081344K
  class space    used 3994K, capacity 4170K, committed 4192K, reserved 1048576K
2016-10-23T20:02:12.920+0800: 69.613: [GC (Allocation Failure) 2016-10-23T20:02:12.920+0800: 69.613: [ParNew
Desired survivor size 20112992 bytes, new threshold 8 (max 8)
- age   1:     267544 bytes,     267544 total
- age   2:        400 bytes,     267944 total
- age   3:     396160 bytes,     664104 total
- age   4:    2187848 bytes,    2851952 total
- age   5:    4335416 bytes,    7187368 total
- age   6:    5433984 bytes,   12621352 total
- age   7:    1125000 bytes,   13746352 total
- age   8:    2729064 bytes,   16475416 total
: 109248K->20780K(109248K), 0.0061960 secs] 279513K->191045K(502464K), 0.0062579 secs] [Times: user=0.02 sys=0.00, real=0.00 secs] 
Heap after GC invocations=157 (full 5):
 par new generation   total 109248K, used 20780K [0x00000007a0000000, 0x00000007a8000000, 0x00000007a8000000)
  eden space 87424K,   0% used [0x00000007a0000000, 0x00000007a0000000, 0x00000007a5560000)
  from space 21824K,  95% used [0x00000007a6ab0000, 0x00000007a7efb218, 0x00000007a8000000)
  to   space 21824K,   0% used [0x00000007a5560000, 0x00000007a5560000, 0x00000007a6ab0000)
 concurrent mark-sweep generation total 393216K, used 170265K [0x00000007a8000000, 0x00000007c0000000, 0x00000007c0000000)
 Metaspace       used 34418K, capacity 34922K, committed 35140K, reserved 1081344K
  class space    used 3994K, capacity 4170K, committed 4192K, reserved 1048576K
}
2016-10-23T20:02:12.927+0800: 69.619: Total time for which application threads were stopped: 0.0064069 seconds, Stopping threads took: 0.0000211 seconds
{Heap before GC invocations=157 (full 5):
 par new generation   total 109248K, used 108204K [0x00000007a0000000, 0x00000007a8000000, 0x00000007a8000000)
  eden space 87424K, 100% used [0x00000007a0000000, 0x00000007a5560000, 0x00000007a5560000)
  from space 21824K,  95% used [0x00000007a6ab0000, 0x00000007a7efb218, 0x00000007a8000000)
  to   space 21824K,   0% used [0x00000007a5560000, 0x00000007a5560000, 0x00000007a6ab0000)
 concurrent mark-sweep generation total 393216K, used 170265K [0x00000007a8000000, 0x00000007c0000000, 0x00000007c0000000)
 Metaspace       used 34418K, capacity 34922K, committed 35140K, reserved 1081344K
  class space    used 3994K, capacity 4170K, committed 4192K, reserved 1048576K
2016-10-23T20:02:13.027+0800: 69.720: [GC (Allocation Failure) 2016-10-23T20:02:13.027+0800: 69.720: [ParNew
Desired survivor size 20112992 bytes, new threshold 8 (max 8)
- age   1:      72496 bytes,      72496 total
- age   2:      49960 bytes,     122456 total
- age   3:        400 bytes,     122856 total
- age   4:     396160 bytes,     519016 total
- age   5:    2187848 bytes,    2706864 total
- age   6:    4335416 bytes,    7042280 total
- age   7:    5433984 bytes,   12476264 total
- age   8:    1124976 bytes,   13601240 total
: 108204K->14574K(109248K), 0.0062892 secs] 278469K->187520K(502464K), 0.0063442 secs] [Times: user=0.02 sys=0.01, real=0.01 secs] 
Heap after GC invocations=158 (full 5):
 par new generation   total 109248K, used 14574K [0x00000007a0000000, 0x00000007a8000000, 0x00000007a8000000)
  eden space 87424K,   0% used [0x00000007a0000000, 0x00000007a0000000, 0x00000007a5560000)
  from space 21824K,  66% used [0x00000007a5560000, 0x00000007a639ba20, 0x00000007a6ab0000)
  to   space 21824K,   0% used [0x00000007a6ab0000, 0x00000007a6ab0000, 0x00000007a8000000)
 concurrent mark-sweep generation total 393216K, used 172946K [0x00000007a8000000, 0x00000007c0000000, 0x00000007c0000000)
 Metaspace       used 34418K, capacity 34922K, committed 35140K, reserved 1081344K
  class space    used 3994K, capacity 4170K, committed 4192K, reserved 1048576K
}
2016-10-23T20:02:13.034+0800: 69.726: Total time for which application threads were stopped: 0.0065071 seconds, Stopping threads took: 0.0000284 seconds
{Heap before GC invocations=158 (full 5):
 par new generation   total 109248K, used 101998K [0x00000007a0000000, 0x00000007a8000000, 0x00000007a8000000)
  eden space 87424K, 100% used [0x00000007a0000000, 0x00000007a5560000, 0x00000007a5560000)
  from space 21824K,  66% used [0x00000007a5560000, 0x00000007a639ba20, 0x00000007a6ab0000)
  to   space 21824K,   0% used [0x00000007a6ab0000, 0x00000007a6ab0000, 0x00000007a8000000)
 concurrent mark-sweep generation total 393216K, used 172946K [0x00000007a8000000, 0x00000007c0000000, 0x00000007c0000000)
 Metaspace       used 34418K, capacity 34922K, committed 35140K, reserved 1081344K
  class space    used 3994K, capacity 4170K, committed 4192K, reserved 1048576K
2016-10-23T20:02:13.141+0800: 69.833: [GC (Allocation Failure) 2016-10-23T20:02:13.141+0800: 69.833: [ParNew
Desired survivor size 20112992 bytes, new threshold 8 (max 8)
- age   1:     150272 bytes,     150272 total
- age   2:       1352 bytes,     151624 total
- age   3:      49960 bytes,     201584 total
- age   4:        400 bytes,     201984 total
- age   5:     396160 bytes,     598144 total
- age   6:    2187848 bytes,    2785992 total
- age   7:    4335416 bytes,    7121408 total
- age   8:    5433984 bytes,   12555392 total
: 101998K->15141K(109248K), 0.0066532 secs] 274944K->189206K(502464K), 0.0067143 secs] [Times: user=0.03 sys=0.00, real=0.00 secs] 
Heap after GC invocations=159 (full 5):
 par new generation   total 109248K, used 15141K [0x00000007a0000000, 0x00000007a8000000, 0x00000007a8000000)
  eden space 87424K,   0% used [0x00000007a0000000, 0x00000007a0000000, 0x00000007a5560000)
  from space 21824K,  69% used [0x00000007a6ab0000, 0x00000007a7979628, 0x00000007a8000000)
  to   space 21824K,   0% used [0x00000007a5560000, 0x00000007a5560000, 0x00000007a6ab0000)
 concurrent mark-sweep generation total 393216K, used 174064K [0x00000007a8000000, 0x00000007c0000000, 0x00000007c0000000)
 Metaspace       used 34418K, capacity 34922K, committed 35140K, reserved 1081344K
  class space    used 3994K, capacity 4170K, committed 4192K, reserved 1048576K
}
2016-10-23T20:02:13.147+0800: 69.840: Total time for which application threads were stopped: 0.0069117 seconds, Stopping threads took: 0.0000227 seconds
{Heap before GC invocations=159 (full 5):
 par new generation   total 109248K, used 102565K [0x00000007a0000000, 0x00000007a8000000, 0x00000007a8000000)
  eden space 87424K, 100% used [0x00000007a0000000, 0x00000007a5560000, 0x00000007a5560000)
  from space 21824K,  69% used [0x00000007a6ab0000, 0x00000007a7979628, 0x00000007a8000000)
  to   space 21824K,   0% used [0x00000007a5560000, 0x00000007a5560000, 0x00000007a6ab0000)
 concurrent mark-sweep generation total 393216K, used 174064K [0x00000007a8000000, 0x00000007c0000000, 0x00000007c0000000)
 Metaspace       used 34419K, capacity 34922K, committed 35140K, reserved 1081344K
  class space    used 3994K, capacity 4170K, committed 4192K, reserved 1048576K
2016-10-23T20:02:13.319+0800: 70.011: [GC (Allocation Failure) 2016-10-23T20:02:13.319+0800: 70.011: [ParNew
Desired survivor size 20112992 bytes, new threshold 8 (max 8)
- age   1:     198040 bytes,     198040 total
- age   2:        672 bytes,     198712 total
- age   3:       1352 bytes,     200064 total
- age   4:      49904 bytes,     249968 total
- age   5:        400 bytes,     250368 total
- age   6:     396160 bytes,     646528 total
- age   7:    2187848 bytes,    2834376 total
- age   8:    4335416 bytes,    7169792 total
: 102565K->8349K(109248K), 0.0057221 secs] 276630K->187740K(502464K), 0.0057788 secs] [Times: user=0.02 sys=0.00, real=0.01 secs] 
Heap after GC invocations=160 (full 5):
 par new generation   total 109248K, used 8349K [0x00000007a0000000, 0x00000007a8000000, 0x00000007a8000000)
  eden space 87424K,   0% used [0x00000007a0000000, 0x00000007a0000000, 0x00000007a5560000)
  from space 21824K,  38% used [0x00000007a5560000, 0x00000007a5d87688, 0x00000007a6ab0000)
  to   space 21824K,   0% used [0x00000007a6ab0000, 0x00000007a6ab0000, 0x00000007a8000000)
 concurrent mark-sweep generation total 393216K, used 179391K [0x00000007a8000000, 0x00000007c0000000, 0x00000007c0000000)
 Metaspace       used 34419K, capacity 34922K, committed 35140K, reserved 1081344K
  class space    used 3994K, capacity 4170K, committed 4192K, reserved 1048576K
}
2016-10-23T20:02:13.325+0800: 70.017: Total time for which application threads were stopped: 0.0059474 seconds, Stopping threads took: 0.0000293 seconds
2016-10-23T20:02:13.381+0800: 70.073: Total time for which application threads were stopped: 0.0000940 seconds, Stopping threads took: 0.0000215 seconds
2016-10-23T20:02:13.381+0800: 70.073: Total time for which application threads were stopped: 0.0000471 seconds, Stopping threads took: 0.0000098 seconds
2016-10-23T20:02:13.381+0800: 70.074: Total time for which application threads were stopped: 0.0000386 seconds, Stopping threads took: 0.0000074 seconds
{Heap before GC invocations=160 (full 5):
 par new generation   total 109248K, used 95773K [0x00000007a0000000, 0x00000007a8000000, 0x00000007a8000000)
  eden space 87424K, 100% used [0x00000007a0000000, 0x00000007a5560000, 0x00000007a5560000)
  from space 21824K,  38% used [0x00000007a5560000, 0x00000007a5d87688, 0x00000007a6ab0000)
  to   space 21824K,   0% used [0x00000007a6ab0000, 0x00000007a6ab0000, 0x00000007a8000000)
 concurrent mark-sweep generation total 393216K, used 179391K [0x00000007a8000000, 0x00000007c0000000, 0x00000007c0000000)
 Metaspace       used 34421K, capacity 34922K, committed 35140K, reserved 1081344K
  class space    used 3994K, capacity 4170K, committed 4192K, reserved 1048576K
2016-10-23T20:02:13.589+0800: 70.282: [GC (Allocation Failure) 2016-10-23T20:02:13.589+0800: 70.282: [ParNew
Desired survivor size 20112992 bytes, new threshold 8 (max 8)
- age   1:    5480856 bytes,    5480856 total
- age   2:        176 bytes,    5481032 total
- age   5:      49712 bytes,    5530744 total
- age   6:        400 bytes,    5531144 total
- age   7:     327312 bytes,    5858456 total
- age   8:    2119760 bytes,    7978216 total
: 95773K->8543K(109248K), 0.0069758 secs] 275164K->192136K(502464K), 0.0070528 secs] [Times: user=0.02 sys=0.00, real=0.01 secs] 
Heap after GC invocations=161 (full 5):
 par new generation   total 109248K, used 8543K [0x00000007a0000000, 0x00000007a8000000, 0x00000007a8000000)
  eden space 87424K,   0% used [0x00000007a0000000, 0x00000007a0000000, 0x00000007a5560000)
  from space 21824K,  39% used [0x00000007a6ab0000, 0x00000007a7307f90, 0x00000007a8000000)
  to   space 21824K,   0% used [0x00000007a5560000, 0x00000007a5560000, 0x00000007a6ab0000)
 concurrent mark-sweep generation total 393216K, used 183593K [0x00000007a8000000, 0x00000007c0000000, 0x00000007c0000000)
 Metaspace       used 34421K, capacity 34922K, committed 35140K, reserved 1081344K
  class space    used 3994K, capacity 4170K, committed 4192K, reserved 1048576K
}
2016-10-23T20:02:13.596+0800: 70.289: Total time for which application threads were stopped: 0.0072426 seconds, Stopping threads took: 0.0000304 seconds
{Heap before GC invocations=161 (full 5):
 par new generation   total 109248K, used 95967K [0x00000007a0000000, 0x00000007a8000000, 0x00000007a8000000)
  eden space 87424K, 100% used [0x00000007a0000000, 0x00000007a5560000, 0x00000007a5560000)
  from space 21824K,  39% used [0x00000007a6ab0000, 0x00000007a7307f90, 0x00000007a8000000)
  to   space 21824K,   0% used [0x00000007a5560000, 0x00000007a5560000, 0x00000007a6ab0000)
 concurrent mark-sweep generation total 393216K, used 183593K [0x00000007a8000000, 0x00000007c0000000, 0x00000007c0000000)
 Metaspace       used 34421K, capacity 34922K, committed 35140K, reserved 1081344K
  class space    used 3994K, capacity 4170K, committed 4192K, reserved 1048576K
2016-10-23T20:02:13.820+0800: 70.512: [GC (Allocation Failure) 2016-10-23T20:02:13.820+0800: 70.512: [ParNew
Desired survivor size 20112992 bytes, new threshold 8 (max 8)
- age   1:    5427040 bytes,    5427040 total
- age   2:    3949016 bytes,    9376056 total
- age   3:        176 bytes,    9376232 total
- age   6:      49712 bytes,    9425944 total
- age   7:        400 bytes,    9426344 total
- age   8:     327312 bytes,    9753656 total
: 95967K->11250K(109248K), 0.0059250 secs] 279560K->196927K(502464K), 0.0059885 secs] [Times: user=0.02 sys=0.00, real=0.00 secs] 
Heap after GC invocations=162 (full 5):
 par new generation   total 109248K, used 11250K [0x00000007a0000000, 0x00000007a8000000, 0x00000007a8000000)
  eden space 87424K,   0% used [0x00000007a0000000, 0x00000007a0000000, 0x00000007a5560000)
  from space 21824K,  51% used [0x00000007a5560000, 0x00000007a605cb18, 0x00000007a6ab0000)
  to   space 21824K,   0% used [0x00000007a6ab0000, 0x00000007a6ab0000, 0x00000007a8000000)
 concurrent mark-sweep generation total 393216K, used 185676K [0x00000007a8000000, 0x00000007c0000000, 0x00000007c0000000)
 Metaspace       used 34421K, capacity 34922K, committed 35140K, reserved 1081344K
  class space    used 3994K, capacity 4170K, committed 4192K, reserved 1048576K
}
2016-10-23T20:02:13.826+0800: 70.518: Total time for which application threads were stopped: 0.0061516 seconds, Stopping threads took: 0.0000312 seconds
{Heap before GC invocations=162 (full 5):
 par new generation   total 109248K, used 98674K [0x00000007a0000000, 0x00000007a8000000, 0x00000007a8000000)
  eden space 87424K, 100% used [0x00000007a0000000, 0x00000007a5560000, 0x00000007a5560000)
  from space 21824K,  51% used [0x00000007a5560000, 0x00000007a605cb18, 0x00000007a6ab0000)
  to   space 21824K,   0% used [0x00000007a6ab0000, 0x00000007a6ab0000, 0x00000007a8000000)
 concurrent mark-sweep generation total 393216K, used 185676K [0x00000007a8000000, 0x00000007c0000000, 0x00000007c0000000)
 Metaspace       used 34421K, capacity 34922K, committed 35140K, reserved 1081344K
  class space    used 3994K, capacity 4170K, committed 4192K, reserved 1048576K
2016-10-23T20:02:14.049+0800: 70.741: [GC (Allocation Failure) 2016-10-23T20:02:14.049+0800: 70.741: [ParNew
Desired survivor size 20112992 bytes, new threshold 8 (max 8)
- age   1:    5185096 bytes,    5185096 total
- age   2:    3624648 bytes,    8809744 total
- age   3:    3915176 bytes,   12724920 total
- age   4:        176 bytes,   12725096 total
- age   7:      49712 bytes,   12774808 total
- age   8:        400 bytes,   12775208 total
: 98674K->17045K(109248K), 0.0058746 secs] 284351K->203043K(502464K), 0.0059631 secs] [Times: user=0.02 sys=0.00, real=0.01 secs] 
Heap after GC invocations=163 (full 5):
 par new generation   total 109248K, used 17045K [0x00000007a0000000, 0x00000007a8000000, 0x00000007a8000000)
  eden space 87424K,   0% used [0x00000007a0000000, 0x00000007a0000000, 0x00000007a5560000)
  from space 21824K,  78% used [0x00000007a6ab0000, 0x00000007a7b55400, 0x00000007a8000000)
  to   space 21824K,   0% used [0x00000007a5560000, 0x00000007a5560000, 0x00000007a6ab0000)
 concurrent mark-sweep generation total 393216K, used 185998K [0x00000007a8000000, 0x00000007c0000000, 0x00000007c0000000)
 Metaspace       used 34421K, capacity 34922K, committed 35140K, reserved 1081344K
  class space    used 3994K, capacity 4170K, committed 4192K, reserved 1048576K
}
2016-10-23T20:02:14.055+0800: 70.747: Total time for which application threads were stopped: 0.0061259 seconds, Stopping threads took: 0.0000294 seconds
{Heap before GC invocations=163 (full 5):
 par new generation   total 109248K, used 104469K [0x00000007a0000000, 0x00000007a8000000, 0x00000007a8000000)
  eden space 87424K, 100% used [0x00000007a0000000, 0x00000007a5560000, 0x00000007a5560000)
  from space 21824K,  78% used [0x00000007a6ab0000, 0x00000007a7b55400, 0x00000007a8000000)
  to   space 21824K,   0% used [0x00000007a5560000, 0x00000007a5560000, 0x00000007a6ab0000)
 concurrent mark-sweep generation total 393216K, used 185998K [0x00000007a8000000, 0x00000007c0000000, 0x00000007c0000000)
 Metaspace       used 34421K, capacity 34922K, committed 35140K, reserved 1081344K
  class space    used 3994K, capacity 4170K, committed 4192K, reserved 1048576K
2016-10-23T20:02:14.273+0800: 70.966: [GC (Allocation Failure) 2016-10-23T20:02:14.273+0800: 70.966: [ParNew
Desired survivor size 20112992 bytes, new threshold 8 (max 8)
- age   1:    8421728 bytes,    8421728 total
- age   2:    2770520 bytes,   11192248 total
- age   3:    2701944 bytes,   13894192 total
- age   4:    3914136 bytes,   17808328 total
- age   5:        176 bytes,   17808504 total
- age   8:      49712 bytes,   17858216 total
: 104469K->20939K(109248K), 0.0079833 secs] 290467K->206938K(502464K), 0.0080375 secs] [Times: user=0.03 sys=0.00, real=0.01 secs] 
Heap after GC invocations=164 (full 5):
 par new generation   total 109248K, used 20939K [0x00000007a0000000, 0x00000007a8000000, 0x00000007a8000000)
  eden space 87424K,   0% used [0x00000007a0000000, 0x00000007a0000000, 0x00000007a5560000)
  from space 21824K,  95% used [0x00000007a5560000, 0x00000007a69d2c70, 0x00000007a6ab0000)
  to   space 21824K,   0% used [0x00000007a6ab0000, 0x00000007a6ab0000, 0x00000007a8000000)
 concurrent mark-sweep generation total 393216K, used 185998K [0x00000007a8000000, 0x00000007c0000000, 0x00000007c0000000)
 Metaspace       used 34421K, capacity 34922K, committed 35140K, reserved 1081344K
  class space    used 3994K, capacity 4170K, committed 4192K, reserved 1048576K
}
2016-10-23T20:02:14.281+0800: 70.974: Total time for which application threads were stopped: 0.0082192 seconds, Stopping threads took: 0.0000285 seconds
{Heap before GC invocations=164 (full 5):
 par new generation   total 109248K, used 108363K [0x00000007a0000000, 0x00000007a8000000, 0x00000007a8000000)
  eden space 87424K, 100% used [0x00000007a0000000, 0x00000007a5560000, 0x00000007a5560000)
  from space 21824K,  95% used [0x00000007a5560000, 0x00000007a69d2c70, 0x00000007a6ab0000)
  to   space 21824K,   0% used [0x00000007a6ab0000, 0x00000007a6ab0000, 0x00000007a8000000)
 concurrent mark-sweep generation total 393216K, used 185998K [0x00000007a8000000, 0x00000007c0000000, 0x00000007c0000000)
 Metaspace       used 34421K, capacity 34922K, committed 35140K, reserved 1081344K
  class space    used 3994K, capacity 4170K, committed 4192K, reserved 1048576K
2016-10-23T20:02:14.504+0800: 71.197: [GC (Allocation Failure) 2016-10-23T20:02:14.504+0800: 71.197: [ParNew
Desired survivor size 20112992 bytes, new threshold 8 (max 8)
- age   1:    5763912 bytes,    5763912 total
- age   2:    3932920 bytes,    9696832 total
- age   3:    2509952 bytes,   12206784 total
- age   4:    2480696 bytes,   14687480 total
- age   5:    3634216 bytes,   18321696 total
- age   6:        176 bytes,   18321872 total
: 108363K->21824K(109248K), 0.0087400 secs] 294362K->210685K(502464K), 0.0088244 secs] [Times: user=0.03 sys=0.00, real=0.01 secs] 
Heap after GC invocations=165 (full 5):
 par new generation   total 109248K, used 21824K [0x00000007a0000000, 0x00000007a8000000, 0x00000007a8000000)
  eden space 87424K,   0% used [0x00000007a0000000, 0x00000007a0000000, 0x00000007a5560000)
  from space 21824K, 100% used [0x00000007a6ab0000, 0x00000007a8000000, 0x00000007a8000000)
  to   space 21824K,   0% used [0x00000007a5560000, 0x00000007a5560000, 0x00000007a6ab0000)
 concurrent mark-sweep generation total 393216K, used 188861K [0x00000007a8000000, 0x00000007c0000000, 0x00000007c0000000)
 Metaspace       used 34421K, capacity 34922K, committed 35140K, reserved 1081344K
  class space    used 3994K, capacity 4170K, committed 4192K, reserved 1048576K
}
2016-10-23T20:02:14.513+0800: 71.206: Total time for which application threads were stopped: 0.0090022 seconds, Stopping threads took: 0.0000265 seconds
{Heap before GC invocations=165 (full 5):
 par new generation   total 109248K, used 109248K [0x00000007a0000000, 0x00000007a8000000, 0x00000007a8000000)
  eden space 87424K, 100% used [0x00000007a0000000, 0x00000007a5560000, 0x00000007a5560000)
  from space 21824K, 100% used [0x00000007a6ab0000, 0x00000007a8000000, 0x00000007a8000000)
  to   space 21824K,   0% used [0x00000007a5560000, 0x00000007a5560000, 0x00000007a6ab0000)
 concurrent mark-sweep generation total 393216K, used 188861K [0x00000007a8000000, 0x00000007c0000000, 0x00000007c0000000)
 Metaspace       used 34421K, capacity 34922K, committed 35140K, reserved 1081344K
  class space    used 3994K, capacity 4170K, committed 4192K, reserved 1048576K
2016-10-23T20:02:14.746+0800: 71.438: [GC (Allocation Failure) 2016-10-23T20:02:14.746+0800: 71.438: [ParNew
Desired survivor size 20112992 bytes, new threshold 8 (max 8)
- age   1:    3571584 bytes,    3571584 total
- age   2:    2469472 bytes,    6041056 total
- age   3:    3326320 bytes,    9367376 total
- age   4:    2338352 bytes,   11705728 total
- age   5:    2326312 bytes,   14032040 total
- age   6:    3220048 bytes,   17252088 total
- age   7:        176 bytes,   17252264 total
: 109248K->21824K(109248K), 0.0106189 secs] 298109K->215843K(502464K), 0.0106969 secs] [Times: user=0.03 sys=0.00, real=0.01 secs] 
Heap after GC invocations=166 (full 5):
 par new generation   total 109248K, used 21824K [0x00000007a0000000, 0x00000007a8000000, 0x00000007a8000000)
  eden space 87424K,   0% used [0x00000007a0000000, 0x00000007a0000000, 0x00000007a5560000)
  from space 21824K, 100% used [0x00000007a5560000, 0x00000007a6ab0000, 0x00000007a6ab0000)
  to   space 21824K,   0% used [0x00000007a6ab0000, 0x00000007a6ab0000, 0x00000007a8000000)
 concurrent mark-sweep generation total 393216K, used 194019K [0x00000007a8000000, 0x00000007c0000000, 0x00000007c0000000)
 Metaspace       used 34421K, capacity 34922K, committed 35140K, reserved 1081344K
  class space    used 3994K, capacity 4170K, committed 4192K, reserved 1048576K
}
2016-10-23T20:02:14.757+0800: 71.449: Total time for which application threads were stopped: 0.0108664 seconds, Stopping threads took: 0.0000251 seconds
{Heap before GC invocations=166 (full 5):
 par new generation   total 109248K, used 109248K [0x00000007a0000000, 0x00000007a8000000, 0x00000007a8000000)
  eden space 87424K, 100% used [0x00000007a0000000, 0x00000007a5560000, 0x00000007a5560000)
  from space 21824K, 100% used [0x00000007a5560000, 0x00000007a6ab0000, 0x00000007a6ab0000)
  to   space 21824K,   0% used [0x00000007a6ab0000, 0x00000007a6ab0000, 0x00000007a8000000)
 concurrent mark-sweep generation total 393216K, used 194019K [0x00000007a8000000, 0x00000007c0000000, 0x00000007c0000000)
 Metaspace       used 34421K, capacity 34922K, committed 35140K, reserved 1081344K
  class space    used 3994K, capacity 4170K, committed 4192K, reserved 1048576K
2016-10-23T20:02:15.002+0800: 71.694: [GC (Allocation Failure) 2016-10-23T20:02:15.002+0800: 71.694: [ParNew
Desired survivor size 20112992 bytes, new threshold 8 (max 8)
- age   1:    7673296 bytes,    7673296 total
- age   2:    1165800 bytes,    8839096 total
- age   3:    1472928 bytes,   10312024 total
- age   4:    2289760 bytes,   12601784 total
- age   5:    2206696 bytes,   14808480 total
- age   6:    2182032 bytes,   16990512 total
- age   7:    2353568 bytes,   19344080 total
- age   8:        176 bytes,   19344256 total
: 109248K->21824K(109248K), 0.0085453 secs] 303267K->222347K(502464K), 0.0086231 secs] [Times: user=0.03 sys=0.00, real=0.01 secs] 
Heap after GC invocations=167 (full 5):
 par new generation   total 109248K, used 21824K [0x00000007a0000000, 0x00000007a8000000, 0x00000007a8000000)
  eden space 87424K,   0% used [0x00000007a0000000, 0x00000007a0000000, 0x00000007a5560000)
  from space 21824K, 100% used [0x00000007a6ab0000, 0x00000007a8000000, 0x00000007a8000000)
  to   space 21824K,   0% used [0x00000007a5560000, 0x00000007a5560000, 0x00000007a6ab0000)
 concurrent mark-sweep generation total 393216K, used 200523K [0x00000007a8000000, 0x00000007c0000000, 0x00000007c0000000)
 Metaspace       used 34421K, capacity 34922K, committed 35140K, reserved 1081344K
  class space    used 3994K, capacity 4170K, committed 4192K, reserved 1048576K
}
2016-10-23T20:02:15.010+0800: 71.703: Total time for which application threads were stopped: 0.0087920 seconds, Stopping threads took: 0.0000209 seconds
2016-10-23T20:02:15.010+0800: 71.703: [GC (CMS Initial Mark) [1 CMS-initial-mark: 200523K(393216K)] 224095K(502464K), 0.0037176 secs] [Times: user=0.01 sys=0.00, real=0.00 secs] 
2016-10-23T20:02:15.014+0800: 71.706: Total time for which application threads were stopped: 0.0038493 seconds, Stopping threads took: 0.0000559 seconds
2016-10-23T20:02:15.014+0800: 71.707: [CMS-concurrent-mark-start]
2016-10-23T20:02:15.029+0800: 71.721: [CMS-concurrent-mark: 0.015/0.015 secs] [Times: user=0.06 sys=0.00, real=0.01 secs] 
2016-10-23T20:02:15.029+0800: 71.721: [CMS-concurrent-preclean-start]
2016-10-23T20:02:15.030+0800: 71.722: [CMS-concurrent-preclean: 0.001/0.001 secs] [Times: user=0.01 sys=0.00, real=0.01 secs] 
2016-10-23T20:02:15.030+0800: 71.722: [CMS-concurrent-abortable-preclean-start]
2016-10-23T20:02:15.162+0800: 71.855: [CMS-concurrent-abortable-preclean: 0.132/0.132 secs] [Times: user=0.27 sys=0.00, real=0.13 secs] 
2016-10-23T20:02:15.162+0800: 71.855: [GC (CMS Final Remark) [YG occupancy: 76854 K (109248 K)]{Heap before GC invocations=167 (full 6):
 par new generation   total 109248K, used 76854K [0x00000007a0000000, 0x00000007a8000000, 0x00000007a8000000)
  eden space 87424K,  62% used [0x00000007a0000000, 0x00000007a35bdb50, 0x00000007a5560000)
  from space 21824K, 100% used [0x00000007a6ab0000, 0x00000007a8000000, 0x00000007a8000000)
  to   space 21824K,   0% used [0x00000007a5560000, 0x00000007a5560000, 0x00000007a6ab0000)
 concurrent mark-sweep generation total 393216K, used 200523K [0x00000007a8000000, 0x00000007c0000000, 0x00000007c0000000)
 Metaspace       used 34421K, capacity 34922K, committed 35140K, reserved 1081344K
  class space    used 3994K, capacity 4170K, committed 4192K, reserved 1048576K
2016-10-23T20:02:15.162+0800: 71.855: [GC (CMS Final Remark) 2016-10-23T20:02:15.162+0800: 71.855: [ParNew
Desired survivor size 20112992 bytes, new threshold 8 (max 8)
- age   1:    3395056 bytes,    3395056 total
- age   2:    6187496 bytes,    9582552 total
- age   3:    1106080 bytes,   10688632 total
- age   4:    1070944 bytes,   11759576 total
- age   5:    2026832 bytes,   13786408 total
- age   6:    1314184 bytes,   15100592 total
- age   7:    1979768 bytes,   17080360 total
- age   8:    2348216 bytes,   19428576 total
: 76854K->21824K(109248K), 0.0095432 secs] 277378K->224642K(502464K), 0.0095904 secs] [Times: user=0.03 sys=0.00, real=0.01 secs] 
Heap after GC invocations=168 (full 6):
 par new generation   total 109248K, used 21824K [0x00000007a0000000, 0x00000007a8000000, 0x00000007a8000000)
  eden space 87424K,   0% used [0x00000007a0000000, 0x00000007a0000000, 0x00000007a5560000)
  from space 21824K, 100% used [0x00000007a5560000, 0x00000007a6ab0000, 0x00000007a6ab0000)
  to   space 21824K,   0% used [0x00000007a6ab0000, 0x00000007a6ab0000, 0x00000007a8000000)
 concurrent mark-sweep generation total 393216K, used 202818K [0x00000007a8000000, 0x00000007c0000000, 0x00000007c0000000)
 Metaspace       used 34421K, capacity 34922K, committed 35140K, reserved 1081344K
  class space    used 3994K, capacity 4170K, committed 4192K, reserved 1048576K
}
2016-10-23T20:02:15.172+0800: 71.864: [Rescan (parallel) , 0.0036376 secs]2016-10-23T20:02:15.176+0800: 71.868: [weak refs processing, 0.0008896 secs]2016-10-23T20:02:15.177+0800: 71.869: [class unloading, 0.0057961 secs]2016-10-23T20:02:15.182+0800: 71.875: [scrub symbol table, 0.0068471 secs]2016-10-23T20:02:15.189+0800: 71.882: [scrub string table, 0.0005612 secs][1 CMS-remark: 202818K(393216K)] 224642K(502464K), 0.0275912 secs] [Times: user=0.06 sys=0.00, real=0.03 secs] 
2016-10-23T20:02:15.190+0800: 71.882: Total time for which application threads were stopped: 0.0277989 seconds, Stopping threads took: 0.0001013 seconds
2016-10-23T20:02:15.190+0800: 71.883: [CMS-concurrent-sweep-start]
2016-10-23T20:02:15.231+0800: 71.924: [CMS-concurrent-sweep: 0.041/0.041 secs] [Times: user=0.08 sys=0.00, real=0.04 secs] 
2016-10-23T20:02:15.231+0800: 71.924: [CMS-concurrent-reset-start]
2016-10-23T20:02:15.232+0800: 71.924: [CMS-concurrent-reset: 0.000/0.000 secs] [Times: user=0.00 sys=0.00, real=0.00 secs] 
{Heap before GC invocations=168 (full 6):
 par new generation   total 109248K, used 109248K [0x00000007a0000000, 0x00000007a8000000, 0x00000007a8000000)
  eden space 87424K, 100% used [0x00000007a0000000, 0x00000007a5560000, 0x00000007a5560000)
  from space 21824K, 100% used [0x00000007a5560000, 0x00000007a6ab0000, 0x00000007a6ab0000)
  to   space 21824K,   0% used [0x00000007a6ab0000, 0x00000007a6ab0000, 0x00000007a8000000)
 concurrent mark-sweep generation total 393216K, used 59411K [0x00000007a8000000, 0x00000007c0000000, 0x00000007c0000000)
 Metaspace       used 34421K, capacity 34922K, committed 35140K, reserved 1081344K
  class space    used 3994K, capacity 4170K, committed 4192K, reserved 1048576K
2016-10-23T20:02:15.423+0800: 72.116: [GC (Allocation Failure) 2016-10-23T20:02:15.423+0800: 72.116: [ParNew
Desired survivor size 20112992 bytes, new threshold 8 (max 8)
- age   1:    8774192 bytes,    8774192 total
- age   2:    1683424 bytes,   10457616 total
- age   3:    2624376 bytes,   13081992 total
- age   4:     967632 bytes,   14049624 total
- age   5:     953368 bytes,   15002992 total
- age   6:     863720 bytes,   15866712 total
- age   7:    1199232 bytes,   17065944 total
- age   8:    1863848 bytes,   18929792 total
: 109248K->21824K(109248K), 0.0114118 secs] 168659K->85719K(502464K), 0.0115093 secs] [Times: user=0.04 sys=0.00, real=0.01 secs] 
Heap after GC invocations=169 (full 6):
 par new generation   total 109248K, used 21824K [0x00000007a0000000, 0x00000007a8000000, 0x00000007a8000000)
  eden space 87424K,   0% used [0x00000007a0000000, 0x00000007a0000000, 0x00000007a5560000)
  from space 21824K, 100% used [0x00000007a6ab0000, 0x00000007a8000000, 0x00000007a8000000)
  to   space 21824K,   0% used [0x00000007a5560000, 0x00000007a5560000, 0x00000007a6ab0000)
 concurrent mark-sweep generation total 393216K, used 63895K [0x00000007a8000000, 0x00000007c0000000, 0x00000007c0000000)
 Metaspace       used 34421K, capacity 34922K, committed 35140K, reserved 1081344K
  class space    used 3994K, capacity 4170K, committed 4192K, reserved 1048576K
}
2016-10-23T20:02:15.435+0800: 72.127: Total time for which application threads were stopped: 0.0116966 seconds, Stopping threads took: 0.0000267 seconds
{Heap before GC invocations=169 (full 6):
 par new generation   total 109248K, used 109248K [0x00000007a0000000, 0x00000007a8000000, 0x00000007a8000000)
  eden space 87424K, 100% used [0x00000007a0000000, 0x00000007a5560000, 0x00000007a5560000)
  from space 21824K, 100% used [0x00000007a6ab0000, 0x00000007a8000000, 0x00000007a8000000)
  to   space 21824K,   0% used [0x00000007a5560000, 0x00000007a5560000, 0x00000007a6ab0000)
 concurrent mark-sweep generation total 393216K, used 63895K [0x00000007a8000000, 0x00000007c0000000, 0x00000007c0000000)
 Metaspace       used 34421K, capacity 34922K, committed 35140K, reserved 1081344K
  class space    used 3994K, capacity 4170K, committed 4192K, reserved 1048576K
2016-10-23T20:02:15.669+0800: 72.361: [GC (Allocation Failure) 2016-10-23T20:02:15.669+0800: 72.361: [ParNew
Desired survivor size 20112992 bytes, new threshold 8 (max 8)
- age   1:    7353376 bytes,    7353376 total
- age   2:    3548736 bytes,   10902112 total
- age   3:    1572104 bytes,   12474216 total
- age   4:    2609048 bytes,   15083264 total
- age   5:     953208 bytes,   16036472 total
- age   6:     814480 bytes,   16850952 total
- age   7:     856480 bytes,   17707432 total
- age   8:    1191808 bytes,   18899240 total
: 109248K->21824K(109248K), 0.0089446 secs] 173143K->89197K(502464K), 0.0090100 secs] [Times: user=0.03 sys=0.00, real=0.01 secs] 
Heap after GC invocations=170 (full 6):
 par new generation   total 109248K, used 21824K [0x00000007a0000000, 0x00000007a8000000, 0x00000007a8000000)
  eden space 87424K,   0% used [0x00000007a0000000, 0x00000007a0000000, 0x00000007a5560000)
  from space 21824K, 100% used [0x00000007a5560000, 0x00000007a6ab0000, 0x00000007a6ab0000)
  to   space 21824K,   0% used [0x00000007a6ab0000, 0x00000007a6ab0000, 0x00000007a8000000)
 concurrent mark-sweep generation total 393216K, used 67373K [0x00000007a8000000, 0x00000007c0000000, 0x00000007c0000000)
 Metaspace       used 34421K, capacity 34922K, committed 35140K, reserved 1081344K
  class space    used 3994K, capacity 4170K, committed 4192K, reserved 1048576K
}
2016-10-23T20:02:15.678+0800: 72.370: Total time for which application threads were stopped: 0.0091579 seconds, Stopping threads took: 0.0000196 seconds
{Heap before GC invocations=170 (full 6):
 par new generation   total 109248K, used 109248K [0x00000007a0000000, 0x00000007a8000000, 0x00000007a8000000)
  eden space 87424K, 100% used [0x00000007a0000000, 0x00000007a5560000, 0x00000007a5560000)
  from space 21824K, 100% used [0x00000007a5560000, 0x00000007a6ab0000, 0x00000007a6ab0000)
  to   space 21824K,   0% used [0x00000007a6ab0000, 0x00000007a6ab0000, 0x00000007a8000000)
 concurrent mark-sweep generation total 393216K, used 67373K [0x00000007a8000000, 0x00000007c0000000, 0x00000007c0000000)
 Metaspace       used 34421K, capacity 34922K, committed 35140K, reserved 1081344K
  class space    used 3994K, capacity 4170K, committed 4192K, reserved 1048576K
2016-10-23T20:02:15.905+0800: 72.597: [GC (Allocation Failure) 2016-10-23T20:02:15.905+0800: 72.597: [ParNew
Desired survivor size 20112992 bytes, new threshold 8 (max 8)
- age   1:    7454992 bytes,    7454992 total
- age   2:    3609120 bytes,   11064112 total
- age   3:    2843688 bytes,   13907800 total
- age   4:    1558752 bytes,   15466552 total
- age   5:    2598776 bytes,   18065328 total
- age   6:     946176 bytes,   19011504 total
- age   7:     803176 bytes,   19814680 total
- age   8:     845528 bytes,   20660208 total
: 109248K->21824K(109248K), 0.0101389 secs] 176621K->94951K(502464K), 0.0102259 secs] [Times: user=0.04 sys=0.00, real=0.01 secs] 
Heap after GC invocations=171 (full 6):
 par new generation   total 109248K, used 21824K [0x00000007a0000000, 0x00000007a8000000, 0x00000007a8000000)
  eden space 87424K,   0% used [0x00000007a0000000, 0x00000007a0000000, 0x00000007a5560000)
  from space 21824K, 100% used [0x00000007a6ab0000, 0x00000007a8000000, 0x00000007a8000000)
  to   space 21824K,   0% used [0x00000007a5560000, 0x00000007a5560000, 0x00000007a6ab0000)
 concurrent mark-sweep generation total 393216K, used 73127K [0x00000007a8000000, 0x00000007c0000000, 0x00000007c0000000)
 Metaspace       used 34421K, capacity 34922K, committed 35140K, reserved 1081344K
  class space    used 3994K, capacity 4170K, committed 4192K, reserved 1048576K
}
2016-10-23T20:02:15.915+0800: 72.608: Total time for which application threads were stopped: 0.0103887 seconds, Stopping threads took: 0.0000294 seconds
{Heap before GC invocations=171 (full 6):
 par new generation   total 109248K, used 109248K [0x00000007a0000000, 0x00000007a8000000, 0x00000007a8000000)
  eden space 87424K, 100% used [0x00000007a0000000, 0x00000007a5560000, 0x00000007a5560000)
  from space 21824K, 100% used [0x00000007a6ab0000, 0x00000007a8000000, 0x00000007a8000000)
  to   space 21824K,   0% used [0x00000007a5560000, 0x00000007a5560000, 0x00000007a6ab0000)
 concurrent mark-sweep generation total 393216K, used 73127K [0x00000007a8000000, 0x00000007c0000000, 0x00000007c0000000)
 Metaspace       used 34421K, capacity 34922K, committed 35140K, reserved 1081344K
  class space    used 3994K, capacity 4170K, committed 4192K, reserved 1048576K
2016-10-23T20:02:16.159+0800: 72.851: [GC (Allocation Failure) 2016-10-23T20:02:16.159+0800: 72.852: [ParNew
Desired survivor size 20112992 bytes, new threshold 8 (max 8)
- age   1:    4831072 bytes,    4831072 total
- age   2:    2742208 bytes,    7573280 total
- age   3:    3420384 bytes,   10993664 total
- age   4:    2646928 bytes,   13640592 total
- age   5:    1427768 bytes,   15068360 total
- age   6:    2422336 bytes,   17490696 total
- age   7:     771992 bytes,   18262688 total
- age   8:     787392 bytes,   19050080 total
: 109248K->21824K(109248K), 0.0104338 secs] 182375K->104856K(502464K), 0.0105101 secs] [Times: user=0.04 sys=0.00, real=0.02 secs] 
Heap after GC invocations=172 (full 6):
 par new generation   total 109248K, used 21824K [0x00000007a0000000, 0x00000007a8000000, 0x00000007a8000000)
  eden space 87424K,   0% used [0x00000007a0000000, 0x00000007a0000000, 0x00000007a5560000)
  from space 21824K, 100% used [0x00000007a5560000, 0x00000007a6ab0000, 0x00000007a6ab0000)
  to   space 21824K,   0% used [0x00000007a6ab0000, 0x00000007a6ab0000, 0x00000007a8000000)
 concurrent mark-sweep generation total 393216K, used 83032K [0x00000007a8000000, 0x00000007c0000000, 0x00000007c0000000)
 Metaspace       used 34421K, capacity 34922K, committed 35140K, reserved 1081344K
  class space    used 3994K, capacity 4170K, committed 4192K, reserved 1048576K
}
2016-10-23T20:02:16.170+0800: 72.862: Total time for which application threads were stopped: 0.0106680 seconds, Stopping threads took: 0.0000211 seconds
{Heap before GC invocations=172 (full 6):
 par new generation   total 109248K, used 109248K [0x00000007a0000000, 0x00000007a8000000, 0x00000007a8000000)
  eden space 87424K, 100% used [0x00000007a0000000, 0x00000007a5560000, 0x00000007a5560000)
  from space 21824K, 100% used [0x00000007a5560000, 0x00000007a6ab0000, 0x00000007a6ab0000)
  to   space 21824K,   0% used [0x00000007a6ab0000, 0x00000007a6ab0000, 0x00000007a8000000)
 concurrent mark-sweep generation total 393216K, used 83032K [0x00000007a8000000, 0x00000007c0000000, 0x00000007c0000000)
 Metaspace       used 34421K, capacity 34922K, committed 35140K, reserved 1081344K
  class space    used 3994K, capacity 4170K, committed 4192K, reserved 1048576K
2016-10-23T20:02:16.417+0800: 73.110: [GC (Allocation Failure) 2016-10-23T20:02:16.417+0800: 73.110: [ParNew
Desired survivor size 20112992 bytes, new threshold 8 (max 8)
- age   1:    6306696 bytes,    6306696 total
- age   2:    2672096 bytes,    8978792 total
- age   3:    2213496 bytes,   11192288 total
- age   4:    2239736 bytes,   13432024 total
- age   5:    2436944 bytes,   15868968 total
- age   6:    1296296 bytes,   17165264 total
- age   7:    1721528 bytes,   18886792 total
- age   8:     568768 bytes,   19455560 total
: 109248K->21824K(109248K), 0.0106314 secs] 192280K->113205K(502464K), 0.0107004 secs] [Times: user=0.04 sys=0.00, real=0.01 secs] 
Heap after GC invocations=173 (full 6):
 par new generation   total 109248K, used 21824K [0x00000007a0000000, 0x00000007a8000000, 0x00000007a8000000)
  eden space 87424K,   0% used [0x00000007a0000000, 0x00000007a0000000, 0x00000007a5560000)
  from space 21824K, 100% used [0x00000007a6ab0000, 0x00000007a8000000, 0x00000007a8000000)
  to   space 21824K,   0% used [0x00000007a5560000, 0x00000007a5560000, 0x00000007a6ab0000)
 concurrent mark-sweep generation total 393216K, used 91381K [0x00000007a8000000, 0x00000007c0000000, 0x00000007c0000000)
 Metaspace       used 34421K, capacity 34922K, committed 35140K, reserved 1081344K
  class space    used 3994K, capacity 4170K, committed 4192K, reserved 1048576K
}
2016-10-23T20:02:16.428+0800: 73.120: Total time for which application threads were stopped: 0.0108481 seconds, Stopping threads took: 0.0000208 seconds
{Heap before GC invocations=173 (full 6):
 par new generation   total 109248K, used 109248K [0x00000007a0000000, 0x00000007a8000000, 0x00000007a8000000)
  eden space 87424K, 100% used [0x00000007a0000000, 0x00000007a5560000, 0x00000007a5560000)
  from space 21824K, 100% used [0x00000007a6ab0000, 0x00000007a8000000, 0x00000007a8000000)
  to   space 21824K,   0% used [0x00000007a5560000, 0x00000007a5560000, 0x00000007a6ab0000)
 concurrent mark-sweep generation total 393216K, used 91381K [0x00000007a8000000, 0x00000007c0000000, 0x00000007c0000000)
 Metaspace       used 34421K, capacity 34922K, committed 35140K, reserved 1081344K
  class space    used 3994K, capacity 4170K, committed 4192K, reserved 1048576K
2016-10-23T20:02:16.688+0800: 73.380: [GC (Allocation Failure) 2016-10-23T20:02:16.688+0800: 73.380: [ParNew
Desired survivor size 20112992 bytes, new threshold 8 (max 8)
- age   1:    3035216 bytes,    3035216 total
- age   2:    6040288 bytes,    9075504 total
- age   3:    1974048 bytes,   11049552 total
- age   4:    1001488 bytes,   12051040 total
- age   5:    1545960 bytes,   13597000 total
- age   6:    2396376 bytes,   15993376 total
- age   7:    1275728 bytes,   17269104 total
- age   8:    1691704 bytes,   18960808 total
: 109248K->21824K(109248K), 0.0118438 secs] 200629K->124288K(502464K), 0.0119144 secs] [Times: user=0.05 sys=0.00, real=0.02 secs] 
Heap after GC invocations=174 (full 6):
 par new generation   total 109248K, used 21824K [0x00000007a0000000, 0x00000007a8000000, 0x00000007a8000000)
  eden space 87424K,   0% used [0x00000007a0000000, 0x00000007a0000000, 0x00000007a5560000)
  from space 21824K, 100% used [0x00000007a5560000, 0x00000007a6ab0000, 0x00000007a6ab0000)
  to   space 21824K,   0% used [0x00000007a6ab0000, 0x00000007a6ab0000, 0x00000007a8000000)
 concurrent mark-sweep generation total 393216K, used 102464K [0x00000007a8000000, 0x00000007c0000000, 0x00000007c0000000)
 Metaspace       used 34421K, capacity 34922K, committed 35140K, reserved 1081344K
  class space    used 3994K, capacity 4170K, committed 4192K, reserved 1048576K
}
2016-10-23T20:02:16.700+0800: 73.392: Total time for which application threads were stopped: 0.0120871 seconds, Stopping threads took: 0.0000225 seconds
{Heap before GC invocations=174 (full 6):
 par new generation   total 109248K, used 109133K [0x00000007a0000000, 0x00000007a8000000, 0x00000007a8000000)
  eden space 87424K,  99% used [0x00000007a0000000, 0x00000007a5543430, 0x00000007a5560000)
  from space 21824K, 100% used [0x00000007a5560000, 0x00000007a6ab0000, 0x00000007a6ab0000)
  to   space 21824K,   0% used [0x00000007a6ab0000, 0x00000007a6ab0000, 0x00000007a8000000)
 concurrent mark-sweep generation total 393216K, used 102464K [0x00000007a8000000, 0x00000007c0000000, 0x00000007c0000000)
 Metaspace       used 34421K, capacity 34922K, committed 35140K, reserved 1081344K
  class space    used 3994K, capacity 4170K, committed 4192K, reserved 1048576K
2016-10-23T20:02:17.003+0800: 73.695: [GC (Allocation Failure) 2016-10-23T20:02:17.003+0800: 73.695: [ParNew
Desired survivor size 20112992 bytes, new threshold 8 (max 8)
- age   1:    7520400 bytes,    7520400 total
- age   2:    2649160 bytes,   10169560 total
- age   3:    3641912 bytes,   13811472 total
- age   4:    1915288 bytes,   15726760 total
- age   5:     935440 bytes,   16662200 total
- age   6:    1125128 bytes,   17787328 total
- age   7:    1315320 bytes,   19102648 total
- age   8:    1183632 bytes,   20286280 total
: 109133K->21824K(109248K), 0.0127167 secs] 211597K->131874K(502464K), 0.0127944 secs] [Times: user=0.05 sys=0.00, real=0.01 secs] 
Heap after GC invocations=175 (full 6):
 par new generation   total 109248K, used 21824K [0x00000007a0000000, 0x00000007a8000000, 0x00000007a8000000)
  eden space 87424K,   0% used [0x00000007a0000000, 0x00000007a0000000, 0x00000007a5560000)
  from space 21824K, 100% used [0x00000007a6ab0000, 0x00000007a8000000, 0x00000007a8000000)
  to   space 21824K,   0% used [0x00000007a5560000, 0x00000007a5560000, 0x00000007a6ab0000)
 concurrent mark-sweep generation total 393216K, used 110050K [0x00000007a8000000, 0x00000007c0000000, 0x00000007c0000000)
 Metaspace       used 34421K, capacity 34922K, committed 35140K, reserved 1081344K
  class space    used 3994K, capacity 4170K, committed 4192K, reserved 1048576K
}
2016-10-23T20:02:17.016+0800: 73.708: Total time for which application threads were stopped: 0.0129501 seconds, Stopping threads took: 0.0000195 seconds
{Heap before GC invocations=175 (full 6):
 par new generation   total 109248K, used 109248K [0x00000007a0000000, 0x00000007a8000000, 0x00000007a8000000)
  eden space 87424K, 100% used [0x00000007a0000000, 0x00000007a5560000, 0x00000007a5560000)
  from space 21824K, 100% used [0x00000007a6ab0000, 0x00000007a8000000, 0x00000007a8000000)
  to   space 21824K,   0% used [0x00000007a5560000, 0x00000007a5560000, 0x00000007a6ab0000)
 concurrent mark-sweep generation total 393216K, used 110050K [0x00000007a8000000, 0x00000007c0000000, 0x00000007c0000000)
 Metaspace       used 34421K, capacity 34922K, committed 35140K, reserved 1081344K
  class space    used 3994K, capacity 4170K, committed 4192K, reserved 1048576K
2016-10-23T20:02:17.291+0800: 73.983: [GC (Allocation Failure) 2016-10-23T20:02:17.291+0800: 73.983: [ParNew
Desired survivor size 20112992 bytes, new threshold 7 (max 8)
- age   1:    4242664 bytes,    4242664 total
- age   2:    6776584 bytes,   11019248 total
- age   3:    2429072 bytes,   13448320 total
- age   4:    3375384 bytes,   16823704 total
- age   5:    1861072 bytes,   18684776 total
- age   6:     747928 bytes,   19432704 total
- age   7:    1069488 bytes,   20502192 total
- age   8:    1217208 bytes,   21719400 total
: 109248K->21824K(109248K), 0.0114942 secs] 219298K->137908K(502464K), 0.0115579 secs] [Times: user=0.04 sys=0.01, real=0.01 secs] 
Heap after GC invocations=176 (full 6):
 par new generation   total 109248K, used 21824K [0x00000007a0000000, 0x00000007a8000000, 0x00000007a8000000)
  eden space 87424K,   0% used [0x00000007a0000000, 0x00000007a0000000, 0x00000007a5560000)
  from space 21824K, 100% used [0x00000007a5560000, 0x00000007a6ab0000, 0x00000007a6ab0000)
  to   space 21824K,   0% used [0x00000007a6ab0000, 0x00000007a6ab0000, 0x00000007a8000000)
 concurrent mark-sweep generation total 393216K, used 116084K [0x00000007a8000000, 0x00000007c0000000, 0x00000007c0000000)
 Metaspace       used 34421K, capacity 34922K, committed 35140K, reserved 1081344K
  class space    used 3994K, capacity 4170K, committed 4192K, reserved 1048576K
}
2016-10-23T20:02:17.302+0800: 73.995: Total time for which application threads were stopped: 0.0117098 seconds, Stopping threads took: 0.0000194 seconds
{Heap before GC invocations=176 (full 6):
 par new generation   total 109248K, used 109248K [0x00000007a0000000, 0x00000007a8000000, 0x00000007a8000000)
  eden space 87424K, 100% used [0x00000007a0000000, 0x00000007a5560000, 0x00000007a5560000)
  from space 21824K, 100% used [0x00000007a5560000, 0x00000007a6ab0000, 0x00000007a6ab0000)
  to   space 21824K,   0% used [0x00000007a6ab0000, 0x00000007a6ab0000, 0x00000007a8000000)
 concurrent mark-sweep generation total 393216K, used 116084K [0x00000007a8000000, 0x00000007c0000000, 0x00000007c0000000)
 Metaspace       used 34421K, capacity 34922K, committed 35140K, reserved 1081344K
  class space    used 3994K, capacity 4170K, committed 4192K, reserved 1048576K
2016-10-23T20:02:17.585+0800: 74.278: [GC (Allocation Failure) 2016-10-23T20:02:17.585+0800: 74.278: [ParNew
Desired survivor size 20112992 bytes, new threshold 8 (max 8)
- age   1:    4309296 bytes,    4309296 total
- age   2:    2948592 bytes,    7257888 total
- age   3:    5617528 bytes,   12875416 total
- age   4:    2338312 bytes,   15213728 total
- age   5:    2743904 bytes,   17957632 total
- age   6:     858976 bytes,   18816608 total
- age   7:     516808 bytes,   19333416 total
: 109248K->21824K(109248K), 0.0125188 secs] 225332K->150843K(502464K), 0.0125700 secs] [Times: user=0.05 sys=0.00, real=0.01 secs] 
Heap after GC invocations=177 (full 6):
 par new generation   total 109248K, used 21824K [0x00000007a0000000, 0x00000007a8000000, 0x00000007a8000000)
  eden space 87424K,   0% used [0x00000007a0000000, 0x00000007a0000000, 0x00000007a5560000)
  from space 21824K, 100% used [0x00000007a6ab0000, 0x00000007a8000000, 0x00000007a8000000)
  to   space 21824K,   0% used [0x00000007a5560000, 0x00000007a5560000, 0x00000007a6ab0000)
 concurrent mark-sweep generation total 393216K, used 129019K [0x00000007a8000000, 0x00000007c0000000, 0x00000007c0000000)
 Metaspace       used 34421K, capacity 34922K, committed 35140K, reserved 1081344K
  class space    used 3994K, capacity 4170K, committed 4192K, reserved 1048576K
}
2016-10-23T20:02:17.598+0800: 74.290: Total time for which application threads were stopped: 0.0127269 seconds, Stopping threads took: 0.0000169 seconds
{Heap before GC invocations=177 (full 6):
 par new generation   total 109248K, used 109248K [0x00000007a0000000, 0x00000007a8000000, 0x00000007a8000000)
  eden space 87424K, 100% used [0x00000007a0000000, 0x00000007a5560000, 0x00000007a5560000)
  from space 21824K, 100% used [0x00000007a6ab0000, 0x00000007a8000000, 0x00000007a8000000)
  to   space 21824K,   0% used [0x00000007a5560000, 0x00000007a5560000, 0x00000007a6ab0000)
 concurrent mark-sweep generation total 393216K, used 129019K [0x00000007a8000000, 0x00000007c0000000, 0x00000007c0000000)
 Metaspace       used 34421K, capacity 34922K, committed 35140K, reserved 1081344K
  class space    used 3994K, capacity 4170K, committed 4192K, reserved 1048576K
2016-10-23T20:02:17.910+0800: 74.602: [GC (Allocation Failure) 2016-10-23T20:02:17.910+0800: 74.602: [ParNew
Desired survivor size 20112992 bytes, new threshold 8 (max 8)
- age   1:    3635064 bytes,    3635064 total
- age   2:    3828120 bytes,    7463184 total
- age   3:    1900792 bytes,    9363976 total
- age   4:    3474992 bytes,   12838968 total
- age   5:    2331432 bytes,   15170400 total
- age   6:    2735560 bytes,   17905960 total
- age   7:     850864 bytes,   18756824 total
- age   8:     508216 bytes,   19265040 total
: 109248K->21824K(109248K), 0.0126564 secs] 238267K->155783K(502464K), 0.0127211 secs] [Times: user=0.05 sys=0.00, real=0.01 secs] 
Heap after GC invocations=178 (full 6):
 par new generation   total 109248K, used 21824K [0x00000007a0000000, 0x00000007a8000000, 0x00000007a8000000)
  eden space 87424K,   0% used [0x00000007a0000000, 0x00000007a0000000, 0x00000007a5560000)
  from space 21824K, 100% used [0x00000007a5560000, 0x00000007a6ab0000, 0x00000007a6ab0000)
  to   space 21824K,   0% used [0x00000007a6ab0000, 0x00000007a6ab0000, 0x00000007a8000000)
 concurrent mark-sweep generation total 393216K, used 133959K [0x00000007a8000000, 0x00000007c0000000, 0x00000007c0000000)
 Metaspace       used 34421K, capacity 34922K, committed 35140K, reserved 1081344K
  class space    used 3994K, capacity 4170K, committed 4192K, reserved 1048576K
}
2016-10-23T20:02:17.922+0800: 74.615: Total time for which application threads were stopped: 0.0128809 seconds, Stopping threads took: 0.0000182 seconds
{Heap before GC invocations=178 (full 6):
 par new generation   total 109248K, used 109248K [0x00000007a0000000, 0x00000007a8000000, 0x00000007a8000000)
  eden space 87424K, 100% used [0x00000007a0000000, 0x00000007a5560000, 0x00000007a5560000)
  from space 21824K, 100% used [0x00000007a5560000, 0x00000007a6ab0000, 0x00000007a6ab0000)
  to   space 21824K,   0% used [0x00000007a6ab0000, 0x00000007a6ab0000, 0x00000007a8000000)
 concurrent mark-sweep generation total 393216K, used 133959K [0x00000007a8000000, 0x00000007c0000000, 0x00000007c0000000)
 Metaspace       used 34421K, capacity 34922K, committed 35140K, reserved 1081344K
  class space    used 3994K, capacity 4170K, committed 4192K, reserved 1048576K
2016-10-23T20:02:18.206+0800: 74.898: [GC (Allocation Failure) 2016-10-23T20:02:18.206+0800: 74.898: [ParNew
Desired survivor size 20112992 bytes, new threshold 8 (max 8)
- age   1:    4061232 bytes,    4061232 total
- age   2:    2427184 bytes,    6488416 total
- age   3:    1665608 bytes,    8154024 total
- age   4:    1890488 bytes,   10044512 total
- age   5:    3468040 bytes,   13512552 total
- age   6:    2325888 bytes,   15838440 total
- age   7:    2731096 bytes,   18569536 total
- age   8:     845008 bytes,   19414544 total
: 109248K->21824K(109248K), 0.0117370 secs] 243207K->168252K(502464K), 0.0117844 secs] [Times: user=0.05 sys=0.00, real=0.01 secs] 
Heap after GC invocations=179 (full 6):
 par new generation   total 109248K, used 21824K [0x00000007a0000000, 0x00000007a8000000, 0x00000007a8000000)
  eden space 87424K,   0% used [0x00000007a0000000, 0x00000007a0000000, 0x00000007a5560000)
  from space 21824K, 100% used [0x00000007a6ab0000, 0x00000007a8000000, 0x00000007a8000000)
  to   space 21824K,   0% used [0x00000007a5560000, 0x00000007a5560000, 0x00000007a6ab0000)
 concurrent mark-sweep generation total 393216K, used 146428K [0x00000007a8000000, 0x00000007c0000000, 0x00000007c0000000)
 Metaspace       used 34421K, capacity 34922K, committed 35140K, reserved 1081344K
  class space    used 3994K, capacity 4170K, committed 4192K, reserved 1048576K
}
2016-10-23T20:02:18.218+0800: 74.910: Total time for which application threads were stopped: 0.0119292 seconds, Stopping threads took: 0.0000169 seconds
{Heap before GC invocations=179 (full 6):
 par new generation   total 109248K, used 109248K [0x00000007a0000000, 0x00000007a8000000, 0x00000007a8000000)
  eden space 87424K, 100% used [0x00000007a0000000, 0x00000007a5560000, 0x00000007a5560000)
  from space 21824K, 100% used [0x00000007a6ab0000, 0x00000007a8000000, 0x00000007a8000000)
  to   space 21824K,   0% used [0x00000007a5560000, 0x00000007a5560000, 0x00000007a6ab0000)
 concurrent mark-sweep generation total 393216K, used 146428K [0x00000007a8000000, 0x00000007c0000000, 0x00000007c0000000)
 Metaspace       used 34421K, capacity 34922K, committed 35140K, reserved 1081344K
  class space    used 3994K, capacity 4170K, committed 4192K, reserved 1048576K
2016-10-23T20:02:18.518+0800: 75.211: [GC (Allocation Failure) 2016-10-23T20:02:18.518+0800: 75.211: [ParNew
Desired survivor size 20112992 bytes, new threshold 8 (max 8)
- age   1:    4483896 bytes,    4483896 total
- age   2:    2555488 bytes,    7039384 total
- age   3:    1057248 bytes,    8096632 total
- age   4:    1660320 bytes,    9756952 total
- age   5:    1846840 bytes,   11603792 total
- age   6:    2859376 bytes,   14463168 total
- age   7:    2323344 bytes,   16786512 total
- age   8:    2728720 bytes,   19515232 total
: 109248K->21824K(109248K), 0.0097787 secs] 255676K->173345K(502464K), 0.0098334 secs] [Times: user=0.04 sys=0.00, real=0.01 secs] 
Heap after GC invocations=180 (full 6):
 par new generation   total 109248K, used 21824K [0x00000007a0000000, 0x00000007a8000000, 0x00000007a8000000)
  eden space 87424K,   0% used [0x00000007a0000000, 0x00000007a0000000, 0x00000007a5560000)
  from space 21824K, 100% used [0x00000007a5560000, 0x00000007a6ab0000, 0x00000007a6ab0000)
  to   space 21824K,   0% used [0x00000007a6ab0000, 0x00000007a6ab0000, 0x00000007a8000000)
 concurrent mark-sweep generation total 393216K, used 151521K [0x00000007a8000000, 0x00000007c0000000, 0x00000007c0000000)
 Metaspace       used 34421K, capacity 34922K, committed 35140K, reserved 1081344K
  class space    used 3994K, capacity 4170K, committed 4192K, reserved 1048576K
}
2016-10-23T20:02:18.528+0800: 75.221: Total time for which application threads were stopped: 0.0099879 seconds, Stopping threads took: 0.0000185 seconds
2016-10-23T20:02:18.599+0800: 75.291: Total time for which application threads were stopped: 0.0002540 seconds, Stopping threads took: 0.0000995 seconds
{Heap before GC invocations=180 (full 6):
 par new generation   total 109248K, used 109248K [0x00000007a0000000, 0x00000007a8000000, 0x00000007a8000000)
  eden space 87424K, 100% used [0x00000007a0000000, 0x00000007a5560000, 0x00000007a5560000)
  from space 21824K, 100% used [0x00000007a5560000, 0x00000007a6ab0000, 0x00000007a6ab0000)
  to   space 21824K,   0% used [0x00000007a6ab0000, 0x00000007a6ab0000, 0x00000007a8000000)
 concurrent mark-sweep generation total 393216K, used 151521K [0x00000007a8000000, 0x00000007c0000000, 0x00000007c0000000)
 Metaspace       used 34424K, capacity 34922K, committed 35140K, reserved 1081344K
  class space    used 3994K, capacity 4170K, committed 4192K, reserved 1048576K
2016-10-23T20:02:18.718+0800: 75.411: [GC (Allocation Failure) 2016-10-23T20:02:18.718+0800: 75.411: [ParNew
Desired survivor size 20112992 bytes, new threshold 8 (max 8)
- age   1:    1596760 bytes,    1596760 total
- age   2:    4067440 bytes,    5664200 total
- age   3:    2469688 bytes,    8133888 total
- age   4:     989936 bytes,    9123824 total
- age   5:    1591736 bytes,   10715560 total
- age   6:    1787800 bytes,   12503360 total
- age   7:    2804272 bytes,   15307632 total
- age   8:    2254912 bytes,   17562544 total
: 109248K->21824K(109248K), 0.0088833 secs] 260769K->179475K(502464K), 0.0089356 secs] [Times: user=0.03 sys=0.00, real=0.01 secs] 
Heap after GC invocations=181 (full 6):
 par new generation   total 109248K, used 21824K [0x00000007a0000000, 0x00000007a8000000, 0x00000007a8000000)
  eden space 87424K,   0% used [0x00000007a0000000, 0x00000007a0000000, 0x00000007a5560000)
  from space 21824K, 100% used [0x00000007a6ab0000, 0x00000007a8000000, 0x00000007a8000000)
  to   space 21824K,   0% used [0x00000007a5560000, 0x00000007a5560000, 0x00000007a6ab0000)
 concurrent mark-sweep generation total 393216K, used 157651K [0x00000007a8000000, 0x00000007c0000000, 0x00000007c0000000)
 Metaspace       used 34424K, capacity 34922K, committed 35140K, reserved 1081344K
  class space    used 3994K, capacity 4170K, committed 4192K, reserved 1048576K
}
2016-10-23T20:02:18.727+0800: 75.420: Total time for which application threads were stopped: 0.0091461 seconds, Stopping threads took: 0.0000635 seconds
2016-10-23T20:02:18.782+0800: 75.474: Total time for which application threads were stopped: 0.0002133 seconds, Stopping threads took: 0.0000617 seconds
2016-10-23T20:02:18.782+0800: 75.475: Total time for which application threads were stopped: 0.0001438 seconds, Stopping threads took: 0.0000552 seconds
{Heap before GC invocations=181 (full 6):
 par new generation   total 109248K, used 109248K [0x00000007a0000000, 0x00000007a8000000, 0x00000007a8000000)
  eden space 87424K, 100% used [0x00000007a0000000, 0x00000007a5560000, 0x00000007a5560000)
  from space 21824K, 100% used [0x00000007a6ab0000, 0x00000007a8000000, 0x00000007a8000000)
  to   space 21824K,   0% used [0x00000007a5560000, 0x00000007a5560000, 0x00000007a6ab0000)
 concurrent mark-sweep generation total 393216K, used 157651K [0x00000007a8000000, 0x00000007c0000000, 0x00000007c0000000)
 Metaspace       used 34425K, capacity 34922K, committed 35140K, reserved 1081344K
  class space    used 3994K, capacity 4170K, committed 4192K, reserved 1048576K
2016-10-23T20:02:18.981+0800: 75.673: [GC (Allocation Failure) 2016-10-23T20:02:18.981+0800: 75.673: [ParNew
Desired survivor size 20112992 bytes, new threshold 8 (max 8)
- age   1:    4741000 bytes,    4741000 total
- age   2:    1353648 bytes,    6094648 total
- age   3:    4023656 bytes,   10118304 total
- age   4:    2430216 bytes,   12548520 total
- age   5:     955896 bytes,   13504416 total
- age   6:    1580632 bytes,   15085048 total
- age   7:    1781112 bytes,   16866160 total
- age   8:    2798208 bytes,   19664368 total
: 109248K->21824K(109248K), 0.0101636 secs] 266899K->182065K(502464K), 0.0102264 secs] [Times: user=0.04 sys=0.00, real=0.01 secs] 
Heap after GC invocations=182 (full 6):
 par new generation   total 109248K, used 21824K [0x00000007a0000000, 0x00000007a8000000, 0x00000007a8000000)
  eden space 87424K,   0% used [0x00000007a0000000, 0x00000007a0000000, 0x00000007a5560000)
  from space 21824K, 100% used [0x00000007a5560000, 0x00000007a6ab0000, 0x00000007a6ab0000)
  to   space 21824K,   0% used [0x00000007a6ab0000, 0x00000007a6ab0000, 0x00000007a8000000)
 concurrent mark-sweep generation total 393216K, used 160241K [0x00000007a8000000, 0x00000007c0000000, 0x00000007c0000000)
 Metaspace       used 34425K, capacity 34922K, committed 35140K, reserved 1081344K
  class space    used 3994K, capacity 4170K, committed 4192K, reserved 1048576K
}
2016-10-23T20:02:18.991+0800: 75.683: Total time for which application threads were stopped: 0.0104700 seconds, Stopping threads took: 0.0000629 seconds
{Heap before GC invocations=182 (full 6):
 par new generation   total 109248K, used 109248K [0x00000007a0000000, 0x00000007a8000000, 0x00000007a8000000)
  eden space 87424K, 100% used [0x00000007a0000000, 0x00000007a5560000, 0x00000007a5560000)
  from space 21824K, 100% used [0x00000007a5560000, 0x00000007a6ab0000, 0x00000007a6ab0000)
  to   space 21824K,   0% used [0x00000007a6ab0000, 0x00000007a6ab0000, 0x00000007a8000000)
 concurrent mark-sweep generation total 393216K, used 160241K [0x00000007a8000000, 0x00000007c0000000, 0x00000007c0000000)
 Metaspace       used 34425K, capacity 34922K, committed 35140K, reserved 1081344K
  class space    used 3994K, capacity 4170K, committed 4192K, reserved 1048576K
2016-10-23T20:02:19.255+0800: 75.948: [GC (Allocation Failure) 2016-10-23T20:02:19.255+0800: 75.948: [ParNew
Desired survivor size 20112992 bytes, new threshold 8 (max 8)
- age   1:    3753152 bytes,    3753152 total
- age   2:    2801688 bytes,    6554840 total
- age   3:    1253088 bytes,    7807928 total
- age   4:    4008648 bytes,   11816576 total
- age   5:    2640152 bytes,   14456728 total
- age   6:     937704 bytes,   15394432 total
- age   7:    1570312 bytes,   16964744 total
- age   8:    1773496 bytes,   18738240 total
: 109248K->21824K(109248K), 0.0091114 secs] 269489K->186976K(502464K), 0.0091586 secs] [Times: user=0.03 sys=0.00, real=0.01 secs] 
Heap after GC invocations=183 (full 6):
 par new generation   total 109248K, used 21824K [0x00000007a0000000, 0x00000007a8000000, 0x00000007a8000000)
  eden space 87424K,   0% used [0x00000007a0000000, 0x00000007a0000000, 0x00000007a5560000)
  from space 21824K, 100% used [0x00000007a6ab0000, 0x00000007a8000000, 0x00000007a8000000)
  to   space 21824K,   0% used [0x00000007a5560000, 0x00000007a5560000, 0x00000007a6ab0000)
 concurrent mark-sweep generation total 393216K, used 165152K [0x00000007a8000000, 0x00000007c0000000, 0x00000007c0000000)
 Metaspace       used 34425K, capacity 34922K, committed 35140K, reserved 1081344K
  class space    used 3994K, capacity 4170K, committed 4192K, reserved 1048576K
}
2016-10-23T20:02:19.264+0800: 75.957: Total time for which application threads were stopped: 0.0093555 seconds, Stopping threads took: 0.0000653 seconds
{Heap before GC invocations=183 (full 6):
 par new generation   total 109248K, used 109248K [0x00000007a0000000, 0x00000007a8000000, 0x00000007a8000000)
  eden space 87424K, 100% used [0x00000007a0000000, 0x00000007a5560000, 0x00000007a5560000)
  from space 21824K, 100% used [0x00000007a6ab0000, 0x00000007a8000000, 0x00000007a8000000)
  to   space 21824K,   0% used [0x00000007a5560000, 0x00000007a5560000, 0x00000007a6ab0000)
 concurrent mark-sweep generation total 393216K, used 165152K [0x00000007a8000000, 0x00000007c0000000, 0x00000007c0000000)
 Metaspace       used 34425K, capacity 34922K, committed 35140K, reserved 1081344K
  class space    used 3994K, capacity 4170K, committed 4192K, reserved 1048576K
2016-10-23T20:02:19.397+0800: 76.090: [GC (Allocation Failure) 2016-10-23T20:02:19.397+0800: 76.090: [ParNew
Desired survivor size 20112992 bytes, new threshold 8 (max 8)
- age   1:    5760224 bytes,    5760224 total
- age   2:    1562296 bytes,    7322520 total
- age   3:    2013328 bytes,    9335848 total
- age   4:    1250320 bytes,   10586168 total
- age   5:    3369112 bytes,   13955280 total
- age   6:    2344848 bytes,   16300128 total
- age   7:     712224 bytes,   17012352 total
- age   8:    1548672 bytes,   18561024 total
: 109248K->21824K(109248K), 0.0105180 secs] 274400K->189661K(502464K), 0.0105688 secs] [Times: user=0.04 sys=0.00, real=0.01 secs] 
Heap after GC invocations=184 (full 6):
 par new generation   total 109248K, used 21824K [0x00000007a0000000, 0x00000007a8000000, 0x00000007a8000000)
  eden space 87424K,   0% used [0x00000007a0000000, 0x00000007a0000000, 0x00000007a5560000)
  from space 21824K, 100% used [0x00000007a5560000, 0x00000007a6ab0000, 0x00000007a6ab0000)
  to   space 21824K,   0% used [0x00000007a6ab0000, 0x00000007a6ab0000, 0x00000007a8000000)
 concurrent mark-sweep generation total 393216K, used 167837K [0x00000007a8000000, 0x00000007c0000000, 0x00000007c0000000)
 Metaspace       used 34425K, capacity 34922K, committed 35140K, reserved 1081344K
  class space    used 3994K, capacity 4170K, committed 4192K, reserved 1048576K
}
2016-10-23T20:02:19.408+0800: 76.100: Total time for which application threads were stopped: 0.0107507 seconds, Stopping threads took: 0.0000458 seconds
{Heap before GC invocations=184 (full 6):
 par new generation   total 109248K, used 109248K [0x00000007a0000000, 0x00000007a8000000, 0x00000007a8000000)
  eden space 87424K, 100% used [0x00000007a0000000, 0x00000007a5560000, 0x00000007a5560000)
  from space 21824K, 100% used [0x00000007a5560000, 0x00000007a6ab0000, 0x00000007a6ab0000)
  to   space 21824K,   0% used [0x00000007a6ab0000, 0x00000007a6ab0000, 0x00000007a8000000)
 concurrent mark-sweep generation total 393216K, used 167837K [0x00000007a8000000, 0x00000007c0000000, 0x00000007c0000000)
 Metaspace       used 34425K, capacity 34922K, committed 35140K, reserved 1081344K
  class space    used 3994K, capacity 4170K, committed 4192K, reserved 1048576K
2016-10-23T20:02:19.494+0800: 76.186: [GC (Allocation Failure) 2016-10-23T20:02:19.494+0800: 76.186: [ParNew
Desired survivor size 20112992 bytes, new threshold 8 (max 8)
- age   1:    1718592 bytes,    1718592 total
- age   2:    3499104 bytes,    5217696 total
- age   3:    1205040 bytes,    6422736 total
- age   4:    1749408 bytes,    8172144 total
- age   5:     954200 bytes,    9126344 total
- age   6:    3188584 bytes,   12314928 total
- age   7:    2197664 bytes,   14512592 total
- age   8:     551128 bytes,   15063720 total
: 109248K->21824K(109248K), 0.0072017 secs] 277085K->194179K(502464K), 0.0073041 secs] [Times: user=0.03 sys=0.00, real=0.01 secs] 
Heap after GC invocations=185 (full 6):
 par new generation   total 109248K, used 21824K [0x00000007a0000000, 0x00000007a8000000, 0x00000007a8000000)
  eden space 87424K,   0% used [0x00000007a0000000, 0x00000007a0000000, 0x00000007a5560000)
  from space 21824K, 100% used [0x00000007a6ab0000, 0x00000007a8000000, 0x00000007a8000000)
  to   space 21824K,   0% used [0x00000007a5560000, 0x00000007a5560000, 0x00000007a6ab0000)
 concurrent mark-sweep generation total 393216K, used 172355K [0x00000007a8000000, 0x00000007c0000000, 0x00000007c0000000)
 Metaspace       used 34425K, capacity 34922K, committed 35140K, reserved 1081344K
  class space    used 3994K, capacity 4170K, committed 4192K, reserved 1048576K
}
2016-10-23T20:02:19.501+0800: 76.193: Total time for which application threads were stopped: 0.0075764 seconds, Stopping threads took: 0.0001069 seconds
{Heap before GC invocations=185 (full 6):
 par new generation   total 109248K, used 109248K [0x00000007a0000000, 0x00000007a8000000, 0x00000007a8000000)
  eden space 87424K, 100% used [0x00000007a0000000, 0x00000007a5560000, 0x00000007a5560000)
  from space 21824K, 100% used [0x00000007a6ab0000, 0x00000007a8000000, 0x00000007a8000000)
  to   space 21824K,   0% used [0x00000007a5560000, 0x00000007a5560000, 0x00000007a6ab0000)
 concurrent mark-sweep generation total 393216K, used 172355K [0x00000007a8000000, 0x00000007c0000000, 0x00000007c0000000)
 Metaspace       used 34425K, capacity 34922K, committed 35140K, reserved 1081344K
  class space    used 3994K, capacity 4170K, committed 4192K, reserved 1048576K
2016-10-23T20:02:19.554+0800: 76.247: [GC (Allocation Failure) 2016-10-23T20:02:19.555+0800: 76.247: [ParNew
Desired survivor size 20112992 bytes, new threshold 8 (max 8)
- age   1:    1887784 bytes,    1887784 total
- age   2:    1543992 bytes,    3431776 total
- age   3:    2439736 bytes,    5871512 total
- age   4:    1202776 bytes,    7074288 total
- age   5:    1749408 bytes,    8823696 total
- age   6:     954200 bytes,    9777896 total
- age   7:    3188584 bytes,   12966480 total
- age   8:    2403760 bytes,   15370240 total
: 109248K->20600K(109248K), 0.0075457 secs] 281603K->193496K(502464K), 0.0076108 secs] [Times: user=0.03 sys=0.00, real=0.01 secs] 
Heap after GC invocations=186 (full 6):
 par new generation   total 109248K, used 20600K [0x00000007a0000000, 0x00000007a8000000, 0x00000007a8000000)
  eden space 87424K,   0% used [0x00000007a0000000, 0x00000007a0000000, 0x00000007a5560000)
  from space 21824K,  94% used [0x00000007a5560000, 0x00000007a697e1d0, 0x00000007a6ab0000)
  to   space 21824K,   0% used [0x00000007a6ab0000, 0x00000007a6ab0000, 0x00000007a8000000)
 concurrent mark-sweep generation total 393216K, used 172896K [0x00000007a8000000, 0x00000007c0000000, 0x00000007c0000000)
 Metaspace       used 34425K, capacity 34922K, committed 35140K, reserved 1081344K
  class space    used 3994K, capacity 4170K, committed 4192K, reserved 1048576K
}
2016-10-23T20:02:19.562+0800: 76.255: Total time for which application threads were stopped: 0.0077844 seconds, Stopping threads took: 0.0000298 seconds
{Heap before GC invocations=186 (full 6):
 par new generation   total 109248K, used 108024K [0x00000007a0000000, 0x00000007a8000000, 0x00000007a8000000)
  eden space 87424K, 100% used [0x00000007a0000000, 0x00000007a5560000, 0x00000007a5560000)
  from space 21824K,  94% used [0x00000007a5560000, 0x00000007a697e1d0, 0x00000007a6ab0000)
  to   space 21824K,   0% used [0x00000007a6ab0000, 0x00000007a6ab0000, 0x00000007a8000000)
 concurrent mark-sweep generation total 393216K, used 172896K [0x00000007a8000000, 0x00000007c0000000, 0x00000007c0000000)
 Metaspace       used 34425K, capacity 34922K, committed 35140K, reserved 1081344K
  class space    used 3994K, capacity 4170K, committed 4192K, reserved 1048576K
2016-10-23T20:02:19.637+0800: 76.330: [GC (Allocation Failure) 2016-10-23T20:02:19.637+0800: 76.330: [ParNew
Desired survivor size 20112992 bytes, new threshold 8 (max 8)
- age   1:    4019808 bytes,    4019808 total
- age   2:     640232 bytes,    4660040 total
- age   3:     839744 bytes,    5499784 total
- age   4:    2439736 bytes,    7939520 total
- age   5:    1202312 bytes,    9141832 total
- age   6:    1749408 bytes,   10891240 total
- age   7:     954200 bytes,   11845440 total
- age   8:    3188584 bytes,   15034024 total
: 108024K->17710K(109248K), 0.0067377 secs] 280920K->192761K(502464K), 0.0068034 secs] [Times: user=0.02 sys=0.01, real=0.01 secs] 
Heap after GC invocations=187 (full 6):
 par new generation   total 109248K, used 17710K [0x00000007a0000000, 0x00000007a8000000, 0x00000007a8000000)
  eden space 87424K,   0% used [0x00000007a0000000, 0x00000007a0000000, 0x00000007a5560000)
  from space 21824K,  81% used [0x00000007a6ab0000, 0x00000007a7bfb8b0, 0x00000007a8000000)
  to   space 21824K,   0% used [0x00000007a5560000, 0x00000007a5560000, 0x00000007a6ab0000)
 concurrent mark-sweep generation total 393216K, used 175051K [0x00000007a8000000, 0x00000007c0000000, 0x00000007c0000000)
 Metaspace       used 34425K, capacity 34922K, committed 35140K, reserved 1081344K
  class space    used 3994K, capacity 4170K, committed 4192K, reserved 1048576K
}
2016-10-23T20:02:19.644+0800: 76.337: Total time for which application threads were stopped: 0.0070730 seconds, Stopping threads took: 0.0001116 seconds
{Heap before GC invocations=187 (full 6):
 par new generation   total 109248K, used 105134K [0x00000007a0000000, 0x00000007a8000000, 0x00000007a8000000)
  eden space 87424K, 100% used [0x00000007a0000000, 0x00000007a5560000, 0x00000007a5560000)
  from space 21824K,  81% used [0x00000007a6ab0000, 0x00000007a7bfb8b0, 0x00000007a8000000)
  to   space 21824K,   0% used [0x00000007a5560000, 0x00000007a5560000, 0x00000007a6ab0000)
 concurrent mark-sweep generation total 393216K, used 175051K [0x00000007a8000000, 0x00000007c0000000, 0x00000007c0000000)
 Metaspace       used 34425K, capacity 34922K, committed 35140K, reserved 1081344K
  class space    used 3994K, capacity 4170K, committed 4192K, reserved 1048576K
2016-10-23T20:02:19.708+0800: 76.401: [GC (Allocation Failure) 2016-10-23T20:02:19.708+0800: 76.401: [ParNew
Desired survivor size 20112992 bytes, new threshold 8 (max 8)
- age   1:    2906576 bytes,    2906576 total
- age   2:    2225984 bytes,    5132560 total
- age   3:     549496 bytes,    5682056 total
- age   4:     827856 bytes,    6509912 total
- age   5:    2437848 bytes,    8947760 total
- age   6:    1199704 bytes,   10147464 total
- age   7:    1749408 bytes,   11896872 total
- age   8:     954200 bytes,   12851072 total
: 105134K->16223K(109248K), 0.0069751 secs] 280185K->194409K(502464K), 0.0070190 secs] [Times: user=0.02 sys=0.00, real=0.01 secs] 
Heap after GC invocations=188 (full 6):
 par new generation   total 109248K, used 16223K [0x00000007a0000000, 0x00000007a8000000, 0x00000007a8000000)
  eden space 87424K,   0% used [0x00000007a0000000, 0x00000007a0000000, 0x00000007a5560000)
  from space 21824K,  74% used [0x00000007a5560000, 0x00000007a6537f50, 0x00000007a6ab0000)
  to   space 21824K,   0% used [0x00000007a6ab0000, 0x00000007a6ab0000, 0x00000007a8000000)
 concurrent mark-sweep generation total 393216K, used 178185K [0x00000007a8000000, 0x00000007c0000000, 0x00000007c0000000)
 Metaspace       used 34425K, capacity 34922K, committed 35140K, reserved 1081344K
  class space    used 3994K, capacity 4170K, committed 4192K, reserved 1048576K
}
2016-10-23T20:02:19.716+0800: 76.408: Total time for which application threads were stopped: 0.0072182 seconds, Stopping threads took: 0.0000660 seconds
{Heap before GC invocations=188 (full 6):
 par new generation   total 109248K, used 103647K [0x00000007a0000000, 0x00000007a8000000, 0x00000007a8000000)
  eden space 87424K, 100% used [0x00000007a0000000, 0x00000007a5560000, 0x00000007a5560000)
  from space 21824K,  74% used [0x00000007a5560000, 0x00000007a6537f50, 0x00000007a6ab0000)
  to   space 21824K,   0% used [0x00000007a6ab0000, 0x00000007a6ab0000, 0x00000007a8000000)
 concurrent mark-sweep generation total 393216K, used 178185K [0x00000007a8000000, 0x00000007c0000000, 0x00000007c0000000)
 Metaspace       used 34425K, capacity 34922K, committed 35140K, reserved 1081344K
  class space    used 3994K, capacity 4170K, committed 4192K, reserved 1048576K
2016-10-23T20:02:19.827+0800: 76.519: [GC (Allocation Failure) 2016-10-23T20:02:19.827+0800: 76.519: [ParNew
Desired survivor size 20112992 bytes, new threshold 8 (max 8)
- age   1:    4360936 bytes,    4360936 total
- age   2:    2201712 bytes,    6562648 total
- age   3:     862352 bytes,    7425000 total
- age   4:     549440 bytes,    7974440 total
- age   5:     827856 bytes,    8802296 total
- age   6:    2455392 bytes,   11257688 total
- age   7:    1068000 bytes,   12325688 total
- age   8:    1716624 bytes,   14042312 total
: 103647K->18298K(109248K), 0.0056719 secs] 281833K->197430K(502464K), 0.0057428 secs] [Times: user=0.02 sys=0.00, real=0.01 secs] 
Heap after GC invocations=189 (full 6):
 par new generation   total 109248K, used 18298K [0x00000007a0000000, 0x00000007a8000000, 0x00000007a8000000)
  eden space 87424K,   0% used [0x00000007a0000000, 0x00000007a0000000, 0x00000007a5560000)
  from space 21824K,  83% used [0x00000007a6ab0000, 0x00000007a7c8e938, 0x00000007a8000000)
  to   space 21824K,   0% used [0x00000007a5560000, 0x00000007a5560000, 0x00000007a6ab0000)
 concurrent mark-sweep generation total 393216K, used 179132K [0x00000007a8000000, 0x00000007c0000000, 0x00000007c0000000)
 Metaspace       used 34425K, capacity 34922K, committed 35140K, reserved 1081344K
  class space    used 3994K, capacity 4170K, committed 4192K, reserved 1048576K
}
2016-10-23T20:02:19.832+0800: 76.525: Total time for which application threads were stopped: 0.0059659 seconds, Stopping threads took: 0.0000664 seconds
2016-10-23T20:02:19.854+0800: 76.547: Total time for which application threads were stopped: 0.0001603 seconds, Stopping threads took: 0.0000567 seconds
2016-10-23T20:02:19.856+0800: 76.548: Total time for which application threads were stopped: 0.0001543 seconds, Stopping threads took: 0.0000762 seconds
2016-10-23T20:02:19.856+0800: 76.549: Total time for which application threads were stopped: 0.0002194 seconds, Stopping threads took: 0.0000561 seconds
2016-10-23T20:02:19.919+0800: 76.612: Total time for which application threads were stopped: 0.0001649 seconds, Stopping threads took: 0.0000625 seconds
2016-10-23T20:02:19.962+0800: 76.655: Total time for which application threads were stopped: 0.0002029 seconds, Stopping threads took: 0.0000803 seconds
{Heap before GC invocations=189 (full 6):
 par new generation   total 109248K, used 105722K [0x00000007a0000000, 0x00000007a8000000, 0x00000007a8000000)
  eden space 87424K, 100% used [0x00000007a0000000, 0x00000007a5560000, 0x00000007a5560000)
  from space 21824K,  83% used [0x00000007a6ab0000, 0x00000007a7c8e938, 0x00000007a8000000)
  to   space 21824K,   0% used [0x00000007a5560000, 0x00000007a5560000, 0x00000007a6ab0000)
 concurrent mark-sweep generation total 393216K, used 179132K [0x00000007a8000000, 0x00000007c0000000, 0x00000007c0000000)
 Metaspace       used 34455K, capacity 34986K, committed 35396K, reserved 1081344K
  class space    used 3994K, capacity 4170K, committed 4192K, reserved 1048576K
2016-10-23T20:02:20.041+0800: 76.733: [GC (Allocation Failure) 2016-10-23T20:02:20.041+0800: 76.733: [ParNew
Desired survivor size 20112992 bytes, new threshold 8 (max 8)
- age   1:    6483648 bytes,    6483648 total
- age   2:    4241936 bytes,   10725584 total
- age   3:     654160 bytes,   11379744 total
- age   4:     752312 bytes,   12132056 total
- age   5:     522296 bytes,   12654352 total
- age   6:     786528 bytes,   13440880 total
- age   7:    2314280 bytes,   15755160 total
- age   8:     929552 bytes,   16684712 total
: 105722K->19890K(109248K), 0.0062991 secs] 284854K->200611K(502464K), 0.0063589 secs] [Times: user=0.03 sys=0.01, real=0.00 secs] 
Heap after GC invocations=190 (full 6):
 par new generation   total 109248K, used 19890K [0x00000007a0000000, 0x00000007a8000000, 0x00000007a8000000)
  eden space 87424K,   0% used [0x00000007a0000000, 0x00000007a0000000, 0x00000007a5560000)
  from space 21824K,  91% used [0x00000007a5560000, 0x00000007a68ccb78, 0x00000007a6ab0000)
  to   space 21824K,   0% used [0x00000007a6ab0000, 0x00000007a6ab0000, 0x00000007a8000000)
 concurrent mark-sweep generation total 393216K, used 180721K [0x00000007a8000000, 0x00000007c0000000, 0x00000007c0000000)
 Metaspace       used 34455K, capacity 34986K, committed 35396K, reserved 1081344K
  class space    used 3994K, capacity 4170K, committed 4192K, reserved 1048576K
}
2016-10-23T20:02:20.047+0800: 76.740: Total time for which application threads were stopped: 0.0066128 seconds, Stopping threads took: 0.0000710 seconds
{Heap before GC invocations=190 (full 6):
 par new generation   total 109248K, used 107314K [0x00000007a0000000, 0x00000007a8000000, 0x00000007a8000000)
  eden space 87424K, 100% used [0x00000007a0000000, 0x00000007a5560000, 0x00000007a5560000)
  from space 21824K,  91% used [0x00000007a5560000, 0x00000007a68ccb78, 0x00000007a6ab0000)
  to   space 21824K,   0% used [0x00000007a6ab0000, 0x00000007a6ab0000, 0x00000007a8000000)
 concurrent mark-sweep generation total 393216K, used 180721K [0x00000007a8000000, 0x00000007c0000000, 0x00000007c0000000)
 Metaspace       used 34455K, capacity 34986K, committed 35396K, reserved 1081344K
  class space    used 3994K, capacity 4170K, committed 4192K, reserved 1048576K
2016-10-23T20:02:20.121+0800: 76.813: [GC (Allocation Failure) 2016-10-23T20:02:20.121+0800: 76.813: [ParNew
Desired survivor size 20112992 bytes, new threshold 8 (max 8)
- age   1:    2194288 bytes,    2194288 total
- age   2:    5584352 bytes,    7778640 total
- age   3:    4241936 bytes,   12020576 total
- age   4:     654160 bytes,   12674736 total
- age   5:     752312 bytes,   13427048 total
- age   6:     522296 bytes,   13949344 total
- age   7:     786528 bytes,   14735872 total
- age   8:    2314280 bytes,   17050152 total
: 107314K->21179K(109248K), 0.0056740 secs] 288035K->202811K(502464K), 0.0057412 secs] [Times: user=0.02 sys=0.00, real=0.00 secs] 
Heap after GC invocations=191 (full 6):
 par new generation   total 109248K, used 21179K [0x00000007a0000000, 0x00000007a8000000, 0x00000007a8000000)
  eden space 87424K,   0% used [0x00000007a0000000, 0x00000007a0000000, 0x00000007a5560000)
  from space 21824K,  97% used [0x00000007a6ab0000, 0x00000007a7f5ee60, 0x00000007a8000000)
  to   space 21824K,   0% used [0x00000007a5560000, 0x00000007a5560000, 0x00000007a6ab0000)
 concurrent mark-sweep generation total 393216K, used 181632K [0x00000007a8000000, 0x00000007c0000000, 0x00000007c0000000)
 Metaspace       used 34455K, capacity 34986K, committed 35396K, reserved 1081344K
  class space    used 3994K, capacity 4170K, committed 4192K, reserved 1048576K
}
2016-10-23T20:02:20.127+0800: 76.819: Total time for which application threads were stopped: 0.0059776 seconds, Stopping threads took: 0.0000756 seconds
2016-10-23T20:02:20.182+0800: 76.874: Total time for which application threads were stopped: 0.0001830 seconds, Stopping threads took: 0.0000642 seconds
2016-10-23T20:02:20.182+0800: 76.874: Total time for which application threads were stopped: 0.0001178 seconds, Stopping threads took: 0.0000546 seconds
2016-10-23T20:02:20.182+0800: 76.875: Total time for which application threads were stopped: 0.0000761 seconds, Stopping threads took: 0.0000071 seconds
2016-10-23T20:02:20.182+0800: 76.875: Total time for which application threads were stopped: 0.0000822 seconds, Stopping threads took: 0.0000083 seconds
{Heap before GC invocations=191 (full 6):
 par new generation   total 109248K, used 108603K [0x00000007a0000000, 0x00000007a8000000, 0x00000007a8000000)
  eden space 87424K, 100% used [0x00000007a0000000, 0x00000007a5560000, 0x00000007a5560000)
  from space 21824K,  97% used [0x00000007a6ab0000, 0x00000007a7f5ee60, 0x00000007a8000000)
  to   space 21824K,   0% used [0x00000007a5560000, 0x00000007a5560000, 0x00000007a6ab0000)
 concurrent mark-sweep generation total 393216K, used 181632K [0x00000007a8000000, 0x00000007c0000000, 0x00000007c0000000)
 Metaspace       used 34458K, capacity 34986K, committed 35396K, reserved 1081344K
  class space    used 3994K, capacity 4170K, committed 4192K, reserved 1048576K
2016-10-23T20:02:20.280+0800: 76.973: [GC (Allocation Failure) 2016-10-23T20:02:20.280+0800: 76.973: [ParNew
Desired survivor size 20112992 bytes, new threshold 8 (max 8)
- age   1:    3202736 bytes,    3202736 total
- age   2:     948320 bytes,    4151056 total
- age   3:    5096712 bytes,    9247768 total
- age   4:    4103136 bytes,   13350904 total
- age   5:     574712 bytes,   13925616 total
- age   6:     660080 bytes,   14585696 total
- age   7:     457544 bytes,   15043240 total
- age   8:     687504 bytes,   15730744 total
: 108603K->21824K(109248K), 0.0055961 secs] 290235K->206542K(502464K), 0.0056642 secs] [Times: user=0.01 sys=0.00, real=0.00 secs] 
Heap after GC invocations=192 (full 6):
 par new generation   total 109248K, used 21824K [0x00000007a0000000, 0x00000007a8000000, 0x00000007a8000000)
  eden space 87424K,   0% used [0x00000007a0000000, 0x00000007a0000000, 0x00000007a5560000)
  from space 21824K, 100% used [0x00000007a5560000, 0x00000007a6ab0000, 0x00000007a6ab0000)
  to   space 21824K,   0% used [0x00000007a6ab0000, 0x00000007a6ab0000, 0x00000007a8000000)
 concurrent mark-sweep generation total 393216K, used 184718K [0x00000007a8000000, 0x00000007c0000000, 0x00000007c0000000)
 Metaspace       used 34458K, capacity 34986K, committed 35396K, reserved 1081344K
  class space    used 3994K, capacity 4170K, committed 4192K, reserved 1048576K
}
2016-10-23T20:02:20.286+0800: 76.979: Total time for which application threads were stopped: 0.0058215 seconds, Stopping threads took: 0.0000288 seconds
{Heap before GC invocations=192 (full 6):
 par new generation   total 109248K, used 109248K [0x00000007a0000000, 0x00000007a8000000, 0x00000007a8000000)
  eden space 87424K, 100% used [0x00000007a0000000, 0x00000007a5560000, 0x00000007a5560000)
  from space 21824K, 100% used [0x00000007a5560000, 0x00000007a6ab0000, 0x00000007a6ab0000)
  to   space 21824K,   0% used [0x00000007a6ab0000, 0x00000007a6ab0000, 0x00000007a8000000)
 concurrent mark-sweep generation total 393216K, used 184718K [0x00000007a8000000, 0x00000007c0000000, 0x00000007c0000000)
 Metaspace       used 34458K, capacity 34986K, committed 35396K, reserved 1081344K
  class space    used 3994K, capacity 4170K, committed 4192K, reserved 1048576K
2016-10-23T20:02:20.527+0800: 77.220: [GC (Allocation Failure) 2016-10-23T20:02:20.528+0800: 77.220: [ParNew
Desired survivor size 20112992 bytes, new threshold 8 (max 8)
- age   1:    4248080 bytes,    4248080 total
- age   2:    1665176 bytes,    5913256 total
- age   3:     698632 bytes,    6611888 total
- age   4:    4844304 bytes,   11456192 total
- age   5:    4331872 bytes,   15788064 total
- age   6:     571216 bytes,   16359280 total
- age   7:     654888 bytes,   17014168 total
- age   8:     453368 bytes,   17467536 total
: 109248K->21824K(109248K), 0.0053624 secs] 293966K->209001K(502464K), 0.0054228 secs] [Times: user=0.02 sys=0.00, real=0.01 secs] 
Heap after GC invocations=193 (full 6):
 par new generation   total 109248K, used 21824K [0x00000007a0000000, 0x00000007a8000000, 0x00000007a8000000)
  eden space 87424K,   0% used [0x00000007a0000000, 0x00000007a0000000, 0x00000007a5560000)
  from space 21824K, 100% used [0x00000007a6ab0000, 0x00000007a8000000, 0x00000007a8000000)
  to   space 21824K,   0% used [0x00000007a5560000, 0x00000007a5560000, 0x00000007a6ab0000)
 concurrent mark-sweep generation total 393216K, used 187177K [0x00000007a8000000, 0x00000007c0000000, 0x00000007c0000000)
 Metaspace       used 34458K, capacity 34986K, committed 35396K, reserved 1081344K
  class space    used 3994K, capacity 4170K, committed 4192K, reserved 1048576K
}
2016-10-23T20:02:20.533+0800: 77.225: Total time for which application threads were stopped: 0.0055719 seconds, Stopping threads took: 0.0000286 seconds
{Heap before GC invocations=193 (full 6):
 par new generation   total 109248K, used 109248K [0x00000007a0000000, 0x00000007a8000000, 0x00000007a8000000)
  eden space 87424K, 100% used [0x00000007a0000000, 0x00000007a5560000, 0x00000007a5560000)
  from space 21824K, 100% used [0x00000007a6ab0000, 0x00000007a8000000, 0x00000007a8000000)
  to   space 21824K,   0% used [0x00000007a5560000, 0x00000007a5560000, 0x00000007a6ab0000)
 concurrent mark-sweep generation total 393216K, used 187177K [0x00000007a8000000, 0x00000007c0000000, 0x00000007c0000000)
 Metaspace       used 34458K, capacity 34986K, committed 35396K, reserved 1081344K
  class space    used 3994K, capacity 4170K, committed 4192K, reserved 1048576K
2016-10-23T20:02:20.771+0800: 77.463: [GC (Allocation Failure) 2016-10-23T20:02:20.771+0800: 77.463: [ParNew
Desired survivor size 20112992 bytes, new threshold 8 (max 8)
- age   1:    5022384 bytes,    5022384 total
- age   2:    2085056 bytes,    7107440 total
- age   3:    1505056 bytes,    8612496 total
- age   4:     652656 bytes,    9265152 total
- age   5:    3669672 bytes,   12934824 total
- age   6:    4087560 bytes,   17022384 total
- age   7:     564216 bytes,   17586600 total
- age   8:     647400 bytes,   18234000 total
: 109248K->21824K(109248K), 0.0065935 secs] 296425K->213859K(502464K), 0.0066850 secs] [Times: user=0.02 sys=0.00, real=0.00 secs] 
Heap after GC invocations=194 (full 6):
 par new generation   total 109248K, used 21824K [0x00000007a0000000, 0x00000007a8000000, 0x00000007a8000000)
  eden space 87424K,   0% used [0x00000007a0000000, 0x00000007a0000000, 0x00000007a5560000)
  from space 21824K, 100% used [0x00000007a5560000, 0x00000007a6ab0000, 0x00000007a6ab0000)
  to   space 21824K,   0% used [0x00000007a6ab0000, 0x00000007a6ab0000, 0x00000007a8000000)
 concurrent mark-sweep generation total 393216K, used 192035K [0x00000007a8000000, 0x00000007c0000000, 0x00000007c0000000)
 Metaspace       used 34458K, capacity 34986K, committed 35396K, reserved 1081344K
  class space    used 3994K, capacity 4170K, committed 4192K, reserved 1048576K
}
2016-10-23T20:02:20.777+0800: 77.470: Total time for which application threads were stopped: 0.0068612 seconds, Stopping threads took: 0.0000242 seconds
{Heap before GC invocations=194 (full 6):
 par new generation   total 109248K, used 109248K [0x00000007a0000000, 0x00000007a8000000, 0x00000007a8000000)
  eden space 87424K, 100% used [0x00000007a0000000, 0x00000007a5560000, 0x00000007a5560000)
  from space 21824K, 100% used [0x00000007a5560000, 0x00000007a6ab0000, 0x00000007a6ab0000)
  to   space 21824K,   0% used [0x00000007a6ab0000, 0x00000007a6ab0000, 0x00000007a8000000)
 concurrent mark-sweep generation total 393216K, used 192035K [0x00000007a8000000, 0x00000007c0000000, 0x00000007c0000000)
 Metaspace       used 34458K, capacity 34986K, committed 35396K, reserved 1081344K
  class space    used 3994K, capacity 4170K, committed 4192K, reserved 1048576K
2016-10-23T20:02:21.004+0800: 77.697: [GC (Allocation Failure) 2016-10-23T20:02:21.004+0800: 77.697: [ParNew
Desired survivor size 20112992 bytes, new threshold 8 (max 8)
- age   1:    5953344 bytes,    5953344 total
- age   2:    2478600 bytes,    8431944 total
- age   3:    2012312 bytes,   10444256 total
- age   4:    1462072 bytes,   11906328 total
- age   5:     633992 bytes,   12540320 total
- age   6:    3616880 bytes,   16157200 total
- age   7:    3695872 bytes,   19853072 total
- age   8:     544088 bytes,   20397160 total
: 109248K->21824K(109248K), 0.0069639 secs] 301283K->215760K(502464K), 0.0070356 secs] [Times: user=0.02 sys=0.00, real=0.01 secs] 
Heap after GC invocations=195 (full 6):
 par new generation   total 109248K, used 21824K [0x00000007a0000000, 0x00000007a8000000, 0x00000007a8000000)
  eden space 87424K,   0% used [0x00000007a0000000, 0x00000007a0000000, 0x00000007a5560000)
  from space 21824K, 100% used [0x00000007a6ab0000, 0x00000007a8000000, 0x00000007a8000000)
  to   space 21824K,   0% used [0x00000007a5560000, 0x00000007a5560000, 0x00000007a6ab0000)
 concurrent mark-sweep generation total 393216K, used 193936K [0x00000007a8000000, 0x00000007c0000000, 0x00000007c0000000)
 Metaspace       used 34458K, capacity 34986K, committed 35396K, reserved 1081344K
  class space    used 3994K, capacity 4170K, committed 4192K, reserved 1048576K
}
2016-10-23T20:02:21.011+0800: 77.704: Total time for which application threads were stopped: 0.0072140 seconds, Stopping threads took: 0.0000307 seconds
{Heap before GC invocations=195 (full 6):
 par new generation   total 109248K, used 109248K [0x00000007a0000000, 0x00000007a8000000, 0x00000007a8000000)
  eden space 87424K, 100% used [0x00000007a0000000, 0x00000007a5560000, 0x00000007a5560000)
  from space 21824K, 100% used [0x00000007a6ab0000, 0x00000007a8000000, 0x00000007a8000000)
  to   space 21824K,   0% used [0x00000007a5560000, 0x00000007a5560000, 0x00000007a6ab0000)
 concurrent mark-sweep generation total 393216K, used 193936K [0x00000007a8000000, 0x00000007c0000000, 0x00000007c0000000)
 Metaspace       used 34458K, capacity 34986K, committed 35396K, reserved 1081344K
  class space    used 3994K, capacity 4170K, committed 4192K, reserved 1048576K
2016-10-23T20:02:21.233+0800: 77.926: [GC (Allocation Failure) 2016-10-23T20:02:21.233+0800: 77.926: [ParNew
Desired survivor size 20112992 bytes, new threshold 8 (max 8)
- age   1:    6156264 bytes,    6156264 total
- age   2:    1584304 bytes,    7740568 total
- age   3:    2384120 bytes,   10124688 total
- age   4:     945168 bytes,   11069856 total
- age   5:    1435296 bytes,   12505152 total
- age   6:     622128 bytes,   13127280 total
- age   7:    3585112 bytes,   16712392 total
- age   8:    3683440 bytes,   20395832 total
: 109248K->21824K(109248K), 0.0074198 secs] 303184K->219231K(502464K), 0.0074925 secs] [Times: user=0.03 sys=0.00, real=0.01 secs] 
Heap after GC invocations=196 (full 6):
 par new generation   total 109248K, used 21824K [0x00000007a0000000, 0x00000007a8000000, 0x00000007a8000000)
  eden space 87424K,   0% used [0x00000007a0000000, 0x00000007a0000000, 0x00000007a5560000)
  from space 21824K, 100% used [0x00000007a5560000, 0x00000007a6ab0000, 0x00000007a6ab0000)
  to   space 21824K,   0% used [0x00000007a6ab0000, 0x00000007a6ab0000, 0x00000007a8000000)
 concurrent mark-sweep generation total 393216K, used 197407K [0x00000007a8000000, 0x00000007c0000000, 0x00000007c0000000)
 Metaspace       used 34458K, capacity 34986K, committed 35396K, reserved 1081344K
  class space    used 3994K, capacity 4170K, committed 4192K, reserved 1048576K
}
2016-10-23T20:02:21.241+0800: 77.933: Total time for which application threads were stopped: 0.0076546 seconds, Stopping threads took: 0.0000324 seconds
2016-10-23T20:02:21.241+0800: 77.933: [GC (CMS Initial Mark) [1 CMS-initial-mark: 197407K(393216K)] 220831K(502464K), 0.0020945 secs] [Times: user=0.00 sys=0.00, real=0.00 secs] 
2016-10-23T20:02:21.243+0800: 77.935: Total time for which application threads were stopped: 0.0022643 seconds, Stopping threads took: 0.0000868 seconds
2016-10-23T20:02:21.243+0800: 77.936: [CMS-concurrent-mark-start]
2016-10-23T20:02:21.253+0800: 77.946: [CMS-concurrent-mark: 0.010/0.010 secs] [Times: user=0.06 sys=0.00, real=0.01 secs] 
2016-10-23T20:02:21.253+0800: 77.946: [CMS-concurrent-preclean-start]
2016-10-23T20:02:21.254+0800: 77.946: [CMS-concurrent-preclean: 0.001/0.001 secs] [Times: user=0.00 sys=0.00, real=0.00 secs] 
2016-10-23T20:02:21.254+0800: 77.946: [CMS-concurrent-abortable-preclean-start]
2016-10-23T20:02:21.378+0800: 78.071: [CMS-concurrent-abortable-preclean: 0.124/0.124 secs] [Times: user=0.29 sys=0.00, real=0.12 secs] 
2016-10-23T20:02:21.379+0800: 78.071: [GC (CMS Final Remark) [YG occupancy: 72181 K (109248 K)]{Heap before GC invocations=196 (full 7):
 par new generation   total 109248K, used 72181K [0x00000007a0000000, 0x00000007a8000000, 0x00000007a8000000)
  eden space 87424K,  57% used [0x00000007a0000000, 0x00000007a312d720, 0x00000007a5560000)
  from space 21824K, 100% used [0x00000007a5560000, 0x00000007a6ab0000, 0x00000007a6ab0000)
  to   space 21824K,   0% used [0x00000007a6ab0000, 0x00000007a6ab0000, 0x00000007a8000000)
 concurrent mark-sweep generation total 393216K, used 197407K [0x00000007a8000000, 0x00000007c0000000, 0x00000007c0000000)
 Metaspace       used 34458K, capacity 34986K, committed 35396K, reserved 1081344K
  class space    used 3994K, capacity 4170K, committed 4192K, reserved 1048576K
2016-10-23T20:02:21.379+0800: 78.071: [GC (CMS Final Remark) 2016-10-23T20:02:21.379+0800: 78.071: [ParNew
Desired survivor size 20112992 bytes, new threshold 8 (max 8)
- age   1:    5501720 bytes,    5501720 total
- age   2:    3114336 bytes,    8616056 total
- age   3:    1527208 bytes,   10143264 total
- age   4:    1951072 bytes,   12094336 total
- age   5:     910128 bytes,   13004464 total
- age   6:    1021208 bytes,   14025672 total
- age   7:     612952 bytes,   14638624 total
- age   8:    3564096 bytes,   18202720 total
: 72181K->21824K(109248K), 0.0065729 secs] 269589K->223527K(502464K), 0.0066268 secs] [Times: user=0.02 sys=0.00, real=0.01 secs] 
Heap after GC invocations=197 (full 7):
 par new generation   total 109248K, used 21824K [0x00000007a0000000, 0x00000007a8000000, 0x00000007a8000000)
  eden space 87424K,   0% used [0x00000007a0000000, 0x00000007a0000000, 0x00000007a5560000)
  from space 21824K, 100% used [0x00000007a6ab0000, 0x00000007a8000000, 0x00000007a8000000)
  to   space 21824K,   0% used [0x00000007a5560000, 0x00000007a5560000, 0x00000007a6ab0000)
 concurrent mark-sweep generation total 393216K, used 201703K [0x00000007a8000000, 0x00000007c0000000, 0x00000007c0000000)
 Metaspace       used 34458K, capacity 34986K, committed 35396K, reserved 1081344K
  class space    used 3994K, capacity 4170K, committed 4192K, reserved 1048576K
}
2016-10-23T20:02:21.385+0800: 78.078: [Rescan (parallel) , 0.0022676 secs]2016-10-23T20:02:21.388+0800: 78.080: [weak refs processing, 0.0009017 secs]2016-10-23T20:02:21.389+0800: 78.081: [class unloading, 0.0069313 secs]2016-10-23T20:02:21.396+0800: 78.088: [scrub symbol table, 0.0080790 secs]2016-10-23T20:02:21.404+0800: 78.096: [scrub string table, 0.0006265 secs][1 CMS-remark: 201703K(393216K)] 223527K(502464K), 0.0257367 secs] [Times: user=0.05 sys=0.01, real=0.03 secs] 
2016-10-23T20:02:21.404+0800: 78.097: Total time for which application threads were stopped: 0.0259461 seconds, Stopping threads took: 0.0000969 seconds
2016-10-23T20:02:21.405+0800: 78.097: [CMS-concurrent-sweep-start]
2016-10-23T20:02:21.459+0800: 78.151: [CMS-concurrent-sweep: 0.054/0.054 secs] [Times: user=0.10 sys=0.00, real=0.05 secs] 
2016-10-23T20:02:21.459+0800: 78.151: [CMS-concurrent-reset-start]
2016-10-23T20:02:21.459+0800: 78.152: [CMS-concurrent-reset: 0.000/0.000 secs] [Times: user=0.00 sys=0.00, real=0.00 secs] 
{Heap before GC invocations=197 (full 7):
 par new generation   total 109248K, used 109248K [0x00000007a0000000, 0x00000007a8000000, 0x00000007a8000000)
  eden space 87424K, 100% used [0x00000007a0000000, 0x00000007a5560000, 0x00000007a5560000)
  from space 21824K, 100% used [0x00000007a6ab0000, 0x00000007a8000000, 0x00000007a8000000)
  to   space 21824K,   0% used [0x00000007a5560000, 0x00000007a5560000, 0x00000007a6ab0000)
 concurrent mark-sweep generation total 393216K, used 58826K [0x00000007a8000000, 0x00000007c0000000, 0x00000007c0000000)
 Metaspace       used 34458K, capacity 34986K, committed 35396K, reserved 1081344K
  class space    used 3994K, capacity 4170K, committed 4192K, reserved 1048576K
2016-10-23T20:02:21.649+0800: 78.342: [GC (Allocation Failure) 2016-10-23T20:02:21.649+0800: 78.342: [ParNew
Desired survivor size 20112992 bytes, new threshold 8 (max 8)
- age   1:    7329160 bytes,    7329160 total
- age   2:    1858336 bytes,    9187496 total
- age   3:    1501176 bytes,   10688672 total
- age   4:    1487584 bytes,   12176256 total
- age   5:     871120 bytes,   13047376 total
- age   6:     865392 bytes,   13912768 total
- age   7:    1003216 bytes,   14915984 total
- age   8:     602936 bytes,   15518920 total
: 109248K->21824K(109248K), 0.0074132 secs] 168074K->87561K(502464K), 0.0074996 secs] [Times: user=0.03 sys=0.00, real=0.01 secs] 
Heap after GC invocations=198 (full 7):
 par new generation   total 109248K, used 21824K [0x00000007a0000000, 0x00000007a8000000, 0x00000007a8000000)
  eden space 87424K,   0% used [0x00000007a0000000, 0x00000007a0000000, 0x00000007a5560000)
  from space 21824K, 100% used [0x00000007a5560000, 0x00000007a6ab0000, 0x00000007a6ab0000)
  to   space 21824K,   0% used [0x00000007a6ab0000, 0x00000007a6ab0000, 0x00000007a8000000)
 concurrent mark-sweep generation total 393216K, used 65737K [0x00000007a8000000, 0x00000007c0000000, 0x00000007c0000000)
 Metaspace       used 34458K, capacity 34986K, committed 35396K, reserved 1081344K
  class space    used 3994K, capacity 4170K, committed 4192K, reserved 1048576K
}
2016-10-23T20:02:21.657+0800: 78.349: Total time for which application threads were stopped: 0.0076634 seconds, Stopping threads took: 0.0000304 seconds
{Heap before GC invocations=198 (full 7):
 par new generation   total 109248K, used 109248K [0x00000007a0000000, 0x00000007a8000000, 0x00000007a8000000)
  eden space 87424K, 100% used [0x00000007a0000000, 0x00000007a5560000, 0x00000007a5560000)
  from space 21824K, 100% used [0x00000007a5560000, 0x00000007a6ab0000, 0x00000007a6ab0000)
  to   space 21824K,   0% used [0x00000007a6ab0000, 0x00000007a6ab0000, 0x00000007a8000000)
 concurrent mark-sweep generation total 393216K, used 65737K [0x00000007a8000000, 0x00000007c0000000, 0x00000007c0000000)
 Metaspace       used 34458K, capacity 34986K, committed 35396K, reserved 1081344K
  class space    used 3994K, capacity 4170K, committed 4192K, reserved 1048576K
2016-10-23T20:02:21.886+0800: 78.579: [GC (Allocation Failure) 2016-10-23T20:02:21.886+0800: 78.579: [ParNew
Desired survivor size 20112992 bytes, new threshold 8 (max 8)
- age   1:    8571408 bytes,    8571408 total
- age   2:    4104248 bytes,   12675656 total
- age   3:    1795384 bytes,   14471040 total
- age   4:    1408560 bytes,   15879600 total
- age   5:    1412160 bytes,   17291760 total
- age   6:     819400 bytes,   18111160 total
- age   7:     818744 bytes,   18929904 total
- age   8:     977008 bytes,   19906912 total
: 109248K->21824K(109248K), 0.0073379 secs] 174985K->88834K(502464K), 0.0073931 secs] [Times: user=0.03 sys=0.00, real=0.01 secs] 
Heap after GC invocations=199 (full 7):
 par new generation   total 109248K, used 21824K [0x00000007a0000000, 0x00000007a8000000, 0x00000007a8000000)
  eden space 87424K,   0% used [0x00000007a0000000, 0x00000007a0000000, 0x00000007a5560000)
  from space 21824K, 100% used [0x00000007a6ab0000, 0x00000007a8000000, 0x00000007a8000000)
  to   space 21824K,   0% used [0x00000007a5560000, 0x00000007a5560000, 0x00000007a6ab0000)
 concurrent mark-sweep generation total 393216K, used 67010K [0x00000007a8000000, 0x00000007c0000000, 0x00000007c0000000)
 Metaspace       used 34458K, capacity 34986K, committed 35396K, reserved 1081344K
  class space    used 3994K, capacity 4170K, committed 4192K, reserved 1048576K
}
2016-10-23T20:02:21.894+0800: 78.586: Total time for which application threads were stopped: 0.0075597 seconds, Stopping threads took: 0.0000309 seconds
{Heap before GC invocations=199 (full 7):
 par new generation   total 109248K, used 109248K [0x00000007a0000000, 0x00000007a8000000, 0x00000007a8000000)
  eden space 87424K, 100% used [0x00000007a0000000, 0x00000007a5560000, 0x00000007a5560000)
  from space 21824K, 100% used [0x00000007a6ab0000, 0x00000007a8000000, 0x00000007a8000000)
  to   space 21824K,   0% used [0x00000007a5560000, 0x00000007a5560000, 0x00000007a6ab0000)
 concurrent mark-sweep generation total 393216K, used 67010K [0x00000007a8000000, 0x00000007c0000000, 0x00000007c0000000)
 Metaspace       used 34458K, capacity 34986K, committed 35396K, reserved 1081344K
  class space    used 3994K, capacity 4170K, committed 4192K, reserved 1048576K
2016-10-23T20:02:22.127+0800: 78.819: [GC (Allocation Failure) 2016-10-23T20:02:22.127+0800: 78.819: [ParNew
Desired survivor size 20112992 bytes, new threshold 8 (max 8)
- age   1:    7477112 bytes,    7477112 total
- age   2:    2135384 bytes,    9612496 total
- age   3:    3660976 bytes,   13273472 total
- age   4:    1538184 bytes,   14811656 total
- age   5:     695576 bytes,   15507232 total
- age   6:    1034952 bytes,   16542184 total
- age   7:     573456 bytes,   17115640 total
- age   8:     545096 bytes,   17660736 total
: 109248K->21824K(109248K), 0.0091152 secs] 176258K->94543K(502464K), 0.0091811 secs] [Times: user=0.03 sys=0.00, real=0.01 secs] 
Heap after GC invocations=200 (full 7):
 par new generation   total 109248K, used 21824K [0x00000007a0000000, 0x00000007a8000000, 0x00000007a8000000)
  eden space 87424K,   0% used [0x00000007a0000000, 0x00000007a0000000, 0x00000007a5560000)
  from space 21824K, 100% used [0x00000007a5560000, 0x00000007a6ab0000, 0x00000007a6ab0000)
  to   space 21824K,   0% used [0x00000007a6ab0000, 0x00000007a6ab0000, 0x00000007a8000000)
 concurrent mark-sweep generation total 393216K, used 72719K [0x00000007a8000000, 0x00000007c0000000, 0x00000007c0000000)
 Metaspace       used 34458K, capacity 34986K, committed 35396K, reserved 1081344K
  class space    used 3994K, capacity 4170K, committed 4192K, reserved 1048576K
}
2016-10-23T20:02:22.136+0800: 78.829: Total time for which application threads were stopped: 0.0093454 seconds, Stopping threads took: 0.0000300 seconds
{Heap before GC invocations=200 (full 7):
 par new generation   total 109248K, used 109248K [0x00000007a0000000, 0x00000007a8000000, 0x00000007a8000000)
  eden space 87424K, 100% used [0x00000007a0000000, 0x00000007a5560000, 0x00000007a5560000)
  from space 21824K, 100% used [0x00000007a5560000, 0x00000007a6ab0000, 0x00000007a6ab0000)
  to   space 21824K,   0% used [0x00000007a6ab0000, 0x00000007a6ab0000, 0x00000007a8000000)
 concurrent mark-sweep generation total 393216K, used 72719K [0x00000007a8000000, 0x00000007c0000000, 0x00000007c0000000)
 Metaspace       used 34458K, capacity 34986K, committed 35396K, reserved 1081344K
  class space    used 3994K, capacity 4170K, committed 4192K, reserved 1048576K
2016-10-23T20:02:22.373+0800: 79.066: [GC (Allocation Failure) 2016-10-23T20:02:22.373+0800: 79.066: [ParNew
Desired survivor size 20112992 bytes, new threshold 8 (max 8)
- age   1:    7394528 bytes,    7394528 total
- age   2:    2347000 bytes,    9741528 total
- age   3:    1792728 bytes,   11534256 total
- age   4:    3604176 bytes,   15138432 total
- age   5:    1520344 bytes,   16658776 total
- age   6:     666312 bytes,   17325088 total
- age   7:     837112 bytes,   18162200 total
- age   8:     487504 bytes,   18649704 total
: 109248K->21824K(109248K), 0.0085556 secs] 181967K->98388K(502464K), 0.0086117 secs] [Times: user=0.03 sys=0.00, real=0.01 secs] 
Heap after GC invocations=201 (full 7):
 par new generation   total 109248K, used 21824K [0x00000007a0000000, 0x00000007a8000000, 0x00000007a8000000)
  eden space 87424K,   0% used [0x00000007a0000000, 0x00000007a0000000, 0x00000007a5560000)
  from space 21824K, 100% used [0x00000007a6ab0000, 0x00000007a8000000, 0x00000007a8000000)
  to   space 21824K,   0% used [0x00000007a5560000, 0x00000007a5560000, 0x00000007a6ab0000)
 concurrent mark-sweep generation total 393216K, used 76564K [0x00000007a8000000, 0x00000007c0000000, 0x00000007c0000000)
 Metaspace       used 34458K, capacity 34986K, committed 35396K, reserved 1081344K
  class space    used 3994K, capacity 4170K, committed 4192K, reserved 1048576K
}
2016-10-23T20:02:22.382+0800: 79.075: Total time for which application threads were stopped: 0.0087695 seconds, Stopping threads took: 0.0000222 seconds
{Heap before GC invocations=201 (full 7):
 par new generation   total 109248K, used 109248K [0x00000007a0000000, 0x00000007a8000000, 0x00000007a8000000)
  eden space 87424K, 100% used [0x00000007a0000000, 0x00000007a5560000, 0x00000007a5560000)
  from space 21824K, 100% used [0x00000007a6ab0000, 0x00000007a8000000, 0x00000007a8000000)
  to   space 21824K,   0% used [0x00000007a5560000, 0x00000007a5560000, 0x00000007a6ab0000)
 concurrent mark-sweep generation total 393216K, used 76564K [0x00000007a8000000, 0x00000007c0000000, 0x00000007c0000000)
 Metaspace       used 34458K, capacity 34986K, committed 35396K, reserved 1081344K
  class space    used 3994K, capacity 4170K, committed 4192K, reserved 1048576K
2016-10-23T20:02:22.626+0800: 79.318: [GC (Allocation Failure) 2016-10-23T20:02:22.626+0800: 79.318: [ParNew
Desired survivor size 20112992 bytes, new threshold 8 (max 8)
- age   1:    6186000 bytes,    6186000 total
- age   2:    1555928 bytes,    7741928 total
- age   3:    1447600 bytes,    9189528 total
- age   4:    1769624 bytes,   10959152 total
- age   5:    3571312 bytes,   14530464 total
- age   6:    1507000 bytes,   16037464 total
- age   7:     646760 bytes,   16684224 total
- age   8:     817464 bytes,   17501688 total
: 109248K->21824K(109248K), 0.0089629 secs] 185812K->105455K(502464K), 0.0090375 secs] [Times: user=0.03 sys=0.00, real=0.01 secs] 
Heap after GC invocations=202 (full 7):
 par new generation   total 109248K, used 21824K [0x00000007a0000000, 0x00000007a8000000, 0x00000007a8000000)
  eden space 87424K,   0% used [0x00000007a0000000, 0x00000007a0000000, 0x00000007a5560000)
  from space 21824K, 100% used [0x00000007a5560000, 0x00000007a6ab0000, 0x00000007a6ab0000)
  to   space 21824K,   0% used [0x00000007a6ab0000, 0x00000007a6ab0000, 0x00000007a8000000)
 concurrent mark-sweep generation total 393216K, used 83631K [0x00000007a8000000, 0x00000007c0000000, 0x00000007c0000000)
 Metaspace       used 34458K, capacity 34986K, committed 35396K, reserved 1081344K
  class space    used 3994K, capacity 4170K, committed 4192K, reserved 1048576K
}
2016-10-23T20:02:22.635+0800: 79.327: Total time for which application threads were stopped: 0.0091815 seconds, Stopping threads took: 0.0000202 seconds
{Heap before GC invocations=202 (full 7):
 par new generation   total 109248K, used 109248K [0x00000007a0000000, 0x00000007a8000000, 0x00000007a8000000)
  eden space 87424K, 100% used [0x00000007a0000000, 0x00000007a5560000, 0x00000007a5560000)
  from space 21824K, 100% used [0x00000007a5560000, 0x00000007a6ab0000, 0x00000007a6ab0000)
  to   space 21824K,   0% used [0x00000007a6ab0000, 0x00000007a6ab0000, 0x00000007a8000000)
 concurrent mark-sweep generation total 393216K, used 83631K [0x00000007a8000000, 0x00000007c0000000, 0x00000007c0000000)
 Metaspace       used 34458K, capacity 34986K, committed 35396K, reserved 1081344K
  class space    used 3994K, capacity 4170K, committed 4192K, reserved 1048576K
2016-10-23T20:02:22.884+0800: 79.577: [GC (Allocation Failure) 2016-10-23T20:02:22.884+0800: 79.577: [ParNew
Desired survivor size 20112992 bytes, new threshold 8 (max 8)
- age   1:    7899936 bytes,    7899936 total
- age   2:    2665640 bytes,   10565576 total
- age   3:    1260952 bytes,   11826528 total
- age   4:    1404312 bytes,   13230840 total
- age   5:    1738744 bytes,   14969584 total
- age   6:    3548296 bytes,   18517880 total
- age   7:     970696 bytes,   19488576 total
- age   8:     627192 bytes,   20115768 total
: 109248K->21824K(109248K), 0.0089744 secs] 192879K->107659K(502464K), 0.0090486 secs] [Times: user=0.03 sys=0.00, real=0.01 secs] 
Heap after GC invocations=203 (full 7):
 par new generation   total 109248K, used 21824K [0x00000007a0000000, 0x00000007a8000000, 0x00000007a8000000)
  eden space 87424K,   0% used [0x00000007a0000000, 0x00000007a0000000, 0x00000007a5560000)
  from space 21824K, 100% used [0x00000007a6ab0000, 0x00000007a8000000, 0x00000007a8000000)
  to   space 21824K,   0% used [0x00000007a5560000, 0x00000007a5560000, 0x00000007a6ab0000)
 concurrent mark-sweep generation total 393216K, used 85835K [0x00000007a8000000, 0x00000007c0000000, 0x00000007c0000000)
 Metaspace       used 34458K, capacity 34986K, committed 35396K, reserved 1081344K
  class space    used 3994K, capacity 4170K, committed 4192K, reserved 1048576K
}
2016-10-23T20:02:22.894+0800: 79.586: Total time for which application threads were stopped: 0.0092319 seconds, Stopping threads took: 0.0000253 seconds
{Heap before GC invocations=203 (full 7):
 par new generation   total 109248K, used 109248K [0x00000007a0000000, 0x00000007a8000000, 0x00000007a8000000)
  eden space 87424K, 100% used [0x00000007a0000000, 0x00000007a5560000, 0x00000007a5560000)
  from space 21824K, 100% used [0x00000007a6ab0000, 0x00000007a8000000, 0x00000007a8000000)
  to   space 21824K,   0% used [0x00000007a5560000, 0x00000007a5560000, 0x00000007a6ab0000)
 concurrent mark-sweep generation total 393216K, used 85835K [0x00000007a8000000, 0x00000007c0000000, 0x00000007c0000000)
 Metaspace       used 34458K, capacity 34986K, committed 35396K, reserved 1081344K
  class space    used 3994K, capacity 4170K, committed 4192K, reserved 1048576K
2016-10-23T20:02:23.138+0800: 79.830: [GC (Allocation Failure) 2016-10-23T20:02:23.138+0800: 79.830: [ParNew
Desired survivor size 20112992 bytes, new threshold 8 (max 8)
- age   1:    5772480 bytes,    5772480 total
- age   2:    7135920 bytes,   12908400 total
- age   3:    1474536 bytes,   14382936 total
- age   4:     943976 bytes,   15326912 total
- age   5:     602800 bytes,   15929712 total
- age   6:    1383408 bytes,   17313120 total
- age   7:    2682056 bytes,   19995176 total
- age   8:     929352 bytes,   20924528 total
: 109248K->21824K(109248K), 0.0098412 secs] 195083K->114539K(502464K), 0.0099094 secs] [Times: user=0.03 sys=0.00, real=0.01 secs] 
Heap after GC invocations=204 (full 7):
 par new generation   total 109248K, used 21824K [0x00000007a0000000, 0x00000007a8000000, 0x00000007a8000000)
  eden space 87424K,   0% used [0x00000007a0000000, 0x00000007a0000000, 0x00000007a5560000)
  from space 21824K, 100% used [0x00000007a5560000, 0x00000007a6ab0000, 0x00000007a6ab0000)
  to   space 21824K,   0% used [0x00000007a6ab0000, 0x00000007a6ab0000, 0x00000007a8000000)
 concurrent mark-sweep generation total 393216K, used 92715K [0x00000007a8000000, 0x00000007c0000000, 0x00000007c0000000)
 Metaspace       used 34458K, capacity 34986K, committed 35396K, reserved 1081344K
  class space    used 3994K, capacity 4170K, committed 4192K, reserved 1048576K
}
2016-10-23T20:02:23.148+0800: 79.840: Total time for which application threads were stopped: 0.0100631 seconds, Stopping threads took: 0.0000258 seconds
{Heap before GC invocations=204 (full 7):
 par new generation   total 109248K, used 109248K [0x00000007a0000000, 0x00000007a8000000, 0x00000007a8000000)
  eden space 87424K, 100% used [0x00000007a0000000, 0x00000007a5560000, 0x00000007a5560000)
  from space 21824K, 100% used [0x00000007a5560000, 0x00000007a6ab0000, 0x00000007a6ab0000)
  to   space 21824K,   0% used [0x00000007a6ab0000, 0x00000007a6ab0000, 0x00000007a8000000)
 concurrent mark-sweep generation total 393216K, used 92715K [0x00000007a8000000, 0x00000007c0000000, 0x00000007c0000000)
 Metaspace       used 34458K, capacity 34986K, committed 35396K, reserved 1081344K
  class space    used 3994K, capacity 4170K, committed 4192K, reserved 1048576K
2016-10-23T20:02:23.405+0800: 80.097: [GC (Allocation Failure) 2016-10-23T20:02:23.405+0800: 80.097: [ParNew
Desired survivor size 20112992 bytes, new threshold 7 (max 8)
- age   1:   11413512 bytes,   11413512 total
- age   2:    2810136 bytes,   14223648 total
- age   3:    2627816 bytes,   16851464 total
- age   4:     750616 bytes,   17602080 total
- age   5:     839008 bytes,   18441088 total
- age   6:     529880 bytes,   18970968 total
- age   7:    1313824 bytes,   20284792 total
- age   8:    1567056 bytes,   21851848 total
: 109248K->21824K(109248K), 0.0084215 secs] 201963K->119816K(502464K), 0.0084826 secs] [Times: user=0.03 sys=0.00, real=0.01 secs] 
Heap after GC invocations=205 (full 7):
 par new generation   total 109248K, used 21824K [0x00000007a0000000, 0x00000007a8000000, 0x00000007a8000000)
  eden space 87424K,   0% used [0x00000007a0000000, 0x00000007a0000000, 0x00000007a5560000)
  from space 21824K, 100% used [0x00000007a6ab0000, 0x00000007a8000000, 0x00000007a8000000)
  to   space 21824K,   0% used [0x00000007a5560000, 0x00000007a5560000, 0x00000007a6ab0000)
 concurrent mark-sweep generation total 393216K, used 97992K [0x00000007a8000000, 0x00000007c0000000, 0x00000007c0000000)
 Metaspace       used 34458K, capacity 34986K, committed 35396K, reserved 1081344K
  class space    used 3994K, capacity 4170K, committed 4192K, reserved 1048576K
}
2016-10-23T20:02:23.413+0800: 80.106: Total time for which application threads were stopped: 0.0086360 seconds, Stopping threads took: 0.0000277 seconds
{Heap before GC invocations=205 (full 7):
 par new generation   total 109248K, used 109248K [0x00000007a0000000, 0x00000007a8000000, 0x00000007a8000000)
  eden space 87424K, 100% used [0x00000007a0000000, 0x00000007a5560000, 0x00000007a5560000)
  from space 21824K, 100% used [0x00000007a6ab0000, 0x00000007a8000000, 0x00000007a8000000)
  to   space 21824K,   0% used [0x00000007a5560000, 0x00000007a5560000, 0x00000007a6ab0000)
 concurrent mark-sweep generation total 393216K, used 97992K [0x00000007a8000000, 0x00000007c0000000, 0x00000007c0000000)
 Metaspace       used 34458K, capacity 34986K, committed 35396K, reserved 1081344K
  class space    used 3994K, capacity 4170K, committed 4192K, reserved 1048576K
2016-10-23T20:02:23.648+0800: 80.341: [GC (Allocation Failure) 2016-10-23T20:02:23.648+0800: 80.341: [ParNew
Desired survivor size 20112992 bytes, new threshold 6 (max 8)
- age   1:   10227616 bytes,   10227616 total
- age   2:    3531640 bytes,   13759256 total
- age   3:    2596688 bytes,   16355944 total
- age   4:    2455992 bytes,   18811936 total
- age   5:     702592 bytes,   19514528 total
- age   6:     790424 bytes,   20304952 total
- age   7:     485968 bytes,   20790920 total
: 109248K->21824K(109248K), 0.0090008 secs] 207240K->127883K(502464K), 0.0090653 secs] [Times: user=0.03 sys=0.00, real=0.01 secs] 
Heap after GC invocations=206 (full 7):
 par new generation   total 109248K, used 21824K [0x00000007a0000000, 0x00000007a8000000, 0x00000007a8000000)
  eden space 87424K,   0% used [0x00000007a0000000, 0x00000007a0000000, 0x00000007a5560000)
  from space 21824K, 100% used [0x00000007a5560000, 0x00000007a6ab0000, 0x00000007a6ab0000)
  to   space 21824K,   0% used [0x00000007a6ab0000, 0x00000007a6ab0000, 0x00000007a8000000)
 concurrent mark-sweep generation total 393216K, used 106059K [0x00000007a8000000, 0x00000007c0000000, 0x00000007c0000000)
 Metaspace       used 34458K, capacity 34986K, committed 35396K, reserved 1081344K
  class space    used 3994K, capacity 4170K, committed 4192K, reserved 1048576K
}
2016-10-23T20:02:23.657+0800: 80.350: Total time for which application threads were stopped: 0.0092272 seconds, Stopping threads took: 0.0000304 seconds
{Heap before GC invocations=206 (full 7):
 par new generation   total 109248K, used 109248K [0x00000007a0000000, 0x00000007a8000000, 0x00000007a8000000)
  eden space 87424K, 100% used [0x00000007a0000000, 0x00000007a5560000, 0x00000007a5560000)
  from space 21824K, 100% used [0x00000007a5560000, 0x00000007a6ab0000, 0x00000007a6ab0000)
  to   space 21824K,   0% used [0x00000007a6ab0000, 0x00000007a6ab0000, 0x00000007a8000000)
 concurrent mark-sweep generation total 393216K, used 106059K [0x00000007a8000000, 0x00000007c0000000, 0x00000007c0000000)
 Metaspace       used 34458K, capacity 34986K, committed 35396K, reserved 1081344K
  class space    used 3994K, capacity 4170K, committed 4192K, reserved 1048576K
2016-10-23T20:02:23.882+0800: 80.575: [GC (Allocation Failure) 2016-10-23T20:02:23.882+0800: 80.575: [ParNew
Desired survivor size 20112992 bytes, new threshold 5 (max 8)
- age   1:    9457352 bytes,    9457352 total
- age   2:    5830944 bytes,   15288296 total
- age   3:    1580816 bytes,   16869112 total
- age   4:    2298256 bytes,   19167368 total
- age   5:    2315680 bytes,   21483048 total
- age   6:     652752 bytes,   22135800 total
: 109248K->21824K(109248K), 0.0094127 secs] 215307K->131284K(502464K), 0.0094838 secs] [Times: user=0.03 sys=0.00, real=0.01 secs] 
Heap after GC invocations=207 (full 7):
 par new generation   total 109248K, used 21824K [0x00000007a0000000, 0x00000007a8000000, 0x00000007a8000000)
  eden space 87424K,   0% used [0x00000007a0000000, 0x00000007a0000000, 0x00000007a5560000)
  from space 21824K, 100% used [0x00000007a6ab0000, 0x00000007a8000000, 0x00000007a8000000)
  to   space 21824K,   0% used [0x00000007a5560000, 0x00000007a5560000, 0x00000007a6ab0000)
 concurrent mark-sweep generation total 393216K, used 109460K [0x00000007a8000000, 0x00000007c0000000, 0x00000007c0000000)
 Metaspace       used 34458K, capacity 34986K, committed 35396K, reserved 1081344K
  class space    used 3994K, capacity 4170K, committed 4192K, reserved 1048576K
}
2016-10-23T20:02:23.892+0800: 80.585: Total time for which application threads were stopped: 0.0096553 seconds, Stopping threads took: 0.0000302 seconds
{Heap before GC invocations=207 (full 7):
 par new generation   total 109248K, used 109248K [0x00000007a0000000, 0x00000007a8000000, 0x00000007a8000000)
  eden space 87424K, 100% used [0x00000007a0000000, 0x00000007a5560000, 0x00000007a5560000)
  from space 21824K, 100% used [0x00000007a6ab0000, 0x00000007a8000000, 0x00000007a8000000)
  to   space 21824K,   0% used [0x00000007a5560000, 0x00000007a5560000, 0x00000007a6ab0000)
 concurrent mark-sweep generation total 393216K, used 109460K [0x00000007a8000000, 0x00000007c0000000, 0x00000007c0000000)
 Metaspace       used 34458K, capacity 34986K, committed 35396K, reserved 1081344K
  class space    used 3994K, capacity 4170K, committed 4192K, reserved 1048576K
2016-10-23T20:02:24.121+0800: 80.813: [GC (Allocation Failure) 2016-10-23T20:02:24.121+0800: 80.813: [ParNew
Desired survivor size 20112992 bytes, new threshold 5 (max 8)
- age   1:    8699896 bytes,    8699896 total
- age   2:    7348256 bytes,   16048152 total
- age   3:    2221248 bytes,   18269400 total
- age   4:    1571648 bytes,   19841048 total
- age   5:    2293504 bytes,   22134552 total
: 109248K->21824K(109248K), 0.0091651 secs] 218708K->134637K(502464K), 0.0092627 secs] [Times: user=0.03 sys=0.00, real=0.01 secs] 
Heap after GC invocations=208 (full 7):
 par new generation   total 109248K, used 21824K [0x00000007a0000000, 0x00000007a8000000, 0x00000007a8000000)
  eden space 87424K,   0% used [0x00000007a0000000, 0x00000007a0000000, 0x00000007a5560000)
  from space 21824K, 100% used [0x00000007a5560000, 0x00000007a6ab0000, 0x00000007a6ab0000)
  to   space 21824K,   0% used [0x00000007a6ab0000, 0x00000007a6ab0000, 0x00000007a8000000)
 concurrent mark-sweep generation total 393216K, used 112813K [0x00000007a8000000, 0x00000007c0000000, 0x00000007c0000000)
 Metaspace       used 34458K, capacity 34986K, committed 35396K, reserved 1081344K
  class space    used 3994K, capacity 4170K, committed 4192K, reserved 1048576K
}
2016-10-23T20:02:24.130+0800: 80.823: Total time for which application threads were stopped: 0.0094206 seconds, Stopping threads took: 0.0000297 seconds
{Heap before GC invocations=208 (full 7):
 par new generation   total 109248K, used 109248K [0x00000007a0000000, 0x00000007a8000000, 0x00000007a8000000)
  eden space 87424K, 100% used [0x00000007a0000000, 0x00000007a5560000, 0x00000007a5560000)
  from space 21824K, 100% used [0x00000007a5560000, 0x00000007a6ab0000, 0x00000007a6ab0000)
  to   space 21824K,   0% used [0x00000007a6ab0000, 0x00000007a6ab0000, 0x00000007a8000000)
 concurrent mark-sweep generation total 393216K, used 112813K [0x00000007a8000000, 0x00000007c0000000, 0x00000007c0000000)
 Metaspace       used 34458K, capacity 34986K, committed 35396K, reserved 1081344K
  class space    used 3994K, capacity 4170K, committed 4192K, reserved 1048576K
2016-10-23T20:02:24.365+0800: 81.058: [GC (Allocation Failure) 2016-10-23T20:02:24.365+0800: 81.058: [ParNew
Desired survivor size 20112992 bytes, new threshold 4 (max 8)
- age   1:    8454584 bytes,    8454584 total
- age   2:    8045152 bytes,   16499736 total
- age   3:    1982616 bytes,   18482352 total
- age   4:    2118616 bytes,   20600968 total
- age   5:    1500144 bytes,   22101112 total
: 109248K->21824K(109248K), 0.0096300 secs] 222061K->140435K(502464K), 0.0097025 secs] [Times: user=0.03 sys=0.00, real=0.01 secs] 
Heap after GC invocations=209 (full 7):
 par new generation   total 109248K, used 21824K [0x00000007a0000000, 0x00000007a8000000, 0x00000007a8000000)
  eden space 87424K,   0% used [0x00000007a0000000, 0x00000007a0000000, 0x00000007a5560000)
  from space 21824K, 100% used [0x00000007a6ab0000, 0x00000007a8000000, 0x00000007a8000000)
  to   space 21824K,   0% used [0x00000007a5560000, 0x00000007a5560000, 0x00000007a6ab0000)
 concurrent mark-sweep generation total 393216K, used 118611K [0x00000007a8000000, 0x00000007c0000000, 0x00000007c0000000)
 Metaspace       used 34458K, capacity 34986K, committed 35396K, reserved 1081344K
  class space    used 3994K, capacity 4170K, committed 4192K, reserved 1048576K
}
2016-10-23T20:02:24.375+0800: 81.068: Total time for which application threads were stopped: 0.0098547 seconds, Stopping threads took: 0.0000309 seconds
{Heap before GC invocations=209 (full 7):
 par new generation   total 109248K, used 109248K [0x00000007a0000000, 0x00000007a8000000, 0x00000007a8000000)
  eden space 87424K, 100% used [0x00000007a0000000, 0x00000007a5560000, 0x00000007a5560000)
  from space 21824K, 100% used [0x00000007a6ab0000, 0x00000007a8000000, 0x00000007a8000000)
  to   space 21824K,   0% used [0x00000007a5560000, 0x00000007a5560000, 0x00000007a6ab0000)
 concurrent mark-sweep generation total 393216K, used 118611K [0x00000007a8000000, 0x00000007c0000000, 0x00000007c0000000)
 Metaspace       used 34458K, capacity 34986K, committed 35396K, reserved 1081344K
  class space    used 3994K, capacity 4170K, committed 4192K, reserved 1048576K
2016-10-23T20:02:24.619+0800: 81.311: [GC (Allocation Failure) 2016-10-23T20:02:24.619+0800: 81.311: [ParNew
Desired survivor size 20112992 bytes, new threshold 8 (max 8)
- age   1:    8431296 bytes,    8431296 total
- age   2:    3243784 bytes,   11675080 total
- age   3:    3495048 bytes,   15170128 total
- age   4:    1943904 bytes,   17114032 total
: 109248K->21824K(109248K), 0.0100496 secs] 227859K->150063K(502464K), 0.0101113 secs] [Times: user=0.03 sys=0.00, real=0.01 secs] 
Heap after GC invocations=210 (full 7):
 par new generation   total 109248K, used 21824K [0x00000007a0000000, 0x00000007a8000000, 0x00000007a8000000)
  eden space 87424K,   0% used [0x00000007a0000000, 0x00000007a0000000, 0x00000007a5560000)
  from space 21824K, 100% used [0x00000007a5560000, 0x00000007a6ab0000, 0x00000007a6ab0000)
  to   space 21824K,   0% used [0x00000007a6ab0000, 0x00000007a6ab0000, 0x00000007a8000000)
 concurrent mark-sweep generation total 393216K, used 128239K [0x00000007a8000000, 0x00000007c0000000, 0x00000007c0000000)
 Metaspace       used 34458K, capacity 34986K, committed 35396K, reserved 1081344K
  class space    used 3994K, capacity 4170K, committed 4192K, reserved 1048576K
}
2016-10-23T20:02:24.629+0800: 81.321: Total time for which application threads were stopped: 0.0102810 seconds, Stopping threads took: 0.0000268 seconds
{Heap before GC invocations=210 (full 7):
 par new generation   total 109248K, used 109248K [0x00000007a0000000, 0x00000007a8000000, 0x00000007a8000000)
  eden space 87424K, 100% used [0x00000007a0000000, 0x00000007a5560000, 0x00000007a5560000)
  from space 21824K, 100% used [0x00000007a5560000, 0x00000007a6ab0000, 0x00000007a6ab0000)
  to   space 21824K,   0% used [0x00000007a6ab0000, 0x00000007a6ab0000, 0x00000007a8000000)
 concurrent mark-sweep generation total 393216K, used 128239K [0x00000007a8000000, 0x00000007c0000000, 0x00000007c0000000)
 Metaspace       used 34458K, capacity 34986K, committed 35396K, reserved 1081344K
  class space    used 3994K, capacity 4170K, committed 4192K, reserved 1048576K
2016-10-23T20:02:24.876+0800: 81.568: [GC (Allocation Failure) 2016-10-23T20:02:24.876+0800: 81.568: [ParNew
Desired survivor size 20112992 bytes, new threshold 8 (max 8)
- age   1:    4076744 bytes,    4076744 total
- age   2:    7713304 bytes,   11790048 total
- age   3:    2367472 bytes,   14157520 total
- age   4:    1913584 bytes,   16071104 total
- age   5:    1721352 bytes,   17792456 total
: 109248K->21824K(109248K), 0.0078756 secs] 237487K->152077K(502464K), 0.0079550 secs] [Times: user=0.03 sys=0.01, real=0.01 secs] 
Heap after GC invocations=211 (full 7):
 par new generation   total 109248K, used 21824K [0x00000007a0000000, 0x00000007a8000000, 0x00000007a8000000)
  eden space 87424K,   0% used [0x00000007a0000000, 0x00000007a0000000, 0x00000007a5560000)
  from space 21824K, 100% used [0x00000007a6ab0000, 0x00000007a8000000, 0x00000007a8000000)
  to   space 21824K,   0% used [0x00000007a5560000, 0x00000007a5560000, 0x00000007a6ab0000)
 concurrent mark-sweep generation total 393216K, used 130253K [0x00000007a8000000, 0x00000007c0000000, 0x00000007c0000000)
 Metaspace       used 34458K, capacity 34986K, committed 35396K, reserved 1081344K
  class space    used 3994K, capacity 4170K, committed 4192K, reserved 1048576K
}
2016-10-23T20:02:24.884+0800: 81.576: Total time for which application threads were stopped: 0.0081124 seconds, Stopping threads took: 0.0000309 seconds
{Heap before GC invocations=211 (full 7):
 par new generation   total 109248K, used 109248K [0x00000007a0000000, 0x00000007a8000000, 0x00000007a8000000)
  eden space 87424K, 100% used [0x00000007a0000000, 0x00000007a5560000, 0x00000007a5560000)
  from space 21824K, 100% used [0x00000007a6ab0000, 0x00000007a8000000, 0x00000007a8000000)
  to   space 21824K,   0% used [0x00000007a5560000, 0x00000007a5560000, 0x00000007a6ab0000)
 concurrent mark-sweep generation total 393216K, used 130253K [0x00000007a8000000, 0x00000007c0000000, 0x00000007c0000000)
 Metaspace       used 34458K, capacity 34986K, committed 35396K, reserved 1081344K
  class space    used 3994K, capacity 4170K, committed 4192K, reserved 1048576K
2016-10-23T20:02:25.118+0800: 81.810: [GC (Allocation Failure) 2016-10-23T20:02:25.118+0800: 81.810: [ParNew
Desired survivor size 20112992 bytes, new threshold 6 (max 8)
- age   1:    4706728 bytes,    4706728 total
- age   2:    3037600 bytes,    7744328 total
- age   3:    7471960 bytes,   15216288 total
- age   4:    1313912 bytes,   16530200 total
- age   5:    1911376 bytes,   18441576 total
- age   6:    1719520 bytes,   20161096 total
: 109248K->21824K(109248K), 0.0086364 secs] 239501K->158245K(502464K), 0.0087312 secs] [Times: user=0.03 sys=0.00, real=0.01 secs] 
Heap after GC invocations=212 (full 7):
 par new generation   total 109248K, used 21824K [0x00000007a0000000, 0x00000007a8000000, 0x00000007a8000000)
  eden space 87424K,   0% used [0x00000007a0000000, 0x00000007a0000000, 0x00000007a5560000)
  from space 21824K, 100% used [0x00000007a5560000, 0x00000007a6ab0000, 0x00000007a6ab0000)
  to   space 21824K,   0% used [0x00000007a6ab0000, 0x00000007a6ab0000, 0x00000007a8000000)
 concurrent mark-sweep generation total 393216K, used 136421K [0x00000007a8000000, 0x00000007c0000000, 0x00000007c0000000)
 Metaspace       used 34458K, capacity 34986K, committed 35396K, reserved 1081344K
  class space    used 3994K, capacity 4170K, committed 4192K, reserved 1048576K
}
2016-10-23T20:02:25.127+0800: 81.819: Total time for which application threads were stopped: 0.0089463 seconds, Stopping threads took: 0.0000388 seconds
{Heap before GC invocations=212 (full 7):
 par new generation   total 109248K, used 109248K [0x00000007a0000000, 0x00000007a8000000, 0x00000007a8000000)
  eden space 87424K, 100% used [0x00000007a0000000, 0x00000007a5560000, 0x00000007a5560000)
  from space 21824K, 100% used [0x00000007a5560000, 0x00000007a6ab0000, 0x00000007a6ab0000)
  to   space 21824K,   0% used [0x00000007a6ab0000, 0x00000007a6ab0000, 0x00000007a8000000)
 concurrent mark-sweep generation total 393216K, used 136421K [0x00000007a8000000, 0x00000007c0000000, 0x00000007c0000000)
 Metaspace       used 34458K, capacity 34986K, committed 35396K, reserved 1081344K
  class space    used 3994K, capacity 4170K, committed 4192K, reserved 1048576K
2016-10-23T20:02:25.348+0800: 82.040: [GC (Allocation Failure) 2016-10-23T20:02:25.348+0800: 82.040: [ParNew
Desired survivor size 20112992 bytes, new threshold 8 (max 8)
- age   1:    8227960 bytes,    8227960 total
- age   2:    4535232 bytes,   12763192 total
- age   3:    1611192 bytes,   14374384 total
- age   4:    2195520 bytes,   16569904 total
- age   5:    1296904 bytes,   17866808 total
- age   6:    1894584 bytes,   19761392 total
: 109248K->21824K(109248K), 0.0099594 secs] 245669K->162947K(502464K), 0.0100256 secs] [Times: user=0.04 sys=0.00, real=0.01 secs] 
Heap after GC invocations=213 (full 7):
 par new generation   total 109248K, used 21824K [0x00000007a0000000, 0x00000007a8000000, 0x00000007a8000000)
  eden space 87424K,   0% used [0x00000007a0000000, 0x00000007a0000000, 0x00000007a5560000)
  from space 21824K, 100% used [0x00000007a6ab0000, 0x00000007a8000000, 0x00000007a8000000)
  to   space 21824K,   0% used [0x00000007a5560000, 0x00000007a5560000, 0x00000007a6ab0000)
 concurrent mark-sweep generation total 393216K, used 141123K [0x00000007a8000000, 0x00000007c0000000, 0x00000007c0000000)
 Metaspace       used 34458K, capacity 34986K, committed 35396K, reserved 1081344K
  class space    used 3994K, capacity 4170K, committed 4192K, reserved 1048576K
}
2016-10-23T20:02:25.358+0800: 82.050: Total time for which application threads were stopped: 0.0101747 seconds, Stopping threads took: 0.0000284 seconds
{Heap before GC invocations=213 (full 7):
 par new generation   total 109248K, used 109248K [0x00000007a0000000, 0x00000007a8000000, 0x00000007a8000000)
  eden space 87424K, 100% used [0x00000007a0000000, 0x00000007a5560000, 0x00000007a5560000)
  from space 21824K, 100% used [0x00000007a6ab0000, 0x00000007a8000000, 0x00000007a8000000)
  to   space 21824K,   0% used [0x00000007a5560000, 0x00000007a5560000, 0x00000007a6ab0000)
 concurrent mark-sweep generation total 393216K, used 141123K [0x00000007a8000000, 0x00000007c0000000, 0x00000007c0000000)
 Metaspace       used 34458K, capacity 34986K, committed 35396K, reserved 1081344K
  class space    used 3994K, capacity 4170K, committed 4192K, reserved 1048576K
2016-10-23T20:02:25.595+0800: 82.287: [GC (Allocation Failure) 2016-10-23T20:02:25.595+0800: 82.287: [ParNew
Desired survivor size 20112992 bytes, new threshold 7 (max 8)
- age   1:    5604928 bytes,    5604928 total
- age   2:    7341608 bytes,   12946536 total
- age   3:    2297352 bytes,   15243888 total
- age   4:    1273456 bytes,   16517344 total
- age   5:    2079328 bytes,   18596672 total
- age   6:    1152112 bytes,   19748784 total
- age   7:    1776856 bytes,   21525640 total
: 109248K->21824K(109248K), 0.0091556 secs] 250371K->171283K(502464K), 0.0092141 secs] [Times: user=0.04 sys=0.00, real=0.01 secs] 
Heap after GC invocations=214 (full 7):
 par new generation   total 109248K, used 21824K [0x00000007a0000000, 0x00000007a8000000, 0x00000007a8000000)
  eden space 87424K,   0% used [0x00000007a0000000, 0x00000007a0000000, 0x00000007a5560000)
  from space 21824K, 100% used [0x00000007a5560000, 0x00000007a6ab0000, 0x00000007a6ab0000)
  to   space 21824K,   0% used [0x00000007a6ab0000, 0x00000007a6ab0000, 0x00000007a8000000)
 concurrent mark-sweep generation total 393216K, used 149459K [0x00000007a8000000, 0x00000007c0000000, 0x00000007c0000000)
 Metaspace       used 34458K, capacity 34986K, committed 35396K, reserved 1081344K
  class space    used 3994K, capacity 4170K, committed 4192K, reserved 1048576K
}
2016-10-23T20:02:25.604+0800: 82.297: Total time for which application threads were stopped: 0.0093588 seconds, Stopping threads took: 0.0000224 seconds
{Heap before GC invocations=214 (full 7):
 par new generation   total 109248K, used 109248K [0x00000007a0000000, 0x00000007a8000000, 0x00000007a8000000)
  eden space 87424K, 100% used [0x00000007a0000000, 0x00000007a5560000, 0x00000007a5560000)
  from space 21824K, 100% used [0x00000007a5560000, 0x00000007a6ab0000, 0x00000007a6ab0000)
  to   space 21824K,   0% used [0x00000007a6ab0000, 0x00000007a6ab0000, 0x00000007a8000000)
 concurrent mark-sweep generation total 393216K, used 149459K [0x00000007a8000000, 0x00000007c0000000, 0x00000007c0000000)
 Metaspace       used 34458K, capacity 34986K, committed 35396K, reserved 1081344K
  class space    used 3994K, capacity 4170K, committed 4192K, reserved 1048576K
2016-10-23T20:02:25.861+0800: 82.554: [GC (Allocation Failure) 2016-10-23T20:02:25.861+0800: 82.554: [ParNew
Desired survivor size 20112992 bytes, new threshold 7 (max 8)
- age   1:    6782376 bytes,    6782376 total
- age   2:    1463416 bytes,    8245792 total
- age   3:    7010360 bytes,   15256152 total
- age   4:    1066408 bytes,   16322560 total
- age   5:    1247464 bytes,   17570024 total
- age   6:    1857848 bytes,   19427872 total
- age   7:     980000 bytes,   20407872 total
: 109248K->21824K(109248K), 0.0095129 secs] 258707K->179880K(502464K), 0.0096031 secs] [Times: user=0.03 sys=0.00, real=0.01 secs] 
Heap after GC invocations=215 (full 7):
 par new generation   total 109248K, used 21824K [0x00000007a0000000, 0x00000007a8000000, 0x00000007a8000000)
  eden space 87424K,   0% used [0x00000007a0000000, 0x00000007a0000000, 0x00000007a5560000)
  from space 21824K, 100% used [0x00000007a6ab0000, 0x00000007a8000000, 0x00000007a8000000)
  to   space 21824K,   0% used [0x00000007a5560000, 0x00000007a5560000, 0x00000007a6ab0000)
 concurrent mark-sweep generation total 393216K, used 158056K [0x00000007a8000000, 0x00000007c0000000, 0x00000007c0000000)
 Metaspace       used 34458K, capacity 34986K, committed 35396K, reserved 1081344K
  class space    used 3994K, capacity 4170K, committed 4192K, reserved 1048576K
}
2016-10-23T20:02:25.871+0800: 82.563: Total time for which application threads were stopped: 0.0097665 seconds, Stopping threads took: 0.0000299 seconds
2016-10-23T20:02:25.982+0800: 82.674: Total time for which application threads were stopped: 0.0001418 seconds, Stopping threads took: 0.0000661 seconds
{Heap before GC invocations=215 (full 7):
 par new generation   total 109248K, used 109248K [0x00000007a0000000, 0x00000007a8000000, 0x00000007a8000000)
  eden space 87424K, 100% used [0x00000007a0000000, 0x00000007a5560000, 0x00000007a5560000)
  from space 21824K, 100% used [0x00000007a6ab0000, 0x00000007a8000000, 0x00000007a8000000)
  to   space 21824K,   0% used [0x00000007a5560000, 0x00000007a5560000, 0x00000007a6ab0000)
 concurrent mark-sweep generation total 393216K, used 158056K [0x00000007a8000000, 0x00000007c0000000, 0x00000007c0000000)
 Metaspace       used 34458K, capacity 34986K, committed 35396K, reserved 1081344K
  class space    used 3994K, capacity 4170K, committed 4192K, reserved 1048576K
2016-10-23T20:02:26.130+0800: 82.823: [GC (Allocation Failure) 2016-10-23T20:02:26.130+0800: 82.823: [ParNew
Desired survivor size 20112992 bytes, new threshold 8 (max 8)
- age   1:    6927904 bytes,    6927904 total
- age   2:    6715848 bytes,   13643752 total
- age   3:    1165800 bytes,   14809552 total
- age   4:    1213008 bytes,   16022560 total
- age   5:    1061152 bytes,   17083712 total
- age   6:    1003384 bytes,   18087096 total
- age   7:    1844112 bytes,   19931208 total
: 109248K->21824K(109248K), 0.0101516 secs] 267304K->184229K(502464K), 0.0102024 secs] [Times: user=0.04 sys=0.01, real=0.01 secs] 
Heap after GC invocations=216 (full 7):
 par new generation   total 109248K, used 21824K [0x00000007a0000000, 0x00000007a8000000, 0x00000007a8000000)
  eden space 87424K,   0% used [0x00000007a0000000, 0x00000007a0000000, 0x00000007a5560000)
  from space 21824K, 100% used [0x00000007a5560000, 0x00000007a6ab0000, 0x00000007a6ab0000)
  to   space 21824K,   0% used [0x00000007a6ab0000, 0x00000007a6ab0000, 0x00000007a8000000)
 concurrent mark-sweep generation total 393216K, used 162405K [0x00000007a8000000, 0x00000007c0000000, 0x00000007c0000000)
 Metaspace       used 34458K, capacity 34986K, committed 35396K, reserved 1081344K
  class space    used 3994K, capacity 4170K, committed 4192K, reserved 1048576K
}
2016-10-23T20:02:26.140+0800: 82.833: Total time for which application threads were stopped: 0.0103561 seconds, Stopping threads took: 0.0000212 seconds
{Heap before GC invocations=216 (full 7):
 par new generation   total 109248K, used 108826K [0x00000007a0000000, 0x00000007a8000000, 0x00000007a8000000)
  eden space 87424K,  99% used [0x00000007a0000000, 0x00000007a54f6840, 0x00000007a5560000)
  from space 21824K, 100% used [0x00000007a5560000, 0x00000007a6ab0000, 0x00000007a6ab0000)
  to   space 21824K,   0% used [0x00000007a6ab0000, 0x00000007a6ab0000, 0x00000007a8000000)
 concurrent mark-sweep generation total 393216K, used 162405K [0x00000007a8000000, 0x00000007c0000000, 0x00000007c0000000)
 Metaspace       used 34458K, capacity 34986K, committed 35396K, reserved 1081344K
  class space    used 3994K, capacity 4170K, committed 4192K, reserved 1048576K
2016-10-23T20:02:26.414+0800: 83.106: [GC (Allocation Failure) 2016-10-23T20:02:26.414+0800: 83.106: [ParNew
Desired survivor size 20112992 bytes, new threshold 8 (max 8)
- age   1:    6313168 bytes,    6313168 total
- age   2:    3431360 bytes,    9744528 total
- age   3:    5706720 bytes,   15451248 total
- age   4:     776200 bytes,   16227448 total
- age   5:    1144448 bytes,   17371896 total
- age   6:     997704 bytes,   18369600 total
- age   7:     934872 bytes,   19304472 total
- age   8:    1278192 bytes,   20582664 total
: 108826K->21824K(109248K), 0.0110468 secs] 271231K->191077K(502464K), 0.0111053 secs] [Times: user=0.04 sys=0.00, real=0.01 secs] 
Heap after GC invocations=217 (full 7):
 par new generation   total 109248K, used 21824K [0x00000007a0000000, 0x00000007a8000000, 0x00000007a8000000)
  eden space 87424K,   0% used [0x00000007a0000000, 0x00000007a0000000, 0x00000007a5560000)
  from space 21824K, 100% used [0x00000007a6ab0000, 0x00000007a8000000, 0x00000007a8000000)
  to   space 21824K,   0% used [0x00000007a5560000, 0x00000007a5560000, 0x00000007a6ab0000)
 concurrent mark-sweep generation total 393216K, used 169253K [0x00000007a8000000, 0x00000007c0000000, 0x00000007c0000000)
 Metaspace       used 34458K, capacity 34986K, committed 35396K, reserved 1081344K
  class space    used 3994K, capacity 4170K, committed 4192K, reserved 1048576K
}
2016-10-23T20:02:26.425+0800: 83.118: Total time for which application threads were stopped: 0.0112541 seconds, Stopping threads took: 0.0000201 seconds
{Heap before GC invocations=217 (full 7):
 par new generation   total 109248K, used 109248K [0x00000007a0000000, 0x00000007a8000000, 0x00000007a8000000)
  eden space 87424K, 100% used [0x00000007a0000000, 0x00000007a5560000, 0x00000007a5560000)
  from space 21824K, 100% used [0x00000007a6ab0000, 0x00000007a8000000, 0x00000007a8000000)
  to   space 21824K,   0% used [0x00000007a5560000, 0x00000007a5560000, 0x00000007a6ab0000)
 concurrent mark-sweep generation total 393216K, used 169253K [0x00000007a8000000, 0x00000007c0000000, 0x00000007c0000000)
 Metaspace       used 34458K, capacity 34986K, committed 35396K, reserved 1081344K
  class space    used 3994K, capacity 4170K, committed 4192K, reserved 1048576K
2016-10-23T20:02:26.707+0800: 83.400: [GC (Allocation Failure) 2016-10-23T20:02:26.707+0800: 83.400: [ParNew
Desired survivor size 20112992 bytes, new threshold 8 (max 8)
- age   1:    3884528 bytes,    3884528 total
- age   2:    5164968 bytes,    9049496 total
- age   3:    3407968 bytes,   12457464 total
- age   4:    4346200 bytes,   16803664 total
- age   5:     742040 bytes,   17545704 total
- age   6:    1083912 bytes,   18629616 total
- age   7:     955432 bytes,   19585048 total
- age   8:     903240 bytes,   20488288 total
: 109248K->21824K(109248K), 0.0108508 secs] 278501K->203095K(502464K), 0.0109066 secs] [Times: user=0.04 sys=0.00, real=0.01 secs] 
Heap after GC invocations=218 (full 7):
 par new generation   total 109248K, used 21824K [0x00000007a0000000, 0x00000007a8000000, 0x00000007a8000000)
  eden space 87424K,   0% used [0x00000007a0000000, 0x00000007a0000000, 0x00000007a5560000)
  from space 21824K, 100% used [0x00000007a5560000, 0x00000007a6ab0000, 0x00000007a6ab0000)
  to   space 21824K,   0% used [0x00000007a6ab0000, 0x00000007a6ab0000, 0x00000007a8000000)
 concurrent mark-sweep generation total 393216K, used 181271K [0x00000007a8000000, 0x00000007c0000000, 0x00000007c0000000)
 Metaspace       used 34458K, capacity 34986K, committed 35396K, reserved 1081344K
  class space    used 3994K, capacity 4170K, committed 4192K, reserved 1048576K
}
2016-10-23T20:02:26.718+0800: 83.410: Total time for which application threads were stopped: 0.0110531 seconds, Stopping threads took: 0.0000186 seconds
{Heap before GC invocations=218 (full 7):
 par new generation   total 109248K, used 109248K [0x00000007a0000000, 0x00000007a8000000, 0x00000007a8000000)
  eden space 87424K, 100% used [0x00000007a0000000, 0x00000007a5560000, 0x00000007a5560000)
  from space 21824K, 100% used [0x00000007a5560000, 0x00000007a6ab0000, 0x00000007a6ab0000)
  to   space 21824K,   0% used [0x00000007a6ab0000, 0x00000007a6ab0000, 0x00000007a8000000)
 concurrent mark-sweep generation total 393216K, used 181271K [0x00000007a8000000, 0x00000007c0000000, 0x00000007c0000000)
 Metaspace       used 34458K, capacity 34986K, committed 35396K, reserved 1081344K
  class space    used 3994K, capacity 4170K, committed 4192K, reserved 1048576K
2016-10-23T20:02:26.941+0800: 83.634: [GC (Allocation Failure) 2016-10-23T20:02:26.941+0800: 83.634: [ParNew
Desired survivor size 20112992 bytes, new threshold 8 (max 8)
- age   1:    4858384 bytes,    4858384 total
- age   2:    2389688 bytes,    7248072 total
- age   3:    4023768 bytes,   11271840 total
- age   4:    2281976 bytes,   13553816 total
- age   5:    4002184 bytes,   17556000 total
- age   6:     709248 bytes,   18265248 total
- age   7:    1054240 bytes,   19319488 total
- age   8:     908160 bytes,   20227648 total
: 109248K->21824K(109248K), 0.0107885 secs] 290519K->214897K(502464K), 0.0108603 secs] [Times: user=0.04 sys=0.00, real=0.01 secs] 
Heap after GC invocations=219 (full 7):
 par new generation   total 109248K, used 21824K [0x00000007a0000000, 0x00000007a8000000, 0x00000007a8000000)
  eden space 87424K,   0% used [0x00000007a0000000, 0x00000007a0000000, 0x00000007a5560000)
  from space 21824K, 100% used [0x00000007a6ab0000, 0x00000007a8000000, 0x00000007a8000000)
  to   space 21824K,   0% used [0x00000007a5560000, 0x00000007a5560000, 0x00000007a6ab0000)
 concurrent mark-sweep generation total 393216K, used 193073K [0x00000007a8000000, 0x00000007c0000000, 0x00000007c0000000)
 Metaspace       used 34458K, capacity 34986K, committed 35396K, reserved 1081344K
  class space    used 3994K, capacity 4170K, committed 4192K, reserved 1048576K
}
2016-10-23T20:02:26.952+0800: 83.645: Total time for which application threads were stopped: 0.0110334 seconds, Stopping threads took: 0.0000310 seconds
2016-10-23T20:02:27.952+0800: 84.645: Total time for which application threads were stopped: 0.0002046 seconds, Stopping threads took: 0.0000784 seconds
{Heap before GC invocations=219 (full 7):
 par new generation   total 109248K, used 109248K [0x00000007a0000000, 0x00000007a8000000, 0x00000007a8000000)
  eden space 87424K, 100% used [0x00000007a0000000, 0x00000007a5560000, 0x00000007a5560000)
  from space 21824K, 100% used [0x00000007a6ab0000, 0x00000007a8000000, 0x00000007a8000000)
  to   space 21824K,   0% used [0x00000007a5560000, 0x00000007a5560000, 0x00000007a6ab0000)
 concurrent mark-sweep generation total 393216K, used 193073K [0x00000007a8000000, 0x00000007c0000000, 0x00000007c0000000)
 Metaspace       used 34461K, capacity 34986K, committed 35396K, reserved 1081344K
  class space    used 3994K, capacity 4170K, committed 4192K, reserved 1048576K
2016-10-23T20:02:28.043+0800: 84.736: [GC (Allocation Failure) 2016-10-23T20:02:28.043+0800: 84.736: [ParNew
Desired survivor size 20112992 bytes, new threshold 8 (max 8)
- age   1:     299144 bytes,     299144 total
- age   2:    4830632 bytes,    5129776 total
- age   3:    2372024 bytes,    7501800 total
- age   4:    4008064 bytes,   11509864 total
- age   5:    2209072 bytes,   13718936 total
- age   6:    3886960 bytes,   17605896 total
- age   7:     581736 bytes,   18187632 total
- age   8:    1016624 bytes,   19204256 total
: 109248K->21824K(109248K), 0.0074829 secs] 302321K->216489K(502464K), 0.0075446 secs] [Times: user=0.03 sys=0.00, real=0.01 secs] 
Heap after GC invocations=220 (full 7):
 par new generation   total 109248K, used 21824K [0x00000007a0000000, 0x00000007a8000000, 0x00000007a8000000)
  eden space 87424K,   0% used [0x00000007a0000000, 0x00000007a0000000, 0x00000007a5560000)
  from space 21824K, 100% used [0x00000007a5560000, 0x00000007a6ab0000, 0x00000007a6ab0000)
  to   space 21824K,   0% used [0x00000007a6ab0000, 0x00000007a6ab0000, 0x00000007a8000000)
 concurrent mark-sweep generation total 393216K, used 194665K [0x00000007a8000000, 0x00000007c0000000, 0x00000007c0000000)
 Metaspace       used 34461K, capacity 34986K, committed 35396K, reserved 1081344K
  class space    used 3994K, capacity 4170K, committed 4192K, reserved 1048576K
}
2016-10-23T20:02:28.051+0800: 84.744: Total time for which application threads were stopped: 0.0077303 seconds, Stopping threads took: 0.0000281 seconds
{Heap before GC invocations=220 (full 7):
 par new generation   total 109248K, used 109248K [0x00000007a0000000, 0x00000007a8000000, 0x00000007a8000000)
  eden space 87424K, 100% used [0x00000007a0000000, 0x00000007a5560000, 0x00000007a5560000)
  from space 21824K, 100% used [0x00000007a5560000, 0x00000007a6ab0000, 0x00000007a6ab0000)
  to   space 21824K,   0% used [0x00000007a6ab0000, 0x00000007a6ab0000, 0x00000007a8000000)
 concurrent mark-sweep generation total 393216K, used 194665K [0x00000007a8000000, 0x00000007c0000000, 0x00000007c0000000)
 Metaspace       used 34461K, capacity 34986K, committed 35396K, reserved 1081344K
  class space    used 3994K, capacity 4170K, committed 4192K, reserved 1048576K
2016-10-23T20:02:28.159+0800: 84.852: [GC (Allocation Failure) 2016-10-23T20:02:28.159+0800: 84.852: [ParNew
Desired survivor size 20112992 bytes, new threshold 8 (max 8)
- age   1:      82552 bytes,      82552 total
- age   2:     286024 bytes,     368576 total
- age   3:    4830632 bytes,    5199208 total
- age   4:    2372024 bytes,    7571232 total
- age   5:    4008064 bytes,   11579296 total
- age   6:    2209072 bytes,   13788368 total
- age   7:    3886960 bytes,   17675328 total
- age   8:     581736 bytes,   18257064 total
: 109248K->21824K(109248K), 0.0059750 secs] 303913K->217491K(502464K), 0.0060287 secs] [Times: user=0.02 sys=0.00, real=0.01 secs] 
Heap after GC invocations=221 (full 7):
 par new generation   total 109248K, used 21824K [0x00000007a0000000, 0x00000007a8000000, 0x00000007a8000000)
  eden space 87424K,   0% used [0x00000007a0000000, 0x00000007a0000000, 0x00000007a5560000)
  from space 21824K, 100% used [0x00000007a6ab0000, 0x00000007a8000000, 0x00000007a8000000)
  to   space 21824K,   0% used [0x00000007a5560000, 0x00000007a5560000, 0x00000007a6ab0000)
 concurrent mark-sweep generation total 393216K, used 195667K [0x00000007a8000000, 0x00000007c0000000, 0x00000007c0000000)
 Metaspace       used 34461K, capacity 34986K, committed 35396K, reserved 1081344K
  class space    used 3994K, capacity 4170K, committed 4192K, reserved 1048576K
}
2016-10-23T20:02:28.165+0800: 84.858: Total time for which application threads were stopped: 0.0062211 seconds, Stopping threads took: 0.0000295 seconds
{Heap before GC invocations=221 (full 7):
 par new generation   total 109248K, used 109248K [0x00000007a0000000, 0x00000007a8000000, 0x00000007a8000000)
  eden space 87424K, 100% used [0x00000007a0000000, 0x00000007a5560000, 0x00000007a5560000)
  from space 21824K, 100% used [0x00000007a6ab0000, 0x00000007a8000000, 0x00000007a8000000)
  to   space 21824K,   0% used [0x00000007a5560000, 0x00000007a5560000, 0x00000007a6ab0000)
 concurrent mark-sweep generation total 393216K, used 195667K [0x00000007a8000000, 0x00000007c0000000, 0x00000007c0000000)
 Metaspace       used 34461K, capacity 34986K, committed 35396K, reserved 1081344K
  class space    used 3994K, capacity 4170K, committed 4192K, reserved 1048576K
2016-10-23T20:02:28.238+0800: 84.931: [GC (Allocation Failure) 2016-10-23T20:02:28.238+0800: 84.931: [ParNew
Desired survivor size 20112992 bytes, new threshold 8 (max 8)
- age   1:     169968 bytes,     169968 total
- age   3:     276256 bytes,     446224 total
- age   4:    4830632 bytes,    5276856 total
- age   5:    2372024 bytes,    7648880 total
- age   6:    4008064 bytes,   11656944 total
- age   7:    2209072 bytes,   13866016 total
- age   8:    3886960 bytes,   17752976 total
: 109248K->21824K(109248K), 0.0070746 secs] 304915K->218069K(502464K), 0.0071314 secs] [Times: user=0.03 sys=0.00, real=0.01 secs] 
Heap after GC invocations=222 (full 7):
 par new generation   total 109248K, used 21824K [0x00000007a0000000, 0x00000007a8000000, 0x00000007a8000000)
  eden space 87424K,   0% used [0x00000007a0000000, 0x00000007a0000000, 0x00000007a5560000)
  from space 21824K, 100% used [0x00000007a5560000, 0x00000007a6ab0000, 0x00000007a6ab0000)
  to   space 21824K,   0% used [0x00000007a6ab0000, 0x00000007a6ab0000, 0x00000007a8000000)
 concurrent mark-sweep generation total 393216K, used 196245K [0x00000007a8000000, 0x00000007c0000000, 0x00000007c0000000)
 Metaspace       used 34461K, capacity 34986K, committed 35396K, reserved 1081344K
  class space    used 3994K, capacity 4170K, committed 4192K, reserved 1048576K
}
2016-10-23T20:02:28.245+0800: 84.938: Total time for which application threads were stopped: 0.0072927 seconds, Stopping threads took: 0.0000287 seconds
{Heap before GC invocations=222 (full 7):
 par new generation   total 109248K, used 109248K [0x00000007a0000000, 0x00000007a8000000, 0x00000007a8000000)
  eden space 87424K, 100% used [0x00000007a0000000, 0x00000007a5560000, 0x00000007a5560000)
  from space 21824K, 100% used [0x00000007a5560000, 0x00000007a6ab0000, 0x00000007a6ab0000)
  to   space 21824K,   0% used [0x00000007a6ab0000, 0x00000007a6ab0000, 0x00000007a8000000)
 concurrent mark-sweep generation total 393216K, used 196245K [0x00000007a8000000, 0x00000007c0000000, 0x00000007c0000000)
 Metaspace       used 34461K, capacity 34986K, committed 35396K, reserved 1081344K
  class space    used 3994K, capacity 4170K, committed 4192K, reserved 1048576K
2016-10-23T20:02:28.347+0800: 85.039: [GC (Allocation Failure) 2016-10-23T20:02:28.347+0800: 85.039: [ParNew
Desired survivor size 20112992 bytes, new threshold 8 (max 8)
- age   1:     120520 bytes,     120520 total
- age   2:        296 bytes,     120816 total
- age   4:     276256 bytes,     397072 total
- age   5:    4830632 bytes,    5227704 total
- age   6:    2372024 bytes,    7599728 total
- age   7:    4008064 bytes,   11607792 total
- age   8:    2209072 bytes,   13816864 total
: 109248K->21821K(109248K), 0.0052544 secs] 305493K->221872K(502464K), 0.0053081 secs] [Times: user=0.01 sys=0.00, real=0.01 secs] 
Heap after GC invocations=223 (full 7):
 par new generation   total 109248K, used 21821K [0x00000007a0000000, 0x00000007a8000000, 0x00000007a8000000)
  eden space 87424K,   0% used [0x00000007a0000000, 0x00000007a0000000, 0x00000007a5560000)
  from space 21824K,  99% used [0x00000007a6ab0000, 0x00000007a7fff730, 0x00000007a8000000)
  to   space 21824K,   0% used [0x00000007a5560000, 0x00000007a5560000, 0x00000007a6ab0000)
 concurrent mark-sweep generation total 393216K, used 200050K [0x00000007a8000000, 0x00000007c0000000, 0x00000007c0000000)
 Metaspace       used 34461K, capacity 34986K, committed 35396K, reserved 1081344K
  class space    used 3994K, capacity 4170K, committed 4192K, reserved 1048576K
}
2016-10-23T20:02:28.352+0800: 85.045: Total time for which application threads were stopped: 0.0054728 seconds, Stopping threads took: 0.0000304 seconds
2016-10-23T20:02:28.352+0800: 85.045: [GC (CMS Initial Mark) [1 CMS-initial-mark: 200050K(393216K)] 223611K(502464K), 0.0008301 secs] [Times: user=0.01 sys=0.00, real=0.00 secs] 
2016-10-23T20:02:28.353+0800: 85.046: Total time for which application threads were stopped: 0.0009989 seconds, Stopping threads took: 0.0000691 seconds
2016-10-23T20:02:28.353+0800: 85.046: [CMS-concurrent-mark-start]
2016-10-23T20:02:28.386+0800: 85.079: [CMS-concurrent-mark: 0.033/0.033 secs] [Times: user=0.16 sys=0.00, real=0.03 secs] 
2016-10-23T20:02:28.386+0800: 85.079: [CMS-concurrent-preclean-start]
2016-10-23T20:02:28.387+0800: 85.080: [CMS-concurrent-preclean: 0.001/0.001 secs] [Times: user=0.00 sys=0.00, real=0.00 secs] 
2016-10-23T20:02:28.387+0800: 85.080: [CMS-concurrent-abortable-preclean-start]
{Heap before GC invocations=223 (full 8):
 par new generation   total 109248K, used 109245K [0x00000007a0000000, 0x00000007a8000000, 0x00000007a8000000)
  eden space 87424K, 100% used [0x00000007a0000000, 0x00000007a5560000, 0x00000007a5560000)
  from space 21824K,  99% used [0x00000007a6ab0000, 0x00000007a7fff730, 0x00000007a8000000)
  to   space 21824K,   0% used [0x00000007a5560000, 0x00000007a5560000, 0x00000007a6ab0000)
 concurrent mark-sweep generation total 393216K, used 200050K [0x00000007a8000000, 0x00000007c0000000, 0x00000007c0000000)
 Metaspace       used 34461K, capacity 34986K, committed 35396K, reserved 1081344K
  class space    used 3994K, capacity 4170K, committed 4192K, reserved 1048576K
2016-10-23T20:02:28.474+0800: 85.166: [GC (Allocation Failure) 2016-10-23T20:02:28.474+0800: 85.166: [ParNew
Desired survivor size 20112992 bytes, new threshold 8 (max 8)
- age   1:     102560 bytes,     102560 total
- age   2:       1352 bytes,     103912 total
- age   3:        296 bytes,     104208 total
- age   5:     276256 bytes,     380464 total
- age   6:    4830632 bytes,    5211096 total
- age   7:    2372024 bytes,    7583120 total
- age   8:    4008064 bytes,   11591184 total
: 109245K->14455K(109248K), 0.0054753 secs] 309296K->216672K(502464K), 0.0055340 secs] [Times: user=0.02 sys=0.00, real=0.00 secs] 
Heap after GC invocations=224 (full 8):
 par new generation   total 109248K, used 14455K [0x00000007a0000000, 0x00000007a8000000, 0x00000007a8000000)
  eden space 87424K,   0% used [0x00000007a0000000, 0x00000007a0000000, 0x00000007a5560000)
  from space 21824K,  66% used [0x00000007a5560000, 0x00000007a637dce0, 0x00000007a6ab0000)
  to   space 21824K,   0% used [0x00000007a6ab0000, 0x00000007a6ab0000, 0x00000007a8000000)
 concurrent mark-sweep generation total 393216K, used 202217K [0x00000007a8000000, 0x00000007c0000000, 0x00000007c0000000)
 Metaspace       used 34461K, capacity 34986K, committed 35396K, reserved 1081344K
  class space    used 3994K, capacity 4170K, committed 4192K, reserved 1048576K
}
2016-10-23T20:02:28.479+0800: 85.172: Total time for which application threads were stopped: 0.0056926 seconds, Stopping threads took: 0.0000196 seconds
{Heap before GC invocations=224 (full 8):
 par new generation   total 109248K, used 101879K [0x00000007a0000000, 0x00000007a8000000, 0x00000007a8000000)
  eden space 87424K, 100% used [0x00000007a0000000, 0x00000007a5560000, 0x00000007a5560000)
  from space 21824K,  66% used [0x00000007a5560000, 0x00000007a637dce0, 0x00000007a6ab0000)
  to   space 21824K,   0% used [0x00000007a6ab0000, 0x00000007a6ab0000, 0x00000007a8000000)
 concurrent mark-sweep generation total 393216K, used 202217K [0x00000007a8000000, 0x00000007c0000000, 0x00000007c0000000)
 Metaspace       used 34461K, capacity 34986K, committed 35396K, reserved 1081344K
  class space    used 3994K, capacity 4170K, committed 4192K, reserved 1048576K
2016-10-23T20:02:28.637+0800: 85.329: [GC (Allocation Failure) 2016-10-23T20:02:28.637+0800: 85.329: [ParNew
Desired survivor size 20112992 bytes, new threshold 8 (max 8)
- age   1:     128688 bytes,     128688 total
- age   2:        672 bytes,     129360 total
- age   3:       1352 bytes,     130712 total
- age   4:        240 bytes,     130952 total
- age   6:     276256 bytes,     407208 total
- age   7:    4830632 bytes,    5237840 total
- age   8:    2372024 bytes,    7609864 total
: 101879K->10122K(109248K), 0.0051738 secs] 304096K->216263K(502464K), 0.0052347 secs] [Times: user=0.02 sys=0.00, real=0.01 secs] 
Heap after GC invocations=225 (full 8):
 par new generation   total 109248K, used 10122K [0x00000007a0000000, 0x00000007a8000000, 0x00000007a8000000)
  eden space 87424K,   0% used [0x00000007a0000000, 0x00000007a0000000, 0x00000007a5560000)
  from space 21824K,  46% used [0x00000007a6ab0000, 0x00000007a7492898, 0x00000007a8000000)
  to   space 21824K,   0% used [0x00000007a5560000, 0x00000007a5560000, 0x00000007a6ab0000)
 concurrent mark-sweep generation total 393216K, used 206141K [0x00000007a8000000, 0x00000007c0000000, 0x00000007c0000000)
 Metaspace       used 34461K, capacity 34986K, committed 35396K, reserved 1081344K
  class space    used 3994K, capacity 4170K, committed 4192K, reserved 1048576K
}
2016-10-23T20:02:28.642+0800: 85.335: Total time for which application threads were stopped: 0.0053976 seconds, Stopping threads took: 0.0000282 seconds
2016-10-23T20:02:28.642+0800: 85.335: [CMS-concurrent-abortable-preclean: 0.053/0.255 secs] [Times: user=0.33 sys=0.01, real=0.26 secs] 
2016-10-23T20:02:28.642+0800: 85.335: [GC (CMS Final Remark) [YG occupancy: 11893 K (109248 K)]{Heap before GC invocations=225 (full 8):
 par new generation   total 109248K, used 11893K [0x00000007a0000000, 0x00000007a8000000, 0x00000007a8000000)
  eden space 87424K,   2% used [0x00000007a0000000, 0x00000007a01bac60, 0x00000007a5560000)
  from space 21824K,  46% used [0x00000007a6ab0000, 0x00000007a7492898, 0x00000007a8000000)
  to   space 21824K,   0% used [0x00000007a5560000, 0x00000007a5560000, 0x00000007a6ab0000)
 concurrent mark-sweep generation total 393216K, used 206141K [0x00000007a8000000, 0x00000007c0000000, 0x00000007c0000000)
 Metaspace       used 34461K, capacity 34986K, committed 35396K, reserved 1081344K
  class space    used 3994K, capacity 4170K, committed 4192K, reserved 1048576K
2016-10-23T20:02:28.642+0800: 85.335: [GC (CMS Final Remark) 2016-10-23T20:02:28.642+0800: 85.335: [ParNew
Desired survivor size 20112992 bytes, new threshold 8 (max 8)
- age   1:      17184 bytes,      17184 total
- age   2:     124672 bytes,     141856 total
- age   3:        672 bytes,     142528 total
- age   4:       1352 bytes,     143880 total
- age   5:        240 bytes,     144120 total
- age   7:     276256 bytes,     420376 total
- age   8:    4830632 bytes,    5251008 total
: 11893K->6001K(109248K), 0.0039385 secs] 218034K->214471K(502464K), 0.0039876 secs] [Times: user=0.01 sys=0.00, real=0.00 secs] 
Heap after GC invocations=226 (full 8):
 par new generation   total 109248K, used 6001K [0x00000007a0000000, 0x00000007a8000000, 0x00000007a8000000)
  eden space 87424K,   0% used [0x00000007a0000000, 0x00000007a0000000, 0x00000007a5560000)
  from space 21824K,  27% used [0x00000007a5560000, 0x00000007a5b3c550, 0x00000007a6ab0000)
  to   space 21824K,   0% used [0x00000007a6ab0000, 0x00000007a6ab0000, 0x00000007a8000000)
 concurrent mark-sweep generation total 393216K, used 208469K [0x00000007a8000000, 0x00000007c0000000, 0x00000007c0000000)
 Metaspace       used 34461K, capacity 34986K, committed 35396K, reserved 1081344K
  class space    used 3994K, capacity 4170K, committed 4192K, reserved 1048576K
}
2016-10-23T20:02:28.646+0800: 85.339: [Rescan (parallel) , 0.0019715 secs]2016-10-23T20:02:28.648+0800: 85.341: [weak refs processing, 0.0008114 secs]2016-10-23T20:02:28.649+0800: 85.342: [class unloading, 0.0057348 secs]2016-10-23T20:02:28.655+0800: 85.348: [scrub symbol table, 0.0045854 secs]2016-10-23T20:02:28.659+0800: 85.352: [scrub string table, 0.0004670 secs][1 CMS-remark: 208469K(393216K)] 214471K(502464K), 0.0178223 secs] [Times: user=0.03 sys=0.00, real=0.02 secs] 
2016-10-23T20:02:28.660+0800: 85.353: Total time for which application threads were stopped: 0.0180222 seconds, Stopping threads took: 0.0000909 seconds
2016-10-23T20:02:28.660+0800: 85.353: [CMS-concurrent-sweep-start]
2016-10-23T20:02:28.690+0800: 85.383: [CMS-concurrent-sweep: 0.030/0.030 secs] [Times: user=0.06 sys=0.00, real=0.03 secs] 
2016-10-23T20:02:28.690+0800: 85.383: [CMS-concurrent-reset-start]
2016-10-23T20:02:28.690+0800: 85.383: [CMS-concurrent-reset: 0.000/0.000 secs] [Times: user=0.00 sys=0.00, real=0.00 secs] 
2016-10-23T20:02:28.734+0800: 85.427: Total time for which application threads were stopped: 0.0001099 seconds, Stopping threads took: 0.0000222 seconds
2016-10-23T20:02:28.734+0800: 85.427: Total time for which application threads were stopped: 0.0000520 seconds, Stopping threads took: 0.0000213 seconds
2016-10-23T20:02:28.734+0800: 85.427: Total time for which application threads were stopped: 0.0000451 seconds, Stopping threads took: 0.0000157 seconds
{Heap before GC invocations=226 (full 8):
 par new generation   total 109248K, used 93425K [0x00000007a0000000, 0x00000007a8000000, 0x00000007a8000000)
  eden space 87424K, 100% used [0x00000007a0000000, 0x00000007a5560000, 0x00000007a5560000)
  from space 21824K,  27% used [0x00000007a5560000, 0x00000007a5b3c550, 0x00000007a6ab0000)
  to   space 21824K,   0% used [0x00000007a6ab0000, 0x00000007a6ab0000, 0x00000007a8000000)
 concurrent mark-sweep generation total 393216K, used 133611K [0x00000007a8000000, 0x00000007c0000000, 0x00000007c0000000)
 Metaspace       used 34469K, capacity 35050K, committed 35396K, reserved 1081344K
  class space    used 3994K, capacity 4170K, committed 4192K, reserved 1048576K
2016-10-23T20:02:28.910+0800: 85.603: [GC (Allocation Failure) 2016-10-23T20:02:28.910+0800: 85.603: [ParNew
Desired survivor size 20112992 bytes, new threshold 8 (max 8)
- age   1:    5023960 bytes,    5023960 total
- age   3:       2224 bytes,    5026184 total
- age   4:        672 bytes,    5026856 total
- age   5:       1352 bytes,    5028208 total
- age   6:        240 bytes,    5028448 total
- age   8:     259552 bytes,    5288000 total
: 93425K->5672K(109248K), 0.0048607 secs] 227036K->143489K(502464K), 0.0049223 secs] [Times: user=0.01 sys=0.00, real=0.00 secs] 
Heap after GC invocations=227 (full 8):
 par new generation   total 109248K, used 5672K [0x00000007a0000000, 0x00000007a8000000, 0x00000007a8000000)
  eden space 87424K,   0% used [0x00000007a0000000, 0x00000007a0000000, 0x00000007a5560000)
  from space 21824K,  25% used [0x00000007a6ab0000, 0x00000007a703a2f0, 0x00000007a8000000)
  to   space 21824K,   0% used [0x00000007a5560000, 0x00000007a5560000, 0x00000007a6ab0000)
 concurrent mark-sweep generation total 393216K, used 137816K [0x00000007a8000000, 0x00000007c0000000, 0x00000007c0000000)
 Metaspace       used 34469K, capacity 35050K, committed 35396K, reserved 1081344K
  class space    used 3994K, capacity 4170K, committed 4192K, reserved 1048576K
}
2016-10-23T20:02:28.915+0800: 85.608: Total time for which application threads were stopped: 0.0050747 seconds, Stopping threads took: 0.0000295 seconds
{Heap before GC invocations=227 (full 8):
 par new generation   total 109248K, used 93096K [0x00000007a0000000, 0x00000007a8000000, 0x00000007a8000000)
  eden space 87424K, 100% used [0x00000007a0000000, 0x00000007a5560000, 0x00000007a5560000)
  from space 21824K,  25% used [0x00000007a6ab0000, 0x00000007a703a2f0, 0x00000007a8000000)
  to   space 21824K,   0% used [0x00000007a5560000, 0x00000007a5560000, 0x00000007a6ab0000)
 concurrent mark-sweep generation total 393216K, used 137816K [0x00000007a8000000, 0x00000007c0000000, 0x00000007c0000000)
 Metaspace       used 34469K, capacity 35050K, committed 35396K, reserved 1081344K
  class space    used 3994K, capacity 4170K, committed 4192K, reserved 1048576K
2016-10-23T20:02:29.136+0800: 85.829: [GC (Allocation Failure) 2016-10-23T20:02:29.136+0800: 85.829: [ParNew
Desired survivor size 20112992 bytes, new threshold 8 (max 8)
- age   1:    5390232 bytes,    5390232 total
- age   2:    3625296 bytes,    9015528 total
- age   4:       2224 bytes,    9017752 total
- age   5:        672 bytes,    9018424 total
- age   6:       1352 bytes,    9019776 total
- age   7:        240 bytes,    9020016 total
: 93096K->9898K(109248K), 0.0050140 secs] 230913K->147969K(502464K), 0.0050755 secs] [Times: user=0.02 sys=0.00, real=0.01 secs] 
Heap after GC invocations=228 (full 8):
 par new generation   total 109248K, used 9898K [0x00000007a0000000, 0x00000007a8000000, 0x00000007a8000000)
  eden space 87424K,   0% used [0x00000007a0000000, 0x00000007a0000000, 0x00000007a5560000)
  from space 21824K,  45% used [0x00000007a5560000, 0x00000007a5f0a958, 0x00000007a6ab0000)
  to   space 21824K,   0% used [0x00000007a6ab0000, 0x00000007a6ab0000, 0x00000007a8000000)
 concurrent mark-sweep generation total 393216K, used 138071K [0x00000007a8000000, 0x00000007c0000000, 0x00000007c0000000)
 Metaspace       used 34469K, capacity 35050K, committed 35396K, reserved 1081344K
  class space    used 3994K, capacity 4170K, committed 4192K, reserved 1048576K
}
2016-10-23T20:02:29.141+0800: 85.834: Total time for which application threads were stopped: 0.0052356 seconds, Stopping threads took: 0.0000230 seconds
{Heap before GC invocations=228 (full 8):
 par new generation   total 109248K, used 97322K [0x00000007a0000000, 0x00000007a8000000, 0x00000007a8000000)
  eden space 87424K, 100% used [0x00000007a0000000, 0x00000007a5560000, 0x00000007a5560000)
  from space 21824K,  45% used [0x00000007a5560000, 0x00000007a5f0a958, 0x00000007a6ab0000)
  to   space 21824K,   0% used [0x00000007a6ab0000, 0x00000007a6ab0000, 0x00000007a8000000)
 concurrent mark-sweep generation total 393216K, used 138071K [0x00000007a8000000, 0x00000007c0000000, 0x00000007c0000000)
 Metaspace       used 34469K, capacity 35050K, committed 35396K, reserved 1081344K
  class space    used 3994K, capacity 4170K, committed 4192K, reserved 1048576K
2016-10-23T20:02:29.367+0800: 86.060: [GC (Allocation Failure) 2016-10-23T20:02:29.367+0800: 86.060: [ParNew
Desired survivor size 20112992 bytes, new threshold 8 (max 8)
- age   1:    6286648 bytes,    6286648 total
- age   2:    3608632 bytes,    9895280 total
- age   3:    3589152 bytes,   13484432 total
- age   5:       2224 bytes,   13486656 total
- age   6:        672 bytes,   13487328 total
- age   7:       1352 bytes,   13488680 total
- age   8:        240 bytes,   13488920 total
: 97322K->16135K(109248K), 0.0071232 secs] 235393K->154206K(502464K), 0.0072091 secs] [Times: user=0.02 sys=0.00, real=0.01 secs] 
Heap after GC invocations=229 (full 8):
 par new generation   total 109248K, used 16135K [0x00000007a0000000, 0x00000007a8000000, 0x00000007a8000000)
  eden space 87424K,   0% used [0x00000007a0000000, 0x00000007a0000000, 0x00000007a5560000)
  from space 21824K,  73% used [0x00000007a6ab0000, 0x00000007a7a71ed0, 0x00000007a8000000)
  to   space 21824K,   0% used [0x00000007a5560000, 0x00000007a5560000, 0x00000007a6ab0000)
 concurrent mark-sweep generation total 393216K, used 138071K [0x00000007a8000000, 0x00000007c0000000, 0x00000007c0000000)
 Metaspace       used 34469K, capacity 35050K, committed 35396K, reserved 1081344K
  class space    used 3994K, capacity 4170K, committed 4192K, reserved 1048576K
}
2016-10-23T20:02:29.374+0800: 86.067: Total time for which application threads were stopped: 0.0073749 seconds, Stopping threads took: 0.0000308 seconds
{Heap before GC invocations=229 (full 8):
 par new generation   total 109248K, used 103559K [0x00000007a0000000, 0x00000007a8000000, 0x00000007a8000000)
  eden space 87424K, 100% used [0x00000007a0000000, 0x00000007a5560000, 0x00000007a5560000)
  from space 21824K,  73% used [0x00000007a6ab0000, 0x00000007a7a71ed0, 0x00000007a8000000)
  to   space 21824K,   0% used [0x00000007a5560000, 0x00000007a5560000, 0x00000007a6ab0000)
 concurrent mark-sweep generation total 393216K, used 138071K [0x00000007a8000000, 0x00000007c0000000, 0x00000007c0000000)
 Metaspace       used 34469K, capacity 35050K, committed 35396K, reserved 1081344K
  class space    used 3994K, capacity 4170K, committed 4192K, reserved 1048576K
2016-10-23T20:02:29.606+0800: 86.299: [GC (Allocation Failure) 2016-10-23T20:02:29.606+0800: 86.299: [ParNew
Desired survivor size 20112992 bytes, new threshold 8 (max 8)
- age   1:    7628016 bytes,    7628016 total
- age   2:    3855784 bytes,   11483800 total
- age   3:    2688216 bytes,   14172016 total
- age   4:    3588520 bytes,   17760536 total
- age   6:       2224 bytes,   17762760 total
- age   7:        672 bytes,   17763432 total
- age   8:       1352 bytes,   17764784 total
: 103559K->21824K(109248K), 0.0069776 secs] 241630K->159895K(502464K), 0.0070337 secs] [Times: user=0.03 sys=0.00, real=0.01 secs] 
Heap after GC invocations=230 (full 8):
 par new generation   total 109248K, used 21824K [0x00000007a0000000, 0x00000007a8000000, 0x00000007a8000000)
  eden space 87424K,   0% used [0x00000007a0000000, 0x00000007a0000000, 0x00000007a5560000)
  from space 21824K, 100% used [0x00000007a5560000, 0x00000007a6ab0000, 0x00000007a6ab0000)
  to   space 21824K,   0% used [0x00000007a6ab0000, 0x00000007a6ab0000, 0x00000007a8000000)
 concurrent mark-sweep generation total 393216K, used 138071K [0x00000007a8000000, 0x00000007c0000000, 0x00000007c0000000)
 Metaspace       used 34469K, capacity 35050K, committed 35396K, reserved 1081344K
  class space    used 3994K, capacity 4170K, committed 4192K, reserved 1048576K
}
2016-10-23T20:02:29.613+0800: 86.306: Total time for which application threads were stopped: 0.0072032 seconds, Stopping threads took: 0.0000314 seconds
{Heap before GC invocations=230 (full 8):
 par new generation   total 109248K, used 109248K [0x00000007a0000000, 0x00000007a8000000, 0x00000007a8000000)
  eden space 87424K, 100% used [0x00000007a0000000, 0x00000007a5560000, 0x00000007a5560000)
  from space 21824K, 100% used [0x00000007a5560000, 0x00000007a6ab0000, 0x00000007a6ab0000)
  to   space 21824K,   0% used [0x00000007a6ab0000, 0x00000007a6ab0000, 0x00000007a8000000)
 concurrent mark-sweep generation total 393216K, used 138071K [0x00000007a8000000, 0x00000007c0000000, 0x00000007c0000000)
 Metaspace       used 34469K, capacity 35050K, committed 35396K, reserved 1081344K
  class space    used 3994K, capacity 4170K, committed 4192K, reserved 1048576K
2016-10-23T20:02:29.839+0800: 86.532: [GC (Allocation Failure) 2016-10-23T20:02:29.839+0800: 86.532: [ParNew
Desired survivor size 20112992 bytes, new threshold 8 (max 8)
- age   1:    5248936 bytes,    5248936 total
- age   2:    3700480 bytes,    8949416 total
- age   3:    3690120 bytes,   12639536 total
- age   4:    2584256 bytes,   15223792 total
- age   5:    3497768 bytes,   18721560 total
- age   7:       2224 bytes,   18723784 total
- age   8:        672 bytes,   18724456 total
: 109248K->21824K(109248K), 0.0076868 secs] 247319K->162327K(502464K), 0.0077659 secs] [Times: user=0.03 sys=0.00, real=0.01 secs] 
Heap after GC invocations=231 (full 8):
 par new generation   total 109248K, used 21824K [0x00000007a0000000, 0x00000007a8000000, 0x00000007a8000000)
  eden space 87424K,   0% used [0x00000007a0000000, 0x00000007a0000000, 0x00000007a5560000)
  from space 21824K, 100% used [0x00000007a6ab0000, 0x00000007a8000000, 0x00000007a8000000)
  to   space 21824K,   0% used [0x00000007a5560000, 0x00000007a5560000, 0x00000007a6ab0000)
 concurrent mark-sweep generation total 393216K, used 140503K [0x00000007a8000000, 0x00000007c0000000, 0x00000007c0000000)
 Metaspace       used 34469K, capacity 35050K, committed 35396K, reserved 1081344K
  class space    used 3994K, capacity 4170K, committed 4192K, reserved 1048576K
}
2016-10-23T20:02:29.847+0800: 86.540: Total time for which application threads were stopped: 0.0079344 seconds, Stopping threads took: 0.0000316 seconds
{Heap before GC invocations=231 (full 8):
 par new generation   total 109248K, used 109248K [0x00000007a0000000, 0x00000007a8000000, 0x00000007a8000000)
  eden space 87424K, 100% used [0x00000007a0000000, 0x00000007a5560000, 0x00000007a5560000)
  from space 21824K, 100% used [0x00000007a6ab0000, 0x00000007a8000000, 0x00000007a8000000)
  to   space 21824K,   0% used [0x00000007a5560000, 0x00000007a5560000, 0x00000007a6ab0000)
 concurrent mark-sweep generation total 393216K, used 140503K [0x00000007a8000000, 0x00000007c0000000, 0x00000007c0000000)
 Metaspace       used 34469K, capacity 35050K, committed 35396K, reserved 1081344K
  class space    used 3994K, capacity 4170K, committed 4192K, reserved 1048576K
2016-10-23T20:02:30.076+0800: 86.769: [GC (Allocation Failure) 2016-10-23T20:02:30.077+0800: 86.769: [ParNew
Desired survivor size 20112992 bytes, new threshold 6 (max 8)
- age   1:    5627320 bytes,    5627320 total
- age   2:    2617136 bytes,    8244456 total
- age   3:    3142624 bytes,   11387080 total
- age   4:    3543104 bytes,   14930184 total
- age   5:    2386872 bytes,   17317056 total
- age   6:    3138008 bytes,   20455064 total
- age   8:       2224 bytes,   20457288 total
: 109248K->21824K(109248K), 0.0080707 secs] 249751K->165285K(502464K), 0.0081500 secs] [Times: user=0.03 sys=0.00, real=0.01 secs] 
Heap after GC invocations=232 (full 8):
 par new generation   total 109248K, used 21824K [0x00000007a0000000, 0x00000007a8000000, 0x00000007a8000000)
  eden space 87424K,   0% used [0x00000007a0000000, 0x00000007a0000000, 0x00000007a5560000)
  from space 21824K, 100% used [0x00000007a5560000, 0x00000007a6ab0000, 0x00000007a6ab0000)
  to   space 21824K,   0% used [0x00000007a6ab0000, 0x00000007a6ab0000, 0x00000007a8000000)
 concurrent mark-sweep generation total 393216K, used 143461K [0x00000007a8000000, 0x00000007c0000000, 0x00000007c0000000)
 Metaspace       used 34469K, capacity 35050K, committed 35396K, reserved 1081344K
  class space    used 3994K, capacity 4170K, committed 4192K, reserved 1048576K
}
2016-10-23T20:02:30.085+0800: 86.777: Total time for which application threads were stopped: 0.0083340 seconds, Stopping threads took: 0.0000326 seconds
{Heap before GC invocations=232 (full 8):
 par new generation   total 109248K, used 109248K [0x00000007a0000000, 0x00000007a8000000, 0x00000007a8000000)
  eden space 87424K, 100% used [0x00000007a0000000, 0x00000007a5560000, 0x00000007a5560000)
  from space 21824K, 100% used [0x00000007a5560000, 0x00000007a6ab0000, 0x00000007a6ab0000)
  to   space 21824K,   0% used [0x00000007a6ab0000, 0x00000007a6ab0000, 0x00000007a8000000)
 concurrent mark-sweep generation total 393216K, used 143461K [0x00000007a8000000, 0x00000007c0000000, 0x00000007c0000000)
 Metaspace       used 34469K, capacity 35050K, committed 35396K, reserved 1081344K
  class space    used 3994K, capacity 4170K, committed 4192K, reserved 1048576K
2016-10-23T20:02:30.322+0800: 87.014: [GC (Allocation Failure) 2016-10-23T20:02:30.322+0800: 87.014: [ParNew
Desired survivor size 20112992 bytes, new threshold 8 (max 8)
- age   1:    9012488 bytes,    9012488 total
- age   2:    1313352 bytes,   10325840 total
- age   3:    1354168 bytes,   11680008 total
- age   4:    1186080 bytes,   12866088 total
- age   5:    2850184 bytes,   15716272 total
- age   6:    2373120 bytes,   18089392 total
: 109248K->21824K(109248K), 0.0099664 secs] 252709K->174120K(502464K), 0.0100530 secs] [Times: user=0.04 sys=0.01, real=0.01 secs] 
Heap after GC invocations=233 (full 8):
 par new generation   total 109248K, used 21824K [0x00000007a0000000, 0x00000007a8000000, 0x00000007a8000000)
  eden space 87424K,   0% used [0x00000007a0000000, 0x00000007a0000000, 0x00000007a5560000)
  from space 21824K, 100% used [0x00000007a6ab0000, 0x00000007a8000000, 0x00000007a8000000)
  to   space 21824K,   0% used [0x00000007a5560000, 0x00000007a5560000, 0x00000007a6ab0000)
 concurrent mark-sweep generation total 393216K, used 152296K [0x00000007a8000000, 0x00000007c0000000, 0x00000007c0000000)
 Metaspace       used 34469K, capacity 35050K, committed 35396K, reserved 1081344K
  class space    used 3994K, capacity 4170K, committed 4192K, reserved 1048576K
}
2016-10-23T20:02:30.332+0800: 87.024: Total time for which application threads were stopped: 0.0102104 seconds, Stopping threads took: 0.0000301 seconds
{Heap before GC invocations=233 (full 8):
 par new generation   total 109248K, used 109248K [0x00000007a0000000, 0x00000007a8000000, 0x00000007a8000000)
  eden space 87424K, 100% used [0x00000007a0000000, 0x00000007a5560000, 0x00000007a5560000)
  from space 21824K, 100% used [0x00000007a6ab0000, 0x00000007a8000000, 0x00000007a8000000)
  to   space 21824K,   0% used [0x00000007a5560000, 0x00000007a5560000, 0x00000007a6ab0000)
 concurrent mark-sweep generation total 393216K, used 152296K [0x00000007a8000000, 0x00000007c0000000, 0x00000007c0000000)
 Metaspace       used 34469K, capacity 35050K, committed 35396K, reserved 1081344K
  class space    used 3994K, capacity 4170K, committed 4192K, reserved 1048576K
2016-10-23T20:02:30.585+0800: 87.278: [GC (Allocation Failure) 2016-10-23T20:02:30.585+0800: 87.278: [ParNew
Desired survivor size 20112992 bytes, new threshold 8 (max 8)
- age   1:    8249888 bytes,    8249888 total
- age   2:    3760272 bytes,   12010160 total
- age   3:    1190016 bytes,   13200176 total
- age   4:    1257320 bytes,   14457496 total
- age   5:    1098504 bytes,   15556000 total
- age   6:    1707624 bytes,   17263624 total
- age   7:    2282176 bytes,   19545800 total
: 109248K->21824K(109248K), 0.0096708 secs] 261544K->176217K(502464K), 0.0097424 secs] [Times: user=0.04 sys=0.00, real=0.01 secs] 
Heap after GC invocations=234 (full 8):
 par new generation   total 109248K, used 21824K [0x00000007a0000000, 0x00000007a8000000, 0x00000007a8000000)
  eden space 87424K,   0% used [0x00000007a0000000, 0x00000007a0000000, 0x00000007a5560000)
  from space 21824K, 100% used [0x00000007a5560000, 0x00000007a6ab0000, 0x00000007a6ab0000)
  to   space 21824K,   0% used [0x00000007a6ab0000, 0x00000007a6ab0000, 0x00000007a8000000)
 concurrent mark-sweep generation total 393216K, used 154393K [0x00000007a8000000, 0x00000007c0000000, 0x00000007c0000000)
 Metaspace       used 34469K, capacity 35050K, committed 35396K, reserved 1081344K
  class space    used 3994K, capacity 4170K, committed 4192K, reserved 1048576K
}
2016-10-23T20:02:30.595+0800: 87.288: Total time for which application threads were stopped: 0.0099238 seconds, Stopping threads took: 0.0000349 seconds
{Heap before GC invocations=234 (full 8):
 par new generation   total 109248K, used 109248K [0x00000007a0000000, 0x00000007a8000000, 0x00000007a8000000)
  eden space 87424K, 100% used [0x00000007a0000000, 0x00000007a5560000, 0x00000007a5560000)
  from space 21824K, 100% used [0x00000007a5560000, 0x00000007a6ab0000, 0x00000007a6ab0000)
  to   space 21824K,   0% used [0x00000007a6ab0000, 0x00000007a6ab0000, 0x00000007a8000000)
 concurrent mark-sweep generation total 393216K, used 154393K [0x00000007a8000000, 0x00000007c0000000, 0x00000007c0000000)
 Metaspace       used 34469K, capacity 35050K, committed 35396K, reserved 1081344K
  class space    used 3994K, capacity 4170K, committed 4192K, reserved 1048576K
2016-10-23T20:02:30.844+0800: 87.536: [GC (Allocation Failure) 2016-10-23T20:02:30.844+0800: 87.537: [ParNew
Desired survivor size 20112992 bytes, new threshold 8 (max 8)
- age   1:    6277296 bytes,    6277296 total
- age   2:    2305936 bytes,    8583232 total
- age   3:    2826696 bytes,   11409928 total
- age   4:     976960 bytes,   12386888 total
- age   5:    1179912 bytes,   13566800 total
- age   6:    1018192 bytes,   14584992 total
- age   7:    1633096 bytes,   16218088 total
- age   8:    2205624 bytes,   18423712 total
: 109248K->21824K(109248K), 0.0094929 secs] 263641K->180982K(502464K), 0.0095440 secs] [Times: user=0.04 sys=0.00, real=0.01 secs] 
Heap after GC invocations=235 (full 8):
 par new generation   total 109248K, used 21824K [0x00000007a0000000, 0x00000007a8000000, 0x00000007a8000000)
  eden space 87424K,   0% used [0x00000007a0000000, 0x00000007a0000000, 0x00000007a5560000)
  from space 21824K, 100% used [0x00000007a6ab0000, 0x00000007a8000000, 0x00000007a8000000)
  to   space 21824K,   0% used [0x00000007a5560000, 0x00000007a5560000, 0x00000007a6ab0000)
 concurrent mark-sweep generation total 393216K, used 159158K [0x00000007a8000000, 0x00000007c0000000, 0x00000007c0000000)
 Metaspace       used 34469K, capacity 35050K, committed 35396K, reserved 1081344K
  class space    used 3994K, capacity 4170K, committed 4192K, reserved 1048576K
}
2016-10-23T20:02:30.853+0800: 87.546: Total time for which application threads were stopped: 0.0097025 seconds, Stopping threads took: 0.0000304 seconds
{Heap before GC invocations=235 (full 8):
 par new generation   total 109248K, used 109248K [0x00000007a0000000, 0x00000007a8000000, 0x00000007a8000000)
  eden space 87424K, 100% used [0x00000007a0000000, 0x00000007a5560000, 0x00000007a5560000)
  from space 21824K, 100% used [0x00000007a6ab0000, 0x00000007a8000000, 0x00000007a8000000)
  to   space 21824K,   0% used [0x00000007a5560000, 0x00000007a5560000, 0x00000007a6ab0000)
 concurrent mark-sweep generation total 393216K, used 159158K [0x00000007a8000000, 0x00000007c0000000, 0x00000007c0000000)
 Metaspace       used 34469K, capacity 35050K, committed 35396K, reserved 1081344K
  class space    used 3994K, capacity 4170K, committed 4192K, reserved 1048576K
2016-10-23T20:02:31.114+0800: 87.807: [GC (Allocation Failure) 2016-10-23T20:02:31.114+0800: 87.807: [ParNew
Desired survivor size 20112992 bytes, new threshold 8 (max 8)
- age   1:    5759776 bytes,    5759776 total
- age   2:    2242112 bytes,    8001888 total
- age   3:    2098624 bytes,   10100512 total
- age   4:    2748080 bytes,   12848592 total
- age   5:     798544 bytes,   13647136 total
- age   6:     909208 bytes,   14556344 total
- age   7:     941344 bytes,   15497688 total
- age   8:    1504128 bytes,   17001816 total
: 109248K->21824K(109248K), 0.0105476 secs] 268406K->185938K(502464K), 0.0106169 secs] [Times: user=0.03 sys=0.00, real=0.01 secs] 
Heap after GC invocations=236 (full 8):
 par new generation   total 109248K, used 21824K [0x00000007a0000000, 0x00000007a8000000, 0x00000007a8000000)
  eden space 87424K,   0% used [0x00000007a0000000, 0x00000007a0000000, 0x00000007a5560000)
  from space 21824K, 100% used [0x00000007a5560000, 0x00000007a6ab0000, 0x00000007a6ab0000)
  to   space 21824K,   0% used [0x00000007a6ab0000, 0x00000007a6ab0000, 0x00000007a8000000)
 concurrent mark-sweep generation total 393216K, used 164114K [0x00000007a8000000, 0x00000007c0000000, 0x00000007c0000000)
 Metaspace       used 34469K, capacity 35050K, committed 35396K, reserved 1081344K
  class space    used 3994K, capacity 4170K, committed 4192K, reserved 1048576K
}
2016-10-23T20:02:31.125+0800: 87.817: Total time for which application threads were stopped: 0.0107869 seconds, Stopping threads took: 0.0000313 seconds
{Heap before GC invocations=236 (full 8):
 par new generation   total 109248K, used 109248K [0x00000007a0000000, 0x00000007a8000000, 0x00000007a8000000)
  eden space 87424K, 100% used [0x00000007a0000000, 0x00000007a5560000, 0x00000007a5560000)
  from space 21824K, 100% used [0x00000007a5560000, 0x00000007a6ab0000, 0x00000007a6ab0000)
  to   space 21824K,   0% used [0x00000007a6ab0000, 0x00000007a6ab0000, 0x00000007a8000000)
 concurrent mark-sweep generation total 393216K, used 164114K [0x00000007a8000000, 0x00000007c0000000, 0x00000007c0000000)
 Metaspace       used 34469K, capacity 35050K, committed 35396K, reserved 1081344K
  class space    used 3994K, capacity 4170K, committed 4192K, reserved 1048576K
2016-10-23T20:02:31.346+0800: 88.039: [GC (Allocation Failure) 2016-10-23T20:02:31.346+0800: 88.039: [ParNew
Desired survivor size 20112992 bytes, new threshold 8 (max 8)
- age   1:    7273936 bytes,    7273936 total
- age   2:    3542800 bytes,   10816736 total
- age   3:    2230904 bytes,   13047640 total
- age   4:    2089008 bytes,   15136648 total
- age   5:    2738504 bytes,   17875152 total
- age   6:     789904 bytes,   18665056 total
- age   7:     903648 bytes,   19568704 total
- age   8:     937416 bytes,   20506120 total
: 109248K->21824K(109248K), 0.0095877 secs] 273362K->190306K(502464K), 0.0096673 secs] [Times: user=0.03 sys=0.00, real=0.01 secs] 
Heap after GC invocations=237 (full 8):
 par new generation   total 109248K, used 21824K [0x00000007a0000000, 0x00000007a8000000, 0x00000007a8000000)
  eden space 87424K,   0% used [0x00000007a0000000, 0x00000007a0000000, 0x00000007a5560000)
  from space 21824K, 100% used [0x00000007a6ab0000, 0x00000007a8000000, 0x00000007a8000000)
  to   space 21824K,   0% used [0x00000007a5560000, 0x00000007a5560000, 0x00000007a6ab0000)
 concurrent mark-sweep generation total 393216K, used 168482K [0x00000007a8000000, 0x00000007c0000000, 0x00000007c0000000)
 Metaspace       used 34469K, capacity 35050K, committed 35396K, reserved 1081344K
  class space    used 3994K, capacity 4170K, committed 4192K, reserved 1048576K
}
2016-10-23T20:02:31.356+0800: 88.049: Total time for which application threads were stopped: 0.0098361 seconds, Stopping threads took: 0.0000327 seconds
{Heap before GC invocations=237 (full 8):
 par new generation   total 109248K, used 109248K [0x00000007a0000000, 0x00000007a8000000, 0x00000007a8000000)
  eden space 87424K, 100% used [0x00000007a0000000, 0x00000007a5560000, 0x00000007a5560000)
  from space 21824K, 100% used [0x00000007a6ab0000, 0x00000007a8000000, 0x00000007a8000000)
  to   space 21824K,   0% used [0x00000007a5560000, 0x00000007a5560000, 0x00000007a6ab0000)
 concurrent mark-sweep generation total 393216K, used 168482K [0x00000007a8000000, 0x00000007c0000000, 0x00000007c0000000)
 Metaspace       used 34469K, capacity 35050K, committed 35396K, reserved 1081344K
  class space    used 3994K, capacity 4170K, committed 4192K, reserved 1048576K
2016-10-23T20:02:31.587+0800: 88.279: [GC (Allocation Failure) 2016-10-23T20:02:31.587+0800: 88.279: [ParNew
Desired survivor size 20112992 bytes, new threshold 8 (max 8)
- age   1:    3309944 bytes,    3309944 total
- age   2:    3273000 bytes,    6582944 total
- age   3:    2595048 bytes,    9177992 total
- age   4:    2087560 bytes,   11265552 total
- age   5:    1982512 bytes,   13248064 total
- age   6:    2650792 bytes,   15898856 total
- age   7:     705176 bytes,   16604032 total
- age   8:     702728 bytes,   17306760 total
: 109248K->21824K(109248K), 0.0107131 secs] 277730K->198896K(502464K), 0.0107780 secs] [Times: user=0.04 sys=0.00, real=0.01 secs] 
Heap after GC invocations=238 (full 8):
 par new generation   total 109248K, used 21824K [0x00000007a0000000, 0x00000007a8000000, 0x00000007a8000000)
  eden space 87424K,   0% used [0x00000007a0000000, 0x00000007a0000000, 0x00000007a5560000)
  from space 21824K, 100% used [0x00000007a5560000, 0x00000007a6ab0000, 0x00000007a6ab0000)
  to   space 21824K,   0% used [0x00000007a6ab0000, 0x00000007a6ab0000, 0x00000007a8000000)
 concurrent mark-sweep generation total 393216K, used 177072K [0x00000007a8000000, 0x00000007c0000000, 0x00000007c0000000)
 Metaspace       used 34469K, capacity 35050K, committed 35396K, reserved 1081344K
  class space    used 3994K, capacity 4170K, committed 4192K, reserved 1048576K
}
2016-10-23T20:02:31.597+0800: 88.290: Total time for which application threads were stopped: 0.0109329 seconds, Stopping threads took: 0.0000289 seconds
{Heap before GC invocations=238 (full 8):
 par new generation   total 109248K, used 109248K [0x00000007a0000000, 0x00000007a8000000, 0x00000007a8000000)
  eden space 87424K, 100% used [0x00000007a0000000, 0x00000007a5560000, 0x00000007a5560000)
  from space 21824K, 100% used [0x00000007a5560000, 0x00000007a6ab0000, 0x00000007a6ab0000)
  to   space 21824K,   0% used [0x00000007a6ab0000, 0x00000007a6ab0000, 0x00000007a8000000)
 concurrent mark-sweep generation total 393216K, used 177072K [0x00000007a8000000, 0x00000007c0000000, 0x00000007c0000000)
 Metaspace       used 34469K, capacity 35050K, committed 35396K, reserved 1081344K
  class space    used 3994K, capacity 4170K, committed 4192K, reserved 1048576K
2016-10-23T20:02:31.854+0800: 88.547: [GC (Allocation Failure) 2016-10-23T20:02:31.854+0800: 88.547: [ParNew
Desired survivor size 20112992 bytes, new threshold 7 (max 8)
- age   1:    9884440 bytes,    9884440 total
- age   2:    1623576 bytes,   11508016 total
- age   3:    1930576 bytes,   13438592 total
- age   4:    2460192 bytes,   15898784 total
- age   5:    1933792 bytes,   17832576 total
- age   6:    1874432 bytes,   19707008 total
- age   7:     739808 bytes,   20446816 total
- age   8:     624632 bytes,   21071448 total
: 109248K->21824K(109248K), 0.0100762 secs] 286320K->204582K(502464K), 0.0101391 secs] [Times: user=0.04 sys=0.00, real=0.01 secs] 
Heap after GC invocations=239 (full 8):
 par new generation   total 109248K, used 21824K [0x00000007a0000000, 0x00000007a8000000, 0x00000007a8000000)
  eden space 87424K,   0% used [0x00000007a0000000, 0x00000007a0000000, 0x00000007a5560000)
  from space 21824K, 100% used [0x00000007a6ab0000, 0x00000007a8000000, 0x00000007a8000000)
  to   space 21824K,   0% used [0x00000007a5560000, 0x00000007a5560000, 0x00000007a6ab0000)
 concurrent mark-sweep generation total 393216K, used 182758K [0x00000007a8000000, 0x00000007c0000000, 0x00000007c0000000)
 Metaspace       used 34469K, capacity 35050K, committed 35396K, reserved 1081344K
  class space    used 3994K, capacity 4170K, committed 4192K, reserved 1048576K
}
2016-10-23T20:02:31.864+0800: 88.557: Total time for which application threads were stopped: 0.0102854 seconds, Stopping threads took: 0.0000291 seconds
{Heap before GC invocations=239 (full 8):
 par new generation   total 109248K, used 109248K [0x00000007a0000000, 0x00000007a8000000, 0x00000007a8000000)
  eden space 87424K, 100% used [0x00000007a0000000, 0x00000007a5560000, 0x00000007a5560000)
  from space 21824K, 100% used [0x00000007a6ab0000, 0x00000007a8000000, 0x00000007a8000000)
  to   space 21824K,   0% used [0x00000007a5560000, 0x00000007a5560000, 0x00000007a6ab0000)
 concurrent mark-sweep generation total 393216K, used 182758K [0x00000007a8000000, 0x00000007c0000000, 0x00000007c0000000)
 Metaspace       used 34469K, capacity 35050K, committed 35396K, reserved 1081344K
  class space    used 3994K, capacity 4170K, committed 4192K, reserved 1048576K
2016-10-23T20:02:32.098+0800: 88.791: [GC (Allocation Failure) 2016-10-23T20:02:32.098+0800: 88.791: [ParNew
Desired survivor size 20112992 bytes, new threshold 8 (max 8)
- age   1:    3236832 bytes,    3236832 total
- age   2:    7275592 bytes,   10512424 total
- age   3:     745344 bytes,   11257768 total
- age   4:     765792 bytes,   12023560 total
- age   5:    1272856 bytes,   13296416 total
- age   6:    1205216 bytes,   14501632 total
- age   7:    1868608 bytes,   16370240 total
: 109248K->21824K(109248K), 0.0102959 secs] 292006K->216544K(502464K), 0.0103721 secs] [Times: user=0.04 sys=0.00, real=0.01 secs] 
Heap after GC invocations=240 (full 8):
 par new generation   total 109248K, used 21824K [0x00000007a0000000, 0x00000007a8000000, 0x00000007a8000000)
  eden space 87424K,   0% used [0x00000007a0000000, 0x00000007a0000000, 0x00000007a5560000)
  from space 21824K, 100% used [0x00000007a5560000, 0x00000007a6ab0000, 0x00000007a6ab0000)
  to   space 21824K,   0% used [0x00000007a6ab0000, 0x00000007a6ab0000, 0x00000007a8000000)
 concurrent mark-sweep generation total 393216K, used 194720K [0x00000007a8000000, 0x00000007c0000000, 0x00000007c0000000)
 Metaspace       used 34469K, capacity 35050K, committed 35396K, reserved 1081344K
  class space    used 3994K, capacity 4170K, committed 4192K, reserved 1048576K
}
2016-10-23T20:02:32.108+0800: 88.801: Total time for which application threads were stopped: 0.0105322 seconds, Stopping threads took: 0.0000312 seconds
{Heap before GC invocations=240 (full 8):
 par new generation   total 109248K, used 109248K [0x00000007a0000000, 0x00000007a8000000, 0x00000007a8000000)
  eden space 87424K, 100% used [0x00000007a0000000, 0x00000007a5560000, 0x00000007a5560000)
  from space 21824K, 100% used [0x00000007a5560000, 0x00000007a6ab0000, 0x00000007a6ab0000)
  to   space 21824K,   0% used [0x00000007a6ab0000, 0x00000007a6ab0000, 0x00000007a8000000)
 concurrent mark-sweep generation total 393216K, used 194720K [0x00000007a8000000, 0x00000007c0000000, 0x00000007c0000000)
 Metaspace       used 34469K, capacity 35050K, committed 35396K, reserved 1081344K
  class space    used 3994K, capacity 4170K, committed 4192K, reserved 1048576K
2016-10-23T20:02:32.359+0800: 89.052: [GC (Allocation Failure) 2016-10-23T20:02:32.359+0800: 89.052: [ParNew
Desired survivor size 20112992 bytes, new threshold 8 (max 8)
- age   1:    7803376 bytes,    7803376 total
- age   2:    2649696 bytes,   10453072 total
- age   3:    4697592 bytes,   15150664 total
- age   4:     730880 bytes,   15881544 total
- age   5:     752944 bytes,   16634488 total
- age   6:    1266808 bytes,   17901296 total
- age   7:    1200320 bytes,   19101616 total
- age   8:    1864888 bytes,   20966504 total
: 109248K->21824K(109248K), 0.0085371 secs] 303968K->222428K(502464K), 0.0086019 secs] [Times: user=0.03 sys=0.00, real=0.01 secs] 
Heap after GC invocations=241 (full 8):
 par new generation   total 109248K, used 21824K [0x00000007a0000000, 0x00000007a8000000, 0x00000007a8000000)
  eden space 87424K,   0% used [0x00000007a0000000, 0x00000007a0000000, 0x00000007a5560000)
  from space 21824K, 100% used [0x00000007a6ab0000, 0x00000007a8000000, 0x00000007a8000000)
  to   space 21824K,   0% used [0x00000007a5560000, 0x00000007a5560000, 0x00000007a6ab0000)
 concurrent mark-sweep generation total 393216K, used 200604K [0x00000007a8000000, 0x00000007c0000000, 0x00000007c0000000)
 Metaspace       used 34469K, capacity 35050K, committed 35396K, reserved 1081344K
  class space    used 3994K, capacity 4170K, committed 4192K, reserved 1048576K
}
2016-10-23T20:02:32.368+0800: 89.061: Total time for which application threads were stopped: 0.0087553 seconds, Stopping threads took: 0.0000242 seconds
2016-10-23T20:02:32.368+0800: 89.061: [GC (CMS Initial Mark) [1 CMS-initial-mark: 200604K(393216K)] 224176K(502464K), 0.0015331 secs] [Times: user=0.01 sys=0.00, real=0.01 secs] 
2016-10-23T20:02:32.370+0800: 89.062: Total time for which application threads were stopped: 0.0017171 seconds, Stopping threads took: 0.0001025 seconds
2016-10-23T20:02:32.370+0800: 89.063: [CMS-concurrent-mark-start]
2016-10-23T20:02:32.401+0800: 89.094: [CMS-concurrent-mark: 0.032/0.032 secs] [Times: user=0.15 sys=0.00, real=0.03 secs] 
2016-10-23T20:02:32.401+0800: 89.094: [CMS-concurrent-preclean-start]
2016-10-23T20:02:32.404+0800: 89.097: [CMS-concurrent-preclean: 0.003/0.003 secs] [Times: user=0.01 sys=0.00, real=0.00 secs] 
2016-10-23T20:02:32.404+0800: 89.097: [CMS-concurrent-abortable-preclean-start]
2016-10-23T20:02:32.515+0800: 89.208: [CMS-concurrent-abortable-preclean: 0.110/0.111 secs] [Times: user=0.22 sys=0.00, real=0.11 secs] 
2016-10-23T20:02:32.515+0800: 89.208: [GC (CMS Final Remark) [YG occupancy: 70471 K (109248 K)]{Heap before GC invocations=241 (full 9):
 par new generation   total 109248K, used 70471K [0x00000007a0000000, 0x00000007a8000000, 0x00000007a8000000)
  eden space 87424K,  55% used [0x00000007a0000000, 0x00000007a2f81e00, 0x00000007a5560000)
  from space 21824K, 100% used [0x00000007a6ab0000, 0x00000007a8000000, 0x00000007a8000000)
  to   space 21824K,   0% used [0x00000007a5560000, 0x00000007a5560000, 0x00000007a6ab0000)
 concurrent mark-sweep generation total 393216K, used 200604K [0x00000007a8000000, 0x00000007c0000000, 0x00000007c0000000)
 Metaspace       used 34469K, capacity 35050K, committed 35396K, reserved 1081344K
  class space    used 3994K, capacity 4170K, committed 4192K, reserved 1048576K
2016-10-23T20:02:32.515+0800: 89.208: [GC (CMS Final Remark) 2016-10-23T20:02:32.515+0800: 89.208: [ParNew
Desired survivor size 20112992 bytes, new threshold 8 (max 8)
- age   1:    3291120 bytes,    3291120 total
- age   2:    5716760 bytes,    9007880 total
- age   3:     685928 bytes,    9693808 total
- age   4:    4541648 bytes,   14235456 total
- age   5:     611608 bytes,   14847064 total
- age   6:     620768 bytes,   15467832 total
- age   7:    1117536 bytes,   16585368 total
- age   8:    1137592 bytes,   17722960 total
: 70471K->21824K(109248K), 0.0117670 secs] 271076K->227775K(502464K), 0.0118181 secs] [Times: user=0.04 sys=0.00, real=0.01 secs] 
Heap after GC invocations=242 (full 9):
 par new generation   total 109248K, used 21824K [0x00000007a0000000, 0x00000007a8000000, 0x00000007a8000000)
  eden space 87424K,   0% used [0x00000007a0000000, 0x00000007a0000000, 0x00000007a5560000)
  from space 21824K, 100% used [0x00000007a5560000, 0x00000007a6ab0000, 0x00000007a6ab0000)
  to   space 21824K,   0% used [0x00000007a6ab0000, 0x00000007a6ab0000, 0x00000007a8000000)
 concurrent mark-sweep generation total 393216K, used 205951K [0x00000007a8000000, 0x00000007c0000000, 0x00000007c0000000)
 Metaspace       used 34469K, capacity 35050K, committed 35396K, reserved 1081344K
  class space    used 3994K, capacity 4170K, committed 4192K, reserved 1048576K
}
2016-10-23T20:02:32.527+0800: 89.220: [Rescan (parallel) , 0.0051080 secs]2016-10-23T20:02:32.532+0800: 89.225: [weak refs processing, 0.0008006 secs]2016-10-23T20:02:32.533+0800: 89.226: [class unloading, 0.0071781 secs]2016-10-23T20:02:32.540+0800: 89.233: [scrub symbol table, 0.0067824 secs]2016-10-23T20:02:32.547+0800: 89.240: [scrub string table, 0.0005324 secs][1 CMS-remark: 205951K(393216K)] 227775K(502464K), 0.0324546 secs] [Times: user=0.08 sys=0.01, real=0.03 secs] 
2016-10-23T20:02:32.548+0800: 89.241: Total time for which application threads were stopped: 0.0326463 seconds, Stopping threads took: 0.0000751 seconds
2016-10-23T20:02:32.548+0800: 89.241: [CMS-concurrent-sweep-start]
2016-10-23T20:02:32.583+0800: 89.276: [CMS-concurrent-sweep: 0.035/0.035 secs] [Times: user=0.07 sys=0.00, real=0.04 secs] 
2016-10-23T20:02:32.583+0800: 89.276: [CMS-concurrent-reset-start]
2016-10-23T20:02:32.583+0800: 89.276: [CMS-concurrent-reset: 0.000/0.000 secs] [Times: user=0.00 sys=0.00, real=0.00 secs] 
{Heap before GC invocations=242 (full 9):
 par new generation   total 109248K, used 109248K [0x00000007a0000000, 0x00000007a8000000, 0x00000007a8000000)
  eden space 87424K, 100% used [0x00000007a0000000, 0x00000007a5560000, 0x00000007a5560000)
  from space 21824K, 100% used [0x00000007a5560000, 0x00000007a6ab0000, 0x00000007a6ab0000)
  to   space 21824K,   0% used [0x00000007a6ab0000, 0x00000007a6ab0000, 0x00000007a8000000)
 concurrent mark-sweep generation total 393216K, used 99956K [0x00000007a8000000, 0x00000007c0000000, 0x00000007c0000000)
 Metaspace       used 34469K, capacity 35050K, committed 35396K, reserved 1081344K
  class space    used 3994K, capacity 4170K, committed 4192K, reserved 1048576K
2016-10-23T20:02:32.779+0800: 89.472: [GC (Allocation Failure) 2016-10-23T20:02:32.779+0800: 89.472: [ParNew
Desired survivor size 20112992 bytes, new threshold 8 (max 8)
- age   1:    3133488 bytes,    3133488 total
- age   2:    2644848 bytes,    5778336 total
- age   3:    1891136 bytes,    7669472 total
- age   4:     681944 bytes,    8351416 total
- age   5:    4354648 bytes,   12706064 total
- age   6:     605896 bytes,   13311960 total
- age   7:     616624 bytes,   13928584 total
- age   8:    1099792 bytes,   15028376 total
: 109248K->21824K(109248K), 0.0096200 secs] 209204K->130175K(502464K), 0.0096867 secs] [Times: user=0.04 sys=0.00, real=0.01 secs] 
Heap after GC invocations=243 (full 9):
 par new generation   total 109248K, used 21824K [0x00000007a0000000, 0x00000007a8000000, 0x00000007a8000000)
  eden space 87424K,   0% used [0x00000007a0000000, 0x00000007a0000000, 0x00000007a5560000)
  from space 21824K, 100% used [0x00000007a6ab0000, 0x00000007a8000000, 0x00000007a8000000)
  to   space 21824K,   0% used [0x00000007a5560000, 0x00000007a5560000, 0x00000007a6ab0000)
 concurrent mark-sweep generation total 393216K, used 108351K [0x00000007a8000000, 0x00000007c0000000, 0x00000007c0000000)
 Metaspace       used 34469K, capacity 35050K, committed 35396K, reserved 1081344K
  class space    used 3994K, capacity 4170K, committed 4192K, reserved 1048576K
}
2016-10-23T20:02:32.788+0800: 89.481: Total time for which application threads were stopped: 0.0098431 seconds, Stopping threads took: 0.0000302 seconds
{Heap before GC invocations=243 (full 9):
 par new generation   total 109248K, used 109248K [0x00000007a0000000, 0x00000007a8000000, 0x00000007a8000000)
  eden space 87424K, 100% used [0x00000007a0000000, 0x00000007a5560000, 0x00000007a5560000)
  from space 21824K, 100% used [0x00000007a6ab0000, 0x00000007a8000000, 0x00000007a8000000)
  to   space 21824K,   0% used [0x00000007a5560000, 0x00000007a5560000, 0x00000007a6ab0000)
 concurrent mark-sweep generation total 393216K, used 108351K [0x00000007a8000000, 0x00000007c0000000, 0x00000007c0000000)
 Metaspace       used 34470K, capacity 35050K, committed 35396K, reserved 1081344K
  class space    used 3994K, capacity 4170K, committed 4192K, reserved 1048576K
2016-10-23T20:02:33.021+0800: 89.714: [GC (Allocation Failure) 2016-10-23T20:02:33.021+0800: 89.714: [ParNew
Desired survivor size 20112992 bytes, new threshold 8 (max 8)
- age   1:    7627128 bytes,    7627128 total
- age   2:    3105536 bytes,   10732664 total
- age   3:     846968 bytes,   11579632 total
- age   4:    1886960 bytes,   13466592 total
- age   5:     678536 bytes,   14145128 total
- age   6:    4353552 bytes,   18498680 total
- age   7:     604952 bytes,   19103632 total
- age   8:     615984 bytes,   19719616 total
: 109248K->21824K(109248K), 0.0093193 secs] 217599K->134104K(502464K), 0.0093840 secs] [Times: user=0.03 sys=0.00, real=0.01 secs] 
Heap after GC invocations=244 (full 9):
 par new generation   total 109248K, used 21824K [0x00000007a0000000, 0x00000007a8000000, 0x00000007a8000000)
  eden space 87424K,   0% used [0x00000007a0000000, 0x00000007a0000000, 0x00000007a5560000)
  from space 21824K, 100% used [0x00000007a5560000, 0x00000007a6ab0000, 0x00000007a6ab0000)
  to   space 21824K,   0% used [0x00000007a6ab0000, 0x00000007a6ab0000, 0x00000007a8000000)
 concurrent mark-sweep generation total 393216K, used 112280K [0x00000007a8000000, 0x00000007c0000000, 0x00000007c0000000)
 Metaspace       used 34470K, capacity 35050K, committed 35396K, reserved 1081344K
  class space    used 3994K, capacity 4170K, committed 4192K, reserved 1048576K
}
2016-10-23T20:02:33.031+0800: 89.724: Total time for which application threads were stopped: 0.0095389 seconds, Stopping threads took: 0.0000299 seconds
{Heap before GC invocations=244 (full 9):
 par new generation   total 109248K, used 109248K [0x00000007a0000000, 0x00000007a8000000, 0x00000007a8000000)
  eden space 87424K, 100% used [0x00000007a0000000, 0x00000007a5560000, 0x00000007a5560000)
  from space 21824K, 100% used [0x00000007a5560000, 0x00000007a6ab0000, 0x00000007a6ab0000)
  to   space 21824K,   0% used [0x00000007a6ab0000, 0x00000007a6ab0000, 0x00000007a8000000)
 concurrent mark-sweep generation total 393216K, used 112280K [0x00000007a8000000, 0x00000007c0000000, 0x00000007c0000000)
 Metaspace       used 34470K, capacity 35050K, committed 35396K, reserved 1081344K
  class space    used 3994K, capacity 4170K, committed 4192K, reserved 1048576K
2016-10-23T20:02:33.264+0800: 89.957: [GC (Allocation Failure) 2016-10-23T20:02:33.264+0800: 89.957: [ParNew
Desired survivor size 20112992 bytes, new threshold 8 (max 8)
- age   1:    4494560 bytes,    4494560 total
- age   2:    5904824 bytes,   10399384 total
- age   3:     997832 bytes,   11397216 total
- age   4:     748688 bytes,   12145904 total
- age   5:    1698080 bytes,   13843984 total
- age   6:     640816 bytes,   14484800 total
- age   7:    4307696 bytes,   18792496 total
- age   8:     595496 bytes,   19387992 total
: 109248K->21824K(109248K), 0.0109383 secs] 221528K->141976K(502464K), 0.0110048 secs] [Times: user=0.04 sys=0.00, real=0.01 secs] 
Heap after GC invocations=245 (full 9):
 par new generation   total 109248K, used 21824K [0x00000007a0000000, 0x00000007a8000000, 0x00000007a8000000)
  eden space 87424K,   0% used [0x00000007a0000000, 0x00000007a0000000, 0x00000007a5560000)
  from space 21824K, 100% used [0x00000007a6ab0000, 0x00000007a8000000, 0x00000007a8000000)
  to   space 21824K,   0% used [0x00000007a5560000, 0x00000007a5560000, 0x00000007a6ab0000)
 concurrent mark-sweep generation total 393216K, used 120152K [0x00000007a8000000, 0x00000007c0000000, 0x00000007c0000000)
 Metaspace       used 34470K, capacity 35050K, committed 35396K, reserved 1081344K
  class space    used 3994K, capacity 4170K, committed 4192K, reserved 1048576K
}
2016-10-23T20:02:33.275+0800: 89.968: Total time for which application threads were stopped: 0.0111511 seconds, Stopping threads took: 0.0000197 seconds
{Heap before GC invocations=245 (full 9):
 par new generation   total 109248K, used 109248K [0x00000007a0000000, 0x00000007a8000000, 0x00000007a8000000)
  eden space 87424K, 100% used [0x00000007a0000000, 0x00000007a5560000, 0x00000007a5560000)
  from space 21824K, 100% used [0x00000007a6ab0000, 0x00000007a8000000, 0x00000007a8000000)
  to   space 21824K,   0% used [0x00000007a5560000, 0x00000007a5560000, 0x00000007a6ab0000)
 concurrent mark-sweep generation total 393216K, used 120152K [0x00000007a8000000, 0x00000007c0000000, 0x00000007c0000000)
 Metaspace       used 34470K, capacity 35050K, committed 35396K, reserved 1081344K
  class space    used 3994K, capacity 4170K, committed 4192K, reserved 1048576K
2016-10-23T20:02:33.521+0800: 90.214: [GC (Allocation Failure) 2016-10-23T20:02:33.521+0800: 90.214: [ParNew
Desired survivor size 20112992 bytes, new threshold 8 (max 8)
- age   1:    6710960 bytes,    6710960 total
- age   2:    4272752 bytes,   10983712 total
- age   3:    1107424 bytes,   12091136 total
- age   4:     786296 bytes,   12877432 total
- age   5:     313408 bytes,   13190840 total
- age   6:     546704 bytes,   13737544 total
- age   7:     580536 bytes,   14318080 total
- age   8:    4247792 bytes,   18565872 total
: 109248K->21824K(109248K), 0.0097543 secs] 229400K->150119K(502464K), 0.0098424 secs] [Times: user=0.03 sys=0.00, real=0.01 secs] 
Heap after GC invocations=246 (full 9):
 par new generation   total 109248K, used 21824K [0x00000007a0000000, 0x00000007a8000000, 0x00000007a8000000)
  eden space 87424K,   0% used [0x00000007a0000000, 0x00000007a0000000, 0x00000007a5560000)
  from space 21824K, 100% used [0x00000007a5560000, 0x00000007a6ab0000, 0x00000007a6ab0000)
  to   space 21824K,   0% used [0x00000007a6ab0000, 0x00000007a6ab0000, 0x00000007a8000000)
 concurrent mark-sweep generation total 393216K, used 128295K [0x00000007a8000000, 0x00000007c0000000, 0x00000007c0000000)
 Metaspace       used 34470K, capacity 35050K, committed 35396K, reserved 1081344K
  class space    used 3994K, capacity 4170K, committed 4192K, reserved 1048576K
}
2016-10-23T20:02:33.531+0800: 90.224: Total time for which application threads were stopped: 0.0099969 seconds, Stopping threads took: 0.0000218 seconds
2016-10-23T20:02:33.598+0800: 90.291: Total time for which application threads were stopped: 0.0001301 seconds, Stopping threads took: 0.0000224 seconds
{Heap before GC invocations=246 (full 9):
 par new generation   total 109248K, used 109248K [0x00000007a0000000, 0x00000007a8000000, 0x00000007a8000000)
  eden space 87424K, 100% used [0x00000007a0000000, 0x00000007a5560000, 0x00000007a5560000)
  from space 21824K, 100% used [0x00000007a5560000, 0x00000007a6ab0000, 0x00000007a6ab0000)
  to   space 21824K,   0% used [0x00000007a6ab0000, 0x00000007a6ab0000, 0x00000007a8000000)
 concurrent mark-sweep generation total 393216K, used 128295K [0x00000007a8000000, 0x00000007c0000000, 0x00000007c0000000)
 Metaspace       used 34474K, capacity 35050K, committed 35396K, reserved 1081344K
  class space    used 3994K, capacity 4170K, committed 4192K, reserved 1048576K
2016-10-23T20:02:33.699+0800: 90.392: [GC (Allocation Failure) 2016-10-23T20:02:33.699+0800: 90.392: [ParNew
Desired survivor size 20112992 bytes, new threshold 8 (max 8)
- age   1:    5206832 bytes,    5206832 total
- age   2:    5863504 bytes,   11070336 total
- age   3:    4205264 bytes,   15275600 total
- age   4:    1041088 bytes,   16316688 total
- age   5:     742664 bytes,   17059352 total
- age   6:     301312 bytes,   17360664 total
- age   7:     529328 bytes,   17889992 total
- age   8:     559944 bytes,   18449936 total
: 109248K->21617K(109248K), 0.0087324 secs] 237543K->154796K(502464K), 0.0087888 secs] [Times: user=0.03 sys=0.00, real=0.01 secs] 
Heap after GC invocations=247 (full 9):
 par new generation   total 109248K, used 21617K [0x00000007a0000000, 0x00000007a8000000, 0x00000007a8000000)
  eden space 87424K,   0% used [0x00000007a0000000, 0x00000007a0000000, 0x00000007a5560000)
  from space 21824K,  99% used [0x00000007a6ab0000, 0x00000007a7fcc538, 0x00000007a8000000)
  to   space 21824K,   0% used [0x00000007a5560000, 0x00000007a5560000, 0x00000007a6ab0000)
 concurrent mark-sweep generation total 393216K, used 133179K [0x00000007a8000000, 0x00000007c0000000, 0x00000007c0000000)
 Metaspace       used 34474K, capacity 35050K, committed 35396K, reserved 1081344K
  class space    used 3994K, capacity 4170K, committed 4192K, reserved 1048576K
}
2016-10-23T20:02:33.708+0800: 90.401: Total time for which application threads were stopped: 0.0090763 seconds, Stopping threads took: 0.0001023 seconds
2016-10-23T20:02:33.751+0800: 90.444: Total time for which application threads were stopped: 0.0002257 seconds, Stopping threads took: 0.0000512 seconds
2016-10-23T20:02:33.752+0800: 90.444: Total time for which application threads were stopped: 0.0001753 seconds, Stopping threads took: 0.0000701 seconds
{Heap before GC invocations=247 (full 9):
 par new generation   total 109248K, used 109041K [0x00000007a0000000, 0x00000007a8000000, 0x00000007a8000000)
  eden space 87424K, 100% used [0x00000007a0000000, 0x00000007a5560000, 0x00000007a5560000)
  from space 21824K,  99% used [0x00000007a6ab0000, 0x00000007a7fcc538, 0x00000007a8000000)
  to   space 21824K,   0% used [0x00000007a5560000, 0x00000007a5560000, 0x00000007a6ab0000)
 concurrent mark-sweep generation total 393216K, used 133179K [0x00000007a8000000, 0x00000007c0000000, 0x00000007c0000000)
 Metaspace       used 34474K, capacity 35050K, committed 35396K, reserved 1081344K
  class space    used 3994K, capacity 4170K, committed 4192K, reserved 1048576K
2016-10-23T20:02:33.904+0800: 90.597: [GC (Allocation Failure) 2016-10-23T20:02:33.904+0800: 90.597: [ParNew
Desired survivor size 20112992 bytes, new threshold 8 (max 8)
- age   1:    4933144 bytes,    4933144 total
- age   2:    3665216 bytes,    8598360 total
- age   3:    4877440 bytes,   13475800 total
- age   4:    4159104 bytes,   17634904 total
- age   5:    1001880 bytes,   18636784 total
- age   6:     556488 bytes,   19193272 total
- age   7:     298560 bytes,   19491832 total
- age   8:     526928 bytes,   20018760 total
: 109041K->21824K(109248K), 0.0084971 secs] 242220K->156803K(502464K), 0.0085797 secs] [Times: user=0.03 sys=0.00, real=0.01 secs] 
Heap after GC invocations=248 (full 9):
 par new generation   total 109248K, used 21824K [0x00000007a0000000, 0x00000007a8000000, 0x00000007a8000000)
  eden space 87424K,   0% used [0x00000007a0000000, 0x00000007a0000000, 0x00000007a5560000)
  from space 21824K, 100% used [0x00000007a5560000, 0x00000007a6ab0000, 0x00000007a6ab0000)
  to   space 21824K,   0% used [0x00000007a6ab0000, 0x00000007a6ab0000, 0x00000007a8000000)
 concurrent mark-sweep generation total 393216K, used 134979K [0x00000007a8000000, 0x00000007c0000000, 0x00000007c0000000)
 Metaspace       used 34474K, capacity 35050K, committed 35396K, reserved 1081344K
  class space    used 3994K, capacity 4170K, committed 4192K, reserved 1048576K
}
2016-10-23T20:02:33.913+0800: 90.605: Total time for which application threads were stopped: 0.0088143 seconds, Stopping threads took: 0.0000931 seconds
{Heap before GC invocations=248 (full 9):
 par new generation   total 109248K, used 109248K [0x00000007a0000000, 0x00000007a8000000, 0x00000007a8000000)
  eden space 87424K, 100% used [0x00000007a0000000, 0x00000007a5560000, 0x00000007a5560000)
  from space 21824K, 100% used [0x00000007a5560000, 0x00000007a6ab0000, 0x00000007a6ab0000)
  to   space 21824K,   0% used [0x00000007a6ab0000, 0x00000007a6ab0000, 0x00000007a8000000)
 concurrent mark-sweep generation total 393216K, used 134979K [0x00000007a8000000, 0x00000007c0000000, 0x00000007c0000000)
 Metaspace       used 34475K, capacity 35050K, committed 35396K, reserved 1081344K
  class space    used 3994K, capacity 4170K, committed 4192K, reserved 1048576K
2016-10-23T20:02:34.133+0800: 90.826: [GC (Allocation Failure) 2016-10-23T20:02:34.133+0800: 90.826: [ParNew
Desired survivor size 20112992 bytes, new threshold 8 (max 8)
- age   1:    3694456 bytes,    3694456 total
- age   2:    2562360 bytes,    6256816 total
- age   3:    2956320 bytes,    9213136 total
- age   4:    4856256 bytes,   14069392 total
- age   5:    4141440 bytes,   18210832 total
- age   6:     987592 bytes,   19198424 total
- age   7:     542488 bytes,   19740912 total
- age   8:     293296 bytes,   20034208 total
: 109248K->21824K(109248K), 0.0085121 secs] 244227K->160102K(502464K), 0.0085751 secs] [Times: user=0.03 sys=0.00, real=0.01 secs] 
Heap after GC invocations=249 (full 9):
 par new generation   total 109248K, used 21824K [0x00000007a0000000, 0x00000007a8000000, 0x00000007a8000000)
  eden space 87424K,   0% used [0x00000007a0000000, 0x00000007a0000000, 0x00000007a5560000)
  from space 21824K, 100% used [0x00000007a6ab0000, 0x00000007a8000000, 0x00000007a8000000)
  to   space 21824K,   0% used [0x00000007a5560000, 0x00000007a5560000, 0x00000007a6ab0000)
 concurrent mark-sweep generation total 393216K, used 138278K [0x00000007a8000000, 0x00000007c0000000, 0x00000007c0000000)
 Metaspace       used 34475K, capacity 35050K, committed 35396K, reserved 1081344K
  class space    used 3994K, capacity 4170K, committed 4192K, reserved 1048576K
}
2016-10-23T20:02:34.141+0800: 90.834: Total time for which application threads were stopped: 0.0088236 seconds, Stopping threads took: 0.0000984 seconds
{Heap before GC invocations=249 (full 9):
 par new generation   total 109248K, used 109248K [0x00000007a0000000, 0x00000007a8000000, 0x00000007a8000000)
  eden space 87424K, 100% used [0x00000007a0000000, 0x00000007a5560000, 0x00000007a5560000)
  from space 21824K, 100% used [0x00000007a6ab0000, 0x00000007a8000000, 0x00000007a8000000)
  to   space 21824K,   0% used [0x00000007a5560000, 0x00000007a5560000, 0x00000007a6ab0000)
 concurrent mark-sweep generation total 393216K, used 138278K [0x00000007a8000000, 0x00000007c0000000, 0x00000007c0000000)
 Metaspace       used 34477K, capacity 35050K, committed 35396K, reserved 1081344K
  class space    used 3994K, capacity 4170K, committed 4192K, reserved 1048576K
2016-10-23T20:02:34.302+0800: 90.995: [GC (Allocation Failure) 2016-10-23T20:02:34.302+0800: 90.995: [ParNew
Desired survivor size 20112992 bytes, new threshold 8 (max 8)
- age   1:    2960344 bytes,    2960344 total
- age   2:    2221328 bytes,    5181672 total
- age   3:    1383864 bytes,    6565536 total
- age   4:    1422768 bytes,    7988304 total
- age   5:    4819904 bytes,   12808208 total
- age   6:    4105024 bytes,   16913232 total
- age   7:     952280 bytes,   17865512 total
- age   8:     513016 bytes,   18378528 total
: 109248K->21824K(109248K), 0.0103758 secs] 247526K->166799K(502464K), 0.0104253 secs] [Times: user=0.04 sys=0.00, real=0.01 secs] 
Heap after GC invocations=250 (full 9):
 par new generation   total 109248K, used 21824K [0x00000007a0000000, 0x00000007a8000000, 0x00000007a8000000)
  eden space 87424K,   0% used [0x00000007a0000000, 0x00000007a0000000, 0x00000007a5560000)
  from space 21824K, 100% used [0x00000007a5560000, 0x00000007a6ab0000, 0x00000007a6ab0000)
  to   space 21824K,   0% used [0x00000007a6ab0000, 0x00000007a6ab0000, 0x00000007a8000000)
 concurrent mark-sweep generation total 393216K, used 144975K [0x00000007a8000000, 0x00000007c0000000, 0x00000007c0000000)
 Metaspace       used 34477K, capacity 35050K, committed 35396K, reserved 1081344K
  class space    used 3994K, capacity 4170K, committed 4192K, reserved 1048576K
}
2016-10-23T20:02:34.312+0800: 91.005: Total time for which application threads were stopped: 0.0106288 seconds, Stopping threads took: 0.0000671 seconds
{Heap before GC invocations=250 (full 9):
 par new generation   total 109248K, used 109248K [0x00000007a0000000, 0x00000007a8000000, 0x00000007a8000000)
  eden space 87424K, 100% used [0x00000007a0000000, 0x00000007a5560000, 0x00000007a5560000)
  from space 21824K, 100% used [0x00000007a5560000, 0x00000007a6ab0000, 0x00000007a6ab0000)
  to   space 21824K,   0% used [0x00000007a6ab0000, 0x00000007a6ab0000, 0x00000007a8000000)
 concurrent mark-sweep generation total 393216K, used 144975K [0x00000007a8000000, 0x00000007c0000000, 0x00000007c0000000)
 Metaspace       used 34477K, capacity 35050K, committed 35396K, reserved 1081344K
  class space    used 3994K, capacity 4170K, committed 4192K, reserved 1048576K
2016-10-23T20:02:34.396+0800: 91.089: [GC (Allocation Failure) 2016-10-23T20:02:34.396+0800: 91.089: [ParNew
Desired survivor size 20112992 bytes, new threshold 8 (max 8)
- age   1:    3222160 bytes,    3222160 total
- age   2:    2277488 bytes,    5499648 total
- age   3:    2049216 bytes,    7548864 total
- age   4:    1334984 bytes,    8883848 total
- age   5:     899344 bytes,    9783192 total
- age   6:    3245000 bytes,   13028192 total
- age   7:    3932096 bytes,   16960288 total
- age   8:     915144 bytes,   17875432 total
: 109248K->21824K(109248K), 0.0109841 secs] 254223K->170239K(502464K), 0.0110329 secs] [Times: user=0.04 sys=0.00, real=0.01 secs] 
Heap after GC invocations=251 (full 9):
 par new generation   total 109248K, used 21824K [0x00000007a0000000, 0x00000007a8000000, 0x00000007a8000000)
  eden space 87424K,   0% used [0x00000007a0000000, 0x00000007a0000000, 0x00000007a5560000)
  from space 21824K, 100% used [0x00000007a6ab0000, 0x00000007a8000000, 0x00000007a8000000)
  to   space 21824K,   0% used [0x00000007a5560000, 0x00000007a5560000, 0x00000007a6ab0000)
 concurrent mark-sweep generation total 393216K, used 148415K [0x00000007a8000000, 0x00000007c0000000, 0x00000007c0000000)
 Metaspace       used 34477K, capacity 35050K, committed 35396K, reserved 1081344K
  class space    used 3994K, capacity 4170K, committed 4192K, reserved 1048576K
}
2016-10-23T20:02:34.407+0800: 91.100: Total time for which application threads were stopped: 0.0112645 seconds, Stopping threads took: 0.0000716 seconds
{Heap before GC invocations=251 (full 9):
 par new generation   total 109248K, used 109248K [0x00000007a0000000, 0x00000007a8000000, 0x00000007a8000000)
  eden space 87424K, 100% used [0x00000007a0000000, 0x00000007a5560000, 0x00000007a5560000)
  from space 21824K, 100% used [0x00000007a6ab0000, 0x00000007a8000000, 0x00000007a8000000)
  to   space 21824K,   0% used [0x00000007a5560000, 0x00000007a5560000, 0x00000007a6ab0000)
 concurrent mark-sweep generation total 393216K, used 148415K [0x00000007a8000000, 0x00000007c0000000, 0x00000007c0000000)
 Metaspace       used 34477K, capacity 35050K, committed 35396K, reserved 1081344K
  class space    used 3994K, capacity 4170K, committed 4192K, reserved 1048576K
2016-10-23T20:02:34.464+0800: 91.157: [GC (Allocation Failure) 2016-10-23T20:02:34.464+0800: 91.157: [ParNew
Desired survivor size 20112992 bytes, new threshold 8 (max 8)
- age   1:    2377432 bytes,    2377432 total
- age   2:    2087784 bytes,    4465216 total
- age   3:    2017264 bytes,    6482480 total
- age   4:    1989600 bytes,    8472080 total
- age   5:    1282160 bytes,    9754240 total
- age   6:     858448 bytes,   10612688 total
- age   7:    3240832 bytes,   13853520 total
- age   8:    4137160 bytes,   17990680 total
: 109248K->21824K(109248K), 0.0090314 secs] 257663K->171446K(502464K), 0.0090794 secs] [Times: user=0.03 sys=0.00, real=0.01 secs] 
Heap after GC invocations=252 (full 9):
 par new generation   total 109248K, used 21824K [0x00000007a0000000, 0x00000007a8000000, 0x00000007a8000000)
  eden space 87424K,   0% used [0x00000007a0000000, 0x00000007a0000000, 0x00000007a5560000)
  from space 21824K, 100% used [0x00000007a5560000, 0x00000007a6ab0000, 0x00000007a6ab0000)
  to   space 21824K,   0% used [0x00000007a6ab0000, 0x00000007a6ab0000, 0x00000007a8000000)
 concurrent mark-sweep generation total 393216K, used 149622K [0x00000007a8000000, 0x00000007c0000000, 0x00000007c0000000)
 Metaspace       used 34477K, capacity 35050K, committed 35396K, reserved 1081344K
  class space    used 3994K, capacity 4170K, committed 4192K, reserved 1048576K
}
2016-10-23T20:02:34.473+0800: 91.166: Total time for which application threads were stopped: 0.0092807 seconds, Stopping threads took: 0.0000654 seconds
{Heap before GC invocations=252 (full 9):
 par new generation   total 109248K, used 109248K [0x00000007a0000000, 0x00000007a8000000, 0x00000007a8000000)
  eden space 87424K, 100% used [0x00000007a0000000, 0x00000007a5560000, 0x00000007a5560000)
  from space 21824K, 100% used [0x00000007a5560000, 0x00000007a6ab0000, 0x00000007a6ab0000)
  to   space 21824K,   0% used [0x00000007a6ab0000, 0x00000007a6ab0000, 0x00000007a8000000)
 concurrent mark-sweep generation total 393216K, used 149622K [0x00000007a8000000, 0x00000007c0000000, 0x00000007c0000000)
 Metaspace       used 34477K, capacity 35050K, committed 35396K, reserved 1081344K
  class space    used 3994K, capacity 4170K, committed 4192K, reserved 1048576K
2016-10-23T20:02:34.549+0800: 91.242: [GC (Allocation Failure) 2016-10-23T20:02:34.549+0800: 91.242: [ParNew
Desired survivor size 20112992 bytes, new threshold 8 (max 8)
- age   1:    2956208 bytes,    2956208 total
- age   2:    1815848 bytes,    4772056 total
- age   3:     831312 bytes,    5603368 total
- age   4:    1952928 bytes,    7556296 total
- age   5:    1989000 bytes,    9545296 total
- age   6:    1281392 bytes,   10826688 total
- age   7:     857656 bytes,   11684344 total
- age   8:    3240832 bytes,   14925176 total
: 109248K->21781K(109248K), 0.0082651 secs] 258870K->175257K(502464K), 0.0083180 secs] [Times: user=0.03 sys=0.00, real=0.01 secs] 
Heap after GC invocations=253 (full 9):
 par new generation   total 109248K, used 21781K [0x00000007a0000000, 0x00000007a8000000, 0x00000007a8000000)
  eden space 87424K,   0% used [0x00000007a0000000, 0x00000007a0000000, 0x00000007a5560000)
  from space 21824K,  99% used [0x00000007a6ab0000, 0x00000007a7ff54b0, 0x00000007a8000000)
  to   space 21824K,   0% used [0x00000007a5560000, 0x00000007a5560000, 0x00000007a6ab0000)
 concurrent mark-sweep generation total 393216K, used 153475K [0x00000007a8000000, 0x00000007c0000000, 0x00000007c0000000)
 Metaspace       used 34477K, capacity 35050K, committed 35396K, reserved 1081344K
  class space    used 3994K, capacity 4170K, committed 4192K, reserved 1048576K
}
2016-10-23T20:02:34.557+0800: 91.250: Total time for which application threads were stopped: 0.0085298 seconds, Stopping threads took: 0.0000800 seconds
{Heap before GC invocations=253 (full 9):
 par new generation   total 109248K, used 109205K [0x00000007a0000000, 0x00000007a8000000, 0x00000007a8000000)
  eden space 87424K, 100% used [0x00000007a0000000, 0x00000007a5560000, 0x00000007a5560000)
  from space 21824K,  99% used [0x00000007a6ab0000, 0x00000007a7ff54b0, 0x00000007a8000000)
  to   space 21824K,   0% used [0x00000007a5560000, 0x00000007a5560000, 0x00000007a6ab0000)
 concurrent mark-sweep generation total 393216K, used 153475K [0x00000007a8000000, 0x00000007c0000000, 0x00000007c0000000)
 Metaspace       used 34477K, capacity 35050K, committed 35396K, reserved 1081344K
  class space    used 3994K, capacity 4170K, committed 4192K, reserved 1048576K
2016-10-23T20:02:34.634+0800: 91.327: [GC (Allocation Failure) 2016-10-23T20:02:34.634+0800: 91.327: [ParNew
Desired survivor size 20112992 bytes, new threshold 8 (max 8)
- age   1:    3934160 bytes,    3934160 total
- age   2:    1528032 bytes,    5462192 total
- age   3:     517696 bytes,    5979888 total
- age   4:     831312 bytes,    6811200 total
- age   5:    1943520 bytes,    8754720 total
- age   6:    1986576 bytes,   10741296 total
- age   7:    1281392 bytes,   12022688 total
- age   8:     857656 bytes,   12880344 total
: 109205K->17188K(109248K), 0.0065399 secs] 262681K->173847K(502464K), 0.0065906 secs] [Times: user=0.02 sys=0.00, real=0.01 secs] 
Heap after GC invocations=254 (full 9):
 par new generation   total 109248K, used 17188K [0x00000007a0000000, 0x00000007a8000000, 0x00000007a8000000)
  eden space 87424K,   0% used [0x00000007a0000000, 0x00000007a0000000, 0x00000007a5560000)
  from space 21824K,  78% used [0x00000007a5560000, 0x00000007a6629200, 0x00000007a6ab0000)
  to   space 21824K,   0% used [0x00000007a6ab0000, 0x00000007a6ab0000, 0x00000007a8000000)
 concurrent mark-sweep generation total 393216K, used 156658K [0x00000007a8000000, 0x00000007c0000000, 0x00000007c0000000)
 Metaspace       used 34477K, capacity 35050K, committed 35396K, reserved 1081344K
  class space    used 3994K, capacity 4170K, committed 4192K, reserved 1048576K
}
2016-10-23T20:02:34.641+0800: 91.334: Total time for which application threads were stopped: 0.0067742 seconds, Stopping threads took: 0.0000568 seconds
{Heap before GC invocations=254 (full 9):
 par new generation   total 109248K, used 104612K [0x00000007a0000000, 0x00000007a8000000, 0x00000007a8000000)
  eden space 87424K, 100% used [0x00000007a0000000, 0x00000007a5560000, 0x00000007a5560000)
  from space 21824K,  78% used [0x00000007a5560000, 0x00000007a6629200, 0x00000007a6ab0000)
  to   space 21824K,   0% used [0x00000007a6ab0000, 0x00000007a6ab0000, 0x00000007a8000000)
 concurrent mark-sweep generation total 393216K, used 156658K [0x00000007a8000000, 0x00000007c0000000, 0x00000007c0000000)
 Metaspace       used 34483K, capacity 35050K, committed 35396K, reserved 1081344K
  class space    used 3994K, capacity 4170K, committed 4192K, reserved 1048576K
2016-10-23T20:02:34.724+0800: 91.417: [GC (Allocation Failure) 2016-10-23T20:02:34.724+0800: 91.417: [ParNew
Desired survivor size 20112992 bytes, new threshold 8 (max 8)
- age   1:    2620464 bytes,    2620464 total
- age   2:    3425624 bytes,    6046088 total
- age   3:     943944 bytes,    6990032 total
- age   4:     517640 bytes,    7507672 total
- age   5:     831312 bytes,    8338984 total
- age   6:    1943520 bytes,   10282504 total
- age   7:    1789920 bytes,   12072424 total
- age   8:    1281392 bytes,   13353816 total
: 104612K->16750K(109248K), 0.0080187 secs] 261271K->174269K(502464K), 0.0080712 secs] [Times: user=0.02 sys=0.00, real=0.01 secs] 
Heap after GC invocations=255 (full 9):
 par new generation   total 109248K, used 16750K [0x00000007a0000000, 0x00000007a8000000, 0x00000007a8000000)
  eden space 87424K,   0% used [0x00000007a0000000, 0x00000007a0000000, 0x00000007a5560000)
  from space 21824K,  76% used [0x00000007a6ab0000, 0x00000007a7b0bbb0, 0x00000007a8000000)
  to   space 21824K,   0% used [0x00000007a5560000, 0x00000007a5560000, 0x00000007a6ab0000)
 concurrent mark-sweep generation total 393216K, used 157518K [0x00000007a8000000, 0x00000007c0000000, 0x00000007c0000000)
 Metaspace       used 34483K, capacity 35050K, committed 35396K, reserved 1081344K
  class space    used 3994K, capacity 4170K, committed 4192K, reserved 1048576K
}
2016-10-23T20:02:34.733+0800: 91.425: Total time for which application threads were stopped: 0.0082515 seconds, Stopping threads took: 0.0000181 seconds
2016-10-23T20:02:34.803+0800: 91.496: Total time for which application threads were stopped: 0.0001800 seconds, Stopping threads took: 0.0000809 seconds
2016-10-23T20:02:34.805+0800: 91.498: Total time for which application threads were stopped: 0.0001112 seconds, Stopping threads took: 0.0000378 seconds
2016-10-23T20:02:34.805+0800: 91.498: Total time for which application threads were stopped: 0.0001099 seconds, Stopping threads took: 0.0000478 seconds
2016-10-23T20:02:34.807+0800: 91.500: Total time for which application threads were stopped: 0.0001650 seconds, Stopping threads took: 0.0000611 seconds
2016-10-23T20:02:34.873+0800: 91.566: Total time for which application threads were stopped: 0.0001925 seconds, Stopping threads took: 0.0000656 seconds
2016-10-23T20:02:34.925+0800: 91.618: Total time for which application threads were stopped: 0.0002189 seconds, Stopping threads took: 0.0000642 seconds
2016-10-23T20:02:34.925+0800: 91.618: Total time for which application threads were stopped: 0.0001570 seconds, Stopping threads took: 0.0000725 seconds
{Heap before GC invocations=255 (full 9):
 par new generation   total 109248K, used 104174K [0x00000007a0000000, 0x00000007a8000000, 0x00000007a8000000)
  eden space 87424K, 100% used [0x00000007a0000000, 0x00000007a5560000, 0x00000007a5560000)
  from space 21824K,  76% used [0x00000007a6ab0000, 0x00000007a7b0bbb0, 0x00000007a8000000)
  to   space 21824K,   0% used [0x00000007a5560000, 0x00000007a5560000, 0x00000007a6ab0000)
 concurrent mark-sweep generation total 393216K, used 157518K [0x00000007a8000000, 0x00000007c0000000, 0x00000007c0000000)
 Metaspace       used 34507K, capacity 35052K, committed 35396K, reserved 1081344K
  class space    used 3995K, capacity 4171K, committed 4192K, reserved 1048576K
2016-10-23T20:02:34.937+0800: 91.629: [GC (Allocation Failure) 2016-10-23T20:02:34.937+0800: 91.629: [ParNew
Desired survivor size 20112992 bytes, new threshold 8 (max 8)
- age   1:    8009440 bytes,    8009440 total
- age   2:    1864792 bytes,    9874232 total
- age   3:     823688 bytes,   10697920 total
- age   4:     721936 bytes,   11419856 total
- age   5:     497720 bytes,   11917576 total
- age   6:     799696 bytes,   12717272 total
- age   7:    1880224 bytes,   14597496 total
- age   8:    1698256 bytes,   16295752 total
: 104174K->17972K(109248K), 0.0074885 secs] 261693K->176678K(502464K), 0.0075363 secs] [Times: user=0.03 sys=0.00, real=0.01 secs] 
Heap after GC invocations=256 (full 9):
 par new generation   total 109248K, used 17972K [0x00000007a0000000, 0x00000007a8000000, 0x00000007a8000000)
  eden space 87424K,   0% used [0x00000007a0000000, 0x00000007a0000000, 0x00000007a5560000)
  from space 21824K,  82% used [0x00000007a5560000, 0x00000007a66ed2e0, 0x00000007a6ab0000)
  to   space 21824K,   0% used [0x00000007a6ab0000, 0x00000007a6ab0000, 0x00000007a8000000)
 concurrent mark-sweep generation total 393216K, used 158705K [0x00000007a8000000, 0x00000007c0000000, 0x00000007c0000000)
 Metaspace       used 34507K, capacity 35052K, committed 35396K, reserved 1081344K
  class space    used 3995K, capacity 4171K, committed 4192K, reserved 1048576K
}
2016-10-23T20:02:34.944+0800: 91.637: Total time for which application threads were stopped: 0.0077474 seconds, Stopping threads took: 0.0000646 seconds
{Heap before GC invocations=256 (full 9):
 par new generation   total 109248K, used 105396K [0x00000007a0000000, 0x00000007a8000000, 0x00000007a8000000)
  eden space 87424K, 100% used [0x00000007a0000000, 0x00000007a5560000, 0x00000007a5560000)
  from space 21824K,  82% used [0x00000007a5560000, 0x00000007a66ed2e0, 0x00000007a6ab0000)
  to   space 21824K,   0% used [0x00000007a6ab0000, 0x00000007a6ab0000, 0x00000007a8000000)
 concurrent mark-sweep generation total 393216K, used 158705K [0x00000007a8000000, 0x00000007c0000000, 0x00000007c0000000)
 Metaspace       used 34508K, capacity 35052K, committed 35396K, reserved 1081344K
  class space    used 3995K, capacity 4171K, committed 4192K, reserved 1048576K
2016-10-23T20:02:35.078+0800: 91.771: [GC (Allocation Failure) 2016-10-23T20:02:35.078+0800: 91.771: [ParNew
Desired survivor size 20112992 bytes, new threshold 8 (max 8)
- age   1:    2763904 bytes,    2763904 total
- age   2:    7510048 bytes,   10273952 total
- age   3:    1864792 bytes,   12138744 total
- age   4:     823688 bytes,   12962432 total
- age   5:     721936 bytes,   13684368 total
- age   6:     497720 bytes,   14182088 total
- age   7:     799696 bytes,   14981784 total
- age   8:    1880224 bytes,   16862008 total
: 105396K->21292K(109248K), 0.0079031 secs] 264102K->181671K(502464K), 0.0080608 secs] [Times: user=0.03 sys=0.00, real=0.01 secs] 
Heap after GC invocations=257 (full 9):
 par new generation   total 109248K, used 21292K [0x00000007a0000000, 0x00000007a8000000, 0x00000007a8000000)
  eden space 87424K,   0% used [0x00000007a0000000, 0x00000007a0000000, 0x00000007a5560000)
  from space 21824K,  97% used [0x00000007a6ab0000, 0x00000007a7f7b100, 0x00000007a8000000)
  to   space 21824K,   0% used [0x00000007a5560000, 0x00000007a5560000, 0x00000007a6ab0000)
 concurrent mark-sweep generation total 393216K, used 160378K [0x00000007a8000000, 0x00000007c0000000, 0x00000007c0000000)
 Metaspace       used 34508K, capacity 35052K, committed 35396K, reserved 1081344K
  class space    used 3995K, capacity 4171K, committed 4192K, reserved 1048576K
}
2016-10-23T20:02:35.086+0800: 91.779: Total time for which application threads were stopped: 0.0083010 seconds, Stopping threads took: 0.0001036 seconds
{Heap before GC invocations=257 (full 9):
 par new generation   total 109248K, used 108716K [0x00000007a0000000, 0x00000007a8000000, 0x00000007a8000000)
  eden space 87424K, 100% used [0x00000007a0000000, 0x00000007a5560000, 0x00000007a5560000)
  from space 21824K,  97% used [0x00000007a6ab0000, 0x00000007a7f7b100, 0x00000007a8000000)
  to   space 21824K,   0% used [0x00000007a5560000, 0x00000007a5560000, 0x00000007a6ab0000)
 concurrent mark-sweep generation total 393216K, used 160378K [0x00000007a8000000, 0x00000007c0000000, 0x00000007c0000000)
 Metaspace       used 34508K, capacity 35052K, committed 35396K, reserved 1081344K
  class space    used 3995K, capacity 4171K, committed 4192K, reserved 1048576K
2016-10-23T20:02:35.176+0800: 91.869: [GC (Allocation Failure) 2016-10-23T20:02:35.176+0800: 91.869: [ParNew
Desired survivor size 20112992 bytes, new threshold 8 (max 8)
- age   1:    2012520 bytes,    2012520 total
- age   2:    1789680 bytes,    3802200 total
- age   3:    7324392 bytes,   11126592 total
- age   4:    1862696 bytes,   12989288 total
- age   5:     822096 bytes,   13811384 total
- age   6:     720072 bytes,   14531456 total
- age   7:     496952 bytes,   15028408 total
- age   8:     799104 bytes,   15827512 total
: 108716K->21824K(109248K), 0.0074157 secs] 269095K->184270K(502464K), 0.0074677 secs] [Times: user=0.03 sys=0.00, real=0.01 secs] 
Heap after GC invocations=258 (full 9):
 par new generation   total 109248K, used 21824K [0x00000007a0000000, 0x00000007a8000000, 0x00000007a8000000)
  eden space 87424K,   0% used [0x00000007a0000000, 0x00000007a0000000, 0x00000007a5560000)
  from space 21824K, 100% used [0x00000007a5560000, 0x00000007a6ab0000, 0x00000007a6ab0000)
  to   space 21824K,   0% used [0x00000007a6ab0000, 0x00000007a6ab0000, 0x00000007a8000000)
 concurrent mark-sweep generation total 393216K, used 162446K [0x00000007a8000000, 0x00000007c0000000, 0x00000007c0000000)
 Metaspace       used 34508K, capacity 35052K, committed 35396K, reserved 1081344K
  class space    used 3995K, capacity 4171K, committed 4192K, reserved 1048576K
}
2016-10-23T20:02:35.184+0800: 91.877: Total time for which application threads were stopped: 0.0076523 seconds, Stopping threads took: 0.0000594 seconds
2016-10-23T20:02:35.198+0800: 91.891: Total time for which application threads were stopped: 0.0001425 seconds, Stopping threads took: 0.0000556 seconds
2016-10-23T20:02:35.198+0800: 91.891: Total time for which application threads were stopped: 0.0001136 seconds, Stopping threads took: 0.0000449 seconds
2016-10-23T20:02:35.198+0800: 91.891: Total time for which application threads were stopped: 0.0000709 seconds, Stopping threads took: 0.0000198 seconds
2016-10-23T20:02:35.198+0800: 91.891: Total time for which application threads were stopped: 0.0000471 seconds, Stopping threads took: 0.0000073 seconds
{Heap before GC invocations=258 (full 9):
 par new generation   total 109248K, used 109148K [0x00000007a0000000, 0x00000007a8000000, 0x00000007a8000000)
  eden space 87424K,  99% used [0x00000007a0000000, 0x00000007a55472d8, 0x00000007a5560000)
  from space 21824K, 100% used [0x00000007a5560000, 0x00000007a6ab0000, 0x00000007a6ab0000)
  to   space 21824K,   0% used [0x00000007a6ab0000, 0x00000007a6ab0000, 0x00000007a8000000)
 concurrent mark-sweep generation total 393216K, used 162446K [0x00000007a8000000, 0x00000007c0000000, 0x00000007c0000000)
 Metaspace       used 34519K, capacity 35052K, committed 35396K, reserved 1081344K
  class space    used 3995K, capacity 4171K, committed 4192K, reserved 1048576K
2016-10-23T20:02:35.399+0800: 92.092: [GC (Allocation Failure) 2016-10-23T20:02:35.399+0800: 92.092: [ParNew
Desired survivor size 20112992 bytes, new threshold 8 (max 8)
- age   1:    6004152 bytes,    6004152 total
- age   2:     907680 bytes,    6911832 total
- age   3:    1216096 bytes,    8127928 total
- age   4:    7173376 bytes,   15301304 total
- age   5:    1782776 bytes,   17084080 total
- age   6:     746224 bytes,   17830304 total
- age   7:     650232 bytes,   18480536 total
- age   8:     457592 bytes,   18938128 total
: 109148K->21824K(109248K), 0.0063337 secs] 271595K->185002K(502464K), 0.0063973 secs] [Times: user=0.03 sys=0.01, real=0.01 secs] 
Heap after GC invocations=259 (full 9):
 par new generation   total 109248K, used 21824K [0x00000007a0000000, 0x00000007a8000000, 0x00000007a8000000)
  eden space 87424K,   0% used [0x00000007a0000000, 0x00000007a0000000, 0x00000007a5560000)
  from space 21824K, 100% used [0x00000007a6ab0000, 0x00000007a8000000, 0x00000007a8000000)
  to   space 21824K,   0% used [0x00000007a5560000, 0x00000007a5560000, 0x00000007a6ab0000)
 concurrent mark-sweep generation total 393216K, used 163178K [0x00000007a8000000, 0x00000007c0000000, 0x00000007c0000000)
 Metaspace       used 34519K, capacity 35052K, committed 35396K, reserved 1081344K
  class space    used 3995K, capacity 4171K, committed 4192K, reserved 1048576K
}
2016-10-23T20:02:35.406+0800: 92.099: Total time for which application threads were stopped: 0.0065642 seconds, Stopping threads took: 0.0000293 seconds
{Heap before GC invocations=259 (full 9):
 par new generation   total 109248K, used 109248K [0x00000007a0000000, 0x00000007a8000000, 0x00000007a8000000)
  eden space 87424K, 100% used [0x00000007a0000000, 0x00000007a5560000, 0x00000007a5560000)
  from space 21824K, 100% used [0x00000007a6ab0000, 0x00000007a8000000, 0x00000007a8000000)
  to   space 21824K,   0% used [0x00000007a5560000, 0x00000007a5560000, 0x00000007a6ab0000)
 concurrent mark-sweep generation total 393216K, used 163178K [0x00000007a8000000, 0x00000007c0000000, 0x00000007c0000000)
 Metaspace       used 34519K, capacity 35052K, committed 35396K, reserved 1081344K
  class space    used 3995K, capacity 4171K, committed 4192K, reserved 1048576K
2016-10-23T20:02:35.630+0800: 92.323: [GC (Allocation Failure) 2016-10-23T20:02:35.630+0800: 92.323: [ParNew
Desired survivor size 20112992 bytes, new threshold 8 (max 8)
- age   1:    5203912 bytes,    5203912 total
- age   2:    2773184 bytes,    7977096 total
- age   3:     779016 bytes,    8756112 total
- age   4:    1090768 bytes,    9846880 total
- age   5:    6849272 bytes,   16696152 total
- age   6:    1760544 bytes,   18456696 total
- age   7:     724824 bytes,   19181520 total
- age   8:     624672 bytes,   19806192 total
: 109248K->21824K(109248K), 0.0068654 secs] 272426K->187730K(502464K), 0.0069418 secs] [Times: user=0.02 sys=0.00, real=0.00 secs] 
Heap after GC invocations=260 (full 9):
 par new generation   total 109248K, used 21824K [0x00000007a0000000, 0x00000007a8000000, 0x00000007a8000000)
  eden space 87424K,   0% used [0x00000007a0000000, 0x00000007a0000000, 0x00000007a5560000)
  from space 21824K, 100% used [0x00000007a5560000, 0x00000007a6ab0000, 0x00000007a6ab0000)
  to   space 21824K,   0% used [0x00000007a6ab0000, 0x00000007a6ab0000, 0x00000007a8000000)
 concurrent mark-sweep generation total 393216K, used 165906K [0x00000007a8000000, 0x00000007c0000000, 0x00000007c0000000)
 Metaspace       used 34519K, capacity 35052K, committed 35396K, reserved 1081344K
  class space    used 3995K, capacity 4171K, committed 4192K, reserved 1048576K
}
2016-10-23T20:02:35.637+0800: 92.330: Total time for which application threads were stopped: 0.0071006 seconds, Stopping threads took: 0.0000322 seconds
{Heap before GC invocations=260 (full 9):
 par new generation   total 109248K, used 109248K [0x00000007a0000000, 0x00000007a8000000, 0x00000007a8000000)
  eden space 87424K, 100% used [0x00000007a0000000, 0x00000007a5560000, 0x00000007a5560000)
  from space 21824K, 100% used [0x00000007a5560000, 0x00000007a6ab0000, 0x00000007a6ab0000)
  to   space 21824K,   0% used [0x00000007a6ab0000, 0x00000007a6ab0000, 0x00000007a8000000)
 concurrent mark-sweep generation total 393216K, used 165906K [0x00000007a8000000, 0x00000007c0000000, 0x00000007c0000000)
 Metaspace       used 34519K, capacity 35052K, committed 35396K, reserved 1081344K
  class space    used 3995K, capacity 4171K, committed 4192K, reserved 1048576K
2016-10-23T20:02:35.859+0800: 92.552: [GC (Allocation Failure) 2016-10-23T20:02:35.859+0800: 92.552: [ParNew
Desired survivor size 20112992 bytes, new threshold 7 (max 8)
- age   1:    6134824 bytes,    6134824 total
- age   2:    2519856 bytes,    8654680 total
- age   3:    2388976 bytes,   11043656 total
- age   4:     763376 bytes,   11807032 total
- age   5:    1066032 bytes,   12873064 total
- age   6:    6811440 bytes,   19684504 total
- age   7:    1609152 bytes,   21293656 total
- age   8:     707472 bytes,   22001128 total
: 109248K->21824K(109248K), 0.0078080 secs] 275154K->189164K(502464K), 0.0078678 secs] [Times: user=0.03 sys=0.00, real=0.01 secs] 
Heap after GC invocations=261 (full 9):
 par new generation   total 109248K, used 21824K [0x00000007a0000000, 0x00000007a8000000, 0x00000007a8000000)
  eden space 87424K,   0% used [0x00000007a0000000, 0x00000007a0000000, 0x00000007a5560000)
  from space 21824K, 100% used [0x00000007a6ab0000, 0x00000007a8000000, 0x00000007a8000000)
  to   space 21824K,   0% used [0x00000007a5560000, 0x00000007a5560000, 0x00000007a6ab0000)
 concurrent mark-sweep generation total 393216K, used 167340K [0x00000007a8000000, 0x00000007c0000000, 0x00000007c0000000)
 Metaspace       used 34519K, capacity 35052K, committed 35396K, reserved 1081344K
  class space    used 3995K, capacity 4171K, committed 4192K, reserved 1048576K
}
2016-10-23T20:02:35.867+0800: 92.560: Total time for which application threads were stopped: 0.0080294 seconds, Stopping threads took: 0.0000252 seconds
{Heap before GC invocations=261 (full 9):
 par new generation   total 109248K, used 109248K [0x00000007a0000000, 0x00000007a8000000, 0x00000007a8000000)
  eden space 87424K, 100% used [0x00000007a0000000, 0x00000007a5560000, 0x00000007a5560000)
  from space 21824K, 100% used [0x00000007a6ab0000, 0x00000007a8000000, 0x00000007a8000000)
  to   space 21824K,   0% used [0x00000007a5560000, 0x00000007a5560000, 0x00000007a6ab0000)
 concurrent mark-sweep generation total 393216K, used 167340K [0x00000007a8000000, 0x00000007c0000000, 0x00000007c0000000)
 Metaspace       used 34519K, capacity 35052K, committed 35396K, reserved 1081344K
  class space    used 3995K, capacity 4171K, committed 4192K, reserved 1048576K
2016-10-23T20:02:36.099+0800: 92.792: [GC (Allocation Failure) 2016-10-23T20:02:36.099+0800: 92.792: [ParNew
Desired survivor size 20112992 bytes, new threshold 8 (max 8)
- age   1:    2162640 bytes,    2162640 total
- age   2:    2590072 bytes,    4752712 total
- age   3:    1619136 bytes,    6371848 total
- age   4:    2102000 bytes,    8473848 total
- age   5:     695584 bytes,    9169432 total
- age   6:     998856 bytes,   10168288 total
- age   7:    6292432 bytes,   16460720 total
: 109248K->21824K(109248K), 0.0079012 secs] 276588K->198571K(502464K), 0.0079835 secs] [Times: user=0.03 sys=0.00, real=0.01 secs] 
Heap after GC invocations=262 (full 9):
 par new generation   total 109248K, used 21824K [0x00000007a0000000, 0x00000007a8000000, 0x00000007a8000000)
  eden space 87424K,   0% used [0x00000007a0000000, 0x00000007a0000000, 0x00000007a5560000)
  from space 21824K, 100% used [0x00000007a5560000, 0x00000007a6ab0000, 0x00000007a6ab0000)
  to   space 21824K,   0% used [0x00000007a6ab0000, 0x00000007a6ab0000, 0x00000007a8000000)
 concurrent mark-sweep generation total 393216K, used 176747K [0x00000007a8000000, 0x00000007c0000000, 0x00000007c0000000)
 Metaspace       used 34519K, capacity 35052K, committed 35396K, reserved 1081344K
  class space    used 3995K, capacity 4171K, committed 4192K, reserved 1048576K
}
2016-10-23T20:02:36.107+0800: 92.800: Total time for which application threads were stopped: 0.0081344 seconds, Stopping threads took: 0.0000213 seconds
{Heap before GC invocations=262 (full 9):
 par new generation   total 109248K, used 109248K [0x00000007a0000000, 0x00000007a8000000, 0x00000007a8000000)
  eden space 87424K, 100% used [0x00000007a0000000, 0x00000007a5560000, 0x00000007a5560000)
  from space 21824K, 100% used [0x00000007a5560000, 0x00000007a6ab0000, 0x00000007a6ab0000)
  to   space 21824K,   0% used [0x00000007a6ab0000, 0x00000007a6ab0000, 0x00000007a8000000)
 concurrent mark-sweep generation total 393216K, used 176747K [0x00000007a8000000, 0x00000007c0000000, 0x00000007c0000000)
 Metaspace       used 34519K, capacity 35052K, committed 35396K, reserved 1081344K
  class space    used 3995K, capacity 4171K, committed 4192K, reserved 1048576K
2016-10-23T20:02:36.337+0800: 93.030: [GC (Allocation Failure) 2016-10-23T20:02:36.337+0800: 93.030: [ParNew
Desired survivor size 20112992 bytes, new threshold 8 (max 8)
- age   1:    6897192 bytes,    6897192 total
- age   2:    1432824 bytes,    8330016 total
- age   3:    1329616 bytes,    9659632 total
- age   4:    1449808 bytes,   11109440 total
- age   5:    2098424 bytes,   13207864 total
- age   6:     693984 bytes,   13901848 total
- age   7:     997416 bytes,   14899264 total
- age   8:    4377160 bytes,   19276424 total
: 109248K->21824K(109248K), 0.0071417 secs] 285995K->202968K(502464K), 0.0072088 secs] [Times: user=0.02 sys=0.00, real=0.01 secs] 
Heap after GC invocations=263 (full 9):
 par new generation   total 109248K, used 21824K [0x00000007a0000000, 0x00000007a8000000, 0x00000007a8000000)
  eden space 87424K,   0% used [0x00000007a0000000, 0x00000007a0000000, 0x00000007a5560000)
  from space 21824K, 100% used [0x00000007a6ab0000, 0x00000007a8000000, 0x00000007a8000000)
  to   space 21824K,   0% used [0x00000007a5560000, 0x00000007a5560000, 0x00000007a6ab0000)
 concurrent mark-sweep generation total 393216K, used 181144K [0x00000007a8000000, 0x00000007c0000000, 0x00000007c0000000)
 Metaspace       used 34519K, capacity 35052K, committed 35396K, reserved 1081344K
  class space    used 3995K, capacity 4171K, committed 4192K, reserved 1048576K
}
2016-10-23T20:02:36.344+0800: 93.037: Total time for which application threads were stopped: 0.0073669 seconds, Stopping threads took: 0.0000301 seconds
{Heap before GC invocations=263 (full 9):
 par new generation   total 109248K, used 109248K [0x00000007a0000000, 0x00000007a8000000, 0x00000007a8000000)
  eden space 87424K, 100% used [0x00000007a0000000, 0x00000007a5560000, 0x00000007a5560000)
  from space 21824K, 100% used [0x00000007a6ab0000, 0x00000007a8000000, 0x00000007a8000000)
  to   space 21824K,   0% used [0x00000007a5560000, 0x00000007a5560000, 0x00000007a6ab0000)
 concurrent mark-sweep generation total 393216K, used 181144K [0x00000007a8000000, 0x00000007c0000000, 0x00000007c0000000)
 Metaspace       used 34519K, capacity 35052K, committed 35396K, reserved 1081344K
  class space    used 3995K, capacity 4171K, committed 4192K, reserved 1048576K
2016-10-23T20:02:36.583+0800: 93.276: [GC (Allocation Failure) 2016-10-23T20:02:36.583+0800: 93.276: [ParNew
Desired survivor size 20112992 bytes, new threshold 8 (max 8)
- age   1:    9337440 bytes,    9337440 total
- age   2:    1799008 bytes,   11136448 total
- age   3:    1227376 bytes,   12363824 total
- age   4:    1089360 bytes,   13453184 total
- age   5:     659232 bytes,   14112416 total
- age   6:    1513840 bytes,   15626256 total
- age   7:     689264 bytes,   16315520 total
- age   8:     994432 bytes,   17309952 total
: 109248K->21824K(109248K), 0.0090919 secs] 290392K->210771K(502464K), 0.0091769 secs] [Times: user=0.03 sys=0.00, real=0.01 secs] 
Heap after GC invocations=264 (full 9):
 par new generation   total 109248K, used 21824K [0x00000007a0000000, 0x00000007a8000000, 0x00000007a8000000)
  eden space 87424K,   0% used [0x00000007a0000000, 0x00000007a0000000, 0x00000007a5560000)
  from space 21824K, 100% used [0x00000007a5560000, 0x00000007a6ab0000, 0x00000007a6ab0000)
  to   space 21824K,   0% used [0x00000007a6ab0000, 0x00000007a6ab0000, 0x00000007a8000000)
 concurrent mark-sweep generation total 393216K, used 188947K [0x00000007a8000000, 0x00000007c0000000, 0x00000007c0000000)
 Metaspace       used 34519K, capacity 35052K, committed 35396K, reserved 1081344K
  class space    used 3995K, capacity 4171K, committed 4192K, reserved 1048576K
}
2016-10-23T20:02:36.592+0800: 93.285: Total time for which application threads were stopped: 0.0093582 seconds, Stopping threads took: 0.0000243 seconds
{Heap before GC invocations=264 (full 9):
 par new generation   total 109248K, used 109248K [0x00000007a0000000, 0x00000007a8000000, 0x00000007a8000000)
  eden space 87424K, 100% used [0x00000007a0000000, 0x00000007a5560000, 0x00000007a5560000)
  from space 21824K, 100% used [0x00000007a5560000, 0x00000007a6ab0000, 0x00000007a6ab0000)
  to   space 21824K,   0% used [0x00000007a6ab0000, 0x00000007a6ab0000, 0x00000007a8000000)
 concurrent mark-sweep generation total 393216K, used 188947K [0x00000007a8000000, 0x00000007c0000000, 0x00000007c0000000)
 Metaspace       used 34519K, capacity 35052K, committed 35396K, reserved 1081344K
  class space    used 3995K, capacity 4171K, committed 4192K, reserved 1048576K
2016-10-23T20:02:36.819+0800: 93.512: [GC (Allocation Failure) 2016-10-23T20:02:36.819+0800: 93.512: [ParNew
Desired survivor size 20112992 bytes, new threshold 8 (max 8)
- age   1:    7786456 bytes,    7786456 total
- age   2:    1360712 bytes,    9147168 total
- age   3:    1250528 bytes,   10397696 total
- age   4:    1209440 bytes,   11607136 total
- age   5:    1080920 bytes,   12688056 total
- age   6:     650536 bytes,   13338592 total
- age   7:    1504672 bytes,   14843264 total
- age   8:     688968 bytes,   15532232 total
: 109248K->21824K(109248K), 0.0069899 secs] 298195K->216214K(502464K), 0.0070732 secs] [Times: user=0.02 sys=0.00, real=0.01 secs] 
Heap after GC invocations=265 (full 9):
 par new generation   total 109248K, used 21824K [0x00000007a0000000, 0x00000007a8000000, 0x00000007a8000000)
  eden space 87424K,   0% used [0x00000007a0000000, 0x00000007a0000000, 0x00000007a5560000)
  from space 21824K, 100% used [0x00000007a6ab0000, 0x00000007a8000000, 0x00000007a8000000)
  to   space 21824K,   0% used [0x00000007a5560000, 0x00000007a5560000, 0x00000007a6ab0000)
 concurrent mark-sweep generation total 393216K, used 194390K [0x00000007a8000000, 0x00000007c0000000, 0x00000007c0000000)
 Metaspace       used 34519K, capacity 35052K, committed 35396K, reserved 1081344K
  class space    used 3995K, capacity 4171K, committed 4192K, reserved 1048576K
}
2016-10-23T20:02:36.826+0800: 93.519: Total time for which application threads were stopped: 0.0072397 seconds, Stopping threads took: 0.0000316 seconds
{Heap before GC invocations=265 (full 9):
 par new generation   total 109248K, used 109248K [0x00000007a0000000, 0x00000007a8000000, 0x00000007a8000000)
  eden space 87424K, 100% used [0x00000007a0000000, 0x00000007a5560000, 0x00000007a5560000)
  from space 21824K, 100% used [0x00000007a6ab0000, 0x00000007a8000000, 0x00000007a8000000)
  to   space 21824K,   0% used [0x00000007a5560000, 0x00000007a5560000, 0x00000007a6ab0000)
 concurrent mark-sweep generation total 393216K, used 194390K [0x00000007a8000000, 0x00000007c0000000, 0x00000007c0000000)
 Metaspace       used 34519K, capacity 35052K, committed 35396K, reserved 1081344K
  class space    used 3995K, capacity 4171K, committed 4192K, reserved 1048576K
2016-10-23T20:02:37.055+0800: 93.748: [GC (Allocation Failure) 2016-10-23T20:02:37.055+0800: 93.748: [ParNew
Desired survivor size 20112992 bytes, new threshold 8 (max 8)
- age   1:    9353344 bytes,    9353344 total
- age   2:    3194224 bytes,   12547568 total
- age   3:    1322232 bytes,   13869800 total
- age   4:    1236312 bytes,   15106112 total
- age   5:     943072 bytes,   16049184 total
- age   6:    1077256 bytes,   17126440 total
- age   7:     648296 bytes,   17774736 total
- age   8:    1502200 bytes,   19276936 total
: 109248K->21824K(109248K), 0.0084294 secs] 303638K->216974K(502464K), 0.0084951 secs] [Times: user=0.03 sys=0.00, real=0.01 secs] 
Heap after GC invocations=266 (full 9):
 par new generation   total 109248K, used 21824K [0x00000007a0000000, 0x00000007a8000000, 0x00000007a8000000)
  eden space 87424K,   0% used [0x00000007a0000000, 0x00000007a0000000, 0x00000007a5560000)
  from space 21824K, 100% used [0x00000007a5560000, 0x00000007a6ab0000, 0x00000007a6ab0000)
  to   space 21824K,   0% used [0x00000007a6ab0000, 0x00000007a6ab0000, 0x00000007a8000000)
 concurrent mark-sweep generation total 393216K, used 195150K [0x00000007a8000000, 0x00000007c0000000, 0x00000007c0000000)
 Metaspace       used 34519K, capacity 35052K, committed 35396K, reserved 1081344K
  class space    used 3995K, capacity 4171K, committed 4192K, reserved 1048576K
}
2016-10-23T20:02:37.064+0800: 93.757: Total time for which application threads were stopped: 0.0086514 seconds, Stopping threads took: 0.0000290 seconds
{Heap before GC invocations=266 (full 9):
 par new generation   total 109248K, used 109248K [0x00000007a0000000, 0x00000007a8000000, 0x00000007a8000000)
  eden space 87424K, 100% used [0x00000007a0000000, 0x00000007a5560000, 0x00000007a5560000)
  from space 21824K, 100% used [0x00000007a5560000, 0x00000007a6ab0000, 0x00000007a6ab0000)
  to   space 21824K,   0% used [0x00000007a6ab0000, 0x00000007a6ab0000, 0x00000007a8000000)
 concurrent mark-sweep generation total 393216K, used 195150K [0x00000007a8000000, 0x00000007c0000000, 0x00000007c0000000)
 Metaspace       used 34519K, capacity 35052K, committed 35396K, reserved 1081344K
  class space    used 3995K, capacity 4171K, committed 4192K, reserved 1048576K
2016-10-23T20:02:37.291+0800: 93.984: [GC (Allocation Failure) 2016-10-23T20:02:37.291+0800: 93.984: [ParNew
Desired survivor size 20112992 bytes, new threshold 8 (max 8)
- age   1:    9346728 bytes,    9346728 total
- age   2:    2839368 bytes,   12186096 total
- age   3:    2130432 bytes,   14316528 total
- age   4:    1012088 bytes,   15328616 total
- age   5:     799640 bytes,   16128256 total
- age   6:     749072 bytes,   16877328 total
- age   7:     852464 bytes,   17729792 total
- age   8:     441240 bytes,   18171032 total
: 109248K->21824K(109248K), 0.0093496 secs] 304398K->221534K(502464K), 0.0094135 secs] [Times: user=0.03 sys=0.00, real=0.01 secs] 
Heap after GC invocations=267 (full 9):
 par new generation   total 109248K, used 21824K [0x00000007a0000000, 0x00000007a8000000, 0x00000007a8000000)
  eden space 87424K,   0% used [0x00000007a0000000, 0x00000007a0000000, 0x00000007a5560000)
  from space 21824K, 100% used [0x00000007a6ab0000, 0x00000007a8000000, 0x00000007a8000000)
  to   space 21824K,   0% used [0x00000007a5560000, 0x00000007a5560000, 0x00000007a6ab0000)
 concurrent mark-sweep generation total 393216K, used 199710K [0x00000007a8000000, 0x00000007c0000000, 0x00000007c0000000)
 Metaspace       used 34519K, capacity 35052K, committed 35396K, reserved 1081344K
  class space    used 3995K, capacity 4171K, committed 4192K, reserved 1048576K
}
2016-10-23T20:02:37.301+0800: 93.994: Total time for which application threads were stopped: 0.0095660 seconds, Stopping threads took: 0.0000216 seconds
2016-10-23T20:02:37.301+0800: 93.994: [GC (CMS Initial Mark) [1 CMS-initial-mark: 199710K(393216K)] 223259K(502464K), 0.0024671 secs] [Times: user=0.01 sys=0.00, real=0.00 secs] 
2016-10-23T20:02:37.304+0800: 93.996: Total time for which application threads were stopped: 0.0025995 seconds, Stopping threads took: 0.0000547 seconds
2016-10-23T20:02:37.304+0800: 93.997: [CMS-concurrent-mark-start]
2016-10-23T20:02:37.317+0800: 94.010: [CMS-concurrent-mark: 0.014/0.014 secs] [Times: user=0.07 sys=0.00, real=0.01 secs] 
2016-10-23T20:02:37.317+0800: 94.010: [CMS-concurrent-preclean-start]
2016-10-23T20:02:37.318+0800: 94.011: [CMS-concurrent-preclean: 0.001/0.001 secs] [Times: user=0.00 sys=0.00, real=0.00 secs] 
2016-10-23T20:02:37.318+0800: 94.011: [CMS-concurrent-abortable-preclean-start]
2016-10-23T20:02:37.455+0800: 94.148: [CMS-concurrent-abortable-preclean: 0.137/0.137 secs] [Times: user=0.27 sys=0.00, real=0.14 secs] 
2016-10-23T20:02:37.456+0800: 94.149: [GC (CMS Final Remark) [YG occupancy: 77159 K (109248 K)]{Heap before GC invocations=267 (full 10):
 par new generation   total 109248K, used 77159K [0x00000007a0000000, 0x00000007a8000000, 0x00000007a8000000)
  eden space 87424K,  63% used [0x00000007a0000000, 0x00000007a3609cd0, 0x00000007a5560000)
  from space 21824K, 100% used [0x00000007a6ab0000, 0x00000007a8000000, 0x00000007a8000000)
  to   space 21824K,   0% used [0x00000007a5560000, 0x00000007a5560000, 0x00000007a6ab0000)
 concurrent mark-sweep generation total 393216K, used 199710K [0x00000007a8000000, 0x00000007c0000000, 0x00000007c0000000)
 Metaspace       used 34519K, capacity 35052K, committed 35396K, reserved 1081344K
  class space    used 3995K, capacity 4171K, committed 4192K, reserved 1048576K
2016-10-23T20:02:37.456+0800: 94.149: [GC (CMS Final Remark) 2016-10-23T20:02:37.456+0800: 94.149: [ParNew
Desired survivor size 20112992 bytes, new threshold 8 (max 8)
- age   1:    4660232 bytes,    4660232 total
- age   2:    5099936 bytes,    9760168 total
- age   3:    2631520 bytes,   12391688 total
- age   4:    2091760 bytes,   14483448 total
- age   5:     981872 bytes,   15465320 total
- age   6:     776776 bytes,   16242096 total
- age   7:     728496 bytes,   16970592 total
- age   8:     831240 bytes,   17801832 total
: 77159K->21824K(109248K), 0.0076049 secs] 276869K->223859K(502464K), 0.0076608 secs] [Times: user=0.03 sys=0.00, real=0.01 secs] 
Heap after GC invocations=268 (full 10):
 par new generation   total 109248K, used 21824K [0x00000007a0000000, 0x00000007a8000000, 0x00000007a8000000)
  eden space 87424K,   0% used [0x00000007a0000000, 0x00000007a0000000, 0x00000007a5560000)
  from space 21824K, 100% used [0x00000007a5560000, 0x00000007a6ab0000, 0x00000007a6ab0000)
  to   space 21824K,   0% used [0x00000007a6ab0000, 0x00000007a6ab0000, 0x00000007a8000000)
 concurrent mark-sweep generation total 393216K, used 202035K [0x00000007a8000000, 0x00000007c0000000, 0x00000007c0000000)
 Metaspace       used 34519K, capacity 35052K, committed 35396K, reserved 1081344K
  class space    used 3995K, capacity 4171K, committed 4192K, reserved 1048576K
}
2016-10-23T20:02:37.463+0800: 94.156: [Rescan (parallel) , 0.0029532 secs]2016-10-23T20:02:37.466+0800: 94.159: [weak refs processing, 0.0009918 secs]2016-10-23T20:02:37.467+0800: 94.160: [class unloading, 0.0056152 secs]2016-10-23T20:02:37.473+0800: 94.166: [scrub symbol table, 0.0050985 secs]2016-10-23T20:02:37.478+0800: 94.171: [scrub string table, 0.0005557 secs][1 CMS-remark: 202035K(393216K)] 223859K(502464K), 0.0231731 secs] [Times: user=0.05 sys=0.00, real=0.02 secs] 
2016-10-23T20:02:37.479+0800: 94.172: Total time for which application threads were stopped: 0.0233895 seconds, Stopping threads took: 0.0001008 seconds
2016-10-23T20:02:37.479+0800: 94.172: [CMS-concurrent-sweep-start]
2016-10-23T20:02:37.529+0800: 94.222: [CMS-concurrent-sweep: 0.050/0.050 secs] [Times: user=0.10 sys=0.00, real=0.05 secs] 
2016-10-23T20:02:37.529+0800: 94.222: [CMS-concurrent-reset-start]
2016-10-23T20:02:37.530+0800: 94.223: [CMS-concurrent-reset: 0.000/0.000 secs] [Times: user=0.00 sys=0.00, real=0.01 secs] 
{Heap before GC invocations=268 (full 10):
 par new generation   total 109248K, used 109248K [0x00000007a0000000, 0x00000007a8000000, 0x00000007a8000000)
  eden space 87424K, 100% used [0x00000007a0000000, 0x00000007a5560000, 0x00000007a5560000)
  from space 21824K, 100% used [0x00000007a5560000, 0x00000007a6ab0000, 0x00000007a6ab0000)
  to   space 21824K,   0% used [0x00000007a6ab0000, 0x00000007a6ab0000, 0x00000007a8000000)
 concurrent mark-sweep generation total 393216K, used 73748K [0x00000007a8000000, 0x00000007c0000000, 0x00000007c0000000)
 Metaspace       used 34519K, capacity 35052K, committed 35396K, reserved 1081344K
  class space    used 3995K, capacity 4171K, committed 4192K, reserved 1048576K
2016-10-23T20:02:37.712+0800: 94.405: [GC (Allocation Failure) 2016-10-23T20:02:37.712+0800: 94.405: [ParNew
Desired survivor size 20112992 bytes, new threshold 8 (max 8)
- age   1:    8417880 bytes,    8417880 total
- age   2:    2097008 bytes,   10514888 total
- age   3:    1135328 bytes,   11650216 total
- age   4:    1454312 bytes,   13104528 total
- age   5:    1340800 bytes,   14445328 total
- age   6:     951648 bytes,   15396976 total
- age   7:     699152 bytes,   16096128 total
- age   8:     696208 bytes,   16792336 total
: 109248K->21824K(109248K), 0.0081374 secs] 182996K->99895K(502464K), 0.0082140 secs] [Times: user=0.03 sys=0.01, real=0.01 secs] 
Heap after GC invocations=269 (full 10):
 par new generation   total 109248K, used 21824K [0x00000007a0000000, 0x00000007a8000000, 0x00000007a8000000)
  eden space 87424K,   0% used [0x00000007a0000000, 0x00000007a0000000, 0x00000007a5560000)
  from space 21824K, 100% used [0x00000007a6ab0000, 0x00000007a8000000, 0x00000007a8000000)
  to   space 21824K,   0% used [0x00000007a5560000, 0x00000007a5560000, 0x00000007a6ab0000)
 concurrent mark-sweep generation total 393216K, used 78071K [0x00000007a8000000, 0x00000007c0000000, 0x00000007c0000000)
 Metaspace       used 34519K, capacity 35052K, committed 35396K, reserved 1081344K
  class space    used 3995K, capacity 4171K, committed 4192K, reserved 1048576K
}
2016-10-23T20:02:37.721+0800: 94.414: Total time for which application threads were stopped: 0.0083812 seconds, Stopping threads took: 0.0000303 seconds
{Heap before GC invocations=269 (full 10):
 par new generation   total 109248K, used 109248K [0x00000007a0000000, 0x00000007a8000000, 0x00000007a8000000)
  eden space 87424K, 100% used [0x00000007a0000000, 0x00000007a5560000, 0x00000007a5560000)
  from space 21824K, 100% used [0x00000007a6ab0000, 0x00000007a8000000, 0x00000007a8000000)
  to   space 21824K,   0% used [0x00000007a5560000, 0x00000007a5560000, 0x00000007a6ab0000)
 concurrent mark-sweep generation total 393216K, used 78071K [0x00000007a8000000, 0x00000007c0000000, 0x00000007c0000000)
 Metaspace       used 34519K, capacity 35052K, committed 35396K, reserved 1081344K
  class space    used 3995K, capacity 4171K, committed 4192K, reserved 1048576K
2016-10-23T20:02:37.961+0800: 94.654: [GC (Allocation Failure) 2016-10-23T20:02:37.961+0800: 94.654: [ParNew
Desired survivor size 20112992 bytes, new threshold 7 (max 8)
- age   1:   11649280 bytes,   11649280 total
- age   2:    3855368 bytes,   15504648 total
- age   3:     550856 bytes,   16055504 total
- age   4:     801760 bytes,   16857264 total
- age   5:    1271312 bytes,   18128576 total
- age   6:    1321408 bytes,   19449984 total
- age   7:     811736 bytes,   20261720 total
- age   8:     690960 bytes,   20952680 total
: 109248K->21824K(109248K), 0.0089411 secs] 187319K->101925K(502464K), 0.0090079 secs] [Times: user=0.04 sys=0.00, real=0.01 secs] 
Heap after GC invocations=270 (full 10):
 par new generation   total 109248K, used 21824K [0x00000007a0000000, 0x00000007a8000000, 0x00000007a8000000)
  eden space 87424K,   0% used [0x00000007a0000000, 0x00000007a0000000, 0x00000007a5560000)
  from space 21824K, 100% used [0x00000007a5560000, 0x00000007a6ab0000, 0x00000007a6ab0000)
  to   space 21824K,   0% used [0x00000007a6ab0000, 0x00000007a6ab0000, 0x00000007a8000000)
 concurrent mark-sweep generation total 393216K, used 80101K [0x00000007a8000000, 0x00000007c0000000, 0x00000007c0000000)
 Metaspace       used 34519K, capacity 35052K, committed 35396K, reserved 1081344K
  class space    used 3995K, capacity 4171K, committed 4192K, reserved 1048576K
}
2016-10-23T20:02:37.970+0800: 94.663: Total time for which application threads were stopped: 0.0091838 seconds, Stopping threads took: 0.0000325 seconds
{Heap before GC invocations=270 (full 10):
 par new generation   total 109248K, used 109248K [0x00000007a0000000, 0x00000007a8000000, 0x00000007a8000000)
  eden space 87424K, 100% used [0x00000007a0000000, 0x00000007a5560000, 0x00000007a5560000)
  from space 21824K, 100% used [0x00000007a5560000, 0x00000007a6ab0000, 0x00000007a6ab0000)
  to   space 21824K,   0% used [0x00000007a6ab0000, 0x00000007a6ab0000, 0x00000007a8000000)
 concurrent mark-sweep generation total 393216K, used 80101K [0x00000007a8000000, 0x00000007c0000000, 0x00000007c0000000)
 Metaspace       used 34519K, capacity 35052K, committed 35396K, reserved 1081344K
  class space    used 3995K, capacity 4171K, committed 4192K, reserved 1048576K
2016-10-23T20:02:38.214+0800: 94.907: [GC (Allocation Failure) 2016-10-23T20:02:38.214+0800: 94.907: [ParNew
Desired survivor size 20112992 bytes, new threshold 8 (max 8)
- age   1:    6722880 bytes,    6722880 total
- age   2:    6581456 bytes,   13304336 total
- age   3:     978496 bytes,   14282832 total
- age   4:     537224 bytes,   14820056 total
- age   5:     779928 bytes,   15599984 total
- age   6:    1251120 bytes,   16851104 total
- age   7:    1301912 bytes,   18153016 total
: 109248K->21824K(109248K), 0.0091790 secs] 189349K->110487K(502464K), 0.0092435 secs] [Times: user=0.03 sys=0.00, real=0.01 secs] 
Heap after GC invocations=271 (full 10):
 par new generation   total 109248K, used 21824K [0x00000007a0000000, 0x00000007a8000000, 0x00000007a8000000)
  eden space 87424K,   0% used [0x00000007a0000000, 0x00000007a0000000, 0x00000007a5560000)
  from space 21824K, 100% used [0x00000007a6ab0000, 0x00000007a8000000, 0x00000007a8000000)
  to   space 21824K,   0% used [0x00000007a5560000, 0x00000007a5560000, 0x00000007a6ab0000)
 concurrent mark-sweep generation total 393216K, used 88663K [0x00000007a8000000, 0x00000007c0000000, 0x00000007c0000000)
 Metaspace       used 34519K, capacity 35052K, committed 35396K, reserved 1081344K
  class space    used 3995K, capacity 4171K, committed 4192K, reserved 1048576K
}
2016-10-23T20:02:38.223+0800: 94.916: Total time for which application threads were stopped: 0.0093950 seconds, Stopping threads took: 0.0000312 seconds
{Heap before GC invocations=271 (full 10):
 par new generation   total 109248K, used 109248K [0x00000007a0000000, 0x00000007a8000000, 0x00000007a8000000)
  eden space 87424K, 100% used [0x00000007a0000000, 0x00000007a5560000, 0x00000007a5560000)
  from space 21824K, 100% used [0x00000007a6ab0000, 0x00000007a8000000, 0x00000007a8000000)
  to   space 21824K,   0% used [0x00000007a5560000, 0x00000007a5560000, 0x00000007a6ab0000)
 concurrent mark-sweep generation total 393216K, used 88663K [0x00000007a8000000, 0x00000007c0000000, 0x00000007c0000000)
 Metaspace       used 34519K, capacity 35052K, committed 35396K, reserved 1081344K
  class space    used 3995K, capacity 4171K, committed 4192K, reserved 1048576K
2016-10-23T20:02:38.476+0800: 95.169: [GC (Allocation Failure) 2016-10-23T20:02:38.476+0800: 95.169: [ParNew
Desired survivor size 20112992 bytes, new threshold 8 (max 8)
- age   1:    7141104 bytes,    7141104 total
- age   2:    6558096 bytes,   13699200 total
- age   3:    1707160 bytes,   15406360 total
- age   4:     973928 bytes,   16380288 total
- age   5:     534904 bytes,   16915192 total
- age   6:     774032 bytes,   17689224 total
- age   7:    1248072 bytes,   18937296 total
- age   8:    1297472 bytes,   20234768 total
: 109248K->21824K(109248K), 0.0076324 secs] 197911K->113598K(502464K), 0.0077018 secs] [Times: user=0.03 sys=0.00, real=0.01 secs] 
Heap after GC invocations=272 (full 10):
 par new generation   total 109248K, used 21824K [0x00000007a0000000, 0x00000007a8000000, 0x00000007a8000000)
  eden space 87424K,   0% used [0x00000007a0000000, 0x00000007a0000000, 0x00000007a5560000)
  from space 21824K, 100% used [0x00000007a5560000, 0x00000007a6ab0000, 0x00000007a6ab0000)
  to   space 21824K,   0% used [0x00000007a6ab0000, 0x00000007a6ab0000, 0x00000007a8000000)
 concurrent mark-sweep generation total 393216K, used 91774K [0x00000007a8000000, 0x00000007c0000000, 0x00000007c0000000)
 Metaspace       used 34519K, capacity 35052K, committed 35396K, reserved 1081344K
  class space    used 3995K, capacity 4171K, committed 4192K, reserved 1048576K
}
2016-10-23T20:02:38.484+0800: 95.177: Total time for which application threads were stopped: 0.0078576 seconds, Stopping threads took: 0.0000282 seconds
{Heap before GC invocations=272 (full 10):
 par new generation   total 109248K, used 109248K [0x00000007a0000000, 0x00000007a8000000, 0x00000007a8000000)
  eden space 87424K, 100% used [0x00000007a0000000, 0x00000007a5560000, 0x00000007a5560000)
  from space 21824K, 100% used [0x00000007a5560000, 0x00000007a6ab0000, 0x00000007a6ab0000)
  to   space 21824K,   0% used [0x00000007a6ab0000, 0x00000007a6ab0000, 0x00000007a8000000)
 concurrent mark-sweep generation total 393216K, used 91774K [0x00000007a8000000, 0x00000007c0000000, 0x00000007c0000000)
 Metaspace       used 34519K, capacity 35052K, committed 35396K, reserved 1081344K
  class space    used 3995K, capacity 4171K, committed 4192K, reserved 1048576K
2016-10-23T20:02:38.719+0800: 95.412: [GC (Allocation Failure) 2016-10-23T20:02:38.719+0800: 95.412: [ParNew
Desired survivor size 20112992 bytes, new threshold 8 (max 8)
- age   1:    6613240 bytes,    6613240 total
- age   2:    4582208 bytes,   11195448 total
- age   3:    1616840 bytes,   12812288 total
- age   4:    1265184 bytes,   14077472 total
- age   5:     916872 bytes,   14994344 total
- age   6:     518560 bytes,   15512904 total
- age   7:     752072 bytes,   16264976 total
- age   8:    1224248 bytes,   17489224 total
: 109248K->21824K(109248K), 0.0088372 secs] 201022K->119736K(502464K), 0.0089138 secs] [Times: user=0.04 sys=0.00, real=0.01 secs] 
Heap after GC invocations=273 (full 10):
 par new generation   total 109248K, used 21824K [0x00000007a0000000, 0x00000007a8000000, 0x00000007a8000000)
  eden space 87424K,   0% used [0x00000007a0000000, 0x00000007a0000000, 0x00000007a5560000)
  from space 21824K, 100% used [0x00000007a6ab0000, 0x00000007a8000000, 0x00000007a8000000)
  to   space 21824K,   0% used [0x00000007a5560000, 0x00000007a5560000, 0x00000007a6ab0000)
 concurrent mark-sweep generation total 393216K, used 97912K [0x00000007a8000000, 0x00000007c0000000, 0x00000007c0000000)
 Metaspace       used 34519K, capacity 35052K, committed 35396K, reserved 1081344K
  class space    used 3995K, capacity 4171K, committed 4192K, reserved 1048576K
}
2016-10-23T20:02:38.728+0800: 95.421: Total time for which application threads were stopped: 0.0090675 seconds, Stopping threads took: 0.0000212 seconds
{Heap before GC invocations=273 (full 10):
 par new generation   total 109248K, used 109248K [0x00000007a0000000, 0x00000007a8000000, 0x00000007a8000000)
  eden space 87424K, 100% used [0x00000007a0000000, 0x00000007a5560000, 0x00000007a5560000)
  from space 21824K, 100% used [0x00000007a6ab0000, 0x00000007a8000000, 0x00000007a8000000)
  to   space 21824K,   0% used [0x00000007a5560000, 0x00000007a5560000, 0x00000007a6ab0000)
 concurrent mark-sweep generation total 393216K, used 97912K [0x00000007a8000000, 0x00000007c0000000, 0x00000007c0000000)
 Metaspace       used 34519K, capacity 35052K, committed 35396K, reserved 1081344K
  class space    used 3995K, capacity 4171K, committed 4192K, reserved 1048576K
2016-10-23T20:02:38.959+0800: 95.652: [GC (Allocation Failure) 2016-10-23T20:02:38.959+0800: 95.652: [ParNew
Desired survivor size 20112992 bytes, new threshold 8 (max 8)
- age   1:    4984648 bytes,    4984648 total
- age   2:    6576712 bytes,   11561360 total
- age   3:    1119600 bytes,   12680960 total
- age   4:    1593936 bytes,   14274896 total
- age   5:    1244992 bytes,   15519888 total
- age   6:     900408 bytes,   16420296 total
- age   7:     509000 bytes,   16929296 total
- age   8:     741592 bytes,   17670888 total
: 109248K->21824K(109248K), 0.0091243 secs] 207160K->124495K(502464K), 0.0091927 secs] [Times: user=0.03 sys=0.01, real=0.01 secs] 
Heap after GC invocations=274 (full 10):
 par new generation   total 109248K, used 21824K [0x00000007a0000000, 0x00000007a8000000, 0x00000007a8000000)
  eden space 87424K,   0% used [0x00000007a0000000, 0x00000007a0000000, 0x00000007a5560000)
  from space 21824K, 100% used [0x00000007a5560000, 0x00000007a6ab0000, 0x00000007a6ab0000)
  to   space 21824K,   0% used [0x00000007a6ab0000, 0x00000007a6ab0000, 0x00000007a8000000)
 concurrent mark-sweep generation total 393216K, used 102671K [0x00000007a8000000, 0x00000007c0000000, 0x00000007c0000000)
 Metaspace       used 34519K, capacity 35052K, committed 35396K, reserved 1081344K
  class space    used 3995K, capacity 4171K, committed 4192K, reserved 1048576K
}
2016-10-23T20:02:38.969+0800: 95.662: Total time for which application threads were stopped: 0.0093503 seconds, Stopping threads took: 0.0000292 seconds
{Heap before GC invocations=274 (full 10):
 par new generation   total 109248K, used 109248K [0x00000007a0000000, 0x00000007a8000000, 0x00000007a8000000)
  eden space 87424K, 100% used [0x00000007a0000000, 0x00000007a5560000, 0x00000007a5560000)
  from space 21824K, 100% used [0x00000007a5560000, 0x00000007a6ab0000, 0x00000007a6ab0000)
  to   space 21824K,   0% used [0x00000007a6ab0000, 0x00000007a6ab0000, 0x00000007a8000000)
 concurrent mark-sweep generation total 393216K, used 102671K [0x00000007a8000000, 0x00000007c0000000, 0x00000007c0000000)
 Metaspace       used 34519K, capacity 35052K, committed 35396K, reserved 1081344K
  class space    used 3995K, capacity 4171K, committed 4192K, reserved 1048576K
2016-10-23T20:02:39.197+0800: 95.890: [GC (Allocation Failure) 2016-10-23T20:02:39.197+0800: 95.890: [ParNew
Desired survivor size 20112992 bytes, new threshold 7 (max 8)
- age   1:    9458352 bytes,    9458352 total
- age   2:    4983448 bytes,   14441800 total
- age   3:    1339016 bytes,   15780816 total
- age   4:    1119264 bytes,   16900080 total
- age   5:    1593672 bytes,   18493752 total
- age   6:    1244824 bytes,   19738576 total
- age   7:     900360 bytes,   20638936 total
- age   8:     495544 bytes,   21134480 total
: 109248K->21824K(109248K), 0.0096139 secs] 211919K->125388K(502464K), 0.0096662 secs] [Times: user=0.03 sys=0.00, real=0.01 secs] 
Heap after GC invocations=275 (full 10):
 par new generation   total 109248K, used 21824K [0x00000007a0000000, 0x00000007a8000000, 0x00000007a8000000)
  eden space 87424K,   0% used [0x00000007a0000000, 0x00000007a0000000, 0x00000007a5560000)
  from space 21824K, 100% used [0x00000007a6ab0000, 0x00000007a8000000, 0x00000007a8000000)
  to   space 21824K,   0% used [0x00000007a5560000, 0x00000007a5560000, 0x00000007a6ab0000)
 concurrent mark-sweep generation total 393216K, used 103564K [0x00000007a8000000, 0x00000007c0000000, 0x00000007c0000000)
 Metaspace       used 34519K, capacity 35052K, committed 35396K, reserved 1081344K
  class space    used 3995K, capacity 4171K, committed 4192K, reserved 1048576K
}
2016-10-23T20:02:39.207+0800: 95.900: Total time for which application threads were stopped: 0.0098347 seconds, Stopping threads took: 0.0000314 seconds
{Heap before GC invocations=275 (full 10):
 par new generation   total 109248K, used 109248K [0x00000007a0000000, 0x00000007a8000000, 0x00000007a8000000)
  eden space 87424K, 100% used [0x00000007a0000000, 0x00000007a5560000, 0x00000007a5560000)
  from space 21824K, 100% used [0x00000007a6ab0000, 0x00000007a8000000, 0x00000007a8000000)
  to   space 21824K,   0% used [0x00000007a5560000, 0x00000007a5560000, 0x00000007a6ab0000)
 concurrent mark-sweep generation total 393216K, used 103564K [0x00000007a8000000, 0x00000007c0000000, 0x00000007c0000000)
 Metaspace       used 34519K, capacity 35052K, committed 35396K, reserved 1081344K
  class space    used 3995K, capacity 4171K, committed 4192K, reserved 1048576K
2016-10-23T20:02:39.442+0800: 96.135: [GC (Allocation Failure) 2016-10-23T20:02:39.442+0800: 96.135: [ParNew
Desired survivor size 20112992 bytes, new threshold 8 (max 8)
- age   1:    6363168 bytes,    6363168 total
- age   2:    6894064 bytes,   13257232 total
- age   3:    1294872 bytes,   14552104 total
- age   4:    1227512 bytes,   15779616 total
- age   5:    1010984 bytes,   16790600 total
- age   6:    1486840 bytes,   18277440 total
- age   7:    1135792 bytes,   19413232 total
: 109248K->21824K(109248K), 0.0124058 secs] 212812K->134616K(502464K), 0.0124871 secs] [Times: user=0.04 sys=0.00, real=0.01 secs] 
Heap after GC invocations=276 (full 10):
 par new generation   total 109248K, used 21824K [0x00000007a0000000, 0x00000007a8000000, 0x00000007a8000000)
  eden space 87424K,   0% used [0x00000007a0000000, 0x00000007a0000000, 0x00000007a5560000)
  from space 21824K, 100% used [0x00000007a5560000, 0x00000007a6ab0000, 0x00000007a6ab0000)
  to   space 21824K,   0% used [0x00000007a6ab0000, 0x00000007a6ab0000, 0x00000007a8000000)
 concurrent mark-sweep generation total 393216K, used 112792K [0x00000007a8000000, 0x00000007c0000000, 0x00000007c0000000)
 Metaspace       used 34519K, capacity 35052K, committed 35396K, reserved 1081344K
  class space    used 3995K, capacity 4171K, committed 4192K, reserved 1048576K
}
2016-10-23T20:02:39.455+0800: 96.148: Total time for which application threads were stopped: 0.0126570 seconds, Stopping threads took: 0.0000249 seconds
{Heap before GC invocations=276 (full 10):
 par new generation   total 109248K, used 109248K [0x00000007a0000000, 0x00000007a8000000, 0x00000007a8000000)
  eden space 87424K, 100% used [0x00000007a0000000, 0x00000007a5560000, 0x00000007a5560000)
  from space 21824K, 100% used [0x00000007a5560000, 0x00000007a6ab0000, 0x00000007a6ab0000)
  to   space 21824K,   0% used [0x00000007a6ab0000, 0x00000007a6ab0000, 0x00000007a8000000)
 concurrent mark-sweep generation total 393216K, used 112792K [0x00000007a8000000, 0x00000007c0000000, 0x00000007c0000000)
 Metaspace       used 34519K, capacity 35052K, committed 35396K, reserved 1081344K
  class space    used 3995K, capacity 4171K, committed 4192K, reserved 1048576K
2016-10-23T20:02:39.686+0800: 96.379: [GC (Allocation Failure) 2016-10-23T20:02:39.686+0800: 96.379: [ParNew
Desired survivor size 20112992 bytes, new threshold 8 (max 8)
- age   1:    9203080 bytes,    9203080 total
- age   2:    3296280 bytes,   12499360 total
- age   3:    1170056 bytes,   13669416 total
- age   4:    1286520 bytes,   14955936 total
- age   5:    1005192 bytes,   15961128 total
- age   6:    1004216 bytes,   16965344 total
- age   7:    1479152 bytes,   18444496 total
- age   8:    1129552 bytes,   19574048 total
: 109248K->21824K(109248K), 0.0083567 secs] 222040K->138898K(502464K), 0.0084443 secs] [Times: user=0.03 sys=0.00, real=0.01 secs] 
Heap after GC invocations=277 (full 10):
 par new generation   total 109248K, used 21824K [0x00000007a0000000, 0x00000007a8000000, 0x00000007a8000000)
  eden space 87424K,   0% used [0x00000007a0000000, 0x00000007a0000000, 0x00000007a5560000)
  from space 21824K, 100% used [0x00000007a6ab0000, 0x00000007a8000000, 0x00000007a8000000)
  to   space 21824K,   0% used [0x00000007a5560000, 0x00000007a5560000, 0x00000007a6ab0000)
 concurrent mark-sweep generation total 393216K, used 117074K [0x00000007a8000000, 0x00000007c0000000, 0x00000007c0000000)
 Metaspace       used 34519K, capacity 35052K, committed 35396K, reserved 1081344K
  class space    used 3995K, capacity 4171K, committed 4192K, reserved 1048576K
}
2016-10-23T20:02:39.694+0800: 96.387: Total time for which application threads were stopped: 0.0086000 seconds, Stopping threads took: 0.0000290 seconds
{Heap before GC invocations=277 (full 10):
 par new generation   total 109248K, used 109248K [0x00000007a0000000, 0x00000007a8000000, 0x00000007a8000000)
  eden space 87424K, 100% used [0x00000007a0000000, 0x00000007a5560000, 0x00000007a5560000)
  from space 21824K, 100% used [0x00000007a6ab0000, 0x00000007a8000000, 0x00000007a8000000)
  to   space 21824K,   0% used [0x00000007a5560000, 0x00000007a5560000, 0x00000007a6ab0000)
 concurrent mark-sweep generation total 393216K, used 117074K [0x00000007a8000000, 0x00000007c0000000, 0x00000007c0000000)
 Metaspace       used 34519K, capacity 35052K, committed 35396K, reserved 1081344K
  class space    used 3995K, capacity 4171K, committed 4192K, reserved 1048576K
2016-10-23T20:02:39.945+0800: 96.638: [GC (Allocation Failure) 2016-10-23T20:02:39.945+0800: 96.638: [ParNew
Desired survivor size 20112992 bytes, new threshold 8 (max 8)
- age   1:    3334824 bytes,    3334824 total
- age   2:    8322512 bytes,   11657336 total
- age   3:    2024136 bytes,   13681472 total
- age   4:    1169504 bytes,   14850976 total
- age   5:    1285792 bytes,   16136768 total
- age   6:    1004416 bytes,   17141184 total
- age   7:    1003600 bytes,   18144784 total
- age   8:    1478536 bytes,   19623320 total
: 109248K->21824K(109248K), 0.0103149 secs] 226322K->147269K(502464K), 0.0103696 secs] [Times: user=0.03 sys=0.00, real=0.01 secs] 
Heap after GC invocations=278 (full 10):
 par new generation   total 109248K, used 21824K [0x00000007a0000000, 0x00000007a8000000, 0x00000007a8000000)
  eden space 87424K,   0% used [0x00000007a0000000, 0x00000007a0000000, 0x00000007a5560000)
  from space 21824K, 100% used [0x00000007a5560000, 0x00000007a6ab0000, 0x00000007a6ab0000)
  to   space 21824K,   0% used [0x00000007a6ab0000, 0x00000007a6ab0000, 0x00000007a8000000)
 concurrent mark-sweep generation total 393216K, used 125445K [0x00000007a8000000, 0x00000007c0000000, 0x00000007c0000000)
 Metaspace       used 34519K, capacity 35052K, committed 35396K, reserved 1081344K
  class space    used 3995K, capacity 4171K, committed 4192K, reserved 1048576K
}
2016-10-23T20:02:39.956+0800: 96.649: Total time for which application threads were stopped: 0.0105343 seconds, Stopping threads took: 0.0000237 seconds
{Heap before GC invocations=278 (full 10):
 par new generation   total 109248K, used 109248K [0x00000007a0000000, 0x00000007a8000000, 0x00000007a8000000)
  eden space 87424K, 100% used [0x00000007a0000000, 0x00000007a5560000, 0x00000007a5560000)
  from space 21824K, 100% used [0x00000007a5560000, 0x00000007a6ab0000, 0x00000007a6ab0000)
  to   space 21824K,   0% used [0x00000007a6ab0000, 0x00000007a6ab0000, 0x00000007a8000000)
 concurrent mark-sweep generation total 393216K, used 125445K [0x00000007a8000000, 0x00000007c0000000, 0x00000007c0000000)
 Metaspace       used 34519K, capacity 35052K, committed 35396K, reserved 1081344K
  class space    used 3995K, capacity 4171K, committed 4192K, reserved 1048576K
2016-10-23T20:02:40.187+0800: 96.880: [GC (Allocation Failure) 2016-10-23T20:02:40.187+0800: 96.880: [ParNew
Desired survivor size 20112992 bytes, new threshold 8 (max 8)
- age   1:    3666776 bytes,    3666776 total
- age   2:    3035536 bytes,    6702312 total
- age   3:    3615872 bytes,   10318184 total
- age   4:    1986568 bytes,   12304752 total
- age   5:    1149352 bytes,   13454104 total
- age   6:    1273872 bytes,   14727976 total
- age   7:     992400 bytes,   15720376 total
- age   8:     992592 bytes,   16712968 total
: 109248K->21824K(109248K), 0.0101886 secs] 234693K->155382K(502464K), 0.0102585 secs] [Times: user=0.04 sys=0.01, real=0.01 secs] 
Heap after GC invocations=279 (full 10):
 par new generation   total 109248K, used 21824K [0x00000007a0000000, 0x00000007a8000000, 0x00000007a8000000)
  eden space 87424K,   0% used [0x00000007a0000000, 0x00000007a0000000, 0x00000007a5560000)
  from space 21824K, 100% used [0x00000007a6ab0000, 0x00000007a8000000, 0x00000007a8000000)
  to   space 21824K,   0% used [0x00000007a5560000, 0x00000007a5560000, 0x00000007a6ab0000)
 concurrent mark-sweep generation total 393216K, used 133558K [0x00000007a8000000, 0x00000007c0000000, 0x00000007c0000000)
 Metaspace       used 34519K, capacity 35052K, committed 35396K, reserved 1081344K
  class space    used 3995K, capacity 4171K, committed 4192K, reserved 1048576K
}
2016-10-23T20:02:40.197+0800: 96.890: Total time for which application threads were stopped: 0.0104227 seconds, Stopping threads took: 0.0000294 seconds
{Heap before GC invocations=279 (full 10):
 par new generation   total 109248K, used 109248K [0x00000007a0000000, 0x00000007a8000000, 0x00000007a8000000)
  eden space 87424K, 100% used [0x00000007a0000000, 0x00000007a5560000, 0x00000007a5560000)
  from space 21824K, 100% used [0x00000007a6ab0000, 0x00000007a8000000, 0x00000007a8000000)
  to   space 21824K,   0% used [0x00000007a5560000, 0x00000007a5560000, 0x00000007a6ab0000)
 concurrent mark-sweep generation total 393216K, used 133558K [0x00000007a8000000, 0x00000007c0000000, 0x00000007c0000000)
 Metaspace       used 34519K, capacity 35052K, committed 35396K, reserved 1081344K
  class space    used 3995K, capacity 4171K, committed 4192K, reserved 1048576K
2016-10-23T20:02:40.447+0800: 97.140: [GC (Allocation Failure) 2016-10-23T20:02:40.447+0800: 97.140: [ParNew
Desired survivor size 20112992 bytes, new threshold 8 (max 8)
- age   1:    3859568 bytes,    3859568 total
- age   2:    3665568 bytes,    7525136 total
- age   3:    3035536 bytes,   10560672 total
- age   4:    2698864 bytes,   13259536 total
- age   5:    1986568 bytes,   15246104 total
- age   6:    1149352 bytes,   16395456 total
- age   7:    1273872 bytes,   17669328 total
- age   8:     992400 bytes,   18661728 total
: 109248K->21824K(109248K), 0.0102306 secs] 242806K->156379K(502464K), 0.0102856 secs] [Times: user=0.04 sys=0.00, real=0.01 secs] 
Heap after GC invocations=280 (full 10):
 par new generation   total 109248K, used 21824K [0x00000007a0000000, 0x00000007a8000000, 0x00000007a8000000)
  eden space 87424K,   0% used [0x00000007a0000000, 0x00000007a0000000, 0x00000007a5560000)
  from space 21824K, 100% used [0x00000007a5560000, 0x00000007a6ab0000, 0x00000007a6ab0000)
  to   space 21824K,   0% used [0x00000007a6ab0000, 0x00000007a6ab0000, 0x00000007a8000000)
 concurrent mark-sweep generation total 393216K, used 134555K [0x00000007a8000000, 0x00000007c0000000, 0x00000007c0000000)
 Metaspace       used 34519K, capacity 35052K, committed 35396K, reserved 1081344K
  class space    used 3995K, capacity 4171K, committed 4192K, reserved 1048576K
}
2016-10-23T20:02:40.457+0800: 97.150: Total time for which application threads were stopped: 0.0104600 seconds, Stopping threads took: 0.0000394 seconds
{Heap before GC invocations=280 (full 10):
 par new generation   total 109248K, used 109248K [0x00000007a0000000, 0x00000007a8000000, 0x00000007a8000000)
  eden space 87424K, 100% used [0x00000007a0000000, 0x00000007a5560000, 0x00000007a5560000)
  from space 21824K, 100% used [0x00000007a5560000, 0x00000007a6ab0000, 0x00000007a6ab0000)
  to   space 21824K,   0% used [0x00000007a6ab0000, 0x00000007a6ab0000, 0x00000007a8000000)
 concurrent mark-sweep generation total 393216K, used 134555K [0x00000007a8000000, 0x00000007c0000000, 0x00000007c0000000)
 Metaspace       used 34519K, capacity 35052K, committed 35396K, reserved 1081344K
  class space    used 3995K, capacity 4171K, committed 4192K, reserved 1048576K
2016-10-23T20:02:40.688+0800: 97.381: [GC (Allocation Failure) 2016-10-23T20:02:40.689+0800: 97.382: [ParNew
Desired survivor size 20112992 bytes, new threshold 8 (max 8)
- age   1:    4356728 bytes,    4356728 total
- age   2:    3573136 bytes,    7929864 total
- age   3:    3624736 bytes,   11554600 total
- age   4:    2270480 bytes,   13825080 total
- age   5:    2672656 bytes,   16497736 total
- age   6:    1974144 bytes,   18471880 total
- age   7:    1135688 bytes,   19607568 total
- age   8:    1261456 bytes,   20869024 total
: 109248K->21824K(109248K), 0.0100328 secs] 243803K->164249K(502464K), 0.0102831 secs] [Times: user=0.03 sys=0.00, real=0.01 secs] 
Heap after GC invocations=281 (full 10):
 par new generation   total 109248K, used 21824K [0x00000007a0000000, 0x00000007a8000000, 0x00000007a8000000)
  eden space 87424K,   0% used [0x00000007a0000000, 0x00000007a0000000, 0x00000007a5560000)
  from space 21824K, 100% used [0x00000007a6ab0000, 0x00000007a8000000, 0x00000007a8000000)
  to   space 21824K,   0% used [0x00000007a5560000, 0x00000007a5560000, 0x00000007a6ab0000)
 concurrent mark-sweep generation total 393216K, used 142425K [0x00000007a8000000, 0x00000007c0000000, 0x00000007c0000000)
 Metaspace       used 34519K, capacity 35052K, committed 35396K, reserved 1081344K
  class space    used 3995K, capacity 4171K, committed 4192K, reserved 1048576K
}
2016-10-23T20:02:40.699+0800: 97.392: Total time for which application threads were stopped: 0.0104353 seconds, Stopping threads took: 0.0000284 seconds
{Heap before GC invocations=281 (full 10):
 par new generation   total 109248K, used 109248K [0x00000007a0000000, 0x00000007a8000000, 0x00000007a8000000)
  eden space 87424K, 100% used [0x00000007a0000000, 0x00000007a5560000, 0x00000007a5560000)
  from space 21824K, 100% used [0x00000007a6ab0000, 0x00000007a8000000, 0x00000007a8000000)
  to   space 21824K,   0% used [0x00000007a5560000, 0x00000007a5560000, 0x00000007a6ab0000)
 concurrent mark-sweep generation total 393216K, used 142425K [0x00000007a8000000, 0x00000007c0000000, 0x00000007c0000000)
 Metaspace       used 34519K, capacity 35052K, committed 35396K, reserved 1081344K
  class space    used 3995K, capacity 4171K, committed 4192K, reserved 1048576K
2016-10-23T20:02:40.954+0800: 97.647: [GC (Allocation Failure) 2016-10-23T20:02:40.954+0800: 97.647: [ParNew
Desired survivor size 20112992 bytes, new threshold 8 (max 8)
- age   1:    5975184 bytes,    5975184 total
- age   2:    1556864 bytes,    7532048 total
- age   3:    3374928 bytes,   10906976 total
- age   4:    2273672 bytes,   13180648 total
- age   5:    2264952 bytes,   15445600 total
- age   6:    2429424 bytes,   17875024 total
- age   7:    1972272 bytes,   19847296 total
- age   8:    1134384 bytes,   20981680 total
: 109248K->21824K(109248K), 0.0116714 secs] 251673K->176657K(502464K), 0.0117414 secs] [Times: user=0.04 sys=0.00, real=0.01 secs] 
Heap after GC invocations=282 (full 10):
 par new generation   total 109248K, used 21824K [0x00000007a0000000, 0x00000007a8000000, 0x00000007a8000000)
  eden space 87424K,   0% used [0x00000007a0000000, 0x00000007a0000000, 0x00000007a5560000)
  from space 21824K, 100% used [0x00000007a5560000, 0x00000007a6ab0000, 0x00000007a6ab0000)
  to   space 21824K,   0% used [0x00000007a6ab0000, 0x00000007a6ab0000, 0x00000007a8000000)
 concurrent mark-sweep generation total 393216K, used 154833K [0x00000007a8000000, 0x00000007c0000000, 0x00000007c0000000)
 Metaspace       used 34519K, capacity 35052K, committed 35396K, reserved 1081344K
  class space    used 3995K, capacity 4171K, committed 4192K, reserved 1048576K
}
2016-10-23T20:02:40.966+0800: 97.659: Total time for which application threads were stopped: 0.0119107 seconds, Stopping threads took: 0.0000317 seconds
{Heap before GC invocations=282 (full 10):
 par new generation   total 109248K, used 109248K [0x00000007a0000000, 0x00000007a8000000, 0x00000007a8000000)
  eden space 87424K, 100% used [0x00000007a0000000, 0x00000007a5560000, 0x00000007a5560000)
  from space 21824K, 100% used [0x00000007a5560000, 0x00000007a6ab0000, 0x00000007a6ab0000)
  to   space 21824K,   0% used [0x00000007a6ab0000, 0x00000007a6ab0000, 0x00000007a8000000)
 concurrent mark-sweep generation total 393216K, used 154833K [0x00000007a8000000, 0x00000007c0000000, 0x00000007c0000000)
 Metaspace       used 34519K, capacity 35052K, committed 35396K, reserved 1081344K
  class space    used 3995K, capacity 4171K, committed 4192K, reserved 1048576K
2016-10-23T20:02:41.220+0800: 97.913: [GC (Allocation Failure) 2016-10-23T20:02:41.220+0800: 97.913: [ParNew
Desired survivor size 20112992 bytes, new threshold 8 (max 8)
- age   1:    2940032 bytes,    2940032 total
- age   2:    3690320 bytes,    6630352 total
- age   3:    1485280 bytes,    8115632 total
- age   4:    2427528 bytes,   10543160 total
- age   5:    2244464 bytes,   12787624 total
- age   6:    2236752 bytes,   15024376 total
- age   7:    2403016 bytes,   17427392 total
- age   8:    1954904 bytes,   19382296 total
: 109248K->21824K(109248K), 0.0110759 secs] 264081K->181610K(502464K), 0.0111530 secs] [Times: user=0.04 sys=0.00, real=0.01 secs] 
Heap after GC invocations=283 (full 10):
 par new generation   total 109248K, used 21824K [0x00000007a0000000, 0x00000007a8000000, 0x00000007a8000000)
  eden space 87424K,   0% used [0x00000007a0000000, 0x00000007a0000000, 0x00000007a5560000)
  from space 21824K, 100% used [0x00000007a6ab0000, 0x00000007a8000000, 0x00000007a8000000)
  to   space 21824K,   0% used [0x00000007a5560000, 0x00000007a5560000, 0x00000007a6ab0000)
 concurrent mark-sweep generation total 393216K, used 159786K [0x00000007a8000000, 0x00000007c0000000, 0x00000007c0000000)
 Metaspace       used 34519K, capacity 35052K, committed 35396K, reserved 1081344K
  class space    used 3995K, capacity 4171K, committed 4192K, reserved 1048576K
}
2016-10-23T20:02:41.231+0800: 97.924: Total time for which application threads were stopped: 0.0113178 seconds, Stopping threads took: 0.0000301 seconds
{Heap before GC invocations=283 (full 10):
 par new generation   total 109248K, used 109248K [0x00000007a0000000, 0x00000007a8000000, 0x00000007a8000000)
  eden space 87424K, 100% used [0x00000007a0000000, 0x00000007a5560000, 0x00000007a5560000)
  from space 21824K, 100% used [0x00000007a6ab0000, 0x00000007a8000000, 0x00000007a8000000)
  to   space 21824K,   0% used [0x00000007a5560000, 0x00000007a5560000, 0x00000007a6ab0000)
 concurrent mark-sweep generation total 393216K, used 159786K [0x00000007a8000000, 0x00000007c0000000, 0x00000007c0000000)
 Metaspace       used 34519K, capacity 35052K, committed 35396K, reserved 1081344K
  class space    used 3995K, capacity 4171K, committed 4192K, reserved 1048576K
2016-10-23T20:02:41.497+0800: 98.190: [GC (Allocation Failure) 2016-10-23T20:02:41.497+0800: 98.190: [ParNew
Desired survivor size 20112992 bytes, new threshold 8 (max 8)
- age   1:    2385176 bytes,    2385176 total
- age   2:    2687512 bytes,    5072688 total
- age   3:    3044376 bytes,    8117064 total
- age   4:    1052272 bytes,    9169336 total
- age   5:    2419504 bytes,   11588840 total
- age   6:    2240672 bytes,   13829512 total
- age   7:    2232944 bytes,   16062456 total
- age   8:    2400280 bytes,   18462736 total
: 109248K->21824K(109248K), 0.0132061 secs] 269034K->200375K(502464K), 0.0132787 secs] [Times: user=0.04 sys=0.00, real=0.02 secs] 
Heap after GC invocations=284 (full 10):
 par new generation   total 109248K, used 21824K [0x00000007a0000000, 0x00000007a8000000, 0x00000007a8000000)
  eden space 87424K,   0% used [0x00000007a0000000, 0x00000007a0000000, 0x00000007a5560000)
  from space 21824K, 100% used [0x00000007a5560000, 0x00000007a6ab0000, 0x00000007a6ab0000)
  to   space 21824K,   0% used [0x00000007a6ab0000, 0x00000007a6ab0000, 0x00000007a8000000)
 concurrent mark-sweep generation total 393216K, used 178551K [0x00000007a8000000, 0x00000007c0000000, 0x00000007c0000000)
 Metaspace       used 34519K, capacity 35052K, committed 35396K, reserved 1081344K
  class space    used 3995K, capacity 4171K, committed 4192K, reserved 1048576K
}
2016-10-23T20:02:41.510+0800: 98.203: Total time for which application threads were stopped: 0.0134391 seconds, Stopping threads took: 0.0000301 seconds
{Heap before GC invocations=284 (full 10):
 par new generation   total 109248K, used 109248K [0x00000007a0000000, 0x00000007a8000000, 0x00000007a8000000)
  eden space 87424K, 100% used [0x00000007a0000000, 0x00000007a5560000, 0x00000007a5560000)
  from space 21824K, 100% used [0x00000007a5560000, 0x00000007a6ab0000, 0x00000007a6ab0000)
  to   space 21824K,   0% used [0x00000007a6ab0000, 0x00000007a6ab0000, 0x00000007a8000000)
 concurrent mark-sweep generation total 393216K, used 178551K [0x00000007a8000000, 0x00000007c0000000, 0x00000007c0000000)
 Metaspace       used 34519K, capacity 35052K, committed 35396K, reserved 1081344K
  class space    used 3995K, capacity 4171K, committed 4192K, reserved 1048576K
2016-10-23T20:02:41.742+0800: 98.435: [GC (Allocation Failure) 2016-10-23T20:02:41.742+0800: 98.435: [ParNew
Desired survivor size 20112992 bytes, new threshold 8 (max 8)
- age   1:    6458552 bytes,    6458552 total
- age   2:    2313576 bytes,    8772128 total
- age   3:    2641840 bytes,   11413968 total
- age   4:    1265464 bytes,   12679432 total
- age   5:    1019272 bytes,   13698704 total
- age   6:    2386192 bytes,   16084896 total
- age   7:    2210456 bytes,   18295352 total
- age   8:    2202832 bytes,   20498184 total
: 109248K->21824K(109248K), 0.0112128 secs] 287799K->208700K(502464K), 0.0112920 secs] [Times: user=0.04 sys=0.00, real=0.01 secs] 
Heap after GC invocations=285 (full 10):
 par new generation   total 109248K, used 21824K [0x00000007a0000000, 0x00000007a8000000, 0x00000007a8000000)
  eden space 87424K,   0% used [0x00000007a0000000, 0x00000007a0000000, 0x00000007a5560000)
  from space 21824K, 100% used [0x00000007a6ab0000, 0x00000007a8000000, 0x00000007a8000000)
  to   space 21824K,   0% used [0x00000007a5560000, 0x00000007a5560000, 0x00000007a6ab0000)
 concurrent mark-sweep generation total 393216K, used 186876K [0x00000007a8000000, 0x00000007c0000000, 0x00000007c0000000)
 Metaspace       used 34519K, capacity 35052K, committed 35396K, reserved 1081344K
  class space    used 3995K, capacity 4171K, committed 4192K, reserved 1048576K
}
2016-10-23T20:02:41.753+0800: 98.447: Total time for which application threads were stopped: 0.0114538 seconds, Stopping threads took: 0.0000309 seconds
2016-10-23T20:02:42.755+0800: 99.448: Total time for which application threads were stopped: 0.0001586 seconds, Stopping threads took: 0.0000716 seconds
{Heap before GC invocations=285 (full 10):
 par new generation   total 109248K, used 109248K [0x00000007a0000000, 0x00000007a8000000, 0x00000007a8000000)
  eden space 87424K, 100% used [0x00000007a0000000, 0x00000007a5560000, 0x00000007a5560000)
  from space 21824K, 100% used [0x00000007a6ab0000, 0x00000007a8000000, 0x00000007a8000000)
  to   space 21824K,   0% used [0x00000007a5560000, 0x00000007a5560000, 0x00000007a6ab0000)
 concurrent mark-sweep generation total 393216K, used 186876K [0x00000007a8000000, 0x00000007c0000000, 0x00000007c0000000)
 Metaspace       used 34521K, capacity 35052K, committed 35396K, reserved 1081344K
  class space    used 3995K, capacity 4171K, committed 4192K, reserved 1048576K
2016-10-23T20:02:42.970+0800: 99.663: [GC (Allocation Failure) 2016-10-23T20:02:42.970+0800: 99.663: [ParNew
Desired survivor size 20112992 bytes, new threshold 8 (max 8)
- age   1:    2020736 bytes,    2020736 total
- age   2:    5015736 bytes,    7036472 total
- age   3:    2149216 bytes,    9185688 total
- age   4:    1808488 bytes,   10994176 total
- age   5:    1205672 bytes,   12199848 total
- age   6:     966952 bytes,   13166800 total
- age   7:    2329040 bytes,   15495840 total
- age   8:    2158240 bytes,   17654080 total
: 109248K->21824K(109248K), 0.0106953 secs] 296124K->212954K(502464K), 0.0107637 secs] [Times: user=0.04 sys=0.00, real=0.01 secs] 
Heap after GC invocations=286 (full 10):
 par new generation   total 109248K, used 21824K [0x00000007a0000000, 0x00000007a8000000, 0x00000007a8000000)
  eden space 87424K,   0% used [0x00000007a0000000, 0x00000007a0000000, 0x00000007a5560000)
  from space 21824K, 100% used [0x00000007a5560000, 0x00000007a6ab0000, 0x00000007a6ab0000)
  to   space 21824K,   0% used [0x00000007a6ab0000, 0x00000007a6ab0000, 0x00000007a8000000)
 concurrent mark-sweep generation total 393216K, used 191130K [0x00000007a8000000, 0x00000007c0000000, 0x00000007c0000000)
 Metaspace       used 34521K, capacity 35052K, committed 35396K, reserved 1081344K
  class space    used 3995K, capacity 4171K, committed 4192K, reserved 1048576K
}
2016-10-23T20:02:42.980+0800: 99.674: Total time for which application threads were stopped: 0.0109418 seconds, Stopping threads took: 0.0000176 seconds
{Heap before GC invocations=286 (full 10):
 par new generation   total 109248K, used 109248K [0x00000007a0000000, 0x00000007a8000000, 0x00000007a8000000)
  eden space 87424K, 100% used [0x00000007a0000000, 0x00000007a5560000, 0x00000007a5560000)
  from space 21824K, 100% used [0x00000007a5560000, 0x00000007a6ab0000, 0x00000007a6ab0000)
  to   space 21824K,   0% used [0x00000007a6ab0000, 0x00000007a6ab0000, 0x00000007a8000000)
 concurrent mark-sweep generation total 393216K, used 191130K [0x00000007a8000000, 0x00000007c0000000, 0x00000007c0000000)
 Metaspace       used 34521K, capacity 35052K, committed 35396K, reserved 1081344K
  class space    used 3995K, capacity 4171K, committed 4192K, reserved 1048576K
2016-10-23T20:02:43.099+0800: 99.792: [GC (Allocation Failure) 2016-10-23T20:02:43.099+0800: 99.792: [ParNew
Desired survivor size 20112992 bytes, new threshold 8 (max 8)
- age   1:      34896 bytes,      34896 total
- age   2:    1869064 bytes,    1903960 total
- age   3:    4623496 bytes,    6527456 total
- age   4:    2123656 bytes,    8651112 total
- age   5:    1786960 bytes,   10438072 total
- age   6:    1094384 bytes,   11532456 total
- age   7:     953680 bytes,   12486136 total
- age   8:    2308656 bytes,   14794792 total
: 109248K->21824K(109248K), 0.0096453 secs] 300378K->215807K(502464K), 0.0096879 secs] [Times: user=0.03 sys=0.00, real=0.01 secs] 
Heap after GC invocations=287 (full 10):
 par new generation   total 109248K, used 21824K [0x00000007a0000000, 0x00000007a8000000, 0x00000007a8000000)
  eden space 87424K,   0% used [0x00000007a0000000, 0x00000007a0000000, 0x00000007a5560000)
  from space 21824K, 100% used [0x00000007a6ab0000, 0x00000007a8000000, 0x00000007a8000000)
  to   space 21824K,   0% used [0x00000007a5560000, 0x00000007a5560000, 0x00000007a6ab0000)
 concurrent mark-sweep generation total 393216K, used 193983K [0x00000007a8000000, 0x00000007c0000000, 0x00000007c0000000)
 Metaspace       used 34521K, capacity 35052K, committed 35396K, reserved 1081344K
  class space    used 3995K, capacity 4171K, committed 4192K, reserved 1048576K
}
2016-10-23T20:02:43.109+0800: 99.802: Total time for which application threads were stopped: 0.0098452 seconds, Stopping threads took: 0.0000185 seconds
{Heap before GC invocations=287 (full 10):
 par new generation   total 109248K, used 109248K [0x00000007a0000000, 0x00000007a8000000, 0x00000007a8000000)
  eden space 87424K, 100% used [0x00000007a0000000, 0x00000007a5560000, 0x00000007a5560000)
  from space 21824K, 100% used [0x00000007a6ab0000, 0x00000007a8000000, 0x00000007a8000000)
  to   space 21824K,   0% used [0x00000007a5560000, 0x00000007a5560000, 0x00000007a6ab0000)
 concurrent mark-sweep generation total 393216K, used 193983K [0x00000007a8000000, 0x00000007c0000000, 0x00000007c0000000)
 Metaspace       used 34521K, capacity 35052K, committed 35396K, reserved 1081344K
  class space    used 3995K, capacity 4171K, committed 4192K, reserved 1048576K
2016-10-23T20:02:43.192+0800: 99.886: [GC (Allocation Failure) 2016-10-23T20:02:43.192+0800: 99.886: [ParNew
Desired survivor size 20112992 bytes, new threshold 8 (max 8)
- age   1:     253232 bytes,     253232 total
- age   2:         40 bytes,     253272 total
- age   3:    1868664 bytes,    2121936 total
- age   4:    4590712 bytes,    6712648 total
- age   5:    2123656 bytes,    8836304 total
- age   6:    1786960 bytes,   10623264 total
- age   7:    1094408 bytes,   11717672 total
- age   8:     953680 bytes,   12671352 total
: 109248K->15934K(109248K), 0.0086231 secs] 303231K->212192K(502464K), 0.0086984 secs] [Times: user=0.03 sys=0.01, real=0.01 secs] 
Heap after GC invocations=288 (full 10):
 par new generation   total 109248K, used 15934K [0x00000007a0000000, 0x00000007a8000000, 0x00000007a8000000)
  eden space 87424K,   0% used [0x00000007a0000000, 0x00000007a0000000, 0x00000007a5560000)
  from space 21824K,  73% used [0x00000007a5560000, 0x00000007a64ef858, 0x00000007a6ab0000)
  to   space 21824K,   0% used [0x00000007a6ab0000, 0x00000007a6ab0000, 0x00000007a8000000)
 concurrent mark-sweep generation total 393216K, used 196258K [0x00000007a8000000, 0x00000007c0000000, 0x00000007c0000000)
 Metaspace       used 34521K, capacity 35052K, committed 35396K, reserved 1081344K
  class space    used 3995K, capacity 4171K, committed 4192K, reserved 1048576K
}
2016-10-23T20:02:43.201+0800: 99.894: Total time for which application threads were stopped: 0.0088481 seconds, Stopping threads took: 0.0000166 seconds
{Heap before GC invocations=288 (full 10):
 par new generation   total 109248K, used 103358K [0x00000007a0000000, 0x00000007a8000000, 0x00000007a8000000)
  eden space 87424K, 100% used [0x00000007a0000000, 0x00000007a5560000, 0x00000007a5560000)
  from space 21824K,  73% used [0x00000007a5560000, 0x00000007a64ef858, 0x00000007a6ab0000)
  to   space 21824K,   0% used [0x00000007a6ab0000, 0x00000007a6ab0000, 0x00000007a8000000)
 concurrent mark-sweep generation total 393216K, used 196258K [0x00000007a8000000, 0x00000007c0000000, 0x00000007c0000000)
 Metaspace       used 34521K, capacity 35052K, committed 35396K, reserved 1081344K
  class space    used 3995K, capacity 4171K, committed 4192K, reserved 1048576K
2016-10-23T20:02:43.303+0800: 99.996: [GC (Allocation Failure) 2016-10-23T20:02:43.303+0800: 99.996: [ParNew
Desired survivor size 20112992 bytes, new threshold 8 (max 8)
- age   1:      75176 bytes,      75176 total
- age   2:      48944 bytes,     124120 total
- age   3:         40 bytes,     124160 total
- age   4:    1868664 bytes,    1992824 total
- age   5:    4639592 bytes,    6632416 total
- age   6:    2250536 bytes,    8882952 total
- age   7:    1947120 bytes,   10830072 total
- age   8:    1216064 bytes,   12046136 total
: 103358K->14177K(109248K), 0.0083572 secs] 299616K->211384K(502464K), 0.0083994 secs] [Times: user=0.03 sys=0.00, real=0.01 secs] 
Heap after GC invocations=289 (full 10):
 par new generation   total 109248K, used 14177K [0x00000007a0000000, 0x00000007a8000000, 0x00000007a8000000)
  eden space 87424K,   0% used [0x00000007a0000000, 0x00000007a0000000, 0x00000007a5560000)
  from space 21824K,  64% used [0x00000007a6ab0000, 0x00000007a7888568, 0x00000007a8000000)
  to   space 21824K,   0% used [0x00000007a5560000, 0x00000007a5560000, 0x00000007a6ab0000)
 concurrent mark-sweep generation total 393216K, used 197207K [0x00000007a8000000, 0x00000007c0000000, 0x00000007c0000000)
 Metaspace       used 34521K, capacity 35052K, committed 35396K, reserved 1081344K
  class space    used 3995K, capacity 4171K, committed 4192K, reserved 1048576K
}
2016-10-23T20:02:43.311+0800: 100.004: Total time for which application threads were stopped: 0.0085587 seconds, Stopping threads took: 0.0000279 seconds
2016-10-23T20:02:43.311+0800: 100.004: [GC (CMS Initial Mark) [1 CMS-initial-mark: 197207K(393216K)] 213152K(502464K), 0.0013190 secs] [Times: user=0.01 sys=0.00, real=0.00 secs] 
2016-10-23T20:02:43.313+0800: 100.006: Total time for which application threads were stopped: 0.0014422 seconds, Stopping threads took: 0.0000404 seconds
2016-10-23T20:02:43.313+0800: 100.006: [CMS-concurrent-mark-start]
2016-10-23T20:02:43.341+0800: 100.034: [CMS-concurrent-mark: 0.028/0.028 secs] [Times: user=0.13 sys=0.00, real=0.03 secs] 
2016-10-23T20:02:43.341+0800: 100.034: [CMS-concurrent-preclean-start]
2016-10-23T20:02:43.342+0800: 100.035: [CMS-concurrent-preclean: 0.001/0.001 secs] [Times: user=0.01 sys=0.00, real=0.00 secs] 
2016-10-23T20:02:43.342+0800: 100.035: [CMS-concurrent-abortable-preclean-start]
{Heap before GC invocations=289 (full 11):
 par new generation   total 109248K, used 101601K [0x00000007a0000000, 0x00000007a8000000, 0x00000007a8000000)
  eden space 87424K, 100% used [0x00000007a0000000, 0x00000007a5560000, 0x00000007a5560000)
  from space 21824K,  64% used [0x00000007a6ab0000, 0x00000007a7888568, 0x00000007a8000000)
  to   space 21824K,   0% used [0x00000007a5560000, 0x00000007a5560000, 0x00000007a6ab0000)
 concurrent mark-sweep generation total 393216K, used 197207K [0x00000007a8000000, 0x00000007c0000000, 0x00000007c0000000)
 Metaspace       used 34521K, capacity 35052K, committed 35396K, reserved 1081344K
  class space    used 3995K, capacity 4171K, committed 4192K, reserved 1048576K
2016-10-23T20:02:43.427+0800: 100.120: [GC (Allocation Failure) 2016-10-23T20:02:43.427+0800: 100.120: [ParNew
Desired survivor size 20112992 bytes, new threshold 8 (max 8)
- age   1:     149056 bytes,     149056 total
- age   2:       1352 bytes,     150408 total
- age   3:      48944 bytes,     199352 total
- age   4:         40 bytes,     199392 total
- age   5:    1868664 bytes,    2068056 total
- age   6:    4590736 bytes,    6658792 total
- age   7:    2123656 bytes,    8782448 total
- age   8:    1786960 bytes,   10569408 total
: 101601K->13985K(109248K), 0.0076006 secs] 298808K->212280K(502464K), 0.0076435 secs] [Times: user=0.03 sys=0.00, real=0.01 secs] 
Heap after GC invocations=290 (full 11):
 par new generation   total 109248K, used 13985K [0x00000007a0000000, 0x00000007a8000000, 0x00000007a8000000)
  eden space 87424K,   0% used [0x00000007a0000000, 0x00000007a0000000, 0x00000007a5560000)
  from space 21824K,  64% used [0x00000007a5560000, 0x00000007a63085f8, 0x00000007a6ab0000)
  to   space 21824K,   0% used [0x00000007a6ab0000, 0x00000007a6ab0000, 0x00000007a8000000)
 concurrent mark-sweep generation total 393216K, used 198294K [0x00000007a8000000, 0x00000007c0000000, 0x00000007c0000000)
 Metaspace       used 34521K, capacity 35052K, committed 35396K, reserved 1081344K
  class space    used 3995K, capacity 4171K, committed 4192K, reserved 1048576K
}
2016-10-23T20:02:43.435+0800: 100.128: Total time for which application threads were stopped: 0.0077946 seconds, Stopping threads took: 0.0000202 seconds
2016-10-23T20:02:43.467+0800: 100.160: [CMS-concurrent-abortable-preclean: 0.057/0.125 secs] [Times: user=0.20 sys=0.00, real=0.12 secs] 
2016-10-23T20:02:43.468+0800: 100.161: [GC (CMS Final Remark) [YG occupancy: 61802 K (109248 K)]{Heap before GC invocations=290 (full 11):
 par new generation   total 109248K, used 61802K [0x00000007a0000000, 0x00000007a8000000, 0x00000007a8000000)
  eden space 87424K,  54% used [0x00000007a0000000, 0x00000007a2eb2260, 0x00000007a5560000)
  from space 21824K,  64% used [0x00000007a5560000, 0x00000007a63085f8, 0x00000007a6ab0000)
  to   space 21824K,   0% used [0x00000007a6ab0000, 0x00000007a6ab0000, 0x00000007a8000000)
 concurrent mark-sweep generation total 393216K, used 198294K [0x00000007a8000000, 0x00000007c0000000, 0x00000007c0000000)
 Metaspace       used 34521K, capacity 35052K, committed 35396K, reserved 1081344K
  class space    used 3995K, capacity 4171K, committed 4192K, reserved 1048576K
2016-10-23T20:02:43.468+0800: 100.161: [GC (CMS Final Remark) 2016-10-23T20:02:43.468+0800: 100.161: [ParNew
Desired survivor size 20112992 bytes, new threshold 8 (max 8)
- age   1:      44672 bytes,      44672 total
- age   2:      71888 bytes,     116560 total
- age   3:       1352 bytes,     117912 total
- age   4:      48944 bytes,     166856 total
- age   5:         40 bytes,     166896 total
- age   6:    1868664 bytes,    2035560 total
- age   7:    4590712 bytes,    6626272 total
- age   8:    2123656 bytes,    8749928 total
: 61802K->11034K(109248K), 0.0068040 secs] 260096K->211096K(502464K), 0.0068458 secs] [Times: user=0.02 sys=0.00, real=0.01 secs] 
Heap after GC invocations=291 (full 11):
 par new generation   total 109248K, used 11034K [0x00000007a0000000, 0x00000007a8000000, 0x00000007a8000000)
  eden space 87424K,   0% used [0x00000007a0000000, 0x00000007a0000000, 0x00000007a5560000)
  from space 21824K,  50% used [0x00000007a6ab0000, 0x00000007a7576b98, 0x00000007a8000000)
  to   space 21824K,   0% used [0x00000007a5560000, 0x00000007a5560000, 0x00000007a6ab0000)
 concurrent mark-sweep generation total 393216K, used 200061K [0x00000007a8000000, 0x00000007c0000000, 0x00000007c0000000)
 Metaspace       used 34521K, capacity 35052K, committed 35396K, reserved 1081344K
  class space    used 3995K, capacity 4171K, committed 4192K, reserved 1048576K
}
2016-10-23T20:02:43.474+0800: 100.168: [Rescan (parallel) , 0.0039530 secs]2016-10-23T20:02:43.478+0800: 100.172: [weak refs processing, 0.0008526 secs]2016-10-23T20:02:43.479+0800: 100.172: [class unloading, 0.0069029 secs]2016-10-23T20:02:43.486+0800: 100.179: [scrub symbol table, 0.0084368 secs]2016-10-23T20:02:43.495+0800: 100.188: [scrub string table, 0.0004963 secs][1 CMS-remark: 200061K(393216K)] 211096K(502464K), 0.0277253 secs] [Times: user=0.05 sys=0.01, real=0.03 secs] 
2016-10-23T20:02:43.495+0800: 100.188: Total time for which application threads were stopped: 0.0278738 seconds, Stopping threads took: 0.0000576 seconds
2016-10-23T20:02:43.495+0800: 100.188: [CMS-concurrent-sweep-start]
2016-10-23T20:02:43.527+0800: 100.220: [CMS-concurrent-sweep: 0.032/0.032 secs] [Times: user=0.06 sys=0.00, real=0.03 secs] 
2016-10-23T20:02:43.527+0800: 100.220: [CMS-concurrent-reset-start]
2016-10-23T20:02:43.527+0800: 100.220: [CMS-concurrent-reset: 0.000/0.000 secs] [Times: user=0.00 sys=0.00, real=0.00 secs] 
2016-10-23T20:02:43.691+0800: 100.384: Total time for which application threads were stopped: 0.0001040 seconds, Stopping threads took: 0.0000291 seconds
2016-10-23T20:02:43.691+0800: 100.384: Total time for which application threads were stopped: 0.0000513 seconds, Stopping threads took: 0.0000188 seconds
2016-10-23T20:02:43.691+0800: 100.384: Total time for which application threads were stopped: 0.0000482 seconds, Stopping threads took: 0.0000085 seconds
{Heap before GC invocations=291 (full 11):
 par new generation   total 109248K, used 98458K [0x00000007a0000000, 0x00000007a8000000, 0x00000007a8000000)
  eden space 87424K, 100% used [0x00000007a0000000, 0x00000007a5560000, 0x00000007a5560000)
  from space 21824K,  50% used [0x00000007a6ab0000, 0x00000007a7576b98, 0x00000007a8000000)
  to   space 21824K,   0% used [0x00000007a5560000, 0x00000007a5560000, 0x00000007a6ab0000)
 concurrent mark-sweep generation total 393216K, used 138877K [0x00000007a8000000, 0x00000007c0000000, 0x00000007c0000000)
 Metaspace       used 34521K, capacity 35052K, committed 35396K, reserved 1081344K
  class space    used 3995K, capacity 4171K, committed 4192K, reserved 1048576K
2016-10-23T20:02:43.737+0800: 100.430: [GC (Allocation Failure) 2016-10-23T20:02:43.737+0800: 100.430: [ParNew
Desired survivor size 20112992 bytes, new threshold 8 (max 8)
- age   1:    2463480 bytes,    2463480 total
- age   3:        672 bytes,    2464152 total
- age   4:       1352 bytes,    2465504 total
- age   5:        248 bytes,    2465752 total
- age   7:    1462992 bytes,    3928744 total
- age   8:    4303144 bytes,    8231888 total
: 98458K->10149K(109248K), 0.0059123 secs] 237336K->150567K(502464K), 0.0059688 secs] [Times: user=0.02 sys=0.00, real=0.01 secs] 
Heap after GC invocations=292 (full 11):
 par new generation   total 109248K, used 10149K [0x00000007a0000000, 0x00000007a8000000, 0x00000007a8000000)
  eden space 87424K,   0% used [0x00000007a0000000, 0x00000007a0000000, 0x00000007a5560000)
  from space 21824K,  46% used [0x00000007a5560000, 0x00000007a5f497a8, 0x00000007a6ab0000)
  to   space 21824K,   0% used [0x00000007a6ab0000, 0x00000007a6ab0000, 0x00000007a8000000)
 concurrent mark-sweep generation total 393216K, used 140417K [0x00000007a8000000, 0x00000007c0000000, 0x00000007c0000000)
 Metaspace       used 34521K, capacity 35052K, committed 35396K, reserved 1081344K
  class space    used 3995K, capacity 4171K, committed 4192K, reserved 1048576K
}
2016-10-23T20:02:43.743+0800: 100.436: Total time for which application threads were stopped: 0.0061212 seconds, Stopping threads took: 0.0000289 seconds
{Heap before GC invocations=292 (full 11):
 par new generation   total 109248K, used 97573K [0x00000007a0000000, 0x00000007a8000000, 0x00000007a8000000)
  eden space 87424K, 100% used [0x00000007a0000000, 0x00000007a5560000, 0x00000007a5560000)
  from space 21824K,  46% used [0x00000007a5560000, 0x00000007a5f497a8, 0x00000007a6ab0000)
  to   space 21824K,   0% used [0x00000007a6ab0000, 0x00000007a6ab0000, 0x00000007a8000000)
 concurrent mark-sweep generation total 393216K, used 140417K [0x00000007a8000000, 0x00000007c0000000, 0x00000007c0000000)
 Metaspace       used 34521K, capacity 35052K, committed 35396K, reserved 1081344K
  class space    used 3995K, capacity 4171K, committed 4192K, reserved 1048576K
2016-10-23T20:02:43.962+0800: 100.655: [GC (Allocation Failure) 2016-10-23T20:02:43.962+0800: 100.655: [ParNew
Desired survivor size 20112992 bytes, new threshold 8 (max 8)
- age   1:    4662344 bytes,    4662344 total
- age   2:    2044256 bytes,    6706600 total
- age   4:        672 bytes,    6707272 total
- age   5:       1352 bytes,    6708624 total
- age   6:        248 bytes,    6708872 total
- age   8:    1462992 bytes,    8171864 total
: 97573K->9221K(109248K), 0.0061083 secs] 237991K->153849K(502464K), 0.0061958 secs] [Times: user=0.03 sys=0.00, real=0.00 secs] 
Heap after GC invocations=293 (full 11):
 par new generation   total 109248K, used 9221K [0x00000007a0000000, 0x00000007a8000000, 0x00000007a8000000)
  eden space 87424K,   0% used [0x00000007a0000000, 0x00000007a0000000, 0x00000007a5560000)
  from space 21824K,  42% used [0x00000007a6ab0000, 0x00000007a73b1410, 0x00000007a8000000)
  to   space 21824K,   0% used [0x00000007a5560000, 0x00000007a5560000, 0x00000007a6ab0000)
 concurrent mark-sweep generation total 393216K, used 144628K [0x00000007a8000000, 0x00000007c0000000, 0x00000007c0000000)
 Metaspace       used 34521K, capacity 35052K, committed 35396K, reserved 1081344K
  class space    used 3995K, capacity 4171K, committed 4192K, reserved 1048576K
}
2016-10-23T20:02:43.968+0800: 100.661: Total time for which application threads were stopped: 0.0063667 seconds, Stopping threads took: 0.0000238 seconds
{Heap before GC invocations=293 (full 11):
 par new generation   total 109248K, used 96645K [0x00000007a0000000, 0x00000007a8000000, 0x00000007a8000000)
  eden space 87424K, 100% used [0x00000007a0000000, 0x00000007a5560000, 0x00000007a5560000)
  from space 21824K,  42% used [0x00000007a6ab0000, 0x00000007a73b1410, 0x00000007a8000000)
  to   space 21824K,   0% used [0x00000007a5560000, 0x00000007a5560000, 0x00000007a6ab0000)
 concurrent mark-sweep generation total 393216K, used 144628K [0x00000007a8000000, 0x00000007c0000000, 0x00000007c0000000)
 Metaspace       used 34521K, capacity 35052K, committed 35396K, reserved 1081344K
  class space    used 3995K, capacity 4171K, committed 4192K, reserved 1048576K
2016-10-23T20:02:44.188+0800: 100.882: [GC (Allocation Failure) 2016-10-23T20:02:44.188+0800: 100.882: [ParNew
Desired survivor size 20112992 bytes, new threshold 8 (max 8)
- age   1:    5701656 bytes,    5701656 total
- age   2:    2615376 bytes,    8317032 total
- age   3:    2035000 bytes,   10352032 total
- age   5:        672 bytes,   10352704 total
- age   6:       1352 bytes,   10354056 total
- age   7:        248 bytes,   10354304 total
: 96645K->13550K(109248K), 0.0062831 secs] 241273K->159612K(502464K), 0.0063527 secs] [Times: user=0.03 sys=0.00, real=0.01 secs] 
Heap after GC invocations=294 (full 11):
 par new generation   total 109248K, used 13550K [0x00000007a0000000, 0x00000007a8000000, 0x00000007a8000000)
  eden space 87424K,   0% used [0x00000007a0000000, 0x00000007a0000000, 0x00000007a5560000)
  from space 21824K,  62% used [0x00000007a5560000, 0x00000007a629b850, 0x00000007a6ab0000)
  to   space 21824K,   0% used [0x00000007a6ab0000, 0x00000007a6ab0000, 0x00000007a8000000)
 concurrent mark-sweep generation total 393216K, used 146062K [0x00000007a8000000, 0x00000007c0000000, 0x00000007c0000000)
 Metaspace       used 34521K, capacity 35052K, committed 35396K, reserved 1081344K
  class space    used 3995K, capacity 4171K, committed 4192K, reserved 1048576K
}
2016-10-23T20:02:44.195+0800: 100.888: Total time for which application threads were stopped: 0.0065102 seconds, Stopping threads took: 0.0000296 seconds
{Heap before GC invocations=294 (full 11):
 par new generation   total 109248K, used 100974K [0x00000007a0000000, 0x00000007a8000000, 0x00000007a8000000)
  eden space 87424K, 100% used [0x00000007a0000000, 0x00000007a5560000, 0x00000007a5560000)
  from space 21824K,  62% used [0x00000007a5560000, 0x00000007a629b850, 0x00000007a6ab0000)
  to   space 21824K,   0% used [0x00000007a6ab0000, 0x00000007a6ab0000, 0x00000007a8000000)
 concurrent mark-sweep generation total 393216K, used 146062K [0x00000007a8000000, 0x00000007c0000000, 0x00000007c0000000)
 Metaspace       used 34521K, capacity 35052K, committed 35396K, reserved 1081344K
  class space    used 3995K, capacity 4171K, committed 4192K, reserved 1048576K
2016-10-23T20:02:44.453+0800: 101.146: [GC (Allocation Failure) 2016-10-23T20:02:44.453+0800: 101.146: [ParNew
Desired survivor size 20112992 bytes, new threshold 8 (max 8)
- age   1:    8260744 bytes,    8260744 total
- age   2:    2780352 bytes,   11041096 total
- age   3:    2565152 bytes,   13606248 total
- age   4:    2026288 bytes,   15632536 total
- age   6:        672 bytes,   15633208 total
- age   7:       1352 bytes,   15634560 total
- age   8:        248 bytes,   15634808 total
: 100974K->17527K(109248K), 0.0080954 secs] 247036K->163589K(502464K), 0.0081618 secs] [Times: user=0.03 sys=0.00, real=0.01 secs] 
Heap after GC invocations=295 (full 11):
 par new generation   total 109248K, used 17527K [0x00000007a0000000, 0x00000007a8000000, 0x00000007a8000000)
  eden space 87424K,   0% used [0x00000007a0000000, 0x00000007a0000000, 0x00000007a5560000)
  from space 21824K,  80% used [0x00000007a6ab0000, 0x00000007a7bcdd28, 0x00000007a8000000)
  to   space 21824K,   0% used [0x00000007a5560000, 0x00000007a5560000, 0x00000007a6ab0000)
 concurrent mark-sweep generation total 393216K, used 146062K [0x00000007a8000000, 0x00000007c0000000, 0x00000007c0000000)
 Metaspace       used 34521K, capacity 35052K, committed 35396K, reserved 1081344K
  class space    used 3995K, capacity 4171K, committed 4192K, reserved 1048576K
}
2016-10-23T20:02:44.461+0800: 101.155: Total time for which application threads were stopped: 0.0083433 seconds, Stopping threads took: 0.0000214 seconds
{Heap before GC invocations=295 (full 11):
 par new generation   total 109248K, used 104951K [0x00000007a0000000, 0x00000007a8000000, 0x00000007a8000000)
  eden space 87424K, 100% used [0x00000007a0000000, 0x00000007a5560000, 0x00000007a5560000)
  from space 21824K,  80% used [0x00000007a6ab0000, 0x00000007a7bcdd28, 0x00000007a8000000)
  to   space 21824K,   0% used [0x00000007a5560000, 0x00000007a5560000, 0x00000007a6ab0000)
 concurrent mark-sweep generation total 393216K, used 146062K [0x00000007a8000000, 0x00000007c0000000, 0x00000007c0000000)
 Metaspace       used 34521K, capacity 35052K, committed 35396K, reserved 1081344K
  class space    used 3995K, capacity 4171K, committed 4192K, reserved 1048576K
2016-10-23T20:02:44.692+0800: 101.385: [GC (Allocation Failure) 2016-10-23T20:02:44.692+0800: 101.386: [ParNew
Desired survivor size 20112992 bytes, new threshold 8 (max 8)
- age   1:    6179584 bytes,    6179584 total
- age   2:    5558800 bytes,   11738384 total
- age   3:    2773496 bytes,   14511880 total
- age   4:    2564112 bytes,   17075992 total
- age   5:    2026288 bytes,   19102280 total
- age   7:        672 bytes,   19102952 total
- age   8:       1352 bytes,   19104304 total
: 104951K->21824K(109248K), 0.0070867 secs] 251013K->167886K(502464K), 0.0071644 secs] [Times: user=0.02 sys=0.00, real=0.00 secs] 
Heap after GC invocations=296 (full 11):
 par new generation   total 109248K, used 21824K [0x00000007a0000000, 0x00000007a8000000, 0x00000007a8000000)
  eden space 87424K,   0% used [0x00000007a0000000, 0x00000007a0000000, 0x00000007a5560000)
  from space 21824K, 100% used [0x00000007a5560000, 0x00000007a6ab0000, 0x00000007a6ab0000)
  to   space 21824K,   0% used [0x00000007a6ab0000, 0x00000007a6ab0000, 0x00000007a8000000)
 concurrent mark-sweep generation total 393216K, used 146062K [0x00000007a8000000, 0x00000007c0000000, 0x00000007c0000000)
 Metaspace       used 34521K, capacity 35052K, committed 35396K, reserved 1081344K
  class space    used 3995K, capacity 4171K, committed 4192K, reserved 1048576K
}
2016-10-23T20:02:44.700+0800: 101.393: Total time for which application threads were stopped: 0.0073226 seconds, Stopping threads took: 0.0000310 seconds
{Heap before GC invocations=296 (full 11):
 par new generation   total 109248K, used 109248K [0x00000007a0000000, 0x00000007a8000000, 0x00000007a8000000)
  eden space 87424K, 100% used [0x00000007a0000000, 0x00000007a5560000, 0x00000007a5560000)
  from space 21824K, 100% used [0x00000007a5560000, 0x00000007a6ab0000, 0x00000007a6ab0000)
  to   space 21824K,   0% used [0x00000007a6ab0000, 0x00000007a6ab0000, 0x00000007a8000000)
 concurrent mark-sweep generation total 393216K, used 146062K [0x00000007a8000000, 0x00000007c0000000, 0x00000007c0000000)
 Metaspace       used 34521K, capacity 35052K, committed 35396K, reserved 1081344K
  class space    used 3995K, capacity 4171K, committed 4192K, reserved 1048576K
2016-10-23T20:02:44.920+0800: 101.613: [GC (Allocation Failure) 2016-10-23T20:02:44.920+0800: 101.613: [ParNew
Desired survivor size 20112992 bytes, new threshold 6 (max 8)
- age   1:    6707808 bytes,    6707808 total
- age   2:    2515608 bytes,    9223416 total
- age   3:    4689464 bytes,   13912880 total
- age   4:    2531608 bytes,   16444488 total
- age   5:    2489664 bytes,   18934152 total
- age   6:    1284464 bytes,   20218616 total
- age   8:        672 bytes,   20219288 total
: 109248K->21824K(109248K), 0.0076163 secs] 255310K->170157K(502464K), 0.0076853 secs] [Times: user=0.03 sys=0.00, real=0.00 secs] 
Heap after GC invocations=297 (full 11):
 par new generation   total 109248K, used 21824K [0x00000007a0000000, 0x00000007a8000000, 0x00000007a8000000)
  eden space 87424K,   0% used [0x00000007a0000000, 0x00000007a0000000, 0x00000007a5560000)
  from space 21824K, 100% used [0x00000007a6ab0000, 0x00000007a8000000, 0x00000007a8000000)
  to   space 21824K,   0% used [0x00000007a5560000, 0x00000007a5560000, 0x00000007a6ab0000)
 concurrent mark-sweep generation total 393216K, used 148333K [0x00000007a8000000, 0x00000007c0000000, 0x00000007c0000000)
 Metaspace       used 34521K, capacity 35052K, committed 35396K, reserved 1081344K
  class space    used 3995K, capacity 4171K, committed 4192K, reserved 1048576K
}
2016-10-23T20:02:44.927+0800: 101.621: Total time for which application threads were stopped: 0.0078361 seconds, Stopping threads took: 0.0000291 seconds
{Heap before GC invocations=297 (full 11):
 par new generation   total 109248K, used 109248K [0x00000007a0000000, 0x00000007a8000000, 0x00000007a8000000)
  eden space 87424K, 100% used [0x00000007a0000000, 0x00000007a5560000, 0x00000007a5560000)
  from space 21824K, 100% used [0x00000007a6ab0000, 0x00000007a8000000, 0x00000007a8000000)
  to   space 21824K,   0% used [0x00000007a5560000, 0x00000007a5560000, 0x00000007a6ab0000)
 concurrent mark-sweep generation total 393216K, used 148333K [0x00000007a8000000, 0x00000007c0000000, 0x00000007c0000000)
 Metaspace       used 34521K, capacity 35052K, committed 35396K, reserved 1081344K
  class space    used 3995K, capacity 4171K, committed 4192K, reserved 1048576K
2016-10-23T20:02:45.156+0800: 101.849: [GC (Allocation Failure) 2016-10-23T20:02:45.156+0800: 101.849: [ParNew
Desired survivor size 20112992 bytes, new threshold 8 (max 8)
- age   1:    1912328 bytes,    1912328 total
- age   2:    2449352 bytes,    4361680 total
- age   3:    2294384 bytes,    6656064 total
- age   4:    3330616 bytes,    9986680 total
- age   5:    2293824 bytes,   12280504 total
- age   6:    2376520 bytes,   14657024 total
: 109248K->21824K(109248K), 0.0086894 secs] 257581K->180979K(502464K), 0.0087542 secs] [Times: user=0.03 sys=0.01, real=0.01 secs] 
Heap after GC invocations=298 (full 11):
 par new generation   total 109248K, used 21824K [0x00000007a0000000, 0x00000007a8000000, 0x00000007a8000000)
  eden space 87424K,   0% used [0x00000007a0000000, 0x00000007a0000000, 0x00000007a5560000)
  from space 21824K, 100% used [0x00000007a5560000, 0x00000007a6ab0000, 0x00000007a6ab0000)
  to   space 21824K,   0% used [0x00000007a6ab0000, 0x00000007a6ab0000, 0x00000007a8000000)
 concurrent mark-sweep generation total 393216K, used 159155K [0x00000007a8000000, 0x00000007c0000000, 0x00000007c0000000)
 Metaspace       used 34521K, capacity 35052K, committed 35396K, reserved 1081344K
  class space    used 3995K, capacity 4171K, committed 4192K, reserved 1048576K
}
2016-10-23T20:02:45.165+0800: 101.858: Total time for which application threads were stopped: 0.0089189 seconds, Stopping threads took: 0.0000308 seconds
{Heap before GC invocations=298 (full 11):
 par new generation   total 109248K, used 109248K [0x00000007a0000000, 0x00000007a8000000, 0x00000007a8000000)
  eden space 87424K, 100% used [0x00000007a0000000, 0x00000007a5560000, 0x00000007a5560000)
  from space 21824K, 100% used [0x00000007a5560000, 0x00000007a6ab0000, 0x00000007a6ab0000)
  to   space 21824K,   0% used [0x00000007a6ab0000, 0x00000007a6ab0000, 0x00000007a8000000)
 concurrent mark-sweep generation total 393216K, used 159155K [0x00000007a8000000, 0x00000007c0000000, 0x00000007c0000000)
 Metaspace       used 34521K, capacity 35052K, committed 35396K, reserved 1081344K
  class space    used 3995K, capacity 4171K, committed 4192K, reserved 1048576K
2016-10-23T20:02:45.396+0800: 102.089: [GC (Allocation Failure) 2016-10-23T20:02:45.396+0800: 102.089: [ParNew
Desired survivor size 20112992 bytes, new threshold 7 (max 8)
- age   1:    6983832 bytes,    6983832 total
- age   2:    1380760 bytes,    8364592 total
- age   3:    1923696 bytes,   10288288 total
- age   4:    2292800 bytes,   12581088 total
- age   5:    3329400 bytes,   15910488 total
- age   6:    2292512 bytes,   18203000 total
- age   7:    2374784 bytes,   20577784 total
: 109248K->21824K(109248K), 0.0085825 secs] 268403K->184186K(502464K), 0.0086454 secs] [Times: user=0.03 sys=0.00, real=0.01 secs] 
Heap after GC invocations=299 (full 11):
 par new generation   total 109248K, used 21824K [0x00000007a0000000, 0x00000007a8000000, 0x00000007a8000000)
  eden space 87424K,   0% used [0x00000007a0000000, 0x00000007a0000000, 0x00000007a5560000)
  from space 21824K, 100% used [0x00000007a6ab0000, 0x00000007a8000000, 0x00000007a8000000)
  to   space 21824K,   0% used [0x00000007a5560000, 0x00000007a5560000, 0x00000007a6ab0000)
 concurrent mark-sweep generation total 393216K, used 162362K [0x00000007a8000000, 0x00000007c0000000, 0x00000007c0000000)
 Metaspace       used 34521K, capacity 35052K, committed 35396K, reserved 1081344K
  class space    used 3995K, capacity 4171K, committed 4192K, reserved 1048576K
}
2016-10-23T20:02:45.405+0800: 102.098: Total time for which application threads were stopped: 0.0088261 seconds, Stopping threads took: 0.0000289 seconds
{Heap before GC invocations=299 (full 11):
 par new generation   total 109248K, used 109248K [0x00000007a0000000, 0x00000007a8000000, 0x00000007a8000000)
  eden space 87424K, 100% used [0x00000007a0000000, 0x00000007a5560000, 0x00000007a5560000)
  from space 21824K, 100% used [0x00000007a6ab0000, 0x00000007a8000000, 0x00000007a8000000)
  to   space 21824K,   0% used [0x00000007a5560000, 0x00000007a5560000, 0x00000007a6ab0000)
 concurrent mark-sweep generation total 393216K, used 162362K [0x00000007a8000000, 0x00000007c0000000, 0x00000007c0000000)
 Metaspace       used 34521K, capacity 35052K, committed 35396K, reserved 1081344K
  class space    used 3995K, capacity 4171K, committed 4192K, reserved 1048576K
2016-10-23T20:02:45.640+0800: 102.333: [GC (Allocation Failure) 2016-10-23T20:02:45.640+0800: 102.333: [ParNew
Desired survivor size 20112992 bytes, new threshold 7 (max 8)
- age   1:    7889096 bytes,    7889096 total
- age   2:    2717920 bytes,   10607016 total
- age   3:    1372256 bytes,   11979272 total
- age   4:    1920512 bytes,   13899784 total
- age   5:    2289336 bytes,   16189120 total
- age   6:    3326632 bytes,   19515752 total
- age   7:    2288912 bytes,   21804664 total
: 109248K->21824K(109248K), 0.0103077 secs] 271610K->187634K(502464K), 0.0103706 secs] [Times: user=0.04 sys=0.00, real=0.01 secs] 
Heap after GC invocations=300 (full 11):
 par new generation   total 109248K, used 21824K [0x00000007a0000000, 0x00000007a8000000, 0x00000007a8000000)
  eden space 87424K,   0% used [0x00000007a0000000, 0x00000007a0000000, 0x00000007a5560000)
  from space 21824K, 100% used [0x00000007a5560000, 0x00000007a6ab0000, 0x00000007a6ab0000)
  to   space 21824K,   0% used [0x00000007a6ab0000, 0x00000007a6ab0000, 0x00000007a8000000)
 concurrent mark-sweep generation total 393216K, used 165810K [0x00000007a8000000, 0x00000007c0000000, 0x00000007c0000000)
 Metaspace       used 34521K, capacity 35052K, committed 35396K, reserved 1081344K
  class space    used 3995K, capacity 4171K, committed 4192K, reserved 1048576K
}
2016-10-23T20:02:45.650+0800: 102.343: Total time for which application threads were stopped: 0.0105426 seconds, Stopping threads took: 0.0000325 seconds
{Heap before GC invocations=300 (full 11):
 par new generation   total 109248K, used 109248K [0x00000007a0000000, 0x00000007a8000000, 0x00000007a8000000)
  eden space 87424K, 100% used [0x00000007a0000000, 0x00000007a5560000, 0x00000007a5560000)
  from space 21824K, 100% used [0x00000007a5560000, 0x00000007a6ab0000, 0x00000007a6ab0000)
  to   space 21824K,   0% used [0x00000007a6ab0000, 0x00000007a6ab0000, 0x00000007a8000000)
 concurrent mark-sweep generation total 393216K, used 165810K [0x00000007a8000000, 0x00000007c0000000, 0x00000007c0000000)
 Metaspace       used 34521K, capacity 35052K, committed 35396K, reserved 1081344K
  class space    used 3995K, capacity 4171K, committed 4192K, reserved 1048576K
2016-10-23T20:02:45.878+0800: 102.571: [GC (Allocation Failure) 2016-10-23T20:02:45.878+0800: 102.571: [ParNew
Desired survivor size 20112992 bytes, new threshold 8 (max 8)
- age   1:    4833336 bytes,    4833336 total
- age   2:    2740448 bytes,    7573784 total
- age   3:    2673784 bytes,   10247568 total
- age   4:    1335752 bytes,   11583320 total
- age   5:    1769352 bytes,   13352672 total
- age   6:    2284176 bytes,   15636848 total
- age   7:    3321248 bytes,   18958096 total
: 109248K->21824K(109248K), 0.0115686 secs] 275058K->195215K(502464K), 0.0116264 secs] [Times: user=0.04 sys=0.00, real=0.02 secs] 
Heap after GC invocations=301 (full 11):
 par new generation   total 109248K, used 21824K [0x00000007a0000000, 0x00000007a8000000, 0x00000007a8000000)
  eden space 87424K,   0% used [0x00000007a0000000, 0x00000007a0000000, 0x00000007a5560000)
  from space 21824K, 100% used [0x00000007a6ab0000, 0x00000007a8000000, 0x00000007a8000000)
  to   space 21824K,   0% used [0x00000007a5560000, 0x00000007a5560000, 0x00000007a6ab0000)
 concurrent mark-sweep generation total 393216K, used 173391K [0x00000007a8000000, 0x00000007c0000000, 0x00000007c0000000)
 Metaspace       used 34521K, capacity 35052K, committed 35396K, reserved 1081344K
  class space    used 3995K, capacity 4171K, committed 4192K, reserved 1048576K
}
2016-10-23T20:02:45.890+0800: 102.583: Total time for which application threads were stopped: 0.0117838 seconds, Stopping threads took: 0.0000274 seconds
{Heap before GC invocations=301 (full 11):
 par new generation   total 109248K, used 109248K [0x00000007a0000000, 0x00000007a8000000, 0x00000007a8000000)
  eden space 87424K, 100% used [0x00000007a0000000, 0x00000007a5560000, 0x00000007a5560000)
  from space 21824K, 100% used [0x00000007a6ab0000, 0x00000007a8000000, 0x00000007a8000000)
  to   space 21824K,   0% used [0x00000007a5560000, 0x00000007a5560000, 0x00000007a6ab0000)
 concurrent mark-sweep generation total 393216K, used 173391K [0x00000007a8000000, 0x00000007c0000000, 0x00000007c0000000)
 Metaspace       used 34521K, capacity 35052K, committed 35396K, reserved 1081344K
  class space    used 3995K, capacity 4171K, committed 4192K, reserved 1048576K
2016-10-23T20:02:46.122+0800: 102.816: [GC (Allocation Failure) 2016-10-23T20:02:46.122+0800: 102.816: [ParNew
Desired survivor size 20112992 bytes, new threshold 8 (max 8)
- age   1:    4505872 bytes,    4505872 total
- age   2:    1941072 bytes,    6446944 total
- age   3:    1389896 bytes,    7836840 total
- age   4:    2639600 bytes,   10476440 total
- age   5:    1334408 bytes,   11810848 total
- age   6:    1112648 bytes,   12923496 total
- age   7:    1660232 bytes,   14583728 total
- age   8:    3320608 bytes,   17904336 total
: 109248K->21824K(109248K), 0.0096831 secs] 282639K->204320K(502464K), 0.0097644 secs] [Times: user=0.03 sys=0.00, real=0.01 secs] 
Heap after GC invocations=302 (full 11):
 par new generation   total 109248K, used 21824K [0x00000007a0000000, 0x00000007a8000000, 0x00000007a8000000)
  eden space 87424K,   0% used [0x00000007a0000000, 0x00000007a0000000, 0x00000007a5560000)
  from space 21824K, 100% used [0x00000007a5560000, 0x00000007a6ab0000, 0x00000007a6ab0000)
  to   space 21824K,   0% used [0x00000007a6ab0000, 0x00000007a6ab0000, 0x00000007a8000000)
 concurrent mark-sweep generation total 393216K, used 182496K [0x00000007a8000000, 0x00000007c0000000, 0x00000007c0000000)
 Metaspace       used 34521K, capacity 35052K, committed 35396K, reserved 1081344K
  class space    used 3995K, capacity 4171K, committed 4192K, reserved 1048576K
}
2016-10-23T20:02:46.132+0800: 102.826: Total time for which application threads were stopped: 0.0099522 seconds, Stopping threads took: 0.0000265 seconds
{Heap before GC invocations=302 (full 11):
 par new generation   total 109248K, used 109248K [0x00000007a0000000, 0x00000007a8000000, 0x00000007a8000000)
  eden space 87424K, 100% used [0x00000007a0000000, 0x00000007a5560000, 0x00000007a5560000)
  from space 21824K, 100% used [0x00000007a5560000, 0x00000007a6ab0000, 0x00000007a6ab0000)
  to   space 21824K,   0% used [0x00000007a6ab0000, 0x00000007a6ab0000, 0x00000007a8000000)
 concurrent mark-sweep generation total 393216K, used 182496K [0x00000007a8000000, 0x00000007c0000000, 0x00000007c0000000)
 Metaspace       used 34521K, capacity 35052K, committed 35396K, reserved 1081344K
  class space    used 3995K, capacity 4171K, committed 4192K, reserved 1048576K
2016-10-23T20:02:46.371+0800: 103.064: [GC (Allocation Failure) 2016-10-23T20:02:46.371+0800: 103.064: [ParNew
Desired survivor size 20112992 bytes, new threshold 8 (max 8)
- age   1:    7243224 bytes,    7243224 total
- age   2:    2685232 bytes,    9928456 total
- age   3:    1911928 bytes,   11840384 total
- age   4:    1359600 bytes,   13199984 total
- age   5:    2613016 bytes,   15813000 total
- age   6:    1311152 bytes,   17124152 total
- age   7:    1092864 bytes,   18217016 total
- age   8:    1638928 bytes,   19855944 total
: 109248K->21824K(109248K), 0.0109208 secs] 291744K->208993K(502464K), 0.0110071 secs] [Times: user=0.04 sys=0.00, real=0.01 secs] 
Heap after GC invocations=303 (full 11):
 par new generation   total 109248K, used 21824K [0x00000007a0000000, 0x00000007a8000000, 0x00000007a8000000)
  eden space 87424K,   0% used [0x00000007a0000000, 0x00000007a0000000, 0x00000007a5560000)
  from space 21824K, 100% used [0x00000007a6ab0000, 0x00000007a8000000, 0x00000007a8000000)
  to   space 21824K,   0% used [0x00000007a5560000, 0x00000007a5560000, 0x00000007a6ab0000)
 concurrent mark-sweep generation total 393216K, used 187169K [0x00000007a8000000, 0x00000007c0000000, 0x00000007c0000000)
 Metaspace       used 34521K, capacity 35052K, committed 35396K, reserved 1081344K
  class space    used 3995K, capacity 4171K, committed 4192K, reserved 1048576K
}
2016-10-23T20:02:46.382+0800: 103.075: Total time for which application threads were stopped: 0.0111816 seconds, Stopping threads took: 0.0000259 seconds
{Heap before GC invocations=303 (full 11):
 par new generation   total 109248K, used 109248K [0x00000007a0000000, 0x00000007a8000000, 0x00000007a8000000)
  eden space 87424K, 100% used [0x00000007a0000000, 0x00000007a5560000, 0x00000007a5560000)
  from space 21824K, 100% used [0x00000007a6ab0000, 0x00000007a8000000, 0x00000007a8000000)
  to   space 21824K,   0% used [0x00000007a5560000, 0x00000007a5560000, 0x00000007a6ab0000)
 concurrent mark-sweep generation total 393216K, used 187169K [0x00000007a8000000, 0x00000007c0000000, 0x00000007c0000000)
 Metaspace       used 34521K, capacity 35052K, committed 35396K, reserved 1081344K
  class space    used 3995K, capacity 4171K, committed 4192K, reserved 1048576K
2016-10-23T20:02:46.622+0800: 103.316: [GC (Allocation Failure) 2016-10-23T20:02:46.622+0800: 103.316: [ParNew
Desired survivor size 20112992 bytes, new threshold 8 (max 8)
- age   1:    6725048 bytes,    6725048 total
- age   2:    3884776 bytes,   10609824 total
- age   3:    2335368 bytes,   12945192 total
- age   4:    1406280 bytes,   14351472 total
- age   5:    1139552 bytes,   15491024 total
- age   6:    1313568 bytes,   16804592 total
- age   7:    1123496 bytes,   17928088 total
- age   8:     921648 bytes,   18849736 total
: 109248K->21824K(109248K), 0.0128824 secs] 296417K->218431K(502464K), 0.0129707 secs] [Times: user=0.05 sys=0.00, real=0.01 secs] 
Heap after GC invocations=304 (full 11):
 par new generation   total 109248K, used 21824K [0x00000007a0000000, 0x00000007a8000000, 0x00000007a8000000)
  eden space 87424K,   0% used [0x00000007a0000000, 0x00000007a0000000, 0x00000007a5560000)
  from space 21824K, 100% used [0x00000007a5560000, 0x00000007a6ab0000, 0x00000007a6ab0000)
  to   space 21824K,   0% used [0x00000007a6ab0000, 0x00000007a6ab0000, 0x00000007a8000000)
 concurrent mark-sweep generation total 393216K, used 196607K [0x00000007a8000000, 0x00000007c0000000, 0x00000007c0000000)
 Metaspace       used 34521K, capacity 35052K, committed 35396K, reserved 1081344K
  class space    used 3995K, capacity 4171K, committed 4192K, reserved 1048576K
}
2016-10-23T20:02:46.635+0800: 103.329: Total time for which application threads were stopped: 0.0131311 seconds, Stopping threads took: 0.0000289 seconds
{Heap before GC invocations=304 (full 11):
 par new generation   total 109248K, used 109248K [0x00000007a0000000, 0x00000007a8000000, 0x00000007a8000000)
  eden space 87424K, 100% used [0x00000007a0000000, 0x00000007a5560000, 0x00000007a5560000)
  from space 21824K, 100% used [0x00000007a5560000, 0x00000007a6ab0000, 0x00000007a6ab0000)
  to   space 21824K,   0% used [0x00000007a6ab0000, 0x00000007a6ab0000, 0x00000007a8000000)
 concurrent mark-sweep generation total 393216K, used 196607K [0x00000007a8000000, 0x00000007c0000000, 0x00000007c0000000)
 Metaspace       used 34521K, capacity 35052K, committed 35396K, reserved 1081344K
  class space    used 3995K, capacity 4171K, committed 4192K, reserved 1048576K
2016-10-23T20:02:46.879+0800: 103.572: [GC (Allocation Failure) 2016-10-23T20:02:46.879+0800: 103.572: [ParNew
Desired survivor size 20112992 bytes, new threshold 8 (max 8)
- age   1:    4947112 bytes,    4947112 total
- age   2:    3992616 bytes,    8939728 total
- age   3:    3352608 bytes,   12292336 total
- age   4:    2298600 bytes,   14590936 total
- age   5:    1349016 bytes,   15939952 total
- age   6:    1065728 bytes,   17005680 total
- age   7:    1133640 bytes,   18139320 total
- age   8:     943184 bytes,   19082504 total
: 109248K->21824K(109248K), 0.0115110 secs] 305855K->229319K(502464K), 0.0115840 secs] [Times: user=0.04 sys=0.00, real=0.02 secs] 
Heap after GC invocations=305 (full 11):
 par new generation   total 109248K, used 21824K [0x00000007a0000000, 0x00000007a8000000, 0x00000007a8000000)
  eden space 87424K,   0% used [0x00000007a0000000, 0x00000007a0000000, 0x00000007a5560000)
  from space 21824K, 100% used [0x00000007a6ab0000, 0x00000007a8000000, 0x00000007a8000000)
  to   space 21824K,   0% used [0x00000007a5560000, 0x00000007a5560000, 0x00000007a6ab0000)
 concurrent mark-sweep generation total 393216K, used 207495K [0x00000007a8000000, 0x00000007c0000000, 0x00000007c0000000)
 Metaspace       used 34521K, capacity 35052K, committed 35396K, reserved 1081344K
  class space    used 3995K, capacity 4171K, committed 4192K, reserved 1048576K
}
2016-10-23T20:02:46.890+0800: 103.584: Total time for which application threads were stopped: 0.0117450 seconds, Stopping threads took: 0.0000304 seconds
2016-10-23T20:02:46.891+0800: 103.584: [GC (CMS Initial Mark) [1 CMS-initial-mark: 207495K(393216K)] 231067K(502464K), 0.0018310 secs] [Times: user=0.01 sys=0.00, real=0.00 secs] 
2016-10-23T20:02:46.893+0800: 103.586: Total time for which application threads were stopped: 0.0020294 seconds, Stopping threads took: 0.0000975 seconds
2016-10-23T20:02:46.893+0800: 103.586: [CMS-concurrent-mark-start]
2016-10-23T20:02:46.920+0800: 103.613: [CMS-concurrent-mark: 0.027/0.027 secs] [Times: user=0.13 sys=0.00, real=0.03 secs] 
2016-10-23T20:02:46.920+0800: 103.613: [CMS-concurrent-preclean-start]
2016-10-23T20:02:46.922+0800: 103.615: [CMS-concurrent-preclean: 0.002/0.002 secs] [Times: user=0.00 sys=0.00, real=0.00 secs] 
2016-10-23T20:02:46.922+0800: 103.615: [CMS-concurrent-abortable-preclean-start]
2016-10-23T20:02:47.048+0800: 103.741: [CMS-concurrent-abortable-preclean: 0.125/0.126 secs] [Times: user=0.25 sys=0.00, real=0.12 secs] 
2016-10-23T20:02:47.048+0800: 103.741: [GC (CMS Final Remark) [YG occupancy: 73139 K (109248 K)]{Heap before GC invocations=305 (full 12):
 par new generation   total 109248K, used 73139K [0x00000007a0000000, 0x00000007a8000000, 0x00000007a8000000)
  eden space 87424K,  58% used [0x00000007a0000000, 0x00000007a321cd38, 0x00000007a5560000)
  from space 21824K, 100% used [0x00000007a6ab0000, 0x00000007a8000000, 0x00000007a8000000)
  to   space 21824K,   0% used [0x00000007a5560000, 0x00000007a5560000, 0x00000007a6ab0000)
 concurrent mark-sweep generation total 393216K, used 207495K [0x00000007a8000000, 0x00000007c0000000, 0x00000007c0000000)
 Metaspace       used 34521K, capacity 35052K, committed 35396K, reserved 1081344K
  class space    used 3995K, capacity 4171K, committed 4192K, reserved 1048576K
2016-10-23T20:02:47.048+0800: 103.741: [GC (CMS Final Remark) 2016-10-23T20:02:47.048+0800: 103.741: [ParNew
Desired survivor size 20112992 bytes, new threshold 8 (max 8)
- age   1:    2227272 bytes,    2227272 total
- age   2:    3901960 bytes,    6129232 total
- age   3:    2795136 bytes,    8924368 total
- age   4:    3267320 bytes,   12191688 total
- age   5:    2247416 bytes,   14439104 total
- age   6:     989352 bytes,   15428456 total
- age   7:     916520 bytes,   16344976 total
- age   8:     977464 bytes,   17322440 total
: 73139K->21824K(109248K), 0.0101793 secs] 280634K->235532K(502464K), 0.0102293 secs] [Times: user=0.04 sys=0.00, real=0.01 secs] 
Heap after GC invocations=306 (full 12):
 par new generation   total 109248K, used 21824K [0x00000007a0000000, 0x00000007a8000000, 0x00000007a8000000)
  eden space 87424K,   0% used [0x00000007a0000000, 0x00000007a0000000, 0x00000007a5560000)
  from space 21824K, 100% used [0x00000007a5560000, 0x00000007a6ab0000, 0x00000007a6ab0000)
  to   space 21824K,   0% used [0x00000007a6ab0000, 0x00000007a6ab0000, 0x00000007a8000000)
 concurrent mark-sweep generation total 393216K, used 213708K [0x00000007a8000000, 0x00000007c0000000, 0x00000007c0000000)
 Metaspace       used 34521K, capacity 35052K, committed 35396K, reserved 1081344K
  class space    used 3995K, capacity 4171K, committed 4192K, reserved 1048576K
}
2016-10-23T20:02:47.058+0800: 103.752: [Rescan (parallel) , 0.0043507 secs]2016-10-23T20:02:47.063+0800: 103.756: [weak refs processing, 0.0010776 secs]2016-10-23T20:02:47.064+0800: 103.757: [class unloading, 0.0060408 secs]2016-10-23T20:02:47.070+0800: 103.763: [scrub symbol table, 0.0039175 secs]2016-10-23T20:02:47.074+0800: 103.767: [scrub string table, 0.0004795 secs][1 CMS-remark: 213708K(393216K)] 235532K(502464K), 0.0264109 secs] [Times: user=0.07 sys=0.00, real=0.03 secs] 
2016-10-23T20:02:47.074+0800: 103.768: Total time for which application threads were stopped: 0.0265362 seconds, Stopping threads took: 0.0000282 seconds
2016-10-23T20:02:47.075+0800: 103.768: [CMS-concurrent-sweep-start]
2016-10-23T20:02:47.109+0800: 103.802: [CMS-concurrent-sweep: 0.034/0.034 secs] [Times: user=0.07 sys=0.00, real=0.03 secs] 
2016-10-23T20:02:47.109+0800: 103.802: [CMS-concurrent-reset-start]
2016-10-23T20:02:47.109+0800: 103.802: [CMS-concurrent-reset: 0.000/0.000 secs] [Times: user=0.00 sys=0.00, real=0.00 secs] 
{Heap before GC invocations=306 (full 12):
 par new generation   total 109248K, used 109248K [0x00000007a0000000, 0x00000007a8000000, 0x00000007a8000000)
  eden space 87424K, 100% used [0x00000007a0000000, 0x00000007a5560000, 0x00000007a5560000)
  from space 21824K, 100% used [0x00000007a5560000, 0x00000007a6ab0000, 0x00000007a6ab0000)
  to   space 21824K,   0% used [0x00000007a6ab0000, 0x00000007a6ab0000, 0x00000007a8000000)
 concurrent mark-sweep generation total 393216K, used 107827K [0x00000007a8000000, 0x00000007c0000000, 0x00000007c0000000)
 Metaspace       used 34521K, capacity 35052K, committed 35396K, reserved 1081344K
  class space    used 3995K, capacity 4171K, committed 4192K, reserved 1048576K
2016-10-23T20:02:47.295+0800: 103.988: [GC (Allocation Failure) 2016-10-23T20:02:47.295+0800: 103.988: [ParNew
Desired survivor size 20112992 bytes, new threshold 8 (max 8)
- age   1:    3488040 bytes,    3488040 total
- age   2:    2211048 bytes,    5699088 total
- age   3:    2762448 bytes,    8461536 total
- age   4:    2734128 bytes,   11195664 total
- age   5:    1760488 bytes,   12956152 total
- age   6:    1120120 bytes,   14076272 total
- age   7:     973816 bytes,   15050088 total
- age   8:     905736 bytes,   15955824 total
: 109248K->21824K(109248K), 0.0106291 secs] 217075K->138671K(502464K), 0.0106951 secs] [Times: user=0.04 sys=0.00, real=0.01 secs] 
Heap after GC invocations=307 (full 12):
 par new generation   total 109248K, used 21824K [0x00000007a0000000, 0x00000007a8000000, 0x00000007a8000000)
  eden space 87424K,   0% used [0x00000007a0000000, 0x00000007a0000000, 0x00000007a5560000)
  from space 21824K, 100% used [0x00000007a6ab0000, 0x00000007a8000000, 0x00000007a8000000)
  to   space 21824K,   0% used [0x00000007a5560000, 0x00000007a5560000, 0x00000007a6ab0000)
 concurrent mark-sweep generation total 393216K, used 116847K [0x00000007a8000000, 0x00000007c0000000, 0x00000007c0000000)
 Metaspace       used 34521K, capacity 35052K, committed 35396K, reserved 1081344K
  class space    used 3995K, capacity 4171K, committed 4192K, reserved 1048576K
}
2016-10-23T20:02:47.306+0800: 103.999: Total time for which application threads were stopped: 0.0108551 seconds, Stopping threads took: 0.0000282 seconds
{Heap before GC invocations=307 (full 12):
 par new generation   total 109248K, used 109248K [0x00000007a0000000, 0x00000007a8000000, 0x00000007a8000000)
  eden space 87424K, 100% used [0x00000007a0000000, 0x00000007a5560000, 0x00000007a5560000)
  from space 21824K, 100% used [0x00000007a6ab0000, 0x00000007a8000000, 0x00000007a8000000)
  to   space 21824K,   0% used [0x00000007a5560000, 0x00000007a5560000, 0x00000007a6ab0000)
 concurrent mark-sweep generation total 393216K, used 116847K [0x00000007a8000000, 0x00000007c0000000, 0x00000007c0000000)
 Metaspace       used 34521K, capacity 35052K, committed 35396K, reserved 1081344K
  class space    used 3995K, capacity 4171K, committed 4192K, reserved 1048576K
2016-10-23T20:02:47.556+0800: 104.249: [GC (Allocation Failure) 2016-10-23T20:02:47.556+0800: 104.249: [ParNew
Desired survivor size 20112992 bytes, new threshold 8 (max 8)
- age   1:    5591696 bytes,    5591696 total
- age   2:    3074008 bytes,    8665704 total
- age   3:    1301216 bytes,    9966920 total
- age   4:    2603520 bytes,   12570440 total
- age   5:    2703720 bytes,   15274160 total
- age   6:    1760488 bytes,   17034648 total
- age   7:    1119808 bytes,   18154456 total
- age   8:     973816 bytes,   19128272 total
: 109248K->21824K(109248K), 0.0104303 secs] 226095K->139569K(502464K), 0.0105186 secs] [Times: user=0.04 sys=0.00, real=0.01 secs] 
Heap after GC invocations=308 (full 12):
 par new generation   total 109248K, used 21824K [0x00000007a0000000, 0x00000007a8000000, 0x00000007a8000000)
  eden space 87424K,   0% used [0x00000007a0000000, 0x00000007a0000000, 0x00000007a5560000)
  from space 21824K, 100% used [0x00000007a5560000, 0x00000007a6ab0000, 0x00000007a6ab0000)
  to   space 21824K,   0% used [0x00000007a6ab0000, 0x00000007a6ab0000, 0x00000007a8000000)
 concurrent mark-sweep generation total 393216K, used 117745K [0x00000007a8000000, 0x00000007c0000000, 0x00000007c0000000)
 Metaspace       used 34521K, capacity 35052K, committed 35396K, reserved 1081344K
  class space    used 3995K, capacity 4171K, committed 4192K, reserved 1048576K
}
2016-10-23T20:02:47.567+0800: 104.260: Total time for which application threads were stopped: 0.0106696 seconds, Stopping threads took: 0.0000299 seconds
{Heap before GC invocations=308 (full 12):
 par new generation   total 109248K, used 109248K [0x00000007a0000000, 0x00000007a8000000, 0x00000007a8000000)
  eden space 87424K, 100% used [0x00000007a0000000, 0x00000007a5560000, 0x00000007a5560000)
  from space 21824K, 100% used [0x00000007a5560000, 0x00000007a6ab0000, 0x00000007a6ab0000)
  to   space 21824K,   0% used [0x00000007a6ab0000, 0x00000007a6ab0000, 0x00000007a8000000)
 concurrent mark-sweep generation total 393216K, used 117745K [0x00000007a8000000, 0x00000007c0000000, 0x00000007c0000000)
 Metaspace       used 34524K, capacity 35052K, committed 35396K, reserved 1081344K
  class space    used 3995K, capacity 4171K, committed 4192K, reserved 1048576K
2016-10-23T20:02:47.790+0800: 104.483: [GC (Allocation Failure) 2016-10-23T20:02:47.790+0800: 104.483: [ParNew
Desired survivor size 20112992 bytes, new threshold 8 (max 8)
- age   1:    2482184 bytes,    2482184 total
- age   2:    3143640 bytes,    5625824 total
- age   3:    2150928 bytes,    7776752 total
- age   4:    1220328 bytes,    8997080 total
- age   5:    2260952 bytes,   11258032 total
- age   6:    2621176 bytes,   13879208 total
- age   7:    1682200 bytes,   15561408 total
- age   8:    1038120 bytes,   16599528 total
: 109248K->21824K(109248K), 0.0177815 secs] 226993K->153587K(502464K), 0.0178476 secs] [Times: user=0.05 sys=0.00, real=0.01 secs] 
Heap after GC invocations=309 (full 12):
 par new generation   total 109248K, used 21824K [0x00000007a0000000, 0x00000007a8000000, 0x00000007a8000000)
  eden space 87424K,   0% used [0x00000007a0000000, 0x00000007a0000000, 0x00000007a5560000)
  from space 21824K, 100% used [0x00000007a6ab0000, 0x00000007a8000000, 0x00000007a8000000)
  to   space 21824K,   0% used [0x00000007a5560000, 0x00000007a5560000, 0x00000007a6ab0000)
 concurrent mark-sweep generation total 393216K, used 131763K [0x00000007a8000000, 0x00000007c0000000, 0x00000007c0000000)
 Metaspace       used 34524K, capacity 35052K, committed 35396K, reserved 1081344K
  class space    used 3995K, capacity 4171K, committed 4192K, reserved 1048576K
}
2016-10-23T20:02:47.808+0800: 104.501: Total time for which application threads were stopped: 0.0180074 seconds, Stopping threads took: 0.0000213 seconds
{Heap before GC invocations=309 (full 12):
 par new generation   total 109248K, used 109248K [0x00000007a0000000, 0x00000007a8000000, 0x00000007a8000000)
  eden space 87424K, 100% used [0x00000007a0000000, 0x00000007a5560000, 0x00000007a5560000)
  from space 21824K, 100% used [0x00000007a6ab0000, 0x00000007a8000000, 0x00000007a8000000)
  to   space 21824K,   0% used [0x00000007a5560000, 0x00000007a5560000, 0x00000007a6ab0000)
 concurrent mark-sweep generation total 393216K, used 131763K [0x00000007a8000000, 0x00000007c0000000, 0x00000007c0000000)
 Metaspace       used 34524K, capacity 35052K, committed 35396K, reserved 1081344K
  class space    used 3995K, capacity 4171K, committed 4192K, reserved 1048576K
2016-10-23T20:02:48.054+0800: 104.748: [GC (Allocation Failure) 2016-10-23T20:02:48.054+0800: 104.748: [ParNew
Desired survivor size 20112992 bytes, new threshold 8 (max 8)
- age   1:    5862336 bytes,    5862336 total
- age   2:    2469392 bytes,    8331728 total
- age   3:    2547032 bytes,   10878760 total
- age   4:    2110192 bytes,   12988952 total
- age   5:    1211720 bytes,   14200672 total
- age   6:    2247544 bytes,   16448216 total
- age   7:    2606184 bytes,   19054400 total
- age   8:    1665792 bytes,   20720192 total
: 109248K->21824K(109248K), 0.0104295 secs] 241011K->154717K(502464K), 0.0105007 secs] [Times: user=0.04 sys=0.00, real=0.01 secs] 
Heap after GC invocations=310 (full 12):
 par new generation   total 109248K, used 21824K [0x00000007a0000000, 0x00000007a8000000, 0x00000007a8000000)
  eden space 87424K,   0% used [0x00000007a0000000, 0x00000007a0000000, 0x00000007a5560000)
  from space 21824K, 100% used [0x00000007a5560000, 0x00000007a6ab0000, 0x00000007a6ab0000)
  to   space 21824K,   0% used [0x00000007a6ab0000, 0x00000007a6ab0000, 0x00000007a8000000)
 concurrent mark-sweep generation total 393216K, used 132893K [0x00000007a8000000, 0x00000007c0000000, 0x00000007c0000000)
 Metaspace       used 34524K, capacity 35052K, committed 35396K, reserved 1081344K
  class space    used 3995K, capacity 4171K, committed 4192K, reserved 1048576K
}
2016-10-23T20:02:48.065+0800: 104.758: Total time for which application threads were stopped: 0.0106555 seconds, Stopping threads took: 0.0000304 seconds
{Heap before GC invocations=310 (full 12):
 par new generation   total 109248K, used 109248K [0x00000007a0000000, 0x00000007a8000000, 0x00000007a8000000)
  eden space 87424K, 100% used [0x00000007a0000000, 0x00000007a5560000, 0x00000007a5560000)
  from space 21824K, 100% used [0x00000007a5560000, 0x00000007a6ab0000, 0x00000007a6ab0000)
  to   space 21824K,   0% used [0x00000007a6ab0000, 0x00000007a6ab0000, 0x00000007a8000000)
 concurrent mark-sweep generation total 393216K, used 132893K [0x00000007a8000000, 0x00000007c0000000, 0x00000007c0000000)
 Metaspace       used 34524K, capacity 35052K, committed 35396K, reserved 1081344K
  class space    used 3995K, capacity 4171K, committed 4192K, reserved 1048576K
2016-10-23T20:02:48.295+0800: 104.988: [GC (Allocation Failure) 2016-10-23T20:02:48.295+0800: 104.988: [ParNew
Desired survivor size 20112992 bytes, new threshold 8 (max 8)
- age   1:    3365760 bytes,    3365760 total
- age   2:    2553360 bytes,    5919120 total
- age   3:    2155160 bytes,    8074280 total
- age   4:    2265832 bytes,   10340112 total
- age   5:    2019864 bytes,   12359976 total
- age   6:    1144232 bytes,   13504208 total
- age   7:    2158432 bytes,   15662640 total
- age   8:    2512192 bytes,   18174832 total
: 109248K->21824K(109248K), 0.0112683 secs] 242141K->167188K(502464K), 0.0113464 secs] [Times: user=0.04 sys=0.00, real=0.01 secs] 
Heap after GC invocations=311 (full 12):
 par new generation   total 109248K, used 21824K [0x00000007a0000000, 0x00000007a8000000, 0x00000007a8000000)
  eden space 87424K,   0% used [0x00000007a0000000, 0x00000007a0000000, 0x00000007a5560000)
  from space 21824K, 100% used [0x00000007a6ab0000, 0x00000007a8000000, 0x00000007a8000000)
  to   space 21824K,   0% used [0x00000007a5560000, 0x00000007a5560000, 0x00000007a6ab0000)
 concurrent mark-sweep generation total 393216K, used 145364K [0x00000007a8000000, 0x00000007c0000000, 0x00000007c0000000)
 Metaspace       used 34524K, capacity 35052K, committed 35396K, reserved 1081344K
  class space    used 3995K, capacity 4171K, committed 4192K, reserved 1048576K
}
2016-10-23T20:02:48.306+0800: 105.000: Total time for which application threads were stopped: 0.0115142 seconds, Stopping threads took: 0.0000319 seconds
{Heap before GC invocations=311 (full 12):
 par new generation   total 109248K, used 109248K [0x00000007a0000000, 0x00000007a8000000, 0x00000007a8000000)
  eden space 87424K, 100% used [0x00000007a0000000, 0x00000007a5560000, 0x00000007a5560000)
  from space 21824K, 100% used [0x00000007a6ab0000, 0x00000007a8000000, 0x00000007a8000000)
  to   space 21824K,   0% used [0x00000007a5560000, 0x00000007a5560000, 0x00000007a6ab0000)
 concurrent mark-sweep generation total 393216K, used 145364K [0x00000007a8000000, 0x00000007c0000000, 0x00000007c0000000)
 Metaspace       used 34524K, capacity 35052K, committed 35396K, reserved 1081344K
  class space    used 3995K, capacity 4171K, committed 4192K, reserved 1048576K
2016-10-23T20:02:48.537+0800: 105.231: [GC (Allocation Failure) 2016-10-23T20:02:48.537+0800: 105.231: [ParNew
Desired survivor size 20112992 bytes, new threshold 8 (max 8)
- age   1:    3439328 bytes,    3439328 total
- age   2:    2619440 bytes,    6058768 total
- age   3:    1879680 bytes,    7938448 total
- age   4:    1947440 bytes,    9885888 total
- age   5:    2040528 bytes,   11926416 total
- age   6:    1970008 bytes,   13896424 total
- age   7:    1117608 bytes,   15014032 total
- age   8:    2156528 bytes,   17170560 total
: 109248K->21824K(109248K), 0.0124219 secs] 254612K->179848K(502464K), 0.0124905 secs] [Times: user=0.04 sys=0.00, real=0.02 secs] 
Heap after GC invocations=312 (full 12):
 par new generation   total 109248K, used 21824K [0x00000007a0000000, 0x00000007a8000000, 0x00000007a8000000)
  eden space 87424K,   0% used [0x00000007a0000000, 0x00000007a0000000, 0x00000007a5560000)
  from space 21824K, 100% used [0x00000007a5560000, 0x00000007a6ab0000, 0x00000007a6ab0000)
  to   space 21824K,   0% used [0x00000007a6ab0000, 0x00000007a6ab0000, 0x00000007a8000000)
 concurrent mark-sweep generation total 393216K, used 158024K [0x00000007a8000000, 0x00000007c0000000, 0x00000007c0000000)
 Metaspace       used 34524K, capacity 35052K, committed 35396K, reserved 1081344K
  class space    used 3995K, capacity 4171K, committed 4192K, reserved 1048576K
}
2016-10-23T20:02:48.550+0800: 105.243: Total time for which application threads were stopped: 0.0135037 seconds, Stopping threads took: 0.0008789 seconds
2016-10-23T20:02:48.609+0800: 105.302: Total time for which application threads were stopped: 0.0001604 seconds, Stopping threads took: 0.0000560 seconds
{Heap before GC invocations=312 (full 12):
 par new generation   total 109248K, used 109248K [0x00000007a0000000, 0x00000007a8000000, 0x00000007a8000000)
  eden space 87424K, 100% used [0x00000007a0000000, 0x00000007a5560000, 0x00000007a5560000)
  from space 21824K, 100% used [0x00000007a5560000, 0x00000007a6ab0000, 0x00000007a6ab0000)
  to   space 21824K,   0% used [0x00000007a6ab0000, 0x00000007a6ab0000, 0x00000007a8000000)
 concurrent mark-sweep generation total 393216K, used 158024K [0x00000007a8000000, 0x00000007c0000000, 0x00000007c0000000)
 Metaspace       used 34524K, capacity 35052K, committed 35396K, reserved 1081344K
  class space    used 3995K, capacity 4171K, committed 4192K, reserved 1048576K
2016-10-23T20:02:48.713+0800: 105.406: [GC (Allocation Failure) 2016-10-23T20:02:48.713+0800: 105.406: [ParNew
Desired survivor size 20112992 bytes, new threshold 8 (max 8)
- age   1:    3423688 bytes,    3423688 total
- age   2:    2931816 bytes,    6355504 total
- age   3:    2568704 bytes,    8924208 total
- age   4:    1823664 bytes,   10747872 total
- age   5:    1941920 bytes,   12689792 total
- age   6:    2034672 bytes,   14724464 total
- age   7:    1964632 bytes,   16689096 total
- age   8:    1113768 bytes,   17802864 total
: 109248K->21787K(109248K), 0.0087313 secs] 267272K->181921K(502464K), 0.0087878 secs] [Times: user=0.04 sys=0.00, real=0.01 secs] 
Heap after GC invocations=313 (full 12):
 par new generation   total 109248K, used 21787K [0x00000007a0000000, 0x00000007a8000000, 0x00000007a8000000)
  eden space 87424K,   0% used [0x00000007a0000000, 0x00000007a0000000, 0x00000007a5560000)
  from space 21824K,  99% used [0x00000007a6ab0000, 0x00000007a7ff6f50, 0x00000007a8000000)
  to   space 21824K,   0% used [0x00000007a5560000, 0x00000007a5560000, 0x00000007a6ab0000)
 concurrent mark-sweep generation total 393216K, used 160133K [0x00000007a8000000, 0x00000007c0000000, 0x00000007c0000000)
 Metaspace       used 34524K, capacity 35052K, committed 35396K, reserved 1081344K
  class space    used 3995K, capacity 4171K, committed 4192K, reserved 1048576K
}
2016-10-23T20:02:48.722+0800: 105.415: Total time for which application threads were stopped: 0.0090393 seconds, Stopping threads took: 0.0001093 seconds
2016-10-23T20:02:48.764+0800: 105.457: Total time for which application threads were stopped: 0.0002970 seconds, Stopping threads took: 0.0001535 seconds
2016-10-23T20:02:48.764+0800: 105.458: Total time for which application threads were stopped: 0.0001509 seconds, Stopping threads took: 0.0000844 seconds
{Heap before GC invocations=313 (full 12):
 par new generation   total 109248K, used 109211K [0x00000007a0000000, 0x00000007a8000000, 0x00000007a8000000)
  eden space 87424K, 100% used [0x00000007a0000000, 0x00000007a5560000, 0x00000007a5560000)
  from space 21824K,  99% used [0x00000007a6ab0000, 0x00000007a7ff6f50, 0x00000007a8000000)
  to   space 21824K,   0% used [0x00000007a5560000, 0x00000007a5560000, 0x00000007a6ab0000)
 concurrent mark-sweep generation total 393216K, used 160133K [0x00000007a8000000, 0x00000007c0000000, 0x00000007c0000000)
 Metaspace       used 34524K, capacity 35052K, committed 35396K, reserved 1081344K
  class space    used 3995K, capacity 4171K, committed 4192K, reserved 1048576K
2016-10-23T20:02:48.932+0800: 105.626: [GC (Allocation Failure) 2016-10-23T20:02:48.932+0800: 105.626: [ParNew
Desired survivor size 20112992 bytes, new threshold 8 (max 8)
- age   1:    4965272 bytes,    4965272 total
- age   2:    2122768 bytes,    7088040 total
- age   3:    1826848 bytes,    8914888 total
- age   4:    2557552 bytes,   11472440 total
- age   5:    1549824 bytes,   13022264 total
- age   6:     826976 bytes,   13849240 total
- age   7:    1083616 bytes,   14932856 total
- age   8:    1964408 bytes,   16897264 total
: 109211K->21824K(109248K), 0.0092828 secs] 269345K->186437K(502464K), 0.0093600 secs] [Times: user=0.04 sys=0.00, real=0.01 secs] 
Heap after GC invocations=314 (full 12):
 par new generation   total 109248K, used 21824K [0x00000007a0000000, 0x00000007a8000000, 0x00000007a8000000)
  eden space 87424K,   0% used [0x00000007a0000000, 0x00000007a0000000, 0x00000007a5560000)
  from space 21824K, 100% used [0x00000007a5560000, 0x00000007a6ab0000, 0x00000007a6ab0000)
  to   space 21824K,   0% used [0x00000007a6ab0000, 0x00000007a6ab0000, 0x00000007a8000000)
 concurrent mark-sweep generation total 393216K, used 164613K [0x00000007a8000000, 0x00000007c0000000, 0x00000007c0000000)
 Metaspace       used 34524K, capacity 35052K, committed 35396K, reserved 1081344K
  class space    used 3995K, capacity 4171K, committed 4192K, reserved 1048576K
}
2016-10-23T20:02:48.942+0800: 105.635: Total time for which application threads were stopped: 0.0096148 seconds, Stopping threads took: 0.0001172 seconds
{Heap before GC invocations=314 (full 12):
 par new generation   total 109248K, used 109248K [0x00000007a0000000, 0x00000007a8000000, 0x00000007a8000000)
  eden space 87424K, 100% used [0x00000007a0000000, 0x00000007a5560000, 0x00000007a5560000)
  from space 21824K, 100% used [0x00000007a5560000, 0x00000007a6ab0000, 0x00000007a6ab0000)
  to   space 21824K,   0% used [0x00000007a6ab0000, 0x00000007a6ab0000, 0x00000007a8000000)
 concurrent mark-sweep generation total 393216K, used 164613K [0x00000007a8000000, 0x00000007c0000000, 0x00000007c0000000)
 Metaspace       used 34524K, capacity 35052K, committed 35396K, reserved 1081344K
  class space    used 3995K, capacity 4171K, committed 4192K, reserved 1048576K
2016-10-23T20:02:49.177+0800: 105.870: [GC (Allocation Failure) 2016-10-23T20:02:49.177+0800: 105.870: [ParNew
Desired survivor size 20112992 bytes, new threshold 8 (max 8)
- age   1:    5364568 bytes,    5364568 total
- age   2:    3296192 bytes,    8660760 total
- age   3:    2070456 bytes,   10731216 total
- age   4:    1826872 bytes,   12558088 total
- age   5:    2557552 bytes,   15115640 total
- age   6:    1549824 bytes,   16665464 total
- age   7:     826976 bytes,   17492440 total
- age   8:    1083616 bytes,   18576056 total
: 109248K->20033K(109248K), 0.0093718 secs] 273861K->186576K(502464K), 0.0094427 secs] [Times: user=0.04 sys=0.00, real=0.01 secs] 
Heap after GC invocations=315 (full 12):
 par new generation   total 109248K, used 20033K [0x00000007a0000000, 0x00000007a8000000, 0x00000007a8000000)
  eden space 87424K,   0% used [0x00000007a0000000, 0x00000007a0000000, 0x00000007a5560000)
  from space 21824K,  91% used [0x00000007a6ab0000, 0x00000007a7e40500, 0x00000007a8000000)
  to   space 21824K,   0% used [0x00000007a5560000, 0x00000007a5560000, 0x00000007a6ab0000)
 concurrent mark-sweep generation total 393216K, used 166543K [0x00000007a8000000, 0x00000007c0000000, 0x00000007c0000000)
 Metaspace       used 34524K, capacity 35052K, committed 35396K, reserved 1081344K
  class space    used 3995K, capacity 4171K, committed 4192K, reserved 1048576K
}
2016-10-23T20:02:49.186+0800: 105.879: Total time for which application threads were stopped: 0.0096936 seconds, Stopping threads took: 0.0001006 seconds
{Heap before GC invocations=315 (full 12):
 par new generation   total 109248K, used 107426K [0x00000007a0000000, 0x00000007a8000000, 0x00000007a8000000)
  eden space 87424K,  99% used [0x00000007a0000000, 0x00000007a5558448, 0x00000007a5560000)
  from space 21824K,  91% used [0x00000007a6ab0000, 0x00000007a7e40500, 0x00000007a8000000)
  to   space 21824K,   0% used [0x00000007a5560000, 0x00000007a5560000, 0x00000007a6ab0000)
 concurrent mark-sweep generation total 393216K, used 166543K [0x00000007a8000000, 0x00000007c0000000, 0x00000007c0000000)
 Metaspace       used 34524K, capacity 35052K, committed 35396K, reserved 1081344K
  class space    used 3995K, capacity 4171K, committed 4192K, reserved 1048576K
2016-10-23T20:02:49.311+0800: 106.004: [GC (Allocation Failure) 2016-10-23T20:02:49.311+0800: 106.004: [ParNew
Desired survivor size 20112992 bytes, new threshold 8 (max 8)
- age   1:    5264256 bytes,    5264256 total
- age   2:    1887048 bytes,    7151304 total
- age   3:    1685368 bytes,    8836672 total
- age   4:    2067616 bytes,   10904288 total
- age   5:    1825376 bytes,   12729664 total
- age   6:    2555768 bytes,   15285432 total
- age   7:    1547936 bytes,   16833368 total
- age   8:     826960 bytes,   17660328 total
: 107426K->21824K(109248K), 0.0091909 secs] 273969K->191923K(502464K), 0.0092600 secs] [Times: user=0.04 sys=0.00, real=0.01 secs] 
Heap after GC invocations=316 (full 12):
 par new generation   total 109248K, used 21824K [0x00000007a0000000, 0x00000007a8000000, 0x00000007a8000000)
  eden space 87424K,   0% used [0x00000007a0000000, 0x00000007a0000000, 0x00000007a5560000)
  from space 21824K, 100% used [0x00000007a5560000, 0x00000007a6ab0000, 0x00000007a6ab0000)
  to   space 21824K,   0% used [0x00000007a6ab0000, 0x00000007a6ab0000, 0x00000007a8000000)
 concurrent mark-sweep generation total 393216K, used 170099K [0x00000007a8000000, 0x00000007c0000000, 0x00000007c0000000)
 Metaspace       used 34524K, capacity 35052K, committed 35396K, reserved 1081344K
  class space    used 3995K, capacity 4171K, committed 4192K, reserved 1048576K
}
2016-10-23T20:02:49.320+0800: 106.014: Total time for which application threads were stopped: 0.0095110 seconds, Stopping threads took: 0.0001004 seconds
{Heap before GC invocations=316 (full 12):
 par new generation   total 109248K, used 109248K [0x00000007a0000000, 0x00000007a8000000, 0x00000007a8000000)
  eden space 87424K, 100% used [0x00000007a0000000, 0x00000007a5560000, 0x00000007a5560000)
  from space 21824K, 100% used [0x00000007a5560000, 0x00000007a6ab0000, 0x00000007a6ab0000)
  to   space 21824K,   0% used [0x00000007a6ab0000, 0x00000007a6ab0000, 0x00000007a8000000)
 concurrent mark-sweep generation total 393216K, used 170099K [0x00000007a8000000, 0x00000007c0000000, 0x00000007c0000000)
 Metaspace       used 34524K, capacity 35052K, committed 35396K, reserved 1081344K
  class space    used 3995K, capacity 4171K, committed 4192K, reserved 1048576K
2016-10-23T20:02:49.400+0800: 106.093: [GC (Allocation Failure) 2016-10-23T20:02:49.400+0800: 106.093: [ParNew
Desired survivor size 20112992 bytes, new threshold 8 (max 8)
- age   1:    3057072 bytes,    3057072 total
- age   2:    2569400 bytes,    5626472 total
- age   3:    1798864 bytes,    7425336 total
- age   4:    1681840 bytes,    9107176 total
- age   5:    2054456 bytes,   11161632 total
- age   6:    1811656 bytes,   12973288 total
- age   7:    2537720 bytes,   15511008 total
- age   8:    1536784 bytes,   17047792 total
: 109248K->21824K(109248K), 0.0084230 secs] 279347K->193800K(502464K), 0.0084892 secs] [Times: user=0.03 sys=0.00, real=0.00 secs] 
Heap after GC invocations=317 (full 12):
 par new generation   total 109248K, used 21824K [0x00000007a0000000, 0x00000007a8000000, 0x00000007a8000000)
  eden space 87424K,   0% used [0x00000007a0000000, 0x00000007a0000000, 0x00000007a5560000)
  from space 21824K, 100% used [0x00000007a6ab0000, 0x00000007a8000000, 0x00000007a8000000)
  to   space 21824K,   0% used [0x00000007a5560000, 0x00000007a5560000, 0x00000007a6ab0000)
 concurrent mark-sweep generation total 393216K, used 171976K [0x00000007a8000000, 0x00000007c0000000, 0x00000007c0000000)
 Metaspace       used 34524K, capacity 35052K, committed 35396K, reserved 1081344K
  class space    used 3995K, capacity 4171K, committed 4192K, reserved 1048576K
}
2016-10-23T20:02:49.408+0800: 106.101: Total time for which application threads were stopped: 0.0087193 seconds, Stopping threads took: 0.0000855 seconds
{Heap before GC invocations=317 (full 12):
 par new generation   total 109248K, used 109248K [0x00000007a0000000, 0x00000007a8000000, 0x00000007a8000000)
  eden space 87424K, 100% used [0x00000007a0000000, 0x00000007a5560000, 0x00000007a5560000)
  from space 21824K, 100% used [0x00000007a6ab0000, 0x00000007a8000000, 0x00000007a8000000)
  to   space 21824K,   0% used [0x00000007a5560000, 0x00000007a5560000, 0x00000007a6ab0000)
 concurrent mark-sweep generation total 393216K, used 171976K [0x00000007a8000000, 0x00000007c0000000, 0x00000007c0000000)
 Metaspace       used 34524K, capacity 35052K, committed 35396K, reserved 1081344K
  class space    used 3995K, capacity 4171K, committed 4192K, reserved 1048576K
2016-10-23T20:02:49.460+0800: 106.153: [GC (Allocation Failure) 2016-10-23T20:02:49.460+0800: 106.153: [ParNew
Desired survivor size 20112992 bytes, new threshold 8 (max 8)
- age   1:    2172040 bytes,    2172040 total
- age   2:    2522792 bytes,    4694832 total
- age   3:    2503128 bytes,    7197960 total
- age   4:    1788048 bytes,    8986008 total
- age   5:    1681144 bytes,   10667152 total
- age   6:    2021120 bytes,   12688272 total
- age   7:    1811656 bytes,   14499928 total
- age   8:    2537720 bytes,   17037648 total
: 109248K->21824K(109248K), 0.0085140 secs] 281224K->195319K(502464K), 0.0085856 secs] [Times: user=0.03 sys=0.00, real=0.00 secs] 
Heap after GC invocations=318 (full 12):
 par new generation   total 109248K, used 21824K [0x00000007a0000000, 0x00000007a8000000, 0x00000007a8000000)
  eden space 87424K,   0% used [0x00000007a0000000, 0x00000007a0000000, 0x00000007a5560000)
  from space 21824K, 100% used [0x00000007a5560000, 0x00000007a6ab0000, 0x00000007a6ab0000)
  to   space 21824K,   0% used [0x00000007a6ab0000, 0x00000007a6ab0000, 0x00000007a8000000)
 concurrent mark-sweep generation total 393216K, used 173495K [0x00000007a8000000, 0x00000007c0000000, 0x00000007c0000000)
 Metaspace       used 34524K, capacity 35052K, committed 35396K, reserved 1081344K
  class space    used 3995K, capacity 4171K, committed 4192K, reserved 1048576K
}
2016-10-23T20:02:49.468+0800: 106.161: Total time for which application threads were stopped: 0.0088509 seconds, Stopping threads took: 0.0001173 seconds
{Heap before GC invocations=318 (full 12):
 par new generation   total 109248K, used 109248K [0x00000007a0000000, 0x00000007a8000000, 0x00000007a8000000)
  eden space 87424K, 100% used [0x00000007a0000000, 0x00000007a5560000, 0x00000007a5560000)
  from space 21824K, 100% used [0x00000007a5560000, 0x00000007a6ab0000, 0x00000007a6ab0000)
  to   space 21824K,   0% used [0x00000007a6ab0000, 0x00000007a6ab0000, 0x00000007a8000000)
 concurrent mark-sweep generation total 393216K, used 173495K [0x00000007a8000000, 0x00000007c0000000, 0x00000007c0000000)
 Metaspace       used 34524K, capacity 35052K, committed 35396K, reserved 1081344K
  class space    used 3995K, capacity 4171K, committed 4192K, reserved 1048576K
2016-10-23T20:02:49.532+0800: 106.225: [GC (Allocation Failure) 2016-10-23T20:02:49.532+0800: 106.225: [ParNew
Desired survivor size 20112992 bytes, new threshold 8 (max 8)
- age   1:    2467912 bytes,    2467912 total
- age   2:    2083656 bytes,    4551568 total
- age   3:    1064672 bytes,    5616240 total
- age   4:    2503128 bytes,    8119368 total
- age   5:    1787424 bytes,    9906792 total
- age   6:    1681144 bytes,   11587936 total
- age   7:    2021120 bytes,   13609056 total
- age   8:    1811656 bytes,   15420712 total
: 109248K->21824K(109248K), 0.0083963 secs] 282743K->197813K(502464K), 0.0084568 secs] [Times: user=0.02 sys=0.00, real=0.01 secs] 
Heap after GC invocations=319 (full 12):
 par new generation   total 109248K, used 21824K [0x00000007a0000000, 0x00000007a8000000, 0x00000007a8000000)
  eden space 87424K,   0% used [0x00000007a0000000, 0x00000007a0000000, 0x00000007a5560000)
  from space 21824K, 100% used [0x00000007a6ab0000, 0x00000007a8000000, 0x00000007a8000000)
  to   space 21824K,   0% used [0x00000007a5560000, 0x00000007a5560000, 0x00000007a6ab0000)
 concurrent mark-sweep generation total 393216K, used 175989K [0x00000007a8000000, 0x00000007c0000000, 0x00000007c0000000)
 Metaspace       used 34524K, capacity 35052K, committed 35396K, reserved 1081344K
  class space    used 3995K, capacity 4171K, committed 4192K, reserved 1048576K
}
2016-10-23T20:02:49.540+0800: 106.233: Total time for which application threads were stopped: 0.0087149 seconds, Stopping threads took: 0.0001132 seconds
{Heap before GC invocations=319 (full 12):
 par new generation   total 109248K, used 109248K [0x00000007a0000000, 0x00000007a8000000, 0x00000007a8000000)
  eden space 87424K, 100% used [0x00000007a0000000, 0x00000007a5560000, 0x00000007a5560000)
  from space 21824K, 100% used [0x00000007a6ab0000, 0x00000007a8000000, 0x00000007a8000000)
  to   space 21824K,   0% used [0x00000007a5560000, 0x00000007a5560000, 0x00000007a6ab0000)
 concurrent mark-sweep generation total 393216K, used 175989K [0x00000007a8000000, 0x00000007c0000000, 0x00000007c0000000)
 Metaspace       used 34524K, capacity 35052K, committed 35396K, reserved 1081344K
  class space    used 3995K, capacity 4171K, committed 4192K, reserved 1048576K
2016-10-23T20:02:49.620+0800: 106.313: [GC (Allocation Failure) 2016-10-23T20:02:49.620+0800: 106.313: [ParNew
Desired survivor size 20112992 bytes, new threshold 8 (max 8)
- age   1:    3213272 bytes,    3213272 total
- age   2:    2056384 bytes,    5269656 total
- age   3:     593328 bytes,    5862984 total
- age   4:     972840 bytes,    6835824 total
- age   5:    2506184 bytes,    9342008 total
- age   6:    1794624 bytes,   11136632 total
- age   7:    1682840 bytes,   12819472 total
- age   8:    2023352 bytes,   14842824 total
: 109248K->17148K(109248K), 0.0072720 secs] 285237K->194931K(502464K), 0.0073562 secs] [Times: user=0.03 sys=0.00, real=0.00 secs] 
Heap after GC invocations=320 (full 12):
 par new generation   total 109248K, used 17148K [0x00000007a0000000, 0x00000007a8000000, 0x00000007a8000000)
  eden space 87424K,   0% used [0x00000007a0000000, 0x00000007a0000000, 0x00000007a5560000)
  from space 21824K,  78% used [0x00000007a5560000, 0x00000007a661f138, 0x00000007a6ab0000)
  to   space 21824K,   0% used [0x00000007a6ab0000, 0x00000007a6ab0000, 0x00000007a8000000)
 concurrent mark-sweep generation total 393216K, used 177783K [0x00000007a8000000, 0x00000007c0000000, 0x00000007c0000000)
 Metaspace       used 34524K, capacity 35052K, committed 35396K, reserved 1081344K
  class space    used 3995K, capacity 4171K, committed 4192K, reserved 1048576K
}
2016-10-23T20:02:49.627+0800: 106.320: Total time for which application threads were stopped: 0.0076112 seconds, Stopping threads took: 0.0001080 seconds
{Heap before GC invocations=320 (full 12):
 par new generation   total 109248K, used 104572K [0x00000007a0000000, 0x00000007a8000000, 0x00000007a8000000)
  eden space 87424K, 100% used [0x00000007a0000000, 0x00000007a5560000, 0x00000007a5560000)
  from space 21824K,  78% used [0x00000007a5560000, 0x00000007a661f138, 0x00000007a6ab0000)
  to   space 21824K,   0% used [0x00000007a6ab0000, 0x00000007a6ab0000, 0x00000007a8000000)
 concurrent mark-sweep generation total 393216K, used 177783K [0x00000007a8000000, 0x00000007c0000000, 0x00000007c0000000)
 Metaspace       used 34524K, capacity 35052K, committed 35396K, reserved 1081344K
  class space    used 3995K, capacity 4171K, committed 4192K, reserved 1048576K
2016-10-23T20:02:49.719+0800: 106.413: [GC (Allocation Failure) 2016-10-23T20:02:49.719+0800: 106.413: [ParNew
Desired survivor size 20112992 bytes, new threshold 8 (max 8)
- age   1:    5037712 bytes,    5037712 total
- age   2:    1439528 bytes,    6477240 total
- age   3:     704480 bytes,    7181720 total
- age   4:     592888 bytes,    7774608 total
- age   5:     972000 bytes,    8746608 total
- age   6:    2500776 bytes,   11247384 total
- age   7:    1525216 bytes,   12772600 total
- age   8:    1646096 bytes,   14418696 total
: 104572K->19139K(109248K), 0.0061547 secs] 282355K->198927K(502464K), 0.0062024 secs] [Times: user=0.02 sys=0.00, real=0.01 secs] 
Heap after GC invocations=321 (full 12):
 par new generation   total 109248K, used 19139K [0x00000007a0000000, 0x00000007a8000000, 0x00000007a8000000)
  eden space 87424K,   0% used [0x00000007a0000000, 0x00000007a0000000, 0x00000007a5560000)
  from space 21824K,  87% used [0x00000007a6ab0000, 0x00000007a7d60eb0, 0x00000007a8000000)
  to   space 21824K,   0% used [0x00000007a5560000, 0x00000007a5560000, 0x00000007a6ab0000)
 concurrent mark-sweep generation total 393216K, used 179787K [0x00000007a8000000, 0x00000007c0000000, 0x00000007c0000000)
 Metaspace       used 34524K, capacity 35052K, committed 35396K, reserved 1081344K
  class space    used 3995K, capacity 4171K, committed 4192K, reserved 1048576K
}
2016-10-23T20:02:49.725+0800: 106.419: Total time for which application threads were stopped: 0.0064381 seconds, Stopping threads took: 0.0000868 seconds
2016-10-23T20:02:49.778+0800: 106.471: Total time for which application threads were stopped: 0.0001491 seconds, Stopping threads took: 0.0000313 seconds
2016-10-23T20:02:49.779+0800: 106.473: Total time for which application threads were stopped: 0.0001208 seconds, Stopping threads took: 0.0000523 seconds
2016-10-23T20:02:49.780+0800: 106.473: Total time for which application threads were stopped: 0.0000975 seconds, Stopping threads took: 0.0000409 seconds
2016-10-23T20:02:49.781+0800: 106.475: Total time for which application threads were stopped: 0.0001497 seconds, Stopping threads took: 0.0000729 seconds
2016-10-23T20:02:49.831+0800: 106.524: Total time for which application threads were stopped: 0.0002302 seconds, Stopping threads took: 0.0000819 seconds
2016-10-23T20:02:49.874+0800: 106.567: Total time for which application threads were stopped: 0.0001541 seconds, Stopping threads took: 0.0000249 seconds
2016-10-23T20:02:49.874+0800: 106.568: Total time for which application threads were stopped: 0.0001531 seconds, Stopping threads took: 0.0000772 seconds
{Heap before GC invocations=321 (full 12):
 par new generation   total 109248K, used 106563K [0x00000007a0000000, 0x00000007a8000000, 0x00000007a8000000)
  eden space 87424K, 100% used [0x00000007a0000000, 0x00000007a5560000, 0x00000007a5560000)
  from space 21824K,  87% used [0x00000007a6ab0000, 0x00000007a7d60eb0, 0x00000007a8000000)
  to   space 21824K,   0% used [0x00000007a5560000, 0x00000007a5560000, 0x00000007a6ab0000)
 concurrent mark-sweep generation total 393216K, used 179787K [0x00000007a8000000, 0x00000007c0000000, 0x00000007c0000000)
 Metaspace       used 34534K, capacity 35052K, committed 35396K, reserved 1081344K
  class space    used 3995K, capacity 4171K, committed 4192K, reserved 1048576K
2016-10-23T20:02:49.896+0800: 106.590: [GC (Allocation Failure) 2016-10-23T20:02:49.896+0800: 106.590: [ParNew
Desired survivor size 20112992 bytes, new threshold 8 (max 8)
- age   1:    6654632 bytes,    6654632 total
- age   2:    3430368 bytes,   10085000 total
- age   3:     843112 bytes,   10928112 total
- age   4:     669216 bytes,   11597328 total
- age   5:     565696 bytes,   12163024 total
- age   6:     913704 bytes,   13076728 total
- age   7:    2385440 bytes,   15462168 total
- age   8:    1404400 bytes,   16866568 total
: 106563K->21824K(109248K), 0.0070240 secs] 286351K->203098K(502464K), 0.0071086 secs] [Times: user=0.03 sys=0.00, real=0.01 secs] 
Heap after GC invocations=322 (full 12):
 par new generation   total 109248K, used 21824K [0x00000007a0000000, 0x00000007a8000000, 0x00000007a8000000)
  eden space 87424K,   0% used [0x00000007a0000000, 0x00000007a0000000, 0x00000007a5560000)
  from space 21824K, 100% used [0x00000007a5560000, 0x00000007a6ab0000, 0x00000007a6ab0000)
  to   space 21824K,   0% used [0x00000007a6ab0000, 0x00000007a6ab0000, 0x00000007a8000000)
 concurrent mark-sweep generation total 393216K, used 181274K [0x00000007a8000000, 0x00000007c0000000, 0x00000007c0000000)
 Metaspace       used 34534K, capacity 35052K, committed 35396K, reserved 1081344K
  class space    used 3995K, capacity 4171K, committed 4192K, reserved 1048576K
}
2016-10-23T20:02:49.904+0800: 106.597: Total time for which application threads were stopped: 0.0073981 seconds, Stopping threads took: 0.0001285 seconds
{Heap before GC invocations=322 (full 12):
 par new generation   total 109248K, used 109248K [0x00000007a0000000, 0x00000007a8000000, 0x00000007a8000000)
  eden space 87424K, 100% used [0x00000007a0000000, 0x00000007a5560000, 0x00000007a5560000)
  from space 21824K, 100% used [0x00000007a5560000, 0x00000007a6ab0000, 0x00000007a6ab0000)
  to   space 21824K,   0% used [0x00000007a6ab0000, 0x00000007a6ab0000, 0x00000007a8000000)
 concurrent mark-sweep generation total 393216K, used 181274K [0x00000007a8000000, 0x00000007c0000000, 0x00000007c0000000)
 Metaspace       used 34534K, capacity 35052K, committed 35396K, reserved 1081344K
  class space    used 3995K, capacity 4171K, committed 4192K, reserved 1048576K
2016-10-23T20:02:50.003+0800: 106.697: [GC (Allocation Failure) 2016-10-23T20:02:50.003+0800: 106.697: [ParNew
Desired survivor size 20112992 bytes, new threshold 8 (max 8)
- age   1:    2491024 bytes,    2491024 total
- age   2:    6061784 bytes,    8552808 total
- age   3:    3430368 bytes,   11983176 total
- age   4:     843112 bytes,   12826288 total
- age   5:     669216 bytes,   13495504 total
- age   6:     565696 bytes,   14061200 total
- age   7:     913704 bytes,   14974904 total
- age   8:    2385440 bytes,   17360344 total
: 109248K->20793K(109248K), 0.0068803 secs] 290522K->203461K(502464K), 0.0069236 secs] [Times: user=0.03 sys=0.00, real=0.01 secs] 
Heap after GC invocations=323 (full 12):
 par new generation   total 109248K, used 20793K [0x00000007a0000000, 0x00000007a8000000, 0x00000007a8000000)
  eden space 87424K,   0% used [0x00000007a0000000, 0x00000007a0000000, 0x00000007a5560000)
  from space 21824K,  95% used [0x00000007a6ab0000, 0x00000007a7efe4a0, 0x00000007a8000000)
  to   space 21824K,   0% used [0x00000007a5560000, 0x00000007a5560000, 0x00000007a6ab0000)
 concurrent mark-sweep generation total 393216K, used 182668K [0x00000007a8000000, 0x00000007c0000000, 0x00000007c0000000)
 Metaspace       used 34534K, capacity 35052K, committed 35396K, reserved 1081344K
  class space    used 3995K, capacity 4171K, committed 4192K, reserved 1048576K
}
2016-10-23T20:02:50.010+0800: 106.704: Total time for which application threads were stopped: 0.0071133 seconds, Stopping threads took: 0.0000663 seconds
2016-10-23T20:02:50.095+0800: 106.788: Total time for which application threads were stopped: 0.0001045 seconds, Stopping threads took: 0.0000193 seconds
2016-10-23T20:02:50.095+0800: 106.788: Total time for which application threads were stopped: 0.0000667 seconds, Stopping threads took: 0.0000191 seconds
2016-10-23T20:02:50.095+0800: 106.788: Total time for which application threads were stopped: 0.0000912 seconds, Stopping threads took: 0.0000491 seconds
2016-10-23T20:02:50.095+0800: 106.788: Total time for which application threads were stopped: 0.0000633 seconds, Stopping threads took: 0.0000120 seconds
{Heap before GC invocations=323 (full 12):
 par new generation   total 109248K, used 108217K [0x00000007a0000000, 0x00000007a8000000, 0x00000007a8000000)
  eden space 87424K, 100% used [0x00000007a0000000, 0x00000007a5560000, 0x00000007a5560000)
  from space 21824K,  95% used [0x00000007a6ab0000, 0x00000007a7efe4a0, 0x00000007a8000000)
  to   space 21824K,   0% used [0x00000007a5560000, 0x00000007a5560000, 0x00000007a6ab0000)
 concurrent mark-sweep generation total 393216K, used 182668K [0x00000007a8000000, 0x00000007c0000000, 0x00000007c0000000)
 Metaspace       used 34538K, capacity 35052K, committed 35396K, reserved 1081344K
  class space    used 3995K, capacity 4171K, committed 4192K, reserved 1048576K
2016-10-23T20:02:50.102+0800: 106.795: [GC (Allocation Failure) 2016-10-23T20:02:50.102+0800: 106.795: [ParNew
Desired survivor size 20112992 bytes, new threshold 8 (max 8)
- age   1:    2425736 bytes,    2425736 total
- age   2:    1582920 bytes,    4008656 total
- age   3:    5972792 bytes,    9981448 total
- age   4:    3388608 bytes,   13370056 total
- age   5:     808216 bytes,   14178272 total
- age   6:     640512 bytes,   14818784 total
- age   7:     543424 bytes,   15362208 total
- age   8:     876888 bytes,   16239096 total
: 108217K->21824K(109248K), 0.0065265 secs] 290885K->206773K(502464K), 0.0065960 secs] [Times: user=0.03 sys=0.00, real=0.00 secs] 
Heap after GC invocations=324 (full 12):
 par new generation   total 109248K, used 21824K [0x00000007a0000000, 0x00000007a8000000, 0x00000007a8000000)
  eden space 87424K,   0% used [0x00000007a0000000, 0x00000007a0000000, 0x00000007a5560000)
  from space 21824K, 100% used [0x00000007a5560000, 0x00000007a6ab0000, 0x00000007a6ab0000)
  to   space 21824K,   0% used [0x00000007a6ab0000, 0x00000007a6ab0000, 0x00000007a8000000)
 concurrent mark-sweep generation total 393216K, used 184949K [0x00000007a8000000, 0x00000007c0000000, 0x00000007c0000000)
 Metaspace       used 34538K, capacity 35052K, committed 35396K, reserved 1081344K
  class space    used 3995K, capacity 4171K, committed 4192K, reserved 1048576K
}
2016-10-23T20:02:50.108+0800: 106.802: Total time for which application threads were stopped: 0.0067485 seconds, Stopping threads took: 0.0000192 seconds
{Heap before GC invocations=324 (full 12):
 par new generation   total 109248K, used 109248K [0x00000007a0000000, 0x00000007a8000000, 0x00000007a8000000)
  eden space 87424K, 100% used [0x00000007a0000000, 0x00000007a5560000, 0x00000007a5560000)
  from space 21824K, 100% used [0x00000007a5560000, 0x00000007a6ab0000, 0x00000007a6ab0000)
  to   space 21824K,   0% used [0x00000007a6ab0000, 0x00000007a6ab0000, 0x00000007a8000000)
 concurrent mark-sweep generation total 393216K, used 184949K [0x00000007a8000000, 0x00000007c0000000, 0x00000007c0000000)
 Metaspace       used 34538K, capacity 35052K, committed 35396K, reserved 1081344K
  class space    used 3995K, capacity 4171K, committed 4192K, reserved 1048576K
2016-10-23T20:02:50.324+0800: 107.017: [GC (Allocation Failure) 2016-10-23T20:02:50.324+0800: 107.017: [ParNew
Desired survivor size 20112992 bytes, new threshold 8 (max 8)
- age   1:    5529872 bytes,    5529872 total
- age   2:    1296224 bytes,    6826096 total
- age   3:    1068728 bytes,    7894824 total
- age   4:    5952352 bytes,   13847176 total
- age   5:    3388608 bytes,   17235784 total
- age   6:     808216 bytes,   18044000 total
- age   7:     640512 bytes,   18684512 total
- age   8:     543424 bytes,   19227936 total
: 109248K->21824K(109248K), 0.0058814 secs] 294197K->207632K(502464K), 0.0059498 secs] [Times: user=0.02 sys=0.00, real=0.01 secs] 
Heap after GC invocations=325 (full 12):
 par new generation   total 109248K, used 21824K [0x00000007a0000000, 0x00000007a8000000, 0x00000007a8000000)
  eden space 87424K,   0% used [0x00000007a0000000, 0x00000007a0000000, 0x00000007a5560000)
  from space 21824K, 100% used [0x00000007a6ab0000, 0x00000007a8000000, 0x00000007a8000000)
  to   space 21824K,   0% used [0x00000007a5560000, 0x00000007a5560000, 0x00000007a6ab0000)
 concurrent mark-sweep generation total 393216K, used 185808K [0x00000007a8000000, 0x00000007c0000000, 0x00000007c0000000)
 Metaspace       used 34538K, capacity 35052K, committed 35396K, reserved 1081344K
  class space    used 3995K, capacity 4171K, committed 4192K, reserved 1048576K
}
2016-10-23T20:02:50.330+0800: 107.023: Total time for which application threads were stopped: 0.0061197 seconds, Stopping threads took: 0.0000280 seconds
{Heap before GC invocations=325 (full 12):
 par new generation   total 109248K, used 109248K [0x00000007a0000000, 0x00000007a8000000, 0x00000007a8000000)
  eden space 87424K, 100% used [0x00000007a0000000, 0x00000007a5560000, 0x00000007a5560000)
  from space 21824K, 100% used [0x00000007a6ab0000, 0x00000007a8000000, 0x00000007a8000000)
  to   space 21824K,   0% used [0x00000007a5560000, 0x00000007a5560000, 0x00000007a6ab0000)
 concurrent mark-sweep generation total 393216K, used 185808K [0x00000007a8000000, 0x00000007c0000000, 0x00000007c0000000)
 Metaspace       used 34538K, capacity 35052K, committed 35396K, reserved 1081344K
  class space    used 3995K, capacity 4171K, committed 4192K, reserved 1048576K
2016-10-23T20:02:50.559+0800: 107.252: [GC (Allocation Failure) 2016-10-23T20:02:50.559+0800: 107.252: [ParNew
Desired survivor size 20112992 bytes, new threshold 8 (max 8)
- age   1:    3316808 bytes,    3316808 total
- age   2:    2433680 bytes,    5750488 total
- age   3:    1126144 bytes,    6876632 total
- age   4:    1030248 bytes,    7906880 total
- age   5:    5148304 bytes,   13055184 total
- age   6:    3384640 bytes,   16439824 total
- age   7:     806296 bytes,   17246120 total
- age   8:     638848 bytes,   17884968 total
: 109248K->21824K(109248K), 0.0063571 secs] 295056K->213112K(502464K), 0.0064223 secs] [Times: user=0.03 sys=0.00, real=0.01 secs] 
Heap after GC invocations=326 (full 12):
 par new generation   total 109248K, used 21824K [0x00000007a0000000, 0x00000007a8000000, 0x00000007a8000000)
  eden space 87424K,   0% used [0x00000007a0000000, 0x00000007a0000000, 0x00000007a5560000)
  from space 21824K, 100% used [0x00000007a5560000, 0x00000007a6ab0000, 0x00000007a6ab0000)
  to   space 21824K,   0% used [0x00000007a6ab0000, 0x00000007a6ab0000, 0x00000007a8000000)
 concurrent mark-sweep generation total 393216K, used 191288K [0x00000007a8000000, 0x00000007c0000000, 0x00000007c0000000)
 Metaspace       used 34538K, capacity 35052K, committed 35396K, reserved 1081344K
  class space    used 3995K, capacity 4171K, committed 4192K, reserved 1048576K
}
2016-10-23T20:02:50.565+0800: 107.259: Total time for which application threads were stopped: 0.0065751 seconds, Stopping threads took: 0.0000294 seconds
{Heap before GC invocations=326 (full 12):
 par new generation   total 109248K, used 109248K [0x00000007a0000000, 0x00000007a8000000, 0x00000007a8000000)
  eden space 87424K, 100% used [0x00000007a0000000, 0x00000007a5560000, 0x00000007a5560000)
  from space 21824K, 100% used [0x00000007a5560000, 0x00000007a6ab0000, 0x00000007a6ab0000)
  to   space 21824K,   0% used [0x00000007a6ab0000, 0x00000007a6ab0000, 0x00000007a8000000)
 concurrent mark-sweep generation total 393216K, used 191288K [0x00000007a8000000, 0x00000007c0000000, 0x00000007c0000000)
 Metaspace       used 34538K, capacity 35052K, committed 35396K, reserved 1081344K
  class space    used 3995K, capacity 4171K, committed 4192K, reserved 1048576K
2016-10-23T20:02:50.790+0800: 107.483: [GC (Allocation Failure) 2016-10-23T20:02:50.790+0800: 107.483: [ParNew
Desired survivor size 20112992 bytes, new threshold 8 (max 8)
- age   1:    4736880 bytes,    4736880 total
- age   2:    2158456 bytes,    6895336 total
- age   3:    2113848 bytes,    9009184 total
- age   4:    1050112 bytes,   10059296 total
- age   5:     934032 bytes,   10993328 total
- age   6:    4466904 bytes,   15460232 total
- age   7:    3218624 bytes,   18678856 total
- age   8:     774648 bytes,   19453504 total
: 109248K->21824K(109248K), 0.0078279 secs] 300536K->217007K(502464K), 0.0078994 secs] [Times: user=0.03 sys=0.00, real=0.00 secs] 
Heap after GC invocations=327 (full 12):
 par new generation   total 109248K, used 21824K [0x00000007a0000000, 0x00000007a8000000, 0x00000007a8000000)
  eden space 87424K,   0% used [0x00000007a0000000, 0x00000007a0000000, 0x00000007a5560000)
  from space 21824K, 100% used [0x00000007a6ab0000, 0x00000007a8000000, 0x00000007a8000000)
  to   space 21824K,   0% used [0x00000007a5560000, 0x00000007a5560000, 0x00000007a6ab0000)
 concurrent mark-sweep generation total 393216K, used 195183K [0x00000007a8000000, 0x00000007c0000000, 0x00000007c0000000)
 Metaspace       used 34538K, capacity 35052K, committed 35396K, reserved 1081344K
  class space    used 3995K, capacity 4171K, committed 4192K, reserved 1048576K
}
2016-10-23T20:02:50.798+0800: 107.491: Total time for which application threads were stopped: 0.0080666 seconds, Stopping threads took: 0.0000290 seconds
{Heap before GC invocations=327 (full 12):
 par new generation   total 109248K, used 109248K [0x00000007a0000000, 0x00000007a8000000, 0x00000007a8000000)
  eden space 87424K, 100% used [0x00000007a0000000, 0x00000007a5560000, 0x00000007a5560000)
  from space 21824K, 100% used [0x00000007a6ab0000, 0x00000007a8000000, 0x00000007a8000000)
  to   space 21824K,   0% used [0x00000007a5560000, 0x00000007a5560000, 0x00000007a6ab0000)
 concurrent mark-sweep generation total 393216K, used 195183K [0x00000007a8000000, 0x00000007c0000000, 0x00000007c0000000)
 Metaspace       used 34538K, capacity 35052K, committed 35396K, reserved 1081344K
  class space    used 3995K, capacity 4171K, committed 4192K, reserved 1048576K
2016-10-23T20:02:51.027+0800: 107.720: [GC (Allocation Failure) 2016-10-23T20:02:51.027+0800: 107.720: [ParNew
Desired survivor size 20112992 bytes, new threshold 8 (max 8)
- age   1:    5675728 bytes,    5675728 total
- age   2:    1318048 bytes,    6993776 total
- age   3:    1878480 bytes,    8872256 total
- age   4:    1934296 bytes,   10806552 total
- age   5:     943408 bytes,   11749960 total
- age   6:     861104 bytes,   12611064 total
- age   7:    2774720 bytes,   15385784 total
- age   8:    2978904 bytes,   18364688 total
: 109248K->21824K(109248K), 0.0075215 secs] 304431K->222743K(502464K), 0.0075734 secs] [Times: user=0.03 sys=0.00, real=0.01 secs] 
Heap after GC invocations=328 (full 12):
 par new generation   total 109248K, used 21824K [0x00000007a0000000, 0x00000007a8000000, 0x00000007a8000000)
  eden space 87424K,   0% used [0x00000007a0000000, 0x00000007a0000000, 0x00000007a5560000)
  from space 21824K, 100% used [0x00000007a5560000, 0x00000007a6ab0000, 0x00000007a6ab0000)
  to   space 21824K,   0% used [0x00000007a6ab0000, 0x00000007a6ab0000, 0x00000007a8000000)
 concurrent mark-sweep generation total 393216K, used 200919K [0x00000007a8000000, 0x00000007c0000000, 0x00000007c0000000)
 Metaspace       used 34538K, capacity 35052K, committed 35396K, reserved 1081344K
  class space    used 3995K, capacity 4171K, committed 4192K, reserved 1048576K
}
2016-10-23T20:02:51.034+0800: 107.728: Total time for which application threads were stopped: 0.0077352 seconds, Stopping threads took: 0.0000324 seconds
2016-10-23T20:02:51.035+0800: 107.728: [GC (CMS Initial Mark) [1 CMS-initial-mark: 200919K(393216K)] 224320K(502464K), 0.0017514 secs] [Times: user=0.01 sys=0.00, real=0.00 secs] 
2016-10-23T20:02:51.036+0800: 107.730: Total time for which application threads were stopped: 0.0019483 seconds, Stopping threads took: 0.0000869 seconds
2016-10-23T20:02:51.037+0800: 107.730: [CMS-concurrent-mark-start]
2016-10-23T20:02:51.046+0800: 107.739: [CMS-concurrent-mark: 0.009/0.009 secs] [Times: user=0.04 sys=0.00, real=0.01 secs] 
2016-10-23T20:02:51.046+0800: 107.739: [CMS-concurrent-preclean-start]
2016-10-23T20:02:51.047+0800: 107.740: [CMS-concurrent-preclean: 0.001/0.001 secs] [Times: user=0.00 sys=0.00, real=0.00 secs] 
2016-10-23T20:02:51.047+0800: 107.740: [CMS-concurrent-abortable-preclean-start]
2016-10-23T20:02:51.185+0800: 107.878: [CMS-concurrent-abortable-preclean: 0.138/0.138 secs] [Times: user=0.28 sys=0.00, real=0.14 secs] 
2016-10-23T20:02:51.185+0800: 107.878: [GC (CMS Final Remark) [YG occupancy: 77245 K (109248 K)]{Heap before GC invocations=328 (full 13):
 par new generation   total 109248K, used 77245K [0x00000007a0000000, 0x00000007a8000000, 0x00000007a8000000)
  eden space 87424K,  63% used [0x00000007a0000000, 0x00000007a361f640, 0x00000007a5560000)
  from space 21824K, 100% used [0x00000007a5560000, 0x00000007a6ab0000, 0x00000007a6ab0000)
  to   space 21824K,   0% used [0x00000007a6ab0000, 0x00000007a6ab0000, 0x00000007a8000000)
 concurrent mark-sweep generation total 393216K, used 200919K [0x00000007a8000000, 0x00000007c0000000, 0x00000007c0000000)
 Metaspace       used 34538K, capacity 35052K, committed 35396K, reserved 1081344K
  class space    used 3995K, capacity 4171K, committed 4192K, reserved 1048576K
2016-10-23T20:02:51.185+0800: 107.878: [GC (CMS Final Remark) 2016-10-23T20:02:51.185+0800: 107.878: [ParNew
Desired survivor size 20112992 bytes, new threshold 8 (max 8)
- age   1:    5758560 bytes,    5758560 total
- age   2:    1820448 bytes,    7579008 total
- age   3:    1281008 bytes,    8860016 total
- age   4:    1846104 bytes,   10706120 total
- age   5:    1903176 bytes,   12609296 total
- age   6:     932360 bytes,   13541656 total
- age   7:     849952 bytes,   14391608 total
- age   8:    2752888 bytes,   17144496 total
: 77245K->21824K(109248K), 0.0072403 secs] 278165K->225876K(502464K), 0.0072811 secs] [Times: user=0.02 sys=0.00, real=0.01 secs] 
Heap after GC invocations=329 (full 13):
 par new generation   total 109248K, used 21824K [0x00000007a0000000, 0x00000007a8000000, 0x00000007a8000000)
  eden space 87424K,   0% used [0x00000007a0000000, 0x00000007a0000000, 0x00000007a5560000)
  from space 21824K, 100% used [0x00000007a6ab0000, 0x00000007a8000000, 0x00000007a8000000)
  to   space 21824K,   0% used [0x00000007a5560000, 0x00000007a5560000, 0x00000007a6ab0000)
 concurrent mark-sweep generation total 393216K, used 204052K [0x00000007a8000000, 0x00000007c0000000, 0x00000007c0000000)
 Metaspace       used 34538K, capacity 35052K, committed 35396K, reserved 1081344K
  class space    used 3995K, capacity 4171K, committed 4192K, reserved 1048576K
}
2016-10-23T20:02:51.192+0800: 107.885: [Rescan (parallel) , 0.0027799 secs]2016-10-23T20:02:51.195+0800: 107.888: [weak refs processing, 0.0007083 secs]2016-10-23T20:02:51.196+0800: 107.889: [class unloading, 0.0058263 secs]2016-10-23T20:02:51.201+0800: 107.895: [scrub symbol table, 0.0068482 secs]2016-10-23T20:02:51.208+0800: 107.902: [scrub string table, 0.0004480 secs][1 CMS-remark: 204052K(393216K)] 225876K(502464K), 0.0241028 secs] [Times: user=0.05 sys=0.00, real=0.02 secs] 
2016-10-23T20:02:51.209+0800: 107.902: Total time for which application threads were stopped: 0.0242393 seconds, Stopping threads took: 0.0000532 seconds
2016-10-23T20:02:51.209+0800: 107.902: [CMS-concurrent-sweep-start]
2016-10-23T20:02:51.256+0800: 107.949: [CMS-concurrent-sweep: 0.047/0.047 secs] [Times: user=0.09 sys=0.00, real=0.05 secs] 
2016-10-23T20:02:51.256+0800: 107.949: [CMS-concurrent-reset-start]
2016-10-23T20:02:51.256+0800: 107.950: [CMS-concurrent-reset: 0.000/0.000 secs] [Times: user=0.00 sys=0.00, real=0.00 secs] 
{Heap before GC invocations=329 (full 13):
 par new generation   total 109248K, used 108986K [0x00000007a0000000, 0x00000007a8000000, 0x00000007a8000000)
  eden space 87424K,  99% used [0x00000007a0000000, 0x00000007a551e990, 0x00000007a5560000)
  from space 21824K, 100% used [0x00000007a6ab0000, 0x00000007a8000000, 0x00000007a8000000)
  to   space 21824K,   0% used [0x00000007a5560000, 0x00000007a5560000, 0x00000007a6ab0000)
 concurrent mark-sweep generation total 393216K, used 76364K [0x00000007a8000000, 0x00000007c0000000, 0x00000007c0000000)
 Metaspace       used 34538K, capacity 35052K, committed 35396K, reserved 1081344K
  class space    used 3995K, capacity 4171K, committed 4192K, reserved 1048576K
2016-10-23T20:02:51.465+0800: 108.159: [GC (Allocation Failure) 2016-10-23T20:02:51.465+0800: 108.159: [ParNew
Desired survivor size 20112992 bytes, new threshold 8 (max 8)
- age   1:   10841872 bytes,   10841872 total
- age   2:    1407288 bytes,   12249160 total
- age   3:    1609912 bytes,   13859072 total
- age   4:    1141424 bytes,   15000496 total
- age   5:    1774616 bytes,   16775112 total
- age   6:    1828856 bytes,   18603968 total
- age   7:     905320 bytes,   19509288 total
- age   8:     818456 bytes,   20327744 total
: 108986K->21824K(109248K), 0.0083984 secs] 185350K->100703K(502464K), 0.0084645 secs] [Times: user=0.03 sys=0.00, real=0.01 secs] 
Heap after GC invocations=330 (full 13):
 par new generation   total 109248K, used 21824K [0x00000007a0000000, 0x00000007a8000000, 0x00000007a8000000)
  eden space 87424K,   0% used [0x00000007a0000000, 0x00000007a0000000, 0x00000007a5560000)
  from space 21824K, 100% used [0x00000007a5560000, 0x00000007a6ab0000, 0x00000007a6ab0000)
  to   space 21824K,   0% used [0x00000007a6ab0000, 0x00000007a6ab0000, 0x00000007a8000000)
 concurrent mark-sweep generation total 393216K, used 78879K [0x00000007a8000000, 0x00000007c0000000, 0x00000007c0000000)
 Metaspace       used 34538K, capacity 35052K, committed 35396K, reserved 1081344K
  class space    used 3995K, capacity 4171K, committed 4192K, reserved 1048576K
}
2016-10-23T20:02:51.474+0800: 108.167: Total time for which application threads were stopped: 0.0086272 seconds, Stopping threads took: 0.0000203 seconds
{Heap before GC invocations=330 (full 13):
 par new generation   total 109248K, used 109248K [0x00000007a0000000, 0x00000007a8000000, 0x00000007a8000000)
  eden space 87424K, 100% used [0x00000007a0000000, 0x00000007a5560000, 0x00000007a5560000)
  from space 21824K, 100% used [0x00000007a5560000, 0x00000007a6ab0000, 0x00000007a6ab0000)
  to   space 21824K,   0% used [0x00000007a6ab0000, 0x00000007a6ab0000, 0x00000007a8000000)
 concurrent mark-sweep generation total 393216K, used 78879K [0x00000007a8000000, 0x00000007c0000000, 0x00000007c0000000)
 Metaspace       used 34538K, capacity 35052K, committed 35396K, reserved 1081344K
  class space    used 3995K, capacity 4171K, committed 4192K, reserved 1048576K
2016-10-23T20:02:51.724+0800: 108.417: [GC (Allocation Failure) 2016-10-23T20:02:51.724+0800: 108.417: [ParNew
Desired survivor size 20112992 bytes, new threshold 8 (max 8)
- age   1:    7514968 bytes,    7514968 total
- age   2:    4612096 bytes,   12127064 total
- age   3:    1322808 bytes,   13449872 total
- age   4:    1460608 bytes,   14910480 total
- age   5:     779736 bytes,   15690216 total
- age   6:    1697168 bytes,   17387384 total
- age   7:    1746720 bytes,   19134104 total
- age   8:     868064 bytes,   20002168 total
: 109248K->21824K(109248K), 0.0092082 secs] 188127K->104531K(502464K), 0.0092710 secs] [Times: user=0.03 sys=0.00, real=0.01 secs] 
Heap after GC invocations=331 (full 13):
 par new generation   total 109248K, used 21824K [0x00000007a0000000, 0x00000007a8000000, 0x00000007a8000000)
  eden space 87424K,   0% used [0x00000007a0000000, 0x00000007a0000000, 0x00000007a5560000)
  from space 21824K, 100% used [0x00000007a6ab0000, 0x00000007a8000000, 0x00000007a8000000)
  to   space 21824K,   0% used [0x00000007a5560000, 0x00000007a5560000, 0x00000007a6ab0000)
 concurrent mark-sweep generation total 393216K, used 82707K [0x00000007a8000000, 0x00000007c0000000, 0x00000007c0000000)
 Metaspace       used 34538K, capacity 35052K, committed 35396K, reserved 1081344K
  class space    used 3995K, capacity 4171K, committed 4192K, reserved 1048576K
}
2016-10-23T20:02:51.733+0800: 108.426: Total time for which application threads were stopped: 0.0094340 seconds, Stopping threads took: 0.0000281 seconds
{Heap before GC invocations=331 (full 13):
 par new generation   total 109248K, used 109248K [0x00000007a0000000, 0x00000007a8000000, 0x00000007a8000000)
  eden space 87424K, 100% used [0x00000007a0000000, 0x00000007a5560000, 0x00000007a5560000)
  from space 21824K, 100% used [0x00000007a6ab0000, 0x00000007a8000000, 0x00000007a8000000)
  to   space 21824K,   0% used [0x00000007a5560000, 0x00000007a5560000, 0x00000007a6ab0000)
 concurrent mark-sweep generation total 393216K, used 82707K [0x00000007a8000000, 0x00000007c0000000, 0x00000007c0000000)
 Metaspace       used 34538K, capacity 35052K, committed 35396K, reserved 1081344K
  class space    used 3995K, capacity 4171K, committed 4192K, reserved 1048576K
2016-10-23T20:02:51.987+0800: 108.680: [GC (Allocation Failure) 2016-10-23T20:02:51.987+0800: 108.680: [ParNew
Desired survivor size 20112992 bytes, new threshold 8 (max 8)
- age   1:    5275320 bytes,    5275320 total
- age   2:    3616216 bytes,    8891536 total
- age   3:    3365760 bytes,   12257296 total
- age   4:     581264 bytes,   12838560 total
- age   5:    1395936 bytes,   14234496 total
- age   6:     729680 bytes,   14964176 total
- age   7:     564448 bytes,   15528624 total
- age   8:    1631736 bytes,   17160360 total
: 109248K->21824K(109248K), 0.0081151 secs] 191955K->110264K(502464K), 0.0082151 secs] [Times: user=0.03 sys=0.01, real=0.01 secs] 
Heap after GC invocations=332 (full 13):
 par new generation   total 109248K, used 21824K [0x00000007a0000000, 0x00000007a8000000, 0x00000007a8000000)
  eden space 87424K,   0% used [0x00000007a0000000, 0x00000007a0000000, 0x00000007a5560000)
  from space 21824K, 100% used [0x00000007a5560000, 0x00000007a6ab0000, 0x00000007a6ab0000)
  to   space 21824K,   0% used [0x00000007a6ab0000, 0x00000007a6ab0000, 0x00000007a8000000)
 concurrent mark-sweep generation total 393216K, used 88440K [0x00000007a8000000, 0x00000007c0000000, 0x00000007c0000000)
 Metaspace       used 34538K, capacity 35052K, committed 35396K, reserved 1081344K
  class space    used 3995K, capacity 4171K, committed 4192K, reserved 1048576K
}
2016-10-23T20:02:51.995+0800: 108.689: Total time for which application threads were stopped: 0.0084050 seconds, Stopping threads took: 0.0000494 seconds
{Heap before GC invocations=332 (full 13):
 par new generation   total 109248K, used 109248K [0x00000007a0000000, 0x00000007a8000000, 0x00000007a8000000)
  eden space 87424K, 100% used [0x00000007a0000000, 0x00000007a5560000, 0x00000007a5560000)
  from space 21824K, 100% used [0x00000007a5560000, 0x00000007a6ab0000, 0x00000007a6ab0000)
  to   space 21824K,   0% used [0x00000007a6ab0000, 0x00000007a6ab0000, 0x00000007a8000000)
 concurrent mark-sweep generation total 393216K, used 88440K [0x00000007a8000000, 0x00000007c0000000, 0x00000007c0000000)
 Metaspace       used 34538K, capacity 35052K, committed 35396K, reserved 1081344K
  class space    used 3995K, capacity 4171K, committed 4192K, reserved 1048576K
2016-10-23T20:02:52.223+0800: 108.916: [GC (Allocation Failure) 2016-10-23T20:02:52.223+0800: 108.916: [ParNew
Desired survivor size 20112992 bytes, new threshold 8 (max 8)
- age   1:   10392624 bytes,   10392624 total
- age   2:    1473152 bytes,   11865776 total
- age   3:    1149392 bytes,   13015168 total
- age   4:    3365208 bytes,   16380376 total
- age   5:     546896 bytes,   16927272 total
- age   6:    1134000 bytes,   18061272 total
- age   7:     727152 bytes,   18788424 total
- age   8:     564256 bytes,   19352680 total
: 109248K->21824K(109248K), 0.0079585 secs] 197688K->111869K(502464K), 0.0080202 secs] [Times: user=0.03 sys=0.00, real=0.01 secs] 
Heap after GC invocations=333 (full 13):
 par new generation   total 109248K, used 21824K [0x00000007a0000000, 0x00000007a8000000, 0x00000007a8000000)
  eden space 87424K,   0% used [0x00000007a0000000, 0x00000007a0000000, 0x00000007a5560000)
  from space 21824K, 100% used [0x00000007a6ab0000, 0x00000007a8000000, 0x00000007a8000000)
  to   space 21824K,   0% used [0x00000007a5560000, 0x00000007a5560000, 0x00000007a6ab0000)
 concurrent mark-sweep generation total 393216K, used 90045K [0x00000007a8000000, 0x00000007c0000000, 0x00000007c0000000)
 Metaspace       used 34538K, capacity 35052K, committed 35396K, reserved 1081344K
  class space    used 3995K, capacity 4171K, committed 4192K, reserved 1048576K
}
2016-10-23T20:02:52.231+0800: 108.924: Total time for which application threads were stopped: 0.0081805 seconds, Stopping threads took: 0.0000294 seconds
{Heap before GC invocations=333 (full 13):
 par new generation   total 109248K, used 109147K [0x00000007a0000000, 0x00000007a8000000, 0x00000007a8000000)
  eden space 87424K,  99% used [0x00000007a0000000, 0x00000007a5546dd0, 0x00000007a5560000)
  from space 21824K, 100% used [0x00000007a6ab0000, 0x00000007a8000000, 0x00000007a8000000)
  to   space 21824K,   0% used [0x00000007a5560000, 0x00000007a5560000, 0x00000007a6ab0000)
 concurrent mark-sweep generation total 393216K, used 90045K [0x00000007a8000000, 0x00000007c0000000, 0x00000007c0000000)
 Metaspace       used 34538K, capacity 35052K, committed 35396K, reserved 1081344K
  class space    used 3995K, capacity 4171K, committed 4192K, reserved 1048576K
2016-10-23T20:02:52.477+0800: 109.171: [GC (Allocation Failure) 2016-10-23T20:02:52.478+0800: 109.171: [ParNew
Desired survivor size 20112992 bytes, new threshold 7 (max 8)
- age   1:    8382864 bytes,    8382864 total
- age   2:    4913504 bytes,   13296368 total
- age   3:    1190392 bytes,   14486760 total
- age   4:    1073880 bytes,   15560640 total
- age   5:    3303584 bytes,   18864224 total
- age   6:     509576 bytes,   19373800 total
- age   7:    1072096 bytes,   20445896 total
- age   8:     686512 bytes,   21132408 total
: 109147K->21824K(109248K), 0.0092993 secs] 199192K->114012K(502464K), 0.0093828 secs] [Times: user=0.04 sys=0.00, real=0.01 secs] 
Heap after GC invocations=334 (full 13):
 par new generation   total 109248K, used 21824K [0x00000007a0000000, 0x00000007a8000000, 0x00000007a8000000)
  eden space 87424K,   0% used [0x00000007a0000000, 0x00000007a0000000, 0x00000007a5560000)
  from space 21824K, 100% used [0x00000007a5560000, 0x00000007a6ab0000, 0x00000007a6ab0000)
  to   space 21824K,   0% used [0x00000007a6ab0000, 0x00000007a6ab0000, 0x00000007a8000000)
 concurrent mark-sweep generation total 393216K, used 92188K [0x00000007a8000000, 0x00000007c0000000, 0x00000007c0000000)
 Metaspace       used 34538K, capacity 35052K, committed 35396K, reserved 1081344K
  class space    used 3995K, capacity 4171K, committed 4192K, reserved 1048576K
}
2016-10-23T20:02:52.487+0800: 109.180: Total time for which application threads were stopped: 0.0095521 seconds, Stopping threads took: 0.0000308 seconds
{Heap before GC invocations=334 (full 13):
 par new generation   total 109248K, used 109248K [0x00000007a0000000, 0x00000007a8000000, 0x00000007a8000000)
  eden space 87424K, 100% used [0x00000007a0000000, 0x00000007a5560000, 0x00000007a5560000)
  from space 21824K, 100% used [0x00000007a5560000, 0x00000007a6ab0000, 0x00000007a6ab0000)
  to   space 21824K,   0% used [0x00000007a6ab0000, 0x00000007a6ab0000, 0x00000007a8000000)
 concurrent mark-sweep generation total 393216K, used 92188K [0x00000007a8000000, 0x00000007c0000000, 0x00000007c0000000)
 Metaspace       used 34538K, capacity 35052K, committed 35396K, reserved 1081344K
  class space    used 3995K, capacity 4171K, committed 4192K, reserved 1048576K
2016-10-23T20:02:52.732+0800: 109.426: [GC (Allocation Failure) 2016-10-23T20:02:52.732+0800: 109.426: [ParNew
Desired survivor size 20112992 bytes, new threshold 8 (max 8)
- age   1:    8611608 bytes,    8611608 total
- age   2:    2064512 bytes,   10676120 total
- age   3:    1160736 bytes,   11836856 total
- age   4:    1192928 bytes,   13029784 total
- age   5:    1044672 bytes,   14074456 total
- age   6:    3321280 bytes,   17395736 total
- age   7:     535904 bytes,   17931640 total
: 109248K->21824K(109248K), 0.0086877 secs] 201436K->120306K(502464K), 0.0087459 secs] [Times: user=0.03 sys=0.00, real=0.01 secs] 
Heap after GC invocations=335 (full 13):
 par new generation   total 109248K, used 21824K [0x00000007a0000000, 0x00000007a8000000, 0x00000007a8000000)
  eden space 87424K,   0% used [0x00000007a0000000, 0x00000007a0000000, 0x00000007a5560000)
  from space 21824K, 100% used [0x00000007a6ab0000, 0x00000007a8000000, 0x00000007a8000000)
  to   space 21824K,   0% used [0x00000007a5560000, 0x00000007a5560000, 0x00000007a6ab0000)
 concurrent mark-sweep generation total 393216K, used 98482K [0x00000007a8000000, 0x00000007c0000000, 0x00000007c0000000)
 Metaspace       used 34538K, capacity 35052K, committed 35396K, reserved 1081344K
  class space    used 3995K, capacity 4171K, committed 4192K, reserved 1048576K
}
2016-10-23T20:02:52.741+0800: 109.435: Total time for which application threads were stopped: 0.0089145 seconds, Stopping threads took: 0.0000210 seconds
{Heap before GC invocations=335 (full 13):
 par new generation   total 109248K, used 109248K [0x00000007a0000000, 0x00000007a8000000, 0x00000007a8000000)
  eden space 87424K, 100% used [0x00000007a0000000, 0x00000007a5560000, 0x00000007a5560000)
  from space 21824K, 100% used [0x00000007a6ab0000, 0x00000007a8000000, 0x00000007a8000000)
  to   space 21824K,   0% used [0x00000007a5560000, 0x00000007a5560000, 0x00000007a6ab0000)
 concurrent mark-sweep generation total 393216K, used 98482K [0x00000007a8000000, 0x00000007c0000000, 0x00000007c0000000)
 Metaspace       used 34538K, capacity 35052K, committed 35396K, reserved 1081344K
  class space    used 3995K, capacity 4171K, committed 4192K, reserved 1048576K
2016-10-23T20:02:52.991+0800: 109.684: [GC (Allocation Failure) 2016-10-23T20:02:52.991+0800: 109.684: [ParNew
Desired survivor size 20112992 bytes, new threshold 8 (max 8)
- age   1:    7923624 bytes,    7923624 total
- age   2:    6424096 bytes,   14347720 total
- age   3:     854008 bytes,   15201728 total
- age   4:     966064 bytes,   16167792 total
- age   5:     943992 bytes,   17111784 total
- age   6:     893168 bytes,   18004952 total
- age   7:    2006256 bytes,   20011208 total
- age   8:     448728 bytes,   20459936 total
: 109248K->21824K(109248K), 0.0095516 secs] 207730K->123528K(502464K), 0.0096346 secs] [Times: user=0.03 sys=0.00, real=0.01 secs] 
Heap after GC invocations=336 (full 13):
 par new generation   total 109248K, used 21824K [0x00000007a0000000, 0x00000007a8000000, 0x00000007a8000000)
  eden space 87424K,   0% used [0x00000007a0000000, 0x00000007a0000000, 0x00000007a5560000)
  from space 21824K, 100% used [0x00000007a5560000, 0x00000007a6ab0000, 0x00000007a6ab0000)
  to   space 21824K,   0% used [0x00000007a6ab0000, 0x00000007a6ab0000, 0x00000007a8000000)
 concurrent mark-sweep generation total 393216K, used 101704K [0x00000007a8000000, 0x00000007c0000000, 0x00000007c0000000)
 Metaspace       used 34538K, capacity 35052K, committed 35396K, reserved 1081344K
  class space    used 3995K, capacity 4171K, committed 4192K, reserved 1048576K
}
2016-10-23T20:02:53.000+0800: 109.694: Total time for which application threads were stopped: 0.0097924 seconds, Stopping threads took: 0.0000222 seconds
{Heap before GC invocations=336 (full 13):
 par new generation   total 109248K, used 109248K [0x00000007a0000000, 0x00000007a8000000, 0x00000007a8000000)
  eden space 87424K, 100% used [0x00000007a0000000, 0x00000007a5560000, 0x00000007a5560000)
  from space 21824K, 100% used [0x00000007a5560000, 0x00000007a6ab0000, 0x00000007a6ab0000)
  to   space 21824K,   0% used [0x00000007a6ab0000, 0x00000007a6ab0000, 0x00000007a8000000)
 concurrent mark-sweep generation total 393216K, used 101704K [0x00000007a8000000, 0x00000007c0000000, 0x00000007c0000000)
 Metaspace       used 34538K, capacity 35052K, committed 35396K, reserved 1081344K
  class space    used 3995K, capacity 4171K, committed 4192K, reserved 1048576K
2016-10-23T20:02:53.228+0800: 109.921: [GC (Allocation Failure) 2016-10-23T20:02:53.228+0800: 109.921: [ParNew
Desired survivor size 20112992 bytes, new threshold 8 (max 8)
- age   1:    9541536 bytes,    9541536 total
- age   2:    4142632 bytes,   13684168 total
- age   3:    1329472 bytes,   15013640 total
- age   4:     711312 bytes,   15724952 total
- age   5:     726560 bytes,   16451512 total
- age   6:     708720 bytes,   17160232 total
- age   7:     681832 bytes,   17842064 total
- age   8:    1804264 bytes,   19646328 total
: 109248K->21824K(109248K), 0.0086426 secs] 210952K->128131K(502464K), 0.0087078 secs] [Times: user=0.03 sys=0.00, real=0.01 secs] 
Heap after GC invocations=337 (full 13):
 par new generation   total 109248K, used 21824K [0x00000007a0000000, 0x00000007a8000000, 0x00000007a8000000)
  eden space 87424K,   0% used [0x00000007a0000000, 0x00000007a0000000, 0x00000007a5560000)
  from space 21824K, 100% used [0x00000007a6ab0000, 0x00000007a8000000, 0x00000007a8000000)
  to   space 21824K,   0% used [0x00000007a5560000, 0x00000007a5560000, 0x00000007a6ab0000)
 concurrent mark-sweep generation total 393216K, used 106307K [0x00000007a8000000, 0x00000007c0000000, 0x00000007c0000000)
 Metaspace       used 34538K, capacity 35052K, committed 35396K, reserved 1081344K
  class space    used 3995K, capacity 4171K, committed 4192K, reserved 1048576K
}
2016-10-23T20:02:53.237+0800: 109.930: Total time for which application threads were stopped: 0.0088676 seconds, Stopping threads took: 0.0000281 seconds
{Heap before GC invocations=337 (full 13):
 par new generation   total 109248K, used 109248K [0x00000007a0000000, 0x00000007a8000000, 0x00000007a8000000)
  eden space 87424K, 100% used [0x00000007a0000000, 0x00000007a5560000, 0x00000007a5560000)
  from space 21824K, 100% used [0x00000007a6ab0000, 0x00000007a8000000, 0x00000007a8000000)
  to   space 21824K,   0% used [0x00000007a5560000, 0x00000007a5560000, 0x00000007a6ab0000)
 concurrent mark-sweep generation total 393216K, used 106307K [0x00000007a8000000, 0x00000007c0000000, 0x00000007c0000000)
 Metaspace       used 34538K, capacity 35052K, committed 35396K, reserved 1081344K
  class space    used 3995K, capacity 4171K, committed 4192K, reserved 1048576K
2016-10-23T20:02:53.495+0800: 110.189: [GC (Allocation Failure) 2016-10-23T20:02:53.495+0800: 110.189: [ParNew
Desired survivor size 20112992 bytes, new threshold 8 (max 8)
- age   1:    8829240 bytes,    8829240 total
- age   2:    2540104 bytes,   11369344 total
- age   3:    3928424 bytes,   15297768 total
- age   4:     955760 bytes,   16253528 total
- age   5:     674016 bytes,   16927544 total
- age   6:     653792 bytes,   17581336 total
- age   7:     672496 bytes,   18253832 total
- age   8:     621360 bytes,   18875192 total
: 109248K->21824K(109248K), 0.0091620 secs] 215555K->136014K(502464K), 0.0092404 secs] [Times: user=0.03 sys=0.00, real=0.01 secs] 
Heap after GC invocations=338 (full 13):
 par new generation   total 109248K, used 21824K [0x00000007a0000000, 0x00000007a8000000, 0x00000007a8000000)
  eden space 87424K,   0% used [0x00000007a0000000, 0x00000007a0000000, 0x00000007a5560000)
  from space 21824K, 100% used [0x00000007a5560000, 0x00000007a6ab0000, 0x00000007a6ab0000)
  to   space 21824K,   0% used [0x00000007a6ab0000, 0x00000007a6ab0000, 0x00000007a8000000)
 concurrent mark-sweep generation total 393216K, used 114190K [0x00000007a8000000, 0x00000007c0000000, 0x00000007c0000000)
 Metaspace       used 34538K, capacity 35052K, committed 35396K, reserved 1081344K
  class space    used 3995K, capacity 4171K, committed 4192K, reserved 1048576K
}
2016-10-23T20:02:53.504+0800: 110.198: Total time for which application threads were stopped: 0.0094058 seconds, Stopping threads took: 0.0000326 seconds
{Heap before GC invocations=338 (full 13):
 par new generation   total 109248K, used 109091K [0x00000007a0000000, 0x00000007a8000000, 0x00000007a8000000)
  eden space 87424K,  99% used [0x00000007a0000000, 0x00000007a5538fd0, 0x00000007a5560000)
  from space 21824K, 100% used [0x00000007a5560000, 0x00000007a6ab0000, 0x00000007a6ab0000)
  to   space 21824K,   0% used [0x00000007a6ab0000, 0x00000007a6ab0000, 0x00000007a8000000)
 concurrent mark-sweep generation total 393216K, used 114190K [0x00000007a8000000, 0x00000007c0000000, 0x00000007c0000000)
 Metaspace       used 34538K, capacity 35052K, committed 35396K, reserved 1081344K
  class space    used 3995K, capacity 4171K, committed 4192K, reserved 1048576K
2016-10-23T20:02:53.834+0800: 110.528: [GC (Allocation Failure) 2016-10-23T20:02:53.836+0800: 110.530: [ParNew
Desired survivor size 20112992 bytes, new threshold 8 (max 8)
- age   1:    4788568 bytes,    4788568 total
- age   2:    6409200 bytes,   11197768 total
- age   3:    1375328 bytes,   12573096 total
- age   4:    3739072 bytes,   16312168 total
- age   5:     955760 bytes,   17267928 total
- age   6:     673760 bytes,   17941688 total
- age   7:     653792 bytes,   18595480 total
- age   8:     672496 bytes,   19267976 total
: 109091K->21824K(109248K), 0.0123391 secs] 223282K->140341K(502464K), 0.0142700 secs] [Times: user=0.04 sys=0.00, real=0.01 secs] 
Heap after GC invocations=339 (full 13):
 par new generation   total 109248K, used 21824K [0x00000007a0000000, 0x00000007a8000000, 0x00000007a8000000)
  eden space 87424K,   0% used [0x00000007a0000000, 0x00000007a0000000, 0x00000007a5560000)
  from space 21824K, 100% used [0x00000007a6ab0000, 0x00000007a8000000, 0x00000007a8000000)
  to   space 21824K,   0% used [0x00000007a5560000, 0x00000007a5560000, 0x00000007a6ab0000)
 concurrent mark-sweep generation total 393216K, used 118517K [0x00000007a8000000, 0x00000007c0000000, 0x00000007c0000000)
 Metaspace       used 34538K, capacity 35052K, committed 35396K, reserved 1081344K
  class space    used 3995K, capacity 4171K, committed 4192K, reserved 1048576K
}
2016-10-23T20:02:53.849+0800: 110.542: Total time for which application threads were stopped: 0.0144441 seconds, Stopping threads took: 0.0000235 seconds
{Heap before GC invocations=339 (full 13):
 par new generation   total 109248K, used 109248K [0x00000007a0000000, 0x00000007a8000000, 0x00000007a8000000)
  eden space 87424K, 100% used [0x00000007a0000000, 0x00000007a5560000, 0x00000007a5560000)
  from space 21824K, 100% used [0x00000007a6ab0000, 0x00000007a8000000, 0x00000007a8000000)
  to   space 21824K,   0% used [0x00000007a5560000, 0x00000007a5560000, 0x00000007a6ab0000)
 concurrent mark-sweep generation total 393216K, used 118517K [0x00000007a8000000, 0x00000007c0000000, 0x00000007c0000000)
 Metaspace       used 34538K, capacity 35052K, committed 35396K, reserved 1081344K
  class space    used 3995K, capacity 4171K, committed 4192K, reserved 1048576K
2016-10-23T20:02:54.104+0800: 110.797: [GC (Allocation Failure) 2016-10-23T20:02:54.104+0800: 110.797: [ParNew
Desired survivor size 20112992 bytes, new threshold 8 (max 8)
- age   1:    5938976 bytes,    5938976 total
- age   2:    4684856 bytes,   10623832 total
- age   3:    1371984 bytes,   11995816 total
- age   4:    1358760 bytes,   13354576 total
- age   5:    3732760 bytes,   17087336 total
- age   6:     939152 bytes,   18026488 total
- age   7:     664800 bytes,   18691288 total
- age   8:     644472 bytes,   19335760 total
: 109248K->21824K(109248K), 0.0097750 secs] 227765K->146474K(502464K), 0.0098386 secs] [Times: user=0.04 sys=0.00, real=0.01 secs] 
Heap after GC invocations=340 (full 13):
 par new generation   total 109248K, used 21824K [0x00000007a0000000, 0x00000007a8000000, 0x00000007a8000000)
  eden space 87424K,   0% used [0x00000007a0000000, 0x00000007a0000000, 0x00000007a5560000)
  from space 21824K, 100% used [0x00000007a5560000, 0x00000007a6ab0000, 0x00000007a6ab0000)
  to   space 21824K,   0% used [0x00000007a6ab0000, 0x00000007a6ab0000, 0x00000007a8000000)
 concurrent mark-sweep generation total 393216K, used 124650K [0x00000007a8000000, 0x00000007c0000000, 0x00000007c0000000)
 Metaspace       used 34538K, capacity 35052K, committed 35396K, reserved 1081344K
  class space    used 3995K, capacity 4171K, committed 4192K, reserved 1048576K
}
2016-10-23T20:02:54.113+0800: 110.807: Total time for which application threads were stopped: 0.0100155 seconds, Stopping threads took: 0.0000301 seconds
{Heap before GC invocations=340 (full 13):
 par new generation   total 109248K, used 109248K [0x00000007a0000000, 0x00000007a8000000, 0x00000007a8000000)
  eden space 87424K, 100% used [0x00000007a0000000, 0x00000007a5560000, 0x00000007a5560000)
  from space 21824K, 100% used [0x00000007a5560000, 0x00000007a6ab0000, 0x00000007a6ab0000)
  to   space 21824K,   0% used [0x00000007a6ab0000, 0x00000007a6ab0000, 0x00000007a8000000)
 concurrent mark-sweep generation total 393216K, used 124650K [0x00000007a8000000, 0x00000007c0000000, 0x00000007c0000000)
 Metaspace       used 34538K, capacity 35052K, committed 35396K, reserved 1081344K
  class space    used 3995K, capacity 4171K, committed 4192K, reserved 1048576K
2016-10-23T20:02:54.370+0800: 111.064: [GC (Allocation Failure) 2016-10-23T20:02:54.370+0800: 111.064: [ParNew
Desired survivor size 20112992 bytes, new threshold 8 (max 8)
- age   1:    3531560 bytes,    3531560 total
- age   2:    5400520 bytes,    8932080 total
- age   3:    2936640 bytes,   11868720 total
- age   4:    1098624 bytes,   12967344 total
- age   5:    1259664 bytes,   14227008 total
- age   6:    3691016 bytes,   17918024 total
- age   7:     876296 bytes,   18794320 total
- age   8:     611376 bytes,   19405696 total
: 109248K->21824K(109248K), 0.0111138 secs] 233898K->151937K(502464K), 0.0111809 secs] [Times: user=0.04 sys=0.00, real=0.01 secs] 
Heap after GC invocations=341 (full 13):
 par new generation   total 109248K, used 21824K [0x00000007a0000000, 0x00000007a8000000, 0x00000007a8000000)
  eden space 87424K,   0% used [0x00000007a0000000, 0x00000007a0000000, 0x00000007a5560000)
  from space 21824K, 100% used [0x00000007a6ab0000, 0x00000007a8000000, 0x00000007a8000000)
  to   space 21824K,   0% used [0x00000007a5560000, 0x00000007a5560000, 0x00000007a6ab0000)
 concurrent mark-sweep generation total 393216K, used 130113K [0x00000007a8000000, 0x00000007c0000000, 0x00000007c0000000)
 Metaspace       used 34538K, capacity 35052K, committed 35396K, reserved 1081344K
  class space    used 3995K, capacity 4171K, committed 4192K, reserved 1048576K
}
2016-10-23T20:02:54.382+0800: 111.075: Total time for which application threads were stopped: 0.0113438 seconds, Stopping threads took: 0.0000318 seconds
{Heap before GC invocations=341 (full 13):
 par new generation   total 109248K, used 109248K [0x00000007a0000000, 0x00000007a8000000, 0x00000007a8000000)
  eden space 87424K, 100% used [0x00000007a0000000, 0x00000007a5560000, 0x00000007a5560000)
  from space 21824K, 100% used [0x00000007a6ab0000, 0x00000007a8000000, 0x00000007a8000000)
  to   space 21824K,   0% used [0x00000007a5560000, 0x00000007a5560000, 0x00000007a6ab0000)
 concurrent mark-sweep generation total 393216K, used 130113K [0x00000007a8000000, 0x00000007c0000000, 0x00000007c0000000)
 Metaspace       used 34538K, capacity 35052K, committed 35396K, reserved 1081344K
  class space    used 3995K, capacity 4171K, committed 4192K, reserved 1048576K
2016-10-23T20:02:54.612+0800: 111.305: [GC (Allocation Failure) 2016-10-23T20:02:54.612+0800: 111.305: [ParNew
Desired survivor size 20112992 bytes, new threshold 8 (max 8)
- age   1:    6589720 bytes,    6589720 total
- age   2:    2874672 bytes,    9464392 total
- age   3:    1003856 bytes,   10468248 total
- age   4:    2451720 bytes,   12919968 total
- age   5:    1024520 bytes,   13944488 total
- age   6:    1080000 bytes,   15024488 total
- age   7:    3494040 bytes,   18518528 total
- age   8:     800144 bytes,   19318672 total
: 109248K->21824K(109248K), 0.0103536 secs] 239361K->160282K(502464K), 0.0104146 secs] [Times: user=0.03 sys=0.00, real=0.01 secs] 
Heap after GC invocations=342 (full 13):
 par new generation   total 109248K, used 21824K [0x00000007a0000000, 0x00000007a8000000, 0x00000007a8000000)
  eden space 87424K,   0% used [0x00000007a0000000, 0x00000007a0000000, 0x00000007a5560000)
  from space 21824K, 100% used [0x00000007a5560000, 0x00000007a6ab0000, 0x00000007a6ab0000)
  to   space 21824K,   0% used [0x00000007a6ab0000, 0x00000007a6ab0000, 0x00000007a8000000)
 concurrent mark-sweep generation total 393216K, used 138458K [0x00000007a8000000, 0x00000007c0000000, 0x00000007c0000000)
 Metaspace       used 34538K, capacity 35052K, committed 35396K, reserved 1081344K
  class space    used 3995K, capacity 4171K, committed 4192K, reserved 1048576K
}
2016-10-23T20:02:54.622+0800: 111.316: Total time for which application threads were stopped: 0.0105892 seconds, Stopping threads took: 0.0000251 seconds
{Heap before GC invocations=342 (full 13):
 par new generation   total 109248K, used 109248K [0x00000007a0000000, 0x00000007a8000000, 0x00000007a8000000)
  eden space 87424K, 100% used [0x00000007a0000000, 0x00000007a5560000, 0x00000007a5560000)
  from space 21824K, 100% used [0x00000007a5560000, 0x00000007a6ab0000, 0x00000007a6ab0000)
  to   space 21824K,   0% used [0x00000007a6ab0000, 0x00000007a6ab0000, 0x00000007a8000000)
 concurrent mark-sweep generation total 393216K, used 138458K [0x00000007a8000000, 0x00000007c0000000, 0x00000007c0000000)
 Metaspace       used 34538K, capacity 35052K, committed 35396K, reserved 1081344K
  class space    used 3995K, capacity 4171K, committed 4192K, reserved 1048576K
2016-10-23T20:02:54.899+0800: 111.592: [GC (Allocation Failure) 2016-10-23T20:02:54.899+0800: 111.592: [ParNew
Desired survivor size 20112992 bytes, new threshold 8 (max 8)
- age   1:    4147336 bytes,    4147336 total
- age   2:    6264080 bytes,   10411416 total
- age   3:     708256 bytes,   11119672 total
- age   4:     746680 bytes,   11866352 total
- age   5:    1983584 bytes,   13849936 total
- age   6:     795856 bytes,   14645792 total
- age   7:     862296 bytes,   15508088 total
- age   8:    3321576 bytes,   18829664 total
: 109248K->21824K(109248K), 0.0106615 secs] 247706K->165259K(502464K), 0.0107238 secs] [Times: user=0.04 sys=0.00, real=0.01 secs] 
Heap after GC invocations=343 (full 13):
 par new generation   total 109248K, used 21824K [0x00000007a0000000, 0x00000007a8000000, 0x00000007a8000000)
  eden space 87424K,   0% used [0x00000007a0000000, 0x00000007a0000000, 0x00000007a5560000)
  from space 21824K, 100% used [0x00000007a6ab0000, 0x00000007a8000000, 0x00000007a8000000)
  to   space 21824K,   0% used [0x00000007a5560000, 0x00000007a5560000, 0x00000007a6ab0000)
 concurrent mark-sweep generation total 393216K, used 143435K [0x00000007a8000000, 0x00000007c0000000, 0x00000007c0000000)
 Metaspace       used 34538K, capacity 35052K, committed 35396K, reserved 1081344K
  class space    used 3995K, capacity 4171K, committed 4192K, reserved 1048576K
}
2016-10-23T20:02:54.910+0800: 111.603: Total time for which application threads were stopped: 0.0108882 seconds, Stopping threads took: 0.0000206 seconds
{Heap before GC invocations=343 (full 13):
 par new generation   total 109248K, used 108524K [0x00000007a0000000, 0x00000007a8000000, 0x00000007a8000000)
  eden space 87424K,  99% used [0x00000007a0000000, 0x00000007a54ab070, 0x00000007a5560000)
  from space 21824K, 100% used [0x00000007a6ab0000, 0x00000007a8000000, 0x00000007a8000000)
  to   space 21824K,   0% used [0x00000007a5560000, 0x00000007a5560000, 0x00000007a6ab0000)
 concurrent mark-sweep generation total 393216K, used 143435K [0x00000007a8000000, 0x00000007c0000000, 0x00000007c0000000)
 Metaspace       used 34538K, capacity 35052K, committed 35396K, reserved 1081344K
  class space    used 3995K, capacity 4171K, committed 4192K, reserved 1048576K
2016-10-23T20:02:55.165+0800: 111.858: [GC (Allocation Failure) 2016-10-23T20:02:55.165+0800: 111.859: [ParNew
Desired survivor size 20112992 bytes, new threshold 8 (max 8)
- age   1:    8164920 bytes,    8164920 total
- age   2:    4120128 bytes,   12285048 total
- age   3:    1842088 bytes,   14127136 total
- age   4:     705904 bytes,   14833040 total
- age   5:     744920 bytes,   15577960 total
- age   6:    1982008 bytes,   17559968 total
- age   7:     761648 bytes,   18321616 total
- age   8:     860368 bytes,   19181984 total
: 108524K->21824K(109248K), 0.0119284 secs] 251959K->169096K(502464K), 0.0120029 secs] [Times: user=0.04 sys=0.00, real=0.01 secs] 
Heap after GC invocations=344 (full 13):
 par new generation   total 109248K, used 21824K [0x00000007a0000000, 0x00000007a8000000, 0x00000007a8000000)
  eden space 87424K,   0% used [0x00000007a0000000, 0x00000007a0000000, 0x00000007a5560000)
  from space 21824K, 100% used [0x00000007a5560000, 0x00000007a6ab0000, 0x00000007a6ab0000)
  to   space 21824K,   0% used [0x00000007a6ab0000, 0x00000007a6ab0000, 0x00000007a8000000)
 concurrent mark-sweep generation total 393216K, used 147272K [0x00000007a8000000, 0x00000007c0000000, 0x00000007c0000000)
 Metaspace       used 34538K, capacity 35052K, committed 35396K, reserved 1081344K
  class space    used 3995K, capacity 4171K, committed 4192K, reserved 1048576K
}
2016-10-23T20:02:55.177+0800: 111.871: Total time for which application threads were stopped: 0.0121724 seconds, Stopping threads took: 0.0000308 seconds
{Heap before GC invocations=344 (full 13):
 par new generation   total 109248K, used 109248K [0x00000007a0000000, 0x00000007a8000000, 0x00000007a8000000)
  eden space 87424K, 100% used [0x00000007a0000000, 0x00000007a5560000, 0x00000007a5560000)
  from space 21824K, 100% used [0x00000007a5560000, 0x00000007a6ab0000, 0x00000007a6ab0000)
  to   space 21824K,   0% used [0x00000007a6ab0000, 0x00000007a6ab0000, 0x00000007a8000000)
 concurrent mark-sweep generation total 393216K, used 147272K [0x00000007a8000000, 0x00000007c0000000, 0x00000007c0000000)
 Metaspace       used 34538K, capacity 35052K, committed 35396K, reserved 1081344K
  class space    used 3995K, capacity 4171K, committed 4192K, reserved 1048576K
2016-10-23T20:02:55.449+0800: 112.143: [GC (Allocation Failure) 2016-10-23T20:02:55.449+0800: 112.143: [ParNew
Desired survivor size 20112992 bytes, new threshold 8 (max 8)
- age   1:    2703936 bytes,    2703936 total
- age   2:    6910240 bytes,    9614176 total
- age   3:    2319456 bytes,   11933632 total
- age   4:     972872 bytes,   12906504 total
- age   5:     612264 bytes,   13518768 total
- age   6:     662792 bytes,   14181560 total
- age   7:    1893104 bytes,   16074664 total
- age   8:     701536 bytes,   16776200 total
: 109248K->21824K(109248K), 0.0124082 secs] 256520K->180568K(502464K), 0.0125050 secs] [Times: user=0.05 sys=0.00, real=0.02 secs] 
Heap after GC invocations=345 (full 13):
 par new generation   total 109248K, used 21824K [0x00000007a0000000, 0x00000007a8000000, 0x00000007a8000000)
  eden space 87424K,   0% used [0x00000007a0000000, 0x00000007a0000000, 0x00000007a5560000)
  from space 21824K, 100% used [0x00000007a6ab0000, 0x00000007a8000000, 0x00000007a8000000)
  to   space 21824K,   0% used [0x00000007a5560000, 0x00000007a5560000, 0x00000007a6ab0000)
 concurrent mark-sweep generation total 393216K, used 158744K [0x00000007a8000000, 0x00000007c0000000, 0x00000007c0000000)
 Metaspace       used 34538K, capacity 35052K, committed 35396K, reserved 1081344K
  class space    used 3995K, capacity 4171K, committed 4192K, reserved 1048576K
}
2016-10-23T20:02:55.462+0800: 112.155: Total time for which application threads were stopped: 0.0126984 seconds, Stopping threads took: 0.0000289 seconds
{Heap before GC invocations=345 (full 13):
 par new generation   total 109248K, used 109248K [0x00000007a0000000, 0x00000007a8000000, 0x00000007a8000000)
  eden space 87424K, 100% used [0x00000007a0000000, 0x00000007a5560000, 0x00000007a5560000)
  from space 21824K, 100% used [0x00000007a6ab0000, 0x00000007a8000000, 0x00000007a8000000)
  to   space 21824K,   0% used [0x00000007a5560000, 0x00000007a5560000, 0x00000007a6ab0000)
 concurrent mark-sweep generation total 393216K, used 158744K [0x00000007a8000000, 0x00000007c0000000, 0x00000007c0000000)
 Metaspace       used 34538K, capacity 35052K, committed 35396K, reserved 1081344K
  class space    used 3995K, capacity 4171K, committed 4192K, reserved 1048576K
2016-10-23T20:02:55.719+0800: 112.413: [GC (Allocation Failure) 2016-10-23T20:02:55.719+0800: 112.413: [ParNew
Desired survivor size 20112992 bytes, new threshold 8 (max 8)
- age   1:    8319856 bytes,    8319856 total
- age   2:    2691312 bytes,   11011168 total
- age   3:    2610696 bytes,   13621864 total
- age   4:    1978024 bytes,   15599888 total
- age   5:     972872 bytes,   16572760 total
- age   6:     581856 bytes,   17154616 total
- age   7:     662792 bytes,   17817408 total
- age   8:    1893104 bytes,   19710512 total
: 109248K->21824K(109248K), 0.0087105 secs] 267992K->181422K(502464K), 0.0087762 secs] [Times: user=0.03 sys=0.00, real=0.01 secs] 
Heap after GC invocations=346 (full 13):
 par new generation   total 109248K, used 21824K [0x00000007a0000000, 0x00000007a8000000, 0x00000007a8000000)
  eden space 87424K,   0% used [0x00000007a0000000, 0x00000007a0000000, 0x00000007a5560000)
  from space 21824K, 100% used [0x00000007a5560000, 0x00000007a6ab0000, 0x00000007a6ab0000)
  to   space 21824K,   0% used [0x00000007a6ab0000, 0x00000007a6ab0000, 0x00000007a8000000)
 concurrent mark-sweep generation total 393216K, used 159598K [0x00000007a8000000, 0x00000007c0000000, 0x00000007c0000000)
 Metaspace       used 34538K, capacity 35052K, committed 35396K, reserved 1081344K
  class space    used 3995K, capacity 4171K, committed 4192K, reserved 1048576K
}
2016-10-23T20:02:55.728+0800: 112.422: Total time for which application threads were stopped: 0.0089775 seconds, Stopping threads took: 0.0000310 seconds
{Heap before GC invocations=346 (full 13):
 par new generation   total 109248K, used 109248K [0x00000007a0000000, 0x00000007a8000000, 0x00000007a8000000)
  eden space 87424K, 100% used [0x00000007a0000000, 0x00000007a5560000, 0x00000007a5560000)
  from space 21824K, 100% used [0x00000007a5560000, 0x00000007a6ab0000, 0x00000007a6ab0000)
  to   space 21824K,   0% used [0x00000007a6ab0000, 0x00000007a6ab0000, 0x00000007a8000000)
 concurrent mark-sweep generation total 393216K, used 159598K [0x00000007a8000000, 0x00000007c0000000, 0x00000007c0000000)
 Metaspace       used 34538K, capacity 35052K, committed 35396K, reserved 1081344K
  class space    used 3995K, capacity 4171K, committed 4192K, reserved 1048576K
2016-10-23T20:02:56.003+0800: 112.697: [GC (Allocation Failure) 2016-10-23T20:02:56.003+0800: 112.697: [ParNew
Desired survivor size 20112992 bytes, new threshold 8 (max 8)
- age   1:    5681880 bytes,    5681880 total
- age   2:    6435728 bytes,   12117608 total
- age   3:    1555776 bytes,   13673384 total
- age   4:    1934552 bytes,   15607936 total
- age   5:    1970664 bytes,   17578600 total
- age   6:     970072 bytes,   18548672 total
- age   7:     578904 bytes,   19127576 total
- age   8:     660232 bytes,   19787808 total
: 109248K->21824K(109248K), 0.0098391 secs] 268846K->194897K(502464K), 0.0098907 secs] [Times: user=0.03 sys=0.00, real=0.01 secs] 
Heap after GC invocations=347 (full 13):
 par new generation   total 109248K, used 21824K [0x00000007a0000000, 0x00000007a8000000, 0x00000007a8000000)
  eden space 87424K,   0% used [0x00000007a0000000, 0x00000007a0000000, 0x00000007a5560000)
  from space 21824K, 100% used [0x00000007a6ab0000, 0x00000007a8000000, 0x00000007a8000000)
  to   space 21824K,   0% used [0x00000007a5560000, 0x00000007a5560000, 0x00000007a6ab0000)
 concurrent mark-sweep generation total 393216K, used 173073K [0x00000007a8000000, 0x00000007c0000000, 0x00000007c0000000)
 Metaspace       used 34538K, capacity 35052K, committed 35396K, reserved 1081344K
  class space    used 3995K, capacity 4171K, committed 4192K, reserved 1048576K
}
2016-10-23T20:02:56.013+0800: 112.706: Total time for which application threads were stopped: 0.0100313 seconds, Stopping threads took: 0.0000185 seconds
{Heap before GC invocations=347 (full 13):
 par new generation   total 109248K, used 109248K [0x00000007a0000000, 0x00000007a8000000, 0x00000007a8000000)
  eden space 87424K, 100% used [0x00000007a0000000, 0x00000007a5560000, 0x00000007a5560000)
  from space 21824K, 100% used [0x00000007a6ab0000, 0x00000007a8000000, 0x00000007a8000000)
  to   space 21824K,   0% used [0x00000007a5560000, 0x00000007a5560000, 0x00000007a6ab0000)
 concurrent mark-sweep generation total 393216K, used 173073K [0x00000007a8000000, 0x00000007c0000000, 0x00000007c0000000)
 Metaspace       used 34538K, capacity 35052K, committed 35396K, reserved 1081344K
  class space    used 3995K, capacity 4171K, committed 4192K, reserved 1048576K
2016-10-23T20:02:56.300+0800: 112.993: [GC (Allocation Failure) 2016-10-23T20:02:56.300+0800: 112.993: [ParNew
Desired survivor size 20112992 bytes, new threshold 8 (max 8)
- age   1:    4316928 bytes,    4316928 total
- age   2:    4574424 bytes,    8891352 total
- age   3:    6189584 bytes,   15080936 total
- age   4:     622368 bytes,   15703304 total
- age   5:    1229624 bytes,   16932928 total
- age   6:    1872320 bytes,   18805248 total
- age   7:     930224 bytes,   19735472 total
- age   8:     570864 bytes,   20306336 total
: 109248K->21824K(109248K), 0.0116829 secs] 282321K->201306K(502464K), 0.0117727 secs] [Times: user=0.04 sys=0.00, real=0.01 secs] 
Heap after GC invocations=348 (full 13):
 par new generation   total 109248K, used 21824K [0x00000007a0000000, 0x00000007a8000000, 0x00000007a8000000)
  eden space 87424K,   0% used [0x00000007a0000000, 0x00000007a0000000, 0x00000007a5560000)
  from space 21824K, 100% used [0x00000007a5560000, 0x00000007a6ab0000, 0x00000007a6ab0000)
  to   space 21824K,   0% used [0x00000007a6ab0000, 0x00000007a6ab0000, 0x00000007a8000000)
 concurrent mark-sweep generation total 393216K, used 179482K [0x00000007a8000000, 0x00000007c0000000, 0x00000007c0000000)
 Metaspace       used 34538K, capacity 35052K, committed 35396K, reserved 1081344K
  class space    used 3995K, capacity 4171K, committed 4192K, reserved 1048576K
}
2016-10-23T20:02:56.312+0800: 113.005: Total time for which application threads were stopped: 0.0119423 seconds, Stopping threads took: 0.0000236 seconds
{Heap before GC invocations=348 (full 13):
 par new generation   total 109248K, used 109248K [0x00000007a0000000, 0x00000007a8000000, 0x00000007a8000000)
  eden space 87424K, 100% used [0x00000007a0000000, 0x00000007a5560000, 0x00000007a5560000)
  from space 21824K, 100% used [0x00000007a5560000, 0x00000007a6ab0000, 0x00000007a6ab0000)
  to   space 21824K,   0% used [0x00000007a6ab0000, 0x00000007a6ab0000, 0x00000007a8000000)
 concurrent mark-sweep generation total 393216K, used 179482K [0x00000007a8000000, 0x00000007c0000000, 0x00000007c0000000)
 Metaspace       used 34538K, capacity 35052K, committed 35396K, reserved 1081344K
  class space    used 3995K, capacity 4171K, committed 4192K, reserved 1048576K
2016-10-23T20:02:56.586+0800: 113.280: [GC (Allocation Failure) 2016-10-23T20:02:56.586+0800: 113.280: [ParNew
Desired survivor size 20112992 bytes, new threshold 8 (max 8)
- age   1:    7640496 bytes,    7640496 total
- age   2:    2531680 bytes,   10172176 total
- age   3:    4405528 bytes,   14577704 total
- age   4:     911992 bytes,   15489696 total
- age   5:     618424 bytes,   16108120 total
- age   6:    1225592 bytes,   17333712 total
- age   7:    1667248 bytes,   19000960 total
- age   8:     927352 bytes,   19928312 total
: 109248K->21824K(109248K), 0.0108629 secs] 288730K->205408K(502464K), 0.0109463 secs] [Times: user=0.04 sys=0.00, real=0.01 secs] 
Heap after GC invocations=349 (full 13):
 par new generation   total 109248K, used 21824K [0x00000007a0000000, 0x00000007a8000000, 0x00000007a8000000)
  eden space 87424K,   0% used [0x00000007a0000000, 0x00000007a0000000, 0x00000007a5560000)
  from space 21824K, 100% used [0x00000007a6ab0000, 0x00000007a8000000, 0x00000007a8000000)
  to   space 21824K,   0% used [0x00000007a5560000, 0x00000007a5560000, 0x00000007a6ab0000)
 concurrent mark-sweep generation total 393216K, used 183584K [0x00000007a8000000, 0x00000007c0000000, 0x00000007c0000000)
 Metaspace       used 34538K, capacity 35052K, committed 35396K, reserved 1081344K
  class space    used 3995K, capacity 4171K, committed 4192K, reserved 1048576K
}
2016-10-23T20:02:56.597+0800: 113.291: Total time for which application threads were stopped: 0.0111346 seconds, Stopping threads took: 0.0000251 seconds
{Heap before GC invocations=349 (full 13):
 par new generation   total 109248K, used 109248K [0x00000007a0000000, 0x00000007a8000000, 0x00000007a8000000)
  eden space 87424K, 100% used [0x00000007a0000000, 0x00000007a5560000, 0x00000007a5560000)
  from space 21824K, 100% used [0x00000007a6ab0000, 0x00000007a8000000, 0x00000007a8000000)
  to   space 21824K,   0% used [0x00000007a5560000, 0x00000007a5560000, 0x00000007a6ab0000)
 concurrent mark-sweep generation total 393216K, used 183584K [0x00000007a8000000, 0x00000007c0000000, 0x00000007c0000000)
 Metaspace       used 34538K, capacity 35052K, committed 35396K, reserved 1081344K
  class space    used 3995K, capacity 4171K, committed 4192K, reserved 1048576K
2016-10-23T20:02:56.876+0800: 113.569: [GC (Allocation Failure) 2016-10-23T20:02:56.876+0800: 113.569: [ParNew
Desired survivor size 20112992 bytes, new threshold 8 (max 8)
- age   1:    6355592 bytes,    6355592 total
- age   2:    7488096 bytes,   13843688 total
- age   3:    1882664 bytes,   15726352 total
- age   4:     950848 bytes,   16677200 total
- age   5:     772768 bytes,   17449968 total
- age   6:     609664 bytes,   18059632 total
- age   7:    1218168 bytes,   19277800 total
- age   8:    1662872 bytes,   20940672 total
: 109248K->21824K(109248K), 0.0117366 secs] 292832K->216352K(502464K), 0.0117977 secs] [Times: user=0.04 sys=0.00, real=0.01 secs] 
Heap after GC invocations=350 (full 13):
 par new generation   total 109248K, used 21824K [0x00000007a0000000, 0x00000007a8000000, 0x00000007a8000000)
  eden space 87424K,   0% used [0x00000007a0000000, 0x00000007a0000000, 0x00000007a5560000)
  from space 21824K, 100% used [0x00000007a5560000, 0x00000007a6ab0000, 0x00000007a6ab0000)
  to   space 21824K,   0% used [0x00000007a6ab0000, 0x00000007a6ab0000, 0x00000007a8000000)
 concurrent mark-sweep generation total 393216K, used 194528K [0x00000007a8000000, 0x00000007c0000000, 0x00000007c0000000)
 Metaspace       used 34538K, capacity 35052K, committed 35396K, reserved 1081344K
  class space    used 3995K, capacity 4171K, committed 4192K, reserved 1048576K
}
2016-10-23T20:02:56.887+0800: 113.581: Total time for which application threads were stopped: 0.0119576 seconds, Stopping threads took: 0.0000217 seconds
{Heap before GC invocations=350 (full 13):
 par new generation   total 109248K, used 109248K [0x00000007a0000000, 0x00000007a8000000, 0x00000007a8000000)
  eden space 87424K, 100% used [0x00000007a0000000, 0x00000007a5560000, 0x00000007a5560000)
  from space 21824K, 100% used [0x00000007a5560000, 0x00000007a6ab0000, 0x00000007a6ab0000)
  to   space 21824K,   0% used [0x00000007a6ab0000, 0x00000007a6ab0000, 0x00000007a8000000)
 concurrent mark-sweep generation total 393216K, used 194528K [0x00000007a8000000, 0x00000007c0000000, 0x00000007c0000000)
 Metaspace       used 34538K, capacity 35052K, committed 35396K, reserved 1081344K
  class space    used 3995K, capacity 4171K, committed 4192K, reserved 1048576K
2016-10-23T20:02:57.197+0800: 113.891: [GC (Allocation Failure) 2016-10-23T20:02:57.198+0800: 113.891: [ParNew
Desired survivor size 20112992 bytes, new threshold 8 (max 8)
- age   1:    3600392 bytes,    3600392 total
- age   2:    4733512 bytes,    8333904 total
- age   3:    7265592 bytes,   15599496 total
- age   4:    1433968 bytes,   17033464 total
- age   5:     927672 bytes,   17961136 total
- age   6:     768592 bytes,   18729728 total
- age   7:     607544 bytes,   19337272 total
- age   8:    1215776 bytes,   20553048 total
: 109248K->21824K(109248K), 0.0132845 secs] 303776K->226818K(502464K), 0.0133812 secs] [Times: user=0.04 sys=0.00, real=0.02 secs] 
Heap after GC invocations=351 (full 13):
 par new generation   total 109248K, used 21824K [0x00000007a0000000, 0x00000007a8000000, 0x00000007a8000000)
  eden space 87424K,   0% used [0x00000007a0000000, 0x00000007a0000000, 0x00000007a5560000)
  from space 21824K, 100% used [0x00000007a6ab0000, 0x00000007a8000000, 0x00000007a8000000)
  to   space 21824K,   0% used [0x00000007a5560000, 0x00000007a5560000, 0x00000007a6ab0000)
 concurrent mark-sweep generation total 393216K, used 204994K [0x00000007a8000000, 0x00000007c0000000, 0x00000007c0000000)
 Metaspace       used 34538K, capacity 35052K, committed 35396K, reserved 1081344K
  class space    used 3995K, capacity 4171K, committed 4192K, reserved 1048576K
}
2016-10-23T20:02:57.211+0800: 113.904: Total time for which application threads were stopped: 0.0136314 seconds, Stopping threads took: 0.0000207 seconds
2016-10-23T20:02:57.211+0800: 113.905: [GC (CMS Initial Mark) [1 CMS-initial-mark: 204994K(393216K)] 228566K(502464K), 0.0016901 secs] [Times: user=0.01 sys=0.00, real=0.00 secs] 
2016-10-23T20:02:57.213+0800: 113.906: Total time for which application threads were stopped: 0.0019106 seconds, Stopping threads took: 0.0000779 seconds
2016-10-23T20:02:57.213+0800: 113.906: [CMS-concurrent-mark-start]
2016-10-23T20:02:57.253+0800: 113.947: [CMS-concurrent-mark: 0.041/0.041 secs] [Times: user=0.19 sys=0.00, real=0.04 secs] 
2016-10-23T20:02:57.254+0800: 113.947: [CMS-concurrent-preclean-start]
2016-10-23T20:02:57.256+0800: 113.949: [CMS-concurrent-preclean: 0.002/0.002 secs] [Times: user=0.01 sys=0.00, real=0.00 secs] 
2016-10-23T20:02:57.256+0800: 113.949: [CMS-concurrent-abortable-preclean-start]
{Heap before GC invocations=351 (full 14):
 par new generation   total 109248K, used 109248K [0x00000007a0000000, 0x00000007a8000000, 0x00000007a8000000)
  eden space 87424K, 100% used [0x00000007a0000000, 0x00000007a5560000, 0x00000007a5560000)
  from space 21824K, 100% used [0x00000007a6ab0000, 0x00000007a8000000, 0x00000007a8000000)
  to   space 21824K,   0% used [0x00000007a5560000, 0x00000007a5560000, 0x00000007a6ab0000)
 concurrent mark-sweep generation total 393216K, used 204994K [0x00000007a8000000, 0x00000007c0000000, 0x00000007c0000000)
 Metaspace       used 34538K, capacity 35052K, committed 35396K, reserved 1081344K
  class space    used 3995K, capacity 4171K, committed 4192K, reserved 1048576K
2016-10-23T20:02:57.664+0800: 114.358: [GC (Allocation Failure) 2016-10-23T20:02:57.664+0800: 114.358: [ParNew
Desired survivor size 20112992 bytes, new threshold 8 (max 8)
- age   1:    2004592 bytes,    2004592 total
- age   2:    3532696 bytes,    5537288 total
- age   3:    4671264 bytes,   10208552 total
- age   4:    6976360 bytes,   17184912 total
- age   5:    1429592 bytes,   18614504 total
- age   6:     660128 bytes,   19274632 total
- age   7:     731688 bytes,   20006320 total
- age   8:     604592 bytes,   20610912 total
: 109248K->21824K(109248K), 0.0099663 secs] 314242K->228797K(502464K), 0.0100383 secs] [Times: user=0.03 sys=0.00, real=0.01 secs] 
Heap after GC invocations=352 (full 14):
 par new generation   total 109248K, used 21824K [0x00000007a0000000, 0x00000007a8000000, 0x00000007a8000000)
  eden space 87424K,   0% used [0x00000007a0000000, 0x00000007a0000000, 0x00000007a5560000)
  from space 21824K, 100% used [0x00000007a5560000, 0x00000007a6ab0000, 0x00000007a6ab0000)
  to   space 21824K,   0% used [0x00000007a6ab0000, 0x00000007a6ab0000, 0x00000007a8000000)
 concurrent mark-sweep generation total 393216K, used 206973K [0x00000007a8000000, 0x00000007c0000000, 0x00000007c0000000)
 Metaspace       used 34538K, capacity 35052K, committed 35396K, reserved 1081344K
  class space    used 3995K, capacity 4171K, committed 4192K, reserved 1048576K
}
2016-10-23T20:02:57.674+0800: 114.368: Total time for which application threads were stopped: 0.0102483 seconds, Stopping threads took: 0.0000284 seconds
2016-10-23T20:02:58.677+0800: 115.371: Total time for which application threads were stopped: 0.0002462 seconds, Stopping threads took: 0.0001497 seconds
2016-10-23T20:02:58.718+0800: 115.412: [CMS-concurrent-abortable-preclean: 0.576/1.463 secs] [Times: user=2.05 sys=0.02, real=1.46 secs] 
2016-10-23T20:02:58.719+0800: 115.412: [GC (CMS Final Remark) [YG occupancy: 85641 K (109248 K)]{Heap before GC invocations=352 (full 14):
 par new generation   total 109248K, used 85641K [0x00000007a0000000, 0x00000007a8000000, 0x00000007a8000000)
  eden space 87424K,  72% used [0x00000007a0000000, 0x00000007a3e52790, 0x00000007a5560000)
  from space 21824K, 100% used [0x00000007a5560000, 0x00000007a6ab0000, 0x00000007a6ab0000)
  to   space 21824K,   0% used [0x00000007a6ab0000, 0x00000007a6ab0000, 0x00000007a8000000)
 concurrent mark-sweep generation total 393216K, used 206973K [0x00000007a8000000, 0x00000007c0000000, 0x00000007c0000000)
 Metaspace       used 34557K, capacity 35052K, committed 35396K, reserved 1081344K
  class space    used 3997K, capacity 4171K, committed 4192K, reserved 1048576K
2016-10-23T20:02:58.719+0800: 115.412: [GC (CMS Final Remark) 2016-10-23T20:02:58.719+0800: 115.412: [ParNew
Desired survivor size 20112992 bytes, new threshold 8 (max 8)
- age   1:     175392 bytes,     175392 total
- age   2:    1751232 bytes,    1926624 total
- age   3:    3523352 bytes,    5449976 total
- age   4:    4660896 bytes,   10110872 total
- age   5:    6976288 bytes,   17087160 total
- age   6:    1429592 bytes,   18516752 total
- age   7:     660128 bytes,   19176880 total
- age   8:     731688 bytes,   19908568 total
: 85641K->21824K(109248K), 0.0106734 secs] 292615K->229640K(502464K), 0.0107213 secs] [Times: user=0.04 sys=0.00, real=0.01 secs] 
Heap after GC invocations=353 (full 14):
 par new generation   total 109248K, used 21824K [0x00000007a0000000, 0x00000007a8000000, 0x00000007a8000000)
  eden space 87424K,   0% used [0x00000007a0000000, 0x00000007a0000000, 0x00000007a5560000)
  from space 21824K, 100% used [0x00000007a6ab0000, 0x00000007a8000000, 0x00000007a8000000)
  to   space 21824K,   0% used [0x00000007a5560000, 0x00000007a5560000, 0x00000007a6ab0000)
 concurrent mark-sweep generation total 393216K, used 207816K [0x00000007a8000000, 0x00000007c0000000, 0x00000007c0000000)
 Metaspace       used 34557K, capacity 35052K, committed 35396K, reserved 1081344K
  class space    used 3997K, capacity 4171K, committed 4192K, reserved 1048576K
}
2016-10-23T20:02:58.729+0800: 115.423: [Rescan (parallel) , 0.0042727 secs]2016-10-23T20:02:58.734+0800: 115.427: [weak refs processing, 0.0008521 secs]2016-10-23T20:02:58.735+0800: 115.428: [class unloading, 0.0093296 secs]2016-10-23T20:02:58.744+0800: 115.437: [scrub symbol table, 0.0070482 secs]2016-10-23T20:02:58.751+0800: 115.445: [scrub string table, 0.0005328 secs][1 CMS-remark: 207816K(393216K)] 229640K(502464K), 0.0330220 secs] [Times: user=0.07 sys=0.00, real=0.04 secs] 
2016-10-23T20:02:58.752+0800: 115.445: Total time for which application threads were stopped: 0.0331980 seconds, Stopping threads took: 0.0000682 seconds
2016-10-23T20:02:58.752+0800: 115.445: [CMS-concurrent-sweep-start]
2016-10-23T20:02:58.778+0800: 115.472: [CMS-concurrent-sweep: 0.027/0.027 secs] [Times: user=0.06 sys=0.00, real=0.02 secs] 
2016-10-23T20:02:58.778+0800: 115.472: [CMS-concurrent-reset-start]
2016-10-23T20:02:58.779+0800: 115.472: [CMS-concurrent-reset: 0.000/0.000 secs] [Times: user=0.00 sys=0.00, real=0.00 secs] 
{Heap before GC invocations=353 (full 14):
 par new generation   total 109248K, used 109248K [0x00000007a0000000, 0x00000007a8000000, 0x00000007a8000000)
  eden space 87424K, 100% used [0x00000007a0000000, 0x00000007a5560000, 0x00000007a5560000)
  from space 21824K, 100% used [0x00000007a6ab0000, 0x00000007a8000000, 0x00000007a8000000)
  to   space 21824K,   0% used [0x00000007a5560000, 0x00000007a5560000, 0x00000007a6ab0000)
 concurrent mark-sweep generation total 393216K, used 146640K [0x00000007a8000000, 0x00000007c0000000, 0x00000007c0000000)
 Metaspace       used 34557K, capacity 35052K, committed 35396K, reserved 1081344K
  class space    used 3997K, capacity 4171K, committed 4192K, reserved 1048576K
2016-10-23T20:02:58.874+0800: 115.568: [GC (Allocation Failure) 2016-10-23T20:02:58.874+0800: 115.568: [ParNew
Desired survivor size 20112992 bytes, new threshold 8 (max 8)
- age   1:      57616 bytes,      57616 total
- age   2:     119344 bytes,     176960 total
- age   3:    1751232 bytes,    1928192 total
- age   4:    3523352 bytes,    5451544 total
- age   5:    4660896 bytes,   10112440 total
- age   6:    6976288 bytes,   17088728 total
- age   7:    1282656 bytes,   18371384 total
- age   8:     660128 bytes,   19031512 total
: 109248K->21824K(109248K), 0.0079995 secs] 255888K->169195K(502464K), 0.0080553 secs] [Times: user=0.03 sys=0.00, real=0.01 secs] 
Heap after GC invocations=354 (full 14):
 par new generation   total 109248K, used 21824K [0x00000007a0000000, 0x00000007a8000000, 0x00000007a8000000)
  eden space 87424K,   0% used [0x00000007a0000000, 0x00000007a0000000, 0x00000007a5560000)
  from space 21824K, 100% used [0x00000007a5560000, 0x00000007a6ab0000, 0x00000007a6ab0000)
  to   space 21824K,   0% used [0x00000007a6ab0000, 0x00000007a6ab0000, 0x00000007a8000000)
 concurrent mark-sweep generation total 393216K, used 147371K [0x00000007a8000000, 0x00000007c0000000, 0x00000007c0000000)
 Metaspace       used 34557K, capacity 35052K, committed 35396K, reserved 1081344K
  class space    used 3997K, capacity 4171K, committed 4192K, reserved 1048576K
}
2016-10-23T20:02:58.883+0800: 115.576: Total time for which application threads were stopped: 0.0082270 seconds, Stopping threads took: 0.0000314 seconds
{Heap before GC invocations=354 (full 14):
 par new generation   total 109248K, used 109248K [0x00000007a0000000, 0x00000007a8000000, 0x00000007a8000000)
  eden space 87424K, 100% used [0x00000007a0000000, 0x00000007a5560000, 0x00000007a5560000)
  from space 21824K, 100% used [0x00000007a5560000, 0x00000007a6ab0000, 0x00000007a6ab0000)
  to   space 21824K,   0% used [0x00000007a6ab0000, 0x00000007a6ab0000, 0x00000007a8000000)
 concurrent mark-sweep generation total 393216K, used 147371K [0x00000007a8000000, 0x00000007c0000000, 0x00000007c0000000)
 Metaspace       used 34557K, capacity 35052K, committed 35396K, reserved 1081344K
  class space    used 3997K, capacity 4171K, committed 4192K, reserved 1048576K
2016-10-23T20:02:58.956+0800: 115.649: [GC (Allocation Failure) 2016-10-23T20:02:58.956+0800: 115.649: [ParNew
Desired survivor size 20112992 bytes, new threshold 8 (max 8)
- age   1:      96024 bytes,      96024 total
- age   3:     118968 bytes,     214992 total
- age   4:    1751232 bytes,    1966224 total
- age   5:    3523352 bytes,    5489576 total
- age   6:    4660920 bytes,   10150496 total
- age   7:    6976288 bytes,   17126784 total
- age   8:    1282656 bytes,   18409440 total
: 109248K->21824K(109248K), 0.0076644 secs] 256619K->169855K(502464K), 0.0077405 secs] [Times: user=0.02 sys=0.00, real=0.01 secs] 
Heap after GC invocations=355 (full 14):
 par new generation   total 109248K, used 21824K [0x00000007a0000000, 0x00000007a8000000, 0x00000007a8000000)
  eden space 87424K,   0% used [0x00000007a0000000, 0x00000007a0000000, 0x00000007a5560000)
  from space 21824K, 100% used [0x00000007a6ab0000, 0x00000007a8000000, 0x00000007a8000000)
  to   space 21824K,   0% used [0x00000007a5560000, 0x00000007a5560000, 0x00000007a6ab0000)
 concurrent mark-sweep generation total 393216K, used 148031K [0x00000007a8000000, 0x00000007c0000000, 0x00000007c0000000)
 Metaspace       used 34557K, capacity 35052K, committed 35396K, reserved 1081344K
  class space    used 3997K, capacity 4171K, committed 4192K, reserved 1048576K
}
2016-10-23T20:02:58.963+0800: 115.657: Total time for which application threads were stopped: 0.0078974 seconds, Stopping threads took: 0.0000200 seconds
{Heap before GC invocations=355 (full 14):
 par new generation   total 109248K, used 109248K [0x00000007a0000000, 0x00000007a8000000, 0x00000007a8000000)
  eden space 87424K, 100% used [0x00000007a0000000, 0x00000007a5560000, 0x00000007a5560000)
  from space 21824K, 100% used [0x00000007a6ab0000, 0x00000007a8000000, 0x00000007a8000000)
  to   space 21824K,   0% used [0x00000007a5560000, 0x00000007a5560000, 0x00000007a6ab0000)
 concurrent mark-sweep generation total 393216K, used 148031K [0x00000007a8000000, 0x00000007c0000000, 0x00000007c0000000)
 Metaspace       used 34558K, capacity 35052K, committed 35396K, reserved 1081344K
  class space    used 3997K, capacity 4171K, committed 4192K, reserved 1048576K
2016-10-23T20:02:59.058+0800: 115.751: [GC (Allocation Failure) 2016-10-23T20:02:59.058+0800: 115.751: [ParNew
Desired survivor size 20112992 bytes, new threshold 8 (max 8)
- age   1:      83664 bytes,      83664 total
- age   2:      53304 bytes,     136968 total
- age   4:     118968 bytes,     255936 total
- age   5:    1751232 bytes,    2007168 total
- age   6:    3523352 bytes,    5530520 total
- age   7:    5709488 bytes,   11240008 total
- age   8:    6976312 bytes,   18216320 total
: 109248K->21824K(109248K), 0.0081507 secs] 257279K->171125K(502464K), 0.0082046 secs] [Times: user=0.03 sys=0.00, real=0.01 secs] 
Heap after GC invocations=356 (full 14):
 par new generation   total 109248K, used 21824K [0x00000007a0000000, 0x00000007a8000000, 0x00000007a8000000)
  eden space 87424K,   0% used [0x00000007a0000000, 0x00000007a0000000, 0x00000007a5560000)
  from space 21824K, 100% used [0x00000007a5560000, 0x00000007a6ab0000, 0x00000007a6ab0000)
  to   space 21824K,   0% used [0x00000007a6ab0000, 0x00000007a6ab0000, 0x00000007a8000000)
 concurrent mark-sweep generation total 393216K, used 149301K [0x00000007a8000000, 0x00000007c0000000, 0x00000007c0000000)
 Metaspace       used 34558K, capacity 35052K, committed 35396K, reserved 1081344K
  class space    used 3997K, capacity 4171K, committed 4192K, reserved 1048576K
}
2016-10-23T20:02:59.066+0800: 115.760: Total time for which application threads were stopped: 0.0083744 seconds, Stopping threads took: 0.0000305 seconds
{Heap before GC invocations=356 (full 14):
 par new generation   total 109248K, used 109248K [0x00000007a0000000, 0x00000007a8000000, 0x00000007a8000000)
  eden space 87424K, 100% used [0x00000007a0000000, 0x00000007a5560000, 0x00000007a5560000)
  from space 21824K, 100% used [0x00000007a5560000, 0x00000007a6ab0000, 0x00000007a6ab0000)
  to   space 21824K,   0% used [0x00000007a6ab0000, 0x00000007a6ab0000, 0x00000007a8000000)
 concurrent mark-sweep generation total 393216K, used 149301K [0x00000007a8000000, 0x00000007c0000000, 0x00000007c0000000)
 Metaspace       used 34558K, capacity 35052K, committed 35396K, reserved 1081344K
  class space    used 3997K, capacity 4171K, committed 4192K, reserved 1048576K
2016-10-23T20:02:59.172+0800: 115.865: [GC (Allocation Failure) 2016-10-23T20:02:59.172+0800: 115.865: [ParNew
Desired survivor size 20112992 bytes, new threshold 8 (max 8)
- age   1:     163496 bytes,     163496 total
- age   2:        896 bytes,     164392 total
- age   3:      53304 bytes,     217696 total
- age   5:     118968 bytes,     336664 total
- age   6:    1751232 bytes,    2087896 total
- age   7:    3523352 bytes,    5611248 total
- age   8:    4660896 bytes,   10272144 total
: 109248K->16365K(109248K), 0.0062427 secs] 258549K->172497K(502464K), 0.0062869 secs] [Times: user=0.02 sys=0.00, real=0.00 secs] 
Heap after GC invocations=357 (full 14):
 par new generation   total 109248K, used 16365K [0x00000007a0000000, 0x00000007a8000000, 0x00000007a8000000)
  eden space 87424K,   0% used [0x00000007a0000000, 0x00000007a0000000, 0x00000007a5560000)
  from space 21824K,  74% used [0x00000007a6ab0000, 0x00000007a7aab7e0, 0x00000007a8000000)
  to   space 21824K,   0% used [0x00000007a5560000, 0x00000007a5560000, 0x00000007a6ab0000)
 concurrent mark-sweep generation total 393216K, used 156131K [0x00000007a8000000, 0x00000007c0000000, 0x00000007c0000000)
 Metaspace       used 34558K, capacity 35052K, committed 35396K, reserved 1081344K
  class space    used 3997K, capacity 4171K, committed 4192K, reserved 1048576K
}
2016-10-23T20:02:59.178+0800: 115.872: Total time for which application threads were stopped: 0.0064814 seconds, Stopping threads took: 0.0000321 seconds
2016-10-23T20:02:59.413+0800: 116.107: Total time for which application threads were stopped: 0.0001067 seconds, Stopping threads took: 0.0000412 seconds
2016-10-23T20:02:59.413+0800: 116.107: Total time for which application threads were stopped: 0.0000634 seconds, Stopping threads took: 0.0000268 seconds
2016-10-23T20:02:59.413+0800: 116.107: Total time for which application threads were stopped: 0.0000494 seconds, Stopping threads took: 0.0000090 seconds
{Heap before GC invocations=357 (full 14):
 par new generation   total 109248K, used 103789K [0x00000007a0000000, 0x00000007a8000000, 0x00000007a8000000)
  eden space 87424K, 100% used [0x00000007a0000000, 0x00000007a5560000, 0x00000007a5560000)
  from space 21824K,  74% used [0x00000007a6ab0000, 0x00000007a7aab7e0, 0x00000007a8000000)
  to   space 21824K,   0% used [0x00000007a5560000, 0x00000007a5560000, 0x00000007a6ab0000)
 concurrent mark-sweep generation total 393216K, used 156131K [0x00000007a8000000, 0x00000007c0000000, 0x00000007c0000000)
 Metaspace       used 34558K, capacity 35052K, committed 35396K, reserved 1081344K
  class space    used 3997K, capacity 4171K, committed 4192K, reserved 1048576K
2016-10-23T20:02:59.428+0800: 116.121: [GC (Allocation Failure) 2016-10-23T20:02:59.428+0800: 116.121: [ParNew
Desired survivor size 20112992 bytes, new threshold 8 (max 8)
- age   1:    1758872 bytes,    1758872 total
- age   2:        672 bytes,    1759544 total
- age   3:        896 bytes,    1760440 total
- age   4:      53248 bytes,    1813688 total
- age   6:     118616 bytes,    1932304 total
- age   7:    1692680 bytes,    3624984 total
- age   8:    3485528 bytes,    7110512 total
: 103789K->9335K(109248K), 0.0071727 secs] 259921K->169996K(502464K), 0.0072648 secs] [Times: user=0.03 sys=0.00, real=0.01 secs] 
Heap after GC invocations=358 (full 14):
 par new generation   total 109248K, used 9335K [0x00000007a0000000, 0x00000007a8000000, 0x00000007a8000000)
  eden space 87424K,   0% used [0x00000007a0000000, 0x00000007a0000000, 0x00000007a5560000)
  from space 21824K,  42% used [0x00000007a5560000, 0x00000007a5e7df90, 0x00000007a6ab0000)
  to   space 21824K,   0% used [0x00000007a6ab0000, 0x00000007a6ab0000, 0x00000007a8000000)
 concurrent mark-sweep generation total 393216K, used 160660K [0x00000007a8000000, 0x00000007c0000000, 0x00000007c0000000)
 Metaspace       used 34558K, capacity 35052K, committed 35396K, reserved 1081344K
  class space    used 3997K, capacity 4171K, committed 4192K, reserved 1048576K
}
2016-10-23T20:02:59.435+0800: 116.129: Total time for which application threads were stopped: 0.0074344 seconds, Stopping threads took: 0.0000214 seconds
{Heap before GC invocations=358 (full 14):
 par new generation   total 109248K, used 96759K [0x00000007a0000000, 0x00000007a8000000, 0x00000007a8000000)
  eden space 87424K, 100% used [0x00000007a0000000, 0x00000007a5560000, 0x00000007a5560000)
  from space 21824K,  42% used [0x00000007a5560000, 0x00000007a5e7df90, 0x00000007a6ab0000)
  to   space 21824K,   0% used [0x00000007a6ab0000, 0x00000007a6ab0000, 0x00000007a8000000)
 concurrent mark-sweep generation total 393216K, used 160660K [0x00000007a8000000, 0x00000007c0000000, 0x00000007c0000000)
 Metaspace       used 34558K, capacity 35052K, committed 35396K, reserved 1081344K
  class space    used 3997K, capacity 4171K, committed 4192K, reserved 1048576K
2016-10-23T20:02:59.668+0800: 116.362: [GC (Allocation Failure) 2016-10-23T20:02:59.668+0800: 116.362: [ParNew
Desired survivor size 20112992 bytes, new threshold 8 (max 8)
- age   1:    4190608 bytes,    4190608 total
- age   2:    1613880 bytes,    5804488 total
- age   3:        672 bytes,    5805160 total
- age   4:        896 bytes,    5806056 total
- age   5:      53248 bytes,    5859304 total
- age   7:     118520 bytes,    5977824 total
- age   8:    1692680 bytes,    7670504 total
: 96759K->9270K(109248K), 0.0074141 secs] 257420K->173347K(502464K), 0.0074570 secs] [Times: user=0.03 sys=0.00, real=0.01 secs] 
Heap after GC invocations=359 (full 14):
 par new generation   total 109248K, used 9270K [0x00000007a0000000, 0x00000007a8000000, 0x00000007a8000000)
  eden space 87424K,   0% used [0x00000007a0000000, 0x00000007a0000000, 0x00000007a5560000)
  from space 21824K,  42% used [0x00000007a6ab0000, 0x00000007a73bdb00, 0x00000007a8000000)
  to   space 21824K,   0% used [0x00000007a5560000, 0x00000007a5560000, 0x00000007a6ab0000)
 concurrent mark-sweep generation total 393216K, used 164076K [0x00000007a8000000, 0x00000007c0000000, 0x00000007c0000000)
 Metaspace       used 34558K, capacity 35052K, committed 35396K, reserved 1081344K
  class space    used 3997K, capacity 4171K, committed 4192K, reserved 1048576K
}
2016-10-23T20:02:59.676+0800: 116.369: Total time for which application threads were stopped: 0.0076250 seconds, Stopping threads took: 0.0000204 seconds
{Heap before GC invocations=359 (full 14):
 par new generation   total 109248K, used 96694K [0x00000007a0000000, 0x00000007a8000000, 0x00000007a8000000)
  eden space 87424K, 100% used [0x00000007a0000000, 0x00000007a5560000, 0x00000007a5560000)
  from space 21824K,  42% used [0x00000007a6ab0000, 0x00000007a73bdb00, 0x00000007a8000000)
  to   space 21824K,   0% used [0x00000007a5560000, 0x00000007a5560000, 0x00000007a6ab0000)
 concurrent mark-sweep generation total 393216K, used 164076K [0x00000007a8000000, 0x00000007c0000000, 0x00000007c0000000)
 Metaspace       used 34558K, capacity 35052K, committed 35396K, reserved 1081344K
  class space    used 3997K, capacity 4171K, committed 4192K, reserved 1048576K
2016-10-23T20:02:59.919+0800: 116.613: [GC (Allocation Failure) 2016-10-23T20:02:59.919+0800: 116.613: [ParNew
Desired survivor size 20112992 bytes, new threshold 8 (max 8)
- age   1:    5437584 bytes,    5437584 total
- age   2:    2673056 bytes,    8110640 total
- age   3:    1613112 bytes,    9723752 total
- age   4:        672 bytes,    9724424 total
- age   5:        896 bytes,    9725320 total
- age   6:      53248 bytes,    9778568 total
- age   8:     118520 bytes,    9897088 total
: 96694K->13037K(109248K), 0.0072109 secs] 260771K->178779K(502464K), 0.0072828 secs] [Times: user=0.02 sys=0.00, real=0.01 secs] 
Heap after GC invocations=360 (full 14):
 par new generation   total 109248K, used 13037K [0x00000007a0000000, 0x00000007a8000000, 0x00000007a8000000)
  eden space 87424K,   0% used [0x00000007a0000000, 0x00000007a0000000, 0x00000007a5560000)
  from space 21824K,  59% used [0x00000007a5560000, 0x00000007a621b510, 0x00000007a6ab0000)
  to   space 21824K,   0% used [0x00000007a6ab0000, 0x00000007a6ab0000, 0x00000007a8000000)
 concurrent mark-sweep generation total 393216K, used 165742K [0x00000007a8000000, 0x00000007c0000000, 0x00000007c0000000)
 Metaspace       used 34558K, capacity 35052K, committed 35396K, reserved 1081344K
  class space    used 3997K, capacity 4171K, committed 4192K, reserved 1048576K
}
2016-10-23T20:02:59.926+0800: 116.620: Total time for which application threads were stopped: 0.0074242 seconds, Stopping threads took: 0.0000196 seconds
{Heap before GC invocations=360 (full 14):
 par new generation   total 109248K, used 100461K [0x00000007a0000000, 0x00000007a8000000, 0x00000007a8000000)
  eden space 87424K, 100% used [0x00000007a0000000, 0x00000007a5560000, 0x00000007a5560000)
  from space 21824K,  59% used [0x00000007a5560000, 0x00000007a621b510, 0x00000007a6ab0000)
  to   space 21824K,   0% used [0x00000007a6ab0000, 0x00000007a6ab0000, 0x00000007a8000000)
 concurrent mark-sweep generation total 393216K, used 165742K [0x00000007a8000000, 0x00000007c0000000, 0x00000007c0000000)
 Metaspace       used 34558K, capacity 35052K, committed 35396K, reserved 1081344K
  class space    used 3997K, capacity 4171K, committed 4192K, reserved 1048576K
2016-10-23T20:03:00.172+0800: 116.865: [GC (Allocation Failure) 2016-10-23T20:03:00.172+0800: 116.865: [ParNew
Desired survivor size 20112992 bytes, new threshold 8 (max 8)
- age   1:    6925568 bytes,    6925568 total
- age   2:    3289880 bytes,   10215448 total
- age   3:    2574736 bytes,   12790184 total
- age   4:    1612968 bytes,   14403152 total
- age   5:        672 bytes,   14403824 total
- age   6:        896 bytes,   14404720 total
- age   7:      53248 bytes,   14457968 total
: 100461K->16659K(109248K), 0.0081689 secs] 266203K->182519K(502464K), 0.0082170 secs] [Times: user=0.03 sys=0.00, real=0.01 secs] 
Heap after GC invocations=361 (full 14):
 par new generation   total 109248K, used 16659K [0x00000007a0000000, 0x00000007a8000000, 0x00000007a8000000)
  eden space 87424K,   0% used [0x00000007a0000000, 0x00000007a0000000, 0x00000007a5560000)
  from space 21824K,  76% used [0x00000007a6ab0000, 0x00000007a7af4ed0, 0x00000007a8000000)
  to   space 21824K,   0% used [0x00000007a5560000, 0x00000007a5560000, 0x00000007a6ab0000)
 concurrent mark-sweep generation total 393216K, used 165860K [0x00000007a8000000, 0x00000007c0000000, 0x00000007c0000000)
 Metaspace       used 34558K, capacity 35052K, committed 35396K, reserved 1081344K
  class space    used 3997K, capacity 4171K, committed 4192K, reserved 1048576K
}
2016-10-23T20:03:00.180+0800: 116.873: Total time for which application threads were stopped: 0.0083715 seconds, Stopping threads took: 0.0000281 seconds
{Heap before GC invocations=361 (full 14):
 par new generation   total 109248K, used 104083K [0x00000007a0000000, 0x00000007a8000000, 0x00000007a8000000)
  eden space 87424K, 100% used [0x00000007a0000000, 0x00000007a5560000, 0x00000007a5560000)
  from space 21824K,  76% used [0x00000007a6ab0000, 0x00000007a7af4ed0, 0x00000007a8000000)
  to   space 21824K,   0% used [0x00000007a5560000, 0x00000007a5560000, 0x00000007a6ab0000)
 concurrent mark-sweep generation total 393216K, used 165860K [0x00000007a8000000, 0x00000007c0000000, 0x00000007c0000000)
 Metaspace       used 34558K, capacity 35052K, committed 35396K, reserved 1081344K
  class space    used 3997K, capacity 4171K, committed 4192K, reserved 1048576K
2016-10-23T20:03:00.415+0800: 117.109: [GC (Allocation Failure) 2016-10-23T20:03:00.415+0800: 117.109: [ParNew
Desired survivor size 20112992 bytes, new threshold 8 (max 8)
- age   1:    7125264 bytes,    7125264 total
- age   2:    4442072 bytes,   11567336 total
- age   3:    2699992 bytes,   14267328 total
- age   4:    2574736 bytes,   16842064 total
- age   5:    1612480 bytes,   18454544 total
- age   6:        672 bytes,   18455216 total
- age   7:        896 bytes,   18456112 total
- age   8:      53248 bytes,   18509360 total
: 104083K->21286K(109248K), 0.0070841 secs] 269943K->187146K(502464K), 0.0071779 secs] [Times: user=0.03 sys=0.00, real=0.01 secs] 
Heap after GC invocations=362 (full 14):
 par new generation   total 109248K, used 21286K [0x00000007a0000000, 0x00000007a8000000, 0x00000007a8000000)
  eden space 87424K,   0% used [0x00000007a0000000, 0x00000007a0000000, 0x00000007a5560000)
  from space 21824K,  97% used [0x00000007a5560000, 0x00000007a6a29830, 0x00000007a6ab0000)
  to   space 21824K,   0% used [0x00000007a6ab0000, 0x00000007a6ab0000, 0x00000007a8000000)
 concurrent mark-sweep generation total 393216K, used 165860K [0x00000007a8000000, 0x00000007c0000000, 0x00000007c0000000)
 Metaspace       used 34558K, capacity 35052K, committed 35396K, reserved 1081344K
  class space    used 3997K, capacity 4171K, committed 4192K, reserved 1048576K
}
2016-10-23T20:03:00.422+0800: 117.116: Total time for which application threads were stopped: 0.0073422 seconds, Stopping threads took: 0.0000305 seconds
{Heap before GC invocations=362 (full 14):
 par new generation   total 109248K, used 108710K [0x00000007a0000000, 0x00000007a8000000, 0x00000007a8000000)
  eden space 87424K, 100% used [0x00000007a0000000, 0x00000007a5560000, 0x00000007a5560000)
  from space 21824K,  97% used [0x00000007a5560000, 0x00000007a6a29830, 0x00000007a6ab0000)
  to   space 21824K,   0% used [0x00000007a6ab0000, 0x00000007a6ab0000, 0x00000007a8000000)
 concurrent mark-sweep generation total 393216K, used 165860K [0x00000007a8000000, 0x00000007c0000000, 0x00000007c0000000)
 Metaspace       used 34558K, capacity 35052K, committed 35396K, reserved 1081344K
  class space    used 3997K, capacity 4171K, committed 4192K, reserved 1048576K
2016-10-23T20:03:00.645+0800: 117.339: [GC (Allocation Failure) 2016-10-23T20:03:00.645+0800: 117.339: [ParNew
Desired survivor size 20112992 bytes, new threshold 8 (max 8)
- age   1:    5223824 bytes,    5223824 total
- age   2:    3021144 bytes,    8244968 total
- age   3:    4143560 bytes,   12388528 total
- age   4:    2499688 bytes,   14888216 total
- age   5:    2500600 bytes,   17388816 total
- age   6:     850632 bytes,   18239448 total
- age   7:        672 bytes,   18240120 total
- age   8:        896 bytes,   18241016 total
: 108710K->21824K(109248K), 0.0078058 secs] 274570K->191177K(502464K), 0.0078734 secs] [Times: user=0.03 sys=0.00, real=0.01 secs] 
Heap after GC invocations=363 (full 14):
 par new generation   total 109248K, used 21824K [0x00000007a0000000, 0x00000007a8000000, 0x00000007a8000000)
  eden space 87424K,   0% used [0x00000007a0000000, 0x00000007a0000000, 0x00000007a5560000)
  from space 21824K, 100% used [0x00000007a6ab0000, 0x00000007a8000000, 0x00000007a8000000)
  to   space 21824K,   0% used [0x00000007a5560000, 0x00000007a5560000, 0x00000007a6ab0000)
 concurrent mark-sweep generation total 393216K, used 169353K [0x00000007a8000000, 0x00000007c0000000, 0x00000007c0000000)
 Metaspace       used 34558K, capacity 35052K, committed 35396K, reserved 1081344K
  class space    used 3997K, capacity 4171K, committed 4192K, reserved 1048576K
}
2016-10-23T20:03:00.653+0800: 117.347: Total time for which application threads were stopped: 0.0080335 seconds, Stopping threads took: 0.0000308 seconds
{Heap before GC invocations=363 (full 14):
 par new generation   total 109248K, used 109248K [0x00000007a0000000, 0x00000007a8000000, 0x00000007a8000000)
  eden space 87424K, 100% used [0x00000007a0000000, 0x00000007a5560000, 0x00000007a5560000)
  from space 21824K, 100% used [0x00000007a6ab0000, 0x00000007a8000000, 0x00000007a8000000)
  to   space 21824K,   0% used [0x00000007a5560000, 0x00000007a5560000, 0x00000007a6ab0000)
 concurrent mark-sweep generation total 393216K, used 169353K [0x00000007a8000000, 0x00000007c0000000, 0x00000007c0000000)
 Metaspace       used 34558K, capacity 35052K, committed 35396K, reserved 1081344K
  class space    used 3997K, capacity 4171K, committed 4192K, reserved 1048576K
2016-10-23T20:03:00.878+0800: 117.571: [GC (Allocation Failure) 2016-10-23T20:03:00.878+0800: 117.571: [ParNew
Desired survivor size 20112992 bytes, new threshold 7 (max 8)
- age   1:    7179912 bytes,    7179912 total
- age   2:    2330016 bytes,    9509928 total
- age   3:    2284912 bytes,   11794840 total
- age   4:    3313952 bytes,   15108792 total
- age   5:    2351632 bytes,   17460424 total
- age   6:    2400256 bytes,   19860680 total
- age   7:     458984 bytes,   20319664 total
- age   8:        672 bytes,   20320336 total
: 109248K->21824K(109248K), 0.0087775 secs] 278601K->193933K(502464K), 0.0088355 secs] [Times: user=0.03 sys=0.00, real=0.01 secs] 
Heap after GC invocations=364 (full 14):
 par new generation   total 109248K, used 21824K [0x00000007a0000000, 0x00000007a8000000, 0x00000007a8000000)
  eden space 87424K,   0% used [0x00000007a0000000, 0x00000007a0000000, 0x00000007a5560000)
  from space 21824K, 100% used [0x00000007a5560000, 0x00000007a6ab0000, 0x00000007a6ab0000)
  to   space 21824K,   0% used [0x00000007a6ab0000, 0x00000007a6ab0000, 0x00000007a8000000)
 concurrent mark-sweep generation total 393216K, used 172109K [0x00000007a8000000, 0x00000007c0000000, 0x00000007c0000000)
 Metaspace       used 34558K, capacity 35052K, committed 35396K, reserved 1081344K
  class space    used 3997K, capacity 4171K, committed 4192K, reserved 1048576K
}
2016-10-23T20:03:00.887+0800: 117.580: Total time for which application threads were stopped: 0.0089958 seconds, Stopping threads took: 0.0000293 seconds
{Heap before GC invocations=364 (full 14):
 par new generation   total 109248K, used 109248K [0x00000007a0000000, 0x00000007a8000000, 0x00000007a8000000)
  eden space 87424K, 100% used [0x00000007a0000000, 0x00000007a5560000, 0x00000007a5560000)
  from space 21824K, 100% used [0x00000007a5560000, 0x00000007a6ab0000, 0x00000007a6ab0000)
  to   space 21824K,   0% used [0x00000007a6ab0000, 0x00000007a6ab0000, 0x00000007a8000000)
 concurrent mark-sweep generation total 393216K, used 172109K [0x00000007a8000000, 0x00000007c0000000, 0x00000007c0000000)
 Metaspace       used 34558K, capacity 35052K, committed 35396K, reserved 1081344K
  class space    used 3997K, capacity 4171K, committed 4192K, reserved 1048576K
2016-10-23T20:03:01.141+0800: 117.834: [GC (Allocation Failure) 2016-10-23T20:03:01.141+0800: 117.834: [ParNew
Desired survivor size 20112992 bytes, new threshold 6 (max 8)
- age   1:    9448656 bytes,    9448656 total
- age   2:    2329648 bytes,   11778304 total
- age   3:    1920296 bytes,   13698600 total
- age   4:    1899664 bytes,   15598264 total
- age   5:    2870296 bytes,   18468560 total
- age   6:    1895816 bytes,   20364376 total
- age   7:    1876736 bytes,   22241112 total
: 109248K->21824K(109248K), 0.0113626 secs] 281357K->198776K(502464K), 0.0114241 secs] [Times: user=0.04 sys=0.00, real=0.01 secs] 
Heap after GC invocations=365 (full 14):
 par new generation   total 109248K, used 21824K [0x00000007a0000000, 0x00000007a8000000, 0x00000007a8000000)
  eden space 87424K,   0% used [0x00000007a0000000, 0x00000007a0000000, 0x00000007a5560000)
  from space 21824K, 100% used [0x00000007a6ab0000, 0x00000007a8000000, 0x00000007a8000000)
  to   space 21824K,   0% used [0x00000007a5560000, 0x00000007a5560000, 0x00000007a6ab0000)
 concurrent mark-sweep generation total 393216K, used 176952K [0x00000007a8000000, 0x00000007c0000000, 0x00000007c0000000)
 Metaspace       used 34558K, capacity 35052K, committed 35396K, reserved 1081344K
  class space    used 3997K, capacity 4171K, committed 4192K, reserved 1048576K
}
2016-10-23T20:03:01.152+0800: 117.846: Total time for which application threads were stopped: 0.0116118 seconds, Stopping threads took: 0.0000321 seconds
{Heap before GC invocations=365 (full 14):
 par new generation   total 109248K, used 109248K [0x00000007a0000000, 0x00000007a8000000, 0x00000007a8000000)
  eden space 87424K, 100% used [0x00000007a0000000, 0x00000007a5560000, 0x00000007a5560000)
  from space 21824K, 100% used [0x00000007a6ab0000, 0x00000007a8000000, 0x00000007a8000000)
  to   space 21824K,   0% used [0x00000007a5560000, 0x00000007a5560000, 0x00000007a6ab0000)
 concurrent mark-sweep generation total 393216K, used 176952K [0x00000007a8000000, 0x00000007c0000000, 0x00000007c0000000)
 Metaspace       used 34558K, capacity 35052K, committed 35396K, reserved 1081344K
  class space    used 3997K, capacity 4171K, committed 4192K, reserved 1048576K
2016-10-23T20:03:01.386+0800: 118.080: [GC (Allocation Failure) 2016-10-23T20:03:01.386+0800: 118.080: [ParNew
Desired survivor size 20112992 bytes, new threshold 8 (max 8)
- age   1:    6173592 bytes,    6173592 total
- age   2:    3007840 bytes,    9181432 total
- age   3:    2230760 bytes,   11412192 total
- age   4:    1818136 bytes,   13230328 total
- age   5:    1801976 bytes,   15032304 total
- age   6:    1719744 bytes,   16752048 total
: 109248K->21824K(109248K), 0.0104468 secs] 286200K->207873K(502464K), 0.0105026 secs] [Times: user=0.04 sys=0.00, real=0.01 secs] 
Heap after GC invocations=366 (full 14):
 par new generation   total 109248K, used 21824K [0x00000007a0000000, 0x00000007a8000000, 0x00000007a8000000)
  eden space 87424K,   0% used [0x00000007a0000000, 0x00000007a0000000, 0x00000007a5560000)
  from space 21824K, 100% used [0x00000007a5560000, 0x00000007a6ab0000, 0x00000007a6ab0000)
  to   space 21824K,   0% used [0x00000007a6ab0000, 0x00000007a6ab0000, 0x00000007a8000000)
 concurrent mark-sweep generation total 393216K, used 186049K [0x00000007a8000000, 0x00000007c0000000, 0x00000007c0000000)
 Metaspace       used 34558K, capacity 35052K, committed 35396K, reserved 1081344K
  class space    used 3997K, capacity 4171K, committed 4192K, reserved 1048576K
}
2016-10-23T20:03:01.397+0800: 118.090: Total time for which application threads were stopped: 0.0106771 seconds, Stopping threads took: 0.0000290 seconds
{Heap before GC invocations=366 (full 14):
 par new generation   total 109248K, used 109248K [0x00000007a0000000, 0x00000007a8000000, 0x00000007a8000000)
  eden space 87424K, 100% used [0x00000007a0000000, 0x00000007a5560000, 0x00000007a5560000)
  from space 21824K, 100% used [0x00000007a5560000, 0x00000007a6ab0000, 0x00000007a6ab0000)
  to   space 21824K,   0% used [0x00000007a6ab0000, 0x00000007a6ab0000, 0x00000007a8000000)
 concurrent mark-sweep generation total 393216K, used 186049K [0x00000007a8000000, 0x00000007c0000000, 0x00000007c0000000)
 Metaspace       used 34558K, capacity 35052K, committed 35396K, reserved 1081344K
  class space    used 3997K, capacity 4171K, committed 4192K, reserved 1048576K
2016-10-23T20:03:01.635+0800: 118.329: [GC (Allocation Failure) 2016-10-23T20:03:01.635+0800: 118.329: [ParNew
Desired survivor size 20112992 bytes, new threshold 7 (max 8)
- age   1:    8531544 bytes,    8531544 total
- age   2:    2084672 bytes,   10616216 total
- age   3:    2993536 bytes,   13609752 total
- age   4:    2211672 bytes,   15821424 total
- age   5:    1674128 bytes,   17495552 total
- age   6:    1789752 bytes,   19285304 total
- age   7:    1707016 bytes,   20992320 total
: 109248K->21824K(109248K), 0.0100195 secs] 295297K->209161K(502464K), 0.0101276 secs] [Times: user=0.04 sys=0.00, real=0.01 secs] 
Heap after GC invocations=367 (full 14):
 par new generation   total 109248K, used 21824K [0x00000007a0000000, 0x00000007a8000000, 0x00000007a8000000)
  eden space 87424K,   0% used [0x00000007a0000000, 0x00000007a0000000, 0x00000007a5560000)
  from space 21824K, 100% used [0x00000007a6ab0000, 0x00000007a8000000, 0x00000007a8000000)
  to   space 21824K,   0% used [0x00000007a5560000, 0x00000007a5560000, 0x00000007a6ab0000)
 concurrent mark-sweep generation total 393216K, used 187337K [0x00000007a8000000, 0x00000007c0000000, 0x00000007c0000000)
 Metaspace       used 34558K, capacity 35052K, committed 35396K, reserved 1081344K
  class space    used 3997K, capacity 4171K, committed 4192K, reserved 1048576K
}
2016-10-23T20:03:01.645+0800: 118.339: Total time for which application threads were stopped: 0.0103390 seconds, Stopping threads took: 0.0000252 seconds
{Heap before GC invocations=367 (full 14):
 par new generation   total 109248K, used 109248K [0x00000007a0000000, 0x00000007a8000000, 0x00000007a8000000)
  eden space 87424K, 100% used [0x00000007a0000000, 0x00000007a5560000, 0x00000007a5560000)
  from space 21824K, 100% used [0x00000007a6ab0000, 0x00000007a8000000, 0x00000007a8000000)
  to   space 21824K,   0% used [0x00000007a5560000, 0x00000007a5560000, 0x00000007a6ab0000)
 concurrent mark-sweep generation total 393216K, used 187337K [0x00000007a8000000, 0x00000007c0000000, 0x00000007c0000000)
 Metaspace       used 34558K, capacity 35052K, committed 35396K, reserved 1081344K
  class space    used 3997K, capacity 4171K, committed 4192K, reserved 1048576K
2016-10-23T20:03:01.898+0800: 118.592: [GC (Allocation Failure) 2016-10-23T20:03:01.898+0800: 118.592: [ParNew
Desired survivor size 20112992 bytes, new threshold 6 (max 8)
- age   1:    9163616 bytes,    9163616 total
- age   2:    2913480 bytes,   12077096 total
- age   3:    1785216 bytes,   13862312 total
- age   4:    2890320 bytes,   16752632 total
- age   5:    2114816 bytes,   18867448 total
- age   6:    1584208 bytes,   20451656 total
- age   7:    1691736 bytes,   22143392 total
: 109248K->21824K(109248K), 0.0104068 secs] 296585K->212772K(502464K), 0.0104689 secs] [Times: user=0.04 sys=0.00, real=0.01 secs] 
Heap after GC invocations=368 (full 14):
 par new generation   total 109248K, used 21824K [0x00000007a0000000, 0x00000007a8000000, 0x00000007a8000000)
  eden space 87424K,   0% used [0x00000007a0000000, 0x00000007a0000000, 0x00000007a5560000)
  from space 21824K, 100% used [0x00000007a5560000, 0x00000007a6ab0000, 0x00000007a6ab0000)
  to   space 21824K,   0% used [0x00000007a6ab0000, 0x00000007a6ab0000, 0x00000007a8000000)
 concurrent mark-sweep generation total 393216K, used 190948K [0x00000007a8000000, 0x00000007c0000000, 0x00000007c0000000)
 Metaspace       used 34558K, capacity 35052K, committed 35396K, reserved 1081344K
  class space    used 3997K, capacity 4171K, committed 4192K, reserved 1048576K
}
2016-10-23T20:03:01.909+0800: 118.602: Total time for which application threads were stopped: 0.0106489 seconds, Stopping threads took: 0.0000251 seconds
{Heap before GC invocations=368 (full 14):
 par new generation   total 109248K, used 109248K [0x00000007a0000000, 0x00000007a8000000, 0x00000007a8000000)
  eden space 87424K, 100% used [0x00000007a0000000, 0x00000007a5560000, 0x00000007a5560000)
  from space 21824K, 100% used [0x00000007a5560000, 0x00000007a6ab0000, 0x00000007a6ab0000)
  to   space 21824K,   0% used [0x00000007a6ab0000, 0x00000007a6ab0000, 0x00000007a8000000)
 concurrent mark-sweep generation total 393216K, used 190948K [0x00000007a8000000, 0x00000007c0000000, 0x00000007c0000000)
 Metaspace       used 34558K, capacity 35052K, committed 35396K, reserved 1081344K
  class space    used 3997K, capacity 4171K, committed 4192K, reserved 1048576K
2016-10-23T20:03:02.160+0800: 118.854: [GC (Allocation Failure) 2016-10-23T20:03:02.160+0800: 118.854: [ParNew
Desired survivor size 20112992 bytes, new threshold 8 (max 8)
- age   1:    7065512 bytes,    7065512 total
- age   2:    2399712 bytes,    9465224 total
- age   3:    2687616 bytes,   12152840 total
- age   4:    1719264 bytes,   13872104 total
- age   5:    2819984 bytes,   16692088 total
- age   6:    2057384 bytes,   18749472 total
: 109248K->21824K(109248K), 0.0099569 secs] 300196K->220371K(502464K), 0.0100505 secs] [Times: user=0.03 sys=0.00, real=0.01 secs] 
Heap after GC invocations=369 (full 14):
 par new generation   total 109248K, used 21824K [0x00000007a0000000, 0x00000007a8000000, 0x00000007a8000000)
  eden space 87424K,   0% used [0x00000007a0000000, 0x00000007a0000000, 0x00000007a5560000)
  from space 21824K, 100% used [0x00000007a6ab0000, 0x00000007a8000000, 0x00000007a8000000)
  to   space 21824K,   0% used [0x00000007a5560000, 0x00000007a5560000, 0x00000007a6ab0000)
 concurrent mark-sweep generation total 393216K, used 198547K [0x00000007a8000000, 0x00000007c0000000, 0x00000007c0000000)
 Metaspace       used 34558K, capacity 35052K, committed 35396K, reserved 1081344K
  class space    used 3997K, capacity 4171K, committed 4192K, reserved 1048576K
}
2016-10-23T20:03:02.170+0800: 118.864: Total time for which application threads were stopped: 0.0102033 seconds, Stopping threads took: 0.0000213 seconds
2016-10-23T20:03:02.170+0800: 118.864: [GC (CMS Initial Mark) [1 CMS-initial-mark: 198547K(393216K)] 222119K(502464K), 0.0017358 secs] [Times: user=0.01 sys=0.00, real=0.00 secs] 
2016-10-23T20:03:02.172+0800: 118.866: Total time for which application threads were stopped: 0.0018838 seconds, Stopping threads took: 0.0000758 seconds
2016-10-23T20:03:02.172+0800: 118.866: [CMS-concurrent-mark-start]
2016-10-23T20:03:02.201+0800: 118.894: [CMS-concurrent-mark: 0.029/0.029 secs] [Times: user=0.14 sys=0.00, real=0.03 secs] 
2016-10-23T20:03:02.201+0800: 118.895: [CMS-concurrent-preclean-start]
2016-10-23T20:03:02.203+0800: 118.896: [CMS-concurrent-preclean: 0.002/0.002 secs] [Times: user=0.00 sys=0.00, real=0.00 secs] 
2016-10-23T20:03:02.203+0800: 118.896: [CMS-concurrent-abortable-preclean-start]
2016-10-23T20:03:02.307+0800: 119.001: [CMS-concurrent-abortable-preclean: 0.104/0.104 secs] [Times: user=0.21 sys=0.00, real=0.10 secs] 
2016-10-23T20:03:02.307+0800: 119.001: [GC (CMS Final Remark) [YG occupancy: 67302 K (109248 K)]{Heap before GC invocations=369 (full 15):
 par new generation   total 109248K, used 67302K [0x00000007a0000000, 0x00000007a8000000, 0x00000007a8000000)
  eden space 87424K,  52% used [0x00000007a0000000, 0x00000007a2c69918, 0x00000007a5560000)
  from space 21824K, 100% used [0x00000007a6ab0000, 0x00000007a8000000, 0x00000007a8000000)
  to   space 21824K,   0% used [0x00000007a5560000, 0x00000007a5560000, 0x00000007a6ab0000)
 concurrent mark-sweep generation total 393216K, used 198547K [0x00000007a8000000, 0x00000007c0000000, 0x00000007c0000000)
 Metaspace       used 34558K, capacity 35052K, committed 35396K, reserved 1081344K
  class space    used 3997K, capacity 4171K, committed 4192K, reserved 1048576K
2016-10-23T20:03:02.307+0800: 119.001: [GC (CMS Final Remark) 2016-10-23T20:03:02.307+0800: 119.001: [ParNew
Desired survivor size 20112992 bytes, new threshold 8 (max 8)
- age   1:     832992 bytes,     832992 total
- age   2:    5718120 bytes,    6551112 total
- age   3:    1491760 bytes,    8042872 total
- age   4:    2474680 bytes,   10517552 total
- age   5:    1678720 bytes,   12196272 total
- age   6:    2810848 bytes,   15007120 total
- age   7:    2051304 bytes,   17058424 total
: 67302K->21824K(109248K), 0.0079556 secs] 265849K->223405K(502464K), 0.0079972 secs] [Times: user=0.03 sys=0.00, real=0.01 secs] 
Heap after GC invocations=370 (full 15):
 par new generation   total 109248K, used 21824K [0x00000007a0000000, 0x00000007a8000000, 0x00000007a8000000)
  eden space 87424K,   0% used [0x00000007a0000000, 0x00000007a0000000, 0x00000007a5560000)
  from space 21824K, 100% used [0x00000007a5560000, 0x00000007a6ab0000, 0x00000007a6ab0000)
  to   space 21824K,   0% used [0x00000007a6ab0000, 0x00000007a6ab0000, 0x00000007a8000000)
 concurrent mark-sweep generation total 393216K, used 201581K [0x00000007a8000000, 0x00000007c0000000, 0x00000007c0000000)
 Metaspace       used 34558K, capacity 35052K, committed 35396K, reserved 1081344K
  class space    used 3997K, capacity 4171K, committed 4192K, reserved 1048576K
}
2016-10-23T20:03:02.315+0800: 119.009: [Rescan (parallel) , 0.0038416 secs]2016-10-23T20:03:02.319+0800: 119.013: [weak refs processing, 0.0009358 secs]2016-10-23T20:03:02.320+0800: 119.014: [class unloading, 0.0067160 secs]2016-10-23T20:03:02.327+0800: 119.021: [scrub symbol table, 0.0069649 secs]2016-10-23T20:03:02.334+0800: 119.028: [scrub string table, 0.0005334 secs][1 CMS-remark: 201581K(393216K)] 223405K(502464K), 0.0272241 secs] [Times: user=0.06 sys=0.00, real=0.03 secs] 
2016-10-23T20:03:02.335+0800: 119.028: Total time for which application threads were stopped: 0.0273819 seconds, Stopping threads took: 0.0000561 seconds
2016-10-23T20:03:02.335+0800: 119.028: [CMS-concurrent-sweep-start]
2016-10-23T20:03:02.375+0800: 119.068: [CMS-concurrent-sweep: 0.040/0.040 secs] [Times: user=0.08 sys=0.00, real=0.04 secs] 
2016-10-23T20:03:02.375+0800: 119.069: [CMS-concurrent-reset-start]
2016-10-23T20:03:02.375+0800: 119.069: [CMS-concurrent-reset: 0.000/0.000 secs] [Times: user=0.00 sys=0.00, real=0.00 secs] 
{Heap before GC invocations=370 (full 15):
 par new generation   total 109248K, used 109248K [0x00000007a0000000, 0x00000007a8000000, 0x00000007a8000000)
  eden space 87424K, 100% used [0x00000007a0000000, 0x00000007a5560000, 0x00000007a5560000)
  from space 21824K, 100% used [0x00000007a5560000, 0x00000007a6ab0000, 0x00000007a6ab0000)
  to   space 21824K,   0% used [0x00000007a6ab0000, 0x00000007a6ab0000, 0x00000007a8000000)
 concurrent mark-sweep generation total 393216K, used 102169K [0x00000007a8000000, 0x00000007c0000000, 0x00000007c0000000)
 Metaspace       used 34558K, capacity 35052K, committed 35396K, reserved 1081344K
  class space    used 3997K, capacity 4171K, committed 4192K, reserved 1048576K
2016-10-23T20:03:02.605+0800: 119.298: [GC (Allocation Failure) 2016-10-23T20:03:02.605+0800: 119.298: [ParNew
Desired survivor size 20112992 bytes, new threshold 8 (max 8)
- age   1:   10849608 bytes,   10849608 total
- age   2:     675632 bytes,   11525240 total
- age   3:    1289952 bytes,   12815192 total
- age   4:    1365160 bytes,   14180352 total
- age   5:    1970016 bytes,   16150368 total
- age   6:    1451424 bytes,   17601792 total
- age   7:     915936 bytes,   18517728 total
- age   8:    1493632 bytes,   20011360 total
: 109248K->21824K(109248K), 0.0115910 secs] 211417K->130108K(502464K), 0.0116577 secs] [Times: user=0.04 sys=0.00, real=0.01 secs] 
Heap after GC invocations=371 (full 15):
 par new generation   total 109248K, used 21824K [0x00000007a0000000, 0x00000007a8000000, 0x00000007a8000000)
  eden space 87424K,   0% used [0x00000007a0000000, 0x00000007a0000000, 0x00000007a5560000)
  from space 21824K, 100% used [0x00000007a6ab0000, 0x00000007a8000000, 0x00000007a8000000)
  to   space 21824K,   0% used [0x00000007a5560000, 0x00000007a5560000, 0x00000007a6ab0000)
 concurrent mark-sweep generation total 393216K, used 108284K [0x00000007a8000000, 0x00000007c0000000, 0x00000007c0000000)
 Metaspace       used 34558K, capacity 35052K, committed 35396K, reserved 1081344K
  class space    used 3997K, capacity 4171K, committed 4192K, reserved 1048576K
}
2016-10-23T20:03:02.616+0800: 119.310: Total time for which application threads were stopped: 0.0118228 seconds, Stopping threads took: 0.0000186 seconds
{Heap before GC invocations=371 (full 15):
 par new generation   total 109248K, used 109248K [0x00000007a0000000, 0x00000007a8000000, 0x00000007a8000000)
  eden space 87424K, 100% used [0x00000007a0000000, 0x00000007a5560000, 0x00000007a5560000)
  from space 21824K, 100% used [0x00000007a6ab0000, 0x00000007a8000000, 0x00000007a8000000)
  to   space 21824K,   0% used [0x00000007a5560000, 0x00000007a5560000, 0x00000007a6ab0000)
 concurrent mark-sweep generation total 393216K, used 108284K [0x00000007a8000000, 0x00000007c0000000, 0x00000007c0000000)
 Metaspace       used 34558K, capacity 35052K, committed 35396K, reserved 1081344K
  class space    used 3997K, capacity 4171K, committed 4192K, reserved 1048576K
2016-10-23T20:03:02.885+0800: 119.579: [GC (Allocation Failure) 2016-10-23T20:03:02.885+0800: 119.579: [ParNew
Desired survivor size 20112992 bytes, new threshold 8 (max 8)
- age   1:    2912592 bytes,    2912592 total
- age   2:    8771456 bytes,   11684048 total
- age   3:     486472 bytes,   12170520 total
- age   4:    1282456 bytes,   13452976 total
- age   5:    1350600 bytes,   14803576 total
- age   6:    1955736 bytes,   16759312 total
- age   7:    1425152 bytes,   18184464 total
- age   8:     891832 bytes,   19076296 total
: 109248K->21824K(109248K), 0.0093657 secs] 217532K->140168K(502464K), 0.0094461 secs] [Times: user=0.04 sys=0.00, real=0.01 secs] 
Heap after GC invocations=372 (full 15):
 par new generation   total 109248K, used 21824K [0x00000007a0000000, 0x00000007a8000000, 0x00000007a8000000)
  eden space 87424K,   0% used [0x00000007a0000000, 0x00000007a0000000, 0x00000007a5560000)
  from space 21824K, 100% used [0x00000007a5560000, 0x00000007a6ab0000, 0x00000007a6ab0000)
  to   space 21824K,   0% used [0x00000007a6ab0000, 0x00000007a6ab0000, 0x00000007a8000000)
 concurrent mark-sweep generation total 393216K, used 118344K [0x00000007a8000000, 0x00000007c0000000, 0x00000007c0000000)
 Metaspace       used 34558K, capacity 35052K, committed 35396K, reserved 1081344K
  class space    used 3997K, capacity 4171K, committed 4192K, reserved 1048576K
}
2016-10-23T20:03:02.894+0800: 119.588: Total time for which application threads were stopped: 0.0096130 seconds, Stopping threads took: 0.0000222 seconds
{Heap before GC invocations=372 (full 15):
 par new generation   total 109248K, used 109248K [0x00000007a0000000, 0x00000007a8000000, 0x00000007a8000000)
  eden space 87424K, 100% used [0x00000007a0000000, 0x00000007a5560000, 0x00000007a5560000)
  from space 21824K, 100% used [0x00000007a5560000, 0x00000007a6ab0000, 0x00000007a6ab0000)
  to   space 21824K,   0% used [0x00000007a6ab0000, 0x00000007a6ab0000, 0x00000007a8000000)
 concurrent mark-sweep generation total 393216K, used 118344K [0x00000007a8000000, 0x00000007c0000000, 0x00000007c0000000)
 Metaspace       used 34558K, capacity 35052K, committed 35396K, reserved 1081344K
  class space    used 3997K, capacity 4171K, committed 4192K, reserved 1048576K
2016-10-23T20:03:03.161+0800: 119.855: [GC (Allocation Failure) 2016-10-23T20:03:03.161+0800: 119.855: [ParNew
Desired survivor size 20112992 bytes, new threshold 8 (max 8)
- age   1:    6141368 bytes,    6141368 total
- age   2:    2170520 bytes,    8311888 total
- age   3:    3858592 bytes,   12170480 total
- age   4:     476744 bytes,   12647224 total
- age   5:    1276504 bytes,   13923728 total
- age   6:    1345256 bytes,   15268984 total
- age   7:    1949760 bytes,   17218744 total
- age   8:    1419832 bytes,   18638576 total
: 109248K->21824K(109248K), 0.0089794 secs] 227592K->146614K(502464K), 0.0090553 secs] [Times: user=0.04 sys=0.00, real=0.01 secs] 
Heap after GC invocations=373 (full 15):
 par new generation   total 109248K, used 21824K [0x00000007a0000000, 0x00000007a8000000, 0x00000007a8000000)
  eden space 87424K,   0% used [0x00000007a0000000, 0x00000007a0000000, 0x00000007a5560000)
  from space 21824K, 100% used [0x00000007a6ab0000, 0x00000007a8000000, 0x00000007a8000000)
  to   space 21824K,   0% used [0x00000007a5560000, 0x00000007a5560000, 0x00000007a6ab0000)
 concurrent mark-sweep generation total 393216K, used 124790K [0x00000007a8000000, 0x00000007c0000000, 0x00000007c0000000)
 Metaspace       used 34558K, capacity 35052K, committed 35396K, reserved 1081344K
  class space    used 3997K, capacity 4171K, committed 4192K, reserved 1048576K
}
2016-10-23T20:03:03.171+0800: 119.864: Total time for which application threads were stopped: 0.0092213 seconds, Stopping threads took: 0.0000298 seconds
{Heap before GC invocations=373 (full 15):
 par new generation   total 109248K, used 109248K [0x00000007a0000000, 0x00000007a8000000, 0x00000007a8000000)
  eden space 87424K, 100% used [0x00000007a0000000, 0x00000007a5560000, 0x00000007a5560000)
  from space 21824K, 100% used [0x00000007a6ab0000, 0x00000007a8000000, 0x00000007a8000000)
  to   space 21824K,   0% used [0x00000007a5560000, 0x00000007a5560000, 0x00000007a6ab0000)
 concurrent mark-sweep generation total 393216K, used 124790K [0x00000007a8000000, 0x00000007c0000000, 0x00000007c0000000)
 Metaspace       used 34558K, capacity 35052K, committed 35396K, reserved 1081344K
  class space    used 3997K, capacity 4171K, committed 4192K, reserved 1048576K
2016-10-23T20:03:03.424+0800: 120.118: [GC (Allocation Failure) 2016-10-23T20:03:03.424+0800: 120.118: [ParNew
Desired survivor size 20112992 bytes, new threshold 8 (max 8)
- age   1:    5568680 bytes,    5568680 total
- age   2:    5449680 bytes,   11018360 total
- age   3:    1094216 bytes,   12112576 total
- age   4:    3279896 bytes,   15392472 total
- age   5:     444136 bytes,   15836608 total
- age   6:    1260840 bytes,   17097448 total
- age   7:    1333272 bytes,   18430720 total
- age   8:    1937352 bytes,   20368072 total
: 109248K->21824K(109248K), 0.0106371 secs] 234038K->152198K(502464K), 0.0107219 secs] [Times: user=0.04 sys=0.00, real=0.01 secs] 
Heap after GC invocations=374 (full 15):
 par new generation   total 109248K, used 21824K [0x00000007a0000000, 0x00000007a8000000, 0x00000007a8000000)
  eden space 87424K,   0% used [0x00000007a0000000, 0x00000007a0000000, 0x00000007a5560000)
  from space 21824K, 100% used [0x00000007a5560000, 0x00000007a6ab0000, 0x00000007a6ab0000)
  to   space 21824K,   0% used [0x00000007a6ab0000, 0x00000007a6ab0000, 0x00000007a8000000)
 concurrent mark-sweep generation total 393216K, used 130374K [0x00000007a8000000, 0x00000007c0000000, 0x00000007c0000000)
 Metaspace       used 34558K, capacity 35052K, committed 35396K, reserved 1081344K
  class space    used 3997K, capacity 4171K, committed 4192K, reserved 1048576K
}
2016-10-23T20:03:03.435+0800: 120.128: Total time for which application threads were stopped: 0.0109083 seconds, Stopping threads took: 0.0000244 seconds
2016-10-23T20:03:03.586+0800: 120.279: Total time for which application threads were stopped: 0.0002579 seconds, Stopping threads took: 0.0000857 seconds
{Heap before GC invocations=374 (full 15):
 par new generation   total 109248K, used 109248K [0x00000007a0000000, 0x00000007a8000000, 0x00000007a8000000)
  eden space 87424K, 100% used [0x00000007a0000000, 0x00000007a5560000, 0x00000007a5560000)
  from space 21824K, 100% used [0x00000007a5560000, 0x00000007a6ab0000, 0x00000007a6ab0000)
  to   space 21824K,   0% used [0x00000007a6ab0000, 0x00000007a6ab0000, 0x00000007a8000000)
 concurrent mark-sweep generation total 393216K, used 130374K [0x00000007a8000000, 0x00000007c0000000, 0x00000007c0000000)
 Metaspace       used 34558K, capacity 35052K, committed 35396K, reserved 1081344K
  class space    used 3997K, capacity 4171K, committed 4192K, reserved 1048576K
2016-10-23T20:03:03.634+0800: 120.328: [GC (Allocation Failure) 2016-10-23T20:03:03.634+0800: 120.328: [ParNew
Desired survivor size 20112992 bytes, new threshold 8 (max 8)
- age   1:    8491784 bytes,    8491784 total
- age   2:    3092752 bytes,   11584536 total
- age   3:    1152808 bytes,   12737344 total
- age   4:    1032464 bytes,   13769808 total
- age   5:    2702280 bytes,   16472088 total
- age   6:     420968 bytes,   16893056 total
- age   7:    1220888 bytes,   18113944 total
- age   8:    1297032 bytes,   19410976 total
: 109248K->21824K(109248K), 0.0085189 secs] 239622K->157916K(502464K), 0.0085885 secs] [Times: user=0.03 sys=0.00, real=0.01 secs] 
Heap after GC invocations=375 (full 15):
 par new generation   total 109248K, used 21824K [0x00000007a0000000, 0x00000007a8000000, 0x00000007a8000000)
  eden space 87424K,   0% used [0x00000007a0000000, 0x00000007a0000000, 0x00000007a5560000)
  from space 21824K, 100% used [0x00000007a6ab0000, 0x00000007a8000000, 0x00000007a8000000)
  to   space 21824K,   0% used [0x00000007a5560000, 0x00000007a5560000, 0x00000007a6ab0000)
 concurrent mark-sweep generation total 393216K, used 136092K [0x00000007a8000000, 0x00000007c0000000, 0x00000007c0000000)
 Metaspace       used 34558K, capacity 35052K, committed 35396K, reserved 1081344K
  class space    used 3997K, capacity 4171K, committed 4192K, reserved 1048576K
}
2016-10-23T20:03:03.643+0800: 120.336: Total time for which application threads were stopped: 0.0087661 seconds, Stopping threads took: 0.0000311 seconds
2016-10-23T20:03:03.717+0800: 120.411: Total time for which application threads were stopped: 0.0002025 seconds, Stopping threads took: 0.0000828 seconds
2016-10-23T20:03:03.717+0800: 120.411: Total time for which application threads were stopped: 0.0001397 seconds, Stopping threads took: 0.0000519 seconds
{Heap before GC invocations=375 (full 15):
 par new generation   total 109248K, used 109248K [0x00000007a0000000, 0x00000007a8000000, 0x00000007a8000000)
  eden space 87424K, 100% used [0x00000007a0000000, 0x00000007a5560000, 0x00000007a5560000)
  from space 21824K, 100% used [0x00000007a6ab0000, 0x00000007a8000000, 0x00000007a8000000)
  to   space 21824K,   0% used [0x00000007a5560000, 0x00000007a5560000, 0x00000007a6ab0000)
 concurrent mark-sweep generation total 393216K, used 136092K [0x00000007a8000000, 0x00000007c0000000, 0x00000007c0000000)
 Metaspace       used 34559K, capacity 35052K, committed 35396K, reserved 1081344K
  class space    used 3997K, capacity 4171K, committed 4192K, reserved 1048576K
2016-10-23T20:03:03.855+0800: 120.549: [GC (Allocation Failure) 2016-10-23T20:03:03.855+0800: 120.549: [ParNew
Desired survivor size 20112992 bytes, new threshold 8 (max 8)
- age   1:    3495480 bytes,    3495480 total
- age   2:    8019160 bytes,   11514640 total
- age   3:    1872376 bytes,   13387016 total
- age   4:    1083720 bytes,   14470736 total
- age   5:     977656 bytes,   15448392 total
- age   6:    2650664 bytes,   18099056 total
- age   7:     367864 bytes,   18466920 total
- age   8:    1171192 bytes,   19638112 total
: 109248K->21824K(109248K), 0.0091628 secs] 245340K->161234K(502464K), 0.0092587 secs] [Times: user=0.03 sys=0.00, real=0.01 secs] 
Heap after GC invocations=376 (full 15):
 par new generation   total 109248K, used 21824K [0x00000007a0000000, 0x00000007a8000000, 0x00000007a8000000)
  eden space 87424K,   0% used [0x00000007a0000000, 0x00000007a0000000, 0x00000007a5560000)
  from space 21824K, 100% used [0x00000007a5560000, 0x00000007a6ab0000, 0x00000007a6ab0000)
  to   space 21824K,   0% used [0x00000007a6ab0000, 0x00000007a6ab0000, 0x00000007a8000000)
 concurrent mark-sweep generation total 393216K, used 139410K [0x00000007a8000000, 0x00000007c0000000, 0x00000007c0000000)
 Metaspace       used 34559K, capacity 35052K, committed 35396K, reserved 1081344K
  class space    used 3997K, capacity 4171K, committed 4192K, reserved 1048576K
}
2016-10-23T20:03:03.864+0800: 120.558: Total time for which application threads were stopped: 0.0126468 seconds, Stopping threads took: 0.0032531 seconds
{Heap before GC invocations=376 (full 15):
 par new generation   total 109248K, used 109248K [0x00000007a0000000, 0x00000007a8000000, 0x00000007a8000000)
  eden space 87424K, 100% used [0x00000007a0000000, 0x00000007a5560000, 0x00000007a5560000)
  from space 21824K, 100% used [0x00000007a5560000, 0x00000007a6ab0000, 0x00000007a6ab0000)
  to   space 21824K,   0% used [0x00000007a6ab0000, 0x00000007a6ab0000, 0x00000007a8000000)
 concurrent mark-sweep generation total 393216K, used 139410K [0x00000007a8000000, 0x00000007c0000000, 0x00000007c0000000)
 Metaspace       used 34559K, capacity 35052K, committed 35396K, reserved 1081344K
  class space    used 3997K, capacity 4171K, committed 4192K, reserved 1048576K
2016-10-23T20:03:04.105+0800: 120.799: [GC (Allocation Failure) 2016-10-23T20:03:04.105+0800: 120.799: [ParNew
Desired survivor size 20112992 bytes, new threshold 8 (max 8)
- age   1:    4511016 bytes,    4511016 total
- age   2:    1080640 bytes,    5591656 total
- age   3:    7405400 bytes,   12997056 total
- age   4:    1870888 bytes,   14867944 total
- age   5:    1060384 bytes,   15928328 total
- age   6:     955232 bytes,   16883560 total
- age   7:    2629808 bytes,   19513368 total
- age   8:     359856 bytes,   19873224 total
: 109248K->21824K(109248K), 0.0105798 secs] 248658K->165055K(502464K), 0.0106538 secs] [Times: user=0.03 sys=0.00, real=0.01 secs] 
Heap after GC invocations=377 (full 15):
 par new generation   total 109248K, used 21824K [0x00000007a0000000, 0x00000007a8000000, 0x00000007a8000000)
  eden space 87424K,   0% used [0x00000007a0000000, 0x00000007a0000000, 0x00000007a5560000)
  from space 21824K, 100% used [0x00000007a6ab0000, 0x00000007a8000000, 0x00000007a8000000)
  to   space 21824K,   0% used [0x00000007a5560000, 0x00000007a5560000, 0x00000007a6ab0000)
 concurrent mark-sweep generation total 393216K, used 143231K [0x00000007a8000000, 0x00000007c0000000, 0x00000007c0000000)
 Metaspace       used 34559K, capacity 35052K, committed 35396K, reserved 1081344K
  class space    used 3997K, capacity 4171K, committed 4192K, reserved 1048576K
}
2016-10-23T20:03:04.116+0800: 120.810: Total time for which application threads were stopped: 0.0108586 seconds, Stopping threads took: 0.0000426 seconds
{Heap before GC invocations=377 (full 15):
 par new generation   total 109248K, used 109248K [0x00000007a0000000, 0x00000007a8000000, 0x00000007a8000000)
  eden space 87424K, 100% used [0x00000007a0000000, 0x00000007a5560000, 0x00000007a5560000)
  from space 21824K, 100% used [0x00000007a6ab0000, 0x00000007a8000000, 0x00000007a8000000)
  to   space 21824K,   0% used [0x00000007a5560000, 0x00000007a5560000, 0x00000007a6ab0000)
 concurrent mark-sweep generation total 393216K, used 143231K [0x00000007a8000000, 0x00000007c0000000, 0x00000007c0000000)
 Metaspace       used 34559K, capacity 35052K, committed 35396K, reserved 1081344K
  class space    used 3997K, capacity 4171K, committed 4192K, reserved 1048576K
2016-10-23T20:03:04.218+0800: 120.912: [GC (Allocation Failure) 2016-10-23T20:03:04.218+0800: 120.912: [ParNew
Desired survivor size 20112992 bytes, new threshold 8 (max 8)
- age   1:    2946328 bytes,    2946328 total
- age   2:    2400624 bytes,    5346952 total
- age   3:    1077440 bytes,    6424392 total
- age   4:    7233248 bytes,   13657640 total
- age   5:    1853240 bytes,   15510880 total
- age   6:    1059096 bytes,   16569976 total
- age   7:     954136 bytes,   17524112 total
- age   8:    2628944 bytes,   20153056 total
: 109248K->21824K(109248K), 0.0086776 secs] 252479K->166408K(502464K), 0.0087640 secs] [Times: user=0.04 sys=0.00, real=0.01 secs] 
Heap after GC invocations=378 (full 15):
 par new generation   total 109248K, used 21824K [0x00000007a0000000, 0x00000007a8000000, 0x00000007a8000000)
  eden space 87424K,   0% used [0x00000007a0000000, 0x00000007a0000000, 0x00000007a5560000)
  from space 21824K, 100% used [0x00000007a5560000, 0x00000007a6ab0000, 0x00000007a6ab0000)
  to   space 21824K,   0% used [0x00000007a6ab0000, 0x00000007a6ab0000, 0x00000007a8000000)
 concurrent mark-sweep generation total 393216K, used 144584K [0x00000007a8000000, 0x00000007c0000000, 0x00000007c0000000)
 Metaspace       used 34559K, capacity 35052K, committed 35396K, reserved 1081344K
  class space    used 3997K, capacity 4171K, committed 4192K, reserved 1048576K
}
2016-10-23T20:03:04.227+0800: 120.921: Total time for which application threads were stopped: 0.0091037 seconds, Stopping threads took: 0.0001568 seconds
{Heap before GC invocations=378 (full 15):
 par new generation   total 109248K, used 109248K [0x00000007a0000000, 0x00000007a8000000, 0x00000007a8000000)
  eden space 87424K, 100% used [0x00000007a0000000, 0x00000007a5560000, 0x00000007a5560000)
  from space 21824K, 100% used [0x00000007a5560000, 0x00000007a6ab0000, 0x00000007a6ab0000)
  to   space 21824K,   0% used [0x00000007a6ab0000, 0x00000007a6ab0000, 0x00000007a8000000)
 concurrent mark-sweep generation total 393216K, used 144584K [0x00000007a8000000, 0x00000007c0000000, 0x00000007c0000000)
 Metaspace       used 34559K, capacity 35052K, committed 35396K, reserved 1081344K
  class space    used 3997K, capacity 4171K, committed 4192K, reserved 1048576K
2016-10-23T20:03:04.292+0800: 120.986: [GC (Allocation Failure) 2016-10-23T20:03:04.292+0800: 120.986: [ParNew
Desired survivor size 20112992 bytes, new threshold 8 (max 8)
- age   1:    2945712 bytes,    2945712 total
- age   2:    1690080 bytes,    4635792 total
- age   3:    2398288 bytes,    7034080 total
- age   4:    1078664 bytes,    8112744 total
- age   5:    7233464 bytes,   15346208 total
- age   6:    1820456 bytes,   17166664 total
- age   7:    1059096 bytes,   18225760 total
- age   8:     954136 bytes,   19179896 total
: 109248K->21824K(109248K), 0.0073816 secs] 253832K->168983K(502464K), 0.0075213 secs] [Times: user=0.03 sys=0.00, real=0.00 secs] 
Heap after GC invocations=379 (full 15):
 par new generation   total 109248K, used 21824K [0x00000007a0000000, 0x00000007a8000000, 0x00000007a8000000)
  eden space 87424K,   0% used [0x00000007a0000000, 0x00000007a0000000, 0x00000007a5560000)
  from space 21824K, 100% used [0x00000007a6ab0000, 0x00000007a8000000, 0x00000007a8000000)
  to   space 21824K,   0% used [0x00000007a5560000, 0x00000007a5560000, 0x00000007a6ab0000)
 concurrent mark-sweep generation total 393216K, used 147159K [0x00000007a8000000, 0x00000007c0000000, 0x00000007c0000000)
 Metaspace       used 34559K, capacity 35052K, committed 35396K, reserved 1081344K
  class space    used 3997K, capacity 4171K, committed 4192K, reserved 1048576K
}
2016-10-23T20:03:04.299+0800: 120.993: Total time for which application threads were stopped: 0.0077733 seconds, Stopping threads took: 0.0000979 seconds
{Heap before GC invocations=379 (full 15):
 par new generation   total 109248K, used 109248K [0x00000007a0000000, 0x00000007a8000000, 0x00000007a8000000)
  eden space 87424K, 100% used [0x00000007a0000000, 0x00000007a5560000, 0x00000007a5560000)
  from space 21824K, 100% used [0x00000007a6ab0000, 0x00000007a8000000, 0x00000007a8000000)
  to   space 21824K,   0% used [0x00000007a5560000, 0x00000007a5560000, 0x00000007a6ab0000)
 concurrent mark-sweep generation total 393216K, used 147159K [0x00000007a8000000, 0x00000007c0000000, 0x00000007c0000000)
 Metaspace       used 34559K, capacity 35052K, committed 35396K, reserved 1081344K
  class space    used 3997K, capacity 4171K, committed 4192K, reserved 1048576K
2016-10-23T20:03:04.364+0800: 121.057: [GC (Allocation Failure) 2016-10-23T20:03:04.364+0800: 121.057: [ParNew
Desired survivor size 20112992 bytes, new threshold 8 (max 8)
- age   1:    2404416 bytes,    2404416 total
- age   2:    2541192 bytes,    4945608 total
- age   3:     759976 bytes,    5705584 total
- age   4:    1771872 bytes,    7477456 total
- age   5:    1075400 bytes,    8552856 total
- age   6:    7168544 bytes,   15721400 total
- age   7:    1772488 bytes,   17493888 total
- age   8:    1034696 bytes,   18528584 total
: 109248K->21824K(109248K), 0.0070886 secs] 256407K->170950K(502464K), 0.0071536 secs] [Times: user=0.02 sys=0.00, real=0.01 secs] 
Heap after GC invocations=380 (full 15):
 par new generation   total 109248K, used 21824K [0x00000007a0000000, 0x00000007a8000000, 0x00000007a8000000)
  eden space 87424K,   0% used [0x00000007a0000000, 0x00000007a0000000, 0x00000007a5560000)
  from space 21824K, 100% used [0x00000007a5560000, 0x00000007a6ab0000, 0x00000007a6ab0000)
  to   space 21824K,   0% used [0x00000007a6ab0000, 0x00000007a6ab0000, 0x00000007a8000000)
 concurrent mark-sweep generation total 393216K, used 149126K [0x00000007a8000000, 0x00000007c0000000, 0x00000007c0000000)
 Metaspace       used 34559K, capacity 35052K, committed 35396K, reserved 1081344K
  class space    used 3997K, capacity 4171K, committed 4192K, reserved 1048576K
}
2016-10-23T20:03:04.371+0800: 121.065: Total time for which application threads were stopped: 0.0074160 seconds, Stopping threads took: 0.0001097 seconds
{Heap before GC invocations=380 (full 15):
 par new generation   total 109248K, used 109248K [0x00000007a0000000, 0x00000007a8000000, 0x00000007a8000000)
  eden space 87424K, 100% used [0x00000007a0000000, 0x00000007a5560000, 0x00000007a5560000)
  from space 21824K, 100% used [0x00000007a5560000, 0x00000007a6ab0000, 0x00000007a6ab0000)
  to   space 21824K,   0% used [0x00000007a6ab0000, 0x00000007a6ab0000, 0x00000007a8000000)
 concurrent mark-sweep generation total 393216K, used 149126K [0x00000007a8000000, 0x00000007c0000000, 0x00000007c0000000)
 Metaspace       used 34559K, capacity 35052K, committed 35396K, reserved 1081344K
  class space    used 3997K, capacity 4171K, committed 4192K, reserved 1048576K
2016-10-23T20:03:04.440+0800: 121.134: [GC (Allocation Failure) 2016-10-23T20:03:04.440+0800: 121.134: [ParNew
Desired survivor size 20112992 bytes, new threshold 8 (max 8)
- age   1:    3158888 bytes,    3158888 total
- age   2:    1842640 bytes,    5001528 total
- age   3:    1206832 bytes,    6208360 total
- age   4:     617928 bytes,    6826288 total
- age   5:    1555456 bytes,    8381744 total
- age   6:    1006696 bytes,    9388440 total
- age   7:    6366584 bytes,   15755024 total
- age   8:    1770904 bytes,   17525928 total
: 109248K->21824K(109248K), 0.0071995 secs] 258374K->174002K(502464K), 0.0072611 secs] [Times: user=0.02 sys=0.00, real=0.00 secs] 
Heap after GC invocations=381 (full 15):
 par new generation   total 109248K, used 21824K [0x00000007a0000000, 0x00000007a8000000, 0x00000007a8000000)
  eden space 87424K,   0% used [0x00000007a0000000, 0x00000007a0000000, 0x00000007a5560000)
  from space 21824K, 100% used [0x00000007a6ab0000, 0x00000007a8000000, 0x00000007a8000000)
  to   space 21824K,   0% used [0x00000007a5560000, 0x00000007a5560000, 0x00000007a6ab0000)
 concurrent mark-sweep generation total 393216K, used 152178K [0x00000007a8000000, 0x00000007c0000000, 0x00000007c0000000)
 Metaspace       used 34559K, capacity 35052K, committed 35396K, reserved 1081344K
  class space    used 3997K, capacity 4171K, committed 4192K, reserved 1048576K
}
2016-10-23T20:03:04.448+0800: 121.141: Total time for which application threads were stopped: 0.0075404 seconds, Stopping threads took: 0.0001084 seconds
2016-10-23T20:03:04.563+0800: 121.257: Total time for which application threads were stopped: 0.0002232 seconds, Stopping threads took: 0.0000639 seconds
2016-10-23T20:03:04.564+0800: 121.258: Total time for which application threads were stopped: 0.0001277 seconds, Stopping threads took: 0.0000543 seconds
2016-10-23T20:03:04.565+0800: 121.258: Total time for which application threads were stopped: 0.0000850 seconds, Stopping threads took: 0.0000209 seconds
2016-10-23T20:03:04.566+0800: 121.260: Total time for which application threads were stopped: 0.0001230 seconds, Stopping threads took: 0.0000520 seconds
{Heap before GC invocations=381 (full 15):
 par new generation   total 109248K, used 109248K [0x00000007a0000000, 0x00000007a8000000, 0x00000007a8000000)
  eden space 87424K, 100% used [0x00000007a0000000, 0x00000007a5560000, 0x00000007a5560000)
  from space 21824K, 100% used [0x00000007a6ab0000, 0x00000007a8000000, 0x00000007a8000000)
  to   space 21824K,   0% used [0x00000007a5560000, 0x00000007a5560000, 0x00000007a6ab0000)
 concurrent mark-sweep generation total 393216K, used 152178K [0x00000007a8000000, 0x00000007c0000000, 0x00000007c0000000)
 Metaspace       used 34565K, capacity 35052K, committed 35396K, reserved 1081344K
  class space    used 3997K, capacity 4171K, committed 4192K, reserved 1048576K
2016-10-23T20:03:04.567+0800: 121.261: [GC (Allocation Failure) 2016-10-23T20:03:04.567+0800: 121.261: [ParNew
Desired survivor size 20112992 bytes, new threshold 8 (max 8)
- age   1:    4912968 bytes,    4912968 total
- age   2:     945784 bytes,    5858752 total
- age   3:    1756216 bytes,    7614968 total
- age   4:    1193784 bytes,    8808752 total
- age   5:     613544 bytes,    9422296 total
- age   6:    1552320 bytes,   10974616 total
- age   7:    1003816 bytes,   11978432 total
- age   8:    6354536 bytes,   18332968 total
: 109248K->21824K(109248K), 0.0070208 secs] 261426K->175745K(502464K), 0.0070846 secs] [Times: user=0.02 sys=0.00, real=0.01 secs] 
Heap after GC invocations=382 (full 15):
 par new generation   total 109248K, used 21824K [0x00000007a0000000, 0x00000007a8000000, 0x00000007a8000000)
  eden space 87424K,   0% used [0x00000007a0000000, 0x00000007a0000000, 0x00000007a5560000)
  from space 21824K, 100% used [0x00000007a5560000, 0x00000007a6ab0000, 0x00000007a6ab0000)
  to   space 21824K,   0% used [0x00000007a6ab0000, 0x00000007a6ab0000, 0x00000007a8000000)
 concurrent mark-sweep generation total 393216K, used 153921K [0x00000007a8000000, 0x00000007c0000000, 0x00000007c0000000)
 Metaspace       used 34565K, capacity 35052K, committed 35396K, reserved 1081344K
  class space    used 3997K, capacity 4171K, committed 4192K, reserved 1048576K
}
2016-10-23T20:03:04.575+0800: 121.268: Total time for which application threads were stopped: 0.0072476 seconds, Stopping threads took: 0.0000474 seconds
2016-10-23T20:03:04.653+0800: 121.347: Total time for which application threads were stopped: 0.0001959 seconds, Stopping threads took: 0.0001026 seconds
2016-10-23T20:03:04.693+0800: 121.386: Total time for which application threads were stopped: 0.0002188 seconds, Stopping threads took: 0.0000656 seconds
2016-10-23T20:03:04.693+0800: 121.387: Total time for which application threads were stopped: 0.0001351 seconds, Stopping threads took: 0.0000532 seconds
{Heap before GC invocations=382 (full 15):
 par new generation   total 109248K, used 109248K [0x00000007a0000000, 0x00000007a8000000, 0x00000007a8000000)
  eden space 87424K, 100% used [0x00000007a0000000, 0x00000007a5560000, 0x00000007a5560000)
  from space 21824K, 100% used [0x00000007a5560000, 0x00000007a6ab0000, 0x00000007a6ab0000)
  to   space 21824K,   0% used [0x00000007a6ab0000, 0x00000007a6ab0000, 0x00000007a8000000)
 concurrent mark-sweep generation total 393216K, used 153921K [0x00000007a8000000, 0x00000007c0000000, 0x00000007c0000000)
 Metaspace       used 34569K, capacity 35052K, committed 35396K, reserved 1081344K
  class space    used 3997K, capacity 4171K, committed 4192K, reserved 1048576K
2016-10-23T20:03:04.765+0800: 121.459: [GC (Allocation Failure) 2016-10-23T20:03:04.765+0800: 121.459: [ParNew
Desired survivor size 20112992 bytes, new threshold 8 (max 8)
- age   1:    6590368 bytes,    6590368 total
- age   2:    2990728 bytes,    9581096 total
- age   3:     770584 bytes,   10351680 total
- age   4:    1729040 bytes,   12080720 total
- age   5:    1134056 bytes,   13214776 total
- age   6:     567832 bytes,   13782608 total
- age   7:    1282560 bytes,   15065168 total
- age   8:     913136 bytes,   15978304 total
: 109248K->21824K(109248K), 0.0076796 secs] 263169K->181857K(502464K), 0.0077360 secs] [Times: user=0.04 sys=0.00, real=0.01 secs] 
Heap after GC invocations=383 (full 15):
 par new generation   total 109248K, used 21824K [0x00000007a0000000, 0x00000007a8000000, 0x00000007a8000000)
  eden space 87424K,   0% used [0x00000007a0000000, 0x00000007a0000000, 0x00000007a5560000)
  from space 21824K, 100% used [0x00000007a6ab0000, 0x00000007a8000000, 0x00000007a8000000)
  to   space 21824K,   0% used [0x00000007a5560000, 0x00000007a5560000, 0x00000007a6ab0000)
 concurrent mark-sweep generation total 393216K, used 160033K [0x00000007a8000000, 0x00000007c0000000, 0x00000007c0000000)
 Metaspace       used 34569K, capacity 35052K, committed 35396K, reserved 1081344K
  class space    used 3997K, capacity 4171K, committed 4192K, reserved 1048576K
}
2016-10-23T20:03:04.773+0800: 121.467: Total time for which application threads were stopped: 0.0079106 seconds, Stopping threads took: 0.0000486 seconds
{Heap before GC invocations=383 (full 15):
 par new generation   total 109248K, used 109248K [0x00000007a0000000, 0x00000007a8000000, 0x00000007a8000000)
  eden space 87424K, 100% used [0x00000007a0000000, 0x00000007a5560000, 0x00000007a5560000)
  from space 21824K, 100% used [0x00000007a6ab0000, 0x00000007a8000000, 0x00000007a8000000)
  to   space 21824K,   0% used [0x00000007a5560000, 0x00000007a5560000, 0x00000007a6ab0000)
 concurrent mark-sweep generation total 393216K, used 160033K [0x00000007a8000000, 0x00000007c0000000, 0x00000007c0000000)
 Metaspace       used 34569K, capacity 35052K, committed 35396K, reserved 1081344K
  class space    used 3997K, capacity 4171K, committed 4192K, reserved 1048576K
2016-10-23T20:03:04.836+0800: 121.530: [GC (Allocation Failure) 2016-10-23T20:03:04.836+0800: 121.530: [ParNew
Desired survivor size 20112992 bytes, new threshold 8 (max 8)
- age   1:    1963048 bytes,    1963048 total
- age   2:    5751216 bytes,    7714264 total
- age   3:    2990728 bytes,   10704992 total
- age   4:     770584 bytes,   11475576 total
- age   5:    1729040 bytes,   13204616 total
- age   6:    1134056 bytes,   14338672 total
- age   7:     567832 bytes,   14906504 total
- age   8:    1282560 bytes,   16189064 total
: 109248K->20510K(109248K), 0.0056152 secs] 269281K->181452K(502464K), 0.0056800 secs] [Times: user=0.02 sys=0.00, real=0.01 secs] 
Heap after GC invocations=384 (full 15):
 par new generation   total 109248K, used 20510K [0x00000007a0000000, 0x00000007a8000000, 0x00000007a8000000)
  eden space 87424K,   0% used [0x00000007a0000000, 0x00000007a0000000, 0x00000007a5560000)
  from space 21824K,  93% used [0x00000007a5560000, 0x00000007a69678e8, 0x00000007a6ab0000)
  to   space 21824K,   0% used [0x00000007a6ab0000, 0x00000007a6ab0000, 0x00000007a8000000)
 concurrent mark-sweep generation total 393216K, used 160941K [0x00000007a8000000, 0x00000007c0000000, 0x00000007c0000000)
 Metaspace       used 34569K, capacity 35052K, committed 35396K, reserved 1081344K
  class space    used 3997K, capacity 4171K, committed 4192K, reserved 1048576K
}
2016-10-23T20:03:04.842+0800: 121.536: Total time for which application threads were stopped: 0.0058847 seconds, Stopping threads took: 0.0000681 seconds
2016-10-23T20:03:04.877+0800: 121.571: Total time for which application threads were stopped: 0.0001775 seconds, Stopping threads took: 0.0000866 seconds
2016-10-23T20:03:04.877+0800: 121.571: Total time for which application threads were stopped: 0.0001646 seconds, Stopping threads took: 0.0000763 seconds
2016-10-23T20:03:04.878+0800: 121.572: Total time for which application threads were stopped: 0.0001774 seconds, Stopping threads took: 0.0001311 seconds
2016-10-23T20:03:04.880+0800: 121.574: Total time for which application threads were stopped: 0.0001217 seconds, Stopping threads took: 0.0000325 seconds
2016-10-23T20:03:04.880+0800: 121.574: Total time for which application threads were stopped: 0.0000936 seconds, Stopping threads took: 0.0000346 seconds
2016-10-23T20:03:04.881+0800: 121.574: Total time for which application threads were stopped: 0.0000711 seconds, Stopping threads took: 0.0000195 seconds
2016-10-23T20:03:04.881+0800: 121.574: Total time for which application threads were stopped: 0.0000987 seconds, Stopping threads took: 0.0000491 seconds
2016-10-23T20:03:04.882+0800: 121.576: Total time for which application threads were stopped: 0.0001598 seconds, Stopping threads took: 0.0000617 seconds
{Heap before GC invocations=384 (full 15):
 par new generation   total 109248K, used 107934K [0x00000007a0000000, 0x00000007a8000000, 0x00000007a8000000)
  eden space 87424K, 100% used [0x00000007a0000000, 0x00000007a5560000, 0x00000007a5560000)
  from space 21824K,  93% used [0x00000007a5560000, 0x00000007a69678e8, 0x00000007a6ab0000)
  to   space 21824K,   0% used [0x00000007a6ab0000, 0x00000007a6ab0000, 0x00000007a8000000)
 concurrent mark-sweep generation total 393216K, used 160941K [0x00000007a8000000, 0x00000007c0000000, 0x00000007c0000000)
 Metaspace       used 34651K, capacity 35116K, committed 35396K, reserved 1081344K
  class space    used 4009K, capacity 4171K, committed 4192K, reserved 1048576K
2016-10-23T20:03:05.064+0800: 121.758: [GC (Allocation Failure) 2016-10-23T20:03:05.064+0800: 121.758: [ParNew
Desired survivor size 20112992 bytes, new threshold 8 (max 8)
- age   1:    3927936 bytes,    3927936 total
- age   2:     619768 bytes,    4547704 total
- age   3:    5460712 bytes,   10008416 total
- age   4:    2863944 bytes,   12872360 total
- age   5:     700928 bytes,   13573288 total
- age   6:    1672608 bytes,   15245896 total
- age   7:    1074496 bytes,   16320392 total
- age   8:     467160 bytes,   16787552 total
: 107934K->21824K(109248K), 0.0058923 secs] 268876K->185201K(502464K), 0.0059652 secs] [Times: user=0.02 sys=0.01, real=0.01 secs] 
Heap after GC invocations=385 (full 15):
 par new generation   total 109248K, used 21824K [0x00000007a0000000, 0x00000007a8000000, 0x00000007a8000000)
  eden space 87424K,   0% used [0x00000007a0000000, 0x00000007a0000000, 0x00000007a5560000)
  from space 21824K, 100% used [0x00000007a6ab0000, 0x00000007a8000000, 0x00000007a8000000)
  to   space 21824K,   0% used [0x00000007a5560000, 0x00000007a5560000, 0x00000007a6ab0000)
 concurrent mark-sweep generation total 393216K, used 163377K [0x00000007a8000000, 0x00000007c0000000, 0x00000007c0000000)
 Metaspace       used 34651K, capacity 35116K, committed 35396K, reserved 1081344K
  class space    used 4009K, capacity 4171K, committed 4192K, reserved 1048576K
}
2016-10-23T20:03:05.070+0800: 121.764: Total time for which application threads were stopped: 0.0061320 seconds, Stopping threads took: 0.0000225 seconds
{Heap before GC invocations=385 (full 15):
 par new generation   total 109248K, used 109248K [0x00000007a0000000, 0x00000007a8000000, 0x00000007a8000000)
  eden space 87424K, 100% used [0x00000007a0000000, 0x00000007a5560000, 0x00000007a5560000)
  from space 21824K, 100% used [0x00000007a6ab0000, 0x00000007a8000000, 0x00000007a8000000)
  to   space 21824K,   0% used [0x00000007a5560000, 0x00000007a5560000, 0x00000007a6ab0000)
 concurrent mark-sweep generation total 393216K, used 163377K [0x00000007a8000000, 0x00000007c0000000, 0x00000007c0000000)
 Metaspace       used 34651K, capacity 35116K, committed 35396K, reserved 1081344K
  class space    used 4009K, capacity 4171K, committed 4192K, reserved 1048576K
2016-10-23T20:03:05.337+0800: 122.030: [GC (Allocation Failure) 2016-10-23T20:03:05.337+0800: 122.030: [ParNew
Desired survivor size 20112992 bytes, new threshold 8 (max 8)
- age   1:    4920584 bytes,    4920584 total
- age   2:    2576712 bytes,    7497296 total
- age   3:     576552 bytes,    8073848 total
- age   4:    5378488 bytes,   13452336 total
- age   5:    2860008 bytes,   16312344 total
- age   6:     697792 bytes,   17010136 total
- age   7:    1669856 bytes,   18679992 total
- age   8:    1071584 bytes,   19751576 total
: 109248K->21824K(109248K), 0.0056302 secs] 272625K->186464K(502464K), 0.0056761 secs] [Times: user=0.02 sys=0.00, real=0.01 secs] 
Heap after GC invocations=386 (full 15):
 par new generation   total 109248K, used 21824K [0x00000007a0000000, 0x00000007a8000000, 0x00000007a8000000)
  eden space 87424K,   0% used [0x00000007a0000000, 0x00000007a0000000, 0x00000007a5560000)
  from space 21824K, 100% used [0x00000007a5560000, 0x00000007a6ab0000, 0x00000007a6ab0000)
  to   space 21824K,   0% used [0x00000007a6ab0000, 0x00000007a6ab0000, 0x00000007a8000000)
 concurrent mark-sweep generation total 393216K, used 164640K [0x00000007a8000000, 0x00000007c0000000, 0x00000007c0000000)
 Metaspace       used 34651K, capacity 35116K, committed 35396K, reserved 1081344K
  class space    used 4009K, capacity 4171K, committed 4192K, reserved 1048576K
}
2016-10-23T20:03:05.342+0800: 122.036: Total time for which application threads were stopped: 0.0058260 seconds, Stopping threads took: 0.0000192 seconds
2016-10-23T20:03:05.359+0800: 122.053: Total time for which application threads were stopped: 0.0001935 seconds, Stopping threads took: 0.0000948 seconds
{Heap before GC invocations=386 (full 15):
 par new generation   total 109248K, used 109248K [0x00000007a0000000, 0x00000007a8000000, 0x00000007a8000000)
  eden space 87424K, 100% used [0x00000007a0000000, 0x00000007a5560000, 0x00000007a5560000)
  from space 21824K, 100% used [0x00000007a5560000, 0x00000007a6ab0000, 0x00000007a6ab0000)
  to   space 21824K,   0% used [0x00000007a6ab0000, 0x00000007a6ab0000, 0x00000007a8000000)
 concurrent mark-sweep generation total 393216K, used 164640K [0x00000007a8000000, 0x00000007c0000000, 0x00000007c0000000)
 Metaspace       used 34651K, capacity 35116K, committed 35396K, reserved 1081344K
  class space    used 4009K, capacity 4171K, committed 4192K, reserved 1048576K
2016-10-23T20:03:05.605+0800: 122.299: [GC (Allocation Failure) 2016-10-23T20:03:05.605+0800: 122.299: [ParNew
Desired survivor size 20112992 bytes, new threshold 8 (max 8)
- age   1:    5087216 bytes,    5087216 total
- age   2:    2357464 bytes,    7444680 total
- age   3:    2259560 bytes,    9704240 total
- age   4:     540880 bytes,   10245120 total
- age   5:    3842792 bytes,   14087912 total
- age   6:    2668280 bytes,   16756192 total
- age   7:     695168 bytes,   17451360 total
- age   8:    1668576 bytes,   19119936 total
: 109248K->21824K(109248K), 0.0070411 secs] 273888K->192132K(502464K), 0.0071212 secs] [Times: user=0.03 sys=0.00, real=0.01 secs] 
Heap after GC invocations=387 (full 15):
 par new generation   total 109248K, used 21824K [0x00000007a0000000, 0x00000007a8000000, 0x00000007a8000000)
  eden space 87424K,   0% used [0x00000007a0000000, 0x00000007a0000000, 0x00000007a5560000)
  from space 21824K, 100% used [0x00000007a6ab0000, 0x00000007a8000000, 0x00000007a8000000)
  to   space 21824K,   0% used [0x00000007a5560000, 0x00000007a5560000, 0x00000007a6ab0000)
 concurrent mark-sweep generation total 393216K, used 170308K [0x00000007a8000000, 0x00000007c0000000, 0x00000007c0000000)
 Metaspace       used 34651K, capacity 35116K, committed 35396K, reserved 1081344K
  class space    used 4009K, capacity 4171K, committed 4192K, reserved 1048576K
}
2016-10-23T20:03:05.613+0800: 122.306: Total time for which application threads were stopped: 0.0073078 seconds, Stopping threads took: 0.0000314 seconds
{Heap before GC invocations=387 (full 15):
 par new generation   total 109248K, used 109248K [0x00000007a0000000, 0x00000007a8000000, 0x00000007a8000000)
  eden space 87424K, 100% used [0x00000007a0000000, 0x00000007a5560000, 0x00000007a5560000)
  from space 21824K, 100% used [0x00000007a6ab0000, 0x00000007a8000000, 0x00000007a8000000)
  to   space 21824K,   0% used [0x00000007a5560000, 0x00000007a5560000, 0x00000007a6ab0000)
 concurrent mark-sweep generation total 393216K, used 170308K [0x00000007a8000000, 0x00000007c0000000, 0x00000007c0000000)
 Metaspace       used 34652K, capacity 35116K, committed 35396K, reserved 1081344K
  class space    used 4009K, capacity 4171K, committed 4192K, reserved 1048576K
2016-10-23T20:03:05.868+0800: 122.562: [GC (Allocation Failure) 2016-10-23T20:03:05.868+0800: 122.562: [ParNew
Desired survivor size 20112992 bytes, new threshold 8 (max 8)
- age   1:    5689304 bytes,    5689304 total
- age   2:    2772392 bytes,    8461696 total
- age   3:    2292200 bytes,   10753896 total
- age   4:    2030240 bytes,   12784136 total
- age   5:     540904 bytes,   13325040 total
- age   6:    3842936 bytes,   17167976 total
- age   7:    2668264 bytes,   19836240 total
- age   8:     695168 bytes,   20531408 total
: 109248K->21824K(109248K), 0.0063465 secs] 279556K->196164K(502464K), 0.0063969 secs] [Times: user=0.03 sys=0.00, real=0.01 secs] 
Heap after GC invocations=388 (full 15):
 par new generation   total 109248K, used 21824K [0x00000007a0000000, 0x00000007a8000000, 0x00000007a8000000)
  eden space 87424K,   0% used [0x00000007a0000000, 0x00000007a0000000, 0x00000007a5560000)
  from space 21824K, 100% used [0x00000007a5560000, 0x00000007a6ab0000, 0x00000007a6ab0000)
  to   space 21824K,   0% used [0x00000007a6ab0000, 0x00000007a6ab0000, 0x00000007a8000000)
 concurrent mark-sweep generation total 393216K, used 174340K [0x00000007a8000000, 0x00000007c0000000, 0x00000007c0000000)
 Metaspace       used 34652K, capacity 35116K, committed 35396K, reserved 1081344K
  class space    used 4009K, capacity 4171K, committed 4192K, reserved 1048576K
}
2016-10-23T20:03:05.875+0800: 122.569: Total time for which application threads were stopped: 0.0065608 seconds, Stopping threads took: 0.0000292 seconds
{Heap before GC invocations=388 (full 15):
 par new generation   total 109248K, used 109248K [0x00000007a0000000, 0x00000007a8000000, 0x00000007a8000000)
  eden space 87424K, 100% used [0x00000007a0000000, 0x00000007a5560000, 0x00000007a5560000)
  from space 21824K, 100% used [0x00000007a5560000, 0x00000007a6ab0000, 0x00000007a6ab0000)
  to   space 21824K,   0% used [0x00000007a6ab0000, 0x00000007a6ab0000, 0x00000007a8000000)
 concurrent mark-sweep generation total 393216K, used 174340K [0x00000007a8000000, 0x00000007c0000000, 0x00000007c0000000)
 Metaspace       used 34652K, capacity 35116K, committed 35396K, reserved 1081344K
  class space    used 4009K, capacity 4171K, committed 4192K, reserved 1048576K
2016-10-23T20:03:06.140+0800: 122.834: [GC (Allocation Failure) 2016-10-23T20:03:06.140+0800: 122.834: [ParNew
Desired survivor size 20112992 bytes, new threshold 8 (max 8)
- age   1:    6234984 bytes,    6234984 total
- age   2:    1827608 bytes,    8062592 total
- age   3:    2707376 bytes,   10769968 total
- age   4:    2263704 bytes,   13033672 total
- age   5:    1614960 bytes,   14648632 total
- age   6:     238720 bytes,   14887352 total
- age   7:    3391640 bytes,   18278992 total
- age   8:    2094472 bytes,   20373464 total
: 109248K->21824K(109248K), 0.0073266 secs] 283588K->199688K(502464K), 0.0073971 secs] [Times: user=0.03 sys=0.00, real=0.00 secs] 
Heap after GC invocations=389 (full 15):
 par new generation   total 109248K, used 21824K [0x00000007a0000000, 0x00000007a8000000, 0x00000007a8000000)
  eden space 87424K,   0% used [0x00000007a0000000, 0x00000007a0000000, 0x00000007a5560000)
  from space 21824K, 100% used [0x00000007a6ab0000, 0x00000007a8000000, 0x00000007a8000000)
  to   space 21824K,   0% used [0x00000007a5560000, 0x00000007a5560000, 0x00000007a6ab0000)
 concurrent mark-sweep generation total 393216K, used 177864K [0x00000007a8000000, 0x00000007c0000000, 0x00000007c0000000)
 Metaspace       used 34652K, capacity 35116K, committed 35396K, reserved 1081344K
  class space    used 4009K, capacity 4171K, committed 4192K, reserved 1048576K
}
2016-10-23T20:03:06.148+0800: 122.841: Total time for which application threads were stopped: 0.0075623 seconds, Stopping threads took: 0.0000209 seconds
{Heap before GC invocations=389 (full 15):
 par new generation   total 109248K, used 109248K [0x00000007a0000000, 0x00000007a8000000, 0x00000007a8000000)
  eden space 87424K, 100% used [0x00000007a0000000, 0x00000007a5560000, 0x00000007a5560000)
  from space 21824K, 100% used [0x00000007a6ab0000, 0x00000007a8000000, 0x00000007a8000000)
  to   space 21824K,   0% used [0x00000007a5560000, 0x00000007a5560000, 0x00000007a6ab0000)
 concurrent mark-sweep generation total 393216K, used 177864K [0x00000007a8000000, 0x00000007c0000000, 0x00000007c0000000)
 Metaspace       used 34652K, capacity 35116K, committed 35396K, reserved 1081344K
  class space    used 4009K, capacity 4171K, committed 4192K, reserved 1048576K
2016-10-23T20:03:06.437+0800: 123.131: [GC (Allocation Failure) 2016-10-23T20:03:06.437+0800: 123.131: [ParNew
Desired survivor size 20112992 bytes, new threshold 8 (max 8)
- age   1:   10150896 bytes,   10150896 total
- age   2:    1719840 bytes,   11870736 total
- age   3:    1763184 bytes,   13633920 total
- age   4:    1254816 bytes,   14888736 total
- age   5:    1069504 bytes,   15958240 total
- age   6:    1177496 bytes,   17135736 total
- age   7:     235384 bytes,   17371120 total
- age   8:    2826616 bytes,   20197736 total
: 109248K->21824K(109248K), 0.0081812 secs] 287112K->205194K(502464K), 0.0082301 secs] [Times: user=0.03 sys=0.00, real=0.01 secs] 
Heap after GC invocations=390 (full 15):
 par new generation   total 109248K, used 21824K [0x00000007a0000000, 0x00000007a8000000, 0x00000007a8000000)
  eden space 87424K,   0% used [0x00000007a0000000, 0x00000007a0000000, 0x00000007a5560000)
  from space 21824K, 100% used [0x00000007a5560000, 0x00000007a6ab0000, 0x00000007a6ab0000)
  to   space 21824K,   0% used [0x00000007a6ab0000, 0x00000007a6ab0000, 0x00000007a8000000)
 concurrent mark-sweep generation total 393216K, used 183370K [0x00000007a8000000, 0x00000007c0000000, 0x00000007c0000000)
 Metaspace       used 34652K, capacity 35116K, committed 35396K, reserved 1081344K
  class space    used 4009K, capacity 4171K, committed 4192K, reserved 1048576K
}
2016-10-23T20:03:06.445+0800: 123.139: Total time for which application threads were stopped: 0.0083853 seconds, Stopping threads took: 0.0000213 seconds
{Heap before GC invocations=390 (full 15):
 par new generation   total 109248K, used 109248K [0x00000007a0000000, 0x00000007a8000000, 0x00000007a8000000)
  eden space 87424K, 100% used [0x00000007a0000000, 0x00000007a5560000, 0x00000007a5560000)
  from space 21824K, 100% used [0x00000007a5560000, 0x00000007a6ab0000, 0x00000007a6ab0000)
  to   space 21824K,   0% used [0x00000007a6ab0000, 0x00000007a6ab0000, 0x00000007a8000000)
 concurrent mark-sweep generation total 393216K, used 183370K [0x00000007a8000000, 0x00000007c0000000, 0x00000007c0000000)
 Metaspace       used 34652K, capacity 35116K, committed 35396K, reserved 1081344K
  class space    used 4009K, capacity 4171K, committed 4192K, reserved 1048576K
2016-10-23T20:03:06.712+0800: 123.405: [GC (Allocation Failure) 2016-10-23T20:03:06.712+0800: 123.405: [ParNew
Desired survivor size 20112992 bytes, new threshold 7 (max 8)
- age   1:    8403488 bytes,    8403488 total
- age   2:    6121120 bytes,   14524608 total
- age   3:    1580856 bytes,   16105464 total
- age   4:    1647328 bytes,   17752792 total
- age   5:    1145704 bytes,   18898496 total
- age   6:     968344 bytes,   19866840 total
- age   7:    1098536 bytes,   20965376 total
- age   8:     211976 bytes,   21177352 total
: 109248K->21824K(109248K), 0.0150709 secs] 292618K->208785K(502464K), 0.0151811 secs] [Times: user=0.05 sys=0.00, real=0.01 secs] 
Heap after GC invocations=391 (full 15):
 par new generation   total 109248K, used 21824K [0x00000007a0000000, 0x00000007a8000000, 0x00000007a8000000)
  eden space 87424K,   0% used [0x00000007a0000000, 0x00000007a0000000, 0x00000007a5560000)
  from space 21824K, 100% used [0x00000007a6ab0000, 0x00000007a8000000, 0x00000007a8000000)
  to   space 21824K,   0% used [0x00000007a5560000, 0x00000007a5560000, 0x00000007a6ab0000)
 concurrent mark-sweep generation total 393216K, used 186961K [0x00000007a8000000, 0x00000007c0000000, 0x00000007c0000000)
 Metaspace       used 34652K, capacity 35116K, committed 35396K, reserved 1081344K
  class space    used 4009K, capacity 4171K, committed 4192K, reserved 1048576K
}
2016-10-23T20:03:06.727+0800: 123.421: Total time for which application threads were stopped: 0.0154615 seconds, Stopping threads took: 0.0000641 seconds
{Heap before GC invocations=391 (full 15):
 par new generation   total 109248K, used 109248K [0x00000007a0000000, 0x00000007a8000000, 0x00000007a8000000)
  eden space 87424K, 100% used [0x00000007a0000000, 0x00000007a5560000, 0x00000007a5560000)
  from space 21824K, 100% used [0x00000007a6ab0000, 0x00000007a8000000, 0x00000007a8000000)
  to   space 21824K,   0% used [0x00000007a5560000, 0x00000007a5560000, 0x00000007a6ab0000)
 concurrent mark-sweep generation total 393216K, used 186961K [0x00000007a8000000, 0x00000007c0000000, 0x00000007c0000000)
 Metaspace       used 34652K, capacity 35116K, committed 35396K, reserved 1081344K
  class space    used 4009K, capacity 4171K, committed 4192K, reserved 1048576K
2016-10-23T20:03:06.974+0800: 123.668: [GC (Allocation Failure) 2016-10-23T20:03:06.974+0800: 123.668: [ParNew
Desired survivor size 20112992 bytes, new threshold 8 (max 8)
- age   1:    8003800 bytes,    8003800 total
- age   2:    2162456 bytes,   10166256 total
- age   3:    5612696 bytes,   15778952 total
- age   4:    1250152 bytes,   17029104 total
- age   5:    1331256 bytes,   18360360 total
- age   6:     856344 bytes,   19216704 total
- age   7:     685448 bytes,   19902152 total
: 109248K->21824K(109248K), 0.0088811 secs] 296209K->213317K(502464K), 0.0089422 secs] [Times: user=0.03 sys=0.00, real=0.01 secs] 
Heap after GC invocations=392 (full 15):
 par new generation   total 109248K, used 21824K [0x00000007a0000000, 0x00000007a8000000, 0x00000007a8000000)
  eden space 87424K,   0% used [0x00000007a0000000, 0x00000007a0000000, 0x00000007a5560000)
  from space 21824K, 100% used [0x00000007a5560000, 0x00000007a6ab0000, 0x00000007a6ab0000)
  to   space 21824K,   0% used [0x00000007a6ab0000, 0x00000007a6ab0000, 0x00000007a8000000)
 concurrent mark-sweep generation total 393216K, used 191493K [0x00000007a8000000, 0x00000007c0000000, 0x00000007c0000000)
 Metaspace       used 34652K, capacity 35116K, committed 35396K, reserved 1081344K
  class space    used 4009K, capacity 4171K, committed 4192K, reserved 1048576K
}
2016-10-23T20:03:06.983+0800: 123.677: Total time for which application threads were stopped: 0.0091328 seconds, Stopping threads took: 0.0000308 seconds
{Heap before GC invocations=392 (full 15):
 par new generation   total 109248K, used 109248K [0x00000007a0000000, 0x00000007a8000000, 0x00000007a8000000)
  eden space 87424K, 100% used [0x00000007a0000000, 0x00000007a5560000, 0x00000007a5560000)
  from space 21824K, 100% used [0x00000007a5560000, 0x00000007a6ab0000, 0x00000007a6ab0000)
  to   space 21824K,   0% used [0x00000007a6ab0000, 0x00000007a6ab0000, 0x00000007a8000000)
 concurrent mark-sweep generation total 393216K, used 191493K [0x00000007a8000000, 0x00000007c0000000, 0x00000007c0000000)
 Metaspace       used 34751K, capacity 35244K, committed 35652K, reserved 1081344K
  class space    used 4024K, capacity 4171K, committed 4192K, reserved 1048576K
2016-10-23T20:03:07.244+0800: 123.938: [GC (Allocation Failure) 2016-10-23T20:03:07.244+0800: 123.938: [ParNew
Desired survivor size 20112992 bytes, new threshold 8 (max 8)
- age   1:    7181856 bytes,    7181856 total
- age   2:    1053880 bytes,    8235736 total
- age   3:    1507544 bytes,    9743280 total
- age   4:    5521432 bytes,   15264712 total
- age   5:    1164192 bytes,   16428904 total
- age   6:     844920 bytes,   17273824 total
- age   7:     781656 bytes,   18055480 total
- age   8:     618640 bytes,   18674120 total
: 109248K->21824K(109248K), 0.0114485 secs] 300741K->218367K(502464K), 0.0115049 secs] [Times: user=0.07 sys=0.00, real=0.01 secs] 
Heap after GC invocations=393 (full 15):
 par new generation   total 109248K, used 21824K [0x00000007a0000000, 0x00000007a8000000, 0x00000007a8000000)
  eden space 87424K,   0% used [0x00000007a0000000, 0x00000007a0000000, 0x00000007a5560000)
  from space 21824K, 100% used [0x00000007a6ab0000, 0x00000007a8000000, 0x00000007a8000000)
  to   space 21824K,   0% used [0x00000007a5560000, 0x00000007a5560000, 0x00000007a6ab0000)
 concurrent mark-sweep generation total 393216K, used 196543K [0x00000007a8000000, 0x00000007c0000000, 0x00000007c0000000)
 Metaspace       used 34751K, capacity 35244K, committed 35652K, reserved 1081344K
  class space    used 4024K, capacity 4171K, committed 4192K, reserved 1048576K
}
2016-10-23T20:03:07.255+0800: 123.949: Total time for which application threads were stopped: 0.0117157 seconds, Stopping threads took: 0.0000698 seconds
{Heap before GC invocations=393 (full 15):
 par new generation   total 109248K, used 109248K [0x00000007a0000000, 0x00000007a8000000, 0x00000007a8000000)
  eden space 87424K, 100% used [0x00000007a0000000, 0x00000007a5560000, 0x00000007a5560000)
  from space 21824K, 100% used [0x00000007a6ab0000, 0x00000007a8000000, 0x00000007a8000000)
  to   space 21824K,   0% used [0x00000007a5560000, 0x00000007a5560000, 0x00000007a6ab0000)
 concurrent mark-sweep generation total 393216K, used 196543K [0x00000007a8000000, 0x00000007c0000000, 0x00000007c0000000)
 Metaspace       used 34775K, capacity 35244K, committed 35652K, reserved 1081344K
  class space    used 4024K, capacity 4171K, committed 4192K, reserved 1048576K
2016-10-23T20:03:07.546+0800: 124.239: [GC (Allocation Failure) 2016-10-23T20:03:07.546+0800: 124.239: [ParNew
Desired survivor size 20112992 bytes, new threshold 8 (max 8)
- age   1:    6177152 bytes,    6177152 total
- age   2:    2854096 bytes,    9031248 total
- age   3:     855432 bytes,    9886680 total
- age   4:     874408 bytes,   10761088 total
- age   5:    5462152 bytes,   16223240 total
- age   6:    1126176 bytes,   17349416 total
- age   7:     807320 bytes,   18156736 total
- age   8:     750472 bytes,   18907208 total
: 109248K->21824K(109248K), 0.0109293 secs] 305791K->221242K(502464K), 0.0109910 secs] [Times: user=0.06 sys=0.00, real=0.01 secs] 
Heap after GC invocations=394 (full 15):
 par new generation   total 109248K, used 21824K [0x00000007a0000000, 0x00000007a8000000, 0x00000007a8000000)
  eden space 87424K,   0% used [0x00000007a0000000, 0x00000007a0000000, 0x00000007a5560000)
  from space 21824K, 100% used [0x00000007a5560000, 0x00000007a6ab0000, 0x00000007a6ab0000)
  to   space 21824K,   0% used [0x00000007a6ab0000, 0x00000007a6ab0000, 0x00000007a8000000)
 concurrent mark-sweep generation total 393216K, used 199418K [0x00000007a8000000, 0x00000007c0000000, 0x00000007c0000000)
 Metaspace       used 34775K, capacity 35244K, committed 35652K, reserved 1081344K
  class space    used 4024K, capacity 4171K, committed 4192K, reserved 1048576K
}
2016-10-23T20:03:07.557+0800: 124.250: Total time for which application threads were stopped: 0.0111628 seconds, Stopping threads took: 0.0000180 seconds
2016-10-23T20:03:07.557+0800: 124.251: [GC (CMS Initial Mark) [1 CMS-initial-mark: 199418K(393216K)] 222958K(502464K), 0.0021811 secs] [Times: user=0.01 sys=0.00, real=0.00 secs] 
2016-10-23T20:03:07.559+0800: 124.253: Total time for which application threads were stopped: 0.0023165 seconds, Stopping threads took: 0.0000676 seconds
2016-10-23T20:03:07.559+0800: 124.253: [CMS-concurrent-mark-start]
2016-10-23T20:03:07.577+0800: 124.271: [CMS-concurrent-mark: 0.018/0.018 secs] [Times: user=0.12 sys=0.00, real=0.02 secs] 
2016-10-23T20:03:07.577+0800: 124.271: [CMS-concurrent-preclean-start]
2016-10-23T20:03:07.578+0800: 124.272: [CMS-concurrent-preclean: 0.001/0.001 secs] [Times: user=0.02 sys=0.00, real=0.00 secs] 
2016-10-23T20:03:07.578+0800: 124.272: [CMS-concurrent-abortable-preclean-start]
2016-10-23T20:03:07.697+0800: 124.390: [CMS-concurrent-abortable-preclean: 0.118/0.118 secs] [Times: user=0.62 sys=0.01, real=0.12 secs] 
2016-10-23T20:03:07.697+0800: 124.391: [GC (CMS Final Remark) [YG occupancy: 89261 K (109248 K)]{Heap before GC invocations=394 (full 16):
 par new generation   total 109248K, used 89261K [0x00000007a0000000, 0x00000007a8000000, 0x00000007a8000000)
  eden space 87424K,  77% used [0x00000007a0000000, 0x00000007a41db458, 0x00000007a5560000)
  from space 21824K, 100% used [0x00000007a5560000, 0x00000007a6ab0000, 0x00000007a6ab0000)
  to   space 21824K,   0% used [0x00000007a6ab0000, 0x00000007a6ab0000, 0x00000007a8000000)
 concurrent mark-sweep generation total 393216K, used 199418K [0x00000007a8000000, 0x00000007c0000000, 0x00000007c0000000)
 Metaspace       used 34776K, capacity 35244K, committed 35652K, reserved 1081344K
  class space    used 4024K, capacity 4171K, committed 4192K, reserved 1048576K
2016-10-23T20:03:07.697+0800: 124.391: [GC (CMS Final Remark) 2016-10-23T20:03:07.697+0800: 124.391: [ParNew
Desired survivor size 20112992 bytes, new threshold 8 (max 8)
- age   1:    4423616 bytes,    4423616 total
- age   2:    4996560 bytes,    9420176 total
- age   3:    2081864 bytes,   11502040 total
- age   4:     822280 bytes,   12324320 total
- age   5:     844832 bytes,   13169152 total
- age   6:    5437032 bytes,   18606184 total
- age   7:    1094088 bytes,   19700272 total
- age   8:     780976 bytes,   20481248 total
: 89261K->21824K(109248K), 0.0090072 secs] 288679K->223767K(502464K), 0.0090482 secs] [Times: user=0.04 sys=0.00, real=0.01 secs] 
Heap after GC invocations=395 (full 16):
 par new generation   total 109248K, used 21824K [0x00000007a0000000, 0x00000007a8000000, 0x00000007a8000000)
  eden space 87424K,   0% used [0x00000007a0000000, 0x00000007a0000000, 0x00000007a5560000)
  from space 21824K, 100% used [0x00000007a6ab0000, 0x00000007a8000000, 0x00000007a8000000)
  to   space 21824K,   0% used [0x00000007a5560000, 0x00000007a5560000, 0x00000007a6ab0000)
 concurrent mark-sweep generation total 393216K, used 201943K [0x00000007a8000000, 0x00000007c0000000, 0x00000007c0000000)
 Metaspace       used 34776K, capacity 35244K, committed 35652K, reserved 1081344K
  class space    used 4024K, capacity 4171K, committed 4192K, reserved 1048576K
}
2016-10-23T20:03:07.706+0800: 124.400: [Rescan (parallel) , 0.0033549 secs]2016-10-23T20:03:07.709+0800: 124.403: [weak refs processing, 0.0006671 secs]2016-10-23T20:03:07.710+0800: 124.404: [class unloading, 0.0069751 secs]2016-10-23T20:03:07.717+0800: 124.411: [scrub symbol table, 0.0060209 secs]2016-10-23T20:03:07.723+0800: 124.417: [scrub string table, 0.0004677 secs][1 CMS-remark: 201943K(393216K)] 223767K(502464K), 0.0267984 secs] [Times: user=0.09 sys=0.00, real=0.03 secs] 
2016-10-23T20:03:07.724+0800: 124.417: Total time for which application threads were stopped: 0.0269723 seconds, Stopping threads took: 0.0000904 seconds
2016-10-23T20:03:07.724+0800: 124.418: [CMS-concurrent-sweep-start]
2016-10-23T20:03:07.791+0800: 124.485: [CMS-concurrent-sweep: 0.068/0.068 secs] [Times: user=0.38 sys=0.00, real=0.07 secs] 
2016-10-23T20:03:07.791+0800: 124.485: [CMS-concurrent-reset-start]
2016-10-23T20:03:07.792+0800: 124.486: [CMS-concurrent-reset: 0.000/0.000 secs] [Times: user=0.00 sys=0.00, real=0.00 secs] 
{Heap before GC invocations=395 (full 16):
 par new generation   total 109248K, used 109235K [0x00000007a0000000, 0x00000007a8000000, 0x00000007a8000000)
  eden space 87424K,  99% used [0x00000007a0000000, 0x00000007a555ce48, 0x00000007a5560000)
  from space 21824K, 100% used [0x00000007a6ab0000, 0x00000007a8000000, 0x00000007a8000000)
  to   space 21824K,   0% used [0x00000007a5560000, 0x00000007a5560000, 0x00000007a6ab0000)
 concurrent mark-sweep generation total 393216K, used 92491K [0x00000007a8000000, 0x00000007c0000000, 0x00000007c0000000)
 Metaspace       used 34776K, capacity 35244K, committed 35652K, reserved 1081344K
  class space    used 4024K, capacity 4171K, committed 4192K, reserved 1048576K
2016-10-23T20:03:07.866+0800: 124.560: [GC (Allocation Failure) 2016-10-23T20:03:07.866+0800: 124.560: [ParNew
Desired survivor size 20112992 bytes, new threshold 8 (max 8)
- age   1:    3721776 bytes,    3721776 total
- age   2:    2448576 bytes,    6170352 total
- age   3:    2392840 bytes,    8563192 total
- age   4:    1900200 bytes,   10463392 total
- age   5:     788400 bytes,   11251792 total
- age   6:     816608 bytes,   12068400 total
- age   7:    5405608 bytes,   17474008 total
- age   8:    1058656 bytes,   18532664 total
: 109235K->21824K(109248K), 0.0102100 secs] 201727K->117648K(502464K), 0.0102554 secs] [Times: user=0.06 sys=0.00, real=0.01 secs] 
Heap after GC invocations=396 (full 16):
 par new generation   total 109248K, used 21824K [0x00000007a0000000, 0x00000007a8000000, 0x00000007a8000000)
  eden space 87424K,   0% used [0x00000007a0000000, 0x00000007a0000000, 0x00000007a5560000)
  from space 21824K, 100% used [0x00000007a5560000, 0x00000007a6ab0000, 0x00000007a6ab0000)
  to   space 21824K,   0% used [0x00000007a6ab0000, 0x00000007a6ab0000, 0x00000007a8000000)
 concurrent mark-sweep generation total 393216K, used 95824K [0x00000007a8000000, 0x00000007c0000000, 0x00000007c0000000)
 Metaspace       used 34776K, capacity 35244K, committed 35652K, reserved 1081344K
  class space    used 4024K, capacity 4171K, committed 4192K, reserved 1048576K
}
2016-10-23T20:03:07.877+0800: 124.570: Total time for which application threads were stopped: 0.0105291 seconds, Stopping threads took: 0.0001151 seconds
{Heap before GC invocations=396 (full 16):
 par new generation   total 109248K, used 109248K [0x00000007a0000000, 0x00000007a8000000, 0x00000007a8000000)
  eden space 87424K, 100% used [0x00000007a0000000, 0x00000007a5560000, 0x00000007a5560000)
  from space 21824K, 100% used [0x00000007a5560000, 0x00000007a6ab0000, 0x00000007a6ab0000)
  to   space 21824K,   0% used [0x00000007a6ab0000, 0x00000007a6ab0000, 0x00000007a8000000)
 concurrent mark-sweep generation total 393216K, used 95824K [0x00000007a8000000, 0x00000007c0000000, 0x00000007c0000000)
 Metaspace       used 34777K, capacity 35244K, committed 35652K, reserved 1081344K
  class space    used 4024K, capacity 4171K, committed 4192K, reserved 1048576K
2016-10-23T20:03:08.082+0800: 124.776: [GC (Allocation Failure) 2016-10-23T20:03:08.082+0800: 124.776: [ParNew
Desired survivor size 20112992 bytes, new threshold 8 (max 8)
- age   1:    4699008 bytes,    4699008 total
- age   2:    3701016 bytes,    8400024 total
- age   3:    2444984 bytes,   10845008 total
- age   4:    1326728 bytes,   12171736 total
- age   5:    1898000 bytes,   14069736 total
- age   6:     779664 bytes,   14849400 total
- age   7:     815568 bytes,   15664968 total
- age   8:    4618520 bytes,   20283488 total
: 109248K->21824K(109248K), 0.0095377 secs] 205072K->119017K(502464K), 0.0096056 secs] [Times: user=0.06 sys=0.00, real=0.01 secs] 
Heap after GC invocations=397 (full 16):
 par new generation   total 109248K, used 21824K [0x00000007a0000000, 0x00000007a8000000, 0x00000007a8000000)
  eden space 87424K,   0% used [0x00000007a0000000, 0x00000007a0000000, 0x00000007a5560000)
  from space 21824K, 100% used [0x00000007a6ab0000, 0x00000007a8000000, 0x00000007a8000000)
  to   space 21824K,   0% used [0x00000007a5560000, 0x00000007a5560000, 0x00000007a6ab0000)
 concurrent mark-sweep generation total 393216K, used 97193K [0x00000007a8000000, 0x00000007c0000000, 0x00000007c0000000)
 Metaspace       used 34777K, capacity 35244K, committed 35652K, reserved 1081344K
  class space    used 4024K, capacity 4171K, committed 4192K, reserved 1048576K
}
2016-10-23T20:03:08.092+0800: 124.786: Total time for which application threads were stopped: 0.0098914 seconds, Stopping threads took: 0.0000763 seconds
{Heap before GC invocations=397 (full 16):
 par new generation   total 109248K, used 109016K [0x00000007a0000000, 0x00000007a8000000, 0x00000007a8000000)
  eden space 87424K,  99% used [0x00000007a0000000, 0x00000007a5526320, 0x00000007a5560000)
  from space 21824K, 100% used [0x00000007a6ab0000, 0x00000007a8000000, 0x00000007a8000000)
  to   space 21824K,   0% used [0x00000007a5560000, 0x00000007a5560000, 0x00000007a6ab0000)
 concurrent mark-sweep generation total 393216K, used 97193K [0x00000007a8000000, 0x00000007c0000000, 0x00000007c0000000)
 Metaspace       used 34777K, capacity 35244K, committed 35652K, reserved 1081344K
  class space    used 4024K, capacity 4171K, committed 4192K, reserved 1048576K
2016-10-23T20:03:08.321+0800: 125.015: [GC (Allocation Failure) 2016-10-23T20:03:08.321+0800: 125.015: [ParNew
Desired survivor size 20112992 bytes, new threshold 6 (max 8)
- age   1:   10386600 bytes,   10386600 total
- age   2:    3997680 bytes,   14384280 total
- age   3:    2078808 bytes,   16463088 total
- age   4:     974336 bytes,   17437424 total
- age   5:    1140344 bytes,   18577768 total
- age   6:    1592544 bytes,   20170312 total
- age   7:     741040 bytes,   20911352 total
- age   8:     776456 bytes,   21687808 total
: 109016K->21824K(109248K), 0.0086768 secs] 206210K->125182K(502464K), 0.0087372 secs] [Times: user=0.03 sys=0.00, real=0.01 secs] 
Heap after GC invocations=398 (full 16):
 par new generation   total 109248K, used 21824K [0x00000007a0000000, 0x00000007a8000000, 0x00000007a8000000)
  eden space 87424K,   0% used [0x00000007a0000000, 0x00000007a0000000, 0x00000007a5560000)
  from space 21824K, 100% used [0x00000007a5560000, 0x00000007a6ab0000, 0x00000007a6ab0000)
  to   space 21824K,   0% used [0x00000007a6ab0000, 0x00000007a6ab0000, 0x00000007a8000000)
 concurrent mark-sweep generation total 393216K, used 103358K [0x00000007a8000000, 0x00000007c0000000, 0x00000007c0000000)
 Metaspace       used 34777K, capacity 35244K, committed 35652K, reserved 1081344K
  class space    used 4024K, capacity 4171K, committed 4192K, reserved 1048576K
}
2016-10-23T20:03:08.330+0800: 125.024: Total time for which application threads were stopped: 0.0089322 seconds, Stopping threads took: 0.0000286 seconds
{Heap before GC invocations=398 (full 16):
 par new generation   total 109248K, used 109248K [0x00000007a0000000, 0x00000007a8000000, 0x00000007a8000000)
  eden space 87424K, 100% used [0x00000007a0000000, 0x00000007a5560000, 0x00000007a5560000)
  from space 21824K, 100% used [0x00000007a5560000, 0x00000007a6ab0000, 0x00000007a6ab0000)
  to   space 21824K,   0% used [0x00000007a6ab0000, 0x00000007a6ab0000, 0x00000007a8000000)
 concurrent mark-sweep generation total 393216K, used 103358K [0x00000007a8000000, 0x00000007c0000000, 0x00000007c0000000)
 Metaspace       used 34777K, capacity 35244K, committed 35652K, reserved 1081344K
  class space    used 4024K, capacity 4171K, committed 4192K, reserved 1048576K
2016-10-23T20:03:08.421+0800: 125.115: [GC (Allocation Failure) 2016-10-23T20:03:08.421+0800: 125.115: [ParNew
Desired survivor size 20112992 bytes, new threshold 8 (max 8)
- age   1:    2977440 bytes,    2977440 total
- age   2:    9172848 bytes,   12150288 total
- age   3:    3361736 bytes,   15512024 total
- age   4:     768608 bytes,   16280632 total
- age   5:     839936 bytes,   17120568 total
- age   6:     969432 bytes,   18090000 total
: 109248K->21824K(109248K), 0.0092496 secs] 212606K->130841K(502464K), 0.0093109 secs] [Times: user=0.03 sys=0.00, real=0.01 secs] 
Heap after GC invocations=399 (full 16):
 par new generation   total 109248K, used 21824K [0x00000007a0000000, 0x00000007a8000000, 0x00000007a8000000)
  eden space 87424K,   0% used [0x00000007a0000000, 0x00000007a0000000, 0x00000007a5560000)
  from space 21824K, 100% used [0x00000007a6ab0000, 0x00000007a8000000, 0x00000007a8000000)
  to   space 21824K,   0% used [0x00000007a5560000, 0x00000007a5560000, 0x00000007a6ab0000)
 concurrent mark-sweep generation total 393216K, used 109017K [0x00000007a8000000, 0x00000007c0000000, 0x00000007c0000000)
 Metaspace       used 34777K, capacity 35244K, committed 35652K, reserved 1081344K
  class space    used 4024K, capacity 4171K, committed 4192K, reserved 1048576K
}
2016-10-23T20:03:08.430+0800: 125.124: Total time for which application threads were stopped: 0.0095235 seconds, Stopping threads took: 0.0000817 seconds
{Heap before GC invocations=399 (full 16):
 par new generation   total 109248K, used 109248K [0x00000007a0000000, 0x00000007a8000000, 0x00000007a8000000)
  eden space 87424K, 100% used [0x00000007a0000000, 0x00000007a5560000, 0x00000007a5560000)
  from space 21824K, 100% used [0x00000007a6ab0000, 0x00000007a8000000, 0x00000007a8000000)
  to   space 21824K,   0% used [0x00000007a5560000, 0x00000007a5560000, 0x00000007a6ab0000)
 concurrent mark-sweep generation total 393216K, used 109017K [0x00000007a8000000, 0x00000007c0000000, 0x00000007c0000000)
 Metaspace       used 34777K, capacity 35244K, committed 35652K, reserved 1081344K
  class space    used 4024K, capacity 4171K, committed 4192K, reserved 1048576K
2016-10-23T20:03:08.533+0800: 125.227: [GC (Allocation Failure) 2016-10-23T20:03:08.533+0800: 125.227: [ParNew
Desired survivor size 20112992 bytes, new threshold 8 (max 8)
- age   1:    2586440 bytes,    2586440 total
- age   2:    2940400 bytes,    5526840 total
- age   3:    6959040 bytes,   12485880 total
- age   4:    1780488 bytes,   14266368 total
- age   5:     524712 bytes,   14791080 total
- age   6:     532280 bytes,   15323360 total
- age   7:     940576 bytes,   16263936 total
: 109248K->21824K(109248K), 0.0072459 secs] 218265K->134473K(502464K), 0.0072879 secs] [Times: user=0.03 sys=0.00, real=0.01 secs] 
Heap after GC invocations=400 (full 16):
 par new generation   total 109248K, used 21824K [0x00000007a0000000, 0x00000007a8000000, 0x00000007a8000000)
  eden space 87424K,   0% used [0x00000007a0000000, 0x00000007a0000000, 0x00000007a5560000)
  from space 21824K, 100% used [0x00000007a5560000, 0x00000007a6ab0000, 0x00000007a6ab0000)
  to   space 21824K,   0% used [0x00000007a6ab0000, 0x00000007a6ab0000, 0x00000007a8000000)
 concurrent mark-sweep generation total 393216K, used 112649K [0x00000007a8000000, 0x00000007c0000000, 0x00000007c0000000)
 Metaspace       used 34777K, capacity 35244K, committed 35652K, reserved 1081344K
  class space    used 4024K, capacity 4171K, committed 4192K, reserved 1048576K
}
2016-10-23T20:03:08.541+0800: 125.235: Total time for which application threads were stopped: 0.0074684 seconds, Stopping threads took: 0.0000523 seconds
{Heap before GC invocations=400 (full 16):
 par new generation   total 109248K, used 109248K [0x00000007a0000000, 0x00000007a8000000, 0x00000007a8000000)
  eden space 87424K, 100% used [0x00000007a0000000, 0x00000007a5560000, 0x00000007a5560000)
  from space 21824K, 100% used [0x00000007a5560000, 0x00000007a6ab0000, 0x00000007a6ab0000)
  to   space 21824K,   0% used [0x00000007a6ab0000, 0x00000007a6ab0000, 0x00000007a8000000)
 concurrent mark-sweep generation total 393216K, used 112649K [0x00000007a8000000, 0x00000007c0000000, 0x00000007c0000000)
 Metaspace       used 34777K, capacity 35244K, committed 35652K, reserved 1081344K
  class space    used 4024K, capacity 4171K, committed 4192K, reserved 1048576K
2016-10-23T20:03:08.639+0800: 125.332: [GC (Allocation Failure) 2016-10-23T20:03:08.639+0800: 125.333: [ParNew
Desired survivor size 20112992 bytes, new threshold 8 (max 8)
- age   1:    3779648 bytes,    3779648 total
- age   2:    2495824 bytes,    6275472 total
- age   3:    2940400 bytes,    9215872 total
- age   4:    6563848 bytes,   15779720 total
- age   5:    1780488 bytes,   17560208 total
- age   6:     524712 bytes,   18084920 total
- age   7:     499496 bytes,   18584416 total
- age   8:     940576 bytes,   19524992 total
: 109248K->21824K(109248K), 0.0077615 secs] 221897K->134473K(502464K), 0.0078292 secs] [Times: user=0.02 sys=0.00, real=0.01 secs] 
Heap after GC invocations=401 (full 16):
 par new generation   total 109248K, used 21824K [0x00000007a0000000, 0x00000007a8000000, 0x00000007a8000000)
  eden space 87424K,   0% used [0x00000007a0000000, 0x00000007a0000000, 0x00000007a5560000)
  from space 21824K, 100% used [0x00000007a6ab0000, 0x00000007a8000000, 0x00000007a8000000)
  to   space 21824K,   0% used [0x00000007a5560000, 0x00000007a5560000, 0x00000007a6ab0000)
 concurrent mark-sweep generation total 393216K, used 112649K [0x00000007a8000000, 0x00000007c0000000, 0x00000007c0000000)
 Metaspace       used 34777K, capacity 35244K, committed 35652K, reserved 1081344K
  class space    used 4024K, capacity 4171K, committed 4192K, reserved 1048576K
}
2016-10-23T20:03:08.646+0800: 125.340: Total time for which application threads were stopped: 0.0080489 seconds, Stopping threads took: 0.0000591 seconds
{Heap before GC invocations=401 (full 16):
 par new generation   total 109248K, used 109248K [0x00000007a0000000, 0x00000007a8000000, 0x00000007a8000000)
  eden space 87424K, 100% used [0x00000007a0000000, 0x00000007a5560000, 0x00000007a5560000)
  from space 21824K, 100% used [0x00000007a6ab0000, 0x00000007a8000000, 0x00000007a8000000)
  to   space 21824K,   0% used [0x00000007a5560000, 0x00000007a5560000, 0x00000007a6ab0000)
 concurrent mark-sweep generation total 393216K, used 112649K [0x00000007a8000000, 0x00000007c0000000, 0x00000007c0000000)
 Metaspace       used 34777K, capacity 35244K, committed 35652K, reserved 1081344K
  class space    used 4024K, capacity 4171K, committed 4192K, reserved 1048576K
2016-10-23T20:03:08.748+0800: 125.442: [GC (Allocation Failure) 2016-10-23T20:03:08.748+0800: 125.442: [ParNew
Desired survivor size 20112992 bytes, new threshold 8 (max 8)
- age   1:    5582832 bytes,    5582832 total
- age   2:    1696320 bytes,    7279152 total
- age   3:    2495824 bytes,    9774976 total
- age   4:    2940400 bytes,   12715376 total
- age   5:    4170744 bytes,   16886120 total
- age   6:    1780376 bytes,   18666496 total
- age   7:     400232 bytes,   19066728 total
- age   8:     499496 bytes,   19566224 total
: 109248K->21616K(109248K), 0.0084525 secs] 221897K->139888K(502464K), 0.0085030 secs] [Times: user=0.03 sys=0.00, real=0.01 secs] 
Heap after GC invocations=402 (full 16):
 par new generation   total 109248K, used 21616K [0x00000007a0000000, 0x00000007a8000000, 0x00000007a8000000)
  eden space 87424K,   0% used [0x00000007a0000000, 0x00000007a0000000, 0x00000007a5560000)
  from space 21824K,  99% used [0x00000007a5560000, 0x00000007a6a7c000, 0x00000007a6ab0000)
  to   space 21824K,   0% used [0x00000007a6ab0000, 0x00000007a6ab0000, 0x00000007a8000000)
 concurrent mark-sweep generation total 393216K, used 118272K [0x00000007a8000000, 0x00000007c0000000, 0x00000007c0000000)
 Metaspace       used 34777K, capacity 35244K, committed 35652K, reserved 1081344K
  class space    used 4024K, capacity 4171K, committed 4192K, reserved 1048576K
}
2016-10-23T20:03:08.757+0800: 125.451: Total time for which application threads were stopped: 0.0086576 seconds, Stopping threads took: 0.0000194 seconds
{Heap before GC invocations=402 (full 16):
 par new generation   total 109248K, used 109040K [0x00000007a0000000, 0x00000007a8000000, 0x00000007a8000000)
  eden space 87424K, 100% used [0x00000007a0000000, 0x00000007a5560000, 0x00000007a5560000)
  from space 21824K,  99% used [0x00000007a5560000, 0x00000007a6a7c000, 0x00000007a6ab0000)
  to   space 21824K,   0% used [0x00000007a6ab0000, 0x00000007a6ab0000, 0x00000007a8000000)
 concurrent mark-sweep generation total 393216K, used 118272K [0x00000007a8000000, 0x00000007c0000000, 0x00000007c0000000)
 Metaspace       used 34777K, capacity 35244K, committed 35652K, reserved 1081344K
  class space    used 4024K, capacity 4171K, committed 4192K, reserved 1048576K
2016-10-23T20:03:08.847+0800: 125.541: [GC (Allocation Failure) 2016-10-23T20:03:08.848+0800: 125.541: [ParNew
Desired survivor size 20112992 bytes, new threshold 8 (max 8)
- age   1:    4479584 bytes,    4479584 total
- age   2:    2319640 bytes,    6799224 total
- age   3:    1111040 bytes,    7910264 total
- age   4:    2456520 bytes,   10366784 total
- age   5:     353552 bytes,   10720336 total
- age   6:    3530704 bytes,   14251040 total
- age   7:    1759704 bytes,   16010744 total
- age   8:     383528 bytes,   16394272 total
: 109040K->21824K(109248K), 0.0074092 secs] 227312K->144442K(502464K), 0.0074898 secs] [Times: user=0.03 sys=0.00, real=0.01 secs] 
Heap after GC invocations=403 (full 16):
 par new generation   total 109248K, used 21824K [0x00000007a0000000, 0x00000007a8000000, 0x00000007a8000000)
  eden space 87424K,   0% used [0x00000007a0000000, 0x00000007a0000000, 0x00000007a5560000)
  from space 21824K, 100% used [0x00000007a6ab0000, 0x00000007a8000000, 0x00000007a8000000)
  to   space 21824K,   0% used [0x00000007a5560000, 0x00000007a5560000, 0x00000007a6ab0000)
 concurrent mark-sweep generation total 393216K, used 122618K [0x00000007a8000000, 0x00000007c0000000, 0x00000007c0000000)
 Metaspace       used 34777K, capacity 35244K, committed 35652K, reserved 1081344K
  class space    used 4024K, capacity 4171K, committed 4192K, reserved 1048576K
}
2016-10-23T20:03:08.855+0800: 125.549: Total time for which application threads were stopped: 0.0077809 seconds, Stopping threads took: 0.0001186 seconds
{Heap before GC invocations=403 (full 16):
 par new generation   total 109248K, used 109248K [0x00000007a0000000, 0x00000007a8000000, 0x00000007a8000000)
  eden space 87424K, 100% used [0x00000007a0000000, 0x00000007a5560000, 0x00000007a5560000)
  from space 21824K, 100% used [0x00000007a6ab0000, 0x00000007a8000000, 0x00000007a8000000)
  to   space 21824K,   0% used [0x00000007a5560000, 0x00000007a5560000, 0x00000007a6ab0000)
 concurrent mark-sweep generation total 393216K, used 122618K [0x00000007a8000000, 0x00000007c0000000, 0x00000007c0000000)
 Metaspace       used 34777K, capacity 35244K, committed 35652K, reserved 1081344K
  class space    used 4024K, capacity 4171K, committed 4192K, reserved 1048576K
2016-10-23T20:03:08.960+0800: 125.654: [GC (Allocation Failure) 2016-10-23T20:03:08.960+0800: 125.654: [ParNew
Desired survivor size 20112992 bytes, new threshold 8 (max 8)
- age   1:    1117880 bytes,    1117880 total
- age   2:    4435064 bytes,    5552944 total
- age   3:    2319640 bytes,    7872584 total
- age   4:    1111040 bytes,    8983624 total
- age   5:    2456520 bytes,   11440144 total
- age   6:     353552 bytes,   11793696 total
- age   7:    3530704 bytes,   15324400 total
- age   8:    1759704 bytes,   17084104 total
: 109248K->19360K(109248K), 0.0063068 secs] 231866K->142365K(502464K), 0.0063716 secs] [Times: user=0.03 sys=0.00, real=0.00 secs] 
Heap after GC invocations=404 (full 16):
 par new generation   total 109248K, used 19360K [0x00000007a0000000, 0x00000007a8000000, 0x00000007a8000000)
  eden space 87424K,   0% used [0x00000007a0000000, 0x00000007a0000000, 0x00000007a5560000)
  from space 21824K,  88% used [0x00000007a5560000, 0x00000007a68480f8, 0x00000007a6ab0000)
  to   space 21824K,   0% used [0x00000007a6ab0000, 0x00000007a6ab0000, 0x00000007a8000000)
 concurrent mark-sweep generation total 393216K, used 123005K [0x00000007a8000000, 0x00000007c0000000, 0x00000007c0000000)
 Metaspace       used 34777K, capacity 35244K, committed 35652K, reserved 1081344K
  class space    used 4024K, capacity 4171K, committed 4192K, reserved 1048576K
}
2016-10-23T20:03:08.967+0800: 125.661: Total time for which application threads were stopped: 0.0065922 seconds, Stopping threads took: 0.0000867 seconds
{Heap before GC invocations=404 (full 16):
 par new generation   total 109248K, used 106784K [0x00000007a0000000, 0x00000007a8000000, 0x00000007a8000000)
  eden space 87424K, 100% used [0x00000007a0000000, 0x00000007a5560000, 0x00000007a5560000)
  from space 21824K,  88% used [0x00000007a5560000, 0x00000007a68480f8, 0x00000007a6ab0000)
  to   space 21824K,   0% used [0x00000007a6ab0000, 0x00000007a6ab0000, 0x00000007a8000000)
 concurrent mark-sweep generation total 393216K, used 123005K [0x00000007a8000000, 0x00000007c0000000, 0x00000007c0000000)
 Metaspace       used 34777K, capacity 35244K, committed 35652K, reserved 1081344K
  class space    used 4024K, capacity 4171K, committed 4192K, reserved 1048576K
2016-10-23T20:03:09.077+0800: 125.770: [GC (Allocation Failure) 2016-10-23T20:03:09.077+0800: 125.770: [ParNew
Desired survivor size 20112992 bytes, new threshold 8 (max 8)
- age   1:    3969360 bytes,    3969360 total
- age   2:    1048968 bytes,    5018328 total
- age   3:    4414128 bytes,    9432456 total
- age   4:    2298704 bytes,   11731160 total
- age   5:     672848 bytes,   12404008 total
- age   6:    1263328 bytes,   13667336 total
- age   7:     299144 bytes,   13966480 total
- age   8:    3530704 bytes,   17497184 total
: 106784K->21824K(109248K), 0.0067672 secs] 229789K->146564K(502464K), 0.0068341 secs] [Times: user=0.03 sys=0.00, real=0.01 secs] 
Heap after GC invocations=405 (full 16):
 par new generation   total 109248K, used 21824K [0x00000007a0000000, 0x00000007a8000000, 0x00000007a8000000)
  eden space 87424K,   0% used [0x00000007a0000000, 0x00000007a0000000, 0x00000007a5560000)
  from space 21824K, 100% used [0x00000007a6ab0000, 0x00000007a8000000, 0x00000007a8000000)
  to   space 21824K,   0% used [0x00000007a5560000, 0x00000007a5560000, 0x00000007a6ab0000)
 concurrent mark-sweep generation total 393216K, used 124740K [0x00000007a8000000, 0x00000007c0000000, 0x00000007c0000000)
 Metaspace       used 34777K, capacity 35244K, committed 35652K, reserved 1081344K
  class space    used 4024K, capacity 4171K, committed 4192K, reserved 1048576K
}
2016-10-23T20:03:09.083+0800: 125.777: Total time for which application threads were stopped: 0.0070611 seconds, Stopping threads took: 0.0000828 seconds
{Heap before GC invocations=405 (full 16):
 par new generation   total 109248K, used 109233K [0x00000007a0000000, 0x00000007a8000000, 0x00000007a8000000)
  eden space 87424K,  99% used [0x00000007a0000000, 0x00000007a555c5e0, 0x00000007a5560000)
  from space 21824K, 100% used [0x00000007a6ab0000, 0x00000007a8000000, 0x00000007a8000000)
  to   space 21824K,   0% used [0x00000007a5560000, 0x00000007a5560000, 0x00000007a6ab0000)
 concurrent mark-sweep generation total 393216K, used 124740K [0x00000007a8000000, 0x00000007c0000000, 0x00000007c0000000)
 Metaspace       used 34780K, capacity 35244K, committed 35652K, reserved 1081344K
  class space    used 4024K, capacity 4171K, committed 4192K, reserved 1048576K
2016-10-23T20:03:09.218+0800: 125.911: [GC (Allocation Failure) 2016-10-23T20:03:09.218+0800: 125.911: [ParNew
Desired survivor size 20112992 bytes, new threshold 8 (max 8)
- age   1:    4170488 bytes,    4170488 total
- age   2:    3905224 bytes,    8075712 total
- age   3:    1048968 bytes,    9124680 total
- age   4:    4414128 bytes,   13538808 total
- age   5:    1692480 bytes,   15231288 total
- age   6:     672848 bytes,   15904136 total
- age   7:    1263328 bytes,   17167464 total
- age   8:     299144 bytes,   17466608 total
: 109233K->21430K(109248K), 0.0078367 secs] 233973K->152137K(502464K), 0.0079061 secs] [Times: user=0.03 sys=0.00, real=0.01 secs] 
Heap after GC invocations=406 (full 16):
 par new generation   total 109248K, used 21430K [0x00000007a0000000, 0x00000007a8000000, 0x00000007a8000000)
  eden space 87424K,   0% used [0x00000007a0000000, 0x00000007a0000000, 0x00000007a5560000)
  from space 21824K,  98% used [0x00000007a5560000, 0x00000007a6a4d838, 0x00000007a6ab0000)
  to   space 21824K,   0% used [0x00000007a6ab0000, 0x00000007a6ab0000, 0x00000007a8000000)
 concurrent mark-sweep generation total 393216K, used 130707K [0x00000007a8000000, 0x00000007c0000000, 0x00000007c0000000)
 Metaspace       used 34780K, capacity 35244K, committed 35652K, reserved 1081344K
  class space    used 4024K, capacity 4171K, committed 4192K, reserved 1048576K
}
2016-10-23T20:03:09.225+0800: 125.919: Total time for which application threads were stopped: 0.0080914 seconds, Stopping threads took: 0.0000299 seconds
{Heap before GC invocations=406 (full 16):
 par new generation   total 109248K, used 108854K [0x00000007a0000000, 0x00000007a8000000, 0x00000007a8000000)
  eden space 87424K, 100% used [0x00000007a0000000, 0x00000007a5560000, 0x00000007a5560000)
  from space 21824K,  98% used [0x00000007a5560000, 0x00000007a6a4d838, 0x00000007a6ab0000)
  to   space 21824K,   0% used [0x00000007a6ab0000, 0x00000007a6ab0000, 0x00000007a8000000)
 concurrent mark-sweep generation total 393216K, used 130707K [0x00000007a8000000, 0x00000007c0000000, 0x00000007c0000000)
 Metaspace       used 34780K, capacity 35244K, committed 35652K, reserved 1081344K
  class space    used 4024K, capacity 4171K, committed 4192K, reserved 1048576K
2016-10-23T20:03:09.432+0800: 126.126: [GC (Allocation Failure) 2016-10-23T20:03:09.432+0800: 126.126: [ParNew
Desired survivor size 20112992 bytes, new threshold 8 (max 8)
- age   1:    6209264 bytes,    6209264 total
- age   2:    4095400 bytes,   10304664 total
- age   3:    3868248 bytes,   14172912 total
- age   4:    1014088 bytes,   15187000 total
- age   5:     804496 bytes,   15991496 total
- age   6:    1014752 bytes,   17006248 total
- age   7:     662368 bytes,   17668616 total
- age   8:    1261352 bytes,   18929968 total
: 108854K->21824K(109248K), 0.0077369 secs] 239561K->153418K(502464K), 0.0077881 secs] [Times: user=0.03 sys=0.00, real=0.01 secs] 
Heap after GC invocations=407 (full 16):
 par new generation   total 109248K, used 21824K [0x00000007a0000000, 0x00000007a8000000, 0x00000007a8000000)
  eden space 87424K,   0% used [0x00000007a0000000, 0x00000007a0000000, 0x00000007a5560000)
  from space 21824K, 100% used [0x00000007a6ab0000, 0x00000007a8000000, 0x00000007a8000000)
  to   space 21824K,   0% used [0x00000007a5560000, 0x00000007a5560000, 0x00000007a6ab0000)
 concurrent mark-sweep generation total 393216K, used 131594K [0x00000007a8000000, 0x00000007c0000000, 0x00000007c0000000)
 Metaspace       used 34780K, capacity 35244K, committed 35652K, reserved 1081344K
  class space    used 4024K, capacity 4171K, committed 4192K, reserved 1048576K
}
2016-10-23T20:03:09.440+0800: 126.134: Total time for which application threads were stopped: 0.0080645 seconds, Stopping threads took: 0.0000928 seconds
{Heap before GC invocations=407 (full 16):
 par new generation   total 109248K, used 109248K [0x00000007a0000000, 0x00000007a8000000, 0x00000007a8000000)
  eden space 87424K, 100% used [0x00000007a0000000, 0x00000007a5560000, 0x00000007a5560000)
  from space 21824K, 100% used [0x00000007a6ab0000, 0x00000007a8000000, 0x00000007a8000000)
  to   space 21824K,   0% used [0x00000007a5560000, 0x00000007a5560000, 0x00000007a6ab0000)
 concurrent mark-sweep generation total 393216K, used 131594K [0x00000007a8000000, 0x00000007c0000000, 0x00000007c0000000)
 Metaspace       used 34780K, capacity 35244K, committed 35652K, reserved 1081344K
  class space    used 4024K, capacity 4171K, committed 4192K, reserved 1048576K
2016-10-23T20:03:09.565+0800: 126.258: [GC (Allocation Failure) 2016-10-23T20:03:09.565+0800: 126.258: [ParNew
Desired survivor size 20112992 bytes, new threshold 8 (max 8)
- age   1:    3324144 bytes,    3324144 total
- age   2:    6208480 bytes,    9532624 total
- age   3:    4090480 bytes,   13623104 total
- age   4:    1114888 bytes,   14737992 total
- age   5:    1009968 bytes,   15747960 total
- age   6:     800984 bytes,   16548944 total
- age   7:    1011840 bytes,   17560784 total
- age   8:     660216 bytes,   18221000 total
: 109248K->21824K(109248K), 0.0074714 secs] 240842K->156709K(502464K), 0.0075388 secs] [Times: user=0.02 sys=0.00, real=0.01 secs] 
Heap after GC invocations=408 (full 16):
 par new generation   total 109248K, used 21824K [0x00000007a0000000, 0x00000007a8000000, 0x00000007a8000000)
  eden space 87424K,   0% used [0x00000007a0000000, 0x00000007a0000000, 0x00000007a5560000)
  from space 21824K, 100% used [0x00000007a5560000, 0x00000007a6ab0000, 0x00000007a6ab0000)
  to   space 21824K,   0% used [0x00000007a6ab0000, 0x00000007a6ab0000, 0x00000007a8000000)
 concurrent mark-sweep generation total 393216K, used 134885K [0x00000007a8000000, 0x00000007c0000000, 0x00000007c0000000)
 Metaspace       used 34780K, capacity 35244K, committed 35652K, reserved 1081344K
  class space    used 4024K, capacity 4171K, committed 4192K, reserved 1048576K
}
2016-10-23T20:03:09.572+0800: 126.266: Total time for which application threads were stopped: 0.0077316 seconds, Stopping threads took: 0.0000400 seconds
{Heap before GC invocations=408 (full 16):
 par new generation   total 109248K, used 109248K [0x00000007a0000000, 0x00000007a8000000, 0x00000007a8000000)
  eden space 87424K, 100% used [0x00000007a0000000, 0x00000007a5560000, 0x00000007a5560000)
  from space 21824K, 100% used [0x00000007a5560000, 0x00000007a6ab0000, 0x00000007a6ab0000)
  to   space 21824K,   0% used [0x00000007a6ab0000, 0x00000007a6ab0000, 0x00000007a8000000)
 concurrent mark-sweep generation total 393216K, used 134885K [0x00000007a8000000, 0x00000007c0000000, 0x00000007c0000000)
 Metaspace       used 34780K, capacity 35244K, committed 35652K, reserved 1081344K
  class space    used 4024K, capacity 4171K, committed 4192K, reserved 1048576K
2016-10-23T20:03:09.693+0800: 126.387: [GC (Allocation Failure) 2016-10-23T20:03:09.693+0800: 126.387: [ParNew
Desired survivor size 20112992 bytes, new threshold 8 (max 8)
- age   1:     644408 bytes,     644408 total
- age   2:    2867312 bytes,    3511720 total
- age   3:    5944480 bytes,    9456200 total
- age   4:    4089648 bytes,   13545848 total
- age   5:    1113976 bytes,   14659824 total
- age   6:    1009104 bytes,   15668928 total
- age   7:     800392 bytes,   16469320 total
- age   8:     984288 bytes,   17453608 total
: 109248K->21824K(109248K), 0.0067434 secs] 244133K->158640K(502464K), 0.0068067 secs] [Times: user=0.03 sys=0.00, real=0.01 secs] 
Heap after GC invocations=409 (full 16):
 par new generation   total 109248K, used 21824K [0x00000007a0000000, 0x00000007a8000000, 0x00000007a8000000)
  eden space 87424K,   0% used [0x00000007a0000000, 0x00000007a0000000, 0x00000007a5560000)
  from space 21824K, 100% used [0x00000007a6ab0000, 0x00000007a8000000, 0x00000007a8000000)
  to   space 21824K,   0% used [0x00000007a5560000, 0x00000007a5560000, 0x00000007a6ab0000)
 concurrent mark-sweep generation total 393216K, used 136816K [0x00000007a8000000, 0x00000007c0000000, 0x00000007c0000000)
 Metaspace       used 34780K, capacity 35244K, committed 35652K, reserved 1081344K
  class space    used 4024K, capacity 4171K, committed 4192K, reserved 1048576K
}
2016-10-23T20:03:09.700+0800: 126.394: Total time for which application threads were stopped: 0.0070357 seconds, Stopping threads took: 0.0000960 seconds
{Heap before GC invocations=409 (full 16):
 par new generation   total 109248K, used 109248K [0x00000007a0000000, 0x00000007a8000000, 0x00000007a8000000)
  eden space 87424K, 100% used [0x00000007a0000000, 0x00000007a5560000, 0x00000007a5560000)
  from space 21824K, 100% used [0x00000007a6ab0000, 0x00000007a8000000, 0x00000007a8000000)
  to   space 21824K,   0% used [0x00000007a5560000, 0x00000007a5560000, 0x00000007a6ab0000)
 concurrent mark-sweep generation total 393216K, used 136816K [0x00000007a8000000, 0x00000007c0000000, 0x00000007c0000000)
 Metaspace       used 34780K, capacity 35244K, committed 35652K, reserved 1081344K
  class space    used 4024K, capacity 4171K, committed 4192K, reserved 1048576K
2016-10-23T20:03:09.858+0800: 126.552: [GC (Allocation Failure) 2016-10-23T20:03:09.858+0800: 126.552: [ParNew
Desired survivor size 20112992 bytes, new threshold 8 (max 8)
- age   1:    4678640 bytes,    4678640 total
- age   2:     599944 bytes,    5278584 total
- age   3:    2857760 bytes,    8136344 total
- age   4:    5353496 bytes,   13489840 total
- age   5:    3517016 bytes,   17006856 total
- age   6:    1104728 bytes,   18111584 total
- age   7:    1000672 bytes,   19112256 total
- age   8:     792824 bytes,   19905080 total
: 109248K->21824K(109248K), 0.0078155 secs] 246064K->164573K(502464K), 0.0078802 secs] [Times: user=0.03 sys=0.00, real=0.01 secs] 
Heap after GC invocations=410 (full 16):
 par new generation   total 109248K, used 21824K [0x00000007a0000000, 0x00000007a8000000, 0x00000007a8000000)
  eden space 87424K,   0% used [0x00000007a0000000, 0x00000007a0000000, 0x00000007a5560000)
  from space 21824K, 100% used [0x00000007a5560000, 0x00000007a6ab0000, 0x00000007a6ab0000)
  to   space 21824K,   0% used [0x00000007a6ab0000, 0x00000007a6ab0000, 0x00000007a8000000)
 concurrent mark-sweep generation total 393216K, used 142749K [0x00000007a8000000, 0x00000007c0000000, 0x00000007c0000000)
 Metaspace       used 34780K, capacity 35244K, committed 35652K, reserved 1081344K
  class space    used 4024K, capacity 4171K, committed 4192K, reserved 1048576K
}
2016-10-23T20:03:09.866+0800: 126.560: Total time for which application threads were stopped: 0.0080361 seconds, Stopping threads took: 0.0000197 seconds
{Heap before GC invocations=410 (full 16):
 par new generation   total 109248K, used 109248K [0x00000007a0000000, 0x00000007a8000000, 0x00000007a8000000)
  eden space 87424K, 100% used [0x00000007a0000000, 0x00000007a5560000, 0x00000007a5560000)
  from space 21824K, 100% used [0x00000007a5560000, 0x00000007a6ab0000, 0x00000007a6ab0000)
  to   space 21824K,   0% used [0x00000007a6ab0000, 0x00000007a6ab0000, 0x00000007a8000000)
 concurrent mark-sweep generation total 393216K, used 142749K [0x00000007a8000000, 0x00000007c0000000, 0x00000007c0000000)
 Metaspace       used 34781K, capacity 35244K, committed 35652K, reserved 1081344K
  class space    used 4024K, capacity 4171K, committed 4192K, reserved 1048576K
2016-10-23T20:03:09.999+0800: 126.693: [GC (Allocation Failure) 2016-10-23T20:03:09.999+0800: 126.693: [ParNew
Desired survivor size 20112992 bytes, new threshold 8 (max 8)
- age   1:    5448696 bytes,    5448696 total
- age   2:    4581912 bytes,   10030608 total
- age   3:     599928 bytes,   10630536 total
- age   4:    2857728 bytes,   13488264 total
- age   5:    1516760 bytes,   15005024 total
- age   6:    3516968 bytes,   18521992 total
- age   7:    1104712 bytes,   19626704 total
- age   8:    1000656 bytes,   20627360 total
: 109248K->21824K(109248K), 0.0068833 secs] 251997K->165615K(502464K), 0.0069387 secs] [Times: user=0.03 sys=0.00, real=0.01 secs] 
Heap after GC invocations=411 (full 16):
 par new generation   total 109248K, used 21824K [0x00000007a0000000, 0x00000007a8000000, 0x00000007a8000000)
  eden space 87424K,   0% used [0x00000007a0000000, 0x00000007a0000000, 0x00000007a5560000)
  from space 21824K, 100% used [0x00000007a6ab0000, 0x00000007a8000000, 0x00000007a8000000)
  to   space 21824K,   0% used [0x00000007a5560000, 0x00000007a5560000, 0x00000007a6ab0000)
 concurrent mark-sweep generation total 393216K, used 143791K [0x00000007a8000000, 0x00000007c0000000, 0x00000007c0000000)
 Metaspace       used 34781K, capacity 35244K, committed 35652K, reserved 1081344K
  class space    used 4024K, capacity 4171K, committed 4192K, reserved 1048576K
}
2016-10-23T20:03:10.006+0800: 126.700: Total time for which application threads were stopped: 0.0071673 seconds, Stopping threads took: 0.0000932 seconds
{Heap before GC invocations=411 (full 16):
 par new generation   total 109248K, used 109248K [0x00000007a0000000, 0x00000007a8000000, 0x00000007a8000000)
  eden space 87424K, 100% used [0x00000007a0000000, 0x00000007a5560000, 0x00000007a5560000)
  from space 21824K, 100% used [0x00000007a6ab0000, 0x00000007a8000000, 0x00000007a8000000)
  to   space 21824K,   0% used [0x00000007a5560000, 0x00000007a5560000, 0x00000007a6ab0000)
 concurrent mark-sweep generation total 393216K, used 143791K [0x00000007a8000000, 0x00000007c0000000, 0x00000007c0000000)
 Metaspace       used 34781K, capacity 35244K, committed 35652K, reserved 1081344K
  class space    used 4024K, capacity 4171K, committed 4192K, reserved 1048576K
2016-10-23T20:03:10.137+0800: 126.831: [GC (Allocation Failure) 2016-10-23T20:03:10.137+0800: 126.831: [ParNew
Desired survivor size 20112992 bytes, new threshold 8 (max 8)
- age   1:    3397800 bytes,    3397800 total
- age   2:    5030184 bytes,    8427984 total
- age   3:    4286776 bytes,   12714760 total
- age   4:     599912 bytes,   13314672 total
- age   5:    1565528 bytes,   14880200 total
- age   6:    1516760 bytes,   16396960 total
- age   7:    3516968 bytes,   19913928 total
- age   8:    1104696 bytes,   21018624 total
: 109248K->21824K(109248K), 0.0069588 secs] 253039K->167887K(502464K), 0.0070228 secs] [Times: user=0.02 sys=0.00, real=0.01 secs] 
Heap after GC invocations=412 (full 16):
 par new generation   total 109248K, used 21824K [0x00000007a0000000, 0x00000007a8000000, 0x00000007a8000000)
  eden space 87424K,   0% used [0x00000007a0000000, 0x00000007a0000000, 0x00000007a5560000)
  from space 21824K, 100% used [0x00000007a5560000, 0x00000007a6ab0000, 0x00000007a6ab0000)
  to   space 21824K,   0% used [0x00000007a6ab0000, 0x00000007a6ab0000, 0x00000007a8000000)
 concurrent mark-sweep generation total 393216K, used 146063K [0x00000007a8000000, 0x00000007c0000000, 0x00000007c0000000)
 Metaspace       used 34781K, capacity 35244K, committed 35652K, reserved 1081344K
  class space    used 4024K, capacity 4171K, committed 4192K, reserved 1048576K
}
2016-10-23T20:03:10.144+0800: 126.838: Total time for which application threads were stopped: 0.0072331 seconds, Stopping threads took: 0.0000614 seconds
{Heap before GC invocations=412 (full 16):
 par new generation   total 109248K, used 109248K [0x00000007a0000000, 0x00000007a8000000, 0x00000007a8000000)
  eden space 87424K, 100% used [0x00000007a0000000, 0x00000007a5560000, 0x00000007a5560000)
  from space 21824K, 100% used [0x00000007a5560000, 0x00000007a6ab0000, 0x00000007a6ab0000)
  to   space 21824K,   0% used [0x00000007a6ab0000, 0x00000007a6ab0000, 0x00000007a8000000)
 concurrent mark-sweep generation total 393216K, used 146063K [0x00000007a8000000, 0x00000007c0000000, 0x00000007c0000000)
 Metaspace       used 34781K, capacity 35244K, committed 35652K, reserved 1081344K
  class space    used 4024K, capacity 4171K, committed 4192K, reserved 1048576K
2016-10-23T20:03:10.269+0800: 126.963: [GC (Allocation Failure) 2016-10-23T20:03:10.269+0800: 126.963: [ParNew
Desired survivor size 20112992 bytes, new threshold 8 (max 8)
- age   1:    1978160 bytes,    1978160 total
- age   2:    2380312 bytes,    4358472 total
- age   3:    5010032 bytes,    9368504 total
- age   4:    3855832 bytes,   13224336 total
- age   5:     581696 bytes,   13806032 total
- age   6:     629464 bytes,   14435496 total
- age   7:    1500896 bytes,   15936392 total
- age   8:    3499256 bytes,   19435648 total
: 109248K->21824K(109248K), 0.0082985 secs] 255311K->170688K(502464K), 0.0083537 secs] [Times: user=0.03 sys=0.00, real=0.01 secs] 
Heap after GC invocations=413 (full 16):
 par new generation   total 109248K, used 21824K [0x00000007a0000000, 0x00000007a8000000, 0x00000007a8000000)
  eden space 87424K,   0% used [0x00000007a0000000, 0x00000007a0000000, 0x00000007a5560000)
  from space 21824K, 100% used [0x00000007a6ab0000, 0x00000007a8000000, 0x00000007a8000000)
  to   space 21824K,   0% used [0x00000007a5560000, 0x00000007a5560000, 0x00000007a6ab0000)
 concurrent mark-sweep generation total 393216K, used 148864K [0x00000007a8000000, 0x00000007c0000000, 0x00000007c0000000)
 Metaspace       used 34781K, capacity 35244K, committed 35652K, reserved 1081344K
  class space    used 4024K, capacity 4171K, committed 4192K, reserved 1048576K
}
2016-10-23T20:03:10.277+0800: 126.971: Total time for which application threads were stopped: 0.0086082 seconds, Stopping threads took: 0.0001079 seconds
{Heap before GC invocations=413 (full 16):
 par new generation   total 109248K, used 109248K [0x00000007a0000000, 0x00000007a8000000, 0x00000007a8000000)
  eden space 87424K, 100% used [0x00000007a0000000, 0x00000007a5560000, 0x00000007a5560000)
  from space 21824K, 100% used [0x00000007a6ab0000, 0x00000007a8000000, 0x00000007a8000000)
  to   space 21824K,   0% used [0x00000007a5560000, 0x00000007a5560000, 0x00000007a6ab0000)
 concurrent mark-sweep generation total 393216K, used 148864K [0x00000007a8000000, 0x00000007c0000000, 0x00000007c0000000)
 Metaspace       used 34781K, capacity 35244K, committed 35652K, reserved 1081344K
  class space    used 4024K, capacity 4171K, committed 4192K, reserved 1048576K
2016-10-23T20:03:10.398+0800: 127.092: [GC (Allocation Failure) 2016-10-23T20:03:10.398+0800: 127.092: [ParNew
Desired survivor size 20112992 bytes, new threshold 8 (max 8)
- age   1:    3079952 bytes,    3079952 total
- age   2:    1967448 bytes,    5047400 total
- age   3:    2380312 bytes,    7427712 total
- age   4:    5010032 bytes,   12437744 total
- age   5:    3088584 bytes,   15526328 total
- age   6:     581696 bytes,   16108024 total
- age   7:     629464 bytes,   16737488 total
- age   8:    1500896 bytes,   18238384 total
: 109248K->21824K(109248K), 0.0082813 secs] 258112K->178148K(502464K), 0.0083426 secs] [Times: user=0.03 sys=0.00, real=0.01 secs] 
Heap after GC invocations=414 (full 16):
 par new generation   total 109248K, used 21824K [0x00000007a0000000, 0x00000007a8000000, 0x00000007a8000000)
  eden space 87424K,   0% used [0x00000007a0000000, 0x00000007a0000000, 0x00000007a5560000)
  from space 21824K, 100% used [0x00000007a5560000, 0x00000007a6ab0000, 0x00000007a6ab0000)
  to   space 21824K,   0% used [0x00000007a6ab0000, 0x00000007a6ab0000, 0x00000007a8000000)
 concurrent mark-sweep generation total 393216K, used 156324K [0x00000007a8000000, 0x00000007c0000000, 0x00000007c0000000)
 Metaspace       used 34781K, capacity 35244K, committed 35652K, reserved 1081344K
  class space    used 4024K, capacity 4171K, committed 4192K, reserved 1048576K
}
2016-10-23T20:03:10.407+0800: 127.101: Total time for which application threads were stopped: 0.0086256 seconds, Stopping threads took: 0.0001061 seconds
{Heap before GC invocations=414 (full 16):
 par new generation   total 109248K, used 109248K [0x00000007a0000000, 0x00000007a8000000, 0x00000007a8000000)
  eden space 87424K, 100% used [0x00000007a0000000, 0x00000007a5560000, 0x00000007a5560000)
  from space 21824K, 100% used [0x00000007a5560000, 0x00000007a6ab0000, 0x00000007a6ab0000)
  to   space 21824K,   0% used [0x00000007a6ab0000, 0x00000007a6ab0000, 0x00000007a8000000)
 concurrent mark-sweep generation total 393216K, used 156324K [0x00000007a8000000, 0x00000007c0000000, 0x00000007c0000000)
 Metaspace       used 34781K, capacity 35244K, committed 35652K, reserved 1081344K
  class space    used 4024K, capacity 4171K, committed 4192K, reserved 1048576K
2016-10-23T20:03:10.562+0800: 127.256: [GC (Allocation Failure) 2016-10-23T20:03:10.562+0800: 127.256: [ParNew
Desired survivor size 20112992 bytes, new threshold 8 (max 8)
- age   1:    7429192 bytes,    7429192 total
- age   2:    3040512 bytes,   10469704 total
- age   3:    1960632 bytes,   12430336 total
- age   4:    2373392 bytes,   14803728 total
- age   5:     703400 bytes,   15507128 total
- age   6:    2228768 bytes,   17735896 total
- age   7:     581424 bytes,   18317320 total
- age   8:     629312 bytes,   18946632 total
: 109248K->21824K(109248K), 0.0081827 secs] 265572K->180007K(502464K), 0.0082574 secs] [Times: user=0.03 sys=0.00, real=0.01 secs] 
Heap after GC invocations=415 (full 16):
 par new generation   total 109248K, used 21824K [0x00000007a0000000, 0x00000007a8000000, 0x00000007a8000000)
  eden space 87424K,   0% used [0x00000007a0000000, 0x00000007a0000000, 0x00000007a5560000)
  from space 21824K, 100% used [0x00000007a6ab0000, 0x00000007a8000000, 0x00000007a8000000)
  to   space 21824K,   0% used [0x00000007a5560000, 0x00000007a5560000, 0x00000007a6ab0000)
 concurrent mark-sweep generation total 393216K, used 158183K [0x00000007a8000000, 0x00000007c0000000, 0x00000007c0000000)
 Metaspace       used 34781K, capacity 35244K, committed 35652K, reserved 1081344K
  class space    used 4024K, capacity 4171K, committed 4192K, reserved 1048576K
}
2016-10-23T20:03:10.570+0800: 127.264: Total time for which application threads were stopped: 0.0084868 seconds, Stopping threads took: 0.0000905 seconds
{Heap before GC invocations=415 (full 16):
 par new generation   total 109248K, used 109248K [0x00000007a0000000, 0x00000007a8000000, 0x00000007a8000000)
  eden space 87424K, 100% used [0x00000007a0000000, 0x00000007a5560000, 0x00000007a5560000)
  from space 21824K, 100% used [0x00000007a6ab0000, 0x00000007a8000000, 0x00000007a8000000)
  to   space 21824K,   0% used [0x00000007a5560000, 0x00000007a5560000, 0x00000007a6ab0000)
 concurrent mark-sweep generation total 393216K, used 158183K [0x00000007a8000000, 0x00000007c0000000, 0x00000007c0000000)
 Metaspace       used 34781K, capacity 35244K, committed 35652K, reserved 1081344K
  class space    used 4024K, capacity 4171K, committed 4192K, reserved 1048576K
2016-10-23T20:03:10.693+0800: 127.387: [GC (Allocation Failure) 2016-10-23T20:03:10.693+0800: 127.387: [ParNew
Desired survivor size 20112992 bytes, new threshold 8 (max 8)
- age   1:    1265960 bytes,    1265960 total
- age   2:    7369080 bytes,    8635040 total
- age   3:    2180656 bytes,   10815696 total
- age   4:    1960632 bytes,   12776328 total
- age   5:    2373392 bytes,   15149720 total
- age   6:     682136 bytes,   15831856 total
- age   7:    2228768 bytes,   18060624 total
- age   8:     581424 bytes,   18642048 total
: 109248K->21824K(109248K), 0.0085981 secs] 267431K->181479K(502464K), 0.0086709 secs] [Times: user=0.03 sys=0.00, real=0.01 secs] 
Heap after GC invocations=416 (full 16):
 par new generation   total 109248K, used 21824K [0x00000007a0000000, 0x00000007a8000000, 0x00000007a8000000)
  eden space 87424K,   0% used [0x00000007a0000000, 0x00000007a0000000, 0x00000007a5560000)
  from space 21824K, 100% used [0x00000007a5560000, 0x00000007a6ab0000, 0x00000007a6ab0000)
  to   space 21824K,   0% used [0x00000007a6ab0000, 0x00000007a6ab0000, 0x00000007a8000000)
 concurrent mark-sweep generation total 393216K, used 159655K [0x00000007a8000000, 0x00000007c0000000, 0x00000007c0000000)
 Metaspace       used 34781K, capacity 35244K, committed 35652K, reserved 1081344K
  class space    used 4024K, capacity 4171K, committed 4192K, reserved 1048576K
}
2016-10-23T20:03:10.701+0800: 127.395: Total time for which application threads were stopped: 0.0088891 seconds, Stopping threads took: 0.0000680 seconds
{Heap before GC invocations=416 (full 16):
 par new generation   total 109248K, used 109248K [0x00000007a0000000, 0x00000007a8000000, 0x00000007a8000000)
  eden space 87424K, 100% used [0x00000007a0000000, 0x00000007a5560000, 0x00000007a5560000)
  from space 21824K, 100% used [0x00000007a5560000, 0x00000007a6ab0000, 0x00000007a6ab0000)
  to   space 21824K,   0% used [0x00000007a6ab0000, 0x00000007a6ab0000, 0x00000007a8000000)
 concurrent mark-sweep generation total 393216K, used 159655K [0x00000007a8000000, 0x00000007c0000000, 0x00000007c0000000)
 Metaspace       used 34781K, capacity 35244K, committed 35652K, reserved 1081344K
  class space    used 4024K, capacity 4171K, committed 4192K, reserved 1048576K
2016-10-23T20:03:10.833+0800: 127.527: [GC (Allocation Failure) 2016-10-23T20:03:10.833+0800: 127.527: [ParNew
Desired survivor size 20112992 bytes, new threshold 8 (max 8)
- age   1:    3523320 bytes,    3523320 total
- age   2:    1094352 bytes,    4617672 total
- age   3:    7363696 bytes,   11981368 total
- age   4:    2174832 bytes,   14156200 total
- age   5:    1374376 bytes,   15530576 total
- age   6:     679160 bytes,   16209736 total
- age   7:     675840 bytes,   16885576 total
- age   8:    2222488 bytes,   19108064 total
: 109248K->21824K(109248K), 0.0079558 secs] 268903K->183532K(502464K), 0.0080354 secs] [Times: user=0.03 sys=0.00, real=0.01 secs] 
Heap after GC invocations=417 (full 16):
 par new generation   total 109248K, used 21824K [0x00000007a0000000, 0x00000007a8000000, 0x00000007a8000000)
  eden space 87424K,   0% used [0x00000007a0000000, 0x00000007a0000000, 0x00000007a5560000)
  from space 21824K, 100% used [0x00000007a6ab0000, 0x00000007a8000000, 0x00000007a8000000)
  to   space 21824K,   0% used [0x00000007a5560000, 0x00000007a5560000, 0x00000007a6ab0000)
 concurrent mark-sweep generation total 393216K, used 161708K [0x00000007a8000000, 0x00000007c0000000, 0x00000007c0000000)
 Metaspace       used 34781K, capacity 35244K, committed 35652K, reserved 1081344K
  class space    used 4024K, capacity 4171K, committed 4192K, reserved 1048576K
}
2016-10-23T20:03:10.841+0800: 127.535: Total time for which application threads were stopped: 0.0082593 seconds, Stopping threads took: 0.0000810 seconds
{Heap before GC invocations=417 (full 16):
 par new generation   total 109248K, used 109248K [0x00000007a0000000, 0x00000007a8000000, 0x00000007a8000000)
  eden space 87424K, 100% used [0x00000007a0000000, 0x00000007a5560000, 0x00000007a5560000)
  from space 21824K, 100% used [0x00000007a6ab0000, 0x00000007a8000000, 0x00000007a8000000)
  to   space 21824K,   0% used [0x00000007a5560000, 0x00000007a5560000, 0x00000007a6ab0000)
 concurrent mark-sweep generation total 393216K, used 161708K [0x00000007a8000000, 0x00000007c0000000, 0x00000007c0000000)
 Metaspace       used 34781K, capacity 35244K, committed 35652K, reserved 1081344K
  class space    used 4024K, capacity 4171K, committed 4192K, reserved 1048576K
2016-10-23T20:03:10.974+0800: 127.668: [GC (Allocation Failure) 2016-10-23T20:03:10.974+0800: 127.668: [ParNew
Desired survivor size 20112992 bytes, new threshold 8 (max 8)
- age   1:    1618528 bytes,    1618528 total
- age   2:    3496296 bytes,    5114824 total
- age   3:     955872 bytes,    6070696 total
- age   4:    7162776 bytes,   13233472 total
- age   5:    2172888 bytes,   15406360 total
- age   6:    1146624 bytes,   16552984 total
- age   7:     677584 bytes,   17230568 total
- age   8:     674096 bytes,   17904664 total
: 109248K->21824K(109248K), 0.0082006 secs] 270956K->186076K(502464K), 0.0082519 secs] [Times: user=0.03 sys=0.00, real=0.01 secs] 
Heap after GC invocations=418 (full 16):
 par new generation   total 109248K, used 21824K [0x00000007a0000000, 0x00000007a8000000, 0x00000007a8000000)
  eden space 87424K,   0% used [0x00000007a0000000, 0x00000007a0000000, 0x00000007a5560000)
  from space 21824K, 100% used [0x00000007a5560000, 0x00000007a6ab0000, 0x00000007a6ab0000)
  to   space 21824K,   0% used [0x00000007a6ab0000, 0x00000007a6ab0000, 0x00000007a8000000)
 concurrent mark-sweep generation total 393216K, used 164252K [0x00000007a8000000, 0x00000007c0000000, 0x00000007c0000000)
 Metaspace       used 34781K, capacity 35244K, committed 35652K, reserved 1081344K
  class space    used 4024K, capacity 4171K, committed 4192K, reserved 1048576K
}
2016-10-23T20:03:10.982+0800: 127.676: Total time for which application threads were stopped: 0.0085828 seconds, Stopping threads took: 0.0001082 seconds
{Heap before GC invocations=418 (full 16):
 par new generation   total 109248K, used 109248K [0x00000007a0000000, 0x00000007a8000000, 0x00000007a8000000)
  eden space 87424K, 100% used [0x00000007a0000000, 0x00000007a5560000, 0x00000007a5560000)
  from space 21824K, 100% used [0x00000007a5560000, 0x00000007a6ab0000, 0x00000007a6ab0000)
  to   space 21824K,   0% used [0x00000007a6ab0000, 0x00000007a6ab0000, 0x00000007a8000000)
 concurrent mark-sweep generation total 393216K, used 164252K [0x00000007a8000000, 0x00000007c0000000, 0x00000007c0000000)
 Metaspace       used 34781K, capacity 35244K, committed 35652K, reserved 1081344K
  class space    used 4024K, capacity 4171K, committed 4192K, reserved 1048576K
2016-10-23T20:03:11.108+0800: 127.802: [GC (Allocation Failure) 2016-10-23T20:03:11.108+0800: 127.802: [ParNew
Desired survivor size 20112992 bytes, new threshold 8 (max 8)
- age   1:    1433048 bytes,    1433048 total
- age   2:    1567736 bytes,    3000784 total
- age   3:    3496272 bytes,    6497056 total
- age   4:     955872 bytes,    7452928 total
- age   5:    7162752 bytes,   14615680 total
- age   6:    2169648 bytes,   16785328 total
- age   7:    1146624 bytes,   17931952 total
- age   8:     677584 bytes,   18609536 total
: 109248K->19331K(109248K), 0.0076912 secs] 273500K->184264K(502464K), 0.0077501 secs] [Times: user=0.03 sys=0.00, real=0.01 secs] 
Heap after GC invocations=419 (full 16):
 par new generation   total 109248K, used 19331K [0x00000007a0000000, 0x00000007a8000000, 0x00000007a8000000)
  eden space 87424K,   0% used [0x00000007a0000000, 0x00000007a0000000, 0x00000007a5560000)
  from space 21824K,  88% used [0x00000007a6ab0000, 0x00000007a7d90d40, 0x00000007a8000000)
  to   space 21824K,   0% used [0x00000007a5560000, 0x00000007a5560000, 0x00000007a6ab0000)
 concurrent mark-sweep generation total 393216K, used 164933K [0x00000007a8000000, 0x00000007c0000000, 0x00000007c0000000)
 Metaspace       used 34781K, capacity 35244K, committed 35652K, reserved 1081344K
  class space    used 4024K, capacity 4171K, committed 4192K, reserved 1048576K
}
2016-10-23T20:03:11.115+0800: 127.809: Total time for which application threads were stopped: 0.0080294 seconds, Stopping threads took: 0.0001089 seconds
{Heap before GC invocations=419 (full 16):
 par new generation   total 109248K, used 106755K [0x00000007a0000000, 0x00000007a8000000, 0x00000007a8000000)
  eden space 87424K, 100% used [0x00000007a0000000, 0x00000007a5560000, 0x00000007a5560000)
  from space 21824K,  88% used [0x00000007a6ab0000, 0x00000007a7d90d40, 0x00000007a8000000)
  to   space 21824K,   0% used [0x00000007a5560000, 0x00000007a5560000, 0x00000007a6ab0000)
 concurrent mark-sweep generation total 393216K, used 164933K [0x00000007a8000000, 0x00000007c0000000, 0x00000007c0000000)
 Metaspace       used 34781K, capacity 35244K, committed 35652K, reserved 1081344K
  class space    used 4024K, capacity 4171K, committed 4192K, reserved 1048576K
2016-10-23T20:03:11.230+0800: 127.924: [GC (Allocation Failure) 2016-10-23T20:03:11.230+0800: 127.924: [ParNew
Desired survivor size 20112992 bytes, new threshold 8 (max 8)
- age   1:    3659552 bytes,    3659552 total
- age   2:    1378312 bytes,    5037864 total
- age   3:    1563312 bytes,    6601176 total
- age   4:    3492104 bytes,   10093280 total
- age   5:     951936 bytes,   11045216 total
- age   6:    5728168 bytes,   16773384 total
- age   7:    1306704 bytes,   18080088 total
- age   8:    1143392 bytes,   19223480 total
: 106755K->21824K(109248K), 0.0086432 secs] 271688K->193147K(502464K), 0.0087040 secs] [Times: user=0.04 sys=0.00, real=0.00 secs] 
Heap after GC invocations=420 (full 16):
 par new generation   total 109248K, used 21824K [0x00000007a0000000, 0x00000007a8000000, 0x00000007a8000000)
  eden space 87424K,   0% used [0x00000007a0000000, 0x00000007a0000000, 0x00000007a5560000)
  from space 21824K, 100% used [0x00000007a5560000, 0x00000007a6ab0000, 0x00000007a6ab0000)
  to   space 21824K,   0% used [0x00000007a6ab0000, 0x00000007a6ab0000, 0x00000007a8000000)
 concurrent mark-sweep generation total 393216K, used 171323K [0x00000007a8000000, 0x00000007c0000000, 0x00000007c0000000)
 Metaspace       used 34781K, capacity 35244K, committed 35652K, reserved 1081344K
  class space    used 4024K, capacity 4171K, committed 4192K, reserved 1048576K
}
2016-10-23T20:03:11.239+0800: 127.933: Total time for which application threads were stopped: 0.0089610 seconds, Stopping threads took: 0.0001141 seconds
{Heap before GC invocations=420 (full 16):
 par new generation   total 109248K, used 109248K [0x00000007a0000000, 0x00000007a8000000, 0x00000007a8000000)
  eden space 87424K, 100% used [0x00000007a0000000, 0x00000007a5560000, 0x00000007a5560000)
  from space 21824K, 100% used [0x00000007a5560000, 0x00000007a6ab0000, 0x00000007a6ab0000)
  to   space 21824K,   0% used [0x00000007a6ab0000, 0x00000007a6ab0000, 0x00000007a8000000)
 concurrent mark-sweep generation total 393216K, used 171323K [0x00000007a8000000, 0x00000007c0000000, 0x00000007c0000000)
 Metaspace       used 34781K, capacity 35244K, committed 35652K, reserved 1081344K
  class space    used 4024K, capacity 4171K, committed 4192K, reserved 1048576K
2016-10-23T20:03:11.329+0800: 128.023: [GC (Allocation Failure) 2016-10-23T20:03:11.329+0800: 128.023: [ParNew
Desired survivor size 20112992 bytes, new threshold 8 (max 8)
- age   1:    6294592 bytes,    6294592 total
- age   2:    2496616 bytes,    8791208 total
- age   3:    1306040 bytes,   10097248 total
- age   4:    1523056 bytes,   11620304 total
- age   5:    3415464 bytes,   15035768 total
- age   6:     910880 bytes,   15946648 total
- age   7:     819824 bytes,   16766472 total
- age   8:    1273288 bytes,   18039760 total
: 109248K->21824K(109248K), 0.0077964 secs] 280571K->195911K(502464K), 0.0078620 secs] [Times: user=0.03 sys=0.01, real=0.01 secs] 
Heap after GC invocations=421 (full 16):
 par new generation   total 109248K, used 21824K [0x00000007a0000000, 0x00000007a8000000, 0x00000007a8000000)
  eden space 87424K,   0% used [0x00000007a0000000, 0x00000007a0000000, 0x00000007a5560000)
  from space 21824K, 100% used [0x00000007a6ab0000, 0x00000007a8000000, 0x00000007a8000000)
  to   space 21824K,   0% used [0x00000007a5560000, 0x00000007a5560000, 0x00000007a6ab0000)
 concurrent mark-sweep generation total 393216K, used 174087K [0x00000007a8000000, 0x00000007c0000000, 0x00000007c0000000)
 Metaspace       used 34781K, capacity 35244K, committed 35652K, reserved 1081344K
  class space    used 4024K, capacity 4171K, committed 4192K, reserved 1048576K
}
2016-10-23T20:03:11.337+0800: 128.030: Total time for which application threads were stopped: 0.0081171 seconds, Stopping threads took: 0.0000982 seconds
{Heap before GC invocations=421 (full 16):
 par new generation   total 109248K, used 109248K [0x00000007a0000000, 0x00000007a8000000, 0x00000007a8000000)
  eden space 87424K, 100% used [0x00000007a0000000, 0x00000007a5560000, 0x00000007a5560000)
  from space 21824K, 100% used [0x00000007a6ab0000, 0x00000007a8000000, 0x00000007a8000000)
  to   space 21824K,   0% used [0x00000007a5560000, 0x00000007a5560000, 0x00000007a6ab0000)
 concurrent mark-sweep generation total 393216K, used 174087K [0x00000007a8000000, 0x00000007c0000000, 0x00000007c0000000)
 Metaspace       used 34794K, capacity 35244K, committed 35652K, reserved 1081344K
  class space    used 4024K, capacity 4171K, committed 4192K, reserved 1048576K
2016-10-23T20:03:11.435+0800: 128.128: [GC (Allocation Failure) 2016-10-23T20:03:11.435+0800: 128.128: [ParNew
Desired survivor size 20112992 bytes, new threshold 7 (max 8)
- age   1:    4332896 bytes,    4332896 total
- age   2:    6287552 bytes,   10620448 total
- age   3:    2488968 bytes,   13109416 total
- age   4:    1295392 bytes,   14404808 total
- age   5:    1513752 bytes,   15918560 total
- age   6:    3409144 bytes,   19327704 total
- age   7:     879232 bytes,   20206936 total
- age   8:     813640 bytes,   21020576 total
: 109248K->21824K(109248K), 0.0085819 secs] 283335K->197261K(502464K), 0.0086386 secs] [Times: user=0.04 sys=0.00, real=0.01 secs] 
Heap after GC invocations=422 (full 16):
 par new generation   total 109248K, used 21824K [0x00000007a0000000, 0x00000007a8000000, 0x00000007a8000000)
  eden space 87424K,   0% used [0x00000007a0000000, 0x00000007a0000000, 0x00000007a5560000)
  from space 21824K, 100% used [0x00000007a5560000, 0x00000007a6ab0000, 0x00000007a6ab0000)
  to   space 21824K,   0% used [0x00000007a6ab0000, 0x00000007a6ab0000, 0x00000007a8000000)
 concurrent mark-sweep generation total 393216K, used 175437K [0x00000007a8000000, 0x00000007c0000000, 0x00000007c0000000)
 Metaspace       used 34794K, capacity 35244K, committed 35652K, reserved 1081344K
  class space    used 4024K, capacity 4171K, committed 4192K, reserved 1048576K
}
2016-10-23T20:03:11.443+0800: 128.137: Total time for which application threads were stopped: 0.0088811 seconds, Stopping threads took: 0.0000821 seconds
{Heap before GC invocations=422 (full 16):
 par new generation   total 109248K, used 109248K [0x00000007a0000000, 0x00000007a8000000, 0x00000007a8000000)
  eden space 87424K, 100% used [0x00000007a0000000, 0x00000007a5560000, 0x00000007a5560000)
  from space 21824K, 100% used [0x00000007a5560000, 0x00000007a6ab0000, 0x00000007a6ab0000)
  to   space 21824K,   0% used [0x00000007a6ab0000, 0x00000007a6ab0000, 0x00000007a8000000)
 concurrent mark-sweep generation total 393216K, used 175437K [0x00000007a8000000, 0x00000007c0000000, 0x00000007c0000000)
 Metaspace       used 34794K, capacity 35244K, committed 35652K, reserved 1081344K
  class space    used 4024K, capacity 4171K, committed 4192K, reserved 1048576K
2016-10-23T20:03:11.517+0800: 128.211: [GC (Allocation Failure) 2016-10-23T20:03:11.517+0800: 128.211: [ParNew
Desired survivor size 20112992 bytes, new threshold 8 (max 8)
- age   1:    2643976 bytes,    2643976 total
- age   2:    2816280 bytes,    5460256 total
- age   3:    5941480 bytes,   11401736 total
- age   4:    2469528 bytes,   13871264 total
- age   5:    1270696 bytes,   15141960 total
- age   6:    1493968 bytes,   16635928 total
- age   7:    1669016 bytes,   18304944 total
: 109248K->21824K(109248K), 0.0077689 secs] 284685K->202092K(502464K), 0.0078321 secs] [Times: user=0.03 sys=0.00, real=0.01 secs] 
Heap after GC invocations=423 (full 16):
 par new generation   total 109248K, used 21824K [0x00000007a0000000, 0x00000007a8000000, 0x00000007a8000000)
  eden space 87424K,   0% used [0x00000007a0000000, 0x00000007a0000000, 0x00000007a5560000)
  from space 21824K, 100% used [0x00000007a6ab0000, 0x00000007a8000000, 0x00000007a8000000)
  to   space 21824K,   0% used [0x00000007a5560000, 0x00000007a5560000, 0x00000007a6ab0000)
 concurrent mark-sweep generation total 393216K, used 180268K [0x00000007a8000000, 0x00000007c0000000, 0x00000007c0000000)
 Metaspace       used 34794K, capacity 35244K, committed 35652K, reserved 1081344K
  class space    used 4024K, capacity 4171K, committed 4192K, reserved 1048576K
}
2016-10-23T20:03:11.525+0800: 128.219: Total time for which application threads were stopped: 0.0080256 seconds, Stopping threads took: 0.0000677 seconds
{Heap before GC invocations=423 (full 16):
 par new generation   total 109248K, used 109248K [0x00000007a0000000, 0x00000007a8000000, 0x00000007a8000000)
  eden space 87424K, 100% used [0x00000007a0000000, 0x00000007a5560000, 0x00000007a5560000)
  from space 21824K, 100% used [0x00000007a6ab0000, 0x00000007a8000000, 0x00000007a8000000)
  to   space 21824K,   0% used [0x00000007a5560000, 0x00000007a5560000, 0x00000007a6ab0000)
 concurrent mark-sweep generation total 393216K, used 180268K [0x00000007a8000000, 0x00000007c0000000, 0x00000007c0000000)
 Metaspace       used 34794K, capacity 35244K, committed 35652K, reserved 1081344K
  class space    used 4024K, capacity 4171K, committed 4192K, reserved 1048576K
2016-10-23T20:03:11.569+0800: 128.263: [GC (Allocation Failure) 2016-10-23T20:03:11.569+0800: 128.263: [ParNew
Desired survivor size 20112992 bytes, new threshold 8 (max 8)
- age   1:     771816 bytes,     771816 total
- age   2:    2643464 bytes,    3415280 total
- age   3:    2815576 bytes,    6230856 total
- age   4:    5941480 bytes,   12172336 total
- age   5:    2469528 bytes,   14641864 total
- age   6:    1270696 bytes,   15912560 total
- age   7:    1493968 bytes,   17406528 total
- age   8:    1490952 bytes,   18897480 total
: 109248K->20765K(109248K), 0.0065198 secs] 289516K->201033K(502464K), 0.0065855 secs] [Times: user=0.03 sys=0.00, real=0.01 secs] 
Heap after GC invocations=424 (full 16):
 par new generation   total 109248K, used 20765K [0x00000007a0000000, 0x00000007a8000000, 0x00000007a8000000)
  eden space 87424K,   0% used [0x00000007a0000000, 0x00000007a0000000, 0x00000007a5560000)
  from space 21824K,  95% used [0x00000007a5560000, 0x00000007a69a74e8, 0x00000007a6ab0000)
  to   space 21824K,   0% used [0x00000007a6ab0000, 0x00000007a6ab0000, 0x00000007a8000000)
 concurrent mark-sweep generation total 393216K, used 180268K [0x00000007a8000000, 0x00000007c0000000, 0x00000007c0000000)
 Metaspace       used 34794K, capacity 35244K, committed 35652K, reserved 1081344K
  class space    used 4024K, capacity 4171K, committed 4192K, reserved 1048576K
}
2016-10-23T20:03:11.576+0800: 128.270: Total time for which application threads were stopped: 0.0067923 seconds, Stopping threads took: 0.0000666 seconds
{Heap before GC invocations=424 (full 16):
 par new generation   total 109248K, used 108189K [0x00000007a0000000, 0x00000007a8000000, 0x00000007a8000000)
  eden space 87424K, 100% used [0x00000007a0000000, 0x00000007a5560000, 0x00000007a5560000)
  from space 21824K,  95% used [0x00000007a5560000, 0x00000007a69a74e8, 0x00000007a6ab0000)
  to   space 21824K,   0% used [0x00000007a6ab0000, 0x00000007a6ab0000, 0x00000007a8000000)
 concurrent mark-sweep generation total 393216K, used 180268K [0x00000007a8000000, 0x00000007c0000000, 0x00000007c0000000)
 Metaspace       used 34794K, capacity 35244K, committed 35652K, reserved 1081344K
  class space    used 4024K, capacity 4171K, committed 4192K, reserved 1048576K
2016-10-23T20:03:11.623+0800: 128.317: [GC (Allocation Failure) 2016-10-23T20:03:11.623+0800: 128.317: [ParNew
Desired survivor size 20112992 bytes, new threshold 8 (max 8)
- age   1:    1349640 bytes,    1349640 total
- age   2:     704016 bytes,    2053656 total
- age   3:    2643464 bytes,    4697120 total
- age   4:    2815336 bytes,    7512456 total
- age   5:    5941480 bytes,   13453936 total
- age   6:    2469528 bytes,   15923464 total
- age   7:    1270696 bytes,   17194160 total
- age   8:    1493968 bytes,   18688128 total
: 108189K->21793K(109248K), 0.0067023 secs] 288457K->202896K(502464K), 0.0067524 secs] [Times: user=0.03 sys=0.00, real=0.01 secs] 
Heap after GC invocations=425 (full 16):
 par new generation   total 109248K, used 21793K [0x00000007a0000000, 0x00000007a8000000, 0x00000007a8000000)
  eden space 87424K,   0% used [0x00000007a0000000, 0x00000007a0000000, 0x00000007a5560000)
  from space 21824K,  99% used [0x00000007a6ab0000, 0x00000007a7ff8528, 0x00000007a8000000)
  to   space 21824K,   0% used [0x00000007a5560000, 0x00000007a5560000, 0x00000007a6ab0000)
 concurrent mark-sweep generation total 393216K, used 181102K [0x00000007a8000000, 0x00000007c0000000, 0x00000007c0000000)
 Metaspace       used 34794K, capacity 35244K, committed 35652K, reserved 1081344K
  class space    used 4024K, capacity 4171K, committed 4192K, reserved 1048576K
}
2016-10-23T20:03:11.630+0800: 128.324: Total time for which application threads were stopped: 0.0069722 seconds, Stopping threads took: 0.0000859 seconds
{Heap before GC invocations=425 (full 16):
 par new generation   total 109248K, used 109217K [0x00000007a0000000, 0x00000007a8000000, 0x00000007a8000000)
  eden space 87424K, 100% used [0x00000007a0000000, 0x00000007a5560000, 0x00000007a5560000)
  from space 21824K,  99% used [0x00000007a6ab0000, 0x00000007a7ff8528, 0x00000007a8000000)
  to   space 21824K,   0% used [0x00000007a5560000, 0x00000007a5560000, 0x00000007a6ab0000)
 concurrent mark-sweep generation total 393216K, used 181102K [0x00000007a8000000, 0x00000007c0000000, 0x00000007c0000000)
 Metaspace       used 34794K, capacity 35244K, committed 35652K, reserved 1081344K
  class space    used 4024K, capacity 4171K, committed 4192K, reserved 1048576K
2016-10-23T20:03:11.672+0800: 128.366: [GC (Allocation Failure) 2016-10-23T20:03:11.672+0800: 128.366: [ParNew
Desired survivor size 20112992 bytes, new threshold 8 (max 8)
- age   1:    1206464 bytes,    1206464 total
- age   2:    1265728 bytes,    2472192 total
- age   3:     704016 bytes,    3176208 total
- age   4:    2643464 bytes,    5819672 total
- age   5:    2814928 bytes,    8634600 total
- age   6:    5941480 bytes,   14576080 total
- age   7:    2469528 bytes,   17045608 total
- age   8:    1270696 bytes,   18316304 total
: 109217K->20495K(109248K), 0.0074524 secs] 290320K->203074K(502464K), 0.0075069 secs] [Times: user=0.03 sys=0.00, real=0.00 secs] 
Heap after GC invocations=426 (full 16):
 par new generation   total 109248K, used 20495K [0x00000007a0000000, 0x00000007a8000000, 0x00000007a8000000)
  eden space 87424K,   0% used [0x00000007a0000000, 0x00000007a0000000, 0x00000007a5560000)
  from space 21824K,  93% used [0x00000007a5560000, 0x00000007a6963eb0, 0x00000007a6ab0000)
  to   space 21824K,   0% used [0x00000007a6ab0000, 0x00000007a6ab0000, 0x00000007a8000000)
 concurrent mark-sweep generation total 393216K, used 182579K [0x00000007a8000000, 0x00000007c0000000, 0x00000007c0000000)
 Metaspace       used 34794K, capacity 35244K, committed 35652K, reserved 1081344K
  class space    used 4024K, capacity 4171K, committed 4192K, reserved 1048576K
}
2016-10-23T20:03:11.679+0800: 128.373: Total time for which application threads were stopped: 0.0077503 seconds, Stopping threads took: 0.0000942 seconds
{Heap before GC invocations=426 (full 16):
 par new generation   total 109248K, used 107919K [0x00000007a0000000, 0x00000007a8000000, 0x00000007a8000000)
  eden space 87424K, 100% used [0x00000007a0000000, 0x00000007a5560000, 0x00000007a5560000)
  from space 21824K,  93% used [0x00000007a5560000, 0x00000007a6963eb0, 0x00000007a6ab0000)
  to   space 21824K,   0% used [0x00000007a6ab0000, 0x00000007a6ab0000, 0x00000007a8000000)
 concurrent mark-sweep generation total 393216K, used 182579K [0x00000007a8000000, 0x00000007c0000000, 0x00000007c0000000)
 Metaspace       used 34794K, capacity 35244K, committed 35652K, reserved 1081344K
  class space    used 4024K, capacity 4171K, committed 4192K, reserved 1048576K
2016-10-23T20:03:11.720+0800: 128.414: [GC (Allocation Failure) 2016-10-23T20:03:11.720+0800: 128.414: [ParNew
Desired survivor size 20112992 bytes, new threshold 8 (max 8)
- age   1:     653672 bytes,     653672 total
- age   2:     948328 bytes,    1602000 total
- age   3:    1265728 bytes,    2867728 total
- age   4:     704016 bytes,    3571744 total
- age   5:    2643464 bytes,    6215208 total
- age   6:    2814576 bytes,    9029784 total
- age   7:    5941480 bytes,   14971264 total
- age   8:    2469528 bytes,   17440792 total
: 107919K->21358K(109248K), 0.0075853 secs] 290498K->205194K(502464K), 0.0076422 secs] [Times: user=0.02 sys=0.00, real=0.00 secs] 
Heap after GC invocations=427 (full 16):
 par new generation   total 109248K, used 21358K [0x00000007a0000000, 0x00000007a8000000, 0x00000007a8000000)
  eden space 87424K,   0% used [0x00000007a0000000, 0x00000007a0000000, 0x00000007a5560000)
  from space 21824K,  97% used [0x00000007a6ab0000, 0x00000007a7f8b958, 0x00000007a8000000)
  to   space 21824K,   0% used [0x00000007a5560000, 0x00000007a5560000, 0x00000007a6ab0000)
 concurrent mark-sweep generation total 393216K, used 183836K [0x00000007a8000000, 0x00000007c0000000, 0x00000007c0000000)
 Metaspace       used 34794K, capacity 35244K, committed 35652K, reserved 1081344K
  class space    used 4024K, capacity 4171K, committed 4192K, reserved 1048576K
}
2016-10-23T20:03:11.728+0800: 128.422: Total time for which application threads were stopped: 0.0078874 seconds, Stopping threads took: 0.0001105 seconds
{Heap before GC invocations=427 (full 16):
 par new generation   total 109248K, used 108782K [0x00000007a0000000, 0x00000007a8000000, 0x00000007a8000000)
  eden space 87424K, 100% used [0x00000007a0000000, 0x00000007a5560000, 0x00000007a5560000)
  from space 21824K,  97% used [0x00000007a6ab0000, 0x00000007a7f8b958, 0x00000007a8000000)
  to   space 21824K,   0% used [0x00000007a5560000, 0x00000007a5560000, 0x00000007a6ab0000)
 concurrent mark-sweep generation total 393216K, used 183836K [0x00000007a8000000, 0x00000007c0000000, 0x00000007c0000000)
 Metaspace       used 34794K, capacity 35244K, committed 35652K, reserved 1081344K
  class space    used 4024K, capacity 4171K, committed 4192K, reserved 1048576K
2016-10-23T20:03:11.766+0800: 128.460: [GC (Allocation Failure) 2016-10-23T20:03:11.766+0800: 128.460: [ParNew
Desired survivor size 20112992 bytes, new threshold 8 (max 8)
- age   1:     403552 bytes,     403552 total
- age   2:     456664 bytes,     860216 total
- age   3:     948352 bytes,    1808568 total
- age   4:    1265728 bytes,    3074296 total
- age   5:     704016 bytes,    3778312 total
- age   6:    2643464 bytes,    6421776 total
- age   7:    2813952 bytes,    9235728 total
- age   8:    7029744 bytes,   16265472 total
: 108782K->18727K(109248K), 0.0066381 secs] 292618K->204989K(502464K), 0.0066990 secs] [Times: user=0.02 sys=0.00, real=0.01 secs] 
Heap after GC invocations=428 (full 16):
 par new generation   total 109248K, used 18727K [0x00000007a0000000, 0x00000007a8000000, 0x00000007a8000000)
  eden space 87424K,   0% used [0x00000007a0000000, 0x00000007a0000000, 0x00000007a5560000)
  from space 21824K,  85% used [0x00000007a5560000, 0x00000007a67a9c30, 0x00000007a6ab0000)
  to   space 21824K,   0% used [0x00000007a6ab0000, 0x00000007a6ab0000, 0x00000007a8000000)
 concurrent mark-sweep generation total 393216K, used 186262K [0x00000007a8000000, 0x00000007c0000000, 0x00000007c0000000)
 Metaspace       used 34794K, capacity 35244K, committed 35652K, reserved 1081344K
  class space    used 4024K, capacity 4171K, committed 4192K, reserved 1048576K
}
2016-10-23T20:03:11.773+0800: 128.467: Total time for which application threads were stopped: 0.0069755 seconds, Stopping threads took: 0.0001051 seconds
{Heap before GC invocations=428 (full 16):
 par new generation   total 109248K, used 106151K [0x00000007a0000000, 0x00000007a8000000, 0x00000007a8000000)
  eden space 87424K, 100% used [0x00000007a0000000, 0x00000007a5560000, 0x00000007a5560000)
  from space 21824K,  85% used [0x00000007a5560000, 0x00000007a67a9c30, 0x00000007a6ab0000)
  to   space 21824K,   0% used [0x00000007a6ab0000, 0x00000007a6ab0000, 0x00000007a8000000)
 concurrent mark-sweep generation total 393216K, used 186262K [0x00000007a8000000, 0x00000007c0000000, 0x00000007c0000000)
 Metaspace       used 34794K, capacity 35244K, committed 35652K, reserved 1081344K
  class space    used 4024K, capacity 4171K, committed 4192K, reserved 1048576K
2016-10-23T20:03:11.900+0800: 128.594: [GC (Allocation Failure) 2016-10-23T20:03:11.901+0800: 128.594: [ParNew
Desired survivor size 20112992 bytes, new threshold 8 (max 8)
- age   1:    2759928 bytes,    2759928 total
- age   2:     347576 bytes,    3107504 total
- age   3:     428608 bytes,    3536112 total
- age   4:     920456 bytes,    4456568 total
- age   5:    1199000 bytes,    5655568 total
- age   6:     699384 bytes,    6354952 total
- age   7:    2640600 bytes,    8995552 total
- age   8:    2767912 bytes,   11763464 total
: 106151K->12743K(109248K), 0.0092287 secs] 292413K->204819K(502464K), 0.0092908 secs] [Times: user=0.04 sys=0.00, real=0.01 secs] 
Heap after GC invocations=429 (full 16):
 par new generation   total 109248K, used 12743K [0x00000007a0000000, 0x00000007a8000000, 0x00000007a8000000)
  eden space 87424K,   0% used [0x00000007a0000000, 0x00000007a0000000, 0x00000007a5560000)
  from space 21824K,  58% used [0x00000007a6ab0000, 0x00000007a7721cd0, 0x00000007a8000000)
  to   space 21824K,   0% used [0x00000007a5560000, 0x00000007a5560000, 0x00000007a6ab0000)
 concurrent mark-sweep generation total 393216K, used 192076K [0x00000007a8000000, 0x00000007c0000000, 0x00000007c0000000)
 Metaspace       used 34794K, capacity 35244K, committed 35652K, reserved 1081344K
  class space    used 4024K, capacity 4171K, committed 4192K, reserved 1048576K
}
2016-10-23T20:03:11.910+0800: 128.604: Total time for which application threads were stopped: 0.0095163 seconds, Stopping threads took: 0.0000588 seconds
{Heap before GC invocations=429 (full 16):
 par new generation   total 109248K, used 100167K [0x00000007a0000000, 0x00000007a8000000, 0x00000007a8000000)
  eden space 87424K, 100% used [0x00000007a0000000, 0x00000007a5560000, 0x00000007a5560000)
  from space 21824K,  58% used [0x00000007a6ab0000, 0x00000007a7721cd0, 0x00000007a8000000)
  to   space 21824K,   0% used [0x00000007a5560000, 0x00000007a5560000, 0x00000007a6ab0000)
 concurrent mark-sweep generation total 393216K, used 192076K [0x00000007a8000000, 0x00000007c0000000, 0x00000007c0000000)
 Metaspace       used 34794K, capacity 35244K, committed 35652K, reserved 1081344K
  class space    used 4024K, capacity 4171K, committed 4192K, reserved 1048576K
2016-10-23T20:03:12.031+0800: 128.725: [GC (Allocation Failure) 2016-10-23T20:03:12.031+0800: 128.725: [ParNew
Desired survivor size 20112992 bytes, new threshold 8 (max 8)
- age   1:    5351128 bytes,    5351128 total
- age   2:    2604432 bytes,    7955560 total
- age   3:     347576 bytes,    8303136 total
- age   4:     428608 bytes,    8731744 total
- age   5:     920456 bytes,    9652200 total
- age   6:    1199000 bytes,   10851200 total
- age   7:     699384 bytes,   11550584 total
- age   8:    2640600 bytes,   14191184 total
: 100167K->17752K(109248K), 0.0070914 secs] 292243K->212542K(502464K), 0.0071683 secs] [Times: user=0.03 sys=0.00, real=0.00 secs] 
Heap after GC invocations=430 (full 16):
 par new generation   total 109248K, used 17752K [0x00000007a0000000, 0x00000007a8000000, 0x00000007a8000000)
  eden space 87424K,   0% used [0x00000007a0000000, 0x00000007a0000000, 0x00000007a5560000)
  from space 21824K,  81% used [0x00000007a5560000, 0x00000007a66b62a8, 0x00000007a6ab0000)
  to   space 21824K,   0% used [0x00000007a6ab0000, 0x00000007a6ab0000, 0x00000007a8000000)
 concurrent mark-sweep generation total 393216K, used 194789K [0x00000007a8000000, 0x00000007c0000000, 0x00000007c0000000)
 Metaspace       used 34794K, capacity 35244K, committed 35652K, reserved 1081344K
  class space    used 4024K, capacity 4171K, committed 4192K, reserved 1048576K
}
2016-10-23T20:03:12.038+0800: 128.732: Total time for which application threads were stopped: 0.0074575 seconds, Stopping threads took: 0.0001132 seconds
{Heap before GC invocations=430 (full 16):
 par new generation   total 109248K, used 105176K [0x00000007a0000000, 0x00000007a8000000, 0x00000007a8000000)
  eden space 87424K, 100% used [0x00000007a0000000, 0x00000007a5560000, 0x00000007a5560000)
  from space 21824K,  81% used [0x00000007a5560000, 0x00000007a66b62a8, 0x00000007a6ab0000)
  to   space 21824K,   0% used [0x00000007a6ab0000, 0x00000007a6ab0000, 0x00000007a8000000)
 concurrent mark-sweep generation total 393216K, used 194789K [0x00000007a8000000, 0x00000007c0000000, 0x00000007c0000000)
 Metaspace       used 34794K, capacity 35244K, committed 35652K, reserved 1081344K
  class space    used 4024K, capacity 4171K, committed 4192K, reserved 1048576K
2016-10-23T20:03:12.104+0800: 128.798: [GC (Allocation Failure) 2016-10-23T20:03:12.104+0800: 128.798: [ParNew
Desired survivor size 20112992 bytes, new threshold 8 (max 8)
- age   1:    8579416 bytes,    8579416 total
- age   2:    5310792 bytes,   13890208 total
- age   3:    2604432 bytes,   16494640 total
- age   4:     347576 bytes,   16842216 total
- age   5:     428608 bytes,   17270824 total
- age   6:     920456 bytes,   18191280 total
- age   7:    1199000 bytes,   19390280 total
- age   8:     699384 bytes,   20089664 total
: 105176K->21273K(109248K), 0.0073377 secs] 299966K->218651K(502464K), 0.0074089 secs] [Times: user=0.03 sys=0.01, real=0.01 secs] 
Heap after GC invocations=431 (full 16):
 par new generation   total 109248K, used 21273K [0x00000007a0000000, 0x00000007a8000000, 0x00000007a8000000)
  eden space 87424K,   0% used [0x00000007a0000000, 0x00000007a0000000, 0x00000007a5560000)
  from space 21824K,  97% used [0x00000007a6ab0000, 0x00000007a7f76698, 0x00000007a8000000)
  to   space 21824K,   0% used [0x00000007a5560000, 0x00000007a5560000, 0x00000007a6ab0000)
 concurrent mark-sweep generation total 393216K, used 197377K [0x00000007a8000000, 0x00000007c0000000, 0x00000007c0000000)
 Metaspace       used 34794K, capacity 35244K, committed 35652K, reserved 1081344K
  class space    used 4024K, capacity 4171K, committed 4192K, reserved 1048576K
}
2016-10-23T20:03:12.111+0800: 128.805: Total time for which application threads were stopped: 0.0076458 seconds, Stopping threads took: 0.0000319 seconds
2016-10-23T20:03:12.111+0800: 128.805: [GC (CMS Initial Mark) [1 CMS-initial-mark: 197377K(393216K)] 219883K(502464K), 0.0010012 secs] [Times: user=0.00 sys=0.00, real=0.00 secs] 
2016-10-23T20:03:12.113+0800: 128.806: Total time for which application threads were stopped: 0.0011737 seconds, Stopping threads took: 0.0000849 seconds
2016-10-23T20:03:12.113+0800: 128.807: [CMS-concurrent-mark-start]
2016-10-23T20:03:12.144+0800: 128.838: [CMS-concurrent-mark: 0.032/0.032 secs] [Times: user=0.19 sys=0.00, real=0.03 secs] 
2016-10-23T20:03:12.144+0800: 128.838: [CMS-concurrent-preclean-start]
2016-10-23T20:03:12.146+0800: 128.840: [CMS-concurrent-preclean: 0.002/0.002 secs] [Times: user=0.00 sys=0.00, real=0.00 secs] 
2016-10-23T20:03:12.146+0800: 128.840: [CMS-concurrent-abortable-preclean-start]
{Heap before GC invocations=431 (full 17):
 par new generation   total 109248K, used 108697K [0x00000007a0000000, 0x00000007a8000000, 0x00000007a8000000)
  eden space 87424K, 100% used [0x00000007a0000000, 0x00000007a5560000, 0x00000007a5560000)
  from space 21824K,  97% used [0x00000007a6ab0000, 0x00000007a7f76698, 0x00000007a8000000)
  to   space 21824K,   0% used [0x00000007a5560000, 0x00000007a5560000, 0x00000007a6ab0000)
 concurrent mark-sweep generation total 393216K, used 197377K [0x00000007a8000000, 0x00000007c0000000, 0x00000007c0000000)
 Metaspace       used 34794K, capacity 35244K, committed 35652K, reserved 1081344K
  class space    used 4024K, capacity 4171K, committed 4192K, reserved 1048576K
2016-10-23T20:03:12.192+0800: 128.886: [GC (Allocation Failure) 2016-10-23T20:03:12.192+0800: 128.886: [ParNew
Desired survivor size 20112992 bytes, new threshold 8 (max 8)
- age   1:    2725280 bytes,    2725280 total
- age   2:    5265432 bytes,    7990712 total
- age   3:    5296872 bytes,   13287584 total
- age   4:    2604456 bytes,   15892040 total
- age   5:     347576 bytes,   16239616 total
- age   6:     428608 bytes,   16668224 total
- age   7:     920456 bytes,   17588680 total
- age   8:    1199000 bytes,   18787680 total
: 108697K->21326K(109248K), 0.0069919 secs] 306075K->222583K(502464K), 0.0070414 secs] [Times: user=0.02 sys=0.00, real=0.00 secs] 
Heap after GC invocations=432 (full 17):
 par new generation   total 109248K, used 21326K [0x00000007a0000000, 0x00000007a8000000, 0x00000007a8000000)
  eden space 87424K,   0% used [0x00000007a0000000, 0x00000007a0000000, 0x00000007a5560000)
  from space 21824K,  97% used [0x00000007a5560000, 0x00000007a6a33bd0, 0x00000007a6ab0000)
  to   space 21824K,   0% used [0x00000007a6ab0000, 0x00000007a6ab0000, 0x00000007a8000000)
 concurrent mark-sweep generation total 393216K, used 201256K [0x00000007a8000000, 0x00000007c0000000, 0x00000007c0000000)
 Metaspace       used 34794K, capacity 35244K, committed 35652K, reserved 1081344K
  class space    used 4024K, capacity 4171K, committed 4192K, reserved 1048576K
}
2016-10-23T20:03:12.199+0800: 128.893: Total time for which application threads were stopped: 0.0072798 seconds, Stopping threads took: 0.0000989 seconds
2016-10-23T20:03:12.243+0800: 128.937: [CMS-concurrent-abortable-preclean: 0.089/0.097 secs] [Times: user=0.30 sys=0.00, real=0.10 secs] 
2016-10-23T20:03:12.244+0800: 128.938: [GC (CMS Final Remark) [YG occupancy: 81679 K (109248 K)]{Heap before GC invocations=432 (full 17):
 par new generation   total 109248K, used 81679K [0x00000007a0000000, 0x00000007a8000000, 0x00000007a8000000)
  eden space 87424K,  69% used [0x00000007a0000000, 0x00000007a3af00c0, 0x00000007a5560000)
  from space 21824K,  97% used [0x00000007a5560000, 0x00000007a6a33bd0, 0x00000007a6ab0000)
  to   space 21824K,   0% used [0x00000007a6ab0000, 0x00000007a6ab0000, 0x00000007a8000000)
 concurrent mark-sweep generation total 393216K, used 201256K [0x00000007a8000000, 0x00000007c0000000, 0x00000007c0000000)
 Metaspace       used 34794K, capacity 35244K, committed 35652K, reserved 1081344K
  class space    used 4024K, capacity 4171K, committed 4192K, reserved 1048576K
2016-10-23T20:03:12.244+0800: 128.938: [GC (CMS Final Remark) 2016-10-23T20:03:12.244+0800: 128.938: [ParNew
Desired survivor size 20112992 bytes, new threshold 8 (max 8)
- age   1:    1964784 bytes,    1964784 total
- age   2:    2711288 bytes,    4676072 total
- age   3:    5265432 bytes,    9941504 total
- age   4:    5296392 bytes,   15237896 total
- age   5:    2604432 bytes,   17842328 total
- age   6:     347576 bytes,   18189904 total
- age   7:     428608 bytes,   18618512 total
- age   8:     920456 bytes,   19538968 total
: 81679K->21228K(109248K), 0.0063495 secs] 282935K->223664K(502464K), 0.0063892 secs] [Times: user=0.02 sys=0.00, real=0.01 secs] 
Heap after GC invocations=433 (full 17):
 par new generation   total 109248K, used 21228K [0x00000007a0000000, 0x00000007a8000000, 0x00000007a8000000)
  eden space 87424K,   0% used [0x00000007a0000000, 0x00000007a0000000, 0x00000007a5560000)
  from space 21824K,  97% used [0x00000007a6ab0000, 0x00000007a7f6b390, 0x00000007a8000000)
  to   space 21824K,   0% used [0x00000007a5560000, 0x00000007a5560000, 0x00000007a6ab0000)
 concurrent mark-sweep generation total 393216K, used 202435K [0x00000007a8000000, 0x00000007c0000000, 0x00000007c0000000)
 Metaspace       used 34794K, capacity 35244K, committed 35652K, reserved 1081344K
  class space    used 4024K, capacity 4171K, committed 4192K, reserved 1048576K
}
2016-10-23T20:03:12.250+0800: 128.944: [Rescan (parallel) , 0.0032640 secs]2016-10-23T20:03:12.253+0800: 128.947: [weak refs processing, 0.0009001 secs]2016-10-23T20:03:12.254+0800: 128.948: [class unloading, 0.0067379 secs]2016-10-23T20:03:12.261+0800: 128.955: [scrub symbol table, 0.0060221 secs]2016-10-23T20:03:12.267+0800: 128.961: [scrub string table, 0.0004938 secs][1 CMS-remark: 202435K(393216K)] 223664K(502464K), 0.0240326 secs] [Times: user=0.05 sys=0.00, real=0.02 secs] 
2016-10-23T20:03:12.268+0800: 128.962: Total time for which application threads were stopped: 0.0242526 seconds, Stopping threads took: 0.0001070 seconds
2016-10-23T20:03:12.268+0800: 128.962: [CMS-concurrent-sweep-start]
2016-10-23T20:03:12.300+0800: 128.994: [CMS-concurrent-sweep: 0.032/0.032 secs] [Times: user=0.09 sys=0.00, real=0.04 secs] 
2016-10-23T20:03:12.300+0800: 128.994: [CMS-concurrent-reset-start]
2016-10-23T20:03:12.300+0800: 128.994: [CMS-concurrent-reset: 0.000/0.000 secs] [Times: user=0.00 sys=0.00, real=0.00 secs] 
{Heap before GC invocations=433 (full 17):
 par new generation   total 109248K, used 108652K [0x00000007a0000000, 0x00000007a8000000, 0x00000007a8000000)
  eden space 87424K, 100% used [0x00000007a0000000, 0x00000007a5560000, 0x00000007a5560000)
  from space 21824K,  97% used [0x00000007a6ab0000, 0x00000007a7f6b390, 0x00000007a8000000)
  to   space 21824K,   0% used [0x00000007a5560000, 0x00000007a5560000, 0x00000007a6ab0000)
 concurrent mark-sweep generation total 393216K, used 151606K [0x00000007a8000000, 0x00000007c0000000, 0x00000007c0000000)
 Metaspace       used 34794K, capacity 35244K, committed 35652K, reserved 1081344K
  class space    used 4024K, capacity 4171K, committed 4192K, reserved 1048576K
2016-10-23T20:03:12.334+0800: 129.028: [GC (Allocation Failure) 2016-10-23T20:03:12.334+0800: 129.028: [ParNew
Desired survivor size 20112992 bytes, new threshold 8 (max 8)
- age   1:     651256 bytes,     651256 total
- age   2:    1941424 bytes,    2592680 total
- age   3:    2711288 bytes,    5303968 total
- age   4:    5265432 bytes,   10569400 total
- age   5:    5295928 bytes,   15865328 total
- age   6:    2473040 bytes,   18338368 total
- age   7:     347576 bytes,   18685944 total
- age   8:     428608 bytes,   19114552 total
: 108652K->21319K(109248K), 0.0067818 secs] 260259K->173831K(502464K), 0.0068530 secs] [Times: user=0.02 sys=0.00, real=0.01 secs] 
Heap after GC invocations=434 (full 17):
 par new generation   total 109248K, used 21319K [0x00000007a0000000, 0x00000007a8000000, 0x00000007a8000000)
  eden space 87424K,   0% used [0x00000007a0000000, 0x00000007a0000000, 0x00000007a5560000)
  from space 21824K,  97% used [0x00000007a5560000, 0x00000007a6a31e38, 0x00000007a6ab0000)
  to   space 21824K,   0% used [0x00000007a6ab0000, 0x00000007a6ab0000, 0x00000007a8000000)
 concurrent mark-sweep generation total 393216K, used 152512K [0x00000007a8000000, 0x00000007c0000000, 0x00000007c0000000)
 Metaspace       used 34794K, capacity 35244K, committed 35652K, reserved 1081344K
  class space    used 4024K, capacity 4171K, committed 4192K, reserved 1048576K
}
2016-10-23T20:03:12.341+0800: 129.035: Total time for which application threads were stopped: 0.0070979 seconds, Stopping threads took: 0.0000917 seconds
{Heap before GC invocations=434 (full 17):
 par new generation   total 109248K, used 108743K [0x00000007a0000000, 0x00000007a8000000, 0x00000007a8000000)
  eden space 87424K, 100% used [0x00000007a0000000, 0x00000007a5560000, 0x00000007a5560000)
  from space 21824K,  97% used [0x00000007a5560000, 0x00000007a6a31e38, 0x00000007a6ab0000)
  to   space 21824K,   0% used [0x00000007a6ab0000, 0x00000007a6ab0000, 0x00000007a8000000)
 concurrent mark-sweep generation total 393216K, used 152512K [0x00000007a8000000, 0x00000007c0000000, 0x00000007c0000000)
 Metaspace       used 34794K, capacity 35244K, committed 35652K, reserved 1081344K
  class space    used 4024K, capacity 4171K, committed 4192K, reserved 1048576K
2016-10-23T20:03:12.422+0800: 129.116: [GC (Allocation Failure) 2016-10-23T20:03:12.422+0800: 129.116: [ParNew
Desired survivor size 20112992 bytes, new threshold 7 (max 8)
- age   1:    6751672 bytes,    6751672 total
- age   2:     578016 bytes,    7329688 total
- age   3:    1902128 bytes,    9231816 total
- age   4:    2632032 bytes,   11863848 total
- age   5:    1971680 bytes,   13835528 total
- age   6:    5147568 bytes,   18983096 total
- age   7:    2400872 bytes,   21383968 total
- age   8:     327024 bytes,   21710992 total
: 108743K->21824K(109248K), 0.0073875 secs] 261255K->178748K(502464K), 0.0074366 secs] [Times: user=0.02 sys=0.01, real=0.00 secs] 
Heap after GC invocations=435 (full 17):
 par new generation   total 109248K, used 21824K [0x00000007a0000000, 0x00000007a8000000, 0x00000007a8000000)
  eden space 87424K,   0% used [0x00000007a0000000, 0x00000007a0000000, 0x00000007a5560000)
  from space 21824K, 100% used [0x00000007a6ab0000, 0x00000007a8000000, 0x00000007a8000000)
  to   space 21824K,   0% used [0x00000007a5560000, 0x00000007a5560000, 0x00000007a6ab0000)
 concurrent mark-sweep generation total 393216K, used 156924K [0x00000007a8000000, 0x00000007c0000000, 0x00000007c0000000)
 Metaspace       used 34794K, capacity 35244K, committed 35652K, reserved 1081344K
  class space    used 4024K, capacity 4171K, committed 4192K, reserved 1048576K
}
2016-10-23T20:03:12.430+0800: 129.123: Total time for which application threads were stopped: 0.0076543 seconds, Stopping threads took: 0.0000716 seconds
{Heap before GC invocations=435 (full 17):
 par new generation   total 109248K, used 109248K [0x00000007a0000000, 0x00000007a8000000, 0x00000007a8000000)
  eden space 87424K, 100% used [0x00000007a0000000, 0x00000007a5560000, 0x00000007a5560000)
  from space 21824K, 100% used [0x00000007a6ab0000, 0x00000007a8000000, 0x00000007a8000000)
  to   space 21824K,   0% used [0x00000007a5560000, 0x00000007a5560000, 0x00000007a6ab0000)
 concurrent mark-sweep generation total 393216K, used 156924K [0x00000007a8000000, 0x00000007c0000000, 0x00000007c0000000)
 Metaspace       used 34794K, capacity 35244K, committed 35652K, reserved 1081344K
  class space    used 4024K, capacity 4171K, committed 4192K, reserved 1048576K
2016-10-23T20:03:12.574+0800: 129.268: [GC (Allocation Failure) 2016-10-23T20:03:12.574+0800: 129.268: [ParNew
Desired survivor size 20112992 bytes, new threshold 7 (max 8)
- age   1:    4158880 bytes,    4158880 total
- age   2:    6565088 bytes,   10723968 total
- age   3:     264896 bytes,   10988864 total
- age   4:    1096432 bytes,   12085296 total
- age   5:    2483848 bytes,   14569144 total
- age   6:    1952648 bytes,   16521792 total
- age   7:    5019256 bytes,   21541048 total
: 109248K->21824K(109248K), 0.0074136 secs] 266172K->185068K(502464K), 0.0074864 secs] [Times: user=0.03 sys=0.00, real=0.01 secs] 
Heap after GC invocations=436 (full 17):
 par new generation   total 109248K, used 21824K [0x00000007a0000000, 0x00000007a8000000, 0x00000007a8000000)
  eden space 87424K,   0% used [0x00000007a0000000, 0x00000007a0000000, 0x00000007a5560000)
  from space 21824K, 100% used [0x00000007a5560000, 0x00000007a6ab0000, 0x00000007a6ab0000)
  to   space 21824K,   0% used [0x00000007a6ab0000, 0x00000007a6ab0000, 0x00000007a8000000)
 concurrent mark-sweep generation total 393216K, used 163244K [0x00000007a8000000, 0x00000007c0000000, 0x00000007c0000000)
 Metaspace       used 34794K, capacity 35244K, committed 35652K, reserved 1081344K
  class space    used 4024K, capacity 4171K, committed 4192K, reserved 1048576K
}
2016-10-23T20:03:12.581+0800: 129.275: Total time for which application threads were stopped: 0.0077351 seconds, Stopping threads took: 0.0001055 seconds
{Heap before GC invocations=436 (full 17):
 par new generation   total 109248K, used 109248K [0x00000007a0000000, 0x00000007a8000000, 0x00000007a8000000)
  eden space 87424K, 100% used [0x00000007a0000000, 0x00000007a5560000, 0x00000007a5560000)
  from space 21824K, 100% used [0x00000007a5560000, 0x00000007a6ab0000, 0x00000007a6ab0000)
  to   space 21824K,   0% used [0x00000007a6ab0000, 0x00000007a6ab0000, 0x00000007a8000000)
 concurrent mark-sweep generation total 393216K, used 163244K [0x00000007a8000000, 0x00000007c0000000, 0x00000007c0000000)
 Metaspace       used 34801K, capacity 35308K, committed 35652K, reserved 1081344K
  class space    used 4024K, capacity 4171K, committed 4192K, reserved 1048576K
2016-10-23T20:03:12.916+0800: 129.610: [GC (Allocation Failure) 2016-10-23T20:03:12.917+0800: 129.610: [ParNew
Desired survivor size 20112992 bytes, new threshold 8 (max 8)
- age   1:    1816456 bytes,    1816456 total
- age   2:    4047280 bytes,    5863736 total
- age   3:    6540128 bytes,   12403864 total
- age   4:     243536 bytes,   12647400 total
- age   5:    1082224 bytes,   13729624 total
- age   6:    2465944 bytes,   16195568 total
- age   7:    1933592 bytes,   18129160 total
: 109248K->20847K(109248K), 0.0063951 secs] 272492K->188974K(502464K), 0.0064524 secs] [Times: user=0.02 sys=0.00, real=0.01 secs] 
Heap after GC invocations=437 (full 17):
 par new generation   total 109248K, used 20847K [0x00000007a0000000, 0x00000007a8000000, 0x00000007a8000000)
  eden space 87424K,   0% used [0x00000007a0000000, 0x00000007a0000000, 0x00000007a5560000)
  from space 21824K,  95% used [0x00000007a6ab0000, 0x00000007a7f0bde8, 0x00000007a8000000)
  to   space 21824K,   0% used [0x00000007a5560000, 0x00000007a5560000, 0x00000007a6ab0000)
 concurrent mark-sweep generation total 393216K, used 168127K [0x00000007a8000000, 0x00000007c0000000, 0x00000007c0000000)
 Metaspace       used 34801K, capacity 35308K, committed 35652K, reserved 1081344K
  class space    used 4024K, capacity 4171K, committed 4192K, reserved 1048576K
}
2016-10-23T20:03:12.923+0800: 129.617: Total time for which application threads were stopped: 0.0067022 seconds, Stopping threads took: 0.0000890 seconds
{Heap before GC invocations=437 (full 17):
 par new generation   total 109248K, used 108271K [0x00000007a0000000, 0x00000007a8000000, 0x00000007a8000000)
  eden space 87424K, 100% used [0x00000007a0000000, 0x00000007a5560000, 0x00000007a5560000)
  from space 21824K,  95% used [0x00000007a6ab0000, 0x00000007a7f0bde8, 0x00000007a8000000)
  to   space 21824K,   0% used [0x00000007a5560000, 0x00000007a5560000, 0x00000007a6ab0000)
 concurrent mark-sweep generation total 393216K, used 168127K [0x00000007a8000000, 0x00000007c0000000, 0x00000007c0000000)
 Metaspace       used 34801K, capacity 35308K, committed 35652K, reserved 1081344K
  class space    used 4024K, capacity 4171K, committed 4192K, reserved 1048576K
2016-10-23T20:03:12.991+0800: 129.685: [GC (Allocation Failure) 2016-10-23T20:03:12.991+0800: 129.685: [ParNew
Desired survivor size 20112992 bytes, new threshold 8 (max 8)
- age   1:      72816 bytes,      72816 total
- age   2:    1403984 bytes,    1476800 total
- age   3:    4272616 bytes,    5749416 total
- age   4:    6540128 bytes,   12289544 total
- age   5:     243536 bytes,   12533080 total
- age   6:    1082224 bytes,   13615304 total
- age   7:    2465944 bytes,   16081248 total
- age   8:    1933592 bytes,   18014840 total
: 108271K->18550K(109248K), 0.0055860 secs] 276398K->186677K(502464K), 0.0056485 secs] [Times: user=0.02 sys=0.00, real=0.00 secs] 
Heap after GC invocations=438 (full 17):
 par new generation   total 109248K, used 18550K [0x00000007a0000000, 0x00000007a8000000, 0x00000007a8000000)
  eden space 87424K,   0% used [0x00000007a0000000, 0x00000007a0000000, 0x00000007a5560000)
  from space 21824K,  85% used [0x00000007a5560000, 0x00000007a677d9f0, 0x00000007a6ab0000)
  to   space 21824K,   0% used [0x00000007a6ab0000, 0x00000007a6ab0000, 0x00000007a8000000)
 concurrent mark-sweep generation total 393216K, used 168127K [0x00000007a8000000, 0x00000007c0000000, 0x00000007c0000000)
 Metaspace       used 34801K, capacity 35308K, committed 35652K, reserved 1081344K
  class space    used 4024K, capacity 4171K, committed 4192K, reserved 1048576K
}
2016-10-23T20:03:12.996+0800: 129.690: Total time for which application threads were stopped: 0.0064677 seconds, Stopping threads took: 0.0006826 seconds
{Heap before GC invocations=438 (full 17):
 par new generation   total 109248K, used 105974K [0x00000007a0000000, 0x00000007a8000000, 0x00000007a8000000)
  eden space 87424K, 100% used [0x00000007a0000000, 0x00000007a5560000, 0x00000007a5560000)
  from space 21824K,  85% used [0x00000007a5560000, 0x00000007a677d9f0, 0x00000007a6ab0000)
  to   space 21824K,   0% used [0x00000007a6ab0000, 0x00000007a6ab0000, 0x00000007a8000000)
 concurrent mark-sweep generation total 393216K, used 168127K [0x00000007a8000000, 0x00000007c0000000, 0x00000007c0000000)
 Metaspace       used 34801K, capacity 35308K, committed 35652K, reserved 1081344K
  class space    used 4024K, capacity 4171K, committed 4192K, reserved 1048576K
2016-10-23T20:03:13.071+0800: 129.765: [GC (Allocation Failure) 2016-10-23T20:03:13.071+0800: 129.765: [ParNew
Desired survivor size 20112992 bytes, new threshold 8 (max 8)
- age   1:      78176 bytes,      78176 total
- age   2:      50752 bytes,     128928 total
- age   3:    1403360 bytes,    1532288 total
- age   4:    4047280 bytes,    5579568 total
- age   5:    6540128 bytes,   12119696 total
- age   6:     243536 bytes,   12363232 total
- age   7:    1082224 bytes,   13445456 total
- age   8:    2465944 bytes,   15911400 total
: 105974K->18529K(109248K), 0.0054279 secs] 274101K->188550K(502464K), 0.0054940 secs] [Times: user=0.01 sys=0.00, real=0.00 secs] 
Heap after GC invocations=439 (full 17):
 par new generation   total 109248K, used 18529K [0x00000007a0000000, 0x00000007a8000000, 0x00000007a8000000)
  eden space 87424K,   0% used [0x00000007a0000000, 0x00000007a0000000, 0x00000007a5560000)
  from space 21824K,  84% used [0x00000007a6ab0000, 0x00000007a7cc8780, 0x00000007a8000000)
  to   space 21824K,   0% used [0x00000007a5560000, 0x00000007a5560000, 0x00000007a6ab0000)
 concurrent mark-sweep generation total 393216K, used 170020K [0x00000007a8000000, 0x00000007c0000000, 0x00000007c0000000)
 Metaspace       used 34801K, capacity 35308K, committed 35652K, reserved 1081344K
  class space    used 4024K, capacity 4171K, committed 4192K, reserved 1048576K
}
2016-10-23T20:03:13.077+0800: 129.771: Total time for which application threads were stopped: 0.0057673 seconds, Stopping threads took: 0.0001030 seconds
{Heap before GC invocations=439 (full 17):
 par new generation   total 109248K, used 105953K [0x00000007a0000000, 0x00000007a8000000, 0x00000007a8000000)
  eden space 87424K, 100% used [0x00000007a0000000, 0x00000007a5560000, 0x00000007a5560000)
  from space 21824K,  84% used [0x00000007a6ab0000, 0x00000007a7cc8780, 0x00000007a8000000)
  to   space 21824K,   0% used [0x00000007a5560000, 0x00000007a5560000, 0x00000007a6ab0000)
 concurrent mark-sweep generation total 393216K, used 170020K [0x00000007a8000000, 0x00000007c0000000, 0x00000007c0000000)
 Metaspace       used 34802K, capacity 35308K, committed 35652K, reserved 1081344K
  class space    used 4024K, capacity 4171K, committed 4192K, reserved 1048576K
2016-10-23T20:03:13.155+0800: 129.849: [GC (Allocation Failure) 2016-10-23T20:03:13.155+0800: 129.849: [ParNew
Desired survivor size 20112992 bytes, new threshold 8 (max 8)
- age   1:      76584 bytes,      76584 total
- age   2:      39544 bytes,     116128 total
- age   3:      50640 bytes,     166768 total
- age   4:    1402960 bytes,    1569728 total
- age   5:    4047280 bytes,    5617008 total
- age   6:    6540128 bytes,   12157136 total
- age   7:     243536 bytes,   12400672 total
- age   8:    1082224 bytes,   13482896 total
: 105953K->15789K(109248K), 0.0053450 secs] 275974K->188222K(502464K), 0.0054200 secs] [Times: user=0.02 sys=0.00, real=0.01 secs] 
Heap after GC invocations=440 (full 17):
 par new generation   total 109248K, used 15789K [0x00000007a0000000, 0x00000007a8000000, 0x00000007a8000000)
  eden space 87424K,   0% used [0x00000007a0000000, 0x00000007a0000000, 0x00000007a5560000)
  from space 21824K,  72% used [0x00000007a5560000, 0x00000007a64cb4e8, 0x00000007a6ab0000)
  to   space 21824K,   0% used [0x00000007a6ab0000, 0x00000007a6ab0000, 0x00000007a8000000)
 concurrent mark-sweep generation total 393216K, used 172433K [0x00000007a8000000, 0x00000007c0000000, 0x00000007c0000000)
 Metaspace       used 34802K, capacity 35308K, committed 35652K, reserved 1081344K
  class space    used 4024K, capacity 4171K, committed 4192K, reserved 1048576K
}
2016-10-23T20:03:13.160+0800: 129.854: Total time for which application threads were stopped: 0.0056553 seconds, Stopping threads took: 0.0000864 seconds
{Heap before GC invocations=440 (full 17):
 par new generation   total 109248K, used 103213K [0x00000007a0000000, 0x00000007a8000000, 0x00000007a8000000)
  eden space 87424K, 100% used [0x00000007a0000000, 0x00000007a5560000, 0x00000007a5560000)
  from space 21824K,  72% used [0x00000007a5560000, 0x00000007a64cb4e8, 0x00000007a6ab0000)
  to   space 21824K,   0% used [0x00000007a6ab0000, 0x00000007a6ab0000, 0x00000007a8000000)
 concurrent mark-sweep generation total 393216K, used 172433K [0x00000007a8000000, 0x00000007c0000000, 0x00000007c0000000)
 Metaspace       used 34802K, capacity 35308K, committed 35652K, reserved 1081344K
  class space    used 4024K, capacity 4171K, committed 4192K, reserved 1048576K
2016-10-23T20:03:13.486+0800: 130.180: [GC (Allocation Failure) 2016-10-23T20:03:13.486+0800: 130.180: [ParNew
Desired survivor size 20112992 bytes, new threshold 8 (max 8)
- age   1:     259664 bytes,     259664 total
- age   4:       9056 bytes,     268720 total
- age   5:    1265256 bytes,    1533976 total
- age   6:    4047232 bytes,    5581208 total
- age   7:    6540128 bytes,   12121336 total
- age   8:     243536 bytes,   12364872 total
: 103213K->13905K(109248K), 0.0048209 secs] 275646K->187399K(502464K), 0.0048776 secs] [Times: user=0.01 sys=0.00, real=0.01 secs] 
Heap after GC invocations=441 (full 17):
 par new generation   total 109248K, used 13905K [0x00000007a0000000, 0x00000007a8000000, 0x00000007a8000000)
  eden space 87424K,   0% used [0x00000007a0000000, 0x00000007a0000000, 0x00000007a5560000)
  from space 21824K,  63% used [0x00000007a6ab0000, 0x00000007a7844620, 0x00000007a8000000)
  to   space 21824K,   0% used [0x00000007a5560000, 0x00000007a5560000, 0x00000007a6ab0000)
 concurrent mark-sweep generation total 393216K, used 173493K [0x00000007a8000000, 0x00000007c0000000, 0x00000007c0000000)
 Metaspace       used 34802K, capacity 35308K, committed 35652K, reserved 1081344K
  class space    used 4024K, capacity 4171K, committed 4192K, reserved 1048576K
}
2016-10-23T20:03:13.491+0800: 130.184: Total time for which application threads were stopped: 0.0144743 seconds, Stopping threads took: 0.0094400 seconds
{Heap before GC invocations=441 (full 17):
 par new generation   total 109248K, used 101329K [0x00000007a0000000, 0x00000007a8000000, 0x00000007a8000000)
  eden space 87424K, 100% used [0x00000007a0000000, 0x00000007a5560000, 0x00000007a5560000)
  from space 21824K,  63% used [0x00000007a6ab0000, 0x00000007a7844620, 0x00000007a8000000)
  to   space 21824K,   0% used [0x00000007a5560000, 0x00000007a5560000, 0x00000007a6ab0000)
 concurrent mark-sweep generation total 393216K, used 173493K [0x00000007a8000000, 0x00000007c0000000, 0x00000007c0000000)
 Metaspace       used 34802K, capacity 35308K, committed 35652K, reserved 1081344K
  class space    used 4024K, capacity 4171K, committed 4192K, reserved 1048576K
2016-10-23T20:03:13.555+0800: 130.249: [GC (Allocation Failure) 2016-10-23T20:03:13.555+0800: 130.249: [ParNew
Desired survivor size 20112992 bytes, new threshold 8 (max 8)
- age   1:      84016 bytes,      84016 total
- age   2:     229744 bytes,     313760 total
- age   5:       9056 bytes,     322816 total
- age   6:    1265256 bytes,    1588072 total
- age   7:    4047232 bytes,    5635304 total
- age   8:    6540128 bytes,   12175432 total
: 101329K->13382K(109248K), 0.0049864 secs] 274823K->187119K(502464K), 0.0050500 secs] [Times: user=0.02 sys=0.00, real=0.01 secs] 
Heap after GC invocations=442 (full 17):
 par new generation   total 109248K, used 13382K [0x00000007a0000000, 0x00000007a8000000, 0x00000007a8000000)
  eden space 87424K,   0% used [0x00000007a0000000, 0x00000007a0000000, 0x00000007a5560000)
  from space 21824K,  61% used [0x00000007a5560000, 0x00000007a6271958, 0x00000007a6ab0000)
  to   space 21824K,   0% used [0x00000007a6ab0000, 0x00000007a6ab0000, 0x00000007a8000000)
 concurrent mark-sweep generation total 393216K, used 173736K [0x00000007a8000000, 0x00000007c0000000, 0x00000007c0000000)
 Metaspace       used 34802K, capacity 35308K, committed 35652K, reserved 1081344K
  class space    used 4024K, capacity 4171K, committed 4192K, reserved 1048576K
}
2016-10-23T20:03:13.560+0800: 130.254: Total time for which application threads were stopped: 0.0052702 seconds, Stopping threads took: 0.0000811 seconds
{Heap before GC invocations=442 (full 17):
 par new generation   total 109248K, used 100806K [0x00000007a0000000, 0x00000007a8000000, 0x00000007a8000000)
  eden space 87424K, 100% used [0x00000007a0000000, 0x00000007a5560000, 0x00000007a5560000)
  from space 21824K,  61% used [0x00000007a5560000, 0x00000007a6271958, 0x00000007a6ab0000)
  to   space 21824K,   0% used [0x00000007a6ab0000, 0x00000007a6ab0000, 0x00000007a8000000)
 concurrent mark-sweep generation total 393216K, used 173736K [0x00000007a8000000, 0x00000007c0000000, 0x00000007c0000000)
 Metaspace       used 34802K, capacity 35308K, committed 35652K, reserved 1081344K
  class space    used 4024K, capacity 4171K, committed 4192K, reserved 1048576K
2016-10-23T20:03:13.631+0800: 130.325: [GC (Allocation Failure) 2016-10-23T20:03:13.631+0800: 130.325: [ParNew
Desired survivor size 20112992 bytes, new threshold 8 (max 8)
- age   1:      74040 bytes,      74040 total
- age   2:      32424 bytes,     106464 total
- age   3:     227816 bytes,     334280 total
- age   6:       9056 bytes,     343336 total
- age   7:    1265256 bytes,    1608592 total
- age   8:    4047232 bytes,    5655824 total
: 100806K->6485K(109248K), 0.0050775 secs] 274543K->186616K(502464K), 0.0051473 secs] [Times: user=0.02 sys=0.00, real=0.00 secs] 
Heap after GC invocations=443 (full 17):
 par new generation   total 109248K, used 6485K [0x00000007a0000000, 0x00000007a8000000, 0x00000007a8000000)
  eden space 87424K,   0% used [0x00000007a0000000, 0x00000007a0000000, 0x00000007a5560000)
  from space 21824K,  29% used [0x00000007a6ab0000, 0x00000007a71057e8, 0x00000007a8000000)
  to   space 21824K,   0% used [0x00000007a5560000, 0x00000007a5560000, 0x00000007a6ab0000)
 concurrent mark-sweep generation total 393216K, used 180130K [0x00000007a8000000, 0x00000007c0000000, 0x00000007c0000000)
 Metaspace       used 34802K, capacity 35308K, committed 35652K, reserved 1081344K
  class space    used 4024K, capacity 4171K, committed 4192K, reserved 1048576K
}
2016-10-23T20:03:13.636+0800: 130.330: Total time for which application threads were stopped: 0.0053954 seconds, Stopping threads took: 0.0000557 seconds
{Heap before GC invocations=443 (full 17):
 par new generation   total 109248K, used 93909K [0x00000007a0000000, 0x00000007a8000000, 0x00000007a8000000)
  eden space 87424K, 100% used [0x00000007a0000000, 0x00000007a5560000, 0x00000007a5560000)
  from space 21824K,  29% used [0x00000007a6ab0000, 0x00000007a71057e8, 0x00000007a8000000)
  to   space 21824K,   0% used [0x00000007a5560000, 0x00000007a5560000, 0x00000007a6ab0000)
 concurrent mark-sweep generation total 393216K, used 180130K [0x00000007a8000000, 0x00000007c0000000, 0x00000007c0000000)
 Metaspace       used 34802K, capacity 35308K, committed 35652K, reserved 1081344K
  class space    used 4024K, capacity 4171K, committed 4192K, reserved 1048576K
2016-10-23T20:03:13.717+0800: 130.411: [GC (Allocation Failure) 2016-10-23T20:03:13.717+0800: 130.411: [ParNew
Desired survivor size 20112992 bytes, new threshold 8 (max 8)
- age   1:     598272 bytes,     598272 total
- age   2:      37720 bytes,     635992 total
- age   3:      30328 bytes,     666320 total
- age   4:     222320 bytes,     888640 total
- age   7:       9016 bytes,     897656 total
- age   8:    1265256 bytes,    2162912 total
: 93909K->4846K(109248K), 0.0047704 secs] 274040K->188942K(502464K), 0.0048382 secs] [Times: user=0.02 sys=0.00, real=0.01 secs] 
Heap after GC invocations=444 (full 17):
 par new generation   total 109248K, used 4846K [0x00000007a0000000, 0x00000007a8000000, 0x00000007a8000000)
  eden space 87424K,   0% used [0x00000007a0000000, 0x00000007a0000000, 0x00000007a5560000)
  from space 21824K,  22% used [0x00000007a5560000, 0x00000007a5a1b8b8, 0x00000007a6ab0000)
  to   space 21824K,   0% used [0x00000007a6ab0000, 0x00000007a6ab0000, 0x00000007a8000000)
 concurrent mark-sweep generation total 393216K, used 184096K [0x00000007a8000000, 0x00000007c0000000, 0x00000007c0000000)
 Metaspace       used 34802K, capacity 35308K, committed 35652K, reserved 1081344K
  class space    used 4024K, capacity 4171K, committed 4192K, reserved 1048576K
}
2016-10-23T20:03:13.722+0800: 130.416: Total time for which application threads were stopped: 0.0051105 seconds, Stopping threads took: 0.0001027 seconds
{Heap before GC invocations=444 (full 17):
 par new generation   total 109248K, used 92270K [0x00000007a0000000, 0x00000007a8000000, 0x00000007a8000000)
  eden space 87424K, 100% used [0x00000007a0000000, 0x00000007a5560000, 0x00000007a5560000)
  from space 21824K,  22% used [0x00000007a5560000, 0x00000007a5a1b8b8, 0x00000007a6ab0000)
  to   space 21824K,   0% used [0x00000007a6ab0000, 0x00000007a6ab0000, 0x00000007a8000000)
 concurrent mark-sweep generation total 393216K, used 184096K [0x00000007a8000000, 0x00000007c0000000, 0x00000007c0000000)
 Metaspace       used 34804K, capacity 35308K, committed 35652K, reserved 1081344K
  class space    used 4024K, capacity 4171K, committed 4192K, reserved 1048576K
2016-10-23T20:03:13.811+0800: 130.505: [GC (Allocation Failure) 2016-10-23T20:03:13.811+0800: 130.505: [ParNew
Desired survivor size 20112992 bytes, new threshold 8 (max 8)
- age   1:     278560 bytes,     278560 total
- age   2:       5992 bytes,     284552 total
- age   3:       1264 bytes,     285816 total
- age   5:     189856 bytes,     475672 total
- age   8:       9016 bytes,     484688 total
: 92270K->1098K(109248K), 0.0034334 secs] 276366K->186441K(502464K), 0.0034848 secs] [Times: user=0.01 sys=0.00, real=0.00 secs] 
Heap after GC invocations=445 (full 17):
 par new generation   total 109248K, used 1098K [0x00000007a0000000, 0x00000007a8000000, 0x00000007a8000000)
  eden space 87424K,   0% used [0x00000007a0000000, 0x00000007a0000000, 0x00000007a5560000)
  from space 21824K,   5% used [0x00000007a6ab0000, 0x00000007a6bc2a20, 0x00000007a8000000)
  to   space 21824K,   0% used [0x00000007a5560000, 0x00000007a5560000, 0x00000007a6ab0000)
 concurrent mark-sweep generation total 393216K, used 185343K [0x00000007a8000000, 0x00000007c0000000, 0x00000007c0000000)
 Metaspace       used 34804K, capacity 35308K, committed 35652K, reserved 1081344K
  class space    used 4024K, capacity 4171K, committed 4192K, reserved 1048576K
}
2016-10-23T20:03:13.815+0800: 130.509: Total time for which application threads were stopped: 0.0037525 seconds, Stopping threads took: 0.0001008 seconds
{Heap before GC invocations=445 (full 17):
 par new generation   total 109248K, used 88522K [0x00000007a0000000, 0x00000007a8000000, 0x00000007a8000000)
  eden space 87424K, 100% used [0x00000007a0000000, 0x00000007a5560000, 0x00000007a5560000)
  from space 21824K,   5% used [0x00000007a6ab0000, 0x00000007a6bc2a20, 0x00000007a8000000)
  to   space 21824K,   0% used [0x00000007a5560000, 0x00000007a5560000, 0x00000007a6ab0000)
 concurrent mark-sweep generation total 393216K, used 185343K [0x00000007a8000000, 0x00000007c0000000, 0x00000007c0000000)
 Metaspace       used 34804K, capacity 35308K, committed 35652K, reserved 1081344K
  class space    used 4024K, capacity 4171K, committed 4192K, reserved 1048576K
2016-10-23T20:03:13.864+0800: 130.558: [GC (Allocation Failure) 2016-10-23T20:03:13.864+0800: 130.558: [ParNew
Desired survivor size 20112992 bytes, new threshold 8 (max 8)
- age   1:     145048 bytes,     145048 total
- age   2:     249760 bytes,     394808 total
- age   3:       5664 bytes,     400472 total
- age   4:        680 bytes,     401152 total
- age   6:     189656 bytes,     590808 total
: 88522K->841K(109248K), 0.0020186 secs] 273865K->186193K(502464K), 0.0020658 secs] [Times: user=0.00 sys=0.00, real=0.00 secs] 
Heap after GC invocations=446 (full 17):
 par new generation   total 109248K, used 841K [0x00000007a0000000, 0x00000007a8000000, 0x00000007a8000000)
  eden space 87424K,   0% used [0x00000007a0000000, 0x00000007a0000000, 0x00000007a5560000)
  from space 21824K,   3% used [0x00000007a5560000, 0x00000007a5632590, 0x00000007a6ab0000)
  to   space 21824K,   0% used [0x00000007a6ab0000, 0x00000007a6ab0000, 0x00000007a8000000)
 concurrent mark-sweep generation total 393216K, used 185352K [0x00000007a8000000, 0x00000007c0000000, 0x00000007c0000000)
 Metaspace       used 34804K, capacity 35308K, committed 35652K, reserved 1081344K
  class space    used 4024K, capacity 4171K, committed 4192K, reserved 1048576K
}
2016-10-23T20:03:13.866+0800: 130.560: Total time for which application threads were stopped: 0.0022976 seconds, Stopping threads took: 0.0000887 seconds
{Heap before GC invocations=446 (full 17):
 par new generation   total 109248K, used 88265K [0x00000007a0000000, 0x00000007a8000000, 0x00000007a8000000)
  eden space 87424K, 100% used [0x00000007a0000000, 0x00000007a5560000, 0x00000007a5560000)
  from space 21824K,   3% used [0x00000007a5560000, 0x00000007a5632590, 0x00000007a6ab0000)
  to   space 21824K,   0% used [0x00000007a6ab0000, 0x00000007a6ab0000, 0x00000007a8000000)
 concurrent mark-sweep generation total 393216K, used 185352K [0x00000007a8000000, 0x00000007c0000000, 0x00000007c0000000)
 Metaspace       used 34804K, capacity 35308K, committed 35652K, reserved 1081344K
  class space    used 4024K, capacity 4171K, committed 4192K, reserved 1048576K
2016-10-23T20:03:13.951+0800: 130.645: [GC (Allocation Failure) 2016-10-23T20:03:13.951+0800: 130.645: [ParNew
Desired survivor size 20112992 bytes, new threshold 8 (max 8)
- age   1:      94976 bytes,      94976 total
- age   2:      24224 bytes,     119200 total
- age   3:     243816 bytes,     363016 total
- age   4:       3880 bytes,     366896 total
- age   5:        448 bytes,     367344 total
- age   7:     189656 bytes,     557000 total
: 88265K->707K(109248K), 0.0019196 secs] 273617K->186059K(502464K), 0.0019696 secs] [Times: user=0.00 sys=0.00, real=0.00 secs] 
Heap after GC invocations=447 (full 17):
 par new generation   total 109248K, used 707K [0x00000007a0000000, 0x00000007a8000000, 0x00000007a8000000)
  eden space 87424K,   0% used [0x00000007a0000000, 0x00000007a0000000, 0x00000007a5560000)
  from space 21824K,   3% used [0x00000007a6ab0000, 0x00000007a6b60c98, 0x00000007a8000000)
  to   space 21824K,   0% used [0x00000007a5560000, 0x00000007a5560000, 0x00000007a6ab0000)
 concurrent mark-sweep generation total 393216K, used 185352K [0x00000007a8000000, 0x00000007c0000000, 0x00000007c0000000)
 Metaspace       used 34804K, capacity 35308K, committed 35652K, reserved 1081344K
  class space    used 4024K, capacity 4171K, committed 4192K, reserved 1048576K
}
2016-10-23T20:03:13.953+0800: 130.647: Total time for which application threads were stopped: 0.0022290 seconds, Stopping threads took: 0.0000830 seconds
{Heap before GC invocations=447 (full 17):
 par new generation   total 109248K, used 88131K [0x00000007a0000000, 0x00000007a8000000, 0x00000007a8000000)
  eden space 87424K, 100% used [0x00000007a0000000, 0x00000007a5560000, 0x00000007a5560000)
  from space 21824K,   3% used [0x00000007a6ab0000, 0x00000007a6b60c98, 0x00000007a8000000)
  to   space 21824K,   0% used [0x00000007a5560000, 0x00000007a5560000, 0x00000007a6ab0000)
 concurrent mark-sweep generation total 393216K, used 185352K [0x00000007a8000000, 0x00000007c0000000, 0x00000007c0000000)
 Metaspace       used 34804K, capacity 35308K, committed 35652K, reserved 1081344K
  class space    used 4024K, capacity 4171K, committed 4192K, reserved 1048576K
2016-10-23T20:03:14.010+0800: 130.704: [GC (Allocation Failure) 2016-10-23T20:03:14.010+0800: 130.704: [ParNew
Desired survivor size 20112992 bytes, new threshold 8 (max 8)
- age   1:     163472 bytes,     163472 total
- age   2:      30448 bytes,     193920 total
- age   3:       3392 bytes,     197312 total
- age   4:     206488 bytes,     403800 total
- age   5:       3880 bytes,     407680 total
- age   6:        448 bytes,     408128 total
- age   8:     189656 bytes,     597784 total
: 88131K->625K(109248K), 0.0018803 secs] 273483K->185978K(502464K), 0.0019271 secs] [Times: user=0.00 sys=0.00, real=0.00 secs] 
Heap after GC invocations=448 (full 17):
 par new generation   total 109248K, used 625K [0x00000007a0000000, 0x00000007a8000000, 0x00000007a8000000)
  eden space 87424K,   0% used [0x00000007a0000000, 0x00000007a0000000, 0x00000007a5560000)
  from space 21824K,   2% used [0x00000007a5560000, 0x00000007a55fc750, 0x00000007a6ab0000)
  to   space 21824K,   0% used [0x00000007a6ab0000, 0x00000007a6ab0000, 0x00000007a8000000)
 concurrent mark-sweep generation total 393216K, used 185352K [0x00000007a8000000, 0x00000007c0000000, 0x00000007c0000000)
 Metaspace       used 34804K, capacity 35308K, committed 35652K, reserved 1081344K
  class space    used 4024K, capacity 4171K, committed 4192K, reserved 1048576K
}
2016-10-23T20:03:14.012+0800: 130.706: Total time for which application threads were stopped: 0.0021837 seconds, Stopping threads took: 0.0001033 seconds
{Heap before GC invocations=448 (full 17):
 par new generation   total 109248K, used 88049K [0x00000007a0000000, 0x00000007a8000000, 0x00000007a8000000)
  eden space 87424K, 100% used [0x00000007a0000000, 0x00000007a5560000, 0x00000007a5560000)
  from space 21824K,   2% used [0x00000007a5560000, 0x00000007a55fc750, 0x00000007a6ab0000)
  to   space 21824K,   0% used [0x00000007a6ab0000, 0x00000007a6ab0000, 0x00000007a8000000)
 concurrent mark-sweep generation total 393216K, used 185352K [0x00000007a8000000, 0x00000007c0000000, 0x00000007c0000000)
 Metaspace       used 34804K, capacity 35308K, committed 35652K, reserved 1081344K
  class space    used 4024K, capacity 4171K, committed 4192K, reserved 1048576K
2016-10-23T20:03:14.060+0800: 130.754: [GC (Allocation Failure) 2016-10-23T20:03:14.060+0800: 130.755: [ParNew
Desired survivor size 20112992 bytes, new threshold 8 (max 8)
- age   1:     410728 bytes,     410728 total
- age   2:     110840 bytes,     521568 total
- age   3:       2928 bytes,     524496 total
- age   4:       1032 bytes,     525528 total
- age   5:     189032 bytes,     714560 total
- age   6:       3880 bytes,     718440 total
- age   7:        448 bytes,     718888 total
: 88049K->781K(109248K), 0.0023126 secs] 273402K->186319K(502464K), 0.0023738 secs] [Times: user=0.01 sys=0.00, real=0.00 secs] 
Heap after GC invocations=449 (full 17):
 par new generation   total 109248K, used 781K [0x00000007a0000000, 0x00000007a8000000, 0x00000007a8000000)
  eden space 87424K,   0% used [0x00000007a0000000, 0x00000007a0000000, 0x00000007a5560000)
  from space 21824K,   3% used [0x00000007a6ab0000, 0x00000007a6b737e8, 0x00000007a8000000)
  to   space 21824K,   0% used [0x00000007a5560000, 0x00000007a5560000, 0x00000007a6ab0000)
 concurrent mark-sweep generation total 393216K, used 185537K [0x00000007a8000000, 0x00000007c0000000, 0x00000007c0000000)
 Metaspace       used 34804K, capacity 35308K, committed 35652K, reserved 1081344K
  class space    used 4024K, capacity 4171K, committed 4192K, reserved 1048576K
}
2016-10-23T20:03:14.063+0800: 130.757: Total time for which application threads were stopped: 0.0025482 seconds, Stopping threads took: 0.0000308 seconds
{Heap before GC invocations=449 (full 17):
 par new generation   total 109248K, used 88205K [0x00000007a0000000, 0x00000007a8000000, 0x00000007a8000000)
  eden space 87424K, 100% used [0x00000007a0000000, 0x00000007a5560000, 0x00000007a5560000)
  from space 21824K,   3% used [0x00000007a6ab0000, 0x00000007a6b737e8, 0x00000007a8000000)
  to   space 21824K,   0% used [0x00000007a5560000, 0x00000007a5560000, 0x00000007a6ab0000)
 concurrent mark-sweep generation total 393216K, used 185537K [0x00000007a8000000, 0x00000007c0000000, 0x00000007c0000000)
 Metaspace       used 34804K, capacity 35308K, committed 35652K, reserved 1081344K
  class space    used 4024K, capacity 4171K, committed 4192K, reserved 1048576K
2016-10-23T20:03:14.130+0800: 130.824: [GC (Allocation Failure) 2016-10-23T20:03:14.130+0800: 130.824: [ParNew
Desired survivor size 20112992 bytes, new threshold 8 (max 8)
- age   1:     102200 bytes,     102200 total
- age   2:      14776 bytes,     116976 total
- age   3:     110840 bytes,     227816 total
- age   4:       2928 bytes,     230744 total
- age   5:       1032 bytes,     231776 total
- age   6:     189032 bytes,     420808 total
- age   7:       3880 bytes,     424688 total
- age   8:        448 bytes,     425136 total
: 88205K->600K(109248K), 0.0020055 secs] 273743K->186137K(502464K), 0.0020518 secs] [Times: user=0.00 sys=0.00, real=0.00 secs] 
Heap after GC invocations=450 (full 17):
 par new generation   total 109248K, used 600K [0x00000007a0000000, 0x00000007a8000000, 0x00000007a8000000)
  eden space 87424K,   0% used [0x00000007a0000000, 0x00000007a0000000, 0x00000007a5560000)
  from space 21824K,   2% used [0x00000007a5560000, 0x00000007a55f6068, 0x00000007a6ab0000)
  to   space 21824K,   0% used [0x00000007a6ab0000, 0x00000007a6ab0000, 0x00000007a8000000)
 concurrent mark-sweep generation total 393216K, used 185537K [0x00000007a8000000, 0x00000007c0000000, 0x00000007c0000000)
 Metaspace       used 34804K, capacity 35308K, committed 35652K, reserved 1081344K
  class space    used 4024K, capacity 4171K, committed 4192K, reserved 1048576K
}
2016-10-23T20:03:14.132+0800: 130.826: Total time for which application threads were stopped: 0.0023081 seconds, Stopping threads took: 0.0000856 seconds
{Heap before GC invocations=450 (full 17):
 par new generation   total 109248K, used 88024K [0x00000007a0000000, 0x00000007a8000000, 0x00000007a8000000)
  eden space 87424K, 100% used [0x00000007a0000000, 0x00000007a5560000, 0x00000007a5560000)
  from space 21824K,   2% used [0x00000007a5560000, 0x00000007a55f6068, 0x00000007a6ab0000)
  to   space 21824K,   0% used [0x00000007a6ab0000, 0x00000007a6ab0000, 0x00000007a8000000)
 concurrent mark-sweep generation total 393216K, used 185537K [0x00000007a8000000, 0x00000007c0000000, 0x00000007c0000000)
 Metaspace       used 34804K, capacity 35308K, committed 35652K, reserved 1081344K
  class space    used 4024K, capacity 4171K, committed 4192K, reserved 1048576K
2016-10-23T20:03:14.206+0800: 130.901: [GC (Allocation Failure) 2016-10-23T20:03:14.207+0800: 130.901: [ParNew
Desired survivor size 20112992 bytes, new threshold 8 (max 8)
- age   1:     280848 bytes,     280848 total
- age   2:      22864 bytes,     303712 total
- age   3:      14776 bytes,     318488 total
- age   4:     110840 bytes,     429328 total
- age   5:       2360 bytes,     431688 total
- age   6:       1032 bytes,     432720 total
- age   7:     189032 bytes,     621752 total
- age   8:       3880 bytes,     625632 total
: 88024K->688K(109248K), 0.0021996 secs] 273561K->186226K(502464K), 0.0022481 secs] [Times: user=0.01 sys=0.00, real=0.00 secs] 
Heap after GC invocations=451 (full 17):
 par new generation   total 109248K, used 688K [0x00000007a0000000, 0x00000007a8000000, 0x00000007a8000000)
  eden space 87424K,   0% used [0x00000007a0000000, 0x00000007a0000000, 0x00000007a5560000)
  from space 21824K,   3% used [0x00000007a6ab0000, 0x00000007a6b5c278, 0x00000007a8000000)
  to   space 21824K,   0% used [0x00000007a5560000, 0x00000007a5560000, 0x00000007a6ab0000)
 concurrent mark-sweep generation total 393216K, used 185538K [0x00000007a8000000, 0x00000007c0000000, 0x00000007c0000000)
 Metaspace       used 34804K, capacity 35308K, committed 35652K, reserved 1081344K
  class space    used 4024K, capacity 4171K, committed 4192K, reserved 1048576K
}
2016-10-23T20:03:14.209+0800: 130.903: Total time for which application threads were stopped: 0.0024846 seconds, Stopping threads took: 0.0000907 seconds
{Heap before GC invocations=451 (full 17):
 par new generation   total 109248K, used 88112K [0x00000007a0000000, 0x00000007a8000000, 0x00000007a8000000)
  eden space 87424K, 100% used [0x00000007a0000000, 0x00000007a5560000, 0x00000007a5560000)
  from space 21824K,   3% used [0x00000007a6ab0000, 0x00000007a6b5c278, 0x00000007a8000000)
  to   space 21824K,   0% used [0x00000007a5560000, 0x00000007a5560000, 0x00000007a6ab0000)
 concurrent mark-sweep generation total 393216K, used 185538K [0x00000007a8000000, 0x00000007c0000000, 0x00000007c0000000)
 Metaspace       used 34804K, capacity 35308K, committed 35652K, reserved 1081344K
  class space    used 4024K, capacity 4171K, committed 4192K, reserved 1048576K
2016-10-23T20:03:14.269+0800: 130.963: [GC (Allocation Failure) 2016-10-23T20:03:14.269+0800: 130.963: [ParNew
Desired survivor size 20112992 bytes, new threshold 8 (max 8)
- age   1:     223280 bytes,     223280 total
- age   2:      29304 bytes,     252584 total
- age   3:        912 bytes,     253496 total
- age   4:        296 bytes,     253792 total
- age   5:     106408 bytes,     360200 total
- age   6:       2360 bytes,     362560 total
- age   7:       1032 bytes,     363592 total
- age   8:     189032 bytes,     552624 total
: 88112K->624K(109248K), 0.0019129 secs] 273650K->186166K(502464K), 0.0019516 secs] [Times: user=0.01 sys=0.00, real=0.01 secs] 
Heap after GC invocations=452 (full 17):
 par new generation   total 109248K, used 624K [0x00000007a0000000, 0x00000007a8000000, 0x00000007a8000000)
  eden space 87424K,   0% used [0x00000007a0000000, 0x00000007a0000000, 0x00000007a5560000)
  from space 21824K,   2% used [0x00000007a5560000, 0x00000007a55fc330, 0x00000007a6ab0000)
  to   space 21824K,   0% used [0x00000007a6ab0000, 0x00000007a6ab0000, 0x00000007a8000000)
 concurrent mark-sweep generation total 393216K, used 185541K [0x00000007a8000000, 0x00000007c0000000, 0x00000007c0000000)
 Metaspace       used 34804K, capacity 35308K, committed 35652K, reserved 1081344K
  class space    used 4024K, capacity 4171K, committed 4192K, reserved 1048576K
}
2016-10-23T20:03:14.271+0800: 130.965: Total time for which application threads were stopped: 0.0022030 seconds, Stopping threads took: 0.0001005 seconds
{Heap before GC invocations=452 (full 17):
 par new generation   total 109248K, used 88048K [0x00000007a0000000, 0x00000007a8000000, 0x00000007a8000000)
  eden space 87424K, 100% used [0x00000007a0000000, 0x00000007a5560000, 0x00000007a5560000)
  from space 21824K,   2% used [0x00000007a5560000, 0x00000007a55fc330, 0x00000007a6ab0000)
  to   space 21824K,   0% used [0x00000007a6ab0000, 0x00000007a6ab0000, 0x00000007a8000000)
 concurrent mark-sweep generation total 393216K, used 185541K [0x00000007a8000000, 0x00000007c0000000, 0x00000007c0000000)
 Metaspace       used 34804K, capacity 35308K, committed 35652K, reserved 1081344K
  class space    used 4024K, capacity 4171K, committed 4192K, reserved 1048576K
2016-10-23T20:03:14.319+0800: 131.013: [GC (Allocation Failure) 2016-10-23T20:03:14.319+0800: 131.013: [ParNew
Desired survivor size 20112992 bytes, new threshold 8 (max 8)
- age   1:     219840 bytes,     219840 total
- age   2:     141616 bytes,     361456 total
- age   3:      29304 bytes,     390760 total
- age   4:        912 bytes,     391672 total
- age   5:        296 bytes,     391968 total
- age   6:     106408 bytes,     498376 total
- age   7:       2360 bytes,     500736 total
- age   8:       1032 bytes,     501768 total
: 88048K->645K(109248K), 0.0019870 secs] 273590K->186372K(502464K), 0.0020317 secs] [Times: user=0.01 sys=0.00, real=0.01 secs] 
Heap after GC invocations=453 (full 17):
 par new generation   total 109248K, used 645K [0x00000007a0000000, 0x00000007a8000000, 0x00000007a8000000)
  eden space 87424K,   0% used [0x00000007a0000000, 0x00000007a0000000, 0x00000007a5560000)
  from space 21824K,   2% used [0x00000007a6ab0000, 0x00000007a6b515f8, 0x00000007a8000000)
  to   space 21824K,   0% used [0x00000007a5560000, 0x00000007a5560000, 0x00000007a6ab0000)
 concurrent mark-sweep generation total 393216K, used 185726K [0x00000007a8000000, 0x00000007c0000000, 0x00000007c0000000)
 Metaspace       used 34804K, capacity 35308K, committed 35652K, reserved 1081344K
  class space    used 4024K, capacity 4171K, committed 4192K, reserved 1048576K
}
2016-10-23T20:03:14.321+0800: 131.015: Total time for which application threads were stopped: 0.0022711 seconds, Stopping threads took: 0.0001034 seconds
{Heap before GC invocations=453 (full 17):
 par new generation   total 109248K, used 88069K [0x00000007a0000000, 0x00000007a8000000, 0x00000007a8000000)
  eden space 87424K, 100% used [0x00000007a0000000, 0x00000007a5560000, 0x00000007a5560000)
  from space 21824K,   2% used [0x00000007a6ab0000, 0x00000007a6b515f8, 0x00000007a8000000)
  to   space 21824K,   0% used [0x00000007a5560000, 0x00000007a5560000, 0x00000007a6ab0000)
 concurrent mark-sweep generation total 393216K, used 185726K [0x00000007a8000000, 0x00000007c0000000, 0x00000007c0000000)
 Metaspace       used 34804K, capacity 35308K, committed 35652K, reserved 1081344K
  class space    used 4024K, capacity 4171K, committed 4192K, reserved 1048576K
2016-10-23T20:03:14.422+0800: 131.116: [GC (Allocation Failure) 2016-10-23T20:03:14.422+0800: 131.116: [ParNew
Desired survivor size 20112992 bytes, new threshold 8 (max 8)
- age   1:     430296 bytes,     430296 total
- age   2:      13296 bytes,     443592 total
- age   3:      98480 bytes,     542072 total
- age   4:       1776 bytes,     543848 total
- age   5:        912 bytes,     544760 total
- age   6:        240 bytes,     545000 total
- age   7:     106408 bytes,     651408 total
- age   8:       2360 bytes,     653768 total
: 88069K->664K(109248K), 0.0023837 secs] 273796K->186392K(502464K), 0.0024431 secs] [Times: user=0.00 sys=0.00, real=0.00 secs] 
Heap after GC invocations=454 (full 17):
 par new generation   total 109248K, used 664K [0x00000007a0000000, 0x00000007a8000000, 0x00000007a8000000)
  eden space 87424K,   0% used [0x00000007a0000000, 0x00000007a0000000, 0x00000007a5560000)
  from space 21824K,   3% used [0x00000007a5560000, 0x00000007a5606260, 0x00000007a6ab0000)
  to   space 21824K,   0% used [0x00000007a6ab0000, 0x00000007a6ab0000, 0x00000007a8000000)
 concurrent mark-sweep generation total 393216K, used 185727K [0x00000007a8000000, 0x00000007c0000000, 0x00000007c0000000)
 Metaspace       used 34804K, capacity 35308K, committed 35652K, reserved 1081344K
  class space    used 4024K, capacity 4171K, committed 4192K, reserved 1048576K
}
2016-10-23T20:03:14.425+0800: 131.119: Total time for which application threads were stopped: 0.0026761 seconds, Stopping threads took: 0.0000922 seconds
2016-10-23T20:03:14.548+0800: 131.242: Total time for which application threads were stopped: 0.0001432 seconds, Stopping threads took: 0.0000745 seconds
2016-10-23T20:03:14.548+0800: 131.242: Total time for which application threads were stopped: 0.0001159 seconds, Stopping threads took: 0.0000790 seconds
{Heap before GC invocations=454 (full 17):
 par new generation   total 109248K, used 88088K [0x00000007a0000000, 0x00000007a8000000, 0x00000007a8000000)
  eden space 87424K, 100% used [0x00000007a0000000, 0x00000007a5560000, 0x00000007a5560000)
  from space 21824K,   3% used [0x00000007a5560000, 0x00000007a5606260, 0x00000007a6ab0000)
  to   space 21824K,   0% used [0x00000007a6ab0000, 0x00000007a6ab0000, 0x00000007a8000000)
 concurrent mark-sweep generation total 393216K, used 185727K [0x00000007a8000000, 0x00000007c0000000, 0x00000007c0000000)
 Metaspace       used 34804K, capacity 35308K, committed 35652K, reserved 1081344K
  class space    used 4024K, capacity 4171K, committed 4192K, reserved 1048576K
2016-10-23T20:03:14.575+0800: 131.269: [GC (Allocation Failure) 2016-10-23T20:03:14.575+0800: 131.269: [ParNew
Desired survivor size 20112992 bytes, new threshold 8 (max 8)
- age   1:    2284480 bytes,    2284480 total
- age   2:      35328 bytes,    2319808 total
- age   3:      13296 bytes,    2333104 total
- age   4:      98480 bytes,    2431584 total
- age   5:       1776 bytes,    2433360 total
- age   6:        912 bytes,    2434272 total
- age   7:        240 bytes,    2434512 total
- age   8:     106408 bytes,    2540920 total
: 88088K->2735K(109248K), 0.0026312 secs] 273816K->188465K(502464K), 0.0026909 secs] [Times: user=0.01 sys=0.01, real=0.00 secs] 
Heap after GC invocations=455 (full 17):
 par new generation   total 109248K, used 2735K [0x00000007a0000000, 0x00000007a8000000, 0x00000007a8000000)
  eden space 87424K,   0% used [0x00000007a0000000, 0x00000007a0000000, 0x00000007a5560000)
  from space 21824K,  12% used [0x00000007a6ab0000, 0x00000007a6d5bec8, 0x00000007a8000000)
  to   space 21824K,   0% used [0x00000007a5560000, 0x00000007a5560000, 0x00000007a6ab0000)
 concurrent mark-sweep generation total 393216K, used 185729K [0x00000007a8000000, 0x00000007c0000000, 0x00000007c0000000)
 Metaspace       used 34804K, capacity 35308K, committed 35652K, reserved 1081344K
  class space    used 4024K, capacity 4171K, committed 4192K, reserved 1048576K
}
2016-10-23T20:03:14.578+0800: 131.272: Total time for which application threads were stopped: 0.0028650 seconds, Stopping threads took: 0.0000291 seconds
{Heap before GC invocations=455 (full 17):
 par new generation   total 109248K, used 90159K [0x00000007a0000000, 0x00000007a8000000, 0x00000007a8000000)
  eden space 87424K, 100% used [0x00000007a0000000, 0x00000007a5560000, 0x00000007a5560000)
  from space 21824K,  12% used [0x00000007a6ab0000, 0x00000007a6d5bec8, 0x00000007a8000000)
  to   space 21824K,   0% used [0x00000007a5560000, 0x00000007a5560000, 0x00000007a6ab0000)
 concurrent mark-sweep generation total 393216K, used 185729K [0x00000007a8000000, 0x00000007c0000000, 0x00000007c0000000)
 Metaspace       used 34804K, capacity 35308K, committed 35652K, reserved 1081344K
  class space    used 4024K, capacity 4171K, committed 4192K, reserved 1048576K
2016-10-23T20:03:14.691+0800: 131.385: [GC (Allocation Failure) 2016-10-23T20:03:14.691+0800: 131.385: [ParNew
Desired survivor size 20112992 bytes, new threshold 8 (max 8)
- age   1:    2416248 bytes,    2416248 total
- age   2:    1850656 bytes,    4266904 total
- age   3:      35328 bytes,    4302232 total
- age   4:      13296 bytes,    4315528 total
- age   5:      98480 bytes,    4414008 total
- age   6:       1776 bytes,    4415784 total
- age   7:        912 bytes,    4416696 total
- age   8:        240 bytes,    4416936 total
: 90159K->5251K(109248K), 0.0036889 secs] 275889K->191085K(502464K), 0.0037483 secs] [Times: user=0.01 sys=0.00, real=0.00 secs] 
Heap after GC invocations=456 (full 17):
 par new generation   total 109248K, used 5251K [0x00000007a0000000, 0x00000007a8000000, 0x00000007a8000000)
  eden space 87424K,   0% used [0x00000007a0000000, 0x00000007a0000000, 0x00000007a5560000)
  from space 21824K,  24% used [0x00000007a5560000, 0x00000007a5a80dd0, 0x00000007a6ab0000)
  to   space 21824K,   0% used [0x00000007a6ab0000, 0x00000007a6ab0000, 0x00000007a8000000)
 concurrent mark-sweep generation total 393216K, used 185833K [0x00000007a8000000, 0x00000007c0000000, 0x00000007c0000000)
 Metaspace       used 34804K, capacity 35308K, committed 35652K, reserved 1081344K
  class space    used 4024K, capacity 4171K, committed 4192K, reserved 1048576K
}
2016-10-23T20:03:14.694+0800: 131.388: Total time for which application threads were stopped: 0.0039661 seconds, Stopping threads took: 0.0000738 seconds
{Heap before GC invocations=456 (full 17):
 par new generation   total 109248K, used 92675K [0x00000007a0000000, 0x00000007a8000000, 0x00000007a8000000)
  eden space 87424K, 100% used [0x00000007a0000000, 0x00000007a5560000, 0x00000007a5560000)
  from space 21824K,  24% used [0x00000007a5560000, 0x00000007a5a80dd0, 0x00000007a6ab0000)
  to   space 21824K,   0% used [0x00000007a6ab0000, 0x00000007a6ab0000, 0x00000007a8000000)
 concurrent mark-sweep generation total 393216K, used 185833K [0x00000007a8000000, 0x00000007c0000000, 0x00000007c0000000)
 Metaspace       used 34804K, capacity 35308K, committed 35652K, reserved 1081344K
  class space    used 4024K, capacity 4171K, committed 4192K, reserved 1048576K
2016-10-23T20:03:14.807+0800: 131.501: [GC (Allocation Failure) 2016-10-23T20:03:14.807+0800: 131.501: [ParNew
Desired survivor size 20112992 bytes, new threshold 8 (max 8)
- age   1:    2936968 bytes,    2936968 total
- age   2:    1465240 bytes,    4402208 total
- age   3:    1816912 bytes,    6219120 total
- age   4:      35328 bytes,    6254448 total
- age   5:      13296 bytes,    6267744 total
- age   6:      98480 bytes,    6366224 total
- age   7:       1776 bytes,    6368000 total
- age   8:        912 bytes,    6368912 total
: 92675K->7067K(109248K), 0.0046549 secs] 278509K->192901K(502464K), 0.0047278 secs] [Times: user=0.02 sys=0.00, real=0.01 secs] 
Heap after GC invocations=457 (full 17):
 par new generation   total 109248K, used 7067K [0x00000007a0000000, 0x00000007a8000000, 0x00000007a8000000)
  eden space 87424K,   0% used [0x00000007a0000000, 0x00000007a0000000, 0x00000007a5560000)
  from space 21824K,  32% used [0x00000007a6ab0000, 0x00000007a7196cc0, 0x00000007a8000000)
  to   space 21824K,   0% used [0x00000007a5560000, 0x00000007a5560000, 0x00000007a6ab0000)
 concurrent mark-sweep generation total 393216K, used 185834K [0x00000007a8000000, 0x00000007c0000000, 0x00000007c0000000)
 Metaspace       used 34804K, capacity 35308K, committed 35652K, reserved 1081344K
  class space    used 4024K, capacity 4171K, committed 4192K, reserved 1048576K
}
2016-10-23T20:03:14.812+0800: 131.506: Total time for which application threads were stopped: 0.0049679 seconds, Stopping threads took: 0.0000900 seconds
{Heap before GC invocations=457 (full 17):
 par new generation   total 109248K, used 94491K [0x00000007a0000000, 0x00000007a8000000, 0x00000007a8000000)
  eden space 87424K, 100% used [0x00000007a0000000, 0x00000007a5560000, 0x00000007a5560000)
  from space 21824K,  32% used [0x00000007a6ab0000, 0x00000007a7196cc0, 0x00000007a8000000)
  to   space 21824K,   0% used [0x00000007a5560000, 0x00000007a5560000, 0x00000007a6ab0000)
 concurrent mark-sweep generation total 393216K, used 185834K [0x00000007a8000000, 0x00000007c0000000, 0x00000007c0000000)
 Metaspace       used 34804K, capacity 35308K, committed 35652K, reserved 1081344K
  class space    used 4024K, capacity 4171K, committed 4192K, reserved 1048576K
2016-10-23T20:03:15.003+0800: 131.697: [GC (Allocation Failure) 2016-10-23T20:03:15.003+0800: 131.697: [ParNew
Desired survivor size 20112992 bytes, new threshold 8 (max 8)
- age   1:    5783552 bytes,    5783552 total
- age   2:    1324784 bytes,    7108336 total
- age   3:    1336048 bytes,    8444384 total
- age   4:    1767920 bytes,   10212304 total
- age   5:       1552 bytes,   10213856 total
- age   6:        208 bytes,   10214064 total
- age   7:        848 bytes,   10214912 total
- age   8:       1776 bytes,   10216688 total
: 94491K->12739K(109248K), 0.0057285 secs] 280325K->198574K(502464K), 0.0057951 secs] [Times: user=0.02 sys=0.00, real=0.00 secs] 
Heap after GC invocations=458 (full 17):
 par new generation   total 109248K, used 12739K [0x00000007a0000000, 0x00000007a8000000, 0x00000007a8000000)
  eden space 87424K,   0% used [0x00000007a0000000, 0x00000007a0000000, 0x00000007a5560000)
  from space 21824K,  58% used [0x00000007a5560000, 0x00000007a61d0d78, 0x00000007a6ab0000)
  to   space 21824K,   0% used [0x00000007a6ab0000, 0x00000007a6ab0000, 0x00000007a8000000)
 concurrent mark-sweep generation total 393216K, used 185835K [0x00000007a8000000, 0x00000007c0000000, 0x00000007c0000000)
 Metaspace       used 34804K, capacity 35308K, committed 35652K, reserved 1081344K
  class space    used 4024K, capacity 4171K, committed 4192K, reserved 1048576K
}
2016-10-23T20:03:15.009+0800: 131.703: Total time for which application threads were stopped: 0.0060376 seconds, Stopping threads took: 0.0000898 seconds
{Heap before GC invocations=458 (full 17):
 par new generation   total 109248K, used 100163K [0x00000007a0000000, 0x00000007a8000000, 0x00000007a8000000)
  eden space 87424K, 100% used [0x00000007a0000000, 0x00000007a5560000, 0x00000007a5560000)
  from space 21824K,  58% used [0x00000007a5560000, 0x00000007a61d0d78, 0x00000007a6ab0000)
  to   space 21824K,   0% used [0x00000007a6ab0000, 0x00000007a6ab0000, 0x00000007a8000000)
 concurrent mark-sweep generation total 393216K, used 185835K [0x00000007a8000000, 0x00000007c0000000, 0x00000007c0000000)
 Metaspace       used 34806K, capacity 35308K, committed 35652K, reserved 1081344K
  class space    used 4024K, capacity 4171K, committed 4192K, reserved 1048576K
2016-10-23T20:03:15.233+0800: 131.927: [GC (Allocation Failure) 2016-10-23T20:03:15.233+0800: 131.927: [ParNew
Desired survivor size 20112992 bytes, new threshold 8 (max 8)
- age   1:    6023688 bytes,    6023688 total
- age   2:    3540832 bytes,    9564520 total
- age   3:    1259224 bytes,   10823744 total
- age   4:    1333792 bytes,   12157536 total
- age   5:    1767920 bytes,   13925456 total
- age   6:       1552 bytes,   13927008 total
- age   7:        208 bytes,   13927216 total
- age   8:        848 bytes,   13928064 total
: 100163K->17356K(109248K), 0.0062217 secs] 285998K->203192K(502464K), 0.0062794 secs] [Times: user=0.02 sys=0.00, real=0.00 secs] 
Heap after GC invocations=459 (full 17):
 par new generation   total 109248K, used 17356K [0x00000007a0000000, 0x00000007a8000000, 0x00000007a8000000)
  eden space 87424K,   0% used [0x00000007a0000000, 0x00000007a0000000, 0x00000007a5560000)
  from space 21824K,  79% used [0x00000007a6ab0000, 0x00000007a7ba3000, 0x00000007a8000000)
  to   space 21824K,   0% used [0x00000007a5560000, 0x00000007a5560000, 0x00000007a6ab0000)
 concurrent mark-sweep generation total 393216K, used 185836K [0x00000007a8000000, 0x00000007c0000000, 0x00000007c0000000)
 Metaspace       used 34806K, capacity 35308K, committed 35652K, reserved 1081344K
  class space    used 4024K, capacity 4171K, committed 4192K, reserved 1048576K
}
2016-10-23T20:03:15.239+0800: 131.933: Total time for which application threads were stopped: 0.0065760 seconds, Stopping threads took: 0.0001074 seconds
{Heap before GC invocations=459 (full 17):
 par new generation   total 109248K, used 104780K [0x00000007a0000000, 0x00000007a8000000, 0x00000007a8000000)
  eden space 87424K, 100% used [0x00000007a0000000, 0x00000007a5560000, 0x00000007a5560000)
  from space 21824K,  79% used [0x00000007a6ab0000, 0x00000007a7ba3000, 0x00000007a8000000)
  to   space 21824K,   0% used [0x00000007a5560000, 0x00000007a5560000, 0x00000007a6ab0000)
 concurrent mark-sweep generation total 393216K, used 185836K [0x00000007a8000000, 0x00000007c0000000, 0x00000007c0000000)
 Metaspace       used 34806K, capacity 35308K, committed 35652K, reserved 1081344K
  class space    used 4024K, capacity 4171K, committed 4192K, reserved 1048576K
2016-10-23T20:03:15.462+0800: 132.156: [GC (Allocation Failure) 2016-10-23T20:03:15.462+0800: 132.156: [ParNew
Desired survivor size 20112992 bytes, new threshold 8 (max 8)
- age   1:    7684128 bytes,    7684128 total
- age   2:    3295432 bytes,   10979560 total
- age   3:    2884816 bytes,   13864376 total
- age   4:    1259200 bytes,   15123576 total
- age   5:    1332752 bytes,   16456328 total
- age   6:    1767776 bytes,   18224104 total
- age   7:       1552 bytes,   18225656 total
- age   8:        208 bytes,   18225864 total
: 104780K->21824K(109248K), 0.0080584 secs] 290616K->208355K(502464K), 0.0081361 secs] [Times: user=0.03 sys=0.00, real=0.01 secs] 
Heap after GC invocations=460 (full 17):
 par new generation   total 109248K, used 21824K [0x00000007a0000000, 0x00000007a8000000, 0x00000007a8000000)
  eden space 87424K,   0% used [0x00000007a0000000, 0x00000007a0000000, 0x00000007a5560000)
  from space 21824K, 100% used [0x00000007a5560000, 0x00000007a6ab0000, 0x00000007a6ab0000)
  to   space 21824K,   0% used [0x00000007a6ab0000, 0x00000007a6ab0000, 0x00000007a8000000)
 concurrent mark-sweep generation total 393216K, used 186531K [0x00000007a8000000, 0x00000007c0000000, 0x00000007c0000000)
 Metaspace       used 34806K, capacity 35308K, committed 35652K, reserved 1081344K
  class space    used 4024K, capacity 4171K, committed 4192K, reserved 1048576K
}
2016-10-23T20:03:15.470+0800: 132.164: Total time for which application threads were stopped: 0.0084105 seconds, Stopping threads took: 0.0000893 seconds
{Heap before GC invocations=460 (full 17):
 par new generation   total 109248K, used 109248K [0x00000007a0000000, 0x00000007a8000000, 0x00000007a8000000)
  eden space 87424K, 100% used [0x00000007a0000000, 0x00000007a5560000, 0x00000007a5560000)
  from space 21824K, 100% used [0x00000007a5560000, 0x00000007a6ab0000, 0x00000007a6ab0000)
  to   space 21824K,   0% used [0x00000007a6ab0000, 0x00000007a6ab0000, 0x00000007a8000000)
 concurrent mark-sweep generation total 393216K, used 186531K [0x00000007a8000000, 0x00000007c0000000, 0x00000007c0000000)
 Metaspace       used 34806K, capacity 35308K, committed 35652K, reserved 1081344K
  class space    used 4024K, capacity 4171K, committed 4192K, reserved 1048576K
2016-10-23T20:03:15.646+0800: 132.340: [GC (Allocation Failure) 2016-10-23T20:03:15.646+0800: 132.340: [ParNew
Desired survivor size 20112992 bytes, new threshold 8 (max 8)
- age   1:    4765856 bytes,    4765856 total
- age   2:    4072784 bytes,    8838640 total
- age   3:    2484848 bytes,   11323488 total
- age   4:    2760368 bytes,   14083856 total
- age   5:    1213584 bytes,   15297440 total
- age   6:    1323488 bytes,   16620928 total
- age   7:    1345816 bytes,   17966744 total
- age   8:       1552 bytes,   17968296 total
: 109248K->21824K(109248K), 0.0096407 secs] 295779K->211423K(502464K), 0.0096913 secs] [Times: user=0.03 sys=0.00, real=0.01 secs] 
Heap after GC invocations=461 (full 17):
 par new generation   total 109248K, used 21824K [0x00000007a0000000, 0x00000007a8000000, 0x00000007a8000000)
  eden space 87424K,   0% used [0x00000007a0000000, 0x00000007a0000000, 0x00000007a5560000)
  from space 21824K, 100% used [0x00000007a6ab0000, 0x00000007a8000000, 0x00000007a8000000)
  to   space 21824K,   0% used [0x00000007a5560000, 0x00000007a5560000, 0x00000007a6ab0000)
 concurrent mark-sweep generation total 393216K, used 189599K [0x00000007a8000000, 0x00000007c0000000, 0x00000007c0000000)
 Metaspace       used 34806K, capacity 35308K, committed 35652K, reserved 1081344K
  class space    used 4024K, capacity 4171K, committed 4192K, reserved 1048576K
}
2016-10-23T20:03:15.656+0800: 132.350: Total time for which application threads were stopped: 0.0099036 seconds, Stopping threads took: 0.0000583 seconds
{Heap before GC invocations=461 (full 17):
 par new generation   total 109248K, used 109248K [0x00000007a0000000, 0x00000007a8000000, 0x00000007a8000000)
  eden space 87424K, 100% used [0x00000007a0000000, 0x00000007a5560000, 0x00000007a5560000)
  from space 21824K, 100% used [0x00000007a6ab0000, 0x00000007a8000000, 0x00000007a8000000)
  to   space 21824K,   0% used [0x00000007a5560000, 0x00000007a5560000, 0x00000007a6ab0000)
 concurrent mark-sweep generation total 393216K, used 189599K [0x00000007a8000000, 0x00000007c0000000, 0x00000007c0000000)
 Metaspace       used 34806K, capacity 35308K, committed 35652K, reserved 1081344K
  class space    used 4024K, capacity 4171K, committed 4192K, reserved 1048576K
2016-10-23T20:03:15.913+0800: 132.608: [GC (Allocation Failure) 2016-10-23T20:03:15.913+0800: 132.608: [ParNew
Desired survivor size 20112992 bytes, new threshold 8 (max 8)
- age   1:    5851600 bytes,    5851600 total
- age   2:    1943240 bytes,    7794840 total
- age   3:    3705480 bytes,   11500320 total
- age   4:    2452888 bytes,   13953208 total
- age   5:    2644240 bytes,   16597448 total
- age   6:    1196928 bytes,   17794376 total
- age   7:    1307432 bytes,   19101808 total
- age   8:    1253672 bytes,   20355480 total
: 109248K->21824K(109248K), 0.0081551 secs] 298847K->213345K(502464K), 0.0082284 secs] [Times: user=0.03 sys=0.00, real=0.01 secs] 
Heap after GC invocations=462 (full 17):
 par new generation   total 109248K, used 21824K [0x00000007a0000000, 0x00000007a8000000, 0x00000007a8000000)
  eden space 87424K,   0% used [0x00000007a0000000, 0x00000007a0000000, 0x00000007a5560000)
  from space 21824K, 100% used [0x00000007a5560000, 0x00000007a6ab0000, 0x00000007a6ab0000)
  to   space 21824K,   0% used [0x00000007a6ab0000, 0x00000007a6ab0000, 0x00000007a8000000)
 concurrent mark-sweep generation total 393216K, used 191521K [0x00000007a8000000, 0x00000007c0000000, 0x00000007c0000000)
 Metaspace       used 34806K, capacity 35308K, committed 35652K, reserved 1081344K
  class space    used 4024K, capacity 4171K, committed 4192K, reserved 1048576K
}
2016-10-23T20:03:15.922+0800: 132.616: Total time for which application threads were stopped: 0.0084896 seconds, Stopping threads took: 0.0000881 seconds
{Heap before GC invocations=462 (full 17):
 par new generation   total 109248K, used 109248K [0x00000007a0000000, 0x00000007a8000000, 0x00000007a8000000)
  eden space 87424K, 100% used [0x00000007a0000000, 0x00000007a5560000, 0x00000007a5560000)
  from space 21824K, 100% used [0x00000007a5560000, 0x00000007a6ab0000, 0x00000007a6ab0000)
  to   space 21824K,   0% used [0x00000007a6ab0000, 0x00000007a6ab0000, 0x00000007a8000000)
 concurrent mark-sweep generation total 393216K, used 191521K [0x00000007a8000000, 0x00000007c0000000, 0x00000007c0000000)
 Metaspace       used 34806K, capacity 35308K, committed 35652K, reserved 1081344K
  class space    used 4024K, capacity 4171K, committed 4192K, reserved 1048576K
2016-10-23T20:03:16.064+0800: 132.758: [GC (Allocation Failure) 2016-10-23T20:03:16.064+0800: 132.758: [ParNew
Desired survivor size 20112992 bytes, new threshold 8 (max 8)
- age   1:    5841104 bytes,    5841104 total
- age   2:    2164824 bytes,    8005928 total
- age   3:    1461224 bytes,    9467152 total
- age   4:    1991544 bytes,   11458696 total
- age   5:    2053328 bytes,   13512024 total
- age   6:    2265448 bytes,   15777472 total
- age   7:    1047984 bytes,   16825456 total
- age   8:    1095552 bytes,   17921008 total
: 109248K->21824K(109248K), 0.0095024 secs] 300769K->220982K(502464K), 0.0095665 secs] [Times: user=0.04 sys=0.00, real=0.01 secs] 
Heap after GC invocations=463 (full 17):
 par new generation   total 109248K, used 21824K [0x00000007a0000000, 0x00000007a8000000, 0x00000007a8000000)
  eden space 87424K,   0% used [0x00000007a0000000, 0x00000007a0000000, 0x00000007a5560000)
  from space 21824K, 100% used [0x00000007a6ab0000, 0x00000007a8000000, 0x00000007a8000000)
  to   space 21824K,   0% used [0x00000007a5560000, 0x00000007a5560000, 0x00000007a6ab0000)
 concurrent mark-sweep generation total 393216K, used 199158K [0x00000007a8000000, 0x00000007c0000000, 0x00000007c0000000)
 Metaspace       used 34806K, capacity 35308K, committed 35652K, reserved 1081344K
  class space    used 4024K, capacity 4171K, committed 4192K, reserved 1048576K
}
2016-10-23T20:03:16.073+0800: 132.768: Total time for which application threads were stopped: 0.0097346 seconds, Stopping threads took: 0.0000330 seconds
2016-10-23T20:03:16.074+0800: 132.768: [GC (CMS Initial Mark) [1 CMS-initial-mark: 199158K(393216K)] 222750K(502464K), 0.0014130 secs] [Times: user=0.00 sys=0.00, real=0.00 secs] 
2016-10-23T20:03:16.075+0800: 132.769: Total time for which application threads were stopped: 0.0015907 seconds, Stopping threads took: 0.0000761 seconds
2016-10-23T20:03:16.075+0800: 132.769: [CMS-concurrent-mark-start]
2016-10-23T20:03:16.103+0800: 132.797: [CMS-concurrent-mark: 0.027/0.027 secs] [Times: user=0.16 sys=0.00, real=0.03 secs] 
2016-10-23T20:03:16.103+0800: 132.797: [CMS-concurrent-preclean-start]
2016-10-23T20:03:16.104+0800: 132.798: [CMS-concurrent-preclean: 0.002/0.002 secs] [Times: user=0.00 sys=0.00, real=0.00 secs] 
2016-10-23T20:03:16.104+0800: 132.798: [CMS-concurrent-abortable-preclean-start]
{Heap before GC invocations=463 (full 18):
 par new generation   total 109248K, used 109248K [0x00000007a0000000, 0x00000007a8000000, 0x00000007a8000000)
  eden space 87424K, 100% used [0x00000007a0000000, 0x00000007a5560000, 0x00000007a5560000)
  from space 21824K, 100% used [0x00000007a6ab0000, 0x00000007a8000000, 0x00000007a8000000)
  to   space 21824K,   0% used [0x00000007a5560000, 0x00000007a5560000, 0x00000007a6ab0000)
 concurrent mark-sweep generation total 393216K, used 199158K [0x00000007a8000000, 0x00000007c0000000, 0x00000007c0000000)
 Metaspace       used 34806K, capacity 35308K, committed 35652K, reserved 1081344K
  class space    used 4024K, capacity 4171K, committed 4192K, reserved 1048576K
2016-10-23T20:03:16.156+0800: 132.850: [GC (Allocation Failure) 2016-10-23T20:03:16.156+0800: 132.850: [ParNew
Desired survivor size 20112992 bytes, new threshold 8 (max 8)
- age   1:     697968 bytes,     697968 total
- age   2:    4764648 bytes,    5462616 total
- age   3:    2155000 bytes,    7617616 total
- age   4:    1454632 bytes,    9072248 total
- age   5:    1982792 bytes,   11055040 total
- age   6:    2045088 bytes,   13100128 total
- age   7:    2259152 bytes,   15359280 total
- age   8:    1044336 bytes,   16403616 total
: 109248K->21824K(109248K), 0.0092127 secs] 308406K->223154K(502464K), 0.0092677 secs] [Times: user=0.03 sys=0.01, real=0.01 secs] 
Heap after GC invocations=464 (full 18):
 par new generation   total 109248K, used 21824K [0x00000007a0000000, 0x00000007a8000000, 0x00000007a8000000)
  eden space 87424K,   0% used [0x00000007a0000000, 0x00000007a0000000, 0x00000007a5560000)
  from space 21824K, 100% used [0x00000007a5560000, 0x00000007a6ab0000, 0x00000007a6ab0000)
  to   space 21824K,   0% used [0x00000007a6ab0000, 0x00000007a6ab0000, 0x00000007a8000000)
 concurrent mark-sweep generation total 393216K, used 201330K [0x00000007a8000000, 0x00000007c0000000, 0x00000007c0000000)
 Metaspace       used 34806K, capacity 35308K, committed 35652K, reserved 1081344K
  class space    used 4024K, capacity 4171K, committed 4192K, reserved 1048576K
}
2016-10-23T20:03:16.165+0800: 132.859: Total time for which application threads were stopped: 0.0094626 seconds, Stopping threads took: 0.0000482 seconds
2016-10-23T20:03:16.210+0800: 132.904: [CMS-concurrent-abortable-preclean: 0.095/0.106 secs] [Times: user=0.27 sys=0.03, real=0.11 secs] 
2016-10-23T20:03:16.210+0800: 132.904: [GC (CMS Final Remark) [YG occupancy: 78573 K (109248 K)]{Heap before GC invocations=464 (full 18):
 par new generation   total 109248K, used 78573K [0x00000007a0000000, 0x00000007a8000000, 0x00000007a8000000)
  eden space 87424K,  64% used [0x00000007a0000000, 0x00000007a376b488, 0x00000007a5560000)
  from space 21824K, 100% used [0x00000007a5560000, 0x00000007a6ab0000, 0x00000007a6ab0000)
  to   space 21824K,   0% used [0x00000007a6ab0000, 0x00000007a6ab0000, 0x00000007a8000000)
 concurrent mark-sweep generation total 393216K, used 201330K [0x00000007a8000000, 0x00000007c0000000, 0x00000007c0000000)
 Metaspace       used 34806K, capacity 35308K, committed 35652K, reserved 1081344K
  class space    used 4024K, capacity 4171K, committed 4192K, reserved 1048576K
2016-10-23T20:03:16.210+0800: 132.904: [GC (CMS Final Remark) 2016-10-23T20:03:16.210+0800: 132.904: [ParNew
Desired survivor size 20112992 bytes, new threshold 8 (max 8)
- age   1:     324536 bytes,     324536 total
- age   2:     655920 bytes,     980456 total
- age   3:    4764368 bytes,    5744824 total
- age   4:    2155000 bytes,    7899824 total
- age   5:    1454632 bytes,    9354456 total
- age   6:    1982792 bytes,   11337248 total
- age   7:    2045088 bytes,   13382336 total
- age   8:    2259128 bytes,   15641464 total
: 78573K->21271K(109248K), 0.0088889 secs] 279903K->223636K(502464K), 0.0089515 secs] [Times: user=0.03 sys=0.00, real=0.00 secs] 
Heap after GC invocations=465 (full 18):
 par new generation   total 109248K, used 21271K [0x00000007a0000000, 0x00000007a8000000, 0x00000007a8000000)
  eden space 87424K,   0% used [0x00000007a0000000, 0x00000007a0000000, 0x00000007a5560000)
  from space 21824K,  97% used [0x00000007a6ab0000, 0x00000007a7f75da0, 0x00000007a8000000)
  to   space 21824K,   0% used [0x00000007a5560000, 0x00000007a5560000, 0x00000007a6ab0000)
 concurrent mark-sweep generation total 393216K, used 202364K [0x00000007a8000000, 0x00000007c0000000, 0x00000007c0000000)
 Metaspace       used 34806K, capacity 35308K, committed 35652K, reserved 1081344K
  class space    used 4024K, capacity 4171K, committed 4192K, reserved 1048576K
}
2016-10-23T20:03:16.219+0800: 132.913: [Rescan (parallel) , 0.0035930 secs]2016-10-23T20:03:16.223+0800: 132.917: [weak refs processing, 0.0007560 secs]2016-10-23T20:03:16.224+0800: 132.918: [class unloading, 0.0067773 secs]2016-10-23T20:03:16.230+0800: 132.924: [scrub symbol table, 0.0062981 secs]2016-10-23T20:03:16.237+0800: 132.931: [scrub string table, 0.0004934 secs][1 CMS-remark: 202364K(393216K)] 223636K(502464K), 0.0270640 secs] [Times: user=0.06 sys=0.00, real=0.02 secs] 
2016-10-23T20:03:16.237+0800: 132.931: Total time for which application threads were stopped: 0.0272699 seconds, Stopping threads took: 0.0000782 seconds
2016-10-23T20:03:16.237+0800: 132.931: [CMS-concurrent-sweep-start]
2016-10-23T20:03:16.278+0800: 132.972: [CMS-concurrent-sweep: 0.041/0.041 secs] [Times: user=0.10 sys=0.01, real=0.04 secs] 
2016-10-23T20:03:16.278+0800: 132.972: [CMS-concurrent-reset-start]
2016-10-23T20:03:16.279+0800: 132.973: [CMS-concurrent-reset: 0.000/0.000 secs] [Times: user=0.00 sys=0.00, real=0.00 secs] 
{Heap before GC invocations=465 (full 18):
 par new generation   total 109248K, used 108695K [0x00000007a0000000, 0x00000007a8000000, 0x00000007a8000000)
  eden space 87424K, 100% used [0x00000007a0000000, 0x00000007a5560000, 0x00000007a5560000)
  from space 21824K,  97% used [0x00000007a6ab0000, 0x00000007a7f75da0, 0x00000007a8000000)
  to   space 21824K,   0% used [0x00000007a5560000, 0x00000007a5560000, 0x00000007a6ab0000)
 concurrent mark-sweep generation total 393216K, used 95155K [0x00000007a8000000, 0x00000007c0000000, 0x00000007c0000000)
 Metaspace       used 34806K, capacity 35308K, committed 35652K, reserved 1081344K
  class space    used 4024K, capacity 4171K, committed 4192K, reserved 1048576K
2016-10-23T20:03:16.305+0800: 132.999: [GC (Allocation Failure) 2016-10-23T20:03:16.305+0800: 132.999: [ParNew
Desired survivor size 20112992 bytes, new threshold 8 (max 8)
- age   1:    1736224 bytes,    1736224 total
- age   2:     292424 bytes,    2028648 total
- age   3:     655848 bytes,    2684496 total
- age   4:    4694208 bytes,    7378704 total
- age   5:    2076592 bytes,    9455296 total
- age   6:    1454632 bytes,   10909928 total
- age   7:    1982792 bytes,   12892720 total
- age   8:    2045088 bytes,   14937808 total
: 108695K->19416K(109248K), 0.0096975 secs] 203851K->116315K(502464K), 0.0097440 secs] [Times: user=0.03 sys=0.00, real=0.01 secs] 
Heap after GC invocations=466 (full 18):
 par new generation   total 109248K, used 19416K [0x00000007a0000000, 0x00000007a8000000, 0x00000007a8000000)
  eden space 87424K,   0% used [0x00000007a0000000, 0x00000007a0000000, 0x00000007a5560000)
  from space 21824K,  88% used [0x00000007a5560000, 0x00000007a68560f0, 0x00000007a6ab0000)
  to   space 21824K,   0% used [0x00000007a6ab0000, 0x00000007a6ab0000, 0x00000007a8000000)
 concurrent mark-sweep generation total 393216K, used 96899K [0x00000007a8000000, 0x00000007c0000000, 0x00000007c0000000)
 Metaspace       used 34806K, capacity 35308K, committed 35652K, reserved 1081344K
  class space    used 4024K, capacity 4171K, committed 4192K, reserved 1048576K
}
2016-10-23T20:03:16.315+0800: 133.009: Total time for which application threads were stopped: 0.0099739 seconds, Stopping threads took: 0.0000960 seconds
{Heap before GC invocations=466 (full 18):
 par new generation   total 109248K, used 106840K [0x00000007a0000000, 0x00000007a8000000, 0x00000007a8000000)
  eden space 87424K, 100% used [0x00000007a0000000, 0x00000007a5560000, 0x00000007a5560000)
  from space 21824K,  88% used [0x00000007a5560000, 0x00000007a68560f0, 0x00000007a6ab0000)
  to   space 21824K,   0% used [0x00000007a6ab0000, 0x00000007a6ab0000, 0x00000007a8000000)
 concurrent mark-sweep generation total 393216K, used 96899K [0x00000007a8000000, 0x00000007c0000000, 0x00000007c0000000)
 Metaspace       used 34806K, capacity 35308K, committed 35652K, reserved 1081344K
  class space    used 4024K, capacity 4171K, committed 4192K, reserved 1048576K
2016-10-23T20:03:16.369+0800: 133.063: [GC (Allocation Failure) 2016-10-23T20:03:16.369+0800: 133.063: [ParNew
Desired survivor size 20112992 bytes, new threshold 8 (max 8)
- age   1:    3453856 bytes,    3453856 total
- age   2:    1710272 bytes,    5164128 total
- age   3:     292400 bytes,    5456528 total
- age   4:     655848 bytes,    6112376 total
- age   5:    4279760 bytes,   10392136 total
- age   6:    2061608 bytes,   12453744 total
- age   7:    1454632 bytes,   13908376 total
- age   8:    1982792 bytes,   15891168 total
: 106840K->18535K(109248K), 0.0096528 secs] 203739K->117460K(502464K), 0.0097107 secs] [Times: user=0.03 sys=0.00, real=0.01 secs] 
Heap after GC invocations=467 (full 18):
 par new generation   total 109248K, used 18535K [0x00000007a0000000, 0x00000007a8000000, 0x00000007a8000000)
  eden space 87424K,   0% used [0x00000007a0000000, 0x00000007a0000000, 0x00000007a5560000)
  from space 21824K,  84% used [0x00000007a6ab0000, 0x00000007a7cc9c80, 0x00000007a8000000)
  to   space 21824K,   0% used [0x00000007a5560000, 0x00000007a5560000, 0x00000007a6ab0000)
 concurrent mark-sweep generation total 393216K, used 98925K [0x00000007a8000000, 0x00000007c0000000, 0x00000007c0000000)
 Metaspace       used 34806K, capacity 35308K, committed 35652K, reserved 1081344K
  class space    used 4024K, capacity 4171K, committed 4192K, reserved 1048576K
}
2016-10-23T20:03:16.379+0800: 133.073: Total time for which application threads were stopped: 0.0099155 seconds, Stopping threads took: 0.0000651 seconds
{Heap before GC invocations=467 (full 18):
 par new generation   total 109248K, used 105959K [0x00000007a0000000, 0x00000007a8000000, 0x00000007a8000000)
  eden space 87424K, 100% used [0x00000007a0000000, 0x00000007a5560000, 0x00000007a5560000)
  from space 21824K,  84% used [0x00000007a6ab0000, 0x00000007a7cc9c80, 0x00000007a8000000)
  to   space 21824K,   0% used [0x00000007a5560000, 0x00000007a5560000, 0x00000007a6ab0000)
 concurrent mark-sweep generation total 393216K, used 98925K [0x00000007a8000000, 0x00000007c0000000, 0x00000007c0000000)
 Metaspace       used 34806K, capacity 35308K, committed 35652K, reserved 1081344K
  class space    used 4024K, capacity 4171K, committed 4192K, reserved 1048576K
2016-10-23T20:03:16.598+0800: 133.292: [GC (Allocation Failure) 2016-10-23T20:03:16.598+0800: 133.292: [ParNew
Desired survivor size 20112992 bytes, new threshold 8 (max 8)
- age   1:    5651008 bytes,    5651008 total
- age   2:    2552176 bytes,    8203184 total
- age   3:    1601560 bytes,    9804744 total
- age   4:     195680 bytes,   10000424 total
- age   5:     610752 bytes,   10611176 total
- age   6:    2276312 bytes,   12887488 total
- age   7:    2059552 bytes,   14947040 total
- age   8:    1454632 bytes,   16401672 total
: 105959K->20465K(109248K), 0.0090779 secs] 204884K->121355K(502464K), 0.0091300 secs] [Times: user=0.04 sys=0.00, real=0.01 secs] 
Heap after GC invocations=468 (full 18):
 par new generation   total 109248K, used 20465K [0x00000007a0000000, 0x00000007a8000000, 0x00000007a8000000)
  eden space 87424K,   0% used [0x00000007a0000000, 0x00000007a0000000, 0x00000007a5560000)
  from space 21824K,  93% used [0x00000007a5560000, 0x00000007a695c580, 0x00000007a6ab0000)
  to   space 21824K,   0% used [0x00000007a6ab0000, 0x00000007a6ab0000, 0x00000007a8000000)
 concurrent mark-sweep generation total 393216K, used 100889K [0x00000007a8000000, 0x00000007c0000000, 0x00000007c0000000)
 Metaspace       used 34806K, capacity 35308K, committed 35652K, reserved 1081344K
  class space    used 4024K, capacity 4171K, committed 4192K, reserved 1048576K
}
2016-10-23T20:03:16.607+0800: 133.302: Total time for which application threads were stopped: 0.0093418 seconds, Stopping threads took: 0.0000757 seconds
{Heap before GC invocations=468 (full 18):
 par new generation   total 109248K, used 107839K [0x00000007a0000000, 0x00000007a8000000, 0x00000007a8000000)
  eden space 87424K,  99% used [0x00000007a0000000, 0x00000007a5553918, 0x00000007a5560000)
  from space 21824K,  93% used [0x00000007a5560000, 0x00000007a695c580, 0x00000007a6ab0000)
  to   space 21824K,   0% used [0x00000007a6ab0000, 0x00000007a6ab0000, 0x00000007a8000000)
 concurrent mark-sweep generation total 393216K, used 100889K [0x00000007a8000000, 0x00000007c0000000, 0x00000007c0000000)
 Metaspace       used 34806K, capacity 35308K, committed 35652K, reserved 1081344K
  class space    used 4024K, capacity 4171K, committed 4192K, reserved 1048576K
2016-10-23T20:03:16.975+0800: 133.670: [GC (Allocation Failure) 2016-10-23T20:03:16.976+0800: 133.670: [ParNew
Desired survivor size 20112992 bytes, new threshold 8 (max 8)
- age   1:    8855560 bytes,    8855560 total
- age   2:    2514160 bytes,   11369720 total
- age   3:     394128 bytes,   11763848 total
- age   4:    1513352 bytes,   13277200 total
- age   5:     187232 bytes,   13464432 total
- age   6:     477800 bytes,   13942232 total
- age   7:    2265704 bytes,   16207936 total
- age   8:    2054600 bytes,   18262536 total
: 107839K->21824K(109248K), 0.0197043 secs] 208729K->124155K(502464K), 0.0199001 secs] [Times: user=0.06 sys=0.00, real=0.02 secs] 
Heap after GC invocations=469 (full 18):
 par new generation   total 109248K, used 21824K [0x00000007a0000000, 0x00000007a8000000, 0x00000007a8000000)
  eden space 87424K,   0% used [0x00000007a0000000, 0x00000007a0000000, 0x00000007a5560000)
  from space 21824K, 100% used [0x00000007a6ab0000, 0x00000007a8000000, 0x00000007a8000000)
  to   space 21824K,   0% used [0x00000007a5560000, 0x00000007a5560000, 0x00000007a6ab0000)
 concurrent mark-sweep generation total 393216K, used 102331K [0x00000007a8000000, 0x00000007c0000000, 0x00000007c0000000)
 Metaspace       used 34806K, capacity 35308K, committed 35652K, reserved 1081344K
  class space    used 4024K, capacity 4171K, committed 4192K, reserved 1048576K
}
2016-10-23T20:03:16.995+0800: 133.690: Total time for which application threads were stopped: 0.0206779 seconds, Stopping threads took: 0.0002070 seconds
2016-10-23T20:03:17.215+0800: 133.909: Total time for which application threads were stopped: 0.0005799 seconds, Stopping threads took: 0.0000161 seconds
{Heap before GC invocations=469 (full 18):
 par new generation   total 109248K, used 109248K [0x00000007a0000000, 0x00000007a8000000, 0x00000007a8000000)
  eden space 87424K, 100% used [0x00000007a0000000, 0x00000007a5560000, 0x00000007a5560000)
  from space 21824K, 100% used [0x00000007a6ab0000, 0x00000007a8000000, 0x00000007a8000000)
  to   space 21824K,   0% used [0x00000007a5560000, 0x00000007a5560000, 0x00000007a6ab0000)
 concurrent mark-sweep generation total 393216K, used 102331K [0x00000007a8000000, 0x00000007c0000000, 0x00000007c0000000)
 Metaspace       used 34898K, capacity 35404K, committed 35780K, reserved 1081344K
  class space    used 4040K, capacity 4203K, committed 4320K, reserved 1048576K
2016-10-23T20:03:17.267+0800: 133.961: [GC (Allocation Failure) 2016-10-23T20:03:17.267+0800: 133.961: [ParNew
Desired survivor size 20112992 bytes, new threshold 8 (max 8)
- age   1:    8711984 bytes,    8711984 total
- age   2:    3319376 bytes,   12031360 total
- age   3:    2023656 bytes,   14055016 total
- age   4:     392208 bytes,   14447224 total
- age   5:    1512032 bytes,   15959256 total
- age   6:     183800 bytes,   16143056 total
- age   7:     476752 bytes,   16619808 total
- age   8:    2261920 bytes,   18881728 total
: 109248K->21824K(109248K), 0.0092584 secs] 211579K->127542K(502464K), 0.0093489 secs] [Times: user=0.04 sys=0.00, real=0.01 secs] 
Heap after GC invocations=470 (full 18):
 par new generation   total 109248K, used 21824K [0x00000007a0000000, 0x00000007a8000000, 0x00000007a8000000)
  eden space 87424K,   0% used [0x00000007a0000000, 0x00000007a0000000, 0x00000007a5560000)
  from space 21824K, 100% used [0x00000007a5560000, 0x00000007a6ab0000, 0x00000007a6ab0000)
  to   space 21824K,   0% used [0x00000007a6ab0000, 0x00000007a6ab0000, 0x00000007a8000000)
 concurrent mark-sweep generation total 393216K, used 105718K [0x00000007a8000000, 0x00000007c0000000, 0x00000007c0000000)
 Metaspace       used 34898K, capacity 35404K, committed 35780K, reserved 1081344K
  class space    used 4040K, capacity 4203K, committed 4320K, reserved 1048576K
}
2016-10-23T20:03:17.276+0800: 133.970: Total time for which application threads were stopped: 0.0095554 seconds, Stopping threads took: 0.0000533 seconds
{Heap before GC invocations=470 (full 18):
 par new generation   total 109248K, used 109248K [0x00000007a0000000, 0x00000007a8000000, 0x00000007a8000000)
  eden space 87424K, 100% used [0x00000007a0000000, 0x00000007a5560000, 0x00000007a5560000)
  from space 21824K, 100% used [0x00000007a5560000, 0x00000007a6ab0000, 0x00000007a6ab0000)
  to   space 21824K,   0% used [0x00000007a6ab0000, 0x00000007a6ab0000, 0x00000007a8000000)
 concurrent mark-sweep generation total 393216K, used 105718K [0x00000007a8000000, 0x00000007c0000000, 0x00000007c0000000)
 Metaspace       used 34916K, capacity 35404K, committed 35780K, reserved 1081344K
  class space    used 4042K, capacity 4203K, committed 4320K, reserved 1048576K
2016-10-23T20:03:17.547+0800: 134.241: [GC (Allocation Failure) 2016-10-23T20:03:17.547+0800: 134.241: [ParNew
Desired survivor size 20112992 bytes, new threshold 8 (max 8)
- age   1:    6984400 bytes,    6984400 total
- age   2:    3664920 bytes,   10649320 total
- age   3:    2337560 bytes,   12986880 total
- age   4:    2020968 bytes,   15007848 total
- age   5:     392208 bytes,   15400056 total
- age   6:    1511936 bytes,   16911992 total
- age   7:     183584 bytes,   17095576 total
- age   8:     476656 bytes,   17572232 total
: 109248K->21824K(109248K), 0.0099107 secs] 214966K->134675K(502464K), 0.0099573 secs] [Times: user=0.05 sys=0.00, real=0.01 secs] 
Heap after GC invocations=471 (full 18):
 par new generation   total 109248K, used 21824K [0x00000007a0000000, 0x00000007a8000000, 0x00000007a8000000)
  eden space 87424K,   0% used [0x00000007a0000000, 0x00000007a0000000, 0x00000007a5560000)
  from space 21824K, 100% used [0x00000007a6ab0000, 0x00000007a8000000, 0x00000007a8000000)
  to   space 21824K,   0% used [0x00000007a5560000, 0x00000007a5560000, 0x00000007a6ab0000)
 concurrent mark-sweep generation total 393216K, used 112851K [0x00000007a8000000, 0x00000007c0000000, 0x00000007c0000000)
 Metaspace       used 34916K, capacity 35404K, committed 35780K, reserved 1081344K
  class space    used 4042K, capacity 4203K, committed 4320K, reserved 1048576K
}
2016-10-23T20:03:17.557+0800: 134.251: Total time for which application threads were stopped: 0.0101384 seconds, Stopping threads took: 0.0000187 seconds
2016-10-23T20:03:17.764+0800: 134.458: Total time for which application threads were stopped: 0.0013314 seconds, Stopping threads took: 0.0005710 seconds
{Heap before GC invocations=471 (full 18):
 par new generation   total 109248K, used 109248K [0x00000007a0000000, 0x00000007a8000000, 0x00000007a8000000)
  eden space 87424K, 100% used [0x00000007a0000000, 0x00000007a5560000, 0x00000007a5560000)
  from space 21824K, 100% used [0x00000007a6ab0000, 0x00000007a8000000, 0x00000007a8000000)
  to   space 21824K,   0% used [0x00000007a5560000, 0x00000007a5560000, 0x00000007a6ab0000)
 concurrent mark-sweep generation total 393216K, used 112851K [0x00000007a8000000, 0x00000007c0000000, 0x00000007c0000000)
 Metaspace       used 34933K, capacity 35404K, committed 35780K, reserved 1081344K
  class space    used 4044K, capacity 4203K, committed 4320K, reserved 1048576K
2016-10-23T20:03:18.040+0800: 134.734: [GC (Allocation Failure) 2016-10-23T20:03:18.040+0800: 134.734: [ParNew
Desired survivor size 20112992 bytes, new threshold 8 (max 8)
- age   1:    5206280 bytes,    5206280 total
- age   2:    4440776 bytes,    9647056 total
- age   3:    3533424 bytes,   13180480 total
- age   4:    2326312 bytes,   15506792 total
- age   5:    2010968 bytes,   17517760 total
- age   6:     390888 bytes,   17908648 total
- age   7:    1510392 bytes,   19419040 total
- age   8:     182000 bytes,   19601040 total
: 109248K->21824K(109248K), 0.0216956 secs] 222099K->137960K(502464K), 0.0217627 secs] [Times: user=0.07 sys=0.00, real=0.02 secs] 
Heap after GC invocations=472 (full 18):
 par new generation   total 109248K, used 21824K [0x00000007a0000000, 0x00000007a8000000, 0x00000007a8000000)
  eden space 87424K,   0% used [0x00000007a0000000, 0x00000007a0000000, 0x00000007a5560000)
  from space 21824K, 100% used [0x00000007a5560000, 0x00000007a6ab0000, 0x00000007a6ab0000)
  to   space 21824K,   0% used [0x00000007a6ab0000, 0x00000007a6ab0000, 0x00000007a8000000)
 concurrent mark-sweep generation total 393216K, used 116136K [0x00000007a8000000, 0x00000007c0000000, 0x00000007c0000000)
 Metaspace       used 34933K, capacity 35404K, committed 35780K, reserved 1081344K
  class space    used 4044K, capacity 4203K, committed 4320K, reserved 1048576K
}
2016-10-23T20:03:18.062+0800: 134.756: Total time for which application threads were stopped: 0.0220602 seconds, Stopping threads took: 0.0000259 seconds
{Heap before GC invocations=472 (full 18):
 par new generation   total 109248K, used 109248K [0x00000007a0000000, 0x00000007a8000000, 0x00000007a8000000)
  eden space 87424K, 100% used [0x00000007a0000000, 0x00000007a5560000, 0x00000007a5560000)
  from space 21824K, 100% used [0x00000007a5560000, 0x00000007a6ab0000, 0x00000007a6ab0000)
  to   space 21824K,   0% used [0x00000007a6ab0000, 0x00000007a6ab0000, 0x00000007a8000000)
 concurrent mark-sweep generation total 393216K, used 116136K [0x00000007a8000000, 0x00000007c0000000, 0x00000007c0000000)
 Metaspace       used 34982K, capacity 35480K, committed 35780K, reserved 1081344K
  class space    used 4050K, capacity 4203K, committed 4320K, reserved 1048576K
2016-10-23T20:03:18.577+0800: 135.271: [GC (Allocation Failure) 2016-10-23T20:03:18.577+0800: 135.271: [ParNew
Desired survivor size 20112992 bytes, new threshold 8 (max 8)
- age   1:    6544216 bytes,    6544216 total
- age   2:    2526680 bytes,    9070896 total
- age   3:    3429456 bytes,   12500352 total
- age   4:    2948888 bytes,   15449240 total
- age   5:    2101640 bytes,   17550880 total
- age   6:    1838528 bytes,   19389408 total
- age   7:     359408 bytes,   19748816 total
- age   8:    1484752 bytes,   21233568 total
: 109248K->21824K(109248K), 0.0144925 secs] 225384K->146432K(502464K), 0.0145443 secs] [Times: user=0.07 sys=0.00, real=0.02 secs] 
Heap after GC invocations=473 (full 18):
 par new generation   total 109248K, used 21824K [0x00000007a0000000, 0x00000007a8000000, 0x00000007a8000000)
  eden space 87424K,   0% used [0x00000007a0000000, 0x00000007a0000000, 0x00000007a5560000)
  from space 21824K, 100% used [0x00000007a6ab0000, 0x00000007a8000000, 0x00000007a8000000)
  to   space 21824K,   0% used [0x00000007a5560000, 0x00000007a5560000, 0x00000007a6ab0000)
 concurrent mark-sweep generation total 393216K, used 124608K [0x00000007a8000000, 0x00000007c0000000, 0x00000007c0000000)
 Metaspace       used 34982K, capacity 35480K, committed 35780K, reserved 1081344K
  class space    used 4050K, capacity 4203K, committed 4320K, reserved 1048576K
}
2016-10-23T20:03:18.592+0800: 135.286: Total time for which application threads were stopped: 0.0148391 seconds, Stopping threads took: 0.0001318 seconds
2016-10-23T20:03:18.618+0800: 135.313: Total time for which application threads were stopped: 0.0001638 seconds, Stopping threads took: 0.0000713 seconds
2016-10-23T20:03:18.755+0800: 135.449: Total time for which application threads were stopped: 0.0002065 seconds, Stopping threads took: 0.0001001 seconds
2016-10-23T20:03:18.755+0800: 135.449: Total time for which application threads were stopped: 0.0001097 seconds, Stopping threads took: 0.0000458 seconds
{Heap before GC invocations=473 (full 18):
 par new generation   total 109248K, used 109248K [0x00000007a0000000, 0x00000007a8000000, 0x00000007a8000000)
  eden space 87424K, 100% used [0x00000007a0000000, 0x00000007a5560000, 0x00000007a5560000)
  from space 21824K, 100% used [0x00000007a6ab0000, 0x00000007a8000000, 0x00000007a8000000)
  to   space 21824K,   0% used [0x00000007a5560000, 0x00000007a5560000, 0x00000007a6ab0000)
 concurrent mark-sweep generation total 393216K, used 124608K [0x00000007a8000000, 0x00000007c0000000, 0x00000007c0000000)
 Metaspace       used 34995K, capacity 35480K, committed 35780K, reserved 1081344K
  class space    used 4051K, capacity 4203K, committed 4320K, reserved 1048576K
2016-10-23T20:03:18.891+0800: 135.586: [GC (Allocation Failure) 2016-10-23T20:03:18.891+0800: 135.586: [ParNew
Desired survivor size 20112992 bytes, new threshold 8 (max 8)
- age   1:    1580592 bytes,    1580592 total
- age   2:    4391176 bytes,    5971768 total
- age   3:    2214872 bytes,    8186640 total
- age   4:    3067368 bytes,   11254008 total
- age   5:    2746712 bytes,   14000720 total
- age   6:    1851416 bytes,   15852136 total
- age   7:    1559056 bytes,   17411192 total
- age   8:     301496 bytes,   17712688 total
: 109248K->21824K(109248K), 0.0109442 secs] 233856K->152338K(502464K), 0.0110154 secs] [Times: user=0.05 sys=0.00, real=0.01 secs] 
Heap after GC invocations=474 (full 18):
 par new generation   total 109248K, used 21824K [0x00000007a0000000, 0x00000007a8000000, 0x00000007a8000000)
  eden space 87424K,   0% used [0x00000007a0000000, 0x00000007a0000000, 0x00000007a5560000)
  from space 21824K, 100% used [0x00000007a5560000, 0x00000007a6ab0000, 0x00000007a6ab0000)
  to   space 21824K,   0% used [0x00000007a6ab0000, 0x00000007a6ab0000, 0x00000007a8000000)
 concurrent mark-sweep generation total 393216K, used 130514K [0x00000007a8000000, 0x00000007c0000000, 0x00000007c0000000)
 Metaspace       used 34995K, capacity 35480K, committed 35780K, reserved 1081344K
  class space    used 4051K, capacity 4203K, committed 4320K, reserved 1048576K
}
2016-10-23T20:03:18.902+0800: 135.597: Total time for which application threads were stopped: 0.0112572 seconds, Stopping threads took: 0.0000854 seconds
{Heap before GC invocations=474 (full 18):
 par new generation   total 109248K, used 109248K [0x00000007a0000000, 0x00000007a8000000, 0x00000007a8000000)
  eden space 87424K, 100% used [0x00000007a0000000, 0x00000007a5560000, 0x00000007a5560000)
  from space 21824K, 100% used [0x00000007a5560000, 0x00000007a6ab0000, 0x00000007a6ab0000)
  to   space 21824K,   0% used [0x00000007a6ab0000, 0x00000007a6ab0000, 0x00000007a8000000)
 concurrent mark-sweep generation total 393216K, used 130514K [0x00000007a8000000, 0x00000007c0000000, 0x00000007c0000000)
 Metaspace       used 34995K, capacity 35480K, committed 35780K, reserved 1081344K
  class space    used 4051K, capacity 4203K, committed 4320K, reserved 1048576K
2016-10-23T20:03:19.093+0800: 135.787: [GC (Allocation Failure) 2016-10-23T20:03:19.093+0800: 135.787: [ParNew
Desired survivor size 20112992 bytes, new threshold 8 (max 8)
- age   1:    2155576 bytes,    2155576 total
- age   2:     710016 bytes,    2865592 total
- age   3:    4324296 bytes,    7189888 total
- age   4:    2213968 bytes,    9403856 total
- age   5:    3066320 bytes,   12470176 total
- age   6:    2745664 bytes,   15215840 total
- age   7:    1850824 bytes,   17066664 total
- age   8:    1558400 bytes,   18625064 total
: 109248K->21824K(109248K), 0.0083041 secs] 239762K->154060K(502464K), 0.0083651 secs] [Times: user=0.03 sys=0.00, real=0.01 secs] 
Heap after GC invocations=475 (full 18):
 par new generation   total 109248K, used 21824K [0x00000007a0000000, 0x00000007a8000000, 0x00000007a8000000)
  eden space 87424K,   0% used [0x00000007a0000000, 0x00000007a0000000, 0x00000007a5560000)
  from space 21824K, 100% used [0x00000007a6ab0000, 0x00000007a8000000, 0x00000007a8000000)
  to   space 21824K,   0% used [0x00000007a5560000, 0x00000007a5560000, 0x00000007a6ab0000)
 concurrent mark-sweep generation total 393216K, used 132236K [0x00000007a8000000, 0x00000007c0000000, 0x00000007c0000000)
 Metaspace       used 34995K, capacity 35480K, committed 35780K, reserved 1081344K
  class space    used 4051K, capacity 4203K, committed 4320K, reserved 1048576K
}
2016-10-23T20:03:19.102+0800: 135.796: Total time for which application threads were stopped: 0.0086043 seconds, Stopping threads took: 0.0000786 seconds
{Heap before GC invocations=475 (full 18):
 par new generation   total 109248K, used 109248K [0x00000007a0000000, 0x00000007a8000000, 0x00000007a8000000)
  eden space 87424K, 100% used [0x00000007a0000000, 0x00000007a5560000, 0x00000007a5560000)
  from space 21824K, 100% used [0x00000007a6ab0000, 0x00000007a8000000, 0x00000007a8000000)
  to   space 21824K,   0% used [0x00000007a5560000, 0x00000007a5560000, 0x00000007a6ab0000)
 concurrent mark-sweep generation total 393216K, used 132236K [0x00000007a8000000, 0x00000007c0000000, 0x00000007c0000000)
 Metaspace       used 35002K, capacity 35480K, committed 35780K, reserved 1081344K
  class space    used 4052K, capacity 4203K, committed 4320K, reserved 1048576K
2016-10-23T20:03:19.206+0800: 135.900: [GC (Allocation Failure) 2016-10-23T20:03:19.206+0800: 135.900: [ParNew
Desired survivor size 20112992 bytes, new threshold 8 (max 8)
- age   1:    2697688 bytes,    2697688 total
- age   2:     741992 bytes,    3439680 total
- age   3:     515680 bytes,    3955360 total
- age   4:    4207360 bytes,    8162720 total
- age   5:    2213936 bytes,   10376656 total
- age   6:    2996792 bytes,   13373448 total
- age   7:    2731256 bytes,   16104704 total
- age   8:    1850728 bytes,   17955432 total
: 109248K->21824K(109248K), 0.0091223 secs] 241484K->156691K(502464K), 0.0091731 secs] [Times: user=0.03 sys=0.00, real=0.01 secs] 
Heap after GC invocations=476 (full 18):
 par new generation   total 109248K, used 21824K [0x00000007a0000000, 0x00000007a8000000, 0x00000007a8000000)
  eden space 87424K,   0% used [0x00000007a0000000, 0x00000007a0000000, 0x00000007a5560000)
  from space 21824K, 100% used [0x00000007a5560000, 0x00000007a6ab0000, 0x00000007a6ab0000)
  to   space 21824K,   0% used [0x00000007a6ab0000, 0x00000007a6ab0000, 0x00000007a8000000)
 concurrent mark-sweep generation total 393216K, used 134867K [0x00000007a8000000, 0x00000007c0000000, 0x00000007c0000000)
 Metaspace       used 35002K, capacity 35480K, committed 35780K, reserved 1081344K
  class space    used 4052K, capacity 4203K, committed 4320K, reserved 1048576K
}
2016-10-23T20:03:19.215+0800: 135.909: Total time for which application threads were stopped: 0.0094469 seconds, Stopping threads took: 0.0000821 seconds
{Heap before GC invocations=476 (full 18):
 par new generation   total 109248K, used 109241K [0x00000007a0000000, 0x00000007a8000000, 0x00000007a8000000)
  eden space 87424K,  99% used [0x00000007a0000000, 0x00000007a555e7b8, 0x00000007a5560000)
  from space 21824K, 100% used [0x00000007a5560000, 0x00000007a6ab0000, 0x00000007a6ab0000)
  to   space 21824K,   0% used [0x00000007a6ab0000, 0x00000007a6ab0000, 0x00000007a8000000)
 concurrent mark-sweep generation total 393216K, used 134867K [0x00000007a8000000, 0x00000007c0000000, 0x00000007c0000000)
 Metaspace       used 35002K, capacity 35480K, committed 35780K, reserved 1081344K
  class space    used 4052K, capacity 4203K, committed 4320K, reserved 1048576K
2016-10-23T20:03:19.307+0800: 136.002: [GC (Allocation Failure) 2016-10-23T20:03:19.307+0800: 136.002: [ParNew
Desired survivor size 20112992 bytes, new threshold 8 (max 8)
- age   1:    2189512 bytes,    2189512 total
- age   2:    1279360 bytes,    3468872 total
- age   3:     649344 bytes,    4118216 total
- age   4:     460384 bytes,    4578600 total
- age   5:    4192760 bytes,    8771360 total
- age   6:    2190064 bytes,   10961424 total
- age   7:    2970560 bytes,   13931984 total
- age   8:    2720160 bytes,   16652144 total
: 109241K->21824K(109248K), 0.0074189 secs] 244109K->158990K(502464K), 0.0074736 secs] [Times: user=0.03 sys=0.00, real=0.01 secs] 
Heap after GC invocations=477 (full 18):
 par new generation   total 109248K, used 21824K [0x00000007a0000000, 0x00000007a8000000, 0x00000007a8000000)
  eden space 87424K,   0% used [0x00000007a0000000, 0x00000007a0000000, 0x00000007a5560000)
  from space 21824K, 100% used [0x00000007a6ab0000, 0x00000007a8000000, 0x00000007a8000000)
  to   space 21824K,   0% used [0x00000007a5560000, 0x00000007a5560000, 0x00000007a6ab0000)
 concurrent mark-sweep generation total 393216K, used 137166K [0x00000007a8000000, 0x00000007c0000000, 0x00000007c0000000)
 Metaspace       used 35002K, capacity 35480K, committed 35780K, reserved 1081344K
  class space    used 4052K, capacity 4203K, committed 4320K, reserved 1048576K
}
2016-10-23T20:03:19.315+0800: 136.009: Total time for which application threads were stopped: 0.0077043 seconds, Stopping threads took: 0.0000820 seconds
{Heap before GC invocations=477 (full 18):
 par new generation   total 109248K, used 109248K [0x00000007a0000000, 0x00000007a8000000, 0x00000007a8000000)
  eden space 87424K, 100% used [0x00000007a0000000, 0x00000007a5560000, 0x00000007a5560000)
  from space 21824K, 100% used [0x00000007a6ab0000, 0x00000007a8000000, 0x00000007a8000000)
  to   space 21824K,   0% used [0x00000007a5560000, 0x00000007a5560000, 0x00000007a6ab0000)
 concurrent mark-sweep generation total 393216K, used 137166K [0x00000007a8000000, 0x00000007c0000000, 0x00000007c0000000)
 Metaspace       used 35003K, capacity 35480K, committed 35780K, reserved 1081344K
  class space    used 4052K, capacity 4203K, committed 4320K, reserved 1048576K
2016-10-23T20:03:19.421+0800: 136.115: [GC (Allocation Failure) 2016-10-23T20:03:19.421+0800: 136.115: [ParNew
Desired survivor size 20112992 bytes, new threshold 8 (max 8)
- age   1:    2635384 bytes,    2635384 total
- age   2:     612008 bytes,    3247392 total
- age   3:    1208664 bytes,    4456056 total
- age   4:     649344 bytes,    5105400 total
- age   5:     460384 bytes,    5565784 total
- age   6:    4192760 bytes,    9758544 total
- age   7:    2190064 bytes,   11948608 total
- age   8:    2970560 bytes,   14919168 total
: 109248K->15780K(109248K), 0.0132115 secs] 246414K->155610K(502464K), 0.0132735 secs] [Times: user=0.04 sys=0.00, real=0.01 secs] 
Heap after GC invocations=478 (full 18):
 par new generation   total 109248K, used 15780K [0x00000007a0000000, 0x00000007a8000000, 0x00000007a8000000)
  eden space 87424K,   0% used [0x00000007a0000000, 0x00000007a0000000, 0x00000007a5560000)
  from space 21824K,  72% used [0x00000007a5560000, 0x00000007a64c9150, 0x00000007a6ab0000)
  to   space 21824K,   0% used [0x00000007a6ab0000, 0x00000007a6ab0000, 0x00000007a8000000)
 concurrent mark-sweep generation total 393216K, used 139830K [0x00000007a8000000, 0x00000007c0000000, 0x00000007c0000000)
 Metaspace       used 35003K, capacity 35480K, committed 35780K, reserved 1081344K
  class space    used 4052K, capacity 4203K, committed 4320K, reserved 1048576K
}
2016-10-23T20:03:19.434+0800: 136.128: Total time for which application threads were stopped: 0.0135453 seconds, Stopping threads took: 0.0000770 seconds
2016-10-23T20:03:19.559+0800: 136.253: Total time for which application threads were stopped: 0.0002427 seconds, Stopping threads took: 0.0000905 seconds
2016-10-23T20:03:19.621+0800: 136.315: Total time for which application threads were stopped: 0.0002282 seconds, Stopping threads took: 0.0000979 seconds
2016-10-23T20:03:19.677+0800: 136.371: Total time for which application threads were stopped: 0.0002093 seconds, Stopping threads took: 0.0000869 seconds
{Heap before GC invocations=478 (full 18):
 par new generation   total 109248K, used 103204K [0x00000007a0000000, 0x00000007a8000000, 0x00000007a8000000)
  eden space 87424K, 100% used [0x00000007a0000000, 0x00000007a5560000, 0x00000007a5560000)
  from space 21824K,  72% used [0x00000007a5560000, 0x00000007a64c9150, 0x00000007a6ab0000)
  to   space 21824K,   0% used [0x00000007a6ab0000, 0x00000007a6ab0000, 0x00000007a8000000)
 concurrent mark-sweep generation total 393216K, used 139830K [0x00000007a8000000, 0x00000007c0000000, 0x00000007c0000000)
 Metaspace       used 35017K, capacity 35480K, committed 35780K, reserved 1081344K
  class space    used 4052K, capacity 4203K, committed 4320K, reserved 1048576K
2016-10-23T20:03:19.712+0800: 136.406: [GC (Allocation Failure) 2016-10-23T20:03:19.712+0800: 136.407: [ParNew
Desired survivor size 20112992 bytes, new threshold 8 (max 8)
- age   1:    6384768 bytes,    6384768 total
- age   2:     683792 bytes,    7068560 total
- age   3:     554016 bytes,    7622576 total
- age   4:    1185448 bytes,    8808024 total
- age   5:     474352 bytes,    9282376 total
- age   6:     409296 bytes,    9691672 total
- age   7:    4177480 bytes,   13869152 total
- age   8:    2188992 bytes,   16058144 total
: 103204K->20335K(109248K), 0.0084826 secs] 243034K->163071K(502464K), 0.0085461 secs] [Times: user=0.04 sys=0.00, real=0.01 secs] 
Heap after GC invocations=479 (full 18):
 par new generation   total 109248K, used 20335K [0x00000007a0000000, 0x00000007a8000000, 0x00000007a8000000)
  eden space 87424K,   0% used [0x00000007a0000000, 0x00000007a0000000, 0x00000007a5560000)
  from space 21824K,  93% used [0x00000007a6ab0000, 0x00000007a7e8bf50, 0x00000007a8000000)
  to   space 21824K,   0% used [0x00000007a5560000, 0x00000007a5560000, 0x00000007a6ab0000)
 concurrent mark-sweep generation total 393216K, used 142735K [0x00000007a8000000, 0x00000007c0000000, 0x00000007c0000000)
 Metaspace       used 35017K, capacity 35480K, committed 35780K, reserved 1081344K
  class space    used 4052K, capacity 4203K, committed 4320K, reserved 1048576K
}
2016-10-23T20:03:19.721+0800: 136.415: Total time for which application threads were stopped: 0.0088299 seconds, Stopping threads took: 0.0000821 seconds
2016-10-23T20:03:19.871+0800: 136.565: Total time for which application threads were stopped: 0.0006928 seconds, Stopping threads took: 0.0004968 seconds
2016-10-23T20:03:19.871+0800: 136.565: Total time for which application threads were stopped: 0.0001876 seconds, Stopping threads took: 0.0000720 seconds
2016-10-23T20:03:19.871+0800: 136.565: Total time for which application threads were stopped: 0.0002604 seconds, Stopping threads took: 0.0001499 seconds
2016-10-23T20:03:19.871+0800: 136.566: Total time for which application threads were stopped: 0.0001975 seconds, Stopping threads took: 0.0001034 seconds
{Heap before GC invocations=479 (full 18):
 par new generation   total 109248K, used 107759K [0x00000007a0000000, 0x00000007a8000000, 0x00000007a8000000)
  eden space 87424K, 100% used [0x00000007a0000000, 0x00000007a5560000, 0x00000007a5560000)
  from space 21824K,  93% used [0x00000007a6ab0000, 0x00000007a7e8bf50, 0x00000007a8000000)
  to   space 21824K,   0% used [0x00000007a5560000, 0x00000007a5560000, 0x00000007a6ab0000)
 concurrent mark-sweep generation total 393216K, used 142735K [0x00000007a8000000, 0x00000007c0000000, 0x00000007c0000000)
 Metaspace       used 35026K, capacity 35480K, committed 35780K, reserved 1081344K
  class space    used 4052K, capacity 4203K, committed 4320K, reserved 1048576K
2016-10-23T20:03:19.897+0800: 136.592: [GC (Allocation Failure) 2016-10-23T20:03:19.897+0800: 136.592: [ParNew
Desired survivor size 20112992 bytes, new threshold 8 (max 8)
- age   1:    2208440 bytes,    2208440 total
- age   2:    5773608 bytes,    7982048 total
- age   3:     610808 bytes,    8592856 total
- age   4:     482184 bytes,    9075040 total
- age   5:    1135360 bytes,   10210400 total
- age   6:     374920 bytes,   10585320 total
- age   7:     312720 bytes,   10898040 total
- age   8:    4169488 bytes,   15067528 total
: 107759K->21824K(109248K), 0.0070681 secs] 250495K->166702K(502464K), 0.0071298 secs] [Times: user=0.04 sys=0.00, real=0.01 secs] 
Heap after GC invocations=480 (full 18):
 par new generation   total 109248K, used 21824K [0x00000007a0000000, 0x00000007a8000000, 0x00000007a8000000)
  eden space 87424K,   0% used [0x00000007a0000000, 0x00000007a0000000, 0x00000007a5560000)
  from space 21824K, 100% used [0x00000007a5560000, 0x00000007a6ab0000, 0x00000007a6ab0000)
  to   space 21824K,   0% used [0x00000007a6ab0000, 0x00000007a6ab0000, 0x00000007a8000000)
 concurrent mark-sweep generation total 393216K, used 144878K [0x00000007a8000000, 0x00000007c0000000, 0x00000007c0000000)
 Metaspace       used 35026K, capacity 35480K, committed 35780K, reserved 1081344K
  class space    used 4052K, capacity 4203K, committed 4320K, reserved 1048576K
}
2016-10-23T20:03:19.905+0800: 136.599: Total time for which application threads were stopped: 0.0073333 seconds, Stopping threads took: 0.0000697 seconds
{Heap before GC invocations=480 (full 18):
 par new generation   total 109248K, used 109248K [0x00000007a0000000, 0x00000007a8000000, 0x00000007a8000000)
  eden space 87424K, 100% used [0x00000007a0000000, 0x00000007a5560000, 0x00000007a5560000)
  from space 21824K, 100% used [0x00000007a5560000, 0x00000007a6ab0000, 0x00000007a6ab0000)
  to   space 21824K,   0% used [0x00000007a6ab0000, 0x00000007a6ab0000, 0x00000007a8000000)
 concurrent mark-sweep generation total 393216K, used 144878K [0x00000007a8000000, 0x00000007c0000000, 0x00000007c0000000)
 Metaspace       used 35027K, capacity 35480K, committed 35780K, reserved 1081344K
  class space    used 4052K, capacity 4203K, committed 4320K, reserved 1048576K
2016-10-23T20:03:20.141+0800: 136.835: [GC (Allocation Failure) 2016-10-23T20:03:20.141+0800: 136.835: [ParNew
Desired survivor size 20112992 bytes, new threshold 8 (max 8)
- age   1:    3484416 bytes,    3484416 total
- age   2:    1222336 bytes,    4706752 total
- age   3:    5760304 bytes,   10467056 total
- age   4:     610808 bytes,   11077864 total
- age   5:     482184 bytes,   11560048 total
- age   6:    1135360 bytes,   12695408 total
- age   7:     374920 bytes,   13070328 total
- age   8:     312720 bytes,   13383048 total
: 109248K->15947K(109248K), 0.0061342 secs] 254126K->164903K(502464K), 0.0061975 secs] [Times: user=0.02 sys=0.00, real=0.00 secs] 
Heap after GC invocations=481 (full 18):
 par new generation   total 109248K, used 15947K [0x00000007a0000000, 0x00000007a8000000, 0x00000007a8000000)
  eden space 87424K,   0% used [0x00000007a0000000, 0x00000007a0000000, 0x00000007a5560000)
  from space 21824K,  73% used [0x00000007a6ab0000, 0x00000007a7a42db0, 0x00000007a8000000)
  to   space 21824K,   0% used [0x00000007a5560000, 0x00000007a5560000, 0x00000007a6ab0000)
 concurrent mark-sweep generation total 393216K, used 148956K [0x00000007a8000000, 0x00000007c0000000, 0x00000007c0000000)
 Metaspace       used 35027K, capacity 35480K, committed 35780K, reserved 1081344K
  class space    used 4052K, capacity 4203K, committed 4320K, reserved 1048576K
}
2016-10-23T20:03:20.147+0800: 136.842: Total time for which application threads were stopped: 0.0064982 seconds, Stopping threads took: 0.0001171 seconds
{Heap before GC invocations=481 (full 18):
 par new generation   total 109248K, used 103371K [0x00000007a0000000, 0x00000007a8000000, 0x00000007a8000000)
  eden space 87424K, 100% used [0x00000007a0000000, 0x00000007a5560000, 0x00000007a5560000)
  from space 21824K,  73% used [0x00000007a6ab0000, 0x00000007a7a42db0, 0x00000007a8000000)
  to   space 21824K,   0% used [0x00000007a5560000, 0x00000007a5560000, 0x00000007a6ab0000)
 concurrent mark-sweep generation total 393216K, used 148956K [0x00000007a8000000, 0x00000007c0000000, 0x00000007c0000000)
 Metaspace       used 35030K, capacity 35480K, committed 35780K, reserved 1081344K
  class space    used 4052K, capacity 4203K, committed 4320K, reserved 1048576K
2016-10-23T20:03:20.393+0800: 137.087: [GC (Allocation Failure) 2016-10-23T20:03:20.393+0800: 137.087: [ParNew
Desired survivor size 20112992 bytes, new threshold 8 (max 8)
- age   1:    6029776 bytes,    6029776 total
- age   2:    1666720 bytes,    7696496 total
- age   3:    1174248 bytes,    8870744 total
- age   4:    5742680 bytes,   14613424 total
- age   5:     610808 bytes,   15224232 total
- age   6:     482184 bytes,   15706416 total
- age   7:    1135360 bytes,   16841776 total
- age   8:     374920 bytes,   17216696 total
: 103371K->21138K(109248K), 0.0052658 secs] 252327K->170400K(502464K), 0.0053312 secs] [Times: user=0.02 sys=0.00, real=0.00 secs] 
Heap after GC invocations=482 (full 18):
 par new generation   total 109248K, used 21138K [0x00000007a0000000, 0x00000007a8000000, 0x00000007a8000000)
  eden space 87424K,   0% used [0x00000007a0000000, 0x00000007a0000000, 0x00000007a5560000)
  from space 21824K,  96% used [0x00000007a5560000, 0x00000007a6a04b30, 0x00000007a6ab0000)
  to   space 21824K,   0% used [0x00000007a6ab0000, 0x00000007a6ab0000, 0x00000007a8000000)
 concurrent mark-sweep generation total 393216K, used 149261K [0x00000007a8000000, 0x00000007c0000000, 0x00000007c0000000)
 Metaspace       used 35030K, capacity 35480K, committed 35780K, reserved 1081344K
  class space    used 4052K, capacity 4203K, committed 4320K, reserved 1048576K
}
2016-10-23T20:03:20.398+0800: 137.092: Total time for which application threads were stopped: 0.0055381 seconds, Stopping threads took: 0.0000637 seconds
{Heap before GC invocations=482 (full 18):
 par new generation   total 109248K, used 108562K [0x00000007a0000000, 0x00000007a8000000, 0x00000007a8000000)
  eden space 87424K, 100% used [0x00000007a0000000, 0x00000007a5560000, 0x00000007a5560000)
  from space 21824K,  96% used [0x00000007a5560000, 0x00000007a6a04b30, 0x00000007a6ab0000)
  to   space 21824K,   0% used [0x00000007a6ab0000, 0x00000007a6ab0000, 0x00000007a8000000)
 concurrent mark-sweep generation total 393216K, used 149261K [0x00000007a8000000, 0x00000007c0000000, 0x00000007c0000000)
 Metaspace       used 35030K, capacity 35480K, committed 35780K, reserved 1081344K
  class space    used 4052K, capacity 4203K, committed 4320K, reserved 1048576K
2016-10-23T20:03:20.707+0800: 137.402: [GC (Allocation Failure) 2016-10-23T20:03:20.707+0800: 137.402: [ParNew
Desired survivor size 20112992 bytes, new threshold 8 (max 8)
- age   1:    3986368 bytes,    3986368 total
- age   2:    3826712 bytes,    7813080 total
- age   3:    1483096 bytes,    9296176 total
- age   4:    1143296 bytes,   10439472 total
- age   5:    5543112 bytes,   15982584 total
- age   6:     601880 bytes,   16584464 total
- age   7:     474856 bytes,   17059320 total
- age   8:    1128064 bytes,   18187384 total
: 108562K->21824K(109248K), 0.0069585 secs] 257824K->173285K(502464K), 0.0070259 secs] [Times: user=0.03 sys=0.01, real=0.01 secs] 
Heap after GC invocations=483 (full 18):
 par new generation   total 109248K, used 21824K [0x00000007a0000000, 0x00000007a8000000, 0x00000007a8000000)
  eden space 87424K,   0% used [0x00000007a0000000, 0x00000007a0000000, 0x00000007a5560000)
  from space 21824K, 100% used [0x00000007a6ab0000, 0x00000007a8000000, 0x00000007a8000000)
  to   space 21824K,   0% used [0x00000007a5560000, 0x00000007a5560000, 0x00000007a6ab0000)
 concurrent mark-sweep generation total 393216K, used 151461K [0x00000007a8000000, 0x00000007c0000000, 0x00000007c0000000)
 Metaspace       used 35030K, capacity 35480K, committed 35780K, reserved 1081344K
  class space    used 4052K, capacity 4203K, committed 4320K, reserved 1048576K
}
2016-10-23T20:03:20.714+0800: 137.409: Total time for which application threads were stopped: 0.0072558 seconds, Stopping threads took: 0.0000738 seconds
{Heap before GC invocations=483 (full 18):
 par new generation   total 109248K, used 109248K [0x00000007a0000000, 0x00000007a8000000, 0x00000007a8000000)
  eden space 87424K, 100% used [0x00000007a0000000, 0x00000007a5560000, 0x00000007a5560000)
  from space 21824K, 100% used [0x00000007a6ab0000, 0x00000007a8000000, 0x00000007a8000000)
  to   space 21824K,   0% used [0x00000007a5560000, 0x00000007a5560000, 0x00000007a6ab0000)
 concurrent mark-sweep generation total 393216K, used 151461K [0x00000007a8000000, 0x00000007c0000000, 0x00000007c0000000)
 Metaspace       used 35030K, capacity 35480K, committed 35780K, reserved 1081344K
  class space    used 4052K, capacity 4203K, committed 4320K, reserved 1048576K
2016-10-23T20:03:20.918+0800: 137.612: [GC (Allocation Failure) 2016-10-23T20:03:20.918+0800: 137.612: [ParNew
Desired survivor size 20112992 bytes, new threshold 8 (max 8)
- age   1:    5070544 bytes,    5070544 total
- age   2:    1834464 bytes,    6905008 total
- age   3:    1523912 bytes,    8428920 total
- age   4:    1308064 bytes,    9736984 total
- age   5:    1066560 bytes,   10803544 total
- age   6:    4627056 bytes,   15430600 total
- age   7:     586840 bytes,   16017440 total
- age   8:     463400 bytes,   16480840 total
: 109248K->21824K(109248K), 0.0065274 secs] 260709K->179425K(502464K), 0.0065947 secs] [Times: user=0.02 sys=0.00, real=0.01 secs] 
Heap after GC invocations=484 (full 18):
 par new generation   total 109248K, used 21824K [0x00000007a0000000, 0x00000007a8000000, 0x00000007a8000000)
  eden space 87424K,   0% used [0x00000007a0000000, 0x00000007a0000000, 0x00000007a5560000)
  from space 21824K, 100% used [0x00000007a5560000, 0x00000007a6ab0000, 0x00000007a6ab0000)
  to   space 21824K,   0% used [0x00000007a6ab0000, 0x00000007a6ab0000, 0x00000007a8000000)
 concurrent mark-sweep generation total 393216K, used 157601K [0x00000007a8000000, 0x00000007c0000000, 0x00000007c0000000)
 Metaspace       used 35030K, capacity 35480K, committed 35780K, reserved 1081344K
  class space    used 4052K, capacity 4203K, committed 4320K, reserved 1048576K
}
2016-10-23T20:03:20.925+0800: 137.619: Total time for which application threads were stopped: 0.0068561 seconds, Stopping threads took: 0.0001090 seconds
{Heap before GC invocations=484 (full 18):
 par new generation   total 109248K, used 109248K [0x00000007a0000000, 0x00000007a8000000, 0x00000007a8000000)
  eden space 87424K, 100% used [0x00000007a0000000, 0x00000007a5560000, 0x00000007a5560000)
  from space 21824K, 100% used [0x00000007a5560000, 0x00000007a6ab0000, 0x00000007a6ab0000)
  to   space 21824K,   0% used [0x00000007a6ab0000, 0x00000007a6ab0000, 0x00000007a8000000)
 concurrent mark-sweep generation total 393216K, used 157601K [0x00000007a8000000, 0x00000007c0000000, 0x00000007c0000000)
 Metaspace       used 35030K, capacity 35480K, committed 35780K, reserved 1081344K
  class space    used 4052K, capacity 4203K, committed 4320K, reserved 1048576K
2016-10-23T20:03:21.095+0800: 137.789: [GC (Allocation Failure) 2016-10-23T20:03:21.095+0800: 137.789: [ParNew
Desired survivor size 20112992 bytes, new threshold 8 (max 8)
- age   1:    5200984 bytes,    5200984 total
- age   2:    2661488 bytes,    7862472 total
- age   3:    1780904 bytes,    9643376 total
- age   4:    1452032 bytes,   11095408 total
- age   5:    1275248 bytes,   12370656 total
- age   6:    1045720 bytes,   13416376 total
- age   7:    4520800 bytes,   17937176 total
- age   8:     574472 bytes,   18511648 total
: 109248K->21824K(109248K), 0.0054527 secs] 266849K->180394K(502464K), 0.0055124 secs] [Times: user=0.02 sys=0.00, real=0.01 secs] 
Heap after GC invocations=485 (full 18):
 par new generation   total 109248K, used 21824K [0x00000007a0000000, 0x00000007a8000000, 0x00000007a8000000)
  eden space 87424K,   0% used [0x00000007a0000000, 0x00000007a0000000, 0x00000007a5560000)
  from space 21824K, 100% used [0x00000007a6ab0000, 0x00000007a8000000, 0x00000007a8000000)
  to   space 21824K,   0% used [0x00000007a5560000, 0x00000007a5560000, 0x00000007a6ab0000)
 concurrent mark-sweep generation total 393216K, used 158570K [0x00000007a8000000, 0x00000007c0000000, 0x00000007c0000000)
 Metaspace       used 35030K, capacity 35480K, committed 35780K, reserved 1081344K
  class space    used 4052K, capacity 4203K, committed 4320K, reserved 1048576K
}
2016-10-23T20:03:21.100+0800: 137.795: Total time for which application threads were stopped: 0.0057737 seconds, Stopping threads took: 0.0000986 seconds
{Heap before GC invocations=485 (full 18):
 par new generation   total 109248K, used 109248K [0x00000007a0000000, 0x00000007a8000000, 0x00000007a8000000)
  eden space 87424K, 100% used [0x00000007a0000000, 0x00000007a5560000, 0x00000007a5560000)
  from space 21824K, 100% used [0x00000007a6ab0000, 0x00000007a8000000, 0x00000007a8000000)
  to   space 21824K,   0% used [0x00000007a5560000, 0x00000007a5560000, 0x00000007a6ab0000)
 concurrent mark-sweep generation total 393216K, used 158570K [0x00000007a8000000, 0x00000007c0000000, 0x00000007c0000000)
 Metaspace       used 35031K, capacity 35544K, committed 36036K, reserved 1081344K
  class space    used 4052K, capacity 4203K, committed 4320K, reserved 1048576K
2016-10-23T20:03:21.315+0800: 138.009: [GC (Allocation Failure) 2016-10-23T20:03:21.315+0800: 138.009: [ParNew
Desired survivor size 20112992 bytes, new threshold 8 (max 8)
- age   1:    6258344 bytes,    6258344 total
- age   2:    1616816 bytes,    7875160 total
- age   3:    1670480 bytes,    9545640 total
- age   4:    1538136 bytes,   11083776 total
- age   5:    1330624 bytes,   12414400 total
- age   6:    1226400 bytes,   13640800 total
- age   7:    1012736 bytes,   14653536 total
- age   8:    4220904 bytes,   18874440 total
: 109248K->21824K(109248K), 0.0077442 secs] 267818K->182654K(502464K), 0.0078024 secs] [Times: user=0.03 sys=0.00, real=0.01 secs] 
Heap after GC invocations=486 (full 18):
 par new generation   total 109248K, used 21824K [0x00000007a0000000, 0x00000007a8000000, 0x00000007a8000000)
  eden space 87424K,   0% used [0x00000007a0000000, 0x00000007a0000000, 0x00000007a5560000)
  from space 21824K, 100% used [0x00000007a5560000, 0x00000007a6ab0000, 0x00000007a6ab0000)
  to   space 21824K,   0% used [0x00000007a6ab0000, 0x00000007a6ab0000, 0x00000007a8000000)
 concurrent mark-sweep generation total 393216K, used 160830K [0x00000007a8000000, 0x00000007c0000000, 0x00000007c0000000)
 Metaspace       used 35031K, capacity 35544K, committed 36036K, reserved 1081344K
  class space    used 4052K, capacity 4203K, committed 4320K, reserved 1048576K
}
2016-10-23T20:03:21.323+0800: 138.017: Total time for which application threads were stopped: 0.0080800 seconds, Stopping threads took: 0.0001143 seconds
{Heap before GC invocations=486 (full 18):
 par new generation   total 109248K, used 109248K [0x00000007a0000000, 0x00000007a8000000, 0x00000007a8000000)
  eden space 87424K, 100% used [0x00000007a0000000, 0x00000007a5560000, 0x00000007a5560000)
  from space 21824K, 100% used [0x00000007a5560000, 0x00000007a6ab0000, 0x00000007a6ab0000)
  to   space 21824K,   0% used [0x00000007a6ab0000, 0x00000007a6ab0000, 0x00000007a8000000)
 concurrent mark-sweep generation total 393216K, used 160830K [0x00000007a8000000, 0x00000007c0000000, 0x00000007c0000000)
 Metaspace       used 35034K, capacity 35544K, committed 36036K, reserved 1081344K
  class space    used 4052K, capacity 4203K, committed 4320K, reserved 1048576K
2016-10-23T20:03:21.515+0800: 138.209: [GC (Allocation Failure) 2016-10-23T20:03:21.515+0800: 138.209: [ParNew
Desired survivor size 20112992 bytes, new threshold 8 (max 8)
- age   1:    6613192 bytes,    6613192 total
- age   2:    2502688 bytes,    9115880 total
- age   3:    1564760 bytes,   10680640 total
- age   4:    1213656 bytes,   11894296 total
- age   5:    1376176 bytes,   13270472 total
- age   6:    1308728 bytes,   14579200 total
- age   7:    1206792 bytes,   15785992 total
- age   8:     998720 bytes,   16784712 total
: 109248K->21824K(109248K), 0.0070412 secs] 270078K->188110K(502464K), 0.0070919 secs] [Times: user=0.02 sys=0.01, real=0.01 secs] 
Heap after GC invocations=487 (full 18):
 par new generation   total 109248K, used 21824K [0x00000007a0000000, 0x00000007a8000000, 0x00000007a8000000)
  eden space 87424K,   0% used [0x00000007a0000000, 0x00000007a0000000, 0x00000007a5560000)
  from space 21824K, 100% used [0x00000007a6ab0000, 0x00000007a8000000, 0x00000007a8000000)
  to   space 21824K,   0% used [0x00000007a5560000, 0x00000007a5560000, 0x00000007a6ab0000)
 concurrent mark-sweep generation total 393216K, used 166286K [0x00000007a8000000, 0x00000007c0000000, 0x00000007c0000000)
 Metaspace       used 35034K, capacity 35544K, committed 36036K, reserved 1081344K
  class space    used 4052K, capacity 4203K, committed 4320K, reserved 1048576K
}
2016-10-23T20:03:21.522+0800: 138.216: Total time for which application threads were stopped: 0.0073066 seconds, Stopping threads took: 0.0000610 seconds
{Heap before GC invocations=487 (full 18):
 par new generation   total 109248K, used 109248K [0x00000007a0000000, 0x00000007a8000000, 0x00000007a8000000)
  eden space 87424K, 100% used [0x00000007a0000000, 0x00000007a5560000, 0x00000007a5560000)
  from space 21824K, 100% used [0x00000007a6ab0000, 0x00000007a8000000, 0x00000007a8000000)
  to   space 21824K,   0% used [0x00000007a5560000, 0x00000007a5560000, 0x00000007a6ab0000)
 concurrent mark-sweep generation total 393216K, used 166286K [0x00000007a8000000, 0x00000007c0000000, 0x00000007c0000000)
 Metaspace       used 35034K, capacity 35544K, committed 36036K, reserved 1081344K
  class space    used 4052K, capacity 4203K, committed 4320K, reserved 1048576K
2016-10-23T20:03:21.672+0800: 138.366: [GC (Allocation Failure) 2016-10-23T20:03:21.672+0800: 138.366: [ParNew
Desired survivor size 20112992 bytes, new threshold 8 (max 8)
- age   1:    7691976 bytes,    7691976 total
- age   2:    3758672 bytes,   11450648 total
- age   3:    2348688 bytes,   13799336 total
- age   4:    1538856 bytes,   15338192 total
- age   5:     666096 bytes,   16004288 total
- age   6:    1351456 bytes,   17355744 total
- age   7:    1288704 bytes,   18644448 total
- age   8:    1189928 bytes,   19834376 total
: 109248K->21824K(109248K), 0.0062569 secs] 275534K->190099K(502464K), 0.0063043 secs] [Times: user=0.02 sys=0.00, real=0.00 secs] 
Heap after GC invocations=488 (full 18):
 par new generation   total 109248K, used 21824K [0x00000007a0000000, 0x00000007a8000000, 0x00000007a8000000)
  eden space 87424K,   0% used [0x00000007a0000000, 0x00000007a0000000, 0x00000007a5560000)
  from space 21824K, 100% used [0x00000007a5560000, 0x00000007a6ab0000, 0x00000007a6ab0000)
  to   space 21824K,   0% used [0x00000007a6ab0000, 0x00000007a6ab0000, 0x00000007a8000000)
 concurrent mark-sweep generation total 393216K, used 168275K [0x00000007a8000000, 0x00000007c0000000, 0x00000007c0000000)
 Metaspace       used 35034K, capacity 35544K, committed 36036K, reserved 1081344K
  class space    used 4052K, capacity 4203K, committed 4320K, reserved 1048576K
}
2016-10-23T20:03:21.678+0800: 138.373: Total time for which application threads were stopped: 0.0065160 seconds, Stopping threads took: 0.0000827 seconds
{Heap before GC invocations=488 (full 18):
 par new generation   total 109248K, used 109248K [0x00000007a0000000, 0x00000007a8000000, 0x00000007a8000000)
  eden space 87424K, 100% used [0x00000007a0000000, 0x00000007a5560000, 0x00000007a5560000)
  from space 21824K, 100% used [0x00000007a5560000, 0x00000007a6ab0000, 0x00000007a6ab0000)
  to   space 21824K,   0% used [0x00000007a6ab0000, 0x00000007a6ab0000, 0x00000007a8000000)
 concurrent mark-sweep generation total 393216K, used 168275K [0x00000007a8000000, 0x00000007c0000000, 0x00000007c0000000)
 Metaspace       used 35034K, capacity 35544K, committed 36036K, reserved 1081344K
  class space    used 4052K, capacity 4203K, committed 4320K, reserved 1048576K
2016-10-23T20:03:21.908+0800: 138.603: [GC (Allocation Failure) 2016-10-23T20:03:21.909+0800: 138.603: [ParNew
Desired survivor size 20112992 bytes, new threshold 8 (max 8)
- age   1:    5707880 bytes,    5707880 total
- age   2:    3830096 bytes,    9537976 total
- age   3:    2650080 bytes,   12188056 total
- age   4:    2299304 bytes,   14487360 total
- age   5:    1509136 bytes,   15996496 total
- age   6:     634688 bytes,   16631184 total
- age   7:    1319952 bytes,   17951136 total
- age   8:    1265080 bytes,   19216216 total
: 109248K->21824K(109248K), 0.0074007 secs] 277523K->194317K(502464K), 0.0074793 secs] [Times: user=0.03 sys=0.00, real=0.01 secs] 
Heap after GC invocations=489 (full 18):
 par new generation   total 109248K, used 21824K [0x00000007a0000000, 0x00000007a8000000, 0x00000007a8000000)
  eden space 87424K,   0% used [0x00000007a0000000, 0x00000007a0000000, 0x00000007a5560000)
  from space 21824K, 100% used [0x00000007a6ab0000, 0x00000007a8000000, 0x00000007a8000000)
  to   space 21824K,   0% used [0x00000007a5560000, 0x00000007a5560000, 0x00000007a6ab0000)
 concurrent mark-sweep generation total 393216K, used 172493K [0x00000007a8000000, 0x00000007c0000000, 0x00000007c0000000)
 Metaspace       used 35034K, capacity 35544K, committed 36036K, reserved 1081344K
  class space    used 4052K, capacity 4203K, committed 4320K, reserved 1048576K
}
2016-10-23T20:03:21.916+0800: 138.610: Total time for which application threads were stopped: 0.0077192 seconds, Stopping threads took: 0.0000681 seconds
{Heap before GC invocations=489 (full 18):
 par new generation   total 109248K, used 109248K [0x00000007a0000000, 0x00000007a8000000, 0x00000007a8000000)
  eden space 87424K, 100% used [0x00000007a0000000, 0x00000007a5560000, 0x00000007a5560000)
  from space 21824K, 100% used [0x00000007a6ab0000, 0x00000007a8000000, 0x00000007a8000000)
  to   space 21824K,   0% used [0x00000007a5560000, 0x00000007a5560000, 0x00000007a6ab0000)
 concurrent mark-sweep generation total 393216K, used 172493K [0x00000007a8000000, 0x00000007c0000000, 0x00000007c0000000)
 Metaspace       used 35034K, capacity 35544K, committed 36036K, reserved 1081344K
  class space    used 4052K, capacity 4203K, committed 4320K, reserved 1048576K
2016-10-23T20:03:22.102+0800: 138.796: [GC (Allocation Failure) 2016-10-23T20:03:22.102+0800: 138.796: [ParNew
Desired survivor size 20112992 bytes, new threshold 8 (max 8)
- age   1:    2790024 bytes,    2790024 total
- age   2:    4669872 bytes,    7459896 total
- age   3:    3644872 bytes,   11104768 total
- age   4:    2537928 bytes,   13642696 total
- age   5:    2139544 bytes,   15782240 total
- age   6:    1489976 bytes,   17272216 total
- age   7:     612008 bytes,   17884224 total
- age   8:    1298792 bytes,   19183016 total
: 109248K->21824K(109248K), 0.0079077 secs] 281741K->198539K(502464K), 0.0079685 secs] [Times: user=0.03 sys=0.00, real=0.01 secs] 
Heap after GC invocations=490 (full 18):
 par new generation   total 109248K, used 21824K [0x00000007a0000000, 0x00000007a8000000, 0x00000007a8000000)
  eden space 87424K,   0% used [0x00000007a0000000, 0x00000007a0000000, 0x00000007a5560000)
  from space 21824K, 100% used [0x00000007a5560000, 0x00000007a6ab0000, 0x00000007a6ab0000)
  to   space 21824K,   0% used [0x00000007a6ab0000, 0x00000007a6ab0000, 0x00000007a8000000)
 concurrent mark-sweep generation total 393216K, used 176715K [0x00000007a8000000, 0x00000007c0000000, 0x00000007c0000000)
 Metaspace       used 35034K, capacity 35544K, committed 36036K, reserved 1081344K
  class space    used 4052K, capacity 4203K, committed 4320K, reserved 1048576K
}
2016-10-23T20:03:22.110+0800: 138.804: Total time for which application threads were stopped: 0.0082174 seconds, Stopping threads took: 0.0000873 seconds
{Heap before GC invocations=490 (full 18):
 par new generation   total 109248K, used 109248K [0x00000007a0000000, 0x00000007a8000000, 0x00000007a8000000)
  eden space 87424K, 100% used [0x00000007a0000000, 0x00000007a5560000, 0x00000007a5560000)
  from space 21824K, 100% used [0x00000007a5560000, 0x00000007a6ab0000, 0x00000007a6ab0000)
  to   space 21824K,   0% used [0x00000007a6ab0000, 0x00000007a6ab0000, 0x00000007a8000000)
 concurrent mark-sweep generation total 393216K, used 176715K [0x00000007a8000000, 0x00000007c0000000, 0x00000007c0000000)
 Metaspace       used 35034K, capacity 35544K, committed 36036K, reserved 1081344K
  class space    used 4052K, capacity 4203K, committed 4320K, reserved 1048576K
2016-10-23T20:03:22.322+0800: 139.016: [GC (Allocation Failure) 2016-10-23T20:03:22.322+0800: 139.016: [ParNew
Desired survivor size 20112992 bytes, new threshold 8 (max 8)
- age   1:    5800432 bytes,    5800432 total
- age   2:    2069136 bytes,    7869568 total
- age   3:    1992184 bytes,    9861752 total
- age   4:    3635696 bytes,   13497448 total
- age   5:    2258272 bytes,   15755720 total
- age   6:    1973120 bytes,   17728840 total
- age   7:    1479072 bytes,   19207912 total
- age   8:     602984 bytes,   19810896 total
: 109248K->21824K(109248K), 0.0082670 secs] 285963K->204329K(502464K), 0.0083299 secs] [Times: user=0.03 sys=0.00, real=0.01 secs] 
Heap after GC invocations=491 (full 18):
 par new generation   total 109248K, used 21824K [0x00000007a0000000, 0x00000007a8000000, 0x00000007a8000000)
  eden space 87424K,   0% used [0x00000007a0000000, 0x00000007a0000000, 0x00000007a5560000)
  from space 21824K, 100% used [0x00000007a6ab0000, 0x00000007a8000000, 0x00000007a8000000)
  to   space 21824K,   0% used [0x00000007a5560000, 0x00000007a5560000, 0x00000007a6ab0000)
 concurrent mark-sweep generation total 393216K, used 182505K [0x00000007a8000000, 0x00000007c0000000, 0x00000007c0000000)
 Metaspace       used 35034K, capacity 35544K, committed 36036K, reserved 1081344K
  class space    used 4052K, capacity 4203K, committed 4320K, reserved 1048576K
}
2016-10-23T20:03:22.331+0800: 139.025: Total time for which application threads were stopped: 0.0085655 seconds, Stopping threads took: 0.0000833 seconds
{Heap before GC invocations=491 (full 18):
 par new generation   total 109248K, used 109248K [0x00000007a0000000, 0x00000007a8000000, 0x00000007a8000000)
  eden space 87424K, 100% used [0x00000007a0000000, 0x00000007a5560000, 0x00000007a5560000)
  from space 21824K, 100% used [0x00000007a6ab0000, 0x00000007a8000000, 0x00000007a8000000)
  to   space 21824K,   0% used [0x00000007a5560000, 0x00000007a5560000, 0x00000007a6ab0000)
 concurrent mark-sweep generation total 393216K, used 182505K [0x00000007a8000000, 0x00000007c0000000, 0x00000007c0000000)
 Metaspace       used 35034K, capacity 35544K, committed 36036K, reserved 1081344K
  class space    used 4052K, capacity 4203K, committed 4320K, reserved 1048576K
2016-10-23T20:03:22.519+0800: 139.214: [GC (Allocation Failure) 2016-10-23T20:03:22.519+0800: 139.214: [ParNew
Desired survivor size 20112992 bytes, new threshold 8 (max 8)
- age   1:    6438232 bytes,    6438232 total
- age   2:    1918192 bytes,    8356424 total
- age   3:    1278224 bytes,    9634648 total
- age   4:    1379368 bytes,   11014016 total
- age   5:    3231744 bytes,   14245760 total
- age   6:    1325528 bytes,   15571288 total
- age   7:    1663784 bytes,   17235072 total
- age   8:    1469480 bytes,   18704552 total
: 109248K->21824K(109248K), 0.0094615 secs] 291753K->211788K(502464K), 0.0095292 secs] [Times: user=0.04 sys=0.00, real=0.01 secs] 
Heap after GC invocations=492 (full 18):
 par new generation   total 109248K, used 21824K [0x00000007a0000000, 0x00000007a8000000, 0x00000007a8000000)
  eden space 87424K,   0% used [0x00000007a0000000, 0x00000007a0000000, 0x00000007a5560000)
  from space 21824K, 100% used [0x00000007a5560000, 0x00000007a6ab0000, 0x00000007a6ab0000)
  to   space 21824K,   0% used [0x00000007a6ab0000, 0x00000007a6ab0000, 0x00000007a8000000)
 concurrent mark-sweep generation total 393216K, used 189964K [0x00000007a8000000, 0x00000007c0000000, 0x00000007c0000000)
 Metaspace       used 35034K, capacity 35544K, committed 36036K, reserved 1081344K
  class space    used 4052K, capacity 4203K, committed 4320K, reserved 1048576K
}
2016-10-23T20:03:22.529+0800: 139.223: Total time for which application threads were stopped: 0.0097096 seconds, Stopping threads took: 0.0000334 seconds
{Heap before GC invocations=492 (full 18):
 par new generation   total 109248K, used 109248K [0x00000007a0000000, 0x00000007a8000000, 0x00000007a8000000)
  eden space 87424K, 100% used [0x00000007a0000000, 0x00000007a5560000, 0x00000007a5560000)
  from space 21824K, 100% used [0x00000007a5560000, 0x00000007a6ab0000, 0x00000007a6ab0000)
  to   space 21824K,   0% used [0x00000007a6ab0000, 0x00000007a6ab0000, 0x00000007a8000000)
 concurrent mark-sweep generation total 393216K, used 189964K [0x00000007a8000000, 0x00000007c0000000, 0x00000007c0000000)
 Metaspace       used 35056K, capacity 35608K, committed 36036K, reserved 1081344K
  class space    used 4054K, capacity 4203K, committed 4320K, reserved 1048576K
2016-10-23T20:03:22.707+0800: 139.401: [GC (Allocation Failure) 2016-10-23T20:03:22.707+0800: 139.401: [ParNew
Desired survivor size 20112992 bytes, new threshold 8 (max 8)
- age   1:    3407968 bytes,    3407968 total
- age   2:    4975688 bytes,    8383656 total
- age   3:    1782712 bytes,   10166368 total
- age   4:    1261544 bytes,   11427912 total
- age   5:    1358200 bytes,   12786112 total
- age   6:    3221376 bytes,   16007488 total
- age   7:    1314584 bytes,   17322072 total
- age   8:    1654672 bytes,   18976744 total
: 109248K->21824K(109248K), 0.0113240 secs] 299212K->213997K(502464K), 0.0113852 secs] [Times: user=0.05 sys=0.00, real=0.01 secs] 
Heap after GC invocations=493 (full 18):
 par new generation   total 109248K, used 21824K [0x00000007a0000000, 0x00000007a8000000, 0x00000007a8000000)
  eden space 87424K,   0% used [0x00000007a0000000, 0x00000007a0000000, 0x00000007a5560000)
  from space 21824K, 100% used [0x00000007a6ab0000, 0x00000007a8000000, 0x00000007a8000000)
  to   space 21824K,   0% used [0x00000007a5560000, 0x00000007a5560000, 0x00000007a6ab0000)
 concurrent mark-sweep generation total 393216K, used 192173K [0x00000007a8000000, 0x00000007c0000000, 0x00000007c0000000)
 Metaspace       used 35056K, capacity 35608K, committed 36036K, reserved 1081344K
  class space    used 4054K, capacity 4203K, committed 4320K, reserved 1048576K
}
2016-10-23T20:03:22.718+0800: 139.413: Total time for which application threads were stopped: 0.0116274 seconds, Stopping threads took: 0.0000774 seconds
{Heap before GC invocations=493 (full 18):
 par new generation   total 109248K, used 109248K [0x00000007a0000000, 0x00000007a8000000, 0x00000007a8000000)
  eden space 87424K, 100% used [0x00000007a0000000, 0x00000007a5560000, 0x00000007a5560000)
  from space 21824K, 100% used [0x00000007a6ab0000, 0x00000007a8000000, 0x00000007a8000000)
  to   space 21824K,   0% used [0x00000007a5560000, 0x00000007a5560000, 0x00000007a6ab0000)
 concurrent mark-sweep generation total 393216K, used 192173K [0x00000007a8000000, 0x00000007c0000000, 0x00000007c0000000)
 Metaspace       used 35056K, capacity 35608K, committed 36036K, reserved 1081344K
  class space    used 4054K, capacity 4203K, committed 4320K, reserved 1048576K
2016-10-23T20:03:22.904+0800: 139.598: [GC (Allocation Failure) 2016-10-23T20:03:22.904+0800: 139.598: [ParNew
Desired survivor size 20112992 bytes, new threshold 8 (max 8)
- age   1:    6719568 bytes,    6719568 total
- age   2:    2590800 bytes,    9310368 total
- age   3:    1567800 bytes,   10878168 total
- age   4:    1388808 bytes,   12266976 total
- age   5:    1196256 bytes,   13463232 total
- age   6:    1243288 bytes,   14706520 total
- age   7:    3177312 bytes,   17883832 total
- age   8:    1226800 bytes,   19110632 total
: 109248K->21824K(109248K), 0.0107136 secs] 301421K->219403K(502464K), 0.0107725 secs] [Times: user=0.04 sys=0.00, real=0.01 secs] 
Heap after GC invocations=494 (full 18):
 par new generation   total 109248K, used 21824K [0x00000007a0000000, 0x00000007a8000000, 0x00000007a8000000)
  eden space 87424K,   0% used [0x00000007a0000000, 0x00000007a0000000, 0x00000007a5560000)
  from space 21824K, 100% used [0x00000007a5560000, 0x00000007a6ab0000, 0x00000007a6ab0000)
  to   space 21824K,   0% used [0x00000007a6ab0000, 0x00000007a6ab0000, 0x00000007a8000000)
 concurrent mark-sweep generation total 393216K, used 197579K [0x00000007a8000000, 0x00000007c0000000, 0x00000007c0000000)
 Metaspace       used 35056K, capacity 35608K, committed 36036K, reserved 1081344K
  class space    used 4054K, capacity 4203K, committed 4320K, reserved 1048576K
}
2016-10-23T20:03:22.915+0800: 139.609: Total time for which application threads were stopped: 0.0109391 seconds, Stopping threads took: 0.0000213 seconds
2016-10-23T20:03:22.915+0800: 139.609: [GC (CMS Initial Mark) [1 CMS-initial-mark: 197579K(393216K)] 221143K(502464K), 0.0016277 secs] [Times: user=0.00 sys=0.00, real=0.00 secs] 
2016-10-23T20:03:22.916+0800: 139.611: Total time for which application threads were stopped: 0.0017751 seconds, Stopping threads took: 0.0000568 seconds
2016-10-23T20:03:22.917+0800: 139.611: [CMS-concurrent-mark-start]
2016-10-23T20:03:22.933+0800: 139.627: [CMS-concurrent-mark: 0.017/0.017 secs] [Times: user=0.08 sys=0.01, real=0.02 secs] 
2016-10-23T20:03:22.933+0800: 139.627: [CMS-concurrent-preclean-start]
2016-10-23T20:03:22.935+0800: 139.629: [CMS-concurrent-preclean: 0.001/0.002 secs] [Times: user=0.01 sys=0.00, real=0.00 secs] 
2016-10-23T20:03:22.935+0800: 139.629: [CMS-concurrent-abortable-preclean-start]
2016-10-23T20:03:23.039+0800: 139.733: Total time for which application threads were stopped: 0.0001730 seconds, Stopping threads took: 0.0000562 seconds
2016-10-23T20:03:23.039+0800: 139.734: Total time for which application threads were stopped: 0.0001721 seconds, Stopping threads took: 0.0000367 seconds
2016-10-23T20:03:23.067+0800: 139.761: [CMS-concurrent-abortable-preclean: 0.132/0.132 secs] [Times: user=0.56 sys=0.00, real=0.13 secs] 
2016-10-23T20:03:23.067+0800: 139.762: [GC (CMS Final Remark) [YG occupancy: 67293 K (109248 K)]{Heap before GC invocations=494 (full 19):
 par new generation   total 109248K, used 67293K [0x00000007a0000000, 0x00000007a8000000, 0x00000007a8000000)
  eden space 87424K,  52% used [0x00000007a0000000, 0x00000007a2c67490, 0x00000007a5560000)
  from space 21824K, 100% used [0x00000007a5560000, 0x00000007a6ab0000, 0x00000007a6ab0000)
  to   space 21824K,   0% used [0x00000007a6ab0000, 0x00000007a6ab0000, 0x00000007a8000000)
 concurrent mark-sweep generation total 393216K, used 197579K [0x00000007a8000000, 0x00000007c0000000, 0x00000007c0000000)
 Metaspace       used 35073K, capacity 35608K, committed 36036K, reserved 1081344K
  class space    used 4056K, capacity 4203K, committed 4320K, reserved 1048576K
2016-10-23T20:03:23.067+0800: 139.762: [GC (CMS Final Remark) 2016-10-23T20:03:23.067+0800: 139.762: [ParNew
Desired survivor size 20112992 bytes, new threshold 8 (max 8)
- age   1:    3184504 bytes,    3184504 total
- age   2:    5066752 bytes,    8251256 total
- age   3:    1708176 bytes,    9959432 total
- age   4:    1487672 bytes,   11447104 total
- age   5:    1380392 bytes,   12827496 total
- age   6:    1193864 bytes,   14021360 total
- age   7:    1239184 bytes,   15260544 total
- age   8:    3175912 bytes,   18436456 total
: 67293K->21824K(109248K), 0.0075693 secs] 264873K->223446K(502464K), 0.0076059 secs] [Times: user=0.02 sys=0.00, real=0.01 secs] 
Heap after GC invocations=495 (full 19):
 par new generation   total 109248K, used 21824K [0x00000007a0000000, 0x00000007a8000000, 0x00000007a8000000)
  eden space 87424K,   0% used [0x00000007a0000000, 0x00000007a0000000, 0x00000007a5560000)
  from space 21824K, 100% used [0x00000007a6ab0000, 0x00000007a8000000, 0x00000007a8000000)
  to   space 21824K,   0% used [0x00000007a5560000, 0x00000007a5560000, 0x00000007a6ab0000)
 concurrent mark-sweep generation total 393216K, used 201622K [0x00000007a8000000, 0x00000007c0000000, 0x00000007c0000000)
 Metaspace       used 35073K, capacity 35608K, committed 36036K, reserved 1081344K
  class space    used 4056K, capacity 4203K, committed 4320K, reserved 1048576K
}
2016-10-23T20:03:23.075+0800: 139.769: [Rescan (parallel) , 0.0028965 secs]2016-10-23T20:03:23.078+0800: 139.772: [weak refs processing, 0.0009286 secs]2016-10-23T20:03:23.079+0800: 139.773: [class unloading, 0.0059814 secs]2016-10-23T20:03:23.085+0800: 139.779: [scrub symbol table, 0.0045696 secs]2016-10-23T20:03:23.090+0800: 139.784: [scrub string table, 0.0006091 secs][1 CMS-remark: 201622K(393216K)] 223446K(502464K), 0.0228620 secs] [Times: user=0.05 sys=0.00, real=0.03 secs] 
2016-10-23T20:03:23.090+0800: 139.785: Total time for which application threads were stopped: 0.0230924 seconds, Stopping threads took: 0.0000950 seconds
2016-10-23T20:03:23.090+0800: 139.785: [CMS-concurrent-sweep-start]
2016-10-23T20:03:23.091+0800: 139.785: Total time for which application threads were stopped: 0.0001762 seconds, Stopping threads took: 0.0000568 seconds
2016-10-23T20:03:23.134+0800: 139.828: [CMS-concurrent-sweep: 0.043/0.043 secs] [Times: user=0.08 sys=0.00, real=0.04 secs] 
2016-10-23T20:03:23.134+0800: 139.828: [CMS-concurrent-reset-start]
2016-10-23T20:03:23.134+0800: 139.828: [CMS-concurrent-reset: 0.000/0.000 secs] [Times: user=0.00 sys=0.00, real=0.00 secs] 
{Heap before GC invocations=495 (full 19):
 par new generation   total 109248K, used 109248K [0x00000007a0000000, 0x00000007a8000000, 0x00000007a8000000)
  eden space 87424K, 100% used [0x00000007a0000000, 0x00000007a5560000, 0x00000007a5560000)
  from space 21824K, 100% used [0x00000007a6ab0000, 0x00000007a8000000, 0x00000007a8000000)
  to   space 21824K,   0% used [0x00000007a5560000, 0x00000007a5560000, 0x00000007a6ab0000)
 concurrent mark-sweep generation total 393216K, used 104526K [0x00000007a8000000, 0x00000007c0000000, 0x00000007c0000000)
 Metaspace       used 35073K, capacity 35608K, committed 36036K, reserved 1081344K
  class space    used 4056K, capacity 4203K, committed 4320K, reserved 1048576K
2016-10-23T20:03:23.336+0800: 140.031: [GC (Allocation Failure) 2016-10-23T20:03:23.336+0800: 140.031: [ParNew
Desired survivor size 20112992 bytes, new threshold 8 (max 8)
- age   1:   10051040 bytes,   10051040 total
- age   2:    2674504 bytes,   12725544 total
- age   3:    1351232 bytes,   14076776 total
- age   4:    1616448 bytes,   15693224 total
- age   5:     760024 bytes,   16453248 total
- age   6:    1105272 bytes,   17558520 total
- age   7:     735008 bytes,   18293528 total
- age   8:    1103240 bytes,   19396768 total
: 109248K->21824K(109248K), 0.0080735 secs] 213774K->132608K(502464K), 0.0081408 secs] [Times: user=0.03 sys=0.00, real=0.01 secs] 
Heap after GC invocations=496 (full 19):
 par new generation   total 109248K, used 21824K [0x00000007a0000000, 0x00000007a8000000, 0x00000007a8000000)
  eden space 87424K,   0% used [0x00000007a0000000, 0x00000007a0000000, 0x00000007a5560000)
  from space 21824K, 100% used [0x00000007a5560000, 0x00000007a6ab0000, 0x00000007a6ab0000)
  to   space 21824K,   0% used [0x00000007a6ab0000, 0x00000007a6ab0000, 0x00000007a8000000)
 concurrent mark-sweep generation total 393216K, used 110784K [0x00000007a8000000, 0x00000007c0000000, 0x00000007c0000000)
 Metaspace       used 35073K, capacity 35608K, committed 36036K, reserved 1081344K
  class space    used 4056K, capacity 4203K, committed 4320K, reserved 1048576K
}
2016-10-23T20:03:23.344+0800: 140.039: Total time for which application threads were stopped: 0.0083010 seconds, Stopping threads took: 0.0000296 seconds
{Heap before GC invocations=496 (full 19):
 par new generation   total 109248K, used 108956K [0x00000007a0000000, 0x00000007a8000000, 0x00000007a8000000)
  eden space 87424K,  99% used [0x00000007a0000000, 0x00000007a55170e0, 0x00000007a5560000)
  from space 21824K, 100% used [0x00000007a5560000, 0x00000007a6ab0000, 0x00000007a6ab0000)
  to   space 21824K,   0% used [0x00000007a6ab0000, 0x00000007a6ab0000, 0x00000007a8000000)
 concurrent mark-sweep generation total 393216K, used 110784K [0x00000007a8000000, 0x00000007c0000000, 0x00000007c0000000)
 Metaspace       used 35073K, capacity 35608K, committed 36036K, reserved 1081344K
  class space    used 4056K, capacity 4203K, committed 4320K, reserved 1048576K
2016-10-23T20:03:23.593+0800: 140.288: [GC (Allocation Failure) 2016-10-23T20:03:23.593+0800: 140.288: [ParNew
Desired survivor size 20112992 bytes, new threshold 8 (max 8)
- age   1:    4152888 bytes,    4152888 total
- age   2:    6758440 bytes,   10911328 total
- age   3:    2501904 bytes,   13413232 total
- age   4:    1243056 bytes,   14656288 total
- age   5:    1607744 bytes,   16264032 total
- age   6:     752392 bytes,   17016424 total
- age   7:    1098056 bytes,   18114480 total
- age   8:     731840 bytes,   18846320 total
: 108956K->21824K(109248K), 0.0086966 secs] 219740K->139820K(502464K), 0.0087790 secs] [Times: user=0.03 sys=0.00, real=0.01 secs] 
Heap after GC invocations=497 (full 19):
 par new generation   total 109248K, used 21824K [0x00000007a0000000, 0x00000007a8000000, 0x00000007a8000000)
  eden space 87424K,   0% used [0x00000007a0000000, 0x00000007a0000000, 0x00000007a5560000)
  from space 21824K, 100% used [0x00000007a6ab0000, 0x00000007a8000000, 0x00000007a8000000)
  to   space 21824K,   0% used [0x00000007a5560000, 0x00000007a5560000, 0x00000007a6ab0000)
 concurrent mark-sweep generation total 393216K, used 117996K [0x00000007a8000000, 0x00000007c0000000, 0x00000007c0000000)
 Metaspace       used 35073K, capacity 35608K, committed 36036K, reserved 1081344K
  class space    used 4056K, capacity 4203K, committed 4320K, reserved 1048576K
}
2016-10-23T20:03:23.602+0800: 140.296: Total time for which application threads were stopped: 0.0089459 seconds, Stopping threads took: 0.0000322 seconds
{Heap before GC invocations=497 (full 19):
 par new generation   total 109248K, used 109248K [0x00000007a0000000, 0x00000007a8000000, 0x00000007a8000000)
  eden space 87424K, 100% used [0x00000007a0000000, 0x00000007a5560000, 0x00000007a5560000)
  from space 21824K, 100% used [0x00000007a6ab0000, 0x00000007a8000000, 0x00000007a8000000)
  to   space 21824K,   0% used [0x00000007a5560000, 0x00000007a5560000, 0x00000007a6ab0000)
 concurrent mark-sweep generation total 393216K, used 117996K [0x00000007a8000000, 0x00000007c0000000, 0x00000007c0000000)
 Metaspace       used 35074K, capacity 35608K, committed 36036K, reserved 1081344K
  class space    used 4056K, capacity 4203K, committed 4320K, reserved 1048576K
2016-10-23T20:03:23.832+0800: 140.527: [GC (Allocation Failure) 2016-10-23T20:03:23.832+0800: 140.527: [ParNew
Desired survivor size 20112992 bytes, new threshold 7 (max 8)
- age   1:    8154296 bytes,    8154296 total
- age   2:    1418584 bytes,    9572880 total
- age   3:    5336840 bytes,   14909720 total
- age   4:    1908160 bytes,   16817880 total
- age   5:    1221040 bytes,   18038920 total
- age   6:    1585984 bytes,   19624904 total
- age   7:     728200 bytes,   20353104 total
- age   8:    1084704 bytes,   21437808 total
: 109248K->21824K(109248K), 0.0091795 secs] 227244K->147409K(502464K), 0.0092319 secs] [Times: user=0.03 sys=0.00, real=0.01 secs] 
Heap after GC invocations=498 (full 19):
 par new generation   total 109248K, used 21824K [0x00000007a0000000, 0x00000007a8000000, 0x00000007a8000000)
  eden space 87424K,   0% used [0x00000007a0000000, 0x00000007a0000000, 0x00000007a5560000)
  from space 21824K, 100% used [0x00000007a5560000, 0x00000007a6ab0000, 0x00000007a6ab0000)
  to   space 21824K,   0% used [0x00000007a6ab0000, 0x00000007a6ab0000, 0x00000007a8000000)
 concurrent mark-sweep generation total 393216K, used 125585K [0x00000007a8000000, 0x00000007c0000000, 0x00000007c0000000)
 Metaspace       used 35074K, capacity 35608K, committed 36036K, reserved 1081344K
  class space    used 4056K, capacity 4203K, committed 4320K, reserved 1048576K
}
2016-10-23T20:03:23.842+0800: 140.536: Total time for which application threads were stopped: 0.0093945 seconds, Stopping threads took: 0.0000304 seconds
{Heap before GC invocations=498 (full 19):
 par new generation   total 109248K, used 109248K [0x00000007a0000000, 0x00000007a8000000, 0x00000007a8000000)
  eden space 87424K, 100% used [0x00000007a0000000, 0x00000007a5560000, 0x00000007a5560000)
  from space 21824K, 100% used [0x00000007a5560000, 0x00000007a6ab0000, 0x00000007a6ab0000)
  to   space 21824K,   0% used [0x00000007a6ab0000, 0x00000007a6ab0000, 0x00000007a8000000)
 concurrent mark-sweep generation total 393216K, used 125585K [0x00000007a8000000, 0x00000007c0000000, 0x00000007c0000000)
 Metaspace       used 35074K, capacity 35608K, committed 36036K, reserved 1081344K
  class space    used 4056K, capacity 4203K, committed 4320K, reserved 1048576K
2016-10-23T20:03:24.069+0800: 140.763: [GC (Allocation Failure) 2016-10-23T20:03:24.069+0800: 140.763: [ParNew
Desired survivor size 20112992 bytes, new threshold 7 (max 8)
- age   1:    8339432 bytes,    8339432 total
- age   2:    2476720 bytes,   10816152 total
- age   3:    1147112 bytes,   11963264 total
- age   4:    4572696 bytes,   16535960 total
- age   5:    1844456 bytes,   18380416 total
- age   6:    1132264 bytes,   19512680 total
- age   7:    1517648 bytes,   21030328 total
: 109248K->21824K(109248K), 0.0101169 secs] 234833K->156026K(502464K), 0.0101760 secs] [Times: user=0.04 sys=0.00, real=0.01 secs] 
Heap after GC invocations=499 (full 19):
 par new generation   total 109248K, used 21824K [0x00000007a0000000, 0x00000007a8000000, 0x00000007a8000000)
  eden space 87424K,   0% used [0x00000007a0000000, 0x00000007a0000000, 0x00000007a5560000)
  from space 21824K, 100% used [0x00000007a6ab0000, 0x00000007a8000000, 0x00000007a8000000)
  to   space 21824K,   0% used [0x00000007a5560000, 0x00000007a5560000, 0x00000007a6ab0000)
 concurrent mark-sweep generation total 393216K, used 134202K [0x00000007a8000000, 0x00000007c0000000, 0x00000007c0000000)
 Metaspace       used 35074K, capacity 35608K, committed 36036K, reserved 1081344K
  class space    used 4056K, capacity 4203K, committed 4320K, reserved 1048576K
}
2016-10-23T20:03:24.079+0800: 140.774: Total time for which application threads were stopped: 0.0103376 seconds, Stopping threads took: 0.0000274 seconds
{Heap before GC invocations=499 (full 19):
 par new generation   total 109248K, used 109248K [0x00000007a0000000, 0x00000007a8000000, 0x00000007a8000000)
  eden space 87424K, 100% used [0x00000007a0000000, 0x00000007a5560000, 0x00000007a5560000)
  from space 21824K, 100% used [0x00000007a6ab0000, 0x00000007a8000000, 0x00000007a8000000)
  to   space 21824K,   0% used [0x00000007a5560000, 0x00000007a5560000, 0x00000007a6ab0000)
 concurrent mark-sweep generation total 393216K, used 134202K [0x00000007a8000000, 0x00000007c0000000, 0x00000007c0000000)
 Metaspace       used 35074K, capacity 35608K, committed 36036K, reserved 1081344K
  class space    used 4056K, capacity 4203K, committed 4320K, reserved 1048576K
2016-10-23T20:03:24.319+0800: 141.013: [GC (Allocation Failure) 2016-10-23T20:03:24.319+0800: 141.013: [ParNew
Desired survivor size 20112992 bytes, new threshold 6 (max 8)
- age   1:    5225880 bytes,    5225880 total
- age   2:    6784008 bytes,   12009888 total
- age   3:    1339040 bytes,   13348928 total
- age   4:    1044280 bytes,   14393208 total
- age   5:    4499136 bytes,   18892344 total
- age   6:    1808072 bytes,   20700416 total
- age   7:    1094000 bytes,   21794416 total
: 109248K->21824K(109248K), 0.0114376 secs] 243450K->162891K(502464K), 0.0115027 secs] [Times: user=0.05 sys=0.00, real=0.02 secs] 
Heap after GC invocations=500 (full 19):
 par new generation   total 109248K, used 21824K [0x00000007a0000000, 0x00000007a8000000, 0x00000007a8000000)
  eden space 87424K,   0% used [0x00000007a0000000, 0x00000007a0000000, 0x00000007a5560000)
  from space 21824K, 100% used [0x00000007a5560000, 0x00000007a6ab0000, 0x00000007a6ab0000)
  to   space 21824K,   0% used [0x00000007a6ab0000, 0x00000007a6ab0000, 0x00000007a8000000)
 concurrent mark-sweep generation total 393216K, used 141067K [0x00000007a8000000, 0x00000007c0000000, 0x00000007c0000000)
 Metaspace       used 35074K, capacity 35608K, committed 36036K, reserved 1081344K
  class space    used 4056K, capacity 4203K, committed 4320K, reserved 1048576K
}
2016-10-23T20:03:24.330+0800: 141.025: Total time for which application threads were stopped: 0.0116684 seconds, Stopping threads took: 0.0000304 seconds
{Heap before GC invocations=500 (full 19):
 par new generation   total 109248K, used 109248K [0x00000007a0000000, 0x00000007a8000000, 0x00000007a8000000)
  eden space 87424K, 100% used [0x00000007a0000000, 0x00000007a5560000, 0x00000007a5560000)
  from space 21824K, 100% used [0x00000007a5560000, 0x00000007a6ab0000, 0x00000007a6ab0000)
  to   space 21824K,   0% used [0x00000007a6ab0000, 0x00000007a6ab0000, 0x00000007a8000000)
 concurrent mark-sweep generation total 393216K, used 141067K [0x00000007a8000000, 0x00000007c0000000, 0x00000007c0000000)
 Metaspace       used 35074K, capacity 35608K, committed 36036K, reserved 1081344K
  class space    used 4056K, capacity 4203K, committed 4320K, reserved 1048576K
2016-10-23T20:03:24.570+0800: 141.264: [GC (Allocation Failure) 2016-10-23T20:03:24.570+0800: 141.264: [ParNew
Desired survivor size 20112992 bytes, new threshold 6 (max 8)
- age   1:    6831408 bytes,    6831408 total
- age   2:    4906936 bytes,   11738344 total
- age   3:    1619512 bytes,   13357856 total
- age   4:    1311112 bytes,   14668968 total
- age   5:    1021480 bytes,   15690448 total
- age   6:    4468944 bytes,   20159392 total
: 109248K->21824K(109248K), 0.0099061 secs] 250315K->169658K(502464K), 0.0099753 secs] [Times: user=0.03 sys=0.00, real=0.01 secs] 
Heap after GC invocations=501 (full 19):
 par new generation   total 109248K, used 21824K [0x00000007a0000000, 0x00000007a8000000, 0x00000007a8000000)
  eden space 87424K,   0% used [0x00000007a0000000, 0x00000007a0000000, 0x00000007a5560000)
  from space 21824K, 100% used [0x00000007a6ab0000, 0x00000007a8000000, 0x00000007a8000000)
  to   space 21824K,   0% used [0x00000007a5560000, 0x00000007a5560000, 0x00000007a6ab0000)
 concurrent mark-sweep generation total 393216K, used 147834K [0x00000007a8000000, 0x00000007c0000000, 0x00000007c0000000)
 Metaspace       used 35074K, capacity 35608K, committed 36036K, reserved 1081344K
  class space    used 4056K, capacity 4203K, committed 4320K, reserved 1048576K
}
2016-10-23T20:03:24.580+0800: 141.274: Total time for which application threads were stopped: 0.0101382 seconds, Stopping threads took: 0.0000227 seconds
{Heap before GC invocations=501 (full 19):
 par new generation   total 109248K, used 109248K [0x00000007a0000000, 0x00000007a8000000, 0x00000007a8000000)
  eden space 87424K, 100% used [0x00000007a0000000, 0x00000007a5560000, 0x00000007a5560000)
  from space 21824K, 100% used [0x00000007a6ab0000, 0x00000007a8000000, 0x00000007a8000000)
  to   space 21824K,   0% used [0x00000007a5560000, 0x00000007a5560000, 0x00000007a6ab0000)
 concurrent mark-sweep generation total 393216K, used 147834K [0x00000007a8000000, 0x00000007c0000000, 0x00000007c0000000)
 Metaspace       used 35074K, capacity 35608K, committed 36036K, reserved 1081344K
  class space    used 4056K, capacity 4203K, committed 4320K, reserved 1048576K
2016-10-23T20:03:24.809+0800: 141.503: [GC (Allocation Failure) 2016-10-23T20:03:24.809+0800: 141.504: [ParNew
Desired survivor size 20112992 bytes, new threshold 8 (max 8)
- age   1:    4063312 bytes,    4063312 total
- age   2:    6816272 bytes,   10879584 total
- age   3:    4337680 bytes,   15217264 total
- age   4:    1403984 bytes,   16621248 total
- age   5:    1248672 bytes,   17869920 total
- age   6:    1019456 bytes,   18889376 total
: 109248K->21824K(109248K), 0.0083864 secs] 257082K->178577K(502464K), 0.0084587 secs] [Times: user=0.03 sys=0.00, real=0.01 secs] 
Heap after GC invocations=502 (full 19):
 par new generation   total 109248K, used 21824K [0x00000007a0000000, 0x00000007a8000000, 0x00000007a8000000)
  eden space 87424K,   0% used [0x00000007a0000000, 0x00000007a0000000, 0x00000007a5560000)
  from space 21824K, 100% used [0x00000007a5560000, 0x00000007a6ab0000, 0x00000007a6ab0000)
  to   space 21824K,   0% used [0x00000007a6ab0000, 0x00000007a6ab0000, 0x00000007a8000000)
 concurrent mark-sweep generation total 393216K, used 156753K [0x00000007a8000000, 0x00000007c0000000, 0x00000007c0000000)
 Metaspace       used 35074K, capacity 35608K, committed 36036K, reserved 1081344K
  class space    used 4056K, capacity 4203K, committed 4320K, reserved 1048576K
}
2016-10-23T20:03:24.818+0800: 141.512: Total time for which application threads were stopped: 0.0086231 seconds, Stopping threads took: 0.0000317 seconds
{Heap before GC invocations=502 (full 19):
 par new generation   total 109248K, used 109248K [0x00000007a0000000, 0x00000007a8000000, 0x00000007a8000000)
  eden space 87424K, 100% used [0x00000007a0000000, 0x00000007a5560000, 0x00000007a5560000)
  from space 21824K, 100% used [0x00000007a5560000, 0x00000007a6ab0000, 0x00000007a6ab0000)
  to   space 21824K,   0% used [0x00000007a6ab0000, 0x00000007a6ab0000, 0x00000007a8000000)
 concurrent mark-sweep generation total 393216K, used 156753K [0x00000007a8000000, 0x00000007c0000000, 0x00000007c0000000)
 Metaspace       used 35074K, capacity 35608K, committed 36036K, reserved 1081344K
  class space    used 4056K, capacity 4203K, committed 4320K, reserved 1048576K
2016-10-23T20:03:25.053+0800: 141.748: [GC (Allocation Failure) 2016-10-23T20:03:25.054+0800: 141.748: [ParNew
Desired survivor size 20112992 bytes, new threshold 6 (max 8)
- age   1:    4420488 bytes,    4420488 total
- age   2:    3102760 bytes,    7523248 total
- age   3:    6509968 bytes,   14033216 total
- age   4:    3918144 bytes,   17951360 total
- age   5:    1403296 bytes,   19354656 total
- age   6:    1247728 bytes,   20602384 total
- age   7:    1019248 bytes,   21621632 total
: 109248K->21824K(109248K), 0.0091030 secs] 266001K->181098K(502464K), 0.0091902 secs] [Times: user=0.04 sys=0.00, real=0.01 secs] 
Heap after GC invocations=503 (full 19):
 par new generation   total 109248K, used 21824K [0x00000007a0000000, 0x00000007a8000000, 0x00000007a8000000)
  eden space 87424K,   0% used [0x00000007a0000000, 0x00000007a0000000, 0x00000007a5560000)
  from space 21824K, 100% used [0x00000007a6ab0000, 0x00000007a8000000, 0x00000007a8000000)
  to   space 21824K,   0% used [0x00000007a5560000, 0x00000007a5560000, 0x00000007a6ab0000)
 concurrent mark-sweep generation total 393216K, used 159274K [0x00000007a8000000, 0x00000007c0000000, 0x00000007c0000000)
 Metaspace       used 35074K, capacity 35608K, committed 36036K, reserved 1081344K
  class space    used 4056K, capacity 4203K, committed 4320K, reserved 1048576K
}
2016-10-23T20:03:25.063+0800: 141.757: Total time for which application threads were stopped: 0.0093672 seconds, Stopping threads took: 0.0000304 seconds
{Heap before GC invocations=503 (full 19):
 par new generation   total 109248K, used 109248K [0x00000007a0000000, 0x00000007a8000000, 0x00000007a8000000)
  eden space 87424K, 100% used [0x00000007a0000000, 0x00000007a5560000, 0x00000007a5560000)
  from space 21824K, 100% used [0x00000007a6ab0000, 0x00000007a8000000, 0x00000007a8000000)
  to   space 21824K,   0% used [0x00000007a5560000, 0x00000007a5560000, 0x00000007a6ab0000)
 concurrent mark-sweep generation total 393216K, used 159274K [0x00000007a8000000, 0x00000007c0000000, 0x00000007c0000000)
 Metaspace       used 35074K, capacity 35608K, committed 36036K, reserved 1081344K
  class space    used 4056K, capacity 4203K, committed 4320K, reserved 1048576K
2016-10-23T20:03:25.283+0800: 141.977: [GC (Allocation Failure) 2016-10-23T20:03:25.283+0800: 141.977: [ParNew
Desired survivor size 20112992 bytes, new threshold 6 (max 8)
- age   1:    8722328 bytes,    8722328 total
- age   2:    2942648 bytes,   11664976 total
- age   3:    1985976 bytes,   13650952 total
- age   4:    1915944 bytes,   15566896 total
- age   5:    3913912 bytes,   19480808 total
- age   6:    1402152 bytes,   20882960 total
: 109248K->21824K(109248K), 0.0097271 secs] 268522K->190645K(502464K), 0.0097936 secs] [Times: user=0.03 sys=0.00, real=0.01 secs] 
Heap after GC invocations=504 (full 19):
 par new generation   total 109248K, used 21824K [0x00000007a0000000, 0x00000007a8000000, 0x00000007a8000000)
  eden space 87424K,   0% used [0x00000007a0000000, 0x00000007a0000000, 0x00000007a5560000)
  from space 21824K, 100% used [0x00000007a5560000, 0x00000007a6ab0000, 0x00000007a6ab0000)
  to   space 21824K,   0% used [0x00000007a6ab0000, 0x00000007a6ab0000, 0x00000007a8000000)
 concurrent mark-sweep generation total 393216K, used 168821K [0x00000007a8000000, 0x00000007c0000000, 0x00000007c0000000)
 Metaspace       used 35074K, capacity 35608K, committed 36036K, reserved 1081344K
  class space    used 4056K, capacity 4203K, committed 4320K, reserved 1048576K
}
2016-10-23T20:03:25.293+0800: 141.987: Total time for which application threads were stopped: 0.0099547 seconds, Stopping threads took: 0.0000311 seconds
{Heap before GC invocations=504 (full 19):
 par new generation   total 109248K, used 109248K [0x00000007a0000000, 0x00000007a8000000, 0x00000007a8000000)
  eden space 87424K, 100% used [0x00000007a0000000, 0x00000007a5560000, 0x00000007a5560000)
  from space 21824K, 100% used [0x00000007a5560000, 0x00000007a6ab0000, 0x00000007a6ab0000)
  to   space 21824K,   0% used [0x00000007a6ab0000, 0x00000007a6ab0000, 0x00000007a8000000)
 concurrent mark-sweep generation total 393216K, used 168821K [0x00000007a8000000, 0x00000007c0000000, 0x00000007c0000000)
 Metaspace       used 35074K, capacity 35608K, committed 36036K, reserved 1081344K
  class space    used 4056K, capacity 4203K, committed 4320K, reserved 1048576K
2016-10-23T20:03:25.541+0800: 142.236: [GC (Allocation Failure) 2016-10-23T20:03:25.542+0800: 142.236: [ParNew
Desired survivor size 20112992 bytes, new threshold 6 (max 8)
- age   1:    2822952 bytes,    2822952 total
- age   2:    8678280 bytes,   11501232 total
- age   3:    1783408 bytes,   13284640 total
- age   4:    1661584 bytes,   14946224 total
- age   5:    1915944 bytes,   16862168 total
- age   6:    3913856 bytes,   20776024 total
: 109248K->21824K(109248K), 0.0094807 secs] 278069K->195651K(502464K), 0.0095551 secs] [Times: user=0.03 sys=0.00, real=0.01 secs] 
Heap after GC invocations=505 (full 19):
 par new generation   total 109248K, used 21824K [0x00000007a0000000, 0x00000007a8000000, 0x00000007a8000000)
  eden space 87424K,   0% used [0x00000007a0000000, 0x00000007a0000000, 0x00000007a5560000)
  from space 21824K, 100% used [0x00000007a6ab0000, 0x00000007a8000000, 0x00000007a8000000)
  to   space 21824K,   0% used [0x00000007a5560000, 0x00000007a5560000, 0x00000007a6ab0000)
 concurrent mark-sweep generation total 393216K, used 173827K [0x00000007a8000000, 0x00000007c0000000, 0x00000007c0000000)
 Metaspace       used 35074K, capacity 35608K, committed 36036K, reserved 1081344K
  class space    used 4056K, capacity 4203K, committed 4320K, reserved 1048576K
}
2016-10-23T20:03:25.551+0800: 142.245: Total time for which application threads were stopped: 0.0097155 seconds, Stopping threads took: 0.0000233 seconds
{Heap before GC invocations=505 (full 19):
 par new generation   total 109248K, used 109248K [0x00000007a0000000, 0x00000007a8000000, 0x00000007a8000000)
  eden space 87424K, 100% used [0x00000007a0000000, 0x00000007a5560000, 0x00000007a5560000)
  from space 21824K, 100% used [0x00000007a6ab0000, 0x00000007a8000000, 0x00000007a8000000)
  to   space 21824K,   0% used [0x00000007a5560000, 0x00000007a5560000, 0x00000007a6ab0000)
 concurrent mark-sweep generation total 393216K, used 173827K [0x00000007a8000000, 0x00000007c0000000, 0x00000007c0000000)
 Metaspace       used 35074K, capacity 35608K, committed 36036K, reserved 1081344K
  class space    used 4056K, capacity 4203K, committed 4320K, reserved 1048576K
2016-10-23T20:03:25.801+0800: 142.495: [GC (Allocation Failure) 2016-10-23T20:03:25.801+0800: 142.495: [ParNew
Desired survivor size 20112992 bytes, new threshold 8 (max 8)
- age   1:    2876248 bytes,    2876248 total
- age   2:    2369000 bytes,    5245248 total
- age   3:    8415600 bytes,   13660848 total
- age   4:    1555416 bytes,   15216264 total
- age   5:    1596248 bytes,   16812512 total
- age   6:    1915472 bytes,   18727984 total
: 109248K->21824K(109248K), 0.0100391 secs] 283075K->200242K(502464K), 0.0100989 secs] [Times: user=0.04 sys=0.00, real=0.01 secs] 
Heap after GC invocations=506 (full 19):
 par new generation   total 109248K, used 21824K [0x00000007a0000000, 0x00000007a8000000, 0x00000007a8000000)
  eden space 87424K,   0% used [0x00000007a0000000, 0x00000007a0000000, 0x00000007a5560000)
  from space 21824K, 100% used [0x00000007a5560000, 0x00000007a6ab0000, 0x00000007a6ab0000)
  to   space 21824K,   0% used [0x00000007a6ab0000, 0x00000007a6ab0000, 0x00000007a8000000)
 concurrent mark-sweep generation total 393216K, used 178418K [0x00000007a8000000, 0x00000007c0000000, 0x00000007c0000000)
 Metaspace       used 35074K, capacity 35608K, committed 36036K, reserved 1081344K
  class space    used 4056K, capacity 4203K, committed 4320K, reserved 1048576K
}
2016-10-23T20:03:25.811+0800: 142.505: Total time for which application threads were stopped: 0.0102682 seconds, Stopping threads took: 0.0000307 seconds
{Heap before GC invocations=506 (full 19):
 par new generation   total 109248K, used 109248K [0x00000007a0000000, 0x00000007a8000000, 0x00000007a8000000)
  eden space 87424K, 100% used [0x00000007a0000000, 0x00000007a5560000, 0x00000007a5560000)
  from space 21824K, 100% used [0x00000007a5560000, 0x00000007a6ab0000, 0x00000007a6ab0000)
  to   space 21824K,   0% used [0x00000007a6ab0000, 0x00000007a6ab0000, 0x00000007a8000000)
 concurrent mark-sweep generation total 393216K, used 178418K [0x00000007a8000000, 0x00000007c0000000, 0x00000007c0000000)
 Metaspace       used 35074K, capacity 35608K, committed 36036K, reserved 1081344K
  class space    used 4056K, capacity 4203K, committed 4320K, reserved 1048576K
2016-10-23T20:03:26.048+0800: 142.743: [GC (Allocation Failure) 2016-10-23T20:03:26.048+0800: 142.743: [ParNew
Desired survivor size 20112992 bytes, new threshold 6 (max 8)
- age   1:   12563424 bytes,   12563424 total
- age   2:    1388616 bytes,   13952040 total
- age   3:    2155808 bytes,   16107848 total
- age   4:    1333512 bytes,   17441360 total
- age   5:    1491880 bytes,   18933240 total
- age   6:    1433968 bytes,   20367208 total
- age   7:    1651176 bytes,   22018384 total
: 109248K->21824K(109248K), 0.0106655 secs] 287666K->208826K(502464K), 0.0107416 secs] [Times: user=0.03 sys=0.00, real=0.01 secs] 
Heap after GC invocations=507 (full 19):
 par new generation   total 109248K, used 21824K [0x00000007a0000000, 0x00000007a8000000, 0x00000007a8000000)
  eden space 87424K,   0% used [0x00000007a0000000, 0x00000007a0000000, 0x00000007a5560000)
  from space 21824K, 100% used [0x00000007a6ab0000, 0x00000007a8000000, 0x00000007a8000000)
  to   space 21824K,   0% used [0x00000007a5560000, 0x00000007a5560000, 0x00000007a6ab0000)
 concurrent mark-sweep generation total 393216K, used 187002K [0x00000007a8000000, 0x00000007c0000000, 0x00000007c0000000)
 Metaspace       used 35074K, capacity 35608K, committed 36036K, reserved 1081344K
  class space    used 4056K, capacity 4203K, committed 4320K, reserved 1048576K
}
2016-10-23T20:03:26.059+0800: 142.753: Total time for which application threads were stopped: 0.0109140 seconds, Stopping threads took: 0.0000207 seconds
{Heap before GC invocations=507 (full 19):
 par new generation   total 109248K, used 109248K [0x00000007a0000000, 0x00000007a8000000, 0x00000007a8000000)
  eden space 87424K, 100% used [0x00000007a0000000, 0x00000007a5560000, 0x00000007a5560000)
  from space 21824K, 100% used [0x00000007a6ab0000, 0x00000007a8000000, 0x00000007a8000000)
  to   space 21824K,   0% used [0x00000007a5560000, 0x00000007a5560000, 0x00000007a6ab0000)
 concurrent mark-sweep generation total 393216K, used 187002K [0x00000007a8000000, 0x00000007c0000000, 0x00000007c0000000)
 Metaspace       used 35074K, capacity 35608K, committed 36036K, reserved 1081344K
  class space    used 4056K, capacity 4203K, committed 4320K, reserved 1048576K
2016-10-23T20:03:26.322+0800: 143.016: [GC (Allocation Failure) 2016-10-23T20:03:26.322+0800: 143.016: [ParNew
Desired survivor size 20112992 bytes, new threshold 8 (max 8)
- age   1:    4256688 bytes,    4256688 total
- age   2:    8676992 bytes,   12933680 total
- age   3:    1378504 bytes,   14312184 total
- age   4:    1840520 bytes,   16152704 total
- age   5:    1322664 bytes,   17475368 total
- age   6:    1481168 bytes,   18956536 total
: 109248K->21824K(109248K), 0.0107082 secs] 296250K->218841K(502464K), 0.0107585 secs] [Times: user=0.03 sys=0.00, real=0.01 secs] 
Heap after GC invocations=508 (full 19):
 par new generation   total 109248K, used 21824K [0x00000007a0000000, 0x00000007a8000000, 0x00000007a8000000)
  eden space 87424K,   0% used [0x00000007a0000000, 0x00000007a0000000, 0x00000007a5560000)
  from space 21824K, 100% used [0x00000007a5560000, 0x00000007a6ab0000, 0x00000007a6ab0000)
  to   space 21824K,   0% used [0x00000007a6ab0000, 0x00000007a6ab0000, 0x00000007a8000000)
 concurrent mark-sweep generation total 393216K, used 197017K [0x00000007a8000000, 0x00000007c0000000, 0x00000007c0000000)
 Metaspace       used 35074K, capacity 35608K, committed 36036K, reserved 1081344K
  class space    used 4056K, capacity 4203K, committed 4320K, reserved 1048576K
}
2016-10-23T20:03:26.332+0800: 143.027: Total time for which application threads were stopped: 0.0109089 seconds, Stopping threads took: 0.0000273 seconds
2016-10-23T20:03:26.333+0800: 143.027: [GC (CMS Initial Mark) [1 CMS-initial-mark: 197017K(393216K)] 220588K(502464K), 0.0015611 secs] [Times: user=0.00 sys=0.00, real=0.00 secs] 
2016-10-23T20:03:26.334+0800: 143.029: Total time for which application threads were stopped: 0.0017634 seconds, Stopping threads took: 0.0000734 seconds
2016-10-23T20:03:26.334+0800: 143.029: [CMS-concurrent-mark-start]
2016-10-23T20:03:26.360+0800: 143.055: [CMS-concurrent-mark: 0.026/0.026 secs] [Times: user=0.12 sys=0.00, real=0.03 secs] 
2016-10-23T20:03:26.360+0800: 143.055: [CMS-concurrent-preclean-start]
2016-10-23T20:03:26.362+0800: 143.056: [CMS-concurrent-preclean: 0.002/0.002 secs] [Times: user=0.01 sys=0.00, real=0.00 secs] 
2016-10-23T20:03:26.362+0800: 143.056: [CMS-concurrent-abortable-preclean-start]
2016-10-23T20:03:26.479+0800: 143.174: [CMS-concurrent-abortable-preclean: 0.117/0.117 secs] [Times: user=0.23 sys=0.00, real=0.11 secs] 
2016-10-23T20:03:26.480+0800: 143.174: [GC (CMS Final Remark) [YG occupancy: 67249 K (109248 K)]{Heap before GC invocations=508 (full 20):
 par new generation   total 109248K, used 67249K [0x00000007a0000000, 0x00000007a8000000, 0x00000007a8000000)
  eden space 87424K,  51% used [0x00000007a0000000, 0x00000007a2c5c4c0, 0x00000007a5560000)
  from space 21824K, 100% used [0x00000007a5560000, 0x00000007a6ab0000, 0x00000007a6ab0000)
  to   space 21824K,   0% used [0x00000007a6ab0000, 0x00000007a6ab0000, 0x00000007a8000000)
 concurrent mark-sweep generation total 393216K, used 197017K [0x00000007a8000000, 0x00000007c0000000, 0x00000007c0000000)
 Metaspace       used 35074K, capacity 35608K, committed 36036K, reserved 1081344K
  class space    used 4056K, capacity 4203K, committed 4320K, reserved 1048576K
2016-10-23T20:03:26.480+0800: 143.174: [GC (CMS Final Remark) 2016-10-23T20:03:26.480+0800: 143.174: [ParNew
Desired survivor size 20112992 bytes, new threshold 8 (max 8)
- age   1:    2144072 bytes,    2144072 total
- age   2:    4254800 bytes,    6398872 total
- age   3:    6580216 bytes,   12979088 total
- age   4:    1379560 bytes,   14358648 total
- age   5:    1841312 bytes,   16199960 total
- age   6:    1323336 bytes,   17523296 total
- age   7:    1481984 bytes,   19005280 total
: 67249K->20909K(109248K), 0.0087521 secs] 264266K->219974K(502464K), 0.0087986 secs] [Times: user=0.04 sys=0.00, real=0.00 secs] 
Heap after GC invocations=509 (full 20):
 par new generation   total 109248K, used 20909K [0x00000007a0000000, 0x00000007a8000000, 0x00000007a8000000)
  eden space 87424K,   0% used [0x00000007a0000000, 0x00000007a0000000, 0x00000007a5560000)
  from space 21824K,  95% used [0x00000007a6ab0000, 0x00000007a7f1b4b8, 0x00000007a8000000)
  to   space 21824K,   0% used [0x00000007a5560000, 0x00000007a5560000, 0x00000007a6ab0000)
 concurrent mark-sweep generation total 393216K, used 199065K [0x00000007a8000000, 0x00000007c0000000, 0x00000007c0000000)
 Metaspace       used 35074K, capacity 35608K, committed 36036K, reserved 1081344K
  class space    used 4056K, capacity 4203K, committed 4320K, reserved 1048576K
}
2016-10-23T20:03:26.488+0800: 143.183: [Rescan (parallel) , 0.0043283 secs]2016-10-23T20:03:26.493+0800: 143.187: [weak refs processing, 0.0009944 secs]2016-10-23T20:03:26.494+0800: 143.188: [class unloading, 0.0079568 secs]2016-10-23T20:03:26.502+0800: 143.196: [scrub symbol table, 0.0064177 secs]2016-10-23T20:03:26.508+0800: 143.203: [scrub string table, 0.0004988 secs][1 CMS-remark: 199065K(393216K)] 219974K(502464K), 0.0292020 secs] [Times: user=0.07 sys=0.00, real=0.02 secs] 
2016-10-23T20:03:26.509+0800: 143.203: Total time for which application threads were stopped: 0.0294138 seconds, Stopping threads took: 0.0001057 seconds
2016-10-23T20:03:26.509+0800: 143.203: [CMS-concurrent-sweep-start]
2016-10-23T20:03:26.539+0800: 143.234: [CMS-concurrent-sweep: 0.031/0.031 secs] [Times: user=0.06 sys=0.00, real=0.03 secs] 
2016-10-23T20:03:26.539+0800: 143.234: [CMS-concurrent-reset-start]
2016-10-23T20:03:26.540+0800: 143.234: [CMS-concurrent-reset: 0.000/0.000 secs] [Times: user=0.00 sys=0.00, real=0.01 secs] 
{Heap before GC invocations=509 (full 20):
 par new generation   total 109248K, used 108333K [0x00000007a0000000, 0x00000007a8000000, 0x00000007a8000000)
  eden space 87424K, 100% used [0x00000007a0000000, 0x00000007a5560000, 0x00000007a5560000)
  from space 21824K,  95% used [0x00000007a6ab0000, 0x00000007a7f1b4b8, 0x00000007a8000000)
  to   space 21824K,   0% used [0x00000007a5560000, 0x00000007a5560000, 0x00000007a6ab0000)
 concurrent mark-sweep generation total 393216K, used 150669K [0x00000007a8000000, 0x00000007c0000000, 0x00000007c0000000)
 Metaspace       used 35074K, capacity 35608K, committed 36036K, reserved 1081344K
  class space    used 4056K, capacity 4203K, committed 4320K, reserved 1048576K
2016-10-23T20:03:26.810+0800: 143.505: [GC (Allocation Failure) 2016-10-23T20:03:26.810+0800: 143.505: [ParNew
Desired survivor size 20112992 bytes, new threshold 8 (max 8)
- age   1:    4670792 bytes,    4670792 total
- age   2:    2088544 bytes,    6759336 total
- age   3:    3877328 bytes,   10636664 total
- age   4:    5540904 bytes,   16177568 total
- age   5:    1018584 bytes,   17196152 total
- age   6:    1094784 bytes,   18290936 total
- age   7:    1015256 bytes,   19306192 total
- age   8:    1125936 bytes,   20432128 total
: 108333K->21824K(109248K), 0.0100899 secs] 259002K->180074K(502464K), 0.0101452 secs] [Times: user=0.04 sys=0.00, real=0.01 secs] 
Heap after GC invocations=510 (full 20):
 par new generation   total 109248K, used 21824K [0x00000007a0000000, 0x00000007a8000000, 0x00000007a8000000)
  eden space 87424K,   0% used [0x00000007a0000000, 0x00000007a0000000, 0x00000007a5560000)
  from space 21824K, 100% used [0x00000007a5560000, 0x00000007a6ab0000, 0x00000007a6ab0000)
  to   space 21824K,   0% used [0x00000007a6ab0000, 0x00000007a6ab0000, 0x00000007a8000000)
 concurrent mark-sweep generation total 393216K, used 158250K [0x00000007a8000000, 0x00000007c0000000, 0x00000007c0000000)
 Metaspace       used 35074K, capacity 35608K, committed 36036K, reserved 1081344K
  class space    used 4056K, capacity 4203K, committed 4320K, reserved 1048576K
}
2016-10-23T20:03:26.820+0800: 143.515: Total time for which application threads were stopped: 0.0103042 seconds, Stopping threads took: 0.0000280 seconds
{Heap before GC invocations=510 (full 20):
 par new generation   total 109248K, used 109248K [0x00000007a0000000, 0x00000007a8000000, 0x00000007a8000000)
  eden space 87424K, 100% used [0x00000007a0000000, 0x00000007a5560000, 0x00000007a5560000)
  from space 21824K, 100% used [0x00000007a5560000, 0x00000007a6ab0000, 0x00000007a6ab0000)
  to   space 21824K,   0% used [0x00000007a6ab0000, 0x00000007a6ab0000, 0x00000007a8000000)
 concurrent mark-sweep generation total 393216K, used 158250K [0x00000007a8000000, 0x00000007c0000000, 0x00000007c0000000)
 Metaspace       used 35074K, capacity 35608K, committed 36036K, reserved 1081344K
  class space    used 4056K, capacity 4203K, committed 4320K, reserved 1048576K
2016-10-23T20:03:27.040+0800: 143.735: [GC (Allocation Failure) 2016-10-23T20:03:27.040+0800: 143.735: [ParNew
Desired survivor size 20112992 bytes, new threshold 7 (max 8)
- age   1:    6381168 bytes,    6381168 total
- age   2:    3291552 bytes,    9672720 total
- age   3:    1707816 bytes,   11380536 total
- age   4:    3515840 bytes,   14896376 total
- age   5:    3473656 bytes,   18370032 total
- age   6:     917272 bytes,   19287304 total
- age   7:    1025032 bytes,   20312336 total
- age   8:     919512 bytes,   21231848 total
: 109248K->21824K(109248K), 0.0107185 secs] 267498K->197215K(502464K), 0.0107870 secs] [Times: user=0.04 sys=0.00, real=0.01 secs] 
Heap after GC invocations=511 (full 20):
 par new generation   total 109248K, used 21824K [0x00000007a0000000, 0x00000007a8000000, 0x00000007a8000000)
  eden space 87424K,   0% used [0x00000007a0000000, 0x00000007a0000000, 0x00000007a5560000)
  from space 21824K, 100% used [0x00000007a6ab0000, 0x00000007a8000000, 0x00000007a8000000)
  to   space 21824K,   0% used [0x00000007a5560000, 0x00000007a5560000, 0x00000007a6ab0000)
 concurrent mark-sweep generation total 393216K, used 175391K [0x00000007a8000000, 0x00000007c0000000, 0x00000007c0000000)
 Metaspace       used 35074K, capacity 35608K, committed 36036K, reserved 1081344K
  class space    used 4056K, capacity 4203K, committed 4320K, reserved 1048576K
}
2016-10-23T20:03:27.051+0800: 143.745: Total time for which application threads were stopped: 0.0109392 seconds, Stopping threads took: 0.0000201 seconds
{Heap before GC invocations=511 (full 20):
 par new generation   total 109248K, used 109248K [0x00000007a0000000, 0x00000007a8000000, 0x00000007a8000000)
  eden space 87424K, 100% used [0x00000007a0000000, 0x00000007a5560000, 0x00000007a5560000)
  from space 21824K, 100% used [0x00000007a6ab0000, 0x00000007a8000000, 0x00000007a8000000)
  to   space 21824K,   0% used [0x00000007a5560000, 0x00000007a5560000, 0x00000007a6ab0000)
 concurrent mark-sweep generation total 393216K, used 175391K [0x00000007a8000000, 0x00000007c0000000, 0x00000007c0000000)
 Metaspace       used 35074K, capacity 35608K, committed 36036K, reserved 1081344K
  class space    used 4056K, capacity 4203K, committed 4320K, reserved 1048576K
2016-10-23T20:03:27.520+0800: 144.215: [GC (Allocation Failure) 2016-10-23T20:03:27.520+0800: 144.215: [ParNew
Desired survivor size 20112992 bytes, new threshold 8 (max 8)
- age   1:    1469936 bytes,    1469936 total
- age   2:    4118752 bytes,    5588688 total
- age   3:    3209232 bytes,    8797920 total
- age   4:    1661536 bytes,   10459456 total
- age   5:    3084048 bytes,   13543504 total
- age   6:    3402704 bytes,   16946208 total
- age   7:     834024 bytes,   17780232 total
: 109248K->21824K(109248K), 0.0107723 secs] 284639K->203080K(502464K), 0.0108470 secs] [Times: user=0.04 sys=0.00, real=0.01 secs] 
Heap after GC invocations=512 (full 20):
 par new generation   total 109248K, used 21824K [0x00000007a0000000, 0x00000007a8000000, 0x00000007a8000000)
  eden space 87424K,   0% used [0x00000007a0000000, 0x00000007a0000000, 0x00000007a5560000)
  from space 21824K, 100% used [0x00000007a5560000, 0x00000007a6ab0000, 0x00000007a6ab0000)
  to   space 21824K,   0% used [0x00000007a6ab0000, 0x00000007a6ab0000, 0x00000007a8000000)
 concurrent mark-sweep generation total 393216K, used 181256K [0x00000007a8000000, 0x00000007c0000000, 0x00000007c0000000)
 Metaspace       used 35074K, capacity 35608K, committed 36036K, reserved 1081344K
  class space    used 4056K, capacity 4203K, committed 4320K, reserved 1048576K
}
2016-10-23T20:03:27.531+0800: 144.225: Total time for which application threads were stopped: 0.0110997 seconds, Stopping threads took: 0.0000280 seconds
{Heap before GC invocations=512 (full 20):
 par new generation   total 109248K, used 109248K [0x00000007a0000000, 0x00000007a8000000, 0x00000007a8000000)
  eden space 87424K, 100% used [0x00000007a0000000, 0x00000007a5560000, 0x00000007a5560000)
  from space 21824K, 100% used [0x00000007a5560000, 0x00000007a6ab0000, 0x00000007a6ab0000)
  to   space 21824K,   0% used [0x00000007a6ab0000, 0x00000007a6ab0000, 0x00000007a8000000)
 concurrent mark-sweep generation total 393216K, used 181256K [0x00000007a8000000, 0x00000007c0000000, 0x00000007c0000000)
 Metaspace       used 35074K, capacity 35608K, committed 36036K, reserved 1081344K
  class space    used 4056K, capacity 4203K, committed 4320K, reserved 1048576K
2016-10-23T20:03:28.468+0800: 145.162: [GC (Allocation Failure) 2016-10-23T20:03:28.468+0800: 145.162: [ParNew
Desired survivor size 20112992 bytes, new threshold 8 (max 8)
- age   1:     123776 bytes,     123776 total
- age   2:    1107784 bytes,    1231560 total
- age   3:    4044040 bytes,    5275600 total
- age   4:    2868056 bytes,    8143656 total
- age   5:    1637320 bytes,    9780976 total
- age   6:    3031760 bytes,   12812736 total
- age   7:    3371616 bytes,   16184352 total
- age   8:     796168 bytes,   16980520 total
: 109248K->21824K(109248K), 0.0083191 secs] 290504K->203950K(502464K), 0.0083876 secs] [Times: user=0.03 sys=0.00, real=0.01 secs] 
Heap after GC invocations=513 (full 20):
 par new generation   total 109248K, used 21824K [0x00000007a0000000, 0x00000007a8000000, 0x00000007a8000000)
  eden space 87424K,   0% used [0x00000007a0000000, 0x00000007a0000000, 0x00000007a5560000)
  from space 21824K, 100% used [0x00000007a6ab0000, 0x00000007a8000000, 0x00000007a8000000)
  to   space 21824K,   0% used [0x00000007a5560000, 0x00000007a5560000, 0x00000007a6ab0000)
 concurrent mark-sweep generation total 393216K, used 182126K [0x00000007a8000000, 0x00000007c0000000, 0x00000007c0000000)
 Metaspace       used 35074K, capacity 35608K, committed 36036K, reserved 1081344K
  class space    used 4056K, capacity 4203K, committed 4320K, reserved 1048576K
}
2016-10-23T20:03:28.476+0800: 145.171: Total time for which application threads were stopped: 0.0085636 seconds, Stopping threads took: 0.0000301 seconds
{Heap before GC invocations=513 (full 20):
 par new generation   total 109248K, used 109248K [0x00000007a0000000, 0x00000007a8000000, 0x00000007a8000000)
  eden space 87424K, 100% used [0x00000007a0000000, 0x00000007a5560000, 0x00000007a5560000)
  from space 21824K, 100% used [0x00000007a6ab0000, 0x00000007a8000000, 0x00000007a8000000)
  to   space 21824K,   0% used [0x00000007a5560000, 0x00000007a5560000, 0x00000007a6ab0000)
 concurrent mark-sweep generation total 393216K, used 182126K [0x00000007a8000000, 0x00000007c0000000, 0x00000007c0000000)
 Metaspace       used 35074K, capacity 35608K, committed 36036K, reserved 1081344K
  class space    used 4056K, capacity 4203K, committed 4320K, reserved 1048576K
2016-10-23T20:03:28.583+0800: 145.277: [GC (Allocation Failure) 2016-10-23T20:03:28.583+0800: 145.277: [ParNew
Desired survivor size 20112992 bytes, new threshold 8 (max 8)
- age   1:     272984 bytes,     272984 total
- age   2:      61032 bytes,     334016 total
- age   3:    1107784 bytes,    1441800 total
- age   4:    4044040 bytes,    5485840 total
- age   5:    2933624 bytes,    8419464 total
- age   6:    2260216 bytes,   10679680 total
- age   7:    3457904 bytes,   14137584 total
- age   8:    3371616 bytes,   17509200 total
: 109248K->20927K(109248K), 0.0079349 secs] 291374K->203858K(502464K), 0.0079998 secs] [Times: user=0.03 sys=0.00, real=0.01 secs] 
Heap after GC invocations=514 (full 20):
 par new generation   total 109248K, used 20927K [0x00000007a0000000, 0x00000007a8000000, 0x00000007a8000000)
  eden space 87424K,   0% used [0x00000007a0000000, 0x00000007a0000000, 0x00000007a5560000)
  from space 21824K,  95% used [0x00000007a5560000, 0x00000007a69cff98, 0x00000007a6ab0000)
  to   space 21824K,   0% used [0x00000007a6ab0000, 0x00000007a6ab0000, 0x00000007a8000000)
 concurrent mark-sweep generation total 393216K, used 182930K [0x00000007a8000000, 0x00000007c0000000, 0x00000007c0000000)
 Metaspace       used 35074K, capacity 35608K, committed 36036K, reserved 1081344K
  class space    used 4056K, capacity 4203K, committed 4320K, reserved 1048576K
}
2016-10-23T20:03:28.591+0800: 145.285: Total time for which application threads were stopped: 0.0081666 seconds, Stopping threads took: 0.0000203 seconds
{Heap before GC invocations=514 (full 20):
 par new generation   total 109248K, used 108351K [0x00000007a0000000, 0x00000007a8000000, 0x00000007a8000000)
  eden space 87424K, 100% used [0x00000007a0000000, 0x00000007a5560000, 0x00000007a5560000)
  from space 21824K,  95% used [0x00000007a5560000, 0x00000007a69cff98, 0x00000007a6ab0000)
  to   space 21824K,   0% used [0x00000007a6ab0000, 0x00000007a6ab0000, 0x00000007a8000000)
 concurrent mark-sweep generation total 393216K, used 182930K [0x00000007a8000000, 0x00000007c0000000, 0x00000007c0000000)
 Metaspace       used 35074K, capacity 35608K, committed 36036K, reserved 1081344K
  class space    used 4056K, capacity 4203K, committed 4320K, reserved 1048576K
2016-10-23T20:03:28.700+0800: 145.394: [GC (Allocation Failure) 2016-10-23T20:03:28.700+0800: 145.394: [ParNew
Desired survivor size 20112992 bytes, new threshold 8 (max 8)
- age   1:      73944 bytes,      73944 total
- age   2:        296 bytes,      74240 total
- age   3:      61032 bytes,     135272 total
- age   4:    1107784 bytes,    1243056 total
- age   5:    4044040 bytes,    5287096 total
- age   6:    2868056 bytes,    8155152 total
- age   7:    1637320 bytes,    9792472 total
- age   8:    3031760 bytes,   12824232 total
: 108351K->18086K(109248K), 0.0072069 secs] 291282K->204332K(502464K), 0.0072637 secs] [Times: user=0.03 sys=0.00, real=0.00 secs] 
Heap after GC invocations=515 (full 20):
 par new generation   total 109248K, used 18086K [0x00000007a0000000, 0x00000007a8000000, 0x00000007a8000000)
  eden space 87424K,   0% used [0x00000007a0000000, 0x00000007a0000000, 0x00000007a5560000)
  from space 21824K,  82% used [0x00000007a6ab0000, 0x00000007a7c598f0, 0x00000007a8000000)
  to   space 21824K,   0% used [0x00000007a5560000, 0x00000007a5560000, 0x00000007a6ab0000)
 concurrent mark-sweep generation total 393216K, used 186245K [0x00000007a8000000, 0x00000007c0000000, 0x00000007c0000000)
 Metaspace       used 35074K, capacity 35608K, committed 36036K, reserved 1081344K
  class space    used 4056K, capacity 4203K, committed 4320K, reserved 1048576K
}
2016-10-23T20:03:28.707+0800: 145.402: Total time for which application threads were stopped: 0.0074223 seconds, Stopping threads took: 0.0000311 seconds
{Heap before GC invocations=515 (full 20):
 par new generation   total 109248K, used 105510K [0x00000007a0000000, 0x00000007a8000000, 0x00000007a8000000)
  eden space 87424K, 100% used [0x00000007a0000000, 0x00000007a5560000, 0x00000007a5560000)
  from space 21824K,  82% used [0x00000007a6ab0000, 0x00000007a7c598f0, 0x00000007a8000000)
  to   space 21824K,   0% used [0x00000007a5560000, 0x00000007a5560000, 0x00000007a6ab0000)
 concurrent mark-sweep generation total 393216K, used 186245K [0x00000007a8000000, 0x00000007c0000000, 0x00000007c0000000)
 Metaspace       used 35074K, capacity 35608K, committed 36036K, reserved 1081344K
  class space    used 4056K, capacity 4203K, committed 4320K, reserved 1048576K
2016-10-23T20:03:28.819+0800: 145.514: [GC (Allocation Failure) 2016-10-23T20:03:28.819+0800: 145.514: [ParNew
Desired survivor size 20112992 bytes, new threshold 8 (max 8)
- age   1:     134840 bytes,     134840 total
- age   2:       1416 bytes,     136256 total
- age   3:        296 bytes,     136552 total
- age   4:      61032 bytes,     197584 total
- age   5:    1107784 bytes,    1305368 total
- age   6:    4044040 bytes,    5349408 total
- age   7:    2868056 bytes,    8217464 total
- age   8:    1637320 bytes,    9854784 total
: 105510K->13093K(109248K), 0.0066795 secs] 291756K->202325K(502464K), 0.0067319 secs] [Times: user=0.03 sys=0.00, real=0.01 secs] 
Heap after GC invocations=516 (full 20):
 par new generation   total 109248K, used 13093K [0x00000007a0000000, 0x00000007a8000000, 0x00000007a8000000)
  eden space 87424K,   0% used [0x00000007a0000000, 0x00000007a0000000, 0x00000007a5560000)
  from space 21824K,  59% used [0x00000007a5560000, 0x00000007a6229700, 0x00000007a6ab0000)
  to   space 21824K,   0% used [0x00000007a6ab0000, 0x00000007a6ab0000, 0x00000007a8000000)
 concurrent mark-sweep generation total 393216K, used 189231K [0x00000007a8000000, 0x00000007c0000000, 0x00000007c0000000)
 Metaspace       used 35074K, capacity 35608K, committed 36036K, reserved 1081344K
  class space    used 4056K, capacity 4203K, committed 4320K, reserved 1048576K
}
2016-10-23T20:03:28.826+0800: 145.521: Total time for which application threads were stopped: 0.0068805 seconds, Stopping threads took: 0.0000212 seconds
{Heap before GC invocations=516 (full 20):
 par new generation   total 109248K, used 100517K [0x00000007a0000000, 0x00000007a8000000, 0x00000007a8000000)
  eden space 87424K, 100% used [0x00000007a0000000, 0x00000007a5560000, 0x00000007a5560000)
  from space 21824K,  59% used [0x00000007a5560000, 0x00000007a6229700, 0x00000007a6ab0000)
  to   space 21824K,   0% used [0x00000007a6ab0000, 0x00000007a6ab0000, 0x00000007a8000000)
 concurrent mark-sweep generation total 393216K, used 189231K [0x00000007a8000000, 0x00000007c0000000, 0x00000007c0000000)
 Metaspace       used 35074K, capacity 35608K, committed 36036K, reserved 1081344K
  class space    used 4056K, capacity 4203K, committed 4320K, reserved 1048576K
2016-10-23T20:03:28.906+0800: 145.600: [GC (Allocation Failure) 2016-10-23T20:03:28.906+0800: 145.600: [ParNew
Desired survivor size 20112992 bytes, new threshold 8 (max 8)
- age   1:     105008 bytes,     105008 total
- age   2:      71392 bytes,     176400 total
- age   3:       1416 bytes,     177816 total
- age   4:        296 bytes,     178112 total
- age   5:      61032 bytes,     239144 total
- age   6:    1107784 bytes,    1346928 total
- age   7:    4044040 bytes,    5390968 total
- age   8:    2868056 bytes,    8259024 total
: 100517K->11150K(109248K), 0.0082667 secs] 289749K->201994K(502464K), 0.0083154 secs] [Times: user=0.03 sys=0.00, real=0.01 secs] 
Heap after GC invocations=517 (full 20):
 par new generation   total 109248K, used 11150K [0x00000007a0000000, 0x00000007a8000000, 0x00000007a8000000)
  eden space 87424K,   0% used [0x00000007a0000000, 0x00000007a0000000, 0x00000007a5560000)
  from space 21824K,  51% used [0x00000007a6ab0000, 0x00000007a7593b70, 0x00000007a8000000)
  to   space 21824K,   0% used [0x00000007a5560000, 0x00000007a5560000, 0x00000007a6ab0000)
 concurrent mark-sweep generation total 393216K, used 190844K [0x00000007a8000000, 0x00000007c0000000, 0x00000007c0000000)
 Metaspace       used 35074K, capacity 35608K, committed 36036K, reserved 1081344K
  class space    used 4056K, capacity 4203K, committed 4320K, reserved 1048576K
}
2016-10-23T20:03:28.914+0800: 145.608: Total time for which application threads were stopped: 0.0084687 seconds, Stopping threads took: 0.0000203 seconds
2016-10-23T20:03:29.092+0800: 145.786: Total time for which application threads were stopped: 0.0000714 seconds, Stopping threads took: 0.0000176 seconds
2016-10-23T20:03:29.092+0800: 145.786: Total time for which application threads were stopped: 0.0000458 seconds, Stopping threads took: 0.0000081 seconds
{Heap before GC invocations=517 (full 20):
 par new generation   total 109248K, used 98574K [0x00000007a0000000, 0x00000007a8000000, 0x00000007a8000000)
  eden space 87424K, 100% used [0x00000007a0000000, 0x00000007a5560000, 0x00000007a5560000)
  from space 21824K,  51% used [0x00000007a6ab0000, 0x00000007a7593b70, 0x00000007a8000000)
  to   space 21824K,   0% used [0x00000007a5560000, 0x00000007a5560000, 0x00000007a6ab0000)
 concurrent mark-sweep generation total 393216K, used 190844K [0x00000007a8000000, 0x00000007c0000000, 0x00000007c0000000)
 Metaspace       used 35074K, capacity 35608K, committed 36036K, reserved 1081344K
  class space    used 4056K, capacity 4203K, committed 4320K, reserved 1048576K
2016-10-23T20:03:29.234+0800: 145.929: [GC (Allocation Failure) 2016-10-23T20:03:29.234+0800: 145.929: [ParNew
Desired survivor size 20112992 bytes, new threshold 8 (max 8)
- age   1:    4332232 bytes,    4332232 total
- age   3:         32 bytes,    4332264 total
- age   4:         64 bytes,    4332328 total
- age   6:       6752 bytes,    4339080 total
- age   7:     986112 bytes,    5325192 total
- age   8:    3906512 bytes,    9231704 total
: 98574K->10235K(109248K), 0.0059081 secs] 289418K->203744K(502464K), 0.0059688 secs] [Times: user=0.02 sys=0.00, real=0.01 secs] 
Heap after GC invocations=518 (full 20):
 par new generation   total 109248K, used 10235K [0x00000007a0000000, 0x00000007a8000000, 0x00000007a8000000)
  eden space 87424K,   0% used [0x00000007a0000000, 0x00000007a0000000, 0x00000007a5560000)
  from space 21824K,  46% used [0x00000007a5560000, 0x00000007a5f5ecd0, 0x00000007a6ab0000)
  to   space 21824K,   0% used [0x00000007a6ab0000, 0x00000007a6ab0000, 0x00000007a8000000)
 concurrent mark-sweep generation total 393216K, used 193509K [0x00000007a8000000, 0x00000007c0000000, 0x00000007c0000000)
 Metaspace       used 35074K, capacity 35608K, committed 36036K, reserved 1081344K
  class space    used 4056K, capacity 4203K, committed 4320K, reserved 1048576K
}
2016-10-23T20:03:29.240+0800: 145.935: Total time for which application threads were stopped: 0.0061299 seconds, Stopping threads took: 0.0000311 seconds
{Heap before GC invocations=518 (full 20):
 par new generation   total 109248K, used 97659K [0x00000007a0000000, 0x00000007a8000000, 0x00000007a8000000)
  eden space 87424K, 100% used [0x00000007a0000000, 0x00000007a5560000, 0x00000007a5560000)
  from space 21824K,  46% used [0x00000007a5560000, 0x00000007a5f5ecd0, 0x00000007a6ab0000)
  to   space 21824K,   0% used [0x00000007a6ab0000, 0x00000007a6ab0000, 0x00000007a8000000)
 concurrent mark-sweep generation total 393216K, used 193509K [0x00000007a8000000, 0x00000007c0000000, 0x00000007c0000000)
 Metaspace       used 35074K, capacity 35608K, committed 36036K, reserved 1081344K
  class space    used 4056K, capacity 4203K, committed 4320K, reserved 1048576K
2016-10-23T20:03:29.460+0800: 146.154: [GC (Allocation Failure) 2016-10-23T20:03:29.460+0800: 146.155: [ParNew
Desired survivor size 20112992 bytes, new threshold 8 (max 8)
- age   1:    5135160 bytes,    5135160 total
- age   2:    3256776 bytes,    8391936 total
- age   4:         32 bytes,    8391968 total
- age   5:         64 bytes,    8392032 total
- age   7:       6752 bytes,    8398784 total
- age   8:     986112 bytes,    9384896 total
: 97659K->12044K(109248K), 0.0071213 secs] 291168K->209380K(502464K), 0.0071950 secs] [Times: user=0.03 sys=0.00, real=0.00 secs] 
Heap after GC invocations=519 (full 20):
 par new generation   total 109248K, used 12044K [0x00000007a0000000, 0x00000007a8000000, 0x00000007a8000000)
  eden space 87424K,   0% used [0x00000007a0000000, 0x00000007a0000000, 0x00000007a5560000)
  from space 21824K,  55% used [0x00000007a6ab0000, 0x00000007a7673190, 0x00000007a8000000)
  to   space 21824K,   0% used [0x00000007a5560000, 0x00000007a5560000, 0x00000007a6ab0000)
 concurrent mark-sweep generation total 393216K, used 197336K [0x00000007a8000000, 0x00000007c0000000, 0x00000007c0000000)
 Metaspace       used 35074K, capacity 35608K, committed 36036K, reserved 1081344K
  class space    used 4056K, capacity 4203K, committed 4320K, reserved 1048576K
}
2016-10-23T20:03:29.467+0800: 146.162: Total time for which application threads were stopped: 0.0073728 seconds, Stopping threads took: 0.0000313 seconds
2016-10-23T20:03:29.467+0800: 146.162: [GC (CMS Initial Mark) [1 CMS-initial-mark: 197336K(393216K)] 211124K(502464K), 0.0009611 secs] [Times: user=0.00 sys=0.00, real=0.00 secs] 
2016-10-23T20:03:29.468+0800: 146.163: Total time for which application threads were stopped: 0.0011000 seconds, Stopping threads took: 0.0000575 seconds
2016-10-23T20:03:29.468+0800: 146.163: [CMS-concurrent-mark-start]
2016-10-23T20:03:29.489+0800: 146.184: [CMS-concurrent-mark: 0.021/0.021 secs] [Times: user=0.10 sys=0.00, real=0.02 secs] 
2016-10-23T20:03:29.489+0800: 146.184: [CMS-concurrent-preclean-start]
2016-10-23T20:03:29.491+0800: 146.185: [CMS-concurrent-preclean: 0.001/0.001 secs] [Times: user=0.00 sys=0.00, real=0.01 secs] 
2016-10-23T20:03:29.491+0800: 146.185: [CMS-concurrent-abortable-preclean-start]
2016-10-23T20:03:29.586+0800: 146.280: [CMS-concurrent-abortable-preclean: 0.095/0.095 secs] [Times: user=0.19 sys=0.00, real=0.09 secs] 
2016-10-23T20:03:29.586+0800: 146.280: [GC (CMS Final Remark) [YG occupancy: 56819 K (109248 K)]{Heap before GC invocations=519 (full 21):
 par new generation   total 109248K, used 56819K [0x00000007a0000000, 0x00000007a8000000, 0x00000007a8000000)
  eden space 87424K,  51% used [0x00000007a0000000, 0x00000007a2bb9ba8, 0x00000007a5560000)
  from space 21824K,  55% used [0x00000007a6ab0000, 0x00000007a7673190, 0x00000007a8000000)
  to   space 21824K,   0% used [0x00000007a5560000, 0x00000007a5560000, 0x00000007a6ab0000)
 concurrent mark-sweep generation total 393216K, used 197336K [0x00000007a8000000, 0x00000007c0000000, 0x00000007c0000000)
 Metaspace       used 35074K, capacity 35608K, committed 36036K, reserved 1081344K
  class space    used 4056K, capacity 4203K, committed 4320K, reserved 1048576K
2016-10-23T20:03:29.586+0800: 146.280: [GC (CMS Final Remark) 2016-10-23T20:03:29.586+0800: 146.280: [ParNew
Desired survivor size 20112992 bytes, new threshold 8 (max 8)
- age   1:    3238800 bytes,    3238800 total
- age   2:    3639416 bytes,    6878216 total
- age   3:    3222832 bytes,   10101048 total
- age   5:         32 bytes,   10101080 total
- age   6:         64 bytes,   10101144 total
- age   8:       6752 bytes,   10107896 total
: 56819K->12193K(109248K), 0.0055107 secs] 254155K->210502K(502464K), 0.0055639 secs] [Times: user=0.01 sys=0.00, real=0.01 secs] 
Heap after GC invocations=520 (full 21):
 par new generation   total 109248K, used 12193K [0x00000007a0000000, 0x00000007a8000000, 0x00000007a8000000)
  eden space 87424K,   0% used [0x00000007a0000000, 0x00000007a0000000, 0x00000007a5560000)
  from space 21824K,  55% used [0x00000007a5560000, 0x00000007a6148750, 0x00000007a6ab0000)
  to   space 21824K,   0% used [0x00000007a6ab0000, 0x00000007a6ab0000, 0x00000007a8000000)
 concurrent mark-sweep generation total 393216K, used 198309K [0x00000007a8000000, 0x00000007c0000000, 0x00000007c0000000)
 Metaspace       used 35074K, capacity 35608K, committed 36036K, reserved 1081344K
  class space    used 4056K, capacity 4203K, committed 4320K, reserved 1048576K
}
2016-10-23T20:03:29.592+0800: 146.286: [Rescan (parallel) , 0.0022117 secs]2016-10-23T20:03:29.594+0800: 146.288: [weak refs processing, 0.0009006 secs]2016-10-23T20:03:29.595+0800: 146.289: [class unloading, 0.0059144 secs]2016-10-23T20:03:29.601+0800: 146.295: [scrub symbol table, 0.0041270 secs]2016-10-23T20:03:29.605+0800: 146.299: [scrub string table, 0.0004807 secs][1 CMS-remark: 198309K(393216K)] 210502K(502464K), 0.0195672 secs] [Times: user=0.03 sys=0.00, real=0.02 secs] 
2016-10-23T20:03:29.606+0800: 146.300: Total time for which application threads were stopped: 0.0197847 seconds, Stopping threads took: 0.0000960 seconds
2016-10-23T20:03:29.606+0800: 146.300: [CMS-concurrent-sweep-start]
2016-10-23T20:03:29.647+0800: 146.341: [CMS-concurrent-sweep: 0.041/0.041 secs] [Times: user=0.09 sys=0.00, real=0.04 secs] 
2016-10-23T20:03:29.647+0800: 146.341: [CMS-concurrent-reset-start]
2016-10-23T20:03:29.647+0800: 146.342: [CMS-concurrent-reset: 0.000/0.000 secs] [Times: user=0.00 sys=0.00, real=0.00 secs] 
{Heap before GC invocations=520 (full 21):
 par new generation   total 109248K, used 99617K [0x00000007a0000000, 0x00000007a8000000, 0x00000007a8000000)
  eden space 87424K, 100% used [0x00000007a0000000, 0x00000007a5560000, 0x00000007a5560000)
  from space 21824K,  55% used [0x00000007a5560000, 0x00000007a6148750, 0x00000007a6ab0000)
  to   space 21824K,   0% used [0x00000007a6ab0000, 0x00000007a6ab0000, 0x00000007a8000000)
 concurrent mark-sweep generation total 393216K, used 90493K [0x00000007a8000000, 0x00000007c0000000, 0x00000007c0000000)
 Metaspace       used 35074K, capacity 35608K, committed 36036K, reserved 1081344K
  class space    used 4056K, capacity 4203K, committed 4320K, reserved 1048576K
2016-10-23T20:03:29.838+0800: 146.532: [GC (Allocation Failure) 2016-10-23T20:03:29.838+0800: 146.533: [ParNew
Desired survivor size 20112992 bytes, new threshold 8 (max 8)
- age   1:    6548800 bytes,    6548800 total
- age   2:    1401000 bytes,    7949800 total
- age   3:    2941416 bytes,   10891216 total
- age   4:    3221792 bytes,   14113008 total
- age   6:         32 bytes,   14113040 total
- age   7:         64 bytes,   14113104 total
: 99617K->17066K(109248K), 0.0062307 secs] 190111K->107565K(502464K), 0.0063059 secs] [Times: user=0.02 sys=0.00, real=0.01 secs] 
Heap after GC invocations=521 (full 21):
 par new generation   total 109248K, used 17066K [0x00000007a0000000, 0x00000007a8000000, 0x00000007a8000000)
  eden space 87424K,   0% used [0x00000007a0000000, 0x00000007a0000000, 0x00000007a5560000)
  from space 21824K,  78% used [0x00000007a6ab0000, 0x00000007a7b5a850, 0x00000007a8000000)
  to   space 21824K,   0% used [0x00000007a5560000, 0x00000007a5560000, 0x00000007a6ab0000)
 concurrent mark-sweep generation total 393216K, used 90499K [0x00000007a8000000, 0x00000007c0000000, 0x00000007c0000000)
 Metaspace       used 35074K, capacity 35608K, committed 36036K, reserved 1081344K
  class space    used 4056K, capacity 4203K, committed 4320K, reserved 1048576K
}
2016-10-23T20:03:29.844+0800: 146.539: Total time for which application threads were stopped: 0.0064764 seconds, Stopping threads took: 0.0000308 seconds
{Heap before GC invocations=521 (full 21):
 par new generation   total 109248K, used 104490K [0x00000007a0000000, 0x00000007a8000000, 0x00000007a8000000)
  eden space 87424K, 100% used [0x00000007a0000000, 0x00000007a5560000, 0x00000007a5560000)
  from space 21824K,  78% used [0x00000007a6ab0000, 0x00000007a7b5a850, 0x00000007a8000000)
  to   space 21824K,   0% used [0x00000007a5560000, 0x00000007a5560000, 0x00000007a6ab0000)
 concurrent mark-sweep generation total 393216K, used 90499K [0x00000007a8000000, 0x00000007c0000000, 0x00000007c0000000)
 Metaspace       used 35074K, capacity 35608K, committed 36036K, reserved 1081344K
  class space    used 4056K, capacity 4203K, committed 4320K, reserved 1048576K
2016-10-23T20:03:30.072+0800: 146.767: [GC (Allocation Failure) 2016-10-23T20:03:30.072+0800: 146.767: [ParNew
Desired survivor size 20112992 bytes, new threshold 8 (max 8)
- age   1:    6246312 bytes,    6246312 total
- age   2:    3973120 bytes,   10219432 total
- age   3:    1368240 bytes,   11587672 total
- age   4:    2641920 bytes,   14229592 total
- age   5:    3220088 bytes,   17449680 total
- age   7:         32 bytes,   17449712 total
- age   8:         64 bytes,   17449776 total
: 104490K->21824K(109248K), 0.0066394 secs] 194989K->112686K(502464K), 0.0067004 secs] [Times: user=0.02 sys=0.00, real=0.00 secs] 
Heap after GC invocations=522 (full 21):
 par new generation   total 109248K, used 21824K [0x00000007a0000000, 0x00000007a8000000, 0x00000007a8000000)
  eden space 87424K,   0% used [0x00000007a0000000, 0x00000007a0000000, 0x00000007a5560000)
  from space 21824K, 100% used [0x00000007a5560000, 0x00000007a6ab0000, 0x00000007a6ab0000)
  to   space 21824K,   0% used [0x00000007a6ab0000, 0x00000007a6ab0000, 0x00000007a8000000)
 concurrent mark-sweep generation total 393216K, used 90862K [0x00000007a8000000, 0x00000007c0000000, 0x00000007c0000000)
 Metaspace       used 35074K, capacity 35608K, committed 36036K, reserved 1081344K
  class space    used 4056K, capacity 4203K, committed 4320K, reserved 1048576K
}
2016-10-23T20:03:30.079+0800: 146.773: Total time for which application threads were stopped: 0.0068724 seconds, Stopping threads took: 0.0000255 seconds
{Heap before GC invocations=522 (full 21):
 par new generation   total 109248K, used 109248K [0x00000007a0000000, 0x00000007a8000000, 0x00000007a8000000)
  eden space 87424K, 100% used [0x00000007a0000000, 0x00000007a5560000, 0x00000007a5560000)
  from space 21824K, 100% used [0x00000007a5560000, 0x00000007a6ab0000, 0x00000007a6ab0000)
  to   space 21824K,   0% used [0x00000007a6ab0000, 0x00000007a6ab0000, 0x00000007a8000000)
 concurrent mark-sweep generation total 393216K, used 90862K [0x00000007a8000000, 0x00000007c0000000, 0x00000007c0000000)
 Metaspace       used 35074K, capacity 35608K, committed 36036K, reserved 1081344K
  class space    used 4056K, capacity 4203K, committed 4320K, reserved 1048576K
2016-10-23T20:03:30.310+0800: 147.005: [GC (Allocation Failure) 2016-10-23T20:03:30.311+0800: 147.005: [ParNew
Desired survivor size 20112992 bytes, new threshold 8 (max 8)
- age   1:    6257216 bytes,    6257216 total
- age   2:    2766600 bytes,    9023816 total
- age   3:    2979912 bytes,   12003728 total
- age   4:    1201424 bytes,   13205152 total
- age   5:    2411584 bytes,   15616736 total
- age   6:    2464440 bytes,   18081176 total
- age   8:         32 bytes,   18081208 total
: 109248K->21824K(109248K), 0.0091512 secs] 200110K->116785K(502464K), 0.0092371 secs] [Times: user=0.03 sys=0.00, real=0.01 secs] 
Heap after GC invocations=523 (full 21):
 par new generation   total 109248K, used 21824K [0x00000007a0000000, 0x00000007a8000000, 0x00000007a8000000)
  eden space 87424K,   0% used [0x00000007a0000000, 0x00000007a0000000, 0x00000007a5560000)
  from space 21824K, 100% used [0x00000007a6ab0000, 0x00000007a8000000, 0x00000007a8000000)
  to   space 21824K,   0% used [0x00000007a5560000, 0x00000007a5560000, 0x00000007a6ab0000)
 concurrent mark-sweep generation total 393216K, used 94961K [0x00000007a8000000, 0x00000007c0000000, 0x00000007c0000000)
 Metaspace       used 35074K, capacity 35608K, committed 36036K, reserved 1081344K
  class space    used 4056K, capacity 4203K, committed 4320K, reserved 1048576K
}
2016-10-23T20:03:30.320+0800: 147.014: Total time for which application threads were stopped: 0.0094008 seconds, Stopping threads took: 0.0000305 seconds
{Heap before GC invocations=523 (full 21):
 par new generation   total 109248K, used 109248K [0x00000007a0000000, 0x00000007a8000000, 0x00000007a8000000)
  eden space 87424K, 100% used [0x00000007a0000000, 0x00000007a5560000, 0x00000007a5560000)
  from space 21824K, 100% used [0x00000007a6ab0000, 0x00000007a8000000, 0x00000007a8000000)
  to   space 21824K,   0% used [0x00000007a5560000, 0x00000007a5560000, 0x00000007a6ab0000)
 concurrent mark-sweep generation total 393216K, used 94961K [0x00000007a8000000, 0x00000007c0000000, 0x00000007c0000000)
 Metaspace       used 35074K, capacity 35608K, committed 36036K, reserved 1081344K
  class space    used 4056K, capacity 4203K, committed 4320K, reserved 1048576K
2016-10-23T20:03:30.631+0800: 147.325: [GC (Allocation Failure) 2016-10-23T20:03:30.631+0800: 147.325: [ParNew
Desired survivor size 20112992 bytes, new threshold 8 (max 8)
- age   1:    5775528 bytes,    5775528 total
- age   2:    2640680 bytes,    8416208 total
- age   3:    2172824 bytes,   10589032 total
- age   4:    2239312 bytes,   12828344 total
- age   5:    1175056 bytes,   14003400 total
- age   6:    2325392 bytes,   16328792 total
- age   7:    2327096 bytes,   18655888 total
: 109248K->21824K(109248K), 0.0091516 secs] 204209K->121554K(502464K), 0.0092022 secs] [Times: user=0.03 sys=0.01, real=0.01 secs] 
Heap after GC invocations=524 (full 21):
 par new generation   total 109248K, used 21824K [0x00000007a0000000, 0x00000007a8000000, 0x00000007a8000000)
  eden space 87424K,   0% used [0x00000007a0000000, 0x00000007a0000000, 0x00000007a5560000)
  from space 21824K, 100% used [0x00000007a5560000, 0x00000007a6ab0000, 0x00000007a6ab0000)
  to   space 21824K,   0% used [0x00000007a6ab0000, 0x00000007a6ab0000, 0x00000007a8000000)
 concurrent mark-sweep generation total 393216K, used 99730K [0x00000007a8000000, 0x00000007c0000000, 0x00000007c0000000)
 Metaspace       used 35074K, capacity 35608K, committed 36036K, reserved 1081344K
  class space    used 4056K, capacity 4203K, committed 4320K, reserved 1048576K
}
2016-10-23T20:03:30.640+0800: 147.334: Total time for which application threads were stopped: 0.0093688 seconds, Stopping threads took: 0.0000300 seconds
{Heap before GC invocations=524 (full 21):
 par new generation   total 109248K, used 109248K [0x00000007a0000000, 0x00000007a8000000, 0x00000007a8000000)
  eden space 87424K, 100% used [0x00000007a0000000, 0x00000007a5560000, 0x00000007a5560000)
  from space 21824K, 100% used [0x00000007a5560000, 0x00000007a6ab0000, 0x00000007a6ab0000)
  to   space 21824K,   0% used [0x00000007a6ab0000, 0x00000007a6ab0000, 0x00000007a8000000)
 concurrent mark-sweep generation total 393216K, used 99730K [0x00000007a8000000, 0x00000007c0000000, 0x00000007c0000000)
 Metaspace       used 35074K, capacity 35608K, committed 36036K, reserved 1081344K
  class space    used 4056K, capacity 4203K, committed 4320K, reserved 1048576K
2016-10-23T20:03:30.894+0800: 147.588: [GC (Allocation Failure) 2016-10-23T20:03:30.894+0800: 147.588: [ParNew
Desired survivor size 20112992 bytes, new threshold 8 (max 8)
- age   1:    7033240 bytes,    7033240 total
- age   2:    1592248 bytes,    8625488 total
- age   3:    2552664 bytes,   11178152 total
- age   4:    2061800 bytes,   13239952 total
- age   5:    2129576 bytes,   15369528 total
- age   6:    1090968 bytes,   16460496 total
- age   7:    2251000 bytes,   18711496 total
- age   8:    1926560 bytes,   20638056 total
: 109248K->21824K(109248K), 0.0090963 secs] 208978K->126290K(502464K), 0.0091851 secs] [Times: user=0.04 sys=0.00, real=0.01 secs] 
Heap after GC invocations=525 (full 21):
 par new generation   total 109248K, used 21824K [0x00000007a0000000, 0x00000007a8000000, 0x00000007a8000000)
  eden space 87424K,   0% used [0x00000007a0000000, 0x00000007a0000000, 0x00000007a5560000)
  from space 21824K, 100% used [0x00000007a6ab0000, 0x00000007a8000000, 0x00000007a8000000)
  to   space 21824K,   0% used [0x00000007a5560000, 0x00000007a5560000, 0x00000007a6ab0000)
 concurrent mark-sweep generation total 393216K, used 104466K [0x00000007a8000000, 0x00000007c0000000, 0x00000007c0000000)
 Metaspace       used 35074K, capacity 35608K, committed 36036K, reserved 1081344K
  class space    used 4056K, capacity 4203K, committed 4320K, reserved 1048576K
}
2016-10-23T20:03:30.903+0800: 147.597: Total time for which application threads were stopped: 0.0093527 seconds, Stopping threads took: 0.0000305 seconds
2016-10-23T20:03:30.916+0800: 147.611: Total time for which application threads were stopped: 0.0000771 seconds, Stopping threads took: 0.0000181 seconds
2016-10-23T20:03:30.917+0800: 147.611: Total time for which application threads were stopped: 0.0000515 seconds, Stopping threads took: 0.0000105 seconds
2016-10-23T20:03:30.941+0800: 147.635: Total time for which application threads were stopped: 0.0000796 seconds, Stopping threads took: 0.0000259 seconds
2016-10-23T20:03:31.013+0800: 147.708: Total time for which application threads were stopped: 0.0001016 seconds, Stopping threads took: 0.0000279 seconds
2016-10-23T20:03:31.014+0800: 147.708: Total time for which application threads were stopped: 0.0000406 seconds, Stopping threads took: 0.0000056 seconds
{Heap before GC invocations=525 (full 21):
 par new generation   total 109248K, used 109248K [0x00000007a0000000, 0x00000007a8000000, 0x00000007a8000000)
  eden space 87424K, 100% used [0x00000007a0000000, 0x00000007a5560000, 0x00000007a5560000)
  from space 21824K, 100% used [0x00000007a6ab0000, 0x00000007a8000000, 0x00000007a8000000)
  to   space 21824K,   0% used [0x00000007a5560000, 0x00000007a5560000, 0x00000007a6ab0000)
 concurrent mark-sweep generation total 393216K, used 104466K [0x00000007a8000000, 0x00000007c0000000, 0x00000007c0000000)
 Metaspace       used 35095K, capacity 35640K, committed 36036K, reserved 1081344K
  class space    used 4058K, capacity 4235K, committed 4320K, reserved 1048576K
2016-10-23T20:03:31.186+0800: 147.881: [GC (Allocation Failure) 2016-10-23T20:03:31.186+0800: 147.881: [ParNew
Desired survivor size 20112992 bytes, new threshold 8 (max 8)
- age   1:     215080 bytes,     215080 total
- age   2:    3707768 bytes,    3922848 total
- age   3:    1375152 bytes,    5298000 total
- age   4:    2064936 bytes,    7362936 total
- age   5:    1870520 bytes,    9233456 total
- age   6:    1904656 bytes,   11138112 total
- age   7:     995928 bytes,   12134040 total
- age   8:    2031536 bytes,   14165576 total
: 109248K->21824K(109248K), 0.0085349 secs] 213714K->131281K(502464K), 0.0086009 secs] [Times: user=0.03 sys=0.00, real=0.01 secs] 
Heap after GC invocations=526 (full 21):
 par new generation   total 109248K, used 21824K [0x00000007a0000000, 0x00000007a8000000, 0x00000007a8000000)
  eden space 87424K,   0% used [0x00000007a0000000, 0x00000007a0000000, 0x00000007a5560000)
  from space 21824K, 100% used [0x00000007a5560000, 0x00000007a6ab0000, 0x00000007a6ab0000)
  to   space 21824K,   0% used [0x00000007a6ab0000, 0x00000007a6ab0000, 0x00000007a8000000)
 concurrent mark-sweep generation total 393216K, used 109457K [0x00000007a8000000, 0x00000007c0000000, 0x00000007c0000000)
 Metaspace       used 35095K, capacity 35640K, committed 36036K, reserved 1081344K
  class space    used 4058K, capacity 4235K, committed 4320K, reserved 1048576K
}
2016-10-23T20:03:31.195+0800: 147.890: Total time for which application threads were stopped: 0.0088056 seconds, Stopping threads took: 0.0000325 seconds
2016-10-23T20:03:31.303+0800: 147.997: Total time for which application threads were stopped: 0.0000848 seconds, Stopping threads took: 0.0000164 seconds
2016-10-23T20:03:31.304+0800: 147.998: Total time for which application threads were stopped: 0.0000685 seconds, Stopping threads took: 0.0000283 seconds
2016-10-23T20:03:31.304+0800: 147.998: Total time for which application threads were stopped: 0.0000735 seconds, Stopping threads took: 0.0000106 seconds
2016-10-23T20:03:31.305+0800: 148.000: Total time for which application threads were stopped: 0.0000665 seconds, Stopping threads took: 0.0000186 seconds
2016-10-23T20:03:31.320+0800: 148.015: Total time for which application threads were stopped: 0.0001027 seconds, Stopping threads took: 0.0000305 seconds
2016-10-23T20:03:31.320+0800: 148.015: Total time for which application threads were stopped: 0.0000736 seconds, Stopping threads took: 0.0000222 seconds
2016-10-23T20:03:31.320+0800: 148.015: Total time for which application threads were stopped: 0.0000655 seconds, Stopping threads took: 0.0000227 seconds
2016-10-23T20:03:31.334+0800: 148.028: Total time for which application threads were stopped: 0.0001194 seconds, Stopping threads took: 0.0000519 seconds
2016-10-23T20:03:31.334+0800: 148.028: Total time for which application threads were stopped: 0.0000381 seconds, Stopping threads took: 0.0000093 seconds
2016-10-23T20:03:31.334+0800: 148.028: Total time for which application threads were stopped: 0.0000458 seconds, Stopping threads took: 0.0000104 seconds
2016-10-23T20:03:31.334+0800: 148.028: Total time for which application threads were stopped: 0.0000504 seconds, Stopping threads took: 0.0000170 seconds
2016-10-23T20:03:31.334+0800: 148.028: Total time for which application threads were stopped: 0.0000388 seconds, Stopping threads took: 0.0000150 seconds
2016-10-23T20:03:31.334+0800: 148.028: Total time for which application threads were stopped: 0.0000389 seconds, Stopping threads took: 0.0000079 seconds
2016-10-23T20:03:31.334+0800: 148.029: Total time for which application threads were stopped: 0.0000980 seconds, Stopping threads took: 0.0000077 seconds
2016-10-23T20:03:31.334+0800: 148.029: Total time for which application threads were stopped: 0.0000299 seconds, Stopping threads took: 0.0000058 seconds
2016-10-23T20:03:31.334+0800: 148.029: Total time for which application threads were stopped: 0.0000284 seconds, Stopping threads took: 0.0000060 seconds
2016-10-23T20:03:31.334+0800: 148.029: Total time for which application threads were stopped: 0.0000372 seconds, Stopping threads took: 0.0000070 seconds
2016-10-23T20:03:31.336+0800: 148.031: Total time for which application threads were stopped: 0.0000423 seconds, Stopping threads took: 0.0000088 seconds
2016-10-23T20:03:31.336+0800: 148.031: Total time for which application threads were stopped: 0.0000456 seconds, Stopping threads took: 0.0000086 seconds
2016-10-23T20:03:31.337+0800: 148.031: Total time for which application threads were stopped: 0.0000521 seconds, Stopping threads took: 0.0000094 seconds
2016-10-23T20:03:31.337+0800: 148.032: Total time for which application threads were stopped: 0.0000530 seconds, Stopping threads took: 0.0000091 seconds
2016-10-23T20:03:31.338+0800: 148.032: Total time for which application threads were stopped: 0.0000524 seconds, Stopping threads took: 0.0000094 seconds
2016-10-23T20:03:31.338+0800: 148.033: Total time for which application threads were stopped: 0.0000314 seconds, Stopping threads took: 0.0000064 seconds
2016-10-23T20:03:31.339+0800: 148.033: Total time for which application threads were stopped: 0.0000345 seconds, Stopping threads took: 0.0000073 seconds
2016-10-23T20:03:31.339+0800: 148.033: Total time for which application threads were stopped: 0.0000524 seconds, Stopping threads took: 0.0000094 seconds
2016-10-23T20:03:31.339+0800: 148.034: Total time for which application threads were stopped: 0.0000484 seconds, Stopping threads took: 0.0000081 seconds
2016-10-23T20:03:31.340+0800: 148.034: Total time for which application threads were stopped: 0.0000510 seconds, Stopping threads took: 0.0000089 seconds
2016-10-23T20:03:31.340+0800: 148.035: Total time for which application threads were stopped: 0.0000467 seconds, Stopping threads took: 0.0000169 seconds
2016-10-23T20:03:31.341+0800: 148.035: Total time for which application threads were stopped: 0.0000571 seconds, Stopping threads took: 0.0000304 seconds
2016-10-23T20:03:31.341+0800: 148.035: Total time for which application threads were stopped: 0.0000357 seconds, Stopping threads took: 0.0000077 seconds
2016-10-23T20:03:31.341+0800: 148.036: Total time for which application threads were stopped: 0.0000522 seconds, Stopping threads took: 0.0000243 seconds
2016-10-23T20:03:31.342+0800: 148.036: Total time for which application threads were stopped: 0.0000321 seconds, Stopping threads took: 0.0000066 seconds
2016-10-23T20:03:31.342+0800: 148.037: Total time for which application threads were stopped: 0.0000633 seconds, Stopping threads took: 0.0000167 seconds
2016-10-23T20:03:31.343+0800: 148.037: Total time for which application threads were stopped: 0.0000403 seconds, Stopping threads took: 0.0000062 seconds
2016-10-23T20:03:31.343+0800: 148.037: Total time for which application threads were stopped: 0.0000470 seconds, Stopping threads took: 0.0000067 seconds
2016-10-23T20:03:31.343+0800: 148.038: Total time for which application threads were stopped: 0.0000349 seconds, Stopping threads took: 0.0000069 seconds
2016-10-23T20:03:31.371+0800: 148.065: Total time for which application threads were stopped: 0.0001645 seconds, Stopping threads took: 0.0000940 seconds
2016-10-23T20:03:31.371+0800: 148.065: Total time for which application threads were stopped: 0.0000607 seconds, Stopping threads took: 0.0000204 seconds
2016-10-23T20:03:31.371+0800: 148.065: Total time for which application threads were stopped: 0.0000546 seconds, Stopping threads took: 0.0000197 seconds
2016-10-23T20:03:31.373+0800: 148.068: Total time for which application threads were stopped: 0.0000530 seconds, Stopping threads took: 0.0000083 seconds
2016-10-23T20:03:32.376+0800: 149.071: Total time for which application threads were stopped: 0.0002185 seconds, Stopping threads took: 0.0000545 seconds
2016-10-23T20:03:44.404+0800: 161.099: Total time for which application threads were stopped: 0.0002045 seconds, Stopping threads took: 0.0000510 seconds
2016-10-23T20:03:49.422+0800: 166.117: Total time for which application threads were stopped: 0.0002201 seconds, Stopping threads took: 0.0000527 seconds
2016-10-23T20:05:04.206+0800: 240.903: Total time for which application threads were stopped: 0.0000941 seconds, Stopping threads took: 0.0000173 seconds
2016-10-23T20:05:04.206+0800: 240.904: Total time for which application threads were stopped: 0.0000428 seconds, Stopping threads took: 0.0000094 seconds
2016-10-23T20:05:04.207+0800: 240.904: Total time for which application threads were stopped: 0.0000580 seconds, Stopping threads took: 0.0000103 seconds
2016-10-23T20:05:04.207+0800: 240.904: Total time for which application threads were stopped: 0.0000490 seconds, Stopping threads took: 0.0000072 seconds
2016-10-23T20:05:04.207+0800: 240.904: Total time for which application threads were stopped: 0.0000485 seconds, Stopping threads took: 0.0000072 seconds
2016-10-23T20:05:04.207+0800: 240.904: Total time for which application threads were stopped: 0.0000479 seconds, Stopping threads took: 0.0000071 seconds
2016-10-23T20:05:04.207+0800: 240.904: Total time for which application threads were stopped: 0.0000471 seconds, Stopping threads took: 0.0000072 seconds
2016-10-23T20:05:04.207+0800: 240.904: Total time for which application threads were stopped: 0.0000472 seconds, Stopping threads took: 0.0000072 seconds
2016-10-23T20:05:04.207+0800: 240.904: Total time for which application threads were stopped: 0.0000472 seconds, Stopping threads took: 0.0000072 seconds
2016-10-23T20:05:04.207+0800: 240.905: Total time for which application threads were stopped: 0.0000473 seconds, Stopping threads took: 0.0000071 seconds
2016-10-23T20:05:04.208+0800: 240.905: Total time for which application threads were stopped: 0.0000468 seconds, Stopping threads took: 0.0000072 seconds
2016-10-23T20:05:04.208+0800: 240.905: Total time for which application threads were stopped: 0.0000469 seconds, Stopping threads took: 0.0000072 seconds
2016-10-23T20:05:04.208+0800: 240.905: Total time for which application threads were stopped: 0.0000477 seconds, Stopping threads took: 0.0000072 seconds
2016-10-23T20:05:04.208+0800: 240.905: Total time for which application threads were stopped: 0.0000428 seconds, Stopping threads took: 0.0000062 seconds
2016-10-23T20:05:04.208+0800: 240.905: Total time for which application threads were stopped: 0.0000469 seconds, Stopping threads took: 0.0000076 seconds
2016-10-23T20:05:04.208+0800: 240.905: Total time for which application threads were stopped: 0.0000391 seconds, Stopping threads took: 0.0000053 seconds
2016-10-23T20:05:04.208+0800: 240.905: Total time for which application threads were stopped: 0.0000279 seconds, Stopping threads took: 0.0000051 seconds
2016-10-23T20:05:04.208+0800: 240.905: Total time for which application threads were stopped: 0.0000444 seconds, Stopping threads took: 0.0000087 seconds
2016-10-23T20:05:04.208+0800: 240.905: Total time for which application threads were stopped: 0.0000303 seconds, Stopping threads took: 0.0000057 seconds
2016-10-23T20:05:04.208+0800: 240.905: Total time for which application threads were stopped: 0.0000306 seconds, Stopping threads took: 0.0000054 seconds
2016-10-23T20:05:04.208+0800: 240.905: Total time for which application threads were stopped: 0.0000287 seconds, Stopping threads took: 0.0000055 seconds
2016-10-23T20:05:04.208+0800: 240.905: Total time for which application threads were stopped: 0.0000937 seconds, Stopping threads took: 0.0000056 seconds
2016-10-23T20:05:04.209+0800: 240.906: Total time for which application threads were stopped: 0.0000319 seconds, Stopping threads took: 0.0000053 seconds
2016-10-23T20:05:04.209+0800: 240.906: Total time for which application threads were stopped: 0.0000288 seconds, Stopping threads took: 0.0000054 seconds
2016-10-23T20:05:04.209+0800: 240.906: Total time for which application threads were stopped: 0.0000284 seconds, Stopping threads took: 0.0000052 seconds
2016-10-23T20:05:04.209+0800: 240.906: Total time for which application threads were stopped: 0.0000270 seconds, Stopping threads took: 0.0000054 seconds
2016-10-23T20:05:04.212+0800: 240.909: Total time for which application threads were stopped: 0.0000763 seconds, Stopping threads took: 0.0000174 seconds
2016-10-23T20:05:04.212+0800: 240.910: Total time for which application threads were stopped: 0.0000494 seconds, Stopping threads took: 0.0000137 seconds
2016-10-23T20:05:04.213+0800: 240.910: Total time for which application threads were stopped: 0.0000487 seconds, Stopping threads took: 0.0000247 seconds
2016-10-23T20:05:04.234+0800: 240.932: Total time for which application threads were stopped: 0.0001027 seconds, Stopping threads took: 0.0000257 seconds
2016-10-23T20:05:04.235+0800: 240.932: Total time for which application threads were stopped: 0.0000573 seconds, Stopping threads took: 0.0000085 seconds
2016-10-23T20:05:04.235+0800: 240.932: Total time for which application threads were stopped: 0.0000701 seconds, Stopping threads took: 0.0000066 seconds
2016-10-23T20:05:05.236+0800: 241.933: Total time for which application threads were stopped: 0.0001446 seconds, Stopping threads took: 0.0000295 seconds
2016-10-23T20:05:48.335+0800: 285.033: Total time for which application threads were stopped: 0.0001371 seconds, Stopping threads took: 0.0000331 seconds
2016-10-23T20:06:35.435+0800: 332.134: Total time for which application threads were stopped: 0.0001305 seconds, Stopping threads took: 0.0000320 seconds
2016-10-23T20:06:39.207+0800: 335.907: Total time for which application threads were stopped: 0.0000806 seconds, Stopping threads took: 0.0000182 seconds
2016-10-23T20:06:39.210+0800: 335.910: Total time for which application threads were stopped: 0.0000668 seconds, Stopping threads took: 0.0000096 seconds
2016-10-23T20:06:39.211+0800: 335.910: Total time for which application threads were stopped: 0.0000480 seconds, Stopping threads took: 0.0000077 seconds
2016-10-23T20:06:39.211+0800: 335.911: Total time for which application threads were stopped: 0.0000469 seconds, Stopping threads took: 0.0000073 seconds
2016-10-23T20:06:39.211+0800: 335.911: Total time for which application threads were stopped: 0.0000465 seconds, Stopping threads took: 0.0000071 seconds
2016-10-23T20:06:39.211+0800: 335.911: Total time for which application threads were stopped: 0.0000466 seconds, Stopping threads took: 0.0000071 seconds
2016-10-23T20:06:39.211+0800: 335.911: Total time for which application threads were stopped: 0.0000464 seconds, Stopping threads took: 0.0000071 seconds
2016-10-23T20:06:39.211+0800: 335.911: Total time for which application threads were stopped: 0.0000483 seconds, Stopping threads took: 0.0000073 seconds
2016-10-23T20:06:39.212+0800: 335.911: Total time for which application threads were stopped: 0.0000434 seconds, Stopping threads took: 0.0000059 seconds
2016-10-23T20:06:39.212+0800: 335.912: Total time for which application threads were stopped: 0.0000744 seconds, Stopping threads took: 0.0000096 seconds
2016-10-23T20:06:39.212+0800: 335.912: Total time for which application threads were stopped: 0.0000620 seconds, Stopping threads took: 0.0000173 seconds
2016-10-23T20:06:39.212+0800: 335.912: Total time for which application threads were stopped: 0.0000661 seconds, Stopping threads took: 0.0000254 seconds
2016-10-23T20:06:39.212+0800: 335.912: Total time for which application threads were stopped: 0.0000464 seconds, Stopping threads took: 0.0000067 seconds
2016-10-23T20:06:39.213+0800: 335.912: Total time for which application threads were stopped: 0.0001378 seconds, Stopping threads took: 0.0000171 seconds
{Heap before GC invocations=526 (full 21):
 par new generation   total 109248K, used 109248K [0x00000007a0000000, 0x00000007a8000000, 0x00000007a8000000)
  eden space 87424K, 100% used [0x00000007a0000000, 0x00000007a5560000, 0x00000007a5560000)
  from space 21824K, 100% used [0x00000007a5560000, 0x00000007a6ab0000, 0x00000007a6ab0000)
  to   space 21824K,   0% used [0x00000007a6ab0000, 0x00000007a6ab0000, 0x00000007a8000000)
 concurrent mark-sweep generation total 393216K, used 109457K [0x00000007a8000000, 0x00000007c0000000, 0x00000007c0000000)
 Metaspace       used 35633K, capacity 36228K, committed 36548K, reserved 1081344K
  class space    used 4095K, capacity 4247K, committed 4320K, reserved 1048576K
2016-10-23T20:06:39.239+0800: 335.939: [GC (Allocation Failure) 2016-10-23T20:06:39.239+0800: 335.939: [ParNew
Desired survivor size 20112992 bytes, new threshold 8 (max 8)
- age   1:    2838000 bytes,    2838000 total
- age   2:     107616 bytes,    2945616 total
- age   3:    3641736 bytes,    6587352 total
- age   4:    1311296 bytes,    7898648 total
- age   5:    2002760 bytes,    9901408 total
- age   6:    1808984 bytes,   11710392 total
- age   7:    1842912 bytes,   13553304 total
- age   8:     963608 bytes,   14516912 total
: 109248K->17192K(109248K), 0.0095293 secs] 218705K->128572K(502464K), 0.0096237 secs] [Times: user=0.03 sys=0.00, real=0.01 secs] 
Heap after GC invocations=527 (full 21):
 par new generation   total 109248K, used 17192K [0x00000007a0000000, 0x00000007a8000000, 0x00000007a8000000)
  eden space 87424K,   0% used [0x00000007a0000000, 0x00000007a0000000, 0x00000007a5560000)
  from space 21824K,  78% used [0x00000007a6ab0000, 0x00000007a7b7a2e0, 0x00000007a8000000)
  to   space 21824K,   0% used [0x00000007a5560000, 0x00000007a5560000, 0x00000007a6ab0000)
 concurrent mark-sweep generation total 393216K, used 111379K [0x00000007a8000000, 0x00000007c0000000, 0x00000007c0000000)
 Metaspace       used 35633K, capacity 36228K, committed 36548K, reserved 1081344K
  class space    used 4095K, capacity 4247K, committed 4320K, reserved 1048576K
}
2016-10-23T20:06:39.249+0800: 335.948: Total time for which application threads were stopped: 0.0098129 seconds, Stopping threads took: 0.0000246 seconds
2016-10-23T20:06:39.351+0800: 336.051: Total time for which application threads were stopped: 0.0001029 seconds, Stopping threads took: 0.0000184 seconds
2016-10-23T20:06:39.352+0800: 336.052: Total time for which application threads were stopped: 0.0000526 seconds, Stopping threads took: 0.0000097 seconds
2016-10-23T20:06:39.352+0800: 336.052: Total time for which application threads were stopped: 0.0000349 seconds, Stopping threads took: 0.0000061 seconds
2016-10-23T20:06:39.352+0800: 336.052: Total time for which application threads were stopped: 0.0000331 seconds, Stopping threads took: 0.0000060 seconds
2016-10-23T20:06:39.352+0800: 336.052: Total time for which application threads were stopped: 0.0000321 seconds, Stopping threads took: 0.0000056 seconds
2016-10-23T20:06:39.352+0800: 336.052: Total time for which application threads were stopped: 0.0000313 seconds, Stopping threads took: 0.0000053 seconds
2016-10-23T20:06:39.352+0800: 336.052: Total time for which application threads were stopped: 0.0000315 seconds, Stopping threads took: 0.0000053 seconds
2016-10-23T20:06:39.352+0800: 336.052: Total time for which application threads were stopped: 0.0000309 seconds, Stopping threads took: 0.0000053 seconds
2016-10-23T20:06:39.352+0800: 336.052: Total time for which application threads were stopped: 0.0000311 seconds, Stopping threads took: 0.0000052 seconds
2016-10-23T20:06:39.353+0800: 336.052: Total time for which application threads were stopped: 0.0000413 seconds, Stopping threads took: 0.0000077 seconds
2016-10-23T20:06:39.353+0800: 336.052: Total time for which application threads were stopped: 0.0000337 seconds, Stopping threads took: 0.0000058 seconds
2016-10-23T20:06:39.353+0800: 336.052: Total time for which application threads were stopped: 0.0000309 seconds, Stopping threads took: 0.0000054 seconds
2016-10-23T20:06:39.356+0800: 336.056: Total time for which application threads were stopped: 0.0000799 seconds, Stopping threads took: 0.0000248 seconds
2016-10-23T20:06:39.356+0800: 336.056: Total time for which application threads were stopped: 0.0000516 seconds, Stopping threads took: 0.0000072 seconds
2016-10-23T20:06:39.412+0800: 336.112: Total time for which application threads were stopped: 0.0002938 seconds, Stopping threads took: 0.0000426 seconds
2016-10-23T20:06:50.765+0800: 347.465: Total time for which application threads were stopped: 0.0000919 seconds, Stopping threads took: 0.0000243 seconds
2016-10-23T20:06:50.765+0800: 347.465: Total time for which application threads were stopped: 0.0001267 seconds, Stopping threads took: 0.0000792 seconds
2016-10-23T20:06:50.765+0800: 347.466: Total time for which application threads were stopped: 0.0000621 seconds, Stopping threads took: 0.0000206 seconds
2016-10-23T20:06:50.766+0800: 347.466: Total time for which application threads were stopped: 0.0000433 seconds, Stopping threads took: 0.0000075 seconds
2016-10-23T20:06:50.766+0800: 347.466: Total time for which application threads were stopped: 0.0000502 seconds, Stopping threads took: 0.0000087 seconds
2016-10-23T20:06:50.766+0800: 347.466: Total time for which application threads were stopped: 0.0000698 seconds, Stopping threads took: 0.0000245 seconds
2016-10-23T20:06:50.766+0800: 347.466: Total time for which application threads were stopped: 0.0000663 seconds, Stopping threads took: 0.0000208 seconds
2016-10-23T20:06:50.766+0800: 347.466: Total time for which application threads were stopped: 0.0000522 seconds, Stopping threads took: 0.0000092 seconds
2016-10-23T20:06:50.766+0800: 347.466: Total time for which application threads were stopped: 0.0000508 seconds, Stopping threads took: 0.0000084 seconds
2016-10-23T20:06:50.766+0800: 347.467: Total time for which application threads were stopped: 0.0000641 seconds, Stopping threads took: 0.0000200 seconds
2016-10-23T20:06:50.767+0800: 347.467: Total time for which application threads were stopped: 0.0001167 seconds, Stopping threads took: 0.0000215 seconds
2016-10-23T20:06:50.767+0800: 347.467: Total time for which application threads were stopped: 0.0000503 seconds, Stopping threads took: 0.0000080 seconds
2016-10-23T20:06:50.767+0800: 347.467: Total time for which application threads were stopped: 0.0000436 seconds, Stopping threads took: 0.0000084 seconds
2016-10-23T20:06:50.769+0800: 347.469: Total time for which application threads were stopped: 0.0000542 seconds, Stopping threads took: 0.0000110 seconds
2016-10-23T20:06:50.785+0800: 347.485: Total time for which application threads were stopped: 0.0000906 seconds, Stopping threads took: 0.0000312 seconds
2016-10-23T20:06:50.785+0800: 347.485: Total time for which application threads were stopped: 0.0001069 seconds, Stopping threads took: 0.0000586 seconds
2016-10-23T20:06:50.785+0800: 347.486: Total time for which application threads were stopped: 0.0000672 seconds, Stopping threads took: 0.0000274 seconds
2016-10-23T20:06:50.786+0800: 347.486: Total time for which application threads were stopped: 0.0000691 seconds, Stopping threads took: 0.0000304 seconds
2016-10-23T20:06:50.786+0800: 347.486: Total time for which application threads were stopped: 0.0000769 seconds, Stopping threads took: 0.0000299 seconds
2016-10-23T20:06:50.786+0800: 347.486: Total time for which application threads were stopped: 0.0000941 seconds, Stopping threads took: 0.0000378 seconds
2016-10-23T20:06:50.786+0800: 347.486: Total time for which application threads were stopped: 0.0000743 seconds, Stopping threads took: 0.0000352 seconds
2016-10-23T20:06:50.786+0800: 347.486: Total time for which application threads were stopped: 0.0000676 seconds, Stopping threads took: 0.0000219 seconds
2016-10-23T20:06:50.786+0800: 347.486: Total time for which application threads were stopped: 0.0000745 seconds, Stopping threads took: 0.0000242 seconds
2016-10-23T20:06:50.786+0800: 347.487: Total time for which application threads were stopped: 0.0000855 seconds, Stopping threads took: 0.0000136 seconds
2016-10-23T20:06:50.787+0800: 347.487: Total time for which application threads were stopped: 0.0000637 seconds, Stopping threads took: 0.0000122 seconds
2016-10-23T20:06:50.787+0800: 347.487: Total time for which application threads were stopped: 0.0000785 seconds, Stopping threads took: 0.0000163 seconds
2016-10-23T20:06:50.787+0800: 347.487: Total time for which application threads were stopped: 0.0000624 seconds, Stopping threads took: 0.0000099 seconds
2016-10-23T20:06:50.787+0800: 347.487: Total time for which application threads were stopped: 0.0000836 seconds, Stopping threads took: 0.0000120 seconds
2016-10-23T20:06:51.788+0800: 348.488: Total time for which application threads were stopped: 0.0001345 seconds, Stopping threads took: 0.0000286 seconds
2016-10-23T20:06:56.798+0800: 353.498: Total time for which application threads were stopped: 0.0002693 seconds, Stopping threads took: 0.0000532 seconds
2016-10-23T20:10:24.429+0800: 561.135: Total time for which application threads were stopped: 0.0000850 seconds, Stopping threads took: 0.0000219 seconds
2016-10-23T20:10:24.429+0800: 561.135: Total time for which application threads were stopped: 0.0000610 seconds, Stopping threads took: 0.0000238 seconds
2016-10-23T20:10:24.429+0800: 561.135: Total time for which application threads were stopped: 0.0000711 seconds, Stopping threads took: 0.0000387 seconds
2016-10-23T20:10:24.431+0800: 561.137: Total time for which application threads were stopped: 0.0000674 seconds, Stopping threads took: 0.0000276 seconds
2016-10-23T20:10:24.431+0800: 561.137: Total time for which application threads were stopped: 0.0000442 seconds, Stopping threads took: 0.0000105 seconds
2016-10-23T20:10:24.490+0800: 561.196: Total time for which application threads were stopped: 0.0001316 seconds, Stopping threads took: 0.0000208 seconds
2016-10-23T20:10:25.493+0800: 562.199: Total time for which application threads were stopped: 0.0001747 seconds, Stopping threads took: 0.0000322 seconds
2016-10-23T20:10:32.783+0800: 569.490: Total time for which application threads were stopped: 0.0001169 seconds, Stopping threads took: 0.0000210 seconds
2016-10-23T20:10:33.786+0800: 570.492: Total time for which application threads were stopped: 0.0001441 seconds, Stopping threads took: 0.0000330 seconds
2016-10-23T20:10:38.873+0800: 575.579: Total time for which application threads were stopped: 0.0000851 seconds, Stopping threads took: 0.0000180 seconds
2016-10-23T20:10:38.880+0800: 575.587: Total time for which application threads were stopped: 0.0006106 seconds, Stopping threads took: 0.0000114 seconds
2016-10-23T20:10:39.885+0800: 576.592: Total time for which application threads were stopped: 0.0002403 seconds, Stopping threads took: 0.0000532 seconds
{Heap before GC invocations=527 (full 21):
 par new generation   total 109248K, used 104616K [0x00000007a0000000, 0x00000007a8000000, 0x00000007a8000000)
  eden space 87424K, 100% used [0x00000007a0000000, 0x00000007a5560000, 0x00000007a5560000)
  from space 21824K,  78% used [0x00000007a6ab0000, 0x00000007a7b7a2e0, 0x00000007a8000000)
  to   space 21824K,   0% used [0x00000007a5560000, 0x00000007a5560000, 0x00000007a6ab0000)
 concurrent mark-sweep generation total 393216K, used 111379K [0x00000007a8000000, 0x00000007c0000000, 0x00000007c0000000)
 Metaspace       used 36510K, capacity 37198K, committed 37444K, reserved 1083392K
  class space    used 4177K, capacity 4374K, committed 4448K, reserved 1048576K
2016-10-23T20:10:48.860+0800: 585.567: [GC (Allocation Failure) 2016-10-23T20:10:48.861+0800: 585.567: [ParNew
Desired survivor size 20112992 bytes, new threshold 8 (max 8)
- age   1:    5110824 bytes,    5110824 total
- age   2:    2428000 bytes,    7538824 total
- age   3:     107616 bytes,    7646440 total
- age   4:    3641736 bytes,   11288176 total
- age   5:    1311296 bytes,   12599472 total
- age   6:    2002760 bytes,   14602232 total
- age   7:    1808984 bytes,   16411216 total
- age   8:    1842912 bytes,   18254128 total
: 104616K->21824K(109248K), 0.0085297 secs] 215996K->134144K(502464K), 0.0086277 secs] [Times: user=0.03 sys=0.00, real=0.00 secs] 
Heap after GC invocations=528 (full 21):
 par new generation   total 109248K, used 21824K [0x00000007a0000000, 0x00000007a8000000, 0x00000007a8000000)
  eden space 87424K,   0% used [0x00000007a0000000, 0x00000007a0000000, 0x00000007a5560000)
  from space 21824K, 100% used [0x00000007a5560000, 0x00000007a6ab0000, 0x00000007a6ab0000)
  to   space 21824K,   0% used [0x00000007a6ab0000, 0x00000007a6ab0000, 0x00000007a8000000)
 concurrent mark-sweep generation total 393216K, used 112320K [0x00000007a8000000, 0x00000007c0000000, 0x00000007c0000000)
 Metaspace       used 36510K, capacity 37198K, committed 37444K, reserved 1083392K
  class space    used 4177K, capacity 4374K, committed 4448K, reserved 1048576K
}
2016-10-23T20:10:48.869+0800: 585.576: Total time for which application threads were stopped: 0.0088069 seconds, Stopping threads took: 0.0000228 seconds
2016-10-23T20:10:49.870+0800: 586.577: Total time for which application threads were stopped: 0.0001520 seconds, Stopping threads took: 0.0000319 seconds
2016-10-23T20:10:52.244+0800: 588.950: Total time for which application threads were stopped: 0.0000733 seconds, Stopping threads took: 0.0000155 seconds
2016-10-23T20:10:53.244+0800: 589.951: Total time for which application threads were stopped: 0.0000965 seconds, Stopping threads took: 0.0000212 seconds
2016-10-23T20:10:54.247+0800: 590.954: Total time for which application threads were stopped: 0.0001143 seconds, Stopping threads took: 0.0000231 seconds
2016-10-23T20:11:01.258+0800: 597.965: Total time for which application threads were stopped: 0.0000953 seconds, Stopping threads took: 0.0000202 seconds
2016-10-23T20:11:08.274+0800: 604.981: Total time for which application threads were stopped: 0.0001674 seconds, Stopping threads took: 0.0000341 seconds
2016-10-23T20:11:12.283+0800: 608.991: Total time for which application threads were stopped: 0.0002654 seconds, Stopping threads took: 0.0000543 seconds
2016-10-23T20:11:13.286+0800: 609.993: Total time for which application threads were stopped: 0.0002259 seconds, Stopping threads took: 0.0000524 seconds
2016-10-23T20:11:13.682+0800: 610.390: Total time for which application threads were stopped: 0.0000873 seconds, Stopping threads took: 0.0000186 seconds
2016-10-23T20:11:14.683+0800: 611.390: Total time for which application threads were stopped: 0.0001611 seconds, Stopping threads took: 0.0000301 seconds
2016-10-23T20:11:45.525+0800: 642.233: Total time for which application threads were stopped: 0.0000919 seconds, Stopping threads took: 0.0000224 seconds
2016-10-23T20:11:45.527+0800: 642.235: Total time for which application threads were stopped: 0.0006168 seconds, Stopping threads took: 0.0000104 seconds
{Heap before GC invocations=528 (full 21):
 par new generation   total 109248K, used 109248K [0x00000007a0000000, 0x00000007a8000000, 0x00000007a8000000)
  eden space 87424K, 100% used [0x00000007a0000000, 0x00000007a5560000, 0x00000007a5560000)
  from space 21824K, 100% used [0x00000007a5560000, 0x00000007a6ab0000, 0x00000007a6ab0000)
  to   space 21824K,   0% used [0x00000007a6ab0000, 0x00000007a6ab0000, 0x00000007a8000000)
 concurrent mark-sweep generation total 393216K, used 112320K [0x00000007a8000000, 0x00000007c0000000, 0x00000007c0000000)
 Metaspace       used 36880K, capacity 37594K, committed 37700K, reserved 1083392K
  class space    used 4200K, capacity 4386K, committed 4448K, reserved 1048576K
2016-10-23T20:11:45.553+0800: 642.261: [GC (Allocation Failure) 2016-10-23T20:11:45.553+0800: 642.261: [ParNew
Desired survivor size 20112992 bytes, new threshold 8 (max 8)
- age   1:    3453152 bytes,    3453152 total
- age   2:    1646840 bytes,    5099992 total
- age   3:    2426672 bytes,    7526664 total
- age   4:     106512 bytes,    7633176 total
- age   5:    3688400 bytes,   11321576 total
- age   6:    1229416 bytes,   12550992 total
- age   7:    1967912 bytes,   14518904 total
- age   8:    1794424 bytes,   16313328 total
: 109248K->21824K(109248K), 0.0079881 secs] 221568K->136133K(502464K), 0.0080560 secs] [Times: user=0.03 sys=0.00, real=0.01 secs] 
Heap after GC invocations=529 (full 21):
 par new generation   total 109248K, used 21824K [0x00000007a0000000, 0x00000007a8000000, 0x00000007a8000000)
  eden space 87424K,   0% used [0x00000007a0000000, 0x00000007a0000000, 0x00000007a5560000)
  from space 21824K, 100% used [0x00000007a6ab0000, 0x00000007a8000000, 0x00000007a8000000)
  to   space 21824K,   0% used [0x00000007a5560000, 0x00000007a5560000, 0x00000007a6ab0000)
 concurrent mark-sweep generation total 393216K, used 114309K [0x00000007a8000000, 0x00000007c0000000, 0x00000007c0000000)
 Metaspace       used 36880K, capacity 37594K, committed 37700K, reserved 1083392K
  class space    used 4200K, capacity 4386K, committed 4448K, reserved 1048576K
}
2016-10-23T20:11:45.561+0800: 642.269: Total time for which application threads were stopped: 0.0082173 seconds, Stopping threads took: 0.0000250 seconds
2016-10-23T20:11:46.562+0800: 643.271: Total time for which application threads were stopped: 0.0002162 seconds, Stopping threads took: 0.0000539 seconds
2016-10-23T20:12:07.303+0800: 664.012: Total time for which application threads were stopped: 0.0000991 seconds, Stopping threads took: 0.0000197 seconds
2016-10-23T20:12:08.304+0800: 665.013: Total time for which application threads were stopped: 0.0000941 seconds, Stopping threads took: 0.0000211 seconds
2016-10-23T20:12:15.326+0800: 672.035: Total time for which application threads were stopped: 0.0001263 seconds, Stopping threads took: 0.0000316 seconds
2016-10-23T20:12:20.331+0800: 677.041: Total time for which application threads were stopped: 0.0001304 seconds, Stopping threads took: 0.0000328 seconds
2016-10-23T20:12:42.206+0800: 698.916: Total time for which application threads were stopped: 0.0000719 seconds, Stopping threads took: 0.0000154 seconds
2016-10-23T20:12:42.207+0800: 698.917: Total time for which application threads were stopped: 0.0006333 seconds, Stopping threads took: 0.0000068 seconds
2016-10-23T20:12:42.211+0800: 698.921: Total time for which application threads were stopped: 0.0001237 seconds, Stopping threads took: 0.0000614 seconds
2016-10-23T20:12:42.213+0800: 698.924: Total time for which application threads were stopped: 0.0000878 seconds, Stopping threads took: 0.0000281 seconds
2016-10-23T20:12:42.214+0800: 698.924: Total time for which application threads were stopped: 0.0000794 seconds, Stopping threads took: 0.0000304 seconds
2016-10-23T20:12:42.214+0800: 698.924: Total time for which application threads were stopped: 0.0000527 seconds, Stopping threads took: 0.0000076 seconds
2016-10-23T20:12:42.214+0800: 698.924: Total time for which application threads were stopped: 0.0000488 seconds, Stopping threads took: 0.0000068 seconds
2016-10-23T20:12:42.215+0800: 698.925: Total time for which application threads were stopped: 0.0000646 seconds, Stopping threads took: 0.0000195 seconds
2016-10-23T20:12:42.215+0800: 698.925: Total time for which application threads were stopped: 0.0000849 seconds, Stopping threads took: 0.0000066 seconds
2016-10-23T20:12:42.219+0800: 698.929: Total time for which application threads were stopped: 0.0001061 seconds, Stopping threads took: 0.0000374 seconds
2016-10-23T20:12:42.222+0800: 698.932: Total time for which application threads were stopped: 0.0000941 seconds, Stopping threads took: 0.0000332 seconds
2016-10-23T20:12:42.222+0800: 698.932: Total time for which application threads were stopped: 0.0000657 seconds, Stopping threads took: 0.0000211 seconds
2016-10-23T20:12:42.222+0800: 698.932: Total time for which application threads were stopped: 0.0000599 seconds, Stopping threads took: 0.0000191 seconds
2016-10-23T20:12:42.222+0800: 698.932: Total time for which application threads were stopped: 0.0000607 seconds, Stopping threads took: 0.0000217 seconds
2016-10-23T20:12:42.222+0800: 698.932: Total time for which application threads were stopped: 0.0000594 seconds, Stopping threads took: 0.0000208 seconds
2016-10-23T20:12:42.222+0800: 698.933: Total time for which application threads were stopped: 0.0000572 seconds, Stopping threads took: 0.0000196 seconds
2016-10-23T20:12:42.223+0800: 698.933: Total time for which application threads were stopped: 0.0000733 seconds, Stopping threads took: 0.0000213 seconds
2016-10-23T20:12:42.223+0800: 698.933: Total time for which application threads were stopped: 0.0000477 seconds, Stopping threads took: 0.0000078 seconds
2016-10-23T20:12:42.223+0800: 698.933: Total time for which application threads were stopped: 0.0000814 seconds, Stopping threads took: 0.0000355 seconds
2016-10-23T20:12:42.223+0800: 698.933: Total time for which application threads were stopped: 0.0000605 seconds, Stopping threads took: 0.0000209 seconds
2016-10-23T20:12:42.223+0800: 698.933: Total time for which application threads were stopped: 0.0000653 seconds, Stopping threads took: 0.0000194 seconds
2016-10-23T20:12:42.223+0800: 698.933: Total time for which application threads were stopped: 0.0000608 seconds, Stopping threads took: 0.0000255 seconds
2016-10-23T20:12:42.224+0800: 698.934: Total time for which application threads were stopped: 0.0000669 seconds, Stopping threads took: 0.0000276 seconds
2016-10-23T20:12:42.224+0800: 698.934: Total time for which application threads were stopped: 0.0000680 seconds, Stopping threads took: 0.0000187 seconds
2016-10-23T20:12:42.224+0800: 698.934: Total time for which application threads were stopped: 0.0000705 seconds, Stopping threads took: 0.0000253 seconds
2016-10-23T20:12:42.224+0800: 698.934: Total time for which application threads were stopped: 0.0000602 seconds, Stopping threads took: 0.0000239 seconds
2016-10-23T20:12:42.224+0800: 698.935: Total time for which application threads were stopped: 0.0000677 seconds, Stopping threads took: 0.0000234 seconds
2016-10-23T20:12:42.225+0800: 698.935: Total time for which application threads were stopped: 0.0000663 seconds, Stopping threads took: 0.0000212 seconds
2016-10-23T20:12:42.225+0800: 698.935: Total time for which application threads were stopped: 0.0000600 seconds, Stopping threads took: 0.0000209 seconds
2016-10-23T20:12:42.225+0800: 698.935: Total time for which application threads were stopped: 0.0000730 seconds, Stopping threads took: 0.0000261 seconds
2016-10-23T20:12:42.225+0800: 698.935: Total time for which application threads were stopped: 0.0000895 seconds, Stopping threads took: 0.0000314 seconds
2016-10-23T20:12:42.225+0800: 698.935: Total time for which application threads were stopped: 0.0000699 seconds, Stopping threads took: 0.0000277 seconds
2016-10-23T20:12:42.226+0800: 698.936: Total time for which application threads were stopped: 0.0000593 seconds, Stopping threads took: 0.0000206 seconds
2016-10-23T20:12:42.226+0800: 698.936: Total time for which application threads were stopped: 0.0001459 seconds, Stopping threads took: 0.0000173 seconds
2016-10-23T20:12:42.226+0800: 698.936: Total time for which application threads were stopped: 0.0000645 seconds, Stopping threads took: 0.0000251 seconds
2016-10-23T20:12:42.226+0800: 698.936: Total time for which application threads were stopped: 0.0000616 seconds, Stopping threads took: 0.0000227 seconds
2016-10-23T20:12:42.226+0800: 698.937: Total time for which application threads were stopped: 0.0000443 seconds, Stopping threads took: 0.0000073 seconds
2016-10-23T20:12:42.227+0800: 698.937: Total time for which application threads were stopped: 0.0001233 seconds, Stopping threads took: 0.0000073 seconds
2016-10-23T20:12:42.228+0800: 698.938: Total time for which application threads were stopped: 0.0000815 seconds, Stopping threads took: 0.0000232 seconds
2016-10-23T20:12:42.230+0800: 698.940: Total time for which application threads were stopped: 0.0000978 seconds, Stopping threads took: 0.0000277 seconds
2016-10-23T20:12:42.234+0800: 698.944: Total time for which application threads were stopped: 0.0000928 seconds, Stopping threads took: 0.0000328 seconds
2016-10-23T20:12:42.235+0800: 698.946: Total time for which application threads were stopped: 0.0000812 seconds, Stopping threads took: 0.0000356 seconds
2016-10-23T20:12:42.236+0800: 698.946: Total time for which application threads were stopped: 0.0000695 seconds, Stopping threads took: 0.0000487 seconds
2016-10-23T20:12:42.236+0800: 698.946: Total time for which application threads were stopped: 0.0000496 seconds, Stopping threads took: 0.0000277 seconds
2016-10-23T20:12:42.236+0800: 698.946: Total time for which application threads were stopped: 0.0001728 seconds, Stopping threads took: 0.0001500 seconds
2016-10-23T20:12:42.236+0800: 698.946: Total time for which application threads were stopped: 0.0000307 seconds, Stopping threads took: 0.0000080 seconds
Heap
 par new generation   total 109248K, used 44613K [0x00000007a0000000, 0x00000007a8000000, 0x00000007a8000000)
  eden space 87424K,  26% used [0x00000007a0000000, 0x00000007a1641438, 0x00000007a5560000)
  from space 21824K, 100% used [0x00000007a6ab0000, 0x00000007a8000000, 0x00000007a8000000)
  to   space 21824K,   0% used [0x00000007a5560000, 0x00000007a5560000, 0x00000007a6ab0000)
 concurrent mark-sweep generation total 393216K, used 114309K [0x00000007a8000000, 0x00000007c0000000, 0x00000007c0000000)
 Metaspace       used 36979K, capacity 37680K, committed 37956K, reserved 1083392K
  class space    used 4211K, capacity 4391K, committed 4448K, reserved 1048576K
