Java HotSpot(TM) 64-Bit Server VM (25.92-b14) for bsd-amd64 JRE (1.8.0_92-b14), built on Mar 31 2016 21:23:14 by "java_re" with gcc 4.2.1 (Based on Apple Inc. build 5658) (LLVM build 2336.11.00)
Memory: 4k page, physical 16777216k(169836k free)

/proc/meminfo:

CommandLine flags: -XX:CMSInitiatingOccupancyFraction=50 -XX:CMSMaxAbortablePrecleanTime=6000 -XX:+CMSParallelRemarkEnabled -XX:+CMSScavengeBeforeRemark -XX:ConcGCThreads=4 -XX:InitialHeapSize=536870912 -XX:MaxHeapSize=536870912 -XX:MaxTenuringThreshold=8 -XX:NewRatio=3 -XX:OldPLABSize=16 -XX:OnOutOfMemoryError=/Users/pparthasarathy/solr-6.2.1/bin/oom_solr.sh 8983 /Users/pparthasarathy/solr-6.2.1/server/logs -XX:ParallelGCThreads=4 -XX:+ParallelRefProcEnabled -XX:PretenureSizeThreshold=67108864 -XX:+PrintGC -XX:+PrintGCApplicationStoppedTime -XX:+PrintGCDateStamps -XX:+PrintGCDetails -XX:+PrintGCTimeStamps -XX:+PrintHeapAtGC -XX:+PrintTenuringDistribution -XX:SurvivorRatio=4 -XX:TargetSurvivorRatio=90 -XX:ThreadStackSize=256 -XX:+UseCMSInitiatingOccupancyOnly -XX:+UseCompressedClassPointers -XX:+UseCompressedOops -XX:+UseConcMarkSweepGC -XX:+UseParNewGC 
2016-10-23T19:06:16.002+0800: 0.172: Total time for which application threads were stopped: 0.0000808 seconds, Stopping threads took: 0.0000120 seconds
2016-10-23T19:06:16.067+0800: 0.238: Total time for which application threads were stopped: 0.0001316 seconds, Stopping threads took: 0.0000141 seconds
2016-10-23T19:06:16.230+0800: 0.401: Total time for which application threads were stopped: 0.0001442 seconds, Stopping threads took: 0.0000133 seconds
2016-10-23T19:06:16.392+0800: 0.563: Total time for which application threads were stopped: 0.0003091 seconds, Stopping threads took: 0.0000136 seconds
2016-10-23T19:06:16.436+0800: 0.606: Total time for which application threads were stopped: 0.0001751 seconds, Stopping threads took: 0.0000237 seconds
2016-10-23T19:06:16.449+0800: 0.620: Total time for which application threads were stopped: 0.0001509 seconds, Stopping threads took: 0.0000144 seconds
2016-10-23T19:06:16.592+0800: 0.763: Total time for which application threads were stopped: 0.0002473 seconds, Stopping threads took: 0.0000289 seconds
2016-10-23T19:06:16.797+0800: 0.968: Total time for which application threads were stopped: 0.0002793 seconds, Stopping threads took: 0.0000168 seconds
2016-10-23T19:06:16.799+0800: 0.970: Total time for which application threads were stopped: 0.0002122 seconds, Stopping threads took: 0.0000149 seconds
2016-10-23T19:06:16.804+0800: 0.974: Total time for which application threads were stopped: 0.0002130 seconds, Stopping threads took: 0.0000158 seconds
2016-10-23T19:06:16.822+0800: 0.993: Total time for which application threads were stopped: 0.0002092 seconds, Stopping threads took: 0.0000149 seconds
2016-10-23T19:06:17.053+0800: 1.224: Total time for which application threads were stopped: 0.0002785 seconds, Stopping threads took: 0.0000179 seconds
{Heap before GC invocations=0 (full 0):
 par new generation   total 109248K, used 87424K [0x00000007a0000000, 0x00000007a8000000, 0x00000007a8000000)
  eden space 87424K, 100% used [0x00000007a0000000, 0x00000007a5560000, 0x00000007a5560000)
  from space 21824K,   0% used [0x00000007a5560000, 0x00000007a5560000, 0x00000007a6ab0000)
  to   space 21824K,   0% used [0x00000007a6ab0000, 0x00000007a6ab0000, 0x00000007a8000000)
 concurrent mark-sweep generation total 393216K, used 0K [0x00000007a8000000, 0x00000007c0000000, 0x00000007c0000000)
 Metaspace       used 18007K, capacity 18330K, committed 18688K, reserved 1064960K
  class space    used 2104K, capacity 2194K, committed 2304K, reserved 1048576K
2016-10-23T19:06:17.107+0800: 1.278: [GC (Allocation Failure) 2016-10-23T19:06:17.107+0800: 1.278: [ParNew
Desired survivor size 20112992 bytes, new threshold 8 (max 8)
- age   1:   11165032 bytes,   11165032 total
: 87424K->11021K(109248K), 0.0101687 secs] 87424K->11021K(502464K), 0.0102352 secs] [Times: user=0.03 sys=0.01, real=0.01 secs] 
Heap after GC invocations=1 (full 0):
 par new generation   total 109248K, used 11021K [0x00000007a0000000, 0x00000007a8000000, 0x00000007a8000000)
  eden space 87424K,   0% used [0x00000007a0000000, 0x00000007a0000000, 0x00000007a5560000)
  from space 21824K,  50% used [0x00000007a6ab0000, 0x00000007a7573650, 0x00000007a8000000)
  to   space 21824K,   0% used [0x00000007a5560000, 0x00000007a5560000, 0x00000007a6ab0000)
 concurrent mark-sweep generation total 393216K, used 0K [0x00000007a8000000, 0x00000007c0000000, 0x00000007c0000000)
 Metaspace       used 18007K, capacity 18330K, committed 18688K, reserved 1064960K
  class space    used 2104K, capacity 2194K, committed 2304K, reserved 1048576K
}
2016-10-23T19:06:17.117+0800: 1.288: Total time for which application threads were stopped: 0.0104414 seconds, Stopping threads took: 0.0000223 seconds
2016-10-23T19:06:17.281+0800: 1.452: Total time for which application threads were stopped: 0.0003375 seconds, Stopping threads took: 0.0000174 seconds
2016-10-23T19:06:17.316+0800: 1.487: Total time for which application threads were stopped: 0.0003022 seconds, Stopping threads took: 0.0000151 seconds
2016-10-23T19:06:17.341+0800: 1.512: Total time for which application threads were stopped: 0.0002158 seconds, Stopping threads took: 0.0000209 seconds
2016-10-23T19:06:17.441+0800: 1.612: Total time for which application threads were stopped: 0.0001474 seconds, Stopping threads took: 0.0000257 seconds
2016-10-23T19:06:17.473+0800: 1.644: Total time for which application threads were stopped: 0.0000866 seconds, Stopping threads took: 0.0000121 seconds
2016-10-23T19:06:17.494+0800: 1.665: Total time for which application threads were stopped: 0.0000653 seconds, Stopping threads took: 0.0000120 seconds
{Heap before GC invocations=1 (full 0):
 par new generation   total 109248K, used 98445K [0x00000007a0000000, 0x00000007a8000000, 0x00000007a8000000)
  eden space 87424K, 100% used [0x00000007a0000000, 0x00000007a5560000, 0x00000007a5560000)
  from space 21824K,  50% used [0x00000007a6ab0000, 0x00000007a7573650, 0x00000007a8000000)
  to   space 21824K,   0% used [0x00000007a5560000, 0x00000007a5560000, 0x00000007a6ab0000)
 concurrent mark-sweep generation total 393216K, used 0K [0x00000007a8000000, 0x00000007c0000000, 0x00000007c0000000)
 Metaspace       used 21555K, capacity 21874K, committed 22216K, reserved 1069056K
  class space    used 2570K, capacity 2676K, committed 2736K, reserved 1048576K
2016-10-23T19:06:17.501+0800: 1.672: [GC (Allocation Failure) 2016-10-23T19:06:17.501+0800: 1.672: [ParNew
Desired survivor size 20112992 bytes, new threshold 8 (max 8)
- age   1:    4573184 bytes,    4573184 total
- age   2:    5469864 bytes,   10043048 total
: 98445K->12001K(109248K), 0.0092283 secs] 98445K->12001K(502464K), 0.0092872 secs] [Times: user=0.03 sys=0.01, real=0.01 secs] 
Heap after GC invocations=2 (full 0):
 par new generation   total 109248K, used 12001K [0x00000007a0000000, 0x00000007a8000000, 0x00000007a8000000)
  eden space 87424K,   0% used [0x00000007a0000000, 0x00000007a0000000, 0x00000007a5560000)
  from space 21824K,  54% used [0x00000007a5560000, 0x00000007a6118440, 0x00000007a6ab0000)
  to   space 21824K,   0% used [0x00000007a6ab0000, 0x00000007a6ab0000, 0x00000007a8000000)
 concurrent mark-sweep generation total 393216K, used 0K [0x00000007a8000000, 0x00000007c0000000, 0x00000007c0000000)
 Metaspace       used 21555K, capacity 21874K, committed 22216K, reserved 1069056K
  class space    used 2570K, capacity 2676K, committed 2736K, reserved 1048576K
}
2016-10-23T19:06:17.511+0800: 1.681: Total time for which application threads were stopped: 0.0094190 seconds, Stopping threads took: 0.0000262 seconds
2016-10-23T19:06:17.511+0800: 1.682: [GC (CMS Initial Mark) [1 CMS-initial-mark: 0K(393216K)] 13226K(502464K), 0.0017190 secs] [Times: user=0.01 sys=0.00, real=0.00 secs] 
2016-10-23T19:06:17.513+0800: 1.683: Total time for which application threads were stopped: 0.0018211 seconds, Stopping threads took: 0.0000344 seconds
2016-10-23T19:06:17.513+0800: 1.683: [CMS-concurrent-mark-start]
2016-10-23T19:06:17.513+0800: 1.684: [CMS-concurrent-mark: 0.001/0.001 secs] [Times: user=0.00 sys=0.00, real=0.00 secs] 
2016-10-23T19:06:17.513+0800: 1.684: [CMS-concurrent-preclean-start]
2016-10-23T19:06:17.514+0800: 1.685: [CMS-concurrent-preclean: 0.001/0.001 secs] [Times: user=0.00 sys=0.00, real=0.00 secs] 
2016-10-23T19:06:17.515+0800: 1.686: [CMS-concurrent-abortable-preclean-start]
2016-10-23T19:06:17.612+0800: 1.783: Total time for which application threads were stopped: 0.0001411 seconds, Stopping threads took: 0.0000212 seconds
{Heap before GC invocations=2 (full 1):
 par new generation   total 109248K, used 99425K [0x00000007a0000000, 0x00000007a8000000, 0x00000007a8000000)
  eden space 87424K, 100% used [0x00000007a0000000, 0x00000007a5560000, 0x00000007a5560000)
  from space 21824K,  54% used [0x00000007a5560000, 0x00000007a6118440, 0x00000007a6ab0000)
  to   space 21824K,   0% used [0x00000007a6ab0000, 0x00000007a6ab0000, 0x00000007a8000000)
 concurrent mark-sweep generation total 393216K, used 0K [0x00000007a8000000, 0x00000007c0000000, 0x00000007c0000000)
 Metaspace       used 21965K, capacity 22282K, committed 22624K, reserved 1069056K
  class space    used 2623K, capacity 2744K, committed 2864K, reserved 1048576K
2016-10-23T19:06:17.629+0800: 1.800: [GC (Allocation Failure) 2016-10-23T19:06:17.629+0800: 1.800: [ParNew
Desired survivor size 20112992 bytes, new threshold 8 (max 8)
- age   1:     575648 bytes,     575648 total
- age   2:    1456488 bytes,    2032136 total
- age   3:    5457472 bytes,    7489608 total
: 99425K->11337K(109248K), 0.0057611 secs] 99425K->11337K(502464K), 0.0058193 secs] [Times: user=0.02 sys=0.00, real=0.01 secs] 
Heap after GC invocations=3 (full 1):
 par new generation   total 109248K, used 11337K [0x00000007a0000000, 0x00000007a8000000, 0x00000007a8000000)
  eden space 87424K,   0% used [0x00000007a0000000, 0x00000007a0000000, 0x00000007a5560000)
  from space 21824K,  51% used [0x00000007a6ab0000, 0x00000007a75c2718, 0x00000007a8000000)
  to   space 21824K,   0% used [0x00000007a5560000, 0x00000007a5560000, 0x00000007a6ab0000)
 concurrent mark-sweep generation total 393216K, used 0K [0x00000007a8000000, 0x00000007c0000000, 0x00000007c0000000)
 Metaspace       used 21965K, capacity 22282K, committed 22624K, reserved 1069056K
  class space    used 2623K, capacity 2744K, committed 2864K, reserved 1048576K
}
2016-10-23T19:06:17.635+0800: 1.806: Total time for which application threads were stopped: 0.0059530 seconds, Stopping threads took: 0.0000164 seconds
2016-10-23T19:06:17.664+0800: 1.835: Total time for which application threads were stopped: 0.0001235 seconds, Stopping threads took: 0.0000370 seconds
2016-10-23T19:06:17.664+0800: 1.835: [CMS-concurrent-abortable-preclean: 0.064/0.149 secs] [Times: user=0.48 sys=0.01, real=0.15 secs] 
2016-10-23T19:06:17.664+0800: 1.835: [GC (CMS Final Remark) [YG occupancy: 32638 K (109248 K)]{Heap before GC invocations=3 (full 1):
 par new generation   total 109248K, used 32638K [0x00000007a0000000, 0x00000007a8000000, 0x00000007a8000000)
  eden space 87424K,  24% used [0x00000007a0000000, 0x00000007a14cd1e0, 0x00000007a5560000)
  from space 21824K,  51% used [0x00000007a6ab0000, 0x00000007a75c2718, 0x00000007a8000000)
  to   space 21824K,   0% used [0x00000007a5560000, 0x00000007a5560000, 0x00000007a6ab0000)
 concurrent mark-sweep generation total 393216K, used 0K [0x00000007a8000000, 0x00000007c0000000, 0x00000007c0000000)
 Metaspace       used 22140K, capacity 22480K, committed 22880K, reserved 1069056K
  class space    used 2641K, capacity 2745K, committed 2864K, reserved 1048576K
2016-10-23T19:06:17.664+0800: 1.835: [GC (CMS Final Remark) 2016-10-23T19:06:17.664+0800: 1.835: [ParNew
Desired survivor size 20112992 bytes, new threshold 8 (max 8)
- age   1:     158800 bytes,     158800 total
- age   2:     161776 bytes,     320576 total
- age   3:    1442456 bytes,    1763032 total
- age   4:    5457280 bytes,    7220312 total
: 32638K->9216K(109248K), 0.0056234 secs] 32638K->9216K(502464K), 0.0056689 secs] [Times: user=0.02 sys=0.00, real=0.01 secs] 
Heap after GC invocations=4 (full 1):
 par new generation   total 109248K, used 9216K [0x00000007a0000000, 0x00000007a8000000, 0x00000007a8000000)
  eden space 87424K,   0% used [0x00000007a0000000, 0x00000007a0000000, 0x00000007a5560000)
  from space 21824K,  42% used [0x00000007a5560000, 0x00000007a5e60048, 0x00000007a6ab0000)
  to   space 21824K,   0% used [0x00000007a6ab0000, 0x00000007a6ab0000, 0x00000007a8000000)
 concurrent mark-sweep generation total 393216K, used 0K [0x00000007a8000000, 0x00000007c0000000, 0x00000007c0000000)
 Metaspace       used 22140K, capacity 22480K, committed 22880K, reserved 1069056K
  class space    used 2641K, capacity 2745K, committed 2864K, reserved 1048576K
}
2016-10-23T19:06:17.670+0800: 1.841: [Rescan (parallel) , 0.0017921 secs]2016-10-23T19:06:17.672+0800: 1.842: [weak refs processing, 0.0007242 secs]2016-10-23T19:06:17.672+0800: 1.843: [class unloading, 0.0034402 secs]2016-10-23T19:06:17.676+0800: 1.847: [scrub symbol table, 0.0026243 secs]2016-10-23T19:06:17.678+0800: 1.849: [scrub string table, 0.0002369 secs][1 CMS-remark: 0K(393216K)] 9216K(502464K), 0.0152229 secs] [Times: user=0.04 sys=0.00, real=0.01 secs] 
2016-10-23T19:06:17.679+0800: 1.850: Total time for which application threads were stopped: 0.0154202 seconds, Stopping threads took: 0.0001316 seconds
2016-10-23T19:06:17.679+0800: 1.850: [CMS-concurrent-sweep-start]
2016-10-23T19:06:17.679+0800: 1.850: [CMS-concurrent-sweep: 0.000/0.000 secs] [Times: user=0.00 sys=0.00, real=0.00 secs] 
2016-10-23T19:06:17.679+0800: 1.850: [CMS-concurrent-reset-start]
2016-10-23T19:06:17.682+0800: 1.853: [CMS-concurrent-reset: 0.003/0.003 secs] [Times: user=0.00 sys=0.00, real=0.01 secs] 
2016-10-23T19:06:17.709+0800: 1.880: Total time for which application threads were stopped: 0.0003472 seconds, Stopping threads took: 0.0000303 seconds
2016-10-23T19:06:17.752+0800: 1.922: Total time for which application threads were stopped: 0.0003358 seconds, Stopping threads took: 0.0000182 seconds
2016-10-23T19:06:17.875+0800: 2.046: Total time for which application threads were stopped: 0.0004249 seconds, Stopping threads took: 0.0000174 seconds
2016-10-23T19:06:17.883+0800: 2.054: Total time for which application threads were stopped: 0.0003927 seconds, Stopping threads took: 0.0000185 seconds
2016-10-23T19:06:18.216+0800: 2.387: Total time for which application threads were stopped: 0.0004274 seconds, Stopping threads took: 0.0000158 seconds
{Heap before GC invocations=4 (full 1):
 par new generation   total 109248K, used 96640K [0x00000007a0000000, 0x00000007a8000000, 0x00000007a8000000)
  eden space 87424K, 100% used [0x00000007a0000000, 0x00000007a5560000, 0x00000007a5560000)
  from space 21824K,  42% used [0x00000007a5560000, 0x00000007a5e60048, 0x00000007a6ab0000)
  to   space 21824K,   0% used [0x00000007a6ab0000, 0x00000007a6ab0000, 0x00000007a8000000)
 concurrent mark-sweep generation total 393216K, used 0K [0x00000007a8000000, 0x00000007c0000000, 0x00000007c0000000)
 Metaspace       used 27491K, capacity 27872K, committed 28336K, reserved 1075200K
  class space    used 3271K, capacity 3411K, committed 3504K, reserved 1048576K
2016-10-23T19:06:18.244+0800: 2.415: [GC (Allocation Failure) 2016-10-23T19:06:18.244+0800: 2.415: [ParNew
Desired survivor size 20112992 bytes, new threshold 8 (max 8)
- age   1:   10065016 bytes,   10065016 total
- age   2:      42264 bytes,   10107280 total
- age   3:     159168 bytes,   10266448 total
- age   4:     859360 bytes,   11125808 total
- age   5:    5451712 bytes,   16577520 total
: 96640K->19457K(109248K), 0.0132043 secs] 96640K->19457K(502464K), 0.0132593 secs] [Times: user=0.07 sys=0.01, real=0.01 secs] 
Heap after GC invocations=5 (full 1):
 par new generation   total 109248K, used 19457K [0x00000007a0000000, 0x00000007a8000000, 0x00000007a8000000)
  eden space 87424K,   0% used [0x00000007a0000000, 0x00000007a0000000, 0x00000007a5560000)
  from space 21824K,  89% used [0x00000007a6ab0000, 0x00000007a7db0688, 0x00000007a8000000)
  to   space 21824K,   0% used [0x00000007a5560000, 0x00000007a5560000, 0x00000007a6ab0000)
 concurrent mark-sweep generation total 393216K, used 0K [0x00000007a8000000, 0x00000007c0000000, 0x00000007c0000000)
 Metaspace       used 27491K, capacity 27872K, committed 28336K, reserved 1075200K
  class space    used 3271K, capacity 3411K, committed 3504K, reserved 1048576K
}
2016-10-23T19:06:18.258+0800: 2.429: Total time for which application threads were stopped: 0.0134187 seconds, Stopping threads took: 0.0000149 seconds
2016-10-23T19:06:19.258+0800: 3.429: Total time for which application threads were stopped: 0.0001427 seconds, Stopping threads took: 0.0000204 seconds
2016-10-23T19:06:19.923+0800: 4.094: Total time for which application threads were stopped: 0.0006164 seconds, Stopping threads took: 0.0000483 seconds
2016-10-23T19:07:03.556+0800: 47.728: Total time for which application threads were stopped: 0.0000709 seconds, Stopping threads took: 0.0000160 seconds
2016-10-23T19:07:03.556+0800: 47.729: Total time for which application threads were stopped: 0.0000506 seconds, Stopping threads took: 0.0000231 seconds
2016-10-23T19:07:03.557+0800: 47.729: Total time for which application threads were stopped: 0.0000445 seconds, Stopping threads took: 0.0000215 seconds
2016-10-23T19:07:03.557+0800: 47.729: Total time for which application threads were stopped: 0.0001294 seconds, Stopping threads took: 0.0000750 seconds
2016-10-23T19:07:03.557+0800: 47.730: Total time for which application threads were stopped: 0.0000471 seconds, Stopping threads took: 0.0000142 seconds
2016-10-23T19:07:03.558+0800: 47.730: Total time for which application threads were stopped: 0.0000950 seconds, Stopping threads took: 0.0000318 seconds
2016-10-23T19:07:03.558+0800: 47.731: Total time for which application threads were stopped: 0.0001569 seconds, Stopping threads took: 0.0001159 seconds
2016-10-23T19:07:03.561+0800: 47.733: Total time for which application threads were stopped: 0.0000726 seconds, Stopping threads took: 0.0000285 seconds
2016-10-23T19:07:03.561+0800: 47.733: Total time for which application threads were stopped: 0.0000596 seconds, Stopping threads took: 0.0000177 seconds
2016-10-23T19:07:03.561+0800: 47.733: Total time for which application threads were stopped: 0.0000794 seconds, Stopping threads took: 0.0000393 seconds
2016-10-23T19:07:03.561+0800: 47.733: Total time for which application threads were stopped: 0.0000916 seconds, Stopping threads took: 0.0000271 seconds
2016-10-23T19:07:03.563+0800: 47.736: Total time for which application threads were stopped: 0.0000833 seconds, Stopping threads took: 0.0000376 seconds
2016-10-23T19:07:03.564+0800: 47.736: Total time for which application threads were stopped: 0.0001317 seconds, Stopping threads took: 0.0000327 seconds
2016-10-23T19:07:03.564+0800: 47.737: Total time for which application threads were stopped: 0.0001127 seconds, Stopping threads took: 0.0000554 seconds
2016-10-23T19:07:03.565+0800: 47.737: Total time for which application threads were stopped: 0.0001016 seconds, Stopping threads took: 0.0000392 seconds
2016-10-23T19:07:03.565+0800: 47.738: Total time for which application threads were stopped: 0.0001927 seconds, Stopping threads took: 0.0001621 seconds
2016-10-23T19:07:03.567+0800: 47.739: Total time for which application threads were stopped: 0.0000635 seconds, Stopping threads took: 0.0000194 seconds
2016-10-23T19:07:03.568+0800: 47.740: Total time for which application threads were stopped: 0.0000821 seconds, Stopping threads took: 0.0000388 seconds
2016-10-23T19:07:03.568+0800: 47.740: Total time for which application threads were stopped: 0.0000809 seconds, Stopping threads took: 0.0000324 seconds
2016-10-23T19:07:03.568+0800: 47.741: Total time for which application threads were stopped: 0.0003990 seconds, Stopping threads took: 0.0000688 seconds
2016-10-23T19:07:03.570+0800: 47.742: Total time for which application threads were stopped: 0.0000740 seconds, Stopping threads took: 0.0000307 seconds
2016-10-23T19:07:03.570+0800: 47.742: Total time for which application threads were stopped: 0.0000789 seconds, Stopping threads took: 0.0000314 seconds
2016-10-23T19:07:03.571+0800: 47.743: Total time for which application threads were stopped: 0.0000830 seconds, Stopping threads took: 0.0000433 seconds
2016-10-23T19:07:03.574+0800: 47.746: Total time for which application threads were stopped: 0.0002869 seconds, Stopping threads took: 0.0000907 seconds
2016-10-23T19:07:03.580+0800: 47.752: Total time for which application threads were stopped: 0.0000823 seconds, Stopping threads took: 0.0000234 seconds
2016-10-23T19:07:03.583+0800: 47.755: Total time for which application threads were stopped: 0.0003860 seconds, Stopping threads took: 0.0000088 seconds
2016-10-23T19:07:03.587+0800: 47.759: Total time for which application threads were stopped: 0.0001159 seconds, Stopping threads took: 0.0000390 seconds
2016-10-23T19:07:03.588+0800: 47.760: Total time for which application threads were stopped: 0.0001198 seconds, Stopping threads took: 0.0000762 seconds
2016-10-23T19:07:03.588+0800: 47.761: Total time for which application threads were stopped: 0.0000608 seconds, Stopping threads took: 0.0000204 seconds
2016-10-23T19:07:03.589+0800: 47.761: Total time for which application threads were stopped: 0.0001204 seconds, Stopping threads took: 0.0000087 seconds
2016-10-23T19:07:03.593+0800: 47.765: Total time for which application threads were stopped: 0.0000849 seconds, Stopping threads took: 0.0000421 seconds
2016-10-23T19:07:03.849+0800: 48.022: Total time for which application threads were stopped: 0.0005612 seconds, Stopping threads took: 0.0000275 seconds
2016-10-23T19:07:04.047+0800: 48.219: Total time for which application threads were stopped: 0.0001874 seconds, Stopping threads took: 0.0000441 seconds
2016-10-23T19:07:04.047+0800: 48.219: Total time for which application threads were stopped: 0.0000881 seconds, Stopping threads took: 0.0000187 seconds
2016-10-23T19:07:04.047+0800: 48.219: Total time for which application threads were stopped: 0.0000481 seconds, Stopping threads took: 0.0000101 seconds
2016-10-23T19:07:04.048+0800: 48.220: Total time for which application threads were stopped: 0.0000859 seconds, Stopping threads took: 0.0000275 seconds
2016-10-23T19:07:04.049+0800: 48.221: Total time for which application threads were stopped: 0.0000966 seconds, Stopping threads took: 0.0000377 seconds
2016-10-23T19:07:04.049+0800: 48.221: Total time for which application threads were stopped: 0.0000413 seconds, Stopping threads took: 0.0000085 seconds
2016-10-23T19:07:04.049+0800: 48.222: Total time for which application threads were stopped: 0.0000487 seconds, Stopping threads took: 0.0000065 seconds
2016-10-23T19:07:04.053+0800: 48.225: Total time for which application threads were stopped: 0.0000624 seconds, Stopping threads took: 0.0000126 seconds
2016-10-23T19:07:09.066+0800: 53.238: Total time for which application threads were stopped: 0.0002172 seconds, Stopping threads took: 0.0000513 seconds
2016-10-23T19:07:12.075+0800: 56.247: Total time for which application threads were stopped: 0.0002207 seconds, Stopping threads took: 0.0000689 seconds
2016-10-23T19:07:12.705+0800: 56.877: Total time for which application threads were stopped: 0.0000929 seconds, Stopping threads took: 0.0000167 seconds
2016-10-23T19:07:12.705+0800: 56.877: Total time for which application threads were stopped: 0.0000277 seconds, Stopping threads took: 0.0000055 seconds
2016-10-23T19:07:12.714+0800: 56.886: Total time for which application threads were stopped: 0.0000493 seconds, Stopping threads took: 0.0000122 seconds
2016-10-23T19:07:12.714+0800: 56.886: Total time for which application threads were stopped: 0.0000579 seconds, Stopping threads took: 0.0000112 seconds
2016-10-23T19:07:12.714+0800: 56.886: Total time for which application threads were stopped: 0.0000421 seconds, Stopping threads took: 0.0000095 seconds
2016-10-23T19:07:12.739+0800: 56.912: Total time for which application threads were stopped: 0.0000589 seconds, Stopping threads took: 0.0000146 seconds
2016-10-23T19:07:12.739+0800: 56.912: Total time for which application threads were stopped: 0.0000392 seconds, Stopping threads took: 0.0000091 seconds
2016-10-23T19:07:12.740+0800: 56.912: Total time for which application threads were stopped: 0.0000370 seconds, Stopping threads took: 0.0000083 seconds
2016-10-23T19:07:12.740+0800: 56.912: Total time for which application threads were stopped: 0.0000980 seconds, Stopping threads took: 0.0000203 seconds
2016-10-23T19:07:13.029+0800: 57.202: Total time for which application threads were stopped: 0.0004349 seconds, Stopping threads took: 0.0000169 seconds
2016-10-23T19:07:13.030+0800: 57.203: Total time for which application threads were stopped: 0.0000821 seconds, Stopping threads took: 0.0000316 seconds
2016-10-23T19:07:13.030+0800: 57.203: Total time for which application threads were stopped: 0.0000916 seconds, Stopping threads took: 0.0000524 seconds
2016-10-23T19:07:13.031+0800: 57.203: Total time for which application threads were stopped: 0.0000763 seconds, Stopping threads took: 0.0000369 seconds
2016-10-23T19:07:13.031+0800: 57.203: Total time for which application threads were stopped: 0.0000667 seconds, Stopping threads took: 0.0000270 seconds
2016-10-23T19:07:13.037+0800: 57.210: Total time for which application threads were stopped: 0.0000863 seconds, Stopping threads took: 0.0000238 seconds
2016-10-23T19:07:13.037+0800: 57.210: Total time for which application threads were stopped: 0.0000930 seconds, Stopping threads took: 0.0000495 seconds
2016-10-23T19:07:13.038+0800: 57.210: Total time for which application threads were stopped: 0.0000375 seconds, Stopping threads took: 0.0000076 seconds
2016-10-23T19:07:13.042+0800: 57.214: Total time for which application threads were stopped: 0.0000576 seconds, Stopping threads took: 0.0000168 seconds
2016-10-23T19:07:13.042+0800: 57.215: Total time for which application threads were stopped: 0.0000600 seconds, Stopping threads took: 0.0000253 seconds
2016-10-23T19:07:13.042+0800: 57.215: Total time for which application threads were stopped: 0.0000810 seconds, Stopping threads took: 0.0000539 seconds
2016-10-23T19:07:13.042+0800: 57.215: Total time for which application threads were stopped: 0.0000766 seconds, Stopping threads took: 0.0000525 seconds
2016-10-23T19:07:13.042+0800: 57.215: Total time for which application threads were stopped: 0.0000701 seconds, Stopping threads took: 0.0000453 seconds
2016-10-23T19:07:13.043+0800: 57.216: Total time for which application threads were stopped: 0.0000697 seconds, Stopping threads took: 0.0000094 seconds
2016-10-23T19:07:13.043+0800: 57.216: Total time for which application threads were stopped: 0.0000507 seconds, Stopping threads took: 0.0000097 seconds
2016-10-23T19:07:13.043+0800: 57.216: Total time for which application threads were stopped: 0.0000446 seconds, Stopping threads took: 0.0000093 seconds
2016-10-23T19:07:13.043+0800: 57.216: Total time for which application threads were stopped: 0.0000575 seconds, Stopping threads took: 0.0000315 seconds
2016-10-23T19:07:13.044+0800: 57.216: Total time for which application threads were stopped: 0.0000795 seconds, Stopping threads took: 0.0000533 seconds
2016-10-23T19:07:13.044+0800: 57.216: Total time for which application threads were stopped: 0.0000742 seconds, Stopping threads took: 0.0000512 seconds
2016-10-23T19:07:13.044+0800: 57.216: Total time for which application threads were stopped: 0.0000737 seconds, Stopping threads took: 0.0000509 seconds
2016-10-23T19:07:13.044+0800: 57.216: Total time for which application threads were stopped: 0.0000734 seconds, Stopping threads took: 0.0000507 seconds
2016-10-23T19:07:13.045+0800: 57.218: Total time for which application threads were stopped: 0.0000363 seconds, Stopping threads took: 0.0000075 seconds
2016-10-23T19:07:13.045+0800: 57.218: Total time for which application threads were stopped: 0.0000297 seconds, Stopping threads took: 0.0000065 seconds
2016-10-23T19:07:13.050+0800: 57.222: Total time for which application threads were stopped: 0.0000776 seconds, Stopping threads took: 0.0000309 seconds
2016-10-23T19:07:13.050+0800: 57.222: Total time for which application threads were stopped: 0.0000557 seconds, Stopping threads took: 0.0000221 seconds
2016-10-23T19:07:13.055+0800: 57.227: Total time for which application threads were stopped: 0.0000734 seconds, Stopping threads took: 0.0000272 seconds
2016-10-23T19:07:13.055+0800: 57.227: Total time for which application threads were stopped: 0.0000657 seconds, Stopping threads took: 0.0000168 seconds
2016-10-23T19:07:15.052+0800: 59.224: Total time for which application threads were stopped: 0.0001945 seconds, Stopping threads took: 0.0001144 seconds
2016-10-23T19:07:15.052+0800: 59.225: Total time for which application threads were stopped: 0.0001112 seconds, Stopping threads took: 0.0000393 seconds
2016-10-23T19:07:15.054+0800: 59.226: Total time for which application threads were stopped: 0.0000837 seconds, Stopping threads took: 0.0000143 seconds
2016-10-23T19:07:15.054+0800: 59.226: Total time for which application threads were stopped: 0.0000693 seconds, Stopping threads took: 0.0000093 seconds
2016-10-23T19:07:15.059+0800: 59.231: Total time for which application threads were stopped: 0.0001037 seconds, Stopping threads took: 0.0000414 seconds
2016-10-23T19:07:15.059+0800: 59.231: Total time for which application threads were stopped: 0.0000724 seconds, Stopping threads took: 0.0000270 seconds
2016-10-23T19:07:15.059+0800: 59.232: Total time for which application threads were stopped: 0.0000809 seconds, Stopping threads took: 0.0000336 seconds
2016-10-23T19:07:15.060+0800: 59.232: Total time for which application threads were stopped: 0.0000755 seconds, Stopping threads took: 0.0000290 seconds
2016-10-23T19:07:16.758+0800: 60.930: Total time for which application threads were stopped: 0.0002206 seconds, Stopping threads took: 0.0000670 seconds
2016-10-23T19:07:16.758+0800: 60.930: Total time for which application threads were stopped: 0.0001028 seconds, Stopping threads took: 0.0000376 seconds
2016-10-23T19:07:16.763+0800: 60.936: Total time for which application threads were stopped: 0.0000896 seconds, Stopping threads took: 0.0000281 seconds
2016-10-23T19:07:16.764+0800: 60.936: Total time for which application threads were stopped: 0.0000965 seconds, Stopping threads took: 0.0000246 seconds
2016-10-23T19:07:17.766+0800: 61.938: Total time for which application threads were stopped: 0.0001070 seconds, Stopping threads took: 0.0000211 seconds
2016-10-23T19:07:18.601+0800: 62.774: Total time for which application threads were stopped: 0.0001281 seconds, Stopping threads took: 0.0000648 seconds
2016-10-23T19:07:18.601+0800: 62.774: Total time for which application threads were stopped: 0.0000777 seconds, Stopping threads took: 0.0000122 seconds
2016-10-23T19:07:18.607+0800: 62.780: Total time for which application threads were stopped: 0.0000927 seconds, Stopping threads took: 0.0000312 seconds
2016-10-23T19:07:18.607+0800: 62.780: Total time for which application threads were stopped: 0.0001020 seconds, Stopping threads took: 0.0000723 seconds
2016-10-23T19:07:20.612+0800: 64.785: Total time for which application threads were stopped: 0.0001339 seconds, Stopping threads took: 0.0000590 seconds
2016-10-23T19:07:21.617+0800: 65.790: Total time for which application threads were stopped: 0.0002274 seconds, Stopping threads took: 0.0000553 seconds
2016-10-23T19:08:15.061+0800: 119.236: Total time for which application threads were stopped: 0.0001052 seconds, Stopping threads took: 0.0000255 seconds
2016-10-23T19:08:18.608+0800: 122.782: Total time for which application threads were stopped: 0.0000847 seconds, Stopping threads took: 0.0000295 seconds
2016-10-23T19:08:25.359+0800: 129.534: Total time for which application threads were stopped: 0.0004607 seconds, Stopping threads took: 0.0000219 seconds
{Heap before GC invocations=5 (full 1):
 par new generation   total 109248K, used 106881K [0x00000007a0000000, 0x00000007a8000000, 0x00000007a8000000)
  eden space 87424K, 100% used [0x00000007a0000000, 0x00000007a5560000, 0x00000007a5560000)
  from space 21824K,  89% used [0x00000007a6ab0000, 0x00000007a7db0688, 0x00000007a8000000)
  to   space 21824K,   0% used [0x00000007a5560000, 0x00000007a5560000, 0x00000007a6ab0000)
 concurrent mark-sweep generation total 393216K, used 0K [0x00000007a8000000, 0x00000007c0000000, 0x00000007c0000000)
 Metaspace       used 33980K, capacity 34636K, committed 34992K, reserved 1079296K
  class space    used 4006K, capacity 4187K, committed 4272K, reserved 1048576K
2016-10-23T19:08:25.381+0800: 129.556: [GC (Allocation Failure) 2016-10-23T19:08:25.381+0800: 129.556: [ParNew
Desired survivor size 20112992 bytes, new threshold 8 (max 8)
- age   1:    8527176 bytes,    8527176 total
- age   2:    5063792 bytes,   13590968 total
- age   3:      41976 bytes,   13632944 total
- age   4:     158448 bytes,   13791392 total
- age   5:     849040 bytes,   14640432 total
- age   6:    5361216 bytes,   20001648 total
: 106881K->21824K(109248K), 0.0149245 secs] 106881K->22383K(502464K), 0.0149762 secs] [Times: user=0.05 sys=0.00, real=0.01 secs] 
Heap after GC invocations=6 (full 1):
 par new generation   total 109248K, used 21824K [0x00000007a0000000, 0x00000007a8000000, 0x00000007a8000000)
  eden space 87424K,   0% used [0x00000007a0000000, 0x00000007a0000000, 0x00000007a5560000)
  from space 21824K, 100% used [0x00000007a5560000, 0x00000007a6ab0000, 0x00000007a6ab0000)
  to   space 21824K,   0% used [0x00000007a6ab0000, 0x00000007a6ab0000, 0x00000007a8000000)
 concurrent mark-sweep generation total 393216K, used 559K [0x00000007a8000000, 0x00000007c0000000, 0x00000007c0000000)
 Metaspace       used 33980K, capacity 34636K, committed 34992K, reserved 1079296K
  class space    used 4006K, capacity 4187K, committed 4272K, reserved 1048576K
}
2016-10-23T19:08:25.396+0800: 129.571: Total time for which application threads were stopped: 0.0150964 seconds, Stopping threads took: 0.0000109 seconds
2016-10-23T19:08:25.405+0800: 129.580: Total time for which application threads were stopped: 0.0003373 seconds, Stopping threads took: 0.0000118 seconds
2016-10-23T19:08:25.519+0800: 129.694: Total time for which application threads were stopped: 0.0001967 seconds, Stopping threads took: 0.0000166 seconds
2016-10-23T19:08:25.709+0800: 129.884: Total time for which application threads were stopped: 0.0002149 seconds, Stopping threads took: 0.0000297 seconds
{Heap before GC invocations=6 (full 1):
 par new generation   total 109248K, used 109248K [0x00000007a0000000, 0x00000007a8000000, 0x00000007a8000000)
  eden space 87424K, 100% used [0x00000007a0000000, 0x00000007a5560000, 0x00000007a5560000)
  from space 21824K, 100% used [0x00000007a5560000, 0x00000007a6ab0000, 0x00000007a6ab0000)
  to   space 21824K,   0% used [0x00000007a6ab0000, 0x00000007a6ab0000, 0x00000007a8000000)
 concurrent mark-sweep generation total 393216K, used 559K [0x00000007a8000000, 0x00000007c0000000, 0x00000007c0000000)
 Metaspace       used 34515K, capacity 35148K, committed 35504K, reserved 1081344K
  class space    used 4013K, capacity 4187K, committed 4272K, reserved 1048576K
2016-10-23T19:08:25.943+0800: 130.118: [GC (Allocation Failure) 2016-10-23T19:08:25.943+0800: 130.118: [ParNew
Desired survivor size 20112992 bytes, new threshold 7 (max 8)
- age   1:    6866640 bytes,    6866640 total
- age   2:    4728432 bytes,   11595072 total
- age   3:    4858048 bytes,   16453120 total
- age   4:      32360 bytes,   16485480 total
- age   5:     153736 bytes,   16639216 total
- age   6:     818456 bytes,   17457672 total
- age   7:    4555864 bytes,   22013536 total
: 109248K->21824K(109248K), 0.0167852 secs] 109807K->24337K(502464K), 0.0168408 secs] [Times: user=0.07 sys=0.01, real=0.02 secs] 
Heap after GC invocations=7 (full 1):
 par new generation   total 109248K, used 21824K [0x00000007a0000000, 0x00000007a8000000, 0x00000007a8000000)
  eden space 87424K,   0% used [0x00000007a0000000, 0x00000007a0000000, 0x00000007a5560000)
  from space 21824K, 100% used [0x00000007a6ab0000, 0x00000007a8000000, 0x00000007a8000000)
  to   space 21824K,   0% used [0x00000007a5560000, 0x00000007a5560000, 0x00000007a6ab0000)
 concurrent mark-sweep generation total 393216K, used 2513K [0x00000007a8000000, 0x00000007c0000000, 0x00000007c0000000)
 Metaspace       used 34515K, capacity 35148K, committed 35504K, reserved 1081344K
  class space    used 4013K, capacity 4187K, committed 4272K, reserved 1048576K
}
2016-10-23T19:08:25.960+0800: 130.135: Total time for which application threads were stopped: 0.0170347 seconds, Stopping threads took: 0.0000222 seconds
{Heap before GC invocations=7 (full 1):
 par new generation   total 109248K, used 109248K [0x00000007a0000000, 0x00000007a8000000, 0x00000007a8000000)
  eden space 87424K, 100% used [0x00000007a0000000, 0x00000007a5560000, 0x00000007a5560000)
  from space 21824K, 100% used [0x00000007a6ab0000, 0x00000007a8000000, 0x00000007a8000000)
  to   space 21824K,   0% used [0x00000007a5560000, 0x00000007a5560000, 0x00000007a6ab0000)
 concurrent mark-sweep generation total 393216K, used 2513K [0x00000007a8000000, 0x00000007c0000000, 0x00000007c0000000)
 Metaspace       used 34523K, capacity 35148K, committed 35504K, reserved 1081344K
  class space    used 4013K, capacity 4187K, committed 4272K, reserved 1048576K
2016-10-23T19:08:26.233+0800: 130.408: [GC (Allocation Failure) 2016-10-23T19:08:26.233+0800: 130.408: [ParNew
Desired survivor size 20112992 bytes, new threshold 8 (max 8)
- age   1:    3590032 bytes,    3590032 total
- age   2:    5340864 bytes,    8930896 total
- age   3:    3198952 bytes,   12129848 total
- age   4:    3407320 bytes,   15537168 total
- age   5:      32360 bytes,   15569528 total
- age   6:     153736 bytes,   15723264 total
- age   7:     818424 bytes,   16541688 total
: 109248K->21824K(109248K), 0.0199021 secs] 111761K->33682K(502464K), 0.0200003 secs] [Times: user=0.06 sys=0.00, real=0.02 secs] 
Heap after GC invocations=8 (full 1):
 par new generation   total 109248K, used 21824K [0x00000007a0000000, 0x00000007a8000000, 0x00000007a8000000)
  eden space 87424K,   0% used [0x00000007a0000000, 0x00000007a0000000, 0x00000007a5560000)
  from space 21824K, 100% used [0x00000007a5560000, 0x00000007a6ab0000, 0x00000007a6ab0000)
  to   space 21824K,   0% used [0x00000007a6ab0000, 0x00000007a6ab0000, 0x00000007a8000000)
 concurrent mark-sweep generation total 393216K, used 11858K [0x00000007a8000000, 0x00000007c0000000, 0x00000007c0000000)
 Metaspace       used 34523K, capacity 35148K, committed 35504K, reserved 1081344K
  class space    used 4013K, capacity 4187K, committed 4272K, reserved 1048576K
}
2016-10-23T19:08:26.253+0800: 130.428: Total time for which application threads were stopped: 0.0202260 seconds, Stopping threads took: 0.0000283 seconds
{Heap before GC invocations=8 (full 1):
 par new generation   total 109248K, used 109248K [0x00000007a0000000, 0x00000007a8000000, 0x00000007a8000000)
  eden space 87424K, 100% used [0x00000007a0000000, 0x00000007a5560000, 0x00000007a5560000)
  from space 21824K, 100% used [0x00000007a5560000, 0x00000007a6ab0000, 0x00000007a6ab0000)
  to   space 21824K,   0% used [0x00000007a6ab0000, 0x00000007a6ab0000, 0x00000007a8000000)
 concurrent mark-sweep generation total 393216K, used 11858K [0x00000007a8000000, 0x00000007c0000000, 0x00000007c0000000)
 Metaspace       used 34537K, capacity 35212K, committed 35504K, reserved 1081344K
  class space    used 4013K, capacity 4187K, committed 4272K, reserved 1048576K
2016-10-23T19:08:26.493+0800: 130.668: [GC (Allocation Failure) 2016-10-23T19:08:26.493+0800: 130.668: [ParNew
Desired survivor size 20112992 bytes, new threshold 8 (max 8)
- age   1:    4725384 bytes,    4725384 total
- age   2:    2293088 bytes,    7018472 total
- age   3:    4887064 bytes,   11905536 total
- age   4:    3151632 bytes,   15057168 total
- age   5:    3361464 bytes,   18418632 total
- age   6:      32088 bytes,   18450720 total
- age   7:     151616 bytes,   18602336 total
- age   8:     807576 bytes,   19409912 total
: 109248K->21824K(109248K), 0.0114468 secs] 121106K->34955K(502464K), 0.0115083 secs] [Times: user=0.05 sys=0.00, real=0.01 secs] 
Heap after GC invocations=9 (full 1):
 par new generation   total 109248K, used 21824K [0x00000007a0000000, 0x00000007a8000000, 0x00000007a8000000)
  eden space 87424K,   0% used [0x00000007a0000000, 0x00000007a0000000, 0x00000007a5560000)
  from space 21824K, 100% used [0x00000007a6ab0000, 0x00000007a8000000, 0x00000007a8000000)
  to   space 21824K,   0% used [0x00000007a5560000, 0x00000007a5560000, 0x00000007a6ab0000)
 concurrent mark-sweep generation total 393216K, used 13131K [0x00000007a8000000, 0x00000007c0000000, 0x00000007c0000000)
 Metaspace       used 34537K, capacity 35212K, committed 35504K, reserved 1081344K
  class space    used 4013K, capacity 4187K, committed 4272K, reserved 1048576K
}
2016-10-23T19:08:26.504+0800: 130.679: Total time for which application threads were stopped: 0.0116732 seconds, Stopping threads took: 0.0000284 seconds
{Heap before GC invocations=9 (full 1):
 par new generation   total 109248K, used 109248K [0x00000007a0000000, 0x00000007a8000000, 0x00000007a8000000)
  eden space 87424K, 100% used [0x00000007a0000000, 0x00000007a5560000, 0x00000007a5560000)
  from space 21824K, 100% used [0x00000007a6ab0000, 0x00000007a8000000, 0x00000007a8000000)
  to   space 21824K,   0% used [0x00000007a5560000, 0x00000007a5560000, 0x00000007a6ab0000)
 concurrent mark-sweep generation total 393216K, used 13131K [0x00000007a8000000, 0x00000007c0000000, 0x00000007c0000000)
 Metaspace       used 34551K, capacity 35212K, committed 35504K, reserved 1081344K
  class space    used 4013K, capacity 4187K, committed 4272K, reserved 1048576K
2016-10-23T19:08:26.758+0800: 130.933: [GC (Allocation Failure) 2016-10-23T19:08:26.758+0800: 130.933: [ParNew
Desired survivor size 20112992 bytes, new threshold 8 (max 8)
- age   1:    4477280 bytes,    4477280 total
- age   2:    2092360 bytes,    6569640 total
- age   3:    1922576 bytes,    8492216 total
- age   4:    4444744 bytes,   12936960 total
- age   5:    2615168 bytes,   15552128 total
- age   6:    2990704 bytes,   18542832 total
- age   7:      26488 bytes,   18569320 total
- age   8:     137360 bytes,   18706680 total
: 109248K->21824K(109248K), 0.0133412 secs] 122379K->40457K(502464K), 0.0134206 secs] [Times: user=0.05 sys=0.01, real=0.02 secs] 
Heap after GC invocations=10 (full 1):
 par new generation   total 109248K, used 21824K [0x00000007a0000000, 0x00000007a8000000, 0x00000007a8000000)
  eden space 87424K,   0% used [0x00000007a0000000, 0x00000007a0000000, 0x00000007a5560000)
  from space 21824K, 100% used [0x00000007a5560000, 0x00000007a6ab0000, 0x00000007a6ab0000)
  to   space 21824K,   0% used [0x00000007a6ab0000, 0x00000007a6ab0000, 0x00000007a8000000)
 concurrent mark-sweep generation total 393216K, used 18633K [0x00000007a8000000, 0x00000007c0000000, 0x00000007c0000000)
 Metaspace       used 34551K, capacity 35212K, committed 35504K, reserved 1081344K
  class space    used 4013K, capacity 4187K, committed 4272K, reserved 1048576K
}
2016-10-23T19:08:26.772+0800: 130.947: Total time for which application threads were stopped: 0.0136067 seconds, Stopping threads took: 0.0000302 seconds
{Heap before GC invocations=10 (full 1):
 par new generation   total 109248K, used 109248K [0x00000007a0000000, 0x00000007a8000000, 0x00000007a8000000)
  eden space 87424K, 100% used [0x00000007a0000000, 0x00000007a5560000, 0x00000007a5560000)
  from space 21824K, 100% used [0x00000007a5560000, 0x00000007a6ab0000, 0x00000007a6ab0000)
  to   space 21824K,   0% used [0x00000007a6ab0000, 0x00000007a6ab0000, 0x00000007a8000000)
 concurrent mark-sweep generation total 393216K, used 18633K [0x00000007a8000000, 0x00000007c0000000, 0x00000007c0000000)
 Metaspace       used 34552K, capacity 35212K, committed 35504K, reserved 1081344K
  class space    used 4014K, capacity 4187K, committed 4272K, reserved 1048576K
2016-10-23T19:08:27.021+0800: 131.196: [GC (Allocation Failure) 2016-10-23T19:08:27.021+0800: 131.196: [ParNew
Desired survivor size 20112992 bytes, new threshold 8 (max 8)
- age   1:    5237976 bytes,    5237976 total
- age   2:    2432216 bytes,    7670192 total
- age   3:     713000 bytes,    8383192 total
- age   4:    1186992 bytes,    9570184 total
- age   5:    4343488 bytes,   13913672 total
- age   6:    2537912 bytes,   16451584 total
- age   7:    2989224 bytes,   19440808 total
- age   8:      26488 bytes,   19467296 total
: 109248K->21824K(109248K), 0.0116524 secs] 127881K->44131K(502464K), 0.0117328 secs] [Times: user=0.04 sys=0.01, real=0.01 secs] 
Heap after GC invocations=11 (full 1):
 par new generation   total 109248K, used 21824K [0x00000007a0000000, 0x00000007a8000000, 0x00000007a8000000)
  eden space 87424K,   0% used [0x00000007a0000000, 0x00000007a0000000, 0x00000007a5560000)
  from space 21824K, 100% used [0x00000007a6ab0000, 0x00000007a8000000, 0x00000007a8000000)
  to   space 21824K,   0% used [0x00000007a5560000, 0x00000007a5560000, 0x00000007a6ab0000)
 concurrent mark-sweep generation total 393216K, used 22307K [0x00000007a8000000, 0x00000007c0000000, 0x00000007c0000000)
 Metaspace       used 34552K, capacity 35212K, committed 35504K, reserved 1081344K
  class space    used 4014K, capacity 4187K, committed 4272K, reserved 1048576K
}
2016-10-23T19:08:27.033+0800: 131.208: Total time for which application threads were stopped: 0.0119090 seconds, Stopping threads took: 0.0000294 seconds
{Heap before GC invocations=11 (full 1):
 par new generation   total 109248K, used 109248K [0x00000007a0000000, 0x00000007a8000000, 0x00000007a8000000)
  eden space 87424K, 100% used [0x00000007a0000000, 0x00000007a5560000, 0x00000007a5560000)
  from space 21824K, 100% used [0x00000007a6ab0000, 0x00000007a8000000, 0x00000007a8000000)
  to   space 21824K,   0% used [0x00000007a5560000, 0x00000007a5560000, 0x00000007a6ab0000)
 concurrent mark-sweep generation total 393216K, used 22307K [0x00000007a8000000, 0x00000007c0000000, 0x00000007c0000000)
 Metaspace       used 34565K, capacity 35212K, committed 35504K, reserved 1081344K
  class space    used 4014K, capacity 4187K, committed 4272K, reserved 1048576K
2016-10-23T19:08:27.264+0800: 131.439: [GC (Allocation Failure) 2016-10-23T19:08:27.264+0800: 131.439: [ParNew
Desired survivor size 20112992 bytes, new threshold 8 (max 8)
- age   1:    5089496 bytes,    5089496 total
- age   2:    1027464 bytes,    6116960 total
- age   3:    1868248 bytes,    7985208 total
- age   4:     568928 bytes,    8554136 total
- age   5:    1034688 bytes,    9588824 total
- age   6:    4288560 bytes,   13877384 total
- age   7:    2049448 bytes,   15926832 total
- age   8:    2929344 bytes,   18856176 total
: 109248K->21824K(109248K), 0.0116331 secs] 131555K->47873K(502464K), 0.0117000 secs] [Times: user=0.03 sys=0.00, real=0.01 secs] 
Heap after GC invocations=12 (full 1):
 par new generation   total 109248K, used 21824K [0x00000007a0000000, 0x00000007a8000000, 0x00000007a8000000)
  eden space 87424K,   0% used [0x00000007a0000000, 0x00000007a0000000, 0x00000007a5560000)
  from space 21824K, 100% used [0x00000007a5560000, 0x00000007a6ab0000, 0x00000007a6ab0000)
  to   space 21824K,   0% used [0x00000007a6ab0000, 0x00000007a6ab0000, 0x00000007a8000000)
 concurrent mark-sweep generation total 393216K, used 26049K [0x00000007a8000000, 0x00000007c0000000, 0x00000007c0000000)
 Metaspace       used 34565K, capacity 35212K, committed 35504K, reserved 1081344K
  class space    used 4014K, capacity 4187K, committed 4272K, reserved 1048576K
}
2016-10-23T19:08:27.276+0800: 131.451: Total time for which application threads were stopped: 0.0118747 seconds, Stopping threads took: 0.0000245 seconds
{Heap before GC invocations=12 (full 1):
 par new generation   total 109248K, used 109248K [0x00000007a0000000, 0x00000007a8000000, 0x00000007a8000000)
  eden space 87424K, 100% used [0x00000007a0000000, 0x00000007a5560000, 0x00000007a5560000)
  from space 21824K, 100% used [0x00000007a5560000, 0x00000007a6ab0000, 0x00000007a6ab0000)
  to   space 21824K,   0% used [0x00000007a6ab0000, 0x00000007a6ab0000, 0x00000007a8000000)
 concurrent mark-sweep generation total 393216K, used 26049K [0x00000007a8000000, 0x00000007c0000000, 0x00000007c0000000)
 Metaspace       used 34567K, capacity 35212K, committed 35504K, reserved 1081344K
  class space    used 4014K, capacity 4187K, committed 4272K, reserved 1048576K
2016-10-23T19:08:27.520+0800: 131.695: [GC (Allocation Failure) 2016-10-23T19:08:27.520+0800: 131.695: [ParNew
Desired survivor size 20112992 bytes, new threshold 8 (max 8)
- age   1:    7441880 bytes,    7441880 total
- age   2:    2058488 bytes,    9500368 total
- age   3:    1005664 bytes,   10506032 total
- age   4:    1464936 bytes,   11970968 total
- age   5:     515088 bytes,   12486056 total
- age   6:     990400 bytes,   13476456 total
- age   7:    3975064 bytes,   17451520 total
- age   8:    2049448 bytes,   19500968 total
: 109248K->21824K(109248K), 0.0153998 secs] 135297K->53886K(502464K), 0.0154930 secs] [Times: user=0.05 sys=0.01, real=0.01 secs] 
Heap after GC invocations=13 (full 1):
 par new generation   total 109248K, used 21824K [0x00000007a0000000, 0x00000007a8000000, 0x00000007a8000000)
  eden space 87424K,   0% used [0x00000007a0000000, 0x00000007a0000000, 0x00000007a5560000)
  from space 21824K, 100% used [0x00000007a6ab0000, 0x00000007a8000000, 0x00000007a8000000)
  to   space 21824K,   0% used [0x00000007a5560000, 0x00000007a5560000, 0x00000007a6ab0000)
 concurrent mark-sweep generation total 393216K, used 32062K [0x00000007a8000000, 0x00000007c0000000, 0x00000007c0000000)
 Metaspace       used 34567K, capacity 35212K, committed 35504K, reserved 1081344K
  class space    used 4014K, capacity 4187K, committed 4272K, reserved 1048576K
}
2016-10-23T19:08:27.536+0800: 131.710: Total time for which application threads were stopped: 0.0157092 seconds, Stopping threads took: 0.0000270 seconds
{Heap before GC invocations=13 (full 1):
 par new generation   total 109248K, used 109248K [0x00000007a0000000, 0x00000007a8000000, 0x00000007a8000000)
  eden space 87424K, 100% used [0x00000007a0000000, 0x00000007a5560000, 0x00000007a5560000)
  from space 21824K, 100% used [0x00000007a6ab0000, 0x00000007a8000000, 0x00000007a8000000)
  to   space 21824K,   0% used [0x00000007a5560000, 0x00000007a5560000, 0x00000007a6ab0000)
 concurrent mark-sweep generation total 393216K, used 32062K [0x00000007a8000000, 0x00000007c0000000, 0x00000007c0000000)
 Metaspace       used 34583K, capacity 35212K, committed 35504K, reserved 1081344K
  class space    used 4014K, capacity 4187K, committed 4272K, reserved 1048576K
2016-10-23T19:08:27.779+0800: 131.954: [GC (Allocation Failure) 2016-10-23T19:08:27.779+0800: 131.954: [ParNew
Desired survivor size 20112992 bytes, new threshold 8 (max 8)
- age   1:    5486856 bytes,    5486856 total
- age   2:    3549840 bytes,    9036696 total
- age   3:    1964904 bytes,   11001600 total
- age   4:     784240 bytes,   11785840 total
- age   5:    1395640 bytes,   13181480 total
- age   6:     444656 bytes,   13626136 total
- age   7:     920720 bytes,   14546856 total
- age   8:    3913848 bytes,   18460704 total
: 109248K->21824K(109248K), 0.0120347 secs] 141310K->60418K(502464K), 0.0120945 secs] [Times: user=0.04 sys=0.00, real=0.02 secs] 
Heap after GC invocations=14 (full 1):
 par new generation   total 109248K, used 21824K [0x00000007a0000000, 0x00000007a8000000, 0x00000007a8000000)
  eden space 87424K,   0% used [0x00000007a0000000, 0x00000007a0000000, 0x00000007a5560000)
  from space 21824K, 100% used [0x00000007a5560000, 0x00000007a6ab0000, 0x00000007a6ab0000)
  to   space 21824K,   0% used [0x00000007a6ab0000, 0x00000007a6ab0000, 0x00000007a8000000)
 concurrent mark-sweep generation total 393216K, used 38594K [0x00000007a8000000, 0x00000007c0000000, 0x00000007c0000000)
 Metaspace       used 34583K, capacity 35212K, committed 35504K, reserved 1081344K
  class space    used 4014K, capacity 4187K, committed 4272K, reserved 1048576K
}
2016-10-23T19:08:27.791+0800: 131.966: Total time for which application threads were stopped: 0.0122684 seconds, Stopping threads took: 0.0000295 seconds
{Heap before GC invocations=14 (full 1):
 par new generation   total 109248K, used 109248K [0x00000007a0000000, 0x00000007a8000000, 0x00000007a8000000)
  eden space 87424K, 100% used [0x00000007a0000000, 0x00000007a5560000, 0x00000007a5560000)
  from space 21824K, 100% used [0x00000007a5560000, 0x00000007a6ab0000, 0x00000007a6ab0000)
  to   space 21824K,   0% used [0x00000007a6ab0000, 0x00000007a6ab0000, 0x00000007a8000000)
 concurrent mark-sweep generation total 393216K, used 38594K [0x00000007a8000000, 0x00000007c0000000, 0x00000007c0000000)
 Metaspace       used 34586K, capacity 35212K, committed 35504K, reserved 1081344K
  class space    used 4014K, capacity 4187K, committed 4272K, reserved 1048576K
2016-10-23T19:08:28.037+0800: 132.212: [GC (Allocation Failure) 2016-10-23T19:08:28.037+0800: 132.212: [ParNew
Desired survivor size 20112992 bytes, new threshold 8 (max 8)
- age   1:    8912880 bytes,    8912880 total
- age   2:    2633048 bytes,   11545928 total
- age   3:    3522216 bytes,   15068144 total
- age   4:     974968 bytes,   16043112 total
- age   5:     713264 bytes,   16756376 total
- age   6:     836512 bytes,   17592888 total
- age   7:     441824 bytes,   18034712 total
- age   8:     919048 bytes,   18953760 total
: 109248K->21824K(109248K), 0.0106590 secs] 147842K->65867K(502464K), 0.0107463 secs] [Times: user=0.03 sys=0.01, real=0.01 secs] 
Heap after GC invocations=15 (full 1):
 par new generation   total 109248K, used 21824K [0x00000007a0000000, 0x00000007a8000000, 0x00000007a8000000)
  eden space 87424K,   0% used [0x00000007a0000000, 0x00000007a0000000, 0x00000007a5560000)
  from space 21824K, 100% used [0x00000007a6ab0000, 0x00000007a8000000, 0x00000007a8000000)
  to   space 21824K,   0% used [0x00000007a5560000, 0x00000007a5560000, 0x00000007a6ab0000)
 concurrent mark-sweep generation total 393216K, used 44043K [0x00000007a8000000, 0x00000007c0000000, 0x00000007c0000000)
 Metaspace       used 34586K, capacity 35212K, committed 35504K, reserved 1081344K
  class space    used 4014K, capacity 4187K, committed 4272K, reserved 1048576K
}
2016-10-23T19:08:28.048+0800: 132.222: Total time for which application threads were stopped: 0.0109208 seconds, Stopping threads took: 0.0000322 seconds
{Heap before GC invocations=15 (full 1):
 par new generation   total 109248K, used 109248K [0x00000007a0000000, 0x00000007a8000000, 0x00000007a8000000)
  eden space 87424K, 100% used [0x00000007a0000000, 0x00000007a5560000, 0x00000007a5560000)
  from space 21824K, 100% used [0x00000007a6ab0000, 0x00000007a8000000, 0x00000007a8000000)
  to   space 21824K,   0% used [0x00000007a5560000, 0x00000007a5560000, 0x00000007a6ab0000)
 concurrent mark-sweep generation total 393216K, used 44043K [0x00000007a8000000, 0x00000007c0000000, 0x00000007c0000000)
 Metaspace       used 34590K, capacity 35212K, committed 35504K, reserved 1081344K
  class space    used 4014K, capacity 4187K, committed 4272K, reserved 1048576K
2016-10-23T19:08:28.293+0800: 132.467: [GC (Allocation Failure) 2016-10-23T19:08:28.293+0800: 132.467: [ParNew
Desired survivor size 20112992 bytes, new threshold 8 (max 8)
- age   1:    6295824 bytes,    6295824 total
- age   2:    4835080 bytes,   11130904 total
- age   3:    2288824 bytes,   13419728 total
- age   4:    3481352 bytes,   16901080 total
- age   5:     805696 bytes,   17706776 total
- age   6:     545672 bytes,   18252448 total
- age   7:     813904 bytes,   19066352 total
- age   8:     415392 bytes,   19481744 total
: 109248K->21824K(109248K), 0.0115591 secs] 153291K->69088K(502464K), 0.0116135 secs] [Times: user=0.03 sys=0.00, real=0.01 secs] 
Heap after GC invocations=16 (full 1):
 par new generation   total 109248K, used 21824K [0x00000007a0000000, 0x00000007a8000000, 0x00000007a8000000)
  eden space 87424K,   0% used [0x00000007a0000000, 0x00000007a0000000, 0x00000007a5560000)
  from space 21824K, 100% used [0x00000007a5560000, 0x00000007a6ab0000, 0x00000007a6ab0000)
  to   space 21824K,   0% used [0x00000007a6ab0000, 0x00000007a6ab0000, 0x00000007a8000000)
 concurrent mark-sweep generation total 393216K, used 47264K [0x00000007a8000000, 0x00000007c0000000, 0x00000007c0000000)
 Metaspace       used 34590K, capacity 35212K, committed 35504K, reserved 1081344K
  class space    used 4014K, capacity 4187K, committed 4272K, reserved 1048576K
}
2016-10-23T19:08:28.304+0800: 132.479: Total time for which application threads were stopped: 0.0117822 seconds, Stopping threads took: 0.0000207 seconds
{Heap before GC invocations=16 (full 1):
 par new generation   total 109248K, used 109248K [0x00000007a0000000, 0x00000007a8000000, 0x00000007a8000000)
  eden space 87424K, 100% used [0x00000007a0000000, 0x00000007a5560000, 0x00000007a5560000)
  from space 21824K, 100% used [0x00000007a5560000, 0x00000007a6ab0000, 0x00000007a6ab0000)
  to   space 21824K,   0% used [0x00000007a6ab0000, 0x00000007a6ab0000, 0x00000007a8000000)
 concurrent mark-sweep generation total 393216K, used 47264K [0x00000007a8000000, 0x00000007c0000000, 0x00000007c0000000)
 Metaspace       used 34590K, capacity 35212K, committed 35504K, reserved 1081344K
  class space    used 4014K, capacity 4187K, committed 4272K, reserved 1048576K
2016-10-23T19:08:28.550+0800: 132.724: [GC (Allocation Failure) 2016-10-23T19:08:28.550+0800: 132.724: [ParNew
Desired survivor size 20112992 bytes, new threshold 8 (max 8)
- age   1:    6208264 bytes,    6208264 total
- age   2:    3691824 bytes,    9900088 total
- age   3:    2074376 bytes,   11974464 total
- age   4:    2278640 bytes,   14253104 total
- age   5:    3467384 bytes,   17720488 total
- age   6:     796264 bytes,   18516752 total
- age   7:     534880 bytes,   19051632 total
- age   8:     804368 bytes,   19856000 total
: 109248K->21824K(109248K), 0.0114450 secs] 156512K->72264K(502464K), 0.0115434 secs] [Times: user=0.04 sys=0.00, real=0.01 secs] 
Heap after GC invocations=17 (full 1):
 par new generation   total 109248K, used 21824K [0x00000007a0000000, 0x00000007a8000000, 0x00000007a8000000)
  eden space 87424K,   0% used [0x00000007a0000000, 0x00000007a0000000, 0x00000007a5560000)
  from space 21824K, 100% used [0x00000007a6ab0000, 0x00000007a8000000, 0x00000007a8000000)
  to   space 21824K,   0% used [0x00000007a5560000, 0x00000007a5560000, 0x00000007a6ab0000)
 concurrent mark-sweep generation total 393216K, used 50440K [0x00000007a8000000, 0x00000007c0000000, 0x00000007c0000000)
 Metaspace       used 34590K, capacity 35212K, committed 35504K, reserved 1081344K
  class space    used 4014K, capacity 4187K, committed 4272K, reserved 1048576K
}
2016-10-23T19:08:28.561+0800: 132.736: Total time for which application threads were stopped: 0.0117231 seconds, Stopping threads took: 0.0000245 seconds
{Heap before GC invocations=17 (full 1):
 par new generation   total 109248K, used 109248K [0x00000007a0000000, 0x00000007a8000000, 0x00000007a8000000)
  eden space 87424K, 100% used [0x00000007a0000000, 0x00000007a5560000, 0x00000007a5560000)
  from space 21824K, 100% used [0x00000007a6ab0000, 0x00000007a8000000, 0x00000007a8000000)
  to   space 21824K,   0% used [0x00000007a5560000, 0x00000007a5560000, 0x00000007a6ab0000)
 concurrent mark-sweep generation total 393216K, used 50440K [0x00000007a8000000, 0x00000007c0000000, 0x00000007c0000000)
 Metaspace       used 34595K, capacity 35212K, committed 35504K, reserved 1081344K
  class space    used 4014K, capacity 4187K, committed 4272K, reserved 1048576K
2016-10-23T19:08:28.807+0800: 132.982: [GC (Allocation Failure) 2016-10-23T19:08:28.808+0800: 132.982: [ParNew
Desired survivor size 20112992 bytes, new threshold 6 (max 8)
- age   1:    7743704 bytes,    7743704 total
- age   2:    2347312 bytes,   10091016 total
- age   3:    2328296 bytes,   12419312 total
- age   4:    2055984 bytes,   14475296 total
- age   5:    2245504 bytes,   16720800 total
- age   6:    3452728 bytes,   20173528 total
- age   7:     783752 bytes,   20957280 total
- age   8:     521144 bytes,   21478424 total
: 109248K->21824K(109248K), 0.0114011 secs] 159688K->73633K(502464K), 0.0114670 secs] [Times: user=0.03 sys=0.01, real=0.01 secs] 
Heap after GC invocations=18 (full 1):
 par new generation   total 109248K, used 21824K [0x00000007a0000000, 0x00000007a8000000, 0x00000007a8000000)
  eden space 87424K,   0% used [0x00000007a0000000, 0x00000007a0000000, 0x00000007a5560000)
  from space 21824K, 100% used [0x00000007a5560000, 0x00000007a6ab0000, 0x00000007a6ab0000)
  to   space 21824K,   0% used [0x00000007a6ab0000, 0x00000007a6ab0000, 0x00000007a8000000)
 concurrent mark-sweep generation total 393216K, used 51809K [0x00000007a8000000, 0x00000007c0000000, 0x00000007c0000000)
 Metaspace       used 34595K, capacity 35212K, committed 35504K, reserved 1081344K
  class space    used 4014K, capacity 4187K, committed 4272K, reserved 1048576K
}
2016-10-23T19:08:28.819+0800: 132.994: Total time for which application threads were stopped: 0.0116614 seconds, Stopping threads took: 0.0000285 seconds
{Heap before GC invocations=18 (full 1):
 par new generation   total 109248K, used 109248K [0x00000007a0000000, 0x00000007a8000000, 0x00000007a8000000)
  eden space 87424K, 100% used [0x00000007a0000000, 0x00000007a5560000, 0x00000007a5560000)
  from space 21824K, 100% used [0x00000007a5560000, 0x00000007a6ab0000, 0x00000007a6ab0000)
  to   space 21824K,   0% used [0x00000007a6ab0000, 0x00000007a6ab0000, 0x00000007a8000000)
 concurrent mark-sweep generation total 393216K, used 51809K [0x00000007a8000000, 0x00000007c0000000, 0x00000007c0000000)
 Metaspace       used 34596K, capacity 35212K, committed 35504K, reserved 1081344K
  class space    used 4014K, capacity 4187K, committed 4272K, reserved 1048576K
2016-10-23T19:08:29.092+0800: 133.267: [GC (Allocation Failure) 2016-10-23T19:08:29.092+0800: 133.267: [ParNew
Desired survivor size 20112992 bytes, new threshold 6 (max 8)
- age   1:    8670992 bytes,    8670992 total
- age   2:    5607504 bytes,   14278496 total
- age   3:    1035152 bytes,   15313648 total
- age   4:    2182200 bytes,   17495848 total
- age   5:    2042856 bytes,   19538704 total
- age   6:    2235448 bytes,   21774152 total
: 109248K->21824K(109248K), 0.0120318 secs] 161057K->78893K(502464K), 0.0120943 secs] [Times: user=0.04 sys=0.00, real=0.01 secs] 
Heap after GC invocations=19 (full 1):
 par new generation   total 109248K, used 21824K [0x00000007a0000000, 0x00000007a8000000, 0x00000007a8000000)
  eden space 87424K,   0% used [0x00000007a0000000, 0x00000007a0000000, 0x00000007a5560000)
  from space 21824K, 100% used [0x00000007a6ab0000, 0x00000007a8000000, 0x00000007a8000000)
  to   space 21824K,   0% used [0x00000007a5560000, 0x00000007a5560000, 0x00000007a6ab0000)
 concurrent mark-sweep generation total 393216K, used 57069K [0x00000007a8000000, 0x00000007c0000000, 0x00000007c0000000)
 Metaspace       used 34596K, capacity 35212K, committed 35504K, reserved 1081344K
  class space    used 4014K, capacity 4187K, committed 4272K, reserved 1048576K
}
2016-10-23T19:08:29.104+0800: 133.279: Total time for which application threads were stopped: 0.0123042 seconds, Stopping threads took: 0.0000316 seconds
{Heap before GC invocations=19 (full 1):
 par new generation   total 109248K, used 109248K [0x00000007a0000000, 0x00000007a8000000, 0x00000007a8000000)
  eden space 87424K, 100% used [0x00000007a0000000, 0x00000007a5560000, 0x00000007a5560000)
  from space 21824K, 100% used [0x00000007a6ab0000, 0x00000007a8000000, 0x00000007a8000000)
  to   space 21824K,   0% used [0x00000007a5560000, 0x00000007a5560000, 0x00000007a6ab0000)
 concurrent mark-sweep generation total 393216K, used 57069K [0x00000007a8000000, 0x00000007c0000000, 0x00000007c0000000)
 Metaspace       used 34596K, capacity 35212K, committed 35504K, reserved 1081344K
  class space    used 4014K, capacity 4187K, committed 4272K, reserved 1048576K
2016-10-23T19:08:29.360+0800: 133.534: [GC (Allocation Failure) 2016-10-23T19:08:29.360+0800: 133.534: [ParNew
Desired survivor size 20112992 bytes, new threshold 6 (max 8)
- age   1:    8321656 bytes,    8321656 total
- age   2:    6349128 bytes,   14670784 total
- age   3:    1791760 bytes,   16462544 total
- age   4:     985616 bytes,   17448160 total
- age   5:    2135144 bytes,   19583304 total
- age   6:    2002336 bytes,   21585640 total
: 109248K->21824K(109248K), 0.0121341 secs] 166317K->86029K(502464K), 0.0122104 secs] [Times: user=0.04 sys=0.00, real=0.01 secs] 
Heap after GC invocations=20 (full 1):
 par new generation   total 109248K, used 21824K [0x00000007a0000000, 0x00000007a8000000, 0x00000007a8000000)
  eden space 87424K,   0% used [0x00000007a0000000, 0x00000007a0000000, 0x00000007a5560000)
  from space 21824K, 100% used [0x00000007a5560000, 0x00000007a6ab0000, 0x00000007a6ab0000)
  to   space 21824K,   0% used [0x00000007a6ab0000, 0x00000007a6ab0000, 0x00000007a8000000)
 concurrent mark-sweep generation total 393216K, used 64205K [0x00000007a8000000, 0x00000007c0000000, 0x00000007c0000000)
 Metaspace       used 34596K, capacity 35212K, committed 35504K, reserved 1081344K
  class space    used 4014K, capacity 4187K, committed 4272K, reserved 1048576K
}
2016-10-23T19:08:29.372+0800: 133.547: Total time for which application threads were stopped: 0.0123930 seconds, Stopping threads took: 0.0000312 seconds
{Heap before GC invocations=20 (full 1):
 par new generation   total 109248K, used 109248K [0x00000007a0000000, 0x00000007a8000000, 0x00000007a8000000)
  eden space 87424K, 100% used [0x00000007a0000000, 0x00000007a5560000, 0x00000007a5560000)
  from space 21824K, 100% used [0x00000007a5560000, 0x00000007a6ab0000, 0x00000007a6ab0000)
  to   space 21824K,   0% used [0x00000007a6ab0000, 0x00000007a6ab0000, 0x00000007a8000000)
 concurrent mark-sweep generation total 393216K, used 64205K [0x00000007a8000000, 0x00000007c0000000, 0x00000007c0000000)
 Metaspace       used 34597K, capacity 35212K, committed 35504K, reserved 1081344K
  class space    used 4014K, capacity 4187K, committed 4272K, reserved 1048576K
2016-10-23T19:08:29.618+0800: 133.793: [GC (Allocation Failure) 2016-10-23T19:08:29.618+0800: 133.793: [ParNew
Desired survivor size 20112992 bytes, new threshold 8 (max 8)
- age   1:    7472624 bytes,    7472624 total
- age   2:    2590192 bytes,   10062816 total
- age   3:    3978872 bytes,   14041688 total
- age   4:    1730960 bytes,   15772648 total
- age   5:     922752 bytes,   16695400 total
- age   6:    2072552 bytes,   18767952 total
: 109248K->21824K(109248K), 0.0126138 secs] 173453K->94075K(502464K), 0.0126941 secs] [Times: user=0.04 sys=0.00, real=0.02 secs] 
Heap after GC invocations=21 (full 1):
 par new generation   total 109248K, used 21824K [0x00000007a0000000, 0x00000007a8000000, 0x00000007a8000000)
  eden space 87424K,   0% used [0x00000007a0000000, 0x00000007a0000000, 0x00000007a5560000)
  from space 21824K, 100% used [0x00000007a6ab0000, 0x00000007a8000000, 0x00000007a8000000)
  to   space 21824K,   0% used [0x00000007a5560000, 0x00000007a5560000, 0x00000007a6ab0000)
 concurrent mark-sweep generation total 393216K, used 72251K [0x00000007a8000000, 0x00000007c0000000, 0x00000007c0000000)
 Metaspace       used 34597K, capacity 35212K, committed 35504K, reserved 1081344K
  class space    used 4014K, capacity 4187K, committed 4272K, reserved 1048576K
}
2016-10-23T19:08:29.631+0800: 133.806: Total time for which application threads were stopped: 0.0128701 seconds, Stopping threads took: 0.0000330 seconds
{Heap before GC invocations=21 (full 1):
 par new generation   total 109248K, used 109248K [0x00000007a0000000, 0x00000007a8000000, 0x00000007a8000000)
  eden space 87424K, 100% used [0x00000007a0000000, 0x00000007a5560000, 0x00000007a5560000)
  from space 21824K, 100% used [0x00000007a6ab0000, 0x00000007a8000000, 0x00000007a8000000)
  to   space 21824K,   0% used [0x00000007a5560000, 0x00000007a5560000, 0x00000007a6ab0000)
 concurrent mark-sweep generation total 393216K, used 72251K [0x00000007a8000000, 0x00000007c0000000, 0x00000007c0000000)
 Metaspace       used 34598K, capacity 35212K, committed 35504K, reserved 1081344K
  class space    used 4014K, capacity 4187K, committed 4272K, reserved 1048576K
2016-10-23T19:08:29.882+0800: 134.056: [GC (Allocation Failure) 2016-10-23T19:08:29.882+0800: 134.056: [ParNew
Desired survivor size 20112992 bytes, new threshold 6 (max 8)
- age   1:    8787280 bytes,    8787280 total
- age   2:    3567448 bytes,   12354728 total
- age   3:    2237632 bytes,   14592360 total
- age   4:    3633384 bytes,   18225744 total
- age   5:    1573552 bytes,   19799296 total
- age   6:     862000 bytes,   20661296 total
- age   7:    2045728 bytes,   22707024 total
: 109248K->21824K(109248K), 0.0117659 secs] 181499K->97868K(502464K), 0.0118316 secs] [Times: user=0.04 sys=0.01, real=0.01 secs] 
Heap after GC invocations=22 (full 1):
 par new generation   total 109248K, used 21824K [0x00000007a0000000, 0x00000007a8000000, 0x00000007a8000000)
  eden space 87424K,   0% used [0x00000007a0000000, 0x00000007a0000000, 0x00000007a5560000)
  from space 21824K, 100% used [0x00000007a5560000, 0x00000007a6ab0000, 0x00000007a6ab0000)
  to   space 21824K,   0% used [0x00000007a6ab0000, 0x00000007a6ab0000, 0x00000007a8000000)
 concurrent mark-sweep generation total 393216K, used 76044K [0x00000007a8000000, 0x00000007c0000000, 0x00000007c0000000)
 Metaspace       used 34598K, capacity 35212K, committed 35504K, reserved 1081344K
  class space    used 4014K, capacity 4187K, committed 4272K, reserved 1048576K
}
2016-10-23T19:08:29.893+0800: 134.068: Total time for which application threads were stopped: 0.0120010 seconds, Stopping threads took: 0.0000318 seconds
{Heap before GC invocations=22 (full 1):
 par new generation   total 109248K, used 109248K [0x00000007a0000000, 0x00000007a8000000, 0x00000007a8000000)
  eden space 87424K, 100% used [0x00000007a0000000, 0x00000007a5560000, 0x00000007a5560000)
  from space 21824K, 100% used [0x00000007a5560000, 0x00000007a6ab0000, 0x00000007a6ab0000)
  to   space 21824K,   0% used [0x00000007a6ab0000, 0x00000007a6ab0000, 0x00000007a8000000)
 concurrent mark-sweep generation total 393216K, used 76044K [0x00000007a8000000, 0x00000007c0000000, 0x00000007c0000000)
 Metaspace       used 34598K, capacity 35212K, committed 35504K, reserved 1081344K
  class space    used 4014K, capacity 4187K, committed 4272K, reserved 1048576K
2016-10-23T19:08:30.155+0800: 134.330: [GC (Allocation Failure) 2016-10-23T19:08:30.155+0800: 134.330: [ParNew
Desired survivor size 20112992 bytes, new threshold 6 (max 8)
- age   1:    7135944 bytes,    7135944 total
- age   2:    4880936 bytes,   12016880 total
- age   3:    1669696 bytes,   13686576 total
- age   4:    2238848 bytes,   15925424 total
- age   5:    3634136 bytes,   19559560 total
- age   6:    1563544 bytes,   21123104 total
: 109248K->21824K(109248K), 0.0135070 secs] 185292K->106949K(502464K), 0.0135946 secs] [Times: user=0.05 sys=0.00, real=0.01 secs] 
Heap after GC invocations=23 (full 1):
 par new generation   total 109248K, used 21824K [0x00000007a0000000, 0x00000007a8000000, 0x00000007a8000000)
  eden space 87424K,   0% used [0x00000007a0000000, 0x00000007a0000000, 0x00000007a5560000)
  from space 21824K, 100% used [0x00000007a6ab0000, 0x00000007a8000000, 0x00000007a8000000)
  to   space 21824K,   0% used [0x00000007a5560000, 0x00000007a5560000, 0x00000007a6ab0000)
 concurrent mark-sweep generation total 393216K, used 85125K [0x00000007a8000000, 0x00000007c0000000, 0x00000007c0000000)
 Metaspace       used 34598K, capacity 35212K, committed 35504K, reserved 1081344K
  class space    used 4014K, capacity 4187K, committed 4272K, reserved 1048576K
}
2016-10-23T19:08:30.169+0800: 134.343: Total time for which application threads were stopped: 0.0137918 seconds, Stopping threads took: 0.0000306 seconds
{Heap before GC invocations=23 (full 1):
 par new generation   total 109248K, used 109248K [0x00000007a0000000, 0x00000007a8000000, 0x00000007a8000000)
  eden space 87424K, 100% used [0x00000007a0000000, 0x00000007a5560000, 0x00000007a5560000)
  from space 21824K, 100% used [0x00000007a6ab0000, 0x00000007a8000000, 0x00000007a8000000)
  to   space 21824K,   0% used [0x00000007a5560000, 0x00000007a5560000, 0x00000007a6ab0000)
 concurrent mark-sweep generation total 393216K, used 85125K [0x00000007a8000000, 0x00000007c0000000, 0x00000007c0000000)
 Metaspace       used 34598K, capacity 35212K, committed 35504K, reserved 1081344K
  class space    used 4014K, capacity 4187K, committed 4272K, reserved 1048576K
2016-10-23T19:08:30.415+0800: 134.590: [GC (Allocation Failure) 2016-10-23T19:08:30.415+0800: 134.590: [ParNew
Desired survivor size 20112992 bytes, new threshold 6 (max 8)
- age   1:    7955824 bytes,    7955824 total
- age   2:    4565144 bytes,   12520968 total
- age   3:    2140440 bytes,   14661408 total
- age   4:    1572512 bytes,   16233920 total
- age   5:    2154872 bytes,   18388792 total
- age   6:    3546592 bytes,   21935384 total
: 109248K->21824K(109248K), 0.0130444 secs] 194373K->112308K(502464K), 0.0131221 secs] [Times: user=0.04 sys=0.01, real=0.01 secs] 
Heap after GC invocations=24 (full 1):
 par new generation   total 109248K, used 21824K [0x00000007a0000000, 0x00000007a8000000, 0x00000007a8000000)
  eden space 87424K,   0% used [0x00000007a0000000, 0x00000007a0000000, 0x00000007a5560000)
  from space 21824K, 100% used [0x00000007a5560000, 0x00000007a6ab0000, 0x00000007a6ab0000)
  to   space 21824K,   0% used [0x00000007a6ab0000, 0x00000007a6ab0000, 0x00000007a8000000)
 concurrent mark-sweep generation total 393216K, used 90484K [0x00000007a8000000, 0x00000007c0000000, 0x00000007c0000000)
 Metaspace       used 34598K, capacity 35212K, committed 35504K, reserved 1081344K
  class space    used 4014K, capacity 4187K, committed 4272K, reserved 1048576K
}
2016-10-23T19:08:30.428+0800: 134.603: Total time for which application threads were stopped: 0.0132948 seconds, Stopping threads took: 0.0000220 seconds
{Heap before GC invocations=24 (full 1):
 par new generation   total 109248K, used 109248K [0x00000007a0000000, 0x00000007a8000000, 0x00000007a8000000)
  eden space 87424K, 100% used [0x00000007a0000000, 0x00000007a5560000, 0x00000007a5560000)
  from space 21824K, 100% used [0x00000007a5560000, 0x00000007a6ab0000, 0x00000007a6ab0000)
  to   space 21824K,   0% used [0x00000007a6ab0000, 0x00000007a6ab0000, 0x00000007a8000000)
 concurrent mark-sweep generation total 393216K, used 90484K [0x00000007a8000000, 0x00000007c0000000, 0x00000007c0000000)
 Metaspace       used 34598K, capacity 35212K, committed 35504K, reserved 1081344K
  class space    used 4014K, capacity 4187K, committed 4272K, reserved 1048576K
2016-10-23T19:08:30.678+0800: 134.853: [GC (Allocation Failure) 2016-10-23T19:08:30.678+0800: 134.853: [ParNew
Desired survivor size 20112992 bytes, new threshold 6 (max 8)
- age   1:    8915408 bytes,    8915408 total
- age   2:    6050432 bytes,   14965840 total
- age   3:    1156272 bytes,   16122112 total
- age   4:    1613024 bytes,   17735136 total
- age   5:    1494624 bytes,   19229760 total
- age   6:    2110792 bytes,   21340552 total
: 109248K->21824K(109248K), 0.0138384 secs] 199732K->120210K(502464K), 0.0140656 secs] [Times: user=0.05 sys=0.00, real=0.02 secs] 
Heap after GC invocations=25 (full 1):
 par new generation   total 109248K, used 21824K [0x00000007a0000000, 0x00000007a8000000, 0x00000007a8000000)
  eden space 87424K,   0% used [0x00000007a0000000, 0x00000007a0000000, 0x00000007a5560000)
  from space 21824K, 100% used [0x00000007a6ab0000, 0x00000007a8000000, 0x00000007a8000000)
  to   space 21824K,   0% used [0x00000007a5560000, 0x00000007a5560000, 0x00000007a6ab0000)
 concurrent mark-sweep generation total 393216K, used 98386K [0x00000007a8000000, 0x00000007c0000000, 0x00000007c0000000)
 Metaspace       used 34598K, capacity 35212K, committed 35504K, reserved 1081344K
  class space    used 4014K, capacity 4187K, committed 4272K, reserved 1048576K
}
2016-10-23T19:08:30.692+0800: 134.867: Total time for which application threads were stopped: 0.0142531 seconds, Stopping threads took: 0.0000320 seconds
{Heap before GC invocations=25 (full 1):
 par new generation   total 109248K, used 109248K [0x00000007a0000000, 0x00000007a8000000, 0x00000007a8000000)
  eden space 87424K, 100% used [0x00000007a0000000, 0x00000007a5560000, 0x00000007a5560000)
  from space 21824K, 100% used [0x00000007a6ab0000, 0x00000007a8000000, 0x00000007a8000000)
  to   space 21824K,   0% used [0x00000007a5560000, 0x00000007a5560000, 0x00000007a6ab0000)
 concurrent mark-sweep generation total 393216K, used 98386K [0x00000007a8000000, 0x00000007c0000000, 0x00000007c0000000)
 Metaspace       used 34598K, capacity 35212K, committed 35504K, reserved 1081344K
  class space    used 4014K, capacity 4187K, committed 4272K, reserved 1048576K
2016-10-23T19:08:30.935+0800: 135.110: [GC (Allocation Failure) 2016-10-23T19:08:30.935+0800: 135.110: [ParNew
Desired survivor size 20112992 bytes, new threshold 8 (max 8)
- age   1:    6587952 bytes,    6587952 total
- age   2:    6437216 bytes,   13025168 total
- age   3:    1497168 bytes,   14522336 total
- age   4:     891216 bytes,   15413552 total
- age   5:    1297608 bytes,   16711160 total
- age   6:    1479832 bytes,   18190992 total
: 109248K->21824K(109248K), 0.0136098 secs] 207634K->128178K(502464K), 0.0137020 secs] [Times: user=0.04 sys=0.01, real=0.01 secs] 
Heap after GC invocations=26 (full 1):
 par new generation   total 109248K, used 21824K [0x00000007a0000000, 0x00000007a8000000, 0x00000007a8000000)
  eden space 87424K,   0% used [0x00000007a0000000, 0x00000007a0000000, 0x00000007a5560000)
  from space 21824K, 100% used [0x00000007a5560000, 0x00000007a6ab0000, 0x00000007a6ab0000)
  to   space 21824K,   0% used [0x00000007a6ab0000, 0x00000007a6ab0000, 0x00000007a8000000)
 concurrent mark-sweep generation total 393216K, used 106354K [0x00000007a8000000, 0x00000007c0000000, 0x00000007c0000000)
 Metaspace       used 34598K, capacity 35212K, committed 35504K, reserved 1081344K
  class space    used 4014K, capacity 4187K, committed 4272K, reserved 1048576K
}
2016-10-23T19:08:30.949+0800: 135.124: Total time for which application threads were stopped: 0.0138911 seconds, Stopping threads took: 0.0000323 seconds
{Heap before GC invocations=26 (full 1):
 par new generation   total 109248K, used 109248K [0x00000007a0000000, 0x00000007a8000000, 0x00000007a8000000)
  eden space 87424K, 100% used [0x00000007a0000000, 0x00000007a5560000, 0x00000007a5560000)
  from space 21824K, 100% used [0x00000007a5560000, 0x00000007a6ab0000, 0x00000007a6ab0000)
  to   space 21824K,   0% used [0x00000007a6ab0000, 0x00000007a6ab0000, 0x00000007a8000000)
 concurrent mark-sweep generation total 393216K, used 106354K [0x00000007a8000000, 0x00000007c0000000, 0x00000007c0000000)
 Metaspace       used 34598K, capacity 35212K, committed 35504K, reserved 1081344K
  class space    used 4014K, capacity 4187K, committed 4272K, reserved 1048576K
2016-10-23T19:08:31.207+0800: 135.382: [GC (Allocation Failure) 2016-10-23T19:08:31.207+0800: 135.382: [ParNew
Desired survivor size 20112992 bytes, new threshold 8 (max 8)
- age   1:    3694432 bytes,    3694432 total
- age   2:    4848840 bytes,    8543272 total
- age   3:    5404848 bytes,   13948120 total
- age   4:    1382960 bytes,   15331080 total
- age   5:     880688 bytes,   16211768 total
- age   6:    1286952 bytes,   17498720 total
- age   7:    1470952 bytes,   18969672 total
: 109248K->21824K(109248K), 0.0107647 secs] 215602K->130614K(502464K), 0.0108237 secs] [Times: user=0.04 sys=0.00, real=0.01 secs] 
Heap after GC invocations=27 (full 1):
 par new generation   total 109248K, used 21824K [0x00000007a0000000, 0x00000007a8000000, 0x00000007a8000000)
  eden space 87424K,   0% used [0x00000007a0000000, 0x00000007a0000000, 0x00000007a5560000)
  from space 21824K, 100% used [0x00000007a6ab0000, 0x00000007a8000000, 0x00000007a8000000)
  to   space 21824K,   0% used [0x00000007a5560000, 0x00000007a5560000, 0x00000007a6ab0000)
 concurrent mark-sweep generation total 393216K, used 108790K [0x00000007a8000000, 0x00000007c0000000, 0x00000007c0000000)
 Metaspace       used 34598K, capacity 35212K, committed 35504K, reserved 1081344K
  class space    used 4014K, capacity 4187K, committed 4272K, reserved 1048576K
}
2016-10-23T19:08:31.218+0800: 135.393: Total time for which application threads were stopped: 0.0109957 seconds, Stopping threads took: 0.0000304 seconds
{Heap before GC invocations=27 (full 1):
 par new generation   total 109248K, used 109248K [0x00000007a0000000, 0x00000007a8000000, 0x00000007a8000000)
  eden space 87424K, 100% used [0x00000007a0000000, 0x00000007a5560000, 0x00000007a5560000)
  from space 21824K, 100% used [0x00000007a6ab0000, 0x00000007a8000000, 0x00000007a8000000)
  to   space 21824K,   0% used [0x00000007a5560000, 0x00000007a5560000, 0x00000007a6ab0000)
 concurrent mark-sweep generation total 393216K, used 108790K [0x00000007a8000000, 0x00000007c0000000, 0x00000007c0000000)
 Metaspace       used 34598K, capacity 35212K, committed 35504K, reserved 1081344K
  class space    used 4014K, capacity 4187K, committed 4272K, reserved 1048576K
2016-10-23T19:08:31.453+0800: 135.627: [GC (Allocation Failure) 2016-10-23T19:08:31.453+0800: 135.628: [ParNew
Desired survivor size 20112992 bytes, new threshold 8 (max 8)
- age   1:    6283256 bytes,    6283256 total
- age   2:    3624648 bytes,    9907904 total
- age   3:    3659312 bytes,   13567216 total
- age   4:    2960336 bytes,   16527552 total
- age   5:    1367624 bytes,   17895176 total
- age   6:     864480 bytes,   18759656 total
- age   7:    1238616 bytes,   19998272 total
- age   8:    1459880 bytes,   21458152 total
: 109248K->21824K(109248K), 0.0132233 secs] 218038K->138364K(502464K), 0.0132913 secs] [Times: user=0.05 sys=0.01, real=0.01 secs] 
Heap after GC invocations=28 (full 1):
 par new generation   total 109248K, used 21824K [0x00000007a0000000, 0x00000007a8000000, 0x00000007a8000000)
  eden space 87424K,   0% used [0x00000007a0000000, 0x00000007a0000000, 0x00000007a5560000)
  from space 21824K, 100% used [0x00000007a5560000, 0x00000007a6ab0000, 0x00000007a6ab0000)
  to   space 21824K,   0% used [0x00000007a6ab0000, 0x00000007a6ab0000, 0x00000007a8000000)
 concurrent mark-sweep generation total 393216K, used 116540K [0x00000007a8000000, 0x00000007c0000000, 0x00000007c0000000)
 Metaspace       used 34598K, capacity 35212K, committed 35504K, reserved 1081344K
  class space    used 4014K, capacity 4187K, committed 4272K, reserved 1048576K
}
2016-10-23T19:08:31.466+0800: 135.641: Total time for which application threads were stopped: 0.0134521 seconds, Stopping threads took: 0.0000286 seconds
{Heap before GC invocations=28 (full 1):
 par new generation   total 109248K, used 109248K [0x00000007a0000000, 0x00000007a8000000, 0x00000007a8000000)
  eden space 87424K, 100% used [0x00000007a0000000, 0x00000007a5560000, 0x00000007a5560000)
  from space 21824K, 100% used [0x00000007a5560000, 0x00000007a6ab0000, 0x00000007a6ab0000)
  to   space 21824K,   0% used [0x00000007a6ab0000, 0x00000007a6ab0000, 0x00000007a8000000)
 concurrent mark-sweep generation total 393216K, used 116540K [0x00000007a8000000, 0x00000007c0000000, 0x00000007c0000000)
 Metaspace       used 34606K, capacity 35212K, committed 35504K, reserved 1081344K
  class space    used 4014K, capacity 4187K, committed 4272K, reserved 1048576K
2016-10-23T19:08:31.722+0800: 135.896: [GC (Allocation Failure) 2016-10-23T19:08:31.722+0800: 135.896: [ParNew
Desired survivor size 20112992 bytes, new threshold 8 (max 8)
- age   1:    4890056 bytes,    4890056 total
- age   2:    4346944 bytes,    9237000 total
- age   3:    1672576 bytes,   10909576 total
- age   4:    1186960 bytes,   12096536 total
- age   5:    2960048 bytes,   15056584 total
- age   6:    1367416 bytes,   16424000 total
- age   7:     864344 bytes,   17288344 total
- age   8:    1008936 bytes,   18297280 total
: 109248K->21824K(109248K), 0.0142780 secs] 225788K->144279K(502464K), 0.0143483 secs] [Times: user=0.05 sys=0.00, real=0.01 secs] 
Heap after GC invocations=29 (full 1):
 par new generation   total 109248K, used 21824K [0x00000007a0000000, 0x00000007a8000000, 0x00000007a8000000)
  eden space 87424K,   0% used [0x00000007a0000000, 0x00000007a0000000, 0x00000007a5560000)
  from space 21824K, 100% used [0x00000007a6ab0000, 0x00000007a8000000, 0x00000007a8000000)
  to   space 21824K,   0% used [0x00000007a5560000, 0x00000007a5560000, 0x00000007a6ab0000)
 concurrent mark-sweep generation total 393216K, used 122455K [0x00000007a8000000, 0x00000007c0000000, 0x00000007c0000000)
 Metaspace       used 34606K, capacity 35212K, committed 35504K, reserved 1081344K
  class space    used 4014K, capacity 4187K, committed 4272K, reserved 1048576K
}
2016-10-23T19:08:31.736+0800: 135.911: Total time for which application threads were stopped: 0.0145407 seconds, Stopping threads took: 0.0000302 seconds
{Heap before GC invocations=29 (full 1):
 par new generation   total 109248K, used 109071K [0x00000007a0000000, 0x00000007a8000000, 0x00000007a8000000)
  eden space 87424K,  99% used [0x00000007a0000000, 0x00000007a5533cb0, 0x00000007a5560000)
  from space 21824K, 100% used [0x00000007a6ab0000, 0x00000007a8000000, 0x00000007a8000000)
  to   space 21824K,   0% used [0x00000007a5560000, 0x00000007a5560000, 0x00000007a6ab0000)
 concurrent mark-sweep generation total 393216K, used 122455K [0x00000007a8000000, 0x00000007c0000000, 0x00000007c0000000)
 Metaspace       used 34606K, capacity 35212K, committed 35504K, reserved 1081344K
  class space    used 4014K, capacity 4187K, committed 4272K, reserved 1048576K
2016-10-23T19:08:31.989+0800: 136.163: [GC (Allocation Failure) 2016-10-23T19:08:31.989+0800: 136.164: [ParNew
Desired survivor size 20112992 bytes, new threshold 8 (max 8)
- age   1:    2810208 bytes,    2810208 total
- age   2:    4870288 bytes,    7680496 total
- age   3:    4314120 bytes,   11994616 total
- age   4:    1410768 bytes,   13405384 total
- age   5:    1181792 bytes,   14587176 total
- age   6:    2716488 bytes,   17303664 total
- age   7:    1123144 bytes,   18426808 total
- age   8:     721632 bytes,   19148440 total
: 109071K->21824K(109248K), 0.0130938 secs] 231526K->150074K(502464K), 0.0131884 secs] [Times: user=0.05 sys=0.01, real=0.02 secs] 
Heap after GC invocations=30 (full 1):
 par new generation   total 109248K, used 21824K [0x00000007a0000000, 0x00000007a8000000, 0x00000007a8000000)
  eden space 87424K,   0% used [0x00000007a0000000, 0x00000007a0000000, 0x00000007a5560000)
  from space 21824K, 100% used [0x00000007a5560000, 0x00000007a6ab0000, 0x00000007a6ab0000)
  to   space 21824K,   0% used [0x00000007a6ab0000, 0x00000007a6ab0000, 0x00000007a8000000)
 concurrent mark-sweep generation total 393216K, used 128250K [0x00000007a8000000, 0x00000007c0000000, 0x00000007c0000000)
 Metaspace       used 34606K, capacity 35212K, committed 35504K, reserved 1081344K
  class space    used 4014K, capacity 4187K, committed 4272K, reserved 1048576K
}
2016-10-23T19:08:32.002+0800: 136.177: Total time for which application threads were stopped: 0.0133664 seconds, Stopping threads took: 0.0000294 seconds
{Heap before GC invocations=30 (full 1):
 par new generation   total 109248K, used 109248K [0x00000007a0000000, 0x00000007a8000000, 0x00000007a8000000)
  eden space 87424K, 100% used [0x00000007a0000000, 0x00000007a5560000, 0x00000007a5560000)
  from space 21824K, 100% used [0x00000007a5560000, 0x00000007a6ab0000, 0x00000007a6ab0000)
  to   space 21824K,   0% used [0x00000007a6ab0000, 0x00000007a6ab0000, 0x00000007a8000000)
 concurrent mark-sweep generation total 393216K, used 128250K [0x00000007a8000000, 0x00000007c0000000, 0x00000007c0000000)
 Metaspace       used 34606K, capacity 35212K, committed 35504K, reserved 1081344K
  class space    used 4014K, capacity 4187K, committed 4272K, reserved 1048576K
2016-10-23T19:08:32.267+0800: 136.442: [GC (Allocation Failure) 2016-10-23T19:08:32.267+0800: 136.442: [ParNew
Desired survivor size 20112992 bytes, new threshold 7 (max 8)
- age   1:    7577632 bytes,    7577632 total
- age   2:    2240856 bytes,    9818488 total
- age   3:    4618128 bytes,   14436616 total
- age   4:    1942160 bytes,   16378776 total
- age   5:    1293888 bytes,   17672664 total
- age   6:     991704 bytes,   18664368 total
- age   7:    2572560 bytes,   21236928 total
- age   8:    1053656 bytes,   22290584 total
: 109248K->21824K(109248K), 0.0138029 secs] 237498K->153542K(502464K), 0.0139002 secs] [Times: user=0.04 sys=0.00, real=0.02 secs] 
Heap after GC invocations=31 (full 1):
 par new generation   total 109248K, used 21824K [0x00000007a0000000, 0x00000007a8000000, 0x00000007a8000000)
  eden space 87424K,   0% used [0x00000007a0000000, 0x00000007a0000000, 0x00000007a5560000)
  from space 21824K, 100% used [0x00000007a6ab0000, 0x00000007a8000000, 0x00000007a8000000)
  to   space 21824K,   0% used [0x00000007a5560000, 0x00000007a5560000, 0x00000007a6ab0000)
 concurrent mark-sweep generation total 393216K, used 131718K [0x00000007a8000000, 0x00000007c0000000, 0x00000007c0000000)
 Metaspace       used 34606K, capacity 35212K, committed 35504K, reserved 1081344K
  class space    used 4014K, capacity 4187K, committed 4272K, reserved 1048576K
}
2016-10-23T19:08:32.281+0800: 136.456: Total time for which application threads were stopped: 0.0141191 seconds, Stopping threads took: 0.0000308 seconds
{Heap before GC invocations=31 (full 1):
 par new generation   total 109248K, used 109248K [0x00000007a0000000, 0x00000007a8000000, 0x00000007a8000000)
  eden space 87424K, 100% used [0x00000007a0000000, 0x00000007a5560000, 0x00000007a5560000)
  from space 21824K, 100% used [0x00000007a6ab0000, 0x00000007a8000000, 0x00000007a8000000)
  to   space 21824K,   0% used [0x00000007a5560000, 0x00000007a5560000, 0x00000007a6ab0000)
 concurrent mark-sweep generation total 393216K, used 131718K [0x00000007a8000000, 0x00000007c0000000, 0x00000007c0000000)
 Metaspace       used 34606K, capacity 35212K, committed 35504K, reserved 1081344K
  class space    used 4014K, capacity 4187K, committed 4272K, reserved 1048576K
2016-10-23T19:08:32.524+0800: 136.699: [GC (Allocation Failure) 2016-10-23T19:08:32.524+0800: 136.699: [ParNew
Desired survivor size 20112992 bytes, new threshold 7 (max 8)
- age   1:    7347568 bytes,    7347568 total
- age   2:    6593376 bytes,   13940944 total
- age   3:    2155904 bytes,   16096848 total
- age   4:     918648 bytes,   17015496 total
- age   5:    1825176 bytes,   18840672 total
- age   6:     917088 bytes,   19757760 total
- age   7:     918664 bytes,   20676424 total
: 109248K->21824K(109248K), 0.0164244 secs] 240966K->163974K(502464K), 0.0165040 secs] [Times: user=0.05 sys=0.01, real=0.02 secs] 
Heap after GC invocations=32 (full 1):
 par new generation   total 109248K, used 21824K [0x00000007a0000000, 0x00000007a8000000, 0x00000007a8000000)
  eden space 87424K,   0% used [0x00000007a0000000, 0x00000007a0000000, 0x00000007a5560000)
  from space 21824K, 100% used [0x00000007a5560000, 0x00000007a6ab0000, 0x00000007a6ab0000)
  to   space 21824K,   0% used [0x00000007a6ab0000, 0x00000007a6ab0000, 0x00000007a8000000)
 concurrent mark-sweep generation total 393216K, used 142150K [0x00000007a8000000, 0x00000007c0000000, 0x00000007c0000000)
 Metaspace       used 34606K, capacity 35212K, committed 35504K, reserved 1081344K
  class space    used 4014K, capacity 4187K, committed 4272K, reserved 1048576K
}
2016-10-23T19:08:32.540+0800: 136.715: Total time for which application threads were stopped: 0.0167053 seconds, Stopping threads took: 0.0000334 seconds
{Heap before GC invocations=32 (full 1):
 par new generation   total 109248K, used 109248K [0x00000007a0000000, 0x00000007a8000000, 0x00000007a8000000)
  eden space 87424K, 100% used [0x00000007a0000000, 0x00000007a5560000, 0x00000007a5560000)
  from space 21824K, 100% used [0x00000007a5560000, 0x00000007a6ab0000, 0x00000007a6ab0000)
  to   space 21824K,   0% used [0x00000007a6ab0000, 0x00000007a6ab0000, 0x00000007a8000000)
 concurrent mark-sweep generation total 393216K, used 142150K [0x00000007a8000000, 0x00000007c0000000, 0x00000007c0000000)
 Metaspace       used 34606K, capacity 35212K, committed 35504K, reserved 1081344K
  class space    used 4014K, capacity 4187K, committed 4272K, reserved 1048576K
2016-10-23T19:08:32.807+0800: 136.982: [GC (Allocation Failure) 2016-10-23T19:08:32.807+0800: 136.982: [ParNew
Desired survivor size 20112992 bytes, new threshold 6 (max 8)
- age   1:    4533904 bytes,    4533904 total
- age   2:    5931120 bytes,   10465024 total
- age   3:    6242728 bytes,   16707752 total
- age   4:    1730904 bytes,   18438656 total
- age   5:     850080 bytes,   19288736 total
- age   6:    1760824 bytes,   21049560 total
- age   7:     844208 bytes,   21893768 total
: 109248K->21824K(109248K), 0.0127431 secs] 251398K->168053K(502464K), 0.0128090 secs] [Times: user=0.04 sys=0.00, real=0.02 secs] 
Heap after GC invocations=33 (full 1):
 par new generation   total 109248K, used 21824K [0x00000007a0000000, 0x00000007a8000000, 0x00000007a8000000)
  eden space 87424K,   0% used [0x00000007a0000000, 0x00000007a0000000, 0x00000007a5560000)
  from space 21824K, 100% used [0x00000007a6ab0000, 0x00000007a8000000, 0x00000007a8000000)
  to   space 21824K,   0% used [0x00000007a5560000, 0x00000007a5560000, 0x00000007a6ab0000)
 concurrent mark-sweep generation total 393216K, used 146229K [0x00000007a8000000, 0x00000007c0000000, 0x00000007c0000000)
 Metaspace       used 34606K, capacity 35212K, committed 35504K, reserved 1081344K
  class space    used 4014K, capacity 4187K, committed 4272K, reserved 1048576K
}
2016-10-23T19:08:32.820+0800: 136.995: Total time for which application threads were stopped: 0.0129767 seconds, Stopping threads took: 0.0000305 seconds
{Heap before GC invocations=33 (full 1):
 par new generation   total 109248K, used 109248K [0x00000007a0000000, 0x00000007a8000000, 0x00000007a8000000)
  eden space 87424K, 100% used [0x00000007a0000000, 0x00000007a5560000, 0x00000007a5560000)
  from space 21824K, 100% used [0x00000007a6ab0000, 0x00000007a8000000, 0x00000007a8000000)
  to   space 21824K,   0% used [0x00000007a5560000, 0x00000007a5560000, 0x00000007a6ab0000)
 concurrent mark-sweep generation total 393216K, used 146229K [0x00000007a8000000, 0x00000007c0000000, 0x00000007c0000000)
 Metaspace       used 34606K, capacity 35212K, committed 35504K, reserved 1081344K
  class space    used 4014K, capacity 4187K, committed 4272K, reserved 1048576K
2016-10-23T19:08:33.088+0800: 137.263: [GC (Allocation Failure) 2016-10-23T19:08:33.088+0800: 137.263: [ParNew
Desired survivor size 20112992 bytes, new threshold 5 (max 8)
- age   1:    5198968 bytes,    5198968 total
- age   2:    4506904 bytes,    9705872 total
- age   3:    5336936 bytes,   15042808 total
- age   4:    4052728 bytes,   19095536 total
- age   5:    1723208 bytes,   20818744 total
- age   6:     845072 bytes,   21663816 total
: 109248K->21824K(109248K), 0.0160328 secs] 255477K->180519K(502464K), 0.0161043 secs] [Times: user=0.05 sys=0.01, real=0.02 secs] 
Heap after GC invocations=34 (full 1):
 par new generation   total 109248K, used 21824K [0x00000007a0000000, 0x00000007a8000000, 0x00000007a8000000)
  eden space 87424K,   0% used [0x00000007a0000000, 0x00000007a0000000, 0x00000007a5560000)
  from space 21824K, 100% used [0x00000007a5560000, 0x00000007a6ab0000, 0x00000007a6ab0000)
  to   space 21824K,   0% used [0x00000007a6ab0000, 0x00000007a6ab0000, 0x00000007a8000000)
 concurrent mark-sweep generation total 393216K, used 158695K [0x00000007a8000000, 0x00000007c0000000, 0x00000007c0000000)
 Metaspace       used 34606K, capacity 35212K, committed 35504K, reserved 1081344K
  class space    used 4014K, capacity 4187K, committed 4272K, reserved 1048576K
}
2016-10-23T19:08:33.104+0800: 137.279: Total time for which application threads were stopped: 0.0162754 seconds, Stopping threads took: 0.0000332 seconds
{Heap before GC invocations=34 (full 1):
 par new generation   total 109248K, used 109248K [0x00000007a0000000, 0x00000007a8000000, 0x00000007a8000000)
  eden space 87424K, 100% used [0x00000007a0000000, 0x00000007a5560000, 0x00000007a5560000)
  from space 21824K, 100% used [0x00000007a5560000, 0x00000007a6ab0000, 0x00000007a6ab0000)
  to   space 21824K,   0% used [0x00000007a6ab0000, 0x00000007a6ab0000, 0x00000007a8000000)
 concurrent mark-sweep generation total 393216K, used 158695K [0x00000007a8000000, 0x00000007c0000000, 0x00000007c0000000)
 Metaspace       used 34607K, capacity 35212K, committed 35504K, reserved 1081344K
  class space    used 4014K, capacity 4187K, committed 4272K, reserved 1048576K
2016-10-23T19:08:33.354+0800: 137.528: [GC (Allocation Failure) 2016-10-23T19:08:33.354+0800: 137.529: [ParNew
Desired survivor size 20112992 bytes, new threshold 5 (max 8)
- age   1:    6207192 bytes,    6207192 total
- age   2:    3483080 bytes,    9690272 total
- age   3:    4473288 bytes,   14163560 total
- age   4:    2226704 bytes,   16390264 total
- age   5:    4030296 bytes,   20420560 total
: 109248K->21824K(109248K), 0.0172032 secs] 267943K->191391K(502464K), 0.0172538 secs] [Times: user=0.06 sys=0.01, real=0.02 secs] 
Heap after GC invocations=35 (full 1):
 par new generation   total 109248K, used 21824K [0x00000007a0000000, 0x00000007a8000000, 0x00000007a8000000)
  eden space 87424K,   0% used [0x00000007a0000000, 0x00000007a0000000, 0x00000007a5560000)
  from space 21824K, 100% used [0x00000007a6ab0000, 0x00000007a8000000, 0x00000007a8000000)
  to   space 21824K,   0% used [0x00000007a5560000, 0x00000007a5560000, 0x00000007a6ab0000)
 concurrent mark-sweep generation total 393216K, used 169567K [0x00000007a8000000, 0x00000007c0000000, 0x00000007c0000000)
 Metaspace       used 34607K, capacity 35212K, committed 35504K, reserved 1081344K
  class space    used 4014K, capacity 4187K, committed 4272K, reserved 1048576K
}
2016-10-23T19:08:33.371+0800: 137.546: Total time for which application threads were stopped: 0.0174154 seconds, Stopping threads took: 0.0000283 seconds
2016-10-23T19:08:34.000+0800: 138.175: Total time for which application threads were stopped: 0.0001634 seconds, Stopping threads took: 0.0000171 seconds
{Heap before GC invocations=35 (full 1):
 par new generation   total 109248K, used 109248K [0x00000007a0000000, 0x00000007a8000000, 0x00000007a8000000)
  eden space 87424K, 100% used [0x00000007a0000000, 0x00000007a5560000, 0x00000007a5560000)
  from space 21824K, 100% used [0x00000007a6ab0000, 0x00000007a8000000, 0x00000007a8000000)
  to   space 21824K,   0% used [0x00000007a5560000, 0x00000007a5560000, 0x00000007a6ab0000)
 concurrent mark-sweep generation total 393216K, used 169567K [0x00000007a8000000, 0x00000007c0000000, 0x00000007c0000000)
 Metaspace       used 34888K, capacity 35500K, committed 35760K, reserved 1081344K
  class space    used 4039K, capacity 4219K, committed 4272K, reserved 1048576K
2016-10-23T19:08:34.253+0800: 138.428: [GC (Allocation Failure) 2016-10-23T19:08:34.253+0800: 138.428: [ParNew
Desired survivor size 20112992 bytes, new threshold 8 (max 8)
- age   1:    2551632 bytes,    2551632 total
- age   2:    3471888 bytes,    6023520 total
- age   3:    3350760 bytes,    9374280 total
- age   4:    4062752 bytes,   13437032 total
- age   5:    1721224 bytes,   15158256 total
: 109248K->21824K(109248K), 0.0129618 secs] 278815K->198273K(502464K), 0.0130220 secs] [Times: user=0.05 sys=0.00, real=0.01 secs] 
Heap after GC invocations=36 (full 1):
 par new generation   total 109248K, used 21824K [0x00000007a0000000, 0x00000007a8000000, 0x00000007a8000000)
  eden space 87424K,   0% used [0x00000007a0000000, 0x00000007a0000000, 0x00000007a5560000)
  from space 21824K, 100% used [0x00000007a5560000, 0x00000007a6ab0000, 0x00000007a6ab0000)
  to   space 21824K,   0% used [0x00000007a6ab0000, 0x00000007a6ab0000, 0x00000007a8000000)
 concurrent mark-sweep generation total 393216K, used 176449K [0x00000007a8000000, 0x00000007c0000000, 0x00000007c0000000)
 Metaspace       used 34888K, capacity 35500K, committed 35760K, reserved 1081344K
  class space    used 4039K, capacity 4219K, committed 4272K, reserved 1048576K
}
2016-10-23T19:08:34.266+0800: 138.441: Total time for which application threads were stopped: 0.0133054 seconds, Stopping threads took: 0.0000331 seconds
2016-10-23T19:08:35.271+0800: 139.446: Total time for which application threads were stopped: 0.0002577 seconds, Stopping threads took: 0.0000830 seconds
{Heap before GC invocations=36 (full 1):
 par new generation   total 109248K, used 109248K [0x00000007a0000000, 0x00000007a8000000, 0x00000007a8000000)
  eden space 87424K, 100% used [0x00000007a0000000, 0x00000007a5560000, 0x00000007a5560000)
  from space 21824K, 100% used [0x00000007a5560000, 0x00000007a6ab0000, 0x00000007a6ab0000)
  to   space 21824K,   0% used [0x00000007a6ab0000, 0x00000007a6ab0000, 0x00000007a8000000)
 concurrent mark-sweep generation total 393216K, used 176449K [0x00000007a8000000, 0x00000007c0000000, 0x00000007c0000000)
 Metaspace       used 35082K, capacity 35628K, committed 36016K, reserved 1081344K
  class space    used 4049K, capacity 4219K, committed 4272K, reserved 1048576K
2016-10-23T19:08:35.304+0800: 139.479: [GC (Allocation Failure) 2016-10-23T19:08:35.304+0800: 139.479: [ParNew
Desired survivor size 20112992 bytes, new threshold 8 (max 8)
- age   1:     198160 bytes,     198160 total
- age   2:    2434376 bytes,    2632536 total
- age   3:    3471888 bytes,    6104424 total
- age   4:    3350760 bytes,    9455184 total
- age   5:    4383592 bytes,   13838776 total
- age   6:    1721224 bytes,   15560000 total
: 109248K->19499K(109248K), 0.0102814 secs] 285697K->195948K(502464K), 0.0103273 secs] [Times: user=0.05 sys=0.00, real=0.01 secs] 
Heap after GC invocations=37 (full 1):
 par new generation   total 109248K, used 19499K [0x00000007a0000000, 0x00000007a8000000, 0x00000007a8000000)
  eden space 87424K,   0% used [0x00000007a0000000, 0x00000007a0000000, 0x00000007a5560000)
  from space 21824K,  89% used [0x00000007a6ab0000, 0x00000007a7dbac30, 0x00000007a8000000)
  to   space 21824K,   0% used [0x00000007a5560000, 0x00000007a5560000, 0x00000007a6ab0000)
 concurrent mark-sweep generation total 393216K, used 176449K [0x00000007a8000000, 0x00000007c0000000, 0x00000007c0000000)
 Metaspace       used 35082K, capacity 35628K, committed 36016K, reserved 1081344K
  class space    used 4049K, capacity 4219K, committed 4272K, reserved 1048576K
}
2016-10-23T19:08:35.314+0800: 139.489: Total time for which application threads were stopped: 0.0104901 seconds, Stopping threads took: 0.0000412 seconds
{Heap before GC invocations=37 (full 1):
 par new generation   total 109248K, used 106923K [0x00000007a0000000, 0x00000007a8000000, 0x00000007a8000000)
  eden space 87424K, 100% used [0x00000007a0000000, 0x00000007a5560000, 0x00000007a5560000)
  from space 21824K,  89% used [0x00000007a6ab0000, 0x00000007a7dbac30, 0x00000007a8000000)
  to   space 21824K,   0% used [0x00000007a5560000, 0x00000007a5560000, 0x00000007a6ab0000)
 concurrent mark-sweep generation total 393216K, used 176449K [0x00000007a8000000, 0x00000007c0000000, 0x00000007c0000000)
 Metaspace       used 35082K, capacity 35628K, committed 36016K, reserved 1081344K
  class space    used 4049K, capacity 4219K, committed 4272K, reserved 1048576K
2016-10-23T19:08:35.468+0800: 139.643: [GC (Allocation Failure) 2016-10-23T19:08:35.468+0800: 139.643: [ParNew
Desired survivor size 20112992 bytes, new threshold 8 (max 8)
- age   1:      56584 bytes,      56584 total
- age   2:     122264 bytes,     178848 total
- age   3:    2434376 bytes,    2613224 total
- age   4:    3471912 bytes,    6085136 total
- age   5:    3350760 bytes,    9435896 total
- age   6:    4062752 bytes,   13498648 total
- age   7:    1721224 bytes,   15219872 total
: 106923K->19338K(109248K), 0.0108207 secs] 283372K->195787K(502464K), 0.0108769 secs] [Times: user=0.06 sys=0.00, real=0.01 secs] 
Heap after GC invocations=38 (full 1):
 par new generation   total 109248K, used 19338K [0x00000007a0000000, 0x00000007a8000000, 0x00000007a8000000)
  eden space 87424K,   0% used [0x00000007a0000000, 0x00000007a0000000, 0x00000007a5560000)
  from space 21824K,  88% used [0x00000007a5560000, 0x00000007a6842980, 0x00000007a6ab0000)
  to   space 21824K,   0% used [0x00000007a6ab0000, 0x00000007a6ab0000, 0x00000007a8000000)
 concurrent mark-sweep generation total 393216K, used 176449K [0x00000007a8000000, 0x00000007c0000000, 0x00000007c0000000)
 Metaspace       used 35082K, capacity 35628K, committed 36016K, reserved 1081344K
  class space    used 4049K, capacity 4219K, committed 4272K, reserved 1048576K
}
2016-10-23T19:08:35.479+0800: 139.654: Total time for which application threads were stopped: 0.0110229 seconds, Stopping threads took: 0.0000176 seconds
2016-10-23T19:08:35.496+0800: 139.671: Total time for which application threads were stopped: 0.0001113 seconds, Stopping threads took: 0.0000168 seconds
{Heap before GC invocations=38 (full 1):
 par new generation   total 109248K, used 106762K [0x00000007a0000000, 0x00000007a8000000, 0x00000007a8000000)
  eden space 87424K, 100% used [0x00000007a0000000, 0x00000007a5560000, 0x00000007a5560000)
  from space 21824K,  88% used [0x00000007a5560000, 0x00000007a6842980, 0x00000007a6ab0000)
  to   space 21824K,   0% used [0x00000007a6ab0000, 0x00000007a6ab0000, 0x00000007a8000000)
 concurrent mark-sweep generation total 393216K, used 176449K [0x00000007a8000000, 0x00000007c0000000, 0x00000007c0000000)
 Metaspace       used 35086K, capacity 35628K, committed 36016K, reserved 1081344K
  class space    used 4050K, capacity 4219K, committed 4272K, reserved 1048576K
2016-10-23T19:08:35.683+0800: 139.858: [GC (Allocation Failure) 2016-10-23T19:08:35.683+0800: 139.858: [ParNew
Desired survivor size 20112992 bytes, new threshold 8 (max 8)
- age   1:      56784 bytes,      56784 total
- age   2:        800 bytes,      57584 total
- age   3:      76392 bytes,     133976 total
- age   4:    2434376 bytes,    2568352 total
- age   5:    3471912 bytes,    6040264 total
- age   6:    3350760 bytes,    9391024 total
- age   7:    4062752 bytes,   13453776 total
- age   8:    1721224 bytes,   15175000 total
: 106762K->17687K(109248K), 0.0103742 secs] 283211K->194136K(502464K), 0.0104353 secs] [Times: user=0.05 sys=0.00, real=0.01 secs] 
Heap after GC invocations=39 (full 1):
 par new generation   total 109248K, used 17687K [0x00000007a0000000, 0x00000007a8000000, 0x00000007a8000000)
  eden space 87424K,   0% used [0x00000007a0000000, 0x00000007a0000000, 0x00000007a5560000)
  from space 21824K,  81% used [0x00000007a6ab0000, 0x00000007a7bf5c40, 0x00000007a8000000)
  to   space 21824K,   0% used [0x00000007a5560000, 0x00000007a5560000, 0x00000007a6ab0000)
 concurrent mark-sweep generation total 393216K, used 176449K [0x00000007a8000000, 0x00000007c0000000, 0x00000007c0000000)
 Metaspace       used 35086K, capacity 35628K, committed 36016K, reserved 1081344K
  class space    used 4050K, capacity 4219K, committed 4272K, reserved 1048576K
}
2016-10-23T19:08:35.693+0800: 139.868: Total time for which application threads were stopped: 0.0106030 seconds, Stopping threads took: 0.0000183 seconds
{Heap before GC invocations=39 (full 1):
 par new generation   total 109248K, used 105111K [0x00000007a0000000, 0x00000007a8000000, 0x00000007a8000000)
  eden space 87424K, 100% used [0x00000007a0000000, 0x00000007a5560000, 0x00000007a5560000)
  from space 21824K,  81% used [0x00000007a6ab0000, 0x00000007a7bf5c40, 0x00000007a8000000)
  to   space 21824K,   0% used [0x00000007a5560000, 0x00000007a5560000, 0x00000007a6ab0000)
 concurrent mark-sweep generation total 393216K, used 176449K [0x00000007a8000000, 0x00000007c0000000, 0x00000007c0000000)
 Metaspace       used 35086K, capacity 35628K, committed 36016K, reserved 1081344K
  class space    used 4050K, capacity 4219K, committed 4272K, reserved 1048576K
2016-10-23T19:08:35.896+0800: 140.071: [GC (Allocation Failure) 2016-10-23T19:08:35.896+0800: 140.071: [ParNew
Desired survivor size 20112992 bytes, new threshold 8 (max 8)
- age   1:     193584 bytes,     193584 total
- age   2:       1792 bytes,     195376 total
- age   3:        800 bytes,     196176 total
- age   4:      76392 bytes,     272568 total
- age   5:    2434376 bytes,    2706944 total
- age   6:    3471888 bytes,    6178832 total
- age   7:    3350760 bytes,    9529592 total
- age   8:    4383592 bytes,   13913184 total
: 105111K->15924K(109248K), 0.0102498 secs] 281560K->194066K(502464K), 0.0102937 secs] [Times: user=0.05 sys=0.00, real=0.01 secs] 
Heap after GC invocations=40 (full 1):
 par new generation   total 109248K, used 15924K [0x00000007a0000000, 0x00000007a8000000, 0x00000007a8000000)
  eden space 87424K,   0% used [0x00000007a0000000, 0x00000007a0000000, 0x00000007a5560000)
  from space 21824K,  72% used [0x00000007a5560000, 0x00000007a64ed270, 0x00000007a6ab0000)
  to   space 21824K,   0% used [0x00000007a6ab0000, 0x00000007a6ab0000, 0x00000007a8000000)
 concurrent mark-sweep generation total 393216K, used 178141K [0x00000007a8000000, 0x00000007c0000000, 0x00000007c0000000)
 Metaspace       used 35086K, capacity 35628K, committed 36016K, reserved 1081344K
  class space    used 4050K, capacity 4219K, committed 4272K, reserved 1048576K
}
2016-10-23T19:08:35.906+0800: 140.081: Total time for which application threads were stopped: 0.0104704 seconds, Stopping threads took: 0.0000176 seconds
{Heap before GC invocations=40 (full 1):
 par new generation   total 109248K, used 103348K [0x00000007a0000000, 0x00000007a8000000, 0x00000007a8000000)
  eden space 87424K, 100% used [0x00000007a0000000, 0x00000007a5560000, 0x00000007a5560000)
  from space 21824K,  72% used [0x00000007a5560000, 0x00000007a64ed270, 0x00000007a6ab0000)
  to   space 21824K,   0% used [0x00000007a6ab0000, 0x00000007a6ab0000, 0x00000007a8000000)
 concurrent mark-sweep generation total 393216K, used 178141K [0x00000007a8000000, 0x00000007c0000000, 0x00000007c0000000)
 Metaspace       used 35086K, capacity 35628K, committed 36016K, reserved 1081344K
  class space    used 4050K, capacity 4219K, committed 4272K, reserved 1048576K
2016-10-23T19:08:35.984+0800: 140.159: [GC (Allocation Failure) 2016-10-23T19:08:35.984+0800: 140.159: [ParNew
Desired survivor size 20112992 bytes, new threshold 8 (max 8)
- age   1:      93544 bytes,      93544 total
- age   2:      72104 bytes,     165648 total
- age   3:       1792 bytes,     167440 total
- age   4:        800 bytes,     168240 total
- age   5:      76392 bytes,     244632 total
- age   6:    2434376 bytes,    2679008 total
- age   7:    3471888 bytes,    6150896 total
- age   8:    3350760 bytes,    9501656 total
: 103348K->12231K(109248K), 0.0103521 secs] 281490K->194359K(502464K), 0.0104069 secs] [Times: user=0.05 sys=0.00, real=0.01 secs] 
Heap after GC invocations=41 (full 1):
 par new generation   total 109248K, used 12231K [0x00000007a0000000, 0x00000007a8000000, 0x00000007a8000000)
  eden space 87424K,   0% used [0x00000007a0000000, 0x00000007a0000000, 0x00000007a5560000)
  from space 21824K,  56% used [0x00000007a6ab0000, 0x00000007a76a1d58, 0x00000007a8000000)
  to   space 21824K,   0% used [0x00000007a5560000, 0x00000007a5560000, 0x00000007a6ab0000)
 concurrent mark-sweep generation total 393216K, used 182128K [0x00000007a8000000, 0x00000007c0000000, 0x00000007c0000000)
 Metaspace       used 35086K, capacity 35628K, committed 36016K, reserved 1081344K
  class space    used 4050K, capacity 4219K, committed 4272K, reserved 1048576K
}
2016-10-23T19:08:35.994+0800: 140.169: Total time for which application threads were stopped: 0.0105551 seconds, Stopping threads took: 0.0000171 seconds
{Heap before GC invocations=41 (full 1):
 par new generation   total 109248K, used 99655K [0x00000007a0000000, 0x00000007a8000000, 0x00000007a8000000)
  eden space 87424K, 100% used [0x00000007a0000000, 0x00000007a5560000, 0x00000007a5560000)
  from space 21824K,  56% used [0x00000007a6ab0000, 0x00000007a76a1d58, 0x00000007a8000000)
  to   space 21824K,   0% used [0x00000007a5560000, 0x00000007a5560000, 0x00000007a6ab0000)
 concurrent mark-sweep generation total 393216K, used 182128K [0x00000007a8000000, 0x00000007c0000000, 0x00000007c0000000)
 Metaspace       used 35116K, capacity 35692K, committed 36016K, reserved 1081344K
  class space    used 4054K, capacity 4219K, committed 4272K, reserved 1048576K
2016-10-23T19:08:36.374+0800: 140.549: [GC (Allocation Failure) 2016-10-23T19:08:36.374+0800: 140.549: [ParNew
Desired survivor size 20112992 bytes, new threshold 8 (max 8)
- age   1:    3892232 bytes,    3892232 total
- age   3:        392 bytes,    3892624 total
- age   4:        400 bytes,    3893024 total
- age   5:        800 bytes,    3893824 total
- age   6:      21712 bytes,    3915536 total
- age   7:    2319568 bytes,    6235104 total
- age   8:    3328512 bytes,    9563616 total
: 99655K->10934K(109248K), 0.0090876 secs] 281783K->196279K(502464K), 0.0091462 secs] [Times: user=0.03 sys=0.00, real=0.01 secs] 
Heap after GC invocations=42 (full 1):
 par new generation   total 109248K, used 10934K [0x00000007a0000000, 0x00000007a8000000, 0x00000007a8000000)
  eden space 87424K,   0% used [0x00000007a0000000, 0x00000007a0000000, 0x00000007a5560000)
  from space 21824K,  50% used [0x00000007a5560000, 0x00000007a600dbf8, 0x00000007a6ab0000)
  to   space 21824K,   0% used [0x00000007a6ab0000, 0x00000007a6ab0000, 0x00000007a8000000)
 concurrent mark-sweep generation total 393216K, used 185344K [0x00000007a8000000, 0x00000007c0000000, 0x00000007c0000000)
 Metaspace       used 35116K, capacity 35692K, committed 36016K, reserved 1081344K
  class space    used 4054K, capacity 4219K, committed 4272K, reserved 1048576K
}
2016-10-23T19:08:36.383+0800: 140.558: Total time for which application threads were stopped: 0.0093498 seconds, Stopping threads took: 0.0000287 seconds
{Heap before GC invocations=42 (full 1):
 par new generation   total 109248K, used 98358K [0x00000007a0000000, 0x00000007a8000000, 0x00000007a8000000)
  eden space 87424K, 100% used [0x00000007a0000000, 0x00000007a5560000, 0x00000007a5560000)
  from space 21824K,  50% used [0x00000007a5560000, 0x00000007a600dbf8, 0x00000007a6ab0000)
  to   space 21824K,   0% used [0x00000007a6ab0000, 0x00000007a6ab0000, 0x00000007a8000000)
 concurrent mark-sweep generation total 393216K, used 185344K [0x00000007a8000000, 0x00000007c0000000, 0x00000007c0000000)
 Metaspace       used 35116K, capacity 35692K, committed 36016K, reserved 1081344K
  class space    used 4054K, capacity 4219K, committed 4272K, reserved 1048576K
2016-10-23T19:08:36.615+0800: 140.790: [GC (Allocation Failure) 2016-10-23T19:08:36.615+0800: 140.790: [ParNew
Desired survivor size 20112992 bytes, new threshold 8 (max 8)
- age   1:    5107216 bytes,    5107216 total
- age   2:    2951008 bytes,    8058224 total
- age   4:        392 bytes,    8058616 total
- age   5:        400 bytes,    8059016 total
- age   6:        800 bytes,    8059816 total
- age   7:      21712 bytes,    8081528 total
- age   8:    2319568 bytes,   10401096 total
: 98358K->14374K(109248K), 0.0087097 secs] 283703K->202983K(502464K), 0.0087918 secs] [Times: user=0.03 sys=0.00, real=0.01 secs] 
Heap after GC invocations=43 (full 1):
 par new generation   total 109248K, used 14374K [0x00000007a0000000, 0x00000007a8000000, 0x00000007a8000000)
  eden space 87424K,   0% used [0x00000007a0000000, 0x00000007a0000000, 0x00000007a5560000)
  from space 21824K,  65% used [0x00000007a6ab0000, 0x00000007a78b9880, 0x00000007a8000000)
  to   space 21824K,   0% used [0x00000007a5560000, 0x00000007a5560000, 0x00000007a6ab0000)
 concurrent mark-sweep generation total 393216K, used 188608K [0x00000007a8000000, 0x00000007c0000000, 0x00000007c0000000)
 Metaspace       used 35116K, capacity 35692K, committed 36016K, reserved 1081344K
  class space    used 4054K, capacity 4219K, committed 4272K, reserved 1048576K
}
2016-10-23T19:08:36.624+0800: 140.799: Total time for which application threads were stopped: 0.0089723 seconds, Stopping threads took: 0.0000242 seconds
{Heap before GC invocations=43 (full 1):
 par new generation   total 109248K, used 101798K [0x00000007a0000000, 0x00000007a8000000, 0x00000007a8000000)
  eden space 87424K, 100% used [0x00000007a0000000, 0x00000007a5560000, 0x00000007a5560000)
  from space 21824K,  65% used [0x00000007a6ab0000, 0x00000007a78b9880, 0x00000007a8000000)
  to   space 21824K,   0% used [0x00000007a5560000, 0x00000007a5560000, 0x00000007a6ab0000)
 concurrent mark-sweep generation total 393216K, used 188608K [0x00000007a8000000, 0x00000007c0000000, 0x00000007c0000000)
 Metaspace       used 35116K, capacity 35692K, committed 36016K, reserved 1081344K
  class space    used 4054K, capacity 4219K, committed 4272K, reserved 1048576K
2016-10-23T19:08:36.851+0800: 141.026: [GC (Allocation Failure) 2016-10-23T19:08:36.851+0800: 141.026: [ParNew
Desired survivor size 20112992 bytes, new threshold 8 (max 8)
- age   1:    5081392 bytes,    5081392 total
- age   2:    3543656 bytes,    8625048 total
- age   3:    2925168 bytes,   11550216 total
- age   5:        392 bytes,   11550608 total
- age   6:        400 bytes,   11551008 total
- age   7:        800 bytes,   11551808 total
- age   8:      21712 bytes,   11573520 total
: 101798K->14014K(109248K), 0.0089596 secs] 290407K->204898K(502464K), 0.0090107 secs] [Times: user=0.04 sys=0.00, real=0.01 secs] 
Heap after GC invocations=44 (full 1):
 par new generation   total 109248K, used 14014K [0x00000007a0000000, 0x00000007a8000000, 0x00000007a8000000)
  eden space 87424K,   0% used [0x00000007a0000000, 0x00000007a0000000, 0x00000007a5560000)
  from space 21824K,  64% used [0x00000007a5560000, 0x00000007a630f980, 0x00000007a6ab0000)
  to   space 21824K,   0% used [0x00000007a6ab0000, 0x00000007a6ab0000, 0x00000007a8000000)
 concurrent mark-sweep generation total 393216K, used 190884K [0x00000007a8000000, 0x00000007c0000000, 0x00000007c0000000)
 Metaspace       used 35116K, capacity 35692K, committed 36016K, reserved 1081344K
  class space    used 4054K, capacity 4219K, committed 4272K, reserved 1048576K
}
2016-10-23T19:08:36.860+0800: 141.035: Total time for which application threads were stopped: 0.0091684 seconds, Stopping threads took: 0.0000225 seconds
{Heap before GC invocations=44 (full 1):
 par new generation   total 109248K, used 101438K [0x00000007a0000000, 0x00000007a8000000, 0x00000007a8000000)
  eden space 87424K, 100% used [0x00000007a0000000, 0x00000007a5560000, 0x00000007a5560000)
  from space 21824K,  64% used [0x00000007a5560000, 0x00000007a630f980, 0x00000007a6ab0000)
  to   space 21824K,   0% used [0x00000007a6ab0000, 0x00000007a6ab0000, 0x00000007a8000000)
 concurrent mark-sweep generation total 393216K, used 190884K [0x00000007a8000000, 0x00000007c0000000, 0x00000007c0000000)
 Metaspace       used 35116K, capacity 35692K, committed 36016K, reserved 1081344K
  class space    used 4054K, capacity 4219K, committed 4272K, reserved 1048576K
2016-10-23T19:08:37.088+0800: 141.263: [GC (Allocation Failure) 2016-10-23T19:08:37.088+0800: 141.263: [ParNew
Desired survivor size 20112992 bytes, new threshold 8 (max 8)
- age   1:    7417680 bytes,    7417680 total
- age   2:    2812200 bytes,   10229880 total
- age   3:    2637088 bytes,   12866968 total
- age   4:    2915632 bytes,   15782600 total
- age   6:        392 bytes,   15782992 total
- age   7:        400 bytes,   15783392 total
- age   8:        800 bytes,   15784192 total
: 101438K->21824K(109248K), 0.0081992 secs] 292322K->212729K(502464K), 0.0082688 secs] [Times: user=0.03 sys=0.00, real=0.01 secs] 
Heap after GC invocations=45 (full 1):
 par new generation   total 109248K, used 21824K [0x00000007a0000000, 0x00000007a8000000, 0x00000007a8000000)
  eden space 87424K,   0% used [0x00000007a0000000, 0x00000007a0000000, 0x00000007a5560000)
  from space 21824K, 100% used [0x00000007a6ab0000, 0x00000007a8000000, 0x00000007a8000000)
  to   space 21824K,   0% used [0x00000007a5560000, 0x00000007a5560000, 0x00000007a6ab0000)
 concurrent mark-sweep generation total 393216K, used 190905K [0x00000007a8000000, 0x00000007c0000000, 0x00000007c0000000)
 Metaspace       used 35116K, capacity 35692K, committed 36016K, reserved 1081344K
  class space    used 4054K, capacity 4219K, committed 4272K, reserved 1048576K
}
2016-10-23T19:08:37.097+0800: 141.272: Total time for which application threads were stopped: 0.0084395 seconds, Stopping threads took: 0.0000296 seconds
{Heap before GC invocations=45 (full 1):
 par new generation   total 109248K, used 109248K [0x00000007a0000000, 0x00000007a8000000, 0x00000007a8000000)
  eden space 87424K, 100% used [0x00000007a0000000, 0x00000007a5560000, 0x00000007a5560000)
  from space 21824K, 100% used [0x00000007a6ab0000, 0x00000007a8000000, 0x00000007a8000000)
  to   space 21824K,   0% used [0x00000007a5560000, 0x00000007a5560000, 0x00000007a6ab0000)
 concurrent mark-sweep generation total 393216K, used 190905K [0x00000007a8000000, 0x00000007c0000000, 0x00000007c0000000)
 Metaspace       used 35116K, capacity 35692K, committed 36016K, reserved 1081344K
  class space    used 4054K, capacity 4219K, committed 4272K, reserved 1048576K
2016-10-23T19:08:37.320+0800: 141.495: [GC (Allocation Failure) 2016-10-23T19:08:37.320+0800: 141.495: [ParNew
Desired survivor size 20112992 bytes, new threshold 8 (max 8)
- age   1:    5758936 bytes,    5758936 total
- age   2:    4381592 bytes,   10140528 total
- age   3:    2676616 bytes,   12817144 total
- age   4:    2604304 bytes,   15421448 total
- age   5:    2914448 bytes,   18335896 total
- age   7:        392 bytes,   18336288 total
- age   8:        400 bytes,   18336688 total
: 109248K->21824K(109248K), 0.0092671 secs] 300153K->213752K(502464K), 0.0093412 secs] [Times: user=0.03 sys=0.00, real=0.01 secs] 
Heap after GC invocations=46 (full 1):
 par new generation   total 109248K, used 21824K [0x00000007a0000000, 0x00000007a8000000, 0x00000007a8000000)
  eden space 87424K,   0% used [0x00000007a0000000, 0x00000007a0000000, 0x00000007a5560000)
  from space 21824K, 100% used [0x00000007a5560000, 0x00000007a6ab0000, 0x00000007a6ab0000)
  to   space 21824K,   0% used [0x00000007a6ab0000, 0x00000007a6ab0000, 0x00000007a8000000)
 concurrent mark-sweep generation total 393216K, used 191928K [0x00000007a8000000, 0x00000007c0000000, 0x00000007c0000000)
 Metaspace       used 35116K, capacity 35692K, committed 36016K, reserved 1081344K
  class space    used 4054K, capacity 4219K, committed 4272K, reserved 1048576K
}
2016-10-23T19:08:37.330+0800: 141.505: Total time for which application threads were stopped: 0.0095084 seconds, Stopping threads took: 0.0000322 seconds
{Heap before GC invocations=46 (full 1):
 par new generation   total 109248K, used 109248K [0x00000007a0000000, 0x00000007a8000000, 0x00000007a8000000)
  eden space 87424K, 100% used [0x00000007a0000000, 0x00000007a5560000, 0x00000007a5560000)
  from space 21824K, 100% used [0x00000007a5560000, 0x00000007a6ab0000, 0x00000007a6ab0000)
  to   space 21824K,   0% used [0x00000007a6ab0000, 0x00000007a6ab0000, 0x00000007a8000000)
 concurrent mark-sweep generation total 393216K, used 191928K [0x00000007a8000000, 0x00000007c0000000, 0x00000007c0000000)
 Metaspace       used 35116K, capacity 35692K, committed 36016K, reserved 1081344K
  class space    used 4054K, capacity 4219K, committed 4272K, reserved 1048576K
2016-10-23T19:08:37.563+0800: 141.738: [GC (Allocation Failure) 2016-10-23T19:08:37.563+0800: 141.738: [ParNew
Desired survivor size 20112992 bytes, new threshold 6 (max 8)
- age   1:    6054352 bytes,    6054352 total
- age   2:    2629944 bytes,    8684296 total
- age   3:    4017608 bytes,   12701904 total
- age   4:    2484400 bytes,   15186304 total
- age   5:    2497528 bytes,   17683832 total
- age   6:    2524400 bytes,   20208232 total
- age   8:        392 bytes,   20208624 total
: 109248K->21824K(109248K), 0.0105453 secs] 301176K->216183K(502464K), 0.0106335 secs] [Times: user=0.04 sys=0.00, real=0.01 secs] 
Heap after GC invocations=47 (full 1):
 par new generation   total 109248K, used 21824K [0x00000007a0000000, 0x00000007a8000000, 0x00000007a8000000)
  eden space 87424K,   0% used [0x00000007a0000000, 0x00000007a0000000, 0x00000007a5560000)
  from space 21824K, 100% used [0x00000007a6ab0000, 0x00000007a8000000, 0x00000007a8000000)
  to   space 21824K,   0% used [0x00000007a5560000, 0x00000007a5560000, 0x00000007a6ab0000)
 concurrent mark-sweep generation total 393216K, used 194359K [0x00000007a8000000, 0x00000007c0000000, 0x00000007c0000000)
 Metaspace       used 35116K, capacity 35692K, committed 36016K, reserved 1081344K
  class space    used 4054K, capacity 4219K, committed 4272K, reserved 1048576K
}
2016-10-23T19:08:37.573+0800: 141.748: Total time for which application threads were stopped: 0.0108392 seconds, Stopping threads took: 0.0000306 seconds
{Heap before GC invocations=47 (full 1):
 par new generation   total 109248K, used 109091K [0x00000007a0000000, 0x00000007a8000000, 0x00000007a8000000)
  eden space 87424K,  99% used [0x00000007a0000000, 0x00000007a5538c48, 0x00000007a5560000)
  from space 21824K, 100% used [0x00000007a6ab0000, 0x00000007a8000000, 0x00000007a8000000)
  to   space 21824K,   0% used [0x00000007a5560000, 0x00000007a5560000, 0x00000007a6ab0000)
 concurrent mark-sweep generation total 393216K, used 194359K [0x00000007a8000000, 0x00000007c0000000, 0x00000007c0000000)
 Metaspace       used 35116K, capacity 35692K, committed 36016K, reserved 1081344K
  class space    used 4054K, capacity 4219K, committed 4272K, reserved 1048576K
2016-10-23T19:08:37.805+0800: 141.980: [GC (Allocation Failure) 2016-10-23T19:08:37.805+0800: 141.980: [ParNew
Desired survivor size 20112992 bytes, new threshold 6 (max 8)
- age   1:    8993304 bytes,    8993304 total
- age   2:    2319312 bytes,   11312616 total
- age   3:    2511560 bytes,   13824176 total
- age   4:    2378928 bytes,   16203104 total
- age   5:    2420664 bytes,   18623768 total
- age   6:    2444256 bytes,   21068024 total
: 109091K->21824K(109248K), 0.0127279 secs] 303450K->222664K(502464K), 0.0128188 secs] [Times: user=0.04 sys=0.00, real=0.01 secs] 
Heap after GC invocations=48 (full 1):
 par new generation   total 109248K, used 21824K [0x00000007a0000000, 0x00000007a8000000, 0x00000007a8000000)
  eden space 87424K,   0% used [0x00000007a0000000, 0x00000007a0000000, 0x00000007a5560000)
  from space 21824K, 100% used [0x00000007a5560000, 0x00000007a6ab0000, 0x00000007a6ab0000)
  to   space 21824K,   0% used [0x00000007a6ab0000, 0x00000007a6ab0000, 0x00000007a8000000)
 concurrent mark-sweep generation total 393216K, used 200840K [0x00000007a8000000, 0x00000007c0000000, 0x00000007c0000000)
 Metaspace       used 35116K, capacity 35692K, committed 36016K, reserved 1081344K
  class space    used 4054K, capacity 4219K, committed 4272K, reserved 1048576K
}
2016-10-23T19:08:37.818+0800: 141.993: Total time for which application threads were stopped: 0.0129837 seconds, Stopping threads took: 0.0000222 seconds
2016-10-23T19:08:37.818+0800: 141.993: [GC (CMS Initial Mark) [1 CMS-initial-mark: 200840K(393216K)] 222955K(502464K), 0.0016465 secs] [Times: user=0.00 sys=0.00, real=0.00 secs] 
2016-10-23T19:08:37.819+0800: 141.995: Total time for which application threads were stopped: 0.0017971 seconds, Stopping threads took: 0.0000294 seconds
2016-10-23T19:08:37.820+0800: 141.995: [CMS-concurrent-mark-start]
2016-10-23T19:08:37.841+0800: 142.016: [CMS-concurrent-mark: 0.021/0.021 secs] [Times: user=0.10 sys=0.00, real=0.02 secs] 
2016-10-23T19:08:37.841+0800: 142.016: [CMS-concurrent-preclean-start]
2016-10-23T19:08:37.842+0800: 142.017: [CMS-concurrent-preclean: 0.001/0.001 secs] [Times: user=0.00 sys=0.00, real=0.00 secs] 
2016-10-23T19:08:37.842+0800: 142.017: [CMS-concurrent-abortable-preclean-start]
2016-10-23T19:08:37.961+0800: 142.136: [CMS-concurrent-abortable-preclean: 0.119/0.119 secs] [Times: user=0.24 sys=0.00, real=0.12 secs] 
2016-10-23T19:08:37.962+0800: 142.137: [GC (CMS Final Remark) [YG occupancy: 74216 K (109248 K)]{Heap before GC invocations=48 (full 2):
 par new generation   total 109248K, used 74216K [0x00000007a0000000, 0x00000007a8000000, 0x00000007a8000000)
  eden space 87424K,  59% used [0x00000007a0000000, 0x00000007a332a368, 0x00000007a5560000)
  from space 21824K, 100% used [0x00000007a5560000, 0x00000007a6ab0000, 0x00000007a6ab0000)
  to   space 21824K,   0% used [0x00000007a6ab0000, 0x00000007a6ab0000, 0x00000007a8000000)
 concurrent mark-sweep generation total 393216K, used 200840K [0x00000007a8000000, 0x00000007c0000000, 0x00000007c0000000)
 Metaspace       used 35116K, capacity 35692K, committed 36016K, reserved 1081344K
  class space    used 4054K, capacity 4219K, committed 4272K, reserved 1048576K
2016-10-23T19:08:37.962+0800: 142.137: [GC (CMS Final Remark) 2016-10-23T19:08:37.962+0800: 142.137: [ParNew
Desired survivor size 20112992 bytes, new threshold 8 (max 8)
- age   1:    3220736 bytes,    3220736 total
- age   2:    6052352 bytes,    9273088 total
- age   3:    2309008 bytes,   11582096 total
- age   4:    2501416 bytes,   14083512 total
- age   5:    2258384 bytes,   16341896 total
- age   6:    1328912 bytes,   17670808 total
: 74216K->21824K(109248K), 0.0111823 secs] 275057K->229179K(502464K), 0.0112387 secs] [Times: user=0.04 sys=0.00, real=0.01 secs] 
Heap after GC invocations=49 (full 2):
 par new generation   total 109248K, used 21824K [0x00000007a0000000, 0x00000007a8000000, 0x00000007a8000000)
  eden space 87424K,   0% used [0x00000007a0000000, 0x00000007a0000000, 0x00000007a5560000)
  from space 21824K, 100% used [0x00000007a6ab0000, 0x00000007a8000000, 0x00000007a8000000)
  to   space 21824K,   0% used [0x00000007a5560000, 0x00000007a5560000, 0x00000007a6ab0000)
 concurrent mark-sweep generation total 393216K, used 207355K [0x00000007a8000000, 0x00000007c0000000, 0x00000007c0000000)
 Metaspace       used 35116K, capacity 35692K, committed 36016K, reserved 1081344K
  class space    used 4054K, capacity 4219K, committed 4272K, reserved 1048576K
}
2016-10-23T19:08:37.973+0800: 142.148: [Rescan (parallel) , 0.0032091 secs]2016-10-23T19:08:37.976+0800: 142.151: [weak refs processing, 0.0008977 secs]2016-10-23T19:08:37.977+0800: 142.152: [class unloading, 0.0079651 secs]2016-10-23T19:08:37.985+0800: 142.160: [scrub symbol table, 0.0050126 secs]2016-10-23T19:08:37.990+0800: 142.165: [scrub string table, 0.0004778 secs][1 CMS-remark: 207355K(393216K)] 229179K(502464K), 0.0303843 secs] [Times: user=0.07 sys=0.01, real=0.03 secs] 
2016-10-23T19:08:37.992+0800: 142.167: Total time for which application threads were stopped: 0.0305651 seconds, Stopping threads took: 0.0000863 seconds
2016-10-23T19:08:37.992+0800: 142.167: [CMS-concurrent-sweep-start]
2016-10-23T19:08:38.026+0800: 142.201: [CMS-concurrent-sweep: 0.034/0.034 secs] [Times: user=0.06 sys=0.00, real=0.03 secs] 
2016-10-23T19:08:38.026+0800: 142.201: [CMS-concurrent-reset-start]
2016-10-23T19:08:38.026+0800: 142.201: [CMS-concurrent-reset: 0.001/0.001 secs] [Times: user=0.00 sys=0.00, real=0.00 secs] 
{Heap before GC invocations=49 (full 2):
 par new generation   total 109248K, used 109248K [0x00000007a0000000, 0x00000007a8000000, 0x00000007a8000000)
  eden space 87424K, 100% used [0x00000007a0000000, 0x00000007a5560000, 0x00000007a5560000)
  from space 21824K, 100% used [0x00000007a6ab0000, 0x00000007a8000000, 0x00000007a8000000)
  to   space 21824K,   0% used [0x00000007a5560000, 0x00000007a5560000, 0x00000007a6ab0000)
 concurrent mark-sweep generation total 393216K, used 49565K [0x00000007a8000000, 0x00000007c0000000, 0x00000007c0000000)
 Metaspace       used 35116K, capacity 35692K, committed 36016K, reserved 1081344K
  class space    used 4054K, capacity 4219K, committed 4272K, reserved 1048576K
2016-10-23T19:08:38.225+0800: 142.400: [GC (Allocation Failure) 2016-10-23T19:08:38.225+0800: 142.401: [ParNew
Desired survivor size 20112992 bytes, new threshold 8 (max 8)
- age   1:    8414928 bytes,    8414928 total
- age   2:     805040 bytes,    9219968 total
- age   3:    3874456 bytes,   13094424 total
- age   4:    1057952 bytes,   14152376 total
- age   5:    1288728 bytes,   15441104 total
- age   6:    1183600 bytes,   16624704 total
- age   7:    1138936 bytes,   17763640 total
: 109248K->21824K(109248K), 0.0101078 secs] 158813K->77315K(502464K), 0.0101838 secs] [Times: user=0.04 sys=0.00, real=0.01 secs] 
Heap after GC invocations=50 (full 2):
 par new generation   total 109248K, used 21824K [0x00000007a0000000, 0x00000007a8000000, 0x00000007a8000000)
  eden space 87424K,   0% used [0x00000007a0000000, 0x00000007a0000000, 0x00000007a5560000)
  from space 21824K, 100% used [0x00000007a5560000, 0x00000007a6ab0000, 0x00000007a6ab0000)
  to   space 21824K,   0% used [0x00000007a6ab0000, 0x00000007a6ab0000, 0x00000007a8000000)
 concurrent mark-sweep generation total 393216K, used 55491K [0x00000007a8000000, 0x00000007c0000000, 0x00000007c0000000)
 Metaspace       used 35116K, capacity 35692K, committed 36016K, reserved 1081344K
  class space    used 4054K, capacity 4219K, committed 4272K, reserved 1048576K
}
2016-10-23T19:08:38.236+0800: 142.411: Total time for which application threads were stopped: 0.0103625 seconds, Stopping threads took: 0.0000297 seconds
{Heap before GC invocations=50 (full 2):
 par new generation   total 109248K, used 109248K [0x00000007a0000000, 0x00000007a8000000, 0x00000007a8000000)
  eden space 87424K, 100% used [0x00000007a0000000, 0x00000007a5560000, 0x00000007a5560000)
  from space 21824K, 100% used [0x00000007a5560000, 0x00000007a6ab0000, 0x00000007a6ab0000)
  to   space 21824K,   0% used [0x00000007a6ab0000, 0x00000007a6ab0000, 0x00000007a8000000)
 concurrent mark-sweep generation total 393216K, used 55491K [0x00000007a8000000, 0x00000007c0000000, 0x00000007c0000000)
 Metaspace       used 35116K, capacity 35692K, committed 36016K, reserved 1081344K
  class space    used 4054K, capacity 4219K, committed 4272K, reserved 1048576K
2016-10-23T19:08:38.467+0800: 142.642: [GC (Allocation Failure) 2016-10-23T19:08:38.467+0800: 142.642: [ParNew
Desired survivor size 20112992 bytes, new threshold 8 (max 8)
- age   1:    9174720 bytes,    9174720 total
- age   2:    2582440 bytes,   11757160 total
- age   3:     757928 bytes,   12515088 total
- age   4:    2754248 bytes,   15269336 total
- age   5:    1012808 bytes,   16282144 total
- age   6:    1110160 bytes,   17392304 total
- age   7:    1141920 bytes,   18534224 total
- age   8:    1096472 bytes,   19630696 total
: 109248K->21824K(109248K), 0.0091646 secs] 164739K->79559K(502464K), 0.0092347 secs] [Times: user=0.03 sys=0.00, real=0.01 secs] 
Heap after GC invocations=51 (full 2):
 par new generation   total 109248K, used 21824K [0x00000007a0000000, 0x00000007a8000000, 0x00000007a8000000)
  eden space 87424K,   0% used [0x00000007a0000000, 0x00000007a0000000, 0x00000007a5560000)
  from space 21824K, 100% used [0x00000007a6ab0000, 0x00000007a8000000, 0x00000007a8000000)
  to   space 21824K,   0% used [0x00000007a5560000, 0x00000007a5560000, 0x00000007a6ab0000)
 concurrent mark-sweep generation total 393216K, used 57735K [0x00000007a8000000, 0x00000007c0000000, 0x00000007c0000000)
 Metaspace       used 35116K, capacity 35692K, committed 36016K, reserved 1081344K
  class space    used 4054K, capacity 4219K, committed 4272K, reserved 1048576K
}
2016-10-23T19:08:38.476+0800: 142.651: Total time for which application threads were stopped: 0.0094005 seconds, Stopping threads took: 0.0000296 seconds
{Heap before GC invocations=51 (full 2):
 par new generation   total 109248K, used 109248K [0x00000007a0000000, 0x00000007a8000000, 0x00000007a8000000)
  eden space 87424K, 100% used [0x00000007a0000000, 0x00000007a5560000, 0x00000007a5560000)
  from space 21824K, 100% used [0x00000007a6ab0000, 0x00000007a8000000, 0x00000007a8000000)
  to   space 21824K,   0% used [0x00000007a5560000, 0x00000007a5560000, 0x00000007a6ab0000)
 concurrent mark-sweep generation total 393216K, used 57735K [0x00000007a8000000, 0x00000007c0000000, 0x00000007c0000000)
 Metaspace       used 35116K, capacity 35692K, committed 36016K, reserved 1081344K
  class space    used 4054K, capacity 4219K, committed 4272K, reserved 1048576K
2016-10-23T19:08:38.711+0800: 142.886: [GC (Allocation Failure) 2016-10-23T19:08:38.711+0800: 142.886: [ParNew
Desired survivor size 20112992 bytes, new threshold 8 (max 8)
- age   1:    9201344 bytes,    9201344 total
- age   2:    2223920 bytes,   11425264 total
- age   3:    2172192 bytes,   13597456 total
- age   4:     628016 bytes,   14225472 total
- age   5:    2542048 bytes,   16767520 total
- age   6:     759272 bytes,   17526792 total
- age   7:     898712 bytes,   18425504 total
- age   8:     933424 bytes,   19358928 total
: 109248K->21824K(109248K), 0.0107984 secs] 166983K->83296K(502464K), 0.0108664 secs] [Times: user=0.03 sys=0.00, real=0.01 secs] 
Heap after GC invocations=52 (full 2):
 par new generation   total 109248K, used 21824K [0x00000007a0000000, 0x00000007a8000000, 0x00000007a8000000)
  eden space 87424K,   0% used [0x00000007a0000000, 0x00000007a0000000, 0x00000007a5560000)
  from space 21824K, 100% used [0x00000007a5560000, 0x00000007a6ab0000, 0x00000007a6ab0000)
  to   space 21824K,   0% used [0x00000007a6ab0000, 0x00000007a6ab0000, 0x00000007a8000000)
 concurrent mark-sweep generation total 393216K, used 61472K [0x00000007a8000000, 0x00000007c0000000, 0x00000007c0000000)
 Metaspace       used 35116K, capacity 35692K, committed 36016K, reserved 1081344K
  class space    used 4054K, capacity 4219K, committed 4272K, reserved 1048576K
}
2016-10-23T19:08:38.722+0800: 142.897: Total time for which application threads were stopped: 0.0110368 seconds, Stopping threads took: 0.0000296 seconds
{Heap before GC invocations=52 (full 2):
 par new generation   total 109248K, used 109248K [0x00000007a0000000, 0x00000007a8000000, 0x00000007a8000000)
  eden space 87424K, 100% used [0x00000007a0000000, 0x00000007a5560000, 0x00000007a5560000)
  from space 21824K, 100% used [0x00000007a5560000, 0x00000007a6ab0000, 0x00000007a6ab0000)
  to   space 21824K,   0% used [0x00000007a6ab0000, 0x00000007a6ab0000, 0x00000007a8000000)
 concurrent mark-sweep generation total 393216K, used 61472K [0x00000007a8000000, 0x00000007c0000000, 0x00000007c0000000)
 Metaspace       used 35116K, capacity 35692K, committed 36016K, reserved 1081344K
  class space    used 4054K, capacity 4219K, committed 4272K, reserved 1048576K
2016-10-23T19:08:38.947+0800: 143.123: [GC (Allocation Failure) 2016-10-23T19:08:38.947+0800: 143.123: [ParNew
Desired survivor size 20112992 bytes, new threshold 8 (max 8)
- age   1:    9024560 bytes,    9024560 total
- age   2:    2968592 bytes,   11993152 total
- age   3:    1993232 bytes,   13986384 total
- age   4:    2107232 bytes,   16093616 total
- age   5:     545288 bytes,   16638904 total
- age   6:    2449232 bytes,   19088136 total
- age   7:     695168 bytes,   19783304 total
- age   8:     833624 bytes,   20616928 total
: 109248K->21824K(109248K), 0.0099669 secs] 170720K->86999K(502464K), 0.0100614 secs] [Times: user=0.04 sys=0.01, real=0.01 secs] 
Heap after GC invocations=53 (full 2):
 par new generation   total 109248K, used 21824K [0x00000007a0000000, 0x00000007a8000000, 0x00000007a8000000)
  eden space 87424K,   0% used [0x00000007a0000000, 0x00000007a0000000, 0x00000007a5560000)
  from space 21824K, 100% used [0x00000007a6ab0000, 0x00000007a8000000, 0x00000007a8000000)
  to   space 21824K,   0% used [0x00000007a5560000, 0x00000007a5560000, 0x00000007a6ab0000)
 concurrent mark-sweep generation total 393216K, used 65175K [0x00000007a8000000, 0x00000007c0000000, 0x00000007c0000000)
 Metaspace       used 35116K, capacity 35692K, committed 36016K, reserved 1081344K
  class space    used 4054K, capacity 4219K, committed 4272K, reserved 1048576K
}
2016-10-23T19:08:38.958+0800: 143.133: Total time for which application threads were stopped: 0.0102321 seconds, Stopping threads took: 0.0000223 seconds
{Heap before GC invocations=53 (full 2):
 par new generation   total 109248K, used 109248K [0x00000007a0000000, 0x00000007a8000000, 0x00000007a8000000)
  eden space 87424K, 100% used [0x00000007a0000000, 0x00000007a5560000, 0x00000007a5560000)
  from space 21824K, 100% used [0x00000007a6ab0000, 0x00000007a8000000, 0x00000007a8000000)
  to   space 21824K,   0% used [0x00000007a5560000, 0x00000007a5560000, 0x00000007a6ab0000)
 concurrent mark-sweep generation total 393216K, used 65175K [0x00000007a8000000, 0x00000007c0000000, 0x00000007c0000000)
 Metaspace       used 35116K, capacity 35692K, committed 36016K, reserved 1081344K
  class space    used 4054K, capacity 4219K, committed 4272K, reserved 1048576K
2016-10-23T19:08:39.220+0800: 143.395: [GC (Allocation Failure) 2016-10-23T19:08:39.220+0800: 143.395: [ParNew
Desired survivor size 20112992 bytes, new threshold 8 (max 8)
- age   1:    4377696 bytes,    4377696 total
- age   2:    7213168 bytes,   11590864 total
- age   3:    2219560 bytes,   13810424 total
- age   4:    1882488 bytes,   15692912 total
- age   5:    2025472 bytes,   17718384 total
- age   6:     515920 bytes,   18234304 total
- age   7:    1589664 bytes,   19823968 total
- age   8:     592648 bytes,   20416616 total
: 109248K->21824K(109248K), 0.0102876 secs] 174423K->93468K(502464K), 0.0103471 secs] [Times: user=0.04 sys=0.00, real=0.01 secs] 
Heap after GC invocations=54 (full 2):
 par new generation   total 109248K, used 21824K [0x00000007a0000000, 0x00000007a8000000, 0x00000007a8000000)
  eden space 87424K,   0% used [0x00000007a0000000, 0x00000007a0000000, 0x00000007a5560000)
  from space 21824K, 100% used [0x00000007a5560000, 0x00000007a6ab0000, 0x00000007a6ab0000)
  to   space 21824K,   0% used [0x00000007a6ab0000, 0x00000007a6ab0000, 0x00000007a8000000)
 concurrent mark-sweep generation total 393216K, used 71644K [0x00000007a8000000, 0x00000007c0000000, 0x00000007c0000000)
 Metaspace       used 35116K, capacity 35692K, committed 36016K, reserved 1081344K
  class space    used 4054K, capacity 4219K, committed 4272K, reserved 1048576K
}
2016-10-23T19:08:39.230+0800: 143.405: Total time for which application threads were stopped: 0.0105310 seconds, Stopping threads took: 0.0000243 seconds
{Heap before GC invocations=54 (full 2):
 par new generation   total 109248K, used 109248K [0x00000007a0000000, 0x00000007a8000000, 0x00000007a8000000)
  eden space 87424K, 100% used [0x00000007a0000000, 0x00000007a5560000, 0x00000007a5560000)
  from space 21824K, 100% used [0x00000007a5560000, 0x00000007a6ab0000, 0x00000007a6ab0000)
  to   space 21824K,   0% used [0x00000007a6ab0000, 0x00000007a6ab0000, 0x00000007a8000000)
 concurrent mark-sweep generation total 393216K, used 71644K [0x00000007a8000000, 0x00000007c0000000, 0x00000007c0000000)
 Metaspace       used 35116K, capacity 35692K, committed 36016K, reserved 1081344K
  class space    used 4054K, capacity 4219K, committed 4272K, reserved 1048576K
2016-10-23T19:08:39.470+0800: 143.645: [GC (Allocation Failure) 2016-10-23T19:08:39.470+0800: 143.645: [ParNew
Desired survivor size 20112992 bytes, new threshold 8 (max 8)
- age   1:    8355056 bytes,    8355056 total
- age   2:    2716088 bytes,   11071144 total
- age   3:    1787272 bytes,   12858416 total
- age   4:    1664864 bytes,   14523280 total
- age   5:    1659336 bytes,   16182616 total
- age   6:    1950568 bytes,   18133184 total
- age   7:     509928 bytes,   18643112 total
- age   8:     792192 bytes,   19435304 total
: 109248K->21824K(109248K), 0.0104061 secs] 180892K->100321K(502464K), 0.0104838 secs] [Times: user=0.04 sys=0.00, real=0.01 secs] 
Heap after GC invocations=55 (full 2):
 par new generation   total 109248K, used 21824K [0x00000007a0000000, 0x00000007a8000000, 0x00000007a8000000)
  eden space 87424K,   0% used [0x00000007a0000000, 0x00000007a0000000, 0x00000007a5560000)
  from space 21824K, 100% used [0x00000007a6ab0000, 0x00000007a8000000, 0x00000007a8000000)
  to   space 21824K,   0% used [0x00000007a5560000, 0x00000007a5560000, 0x00000007a6ab0000)
 concurrent mark-sweep generation total 393216K, used 78497K [0x00000007a8000000, 0x00000007c0000000, 0x00000007c0000000)
 Metaspace       used 35116K, capacity 35692K, committed 36016K, reserved 1081344K
  class space    used 4054K, capacity 4219K, committed 4272K, reserved 1048576K
}
2016-10-23T19:08:39.480+0800: 143.655: Total time for which application threads were stopped: 0.0106438 seconds, Stopping threads took: 0.0000299 seconds
{Heap before GC invocations=55 (full 2):
 par new generation   total 109248K, used 108682K [0x00000007a0000000, 0x00000007a8000000, 0x00000007a8000000)
  eden space 87424K,  99% used [0x00000007a0000000, 0x00000007a54d2840, 0x00000007a5560000)
  from space 21824K, 100% used [0x00000007a6ab0000, 0x00000007a8000000, 0x00000007a8000000)
  to   space 21824K,   0% used [0x00000007a5560000, 0x00000007a5560000, 0x00000007a6ab0000)
 concurrent mark-sweep generation total 393216K, used 78497K [0x00000007a8000000, 0x00000007c0000000, 0x00000007c0000000)
 Metaspace       used 35116K, capacity 35692K, committed 36016K, reserved 1081344K
  class space    used 4054K, capacity 4219K, committed 4272K, reserved 1048576K
2016-10-23T19:08:39.718+0800: 143.893: [GC (Allocation Failure) 2016-10-23T19:08:39.718+0800: 143.893: [ParNew
Desired survivor size 20112992 bytes, new threshold 7 (max 8)
- age   1:    7804344 bytes,    7804344 total
- age   2:    3890040 bytes,   11694384 total
- age   3:    1565792 bytes,   13260176 total
- age   4:    1758712 bytes,   15018888 total
- age   5:    1636672 bytes,   16655560 total
- age   6:    1630024 bytes,   18285584 total
- age   7:    1926808 bytes,   20212392 total
- age   8:     495480 bytes,   20707872 total
: 108682K->21824K(109248K), 0.0103317 secs] 187179K->108153K(502464K), 0.0103897 secs] [Times: user=0.04 sys=0.00, real=0.01 secs] 
Heap after GC invocations=56 (full 2):
 par new generation   total 109248K, used 21824K [0x00000007a0000000, 0x00000007a8000000, 0x00000007a8000000)
  eden space 87424K,   0% used [0x00000007a0000000, 0x00000007a0000000, 0x00000007a5560000)
  from space 21824K, 100% used [0x00000007a5560000, 0x00000007a6ab0000, 0x00000007a6ab0000)
  to   space 21824K,   0% used [0x00000007a6ab0000, 0x00000007a6ab0000, 0x00000007a8000000)
 concurrent mark-sweep generation total 393216K, used 86329K [0x00000007a8000000, 0x00000007c0000000, 0x00000007c0000000)
 Metaspace       used 35116K, capacity 35692K, committed 36016K, reserved 1081344K
  class space    used 4054K, capacity 4219K, committed 4272K, reserved 1048576K
}
2016-10-23T19:08:39.729+0800: 143.904: Total time for which application threads were stopped: 0.0105661 seconds, Stopping threads took: 0.0000302 seconds
{Heap before GC invocations=56 (full 2):
 par new generation   total 109248K, used 109248K [0x00000007a0000000, 0x00000007a8000000, 0x00000007a8000000)
  eden space 87424K, 100% used [0x00000007a0000000, 0x00000007a5560000, 0x00000007a5560000)
  from space 21824K, 100% used [0x00000007a5560000, 0x00000007a6ab0000, 0x00000007a6ab0000)
  to   space 21824K,   0% used [0x00000007a6ab0000, 0x00000007a6ab0000, 0x00000007a8000000)
 concurrent mark-sweep generation total 393216K, used 86329K [0x00000007a8000000, 0x00000007c0000000, 0x00000007c0000000)
 Metaspace       used 35116K, capacity 35692K, committed 36016K, reserved 1081344K
  class space    used 4054K, capacity 4219K, committed 4272K, reserved 1048576K
2016-10-23T19:08:39.953+0800: 144.128: [GC (Allocation Failure) 2016-10-23T19:08:39.953+0800: 144.128: [ParNew
Desired survivor size 20112992 bytes, new threshold 8 (max 8)
- age   1:    4837336 bytes,    4837336 total
- age   2:    5744664 bytes,   10582000 total
- age   3:    2236288 bytes,   12818288 total
- age   4:    1380192 bytes,   14198480 total
- age   5:    1736320 bytes,   15934800 total
- age   6:    1614248 bytes,   17549048 total
- age   7:    1604712 bytes,   19153760 total
: 109248K->21824K(109248K), 0.0101777 secs] 195577K->115100K(502464K), 0.0102626 secs] [Times: user=0.04 sys=0.00, real=0.01 secs] 
Heap after GC invocations=57 (full 2):
 par new generation   total 109248K, used 21824K [0x00000007a0000000, 0x00000007a8000000, 0x00000007a8000000)
  eden space 87424K,   0% used [0x00000007a0000000, 0x00000007a0000000, 0x00000007a5560000)
  from space 21824K, 100% used [0x00000007a6ab0000, 0x00000007a8000000, 0x00000007a8000000)
  to   space 21824K,   0% used [0x00000007a5560000, 0x00000007a5560000, 0x00000007a6ab0000)
 concurrent mark-sweep generation total 393216K, used 93276K [0x00000007a8000000, 0x00000007c0000000, 0x00000007c0000000)
 Metaspace       used 35116K, capacity 35692K, committed 36016K, reserved 1081344K
  class space    used 4054K, capacity 4219K, committed 4272K, reserved 1048576K
}
2016-10-23T19:08:39.963+0800: 144.138: Total time for which application threads were stopped: 0.0104300 seconds, Stopping threads took: 0.0000283 seconds
{Heap before GC invocations=57 (full 2):
 par new generation   total 109248K, used 109248K [0x00000007a0000000, 0x00000007a8000000, 0x00000007a8000000)
  eden space 87424K, 100% used [0x00000007a0000000, 0x00000007a5560000, 0x00000007a5560000)
  from space 21824K, 100% used [0x00000007a6ab0000, 0x00000007a8000000, 0x00000007a8000000)
  to   space 21824K,   0% used [0x00000007a5560000, 0x00000007a5560000, 0x00000007a6ab0000)
 concurrent mark-sweep generation total 393216K, used 93276K [0x00000007a8000000, 0x00000007c0000000, 0x00000007c0000000)
 Metaspace       used 35116K, capacity 35692K, committed 36016K, reserved 1081344K
  class space    used 4054K, capacity 4219K, committed 4272K, reserved 1048576K
2016-10-23T19:08:40.255+0800: 144.430: [GC (Allocation Failure) 2016-10-23T19:08:40.256+0800: 144.432: [ParNew
Desired survivor size 20112992 bytes, new threshold 8 (max 8)
- age   1:    7040552 bytes,    7040552 total
- age   2:    2797744 bytes,    9838296 total
- age   3:    1923384 bytes,   11761680 total
- age   4:    2235200 bytes,   13996880 total
- age   5:    1378944 bytes,   15375824 total
- age   6:    1735440 bytes,   17111264 total
- age   7:    1613280 bytes,   18724544 total
- age   8:    1603880 bytes,   20328424 total
: 109248K->21824K(109248K), 0.0128449 secs] 202524K->121126K(502464K), 0.0147467 secs] [Times: user=0.05 sys=0.00, real=0.01 secs] 
Heap after GC invocations=58 (full 2):
 par new generation   total 109248K, used 21824K [0x00000007a0000000, 0x00000007a8000000, 0x00000007a8000000)
  eden space 87424K,   0% used [0x00000007a0000000, 0x00000007a0000000, 0x00000007a5560000)
  from space 21824K, 100% used [0x00000007a5560000, 0x00000007a6ab0000, 0x00000007a6ab0000)
  to   space 21824K,   0% used [0x00000007a6ab0000, 0x00000007a6ab0000, 0x00000007a8000000)
 concurrent mark-sweep generation total 393216K, used 99302K [0x00000007a8000000, 0x00000007c0000000, 0x00000007c0000000)
 Metaspace       used 35116K, capacity 35692K, committed 36016K, reserved 1081344K
  class space    used 4054K, capacity 4219K, committed 4272K, reserved 1048576K
}
2016-10-23T19:08:40.269+0800: 144.445: Total time for which application threads were stopped: 0.0149671 seconds, Stopping threads took: 0.0000194 seconds
2016-10-23T19:08:40.482+0800: 144.657: Total time for which application threads were stopped: 0.0001925 seconds, Stopping threads took: 0.0000625 seconds
{Heap before GC invocations=58 (full 2):
 par new generation   total 109248K, used 109248K [0x00000007a0000000, 0x00000007a8000000, 0x00000007a8000000)
  eden space 87424K, 100% used [0x00000007a0000000, 0x00000007a5560000, 0x00000007a5560000)
  from space 21824K, 100% used [0x00000007a5560000, 0x00000007a6ab0000, 0x00000007a6ab0000)
  to   space 21824K,   0% used [0x00000007a6ab0000, 0x00000007a6ab0000, 0x00000007a8000000)
 concurrent mark-sweep generation total 393216K, used 99302K [0x00000007a8000000, 0x00000007c0000000, 0x00000007c0000000)
 Metaspace       used 35118K, capacity 35692K, committed 36016K, reserved 1081344K
  class space    used 4055K, capacity 4219K, committed 4272K, reserved 1048576K
2016-10-23T19:08:40.549+0800: 144.725: [GC (Allocation Failure) 2016-10-23T19:08:40.549+0800: 144.725: [ParNew
Desired survivor size 20112992 bytes, new threshold 8 (max 8)
- age   1:    4264664 bytes,    4264664 total
- age   2:    5833680 bytes,   10098344 total
- age   3:    2482328 bytes,   12580672 total
- age   4:    1813512 bytes,   14394184 total
- age   5:    2124240 bytes,   16518424 total
- age   6:    1281136 bytes,   17799560 total
- age   7:    1640832 bytes,   19440392 total
- age   8:    1518656 bytes,   20959048 total
: 109248K->21824K(109248K), 0.0105396 secs] 208550K->124494K(502464K), 0.0105864 secs] [Times: user=0.06 sys=0.00, real=0.02 secs] 
Heap after GC invocations=59 (full 2):
 par new generation   total 109248K, used 21824K [0x00000007a0000000, 0x00000007a8000000, 0x00000007a8000000)
  eden space 87424K,   0% used [0x00000007a0000000, 0x00000007a0000000, 0x00000007a5560000)
  from space 21824K, 100% used [0x00000007a6ab0000, 0x00000007a8000000, 0x00000007a8000000)
  to   space 21824K,   0% used [0x00000007a5560000, 0x00000007a5560000, 0x00000007a6ab0000)
 concurrent mark-sweep generation total 393216K, used 102670K [0x00000007a8000000, 0x00000007c0000000, 0x00000007c0000000)
 Metaspace       used 35118K, capacity 35692K, committed 36016K, reserved 1081344K
  class space    used 4055K, capacity 4219K, committed 4272K, reserved 1048576K
}
2016-10-23T19:08:40.560+0800: 144.735: Total time for which application threads were stopped: 0.0107715 seconds, Stopping threads took: 0.0000539 seconds
2016-10-23T19:08:40.671+0800: 144.846: Total time for which application threads were stopped: 0.0002859 seconds, Stopping threads took: 0.0001614 seconds
2016-10-23T19:08:40.671+0800: 144.847: Total time for which application threads were stopped: 0.0001418 seconds, Stopping threads took: 0.0000604 seconds
{Heap before GC invocations=59 (full 2):
 par new generation   total 109248K, used 109248K [0x00000007a0000000, 0x00000007a8000000, 0x00000007a8000000)
  eden space 87424K, 100% used [0x00000007a0000000, 0x00000007a5560000, 0x00000007a5560000)
  from space 21824K, 100% used [0x00000007a6ab0000, 0x00000007a8000000, 0x00000007a8000000)
  to   space 21824K,   0% used [0x00000007a5560000, 0x00000007a5560000, 0x00000007a6ab0000)
 concurrent mark-sweep generation total 393216K, used 102670K [0x00000007a8000000, 0x00000007c0000000, 0x00000007c0000000)
 Metaspace       used 35118K, capacity 35692K, committed 36016K, reserved 1081344K
  class space    used 4055K, capacity 4219K, committed 4272K, reserved 1048576K
2016-10-23T19:08:40.806+0800: 144.982: [GC (Allocation Failure) 2016-10-23T19:08:40.806+0800: 144.982: [ParNew
Desired survivor size 20112992 bytes, new threshold 8 (max 8)
- age   1:    3980320 bytes,    3980320 total
- age   2:    3456816 bytes,    7437136 total
- age   3:    4423776 bytes,   11860912 total
- age   4:    2442272 bytes,   14303184 total
- age   5:    1772160 bytes,   16075344 total
- age   6:    1577696 bytes,   17653040 total
- age   7:    1269072 bytes,   18922112 total
- age   8:    1624704 bytes,   20546816 total
: 109248K->21824K(109248K), 0.0129777 secs] 211918K->128035K(502464K), 0.0130330 secs] [Times: user=0.09 sys=0.00, real=0.01 secs] 
Heap after GC invocations=60 (full 2):
 par new generation   total 109248K, used 21824K [0x00000007a0000000, 0x00000007a8000000, 0x00000007a8000000)
  eden space 87424K,   0% used [0x00000007a0000000, 0x00000007a0000000, 0x00000007a5560000)
  from space 21824K, 100% used [0x00000007a5560000, 0x00000007a6ab0000, 0x00000007a6ab0000)
  to   space 21824K,   0% used [0x00000007a6ab0000, 0x00000007a6ab0000, 0x00000007a8000000)
 concurrent mark-sweep generation total 393216K, used 106211K [0x00000007a8000000, 0x00000007c0000000, 0x00000007c0000000)
 Metaspace       used 35118K, capacity 35692K, committed 36016K, reserved 1081344K
  class space    used 4055K, capacity 4219K, committed 4272K, reserved 1048576K
}
2016-10-23T19:08:40.819+0800: 144.995: Total time for which application threads were stopped: 0.0132577 seconds, Stopping threads took: 0.0000980 seconds
{Heap before GC invocations=60 (full 2):
 par new generation   total 109248K, used 109248K [0x00000007a0000000, 0x00000007a8000000, 0x00000007a8000000)
  eden space 87424K, 100% used [0x00000007a0000000, 0x00000007a5560000, 0x00000007a5560000)
  from space 21824K, 100% used [0x00000007a5560000, 0x00000007a6ab0000, 0x00000007a6ab0000)
  to   space 21824K,   0% used [0x00000007a6ab0000, 0x00000007a6ab0000, 0x00000007a8000000)
 concurrent mark-sweep generation total 393216K, used 106211K [0x00000007a8000000, 0x00000007c0000000, 0x00000007c0000000)
 Metaspace       used 35118K, capacity 35692K, committed 36016K, reserved 1081344K
  class space    used 4055K, capacity 4219K, committed 4272K, reserved 1048576K
2016-10-23T19:08:41.068+0800: 145.243: [GC (Allocation Failure) 2016-10-23T19:08:41.068+0800: 145.243: [ParNew
Desired survivor size 20112992 bytes, new threshold 8 (max 8)
- age   1:    3999424 bytes,    3999424 total
- age   2:    2190352 bytes,    6189776 total
- age   3:    2985280 bytes,    9175056 total
- age   4:    4347496 bytes,   13522552 total
- age   5:    2410848 bytes,   15933400 total
- age   6:    1759496 bytes,   17692896 total
- age   7:    1565088 bytes,   19257984 total
- age   8:    1257888 bytes,   20515872 total
: 109248K->21824K(109248K), 0.0121365 secs] 215459K->131914K(502464K), 0.0121975 secs] [Times: user=0.08 sys=0.00, real=0.02 secs] 
Heap after GC invocations=61 (full 2):
 par new generation   total 109248K, used 21824K [0x00000007a0000000, 0x00000007a8000000, 0x00000007a8000000)
  eden space 87424K,   0% used [0x00000007a0000000, 0x00000007a0000000, 0x00000007a5560000)
  from space 21824K, 100% used [0x00000007a6ab0000, 0x00000007a8000000, 0x00000007a8000000)
  to   space 21824K,   0% used [0x00000007a5560000, 0x00000007a5560000, 0x00000007a6ab0000)
 concurrent mark-sweep generation total 393216K, used 110090K [0x00000007a8000000, 0x00000007c0000000, 0x00000007c0000000)
 Metaspace       used 35118K, capacity 35692K, committed 36016K, reserved 1081344K
  class space    used 4055K, capacity 4219K, committed 4272K, reserved 1048576K
}
2016-10-23T19:08:41.080+0800: 145.255: Total time for which application threads were stopped: 0.0123627 seconds, Stopping threads took: 0.0000328 seconds
{Heap before GC invocations=61 (full 2):
 par new generation   total 109248K, used 109248K [0x00000007a0000000, 0x00000007a8000000, 0x00000007a8000000)
  eden space 87424K, 100% used [0x00000007a0000000, 0x00000007a5560000, 0x00000007a5560000)
  from space 21824K, 100% used [0x00000007a6ab0000, 0x00000007a8000000, 0x00000007a8000000)
  to   space 21824K,   0% used [0x00000007a5560000, 0x00000007a5560000, 0x00000007a6ab0000)
 concurrent mark-sweep generation total 393216K, used 110090K [0x00000007a8000000, 0x00000007c0000000, 0x00000007c0000000)
 Metaspace       used 35118K, capacity 35692K, committed 36016K, reserved 1081344K
  class space    used 4055K, capacity 4219K, committed 4272K, reserved 1048576K
2016-10-23T19:08:41.215+0800: 145.390: [GC (Allocation Failure) 2016-10-23T19:08:41.215+0800: 145.390: [ParNew
Desired survivor size 20112992 bytes, new threshold 8 (max 8)
- age   1:    3050944 bytes,    3050944 total
- age   2:    2011048 bytes,    5061992 total
- age   3:    2070712 bytes,    7132704 total
- age   4:    2925880 bytes,   10058584 total
- age   5:    4341904 bytes,   14400488 total
- age   6:    2402448 bytes,   16802936 total
- age   7:    1758112 bytes,   18561048 total
- age   8:    1554832 bytes,   20115880 total
: 109248K->21824K(109248K), 0.0098857 secs] 219338K->134795K(502464K), 0.0099368 secs] [Times: user=0.06 sys=0.00, real=0.01 secs] 
Heap after GC invocations=62 (full 2):
 par new generation   total 109248K, used 21824K [0x00000007a0000000, 0x00000007a8000000, 0x00000007a8000000)
  eden space 87424K,   0% used [0x00000007a0000000, 0x00000007a0000000, 0x00000007a5560000)
  from space 21824K, 100% used [0x00000007a5560000, 0x00000007a6ab0000, 0x00000007a6ab0000)
  to   space 21824K,   0% used [0x00000007a6ab0000, 0x00000007a6ab0000, 0x00000007a8000000)
 concurrent mark-sweep generation total 393216K, used 112971K [0x00000007a8000000, 0x00000007c0000000, 0x00000007c0000000)
 Metaspace       used 35118K, capacity 35692K, committed 36016K, reserved 1081344K
  class space    used 4055K, capacity 4219K, committed 4272K, reserved 1048576K
}
2016-10-23T19:08:41.225+0800: 145.400: Total time for which application threads were stopped: 0.0101237 seconds, Stopping threads took: 0.0000528 seconds
{Heap before GC invocations=62 (full 2):
 par new generation   total 109248K, used 109248K [0x00000007a0000000, 0x00000007a8000000, 0x00000007a8000000)
  eden space 87424K, 100% used [0x00000007a0000000, 0x00000007a5560000, 0x00000007a5560000)
  from space 21824K, 100% used [0x00000007a5560000, 0x00000007a6ab0000, 0x00000007a6ab0000)
  to   space 21824K,   0% used [0x00000007a6ab0000, 0x00000007a6ab0000, 0x00000007a8000000)
 concurrent mark-sweep generation total 393216K, used 112971K [0x00000007a8000000, 0x00000007c0000000, 0x00000007c0000000)
 Metaspace       used 35118K, capacity 35692K, committed 36016K, reserved 1081344K
  class space    used 4055K, capacity 4219K, committed 4272K, reserved 1048576K
2016-10-23T19:08:41.310+0800: 145.485: [GC (Allocation Failure) 2016-10-23T19:08:41.310+0800: 145.485: [ParNew
Desired survivor size 20112992 bytes, new threshold 8 (max 8)
- age   1:    3236944 bytes,    3236944 total
- age   2:    1351128 bytes,    4588072 total
- age   3:    1511432 bytes,    6099504 total
- age   4:    1209336 bytes,    7308840 total
- age   5:    2871896 bytes,   10180736 total
- age   6:    4341680 bytes,   14522416 total
- age   7:    2402288 bytes,   16924704 total
- age   8:    1757776 bytes,   18682480 total
: 109248K->21824K(109248K), 0.0097417 secs] 222219K->137701K(502464K), 0.0097879 secs] [Times: user=0.05 sys=0.00, real=0.01 secs] 
Heap after GC invocations=63 (full 2):
 par new generation   total 109248K, used 21824K [0x00000007a0000000, 0x00000007a8000000, 0x00000007a8000000)
  eden space 87424K,   0% used [0x00000007a0000000, 0x00000007a0000000, 0x00000007a5560000)
  from space 21824K, 100% used [0x00000007a6ab0000, 0x00000007a8000000, 0x00000007a8000000)
  to   space 21824K,   0% used [0x00000007a5560000, 0x00000007a5560000, 0x00000007a6ab0000)
 concurrent mark-sweep generation total 393216K, used 115877K [0x00000007a8000000, 0x00000007c0000000, 0x00000007c0000000)
 Metaspace       used 35118K, capacity 35692K, committed 36016K, reserved 1081344K
  class space    used 4055K, capacity 4219K, committed 4272K, reserved 1048576K
}
2016-10-23T19:08:41.320+0800: 145.495: Total time for which application threads were stopped: 0.0099787 seconds, Stopping threads took: 0.0000578 seconds
{Heap before GC invocations=63 (full 2):
 par new generation   total 109248K, used 109248K [0x00000007a0000000, 0x00000007a8000000, 0x00000007a8000000)
  eden space 87424K, 100% used [0x00000007a0000000, 0x00000007a5560000, 0x00000007a5560000)
  from space 21824K, 100% used [0x00000007a6ab0000, 0x00000007a8000000, 0x00000007a8000000)
  to   space 21824K,   0% used [0x00000007a5560000, 0x00000007a5560000, 0x00000007a6ab0000)
 concurrent mark-sweep generation total 393216K, used 115877K [0x00000007a8000000, 0x00000007c0000000, 0x00000007c0000000)
 Metaspace       used 35118K, capacity 35692K, committed 36016K, reserved 1081344K
  class space    used 4055K, capacity 4219K, committed 4272K, reserved 1048576K
2016-10-23T19:08:41.386+0800: 145.562: [GC (Allocation Failure) 2016-10-23T19:08:41.386+0800: 145.562: [ParNew
Desired survivor size 20112992 bytes, new threshold 8 (max 8)
- age   1:    3327816 bytes,    3327816 total
- age   2:    1885472 bytes,    5213288 total
- age   3:     749936 bytes,    5963224 total
- age   4:    1402880 bytes,    7366104 total
- age   5:     976680 bytes,    8342784 total
- age   6:    2563024 bytes,   10905808 total
- age   7:    4340552 bytes,   15246360 total
- age   8:    2401600 bytes,   17647960 total
: 109248K->21824K(109248K), 0.0078207 secs] 225125K->140434K(502464K), 0.0078685 secs] [Times: user=0.04 sys=0.00, real=0.01 secs] 
Heap after GC invocations=64 (full 2):
 par new generation   total 109248K, used 21824K [0x00000007a0000000, 0x00000007a8000000, 0x00000007a8000000)
  eden space 87424K,   0% used [0x00000007a0000000, 0x00000007a0000000, 0x00000007a5560000)
  from space 21824K, 100% used [0x00000007a5560000, 0x00000007a6ab0000, 0x00000007a6ab0000)
  to   space 21824K,   0% used [0x00000007a6ab0000, 0x00000007a6ab0000, 0x00000007a8000000)
 concurrent mark-sweep generation total 393216K, used 118610K [0x00000007a8000000, 0x00000007c0000000, 0x00000007c0000000)
 Metaspace       used 35118K, capacity 35692K, committed 36016K, reserved 1081344K
  class space    used 4055K, capacity 4219K, committed 4272K, reserved 1048576K
}
2016-10-23T19:08:41.394+0800: 145.569: Total time for which application threads were stopped: 0.0080521 seconds, Stopping threads took: 0.0000511 seconds
{Heap before GC invocations=64 (full 2):
 par new generation   total 109248K, used 109248K [0x00000007a0000000, 0x00000007a8000000, 0x00000007a8000000)
  eden space 87424K, 100% used [0x00000007a0000000, 0x00000007a5560000, 0x00000007a5560000)
  from space 21824K, 100% used [0x00000007a5560000, 0x00000007a6ab0000, 0x00000007a6ab0000)
  to   space 21824K,   0% used [0x00000007a6ab0000, 0x00000007a6ab0000, 0x00000007a8000000)
 concurrent mark-sweep generation total 393216K, used 118610K [0x00000007a8000000, 0x00000007c0000000, 0x00000007c0000000)
 Metaspace       used 35118K, capacity 35692K, committed 36016K, reserved 1081344K
  class space    used 4055K, capacity 4219K, committed 4272K, reserved 1048576K
2016-10-23T19:08:41.464+0800: 145.639: [GC (Allocation Failure) 2016-10-23T19:08:41.464+0800: 145.639: [ParNew
Desired survivor size 20112992 bytes, new threshold 8 (max 8)
- age   1:    3594248 bytes,    3594248 total
- age   2:    1595216 bytes,    5189464 total
- age   3:     460088 bytes,    5649552 total
- age   4:     734360 bytes,    6383912 total
- age   5:    1307360 bytes,    7691272 total
- age   6:     956144 bytes,    8647416 total
- age   7:    2561976 bytes,   11209392 total
- age   8:    4554336 bytes,   15763728 total
: 109248K->21824K(109248K), 0.0073010 secs] 227858K->143704K(502464K), 0.0073427 secs] [Times: user=0.03 sys=0.00, real=0.01 secs] 
Heap after GC invocations=65 (full 2):
 par new generation   total 109248K, used 21824K [0x00000007a0000000, 0x00000007a8000000, 0x00000007a8000000)
  eden space 87424K,   0% used [0x00000007a0000000, 0x00000007a0000000, 0x00000007a5560000)
  from space 21824K, 100% used [0x00000007a6ab0000, 0x00000007a8000000, 0x00000007a8000000)
  to   space 21824K,   0% used [0x00000007a5560000, 0x00000007a5560000, 0x00000007a6ab0000)
 concurrent mark-sweep generation total 393216K, used 121880K [0x00000007a8000000, 0x00000007c0000000, 0x00000007c0000000)
 Metaspace       used 35118K, capacity 35692K, committed 36016K, reserved 1081344K
  class space    used 4055K, capacity 4219K, committed 4272K, reserved 1048576K
}
2016-10-23T19:08:41.472+0800: 145.647: Total time for which application threads were stopped: 0.0075350 seconds, Stopping threads took: 0.0000554 seconds
{Heap before GC invocations=65 (full 2):
 par new generation   total 109248K, used 109248K [0x00000007a0000000, 0x00000007a8000000, 0x00000007a8000000)
  eden space 87424K, 100% used [0x00000007a0000000, 0x00000007a5560000, 0x00000007a5560000)
  from space 21824K, 100% used [0x00000007a6ab0000, 0x00000007a8000000, 0x00000007a8000000)
  to   space 21824K,   0% used [0x00000007a5560000, 0x00000007a5560000, 0x00000007a6ab0000)
 concurrent mark-sweep generation total 393216K, used 121880K [0x00000007a8000000, 0x00000007c0000000, 0x00000007c0000000)
 Metaspace       used 35118K, capacity 35692K, committed 36016K, reserved 1081344K
  class space    used 4055K, capacity 4219K, committed 4272K, reserved 1048576K
2016-10-23T19:08:41.557+0800: 145.732: [GC (Allocation Failure) 2016-10-23T19:08:41.557+0800: 145.732: [ParNew
Desired survivor size 20112992 bytes, new threshold 8 (max 8)
- age   1:    3136280 bytes,    3136280 total
- age   2:    2193232 bytes,    5329512 total
- age   3:    1506328 bytes,    6835840 total
- age   4:     438344 bytes,    7274184 total
- age   5:     700784 bytes,    7974968 total
- age   6:    1307384 bytes,    9282352 total
- age   7:     956168 bytes,   10238520 total
- age   8:    2627544 bytes,   12866064 total
: 109248K->17656K(109248K), 0.0070308 secs] 231128K->143793K(502464K), 0.0070800 secs] [Times: user=0.03 sys=0.01, real=0.01 secs] 
Heap after GC invocations=66 (full 2):
 par new generation   total 109248K, used 17656K [0x00000007a0000000, 0x00000007a8000000, 0x00000007a8000000)
  eden space 87424K,   0% used [0x00000007a0000000, 0x00000007a0000000, 0x00000007a5560000)
  from space 21824K,  80% used [0x00000007a5560000, 0x00000007a669e3d0, 0x00000007a6ab0000)
  to   space 21824K,   0% used [0x00000007a6ab0000, 0x00000007a6ab0000, 0x00000007a8000000)
 concurrent mark-sweep generation total 393216K, used 126136K [0x00000007a8000000, 0x00000007c0000000, 0x00000007c0000000)
 Metaspace       used 35118K, capacity 35692K, committed 36016K, reserved 1081344K
  class space    used 4055K, capacity 4219K, committed 4272K, reserved 1048576K
}
2016-10-23T19:08:41.564+0800: 145.740: Total time for which application threads were stopped: 0.0072639 seconds, Stopping threads took: 0.0000521 seconds
2016-10-23T19:08:41.611+0800: 145.786: Total time for which application threads were stopped: 0.0001381 seconds, Stopping threads took: 0.0000434 seconds
2016-10-23T19:08:41.613+0800: 145.788: Total time for which application threads were stopped: 0.0001643 seconds, Stopping threads took: 0.0000918 seconds
2016-10-23T19:08:41.613+0800: 145.788: Total time for which application threads were stopped: 0.0001158 seconds, Stopping threads took: 0.0000519 seconds
2016-10-23T19:08:41.619+0800: 145.795: Total time for which application threads were stopped: 0.0001966 seconds, Stopping threads took: 0.0000831 seconds
{Heap before GC invocations=66 (full 2):
 par new generation   total 109248K, used 105066K [0x00000007a0000000, 0x00000007a8000000, 0x00000007a8000000)
  eden space 87424K,  99% used [0x00000007a0000000, 0x00000007a555c518, 0x00000007a5560000)
  from space 21824K,  80% used [0x00000007a5560000, 0x00000007a669e3d0, 0x00000007a6ab0000)
  to   space 21824K,   0% used [0x00000007a6ab0000, 0x00000007a6ab0000, 0x00000007a8000000)
 concurrent mark-sweep generation total 393216K, used 126136K [0x00000007a8000000, 0x00000007c0000000, 0x00000007c0000000)
 Metaspace       used 35213K, capacity 35756K, committed 36016K, reserved 1081344K
  class space    used 4064K, capacity 4219K, committed 4272K, reserved 1048576K
2016-10-23T19:08:41.882+0800: 146.058: [GC (Allocation Failure) 2016-10-23T19:08:41.882+0800: 146.058: [ParNew
Desired survivor size 20112992 bytes, new threshold 8 (max 8)
- age   1:    7281448 bytes,    7281448 total
- age   2:    1035560 bytes,    8317008 total
- age   3:     889824 bytes,    9206832 total
- age   4:    1506328 bytes,   10713160 total
- age   5:     438240 bytes,   11151400 total
- age   6:     568656 bytes,   11720056 total
- age   7:    1207800 bytes,   12927856 total
- age   8:     955128 bytes,   13882984 total
: 105066K->17244K(109248K), 0.0075048 secs] 231202K->145885K(502464K), 0.0075590 secs] [Times: user=0.04 sys=0.00, real=0.01 secs] 
Heap after GC invocations=67 (full 2):
 par new generation   total 109248K, used 17244K [0x00000007a0000000, 0x00000007a8000000, 0x00000007a8000000)
  eden space 87424K,   0% used [0x00000007a0000000, 0x00000007a0000000, 0x00000007a5560000)
  from space 21824K,  79% used [0x00000007a6ab0000, 0x00000007a7b87040, 0x00000007a8000000)
  to   space 21824K,   0% used [0x00000007a5560000, 0x00000007a5560000, 0x00000007a6ab0000)
 concurrent mark-sweep generation total 393216K, used 128641K [0x00000007a8000000, 0x00000007c0000000, 0x00000007c0000000)
 Metaspace       used 35213K, capacity 35756K, committed 36016K, reserved 1081344K
  class space    used 4064K, capacity 4219K, committed 4272K, reserved 1048576K
}
2016-10-23T19:08:41.890+0800: 146.065: Total time for which application threads were stopped: 0.0077309 seconds, Stopping threads took: 0.0000288 seconds
2016-10-23T19:08:41.948+0800: 146.124: Total time for which application threads were stopped: 0.0001964 seconds, Stopping threads took: 0.0000649 seconds
2016-10-23T19:08:42.031+0800: 146.206: Total time for which application threads were stopped: 0.0001900 seconds, Stopping threads took: 0.0000659 seconds
2016-10-23T19:08:42.031+0800: 146.206: Total time for which application threads were stopped: 0.0001587 seconds, Stopping threads took: 0.0000611 seconds
{Heap before GC invocations=67 (full 2):
 par new generation   total 109248K, used 104668K [0x00000007a0000000, 0x00000007a8000000, 0x00000007a8000000)
  eden space 87424K, 100% used [0x00000007a0000000, 0x00000007a5560000, 0x00000007a5560000)
  from space 21824K,  79% used [0x00000007a6ab0000, 0x00000007a7b87040, 0x00000007a8000000)
  to   space 21824K,   0% used [0x00000007a5560000, 0x00000007a5560000, 0x00000007a6ab0000)
 concurrent mark-sweep generation total 393216K, used 128641K [0x00000007a8000000, 0x00000007c0000000, 0x00000007c0000000)
 Metaspace       used 35239K, capacity 35756K, committed 36016K, reserved 1081344K
  class space    used 4067K, capacity 4219K, committed 4272K, reserved 1048576K
2016-10-23T19:08:42.152+0800: 146.327: [GC (Allocation Failure) 2016-10-23T19:08:42.152+0800: 146.328: [ParNew
Desired survivor size 20112992 bytes, new threshold 8 (max 8)
- age   1:    4655392 bytes,    4655392 total
- age   2:    6890000 bytes,   11545392 total
- age   3:     985296 bytes,   12530688 total
- age   4:     849936 bytes,   13380624 total
- age   5:    1473784 bytes,   14854408 total
- age   6:     402864 bytes,   15257272 total
- age   7:     515664 bytes,   15772936 total
- age   8:    1084680 bytes,   16857616 total
: 104668K->19510K(109248K), 0.0080104 secs] 233309K->148995K(502464K), 0.0080821 secs] [Times: user=0.04 sys=0.00, real=0.01 secs] 
Heap after GC invocations=68 (full 2):
 par new generation   total 109248K, used 19510K [0x00000007a0000000, 0x00000007a8000000, 0x00000007a8000000)
  eden space 87424K,   0% used [0x00000007a0000000, 0x00000007a0000000, 0x00000007a5560000)
  from space 21824K,  89% used [0x00000007a5560000, 0x00000007a686da00, 0x00000007a6ab0000)
  to   space 21824K,   0% used [0x00000007a6ab0000, 0x00000007a6ab0000, 0x00000007a8000000)
 concurrent mark-sweep generation total 393216K, used 129485K [0x00000007a8000000, 0x00000007c0000000, 0x00000007c0000000)
 Metaspace       used 35239K, capacity 35756K, committed 36016K, reserved 1081344K
  class space    used 4067K, capacity 4219K, committed 4272K, reserved 1048576K
}
2016-10-23T19:08:42.160+0800: 146.336: Total time for which application threads were stopped: 0.0083090 seconds, Stopping threads took: 0.0000700 seconds
{Heap before GC invocations=68 (full 2):
 par new generation   total 109248K, used 106934K [0x00000007a0000000, 0x00000007a8000000, 0x00000007a8000000)
  eden space 87424K, 100% used [0x00000007a0000000, 0x00000007a5560000, 0x00000007a5560000)
  from space 21824K,  89% used [0x00000007a5560000, 0x00000007a686da00, 0x00000007a6ab0000)
  to   space 21824K,   0% used [0x00000007a6ab0000, 0x00000007a6ab0000, 0x00000007a8000000)
 concurrent mark-sweep generation total 393216K, used 129485K [0x00000007a8000000, 0x00000007c0000000, 0x00000007c0000000)
 Metaspace       used 35239K, capacity 35756K, committed 36016K, reserved 1081344K
  class space    used 4067K, capacity 4219K, committed 4272K, reserved 1048576K
2016-10-23T19:08:42.267+0800: 146.442: [GC (Allocation Failure) 2016-10-23T19:08:42.267+0800: 146.442: [ParNew
Desired survivor size 20112992 bytes, new threshold 8 (max 8)
- age   1:    2342400 bytes,    2342400 total
- age   2:    3675104 bytes,    6017504 total
- age   3:    6890000 bytes,   12907504 total
- age   4:     985296 bytes,   13892800 total
- age   5:     849936 bytes,   14742736 total
- age   6:    1473784 bytes,   16216520 total
- age   7:     402864 bytes,   16619384 total
- age   8:     515664 bytes,   17135048 total
: 106934K->21824K(109248K), 0.0071373 secs] 236419K->152386K(502464K), 0.0071963 secs] [Times: user=0.04 sys=0.00, real=0.01 secs] 
Heap after GC invocations=69 (full 2):
 par new generation   total 109248K, used 21824K [0x00000007a0000000, 0x00000007a8000000, 0x00000007a8000000)
  eden space 87424K,   0% used [0x00000007a0000000, 0x00000007a0000000, 0x00000007a5560000)
  from space 21824K, 100% used [0x00000007a6ab0000, 0x00000007a8000000, 0x00000007a8000000)
  to   space 21824K,   0% used [0x00000007a5560000, 0x00000007a5560000, 0x00000007a6ab0000)
 concurrent mark-sweep generation total 393216K, used 130562K [0x00000007a8000000, 0x00000007c0000000, 0x00000007c0000000)
 Metaspace       used 35239K, capacity 35756K, committed 36016K, reserved 1081344K
  class space    used 4067K, capacity 4219K, committed 4272K, reserved 1048576K
}
2016-10-23T19:08:42.274+0800: 146.449: Total time for which application threads were stopped: 0.0073876 seconds, Stopping threads took: 0.0000207 seconds
2016-10-23T19:08:42.355+0800: 146.530: Total time for which application threads were stopped: 0.0001671 seconds, Stopping threads took: 0.0000590 seconds
2016-10-23T19:08:42.355+0800: 146.530: Total time for which application threads were stopped: 0.0000999 seconds, Stopping threads took: 0.0000343 seconds
2016-10-23T19:08:42.355+0800: 146.530: Total time for which application threads were stopped: 0.0000833 seconds, Stopping threads took: 0.0000221 seconds
2016-10-23T19:08:42.355+0800: 146.531: Total time for which application threads were stopped: 0.0000591 seconds, Stopping threads took: 0.0000079 seconds
{Heap before GC invocations=69 (full 2):
 par new generation   total 109248K, used 109248K [0x00000007a0000000, 0x00000007a8000000, 0x00000007a8000000)
  eden space 87424K, 100% used [0x00000007a0000000, 0x00000007a5560000, 0x00000007a5560000)
  from space 21824K, 100% used [0x00000007a6ab0000, 0x00000007a8000000, 0x00000007a8000000)
  to   space 21824K,   0% used [0x00000007a5560000, 0x00000007a5560000, 0x00000007a6ab0000)
 concurrent mark-sweep generation total 393216K, used 130562K [0x00000007a8000000, 0x00000007c0000000, 0x00000007c0000000)
 Metaspace       used 35247K, capacity 35756K, committed 36016K, reserved 1081344K
  class space    used 4067K, capacity 4219K, committed 4272K, reserved 1048576K
2016-10-23T19:08:42.505+0800: 146.680: [GC (Allocation Failure) 2016-10-23T19:08:42.505+0800: 146.680: [ParNew
Desired survivor size 20112992 bytes, new threshold 8 (max 8)
- age   1:    4577944 bytes,    4577944 total
- age   2:     848424 bytes,    5426368 total
- age   3:    3444664 bytes,    8871032 total
- age   4:    6637272 bytes,   15508304 total
- age   5:     881376 bytes,   16389680 total
- age   6:     763464 bytes,   17153144 total
- age   7:    1414488 bytes,   18567632 total
- age   8:     338320 bytes,   18905952 total
: 109248K->21824K(109248K), 0.0064655 secs] 239810K->152820K(502464K), 0.0065243 secs] [Times: user=0.02 sys=0.00, real=0.01 secs] 
Heap after GC invocations=70 (full 2):
 par new generation   total 109248K, used 21824K [0x00000007a0000000, 0x00000007a8000000, 0x00000007a8000000)
  eden space 87424K,   0% used [0x00000007a0000000, 0x00000007a0000000, 0x00000007a5560000)
  from space 21824K, 100% used [0x00000007a5560000, 0x00000007a6ab0000, 0x00000007a6ab0000)
  to   space 21824K,   0% used [0x00000007a6ab0000, 0x00000007a6ab0000, 0x00000007a8000000)
 concurrent mark-sweep generation total 393216K, used 130996K [0x00000007a8000000, 0x00000007c0000000, 0x00000007c0000000)
 Metaspace       used 35247K, capacity 35756K, committed 36016K, reserved 1081344K
  class space    used 4067K, capacity 4219K, committed 4272K, reserved 1048576K
}
2016-10-23T19:08:42.511+0800: 146.687: Total time for which application threads were stopped: 0.0066826 seconds, Stopping threads took: 0.0000180 seconds
{Heap before GC invocations=70 (full 2):
 par new generation   total 109248K, used 109248K [0x00000007a0000000, 0x00000007a8000000, 0x00000007a8000000)
  eden space 87424K, 100% used [0x00000007a0000000, 0x00000007a5560000, 0x00000007a5560000)
  from space 21824K, 100% used [0x00000007a5560000, 0x00000007a6ab0000, 0x00000007a6ab0000)
  to   space 21824K,   0% used [0x00000007a6ab0000, 0x00000007a6ab0000, 0x00000007a8000000)
 concurrent mark-sweep generation total 393216K, used 130996K [0x00000007a8000000, 0x00000007c0000000, 0x00000007c0000000)
 Metaspace       used 35247K, capacity 35756K, committed 36016K, reserved 1081344K
  class space    used 4067K, capacity 4219K, committed 4272K, reserved 1048576K
2016-10-23T19:08:42.761+0800: 146.936: [GC (Allocation Failure) 2016-10-23T19:08:42.761+0800: 146.936: [ParNew
Desired survivor size 20112992 bytes, new threshold 8 (max 8)
- age   1:    3341520 bytes,    3341520 total
- age   2:    2491320 bytes,    5832840 total
- age   3:     695776 bytes,    6528616 total
- age   4:    2020648 bytes,    8549264 total
- age   5:    6622480 bytes,   15171744 total
- age   6:     875592 bytes,   16047336 total
- age   7:     759016 bytes,   16806352 total
- age   8:    1411288 bytes,   18217640 total
: 109248K->21824K(109248K), 0.0066096 secs] 240244K->156962K(502464K), 0.0066805 secs] [Times: user=0.02 sys=0.00, real=0.00 secs] 
Heap after GC invocations=71 (full 2):
 par new generation   total 109248K, used 21824K [0x00000007a0000000, 0x00000007a8000000, 0x00000007a8000000)
  eden space 87424K,   0% used [0x00000007a0000000, 0x00000007a0000000, 0x00000007a5560000)
  from space 21824K, 100% used [0x00000007a6ab0000, 0x00000007a8000000, 0x00000007a8000000)
  to   space 21824K,   0% used [0x00000007a5560000, 0x00000007a5560000, 0x00000007a6ab0000)
 concurrent mark-sweep generation total 393216K, used 135138K [0x00000007a8000000, 0x00000007c0000000, 0x00000007c0000000)
 Metaspace       used 35247K, capacity 35756K, committed 36016K, reserved 1081344K
  class space    used 4067K, capacity 4219K, committed 4272K, reserved 1048576K
}
2016-10-23T19:08:42.768+0800: 146.943: Total time for which application threads were stopped: 0.0068370 seconds, Stopping threads took: 0.0000307 seconds
{Heap before GC invocations=71 (full 2):
 par new generation   total 109248K, used 109248K [0x00000007a0000000, 0x00000007a8000000, 0x00000007a8000000)
  eden space 87424K, 100% used [0x00000007a0000000, 0x00000007a5560000, 0x00000007a5560000)
  from space 21824K, 100% used [0x00000007a6ab0000, 0x00000007a8000000, 0x00000007a8000000)
  to   space 21824K,   0% used [0x00000007a5560000, 0x00000007a5560000, 0x00000007a6ab0000)
 concurrent mark-sweep generation total 393216K, used 135138K [0x00000007a8000000, 0x00000007c0000000, 0x00000007c0000000)
 Metaspace       used 35247K, capacity 35756K, committed 36016K, reserved 1081344K
  class space    used 4067K, capacity 4219K, committed 4272K, reserved 1048576K
2016-10-23T19:08:43.037+0800: 147.213: [GC (Allocation Failure) 2016-10-23T19:08:43.037+0800: 147.213: [ParNew
Desired survivor size 20112992 bytes, new threshold 8 (max 8)
- age   1:    5370224 bytes,    5370224 total
- age   2:    2219520 bytes,    7589744 total
- age   3:    1677192 bytes,    9266936 total
- age   4:     653656 bytes,    9920592 total
- age   5:    1809120 bytes,   11729712 total
- age   6:    6389496 bytes,   18119208 total
- age   7:     777248 bytes,   18896456 total
- age   8:     678576 bytes,   19575032 total
: 109248K->21824K(109248K), 0.0081269 secs] 244386K->161245K(502464K), 0.0081815 secs] [Times: user=0.03 sys=0.00, real=0.01 secs] 
Heap after GC invocations=72 (full 2):
 par new generation   total 109248K, used 21824K [0x00000007a0000000, 0x00000007a8000000, 0x00000007a8000000)
  eden space 87424K,   0% used [0x00000007a0000000, 0x00000007a0000000, 0x00000007a5560000)
  from space 21824K, 100% used [0x00000007a5560000, 0x00000007a6ab0000, 0x00000007a6ab0000)
  to   space 21824K,   0% used [0x00000007a6ab0000, 0x00000007a6ab0000, 0x00000007a8000000)
 concurrent mark-sweep generation total 393216K, used 139421K [0x00000007a8000000, 0x00000007c0000000, 0x00000007c0000000)
 Metaspace       used 35247K, capacity 35756K, committed 36016K, reserved 1081344K
  class space    used 4067K, capacity 4219K, committed 4272K, reserved 1048576K
}
2016-10-23T19:08:43.046+0800: 147.221: Total time for which application threads were stopped: 0.0083375 seconds, Stopping threads took: 0.0000213 seconds
{Heap before GC invocations=72 (full 2):
 par new generation   total 109248K, used 109248K [0x00000007a0000000, 0x00000007a8000000, 0x00000007a8000000)
  eden space 87424K, 100% used [0x00000007a0000000, 0x00000007a5560000, 0x00000007a5560000)
  from space 21824K, 100% used [0x00000007a5560000, 0x00000007a6ab0000, 0x00000007a6ab0000)
  to   space 21824K,   0% used [0x00000007a6ab0000, 0x00000007a6ab0000, 0x00000007a8000000)
 concurrent mark-sweep generation total 393216K, used 139421K [0x00000007a8000000, 0x00000007c0000000, 0x00000007c0000000)
 Metaspace       used 35248K, capacity 35756K, committed 36016K, reserved 1081344K
  class space    used 4067K, capacity 4219K, committed 4272K, reserved 1048576K
2016-10-23T19:08:43.309+0800: 147.485: [GC (Allocation Failure) 2016-10-23T19:08:43.309+0800: 147.485: [ParNew
Desired survivor size 20112992 bytes, new threshold 8 (max 8)
- age   1:    5931824 bytes,    5931824 total
- age   2:    3090680 bytes,    9022504 total
- age   3:    1853832 bytes,   10876336 total
- age   4:    1528640 bytes,   12404976 total
- age   5:     602704 bytes,   13007680 total
- age   6:    1444760 bytes,   14452440 total
- age   7:    3789648 bytes,   18242088 total
- age   8:     191704 bytes,   18433792 total
: 109248K->21824K(109248K), 0.0080722 secs] 248669K->167049K(502464K), 0.0081353 secs] [Times: user=0.03 sys=0.00, real=0.01 secs] 
Heap after GC invocations=73 (full 2):
 par new generation   total 109248K, used 21824K [0x00000007a0000000, 0x00000007a8000000, 0x00000007a8000000)
  eden space 87424K,   0% used [0x00000007a0000000, 0x00000007a0000000, 0x00000007a5560000)
  from space 21824K, 100% used [0x00000007a6ab0000, 0x00000007a8000000, 0x00000007a8000000)
  to   space 21824K,   0% used [0x00000007a5560000, 0x00000007a5560000, 0x00000007a6ab0000)
 concurrent mark-sweep generation total 393216K, used 145225K [0x00000007a8000000, 0x00000007c0000000, 0x00000007c0000000)
 Metaspace       used 35248K, capacity 35756K, committed 36016K, reserved 1081344K
  class space    used 4067K, capacity 4219K, committed 4272K, reserved 1048576K
}
2016-10-23T19:08:43.318+0800: 147.493: Total time for which application threads were stopped: 0.0083052 seconds, Stopping threads took: 0.0000243 seconds
{Heap before GC invocations=73 (full 2):
 par new generation   total 109248K, used 109248K [0x00000007a0000000, 0x00000007a8000000, 0x00000007a8000000)
  eden space 87424K, 100% used [0x00000007a0000000, 0x00000007a5560000, 0x00000007a5560000)
  from space 21824K, 100% used [0x00000007a6ab0000, 0x00000007a8000000, 0x00000007a8000000)
  to   space 21824K,   0% used [0x00000007a5560000, 0x00000007a5560000, 0x00000007a6ab0000)
 concurrent mark-sweep generation total 393216K, used 145225K [0x00000007a8000000, 0x00000007c0000000, 0x00000007c0000000)
 Metaspace       used 35248K, capacity 35756K, committed 36016K, reserved 1081344K
  class space    used 4067K, capacity 4219K, committed 4272K, reserved 1048576K
2016-10-23T19:08:43.569+0800: 147.745: [GC (Allocation Failure) 2016-10-23T19:08:43.569+0800: 147.745: [ParNew
Desired survivor size 20112992 bytes, new threshold 8 (max 8)
- age   1:    5271392 bytes,    5271392 total
- age   2:    2170512 bytes,    7441904 total
- age   3:    2936440 bytes,   10378344 total
- age   4:    1734280 bytes,   12112624 total
- age   5:    1443336 bytes,   13555960 total
- age   6:     566808 bytes,   14122768 total
- age   7:    1363352 bytes,   15486120 total
- age   8:    3276248 bytes,   18762368 total
: 109248K->21824K(109248K), 0.0082321 secs] 254473K->170577K(502464K), 0.0083119 secs] [Times: user=0.03 sys=0.00, real=0.01 secs] 
Heap after GC invocations=74 (full 2):
 par new generation   total 109248K, used 21824K [0x00000007a0000000, 0x00000007a8000000, 0x00000007a8000000)
  eden space 87424K,   0% used [0x00000007a0000000, 0x00000007a0000000, 0x00000007a5560000)
  from space 21824K, 100% used [0x00000007a5560000, 0x00000007a6ab0000, 0x00000007a6ab0000)
  to   space 21824K,   0% used [0x00000007a6ab0000, 0x00000007a6ab0000, 0x00000007a8000000)
 concurrent mark-sweep generation total 393216K, used 148753K [0x00000007a8000000, 0x00000007c0000000, 0x00000007c0000000)
 Metaspace       used 35248K, capacity 35756K, committed 36016K, reserved 1081344K
  class space    used 4067K, capacity 4219K, committed 4272K, reserved 1048576K
}
2016-10-23T19:08:43.578+0800: 147.753: Total time for which application threads were stopped: 0.0084681 seconds, Stopping threads took: 0.0000228 seconds
{Heap before GC invocations=74 (full 2):
 par new generation   total 109248K, used 109248K [0x00000007a0000000, 0x00000007a8000000, 0x00000007a8000000)
  eden space 87424K, 100% used [0x00000007a0000000, 0x00000007a5560000, 0x00000007a5560000)
  from space 21824K, 100% used [0x00000007a5560000, 0x00000007a6ab0000, 0x00000007a6ab0000)
  to   space 21824K,   0% used [0x00000007a6ab0000, 0x00000007a6ab0000, 0x00000007a8000000)
 concurrent mark-sweep generation total 393216K, used 148753K [0x00000007a8000000, 0x00000007c0000000, 0x00000007c0000000)
 Metaspace       used 35248K, capacity 35756K, committed 36016K, reserved 1081344K
  class space    used 4067K, capacity 4219K, committed 4272K, reserved 1048576K
2016-10-23T19:08:43.841+0800: 148.016: [GC (Allocation Failure) 2016-10-23T19:08:43.841+0800: 148.016: [ParNew
Desired survivor size 20112992 bytes, new threshold 8 (max 8)
- age   1:    8705328 bytes,    8705328 total
- age   2:    2121328 bytes,   10826656 total
- age   3:    2006112 bytes,   12832768 total
- age   4:    1863792 bytes,   14696560 total
- age   5:    1640048 bytes,   16336608 total
- age   6:    1372616 bytes,   17709224 total
- age   7:     538888 bytes,   18248112 total
- age   8:    1289312 bytes,   19537424 total
: 109248K->21824K(109248K), 0.0088343 secs] 258001K->177383K(502464K), 0.0089122 secs] [Times: user=0.03 sys=0.01, real=0.01 secs] 
Heap after GC invocations=75 (full 2):
 par new generation   total 109248K, used 21824K [0x00000007a0000000, 0x00000007a8000000, 0x00000007a8000000)
  eden space 87424K,   0% used [0x00000007a0000000, 0x00000007a0000000, 0x00000007a5560000)
  from space 21824K, 100% used [0x00000007a6ab0000, 0x00000007a8000000, 0x00000007a8000000)
  to   space 21824K,   0% used [0x00000007a5560000, 0x00000007a5560000, 0x00000007a6ab0000)
 concurrent mark-sweep generation total 393216K, used 155559K [0x00000007a8000000, 0x00000007c0000000, 0x00000007c0000000)
 Metaspace       used 35248K, capacity 35756K, committed 36016K, reserved 1081344K
  class space    used 4067K, capacity 4219K, committed 4272K, reserved 1048576K
}
2016-10-23T19:08:43.850+0800: 148.025: Total time for which application threads were stopped: 0.0090846 seconds, Stopping threads took: 0.0000237 seconds
{Heap before GC invocations=75 (full 2):
 par new generation   total 109248K, used 109248K [0x00000007a0000000, 0x00000007a8000000, 0x00000007a8000000)
  eden space 87424K, 100% used [0x00000007a0000000, 0x00000007a5560000, 0x00000007a5560000)
  from space 21824K, 100% used [0x00000007a6ab0000, 0x00000007a8000000, 0x00000007a8000000)
  to   space 21824K,   0% used [0x00000007a5560000, 0x00000007a5560000, 0x00000007a6ab0000)
 concurrent mark-sweep generation total 393216K, used 155559K [0x00000007a8000000, 0x00000007c0000000, 0x00000007c0000000)
 Metaspace       used 35248K, capacity 35756K, committed 36016K, reserved 1081344K
  class space    used 4067K, capacity 4219K, committed 4272K, reserved 1048576K
2016-10-23T19:08:44.111+0800: 148.286: [GC (Allocation Failure) 2016-10-23T19:08:44.111+0800: 148.287: [ParNew
Desired survivor size 20112992 bytes, new threshold 8 (max 8)
- age   1:    7690192 bytes,    7690192 total
- age   2:    3856968 bytes,   11547160 total
- age   3:    1167576 bytes,   12714736 total
- age   4:    1289240 bytes,   14003976 total
- age   5:    1842104 bytes,   15846080 total
- age   6:    1620224 bytes,   17466304 total
- age   7:    1357104 bytes,   18823408 total
- age   8:     532496 bytes,   19355904 total
: 109248K->21824K(109248K), 0.0072142 secs] 264807K->181543K(502464K), 0.0072892 secs] [Times: user=0.02 sys=0.00, real=0.00 secs] 
Heap after GC invocations=76 (full 2):
 par new generation   total 109248K, used 21824K [0x00000007a0000000, 0x00000007a8000000, 0x00000007a8000000)
  eden space 87424K,   0% used [0x00000007a0000000, 0x00000007a0000000, 0x00000007a5560000)
  from space 21824K, 100% used [0x00000007a5560000, 0x00000007a6ab0000, 0x00000007a6ab0000)
  to   space 21824K,   0% used [0x00000007a6ab0000, 0x00000007a6ab0000, 0x00000007a8000000)
 concurrent mark-sweep generation total 393216K, used 159719K [0x00000007a8000000, 0x00000007c0000000, 0x00000007c0000000)
 Metaspace       used 35248K, capacity 35756K, committed 36016K, reserved 1081344K
  class space    used 4067K, capacity 4219K, committed 4272K, reserved 1048576K
}
2016-10-23T19:08:44.119+0800: 148.294: Total time for which application threads were stopped: 0.0074610 seconds, Stopping threads took: 0.0000213 seconds
{Heap before GC invocations=76 (full 2):
 par new generation   total 109248K, used 109248K [0x00000007a0000000, 0x00000007a8000000, 0x00000007a8000000)
  eden space 87424K, 100% used [0x00000007a0000000, 0x00000007a5560000, 0x00000007a5560000)
  from space 21824K, 100% used [0x00000007a5560000, 0x00000007a6ab0000, 0x00000007a6ab0000)
  to   space 21824K,   0% used [0x00000007a6ab0000, 0x00000007a6ab0000, 0x00000007a8000000)
 concurrent mark-sweep generation total 393216K, used 159719K [0x00000007a8000000, 0x00000007c0000000, 0x00000007c0000000)
 Metaspace       used 35248K, capacity 35756K, committed 36016K, reserved 1081344K
  class space    used 4067K, capacity 4219K, committed 4272K, reserved 1048576K
2016-10-23T19:08:44.377+0800: 148.552: [GC (Allocation Failure) 2016-10-23T19:08:44.377+0800: 148.552: [ParNew
Desired survivor size 20112992 bytes, new threshold 8 (max 8)
- age   1:    9261816 bytes,    9261816 total
- age   2:    1554168 bytes,   10815984 total
- age   3:    3739280 bytes,   14555264 total
- age   4:    1160312 bytes,   15715576 total
- age   5:     863048 bytes,   16578624 total
- age   6:     760208 bytes,   17338832 total
- age   7:    1620224 bytes,   18959056 total
- age   8:    1357080 bytes,   20316136 total
: 109248K->21824K(109248K), 0.0066816 secs] 268967K->183606K(502464K), 0.0067295 secs] [Times: user=0.02 sys=0.00, real=0.01 secs] 
Heap after GC invocations=77 (full 2):
 par new generation   total 109248K, used 21824K [0x00000007a0000000, 0x00000007a8000000, 0x00000007a8000000)
  eden space 87424K,   0% used [0x00000007a0000000, 0x00000007a0000000, 0x00000007a5560000)
  from space 21824K, 100% used [0x00000007a6ab0000, 0x00000007a8000000, 0x00000007a8000000)
  to   space 21824K,   0% used [0x00000007a5560000, 0x00000007a5560000, 0x00000007a6ab0000)
 concurrent mark-sweep generation total 393216K, used 161782K [0x00000007a8000000, 0x00000007c0000000, 0x00000007c0000000)
 Metaspace       used 35248K, capacity 35756K, committed 36016K, reserved 1081344K
  class space    used 4067K, capacity 4219K, committed 4272K, reserved 1048576K
}
2016-10-23T19:08:44.384+0800: 148.559: Total time for which application threads were stopped: 0.0069199 seconds, Stopping threads took: 0.0000300 seconds
{Heap before GC invocations=77 (full 2):
 par new generation   total 109248K, used 109248K [0x00000007a0000000, 0x00000007a8000000, 0x00000007a8000000)
  eden space 87424K, 100% used [0x00000007a0000000, 0x00000007a5560000, 0x00000007a5560000)
  from space 21824K, 100% used [0x00000007a6ab0000, 0x00000007a8000000, 0x00000007a8000000)
  to   space 21824K,   0% used [0x00000007a5560000, 0x00000007a5560000, 0x00000007a6ab0000)
 concurrent mark-sweep generation total 393216K, used 161782K [0x00000007a8000000, 0x00000007c0000000, 0x00000007c0000000)
 Metaspace       used 35248K, capacity 35756K, committed 36016K, reserved 1081344K
  class space    used 4067K, capacity 4219K, committed 4272K, reserved 1048576K
2016-10-23T19:08:44.660+0800: 148.836: [GC (Allocation Failure) 2016-10-23T19:08:44.660+0800: 148.836: [ParNew
Desired survivor size 20112992 bytes, new threshold 8 (max 8)
- age   1:    9252480 bytes,    9252480 total
- age   2:    2230152 bytes,   11482632 total
- age   3:    1350592 bytes,   12833224 total
- age   4:    3719744 bytes,   16552968 total
- age   5:    1125744 bytes,   17678712 total
- age   6:     730680 bytes,   18409392 total
- age   7:     758944 bytes,   19168336 total
- age   8:    1618808 bytes,   20787144 total
: 109248K->21824K(109248K), 0.0081039 secs] 271030K->186958K(502464K), 0.0081702 secs] [Times: user=0.03 sys=0.00, real=0.00 secs] 
Heap after GC invocations=78 (full 2):
 par new generation   total 109248K, used 21824K [0x00000007a0000000, 0x00000007a8000000, 0x00000007a8000000)
  eden space 87424K,   0% used [0x00000007a0000000, 0x00000007a0000000, 0x00000007a5560000)
  from space 21824K, 100% used [0x00000007a5560000, 0x00000007a6ab0000, 0x00000007a6ab0000)
  to   space 21824K,   0% used [0x00000007a6ab0000, 0x00000007a6ab0000, 0x00000007a8000000)
 concurrent mark-sweep generation total 393216K, used 165134K [0x00000007a8000000, 0x00000007c0000000, 0x00000007c0000000)
 Metaspace       used 35248K, capacity 35756K, committed 36016K, reserved 1081344K
  class space    used 4067K, capacity 4219K, committed 4272K, reserved 1048576K
}
2016-10-23T19:08:44.669+0800: 148.844: Total time for which application threads were stopped: 0.0083333 seconds, Stopping threads took: 0.0000220 seconds
{Heap before GC invocations=78 (full 2):
 par new generation   total 109248K, used 109248K [0x00000007a0000000, 0x00000007a8000000, 0x00000007a8000000)
  eden space 87424K, 100% used [0x00000007a0000000, 0x00000007a5560000, 0x00000007a5560000)
  from space 21824K, 100% used [0x00000007a5560000, 0x00000007a6ab0000, 0x00000007a6ab0000)
  to   space 21824K,   0% used [0x00000007a6ab0000, 0x00000007a6ab0000, 0x00000007a8000000)
 concurrent mark-sweep generation total 393216K, used 165134K [0x00000007a8000000, 0x00000007c0000000, 0x00000007c0000000)
 Metaspace       used 35248K, capacity 35756K, committed 36016K, reserved 1081344K
  class space    used 4067K, capacity 4219K, committed 4272K, reserved 1048576K
2016-10-23T19:08:44.950+0800: 149.126: [GC (Allocation Failure) 2016-10-23T19:08:44.950+0800: 149.126: [ParNew
Desired survivor size 20112992 bytes, new threshold 8 (max 8)
- age   1:    6279520 bytes,    6279520 total
- age   2:    5199368 bytes,   11478888 total
- age   3:    1308312 bytes,   12787200 total
- age   4:     915416 bytes,   13702616 total
- age   5:    3435480 bytes,   17138096 total
- age   6:     924760 bytes,   18062856 total
- age   7:     562728 bytes,   18625584 total
- age   8:     591048 bytes,   19216632 total
: 109248K->21824K(109248K), 0.0079959 secs] 274382K->191555K(502464K), 0.0081010 secs] [Times: user=0.03 sys=0.00, real=0.00 secs] 
Heap after GC invocations=79 (full 2):
 par new generation   total 109248K, used 21824K [0x00000007a0000000, 0x00000007a8000000, 0x00000007a8000000)
  eden space 87424K,   0% used [0x00000007a0000000, 0x00000007a0000000, 0x00000007a5560000)
  from space 21824K, 100% used [0x00000007a6ab0000, 0x00000007a8000000, 0x00000007a8000000)
  to   space 21824K,   0% used [0x00000007a5560000, 0x00000007a5560000, 0x00000007a6ab0000)
 concurrent mark-sweep generation total 393216K, used 169731K [0x00000007a8000000, 0x00000007c0000000, 0x00000007c0000000)
 Metaspace       used 35248K, capacity 35756K, committed 36016K, reserved 1081344K
  class space    used 4067K, capacity 4219K, committed 4272K, reserved 1048576K
}
2016-10-23T19:08:44.958+0800: 149.134: Total time for which application threads were stopped: 0.0083415 seconds, Stopping threads took: 0.0000396 seconds
{Heap before GC invocations=79 (full 2):
 par new generation   total 109248K, used 109248K [0x00000007a0000000, 0x00000007a8000000, 0x00000007a8000000)
  eden space 87424K, 100% used [0x00000007a0000000, 0x00000007a5560000, 0x00000007a5560000)
  from space 21824K, 100% used [0x00000007a6ab0000, 0x00000007a8000000, 0x00000007a8000000)
  to   space 21824K,   0% used [0x00000007a5560000, 0x00000007a5560000, 0x00000007a6ab0000)
 concurrent mark-sweep generation total 393216K, used 169731K [0x00000007a8000000, 0x00000007c0000000, 0x00000007c0000000)
 Metaspace       used 35248K, capacity 35756K, committed 36016K, reserved 1081344K
  class space    used 4067K, capacity 4219K, committed 4272K, reserved 1048576K
2016-10-23T19:08:45.237+0800: 149.413: [GC (Allocation Failure) 2016-10-23T19:08:45.237+0800: 149.413: [ParNew
Desired survivor size 20112992 bytes, new threshold 8 (max 8)
- age   1:    8185944 bytes,    8185944 total
- age   2:    2337160 bytes,   10523104 total
- age   3:    1685584 bytes,   12208688 total
- age   4:     785736 bytes,   12994424 total
- age   5:     839504 bytes,   13833928 total
- age   6:    3062240 bytes,   16896168 total
- age   7:     922152 bytes,   17818320 total
- age   8:     561960 bytes,   18380280 total
: 109248K->21824K(109248K), 0.0087760 secs] 278979K->195555K(502464K), 0.0088477 secs] [Times: user=0.03 sys=0.00, real=0.01 secs] 
Heap after GC invocations=80 (full 2):
 par new generation   total 109248K, used 21824K [0x00000007a0000000, 0x00000007a8000000, 0x00000007a8000000)
  eden space 87424K,   0% used [0x00000007a0000000, 0x00000007a0000000, 0x00000007a5560000)
  from space 21824K, 100% used [0x00000007a5560000, 0x00000007a6ab0000, 0x00000007a6ab0000)
  to   space 21824K,   0% used [0x00000007a6ab0000, 0x00000007a6ab0000, 0x00000007a8000000)
 concurrent mark-sweep generation total 393216K, used 173731K [0x00000007a8000000, 0x00000007c0000000, 0x00000007c0000000)
 Metaspace       used 35248K, capacity 35756K, committed 36016K, reserved 1081344K
  class space    used 4067K, capacity 4219K, committed 4272K, reserved 1048576K
}
2016-10-23T19:08:45.246+0800: 149.421: Total time for which application threads were stopped: 0.0089974 seconds, Stopping threads took: 0.0000302 seconds
{Heap before GC invocations=80 (full 2):
 par new generation   total 109248K, used 109248K [0x00000007a0000000, 0x00000007a8000000, 0x00000007a8000000)
  eden space 87424K, 100% used [0x00000007a0000000, 0x00000007a5560000, 0x00000007a5560000)
  from space 21824K, 100% used [0x00000007a5560000, 0x00000007a6ab0000, 0x00000007a6ab0000)
  to   space 21824K,   0% used [0x00000007a6ab0000, 0x00000007a6ab0000, 0x00000007a8000000)
 concurrent mark-sweep generation total 393216K, used 173731K [0x00000007a8000000, 0x00000007c0000000, 0x00000007c0000000)
 Metaspace       used 35248K, capacity 35756K, committed 36016K, reserved 1081344K
  class space    used 4067K, capacity 4219K, committed 4272K, reserved 1048576K
2016-10-23T19:08:45.540+0800: 149.716: [GC (Allocation Failure) 2016-10-23T19:08:45.540+0800: 149.716: [ParNew
Desired survivor size 20112992 bytes, new threshold 7 (max 8)
- age   1:   12743856 bytes,   12743856 total
- age   2:    3748520 bytes,   16492376 total
- age   3:     739392 bytes,   17231768 total
- age   4:    1409496 bytes,   18641264 total
- age   5:     699592 bytes,   19340856 total
- age   6:     732800 bytes,   20073656 total
- age   7:     780920 bytes,   20854576 total
- age   8:     582872 bytes,   21437448 total
: 109248K->21824K(109248K), 0.0092700 secs] 282979K->200415K(502464K), 0.0093477 secs] [Times: user=0.04 sys=0.01, real=0.01 secs] 
Heap after GC invocations=81 (full 2):
 par new generation   total 109248K, used 21824K [0x00000007a0000000, 0x00000007a8000000, 0x00000007a8000000)
  eden space 87424K,   0% used [0x00000007a0000000, 0x00000007a0000000, 0x00000007a5560000)
  from space 21824K, 100% used [0x00000007a6ab0000, 0x00000007a8000000, 0x00000007a8000000)
  to   space 21824K,   0% used [0x00000007a5560000, 0x00000007a5560000, 0x00000007a6ab0000)
 concurrent mark-sweep generation total 393216K, used 178591K [0x00000007a8000000, 0x00000007c0000000, 0x00000007c0000000)
 Metaspace       used 35248K, capacity 35756K, committed 36016K, reserved 1081344K
  class space    used 4067K, capacity 4219K, committed 4272K, reserved 1048576K
}
2016-10-23T19:08:45.550+0800: 149.725: Total time for which application threads were stopped: 0.0095021 seconds, Stopping threads took: 0.0000213 seconds
{Heap before GC invocations=81 (full 2):
 par new generation   total 109248K, used 107961K [0x00000007a0000000, 0x00000007a8000000, 0x00000007a8000000)
  eden space 87424K,  98% used [0x00000007a0000000, 0x00000007a541e6d0, 0x00000007a5560000)
  from space 21824K, 100% used [0x00000007a6ab0000, 0x00000007a8000000, 0x00000007a8000000)
  to   space 21824K,   0% used [0x00000007a5560000, 0x00000007a5560000, 0x00000007a6ab0000)
 concurrent mark-sweep generation total 393216K, used 178591K [0x00000007a8000000, 0x00000007c0000000, 0x00000007c0000000)
 Metaspace       used 35248K, capacity 35756K, committed 36016K, reserved 1081344K
  class space    used 4067K, capacity 4219K, committed 4272K, reserved 1048576K
2016-10-23T19:08:45.790+0800: 149.966: [GC (Allocation Failure) 2016-10-23T19:08:45.791+0800: 149.966: [ParNew
Desired survivor size 20112992 bytes, new threshold 7 (max 8)
- age   1:    6086112 bytes,    6086112 total
- age   2:   10716808 bytes,   16802920 total
- age   3:     715576 bytes,   17518496 total
- age   4:     576512 bytes,   18095008 total
- age   5:    1288736 bytes,   19383744 total
- age   6:     542416 bytes,   19926160 total
- age   7:     610984 bytes,   20537144 total
: 107961K->21824K(109248K), 0.0104066 secs] 286553K->205667K(502464K), 0.0106833 secs] [Times: user=0.03 sys=0.00, real=0.01 secs] 
Heap after GC invocations=82 (full 2):
 par new generation   total 109248K, used 21824K [0x00000007a0000000, 0x00000007a8000000, 0x00000007a8000000)
  eden space 87424K,   0% used [0x00000007a0000000, 0x00000007a0000000, 0x00000007a5560000)
  from space 21824K, 100% used [0x00000007a5560000, 0x00000007a6ab0000, 0x00000007a6ab0000)
  to   space 21824K,   0% used [0x00000007a6ab0000, 0x00000007a6ab0000, 0x00000007a8000000)
 concurrent mark-sweep generation total 393216K, used 183843K [0x00000007a8000000, 0x00000007c0000000, 0x00000007c0000000)
 Metaspace       used 35248K, capacity 35756K, committed 36016K, reserved 1081344K
  class space    used 4067K, capacity 4219K, committed 4272K, reserved 1048576K
}
2016-10-23T19:08:45.801+0800: 149.976: Total time for which application threads were stopped: 0.0108727 seconds, Stopping threads took: 0.0000292 seconds
{Heap before GC invocations=82 (full 2):
 par new generation   total 109248K, used 109248K [0x00000007a0000000, 0x00000007a8000000, 0x00000007a8000000)
  eden space 87424K, 100% used [0x00000007a0000000, 0x00000007a5560000, 0x00000007a5560000)
  from space 21824K, 100% used [0x00000007a5560000, 0x00000007a6ab0000, 0x00000007a6ab0000)
  to   space 21824K,   0% used [0x00000007a6ab0000, 0x00000007a6ab0000, 0x00000007a8000000)
 concurrent mark-sweep generation total 393216K, used 183843K [0x00000007a8000000, 0x00000007c0000000, 0x00000007c0000000)
 Metaspace       used 35248K, capacity 35756K, committed 36016K, reserved 1081344K
  class space    used 4067K, capacity 4219K, committed 4272K, reserved 1048576K
2016-10-23T19:08:46.084+0800: 150.259: [GC (Allocation Failure) 2016-10-23T19:08:46.084+0800: 150.259: [ParNew
Desired survivor size 20112992 bytes, new threshold 8 (max 8)
- age   1:   10159592 bytes,   10159592 total
- age   2:    1744816 bytes,   11904408 total
- age   3:    4920064 bytes,   16824472 total
- age   4:     581256 bytes,   17405728 total
- age   5:     527848 bytes,   17933576 total
- age   6:    1246264 bytes,   19179840 total
- age   7:     495416 bytes,   19675256 total
: 109248K->21824K(109248K), 0.0097243 secs] 293091K->212581K(502464K), 0.0098109 secs] [Times: user=0.04 sys=0.00, real=0.01 secs] 
Heap after GC invocations=83 (full 2):
 par new generation   total 109248K, used 21824K [0x00000007a0000000, 0x00000007a8000000, 0x00000007a8000000)
  eden space 87424K,   0% used [0x00000007a0000000, 0x00000007a0000000, 0x00000007a5560000)
  from space 21824K, 100% used [0x00000007a6ab0000, 0x00000007a8000000, 0x00000007a8000000)
  to   space 21824K,   0% used [0x00000007a5560000, 0x00000007a5560000, 0x00000007a6ab0000)
 concurrent mark-sweep generation total 393216K, used 190757K [0x00000007a8000000, 0x00000007c0000000, 0x00000007c0000000)
 Metaspace       used 35248K, capacity 35756K, committed 36016K, reserved 1081344K
  class space    used 4067K, capacity 4219K, committed 4272K, reserved 1048576K
}
2016-10-23T19:08:46.094+0800: 150.269: Total time for which application threads were stopped: 0.0100102 seconds, Stopping threads took: 0.0000268 seconds
{Heap before GC invocations=83 (full 2):
 par new generation   total 109248K, used 109248K [0x00000007a0000000, 0x00000007a8000000, 0x00000007a8000000)
  eden space 87424K, 100% used [0x00000007a0000000, 0x00000007a5560000, 0x00000007a5560000)
  from space 21824K, 100% used [0x00000007a6ab0000, 0x00000007a8000000, 0x00000007a8000000)
  to   space 21824K,   0% used [0x00000007a5560000, 0x00000007a5560000, 0x00000007a6ab0000)
 concurrent mark-sweep generation total 393216K, used 190757K [0x00000007a8000000, 0x00000007c0000000, 0x00000007c0000000)
 Metaspace       used 35248K, capacity 35756K, committed 36016K, reserved 1081344K
  class space    used 4067K, capacity 4219K, committed 4272K, reserved 1048576K
2016-10-23T19:08:46.360+0800: 150.535: [GC (Allocation Failure) 2016-10-23T19:08:46.360+0800: 150.535: [ParNew
Desired survivor size 20112992 bytes, new threshold 8 (max 8)
- age   1:    2750104 bytes,    2750104 total
- age   2:    9989368 bytes,   12739472 total
- age   3:     390888 bytes,   13130360 total
- age   4:    4798216 bytes,   17928576 total
- age   5:     483272 bytes,   18411848 total
- age   6:     429696 bytes,   18841544 total
- age   7:     895424 bytes,   19736968 total
- age   8:     402424 bytes,   20139392 total
: 109248K->21824K(109248K), 0.0088374 secs] 300005K->216343K(502464K), 0.0089097 secs] [Times: user=0.04 sys=0.00, real=0.00 secs] 
Heap after GC invocations=84 (full 2):
 par new generation   total 109248K, used 21824K [0x00000007a0000000, 0x00000007a8000000, 0x00000007a8000000)
  eden space 87424K,   0% used [0x00000007a0000000, 0x00000007a0000000, 0x00000007a5560000)
  from space 21824K, 100% used [0x00000007a5560000, 0x00000007a6ab0000, 0x00000007a6ab0000)
  to   space 21824K,   0% used [0x00000007a6ab0000, 0x00000007a6ab0000, 0x00000007a8000000)
 concurrent mark-sweep generation total 393216K, used 194519K [0x00000007a8000000, 0x00000007c0000000, 0x00000007c0000000)
 Metaspace       used 35248K, capacity 35756K, committed 36016K, reserved 1081344K
  class space    used 4067K, capacity 4219K, committed 4272K, reserved 1048576K
}
2016-10-23T19:08:46.369+0800: 150.544: Total time for which application threads were stopped: 0.0090816 seconds, Stopping threads took: 0.0000248 seconds
{Heap before GC invocations=84 (full 2):
 par new generation   total 109248K, used 109248K [0x00000007a0000000, 0x00000007a8000000, 0x00000007a8000000)
  eden space 87424K, 100% used [0x00000007a0000000, 0x00000007a5560000, 0x00000007a5560000)
  from space 21824K, 100% used [0x00000007a5560000, 0x00000007a6ab0000, 0x00000007a6ab0000)
  to   space 21824K,   0% used [0x00000007a6ab0000, 0x00000007a6ab0000, 0x00000007a8000000)
 concurrent mark-sweep generation total 393216K, used 194519K [0x00000007a8000000, 0x00000007c0000000, 0x00000007c0000000)
 Metaspace       used 35248K, capacity 35756K, committed 36016K, reserved 1081344K
  class space    used 4067K, capacity 4219K, committed 4272K, reserved 1048576K
2016-10-23T19:08:46.627+0800: 150.802: [GC (Allocation Failure) 2016-10-23T19:08:46.627+0800: 150.802: [ParNew
Desired survivor size 20112992 bytes, new threshold 8 (max 8)
- age   1:    7932664 bytes,    7932664 total
- age   2:    2681976 bytes,   10614640 total
- age   3:    2605568 bytes,   13220208 total
- age   4:     334136 bytes,   13554344 total
- age   5:    4720656 bytes,   18275000 total
- age   6:     295496 bytes,   18570496 total
- age   7:     375640 bytes,   18946136 total
- age   8:     839728 bytes,   19785864 total
: 109248K->21824K(109248K), 0.0090762 secs] 303767K->221699K(502464K), 0.0091559 secs] [Times: user=0.03 sys=0.01, real=0.01 secs] 
Heap after GC invocations=85 (full 2):
 par new generation   total 109248K, used 21824K [0x00000007a0000000, 0x00000007a8000000, 0x00000007a8000000)
  eden space 87424K,   0% used [0x00000007a0000000, 0x00000007a0000000, 0x00000007a5560000)
  from space 21824K, 100% used [0x00000007a6ab0000, 0x00000007a8000000, 0x00000007a8000000)
  to   space 21824K,   0% used [0x00000007a5560000, 0x00000007a5560000, 0x00000007a6ab0000)
 concurrent mark-sweep generation total 393216K, used 199875K [0x00000007a8000000, 0x00000007c0000000, 0x00000007c0000000)
 Metaspace       used 35248K, capacity 35756K, committed 36016K, reserved 1081344K
  class space    used 4067K, capacity 4219K, committed 4272K, reserved 1048576K
}
2016-10-23T19:08:46.636+0800: 150.811: Total time for which application threads were stopped: 0.0093284 seconds, Stopping threads took: 0.0000206 seconds
2016-10-23T19:08:46.636+0800: 150.811: [GC (CMS Initial Mark) [1 CMS-initial-mark: 199875K(393216K)] 223442K(502464K), 0.0021660 secs] [Times: user=0.01 sys=0.00, real=0.00 secs] 
2016-10-23T19:08:46.638+0800: 150.814: Total time for which application threads were stopped: 0.0023023 seconds, Stopping threads took: 0.0000522 seconds
2016-10-23T19:08:46.638+0800: 150.814: [CMS-concurrent-mark-start]
2016-10-23T19:08:46.657+0800: 150.832: [CMS-concurrent-mark: 0.018/0.018 secs] [Times: user=0.08 sys=0.00, real=0.02 secs] 
2016-10-23T19:08:46.657+0800: 150.832: [CMS-concurrent-preclean-start]
2016-10-23T19:08:46.658+0800: 150.834: [CMS-concurrent-preclean: 0.001/0.001 secs] [Times: user=0.00 sys=0.00, real=0.00 secs] 
2016-10-23T19:08:46.658+0800: 150.834: [CMS-concurrent-abortable-preclean-start]
2016-10-23T19:08:46.775+0800: 150.950: [CMS-concurrent-abortable-preclean: 0.116/0.117 secs] [Times: user=0.24 sys=0.00, real=0.12 secs] 
2016-10-23T19:08:46.775+0800: 150.950: [GC (CMS Final Remark) [YG occupancy: 71390 K (109248 K)]{Heap before GC invocations=85 (full 3):
 par new generation   total 109248K, used 71390K [0x00000007a0000000, 0x00000007a8000000, 0x00000007a8000000)
  eden space 87424K,  56% used [0x00000007a0000000, 0x00000007a3067af8, 0x00000007a5560000)
  from space 21824K, 100% used [0x00000007a6ab0000, 0x00000007a8000000, 0x00000007a8000000)
  to   space 21824K,   0% used [0x00000007a5560000, 0x00000007a5560000, 0x00000007a6ab0000)
 concurrent mark-sweep generation total 393216K, used 199875K [0x00000007a8000000, 0x00000007c0000000, 0x00000007c0000000)
 Metaspace       used 35248K, capacity 35756K, committed 36016K, reserved 1081344K
  class space    used 4067K, capacity 4219K, committed 4272K, reserved 1048576K
2016-10-23T19:08:46.775+0800: 150.950: [GC (CMS Final Remark) 2016-10-23T19:08:46.775+0800: 150.950: [ParNew
Desired survivor size 20112992 bytes, new threshold 8 (max 8)
- age   1:    2558712 bytes,    2558712 total
- age   2:    7704880 bytes,   10263592 total
- age   3:     873800 bytes,   11137392 total
- age   4:    2571160 bytes,   13708552 total
- age   5:     300664 bytes,   14009216 total
- age   6:    4689288 bytes,   18698504 total
- age   7:     262408 bytes,   18960912 total
- age   8:     339760 bytes,   19300672 total
: 71390K->21824K(109248K), 0.0080624 secs] 271265K->224816K(502464K), 0.0081259 secs] [Times: user=0.03 sys=0.00, real=0.01 secs] 
Heap after GC invocations=86 (full 3):
 par new generation   total 109248K, used 21824K [0x00000007a0000000, 0x00000007a8000000, 0x00000007a8000000)
  eden space 87424K,   0% used [0x00000007a0000000, 0x00000007a0000000, 0x00000007a5560000)
  from space 21824K, 100% used [0x00000007a5560000, 0x00000007a6ab0000, 0x00000007a6ab0000)
  to   space 21824K,   0% used [0x00000007a6ab0000, 0x00000007a6ab0000, 0x00000007a8000000)
 concurrent mark-sweep generation total 393216K, used 202992K [0x00000007a8000000, 0x00000007c0000000, 0x00000007c0000000)
 Metaspace       used 35248K, capacity 35756K, committed 36016K, reserved 1081344K
  class space    used 4067K, capacity 4219K, committed 4272K, reserved 1048576K
}
2016-10-23T19:08:46.783+0800: 150.959: [Rescan (parallel) , 0.0026304 secs]2016-10-23T19:08:46.786+0800: 150.961: [weak refs processing, 0.0008476 secs]2016-10-23T19:08:46.787+0800: 150.962: [class unloading, 0.0078719 secs]2016-10-23T19:08:46.795+0800: 150.970: [scrub symbol table, 0.0052447 secs]2016-10-23T19:08:46.800+0800: 150.975: [scrub string table, 0.0005660 secs][1 CMS-remark: 202992K(393216K)] 224816K(502464K), 0.0255682 secs] [Times: user=0.05 sys=0.00, real=0.03 secs] 
2016-10-23T19:08:46.801+0800: 150.976: Total time for which application threads were stopped: 0.0257554 seconds, Stopping threads took: 0.0000826 seconds
2016-10-23T19:08:46.801+0800: 150.976: [CMS-concurrent-sweep-start]
2016-10-23T19:08:46.847+0800: 151.022: [CMS-concurrent-sweep: 0.046/0.046 secs] [Times: user=0.09 sys=0.00, real=0.04 secs] 
2016-10-23T19:08:46.847+0800: 151.022: [CMS-concurrent-reset-start]
2016-10-23T19:08:46.847+0800: 151.023: [CMS-concurrent-reset: 0.000/0.000 secs] [Times: user=0.00 sys=0.00, real=0.00 secs] 
{Heap before GC invocations=86 (full 3):
 par new generation   total 109248K, used 109248K [0x00000007a0000000, 0x00000007a8000000, 0x00000007a8000000)
  eden space 87424K, 100% used [0x00000007a0000000, 0x00000007a5560000, 0x00000007a5560000)
  from space 21824K, 100% used [0x00000007a5560000, 0x00000007a6ab0000, 0x00000007a6ab0000)
  to   space 21824K,   0% used [0x00000007a6ab0000, 0x00000007a6ab0000, 0x00000007a8000000)
 concurrent mark-sweep generation total 393216K, used 77492K [0x00000007a8000000, 0x00000007c0000000, 0x00000007c0000000)
 Metaspace       used 35248K, capacity 35756K, committed 36016K, reserved 1081344K
  class space    used 4067K, capacity 4219K, committed 4272K, reserved 1048576K
2016-10-23T19:08:47.082+0800: 151.257: [GC (Allocation Failure) 2016-10-23T19:08:47.082+0800: 151.257: [ParNew
Desired survivor size 20112992 bytes, new threshold 8 (max 8)
- age   1:    8521896 bytes,    8521896 total
- age   2:    1818008 bytes,   10339904 total
- age   3:    1958912 bytes,   12298816 total
- age   4:     426240 bytes,   12725056 total
- age   5:    2464104 bytes,   15189160 total
- age   6:     243032 bytes,   15432192 total
- age   7:    4487144 bytes,   19919336 total
- age   8:     239840 bytes,   20159176 total
: 109248K->21824K(109248K), 0.0083295 secs] 186740K->103233K(502464K), 0.0084080 secs] [Times: user=0.03 sys=0.00, real=0.01 secs] 
Heap after GC invocations=87 (full 3):
 par new generation   total 109248K, used 21824K [0x00000007a0000000, 0x00000007a8000000, 0x00000007a8000000)
  eden space 87424K,   0% used [0x00000007a0000000, 0x00000007a0000000, 0x00000007a5560000)
  from space 21824K, 100% used [0x00000007a6ab0000, 0x00000007a8000000, 0x00000007a8000000)
  to   space 21824K,   0% used [0x00000007a5560000, 0x00000007a5560000, 0x00000007a6ab0000)
 concurrent mark-sweep generation total 393216K, used 81409K [0x00000007a8000000, 0x00000007c0000000, 0x00000007c0000000)
 Metaspace       used 35248K, capacity 35756K, committed 36016K, reserved 1081344K
  class space    used 4067K, capacity 4219K, committed 4272K, reserved 1048576K
}
2016-10-23T19:08:47.090+0800: 151.265: Total time for which application threads were stopped: 0.0085793 seconds, Stopping threads took: 0.0000305 seconds
{Heap before GC invocations=87 (full 3):
 par new generation   total 109248K, used 109248K [0x00000007a0000000, 0x00000007a8000000, 0x00000007a8000000)
  eden space 87424K, 100% used [0x00000007a0000000, 0x00000007a5560000, 0x00000007a5560000)
  from space 21824K, 100% used [0x00000007a6ab0000, 0x00000007a8000000, 0x00000007a8000000)
  to   space 21824K,   0% used [0x00000007a5560000, 0x00000007a5560000, 0x00000007a6ab0000)
 concurrent mark-sweep generation total 393216K, used 81409K [0x00000007a8000000, 0x00000007c0000000, 0x00000007c0000000)
 Metaspace       used 35248K, capacity 35756K, committed 36016K, reserved 1081344K
  class space    used 4067K, capacity 4219K, committed 4272K, reserved 1048576K
2016-10-23T19:08:47.347+0800: 151.523: [GC (Allocation Failure) 2016-10-23T19:08:47.347+0800: 151.523: [ParNew
Desired survivor size 20112992 bytes, new threshold 8 (max 8)
- age   1:    4803296 bytes,    4803296 total
- age   2:    8338440 bytes,   13141736 total
- age   3:     612464 bytes,   13754200 total
- age   4:     339488 bytes,   14093688 total
- age   5:     338224 bytes,   14431912 total
- age   6:    2382056 bytes,   16813968 total
- age   7:     225304 bytes,   17039272 total
- age   8:    4471736 bytes,   21511008 total
: 109248K->21824K(109248K), 0.0085840 secs] 190657K->108630K(502464K), 0.0086613 secs] [Times: user=0.03 sys=0.00, real=0.01 secs] 
Heap after GC invocations=88 (full 3):
 par new generation   total 109248K, used 21824K [0x00000007a0000000, 0x00000007a8000000, 0x00000007a8000000)
  eden space 87424K,   0% used [0x00000007a0000000, 0x00000007a0000000, 0x00000007a5560000)
  from space 21824K, 100% used [0x00000007a5560000, 0x00000007a6ab0000, 0x00000007a6ab0000)
  to   space 21824K,   0% used [0x00000007a6ab0000, 0x00000007a6ab0000, 0x00000007a8000000)
 concurrent mark-sweep generation total 393216K, used 86806K [0x00000007a8000000, 0x00000007c0000000, 0x00000007c0000000)
 Metaspace       used 35248K, capacity 35756K, committed 36016K, reserved 1081344K
  class space    used 4067K, capacity 4219K, committed 4272K, reserved 1048576K
}
2016-10-23T19:08:47.356+0800: 151.531: Total time for which application threads were stopped: 0.0088412 seconds, Stopping threads took: 0.0000300 seconds
{Heap before GC invocations=88 (full 3):
 par new generation   total 109248K, used 109248K [0x00000007a0000000, 0x00000007a8000000, 0x00000007a8000000)
  eden space 87424K, 100% used [0x00000007a0000000, 0x00000007a5560000, 0x00000007a5560000)
  from space 21824K, 100% used [0x00000007a5560000, 0x00000007a6ab0000, 0x00000007a6ab0000)
  to   space 21824K,   0% used [0x00000007a6ab0000, 0x00000007a6ab0000, 0x00000007a8000000)
 concurrent mark-sweep generation total 393216K, used 86806K [0x00000007a8000000, 0x00000007c0000000, 0x00000007c0000000)
 Metaspace       used 35248K, capacity 35756K, committed 36016K, reserved 1081344K
  class space    used 4067K, capacity 4219K, committed 4272K, reserved 1048576K
2016-10-23T19:08:47.626+0800: 151.802: [GC (Allocation Failure) 2016-10-23T19:08:47.626+0800: 151.802: [ParNew
Desired survivor size 20112992 bytes, new threshold 8 (max 8)
- age   1:    3557368 bytes,    3557368 total
- age   2:    3874072 bytes,    7431440 total
- age   3:    8055208 bytes,   15486648 total
- age   4:     352304 bytes,   15838952 total
- age   5:     322336 bytes,   16161288 total
- age   6:     304488 bytes,   16465776 total
- age   7:    2352960 bytes,   18818736 total
- age   8:     200040 bytes,   19018776 total
: 109248K->21824K(109248K), 0.0084188 secs] 196054K->114427K(502464K), 0.0085348 secs] [Times: user=0.03 sys=0.00, real=0.01 secs] 
Heap after GC invocations=89 (full 3):
 par new generation   total 109248K, used 21824K [0x00000007a0000000, 0x00000007a8000000, 0x00000007a8000000)
  eden space 87424K,   0% used [0x00000007a0000000, 0x00000007a0000000, 0x00000007a5560000)
  from space 21824K, 100% used [0x00000007a6ab0000, 0x00000007a8000000, 0x00000007a8000000)
  to   space 21824K,   0% used [0x00000007a5560000, 0x00000007a5560000, 0x00000007a6ab0000)
 concurrent mark-sweep generation total 393216K, used 92603K [0x00000007a8000000, 0x00000007c0000000, 0x00000007c0000000)
 Metaspace       used 35248K, capacity 35756K, committed 36016K, reserved 1081344K
  class space    used 4067K, capacity 4219K, committed 4272K, reserved 1048576K
}
2016-10-23T19:08:47.635+0800: 151.810: Total time for which application threads were stopped: 0.0087536 seconds, Stopping threads took: 0.0000316 seconds
{Heap before GC invocations=89 (full 3):
 par new generation   total 109248K, used 109248K [0x00000007a0000000, 0x00000007a8000000, 0x00000007a8000000)
  eden space 87424K, 100% used [0x00000007a0000000, 0x00000007a5560000, 0x00000007a5560000)
  from space 21824K, 100% used [0x00000007a6ab0000, 0x00000007a8000000, 0x00000007a8000000)
  to   space 21824K,   0% used [0x00000007a5560000, 0x00000007a5560000, 0x00000007a6ab0000)
 concurrent mark-sweep generation total 393216K, used 92603K [0x00000007a8000000, 0x00000007c0000000, 0x00000007c0000000)
 Metaspace       used 35248K, capacity 35756K, committed 36016K, reserved 1081344K
  class space    used 4067K, capacity 4219K, committed 4272K, reserved 1048576K
2016-10-23T19:08:47.890+0800: 152.065: [GC (Allocation Failure) 2016-10-23T19:08:47.890+0800: 152.065: [ParNew
Desired survivor size 20112992 bytes, new threshold 8 (max 8)
- age   1:   10635448 bytes,   10635448 total
- age   2:    3446304 bytes,   14081752 total
- age   3:    2969488 bytes,   17051240 total
- age   4:    1621472 bytes,   18672712 total
- age   5:     321528 bytes,   18994240 total
- age   6:     304336 bytes,   19298576 total
- age   7:     281600 bytes,   19580176 total
- age   8:    2332144 bytes,   21912320 total
: 109248K->21824K(109248K), 0.0109903 secs] 201851K->118874K(502464K), 0.0110701 secs] [Times: user=0.04 sys=0.00, real=0.01 secs] 
Heap after GC invocations=90 (full 3):
 par new generation   total 109248K, used 21824K [0x00000007a0000000, 0x00000007a8000000, 0x00000007a8000000)
  eden space 87424K,   0% used [0x00000007a0000000, 0x00000007a0000000, 0x00000007a5560000)
  from space 21824K, 100% used [0x00000007a5560000, 0x00000007a6ab0000, 0x00000007a6ab0000)
  to   space 21824K,   0% used [0x00000007a6ab0000, 0x00000007a6ab0000, 0x00000007a8000000)
 concurrent mark-sweep generation total 393216K, used 97050K [0x00000007a8000000, 0x00000007c0000000, 0x00000007c0000000)
 Metaspace       used 35248K, capacity 35756K, committed 36016K, reserved 1081344K
  class space    used 4067K, capacity 4219K, committed 4272K, reserved 1048576K
}
2016-10-23T19:08:47.901+0800: 152.076: Total time for which application threads were stopped: 0.0112981 seconds, Stopping threads took: 0.0000288 seconds
{Heap before GC invocations=90 (full 3):
 par new generation   total 109248K, used 109248K [0x00000007a0000000, 0x00000007a8000000, 0x00000007a8000000)
  eden space 87424K, 100% used [0x00000007a0000000, 0x00000007a5560000, 0x00000007a5560000)
  from space 21824K, 100% used [0x00000007a5560000, 0x00000007a6ab0000, 0x00000007a6ab0000)
  to   space 21824K,   0% used [0x00000007a6ab0000, 0x00000007a6ab0000, 0x00000007a8000000)
 concurrent mark-sweep generation total 393216K, used 97050K [0x00000007a8000000, 0x00000007c0000000, 0x00000007c0000000)
 Metaspace       used 35248K, capacity 35756K, committed 36016K, reserved 1081344K
  class space    used 4067K, capacity 4219K, committed 4272K, reserved 1048576K
2016-10-23T19:08:48.186+0800: 152.361: [GC (Allocation Failure) 2016-10-23T19:08:48.186+0800: 152.361: [ParNew
Desired survivor size 20112992 bytes, new threshold 7 (max 8)
- age   1:    3761016 bytes,    3761016 total
- age   2:   10561744 bytes,   14322760 total
- age   3:    2260376 bytes,   16583136 total
- age   4:    1632320 bytes,   18215456 total
- age   5:    1542016 bytes,   19757472 total
- age   6:     289600 bytes,   20047072 total
- age   7:     235776 bytes,   20282848 total
- age   8:     249008 bytes,   20531856 total
: 109248K->21824K(109248K), 0.0098062 secs] 206298K->124368K(502464K), 0.0098846 secs] [Times: user=0.04 sys=0.00, real=0.01 secs] 
Heap after GC invocations=91 (full 3):
 par new generation   total 109248K, used 21824K [0x00000007a0000000, 0x00000007a8000000, 0x00000007a8000000)
  eden space 87424K,   0% used [0x00000007a0000000, 0x00000007a0000000, 0x00000007a5560000)
  from space 21824K, 100% used [0x00000007a6ab0000, 0x00000007a8000000, 0x00000007a8000000)
  to   space 21824K,   0% used [0x00000007a5560000, 0x00000007a5560000, 0x00000007a6ab0000)
 concurrent mark-sweep generation total 393216K, used 102544K [0x00000007a8000000, 0x00000007c0000000, 0x00000007c0000000)
 Metaspace       used 35248K, capacity 35756K, committed 36016K, reserved 1081344K
  class space    used 4067K, capacity 4219K, committed 4272K, reserved 1048576K
}
2016-10-23T19:08:48.196+0800: 152.371: Total time for which application threads were stopped: 0.0100924 seconds, Stopping threads took: 0.0000238 seconds
{Heap before GC invocations=91 (full 3):
 par new generation   total 109248K, used 109248K [0x00000007a0000000, 0x00000007a8000000, 0x00000007a8000000)
  eden space 87424K, 100% used [0x00000007a0000000, 0x00000007a5560000, 0x00000007a5560000)
  from space 21824K, 100% used [0x00000007a6ab0000, 0x00000007a8000000, 0x00000007a8000000)
  to   space 21824K,   0% used [0x00000007a5560000, 0x00000007a5560000, 0x00000007a6ab0000)
 concurrent mark-sweep generation total 393216K, used 102544K [0x00000007a8000000, 0x00000007c0000000, 0x00000007c0000000)
 Metaspace       used 35248K, capacity 35756K, committed 36016K, reserved 1081344K
  class space    used 4067K, capacity 4219K, committed 4272K, reserved 1048576K
2016-10-23T19:08:48.471+0800: 152.646: [GC (Allocation Failure) 2016-10-23T19:08:48.471+0800: 152.646: [ParNew
Desired survivor size 20112992 bytes, new threshold 6 (max 8)
- age   1:    9303952 bytes,    9303952 total
- age   2:    3270800 bytes,   12574752 total
- age   3:    2938336 bytes,   15513088 total
- age   4:    2114984 bytes,   17628072 total
- age   5:    1608304 bytes,   19236376 total
- age   6:    1485528 bytes,   20721904 total
- age   7:     275320 bytes,   20997224 total
: 109248K->21824K(109248K), 0.0098996 secs] 211792K->127582K(502464K), 0.0099767 secs] [Times: user=0.04 sys=0.00, real=0.01 secs] 
Heap after GC invocations=92 (full 3):
 par new generation   total 109248K, used 21824K [0x00000007a0000000, 0x00000007a8000000, 0x00000007a8000000)
  eden space 87424K,   0% used [0x00000007a0000000, 0x00000007a0000000, 0x00000007a5560000)
  from space 21824K, 100% used [0x00000007a5560000, 0x00000007a6ab0000, 0x00000007a6ab0000)
  to   space 21824K,   0% used [0x00000007a6ab0000, 0x00000007a6ab0000, 0x00000007a8000000)
 concurrent mark-sweep generation total 393216K, used 105758K [0x00000007a8000000, 0x00000007c0000000, 0x00000007c0000000)
 Metaspace       used 35248K, capacity 35756K, committed 36016K, reserved 1081344K
  class space    used 4067K, capacity 4219K, committed 4272K, reserved 1048576K
}
2016-10-23T19:08:48.481+0800: 152.656: Total time for which application threads were stopped: 0.0101461 seconds, Stopping threads took: 0.0000248 seconds
{Heap before GC invocations=92 (full 3):
 par new generation   total 109248K, used 109248K [0x00000007a0000000, 0x00000007a8000000, 0x00000007a8000000)
  eden space 87424K, 100% used [0x00000007a0000000, 0x00000007a5560000, 0x00000007a5560000)
  from space 21824K, 100% used [0x00000007a5560000, 0x00000007a6ab0000, 0x00000007a6ab0000)
  to   space 21824K,   0% used [0x00000007a6ab0000, 0x00000007a6ab0000, 0x00000007a8000000)
 concurrent mark-sweep generation total 393216K, used 105758K [0x00000007a8000000, 0x00000007c0000000, 0x00000007c0000000)
 Metaspace       used 35248K, capacity 35756K, committed 36016K, reserved 1081344K
  class space    used 4067K, capacity 4219K, committed 4272K, reserved 1048576K
2016-10-23T19:08:48.775+0800: 152.951: [GC (Allocation Failure) 2016-10-23T19:08:48.775+0800: 152.951: [ParNew
Desired survivor size 20112992 bytes, new threshold 5 (max 8)
- age   1:    4588032 bytes,    4588032 total
- age   2:    8309400 bytes,   12897432 total
- age   3:    2526448 bytes,   15423880 total
- age   4:    2915464 bytes,   18339344 total
- age   5:    2092600 bytes,   20431944 total
- age   6:    1588048 bytes,   22019992 total
: 109248K->21824K(109248K), 0.0096554 secs] 215006K->140193K(502464K), 0.0097369 secs] [Times: user=0.03 sys=0.00, real=0.01 secs] 
Heap after GC invocations=93 (full 3):
 par new generation   total 109248K, used 21824K [0x00000007a0000000, 0x00000007a8000000, 0x00000007a8000000)
  eden space 87424K,   0% used [0x00000007a0000000, 0x00000007a0000000, 0x00000007a5560000)
  from space 21824K, 100% used [0x00000007a6ab0000, 0x00000007a8000000, 0x00000007a8000000)
  to   space 21824K,   0% used [0x00000007a5560000, 0x00000007a5560000, 0x00000007a6ab0000)
 concurrent mark-sweep generation total 393216K, used 118369K [0x00000007a8000000, 0x00000007c0000000, 0x00000007c0000000)
 Metaspace       used 35248K, capacity 35756K, committed 36016K, reserved 1081344K
  class space    used 4067K, capacity 4219K, committed 4272K, reserved 1048576K
}
2016-10-23T19:08:48.785+0800: 152.960: Total time for which application threads were stopped: 0.0099025 seconds, Stopping threads took: 0.0000392 seconds
{Heap before GC invocations=93 (full 3):
 par new generation   total 109248K, used 109248K [0x00000007a0000000, 0x00000007a8000000, 0x00000007a8000000)
  eden space 87424K, 100% used [0x00000007a0000000, 0x00000007a5560000, 0x00000007a5560000)
  from space 21824K, 100% used [0x00000007a6ab0000, 0x00000007a8000000, 0x00000007a8000000)
  to   space 21824K,   0% used [0x00000007a5560000, 0x00000007a5560000, 0x00000007a6ab0000)
 concurrent mark-sweep generation total 393216K, used 118369K [0x00000007a8000000, 0x00000007c0000000, 0x00000007c0000000)
 Metaspace       used 35248K, capacity 35756K, committed 36016K, reserved 1081344K
  class space    used 4067K, capacity 4219K, committed 4272K, reserved 1048576K
2016-10-23T19:08:49.054+0800: 153.230: [GC (Allocation Failure) 2016-10-23T19:08:49.054+0800: 153.230: [ParNew
Desired survivor size 20112992 bytes, new threshold 8 (max 8)
- age   1:    4589296 bytes,    4589296 total
- age   2:    3459728 bytes,    8049024 total
- age   3:    5376208 bytes,   13425232 total
- age   4:    1933088 bytes,   15358320 total
- age   5:    2889112 bytes,   18247432 total
: 109248K->21824K(109248K), 0.0101304 secs] 227617K->147926K(502464K), 0.0101960 secs] [Times: user=0.04 sys=0.00, real=0.01 secs] 
Heap after GC invocations=94 (full 3):
 par new generation   total 109248K, used 21824K [0x00000007a0000000, 0x00000007a8000000, 0x00000007a8000000)
  eden space 87424K,   0% used [0x00000007a0000000, 0x00000007a0000000, 0x00000007a5560000)
  from space 21824K, 100% used [0x00000007a5560000, 0x00000007a6ab0000, 0x00000007a6ab0000)
  to   space 21824K,   0% used [0x00000007a6ab0000, 0x00000007a6ab0000, 0x00000007a8000000)
 concurrent mark-sweep generation total 393216K, used 126102K [0x00000007a8000000, 0x00000007c0000000, 0x00000007c0000000)
 Metaspace       used 35248K, capacity 35756K, committed 36016K, reserved 1081344K
  class space    used 4067K, capacity 4219K, committed 4272K, reserved 1048576K
}
2016-10-23T19:08:49.065+0800: 153.240: Total time for which application threads were stopped: 0.0103666 seconds, Stopping threads took: 0.0000303 seconds
{Heap before GC invocations=94 (full 3):
 par new generation   total 109248K, used 108335K [0x00000007a0000000, 0x00000007a8000000, 0x00000007a8000000)
  eden space 87424K,  98% used [0x00000007a0000000, 0x00000007a547bec0, 0x00000007a5560000)
  from space 21824K, 100% used [0x00000007a5560000, 0x00000007a6ab0000, 0x00000007a6ab0000)
  to   space 21824K,   0% used [0x00000007a6ab0000, 0x00000007a6ab0000, 0x00000007a8000000)
 concurrent mark-sweep generation total 393216K, used 126102K [0x00000007a8000000, 0x00000007c0000000, 0x00000007c0000000)
 Metaspace       used 35248K, capacity 35756K, committed 36016K, reserved 1081344K
  class space    used 4067K, capacity 4219K, committed 4272K, reserved 1048576K
2016-10-23T19:08:49.326+0800: 153.501: [GC (Allocation Failure) 2016-10-23T19:08:49.326+0800: 153.501: [ParNew
Desired survivor size 20112992 bytes, new threshold 8 (max 8)
- age   1:    5327080 bytes,    5327080 total
- age   2:    2422832 bytes,    7749912 total
- age   3:    3418832 bytes,   11168744 total
- age   4:    2176728 bytes,   13345472 total
- age   5:    1925200 bytes,   15270672 total
- age   6:    2879720 bytes,   18150392 total
: 108335K->21824K(109248K), 0.0092836 secs] 234438K->157829K(502464K), 0.0093776 secs] [Times: user=0.03 sys=0.00, real=0.01 secs] 
Heap after GC invocations=95 (full 3):
 par new generation   total 109248K, used 21824K [0x00000007a0000000, 0x00000007a8000000, 0x00000007a8000000)
  eden space 87424K,   0% used [0x00000007a0000000, 0x00000007a0000000, 0x00000007a5560000)
  from space 21824K, 100% used [0x00000007a6ab0000, 0x00000007a8000000, 0x00000007a8000000)
  to   space 21824K,   0% used [0x00000007a5560000, 0x00000007a5560000, 0x00000007a6ab0000)
 concurrent mark-sweep generation total 393216K, used 136005K [0x00000007a8000000, 0x00000007c0000000, 0x00000007c0000000)
 Metaspace       used 35248K, capacity 35756K, committed 36016K, reserved 1081344K
  class space    used 4067K, capacity 4219K, committed 4272K, reserved 1048576K
}
2016-10-23T19:08:49.335+0800: 153.510: Total time for which application threads were stopped: 0.0095596 seconds, Stopping threads took: 0.0000244 seconds
{Heap before GC invocations=95 (full 3):
 par new generation   total 109248K, used 109248K [0x00000007a0000000, 0x00000007a8000000, 0x00000007a8000000)
  eden space 87424K, 100% used [0x00000007a0000000, 0x00000007a5560000, 0x00000007a5560000)
  from space 21824K, 100% used [0x00000007a6ab0000, 0x00000007a8000000, 0x00000007a8000000)
  to   space 21824K,   0% used [0x00000007a5560000, 0x00000007a5560000, 0x00000007a6ab0000)
 concurrent mark-sweep generation total 393216K, used 136005K [0x00000007a8000000, 0x00000007c0000000, 0x00000007c0000000)
 Metaspace       used 35248K, capacity 35756K, committed 36016K, reserved 1081344K
  class space    used 4067K, capacity 4219K, committed 4272K, reserved 1048576K
2016-10-23T19:08:49.628+0800: 153.804: [GC (Allocation Failure) 2016-10-23T19:08:49.628+0800: 153.804: [ParNew
Desired survivor size 20112992 bytes, new threshold 7 (max 8)
- age   1:    7661008 bytes,    7661008 total
- age   2:    2659512 bytes,   10320520 total
- age   3:    2275704 bytes,   12596224 total
- age   4:    3069784 bytes,   15666008 total
- age   5:     803424 bytes,   16469432 total
- age   6:    1709600 bytes,   18179032 total
- age   7:    2800920 bytes,   20979952 total
: 109248K->21824K(109248K), 0.0100393 secs] 245253K->164755K(502464K), 0.0101195 secs] [Times: user=0.04 sys=0.01, real=0.01 secs] 
Heap after GC invocations=96 (full 3):
 par new generation   total 109248K, used 21824K [0x00000007a0000000, 0x00000007a8000000, 0x00000007a8000000)
  eden space 87424K,   0% used [0x00000007a0000000, 0x00000007a0000000, 0x00000007a5560000)
  from space 21824K, 100% used [0x00000007a5560000, 0x00000007a6ab0000, 0x00000007a6ab0000)
  to   space 21824K,   0% used [0x00000007a6ab0000, 0x00000007a6ab0000, 0x00000007a8000000)
 concurrent mark-sweep generation total 393216K, used 142931K [0x00000007a8000000, 0x00000007c0000000, 0x00000007c0000000)
 Metaspace       used 35248K, capacity 35756K, committed 36016K, reserved 1081344K
  class space    used 4067K, capacity 4219K, committed 4272K, reserved 1048576K
}
2016-10-23T19:08:49.639+0800: 153.814: Total time for which application threads were stopped: 0.0102862 seconds, Stopping threads took: 0.0000308 seconds
{Heap before GC invocations=96 (full 3):
 par new generation   total 109248K, used 109248K [0x00000007a0000000, 0x00000007a8000000, 0x00000007a8000000)
  eden space 87424K, 100% used [0x00000007a0000000, 0x00000007a5560000, 0x00000007a5560000)
  from space 21824K, 100% used [0x00000007a5560000, 0x00000007a6ab0000, 0x00000007a6ab0000)
  to   space 21824K,   0% used [0x00000007a6ab0000, 0x00000007a6ab0000, 0x00000007a8000000)
 concurrent mark-sweep generation total 393216K, used 142931K [0x00000007a8000000, 0x00000007c0000000, 0x00000007c0000000)
 Metaspace       used 35248K, capacity 35756K, committed 36016K, reserved 1081344K
  class space    used 4067K, capacity 4219K, committed 4272K, reserved 1048576K
2016-10-23T19:08:49.965+0800: 154.140: [GC (Allocation Failure) 2016-10-23T19:08:49.965+0800: 154.140: [ParNew
Desired survivor size 20112992 bytes, new threshold 7 (max 8)
- age   1:    3981560 bytes,    3981560 total
- age   2:    7558376 bytes,   11539936 total
- age   3:    2624120 bytes,   14164056 total
- age   4:    1895984 bytes,   16060040 total
- age   5:    2898336 bytes,   18958376 total
- age   6:     784616 bytes,   19742992 total
- age   7:    1330128 bytes,   21073120 total
: 109248K->21824K(109248K), 0.0096935 secs] 252179K->173927K(502464K), 0.0097683 secs] [Times: user=0.03 sys=0.00, real=0.01 secs] 
Heap after GC invocations=97 (full 3):
 par new generation   total 109248K, used 21824K [0x00000007a0000000, 0x00000007a8000000, 0x00000007a8000000)
  eden space 87424K,   0% used [0x00000007a0000000, 0x00000007a0000000, 0x00000007a5560000)
  from space 21824K, 100% used [0x00000007a6ab0000, 0x00000007a8000000, 0x00000007a8000000)
  to   space 21824K,   0% used [0x00000007a5560000, 0x00000007a5560000, 0x00000007a6ab0000)
 concurrent mark-sweep generation total 393216K, used 152103K [0x00000007a8000000, 0x00000007c0000000, 0x00000007c0000000)
 Metaspace       used 35248K, capacity 35756K, committed 36016K, reserved 1081344K
  class space    used 4067K, capacity 4219K, committed 4272K, reserved 1048576K
}
2016-10-23T19:08:49.974+0800: 154.150: Total time for which application threads were stopped: 0.0099263 seconds, Stopping threads took: 0.0000270 seconds
2016-10-23T19:08:50.980+0800: 155.156: Total time for which application threads were stopped: 0.0029947 seconds, Stopping threads took: 0.0028757 seconds
{Heap before GC invocations=97 (full 3):
 par new generation   total 109248K, used 109248K [0x00000007a0000000, 0x00000007a8000000, 0x00000007a8000000)
  eden space 87424K, 100% used [0x00000007a0000000, 0x00000007a5560000, 0x00000007a5560000)
  from space 21824K, 100% used [0x00000007a6ab0000, 0x00000007a8000000, 0x00000007a8000000)
  to   space 21824K,   0% used [0x00000007a5560000, 0x00000007a5560000, 0x00000007a6ab0000)
 concurrent mark-sweep generation total 393216K, used 152103K [0x00000007a8000000, 0x00000007c0000000, 0x00000007c0000000)
 Metaspace       used 35251K, capacity 35756K, committed 36016K, reserved 1081344K
  class space    used 4067K, capacity 4219K, committed 4272K, reserved 1048576K
2016-10-23T19:08:51.136+0800: 155.311: [GC (Allocation Failure) 2016-10-23T19:08:51.136+0800: 155.311: [ParNew
Desired survivor size 20112992 bytes, new threshold 7 (max 8)
- age   1:     223040 bytes,     223040 total
- age   2:    3936848 bytes,    4159888 total
- age   3:    7558376 bytes,   11718264 total
- age   4:    2624120 bytes,   14342384 total
- age   5:    2420288 bytes,   16762672 total
- age   6:    2898336 bytes,   19661008 total
- age   7:     784616 bytes,   20445624 total
: 109248K->21824K(109248K), 0.0076442 secs] 261351K->175250K(502464K), 0.0076928 secs] [Times: user=0.03 sys=0.00, real=0.01 secs] 
Heap after GC invocations=98 (full 3):
 par new generation   total 109248K, used 21824K [0x00000007a0000000, 0x00000007a8000000, 0x00000007a8000000)
  eden space 87424K,   0% used [0x00000007a0000000, 0x00000007a0000000, 0x00000007a5560000)
  from space 21824K, 100% used [0x00000007a5560000, 0x00000007a6ab0000, 0x00000007a6ab0000)
  to   space 21824K,   0% used [0x00000007a6ab0000, 0x00000007a6ab0000, 0x00000007a8000000)
 concurrent mark-sweep generation total 393216K, used 153426K [0x00000007a8000000, 0x00000007c0000000, 0x00000007c0000000)
 Metaspace       used 35251K, capacity 35756K, committed 36016K, reserved 1081344K
  class space    used 4067K, capacity 4219K, committed 4272K, reserved 1048576K
}
2016-10-23T19:08:51.144+0800: 155.319: Total time for which application threads were stopped: 0.0078742 seconds, Stopping threads took: 0.0000386 seconds
{Heap before GC invocations=98 (full 3):
 par new generation   total 109248K, used 109248K [0x00000007a0000000, 0x00000007a8000000, 0x00000007a8000000)
  eden space 87424K, 100% used [0x00000007a0000000, 0x00000007a5560000, 0x00000007a5560000)
  from space 21824K, 100% used [0x00000007a5560000, 0x00000007a6ab0000, 0x00000007a6ab0000)
  to   space 21824K,   0% used [0x00000007a6ab0000, 0x00000007a6ab0000, 0x00000007a8000000)
 concurrent mark-sweep generation total 393216K, used 153426K [0x00000007a8000000, 0x00000007c0000000, 0x00000007c0000000)
 Metaspace       used 35251K, capacity 35756K, committed 36016K, reserved 1081344K
  class space    used 4067K, capacity 4219K, committed 4272K, reserved 1048576K
2016-10-23T19:08:51.285+0800: 155.461: [GC (Allocation Failure) 2016-10-23T19:08:51.285+0800: 155.461: [ParNew
Desired survivor size 20112992 bytes, new threshold 8 (max 8)
- age   1:      28248 bytes,      28248 total
- age   2:      99072 bytes,     127320 total
- age   3:    3935744 bytes,    4063064 total
- age   4:    7557600 bytes,   11620664 total
- age   5:    2623664 bytes,   14244328 total
- age   6:    2419584 bytes,   16663912 total
- age   7:    2897880 bytes,   19561792 total
: 109248K->21824K(109248K), 0.0071796 secs] 262674K->176062K(502464K), 0.0072553 secs] [Times: user=0.02 sys=0.01, real=0.01 secs] 
Heap after GC invocations=99 (full 3):
 par new generation   total 109248K, used 21824K [0x00000007a0000000, 0x00000007a8000000, 0x00000007a8000000)
  eden space 87424K,   0% used [0x00000007a0000000, 0x00000007a0000000, 0x00000007a5560000)
  from space 21824K, 100% used [0x00000007a6ab0000, 0x00000007a8000000, 0x00000007a8000000)
  to   space 21824K,   0% used [0x00000007a5560000, 0x00000007a5560000, 0x00000007a6ab0000)
 concurrent mark-sweep generation total 393216K, used 154238K [0x00000007a8000000, 0x00000007c0000000, 0x00000007c0000000)
 Metaspace       used 35251K, capacity 35756K, committed 36016K, reserved 1081344K
  class space    used 4067K, capacity 4219K, committed 4272K, reserved 1048576K
}
2016-10-23T19:08:51.293+0800: 155.468: Total time for which application threads were stopped: 0.0074160 seconds, Stopping threads took: 0.0000185 seconds
{Heap before GC invocations=99 (full 3):
 par new generation   total 109248K, used 109248K [0x00000007a0000000, 0x00000007a8000000, 0x00000007a8000000)
  eden space 87424K, 100% used [0x00000007a0000000, 0x00000007a5560000, 0x00000007a5560000)
  from space 21824K, 100% used [0x00000007a6ab0000, 0x00000007a8000000, 0x00000007a8000000)
  to   space 21824K,   0% used [0x00000007a5560000, 0x00000007a5560000, 0x00000007a6ab0000)
 concurrent mark-sweep generation total 393216K, used 154238K [0x00000007a8000000, 0x00000007c0000000, 0x00000007c0000000)
 Metaspace       used 35252K, capacity 35756K, committed 36016K, reserved 1081344K
  class space    used 4067K, capacity 4219K, committed 4272K, reserved 1048576K
2016-10-23T19:08:51.381+0800: 155.556: [GC (Allocation Failure) 2016-10-23T19:08:51.381+0800: 155.556: [ParNew
Desired survivor size 20112992 bytes, new threshold 8 (max 8)
- age   1:       1728 bytes,       1728 total
- age   3:      21568 bytes,      23296 total
- age   4:    3681648 bytes,    3704944 total
- age   5:    7507704 bytes,   11212648 total
- age   6:    2591520 bytes,   13804168 total
- age   7:    2389080 bytes,   16193248 total
- age   8:    2881720 bytes,   19074968 total
: 109248K->21824K(109248K), 0.0073150 secs] 263486K->176548K(502464K), 0.0073695 secs] [Times: user=0.03 sys=0.00, real=0.00 secs] 
Heap after GC invocations=100 (full 3):
 par new generation   total 109248K, used 21824K [0x00000007a0000000, 0x00000007a8000000, 0x00000007a8000000)
  eden space 87424K,   0% used [0x00000007a0000000, 0x00000007a0000000, 0x00000007a5560000)
  from space 21824K, 100% used [0x00000007a5560000, 0x00000007a6ab0000, 0x00000007a6ab0000)
  to   space 21824K,   0% used [0x00000007a6ab0000, 0x00000007a6ab0000, 0x00000007a8000000)
 concurrent mark-sweep generation total 393216K, used 154724K [0x00000007a8000000, 0x00000007c0000000, 0x00000007c0000000)
 Metaspace       used 35252K, capacity 35756K, committed 36016K, reserved 1081344K
  class space    used 4067K, capacity 4219K, committed 4272K, reserved 1048576K
}
2016-10-23T19:08:51.388+0800: 155.564: Total time for which application threads were stopped: 0.0075263 seconds, Stopping threads took: 0.0000189 seconds
{Heap before GC invocations=100 (full 3):
 par new generation   total 109248K, used 109248K [0x00000007a0000000, 0x00000007a8000000, 0x00000007a8000000)
  eden space 87424K, 100% used [0x00000007a0000000, 0x00000007a5560000, 0x00000007a5560000)
  from space 21824K, 100% used [0x00000007a5560000, 0x00000007a6ab0000, 0x00000007a6ab0000)
  to   space 21824K,   0% used [0x00000007a6ab0000, 0x00000007a6ab0000, 0x00000007a8000000)
 concurrent mark-sweep generation total 393216K, used 154724K [0x00000007a8000000, 0x00000007c0000000, 0x00000007c0000000)
 Metaspace       used 35252K, capacity 35756K, committed 36016K, reserved 1081344K
  class space    used 4067K, capacity 4219K, committed 4272K, reserved 1048576K
2016-10-23T19:08:51.526+0800: 155.702: [GC (Allocation Failure) 2016-10-23T19:08:51.526+0800: 155.702: [ParNew
Desired survivor size 20112992 bytes, new threshold 8 (max 8)
- age   1:     122608 bytes,     122608 total
- age   2:        480 bytes,     123088 total
- age   4:      21568 bytes,     144656 total
- age   5:    3681648 bytes,    3826304 total
- age   6:    7507704 bytes,   11334008 total
- age   7:    2591520 bytes,   13925528 total
- age   8:    2389080 bytes,   16314608 total
: 109248K->17606K(109248K), 0.0066319 secs] 263972K->175152K(502464K), 0.0066896 secs] [Times: user=0.03 sys=0.00, real=0.01 secs] 
Heap after GC invocations=101 (full 3):
 par new generation   total 109248K, used 17606K [0x00000007a0000000, 0x00000007a8000000, 0x00000007a8000000)
  eden space 87424K,   0% used [0x00000007a0000000, 0x00000007a0000000, 0x00000007a5560000)
  from space 21824K,  80% used [0x00000007a6ab0000, 0x00000007a7be1b98, 0x00000007a8000000)
  to   space 21824K,   0% used [0x00000007a5560000, 0x00000007a5560000, 0x00000007a6ab0000)
 concurrent mark-sweep generation total 393216K, used 157545K [0x00000007a8000000, 0x00000007c0000000, 0x00000007c0000000)
 Metaspace       used 35252K, capacity 35756K, committed 36016K, reserved 1081344K
  class space    used 4067K, capacity 4219K, committed 4272K, reserved 1048576K
}
2016-10-23T19:08:51.533+0800: 155.708: Total time for which application threads were stopped: 0.0068559 seconds, Stopping threads took: 0.0000289 seconds
{Heap before GC invocations=101 (full 3):
 par new generation   total 109248K, used 105030K [0x00000007a0000000, 0x00000007a8000000, 0x00000007a8000000)
  eden space 87424K, 100% used [0x00000007a0000000, 0x00000007a5560000, 0x00000007a5560000)
  from space 21824K,  80% used [0x00000007a6ab0000, 0x00000007a7be1b98, 0x00000007a8000000)
  to   space 21824K,   0% used [0x00000007a5560000, 0x00000007a5560000, 0x00000007a6ab0000)
 concurrent mark-sweep generation total 393216K, used 157545K [0x00000007a8000000, 0x00000007c0000000, 0x00000007c0000000)
 Metaspace       used 35252K, capacity 35756K, committed 36016K, reserved 1081344K
  class space    used 4067K, capacity 4219K, committed 4272K, reserved 1048576K
2016-10-23T19:08:51.593+0800: 155.769: [GC (Allocation Failure) 2016-10-23T19:08:51.593+0800: 155.769: [ParNew
Desired survivor size 20112992 bytes, new threshold 8 (max 8)
- age   1:      81400 bytes,      81400 total
- age   2:      90024 bytes,     171424 total
- age   3:        480 bytes,     171904 total
- age   5:      21568 bytes,     193472 total
- age   6:    3681648 bytes,    3875120 total
- age   7:    7507704 bytes,   11382824 total
- age   8:    2591520 bytes,   13974344 total
: 105030K->19151K(109248K), 0.0063026 secs] 262576K->178529K(502464K), 0.0063780 secs] [Times: user=0.02 sys=0.00, real=0.00 secs] 
Heap after GC invocations=102 (full 3):
 par new generation   total 109248K, used 19151K [0x00000007a0000000, 0x00000007a8000000, 0x00000007a8000000)
  eden space 87424K,   0% used [0x00000007a0000000, 0x00000007a0000000, 0x00000007a5560000)
  from space 21824K,  87% used [0x00000007a5560000, 0x00000007a6813d80, 0x00000007a6ab0000)
  to   space 21824K,   0% used [0x00000007a6ab0000, 0x00000007a6ab0000, 0x00000007a8000000)
 concurrent mark-sweep generation total 393216K, used 159378K [0x00000007a8000000, 0x00000007c0000000, 0x00000007c0000000)
 Metaspace       used 35252K, capacity 35756K, committed 36016K, reserved 1081344K
  class space    used 4067K, capacity 4219K, committed 4272K, reserved 1048576K
}
2016-10-23T19:08:51.599+0800: 155.775: Total time for which application threads were stopped: 0.0065467 seconds, Stopping threads took: 0.0000291 seconds
2016-10-23T19:08:51.775+0800: 155.950: Total time for which application threads were stopped: 0.0000963 seconds, Stopping threads took: 0.0000195 seconds
2016-10-23T19:08:51.775+0800: 155.950: Total time for which application threads were stopped: 0.0000497 seconds, Stopping threads took: 0.0000198 seconds
2016-10-23T19:08:51.775+0800: 155.951: Total time for which application threads were stopped: 0.0000522 seconds, Stopping threads took: 0.0000161 seconds
{Heap before GC invocations=102 (full 3):
 par new generation   total 109248K, used 106575K [0x00000007a0000000, 0x00000007a8000000, 0x00000007a8000000)
  eden space 87424K, 100% used [0x00000007a0000000, 0x00000007a5560000, 0x00000007a5560000)
  from space 21824K,  87% used [0x00000007a5560000, 0x00000007a6813d80, 0x00000007a6ab0000)
  to   space 21824K,   0% used [0x00000007a6ab0000, 0x00000007a6ab0000, 0x00000007a8000000)
 concurrent mark-sweep generation total 393216K, used 159378K [0x00000007a8000000, 0x00000007c0000000, 0x00000007c0000000)
 Metaspace       used 35257K, capacity 35768K, committed 36016K, reserved 1081344K
  class space    used 4067K, capacity 4219K, committed 4272K, reserved 1048576K
2016-10-23T19:08:51.882+0800: 156.057: [GC (Allocation Failure) 2016-10-23T19:08:51.882+0800: 156.057: [ParNew
Desired survivor size 20112992 bytes, new threshold 8 (max 8)
- age   1:    3584792 bytes,    3584792 total
- age   3:      18520 bytes,    3603312 total
- age   4:        480 bytes,    3603792 total
- age   6:      21216 bytes,    3625008 total
- age   7:    3647384 bytes,    7272392 total
- age   8:    7475304 bytes,   14747696 total
: 106575K->17541K(109248K), 0.0073834 secs] 265953K->179430K(502464K), 0.0074452 secs] [Times: user=0.02 sys=0.00, real=0.00 secs] 
Heap after GC invocations=103 (full 3):
 par new generation   total 109248K, used 17541K [0x00000007a0000000, 0x00000007a8000000, 0x00000007a8000000)
  eden space 87424K,   0% used [0x00000007a0000000, 0x00000007a0000000, 0x00000007a5560000)
  from space 21824K,  80% used [0x00000007a6ab0000, 0x00000007a7bd16a0, 0x00000007a8000000)
  to   space 21824K,   0% used [0x00000007a5560000, 0x00000007a5560000, 0x00000007a6ab0000)
 concurrent mark-sweep generation total 393216K, used 161888K [0x00000007a8000000, 0x00000007c0000000, 0x00000007c0000000)
 Metaspace       used 35257K, capacity 35768K, committed 36016K, reserved 1081344K
  class space    used 4067K, capacity 4219K, committed 4272K, reserved 1048576K
}
2016-10-23T19:08:51.889+0800: 156.064: Total time for which application threads were stopped: 0.0076348 seconds, Stopping threads took: 0.0000304 seconds
{Heap before GC invocations=103 (full 3):
 par new generation   total 109248K, used 104965K [0x00000007a0000000, 0x00000007a8000000, 0x00000007a8000000)
  eden space 87424K, 100% used [0x00000007a0000000, 0x00000007a5560000, 0x00000007a5560000)
  from space 21824K,  80% used [0x00000007a6ab0000, 0x00000007a7bd16a0, 0x00000007a8000000)
  to   space 21824K,   0% used [0x00000007a5560000, 0x00000007a5560000, 0x00000007a6ab0000)
 concurrent mark-sweep generation total 393216K, used 161888K [0x00000007a8000000, 0x00000007c0000000, 0x00000007c0000000)
 Metaspace       used 35257K, capacity 35768K, committed 36016K, reserved 1081344K
  class space    used 4067K, capacity 4219K, committed 4272K, reserved 1048576K
2016-10-23T19:08:52.108+0800: 156.283: [GC (Allocation Failure) 2016-10-23T19:08:52.108+0800: 156.283: [ParNew
Desired survivor size 20112992 bytes, new threshold 8 (max 8)
- age   1:    4603320 bytes,    4603320 total
- age   2:    2763464 bytes,    7366784 total
- age   4:      18520 bytes,    7385304 total
- age   5:        480 bytes,    7385784 total
- age   7:      21216 bytes,    7407000 total
- age   8:    3812688 bytes,   11219688 total
: 104965K->12430K(109248K), 0.0070368 secs] 266854K->181629K(502464K), 0.0071034 secs] [Times: user=0.02 sys=0.00, real=0.01 secs] 
Heap after GC invocations=104 (full 3):
 par new generation   total 109248K, used 12430K [0x00000007a0000000, 0x00000007a8000000, 0x00000007a8000000)
  eden space 87424K,   0% used [0x00000007a0000000, 0x00000007a0000000, 0x00000007a5560000)
  from space 21824K,  56% used [0x00000007a5560000, 0x00000007a6183be0, 0x00000007a6ab0000)
  to   space 21824K,   0% used [0x00000007a6ab0000, 0x00000007a6ab0000, 0x00000007a8000000)
 concurrent mark-sweep generation total 393216K, used 169198K [0x00000007a8000000, 0x00000007c0000000, 0x00000007c0000000)
 Metaspace       used 35257K, capacity 35768K, committed 36016K, reserved 1081344K
  class space    used 4067K, capacity 4219K, committed 4272K, reserved 1048576K
}
2016-10-23T19:08:52.115+0800: 156.290: Total time for which application threads were stopped: 0.0072749 seconds, Stopping threads took: 0.0000236 seconds
{Heap before GC invocations=104 (full 3):
 par new generation   total 109248K, used 99854K [0x00000007a0000000, 0x00000007a8000000, 0x00000007a8000000)
  eden space 87424K, 100% used [0x00000007a0000000, 0x00000007a5560000, 0x00000007a5560000)
  from space 21824K,  56% used [0x00000007a5560000, 0x00000007a6183be0, 0x00000007a6ab0000)
  to   space 21824K,   0% used [0x00000007a6ab0000, 0x00000007a6ab0000, 0x00000007a8000000)
 concurrent mark-sweep generation total 393216K, used 169198K [0x00000007a8000000, 0x00000007c0000000, 0x00000007c0000000)
 Metaspace       used 35257K, capacity 35768K, committed 36016K, reserved 1081344K
  class space    used 4067K, capacity 4219K, committed 4272K, reserved 1048576K
2016-10-23T19:08:52.336+0800: 156.512: [GC (Allocation Failure) 2016-10-23T19:08:52.337+0800: 156.512: [ParNew
Desired survivor size 20112992 bytes, new threshold 8 (max 8)
- age   1:    5686672 bytes,    5686672 total
- age   2:    2840576 bytes,    8527248 total
- age   3:    2729360 bytes,   11256608 total
- age   5:      18520 bytes,   11275128 total
- age   6:        480 bytes,   11275608 total
- age   8:      21216 bytes,   11296824 total
: 99854K->14178K(109248K), 0.0071363 secs] 269053K->186947K(502464K), 0.0072111 secs] [Times: user=0.03 sys=0.00, real=0.01 secs] 
Heap after GC invocations=105 (full 3):
 par new generation   total 109248K, used 14178K [0x00000007a0000000, 0x00000007a8000000, 0x00000007a8000000)
  eden space 87424K,   0% used [0x00000007a0000000, 0x00000007a0000000, 0x00000007a5560000)
  from space 21824K,  64% used [0x00000007a6ab0000, 0x00000007a7888bc0, 0x00000007a8000000)
  to   space 21824K,   0% used [0x00000007a5560000, 0x00000007a5560000, 0x00000007a6ab0000)
 concurrent mark-sweep generation total 393216K, used 172768K [0x00000007a8000000, 0x00000007c0000000, 0x00000007c0000000)
 Metaspace       used 35257K, capacity 35768K, committed 36016K, reserved 1081344K
  class space    used 4067K, capacity 4219K, committed 4272K, reserved 1048576K
}
2016-10-23T19:08:52.344+0800: 156.519: Total time for which application threads were stopped: 0.0073817 seconds, Stopping threads took: 0.0000310 seconds
{Heap before GC invocations=105 (full 3):
 par new generation   total 109248K, used 101602K [0x00000007a0000000, 0x00000007a8000000, 0x00000007a8000000)
  eden space 87424K, 100% used [0x00000007a0000000, 0x00000007a5560000, 0x00000007a5560000)
  from space 21824K,  64% used [0x00000007a6ab0000, 0x00000007a7888bc0, 0x00000007a8000000)
  to   space 21824K,   0% used [0x00000007a5560000, 0x00000007a5560000, 0x00000007a6ab0000)
 concurrent mark-sweep generation total 393216K, used 172768K [0x00000007a8000000, 0x00000007c0000000, 0x00000007c0000000)
 Metaspace       used 35257K, capacity 35768K, committed 36016K, reserved 1081344K
  class space    used 4067K, capacity 4219K, committed 4272K, reserved 1048576K
2016-10-23T19:08:52.599+0800: 156.775: [GC (Allocation Failure) 2016-10-23T19:08:52.599+0800: 156.775: [ParNew
Desired survivor size 20112992 bytes, new threshold 8 (max 8)
- age   1:    8353488 bytes,    8353488 total
- age   2:    2904200 bytes,   11257688 total
- age   3:    2528704 bytes,   13786392 total
- age   4:    2728048 bytes,   16514440 total
- age   6:      18520 bytes,   16532960 total
- age   7:        480 bytes,   16533440 total
: 101602K->21824K(109248K), 0.0087142 secs] 274371K->194613K(502464K), 0.0087677 secs] [Times: user=0.02 sys=0.00, real=0.01 secs] 
Heap after GC invocations=106 (full 3):
 par new generation   total 109248K, used 21824K [0x00000007a0000000, 0x00000007a8000000, 0x00000007a8000000)
  eden space 87424K,   0% used [0x00000007a0000000, 0x00000007a0000000, 0x00000007a5560000)
  from space 21824K, 100% used [0x00000007a5560000, 0x00000007a6ab0000, 0x00000007a6ab0000)
  to   space 21824K,   0% used [0x00000007a6ab0000, 0x00000007a6ab0000, 0x00000007a8000000)
 concurrent mark-sweep generation total 393216K, used 172789K [0x00000007a8000000, 0x00000007c0000000, 0x00000007c0000000)
 Metaspace       used 35257K, capacity 35768K, committed 36016K, reserved 1081344K
  class space    used 4067K, capacity 4219K, committed 4272K, reserved 1048576K
}
2016-10-23T19:08:52.608+0800: 156.783: Total time for which application threads were stopped: 0.0089292 seconds, Stopping threads took: 0.0000291 seconds
{Heap before GC invocations=106 (full 3):
 par new generation   total 109248K, used 109248K [0x00000007a0000000, 0x00000007a8000000, 0x00000007a8000000)
  eden space 87424K, 100% used [0x00000007a0000000, 0x00000007a5560000, 0x00000007a5560000)
  from space 21824K, 100% used [0x00000007a5560000, 0x00000007a6ab0000, 0x00000007a6ab0000)
  to   space 21824K,   0% used [0x00000007a6ab0000, 0x00000007a6ab0000, 0x00000007a8000000)
 concurrent mark-sweep generation total 393216K, used 172789K [0x00000007a8000000, 0x00000007c0000000, 0x00000007c0000000)
 Metaspace       used 35257K, capacity 35768K, committed 36016K, reserved 1081344K
  class space    used 4067K, capacity 4219K, committed 4272K, reserved 1048576K
2016-10-23T19:08:52.863+0800: 157.039: [GC (Allocation Failure) 2016-10-23T19:08:52.863+0800: 157.039: [ParNew
Desired survivor size 20112992 bytes, new threshold 8 (max 8)
- age   1:    6230424 bytes,    6230424 total
- age   2:    5458792 bytes,   11689216 total
- age   3:    2894528 bytes,   14583744 total
- age   4:    2528704 bytes,   17112448 total
- age   5:    2726928 bytes,   19839376 total
- age   7:      18520 bytes,   19857896 total
- age   8:        480 bytes,   19858376 total
: 109248K->21824K(109248K), 0.0081326 secs] 282037K->194613K(502464K), 0.0082259 secs] [Times: user=0.02 sys=0.00, real=0.01 secs] 
Heap after GC invocations=107 (full 3):
 par new generation   total 109248K, used 21824K [0x00000007a0000000, 0x00000007a8000000, 0x00000007a8000000)
  eden space 87424K,   0% used [0x00000007a0000000, 0x00000007a0000000, 0x00000007a5560000)
  from space 21824K, 100% used [0x00000007a6ab0000, 0x00000007a8000000, 0x00000007a8000000)
  to   space 21824K,   0% used [0x00000007a5560000, 0x00000007a5560000, 0x00000007a6ab0000)
 concurrent mark-sweep generation total 393216K, used 172789K [0x00000007a8000000, 0x00000007c0000000, 0x00000007c0000000)
 Metaspace       used 35257K, capacity 35768K, committed 36016K, reserved 1081344K
  class space    used 4067K, capacity 4219K, committed 4272K, reserved 1048576K
}
2016-10-23T19:08:52.871+0800: 157.047: Total time for which application threads were stopped: 0.0084172 seconds, Stopping threads took: 0.0000314 seconds
{Heap before GC invocations=107 (full 3):
 par new generation   total 109248K, used 109248K [0x00000007a0000000, 0x00000007a8000000, 0x00000007a8000000)
  eden space 87424K, 100% used [0x00000007a0000000, 0x00000007a5560000, 0x00000007a5560000)
  from space 21824K, 100% used [0x00000007a6ab0000, 0x00000007a8000000, 0x00000007a8000000)
  to   space 21824K,   0% used [0x00000007a5560000, 0x00000007a5560000, 0x00000007a6ab0000)
 concurrent mark-sweep generation total 393216K, used 172789K [0x00000007a8000000, 0x00000007c0000000, 0x00000007c0000000)
 Metaspace       used 35260K, capacity 35768K, committed 36016K, reserved 1081344K
  class space    used 4067K, capacity 4219K, committed 4272K, reserved 1048576K
2016-10-23T19:08:53.124+0800: 157.299: [GC (Allocation Failure) 2016-10-23T19:08:53.124+0800: 157.299: [ParNew
Desired survivor size 20112992 bytes, new threshold 6 (max 8)
- age   1:    5633624 bytes,    5633624 total
- age   2:    2388984 bytes,    8022608 total
- age   3:    4912240 bytes,   12934848 total
- age   4:    2591080 bytes,   15525928 total
- age   5:    2378984 bytes,   17904912 total
- age   6:    2571368 bytes,   20476280 total
- age   8:      18520 bytes,   20494800 total
: 109248K->21824K(109248K), 0.0094581 secs] 282037K->197449K(502464K), 0.0095271 secs] [Times: user=0.03 sys=0.00, real=0.01 secs] 
Heap after GC invocations=108 (full 3):
 par new generation   total 109248K, used 21824K [0x00000007a0000000, 0x00000007a8000000, 0x00000007a8000000)
  eden space 87424K,   0% used [0x00000007a0000000, 0x00000007a0000000, 0x00000007a5560000)
  from space 21824K, 100% used [0x00000007a5560000, 0x00000007a6ab0000, 0x00000007a6ab0000)
  to   space 21824K,   0% used [0x00000007a6ab0000, 0x00000007a6ab0000, 0x00000007a8000000)
 concurrent mark-sweep generation total 393216K, used 175625K [0x00000007a8000000, 0x00000007c0000000, 0x00000007c0000000)
 Metaspace       used 35260K, capacity 35768K, committed 36016K, reserved 1081344K
  class space    used 4067K, capacity 4219K, committed 4272K, reserved 1048576K
}
2016-10-23T19:08:53.133+0800: 157.309: Total time for which application threads were stopped: 0.0097089 seconds, Stopping threads took: 0.0000215 seconds
{Heap before GC invocations=108 (full 3):
 par new generation   total 109248K, used 109248K [0x00000007a0000000, 0x00000007a8000000, 0x00000007a8000000)
  eden space 87424K, 100% used [0x00000007a0000000, 0x00000007a5560000, 0x00000007a5560000)
  from space 21824K, 100% used [0x00000007a5560000, 0x00000007a6ab0000, 0x00000007a6ab0000)
  to   space 21824K,   0% used [0x00000007a6ab0000, 0x00000007a6ab0000, 0x00000007a8000000)
 concurrent mark-sweep generation total 393216K, used 175625K [0x00000007a8000000, 0x00000007c0000000, 0x00000007c0000000)
 Metaspace       used 35260K, capacity 35768K, committed 36016K, reserved 1081344K
  class space    used 4067K, capacity 4219K, committed 4272K, reserved 1048576K
2016-10-23T19:08:53.417+0800: 157.592: [GC (Allocation Failure) 2016-10-23T19:08:53.417+0800: 157.592: [ParNew
Desired survivor size 20112992 bytes, new threshold 8 (max 8)
- age   1:    9115448 bytes,    9115448 total
- age   2:    1782032 bytes,   10897480 total
- age   3:    1666784 bytes,   12564264 total
- age   4:    2496160 bytes,   15060424 total
- age   5:    2545328 bytes,   17605752 total
- age   6:    2254448 bytes,   19860200 total
: 109248K->21824K(109248K), 0.0122008 secs] 284873K->203410K(502464K), 0.0122564 secs] [Times: user=0.04 sys=0.00, real=0.01 secs] 
Heap after GC invocations=109 (full 3):
 par new generation   total 109248K, used 21824K [0x00000007a0000000, 0x00000007a8000000, 0x00000007a8000000)
  eden space 87424K,   0% used [0x00000007a0000000, 0x00000007a0000000, 0x00000007a5560000)
  from space 21824K, 100% used [0x00000007a6ab0000, 0x00000007a8000000, 0x00000007a8000000)
  to   space 21824K,   0% used [0x00000007a5560000, 0x00000007a5560000, 0x00000007a6ab0000)
 concurrent mark-sweep generation total 393216K, used 181586K [0x00000007a8000000, 0x00000007c0000000, 0x00000007c0000000)
 Metaspace       used 35260K, capacity 35768K, committed 36016K, reserved 1081344K
  class space    used 4067K, capacity 4219K, committed 4272K, reserved 1048576K
}
2016-10-23T19:08:53.429+0800: 157.604: Total time for which application threads were stopped: 0.0124289 seconds, Stopping threads took: 0.0000217 seconds
{Heap before GC invocations=109 (full 3):
 par new generation   total 109248K, used 109248K [0x00000007a0000000, 0x00000007a8000000, 0x00000007a8000000)
  eden space 87424K, 100% used [0x00000007a0000000, 0x00000007a5560000, 0x00000007a5560000)
  from space 21824K, 100% used [0x00000007a6ab0000, 0x00000007a8000000, 0x00000007a8000000)
  to   space 21824K,   0% used [0x00000007a5560000, 0x00000007a5560000, 0x00000007a6ab0000)
 concurrent mark-sweep generation total 393216K, used 181586K [0x00000007a8000000, 0x00000007c0000000, 0x00000007c0000000)
 Metaspace       used 35260K, capacity 35768K, committed 36016K, reserved 1081344K
  class space    used 4067K, capacity 4219K, committed 4272K, reserved 1048576K
2016-10-23T19:08:53.713+0800: 157.888: [GC (Allocation Failure) 2016-10-23T19:08:53.713+0800: 157.888: [ParNew
Desired survivor size 20112992 bytes, new threshold 7 (max 8)
- age   1:    7589968 bytes,    7589968 total
- age   2:    4097984 bytes,   11687952 total
- age   3:    1561672 bytes,   13249624 total
- age   4:    1205848 bytes,   14455472 total
- age   5:    2225872 bytes,   16681344 total
- age   6:    1627440 bytes,   18308784 total
- age   7:    2190520 bytes,   20499304 total
: 109248K->21824K(109248K), 0.0114392 secs] 290834K->208009K(502464K), 0.0115256 secs] [Times: user=0.04 sys=0.00, real=0.01 secs] 
Heap after GC invocations=110 (full 3):
 par new generation   total 109248K, used 21824K [0x00000007a0000000, 0x00000007a8000000, 0x00000007a8000000)
  eden space 87424K,   0% used [0x00000007a0000000, 0x00000007a0000000, 0x00000007a5560000)
  from space 21824K, 100% used [0x00000007a5560000, 0x00000007a6ab0000, 0x00000007a6ab0000)
  to   space 21824K,   0% used [0x00000007a6ab0000, 0x00000007a6ab0000, 0x00000007a8000000)
 concurrent mark-sweep generation total 393216K, used 186185K [0x00000007a8000000, 0x00000007c0000000, 0x00000007c0000000)
 Metaspace       used 35260K, capacity 35768K, committed 36016K, reserved 1081344K
  class space    used 4067K, capacity 4219K, committed 4272K, reserved 1048576K
}
2016-10-23T19:08:53.724+0800: 157.900: Total time for which application threads were stopped: 0.0117013 seconds, Stopping threads took: 0.0000197 seconds
{Heap before GC invocations=110 (full 3):
 par new generation   total 109248K, used 109248K [0x00000007a0000000, 0x00000007a8000000, 0x00000007a8000000)
  eden space 87424K, 100% used [0x00000007a0000000, 0x00000007a5560000, 0x00000007a5560000)
  from space 21824K, 100% used [0x00000007a5560000, 0x00000007a6ab0000, 0x00000007a6ab0000)
  to   space 21824K,   0% used [0x00000007a6ab0000, 0x00000007a6ab0000, 0x00000007a8000000)
 concurrent mark-sweep generation total 393216K, used 186185K [0x00000007a8000000, 0x00000007c0000000, 0x00000007c0000000)
 Metaspace       used 35260K, capacity 35768K, committed 36016K, reserved 1081344K
  class space    used 4067K, capacity 4219K, committed 4272K, reserved 1048576K
2016-10-23T19:08:53.999+0800: 158.175: [GC (Allocation Failure) 2016-10-23T19:08:53.999+0800: 158.175: [ParNew
Desired survivor size 20112992 bytes, new threshold 8 (max 8)
- age   1:    6417608 bytes,    6417608 total
- age   2:    3972224 bytes,   10389832 total
- age   3:    3709848 bytes,   14099680 total
- age   4:    1407384 bytes,   15507064 total
- age   5:    1066568 bytes,   16573632 total
- age   6:    1009664 bytes,   17583296 total
- age   7:    1491728 bytes,   19075024 total
: 109248K->21824K(109248K), 0.0116761 secs] 295433K->214870K(502464K), 0.0117307 secs] [Times: user=0.05 sys=0.00, real=0.02 secs] 
Heap after GC invocations=111 (full 3):
 par new generation   total 109248K, used 21824K [0x00000007a0000000, 0x00000007a8000000, 0x00000007a8000000)
  eden space 87424K,   0% used [0x00000007a0000000, 0x00000007a0000000, 0x00000007a5560000)
  from space 21824K, 100% used [0x00000007a6ab0000, 0x00000007a8000000, 0x00000007a8000000)
  to   space 21824K,   0% used [0x00000007a5560000, 0x00000007a5560000, 0x00000007a6ab0000)
 concurrent mark-sweep generation total 393216K, used 193046K [0x00000007a8000000, 0x00000007c0000000, 0x00000007c0000000)
 Metaspace       used 35260K, capacity 35768K, committed 36016K, reserved 1081344K
  class space    used 4067K, capacity 4219K, committed 4272K, reserved 1048576K
}
2016-10-23T19:08:54.011+0800: 158.187: Total time for which application threads were stopped: 0.0118893 seconds, Stopping threads took: 0.0000270 seconds
{Heap before GC invocations=111 (full 3):
 par new generation   total 109248K, used 109248K [0x00000007a0000000, 0x00000007a8000000, 0x00000007a8000000)
  eden space 87424K, 100% used [0x00000007a0000000, 0x00000007a5560000, 0x00000007a5560000)
  from space 21824K, 100% used [0x00000007a6ab0000, 0x00000007a8000000, 0x00000007a8000000)
  to   space 21824K,   0% used [0x00000007a5560000, 0x00000007a5560000, 0x00000007a6ab0000)
 concurrent mark-sweep generation total 393216K, used 193046K [0x00000007a8000000, 0x00000007c0000000, 0x00000007c0000000)
 Metaspace       used 35260K, capacity 35768K, committed 36016K, reserved 1081344K
  class space    used 4067K, capacity 4219K, committed 4272K, reserved 1048576K
2016-10-23T19:08:54.296+0800: 158.471: [GC (Allocation Failure) 2016-10-23T19:08:54.296+0800: 158.471: [ParNew
Desired survivor size 20112992 bytes, new threshold 8 (max 8)
- age   1:    6187312 bytes,    6187312 total
- age   2:    1565432 bytes,    7752744 total
- age   3:    3850200 bytes,   11602944 total
- age   4:    3605176 bytes,   15208120 total
- age   5:    1075784 bytes,   16283904 total
- age   6:     994104 bytes,   17278008 total
- age   7:     948232 bytes,   18226240 total
- age   8:    1422696 bytes,   19648936 total
: 109248K->21824K(109248K), 0.0119758 secs] 302294K->219607K(502464K), 0.0120463 secs] [Times: user=0.04 sys=0.00, real=0.01 secs] 
Heap after GC invocations=112 (full 3):
 par new generation   total 109248K, used 21824K [0x00000007a0000000, 0x00000007a8000000, 0x00000007a8000000)
  eden space 87424K,   0% used [0x00000007a0000000, 0x00000007a0000000, 0x00000007a5560000)
  from space 21824K, 100% used [0x00000007a5560000, 0x00000007a6ab0000, 0x00000007a6ab0000)
  to   space 21824K,   0% used [0x00000007a6ab0000, 0x00000007a6ab0000, 0x00000007a8000000)
 concurrent mark-sweep generation total 393216K, used 197783K [0x00000007a8000000, 0x00000007c0000000, 0x00000007c0000000)
 Metaspace       used 35260K, capacity 35768K, committed 36016K, reserved 1081344K
  class space    used 4067K, capacity 4219K, committed 4272K, reserved 1048576K
}
2016-10-23T19:08:54.308+0800: 158.483: Total time for which application threads were stopped: 0.0122503 seconds, Stopping threads took: 0.0000189 seconds
2016-10-23T19:08:54.308+0800: 158.484: [GC (CMS Initial Mark) [1 CMS-initial-mark: 197783K(393216K)] 221351K(502464K), 0.0025803 secs] [Times: user=0.01 sys=0.00, real=0.01 secs] 
2016-10-23T19:08:54.311+0800: 158.486: Total time for which application threads were stopped: 0.0027533 seconds, Stopping threads took: 0.0000730 seconds
2016-10-23T19:08:54.311+0800: 158.486: [CMS-concurrent-mark-start]
2016-10-23T19:08:54.340+0800: 158.515: [CMS-concurrent-mark: 0.029/0.029 secs] [Times: user=0.14 sys=0.00, real=0.03 secs] 
2016-10-23T19:08:54.340+0800: 158.515: [CMS-concurrent-preclean-start]
2016-10-23T19:08:54.342+0800: 158.518: [CMS-concurrent-preclean: 0.002/0.002 secs] [Times: user=0.01 sys=0.00, real=0.00 secs] 
2016-10-23T19:08:54.342+0800: 158.518: [CMS-concurrent-abortable-preclean-start]
2016-10-23T19:08:54.475+0800: 158.650: [CMS-concurrent-abortable-preclean: 0.132/0.132 secs] [Times: user=0.26 sys=0.01, real=0.13 secs] 
2016-10-23T19:08:54.475+0800: 158.650: [GC (CMS Final Remark) [YG occupancy: 69245 K (109248 K)]{Heap before GC invocations=112 (full 4):
 par new generation   total 109248K, used 69245K [0x00000007a0000000, 0x00000007a8000000, 0x00000007a8000000)
  eden space 87424K,  54% used [0x00000007a0000000, 0x00000007a2e4f480, 0x00000007a5560000)
  from space 21824K, 100% used [0x00000007a5560000, 0x00000007a6ab0000, 0x00000007a6ab0000)
  to   space 21824K,   0% used [0x00000007a6ab0000, 0x00000007a6ab0000, 0x00000007a8000000)
 concurrent mark-sweep generation total 393216K, used 197783K [0x00000007a8000000, 0x00000007c0000000, 0x00000007c0000000)
 Metaspace       used 35260K, capacity 35768K, committed 36016K, reserved 1081344K
  class space    used 4067K, capacity 4219K, committed 4272K, reserved 1048576K
2016-10-23T19:08:54.475+0800: 158.651: [GC (CMS Final Remark) 2016-10-23T19:08:54.475+0800: 158.651: [ParNew
Desired survivor size 20112992 bytes, new threshold 8 (max 8)
- age   1:    3388864 bytes,    3388864 total
- age   2:    4433528 bytes,    7822392 total
- age   3:    1207176 bytes,    9029568 total
- age   4:    3769416 bytes,   12798984 total
- age   5:    3526528 bytes,   16325512 total
- age   6:     948080 bytes,   17273592 total
- age   7:     933544 bytes,   18207136 total
- age   8:     888704 bytes,   19095840 total
: 69245K->21824K(109248K), 0.0123768 secs] 267028K->224559K(502464K), 0.0125159 secs] [Times: user=0.04 sys=0.00, real=0.01 secs] 
Heap after GC invocations=113 (full 4):
 par new generation   total 109248K, used 21824K [0x00000007a0000000, 0x00000007a8000000, 0x00000007a8000000)
  eden space 87424K,   0% used [0x00000007a0000000, 0x00000007a0000000, 0x00000007a5560000)
  from space 21824K, 100% used [0x00000007a6ab0000, 0x00000007a8000000, 0x00000007a8000000)
  to   space 21824K,   0% used [0x00000007a5560000, 0x00000007a5560000, 0x00000007a6ab0000)
 concurrent mark-sweep generation total 393216K, used 202735K [0x00000007a8000000, 0x00000007c0000000, 0x00000007c0000000)
 Metaspace       used 35260K, capacity 35768K, committed 36016K, reserved 1081344K
  class space    used 4067K, capacity 4219K, committed 4272K, reserved 1048576K
}
2016-10-23T19:08:54.488+0800: 158.663: [Rescan (parallel) , 0.0050317 secs]2016-10-23T19:08:54.493+0800: 158.668: [weak refs processing, 0.0007480 secs]2016-10-23T19:08:54.493+0800: 158.669: [class unloading, 0.0068732 secs]2016-10-23T19:08:54.500+0800: 158.676: [scrub symbol table, 0.0048829 secs]2016-10-23T19:08:54.505+0800: 158.681: [scrub string table, 0.0004848 secs][1 CMS-remark: 202735K(393216K)] 224559K(502464K), 0.0308202 secs] [Times: user=0.07 sys=0.00, real=0.03 secs] 
2016-10-23T19:08:54.506+0800: 158.681: Total time for which application threads were stopped: 0.0309992 seconds, Stopping threads took: 0.0000743 seconds
2016-10-23T19:08:54.506+0800: 158.681: [CMS-concurrent-sweep-start]
2016-10-23T19:08:54.567+0800: 158.743: [CMS-concurrent-sweep: 0.062/0.062 secs] [Times: user=0.11 sys=0.00, real=0.06 secs] 
2016-10-23T19:08:54.567+0800: 158.743: [CMS-concurrent-reset-start]
2016-10-23T19:08:54.568+0800: 158.743: [CMS-concurrent-reset: 0.000/0.000 secs] [Times: user=0.00 sys=0.00, real=0.00 secs] 
{Heap before GC invocations=113 (full 4):
 par new generation   total 109248K, used 109248K [0x00000007a0000000, 0x00000007a8000000, 0x00000007a8000000)
  eden space 87424K, 100% used [0x00000007a0000000, 0x00000007a5560000, 0x00000007a5560000)
  from space 21824K, 100% used [0x00000007a6ab0000, 0x00000007a8000000, 0x00000007a8000000)
  to   space 21824K,   0% used [0x00000007a5560000, 0x00000007a5560000, 0x00000007a6ab0000)
 concurrent mark-sweep generation total 393216K, used 70141K [0x00000007a8000000, 0x00000007c0000000, 0x00000007c0000000)
 Metaspace       used 35260K, capacity 35768K, committed 36016K, reserved 1081344K
  class space    used 4067K, capacity 4219K, committed 4272K, reserved 1048576K
2016-10-23T19:08:54.870+0800: 159.046: [GC (Allocation Failure) 2016-10-23T19:08:54.870+0800: 159.046: [ParNew
Desired survivor size 20112992 bytes, new threshold 8 (max 8)
- age   1:    6533280 bytes,    6533280 total
- age   2:     850760 bytes,    7384040 total
- age   3:    2844224 bytes,   10228264 total
- age   4:     895600 bytes,   11123864 total
- age   5:    1804144 bytes,   12928008 total
- age   6:    3325496 bytes,   16253504 total
- age   7:     736432 bytes,   16989936 total
- age   8:     693304 bytes,   17683240 total
: 109248K->21824K(109248K), 0.0094194 secs] 179389K->97913K(502464K), 0.0094889 secs] [Times: user=0.03 sys=0.00, real=0.01 secs] 
Heap after GC invocations=114 (full 4):
 par new generation   total 109248K, used 21824K [0x00000007a0000000, 0x00000007a8000000, 0x00000007a8000000)
  eden space 87424K,   0% used [0x00000007a0000000, 0x00000007a0000000, 0x00000007a5560000)
  from space 21824K, 100% used [0x00000007a5560000, 0x00000007a6ab0000, 0x00000007a6ab0000)
  to   space 21824K,   0% used [0x00000007a6ab0000, 0x00000007a6ab0000, 0x00000007a8000000)
 concurrent mark-sweep generation total 393216K, used 76089K [0x00000007a8000000, 0x00000007c0000000, 0x00000007c0000000)
 Metaspace       used 35260K, capacity 35768K, committed 36016K, reserved 1081344K
  class space    used 4067K, capacity 4219K, committed 4272K, reserved 1048576K
}
2016-10-23T19:08:54.880+0800: 159.055: Total time for which application threads were stopped: 0.0096553 seconds, Stopping threads took: 0.0000218 seconds
{Heap before GC invocations=114 (full 4):
 par new generation   total 109248K, used 109248K [0x00000007a0000000, 0x00000007a8000000, 0x00000007a8000000)
  eden space 87424K, 100% used [0x00000007a0000000, 0x00000007a5560000, 0x00000007a5560000)
  from space 21824K, 100% used [0x00000007a5560000, 0x00000007a6ab0000, 0x00000007a6ab0000)
  to   space 21824K,   0% used [0x00000007a6ab0000, 0x00000007a6ab0000, 0x00000007a8000000)
 concurrent mark-sweep generation total 393216K, used 76089K [0x00000007a8000000, 0x00000007c0000000, 0x00000007c0000000)
 Metaspace       used 35260K, capacity 35768K, committed 36016K, reserved 1081344K
  class space    used 4067K, capacity 4219K, committed 4272K, reserved 1048576K
2016-10-23T19:08:55.211+0800: 159.386: [GC (Allocation Failure) 2016-10-23T19:08:55.211+0800: 159.386: [ParNew
Desired survivor size 20112992 bytes, new threshold 8 (max 8)
- age   1:    6846288 bytes,    6846288 total
- age   2:    2443184 bytes,    9289472 total
- age   3:     802064 bytes,   10091536 total
- age   4:    2811912 bytes,   12903448 total
- age   5:     753504 bytes,   13656952 total
- age   6:    1797128 bytes,   15454080 total
- age   7:    2534280 bytes,   17988360 total
- age   8:     732832 bytes,   18721192 total
: 109248K->21824K(109248K), 0.0096604 secs] 185337K->103702K(502464K), 0.0097104 secs] [Times: user=0.04 sys=0.00, real=0.01 secs] 
Heap after GC invocations=115 (full 4):
 par new generation   total 109248K, used 21824K [0x00000007a0000000, 0x00000007a8000000, 0x00000007a8000000)
  eden space 87424K,   0% used [0x00000007a0000000, 0x00000007a0000000, 0x00000007a5560000)
  from space 21824K, 100% used [0x00000007a6ab0000, 0x00000007a8000000, 0x00000007a8000000)
  to   space 21824K,   0% used [0x00000007a5560000, 0x00000007a5560000, 0x00000007a6ab0000)
 concurrent mark-sweep generation total 393216K, used 81878K [0x00000007a8000000, 0x00000007c0000000, 0x00000007c0000000)
 Metaspace       used 35260K, capacity 35768K, committed 36016K, reserved 1081344K
  class space    used 4067K, capacity 4219K, committed 4272K, reserved 1048576K
}
2016-10-23T19:08:55.221+0800: 159.396: Total time for which application threads were stopped: 0.0098601 seconds, Stopping threads took: 0.0000197 seconds
2016-10-23T19:08:55.472+0800: 159.648: Total time for which application threads were stopped: 0.0001447 seconds, Stopping threads took: 0.0000619 seconds
{Heap before GC invocations=115 (full 4):
 par new generation   total 109248K, used 109248K [0x00000007a0000000, 0x00000007a8000000, 0x00000007a8000000)
  eden space 87424K, 100% used [0x00000007a0000000, 0x00000007a5560000, 0x00000007a5560000)
  from space 21824K, 100% used [0x00000007a6ab0000, 0x00000007a8000000, 0x00000007a8000000)
  to   space 21824K,   0% used [0x00000007a5560000, 0x00000007a5560000, 0x00000007a6ab0000)
 concurrent mark-sweep generation total 393216K, used 81878K [0x00000007a8000000, 0x00000007c0000000, 0x00000007c0000000)
 Metaspace       used 35265K, capacity 35832K, committed 36016K, reserved 1081344K
  class space    used 4067K, capacity 4219K, committed 4272K, reserved 1048576K
2016-10-23T19:08:55.515+0800: 159.690: [GC (Allocation Failure) 2016-10-23T19:08:55.515+0800: 159.690: [ParNew
Desired survivor size 20112992 bytes, new threshold 8 (max 8)
- age   1:   10770832 bytes,   10770832 total
- age   2:    3492576 bytes,   14263408 total
- age   3:     588776 bytes,   14852184 total
- age   4:     545424 bytes,   15397608 total
- age   5:    1186568 bytes,   16584176 total
- age   6:     609592 bytes,   17193768 total
- age   7:    1719240 bytes,   18913008 total
- age   8:     756224 bytes,   19669232 total
: 109248K->21824K(109248K), 0.0123581 secs] 191126K->112373K(502464K), 0.0124124 secs] [Times: user=0.07 sys=0.00, real=0.01 secs] 
Heap after GC invocations=116 (full 4):
 par new generation   total 109248K, used 21824K [0x00000007a0000000, 0x00000007a8000000, 0x00000007a8000000)
  eden space 87424K,   0% used [0x00000007a0000000, 0x00000007a0000000, 0x00000007a5560000)
  from space 21824K, 100% used [0x00000007a5560000, 0x00000007a6ab0000, 0x00000007a6ab0000)
  to   space 21824K,   0% used [0x00000007a6ab0000, 0x00000007a6ab0000, 0x00000007a8000000)
 concurrent mark-sweep generation total 393216K, used 90549K [0x00000007a8000000, 0x00000007c0000000, 0x00000007c0000000)
 Metaspace       used 35265K, capacity 35832K, committed 36016K, reserved 1081344K
  class space    used 4067K, capacity 4219K, committed 4272K, reserved 1048576K
}
2016-10-23T19:08:55.527+0800: 159.703: Total time for which application threads were stopped: 0.0125916 seconds, Stopping threads took: 0.0000584 seconds
2016-10-23T19:08:55.640+0800: 159.816: Total time for which application threads were stopped: 0.0002664 seconds, Stopping threads took: 0.0001009 seconds
2016-10-23T19:08:55.641+0800: 159.816: Total time for which application threads were stopped: 0.0001214 seconds, Stopping threads took: 0.0000624 seconds
{Heap before GC invocations=116 (full 4):
 par new generation   total 109248K, used 109248K [0x00000007a0000000, 0x00000007a8000000, 0x00000007a8000000)
  eden space 87424K, 100% used [0x00000007a0000000, 0x00000007a5560000, 0x00000007a5560000)
  from space 21824K, 100% used [0x00000007a5560000, 0x00000007a6ab0000, 0x00000007a6ab0000)
  to   space 21824K,   0% used [0x00000007a6ab0000, 0x00000007a6ab0000, 0x00000007a8000000)
 concurrent mark-sweep generation total 393216K, used 90549K [0x00000007a8000000, 0x00000007c0000000, 0x00000007c0000000)
 Metaspace       used 35265K, capacity 35832K, committed 36016K, reserved 1081344K
  class space    used 4067K, capacity 4219K, committed 4272K, reserved 1048576K
2016-10-23T19:08:55.780+0800: 159.956: [GC (Allocation Failure) 2016-10-23T19:08:55.780+0800: 159.956: [ParNew
Desired survivor size 20112992 bytes, new threshold 8 (max 8)
- age   1:    2565424 bytes,    2565424 total
- age   2:    5966400 bytes,    8531824 total
- age   3:    3215200 bytes,   11747024 total
- age   4:     397344 bytes,   12144368 total
- age   5:     319736 bytes,   12464104 total
- age   6:     957552 bytes,   13421656 total
- age   7:     417680 bytes,   13839336 total
- age   8:    1502496 bytes,   15341832 total
: 109248K->21824K(109248K), 0.0119929 secs] 199797K->119643K(502464K), 0.0120515 secs] [Times: user=0.05 sys=0.00, real=0.01 secs] 
Heap after GC invocations=117 (full 4):
 par new generation   total 109248K, used 21824K [0x00000007a0000000, 0x00000007a8000000, 0x00000007a8000000)
  eden space 87424K,   0% used [0x00000007a0000000, 0x00000007a0000000, 0x00000007a5560000)
  from space 21824K, 100% used [0x00000007a6ab0000, 0x00000007a8000000, 0x00000007a8000000)
  to   space 21824K,   0% used [0x00000007a5560000, 0x00000007a5560000, 0x00000007a6ab0000)
 concurrent mark-sweep generation total 393216K, used 97819K [0x00000007a8000000, 0x00000007c0000000, 0x00000007c0000000)
 Metaspace       used 35265K, capacity 35832K, committed 36016K, reserved 1081344K
  class space    used 4067K, capacity 4219K, committed 4272K, reserved 1048576K
}
2016-10-23T19:08:55.792+0800: 159.968: Total time for which application threads were stopped: 0.0143500 seconds, Stopping threads took: 0.0021257 seconds
{Heap before GC invocations=117 (full 4):
 par new generation   total 109248K, used 109248K [0x00000007a0000000, 0x00000007a8000000, 0x00000007a8000000)
  eden space 87424K, 100% used [0x00000007a0000000, 0x00000007a5560000, 0x00000007a5560000)
  from space 21824K, 100% used [0x00000007a6ab0000, 0x00000007a8000000, 0x00000007a8000000)
  to   space 21824K,   0% used [0x00000007a5560000, 0x00000007a5560000, 0x00000007a6ab0000)
 concurrent mark-sweep generation total 393216K, used 97819K [0x00000007a8000000, 0x00000007c0000000, 0x00000007c0000000)
 Metaspace       used 35265K, capacity 35832K, committed 36016K, reserved 1081344K
  class space    used 4067K, capacity 4219K, committed 4272K, reserved 1048576K
2016-10-23T19:08:55.982+0800: 160.157: [GC (Allocation Failure) 2016-10-23T19:08:55.982+0800: 160.157: [ParNew
Desired survivor size 20112992 bytes, new threshold 8 (max 8)
- age   1:    4907304 bytes,    4907304 total
- age   2:    1774344 bytes,    6681648 total
- age   3:    5958120 bytes,   12639768 total
- age   4:    3215200 bytes,   15854968 total
- age   5:     397344 bytes,   16252312 total
- age   6:     319736 bytes,   16572048 total
- age   7:     957552 bytes,   17529600 total
- age   8:     417680 bytes,   17947280 total
: 109248K->21187K(109248K), 0.0068292 secs] 207067K->120491K(502464K), 0.0068897 secs] [Times: user=0.03 sys=0.00, real=0.00 secs] 
Heap after GC invocations=118 (full 4):
 par new generation   total 109248K, used 21187K [0x00000007a0000000, 0x00000007a8000000, 0x00000007a8000000)
  eden space 87424K,   0% used [0x00000007a0000000, 0x00000007a0000000, 0x00000007a5560000)
  from space 21824K,  97% used [0x00000007a5560000, 0x00000007a6a10f70, 0x00000007a6ab0000)
  to   space 21824K,   0% used [0x00000007a6ab0000, 0x00000007a6ab0000, 0x00000007a8000000)
 concurrent mark-sweep generation total 393216K, used 99304K [0x00000007a8000000, 0x00000007c0000000, 0x00000007c0000000)
 Metaspace       used 35265K, capacity 35832K, committed 36016K, reserved 1081344K
  class space    used 4067K, capacity 4219K, committed 4272K, reserved 1048576K
}
2016-10-23T19:08:55.989+0800: 160.164: Total time for which application threads were stopped: 0.0071229 seconds, Stopping threads took: 0.0000803 seconds
{Heap before GC invocations=118 (full 4):
 par new generation   total 109248K, used 108611K [0x00000007a0000000, 0x00000007a8000000, 0x00000007a8000000)
  eden space 87424K, 100% used [0x00000007a0000000, 0x00000007a5560000, 0x00000007a5560000)
  from space 21824K,  97% used [0x00000007a5560000, 0x00000007a6a10f70, 0x00000007a6ab0000)
  to   space 21824K,   0% used [0x00000007a6ab0000, 0x00000007a6ab0000, 0x00000007a8000000)
 concurrent mark-sweep generation total 393216K, used 99304K [0x00000007a8000000, 0x00000007c0000000, 0x00000007c0000000)
 Metaspace       used 35265K, capacity 35832K, committed 36016K, reserved 1081344K
  class space    used 4067K, capacity 4219K, committed 4272K, reserved 1048576K
2016-10-23T19:08:56.065+0800: 160.241: [GC (Allocation Failure) 2016-10-23T19:08:56.065+0800: 160.241: [ParNew
Desired survivor size 20112992 bytes, new threshold 8 (max 8)
- age   1:    2431888 bytes,    2431888 total
- age   2:    2418472 bytes,    4850360 total
- age   3:    1718624 bytes,    6568984 total
- age   4:    5860712 bytes,   12429696 total
- age   5:    3209272 bytes,   15638968 total
- age   6:     391280 bytes,   16030248 total
- age   7:     317040 bytes,   16347288 total
- age   8:     951064 bytes,   17298352 total
: 108611K->21824K(109248K), 0.0064878 secs] 207915K->122831K(502464K), 0.0065406 secs] [Times: user=0.02 sys=0.00, real=0.01 secs] 
Heap after GC invocations=119 (full 4):
 par new generation   total 109248K, used 21824K [0x00000007a0000000, 0x00000007a8000000, 0x00000007a8000000)
  eden space 87424K,   0% used [0x00000007a0000000, 0x00000007a0000000, 0x00000007a5560000)
  from space 21824K, 100% used [0x00000007a6ab0000, 0x00000007a8000000, 0x00000007a8000000)
  to   space 21824K,   0% used [0x00000007a5560000, 0x00000007a5560000, 0x00000007a6ab0000)
 concurrent mark-sweep generation total 393216K, used 101007K [0x00000007a8000000, 0x00000007c0000000, 0x00000007c0000000)
 Metaspace       used 35265K, capacity 35832K, committed 36016K, reserved 1081344K
  class space    used 4067K, capacity 4219K, committed 4272K, reserved 1048576K
}
2016-10-23T19:08:56.072+0800: 160.247: Total time for which application threads were stopped: 0.0067473 seconds, Stopping threads took: 0.0000481 seconds
{Heap before GC invocations=119 (full 4):
 par new generation   total 109248K, used 109248K [0x00000007a0000000, 0x00000007a8000000, 0x00000007a8000000)
  eden space 87424K, 100% used [0x00000007a0000000, 0x00000007a5560000, 0x00000007a5560000)
  from space 21824K, 100% used [0x00000007a6ab0000, 0x00000007a8000000, 0x00000007a8000000)
  to   space 21824K,   0% used [0x00000007a5560000, 0x00000007a5560000, 0x00000007a6ab0000)
 concurrent mark-sweep generation total 393216K, used 101007K [0x00000007a8000000, 0x00000007c0000000, 0x00000007c0000000)
 Metaspace       used 35265K, capacity 35832K, committed 36016K, reserved 1081344K
  class space    used 4067K, capacity 4219K, committed 4272K, reserved 1048576K
2016-10-23T19:08:56.139+0800: 160.315: [GC (Allocation Failure) 2016-10-23T19:08:56.139+0800: 160.315: [ParNew
Desired survivor size 20112992 bytes, new threshold 8 (max 8)
- age   1:    3121504 bytes,    3121504 total
- age   2:     584512 bytes,    3706016 total
- age   3:    2314032 bytes,    6020048 total
- age   4:    1717584 bytes,    7737632 total
- age   5:    5860712 bytes,   13598344 total
- age   6:    3209272 bytes,   16807616 total
- age   7:     391280 bytes,   17198896 total
- age   8:     317040 bytes,   17515936 total
: 109248K->21824K(109248K), 0.0072480 secs] 210255K->123778K(502464K), 0.0073082 secs] [Times: user=0.02 sys=0.00, real=0.01 secs] 
Heap after GC invocations=120 (full 4):
 par new generation   total 109248K, used 21824K [0x00000007a0000000, 0x00000007a8000000, 0x00000007a8000000)
  eden space 87424K,   0% used [0x00000007a0000000, 0x00000007a0000000, 0x00000007a5560000)
  from space 21824K, 100% used [0x00000007a5560000, 0x00000007a6ab0000, 0x00000007a6ab0000)
  to   space 21824K,   0% used [0x00000007a6ab0000, 0x00000007a6ab0000, 0x00000007a8000000)
 concurrent mark-sweep generation total 393216K, used 101954K [0x00000007a8000000, 0x00000007c0000000, 0x00000007c0000000)
 Metaspace       used 35265K, capacity 35832K, committed 36016K, reserved 1081344K
  class space    used 4067K, capacity 4219K, committed 4272K, reserved 1048576K
}
2016-10-23T19:08:56.146+0800: 160.322: Total time for which application threads were stopped: 0.0075638 seconds, Stopping threads took: 0.0001043 seconds
{Heap before GC invocations=120 (full 4):
 par new generation   total 109248K, used 109248K [0x00000007a0000000, 0x00000007a8000000, 0x00000007a8000000)
  eden space 87424K, 100% used [0x00000007a0000000, 0x00000007a5560000, 0x00000007a5560000)
  from space 21824K, 100% used [0x00000007a5560000, 0x00000007a6ab0000, 0x00000007a6ab0000)
  to   space 21824K,   0% used [0x00000007a6ab0000, 0x00000007a6ab0000, 0x00000007a8000000)
 concurrent mark-sweep generation total 393216K, used 101954K [0x00000007a8000000, 0x00000007c0000000, 0x00000007c0000000)
 Metaspace       used 35265K, capacity 35832K, committed 36016K, reserved 1081344K
  class space    used 4067K, capacity 4219K, committed 4272K, reserved 1048576K
2016-10-23T19:08:56.211+0800: 160.386: [GC (Allocation Failure) 2016-10-23T19:08:56.211+0800: 160.386: [ParNew
Desired survivor size 20112992 bytes, new threshold 8 (max 8)
- age   1:    3185064 bytes,    3185064 total
- age   2:    1083608 bytes,    4268672 total
- age   3:     584512 bytes,    4853184 total
- age   4:    2289440 bytes,    7142624 total
- age   5:    1706976 bytes,    8849600 total
- age   6:    5860568 bytes,   14710168 total
- age   7:    3209272 bytes,   17919440 total
- age   8:     391280 bytes,   18310720 total
: 109248K->19503K(109248K), 0.0060739 secs] 211202K->121778K(502464K), 0.0061322 secs] [Times: user=0.02 sys=0.00, real=0.00 secs] 
Heap after GC invocations=121 (full 4):
 par new generation   total 109248K, used 19503K [0x00000007a0000000, 0x00000007a8000000, 0x00000007a8000000)
  eden space 87424K,   0% used [0x00000007a0000000, 0x00000007a0000000, 0x00000007a5560000)
  from space 21824K,  89% used [0x00000007a6ab0000, 0x00000007a7dbbd80, 0x00000007a8000000)
  to   space 21824K,   0% used [0x00000007a5560000, 0x00000007a5560000, 0x00000007a6ab0000)
 concurrent mark-sweep generation total 393216K, used 102274K [0x00000007a8000000, 0x00000007c0000000, 0x00000007c0000000)
 Metaspace       used 35265K, capacity 35832K, committed 36016K, reserved 1081344K
  class space    used 4067K, capacity 4219K, committed 4272K, reserved 1048576K
}
2016-10-23T19:08:56.217+0800: 160.392: Total time for which application threads were stopped: 0.0063626 seconds, Stopping threads took: 0.0000784 seconds
2016-10-23T19:08:56.305+0800: 160.481: Total time for which application threads were stopped: 0.0001399 seconds, Stopping threads took: 0.0000501 seconds
2016-10-23T19:08:56.307+0800: 160.482: Total time for which application threads were stopped: 0.0001846 seconds, Stopping threads took: 0.0001043 seconds
2016-10-23T19:08:56.307+0800: 160.482: Total time for which application threads were stopped: 0.0001135 seconds, Stopping threads took: 0.0000521 seconds
2016-10-23T19:08:56.310+0800: 160.485: Total time for which application threads were stopped: 0.0001965 seconds, Stopping threads took: 0.0000861 seconds
2016-10-23T19:08:56.407+0800: 160.583: Total time for which application threads were stopped: 0.0001487 seconds, Stopping threads took: 0.0000451 seconds
{Heap before GC invocations=121 (full 4):
 par new generation   total 109248K, used 106927K [0x00000007a0000000, 0x00000007a8000000, 0x00000007a8000000)
  eden space 87424K, 100% used [0x00000007a0000000, 0x00000007a5560000, 0x00000007a5560000)
  from space 21824K,  89% used [0x00000007a6ab0000, 0x00000007a7dbbd80, 0x00000007a8000000)
  to   space 21824K,   0% used [0x00000007a5560000, 0x00000007a5560000, 0x00000007a6ab0000)
 concurrent mark-sweep generation total 393216K, used 102274K [0x00000007a8000000, 0x00000007c0000000, 0x00000007c0000000)
 Metaspace       used 35293K, capacity 35904K, committed 36272K, reserved 1081344K
  class space    used 4069K, capacity 4223K, committed 4272K, reserved 1048576K
2016-10-23T19:08:56.431+0800: 160.607: [GC (Allocation Failure) 2016-10-23T19:08:56.431+0800: 160.607: [ParNew
Desired survivor size 20112992 bytes, new threshold 8 (max 8)
- age   1:    7527136 bytes,    7527136 total
- age   2:     356600 bytes,    7883736 total
- age   3:     611384 bytes,    8495120 total
- age   4:     350520 bytes,    8845640 total
- age   5:     844120 bytes,    9689760 total
- age   6:    1345688 bytes,   11035448 total
- age   7:    5283032 bytes,   16318480 total
- age   8:    3126568 bytes,   19445048 total
: 106927K->21824K(109248K), 0.0072470 secs] 209202K->126593K(502464K), 0.0072908 secs] [Times: user=0.03 sys=0.00, real=0.00 secs] 
Heap after GC invocations=122 (full 4):
 par new generation   total 109248K, used 21824K [0x00000007a0000000, 0x00000007a8000000, 0x00000007a8000000)
  eden space 87424K,   0% used [0x00000007a0000000, 0x00000007a0000000, 0x00000007a5560000)
  from space 21824K, 100% used [0x00000007a5560000, 0x00000007a6ab0000, 0x00000007a6ab0000)
  to   space 21824K,   0% used [0x00000007a6ab0000, 0x00000007a6ab0000, 0x00000007a8000000)
 concurrent mark-sweep generation total 393216K, used 104769K [0x00000007a8000000, 0x00000007c0000000, 0x00000007c0000000)
 Metaspace       used 35293K, capacity 35904K, committed 36272K, reserved 1081344K
  class space    used 4069K, capacity 4223K, committed 4272K, reserved 1048576K
}
2016-10-23T19:08:56.439+0800: 160.614: Total time for which application threads were stopped: 0.0075028 seconds, Stopping threads took: 0.0000645 seconds
2016-10-23T19:08:56.451+0800: 160.627: Total time for which application threads were stopped: 0.0001479 seconds, Stopping threads took: 0.0000548 seconds
2016-10-23T19:08:56.451+0800: 160.627: Total time for which application threads were stopped: 0.0001339 seconds, Stopping threads took: 0.0000630 seconds
{Heap before GC invocations=122 (full 4):
 par new generation   total 109248K, used 109248K [0x00000007a0000000, 0x00000007a8000000, 0x00000007a8000000)
  eden space 87424K, 100% used [0x00000007a0000000, 0x00000007a5560000, 0x00000007a5560000)
  from space 21824K, 100% used [0x00000007a5560000, 0x00000007a6ab0000, 0x00000007a6ab0000)
  to   space 21824K,   0% used [0x00000007a6ab0000, 0x00000007a6ab0000, 0x00000007a8000000)
 concurrent mark-sweep generation total 393216K, used 104769K [0x00000007a8000000, 0x00000007c0000000, 0x00000007c0000000)
 Metaspace       used 35293K, capacity 35904K, committed 36272K, reserved 1081344K
  class space    used 4069K, capacity 4223K, committed 4272K, reserved 1048576K
2016-10-23T19:08:56.544+0800: 160.719: [GC (Allocation Failure) 2016-10-23T19:08:56.544+0800: 160.719: [ParNew
Desired survivor size 20112992 bytes, new threshold 8 (max 8)
- age   1:    2221304 bytes,    2221304 total
- age   2:    7209760 bytes,    9431064 total
- age   3:     349760 bytes,    9780824 total
- age   4:     604544 bytes,   10385368 total
- age   5:     343680 bytes,   10729048 total
- age   6:     814296 bytes,   11543344 total
- age   7:    1332376 bytes,   12875720 total
- age   8:    4990336 bytes,   17866056 total
: 109248K->21824K(109248K), 0.0057739 secs] 214017K->129651K(502464K), 0.0058327 secs] [Times: user=0.02 sys=0.00, real=0.00 secs] 
Heap after GC invocations=123 (full 4):
 par new generation   total 109248K, used 21824K [0x00000007a0000000, 0x00000007a8000000, 0x00000007a8000000)
  eden space 87424K,   0% used [0x00000007a0000000, 0x00000007a0000000, 0x00000007a5560000)
  from space 21824K, 100% used [0x00000007a6ab0000, 0x00000007a8000000, 0x00000007a8000000)
  to   space 21824K,   0% used [0x00000007a5560000, 0x00000007a5560000, 0x00000007a6ab0000)
 concurrent mark-sweep generation total 393216K, used 107827K [0x00000007a8000000, 0x00000007c0000000, 0x00000007c0000000)
 Metaspace       used 35293K, capacity 35904K, committed 36272K, reserved 1081344K
  class space    used 4069K, capacity 4223K, committed 4272K, reserved 1048576K
}
2016-10-23T19:08:56.549+0800: 160.725: Total time for which application threads were stopped: 0.0060256 seconds, Stopping threads took: 0.0000630 seconds
2016-10-23T19:08:56.599+0800: 160.774: Total time for which application threads were stopped: 0.0002021 seconds, Stopping threads took: 0.0000742 seconds
2016-10-23T19:08:56.599+0800: 160.775: Total time for which application threads were stopped: 0.0000751 seconds, Stopping threads took: 0.0000154 seconds
2016-10-23T19:08:56.599+0800: 160.775: Total time for which application threads were stopped: 0.0000700 seconds, Stopping threads took: 0.0000210 seconds
2016-10-23T19:08:56.599+0800: 160.775: Total time for which application threads were stopped: 0.0000981 seconds, Stopping threads took: 0.0000114 seconds
{Heap before GC invocations=123 (full 4):
 par new generation   total 109248K, used 109248K [0x00000007a0000000, 0x00000007a8000000, 0x00000007a8000000)
  eden space 87424K, 100% used [0x00000007a0000000, 0x00000007a5560000, 0x00000007a5560000)
  from space 21824K, 100% used [0x00000007a6ab0000, 0x00000007a8000000, 0x00000007a8000000)
  to   space 21824K,   0% used [0x00000007a5560000, 0x00000007a5560000, 0x00000007a6ab0000)
 concurrent mark-sweep generation total 393216K, used 107827K [0x00000007a8000000, 0x00000007c0000000, 0x00000007c0000000)
 Metaspace       used 35303K, capacity 35904K, committed 36272K, reserved 1081344K
  class space    used 4069K, capacity 4223K, committed 4272K, reserved 1048576K
2016-10-23T19:08:56.736+0800: 160.912: [GC (Allocation Failure) 2016-10-23T19:08:56.736+0800: 160.912: [ParNew
Desired survivor size 20112992 bytes, new threshold 8 (max 8)
- age   1:    4063320 bytes,    4063320 total
- age   2:    1171120 bytes,    5234440 total
- age   3:    7025120 bytes,   12259560 total
- age   4:     278320 bytes,   12537880 total
- age   5:     472528 bytes,   13010408 total
- age   6:     259392 bytes,   13269800 total
- age   7:     625304 bytes,   13895104 total
- age   8:    1126176 bytes,   15021280 total
: 109248K->21217K(109248K), 0.0056298 secs] 217075K->133853K(502464K), 0.0057062 secs] [Times: user=0.02 sys=0.00, real=0.01 secs] 
Heap after GC invocations=124 (full 4):
 par new generation   total 109248K, used 21217K [0x00000007a0000000, 0x00000007a8000000, 0x00000007a8000000)
  eden space 87424K,   0% used [0x00000007a0000000, 0x00000007a0000000, 0x00000007a5560000)
  from space 21824K,  97% used [0x00000007a5560000, 0x00000007a6a18790, 0x00000007a6ab0000)
  to   space 21824K,   0% used [0x00000007a6ab0000, 0x00000007a6ab0000, 0x00000007a8000000)
 concurrent mark-sweep generation total 393216K, used 112635K [0x00000007a8000000, 0x00000007c0000000, 0x00000007c0000000)
 Metaspace       used 35303K, capacity 35904K, committed 36272K, reserved 1081344K
  class space    used 4069K, capacity 4223K, committed 4272K, reserved 1048576K
}
2016-10-23T19:08:56.742+0800: 160.918: Total time for which application threads were stopped: 0.0058811 seconds, Stopping threads took: 0.0000259 seconds
{Heap before GC invocations=124 (full 4):
 par new generation   total 109248K, used 108641K [0x00000007a0000000, 0x00000007a8000000, 0x00000007a8000000)
  eden space 87424K, 100% used [0x00000007a0000000, 0x00000007a5560000, 0x00000007a5560000)
  from space 21824K,  97% used [0x00000007a5560000, 0x00000007a6a18790, 0x00000007a6ab0000)
  to   space 21824K,   0% used [0x00000007a6ab0000, 0x00000007a6ab0000, 0x00000007a8000000)
 concurrent mark-sweep generation total 393216K, used 112635K [0x00000007a8000000, 0x00000007c0000000, 0x00000007c0000000)
 Metaspace       used 35304K, capacity 35904K, committed 36272K, reserved 1081344K
  class space    used 4069K, capacity 4223K, committed 4272K, reserved 1048576K
2016-10-23T19:08:57.003+0800: 161.179: [GC (Allocation Failure) 2016-10-23T19:08:57.003+0800: 161.179: [ParNew
Desired survivor size 20112992 bytes, new threshold 8 (max 8)
- age   1:    5809024 bytes,    5809024 total
- age   2:    2232176 bytes,    8041200 total
- age   3:    1125792 bytes,    9166992 total
- age   4:    7025448 bytes,   16192440 total
- age   5:     278320 bytes,   16470760 total
- age   6:     472528 bytes,   16943288 total
- age   7:     259392 bytes,   17202680 total
- age   8:     625304 bytes,   17827984 total
: 108641K->21824K(109248K), 0.0053252 secs] 221277K->135559K(502464K), 0.0053830 secs] [Times: user=0.02 sys=0.00, real=0.00 secs] 
Heap after GC invocations=125 (full 4):
 par new generation   total 109248K, used 21824K [0x00000007a0000000, 0x00000007a8000000, 0x00000007a8000000)
  eden space 87424K,   0% used [0x00000007a0000000, 0x00000007a0000000, 0x00000007a5560000)
  from space 21824K, 100% used [0x00000007a6ab0000, 0x00000007a8000000, 0x00000007a8000000)
  to   space 21824K,   0% used [0x00000007a5560000, 0x00000007a5560000, 0x00000007a6ab0000)
 concurrent mark-sweep generation total 393216K, used 113735K [0x00000007a8000000, 0x00000007c0000000, 0x00000007c0000000)
 Metaspace       used 35304K, capacity 35904K, committed 36272K, reserved 1081344K
  class space    used 4069K, capacity 4223K, committed 4272K, reserved 1048576K
}
2016-10-23T19:08:57.008+0800: 161.184: Total time for which application threads were stopped: 0.0055522 seconds, Stopping threads took: 0.0000224 seconds
{Heap before GC invocations=125 (full 4):
 par new generation   total 109248K, used 109248K [0x00000007a0000000, 0x00000007a8000000, 0x00000007a8000000)
  eden space 87424K, 100% used [0x00000007a0000000, 0x00000007a5560000, 0x00000007a5560000)
  from space 21824K, 100% used [0x00000007a6ab0000, 0x00000007a8000000, 0x00000007a8000000)
  to   space 21824K,   0% used [0x00000007a5560000, 0x00000007a5560000, 0x00000007a6ab0000)
 concurrent mark-sweep generation total 393216K, used 113735K [0x00000007a8000000, 0x00000007c0000000, 0x00000007c0000000)
 Metaspace       used 35304K, capacity 35904K, committed 36272K, reserved 1081344K
  class space    used 4069K, capacity 4223K, committed 4272K, reserved 1048576K
2016-10-23T19:08:57.262+0800: 161.438: [GC (Allocation Failure) 2016-10-23T19:08:57.263+0800: 161.438: [ParNew
Desired survivor size 20112992 bytes, new threshold 8 (max 8)
- age   1:    5706144 bytes,    5706144 total
- age   2:    2795496 bytes,    8501640 total
- age   3:    2181384 bytes,   10683024 total
- age   4:    1104168 bytes,   11787192 total
- age   5:    6744544 bytes,   18531736 total
- age   6:     272760 bytes,   18804496 total
- age   7:     466512 bytes,   19271008 total
- age   8:     250600 bytes,   19521608 total
: 109248K->21824K(109248K), 0.0078793 secs] 222983K->138057K(502464K), 0.0079453 secs] [Times: user=0.03 sys=0.00, real=0.01 secs] 
Heap after GC invocations=126 (full 4):
 par new generation   total 109248K, used 21824K [0x00000007a0000000, 0x00000007a8000000, 0x00000007a8000000)
  eden space 87424K,   0% used [0x00000007a0000000, 0x00000007a0000000, 0x00000007a5560000)
  from space 21824K, 100% used [0x00000007a5560000, 0x00000007a6ab0000, 0x00000007a6ab0000)
  to   space 21824K,   0% used [0x00000007a6ab0000, 0x00000007a6ab0000, 0x00000007a8000000)
 concurrent mark-sweep generation total 393216K, used 116233K [0x00000007a8000000, 0x00000007c0000000, 0x00000007c0000000)
 Metaspace       used 35304K, capacity 35904K, committed 36272K, reserved 1081344K
  class space    used 4069K, capacity 4223K, committed 4272K, reserved 1048576K
}
2016-10-23T19:08:57.270+0800: 161.446: Total time for which application threads were stopped: 0.0081334 seconds, Stopping threads took: 0.0000250 seconds
{Heap before GC invocations=126 (full 4):
 par new generation   total 109248K, used 109248K [0x00000007a0000000, 0x00000007a8000000, 0x00000007a8000000)
  eden space 87424K, 100% used [0x00000007a0000000, 0x00000007a5560000, 0x00000007a5560000)
  from space 21824K, 100% used [0x00000007a5560000, 0x00000007a6ab0000, 0x00000007a6ab0000)
  to   space 21824K,   0% used [0x00000007a6ab0000, 0x00000007a6ab0000, 0x00000007a8000000)
 concurrent mark-sweep generation total 393216K, used 116233K [0x00000007a8000000, 0x00000007c0000000, 0x00000007c0000000)
 Metaspace       used 35304K, capacity 35904K, committed 36272K, reserved 1081344K
  class space    used 4069K, capacity 4223K, committed 4272K, reserved 1048576K
2016-10-23T19:08:57.530+0800: 161.706: [GC (Allocation Failure) 2016-10-23T19:08:57.530+0800: 161.706: [ParNew
Desired survivor size 20112992 bytes, new threshold 8 (max 8)
- age   1:    3372088 bytes,    3372088 total
- age   2:    2333024 bytes,    5705112 total
- age   3:    2384424 bytes,    8089536 total
- age   4:    1989480 bytes,   10079016 total
- age   5:    1017104 bytes,   11096120 total
- age   6:    5410112 bytes,   16506232 total
- age   7:     219088 bytes,   16725320 total
- age   8:     443272 bytes,   17168592 total
: 109248K->21824K(109248K), 0.0085994 secs] 225481K->144375K(502464K), 0.0086617 secs] [Times: user=0.03 sys=0.00, real=0.00 secs] 
Heap after GC invocations=127 (full 4):
 par new generation   total 109248K, used 21824K [0x00000007a0000000, 0x00000007a8000000, 0x00000007a8000000)
  eden space 87424K,   0% used [0x00000007a0000000, 0x00000007a0000000, 0x00000007a5560000)
  from space 21824K, 100% used [0x00000007a6ab0000, 0x00000007a8000000, 0x00000007a8000000)
  to   space 21824K,   0% used [0x00000007a5560000, 0x00000007a5560000, 0x00000007a6ab0000)
 concurrent mark-sweep generation total 393216K, used 122551K [0x00000007a8000000, 0x00000007c0000000, 0x00000007c0000000)
 Metaspace       used 35304K, capacity 35904K, committed 36272K, reserved 1081344K
  class space    used 4069K, capacity 4223K, committed 4272K, reserved 1048576K
}
2016-10-23T19:08:57.539+0800: 161.714: Total time for which application threads were stopped: 0.0088216 seconds, Stopping threads took: 0.0000205 seconds
{Heap before GC invocations=127 (full 4):
 par new generation   total 109248K, used 109248K [0x00000007a0000000, 0x00000007a8000000, 0x00000007a8000000)
  eden space 87424K, 100% used [0x00000007a0000000, 0x00000007a5560000, 0x00000007a5560000)
  from space 21824K, 100% used [0x00000007a6ab0000, 0x00000007a8000000, 0x00000007a8000000)
  to   space 21824K,   0% used [0x00000007a5560000, 0x00000007a5560000, 0x00000007a6ab0000)
 concurrent mark-sweep generation total 393216K, used 122551K [0x00000007a8000000, 0x00000007c0000000, 0x00000007c0000000)
 Metaspace       used 35304K, capacity 35904K, committed 36272K, reserved 1081344K
  class space    used 4069K, capacity 4223K, committed 4272K, reserved 1048576K
2016-10-23T19:08:57.778+0800: 161.953: [GC (Allocation Failure) 2016-10-23T19:08:57.778+0800: 161.953: [ParNew
Desired survivor size 20112992 bytes, new threshold 8 (max 8)
- age   1:    5737952 bytes,    5737952 total
- age   2:    2143320 bytes,    7881272 total
- age   3:    2063264 bytes,    9944536 total
- age   4:    1989680 bytes,   11934216 total
- age   5:    1904312 bytes,   13838528 total
- age   6:     968392 bytes,   14806920 total
- age   7:    4556488 bytes,   19363408 total
- age   8:     213200 bytes,   19576608 total
: 109248K->21824K(109248K), 0.0074894 secs] 231799K->148018K(502464K), 0.0075550 secs] [Times: user=0.03 sys=0.00, real=0.01 secs] 
Heap after GC invocations=128 (full 4):
 par new generation   total 109248K, used 21824K [0x00000007a0000000, 0x00000007a8000000, 0x00000007a8000000)
  eden space 87424K,   0% used [0x00000007a0000000, 0x00000007a0000000, 0x00000007a5560000)
  from space 21824K, 100% used [0x00000007a5560000, 0x00000007a6ab0000, 0x00000007a6ab0000)
  to   space 21824K,   0% used [0x00000007a6ab0000, 0x00000007a6ab0000, 0x00000007a8000000)
 concurrent mark-sweep generation total 393216K, used 126194K [0x00000007a8000000, 0x00000007c0000000, 0x00000007c0000000)
 Metaspace       used 35304K, capacity 35904K, committed 36272K, reserved 1081344K
  class space    used 4069K, capacity 4223K, committed 4272K, reserved 1048576K
}
2016-10-23T19:08:57.785+0800: 161.961: Total time for which application threads were stopped: 0.0077110 seconds, Stopping threads took: 0.0000295 seconds
{Heap before GC invocations=128 (full 4):
 par new generation   total 109248K, used 109248K [0x00000007a0000000, 0x00000007a8000000, 0x00000007a8000000)
  eden space 87424K, 100% used [0x00000007a0000000, 0x00000007a5560000, 0x00000007a5560000)
  from space 21824K, 100% used [0x00000007a5560000, 0x00000007a6ab0000, 0x00000007a6ab0000)
  to   space 21824K,   0% used [0x00000007a6ab0000, 0x00000007a6ab0000, 0x00000007a8000000)
 concurrent mark-sweep generation total 393216K, used 126194K [0x00000007a8000000, 0x00000007c0000000, 0x00000007c0000000)
 Metaspace       used 35304K, capacity 35904K, committed 36272K, reserved 1081344K
  class space    used 4069K, capacity 4223K, committed 4272K, reserved 1048576K
2016-10-23T19:08:58.064+0800: 162.240: [GC (Allocation Failure) 2016-10-23T19:08:58.064+0800: 162.240: [ParNew
Desired survivor size 20112992 bytes, new threshold 8 (max 8)
- age   1:    8268120 bytes,    8268120 total
- age   2:    1386680 bytes,    9654800 total
- age   3:    1920808 bytes,   11575608 total
- age   4:    1440008 bytes,   13015616 total
- age   5:    1073848 bytes,   14089464 total
- age   6:    1624576 bytes,   15714040 total
- age   7:     880440 bytes,   16594480 total
- age   8:    3625104 bytes,   20219584 total
: 109248K->21824K(109248K), 0.0085316 secs] 235442K->153217K(502464K), 0.0086149 secs] [Times: user=0.03 sys=0.00, real=0.01 secs] 
Heap after GC invocations=129 (full 4):
 par new generation   total 109248K, used 21824K [0x00000007a0000000, 0x00000007a8000000, 0x00000007a8000000)
  eden space 87424K,   0% used [0x00000007a0000000, 0x00000007a0000000, 0x00000007a5560000)
  from space 21824K, 100% used [0x00000007a6ab0000, 0x00000007a8000000, 0x00000007a8000000)
  to   space 21824K,   0% used [0x00000007a5560000, 0x00000007a5560000, 0x00000007a6ab0000)
 concurrent mark-sweep generation total 393216K, used 131393K [0x00000007a8000000, 0x00000007c0000000, 0x00000007c0000000)
 Metaspace       used 35304K, capacity 35904K, committed 36272K, reserved 1081344K
  class space    used 4069K, capacity 4223K, committed 4272K, reserved 1048576K
}
2016-10-23T19:08:58.073+0800: 162.248: Total time for which application threads were stopped: 0.0087756 seconds, Stopping threads took: 0.0000222 seconds
{Heap before GC invocations=129 (full 4):
 par new generation   total 109248K, used 109248K [0x00000007a0000000, 0x00000007a8000000, 0x00000007a8000000)
  eden space 87424K, 100% used [0x00000007a0000000, 0x00000007a5560000, 0x00000007a5560000)
  from space 21824K, 100% used [0x00000007a6ab0000, 0x00000007a8000000, 0x00000007a8000000)
  to   space 21824K,   0% used [0x00000007a5560000, 0x00000007a5560000, 0x00000007a6ab0000)
 concurrent mark-sweep generation total 393216K, used 131393K [0x00000007a8000000, 0x00000007c0000000, 0x00000007c0000000)
 Metaspace       used 35304K, capacity 35904K, committed 36272K, reserved 1081344K
  class space    used 4069K, capacity 4223K, committed 4272K, reserved 1048576K
2016-10-23T19:08:58.345+0800: 162.521: [GC (Allocation Failure) 2016-10-23T19:08:58.345+0800: 162.521: [ParNew
Desired survivor size 20112992 bytes, new threshold 8 (max 8)
- age   1:    9513296 bytes,    9513296 total
- age   2:    4565048 bytes,   14078344 total
- age   3:     972840 bytes,   15051184 total
- age   4:     713512 bytes,   15764696 total
- age   5:     659160 bytes,   16423856 total
- age   6:     688240 bytes,   17112096 total
- age   7:    1278632 bytes,   18390728 total
- age   8:     867936 bytes,   19258664 total
: 109248K->21824K(109248K), 0.0078693 secs] 240641K->160004K(502464K), 0.0079509 secs] [Times: user=0.02 sys=0.00, real=0.01 secs] 
Heap after GC invocations=130 (full 4):
 par new generation   total 109248K, used 21824K [0x00000007a0000000, 0x00000007a8000000, 0x00000007a8000000)
  eden space 87424K,   0% used [0x00000007a0000000, 0x00000007a0000000, 0x00000007a5560000)
  from space 21824K, 100% used [0x00000007a5560000, 0x00000007a6ab0000, 0x00000007a6ab0000)
  to   space 21824K,   0% used [0x00000007a6ab0000, 0x00000007a6ab0000, 0x00000007a8000000)
 concurrent mark-sweep generation total 393216K, used 138180K [0x00000007a8000000, 0x00000007c0000000, 0x00000007c0000000)
 Metaspace       used 35304K, capacity 35904K, committed 36272K, reserved 1081344K
  class space    used 4069K, capacity 4223K, committed 4272K, reserved 1048576K
}
2016-10-23T19:08:58.353+0800: 162.529: Total time for which application threads were stopped: 0.0081276 seconds, Stopping threads took: 0.0000315 seconds
{Heap before GC invocations=130 (full 4):
 par new generation   total 109248K, used 109248K [0x00000007a0000000, 0x00000007a8000000, 0x00000007a8000000)
  eden space 87424K, 100% used [0x00000007a0000000, 0x00000007a5560000, 0x00000007a5560000)
  from space 21824K, 100% used [0x00000007a5560000, 0x00000007a6ab0000, 0x00000007a6ab0000)
  to   space 21824K,   0% used [0x00000007a6ab0000, 0x00000007a6ab0000, 0x00000007a8000000)
 concurrent mark-sweep generation total 393216K, used 138180K [0x00000007a8000000, 0x00000007c0000000, 0x00000007c0000000)
 Metaspace       used 35308K, capacity 35904K, committed 36272K, reserved 1081344K
  class space    used 4069K, capacity 4223K, committed 4272K, reserved 1048576K
2016-10-23T19:08:58.615+0800: 162.791: [GC (Allocation Failure) 2016-10-23T19:08:58.615+0800: 162.791: [ParNew
Desired survivor size 20112992 bytes, new threshold 8 (max 8)
- age   1:    8554136 bytes,    8554136 total
- age   2:    2933632 bytes,   11487768 total
- age   3:    3335752 bytes,   14823520 total
- age   4:     801664 bytes,   15625184 total
- age   5:     659056 bytes,   16284240 total
- age   6:     638400 bytes,   16922640 total
- age   7:     601056 bytes,   17523696 total
- age   8:     567608 bytes,   18091304 total
: 109248K->21824K(109248K), 0.0076634 secs] 247428K->164345K(502464K), 0.0077198 secs] [Times: user=0.03 sys=0.00, real=0.01 secs] 
Heap after GC invocations=131 (full 4):
 par new generation   total 109248K, used 21824K [0x00000007a0000000, 0x00000007a8000000, 0x00000007a8000000)
  eden space 87424K,   0% used [0x00000007a0000000, 0x00000007a0000000, 0x00000007a5560000)
  from space 21824K, 100% used [0x00000007a6ab0000, 0x00000007a8000000, 0x00000007a8000000)
  to   space 21824K,   0% used [0x00000007a5560000, 0x00000007a5560000, 0x00000007a6ab0000)
 concurrent mark-sweep generation total 393216K, used 142521K [0x00000007a8000000, 0x00000007c0000000, 0x00000007c0000000)
 Metaspace       used 35308K, capacity 35904K, committed 36272K, reserved 1081344K
  class space    used 4069K, capacity 4223K, committed 4272K, reserved 1048576K
}
2016-10-23T19:08:58.623+0800: 162.798: Total time for which application threads were stopped: 0.0078688 seconds, Stopping threads took: 0.0000200 seconds
{Heap before GC invocations=131 (full 4):
 par new generation   total 109248K, used 109248K [0x00000007a0000000, 0x00000007a8000000, 0x00000007a8000000)
  eden space 87424K, 100% used [0x00000007a0000000, 0x00000007a5560000, 0x00000007a5560000)
  from space 21824K, 100% used [0x00000007a6ab0000, 0x00000007a8000000, 0x00000007a8000000)
  to   space 21824K,   0% used [0x00000007a5560000, 0x00000007a5560000, 0x00000007a6ab0000)
 concurrent mark-sweep generation total 393216K, used 142521K [0x00000007a8000000, 0x00000007c0000000, 0x00000007c0000000)
 Metaspace       used 35308K, capacity 35904K, committed 36272K, reserved 1081344K
  class space    used 4069K, capacity 4223K, committed 4272K, reserved 1048576K
2016-10-23T19:08:58.872+0800: 163.048: [GC (Allocation Failure) 2016-10-23T19:08:58.872+0800: 163.048: [ParNew
Desired survivor size 20112992 bytes, new threshold 8 (max 8)
- age   1:    7052816 bytes,    7052816 total
- age   2:    1138336 bytes,    8191152 total
- age   3:    2311048 bytes,   10502200 total
- age   4:    3301056 bytes,   13803256 total
- age   5:     611104 bytes,   14414360 total
- age   6:     474360 bytes,   14888720 total
- age   7:     420640 bytes,   15309360 total
- age   8:     419792 bytes,   15729152 total
: 109248K->21824K(109248K), 0.0080437 secs] 251769K->170534K(502464K), 0.0080982 secs] [Times: user=0.03 sys=0.00, real=0.01 secs] 
Heap after GC invocations=132 (full 4):
 par new generation   total 109248K, used 21824K [0x00000007a0000000, 0x00000007a8000000, 0x00000007a8000000)
  eden space 87424K,   0% used [0x00000007a0000000, 0x00000007a0000000, 0x00000007a5560000)
  from space 21824K, 100% used [0x00000007a5560000, 0x00000007a6ab0000, 0x00000007a6ab0000)
  to   space 21824K,   0% used [0x00000007a6ab0000, 0x00000007a6ab0000, 0x00000007a8000000)
 concurrent mark-sweep generation total 393216K, used 148710K [0x00000007a8000000, 0x00000007c0000000, 0x00000007c0000000)
 Metaspace       used 35308K, capacity 35904K, committed 36272K, reserved 1081344K
  class space    used 4069K, capacity 4223K, committed 4272K, reserved 1048576K
}
2016-10-23T19:08:58.880+0800: 163.056: Total time for which application threads were stopped: 0.0082464 seconds, Stopping threads took: 0.0000197 seconds
{Heap before GC invocations=132 (full 4):
 par new generation   total 109248K, used 109248K [0x00000007a0000000, 0x00000007a8000000, 0x00000007a8000000)
  eden space 87424K, 100% used [0x00000007a0000000, 0x00000007a5560000, 0x00000007a5560000)
  from space 21824K, 100% used [0x00000007a5560000, 0x00000007a6ab0000, 0x00000007a6ab0000)
  to   space 21824K,   0% used [0x00000007a6ab0000, 0x00000007a6ab0000, 0x00000007a8000000)
 concurrent mark-sweep generation total 393216K, used 148710K [0x00000007a8000000, 0x00000007c0000000, 0x00000007c0000000)
 Metaspace       used 35308K, capacity 35904K, committed 36272K, reserved 1081344K
  class space    used 4069K, capacity 4223K, committed 4272K, reserved 1048576K
2016-10-23T19:08:59.133+0800: 163.309: [GC (Allocation Failure) 2016-10-23T19:08:59.133+0800: 163.309: [ParNew
Desired survivor size 20112992 bytes, new threshold 8 (max 8)
- age   1:   10549816 bytes,   10549816 total
- age   2:    1940592 bytes,   12490408 total
- age   3:     862672 bytes,   13353080 total
- age   4:    2304776 bytes,   15657856 total
- age   5:    3300744 bytes,   18958600 total
- age   6:     611056 bytes,   19569656 total
- age   7:     474288 bytes,   20043944 total
- age   8:     420688 bytes,   20464632 total
: 109248K->21824K(109248K), 0.0089407 secs] 257958K->170952K(502464K), 0.0089969 secs] [Times: user=0.03 sys=0.00, real=0.01 secs] 
Heap after GC invocations=133 (full 4):
 par new generation   total 109248K, used 21824K [0x00000007a0000000, 0x00000007a8000000, 0x00000007a8000000)
  eden space 87424K,   0% used [0x00000007a0000000, 0x00000007a0000000, 0x00000007a5560000)
  from space 21824K, 100% used [0x00000007a6ab0000, 0x00000007a8000000, 0x00000007a8000000)
  to   space 21824K,   0% used [0x00000007a5560000, 0x00000007a5560000, 0x00000007a6ab0000)
 concurrent mark-sweep generation total 393216K, used 149128K [0x00000007a8000000, 0x00000007c0000000, 0x00000007c0000000)
 Metaspace       used 35308K, capacity 35904K, committed 36272K, reserved 1081344K
  class space    used 4069K, capacity 4223K, committed 4272K, reserved 1048576K
}
2016-10-23T19:08:59.142+0800: 163.318: Total time for which application threads were stopped: 0.0091547 seconds, Stopping threads took: 0.0000200 seconds
{Heap before GC invocations=133 (full 4):
 par new generation   total 109248K, used 109248K [0x00000007a0000000, 0x00000007a8000000, 0x00000007a8000000)
  eden space 87424K, 100% used [0x00000007a0000000, 0x00000007a5560000, 0x00000007a5560000)
  from space 21824K, 100% used [0x00000007a6ab0000, 0x00000007a8000000, 0x00000007a8000000)
  to   space 21824K,   0% used [0x00000007a5560000, 0x00000007a5560000, 0x00000007a6ab0000)
 concurrent mark-sweep generation total 393216K, used 149128K [0x00000007a8000000, 0x00000007c0000000, 0x00000007c0000000)
 Metaspace       used 35308K, capacity 35904K, committed 36272K, reserved 1081344K
  class space    used 4069K, capacity 4223K, committed 4272K, reserved 1048576K
2016-10-23T19:08:59.383+0800: 163.559: [GC (Allocation Failure) 2016-10-23T19:08:59.383+0800: 163.559: [ParNew
Desired survivor size 20112992 bytes, new threshold 8 (max 8)
- age   1:    9392336 bytes,    9392336 total
- age   2:    1602216 bytes,   10994552 total
- age   3:    1492312 bytes,   12486864 total
- age   4:     744840 bytes,   13231704 total
- age   5:    2224752 bytes,   15456456 total
- age   6:    3223128 bytes,   18679584 total
- age   7:     581416 bytes,   19261000 total
- age   8:     453168 bytes,   19714168 total
: 109248K->21824K(109248K), 0.0094505 secs] 258376K->175012K(502464K), 0.0095329 secs] [Times: user=0.03 sys=0.00, real=0.01 secs] 
Heap after GC invocations=134 (full 4):
 par new generation   total 109248K, used 21824K [0x00000007a0000000, 0x00000007a8000000, 0x00000007a8000000)
  eden space 87424K,   0% used [0x00000007a0000000, 0x00000007a0000000, 0x00000007a5560000)
  from space 21824K, 100% used [0x00000007a5560000, 0x00000007a6ab0000, 0x00000007a6ab0000)
  to   space 21824K,   0% used [0x00000007a6ab0000, 0x00000007a6ab0000, 0x00000007a8000000)
 concurrent mark-sweep generation total 393216K, used 153188K [0x00000007a8000000, 0x00000007c0000000, 0x00000007c0000000)
 Metaspace       used 35308K, capacity 35904K, committed 36272K, reserved 1081344K
  class space    used 4069K, capacity 4223K, committed 4272K, reserved 1048576K
}
2016-10-23T19:08:59.393+0800: 163.568: Total time for which application threads were stopped: 0.0097262 seconds, Stopping threads took: 0.0000258 seconds
{Heap before GC invocations=134 (full 4):
 par new generation   total 109248K, used 109248K [0x00000007a0000000, 0x00000007a8000000, 0x00000007a8000000)
  eden space 87424K, 100% used [0x00000007a0000000, 0x00000007a5560000, 0x00000007a5560000)
  from space 21824K, 100% used [0x00000007a5560000, 0x00000007a6ab0000, 0x00000007a6ab0000)
  to   space 21824K,   0% used [0x00000007a6ab0000, 0x00000007a6ab0000, 0x00000007a8000000)
 concurrent mark-sweep generation total 393216K, used 153188K [0x00000007a8000000, 0x00000007c0000000, 0x00000007c0000000)
 Metaspace       used 35308K, capacity 35904K, committed 36272K, reserved 1081344K
  class space    used 4069K, capacity 4223K, committed 4272K, reserved 1048576K
2016-10-23T19:08:59.674+0800: 163.850: [GC (Allocation Failure) 2016-10-23T19:08:59.674+0800: 163.850: [ParNew
Desired survivor size 20112992 bytes, new threshold 8 (max 8)
- age   1:    5013976 bytes,    5013976 total
- age   2:    7375936 bytes,   12389912 total
- age   3:     711792 bytes,   13101704 total
- age   4:    1302224 bytes,   14403928 total
- age   5:     610200 bytes,   15014128 total
- age   6:    2158848 bytes,   17172976 total
- age   7:    1360952 bytes,   18533928 total
- age   8:     558800 bytes,   19092728 total
: 109248K->21824K(109248K), 0.0086770 secs] 262436K->180118K(502464K), 0.0087517 secs] [Times: user=0.03 sys=0.00, real=0.01 secs] 
Heap after GC invocations=135 (full 4):
 par new generation   total 109248K, used 21824K [0x00000007a0000000, 0x00000007a8000000, 0x00000007a8000000)
  eden space 87424K,   0% used [0x00000007a0000000, 0x00000007a0000000, 0x00000007a5560000)
  from space 21824K, 100% used [0x00000007a6ab0000, 0x00000007a8000000, 0x00000007a8000000)
  to   space 21824K,   0% used [0x00000007a5560000, 0x00000007a5560000, 0x00000007a6ab0000)
 concurrent mark-sweep generation total 393216K, used 158294K [0x00000007a8000000, 0x00000007c0000000, 0x00000007c0000000)
 Metaspace       used 35308K, capacity 35904K, committed 36272K, reserved 1081344K
  class space    used 4069K, capacity 4223K, committed 4272K, reserved 1048576K
}
2016-10-23T19:08:59.683+0800: 163.859: Total time for which application threads were stopped: 0.0089146 seconds, Stopping threads took: 0.0000301 seconds
{Heap before GC invocations=135 (full 4):
 par new generation   total 109248K, used 109248K [0x00000007a0000000, 0x00000007a8000000, 0x00000007a8000000)
  eden space 87424K, 100% used [0x00000007a0000000, 0x00000007a5560000, 0x00000007a5560000)
  from space 21824K, 100% used [0x00000007a6ab0000, 0x00000007a8000000, 0x00000007a8000000)
  to   space 21824K,   0% used [0x00000007a5560000, 0x00000007a5560000, 0x00000007a6ab0000)
 concurrent mark-sweep generation total 393216K, used 158294K [0x00000007a8000000, 0x00000007c0000000, 0x00000007c0000000)
 Metaspace       used 35308K, capacity 35904K, committed 36272K, reserved 1081344K
  class space    used 4069K, capacity 4223K, committed 4272K, reserved 1048576K
2016-10-23T19:08:59.913+0800: 164.089: [GC (Allocation Failure) 2016-10-23T19:08:59.913+0800: 164.089: [ParNew
Desired survivor size 20112992 bytes, new threshold 8 (max 8)
- age   1:   11555176 bytes,   11555176 total
- age   2:    3743032 bytes,   15298208 total
- age   3:     630912 bytes,   15929120 total
- age   4:     625856 bytes,   16554976 total
- age   5:    1151416 bytes,   17706392 total
- age   6:     486616 bytes,   18193008 total
- age   7:    1694688 bytes,   19887696 total
- age   8:     645192 bytes,   20532888 total
: 109248K->21824K(109248K), 0.0080285 secs] 267542K->182826K(502464K), 0.0080955 secs] [Times: user=0.03 sys=0.01, real=0.01 secs] 
Heap after GC invocations=136 (full 4):
 par new generation   total 109248K, used 21824K [0x00000007a0000000, 0x00000007a8000000, 0x00000007a8000000)
  eden space 87424K,   0% used [0x00000007a0000000, 0x00000007a0000000, 0x00000007a5560000)
  from space 21824K, 100% used [0x00000007a5560000, 0x00000007a6ab0000, 0x00000007a6ab0000)
  to   space 21824K,   0% used [0x00000007a6ab0000, 0x00000007a6ab0000, 0x00000007a8000000)
 concurrent mark-sweep generation total 393216K, used 161002K [0x00000007a8000000, 0x00000007c0000000, 0x00000007c0000000)
 Metaspace       used 35308K, capacity 35904K, committed 36272K, reserved 1081344K
  class space    used 4069K, capacity 4223K, committed 4272K, reserved 1048576K
}
2016-10-23T19:08:59.921+0800: 164.097: Total time for which application threads were stopped: 0.0082612 seconds, Stopping threads took: 0.0000203 seconds
{Heap before GC invocations=136 (full 4):
 par new generation   total 109248K, used 109248K [0x00000007a0000000, 0x00000007a8000000, 0x00000007a8000000)
  eden space 87424K, 100% used [0x00000007a0000000, 0x00000007a5560000, 0x00000007a5560000)
  from space 21824K, 100% used [0x00000007a5560000, 0x00000007a6ab0000, 0x00000007a6ab0000)
  to   space 21824K,   0% used [0x00000007a6ab0000, 0x00000007a6ab0000, 0x00000007a8000000)
 concurrent mark-sweep generation total 393216K, used 161002K [0x00000007a8000000, 0x00000007c0000000, 0x00000007c0000000)
 Metaspace       used 35308K, capacity 35904K, committed 36272K, reserved 1081344K
  class space    used 4069K, capacity 4223K, committed 4272K, reserved 1048576K
2016-10-23T19:09:00.183+0800: 164.359: [GC (Allocation Failure) 2016-10-23T19:09:00.183+0800: 164.359: [ParNew
Desired survivor size 20112992 bytes, new threshold 8 (max 8)
- age   1:    9342600 bytes,    9342600 total
- age   2:    5043424 bytes,   14386024 total
- age   3:    2498816 bytes,   16884840 total
- age   4:     476856 bytes,   17361696 total
- age   5:     494912 bytes,   17856608 total
- age   6:     789920 bytes,   18646528 total
- age   7:     402448 bytes,   19048976 total
- age   8:     509384 bytes,   19558360 total
: 109248K->21824K(109248K), 0.0091171 secs] 270250K->189214K(502464K), 0.0091919 secs] [Times: user=0.03 sys=0.00, real=0.01 secs] 
Heap after GC invocations=137 (full 4):
 par new generation   total 109248K, used 21824K [0x00000007a0000000, 0x00000007a8000000, 0x00000007a8000000)
  eden space 87424K,   0% used [0x00000007a0000000, 0x00000007a0000000, 0x00000007a5560000)
  from space 21824K, 100% used [0x00000007a6ab0000, 0x00000007a8000000, 0x00000007a8000000)
  to   space 21824K,   0% used [0x00000007a5560000, 0x00000007a5560000, 0x00000007a6ab0000)
 concurrent mark-sweep generation total 393216K, used 167390K [0x00000007a8000000, 0x00000007c0000000, 0x00000007c0000000)
 Metaspace       used 35308K, capacity 35904K, committed 36272K, reserved 1081344K
  class space    used 4069K, capacity 4223K, committed 4272K, reserved 1048576K
}
2016-10-23T19:09:00.192+0800: 164.368: Total time for which application threads were stopped: 0.0093605 seconds, Stopping threads took: 0.0000300 seconds
{Heap before GC invocations=137 (full 4):
 par new generation   total 109248K, used 109248K [0x00000007a0000000, 0x00000007a8000000, 0x00000007a8000000)
  eden space 87424K, 100% used [0x00000007a0000000, 0x00000007a5560000, 0x00000007a5560000)
  from space 21824K, 100% used [0x00000007a6ab0000, 0x00000007a8000000, 0x00000007a8000000)
  to   space 21824K,   0% used [0x00000007a5560000, 0x00000007a5560000, 0x00000007a6ab0000)
 concurrent mark-sweep generation total 393216K, used 167390K [0x00000007a8000000, 0x00000007c0000000, 0x00000007c0000000)
 Metaspace       used 35308K, capacity 35904K, committed 36272K, reserved 1081344K
  class space    used 4069K, capacity 4223K, committed 4272K, reserved 1048576K
2016-10-23T19:09:00.431+0800: 164.607: [GC (Allocation Failure) 2016-10-23T19:09:00.431+0800: 164.607: [ParNew
Desired survivor size 20112992 bytes, new threshold 8 (max 8)
- age   1:    4040592 bytes,    4040592 total
- age   2:    8074752 bytes,   12115344 total
- age   3:    1216856 bytes,   13332200 total
- age   4:    2223816 bytes,   15556016 total
- age   5:     381776 bytes,   15937792 total
- age   6:     393504 bytes,   16331296 total
- age   7:     701288 bytes,   17032584 total
- age   8:     305840 bytes,   17338424 total
: 109248K->21824K(109248K), 0.0107820 secs] 276638K->196682K(502464K), 0.0108438 secs] [Times: user=0.04 sys=0.00, real=0.01 secs] 
Heap after GC invocations=138 (full 4):
 par new generation   total 109248K, used 21824K [0x00000007a0000000, 0x00000007a8000000, 0x00000007a8000000)
  eden space 87424K,   0% used [0x00000007a0000000, 0x00000007a0000000, 0x00000007a5560000)
  from space 21824K, 100% used [0x00000007a5560000, 0x00000007a6ab0000, 0x00000007a6ab0000)
  to   space 21824K,   0% used [0x00000007a6ab0000, 0x00000007a6ab0000, 0x00000007a8000000)
 concurrent mark-sweep generation total 393216K, used 174858K [0x00000007a8000000, 0x00000007c0000000, 0x00000007c0000000)
 Metaspace       used 35308K, capacity 35904K, committed 36272K, reserved 1081344K
  class space    used 4069K, capacity 4223K, committed 4272K, reserved 1048576K
}
2016-10-23T19:09:00.442+0800: 164.618: Total time for which application threads were stopped: 0.0110253 seconds, Stopping threads took: 0.0000283 seconds
{Heap before GC invocations=138 (full 4):
 par new generation   total 109248K, used 109248K [0x00000007a0000000, 0x00000007a8000000, 0x00000007a8000000)
  eden space 87424K, 100% used [0x00000007a0000000, 0x00000007a5560000, 0x00000007a5560000)
  from space 21824K, 100% used [0x00000007a5560000, 0x00000007a6ab0000, 0x00000007a6ab0000)
  to   space 21824K,   0% used [0x00000007a6ab0000, 0x00000007a6ab0000, 0x00000007a8000000)
 concurrent mark-sweep generation total 393216K, used 174858K [0x00000007a8000000, 0x00000007c0000000, 0x00000007c0000000)
 Metaspace       used 35308K, capacity 35904K, committed 36272K, reserved 1081344K
  class space    used 4069K, capacity 4223K, committed 4272K, reserved 1048576K
2016-10-23T19:09:00.701+0800: 164.877: [GC (Allocation Failure) 2016-10-23T19:09:00.701+0800: 164.877: [ParNew
Desired survivor size 20112992 bytes, new threshold 8 (max 8)
- age   1:    7957072 bytes,    7957072 total
- age   2:    3757552 bytes,   11714624 total
- age   3:    3261312 bytes,   14975936 total
- age   4:    1041296 bytes,   16017232 total
- age   5:    2212552 bytes,   18229784 total
- age   6:     370656 bytes,   18600440 total
- age   7:     379520 bytes,   18979960 total
- age   8:     692488 bytes,   19672448 total
: 109248K->21824K(109248K), 0.0082622 secs] 284106K->198375K(502464K), 0.0083442 secs] [Times: user=0.03 sys=0.00, real=0.00 secs] 
Heap after GC invocations=139 (full 4):
 par new generation   total 109248K, used 21824K [0x00000007a0000000, 0x00000007a8000000, 0x00000007a8000000)
  eden space 87424K,   0% used [0x00000007a0000000, 0x00000007a0000000, 0x00000007a5560000)
  from space 21824K, 100% used [0x00000007a6ab0000, 0x00000007a8000000, 0x00000007a8000000)
  to   space 21824K,   0% used [0x00000007a5560000, 0x00000007a5560000, 0x00000007a6ab0000)
 concurrent mark-sweep generation total 393216K, used 176551K [0x00000007a8000000, 0x00000007c0000000, 0x00000007c0000000)
 Metaspace       used 35308K, capacity 35904K, committed 36272K, reserved 1081344K
  class space    used 4069K, capacity 4223K, committed 4272K, reserved 1048576K
}
2016-10-23T19:09:00.709+0800: 164.885: Total time for which application threads were stopped: 0.0085218 seconds, Stopping threads took: 0.0000215 seconds
{Heap before GC invocations=139 (full 4):
 par new generation   total 109248K, used 109248K [0x00000007a0000000, 0x00000007a8000000, 0x00000007a8000000)
  eden space 87424K, 100% used [0x00000007a0000000, 0x00000007a5560000, 0x00000007a5560000)
  from space 21824K, 100% used [0x00000007a6ab0000, 0x00000007a8000000, 0x00000007a8000000)
  to   space 21824K,   0% used [0x00000007a5560000, 0x00000007a5560000, 0x00000007a6ab0000)
 concurrent mark-sweep generation total 393216K, used 176551K [0x00000007a8000000, 0x00000007c0000000, 0x00000007c0000000)
 Metaspace       used 35308K, capacity 35904K, committed 36272K, reserved 1081344K
  class space    used 4069K, capacity 4223K, committed 4272K, reserved 1048576K
2016-10-23T19:09:00.965+0800: 165.141: [GC (Allocation Failure) 2016-10-23T19:09:00.965+0800: 165.141: [ParNew
Desired survivor size 20112992 bytes, new threshold 8 (max 8)
- age   1:    4951096 bytes,    4951096 total
- age   2:    6553472 bytes,   11504568 total
- age   3:    2083864 bytes,   13588432 total
- age   4:    3088272 bytes,   16676704 total
- age   5:     639672 bytes,   17316376 total
- age   6:    1033992 bytes,   18350368 total
- age   7:     265360 bytes,   18615728 total
- age   8:     280496 bytes,   18896224 total
: 109248K->21824K(109248K), 0.0097333 secs] 285799K->206719K(502464K), 0.0097857 secs] [Times: user=0.03 sys=0.00, real=0.01 secs] 
Heap after GC invocations=140 (full 4):
 par new generation   total 109248K, used 21824K [0x00000007a0000000, 0x00000007a8000000, 0x00000007a8000000)
  eden space 87424K,   0% used [0x00000007a0000000, 0x00000007a0000000, 0x00000007a5560000)
  from space 21824K, 100% used [0x00000007a5560000, 0x00000007a6ab0000, 0x00000007a6ab0000)
  to   space 21824K,   0% used [0x00000007a6ab0000, 0x00000007a6ab0000, 0x00000007a8000000)
 concurrent mark-sweep generation total 393216K, used 184895K [0x00000007a8000000, 0x00000007c0000000, 0x00000007c0000000)
 Metaspace       used 35308K, capacity 35904K, committed 36272K, reserved 1081344K
  class space    used 4069K, capacity 4223K, committed 4272K, reserved 1048576K
}
2016-10-23T19:09:00.975+0800: 165.151: Total time for which application threads were stopped: 0.0099514 seconds, Stopping threads took: 0.0000302 seconds
{Heap before GC invocations=140 (full 4):
 par new generation   total 109248K, used 109248K [0x00000007a0000000, 0x00000007a8000000, 0x00000007a8000000)
  eden space 87424K, 100% used [0x00000007a0000000, 0x00000007a5560000, 0x00000007a5560000)
  from space 21824K, 100% used [0x00000007a5560000, 0x00000007a6ab0000, 0x00000007a6ab0000)
  to   space 21824K,   0% used [0x00000007a6ab0000, 0x00000007a6ab0000, 0x00000007a8000000)
 concurrent mark-sweep generation total 393216K, used 184895K [0x00000007a8000000, 0x00000007c0000000, 0x00000007c0000000)
 Metaspace       used 35308K, capacity 35904K, committed 36272K, reserved 1081344K
  class space    used 4069K, capacity 4223K, committed 4272K, reserved 1048576K
2016-10-23T19:09:01.227+0800: 165.403: [GC (Allocation Failure) 2016-10-23T19:09:01.227+0800: 165.403: [ParNew
Desired survivor size 20112992 bytes, new threshold 7 (max 8)
- age   1:   10471024 bytes,   10471024 total
- age   2:    3977168 bytes,   14448192 total
- age   3:     746496 bytes,   15194688 total
- age   4:    1075632 bytes,   16270320 total
- age   5:    2870672 bytes,   19140992 total
- age   6:     588616 bytes,   19729608 total
- age   7:     971440 bytes,   20701048 total
- age   8:     227952 bytes,   20929000 total
: 109248K->21824K(109248K), 0.0096723 secs] 294143K->210334K(502464K), 0.0097371 secs] [Times: user=0.04 sys=0.00, real=0.01 secs] 
Heap after GC invocations=141 (full 4):
 par new generation   total 109248K, used 21824K [0x00000007a0000000, 0x00000007a8000000, 0x00000007a8000000)
  eden space 87424K,   0% used [0x00000007a0000000, 0x00000007a0000000, 0x00000007a5560000)
  from space 21824K, 100% used [0x00000007a6ab0000, 0x00000007a8000000, 0x00000007a8000000)
  to   space 21824K,   0% used [0x00000007a5560000, 0x00000007a5560000, 0x00000007a6ab0000)
 concurrent mark-sweep generation total 393216K, used 188510K [0x00000007a8000000, 0x00000007c0000000, 0x00000007c0000000)
 Metaspace       used 35308K, capacity 35904K, committed 36272K, reserved 1081344K
  class space    used 4069K, capacity 4223K, committed 4272K, reserved 1048576K
}
2016-10-23T19:09:01.237+0800: 165.413: Total time for which application threads were stopped: 0.0099333 seconds, Stopping threads took: 0.0000329 seconds
{Heap before GC invocations=141 (full 4):
 par new generation   total 109248K, used 109248K [0x00000007a0000000, 0x00000007a8000000, 0x00000007a8000000)
  eden space 87424K, 100% used [0x00000007a0000000, 0x00000007a5560000, 0x00000007a5560000)
  from space 21824K, 100% used [0x00000007a6ab0000, 0x00000007a8000000, 0x00000007a8000000)
  to   space 21824K,   0% used [0x00000007a5560000, 0x00000007a5560000, 0x00000007a6ab0000)
 concurrent mark-sweep generation total 393216K, used 188510K [0x00000007a8000000, 0x00000007c0000000, 0x00000007c0000000)
 Metaspace       used 35308K, capacity 35904K, committed 36272K, reserved 1081344K
  class space    used 4069K, capacity 4223K, committed 4272K, reserved 1048576K
2016-10-23T19:09:01.505+0800: 165.680: [GC (Allocation Failure) 2016-10-23T19:09:01.505+0800: 165.680: [ParNew
Desired survivor size 20112992 bytes, new threshold 8 (max 8)
- age   1:    6919864 bytes,    6919864 total
- age   2:    7461312 bytes,   14381176 total
- age   3:    1038880 bytes,   15420056 total
- age   4:     395240 bytes,   15815296 total
- age   5:     847664 bytes,   16662960 total
- age   6:    2700448 bytes,   19363408 total
- age   7:     488928 bytes,   19852336 total
: 109248K->21824K(109248K), 0.0121886 secs] 297758K->218913K(502464K), 0.0122619 secs] [Times: user=0.04 sys=0.00, real=0.01 secs] 
Heap after GC invocations=142 (full 4):
 par new generation   total 109248K, used 21824K [0x00000007a0000000, 0x00000007a8000000, 0x00000007a8000000)
  eden space 87424K,   0% used [0x00000007a0000000, 0x00000007a0000000, 0x00000007a5560000)
  from space 21824K, 100% used [0x00000007a5560000, 0x00000007a6ab0000, 0x00000007a6ab0000)
  to   space 21824K,   0% used [0x00000007a6ab0000, 0x00000007a6ab0000, 0x00000007a8000000)
 concurrent mark-sweep generation total 393216K, used 197089K [0x00000007a8000000, 0x00000007c0000000, 0x00000007c0000000)
 Metaspace       used 35308K, capacity 35904K, committed 36272K, reserved 1081344K
  class space    used 4069K, capacity 4223K, committed 4272K, reserved 1048576K
}
2016-10-23T19:09:01.517+0800: 165.693: Total time for which application threads were stopped: 0.0124352 seconds, Stopping threads took: 0.0000236 seconds
2016-10-23T19:09:01.517+0800: 165.693: [GC (CMS Initial Mark) [1 CMS-initial-mark: 197089K(393216K)] 220658K(502464K), 0.0016766 secs] [Times: user=0.01 sys=0.00, real=0.00 secs] 
2016-10-23T19:09:01.519+0800: 165.695: Total time for which application threads were stopped: 0.0018204 seconds, Stopping threads took: 0.0000550 seconds
2016-10-23T19:09:01.519+0800: 165.695: [CMS-concurrent-mark-start]
2016-10-23T19:09:01.546+0800: 165.721: [CMS-concurrent-mark: 0.027/0.027 secs] [Times: user=0.13 sys=0.00, real=0.03 secs] 
2016-10-23T19:09:01.546+0800: 165.721: [CMS-concurrent-preclean-start]
2016-10-23T19:09:01.547+0800: 165.723: [CMS-concurrent-preclean: 0.002/0.002 secs] [Times: user=0.00 sys=0.00, real=0.00 secs] 
2016-10-23T19:09:01.547+0800: 165.723: [CMS-concurrent-abortable-preclean-start]
2016-10-23T19:09:01.657+0800: 165.832: [CMS-concurrent-abortable-preclean: 0.109/0.109 secs] [Times: user=0.22 sys=0.00, real=0.11 secs] 
2016-10-23T19:09:01.657+0800: 165.833: [GC (CMS Final Remark) [YG occupancy: 65568 K (109248 K)]{Heap before GC invocations=142 (full 5):
 par new generation   total 109248K, used 65568K [0x00000007a0000000, 0x00000007a8000000, 0x00000007a8000000)
  eden space 87424K,  50% used [0x00000007a0000000, 0x00000007a2ab82a0, 0x00000007a5560000)
  from space 21824K, 100% used [0x00000007a5560000, 0x00000007a6ab0000, 0x00000007a6ab0000)
  to   space 21824K,   0% used [0x00000007a6ab0000, 0x00000007a6ab0000, 0x00000007a8000000)
 concurrent mark-sweep generation total 393216K, used 197089K [0x00000007a8000000, 0x00000007c0000000, 0x00000007c0000000)
 Metaspace       used 35308K, capacity 35904K, committed 36272K, reserved 1081344K
  class space    used 4069K, capacity 4223K, committed 4272K, reserved 1048576K
2016-10-23T19:09:01.657+0800: 165.833: [GC (CMS Final Remark) 2016-10-23T19:09:01.657+0800: 165.833: [ParNew
Desired survivor size 20112992 bytes, new threshold 8 (max 8)
- age   1:    1162288 bytes,    1162288 total
- age   2:    4177480 bytes,    5339768 total
- age   3:    5911192 bytes,   11250960 total
- age   4:     473408 bytes,   11724368 total
- age   5:     378048 bytes,   12102416 total
- age   6:     838136 bytes,   12940552 total
- age   7:    2694384 bytes,   15634936 total
- age   8:     482992 bytes,   16117928 total
: 65568K->21824K(109248K), 0.0072543 secs] 262657K->224131K(502464K), 0.0073059 secs] [Times: user=0.02 sys=0.00, real=0.01 secs] 
Heap after GC invocations=143 (full 5):
 par new generation   total 109248K, used 21824K [0x00000007a0000000, 0x00000007a8000000, 0x00000007a8000000)
  eden space 87424K,   0% used [0x00000007a0000000, 0x00000007a0000000, 0x00000007a5560000)
  from space 21824K, 100% used [0x00000007a6ab0000, 0x00000007a8000000, 0x00000007a8000000)
  to   space 21824K,   0% used [0x00000007a5560000, 0x00000007a5560000, 0x00000007a6ab0000)
 concurrent mark-sweep generation total 393216K, used 202307K [0x00000007a8000000, 0x00000007c0000000, 0x00000007c0000000)
 Metaspace       used 35308K, capacity 35904K, committed 36272K, reserved 1081344K
  class space    used 4069K, capacity 4223K, committed 4272K, reserved 1048576K
}
2016-10-23T19:09:01.664+0800: 165.840: [Rescan (parallel) , 0.0033175 secs]2016-10-23T19:09:01.668+0800: 165.843: [weak refs processing, 0.0009455 secs]2016-10-23T19:09:01.669+0800: 165.844: [class unloading, 0.0081272 secs]2016-10-23T19:09:01.677+0800: 165.852: [scrub symbol table, 0.0060253 secs]2016-10-23T19:09:01.683+0800: 165.858: [scrub string table, 0.0006410 secs][1 CMS-remark: 202307K(393216K)] 224131K(502464K), 0.0266160 secs] [Times: user=0.05 sys=0.00, real=0.03 secs] 
2016-10-23T19:09:01.684+0800: 165.859: Total time for which application threads were stopped: 0.0268056 seconds, Stopping threads took: 0.0000830 seconds
2016-10-23T19:09:01.684+0800: 165.859: [CMS-concurrent-sweep-start]
2016-10-23T19:09:01.726+0800: 165.901: [CMS-concurrent-sweep: 0.042/0.042 secs] [Times: user=0.09 sys=0.00, real=0.04 secs] 
2016-10-23T19:09:01.726+0800: 165.901: [CMS-concurrent-reset-start]
2016-10-23T19:09:01.726+0800: 165.902: [CMS-concurrent-reset: 0.000/0.000 secs] [Times: user=0.00 sys=0.00, real=0.00 secs] 
{Heap before GC invocations=143 (full 5):
 par new generation   total 109248K, used 109248K [0x00000007a0000000, 0x00000007a8000000, 0x00000007a8000000)
  eden space 87424K, 100% used [0x00000007a0000000, 0x00000007a5560000, 0x00000007a5560000)
  from space 21824K, 100% used [0x00000007a6ab0000, 0x00000007a8000000, 0x00000007a8000000)
  to   space 21824K,   0% used [0x00000007a5560000, 0x00000007a5560000, 0x00000007a6ab0000)
 concurrent mark-sweep generation total 393216K, used 96201K [0x00000007a8000000, 0x00000007c0000000, 0x00000007c0000000)
 Metaspace       used 35308K, capacity 35904K, committed 36272K, reserved 1081344K
  class space    used 4069K, capacity 4223K, committed 4272K, reserved 1048576K
2016-10-23T19:09:01.932+0800: 166.108: [GC (Allocation Failure) 2016-10-23T19:09:01.932+0800: 166.108: [ParNew
Desired survivor size 20112992 bytes, new threshold 8 (max 8)
- age   1:    9138424 bytes,    9138424 total
- age   2:    1123200 bytes,   10261624 total
- age   3:    3947848 bytes,   14209472 total
- age   4:    1358456 bytes,   15567928 total
- age   5:     468216 bytes,   16036144 total
- age   6:     374344 bytes,   16410488 total
- age   7:     836952 bytes,   17247440 total
- age   8:    2362952 bytes,   19610392 total
: 109248K->21824K(109248K), 0.0080400 secs] 205449K->119907K(502464K), 0.0080975 secs] [Times: user=0.03 sys=0.00, real=0.01 secs] 
Heap after GC invocations=144 (full 5):
 par new generation   total 109248K, used 21824K [0x00000007a0000000, 0x00000007a8000000, 0x00000007a8000000)
  eden space 87424K,   0% used [0x00000007a0000000, 0x00000007a0000000, 0x00000007a5560000)
  from space 21824K, 100% used [0x00000007a5560000, 0x00000007a6ab0000, 0x00000007a6ab0000)
  to   space 21824K,   0% used [0x00000007a6ab0000, 0x00000007a6ab0000, 0x00000007a8000000)
 concurrent mark-sweep generation total 393216K, used 98083K [0x00000007a8000000, 0x00000007c0000000, 0x00000007c0000000)
 Metaspace       used 35308K, capacity 35904K, committed 36272K, reserved 1081344K
  class space    used 4069K, capacity 4223K, committed 4272K, reserved 1048576K
}
2016-10-23T19:09:01.940+0800: 166.116: Total time for which application threads were stopped: 0.0082829 seconds, Stopping threads took: 0.0000232 seconds
{Heap before GC invocations=144 (full 5):
 par new generation   total 109248K, used 109248K [0x00000007a0000000, 0x00000007a8000000, 0x00000007a8000000)
  eden space 87424K, 100% used [0x00000007a0000000, 0x00000007a5560000, 0x00000007a5560000)
  from space 21824K, 100% used [0x00000007a5560000, 0x00000007a6ab0000, 0x00000007a6ab0000)
  to   space 21824K,   0% used [0x00000007a6ab0000, 0x00000007a6ab0000, 0x00000007a8000000)
 concurrent mark-sweep generation total 393216K, used 98083K [0x00000007a8000000, 0x00000007c0000000, 0x00000007c0000000)
 Metaspace       used 35308K, capacity 35904K, committed 36272K, reserved 1081344K
  class space    used 4069K, capacity 4223K, committed 4272K, reserved 1048576K
2016-10-23T19:09:02.204+0800: 166.379: [GC (Allocation Failure) 2016-10-23T19:09:02.204+0800: 166.379: [ParNew
Desired survivor size 20112992 bytes, new threshold 8 (max 8)
- age   1:    6375752 bytes,    6375752 total
- age   2:    9120976 bytes,   15496728 total
- age   3:    1121568 bytes,   16618296 total
- age   4:    1192552 bytes,   17810848 total
- age   5:    1327368 bytes,   19138216 total
- age   6:     467192 bytes,   19605408 total
- age   7:     373760 bytes,   19979168 total
- age   8:     836648 bytes,   20815816 total
: 109248K->21824K(109248K), 0.0089326 secs] 207331K->126031K(502464K), 0.0090014 secs] [Times: user=0.03 sys=0.00, real=0.01 secs] 
Heap after GC invocations=145 (full 5):
 par new generation   total 109248K, used 21824K [0x00000007a0000000, 0x00000007a8000000, 0x00000007a8000000)
  eden space 87424K,   0% used [0x00000007a0000000, 0x00000007a0000000, 0x00000007a5560000)
  from space 21824K, 100% used [0x00000007a6ab0000, 0x00000007a8000000, 0x00000007a8000000)
  to   space 21824K,   0% used [0x00000007a5560000, 0x00000007a5560000, 0x00000007a6ab0000)
 concurrent mark-sweep generation total 393216K, used 104207K [0x00000007a8000000, 0x00000007c0000000, 0x00000007c0000000)
 Metaspace       used 35308K, capacity 35904K, committed 36272K, reserved 1081344K
  class space    used 4069K, capacity 4223K, committed 4272K, reserved 1048576K
}
2016-10-23T19:09:02.213+0800: 166.388: Total time for which application threads were stopped: 0.0091506 seconds, Stopping threads took: 0.0000197 seconds
{Heap before GC invocations=145 (full 5):
 par new generation   total 109248K, used 109248K [0x00000007a0000000, 0x00000007a8000000, 0x00000007a8000000)
  eden space 87424K, 100% used [0x00000007a0000000, 0x00000007a5560000, 0x00000007a5560000)
  from space 21824K, 100% used [0x00000007a6ab0000, 0x00000007a8000000, 0x00000007a8000000)
  to   space 21824K,   0% used [0x00000007a5560000, 0x00000007a5560000, 0x00000007a6ab0000)
 concurrent mark-sweep generation total 393216K, used 104207K [0x00000007a8000000, 0x00000007c0000000, 0x00000007c0000000)
 Metaspace       used 35308K, capacity 35904K, committed 36272K, reserved 1081344K
  class space    used 4069K, capacity 4223K, committed 4272K, reserved 1048576K
2016-10-23T19:09:02.505+0800: 166.681: [GC (Allocation Failure) 2016-10-23T19:09:02.505+0800: 166.681: [ParNew
Desired survivor size 20112992 bytes, new threshold 8 (max 8)
- age   1:    2531392 bytes,    2531392 total
- age   2:    5372656 bytes,    7904048 total
- age   3:    8428360 bytes,   16332408 total
- age   4:     710944 bytes,   17043352 total
- age   5:    1146984 bytes,   18190336 total
- age   6:    1187024 bytes,   19377360 total
- age   7:     455088 bytes,   19832448 total
- age   8:     364288 bytes,   20196736 total
: 109248K->21824K(109248K), 0.0094207 secs] 213455K->129443K(502464K), 0.0094786 secs] [Times: user=0.04 sys=0.00, real=0.01 secs] 
Heap after GC invocations=146 (full 5):
 par new generation   total 109248K, used 21824K [0x00000007a0000000, 0x00000007a8000000, 0x00000007a8000000)
  eden space 87424K,   0% used [0x00000007a0000000, 0x00000007a0000000, 0x00000007a5560000)
  from space 21824K, 100% used [0x00000007a5560000, 0x00000007a6ab0000, 0x00000007a6ab0000)
  to   space 21824K,   0% used [0x00000007a6ab0000, 0x00000007a6ab0000, 0x00000007a8000000)
 concurrent mark-sweep generation total 393216K, used 107619K [0x00000007a8000000, 0x00000007c0000000, 0x00000007c0000000)
 Metaspace       used 35308K, capacity 35904K, committed 36272K, reserved 1081344K
  class space    used 4069K, capacity 4223K, committed 4272K, reserved 1048576K
}
2016-10-23T19:09:02.515+0800: 166.690: Total time for which application threads were stopped: 0.0096511 seconds, Stopping threads took: 0.0000196 seconds
{Heap before GC invocations=146 (full 5):
 par new generation   total 109248K, used 109248K [0x00000007a0000000, 0x00000007a8000000, 0x00000007a8000000)
  eden space 87424K, 100% used [0x00000007a0000000, 0x00000007a5560000, 0x00000007a5560000)
  from space 21824K, 100% used [0x00000007a5560000, 0x00000007a6ab0000, 0x00000007a6ab0000)
  to   space 21824K,   0% used [0x00000007a6ab0000, 0x00000007a6ab0000, 0x00000007a8000000)
 concurrent mark-sweep generation total 393216K, used 107619K [0x00000007a8000000, 0x00000007c0000000, 0x00000007c0000000)
 Metaspace       used 35308K, capacity 35904K, committed 36272K, reserved 1081344K
  class space    used 4069K, capacity 4223K, committed 4272K, reserved 1048576K
2016-10-23T19:09:02.779+0800: 166.954: [GC (Allocation Failure) 2016-10-23T19:09:02.779+0800: 166.954: [ParNew
Desired survivor size 20112992 bytes, new threshold 8 (max 8)
- age   1:    5206056 bytes,    5206056 total
- age   2:    2528888 bytes,    7734944 total
- age   3:    5372800 bytes,   13107744 total
- age   4:    1214464 bytes,   14322208 total
- age   5:     711016 bytes,   15033224 total
- age   6:    1108496 bytes,   16141720 total
- age   7:    1187096 bytes,   17328816 total
- age   8:     455088 bytes,   17783904 total
: 109248K->21824K(109248K), 0.0094675 secs] 216867K->135479K(502464K), 0.0095279 secs] [Times: user=0.03 sys=0.00, real=0.01 secs] 
Heap after GC invocations=147 (full 5):
 par new generation   total 109248K, used 21824K [0x00000007a0000000, 0x00000007a8000000, 0x00000007a8000000)
  eden space 87424K,   0% used [0x00000007a0000000, 0x00000007a0000000, 0x00000007a5560000)
  from space 21824K, 100% used [0x00000007a6ab0000, 0x00000007a8000000, 0x00000007a8000000)
  to   space 21824K,   0% used [0x00000007a5560000, 0x00000007a5560000, 0x00000007a6ab0000)
 concurrent mark-sweep generation total 393216K, used 113655K [0x00000007a8000000, 0x00000007c0000000, 0x00000007c0000000)
 Metaspace       used 35308K, capacity 35904K, committed 36272K, reserved 1081344K
  class space    used 4069K, capacity 4223K, committed 4272K, reserved 1048576K
}
2016-10-23T19:09:02.788+0800: 166.964: Total time for which application threads were stopped: 0.0096895 seconds, Stopping threads took: 0.0000194 seconds
{Heap before GC invocations=147 (full 5):
 par new generation   total 109248K, used 109248K [0x00000007a0000000, 0x00000007a8000000, 0x00000007a8000000)
  eden space 87424K, 100% used [0x00000007a0000000, 0x00000007a5560000, 0x00000007a5560000)
  from space 21824K, 100% used [0x00000007a6ab0000, 0x00000007a8000000, 0x00000007a8000000)
  to   space 21824K,   0% used [0x00000007a5560000, 0x00000007a5560000, 0x00000007a6ab0000)
 concurrent mark-sweep generation total 393216K, used 113655K [0x00000007a8000000, 0x00000007c0000000, 0x00000007c0000000)
 Metaspace       used 35308K, capacity 35904K, committed 36272K, reserved 1081344K
  class space    used 4069K, capacity 4223K, committed 4272K, reserved 1048576K
2016-10-23T19:09:03.064+0800: 167.239: [GC (Allocation Failure) 2016-10-23T19:09:03.064+0800: 167.239: [ParNew
Desired survivor size 20112992 bytes, new threshold 8 (max 8)
- age   1:   11175560 bytes,   11175560 total
- age   2:    2859344 bytes,   14034904 total
- age   3:    1783632 bytes,   15818536 total
- age   4:    1251592 bytes,   17070128 total
- age   5:    1162864 bytes,   18232992 total
- age   6:     582184 bytes,   18815176 total
- age   7:    1107224 bytes,   19922400 total
- age   8:    1173824 bytes,   21096224 total
: 109248K->21824K(109248K), 0.0101572 secs] 222903K->143283K(502464K), 0.0102258 secs] [Times: user=0.03 sys=0.00, real=0.01 secs] 
Heap after GC invocations=148 (full 5):
 par new generation   total 109248K, used 21824K [0x00000007a0000000, 0x00000007a8000000, 0x00000007a8000000)
  eden space 87424K,   0% used [0x00000007a0000000, 0x00000007a0000000, 0x00000007a5560000)
  from space 21824K, 100% used [0x00000007a5560000, 0x00000007a6ab0000, 0x00000007a6ab0000)
  to   space 21824K,   0% used [0x00000007a6ab0000, 0x00000007a6ab0000, 0x00000007a8000000)
 concurrent mark-sweep generation total 393216K, used 121459K [0x00000007a8000000, 0x00000007c0000000, 0x00000007c0000000)
 Metaspace       used 35308K, capacity 35904K, committed 36272K, reserved 1081344K
  class space    used 4069K, capacity 4223K, committed 4272K, reserved 1048576K
}
2016-10-23T19:09:03.074+0800: 167.250: Total time for which application threads were stopped: 0.0103889 seconds, Stopping threads took: 0.0000295 seconds
{Heap before GC invocations=148 (full 5):
 par new generation   total 109248K, used 109248K [0x00000007a0000000, 0x00000007a8000000, 0x00000007a8000000)
  eden space 87424K, 100% used [0x00000007a0000000, 0x00000007a5560000, 0x00000007a5560000)
  from space 21824K, 100% used [0x00000007a5560000, 0x00000007a6ab0000, 0x00000007a6ab0000)
  to   space 21824K,   0% used [0x00000007a6ab0000, 0x00000007a6ab0000, 0x00000007a8000000)
 concurrent mark-sweep generation total 393216K, used 121459K [0x00000007a8000000, 0x00000007c0000000, 0x00000007c0000000)
 Metaspace       used 35308K, capacity 35904K, committed 36272K, reserved 1081344K
  class space    used 4069K, capacity 4223K, committed 4272K, reserved 1048576K
2016-10-23T19:09:03.370+0800: 167.546: [GC (Allocation Failure) 2016-10-23T19:09:03.370+0800: 167.546: [ParNew
Desired survivor size 20112992 bytes, new threshold 8 (max 8)
- age   1:    3696216 bytes,    3696216 total
- age   2:    8679936 bytes,   12376152 total
- age   3:    2421928 bytes,   14798080 total
- age   4:    1104416 bytes,   15902496 total
- age   5:    1133432 bytes,   17035928 total
- age   6:    1020320 bytes,   18056248 total
- age   7:     555752 bytes,   18612000 total
- age   8:    1088720 bytes,   19700720 total
: 109248K->21824K(109248K), 0.0143906 secs] 230707K->148444K(502464K), 0.0144838 secs] [Times: user=0.05 sys=0.00, real=0.01 secs] 
Heap after GC invocations=149 (full 5):
 par new generation   total 109248K, used 21824K [0x00000007a0000000, 0x00000007a8000000, 0x00000007a8000000)
  eden space 87424K,   0% used [0x00000007a0000000, 0x00000007a0000000, 0x00000007a5560000)
  from space 21824K, 100% used [0x00000007a6ab0000, 0x00000007a8000000, 0x00000007a8000000)
  to   space 21824K,   0% used [0x00000007a5560000, 0x00000007a5560000, 0x00000007a6ab0000)
 concurrent mark-sweep generation total 393216K, used 126620K [0x00000007a8000000, 0x00000007c0000000, 0x00000007c0000000)
 Metaspace       used 35308K, capacity 35904K, committed 36272K, reserved 1081344K
  class space    used 4069K, capacity 4223K, committed 4272K, reserved 1048576K
}
2016-10-23T19:09:03.385+0800: 167.561: Total time for which application threads were stopped: 0.0146675 seconds, Stopping threads took: 0.0000250 seconds
{Heap before GC invocations=149 (full 5):
 par new generation   total 109248K, used 109248K [0x00000007a0000000, 0x00000007a8000000, 0x00000007a8000000)
  eden space 87424K, 100% used [0x00000007a0000000, 0x00000007a5560000, 0x00000007a5560000)
  from space 21824K, 100% used [0x00000007a6ab0000, 0x00000007a8000000, 0x00000007a8000000)
  to   space 21824K,   0% used [0x00000007a5560000, 0x00000007a5560000, 0x00000007a6ab0000)
 concurrent mark-sweep generation total 393216K, used 126620K [0x00000007a8000000, 0x00000007c0000000, 0x00000007c0000000)
 Metaspace       used 35308K, capacity 35904K, committed 36272K, reserved 1081344K
  class space    used 4069K, capacity 4223K, committed 4272K, reserved 1048576K
2016-10-23T19:09:03.648+0800: 167.824: [GC (Allocation Failure) 2016-10-23T19:09:03.650+0800: 167.826: [ParNew
Desired survivor size 20112992 bytes, new threshold 7 (max 8)
- age   1:    6548568 bytes,    6548568 total
- age   2:    2373504 bytes,    8922072 total
- age   3:    7436968 bytes,   16359040 total
- age   4:     894712 bytes,   17253752 total
- age   5:    1093816 bytes,   18347568 total
- age   6:    1124240 bytes,   19471808 total
- age   7:    1010736 bytes,   20482544 total
- age   8:     552400 bytes,   21034944 total
: 109248K->21824K(109248K), 0.0124795 secs] 235868K->163682K(502464K), 0.0142894 secs] [Times: user=0.05 sys=0.01, real=0.02 secs] 
Heap after GC invocations=150 (full 5):
 par new generation   total 109248K, used 21824K [0x00000007a0000000, 0x00000007a8000000, 0x00000007a8000000)
  eden space 87424K,   0% used [0x00000007a0000000, 0x00000007a0000000, 0x00000007a5560000)
  from space 21824K, 100% used [0x00000007a5560000, 0x00000007a6ab0000, 0x00000007a6ab0000)
  to   space 21824K,   0% used [0x00000007a6ab0000, 0x00000007a6ab0000, 0x00000007a8000000)
 concurrent mark-sweep generation total 393216K, used 141858K [0x00000007a8000000, 0x00000007c0000000, 0x00000007c0000000)
 Metaspace       used 35308K, capacity 35904K, committed 36272K, reserved 1081344K
  class space    used 4069K, capacity 4223K, committed 4272K, reserved 1048576K
}
2016-10-23T19:09:03.663+0800: 167.839: Total time for which application threads were stopped: 0.0144471 seconds, Stopping threads took: 0.0000300 seconds
{Heap before GC invocations=150 (full 5):
 par new generation   total 109248K, used 109248K [0x00000007a0000000, 0x00000007a8000000, 0x00000007a8000000)
  eden space 87424K, 100% used [0x00000007a0000000, 0x00000007a5560000, 0x00000007a5560000)
  from space 21824K, 100% used [0x00000007a5560000, 0x00000007a6ab0000, 0x00000007a6ab0000)
  to   space 21824K,   0% used [0x00000007a6ab0000, 0x00000007a6ab0000, 0x00000007a8000000)
 concurrent mark-sweep generation total 393216K, used 141858K [0x00000007a8000000, 0x00000007c0000000, 0x00000007c0000000)
 Metaspace       used 35308K, capacity 35904K, committed 36272K, reserved 1081344K
  class space    used 4069K, capacity 4223K, committed 4272K, reserved 1048576K
2016-10-23T19:09:03.893+0800: 168.069: [GC (Allocation Failure) 2016-10-23T19:09:03.893+0800: 168.069: [ParNew
Desired survivor size 20112992 bytes, new threshold 8 (max 8)
- age   1:    7166632 bytes,    7166632 total
- age   2:    4684752 bytes,   11851384 total
- age   3:    1462960 bytes,   13314344 total
- age   4:    4204656 bytes,   17519000 total
- age   5:     753952 bytes,   18272952 total
- age   6:     848512 bytes,   19121464 total
- age   7:     865560 bytes,   19987024 total
: 109248K->21824K(109248K), 0.0130318 secs] 251106K->175178K(502464K), 0.0131298 secs] [Times: user=0.04 sys=0.00, real=0.01 secs] 
Heap after GC invocations=151 (full 5):
 par new generation   total 109248K, used 21824K [0x00000007a0000000, 0x00000007a8000000, 0x00000007a8000000)
  eden space 87424K,   0% used [0x00000007a0000000, 0x00000007a0000000, 0x00000007a5560000)
  from space 21824K, 100% used [0x00000007a6ab0000, 0x00000007a8000000, 0x00000007a8000000)
  to   space 21824K,   0% used [0x00000007a5560000, 0x00000007a5560000, 0x00000007a6ab0000)
 concurrent mark-sweep generation total 393216K, used 153354K [0x00000007a8000000, 0x00000007c0000000, 0x00000007c0000000)
 Metaspace       used 35308K, capacity 35904K, committed 36272K, reserved 1081344K
  class space    used 4069K, capacity 4223K, committed 4272K, reserved 1048576K
}
2016-10-23T19:09:03.906+0800: 168.082: Total time for which application threads were stopped: 0.0132936 seconds, Stopping threads took: 0.0000272 seconds
2016-10-23T19:09:04.909+0800: 169.085: Total time for which application threads were stopped: 0.0001804 seconds, Stopping threads took: 0.0000850 seconds
{Heap before GC invocations=151 (full 5):
 par new generation   total 109248K, used 109248K [0x00000007a0000000, 0x00000007a8000000, 0x00000007a8000000)
  eden space 87424K, 100% used [0x00000007a0000000, 0x00000007a5560000, 0x00000007a5560000)
  from space 21824K, 100% used [0x00000007a6ab0000, 0x00000007a8000000, 0x00000007a8000000)
  to   space 21824K,   0% used [0x00000007a5560000, 0x00000007a5560000, 0x00000007a6ab0000)
 concurrent mark-sweep generation total 393216K, used 153354K [0x00000007a8000000, 0x00000007c0000000, 0x00000007c0000000)
 Metaspace       used 35310K, capacity 35904K, committed 36272K, reserved 1081344K
  class space    used 4069K, capacity 4223K, committed 4272K, reserved 1048576K
2016-10-23T19:09:05.147+0800: 169.323: [GC (Allocation Failure) 2016-10-23T19:09:05.147+0800: 169.323: [ParNew
Desired survivor size 20112992 bytes, new threshold 8 (max 8)
- age   1:    1621256 bytes,    1621256 total
- age   2:    3260144 bytes,    4881400 total
- age   3:    4607744 bytes,    9489144 total
- age   4:    1331328 bytes,   10820472 total
- age   5:    3947144 bytes,   14767616 total
- age   6:     630232 bytes,   15397848 total
- age   7:     720488 bytes,   16118336 total
- age   8:     744664 bytes,   16863000 total
: 109248K->21824K(109248K), 0.0096862 secs] 262602K->179372K(502464K), 0.0097674 secs] [Times: user=0.03 sys=0.00, real=0.01 secs] 
Heap after GC invocations=152 (full 5):
 par new generation   total 109248K, used 21824K [0x00000007a0000000, 0x00000007a8000000, 0x00000007a8000000)
  eden space 87424K,   0% used [0x00000007a0000000, 0x00000007a0000000, 0x00000007a5560000)
  from space 21824K, 100% used [0x00000007a5560000, 0x00000007a6ab0000, 0x00000007a6ab0000)
  to   space 21824K,   0% used [0x00000007a6ab0000, 0x00000007a6ab0000, 0x00000007a8000000)
 concurrent mark-sweep generation total 393216K, used 157548K [0x00000007a8000000, 0x00000007c0000000, 0x00000007c0000000)
 Metaspace       used 35310K, capacity 35904K, committed 36272K, reserved 1081344K
  class space    used 4069K, capacity 4223K, committed 4272K, reserved 1048576K
}
2016-10-23T19:09:05.157+0800: 169.332: Total time for which application threads were stopped: 0.0099919 seconds, Stopping threads took: 0.0000285 seconds
{Heap before GC invocations=152 (full 5):
 par new generation   total 109248K, used 109248K [0x00000007a0000000, 0x00000007a8000000, 0x00000007a8000000)
  eden space 87424K, 100% used [0x00000007a0000000, 0x00000007a5560000, 0x00000007a5560000)
  from space 21824K, 100% used [0x00000007a5560000, 0x00000007a6ab0000, 0x00000007a6ab0000)
  to   space 21824K,   0% used [0x00000007a6ab0000, 0x00000007a6ab0000, 0x00000007a8000000)
 concurrent mark-sweep generation total 393216K, used 157548K [0x00000007a8000000, 0x00000007c0000000, 0x00000007c0000000)
 Metaspace       used 35310K, capacity 35904K, committed 36272K, reserved 1081344K
  class space    used 4069K, capacity 4223K, committed 4272K, reserved 1048576K
2016-10-23T19:09:05.273+0800: 169.449: [GC (Allocation Failure) 2016-10-23T19:09:05.274+0800: 169.449: [ParNew
Desired survivor size 20112992 bytes, new threshold 8 (max 8)
- age   1:      52120 bytes,      52120 total
- age   2:    1592968 bytes,    1645088 total
- age   3:    3260144 bytes,    4905232 total
- age   4:    4607744 bytes,    9512976 total
- age   5:    1331328 bytes,   10844304 total
- age   6:    3947120 bytes,   14791424 total
- age   7:     630232 bytes,   15421656 total
- age   8:     720488 bytes,   16142144 total
: 109248K->20527K(109248K), 0.0080548 secs] 266796K->178819K(502464K), 0.0081139 secs] [Times: user=0.04 sys=0.00, real=0.01 secs] 
Heap after GC invocations=153 (full 5):
 par new generation   total 109248K, used 20527K [0x00000007a0000000, 0x00000007a8000000, 0x00000007a8000000)
  eden space 87424K,   0% used [0x00000007a0000000, 0x00000007a0000000, 0x00000007a5560000)
  from space 21824K,  94% used [0x00000007a6ab0000, 0x00000007a7ebbec0, 0x00000007a8000000)
  to   space 21824K,   0% used [0x00000007a5560000, 0x00000007a5560000, 0x00000007a6ab0000)
 concurrent mark-sweep generation total 393216K, used 158291K [0x00000007a8000000, 0x00000007c0000000, 0x00000007c0000000)
 Metaspace       used 35310K, capacity 35904K, committed 36272K, reserved 1081344K
  class space    used 4069K, capacity 4223K, committed 4272K, reserved 1048576K
}
2016-10-23T19:09:05.282+0800: 169.458: Total time for which application threads were stopped: 0.0082906 seconds, Stopping threads took: 0.0000298 seconds
{Heap before GC invocations=153 (full 5):
 par new generation   total 109248K, used 107951K [0x00000007a0000000, 0x00000007a8000000, 0x00000007a8000000)
  eden space 87424K, 100% used [0x00000007a0000000, 0x00000007a5560000, 0x00000007a5560000)
  from space 21824K,  94% used [0x00000007a6ab0000, 0x00000007a7ebbec0, 0x00000007a8000000)
  to   space 21824K,   0% used [0x00000007a5560000, 0x00000007a5560000, 0x00000007a6ab0000)
 concurrent mark-sweep generation total 393216K, used 158291K [0x00000007a8000000, 0x00000007c0000000, 0x00000007c0000000)
 Metaspace       used 35310K, capacity 35904K, committed 36272K, reserved 1081344K
  class space    used 4069K, capacity 4223K, committed 4272K, reserved 1048576K
2016-10-23T19:09:05.396+0800: 169.572: [GC (Allocation Failure) 2016-10-23T19:09:05.396+0800: 169.572: [ParNew
Desired survivor size 20112992 bytes, new threshold 8 (max 8)
- age   1:     271304 bytes,     271304 total
- age   2:         64 bytes,     271368 total
- age   3:    1575504 bytes,    1846872 total
- age   4:    3260144 bytes,    5107016 total
- age   5:    4607744 bytes,    9714760 total
- age   6:    1331328 bytes,   11046088 total
- age   7:    3947120 bytes,   14993208 total
- age   8:     630232 bytes,   15623440 total
: 107951K->19156K(109248K), 0.0076600 secs] 266243K->178168K(502464K), 0.0077255 secs] [Times: user=0.03 sys=0.00, real=0.01 secs] 
Heap after GC invocations=154 (full 5):
 par new generation   total 109248K, used 19156K [0x00000007a0000000, 0x00000007a8000000, 0x00000007a8000000)
  eden space 87424K,   0% used [0x00000007a0000000, 0x00000007a0000000, 0x00000007a5560000)
  from space 21824K,  87% used [0x00000007a5560000, 0x00000007a6815258, 0x00000007a6ab0000)
  to   space 21824K,   0% used [0x00000007a6ab0000, 0x00000007a6ab0000, 0x00000007a8000000)
 concurrent mark-sweep generation total 393216K, used 159011K [0x00000007a8000000, 0x00000007c0000000, 0x00000007c0000000)
 Metaspace       used 35310K, capacity 35904K, committed 36272K, reserved 1081344K
  class space    used 4069K, capacity 4223K, committed 4272K, reserved 1048576K
}
2016-10-23T19:09:05.404+0800: 169.580: Total time for which application threads were stopped: 0.0079463 seconds, Stopping threads took: 0.0000223 seconds
{Heap before GC invocations=154 (full 5):
 par new generation   total 109248K, used 106580K [0x00000007a0000000, 0x00000007a8000000, 0x00000007a8000000)
  eden space 87424K, 100% used [0x00000007a0000000, 0x00000007a5560000, 0x00000007a5560000)
  from space 21824K,  87% used [0x00000007a5560000, 0x00000007a6815258, 0x00000007a6ab0000)
  to   space 21824K,   0% used [0x00000007a6ab0000, 0x00000007a6ab0000, 0x00000007a8000000)
 concurrent mark-sweep generation total 393216K, used 159011K [0x00000007a8000000, 0x00000007c0000000, 0x00000007c0000000)
 Metaspace       used 35310K, capacity 35904K, committed 36272K, reserved 1081344K
  class space    used 4069K, capacity 4223K, committed 4272K, reserved 1048576K
2016-10-23T19:09:05.508+0800: 169.684: [GC (Allocation Failure) 2016-10-23T19:09:05.508+0800: 169.684: [ParNew
Desired survivor size 20112992 bytes, new threshold 8 (max 8)
- age   1:      65464 bytes,      65464 total
- age   2:        296 bytes,      65760 total
- age   3:         64 bytes,      65824 total
- age   4:    1575504 bytes,    1641328 total
- age   5:    3260144 bytes,    4901472 total
- age   6:    4607744 bytes,    9509216 total
- age   7:    1331328 bytes,   10840544 total
- age   8:    3947120 bytes,   14787664 total
: 106580K->16802K(109248K), 0.0078286 secs] 265592K->176446K(502464K), 0.0078748 secs] [Times: user=0.03 sys=0.00, real=0.01 secs] 
Heap after GC invocations=155 (full 5):
 par new generation   total 109248K, used 16802K [0x00000007a0000000, 0x00000007a8000000, 0x00000007a8000000)
  eden space 87424K,   0% used [0x00000007a0000000, 0x00000007a0000000, 0x00000007a5560000)
  from space 21824K,  76% used [0x00000007a6ab0000, 0x00000007a7b18810, 0x00000007a8000000)
  to   space 21824K,   0% used [0x00000007a5560000, 0x00000007a5560000, 0x00000007a6ab0000)
 concurrent mark-sweep generation total 393216K, used 159644K [0x00000007a8000000, 0x00000007c0000000, 0x00000007c0000000)
 Metaspace       used 35310K, capacity 35904K, committed 36272K, reserved 1081344K
  class space    used 4069K, capacity 4223K, committed 4272K, reserved 1048576K
}
2016-10-23T19:09:05.516+0800: 169.691: Total time for which application threads were stopped: 0.0080349 seconds, Stopping threads took: 0.0000277 seconds
{Heap before GC invocations=155 (full 5):
 par new generation   total 109248K, used 104226K [0x00000007a0000000, 0x00000007a8000000, 0x00000007a8000000)
  eden space 87424K, 100% used [0x00000007a0000000, 0x00000007a5560000, 0x00000007a5560000)
  from space 21824K,  76% used [0x00000007a6ab0000, 0x00000007a7b18810, 0x00000007a8000000)
  to   space 21824K,   0% used [0x00000007a5560000, 0x00000007a5560000, 0x00000007a6ab0000)
 concurrent mark-sweep generation total 393216K, used 159644K [0x00000007a8000000, 0x00000007c0000000, 0x00000007c0000000)
 Metaspace       used 35310K, capacity 35904K, committed 36272K, reserved 1081344K
  class space    used 4069K, capacity 4223K, committed 4272K, reserved 1048576K
2016-10-23T19:09:05.629+0800: 169.805: [GC (Allocation Failure) 2016-10-23T19:09:05.629+0800: 169.805: [ParNew
Desired survivor size 20112992 bytes, new threshold 8 (max 8)
- age   1:     104120 bytes,     104120 total
- age   2:       1352 bytes,     105472 total
- age   3:        296 bytes,     105768 total
- age   4:         64 bytes,     105832 total
- age   5:    1575504 bytes,    1681336 total
- age   6:    3260144 bytes,    4941480 total
- age   7:    4607768 bytes,    9549248 total
- age   8:    1331328 bytes,   10880576 total
: 104226K->12313K(109248K), 0.0081540 secs] 263870K->175828K(502464K), 0.0082327 secs] [Times: user=0.03 sys=0.00, real=0.01 secs] 
Heap after GC invocations=156 (full 5):
 par new generation   total 109248K, used 12313K [0x00000007a0000000, 0x00000007a8000000, 0x00000007a8000000)
  eden space 87424K,   0% used [0x00000007a0000000, 0x00000007a0000000, 0x00000007a5560000)
  from space 21824K,  56% used [0x00000007a5560000, 0x00000007a61665a0, 0x00000007a6ab0000)
  to   space 21824K,   0% used [0x00000007a6ab0000, 0x00000007a6ab0000, 0x00000007a8000000)
 concurrent mark-sweep generation total 393216K, used 163515K [0x00000007a8000000, 0x00000007c0000000, 0x00000007c0000000)
 Metaspace       used 35310K, capacity 35904K, committed 36272K, reserved 1081344K
  class space    used 4069K, capacity 4223K, committed 4272K, reserved 1048576K
}
2016-10-23T19:09:05.637+0800: 169.813: Total time for which application threads were stopped: 0.0084223 seconds, Stopping threads took: 0.0000253 seconds
{Heap before GC invocations=156 (full 5):
 par new generation   total 109248K, used 99737K [0x00000007a0000000, 0x00000007a8000000, 0x00000007a8000000)
  eden space 87424K, 100% used [0x00000007a0000000, 0x00000007a5560000, 0x00000007a5560000)
  from space 21824K,  56% used [0x00000007a5560000, 0x00000007a61665a0, 0x00000007a6ab0000)
  to   space 21824K,   0% used [0x00000007a6ab0000, 0x00000007a6ab0000, 0x00000007a8000000)
 concurrent mark-sweep generation total 393216K, used 163515K [0x00000007a8000000, 0x00000007c0000000, 0x00000007c0000000)
 Metaspace       used 35310K, capacity 35904K, committed 36272K, reserved 1081344K
  class space    used 4069K, capacity 4223K, committed 4272K, reserved 1048576K
2016-10-23T19:09:05.815+0800: 169.990: [GC (Allocation Failure) 2016-10-23T19:09:05.815+0800: 169.990: [ParNew
Desired survivor size 20112992 bytes, new threshold 8 (max 8)
- age   1:      78704 bytes,      78704 total
- age   2:        704 bytes,      79408 total
- age   3:       1352 bytes,      80760 total
- age   4:        240 bytes,      81000 total
- age   5:         64 bytes,      81064 total
- age   6:    1575504 bytes,    1656568 total
- age   7:    3260144 bytes,    4916712 total
- age   8:    4607744 bytes,    9524456 total
: 99737K->10024K(109248K), 0.0059158 secs] 263252K->174860K(502464K), 0.0059756 secs] [Times: user=0.02 sys=0.00, real=0.01 secs] 
Heap after GC invocations=157 (full 5):
 par new generation   total 109248K, used 10024K [0x00000007a0000000, 0x00000007a8000000, 0x00000007a8000000)
  eden space 87424K,   0% used [0x00000007a0000000, 0x00000007a0000000, 0x00000007a5560000)
  from space 21824K,  45% used [0x00000007a6ab0000, 0x00000007a747a0c0, 0x00000007a8000000)
  to   space 21824K,   0% used [0x00000007a5560000, 0x00000007a5560000, 0x00000007a6ab0000)
 concurrent mark-sweep generation total 393216K, used 164836K [0x00000007a8000000, 0x00000007c0000000, 0x00000007c0000000)
 Metaspace       used 35310K, capacity 35904K, committed 36272K, reserved 1081344K
  class space    used 4069K, capacity 4223K, committed 4272K, reserved 1048576K
}
2016-10-23T19:09:05.821+0800: 169.997: Total time for which application threads were stopped: 0.0061564 seconds, Stopping threads took: 0.0000281 seconds
2016-10-23T19:09:05.863+0800: 170.039: Total time for which application threads were stopped: 0.0001051 seconds, Stopping threads took: 0.0000282 seconds
2016-10-23T19:09:05.864+0800: 170.039: Total time for which application threads were stopped: 0.0000517 seconds, Stopping threads took: 0.0000072 seconds
2016-10-23T19:09:05.864+0800: 170.039: Total time for which application threads were stopped: 0.0000426 seconds, Stopping threads took: 0.0000052 seconds
{Heap before GC invocations=157 (full 5):
 par new generation   total 109248K, used 97448K [0x00000007a0000000, 0x00000007a8000000, 0x00000007a8000000)
  eden space 87424K, 100% used [0x00000007a0000000, 0x00000007a5560000, 0x00000007a5560000)
  from space 21824K,  45% used [0x00000007a6ab0000, 0x00000007a747a0c0, 0x00000007a8000000)
  to   space 21824K,   0% used [0x00000007a5560000, 0x00000007a5560000, 0x00000007a6ab0000)
 concurrent mark-sweep generation total 393216K, used 164836K [0x00000007a8000000, 0x00000007c0000000, 0x00000007c0000000)
 Metaspace       used 35312K, capacity 35904K, committed 36272K, reserved 1081344K
  class space    used 4069K, capacity 4223K, committed 4272K, reserved 1048576K
2016-10-23T19:09:06.066+0800: 170.241: [GC (Allocation Failure) 2016-10-23T19:09:06.066+0800: 170.241: [ParNew
Desired survivor size 20112992 bytes, new threshold 8 (max 8)
- age   1:    5625424 bytes,    5625424 total
- age   2:        176 bytes,    5625600 total
- age   3:         32 bytes,    5625632 total
- age   7:    1481576 bytes,    7107208 total
- age   8:    3204432 bytes,   10311640 total
: 97448K->12536K(109248K), 0.0074231 secs] 262284K->181844K(502464K), 0.0074988 secs] [Times: user=0.03 sys=0.00, real=0.01 secs] 
Heap after GC invocations=158 (full 5):
 par new generation   total 109248K, used 12536K [0x00000007a0000000, 0x00000007a8000000, 0x00000007a8000000)
  eden space 87424K,   0% used [0x00000007a0000000, 0x00000007a0000000, 0x00000007a5560000)
  from space 21824K,  57% used [0x00000007a5560000, 0x00000007a619e3d8, 0x00000007a6ab0000)
  to   space 21824K,   0% used [0x00000007a6ab0000, 0x00000007a6ab0000, 0x00000007a8000000)
 concurrent mark-sweep generation total 393216K, used 169308K [0x00000007a8000000, 0x00000007c0000000, 0x00000007c0000000)
 Metaspace       used 35312K, capacity 35904K, committed 36272K, reserved 1081344K
  class space    used 4069K, capacity 4223K, committed 4272K, reserved 1048576K
}
2016-10-23T19:09:06.073+0800: 170.249: Total time for which application threads were stopped: 0.0076981 seconds, Stopping threads took: 0.0000307 seconds
{Heap before GC invocations=158 (full 5):
 par new generation   total 109248K, used 99960K [0x00000007a0000000, 0x00000007a8000000, 0x00000007a8000000)
  eden space 87424K, 100% used [0x00000007a0000000, 0x00000007a5560000, 0x00000007a5560000)
  from space 21824K,  57% used [0x00000007a5560000, 0x00000007a619e3d8, 0x00000007a6ab0000)
  to   space 21824K,   0% used [0x00000007a6ab0000, 0x00000007a6ab0000, 0x00000007a8000000)
 concurrent mark-sweep generation total 393216K, used 169308K [0x00000007a8000000, 0x00000007c0000000, 0x00000007c0000000)
 Metaspace       used 35312K, capacity 35904K, committed 36272K, reserved 1081344K
  class space    used 4069K, capacity 4223K, committed 4272K, reserved 1048576K
2016-10-23T19:09:06.286+0800: 170.462: [GC (Allocation Failure) 2016-10-23T19:09:06.286+0800: 170.462: [ParNew
Desired survivor size 20112992 bytes, new threshold 8 (max 8)
- age   1:    5487680 bytes,    5487680 total
- age   2:    3899624 bytes,    9387304 total
- age   3:        176 bytes,    9387480 total
- age   4:         32 bytes,    9387512 total
- age   8:    1481576 bytes,   10869088 total
: 99960K->15079K(109248K), 0.0068330 secs] 269268K->187526K(502464K), 0.0068968 secs] [Times: user=0.02 sys=0.00, real=0.01 secs] 
Heap after GC invocations=159 (full 5):
 par new generation   total 109248K, used 15079K [0x00000007a0000000, 0x00000007a8000000, 0x00000007a8000000)
  eden space 87424K,   0% used [0x00000007a0000000, 0x00000007a0000000, 0x00000007a5560000)
  from space 21824K,  69% used [0x00000007a6ab0000, 0x00000007a7969d10, 0x00000007a8000000)
  to   space 21824K,   0% used [0x00000007a5560000, 0x00000007a5560000, 0x00000007a6ab0000)
 concurrent mark-sweep generation total 393216K, used 172446K [0x00000007a8000000, 0x00000007c0000000, 0x00000007c0000000)
 Metaspace       used 35312K, capacity 35904K, committed 36272K, reserved 1081344K
  class space    used 4069K, capacity 4223K, committed 4272K, reserved 1048576K
}
2016-10-23T19:09:06.293+0800: 170.469: Total time for which application threads were stopped: 0.0070559 seconds, Stopping threads took: 0.0000233 seconds
{Heap before GC invocations=159 (full 5):
 par new generation   total 109248K, used 102503K [0x00000007a0000000, 0x00000007a8000000, 0x00000007a8000000)
  eden space 87424K, 100% used [0x00000007a0000000, 0x00000007a5560000, 0x00000007a5560000)
  from space 21824K,  69% used [0x00000007a6ab0000, 0x00000007a7969d10, 0x00000007a8000000)
  to   space 21824K,   0% used [0x00000007a5560000, 0x00000007a5560000, 0x00000007a6ab0000)
 concurrent mark-sweep generation total 393216K, used 172446K [0x00000007a8000000, 0x00000007c0000000, 0x00000007c0000000)
 Metaspace       used 35312K, capacity 35904K, committed 36272K, reserved 1081344K
  class space    used 4069K, capacity 4223K, committed 4272K, reserved 1048576K
2016-10-23T19:09:06.517+0800: 170.693: [GC (Allocation Failure) 2016-10-23T19:09:06.517+0800: 170.693: [ParNew
Desired survivor size 20112992 bytes, new threshold 8 (max 8)
- age   1:    5339848 bytes,    5339848 total
- age   2:    3678456 bytes,    9018304 total
- age   3:    3865784 bytes,   12884088 total
- age   4:        176 bytes,   12884264 total
- age   5:         32 bytes,   12884296 total
: 102503K->14599K(109248K), 0.0073369 secs] 274950K->188500K(502464K), 0.0074269 secs] [Times: user=0.02 sys=0.00, real=0.01 secs] 
Heap after GC invocations=160 (full 5):
 par new generation   total 109248K, used 14599K [0x00000007a0000000, 0x00000007a8000000, 0x00000007a8000000)
  eden space 87424K,   0% used [0x00000007a0000000, 0x00000007a0000000, 0x00000007a5560000)
  from space 21824K,  66% used [0x00000007a5560000, 0x00000007a63a1c90, 0x00000007a6ab0000)
  to   space 21824K,   0% used [0x00000007a6ab0000, 0x00000007a6ab0000, 0x00000007a8000000)
 concurrent mark-sweep generation total 393216K, used 173901K [0x00000007a8000000, 0x00000007c0000000, 0x00000007c0000000)
 Metaspace       used 35312K, capacity 35904K, committed 36272K, reserved 1081344K
  class space    used 4069K, capacity 4223K, committed 4272K, reserved 1048576K
}
2016-10-23T19:09:06.524+0800: 170.700: Total time for which application threads were stopped: 0.0075966 seconds, Stopping threads took: 0.0000314 seconds
{Heap before GC invocations=160 (full 5):
 par new generation   total 109248K, used 102023K [0x00000007a0000000, 0x00000007a8000000, 0x00000007a8000000)
  eden space 87424K, 100% used [0x00000007a0000000, 0x00000007a5560000, 0x00000007a5560000)
  from space 21824K,  66% used [0x00000007a5560000, 0x00000007a63a1c90, 0x00000007a6ab0000)
  to   space 21824K,   0% used [0x00000007a6ab0000, 0x00000007a6ab0000, 0x00000007a8000000)
 concurrent mark-sweep generation total 393216K, used 173901K [0x00000007a8000000, 0x00000007c0000000, 0x00000007c0000000)
 Metaspace       used 35312K, capacity 35904K, committed 36272K, reserved 1081344K
  class space    used 4069K, capacity 4223K, committed 4272K, reserved 1048576K
2016-10-23T19:09:06.779+0800: 170.955: [GC (Allocation Failure) 2016-10-23T19:09:06.779+0800: 170.955: [ParNew
Desired survivor size 20112992 bytes, new threshold 8 (max 8)
- age   1:    8139312 bytes,    8139312 total
- age   2:    2747048 bytes,   10886360 total
- age   3:    2777472 bytes,   13663832 total
- age   4:    3799448 bytes,   17463280 total
- age   5:        176 bytes,   17463456 total
- age   6:         32 bytes,   17463488 total
: 102023K->21824K(109248K), 0.0098334 secs] 275924K->195888K(502464K), 0.0099161 secs] [Times: user=0.04 sys=0.00, real=0.01 secs] 
Heap after GC invocations=161 (full 5):
 par new generation   total 109248K, used 21824K [0x00000007a0000000, 0x00000007a8000000, 0x00000007a8000000)
  eden space 87424K,   0% used [0x00000007a0000000, 0x00000007a0000000, 0x00000007a5560000)
  from space 21824K, 100% used [0x00000007a6ab0000, 0x00000007a8000000, 0x00000007a8000000)
  to   space 21824K,   0% used [0x00000007a5560000, 0x00000007a5560000, 0x00000007a6ab0000)
 concurrent mark-sweep generation total 393216K, used 174064K [0x00000007a8000000, 0x00000007c0000000, 0x00000007c0000000)
 Metaspace       used 35312K, capacity 35904K, committed 36272K, reserved 1081344K
  class space    used 4069K, capacity 4223K, committed 4272K, reserved 1048576K
}
2016-10-23T19:09:06.789+0800: 170.965: Total time for which application threads were stopped: 0.0102590 seconds, Stopping threads took: 0.0000507 seconds
{Heap before GC invocations=161 (full 5):
 par new generation   total 109248K, used 109248K [0x00000007a0000000, 0x00000007a8000000, 0x00000007a8000000)
  eden space 87424K, 100% used [0x00000007a0000000, 0x00000007a5560000, 0x00000007a5560000)
  from space 21824K, 100% used [0x00000007a6ab0000, 0x00000007a8000000, 0x00000007a8000000)
  to   space 21824K,   0% used [0x00000007a5560000, 0x00000007a5560000, 0x00000007a6ab0000)
 concurrent mark-sweep generation total 393216K, used 174064K [0x00000007a8000000, 0x00000007c0000000, 0x00000007c0000000)
 Metaspace       used 35312K, capacity 35904K, committed 36272K, reserved 1081344K
  class space    used 4069K, capacity 4223K, committed 4272K, reserved 1048576K
2016-10-23T19:09:07.073+0800: 171.249: [GC (Allocation Failure) 2016-10-23T19:09:07.073+0800: 171.249: [ParNew
Desired survivor size 20112992 bytes, new threshold 8 (max 8)
- age   1:    7766360 bytes,    7766360 total
- age   2:    3673920 bytes,   11440280 total
- age   3:    2409800 bytes,   13850080 total
- age   4:    2463472 bytes,   16313552 total
- age   5:    3601200 bytes,   19914752 total
- age   6:        176 bytes,   19914928 total
- age   7:         32 bytes,   19914960 total
: 109248K->21824K(109248K), 0.0095190 secs] 283312K->197369K(502464K), 0.0095876 secs] [Times: user=0.03 sys=0.00, real=0.01 secs] 
Heap after GC invocations=162 (full 5):
 par new generation   total 109248K, used 21824K [0x00000007a0000000, 0x00000007a8000000, 0x00000007a8000000)
  eden space 87424K,   0% used [0x00000007a0000000, 0x00000007a0000000, 0x00000007a5560000)
  from space 21824K, 100% used [0x00000007a5560000, 0x00000007a6ab0000, 0x00000007a6ab0000)
  to   space 21824K,   0% used [0x00000007a6ab0000, 0x00000007a6ab0000, 0x00000007a8000000)
 concurrent mark-sweep generation total 393216K, used 175545K [0x00000007a8000000, 0x00000007c0000000, 0x00000007c0000000)
 Metaspace       used 35312K, capacity 35904K, committed 36272K, reserved 1081344K
  class space    used 4069K, capacity 4223K, committed 4272K, reserved 1048576K
}
2016-10-23T19:09:07.083+0800: 171.259: Total time for which application threads were stopped: 0.0097657 seconds, Stopping threads took: 0.0000289 seconds
{Heap before GC invocations=162 (full 5):
 par new generation   total 109248K, used 109248K [0x00000007a0000000, 0x00000007a8000000, 0x00000007a8000000)
  eden space 87424K, 100% used [0x00000007a0000000, 0x00000007a5560000, 0x00000007a5560000)
  from space 21824K, 100% used [0x00000007a5560000, 0x00000007a6ab0000, 0x00000007a6ab0000)
  to   space 21824K,   0% used [0x00000007a6ab0000, 0x00000007a6ab0000, 0x00000007a8000000)
 concurrent mark-sweep generation total 393216K, used 175545K [0x00000007a8000000, 0x00000007c0000000, 0x00000007c0000000)
 Metaspace       used 35312K, capacity 35904K, committed 36272K, reserved 1081344K
  class space    used 4069K, capacity 4223K, committed 4272K, reserved 1048576K
2016-10-23T19:09:07.318+0800: 171.494: [GC (Allocation Failure) 2016-10-23T19:09:07.318+0800: 171.494: [ParNew
Desired survivor size 20112992 bytes, new threshold 8 (max 8)
- age   1:    3032376 bytes,    3032376 total
- age   2:    3446536 bytes,    6478912 total
- age   3:    2283544 bytes,    8762456 total
- age   4:    2202904 bytes,   10965360 total
- age   5:    2240672 bytes,   13206032 total
- age   6:    2793592 bytes,   15999624 total
- age   7:        176 bytes,   15999800 total
- age   8:         32 bytes,   15999832 total
: 109248K->21824K(109248K), 0.0099216 secs] 284793K->204444K(502464K), 0.0099930 secs] [Times: user=0.03 sys=0.01, real=0.01 secs] 
Heap after GC invocations=163 (full 5):
 par new generation   total 109248K, used 21824K [0x00000007a0000000, 0x00000007a8000000, 0x00000007a8000000)
  eden space 87424K,   0% used [0x00000007a0000000, 0x00000007a0000000, 0x00000007a5560000)
  from space 21824K, 100% used [0x00000007a6ab0000, 0x00000007a8000000, 0x00000007a8000000)
  to   space 21824K,   0% used [0x00000007a5560000, 0x00000007a5560000, 0x00000007a6ab0000)
 concurrent mark-sweep generation total 393216K, used 182620K [0x00000007a8000000, 0x00000007c0000000, 0x00000007c0000000)
 Metaspace       used 35312K, capacity 35904K, committed 36272K, reserved 1081344K
  class space    used 4069K, capacity 4223K, committed 4272K, reserved 1048576K
}
2016-10-23T19:09:07.328+0800: 171.504: Total time for which application threads were stopped: 0.0101477 seconds, Stopping threads took: 0.0000193 seconds
{Heap before GC invocations=163 (full 5):
 par new generation   total 109248K, used 109248K [0x00000007a0000000, 0x00000007a8000000, 0x00000007a8000000)
  eden space 87424K, 100% used [0x00000007a0000000, 0x00000007a5560000, 0x00000007a5560000)
  from space 21824K, 100% used [0x00000007a6ab0000, 0x00000007a8000000, 0x00000007a8000000)
  to   space 21824K,   0% used [0x00000007a5560000, 0x00000007a5560000, 0x00000007a6ab0000)
 concurrent mark-sweep generation total 393216K, used 182620K [0x00000007a8000000, 0x00000007c0000000, 0x00000007c0000000)
 Metaspace       used 35312K, capacity 35904K, committed 36272K, reserved 1081344K
  class space    used 4069K, capacity 4223K, committed 4272K, reserved 1048576K
2016-10-23T19:09:07.591+0800: 171.767: [GC (Allocation Failure) 2016-10-23T19:09:07.591+0800: 171.767: [ParNew
Desired survivor size 20112992 bytes, new threshold 7 (max 8)
- age   1:   10437352 bytes,   10437352 total
- age   2:    1146552 bytes,   11583904 total
- age   3:    2159328 bytes,   13743232 total
- age   4:     940592 bytes,   14683824 total
- age   5:    1888704 bytes,   16572528 total
- age   6:    2122888 bytes,   18695416 total
- age   7:    2201912 bytes,   20897328 total
- age   8:        176 bytes,   20897504 total
: 109248K->21824K(109248K), 0.0118479 secs] 291868K->210389K(502464K), 0.0119077 secs] [Times: user=0.04 sys=0.00, real=0.01 secs] 
Heap after GC invocations=164 (full 5):
 par new generation   total 109248K, used 21824K [0x00000007a0000000, 0x00000007a8000000, 0x00000007a8000000)
  eden space 87424K,   0% used [0x00000007a0000000, 0x00000007a0000000, 0x00000007a5560000)
  from space 21824K, 100% used [0x00000007a5560000, 0x00000007a6ab0000, 0x00000007a6ab0000)
  to   space 21824K,   0% used [0x00000007a6ab0000, 0x00000007a6ab0000, 0x00000007a8000000)
 concurrent mark-sweep generation total 393216K, used 188565K [0x00000007a8000000, 0x00000007c0000000, 0x00000007c0000000)
 Metaspace       used 35312K, capacity 35904K, committed 36272K, reserved 1081344K
  class space    used 4069K, capacity 4223K, committed 4272K, reserved 1048576K
}
2016-10-23T19:09:07.603+0800: 171.779: Total time for which application threads were stopped: 0.0120756 seconds, Stopping threads took: 0.0000196 seconds
{Heap before GC invocations=164 (full 5):
 par new generation   total 109248K, used 109248K [0x00000007a0000000, 0x00000007a8000000, 0x00000007a8000000)
  eden space 87424K, 100% used [0x00000007a0000000, 0x00000007a5560000, 0x00000007a5560000)
  from space 21824K, 100% used [0x00000007a5560000, 0x00000007a6ab0000, 0x00000007a6ab0000)
  to   space 21824K,   0% used [0x00000007a6ab0000, 0x00000007a6ab0000, 0x00000007a8000000)
 concurrent mark-sweep generation total 393216K, used 188565K [0x00000007a8000000, 0x00000007c0000000, 0x00000007c0000000)
 Metaspace       used 35312K, capacity 35904K, committed 36272K, reserved 1081344K
  class space    used 4069K, capacity 4223K, committed 4272K, reserved 1048576K
2016-10-23T19:09:07.824+0800: 172.000: [GC (Allocation Failure) 2016-10-23T19:09:07.824+0800: 172.000: [ParNew
Desired survivor size 20112992 bytes, new threshold 8 (max 8)
- age   1:    6439024 bytes,    6439024 total
- age   2:    4975792 bytes,   11414816 total
- age   3:    1043360 bytes,   12458176 total
- age   4:    1990304 bytes,   14448480 total
- age   5:     715936 bytes,   15164416 total
- age   6:     778248 bytes,   15942664 total
- age   7:     760936 bytes,   16703600 total
: 109248K->21824K(109248K), 0.0096378 secs] 297813K->217789K(502464K), 0.0097277 secs] [Times: user=0.04 sys=0.00, real=0.01 secs] 
Heap after GC invocations=165 (full 5):
 par new generation   total 109248K, used 21824K [0x00000007a0000000, 0x00000007a8000000, 0x00000007a8000000)
  eden space 87424K,   0% used [0x00000007a0000000, 0x00000007a0000000, 0x00000007a5560000)
  from space 21824K, 100% used [0x00000007a6ab0000, 0x00000007a8000000, 0x00000007a8000000)
  to   space 21824K,   0% used [0x00000007a5560000, 0x00000007a5560000, 0x00000007a6ab0000)
 concurrent mark-sweep generation total 393216K, used 195965K [0x00000007a8000000, 0x00000007c0000000, 0x00000007c0000000)
 Metaspace       used 35312K, capacity 35904K, committed 36272K, reserved 1081344K
  class space    used 4069K, capacity 4223K, committed 4272K, reserved 1048576K
}
2016-10-23T19:09:07.834+0800: 172.010: Total time for which application threads were stopped: 0.0099116 seconds, Stopping threads took: 0.0000271 seconds
{Heap before GC invocations=165 (full 5):
 par new generation   total 109248K, used 109248K [0x00000007a0000000, 0x00000007a8000000, 0x00000007a8000000)
  eden space 87424K, 100% used [0x00000007a0000000, 0x00000007a5560000, 0x00000007a5560000)
  from space 21824K, 100% used [0x00000007a6ab0000, 0x00000007a8000000, 0x00000007a8000000)
  to   space 21824K,   0% used [0x00000007a5560000, 0x00000007a5560000, 0x00000007a6ab0000)
 concurrent mark-sweep generation total 393216K, used 195965K [0x00000007a8000000, 0x00000007c0000000, 0x00000007c0000000)
 Metaspace       used 35312K, capacity 35904K, committed 36272K, reserved 1081344K
  class space    used 4069K, capacity 4223K, committed 4272K, reserved 1048576K
2016-10-23T19:09:08.068+0800: 172.244: [GC (Allocation Failure) 2016-10-23T19:09:08.069+0800: 172.244: [ParNew
Desired survivor size 20112992 bytes, new threshold 8 (max 8)
- age   1:    7610424 bytes,    7610424 total
- age   2:    2134912 bytes,    9745336 total
- age   3:    4969080 bytes,   14714416 total
- age   4:    1021008 bytes,   15735424 total
- age   5:    1852352 bytes,   17587776 total
- age   6:     710144 bytes,   18297920 total
- age   7:     771736 bytes,   19069656 total
- age   8:     754464 bytes,   19824120 total
: 109248K->21824K(109248K), 0.0094918 secs] 305213K->218048K(502464K), 0.0095649 secs] [Times: user=0.04 sys=0.00, real=0.01 secs] 
Heap after GC invocations=166 (full 5):
 par new generation   total 109248K, used 21824K [0x00000007a0000000, 0x00000007a8000000, 0x00000007a8000000)
  eden space 87424K,   0% used [0x00000007a0000000, 0x00000007a0000000, 0x00000007a5560000)
  from space 21824K, 100% used [0x00000007a5560000, 0x00000007a6ab0000, 0x00000007a6ab0000)
  to   space 21824K,   0% used [0x00000007a6ab0000, 0x00000007a6ab0000, 0x00000007a8000000)
 concurrent mark-sweep generation total 393216K, used 196224K [0x00000007a8000000, 0x00000007c0000000, 0x00000007c0000000)
 Metaspace       used 35312K, capacity 35904K, committed 36272K, reserved 1081344K
  class space    used 4069K, capacity 4223K, committed 4272K, reserved 1048576K
}
2016-10-23T19:09:08.078+0800: 172.254: Total time for which application threads were stopped: 0.0097337 seconds, Stopping threads took: 0.0000302 seconds
{Heap before GC invocations=166 (full 5):
 par new generation   total 109248K, used 109248K [0x00000007a0000000, 0x00000007a8000000, 0x00000007a8000000)
  eden space 87424K, 100% used [0x00000007a0000000, 0x00000007a5560000, 0x00000007a5560000)
  from space 21824K, 100% used [0x00000007a5560000, 0x00000007a6ab0000, 0x00000007a6ab0000)
  to   space 21824K,   0% used [0x00000007a6ab0000, 0x00000007a6ab0000, 0x00000007a8000000)
 concurrent mark-sweep generation total 393216K, used 196224K [0x00000007a8000000, 0x00000007c0000000, 0x00000007c0000000)
 Metaspace       used 35312K, capacity 35904K, committed 36272K, reserved 1081344K
  class space    used 4069K, capacity 4223K, committed 4272K, reserved 1048576K
2016-10-23T19:09:08.369+0800: 172.545: [GC (Allocation Failure) 2016-10-23T19:09:08.369+0800: 172.545: [ParNew
Desired survivor size 20112992 bytes, new threshold 8 (max 8)
- age   1:    6564736 bytes,    6564736 total
- age   2:    2462016 bytes,    9026752 total
- age   3:    1089544 bytes,   10116296 total
- age   4:    4813200 bytes,   14929496 total
- age   5:     855984 bytes,   15785480 total
- age   6:    1681824 bytes,   17467304 total
- age   7:     641088 bytes,   18108392 total
- age   8:     697880 bytes,   18806272 total
: 109248K->21824K(109248K), 0.0132857 secs] 305472K->223270K(502464K), 0.0133651 secs] [Times: user=0.05 sys=0.00, real=0.02 secs] 
Heap after GC invocations=167 (full 5):
 par new generation   total 109248K, used 21824K [0x00000007a0000000, 0x00000007a8000000, 0x00000007a8000000)
  eden space 87424K,   0% used [0x00000007a0000000, 0x00000007a0000000, 0x00000007a5560000)
  from space 21824K, 100% used [0x00000007a6ab0000, 0x00000007a8000000, 0x00000007a8000000)
  to   space 21824K,   0% used [0x00000007a5560000, 0x00000007a5560000, 0x00000007a6ab0000)
 concurrent mark-sweep generation total 393216K, used 201446K [0x00000007a8000000, 0x00000007c0000000, 0x00000007c0000000)
 Metaspace       used 35312K, capacity 35904K, committed 36272K, reserved 1081344K
  class space    used 4069K, capacity 4223K, committed 4272K, reserved 1048576K
}
2016-10-23T19:09:08.382+0800: 172.559: Total time for which application threads were stopped: 0.0135222 seconds, Stopping threads took: 0.0000195 seconds
2016-10-23T19:09:08.383+0800: 172.559: [GC (CMS Initial Mark) [1 CMS-initial-mark: 201446K(393216K)] 225017K(502464K), 0.0043821 secs] [Times: user=0.01 sys=0.00, real=0.00 secs] 
2016-10-23T19:09:08.387+0800: 172.563: Total time for which application threads were stopped: 0.0046037 seconds, Stopping threads took: 0.0000736 seconds
2016-10-23T19:09:08.387+0800: 172.563: [CMS-concurrent-mark-start]
2016-10-23T19:09:08.409+0800: 172.585: [CMS-concurrent-mark: 0.022/0.022 secs] [Times: user=0.10 sys=0.00, real=0.02 secs] 
2016-10-23T19:09:08.409+0800: 172.585: [CMS-concurrent-preclean-start]
2016-10-23T19:09:08.410+0800: 172.586: [CMS-concurrent-preclean: 0.001/0.001 secs] [Times: user=0.00 sys=0.00, real=0.01 secs] 
2016-10-23T19:09:08.410+0800: 172.586: [CMS-concurrent-abortable-preclean-start]
2016-10-23T19:09:08.559+0800: 172.735: [CMS-concurrent-abortable-preclean: 0.148/0.149 secs] [Times: user=0.30 sys=0.00, real=0.14 secs] 
2016-10-23T19:09:08.559+0800: 172.735: [GC (CMS Final Remark) [YG occupancy: 80187 K (109248 K)]{Heap before GC invocations=167 (full 6):
 par new generation   total 109248K, used 80187K [0x00000007a0000000, 0x00000007a8000000, 0x00000007a8000000)
  eden space 87424K,  66% used [0x00000007a0000000, 0x00000007a38fed20, 0x00000007a5560000)
  from space 21824K, 100% used [0x00000007a6ab0000, 0x00000007a8000000, 0x00000007a8000000)
  to   space 21824K,   0% used [0x00000007a5560000, 0x00000007a5560000, 0x00000007a6ab0000)
 concurrent mark-sweep generation total 393216K, used 201446K [0x00000007a8000000, 0x00000007c0000000, 0x00000007c0000000)
 Metaspace       used 35312K, capacity 35904K, committed 36272K, reserved 1081344K
  class space    used 4069K, capacity 4223K, committed 4272K, reserved 1048576K
2016-10-23T19:09:08.559+0800: 172.735: [GC (CMS Final Remark) 2016-10-23T19:09:08.559+0800: 172.735: [ParNew
Desired survivor size 20112992 bytes, new threshold 8 (max 8)
- age   1:    3915448 bytes,    3915448 total
- age   2:    4731792 bytes,    8647240 total
- age   3:    2364488 bytes,   11011728 total
- age   4:     968000 bytes,   11979728 total
- age   5:    4689920 bytes,   16669648 total
- age   6:     799632 bytes,   17469280 total
- age   7:    1630912 bytes,   19100192 total
- age   8:     587344 bytes,   19687536 total
: 80187K->21824K(109248K), 0.0113837 secs] 281633K->226759K(502464K), 0.0114386 secs] [Times: user=0.04 sys=0.00, real=0.02 secs] 
Heap after GC invocations=168 (full 6):
 par new generation   total 109248K, used 21824K [0x00000007a0000000, 0x00000007a8000000, 0x00000007a8000000)
  eden space 87424K,   0% used [0x00000007a0000000, 0x00000007a0000000, 0x00000007a5560000)
  from space 21824K, 100% used [0x00000007a5560000, 0x00000007a6ab0000, 0x00000007a6ab0000)
  to   space 21824K,   0% used [0x00000007a6ab0000, 0x00000007a6ab0000, 0x00000007a8000000)
 concurrent mark-sweep generation total 393216K, used 204935K [0x00000007a8000000, 0x00000007c0000000, 0x00000007c0000000)
 Metaspace       used 35312K, capacity 35904K, committed 36272K, reserved 1081344K
  class space    used 4069K, capacity 4223K, committed 4272K, reserved 1048576K
}
2016-10-23T19:09:08.571+0800: 172.747: [Rescan (parallel) , 0.0041234 secs]2016-10-23T19:09:08.575+0800: 172.751: [weak refs processing, 0.0008905 secs]2016-10-23T19:09:08.576+0800: 172.752: [class unloading, 0.0067211 secs]2016-10-23T19:09:08.583+0800: 172.759: [scrub symbol table, 0.0055544 secs]2016-10-23T19:09:08.588+0800: 172.764: [scrub string table, 0.0004878 secs][1 CMS-remark: 204935K(393216K)] 226759K(502464K), 0.0294292 secs] [Times: user=0.07 sys=0.00, real=0.03 secs] 
2016-10-23T19:09:08.589+0800: 172.765: Total time for which application threads were stopped: 0.0296410 seconds, Stopping threads took: 0.0000987 seconds
2016-10-23T19:09:08.589+0800: 172.765: [CMS-concurrent-sweep-start]
2016-10-23T19:09:08.631+0800: 172.807: [CMS-concurrent-sweep: 0.042/0.042 secs] [Times: user=0.08 sys=0.00, real=0.05 secs] 
2016-10-23T19:09:08.631+0800: 172.807: [CMS-concurrent-reset-start]
2016-10-23T19:09:08.631+0800: 172.807: [CMS-concurrent-reset: 0.000/0.000 secs] [Times: user=0.00 sys=0.00, real=0.00 secs] 
{Heap before GC invocations=168 (full 6):
 par new generation   total 109248K, used 109248K [0x00000007a0000000, 0x00000007a8000000, 0x00000007a8000000)
  eden space 87424K, 100% used [0x00000007a0000000, 0x00000007a5560000, 0x00000007a5560000)
  from space 21824K, 100% used [0x00000007a5560000, 0x00000007a6ab0000, 0x00000007a6ab0000)
  to   space 21824K,   0% used [0x00000007a6ab0000, 0x00000007a6ab0000, 0x00000007a8000000)
 concurrent mark-sweep generation total 393216K, used 75598K [0x00000007a8000000, 0x00000007c0000000, 0x00000007c0000000)
 Metaspace       used 35312K, capacity 35904K, committed 36272K, reserved 1081344K
  class space    used 4069K, capacity 4223K, committed 4272K, reserved 1048576K
2016-10-23T19:09:08.835+0800: 173.011: [GC (Allocation Failure) 2016-10-23T19:09:08.835+0800: 173.011: [ParNew
Desired survivor size 20112992 bytes, new threshold 8 (max 8)
- age   1:    5960480 bytes,    5960480 total
- age   2:    2451496 bytes,    8411976 total
- age   3:    1915552 bytes,   10327528 total
- age   4:    2267360 bytes,   12594888 total
- age   5:     868152 bytes,   13463040 total
- age   6:    4596848 bytes,   18059888 total
- age   7:     715144 bytes,   18775032 total
- age   8:    1569680 bytes,   20344712 total
: 109248K->21824K(109248K), 0.0104633 secs] 184846K->101117K(502464K), 0.0105450 secs] [Times: user=0.03 sys=0.01, real=0.01 secs] 
Heap after GC invocations=169 (full 6):
 par new generation   total 109248K, used 21824K [0x00000007a0000000, 0x00000007a8000000, 0x00000007a8000000)
  eden space 87424K,   0% used [0x00000007a0000000, 0x00000007a0000000, 0x00000007a5560000)
  from space 21824K, 100% used [0x00000007a6ab0000, 0x00000007a8000000, 0x00000007a8000000)
  to   space 21824K,   0% used [0x00000007a5560000, 0x00000007a5560000, 0x00000007a6ab0000)
 concurrent mark-sweep generation total 393216K, used 79293K [0x00000007a8000000, 0x00000007c0000000, 0x00000007c0000000)
 Metaspace       used 35312K, capacity 35904K, committed 36272K, reserved 1081344K
  class space    used 4069K, capacity 4223K, committed 4272K, reserved 1048576K
}
2016-10-23T19:09:08.846+0800: 173.022: Total time for which application threads were stopped: 0.0107525 seconds, Stopping threads took: 0.0000322 seconds
{Heap before GC invocations=169 (full 6):
 par new generation   total 109248K, used 109248K [0x00000007a0000000, 0x00000007a8000000, 0x00000007a8000000)
  eden space 87424K, 100% used [0x00000007a0000000, 0x00000007a5560000, 0x00000007a5560000)
  from space 21824K, 100% used [0x00000007a6ab0000, 0x00000007a8000000, 0x00000007a8000000)
  to   space 21824K,   0% used [0x00000007a5560000, 0x00000007a5560000, 0x00000007a6ab0000)
 concurrent mark-sweep generation total 393216K, used 79293K [0x00000007a8000000, 0x00000007c0000000, 0x00000007c0000000)
 Metaspace       used 35312K, capacity 35904K, committed 36272K, reserved 1081344K
  class space    used 4069K, capacity 4223K, committed 4272K, reserved 1048576K
2016-10-23T19:09:09.123+0800: 173.299: [GC (Allocation Failure) 2016-10-23T19:09:09.123+0800: 173.299: [ParNew
Desired survivor size 20112992 bytes, new threshold 8 (max 8)
- age   1:    6994568 bytes,    6994568 total
- age   2:    4682608 bytes,   11677176 total
- age   3:    1443352 bytes,   13120528 total
- age   4:    1726856 bytes,   14847384 total
- age   5:    2118952 bytes,   16966336 total
- age   6:     732584 bytes,   17698920 total
- age   7:    1980008 bytes,   19678928 total
- age   8:     596032 bytes,   20274960 total
: 109248K->21824K(109248K), 0.0101476 secs] 188541K->108454K(502464K), 0.0102281 secs] [Times: user=0.04 sys=0.00, real=0.01 secs] 
Heap after GC invocations=170 (full 6):
 par new generation   total 109248K, used 21824K [0x00000007a0000000, 0x00000007a8000000, 0x00000007a8000000)
  eden space 87424K,   0% used [0x00000007a0000000, 0x00000007a0000000, 0x00000007a5560000)
  from space 21824K, 100% used [0x00000007a5560000, 0x00000007a6ab0000, 0x00000007a6ab0000)
  to   space 21824K,   0% used [0x00000007a6ab0000, 0x00000007a6ab0000, 0x00000007a8000000)
 concurrent mark-sweep generation total 393216K, used 86630K [0x00000007a8000000, 0x00000007c0000000, 0x00000007c0000000)
 Metaspace       used 35312K, capacity 35904K, committed 36272K, reserved 1081344K
  class space    used 4069K, capacity 4223K, committed 4272K, reserved 1048576K
}
2016-10-23T19:09:09.133+0800: 173.309: Total time for which application threads were stopped: 0.0103942 seconds, Stopping threads took: 0.0000224 seconds
{Heap before GC invocations=170 (full 6):
 par new generation   total 109248K, used 109248K [0x00000007a0000000, 0x00000007a8000000, 0x00000007a8000000)
  eden space 87424K, 100% used [0x00000007a0000000, 0x00000007a5560000, 0x00000007a5560000)
  from space 21824K, 100% used [0x00000007a5560000, 0x00000007a6ab0000, 0x00000007a6ab0000)
  to   space 21824K,   0% used [0x00000007a6ab0000, 0x00000007a6ab0000, 0x00000007a8000000)
 concurrent mark-sweep generation total 393216K, used 86630K [0x00000007a8000000, 0x00000007c0000000, 0x00000007c0000000)
 Metaspace       used 35312K, capacity 35904K, committed 36272K, reserved 1081344K
  class space    used 4069K, capacity 4223K, committed 4272K, reserved 1048576K
2016-10-23T19:09:09.390+0800: 173.566: [GC (Allocation Failure) 2016-10-23T19:09:09.390+0800: 173.566: [ParNew
Desired survivor size 20112992 bytes, new threshold 8 (max 8)
- age   1:    6892000 bytes,    6892000 total
- age   2:    5194040 bytes,   12086040 total
- age   3:     955032 bytes,   13041072 total
- age   4:    1349872 bytes,   14390944 total
- age   5:    1566816 bytes,   15957760 total
- age   6:    2016624 bytes,   17974384 total
- age   7:     666264 bytes,   18640648 total
- age   8:    1784928 bytes,   20425576 total
: 109248K->21824K(109248K), 0.0114379 secs] 195878K->114610K(502464K), 0.0114979 secs] [Times: user=0.04 sys=0.00, real=0.01 secs] 
Heap after GC invocations=171 (full 6):
 par new generation   total 109248K, used 21824K [0x00000007a0000000, 0x00000007a8000000, 0x00000007a8000000)
  eden space 87424K,   0% used [0x00000007a0000000, 0x00000007a0000000, 0x00000007a5560000)
  from space 21824K, 100% used [0x00000007a6ab0000, 0x00000007a8000000, 0x00000007a8000000)
  to   space 21824K,   0% used [0x00000007a5560000, 0x00000007a5560000, 0x00000007a6ab0000)
 concurrent mark-sweep generation total 393216K, used 92786K [0x00000007a8000000, 0x00000007c0000000, 0x00000007c0000000)
 Metaspace       used 35312K, capacity 35904K, committed 36272K, reserved 1081344K
  class space    used 4069K, capacity 4223K, committed 4272K, reserved 1048576K
}
2016-10-23T19:09:09.401+0800: 173.577: Total time for which application threads were stopped: 0.0116707 seconds, Stopping threads took: 0.0000307 seconds
{Heap before GC invocations=171 (full 6):
 par new generation   total 109248K, used 109248K [0x00000007a0000000, 0x00000007a8000000, 0x00000007a8000000)
  eden space 87424K, 100% used [0x00000007a0000000, 0x00000007a5560000, 0x00000007a5560000)
  from space 21824K, 100% used [0x00000007a6ab0000, 0x00000007a8000000, 0x00000007a8000000)
  to   space 21824K,   0% used [0x00000007a5560000, 0x00000007a5560000, 0x00000007a6ab0000)
 concurrent mark-sweep generation total 393216K, used 92786K [0x00000007a8000000, 0x00000007c0000000, 0x00000007c0000000)
 Metaspace       used 35312K, capacity 35904K, committed 36272K, reserved 1081344K
  class space    used 4069K, capacity 4223K, committed 4272K, reserved 1048576K
2016-10-23T19:09:09.671+0800: 173.847: [GC (Allocation Failure) 2016-10-23T19:09:09.671+0800: 173.847: [ParNew
Desired survivor size 20112992 bytes, new threshold 8 (max 8)
- age   1:    8361744 bytes,    8361744 total
- age   2:    2860992 bytes,   11222736 total
- age   3:    3918272 bytes,   15141008 total
- age   4:     837456 bytes,   15978464 total
- age   5:    1193920 bytes,   17172384 total
- age   6:     621088 bytes,   17793472 total
- age   7:    1923816 bytes,   19717288 total
- age   8:     642928 bytes,   20360216 total
: 109248K->21824K(109248K), 0.0104449 secs] 202034K->121748K(502464K), 0.0105220 secs] [Times: user=0.04 sys=0.00, real=0.01 secs] 
Heap after GC invocations=172 (full 6):
 par new generation   total 109248K, used 21824K [0x00000007a0000000, 0x00000007a8000000, 0x00000007a8000000)
  eden space 87424K,   0% used [0x00000007a0000000, 0x00000007a0000000, 0x00000007a5560000)
  from space 21824K, 100% used [0x00000007a5560000, 0x00000007a6ab0000, 0x00000007a6ab0000)
  to   space 21824K,   0% used [0x00000007a6ab0000, 0x00000007a6ab0000, 0x00000007a8000000)
 concurrent mark-sweep generation total 393216K, used 99924K [0x00000007a8000000, 0x00000007c0000000, 0x00000007c0000000)
 Metaspace       used 35312K, capacity 35904K, committed 36272K, reserved 1081344K
  class space    used 4069K, capacity 4223K, committed 4272K, reserved 1048576K
}
2016-10-23T19:09:09.681+0800: 173.857: Total time for which application threads were stopped: 0.0106979 seconds, Stopping threads took: 0.0000308 seconds
{Heap before GC invocations=172 (full 6):
 par new generation   total 109248K, used 109248K [0x00000007a0000000, 0x00000007a8000000, 0x00000007a8000000)
  eden space 87424K, 100% used [0x00000007a0000000, 0x00000007a5560000, 0x00000007a5560000)
  from space 21824K, 100% used [0x00000007a5560000, 0x00000007a6ab0000, 0x00000007a6ab0000)
  to   space 21824K,   0% used [0x00000007a6ab0000, 0x00000007a6ab0000, 0x00000007a8000000)
 concurrent mark-sweep generation total 393216K, used 99924K [0x00000007a8000000, 0x00000007c0000000, 0x00000007c0000000)
 Metaspace       used 35312K, capacity 35904K, committed 36272K, reserved 1081344K
  class space    used 4069K, capacity 4223K, committed 4272K, reserved 1048576K
2016-10-23T19:09:09.939+0800: 174.115: [GC (Allocation Failure) 2016-10-23T19:09:09.939+0800: 174.115: [ParNew
Desired survivor size 20112992 bytes, new threshold 8 (max 8)
- age   1:    4303896 bytes,    4303896 total
- age   2:    5297192 bytes,    9601088 total
- age   3:    1662368 bytes,   11263456 total
- age   4:    3867728 bytes,   15131184 total
- age   5:     823632 bytes,   15954816 total
- age   6:    1185824 bytes,   17140640 total
- age   7:     608480 bytes,   17749120 total
- age   8:    1907104 bytes,   19656224 total
: 109248K->21824K(109248K), 0.0092862 secs] 209172K->128805K(502464K), 0.0093751 secs] [Times: user=0.04 sys=0.01, real=0.01 secs] 
Heap after GC invocations=173 (full 6):
 par new generation   total 109248K, used 21824K [0x00000007a0000000, 0x00000007a8000000, 0x00000007a8000000)
  eden space 87424K,   0% used [0x00000007a0000000, 0x00000007a0000000, 0x00000007a5560000)
  from space 21824K, 100% used [0x00000007a6ab0000, 0x00000007a8000000, 0x00000007a8000000)
  to   space 21824K,   0% used [0x00000007a5560000, 0x00000007a5560000, 0x00000007a6ab0000)
 concurrent mark-sweep generation total 393216K, used 106981K [0x00000007a8000000, 0x00000007c0000000, 0x00000007c0000000)
 Metaspace       used 35312K, capacity 35904K, committed 36272K, reserved 1081344K
  class space    used 4069K, capacity 4223K, committed 4272K, reserved 1048576K
}
2016-10-23T19:09:09.949+0800: 174.125: Total time for which application threads were stopped: 0.0095437 seconds, Stopping threads took: 0.0000307 seconds
{Heap before GC invocations=173 (full 6):
 par new generation   total 109248K, used 109248K [0x00000007a0000000, 0x00000007a8000000, 0x00000007a8000000)
  eden space 87424K, 100% used [0x00000007a0000000, 0x00000007a5560000, 0x00000007a5560000)
  from space 21824K, 100% used [0x00000007a6ab0000, 0x00000007a8000000, 0x00000007a8000000)
  to   space 21824K,   0% used [0x00000007a5560000, 0x00000007a5560000, 0x00000007a6ab0000)
 concurrent mark-sweep generation total 393216K, used 106981K [0x00000007a8000000, 0x00000007c0000000, 0x00000007c0000000)
 Metaspace       used 35312K, capacity 35904K, committed 36272K, reserved 1081344K
  class space    used 4069K, capacity 4223K, committed 4272K, reserved 1048576K
2016-10-23T19:09:10.174+0800: 174.350: [GC (Allocation Failure) 2016-10-23T19:09:10.174+0800: 174.350: [ParNew
Desired survivor size 20112992 bytes, new threshold 8 (max 8)
- age   1:    5396864 bytes,    5396864 total
- age   2:    3995464 bytes,    9392328 total
- age   3:    3058416 bytes,   12450744 total
- age   4:    1649872 bytes,   14100616 total
- age   5:    3858656 bytes,   17959272 total
- age   6:     810808 bytes,   18770080 total
- age   7:    1178688 bytes,   19948768 total
- age   8:     600112 bytes,   20548880 total
: 109248K->21824K(109248K), 0.0090072 secs] 216229K->137292K(502464K), 0.0090754 secs] [Times: user=0.03 sys=0.00, real=0.01 secs] 
Heap after GC invocations=174 (full 6):
 par new generation   total 109248K, used 21824K [0x00000007a0000000, 0x00000007a8000000, 0x00000007a8000000)
  eden space 87424K,   0% used [0x00000007a0000000, 0x00000007a0000000, 0x00000007a5560000)
  from space 21824K, 100% used [0x00000007a5560000, 0x00000007a6ab0000, 0x00000007a6ab0000)
  to   space 21824K,   0% used [0x00000007a6ab0000, 0x00000007a6ab0000, 0x00000007a8000000)
 concurrent mark-sweep generation total 393216K, used 115468K [0x00000007a8000000, 0x00000007c0000000, 0x00000007c0000000)
 Metaspace       used 35312K, capacity 35904K, committed 36272K, reserved 1081344K
  class space    used 4069K, capacity 4223K, committed 4272K, reserved 1048576K
}
2016-10-23T19:09:10.184+0800: 174.360: Total time for which application threads were stopped: 0.0092405 seconds, Stopping threads took: 0.0000302 seconds
{Heap before GC invocations=174 (full 6):
 par new generation   total 109248K, used 109248K [0x00000007a0000000, 0x00000007a8000000, 0x00000007a8000000)
  eden space 87424K, 100% used [0x00000007a0000000, 0x00000007a5560000, 0x00000007a5560000)
  from space 21824K, 100% used [0x00000007a5560000, 0x00000007a6ab0000, 0x00000007a6ab0000)
  to   space 21824K,   0% used [0x00000007a6ab0000, 0x00000007a6ab0000, 0x00000007a8000000)
 concurrent mark-sweep generation total 393216K, used 115468K [0x00000007a8000000, 0x00000007c0000000, 0x00000007c0000000)
 Metaspace       used 35316K, capacity 35904K, committed 36272K, reserved 1081344K
  class space    used 4069K, capacity 4223K, committed 4272K, reserved 1048576K
2016-10-23T19:09:10.427+0800: 174.603: [GC (Allocation Failure) 2016-10-23T19:09:10.427+0800: 174.603: [ParNew
Desired survivor size 20112992 bytes, new threshold 8 (max 8)
- age   1:    4920128 bytes,    4920128 total
- age   2:    2111008 bytes,    7031136 total
- age   3:    1796736 bytes,    8827872 total
- age   4:    3009536 bytes,   11837408 total
- age   5:    1638888 bytes,   13476296 total
- age   6:    3797976 bytes,   17274272 total
- age   7:     797408 bytes,   18071680 total
- age   8:    1168824 bytes,   19240504 total
: 109248K->21824K(109248K), 0.0102435 secs] 224716K->144769K(502464K), 0.0103089 secs] [Times: user=0.03 sys=0.00, real=0.01 secs] 
Heap after GC invocations=175 (full 6):
 par new generation   total 109248K, used 21824K [0x00000007a0000000, 0x00000007a8000000, 0x00000007a8000000)
  eden space 87424K,   0% used [0x00000007a0000000, 0x00000007a0000000, 0x00000007a5560000)
  from space 21824K, 100% used [0x00000007a6ab0000, 0x00000007a8000000, 0x00000007a8000000)
  to   space 21824K,   0% used [0x00000007a5560000, 0x00000007a5560000, 0x00000007a6ab0000)
 concurrent mark-sweep generation total 393216K, used 122945K [0x00000007a8000000, 0x00000007c0000000, 0x00000007c0000000)
 Metaspace       used 35316K, capacity 35904K, committed 36272K, reserved 1081344K
  class space    used 4069K, capacity 4223K, committed 4272K, reserved 1048576K
}
2016-10-23T19:09:10.437+0800: 174.613: Total time for which application threads were stopped: 0.0105060 seconds, Stopping threads took: 0.0000578 seconds
2016-10-23T19:09:10.487+0800: 174.663: Total time for which application threads were stopped: 0.0001400 seconds, Stopping threads took: 0.0000464 seconds
{Heap before GC invocations=175 (full 6):
 par new generation   total 109248K, used 109248K [0x00000007a0000000, 0x00000007a8000000, 0x00000007a8000000)
  eden space 87424K, 100% used [0x00000007a0000000, 0x00000007a5560000, 0x00000007a5560000)
  from space 21824K, 100% used [0x00000007a6ab0000, 0x00000007a8000000, 0x00000007a8000000)
  to   space 21824K,   0% used [0x00000007a5560000, 0x00000007a5560000, 0x00000007a6ab0000)
 concurrent mark-sweep generation total 393216K, used 122945K [0x00000007a8000000, 0x00000007c0000000, 0x00000007c0000000)
 Metaspace       used 35318K, capacity 35904K, committed 36272K, reserved 1081344K
  class space    used 4069K, capacity 4223K, committed 4272K, reserved 1048576K
2016-10-23T19:09:10.609+0800: 174.785: [GC (Allocation Failure) 2016-10-23T19:09:10.609+0800: 174.785: [ParNew
Desired survivor size 20112992 bytes, new threshold 8 (max 8)
- age   1:    3192032 bytes,    3192032 total
- age   2:    4474424 bytes,    7666456 total
- age   3:    2003736 bytes,    9670192 total
- age   4:    1689904 bytes,   11360096 total
- age   5:    2913912 bytes,   14274008 total
- age   6:    1549992 bytes,   15824000 total
- age   7:    3703160 bytes,   19527160 total
- age   8:     696496 bytes,   20223656 total
: 109248K->21824K(109248K), 0.0084108 secs] 232193K->146755K(502464K), 0.0084828 secs] [Times: user=0.03 sys=0.00, real=0.01 secs] 
Heap after GC invocations=176 (full 6):
 par new generation   total 109248K, used 21824K [0x00000007a0000000, 0x00000007a8000000, 0x00000007a8000000)
  eden space 87424K,   0% used [0x00000007a0000000, 0x00000007a0000000, 0x00000007a5560000)
  from space 21824K, 100% used [0x00000007a5560000, 0x00000007a6ab0000, 0x00000007a6ab0000)
  to   space 21824K,   0% used [0x00000007a6ab0000, 0x00000007a6ab0000, 0x00000007a8000000)
 concurrent mark-sweep generation total 393216K, used 124931K [0x00000007a8000000, 0x00000007c0000000, 0x00000007c0000000)
 Metaspace       used 35318K, capacity 35904K, committed 36272K, reserved 1081344K
  class space    used 4069K, capacity 4223K, committed 4272K, reserved 1048576K
}
2016-10-23T19:09:10.617+0800: 174.793: Total time for which application threads were stopped: 0.0087415 seconds, Stopping threads took: 0.0001023 seconds
2016-10-23T19:09:10.627+0800: 174.803: Total time for which application threads were stopped: 0.0003226 seconds, Stopping threads took: 0.0001370 seconds
2016-10-23T19:09:10.628+0800: 174.804: Total time for which application threads were stopped: 0.0001028 seconds, Stopping threads took: 0.0000367 seconds
{Heap before GC invocations=176 (full 6):
 par new generation   total 109248K, used 109248K [0x00000007a0000000, 0x00000007a8000000, 0x00000007a8000000)
  eden space 87424K, 100% used [0x00000007a0000000, 0x00000007a5560000, 0x00000007a5560000)
  from space 21824K, 100% used [0x00000007a5560000, 0x00000007a6ab0000, 0x00000007a6ab0000)
  to   space 21824K,   0% used [0x00000007a6ab0000, 0x00000007a6ab0000, 0x00000007a8000000)
 concurrent mark-sweep generation total 393216K, used 124931K [0x00000007a8000000, 0x00000007c0000000, 0x00000007c0000000)
 Metaspace       used 35318K, capacity 35904K, committed 36272K, reserved 1081344K
  class space    used 4069K, capacity 4223K, committed 4272K, reserved 1048576K
2016-10-23T19:09:10.837+0800: 175.013: [GC (Allocation Failure) 2016-10-23T19:09:10.837+0800: 175.013: [ParNew
Desired survivor size 20112992 bytes, new threshold 8 (max 8)
- age   1:    4512488 bytes,    4512488 total
- age   2:    1760944 bytes,    6273432 total
- age   3:    3764256 bytes,   10037688 total
- age   4:    1791208 bytes,   11828896 total
- age   5:    1350616 bytes,   13179512 total
- age   6:    2639008 bytes,   15818520 total
- age   7:    1339136 bytes,   17157656 total
- age   8:    3484048 bytes,   20641704 total
: 109248K->21824K(109248K), 0.0082479 secs] 234179K->149976K(502464K), 0.0083273 secs] [Times: user=0.03 sys=0.00, real=0.01 secs] 
Heap after GC invocations=177 (full 6):
 par new generation   total 109248K, used 21824K [0x00000007a0000000, 0x00000007a8000000, 0x00000007a8000000)
  eden space 87424K,   0% used [0x00000007a0000000, 0x00000007a0000000, 0x00000007a5560000)
  from space 21824K, 100% used [0x00000007a6ab0000, 0x00000007a8000000, 0x00000007a8000000)
  to   space 21824K,   0% used [0x00000007a5560000, 0x00000007a5560000, 0x00000007a6ab0000)
 concurrent mark-sweep generation total 393216K, used 128152K [0x00000007a8000000, 0x00000007c0000000, 0x00000007c0000000)
 Metaspace       used 35318K, capacity 35904K, committed 36272K, reserved 1081344K
  class space    used 4069K, capacity 4223K, committed 4272K, reserved 1048576K
}
2016-10-23T19:09:10.845+0800: 175.021: Total time for which application threads were stopped: 0.0205182 seconds, Stopping threads took: 0.0120377 seconds
{Heap before GC invocations=177 (full 6):
 par new generation   total 109248K, used 109248K [0x00000007a0000000, 0x00000007a8000000, 0x00000007a8000000)
  eden space 87424K, 100% used [0x00000007a0000000, 0x00000007a5560000, 0x00000007a5560000)
  from space 21824K, 100% used [0x00000007a6ab0000, 0x00000007a8000000, 0x00000007a8000000)
  to   space 21824K,   0% used [0x00000007a5560000, 0x00000007a5560000, 0x00000007a6ab0000)
 concurrent mark-sweep generation total 393216K, used 128152K [0x00000007a8000000, 0x00000007c0000000, 0x00000007c0000000)
 Metaspace       used 35318K, capacity 35904K, committed 36272K, reserved 1081344K
  class space    used 4069K, capacity 4223K, committed 4272K, reserved 1048576K
2016-10-23T19:09:11.048+0800: 175.224: [GC (Allocation Failure) 2016-10-23T19:09:11.048+0800: 175.224: [ParNew
Desired survivor size 20112992 bytes, new threshold 8 (max 8)
- age   1:    4589064 bytes,    4589064 total
- age   2:    2788376 bytes,    7377440 total
- age   3:    1675448 bytes,    9052888 total
- age   4:    3681696 bytes,   12734584 total
- age   5:    1789256 bytes,   14523840 total
- age   6:    1349136 bytes,   15872976 total
- age   7:    2637912 bytes,   18510888 total
- age   8:    1337272 bytes,   19848160 total
: 109248K->21824K(109248K), 0.0081360 secs] 237400K->154173K(502464K), 0.0081913 secs] [Times: user=0.03 sys=0.00, real=0.01 secs] 
Heap after GC invocations=178 (full 6):
 par new generation   total 109248K, used 21824K [0x00000007a0000000, 0x00000007a8000000, 0x00000007a8000000)
  eden space 87424K,   0% used [0x00000007a0000000, 0x00000007a0000000, 0x00000007a5560000)
  from space 21824K, 100% used [0x00000007a5560000, 0x00000007a6ab0000, 0x00000007a6ab0000)
  to   space 21824K,   0% used [0x00000007a6ab0000, 0x00000007a6ab0000, 0x00000007a8000000)
 concurrent mark-sweep generation total 393216K, used 132349K [0x00000007a8000000, 0x00000007c0000000, 0x00000007c0000000)
 Metaspace       used 35318K, capacity 35904K, committed 36272K, reserved 1081344K
  class space    used 4069K, capacity 4223K, committed 4272K, reserved 1048576K
}
2016-10-23T19:09:11.056+0800: 175.233: Total time for which application threads were stopped: 0.0084429 seconds, Stopping threads took: 0.0000940 seconds
{Heap before GC invocations=178 (full 6):
 par new generation   total 109248K, used 109248K [0x00000007a0000000, 0x00000007a8000000, 0x00000007a8000000)
  eden space 87424K, 100% used [0x00000007a0000000, 0x00000007a5560000, 0x00000007a5560000)
  from space 21824K, 100% used [0x00000007a5560000, 0x00000007a6ab0000, 0x00000007a6ab0000)
  to   space 21824K,   0% used [0x00000007a6ab0000, 0x00000007a6ab0000, 0x00000007a8000000)
 concurrent mark-sweep generation total 393216K, used 132349K [0x00000007a8000000, 0x00000007c0000000, 0x00000007c0000000)
 Metaspace       used 35318K, capacity 35904K, committed 36272K, reserved 1081344K
  class space    used 4069K, capacity 4223K, committed 4272K, reserved 1048576K
2016-10-23T19:09:11.128+0800: 175.304: [GC (Allocation Failure) 2016-10-23T19:09:11.128+0800: 175.304: [ParNew
Desired survivor size 20112992 bytes, new threshold 8 (max 8)
- age   1:    2413072 bytes,    2413072 total
- age   2:    2517896 bytes,    4930968 total
- age   3:    1886736 bytes,    6817704 total
- age   4:     733064 bytes,    7550768 total
- age   5:    2996184 bytes,   10546952 total
- age   6:    1789256 bytes,   12336208 total
- age   7:    1349136 bytes,   13685344 total
- age   8:    2637888 bytes,   16323232 total
: 109248K->21824K(109248K), 0.0076395 secs] 241597K->159191K(502464K), 0.0077047 secs] [Times: user=0.03 sys=0.00, real=0.01 secs] 
Heap after GC invocations=179 (full 6):
 par new generation   total 109248K, used 21824K [0x00000007a0000000, 0x00000007a8000000, 0x00000007a8000000)
  eden space 87424K,   0% used [0x00000007a0000000, 0x00000007a0000000, 0x00000007a5560000)
  from space 21824K, 100% used [0x00000007a6ab0000, 0x00000007a8000000, 0x00000007a8000000)
  to   space 21824K,   0% used [0x00000007a5560000, 0x00000007a5560000, 0x00000007a6ab0000)
 concurrent mark-sweep generation total 393216K, used 137367K [0x00000007a8000000, 0x00000007c0000000, 0x00000007c0000000)
 Metaspace       used 35318K, capacity 35904K, committed 36272K, reserved 1081344K
  class space    used 4069K, capacity 4223K, committed 4272K, reserved 1048576K
}
2016-10-23T19:09:11.136+0800: 175.312: Total time for which application threads were stopped: 0.0079556 seconds, Stopping threads took: 0.0000864 seconds
{Heap before GC invocations=179 (full 6):
 par new generation   total 109248K, used 109248K [0x00000007a0000000, 0x00000007a8000000, 0x00000007a8000000)
  eden space 87424K, 100% used [0x00000007a0000000, 0x00000007a5560000, 0x00000007a5560000)
  from space 21824K, 100% used [0x00000007a6ab0000, 0x00000007a8000000, 0x00000007a8000000)
  to   space 21824K,   0% used [0x00000007a5560000, 0x00000007a5560000, 0x00000007a6ab0000)
 concurrent mark-sweep generation total 393216K, used 137367K [0x00000007a8000000, 0x00000007c0000000, 0x00000007c0000000)
 Metaspace       used 35318K, capacity 35904K, committed 36272K, reserved 1081344K
  class space    used 4069K, capacity 4223K, committed 4272K, reserved 1048576K
2016-10-23T19:09:11.193+0800: 175.369: [GC (Allocation Failure) 2016-10-23T19:09:11.193+0800: 175.369: [ParNew
Desired survivor size 20112992 bytes, new threshold 8 (max 8)
- age   1:    3569968 bytes,    3569968 total
- age   2:    1790488 bytes,    5360456 total
- age   3:    3255480 bytes,    8615936 total
- age   4:    1722944 bytes,   10338880 total
- age   5:     733064 bytes,   11071944 total
- age   6:    2996184 bytes,   14068128 total
- age   7:    1789256 bytes,   15857384 total
- age   8:    1349136 bytes,   17206520 total
: 109248K->21600K(109248K), 0.0070968 secs] 246615K->161556K(502464K), 0.0071404 secs] [Times: user=0.03 sys=0.00, real=0.01 secs] 
Heap after GC invocations=180 (full 6):
 par new generation   total 109248K, used 21600K [0x00000007a0000000, 0x00000007a8000000, 0x00000007a8000000)
  eden space 87424K,   0% used [0x00000007a0000000, 0x00000007a0000000, 0x00000007a5560000)
  from space 21824K,  98% used [0x00000007a5560000, 0x00000007a6a78300, 0x00000007a6ab0000)
  to   space 21824K,   0% used [0x00000007a6ab0000, 0x00000007a6ab0000, 0x00000007a8000000)
 concurrent mark-sweep generation total 393216K, used 139955K [0x00000007a8000000, 0x00000007c0000000, 0x00000007c0000000)
 Metaspace       used 35318K, capacity 35904K, committed 36272K, reserved 1081344K
  class space    used 4069K, capacity 4223K, committed 4272K, reserved 1048576K
}
2016-10-23T19:09:11.200+0800: 175.376: Total time for which application threads were stopped: 0.0073743 seconds, Stopping threads took: 0.0000834 seconds
{Heap before GC invocations=180 (full 6):
 par new generation   total 109248K, used 109024K [0x00000007a0000000, 0x00000007a8000000, 0x00000007a8000000)
  eden space 87424K, 100% used [0x00000007a0000000, 0x00000007a5560000, 0x00000007a5560000)
  from space 21824K,  98% used [0x00000007a5560000, 0x00000007a6a78300, 0x00000007a6ab0000)
  to   space 21824K,   0% used [0x00000007a6ab0000, 0x00000007a6ab0000, 0x00000007a8000000)
 concurrent mark-sweep generation total 393216K, used 139955K [0x00000007a8000000, 0x00000007c0000000, 0x00000007c0000000)
 Metaspace       used 35318K, capacity 35904K, committed 36272K, reserved 1081344K
  class space    used 4069K, capacity 4223K, committed 4272K, reserved 1048576K
2016-10-23T19:09:11.264+0800: 175.440: [GC (Allocation Failure) 2016-10-23T19:09:11.264+0800: 175.440: [ParNew
Desired survivor size 20112992 bytes, new threshold 8 (max 8)
- age   1:    2463512 bytes,    2463512 total
- age   2:    3002048 bytes,    5465560 total
- age   3:     876840 bytes,    6342400 total
- age   4:    2331816 bytes,    8674216 total
- age   5:    1559024 bytes,   10233240 total
- age   6:     732024 bytes,   10965264 total
- age   7:    2996184 bytes,   13961448 total
- age   8:    1789256 bytes,   15750704 total
: 109024K->19468K(109248K), 0.0061557 secs] 248980K->160753K(502464K), 0.0062184 secs] [Times: user=0.02 sys=0.00, real=0.01 secs] 
Heap after GC invocations=181 (full 6):
 par new generation   total 109248K, used 19468K [0x00000007a0000000, 0x00000007a8000000, 0x00000007a8000000)
  eden space 87424K,   0% used [0x00000007a0000000, 0x00000007a0000000, 0x00000007a5560000)
  from space 21824K,  89% used [0x00000007a6ab0000, 0x00000007a7db3158, 0x00000007a8000000)
  to   space 21824K,   0% used [0x00000007a5560000, 0x00000007a5560000, 0x00000007a6ab0000)
 concurrent mark-sweep generation total 393216K, used 141285K [0x00000007a8000000, 0x00000007c0000000, 0x00000007c0000000)
 Metaspace       used 35318K, capacity 35904K, committed 36272K, reserved 1081344K
  class space    used 4069K, capacity 4223K, committed 4272K, reserved 1048576K
}
2016-10-23T19:09:11.270+0800: 175.446: Total time for which application threads were stopped: 0.0064870 seconds, Stopping threads took: 0.0001100 seconds
{Heap before GC invocations=181 (full 6):
 par new generation   total 109248K, used 106892K [0x00000007a0000000, 0x00000007a8000000, 0x00000007a8000000)
  eden space 87424K, 100% used [0x00000007a0000000, 0x00000007a5560000, 0x00000007a5560000)
  from space 21824K,  89% used [0x00000007a6ab0000, 0x00000007a7db3158, 0x00000007a8000000)
  to   space 21824K,   0% used [0x00000007a5560000, 0x00000007a5560000, 0x00000007a6ab0000)
 concurrent mark-sweep generation total 393216K, used 141285K [0x00000007a8000000, 0x00000007c0000000, 0x00000007c0000000)
 Metaspace       used 35318K, capacity 35904K, committed 36272K, reserved 1081344K
  class space    used 4069K, capacity 4223K, committed 4272K, reserved 1048576K
2016-10-23T19:09:11.339+0800: 175.515: [GC (Allocation Failure) 2016-10-23T19:09:11.339+0800: 175.515: [ParNew
Desired survivor size 20112992 bytes, new threshold 8 (max 8)
- age   1:    3973112 bytes,    3973112 total
- age   2:     818568 bytes,    4791680 total
- age   3:    1883560 bytes,    6675240 total
- age   4:     807152 bytes,    7482392 total
- age   5:    2326672 bytes,    9809064 total
- age   6:    1559024 bytes,   11368088 total
- age   7:     732024 bytes,   12100112 total
- age   8:    2996224 bytes,   15096336 total
: 106892K->21824K(109248K), 0.0062109 secs] 248177K->164870K(502464K), 0.0062835 secs] [Times: user=0.02 sys=0.01, real=0.01 secs] 
Heap after GC invocations=182 (full 6):
 par new generation   total 109248K, used 21824K [0x00000007a0000000, 0x00000007a8000000, 0x00000007a8000000)
  eden space 87424K,   0% used [0x00000007a0000000, 0x00000007a0000000, 0x00000007a5560000)
  from space 21824K, 100% used [0x00000007a5560000, 0x00000007a6ab0000, 0x00000007a6ab0000)
  to   space 21824K,   0% used [0x00000007a6ab0000, 0x00000007a6ab0000, 0x00000007a8000000)
 concurrent mark-sweep generation total 393216K, used 143046K [0x00000007a8000000, 0x00000007c0000000, 0x00000007c0000000)
 Metaspace       used 35318K, capacity 35904K, committed 36272K, reserved 1081344K
  class space    used 4069K, capacity 4223K, committed 4272K, reserved 1048576K
}
2016-10-23T19:09:11.345+0800: 175.521: Total time for which application threads were stopped: 0.0064734 seconds, Stopping threads took: 0.0000394 seconds
{Heap before GC invocations=182 (full 6):
 par new generation   total 109248K, used 109248K [0x00000007a0000000, 0x00000007a8000000, 0x00000007a8000000)
  eden space 87424K, 100% used [0x00000007a0000000, 0x00000007a5560000, 0x00000007a5560000)
  from space 21824K, 100% used [0x00000007a5560000, 0x00000007a6ab0000, 0x00000007a6ab0000)
  to   space 21824K,   0% used [0x00000007a6ab0000, 0x00000007a6ab0000, 0x00000007a8000000)
 concurrent mark-sweep generation total 393216K, used 143046K [0x00000007a8000000, 0x00000007c0000000, 0x00000007c0000000)
 Metaspace       used 35318K, capacity 35904K, committed 36272K, reserved 1081344K
  class space    used 4069K, capacity 4223K, committed 4272K, reserved 1048576K
2016-10-23T19:09:11.457+0800: 175.633: [GC (Allocation Failure) 2016-10-23T19:09:11.457+0800: 175.633: [ParNew
Desired survivor size 20112992 bytes, new threshold 8 (max 8)
- age   1:    4794584 bytes,    4794584 total
- age   2:     872864 bytes,    5667448 total
- age   3:     743800 bytes,    6411248 total
- age   4:    2014640 bytes,    8425888 total
- age   5:    1167672 bytes,    9593560 total
- age   6:    3151888 bytes,   12745448 total
- age   7:    1952432 bytes,   14697880 total
- age   8:     732024 bytes,   15429904 total
: 109248K->17686K(109248K), 0.0059259 secs] 252294K->163672K(502464K), 0.0060007 secs] [Times: user=0.02 sys=0.00, real=0.01 secs] 
Heap after GC invocations=183 (full 6):
 par new generation   total 109248K, used 17686K [0x00000007a0000000, 0x00000007a8000000, 0x00000007a8000000)
  eden space 87424K,   0% used [0x00000007a0000000, 0x00000007a0000000, 0x00000007a5560000)
  from space 21824K,  81% used [0x00000007a6ab0000, 0x00000007a7bf5840, 0x00000007a8000000)
  to   space 21824K,   0% used [0x00000007a5560000, 0x00000007a5560000, 0x00000007a6ab0000)
 concurrent mark-sweep generation total 393216K, used 145986K [0x00000007a8000000, 0x00000007c0000000, 0x00000007c0000000)
 Metaspace       used 35318K, capacity 35904K, committed 36272K, reserved 1081344K
  class space    used 4069K, capacity 4223K, committed 4272K, reserved 1048576K
}
2016-10-23T19:09:11.463+0800: 175.639: Total time for which application threads were stopped: 0.0062517 seconds, Stopping threads took: 0.0001043 seconds
2016-10-23T19:09:11.482+0800: 175.658: Total time for which application threads were stopped: 0.0001600 seconds, Stopping threads took: 0.0000661 seconds
2016-10-23T19:09:11.484+0800: 175.660: Total time for which application threads were stopped: 0.0001703 seconds, Stopping threads took: 0.0000415 seconds
2016-10-23T19:09:11.578+0800: 175.754: Total time for which application threads were stopped: 0.0001896 seconds, Stopping threads took: 0.0000537 seconds
2016-10-23T19:09:11.618+0800: 175.795: Total time for which application threads were stopped: 0.0001619 seconds, Stopping threads took: 0.0000535 seconds
{Heap before GC invocations=183 (full 6):
 par new generation   total 109248K, used 105110K [0x00000007a0000000, 0x00000007a8000000, 0x00000007a8000000)
  eden space 87424K, 100% used [0x00000007a0000000, 0x00000007a5560000, 0x00000007a5560000)
  from space 21824K,  81% used [0x00000007a6ab0000, 0x00000007a7bf5840, 0x00000007a8000000)
  to   space 21824K,   0% used [0x00000007a5560000, 0x00000007a5560000, 0x00000007a6ab0000)
 concurrent mark-sweep generation total 393216K, used 145986K [0x00000007a8000000, 0x00000007c0000000, 0x00000007c0000000)
 Metaspace       used 35321K, capacity 35904K, committed 36272K, reserved 1081344K
  class space    used 4069K, capacity 4223K, committed 4272K, reserved 1048576K
2016-10-23T19:09:11.677+0800: 175.853: [GC (Allocation Failure) 2016-10-23T19:09:11.679+0800: 175.855: [ParNew
Desired survivor size 20112992 bytes, new threshold 8 (max 8)
- age   1:    7122056 bytes,    7122056 total
- age   2:    3234312 bytes,   10356368 total
- age   3:     727600 bytes,   11083968 total
- age   4:     706168 bytes,   11790136 total
- age   5:    1854320 bytes,   13644456 total
- age   6:     765912 bytes,   14410368 total
- age   7:    1986232 bytes,   16396600 total
- age   8:    1437224 bytes,   17833824 total
: 105110K->20686K(109248K), 0.0065438 secs] 251096K->167308K(502464K), 0.0084011 secs] [Times: user=0.02 sys=0.00, real=0.01 secs] 
Heap after GC invocations=184 (full 6):
 par new generation   total 109248K, used 20686K [0x00000007a0000000, 0x00000007a8000000, 0x00000007a8000000)
  eden space 87424K,   0% used [0x00000007a0000000, 0x00000007a0000000, 0x00000007a5560000)
  from space 21824K,  94% used [0x00000007a5560000, 0x00000007a69938b0, 0x00000007a6ab0000)
  to   space 21824K,   0% used [0x00000007a6ab0000, 0x00000007a6ab0000, 0x00000007a8000000)
 concurrent mark-sweep generation total 393216K, used 146622K [0x00000007a8000000, 0x00000007c0000000, 0x00000007c0000000)
 Metaspace       used 35321K, capacity 35904K, committed 36272K, reserved 1081344K
  class space    used 4069K, capacity 4223K, committed 4272K, reserved 1048576K
}
2016-10-23T19:09:11.686+0800: 175.862: Total time for which application threads were stopped: 0.0086168 seconds, Stopping threads took: 0.0000762 seconds
{Heap before GC invocations=184 (full 6):
 par new generation   total 109248K, used 108110K [0x00000007a0000000, 0x00000007a8000000, 0x00000007a8000000)
  eden space 87424K, 100% used [0x00000007a0000000, 0x00000007a5560000, 0x00000007a5560000)
  from space 21824K,  94% used [0x00000007a5560000, 0x00000007a69938b0, 0x00000007a6ab0000)
  to   space 21824K,   0% used [0x00000007a6ab0000, 0x00000007a6ab0000, 0x00000007a8000000)
 concurrent mark-sweep generation total 393216K, used 146622K [0x00000007a8000000, 0x00000007c0000000, 0x00000007c0000000)
 Metaspace       used 35321K, capacity 35904K, committed 36272K, reserved 1081344K
  class space    used 4069K, capacity 4223K, committed 4272K, reserved 1048576K
2016-10-23T19:09:11.753+0800: 175.929: [GC (Allocation Failure) 2016-10-23T19:09:11.753+0800: 175.929: [ParNew
Desired survivor size 20112992 bytes, new threshold 8 (max 8)
- age   1:    2082184 bytes,    2082184 total
- age   2:    6363376 bytes,    8445560 total
- age   3:    3234312 bytes,   11679872 total
- age   4:     727600 bytes,   12407472 total
- age   5:     706168 bytes,   13113640 total
- age   6:    1854320 bytes,   14967960 total
- age   7:     765912 bytes,   15733872 total
- age   8:    1986232 bytes,   17720104 total
: 108110K->21824K(109248K), 0.0057157 secs] 254732K->169869K(502464K), 0.0057698 secs] [Times: user=0.02 sys=0.00, real=0.00 secs] 
Heap after GC invocations=185 (full 6):
 par new generation   total 109248K, used 21824K [0x00000007a0000000, 0x00000007a8000000, 0x00000007a8000000)
  eden space 87424K,   0% used [0x00000007a0000000, 0x00000007a0000000, 0x00000007a5560000)
  from space 21824K, 100% used [0x00000007a6ab0000, 0x00000007a8000000, 0x00000007a8000000)
  to   space 21824K,   0% used [0x00000007a5560000, 0x00000007a5560000, 0x00000007a6ab0000)
 concurrent mark-sweep generation total 393216K, used 148045K [0x00000007a8000000, 0x00000007c0000000, 0x00000007c0000000)
 Metaspace       used 35321K, capacity 35904K, committed 36272K, reserved 1081344K
  class space    used 4069K, capacity 4223K, committed 4272K, reserved 1048576K
}
2016-10-23T19:09:11.759+0800: 175.935: Total time for which application threads were stopped: 0.0059932 seconds, Stopping threads took: 0.0000758 seconds
2016-10-23T19:09:11.816+0800: 175.992: Total time for which application threads were stopped: 0.0002042 seconds, Stopping threads took: 0.0001015 seconds
2016-10-23T19:09:11.816+0800: 175.992: Total time for which application threads were stopped: 0.0001016 seconds, Stopping threads took: 0.0000432 seconds
2016-10-23T19:09:11.816+0800: 175.993: Total time for which application threads were stopped: 0.0000495 seconds, Stopping threads took: 0.0000079 seconds
2016-10-23T19:09:11.817+0800: 175.993: Total time for which application threads were stopped: 0.0000896 seconds, Stopping threads took: 0.0000419 seconds
{Heap before GC invocations=185 (full 6):
 par new generation   total 109248K, used 109248K [0x00000007a0000000, 0x00000007a8000000, 0x00000007a8000000)
  eden space 87424K, 100% used [0x00000007a0000000, 0x00000007a5560000, 0x00000007a5560000)
  from space 21824K, 100% used [0x00000007a6ab0000, 0x00000007a8000000, 0x00000007a8000000)
  to   space 21824K,   0% used [0x00000007a5560000, 0x00000007a5560000, 0x00000007a6ab0000)
 concurrent mark-sweep generation total 393216K, used 148045K [0x00000007a8000000, 0x00000007c0000000, 0x00000007c0000000)
 Metaspace       used 35322K, capacity 35904K, committed 36272K, reserved 1081344K
  class space    used 4069K, capacity 4223K, committed 4272K, reserved 1048576K
2016-10-23T19:09:11.892+0800: 176.068: [GC (Allocation Failure) 2016-10-23T19:09:11.892+0800: 176.068: [ParNew
Desired survivor size 20112992 bytes, new threshold 8 (max 8)
- age   1:    3108656 bytes,    3108656 total
- age   2:    1175744 bytes,    4284400 total
- age   3:    6179280 bytes,   10463680 total
- age   4:    3094920 bytes,   13558600 total
- age   5:     640192 bytes,   14198792 total
- age   6:     624808 bytes,   14823600 total
- age   7:    1790720 bytes,   16614320 total
- age   8:     676320 bytes,   17290640 total
: 109248K->21824K(109248K), 0.0050538 secs] 257293K->171567K(502464K), 0.0051351 secs] [Times: user=0.02 sys=0.00, real=0.00 secs] 
Heap after GC invocations=186 (full 6):
 par new generation   total 109248K, used 21824K [0x00000007a0000000, 0x00000007a8000000, 0x00000007a8000000)
  eden space 87424K,   0% used [0x00000007a0000000, 0x00000007a0000000, 0x00000007a5560000)
  from space 21824K, 100% used [0x00000007a5560000, 0x00000007a6ab0000, 0x00000007a6ab0000)
  to   space 21824K,   0% used [0x00000007a6ab0000, 0x00000007a6ab0000, 0x00000007a8000000)
 concurrent mark-sweep generation total 393216K, used 149743K [0x00000007a8000000, 0x00000007c0000000, 0x00000007c0000000)
 Metaspace       used 35322K, capacity 35904K, committed 36272K, reserved 1081344K
  class space    used 4069K, capacity 4223K, committed 4272K, reserved 1048576K
}
2016-10-23T19:09:11.898+0800: 176.074: Total time for which application threads were stopped: 0.0052967 seconds, Stopping threads took: 0.0000288 seconds
{Heap before GC invocations=186 (full 6):
 par new generation   total 109248K, used 109248K [0x00000007a0000000, 0x00000007a8000000, 0x00000007a8000000)
  eden space 87424K, 100% used [0x00000007a0000000, 0x00000007a5560000, 0x00000007a5560000)
  from space 21824K, 100% used [0x00000007a5560000, 0x00000007a6ab0000, 0x00000007a6ab0000)
  to   space 21824K,   0% used [0x00000007a6ab0000, 0x00000007a6ab0000, 0x00000007a8000000)
 concurrent mark-sweep generation total 393216K, used 149743K [0x00000007a8000000, 0x00000007c0000000, 0x00000007c0000000)
 Metaspace       used 35322K, capacity 35904K, committed 36272K, reserved 1081344K
  class space    used 4069K, capacity 4223K, committed 4272K, reserved 1048576K
2016-10-23T19:09:12.112+0800: 176.288: [GC (Allocation Failure) 2016-10-23T19:09:12.112+0800: 176.288: [ParNew
Desired survivor size 20112992 bytes, new threshold 8 (max 8)
- age   1:    4454904 bytes,    4454904 total
- age   2:    1602816 bytes,    6057720 total
- age   3:     684488 bytes,    6742208 total
- age   4:    5346208 bytes,   12088416 total
- age   5:    3094152 bytes,   15182568 total
- age   6:     639680 bytes,   15822248 total
- age   7:     624168 bytes,   16446416 total
- age   8:    1790336 bytes,   18236752 total
: 109248K->21824K(109248K), 0.0056266 secs] 258991K->174640K(502464K), 0.0057188 secs] [Times: user=0.01 sys=0.00, real=0.00 secs] 
Heap after GC invocations=187 (full 6):
 par new generation   total 109248K, used 21824K [0x00000007a0000000, 0x00000007a8000000, 0x00000007a8000000)
  eden space 87424K,   0% used [0x00000007a0000000, 0x00000007a0000000, 0x00000007a5560000)
  from space 21824K, 100% used [0x00000007a6ab0000, 0x00000007a8000000, 0x00000007a8000000)
  to   space 21824K,   0% used [0x00000007a5560000, 0x00000007a5560000, 0x00000007a6ab0000)
 concurrent mark-sweep generation total 393216K, used 152816K [0x00000007a8000000, 0x00000007c0000000, 0x00000007c0000000)
 Metaspace       used 35322K, capacity 35904K, committed 36272K, reserved 1081344K
  class space    used 4069K, capacity 4223K, committed 4272K, reserved 1048576K
}
2016-10-23T19:09:12.118+0800: 176.294: Total time for which application threads were stopped: 0.0058855 seconds, Stopping threads took: 0.0000303 seconds
{Heap before GC invocations=187 (full 6):
 par new generation   total 109248K, used 109248K [0x00000007a0000000, 0x00000007a8000000, 0x00000007a8000000)
  eden space 87424K, 100% used [0x00000007a0000000, 0x00000007a5560000, 0x00000007a5560000)
  from space 21824K, 100% used [0x00000007a6ab0000, 0x00000007a8000000, 0x00000007a8000000)
  to   space 21824K,   0% used [0x00000007a5560000, 0x00000007a5560000, 0x00000007a6ab0000)
 concurrent mark-sweep generation total 393216K, used 152816K [0x00000007a8000000, 0x00000007c0000000, 0x00000007c0000000)
 Metaspace       used 35322K, capacity 35904K, committed 36272K, reserved 1081344K
  class space    used 4069K, capacity 4223K, committed 4272K, reserved 1048576K
2016-10-23T19:09:12.349+0800: 176.525: [GC (Allocation Failure) 2016-10-23T19:09:12.349+0800: 176.525: [ParNew
Desired survivor size 20112992 bytes, new threshold 8 (max 8)
- age   1:    5682040 bytes,    5682040 total
- age   2:    2532064 bytes,    8214104 total
- age   3:    1585720 bytes,    9799824 total
- age   4:     683888 bytes,   10483712 total
- age   5:    5306264 bytes,   15789976 total
- age   6:    2256776 bytes,   18046752 total
- age   7:     639424 bytes,   18686176 total
- age   8:     623784 bytes,   19309960 total
: 109248K->21824K(109248K), 0.0059041 secs] 262064K->178674K(502464K), 0.0059595 secs] [Times: user=0.02 sys=0.00, real=0.01 secs] 
Heap after GC invocations=188 (full 6):
 par new generation   total 109248K, used 21824K [0x00000007a0000000, 0x00000007a8000000, 0x00000007a8000000)
  eden space 87424K,   0% used [0x00000007a0000000, 0x00000007a0000000, 0x00000007a5560000)
  from space 21824K, 100% used [0x00000007a5560000, 0x00000007a6ab0000, 0x00000007a6ab0000)
  to   space 21824K,   0% used [0x00000007a6ab0000, 0x00000007a6ab0000, 0x00000007a8000000)
 concurrent mark-sweep generation total 393216K, used 156850K [0x00000007a8000000, 0x00000007c0000000, 0x00000007c0000000)
 Metaspace       used 35322K, capacity 35904K, committed 36272K, reserved 1081344K
  class space    used 4069K, capacity 4223K, committed 4272K, reserved 1048576K
}
2016-10-23T19:09:12.355+0800: 176.531: Total time for which application threads were stopped: 0.0061208 seconds, Stopping threads took: 0.0000293 seconds
{Heap before GC invocations=188 (full 6):
 par new generation   total 109248K, used 109248K [0x00000007a0000000, 0x00000007a8000000, 0x00000007a8000000)
  eden space 87424K, 100% used [0x00000007a0000000, 0x00000007a5560000, 0x00000007a5560000)
  from space 21824K, 100% used [0x00000007a5560000, 0x00000007a6ab0000, 0x00000007a6ab0000)
  to   space 21824K,   0% used [0x00000007a6ab0000, 0x00000007a6ab0000, 0x00000007a8000000)
 concurrent mark-sweep generation total 393216K, used 156850K [0x00000007a8000000, 0x00000007c0000000, 0x00000007c0000000)
 Metaspace       used 35322K, capacity 35904K, committed 36272K, reserved 1081344K
  class space    used 4069K, capacity 4223K, committed 4272K, reserved 1048576K
2016-10-23T19:09:12.575+0800: 176.751: [GC (Allocation Failure) 2016-10-23T19:09:12.575+0800: 176.751: [ParNew
Desired survivor size 20112992 bytes, new threshold 8 (max 8)
- age   1:    4493416 bytes,    4493416 total
- age   2:    2399744 bytes,    6893160 total
- age   3:    2463752 bytes,    9356912 total
- age   4:    1555928 bytes,   10912840 total
- age   5:     672720 bytes,   11585560 total
- age   6:    4451848 bytes,   16037408 total
- age   7:    2142648 bytes,   18180056 total
- age   8:     623616 bytes,   18803672 total
: 109248K->21824K(109248K), 0.0067263 secs] 266098K->182615K(502464K), 0.0068027 secs] [Times: user=0.02 sys=0.00, real=0.01 secs] 
Heap after GC invocations=189 (full 6):
 par new generation   total 109248K, used 21824K [0x00000007a0000000, 0x00000007a8000000, 0x00000007a8000000)
  eden space 87424K,   0% used [0x00000007a0000000, 0x00000007a0000000, 0x00000007a5560000)
  from space 21824K, 100% used [0x00000007a6ab0000, 0x00000007a8000000, 0x00000007a8000000)
  to   space 21824K,   0% used [0x00000007a5560000, 0x00000007a5560000, 0x00000007a6ab0000)
 concurrent mark-sweep generation total 393216K, used 160791K [0x00000007a8000000, 0x00000007c0000000, 0x00000007c0000000)
 Metaspace       used 35322K, capacity 35904K, committed 36272K, reserved 1081344K
  class space    used 4069K, capacity 4223K, committed 4272K, reserved 1048576K
}
2016-10-23T19:09:12.582+0800: 176.758: Total time for which application threads were stopped: 0.0069882 seconds, Stopping threads took: 0.0000408 seconds
{Heap before GC invocations=189 (full 6):
 par new generation   total 109248K, used 109248K [0x00000007a0000000, 0x00000007a8000000, 0x00000007a8000000)
  eden space 87424K, 100% used [0x00000007a0000000, 0x00000007a5560000, 0x00000007a5560000)
  from space 21824K, 100% used [0x00000007a6ab0000, 0x00000007a8000000, 0x00000007a8000000)
  to   space 21824K,   0% used [0x00000007a5560000, 0x00000007a5560000, 0x00000007a6ab0000)
 concurrent mark-sweep generation total 393216K, used 160791K [0x00000007a8000000, 0x00000007c0000000, 0x00000007c0000000)
 Metaspace       used 35322K, capacity 35904K, committed 36272K, reserved 1081344K
  class space    used 4069K, capacity 4223K, committed 4272K, reserved 1048576K
2016-10-23T19:09:12.806+0800: 176.982: [GC (Allocation Failure) 2016-10-23T19:09:12.806+0800: 176.982: [ParNew
Desired survivor size 20112992 bytes, new threshold 8 (max 8)
- age   1:    7657896 bytes,    7657896 total
- age   2:    1676312 bytes,    9334208 total
- age   3:    2167352 bytes,   11501560 total
- age   4:    2367640 bytes,   13869200 total
- age   5:     934248 bytes,   14803448 total
- age   6:     312520 bytes,   15115968 total
- age   7:    3725240 bytes,   18841208 total
- age   8:    2070256 bytes,   20911464 total
: 109248K->21824K(109248K), 0.0067241 secs] 270039K->185879K(502464K), 0.0067817 secs] [Times: user=0.03 sys=0.00, real=0.01 secs] 
Heap after GC invocations=190 (full 6):
 par new generation   total 109248K, used 21824K [0x00000007a0000000, 0x00000007a8000000, 0x00000007a8000000)
  eden space 87424K,   0% used [0x00000007a0000000, 0x00000007a0000000, 0x00000007a5560000)
  from space 21824K, 100% used [0x00000007a5560000, 0x00000007a6ab0000, 0x00000007a6ab0000)
  to   space 21824K,   0% used [0x00000007a6ab0000, 0x00000007a6ab0000, 0x00000007a8000000)
 concurrent mark-sweep generation total 393216K, used 164055K [0x00000007a8000000, 0x00000007c0000000, 0x00000007c0000000)
 Metaspace       used 35322K, capacity 35904K, committed 36272K, reserved 1081344K
  class space    used 4069K, capacity 4223K, committed 4272K, reserved 1048576K
}
2016-10-23T19:09:12.813+0800: 176.989: Total time for which application threads were stopped: 0.0069482 seconds, Stopping threads took: 0.0000294 seconds
{Heap before GC invocations=190 (full 6):
 par new generation   total 109248K, used 109248K [0x00000007a0000000, 0x00000007a8000000, 0x00000007a8000000)
  eden space 87424K, 100% used [0x00000007a0000000, 0x00000007a5560000, 0x00000007a5560000)
  from space 21824K, 100% used [0x00000007a5560000, 0x00000007a6ab0000, 0x00000007a6ab0000)
  to   space 21824K,   0% used [0x00000007a6ab0000, 0x00000007a6ab0000, 0x00000007a8000000)
 concurrent mark-sweep generation total 393216K, used 164055K [0x00000007a8000000, 0x00000007c0000000, 0x00000007c0000000)
 Metaspace       used 35322K, capacity 35904K, committed 36272K, reserved 1081344K
  class space    used 4069K, capacity 4223K, committed 4272K, reserved 1048576K
2016-10-23T19:09:13.048+0800: 177.224: [GC (Allocation Failure) 2016-10-23T19:09:13.048+0800: 177.224: [ParNew
Desired survivor size 20112992 bytes, new threshold 8 (max 8)
- age   1:    7772440 bytes,    7772440 total
- age   2:    1979368 bytes,    9751808 total
- age   3:    1312944 bytes,   11064752 total
- age   4:    1279104 bytes,   12343856 total
- age   5:    1252552 bytes,   13596408 total
- age   6:     934088 bytes,   14530496 total
- age   7:     312184 bytes,   14842680 total
- age   8:    3724408 bytes,   18567088 total
: 109248K->21824K(109248K), 0.0077776 secs] 273303K->193075K(502464K), 0.0078328 secs] [Times: user=0.03 sys=0.00, real=0.01 secs] 
Heap after GC invocations=191 (full 6):
 par new generation   total 109248K, used 21824K [0x00000007a0000000, 0x00000007a8000000, 0x00000007a8000000)
  eden space 87424K,   0% used [0x00000007a0000000, 0x00000007a0000000, 0x00000007a5560000)
  from space 21824K, 100% used [0x00000007a6ab0000, 0x00000007a8000000, 0x00000007a8000000)
  to   space 21824K,   0% used [0x00000007a5560000, 0x00000007a5560000, 0x00000007a6ab0000)
 concurrent mark-sweep generation total 393216K, used 171251K [0x00000007a8000000, 0x00000007c0000000, 0x00000007c0000000)
 Metaspace       used 35322K, capacity 35904K, committed 36272K, reserved 1081344K
  class space    used 4069K, capacity 4223K, committed 4272K, reserved 1048576K
}
2016-10-23T19:09:13.056+0800: 177.232: Total time for which application threads were stopped: 0.0079961 seconds, Stopping threads took: 0.0000302 seconds
{Heap before GC invocations=191 (full 6):
 par new generation   total 109248K, used 109248K [0x00000007a0000000, 0x00000007a8000000, 0x00000007a8000000)
  eden space 87424K, 100% used [0x00000007a0000000, 0x00000007a5560000, 0x00000007a5560000)
  from space 21824K, 100% used [0x00000007a6ab0000, 0x00000007a8000000, 0x00000007a8000000)
  to   space 21824K,   0% used [0x00000007a5560000, 0x00000007a5560000, 0x00000007a6ab0000)
 concurrent mark-sweep generation total 393216K, used 171251K [0x00000007a8000000, 0x00000007c0000000, 0x00000007c0000000)
 Metaspace       used 35322K, capacity 35904K, committed 36272K, reserved 1081344K
  class space    used 4069K, capacity 4223K, committed 4272K, reserved 1048576K
2016-10-23T19:09:13.290+0800: 177.466: [GC (Allocation Failure) 2016-10-23T19:09:13.290+0800: 177.466: [ParNew
Desired survivor size 20112992 bytes, new threshold 8 (max 8)
- age   1:    8281328 bytes,    8281328 total
- age   2:    3564632 bytes,   11845960 total
- age   3:    1972016 bytes,   13817976 total
- age   4:    1308184 bytes,   15126160 total
- age   5:    1212016 bytes,   16338176 total
- age   6:    1252168 bytes,   17590344 total
- age   7:     933320 bytes,   18523664 total
- age   8:     311944 bytes,   18835608 total
: 109248K->21824K(109248K), 0.0087116 secs] 280499K->197749K(502464K), 0.0087909 secs] [Times: user=0.03 sys=0.00, real=0.00 secs] 
Heap after GC invocations=192 (full 6):
 par new generation   total 109248K, used 21824K [0x00000007a0000000, 0x00000007a8000000, 0x00000007a8000000)
  eden space 87424K,   0% used [0x00000007a0000000, 0x00000007a0000000, 0x00000007a5560000)
  from space 21824K, 100% used [0x00000007a5560000, 0x00000007a6ab0000, 0x00000007a6ab0000)
  to   space 21824K,   0% used [0x00000007a6ab0000, 0x00000007a6ab0000, 0x00000007a8000000)
 concurrent mark-sweep generation total 393216K, used 175925K [0x00000007a8000000, 0x00000007c0000000, 0x00000007c0000000)
 Metaspace       used 35322K, capacity 35904K, committed 36272K, reserved 1081344K
  class space    used 4069K, capacity 4223K, committed 4272K, reserved 1048576K
}
2016-10-23T19:09:13.298+0800: 177.475: Total time for which application threads were stopped: 0.0089635 seconds, Stopping threads took: 0.0000304 seconds
{Heap before GC invocations=192 (full 6):
 par new generation   total 109248K, used 109248K [0x00000007a0000000, 0x00000007a8000000, 0x00000007a8000000)
  eden space 87424K, 100% used [0x00000007a0000000, 0x00000007a5560000, 0x00000007a5560000)
  from space 21824K, 100% used [0x00000007a5560000, 0x00000007a6ab0000, 0x00000007a6ab0000)
  to   space 21824K,   0% used [0x00000007a6ab0000, 0x00000007a6ab0000, 0x00000007a8000000)
 concurrent mark-sweep generation total 393216K, used 175925K [0x00000007a8000000, 0x00000007c0000000, 0x00000007c0000000)
 Metaspace       used 35322K, capacity 35904K, committed 36272K, reserved 1081344K
  class space    used 4069K, capacity 4223K, committed 4272K, reserved 1048576K
2016-10-23T19:09:13.531+0800: 177.707: [GC (Allocation Failure) 2016-10-23T19:09:13.531+0800: 177.707: [ParNew
Desired survivor size 20112992 bytes, new threshold 8 (max 8)
- age   1:    6811312 bytes,    6811312 total
- age   2:    1749664 bytes,    8560976 total
- age   3:    2588248 bytes,   11149224 total
- age   4:    1823392 bytes,   12972616 total
- age   5:    1235112 bytes,   14207728 total
- age   6:    1148600 bytes,   15356328 total
- age   7:    1150320 bytes,   16506648 total
- age   8:     834336 bytes,   17340984 total
: 109248K->21824K(109248K), 0.0074550 secs] 285173K->202338K(502464K), 0.0075477 secs] [Times: user=0.02 sys=0.00, real=0.00 secs] 
Heap after GC invocations=193 (full 6):
 par new generation   total 109248K, used 21824K [0x00000007a0000000, 0x00000007a8000000, 0x00000007a8000000)
  eden space 87424K,   0% used [0x00000007a0000000, 0x00000007a0000000, 0x00000007a5560000)
  from space 21824K, 100% used [0x00000007a6ab0000, 0x00000007a8000000, 0x00000007a8000000)
  to   space 21824K,   0% used [0x00000007a5560000, 0x00000007a5560000, 0x00000007a6ab0000)
 concurrent mark-sweep generation total 393216K, used 180514K [0x00000007a8000000, 0x00000007c0000000, 0x00000007c0000000)
 Metaspace       used 35322K, capacity 35904K, committed 36272K, reserved 1081344K
  class space    used 4069K, capacity 4223K, committed 4272K, reserved 1048576K
}
2016-10-23T19:09:13.539+0800: 177.715: Total time for which application threads were stopped: 0.0077100 seconds, Stopping threads took: 0.0000311 seconds
{Heap before GC invocations=193 (full 6):
 par new generation   total 109248K, used 109248K [0x00000007a0000000, 0x00000007a8000000, 0x00000007a8000000)
  eden space 87424K, 100% used [0x00000007a0000000, 0x00000007a5560000, 0x00000007a5560000)
  from space 21824K, 100% used [0x00000007a6ab0000, 0x00000007a8000000, 0x00000007a8000000)
  to   space 21824K,   0% used [0x00000007a5560000, 0x00000007a5560000, 0x00000007a6ab0000)
 concurrent mark-sweep generation total 393216K, used 180514K [0x00000007a8000000, 0x00000007c0000000, 0x00000007c0000000)
 Metaspace       used 35322K, capacity 35904K, committed 36272K, reserved 1081344K
  class space    used 4069K, capacity 4223K, committed 4272K, reserved 1048576K
2016-10-23T19:09:13.768+0800: 177.944: [GC (Allocation Failure) 2016-10-23T19:09:13.768+0800: 177.944: [ParNew
Desired survivor size 20112992 bytes, new threshold 8 (max 8)
- age   1:    7870896 bytes,    7870896 total
- age   2:    1327200 bytes,    9198096 total
- age   3:    1619624 bytes,   10817720 total
- age   4:    2525912 bytes,   13343632 total
- age   5:    1462672 bytes,   14806304 total
- age   6:    1143904 bytes,   15950208 total
- age   7:    1087464 bytes,   17037672 total
- age   8:    1107592 bytes,   18145264 total
: 109248K->21824K(109248K), 0.0089897 secs] 289762K->206139K(502464K), 0.0090677 secs] [Times: user=0.03 sys=0.00, real=0.01 secs] 
Heap after GC invocations=194 (full 6):
 par new generation   total 109248K, used 21824K [0x00000007a0000000, 0x00000007a8000000, 0x00000007a8000000)
  eden space 87424K,   0% used [0x00000007a0000000, 0x00000007a0000000, 0x00000007a5560000)
  from space 21824K, 100% used [0x00000007a5560000, 0x00000007a6ab0000, 0x00000007a6ab0000)
  to   space 21824K,   0% used [0x00000007a6ab0000, 0x00000007a6ab0000, 0x00000007a8000000)
 concurrent mark-sweep generation total 393216K, used 184315K [0x00000007a8000000, 0x00000007c0000000, 0x00000007c0000000)
 Metaspace       used 35322K, capacity 35904K, committed 36272K, reserved 1081344K
  class space    used 4069K, capacity 4223K, committed 4272K, reserved 1048576K
}
2016-10-23T19:09:13.777+0800: 177.953: Total time for which application threads were stopped: 0.0092550 seconds, Stopping threads took: 0.0000318 seconds
{Heap before GC invocations=194 (full 6):
 par new generation   total 109248K, used 109248K [0x00000007a0000000, 0x00000007a8000000, 0x00000007a8000000)
  eden space 87424K, 100% used [0x00000007a0000000, 0x00000007a5560000, 0x00000007a5560000)
  from space 21824K, 100% used [0x00000007a5560000, 0x00000007a6ab0000, 0x00000007a6ab0000)
  to   space 21824K,   0% used [0x00000007a6ab0000, 0x00000007a6ab0000, 0x00000007a8000000)
 concurrent mark-sweep generation total 393216K, used 184315K [0x00000007a8000000, 0x00000007c0000000, 0x00000007c0000000)
 Metaspace       used 35322K, capacity 35904K, committed 36272K, reserved 1081344K
  class space    used 4069K, capacity 4223K, committed 4272K, reserved 1048576K
2016-10-23T19:09:14.001+0800: 178.177: [GC (Allocation Failure) 2016-10-23T19:09:14.001+0800: 178.177: [ParNew
Desired survivor size 20112992 bytes, new threshold 8 (max 8)
- age   1:    7116032 bytes,    7116032 total
- age   2:    1782544 bytes,    8898576 total
- age   3:    1130032 bytes,   10028608 total
- age   4:    1468632 bytes,   11497240 total
- age   5:    2500400 bytes,   13997640 total
- age   6:    1438032 bytes,   15435672 total
- age   7:    1119064 bytes,   16554736 total
- age   8:    1066568 bytes,   17621304 total
: 109248K->21824K(109248K), 0.0085292 secs] 293563K->211253K(502464K), 0.0085965 secs] [Times: user=0.03 sys=0.01, real=0.00 secs] 
Heap after GC invocations=195 (full 6):
 par new generation   total 109248K, used 21824K [0x00000007a0000000, 0x00000007a8000000, 0x00000007a8000000)
  eden space 87424K,   0% used [0x00000007a0000000, 0x00000007a0000000, 0x00000007a5560000)
  from space 21824K, 100% used [0x00000007a6ab0000, 0x00000007a8000000, 0x00000007a8000000)
  to   space 21824K,   0% used [0x00000007a5560000, 0x00000007a5560000, 0x00000007a6ab0000)
 concurrent mark-sweep generation total 393216K, used 189429K [0x00000007a8000000, 0x00000007c0000000, 0x00000007c0000000)
 Metaspace       used 35322K, capacity 35904K, committed 36272K, reserved 1081344K
  class space    used 4069K, capacity 4223K, committed 4272K, reserved 1048576K
}
2016-10-23T19:09:14.009+0800: 178.185: Total time for which application threads were stopped: 0.0087619 seconds, Stopping threads took: 0.0000301 seconds
{Heap before GC invocations=195 (full 6):
 par new generation   total 109248K, used 109248K [0x00000007a0000000, 0x00000007a8000000, 0x00000007a8000000)
  eden space 87424K, 100% used [0x00000007a0000000, 0x00000007a5560000, 0x00000007a5560000)
  from space 21824K, 100% used [0x00000007a6ab0000, 0x00000007a8000000, 0x00000007a8000000)
  to   space 21824K,   0% used [0x00000007a5560000, 0x00000007a5560000, 0x00000007a6ab0000)
 concurrent mark-sweep generation total 393216K, used 189429K [0x00000007a8000000, 0x00000007c0000000, 0x00000007c0000000)
 Metaspace       used 35322K, capacity 35904K, committed 36272K, reserved 1081344K
  class space    used 4069K, capacity 4223K, committed 4272K, reserved 1048576K
2016-10-23T19:09:14.233+0800: 178.409: [GC (Allocation Failure) 2016-10-23T19:09:14.233+0800: 178.409: [ParNew
Desired survivor size 20112992 bytes, new threshold 8 (max 8)
- age   1:    7192440 bytes,    7192440 total
- age   2:    1511552 bytes,    8703992 total
- age   3:    1630816 bytes,   10334808 total
- age   4:    1125608 bytes,   11460416 total
- age   5:    1255000 bytes,   12715416 total
- age   6:    2496376 bytes,   15211792 total
- age   7:    1432072 bytes,   16643864 total
- age   8:    1116368 bytes,   17760232 total
: 109248K->21824K(109248K), 0.0086547 secs] 298677K->216297K(502464K), 0.0087295 secs] [Times: user=0.03 sys=0.00, real=0.01 secs] 
Heap after GC invocations=196 (full 6):
 par new generation   total 109248K, used 21824K [0x00000007a0000000, 0x00000007a8000000, 0x00000007a8000000)
  eden space 87424K,   0% used [0x00000007a0000000, 0x00000007a0000000, 0x00000007a5560000)
  from space 21824K, 100% used [0x00000007a5560000, 0x00000007a6ab0000, 0x00000007a6ab0000)
  to   space 21824K,   0% used [0x00000007a6ab0000, 0x00000007a6ab0000, 0x00000007a8000000)
 concurrent mark-sweep generation total 393216K, used 194473K [0x00000007a8000000, 0x00000007c0000000, 0x00000007c0000000)
 Metaspace       used 35322K, capacity 35904K, committed 36272K, reserved 1081344K
  class space    used 4069K, capacity 4223K, committed 4272K, reserved 1048576K
}
2016-10-23T19:09:14.241+0800: 178.417: Total time for which application threads were stopped: 0.0088890 seconds, Stopping threads took: 0.0000218 seconds
{Heap before GC invocations=196 (full 6):
 par new generation   total 109248K, used 109248K [0x00000007a0000000, 0x00000007a8000000, 0x00000007a8000000)
  eden space 87424K, 100% used [0x00000007a0000000, 0x00000007a5560000, 0x00000007a5560000)
  from space 21824K, 100% used [0x00000007a5560000, 0x00000007a6ab0000, 0x00000007a6ab0000)
  to   space 21824K,   0% used [0x00000007a6ab0000, 0x00000007a6ab0000, 0x00000007a8000000)
 concurrent mark-sweep generation total 393216K, used 194473K [0x00000007a8000000, 0x00000007c0000000, 0x00000007c0000000)
 Metaspace       used 35322K, capacity 35904K, committed 36272K, reserved 1081344K
  class space    used 4069K, capacity 4223K, committed 4272K, reserved 1048576K
2016-10-23T19:09:14.493+0800: 178.669: [GC (Allocation Failure) 2016-10-23T19:09:14.493+0800: 178.669: [ParNew
Desired survivor size 20112992 bytes, new threshold 8 (max 8)
- age   1:    4409560 bytes,    4409560 total
- age   2:    5476816 bytes,    9886376 total
- age   3:    1164624 bytes,   11051000 total
- age   4:    1630456 bytes,   12681456 total
- age   5:    1117488 bytes,   13798944 total
- age   6:    1250664 bytes,   15049608 total
- age   7:    1708768 bytes,   16758376 total
- age   8:    1430776 bytes,   18189152 total
: 109248K->21824K(109248K), 0.0088592 secs] 303721K->220328K(502464K), 0.0089286 secs] [Times: user=0.04 sys=0.00, real=0.01 secs] 
Heap after GC invocations=197 (full 6):
 par new generation   total 109248K, used 21824K [0x00000007a0000000, 0x00000007a8000000, 0x00000007a8000000)
  eden space 87424K,   0% used [0x00000007a0000000, 0x00000007a0000000, 0x00000007a5560000)
  from space 21824K, 100% used [0x00000007a6ab0000, 0x00000007a8000000, 0x00000007a8000000)
  to   space 21824K,   0% used [0x00000007a5560000, 0x00000007a5560000, 0x00000007a6ab0000)
 concurrent mark-sweep generation total 393216K, used 198504K [0x00000007a8000000, 0x00000007c0000000, 0x00000007c0000000)
 Metaspace       used 35322K, capacity 35904K, committed 36272K, reserved 1081344K
  class space    used 4069K, capacity 4223K, committed 4272K, reserved 1048576K
}
2016-10-23T19:09:14.502+0800: 178.678: Total time for which application threads were stopped: 0.0090892 seconds, Stopping threads took: 0.0000283 seconds
2016-10-23T19:09:14.502+0800: 178.678: [GC (CMS Initial Mark) [1 CMS-initial-mark: 198504K(393216K)] 222067K(502464K), 0.0025141 secs] [Times: user=0.00 sys=0.00, real=0.00 secs] 
2016-10-23T19:09:14.505+0800: 178.681: Total time for which application threads were stopped: 0.0026934 seconds, Stopping threads took: 0.0000937 seconds
2016-10-23T19:09:14.505+0800: 178.681: [CMS-concurrent-mark-start]
2016-10-23T19:09:14.517+0800: 178.693: [CMS-concurrent-mark: 0.013/0.013 secs] [Times: user=0.06 sys=0.00, real=0.01 secs] 
2016-10-23T19:09:14.517+0800: 178.693: [CMS-concurrent-preclean-start]
2016-10-23T19:09:14.518+0800: 178.694: [CMS-concurrent-preclean: 0.001/0.001 secs] [Times: user=0.00 sys=0.00, real=0.00 secs] 
2016-10-23T19:09:14.518+0800: 178.694: [CMS-concurrent-abortable-preclean-start]
2016-10-23T19:09:14.669+0800: 178.845: [CMS-concurrent-abortable-preclean: 0.151/0.151 secs] [Times: user=0.31 sys=0.00, real=0.15 secs] 
2016-10-23T19:09:14.669+0800: 178.846: [GC (CMS Final Remark) [YG occupancy: 78684 K (109248 K)]{Heap before GC invocations=197 (full 7):
 par new generation   total 109248K, used 78684K [0x00000007a0000000, 0x00000007a8000000, 0x00000007a8000000)
  eden space 87424K,  65% used [0x00000007a0000000, 0x00000007a37873d0, 0x00000007a5560000)
  from space 21824K, 100% used [0x00000007a6ab0000, 0x00000007a8000000, 0x00000007a8000000)
  to   space 21824K,   0% used [0x00000007a5560000, 0x00000007a5560000, 0x00000007a6ab0000)
 concurrent mark-sweep generation total 393216K, used 198504K [0x00000007a8000000, 0x00000007c0000000, 0x00000007c0000000)
 Metaspace       used 35322K, capacity 35904K, committed 36272K, reserved 1081344K
  class space    used 4069K, capacity 4223K, committed 4272K, reserved 1048576K
2016-10-23T19:09:14.669+0800: 178.846: [GC (CMS Final Remark) 2016-10-23T19:09:14.669+0800: 178.846: [ParNew
Desired survivor size 20112992 bytes, new threshold 8 (max 8)
- age   1:    4228856 bytes,    4228856 total
- age   2:    4145904 bytes,    8374760 total
- age   3:    3321736 bytes,   11696496 total
- age   4:    1160424 bytes,   12856920 total
- age   5:    1625848 bytes,   14482768 total
- age   6:    1113760 bytes,   15596528 total
- age   7:    1246728 bytes,   16843256 total
- age   8:    1082128 bytes,   17925384 total
: 78684K->21824K(109248K), 0.0088422 secs] 277189K->227882K(502464K), 0.0088855 secs] [Times: user=0.03 sys=0.00, real=0.01 secs] 
Heap after GC invocations=198 (full 7):
 par new generation   total 109248K, used 21824K [0x00000007a0000000, 0x00000007a8000000, 0x00000007a8000000)
  eden space 87424K,   0% used [0x00000007a0000000, 0x00000007a0000000, 0x00000007a5560000)
  from space 21824K, 100% used [0x00000007a5560000, 0x00000007a6ab0000, 0x00000007a6ab0000)
  to   space 21824K,   0% used [0x00000007a6ab0000, 0x00000007a6ab0000, 0x00000007a8000000)
 concurrent mark-sweep generation total 393216K, used 206058K [0x00000007a8000000, 0x00000007c0000000, 0x00000007c0000000)
 Metaspace       used 35322K, capacity 35904K, committed 36272K, reserved 1081344K
  class space    used 4069K, capacity 4223K, committed 4272K, reserved 1048576K
}
2016-10-23T19:09:14.678+0800: 178.855: [Rescan (parallel) , 0.0033519 secs]2016-10-23T19:09:14.682+0800: 178.858: [weak refs processing, 0.0010047 secs]2016-10-23T19:09:14.683+0800: 178.859: [class unloading, 0.0082438 secs]2016-10-23T19:09:14.691+0800: 178.867: [scrub symbol table, 0.0051323 secs]2016-10-23T19:09:14.696+0800: 178.872: [scrub string table, 0.0004826 secs][1 CMS-remark: 206058K(393216K)] 227882K(502464K), 0.0273773 secs] [Times: user=0.06 sys=0.00, real=0.03 secs] 
2016-10-23T19:09:14.697+0800: 178.873: Total time for which application threads were stopped: 0.0276091 seconds, Stopping threads took: 0.0001062 seconds
2016-10-23T19:09:14.697+0800: 178.873: [CMS-concurrent-sweep-start]
2016-10-23T19:09:14.747+0800: 178.923: [CMS-concurrent-sweep: 0.050/0.050 secs] [Times: user=0.10 sys=0.00, real=0.05 secs] 
2016-10-23T19:09:14.747+0800: 178.923: [CMS-concurrent-reset-start]
2016-10-23T19:09:14.747+0800: 178.924: [CMS-concurrent-reset: 0.000/0.000 secs] [Times: user=0.00 sys=0.00, real=0.00 secs] 
{Heap before GC invocations=198 (full 7):
 par new generation   total 109248K, used 109248K [0x00000007a0000000, 0x00000007a8000000, 0x00000007a8000000)
  eden space 87424K, 100% used [0x00000007a0000000, 0x00000007a5560000, 0x00000007a5560000)
  from space 21824K, 100% used [0x00000007a5560000, 0x00000007a6ab0000, 0x00000007a6ab0000)
  to   space 21824K,   0% used [0x00000007a6ab0000, 0x00000007a6ab0000, 0x00000007a8000000)
 concurrent mark-sweep generation total 393216K, used 82096K [0x00000007a8000000, 0x00000007c0000000, 0x00000007c0000000)
 Metaspace       used 35322K, capacity 35904K, committed 36272K, reserved 1081344K
  class space    used 4069K, capacity 4223K, committed 4272K, reserved 1048576K
2016-10-23T19:09:14.944+0800: 179.120: [GC (Allocation Failure) 2016-10-23T19:09:14.944+0800: 179.120: [ParNew
Desired survivor size 20112992 bytes, new threshold 8 (max 8)
- age   1:    8002304 bytes,    8002304 total
- age   2:    3103008 bytes,   11105312 total
- age   3:    2098784 bytes,   13204096 total
- age   4:    1103312 bytes,   14307408 total
- age   5:    1087248 bytes,   15394656 total
- age   6:    1557680 bytes,   16952336 total
- age   7:    1043216 bytes,   17995552 total
- age   8:    1174328 bytes,   19169880 total
: 109248K->21824K(109248K), 0.0098145 secs] 191344K->108987K(502464K), 0.0098877 secs] [Times: user=0.03 sys=0.00, real=0.01 secs] 
Heap after GC invocations=199 (full 7):
 par new generation   total 109248K, used 21824K [0x00000007a0000000, 0x00000007a8000000, 0x00000007a8000000)
  eden space 87424K,   0% used [0x00000007a0000000, 0x00000007a0000000, 0x00000007a5560000)
  from space 21824K, 100% used [0x00000007a6ab0000, 0x00000007a8000000, 0x00000007a8000000)
  to   space 21824K,   0% used [0x00000007a5560000, 0x00000007a5560000, 0x00000007a6ab0000)
 concurrent mark-sweep generation total 393216K, used 87163K [0x00000007a8000000, 0x00000007c0000000, 0x00000007c0000000)
 Metaspace       used 35322K, capacity 35904K, committed 36272K, reserved 1081344K
  class space    used 4069K, capacity 4223K, committed 4272K, reserved 1048576K
}
2016-10-23T19:09:14.954+0800: 179.130: Total time for which application threads were stopped: 0.0100347 seconds, Stopping threads took: 0.0000193 seconds
{Heap before GC invocations=199 (full 7):
 par new generation   total 109248K, used 109127K [0x00000007a0000000, 0x00000007a8000000, 0x00000007a8000000)
  eden space 87424K,  99% used [0x00000007a0000000, 0x00000007a5541c08, 0x00000007a5560000)
  from space 21824K, 100% used [0x00000007a6ab0000, 0x00000007a8000000, 0x00000007a8000000)
  to   space 21824K,   0% used [0x00000007a5560000, 0x00000007a5560000, 0x00000007a6ab0000)
 concurrent mark-sweep generation total 393216K, used 87163K [0x00000007a8000000, 0x00000007c0000000, 0x00000007c0000000)
 Metaspace       used 35322K, capacity 35904K, committed 36272K, reserved 1081344K
  class space    used 4069K, capacity 4223K, committed 4272K, reserved 1048576K
2016-10-23T19:09:15.205+0800: 179.381: [GC (Allocation Failure) 2016-10-23T19:09:15.205+0800: 179.381: [ParNew
Desired survivor size 20112992 bytes, new threshold 7 (max 8)
- age   1:    7981808 bytes,    7981808 total
- age   2:    4649992 bytes,   12631800 total
- age   3:    2200640 bytes,   14832440 total
- age   4:    1894808 bytes,   16727248 total
- age   5:    1077424 bytes,   17804672 total
- age   6:    1077872 bytes,   18882544 total
- age   7:    1517792 bytes,   20400336 total
- age   8:    1033272 bytes,   21433608 total
: 109127K->21824K(109248K), 0.0100935 secs] 196290K->115408K(502464K), 0.0101522 secs] [Times: user=0.04 sys=0.00, real=0.01 secs] 
Heap after GC invocations=200 (full 7):
 par new generation   total 109248K, used 21824K [0x00000007a0000000, 0x00000007a8000000, 0x00000007a8000000)
  eden space 87424K,   0% used [0x00000007a0000000, 0x00000007a0000000, 0x00000007a5560000)
  from space 21824K, 100% used [0x00000007a5560000, 0x00000007a6ab0000, 0x00000007a6ab0000)
  to   space 21824K,   0% used [0x00000007a6ab0000, 0x00000007a6ab0000, 0x00000007a8000000)
 concurrent mark-sweep generation total 393216K, used 93584K [0x00000007a8000000, 0x00000007c0000000, 0x00000007c0000000)
 Metaspace       used 35322K, capacity 35904K, committed 36272K, reserved 1081344K
  class space    used 4069K, capacity 4223K, committed 4272K, reserved 1048576K
}
2016-10-23T19:09:15.215+0800: 179.391: Total time for which application threads were stopped: 0.0103151 seconds, Stopping threads took: 0.0000198 seconds
{Heap before GC invocations=200 (full 7):
 par new generation   total 109248K, used 108693K [0x00000007a0000000, 0x00000007a8000000, 0x00000007a8000000)
  eden space 87424K,  99% used [0x00000007a0000000, 0x00000007a54d5690, 0x00000007a5560000)
  from space 21824K, 100% used [0x00000007a5560000, 0x00000007a6ab0000, 0x00000007a6ab0000)
  to   space 21824K,   0% used [0x00000007a6ab0000, 0x00000007a6ab0000, 0x00000007a8000000)
 concurrent mark-sweep generation total 393216K, used 93584K [0x00000007a8000000, 0x00000007c0000000, 0x00000007c0000000)
 Metaspace       used 35322K, capacity 35904K, committed 36272K, reserved 1081344K
  class space    used 4069K, capacity 4223K, committed 4272K, reserved 1048576K
2016-10-23T19:09:15.463+0800: 179.639: [GC (Allocation Failure) 2016-10-23T19:09:15.463+0800: 179.639: [ParNew
Desired survivor size 20112992 bytes, new threshold 7 (max 8)
- age   1:    5951288 bytes,    5951288 total
- age   2:    4371984 bytes,   10323272 total
- age   3:    3941360 bytes,   14264632 total
- age   4:    2185048 bytes,   16449680 total
- age   5:    1865168 bytes,   18314848 total
- age   6:    1051864 bytes,   19366712 total
- age   7:    1046656 bytes,   20413368 total
: 108693K->21824K(109248K), 0.0105233 secs] 202277K->124477K(502464K), 0.0105947 secs] [Times: user=0.04 sys=0.00, real=0.01 secs] 
Heap after GC invocations=201 (full 7):
 par new generation   total 109248K, used 21824K [0x00000007a0000000, 0x00000007a8000000, 0x00000007a8000000)
  eden space 87424K,   0% used [0x00000007a0000000, 0x00000007a0000000, 0x00000007a5560000)
  from space 21824K, 100% used [0x00000007a6ab0000, 0x00000007a8000000, 0x00000007a8000000)
  to   space 21824K,   0% used [0x00000007a5560000, 0x00000007a5560000, 0x00000007a6ab0000)
 concurrent mark-sweep generation total 393216K, used 102653K [0x00000007a8000000, 0x00000007c0000000, 0x00000007c0000000)
 Metaspace       used 35322K, capacity 35904K, committed 36272K, reserved 1081344K
  class space    used 4069K, capacity 4223K, committed 4272K, reserved 1048576K
}
2016-10-23T19:09:15.474+0800: 179.650: Total time for which application threads were stopped: 0.0107506 seconds, Stopping threads took: 0.0000181 seconds
{Heap before GC invocations=201 (full 7):
 par new generation   total 109248K, used 109248K [0x00000007a0000000, 0x00000007a8000000, 0x00000007a8000000)
  eden space 87424K, 100% used [0x00000007a0000000, 0x00000007a5560000, 0x00000007a5560000)
  from space 21824K, 100% used [0x00000007a6ab0000, 0x00000007a8000000, 0x00000007a8000000)
  to   space 21824K,   0% used [0x00000007a5560000, 0x00000007a5560000, 0x00000007a6ab0000)
 concurrent mark-sweep generation total 393216K, used 102653K [0x00000007a8000000, 0x00000007c0000000, 0x00000007c0000000)
 Metaspace       used 35322K, capacity 35904K, committed 36272K, reserved 1081344K
  class space    used 4069K, capacity 4223K, committed 4272K, reserved 1048576K
2016-10-23T19:09:15.734+0800: 179.910: [GC (Allocation Failure) 2016-10-23T19:09:15.734+0800: 179.910: [ParNew
Desired survivor size 20112992 bytes, new threshold 8 (max 8)
- age   1:    5272920 bytes,    5272920 total
- age   2:    3611376 bytes,    8884296 total
- age   3:    1121312 bytes,   10005608 total
- age   4:    3895552 bytes,   13901160 total
- age   5:    2158504 bytes,   16059664 total
- age   6:    1815840 bytes,   17875504 total
- age   7:    1004424 bytes,   18879928 total
: 109248K->21824K(109248K), 0.0111131 secs] 211901K->130899K(502464K), 0.0111682 secs] [Times: user=0.04 sys=0.00, real=0.01 secs] 
Heap after GC invocations=202 (full 7):
 par new generation   total 109248K, used 21824K [0x00000007a0000000, 0x00000007a8000000, 0x00000007a8000000)
  eden space 87424K,   0% used [0x00000007a0000000, 0x00000007a0000000, 0x00000007a5560000)
  from space 21824K, 100% used [0x00000007a5560000, 0x00000007a6ab0000, 0x00000007a6ab0000)
  to   space 21824K,   0% used [0x00000007a6ab0000, 0x00000007a6ab0000, 0x00000007a8000000)
 concurrent mark-sweep generation total 393216K, used 109075K [0x00000007a8000000, 0x00000007c0000000, 0x00000007c0000000)
 Metaspace       used 35322K, capacity 35904K, committed 36272K, reserved 1081344K
  class space    used 4069K, capacity 4223K, committed 4272K, reserved 1048576K
}
2016-10-23T19:09:15.745+0800: 179.921: Total time for which application threads were stopped: 0.0113170 seconds, Stopping threads took: 0.0000178 seconds
{Heap before GC invocations=202 (full 7):
 par new generation   total 109248K, used 109231K [0x00000007a0000000, 0x00000007a8000000, 0x00000007a8000000)
  eden space 87424K,  99% used [0x00000007a0000000, 0x00000007a555be48, 0x00000007a5560000)
  from space 21824K, 100% used [0x00000007a5560000, 0x00000007a6ab0000, 0x00000007a6ab0000)
  to   space 21824K,   0% used [0x00000007a6ab0000, 0x00000007a6ab0000, 0x00000007a8000000)
 concurrent mark-sweep generation total 393216K, used 109075K [0x00000007a8000000, 0x00000007c0000000, 0x00000007c0000000)
 Metaspace       used 35322K, capacity 35904K, committed 36272K, reserved 1081344K
  class space    used 4069K, capacity 4223K, committed 4272K, reserved 1048576K
2016-10-23T19:09:16.010+0800: 180.186: [GC (Allocation Failure) 2016-10-23T19:09:16.010+0800: 180.186: [ParNew
Desired survivor size 20112992 bytes, new threshold 8 (max 8)
- age   1:    4986776 bytes,    4986776 total
- age   2:    2826344 bytes,    7813120 total
- age   3:    2076880 bytes,    9890000 total
- age   4:    1086048 bytes,   10976048 total
- age   5:    3888632 bytes,   14864680 total
- age   6:    2154632 bytes,   17019312 total
- age   7:    1807736 bytes,   18827048 total
- age   8:     998504 bytes,   19825552 total
: 109231K->21824K(109248K), 0.0096188 secs] 218307K->136972K(502464K), 0.0097101 secs] [Times: user=0.03 sys=0.00, real=0.01 secs] 
Heap after GC invocations=203 (full 7):
 par new generation   total 109248K, used 21824K [0x00000007a0000000, 0x00000007a8000000, 0x00000007a8000000)
  eden space 87424K,   0% used [0x00000007a0000000, 0x00000007a0000000, 0x00000007a5560000)
  from space 21824K, 100% used [0x00000007a6ab0000, 0x00000007a8000000, 0x00000007a8000000)
  to   space 21824K,   0% used [0x00000007a5560000, 0x00000007a5560000, 0x00000007a6ab0000)
 concurrent mark-sweep generation total 393216K, used 115148K [0x00000007a8000000, 0x00000007c0000000, 0x00000007c0000000)
 Metaspace       used 35322K, capacity 35904K, committed 36272K, reserved 1081344K
  class space    used 4069K, capacity 4223K, committed 4272K, reserved 1048576K
}
2016-10-23T19:09:16.020+0800: 180.196: Total time for which application threads were stopped: 0.0099347 seconds, Stopping threads took: 0.0000263 seconds
{Heap before GC invocations=203 (full 7):
 par new generation   total 109248K, used 109248K [0x00000007a0000000, 0x00000007a8000000, 0x00000007a8000000)
  eden space 87424K, 100% used [0x00000007a0000000, 0x00000007a5560000, 0x00000007a5560000)
  from space 21824K, 100% used [0x00000007a6ab0000, 0x00000007a8000000, 0x00000007a8000000)
  to   space 21824K,   0% used [0x00000007a5560000, 0x00000007a5560000, 0x00000007a6ab0000)
 concurrent mark-sweep generation total 393216K, used 115148K [0x00000007a8000000, 0x00000007c0000000, 0x00000007c0000000)
 Metaspace       used 35322K, capacity 35904K, committed 36272K, reserved 1081344K
  class space    used 4069K, capacity 4223K, committed 4272K, reserved 1048576K
2016-10-23T19:09:16.292+0800: 180.468: [GC (Allocation Failure) 2016-10-23T19:09:16.292+0800: 180.468: [ParNew
Desired survivor size 20112992 bytes, new threshold 8 (max 8)
- age   1:    2336184 bytes,    2336184 total
- age   2:    4506488 bytes,    6842672 total
- age   3:    2449144 bytes,    9291816 total
- age   4:    1753144 bytes,   11044960 total
- age   5:     946544 bytes,   11991504 total
- age   6:    3807120 bytes,   15798624 total
- age   7:    2111448 bytes,   17910072 total
- age   8:    1713624 bytes,   19623696 total
: 109248K->21824K(109248K), 0.0109341 secs] 224396K->145668K(502464K), 0.0109998 secs] [Times: user=0.04 sys=0.00, real=0.01 secs] 
Heap after GC invocations=204 (full 7):
 par new generation   total 109248K, used 21824K [0x00000007a0000000, 0x00000007a8000000, 0x00000007a8000000)
  eden space 87424K,   0% used [0x00000007a0000000, 0x00000007a0000000, 0x00000007a5560000)
  from space 21824K, 100% used [0x00000007a5560000, 0x00000007a6ab0000, 0x00000007a6ab0000)
  to   space 21824K,   0% used [0x00000007a6ab0000, 0x00000007a6ab0000, 0x00000007a8000000)
 concurrent mark-sweep generation total 393216K, used 123844K [0x00000007a8000000, 0x00000007c0000000, 0x00000007c0000000)
 Metaspace       used 35322K, capacity 35904K, committed 36272K, reserved 1081344K
  class space    used 4069K, capacity 4223K, committed 4272K, reserved 1048576K
}
2016-10-23T19:09:16.303+0800: 180.479: Total time for which application threads were stopped: 0.0111775 seconds, Stopping threads took: 0.0000247 seconds
{Heap before GC invocations=204 (full 7):
 par new generation   total 109248K, used 109248K [0x00000007a0000000, 0x00000007a8000000, 0x00000007a8000000)
  eden space 87424K, 100% used [0x00000007a0000000, 0x00000007a5560000, 0x00000007a5560000)
  from space 21824K, 100% used [0x00000007a5560000, 0x00000007a6ab0000, 0x00000007a6ab0000)
  to   space 21824K,   0% used [0x00000007a6ab0000, 0x00000007a6ab0000, 0x00000007a8000000)
 concurrent mark-sweep generation total 393216K, used 123844K [0x00000007a8000000, 0x00000007c0000000, 0x00000007c0000000)
 Metaspace       used 35322K, capacity 35904K, committed 36272K, reserved 1081344K
  class space    used 4069K, capacity 4223K, committed 4272K, reserved 1048576K
2016-10-23T19:09:16.587+0800: 180.764: [GC (Allocation Failure) 2016-10-23T19:09:16.587+0800: 180.764: [ParNew
Desired survivor size 20112992 bytes, new threshold 8 (max 8)
- age   1:    3579088 bytes,    3579088 total
- age   2:    2046880 bytes,    5625968 total
- age   3:    3690888 bytes,    9316856 total
- age   4:    2025992 bytes,   11342848 total
- age   5:    1550920 bytes,   12893768 total
- age   6:     745536 bytes,   13639304 total
- age   7:    3610048 bytes,   17249352 total
- age   8:    1468680 bytes,   18718032 total
: 109248K->21824K(109248K), 0.0098274 secs] 233092K->156041K(502464K), 0.0098913 secs] [Times: user=0.03 sys=0.00, real=0.01 secs] 
Heap after GC invocations=205 (full 7):
 par new generation   total 109248K, used 21824K [0x00000007a0000000, 0x00000007a8000000, 0x00000007a8000000)
  eden space 87424K,   0% used [0x00000007a0000000, 0x00000007a0000000, 0x00000007a5560000)
  from space 21824K, 100% used [0x00000007a6ab0000, 0x00000007a8000000, 0x00000007a8000000)
  to   space 21824K,   0% used [0x00000007a5560000, 0x00000007a5560000, 0x00000007a6ab0000)
 concurrent mark-sweep generation total 393216K, used 134217K [0x00000007a8000000, 0x00000007c0000000, 0x00000007c0000000)
 Metaspace       used 35322K, capacity 35904K, committed 36272K, reserved 1081344K
  class space    used 4069K, capacity 4223K, committed 4272K, reserved 1048576K
}
2016-10-23T19:09:16.597+0800: 180.774: Total time for which application threads were stopped: 0.0100489 seconds, Stopping threads took: 0.0000184 seconds
{Heap before GC invocations=205 (full 7):
 par new generation   total 109248K, used 109248K [0x00000007a0000000, 0x00000007a8000000, 0x00000007a8000000)
  eden space 87424K, 100% used [0x00000007a0000000, 0x00000007a5560000, 0x00000007a5560000)
  from space 21824K, 100% used [0x00000007a6ab0000, 0x00000007a8000000, 0x00000007a8000000)
  to   space 21824K,   0% used [0x00000007a5560000, 0x00000007a5560000, 0x00000007a6ab0000)
 concurrent mark-sweep generation total 393216K, used 134217K [0x00000007a8000000, 0x00000007c0000000, 0x00000007c0000000)
 Metaspace       used 35322K, capacity 35904K, committed 36272K, reserved 1081344K
  class space    used 4069K, capacity 4223K, committed 4272K, reserved 1048576K
2016-10-23T19:09:16.868+0800: 181.044: [GC (Allocation Failure) 2016-10-23T19:09:16.868+0800: 181.044: [ParNew
Desired survivor size 20112992 bytes, new threshold 8 (max 8)
- age   1:    3822008 bytes,    3822008 total
- age   2:    3528848 bytes,    7350856 total
- age   3:    1578728 bytes,    8929584 total
- age   4:    3025488 bytes,   11955072 total
- age   5:    2001440 bytes,   13956512 total
- age   6:    1522336 bytes,   15478848 total
- age   7:     722296 bytes,   16201144 total
- age   8:    3587024 bytes,   19788168 total
: 109248K->21824K(109248K), 0.0095346 secs] 243465K->163633K(502464K), 0.0096155 secs] [Times: user=0.03 sys=0.00, real=0.01 secs] 
Heap after GC invocations=206 (full 7):
 par new generation   total 109248K, used 21824K [0x00000007a0000000, 0x00000007a8000000, 0x00000007a8000000)
  eden space 87424K,   0% used [0x00000007a0000000, 0x00000007a0000000, 0x00000007a5560000)
  from space 21824K, 100% used [0x00000007a5560000, 0x00000007a6ab0000, 0x00000007a6ab0000)
  to   space 21824K,   0% used [0x00000007a6ab0000, 0x00000007a6ab0000, 0x00000007a8000000)
 concurrent mark-sweep generation total 393216K, used 141809K [0x00000007a8000000, 0x00000007c0000000, 0x00000007c0000000)
 Metaspace       used 35322K, capacity 35904K, committed 36272K, reserved 1081344K
  class space    used 4069K, capacity 4223K, committed 4272K, reserved 1048576K
}
2016-10-23T19:09:16.878+0800: 181.054: Total time for which application threads were stopped: 0.0098102 seconds, Stopping threads took: 0.0000200 seconds
{Heap before GC invocations=206 (full 7):
 par new generation   total 109248K, used 109248K [0x00000007a0000000, 0x00000007a8000000, 0x00000007a8000000)
  eden space 87424K, 100% used [0x00000007a0000000, 0x00000007a5560000, 0x00000007a5560000)
  from space 21824K, 100% used [0x00000007a5560000, 0x00000007a6ab0000, 0x00000007a6ab0000)
  to   space 21824K,   0% used [0x00000007a6ab0000, 0x00000007a6ab0000, 0x00000007a8000000)
 concurrent mark-sweep generation total 393216K, used 141809K [0x00000007a8000000, 0x00000007c0000000, 0x00000007c0000000)
 Metaspace       used 35322K, capacity 35904K, committed 36272K, reserved 1081344K
  class space    used 4069K, capacity 4223K, committed 4272K, reserved 1048576K
2016-10-23T19:09:17.142+0800: 181.318: [GC (Allocation Failure) 2016-10-23T19:09:17.142+0800: 181.318: [ParNew
Desired survivor size 20112992 bytes, new threshold 8 (max 8)
- age   1:    6177920 bytes,    6177920 total
- age   2:    3248888 bytes,    9426808 total
- age   3:    1854832 bytes,   11281640 total
- age   4:    1497192 bytes,   12778832 total
- age   5:    3010176 bytes,   15789008 total
- age   6:    1983608 bytes,   17772616 total
- age   7:    1505968 bytes,   19278584 total
- age   8:     704360 bytes,   19982944 total
: 109248K->21824K(109248K), 0.0101173 secs] 251057K->173372K(502464K), 0.0101839 secs] [Times: user=0.04 sys=0.00, real=0.01 secs] 
Heap after GC invocations=207 (full 7):
 par new generation   total 109248K, used 21824K [0x00000007a0000000, 0x00000007a8000000, 0x00000007a8000000)
  eden space 87424K,   0% used [0x00000007a0000000, 0x00000007a0000000, 0x00000007a5560000)
  from space 21824K, 100% used [0x00000007a6ab0000, 0x00000007a8000000, 0x00000007a8000000)
  to   space 21824K,   0% used [0x00000007a5560000, 0x00000007a5560000, 0x00000007a6ab0000)
 concurrent mark-sweep generation total 393216K, used 151548K [0x00000007a8000000, 0x00000007c0000000, 0x00000007c0000000)
 Metaspace       used 35322K, capacity 35904K, committed 36272K, reserved 1081344K
  class space    used 4069K, capacity 4223K, committed 4272K, reserved 1048576K
}
2016-10-23T19:09:17.152+0800: 181.329: Total time for which application threads were stopped: 0.0103451 seconds, Stopping threads took: 0.0000221 seconds
{Heap before GC invocations=207 (full 7):
 par new generation   total 109248K, used 108906K [0x00000007a0000000, 0x00000007a8000000, 0x00000007a8000000)
  eden space 87424K,  99% used [0x00000007a0000000, 0x00000007a550ab00, 0x00000007a5560000)
  from space 21824K, 100% used [0x00000007a6ab0000, 0x00000007a8000000, 0x00000007a8000000)
  to   space 21824K,   0% used [0x00000007a5560000, 0x00000007a5560000, 0x00000007a6ab0000)
 concurrent mark-sweep generation total 393216K, used 151548K [0x00000007a8000000, 0x00000007c0000000, 0x00000007c0000000)
 Metaspace       used 35322K, capacity 35904K, committed 36272K, reserved 1081344K
  class space    used 4069K, capacity 4223K, committed 4272K, reserved 1048576K
2016-10-23T19:09:17.437+0800: 181.613: [GC (Allocation Failure) 2016-10-23T19:09:17.437+0800: 181.613: [ParNew
Desired survivor size 20112992 bytes, new threshold 8 (max 8)
- age   1:    2967176 bytes,    2967176 total
- age   2:    4280296 bytes,    7247472 total
- age   3:    3151096 bytes,   10398568 total
- age   4:    1748720 bytes,   12147288 total
- age   5:    1399936 bytes,   13547224 total
- age   6:    2786960 bytes,   16334184 total
- age   7:    1899088 bytes,   18233272 total
- age   8:    1419176 bytes,   19652448 total
: 108906K->21824K(109248K), 0.0101682 secs] 260454K->175821K(502464K), 0.0102672 secs] [Times: user=0.04 sys=0.00, real=0.01 secs] 
Heap after GC invocations=208 (full 7):
 par new generation   total 109248K, used 21824K [0x00000007a0000000, 0x00000007a8000000, 0x00000007a8000000)
  eden space 87424K,   0% used [0x00000007a0000000, 0x00000007a0000000, 0x00000007a5560000)
  from space 21824K, 100% used [0x00000007a5560000, 0x00000007a6ab0000, 0x00000007a6ab0000)
  to   space 21824K,   0% used [0x00000007a6ab0000, 0x00000007a6ab0000, 0x00000007a8000000)
 concurrent mark-sweep generation total 393216K, used 153997K [0x00000007a8000000, 0x00000007c0000000, 0x00000007c0000000)
 Metaspace       used 35322K, capacity 35904K, committed 36272K, reserved 1081344K
  class space    used 4069K, capacity 4223K, committed 4272K, reserved 1048576K
}
2016-10-23T19:09:17.447+0800: 181.623: Total time for which application threads were stopped: 0.0104535 seconds, Stopping threads took: 0.0000253 seconds
{Heap before GC invocations=208 (full 7):
 par new generation   total 109248K, used 109248K [0x00000007a0000000, 0x00000007a8000000, 0x00000007a8000000)
  eden space 87424K, 100% used [0x00000007a0000000, 0x00000007a5560000, 0x00000007a5560000)
  from space 21824K, 100% used [0x00000007a5560000, 0x00000007a6ab0000, 0x00000007a6ab0000)
  to   space 21824K,   0% used [0x00000007a6ab0000, 0x00000007a6ab0000, 0x00000007a8000000)
 concurrent mark-sweep generation total 393216K, used 153997K [0x00000007a8000000, 0x00000007c0000000, 0x00000007c0000000)
 Metaspace       used 35322K, capacity 35904K, committed 36272K, reserved 1081344K
  class space    used 4069K, capacity 4223K, committed 4272K, reserved 1048576K
2016-10-23T19:09:17.720+0800: 181.897: [GC (Allocation Failure) 2016-10-23T19:09:17.720+0800: 181.897: [ParNew
Desired survivor size 20112992 bytes, new threshold 8 (max 8)
- age   1:    6211616 bytes,    6211616 total
- age   2:    1270488 bytes,    7482104 total
- age   3:    2842896 bytes,   10325000 total
- age   4:    1499544 bytes,   11824544 total
- age   5:    1186056 bytes,   13010600 total
- age   6:    1265400 bytes,   14276000 total
- age   7:    2587032 bytes,   16863032 total
- age   8:    1729096 bytes,   18592128 total
: 109248K->21824K(109248K), 0.0123551 secs] 263245K->189565K(502464K), 0.0124175 secs] [Times: user=0.04 sys=0.01, real=0.01 secs] 
Heap after GC invocations=209 (full 7):
 par new generation   total 109248K, used 21824K [0x00000007a0000000, 0x00000007a8000000, 0x00000007a8000000)
  eden space 87424K,   0% used [0x00000007a0000000, 0x00000007a0000000, 0x00000007a5560000)
  from space 21824K, 100% used [0x00000007a6ab0000, 0x00000007a8000000, 0x00000007a8000000)
  to   space 21824K,   0% used [0x00000007a5560000, 0x00000007a5560000, 0x00000007a6ab0000)
 concurrent mark-sweep generation total 393216K, used 167741K [0x00000007a8000000, 0x00000007c0000000, 0x00000007c0000000)
 Metaspace       used 35322K, capacity 35904K, committed 36272K, reserved 1081344K
  class space    used 4069K, capacity 4223K, committed 4272K, reserved 1048576K
}
2016-10-23T19:09:17.733+0800: 181.909: Total time for which application threads were stopped: 0.0125717 seconds, Stopping threads took: 0.0000219 seconds
{Heap before GC invocations=209 (full 7):
 par new generation   total 109248K, used 109248K [0x00000007a0000000, 0x00000007a8000000, 0x00000007a8000000)
  eden space 87424K, 100% used [0x00000007a0000000, 0x00000007a5560000, 0x00000007a5560000)
  from space 21824K, 100% used [0x00000007a6ab0000, 0x00000007a8000000, 0x00000007a8000000)
  to   space 21824K,   0% used [0x00000007a5560000, 0x00000007a5560000, 0x00000007a6ab0000)
 concurrent mark-sweep generation total 393216K, used 167741K [0x00000007a8000000, 0x00000007c0000000, 0x00000007c0000000)
 Metaspace       used 35322K, capacity 35904K, committed 36272K, reserved 1081344K
  class space    used 4069K, capacity 4223K, committed 4272K, reserved 1048576K
2016-10-23T19:09:18.020+0800: 182.196: [GC (Allocation Failure) 2016-10-23T19:09:18.020+0800: 182.197: [ParNew
Desired survivor size 20112992 bytes, new threshold 8 (max 8)
- age   1:    7889416 bytes,    7889416 total
- age   2:    6104784 bytes,   13994200 total
- age   3:     971840 bytes,   14966040 total
- age   4:     846072 bytes,   15812112 total
- age   5:    1480576 bytes,   17292688 total
- age   6:    1163968 bytes,   18456656 total
- age   7:    1244592 bytes,   19701248 total
- age   8:    2565600 bytes,   22266848 total
: 109248K->21824K(109248K), 0.0101718 secs] 276989K->196278K(502464K), 0.0108388 secs] [Times: user=0.03 sys=0.00, real=0.01 secs] 
Heap after GC invocations=210 (full 7):
 par new generation   total 109248K, used 21824K [0x00000007a0000000, 0x00000007a8000000, 0x00000007a8000000)
  eden space 87424K,   0% used [0x00000007a0000000, 0x00000007a0000000, 0x00000007a5560000)
  from space 21824K, 100% used [0x00000007a5560000, 0x00000007a6ab0000, 0x00000007a6ab0000)
  to   space 21824K,   0% used [0x00000007a6ab0000, 0x00000007a6ab0000, 0x00000007a8000000)
 concurrent mark-sweep generation total 393216K, used 174454K [0x00000007a8000000, 0x00000007c0000000, 0x00000007c0000000)
 Metaspace       used 35322K, capacity 35904K, committed 36272K, reserved 1081344K
  class space    used 4069K, capacity 4223K, committed 4272K, reserved 1048576K
}
2016-10-23T19:09:18.031+0800: 182.207: Total time for which application threads were stopped: 0.0110756 seconds, Stopping threads took: 0.0000392 seconds
{Heap before GC invocations=210 (full 7):
 par new generation   total 109248K, used 109248K [0x00000007a0000000, 0x00000007a8000000, 0x00000007a8000000)
  eden space 87424K, 100% used [0x00000007a0000000, 0x00000007a5560000, 0x00000007a5560000)
  from space 21824K, 100% used [0x00000007a5560000, 0x00000007a6ab0000, 0x00000007a6ab0000)
  to   space 21824K,   0% used [0x00000007a6ab0000, 0x00000007a6ab0000, 0x00000007a8000000)
 concurrent mark-sweep generation total 393216K, used 174454K [0x00000007a8000000, 0x00000007c0000000, 0x00000007c0000000)
 Metaspace       used 35322K, capacity 35904K, committed 36272K, reserved 1081344K
  class space    used 4069K, capacity 4223K, committed 4272K, reserved 1048576K
2016-10-23T19:09:18.335+0800: 182.511: [GC (Allocation Failure) 2016-10-23T19:09:18.335+0800: 182.511: [ParNew
Desired survivor size 20112992 bytes, new threshold 8 (max 8)
- age   1:    2159832 bytes,    2159832 total
- age   2:    5522280 bytes,    7682112 total
- age   3:    6065544 bytes,   13747656 total
- age   4:     947096 bytes,   14694752 total
- age   5:     823312 bytes,   15518064 total
- age   6:    1460160 bytes,   16978224 total
- age   7:    1174424 bytes,   18152648 total
- age   8:    1254960 bytes,   19407608 total
: 109248K->21824K(109248K), 0.0115437 secs] 283702K->203089K(502464K), 0.0116094 secs] [Times: user=0.04 sys=0.00, real=0.01 secs] 
Heap after GC invocations=211 (full 7):
 par new generation   total 109248K, used 21824K [0x00000007a0000000, 0x00000007a8000000, 0x00000007a8000000)
  eden space 87424K,   0% used [0x00000007a0000000, 0x00000007a0000000, 0x00000007a5560000)
  from space 21824K, 100% used [0x00000007a6ab0000, 0x00000007a8000000, 0x00000007a8000000)
  to   space 21824K,   0% used [0x00000007a5560000, 0x00000007a5560000, 0x00000007a6ab0000)
 concurrent mark-sweep generation total 393216K, used 181265K [0x00000007a8000000, 0x00000007c0000000, 0x00000007c0000000)
 Metaspace       used 35322K, capacity 35904K, committed 36272K, reserved 1081344K
  class space    used 4069K, capacity 4223K, committed 4272K, reserved 1048576K
}
2016-10-23T19:09:18.347+0800: 182.523: Total time for which application threads were stopped: 0.0117999 seconds, Stopping threads took: 0.0000265 seconds
{Heap before GC invocations=211 (full 7):
 par new generation   total 109248K, used 109248K [0x00000007a0000000, 0x00000007a8000000, 0x00000007a8000000)
  eden space 87424K, 100% used [0x00000007a0000000, 0x00000007a5560000, 0x00000007a5560000)
  from space 21824K, 100% used [0x00000007a6ab0000, 0x00000007a8000000, 0x00000007a8000000)
  to   space 21824K,   0% used [0x00000007a5560000, 0x00000007a5560000, 0x00000007a6ab0000)
 concurrent mark-sweep generation total 393216K, used 181265K [0x00000007a8000000, 0x00000007c0000000, 0x00000007c0000000)
 Metaspace       used 35322K, capacity 35904K, committed 36272K, reserved 1081344K
  class space    used 4069K, capacity 4223K, committed 4272K, reserved 1048576K
2016-10-23T19:09:18.644+0800: 182.820: [GC (Allocation Failure) 2016-10-23T19:09:18.644+0800: 182.820: [ParNew
Desired survivor size 20112992 bytes, new threshold 8 (max 8)
- age   1:    9247264 bytes,    9247264 total
- age   2:    1513208 bytes,   10760472 total
- age   3:    4413544 bytes,   15174016 total
- age   4:     851272 bytes,   16025288 total
- age   5:     921792 bytes,   16947080 total
- age   6:     799656 bytes,   17746736 total
- age   7:    1439576 bytes,   19186312 total
- age   8:    1116224 bytes,   20302536 total
: 109248K->21824K(109248K), 0.0108656 secs] 290513K->214452K(502464K), 0.0109403 secs] [Times: user=0.04 sys=0.00, real=0.01 secs] 
Heap after GC invocations=212 (full 7):
 par new generation   total 109248K, used 21824K [0x00000007a0000000, 0x00000007a8000000, 0x00000007a8000000)
  eden space 87424K,   0% used [0x00000007a0000000, 0x00000007a0000000, 0x00000007a5560000)
  from space 21824K, 100% used [0x00000007a5560000, 0x00000007a6ab0000, 0x00000007a6ab0000)
  to   space 21824K,   0% used [0x00000007a6ab0000, 0x00000007a6ab0000, 0x00000007a8000000)
 concurrent mark-sweep generation total 393216K, used 192628K [0x00000007a8000000, 0x00000007c0000000, 0x00000007c0000000)
 Metaspace       used 35322K, capacity 35904K, committed 36272K, reserved 1081344K
  class space    used 4069K, capacity 4223K, committed 4272K, reserved 1048576K
}
2016-10-23T19:09:18.655+0800: 182.831: Total time for which application threads were stopped: 0.0110947 seconds, Stopping threads took: 0.0000216 seconds
{Heap before GC invocations=212 (full 7):
 par new generation   total 109248K, used 109248K [0x00000007a0000000, 0x00000007a8000000, 0x00000007a8000000)
  eden space 87424K, 100% used [0x00000007a0000000, 0x00000007a5560000, 0x00000007a5560000)
  from space 21824K, 100% used [0x00000007a5560000, 0x00000007a6ab0000, 0x00000007a6ab0000)
  to   space 21824K,   0% used [0x00000007a6ab0000, 0x00000007a6ab0000, 0x00000007a8000000)
 concurrent mark-sweep generation total 393216K, used 192628K [0x00000007a8000000, 0x00000007c0000000, 0x00000007c0000000)
 Metaspace       used 35322K, capacity 35904K, committed 36272K, reserved 1081344K
  class space    used 4069K, capacity 4223K, committed 4272K, reserved 1048576K
2016-10-23T19:09:18.915+0800: 183.092: [GC (Allocation Failure) 2016-10-23T19:09:18.915+0800: 183.092: [ParNew
Desired survivor size 20112992 bytes, new threshold 7 (max 8)
- age   1:    6653344 bytes,    6653344 total
- age   2:    8968456 bytes,   15621800 total
- age   3:    1238392 bytes,   16860192 total
- age   4:     804120 bytes,   17664312 total
- age   5:     824952 bytes,   18489264 total
- age   6:     907368 bytes,   19396632 total
- age   7:     786848 bytes,   20183480 total
- age   8:    1428864 bytes,   21612344 total
: 109248K->21824K(109248K), 0.0148200 secs] 301876K->222660K(502464K), 0.0148893 secs] [Times: user=0.05 sys=0.00, real=0.02 secs] 
Heap after GC invocations=213 (full 7):
 par new generation   total 109248K, used 21824K [0x00000007a0000000, 0x00000007a8000000, 0x00000007a8000000)
  eden space 87424K,   0% used [0x00000007a0000000, 0x00000007a0000000, 0x00000007a5560000)
  from space 21824K, 100% used [0x00000007a6ab0000, 0x00000007a8000000, 0x00000007a8000000)
  to   space 21824K,   0% used [0x00000007a5560000, 0x00000007a5560000, 0x00000007a6ab0000)
 concurrent mark-sweep generation total 393216K, used 200836K [0x00000007a8000000, 0x00000007c0000000, 0x00000007c0000000)
 Metaspace       used 35322K, capacity 35904K, committed 36272K, reserved 1081344K
  class space    used 4069K, capacity 4223K, committed 4272K, reserved 1048576K
}
2016-10-23T19:09:18.930+0800: 183.107: Total time for which application threads were stopped: 0.0150832 seconds, Stopping threads took: 0.0000243 seconds
2016-10-23T19:09:18.931+0800: 183.107: [GC (CMS Initial Mark) [1 CMS-initial-mark: 200836K(393216K)] 224406K(502464K), 0.0017472 secs] [Times: user=0.01 sys=0.00, real=0.00 secs] 
2016-10-23T19:09:18.932+0800: 183.109: Total time for which application threads were stopped: 0.0019487 seconds, Stopping threads took: 0.0000983 seconds
2016-10-23T19:09:18.932+0800: 183.109: [CMS-concurrent-mark-start]
2016-10-23T19:09:18.960+0800: 183.136: [CMS-concurrent-mark: 0.027/0.027 secs] [Times: user=0.13 sys=0.00, real=0.03 secs] 
2016-10-23T19:09:18.960+0800: 183.136: [CMS-concurrent-preclean-start]
2016-10-23T19:09:18.962+0800: 183.138: [CMS-concurrent-preclean: 0.002/0.002 secs] [Times: user=0.00 sys=0.00, real=0.00 secs] 
2016-10-23T19:09:18.962+0800: 183.138: [CMS-concurrent-abortable-preclean-start]
2016-10-23T19:09:19.413+0800: 183.590: [CMS-concurrent-abortable-preclean: 0.148/0.452 secs] [Times: user=0.71 sys=0.01, real=0.45 secs] 
2016-10-23T19:09:19.416+0800: 183.592: [GC (CMS Final Remark) [YG occupancy: 75244 K (109248 K)]{Heap before GC invocations=213 (full 8):
 par new generation   total 109248K, used 75244K [0x00000007a0000000, 0x00000007a8000000, 0x00000007a8000000)
  eden space 87424K,  61% used [0x00000007a0000000, 0x00000007a342b010, 0x00000007a5560000)
  from space 21824K, 100% used [0x00000007a6ab0000, 0x00000007a8000000, 0x00000007a8000000)
  to   space 21824K,   0% used [0x00000007a5560000, 0x00000007a5560000, 0x00000007a6ab0000)
 concurrent mark-sweep generation total 393216K, used 200836K [0x00000007a8000000, 0x00000007c0000000, 0x00000007c0000000)
 Metaspace       used 35323K, capacity 35904K, committed 36272K, reserved 1081344K
  class space    used 4069K, capacity 4223K, committed 4272K, reserved 1048576K
2016-10-23T19:09:19.416+0800: 183.592: [GC (CMS Final Remark) 2016-10-23T19:09:19.416+0800: 183.592: [ParNew
Desired survivor size 20112992 bytes, new threshold 8 (max 8)
- age   1:     650696 bytes,     650696 total
- age   2:    5085776 bytes,    5736472 total
- age   3:    8895568 bytes,   14632040 total
- age   4:    1179360 bytes,   15811400 total
- age   5:     754784 bytes,   16566184 total
- age   6:     782904 bytes,   17349088 total
- age   7:     881608 bytes,   18230696 total
: 75244K->21824K(109248K), 0.0086658 secs] 276080K->226482K(502464K), 0.0087146 secs] [Times: user=0.03 sys=0.00, real=0.01 secs] 
Heap after GC invocations=214 (full 8):
 par new generation   total 109248K, used 21824K [0x00000007a0000000, 0x00000007a8000000, 0x00000007a8000000)
  eden space 87424K,   0% used [0x00000007a0000000, 0x00000007a0000000, 0x00000007a5560000)
  from space 21824K, 100% used [0x00000007a5560000, 0x00000007a6ab0000, 0x00000007a6ab0000)
  to   space 21824K,   0% used [0x00000007a6ab0000, 0x00000007a6ab0000, 0x00000007a8000000)
 concurrent mark-sweep generation total 393216K, used 204658K [0x00000007a8000000, 0x00000007c0000000, 0x00000007c0000000)
 Metaspace       used 35323K, capacity 35904K, committed 36272K, reserved 1081344K
  class space    used 4069K, capacity 4223K, committed 4272K, reserved 1048576K
}
2016-10-23T19:09:19.425+0800: 183.601: [Rescan (parallel) , 0.0043033 secs]2016-10-23T19:09:19.429+0800: 183.605: [weak refs processing, 0.0009487 secs]2016-10-23T19:09:19.430+0800: 183.606: [class unloading, 0.0066515 secs]2016-10-23T19:09:19.437+0800: 183.613: [scrub symbol table, 0.0043580 secs]2016-10-23T19:09:19.441+0800: 183.617: [scrub string table, 0.0004863 secs][1 CMS-remark: 204658K(393216K)] 226482K(502464K), 0.0257508 secs] [Times: user=0.06 sys=0.00, real=0.03 secs] 
2016-10-23T19:09:19.442+0800: 183.618: Total time for which application threads were stopped: 0.0283498 seconds, Stopping threads took: 0.0024495 seconds
2016-10-23T19:09:19.442+0800: 183.618: [CMS-concurrent-sweep-start]
2016-10-23T19:09:19.468+0800: 183.644: [CMS-concurrent-sweep: 0.026/0.026 secs] [Times: user=0.05 sys=0.00, real=0.02 secs] 
2016-10-23T19:09:19.468+0800: 183.644: [CMS-concurrent-reset-start]
2016-10-23T19:09:19.468+0800: 183.645: [CMS-concurrent-reset: 0.000/0.000 secs] [Times: user=0.00 sys=0.00, real=0.00 secs] 
{Heap before GC invocations=214 (full 8):
 par new generation   total 109248K, used 109248K [0x00000007a0000000, 0x00000007a8000000, 0x00000007a8000000)
  eden space 87424K, 100% used [0x00000007a0000000, 0x00000007a5560000, 0x00000007a5560000)
  from space 21824K, 100% used [0x00000007a5560000, 0x00000007a6ab0000, 0x00000007a6ab0000)
  to   space 21824K,   0% used [0x00000007a6ab0000, 0x00000007a6ab0000, 0x00000007a8000000)
 concurrent mark-sweep generation total 393216K, used 134017K [0x00000007a8000000, 0x00000007c0000000, 0x00000007c0000000)
 Metaspace       used 35323K, capacity 35904K, committed 36272K, reserved 1081344K
  class space    used 4069K, capacity 4223K, committed 4272K, reserved 1048576K
2016-10-23T19:09:20.205+0800: 184.382: [GC (Allocation Failure) 2016-10-23T19:09:20.205+0800: 184.382: [ParNew
Desired survivor size 20112992 bytes, new threshold 8 (max 8)
- age   1:     120552 bytes,     120552 total
- age   2:     625312 bytes,     745864 total
- age   3:    4670680 bytes,    5416544 total
- age   4:    8696656 bytes,   14113200 total
- age   5:    1141544 bytes,   15254744 total
- age   6:     748976 bytes,   16003720 total
- age   7:     770752 bytes,   16774472 total
- age   8:     862928 bytes,   17637400 total
: 109248K->21824K(109248K), 0.0071037 secs] 243265K->156540K(502464K), 0.0071728 secs] [Times: user=0.03 sys=0.00, real=0.01 secs] 
Heap after GC invocations=215 (full 8):
 par new generation   total 109248K, used 21824K [0x00000007a0000000, 0x00000007a8000000, 0x00000007a8000000)
  eden space 87424K,   0% used [0x00000007a0000000, 0x00000007a0000000, 0x00000007a5560000)
  from space 21824K, 100% used [0x00000007a6ab0000, 0x00000007a8000000, 0x00000007a8000000)
  to   space 21824K,   0% used [0x00000007a5560000, 0x00000007a5560000, 0x00000007a6ab0000)
 concurrent mark-sweep generation total 393216K, used 134716K [0x00000007a8000000, 0x00000007c0000000, 0x00000007c0000000)
 Metaspace       used 35323K, capacity 35904K, committed 36272K, reserved 1081344K
  class space    used 4069K, capacity 4223K, committed 4272K, reserved 1048576K
}
2016-10-23T19:09:20.212+0800: 184.389: Total time for which application threads were stopped: 0.0073553 seconds, Stopping threads took: 0.0000230 seconds
{Heap before GC invocations=215 (full 8):
 par new generation   total 109248K, used 109248K [0x00000007a0000000, 0x00000007a8000000, 0x00000007a8000000)
  eden space 87424K, 100% used [0x00000007a0000000, 0x00000007a5560000, 0x00000007a5560000)
  from space 21824K, 100% used [0x00000007a6ab0000, 0x00000007a8000000, 0x00000007a8000000)
  to   space 21824K,   0% used [0x00000007a5560000, 0x00000007a5560000, 0x00000007a6ab0000)
 concurrent mark-sweep generation total 393216K, used 134716K [0x00000007a8000000, 0x00000007c0000000, 0x00000007c0000000)
 Metaspace       used 35323K, capacity 35904K, committed 36272K, reserved 1081344K
  class space    used 4069K, capacity 4223K, committed 4272K, reserved 1048576K
2016-10-23T19:09:20.328+0800: 184.504: [GC (Allocation Failure) 2016-10-23T19:09:20.328+0800: 184.504: [ParNew
Desired survivor size 20112992 bytes, new threshold 8 (max 8)
- age   1:      66392 bytes,      66392 total
- age   2:      97800 bytes,     164192 total
- age   3:     625312 bytes,     789504 total
- age   4:    4670680 bytes,    5460184 total
- age   5:    8696656 bytes,   14156840 total
- age   6:    1141544 bytes,   15298384 total
- age   7:     748976 bytes,   16047360 total
- age   8:     770752 bytes,   16818112 total
: 109248K->20669K(109248K), 0.0073029 secs] 243964K->156245K(502464K), 0.0073711 secs] [Times: user=0.02 sys=0.00, real=0.01 secs] 
Heap after GC invocations=216 (full 8):
 par new generation   total 109248K, used 20669K [0x00000007a0000000, 0x00000007a8000000, 0x00000007a8000000)
  eden space 87424K,   0% used [0x00000007a0000000, 0x00000007a0000000, 0x00000007a5560000)
  from space 21824K,  94% used [0x00000007a5560000, 0x00000007a698f6a8, 0x00000007a6ab0000)
  to   space 21824K,   0% used [0x00000007a6ab0000, 0x00000007a6ab0000, 0x00000007a8000000)
 concurrent mark-sweep generation total 393216K, used 135576K [0x00000007a8000000, 0x00000007c0000000, 0x00000007c0000000)
 Metaspace       used 35323K, capacity 35904K, committed 36272K, reserved 1081344K
  class space    used 4069K, capacity 4223K, committed 4272K, reserved 1048576K
}
2016-10-23T19:09:20.335+0800: 184.512: Total time for which application threads were stopped: 0.0075339 seconds, Stopping threads took: 0.0000209 seconds
{Heap before GC invocations=216 (full 8):
 par new generation   total 109248K, used 108093K [0x00000007a0000000, 0x00000007a8000000, 0x00000007a8000000)
  eden space 87424K, 100% used [0x00000007a0000000, 0x00000007a5560000, 0x00000007a5560000)
  from space 21824K,  94% used [0x00000007a5560000, 0x00000007a698f6a8, 0x00000007a6ab0000)
  to   space 21824K,   0% used [0x00000007a6ab0000, 0x00000007a6ab0000, 0x00000007a8000000)
 concurrent mark-sweep generation total 393216K, used 135576K [0x00000007a8000000, 0x00000007c0000000, 0x00000007c0000000)
 Metaspace       used 35323K, capacity 35904K, committed 36272K, reserved 1081344K
  class space    used 4069K, capacity 4223K, committed 4272K, reserved 1048576K
2016-10-23T19:09:20.398+0800: 184.575: [GC (Allocation Failure) 2016-10-23T19:09:20.398+0800: 184.575: [ParNew
Desired survivor size 20112992 bytes, new threshold 8 (max 8)
- age   1:      65720 bytes,      65720 total
- age   3:      56592 bytes,     122312 total
- age   4:     625312 bytes,     747624 total
- age   5:    4670680 bytes,    5418304 total
- age   6:    8696656 bytes,   14114960 total
- age   7:    1141544 bytes,   15256504 total
- age   8:     748976 bytes,   16005480 total
: 108093K->18420K(109248K), 0.0077875 secs] 243669K->154764K(502464K), 0.0078304 secs] [Times: user=0.03 sys=0.00, real=0.01 secs] 
Heap after GC invocations=217 (full 8):
 par new generation   total 109248K, used 18420K [0x00000007a0000000, 0x00000007a8000000, 0x00000007a8000000)
  eden space 87424K,   0% used [0x00000007a0000000, 0x00000007a0000000, 0x00000007a5560000)
  from space 21824K,  84% used [0x00000007a6ab0000, 0x00000007a7cad1d8, 0x00000007a8000000)
  to   space 21824K,   0% used [0x00000007a5560000, 0x00000007a5560000, 0x00000007a6ab0000)
 concurrent mark-sweep generation total 393216K, used 136344K [0x00000007a8000000, 0x00000007c0000000, 0x00000007c0000000)
 Metaspace       used 35323K, capacity 35904K, committed 36272K, reserved 1081344K
  class space    used 4069K, capacity 4223K, committed 4272K, reserved 1048576K
}
2016-10-23T19:09:20.406+0800: 184.582: Total time for which application threads were stopped: 0.0079963 seconds, Stopping threads took: 0.0000278 seconds
{Heap before GC invocations=217 (full 8):
 par new generation   total 109248K, used 105844K [0x00000007a0000000, 0x00000007a8000000, 0x00000007a8000000)
  eden space 87424K, 100% used [0x00000007a0000000, 0x00000007a5560000, 0x00000007a5560000)
  from space 21824K,  84% used [0x00000007a6ab0000, 0x00000007a7cad1d8, 0x00000007a8000000)
  to   space 21824K,   0% used [0x00000007a5560000, 0x00000007a5560000, 0x00000007a6ab0000)
 concurrent mark-sweep generation total 393216K, used 136344K [0x00000007a8000000, 0x00000007c0000000, 0x00000007c0000000)
 Metaspace       used 35323K, capacity 35904K, committed 36272K, reserved 1081344K
  class space    used 4069K, capacity 4223K, committed 4272K, reserved 1048576K
2016-10-23T19:09:20.555+0800: 184.731: [GC (Allocation Failure) 2016-10-23T19:09:20.555+0800: 184.731: [ParNew
Desired survivor size 20112992 bytes, new threshold 8 (max 8)
- age   1:     114984 bytes,     114984 total
- age   2:        752 bytes,     115736 total
- age   4:      56592 bytes,     172328 total
- age   5:     625312 bytes,     797640 total
- age   6:    4670680 bytes,    5468320 total
- age   7:    8696656 bytes,   14164976 total
- age   8:    1141544 bytes,   15306520 total
: 105844K->17322K(109248K), 0.0062124 secs] 242188K->154415K(502464K), 0.0062752 secs] [Times: user=0.03 sys=0.00, real=0.01 secs] 
Heap after GC invocations=218 (full 8):
 par new generation   total 109248K, used 17322K [0x00000007a0000000, 0x00000007a8000000, 0x00000007a8000000)
  eden space 87424K,   0% used [0x00000007a0000000, 0x00000007a0000000, 0x00000007a5560000)
  from space 21824K,  79% used [0x00000007a5560000, 0x00000007a664a8f8, 0x00000007a6ab0000)
  to   space 21824K,   0% used [0x00000007a6ab0000, 0x00000007a6ab0000, 0x00000007a8000000)
 concurrent mark-sweep generation total 393216K, used 137093K [0x00000007a8000000, 0x00000007c0000000, 0x00000007c0000000)
 Metaspace       used 35323K, capacity 35904K, committed 36272K, reserved 1081344K
  class space    used 4069K, capacity 4223K, committed 4272K, reserved 1048576K
}
2016-10-23T19:09:20.561+0800: 184.738: Total time for which application threads were stopped: 0.0064691 seconds, Stopping threads took: 0.0000296 seconds
{Heap before GC invocations=218 (full 8):
 par new generation   total 109248K, used 104746K [0x00000007a0000000, 0x00000007a8000000, 0x00000007a8000000)
  eden space 87424K, 100% used [0x00000007a0000000, 0x00000007a5560000, 0x00000007a5560000)
  from space 21824K,  79% used [0x00000007a5560000, 0x00000007a664a8f8, 0x00000007a6ab0000)
  to   space 21824K,   0% used [0x00000007a6ab0000, 0x00000007a6ab0000, 0x00000007a8000000)
 concurrent mark-sweep generation total 393216K, used 137093K [0x00000007a8000000, 0x00000007c0000000, 0x00000007c0000000)
 Metaspace       used 35323K, capacity 35904K, committed 36272K, reserved 1081344K
  class space    used 4069K, capacity 4223K, committed 4272K, reserved 1048576K
2016-10-23T19:09:20.623+0800: 184.799: [GC (Allocation Failure) 2016-10-23T19:09:20.623+0800: 184.799: [ParNew
Desired survivor size 20112992 bytes, new threshold 8 (max 8)
- age   1:      60968 bytes,      60968 total
- age   2:      72552 bytes,     133520 total
- age   3:        752 bytes,     134272 total
- age   5:      56592 bytes,     190864 total
- age   6:     625312 bytes,     816176 total
- age   7:    4670680 bytes,    5486856 total
- age   8:    8696656 bytes,   14183512 total
: 104746K->19346K(109248K), 0.0062798 secs] 241839K->157574K(502464K), 0.0063633 secs] [Times: user=0.02 sys=0.00, real=0.00 secs] 
Heap after GC invocations=219 (full 8):
 par new generation   total 109248K, used 19346K [0x00000007a0000000, 0x00000007a8000000, 0x00000007a8000000)
  eden space 87424K,   0% used [0x00000007a0000000, 0x00000007a0000000, 0x00000007a5560000)
  from space 21824K,  88% used [0x00000007a6ab0000, 0x00000007a7d94888, 0x00000007a8000000)
  to   space 21824K,   0% used [0x00000007a5560000, 0x00000007a5560000, 0x00000007a6ab0000)
 concurrent mark-sweep generation total 393216K, used 138228K [0x00000007a8000000, 0x00000007c0000000, 0x00000007c0000000)
 Metaspace       used 35323K, capacity 35904K, committed 36272K, reserved 1081344K
  class space    used 4069K, capacity 4223K, committed 4272K, reserved 1048576K
}
2016-10-23T19:09:20.629+0800: 184.806: Total time for which application threads were stopped: 0.0065824 seconds, Stopping threads took: 0.0000428 seconds
2016-10-23T19:09:20.823+0800: 184.999: Total time for which application threads were stopped: 0.0000876 seconds, Stopping threads took: 0.0000263 seconds
2016-10-23T19:09:20.823+0800: 185.000: Total time for which application threads were stopped: 0.0000624 seconds, Stopping threads took: 0.0000184 seconds
2016-10-23T19:09:20.823+0800: 185.000: Total time for which application threads were stopped: 0.0000605 seconds, Stopping threads took: 0.0000174 seconds
2016-10-23T19:09:20.826+0800: 185.002: Total time for which application threads were stopped: 0.0001403 seconds, Stopping threads took: 0.0000479 seconds
2016-10-23T19:09:20.826+0800: 185.002: Total time for which application threads were stopped: 0.0001222 seconds, Stopping threads took: 0.0000387 seconds
2016-10-23T19:09:20.828+0800: 185.005: Total time for which application threads were stopped: 0.0001790 seconds, Stopping threads took: 0.0000655 seconds
2016-10-23T19:09:20.829+0800: 185.005: Total time for which application threads were stopped: 0.0000917 seconds, Stopping threads took: 0.0000356 seconds
2016-10-23T19:09:20.829+0800: 185.006: Total time for which application threads were stopped: 0.0001243 seconds, Stopping threads took: 0.0000569 seconds
{Heap before GC invocations=219 (full 8):
 par new generation   total 109248K, used 106770K [0x00000007a0000000, 0x00000007a8000000, 0x00000007a8000000)
  eden space 87424K, 100% used [0x00000007a0000000, 0x00000007a5560000, 0x00000007a5560000)
  from space 21824K,  88% used [0x00000007a6ab0000, 0x00000007a7d94888, 0x00000007a8000000)
  to   space 21824K,   0% used [0x00000007a5560000, 0x00000007a5560000, 0x00000007a6ab0000)
 concurrent mark-sweep generation total 393216K, used 138228K [0x00000007a8000000, 0x00000007c0000000, 0x00000007c0000000)
 Metaspace       used 35391K, capacity 36000K, committed 36272K, reserved 1081344K
  class space    used 4080K, capacity 4255K, committed 4272K, reserved 1048576K
2016-10-23T19:09:20.913+0800: 185.089: [GC (Allocation Failure) 2016-10-23T19:09:20.913+0800: 185.089: [ParNew
Desired survivor size 20112992 bytes, new threshold 8 (max 8)
- age   1:    3558776 bytes,    3558776 total
- age   6:       3296 bytes,    3562072 total
- age   7:     590192 bytes,    4152264 total
- age   8:    4578600 bytes,    8730864 total
: 106770K->10552K(109248K), 0.0068244 secs] 244998K->157203K(502464K), 0.0068885 secs] [Times: user=0.02 sys=0.00, real=0.01 secs] 
Heap after GC invocations=220 (full 8):
 par new generation   total 109248K, used 10552K [0x00000007a0000000, 0x00000007a8000000, 0x00000007a8000000)
  eden space 87424K,   0% used [0x00000007a0000000, 0x00000007a0000000, 0x00000007a5560000)
  from space 21824K,  48% used [0x00000007a5560000, 0x00000007a5fae3a8, 0x00000007a6ab0000)
  to   space 21824K,   0% used [0x00000007a6ab0000, 0x00000007a6ab0000, 0x00000007a8000000)
 concurrent mark-sweep generation total 393216K, used 146650K [0x00000007a8000000, 0x00000007c0000000, 0x00000007c0000000)
 Metaspace       used 35391K, capacity 36000K, committed 36272K, reserved 1081344K
  class space    used 4080K, capacity 4255K, committed 4272K, reserved 1048576K
}
2016-10-23T19:09:20.920+0800: 185.096: Total time for which application threads were stopped: 0.0071959 seconds, Stopping threads took: 0.0001446 seconds
{Heap before GC invocations=220 (full 8):
 par new generation   total 109248K, used 97976K [0x00000007a0000000, 0x00000007a8000000, 0x00000007a8000000)
  eden space 87424K, 100% used [0x00000007a0000000, 0x00000007a5560000, 0x00000007a5560000)
  from space 21824K,  48% used [0x00000007a5560000, 0x00000007a5fae3a8, 0x00000007a6ab0000)
  to   space 21824K,   0% used [0x00000007a6ab0000, 0x00000007a6ab0000, 0x00000007a8000000)
 concurrent mark-sweep generation total 393216K, used 146650K [0x00000007a8000000, 0x00000007c0000000, 0x00000007c0000000)
 Metaspace       used 35422K, capacity 36000K, committed 36272K, reserved 1081344K
  class space    used 4081K, capacity 4255K, committed 4272K, reserved 1048576K
2016-10-23T19:09:21.164+0800: 185.341: [GC (Allocation Failure) 2016-10-23T19:09:21.164+0800: 185.341: [ParNew
Desired survivor size 20112992 bytes, new threshold 8 (max 8)
- age   1:    4480056 bytes,    4480056 total
- age   2:    2854920 bytes,    7334976 total
- age   7:       3296 bytes,    7338272 total
- age   8:     590192 bytes,    7928464 total
: 97976K->11188K(109248K), 0.0058728 secs] 244627K->162326K(502464K), 0.0059487 secs] [Times: user=0.02 sys=0.00, real=0.01 secs] 
Heap after GC invocations=221 (full 8):
 par new generation   total 109248K, used 11188K [0x00000007a0000000, 0x00000007a8000000, 0x00000007a8000000)
  eden space 87424K,   0% used [0x00000007a0000000, 0x00000007a0000000, 0x00000007a5560000)
  from space 21824K,  51% used [0x00000007a6ab0000, 0x00000007a759d0f8, 0x00000007a8000000)
  to   space 21824K,   0% used [0x00000007a5560000, 0x00000007a5560000, 0x00000007a6ab0000)
 concurrent mark-sweep generation total 393216K, used 151137K [0x00000007a8000000, 0x00000007c0000000, 0x00000007c0000000)
 Metaspace       used 35422K, capacity 36000K, committed 36272K, reserved 1081344K
  class space    used 4081K, capacity 4255K, committed 4272K, reserved 1048576K
}
2016-10-23T19:09:21.170+0800: 185.347: Total time for which application threads were stopped: 0.0061459 seconds, Stopping threads took: 0.0000206 seconds
{Heap before GC invocations=221 (full 8):
 par new generation   total 109248K, used 98612K [0x00000007a0000000, 0x00000007a8000000, 0x00000007a8000000)
  eden space 87424K, 100% used [0x00000007a0000000, 0x00000007a5560000, 0x00000007a5560000)
  from space 21824K,  51% used [0x00000007a6ab0000, 0x00000007a759d0f8, 0x00000007a8000000)
  to   space 21824K,   0% used [0x00000007a5560000, 0x00000007a5560000, 0x00000007a6ab0000)
 concurrent mark-sweep generation total 393216K, used 151137K [0x00000007a8000000, 0x00000007c0000000, 0x00000007c0000000)
 Metaspace       used 35422K, capacity 36000K, committed 36272K, reserved 1081344K
  class space    used 4081K, capacity 4255K, committed 4272K, reserved 1048576K
2016-10-23T19:09:21.392+0800: 185.569: [GC (Allocation Failure) 2016-10-23T19:09:21.392+0800: 185.569: [ParNew
Desired survivor size 20112992 bytes, new threshold 8 (max 8)
- age   1:    5851120 bytes,    5851120 total
- age   2:    2474856 bytes,    8325976 total
- age   3:    2837784 bytes,   11163760 total
- age   8:       3296 bytes,   11167056 total
: 98612K->12379K(109248K), 0.0066564 secs] 249750K->164098K(502464K), 0.0067258 secs] [Times: user=0.02 sys=0.00, real=0.00 secs] 
Heap after GC invocations=222 (full 8):
 par new generation   total 109248K, used 12379K [0x00000007a0000000, 0x00000007a8000000, 0x00000007a8000000)
  eden space 87424K,   0% used [0x00000007a0000000, 0x00000007a0000000, 0x00000007a5560000)
  from space 21824K,  56% used [0x00000007a5560000, 0x00000007a6176ff0, 0x00000007a6ab0000)
  to   space 21824K,   0% used [0x00000007a6ab0000, 0x00000007a6ab0000, 0x00000007a8000000)
 concurrent mark-sweep generation total 393216K, used 151718K [0x00000007a8000000, 0x00000007c0000000, 0x00000007c0000000)
 Metaspace       used 35422K, capacity 36000K, committed 36272K, reserved 1081344K
  class space    used 4081K, capacity 4255K, committed 4272K, reserved 1048576K
}
2016-10-23T19:09:21.399+0800: 185.576: Total time for which application threads were stopped: 0.0069047 seconds, Stopping threads took: 0.0000299 seconds
{Heap before GC invocations=222 (full 8):
 par new generation   total 109248K, used 99803K [0x00000007a0000000, 0x00000007a8000000, 0x00000007a8000000)
  eden space 87424K, 100% used [0x00000007a0000000, 0x00000007a5560000, 0x00000007a5560000)
  from space 21824K,  56% used [0x00000007a5560000, 0x00000007a6176ff0, 0x00000007a6ab0000)
  to   space 21824K,   0% used [0x00000007a6ab0000, 0x00000007a6ab0000, 0x00000007a8000000)
 concurrent mark-sweep generation total 393216K, used 151718K [0x00000007a8000000, 0x00000007c0000000, 0x00000007c0000000)
 Metaspace       used 35422K, capacity 36000K, committed 36272K, reserved 1081344K
  class space    used 4081K, capacity 4255K, committed 4272K, reserved 1048576K
2016-10-23T19:09:21.617+0800: 185.794: [GC (Allocation Failure) 2016-10-23T19:09:21.617+0800: 185.794: [ParNew
Desired survivor size 20112992 bytes, new threshold 8 (max 8)
- age   1:    8098784 bytes,    8098784 total
- age   2:    2958232 bytes,   11057016 total
- age   3:    2457240 bytes,   13514256 total
- age   4:    2835704 bytes,   16349960 total
: 99803K->19120K(109248K), 0.0074437 secs] 251522K->170842K(502464K), 0.0075210 secs] [Times: user=0.02 sys=0.00, real=0.01 secs] 
Heap after GC invocations=223 (full 8):
 par new generation   total 109248K, used 19120K [0x00000007a0000000, 0x00000007a8000000, 0x00000007a8000000)
  eden space 87424K,   0% used [0x00000007a0000000, 0x00000007a0000000, 0x00000007a5560000)
  from space 21824K,  87% used [0x00000007a6ab0000, 0x00000007a7d5c3d0, 0x00000007a8000000)
  to   space 21824K,   0% used [0x00000007a5560000, 0x00000007a5560000, 0x00000007a6ab0000)
 concurrent mark-sweep generation total 393216K, used 151721K [0x00000007a8000000, 0x00000007c0000000, 0x00000007c0000000)
 Metaspace       used 35422K, capacity 36000K, committed 36272K, reserved 1081344K
  class space    used 4081K, capacity 4255K, committed 4272K, reserved 1048576K
}
2016-10-23T19:09:21.625+0800: 185.801: Total time for which application threads were stopped: 0.0076856 seconds, Stopping threads took: 0.0000206 seconds
{Heap before GC invocations=223 (full 8):
 par new generation   total 109248K, used 106544K [0x00000007a0000000, 0x00000007a8000000, 0x00000007a8000000)
  eden space 87424K, 100% used [0x00000007a0000000, 0x00000007a5560000, 0x00000007a5560000)
  from space 21824K,  87% used [0x00000007a6ab0000, 0x00000007a7d5c3d0, 0x00000007a8000000)
  to   space 21824K,   0% used [0x00000007a5560000, 0x00000007a5560000, 0x00000007a6ab0000)
 concurrent mark-sweep generation total 393216K, used 151721K [0x00000007a8000000, 0x00000007c0000000, 0x00000007c0000000)
 Metaspace       used 35422K, capacity 36000K, committed 36272K, reserved 1081344K
  class space    used 4081K, capacity 4255K, committed 4272K, reserved 1048576K
2016-10-23T19:09:21.857+0800: 186.034: [GC (Allocation Failure) 2016-10-23T19:09:21.857+0800: 186.034: [ParNew
Desired survivor size 20112992 bytes, new threshold 8 (max 8)
- age   1:    5414576 bytes,    5414576 total
- age   2:    4672760 bytes,   10087336 total
- age   3:    2910464 bytes,   12997800 total
- age   4:    2420376 bytes,   15418176 total
- age   5:    2800896 bytes,   18219072 total
: 106544K->21824K(109248K), 0.0075705 secs] 258266K->175391K(502464K), 0.0076346 secs] [Times: user=0.03 sys=0.00, real=0.01 secs] 
Heap after GC invocations=224 (full 8):
 par new generation   total 109248K, used 21824K [0x00000007a0000000, 0x00000007a8000000, 0x00000007a8000000)
  eden space 87424K,   0% used [0x00000007a0000000, 0x00000007a0000000, 0x00000007a5560000)
  from space 21824K, 100% used [0x00000007a5560000, 0x00000007a6ab0000, 0x00000007a6ab0000)
  to   space 21824K,   0% used [0x00000007a6ab0000, 0x00000007a6ab0000, 0x00000007a8000000)
 concurrent mark-sweep generation total 393216K, used 153567K [0x00000007a8000000, 0x00000007c0000000, 0x00000007c0000000)
 Metaspace       used 35422K, capacity 36000K, committed 36272K, reserved 1081344K
  class space    used 4081K, capacity 4255K, committed 4272K, reserved 1048576K
}
2016-10-23T19:09:21.865+0800: 186.041: Total time for which application threads were stopped: 0.0078233 seconds, Stopping threads took: 0.0000233 seconds
2016-10-23T19:09:21.994+0800: 186.171: Total time for which application threads were stopped: 0.0001724 seconds, Stopping threads took: 0.0000618 seconds
{Heap before GC invocations=224 (full 8):
 par new generation   total 109248K, used 109248K [0x00000007a0000000, 0x00000007a8000000, 0x00000007a8000000)
  eden space 87424K, 100% used [0x00000007a0000000, 0x00000007a5560000, 0x00000007a5560000)
  from space 21824K, 100% used [0x00000007a5560000, 0x00000007a6ab0000, 0x00000007a6ab0000)
  to   space 21824K,   0% used [0x00000007a6ab0000, 0x00000007a6ab0000, 0x00000007a8000000)
 concurrent mark-sweep generation total 393216K, used 153567K [0x00000007a8000000, 0x00000007c0000000, 0x00000007c0000000)
 Metaspace       used 35422K, capacity 36000K, committed 36272K, reserved 1081344K
  class space    used 4081K, capacity 4255K, committed 4272K, reserved 1048576K
2016-10-23T19:09:22.091+0800: 186.267: [GC (Allocation Failure) 2016-10-23T19:09:22.091+0800: 186.267: [ParNew
Desired survivor size 20112992 bytes, new threshold 6 (max 8)
- age   1:    6089336 bytes,    6089336 total
- age   2:    2555912 bytes,    8645248 total
- age   3:    4621416 bytes,   13266664 total
- age   4:    2658184 bytes,   15924848 total
- age   5:    2409592 bytes,   18334440 total
- age   6:    2763888 bytes,   21098328 total
: 109248K->21824K(109248K), 0.0079302 secs] 262815K->176737K(502464K), 0.0079994 secs] [Times: user=0.03 sys=0.00, real=0.00 secs] 
Heap after GC invocations=225 (full 8):
 par new generation   total 109248K, used 21824K [0x00000007a0000000, 0x00000007a8000000, 0x00000007a8000000)
  eden space 87424K,   0% used [0x00000007a0000000, 0x00000007a0000000, 0x00000007a5560000)
  from space 21824K, 100% used [0x00000007a6ab0000, 0x00000007a8000000, 0x00000007a8000000)
  to   space 21824K,   0% used [0x00000007a5560000, 0x00000007a5560000, 0x00000007a6ab0000)
 concurrent mark-sweep generation total 393216K, used 154913K [0x00000007a8000000, 0x00000007c0000000, 0x00000007c0000000)
 Metaspace       used 35422K, capacity 36000K, committed 36272K, reserved 1081344K
  class space    used 4081K, capacity 4255K, committed 4272K, reserved 1048576K
}
2016-10-23T19:09:22.099+0800: 186.275: Total time for which application threads were stopped: 0.0081737 seconds, Stopping threads took: 0.0000292 seconds
{Heap before GC invocations=225 (full 8):
 par new generation   total 109248K, used 109248K [0x00000007a0000000, 0x00000007a8000000, 0x00000007a8000000)
  eden space 87424K, 100% used [0x00000007a0000000, 0x00000007a5560000, 0x00000007a5560000)
  from space 21824K, 100% used [0x00000007a6ab0000, 0x00000007a8000000, 0x00000007a8000000)
  to   space 21824K,   0% used [0x00000007a5560000, 0x00000007a5560000, 0x00000007a6ab0000)
 concurrent mark-sweep generation total 393216K, used 154913K [0x00000007a8000000, 0x00000007c0000000, 0x00000007c0000000)
 Metaspace       used 35422K, capacity 36000K, committed 36272K, reserved 1081344K
  class space    used 4081K, capacity 4255K, committed 4272K, reserved 1048576K
2016-10-23T19:09:22.337+0800: 186.513: [GC (Allocation Failure) 2016-10-23T19:09:22.337+0800: 186.514: [ParNew
Desired survivor size 20112992 bytes, new threshold 8 (max 8)
- age   1:    7902424 bytes,    7902424 total
- age   2:    2618400 bytes,   10520824 total
- age   3:    2064752 bytes,   12585576 total
- age   4:    3066424 bytes,   15652000 total
- age   5:    2157496 bytes,   17809496 total
- age   6:    1970408 bytes,   19779904 total
: 109248K->21824K(109248K), 0.0101382 secs] 264161K->183746K(502464K), 0.0102112 secs] [Times: user=0.04 sys=0.00, real=0.01 secs] 
Heap after GC invocations=226 (full 8):
 par new generation   total 109248K, used 21824K [0x00000007a0000000, 0x00000007a8000000, 0x00000007a8000000)
  eden space 87424K,   0% used [0x00000007a0000000, 0x00000007a0000000, 0x00000007a5560000)
  from space 21824K, 100% used [0x00000007a5560000, 0x00000007a6ab0000, 0x00000007a6ab0000)
  to   space 21824K,   0% used [0x00000007a6ab0000, 0x00000007a6ab0000, 0x00000007a8000000)
 concurrent mark-sweep generation total 393216K, used 161922K [0x00000007a8000000, 0x00000007c0000000, 0x00000007c0000000)
 Metaspace       used 35422K, capacity 36000K, committed 36272K, reserved 1081344K
  class space    used 4081K, capacity 4255K, committed 4272K, reserved 1048576K
}
2016-10-23T19:09:22.347+0800: 186.524: Total time for which application threads were stopped: 0.0103873 seconds, Stopping threads took: 0.0000324 seconds
{Heap before GC invocations=226 (full 8):
 par new generation   total 109248K, used 109248K [0x00000007a0000000, 0x00000007a8000000, 0x00000007a8000000)
  eden space 87424K, 100% used [0x00000007a0000000, 0x00000007a5560000, 0x00000007a5560000)
  from space 21824K, 100% used [0x00000007a5560000, 0x00000007a6ab0000, 0x00000007a6ab0000)
  to   space 21824K,   0% used [0x00000007a6ab0000, 0x00000007a6ab0000, 0x00000007a8000000)
 concurrent mark-sweep generation total 393216K, used 161922K [0x00000007a8000000, 0x00000007c0000000, 0x00000007c0000000)
 Metaspace       used 35422K, capacity 36000K, committed 36272K, reserved 1081344K
  class space    used 4081K, capacity 4255K, committed 4272K, reserved 1048576K
2016-10-23T19:09:22.590+0800: 186.767: [GC (Allocation Failure) 2016-10-23T19:09:22.590+0800: 186.767: [ParNew
Desired survivor size 20112992 bytes, new threshold 7 (max 8)
- age   1:    8376848 bytes,    8376848 total
- age   2:    2180232 bytes,   10557080 total
- age   3:    2501536 bytes,   13058616 total
- age   4:    1145776 bytes,   14204392 total
- age   5:    2277216 bytes,   16481608 total
- age   6:    2155392 bytes,   18637000 total
- age   7:    1656368 bytes,   20293368 total
: 109248K->21824K(109248K), 0.0088250 secs] 271170K->187811K(502464K), 0.0089159 secs] [Times: user=0.03 sys=0.00, real=0.00 secs] 
Heap after GC invocations=227 (full 8):
 par new generation   total 109248K, used 21824K [0x00000007a0000000, 0x00000007a8000000, 0x00000007a8000000)
  eden space 87424K,   0% used [0x00000007a0000000, 0x00000007a0000000, 0x00000007a5560000)
  from space 21824K, 100% used [0x00000007a6ab0000, 0x00000007a8000000, 0x00000007a8000000)
  to   space 21824K,   0% used [0x00000007a5560000, 0x00000007a5560000, 0x00000007a6ab0000)
 concurrent mark-sweep generation total 393216K, used 165987K [0x00000007a8000000, 0x00000007c0000000, 0x00000007c0000000)
 Metaspace       used 35422K, capacity 36000K, committed 36272K, reserved 1081344K
  class space    used 4081K, capacity 4255K, committed 4272K, reserved 1048576K
}
2016-10-23T19:09:22.599+0800: 186.776: Total time for which application threads were stopped: 0.0090857 seconds, Stopping threads took: 0.0000277 seconds
{Heap before GC invocations=227 (full 8):
 par new generation   total 109248K, used 109248K [0x00000007a0000000, 0x00000007a8000000, 0x00000007a8000000)
  eden space 87424K, 100% used [0x00000007a0000000, 0x00000007a5560000, 0x00000007a5560000)
  from space 21824K, 100% used [0x00000007a6ab0000, 0x00000007a8000000, 0x00000007a8000000)
  to   space 21824K,   0% used [0x00000007a5560000, 0x00000007a5560000, 0x00000007a6ab0000)
 concurrent mark-sweep generation total 393216K, used 165987K [0x00000007a8000000, 0x00000007c0000000, 0x00000007c0000000)
 Metaspace       used 35422K, capacity 36000K, committed 36272K, reserved 1081344K
  class space    used 4081K, capacity 4255K, committed 4272K, reserved 1048576K
2016-10-23T19:09:22.855+0800: 187.032: [GC (Allocation Failure) 2016-10-23T19:09:22.855+0800: 187.032: [ParNew
Desired survivor size 20112992 bytes, new threshold 8 (max 8)
- age   1:    7777464 bytes,    7777464 total
- age   2:    2734160 bytes,   10511624 total
- age   3:    2151664 bytes,   12663288 total
- age   4:    2472008 bytes,   15135296 total
- age   5:    1115264 bytes,   16250560 total
- age   6:    1822824 bytes,   18073384 total
- age   7:    1438360 bytes,   19511744 total
: 109248K->21824K(109248K), 0.0120493 secs] 275235K->191864K(502464K), 0.0122633 secs] [Times: user=0.05 sys=0.00, real=0.01 secs] 
Heap after GC invocations=228 (full 8):
 par new generation   total 109248K, used 21824K [0x00000007a0000000, 0x00000007a8000000, 0x00000007a8000000)
  eden space 87424K,   0% used [0x00000007a0000000, 0x00000007a0000000, 0x00000007a5560000)
  from space 21824K, 100% used [0x00000007a5560000, 0x00000007a6ab0000, 0x00000007a6ab0000)
  to   space 21824K,   0% used [0x00000007a6ab0000, 0x00000007a6ab0000, 0x00000007a8000000)
 concurrent mark-sweep generation total 393216K, used 170040K [0x00000007a8000000, 0x00000007c0000000, 0x00000007c0000000)
 Metaspace       used 35422K, capacity 36000K, committed 36272K, reserved 1081344K
  class space    used 4081K, capacity 4255K, committed 4272K, reserved 1048576K
}
2016-10-23T19:09:22.867+0800: 187.044: Total time for which application threads were stopped: 0.0124166 seconds, Stopping threads took: 0.0000177 seconds
{Heap before GC invocations=228 (full 8):
 par new generation   total 109248K, used 109248K [0x00000007a0000000, 0x00000007a8000000, 0x00000007a8000000)
  eden space 87424K, 100% used [0x00000007a0000000, 0x00000007a5560000, 0x00000007a5560000)
  from space 21824K, 100% used [0x00000007a5560000, 0x00000007a6ab0000, 0x00000007a6ab0000)
  to   space 21824K,   0% used [0x00000007a6ab0000, 0x00000007a6ab0000, 0x00000007a8000000)
 concurrent mark-sweep generation total 393216K, used 170040K [0x00000007a8000000, 0x00000007c0000000, 0x00000007c0000000)
 Metaspace       used 35422K, capacity 36000K, committed 36272K, reserved 1081344K
  class space    used 4081K, capacity 4255K, committed 4272K, reserved 1048576K
2016-10-23T19:09:23.126+0800: 187.302: [GC (Allocation Failure) 2016-10-23T19:09:23.126+0800: 187.302: [ParNew
Desired survivor size 20112992 bytes, new threshold 8 (max 8)
- age   1:    7050400 bytes,    7050400 total
- age   2:    2816344 bytes,    9866744 total
- age   3:    2689136 bytes,   12555880 total
- age   4:    2079264 bytes,   14635144 total
- age   5:    2131888 bytes,   16767032 total
- age   6:    1049128 bytes,   17816160 total
- age   7:    1754840 bytes,   19571000 total
- age   8:    1373192 bytes,   20944192 total
: 109248K->21824K(109248K), 0.0094596 secs] 279288K->195301K(502464K), 0.0095238 secs] [Times: user=0.03 sys=0.01, real=0.01 secs] 
Heap after GC invocations=229 (full 8):
 par new generation   total 109248K, used 21824K [0x00000007a0000000, 0x00000007a8000000, 0x00000007a8000000)
  eden space 87424K,   0% used [0x00000007a0000000, 0x00000007a0000000, 0x00000007a5560000)
  from space 21824K, 100% used [0x00000007a6ab0000, 0x00000007a8000000, 0x00000007a8000000)
  to   space 21824K,   0% used [0x00000007a5560000, 0x00000007a5560000, 0x00000007a6ab0000)
 concurrent mark-sweep generation total 393216K, used 173477K [0x00000007a8000000, 0x00000007c0000000, 0x00000007c0000000)
 Metaspace       used 35422K, capacity 36000K, committed 36272K, reserved 1081344K
  class space    used 4081K, capacity 4255K, committed 4272K, reserved 1048576K
}
2016-10-23T19:09:23.135+0800: 187.312: Total time for which application threads were stopped: 0.0096827 seconds, Stopping threads took: 0.0000199 seconds
{Heap before GC invocations=229 (full 8):
 par new generation   total 109248K, used 109248K [0x00000007a0000000, 0x00000007a8000000, 0x00000007a8000000)
  eden space 87424K, 100% used [0x00000007a0000000, 0x00000007a5560000, 0x00000007a5560000)
  from space 21824K, 100% used [0x00000007a6ab0000, 0x00000007a8000000, 0x00000007a8000000)
  to   space 21824K,   0% used [0x00000007a5560000, 0x00000007a5560000, 0x00000007a6ab0000)
 concurrent mark-sweep generation total 393216K, used 173477K [0x00000007a8000000, 0x00000007c0000000, 0x00000007c0000000)
 Metaspace       used 35423K, capacity 36000K, committed 36272K, reserved 1081344K
  class space    used 4081K, capacity 4255K, committed 4272K, reserved 1048576K
2016-10-23T19:09:23.387+0800: 187.564: [GC (Allocation Failure) 2016-10-23T19:09:23.387+0800: 187.564: [ParNew
Desired survivor size 20112992 bytes, new threshold 7 (max 8)
- age   1:    9263920 bytes,    9263920 total
- age   2:    1979416 bytes,   11243336 total
- age   3:    2280864 bytes,   13524200 total
- age   4:    2457344 bytes,   15981544 total
- age   5:    1938888 bytes,   17920432 total
- age   6:    2028312 bytes,   19948744 total
- age   7:     946440 bytes,   20895184 total
- age   8:     608592 bytes,   21503776 total
: 109248K->21824K(109248K), 0.0111927 secs] 282725K->200380K(502464K), 0.0112475 secs] [Times: user=0.04 sys=0.00, real=0.01 secs] 
Heap after GC invocations=230 (full 8):
 par new generation   total 109248K, used 21824K [0x00000007a0000000, 0x00000007a8000000, 0x00000007a8000000)
  eden space 87424K,   0% used [0x00000007a0000000, 0x00000007a0000000, 0x00000007a5560000)
  from space 21824K, 100% used [0x00000007a5560000, 0x00000007a6ab0000, 0x00000007a6ab0000)
  to   space 21824K,   0% used [0x00000007a6ab0000, 0x00000007a6ab0000, 0x00000007a8000000)
 concurrent mark-sweep generation total 393216K, used 178556K [0x00000007a8000000, 0x00000007c0000000, 0x00000007c0000000)
 Metaspace       used 35423K, capacity 36000K, committed 36272K, reserved 1081344K
  class space    used 4081K, capacity 4255K, committed 4272K, reserved 1048576K
}
2016-10-23T19:09:23.399+0800: 187.575: Total time for which application threads were stopped: 0.0154914 seconds, Stopping threads took: 0.0041040 seconds
{Heap before GC invocations=230 (full 8):
 par new generation   total 109248K, used 109248K [0x00000007a0000000, 0x00000007a8000000, 0x00000007a8000000)
  eden space 87424K, 100% used [0x00000007a0000000, 0x00000007a5560000, 0x00000007a5560000)
  from space 21824K, 100% used [0x00000007a5560000, 0x00000007a6ab0000, 0x00000007a6ab0000)
  to   space 21824K,   0% used [0x00000007a6ab0000, 0x00000007a6ab0000, 0x00000007a8000000)
 concurrent mark-sweep generation total 393216K, used 178556K [0x00000007a8000000, 0x00000007c0000000, 0x00000007c0000000)
 Metaspace       used 35488K, capacity 36064K, committed 36272K, reserved 1081344K
  class space    used 4090K, capacity 4255K, committed 4272K, reserved 1048576K
2016-10-23T19:09:23.682+0800: 187.858: [GC (Allocation Failure) 2016-10-23T19:09:23.682+0800: 187.858: [ParNew
Desired survivor size 20112992 bytes, new threshold 8 (max 8)
- age   1:    6603816 bytes,    6603816 total
- age   2:    2417608 bytes,    9021424 total
- age   3:    1727920 bytes,   10749344 total
- age   4:    2103000 bytes,   12852344 total
- age   5:    2275136 bytes,   15127480 total
- age   6:    1793912 bytes,   16921392 total
- age   7:    1866824 bytes,   18788216 total
: 109248K->21824K(109248K), 0.0152865 secs] 287804K->207791K(502464K), 0.0153439 secs] [Times: user=0.07 sys=0.00, real=0.01 secs] 
Heap after GC invocations=231 (full 8):
 par new generation   total 109248K, used 21824K [0x00000007a0000000, 0x00000007a8000000, 0x00000007a8000000)
  eden space 87424K,   0% used [0x00000007a0000000, 0x00000007a0000000, 0x00000007a5560000)
  from space 21824K, 100% used [0x00000007a6ab0000, 0x00000007a8000000, 0x00000007a8000000)
  to   space 21824K,   0% used [0x00000007a5560000, 0x00000007a5560000, 0x00000007a6ab0000)
 concurrent mark-sweep generation total 393216K, used 185967K [0x00000007a8000000, 0x00000007c0000000, 0x00000007c0000000)
 Metaspace       used 35488K, capacity 36064K, committed 36272K, reserved 1081344K
  class space    used 4090K, capacity 4255K, committed 4272K, reserved 1048576K
}
2016-10-23T19:09:23.697+0800: 187.873: Total time for which application threads were stopped: 0.0155535 seconds, Stopping threads took: 0.0000372 seconds
{Heap before GC invocations=231 (full 8):
 par new generation   total 109248K, used 109248K [0x00000007a0000000, 0x00000007a8000000, 0x00000007a8000000)
  eden space 87424K, 100% used [0x00000007a0000000, 0x00000007a5560000, 0x00000007a5560000)
  from space 21824K, 100% used [0x00000007a6ab0000, 0x00000007a8000000, 0x00000007a8000000)
  to   space 21824K,   0% used [0x00000007a5560000, 0x00000007a5560000, 0x00000007a6ab0000)
 concurrent mark-sweep generation total 393216K, used 185967K [0x00000007a8000000, 0x00000007c0000000, 0x00000007c0000000)
 Metaspace       used 35502K, capacity 36064K, committed 36272K, reserved 1081344K
  class space    used 4090K, capacity 4255K, committed 4272K, reserved 1048576K
2016-10-23T19:09:24.045+0800: 188.222: [GC (Allocation Failure) 2016-10-23T19:09:24.045+0800: 188.222: [ParNew
Desired survivor size 20112992 bytes, new threshold 8 (max 8)
- age   1:    7599040 bytes,    7599040 total
- age   2:    4700376 bytes,   12299416 total
- age   3:    1004696 bytes,   13304112 total
- age   4:    1507728 bytes,   14811840 total
- age   5:    1976688 bytes,   16788528 total
- age   6:    2207680 bytes,   18996208 total
- age   7:     944872 bytes,   19941080 total
- age   8:    1810048 bytes,   21751128 total
: 109248K->21824K(109248K), 0.0131751 secs] 295215K->211137K(502464K), 0.0132352 secs] [Times: user=0.07 sys=0.00, real=0.01 secs] 
Heap after GC invocations=232 (full 8):
 par new generation   total 109248K, used 21824K [0x00000007a0000000, 0x00000007a8000000, 0x00000007a8000000)
  eden space 87424K,   0% used [0x00000007a0000000, 0x00000007a0000000, 0x00000007a5560000)
  from space 21824K, 100% used [0x00000007a5560000, 0x00000007a6ab0000, 0x00000007a6ab0000)
  to   space 21824K,   0% used [0x00000007a6ab0000, 0x00000007a6ab0000, 0x00000007a8000000)
 concurrent mark-sweep generation total 393216K, used 189313K [0x00000007a8000000, 0x00000007c0000000, 0x00000007c0000000)
 Metaspace       used 35502K, capacity 36064K, committed 36272K, reserved 1081344K
  class space    used 4090K, capacity 4255K, committed 4272K, reserved 1048576K
}
2016-10-23T19:09:24.058+0800: 188.235: Total time for which application threads were stopped: 0.0135396 seconds, Stopping threads took: 0.0000964 seconds
{Heap before GC invocations=232 (full 8):
 par new generation   total 109248K, used 109226K [0x00000007a0000000, 0x00000007a8000000, 0x00000007a8000000)
  eden space 87424K,  99% used [0x00000007a0000000, 0x00000007a555a858, 0x00000007a5560000)
  from space 21824K, 100% used [0x00000007a5560000, 0x00000007a6ab0000, 0x00000007a6ab0000)
  to   space 21824K,   0% used [0x00000007a6ab0000, 0x00000007a6ab0000, 0x00000007a8000000)
 concurrent mark-sweep generation total 393216K, used 189313K [0x00000007a8000000, 0x00000007c0000000, 0x00000007c0000000)
 Metaspace       used 35503K, capacity 36064K, committed 36272K, reserved 1081344K
  class space    used 4090K, capacity 4255K, committed 4272K, reserved 1048576K
2016-10-23T19:09:24.296+0800: 188.472: [GC (Allocation Failure) 2016-10-23T19:09:24.296+0800: 188.472: [ParNew
Desired survivor size 20112992 bytes, new threshold 8 (max 8)
- age   1:    8535296 bytes,    8535296 total
- age   2:    4160400 bytes,   12695696 total
- age   3:     680016 bytes,   13375712 total
- age   4:     448304 bytes,   13824016 total
- age   5:     893728 bytes,   14717744 total
- age   6:    1846136 bytes,   16563880 total
- age   7:    2007264 bytes,   18571144 total
- age   8:     487296 bytes,   19058440 total
: 109226K->21824K(109248K), 0.0140893 secs] 298539K->219176K(502464K), 0.0141471 secs] [Times: user=0.08 sys=0.00, real=0.02 secs] 
Heap after GC invocations=233 (full 8):
 par new generation   total 109248K, used 21824K [0x00000007a0000000, 0x00000007a8000000, 0x00000007a8000000)
  eden space 87424K,   0% used [0x00000007a0000000, 0x00000007a0000000, 0x00000007a5560000)
  from space 21824K, 100% used [0x00000007a6ab0000, 0x00000007a8000000, 0x00000007a8000000)
  to   space 21824K,   0% used [0x00000007a5560000, 0x00000007a5560000, 0x00000007a6ab0000)
 concurrent mark-sweep generation total 393216K, used 197352K [0x00000007a8000000, 0x00000007c0000000, 0x00000007c0000000)
 Metaspace       used 35503K, capacity 36064K, committed 36272K, reserved 1081344K
  class space    used 4090K, capacity 4255K, committed 4272K, reserved 1048576K
}
2016-10-23T19:09:24.310+0800: 188.487: Total time for which application threads were stopped: 0.0143606 seconds, Stopping threads took: 0.0000693 seconds
2016-10-23T19:09:24.310+0800: 188.487: [GC (CMS Initial Mark) [1 CMS-initial-mark: 197352K(393216K)] 220947K(502464K), 0.0016041 secs] [Times: user=0.00 sys=0.00, real=0.00 secs] 
2016-10-23T19:09:24.312+0800: 188.488: Total time for which application threads were stopped: 0.0017962 seconds, Stopping threads took: 0.0001181 seconds
2016-10-23T19:09:24.312+0800: 188.488: [CMS-concurrent-mark-start]
2016-10-23T19:09:24.352+0800: 188.528: [CMS-concurrent-mark: 0.040/0.040 secs] [Times: user=0.30 sys=0.00, real=0.04 secs] 
2016-10-23T19:09:24.352+0800: 188.528: [CMS-concurrent-preclean-start]
2016-10-23T19:09:24.354+0800: 188.531: [CMS-concurrent-preclean: 0.002/0.003 secs] [Times: user=0.01 sys=0.00, real=0.00 secs] 
2016-10-23T19:09:24.355+0800: 188.531: [CMS-concurrent-abortable-preclean-start]
{Heap before GC invocations=233 (full 9):
 par new generation   total 109248K, used 109248K [0x00000007a0000000, 0x00000007a8000000, 0x00000007a8000000)
  eden space 87424K, 100% used [0x00000007a0000000, 0x00000007a5560000, 0x00000007a5560000)
  from space 21824K, 100% used [0x00000007a6ab0000, 0x00000007a8000000, 0x00000007a8000000)
  to   space 21824K,   0% used [0x00000007a5560000, 0x00000007a5560000, 0x00000007a6ab0000)
 concurrent mark-sweep generation total 393216K, used 197352K [0x00000007a8000000, 0x00000007c0000000, 0x00000007c0000000)
 Metaspace       used 35503K, capacity 36064K, committed 36272K, reserved 1081344K
  class space    used 4090K, capacity 4255K, committed 4272K, reserved 1048576K
2016-10-23T19:09:24.514+0800: 188.690: [GC (Allocation Failure) 2016-10-23T19:09:24.514+0800: 188.690: [ParNew
Desired survivor size 20112992 bytes, new threshold 8 (max 8)
- age   1:    1694376 bytes,    1694376 total
- age   2:    7826936 bytes,    9521312 total
- age   3:    4129664 bytes,   13650976 total
- age   4:     649824 bytes,   14300800 total
- age   5:     426568 bytes,   14727368 total
- age   6:     872936 bytes,   15600304 total
- age   7:    1715968 bytes,   17316272 total
- age   8:    1873024 bytes,   19189296 total
: 109248K->21824K(109248K), 0.0109563 secs] 306600K->223173K(502464K), 0.0110061 secs] [Times: user=0.06 sys=0.00, real=0.01 secs] 
Heap after GC invocations=234 (full 9):
 par new generation   total 109248K, used 21824K [0x00000007a0000000, 0x00000007a8000000, 0x00000007a8000000)
  eden space 87424K,   0% used [0x00000007a0000000, 0x00000007a0000000, 0x00000007a5560000)
  from space 21824K, 100% used [0x00000007a5560000, 0x00000007a6ab0000, 0x00000007a6ab0000)
  to   space 21824K,   0% used [0x00000007a6ab0000, 0x00000007a6ab0000, 0x00000007a8000000)
 concurrent mark-sweep generation total 393216K, used 201349K [0x00000007a8000000, 0x00000007c0000000, 0x00000007c0000000)
 Metaspace       used 35503K, capacity 36064K, committed 36272K, reserved 1081344K
  class space    used 4090K, capacity 4255K, committed 4272K, reserved 1048576K
}
2016-10-23T19:09:24.525+0800: 188.701: Total time for which application threads were stopped: 0.0112696 seconds, Stopping threads took: 0.0000775 seconds
2016-10-23T19:09:24.647+0800: 188.824: [CMS-concurrent-abortable-preclean: 0.280/0.293 secs] [Times: user=1.64 sys=0.02, real=0.29 secs] 
2016-10-23T19:09:24.648+0800: 188.824: [GC (CMS Final Remark) [YG occupancy: 68234 K (109248 K)]{Heap before GC invocations=234 (full 9):
 par new generation   total 109248K, used 68234K [0x00000007a0000000, 0x00000007a8000000, 0x00000007a8000000)
  eden space 87424K,  53% used [0x00000007a0000000, 0x00000007a2d52ad8, 0x00000007a5560000)
  from space 21824K, 100% used [0x00000007a5560000, 0x00000007a6ab0000, 0x00000007a6ab0000)
  to   space 21824K,   0% used [0x00000007a6ab0000, 0x00000007a6ab0000, 0x00000007a8000000)
 concurrent mark-sweep generation total 393216K, used 201349K [0x00000007a8000000, 0x00000007c0000000, 0x00000007c0000000)
 Metaspace       used 35504K, capacity 36064K, committed 36272K, reserved 1081344K
  class space    used 4090K, capacity 4255K, committed 4272K, reserved 1048576K
2016-10-23T19:09:24.648+0800: 188.824: [GC (CMS Final Remark) 2016-10-23T19:09:24.648+0800: 188.824: [ParNew
Desired survivor size 20112992 bytes, new threshold 8 (max 8)
- age   1:    2849272 bytes,    2849272 total
- age   2:    1543616 bytes,    4392888 total
- age   3:    6601440 bytes,   10994328 total
- age   4:    3052584 bytes,   14046912 total
- age   5:     649608 bytes,   14696520 total
- age   6:     426376 bytes,   15122896 total
- age   7:     872712 bytes,   15995608 total
- age   8:    2633728 bytes,   18629336 total
: 68234K->21824K(109248K), 0.0086592 secs] 269584K->226340K(502464K), 0.0086936 secs] [Times: user=0.06 sys=0.00, real=0.01 secs] 
Heap after GC invocations=235 (full 9):
 par new generation   total 109248K, used 21824K [0x00000007a0000000, 0x00000007a8000000, 0x00000007a8000000)
  eden space 87424K,   0% used [0x00000007a0000000, 0x00000007a0000000, 0x00000007a5560000)
  from space 21824K, 100% used [0x00000007a6ab0000, 0x00000007a8000000, 0x00000007a8000000)
  to   space 21824K,   0% used [0x00000007a5560000, 0x00000007a5560000, 0x00000007a6ab0000)
 concurrent mark-sweep generation total 393216K, used 204516K [0x00000007a8000000, 0x00000007c0000000, 0x00000007c0000000)
 Metaspace       used 35504K, capacity 36064K, committed 36272K, reserved 1081344K
  class space    used 4090K, capacity 4255K, committed 4272K, reserved 1048576K
}
2016-10-23T19:09:24.656+0800: 188.833: [Rescan (parallel) , 0.0037369 secs]2016-10-23T19:09:24.660+0800: 188.837: [weak refs processing, 0.0005219 secs]2016-10-23T19:09:24.661+0800: 188.837: [class unloading, 0.0067874 secs]2016-10-23T19:09:24.668+0800: 188.844: [scrub symbol table, 0.0045076 secs]2016-10-23T19:09:24.672+0800: 188.849: [scrub string table, 0.0004316 secs][1 CMS-remark: 204516K(393216K)] 226340K(502464K), 0.0249028 secs] [Times: user=0.12 sys=0.00, real=0.03 secs] 
2016-10-23T19:09:24.673+0800: 188.849: Total time for which application threads were stopped: 0.0250547 seconds, Stopping threads took: 0.0000591 seconds
2016-10-23T19:09:24.673+0800: 188.850: [CMS-concurrent-sweep-start]
2016-10-23T19:09:24.740+0800: 188.917: [CMS-concurrent-sweep: 0.067/0.067 secs] [Times: user=0.35 sys=0.01, real=0.07 secs] 
2016-10-23T19:09:24.740+0800: 188.917: [CMS-concurrent-reset-start]
2016-10-23T19:09:24.741+0800: 188.917: [CMS-concurrent-reset: 0.000/0.000 secs] [Times: user=0.00 sys=0.00, real=0.00 secs] 
{Heap before GC invocations=235 (full 9):
 par new generation   total 109248K, used 109248K [0x00000007a0000000, 0x00000007a8000000, 0x00000007a8000000)
  eden space 87424K, 100% used [0x00000007a0000000, 0x00000007a5560000, 0x00000007a5560000)
  from space 21824K, 100% used [0x00000007a6ab0000, 0x00000007a8000000, 0x00000007a8000000)
  to   space 21824K,   0% used [0x00000007a5560000, 0x00000007a5560000, 0x00000007a6ab0000)
 concurrent mark-sweep generation total 393216K, used 100807K [0x00000007a8000000, 0x00000007c0000000, 0x00000007c0000000)
 Metaspace       used 35504K, capacity 36064K, committed 36272K, reserved 1081344K
  class space    used 4090K, capacity 4255K, committed 4272K, reserved 1048576K
2016-10-23T19:09:24.895+0800: 189.072: [GC (Allocation Failure) 2016-10-23T19:09:24.895+0800: 189.072: [ParNew
Desired survivor size 20112992 bytes, new threshold 8 (max 8)
- age   1:    4186232 bytes,    4186232 total
- age   2:    2753712 bytes,    6939944 total
- age   3:    1485112 bytes,    8425056 total
- age   4:    6301176 bytes,   14726232 total
- age   5:    2681648 bytes,   17407880 total
- age   6:     507728 bytes,   17915608 total
- age   7:     349464 bytes,   18265072 total
- age   8:     839448 bytes,   19104520 total
: 109248K->21824K(109248K), 0.0089059 secs] 210055K->126232K(502464K), 0.0089729 secs] [Times: user=0.04 sys=0.00, real=0.01 secs] 
Heap after GC invocations=236 (full 9):
 par new generation   total 109248K, used 21824K [0x00000007a0000000, 0x00000007a8000000, 0x00000007a8000000)
  eden space 87424K,   0% used [0x00000007a0000000, 0x00000007a0000000, 0x00000007a5560000)
  from space 21824K, 100% used [0x00000007a5560000, 0x00000007a6ab0000, 0x00000007a6ab0000)
  to   space 21824K,   0% used [0x00000007a6ab0000, 0x00000007a6ab0000, 0x00000007a8000000)
 concurrent mark-sweep generation total 393216K, used 104408K [0x00000007a8000000, 0x00000007c0000000, 0x00000007c0000000)
 Metaspace       used 35504K, capacity 36064K, committed 36272K, reserved 1081344K
  class space    used 4090K, capacity 4255K, committed 4272K, reserved 1048576K
}
2016-10-23T19:09:24.904+0800: 189.081: Total time for which application threads were stopped: 0.0091666 seconds, Stopping threads took: 0.0000231 seconds
{Heap before GC invocations=236 (full 9):
 par new generation   total 109248K, used 109248K [0x00000007a0000000, 0x00000007a8000000, 0x00000007a8000000)
  eden space 87424K, 100% used [0x00000007a0000000, 0x00000007a5560000, 0x00000007a5560000)
  from space 21824K, 100% used [0x00000007a5560000, 0x00000007a6ab0000, 0x00000007a6ab0000)
  to   space 21824K,   0% used [0x00000007a6ab0000, 0x00000007a6ab0000, 0x00000007a8000000)
 concurrent mark-sweep generation total 393216K, used 104408K [0x00000007a8000000, 0x00000007c0000000, 0x00000007c0000000)
 Metaspace       used 35504K, capacity 36064K, committed 36272K, reserved 1081344K
  class space    used 4090K, capacity 4255K, committed 4272K, reserved 1048576K
2016-10-23T19:09:25.078+0800: 189.255: [GC (Allocation Failure) 2016-10-23T19:09:25.078+0800: 189.255: [ParNew
Desired survivor size 20112992 bytes, new threshold 8 (max 8)
- age   1:    4252696 bytes,    4252696 total
- age   2:    3203792 bytes,    7456488 total
- age   3:    1996600 bytes,    9453088 total
- age   4:    1355432 bytes,   10808520 total
- age   5:    3918056 bytes,   14726576 total
- age   6:    2138712 bytes,   16865288 total
- age   7:     376088 bytes,   17241376 total
- age   8:     278472 bytes,   17519848 total
: 109248K->21824K(109248K), 0.0082958 secs] 213656K->135043K(502464K), 0.0083723 secs] [Times: user=0.03 sys=0.00, real=0.01 secs] 
Heap after GC invocations=237 (full 9):
 par new generation   total 109248K, used 21824K [0x00000007a0000000, 0x00000007a8000000, 0x00000007a8000000)
  eden space 87424K,   0% used [0x00000007a0000000, 0x00000007a0000000, 0x00000007a5560000)
  from space 21824K, 100% used [0x00000007a6ab0000, 0x00000007a8000000, 0x00000007a8000000)
  to   space 21824K,   0% used [0x00000007a5560000, 0x00000007a5560000, 0x00000007a6ab0000)
 concurrent mark-sweep generation total 393216K, used 113219K [0x00000007a8000000, 0x00000007c0000000, 0x00000007c0000000)
 Metaspace       used 35504K, capacity 36064K, committed 36272K, reserved 1081344K
  class space    used 4090K, capacity 4255K, committed 4272K, reserved 1048576K
}
2016-10-23T19:09:25.087+0800: 189.263: Total time for which application threads were stopped: 0.0085389 seconds, Stopping threads took: 0.0000300 seconds
{Heap before GC invocations=237 (full 9):
 par new generation   total 109248K, used 109248K [0x00000007a0000000, 0x00000007a8000000, 0x00000007a8000000)
  eden space 87424K, 100% used [0x00000007a0000000, 0x00000007a5560000, 0x00000007a5560000)
  from space 21824K, 100% used [0x00000007a6ab0000, 0x00000007a8000000, 0x00000007a8000000)
  to   space 21824K,   0% used [0x00000007a5560000, 0x00000007a5560000, 0x00000007a6ab0000)
 concurrent mark-sweep generation total 393216K, used 113219K [0x00000007a8000000, 0x00000007c0000000, 0x00000007c0000000)
 Metaspace       used 35504K, capacity 36064K, committed 36272K, reserved 1081344K
  class space    used 4090K, capacity 4255K, committed 4272K, reserved 1048576K
2016-10-23T19:09:25.187+0800: 189.363: [GC (Allocation Failure) 2016-10-23T19:09:25.187+0800: 189.364: [ParNew
Desired survivor size 20112992 bytes, new threshold 8 (max 8)
- age   1:    3266040 bytes,    3266040 total
- age   2:    3936544 bytes,    7202584 total
- age   3:    3064392 bytes,   10266976 total
- age   4:     750680 bytes,   11017656 total
- age   5:    1324224 bytes,   12341880 total
- age   6:    3901488 bytes,   16243368 total
- age   7:    2090264 bytes,   18333632 total
- age   8:     371080 bytes,   18704712 total
: 109248K->21824K(109248K), 0.0078948 secs] 222467K->136465K(502464K), 0.0079719 secs] [Times: user=0.03 sys=0.00, real=0.01 secs] 
Heap after GC invocations=238 (full 9):
 par new generation   total 109248K, used 21824K [0x00000007a0000000, 0x00000007a8000000, 0x00000007a8000000)
  eden space 87424K,   0% used [0x00000007a0000000, 0x00000007a0000000, 0x00000007a5560000)
  from space 21824K, 100% used [0x00000007a5560000, 0x00000007a6ab0000, 0x00000007a6ab0000)
  to   space 21824K,   0% used [0x00000007a6ab0000, 0x00000007a6ab0000, 0x00000007a8000000)
 concurrent mark-sweep generation total 393216K, used 114641K [0x00000007a8000000, 0x00000007c0000000, 0x00000007c0000000)
 Metaspace       used 35504K, capacity 36064K, committed 36272K, reserved 1081344K
  class space    used 4090K, capacity 4255K, committed 4272K, reserved 1048576K
}
2016-10-23T19:09:25.195+0800: 189.372: Total time for which application threads were stopped: 0.0082428 seconds, Stopping threads took: 0.0000912 seconds
{Heap before GC invocations=238 (full 9):
 par new generation   total 109248K, used 109248K [0x00000007a0000000, 0x00000007a8000000, 0x00000007a8000000)
  eden space 87424K, 100% used [0x00000007a0000000, 0x00000007a5560000, 0x00000007a5560000)
  from space 21824K, 100% used [0x00000007a5560000, 0x00000007a6ab0000, 0x00000007a6ab0000)
  to   space 21824K,   0% used [0x00000007a6ab0000, 0x00000007a6ab0000, 0x00000007a8000000)
 concurrent mark-sweep generation total 393216K, used 114641K [0x00000007a8000000, 0x00000007c0000000, 0x00000007c0000000)
 Metaspace       used 35504K, capacity 36064K, committed 36272K, reserved 1081344K
  class space    used 4090K, capacity 4255K, committed 4272K, reserved 1048576K
2016-10-23T19:09:25.282+0800: 189.458: [GC (Allocation Failure) 2016-10-23T19:09:25.282+0800: 189.458: [ParNew
Desired survivor size 20112992 bytes, new threshold 8 (max 8)
- age   1:    1064688 bytes,    1064688 total
- age   2:    3189248 bytes,    4253936 total
- age   3:    3874440 bytes,    8128376 total
- age   4:    3019280 bytes,   11147656 total
- age   5:     730360 bytes,   11878016 total
- age   6:    1302848 bytes,   13180864 total
- age   7:    3868024 bytes,   17048888 total
- age   8:    1905344 bytes,   18954232 total
: 109248K->21824K(109248K), 0.0072325 secs] 223889K->137167K(502464K), 0.0072922 secs] [Times: user=0.02 sys=0.00, real=0.00 secs] 
Heap after GC invocations=239 (full 9):
 par new generation   total 109248K, used 21824K [0x00000007a0000000, 0x00000007a8000000, 0x00000007a8000000)
  eden space 87424K,   0% used [0x00000007a0000000, 0x00000007a0000000, 0x00000007a5560000)
  from space 21824K, 100% used [0x00000007a6ab0000, 0x00000007a8000000, 0x00000007a8000000)
  to   space 21824K,   0% used [0x00000007a5560000, 0x00000007a5560000, 0x00000007a6ab0000)
 concurrent mark-sweep generation total 393216K, used 115343K [0x00000007a8000000, 0x00000007c0000000, 0x00000007c0000000)
 Metaspace       used 35504K, capacity 36064K, committed 36272K, reserved 1081344K
  class space    used 4090K, capacity 4255K, committed 4272K, reserved 1048576K
}
2016-10-23T19:09:25.289+0800: 189.465: Total time for which application threads were stopped: 0.0074884 seconds, Stopping threads took: 0.0000349 seconds
{Heap before GC invocations=239 (full 9):
 par new generation   total 109248K, used 109248K [0x00000007a0000000, 0x00000007a8000000, 0x00000007a8000000)
  eden space 87424K, 100% used [0x00000007a0000000, 0x00000007a5560000, 0x00000007a5560000)
  from space 21824K, 100% used [0x00000007a6ab0000, 0x00000007a8000000, 0x00000007a8000000)
  to   space 21824K,   0% used [0x00000007a5560000, 0x00000007a5560000, 0x00000007a6ab0000)
 concurrent mark-sweep generation total 393216K, used 115343K [0x00000007a8000000, 0x00000007c0000000, 0x00000007c0000000)
 Metaspace       used 35504K, capacity 36064K, committed 36272K, reserved 1081344K
  class space    used 4090K, capacity 4255K, committed 4272K, reserved 1048576K
2016-10-23T19:09:25.393+0800: 189.569: [GC (Allocation Failure) 2016-10-23T19:09:25.393+0800: 189.569: [ParNew
Desired survivor size 20112992 bytes, new threshold 8 (max 8)
- age   1:    2258352 bytes,    2258352 total
- age   2:    1419296 bytes,    3677648 total
- age   3:    3222032 bytes,    6899680 total
- age   4:    4318848 bytes,   11218528 total
- age   5:    2844760 bytes,   14063288 total
- age   6:     730360 bytes,   14793648 total
- age   7:    1302848 bytes,   16096496 total
- age   8:    3868024 bytes,   19964520 total
: 109248K->21824K(109248K), 0.0065128 secs] 224591K->139035K(502464K), 0.0065610 secs] [Times: user=0.02 sys=0.00, real=0.00 secs] 
Heap after GC invocations=240 (full 9):
 par new generation   total 109248K, used 21824K [0x00000007a0000000, 0x00000007a8000000, 0x00000007a8000000)
  eden space 87424K,   0% used [0x00000007a0000000, 0x00000007a0000000, 0x00000007a5560000)
  from space 21824K, 100% used [0x00000007a5560000, 0x00000007a6ab0000, 0x00000007a6ab0000)
  to   space 21824K,   0% used [0x00000007a6ab0000, 0x00000007a6ab0000, 0x00000007a8000000)
 concurrent mark-sweep generation total 393216K, used 117211K [0x00000007a8000000, 0x00000007c0000000, 0x00000007c0000000)
 Metaspace       used 35504K, capacity 36064K, committed 36272K, reserved 1081344K
  class space    used 4090K, capacity 4255K, committed 4272K, reserved 1048576K
}
2016-10-23T19:09:25.399+0800: 189.576: Total time for which application threads were stopped: 0.0067876 seconds, Stopping threads took: 0.0000649 seconds
2016-10-23T19:09:25.470+0800: 189.647: Total time for which application threads were stopped: 0.0001451 seconds, Stopping threads took: 0.0000221 seconds
{Heap before GC invocations=240 (full 9):
 par new generation   total 109248K, used 109248K [0x00000007a0000000, 0x00000007a8000000, 0x00000007a8000000)
  eden space 87424K, 100% used [0x00000007a0000000, 0x00000007a5560000, 0x00000007a5560000)
  from space 21824K, 100% used [0x00000007a5560000, 0x00000007a6ab0000, 0x00000007a6ab0000)
  to   space 21824K,   0% used [0x00000007a6ab0000, 0x00000007a6ab0000, 0x00000007a8000000)
 concurrent mark-sweep generation total 393216K, used 117211K [0x00000007a8000000, 0x00000007c0000000, 0x00000007c0000000)
 Metaspace       used 35505K, capacity 36064K, committed 36272K, reserved 1081344K
  class space    used 4090K, capacity 4255K, committed 4272K, reserved 1048576K
2016-10-23T19:09:25.475+0800: 189.651: [GC (Allocation Failure) 2016-10-23T19:09:25.475+0800: 189.651: [ParNew
Desired survivor size 20112992 bytes, new threshold 8 (max 8)
- age   1:    3013728 bytes,    3013728 total
- age   2:    2143064 bytes,    5156792 total
- age   3:     968792 bytes,    6125584 total
- age   4:    3128952 bytes,    9254536 total
- age   5:    3650560 bytes,   12905096 total
- age   6:    2802360 bytes,   15707456 total
- age   7:     709144 bytes,   16416600 total
- age   8:    1273616 bytes,   17690216 total
: 109248K->21824K(109248K), 0.0063365 secs] 226459K->142981K(502464K), 0.0063944 secs] [Times: user=0.02 sys=0.00, real=0.01 secs] 
Heap after GC invocations=241 (full 9):
 par new generation   total 109248K, used 21824K [0x00000007a0000000, 0x00000007a8000000, 0x00000007a8000000)
  eden space 87424K,   0% used [0x00000007a0000000, 0x00000007a0000000, 0x00000007a5560000)
  from space 21824K, 100% used [0x00000007a6ab0000, 0x00000007a8000000, 0x00000007a8000000)
  to   space 21824K,   0% used [0x00000007a5560000, 0x00000007a5560000, 0x00000007a6ab0000)
 concurrent mark-sweep generation total 393216K, used 121157K [0x00000007a8000000, 0x00000007c0000000, 0x00000007c0000000)
 Metaspace       used 35505K, capacity 36064K, committed 36272K, reserved 1081344K
  class space    used 4090K, capacity 4255K, committed 4272K, reserved 1048576K
}
2016-10-23T19:09:25.481+0800: 189.658: Total time for which application threads were stopped: 0.0066266 seconds, Stopping threads took: 0.0000930 seconds
{Heap before GC invocations=241 (full 9):
 par new generation   total 109248K, used 109248K [0x00000007a0000000, 0x00000007a8000000, 0x00000007a8000000)
  eden space 87424K, 100% used [0x00000007a0000000, 0x00000007a5560000, 0x00000007a5560000)
  from space 21824K, 100% used [0x00000007a6ab0000, 0x00000007a8000000, 0x00000007a8000000)
  to   space 21824K,   0% used [0x00000007a5560000, 0x00000007a5560000, 0x00000007a6ab0000)
 concurrent mark-sweep generation total 393216K, used 121157K [0x00000007a8000000, 0x00000007c0000000, 0x00000007c0000000)
 Metaspace       used 35507K, capacity 36064K, committed 36272K, reserved 1081344K
  class space    used 4090K, capacity 4255K, committed 4272K, reserved 1048576K
2016-10-23T19:09:25.547+0800: 189.724: [GC (Allocation Failure) 2016-10-23T19:09:25.547+0800: 189.724: [ParNew
Desired survivor size 20112992 bytes, new threshold 8 (max 8)
- age   1:    1720872 bytes,    1720872 total
- age   2:    2487736 bytes,    4208608 total
- age   3:    2143064 bytes,    6351672 total
- age   4:    1362200 bytes,    7713872 total
- age   5:    3161736 bytes,   10875608 total
- age   6:    4174488 bytes,   15050096 total
- age   7:    2802360 bytes,   17852456 total
- age   8:     709144 bytes,   18561600 total
: 109248K->21631K(109248K), 0.0067882 secs] 230405K->144034K(502464K), 0.0068607 secs] [Times: user=0.03 sys=0.00, real=0.01 secs] 
Heap after GC invocations=242 (full 9):
 par new generation   total 109248K, used 21631K [0x00000007a0000000, 0x00000007a8000000, 0x00000007a8000000)
  eden space 87424K,   0% used [0x00000007a0000000, 0x00000007a0000000, 0x00000007a5560000)
  from space 21824K,  99% used [0x00000007a5560000, 0x00000007a6a7fff8, 0x00000007a6ab0000)
  to   space 21824K,   0% used [0x00000007a6ab0000, 0x00000007a6ab0000, 0x00000007a8000000)
 concurrent mark-sweep generation total 393216K, used 122402K [0x00000007a8000000, 0x00000007c0000000, 0x00000007c0000000)
 Metaspace       used 35507K, capacity 36064K, committed 36272K, reserved 1081344K
  class space    used 4090K, capacity 4255K, committed 4272K, reserved 1048576K
}
2016-10-23T19:09:25.554+0800: 189.731: Total time for which application threads were stopped: 0.0071576 seconds, Stopping threads took: 0.0001053 seconds
2016-10-23T19:09:25.614+0800: 189.790: Total time for which application threads were stopped: 0.0002304 seconds, Stopping threads took: 0.0001018 seconds
2016-10-23T19:09:25.614+0800: 189.791: Total time for which application threads were stopped: 0.0001401 seconds, Stopping threads took: 0.0000568 seconds
{Heap before GC invocations=242 (full 9):
 par new generation   total 109248K, used 109055K [0x00000007a0000000, 0x00000007a8000000, 0x00000007a8000000)
  eden space 87424K, 100% used [0x00000007a0000000, 0x00000007a5560000, 0x00000007a5560000)
  from space 21824K,  99% used [0x00000007a5560000, 0x00000007a6a7fff8, 0x00000007a6ab0000)
  to   space 21824K,   0% used [0x00000007a6ab0000, 0x00000007a6ab0000, 0x00000007a8000000)
 concurrent mark-sweep generation total 393216K, used 122402K [0x00000007a8000000, 0x00000007c0000000, 0x00000007c0000000)
 Metaspace       used 35510K, capacity 36064K, committed 36272K, reserved 1081344K
  class space    used 4090K, capacity 4255K, committed 4272K, reserved 1048576K
2016-10-23T19:09:25.647+0800: 189.824: [GC (Allocation Failure) 2016-10-23T19:09:25.647+0800: 189.824: [ParNew
Desired survivor size 20112992 bytes, new threshold 8 (max 8)
- age   1:    2422776 bytes,    2422776 total
- age   2:     773552 bytes,    3196328 total
- age   3:    2321176 bytes,    5517504 total
- age   4:    1559536 bytes,    7077040 total
- age   5:     882216 bytes,    7959256 total
- age   6:    3042240 bytes,   11001496 total
- age   7:    3603984 bytes,   14605480 total
- age   8:    2796120 bytes,   17401600 total
: 109055K->21824K(109248K), 0.0067309 secs] 231458K->145980K(502464K), 0.0067981 secs] [Times: user=0.02 sys=0.00, real=0.01 secs] 
Heap after GC invocations=243 (full 9):
 par new generation   total 109248K, used 21824K [0x00000007a0000000, 0x00000007a8000000, 0x00000007a8000000)
  eden space 87424K,   0% used [0x00000007a0000000, 0x00000007a0000000, 0x00000007a5560000)
  from space 21824K, 100% used [0x00000007a6ab0000, 0x00000007a8000000, 0x00000007a8000000)
  to   space 21824K,   0% used [0x00000007a5560000, 0x00000007a5560000, 0x00000007a6ab0000)
 concurrent mark-sweep generation total 393216K, used 124156K [0x00000007a8000000, 0x00000007c0000000, 0x00000007c0000000)
 Metaspace       used 35510K, capacity 36064K, committed 36272K, reserved 1081344K
  class space    used 4090K, capacity 4255K, committed 4272K, reserved 1048576K
}
2016-10-23T19:09:25.654+0800: 189.831: Total time for which application threads were stopped: 0.0078766 seconds, Stopping threads took: 0.0009374 seconds
{Heap before GC invocations=243 (full 9):
 par new generation   total 109248K, used 109248K [0x00000007a0000000, 0x00000007a8000000, 0x00000007a8000000)
  eden space 87424K, 100% used [0x00000007a0000000, 0x00000007a5560000, 0x00000007a5560000)
  from space 21824K, 100% used [0x00000007a6ab0000, 0x00000007a8000000, 0x00000007a8000000)
  to   space 21824K,   0% used [0x00000007a5560000, 0x00000007a5560000, 0x00000007a6ab0000)
 concurrent mark-sweep generation total 393216K, used 124156K [0x00000007a8000000, 0x00000007c0000000, 0x00000007c0000000)
 Metaspace       used 35510K, capacity 36064K, committed 36272K, reserved 1081344K
  class space    used 4090K, capacity 4255K, committed 4272K, reserved 1048576K
2016-10-23T19:09:25.732+0800: 189.909: [GC (Allocation Failure) 2016-10-23T19:09:25.732+0800: 189.909: [ParNew
Desired survivor size 20112992 bytes, new threshold 8 (max 8)
- age   1:    2308240 bytes,    2308240 total
- age   2:    1433448 bytes,    3741688 total
- age   3:     743032 bytes,    4484720 total
- age   4:    2320416 bytes,    6805136 total
- age   5:    1559536 bytes,    8364672 total
- age   6:     882216 bytes,    9246888 total
- age   7:    3042240 bytes,   12289128 total
- age   8:    3603560 bytes,   15892688 total
: 109248K->21314K(109248K), 0.0073075 secs] 233404K->148205K(502464K), 0.0073969 secs] [Times: user=0.02 sys=0.00, real=0.01 secs] 
Heap after GC invocations=244 (full 9):
 par new generation   total 109248K, used 21314K [0x00000007a0000000, 0x00000007a8000000, 0x00000007a8000000)
  eden space 87424K,   0% used [0x00000007a0000000, 0x00000007a0000000, 0x00000007a5560000)
  from space 21824K,  97% used [0x00000007a5560000, 0x00000007a6a309d0, 0x00000007a6ab0000)
  to   space 21824K,   0% used [0x00000007a6ab0000, 0x00000007a6ab0000, 0x00000007a8000000)
 concurrent mark-sweep generation total 393216K, used 126891K [0x00000007a8000000, 0x00000007c0000000, 0x00000007c0000000)
 Metaspace       used 35510K, capacity 36064K, committed 36272K, reserved 1081344K
  class space    used 4090K, capacity 4255K, committed 4272K, reserved 1048576K
}
2016-10-23T19:09:25.740+0800: 189.916: Total time for which application threads were stopped: 0.0076496 seconds, Stopping threads took: 0.0000721 seconds
{Heap before GC invocations=244 (full 9):
 par new generation   total 109248K, used 108738K [0x00000007a0000000, 0x00000007a8000000, 0x00000007a8000000)
  eden space 87424K, 100% used [0x00000007a0000000, 0x00000007a5560000, 0x00000007a5560000)
  from space 21824K,  97% used [0x00000007a5560000, 0x00000007a6a309d0, 0x00000007a6ab0000)
  to   space 21824K,   0% used [0x00000007a6ab0000, 0x00000007a6ab0000, 0x00000007a8000000)
 concurrent mark-sweep generation total 393216K, used 126891K [0x00000007a8000000, 0x00000007c0000000, 0x00000007c0000000)
 Metaspace       used 35511K, capacity 36128K, committed 36528K, reserved 1081344K
  class space    used 4090K, capacity 4255K, committed 4272K, reserved 1048576K
2016-10-23T19:09:25.854+0800: 190.030: [GC (Allocation Failure) 2016-10-23T19:09:25.854+0800: 190.030: [ParNew
Desired survivor size 20112992 bytes, new threshold 8 (max 8)
- age   1:    3902504 bytes,    3902504 total
- age   2:    1026624 bytes,    4929128 total
- age   3:     941576 bytes,    5870704 total
- age   4:     708776 bytes,    6579480 total
- age   5:    2249600 bytes,    8829080 total
- age   6:    1559536 bytes,   10388616 total
- age   7:     882216 bytes,   11270832 total
- age   8:    3042240 bytes,   14313072 total
: 108738K->17645K(109248K), 0.0062610 secs] 235629K->148065K(502464K), 0.0063208 secs] [Times: user=0.02 sys=0.00, real=0.01 secs] 
Heap after GC invocations=245 (full 9):
 par new generation   total 109248K, used 17645K [0x00000007a0000000, 0x00000007a8000000, 0x00000007a8000000)
  eden space 87424K,   0% used [0x00000007a0000000, 0x00000007a0000000, 0x00000007a5560000)
  from space 21824K,  80% used [0x00000007a6ab0000, 0x00000007a7beb4c8, 0x00000007a8000000)
  to   space 21824K,   0% used [0x00000007a5560000, 0x00000007a5560000, 0x00000007a6ab0000)
 concurrent mark-sweep generation total 393216K, used 130420K [0x00000007a8000000, 0x00000007c0000000, 0x00000007c0000000)
 Metaspace       used 35511K, capacity 36128K, committed 36528K, reserved 1081344K
  class space    used 4090K, capacity 4255K, committed 4272K, reserved 1048576K
}
2016-10-23T19:09:25.860+0800: 190.037: Total time for which application threads were stopped: 0.0066198 seconds, Stopping threads took: 0.0000917 seconds
{Heap before GC invocations=245 (full 9):
 par new generation   total 109248K, used 105069K [0x00000007a0000000, 0x00000007a8000000, 0x00000007a8000000)
  eden space 87424K, 100% used [0x00000007a0000000, 0x00000007a5560000, 0x00000007a5560000)
  from space 21824K,  80% used [0x00000007a6ab0000, 0x00000007a7beb4c8, 0x00000007a8000000)
  to   space 21824K,   0% used [0x00000007a5560000, 0x00000007a5560000, 0x00000007a6ab0000)
 concurrent mark-sweep generation total 393216K, used 130420K [0x00000007a8000000, 0x00000007c0000000, 0x00000007c0000000)
 Metaspace       used 35511K, capacity 36128K, committed 36528K, reserved 1081344K
  class space    used 4090K, capacity 4255K, committed 4272K, reserved 1048576K
2016-10-23T19:09:26.000+0800: 190.177: [GC (Allocation Failure) 2016-10-23T19:09:26.000+0800: 190.177: [ParNew
Desired survivor size 20112992 bytes, new threshold 8 (max 8)
- age   1:    4291560 bytes,    4291560 total
- age   2:    2281760 bytes,    6573320 total
- age   3:     890872 bytes,    7464192 total
- age   4:     906728 bytes,    8370920 total
- age   5:     692360 bytes,    9063280 total
- age   6:    2232112 bytes,   11295392 total
- age   7:    1559536 bytes,   12854928 total
- age   8:     882216 bytes,   13737144 total
: 105069K->19505K(109248K), 0.0063727 secs] 235489K->152903K(502464K), 0.0064313 secs] [Times: user=0.02 sys=0.00, real=0.00 secs] 
Heap after GC invocations=246 (full 9):
 par new generation   total 109248K, used 19505K [0x00000007a0000000, 0x00000007a8000000, 0x00000007a8000000)
  eden space 87424K,   0% used [0x00000007a0000000, 0x00000007a0000000, 0x00000007a5560000)
  from space 21824K,  89% used [0x00000007a5560000, 0x00000007a686c7d0, 0x00000007a6ab0000)
  to   space 21824K,   0% used [0x00000007a6ab0000, 0x00000007a6ab0000, 0x00000007a8000000)
 concurrent mark-sweep generation total 393216K, used 133397K [0x00000007a8000000, 0x00000007c0000000, 0x00000007c0000000)
 Metaspace       used 35511K, capacity 36128K, committed 36528K, reserved 1081344K
  class space    used 4090K, capacity 4255K, committed 4272K, reserved 1048576K
}
2016-10-23T19:09:26.007+0800: 190.183: Total time for which application threads were stopped: 0.0066881 seconds, Stopping threads took: 0.0000884 seconds
{Heap before GC invocations=246 (full 9):
 par new generation   total 109248K, used 106921K [0x00000007a0000000, 0x00000007a8000000, 0x00000007a8000000)
  eden space 87424K,  99% used [0x00000007a0000000, 0x00000007a555dc50, 0x00000007a5560000)
  from space 21824K,  89% used [0x00000007a5560000, 0x00000007a686c7d0, 0x00000007a6ab0000)
  to   space 21824K,   0% used [0x00000007a6ab0000, 0x00000007a6ab0000, 0x00000007a8000000)
 concurrent mark-sweep generation total 393216K, used 133397K [0x00000007a8000000, 0x00000007c0000000, 0x00000007c0000000)
 Metaspace       used 35511K, capacity 36128K, committed 36528K, reserved 1081344K
  class space    used 4090K, capacity 4255K, committed 4272K, reserved 1048576K
2016-10-23T19:09:26.083+0800: 190.260: [GC (Allocation Failure) 2016-10-23T19:09:26.083+0800: 190.260: [ParNew
Desired survivor size 20112992 bytes, new threshold 8 (max 8)
- age   1:    3293880 bytes,    3293880 total
- age   2:    2071952 bytes,    5365832 total
- age   3:    2256928 bytes,    7622760 total
- age   4:     873592 bytes,    8496352 total
- age   5:     907592 bytes,    9403944 total
- age   6:     691704 bytes,   10095648 total
- age   7:    2231832 bytes,   12327480 total
- age   8:    1559536 bytes,   13887016 total
: 106921K->14748K(109248K), 0.0054018 secs] 240318K->149014K(502464K), 0.0054642 secs] [Times: user=0.02 sys=0.00, real=0.00 secs] 
Heap after GC invocations=247 (full 9):
 par new generation   total 109248K, used 14748K [0x00000007a0000000, 0x00000007a8000000, 0x00000007a8000000)
  eden space 87424K,   0% used [0x00000007a0000000, 0x00000007a0000000, 0x00000007a5560000)
  from space 21824K,  67% used [0x00000007a6ab0000, 0x00000007a79173e0, 0x00000007a8000000)
  to   space 21824K,   0% used [0x00000007a5560000, 0x00000007a5560000, 0x00000007a6ab0000)
 concurrent mark-sweep generation total 393216K, used 134265K [0x00000007a8000000, 0x00000007c0000000, 0x00000007c0000000)
 Metaspace       used 35511K, capacity 36128K, committed 36528K, reserved 1081344K
  class space    used 4090K, capacity 4255K, committed 4272K, reserved 1048576K
}
2016-10-23T19:09:26.089+0800: 190.265: Total time for which application threads were stopped: 0.0056906 seconds, Stopping threads took: 0.0000643 seconds
{Heap before GC invocations=247 (full 9):
 par new generation   total 109248K, used 102172K [0x00000007a0000000, 0x00000007a8000000, 0x00000007a8000000)
  eden space 87424K, 100% used [0x00000007a0000000, 0x00000007a5560000, 0x00000007a5560000)
  from space 21824K,  67% used [0x00000007a6ab0000, 0x00000007a79173e0, 0x00000007a8000000)
  to   space 21824K,   0% used [0x00000007a5560000, 0x00000007a5560000, 0x00000007a6ab0000)
 concurrent mark-sweep generation total 393216K, used 134265K [0x00000007a8000000, 0x00000007c0000000, 0x00000007c0000000)
 Metaspace       used 35511K, capacity 36128K, committed 36528K, reserved 1081344K
  class space    used 4090K, capacity 4255K, committed 4272K, reserved 1048576K
2016-10-23T19:09:26.163+0800: 190.340: [GC (Allocation Failure) 2016-10-23T19:09:26.163+0800: 190.340: [ParNew
Desired survivor size 20112992 bytes, new threshold 8 (max 8)
- age   1:    4151152 bytes,    4151152 total
- age   2:    1039168 bytes,    5190320 total
- age   3:    1998616 bytes,    7188936 total
- age   4:    1961760 bytes,    9150696 total
- age   5:     873472 bytes,   10024168 total
- age   6:     907136 bytes,   10931304 total
- age   7:     691656 bytes,   11622960 total
- age   8:    2231760 bytes,   13854720 total
: 102172K->18580K(109248K), 0.0054712 secs] 236438K->154379K(502464K), 0.0055426 secs] [Times: user=0.02 sys=0.00, real=0.00 secs] 
Heap after GC invocations=248 (full 9):
 par new generation   total 109248K, used 18580K [0x00000007a0000000, 0x00000007a8000000, 0x00000007a8000000)
  eden space 87424K,   0% used [0x00000007a0000000, 0x00000007a0000000, 0x00000007a5560000)
  from space 21824K,  85% used [0x00000007a5560000, 0x00000007a6785350, 0x00000007a6ab0000)
  to   space 21824K,   0% used [0x00000007a6ab0000, 0x00000007a6ab0000, 0x00000007a8000000)
 concurrent mark-sweep generation total 393216K, used 135799K [0x00000007a8000000, 0x00000007c0000000, 0x00000007c0000000)
 Metaspace       used 35511K, capacity 36128K, committed 36528K, reserved 1081344K
  class space    used 4090K, capacity 4255K, committed 4272K, reserved 1048576K
}
2016-10-23T19:09:26.169+0800: 190.345: Total time for which application threads were stopped: 0.0057942 seconds, Stopping threads took: 0.0001014 seconds
{Heap before GC invocations=248 (full 9):
 par new generation   total 109248K, used 106004K [0x00000007a0000000, 0x00000007a8000000, 0x00000007a8000000)
  eden space 87424K, 100% used [0x00000007a0000000, 0x00000007a5560000, 0x00000007a5560000)
  from space 21824K,  85% used [0x00000007a5560000, 0x00000007a6785350, 0x00000007a6ab0000)
  to   space 21824K,   0% used [0x00000007a6ab0000, 0x00000007a6ab0000, 0x00000007a8000000)
 concurrent mark-sweep generation total 393216K, used 135799K [0x00000007a8000000, 0x00000007c0000000, 0x00000007c0000000)
 Metaspace       used 35512K, capacity 36128K, committed 36528K, reserved 1081344K
  class space    used 4090K, capacity 4255K, committed 4272K, reserved 1048576K
2016-10-23T19:09:26.235+0800: 190.412: [GC (Allocation Failure) 2016-10-23T19:09:26.235+0800: 190.412: [ParNew
Desired survivor size 20112992 bytes, new threshold 8 (max 8)
- age   1:    4100992 bytes,    4100992 total
- age   2:    2072088 bytes,    6173080 total
- age   3:     932784 bytes,    7105864 total
- age   4:    2000848 bytes,    9106712 total
- age   5:    1341672 bytes,   10448384 total
- age   6:     876256 bytes,   11324640 total
- age   7:     909416 bytes,   12234056 total
- age   8:     693576 bytes,   12927632 total
: 106004K->15783K(109248K), 0.0054069 secs] 241803K->153774K(502464K), 0.0054645 secs] [Times: user=0.02 sys=0.00, real=0.01 secs] 
Heap after GC invocations=249 (full 9):
 par new generation   total 109248K, used 15783K [0x00000007a0000000, 0x00000007a8000000, 0x00000007a8000000)
  eden space 87424K,   0% used [0x00000007a0000000, 0x00000007a0000000, 0x00000007a5560000)
  from space 21824K,  72% used [0x00000007a6ab0000, 0x00000007a7a19fc0, 0x00000007a8000000)
  to   space 21824K,   0% used [0x00000007a5560000, 0x00000007a5560000, 0x00000007a6ab0000)
 concurrent mark-sweep generation total 393216K, used 137990K [0x00000007a8000000, 0x00000007c0000000, 0x00000007c0000000)
 Metaspace       used 35512K, capacity 36128K, committed 36528K, reserved 1081344K
  class space    used 4090K, capacity 4255K, committed 4272K, reserved 1048576K
}
2016-10-23T19:09:26.241+0800: 190.417: Total time for which application threads were stopped: 0.0057261 seconds, Stopping threads took: 0.0001062 seconds
{Heap before GC invocations=249 (full 9):
 par new generation   total 109248K, used 103207K [0x00000007a0000000, 0x00000007a8000000, 0x00000007a8000000)
  eden space 87424K, 100% used [0x00000007a0000000, 0x00000007a5560000, 0x00000007a5560000)
  from space 21824K,  72% used [0x00000007a6ab0000, 0x00000007a7a19fc0, 0x00000007a8000000)
  to   space 21824K,   0% used [0x00000007a5560000, 0x00000007a5560000, 0x00000007a6ab0000)
 concurrent mark-sweep generation total 393216K, used 137990K [0x00000007a8000000, 0x00000007c0000000, 0x00000007c0000000)
 Metaspace       used 35513K, capacity 36128K, committed 36528K, reserved 1081344K
  class space    used 4090K, capacity 4255K, committed 4272K, reserved 1048576K
2016-10-23T19:09:26.307+0800: 190.484: [GC (Allocation Failure) 2016-10-23T19:09:26.307+0800: 190.484: [ParNew
Desired survivor size 20112992 bytes, new threshold 8 (max 8)
- age   1:    2900040 bytes,    2900040 total
- age   2:    2921712 bytes,    5821752 total
- age   3:    1409112 bytes,    7230864 total
- age   4:     925656 bytes,    8156520 total
- age   5:    1985416 bytes,   10141936 total
- age   6:    1339200 bytes,   11481136 total
- age   7:     873664 bytes,   12354800 total
- age   8:     907160 bytes,   13261960 total
: 103207K->19987K(109248K), 0.0046716 secs] 241198K->158665K(502464K), 0.0047329 secs] [Times: user=0.02 sys=0.00, real=0.01 secs] 
Heap after GC invocations=250 (full 9):
 par new generation   total 109248K, used 19987K [0x00000007a0000000, 0x00000007a8000000, 0x00000007a8000000)
  eden space 87424K,   0% used [0x00000007a0000000, 0x00000007a0000000, 0x00000007a5560000)
  from space 21824K,  91% used [0x00000007a5560000, 0x00000007a68e4da0, 0x00000007a6ab0000)
  to   space 21824K,   0% used [0x00000007a6ab0000, 0x00000007a6ab0000, 0x00000007a8000000)
 concurrent mark-sweep generation total 393216K, used 138678K [0x00000007a8000000, 0x00000007c0000000, 0x00000007c0000000)
 Metaspace       used 35513K, capacity 36128K, committed 36528K, reserved 1081344K
  class space    used 4090K, capacity 4255K, committed 4272K, reserved 1048576K
}
2016-10-23T19:09:26.312+0800: 190.488: Total time for which application threads were stopped: 0.0049424 seconds, Stopping threads took: 0.0000507 seconds
{Heap before GC invocations=250 (full 9):
 par new generation   total 109248K, used 107411K [0x00000007a0000000, 0x00000007a8000000, 0x00000007a8000000)
  eden space 87424K, 100% used [0x00000007a0000000, 0x00000007a5560000, 0x00000007a5560000)
  from space 21824K,  91% used [0x00000007a5560000, 0x00000007a68e4da0, 0x00000007a6ab0000)
  to   space 21824K,   0% used [0x00000007a6ab0000, 0x00000007a6ab0000, 0x00000007a8000000)
 concurrent mark-sweep generation total 393216K, used 138678K [0x00000007a8000000, 0x00000007c0000000, 0x00000007c0000000)
 Metaspace       used 35513K, capacity 36128K, committed 36528K, reserved 1081344K
  class space    used 4090K, capacity 4255K, committed 4272K, reserved 1048576K
2016-10-23T19:09:26.350+0800: 190.526: [GC (Allocation Failure) 2016-10-23T19:09:26.350+0800: 190.526: [ParNew
Desired survivor size 20112992 bytes, new threshold 8 (max 8)
- age   1:    2182064 bytes,    2182064 total
- age   2:    2374680 bytes,    4556744 total
- age   3:    1912960 bytes,    6469704 total
- age   4:    1408776 bytes,    7878480 total
- age   5:     923056 bytes,    8801536 total
- age   6:    1984600 bytes,   10786136 total
- age   7:    1338480 bytes,   12124616 total
- age   8:     873256 bytes,   12997872 total
: 107411K->15875K(109248K), 0.0044602 secs] 246089K->155456K(502464K), 0.0045115 secs] [Times: user=0.01 sys=0.00, real=0.00 secs] 
Heap after GC invocations=251 (full 9):
 par new generation   total 109248K, used 15875K [0x00000007a0000000, 0x00000007a8000000, 0x00000007a8000000)
  eden space 87424K,   0% used [0x00000007a0000000, 0x00000007a0000000, 0x00000007a5560000)
  from space 21824K,  72% used [0x00000007a6ab0000, 0x00000007a7a30f80, 0x00000007a8000000)
  to   space 21824K,   0% used [0x00000007a5560000, 0x00000007a5560000, 0x00000007a6ab0000)
 concurrent mark-sweep generation total 393216K, used 139580K [0x00000007a8000000, 0x00000007c0000000, 0x00000007c0000000)
 Metaspace       used 35513K, capacity 36128K, committed 36528K, reserved 1081344K
  class space    used 4090K, capacity 4255K, committed 4272K, reserved 1048576K
}
2016-10-23T19:09:26.354+0800: 190.531: Total time for which application threads were stopped: 0.0046651 seconds, Stopping threads took: 0.0000171 seconds
2016-10-23T19:09:26.454+0800: 190.631: Total time for which application threads were stopped: 0.0001803 seconds, Stopping threads took: 0.0000900 seconds
{Heap before GC invocations=251 (full 9):
 par new generation   total 109248K, used 103299K [0x00000007a0000000, 0x00000007a8000000, 0x00000007a8000000)
  eden space 87424K, 100% used [0x00000007a0000000, 0x00000007a5560000, 0x00000007a5560000)
  from space 21824K,  72% used [0x00000007a6ab0000, 0x00000007a7a30f80, 0x00000007a8000000)
  to   space 21824K,   0% used [0x00000007a5560000, 0x00000007a5560000, 0x00000007a6ab0000)
 concurrent mark-sweep generation total 393216K, used 139580K [0x00000007a8000000, 0x00000007c0000000, 0x00000007c0000000)
 Metaspace       used 35519K, capacity 36128K, committed 36528K, reserved 1081344K
  class space    used 4090K, capacity 4255K, committed 4272K, reserved 1048576K
2016-10-23T19:09:26.455+0800: 190.632: [GC (Allocation Failure) 2016-10-23T19:09:26.455+0800: 190.632: [ParNew
Desired survivor size 20112992 bytes, new threshold 8 (max 8)
- age   1:    4071960 bytes,    4071960 total
- age   2:     910408 bytes,    4982368 total
- age   3:     891776 bytes,    5874144 total
- age   4:    1899504 bytes,    7773648 total
- age   5:    1381464 bytes,    9155112 total
- age   6:     871104 bytes,   10026216 total
- age   7:    1983976 bytes,   12010192 total
- age   8:    1338888 bytes,   13349080 total
: 103299K->18477K(109248K), 0.0048543 secs] 242880K->158926K(502464K), 0.0049169 secs] [Times: user=0.02 sys=0.00, real=0.01 secs] 
Heap after GC invocations=252 (full 9):
 par new generation   total 109248K, used 18477K [0x00000007a0000000, 0x00000007a8000000, 0x00000007a8000000)
  eden space 87424K,   0% used [0x00000007a0000000, 0x00000007a0000000, 0x00000007a5560000)
  from space 21824K,  84% used [0x00000007a5560000, 0x00000007a676b6d0, 0x00000007a6ab0000)
  to   space 21824K,   0% used [0x00000007a6ab0000, 0x00000007a6ab0000, 0x00000007a8000000)
 concurrent mark-sweep generation total 393216K, used 140448K [0x00000007a8000000, 0x00000007c0000000, 0x00000007c0000000)
 Metaspace       used 35519K, capacity 36128K, committed 36528K, reserved 1081344K
  class space    used 4090K, capacity 4255K, committed 4272K, reserved 1048576K
}
2016-10-23T19:09:26.460+0800: 190.637: Total time for which application threads were stopped: 0.0050829 seconds, Stopping threads took: 0.0000523 seconds
2016-10-23T19:09:26.534+0800: 190.710: Total time for which application threads were stopped: 0.0002032 seconds, Stopping threads took: 0.0000726 seconds
2016-10-23T19:09:26.573+0800: 190.750: Total time for which application threads were stopped: 0.0002016 seconds, Stopping threads took: 0.0001064 seconds
2016-10-23T19:09:26.574+0800: 190.750: Total time for which application threads were stopped: 0.0001240 seconds, Stopping threads took: 0.0000548 seconds
{Heap before GC invocations=252 (full 9):
 par new generation   total 109248K, used 105901K [0x00000007a0000000, 0x00000007a8000000, 0x00000007a8000000)
  eden space 87424K, 100% used [0x00000007a0000000, 0x00000007a5560000, 0x00000007a5560000)
  from space 21824K,  84% used [0x00000007a5560000, 0x00000007a676b6d0, 0x00000007a6ab0000)
  to   space 21824K,   0% used [0x00000007a6ab0000, 0x00000007a6ab0000, 0x00000007a8000000)
 concurrent mark-sweep generation total 393216K, used 140448K [0x00000007a8000000, 0x00000007c0000000, 0x00000007c0000000)
 Metaspace       used 35540K, capacity 36128K, committed 36528K, reserved 1081344K
  class space    used 4090K, capacity 4255K, committed 4272K, reserved 1048576K
2016-10-23T19:09:26.586+0800: 190.762: [GC (Allocation Failure) 2016-10-23T19:09:26.586+0800: 190.762: [ParNew
Desired survivor size 20112992 bytes, new threshold 8 (max 8)
- age   1:    4591504 bytes,    4591504 total
- age   2:    3766224 bytes,    8357728 total
- age   3:     440632 bytes,    8798360 total
- age   4:     720536 bytes,    9518896 total
- age   5:    1870096 bytes,   11388992 total
- age   6:    1347744 bytes,   12736736 total
- age   7:     836808 bytes,   13573544 total
- age   8:    1784056 bytes,   15357600 total
: 105901K->17753K(109248K), 0.0060953 secs] 246350K->159472K(502464K), 0.0061654 secs] [Times: user=0.02 sys=0.00, real=0.01 secs] 
Heap after GC invocations=253 (full 9):
 par new generation   total 109248K, used 17753K [0x00000007a0000000, 0x00000007a8000000, 0x00000007a8000000)
  eden space 87424K,   0% used [0x00000007a0000000, 0x00000007a0000000, 0x00000007a5560000)
  from space 21824K,  81% used [0x00000007a6ab0000, 0x00000007a7c065b0, 0x00000007a8000000)
  to   space 21824K,   0% used [0x00000007a5560000, 0x00000007a5560000, 0x00000007a6ab0000)
 concurrent mark-sweep generation total 393216K, used 141719K [0x00000007a8000000, 0x00000007c0000000, 0x00000007c0000000)
 Metaspace       used 35540K, capacity 36128K, committed 36528K, reserved 1081344K
  class space    used 4090K, capacity 4255K, committed 4272K, reserved 1048576K
}
2016-10-23T19:09:26.592+0800: 190.768: Total time for which application threads were stopped: 0.0064047 seconds, Stopping threads took: 0.0000842 seconds
{Heap before GC invocations=253 (full 9):
 par new generation   total 109248K, used 105177K [0x00000007a0000000, 0x00000007a8000000, 0x00000007a8000000)
  eden space 87424K, 100% used [0x00000007a0000000, 0x00000007a5560000, 0x00000007a5560000)
  from space 21824K,  81% used [0x00000007a6ab0000, 0x00000007a7c065b0, 0x00000007a8000000)
  to   space 21824K,   0% used [0x00000007a5560000, 0x00000007a5560000, 0x00000007a6ab0000)
 concurrent mark-sweep generation total 393216K, used 141719K [0x00000007a8000000, 0x00000007c0000000, 0x00000007c0000000)
 Metaspace       used 35541K, capacity 36128K, committed 36528K, reserved 1081344K
  class space    used 4090K, capacity 4255K, committed 4272K, reserved 1048576K
2016-10-23T19:09:26.678+0800: 190.855: [GC (Allocation Failure) 2016-10-23T19:09:26.678+0800: 190.855: [ParNew
Desired survivor size 20112992 bytes, new threshold 8 (max 8)
- age   1:    1939952 bytes,    1939952 total
- age   2:    4133392 bytes,    6073344 total
- age   3:    3766224 bytes,    9839568 total
- age   4:     440632 bytes,   10280200 total
- age   5:     720536 bytes,   11000736 total
- age   6:    1870096 bytes,   12870832 total
- age   7:    1347744 bytes,   14218576 total
- age   8:     836808 bytes,   15055384 total
: 105177K->18775K(109248K), 0.0053020 secs] 246896K->162253K(502464K), 0.0053565 secs] [Times: user=0.02 sys=0.00, real=0.01 secs] 
Heap after GC invocations=254 (full 9):
 par new generation   total 109248K, used 18775K [0x00000007a0000000, 0x00000007a8000000, 0x00000007a8000000)
  eden space 87424K,   0% used [0x00000007a0000000, 0x00000007a0000000, 0x00000007a5560000)
  from space 21824K,  86% used [0x00000007a5560000, 0x00000007a67b5ec0, 0x00000007a6ab0000)
  to   space 21824K,   0% used [0x00000007a6ab0000, 0x00000007a6ab0000, 0x00000007a8000000)
 concurrent mark-sweep generation total 393216K, used 143477K [0x00000007a8000000, 0x00000007c0000000, 0x00000007c0000000)
 Metaspace       used 35541K, capacity 36128K, committed 36528K, reserved 1081344K
  class space    used 4090K, capacity 4255K, committed 4272K, reserved 1048576K
}
2016-10-23T19:09:26.684+0800: 190.860: Total time for which application threads were stopped: 0.0055204 seconds, Stopping threads took: 0.0000186 seconds
{Heap before GC invocations=254 (full 9):
 par new generation   total 109248K, used 106199K [0x00000007a0000000, 0x00000007a8000000, 0x00000007a8000000)
  eden space 87424K, 100% used [0x00000007a0000000, 0x00000007a5560000, 0x00000007a5560000)
  from space 21824K,  86% used [0x00000007a5560000, 0x00000007a67b5ec0, 0x00000007a6ab0000)
  to   space 21824K,   0% used [0x00000007a6ab0000, 0x00000007a6ab0000, 0x00000007a8000000)
 concurrent mark-sweep generation total 393216K, used 143477K [0x00000007a8000000, 0x00000007c0000000, 0x00000007c0000000)
 Metaspace       used 35541K, capacity 36128K, committed 36528K, reserved 1081344K
  class space    used 4090K, capacity 4255K, committed 4272K, reserved 1048576K
2016-10-23T19:09:26.734+0800: 190.910: [GC (Allocation Failure) 2016-10-23T19:09:26.734+0800: 190.910: [ParNew
Desired survivor size 20112992 bytes, new threshold 8 (max 8)
- age   1:    1951480 bytes,    1951480 total
- age   2:    1010872 bytes,    2962352 total
- age   3:    4074288 bytes,    7036640 total
- age   4:    3766224 bytes,   10802864 total
- age   5:     440632 bytes,   11243496 total
- age   6:     720536 bytes,   11964032 total
- age   7:    2001184 bytes,   13965216 total
- age   8:    1347744 bytes,   15312960 total
: 106199K->21178K(109248K), 0.0051646 secs] 249677K->165481K(502464K), 0.0052271 secs] [Times: user=0.02 sys=0.00, real=0.00 secs] 
Heap after GC invocations=255 (full 9):
 par new generation   total 109248K, used 21178K [0x00000007a0000000, 0x00000007a8000000, 0x00000007a8000000)
  eden space 87424K,   0% used [0x00000007a0000000, 0x00000007a0000000, 0x00000007a5560000)
  from space 21824K,  97% used [0x00000007a6ab0000, 0x00000007a7f5e9a0, 0x00000007a8000000)
  to   space 21824K,   0% used [0x00000007a5560000, 0x00000007a5560000, 0x00000007a6ab0000)
 concurrent mark-sweep generation total 393216K, used 144303K [0x00000007a8000000, 0x00000007c0000000, 0x00000007c0000000)
 Metaspace       used 35541K, capacity 36128K, committed 36528K, reserved 1081344K
  class space    used 4090K, capacity 4255K, committed 4272K, reserved 1048576K
}
2016-10-23T19:09:26.739+0800: 190.915: Total time for which application threads were stopped: 0.0054772 seconds, Stopping threads took: 0.0000747 seconds
2016-10-23T19:09:26.775+0800: 190.952: Total time for which application threads were stopped: 0.0001917 seconds, Stopping threads took: 0.0000988 seconds
2016-10-23T19:09:26.775+0800: 190.952: Total time for which application threads were stopped: 0.0001203 seconds, Stopping threads took: 0.0000618 seconds
2016-10-23T19:09:26.775+0800: 190.952: Total time for which application threads were stopped: 0.0001139 seconds, Stopping threads took: 0.0000625 seconds
2016-10-23T19:09:26.775+0800: 190.952: Total time for which application threads were stopped: 0.0001089 seconds, Stopping threads took: 0.0000531 seconds
{Heap before GC invocations=255 (full 9):
 par new generation   total 109248K, used 108602K [0x00000007a0000000, 0x00000007a8000000, 0x00000007a8000000)
  eden space 87424K, 100% used [0x00000007a0000000, 0x00000007a5560000, 0x00000007a5560000)
  from space 21824K,  97% used [0x00000007a6ab0000, 0x00000007a7f5e9a0, 0x00000007a8000000)
  to   space 21824K,   0% used [0x00000007a5560000, 0x00000007a5560000, 0x00000007a6ab0000)
 concurrent mark-sweep generation total 393216K, used 144303K [0x00000007a8000000, 0x00000007c0000000, 0x00000007c0000000)
 Metaspace       used 35552K, capacity 36128K, committed 36528K, reserved 1081344K
  class space    used 4090K, capacity 4255K, committed 4272K, reserved 1048576K
2016-10-23T19:09:26.885+0800: 191.062: [GC (Allocation Failure) 2016-10-23T19:09:26.885+0800: 191.062: [ParNew
Desired survivor size 20112992 bytes, new threshold 8 (max 8)
- age   1:    3572904 bytes,    3572904 total
- age   2:     939232 bytes,    4512136 total
- age   3:     879136 bytes,    5391272 total
- age   4:    3985296 bytes,    9376568 total
- age   5:    3676752 bytes,   13053320 total
- age   6:     406480 bytes,   13459800 total
- age   7:     658688 bytes,   14118488 total
- age   8:    1815976 bytes,   15934464 total
: 108602K->18179K(109248K), 0.0048668 secs] 252905K->163738K(502464K), 0.0049142 secs] [Times: user=0.01 sys=0.00, real=0.01 secs] 
Heap after GC invocations=256 (full 9):
 par new generation   total 109248K, used 18179K [0x00000007a0000000, 0x00000007a8000000, 0x00000007a8000000)
  eden space 87424K,   0% used [0x00000007a0000000, 0x00000007a0000000, 0x00000007a5560000)
  from space 21824K,  83% used [0x00000007a5560000, 0x00000007a6720c00, 0x00000007a6ab0000)
  to   space 21824K,   0% used [0x00000007a6ab0000, 0x00000007a6ab0000, 0x00000007a8000000)
 concurrent mark-sweep generation total 393216K, used 145559K [0x00000007a8000000, 0x00000007c0000000, 0x00000007c0000000)
 Metaspace       used 35552K, capacity 36128K, committed 36528K, reserved 1081344K
  class space    used 4090K, capacity 4255K, committed 4272K, reserved 1048576K
}
2016-10-23T19:09:26.890+0800: 191.067: Total time for which application threads were stopped: 0.0051562 seconds, Stopping threads took: 0.0000820 seconds
{Heap before GC invocations=256 (full 9):
 par new generation   total 109248K, used 105603K [0x00000007a0000000, 0x00000007a8000000, 0x00000007a8000000)
  eden space 87424K, 100% used [0x00000007a0000000, 0x00000007a5560000, 0x00000007a5560000)
  from space 21824K,  83% used [0x00000007a5560000, 0x00000007a6720c00, 0x00000007a6ab0000)
  to   space 21824K,   0% used [0x00000007a6ab0000, 0x00000007a6ab0000, 0x00000007a8000000)
 concurrent mark-sweep generation total 393216K, used 145559K [0x00000007a8000000, 0x00000007c0000000, 0x00000007c0000000)
 Metaspace       used 35552K, capacity 36128K, committed 36528K, reserved 1081344K
  class space    used 4090K, capacity 4255K, committed 4272K, reserved 1048576K
2016-10-23T19:09:26.992+0800: 191.168: [GC (Allocation Failure) 2016-10-23T19:09:26.992+0800: 191.168: [ParNew
Desired survivor size 20112992 bytes, new threshold 8 (max 8)
- age   1:    3657040 bytes,    3657040 total
- age   2:    2216480 bytes,    5873520 total
- age   3:     590096 bytes,    6463616 total
- age   4:     861136 bytes,    7324752 total
- age   5:    3983264 bytes,   11308016 total
- age   6:    3676752 bytes,   14984768 total
- age   7:     406480 bytes,   15391248 total
- age   8:     658688 bytes,   16049936 total
: 105603K->21824K(109248K), 0.0053559 secs] 251162K->169160K(502464K), 0.0054243 secs] [Times: user=0.01 sys=0.00, real=0.00 secs] 
Heap after GC invocations=257 (full 9):
 par new generation   total 109248K, used 21824K [0x00000007a0000000, 0x00000007a8000000, 0x00000007a8000000)
  eden space 87424K,   0% used [0x00000007a0000000, 0x00000007a0000000, 0x00000007a5560000)
  from space 21824K, 100% used [0x00000007a6ab0000, 0x00000007a8000000, 0x00000007a8000000)
  to   space 21824K,   0% used [0x00000007a5560000, 0x00000007a5560000, 0x00000007a6ab0000)
 concurrent mark-sweep generation total 393216K, used 147336K [0x00000007a8000000, 0x00000007c0000000, 0x00000007c0000000)
 Metaspace       used 35552K, capacity 36128K, committed 36528K, reserved 1081344K
  class space    used 4090K, capacity 4255K, committed 4272K, reserved 1048576K
}
2016-10-23T19:09:26.997+0800: 191.174: Total time for which application threads were stopped: 0.0056943 seconds, Stopping threads took: 0.0001059 seconds
{Heap before GC invocations=257 (full 9):
 par new generation   total 109248K, used 109248K [0x00000007a0000000, 0x00000007a8000000, 0x00000007a8000000)
  eden space 87424K, 100% used [0x00000007a0000000, 0x00000007a5560000, 0x00000007a5560000)
  from space 21824K, 100% used [0x00000007a6ab0000, 0x00000007a8000000, 0x00000007a8000000)
  to   space 21824K,   0% used [0x00000007a5560000, 0x00000007a5560000, 0x00000007a6ab0000)
 concurrent mark-sweep generation total 393216K, used 147336K [0x00000007a8000000, 0x00000007c0000000, 0x00000007c0000000)
 Metaspace       used 35552K, capacity 36128K, committed 36528K, reserved 1081344K
  class space    used 4090K, capacity 4255K, committed 4272K, reserved 1048576K
2016-10-23T19:09:27.117+0800: 191.294: [GC (Allocation Failure) 2016-10-23T19:09:27.117+0800: 191.294: [ParNew
Desired survivor size 20112992 bytes, new threshold 8 (max 8)
- age   1:    3746808 bytes,    3746808 total
- age   2:    1930624 bytes,    5677432 total
- age   3:    2113704 bytes,    7791136 total
- age   4:     573696 bytes,    8364832 total
- age   5:     861136 bytes,    9225968 total
- age   6:    3966328 bytes,   13192296 total
- age   7:    3676752 bytes,   16869048 total
- age   8:     406480 bytes,   17275528 total
: 109248K->21318K(109248K), 0.0062856 secs] 256584K->169301K(502464K), 0.0063779 secs] [Times: user=0.02 sys=0.00, real=0.01 secs] 
Heap after GC invocations=258 (full 9):
 par new generation   total 109248K, used 21318K [0x00000007a0000000, 0x00000007a8000000, 0x00000007a8000000)
  eden space 87424K,   0% used [0x00000007a0000000, 0x00000007a0000000, 0x00000007a5560000)
  from space 21824K,  97% used [0x00000007a5560000, 0x00000007a6a31880, 0x00000007a6ab0000)
  to   space 21824K,   0% used [0x00000007a6ab0000, 0x00000007a6ab0000, 0x00000007a8000000)
 concurrent mark-sweep generation total 393216K, used 147982K [0x00000007a8000000, 0x00000007c0000000, 0x00000007c0000000)
 Metaspace       used 35552K, capacity 36128K, committed 36528K, reserved 1081344K
  class space    used 4090K, capacity 4255K, committed 4272K, reserved 1048576K
}
2016-10-23T19:09:27.124+0800: 191.300: Total time for which application threads were stopped: 0.0065603 seconds, Stopping threads took: 0.0000232 seconds
{Heap before GC invocations=258 (full 9):
 par new generation   total 109248K, used 108742K [0x00000007a0000000, 0x00000007a8000000, 0x00000007a8000000)
  eden space 87424K, 100% used [0x00000007a0000000, 0x00000007a5560000, 0x00000007a5560000)
  from space 21824K,  97% used [0x00000007a5560000, 0x00000007a6a31880, 0x00000007a6ab0000)
  to   space 21824K,   0% used [0x00000007a6ab0000, 0x00000007a6ab0000, 0x00000007a8000000)
 concurrent mark-sweep generation total 393216K, used 147982K [0x00000007a8000000, 0x00000007c0000000, 0x00000007c0000000)
 Metaspace       used 35552K, capacity 36128K, committed 36528K, reserved 1081344K
  class space    used 4090K, capacity 4255K, committed 4272K, reserved 1048576K
2016-10-23T19:09:27.227+0800: 191.404: [GC (Allocation Failure) 2016-10-23T19:09:27.227+0800: 191.404: [ParNew
Desired survivor size 20112992 bytes, new threshold 8 (max 8)
- age   1:    3710864 bytes,    3710864 total
- age   2:    1585488 bytes,    5296352 total
- age   3:    1906680 bytes,    7203032 total
- age   4:    2090128 bytes,    9293160 total
- age   5:     564432 bytes,    9857592 total
- age   6:     863128 bytes,   10720720 total
- age   7:    3966680 bytes,   14687400 total
- age   8:    3676752 bytes,   18364152 total
: 108742K->21824K(109248K), 0.0051932 secs] 256725K->170205K(502464K), 0.0052409 secs] [Times: user=0.02 sys=0.00, real=0.01 secs] 
Heap after GC invocations=259 (full 9):
 par new generation   total 109248K, used 21824K [0x00000007a0000000, 0x00000007a8000000, 0x00000007a8000000)
  eden space 87424K,   0% used [0x00000007a0000000, 0x00000007a0000000, 0x00000007a5560000)
  from space 21824K, 100% used [0x00000007a6ab0000, 0x00000007a8000000, 0x00000007a8000000)
  to   space 21824K,   0% used [0x00000007a5560000, 0x00000007a5560000, 0x00000007a6ab0000)
 concurrent mark-sweep generation total 393216K, used 148381K [0x00000007a8000000, 0x00000007c0000000, 0x00000007c0000000)
 Metaspace       used 35552K, capacity 36128K, committed 36528K, reserved 1081344K
  class space    used 4090K, capacity 4255K, committed 4272K, reserved 1048576K
}
2016-10-23T19:09:27.232+0800: 191.409: Total time for which application threads were stopped: 0.0055228 seconds, Stopping threads took: 0.0001010 seconds
{Heap before GC invocations=259 (full 9):
 par new generation   total 109248K, used 109248K [0x00000007a0000000, 0x00000007a8000000, 0x00000007a8000000)
  eden space 87424K, 100% used [0x00000007a0000000, 0x00000007a5560000, 0x00000007a5560000)
  from space 21824K, 100% used [0x00000007a6ab0000, 0x00000007a8000000, 0x00000007a8000000)
  to   space 21824K,   0% used [0x00000007a5560000, 0x00000007a5560000, 0x00000007a6ab0000)
 concurrent mark-sweep generation total 393216K, used 148381K [0x00000007a8000000, 0x00000007c0000000, 0x00000007c0000000)
 Metaspace       used 35552K, capacity 36128K, committed 36528K, reserved 1081344K
  class space    used 4090K, capacity 4255K, committed 4272K, reserved 1048576K
2016-10-23T19:09:27.358+0800: 191.534: [GC (Allocation Failure) 2016-10-23T19:09:27.358+0800: 191.534: [ParNew
Desired survivor size 20112992 bytes, new threshold 8 (max 8)
- age   1:    2831536 bytes,    2831536 total
- age   2:    1232048 bytes,    4063584 total
- age   3:    1526024 bytes,    5589608 total
- age   4:    1168640 bytes,    6758248 total
- age   5:    1771568 bytes,    8529816 total
- age   6:     556128 bytes,    9085944 total
- age   7:     851736 bytes,    9937680 total
- age   8:    3534048 bytes,   13471728 total
: 109248K->21824K(109248K), 0.0061851 secs] 257629K->177575K(502464K), 0.0062548 secs] [Times: user=0.02 sys=0.00, real=0.01 secs] 
Heap after GC invocations=260 (full 9):
 par new generation   total 109248K, used 21824K [0x00000007a0000000, 0x00000007a8000000, 0x00000007a8000000)
  eden space 87424K,   0% used [0x00000007a0000000, 0x00000007a0000000, 0x00000007a5560000)
  from space 21824K, 100% used [0x00000007a5560000, 0x00000007a6ab0000, 0x00000007a6ab0000)
  to   space 21824K,   0% used [0x00000007a6ab0000, 0x00000007a6ab0000, 0x00000007a8000000)
 concurrent mark-sweep generation total 393216K, used 155751K [0x00000007a8000000, 0x00000007c0000000, 0x00000007c0000000)
 Metaspace       used 35552K, capacity 36128K, committed 36528K, reserved 1081344K
  class space    used 4090K, capacity 4255K, committed 4272K, reserved 1048576K
}
2016-10-23T19:09:27.364+0800: 191.540: Total time for which application threads were stopped: 0.0065289 seconds, Stopping threads took: 0.0001041 seconds
{Heap before GC invocations=260 (full 9):
 par new generation   total 109248K, used 109248K [0x00000007a0000000, 0x00000007a8000000, 0x00000007a8000000)
  eden space 87424K, 100% used [0x00000007a0000000, 0x00000007a5560000, 0x00000007a5560000)
  from space 21824K, 100% used [0x00000007a5560000, 0x00000007a6ab0000, 0x00000007a6ab0000)
  to   space 21824K,   0% used [0x00000007a6ab0000, 0x00000007a6ab0000, 0x00000007a8000000)
 concurrent mark-sweep generation total 393216K, used 155751K [0x00000007a8000000, 0x00000007c0000000, 0x00000007c0000000)
 Metaspace       used 35552K, capacity 36128K, committed 36528K, reserved 1081344K
  class space    used 4090K, capacity 4255K, committed 4272K, reserved 1048576K
2016-10-23T19:09:27.537+0800: 191.714: [GC (Allocation Failure) 2016-10-23T19:09:27.537+0800: 191.714: [ParNew
Desired survivor size 20112992 bytes, new threshold 8 (max 8)
- age   1:    5332720 bytes,    5332720 total
- age   2:    1514080 bytes,    6846800 total
- age   3:    1188672 bytes,    8035472 total
- age   4:    1518648 bytes,    9554120 total
- age   5:    1165544 bytes,   10719664 total
- age   6:    1768352 bytes,   12488016 total
- age   7:     554688 bytes,   13042704 total
- age   8:     849720 bytes,   13892424 total
: 109248K->17017K(109248K), 0.0061912 secs] 264999K->176232K(502464K), 0.0062491 secs] [Times: user=0.02 sys=0.00, real=0.01 secs] 
Heap after GC invocations=261 (full 9):
 par new generation   total 109248K, used 17017K [0x00000007a0000000, 0x00000007a8000000, 0x00000007a8000000)
  eden space 87424K,   0% used [0x00000007a0000000, 0x00000007a0000000, 0x00000007a5560000)
  from space 21824K,  77% used [0x00000007a6ab0000, 0x00000007a7b4e6f0, 0x00000007a8000000)
  to   space 21824K,   0% used [0x00000007a5560000, 0x00000007a5560000, 0x00000007a6ab0000)
 concurrent mark-sweep generation total 393216K, used 159214K [0x00000007a8000000, 0x00000007c0000000, 0x00000007c0000000)
 Metaspace       used 35552K, capacity 36128K, committed 36528K, reserved 1081344K
  class space    used 4090K, capacity 4255K, committed 4272K, reserved 1048576K
}
2016-10-23T19:09:27.544+0800: 191.720: Total time for which application threads were stopped: 0.0065076 seconds, Stopping threads took: 0.0001176 seconds
{Heap before GC invocations=261 (full 9):
 par new generation   total 109248K, used 104441K [0x00000007a0000000, 0x00000007a8000000, 0x00000007a8000000)
  eden space 87424K, 100% used [0x00000007a0000000, 0x00000007a5560000, 0x00000007a5560000)
  from space 21824K,  77% used [0x00000007a6ab0000, 0x00000007a7b4e6f0, 0x00000007a8000000)
  to   space 21824K,   0% used [0x00000007a5560000, 0x00000007a5560000, 0x00000007a6ab0000)
 concurrent mark-sweep generation total 393216K, used 159214K [0x00000007a8000000, 0x00000007c0000000, 0x00000007c0000000)
 Metaspace       used 35552K, capacity 36128K, committed 36528K, reserved 1081344K
  class space    used 4090K, capacity 4255K, committed 4272K, reserved 1048576K
2016-10-23T19:09:27.659+0800: 191.835: [GC (Allocation Failure) 2016-10-23T19:09:27.659+0800: 191.835: [ParNew
Desired survivor size 20112992 bytes, new threshold 8 (max 8)
- age   1:    5313240 bytes,    5313240 total
- age   2:    2111896 bytes,    7425136 total
- age   3:    1512592 bytes,    8937728 total
- age   4:    1187496 bytes,   10125224 total
- age   5:    1320384 bytes,   11445608 total
- age   6:    1159720 bytes,   12605328 total
- age   7:    1734032 bytes,   14339360 total
- age   8:     554112 bytes,   14893472 total
: 104441K->21095K(109248K), 0.0060572 secs] 263656K->181154K(502464K), 0.0061252 secs] [Times: user=0.02 sys=0.00, real=0.01 secs] 
Heap after GC invocations=262 (full 9):
 par new generation   total 109248K, used 21095K [0x00000007a0000000, 0x00000007a8000000, 0x00000007a8000000)
  eden space 87424K,   0% used [0x00000007a0000000, 0x00000007a0000000, 0x00000007a5560000)
  from space 21824K,  96% used [0x00000007a5560000, 0x00000007a69f9f08, 0x00000007a6ab0000)
  to   space 21824K,   0% used [0x00000007a6ab0000, 0x00000007a6ab0000, 0x00000007a8000000)
 concurrent mark-sweep generation total 393216K, used 160058K [0x00000007a8000000, 0x00000007c0000000, 0x00000007c0000000)
 Metaspace       used 35552K, capacity 36128K, committed 36528K, reserved 1081344K
  class space    used 4090K, capacity 4255K, committed 4272K, reserved 1048576K
}
2016-10-23T19:09:27.665+0800: 191.841: Total time for which application threads were stopped: 0.0063157 seconds, Stopping threads took: 0.0000318 seconds
{Heap before GC invocations=262 (full 9):
 par new generation   total 109248K, used 108519K [0x00000007a0000000, 0x00000007a8000000, 0x00000007a8000000)
  eden space 87424K, 100% used [0x00000007a0000000, 0x00000007a5560000, 0x00000007a5560000)
  from space 21824K,  96% used [0x00000007a5560000, 0x00000007a69f9f08, 0x00000007a6ab0000)
  to   space 21824K,   0% used [0x00000007a6ab0000, 0x00000007a6ab0000, 0x00000007a8000000)
 concurrent mark-sweep generation total 393216K, used 160058K [0x00000007a8000000, 0x00000007c0000000, 0x00000007c0000000)
 Metaspace       used 35552K, capacity 36128K, committed 36528K, reserved 1081344K
  class space    used 4090K, capacity 4255K, committed 4272K, reserved 1048576K
2016-10-23T19:09:27.811+0800: 191.988: [GC (Allocation Failure) 2016-10-23T19:09:27.811+0800: 191.988: [ParNew
Desired survivor size 20112992 bytes, new threshold 8 (max 8)
- age   1:    6036240 bytes,    6036240 total
- age   2:    1700184 bytes,    7736424 total
- age   3:    1954000 bytes,    9690424 total
- age   4:    1506760 bytes,   11197184 total
- age   5:    1187496 bytes,   12384680 total
- age   6:    1320384 bytes,   13705064 total
- age   7:    1126936 bytes,   14832000 total
- age   8:    1734032 bytes,   16566032 total
: 108519K->19972K(109248K), 0.0061301 secs] 268578K->180580K(502464K), 0.0061807 secs] [Times: user=0.02 sys=0.00, real=0.00 secs] 
Heap after GC invocations=263 (full 9):
 par new generation   total 109248K, used 19972K [0x00000007a0000000, 0x00000007a8000000, 0x00000007a8000000)
  eden space 87424K,   0% used [0x00000007a0000000, 0x00000007a0000000, 0x00000007a5560000)
  from space 21824K,  91% used [0x00000007a6ab0000, 0x00000007a7e31038, 0x00000007a8000000)
  to   space 21824K,   0% used [0x00000007a5560000, 0x00000007a5560000, 0x00000007a6ab0000)
 concurrent mark-sweep generation total 393216K, used 160608K [0x00000007a8000000, 0x00000007c0000000, 0x00000007c0000000)
 Metaspace       used 35552K, capacity 36128K, committed 36528K, reserved 1081344K
  class space    used 4090K, capacity 4255K, committed 4272K, reserved 1048576K
}
2016-10-23T19:09:27.817+0800: 191.994: Total time for which application threads were stopped: 0.0064436 seconds, Stopping threads took: 0.0000999 seconds
{Heap before GC invocations=263 (full 9):
 par new generation   total 109248K, used 107396K [0x00000007a0000000, 0x00000007a8000000, 0x00000007a8000000)
  eden space 87424K, 100% used [0x00000007a0000000, 0x00000007a5560000, 0x00000007a5560000)
  from space 21824K,  91% used [0x00000007a6ab0000, 0x00000007a7e31038, 0x00000007a8000000)
  to   space 21824K,   0% used [0x00000007a5560000, 0x00000007a5560000, 0x00000007a6ab0000)
 concurrent mark-sweep generation total 393216K, used 160608K [0x00000007a8000000, 0x00000007c0000000, 0x00000007c0000000)
 Metaspace       used 35552K, capacity 36128K, committed 36528K, reserved 1081344K
  class space    used 4090K, capacity 4255K, committed 4272K, reserved 1048576K
2016-10-23T19:09:27.942+0800: 192.119: [GC (Allocation Failure) 2016-10-23T19:09:27.942+0800: 192.119: [ParNew
Desired survivor size 20112992 bytes, new threshold 8 (max 8)
- age   1:    3972696 bytes,    3972696 total
- age   2:    3726600 bytes,    7699296 total
- age   3:    1681232 bytes,    9380528 total
- age   4:    1909800 bytes,   11290328 total
- age   5:    1499664 bytes,   12789992 total
- age   6:    1181960 bytes,   13971952 total
- age   7:    1314400 bytes,   15286352 total
- age   8:    1121600 bytes,   16407952 total
: 107396K->21824K(109248K), 0.0065712 secs] 268004K->184210K(502464K), 0.0066219 secs] [Times: user=0.02 sys=0.00, real=0.00 secs] 
Heap after GC invocations=264 (full 9):
 par new generation   total 109248K, used 21824K [0x00000007a0000000, 0x00000007a8000000, 0x00000007a8000000)
  eden space 87424K,   0% used [0x00000007a0000000, 0x00000007a0000000, 0x00000007a5560000)
  from space 21824K, 100% used [0x00000007a5560000, 0x00000007a6ab0000, 0x00000007a6ab0000)
  to   space 21824K,   0% used [0x00000007a6ab0000, 0x00000007a6ab0000, 0x00000007a8000000)
 concurrent mark-sweep generation total 393216K, used 162386K [0x00000007a8000000, 0x00000007c0000000, 0x00000007c0000000)
 Metaspace       used 35552K, capacity 36128K, committed 36528K, reserved 1081344K
  class space    used 4090K, capacity 4255K, committed 4272K, reserved 1048576K
}
2016-10-23T19:09:27.949+0800: 192.126: Total time for which application threads were stopped: 0.0068474 seconds, Stopping threads took: 0.0000898 seconds
{Heap before GC invocations=264 (full 9):
 par new generation   total 109248K, used 109248K [0x00000007a0000000, 0x00000007a8000000, 0x00000007a8000000)
  eden space 87424K, 100% used [0x00000007a0000000, 0x00000007a5560000, 0x00000007a5560000)
  from space 21824K, 100% used [0x00000007a5560000, 0x00000007a6ab0000, 0x00000007a6ab0000)
  to   space 21824K,   0% used [0x00000007a6ab0000, 0x00000007a6ab0000, 0x00000007a8000000)
 concurrent mark-sweep generation total 393216K, used 162386K [0x00000007a8000000, 0x00000007c0000000, 0x00000007c0000000)
 Metaspace       used 35552K, capacity 36128K, committed 36528K, reserved 1081344K
  class space    used 4090K, capacity 4255K, committed 4272K, reserved 1048576K
2016-10-23T19:09:28.086+0800: 192.263: [GC (Allocation Failure) 2016-10-23T19:09:28.086+0800: 192.263: [ParNew
Desired survivor size 20112992 bytes, new threshold 8 (max 8)
- age   1:    8809104 bytes,    8809104 total
- age   2:    1458312 bytes,   10267416 total
- age   3:    1774512 bytes,   12041928 total
- age   4:    1681232 bytes,   13723160 total
- age   5:    1909824 bytes,   15632984 total
- age   6:    1303024 bytes,   16936008 total
- age   7:    1158104 bytes,   18094112 total
- age   8:    1314400 bytes,   19408512 total
: 109248K->21824K(109248K), 0.0066761 secs] 271634K->185324K(502464K), 0.0067419 secs] [Times: user=0.03 sys=0.00, real=0.01 secs] 
Heap after GC invocations=265 (full 9):
 par new generation   total 109248K, used 21824K [0x00000007a0000000, 0x00000007a8000000, 0x00000007a8000000)
  eden space 87424K,   0% used [0x00000007a0000000, 0x00000007a0000000, 0x00000007a5560000)
  from space 21824K, 100% used [0x00000007a6ab0000, 0x00000007a8000000, 0x00000007a8000000)
  to   space 21824K,   0% used [0x00000007a5560000, 0x00000007a5560000, 0x00000007a6ab0000)
 concurrent mark-sweep generation total 393216K, used 163500K [0x00000007a8000000, 0x00000007c0000000, 0x00000007c0000000)
 Metaspace       used 35552K, capacity 36128K, committed 36528K, reserved 1081344K
  class space    used 4090K, capacity 4255K, committed 4272K, reserved 1048576K
}
2016-10-23T19:09:28.093+0800: 192.270: Total time for which application threads were stopped: 0.0068971 seconds, Stopping threads took: 0.0000289 seconds
{Heap before GC invocations=265 (full 9):
 par new generation   total 109248K, used 109248K [0x00000007a0000000, 0x00000007a8000000, 0x00000007a8000000)
  eden space 87424K, 100% used [0x00000007a0000000, 0x00000007a5560000, 0x00000007a5560000)
  from space 21824K, 100% used [0x00000007a6ab0000, 0x00000007a8000000, 0x00000007a8000000)
  to   space 21824K,   0% used [0x00000007a5560000, 0x00000007a5560000, 0x00000007a6ab0000)
 concurrent mark-sweep generation total 393216K, used 163500K [0x00000007a8000000, 0x00000007c0000000, 0x00000007c0000000)
 Metaspace       used 35552K, capacity 36128K, committed 36528K, reserved 1081344K
  class space    used 4090K, capacity 4255K, committed 4272K, reserved 1048576K
2016-10-23T19:09:28.203+0800: 192.380: [GC (Allocation Failure) 2016-10-23T19:09:28.203+0800: 192.380: [ParNew
Desired survivor size 20112992 bytes, new threshold 8 (max 8)
- age   1:    5577584 bytes,    5577584 total
- age   2:    5990944 bytes,   11568528 total
- age   3:    1335864 bytes,   12904392 total
- age   4:    1728584 bytes,   14632976 total
- age   5:    1645912 bytes,   16278888 total
- age   6:    1855400 bytes,   18134288 total
- age   7:    1203080 bytes,   19337368 total
- age   8:    1125104 bytes,   20462472 total
: 109248K->21824K(109248K), 0.0067324 secs] 272748K->186946K(502464K), 0.0068049 secs] [Times: user=0.03 sys=0.00, real=0.01 secs] 
Heap after GC invocations=266 (full 9):
 par new generation   total 109248K, used 21824K [0x00000007a0000000, 0x00000007a8000000, 0x00000007a8000000)
  eden space 87424K,   0% used [0x00000007a0000000, 0x00000007a0000000, 0x00000007a5560000)
  from space 21824K, 100% used [0x00000007a5560000, 0x00000007a6ab0000, 0x00000007a6ab0000)
  to   space 21824K,   0% used [0x00000007a6ab0000, 0x00000007a6ab0000, 0x00000007a8000000)
 concurrent mark-sweep generation total 393216K, used 165122K [0x00000007a8000000, 0x00000007c0000000, 0x00000007c0000000)
 Metaspace       used 35552K, capacity 36128K, committed 36528K, reserved 1081344K
  class space    used 4090K, capacity 4255K, committed 4272K, reserved 1048576K
}
2016-10-23T19:09:28.210+0800: 192.387: Total time for which application threads were stopped: 0.0070724 seconds, Stopping threads took: 0.0000852 seconds
{Heap before GC invocations=266 (full 9):
 par new generation   total 109248K, used 109248K [0x00000007a0000000, 0x00000007a8000000, 0x00000007a8000000)
  eden space 87424K, 100% used [0x00000007a0000000, 0x00000007a5560000, 0x00000007a5560000)
  from space 21824K, 100% used [0x00000007a5560000, 0x00000007a6ab0000, 0x00000007a6ab0000)
  to   space 21824K,   0% used [0x00000007a6ab0000, 0x00000007a6ab0000, 0x00000007a8000000)
 concurrent mark-sweep generation total 393216K, used 165122K [0x00000007a8000000, 0x00000007c0000000, 0x00000007c0000000)
 Metaspace       used 35552K, capacity 36128K, committed 36528K, reserved 1081344K
  class space    used 4090K, capacity 4255K, committed 4272K, reserved 1048576K
2016-10-23T19:09:28.340+0800: 192.517: [GC (Allocation Failure) 2016-10-23T19:09:28.340+0800: 192.517: [ParNew
Desired survivor size 20112992 bytes, new threshold 8 (max 8)
- age   1:    3916288 bytes,    3916288 total
- age   2:    5409072 bytes,    9325360 total
- age   3:    2909192 bytes,   12234552 total
- age   4:    1334624 bytes,   13569176 total
- age   5:    1725640 bytes,   15294816 total
- age   6:    1633992 bytes,   16928808 total
- age   7:    1849488 bytes,   18778296 total
- age   8:    1201248 bytes,   19979544 total
: 109248K->21824K(109248K), 0.0066394 secs] 274370K->189072K(502464K), 0.0067101 secs] [Times: user=0.02 sys=0.00, real=0.00 secs] 
Heap after GC invocations=267 (full 9):
 par new generation   total 109248K, used 21824K [0x00000007a0000000, 0x00000007a8000000, 0x00000007a8000000)
  eden space 87424K,   0% used [0x00000007a0000000, 0x00000007a0000000, 0x00000007a5560000)
  from space 21824K, 100% used [0x00000007a6ab0000, 0x00000007a8000000, 0x00000007a8000000)
  to   space 21824K,   0% used [0x00000007a5560000, 0x00000007a5560000, 0x00000007a6ab0000)
 concurrent mark-sweep generation total 393216K, used 167248K [0x00000007a8000000, 0x00000007c0000000, 0x00000007c0000000)
 Metaspace       used 35552K, capacity 36128K, committed 36528K, reserved 1081344K
  class space    used 4090K, capacity 4255K, committed 4272K, reserved 1048576K
}
2016-10-23T19:09:28.347+0800: 192.524: Total time for which application threads were stopped: 0.0069831 seconds, Stopping threads took: 0.0001040 seconds
{Heap before GC invocations=267 (full 9):
 par new generation   total 109248K, used 109248K [0x00000007a0000000, 0x00000007a8000000, 0x00000007a8000000)
  eden space 87424K, 100% used [0x00000007a0000000, 0x00000007a5560000, 0x00000007a5560000)
  from space 21824K, 100% used [0x00000007a6ab0000, 0x00000007a8000000, 0x00000007a8000000)
  to   space 21824K,   0% used [0x00000007a5560000, 0x00000007a5560000, 0x00000007a6ab0000)
 concurrent mark-sweep generation total 393216K, used 167248K [0x00000007a8000000, 0x00000007c0000000, 0x00000007c0000000)
 Metaspace       used 35552K, capacity 36128K, committed 36528K, reserved 1081344K
  class space    used 4090K, capacity 4255K, committed 4272K, reserved 1048576K
2016-10-23T19:09:28.452+0800: 192.629: [GC (Allocation Failure) 2016-10-23T19:09:28.452+0800: 192.629: [ParNew
Desired survivor size 20112992 bytes, new threshold 8 (max 8)
- age   1:    5527304 bytes,    5527304 total
- age   2:    3282640 bytes,    8809944 total
- age   3:    2316112 bytes,   11126056 total
- age   4:    2688032 bytes,   13814088 total
- age   5:    1334624 bytes,   15148712 total
- age   6:    1719080 bytes,   16867792 total
- age   7:    1633992 bytes,   18501784 total
- age   8:    1848128 bytes,   20349912 total
: 109248K->21824K(109248K), 0.0070104 secs] 276496K->190264K(502464K), 0.0070767 secs] [Times: user=0.03 sys=0.01, real=0.00 secs] 
Heap after GC invocations=268 (full 9):
 par new generation   total 109248K, used 21824K [0x00000007a0000000, 0x00000007a8000000, 0x00000007a8000000)
  eden space 87424K,   0% used [0x00000007a0000000, 0x00000007a0000000, 0x00000007a5560000)
  from space 21824K, 100% used [0x00000007a5560000, 0x00000007a6ab0000, 0x00000007a6ab0000)
  to   space 21824K,   0% used [0x00000007a6ab0000, 0x00000007a6ab0000, 0x00000007a8000000)
 concurrent mark-sweep generation total 393216K, used 168440K [0x00000007a8000000, 0x00000007c0000000, 0x00000007c0000000)
 Metaspace       used 35552K, capacity 36128K, committed 36528K, reserved 1081344K
  class space    used 4090K, capacity 4255K, committed 4272K, reserved 1048576K
}
2016-10-23T19:09:28.459+0800: 192.636: Total time for which application threads were stopped: 0.0072457 seconds, Stopping threads took: 0.0000299 seconds
{Heap before GC invocations=268 (full 9):
 par new generation   total 109248K, used 109248K [0x00000007a0000000, 0x00000007a8000000, 0x00000007a8000000)
  eden space 87424K, 100% used [0x00000007a0000000, 0x00000007a5560000, 0x00000007a5560000)
  from space 21824K, 100% used [0x00000007a5560000, 0x00000007a6ab0000, 0x00000007a6ab0000)
  to   space 21824K,   0% used [0x00000007a6ab0000, 0x00000007a6ab0000, 0x00000007a8000000)
 concurrent mark-sweep generation total 393216K, used 168440K [0x00000007a8000000, 0x00000007c0000000, 0x00000007c0000000)
 Metaspace       used 35552K, capacity 36128K, committed 36528K, reserved 1081344K
  class space    used 4090K, capacity 4255K, committed 4272K, reserved 1048576K
2016-10-23T19:09:28.579+0800: 192.756: [GC (Allocation Failure) 2016-10-23T19:09:28.579+0800: 192.756: [ParNew
Desired survivor size 20112992 bytes, new threshold 8 (max 8)
- age   1:    3264960 bytes,    3264960 total
- age   2:    5481264 bytes,    8746224 total
- age   3:    1519224 bytes,   10265448 total
- age   4:    2307664 bytes,   12573112 total
- age   5:    2688032 bytes,   15261144 total
- age   6:    1329360 bytes,   16590504 total
- age   7:    1718504 bytes,   18309008 total
- age   8:    1633992 bytes,   19943000 total
: 109248K->21824K(109248K), 0.0073843 secs] 277688K->192099K(502464K), 0.0074640 secs] [Times: user=0.02 sys=0.00, real=0.01 secs] 
Heap after GC invocations=269 (full 9):
 par new generation   total 109248K, used 21824K [0x00000007a0000000, 0x00000007a8000000, 0x00000007a8000000)
  eden space 87424K,   0% used [0x00000007a0000000, 0x00000007a0000000, 0x00000007a5560000)
  from space 21824K, 100% used [0x00000007a6ab0000, 0x00000007a8000000, 0x00000007a8000000)
  to   space 21824K,   0% used [0x00000007a5560000, 0x00000007a5560000, 0x00000007a6ab0000)
 concurrent mark-sweep generation total 393216K, used 170275K [0x00000007a8000000, 0x00000007c0000000, 0x00000007c0000000)
 Metaspace       used 35552K, capacity 36128K, committed 36528K, reserved 1081344K
  class space    used 4090K, capacity 4255K, committed 4272K, reserved 1048576K
}
2016-10-23T19:09:28.587+0800: 192.763: Total time for which application threads were stopped: 0.0077655 seconds, Stopping threads took: 0.0001072 seconds
{Heap before GC invocations=269 (full 9):
 par new generation   total 109248K, used 109248K [0x00000007a0000000, 0x00000007a8000000, 0x00000007a8000000)
  eden space 87424K, 100% used [0x00000007a0000000, 0x00000007a5560000, 0x00000007a5560000)
  from space 21824K, 100% used [0x00000007a6ab0000, 0x00000007a8000000, 0x00000007a8000000)
  to   space 21824K,   0% used [0x00000007a5560000, 0x00000007a5560000, 0x00000007a6ab0000)
 concurrent mark-sweep generation total 393216K, used 170275K [0x00000007a8000000, 0x00000007c0000000, 0x00000007c0000000)
 Metaspace       used 35552K, capacity 36128K, committed 36528K, reserved 1081344K
  class space    used 4090K, capacity 4255K, committed 4272K, reserved 1048576K
2016-10-23T19:09:28.723+0800: 192.900: [GC (Allocation Failure) 2016-10-23T19:09:28.723+0800: 192.900: [ParNew
Desired survivor size 20112992 bytes, new threshold 8 (max 8)
- age   1:    6705792 bytes,    6705792 total
- age   2:    3228832 bytes,    9934624 total
- age   3:    1323864 bytes,   11258488 total
- age   4:    1499592 bytes,   12758080 total
- age   5:    2292512 bytes,   15050592 total
- age   6:    2672424 bytes,   17723016 total
- age   7:    1314456 bytes,   19037472 total
- age   8:    1703672 bytes,   20741144 total
: 109248K->21824K(109248K), 0.0071363 secs] 279523K->193703K(502464K), 0.0071917 secs] [Times: user=0.02 sys=0.00, real=0.01 secs] 
Heap after GC invocations=270 (full 9):
 par new generation   total 109248K, used 21824K [0x00000007a0000000, 0x00000007a8000000, 0x00000007a8000000)
  eden space 87424K,   0% used [0x00000007a0000000, 0x00000007a0000000, 0x00000007a5560000)
  from space 21824K, 100% used [0x00000007a5560000, 0x00000007a6ab0000, 0x00000007a6ab0000)
  to   space 21824K,   0% used [0x00000007a6ab0000, 0x00000007a6ab0000, 0x00000007a8000000)
 concurrent mark-sweep generation total 393216K, used 171879K [0x00000007a8000000, 0x00000007c0000000, 0x00000007c0000000)
 Metaspace       used 35552K, capacity 36128K, committed 36528K, reserved 1081344K
  class space    used 4090K, capacity 4255K, committed 4272K, reserved 1048576K
}
2016-10-23T19:09:28.731+0800: 192.907: Total time for which application threads were stopped: 0.0074519 seconds, Stopping threads took: 0.0001121 seconds
{Heap before GC invocations=270 (full 9):
 par new generation   total 109248K, used 109248K [0x00000007a0000000, 0x00000007a8000000, 0x00000007a8000000)
  eden space 87424K, 100% used [0x00000007a0000000, 0x00000007a5560000, 0x00000007a5560000)
  from space 21824K, 100% used [0x00000007a5560000, 0x00000007a6ab0000, 0x00000007a6ab0000)
  to   space 21824K,   0% used [0x00000007a6ab0000, 0x00000007a6ab0000, 0x00000007a8000000)
 concurrent mark-sweep generation total 393216K, used 171879K [0x00000007a8000000, 0x00000007c0000000, 0x00000007c0000000)
 Metaspace       used 35552K, capacity 36128K, committed 36528K, reserved 1081344K
  class space    used 4090K, capacity 4255K, committed 4272K, reserved 1048576K
2016-10-23T19:09:28.779+0800: 192.955: [GC (Allocation Failure) 2016-10-23T19:09:28.779+0800: 192.955: [ParNew
Desired survivor size 20112992 bytes, new threshold 8 (max 8)
- age   1:    3157960 bytes,    3157960 total
- age   2:    6637424 bytes,    9795384 total
- age   3:    1343704 bytes,   11139088 total
- age   4:    1323864 bytes,   12462952 total
- age   5:    1499592 bytes,   13962544 total
- age   6:    2292512 bytes,   16255056 total
- age   7:    2672424 bytes,   18927480 total
- age   8:    1314456 bytes,   20241936 total
: 109248K->21824K(109248K), 0.0069279 secs] 281127K->195390K(502464K), 0.0070003 secs] [Times: user=0.03 sys=0.00, real=0.01 secs] 
Heap after GC invocations=271 (full 9):
 par new generation   total 109248K, used 21824K [0x00000007a0000000, 0x00000007a8000000, 0x00000007a8000000)
  eden space 87424K,   0% used [0x00000007a0000000, 0x00000007a0000000, 0x00000007a5560000)
  from space 21824K, 100% used [0x00000007a6ab0000, 0x00000007a8000000, 0x00000007a8000000)
  to   space 21824K,   0% used [0x00000007a5560000, 0x00000007a5560000, 0x00000007a6ab0000)
 concurrent mark-sweep generation total 393216K, used 173566K [0x00000007a8000000, 0x00000007c0000000, 0x00000007c0000000)
 Metaspace       used 35552K, capacity 36128K, committed 36528K, reserved 1081344K
  class space    used 4090K, capacity 4255K, committed 4272K, reserved 1048576K
}
2016-10-23T19:09:28.786+0800: 192.962: Total time for which application threads were stopped: 0.0072589 seconds, Stopping threads took: 0.0000945 seconds
{Heap before GC invocations=271 (full 9):
 par new generation   total 109248K, used 109248K [0x00000007a0000000, 0x00000007a8000000, 0x00000007a8000000)
  eden space 87424K, 100% used [0x00000007a0000000, 0x00000007a5560000, 0x00000007a5560000)
  from space 21824K, 100% used [0x00000007a6ab0000, 0x00000007a8000000, 0x00000007a8000000)
  to   space 21824K,   0% used [0x00000007a5560000, 0x00000007a5560000, 0x00000007a6ab0000)
 concurrent mark-sweep generation total 393216K, used 173566K [0x00000007a8000000, 0x00000007c0000000, 0x00000007c0000000)
 Metaspace       used 35552K, capacity 36128K, committed 36528K, reserved 1081344K
  class space    used 4090K, capacity 4255K, committed 4272K, reserved 1048576K
2016-10-23T19:09:28.856+0800: 193.033: [GC (Allocation Failure) 2016-10-23T19:09:28.856+0800: 193.033: [ParNew
Desired survivor size 20112992 bytes, new threshold 8 (max 8)
- age   1:    1431080 bytes,    1431080 total
- age   2:    2872056 bytes,    4303136 total
- age   3:    6630552 bytes,   10933688 total
- age   4:    1244912 bytes,   12178600 total
- age   5:    1323864 bytes,   13502464 total
- age   6:    1499592 bytes,   15002056 total
- age   7:    2292512 bytes,   17294568 total
- age   8:    2672424 bytes,   19966992 total
: 109248K->21824K(109248K), 0.0069877 secs] 282814K->196659K(502464K), 0.0070522 secs] [Times: user=0.03 sys=0.00, real=0.01 secs] 
Heap after GC invocations=272 (full 9):
 par new generation   total 109248K, used 21824K [0x00000007a0000000, 0x00000007a8000000, 0x00000007a8000000)
  eden space 87424K,   0% used [0x00000007a0000000, 0x00000007a0000000, 0x00000007a5560000)
  from space 21824K, 100% used [0x00000007a5560000, 0x00000007a6ab0000, 0x00000007a6ab0000)
  to   space 21824K,   0% used [0x00000007a6ab0000, 0x00000007a6ab0000, 0x00000007a8000000)
 concurrent mark-sweep generation total 393216K, used 174835K [0x00000007a8000000, 0x00000007c0000000, 0x00000007c0000000)
 Metaspace       used 35552K, capacity 36128K, committed 36528K, reserved 1081344K
  class space    used 4090K, capacity 4255K, committed 4272K, reserved 1048576K
}
2016-10-23T19:09:28.863+0800: 193.040: Total time for which application threads were stopped: 0.0072939 seconds, Stopping threads took: 0.0000722 seconds
{Heap before GC invocations=272 (full 9):
 par new generation   total 109248K, used 109248K [0x00000007a0000000, 0x00000007a8000000, 0x00000007a8000000)
  eden space 87424K, 100% used [0x00000007a0000000, 0x00000007a5560000, 0x00000007a5560000)
  from space 21824K, 100% used [0x00000007a5560000, 0x00000007a6ab0000, 0x00000007a6ab0000)
  to   space 21824K,   0% used [0x00000007a6ab0000, 0x00000007a6ab0000, 0x00000007a8000000)
 concurrent mark-sweep generation total 393216K, used 174835K [0x00000007a8000000, 0x00000007c0000000, 0x00000007c0000000)
 Metaspace       used 35552K, capacity 36128K, committed 36528K, reserved 1081344K
  class space    used 4090K, capacity 4255K, committed 4272K, reserved 1048576K
2016-10-23T19:09:28.950+0800: 193.127: [GC (Allocation Failure) 2016-10-23T19:09:28.950+0800: 193.127: [ParNew
Desired survivor size 20112992 bytes, new threshold 8 (max 8)
- age   1:    3053888 bytes,    3053888 total
- age   2:    1350432 bytes,    4404320 total
- age   3:    2861488 bytes,    7265808 total
- age   4:    3491368 bytes,   10757176 total
- age   5:    1204120 bytes,   11961296 total
- age   6:    1029648 bytes,   12990944 total
- age   7:    1466760 bytes,   14457704 total
- age   8:    2271000 bytes,   16728704 total
: 109248K->21824K(109248K), 0.0071167 secs] 284083K->201090K(502464K), 0.0071939 secs] [Times: user=0.02 sys=0.00, real=0.00 secs] 
Heap after GC invocations=273 (full 9):
 par new generation   total 109248K, used 21824K [0x00000007a0000000, 0x00000007a8000000, 0x00000007a8000000)
  eden space 87424K,   0% used [0x00000007a0000000, 0x00000007a0000000, 0x00000007a5560000)
  from space 21824K, 100% used [0x00000007a6ab0000, 0x00000007a8000000, 0x00000007a8000000)
  to   space 21824K,   0% used [0x00000007a5560000, 0x00000007a5560000, 0x00000007a6ab0000)
 concurrent mark-sweep generation total 393216K, used 179266K [0x00000007a8000000, 0x00000007c0000000, 0x00000007c0000000)
 Metaspace       used 35552K, capacity 36128K, committed 36528K, reserved 1081344K
  class space    used 4090K, capacity 4255K, committed 4272K, reserved 1048576K
}
2016-10-23T19:09:28.957+0800: 193.134: Total time for which application threads were stopped: 0.0073921 seconds, Stopping threads took: 0.0000226 seconds
{Heap before GC invocations=273 (full 9):
 par new generation   total 109248K, used 109248K [0x00000007a0000000, 0x00000007a8000000, 0x00000007a8000000)
  eden space 87424K, 100% used [0x00000007a0000000, 0x00000007a5560000, 0x00000007a5560000)
  from space 21824K, 100% used [0x00000007a6ab0000, 0x00000007a8000000, 0x00000007a8000000)
  to   space 21824K,   0% used [0x00000007a5560000, 0x00000007a5560000, 0x00000007a6ab0000)
 concurrent mark-sweep generation total 393216K, used 179266K [0x00000007a8000000, 0x00000007c0000000, 0x00000007c0000000)
 Metaspace       used 35552K, capacity 36128K, committed 36528K, reserved 1081344K
  class space    used 4090K, capacity 4255K, committed 4272K, reserved 1048576K
2016-10-23T19:09:29.027+0800: 193.204: [GC (Allocation Failure) 2016-10-23T19:09:29.027+0800: 193.204: [ParNew
Desired survivor size 20112992 bytes, new threshold 8 (max 8)
- age   1:    4559224 bytes,    4559224 total
- age   2:    2893960 bytes,    7453184 total
- age   3:    1350432 bytes,    8803616 total
- age   4:    2861488 bytes,   11665104 total
- age   5:    1842576 bytes,   13507680 total
- age   6:    1204120 bytes,   14711800 total
- age   7:    1029672 bytes,   15741472 total
- age   8:    1466760 bytes,   17208232 total
: 109248K->18604K(109248K), 0.0067099 secs] 288514K->200102K(502464K), 0.0067811 secs] [Times: user=0.02 sys=0.01, real=0.01 secs] 
Heap after GC invocations=274 (full 9):
 par new generation   total 109248K, used 18604K [0x00000007a0000000, 0x00000007a8000000, 0x00000007a8000000)
  eden space 87424K,   0% used [0x00000007a0000000, 0x00000007a0000000, 0x00000007a5560000)
  from space 21824K,  85% used [0x00000007a5560000, 0x00000007a678b370, 0x00000007a6ab0000)
  to   space 21824K,   0% used [0x00000007a6ab0000, 0x00000007a6ab0000, 0x00000007a8000000)
 concurrent mark-sweep generation total 393216K, used 181497K [0x00000007a8000000, 0x00000007c0000000, 0x00000007c0000000)
 Metaspace       used 35552K, capacity 36128K, committed 36528K, reserved 1081344K
  class space    used 4090K, capacity 4255K, committed 4272K, reserved 1048576K
}
2016-10-23T19:09:29.034+0800: 193.211: Total time for which application threads were stopped: 0.0069764 seconds, Stopping threads took: 0.0000406 seconds
{Heap before GC invocations=274 (full 9):
 par new generation   total 109248K, used 106028K [0x00000007a0000000, 0x00000007a8000000, 0x00000007a8000000)
  eden space 87424K, 100% used [0x00000007a0000000, 0x00000007a5560000, 0x00000007a5560000)
  from space 21824K,  85% used [0x00000007a5560000, 0x00000007a678b370, 0x00000007a6ab0000)
  to   space 21824K,   0% used [0x00000007a6ab0000, 0x00000007a6ab0000, 0x00000007a8000000)
 concurrent mark-sweep generation total 393216K, used 181497K [0x00000007a8000000, 0x00000007c0000000, 0x00000007c0000000)
 Metaspace       used 35552K, capacity 36128K, committed 36528K, reserved 1081344K
  class space    used 4090K, capacity 4255K, committed 4272K, reserved 1048576K
2016-10-23T19:09:29.086+0800: 193.263: [GC (Allocation Failure) 2016-10-23T19:09:29.086+0800: 193.263: [ParNew
Desired survivor size 20112992 bytes, new threshold 8 (max 8)
- age   1:    3059664 bytes,    3059664 total
- age   2:    4287464 bytes,    7347128 total
- age   3:    2893960 bytes,   10241088 total
- age   4:    1350432 bytes,   11591520 total
- age   5:     740720 bytes,   12332240 total
- age   6:    1841872 bytes,   14174112 total
- age   7:    1204120 bytes,   15378232 total
- age   8:    1029648 bytes,   16407880 total
: 106028K->21537K(109248K), 0.0060125 secs] 287526K->204489K(502464K), 0.0060744 secs] [Times: user=0.02 sys=0.00, real=0.01 secs] 
Heap after GC invocations=275 (full 9):
 par new generation   total 109248K, used 21537K [0x00000007a0000000, 0x00000007a8000000, 0x00000007a8000000)
  eden space 87424K,   0% used [0x00000007a0000000, 0x00000007a0000000, 0x00000007a5560000)
  from space 21824K,  98% used [0x00000007a6ab0000, 0x00000007a7fb8630, 0x00000007a8000000)
  to   space 21824K,   0% used [0x00000007a5560000, 0x00000007a5560000, 0x00000007a6ab0000)
 concurrent mark-sweep generation total 393216K, used 182951K [0x00000007a8000000, 0x00000007c0000000, 0x00000007c0000000)
 Metaspace       used 35552K, capacity 36128K, committed 36528K, reserved 1081344K
  class space    used 4090K, capacity 4255K, committed 4272K, reserved 1048576K
}
2016-10-23T19:09:29.092+0800: 193.269: Total time for which application threads were stopped: 0.0063190 seconds, Stopping threads took: 0.0001019 seconds
{Heap before GC invocations=275 (full 9):
 par new generation   total 109248K, used 108961K [0x00000007a0000000, 0x00000007a8000000, 0x00000007a8000000)
  eden space 87424K, 100% used [0x00000007a0000000, 0x00000007a5560000, 0x00000007a5560000)
  from space 21824K,  98% used [0x00000007a6ab0000, 0x00000007a7fb8630, 0x00000007a8000000)
  to   space 21824K,   0% used [0x00000007a5560000, 0x00000007a5560000, 0x00000007a6ab0000)
 concurrent mark-sweep generation total 393216K, used 182951K [0x00000007a8000000, 0x00000007c0000000, 0x00000007c0000000)
 Metaspace       used 35552K, capacity 36128K, committed 36528K, reserved 1081344K
  class space    used 4090K, capacity 4255K, committed 4272K, reserved 1048576K
2016-10-23T19:09:29.247+0800: 193.423: [GC (Allocation Failure) 2016-10-23T19:09:29.247+0800: 193.423: [ParNew
Desired survivor size 20112992 bytes, new threshold 8 (max 8)
- age   1:    3527952 bytes,    3527952 total
- age   2:    2887880 bytes,    6415832 total
- age   3:    4260680 bytes,   10676512 total
- age   4:    1443168 bytes,   12119680 total
- age   5:    1208288 bytes,   13327968 total
- age   6:     738496 bytes,   14066464 total
- age   7:    1776312 bytes,   15842776 total
- age   8:    1204144 bytes,   17046920 total
: 108961K->21768K(109248K), 0.0067562 secs] 291913K->205742K(502464K), 0.0068233 secs] [Times: user=0.02 sys=0.00, real=0.01 secs] 
Heap after GC invocations=276 (full 9):
 par new generation   total 109248K, used 21768K [0x00000007a0000000, 0x00000007a8000000, 0x00000007a8000000)
  eden space 87424K,   0% used [0x00000007a0000000, 0x00000007a0000000, 0x00000007a5560000)
  from space 21824K,  99% used [0x00000007a5560000, 0x00000007a6aa20c8, 0x00000007a6ab0000)
  to   space 21824K,   0% used [0x00000007a6ab0000, 0x00000007a6ab0000, 0x00000007a8000000)
 concurrent mark-sweep generation total 393216K, used 183974K [0x00000007a8000000, 0x00000007c0000000, 0x00000007c0000000)
 Metaspace       used 35552K, capacity 36128K, committed 36528K, reserved 1081344K
  class space    used 4090K, capacity 4255K, committed 4272K, reserved 1048576K
}
2016-10-23T19:09:29.254+0800: 193.430: Total time for which application threads were stopped: 0.0070899 seconds, Stopping threads took: 0.0000948 seconds
{Heap before GC invocations=276 (full 9):
 par new generation   total 109248K, used 109192K [0x00000007a0000000, 0x00000007a8000000, 0x00000007a8000000)
  eden space 87424K, 100% used [0x00000007a0000000, 0x00000007a5560000, 0x00000007a5560000)
  from space 21824K,  99% used [0x00000007a5560000, 0x00000007a6aa20c8, 0x00000007a6ab0000)
  to   space 21824K,   0% used [0x00000007a6ab0000, 0x00000007a6ab0000, 0x00000007a8000000)
 concurrent mark-sweep generation total 393216K, used 183974K [0x00000007a8000000, 0x00000007c0000000, 0x00000007c0000000)
 Metaspace       used 35552K, capacity 36128K, committed 36528K, reserved 1081344K
  class space    used 4090K, capacity 4255K, committed 4272K, reserved 1048576K
2016-10-23T19:09:29.399+0800: 193.576: [GC (Allocation Failure) 2016-10-23T19:09:29.399+0800: 193.576: [ParNew
Desired survivor size 20112992 bytes, new threshold 8 (max 8)
- age   1:    8698176 bytes,    8698176 total
- age   2:    3360248 bytes,   12058424 total
- age   3:     502032 bytes,   12560456 total
- age   4:     709552 bytes,   13270008 total
- age   5:    1145360 bytes,   14415368 total
- age   6:    1208288 bytes,   15623656 total
- age   7:     738496 bytes,   16362152 total
- age   8:    1776312 bytes,   18138464 total
: 109192K->21158K(109248K), 0.0077451 secs] 293166K->206328K(502464K), 0.0078137 secs] [Times: user=0.03 sys=0.01, real=0.01 secs] 
Heap after GC invocations=277 (full 9):
 par new generation   total 109248K, used 21158K [0x00000007a0000000, 0x00000007a8000000, 0x00000007a8000000)
  eden space 87424K,   0% used [0x00000007a0000000, 0x00000007a0000000, 0x00000007a5560000)
  from space 21824K,  96% used [0x00000007a6ab0000, 0x00000007a7f59ae0, 0x00000007a8000000)
  to   space 21824K,   0% used [0x00000007a5560000, 0x00000007a5560000, 0x00000007a6ab0000)
 concurrent mark-sweep generation total 393216K, used 185169K [0x00000007a8000000, 0x00000007c0000000, 0x00000007c0000000)
 Metaspace       used 35552K, capacity 36128K, committed 36528K, reserved 1081344K
  class space    used 4090K, capacity 4255K, committed 4272K, reserved 1048576K
}
2016-10-23T19:09:29.407+0800: 193.584: Total time for which application threads were stopped: 0.0080553 seconds, Stopping threads took: 0.0000880 seconds
{Heap before GC invocations=277 (full 9):
 par new generation   total 109248K, used 108582K [0x00000007a0000000, 0x00000007a8000000, 0x00000007a8000000)
  eden space 87424K, 100% used [0x00000007a0000000, 0x00000007a5560000, 0x00000007a5560000)
  from space 21824K,  96% used [0x00000007a6ab0000, 0x00000007a7f59ae0, 0x00000007a8000000)
  to   space 21824K,   0% used [0x00000007a5560000, 0x00000007a5560000, 0x00000007a6ab0000)
 concurrent mark-sweep generation total 393216K, used 185169K [0x00000007a8000000, 0x00000007c0000000, 0x00000007c0000000)
 Metaspace       used 35552K, capacity 36128K, committed 36528K, reserved 1081344K
  class space    used 4090K, capacity 4255K, committed 4272K, reserved 1048576K
2016-10-23T19:09:29.477+0800: 193.654: [GC (Allocation Failure) 2016-10-23T19:09:29.477+0800: 193.654: [ParNew
Desired survivor size 20112992 bytes, new threshold 8 (max 8)
- age   1:     879800 bytes,     879800 total
- age   2:    8672784 bytes,    9552584 total
- age   3:    3235208 bytes,   12787792 total
- age   4:     502032 bytes,   13289824 total
- age   5:     709552 bytes,   13999376 total
- age   6:    1145264 bytes,   15144640 total
- age   7:    1208288 bytes,   16352928 total
- age   8:     738496 bytes,   17091424 total
: 108582K->19988K(109248K), 0.0062297 secs] 293752K->206914K(502464K), 0.0062923 secs] [Times: user=0.02 sys=0.00, real=0.01 secs] 
Heap after GC invocations=278 (full 9):
 par new generation   total 109248K, used 19988K [0x00000007a0000000, 0x00000007a8000000, 0x00000007a8000000)
  eden space 87424K,   0% used [0x00000007a0000000, 0x00000007a0000000, 0x00000007a5560000)
  from space 21824K,  91% used [0x00000007a5560000, 0x00000007a68e5120, 0x00000007a6ab0000)
  to   space 21824K,   0% used [0x00000007a6ab0000, 0x00000007a6ab0000, 0x00000007a8000000)
 concurrent mark-sweep generation total 393216K, used 186926K [0x00000007a8000000, 0x00000007c0000000, 0x00000007c0000000)
 Metaspace       used 35552K, capacity 36128K, committed 36528K, reserved 1081344K
  class space    used 4090K, capacity 4255K, committed 4272K, reserved 1048576K
}
2016-10-23T19:09:29.483+0800: 193.660: Total time for which application threads were stopped: 0.0065482 seconds, Stopping threads took: 0.0001025 seconds
{Heap before GC invocations=278 (full 9):
 par new generation   total 109248K, used 107412K [0x00000007a0000000, 0x00000007a8000000, 0x00000007a8000000)
  eden space 87424K, 100% used [0x00000007a0000000, 0x00000007a5560000, 0x00000007a5560000)
  from space 21824K,  91% used [0x00000007a5560000, 0x00000007a68e5120, 0x00000007a6ab0000)
  to   space 21824K,   0% used [0x00000007a6ab0000, 0x00000007a6ab0000, 0x00000007a8000000)
 concurrent mark-sweep generation total 393216K, used 186926K [0x00000007a8000000, 0x00000007c0000000, 0x00000007c0000000)
 Metaspace       used 35552K, capacity 36128K, committed 36528K, reserved 1081344K
  class space    used 4090K, capacity 4255K, committed 4272K, reserved 1048576K
2016-10-23T19:09:29.556+0800: 193.733: [GC (Allocation Failure) 2016-10-23T19:09:29.556+0800: 193.733: [ParNew
Desired survivor size 20112992 bytes, new threshold 8 (max 8)
- age   1:    1208216 bytes,    1208216 total
- age   2:     847152 bytes,    2055368 total
- age   3:    8181728 bytes,   10237096 total
- age   4:    3022352 bytes,   13259448 total
- age   5:     502032 bytes,   13761480 total
- age   6:     709552 bytes,   14471032 total
- age   7:     985288 bytes,   15456320 total
- age   8:    1208288 bytes,   16664608 total
: 107412K->21713K(109248K), 0.0061516 secs] 294338K->209835K(502464K), 0.0062078 secs] [Times: user=0.03 sys=0.00, real=0.01 secs] 
Heap after GC invocations=279 (full 9):
 par new generation   total 109248K, used 21713K [0x00000007a0000000, 0x00000007a8000000, 0x00000007a8000000)
  eden space 87424K,   0% used [0x00000007a0000000, 0x00000007a0000000, 0x00000007a5560000)
  from space 21824K,  99% used [0x00000007a6ab0000, 0x00000007a7fe4750, 0x00000007a8000000)
  to   space 21824K,   0% used [0x00000007a5560000, 0x00000007a5560000, 0x00000007a6ab0000)
 concurrent mark-sweep generation total 393216K, used 188121K [0x00000007a8000000, 0x00000007c0000000, 0x00000007c0000000)
 Metaspace       used 35552K, capacity 36128K, committed 36528K, reserved 1081344K
  class space    used 4090K, capacity 4255K, committed 4272K, reserved 1048576K
}
2016-10-23T19:09:29.562+0800: 193.739: Total time for which application threads were stopped: 0.0064017 seconds, Stopping threads took: 0.0000519 seconds
{Heap before GC invocations=279 (full 9):
 par new generation   total 109248K, used 109137K [0x00000007a0000000, 0x00000007a8000000, 0x00000007a8000000)
  eden space 87424K, 100% used [0x00000007a0000000, 0x00000007a5560000, 0x00000007a5560000)
  from space 21824K,  99% used [0x00000007a6ab0000, 0x00000007a7fe4750, 0x00000007a8000000)
  to   space 21824K,   0% used [0x00000007a5560000, 0x00000007a5560000, 0x00000007a6ab0000)
 concurrent mark-sweep generation total 393216K, used 188121K [0x00000007a8000000, 0x00000007c0000000, 0x00000007c0000000)
 Metaspace       used 35552K, capacity 36128K, committed 36528K, reserved 1081344K
  class space    used 4090K, capacity 4255K, committed 4272K, reserved 1048576K
2016-10-23T19:09:29.639+0800: 193.816: [GC (Allocation Failure) 2016-10-23T19:09:29.640+0800: 193.816: [ParNew
Desired survivor size 20112992 bytes, new threshold 8 (max 8)
- age   1:    4346136 bytes,    4346136 total
- age   2:    1199224 bytes,    5545360 total
- age   3:     847152 bytes,    6392512 total
- age   4:    7892296 bytes,   14284808 total
- age   5:    1650384 bytes,   15935192 total
- age   6:     502032 bytes,   16437224 total
- age   7:     709552 bytes,   17146776 total
- age   8:     844040 bytes,   17990816 total
: 109137K->20172K(109248K), 0.0073518 secs] 297259K->209484K(502464K), 0.0075740 secs] [Times: user=0.02 sys=0.00, real=0.01 secs] 
Heap after GC invocations=280 (full 9):
 par new generation   total 109248K, used 20172K [0x00000007a0000000, 0x00000007a8000000, 0x00000007a8000000)
  eden space 87424K,   0% used [0x00000007a0000000, 0x00000007a0000000, 0x00000007a5560000)
  from space 21824K,  92% used [0x00000007a5560000, 0x00000007a6913340, 0x00000007a6ab0000)
  to   space 21824K,   0% used [0x00000007a6ab0000, 0x00000007a6ab0000, 0x00000007a8000000)
 concurrent mark-sweep generation total 393216K, used 189312K [0x00000007a8000000, 0x00000007c0000000, 0x00000007c0000000)
 Metaspace       used 35552K, capacity 36128K, committed 36528K, reserved 1081344K
  class space    used 4090K, capacity 4255K, committed 4272K, reserved 1048576K
}
2016-10-23T19:09:29.647+0800: 193.824: Total time for which application threads were stopped: 0.0077766 seconds, Stopping threads took: 0.0000654 seconds
{Heap before GC invocations=280 (full 9):
 par new generation   total 109248K, used 107596K [0x00000007a0000000, 0x00000007a8000000, 0x00000007a8000000)
  eden space 87424K, 100% used [0x00000007a0000000, 0x00000007a5560000, 0x00000007a5560000)
  from space 21824K,  92% used [0x00000007a5560000, 0x00000007a6913340, 0x00000007a6ab0000)
  to   space 21824K,   0% used [0x00000007a6ab0000, 0x00000007a6ab0000, 0x00000007a8000000)
 concurrent mark-sweep generation total 393216K, used 189312K [0x00000007a8000000, 0x00000007c0000000, 0x00000007c0000000)
 Metaspace       used 35552K, capacity 36128K, committed 36528K, reserved 1081344K
  class space    used 4090K, capacity 4255K, committed 4272K, reserved 1048576K
2016-10-23T19:09:29.723+0800: 193.900: [GC (Allocation Failure) 2016-10-23T19:09:29.723+0800: 193.900: [ParNew
Desired survivor size 20112992 bytes, new threshold 8 (max 8)
- age   1:    4645688 bytes,    4645688 total
- age   2:    3241592 bytes,    7887280 total
- age   3:    1181920 bytes,    9069200 total
- age   4:     828632 bytes,    9897832 total
- age   5:    4945424 bytes,   14843256 total
- age   6:    1608696 bytes,   16451952 total
- age   7:     491072 bytes,   16943024 total
- age   8:     691320 bytes,   17634344 total
: 107596K->21824K(109248K), 0.0082078 secs] 296908K->215224K(502464K), 0.0082640 secs] [Times: user=0.03 sys=0.01, real=0.01 secs] 
Heap after GC invocations=281 (full 9):
 par new generation   total 109248K, used 21824K [0x00000007a0000000, 0x00000007a8000000, 0x00000007a8000000)
  eden space 87424K,   0% used [0x00000007a0000000, 0x00000007a0000000, 0x00000007a5560000)
  from space 21824K, 100% used [0x00000007a6ab0000, 0x00000007a8000000, 0x00000007a8000000)
  to   space 21824K,   0% used [0x00000007a5560000, 0x00000007a5560000, 0x00000007a6ab0000)
 concurrent mark-sweep generation total 393216K, used 193400K [0x00000007a8000000, 0x00000007c0000000, 0x00000007c0000000)
 Metaspace       used 35552K, capacity 36128K, committed 36528K, reserved 1081344K
  class space    used 4090K, capacity 4255K, committed 4272K, reserved 1048576K
}
2016-10-23T19:09:29.732+0800: 193.908: Total time for which application threads were stopped: 0.0084972 seconds, Stopping threads took: 0.0000835 seconds
{Heap before GC invocations=281 (full 9):
 par new generation   total 109248K, used 108768K [0x00000007a0000000, 0x00000007a8000000, 0x00000007a8000000)
  eden space 87424K,  99% used [0x00000007a0000000, 0x00000007a54e8300, 0x00000007a5560000)
  from space 21824K, 100% used [0x00000007a6ab0000, 0x00000007a8000000, 0x00000007a8000000)
  to   space 21824K,   0% used [0x00000007a5560000, 0x00000007a5560000, 0x00000007a6ab0000)
 concurrent mark-sweep generation total 393216K, used 193400K [0x00000007a8000000, 0x00000007c0000000, 0x00000007c0000000)
 Metaspace       used 35552K, capacity 36128K, committed 36528K, reserved 1081344K
  class space    used 4090K, capacity 4255K, committed 4272K, reserved 1048576K
2016-10-23T19:09:29.806+0800: 193.983: [GC (Allocation Failure) 2016-10-23T19:09:29.806+0800: 193.983: [ParNew
Desired survivor size 20112992 bytes, new threshold 8 (max 8)
- age   1:    2711264 bytes,    2711264 total
- age   2:    4613720 bytes,    7324984 total
- age   3:    3241304 bytes,   10566288 total
- age   4:    1181656 bytes,   11747944 total
- age   5:     828560 bytes,   12576504 total
- age   6:    4291808 bytes,   16868312 total
- age   7:    1608120 bytes,   18476432 total
- age   8:     490952 bytes,   18967384 total
: 108768K->21824K(109248K), 0.0067629 secs] 302168K->215911K(502464K), 0.0068338 secs] [Times: user=0.02 sys=0.00, real=0.01 secs] 
Heap after GC invocations=282 (full 9):
 par new generation   total 109248K, used 21824K [0x00000007a0000000, 0x00000007a8000000, 0x00000007a8000000)
  eden space 87424K,   0% used [0x00000007a0000000, 0x00000007a0000000, 0x00000007a5560000)
  from space 21824K, 100% used [0x00000007a5560000, 0x00000007a6ab0000, 0x00000007a6ab0000)
  to   space 21824K,   0% used [0x00000007a6ab0000, 0x00000007a6ab0000, 0x00000007a8000000)
 concurrent mark-sweep generation total 393216K, used 194087K [0x00000007a8000000, 0x00000007c0000000, 0x00000007c0000000)
 Metaspace       used 35552K, capacity 36128K, committed 36528K, reserved 1081344K
  class space    used 4090K, capacity 4255K, committed 4272K, reserved 1048576K
}
2016-10-23T19:09:29.813+0800: 193.990: Total time for which application threads were stopped: 0.0070640 seconds, Stopping threads took: 0.0000814 seconds
{Heap before GC invocations=282 (full 9):
 par new generation   total 109248K, used 109248K [0x00000007a0000000, 0x00000007a8000000, 0x00000007a8000000)
  eden space 87424K, 100% used [0x00000007a0000000, 0x00000007a5560000, 0x00000007a5560000)
  from space 21824K, 100% used [0x00000007a5560000, 0x00000007a6ab0000, 0x00000007a6ab0000)
  to   space 21824K,   0% used [0x00000007a6ab0000, 0x00000007a6ab0000, 0x00000007a8000000)
 concurrent mark-sweep generation total 393216K, used 194087K [0x00000007a8000000, 0x00000007c0000000, 0x00000007c0000000)
 Metaspace       used 35552K, capacity 36128K, committed 36528K, reserved 1081344K
  class space    used 4090K, capacity 4255K, committed 4272K, reserved 1048576K
2016-10-23T19:09:29.901+0800: 194.078: [GC (Allocation Failure) 2016-10-23T19:09:29.901+0800: 194.078: [ParNew
Desired survivor size 20112992 bytes, new threshold 8 (max 8)
- age   1:    4121624 bytes,    4121624 total
- age   2:    2668584 bytes,    6790208 total
- age   3:    4605264 bytes,   11395472 total
- age   4:    3229096 bytes,   14624568 total
- age   5:    1173472 bytes,   15798040 total
- age   6:     675384 bytes,   16473424 total
- age   7:    1494096 bytes,   17967520 total
- age   8:    1576616 bytes,   19544136 total
: 109248K->21824K(109248K), 0.0066301 secs] 303335K->216641K(502464K), 0.0066991 secs] [Times: user=0.03 sys=0.00, real=0.00 secs] 
Heap after GC invocations=283 (full 9):
 par new generation   total 109248K, used 21824K [0x00000007a0000000, 0x00000007a8000000, 0x00000007a8000000)
  eden space 87424K,   0% used [0x00000007a0000000, 0x00000007a0000000, 0x00000007a5560000)
  from space 21824K, 100% used [0x00000007a6ab0000, 0x00000007a8000000, 0x00000007a8000000)
  to   space 21824K,   0% used [0x00000007a5560000, 0x00000007a5560000, 0x00000007a6ab0000)
 concurrent mark-sweep generation total 393216K, used 194817K [0x00000007a8000000, 0x00000007c0000000, 0x00000007c0000000)
 Metaspace       used 35552K, capacity 36128K, committed 36528K, reserved 1081344K
  class space    used 4090K, capacity 4255K, committed 4272K, reserved 1048576K
}
2016-10-23T19:09:29.908+0800: 194.085: Total time for which application threads were stopped: 0.0068738 seconds, Stopping threads took: 0.0000319 seconds
{Heap before GC invocations=283 (full 9):
 par new generation   total 109248K, used 109248K [0x00000007a0000000, 0x00000007a8000000, 0x00000007a8000000)
  eden space 87424K, 100% used [0x00000007a0000000, 0x00000007a5560000, 0x00000007a5560000)
  from space 21824K, 100% used [0x00000007a6ab0000, 0x00000007a8000000, 0x00000007a8000000)
  to   space 21824K,   0% used [0x00000007a5560000, 0x00000007a5560000, 0x00000007a6ab0000)
 concurrent mark-sweep generation total 393216K, used 194817K [0x00000007a8000000, 0x00000007c0000000, 0x00000007c0000000)
 Metaspace       used 35552K, capacity 36128K, committed 36528K, reserved 1081344K
  class space    used 4090K, capacity 4255K, committed 4272K, reserved 1048576K
2016-10-23T19:09:30.158+0800: 194.334: [GC (Allocation Failure) 2016-10-23T19:09:30.158+0800: 194.334: [ParNew
Desired survivor size 20112992 bytes, new threshold 8 (max 8)
- age   1:    4210208 bytes,    4210208 total
- age   2:    4033192 bytes,    8243400 total
- age   3:    2319416 bytes,   10562816 total
- age   4:    4294392 bytes,   14857208 total
- age   5:    1124440 bytes,   15981648 total
- age   6:     805016 bytes,   16786664 total
- age   7:     634936 bytes,   17421600 total
- age   8:    1312584 bytes,   18734184 total
: 109248K->21824K(109248K), 0.0087679 secs] 304065K->222567K(502464K), 0.0088496 secs] [Times: user=0.04 sys=0.00, real=0.01 secs] 
Heap after GC invocations=284 (full 9):
 par new generation   total 109248K, used 21824K [0x00000007a0000000, 0x00000007a8000000, 0x00000007a8000000)
  eden space 87424K,   0% used [0x00000007a0000000, 0x00000007a0000000, 0x00000007a5560000)
  from space 21824K, 100% used [0x00000007a5560000, 0x00000007a6ab0000, 0x00000007a6ab0000)
  to   space 21824K,   0% used [0x00000007a6ab0000, 0x00000007a6ab0000, 0x00000007a8000000)
 concurrent mark-sweep generation total 393216K, used 200743K [0x00000007a8000000, 0x00000007c0000000, 0x00000007c0000000)
 Metaspace       used 35552K, capacity 36128K, committed 36528K, reserved 1081344K
  class space    used 4090K, capacity 4255K, committed 4272K, reserved 1048576K
}
2016-10-23T19:09:30.167+0800: 194.343: Total time for which application threads were stopped: 0.0090892 seconds, Stopping threads took: 0.0000732 seconds
2016-10-23T19:09:30.167+0800: 194.343: [GC (CMS Initial Mark) [1 CMS-initial-mark: 200743K(393216K)] 223535K(502464K), 0.0010522 secs] [Times: user=0.00 sys=0.00, real=0.00 secs] 
2016-10-23T19:09:30.168+0800: 194.345: Total time for which application threads were stopped: 0.0012396 seconds, Stopping threads took: 0.0000848 seconds
2016-10-23T19:09:30.168+0800: 194.345: [CMS-concurrent-mark-start]
2016-10-23T19:09:30.192+0800: 194.368: [CMS-concurrent-mark: 0.024/0.024 secs] [Times: user=0.14 sys=0.00, real=0.03 secs] 
2016-10-23T19:09:30.192+0800: 194.369: [CMS-concurrent-preclean-start]
2016-10-23T19:09:30.194+0800: 194.370: [CMS-concurrent-preclean: 0.002/0.002 secs] [Times: user=0.00 sys=0.00, real=0.00 secs] 
2016-10-23T19:09:30.194+0800: 194.370: [CMS-concurrent-abortable-preclean-start]
{Heap before GC invocations=284 (full 10):
 par new generation   total 109248K, used 109248K [0x00000007a0000000, 0x00000007a8000000, 0x00000007a8000000)
  eden space 87424K, 100% used [0x00000007a0000000, 0x00000007a5560000, 0x00000007a5560000)
  from space 21824K, 100% used [0x00000007a5560000, 0x00000007a6ab0000, 0x00000007a6ab0000)
  to   space 21824K,   0% used [0x00000007a6ab0000, 0x00000007a6ab0000, 0x00000007a8000000)
 concurrent mark-sweep generation total 393216K, used 200743K [0x00000007a8000000, 0x00000007c0000000, 0x00000007c0000000)
 Metaspace       used 35554K, capacity 36128K, committed 36528K, reserved 1081344K
  class space    used 4090K, capacity 4255K, committed 4272K, reserved 1048576K
2016-10-23T19:09:30.421+0800: 194.597: [GC (Allocation Failure) 2016-10-23T19:09:30.421+0800: 194.597: [ParNew
Desired survivor size 20112992 bytes, new threshold 8 (max 8)
- age   1:   10252608 bytes,   10252608 total
- age   2:    3147048 bytes,   13399656 total
- age   3:     739384 bytes,   14139040 total
- age   4:    1522424 bytes,   15661464 total
- age   5:     453768 bytes,   16115232 total
- age   6:    1051752 bytes,   17166984 total
- age   7:     582608 bytes,   17749592 total
- age   8:     525560 bytes,   18275152 total
: 109248K->21824K(109248K), 0.0111920 secs] 309991K->226490K(502464K), 0.0112605 secs] [Times: user=0.04 sys=0.00, real=0.01 secs] 
Heap after GC invocations=285 (full 10):
 par new generation   total 109248K, used 21824K [0x00000007a0000000, 0x00000007a8000000, 0x00000007a8000000)
  eden space 87424K,   0% used [0x00000007a0000000, 0x00000007a0000000, 0x00000007a5560000)
  from space 21824K, 100% used [0x00000007a6ab0000, 0x00000007a8000000, 0x00000007a8000000)
  to   space 21824K,   0% used [0x00000007a5560000, 0x00000007a5560000, 0x00000007a6ab0000)
 concurrent mark-sweep generation total 393216K, used 204666K [0x00000007a8000000, 0x00000007c0000000, 0x00000007c0000000)
 Metaspace       used 35554K, capacity 36128K, committed 36528K, reserved 1081344K
  class space    used 4090K, capacity 4255K, committed 4272K, reserved 1048576K
}
2016-10-23T19:09:30.432+0800: 194.609: Total time for which application threads were stopped: 0.0114807 seconds, Stopping threads took: 0.0000486 seconds
2016-10-23T19:09:30.508+0800: 194.684: [CMS-concurrent-abortable-preclean: 0.301/0.314 secs] [Times: user=0.96 sys=0.01, real=0.31 secs] 
2016-10-23T19:09:30.508+0800: 194.685: [GC (CMS Final Remark) [YG occupancy: 69637 K (109248 K)]{Heap before GC invocations=285 (full 10):
 par new generation   total 109248K, used 69637K [0x00000007a0000000, 0x00000007a8000000, 0x00000007a8000000)
  eden space 87424K,  54% used [0x00000007a0000000, 0x00000007a2eb1758, 0x00000007a5560000)
  from space 21824K, 100% used [0x00000007a6ab0000, 0x00000007a8000000, 0x00000007a8000000)
  to   space 21824K,   0% used [0x00000007a5560000, 0x00000007a5560000, 0x00000007a6ab0000)
 concurrent mark-sweep generation total 393216K, used 204666K [0x00000007a8000000, 0x00000007c0000000, 0x00000007c0000000)
 Metaspace       used 35554K, capacity 36128K, committed 36528K, reserved 1081344K
  class space    used 4090K, capacity 4255K, committed 4272K, reserved 1048576K
2016-10-23T19:09:30.508+0800: 194.685: [GC (CMS Final Remark) 2016-10-23T19:09:30.508+0800: 194.685: [ParNew
Desired survivor size 20112992 bytes, new threshold 8 (max 8)
- age   1:    1922920 bytes,    1922920 total
- age   2:    9000376 bytes,   10923296 total
- age   3:    2288768 bytes,   13212064 total
- age   4:     728616 bytes,   13940680 total
- age   5:    1516248 bytes,   15456928 total
- age   6:     449224 bytes,   15906152 total
- age   7:    1046648 bytes,   16952800 total
- age   8:     576128 bytes,   17528928 total
: 69637K->21824K(109248K), 0.0063313 secs] 274304K->229318K(502464K), 0.0063637 secs] [Times: user=0.02 sys=0.00, real=0.01 secs] 
Heap after GC invocations=286 (full 10):
 par new generation   total 109248K, used 21824K [0x00000007a0000000, 0x00000007a8000000, 0x00000007a8000000)
  eden space 87424K,   0% used [0x00000007a0000000, 0x00000007a0000000, 0x00000007a5560000)
  from space 21824K, 100% used [0x00000007a5560000, 0x00000007a6ab0000, 0x00000007a6ab0000)
  to   space 21824K,   0% used [0x00000007a6ab0000, 0x00000007a6ab0000, 0x00000007a8000000)
 concurrent mark-sweep generation total 393216K, used 207494K [0x00000007a8000000, 0x00000007c0000000, 0x00000007c0000000)
 Metaspace       used 35554K, capacity 36128K, committed 36528K, reserved 1081344K
  class space    used 4090K, capacity 4255K, committed 4272K, reserved 1048576K
}
2016-10-23T19:09:30.514+0800: 194.691: [Rescan (parallel) , 0.0029423 secs]2016-10-23T19:09:30.517+0800: 194.694: [weak refs processing, 0.0008142 secs]2016-10-23T19:09:30.518+0800: 194.695: [class unloading, 0.0068688 secs]2016-10-23T19:09:30.525+0800: 194.702: [scrub symbol table, 0.0048731 secs]2016-10-23T19:09:30.530+0800: 194.706: [scrub string table, 0.0004162 secs][1 CMS-remark: 207494K(393216K)] 229318K(502464K), 0.0225078 secs] [Times: user=0.04 sys=0.00, real=0.03 secs] 
2016-10-23T19:09:30.530+0800: 194.707: Total time for which application threads were stopped: 0.0226773 seconds, Stopping threads took: 0.0000577 seconds
2016-10-23T19:09:30.530+0800: 194.707: [CMS-concurrent-sweep-start]
2016-10-23T19:09:30.580+0800: 194.757: [CMS-concurrent-sweep: 0.050/0.050 secs] [Times: user=0.14 sys=0.01, real=0.05 secs] 
2016-10-23T19:09:30.580+0800: 194.757: [CMS-concurrent-reset-start]
2016-10-23T19:09:30.580+0800: 194.757: [CMS-concurrent-reset: 0.000/0.000 secs] [Times: user=0.00 sys=0.00, real=0.00 secs] 
{Heap before GC invocations=286 (full 10):
 par new generation   total 109248K, used 109248K [0x00000007a0000000, 0x00000007a8000000, 0x00000007a8000000)
  eden space 87424K, 100% used [0x00000007a0000000, 0x00000007a5560000, 0x00000007a5560000)
  from space 21824K, 100% used [0x00000007a5560000, 0x00000007a6ab0000, 0x00000007a6ab0000)
  to   space 21824K,   0% used [0x00000007a6ab0000, 0x00000007a6ab0000, 0x00000007a8000000)
 concurrent mark-sweep generation total 393216K, used 97623K [0x00000007a8000000, 0x00000007c0000000, 0x00000007c0000000)
 Metaspace       used 35554K, capacity 36128K, committed 36528K, reserved 1081344K
  class space    used 4090K, capacity 4255K, committed 4272K, reserved 1048576K
2016-10-23T19:09:30.598+0800: 194.775: [GC (Allocation Failure) 2016-10-23T19:09:30.598+0800: 194.775: [ParNew
Desired survivor size 20112992 bytes, new threshold 8 (max 8)
- age   1:     940064 bytes,     940064 total
- age   2:    1824656 bytes,    2764720 total
- age   3:    6585000 bytes,    9349720 total
- age   4:    2288992 bytes,   11638712 total
- age   5:     728880 bytes,   12367592 total
- age   6:    1516296 bytes,   13883888 total
- age   7:     449320 bytes,   14333208 total
- age   8:    1046840 bytes,   15380048 total
: 109248K->21824K(109248K), 0.0073819 secs] 206871K->122378K(502464K), 0.0074548 secs] [Times: user=0.02 sys=0.00, real=0.01 secs] 
Heap after GC invocations=287 (full 10):
 par new generation   total 109248K, used 21824K [0x00000007a0000000, 0x00000007a8000000, 0x00000007a8000000)
  eden space 87424K,   0% used [0x00000007a0000000, 0x00000007a0000000, 0x00000007a5560000)
  from space 21824K, 100% used [0x00000007a6ab0000, 0x00000007a8000000, 0x00000007a8000000)
  to   space 21824K,   0% used [0x00000007a5560000, 0x00000007a5560000, 0x00000007a6ab0000)
 concurrent mark-sweep generation total 393216K, used 100554K [0x00000007a8000000, 0x00000007c0000000, 0x00000007c0000000)
 Metaspace       used 35554K, capacity 36128K, committed 36528K, reserved 1081344K
  class space    used 4090K, capacity 4255K, committed 4272K, reserved 1048576K
}
2016-10-23T19:09:30.606+0800: 194.782: Total time for which application threads were stopped: 0.0077315 seconds, Stopping threads took: 0.0000930 seconds
{Heap before GC invocations=287 (full 10):
 par new generation   total 109248K, used 109248K [0x00000007a0000000, 0x00000007a8000000, 0x00000007a8000000)
  eden space 87424K, 100% used [0x00000007a0000000, 0x00000007a5560000, 0x00000007a5560000)
  from space 21824K, 100% used [0x00000007a6ab0000, 0x00000007a8000000, 0x00000007a8000000)
  to   space 21824K,   0% used [0x00000007a5560000, 0x00000007a5560000, 0x00000007a6ab0000)
 concurrent mark-sweep generation total 393216K, used 100554K [0x00000007a8000000, 0x00000007c0000000, 0x00000007c0000000)
 Metaspace       used 35554K, capacity 36128K, committed 36528K, reserved 1081344K
  class space    used 4090K, capacity 4255K, committed 4272K, reserved 1048576K
2016-10-23T19:09:30.675+0800: 194.851: [GC (Allocation Failure) 2016-10-23T19:09:30.675+0800: 194.852: [ParNew
Desired survivor size 20112992 bytes, new threshold 8 (max 8)
- age   1:    1165944 bytes,    1165944 total
- age   2:     878240 bytes,    2044184 total
- age   3:    1824944 bytes,    3869128 total
- age   4:    6585960 bytes,   10455088 total
- age   5:    1882240 bytes,   12337328 total
- age   6:     729216 bytes,   13066544 total
- age   7:    1516440 bytes,   14582984 total
- age   8:     449488 bytes,   15032472 total
: 109248K->18492K(109248K), 0.0068890 secs] 209802K->120076K(502464K), 0.0069748 secs] [Times: user=0.02 sys=0.00, real=0.01 secs] 
Heap after GC invocations=288 (full 10):
 par new generation   total 109248K, used 18492K [0x00000007a0000000, 0x00000007a8000000, 0x00000007a8000000)
  eden space 87424K,   0% used [0x00000007a0000000, 0x00000007a0000000, 0x00000007a5560000)
  from space 21824K,  84% used [0x00000007a5560000, 0x00000007a676f250, 0x00000007a6ab0000)
  to   space 21824K,   0% used [0x00000007a6ab0000, 0x00000007a6ab0000, 0x00000007a8000000)
 concurrent mark-sweep generation total 393216K, used 101584K [0x00000007a8000000, 0x00000007c0000000, 0x00000007c0000000)
 Metaspace       used 35554K, capacity 36128K, committed 36528K, reserved 1081344K
  class space    used 4090K, capacity 4255K, committed 4272K, reserved 1048576K
}
2016-10-23T19:09:30.682+0800: 194.858: Total time for which application threads were stopped: 0.0071793 seconds, Stopping threads took: 0.0000639 seconds
{Heap before GC invocations=288 (full 10):
 par new generation   total 109248K, used 105916K [0x00000007a0000000, 0x00000007a8000000, 0x00000007a8000000)
  eden space 87424K, 100% used [0x00000007a0000000, 0x00000007a5560000, 0x00000007a5560000)
  from space 21824K,  84% used [0x00000007a5560000, 0x00000007a676f250, 0x00000007a6ab0000)
  to   space 21824K,   0% used [0x00000007a6ab0000, 0x00000007a6ab0000, 0x00000007a8000000)
 concurrent mark-sweep generation total 393216K, used 101584K [0x00000007a8000000, 0x00000007c0000000, 0x00000007c0000000)
 Metaspace       used 35554K, capacity 36128K, committed 36528K, reserved 1081344K
  class space    used 4090K, capacity 4255K, committed 4272K, reserved 1048576K
2016-10-23T19:09:30.751+0800: 194.928: [GC (Allocation Failure) 2016-10-23T19:09:30.751+0800: 194.928: [ParNew
Desired survivor size 20112992 bytes, new threshold 8 (max 8)
- age   1:    1740784 bytes,    1740784 total
- age   2:    1120616 bytes,    2861400 total
- age   3:     877928 bytes,    3739328 total
- age   4:    1824560 bytes,    5563888 total
- age   5:    5757976 bytes,   11321864 total
- age   6:    1878672 bytes,   13200536 total
- age   7:     728616 bytes,   13929152 total
- age   8:    1516248 bytes,   15445400 total
: 105916K->18613K(109248K), 0.0069712 secs] 207500K->120643K(502464K), 0.0070275 secs] [Times: user=0.02 sys=0.00, real=0.00 secs] 
Heap after GC invocations=289 (full 10):
 par new generation   total 109248K, used 18613K [0x00000007a0000000, 0x00000007a8000000, 0x00000007a8000000)
  eden space 87424K,   0% used [0x00000007a0000000, 0x00000007a0000000, 0x00000007a5560000)
  from space 21824K,  85% used [0x00000007a6ab0000, 0x00000007a7cdd7c0, 0x00000007a8000000)
  to   space 21824K,   0% used [0x00000007a5560000, 0x00000007a5560000, 0x00000007a6ab0000)
 concurrent mark-sweep generation total 393216K, used 102029K [0x00000007a8000000, 0x00000007c0000000, 0x00000007c0000000)
 Metaspace       used 35554K, capacity 36128K, committed 36528K, reserved 1081344K
  class space    used 4090K, capacity 4255K, committed 4272K, reserved 1048576K
}
2016-10-23T19:09:30.758+0800: 194.935: Total time for which application threads were stopped: 0.0072024 seconds, Stopping threads took: 0.0000203 seconds
{Heap before GC invocations=289 (full 10):
 par new generation   total 109248K, used 106037K [0x00000007a0000000, 0x00000007a8000000, 0x00000007a8000000)
  eden space 87424K, 100% used [0x00000007a0000000, 0x00000007a5560000, 0x00000007a5560000)
  from space 21824K,  85% used [0x00000007a6ab0000, 0x00000007a7cdd7c0, 0x00000007a8000000)
  to   space 21824K,   0% used [0x00000007a5560000, 0x00000007a5560000, 0x00000007a6ab0000)
 concurrent mark-sweep generation total 393216K, used 102029K [0x00000007a8000000, 0x00000007c0000000, 0x00000007c0000000)
 Metaspace       used 35554K, capacity 36128K, committed 36528K, reserved 1081344K
  class space    used 4090K, capacity 4255K, committed 4272K, reserved 1048576K
2016-10-23T19:09:30.827+0800: 195.004: [GC (Allocation Failure) 2016-10-23T19:09:30.827+0800: 195.004: [ParNew
Desired survivor size 20112992 bytes, new threshold 8 (max 8)
- age   1:    5596568 bytes,    5596568 total
- age   2:    1697104 bytes,    7293672 total
- age   3:    1120616 bytes,    8414288 total
- age   4:     877464 bytes,    9291752 total
- age   5:    1824560 bytes,   11116312 total
- age   6:    5568896 bytes,   16685208 total
- age   7:    1878672 bytes,   18563880 total
- age   8:     728616 bytes,   19292496 total
: 106037K->21824K(109248K), 0.0076633 secs] 208067K->125342K(502464K), 0.0077669 secs] [Times: user=0.03 sys=0.00, real=0.01 secs] 
Heap after GC invocations=290 (full 10):
 par new generation   total 109248K, used 21824K [0x00000007a0000000, 0x00000007a8000000, 0x00000007a8000000)
  eden space 87424K,   0% used [0x00000007a0000000, 0x00000007a0000000, 0x00000007a5560000)
  from space 21824K, 100% used [0x00000007a5560000, 0x00000007a6ab0000, 0x00000007a6ab0000)
  to   space 21824K,   0% used [0x00000007a6ab0000, 0x00000007a6ab0000, 0x00000007a8000000)
 concurrent mark-sweep generation total 393216K, used 103518K [0x00000007a8000000, 0x00000007c0000000, 0x00000007c0000000)
 Metaspace       used 35554K, capacity 36128K, committed 36528K, reserved 1081344K
  class space    used 4090K, capacity 4255K, committed 4272K, reserved 1048576K
}
2016-10-23T19:09:30.835+0800: 195.012: Total time for which application threads were stopped: 0.0080378 seconds, Stopping threads took: 0.0000207 seconds
{Heap before GC invocations=290 (full 10):
 par new generation   total 109248K, used 109248K [0x00000007a0000000, 0x00000007a8000000, 0x00000007a8000000)
  eden space 87424K, 100% used [0x00000007a0000000, 0x00000007a5560000, 0x00000007a5560000)
  from space 21824K, 100% used [0x00000007a5560000, 0x00000007a6ab0000, 0x00000007a6ab0000)
  to   space 21824K,   0% used [0x00000007a6ab0000, 0x00000007a6ab0000, 0x00000007a8000000)
 concurrent mark-sweep generation total 393216K, used 103518K [0x00000007a8000000, 0x00000007c0000000, 0x00000007c0000000)
 Metaspace       used 35554K, capacity 36128K, committed 36528K, reserved 1081344K
  class space    used 4090K, capacity 4255K, committed 4272K, reserved 1048576K
2016-10-23T19:09:30.909+0800: 195.086: [GC (Allocation Failure) 2016-10-23T19:09:30.909+0800: 195.086: [ParNew
Desired survivor size 20112992 bytes, new threshold 8 (max 8)
- age   1:     597656 bytes,     597656 total
- age   2:    5552592 bytes,    6150248 total
- age   3:    1697368 bytes,    7847616 total
- age   4:    1120848 bytes,    8968464 total
- age   5:     877704 bytes,    9846168 total
- age   6:    1824800 bytes,   11670968 total
- age   7:    5570216 bytes,   17241184 total
- age   8:    1879776 bytes,   19120960 total
: 109248K->21824K(109248K), 0.0071936 secs] 212766K->126064K(502464K), 0.0072411 secs] [Times: user=0.03 sys=0.00, real=0.01 secs] 
Heap after GC invocations=291 (full 10):
 par new generation   total 109248K, used 21824K [0x00000007a0000000, 0x00000007a8000000, 0x00000007a8000000)
  eden space 87424K,   0% used [0x00000007a0000000, 0x00000007a0000000, 0x00000007a5560000)
  from space 21824K, 100% used [0x00000007a6ab0000, 0x00000007a8000000, 0x00000007a8000000)
  to   space 21824K,   0% used [0x00000007a5560000, 0x00000007a5560000, 0x00000007a6ab0000)
 concurrent mark-sweep generation total 393216K, used 104240K [0x00000007a8000000, 0x00000007c0000000, 0x00000007c0000000)
 Metaspace       used 35554K, capacity 36128K, committed 36528K, reserved 1081344K
  class space    used 4090K, capacity 4255K, committed 4272K, reserved 1048576K
}
2016-10-23T19:09:30.916+0800: 195.093: Total time for which application threads were stopped: 0.0074752 seconds, Stopping threads took: 0.0000682 seconds
{Heap before GC invocations=291 (full 10):
 par new generation   total 109248K, used 109248K [0x00000007a0000000, 0x00000007a8000000, 0x00000007a8000000)
  eden space 87424K, 100% used [0x00000007a0000000, 0x00000007a5560000, 0x00000007a5560000)
  from space 21824K, 100% used [0x00000007a6ab0000, 0x00000007a8000000, 0x00000007a8000000)
  to   space 21824K,   0% used [0x00000007a5560000, 0x00000007a5560000, 0x00000007a6ab0000)
 concurrent mark-sweep generation total 393216K, used 104240K [0x00000007a8000000, 0x00000007c0000000, 0x00000007c0000000)
 Metaspace       used 35554K, capacity 36128K, committed 36528K, reserved 1081344K
  class space    used 4090K, capacity 4255K, committed 4272K, reserved 1048576K
2016-10-23T19:09:31.055+0800: 195.232: [GC (Allocation Failure) 2016-10-23T19:09:31.055+0800: 195.232: [ParNew
Desired survivor size 20112992 bytes, new threshold 8 (max 8)
- age   1:    7024072 bytes,    7024072 total
- age   2:     551064 bytes,    7575136 total
- age   3:    4162024 bytes,   11737160 total
- age   4:    1536104 bytes,   13273264 total
- age   5:    1090968 bytes,   14364232 total
- age   6:     810968 bytes,   15175200 total
- age   7:     784392 bytes,   15959592 total
- age   8:    2138120 bytes,   18097712 total
: 109248K->21824K(109248K), 0.0082907 secs] 213488K->130069K(502464K), 0.0083575 secs] [Times: user=0.03 sys=0.00, real=0.01 secs] 
Heap after GC invocations=292 (full 10):
 par new generation   total 109248K, used 21824K [0x00000007a0000000, 0x00000007a8000000, 0x00000007a8000000)
  eden space 87424K,   0% used [0x00000007a0000000, 0x00000007a0000000, 0x00000007a5560000)
  from space 21824K, 100% used [0x00000007a5560000, 0x00000007a6ab0000, 0x00000007a6ab0000)
  to   space 21824K,   0% used [0x00000007a6ab0000, 0x00000007a6ab0000, 0x00000007a8000000)
 concurrent mark-sweep generation total 393216K, used 108245K [0x00000007a8000000, 0x00000007c0000000, 0x00000007c0000000)
 Metaspace       used 35554K, capacity 36128K, committed 36528K, reserved 1081344K
  class space    used 4090K, capacity 4255K, committed 4272K, reserved 1048576K
}
2016-10-23T19:09:31.063+0800: 195.240: Total time for which application threads were stopped: 0.0085692 seconds, Stopping threads took: 0.0000705 seconds
{Heap before GC invocations=292 (full 10):
 par new generation   total 109248K, used 109248K [0x00000007a0000000, 0x00000007a8000000, 0x00000007a8000000)
  eden space 87424K, 100% used [0x00000007a0000000, 0x00000007a5560000, 0x00000007a5560000)
  from space 21824K, 100% used [0x00000007a5560000, 0x00000007a6ab0000, 0x00000007a6ab0000)
  to   space 21824K,   0% used [0x00000007a6ab0000, 0x00000007a6ab0000, 0x00000007a8000000)
 concurrent mark-sweep generation total 393216K, used 108245K [0x00000007a8000000, 0x00000007c0000000, 0x00000007c0000000)
 Metaspace       used 35554K, capacity 36128K, committed 36528K, reserved 1081344K
  class space    used 4090K, capacity 4255K, committed 4272K, reserved 1048576K
2016-10-23T19:09:31.307+0800: 195.483: [GC (Allocation Failure) 2016-10-23T19:09:31.307+0800: 195.483: [ParNew
Desired survivor size 20112992 bytes, new threshold 8 (max 8)
- age   1:    4615784 bytes,    4615784 total
- age   2:    6853008 bytes,   11468792 total
- age   3:     545144 bytes,   12013936 total
- age   4:    2118840 bytes,   14132776 total
- age   5:    1156016 bytes,   15288792 total
- age   6:     626616 bytes,   15915408 total
- age   7:     593200 bytes,   16508608 total
- age   8:     601576 bytes,   17110184 total
: 109248K->21824K(109248K), 0.0090206 secs] 217493K->134613K(502464K), 0.0090778 secs] [Times: user=0.03 sys=0.00, real=0.01 secs] 
Heap after GC invocations=293 (full 10):
 par new generation   total 109248K, used 21824K [0x00000007a0000000, 0x00000007a8000000, 0x00000007a8000000)
  eden space 87424K,   0% used [0x00000007a0000000, 0x00000007a0000000, 0x00000007a5560000)
  from space 21824K, 100% used [0x00000007a6ab0000, 0x00000007a8000000, 0x00000007a8000000)
  to   space 21824K,   0% used [0x00000007a5560000, 0x00000007a5560000, 0x00000007a6ab0000)
 concurrent mark-sweep generation total 393216K, used 112789K [0x00000007a8000000, 0x00000007c0000000, 0x00000007c0000000)
 Metaspace       used 35554K, capacity 36128K, committed 36528K, reserved 1081344K
  class space    used 4090K, capacity 4255K, committed 4272K, reserved 1048576K
}
2016-10-23T19:09:31.316+0800: 195.493: Total time for which application threads were stopped: 0.0093251 seconds, Stopping threads took: 0.0000692 seconds
{Heap before GC invocations=293 (full 10):
 par new generation   total 109248K, used 109248K [0x00000007a0000000, 0x00000007a8000000, 0x00000007a8000000)
  eden space 87424K, 100% used [0x00000007a0000000, 0x00000007a5560000, 0x00000007a5560000)
  from space 21824K, 100% used [0x00000007a6ab0000, 0x00000007a8000000, 0x00000007a8000000)
  to   space 21824K,   0% used [0x00000007a5560000, 0x00000007a5560000, 0x00000007a6ab0000)
 concurrent mark-sweep generation total 393216K, used 112789K [0x00000007a8000000, 0x00000007c0000000, 0x00000007c0000000)
 Metaspace       used 35554K, capacity 36128K, committed 36528K, reserved 1081344K
  class space    used 4090K, capacity 4255K, committed 4272K, reserved 1048576K
2016-10-23T19:09:31.382+0800: 195.559: [GC (Allocation Failure) 2016-10-23T19:09:31.382+0800: 195.559: [ParNew
Desired survivor size 20112992 bytes, new threshold 8 (max 8)
- age   1:    2272176 bytes,    2272176 total
- age   2:    4522136 bytes,    6794312 total
- age   3:    6853008 bytes,   13647320 total
- age   4:     545144 bytes,   14192464 total
- age   5:    2118840 bytes,   16311304 total
- age   6:     598064 bytes,   16909368 total
- age   7:     626616 bytes,   17535984 total
- age   8:     593200 bytes,   18129184 total
: 109248K->21824K(109248K), 0.0082885 secs] 222037K->135209K(502464K), 0.0083434 secs] [Times: user=0.03 sys=0.00, real=0.01 secs] 
Heap after GC invocations=294 (full 10):
 par new generation   total 109248K, used 21824K [0x00000007a0000000, 0x00000007a8000000, 0x00000007a8000000)
  eden space 87424K,   0% used [0x00000007a0000000, 0x00000007a0000000, 0x00000007a5560000)
  from space 21824K, 100% used [0x00000007a5560000, 0x00000007a6ab0000, 0x00000007a6ab0000)
  to   space 21824K,   0% used [0x00000007a6ab0000, 0x00000007a6ab0000, 0x00000007a8000000)
 concurrent mark-sweep generation total 393216K, used 113385K [0x00000007a8000000, 0x00000007c0000000, 0x00000007c0000000)
 Metaspace       used 35554K, capacity 36128K, committed 36528K, reserved 1081344K
  class space    used 4090K, capacity 4255K, committed 4272K, reserved 1048576K
}
2016-10-23T19:09:31.391+0800: 195.567: Total time for which application threads were stopped: 0.0085619 seconds, Stopping threads took: 0.0000817 seconds
{Heap before GC invocations=294 (full 10):
 par new generation   total 109248K, used 109248K [0x00000007a0000000, 0x00000007a8000000, 0x00000007a8000000)
  eden space 87424K, 100% used [0x00000007a0000000, 0x00000007a5560000, 0x00000007a5560000)
  from space 21824K, 100% used [0x00000007a5560000, 0x00000007a6ab0000, 0x00000007a6ab0000)
  to   space 21824K,   0% used [0x00000007a6ab0000, 0x00000007a6ab0000, 0x00000007a8000000)
 concurrent mark-sweep generation total 393216K, used 113385K [0x00000007a8000000, 0x00000007c0000000, 0x00000007c0000000)
 Metaspace       used 35554K, capacity 36128K, committed 36528K, reserved 1081344K
  class space    used 4090K, capacity 4255K, committed 4272K, reserved 1048576K
2016-10-23T19:09:31.486+0800: 195.663: [GC (Allocation Failure) 2016-10-23T19:09:31.486+0800: 195.663: [ParNew
Desired survivor size 20112992 bytes, new threshold 8 (max 8)
- age   1:    2711440 bytes,    2711440 total
- age   2:    2242176 bytes,    4953616 total
- age   3:    4522136 bytes,    9475752 total
- age   4:    6853008 bytes,   16328760 total
- age   5:     545000 bytes,   16873760 total
- age   6:     542000 bytes,   17415760 total
- age   7:     598064 bytes,   18013824 total
- age   8:     626616 bytes,   18640440 total
: 109248K->21637K(109248K), 0.0086004 secs] 222633K->139344K(502464K), 0.0086462 secs] [Times: user=0.03 sys=0.00, real=0.01 secs] 
Heap after GC invocations=295 (full 10):
 par new generation   total 109248K, used 21637K [0x00000007a0000000, 0x00000007a8000000, 0x00000007a8000000)
  eden space 87424K,   0% used [0x00000007a0000000, 0x00000007a0000000, 0x00000007a5560000)
  from space 21824K,  99% used [0x00000007a6ab0000, 0x00000007a7fd17c0, 0x00000007a8000000)
  to   space 21824K,   0% used [0x00000007a5560000, 0x00000007a5560000, 0x00000007a6ab0000)
 concurrent mark-sweep generation total 393216K, used 117706K [0x00000007a8000000, 0x00000007c0000000, 0x00000007c0000000)
 Metaspace       used 35554K, capacity 36128K, committed 36528K, reserved 1081344K
  class space    used 4090K, capacity 4255K, committed 4272K, reserved 1048576K
}
2016-10-23T19:09:31.495+0800: 195.672: Total time for which application threads were stopped: 0.0088554 seconds, Stopping threads took: 0.0000619 seconds
{Heap before GC invocations=295 (full 10):
 par new generation   total 109248K, used 109061K [0x00000007a0000000, 0x00000007a8000000, 0x00000007a8000000)
  eden space 87424K, 100% used [0x00000007a0000000, 0x00000007a5560000, 0x00000007a5560000)
  from space 21824K,  99% used [0x00000007a6ab0000, 0x00000007a7fd17c0, 0x00000007a8000000)
  to   space 21824K,   0% used [0x00000007a5560000, 0x00000007a5560000, 0x00000007a6ab0000)
 concurrent mark-sweep generation total 393216K, used 117706K [0x00000007a8000000, 0x00000007c0000000, 0x00000007c0000000)
 Metaspace       used 35554K, capacity 36128K, committed 36528K, reserved 1081344K
  class space    used 4090K, capacity 4255K, committed 4272K, reserved 1048576K
2016-10-23T19:09:31.566+0800: 195.743: [GC (Allocation Failure) 2016-10-23T19:09:31.566+0800: 195.743: [ParNew
Desired survivor size 20112992 bytes, new threshold 8 (max 8)
- age   1:     673920 bytes,     673920 total
- age   2:    2570104 bytes,    3244024 total
- age   3:    2233760 bytes,    5477784 total
- age   4:    4489672 bytes,    9967456 total
- age   5:    6835912 bytes,   16803368 total
- age   6:     535648 bytes,   17339016 total
- age   7:     534112 bytes,   17873128 total
- age   8:     590448 bytes,   18463576 total
: 109061K->21824K(109248K), 0.0100064 secs] 226768K->140359K(502464K), 0.0100880 secs] [Times: user=0.03 sys=0.00, real=0.01 secs] 
Heap after GC invocations=296 (full 10):
 par new generation   total 109248K, used 21824K [0x00000007a0000000, 0x00000007a8000000, 0x00000007a8000000)
  eden space 87424K,   0% used [0x00000007a0000000, 0x00000007a0000000, 0x00000007a5560000)
  from space 21824K, 100% used [0x00000007a5560000, 0x00000007a6ab0000, 0x00000007a6ab0000)
  to   space 21824K,   0% used [0x00000007a6ab0000, 0x00000007a6ab0000, 0x00000007a8000000)
 concurrent mark-sweep generation total 393216K, used 118535K [0x00000007a8000000, 0x00000007c0000000, 0x00000007c0000000)
 Metaspace       used 35554K, capacity 36128K, committed 36528K, reserved 1081344K
  class space    used 4090K, capacity 4255K, committed 4272K, reserved 1048576K
}
2016-10-23T19:09:31.576+0800: 195.753: Total time for which application threads were stopped: 0.0104044 seconds, Stopping threads took: 0.0001317 seconds
{Heap before GC invocations=296 (full 10):
 par new generation   total 109248K, used 109248K [0x00000007a0000000, 0x00000007a8000000, 0x00000007a8000000)
  eden space 87424K, 100% used [0x00000007a0000000, 0x00000007a5560000, 0x00000007a5560000)
  from space 21824K, 100% used [0x00000007a5560000, 0x00000007a6ab0000, 0x00000007a6ab0000)
  to   space 21824K,   0% used [0x00000007a6ab0000, 0x00000007a6ab0000, 0x00000007a8000000)
 concurrent mark-sweep generation total 393216K, used 118535K [0x00000007a8000000, 0x00000007c0000000, 0x00000007c0000000)
 Metaspace       used 35554K, capacity 36128K, committed 36528K, reserved 1081344K
  class space    used 4090K, capacity 4255K, committed 4272K, reserved 1048576K
2016-10-23T19:09:31.646+0800: 195.823: [GC (Allocation Failure) 2016-10-23T19:09:31.646+0800: 195.823: [ParNew
Desired survivor size 20112992 bytes, new threshold 8 (max 8)
- age   1:    5149672 bytes,    5149672 total
- age   2:     629824 bytes,    5779496 total
- age   3:    2552448 bytes,    8331944 total
- age   4:    1695176 bytes,   10027120 total
- age   5:    4354024 bytes,   14381144 total
- age   6:    2988800 bytes,   17369944 total
- age   7:     524776 bytes,   17894720 total
- age   8:     522736 bytes,   18417456 total
: 109248K->21824K(109248K), 0.0071900 secs] 227783K->141717K(502464K), 0.0072558 secs] [Times: user=0.02 sys=0.00, real=0.01 secs] 
Heap after GC invocations=297 (full 10):
 par new generation   total 109248K, used 21824K [0x00000007a0000000, 0x00000007a8000000, 0x00000007a8000000)
  eden space 87424K,   0% used [0x00000007a0000000, 0x00000007a0000000, 0x00000007a5560000)
  from space 21824K, 100% used [0x00000007a6ab0000, 0x00000007a8000000, 0x00000007a8000000)
  to   space 21824K,   0% used [0x00000007a5560000, 0x00000007a5560000, 0x00000007a6ab0000)
 concurrent mark-sweep generation total 393216K, used 119893K [0x00000007a8000000, 0x00000007c0000000, 0x00000007c0000000)
 Metaspace       used 35554K, capacity 36128K, committed 36528K, reserved 1081344K
  class space    used 4090K, capacity 4255K, committed 4272K, reserved 1048576K
}
2016-10-23T19:09:31.654+0800: 195.830: Total time for which application threads were stopped: 0.0075033 seconds, Stopping threads took: 0.0000797 seconds
{Heap before GC invocations=297 (full 10):
 par new generation   total 109248K, used 109248K [0x00000007a0000000, 0x00000007a8000000, 0x00000007a8000000)
  eden space 87424K, 100% used [0x00000007a0000000, 0x00000007a5560000, 0x00000007a5560000)
  from space 21824K, 100% used [0x00000007a6ab0000, 0x00000007a8000000, 0x00000007a8000000)
  to   space 21824K,   0% used [0x00000007a5560000, 0x00000007a5560000, 0x00000007a6ab0000)
 concurrent mark-sweep generation total 393216K, used 119893K [0x00000007a8000000, 0x00000007c0000000, 0x00000007c0000000)
 Metaspace       used 35554K, capacity 36128K, committed 36528K, reserved 1081344K
  class space    used 4090K, capacity 4255K, committed 4272K, reserved 1048576K
2016-10-23T19:09:31.722+0800: 195.899: [GC (Allocation Failure) 2016-10-23T19:09:31.722+0800: 195.899: [ParNew
Desired survivor size 20112992 bytes, new threshold 8 (max 8)
- age   1:    3225008 bytes,    3225008 total
- age   2:    5096504 bytes,    8321512 total
- age   3:     615024 bytes,    8936536 total
- age   4:    2533712 bytes,   11470248 total
- age   5:    1681448 bytes,   13151696 total
- age   6:    4200544 bytes,   17352240 total
- age   7:    1276736 bytes,   18628976 total
- age   8:     509008 bytes,   19137984 total
: 109248K->21824K(109248K), 0.0074460 secs] 229141K->142412K(502464K), 0.0075067 secs] [Times: user=0.03 sys=0.00, real=0.01 secs] 
Heap after GC invocations=298 (full 10):
 par new generation   total 109248K, used 21824K [0x00000007a0000000, 0x00000007a8000000, 0x00000007a8000000)
  eden space 87424K,   0% used [0x00000007a0000000, 0x00000007a0000000, 0x00000007a5560000)
  from space 21824K, 100% used [0x00000007a5560000, 0x00000007a6ab0000, 0x00000007a6ab0000)
  to   space 21824K,   0% used [0x00000007a6ab0000, 0x00000007a6ab0000, 0x00000007a8000000)
 concurrent mark-sweep generation total 393216K, used 120588K [0x00000007a8000000, 0x00000007c0000000, 0x00000007c0000000)
 Metaspace       used 35554K, capacity 36128K, committed 36528K, reserved 1081344K
  class space    used 4090K, capacity 4255K, committed 4272K, reserved 1048576K
}
2016-10-23T19:09:31.730+0800: 195.906: Total time for which application threads were stopped: 0.0077571 seconds, Stopping threads took: 0.0000815 seconds
{Heap before GC invocations=298 (full 10):
 par new generation   total 109248K, used 109248K [0x00000007a0000000, 0x00000007a8000000, 0x00000007a8000000)
  eden space 87424K, 100% used [0x00000007a0000000, 0x00000007a5560000, 0x00000007a5560000)
  from space 21824K, 100% used [0x00000007a5560000, 0x00000007a6ab0000, 0x00000007a6ab0000)
  to   space 21824K,   0% used [0x00000007a6ab0000, 0x00000007a6ab0000, 0x00000007a8000000)
 concurrent mark-sweep generation total 393216K, used 120588K [0x00000007a8000000, 0x00000007c0000000, 0x00000007c0000000)
 Metaspace       used 35554K, capacity 36128K, committed 36528K, reserved 1081344K
  class space    used 4090K, capacity 4255K, committed 4272K, reserved 1048576K
2016-10-23T19:09:31.801+0800: 195.977: [GC (Allocation Failure) 2016-10-23T19:09:31.801+0800: 195.977: [ParNew
Desired survivor size 20112992 bytes, new threshold 8 (max 8)
- age   1:    1171320 bytes,    1171320 total
- age   2:    3169208 bytes,    4340528 total
- age   3:    5072448 bytes,    9412976 total
- age   4:     589264 bytes,   10002240 total
- age   5:    1749368 bytes,   11751608 total
- age   6:    1659192 bytes,   13410800 total
- age   7:    3845400 bytes,   17256200 total
- age   8:    1275920 bytes,   18532120 total
: 109248K->21824K(109248K), 0.0068398 secs] 229836K->143671K(502464K), 0.0069067 secs] [Times: user=0.02 sys=0.01, real=0.00 secs] 
Heap after GC invocations=299 (full 10):
 par new generation   total 109248K, used 21824K [0x00000007a0000000, 0x00000007a8000000, 0x00000007a8000000)
  eden space 87424K,   0% used [0x00000007a0000000, 0x00000007a0000000, 0x00000007a5560000)
  from space 21824K, 100% used [0x00000007a6ab0000, 0x00000007a8000000, 0x00000007a8000000)
  to   space 21824K,   0% used [0x00000007a5560000, 0x00000007a5560000, 0x00000007a6ab0000)
 concurrent mark-sweep generation total 393216K, used 121847K [0x00000007a8000000, 0x00000007c0000000, 0x00000007c0000000)
 Metaspace       used 35554K, capacity 36128K, committed 36528K, reserved 1081344K
  class space    used 4090K, capacity 4255K, committed 4272K, reserved 1048576K
}
2016-10-23T19:09:31.807+0800: 195.984: Total time for which application threads were stopped: 0.0072304 seconds, Stopping threads took: 0.0001128 seconds
{Heap before GC invocations=299 (full 10):
 par new generation   total 109248K, used 109248K [0x00000007a0000000, 0x00000007a8000000, 0x00000007a8000000)
  eden space 87424K, 100% used [0x00000007a0000000, 0x00000007a5560000, 0x00000007a5560000)
  from space 21824K, 100% used [0x00000007a6ab0000, 0x00000007a8000000, 0x00000007a8000000)
  to   space 21824K,   0% used [0x00000007a5560000, 0x00000007a5560000, 0x00000007a6ab0000)
 concurrent mark-sweep generation total 393216K, used 121847K [0x00000007a8000000, 0x00000007c0000000, 0x00000007c0000000)
 Metaspace       used 35554K, capacity 36128K, committed 36528K, reserved 1081344K
  class space    used 4090K, capacity 4255K, committed 4272K, reserved 1048576K
2016-10-23T19:09:31.888+0800: 196.065: [GC (Allocation Failure) 2016-10-23T19:09:31.888+0800: 196.065: [ParNew
Desired survivor size 20112992 bytes, new threshold 8 (max 8)
- age   1:    1453152 bytes,    1453152 total
- age   2:    1131592 bytes,    2584744 total
- age   3:    3156256 bytes,    5741000 total
- age   4:    5063432 bytes,   10804432 total
- age   5:     582944 bytes,   11387376 total
- age   6:    1741808 bytes,   13129184 total
- age   7:    1653456 bytes,   14782640 total
- age   8:    3278080 bytes,   18060720 total
: 109248K->21824K(109248K), 0.0074243 secs] 231095K->145067K(502464K), 0.0074962 secs] [Times: user=0.03 sys=0.00, real=0.01 secs] 
Heap after GC invocations=300 (full 10):
 par new generation   total 109248K, used 21824K [0x00000007a0000000, 0x00000007a8000000, 0x00000007a8000000)
  eden space 87424K,   0% used [0x00000007a0000000, 0x00000007a0000000, 0x00000007a5560000)
  from space 21824K, 100% used [0x00000007a5560000, 0x00000007a6ab0000, 0x00000007a6ab0000)
  to   space 21824K,   0% used [0x00000007a6ab0000, 0x00000007a6ab0000, 0x00000007a8000000)
 concurrent mark-sweep generation total 393216K, used 123243K [0x00000007a8000000, 0x00000007c0000000, 0x00000007c0000000)
 Metaspace       used 35554K, capacity 36128K, committed 36528K, reserved 1081344K
  class space    used 4090K, capacity 4255K, committed 4272K, reserved 1048576K
}
2016-10-23T19:09:31.896+0800: 196.072: Total time for which application threads were stopped: 0.0077631 seconds, Stopping threads took: 0.0000906 seconds
{Heap before GC invocations=300 (full 10):
 par new generation   total 109248K, used 109248K [0x00000007a0000000, 0x00000007a8000000, 0x00000007a8000000)
  eden space 87424K, 100% used [0x00000007a0000000, 0x00000007a5560000, 0x00000007a5560000)
  from space 21824K, 100% used [0x00000007a5560000, 0x00000007a6ab0000, 0x00000007a6ab0000)
  to   space 21824K,   0% used [0x00000007a6ab0000, 0x00000007a6ab0000, 0x00000007a8000000)
 concurrent mark-sweep generation total 393216K, used 123243K [0x00000007a8000000, 0x00000007c0000000, 0x00000007c0000000)
 Metaspace       used 35554K, capacity 36128K, committed 36528K, reserved 1081344K
  class space    used 4090K, capacity 4255K, committed 4272K, reserved 1048576K
2016-10-23T19:09:31.977+0800: 196.153: [GC (Allocation Failure) 2016-10-23T19:09:31.977+0800: 196.153: [ParNew
Desired survivor size 20112992 bytes, new threshold 8 (max 8)
- age   1:     885888 bytes,     885888 total
- age   2:    1400632 bytes,    2286520 total
- age   3:    1131592 bytes,    3418112 total
- age   4:    3155896 bytes,    6574008 total
- age   5:    5063280 bytes,   11637288 total
- age   6:     582944 bytes,   12220232 total
- age   7:    1741808 bytes,   13962040 total
- age   8:    1653456 bytes,   15615496 total
: 109248K->21801K(109248K), 0.0069781 secs] 232491K->148271K(502464K), 0.0070404 secs] [Times: user=0.02 sys=0.00, real=0.01 secs] 
Heap after GC invocations=301 (full 10):
 par new generation   total 109248K, used 21801K [0x00000007a0000000, 0x00000007a8000000, 0x00000007a8000000)
  eden space 87424K,   0% used [0x00000007a0000000, 0x00000007a0000000, 0x00000007a5560000)
  from space 21824K,  99% used [0x00000007a6ab0000, 0x00000007a7ffa7f0, 0x00000007a8000000)
  to   space 21824K,   0% used [0x00000007a5560000, 0x00000007a5560000, 0x00000007a6ab0000)
 concurrent mark-sweep generation total 393216K, used 126469K [0x00000007a8000000, 0x00000007c0000000, 0x00000007c0000000)
 Metaspace       used 35554K, capacity 36128K, committed 36528K, reserved 1081344K
  class space    used 4090K, capacity 4255K, committed 4272K, reserved 1048576K
}
2016-10-23T19:09:31.984+0800: 196.160: Total time for which application threads were stopped: 0.0072978 seconds, Stopping threads took: 0.0000943 seconds
{Heap before GC invocations=301 (full 10):
 par new generation   total 109248K, used 109225K [0x00000007a0000000, 0x00000007a8000000, 0x00000007a8000000)
  eden space 87424K, 100% used [0x00000007a0000000, 0x00000007a5560000, 0x00000007a5560000)
  from space 21824K,  99% used [0x00000007a6ab0000, 0x00000007a7ffa7f0, 0x00000007a8000000)
  to   space 21824K,   0% used [0x00000007a5560000, 0x00000007a5560000, 0x00000007a6ab0000)
 concurrent mark-sweep generation total 393216K, used 126469K [0x00000007a8000000, 0x00000007c0000000, 0x00000007c0000000)
 Metaspace       used 35554K, capacity 36128K, committed 36528K, reserved 1081344K
  class space    used 4090K, capacity 4255K, committed 4272K, reserved 1048576K
2016-10-23T19:09:32.069+0800: 196.246: [GC (Allocation Failure) 2016-10-23T19:09:32.069+0800: 196.246: [ParNew
Desired survivor size 20112992 bytes, new threshold 8 (max 8)
- age   1:    2332496 bytes,    2332496 total
- age   2:     845768 bytes,    3178264 total
- age   3:    1400632 bytes,    4578896 total
- age   4:    1131592 bytes,    5710488 total
- age   5:    3155344 bytes,    8865832 total
- age   6:    5062624 bytes,   13928456 total
- age   7:     582944 bytes,   14511400 total
- age   8:    1516472 bytes,   16027872 total
: 109225K->21375K(109248K), 0.0066940 secs] 235695K->148444K(502464K), 0.0067426 secs] [Times: user=0.02 sys=0.00, real=0.01 secs] 
Heap after GC invocations=302 (full 10):
 par new generation   total 109248K, used 21375K [0x00000007a0000000, 0x00000007a8000000, 0x00000007a8000000)
  eden space 87424K,   0% used [0x00000007a0000000, 0x00000007a0000000, 0x00000007a5560000)
  from space 21824K,  97% used [0x00000007a5560000, 0x00000007a6a3ff18, 0x00000007a6ab0000)
  to   space 21824K,   0% used [0x00000007a6ab0000, 0x00000007a6ab0000, 0x00000007a8000000)
 concurrent mark-sweep generation total 393216K, used 127069K [0x00000007a8000000, 0x00000007c0000000, 0x00000007c0000000)
 Metaspace       used 35554K, capacity 36128K, committed 36528K, reserved 1081344K
  class space    used 4090K, capacity 4255K, committed 4272K, reserved 1048576K
}
2016-10-23T19:09:32.076+0800: 196.252: Total time for which application threads were stopped: 0.0069665 seconds, Stopping threads took: 0.0000547 seconds
{Heap before GC invocations=302 (full 10):
 par new generation   total 109248K, used 108799K [0x00000007a0000000, 0x00000007a8000000, 0x00000007a8000000)
  eden space 87424K, 100% used [0x00000007a0000000, 0x00000007a5560000, 0x00000007a5560000)
  from space 21824K,  97% used [0x00000007a5560000, 0x00000007a6a3ff18, 0x00000007a6ab0000)
  to   space 21824K,   0% used [0x00000007a6ab0000, 0x00000007a6ab0000, 0x00000007a8000000)
 concurrent mark-sweep generation total 393216K, used 127069K [0x00000007a8000000, 0x00000007c0000000, 0x00000007c0000000)
 Metaspace       used 35554K, capacity 36128K, committed 36528K, reserved 1081344K
  class space    used 4090K, capacity 4255K, committed 4272K, reserved 1048576K
2016-10-23T19:09:32.152+0800: 196.329: [GC (Allocation Failure) 2016-10-23T19:09:32.152+0800: 196.329: [ParNew
Desired survivor size 20112992 bytes, new threshold 7 (max 8)
- age   1:    7252440 bytes,    7252440 total
- age   2:    2242632 bytes,    9495072 total
- age   3:     808136 bytes,   10303208 total
- age   4:    1366544 bytes,   11669752 total
- age   5:    1106336 bytes,   12776088 total
- age   6:    3150472 bytes,   15926560 total
- age   7:    5058528 bytes,   20985088 total
- age   8:     578712 bytes,   21563800 total
: 108799K->21824K(109248K), 0.0071232 secs] 235868K->149684K(502464K), 0.0071778 secs] [Times: user=0.03 sys=0.00, real=0.00 secs] 
Heap after GC invocations=303 (full 10):
 par new generation   total 109248K, used 21824K [0x00000007a0000000, 0x00000007a8000000, 0x00000007a8000000)
  eden space 87424K,   0% used [0x00000007a0000000, 0x00000007a0000000, 0x00000007a5560000)
  from space 21824K, 100% used [0x00000007a6ab0000, 0x00000007a8000000, 0x00000007a8000000)
  to   space 21824K,   0% used [0x00000007a5560000, 0x00000007a5560000, 0x00000007a6ab0000)
 concurrent mark-sweep generation total 393216K, used 127860K [0x00000007a8000000, 0x00000007c0000000, 0x00000007c0000000)
 Metaspace       used 35554K, capacity 36128K, committed 36528K, reserved 1081344K
  class space    used 4090K, capacity 4255K, committed 4272K, reserved 1048576K
}
2016-10-23T19:09:32.159+0800: 196.336: Total time for which application threads were stopped: 0.0073836 seconds, Stopping threads took: 0.0000607 seconds
{Heap before GC invocations=303 (full 10):
 par new generation   total 109248K, used 109248K [0x00000007a0000000, 0x00000007a8000000, 0x00000007a8000000)
  eden space 87424K, 100% used [0x00000007a0000000, 0x00000007a5560000, 0x00000007a5560000)
  from space 21824K, 100% used [0x00000007a6ab0000, 0x00000007a8000000, 0x00000007a8000000)
  to   space 21824K,   0% used [0x00000007a5560000, 0x00000007a5560000, 0x00000007a6ab0000)
 concurrent mark-sweep generation total 393216K, used 127860K [0x00000007a8000000, 0x00000007c0000000, 0x00000007c0000000)
 Metaspace       used 35554K, capacity 36128K, committed 36528K, reserved 1081344K
  class space    used 4090K, capacity 4255K, committed 4272K, reserved 1048576K
2016-10-23T19:09:32.280+0800: 196.457: [GC (Allocation Failure) 2016-10-23T19:09:32.280+0800: 196.457: [ParNew
Desired survivor size 20112992 bytes, new threshold 8 (max 8)
- age   1:    1154272 bytes,    1154272 total
- age   2:    7187832 bytes,    8342104 total
- age   3:    2242656 bytes,   10584760 total
- age   4:     808160 bytes,   11392920 total
- age   5:    1366544 bytes,   12759464 total
- age   6:    1106336 bytes,   13865800 total
- age   7:    3150472 bytes,   17016272 total
: 109248K->20007K(109248K), 0.0104895 secs] 237108K->153387K(502464K), 0.0105477 secs] [Times: user=0.04 sys=0.00, real=0.01 secs] 
Heap after GC invocations=304 (full 10):
 par new generation   total 109248K, used 20007K [0x00000007a0000000, 0x00000007a8000000, 0x00000007a8000000)
  eden space 87424K,   0% used [0x00000007a0000000, 0x00000007a0000000, 0x00000007a5560000)
  from space 21824K,  91% used [0x00000007a5560000, 0x00000007a68e9f38, 0x00000007a6ab0000)
  to   space 21824K,   0% used [0x00000007a6ab0000, 0x00000007a6ab0000, 0x00000007a8000000)
 concurrent mark-sweep generation total 393216K, used 133380K [0x00000007a8000000, 0x00000007c0000000, 0x00000007c0000000)
 Metaspace       used 35554K, capacity 36128K, committed 36528K, reserved 1081344K
  class space    used 4090K, capacity 4255K, committed 4272K, reserved 1048576K
}
2016-10-23T19:09:32.291+0800: 196.467: Total time for which application threads were stopped: 0.0107158 seconds, Stopping threads took: 0.0000187 seconds
{Heap before GC invocations=304 (full 10):
 par new generation   total 109248K, used 107431K [0x00000007a0000000, 0x00000007a8000000, 0x00000007a8000000)
  eden space 87424K, 100% used [0x00000007a0000000, 0x00000007a5560000, 0x00000007a5560000)
  from space 21824K,  91% used [0x00000007a5560000, 0x00000007a68e9f38, 0x00000007a6ab0000)
  to   space 21824K,   0% used [0x00000007a6ab0000, 0x00000007a6ab0000, 0x00000007a8000000)
 concurrent mark-sweep generation total 393216K, used 133380K [0x00000007a8000000, 0x00000007c0000000, 0x00000007c0000000)
 Metaspace       used 35554K, capacity 36128K, committed 36528K, reserved 1081344K
  class space    used 4090K, capacity 4255K, committed 4272K, reserved 1048576K
2016-10-23T19:09:32.421+0800: 196.598: [GC (Allocation Failure) 2016-10-23T19:09:32.421+0800: 196.598: [ParNew
Desired survivor size 20112992 bytes, new threshold 6 (max 8)
- age   1:    7650064 bytes,    7650064 total
- age   2:    1029824 bytes,    8679888 total
- age   3:    7147952 bytes,   15827840 total
- age   4:    2226592 bytes,   18054432 total
- age   5:     795744 bytes,   18850176 total
- age   6:    1352824 bytes,   20203000 total
- age   7:    1096560 bytes,   21299560 total
- age   8:     639656 bytes,   21939216 total
: 107431K->21824K(109248K), 0.0073273 secs] 240811K->156418K(502464K), 0.0073850 secs] [Times: user=0.03 sys=0.00, real=0.00 secs] 
Heap after GC invocations=305 (full 10):
 par new generation   total 109248K, used 21824K [0x00000007a0000000, 0x00000007a8000000, 0x00000007a8000000)
  eden space 87424K,   0% used [0x00000007a0000000, 0x00000007a0000000, 0x00000007a5560000)
  from space 21824K, 100% used [0x00000007a6ab0000, 0x00000007a8000000, 0x00000007a8000000)
  to   space 21824K,   0% used [0x00000007a5560000, 0x00000007a5560000, 0x00000007a6ab0000)
 concurrent mark-sweep generation total 393216K, used 134594K [0x00000007a8000000, 0x00000007c0000000, 0x00000007c0000000)
 Metaspace       used 35554K, capacity 36128K, committed 36528K, reserved 1081344K
  class space    used 4090K, capacity 4255K, committed 4272K, reserved 1048576K
}
2016-10-23T19:09:32.429+0800: 196.605: Total time for which application threads were stopped: 0.0075402 seconds, Stopping threads took: 0.0000205 seconds
{Heap before GC invocations=305 (full 10):
 par new generation   total 109248K, used 109248K [0x00000007a0000000, 0x00000007a8000000, 0x00000007a8000000)
  eden space 87424K, 100% used [0x00000007a0000000, 0x00000007a5560000, 0x00000007a5560000)
  from space 21824K, 100% used [0x00000007a6ab0000, 0x00000007a8000000, 0x00000007a8000000)
  to   space 21824K,   0% used [0x00000007a5560000, 0x00000007a5560000, 0x00000007a6ab0000)
 concurrent mark-sweep generation total 393216K, used 134594K [0x00000007a8000000, 0x00000007c0000000, 0x00000007c0000000)
 Metaspace       used 35554K, capacity 36128K, committed 36528K, reserved 1081344K
  class space    used 4090K, capacity 4255K, committed 4272K, reserved 1048576K
2016-10-23T19:09:32.545+0800: 196.722: [GC (Allocation Failure) 2016-10-23T19:09:32.545+0800: 196.722: [ParNew
Desired survivor size 20112992 bytes, new threshold 6 (max 8)
- age   1:    2074032 bytes,    2074032 total
- age   2:    7568056 bytes,    9642088 total
- age   3:     958600 bytes,   10600688 total
- age   4:    6900424 bytes,   17501112 total
- age   5:    2213352 bytes,   19714464 total
- age   6:     782688 bytes,   20497152 total
: 109248K->21824K(109248K), 0.0107940 secs] 243842K->159083K(502464K), 0.0108531 secs] [Times: user=0.04 sys=0.01, real=0.01 secs] 
Heap after GC invocations=306 (full 10):
 par new generation   total 109248K, used 21824K [0x00000007a0000000, 0x00000007a8000000, 0x00000007a8000000)
  eden space 87424K,   0% used [0x00000007a0000000, 0x00000007a0000000, 0x00000007a5560000)
  from space 21824K, 100% used [0x00000007a5560000, 0x00000007a6ab0000, 0x00000007a6ab0000)
  to   space 21824K,   0% used [0x00000007a6ab0000, 0x00000007a6ab0000, 0x00000007a8000000)
 concurrent mark-sweep generation total 393216K, used 137259K [0x00000007a8000000, 0x00000007c0000000, 0x00000007c0000000)
 Metaspace       used 35554K, capacity 36128K, committed 36528K, reserved 1081344K
  class space    used 4090K, capacity 4255K, committed 4272K, reserved 1048576K
}
2016-10-23T19:09:32.556+0800: 196.733: Total time for which application threads were stopped: 0.0110592 seconds, Stopping threads took: 0.0000649 seconds
{Heap before GC invocations=306 (full 10):
 par new generation   total 109248K, used 109248K [0x00000007a0000000, 0x00000007a8000000, 0x00000007a8000000)
  eden space 87424K, 100% used [0x00000007a0000000, 0x00000007a5560000, 0x00000007a5560000)
  from space 21824K, 100% used [0x00000007a5560000, 0x00000007a6ab0000, 0x00000007a6ab0000)
  to   space 21824K,   0% used [0x00000007a6ab0000, 0x00000007a6ab0000, 0x00000007a8000000)
 concurrent mark-sweep generation total 393216K, used 137259K [0x00000007a8000000, 0x00000007c0000000, 0x00000007c0000000)
 Metaspace       used 35554K, capacity 36128K, committed 36528K, reserved 1081344K
  class space    used 4090K, capacity 4255K, committed 4272K, reserved 1048576K
2016-10-23T19:09:32.672+0800: 196.849: [GC (Allocation Failure) 2016-10-23T19:09:32.672+0800: 196.849: [ParNew
Desired survivor size 20112992 bytes, new threshold 8 (max 8)
- age   1:    1231752 bytes,    1231752 total
- age   2:    1890792 bytes,    3122544 total
- age   3:    7303272 bytes,   10425816 total
- age   4:     958600 bytes,   11384416 total
- age   5:    5180712 bytes,   16565128 total
- age   6:    2213352 bytes,   18778480 total
: 109248K->21824K(109248K), 0.0073275 secs] 246507K->161799K(502464K), 0.0073785 secs] [Times: user=0.03 sys=0.00, real=0.01 secs] 
Heap after GC invocations=307 (full 10):
 par new generation   total 109248K, used 21824K [0x00000007a0000000, 0x00000007a8000000, 0x00000007a8000000)
  eden space 87424K,   0% used [0x00000007a0000000, 0x00000007a0000000, 0x00000007a5560000)
  from space 21824K, 100% used [0x00000007a6ab0000, 0x00000007a8000000, 0x00000007a8000000)
  to   space 21824K,   0% used [0x00000007a5560000, 0x00000007a5560000, 0x00000007a6ab0000)
 concurrent mark-sweep generation total 393216K, used 139975K [0x00000007a8000000, 0x00000007c0000000, 0x00000007c0000000)
 Metaspace       used 35554K, capacity 36128K, committed 36528K, reserved 1081344K
  class space    used 4090K, capacity 4255K, committed 4272K, reserved 1048576K
}
2016-10-23T19:09:32.680+0800: 196.856: Total time for which application threads were stopped: 0.0076128 seconds, Stopping threads took: 0.0000926 seconds
{Heap before GC invocations=307 (full 10):
 par new generation   total 109248K, used 109248K [0x00000007a0000000, 0x00000007a8000000, 0x00000007a8000000)
  eden space 87424K, 100% used [0x00000007a0000000, 0x00000007a5560000, 0x00000007a5560000)
  from space 21824K, 100% used [0x00000007a6ab0000, 0x00000007a8000000, 0x00000007a8000000)
  to   space 21824K,   0% used [0x00000007a5560000, 0x00000007a5560000, 0x00000007a6ab0000)
 concurrent mark-sweep generation total 393216K, used 139975K [0x00000007a8000000, 0x00000007c0000000, 0x00000007c0000000)
 Metaspace       used 35554K, capacity 36128K, committed 36528K, reserved 1081344K
  class space    used 4090K, capacity 4255K, committed 4272K, reserved 1048576K
2016-10-23T19:09:32.817+0800: 196.994: [GC (Allocation Failure) 2016-10-23T19:09:32.817+0800: 196.994: [ParNew
Desired survivor size 20112992 bytes, new threshold 8 (max 8)
- age   1:    1290072 bytes,    1290072 total
- age   2:    1202440 bytes,    2492512 total
- age   3:    1880448 bytes,    4372960 total
- age   4:    7296144 bytes,   11669104 total
- age   5:     947096 bytes,   12616200 total
- age   6:    5177000 bytes,   17793200 total
- age   7:    2207976 bytes,   20001176 total
: 109248K->21824K(109248K), 0.0072030 secs] 249223K->161878K(502464K), 0.0072875 secs] [Times: user=0.02 sys=0.00, real=0.01 secs] 
Heap after GC invocations=308 (full 10):
 par new generation   total 109248K, used 21824K [0x00000007a0000000, 0x00000007a8000000, 0x00000007a8000000)
  eden space 87424K,   0% used [0x00000007a0000000, 0x00000007a0000000, 0x00000007a5560000)
  from space 21824K, 100% used [0x00000007a5560000, 0x00000007a6ab0000, 0x00000007a6ab0000)
  to   space 21824K,   0% used [0x00000007a6ab0000, 0x00000007a6ab0000, 0x00000007a8000000)
 concurrent mark-sweep generation total 393216K, used 140054K [0x00000007a8000000, 0x00000007c0000000, 0x00000007c0000000)
 Metaspace       used 35554K, capacity 36128K, committed 36528K, reserved 1081344K
  class space    used 4090K, capacity 4255K, committed 4272K, reserved 1048576K
}
2016-10-23T19:09:32.824+0800: 197.001: Total time for which application threads were stopped: 0.0075095 seconds, Stopping threads took: 0.0000710 seconds
{Heap before GC invocations=308 (full 10):
 par new generation   total 109248K, used 109248K [0x00000007a0000000, 0x00000007a8000000, 0x00000007a8000000)
  eden space 87424K, 100% used [0x00000007a0000000, 0x00000007a5560000, 0x00000007a5560000)
  from space 21824K, 100% used [0x00000007a5560000, 0x00000007a6ab0000, 0x00000007a6ab0000)
  to   space 21824K,   0% used [0x00000007a6ab0000, 0x00000007a6ab0000, 0x00000007a8000000)
 concurrent mark-sweep generation total 393216K, used 140054K [0x00000007a8000000, 0x00000007c0000000, 0x00000007c0000000)
 Metaspace       used 35554K, capacity 36128K, committed 36528K, reserved 1081344K
  class space    used 4090K, capacity 4255K, committed 4272K, reserved 1048576K
2016-10-23T19:09:32.944+0800: 197.120: [GC (Allocation Failure) 2016-10-23T19:09:32.944+0800: 197.120: [ParNew
Desired survivor size 20112992 bytes, new threshold 8 (max 8)
- age   1:    2907024 bytes,    2907024 total
- age   2:    1225720 bytes,    4132744 total
- age   3:    1202248 bytes,    5334992 total
- age   4:    1880448 bytes,    7215440 total
- age   5:    7296144 bytes,   14511584 total
- age   6:     947096 bytes,   15458680 total
- age   7:    4317144 bytes,   19775824 total
- age   8:     777584 bytes,   20553408 total
: 109248K->21824K(109248K), 0.0095734 secs] 249302K->162718K(502464K), 0.0096715 secs] [Times: user=0.03 sys=0.00, real=0.01 secs] 
Heap after GC invocations=309 (full 10):
 par new generation   total 109248K, used 21824K [0x00000007a0000000, 0x00000007a8000000, 0x00000007a8000000)
  eden space 87424K,   0% used [0x00000007a0000000, 0x00000007a0000000, 0x00000007a5560000)
  from space 21824K, 100% used [0x00000007a6ab0000, 0x00000007a8000000, 0x00000007a8000000)
  to   space 21824K,   0% used [0x00000007a5560000, 0x00000007a5560000, 0x00000007a6ab0000)
 concurrent mark-sweep generation total 393216K, used 140894K [0x00000007a8000000, 0x00000007c0000000, 0x00000007c0000000)
 Metaspace       used 35554K, capacity 36128K, committed 36528K, reserved 1081344K
  class space    used 4090K, capacity 4255K, committed 4272K, reserved 1048576K
}
2016-10-23T19:09:32.953+0800: 197.130: Total time for which application threads were stopped: 0.0099143 seconds, Stopping threads took: 0.0000209 seconds
{Heap before GC invocations=309 (full 10):
 par new generation   total 109248K, used 109248K [0x00000007a0000000, 0x00000007a8000000, 0x00000007a8000000)
  eden space 87424K, 100% used [0x00000007a0000000, 0x00000007a5560000, 0x00000007a5560000)
  from space 21824K, 100% used [0x00000007a6ab0000, 0x00000007a8000000, 0x00000007a8000000)
  to   space 21824K,   0% used [0x00000007a5560000, 0x00000007a5560000, 0x00000007a6ab0000)
 concurrent mark-sweep generation total 393216K, used 140894K [0x00000007a8000000, 0x00000007c0000000, 0x00000007c0000000)
 Metaspace       used 35554K, capacity 36128K, committed 36528K, reserved 1081344K
  class space    used 4090K, capacity 4255K, committed 4272K, reserved 1048576K
2016-10-23T19:09:33.087+0800: 197.264: [GC (Allocation Failure) 2016-10-23T19:09:33.087+0800: 197.264: [ParNew
Desired survivor size 20112992 bytes, new threshold 8 (max 8)
- age   1:    5973256 bytes,    5973256 total
- age   2:    2747280 bytes,    8720536 total
- age   3:    1063768 bytes,    9784304 total
- age   4:    1102184 bytes,   10886488 total
- age   5:    1642056 bytes,   12528544 total
- age   6:    5822304 bytes,   18350848 total
- age   7:     921344 bytes,   19272192 total
- age   8:     857840 bytes,   20130032 total
: 109248K->21824K(109248K), 0.0102545 secs] 250142K->169570K(502464K), 0.0104000 secs] [Times: user=0.03 sys=0.00, real=0.01 secs] 
Heap after GC invocations=310 (full 10):
 par new generation   total 109248K, used 21824K [0x00000007a0000000, 0x00000007a8000000, 0x00000007a8000000)
  eden space 87424K,   0% used [0x00000007a0000000, 0x00000007a0000000, 0x00000007a5560000)
  from space 21824K, 100% used [0x00000007a5560000, 0x00000007a6ab0000, 0x00000007a6ab0000)
  to   space 21824K,   0% used [0x00000007a6ab0000, 0x00000007a6ab0000, 0x00000007a8000000)
 concurrent mark-sweep generation total 393216K, used 147746K [0x00000007a8000000, 0x00000007c0000000, 0x00000007c0000000)
 Metaspace       used 35554K, capacity 36128K, committed 36528K, reserved 1081344K
  class space    used 4090K, capacity 4255K, committed 4272K, reserved 1048576K
}
2016-10-23T19:09:33.098+0800: 197.274: Total time for which application threads were stopped: 0.0109171 seconds, Stopping threads took: 0.0001765 seconds
{Heap before GC invocations=310 (full 10):
 par new generation   total 109248K, used 109248K [0x00000007a0000000, 0x00000007a8000000, 0x00000007a8000000)
  eden space 87424K, 100% used [0x00000007a0000000, 0x00000007a5560000, 0x00000007a5560000)
  from space 21824K, 100% used [0x00000007a5560000, 0x00000007a6ab0000, 0x00000007a6ab0000)
  to   space 21824K,   0% used [0x00000007a6ab0000, 0x00000007a6ab0000, 0x00000007a8000000)
 concurrent mark-sweep generation total 393216K, used 147746K [0x00000007a8000000, 0x00000007c0000000, 0x00000007c0000000)
 Metaspace       used 35554K, capacity 36128K, committed 36528K, reserved 1081344K
  class space    used 4090K, capacity 4255K, committed 4272K, reserved 1048576K
2016-10-23T19:09:33.244+0800: 197.421: [GC (Allocation Failure) 2016-10-23T19:09:33.244+0800: 197.421: [ParNew
Desired survivor size 20112992 bytes, new threshold 8 (max 8)
- age   1:    8263336 bytes,    8263336 total
- age   2:    2969528 bytes,   11232864 total
- age   3:    2712936 bytes,   13945800 total
- age   4:    1065864 bytes,   15011664 total
- age   5:    1071960 bytes,   16083624 total
- age   6:    1610824 bytes,   17694448 total
- age   7:     947784 bytes,   18642232 total
- age   8:     859336 bytes,   19501568 total
: 109248K->21824K(109248K), 0.0119748 secs] 256994K->176049K(502464K), 0.0120226 secs] [Times: user=0.04 sys=0.00, real=0.01 secs] 
Heap after GC invocations=311 (full 10):
 par new generation   total 109248K, used 21824K [0x00000007a0000000, 0x00000007a8000000, 0x00000007a8000000)
  eden space 87424K,   0% used [0x00000007a0000000, 0x00000007a0000000, 0x00000007a5560000)
  from space 21824K, 100% used [0x00000007a6ab0000, 0x00000007a8000000, 0x00000007a8000000)
  to   space 21824K,   0% used [0x00000007a5560000, 0x00000007a5560000, 0x00000007a6ab0000)
 concurrent mark-sweep generation total 393216K, used 154225K [0x00000007a8000000, 0x00000007c0000000, 0x00000007c0000000)
 Metaspace       used 35554K, capacity 36128K, committed 36528K, reserved 1081344K
  class space    used 4090K, capacity 4255K, committed 4272K, reserved 1048576K
}
2016-10-23T19:09:33.256+0800: 197.433: Total time for which application threads were stopped: 0.0122434 seconds, Stopping threads took: 0.0000704 seconds
{Heap before GC invocations=311 (full 10):
 par new generation   total 109248K, used 109248K [0x00000007a0000000, 0x00000007a8000000, 0x00000007a8000000)
  eden space 87424K, 100% used [0x00000007a0000000, 0x00000007a5560000, 0x00000007a5560000)
  from space 21824K, 100% used [0x00000007a6ab0000, 0x00000007a8000000, 0x00000007a8000000)
  to   space 21824K,   0% used [0x00000007a5560000, 0x00000007a5560000, 0x00000007a6ab0000)
 concurrent mark-sweep generation total 393216K, used 154225K [0x00000007a8000000, 0x00000007c0000000, 0x00000007c0000000)
 Metaspace       used 35554K, capacity 36128K, committed 36528K, reserved 1081344K
  class space    used 4090K, capacity 4255K, committed 4272K, reserved 1048576K
2016-10-23T19:09:33.378+0800: 197.555: [GC (Allocation Failure) 2016-10-23T19:09:33.378+0800: 197.555: [ParNew
Desired survivor size 20112992 bytes, new threshold 8 (max 8)
- age   1:    1968768 bytes,    1968768 total
- age   2:    8071008 bytes,   10039776 total
- age   3:    1879256 bytes,   11919032 total
- age   4:    2620648 bytes,   14539680 total
- age   5:     942840 bytes,   15482520 total
- age   6:    1018376 bytes,   16500896 total
- age   7:     798752 bytes,   17299648 total
- age   8:     835880 bytes,   18135528 total
: 109248K->21824K(109248K), 0.0080424 secs] 263473K->179493K(502464K), 0.0080927 secs] [Times: user=0.03 sys=0.00, real=0.01 secs] 
Heap after GC invocations=312 (full 10):
 par new generation   total 109248K, used 21824K [0x00000007a0000000, 0x00000007a8000000, 0x00000007a8000000)
  eden space 87424K,   0% used [0x00000007a0000000, 0x00000007a0000000, 0x00000007a5560000)
  from space 21824K, 100% used [0x00000007a5560000, 0x00000007a6ab0000, 0x00000007a6ab0000)
  to   space 21824K,   0% used [0x00000007a6ab0000, 0x00000007a6ab0000, 0x00000007a8000000)
 concurrent mark-sweep generation total 393216K, used 157669K [0x00000007a8000000, 0x00000007c0000000, 0x00000007c0000000)
 Metaspace       used 35554K, capacity 36128K, committed 36528K, reserved 1081344K
  class space    used 4090K, capacity 4255K, committed 4272K, reserved 1048576K
}
2016-10-23T19:09:33.386+0800: 197.563: Total time for which application threads were stopped: 0.0083500 seconds, Stopping threads took: 0.0001177 seconds
{Heap before GC invocations=312 (full 10):
 par new generation   total 109248K, used 109248K [0x00000007a0000000, 0x00000007a8000000, 0x00000007a8000000)
  eden space 87424K, 100% used [0x00000007a0000000, 0x00000007a5560000, 0x00000007a5560000)
  from space 21824K, 100% used [0x00000007a5560000, 0x00000007a6ab0000, 0x00000007a6ab0000)
  to   space 21824K,   0% used [0x00000007a6ab0000, 0x00000007a6ab0000, 0x00000007a8000000)
 concurrent mark-sweep generation total 393216K, used 157669K [0x00000007a8000000, 0x00000007c0000000, 0x00000007c0000000)
 Metaspace       used 35554K, capacity 36128K, committed 36528K, reserved 1081344K
  class space    used 4090K, capacity 4255K, committed 4272K, reserved 1048576K
2016-10-23T19:09:33.607+0800: 197.784: [GC (Allocation Failure) 2016-10-23T19:09:33.607+0800: 197.784: [ParNew
Desired survivor size 20112992 bytes, new threshold 8 (max 8)
- age   1:    2635608 bytes,    2635608 total
- age   2:    1945960 bytes,    4581568 total
- age   3:    8052720 bytes,   12634288 total
- age   4:    1795072 bytes,   14429360 total
- age   5:    2610720 bytes,   17040080 total
- age   6:     936568 bytes,   17976648 total
- age   7:     758616 bytes,   18735264 total
- age   8:     792632 bytes,   19527896 total
: 109248K->21824K(109248K), 0.0081156 secs] 266917K->181245K(502464K), 0.0081740 secs] [Times: user=0.03 sys=0.00, real=0.01 secs] 
Heap after GC invocations=313 (full 10):
 par new generation   total 109248K, used 21824K [0x00000007a0000000, 0x00000007a8000000, 0x00000007a8000000)
  eden space 87424K,   0% used [0x00000007a0000000, 0x00000007a0000000, 0x00000007a5560000)
  from space 21824K, 100% used [0x00000007a6ab0000, 0x00000007a8000000, 0x00000007a8000000)
  to   space 21824K,   0% used [0x00000007a5560000, 0x00000007a5560000, 0x00000007a6ab0000)
 concurrent mark-sweep generation total 393216K, used 159421K [0x00000007a8000000, 0x00000007c0000000, 0x00000007c0000000)
 Metaspace       used 35554K, capacity 36128K, committed 36528K, reserved 1081344K
  class space    used 4090K, capacity 4255K, committed 4272K, reserved 1048576K
}
2016-10-23T19:09:33.615+0800: 197.792: Total time for which application threads were stopped: 0.0083929 seconds, Stopping threads took: 0.0000585 seconds
{Heap before GC invocations=313 (full 10):
 par new generation   total 109248K, used 109248K [0x00000007a0000000, 0x00000007a8000000, 0x00000007a8000000)
  eden space 87424K, 100% used [0x00000007a0000000, 0x00000007a5560000, 0x00000007a5560000)
  from space 21824K, 100% used [0x00000007a6ab0000, 0x00000007a8000000, 0x00000007a8000000)
  to   space 21824K,   0% used [0x00000007a5560000, 0x00000007a5560000, 0x00000007a6ab0000)
 concurrent mark-sweep generation total 393216K, used 159421K [0x00000007a8000000, 0x00000007c0000000, 0x00000007c0000000)
 Metaspace       used 35555K, capacity 36128K, committed 36528K, reserved 1081344K
  class space    used 4090K, capacity 4255K, committed 4272K, reserved 1048576K
2016-10-23T19:09:33.941+0800: 198.118: [GC (Allocation Failure) 2016-10-23T19:09:33.941+0800: 198.118: [ParNew
Desired survivor size 20112992 bytes, new threshold 8 (max 8)
- age   1:    3315424 bytes,    3315424 total
- age   2:    2340240 bytes,    5655664 total
- age   3:    1939992 bytes,    7595656 total
- age   4:    8012112 bytes,   15607768 total
- age   5:    1756840 bytes,   17364608 total
- age   6:     997072 bytes,   18361680 total
- age   7:     928112 bytes,   19289792 total
- age   8:     754240 bytes,   20044032 total
: 109248K->21824K(109248K), 0.0089592 secs] 268669K->189582K(502464K), 0.0090133 secs] [Times: user=0.03 sys=0.00, real=0.01 secs] 
Heap after GC invocations=314 (full 10):
 par new generation   total 109248K, used 21824K [0x00000007a0000000, 0x00000007a8000000, 0x00000007a8000000)
  eden space 87424K,   0% used [0x00000007a0000000, 0x00000007a0000000, 0x00000007a5560000)
  from space 21824K, 100% used [0x00000007a5560000, 0x00000007a6ab0000, 0x00000007a6ab0000)
  to   space 21824K,   0% used [0x00000007a6ab0000, 0x00000007a6ab0000, 0x00000007a8000000)
 concurrent mark-sweep generation total 393216K, used 167758K [0x00000007a8000000, 0x00000007c0000000, 0x00000007c0000000)
 Metaspace       used 35555K, capacity 36128K, committed 36528K, reserved 1081344K
  class space    used 4090K, capacity 4255K, committed 4272K, reserved 1048576K
}
2016-10-23T19:09:33.950+0800: 198.127: Total time for which application threads were stopped: 0.0091728 seconds, Stopping threads took: 0.0000275 seconds
{Heap before GC invocations=314 (full 10):
 par new generation   total 109248K, used 109248K [0x00000007a0000000, 0x00000007a8000000, 0x00000007a8000000)
  eden space 87424K, 100% used [0x00000007a0000000, 0x00000007a5560000, 0x00000007a5560000)
  from space 21824K, 100% used [0x00000007a5560000, 0x00000007a6ab0000, 0x00000007a6ab0000)
  to   space 21824K,   0% used [0x00000007a6ab0000, 0x00000007a6ab0000, 0x00000007a8000000)
 concurrent mark-sweep generation total 393216K, used 167758K [0x00000007a8000000, 0x00000007c0000000, 0x00000007c0000000)
 Metaspace       used 35555K, capacity 36128K, committed 36528K, reserved 1081344K
  class space    used 4090K, capacity 4255K, committed 4272K, reserved 1048576K
2016-10-23T19:09:34.164+0800: 198.341: [GC (Allocation Failure) 2016-10-23T19:09:34.164+0800: 198.341: [ParNew
Desired survivor size 20112992 bytes, new threshold 8 (max 8)
- age   1:   10924432 bytes,   10924432 total
- age   2:    2698184 bytes,   13622616 total
- age   3:    1437440 bytes,   15060056 total
- age   4:    1488512 bytes,   16548568 total
- age   5:     787032 bytes,   17335600 total
- age   6:     744080 bytes,   18079680 total
- age   7:     950584 bytes,   19030264 total
- age   8:     875848 bytes,   19906112 total
: 109248K->21824K(109248K), 0.0100428 secs] 277006K->200870K(502464K), 0.0101049 secs] [Times: user=0.03 sys=0.00, real=0.01 secs] 
Heap after GC invocations=315 (full 10):
 par new generation   total 109248K, used 21824K [0x00000007a0000000, 0x00000007a8000000, 0x00000007a8000000)
  eden space 87424K,   0% used [0x00000007a0000000, 0x00000007a0000000, 0x00000007a5560000)
  from space 21824K, 100% used [0x00000007a6ab0000, 0x00000007a8000000, 0x00000007a8000000)
  to   space 21824K,   0% used [0x00000007a5560000, 0x00000007a5560000, 0x00000007a6ab0000)
 concurrent mark-sweep generation total 393216K, used 179046K [0x00000007a8000000, 0x00000007c0000000, 0x00000007c0000000)
 Metaspace       used 35555K, capacity 36128K, committed 36528K, reserved 1081344K
  class space    used 4090K, capacity 4255K, committed 4272K, reserved 1048576K
}
2016-10-23T19:09:34.174+0800: 198.351: Total time for which application threads were stopped: 0.0104022 seconds, Stopping threads took: 0.0001164 seconds
{Heap before GC invocations=315 (full 10):
 par new generation   total 109248K, used 109248K [0x00000007a0000000, 0x00000007a8000000, 0x00000007a8000000)
  eden space 87424K, 100% used [0x00000007a0000000, 0x00000007a5560000, 0x00000007a5560000)
  from space 21824K, 100% used [0x00000007a6ab0000, 0x00000007a8000000, 0x00000007a8000000)
  to   space 21824K,   0% used [0x00000007a5560000, 0x00000007a5560000, 0x00000007a6ab0000)
 concurrent mark-sweep generation total 393216K, used 179046K [0x00000007a8000000, 0x00000007c0000000, 0x00000007c0000000)
 Metaspace       used 35555K, capacity 36128K, committed 36528K, reserved 1081344K
  class space    used 4090K, capacity 4255K, committed 4272K, reserved 1048576K
2016-10-23T19:09:34.447+0800: 198.624: [GC (Allocation Failure) 2016-10-23T19:09:34.447+0800: 198.624: [ParNew
Desired survivor size 20112992 bytes, new threshold 8 (max 8)
- age   1:    2167488 bytes,    2167488 total
- age   2:   10421096 bytes,   12588584 total
- age   3:    2665408 bytes,   15253992 total
- age   4:    1415080 bytes,   16669072 total
- age   5:     743416 bytes,   17412488 total
- age   6:     779208 bytes,   18191696 total
- age   7:     742024 bytes,   18933720 total
- age   8:     948336 bytes,   19882056 total
: 109248K->21824K(109248K), 0.0081512 secs] 288294K->203624K(502464K), 0.0082297 secs] [Times: user=0.03 sys=0.00, real=0.01 secs] 
Heap after GC invocations=316 (full 10):
 par new generation   total 109248K, used 21824K [0x00000007a0000000, 0x00000007a8000000, 0x00000007a8000000)
  eden space 87424K,   0% used [0x00000007a0000000, 0x00000007a0000000, 0x00000007a5560000)
  from space 21824K, 100% used [0x00000007a5560000, 0x00000007a6ab0000, 0x00000007a6ab0000)
  to   space 21824K,   0% used [0x00000007a6ab0000, 0x00000007a6ab0000, 0x00000007a8000000)
 concurrent mark-sweep generation total 393216K, used 181800K [0x00000007a8000000, 0x00000007c0000000, 0x00000007c0000000)
 Metaspace       used 35555K, capacity 36128K, committed 36528K, reserved 1081344K
  class space    used 4090K, capacity 4255K, committed 4272K, reserved 1048576K
}
2016-10-23T19:09:34.455+0800: 198.632: Total time for which application threads were stopped: 0.0085126 seconds, Stopping threads took: 0.0000743 seconds
{Heap before GC invocations=316 (full 10):
 par new generation   total 109248K, used 109248K [0x00000007a0000000, 0x00000007a8000000, 0x00000007a8000000)
  eden space 87424K, 100% used [0x00000007a0000000, 0x00000007a5560000, 0x00000007a5560000)
  from space 21824K, 100% used [0x00000007a5560000, 0x00000007a6ab0000, 0x00000007a6ab0000)
  to   space 21824K,   0% used [0x00000007a6ab0000, 0x00000007a6ab0000, 0x00000007a8000000)
 concurrent mark-sweep generation total 393216K, used 181800K [0x00000007a8000000, 0x00000007c0000000, 0x00000007c0000000)
 Metaspace       used 35562K, capacity 36128K, committed 36528K, reserved 1081344K
  class space    used 4090K, capacity 4255K, committed 4272K, reserved 1048576K
2016-10-23T19:09:34.976+0800: 199.153: [GC (Allocation Failure) 2016-10-23T19:09:34.976+0800: 199.153: [ParNew
Desired survivor size 20112992 bytes, new threshold 8 (max 8)
- age   1:     489576 bytes,     489576 total
- age   2:    1818520 bytes,    2308096 total
- age   3:   10397384 bytes,   12705480 total
- age   4:    2635840 bytes,   15341320 total
- age   5:    1391896 bytes,   16733216 total
- age   6:     732328 bytes,   17465544 total
- age   7:     766392 bytes,   18231936 total
- age   8:     731512 bytes,   18963448 total
: 109248K->21824K(109248K), 0.0070800 secs] 291048K->204545K(502464K), 0.0071253 secs] [Times: user=0.04 sys=0.01, real=0.01 secs] 
Heap after GC invocations=317 (full 10):
 par new generation   total 109248K, used 21824K [0x00000007a0000000, 0x00000007a8000000, 0x00000007a8000000)
  eden space 87424K,   0% used [0x00000007a0000000, 0x00000007a0000000, 0x00000007a5560000)
  from space 21824K, 100% used [0x00000007a6ab0000, 0x00000007a8000000, 0x00000007a8000000)
  to   space 21824K,   0% used [0x00000007a5560000, 0x00000007a5560000, 0x00000007a6ab0000)
 concurrent mark-sweep generation total 393216K, used 182721K [0x00000007a8000000, 0x00000007c0000000, 0x00000007c0000000)
 Metaspace       used 35562K, capacity 36128K, committed 36528K, reserved 1081344K
  class space    used 4090K, capacity 4255K, committed 4272K, reserved 1048576K
}
2016-10-23T19:09:34.983+0800: 199.160: Total time for which application threads were stopped: 0.0073543 seconds, Stopping threads took: 0.0000829 seconds
{Heap before GC invocations=317 (full 10):
 par new generation   total 109248K, used 109248K [0x00000007a0000000, 0x00000007a8000000, 0x00000007a8000000)
  eden space 87424K, 100% used [0x00000007a0000000, 0x00000007a5560000, 0x00000007a5560000)
  from space 21824K, 100% used [0x00000007a6ab0000, 0x00000007a8000000, 0x00000007a8000000)
  to   space 21824K,   0% used [0x00000007a5560000, 0x00000007a5560000, 0x00000007a6ab0000)
 concurrent mark-sweep generation total 393216K, used 182721K [0x00000007a8000000, 0x00000007c0000000, 0x00000007c0000000)
 Metaspace       used 35562K, capacity 36128K, committed 36528K, reserved 1081344K
  class space    used 4090K, capacity 4255K, committed 4272K, reserved 1048576K
2016-10-23T19:09:35.067+0800: 199.244: [GC (Allocation Failure) 2016-10-23T19:09:35.068+0800: 199.244: [ParNew
Desired survivor size 20112992 bytes, new threshold 8 (max 8)
- age   1:      84816 bytes,      84816 total
- age   2:     446224 bytes,     531040 total
- age   3:    1818520 bytes,    2349560 total
- age   4:   10397384 bytes,   12746944 total
- age   5:    2635840 bytes,   15382784 total
- age   6:    1391896 bytes,   16774680 total
- age   7:     732328 bytes,   17507008 total
- age   8:     766392 bytes,   18273400 total
: 109248K->21824K(109248K), 0.0103872 secs] 291969K->205266K(502464K), 0.0104621 secs] [Times: user=0.04 sys=0.00, real=0.01 secs] 
Heap after GC invocations=318 (full 10):
 par new generation   total 109248K, used 21824K [0x00000007a0000000, 0x00000007a8000000, 0x00000007a8000000)
  eden space 87424K,   0% used [0x00000007a0000000, 0x00000007a0000000, 0x00000007a5560000)
  from space 21824K, 100% used [0x00000007a5560000, 0x00000007a6ab0000, 0x00000007a6ab0000)
  to   space 21824K,   0% used [0x00000007a6ab0000, 0x00000007a6ab0000, 0x00000007a8000000)
 concurrent mark-sweep generation total 393216K, used 183442K [0x00000007a8000000, 0x00000007c0000000, 0x00000007c0000000)
 Metaspace       used 35562K, capacity 36128K, committed 36528K, reserved 1081344K
  class space    used 4090K, capacity 4255K, committed 4272K, reserved 1048576K
}
2016-10-23T19:09:35.078+0800: 199.255: Total time for which application threads were stopped: 0.0108673 seconds, Stopping threads took: 0.0002209 seconds
{Heap before GC invocations=318 (full 10):
 par new generation   total 109248K, used 109248K [0x00000007a0000000, 0x00000007a8000000, 0x00000007a8000000)
  eden space 87424K, 100% used [0x00000007a0000000, 0x00000007a5560000, 0x00000007a5560000)
  from space 21824K, 100% used [0x00000007a5560000, 0x00000007a6ab0000, 0x00000007a6ab0000)
  to   space 21824K,   0% used [0x00000007a6ab0000, 0x00000007a6ab0000, 0x00000007a8000000)
 concurrent mark-sweep generation total 393216K, used 183442K [0x00000007a8000000, 0x00000007c0000000, 0x00000007c0000000)
 Metaspace       used 35562K, capacity 36128K, committed 36528K, reserved 1081344K
  class space    used 4090K, capacity 4255K, committed 4272K, reserved 1048576K
2016-10-23T19:09:35.155+0800: 199.332: [GC (Allocation Failure) 2016-10-23T19:09:35.155+0800: 199.332: [ParNew
Desired survivor size 20112992 bytes, new threshold 8 (max 8)
- age   1:      60480 bytes,      60480 total
- age   2:      39968 bytes,     100448 total
- age   3:     445512 bytes,     545960 total
- age   4:    1818520 bytes,    2364480 total
- age   5:   10397384 bytes,   12761864 total
- age   6:    2635840 bytes,   15397704 total
- age   7:    1391896 bytes,   16789600 total
- age   8:     732328 bytes,   17521928 total
: 109248K->21824K(109248K), 0.0061692 secs] 292690K->206021K(502464K), 0.0062390 secs] [Times: user=0.02 sys=0.00, real=0.01 secs] 
Heap after GC invocations=319 (full 10):
 par new generation   total 109248K, used 21824K [0x00000007a0000000, 0x00000007a8000000, 0x00000007a8000000)
  eden space 87424K,   0% used [0x00000007a0000000, 0x00000007a0000000, 0x00000007a5560000)
  from space 21824K, 100% used [0x00000007a6ab0000, 0x00000007a8000000, 0x00000007a8000000)
  to   space 21824K,   0% used [0x00000007a5560000, 0x00000007a5560000, 0x00000007a6ab0000)
 concurrent mark-sweep generation total 393216K, used 184197K [0x00000007a8000000, 0x00000007c0000000, 0x00000007c0000000)
 Metaspace       used 35562K, capacity 36128K, committed 36528K, reserved 1081344K
  class space    used 4090K, capacity 4255K, committed 4272K, reserved 1048576K
}
2016-10-23T19:09:35.161+0800: 199.338: Total time for which application threads were stopped: 0.0064702 seconds, Stopping threads took: 0.0000616 seconds
{Heap before GC invocations=319 (full 10):
 par new generation   total 109248K, used 109248K [0x00000007a0000000, 0x00000007a8000000, 0x00000007a8000000)
  eden space 87424K, 100% used [0x00000007a0000000, 0x00000007a5560000, 0x00000007a5560000)
  from space 21824K, 100% used [0x00000007a6ab0000, 0x00000007a8000000, 0x00000007a8000000)
  to   space 21824K,   0% used [0x00000007a5560000, 0x00000007a5560000, 0x00000007a6ab0000)
 concurrent mark-sweep generation total 393216K, used 184197K [0x00000007a8000000, 0x00000007c0000000, 0x00000007c0000000)
 Metaspace       used 35562K, capacity 36128K, committed 36528K, reserved 1081344K
  class space    used 4090K, capacity 4255K, committed 4272K, reserved 1048576K
2016-10-23T19:09:35.248+0800: 199.424: [GC (Allocation Failure) 2016-10-23T19:09:35.248+0800: 199.424: [ParNew
Desired survivor size 20112992 bytes, new threshold 8 (max 8)
- age   1:      40920 bytes,      40920 total
- age   2:      31008 bytes,      71928 total
- age   3:      39888 bytes,     111816 total
- age   4:     444776 bytes,     556592 total
- age   5:    1818520 bytes,    2375112 total
- age   6:   10397384 bytes,   12772496 total
- age   7:    2635840 bytes,   15408336 total
- age   8:    1391896 bytes,   16800232 total
: 109248K->20929K(109248K), 0.0068077 secs] 293445K->205848K(502464K), 0.0069103 secs] [Times: user=0.02 sys=0.00, real=0.01 secs] 
Heap after GC invocations=320 (full 10):
 par new generation   total 109248K, used 20929K [0x00000007a0000000, 0x00000007a8000000, 0x00000007a8000000)
  eden space 87424K,   0% used [0x00000007a0000000, 0x00000007a0000000, 0x00000007a5560000)
  from space 21824K,  95% used [0x00000007a5560000, 0x00000007a69d0660, 0x00000007a6ab0000)
  to   space 21824K,   0% used [0x00000007a6ab0000, 0x00000007a6ab0000, 0x00000007a8000000)
 concurrent mark-sweep generation total 393216K, used 184918K [0x00000007a8000000, 0x00000007c0000000, 0x00000007c0000000)
 Metaspace       used 35562K, capacity 36128K, committed 36528K, reserved 1081344K
  class space    used 4090K, capacity 4255K, committed 4272K, reserved 1048576K
}
2016-10-23T19:09:35.255+0800: 199.431: Total time for which application threads were stopped: 0.0272348 seconds, Stopping threads took: 0.0200973 seconds
{Heap before GC invocations=320 (full 10):
 par new generation   total 109248K, used 108353K [0x00000007a0000000, 0x00000007a8000000, 0x00000007a8000000)
  eden space 87424K, 100% used [0x00000007a0000000, 0x00000007a5560000, 0x00000007a5560000)
  from space 21824K,  95% used [0x00000007a5560000, 0x00000007a69d0660, 0x00000007a6ab0000)
  to   space 21824K,   0% used [0x00000007a6ab0000, 0x00000007a6ab0000, 0x00000007a8000000)
 concurrent mark-sweep generation total 393216K, used 184918K [0x00000007a8000000, 0x00000007c0000000, 0x00000007c0000000)
 Metaspace       used 35564K, capacity 36128K, committed 36528K, reserved 1081344K
  class space    used 4090K, capacity 4255K, committed 4272K, reserved 1048576K
2016-10-23T19:09:35.585+0800: 199.761: [GC (Allocation Failure) 2016-10-23T19:09:35.585+0800: 199.761: [ParNew
Desired survivor size 20112992 bytes, new threshold 8 (max 8)
- age   1:     320472 bytes,     320472 total
- age   4:         64 bytes,     320536 total
- age   5:     285424 bytes,     605960 total
- age   6:    1818520 bytes,    2424480 total
- age   7:   11485648 bytes,   13910128 total
- age   8:    2635840 bytes,   16545968 total
: 108353K->18140K(109248K), 0.0064328 secs] 293272K->204430K(502464K), 0.0064933 secs] [Times: user=0.02 sys=0.00, real=0.01 secs] 
Heap after GC invocations=321 (full 10):
 par new generation   total 109248K, used 18140K [0x00000007a0000000, 0x00000007a8000000, 0x00000007a8000000)
  eden space 87424K,   0% used [0x00000007a0000000, 0x00000007a0000000, 0x00000007a5560000)
  from space 21824K,  83% used [0x00000007a6ab0000, 0x00000007a7c672f0, 0x00000007a8000000)
  to   space 21824K,   0% used [0x00000007a5560000, 0x00000007a5560000, 0x00000007a6ab0000)
 concurrent mark-sweep generation total 393216K, used 186289K [0x00000007a8000000, 0x00000007c0000000, 0x00000007c0000000)
 Metaspace       used 35564K, capacity 36128K, committed 36528K, reserved 1081344K
  class space    used 4090K, capacity 4255K, committed 4272K, reserved 1048576K
}
2016-10-23T19:09:35.591+0800: 199.768: Total time for which application threads were stopped: 0.0067519 seconds, Stopping threads took: 0.0000961 seconds
{Heap before GC invocations=321 (full 10):
 par new generation   total 109248K, used 105564K [0x00000007a0000000, 0x00000007a8000000, 0x00000007a8000000)
  eden space 87424K, 100% used [0x00000007a0000000, 0x00000007a5560000, 0x00000007a5560000)
  from space 21824K,  83% used [0x00000007a6ab0000, 0x00000007a7c672f0, 0x00000007a8000000)
  to   space 21824K,   0% used [0x00000007a5560000, 0x00000007a5560000, 0x00000007a6ab0000)
 concurrent mark-sweep generation total 393216K, used 186289K [0x00000007a8000000, 0x00000007c0000000, 0x00000007c0000000)
 Metaspace       used 35564K, capacity 36128K, committed 36528K, reserved 1081344K
  class space    used 4090K, capacity 4255K, committed 4272K, reserved 1048576K
2016-10-23T19:09:35.734+0800: 199.911: [GC (Allocation Failure) 2016-10-23T19:09:35.734+0800: 199.911: [ParNew
Desired survivor size 20112992 bytes, new threshold 8 (max 8)
- age   1:      81240 bytes,      81240 total
- age   2:     264024 bytes,     345264 total
- age   5:         64 bytes,     345328 total
- age   6:     285424 bytes,     630752 total
- age   7:    1818520 bytes,    2449272 total
- age   8:   10732504 bytes,   13181776 total
: 105564K->13839K(109248K), 0.0064504 secs] 291854K->202717K(502464K), 0.0065026 secs] [Times: user=0.03 sys=0.00, real=0.01 secs] 
Heap after GC invocations=322 (full 10):
 par new generation   total 109248K, used 13839K [0x00000007a0000000, 0x00000007a8000000, 0x00000007a8000000)
  eden space 87424K,   0% used [0x00000007a0000000, 0x00000007a0000000, 0x00000007a5560000)
  from space 21824K,  63% used [0x00000007a5560000, 0x00000007a62e3d68, 0x00000007a6ab0000)
  to   space 21824K,   0% used [0x00000007a6ab0000, 0x00000007a6ab0000, 0x00000007a8000000)
 concurrent mark-sweep generation total 393216K, used 188878K [0x00000007a8000000, 0x00000007c0000000, 0x00000007c0000000)
 Metaspace       used 35564K, capacity 36128K, committed 36528K, reserved 1081344K
  class space    used 4090K, capacity 4255K, committed 4272K, reserved 1048576K
}
2016-10-23T19:09:35.741+0800: 199.917: Total time for which application threads were stopped: 0.0068004 seconds, Stopping threads took: 0.0001414 seconds
{Heap before GC invocations=322 (full 10):
 par new generation   total 109248K, used 101263K [0x00000007a0000000, 0x00000007a8000000, 0x00000007a8000000)
  eden space 87424K, 100% used [0x00000007a0000000, 0x00000007a5560000, 0x00000007a5560000)
  from space 21824K,  63% used [0x00000007a5560000, 0x00000007a62e3d68, 0x00000007a6ab0000)
  to   space 21824K,   0% used [0x00000007a6ab0000, 0x00000007a6ab0000, 0x00000007a8000000)
 concurrent mark-sweep generation total 393216K, used 188878K [0x00000007a8000000, 0x00000007c0000000, 0x00000007c0000000)
 Metaspace       used 35564K, capacity 36128K, committed 36528K, reserved 1081344K
  class space    used 4090K, capacity 4255K, committed 4272K, reserved 1048576K
2016-10-23T19:09:35.834+0800: 200.011: [GC (Allocation Failure) 2016-10-23T19:09:35.834+0800: 200.011: [ParNew
Desired survivor size 20112992 bytes, new threshold 8 (max 8)
- age   1:     349448 bytes,     349448 total
- age   2:        160 bytes,     349608 total
- age   3:      83792 bytes,     433400 total
- age   6:         64 bytes,     433464 total
- age   7:     285424 bytes,     718888 total
- age   8:    1818520 bytes,    2537408 total
: 101263K->3435K(109248K), 0.0043226 secs] 290141K->202480K(502464K), 0.0043870 secs] [Times: user=0.01 sys=0.00, real=0.00 secs] 
Heap after GC invocations=323 (full 10):
 par new generation   total 109248K, used 3435K [0x00000007a0000000, 0x00000007a8000000, 0x00000007a8000000)
  eden space 87424K,   0% used [0x00000007a0000000, 0x00000007a0000000, 0x00000007a5560000)
  from space 21824K,  15% used [0x00000007a6ab0000, 0x00000007a6e0ac40, 0x00000007a8000000)
  to   space 21824K,   0% used [0x00000007a5560000, 0x00000007a5560000, 0x00000007a6ab0000)
 concurrent mark-sweep generation total 393216K, used 199045K [0x00000007a8000000, 0x00000007c0000000, 0x00000007c0000000)
 Metaspace       used 35564K, capacity 36128K, committed 36528K, reserved 1081344K
  class space    used 4090K, capacity 4255K, committed 4272K, reserved 1048576K
}
2016-10-23T19:09:35.838+0800: 200.015: Total time for which application threads were stopped: 0.0046221 seconds, Stopping threads took: 0.0000686 seconds
2016-10-23T19:09:35.839+0800: 200.015: [GC (CMS Initial Mark) [1 CMS-initial-mark: 199045K(393216K)] 203585K(502464K), 0.0006718 secs] [Times: user=0.00 sys=0.00, real=0.00 secs] 
2016-10-23T19:09:35.839+0800: 200.016: Total time for which application threads were stopped: 0.0008496 seconds, Stopping threads took: 0.0000923 seconds
2016-10-23T19:09:35.839+0800: 200.016: [CMS-concurrent-mark-start]
2016-10-23T19:09:35.871+0800: 200.048: [CMS-concurrent-mark: 0.032/0.032 secs] [Times: user=0.19 sys=0.00, real=0.04 secs] 
2016-10-23T19:09:35.871+0800: 200.048: [CMS-concurrent-preclean-start]
2016-10-23T19:09:35.872+0800: 200.049: [CMS-concurrent-preclean: 0.001/0.001 secs] [Times: user=0.00 sys=0.00, real=0.00 secs] 
2016-10-23T19:09:35.872+0800: 200.049: [CMS-concurrent-abortable-preclean-start]
{Heap before GC invocations=323 (full 11):
 par new generation   total 109248K, used 90859K [0x00000007a0000000, 0x00000007a8000000, 0x00000007a8000000)
  eden space 87424K, 100% used [0x00000007a0000000, 0x00000007a5560000, 0x00000007a5560000)
  from space 21824K,  15% used [0x00000007a6ab0000, 0x00000007a6e0ac40, 0x00000007a8000000)
  to   space 21824K,   0% used [0x00000007a5560000, 0x00000007a5560000, 0x00000007a6ab0000)
 concurrent mark-sweep generation total 393216K, used 199045K [0x00000007a8000000, 0x00000007c0000000, 0x00000007c0000000)
 Metaspace       used 35564K, capacity 36128K, committed 36528K, reserved 1081344K
  class space    used 4090K, capacity 4255K, committed 4272K, reserved 1048576K
2016-10-23T19:09:35.964+0800: 200.140: [GC (Allocation Failure) 2016-10-23T19:09:35.964+0800: 200.140: [ParNew
Desired survivor size 20112992 bytes, new threshold 8 (max 8)
- age   1:      66344 bytes,      66344 total
- age   2:     162048 bytes,     228392 total
- age   3:        160 bytes,     228552 total
- age   4:      83792 bytes,     312344 total
- age   7:         64 bytes,     312408 total
- age   8:     285424 bytes,     597832 total
: 90859K->1153K(109248K), 0.0033138 secs] 289904K->201986K(502464K), 0.0033863 secs] [Times: user=0.01 sys=0.00, real=0.00 secs] 
Heap after GC invocations=324 (full 11):
 par new generation   total 109248K, used 1153K [0x00000007a0000000, 0x00000007a8000000, 0x00000007a8000000)
  eden space 87424K,   0% used [0x00000007a0000000, 0x00000007a0000000, 0x00000007a5560000)
  from space 21824K,   5% used [0x00000007a5560000, 0x00000007a56806b0, 0x00000007a6ab0000)
  to   space 21824K,   0% used [0x00000007a6ab0000, 0x00000007a6ab0000, 0x00000007a8000000)
 concurrent mark-sweep generation total 393216K, used 200832K [0x00000007a8000000, 0x00000007c0000000, 0x00000007c0000000)
 Metaspace       used 35564K, capacity 36128K, committed 36528K, reserved 1081344K
  class space    used 4090K, capacity 4255K, committed 4272K, reserved 1048576K
}
2016-10-23T19:09:35.967+0800: 200.144: Total time for which application threads were stopped: 0.0036820 seconds, Stopping threads took: 0.0001210 seconds
{Heap before GC invocations=324 (full 11):
 par new generation   total 109248K, used 88577K [0x00000007a0000000, 0x00000007a8000000, 0x00000007a8000000)
  eden space 87424K, 100% used [0x00000007a0000000, 0x00000007a5560000, 0x00000007a5560000)
  from space 21824K,   5% used [0x00000007a5560000, 0x00000007a56806b0, 0x00000007a6ab0000)
  to   space 21824K,   0% used [0x00000007a6ab0000, 0x00000007a6ab0000, 0x00000007a8000000)
 concurrent mark-sweep generation total 393216K, used 200832K [0x00000007a8000000, 0x00000007c0000000, 0x00000007c0000000)
 Metaspace       used 35565K, capacity 36128K, committed 36528K, reserved 1081344K
  class space    used 4090K, capacity 4255K, committed 4272K, reserved 1048576K
2016-10-23T19:09:36.098+0800: 200.275: [GC (Allocation Failure) 2016-10-23T19:09:36.098+0800: 200.275: [ParNew
Desired survivor size 20112992 bytes, new threshold 8 (max 8)
- age   1:     339320 bytes,     339320 total
- age   2:       1352 bytes,     340672 total
- age   3:       1216 bytes,     341888 total
- age   4:        160 bytes,     342048 total
- age   5:      83792 bytes,     425840 total
- age   8:         64 bytes,     425904 total
: 88577K->614K(109248K), 0.0024601 secs] 289410K->201726K(502464K), 0.0025387 secs] [Times: user=0.00 sys=0.00, real=0.01 secs] 
Heap after GC invocations=325 (full 11):
 par new generation   total 109248K, used 614K [0x00000007a0000000, 0x00000007a8000000, 0x00000007a8000000)
  eden space 87424K,   0% used [0x00000007a0000000, 0x00000007a0000000, 0x00000007a5560000)
  from space 21824K,   2% used [0x00000007a6ab0000, 0x00000007a6b499e8, 0x00000007a8000000)
  to   space 21824K,   0% used [0x00000007a5560000, 0x00000007a5560000, 0x00000007a6ab0000)
 concurrent mark-sweep generation total 393216K, used 201111K [0x00000007a8000000, 0x00000007c0000000, 0x00000007c0000000)
 Metaspace       used 35565K, capacity 36128K, committed 36528K, reserved 1081344K
  class space    used 4090K, capacity 4255K, committed 4272K, reserved 1048576K
}
2016-10-23T19:09:36.101+0800: 200.278: Total time for which application threads were stopped: 0.0028099 seconds, Stopping threads took: 0.0000701 seconds
2016-10-23T19:09:36.101+0800: 200.278: [CMS-concurrent-abortable-preclean: 0.012/0.229 secs] [Times: user=0.46 sys=0.01, real=0.23 secs] 
2016-10-23T19:09:36.101+0800: 200.278: [GC (CMS Final Remark) [YG occupancy: 2091 K (109248 K)]{Heap before GC invocations=325 (full 11):
 par new generation   total 109248K, used 2091K [0x00000007a0000000, 0x00000007a8000000, 0x00000007a8000000)
  eden space 87424K,   1% used [0x00000007a0000000, 0x00000007a0171440, 0x00000007a5560000)
  from space 21824K,   2% used [0x00000007a6ab0000, 0x00000007a6b499e8, 0x00000007a8000000)
  to   space 21824K,   0% used [0x00000007a5560000, 0x00000007a5560000, 0x00000007a6ab0000)
 concurrent mark-sweep generation total 393216K, used 201111K [0x00000007a8000000, 0x00000007c0000000, 0x00000007c0000000)
 Metaspace       used 35565K, capacity 36128K, committed 36528K, reserved 1081344K
  class space    used 4090K, capacity 4255K, committed 4272K, reserved 1048576K
2016-10-23T19:09:36.101+0800: 200.278: [GC (CMS Final Remark) 2016-10-23T19:09:36.101+0800: 200.278: [ParNew
Desired survivor size 20112992 bytes, new threshold 8 (max 8)
- age   1:       2872 bytes,       2872 total
- age   2:     334360 bytes,     337232 total
- age   3:       1352 bytes,     338584 total
- age   4:       1216 bytes,     339800 total
- age   5:        160 bytes,     339960 total
- age   6:      83792 bytes,     423752 total
: 2091K->511K(109248K), 0.0024358 secs] 203203K->201623K(502464K), 0.0024798 secs] [Times: user=0.01 sys=0.00, real=0.00 secs] 
Heap after GC invocations=326 (full 11):
 par new generation   total 109248K, used 511K [0x00000007a0000000, 0x00000007a8000000, 0x00000007a8000000)
  eden space 87424K,   0% used [0x00000007a0000000, 0x00000007a0000000, 0x00000007a5560000)
  from space 21824K,   2% used [0x00000007a5560000, 0x00000007a55dfe78, 0x00000007a6ab0000)
  to   space 21824K,   0% used [0x00000007a6ab0000, 0x00000007a6ab0000, 0x00000007a8000000)
 concurrent mark-sweep generation total 393216K, used 201111K [0x00000007a8000000, 0x00000007c0000000, 0x00000007c0000000)
 Metaspace       used 35565K, capacity 36128K, committed 36528K, reserved 1081344K
  class space    used 4090K, capacity 4255K, committed 4272K, reserved 1048576K
}
2016-10-23T19:09:36.104+0800: 200.281: [Rescan (parallel) , 0.0005482 secs]2016-10-23T19:09:36.104+0800: 200.281: [weak refs processing, 0.0008591 secs]2016-10-23T19:09:36.105+0800: 200.282: [class unloading, 0.0072826 secs]2016-10-23T19:09:36.113+0800: 200.289: [scrub symbol table, 0.0077759 secs]2016-10-23T19:09:36.120+0800: 200.297: [scrub string table, 0.0004460 secs][1 CMS-remark: 201111K(393216K)] 201623K(502464K), 0.0196122 secs] [Times: user=0.03 sys=0.00, real=0.02 secs] 
2016-10-23T19:09:36.121+0800: 200.298: Total time for which application threads were stopped: 0.0198168 seconds, Stopping threads took: 0.0000973 seconds
2016-10-23T19:09:36.121+0800: 200.298: [CMS-concurrent-sweep-start]
2016-10-23T19:09:36.162+0800: 200.339: [CMS-concurrent-sweep: 0.041/0.041 secs] [Times: user=0.12 sys=0.00, real=0.04 secs] 
2016-10-23T19:09:36.162+0800: 200.339: [CMS-concurrent-reset-start]
2016-10-23T19:09:36.162+0800: 200.339: [CMS-concurrent-reset: 0.000/0.000 secs] [Times: user=0.00 sys=0.00, real=0.00 secs] 
{Heap before GC invocations=326 (full 11):
 par new generation   total 109248K, used 87935K [0x00000007a0000000, 0x00000007a8000000, 0x00000007a8000000)
  eden space 87424K, 100% used [0x00000007a0000000, 0x00000007a5560000, 0x00000007a5560000)
  from space 21824K,   2% used [0x00000007a5560000, 0x00000007a55dfe78, 0x00000007a6ab0000)
  to   space 21824K,   0% used [0x00000007a6ab0000, 0x00000007a6ab0000, 0x00000007a8000000)
 concurrent mark-sweep generation total 393216K, used 145679K [0x00000007a8000000, 0x00000007c0000000, 0x00000007c0000000)
 Metaspace       used 35591K, capacity 36128K, committed 36528K, reserved 1081344K
  class space    used 4092K, capacity 4255K, committed 4272K, reserved 1048576K
2016-10-23T19:09:36.312+0800: 200.489: [GC (Allocation Failure) 2016-10-23T19:09:36.312+0800: 200.489: [ParNew
Desired survivor size 20112992 bytes, new threshold 8 (max 8)
- age   1:     690168 bytes,     690168 total
- age   3:      66512 bytes,     756680 total
- age   4:       1352 bytes,     758032 total
- age   5:       1128 bytes,     759160 total
- age   6:        160 bytes,     759320 total
- age   7:      56792 bytes,     816112 total
: 87935K->856K(109248K), 0.0022213 secs] 233615K->146536K(502464K), 0.0022779 secs] [Times: user=0.01 sys=0.00, real=0.00 secs] 
Heap after GC invocations=327 (full 11):
 par new generation   total 109248K, used 856K [0x00000007a0000000, 0x00000007a8000000, 0x00000007a8000000)
  eden space 87424K,   0% used [0x00000007a0000000, 0x00000007a0000000, 0x00000007a5560000)
  from space 21824K,   3% used [0x00000007a6ab0000, 0x00000007a6b862e8, 0x00000007a8000000)
  to   space 21824K,   0% used [0x00000007a5560000, 0x00000007a5560000, 0x00000007a6ab0000)
 concurrent mark-sweep generation total 393216K, used 145679K [0x00000007a8000000, 0x00000007c0000000, 0x00000007c0000000)
 Metaspace       used 35591K, capacity 36128K, committed 36528K, reserved 1081344K
  class space    used 4092K, capacity 4255K, committed 4272K, reserved 1048576K
}
2016-10-23T19:09:36.315+0800: 200.491: Total time for which application threads were stopped: 0.0025272 seconds, Stopping threads took: 0.0001007 seconds
2016-10-23T19:09:36.388+0800: 200.565: Total time for which application threads were stopped: 0.0001346 seconds, Stopping threads took: 0.0000636 seconds
2016-10-23T19:09:36.388+0800: 200.565: Total time for which application threads were stopped: 0.0000902 seconds, Stopping threads took: 0.0000479 seconds
{Heap before GC invocations=327 (full 11):
 par new generation   total 109248K, used 88280K [0x00000007a0000000, 0x00000007a8000000, 0x00000007a8000000)
  eden space 87424K, 100% used [0x00000007a0000000, 0x00000007a5560000, 0x00000007a5560000)
  from space 21824K,   3% used [0x00000007a6ab0000, 0x00000007a6b862e8, 0x00000007a8000000)
  to   space 21824K,   0% used [0x00000007a5560000, 0x00000007a5560000, 0x00000007a6ab0000)
 concurrent mark-sweep generation total 393216K, used 145679K [0x00000007a8000000, 0x00000007c0000000, 0x00000007c0000000)
 Metaspace       used 35608K, capacity 36192K, committed 36528K, reserved 1081344K
  class space    used 4094K, capacity 4255K, committed 4272K, reserved 1048576K
2016-10-23T19:09:36.620+0800: 200.797: [GC (Allocation Failure) 2016-10-23T19:09:36.620+0800: 200.797: [ParNew
Desired survivor size 20112992 bytes, new threshold 8 (max 8)
- age   1:    6906544 bytes,    6906544 total
- age   2:     308680 bytes,    7215224 total
- age   4:      65840 bytes,    7281064 total
- age   6:        880 bytes,    7281944 total
- age   7:         32 bytes,    7281976 total
- age   8:       3776 bytes,    7285752 total
: 88280K->7441K(109248K), 0.0041208 secs] 233960K->153121K(502464K), 0.0041855 secs] [Times: user=0.01 sys=0.00, real=0.00 secs] 
Heap after GC invocations=328 (full 11):
 par new generation   total 109248K, used 7441K [0x00000007a0000000, 0x00000007a8000000, 0x00000007a8000000)
  eden space 87424K,   0% used [0x00000007a0000000, 0x00000007a0000000, 0x00000007a5560000)
  from space 21824K,  34% used [0x00000007a5560000, 0x00000007a5ca4738, 0x00000007a6ab0000)
  to   space 21824K,   0% used [0x00000007a6ab0000, 0x00000007a6ab0000, 0x00000007a8000000)
 concurrent mark-sweep generation total 393216K, used 145679K [0x00000007a8000000, 0x00000007c0000000, 0x00000007c0000000)
 Metaspace       used 35608K, capacity 36192K, committed 36528K, reserved 1081344K
  class space    used 4094K, capacity 4255K, committed 4272K, reserved 1048576K
}
2016-10-23T19:09:36.624+0800: 200.801: Total time for which application threads were stopped: 0.0044248 seconds, Stopping threads took: 0.0000642 seconds
{Heap before GC invocations=328 (full 11):
 par new generation   total 109248K, used 94865K [0x00000007a0000000, 0x00000007a8000000, 0x00000007a8000000)
  eden space 87424K, 100% used [0x00000007a0000000, 0x00000007a5560000, 0x00000007a5560000)
  from space 21824K,  34% used [0x00000007a5560000, 0x00000007a5ca4738, 0x00000007a6ab0000)
  to   space 21824K,   0% used [0x00000007a6ab0000, 0x00000007a6ab0000, 0x00000007a8000000)
 concurrent mark-sweep generation total 393216K, used 145679K [0x00000007a8000000, 0x00000007c0000000, 0x00000007c0000000)
 Metaspace       used 35609K, capacity 36192K, committed 36528K, reserved 1081344K
  class space    used 4094K, capacity 4255K, committed 4272K, reserved 1048576K
2016-10-23T19:09:36.874+0800: 201.051: [GC (Allocation Failure) 2016-10-23T19:09:36.874+0800: 201.051: [ParNew
Desired survivor size 20112992 bytes, new threshold 8 (max 8)
- age   1:    5477552 bytes,    5477552 total
- age   2:    5351336 bytes,   10828888 total
- age   3:     308680 bytes,   11137568 total
- age   5:      65840 bytes,   11203408 total
- age   7:        880 bytes,   11204288 total
- age   8:         32 bytes,   11204320 total
: 94865K->12399K(109248K), 0.0059269 secs] 240545K->158082K(502464K), 0.0059778 secs] [Times: user=0.03 sys=0.00, real=0.01 secs] 
Heap after GC invocations=329 (full 11):
 par new generation   total 109248K, used 12399K [0x00000007a0000000, 0x00000007a8000000, 0x00000007a8000000)
  eden space 87424K,   0% used [0x00000007a0000000, 0x00000007a0000000, 0x00000007a5560000)
  from space 21824K,  56% used [0x00000007a6ab0000, 0x00000007a76cbd70, 0x00000007a8000000)
  to   space 21824K,   0% used [0x00000007a5560000, 0x00000007a5560000, 0x00000007a6ab0000)
 concurrent mark-sweep generation total 393216K, used 145683K [0x00000007a8000000, 0x00000007c0000000, 0x00000007c0000000)
 Metaspace       used 35609K, capacity 36192K, committed 36528K, reserved 1081344K
  class space    used 4094K, capacity 4255K, committed 4272K, reserved 1048576K
}
2016-10-23T19:09:36.880+0800: 201.057: Total time for which application threads were stopped: 0.0061558 seconds, Stopping threads took: 0.0000363 seconds
2016-10-23T19:09:36.927+0800: 201.104: Total time for which application threads were stopped: 0.0006114 seconds, Stopping threads took: 0.0000536 seconds
{Heap before GC invocations=329 (full 11):
 par new generation   total 109248K, used 99823K [0x00000007a0000000, 0x00000007a8000000, 0x00000007a8000000)
  eden space 87424K, 100% used [0x00000007a0000000, 0x00000007a5560000, 0x00000007a5560000)
  from space 21824K,  56% used [0x00000007a6ab0000, 0x00000007a76cbd70, 0x00000007a8000000)
  to   space 21824K,   0% used [0x00000007a5560000, 0x00000007a5560000, 0x00000007a6ab0000)
 concurrent mark-sweep generation total 393216K, used 145683K [0x00000007a8000000, 0x00000007c0000000, 0x00000007c0000000)
 Metaspace       used 35618K, capacity 36192K, committed 36528K, reserved 1081344K
  class space    used 4095K, capacity 4255K, committed 4272K, reserved 1048576K
2016-10-23T19:09:37.076+0800: 201.253: [GC (Allocation Failure) 2016-10-23T19:09:37.076+0800: 201.253: [ParNew
Desired survivor size 20112992 bytes, new threshold 8 (max 8)
- age   1:    4410176 bytes,    4410176 total
- age   2:    3622648 bytes,    8032824 total
- age   3:    5331856 bytes,   13364680 total
- age   4:     308680 bytes,   13673360 total
- age   6:      65840 bytes,   13739200 total
- age   8:        880 bytes,   13740080 total
: 99823K->18320K(109248K), 0.0060469 secs] 245506K->164003K(502464K), 0.0061165 secs] [Times: user=0.03 sys=0.00, real=0.01 secs] 
Heap after GC invocations=330 (full 11):
 par new generation   total 109248K, used 18320K [0x00000007a0000000, 0x00000007a8000000, 0x00000007a8000000)
  eden space 87424K,   0% used [0x00000007a0000000, 0x00000007a0000000, 0x00000007a5560000)
  from space 21824K,  83% used [0x00000007a5560000, 0x00000007a6744100, 0x00000007a6ab0000)
  to   space 21824K,   0% used [0x00000007a6ab0000, 0x00000007a6ab0000, 0x00000007a8000000)
 concurrent mark-sweep generation total 393216K, used 145683K [0x00000007a8000000, 0x00000007c0000000, 0x00000007c0000000)
 Metaspace       used 35618K, capacity 36192K, committed 36528K, reserved 1081344K
  class space    used 4095K, capacity 4255K, committed 4272K, reserved 1048576K
}
2016-10-23T19:09:37.082+0800: 201.259: Total time for which application threads were stopped: 0.0063760 seconds, Stopping threads took: 0.0000637 seconds
{Heap before GC invocations=330 (full 11):
 par new generation   total 109248K, used 105690K [0x00000007a0000000, 0x00000007a8000000, 0x00000007a8000000)
  eden space 87424K,  99% used [0x00000007a0000000, 0x00000007a5552730, 0x00000007a5560000)
  from space 21824K,  83% used [0x00000007a5560000, 0x00000007a6744100, 0x00000007a6ab0000)
  to   space 21824K,   0% used [0x00000007a6ab0000, 0x00000007a6ab0000, 0x00000007a8000000)
 concurrent mark-sweep generation total 393216K, used 145683K [0x00000007a8000000, 0x00000007c0000000, 0x00000007c0000000)
 Metaspace       used 35640K, capacity 36192K, committed 36528K, reserved 1081344K
  class space    used 4098K, capacity 4255K, committed 4272K, reserved 1048576K
2016-10-23T19:09:37.309+0800: 201.485: [GC (Allocation Failure) 2016-10-23T19:09:37.309+0800: 201.485: [ParNew
Desired survivor size 20112992 bytes, new threshold 8 (max 8)
- age   1:   10693912 bytes,   10693912 total
- age   2:    2191720 bytes,   12885632 total
- age   3:    2688992 bytes,   15574624 total
- age   4:    3643504 bytes,   19218128 total
- age   5:       1760 bytes,   19219888 total
- age   7:      65840 bytes,   19285728 total
: 105690K->21824K(109248K), 0.0087186 secs] 251373K->167550K(502464K), 0.0087823 secs] [Times: user=0.04 sys=0.01, real=0.01 secs] 
Heap after GC invocations=331 (full 11):
 par new generation   total 109248K, used 21824K [0x00000007a0000000, 0x00000007a8000000, 0x00000007a8000000)
  eden space 87424K,   0% used [0x00000007a0000000, 0x00000007a0000000, 0x00000007a5560000)
  from space 21824K, 100% used [0x00000007a6ab0000, 0x00000007a8000000, 0x00000007a8000000)
  to   space 21824K,   0% used [0x00000007a5560000, 0x00000007a5560000, 0x00000007a6ab0000)
 concurrent mark-sweep generation total 393216K, used 145726K [0x00000007a8000000, 0x00000007c0000000, 0x00000007c0000000)
 Metaspace       used 35640K, capacity 36192K, committed 36528K, reserved 1081344K
  class space    used 4098K, capacity 4255K, committed 4272K, reserved 1048576K
}
2016-10-23T19:09:37.317+0800: 201.494: Total time for which application threads were stopped: 0.0090136 seconds, Stopping threads took: 0.0000390 seconds
{Heap before GC invocations=331 (full 11):
 par new generation   total 109248K, used 109248K [0x00000007a0000000, 0x00000007a8000000, 0x00000007a8000000)
  eden space 87424K, 100% used [0x00000007a0000000, 0x00000007a5560000, 0x00000007a5560000)
  from space 21824K, 100% used [0x00000007a6ab0000, 0x00000007a8000000, 0x00000007a8000000)
  to   space 21824K,   0% used [0x00000007a5560000, 0x00000007a5560000, 0x00000007a6ab0000)
 concurrent mark-sweep generation total 393216K, used 145726K [0x00000007a8000000, 0x00000007c0000000, 0x00000007c0000000)
 Metaspace       used 35652K, capacity 36192K, committed 36528K, reserved 1081344K
  class space    used 4099K, capacity 4255K, committed 4272K, reserved 1048576K
2016-10-23T19:09:37.548+0800: 201.724: [GC (Allocation Failure) 2016-10-23T19:09:37.548+0800: 201.724: [ParNew
Desired survivor size 20112992 bytes, new threshold 8 (max 8)
- age   1:    5711832 bytes,    5711832 total
- age   2:    6492192 bytes,   12204024 total
- age   3:    2043744 bytes,   14247768 total
- age   4:    2454072 bytes,   16701840 total
- age   5:    2922544 bytes,   19624384 total
- age   6:       1760 bytes,   19626144 total
- age   8:      65840 bytes,   19691984 total
: 109248K->21824K(109248K), 0.0118755 secs] 254974K->169520K(502464K), 0.0119459 secs] [Times: user=0.05 sys=0.00, real=0.01 secs] 
Heap after GC invocations=332 (full 11):
 par new generation   total 109248K, used 21824K [0x00000007a0000000, 0x00000007a8000000, 0x00000007a8000000)
  eden space 87424K,   0% used [0x00000007a0000000, 0x00000007a0000000, 0x00000007a5560000)
  from space 21824K, 100% used [0x00000007a5560000, 0x00000007a6ab0000, 0x00000007a6ab0000)
  to   space 21824K,   0% used [0x00000007a6ab0000, 0x00000007a6ab0000, 0x00000007a8000000)
 concurrent mark-sweep generation total 393216K, used 147696K [0x00000007a8000000, 0x00000007c0000000, 0x00000007c0000000)
 Metaspace       used 35652K, capacity 36192K, committed 36528K, reserved 1081344K
  class space    used 4099K, capacity 4255K, committed 4272K, reserved 1048576K
}
2016-10-23T19:09:37.560+0800: 201.736: Total time for which application threads were stopped: 0.0121542 seconds, Stopping threads took: 0.0000604 seconds
{Heap before GC invocations=332 (full 11):
 par new generation   total 109248K, used 109248K [0x00000007a0000000, 0x00000007a8000000, 0x00000007a8000000)
  eden space 87424K, 100% used [0x00000007a0000000, 0x00000007a5560000, 0x00000007a5560000)
  from space 21824K, 100% used [0x00000007a5560000, 0x00000007a6ab0000, 0x00000007a6ab0000)
  to   space 21824K,   0% used [0x00000007a6ab0000, 0x00000007a6ab0000, 0x00000007a8000000)
 concurrent mark-sweep generation total 393216K, used 147696K [0x00000007a8000000, 0x00000007c0000000, 0x00000007c0000000)
 Metaspace       used 35657K, capacity 36192K, committed 36528K, reserved 1081344K
  class space    used 4099K, capacity 4255K, committed 4272K, reserved 1048576K
2016-10-23T19:09:37.752+0800: 201.929: [GC (Allocation Failure) 2016-10-23T19:09:37.752+0800: 201.929: [ParNew
Desired survivor size 20112992 bytes, new threshold 8 (max 8)
- age   1:    5304312 bytes,    5304312 total
- age   2:    2211392 bytes,    7515704 total
- age   3:    4477600 bytes,   11993304 total
- age   4:    1891144 bytes,   13884448 total
- age   5:    2390096 bytes,   16274544 total
- age   6:    2864224 bytes,   19138768 total
- age   7:       1760 bytes,   19140528 total
: 109248K->21824K(109248K), 0.0127179 secs] 256944K->171202K(502464K), 0.0128292 secs] [Times: user=0.05 sys=0.00, real=0.01 secs] 
Heap after GC invocations=333 (full 11):
 par new generation   total 109248K, used 21824K [0x00000007a0000000, 0x00000007a8000000, 0x00000007a8000000)
  eden space 87424K,   0% used [0x00000007a0000000, 0x00000007a0000000, 0x00000007a5560000)
  from space 21824K, 100% used [0x00000007a6ab0000, 0x00000007a8000000, 0x00000007a8000000)
  to   space 21824K,   0% used [0x00000007a5560000, 0x00000007a5560000, 0x00000007a6ab0000)
 concurrent mark-sweep generation total 393216K, used 149378K [0x00000007a8000000, 0x00000007c0000000, 0x00000007c0000000)
 Metaspace       used 35657K, capacity 36192K, committed 36528K, reserved 1081344K
  class space    used 4099K, capacity 4255K, committed 4272K, reserved 1048576K
}
2016-10-23T19:09:37.765+0800: 201.942: Total time for which application threads were stopped: 0.0132380 seconds, Stopping threads took: 0.0000614 seconds
{Heap before GC invocations=333 (full 11):
 par new generation   total 109248K, used 109248K [0x00000007a0000000, 0x00000007a8000000, 0x00000007a8000000)
  eden space 87424K, 100% used [0x00000007a0000000, 0x00000007a5560000, 0x00000007a5560000)
  from space 21824K, 100% used [0x00000007a6ab0000, 0x00000007a8000000, 0x00000007a8000000)
  to   space 21824K,   0% used [0x00000007a5560000, 0x00000007a5560000, 0x00000007a6ab0000)
 concurrent mark-sweep generation total 393216K, used 149378K [0x00000007a8000000, 0x00000007c0000000, 0x00000007c0000000)
 Metaspace       used 35658K, capacity 36192K, committed 36528K, reserved 1081344K
  class space    used 4099K, capacity 4255K, committed 4272K, reserved 1048576K
2016-10-23T19:09:38.030+0800: 202.207: [GC (Allocation Failure) 2016-10-23T19:09:38.030+0800: 202.207: [ParNew
Desired survivor size 20112992 bytes, new threshold 8 (max 8)
- age   1:    4375256 bytes,    4375256 total
- age   2:    1201408 bytes,    5576664 total
- age   3:    2162568 bytes,    7739232 total
- age   4:    3489720 bytes,   11228952 total
- age   5:    1862120 bytes,   13091072 total
- age   6:    2319672 bytes,   15410744 total
- age   7:    2781304 bytes,   18192048 total
- age   8:       1760 bytes,   18193808 total
: 109248K->21824K(109248K), 0.0124471 secs] 258626K->176541K(502464K), 0.0124959 secs] [Times: user=0.05 sys=0.00, real=0.01 secs] 
Heap after GC invocations=334 (full 11):
 par new generation   total 109248K, used 21824K [0x00000007a0000000, 0x00000007a8000000, 0x00000007a8000000)
  eden space 87424K,   0% used [0x00000007a0000000, 0x00000007a0000000, 0x00000007a5560000)
  from space 21824K, 100% used [0x00000007a5560000, 0x00000007a6ab0000, 0x00000007a6ab0000)
  to   space 21824K,   0% used [0x00000007a6ab0000, 0x00000007a6ab0000, 0x00000007a8000000)
 concurrent mark-sweep generation total 393216K, used 154717K [0x00000007a8000000, 0x00000007c0000000, 0x00000007c0000000)
 Metaspace       used 35658K, capacity 36192K, committed 36528K, reserved 1081344K
  class space    used 4099K, capacity 4255K, committed 4272K, reserved 1048576K
}
2016-10-23T19:09:38.042+0800: 202.219: Total time for which application threads were stopped: 0.0127355 seconds, Stopping threads took: 0.0000758 seconds
{Heap before GC invocations=334 (full 11):
 par new generation   total 109248K, used 109248K [0x00000007a0000000, 0x00000007a8000000, 0x00000007a8000000)
  eden space 87424K, 100% used [0x00000007a0000000, 0x00000007a5560000, 0x00000007a5560000)
  from space 21824K, 100% used [0x00000007a5560000, 0x00000007a6ab0000, 0x00000007a6ab0000)
  to   space 21824K,   0% used [0x00000007a6ab0000, 0x00000007a6ab0000, 0x00000007a8000000)
 concurrent mark-sweep generation total 393216K, used 154717K [0x00000007a8000000, 0x00000007c0000000, 0x00000007c0000000)
 Metaspace       used 35658K, capacity 36192K, committed 36528K, reserved 1081344K
  class space    used 4099K, capacity 4255K, committed 4272K, reserved 1048576K
2016-10-23T19:09:38.261+0800: 202.438: [GC (Allocation Failure) 2016-10-23T19:09:38.261+0800: 202.438: [ParNew
Desired survivor size 20112992 bytes, new threshold 8 (max 8)
- age   1:    8881976 bytes,    8881976 total
- age   2:    1573760 bytes,   10455736 total
- age   3:     886656 bytes,   11342392 total
- age   4:    1043352 bytes,   12385744 total
- age   5:    1978840 bytes,   14364584 total
- age   6:     853088 bytes,   15217672 total
- age   7:    1908200 bytes,   17125872 total
- age   8:    2664088 bytes,   19789960 total
: 109248K->21824K(109248K), 0.0114443 secs] 263965K->182081K(502464K), 0.0115306 secs] [Times: user=0.04 sys=0.00, real=0.01 secs] 
Heap after GC invocations=335 (full 11):
 par new generation   total 109248K, used 21824K [0x00000007a0000000, 0x00000007a8000000, 0x00000007a8000000)
  eden space 87424K,   0% used [0x00000007a0000000, 0x00000007a0000000, 0x00000007a5560000)
  from space 21824K, 100% used [0x00000007a6ab0000, 0x00000007a8000000, 0x00000007a8000000)
  to   space 21824K,   0% used [0x00000007a5560000, 0x00000007a5560000, 0x00000007a6ab0000)
 concurrent mark-sweep generation total 393216K, used 160257K [0x00000007a8000000, 0x00000007c0000000, 0x00000007c0000000)
 Metaspace       used 35658K, capacity 36192K, committed 36528K, reserved 1081344K
  class space    used 4099K, capacity 4255K, committed 4272K, reserved 1048576K
}
2016-10-23T19:09:38.273+0800: 202.450: Total time for which application threads were stopped: 0.0117809 seconds, Stopping threads took: 0.0000819 seconds
{Heap before GC invocations=335 (full 11):
 par new generation   total 109248K, used 109248K [0x00000007a0000000, 0x00000007a8000000, 0x00000007a8000000)
  eden space 87424K, 100% used [0x00000007a0000000, 0x00000007a5560000, 0x00000007a5560000)
  from space 21824K, 100% used [0x00000007a6ab0000, 0x00000007a8000000, 0x00000007a8000000)
  to   space 21824K,   0% used [0x00000007a5560000, 0x00000007a5560000, 0x00000007a6ab0000)
 concurrent mark-sweep generation total 393216K, used 160257K [0x00000007a8000000, 0x00000007c0000000, 0x00000007c0000000)
 Metaspace       used 35658K, capacity 36192K, committed 36528K, reserved 1081344K
  class space    used 4099K, capacity 4255K, committed 4272K, reserved 1048576K
2016-10-23T19:09:38.464+0800: 202.640: [GC (Allocation Failure) 2016-10-23T19:09:38.464+0800: 202.641: [ParNew
Desired survivor size 20112992 bytes, new threshold 8 (max 8)
- age   1:    7528360 bytes,    7528360 total
- age   2:    4065432 bytes,   11593792 total
- age   3:    1437904 bytes,   13031696 total
- age   4:     886128 bytes,   13917824 total
- age   5:    1043376 bytes,   14961200 total
- age   6:     930248 bytes,   15891448 total
- age   7:     820304 bytes,   16711752 total
- age   8:    1908200 bytes,   18619952 total
: 109248K->21824K(109248K), 0.0146292 secs] 269505K->185732K(502464K), 0.0147826 secs] [Times: user=0.08 sys=0.00, real=0.01 secs] 
Heap after GC invocations=336 (full 11):
 par new generation   total 109248K, used 21824K [0x00000007a0000000, 0x00000007a8000000, 0x00000007a8000000)
  eden space 87424K,   0% used [0x00000007a0000000, 0x00000007a0000000, 0x00000007a5560000)
  from space 21824K, 100% used [0x00000007a5560000, 0x00000007a6ab0000, 0x00000007a6ab0000)
  to   space 21824K,   0% used [0x00000007a6ab0000, 0x00000007a6ab0000, 0x00000007a8000000)
 concurrent mark-sweep generation total 393216K, used 163908K [0x00000007a8000000, 0x00000007c0000000, 0x00000007c0000000)
 Metaspace       used 35658K, capacity 36192K, committed 36528K, reserved 1081344K
  class space    used 4099K, capacity 4255K, committed 4272K, reserved 1048576K
}
2016-10-23T19:09:38.478+0800: 202.655: Total time for which application threads were stopped: 0.0150258 seconds, Stopping threads took: 0.0000870 seconds
{Heap before GC invocations=336 (full 11):
 par new generation   total 109248K, used 109200K [0x00000007a0000000, 0x00000007a8000000, 0x00000007a8000000)
  eden space 87424K,  99% used [0x00000007a0000000, 0x00000007a5554340, 0x00000007a5560000)
  from space 21824K, 100% used [0x00000007a5560000, 0x00000007a6ab0000, 0x00000007a6ab0000)
  to   space 21824K,   0% used [0x00000007a6ab0000, 0x00000007a6ab0000, 0x00000007a8000000)
 concurrent mark-sweep generation total 393216K, used 163908K [0x00000007a8000000, 0x00000007c0000000, 0x00000007c0000000)
 Metaspace       used 35660K, capacity 36192K, committed 36528K, reserved 1081344K
  class space    used 4099K, capacity 4255K, committed 4272K, reserved 1048576K
2016-10-23T19:09:38.679+0800: 202.856: [GC (Allocation Failure) 2016-10-23T19:09:38.679+0800: 202.856: [ParNew
Desired survivor size 20112992 bytes, new threshold 8 (max 8)
- age   1:    5572208 bytes,    5572208 total
- age   2:    3379528 bytes,    8951736 total
- age   3:    3750312 bytes,   12702048 total
- age   4:    1432928 bytes,   14134976 total
- age   5:     886128 bytes,   15021104 total
- age   6:    1043352 bytes,   16064456 total
- age   7:     930248 bytes,   16994704 total
- age   8:     820304 bytes,   17815008 total
: 109200K->21824K(109248K), 0.0092307 secs] 273108K->189677K(502464K), 0.0093077 secs] [Times: user=0.04 sys=0.00, real=0.01 secs] 
Heap after GC invocations=337 (full 11):
 par new generation   total 109248K, used 21824K [0x00000007a0000000, 0x00000007a8000000, 0x00000007a8000000)
  eden space 87424K,   0% used [0x00000007a0000000, 0x00000007a0000000, 0x00000007a5560000)
  from space 21824K, 100% used [0x00000007a6ab0000, 0x00000007a8000000, 0x00000007a8000000)
  to   space 21824K,   0% used [0x00000007a5560000, 0x00000007a5560000, 0x00000007a6ab0000)
 concurrent mark-sweep generation total 393216K, used 167853K [0x00000007a8000000, 0x00000007c0000000, 0x00000007c0000000)
 Metaspace       used 35660K, capacity 36192K, committed 36528K, reserved 1081344K
  class space    used 4099K, capacity 4255K, committed 4272K, reserved 1048576K
}
2016-10-23T19:09:38.689+0800: 202.866: Total time for which application threads were stopped: 0.0095100 seconds, Stopping threads took: 0.0000686 seconds
{Heap before GC invocations=337 (full 11):
 par new generation   total 109248K, used 109248K [0x00000007a0000000, 0x00000007a8000000, 0x00000007a8000000)
  eden space 87424K, 100% used [0x00000007a0000000, 0x00000007a5560000, 0x00000007a5560000)
  from space 21824K, 100% used [0x00000007a6ab0000, 0x00000007a8000000, 0x00000007a8000000)
  to   space 21824K,   0% used [0x00000007a5560000, 0x00000007a5560000, 0x00000007a6ab0000)
 concurrent mark-sweep generation total 393216K, used 167853K [0x00000007a8000000, 0x00000007c0000000, 0x00000007c0000000)
 Metaspace       used 35660K, capacity 36192K, committed 36528K, reserved 1081344K
  class space    used 4099K, capacity 4255K, committed 4272K, reserved 1048576K
2016-10-23T19:09:38.944+0800: 203.121: [GC (Allocation Failure) 2016-10-23T19:09:38.944+0800: 203.121: [ParNew
Desired survivor size 20112992 bytes, new threshold 8 (max 8)
- age   1:    6232152 bytes,    6232152 total
- age   2:    1838064 bytes,    8070216 total
- age   3:    1015336 bytes,    9085552 total
- age   4:    3618568 bytes,   12704120 total
- age   5:    1386040 bytes,   14090160 total
- age   6:     835264 bytes,   14925424 total
- age   7:     977328 bytes,   15902752 total
- age   8:     895744 bytes,   16798496 total
: 109248K->21824K(109248K), 0.0122185 secs] 277101K->197453K(502464K), 0.0122716 secs] [Times: user=0.04 sys=0.00, real=0.01 secs] 
Heap after GC invocations=338 (full 11):
 par new generation   total 109248K, used 21824K [0x00000007a0000000, 0x00000007a8000000, 0x00000007a8000000)
  eden space 87424K,   0% used [0x00000007a0000000, 0x00000007a0000000, 0x00000007a5560000)
  from space 21824K, 100% used [0x00000007a5560000, 0x00000007a6ab0000, 0x00000007a6ab0000)
  to   space 21824K,   0% used [0x00000007a6ab0000, 0x00000007a6ab0000, 0x00000007a8000000)
 concurrent mark-sweep generation total 393216K, used 175629K [0x00000007a8000000, 0x00000007c0000000, 0x00000007c0000000)
 Metaspace       used 35660K, capacity 36192K, committed 36528K, reserved 1081344K
  class space    used 4099K, capacity 4255K, committed 4272K, reserved 1048576K
}
2016-10-23T19:09:38.956+0800: 203.133: Total time for which application threads were stopped: 0.0124412 seconds, Stopping threads took: 0.0000195 seconds
{Heap before GC invocations=338 (full 11):
 par new generation   total 109248K, used 109248K [0x00000007a0000000, 0x00000007a8000000, 0x00000007a8000000)
  eden space 87424K, 100% used [0x00000007a0000000, 0x00000007a5560000, 0x00000007a5560000)
  from space 21824K, 100% used [0x00000007a5560000, 0x00000007a6ab0000, 0x00000007a6ab0000)
  to   space 21824K,   0% used [0x00000007a6ab0000, 0x00000007a6ab0000, 0x00000007a8000000)
 concurrent mark-sweep generation total 393216K, used 175629K [0x00000007a8000000, 0x00000007c0000000, 0x00000007c0000000)
 Metaspace       used 35660K, capacity 36192K, committed 36528K, reserved 1081344K
  class space    used 4099K, capacity 4255K, committed 4272K, reserved 1048576K
2016-10-23T19:09:39.164+0800: 203.341: [GC (Allocation Failure) 2016-10-23T19:09:39.164+0800: 203.341: [ParNew
Desired survivor size 20112992 bytes, new threshold 8 (max 8)
- age   1:    4694960 bytes,    4694960 total
- age   2:    5454616 bytes,   10149576 total
- age   3:    1672336 bytes,   11821912 total
- age   4:     852520 bytes,   12674432 total
- age   5:    3604304 bytes,   16278736 total
- age   6:    1360256 bytes,   17638992 total
- age   7:     819096 bytes,   18458088 total
- age   8:     971248 bytes,   19429336 total
: 109248K->21824K(109248K), 0.0118787 secs] 284877K->203978K(502464K), 0.0119505 secs] [Times: user=0.04 sys=0.00, real=0.01 secs] 
Heap after GC invocations=339 (full 11):
 par new generation   total 109248K, used 21824K [0x00000007a0000000, 0x00000007a8000000, 0x00000007a8000000)
  eden space 87424K,   0% used [0x00000007a0000000, 0x00000007a0000000, 0x00000007a5560000)
  from space 21824K, 100% used [0x00000007a6ab0000, 0x00000007a8000000, 0x00000007a8000000)
  to   space 21824K,   0% used [0x00000007a5560000, 0x00000007a5560000, 0x00000007a6ab0000)
 concurrent mark-sweep generation total 393216K, used 182154K [0x00000007a8000000, 0x00000007c0000000, 0x00000007c0000000)
 Metaspace       used 35660K, capacity 36192K, committed 36528K, reserved 1081344K
  class space    used 4099K, capacity 4255K, committed 4272K, reserved 1048576K
}
2016-10-23T19:09:39.176+0800: 203.353: Total time for which application threads were stopped: 0.0121712 seconds, Stopping threads took: 0.0000764 seconds
{Heap before GC invocations=339 (full 11):
 par new generation   total 109248K, used 109248K [0x00000007a0000000, 0x00000007a8000000, 0x00000007a8000000)
  eden space 87424K, 100% used [0x00000007a0000000, 0x00000007a5560000, 0x00000007a5560000)
  from space 21824K, 100% used [0x00000007a6ab0000, 0x00000007a8000000, 0x00000007a8000000)
  to   space 21824K,   0% used [0x00000007a5560000, 0x00000007a5560000, 0x00000007a6ab0000)
 concurrent mark-sweep generation total 393216K, used 182154K [0x00000007a8000000, 0x00000007c0000000, 0x00000007c0000000)
 Metaspace       used 35662K, capacity 36192K, committed 36528K, reserved 1081344K
  class space    used 4099K, capacity 4255K, committed 4272K, reserved 1048576K
2016-10-23T19:09:39.405+0800: 203.582: [GC (Allocation Failure) 2016-10-23T19:09:39.405+0800: 203.582: [ParNew
Desired survivor size 20112992 bytes, new threshold 8 (max 8)
- age   1:    3420864 bytes,    3420864 total
- age   2:    2668144 bytes,    6089008 total
- age   3:    4596560 bytes,   10685568 total
- age   4:     821288 bytes,   11506856 total
- age   5:     808152 bytes,   12315008 total
- age   6:    3565440 bytes,   15880448 total
- age   7:    1315560 bytes,   17196008 total
- age   8:     787064 bytes,   17983072 total
: 109248K->21824K(109248K), 0.0102004 secs] 291402K->210815K(502464K), 0.0102586 secs] [Times: user=0.04 sys=0.00, real=0.01 secs] 
Heap after GC invocations=340 (full 11):
 par new generation   total 109248K, used 21824K [0x00000007a0000000, 0x00000007a8000000, 0x00000007a8000000)
  eden space 87424K,   0% used [0x00000007a0000000, 0x00000007a0000000, 0x00000007a5560000)
  from space 21824K, 100% used [0x00000007a5560000, 0x00000007a6ab0000, 0x00000007a6ab0000)
  to   space 21824K,   0% used [0x00000007a6ab0000, 0x00000007a6ab0000, 0x00000007a8000000)
 concurrent mark-sweep generation total 393216K, used 188991K [0x00000007a8000000, 0x00000007c0000000, 0x00000007c0000000)
 Metaspace       used 35662K, capacity 36192K, committed 36528K, reserved 1081344K
  class space    used 4099K, capacity 4255K, committed 4272K, reserved 1048576K
}
2016-10-23T19:09:39.416+0800: 203.593: Total time for which application threads were stopped: 0.0104816 seconds, Stopping threads took: 0.0000699 seconds
{Heap before GC invocations=340 (full 11):
 par new generation   total 109248K, used 109248K [0x00000007a0000000, 0x00000007a8000000, 0x00000007a8000000)
  eden space 87424K, 100% used [0x00000007a0000000, 0x00000007a5560000, 0x00000007a5560000)
  from space 21824K, 100% used [0x00000007a5560000, 0x00000007a6ab0000, 0x00000007a6ab0000)
  to   space 21824K,   0% used [0x00000007a6ab0000, 0x00000007a6ab0000, 0x00000007a8000000)
 concurrent mark-sweep generation total 393216K, used 188991K [0x00000007a8000000, 0x00000007c0000000, 0x00000007c0000000)
 Metaspace       used 35663K, capacity 36192K, committed 36528K, reserved 1081344K
  class space    used 4099K, capacity 4255K, committed 4272K, reserved 1048576K
2016-10-23T19:09:39.585+0800: 203.762: [GC (Allocation Failure) 2016-10-23T19:09:39.585+0800: 203.762: [ParNew
Desired survivor size 20112992 bytes, new threshold 8 (max 8)
- age   1:    4257656 bytes,    4257656 total
- age   2:    2050752 bytes,    6308408 total
- age   3:    1034152 bytes,    7342560 total
- age   4:    4577792 bytes,   11920352 total
- age   5:     808296 bytes,   12728648 total
- age   6:     795440 bytes,   13524088 total
- age   7:    3488752 bytes,   17012840 total
- age   8:    1302232 bytes,   18315072 total
: 109248K->21824K(109248K), 0.0097128 secs] 298239K->215583K(502464K), 0.0098381 secs] [Times: user=0.03 sys=0.00, real=0.01 secs] 
Heap after GC invocations=341 (full 11):
 par new generation   total 109248K, used 21824K [0x00000007a0000000, 0x00000007a8000000, 0x00000007a8000000)
  eden space 87424K,   0% used [0x00000007a0000000, 0x00000007a0000000, 0x00000007a5560000)
  from space 21824K, 100% used [0x00000007a6ab0000, 0x00000007a8000000, 0x00000007a8000000)
  to   space 21824K,   0% used [0x00000007a5560000, 0x00000007a5560000, 0x00000007a6ab0000)
 concurrent mark-sweep generation total 393216K, used 193759K [0x00000007a8000000, 0x00000007c0000000, 0x00000007c0000000)
 Metaspace       used 35663K, capacity 36192K, committed 36528K, reserved 1081344K
  class space    used 4099K, capacity 4255K, committed 4272K, reserved 1048576K
}
2016-10-23T19:09:39.595+0800: 203.772: Total time for which application threads were stopped: 0.0101566 seconds, Stopping threads took: 0.0000914 seconds
{Heap before GC invocations=341 (full 11):
 par new generation   total 109248K, used 109168K [0x00000007a0000000, 0x00000007a8000000, 0x00000007a8000000)
  eden space 87424K,  99% used [0x00000007a0000000, 0x00000007a554c160, 0x00000007a5560000)
  from space 21824K, 100% used [0x00000007a6ab0000, 0x00000007a8000000, 0x00000007a8000000)
  to   space 21824K,   0% used [0x00000007a5560000, 0x00000007a5560000, 0x00000007a6ab0000)
 concurrent mark-sweep generation total 393216K, used 193759K [0x00000007a8000000, 0x00000007c0000000, 0x00000007c0000000)
 Metaspace       used 35663K, capacity 36192K, committed 36528K, reserved 1081344K
  class space    used 4099K, capacity 4255K, committed 4272K, reserved 1048576K
2016-10-23T19:09:39.864+0800: 204.041: [GC (Allocation Failure) 2016-10-23T19:09:39.864+0800: 204.041: [ParNew
Desired survivor size 20112992 bytes, new threshold 8 (max 8)
- age   1:    7518784 bytes,    7518784 total
- age   2:    4159864 bytes,   11678648 total
- age   3:    1661160 bytes,   13339808 total
- age   4:     712624 bytes,   14052432 total
- age   5:    4163928 bytes,   18216360 total
- age   6:     741296 bytes,   18957656 total
- age   7:     664072 bytes,   19621728 total
- age   8:     832592 bytes,   20454320 total
: 109168K->21824K(109248K), 0.0115660 secs] 302927K->225190K(502464K), 0.0116435 secs] [Times: user=0.04 sys=0.00, real=0.01 secs] 
Heap after GC invocations=342 (full 11):
 par new generation   total 109248K, used 21824K [0x00000007a0000000, 0x00000007a8000000, 0x00000007a8000000)
  eden space 87424K,   0% used [0x00000007a0000000, 0x00000007a0000000, 0x00000007a5560000)
  from space 21824K, 100% used [0x00000007a5560000, 0x00000007a6ab0000, 0x00000007a6ab0000)
  to   space 21824K,   0% used [0x00000007a6ab0000, 0x00000007a6ab0000, 0x00000007a8000000)
 concurrent mark-sweep generation total 393216K, used 203366K [0x00000007a8000000, 0x00000007c0000000, 0x00000007c0000000)
 Metaspace       used 35663K, capacity 36192K, committed 36528K, reserved 1081344K
  class space    used 4099K, capacity 4255K, committed 4272K, reserved 1048576K
}
2016-10-23T19:09:39.876+0800: 204.053: Total time for which application threads were stopped: 0.0118678 seconds, Stopping threads took: 0.0000656 seconds
2016-10-23T19:09:39.876+0800: 204.053: [GC (CMS Initial Mark) [1 CMS-initial-mark: 203366K(393216K)] 225702K(502464K), 0.0016680 secs] [Times: user=0.00 sys=0.00, real=0.00 secs] 
2016-10-23T19:09:39.878+0800: 204.055: Total time for which application threads were stopped: 0.0018065 seconds, Stopping threads took: 0.0000502 seconds
2016-10-23T19:09:39.878+0800: 204.055: [CMS-concurrent-mark-start]
2016-10-23T19:09:39.912+0800: 204.089: [CMS-concurrent-mark: 0.034/0.034 secs] [Times: user=0.20 sys=0.00, real=0.04 secs] 
2016-10-23T19:09:39.912+0800: 204.089: [CMS-concurrent-preclean-start]
2016-10-23T19:09:39.914+0800: 204.091: [CMS-concurrent-preclean: 0.002/0.002 secs] [Times: user=0.01 sys=0.00, real=0.00 secs] 
2016-10-23T19:09:39.914+0800: 204.091: [CMS-concurrent-abortable-preclean-start]
{Heap before GC invocations=342 (full 12):
 par new generation   total 109248K, used 109248K [0x00000007a0000000, 0x00000007a8000000, 0x00000007a8000000)
  eden space 87424K, 100% used [0x00000007a0000000, 0x00000007a5560000, 0x00000007a5560000)
  from space 21824K, 100% used [0x00000007a5560000, 0x00000007a6ab0000, 0x00000007a6ab0000)
  to   space 21824K,   0% used [0x00000007a6ab0000, 0x00000007a6ab0000, 0x00000007a8000000)
 concurrent mark-sweep generation total 393216K, used 203366K [0x00000007a8000000, 0x00000007c0000000, 0x00000007c0000000)
 Metaspace       used 35665K, capacity 36192K, committed 36528K, reserved 1081344K
  class space    used 4099K, capacity 4255K, committed 4272K, reserved 1048576K
2016-10-23T19:09:40.104+0800: 204.281: [GC (Allocation Failure) 2016-10-23T19:09:40.104+0800: 204.281: [ParNew
Desired survivor size 20112992 bytes, new threshold 8 (max 8)
- age   1:    4661176 bytes,    4661176 total
- age   2:    5039704 bytes,    9700880 total
- age   3:    2357992 bytes,   12058872 total
- age   4:    1627416 bytes,   13686288 total
- age   5:     684952 bytes,   14371240 total
- age   6:    4100936 bytes,   18472176 total
- age   7:     714568 bytes,   19186744 total
- age   8:     642512 bytes,   19829256 total
: 109248K->21824K(109248K), 0.0107042 secs] 312614K->231617K(502464K), 0.0107700 secs] [Times: user=0.03 sys=0.01, real=0.01 secs] 
Heap after GC invocations=343 (full 12):
 par new generation   total 109248K, used 21824K [0x00000007a0000000, 0x00000007a8000000, 0x00000007a8000000)
  eden space 87424K,   0% used [0x00000007a0000000, 0x00000007a0000000, 0x00000007a5560000)
  from space 21824K, 100% used [0x00000007a6ab0000, 0x00000007a8000000, 0x00000007a8000000)
  to   space 21824K,   0% used [0x00000007a5560000, 0x00000007a5560000, 0x00000007a6ab0000)
 concurrent mark-sweep generation total 393216K, used 209793K [0x00000007a8000000, 0x00000007c0000000, 0x00000007c0000000)
 Metaspace       used 35665K, capacity 36192K, committed 36528K, reserved 1081344K
  class space    used 4099K, capacity 4255K, committed 4272K, reserved 1048576K
}
2016-10-23T19:09:40.115+0800: 204.292: Total time for which application threads were stopped: 0.0110490 seconds, Stopping threads took: 0.0001106 seconds
2016-10-23T19:09:40.241+0800: 204.418: [CMS-concurrent-abortable-preclean: 0.314/0.326 secs] [Times: user=1.02 sys=0.01, real=0.33 secs] 
2016-10-23T19:09:40.241+0800: 204.418: [GC (CMS Final Remark) [YG occupancy: 85912 K (109248 K)]{Heap before GC invocations=343 (full 12):
 par new generation   total 109248K, used 85912K [0x00000007a0000000, 0x00000007a8000000, 0x00000007a8000000)
  eden space 87424K,  73% used [0x00000007a0000000, 0x00000007a3e960d8, 0x00000007a5560000)
  from space 21824K, 100% used [0x00000007a6ab0000, 0x00000007a8000000, 0x00000007a8000000)
  to   space 21824K,   0% used [0x00000007a5560000, 0x00000007a5560000, 0x00000007a6ab0000)
 concurrent mark-sweep generation total 393216K, used 209793K [0x00000007a8000000, 0x00000007c0000000, 0x00000007c0000000)
 Metaspace       used 35665K, capacity 36192K, committed 36528K, reserved 1081344K
  class space    used 4099K, capacity 4255K, committed 4272K, reserved 1048576K
2016-10-23T19:09:40.241+0800: 204.418: [GC (CMS Final Remark) 2016-10-23T19:09:40.241+0800: 204.418: [ParNew
Desired survivor size 20112992 bytes, new threshold 8 (max 8)
- age   1:    1178856 bytes,    1178856 total
- age   2:    4425080 bytes,    5603936 total
- age   3:    4539176 bytes,   10143112 total
- age   4:    2278680 bytes,   12421792 total
- age   5:     854128 bytes,   13275920 total
- age   6:     622664 bytes,   13898584 total
- age   7:    4080176 bytes,   17978760 total
- age   8:     699216 bytes,   18677976 total
: 85912K->21824K(109248K), 0.0097507 secs] 295705K->237782K(502464K), 0.0098095 secs] [Times: user=0.03 sys=0.00, real=0.01 secs] 
Heap after GC invocations=344 (full 12):
 par new generation   total 109248K, used 21824K [0x00000007a0000000, 0x00000007a8000000, 0x00000007a8000000)
  eden space 87424K,   0% used [0x00000007a0000000, 0x00000007a0000000, 0x00000007a5560000)
  from space 21824K, 100% used [0x00000007a5560000, 0x00000007a6ab0000, 0x00000007a6ab0000)
  to   space 21824K,   0% used [0x00000007a6ab0000, 0x00000007a6ab0000, 0x00000007a8000000)
 concurrent mark-sweep generation total 393216K, used 215958K [0x00000007a8000000, 0x00000007c0000000, 0x00000007c0000000)
 Metaspace       used 35665K, capacity 36192K, committed 36528K, reserved 1081344K
  class space    used 4099K, capacity 4255K, committed 4272K, reserved 1048576K
}
2016-10-23T19:09:40.251+0800: 204.428: [Rescan (parallel) , 0.0046125 secs]2016-10-23T19:09:40.256+0800: 204.433: [weak refs processing, 0.0009680 secs]2016-10-23T19:09:40.257+0800: 204.434: [class unloading, 0.0082734 secs]2016-10-23T19:09:40.265+0800: 204.442: [scrub symbol table, 0.0048572 secs]2016-10-23T19:09:40.270+0800: 204.447: [scrub string table, 0.0004727 secs][1 CMS-remark: 215958K(393216K)] 237782K(502464K), 0.0292819 secs] [Times: user=0.07 sys=0.00, real=0.03 secs] 
2016-10-23T19:09:40.271+0800: 204.447: Total time for which application threads were stopped: 0.0295044 seconds, Stopping threads took: 0.0000961 seconds
2016-10-23T19:09:40.271+0800: 204.448: [CMS-concurrent-sweep-start]
2016-10-23T19:09:40.316+0800: 204.493: [CMS-concurrent-sweep: 0.046/0.046 secs] [Times: user=0.13 sys=0.00, real=0.04 secs] 
2016-10-23T19:09:40.316+0800: 204.493: [CMS-concurrent-reset-start]
2016-10-23T19:09:40.317+0800: 204.494: [CMS-concurrent-reset: 0.000/0.000 secs] [Times: user=0.00 sys=0.00, real=0.00 secs] 
{Heap before GC invocations=344 (full 12):
 par new generation   total 109248K, used 109248K [0x00000007a0000000, 0x00000007a8000000, 0x00000007a8000000)
  eden space 87424K, 100% used [0x00000007a0000000, 0x00000007a5560000, 0x00000007a5560000)
  from space 21824K, 100% used [0x00000007a5560000, 0x00000007a6ab0000, 0x00000007a6ab0000)
  to   space 21824K,   0% used [0x00000007a6ab0000, 0x00000007a6ab0000, 0x00000007a8000000)
 concurrent mark-sweep generation total 393216K, used 116006K [0x00000007a8000000, 0x00000007c0000000, 0x00000007c0000000)
 Metaspace       used 35665K, capacity 36192K, committed 36528K, reserved 1081344K
  class space    used 4099K, capacity 4255K, committed 4272K, reserved 1048576K
2016-10-23T19:09:40.434+0800: 204.611: [GC (Allocation Failure) 2016-10-23T19:09:40.434+0800: 204.611: [ParNew
Desired survivor size 20112992 bytes, new threshold 8 (max 8)
- age   1:    5888248 bytes,    5888248 total
- age   2:    1146928 bytes,    7035176 total
- age   3:    1404944 bytes,    8440120 total
- age   4:    4526944 bytes,   12967064 total
- age   5:    1625048 bytes,   14592112 total
- age   6:     797464 bytes,   15389576 total
- age   7:     564648 bytes,   15954224 total
- age   8:     812992 bytes,   16767216 total
: 109248K->21824K(109248K), 0.0093976 secs] 225254K->147341K(502464K), 0.0094977 secs] [Times: user=0.03 sys=0.00, real=0.01 secs] 
Heap after GC invocations=345 (full 12):
 par new generation   total 109248K, used 21824K [0x00000007a0000000, 0x00000007a8000000, 0x00000007a8000000)
  eden space 87424K,   0% used [0x00000007a0000000, 0x00000007a0000000, 0x00000007a5560000)
  from space 21824K, 100% used [0x00000007a6ab0000, 0x00000007a8000000, 0x00000007a8000000)
  to   space 21824K,   0% used [0x00000007a5560000, 0x00000007a5560000, 0x00000007a6ab0000)
 concurrent mark-sweep generation total 393216K, used 125517K [0x00000007a8000000, 0x00000007c0000000, 0x00000007c0000000)
 Metaspace       used 35665K, capacity 36192K, committed 36528K, reserved 1081344K
  class space    used 4099K, capacity 4255K, committed 4272K, reserved 1048576K
}
2016-10-23T19:09:40.444+0800: 204.621: Total time for which application threads were stopped: 0.0097671 seconds, Stopping threads took: 0.0001021 seconds
2016-10-23T19:09:40.479+0800: 204.656: Total time for which application threads were stopped: 0.0002226 seconds, Stopping threads took: 0.0000823 seconds
2016-10-23T19:09:40.608+0800: 204.785: Total time for which application threads were stopped: 0.0003398 seconds, Stopping threads took: 0.0000927 seconds
2016-10-23T19:09:40.608+0800: 204.785: Total time for which application threads were stopped: 0.0001340 seconds, Stopping threads took: 0.0000616 seconds
{Heap before GC invocations=345 (full 12):
 par new generation   total 109248K, used 109248K [0x00000007a0000000, 0x00000007a8000000, 0x00000007a8000000)
  eden space 87424K, 100% used [0x00000007a0000000, 0x00000007a5560000, 0x00000007a5560000)
  from space 21824K, 100% used [0x00000007a6ab0000, 0x00000007a8000000, 0x00000007a8000000)
  to   space 21824K,   0% used [0x00000007a5560000, 0x00000007a5560000, 0x00000007a6ab0000)
 concurrent mark-sweep generation total 393216K, used 125517K [0x00000007a8000000, 0x00000007c0000000, 0x00000007c0000000)
 Metaspace       used 35665K, capacity 36192K, committed 36528K, reserved 1081344K
  class space    used 4099K, capacity 4255K, committed 4272K, reserved 1048576K
2016-10-23T19:09:40.645+0800: 204.822: [GC (Allocation Failure) 2016-10-23T19:09:40.645+0800: 204.822: [ParNew
Desired survivor size 20112992 bytes, new threshold 8 (max 8)
- age   1:    3435872 bytes,    3435872 total
- age   2:    5411328 bytes,    8847200 total
- age   3:    1093512 bytes,    9940712 total
- age   4:    1332984 bytes,   11273696 total
- age   5:    4442800 bytes,   15716496 total
- age   6:    1566176 bytes,   17282672 total
- age   7:     716872 bytes,   17999544 total
- age   8:     501928 bytes,   18501472 total
: 109248K->21824K(109248K), 0.0086440 secs] 234765K->148250K(502464K), 0.0086906 secs] [Times: user=0.03 sys=0.00, real=0.01 secs] 
Heap after GC invocations=346 (full 12):
 par new generation   total 109248K, used 21824K [0x00000007a0000000, 0x00000007a8000000, 0x00000007a8000000)
  eden space 87424K,   0% used [0x00000007a0000000, 0x00000007a0000000, 0x00000007a5560000)
  from space 21824K, 100% used [0x00000007a5560000, 0x00000007a6ab0000, 0x00000007a6ab0000)
  to   space 21824K,   0% used [0x00000007a6ab0000, 0x00000007a6ab0000, 0x00000007a8000000)
 concurrent mark-sweep generation total 393216K, used 126426K [0x00000007a8000000, 0x00000007c0000000, 0x00000007c0000000)
 Metaspace       used 35665K, capacity 36192K, committed 36528K, reserved 1081344K
  class space    used 4099K, capacity 4255K, committed 4272K, reserved 1048576K
}
2016-10-23T19:09:40.653+0800: 204.830: Total time for which application threads were stopped: 0.0088844 seconds, Stopping threads took: 0.0000671 seconds
{Heap before GC invocations=346 (full 12):
 par new generation   total 109248K, used 109248K [0x00000007a0000000, 0x00000007a8000000, 0x00000007a8000000)
  eden space 87424K, 100% used [0x00000007a0000000, 0x00000007a5560000, 0x00000007a5560000)
  from space 21824K, 100% used [0x00000007a5560000, 0x00000007a6ab0000, 0x00000007a6ab0000)
  to   space 21824K,   0% used [0x00000007a6ab0000, 0x00000007a6ab0000, 0x00000007a8000000)
 concurrent mark-sweep generation total 393216K, used 126426K [0x00000007a8000000, 0x00000007c0000000, 0x00000007c0000000)
 Metaspace       used 35666K, capacity 36192K, committed 36528K, reserved 1081344K
  class space    used 4099K, capacity 4255K, committed 4272K, reserved 1048576K
2016-10-23T19:09:40.870+0800: 205.047: [GC (Allocation Failure) 2016-10-23T19:09:40.870+0800: 205.047: [ParNew
Desired survivor size 20112992 bytes, new threshold 8 (max 8)
- age   1:    3427640 bytes,    3427640 total
- age   2:    1875464 bytes,    5303104 total
- age   3:    5171544 bytes,   10474648 total
- age   4:    1093512 bytes,   11568160 total
- age   5:    1332984 bytes,   12901144 total
- age   6:    4442720 bytes,   17343864 total
- age   7:    1566176 bytes,   18910040 total
- age   8:     716872 bytes,   19626912 total
: 109248K->21824K(109248K), 0.0082971 secs] 235674K->150906K(502464K), 0.0083823 secs] [Times: user=0.03 sys=0.00, real=0.00 secs] 
Heap after GC invocations=347 (full 12):
 par new generation   total 109248K, used 21824K [0x00000007a0000000, 0x00000007a8000000, 0x00000007a8000000)
  eden space 87424K,   0% used [0x00000007a0000000, 0x00000007a0000000, 0x00000007a5560000)
  from space 21824K, 100% used [0x00000007a6ab0000, 0x00000007a8000000, 0x00000007a8000000)
  to   space 21824K,   0% used [0x00000007a5560000, 0x00000007a5560000, 0x00000007a6ab0000)
 concurrent mark-sweep generation total 393216K, used 129082K [0x00000007a8000000, 0x00000007c0000000, 0x00000007c0000000)
 Metaspace       used 35666K, capacity 36192K, committed 36528K, reserved 1081344K
  class space    used 4099K, capacity 4255K, committed 4272K, reserved 1048576K
}
2016-10-23T19:09:40.878+0800: 205.055: Total time for which application threads were stopped: 0.0086193 seconds, Stopping threads took: 0.0000619 seconds
{Heap before GC invocations=347 (full 12):
 par new generation   total 109248K, used 109248K [0x00000007a0000000, 0x00000007a8000000, 0x00000007a8000000)
  eden space 87424K, 100% used [0x00000007a0000000, 0x00000007a5560000, 0x00000007a5560000)
  from space 21824K, 100% used [0x00000007a6ab0000, 0x00000007a8000000, 0x00000007a8000000)
  to   space 21824K,   0% used [0x00000007a5560000, 0x00000007a5560000, 0x00000007a6ab0000)
 concurrent mark-sweep generation total 393216K, used 129082K [0x00000007a8000000, 0x00000007c0000000, 0x00000007c0000000)
 Metaspace       used 35666K, capacity 36192K, committed 36528K, reserved 1081344K
  class space    used 4099K, capacity 4255K, committed 4272K, reserved 1048576K
2016-10-23T19:09:40.984+0800: 205.161: [GC (Allocation Failure) 2016-10-23T19:09:40.984+0800: 205.161: [ParNew
Desired survivor size 20112992 bytes, new threshold 8 (max 8)
- age   1:    2696432 bytes,    2696432 total
- age   2:    2385856 bytes,    5082288 total
- age   3:    1786808 bytes,    6869096 total
- age   4:    5059648 bytes,   11928744 total
- age   5:    1091144 bytes,   13019888 total
- age   6:    1328152 bytes,   14348040 total
- age   7:    4435328 bytes,   18783368 total
- age   8:    1563520 bytes,   20346888 total
: 109248K->21824K(109248K), 0.0080624 secs] 238330K->153388K(502464K), 0.0081151 secs] [Times: user=0.03 sys=0.00, real=0.01 secs] 
Heap after GC invocations=348 (full 12):
 par new generation   total 109248K, used 21824K [0x00000007a0000000, 0x00000007a8000000, 0x00000007a8000000)
  eden space 87424K,   0% used [0x00000007a0000000, 0x00000007a0000000, 0x00000007a5560000)
  from space 21824K, 100% used [0x00000007a5560000, 0x00000007a6ab0000, 0x00000007a6ab0000)
  to   space 21824K,   0% used [0x00000007a6ab0000, 0x00000007a6ab0000, 0x00000007a8000000)
 concurrent mark-sweep generation total 393216K, used 131564K [0x00000007a8000000, 0x00000007c0000000, 0x00000007c0000000)
 Metaspace       used 35666K, capacity 36192K, committed 36528K, reserved 1081344K
  class space    used 4099K, capacity 4255K, committed 4272K, reserved 1048576K
}
2016-10-23T19:09:40.992+0800: 205.169: Total time for which application threads were stopped: 0.0083482 seconds, Stopping threads took: 0.0000776 seconds
{Heap before GC invocations=348 (full 12):
 par new generation   total 109248K, used 109248K [0x00000007a0000000, 0x00000007a8000000, 0x00000007a8000000)
  eden space 87424K, 100% used [0x00000007a0000000, 0x00000007a5560000, 0x00000007a5560000)
  from space 21824K, 100% used [0x00000007a5560000, 0x00000007a6ab0000, 0x00000007a6ab0000)
  to   space 21824K,   0% used [0x00000007a6ab0000, 0x00000007a6ab0000, 0x00000007a8000000)
 concurrent mark-sweep generation total 393216K, used 131564K [0x00000007a8000000, 0x00000007c0000000, 0x00000007c0000000)
 Metaspace       used 35670K, capacity 36256K, committed 36528K, reserved 1081344K
  class space    used 4099K, capacity 4255K, committed 4272K, reserved 1048576K
2016-10-23T19:09:41.065+0800: 205.242: [GC (Allocation Failure) 2016-10-23T19:09:41.065+0800: 205.242: [ParNew
Desired survivor size 20112992 bytes, new threshold 8 (max 8)
- age   1:    2927456 bytes,    2927456 total
- age   2:     629688 bytes,    3557144 total
- age   3:    1795800 bytes,    5352944 total
- age   4:    1786808 bytes,    7139752 total
- age   5:    4455112 bytes,   11594864 total
- age   6:    1091144 bytes,   12686008 total
- age   7:    1328152 bytes,   14014160 total
- age   8:    4435328 bytes,   18449488 total
: 109248K->21824K(109248K), 0.0078497 secs] 240812K->156042K(502464K), 0.0079075 secs] [Times: user=0.03 sys=0.00, real=0.01 secs] 
Heap after GC invocations=349 (full 12):
 par new generation   total 109248K, used 21824K [0x00000007a0000000, 0x00000007a8000000, 0x00000007a8000000)
  eden space 87424K,   0% used [0x00000007a0000000, 0x00000007a0000000, 0x00000007a5560000)
  from space 21824K, 100% used [0x00000007a6ab0000, 0x00000007a8000000, 0x00000007a8000000)
  to   space 21824K,   0% used [0x00000007a5560000, 0x00000007a5560000, 0x00000007a6ab0000)
 concurrent mark-sweep generation total 393216K, used 134218K [0x00000007a8000000, 0x00000007c0000000, 0x00000007c0000000)
 Metaspace       used 35670K, capacity 36256K, committed 36528K, reserved 1081344K
  class space    used 4099K, capacity 4255K, committed 4272K, reserved 1048576K
}
2016-10-23T19:09:41.073+0800: 205.250: Total time for which application threads were stopped: 0.0081163 seconds, Stopping threads took: 0.0000667 seconds
{Heap before GC invocations=349 (full 12):
 par new generation   total 109248K, used 109248K [0x00000007a0000000, 0x00000007a8000000, 0x00000007a8000000)
  eden space 87424K, 100% used [0x00000007a0000000, 0x00000007a5560000, 0x00000007a5560000)
  from space 21824K, 100% used [0x00000007a6ab0000, 0x00000007a8000000, 0x00000007a8000000)
  to   space 21824K,   0% used [0x00000007a5560000, 0x00000007a5560000, 0x00000007a6ab0000)
 concurrent mark-sweep generation total 393216K, used 134218K [0x00000007a8000000, 0x00000007c0000000, 0x00000007c0000000)
 Metaspace       used 35670K, capacity 36256K, committed 36528K, reserved 1081344K
  class space    used 4099K, capacity 4255K, committed 4272K, reserved 1048576K
2016-10-23T19:09:41.142+0800: 205.319: [GC (Allocation Failure) 2016-10-23T19:09:41.142+0800: 205.319: [ParNew
Desired survivor size 20112992 bytes, new threshold 8 (max 8)
- age   1:    3038248 bytes,    3038248 total
- age   2:     848432 bytes,    3886680 total
- age   3:     594896 bytes,    4481576 total
- age   4:    1755752 bytes,    6237328 total
- age   5:    1765168 bytes,    8002496 total
- age   6:    5055192 bytes,   13057688 total
- age   7:    1089664 bytes,   14147352 total
- age   8:    1326856 bytes,   15474208 total
: 109248K->21824K(109248K), 0.0069012 secs] 243466K->160562K(502464K), 0.0069989 secs] [Times: user=0.02 sys=0.00, real=0.00 secs] 
Heap after GC invocations=350 (full 12):
 par new generation   total 109248K, used 21824K [0x00000007a0000000, 0x00000007a8000000, 0x00000007a8000000)
  eden space 87424K,   0% used [0x00000007a0000000, 0x00000007a0000000, 0x00000007a5560000)
  from space 21824K, 100% used [0x00000007a5560000, 0x00000007a6ab0000, 0x00000007a6ab0000)
  to   space 21824K,   0% used [0x00000007a6ab0000, 0x00000007a6ab0000, 0x00000007a8000000)
 concurrent mark-sweep generation total 393216K, used 138738K [0x00000007a8000000, 0x00000007c0000000, 0x00000007c0000000)
 Metaspace       used 35670K, capacity 36256K, committed 36528K, reserved 1081344K
  class space    used 4099K, capacity 4255K, committed 4272K, reserved 1048576K
}
2016-10-23T19:09:41.149+0800: 205.326: Total time for which application threads were stopped: 0.0072704 seconds, Stopping threads took: 0.0000725 seconds
{Heap before GC invocations=350 (full 12):
 par new generation   total 109248K, used 109248K [0x00000007a0000000, 0x00000007a8000000, 0x00000007a8000000)
  eden space 87424K, 100% used [0x00000007a0000000, 0x00000007a5560000, 0x00000007a5560000)
  from space 21824K, 100% used [0x00000007a5560000, 0x00000007a6ab0000, 0x00000007a6ab0000)
  to   space 21824K,   0% used [0x00000007a6ab0000, 0x00000007a6ab0000, 0x00000007a8000000)
 concurrent mark-sweep generation total 393216K, used 138738K [0x00000007a8000000, 0x00000007c0000000, 0x00000007c0000000)
 Metaspace       used 35670K, capacity 36256K, committed 36528K, reserved 1081344K
  class space    used 4099K, capacity 4255K, committed 4272K, reserved 1048576K
2016-10-23T19:09:41.229+0800: 205.406: [GC (Allocation Failure) 2016-10-23T19:09:41.229+0800: 205.406: [ParNew
Desired survivor size 20112992 bytes, new threshold 8 (max 8)
- age   1:    5089752 bytes,    5089752 total
- age   2:     831328 bytes,    5921080 total
- age   3:     750472 bytes,    6671552 total
- age   4:     593312 bytes,    7264864 total
- age   5:    1427512 bytes,    8692376 total
- age   6:    1765168 bytes,   10457544 total
- age   7:    4451312 bytes,   14908856 total
- age   8:    1089664 bytes,   15998520 total
: 109248K->19799K(109248K), 0.0064670 secs] 247986K->159844K(502464K), 0.0065240 secs] [Times: user=0.03 sys=0.00, real=0.01 secs] 
Heap after GC invocations=351 (full 12):
 par new generation   total 109248K, used 19799K [0x00000007a0000000, 0x00000007a8000000, 0x00000007a8000000)
  eden space 87424K,   0% used [0x00000007a0000000, 0x00000007a0000000, 0x00000007a5560000)
  from space 21824K,  90% used [0x00000007a6ab0000, 0x00000007a7e05fc0, 0x00000007a8000000)
  to   space 21824K,   0% used [0x00000007a5560000, 0x00000007a5560000, 0x00000007a6ab0000)
 concurrent mark-sweep generation total 393216K, used 140044K [0x00000007a8000000, 0x00000007c0000000, 0x00000007c0000000)
 Metaspace       used 35670K, capacity 36256K, committed 36528K, reserved 1081344K
  class space    used 4099K, capacity 4255K, committed 4272K, reserved 1048576K
}
2016-10-23T19:09:41.235+0800: 205.412: Total time for which application threads were stopped: 0.0067508 seconds, Stopping threads took: 0.0000610 seconds
{Heap before GC invocations=351 (full 12):
 par new generation   total 109248K, used 107223K [0x00000007a0000000, 0x00000007a8000000, 0x00000007a8000000)
  eden space 87424K, 100% used [0x00000007a0000000, 0x00000007a5560000, 0x00000007a5560000)
  from space 21824K,  90% used [0x00000007a6ab0000, 0x00000007a7e05fc0, 0x00000007a8000000)
  to   space 21824K,   0% used [0x00000007a5560000, 0x00000007a5560000, 0x00000007a6ab0000)
 concurrent mark-sweep generation total 393216K, used 140044K [0x00000007a8000000, 0x00000007c0000000, 0x00000007c0000000)
 Metaspace       used 35672K, capacity 36256K, committed 36528K, reserved 1081344K
  class space    used 4099K, capacity 4255K, committed 4272K, reserved 1048576K
2016-10-23T19:09:41.333+0800: 205.510: [GC (Allocation Failure) 2016-10-23T19:09:41.333+0800: 205.510: [ParNew
Desired survivor size 20112992 bytes, new threshold 8 (max 8)
- age   1:    3075256 bytes,    3075256 total
- age   2:    3458296 bytes,    6533552 total
- age   3:     715656 bytes,    7249208 total
- age   4:     723304 bytes,    7972512 total
- age   5:     590384 bytes,    8562896 total
- age   6:    1427512 bytes,    9990408 total
- age   7:    1765168 bytes,   11755576 total
- age   8:    4451288 bytes,   16206864 total
: 107223K->21824K(109248K), 0.0066431 secs] 247268K->162939K(502464K), 0.0067081 secs] [Times: user=0.02 sys=0.00, real=0.00 secs] 
Heap after GC invocations=352 (full 12):
 par new generation   total 109248K, used 21824K [0x00000007a0000000, 0x00000007a8000000, 0x00000007a8000000)
  eden space 87424K,   0% used [0x00000007a0000000, 0x00000007a0000000, 0x00000007a5560000)
  from space 21824K, 100% used [0x00000007a5560000, 0x00000007a6ab0000, 0x00000007a6ab0000)
  to   space 21824K,   0% used [0x00000007a6ab0000, 0x00000007a6ab0000, 0x00000007a8000000)
 concurrent mark-sweep generation total 393216K, used 141115K [0x00000007a8000000, 0x00000007c0000000, 0x00000007c0000000)
 Metaspace       used 35672K, capacity 36256K, committed 36528K, reserved 1081344K
  class space    used 4099K, capacity 4255K, committed 4272K, reserved 1048576K
}
2016-10-23T19:09:41.339+0800: 205.516: Total time for which application threads were stopped: 0.0069691 seconds, Stopping threads took: 0.0000855 seconds
2016-10-23T19:09:41.356+0800: 205.533: Total time for which application threads were stopped: 0.0001620 seconds, Stopping threads took: 0.0000593 seconds
2016-10-23T19:09:41.357+0800: 205.534: Total time for which application threads were stopped: 0.0001449 seconds, Stopping threads took: 0.0000652 seconds
2016-10-23T19:09:41.357+0800: 205.534: Total time for which application threads were stopped: 0.0001443 seconds, Stopping threads took: 0.0000758 seconds
2016-10-23T19:09:41.359+0800: 205.536: Total time for which application threads were stopped: 0.0001311 seconds, Stopping threads took: 0.0000593 seconds
2016-10-23T19:09:41.441+0800: 205.618: Total time for which application threads were stopped: 0.0002215 seconds, Stopping threads took: 0.0001028 seconds
2016-10-23T19:09:41.501+0800: 205.678: Total time for which application threads were stopped: 0.0002906 seconds, Stopping threads took: 0.0000982 seconds
2016-10-23T19:09:41.501+0800: 205.678: Total time for which application threads were stopped: 0.0001858 seconds, Stopping threads took: 0.0000569 seconds
{Heap before GC invocations=352 (full 12):
 par new generation   total 109248K, used 109248K [0x00000007a0000000, 0x00000007a8000000, 0x00000007a8000000)
  eden space 87424K, 100% used [0x00000007a0000000, 0x00000007a5560000, 0x00000007a5560000)
  from space 21824K, 100% used [0x00000007a5560000, 0x00000007a6ab0000, 0x00000007a6ab0000)
  to   space 21824K,   0% used [0x00000007a6ab0000, 0x00000007a6ab0000, 0x00000007a8000000)
 concurrent mark-sweep generation total 393216K, used 141115K [0x00000007a8000000, 0x00000007c0000000, 0x00000007c0000000)
 Metaspace       used 35682K, capacity 36256K, committed 36528K, reserved 1081344K
  class space    used 4099K, capacity 4255K, committed 4272K, reserved 1048576K
2016-10-23T19:09:41.568+0800: 205.745: [GC (Allocation Failure) 2016-10-23T19:09:41.568+0800: 205.745: [ParNew
Desired survivor size 20112992 bytes, new threshold 8 (max 8)
- age   1:    6552264 bytes,    6552264 total
- age   2:    2248656 bytes,    8800920 total
- age   3:    2363064 bytes,   11163984 total
- age   4:     632328 bytes,   11796312 total
- age   5:     670112 bytes,   12466424 total
- age   6:     452872 bytes,   12919296 total
- age   7:    1255784 bytes,   14175080 total
- age   8:    1541552 bytes,   15716632 total
: 109248K->21337K(109248K), 0.0066074 secs] 250363K->166415K(502464K), 0.0066512 secs] [Times: user=0.03 sys=0.00, real=0.01 secs] 
Heap after GC invocations=353 (full 12):
 par new generation   total 109248K, used 21337K [0x00000007a0000000, 0x00000007a8000000, 0x00000007a8000000)
  eden space 87424K,   0% used [0x00000007a0000000, 0x00000007a0000000, 0x00000007a5560000)
  from space 21824K,  97% used [0x00000007a6ab0000, 0x00000007a7f865d0, 0x00000007a8000000)
  to   space 21824K,   0% used [0x00000007a5560000, 0x00000007a5560000, 0x00000007a6ab0000)
 concurrent mark-sweep generation total 393216K, used 145077K [0x00000007a8000000, 0x00000007c0000000, 0x00000007c0000000)
 Metaspace       used 35682K, capacity 36256K, committed 36528K, reserved 1081344K
  class space    used 4099K, capacity 4255K, committed 4272K, reserved 1048576K
}
2016-10-23T19:09:41.574+0800: 205.751: Total time for which application threads were stopped: 0.0068475 seconds, Stopping threads took: 0.0000691 seconds
{Heap before GC invocations=353 (full 12):
 par new generation   total 109248K, used 108761K [0x00000007a0000000, 0x00000007a8000000, 0x00000007a8000000)
  eden space 87424K, 100% used [0x00000007a0000000, 0x00000007a5560000, 0x00000007a5560000)
  from space 21824K,  97% used [0x00000007a6ab0000, 0x00000007a7f865d0, 0x00000007a8000000)
  to   space 21824K,   0% used [0x00000007a5560000, 0x00000007a5560000, 0x00000007a6ab0000)
 concurrent mark-sweep generation total 393216K, used 145077K [0x00000007a8000000, 0x00000007c0000000, 0x00000007c0000000)
 Metaspace       used 35682K, capacity 36256K, committed 36528K, reserved 1081344K
  class space    used 4099K, capacity 4255K, committed 4272K, reserved 1048576K
2016-10-23T19:09:41.642+0800: 205.819: [GC (Allocation Failure) 2016-10-23T19:09:41.642+0800: 205.819: [ParNew
Desired survivor size 20112992 bytes, new threshold 8 (max 8)
- age   1:    1453120 bytes,    1453120 total
- age   2:    6036368 bytes,    7489488 total
- age   3:    2248656 bytes,    9738144 total
- age   4:    2363064 bytes,   12101208 total
- age   5:     632328 bytes,   12733536 total
- age   6:     670112 bytes,   13403648 total
- age   7:     452872 bytes,   13856520 total
- age   8:    1255784 bytes,   15112304 total
: 108761K->18284K(109248K), 0.0051895 secs] 253839K->164883K(502464K), 0.0052373 secs] [Times: user=0.02 sys=0.00, real=0.00 secs] 
Heap after GC invocations=354 (full 12):
 par new generation   total 109248K, used 18284K [0x00000007a0000000, 0x00000007a8000000, 0x00000007a8000000)
  eden space 87424K,   0% used [0x00000007a0000000, 0x00000007a0000000, 0x00000007a5560000)
  from space 21824K,  83% used [0x00000007a5560000, 0x00000007a673b1f0, 0x00000007a6ab0000)
  to   space 21824K,   0% used [0x00000007a6ab0000, 0x00000007a6ab0000, 0x00000007a8000000)
 concurrent mark-sweep generation total 393216K, used 146598K [0x00000007a8000000, 0x00000007c0000000, 0x00000007c0000000)
 Metaspace       used 35682K, capacity 36256K, committed 36528K, reserved 1081344K
  class space    used 4099K, capacity 4255K, committed 4272K, reserved 1048576K
}
2016-10-23T19:09:41.647+0800: 205.824: Total time for which application threads were stopped: 0.0054440 seconds, Stopping threads took: 0.0000738 seconds
2016-10-23T19:09:41.700+0800: 205.877: Total time for which application threads were stopped: 0.0001320 seconds, Stopping threads took: 0.0000343 seconds
2016-10-23T19:09:41.700+0800: 205.877: Total time for which application threads were stopped: 0.0001604 seconds, Stopping threads took: 0.0000835 seconds
2016-10-23T19:09:41.700+0800: 205.877: Total time for which application threads were stopped: 0.0001224 seconds, Stopping threads took: 0.0000737 seconds
2016-10-23T19:09:41.700+0800: 205.877: Total time for which application threads were stopped: 0.0001224 seconds, Stopping threads took: 0.0000658 seconds
{Heap before GC invocations=354 (full 12):
 par new generation   total 109248K, used 105708K [0x00000007a0000000, 0x00000007a8000000, 0x00000007a8000000)
  eden space 87424K, 100% used [0x00000007a0000000, 0x00000007a5560000, 0x00000007a5560000)
  from space 21824K,  83% used [0x00000007a5560000, 0x00000007a673b1f0, 0x00000007a6ab0000)
  to   space 21824K,   0% used [0x00000007a6ab0000, 0x00000007a6ab0000, 0x00000007a8000000)
 concurrent mark-sweep generation total 393216K, used 146598K [0x00000007a8000000, 0x00000007c0000000, 0x00000007c0000000)
 Metaspace       used 35707K, capacity 36260K, committed 36528K, reserved 1081344K
  class space    used 4101K, capacity 4255K, committed 4272K, reserved 1048576K
2016-10-23T19:09:41.789+0800: 205.966: [GC (Allocation Failure) 2016-10-23T19:09:41.790+0800: 205.966: [ParNew
Desired survivor size 20112992 bytes, new threshold 8 (max 8)
- age   1:    3331680 bytes,    3331680 total
- age   2:     666552 bytes,    3998232 total
- age   3:    5591680 bytes,    9589912 total
- age   4:    2128536 bytes,   11718448 total
- age   5:    2276832 bytes,   13995280 total
- age   6:     549168 bytes,   14544448 total
- age   7:     516840 bytes,   15061288 total
- age   8:     322624 bytes,   15383912 total
: 105708K->19650K(109248K), 0.0051879 secs] 252307K->167225K(502464K), 0.0052461 secs] [Times: user=0.02 sys=0.00, real=0.01 secs] 
Heap after GC invocations=355 (full 12):
 par new generation   total 109248K, used 19650K [0x00000007a0000000, 0x00000007a8000000, 0x00000007a8000000)
  eden space 87424K,   0% used [0x00000007a0000000, 0x00000007a0000000, 0x00000007a5560000)
  from space 21824K,  90% used [0x00000007a6ab0000, 0x00000007a7de0950, 0x00000007a8000000)
  to   space 21824K,   0% used [0x00000007a5560000, 0x00000007a5560000, 0x00000007a6ab0000)
 concurrent mark-sweep generation total 393216K, used 147575K [0x00000007a8000000, 0x00000007c0000000, 0x00000007c0000000)
 Metaspace       used 35707K, capacity 36260K, committed 36528K, reserved 1081344K
  class space    used 4101K, capacity 4255K, committed 4272K, reserved 1048576K
}
2016-10-23T19:09:41.795+0800: 205.972: Total time for which application threads were stopped: 0.0054545 seconds, Stopping threads took: 0.0000686 seconds
{Heap before GC invocations=355 (full 12):
 par new generation   total 109248K, used 107074K [0x00000007a0000000, 0x00000007a8000000, 0x00000007a8000000)
  eden space 87424K, 100% used [0x00000007a0000000, 0x00000007a5560000, 0x00000007a5560000)
  from space 21824K,  90% used [0x00000007a6ab0000, 0x00000007a7de0950, 0x00000007a8000000)
  to   space 21824K,   0% used [0x00000007a5560000, 0x00000007a5560000, 0x00000007a6ab0000)
 concurrent mark-sweep generation total 393216K, used 147575K [0x00000007a8000000, 0x00000007c0000000, 0x00000007c0000000)
 Metaspace       used 35707K, capacity 36260K, committed 36528K, reserved 1081344K
  class space    used 4101K, capacity 4255K, committed 4272K, reserved 1048576K
2016-10-23T19:09:41.983+0800: 206.160: [GC (Allocation Failure) 2016-10-23T19:09:41.983+0800: 206.160: [ParNew
Desired survivor size 20112992 bytes, new threshold 8 (max 8)
- age   1:    4628312 bytes,    4628312 total
- age   2:    1791272 bytes,    6419584 total
- age   3:     601152 bytes,    7020736 total
- age   4:    5633584 bytes,   12654320 total
- age   5:    2128536 bytes,   14782856 total
- age   6:    2276832 bytes,   17059688 total
- age   7:     549168 bytes,   17608856 total
- age   8:     516840 bytes,   18125696 total
: 107074K->21824K(109248K), 0.0052767 secs] 254649K->169715K(502464K), 0.0053334 secs] [Times: user=0.02 sys=0.00, real=0.00 secs] 
Heap after GC invocations=356 (full 12):
 par new generation   total 109248K, used 21824K [0x00000007a0000000, 0x00000007a8000000, 0x00000007a8000000)
  eden space 87424K,   0% used [0x00000007a0000000, 0x00000007a0000000, 0x00000007a5560000)
  from space 21824K, 100% used [0x00000007a5560000, 0x00000007a6ab0000, 0x00000007a6ab0000)
  to   space 21824K,   0% used [0x00000007a6ab0000, 0x00000007a6ab0000, 0x00000007a8000000)
 concurrent mark-sweep generation total 393216K, used 147891K [0x00000007a8000000, 0x00000007c0000000, 0x00000007c0000000)
 Metaspace       used 35707K, capacity 36260K, committed 36528K, reserved 1081344K
  class space    used 4101K, capacity 4255K, committed 4272K, reserved 1048576K
}
2016-10-23T19:09:41.988+0800: 206.165: Total time for which application threads were stopped: 0.0055261 seconds, Stopping threads took: 0.0000231 seconds
{Heap before GC invocations=356 (full 12):
 par new generation   total 109248K, used 109248K [0x00000007a0000000, 0x00000007a8000000, 0x00000007a8000000)
  eden space 87424K, 100% used [0x00000007a0000000, 0x00000007a5560000, 0x00000007a5560000)
  from space 21824K, 100% used [0x00000007a5560000, 0x00000007a6ab0000, 0x00000007a6ab0000)
  to   space 21824K,   0% used [0x00000007a6ab0000, 0x00000007a6ab0000, 0x00000007a8000000)
 concurrent mark-sweep generation total 393216K, used 147891K [0x00000007a8000000, 0x00000007c0000000, 0x00000007c0000000)
 Metaspace       used 35707K, capacity 36260K, committed 36528K, reserved 1081344K
  class space    used 4101K, capacity 4255K, committed 4272K, reserved 1048576K
2016-10-23T19:09:42.206+0800: 206.383: [GC (Allocation Failure) 2016-10-23T19:09:42.206+0800: 206.383: [ParNew
Desired survivor size 20112992 bytes, new threshold 8 (max 8)
- age   1:    3940816 bytes,    3940816 total
- age   2:    2536584 bytes,    6477400 total
- age   3:    1624376 bytes,    8101776 total
- age   4:     585080 bytes,    8686856 total
- age   5:    5293488 bytes,   13980344 total
- age   6:    2112600 bytes,   16092944 total
- age   7:    2267656 bytes,   18360600 total
- age   8:     541104 bytes,   18901704 total
: 109248K->21824K(109248K), 0.0062763 secs] 257139K->171926K(502464K), 0.0063376 secs] [Times: user=0.02 sys=0.00, real=0.01 secs] 
Heap after GC invocations=357 (full 12):
 par new generation   total 109248K, used 21824K [0x00000007a0000000, 0x00000007a8000000, 0x00000007a8000000)
  eden space 87424K,   0% used [0x00000007a0000000, 0x00000007a0000000, 0x00000007a5560000)
  from space 21824K, 100% used [0x00000007a6ab0000, 0x00000007a8000000, 0x00000007a8000000)
  to   space 21824K,   0% used [0x00000007a5560000, 0x00000007a5560000, 0x00000007a6ab0000)
 concurrent mark-sweep generation total 393216K, used 150102K [0x00000007a8000000, 0x00000007c0000000, 0x00000007c0000000)
 Metaspace       used 35707K, capacity 36260K, committed 36528K, reserved 1081344K
  class space    used 4101K, capacity 4255K, committed 4272K, reserved 1048576K
}
2016-10-23T19:09:42.213+0800: 206.390: Total time for which application threads were stopped: 0.0065556 seconds, Stopping threads took: 0.0000675 seconds
2016-10-23T19:09:42.294+0800: 206.471: Total time for which application threads were stopped: 0.0001956 seconds, Stopping threads took: 0.0000872 seconds
2016-10-23T19:09:42.294+0800: 206.471: Total time for which application threads were stopped: 0.0001190 seconds, Stopping threads took: 0.0000584 seconds
2016-10-23T19:09:42.294+0800: 206.471: Total time for which application threads were stopped: 0.0000939 seconds, Stopping threads took: 0.0000499 seconds
{Heap before GC invocations=357 (full 12):
 par new generation   total 109248K, used 109248K [0x00000007a0000000, 0x00000007a8000000, 0x00000007a8000000)
  eden space 87424K, 100% used [0x00000007a0000000, 0x00000007a5560000, 0x00000007a5560000)
  from space 21824K, 100% used [0x00000007a6ab0000, 0x00000007a8000000, 0x00000007a8000000)
  to   space 21824K,   0% used [0x00000007a5560000, 0x00000007a5560000, 0x00000007a6ab0000)
 concurrent mark-sweep generation total 393216K, used 150102K [0x00000007a8000000, 0x00000007c0000000, 0x00000007c0000000)
 Metaspace       used 35745K, capacity 36324K, committed 36528K, reserved 1081344K
  class space    used 4103K, capacity 4255K, committed 4272K, reserved 1048576K
2016-10-23T19:09:42.474+0800: 206.651: [GC (Allocation Failure) 2016-10-23T19:09:42.474+0800: 206.651: [ParNew
Desired survivor size 20112992 bytes, new threshold 8 (max 8)
- age   1:    4414952 bytes,    4414952 total
- age   2:    1020768 bytes,    5435720 total
- age   3:    1343376 bytes,    6779096 total
- age   4:    1534040 bytes,    8313136 total
- age   5:     569816 bytes,    8882952 total
- age   6:    4317944 bytes,   13200896 total
- age   7:    2112600 bytes,   15313496 total
- age   8:    2267656 bytes,   17581152 total
: 109248K->21824K(109248K), 0.0061818 secs] 259350K->178473K(502464K), 0.0062616 secs] [Times: user=0.02 sys=0.00, real=0.01 secs] 
Heap after GC invocations=358 (full 12):
 par new generation   total 109248K, used 21824K [0x00000007a0000000, 0x00000007a8000000, 0x00000007a8000000)
  eden space 87424K,   0% used [0x00000007a0000000, 0x00000007a0000000, 0x00000007a5560000)
  from space 21824K, 100% used [0x00000007a5560000, 0x00000007a6ab0000, 0x00000007a6ab0000)
  to   space 21824K,   0% used [0x00000007a6ab0000, 0x00000007a6ab0000, 0x00000007a8000000)
 concurrent mark-sweep generation total 393216K, used 156649K [0x00000007a8000000, 0x00000007c0000000, 0x00000007c0000000)
 Metaspace       used 35745K, capacity 36324K, committed 36528K, reserved 1081344K
  class space    used 4103K, capacity 4255K, committed 4272K, reserved 1048576K
}
2016-10-23T19:09:42.481+0800: 206.658: Total time for which application threads were stopped: 0.0065312 seconds, Stopping threads took: 0.0000403 seconds
{Heap before GC invocations=358 (full 12):
 par new generation   total 109248K, used 109248K [0x00000007a0000000, 0x00000007a8000000, 0x00000007a8000000)
  eden space 87424K, 100% used [0x00000007a0000000, 0x00000007a5560000, 0x00000007a5560000)
  from space 21824K, 100% used [0x00000007a5560000, 0x00000007a6ab0000, 0x00000007a6ab0000)
  to   space 21824K,   0% used [0x00000007a6ab0000, 0x00000007a6ab0000, 0x00000007a8000000)
 concurrent mark-sweep generation total 393216K, used 156649K [0x00000007a8000000, 0x00000007c0000000, 0x00000007c0000000)
 Metaspace       used 35745K, capacity 36324K, committed 36528K, reserved 1081344K
  class space    used 4103K, capacity 4255K, committed 4272K, reserved 1048576K
2016-10-23T19:09:42.725+0800: 206.902: [GC (Allocation Failure) 2016-10-23T19:09:42.725+0800: 206.902: [ParNew
Desired survivor size 20112992 bytes, new threshold 8 (max 8)
- age   1:    6180536 bytes,    6180536 total
- age   2:    2788400 bytes,    8968936 total
- age   3:     898616 bytes,    9867552 total
- age   4:    1296880 bytes,   11164432 total
- age   5:    1390768 bytes,   12555200 total
- age   6:     553520 bytes,   13108720 total
- age   7:    3561712 bytes,   16670432 total
- age   8:    2104784 bytes,   18775216 total
: 109248K->21824K(109248K), 0.0063538 secs] 265897K->182465K(502464K), 0.0064282 secs] [Times: user=0.02 sys=0.00, real=0.01 secs] 
Heap after GC invocations=359 (full 12):
 par new generation   total 109248K, used 21824K [0x00000007a0000000, 0x00000007a8000000, 0x00000007a8000000)
  eden space 87424K,   0% used [0x00000007a0000000, 0x00000007a0000000, 0x00000007a5560000)
  from space 21824K, 100% used [0x00000007a6ab0000, 0x00000007a8000000, 0x00000007a8000000)
  to   space 21824K,   0% used [0x00000007a5560000, 0x00000007a5560000, 0x00000007a6ab0000)
 concurrent mark-sweep generation total 393216K, used 160641K [0x00000007a8000000, 0x00000007c0000000, 0x00000007c0000000)
 Metaspace       used 35745K, capacity 36324K, committed 36528K, reserved 1081344K
  class space    used 4103K, capacity 4255K, committed 4272K, reserved 1048576K
}
2016-10-23T19:09:42.731+0800: 206.908: Total time for which application threads were stopped: 0.0065911 seconds, Stopping threads took: 0.0000197 seconds
{Heap before GC invocations=359 (full 12):
 par new generation   total 109248K, used 109248K [0x00000007a0000000, 0x00000007a8000000, 0x00000007a8000000)
  eden space 87424K, 100% used [0x00000007a0000000, 0x00000007a5560000, 0x00000007a5560000)
  from space 21824K, 100% used [0x00000007a6ab0000, 0x00000007a8000000, 0x00000007a8000000)
  to   space 21824K,   0% used [0x00000007a5560000, 0x00000007a5560000, 0x00000007a6ab0000)
 concurrent mark-sweep generation total 393216K, used 160641K [0x00000007a8000000, 0x00000007c0000000, 0x00000007c0000000)
 Metaspace       used 35745K, capacity 36324K, committed 36528K, reserved 1081344K
  class space    used 4103K, capacity 4255K, committed 4272K, reserved 1048576K
2016-10-23T19:09:43.043+0800: 207.220: [GC (Allocation Failure) 2016-10-23T19:09:43.043+0800: 207.220: [ParNew
Desired survivor size 20112992 bytes, new threshold 8 (max 8)
- age   1:    6392608 bytes,    6392608 total
- age   2:    2117864 bytes,    8510472 total
- age   3:    2639264 bytes,   11149736 total
- age   4:     865936 bytes,   12015672 total
- age   5:    1272832 bytes,   13288504 total
- age   6:    1232656 bytes,   14521160 total
- age   7:     545920 bytes,   15067080 total
- age   8:    3144680 bytes,   18211760 total
: 109248K->21824K(109248K), 0.0089143 secs] 269889K->186265K(502464K), 0.0089942 secs] [Times: user=0.03 sys=0.00, real=0.01 secs] 
Heap after GC invocations=360 (full 12):
 par new generation   total 109248K, used 21824K [0x00000007a0000000, 0x00000007a8000000, 0x00000007a8000000)
  eden space 87424K,   0% used [0x00000007a0000000, 0x00000007a0000000, 0x00000007a5560000)
  from space 21824K, 100% used [0x00000007a5560000, 0x00000007a6ab0000, 0x00000007a6ab0000)
  to   space 21824K,   0% used [0x00000007a6ab0000, 0x00000007a6ab0000, 0x00000007a8000000)
 concurrent mark-sweep generation total 393216K, used 164441K [0x00000007a8000000, 0x00000007c0000000, 0x00000007c0000000)
 Metaspace       used 35745K, capacity 36324K, committed 36528K, reserved 1081344K
  class space    used 4103K, capacity 4255K, committed 4272K, reserved 1048576K
}
2016-10-23T19:09:43.052+0800: 207.229: Total time for which application threads were stopped: 0.0091944 seconds, Stopping threads took: 0.0000316 seconds
{Heap before GC invocations=360 (full 12):
 par new generation   total 109248K, used 109248K [0x00000007a0000000, 0x00000007a8000000, 0x00000007a8000000)
  eden space 87424K, 100% used [0x00000007a0000000, 0x00000007a5560000, 0x00000007a5560000)
  from space 21824K, 100% used [0x00000007a5560000, 0x00000007a6ab0000, 0x00000007a6ab0000)
  to   space 21824K,   0% used [0x00000007a6ab0000, 0x00000007a6ab0000, 0x00000007a8000000)
 concurrent mark-sweep generation total 393216K, used 164441K [0x00000007a8000000, 0x00000007c0000000, 0x00000007c0000000)
 Metaspace       used 35745K, capacity 36324K, committed 36528K, reserved 1081344K
  class space    used 4103K, capacity 4255K, committed 4272K, reserved 1048576K
2016-10-23T19:09:43.322+0800: 207.500: [GC (Allocation Failure) 2016-10-23T19:09:43.323+0800: 207.500: [ParNew
Desired survivor size 20112992 bytes, new threshold 8 (max 8)
- age   1:   11111840 bytes,   11111840 total
- age   2:    1554432 bytes,   12666272 total
- age   3:    1365608 bytes,   14031880 total
- age   4:    1146912 bytes,   15178792 total
- age   5:     850784 bytes,   16029576 total
- age   6:     769728 bytes,   16799304 total
- age   7:     570192 bytes,   17369496 total
- age   8:     247688 bytes,   17617184 total
: 109248K->21824K(109248K), 0.0070690 secs] 273689K->192320K(502464K), 0.0071223 secs] [Times: user=0.03 sys=0.01, real=0.01 secs] 
Heap after GC invocations=361 (full 12):
 par new generation   total 109248K, used 21824K [0x00000007a0000000, 0x00000007a8000000, 0x00000007a8000000)
  eden space 87424K,   0% used [0x00000007a0000000, 0x00000007a0000000, 0x00000007a5560000)
  from space 21824K, 100% used [0x00000007a6ab0000, 0x00000007a8000000, 0x00000007a8000000)
  to   space 21824K,   0% used [0x00000007a5560000, 0x00000007a5560000, 0x00000007a6ab0000)
 concurrent mark-sweep generation total 393216K, used 170496K [0x00000007a8000000, 0x00000007c0000000, 0x00000007c0000000)
 Metaspace       used 35745K, capacity 36324K, committed 36528K, reserved 1081344K
  class space    used 4103K, capacity 4255K, committed 4272K, reserved 1048576K
}
2016-10-23T19:09:43.330+0800: 207.507: Total time for which application threads were stopped: 0.0073479 seconds, Stopping threads took: 0.0000522 seconds
{Heap before GC invocations=361 (full 12):
 par new generation   total 109248K, used 109248K [0x00000007a0000000, 0x00000007a8000000, 0x00000007a8000000)
  eden space 87424K, 100% used [0x00000007a0000000, 0x00000007a5560000, 0x00000007a5560000)
  from space 21824K, 100% used [0x00000007a6ab0000, 0x00000007a8000000, 0x00000007a8000000)
  to   space 21824K,   0% used [0x00000007a5560000, 0x00000007a5560000, 0x00000007a6ab0000)
 concurrent mark-sweep generation total 393216K, used 170496K [0x00000007a8000000, 0x00000007c0000000, 0x00000007c0000000)
 Metaspace       used 35745K, capacity 36324K, committed 36528K, reserved 1081344K
  class space    used 4103K, capacity 4255K, committed 4272K, reserved 1048576K
2016-10-23T19:09:43.590+0800: 207.767: [GC (Allocation Failure) 2016-10-23T19:09:43.590+0800: 207.767: [ParNew
Desired survivor size 20112992 bytes, new threshold 8 (max 8)
- age   1:    8086360 bytes,    8086360 total
- age   2:    5293136 bytes,   13379496 total
- age   3:    1456440 bytes,   14835936 total
- age   4:    1261944 bytes,   16097880 total
- age   5:    1049232 bytes,   17147112 total
- age   6:     764064 bytes,   17911176 total
- age   7:     693584 bytes,   18604760 total
- age   8:     513168 bytes,   19117928 total
: 109248K->21824K(109248K), 0.0093160 secs] 279744K->194266K(502464K), 0.0093800 secs] [Times: user=0.03 sys=0.00, real=0.01 secs] 
Heap after GC invocations=362 (full 12):
 par new generation   total 109248K, used 21824K [0x00000007a0000000, 0x00000007a8000000, 0x00000007a8000000)
  eden space 87424K,   0% used [0x00000007a0000000, 0x00000007a0000000, 0x00000007a5560000)
  from space 21824K, 100% used [0x00000007a5560000, 0x00000007a6ab0000, 0x00000007a6ab0000)
  to   space 21824K,   0% used [0x00000007a6ab0000, 0x00000007a6ab0000, 0x00000007a8000000)
 concurrent mark-sweep generation total 393216K, used 172442K [0x00000007a8000000, 0x00000007c0000000, 0x00000007c0000000)
 Metaspace       used 35745K, capacity 36324K, committed 36528K, reserved 1081344K
  class space    used 4103K, capacity 4255K, committed 4272K, reserved 1048576K
}
2016-10-23T19:09:43.600+0800: 207.777: Total time for which application threads were stopped: 0.0095634 seconds, Stopping threads took: 0.0000299 seconds
{Heap before GC invocations=362 (full 12):
 par new generation   total 109248K, used 109248K [0x00000007a0000000, 0x00000007a8000000, 0x00000007a8000000)
  eden space 87424K, 100% used [0x00000007a0000000, 0x00000007a5560000, 0x00000007a5560000)
  from space 21824K, 100% used [0x00000007a5560000, 0x00000007a6ab0000, 0x00000007a6ab0000)
  to   space 21824K,   0% used [0x00000007a6ab0000, 0x00000007a6ab0000, 0x00000007a8000000)
 concurrent mark-sweep generation total 393216K, used 172442K [0x00000007a8000000, 0x00000007c0000000, 0x00000007c0000000)
 Metaspace       used 35745K, capacity 36324K, committed 36528K, reserved 1081344K
  class space    used 4103K, capacity 4255K, committed 4272K, reserved 1048576K
2016-10-23T19:09:43.846+0800: 208.023: [GC (Allocation Failure) 2016-10-23T19:09:43.846+0800: 208.023: [ParNew
Desired survivor size 20112992 bytes, new threshold 8 (max 8)
- age   1:    3482896 bytes,    3482896 total
- age   2:    2142072 bytes,    5624968 total
- age   3:    5253360 bytes,   10878328 total
- age   4:    1385680 bytes,   12264008 total
- age   5:    1260664 bytes,   13524672 total
- age   6:    1046992 bytes,   14571664 total
- age   7:     763216 bytes,   15334880 total
- age   8:     692520 bytes,   16027400 total
: 109248K->21824K(109248K), 0.0075465 secs] 281690K->200773K(502464K), 0.0076131 secs] [Times: user=0.02 sys=0.00, real=0.01 secs] 
Heap after GC invocations=363 (full 12):
 par new generation   total 109248K, used 21824K [0x00000007a0000000, 0x00000007a8000000, 0x00000007a8000000)
  eden space 87424K,   0% used [0x00000007a0000000, 0x00000007a0000000, 0x00000007a5560000)
  from space 21824K, 100% used [0x00000007a6ab0000, 0x00000007a8000000, 0x00000007a8000000)
  to   space 21824K,   0% used [0x00000007a5560000, 0x00000007a5560000, 0x00000007a6ab0000)
 concurrent mark-sweep generation total 393216K, used 178949K [0x00000007a8000000, 0x00000007c0000000, 0x00000007c0000000)
 Metaspace       used 35745K, capacity 36324K, committed 36528K, reserved 1081344K
  class space    used 4103K, capacity 4255K, committed 4272K, reserved 1048576K
}
2016-10-23T19:09:43.854+0800: 208.031: Total time for which application threads were stopped: 0.0077669 seconds, Stopping threads took: 0.0000211 seconds
{Heap before GC invocations=363 (full 12):
 par new generation   total 109248K, used 109248K [0x00000007a0000000, 0x00000007a8000000, 0x00000007a8000000)
  eden space 87424K, 100% used [0x00000007a0000000, 0x00000007a5560000, 0x00000007a5560000)
  from space 21824K, 100% used [0x00000007a6ab0000, 0x00000007a8000000, 0x00000007a8000000)
  to   space 21824K,   0% used [0x00000007a5560000, 0x00000007a5560000, 0x00000007a6ab0000)
 concurrent mark-sweep generation total 393216K, used 178949K [0x00000007a8000000, 0x00000007c0000000, 0x00000007c0000000)
 Metaspace       used 35745K, capacity 36324K, committed 36528K, reserved 1081344K
  class space    used 4103K, capacity 4255K, committed 4272K, reserved 1048576K
2016-10-23T19:09:44.102+0800: 208.279: [GC (Allocation Failure) 2016-10-23T19:09:44.102+0800: 208.279: [ParNew
Desired survivor size 20112992 bytes, new threshold 8 (max 8)
- age   1:    5577288 bytes,    5577288 total
- age   2:    3131720 bytes,    8709008 total
- age   3:    1983616 bytes,   10692624 total
- age   4:    5149736 bytes,   15842360 total
- age   5:    1284768 bytes,   17127128 total
- age   6:     941688 bytes,   18068816 total
- age   7:     998712 bytes,   19067528 total
- age   8:     725376 bytes,   19792904 total
: 109248K->21824K(109248K), 0.0093017 secs] 288197K->207173K(502464K), 0.0093852 secs] [Times: user=0.03 sys=0.00, real=0.01 secs] 
Heap after GC invocations=364 (full 12):
 par new generation   total 109248K, used 21824K [0x00000007a0000000, 0x00000007a8000000, 0x00000007a8000000)
  eden space 87424K,   0% used [0x00000007a0000000, 0x00000007a0000000, 0x00000007a5560000)
  from space 21824K, 100% used [0x00000007a5560000, 0x00000007a6ab0000, 0x00000007a6ab0000)
  to   space 21824K,   0% used [0x00000007a6ab0000, 0x00000007a6ab0000, 0x00000007a8000000)
 concurrent mark-sweep generation total 393216K, used 185349K [0x00000007a8000000, 0x00000007c0000000, 0x00000007c0000000)
 Metaspace       used 35745K, capacity 36324K, committed 36528K, reserved 1081344K
  class space    used 4103K, capacity 4255K, committed 4272K, reserved 1048576K
}
2016-10-23T19:09:44.112+0800: 208.289: Total time for which application threads were stopped: 0.0095529 seconds, Stopping threads took: 0.0000290 seconds
{Heap before GC invocations=364 (full 12):
 par new generation   total 109248K, used 109248K [0x00000007a0000000, 0x00000007a8000000, 0x00000007a8000000)
  eden space 87424K, 100% used [0x00000007a0000000, 0x00000007a5560000, 0x00000007a5560000)
  from space 21824K, 100% used [0x00000007a5560000, 0x00000007a6ab0000, 0x00000007a6ab0000)
  to   space 21824K,   0% used [0x00000007a6ab0000, 0x00000007a6ab0000, 0x00000007a8000000)
 concurrent mark-sweep generation total 393216K, used 185349K [0x00000007a8000000, 0x00000007c0000000, 0x00000007c0000000)
 Metaspace       used 35745K, capacity 36324K, committed 36528K, reserved 1081344K
  class space    used 4103K, capacity 4255K, committed 4272K, reserved 1048576K
2016-10-23T19:09:44.367+0800: 208.544: [GC (Allocation Failure) 2016-10-23T19:09:44.367+0800: 208.544: [ParNew
Desired survivor size 20112992 bytes, new threshold 8 (max 8)
- age   1:    2869344 bytes,    2869344 total
- age   2:    3637520 bytes,    6506864 total
- age   3:    2979160 bytes,    9486024 total
- age   4:    1949872 bytes,   11435896 total
- age   5:    4973104 bytes,   16409000 total
- age   6:    1093968 bytes,   17502968 total
- age   7:     748984 bytes,   18251952 total
- age   8:     810480 bytes,   19062432 total
: 109248K->21824K(109248K), 0.0099271 secs] 294597K->213391K(502464K), 0.0099762 secs] [Times: user=0.03 sys=0.01, real=0.01 secs] 
Heap after GC invocations=365 (full 12):
 par new generation   total 109248K, used 21824K [0x00000007a0000000, 0x00000007a8000000, 0x00000007a8000000)
  eden space 87424K,   0% used [0x00000007a0000000, 0x00000007a0000000, 0x00000007a5560000)
  from space 21824K, 100% used [0x00000007a6ab0000, 0x00000007a8000000, 0x00000007a8000000)
  to   space 21824K,   0% used [0x00000007a5560000, 0x00000007a5560000, 0x00000007a6ab0000)
 concurrent mark-sweep generation total 393216K, used 191567K [0x00000007a8000000, 0x00000007c0000000, 0x00000007c0000000)
 Metaspace       used 35745K, capacity 36324K, committed 36528K, reserved 1081344K
  class space    used 4103K, capacity 4255K, committed 4272K, reserved 1048576K
}
2016-10-23T19:09:44.377+0800: 208.554: Total time for which application threads were stopped: 0.0101674 seconds, Stopping threads took: 0.0000328 seconds
{Heap before GC invocations=365 (full 12):
 par new generation   total 109248K, used 109248K [0x00000007a0000000, 0x00000007a8000000, 0x00000007a8000000)
  eden space 87424K, 100% used [0x00000007a0000000, 0x00000007a5560000, 0x00000007a5560000)
  from space 21824K, 100% used [0x00000007a6ab0000, 0x00000007a8000000, 0x00000007a8000000)
  to   space 21824K,   0% used [0x00000007a5560000, 0x00000007a5560000, 0x00000007a6ab0000)
 concurrent mark-sweep generation total 393216K, used 191567K [0x00000007a8000000, 0x00000007c0000000, 0x00000007c0000000)
 Metaspace       used 35745K, capacity 36324K, committed 36528K, reserved 1081344K
  class space    used 4103K, capacity 4255K, committed 4272K, reserved 1048576K
2016-10-23T19:09:44.647+0800: 208.824: [GC (Allocation Failure) 2016-10-23T19:09:44.647+0800: 208.824: [ParNew
Desired survivor size 20112992 bytes, new threshold 8 (max 8)
- age   1:    3521632 bytes,    3521632 total
- age   2:    2584152 bytes,    6105784 total
- age   3:    3265384 bytes,    9371168 total
- age   4:    2481264 bytes,   11852432 total
- age   5:    1839768 bytes,   13692200 total
- age   6:    3870152 bytes,   17562352 total
- age   7:    1086160 bytes,   18648512 total
- age   8:     708544 bytes,   19357056 total
: 109248K->21824K(109248K), 0.0110350 secs] 300815K->222686K(502464K), 0.0111018 secs] [Times: user=0.04 sys=0.00, real=0.01 secs] 
Heap after GC invocations=366 (full 12):
 par new generation   total 109248K, used 21824K [0x00000007a0000000, 0x00000007a8000000, 0x00000007a8000000)
  eden space 87424K,   0% used [0x00000007a0000000, 0x00000007a0000000, 0x00000007a5560000)
  from space 21824K, 100% used [0x00000007a5560000, 0x00000007a6ab0000, 0x00000007a6ab0000)
  to   space 21824K,   0% used [0x00000007a6ab0000, 0x00000007a6ab0000, 0x00000007a8000000)
 concurrent mark-sweep generation total 393216K, used 200862K [0x00000007a8000000, 0x00000007c0000000, 0x00000007c0000000)
 Metaspace       used 35745K, capacity 36324K, committed 36528K, reserved 1081344K
  class space    used 4103K, capacity 4255K, committed 4272K, reserved 1048576K
}
2016-10-23T19:09:44.658+0800: 208.835: Total time for which application threads were stopped: 0.0112706 seconds, Stopping threads took: 0.0000276 seconds
2016-10-23T19:09:44.659+0800: 208.836: [GC (CMS Initial Mark) [1 CMS-initial-mark: 200862K(393216K)] 224422K(502464K), 0.0024122 secs] [Times: user=0.00 sys=0.00, real=0.01 secs] 
2016-10-23T19:09:44.661+0800: 208.838: Total time for which application threads were stopped: 0.0025772 seconds, Stopping threads took: 0.0000680 seconds
2016-10-23T19:09:44.661+0800: 208.838: [CMS-concurrent-mark-start]
2016-10-23T19:09:44.678+0800: 208.856: [CMS-concurrent-mark: 0.017/0.017 secs] [Times: user=0.09 sys=0.00, real=0.01 secs] 
2016-10-23T19:09:44.678+0800: 208.856: [CMS-concurrent-preclean-start]
2016-10-23T19:09:44.680+0800: 208.857: [CMS-concurrent-preclean: 0.001/0.001 secs] [Times: user=0.00 sys=0.00, real=0.01 secs] 
2016-10-23T19:09:44.680+0800: 208.857: [CMS-concurrent-abortable-preclean-start]
2016-10-23T19:09:44.816+0800: 208.993: [CMS-concurrent-abortable-preclean: 0.136/0.136 secs] [Times: user=0.27 sys=0.00, real=0.13 secs] 
2016-10-23T19:09:44.818+0800: 208.995: [GC (CMS Final Remark) [YG occupancy: 69872 K (109248 K)]{Heap before GC invocations=366 (full 13):
 par new generation   total 109248K, used 69872K [0x00000007a0000000, 0x00000007a8000000, 0x00000007a8000000)
  eden space 87424K,  54% used [0x00000007a0000000, 0x00000007a2eec0d8, 0x00000007a5560000)
  from space 21824K, 100% used [0x00000007a5560000, 0x00000007a6ab0000, 0x00000007a6ab0000)
  to   space 21824K,   0% used [0x00000007a6ab0000, 0x00000007a6ab0000, 0x00000007a8000000)
 concurrent mark-sweep generation total 393216K, used 200862K [0x00000007a8000000, 0x00000007c0000000, 0x00000007c0000000)
 Metaspace       used 35745K, capacity 36324K, committed 36528K, reserved 1081344K
  class space    used 4103K, capacity 4255K, committed 4272K, reserved 1048576K
2016-10-23T19:09:44.818+0800: 208.996: [GC (CMS Final Remark) 2016-10-23T19:09:44.818+0800: 208.996: [ParNew
Desired survivor size 20112992 bytes, new threshold 8 (max 8)
- age   1:    1285560 bytes,    1285560 total
- age   2:    2807176 bytes,    4092736 total
- age   3:    2406960 bytes,    6499696 total
- age   4:    3245872 bytes,    9745568 total
- age   5:    2460808 bytes,   12206376 total
- age   6:    1822032 bytes,   14028408 total
- age   7:    3595504 bytes,   17623912 total
- age   8:    1074976 bytes,   18698888 total
: 69872K->21824K(109248K), 0.0107148 secs] 270734K->227434K(502464K), 0.0107789 secs] [Times: user=0.04 sys=0.00, real=0.01 secs] 
Heap after GC invocations=367 (full 13):
 par new generation   total 109248K, used 21824K [0x00000007a0000000, 0x00000007a8000000, 0x00000007a8000000)
  eden space 87424K,   0% used [0x00000007a0000000, 0x00000007a0000000, 0x00000007a5560000)
  from space 21824K, 100% used [0x00000007a6ab0000, 0x00000007a8000000, 0x00000007a8000000)
  to   space 21824K,   0% used [0x00000007a5560000, 0x00000007a5560000, 0x00000007a6ab0000)
 concurrent mark-sweep generation total 393216K, used 205610K [0x00000007a8000000, 0x00000007c0000000, 0x00000007c0000000)
 Metaspace       used 35745K, capacity 36324K, committed 36528K, reserved 1081344K
  class space    used 4103K, capacity 4255K, committed 4272K, reserved 1048576K
}
2016-10-23T19:09:44.829+0800: 209.006: [Rescan (parallel) , 0.0038099 secs]2016-10-23T19:09:44.833+0800: 209.010: [weak refs processing, 0.0007106 secs]2016-10-23T19:09:44.834+0800: 209.011: [class unloading, 0.0101602 secs]2016-10-23T19:09:44.844+0800: 209.021: [scrub symbol table, 0.0056263 secs]2016-10-23T19:09:44.850+0800: 209.027: [scrub string table, 0.0005401 secs][1 CMS-remark: 205610K(393216K)] 227434K(502464K), 0.0318979 secs] [Times: user=0.07 sys=0.00, real=0.04 secs] 
2016-10-23T19:09:44.850+0800: 209.027: Total time for which application threads were stopped: 0.0321989 seconds, Stopping threads took: 0.0001232 seconds
2016-10-23T19:09:44.850+0800: 209.027: [CMS-concurrent-sweep-start]
2016-10-23T19:09:44.912+0800: 209.089: [CMS-concurrent-sweep: 0.062/0.062 secs] [Times: user=0.12 sys=0.01, real=0.06 secs] 
2016-10-23T19:09:44.912+0800: 209.089: [CMS-concurrent-reset-start]
2016-10-23T19:09:44.913+0800: 209.090: [CMS-concurrent-reset: 0.000/0.000 secs] [Times: user=0.00 sys=0.00, real=0.00 secs] 
{Heap before GC invocations=367 (full 13):
 par new generation   total 109248K, used 109248K [0x00000007a0000000, 0x00000007a8000000, 0x00000007a8000000)
  eden space 87424K, 100% used [0x00000007a0000000, 0x00000007a5560000, 0x00000007a5560000)
  from space 21824K, 100% used [0x00000007a6ab0000, 0x00000007a8000000, 0x00000007a8000000)
  to   space 21824K,   0% used [0x00000007a5560000, 0x00000007a5560000, 0x00000007a6ab0000)
 concurrent mark-sweep generation total 393216K, used 93349K [0x00000007a8000000, 0x00000007c0000000, 0x00000007c0000000)
 Metaspace       used 35745K, capacity 36324K, committed 36528K, reserved 1081344K
  class space    used 4103K, capacity 4255K, committed 4272K, reserved 1048576K
2016-10-23T19:09:45.214+0800: 209.391: [GC (Allocation Failure) 2016-10-23T19:09:45.214+0800: 209.391: [ParNew
Desired survivor size 20112992 bytes, new threshold 8 (max 8)
- age   1:    8003304 bytes,    8003304 total
- age   2:    1239648 bytes,    9242952 total
- age   3:    1646352 bytes,   10889304 total
- age   4:    1208592 bytes,   12097896 total
- age   5:    1349136 bytes,   13447032 total
- age   6:    2015208 bytes,   15462240 total
- age   7:    1770496 bytes,   17232736 total
- age   8:    2899920 bytes,   20132656 total
: 109248K->21824K(109248K), 0.0154292 secs] 202597K->124956K(502464K), 0.0155131 secs] [Times: user=0.05 sys=0.00, real=0.01 secs] 
Heap after GC invocations=368 (full 13):
 par new generation   total 109248K, used 21824K [0x00000007a0000000, 0x00000007a8000000, 0x00000007a8000000)
  eden space 87424K,   0% used [0x00000007a0000000, 0x00000007a0000000, 0x00000007a5560000)
  from space 21824K, 100% used [0x00000007a5560000, 0x00000007a6ab0000, 0x00000007a6ab0000)
  to   space 21824K,   0% used [0x00000007a6ab0000, 0x00000007a6ab0000, 0x00000007a8000000)
 concurrent mark-sweep generation total 393216K, used 103132K [0x00000007a8000000, 0x00000007c0000000, 0x00000007c0000000)
 Metaspace       used 35745K, capacity 36324K, committed 36528K, reserved 1081344K
  class space    used 4103K, capacity 4255K, committed 4272K, reserved 1048576K
}
2016-10-23T19:09:45.229+0800: 209.407: Total time for which application threads were stopped: 0.0157418 seconds, Stopping threads took: 0.0000320 seconds
{Heap before GC invocations=368 (full 13):
 par new generation   total 109248K, used 109248K [0x00000007a0000000, 0x00000007a8000000, 0x00000007a8000000)
  eden space 87424K, 100% used [0x00000007a0000000, 0x00000007a5560000, 0x00000007a5560000)
  from space 21824K, 100% used [0x00000007a5560000, 0x00000007a6ab0000, 0x00000007a6ab0000)
  to   space 21824K,   0% used [0x00000007a6ab0000, 0x00000007a6ab0000, 0x00000007a8000000)
 concurrent mark-sweep generation total 393216K, used 103132K [0x00000007a8000000, 0x00000007c0000000, 0x00000007c0000000)
 Metaspace       used 35745K, capacity 36324K, committed 36528K, reserved 1081344K
  class space    used 4103K, capacity 4255K, committed 4272K, reserved 1048576K
2016-10-23T19:09:45.532+0800: 209.709: [GC (Allocation Failure) 2016-10-23T19:09:45.532+0800: 209.709: [ParNew
Desired survivor size 20112992 bytes, new threshold 8 (max 8)
- age   1:    6220008 bytes,    6220008 total
- age   2:    5701616 bytes,   11921624 total
- age   3:    1078584 bytes,   13000208 total
- age   4:    1154648 bytes,   14154856 total
- age   5:    1193832 bytes,   15348688 total
- age   6:    1340336 bytes,   16689024 total
- age   7:    2007008 bytes,   18696032 total
- age   8:    1762384 bytes,   20458416 total
: 109248K->21824K(109248K), 0.0115405 secs] 212380K->135666K(502464K), 0.0116276 secs] [Times: user=0.04 sys=0.00, real=0.01 secs] 
Heap after GC invocations=369 (full 13):
 par new generation   total 109248K, used 21824K [0x00000007a0000000, 0x00000007a8000000, 0x00000007a8000000)
  eden space 87424K,   0% used [0x00000007a0000000, 0x00000007a0000000, 0x00000007a5560000)
  from space 21824K, 100% used [0x00000007a6ab0000, 0x00000007a8000000, 0x00000007a8000000)
  to   space 21824K,   0% used [0x00000007a5560000, 0x00000007a5560000, 0x00000007a6ab0000)
 concurrent mark-sweep generation total 393216K, used 113842K [0x00000007a8000000, 0x00000007c0000000, 0x00000007c0000000)
 Metaspace       used 35745K, capacity 36324K, committed 36528K, reserved 1081344K
  class space    used 4103K, capacity 4255K, committed 4272K, reserved 1048576K
}
2016-10-23T19:09:45.544+0800: 209.721: Total time for which application threads were stopped: 0.0118111 seconds, Stopping threads took: 0.0000227 seconds
{Heap before GC invocations=369 (full 13):
 par new generation   total 109248K, used 109248K [0x00000007a0000000, 0x00000007a8000000, 0x00000007a8000000)
  eden space 87424K, 100% used [0x00000007a0000000, 0x00000007a5560000, 0x00000007a5560000)
  from space 21824K, 100% used [0x00000007a6ab0000, 0x00000007a8000000, 0x00000007a8000000)
  to   space 21824K,   0% used [0x00000007a5560000, 0x00000007a5560000, 0x00000007a6ab0000)
 concurrent mark-sweep generation total 393216K, used 113842K [0x00000007a8000000, 0x00000007c0000000, 0x00000007c0000000)
 Metaspace       used 35745K, capacity 36324K, committed 36528K, reserved 1081344K
  class space    used 4103K, capacity 4255K, committed 4272K, reserved 1048576K
2016-10-23T19:09:45.829+0800: 210.006: [GC (Allocation Failure) 2016-10-23T19:09:45.829+0800: 210.006: [ParNew
Desired survivor size 20112992 bytes, new threshold 8 (max 8)
- age   1:    4561632 bytes,    4561632 total
- age   2:    4524152 bytes,    9085784 total
- age   3:    5270552 bytes,   14356336 total
- age   4:    1076648 bytes,   15432984 total
- age   5:    1095472 bytes,   16528456 total
- age   6:    1190480 bytes,   17718936 total
- age   7:    1336968 bytes,   19055904 total
- age   8:    2004376 bytes,   21060280 total
: 109248K->21824K(109248K), 0.0122859 secs] 223090K->142094K(502464K), 0.0123908 secs] [Times: user=0.05 sys=0.00, real=0.02 secs] 
Heap after GC invocations=370 (full 13):
 par new generation   total 109248K, used 21824K [0x00000007a0000000, 0x00000007a8000000, 0x00000007a8000000)
  eden space 87424K,   0% used [0x00000007a0000000, 0x00000007a0000000, 0x00000007a5560000)
  from space 21824K, 100% used [0x00000007a5560000, 0x00000007a6ab0000, 0x00000007a6ab0000)
  to   space 21824K,   0% used [0x00000007a6ab0000, 0x00000007a6ab0000, 0x00000007a8000000)
 concurrent mark-sweep generation total 393216K, used 120270K [0x00000007a8000000, 0x00000007c0000000, 0x00000007c0000000)
 Metaspace       used 35745K, capacity 36324K, committed 36528K, reserved 1081344K
  class space    used 4103K, capacity 4255K, committed 4272K, reserved 1048576K
}
2016-10-23T19:09:45.841+0800: 210.018: Total time for which application threads were stopped: 0.0125986 seconds, Stopping threads took: 0.0000273 seconds
{Heap before GC invocations=370 (full 13):
 par new generation   total 109248K, used 109248K [0x00000007a0000000, 0x00000007a8000000, 0x00000007a8000000)
  eden space 87424K, 100% used [0x00000007a0000000, 0x00000007a5560000, 0x00000007a5560000)
  from space 21824K, 100% used [0x00000007a5560000, 0x00000007a6ab0000, 0x00000007a6ab0000)
  to   space 21824K,   0% used [0x00000007a6ab0000, 0x00000007a6ab0000, 0x00000007a8000000)
 concurrent mark-sweep generation total 393216K, used 120270K [0x00000007a8000000, 0x00000007c0000000, 0x00000007c0000000)
 Metaspace       used 35745K, capacity 36324K, committed 36528K, reserved 1081344K
  class space    used 4103K, capacity 4255K, committed 4272K, reserved 1048576K
2016-10-23T19:09:46.128+0800: 210.305: [GC (Allocation Failure) 2016-10-23T19:09:46.128+0800: 210.305: [ParNew
Desired survivor size 20112992 bytes, new threshold 8 (max 8)
- age   1:    3385320 bytes,    3385320 total
- age   2:    4218544 bytes,    7603864 total
- age   3:    2806056 bytes,   10409920 total
- age   4:    5202928 bytes,   15612848 total
- age   5:    1029472 bytes,   16642320 total
- age   6:    1018352 bytes,   17660672 total
- age   7:    1113840 bytes,   18774512 total
- age   8:    1268784 bytes,   20043296 total
: 109248K->21824K(109248K), 0.0126808 secs] 229518K->150353K(502464K), 0.0127576 secs] [Times: user=0.05 sys=0.00, real=0.02 secs] 
Heap after GC invocations=371 (full 13):
 par new generation   total 109248K, used 21824K [0x00000007a0000000, 0x00000007a8000000, 0x00000007a8000000)
  eden space 87424K,   0% used [0x00000007a0000000, 0x00000007a0000000, 0x00000007a5560000)
  from space 21824K, 100% used [0x00000007a6ab0000, 0x00000007a8000000, 0x00000007a8000000)
  to   space 21824K,   0% used [0x00000007a5560000, 0x00000007a5560000, 0x00000007a6ab0000)
 concurrent mark-sweep generation total 393216K, used 128529K [0x00000007a8000000, 0x00000007c0000000, 0x00000007c0000000)
 Metaspace       used 35745K, capacity 36324K, committed 36528K, reserved 1081344K
  class space    used 4103K, capacity 4255K, committed 4272K, reserved 1048576K
}
2016-10-23T19:09:46.141+0800: 210.318: Total time for which application threads were stopped: 0.0129751 seconds, Stopping threads took: 0.0000290 seconds
{Heap before GC invocations=371 (full 13):
 par new generation   total 109248K, used 109248K [0x00000007a0000000, 0x00000007a8000000, 0x00000007a8000000)
  eden space 87424K, 100% used [0x00000007a0000000, 0x00000007a5560000, 0x00000007a5560000)
  from space 21824K, 100% used [0x00000007a6ab0000, 0x00000007a8000000, 0x00000007a8000000)
  to   space 21824K,   0% used [0x00000007a5560000, 0x00000007a5560000, 0x00000007a6ab0000)
 concurrent mark-sweep generation total 393216K, used 128529K [0x00000007a8000000, 0x00000007c0000000, 0x00000007c0000000)
 Metaspace       used 35745K, capacity 36324K, committed 36528K, reserved 1081344K
  class space    used 4103K, capacity 4255K, committed 4272K, reserved 1048576K
2016-10-23T19:09:46.420+0800: 210.597: [GC (Allocation Failure) 2016-10-23T19:09:46.420+0800: 210.598: [ParNew
Desired survivor size 20112992 bytes, new threshold 8 (max 8)
- age   1:    2830024 bytes,    2830024 total
- age   2:    3187328 bytes,    6017352 total
- age   3:    2295872 bytes,    8313224 total
- age   4:    2731808 bytes,   11045032 total
- age   5:    5186816 bytes,   16231848 total
- age   6:    1023120 bytes,   17254968 total
- age   7:    1002408 bytes,   18257376 total
- age   8:    1098920 bytes,   19356296 total
: 109248K->21824K(109248K), 0.0098194 secs] 237777K->157826K(502464K), 0.0099345 secs] [Times: user=0.04 sys=0.00, real=0.01 secs] 
Heap after GC invocations=372 (full 13):
 par new generation   total 109248K, used 21824K [0x00000007a0000000, 0x00000007a8000000, 0x00000007a8000000)
  eden space 87424K,   0% used [0x00000007a0000000, 0x00000007a0000000, 0x00000007a5560000)
  from space 21824K, 100% used [0x00000007a5560000, 0x00000007a6ab0000, 0x00000007a6ab0000)
  to   space 21824K,   0% used [0x00000007a6ab0000, 0x00000007a6ab0000, 0x00000007a8000000)
 concurrent mark-sweep generation total 393216K, used 136002K [0x00000007a8000000, 0x00000007c0000000, 0x00000007c0000000)
 Metaspace       used 35745K, capacity 36324K, committed 36528K, reserved 1081344K
  class space    used 4103K, capacity 4255K, committed 4272K, reserved 1048576K
}
2016-10-23T19:09:46.430+0800: 210.607: Total time for which application threads were stopped: 0.0102764 seconds, Stopping threads took: 0.0000612 seconds
{Heap before GC invocations=372 (full 13):
 par new generation   total 109248K, used 109248K [0x00000007a0000000, 0x00000007a8000000, 0x00000007a8000000)
  eden space 87424K, 100% used [0x00000007a0000000, 0x00000007a5560000, 0x00000007a5560000)
  from space 21824K, 100% used [0x00000007a5560000, 0x00000007a6ab0000, 0x00000007a6ab0000)
  to   space 21824K,   0% used [0x00000007a6ab0000, 0x00000007a6ab0000, 0x00000007a8000000)
 concurrent mark-sweep generation total 393216K, used 136002K [0x00000007a8000000, 0x00000007c0000000, 0x00000007c0000000)
 Metaspace       used 35745K, capacity 36324K, committed 36528K, reserved 1081344K
  class space    used 4103K, capacity 4255K, committed 4272K, reserved 1048576K
2016-10-23T19:09:46.698+0800: 210.875: [GC (Allocation Failure) 2016-10-23T19:09:46.698+0800: 210.875: [ParNew
Desired survivor size 20112992 bytes, new threshold 8 (max 8)
- age   1:    4302536 bytes,    4302536 total
- age   2:    1844544 bytes,    6147080 total
- age   3:    2003728 bytes,    8150808 total
- age   4:    2148200 bytes,   10299008 total
- age   5:    2558424 bytes,   12857432 total
- age   6:    5078920 bytes,   17936352 total
- age   7:     933488 bytes,   18869840 total
- age   8:     866048 bytes,   19735888 total
: 109248K->21824K(109248K), 0.0128662 secs] 245250K->168450K(502464K), 0.0129304 secs] [Times: user=0.05 sys=0.00, real=0.02 secs] 
Heap after GC invocations=373 (full 13):
 par new generation   total 109248K, used 21824K [0x00000007a0000000, 0x00000007a8000000, 0x00000007a8000000)
  eden space 87424K,   0% used [0x00000007a0000000, 0x00000007a0000000, 0x00000007a5560000)
  from space 21824K, 100% used [0x00000007a6ab0000, 0x00000007a8000000, 0x00000007a8000000)
  to   space 21824K,   0% used [0x00000007a5560000, 0x00000007a5560000, 0x00000007a6ab0000)
 concurrent mark-sweep generation total 393216K, used 146626K [0x00000007a8000000, 0x00000007c0000000, 0x00000007c0000000)
 Metaspace       used 35745K, capacity 36324K, committed 36528K, reserved 1081344K
  class space    used 4103K, capacity 4255K, committed 4272K, reserved 1048576K
}
2016-10-23T19:09:46.711+0800: 210.888: Total time for which application threads were stopped: 0.0130910 seconds, Stopping threads took: 0.0000191 seconds
{Heap before GC invocations=373 (full 13):
 par new generation   total 109248K, used 109248K [0x00000007a0000000, 0x00000007a8000000, 0x00000007a8000000)
  eden space 87424K, 100% used [0x00000007a0000000, 0x00000007a5560000, 0x00000007a5560000)
  from space 21824K, 100% used [0x00000007a6ab0000, 0x00000007a8000000, 0x00000007a8000000)
  to   space 21824K,   0% used [0x00000007a5560000, 0x00000007a5560000, 0x00000007a6ab0000)
 concurrent mark-sweep generation total 393216K, used 146626K [0x00000007a8000000, 0x00000007c0000000, 0x00000007c0000000)
 Metaspace       used 35745K, capacity 36324K, committed 36528K, reserved 1081344K
  class space    used 4103K, capacity 4255K, committed 4272K, reserved 1048576K
2016-10-23T19:09:46.984+0800: 211.162: [GC (Allocation Failure) 2016-10-23T19:09:46.984+0800: 211.162: [ParNew
Desired survivor size 20112992 bytes, new threshold 8 (max 8)
- age   1:    3128208 bytes,    3128208 total
- age   2:    3734144 bytes,    6862352 total
- age   3:    1359520 bytes,    8221872 total
- age   4:    1958584 bytes,   10180456 total
- age   5:    2115064 bytes,   12295520 total
- age   6:    2528192 bytes,   14823712 total
- age   7:    5048520 bytes,   19872232 total
- age   8:     914720 bytes,   20786952 total
: 109248K->21824K(109248K), 0.0115030 secs] 255874K->176594K(502464K), 0.0115903 secs] [Times: user=0.04 sys=0.01, real=0.01 secs] 
Heap after GC invocations=374 (full 13):
 par new generation   total 109248K, used 21824K [0x00000007a0000000, 0x00000007a8000000, 0x00000007a8000000)
  eden space 87424K,   0% used [0x00000007a0000000, 0x00000007a0000000, 0x00000007a5560000)
  from space 21824K, 100% used [0x00000007a5560000, 0x00000007a6ab0000, 0x00000007a6ab0000)
  to   space 21824K,   0% used [0x00000007a6ab0000, 0x00000007a6ab0000, 0x00000007a8000000)
 concurrent mark-sweep generation total 393216K, used 154770K [0x00000007a8000000, 0x00000007c0000000, 0x00000007c0000000)
 Metaspace       used 35745K, capacity 36324K, committed 36528K, reserved 1081344K
  class space    used 4103K, capacity 4255K, committed 4272K, reserved 1048576K
}
2016-10-23T19:09:46.996+0800: 211.173: Total time for which application threads were stopped: 0.0117902 seconds, Stopping threads took: 0.0000272 seconds
{Heap before GC invocations=374 (full 13):
 par new generation   total 109248K, used 109248K [0x00000007a0000000, 0x00000007a8000000, 0x00000007a8000000)
  eden space 87424K, 100% used [0x00000007a0000000, 0x00000007a5560000, 0x00000007a5560000)
  from space 21824K, 100% used [0x00000007a5560000, 0x00000007a6ab0000, 0x00000007a6ab0000)
  to   space 21824K,   0% used [0x00000007a6ab0000, 0x00000007a6ab0000, 0x00000007a8000000)
 concurrent mark-sweep generation total 393216K, used 154770K [0x00000007a8000000, 0x00000007c0000000, 0x00000007c0000000)
 Metaspace       used 35745K, capacity 36324K, committed 36528K, reserved 1081344K
  class space    used 4103K, capacity 4255K, committed 4272K, reserved 1048576K
2016-10-23T19:09:47.297+0800: 211.474: [GC (Allocation Failure) 2016-10-23T19:09:47.297+0800: 211.474: [ParNew
Desired survivor size 20112992 bytes, new threshold 8 (max 8)
- age   1:    2275248 bytes,    2275248 total
- age   2:    2764304 bytes,    5039552 total
- age   3:    3408216 bytes,    8447768 total
- age   4:     877488 bytes,    9325256 total
- age   5:    1850208 bytes,   11175464 total
- age   6:    1851624 bytes,   13027088 total
- age   7:    2275280 bytes,   15302368 total
- age   8:    4984152 bytes,   20286520 total
: 109248K->21824K(109248K), 0.0165522 secs] 264018K->180494K(502464K), 0.0166270 secs] [Times: user=0.06 sys=0.00, real=0.02 secs] 
Heap after GC invocations=375 (full 13):
 par new generation   total 109248K, used 21824K [0x00000007a0000000, 0x00000007a8000000, 0x00000007a8000000)
  eden space 87424K,   0% used [0x00000007a0000000, 0x00000007a0000000, 0x00000007a5560000)
  from space 21824K, 100% used [0x00000007a6ab0000, 0x00000007a8000000, 0x00000007a8000000)
  to   space 21824K,   0% used [0x00000007a5560000, 0x00000007a5560000, 0x00000007a6ab0000)
 concurrent mark-sweep generation total 393216K, used 158670K [0x00000007a8000000, 0x00000007c0000000, 0x00000007c0000000)
 Metaspace       used 35745K, capacity 36324K, committed 36528K, reserved 1081344K
  class space    used 4103K, capacity 4255K, committed 4272K, reserved 1048576K
}
2016-10-23T19:09:47.314+0800: 211.491: Total time for which application threads were stopped: 0.0168177 seconds, Stopping threads took: 0.0000229 seconds
{Heap before GC invocations=375 (full 13):
 par new generation   total 109248K, used 109248K [0x00000007a0000000, 0x00000007a8000000, 0x00000007a8000000)
  eden space 87424K, 100% used [0x00000007a0000000, 0x00000007a5560000, 0x00000007a5560000)
  from space 21824K, 100% used [0x00000007a6ab0000, 0x00000007a8000000, 0x00000007a8000000)
  to   space 21824K,   0% used [0x00000007a5560000, 0x00000007a5560000, 0x00000007a6ab0000)
 concurrent mark-sweep generation total 393216K, used 158670K [0x00000007a8000000, 0x00000007c0000000, 0x00000007c0000000)
 Metaspace       used 35745K, capacity 36324K, committed 36528K, reserved 1081344K
  class space    used 4103K, capacity 4255K, committed 4272K, reserved 1048576K
2016-10-23T19:09:47.603+0800: 211.780: [GC (Allocation Failure) 2016-10-23T19:09:47.603+0800: 211.780: [ParNew
Desired survivor size 20112992 bytes, new threshold 8 (max 8)
- age   1:    4614984 bytes,    4614984 total
- age   2:    2230584 bytes,    6845568 total
- age   3:    2718432 bytes,    9564000 total
- age   4:    3139408 bytes,   12703408 total
- age   5:     838544 bytes,   13541952 total
- age   6:    1813176 bytes,   15355128 total
- age   7:    1814664 bytes,   17169792 total
- age   8:    2235264 bytes,   19405056 total
: 109248K->21824K(109248K), 0.0103495 secs] 267918K->190793K(502464K), 0.0104589 secs] [Times: user=0.03 sys=0.00, real=0.01 secs] 
Heap after GC invocations=376 (full 13):
 par new generation   total 109248K, used 21824K [0x00000007a0000000, 0x00000007a8000000, 0x00000007a8000000)
  eden space 87424K,   0% used [0x00000007a0000000, 0x00000007a0000000, 0x00000007a5560000)
  from space 21824K, 100% used [0x00000007a5560000, 0x00000007a6ab0000, 0x00000007a6ab0000)
  to   space 21824K,   0% used [0x00000007a6ab0000, 0x00000007a6ab0000, 0x00000007a8000000)
 concurrent mark-sweep generation total 393216K, used 168969K [0x00000007a8000000, 0x00000007c0000000, 0x00000007c0000000)
 Metaspace       used 35745K, capacity 36324K, committed 36528K, reserved 1081344K
  class space    used 4103K, capacity 4255K, committed 4272K, reserved 1048576K
}
2016-10-23T19:09:47.613+0800: 211.791: Total time for which application threads were stopped: 0.0107016 seconds, Stopping threads took: 0.0000445 seconds
{Heap before GC invocations=376 (full 13):
 par new generation   total 109248K, used 109248K [0x00000007a0000000, 0x00000007a8000000, 0x00000007a8000000)
  eden space 87424K, 100% used [0x00000007a0000000, 0x00000007a5560000, 0x00000007a5560000)
  from space 21824K, 100% used [0x00000007a5560000, 0x00000007a6ab0000, 0x00000007a6ab0000)
  to   space 21824K,   0% used [0x00000007a6ab0000, 0x00000007a6ab0000, 0x00000007a8000000)
 concurrent mark-sweep generation total 393216K, used 168969K [0x00000007a8000000, 0x00000007c0000000, 0x00000007c0000000)
 Metaspace       used 35745K, capacity 36324K, committed 36528K, reserved 1081344K
  class space    used 4103K, capacity 4255K, committed 4272K, reserved 1048576K
2016-10-23T19:09:47.890+0800: 212.067: [GC (Allocation Failure) 2016-10-23T19:09:47.890+0800: 212.067: [ParNew
Desired survivor size 20112992 bytes, new threshold 8 (max 8)
- age   1:    3775120 bytes,    3775120 total
- age   2:    3655832 bytes,    7430952 total
- age   3:    2000496 bytes,    9431448 total
- age   4:    2704992 bytes,   12136440 total
- age   5:    2370440 bytes,   14506880 total
- age   6:     835632 bytes,   15342512 total
- age   7:    1810160 bytes,   17152672 total
- age   8:    1811240 bytes,   18963912 total
: 109248K->21824K(109248K), 0.0153486 secs] 278217K->201271K(502464K), 0.0154673 secs] [Times: user=0.04 sys=0.00, real=0.01 secs] 
Heap after GC invocations=377 (full 13):
 par new generation   total 109248K, used 21824K [0x00000007a0000000, 0x00000007a8000000, 0x00000007a8000000)
  eden space 87424K,   0% used [0x00000007a0000000, 0x00000007a0000000, 0x00000007a5560000)
  from space 21824K, 100% used [0x00000007a6ab0000, 0x00000007a8000000, 0x00000007a8000000)
  to   space 21824K,   0% used [0x00000007a5560000, 0x00000007a5560000, 0x00000007a6ab0000)
 concurrent mark-sweep generation total 393216K, used 179447K [0x00000007a8000000, 0x00000007c0000000, 0x00000007c0000000)
 Metaspace       used 35745K, capacity 36324K, committed 36528K, reserved 1081344K
  class space    used 4103K, capacity 4255K, committed 4272K, reserved 1048576K
}
2016-10-23T19:09:47.906+0800: 212.083: Total time for which application threads were stopped: 0.0158875 seconds, Stopping threads took: 0.0000211 seconds
{Heap before GC invocations=377 (full 13):
 par new generation   total 109248K, used 109248K [0x00000007a0000000, 0x00000007a8000000, 0x00000007a8000000)
  eden space 87424K, 100% used [0x00000007a0000000, 0x00000007a5560000, 0x00000007a5560000)
  from space 21824K, 100% used [0x00000007a6ab0000, 0x00000007a8000000, 0x00000007a8000000)
  to   space 21824K,   0% used [0x00000007a5560000, 0x00000007a5560000, 0x00000007a6ab0000)
 concurrent mark-sweep generation total 393216K, used 179447K [0x00000007a8000000, 0x00000007c0000000, 0x00000007c0000000)
 Metaspace       used 35745K, capacity 36324K, committed 36528K, reserved 1081344K
  class space    used 4103K, capacity 4255K, committed 4272K, reserved 1048576K
2016-10-23T19:09:48.187+0800: 212.365: [GC (Allocation Failure) 2016-10-23T19:09:48.188+0800: 212.365: [ParNew
Desired survivor size 20112992 bytes, new threshold 8 (max 8)
- age   1:    4529672 bytes,    4529672 total
- age   2:    3479144 bytes,    8008816 total
- age   3:    3125088 bytes,   11133904 total
- age   4:    1822144 bytes,   12956048 total
- age   5:    2532624 bytes,   15488672 total
- age   6:    2170320 bytes,   17658992 total
- age   7:     667704 bytes,   18326696 total
- age   8:    1672072 bytes,   19998768 total
: 109248K->21824K(109248K), 0.0113492 secs] 288695K->211333K(502464K), 0.0114159 secs] [Times: user=0.04 sys=0.00, real=0.01 secs] 
Heap after GC invocations=378 (full 13):
 par new generation   total 109248K, used 21824K [0x00000007a0000000, 0x00000007a8000000, 0x00000007a8000000)
  eden space 87424K,   0% used [0x00000007a0000000, 0x00000007a0000000, 0x00000007a5560000)
  from space 21824K, 100% used [0x00000007a5560000, 0x00000007a6ab0000, 0x00000007a6ab0000)
  to   space 21824K,   0% used [0x00000007a6ab0000, 0x00000007a6ab0000, 0x00000007a8000000)
 concurrent mark-sweep generation total 393216K, used 189509K [0x00000007a8000000, 0x00000007c0000000, 0x00000007c0000000)
 Metaspace       used 35745K, capacity 36324K, committed 36528K, reserved 1081344K
  class space    used 4103K, capacity 4255K, committed 4272K, reserved 1048576K
}
2016-10-23T19:09:48.199+0800: 212.376: Total time for which application threads were stopped: 0.0116332 seconds, Stopping threads took: 0.0000380 seconds
{Heap before GC invocations=378 (full 13):
 par new generation   total 109248K, used 109248K [0x00000007a0000000, 0x00000007a8000000, 0x00000007a8000000)
  eden space 87424K, 100% used [0x00000007a0000000, 0x00000007a5560000, 0x00000007a5560000)
  from space 21824K, 100% used [0x00000007a5560000, 0x00000007a6ab0000, 0x00000007a6ab0000)
  to   space 21824K,   0% used [0x00000007a6ab0000, 0x00000007a6ab0000, 0x00000007a8000000)
 concurrent mark-sweep generation total 393216K, used 189509K [0x00000007a8000000, 0x00000007c0000000, 0x00000007c0000000)
 Metaspace       used 35745K, capacity 36324K, committed 36528K, reserved 1081344K
  class space    used 4103K, capacity 4255K, committed 4272K, reserved 1048576K
2016-10-23T19:09:48.511+0800: 212.688: [GC (Allocation Failure) 2016-10-23T19:09:48.511+0800: 212.688: [ParNew
Desired survivor size 20112992 bytes, new threshold 8 (max 8)
- age   1:    3141048 bytes,    3141048 total
- age   2:    3373744 bytes,    6514792 total
- age   3:    3237576 bytes,    9752368 total
- age   4:    2894152 bytes,   12646520 total
- age   5:    1753312 bytes,   14399832 total
- age   6:    2494448 bytes,   16894280 total
- age   7:    1868208 bytes,   18762488 total
- age   8:     637936 bytes,   19400424 total
: 109248K->21824K(109248K), 0.0137370 secs] 298757K->220673K(502464K), 0.0137991 secs] [Times: user=0.05 sys=0.00, real=0.01 secs] 
Heap after GC invocations=379 (full 13):
 par new generation   total 109248K, used 21824K [0x00000007a0000000, 0x00000007a8000000, 0x00000007a8000000)
  eden space 87424K,   0% used [0x00000007a0000000, 0x00000007a0000000, 0x00000007a5560000)
  from space 21824K, 100% used [0x00000007a6ab0000, 0x00000007a8000000, 0x00000007a8000000)
  to   space 21824K,   0% used [0x00000007a5560000, 0x00000007a5560000, 0x00000007a6ab0000)
 concurrent mark-sweep generation total 393216K, used 198849K [0x00000007a8000000, 0x00000007c0000000, 0x00000007c0000000)
 Metaspace       used 35745K, capacity 36324K, committed 36528K, reserved 1081344K
  class space    used 4103K, capacity 4255K, committed 4272K, reserved 1048576K
}
2016-10-23T19:09:48.525+0800: 212.702: Total time for which application threads were stopped: 0.0140273 seconds, Stopping threads took: 0.0000189 seconds
2016-10-23T19:09:48.525+0800: 212.702: [GC (CMS Initial Mark) [1 CMS-initial-mark: 198849K(393216K)] 222421K(502464K), 0.0062789 secs] [Times: user=0.01 sys=0.00, real=0.01 secs] 
2016-10-23T19:09:48.531+0800: 212.708: Total time for which application threads were stopped: 0.0064820 seconds, Stopping threads took: 0.0000819 seconds
2016-10-23T19:09:48.531+0800: 212.708: [CMS-concurrent-mark-start]
2016-10-23T19:09:48.569+0800: 212.747: [CMS-concurrent-mark: 0.038/0.038 secs] [Times: user=0.18 sys=0.00, real=0.04 secs] 
2016-10-23T19:09:48.570+0800: 212.747: [CMS-concurrent-preclean-start]
2016-10-23T19:09:48.573+0800: 212.750: [CMS-concurrent-preclean: 0.003/0.003 secs] [Times: user=0.01 sys=0.00, real=0.00 secs] 
2016-10-23T19:09:48.573+0800: 212.750: [CMS-concurrent-abortable-preclean-start]
2016-10-23T19:09:48.764+0800: 212.941: [CMS-concurrent-abortable-preclean: 0.190/0.191 secs] [Times: user=0.33 sys=0.01, real=0.19 secs] 
2016-10-23T19:09:48.764+0800: 212.942: [GC (CMS Final Remark) [YG occupancy: 70804 K (109248 K)]{Heap before GC invocations=379 (full 14):
 par new generation   total 109248K, used 70804K [0x00000007a0000000, 0x00000007a8000000, 0x00000007a8000000)
  eden space 87424K,  56% used [0x00000007a0000000, 0x00000007a2fd5108, 0x00000007a5560000)
  from space 21824K, 100% used [0x00000007a6ab0000, 0x00000007a8000000, 0x00000007a8000000)
  to   space 21824K,   0% used [0x00000007a5560000, 0x00000007a5560000, 0x00000007a6ab0000)
 concurrent mark-sweep generation total 393216K, used 198849K [0x00000007a8000000, 0x00000007c0000000, 0x00000007c0000000)
 Metaspace       used 35745K, capacity 36324K, committed 36528K, reserved 1081344K
  class space    used 4103K, capacity 4255K, committed 4272K, reserved 1048576K
2016-10-23T19:09:48.764+0800: 212.942: [GC (CMS Final Remark) 2016-10-23T19:09:48.764+0800: 212.942: [ParNew
Desired survivor size 20112992 bytes, new threshold 8 (max 8)
- age   1:    1261344 bytes,    1261344 total
- age   2:    3066960 bytes,    4328304 total
- age   3:    3301440 bytes,    7629744 total
- age   4:    3072144 bytes,   10701888 total
- age   5:    2859336 bytes,   13561224 total
- age   6:    1710304 bytes,   15271528 total
- age   7:    2452696 bytes,   17724224 total
- age   8:    1852416 bytes,   19576640 total
: 70804K->21824K(109248K), 0.0102410 secs] 269653K->222120K(502464K), 0.0102852 secs] [Times: user=0.03 sys=0.00, real=0.01 secs] 
Heap after GC invocations=380 (full 14):
 par new generation   total 109248K, used 21824K [0x00000007a0000000, 0x00000007a8000000, 0x00000007a8000000)
  eden space 87424K,   0% used [0x00000007a0000000, 0x00000007a0000000, 0x00000007a5560000)
  from space 21824K, 100% used [0x00000007a5560000, 0x00000007a6ab0000, 0x00000007a6ab0000)
  to   space 21824K,   0% used [0x00000007a6ab0000, 0x00000007a6ab0000, 0x00000007a8000000)
 concurrent mark-sweep generation total 393216K, used 200296K [0x00000007a8000000, 0x00000007c0000000, 0x00000007c0000000)
 Metaspace       used 35745K, capacity 36324K, committed 36528K, reserved 1081344K
  class space    used 4103K, capacity 4255K, committed 4272K, reserved 1048576K
}
2016-10-23T19:09:48.775+0800: 212.952: [Rescan (parallel) , 0.0045472 secs]2016-10-23T19:09:48.779+0800: 212.956: [weak refs processing, 0.0010136 secs]2016-10-23T19:09:48.780+0800: 212.957: [class unloading, 0.0096272 secs]2016-10-23T19:09:48.790+0800: 212.967: [scrub symbol table, 0.0054857 secs]2016-10-23T19:09:48.795+0800: 212.973: [scrub string table, 0.0004719 secs][1 CMS-remark: 200296K(393216K)] 222120K(502464K), 0.0316353 secs] [Times: user=0.07 sys=0.00, real=0.03 secs] 
2016-10-23T19:09:48.796+0800: 212.973: Total time for which application threads were stopped: 0.0318392 seconds, Stopping threads took: 0.0000969 seconds
2016-10-23T19:09:48.796+0800: 212.973: [CMS-concurrent-sweep-start]
2016-10-23T19:09:48.830+0800: 213.007: [CMS-concurrent-sweep: 0.034/0.034 secs] [Times: user=0.06 sys=0.00, real=0.04 secs] 
2016-10-23T19:09:48.830+0800: 213.007: [CMS-concurrent-reset-start]
2016-10-23T19:09:48.830+0800: 213.008: [CMS-concurrent-reset: 0.000/0.000 secs] [Times: user=0.01 sys=0.00, real=0.00 secs] 
{Heap before GC invocations=380 (full 14):
 par new generation   total 109248K, used 108985K [0x00000007a0000000, 0x00000007a8000000, 0x00000007a8000000)
  eden space 87424K,  99% used [0x00000007a0000000, 0x00000007a551e710, 0x00000007a5560000)
  from space 21824K, 100% used [0x00000007a5560000, 0x00000007a6ab0000, 0x00000007a6ab0000)
  to   space 21824K,   0% used [0x00000007a6ab0000, 0x00000007a6ab0000, 0x00000007a8000000)
 concurrent mark-sweep generation total 393216K, used 136267K [0x00000007a8000000, 0x00000007c0000000, 0x00000007c0000000)
 Metaspace       used 35745K, capacity 36324K, committed 36528K, reserved 1081344K
  class space    used 4103K, capacity 4255K, committed 4272K, reserved 1048576K
2016-10-23T19:09:49.088+0800: 213.266: [GC (Allocation Failure) 2016-10-23T19:09:49.089+0800: 213.266: [ParNew
Desired survivor size 20112992 bytes, new threshold 8 (max 8)
- age   1:    4951800 bytes,    4951800 total
- age   2:    1216520 bytes,    6168320 total
- age   3:    2994240 bytes,    9162560 total
- age   4:    2998416 bytes,   12160976 total
- age   5:    2802456 bytes,   14963432 total
- age   6:    1749224 bytes,   16712656 total
- age   7:    1655408 bytes,   18368064 total
- age   8:     473504 bytes,   18841568 total
: 108985K->21824K(109248K), 0.0110451 secs] 245253K->161674K(502464K), 0.0112958 secs] [Times: user=0.04 sys=0.00, real=0.02 secs] 
Heap after GC invocations=381 (full 14):
 par new generation   total 109248K, used 21824K [0x00000007a0000000, 0x00000007a8000000, 0x00000007a8000000)
  eden space 87424K,   0% used [0x00000007a0000000, 0x00000007a0000000, 0x00000007a5560000)
  from space 21824K, 100% used [0x00000007a6ab0000, 0x00000007a8000000, 0x00000007a8000000)
  to   space 21824K,   0% used [0x00000007a5560000, 0x00000007a5560000, 0x00000007a6ab0000)
 concurrent mark-sweep generation total 393216K, used 139850K [0x00000007a8000000, 0x00000007c0000000, 0x00000007c0000000)
 Metaspace       used 35745K, capacity 36324K, committed 36528K, reserved 1081344K
  class space    used 4103K, capacity 4255K, committed 4272K, reserved 1048576K
}
2016-10-23T19:09:49.100+0800: 213.277: Total time for which application threads were stopped: 0.0120176 seconds, Stopping threads took: 0.0001167 seconds
{Heap before GC invocations=381 (full 14):
 par new generation   total 109248K, used 109248K [0x00000007a0000000, 0x00000007a8000000, 0x00000007a8000000)
  eden space 87424K, 100% used [0x00000007a0000000, 0x00000007a5560000, 0x00000007a5560000)
  from space 21824K, 100% used [0x00000007a6ab0000, 0x00000007a8000000, 0x00000007a8000000)
  to   space 21824K,   0% used [0x00000007a5560000, 0x00000007a5560000, 0x00000007a6ab0000)
 concurrent mark-sweep generation total 393216K, used 139850K [0x00000007a8000000, 0x00000007c0000000, 0x00000007c0000000)
 Metaspace       used 35745K, capacity 36324K, committed 36528K, reserved 1081344K
  class space    used 4103K, capacity 4255K, committed 4272K, reserved 1048576K
2016-10-23T19:09:49.370+0800: 213.548: [GC (Allocation Failure) 2016-10-23T19:09:49.370+0800: 213.548: [ParNew
Desired survivor size 20112992 bytes, new threshold 7 (max 8)
- age   1:    7321184 bytes,    7321184 total
- age   2:    2402688 bytes,    9723872 total
- age   3:     539912 bytes,   10263784 total
- age   4:    2799968 bytes,   13063752 total
- age   5:    2844200 bytes,   15907952 total
- age   6:    2653672 bytes,   18561624 total
- age   7:    1597184 bytes,   20158808 total
- age   8:    1570680 bytes,   21729488 total
: 109248K->21824K(109248K), 0.0114633 secs] 249098K->176006K(502464K), 0.0115466 secs] [Times: user=0.04 sys=0.00, real=0.01 secs] 
Heap after GC invocations=382 (full 14):
 par new generation   total 109248K, used 21824K [0x00000007a0000000, 0x00000007a8000000, 0x00000007a8000000)
  eden space 87424K,   0% used [0x00000007a0000000, 0x00000007a0000000, 0x00000007a5560000)
  from space 21824K, 100% used [0x00000007a5560000, 0x00000007a6ab0000, 0x00000007a6ab0000)
  to   space 21824K,   0% used [0x00000007a6ab0000, 0x00000007a6ab0000, 0x00000007a8000000)
 concurrent mark-sweep generation total 393216K, used 154182K [0x00000007a8000000, 0x00000007c0000000, 0x00000007c0000000)
 Metaspace       used 35745K, capacity 36324K, committed 36528K, reserved 1081344K
  class space    used 4103K, capacity 4255K, committed 4272K, reserved 1048576K
}
2016-10-23T19:09:49.382+0800: 213.559: Total time for which application threads were stopped: 0.0117447 seconds, Stopping threads took: 0.0000359 seconds
{Heap before GC invocations=382 (full 14):
 par new generation   total 109248K, used 109248K [0x00000007a0000000, 0x00000007a8000000, 0x00000007a8000000)
  eden space 87424K, 100% used [0x00000007a0000000, 0x00000007a5560000, 0x00000007a5560000)
  from space 21824K, 100% used [0x00000007a5560000, 0x00000007a6ab0000, 0x00000007a6ab0000)
  to   space 21824K,   0% used [0x00000007a6ab0000, 0x00000007a6ab0000, 0x00000007a8000000)
 concurrent mark-sweep generation total 393216K, used 154182K [0x00000007a8000000, 0x00000007c0000000, 0x00000007c0000000)
 Metaspace       used 35745K, capacity 36324K, committed 36528K, reserved 1081344K
  class space    used 4103K, capacity 4255K, committed 4272K, reserved 1048576K
2016-10-23T19:09:49.669+0800: 213.846: [GC (Allocation Failure) 2016-10-23T19:09:49.669+0800: 213.846: [ParNew
Desired survivor size 20112992 bytes, new threshold 8 (max 8)
- age   1:    3138200 bytes,    3138200 total
- age   2:    8105336 bytes,   11243536 total
- age   3:    2371504 bytes,   13615040 total
- age   4:     315632 bytes,   13930672 total
- age   5:    1678280 bytes,   15608952 total
- age   6:    1739312 bytes,   17348264 total
- age   7:    2433768 bytes,   19782032 total
: 109248K->21824K(109248K), 0.0117868 secs] 263430K->185162K(502464K), 0.0118625 secs] [Times: user=0.05 sys=0.00, real=0.02 secs] 
Heap after GC invocations=383 (full 14):
 par new generation   total 109248K, used 21824K [0x00000007a0000000, 0x00000007a8000000, 0x00000007a8000000)
  eden space 87424K,   0% used [0x00000007a0000000, 0x00000007a0000000, 0x00000007a5560000)
  from space 21824K, 100% used [0x00000007a6ab0000, 0x00000007a8000000, 0x00000007a8000000)
  to   space 21824K,   0% used [0x00000007a5560000, 0x00000007a5560000, 0x00000007a6ab0000)
 concurrent mark-sweep generation total 393216K, used 163338K [0x00000007a8000000, 0x00000007c0000000, 0x00000007c0000000)
 Metaspace       used 35745K, capacity 36324K, committed 36528K, reserved 1081344K
  class space    used 4103K, capacity 4255K, committed 4272K, reserved 1048576K
}
2016-10-23T19:09:49.681+0800: 213.858: Total time for which application threads were stopped: 0.0120879 seconds, Stopping threads took: 0.0000275 seconds
{Heap before GC invocations=383 (full 14):
 par new generation   total 109248K, used 109248K [0x00000007a0000000, 0x00000007a8000000, 0x00000007a8000000)
  eden space 87424K, 100% used [0x00000007a0000000, 0x00000007a5560000, 0x00000007a5560000)
  from space 21824K, 100% used [0x00000007a6ab0000, 0x00000007a8000000, 0x00000007a8000000)
  to   space 21824K,   0% used [0x00000007a5560000, 0x00000007a5560000, 0x00000007a6ab0000)
 concurrent mark-sweep generation total 393216K, used 163338K [0x00000007a8000000, 0x00000007c0000000, 0x00000007c0000000)
 Metaspace       used 35746K, capacity 36324K, committed 36528K, reserved 1081344K
  class space    used 4103K, capacity 4255K, committed 4272K, reserved 1048576K
2016-10-23T19:09:50.224+0800: 214.401: [GC (Allocation Failure) 2016-10-23T19:09:50.224+0800: 214.401: [ParNew
Desired survivor size 20112992 bytes, new threshold 8 (max 8)
- age   1:    1176824 bytes,    1176824 total
- age   2:    2863280 bytes,    4040104 total
- age   3:    8062280 bytes,   12102384 total
- age   4:    2040088 bytes,   14142472 total
- age   5:     291176 bytes,   14433648 total
- age   6:    1637800 bytes,   16071448 total
- age   7:    1655672 bytes,   17727120 total
- age   8:    1474488 bytes,   19201608 total
: 109248K->21824K(109248K), 0.0080667 secs] 272586K->192251K(502464K), 0.0081316 secs] [Times: user=0.03 sys=0.00, real=0.01 secs] 
Heap after GC invocations=384 (full 14):
 par new generation   total 109248K, used 21824K [0x00000007a0000000, 0x00000007a8000000, 0x00000007a8000000)
  eden space 87424K,   0% used [0x00000007a0000000, 0x00000007a0000000, 0x00000007a5560000)
  from space 21824K, 100% used [0x00000007a5560000, 0x00000007a6ab0000, 0x00000007a6ab0000)
  to   space 21824K,   0% used [0x00000007a6ab0000, 0x00000007a6ab0000, 0x00000007a8000000)
 concurrent mark-sweep generation total 393216K, used 170427K [0x00000007a8000000, 0x00000007c0000000, 0x00000007c0000000)
 Metaspace       used 35746K, capacity 36324K, committed 36528K, reserved 1081344K
  class space    used 4103K, capacity 4255K, committed 4272K, reserved 1048576K
}
2016-10-23T19:09:50.232+0800: 214.409: Total time for which application threads were stopped: 0.0082997 seconds, Stopping threads took: 0.0000286 seconds
{Heap before GC invocations=384 (full 14):
 par new generation   total 109248K, used 109248K [0x00000007a0000000, 0x00000007a8000000, 0x00000007a8000000)
  eden space 87424K, 100% used [0x00000007a0000000, 0x00000007a5560000, 0x00000007a5560000)
  from space 21824K, 100% used [0x00000007a5560000, 0x00000007a6ab0000, 0x00000007a6ab0000)
  to   space 21824K,   0% used [0x00000007a6ab0000, 0x00000007a6ab0000, 0x00000007a8000000)
 concurrent mark-sweep generation total 393216K, used 170427K [0x00000007a8000000, 0x00000007c0000000, 0x00000007c0000000)
 Metaspace       used 35746K, capacity 36324K, committed 36528K, reserved 1081344K
  class space    used 4103K, capacity 4255K, committed 4272K, reserved 1048576K
2016-10-23T19:09:51.151+0800: 215.328: [GC (Allocation Failure) 2016-10-23T19:09:51.151+0800: 215.328: [ParNew
Desired survivor size 20112992 bytes, new threshold 8 (max 8)
- age   1:     184192 bytes,     184192 total
- age   2:    1128984 bytes,    1313176 total
- age   3:    2825296 bytes,    4138472 total
- age   4:    6961760 bytes,   11100232 total
- age   5:    2017472 bytes,   13117704 total
- age   6:     275240 bytes,   13392944 total
- age   7:    1612368 bytes,   15005312 total
- age   8:    1648184 bytes,   16653496 total
: 109248K->21824K(109248K), 0.0101346 secs] 279675K->193873K(502464K), 0.0101785 secs] [Times: user=0.03 sys=0.00, real=0.01 secs] 
Heap after GC invocations=385 (full 14):
 par new generation   total 109248K, used 21824K [0x00000007a0000000, 0x00000007a8000000, 0x00000007a8000000)
  eden space 87424K,   0% used [0x00000007a0000000, 0x00000007a0000000, 0x00000007a5560000)
  from space 21824K, 100% used [0x00000007a6ab0000, 0x00000007a8000000, 0x00000007a8000000)
  to   space 21824K,   0% used [0x00000007a5560000, 0x00000007a5560000, 0x00000007a6ab0000)
 concurrent mark-sweep generation total 393216K, used 172049K [0x00000007a8000000, 0x00000007c0000000, 0x00000007c0000000)
 Metaspace       used 35746K, capacity 36324K, committed 36528K, reserved 1081344K
  class space    used 4103K, capacity 4255K, committed 4272K, reserved 1048576K
}
2016-10-23T19:09:51.161+0800: 215.339: Total time for which application threads were stopped: 0.0103494 seconds, Stopping threads took: 0.0000202 seconds
{Heap before GC invocations=385 (full 14):
 par new generation   total 109248K, used 109248K [0x00000007a0000000, 0x00000007a8000000, 0x00000007a8000000)
  eden space 87424K, 100% used [0x00000007a0000000, 0x00000007a5560000, 0x00000007a5560000)
  from space 21824K, 100% used [0x00000007a6ab0000, 0x00000007a8000000, 0x00000007a8000000)
  to   space 21824K,   0% used [0x00000007a5560000, 0x00000007a5560000, 0x00000007a6ab0000)
 concurrent mark-sweep generation total 393216K, used 172049K [0x00000007a8000000, 0x00000007c0000000, 0x00000007c0000000)
 Metaspace       used 35746K, capacity 36324K, committed 36528K, reserved 1081344K
  class space    used 4103K, capacity 4255K, committed 4272K, reserved 1048576K
2016-10-23T19:09:51.281+0800: 215.459: [GC (Allocation Failure) 2016-10-23T19:09:51.282+0800: 215.459: [ParNew
Desired survivor size 20112992 bytes, new threshold 8 (max 8)
- age   1:     106984 bytes,     106984 total
- age   2:      61880 bytes,     168864 total
- age   3:    1128984 bytes,    1297848 total
- age   4:    2825296 bytes,    4123144 total
- age   5:    8050024 bytes,   12173168 total
- age   6:    2017472 bytes,   14190640 total
- age   7:     275240 bytes,   14465880 total
- age   8:    1612368 bytes,   16078248 total
: 109248K->20514K(109248K), 0.0088062 secs] 281297K->194180K(502464K), 0.0088564 secs] [Times: user=0.03 sys=0.00, real=0.01 secs] 
Heap after GC invocations=386 (full 14):
 par new generation   total 109248K, used 20514K [0x00000007a0000000, 0x00000007a8000000, 0x00000007a8000000)
  eden space 87424K,   0% used [0x00000007a0000000, 0x00000007a0000000, 0x00000007a5560000)
  from space 21824K,  93% used [0x00000007a5560000, 0x00000007a6968870, 0x00000007a6ab0000)
  to   space 21824K,   0% used [0x00000007a6ab0000, 0x00000007a6ab0000, 0x00000007a8000000)
 concurrent mark-sweep generation total 393216K, used 173666K [0x00000007a8000000, 0x00000007c0000000, 0x00000007c0000000)
 Metaspace       used 35746K, capacity 36324K, committed 36528K, reserved 1081344K
  class space    used 4103K, capacity 4255K, committed 4272K, reserved 1048576K
}
2016-10-23T19:09:51.290+0800: 215.468: Total time for which application threads were stopped: 0.0090208 seconds, Stopping threads took: 0.0000202 seconds
{Heap before GC invocations=386 (full 14):
 par new generation   total 109248K, used 107938K [0x00000007a0000000, 0x00000007a8000000, 0x00000007a8000000)
  eden space 87424K, 100% used [0x00000007a0000000, 0x00000007a5560000, 0x00000007a5560000)
  from space 21824K,  93% used [0x00000007a5560000, 0x00000007a6968870, 0x00000007a6ab0000)
  to   space 21824K,   0% used [0x00000007a6ab0000, 0x00000007a6ab0000, 0x00000007a8000000)
 concurrent mark-sweep generation total 393216K, used 173666K [0x00000007a8000000, 0x00000007c0000000, 0x00000007c0000000)
 Metaspace       used 35748K, capacity 36324K, committed 36528K, reserved 1081344K
  class space    used 4103K, capacity 4255K, committed 4272K, reserved 1048576K
2016-10-23T19:09:51.418+0800: 215.596: [GC (Allocation Failure) 2016-10-23T19:09:51.418+0800: 215.596: [ParNew
Desired survivor size 20112992 bytes, new threshold 8 (max 8)
- age   1:      61704 bytes,      61704 total
- age   2:        304 bytes,      62008 total
- age   3:      61880 bytes,     123888 total
- age   4:    1128984 bytes,    1252872 total
- age   5:    2825296 bytes,    4078168 total
- age   6:    8347912 bytes,   12426080 total
- age   7:    2017472 bytes,   14443552 total
- age   8:     275240 bytes,   14718792 total
: 107938K->16599K(109248K), 0.0094216 secs] 281604K->191849K(502464K), 0.0094643 secs] [Times: user=0.03 sys=0.00, real=0.01 secs] 
Heap after GC invocations=387 (full 14):
 par new generation   total 109248K, used 16599K [0x00000007a0000000, 0x00000007a8000000, 0x00000007a8000000)
  eden space 87424K,   0% used [0x00000007a0000000, 0x00000007a0000000, 0x00000007a5560000)
  from space 21824K,  76% used [0x00000007a6ab0000, 0x00000007a7ae5e38, 0x00000007a8000000)
  to   space 21824K,   0% used [0x00000007a5560000, 0x00000007a5560000, 0x00000007a6ab0000)
 concurrent mark-sweep generation total 393216K, used 175249K [0x00000007a8000000, 0x00000007c0000000, 0x00000007c0000000)
 Metaspace       used 35748K, capacity 36324K, committed 36528K, reserved 1081344K
  class space    used 4103K, capacity 4255K, committed 4272K, reserved 1048576K
}
2016-10-23T19:09:51.428+0800: 215.605: Total time for which application threads were stopped: 0.0096177 seconds, Stopping threads took: 0.0000162 seconds
{Heap before GC invocations=387 (full 14):
 par new generation   total 109248K, used 104023K [0x00000007a0000000, 0x00000007a8000000, 0x00000007a8000000)
  eden space 87424K, 100% used [0x00000007a0000000, 0x00000007a5560000, 0x00000007a5560000)
  from space 21824K,  76% used [0x00000007a6ab0000, 0x00000007a7ae5e38, 0x00000007a8000000)
  to   space 21824K,   0% used [0x00000007a5560000, 0x00000007a5560000, 0x00000007a6ab0000)
 concurrent mark-sweep generation total 393216K, used 175249K [0x00000007a8000000, 0x00000007c0000000, 0x00000007c0000000)
 Metaspace       used 35748K, capacity 36324K, committed 36528K, reserved 1081344K
  class space    used 4103K, capacity 4255K, committed 4272K, reserved 1048576K
2016-10-23T19:09:51.550+0800: 215.727: [GC (Allocation Failure) 2016-10-23T19:09:51.550+0800: 215.727: [ParNew
Desired survivor size 20112992 bytes, new threshold 8 (max 8)
- age   1:     145496 bytes,     145496 total
- age   2:       1352 bytes,     146848 total
- age   3:        304 bytes,     147152 total
- age   4:      61880 bytes,     209032 total
- age   5:    1128984 bytes,    1338016 total
- age   6:    2825296 bytes,    4163312 total
- age   7:    6961760 bytes,   11125072 total
- age   8:    2017472 bytes,   13142544 total
: 104023K->15155K(109248K), 0.0101223 secs] 279273K->190678K(502464K), 0.0101793 secs] [Times: user=0.03 sys=0.00, real=0.01 secs] 
Heap after GC invocations=388 (full 14):
 par new generation   total 109248K, used 15155K [0x00000007a0000000, 0x00000007a8000000, 0x00000007a8000000)
  eden space 87424K,   0% used [0x00000007a0000000, 0x00000007a0000000, 0x00000007a5560000)
  from space 21824K,  69% used [0x00000007a5560000, 0x00000007a642cc00, 0x00000007a6ab0000)
  to   space 21824K,   0% used [0x00000007a6ab0000, 0x00000007a6ab0000, 0x00000007a8000000)
 concurrent mark-sweep generation total 393216K, used 175523K [0x00000007a8000000, 0x00000007c0000000, 0x00000007c0000000)
 Metaspace       used 35748K, capacity 36324K, committed 36528K, reserved 1081344K
  class space    used 4103K, capacity 4255K, committed 4272K, reserved 1048576K
}
2016-10-23T19:09:51.560+0800: 215.737: Total time for which application threads were stopped: 0.0103388 seconds, Stopping threads took: 0.0000197 seconds
{Heap before GC invocations=388 (full 14):
 par new generation   total 109248K, used 102579K [0x00000007a0000000, 0x00000007a8000000, 0x00000007a8000000)
  eden space 87424K, 100% used [0x00000007a0000000, 0x00000007a5560000, 0x00000007a5560000)
  from space 21824K,  69% used [0x00000007a5560000, 0x00000007a642cc00, 0x00000007a6ab0000)
  to   space 21824K,   0% used [0x00000007a6ab0000, 0x00000007a6ab0000, 0x00000007a8000000)
 concurrent mark-sweep generation total 393216K, used 175523K [0x00000007a8000000, 0x00000007c0000000, 0x00000007c0000000)
 Metaspace       used 35748K, capacity 36324K, committed 36528K, reserved 1081344K
  class space    used 4103K, capacity 4255K, committed 4272K, reserved 1048576K
2016-10-23T19:09:51.740+0800: 215.917: [GC (Allocation Failure) 2016-10-23T19:09:51.740+0800: 215.917: [ParNew
Desired survivor size 20112992 bytes, new threshold 8 (max 8)
- age   1:     169800 bytes,     169800 total
- age   2:        672 bytes,     170472 total
- age   3:       1352 bytes,     171824 total
- age   4:        248 bytes,     172072 total
- age   5:      61880 bytes,     233952 total
- age   6:    1128984 bytes,    1362936 total
- age   7:    2825296 bytes,    4188232 total
- age   8:    8050024 bytes,   12238256 total
: 102579K->13549K(109248K), 0.0066710 secs] 278102K->191053K(502464K), 0.0067695 secs] [Times: user=0.02 sys=0.00, real=0.00 secs] 
Heap after GC invocations=389 (full 14):
 par new generation   total 109248K, used 13549K [0x00000007a0000000, 0x00000007a8000000, 0x00000007a8000000)
  eden space 87424K,   0% used [0x00000007a0000000, 0x00000007a0000000, 0x00000007a5560000)
  from space 21824K,  62% used [0x00000007a6ab0000, 0x00000007a77eb550, 0x00000007a8000000)
  to   space 21824K,   0% used [0x00000007a5560000, 0x00000007a5560000, 0x00000007a6ab0000)
 concurrent mark-sweep generation total 393216K, used 177504K [0x00000007a8000000, 0x00000007c0000000, 0x00000007c0000000)
 Metaspace       used 35748K, capacity 36324K, committed 36528K, reserved 1081344K
  class space    used 4103K, capacity 4255K, committed 4272K, reserved 1048576K
}
2016-10-23T19:09:51.747+0800: 215.924: Total time for which application threads were stopped: 0.0070732 seconds, Stopping threads took: 0.0000913 seconds
2016-10-23T19:09:51.828+0800: 216.006: Total time for which application threads were stopped: 0.0000854 seconds, Stopping threads took: 0.0000220 seconds
{Heap before GC invocations=389 (full 14):
 par new generation   total 109248K, used 100973K [0x00000007a0000000, 0x00000007a8000000, 0x00000007a8000000)
  eden space 87424K, 100% used [0x00000007a0000000, 0x00000007a5560000, 0x00000007a5560000)
  from space 21824K,  62% used [0x00000007a6ab0000, 0x00000007a77eb550, 0x00000007a8000000)
  to   space 21824K,   0% used [0x00000007a5560000, 0x00000007a5560000, 0x00000007a6ab0000)
 concurrent mark-sweep generation total 393216K, used 177504K [0x00000007a8000000, 0x00000007c0000000, 0x00000007c0000000)
 Metaspace       used 35748K, capacity 36324K, committed 36528K, reserved 1081344K
  class space    used 4103K, capacity 4255K, committed 4272K, reserved 1048576K
2016-10-23T19:09:52.060+0800: 216.237: [GC (Allocation Failure) 2016-10-23T19:09:52.060+0800: 216.237: [ParNew
Desired survivor size 20112992 bytes, new threshold 8 (max 8)
- age   1:    5091784 bytes,    5091784 total
- age   6:       7568 bytes,    5099352 total
- age   7:    1100064 bytes,    6199416 total
- age   8:    2784976 bytes,    8984392 total
: 100973K->10225K(109248K), 0.0082106 secs] 278477K->194505K(502464K), 0.0082922 secs] [Times: user=0.02 sys=0.00, real=0.00 secs] 
Heap after GC invocations=390 (full 14):
 par new generation   total 109248K, used 10225K [0x00000007a0000000, 0x00000007a8000000, 0x00000007a8000000)
  eden space 87424K,   0% used [0x00000007a0000000, 0x00000007a0000000, 0x00000007a5560000)
  from space 21824K,  46% used [0x00000007a5560000, 0x00000007a5f5c760, 0x00000007a6ab0000)
  to   space 21824K,   0% used [0x00000007a6ab0000, 0x00000007a6ab0000, 0x00000007a8000000)
 concurrent mark-sweep generation total 393216K, used 184279K [0x00000007a8000000, 0x00000007c0000000, 0x00000007c0000000)
 Metaspace       used 35748K, capacity 36324K, committed 36528K, reserved 1081344K
  class space    used 4103K, capacity 4255K, committed 4272K, reserved 1048576K
}
2016-10-23T19:09:52.068+0800: 216.245: Total time for which application threads were stopped: 0.0085759 seconds, Stopping threads took: 0.0000359 seconds
{Heap before GC invocations=390 (full 14):
 par new generation   total 109248K, used 97649K [0x00000007a0000000, 0x00000007a8000000, 0x00000007a8000000)
  eden space 87424K, 100% used [0x00000007a0000000, 0x00000007a5560000, 0x00000007a5560000)
  from space 21824K,  46% used [0x00000007a5560000, 0x00000007a5f5c760, 0x00000007a6ab0000)
  to   space 21824K,   0% used [0x00000007a6ab0000, 0x00000007a6ab0000, 0x00000007a8000000)
 concurrent mark-sweep generation total 393216K, used 184279K [0x00000007a8000000, 0x00000007c0000000, 0x00000007c0000000)
 Metaspace       used 35748K, capacity 36324K, committed 36528K, reserved 1081344K
  class space    used 4103K, capacity 4255K, committed 4272K, reserved 1048576K
2016-10-23T19:09:52.385+0800: 216.563: [GC (Allocation Failure) 2016-10-23T19:09:52.385+0800: 216.563: [ParNew
Desired survivor size 20112992 bytes, new threshold 8 (max 8)
- age   1:    5397424 bytes,    5397424 total
- age   2:    3670264 bytes,    9067688 total
- age   7:       7568 bytes,    9075256 total
- age   8:    1420904 bytes,   10496160 total
: 97649K->13018K(109248K), 0.0102892 secs] 281929K->200027K(502464K), 0.0103587 secs] [Times: user=0.03 sys=0.00, real=0.01 secs] 
Heap after GC invocations=391 (full 14):
 par new generation   total 109248K, used 13018K [0x00000007a0000000, 0x00000007a8000000, 0x00000007a8000000)
  eden space 87424K,   0% used [0x00000007a0000000, 0x00000007a0000000, 0x00000007a5560000)
  from space 21824K,  59% used [0x00000007a6ab0000, 0x00000007a77669b8, 0x00000007a8000000)
  to   space 21824K,   0% used [0x00000007a5560000, 0x00000007a5560000, 0x00000007a6ab0000)
 concurrent mark-sweep generation total 393216K, used 187009K [0x00000007a8000000, 0x00000007c0000000, 0x00000007c0000000)
 Metaspace       used 35748K, capacity 36324K, committed 36528K, reserved 1081344K
  class space    used 4103K, capacity 4255K, committed 4272K, reserved 1048576K
}
2016-10-23T19:09:52.396+0800: 216.573: Total time for which application threads were stopped: 0.0105591 seconds, Stopping threads took: 0.0000305 seconds
{Heap before GC invocations=391 (full 14):
 par new generation   total 109248K, used 100442K [0x00000007a0000000, 0x00000007a8000000, 0x00000007a8000000)
  eden space 87424K, 100% used [0x00000007a0000000, 0x00000007a5560000, 0x00000007a5560000)
  from space 21824K,  59% used [0x00000007a6ab0000, 0x00000007a77669b8, 0x00000007a8000000)
  to   space 21824K,   0% used [0x00000007a5560000, 0x00000007a5560000, 0x00000007a6ab0000)
 concurrent mark-sweep generation total 393216K, used 187009K [0x00000007a8000000, 0x00000007c0000000, 0x00000007c0000000)
 Metaspace       used 35748K, capacity 36324K, committed 36528K, reserved 1081344K
  class space    used 4103K, capacity 4255K, committed 4272K, reserved 1048576K
2016-10-23T19:09:52.648+0800: 216.826: [GC (Allocation Failure) 2016-10-23T19:09:52.648+0800: 216.826: [ParNew
Desired survivor size 20112992 bytes, new threshold 8 (max 8)
- age   1:    5283504 bytes,    5283504 total
- age   2:    3581592 bytes,    8865096 total
- age   3:    3636232 bytes,   12501328 total
- age   8:       7568 bytes,   12508896 total
: 100442K->14225K(109248K), 0.0094378 secs] 287451K->202316K(502464K), 0.0094970 secs] [Times: user=0.04 sys=0.00, real=0.01 secs] 
Heap after GC invocations=392 (full 14):
 par new generation   total 109248K, used 14225K [0x00000007a0000000, 0x00000007a8000000, 0x00000007a8000000)
  eden space 87424K,   0% used [0x00000007a0000000, 0x00000007a0000000, 0x00000007a5560000)
  from space 21824K,  65% used [0x00000007a5560000, 0x00000007a63444f0, 0x00000007a6ab0000)
  to   space 21824K,   0% used [0x00000007a6ab0000, 0x00000007a6ab0000, 0x00000007a8000000)
 concurrent mark-sweep generation total 393216K, used 188091K [0x00000007a8000000, 0x00000007c0000000, 0x00000007c0000000)
 Metaspace       used 35748K, capacity 36324K, committed 36528K, reserved 1081344K
  class space    used 4103K, capacity 4255K, committed 4272K, reserved 1048576K
}
2016-10-23T19:09:52.658+0800: 216.835: Total time for which application threads were stopped: 0.0096560 seconds, Stopping threads took: 0.0000200 seconds
{Heap before GC invocations=392 (full 14):
 par new generation   total 109248K, used 101649K [0x00000007a0000000, 0x00000007a8000000, 0x00000007a8000000)
  eden space 87424K, 100% used [0x00000007a0000000, 0x00000007a5560000, 0x00000007a5560000)
  from space 21824K,  65% used [0x00000007a5560000, 0x00000007a63444f0, 0x00000007a6ab0000)
  to   space 21824K,   0% used [0x00000007a6ab0000, 0x00000007a6ab0000, 0x00000007a8000000)
 concurrent mark-sweep generation total 393216K, used 188091K [0x00000007a8000000, 0x00000007c0000000, 0x00000007c0000000)
 Metaspace       used 35748K, capacity 36324K, committed 36528K, reserved 1081344K
  class space    used 4103K, capacity 4255K, committed 4272K, reserved 1048576K
2016-10-23T19:09:52.960+0800: 217.138: [GC (Allocation Failure) 2016-10-23T19:09:52.960+0800: 217.138: [ParNew
Desired survivor size 20112992 bytes, new threshold 8 (max 8)
- age   1:    8648224 bytes,    8648224 total
- age   2:    2864000 bytes,   11512224 total
- age   3:    2660488 bytes,   14172712 total
- age   4:    3635192 bytes,   17807904 total
: 101649K->21824K(109248K), 0.0087305 secs] 289740K->209922K(502464K), 0.0087964 secs] [Times: user=0.03 sys=0.00, real=0.00 secs] 
Heap after GC invocations=393 (full 14):
 par new generation   total 109248K, used 21824K [0x00000007a0000000, 0x00000007a8000000, 0x00000007a8000000)
  eden space 87424K,   0% used [0x00000007a0000000, 0x00000007a0000000, 0x00000007a5560000)
  from space 21824K, 100% used [0x00000007a6ab0000, 0x00000007a8000000, 0x00000007a8000000)
  to   space 21824K,   0% used [0x00000007a5560000, 0x00000007a5560000, 0x00000007a6ab0000)
 concurrent mark-sweep generation total 393216K, used 188098K [0x00000007a8000000, 0x00000007c0000000, 0x00000007c0000000)
 Metaspace       used 35748K, capacity 36324K, committed 36528K, reserved 1081344K
  class space    used 4103K, capacity 4255K, committed 4272K, reserved 1048576K
}
2016-10-23T19:09:52.969+0800: 217.147: Total time for which application threads were stopped: 0.0089719 seconds, Stopping threads took: 0.0000293 seconds
{Heap before GC invocations=393 (full 14):
 par new generation   total 109248K, used 109248K [0x00000007a0000000, 0x00000007a8000000, 0x00000007a8000000)
  eden space 87424K, 100% used [0x00000007a0000000, 0x00000007a5560000, 0x00000007a5560000)
  from space 21824K, 100% used [0x00000007a6ab0000, 0x00000007a8000000, 0x00000007a8000000)
  to   space 21824K,   0% used [0x00000007a5560000, 0x00000007a5560000, 0x00000007a6ab0000)
 concurrent mark-sweep generation total 393216K, used 188098K [0x00000007a8000000, 0x00000007c0000000, 0x00000007c0000000)
 Metaspace       used 35748K, capacity 36324K, committed 36528K, reserved 1081344K
  class space    used 4103K, capacity 4255K, committed 4272K, reserved 1048576K
2016-10-23T19:09:53.200+0800: 217.377: [GC (Allocation Failure) 2016-10-23T19:09:53.200+0800: 217.377: [ParNew
Desired survivor size 20112992 bytes, new threshold 8 (max 8)
- age   1:    4729368 bytes,    4729368 total
- age   2:    4088784 bytes,    8818152 total
- age   3:    2666592 bytes,   11484744 total
- age   4:    2549096 bytes,   14033840 total
- age   5:    3560776 bytes,   17594616 total
: 109248K->21824K(109248K), 0.0099762 secs] 297346K->213591K(502464K), 0.0100388 secs] [Times: user=0.03 sys=0.00, real=0.01 secs] 
Heap after GC invocations=394 (full 14):
 par new generation   total 109248K, used 21824K [0x00000007a0000000, 0x00000007a8000000, 0x00000007a8000000)
  eden space 87424K,   0% used [0x00000007a0000000, 0x00000007a0000000, 0x00000007a5560000)
  from space 21824K, 100% used [0x00000007a5560000, 0x00000007a6ab0000, 0x00000007a6ab0000)
  to   space 21824K,   0% used [0x00000007a6ab0000, 0x00000007a6ab0000, 0x00000007a8000000)
 concurrent mark-sweep generation total 393216K, used 191767K [0x00000007a8000000, 0x00000007c0000000, 0x00000007c0000000)
 Metaspace       used 35748K, capacity 36324K, committed 36528K, reserved 1081344K
  class space    used 4103K, capacity 4255K, committed 4272K, reserved 1048576K
}
2016-10-23T19:09:53.210+0800: 217.388: Total time for which application threads were stopped: 0.0102184 seconds, Stopping threads took: 0.0000202 seconds
{Heap before GC invocations=394 (full 14):
 par new generation   total 109248K, used 109248K [0x00000007a0000000, 0x00000007a8000000, 0x00000007a8000000)
  eden space 87424K, 100% used [0x00000007a0000000, 0x00000007a5560000, 0x00000007a5560000)
  from space 21824K, 100% used [0x00000007a5560000, 0x00000007a6ab0000, 0x00000007a6ab0000)
  to   space 21824K,   0% used [0x00000007a6ab0000, 0x00000007a6ab0000, 0x00000007a8000000)
 concurrent mark-sweep generation total 393216K, used 191767K [0x00000007a8000000, 0x00000007c0000000, 0x00000007c0000000)
 Metaspace       used 35748K, capacity 36324K, committed 36528K, reserved 1081344K
  class space    used 4103K, capacity 4255K, committed 4272K, reserved 1048576K
2016-10-23T19:09:53.460+0800: 217.637: [GC (Allocation Failure) 2016-10-23T19:09:53.460+0800: 217.637: [ParNew
Desired survivor size 20112992 bytes, new threshold 8 (max 8)
- age   1:    6388880 bytes,    6388880 total
- age   2:    2227720 bytes,    8616600 total
- age   3:    3255664 bytes,   11872264 total
- age   4:    2112944 bytes,   13985208 total
- age   5:    2170112 bytes,   16155320 total
- age   6:    2367160 bytes,   18522480 total
: 109248K->21824K(109248K), 0.0106956 secs] 301015K->218186K(502464K), 0.0107771 secs] [Times: user=0.03 sys=0.00, real=0.01 secs] 
Heap after GC invocations=395 (full 14):
 par new generation   total 109248K, used 21824K [0x00000007a0000000, 0x00000007a8000000, 0x00000007a8000000)
  eden space 87424K,   0% used [0x00000007a0000000, 0x00000007a0000000, 0x00000007a5560000)
  from space 21824K, 100% used [0x00000007a6ab0000, 0x00000007a8000000, 0x00000007a8000000)
  to   space 21824K,   0% used [0x00000007a5560000, 0x00000007a5560000, 0x00000007a6ab0000)
 concurrent mark-sweep generation total 393216K, used 196362K [0x00000007a8000000, 0x00000007c0000000, 0x00000007c0000000)
 Metaspace       used 35748K, capacity 36324K, committed 36528K, reserved 1081344K
  class space    used 4103K, capacity 4255K, committed 4272K, reserved 1048576K
}
2016-10-23T19:09:53.471+0800: 217.648: Total time for which application threads were stopped: 0.0109678 seconds, Stopping threads took: 0.0000213 seconds
{Heap before GC invocations=395 (full 14):
 par new generation   total 109248K, used 109248K [0x00000007a0000000, 0x00000007a8000000, 0x00000007a8000000)
  eden space 87424K, 100% used [0x00000007a0000000, 0x00000007a5560000, 0x00000007a5560000)
  from space 21824K, 100% used [0x00000007a6ab0000, 0x00000007a8000000, 0x00000007a8000000)
  to   space 21824K,   0% used [0x00000007a5560000, 0x00000007a5560000, 0x00000007a6ab0000)
 concurrent mark-sweep generation total 393216K, used 196362K [0x00000007a8000000, 0x00000007c0000000, 0x00000007c0000000)
 Metaspace       used 35748K, capacity 36324K, committed 36528K, reserved 1081344K
  class space    used 4103K, capacity 4255K, committed 4272K, reserved 1048576K
2016-10-23T19:09:53.790+0800: 217.968: [GC (Allocation Failure) 2016-10-23T19:09:53.790+0800: 217.968: [ParNew
Desired survivor size 20112992 bytes, new threshold 7 (max 8)
- age   1:   10400008 bytes,   10400008 total
- age   2:    1364000 bytes,   11764008 total
- age   3:     847056 bytes,   12611064 total
- age   4:    1747416 bytes,   14358480 total
- age   5:    1609592 bytes,   15968072 total
- age   6:    1963624 bytes,   17931696 total
- age   7:    2196336 bytes,   20128032 total
: 109248K->21824K(109248K), 0.0131395 secs] 305610K->223983K(502464K), 0.0131893 secs] [Times: user=0.04 sys=0.00, real=0.01 secs] 
Heap after GC invocations=396 (full 14):
 par new generation   total 109248K, used 21824K [0x00000007a0000000, 0x00000007a8000000, 0x00000007a8000000)
  eden space 87424K,   0% used [0x00000007a0000000, 0x00000007a0000000, 0x00000007a5560000)
  from space 21824K, 100% used [0x00000007a5560000, 0x00000007a6ab0000, 0x00000007a6ab0000)
  to   space 21824K,   0% used [0x00000007a6ab0000, 0x00000007a6ab0000, 0x00000007a8000000)
 concurrent mark-sweep generation total 393216K, used 202159K [0x00000007a8000000, 0x00000007c0000000, 0x00000007c0000000)
 Metaspace       used 35748K, capacity 36324K, committed 36528K, reserved 1081344K
  class space    used 4103K, capacity 4255K, committed 4272K, reserved 1048576K
}
2016-10-23T19:09:53.803+0800: 217.981: Total time for which application threads were stopped: 0.0133488 seconds, Stopping threads took: 0.0000191 seconds
2016-10-23T19:09:53.804+0800: 217.981: [GC (CMS Initial Mark) [1 CMS-initial-mark: 202159K(393216K)] 225730K(502464K), 0.0046177 secs] [Times: user=0.01 sys=0.00, real=0.00 secs] 
2016-10-23T19:09:53.808+0800: 217.986: Total time for which application threads were stopped: 0.0048338 seconds, Stopping threads took: 0.0000596 seconds
2016-10-23T19:09:53.808+0800: 217.986: [CMS-concurrent-mark-start]
2016-10-23T19:09:53.833+0800: 218.010: [CMS-concurrent-mark: 0.024/0.024 secs] [Times: user=0.12 sys=0.00, real=0.03 secs] 
2016-10-23T19:09:53.833+0800: 218.010: [CMS-concurrent-preclean-start]
2016-10-23T19:09:53.834+0800: 218.012: [CMS-concurrent-preclean: 0.001/0.001 secs] [Times: user=0.00 sys=0.00, real=0.00 secs] 
2016-10-23T19:09:53.834+0800: 218.012: [CMS-concurrent-abortable-preclean-start]
2016-10-23T19:09:53.969+0800: 218.146: [CMS-concurrent-abortable-preclean: 0.134/0.134 secs] [Times: user=0.26 sys=0.00, real=0.13 secs] 
2016-10-23T19:09:53.969+0800: 218.146: [GC (CMS Final Remark) [YG occupancy: 68984 K (109248 K)]{Heap before GC invocations=396 (full 15):
 par new generation   total 109248K, used 68984K [0x00000007a0000000, 0x00000007a8000000, 0x00000007a8000000)
  eden space 87424K,  53% used [0x00000007a0000000, 0x00000007a2e0e1c8, 0x00000007a5560000)
  from space 21824K, 100% used [0x00000007a5560000, 0x00000007a6ab0000, 0x00000007a6ab0000)
  to   space 21824K,   0% used [0x00000007a6ab0000, 0x00000007a6ab0000, 0x00000007a8000000)
 concurrent mark-sweep generation total 393216K, used 202159K [0x00000007a8000000, 0x00000007c0000000, 0x00000007c0000000)
 Metaspace       used 35748K, capacity 36324K, committed 36528K, reserved 1081344K
  class space    used 4103K, capacity 4255K, committed 4272K, reserved 1048576K
2016-10-23T19:09:53.969+0800: 218.146: [GC (CMS Final Remark) 2016-10-23T19:09:53.969+0800: 218.146: [ParNew
Desired survivor size 20112992 bytes, new threshold 8 (max 8)
- age   1:    1343896 bytes,    1343896 total
- age   2:    9291072 bytes,   10634968 total
- age   3:     800528 bytes,   11435496 total
- age   4:     763240 bytes,   12198736 total
- age   5:    1644520 bytes,   13843256 total
- age   6:     604664 bytes,   14447920 total
- age   7:     604816 bytes,   15052736 total
: 68984K->21824K(109248K), 0.0116821 secs] 271144K->230537K(502464K), 0.0117186 secs] [Times: user=0.04 sys=0.00, real=0.02 secs] 
Heap after GC invocations=397 (full 15):
 par new generation   total 109248K, used 21824K [0x00000007a0000000, 0x00000007a8000000, 0x00000007a8000000)
  eden space 87424K,   0% used [0x00000007a0000000, 0x00000007a0000000, 0x00000007a5560000)
  from space 21824K, 100% used [0x00000007a6ab0000, 0x00000007a8000000, 0x00000007a8000000)
  to   space 21824K,   0% used [0x00000007a5560000, 0x00000007a5560000, 0x00000007a6ab0000)
 concurrent mark-sweep generation total 393216K, used 208713K [0x00000007a8000000, 0x00000007c0000000, 0x00000007c0000000)
 Metaspace       used 35748K, capacity 36324K, committed 36528K, reserved 1081344K
  class space    used 4103K, capacity 4255K, committed 4272K, reserved 1048576K
}
2016-10-23T19:09:53.981+0800: 218.158: [Rescan (parallel) , 0.0042216 secs]2016-10-23T19:09:53.985+0800: 218.162: [weak refs processing, 0.0007830 secs]2016-10-23T19:09:53.986+0800: 218.163: [class unloading, 0.0105213 secs]2016-10-23T19:09:53.996+0800: 218.174: [scrub symbol table, 0.0041803 secs]2016-10-23T19:09:54.000+0800: 218.178: [scrub string table, 0.0004895 secs][1 CMS-remark: 208713K(393216K)] 230537K(502464K), 0.0321192 secs] [Times: user=0.07 sys=0.00, real=0.04 secs] 
2016-10-23T19:09:54.001+0800: 218.178: Total time for which application threads were stopped: 0.0322711 seconds, Stopping threads took: 0.0000542 seconds
2016-10-23T19:09:54.001+0800: 218.178: [CMS-concurrent-sweep-start]
2016-10-23T19:09:54.045+0800: 218.222: [CMS-concurrent-sweep: 0.044/0.044 secs] [Times: user=0.09 sys=0.00, real=0.04 secs] 
2016-10-23T19:09:54.045+0800: 218.222: [CMS-concurrent-reset-start]
2016-10-23T19:09:54.045+0800: 218.223: [CMS-concurrent-reset: 0.000/0.000 secs] [Times: user=0.00 sys=0.00, real=0.00 secs] 
{Heap before GC invocations=397 (full 15):
 par new generation   total 109248K, used 109248K [0x00000007a0000000, 0x00000007a8000000, 0x00000007a8000000)
  eden space 87424K, 100% used [0x00000007a0000000, 0x00000007a5560000, 0x00000007a5560000)
  from space 21824K, 100% used [0x00000007a6ab0000, 0x00000007a8000000, 0x00000007a8000000)
  to   space 21824K,   0% used [0x00000007a5560000, 0x00000007a5560000, 0x00000007a6ab0000)
 concurrent mark-sweep generation total 393216K, used 92415K [0x00000007a8000000, 0x00000007c0000000, 0x00000007c0000000)
 Metaspace       used 35748K, capacity 36324K, committed 36528K, reserved 1081344K
  class space    used 4103K, capacity 4255K, committed 4272K, reserved 1048576K
2016-10-23T19:09:54.336+0800: 218.514: [GC (Allocation Failure) 2016-10-23T19:09:54.336+0800: 218.514: [ParNew
Desired survivor size 20112992 bytes, new threshold 8 (max 8)
- age   1:    9021592 bytes,    9021592 total
- age   2:     697680 bytes,    9719272 total
- age   3:    4509240 bytes,   14228512 total
- age   4:     800160 bytes,   15028672 total
- age   5:     763240 bytes,   15791912 total
- age   6:    1643920 bytes,   17435832 total
- age   7:     604664 bytes,   18040496 total
- age   8:     604816 bytes,   18645312 total
: 109248K->21056K(109248K), 0.0106462 secs] 201663K->113472K(502464K), 0.0109711 secs] [Times: user=0.04 sys=0.00, real=0.01 secs] 
Heap after GC invocations=398 (full 15):
 par new generation   total 109248K, used 21056K [0x00000007a0000000, 0x00000007a8000000, 0x00000007a8000000)
  eden space 87424K,   0% used [0x00000007a0000000, 0x00000007a0000000, 0x00000007a5560000)
  from space 21824K,  96% used [0x00000007a5560000, 0x00000007a69f0380, 0x00000007a6ab0000)
  to   space 21824K,   0% used [0x00000007a6ab0000, 0x00000007a6ab0000, 0x00000007a8000000)
 concurrent mark-sweep generation total 393216K, used 92415K [0x00000007a8000000, 0x00000007c0000000, 0x00000007c0000000)
 Metaspace       used 35748K, capacity 36324K, committed 36528K, reserved 1081344K
  class space    used 4103K, capacity 4255K, committed 4272K, reserved 1048576K
}
2016-10-23T19:09:54.347+0800: 218.525: Total time for which application threads were stopped: 0.0111376 seconds, Stopping threads took: 0.0000222 seconds
{Heap before GC invocations=398 (full 15):
 par new generation   total 109248K, used 108480K [0x00000007a0000000, 0x00000007a8000000, 0x00000007a8000000)
  eden space 87424K, 100% used [0x00000007a0000000, 0x00000007a5560000, 0x00000007a5560000)
  from space 21824K,  96% used [0x00000007a5560000, 0x00000007a69f0380, 0x00000007a6ab0000)
  to   space 21824K,   0% used [0x00000007a6ab0000, 0x00000007a6ab0000, 0x00000007a8000000)
 concurrent mark-sweep generation total 393216K, used 92415K [0x00000007a8000000, 0x00000007c0000000, 0x00000007c0000000)
 Metaspace       used 35748K, capacity 36324K, committed 36528K, reserved 1081344K
  class space    used 4103K, capacity 4255K, committed 4272K, reserved 1048576K
2016-10-23T19:09:54.620+0800: 218.798: [GC (Allocation Failure) 2016-10-23T19:09:54.620+0800: 218.798: [ParNew
Desired survivor size 20112992 bytes, new threshold 8 (max 8)
- age   1:    6579232 bytes,    6579232 total
- age   2:    2681224 bytes,    9260456 total
- age   3:     696984 bytes,    9957440 total
- age   4:    4508272 bytes,   14465712 total
- age   5:     778600 bytes,   15244312 total
- age   6:     623904 bytes,   15868216 total
- age   7:    1639440 bytes,   17507656 total
- age   8:     603536 bytes,   18111192 total
: 108480K->21824K(109248K), 0.0104475 secs] 200896K->118442K(502464K), 0.0105316 secs] [Times: user=0.03 sys=0.00, real=0.01 secs] 
Heap after GC invocations=399 (full 15):
 par new generation   total 109248K, used 21824K [0x00000007a0000000, 0x00000007a8000000, 0x00000007a8000000)
  eden space 87424K,   0% used [0x00000007a0000000, 0x00000007a0000000, 0x00000007a5560000)
  from space 21824K, 100% used [0x00000007a6ab0000, 0x00000007a8000000, 0x00000007a8000000)
  to   space 21824K,   0% used [0x00000007a5560000, 0x00000007a5560000, 0x00000007a6ab0000)
 concurrent mark-sweep generation total 393216K, used 96618K [0x00000007a8000000, 0x00000007c0000000, 0x00000007c0000000)
 Metaspace       used 35748K, capacity 36324K, committed 36528K, reserved 1081344K
  class space    used 4103K, capacity 4255K, committed 4272K, reserved 1048576K
}
2016-10-23T19:09:54.631+0800: 218.808: Total time for which application threads were stopped: 0.0107802 seconds, Stopping threads took: 0.0000439 seconds
{Heap before GC invocations=399 (full 15):
 par new generation   total 109248K, used 109248K [0x00000007a0000000, 0x00000007a8000000, 0x00000007a8000000)
  eden space 87424K, 100% used [0x00000007a0000000, 0x00000007a5560000, 0x00000007a5560000)
  from space 21824K, 100% used [0x00000007a6ab0000, 0x00000007a8000000, 0x00000007a8000000)
  to   space 21824K,   0% used [0x00000007a5560000, 0x00000007a5560000, 0x00000007a6ab0000)
 concurrent mark-sweep generation total 393216K, used 96618K [0x00000007a8000000, 0x00000007c0000000, 0x00000007c0000000)
 Metaspace       used 35748K, capacity 36324K, committed 36528K, reserved 1081344K
  class space    used 4103K, capacity 4255K, committed 4272K, reserved 1048576K
2016-10-23T19:09:54.901+0800: 219.079: [GC (Allocation Failure) 2016-10-23T19:09:54.901+0800: 219.079: [ParNew
Desired survivor size 20112992 bytes, new threshold 8 (max 8)
- age   1:    5006352 bytes,    5006352 total
- age   2:    4357248 bytes,    9363600 total
- age   3:    2394232 bytes,   11757832 total
- age   4:     591864 bytes,   12349696 total
- age   5:    4279176 bytes,   16628872 total
- age   6:     651832 bytes,   17280704 total
- age   7:     549888 bytes,   17830592 total
- age   8:    1567872 bytes,   19398464 total
: 109248K->21824K(109248K), 0.0114080 secs] 205866K->126245K(502464K), 0.0114866 secs] [Times: user=0.04 sys=0.00, real=0.01 secs] 
Heap after GC invocations=400 (full 15):
 par new generation   total 109248K, used 21824K [0x00000007a0000000, 0x00000007a8000000, 0x00000007a8000000)
  eden space 87424K,   0% used [0x00000007a0000000, 0x00000007a0000000, 0x00000007a5560000)
  from space 21824K, 100% used [0x00000007a5560000, 0x00000007a6ab0000, 0x00000007a6ab0000)
  to   space 21824K,   0% used [0x00000007a6ab0000, 0x00000007a6ab0000, 0x00000007a8000000)
 concurrent mark-sweep generation total 393216K, used 104421K [0x00000007a8000000, 0x00000007c0000000, 0x00000007c0000000)
 Metaspace       used 35748K, capacity 36324K, committed 36528K, reserved 1081344K
  class space    used 4103K, capacity 4255K, committed 4272K, reserved 1048576K
}
2016-10-23T19:09:54.913+0800: 219.090: Total time for which application threads were stopped: 0.0116684 seconds, Stopping threads took: 0.0000206 seconds
{Heap before GC invocations=400 (full 15):
 par new generation   total 109248K, used 109248K [0x00000007a0000000, 0x00000007a8000000, 0x00000007a8000000)
  eden space 87424K, 100% used [0x00000007a0000000, 0x00000007a5560000, 0x00000007a5560000)
  from space 21824K, 100% used [0x00000007a5560000, 0x00000007a6ab0000, 0x00000007a6ab0000)
  to   space 21824K,   0% used [0x00000007a6ab0000, 0x00000007a6ab0000, 0x00000007a8000000)
 concurrent mark-sweep generation total 393216K, used 104421K [0x00000007a8000000, 0x00000007c0000000, 0x00000007c0000000)
 Metaspace       used 35748K, capacity 36324K, committed 36528K, reserved 1081344K
  class space    used 4103K, capacity 4255K, committed 4272K, reserved 1048576K
2016-10-23T19:09:55.277+0800: 219.454: [GC (Allocation Failure) 2016-10-23T19:09:55.277+0800: 219.454: [ParNew
Desired survivor size 20112992 bytes, new threshold 8 (max 8)
- age   1:    6241760 bytes,    6241760 total
- age   2:    1160040 bytes,    7401800 total
- age   3:    3908384 bytes,   11310184 total
- age   4:    2053592 bytes,   13363776 total
- age   5:     490136 bytes,   13853912 total
- age   6:    4196896 bytes,   18050808 total
- age   7:     575264 bytes,   18626072 total
- age   8:     406944 bytes,   19033016 total
: 109248K->21824K(109248K), 0.0110950 secs] 213669K->133942K(502464K), 0.0111533 secs] [Times: user=0.04 sys=0.01, real=0.01 secs] 
Heap after GC invocations=401 (full 15):
 par new generation   total 109248K, used 21824K [0x00000007a0000000, 0x00000007a8000000, 0x00000007a8000000)
  eden space 87424K,   0% used [0x00000007a0000000, 0x00000007a0000000, 0x00000007a5560000)
  from space 21824K, 100% used [0x00000007a6ab0000, 0x00000007a8000000, 0x00000007a8000000)
  to   space 21824K,   0% used [0x00000007a5560000, 0x00000007a5560000, 0x00000007a6ab0000)
 concurrent mark-sweep generation total 393216K, used 112118K [0x00000007a8000000, 0x00000007c0000000, 0x00000007c0000000)
 Metaspace       used 35748K, capacity 36324K, committed 36528K, reserved 1081344K
  class space    used 4103K, capacity 4255K, committed 4272K, reserved 1048576K
}
2016-10-23T19:09:55.288+0800: 219.465: Total time for which application threads were stopped: 0.0113207 seconds, Stopping threads took: 0.0000195 seconds
2016-10-23T19:09:55.462+0800: 219.639: Total time for which application threads were stopped: 0.0001615 seconds, Stopping threads took: 0.0000605 seconds
{Heap before GC invocations=401 (full 15):
 par new generation   total 109248K, used 109248K [0x00000007a0000000, 0x00000007a8000000, 0x00000007a8000000)
  eden space 87424K, 100% used [0x00000007a0000000, 0x00000007a5560000, 0x00000007a5560000)
  from space 21824K, 100% used [0x00000007a6ab0000, 0x00000007a8000000, 0x00000007a8000000)
  to   space 21824K,   0% used [0x00000007a5560000, 0x00000007a5560000, 0x00000007a6ab0000)
 concurrent mark-sweep generation total 393216K, used 112118K [0x00000007a8000000, 0x00000007c0000000, 0x00000007c0000000)
 Metaspace       used 35750K, capacity 36324K, committed 36528K, reserved 1081344K
  class space    used 4103K, capacity 4255K, committed 4272K, reserved 1048576K
2016-10-23T19:09:55.562+0800: 219.740: [GC (Allocation Failure) 2016-10-23T19:09:55.562+0800: 219.740: [ParNew
Desired survivor size 20112992 bytes, new threshold 8 (max 8)
- age   1:    3649000 bytes,    3649000 total
- age   2:    4771144 bytes,    8420144 total
- age   3:     842904 bytes,    9263048 total
- age   4:    3418432 bytes,   12681480 total
- age   5:    1865600 bytes,   14547080 total
- age   6:     390248 bytes,   14937328 total
- age   7:    4040616 bytes,   18977944 total
- age   8:     437536 bytes,   19415480 total
: 109248K->21824K(109248K), 0.0091688 secs] 221366K->137621K(502464K), 0.0092329 secs] [Times: user=0.03 sys=0.00, real=0.01 secs] 
Heap after GC invocations=402 (full 15):
 par new generation   total 109248K, used 21824K [0x00000007a0000000, 0x00000007a8000000, 0x00000007a8000000)
  eden space 87424K,   0% used [0x00000007a0000000, 0x00000007a0000000, 0x00000007a5560000)
  from space 21824K, 100% used [0x00000007a5560000, 0x00000007a6ab0000, 0x00000007a6ab0000)
  to   space 21824K,   0% used [0x00000007a6ab0000, 0x00000007a6ab0000, 0x00000007a8000000)
 concurrent mark-sweep generation total 393216K, used 115797K [0x00000007a8000000, 0x00000007c0000000, 0x00000007c0000000)
 Metaspace       used 35750K, capacity 36324K, committed 36528K, reserved 1081344K
  class space    used 4103K, capacity 4255K, committed 4272K, reserved 1048576K
}
2016-10-23T19:09:55.571+0800: 219.749: Total time for which application threads were stopped: 0.0094023 seconds, Stopping threads took: 0.0000188 seconds
2016-10-23T19:09:55.580+0800: 219.757: Total time for which application threads were stopped: 0.0003074 seconds, Stopping threads took: 0.0001418 seconds
2016-10-23T19:09:55.580+0800: 219.758: Total time for which application threads were stopped: 0.0001122 seconds, Stopping threads took: 0.0000399 seconds
{Heap before GC invocations=402 (full 15):
 par new generation   total 109248K, used 109248K [0x00000007a0000000, 0x00000007a8000000, 0x00000007a8000000)
  eden space 87424K, 100% used [0x00000007a0000000, 0x00000007a5560000, 0x00000007a5560000)
  from space 21824K, 100% used [0x00000007a5560000, 0x00000007a6ab0000, 0x00000007a6ab0000)
  to   space 21824K,   0% used [0x00000007a6ab0000, 0x00000007a6ab0000, 0x00000007a8000000)
 concurrent mark-sweep generation total 393216K, used 115797K [0x00000007a8000000, 0x00000007c0000000, 0x00000007c0000000)
 Metaspace       used 35757K, capacity 36324K, committed 36528K, reserved 1081344K
  class space    used 4103K, capacity 4255K, committed 4272K, reserved 1048576K
2016-10-23T19:09:55.871+0800: 220.049: [GC (Allocation Failure) 2016-10-23T19:09:55.871+0800: 220.049: [ParNew
Desired survivor size 20112992 bytes, new threshold 8 (max 8)
- age   1:    2743120 bytes,    2743120 total
- age   2:    1491808 bytes,    4234928 total
- age   3:    3941384 bytes,    8176312 total
- age   4:     797120 bytes,    8973432 total
- age   5:    3320896 bytes,   12294328 total
- age   6:    1820136 bytes,   14114464 total
- age   7:     366352 bytes,   14480816 total
- age   8:    3986624 bytes,   18467440 total
: 109248K->21824K(109248K), 0.0081939 secs] 225045K->141701K(502464K), 0.0082477 secs] [Times: user=0.03 sys=0.00, real=0.01 secs] 
Heap after GC invocations=403 (full 15):
 par new generation   total 109248K, used 21824K [0x00000007a0000000, 0x00000007a8000000, 0x00000007a8000000)
  eden space 87424K,   0% used [0x00000007a0000000, 0x00000007a0000000, 0x00000007a5560000)
  from space 21824K, 100% used [0x00000007a6ab0000, 0x00000007a8000000, 0x00000007a8000000)
  to   space 21824K,   0% used [0x00000007a5560000, 0x00000007a5560000, 0x00000007a6ab0000)
 concurrent mark-sweep generation total 393216K, used 119877K [0x00000007a8000000, 0x00000007c0000000, 0x00000007c0000000)
 Metaspace       used 35757K, capacity 36324K, committed 36528K, reserved 1081344K
  class space    used 4103K, capacity 4255K, committed 4272K, reserved 1048576K
}
2016-10-23T19:09:55.880+0800: 220.057: Total time for which application threads were stopped: 0.0084377 seconds, Stopping threads took: 0.0000565 seconds
{Heap before GC invocations=403 (full 15):
 par new generation   total 109248K, used 109240K [0x00000007a0000000, 0x00000007a8000000, 0x00000007a8000000)
  eden space 87424K,  99% used [0x00000007a0000000, 0x00000007a555e230, 0x00000007a5560000)
  from space 21824K, 100% used [0x00000007a6ab0000, 0x00000007a8000000, 0x00000007a8000000)
  to   space 21824K,   0% used [0x00000007a5560000, 0x00000007a5560000, 0x00000007a6ab0000)
 concurrent mark-sweep generation total 393216K, used 119877K [0x00000007a8000000, 0x00000007c0000000, 0x00000007c0000000)
 Metaspace       used 35757K, capacity 36324K, committed 36528K, reserved 1081344K
  class space    used 4103K, capacity 4255K, committed 4272K, reserved 1048576K
2016-10-23T19:09:55.964+0800: 220.141: [GC (Allocation Failure) 2016-10-23T19:09:55.964+0800: 220.141: [ParNew
Desired survivor size 20112992 bytes, new threshold 8 (max 8)
- age   1:    1939408 bytes,    1939408 total
- age   2:    2023368 bytes,    3962776 total
- age   3:    1447640 bytes,    5410416 total
- age   4:    3921280 bytes,    9331696 total
- age   5:     772008 bytes,   10103704 total
- age   6:    2535576 bytes,   12639280 total
- age   7:    1791016 bytes,   14430296 total
- age   8:     356616 bytes,   14786912 total
: 109240K->21824K(109248K), 0.0078306 secs] 229117K->146690K(502464K), 0.0078737 secs] [Times: user=0.02 sys=0.00, real=0.01 secs] 
Heap after GC invocations=404 (full 15):
 par new generation   total 109248K, used 21824K [0x00000007a0000000, 0x00000007a8000000, 0x00000007a8000000)
  eden space 87424K,   0% used [0x00000007a0000000, 0x00000007a0000000, 0x00000007a5560000)
  from space 21824K, 100% used [0x00000007a5560000, 0x00000007a6ab0000, 0x00000007a6ab0000)
  to   space 21824K,   0% used [0x00000007a6ab0000, 0x00000007a6ab0000, 0x00000007a8000000)
 concurrent mark-sweep generation total 393216K, used 124866K [0x00000007a8000000, 0x00000007c0000000, 0x00000007c0000000)
 Metaspace       used 35757K, capacity 36324K, committed 36528K, reserved 1081344K
  class space    used 4103K, capacity 4255K, committed 4272K, reserved 1048576K
}
2016-10-23T19:09:55.972+0800: 220.149: Total time for which application threads were stopped: 0.0080719 seconds, Stopping threads took: 0.0000570 seconds
{Heap before GC invocations=404 (full 15):
 par new generation   total 109248K, used 109248K [0x00000007a0000000, 0x00000007a8000000, 0x00000007a8000000)
  eden space 87424K, 100% used [0x00000007a0000000, 0x00000007a5560000, 0x00000007a5560000)
  from space 21824K, 100% used [0x00000007a5560000, 0x00000007a6ab0000, 0x00000007a6ab0000)
  to   space 21824K,   0% used [0x00000007a6ab0000, 0x00000007a6ab0000, 0x00000007a8000000)
 concurrent mark-sweep generation total 393216K, used 124866K [0x00000007a8000000, 0x00000007c0000000, 0x00000007c0000000)
 Metaspace       used 35757K, capacity 36324K, committed 36528K, reserved 1081344K
  class space    used 4103K, capacity 4255K, committed 4272K, reserved 1048576K
2016-10-23T19:09:56.051+0800: 220.228: [GC (Allocation Failure) 2016-10-23T19:09:56.051+0800: 220.228: [ParNew
Desired survivor size 20112992 bytes, new threshold 8 (max 8)
- age   1:    3252152 bytes,    3252152 total
- age   2:     562096 bytes,    3814248 total
- age   3:    1850296 bytes,    5664544 total
- age   4:    1447640 bytes,    7112184 total
- age   5:    4051888 bytes,   11164072 total
- age   6:     772008 bytes,   11936080 total
- age   7:    2535576 bytes,   14471656 total
- age   8:    1791016 bytes,   16262672 total
: 109248K->20942K(109248K), 0.0070068 secs] 234114K->146161K(502464K), 0.0070738 secs] [Times: user=0.03 sys=0.00, real=0.00 secs] 
Heap after GC invocations=405 (full 15):
 par new generation   total 109248K, used 20942K [0x00000007a0000000, 0x00000007a8000000, 0x00000007a8000000)
  eden space 87424K,   0% used [0x00000007a0000000, 0x00000007a0000000, 0x00000007a5560000)
  from space 21824K,  95% used [0x00000007a6ab0000, 0x00000007a7f23980, 0x00000007a8000000)
  to   space 21824K,   0% used [0x00000007a5560000, 0x00000007a5560000, 0x00000007a6ab0000)
 concurrent mark-sweep generation total 393216K, used 125219K [0x00000007a8000000, 0x00000007c0000000, 0x00000007c0000000)
 Metaspace       used 35757K, capacity 36324K, committed 36528K, reserved 1081344K
  class space    used 4103K, capacity 4255K, committed 4272K, reserved 1048576K
}
2016-10-23T19:09:56.058+0800: 220.235: Total time for which application threads were stopped: 0.0073389 seconds, Stopping threads took: 0.0000947 seconds
{Heap before GC invocations=405 (full 15):
 par new generation   total 109248K, used 108366K [0x00000007a0000000, 0x00000007a8000000, 0x00000007a8000000)
  eden space 87424K, 100% used [0x00000007a0000000, 0x00000007a5560000, 0x00000007a5560000)
  from space 21824K,  95% used [0x00000007a6ab0000, 0x00000007a7f23980, 0x00000007a8000000)
  to   space 21824K,   0% used [0x00000007a5560000, 0x00000007a5560000, 0x00000007a6ab0000)
 concurrent mark-sweep generation total 393216K, used 125219K [0x00000007a8000000, 0x00000007c0000000, 0x00000007c0000000)
 Metaspace       used 35757K, capacity 36324K, committed 36528K, reserved 1081344K
  class space    used 4103K, capacity 4255K, committed 4272K, reserved 1048576K
2016-10-23T19:09:56.142+0800: 220.319: [GC (Allocation Failure) 2016-10-23T19:09:56.142+0800: 220.319: [ParNew
Desired survivor size 20112992 bytes, new threshold 8 (max 8)
- age   1:    2626024 bytes,    2626024 total
- age   2:    1651224 bytes,    4277248 total
- age   3:     540592 bytes,    4817840 total
- age   4:    1850296 bytes,    6668136 total
- age   5:    1447640 bytes,    8115776 total
- age   6:    3921280 bytes,   12037056 total
- age   7:     772008 bytes,   12809064 total
- age   8:    2535576 bytes,   15344640 total
: 108366K->17675K(109248K), 0.0077818 secs] 233585K->144652K(502464K), 0.0078376 secs] [Times: user=0.03 sys=0.00, real=0.00 secs] 
Heap after GC invocations=406 (full 15):
 par new generation   total 109248K, used 17675K [0x00000007a0000000, 0x00000007a8000000, 0x00000007a8000000)
  eden space 87424K,   0% used [0x00000007a0000000, 0x00000007a0000000, 0x00000007a5560000)
  from space 21824K,  80% used [0x00000007a5560000, 0x00000007a66a2ce8, 0x00000007a6ab0000)
  to   space 21824K,   0% used [0x00000007a6ab0000, 0x00000007a6ab0000, 0x00000007a8000000)
 concurrent mark-sweep generation total 393216K, used 126976K [0x00000007a8000000, 0x00000007c0000000, 0x00000007c0000000)
 Metaspace       used 35757K, capacity 36324K, committed 36528K, reserved 1081344K
  class space    used 4103K, capacity 4255K, committed 4272K, reserved 1048576K
}
2016-10-23T19:09:56.149+0800: 220.327: Total time for which application threads were stopped: 0.0080932 seconds, Stopping threads took: 0.0000864 seconds
2016-10-23T19:09:56.233+0800: 220.411: Total time for which application threads were stopped: 0.0001418 seconds, Stopping threads took: 0.0000484 seconds
2016-10-23T19:09:56.234+0800: 220.412: Total time for which application threads were stopped: 0.0001131 seconds, Stopping threads took: 0.0000407 seconds
2016-10-23T19:09:56.234+0800: 220.412: Total time for which application threads were stopped: 0.0001180 seconds, Stopping threads took: 0.0000507 seconds
2016-10-23T19:09:56.236+0800: 220.414: Total time for which application threads were stopped: 0.0001489 seconds, Stopping threads took: 0.0000573 seconds
2016-10-23T19:09:56.321+0800: 220.498: Total time for which application threads were stopped: 0.0002166 seconds, Stopping threads took: 0.0000627 seconds
2016-10-23T19:09:56.351+0800: 220.528: Total time for which application threads were stopped: 0.0002163 seconds, Stopping threads took: 0.0000778 seconds
2016-10-23T19:09:56.351+0800: 220.529: Total time for which application threads were stopped: 0.0001534 seconds, Stopping threads took: 0.0000639 seconds
{Heap before GC invocations=406 (full 15):
 par new generation   total 109248K, used 105099K [0x00000007a0000000, 0x00000007a8000000, 0x00000007a8000000)
  eden space 87424K, 100% used [0x00000007a0000000, 0x00000007a5560000, 0x00000007a5560000)
  from space 21824K,  80% used [0x00000007a5560000, 0x00000007a66a2ce8, 0x00000007a6ab0000)
  to   space 21824K,   0% used [0x00000007a6ab0000, 0x00000007a6ab0000, 0x00000007a8000000)
 concurrent mark-sweep generation total 393216K, used 126976K [0x00000007a8000000, 0x00000007c0000000, 0x00000007c0000000)
 Metaspace       used 35777K, capacity 36388K, committed 36784K, reserved 1081344K
  class space    used 4103K, capacity 4255K, committed 4272K, reserved 1048576K
2016-10-23T19:09:56.360+0800: 220.537: [GC (Allocation Failure) 2016-10-23T19:09:56.360+0800: 220.537: [ParNew
Desired survivor size 20112992 bytes, new threshold 8 (max 8)
- age   1:    7624256 bytes,    7624256 total
- age   2:     803504 bytes,    8427760 total
- age   3:    1554368 bytes,    9982128 total
- age   4:     485912 bytes,   10468040 total
- age   5:    1519040 bytes,   11987080 total
- age   6:    1311640 bytes,   13298720 total
- age   7:    3897088 bytes,   17195808 total
- age   8:     746216 bytes,   17942024 total
: 105099K->21824K(109248K), 0.0091108 secs] 232076K->151508K(502464K), 0.0091766 secs] [Times: user=0.04 sys=0.00, real=0.00 secs] 
Heap after GC invocations=407 (full 15):
 par new generation   total 109248K, used 21824K [0x00000007a0000000, 0x00000007a8000000, 0x00000007a8000000)
  eden space 87424K,   0% used [0x00000007a0000000, 0x00000007a0000000, 0x00000007a5560000)
  from space 21824K, 100% used [0x00000007a6ab0000, 0x00000007a8000000, 0x00000007a8000000)
  to   space 21824K,   0% used [0x00000007a5560000, 0x00000007a5560000, 0x00000007a6ab0000)
 concurrent mark-sweep generation total 393216K, used 129684K [0x00000007a8000000, 0x00000007c0000000, 0x00000007c0000000)
 Metaspace       used 35777K, capacity 36388K, committed 36784K, reserved 1081344K
  class space    used 4103K, capacity 4255K, committed 4272K, reserved 1048576K
}
2016-10-23T19:09:56.369+0800: 220.546: Total time for which application threads were stopped: 0.0094037 seconds, Stopping threads took: 0.0000827 seconds
2016-10-23T19:09:56.500+0800: 220.677: Total time for which application threads were stopped: 0.0001490 seconds, Stopping threads took: 0.0000659 seconds
{Heap before GC invocations=407 (full 15):
 par new generation   total 109248K, used 109248K [0x00000007a0000000, 0x00000007a8000000, 0x00000007a8000000)
  eden space 87424K, 100% used [0x00000007a0000000, 0x00000007a5560000, 0x00000007a5560000)
  from space 21824K, 100% used [0x00000007a6ab0000, 0x00000007a8000000, 0x00000007a8000000)
  to   space 21824K,   0% used [0x00000007a5560000, 0x00000007a5560000, 0x00000007a6ab0000)
 concurrent mark-sweep generation total 393216K, used 129684K [0x00000007a8000000, 0x00000007c0000000, 0x00000007c0000000)
 Metaspace       used 35790K, capacity 36388K, committed 36784K, reserved 1081344K
  class space    used 4103K, capacity 4255K, committed 4272K, reserved 1048576K
2016-10-23T19:09:56.504+0800: 220.681: [GC (Allocation Failure) 2016-10-23T19:09:56.504+0800: 220.681: [ParNew
Desired survivor size 20112992 bytes, new threshold 8 (max 8)
- age   1:    2152344 bytes,    2152344 total
- age   2:    7005760 bytes,    9158104 total
- age   3:     707984 bytes,    9866088 total
- age   4:    1478944 bytes,   11345032 total
- age   5:     423280 bytes,   11768312 total
- age   6:    1291416 bytes,   13059728 total
- age   7:    1202096 bytes,   14261824 total
- age   8:    3897088 bytes,   18158912 total
: 109248K->21824K(109248K), 0.0076096 secs] 238932K->152448K(502464K), 0.0076878 secs] [Times: user=0.03 sys=0.01, real=0.01 secs] 
Heap after GC invocations=408 (full 15):
 par new generation   total 109248K, used 21824K [0x00000007a0000000, 0x00000007a8000000, 0x00000007a8000000)
  eden space 87424K,   0% used [0x00000007a0000000, 0x00000007a0000000, 0x00000007a5560000)
  from space 21824K, 100% used [0x00000007a5560000, 0x00000007a6ab0000, 0x00000007a6ab0000)
  to   space 21824K,   0% used [0x00000007a6ab0000, 0x00000007a6ab0000, 0x00000007a8000000)
 concurrent mark-sweep generation total 393216K, used 130624K [0x00000007a8000000, 0x00000007c0000000, 0x00000007c0000000)
 Metaspace       used 35790K, capacity 36388K, committed 36784K, reserved 1081344K
  class space    used 4103K, capacity 4255K, committed 4272K, reserved 1048576K
}
2016-10-23T19:09:56.512+0800: 220.689: Total time for which application threads were stopped: 0.0078805 seconds, Stopping threads took: 0.0000145 seconds
2016-10-23T19:09:56.523+0800: 220.700: Total time for which application threads were stopped: 0.0001708 seconds, Stopping threads took: 0.0000817 seconds
2016-10-23T19:09:56.523+0800: 220.700: Total time for which application threads were stopped: 0.0000973 seconds, Stopping threads took: 0.0000312 seconds
2016-10-23T19:09:56.523+0800: 220.700: Total time for which application threads were stopped: 0.0000548 seconds, Stopping threads took: 0.0000074 seconds
2016-10-23T19:09:56.523+0800: 220.700: Total time for which application threads were stopped: 0.0000585 seconds, Stopping threads took: 0.0000067 seconds
{Heap before GC invocations=408 (full 15):
 par new generation   total 109248K, used 109248K [0x00000007a0000000, 0x00000007a8000000, 0x00000007a8000000)
  eden space 87424K, 100% used [0x00000007a0000000, 0x00000007a5560000, 0x00000007a5560000)
  from space 21824K, 100% used [0x00000007a5560000, 0x00000007a6ab0000, 0x00000007a6ab0000)
  to   space 21824K,   0% used [0x00000007a6ab0000, 0x00000007a6ab0000, 0x00000007a8000000)
 concurrent mark-sweep generation total 393216K, used 130624K [0x00000007a8000000, 0x00000007c0000000, 0x00000007c0000000)
 Metaspace       used 35790K, capacity 36388K, committed 36784K, reserved 1081344K
  class space    used 4103K, capacity 4255K, committed 4272K, reserved 1048576K
2016-10-23T19:09:56.770+0800: 220.947: [GC (Allocation Failure) 2016-10-23T19:09:56.770+0800: 220.947: [ParNew
Desired survivor size 20112992 bytes, new threshold 8 (max 8)
- age   1:    4876768 bytes,    4876768 total
- age   2:    1201416 bytes,    6078184 total
- age   3:    6838928 bytes,   12917112 total
- age   4:     694864 bytes,   13611976 total
- age   5:    1468736 bytes,   15080712 total
- age   6:     415280 bytes,   15495992 total
- age   7:    1268312 bytes,   16764304 total
- age   8:    1192048 bytes,   17956352 total
: 109248K->21824K(109248K), 0.0069418 secs] 239872K->156632K(502464K), 0.0070098 secs] [Times: user=0.02 sys=0.00, real=0.00 secs] 
Heap after GC invocations=409 (full 15):
 par new generation   total 109248K, used 21824K [0x00000007a0000000, 0x00000007a8000000, 0x00000007a8000000)
  eden space 87424K,   0% used [0x00000007a0000000, 0x00000007a0000000, 0x00000007a5560000)
  from space 21824K, 100% used [0x00000007a6ab0000, 0x00000007a8000000, 0x00000007a8000000)
  to   space 21824K,   0% used [0x00000007a5560000, 0x00000007a5560000, 0x00000007a6ab0000)
 concurrent mark-sweep generation total 393216K, used 134808K [0x00000007a8000000, 0x00000007c0000000, 0x00000007c0000000)
 Metaspace       used 35790K, capacity 36388K, committed 36784K, reserved 1081344K
  class space    used 4103K, capacity 4255K, committed 4272K, reserved 1048576K
}
2016-10-23T19:09:56.777+0800: 220.954: Total time for which application threads were stopped: 0.0071672 seconds, Stopping threads took: 0.0000172 seconds
{Heap before GC invocations=409 (full 15):
 par new generation   total 109248K, used 109248K [0x00000007a0000000, 0x00000007a8000000, 0x00000007a8000000)
  eden space 87424K, 100% used [0x00000007a0000000, 0x00000007a5560000, 0x00000007a5560000)
  from space 21824K, 100% used [0x00000007a6ab0000, 0x00000007a8000000, 0x00000007a8000000)
  to   space 21824K,   0% used [0x00000007a5560000, 0x00000007a5560000, 0x00000007a6ab0000)
 concurrent mark-sweep generation total 393216K, used 134808K [0x00000007a8000000, 0x00000007c0000000, 0x00000007c0000000)
 Metaspace       used 35790K, capacity 36388K, committed 36784K, reserved 1081344K
  class space    used 4103K, capacity 4255K, committed 4272K, reserved 1048576K
2016-10-23T19:09:57.036+0800: 221.214: [GC (Allocation Failure) 2016-10-23T19:09:57.036+0800: 221.214: [ParNew
Desired survivor size 20112992 bytes, new threshold 8 (max 8)
- age   1:    2689000 bytes,    2689000 total
- age   2:    2475896 bytes,    5164896 total
- age   3:    1048680 bytes,    6213576 total
- age   4:    5480544 bytes,   11694120 total
- age   5:     681264 bytes,   12375384 total
- age   6:    1231080 bytes,   13606464 total
- age   7:     407176 bytes,   14013640 total
- age   8:    1245072 bytes,   15258712 total
: 109248K->21824K(109248K), 0.0072077 secs] 244056K->162879K(502464K), 0.0073228 secs] [Times: user=0.02 sys=0.00, real=0.01 secs] 
Heap after GC invocations=410 (full 15):
 par new generation   total 109248K, used 21824K [0x00000007a0000000, 0x00000007a8000000, 0x00000007a8000000)
  eden space 87424K,   0% used [0x00000007a0000000, 0x00000007a0000000, 0x00000007a5560000)
  from space 21824K, 100% used [0x00000007a5560000, 0x00000007a6ab0000, 0x00000007a6ab0000)
  to   space 21824K,   0% used [0x00000007a6ab0000, 0x00000007a6ab0000, 0x00000007a8000000)
 concurrent mark-sweep generation total 393216K, used 141055K [0x00000007a8000000, 0x00000007c0000000, 0x00000007c0000000)
 Metaspace       used 35790K, capacity 36388K, committed 36784K, reserved 1081344K
  class space    used 4103K, capacity 4255K, committed 4272K, reserved 1048576K
}
2016-10-23T19:09:57.044+0800: 221.221: Total time for which application threads were stopped: 0.0075769 seconds, Stopping threads took: 0.0000287 seconds
{Heap before GC invocations=410 (full 15):
 par new generation   total 109248K, used 109248K [0x00000007a0000000, 0x00000007a8000000, 0x00000007a8000000)
  eden space 87424K, 100% used [0x00000007a0000000, 0x00000007a5560000, 0x00000007a5560000)
  from space 21824K, 100% used [0x00000007a5560000, 0x00000007a6ab0000, 0x00000007a6ab0000)
  to   space 21824K,   0% used [0x00000007a6ab0000, 0x00000007a6ab0000, 0x00000007a8000000)
 concurrent mark-sweep generation total 393216K, used 141055K [0x00000007a8000000, 0x00000007c0000000, 0x00000007c0000000)
 Metaspace       used 35790K, capacity 36388K, committed 36784K, reserved 1081344K
  class space    used 4103K, capacity 4255K, committed 4272K, reserved 1048576K
2016-10-23T19:09:57.319+0800: 221.497: [GC (Allocation Failure) 2016-10-23T19:09:57.320+0800: 221.497: [ParNew
Desired survivor size 20112992 bytes, new threshold 7 (max 8)
- age   1:    7308720 bytes,    7308720 total
- age   2:    2446760 bytes,    9755480 total
- age   3:    2075256 bytes,   11830736 total
- age   4:    1044808 bytes,   12875544 total
- age   5:    5475808 bytes,   18351352 total
- age   6:     678256 bytes,   19029608 total
- age   7:    1196352 bytes,   20225960 total
- age   8:     405128 bytes,   20631088 total
: 109248K->21824K(109248K), 0.0063402 secs] 250303K->164143K(502464K), 0.0063894 secs] [Times: user=0.02 sys=0.00, real=0.01 secs] 
Heap after GC invocations=411 (full 15):
 par new generation   total 109248K, used 21824K [0x00000007a0000000, 0x00000007a8000000, 0x00000007a8000000)
  eden space 87424K,   0% used [0x00000007a0000000, 0x00000007a0000000, 0x00000007a5560000)
  from space 21824K, 100% used [0x00000007a6ab0000, 0x00000007a8000000, 0x00000007a8000000)
  to   space 21824K,   0% used [0x00000007a5560000, 0x00000007a5560000, 0x00000007a6ab0000)
 concurrent mark-sweep generation total 393216K, used 142319K [0x00000007a8000000, 0x00000007c0000000, 0x00000007c0000000)
 Metaspace       used 35790K, capacity 36388K, committed 36784K, reserved 1081344K
  class space    used 4103K, capacity 4255K, committed 4272K, reserved 1048576K
}
2016-10-23T19:09:57.326+0800: 221.503: Total time for which application threads were stopped: 0.0065388 seconds, Stopping threads took: 0.0000191 seconds
{Heap before GC invocations=411 (full 15):
 par new generation   total 109248K, used 109248K [0x00000007a0000000, 0x00000007a8000000, 0x00000007a8000000)
  eden space 87424K, 100% used [0x00000007a0000000, 0x00000007a5560000, 0x00000007a5560000)
  from space 21824K, 100% used [0x00000007a6ab0000, 0x00000007a8000000, 0x00000007a8000000)
  to   space 21824K,   0% used [0x00000007a5560000, 0x00000007a5560000, 0x00000007a6ab0000)
 concurrent mark-sweep generation total 393216K, used 142319K [0x00000007a8000000, 0x00000007c0000000, 0x00000007c0000000)
 Metaspace       used 35790K, capacity 36388K, committed 36784K, reserved 1081344K
  class space    used 4103K, capacity 4255K, committed 4272K, reserved 1048576K
2016-10-23T19:09:57.584+0800: 221.761: [GC (Allocation Failure) 2016-10-23T19:09:57.584+0800: 221.761: [ParNew
Desired survivor size 20112992 bytes, new threshold 8 (max 8)
- age   1:    5132672 bytes,    5132672 total
- age   2:    2592264 bytes,    7724936 total
- age   3:    2225392 bytes,    9950328 total
- age   4:    1995624 bytes,   11945952 total
- age   5:    1013936 bytes,   12959888 total
- age   6:    5241360 bytes,   18201248 total
- age   7:     666992 bytes,   18868240 total
: 109248K->21824K(109248K), 0.0068827 secs] 251567K->169436K(502464K), 0.0069679 secs] [Times: user=0.03 sys=0.00, real=0.01 secs] 
Heap after GC invocations=412 (full 15):
 par new generation   total 109248K, used 21824K [0x00000007a0000000, 0x00000007a8000000, 0x00000007a8000000)
  eden space 87424K,   0% used [0x00000007a0000000, 0x00000007a0000000, 0x00000007a5560000)
  from space 21824K, 100% used [0x00000007a5560000, 0x00000007a6ab0000, 0x00000007a6ab0000)
  to   space 21824K,   0% used [0x00000007a6ab0000, 0x00000007a6ab0000, 0x00000007a8000000)
 concurrent mark-sweep generation total 393216K, used 147612K [0x00000007a8000000, 0x00000007c0000000, 0x00000007c0000000)
 Metaspace       used 35790K, capacity 36388K, committed 36784K, reserved 1081344K
  class space    used 4103K, capacity 4255K, committed 4272K, reserved 1048576K
}
2016-10-23T19:09:57.591+0800: 221.768: Total time for which application threads were stopped: 0.0071281 seconds, Stopping threads took: 0.0000265 seconds
{Heap before GC invocations=412 (full 15):
 par new generation   total 109248K, used 109248K [0x00000007a0000000, 0x00000007a8000000, 0x00000007a8000000)
  eden space 87424K, 100% used [0x00000007a0000000, 0x00000007a5560000, 0x00000007a5560000)
  from space 21824K, 100% used [0x00000007a5560000, 0x00000007a6ab0000, 0x00000007a6ab0000)
  to   space 21824K,   0% used [0x00000007a6ab0000, 0x00000007a6ab0000, 0x00000007a8000000)
 concurrent mark-sweep generation total 393216K, used 147612K [0x00000007a8000000, 0x00000007c0000000, 0x00000007c0000000)
 Metaspace       used 35790K, capacity 36388K, committed 36784K, reserved 1081344K
  class space    used 4103K, capacity 4255K, committed 4272K, reserved 1048576K
2016-10-23T19:09:57.837+0800: 222.015: [GC (Allocation Failure) 2016-10-23T19:09:57.837+0800: 222.015: [ParNew
Desired survivor size 20112992 bytes, new threshold 8 (max 8)
- age   1:    5864392 bytes,    5864392 total
- age   2:    1402728 bytes,    7267120 total
- age   3:    1363600 bytes,    8630720 total
- age   4:    1804880 bytes,   10435600 total
- age   5:    1939376 bytes,   12374976 total
- age   6:     990992 bytes,   13365968 total
- age   7:    5219288 bytes,   18585256 total
- age   8:     659696 bytes,   19244952 total
: 109248K->21824K(109248K), 0.0071814 secs] 256860K->173546K(502464K), 0.0072444 secs] [Times: user=0.03 sys=0.00, real=0.01 secs] 
Heap after GC invocations=413 (full 15):
 par new generation   total 109248K, used 21824K [0x00000007a0000000, 0x00000007a8000000, 0x00000007a8000000)
  eden space 87424K,   0% used [0x00000007a0000000, 0x00000007a0000000, 0x00000007a5560000)
  from space 21824K, 100% used [0x00000007a6ab0000, 0x00000007a8000000, 0x00000007a8000000)
  to   space 21824K,   0% used [0x00000007a5560000, 0x00000007a5560000, 0x00000007a6ab0000)
 concurrent mark-sweep generation total 393216K, used 151722K [0x00000007a8000000, 0x00000007c0000000, 0x00000007c0000000)
 Metaspace       used 35790K, capacity 36388K, committed 36784K, reserved 1081344K
  class space    used 4103K, capacity 4255K, committed 4272K, reserved 1048576K
}
2016-10-23T19:09:57.844+0800: 222.022: Total time for which application threads were stopped: 0.0074220 seconds, Stopping threads took: 0.0000293 seconds
{Heap before GC invocations=413 (full 15):
 par new generation   total 109248K, used 109248K [0x00000007a0000000, 0x00000007a8000000, 0x00000007a8000000)
  eden space 87424K, 100% used [0x00000007a0000000, 0x00000007a5560000, 0x00000007a5560000)
  from space 21824K, 100% used [0x00000007a6ab0000, 0x00000007a8000000, 0x00000007a8000000)
  to   space 21824K,   0% used [0x00000007a5560000, 0x00000007a5560000, 0x00000007a6ab0000)
 concurrent mark-sweep generation total 393216K, used 151722K [0x00000007a8000000, 0x00000007c0000000, 0x00000007c0000000)
 Metaspace       used 35790K, capacity 36388K, committed 36784K, reserved 1081344K
  class space    used 4103K, capacity 4255K, committed 4272K, reserved 1048576K
2016-10-23T19:09:58.101+0800: 222.279: [GC (Allocation Failure) 2016-10-23T19:09:58.101+0800: 222.279: [ParNew
Desired survivor size 20112992 bytes, new threshold 8 (max 8)
- age   1:    8947448 bytes,    8947448 total
- age   2:    1015280 bytes,    9962728 total
- age   3:    1052328 bytes,   11015056 total
- age   4:     853352 bytes,   11868408 total
- age   5:     622664 bytes,   12491072 total
- age   6:    1540560 bytes,   14031632 total
- age   7:     811816 bytes,   14843448 total
- age   8:    4884032 bytes,   19727480 total
: 109248K->21824K(109248K), 0.0091979 secs] 260970K->178465K(502464K), 0.0092613 secs] [Times: user=0.03 sys=0.01, real=0.01 secs] 
Heap after GC invocations=414 (full 15):
 par new generation   total 109248K, used 21824K [0x00000007a0000000, 0x00000007a8000000, 0x00000007a8000000)
  eden space 87424K,   0% used [0x00000007a0000000, 0x00000007a0000000, 0x00000007a5560000)
  from space 21824K, 100% used [0x00000007a5560000, 0x00000007a6ab0000, 0x00000007a6ab0000)
  to   space 21824K,   0% used [0x00000007a6ab0000, 0x00000007a6ab0000, 0x00000007a8000000)
 concurrent mark-sweep generation total 393216K, used 156641K [0x00000007a8000000, 0x00000007c0000000, 0x00000007c0000000)
 Metaspace       used 35790K, capacity 36388K, committed 36784K, reserved 1081344K
  class space    used 4103K, capacity 4255K, committed 4272K, reserved 1048576K
}
2016-10-23T19:09:58.110+0800: 222.288: Total time for which application threads were stopped: 0.0094209 seconds, Stopping threads took: 0.0000281 seconds
{Heap before GC invocations=414 (full 15):
 par new generation   total 109248K, used 109142K [0x00000007a0000000, 0x00000007a8000000, 0x00000007a8000000)
  eden space 87424K,  99% used [0x00000007a0000000, 0x00000007a5545908, 0x00000007a5560000)
  from space 21824K, 100% used [0x00000007a5560000, 0x00000007a6ab0000, 0x00000007a6ab0000)
  to   space 21824K,   0% used [0x00000007a6ab0000, 0x00000007a6ab0000, 0x00000007a8000000)
 concurrent mark-sweep generation total 393216K, used 156641K [0x00000007a8000000, 0x00000007c0000000, 0x00000007c0000000)
 Metaspace       used 35790K, capacity 36388K, committed 36784K, reserved 1081344K
  class space    used 4103K, capacity 4255K, committed 4272K, reserved 1048576K
2016-10-23T19:09:58.355+0800: 222.533: [GC (Allocation Failure) 2016-10-23T19:09:58.355+0800: 222.533: [ParNew
Desired survivor size 20112992 bytes, new threshold 8 (max 8)
- age   1:    8699000 bytes,    8699000 total
- age   2:    2880416 bytes,   11579416 total
- age   3:     960880 bytes,   12540296 total
- age   4:    1000040 bytes,   13540336 total
- age   5:     811016 bytes,   14351352 total
- age   6:     550936 bytes,   14902288 total
- age   7:    1509320 bytes,   16411608 total
- age   8:     798424 bytes,   17210032 total
: 109142K->21824K(109248K), 0.0078396 secs] 265783K->185849K(502464K), 0.0078929 secs] [Times: user=0.03 sys=0.00, real=0.01 secs] 
Heap after GC invocations=415 (full 15):
 par new generation   total 109248K, used 21824K [0x00000007a0000000, 0x00000007a8000000, 0x00000007a8000000)
  eden space 87424K,   0% used [0x00000007a0000000, 0x00000007a0000000, 0x00000007a5560000)
  from space 21824K, 100% used [0x00000007a6ab0000, 0x00000007a8000000, 0x00000007a8000000)
  to   space 21824K,   0% used [0x00000007a5560000, 0x00000007a5560000, 0x00000007a6ab0000)
 concurrent mark-sweep generation total 393216K, used 164025K [0x00000007a8000000, 0x00000007c0000000, 0x00000007c0000000)
 Metaspace       used 35790K, capacity 36388K, committed 36784K, reserved 1081344K
  class space    used 4103K, capacity 4255K, committed 4272K, reserved 1048576K
}
2016-10-23T19:09:58.363+0800: 222.541: Total time for which application threads were stopped: 0.0080471 seconds, Stopping threads took: 0.0000178 seconds
{Heap before GC invocations=415 (full 15):
 par new generation   total 109248K, used 108979K [0x00000007a0000000, 0x00000007a8000000, 0x00000007a8000000)
  eden space 87424K,  99% used [0x00000007a0000000, 0x00000007a551cf48, 0x00000007a5560000)
  from space 21824K, 100% used [0x00000007a6ab0000, 0x00000007a8000000, 0x00000007a8000000)
  to   space 21824K,   0% used [0x00000007a5560000, 0x00000007a5560000, 0x00000007a6ab0000)
 concurrent mark-sweep generation total 393216K, used 164025K [0x00000007a8000000, 0x00000007c0000000, 0x00000007c0000000)
 Metaspace       used 35790K, capacity 36388K, committed 36784K, reserved 1081344K
  class space    used 4103K, capacity 4255K, committed 4272K, reserved 1048576K
2016-10-23T19:09:58.595+0800: 222.773: [GC (Allocation Failure) 2016-10-23T19:09:58.595+0800: 222.773: [ParNew
Desired survivor size 20112992 bytes, new threshold 8 (max 8)
- age   1:    8524568 bytes,    8524568 total
- age   2:    4244144 bytes,   12768712 total
- age   3:    2690696 bytes,   15459408 total
- age   4:     908176 bytes,   16367584 total
- age   5:     967408 bytes,   17334992 total
- age   6:     777456 bytes,   18112448 total
- age   7:     518128 bytes,   18630576 total
- age   8:    1479592 bytes,   20110168 total
: 108979K->21824K(109248K), 0.0074098 secs] 273005K->187072K(502464K), 0.0074733 secs] [Times: user=0.03 sys=0.00, real=0.01 secs] 
Heap after GC invocations=416 (full 15):
 par new generation   total 109248K, used 21824K [0x00000007a0000000, 0x00000007a8000000, 0x00000007a8000000)
  eden space 87424K,   0% used [0x00000007a0000000, 0x00000007a0000000, 0x00000007a5560000)
  from space 21824K, 100% used [0x00000007a5560000, 0x00000007a6ab0000, 0x00000007a6ab0000)
  to   space 21824K,   0% used [0x00000007a6ab0000, 0x00000007a6ab0000, 0x00000007a8000000)
 concurrent mark-sweep generation total 393216K, used 165248K [0x00000007a8000000, 0x00000007c0000000, 0x00000007c0000000)
 Metaspace       used 35790K, capacity 36388K, committed 36784K, reserved 1081344K
  class space    used 4103K, capacity 4255K, committed 4272K, reserved 1048576K
}
2016-10-23T19:09:58.603+0800: 222.780: Total time for which application threads were stopped: 0.0076436 seconds, Stopping threads took: 0.0000292 seconds
{Heap before GC invocations=416 (full 15):
 par new generation   total 109248K, used 109248K [0x00000007a0000000, 0x00000007a8000000, 0x00000007a8000000)
  eden space 87424K, 100% used [0x00000007a0000000, 0x00000007a5560000, 0x00000007a5560000)
  from space 21824K, 100% used [0x00000007a5560000, 0x00000007a6ab0000, 0x00000007a6ab0000)
  to   space 21824K,   0% used [0x00000007a6ab0000, 0x00000007a6ab0000, 0x00000007a8000000)
 concurrent mark-sweep generation total 393216K, used 165248K [0x00000007a8000000, 0x00000007c0000000, 0x00000007c0000000)
 Metaspace       used 35790K, capacity 36388K, committed 36784K, reserved 1081344K
  class space    used 4103K, capacity 4255K, committed 4272K, reserved 1048576K
2016-10-23T19:09:58.830+0800: 223.008: [GC (Allocation Failure) 2016-10-23T19:09:58.830+0800: 223.008: [ParNew
Desired survivor size 20112992 bytes, new threshold 7 (max 8)
- age   1:    8981920 bytes,    8981920 total
- age   2:    2744024 bytes,   11725944 total
- age   3:    3430968 bytes,   15156912 total
- age   4:    2672704 bytes,   17829616 total
- age   5:     855536 bytes,   18685152 total
- age   6:     817424 bytes,   19502576 total
- age   7:     760928 bytes,   20263504 total
- age   8:     501416 bytes,   20764920 total
: 109248K->21824K(109248K), 0.0091050 secs] 274496K->189925K(502464K), 0.0092213 secs] [Times: user=0.03 sys=0.00, real=0.00 secs] 
Heap after GC invocations=417 (full 15):
 par new generation   total 109248K, used 21824K [0x00000007a0000000, 0x00000007a8000000, 0x00000007a8000000)
  eden space 87424K,   0% used [0x00000007a0000000, 0x00000007a0000000, 0x00000007a5560000)
  from space 21824K, 100% used [0x00000007a6ab0000, 0x00000007a8000000, 0x00000007a8000000)
  to   space 21824K,   0% used [0x00000007a5560000, 0x00000007a5560000, 0x00000007a6ab0000)
 concurrent mark-sweep generation total 393216K, used 168101K [0x00000007a8000000, 0x00000007c0000000, 0x00000007c0000000)
 Metaspace       used 35790K, capacity 36388K, committed 36784K, reserved 1081344K
  class space    used 4103K, capacity 4255K, committed 4272K, reserved 1048576K
}
2016-10-23T19:09:58.840+0800: 223.017: Total time for which application threads were stopped: 0.0094180 seconds, Stopping threads took: 0.0000252 seconds
{Heap before GC invocations=417 (full 15):
 par new generation   total 109248K, used 109248K [0x00000007a0000000, 0x00000007a8000000, 0x00000007a8000000)
  eden space 87424K, 100% used [0x00000007a0000000, 0x00000007a5560000, 0x00000007a5560000)
  from space 21824K, 100% used [0x00000007a6ab0000, 0x00000007a8000000, 0x00000007a8000000)
  to   space 21824K,   0% used [0x00000007a5560000, 0x00000007a5560000, 0x00000007a6ab0000)
 concurrent mark-sweep generation total 393216K, used 168101K [0x00000007a8000000, 0x00000007c0000000, 0x00000007c0000000)
 Metaspace       used 35790K, capacity 36388K, committed 36784K, reserved 1081344K
  class space    used 4103K, capacity 4255K, committed 4272K, reserved 1048576K
2016-10-23T19:09:59.065+0800: 223.242: [GC (Allocation Failure) 2016-10-23T19:09:59.065+0800: 223.242: [ParNew
Desired survivor size 20112992 bytes, new threshold 7 (max 8)
- age   1:    8117304 bytes,    8117304 total
- age   2:    2496296 bytes,   10613600 total
- age   3:    2041040 bytes,   12654640 total
- age   4:    3331232 bytes,   15985872 total
- age   5:    2624336 bytes,   18610208 total
- age   6:     809632 bytes,   19419840 total
- age   7:     708568 bytes,   20128408 total
: 109248K->21824K(109248K), 0.0088989 secs] 277349K->193779K(502464K), 0.0089771 secs] [Times: user=0.03 sys=0.00, real=0.01 secs] 
Heap after GC invocations=418 (full 15):
 par new generation   total 109248K, used 21824K [0x00000007a0000000, 0x00000007a8000000, 0x00000007a8000000)
  eden space 87424K,   0% used [0x00000007a0000000, 0x00000007a0000000, 0x00000007a5560000)
  from space 21824K, 100% used [0x00000007a5560000, 0x00000007a6ab0000, 0x00000007a6ab0000)
  to   space 21824K,   0% used [0x00000007a6ab0000, 0x00000007a6ab0000, 0x00000007a8000000)
 concurrent mark-sweep generation total 393216K, used 171955K [0x00000007a8000000, 0x00000007c0000000, 0x00000007c0000000)
 Metaspace       used 35790K, capacity 36388K, committed 36784K, reserved 1081344K
  class space    used 4103K, capacity 4255K, committed 4272K, reserved 1048576K
}
2016-10-23T19:09:59.074+0800: 223.251: Total time for which application threads were stopped: 0.0091403 seconds, Stopping threads took: 0.0000281 seconds
{Heap before GC invocations=418 (full 15):
 par new generation   total 109248K, used 109248K [0x00000007a0000000, 0x00000007a8000000, 0x00000007a8000000)
  eden space 87424K, 100% used [0x00000007a0000000, 0x00000007a5560000, 0x00000007a5560000)
  from space 21824K, 100% used [0x00000007a5560000, 0x00000007a6ab0000, 0x00000007a6ab0000)
  to   space 21824K,   0% used [0x00000007a6ab0000, 0x00000007a6ab0000, 0x00000007a8000000)
 concurrent mark-sweep generation total 393216K, used 171955K [0x00000007a8000000, 0x00000007c0000000, 0x00000007c0000000)
 Metaspace       used 35790K, capacity 36388K, committed 36784K, reserved 1081344K
  class space    used 4103K, capacity 4255K, committed 4272K, reserved 1048576K
2016-10-23T19:09:59.306+0800: 223.483: [GC (Allocation Failure) 2016-10-23T19:09:59.306+0800: 223.483: [ParNew
Desired survivor size 20112992 bytes, new threshold 8 (max 8)
- age   1:    6510488 bytes,    6510488 total
- age   2:    3220288 bytes,    9730776 total
- age   3:    1681232 bytes,   11412008 total
- age   4:    1973320 bytes,   13385328 total
- age   5:    3248088 bytes,   16633416 total
- age   6:    2065272 bytes,   18698688 total
- age   7:     751784 bytes,   19450472 total
: 109248K->21824K(109248K), 0.0085487 secs] 281203K->198140K(502464K), 0.0086300 secs] [Times: user=0.03 sys=0.01, real=0.01 secs] 
Heap after GC invocations=419 (full 15):
 par new generation   total 109248K, used 21824K [0x00000007a0000000, 0x00000007a8000000, 0x00000007a8000000)
  eden space 87424K,   0% used [0x00000007a0000000, 0x00000007a0000000, 0x00000007a5560000)
  from space 21824K, 100% used [0x00000007a6ab0000, 0x00000007a8000000, 0x00000007a8000000)
  to   space 21824K,   0% used [0x00000007a5560000, 0x00000007a5560000, 0x00000007a6ab0000)
 concurrent mark-sweep generation total 393216K, used 176316K [0x00000007a8000000, 0x00000007c0000000, 0x00000007c0000000)
 Metaspace       used 35790K, capacity 36388K, committed 36784K, reserved 1081344K
  class space    used 4103K, capacity 4255K, committed 4272K, reserved 1048576K
}
2016-10-23T19:09:59.315+0800: 223.492: Total time for which application threads were stopped: 0.0088019 seconds, Stopping threads took: 0.0000316 seconds
{Heap before GC invocations=419 (full 15):
 par new generation   total 109248K, used 109248K [0x00000007a0000000, 0x00000007a8000000, 0x00000007a8000000)
  eden space 87424K, 100% used [0x00000007a0000000, 0x00000007a5560000, 0x00000007a5560000)
  from space 21824K, 100% used [0x00000007a6ab0000, 0x00000007a8000000, 0x00000007a8000000)
  to   space 21824K,   0% used [0x00000007a5560000, 0x00000007a5560000, 0x00000007a6ab0000)
 concurrent mark-sweep generation total 393216K, used 176316K [0x00000007a8000000, 0x00000007c0000000, 0x00000007c0000000)
 Metaspace       used 35790K, capacity 36388K, committed 36784K, reserved 1081344K
  class space    used 4103K, capacity 4255K, committed 4272K, reserved 1048576K
2016-10-23T19:09:59.556+0800: 223.733: [GC (Allocation Failure) 2016-10-23T19:09:59.556+0800: 223.733: [ParNew
Desired survivor size 20112992 bytes, new threshold 8 (max 8)
- age   1:   10407824 bytes,   10407824 total
- age   2:    1240984 bytes,   11648808 total
- age   3:     962656 bytes,   12611464 total
- age   4:    1245016 bytes,   13856480 total
- age   5:    1396496 bytes,   15252976 total
- age   6:    3206256 bytes,   18459232 total
- age   7:    1129768 bytes,   19589000 total
- age   8:     740032 bytes,   20329032 total
: 109248K->21824K(109248K), 0.0081414 secs] 285564K->203733K(502464K), 0.0082127 secs] [Times: user=0.03 sys=0.00, real=0.01 secs] 
Heap after GC invocations=420 (full 15):
 par new generation   total 109248K, used 21824K [0x00000007a0000000, 0x00000007a8000000, 0x00000007a8000000)
  eden space 87424K,   0% used [0x00000007a0000000, 0x00000007a0000000, 0x00000007a5560000)
  from space 21824K, 100% used [0x00000007a5560000, 0x00000007a6ab0000, 0x00000007a6ab0000)
  to   space 21824K,   0% used [0x00000007a6ab0000, 0x00000007a6ab0000, 0x00000007a8000000)
 concurrent mark-sweep generation total 393216K, used 181909K [0x00000007a8000000, 0x00000007c0000000, 0x00000007c0000000)
 Metaspace       used 35790K, capacity 36388K, committed 36784K, reserved 1081344K
  class space    used 4103K, capacity 4255K, committed 4272K, reserved 1048576K
}
2016-10-23T19:09:59.564+0800: 223.741: Total time for which application threads were stopped: 0.0083877 seconds, Stopping threads took: 0.0000300 seconds
{Heap before GC invocations=420 (full 15):
 par new generation   total 109248K, used 109248K [0x00000007a0000000, 0x00000007a8000000, 0x00000007a8000000)
  eden space 87424K, 100% used [0x00000007a0000000, 0x00000007a5560000, 0x00000007a5560000)
  from space 21824K, 100% used [0x00000007a5560000, 0x00000007a6ab0000, 0x00000007a6ab0000)
  to   space 21824K,   0% used [0x00000007a6ab0000, 0x00000007a6ab0000, 0x00000007a8000000)
 concurrent mark-sweep generation total 393216K, used 181909K [0x00000007a8000000, 0x00000007c0000000, 0x00000007c0000000)
 Metaspace       used 35790K, capacity 36388K, committed 36784K, reserved 1081344K
  class space    used 4103K, capacity 4255K, committed 4272K, reserved 1048576K
2016-10-23T19:09:59.811+0800: 223.989: [GC (Allocation Failure) 2016-10-23T19:09:59.811+0800: 223.989: [ParNew
Desired survivor size 20112992 bytes, new threshold 8 (max 8)
- age   1:    4680272 bytes,    4680272 total
- age   2:    7794632 bytes,   12474904 total
- age   3:    1189576 bytes,   13664480 total
- age   4:     923440 bytes,   14587920 total
- age   5:    1208880 bytes,   15796800 total
- age   6:    1326672 bytes,   17123472 total
- age   7:    2001152 bytes,   19124624 total
- age   8:    1123496 bytes,   20248120 total
: 109248K->21824K(109248K), 0.0085486 secs] 291157K->210902K(502464K), 0.0086185 secs] [Times: user=0.03 sys=0.00, real=0.01 secs] 
Heap after GC invocations=421 (full 15):
 par new generation   total 109248K, used 21824K [0x00000007a0000000, 0x00000007a8000000, 0x00000007a8000000)
  eden space 87424K,   0% used [0x00000007a0000000, 0x00000007a0000000, 0x00000007a5560000)
  from space 21824K, 100% used [0x00000007a6ab0000, 0x00000007a8000000, 0x00000007a8000000)
  to   space 21824K,   0% used [0x00000007a5560000, 0x00000007a5560000, 0x00000007a6ab0000)
 concurrent mark-sweep generation total 393216K, used 189078K [0x00000007a8000000, 0x00000007c0000000, 0x00000007c0000000)
 Metaspace       used 35790K, capacity 36388K, committed 36784K, reserved 1081344K
  class space    used 4103K, capacity 4255K, committed 4272K, reserved 1048576K
}
2016-10-23T19:09:59.820+0800: 223.997: Total time for which application threads were stopped: 0.0087868 seconds, Stopping threads took: 0.0000193 seconds
{Heap before GC invocations=421 (full 15):
 par new generation   total 109248K, used 109248K [0x00000007a0000000, 0x00000007a8000000, 0x00000007a8000000)
  eden space 87424K, 100% used [0x00000007a0000000, 0x00000007a5560000, 0x00000007a5560000)
  from space 21824K, 100% used [0x00000007a6ab0000, 0x00000007a8000000, 0x00000007a8000000)
  to   space 21824K,   0% used [0x00000007a5560000, 0x00000007a5560000, 0x00000007a6ab0000)
 concurrent mark-sweep generation total 393216K, used 189078K [0x00000007a8000000, 0x00000007c0000000, 0x00000007c0000000)
 Metaspace       used 35790K, capacity 36388K, committed 36784K, reserved 1081344K
  class space    used 4103K, capacity 4255K, committed 4272K, reserved 1048576K
2016-10-23T19:10:00.084+0800: 224.261: [GC (Allocation Failure) 2016-10-23T19:10:00.084+0800: 224.261: [ParNew
Desired survivor size 20112992 bytes, new threshold 8 (max 8)
- age   1:    8376488 bytes,    8376488 total
- age   2:    3869472 bytes,   12245960 total
- age   3:    2787104 bytes,   15033064 total
- age   4:     986440 bytes,   16019504 total
- age   5:     899056 bytes,   16918560 total
- age   6:    1186064 bytes,   18104624 total
- age   7:    1300760 bytes,   19405384 total
- age   8:    1979448 bytes,   21384832 total
: 109248K->21824K(109248K), 0.0093032 secs] 298326K->214928K(502464K), 0.0093663 secs] [Times: user=0.04 sys=0.00, real=0.01 secs] 
Heap after GC invocations=422 (full 15):
 par new generation   total 109248K, used 21824K [0x00000007a0000000, 0x00000007a8000000, 0x00000007a8000000)
  eden space 87424K,   0% used [0x00000007a0000000, 0x00000007a0000000, 0x00000007a5560000)
  from space 21824K, 100% used [0x00000007a5560000, 0x00000007a6ab0000, 0x00000007a6ab0000)
  to   space 21824K,   0% used [0x00000007a6ab0000, 0x00000007a6ab0000, 0x00000007a8000000)
 concurrent mark-sweep generation total 393216K, used 193104K [0x00000007a8000000, 0x00000007c0000000, 0x00000007c0000000)
 Metaspace       used 35790K, capacity 36388K, committed 36784K, reserved 1081344K
  class space    used 4103K, capacity 4255K, committed 4272K, reserved 1048576K
}
2016-10-23T19:10:00.093+0800: 224.271: Total time for which application threads were stopped: 0.0095417 seconds, Stopping threads took: 0.0000302 seconds
{Heap before GC invocations=422 (full 15):
 par new generation   total 109248K, used 109248K [0x00000007a0000000, 0x00000007a8000000, 0x00000007a8000000)
  eden space 87424K, 100% used [0x00000007a0000000, 0x00000007a5560000, 0x00000007a5560000)
  from space 21824K, 100% used [0x00000007a5560000, 0x00000007a6ab0000, 0x00000007a6ab0000)
  to   space 21824K,   0% used [0x00000007a6ab0000, 0x00000007a6ab0000, 0x00000007a8000000)
 concurrent mark-sweep generation total 393216K, used 193104K [0x00000007a8000000, 0x00000007c0000000, 0x00000007c0000000)
 Metaspace       used 35790K, capacity 36388K, committed 36784K, reserved 1081344K
  class space    used 4103K, capacity 4255K, committed 4272K, reserved 1048576K
2016-10-23T19:10:00.334+0800: 224.512: [GC (Allocation Failure) 2016-10-23T19:10:00.334+0800: 224.512: [ParNew
Desired survivor size 20112992 bytes, new threshold 8 (max 8)
- age   1:    5577144 bytes,    5577144 total
- age   2:    7186272 bytes,   12763416 total
- age   3:    1258880 bytes,   14022296 total
- age   4:    2509000 bytes,   16531296 total
- age   5:     931480 bytes,   17462776 total
- age   6:     857176 bytes,   18319952 total
- age   7:    1145168 bytes,   19465120 total
- age   8:    1261304 bytes,   20726424 total
: 109248K->21824K(109248K), 0.0103016 secs] 302352K->221778K(502464K), 0.0103657 secs] [Times: user=0.03 sys=0.00, real=0.01 secs] 
Heap after GC invocations=423 (full 15):
 par new generation   total 109248K, used 21824K [0x00000007a0000000, 0x00000007a8000000, 0x00000007a8000000)
  eden space 87424K,   0% used [0x00000007a0000000, 0x00000007a0000000, 0x00000007a5560000)
  from space 21824K, 100% used [0x00000007a6ab0000, 0x00000007a8000000, 0x00000007a8000000)
  to   space 21824K,   0% used [0x00000007a5560000, 0x00000007a5560000, 0x00000007a6ab0000)
 concurrent mark-sweep generation total 393216K, used 199954K [0x00000007a8000000, 0x00000007c0000000, 0x00000007c0000000)
 Metaspace       used 35790K, capacity 36388K, committed 36784K, reserved 1081344K
  class space    used 4103K, capacity 4255K, committed 4272K, reserved 1048576K
}
2016-10-23T19:10:00.345+0800: 224.522: Total time for which application threads were stopped: 0.0105392 seconds, Stopping threads took: 0.0000300 seconds
2016-10-23T19:10:00.345+0800: 224.522: [GC (CMS Initial Mark) [1 CMS-initial-mark: 199954K(393216K)] 223524K(502464K), 0.0029076 secs] [Times: user=0.01 sys=0.00, real=0.00 secs] 
2016-10-23T19:10:00.348+0800: 224.525: Total time for which application threads were stopped: 0.0030514 seconds, Stopping threads took: 0.0000503 seconds
2016-10-23T19:10:00.348+0800: 224.525: [CMS-concurrent-mark-start]
2016-10-23T19:10:00.367+0800: 224.544: [CMS-concurrent-mark: 0.019/0.019 secs] [Times: user=0.09 sys=0.00, real=0.02 secs] 
2016-10-23T19:10:00.367+0800: 224.544: [CMS-concurrent-preclean-start]
2016-10-23T19:10:00.368+0800: 224.546: [CMS-concurrent-preclean: 0.001/0.001 secs] [Times: user=0.01 sys=0.00, real=0.00 secs] 
2016-10-23T19:10:00.368+0800: 224.546: [CMS-concurrent-abortable-preclean-start]
2016-10-23T19:10:00.485+0800: 224.663: [CMS-concurrent-abortable-preclean: 0.117/0.117 secs] [Times: user=0.23 sys=0.00, real=0.12 secs] 
2016-10-23T19:10:00.485+0800: 224.663: [GC (CMS Final Remark) [YG occupancy: 71870 K (109248 K)]{Heap before GC invocations=423 (full 16):
 par new generation   total 109248K, used 71870K [0x00000007a0000000, 0x00000007a8000000, 0x00000007a8000000)
  eden space 87424K,  57% used [0x00000007a0000000, 0x00000007a30df800, 0x00000007a5560000)
  from space 21824K, 100% used [0x00000007a6ab0000, 0x00000007a8000000, 0x00000007a8000000)
  to   space 21824K,   0% used [0x00000007a5560000, 0x00000007a5560000, 0x00000007a6ab0000)
 concurrent mark-sweep generation total 393216K, used 199954K [0x00000007a8000000, 0x00000007c0000000, 0x00000007c0000000)
 Metaspace       used 35790K, capacity 36388K, committed 36784K, reserved 1081344K
  class space    used 4103K, capacity 4255K, committed 4272K, reserved 1048576K
2016-10-23T19:10:00.485+0800: 224.663: [GC (CMS Final Remark) 2016-10-23T19:10:00.485+0800: 224.663: [ParNew
Desired survivor size 20112992 bytes, new threshold 8 (max 8)
- age   1:    7089648 bytes,    7089648 total
- age   2:    5073560 bytes,   12163208 total
- age   3:    2114832 bytes,   14278040 total
- age   4:    1252504 bytes,   15530544 total
- age   5:    2503800 bytes,   18034344 total
- age   6:     926856 bytes,   18961200 total
- age   7:     852504 bytes,   19813704 total
- age   8:    1140864 bytes,   20954568 total
: 71870K->21824K(109248K), 0.0082174 secs] 271824K->223601K(502464K), 0.0082756 secs] [Times: user=0.03 sys=0.00, real=0.01 secs] 
Heap after GC invocations=424 (full 16):
 par new generation   total 109248K, used 21824K [0x00000007a0000000, 0x00000007a8000000, 0x00000007a8000000)
  eden space 87424K,   0% used [0x00000007a0000000, 0x00000007a0000000, 0x00000007a5560000)
  from space 21824K, 100% used [0x00000007a5560000, 0x00000007a6ab0000, 0x00000007a6ab0000)
  to   space 21824K,   0% used [0x00000007a6ab0000, 0x00000007a6ab0000, 0x00000007a8000000)
 concurrent mark-sweep generation total 393216K, used 201777K [0x00000007a8000000, 0x00000007c0000000, 0x00000007c0000000)
 Metaspace       used 35790K, capacity 36388K, committed 36784K, reserved 1081344K
  class space    used 4103K, capacity 4255K, committed 4272K, reserved 1048576K
}
2016-10-23T19:10:00.494+0800: 224.671: [Rescan (parallel) , 0.0040814 secs]2016-10-23T19:10:00.498+0800: 224.675: [weak refs processing, 0.0007519 secs]2016-10-23T19:10:00.499+0800: 224.676: [class unloading, 0.0080016 secs]2016-10-23T19:10:00.507+0800: 224.684: [scrub symbol table, 0.0052992 secs]2016-10-23T19:10:00.512+0800: 224.690: [scrub string table, 0.0005786 secs][1 CMS-remark: 201777K(393216K)] 223601K(502464K), 0.0272740 secs] [Times: user=0.06 sys=0.01, real=0.03 secs] 
2016-10-23T19:10:00.513+0800: 224.690: Total time for which application threads were stopped: 0.0274936 seconds, Stopping threads took: 0.0000986 seconds
2016-10-23T19:10:00.513+0800: 224.690: [CMS-concurrent-sweep-start]
2016-10-23T19:10:00.555+0800: 224.733: [CMS-concurrent-sweep: 0.042/0.042 secs] [Times: user=0.09 sys=0.00, real=0.04 secs] 
2016-10-23T19:10:00.555+0800: 224.733: [CMS-concurrent-reset-start]
2016-10-23T19:10:00.555+0800: 224.733: [CMS-concurrent-reset: 0.000/0.000 secs] [Times: user=0.00 sys=0.00, real=0.00 secs] 
{Heap before GC invocations=424 (full 16):
 par new generation   total 109248K, used 109248K [0x00000007a0000000, 0x00000007a8000000, 0x00000007a8000000)
  eden space 87424K, 100% used [0x00000007a0000000, 0x00000007a5560000, 0x00000007a5560000)
  from space 21824K, 100% used [0x00000007a5560000, 0x00000007a6ab0000, 0x00000007a6ab0000)
  to   space 21824K,   0% used [0x00000007a6ab0000, 0x00000007a6ab0000, 0x00000007a8000000)
 concurrent mark-sweep generation total 393216K, used 91826K [0x00000007a8000000, 0x00000007c0000000, 0x00000007c0000000)
 Metaspace       used 35790K, capacity 36388K, committed 36784K, reserved 1081344K
  class space    used 4103K, capacity 4255K, committed 4272K, reserved 1048576K
2016-10-23T19:10:00.759+0800: 224.936: [GC (Allocation Failure) 2016-10-23T19:10:00.759+0800: 224.936: [ParNew
Desired survivor size 20112992 bytes, new threshold 7 (max 8)
- age   1:    5280688 bytes,    5280688 total
- age   2:    7035176 bytes,   12315864 total
- age   3:    1969432 bytes,   14285296 total
- age   4:    2100280 bytes,   16385576 total
- age   5:    1244632 bytes,   17630208 total
- age   6:    2426320 bytes,   20056528 total
- age   7:     916840 bytes,   20973368 total
- age   8:     845872 bytes,   21819240 total
: 109248K->21824K(109248K), 0.0103077 secs] 201074K->118639K(502464K), 0.0103873 secs] [Times: user=0.04 sys=0.00, real=0.01 secs] 
Heap after GC invocations=425 (full 16):
 par new generation   total 109248K, used 21824K [0x00000007a0000000, 0x00000007a8000000, 0x00000007a8000000)
  eden space 87424K,   0% used [0x00000007a0000000, 0x00000007a0000000, 0x00000007a5560000)
  from space 21824K, 100% used [0x00000007a6ab0000, 0x00000007a8000000, 0x00000007a8000000)
  to   space 21824K,   0% used [0x00000007a5560000, 0x00000007a5560000, 0x00000007a6ab0000)
 concurrent mark-sweep generation total 393216K, used 96815K [0x00000007a8000000, 0x00000007c0000000, 0x00000007c0000000)
 Metaspace       used 35790K, capacity 36388K, committed 36784K, reserved 1081344K
  class space    used 4103K, capacity 4255K, committed 4272K, reserved 1048576K
}
2016-10-23T19:10:00.769+0800: 224.947: Total time for which application threads were stopped: 0.0105668 seconds, Stopping threads took: 0.0000264 seconds
{Heap before GC invocations=425 (full 16):
 par new generation   total 109248K, used 109248K [0x00000007a0000000, 0x00000007a8000000, 0x00000007a8000000)
  eden space 87424K, 100% used [0x00000007a0000000, 0x00000007a5560000, 0x00000007a5560000)
  from space 21824K, 100% used [0x00000007a6ab0000, 0x00000007a8000000, 0x00000007a8000000)
  to   space 21824K,   0% used [0x00000007a5560000, 0x00000007a5560000, 0x00000007a6ab0000)
 concurrent mark-sweep generation total 393216K, used 96815K [0x00000007a8000000, 0x00000007c0000000, 0x00000007c0000000)
 Metaspace       used 35790K, capacity 36388K, committed 36784K, reserved 1081344K
  class space    used 4103K, capacity 4255K, committed 4272K, reserved 1048576K
2016-10-23T19:10:01.013+0800: 225.190: [GC (Allocation Failure) 2016-10-23T19:10:01.013+0800: 225.190: [ParNew
Desired survivor size 20112992 bytes, new threshold 7 (max 8)
- age   1:    7475576 bytes,    7475576 total
- age   2:    5011368 bytes,   12486944 total
- age   3:    1326952 bytes,   13813896 total
- age   4:    1509896 bytes,   15323792 total
- age   5:    1911472 bytes,   17235264 total
- age   6:    1224504 bytes,   18459768 total
- age   7:    2394552 bytes,   20854320 total
: 109248K->21824K(109248K), 0.0098706 secs] 206063K->124191K(502464K), 0.0099225 secs] [Times: user=0.03 sys=0.00, real=0.01 secs] 
Heap after GC invocations=426 (full 16):
 par new generation   total 109248K, used 21824K [0x00000007a0000000, 0x00000007a8000000, 0x00000007a8000000)
  eden space 87424K,   0% used [0x00000007a0000000, 0x00000007a0000000, 0x00000007a5560000)
  from space 21824K, 100% used [0x00000007a5560000, 0x00000007a6ab0000, 0x00000007a6ab0000)
  to   space 21824K,   0% used [0x00000007a6ab0000, 0x00000007a6ab0000, 0x00000007a8000000)
 concurrent mark-sweep generation total 393216K, used 102367K [0x00000007a8000000, 0x00000007c0000000, 0x00000007c0000000)
 Metaspace       used 35790K, capacity 36388K, committed 36784K, reserved 1081344K
  class space    used 4103K, capacity 4255K, committed 4272K, reserved 1048576K
}
2016-10-23T19:10:01.023+0800: 225.200: Total time for which application threads were stopped: 0.0100837 seconds, Stopping threads took: 0.0000271 seconds
{Heap before GC invocations=426 (full 16):
 par new generation   total 109248K, used 109248K [0x00000007a0000000, 0x00000007a8000000, 0x00000007a8000000)
  eden space 87424K, 100% used [0x00000007a0000000, 0x00000007a5560000, 0x00000007a5560000)
  from space 21824K, 100% used [0x00000007a5560000, 0x00000007a6ab0000, 0x00000007a6ab0000)
  to   space 21824K,   0% used [0x00000007a6ab0000, 0x00000007a6ab0000, 0x00000007a8000000)
 concurrent mark-sweep generation total 393216K, used 102367K [0x00000007a8000000, 0x00000007c0000000, 0x00000007c0000000)
 Metaspace       used 35790K, capacity 36388K, committed 36784K, reserved 1081344K
  class space    used 4103K, capacity 4255K, committed 4272K, reserved 1048576K
2016-10-23T19:10:01.267+0800: 225.444: [GC (Allocation Failure) 2016-10-23T19:10:01.267+0800: 225.444: [ParNew
Desired survivor size 20112992 bytes, new threshold 7 (max 8)
- age   1:    7031416 bytes,    7031416 total
- age   2:    5866976 bytes,   12898392 total
- age   3:    1446416 bytes,   14344808 total
- age   4:    1297344 bytes,   15642152 total
- age   5:    1449480 bytes,   17091632 total
- age   6:    1887576 bytes,   18979208 total
- age   7:    1198512 bytes,   20177720 total
: 109248K->21824K(109248K), 0.0091991 secs] 211615K->131322K(502464K), 0.0092572 secs] [Times: user=0.03 sys=0.00, real=0.01 secs] 
Heap after GC invocations=427 (full 16):
 par new generation   total 109248K, used 21824K [0x00000007a0000000, 0x00000007a8000000, 0x00000007a8000000)
  eden space 87424K,   0% used [0x00000007a0000000, 0x00000007a0000000, 0x00000007a5560000)
  from space 21824K, 100% used [0x00000007a6ab0000, 0x00000007a8000000, 0x00000007a8000000)
  to   space 21824K,   0% used [0x00000007a5560000, 0x00000007a5560000, 0x00000007a6ab0000)
 concurrent mark-sweep generation total 393216K, used 109498K [0x00000007a8000000, 0x00000007c0000000, 0x00000007c0000000)
 Metaspace       used 35790K, capacity 36388K, committed 36784K, reserved 1081344K
  class space    used 4103K, capacity 4255K, committed 4272K, reserved 1048576K
}
2016-10-23T19:10:01.276+0800: 225.454: Total time for which application threads were stopped: 0.0094188 seconds, Stopping threads took: 0.0000288 seconds
{Heap before GC invocations=427 (full 16):
 par new generation   total 109248K, used 109248K [0x00000007a0000000, 0x00000007a8000000, 0x00000007a8000000)
  eden space 87424K, 100% used [0x00000007a0000000, 0x00000007a5560000, 0x00000007a5560000)
  from space 21824K, 100% used [0x00000007a6ab0000, 0x00000007a8000000, 0x00000007a8000000)
  to   space 21824K,   0% used [0x00000007a5560000, 0x00000007a5560000, 0x00000007a6ab0000)
 concurrent mark-sweep generation total 393216K, used 109498K [0x00000007a8000000, 0x00000007c0000000, 0x00000007c0000000)
 Metaspace       used 35790K, capacity 36388K, committed 36784K, reserved 1081344K
  class space    used 4103K, capacity 4255K, committed 4272K, reserved 1048576K
2016-10-23T19:10:01.535+0800: 225.712: [GC (Allocation Failure) 2016-10-23T19:10:01.535+0800: 225.712: [ParNew
Desired survivor size 20112992 bytes, new threshold 8 (max 8)
- age   1:    2607520 bytes,    2607520 total
- age   2:    6652640 bytes,    9260160 total
- age   3:    4973552 bytes,   14233712 total
- age   4:    1281128 bytes,   15514840 total
- age   5:    1282568 bytes,   16797408 total
- age   6:    1213344 bytes,   18010752 total
- age   7:    1864568 bytes,   19875320 total
: 109248K->21824K(109248K), 0.0096257 secs] 218746K->134435K(502464K), 0.0096972 secs] [Times: user=0.03 sys=0.00, real=0.01 secs] 
Heap after GC invocations=428 (full 16):
 par new generation   total 109248K, used 21824K [0x00000007a0000000, 0x00000007a8000000, 0x00000007a8000000)
  eden space 87424K,   0% used [0x00000007a0000000, 0x00000007a0000000, 0x00000007a5560000)
  from space 21824K, 100% used [0x00000007a5560000, 0x00000007a6ab0000, 0x00000007a6ab0000)
  to   space 21824K,   0% used [0x00000007a6ab0000, 0x00000007a6ab0000, 0x00000007a8000000)
 concurrent mark-sweep generation total 393216K, used 112611K [0x00000007a8000000, 0x00000007c0000000, 0x00000007c0000000)
 Metaspace       used 35790K, capacity 36388K, committed 36784K, reserved 1081344K
  class space    used 4103K, capacity 4255K, committed 4272K, reserved 1048576K
}
2016-10-23T19:10:01.544+0800: 225.722: Total time for which application threads were stopped: 0.0098648 seconds, Stopping threads took: 0.0000288 seconds
{Heap before GC invocations=428 (full 16):
 par new generation   total 109248K, used 109248K [0x00000007a0000000, 0x00000007a8000000, 0x00000007a8000000)
  eden space 87424K, 100% used [0x00000007a0000000, 0x00000007a5560000, 0x00000007a5560000)
  from space 21824K, 100% used [0x00000007a5560000, 0x00000007a6ab0000, 0x00000007a6ab0000)
  to   space 21824K,   0% used [0x00000007a6ab0000, 0x00000007a6ab0000, 0x00000007a8000000)
 concurrent mark-sweep generation total 393216K, used 112611K [0x00000007a8000000, 0x00000007c0000000, 0x00000007c0000000)
 Metaspace       used 35790K, capacity 36388K, committed 36784K, reserved 1081344K
  class space    used 4103K, capacity 4255K, committed 4272K, reserved 1048576K
2016-10-23T19:10:01.791+0800: 225.969: [GC (Allocation Failure) 2016-10-23T19:10:01.791+0800: 225.969: [ParNew
Desired survivor size 20112992 bytes, new threshold 8 (max 8)
- age   1:    6233960 bytes,    6233960 total
- age   2:    2587752 bytes,    8821712 total
- age   3:    4692400 bytes,   13514112 total
- age   4:    2039168 bytes,   15553280 total
- age   5:    1111488 bytes,   16664768 total
- age   6:    1280816 bytes,   17945584 total
- age   7:    1207384 bytes,   19152968 total
- age   8:    1846480 bytes,   20999448 total
: 109248K->21824K(109248K), 0.0123021 secs] 221859K->141097K(502464K), 0.0123714 secs] [Times: user=0.05 sys=0.00, real=0.01 secs] 
Heap after GC invocations=429 (full 16):
 par new generation   total 109248K, used 21824K [0x00000007a0000000, 0x00000007a8000000, 0x00000007a8000000)
  eden space 87424K,   0% used [0x00000007a0000000, 0x00000007a0000000, 0x00000007a5560000)
  from space 21824K, 100% used [0x00000007a6ab0000, 0x00000007a8000000, 0x00000007a8000000)
  to   space 21824K,   0% used [0x00000007a5560000, 0x00000007a5560000, 0x00000007a6ab0000)
 concurrent mark-sweep generation total 393216K, used 119273K [0x00000007a8000000, 0x00000007c0000000, 0x00000007c0000000)
 Metaspace       used 35790K, capacity 36388K, committed 36784K, reserved 1081344K
  class space    used 4103K, capacity 4255K, committed 4272K, reserved 1048576K
}
2016-10-23T19:10:01.803+0800: 225.981: Total time for which application threads were stopped: 0.0125347 seconds, Stopping threads took: 0.0000223 seconds
{Heap before GC invocations=429 (full 16):
 par new generation   total 109248K, used 109248K [0x00000007a0000000, 0x00000007a8000000, 0x00000007a8000000)
  eden space 87424K, 100% used [0x00000007a0000000, 0x00000007a5560000, 0x00000007a5560000)
  from space 21824K, 100% used [0x00000007a6ab0000, 0x00000007a8000000, 0x00000007a8000000)
  to   space 21824K,   0% used [0x00000007a5560000, 0x00000007a5560000, 0x00000007a6ab0000)
 concurrent mark-sweep generation total 393216K, used 119273K [0x00000007a8000000, 0x00000007c0000000, 0x00000007c0000000)
 Metaspace       used 35790K, capacity 36388K, committed 36784K, reserved 1081344K
  class space    used 4103K, capacity 4255K, committed 4272K, reserved 1048576K
2016-10-23T19:10:02.039+0800: 226.216: [GC (Allocation Failure) 2016-10-23T19:10:02.039+0800: 226.216: [ParNew
Desired survivor size 20112992 bytes, new threshold 7 (max 8)
- age   1:    7017192 bytes,    7017192 total
- age   2:    6041016 bytes,   13058208 total
- age   3:    1359976 bytes,   14418184 total
- age   4:    1703184 bytes,   16121368 total
- age   5:    1984216 bytes,   18105584 total
- age   6:    1058824 bytes,   19164408 total
- age   7:    1226296 bytes,   20390704 total
- age   8:    1120056 bytes,   21510760 total
: 109248K->21824K(109248K), 0.0110993 secs] 228521K->147644K(502464K), 0.0111669 secs] [Times: user=0.04 sys=0.00, real=0.02 secs] 
Heap after GC invocations=430 (full 16):
 par new generation   total 109248K, used 21824K [0x00000007a0000000, 0x00000007a8000000, 0x00000007a8000000)
  eden space 87424K,   0% used [0x00000007a0000000, 0x00000007a0000000, 0x00000007a5560000)
  from space 21824K, 100% used [0x00000007a5560000, 0x00000007a6ab0000, 0x00000007a6ab0000)
  to   space 21824K,   0% used [0x00000007a6ab0000, 0x00000007a6ab0000, 0x00000007a8000000)
 concurrent mark-sweep generation total 393216K, used 125820K [0x00000007a8000000, 0x00000007c0000000, 0x00000007c0000000)
 Metaspace       used 35790K, capacity 36388K, committed 36784K, reserved 1081344K
  class space    used 4103K, capacity 4255K, committed 4272K, reserved 1048576K
}
2016-10-23T19:10:02.050+0800: 226.228: Total time for which application threads were stopped: 0.0113308 seconds, Stopping threads took: 0.0000283 seconds
{Heap before GC invocations=430 (full 16):
 par new generation   total 109248K, used 109248K [0x00000007a0000000, 0x00000007a8000000, 0x00000007a8000000)
  eden space 87424K, 100% used [0x00000007a0000000, 0x00000007a5560000, 0x00000007a5560000)
  from space 21824K, 100% used [0x00000007a5560000, 0x00000007a6ab0000, 0x00000007a6ab0000)
  to   space 21824K,   0% used [0x00000007a6ab0000, 0x00000007a6ab0000, 0x00000007a8000000)
 concurrent mark-sweep generation total 393216K, used 125820K [0x00000007a8000000, 0x00000007c0000000, 0x00000007c0000000)
 Metaspace       used 35790K, capacity 36388K, committed 36784K, reserved 1081344K
  class space    used 4103K, capacity 4255K, committed 4272K, reserved 1048576K
2016-10-23T19:10:02.291+0800: 226.469: [GC (Allocation Failure) 2016-10-23T19:10:02.291+0800: 226.469: [ParNew
Desired survivor size 20112992 bytes, new threshold 7 (max 8)
- age   1:    5735840 bytes,    5735840 total
- age   2:    6935896 bytes,   12671736 total
- age   3:    2337248 bytes,   15008984 total
- age   4:    1351312 bytes,   16360296 total
- age   5:    1687560 bytes,   18047856 total
- age   6:    1772384 bytes,   19820240 total
- age   7:    1057416 bytes,   20877656 total
: 109248K->21824K(109248K), 0.0109475 secs] 235068K->154132K(502464K), 0.0110393 secs] [Times: user=0.04 sys=0.00, real=0.01 secs] 
Heap after GC invocations=431 (full 16):
 par new generation   total 109248K, used 21824K [0x00000007a0000000, 0x00000007a8000000, 0x00000007a8000000)
  eden space 87424K,   0% used [0x00000007a0000000, 0x00000007a0000000, 0x00000007a5560000)
  from space 21824K, 100% used [0x00000007a6ab0000, 0x00000007a8000000, 0x00000007a8000000)
  to   space 21824K,   0% used [0x00000007a5560000, 0x00000007a5560000, 0x00000007a6ab0000)
 concurrent mark-sweep generation total 393216K, used 132308K [0x00000007a8000000, 0x00000007c0000000, 0x00000007c0000000)
 Metaspace       used 35790K, capacity 36388K, committed 36784K, reserved 1081344K
  class space    used 4103K, capacity 4255K, committed 4272K, reserved 1048576K
}
2016-10-23T19:10:02.302+0800: 226.480: Total time for which application threads were stopped: 0.0112418 seconds, Stopping threads took: 0.0000350 seconds
{Heap before GC invocations=431 (full 16):
 par new generation   total 109248K, used 109248K [0x00000007a0000000, 0x00000007a8000000, 0x00000007a8000000)
  eden space 87424K, 100% used [0x00000007a0000000, 0x00000007a5560000, 0x00000007a5560000)
  from space 21824K, 100% used [0x00000007a6ab0000, 0x00000007a8000000, 0x00000007a8000000)
  to   space 21824K,   0% used [0x00000007a5560000, 0x00000007a5560000, 0x00000007a6ab0000)
 concurrent mark-sweep generation total 393216K, used 132308K [0x00000007a8000000, 0x00000007c0000000, 0x00000007c0000000)
 Metaspace       used 35790K, capacity 36388K, committed 36784K, reserved 1081344K
  class space    used 4103K, capacity 4255K, committed 4272K, reserved 1048576K
2016-10-23T19:10:02.552+0800: 226.729: [GC (Allocation Failure) 2016-10-23T19:10:02.552+0800: 226.729: [ParNew
Desired survivor size 20112992 bytes, new threshold 7 (max 8)
- age   1:    5966576 bytes,    5966576 total
- age   2:    5375208 bytes,   11341784 total
- age   3:    4177584 bytes,   15519368 total
- age   4:    1132088 bytes,   16651456 total
- age   5:    1337912 bytes,   17989368 total
- age   6:    1637696 bytes,   19627064 total
- age   7:    1759912 bytes,   21386976 total
: 109248K->21824K(109248K), 0.0111490 secs] 241556K->162687K(502464K), 0.0112114 secs] [Times: user=0.04 sys=0.00, real=0.01 secs] 
Heap after GC invocations=432 (full 16):
 par new generation   total 109248K, used 21824K [0x00000007a0000000, 0x00000007a8000000, 0x00000007a8000000)
  eden space 87424K,   0% used [0x00000007a0000000, 0x00000007a0000000, 0x00000007a5560000)
  from space 21824K, 100% used [0x00000007a5560000, 0x00000007a6ab0000, 0x00000007a6ab0000)
  to   space 21824K,   0% used [0x00000007a6ab0000, 0x00000007a6ab0000, 0x00000007a8000000)
 concurrent mark-sweep generation total 393216K, used 140863K [0x00000007a8000000, 0x00000007c0000000, 0x00000007c0000000)
 Metaspace       used 35790K, capacity 36388K, committed 36784K, reserved 1081344K
  class space    used 4103K, capacity 4255K, committed 4272K, reserved 1048576K
}
2016-10-23T19:10:02.563+0800: 226.740: Total time for which application threads were stopped: 0.0113767 seconds, Stopping threads took: 0.0000282 seconds
{Heap before GC invocations=432 (full 16):
 par new generation   total 109248K, used 109248K [0x00000007a0000000, 0x00000007a8000000, 0x00000007a8000000)
  eden space 87424K, 100% used [0x00000007a0000000, 0x00000007a5560000, 0x00000007a5560000)
  from space 21824K, 100% used [0x00000007a5560000, 0x00000007a6ab0000, 0x00000007a6ab0000)
  to   space 21824K,   0% used [0x00000007a6ab0000, 0x00000007a6ab0000, 0x00000007a8000000)
 concurrent mark-sweep generation total 393216K, used 140863K [0x00000007a8000000, 0x00000007c0000000, 0x00000007c0000000)
 Metaspace       used 35790K, capacity 36388K, committed 36784K, reserved 1081344K
  class space    used 4103K, capacity 4255K, committed 4272K, reserved 1048576K
2016-10-23T19:10:02.805+0800: 226.982: [GC (Allocation Failure) 2016-10-23T19:10:02.805+0800: 226.982: [ParNew
Desired survivor size 20112992 bytes, new threshold 6 (max 8)
- age   1:    4832000 bytes,    4832000 total
- age   2:    5927312 bytes,   10759312 total
- age   3:    5349280 bytes,   16108592 total
- age   4:    2409760 bytes,   18518352 total
- age   5:    1130552 bytes,   19648904 total
- age   6:    1175400 bytes,   20824304 total
- age   7:    1636488 bytes,   22460792 total
: 109248K->21824K(109248K), 0.0106542 secs] 250111K->168083K(502464K), 0.0107323 secs] [Times: user=0.04 sys=0.01, real=0.01 secs] 
Heap after GC invocations=433 (full 16):
 par new generation   total 109248K, used 21824K [0x00000007a0000000, 0x00000007a8000000, 0x00000007a8000000)
  eden space 87424K,   0% used [0x00000007a0000000, 0x00000007a0000000, 0x00000007a5560000)
  from space 21824K, 100% used [0x00000007a6ab0000, 0x00000007a8000000, 0x00000007a8000000)
  to   space 21824K,   0% used [0x00000007a5560000, 0x00000007a5560000, 0x00000007a6ab0000)
 concurrent mark-sweep generation total 393216K, used 146259K [0x00000007a8000000, 0x00000007c0000000, 0x00000007c0000000)
 Metaspace       used 35790K, capacity 36388K, committed 36784K, reserved 1081344K
  class space    used 4103K, capacity 4255K, committed 4272K, reserved 1048576K
}
2016-10-23T19:10:02.815+0800: 226.993: Total time for which application threads were stopped: 0.0109069 seconds, Stopping threads took: 0.0000296 seconds
{Heap before GC invocations=433 (full 16):
 par new generation   total 109248K, used 109248K [0x00000007a0000000, 0x00000007a8000000, 0x00000007a8000000)
  eden space 87424K, 100% used [0x00000007a0000000, 0x00000007a5560000, 0x00000007a5560000)
  from space 21824K, 100% used [0x00000007a6ab0000, 0x00000007a8000000, 0x00000007a8000000)
  to   space 21824K,   0% used [0x00000007a5560000, 0x00000007a5560000, 0x00000007a6ab0000)
 concurrent mark-sweep generation total 393216K, used 146259K [0x00000007a8000000, 0x00000007c0000000, 0x00000007c0000000)
 Metaspace       used 35790K, capacity 36388K, committed 36784K, reserved 1081344K
  class space    used 4103K, capacity 4255K, committed 4272K, reserved 1048576K
2016-10-23T19:10:03.051+0800: 227.229: [GC (Allocation Failure) 2016-10-23T19:10:03.051+0800: 227.229: [ParNew
Desired survivor size 20112992 bytes, new threshold 8 (max 8)
- age   1:    3146040 bytes,    3146040 total
- age   2:    4266544 bytes,    7412584 total
- age   3:    5923792 bytes,   13336376 total
- age   4:    1441464 bytes,   14777840 total
- age   5:    2153312 bytes,   16931152 total
- age   6:    1127776 bytes,   18058928 total
: 109248K->21824K(109248K), 0.0111329 secs] 255507K->181501K(502464K), 0.0112310 secs] [Times: user=0.04 sys=0.00, real=0.01 secs] 
Heap after GC invocations=434 (full 16):
 par new generation   total 109248K, used 21824K [0x00000007a0000000, 0x00000007a8000000, 0x00000007a8000000)
  eden space 87424K,   0% used [0x00000007a0000000, 0x00000007a0000000, 0x00000007a5560000)
  from space 21824K, 100% used [0x00000007a5560000, 0x00000007a6ab0000, 0x00000007a6ab0000)
  to   space 21824K,   0% used [0x00000007a6ab0000, 0x00000007a6ab0000, 0x00000007a8000000)
 concurrent mark-sweep generation total 393216K, used 159677K [0x00000007a8000000, 0x00000007c0000000, 0x00000007c0000000)
 Metaspace       used 35790K, capacity 36388K, committed 36784K, reserved 1081344K
  class space    used 4103K, capacity 4255K, committed 4272K, reserved 1048576K
}
2016-10-23T19:10:03.062+0800: 227.240: Total time for which application threads were stopped: 0.0114014 seconds, Stopping threads took: 0.0000341 seconds
{Heap before GC invocations=434 (full 16):
 par new generation   total 109248K, used 109248K [0x00000007a0000000, 0x00000007a8000000, 0x00000007a8000000)
  eden space 87424K, 100% used [0x00000007a0000000, 0x00000007a5560000, 0x00000007a5560000)
  from space 21824K, 100% used [0x00000007a5560000, 0x00000007a6ab0000, 0x00000007a6ab0000)
  to   space 21824K,   0% used [0x00000007a6ab0000, 0x00000007a6ab0000, 0x00000007a8000000)
 concurrent mark-sweep generation total 393216K, used 159677K [0x00000007a8000000, 0x00000007c0000000, 0x00000007c0000000)
 Metaspace       used 35790K, capacity 36388K, committed 36784K, reserved 1081344K
  class space    used 4103K, capacity 4255K, committed 4272K, reserved 1048576K
2016-10-23T19:10:03.334+0800: 227.512: [GC (Allocation Failure) 2016-10-23T19:10:03.334+0800: 227.512: [ParNew
Desired survivor size 20112992 bytes, new threshold 8 (max 8)
- age   1:    2882816 bytes,    2882816 total
- age   2:    2031760 bytes,    4914576 total
- age   3:    4188352 bytes,    9102928 total
- age   4:    4393088 bytes,   13496016 total
- age   5:    1440392 bytes,   14936408 total
- age   6:    2118544 bytes,   17054952 total
- age   7:    1124600 bytes,   18179552 total
: 109248K->21824K(109248K), 0.0104811 secs] 268925K->188152K(502464K), 0.0105681 secs] [Times: user=0.04 sys=0.00, real=0.01 secs] 
Heap after GC invocations=435 (full 16):
 par new generation   total 109248K, used 21824K [0x00000007a0000000, 0x00000007a8000000, 0x00000007a8000000)
  eden space 87424K,   0% used [0x00000007a0000000, 0x00000007a0000000, 0x00000007a5560000)
  from space 21824K, 100% used [0x00000007a6ab0000, 0x00000007a8000000, 0x00000007a8000000)
  to   space 21824K,   0% used [0x00000007a5560000, 0x00000007a5560000, 0x00000007a6ab0000)
 concurrent mark-sweep generation total 393216K, used 166328K [0x00000007a8000000, 0x00000007c0000000, 0x00000007c0000000)
 Metaspace       used 35790K, capacity 36388K, committed 36784K, reserved 1081344K
  class space    used 4103K, capacity 4255K, committed 4272K, reserved 1048576K
}
2016-10-23T19:10:03.345+0800: 227.523: Total time for which application threads were stopped: 0.0107402 seconds, Stopping threads took: 0.0000288 seconds
{Heap before GC invocations=435 (full 16):
 par new generation   total 109248K, used 109248K [0x00000007a0000000, 0x00000007a8000000, 0x00000007a8000000)
  eden space 87424K, 100% used [0x00000007a0000000, 0x00000007a5560000, 0x00000007a5560000)
  from space 21824K, 100% used [0x00000007a6ab0000, 0x00000007a8000000, 0x00000007a8000000)
  to   space 21824K,   0% used [0x00000007a5560000, 0x00000007a5560000, 0x00000007a6ab0000)
 concurrent mark-sweep generation total 393216K, used 166328K [0x00000007a8000000, 0x00000007c0000000, 0x00000007c0000000)
 Metaspace       used 35790K, capacity 36388K, committed 36784K, reserved 1081344K
  class space    used 4103K, capacity 4255K, committed 4272K, reserved 1048576K
2016-10-23T19:10:03.564+0800: 227.742: [GC (Allocation Failure) 2016-10-23T19:10:03.564+0800: 227.742: [ParNew
Desired survivor size 20112992 bytes, new threshold 7 (max 8)
- age   1:    9062432 bytes,    9062432 total
- age   2:    2700344 bytes,   11762776 total
- age   3:    1880488 bytes,   13643264 total
- age   4:    1512040 bytes,   15155304 total
- age   5:    3219928 bytes,   18375232 total
- age   6:    1333672 bytes,   19708904 total
- age   7:     965880 bytes,   20674784 total
- age   8:    1035880 bytes,   21710664 total
: 109248K->21824K(109248K), 0.0128796 secs] 275576K->195068K(502464K), 0.0129548 secs] [Times: user=0.05 sys=0.00, real=0.01 secs] 
Heap after GC invocations=436 (full 16):
 par new generation   total 109248K, used 21824K [0x00000007a0000000, 0x00000007a8000000, 0x00000007a8000000)
  eden space 87424K,   0% used [0x00000007a0000000, 0x00000007a0000000, 0x00000007a5560000)
  from space 21824K, 100% used [0x00000007a5560000, 0x00000007a6ab0000, 0x00000007a6ab0000)
  to   space 21824K,   0% used [0x00000007a6ab0000, 0x00000007a6ab0000, 0x00000007a8000000)
 concurrent mark-sweep generation total 393216K, used 173244K [0x00000007a8000000, 0x00000007c0000000, 0x00000007c0000000)
 Metaspace       used 35790K, capacity 36388K, committed 36784K, reserved 1081344K
  class space    used 4103K, capacity 4255K, committed 4272K, reserved 1048576K
}
2016-10-23T19:10:03.577+0800: 227.755: Total time for which application threads were stopped: 0.0131281 seconds, Stopping threads took: 0.0000315 seconds
2016-10-23T19:10:04.580+0800: 228.757: Total time for which application threads were stopped: 0.0001723 seconds, Stopping threads took: 0.0000866 seconds
{Heap before GC invocations=436 (full 16):
 par new generation   total 109248K, used 109248K [0x00000007a0000000, 0x00000007a8000000, 0x00000007a8000000)
  eden space 87424K, 100% used [0x00000007a0000000, 0x00000007a5560000, 0x00000007a5560000)
  from space 21824K, 100% used [0x00000007a5560000, 0x00000007a6ab0000, 0x00000007a6ab0000)
  to   space 21824K,   0% used [0x00000007a6ab0000, 0x00000007a6ab0000, 0x00000007a8000000)
 concurrent mark-sweep generation total 393216K, used 173244K [0x00000007a8000000, 0x00000007c0000000, 0x00000007c0000000)
 Metaspace       used 35792K, capacity 36388K, committed 36784K, reserved 1081344K
  class space    used 4103K, capacity 4255K, committed 4272K, reserved 1048576K
2016-10-23T19:10:04.656+0800: 228.834: [GC (Allocation Failure) 2016-10-23T19:10:04.656+0800: 228.834: [ParNew
Desired survivor size 20112992 bytes, new threshold 8 (max 8)
- age   1:     544784 bytes,     544784 total
- age   2:    6536432 bytes,    7081216 total
- age   3:    2619000 bytes,    9700216 total
- age   4:    1801960 bytes,   11502176 total
- age   5:    1438360 bytes,   12940536 total
- age   6:    3151192 bytes,   16091728 total
- age   7:    1266520 bytes,   17358248 total
: 109248K->21482K(109248K), 0.0107668 secs] 282492K->198964K(502464K), 0.0108225 secs] [Times: user=0.04 sys=0.00, real=0.01 secs] 
Heap after GC invocations=437 (full 16):
 par new generation   total 109248K, used 21482K [0x00000007a0000000, 0x00000007a8000000, 0x00000007a8000000)
  eden space 87424K,   0% used [0x00000007a0000000, 0x00000007a0000000, 0x00000007a5560000)
  from space 21824K,  98% used [0x00000007a6ab0000, 0x00000007a7faa948, 0x00000007a8000000)
  to   space 21824K,   0% used [0x00000007a5560000, 0x00000007a5560000, 0x00000007a6ab0000)
 concurrent mark-sweep generation total 393216K, used 177482K [0x00000007a8000000, 0x00000007c0000000, 0x00000007c0000000)
 Metaspace       used 35792K, capacity 36388K, committed 36784K, reserved 1081344K
  class space    used 4103K, capacity 4255K, committed 4272K, reserved 1048576K
}
2016-10-23T19:10:04.667+0800: 228.844: Total time for which application threads were stopped: 0.0109975 seconds, Stopping threads took: 0.0000292 seconds
{Heap before GC invocations=437 (full 16):
 par new generation   total 109248K, used 108906K [0x00000007a0000000, 0x00000007a8000000, 0x00000007a8000000)
  eden space 87424K, 100% used [0x00000007a0000000, 0x00000007a5560000, 0x00000007a5560000)
  from space 21824K,  98% used [0x00000007a6ab0000, 0x00000007a7faa948, 0x00000007a8000000)
  to   space 21824K,   0% used [0x00000007a5560000, 0x00000007a5560000, 0x00000007a6ab0000)
 concurrent mark-sweep generation total 393216K, used 177482K [0x00000007a8000000, 0x00000007c0000000, 0x00000007c0000000)
 Metaspace       used 35792K, capacity 36388K, committed 36784K, reserved 1081344K
  class space    used 4103K, capacity 4255K, committed 4272K, reserved 1048576K
2016-10-23T19:10:04.791+0800: 228.969: [GC (Allocation Failure) 2016-10-23T19:10:04.791+0800: 228.969: [ParNew
Desired survivor size 20112992 bytes, new threshold 8 (max 8)
- age   1:      71544 bytes,      71544 total
- age   2:     464024 bytes,     535568 total
- age   3:    6249784 bytes,    6785352 total
- age   4:    2744840 bytes,    9530192 total
- age   5:    2224432 bytes,   11754624 total
- age   6:    1578784 bytes,   13333408 total
- age   7:    3151192 bytes,   16484600 total
- age   8:    1266520 bytes,   17751120 total
: 108906K->21548K(109248K), 0.0074393 secs] 286388K->199685K(502464K), 0.0075107 secs] [Times: user=0.03 sys=0.00, real=0.00 secs] 
Heap after GC invocations=438 (full 16):
 par new generation   total 109248K, used 21548K [0x00000007a0000000, 0x00000007a8000000, 0x00000007a8000000)
  eden space 87424K,   0% used [0x00000007a0000000, 0x00000007a0000000, 0x00000007a5560000)
  from space 21824K,  98% used [0x00000007a5560000, 0x00000007a6a6b130, 0x00000007a6ab0000)
  to   space 21824K,   0% used [0x00000007a6ab0000, 0x00000007a6ab0000, 0x00000007a8000000)
 concurrent mark-sweep generation total 393216K, used 178136K [0x00000007a8000000, 0x00000007c0000000, 0x00000007c0000000)
 Metaspace       used 35792K, capacity 36388K, committed 36784K, reserved 1081344K
  class space    used 4103K, capacity 4255K, committed 4272K, reserved 1048576K
}
2016-10-23T19:10:04.799+0800: 228.977: Total time for which application threads were stopped: 0.0076814 seconds, Stopping threads took: 0.0000219 seconds
{Heap before GC invocations=438 (full 16):
 par new generation   total 109248K, used 108972K [0x00000007a0000000, 0x00000007a8000000, 0x00000007a8000000)
  eden space 87424K, 100% used [0x00000007a0000000, 0x00000007a5560000, 0x00000007a5560000)
  from space 21824K,  98% used [0x00000007a5560000, 0x00000007a6a6b130, 0x00000007a6ab0000)
  to   space 21824K,   0% used [0x00000007a6ab0000, 0x00000007a6ab0000, 0x00000007a8000000)
 concurrent mark-sweep generation total 393216K, used 178136K [0x00000007a8000000, 0x00000007c0000000, 0x00000007c0000000)
 Metaspace       used 35792K, capacity 36388K, committed 36784K, reserved 1081344K
  class space    used 4103K, capacity 4255K, committed 4272K, reserved 1048576K
2016-10-23T19:10:04.865+0800: 229.043: [GC (Allocation Failure) 2016-10-23T19:10:04.865+0800: 229.043: [ParNew
Desired survivor size 20112992 bytes, new threshold 8 (max 8)
- age   1:      46248 bytes,      46248 total
- age   3:     444176 bytes,     490424 total
- age   4:    5866192 bytes,    6356616 total
- age   5:    2619000 bytes,    8975616 total
- age   6:    1801960 bytes,   10777576 total
- age   7:    1438360 bytes,   12215936 total
- age   8:    3151192 bytes,   15367128 total
: 108972K->20794K(109248K), 0.0078743 secs] 287109K->200184K(502464K), 0.0079367 secs] [Times: user=0.02 sys=0.00, real=0.01 secs] 
Heap after GC invocations=439 (full 16):
 par new generation   total 109248K, used 20794K [0x00000007a0000000, 0x00000007a8000000, 0x00000007a8000000)
  eden space 87424K,   0% used [0x00000007a0000000, 0x00000007a0000000, 0x00000007a5560000)
  from space 21824K,  95% used [0x00000007a6ab0000, 0x00000007a7efeab8, 0x00000007a8000000)
  to   space 21824K,   0% used [0x00000007a5560000, 0x00000007a5560000, 0x00000007a6ab0000)
 concurrent mark-sweep generation total 393216K, used 179389K [0x00000007a8000000, 0x00000007c0000000, 0x00000007c0000000)
 Metaspace       used 35792K, capacity 36388K, committed 36784K, reserved 1081344K
  class space    used 4103K, capacity 4255K, committed 4272K, reserved 1048576K
}
2016-10-23T19:10:04.873+0800: 229.051: Total time for which application threads were stopped: 0.0081035 seconds, Stopping threads took: 0.0000201 seconds
{Heap before GC invocations=439 (full 16):
 par new generation   total 109248K, used 108218K [0x00000007a0000000, 0x00000007a8000000, 0x00000007a8000000)
  eden space 87424K, 100% used [0x00000007a0000000, 0x00000007a5560000, 0x00000007a5560000)
  from space 21824K,  95% used [0x00000007a6ab0000, 0x00000007a7efeab8, 0x00000007a8000000)
  to   space 21824K,   0% used [0x00000007a5560000, 0x00000007a5560000, 0x00000007a6ab0000)
 concurrent mark-sweep generation total 393216K, used 179389K [0x00000007a8000000, 0x00000007c0000000, 0x00000007c0000000)
 Metaspace       used 35792K, capacity 36388K, committed 36784K, reserved 1081344K
  class space    used 4103K, capacity 4255K, committed 4272K, reserved 1048576K
2016-10-23T19:10:04.986+0800: 229.164: [GC (Allocation Failure) 2016-10-23T19:10:04.986+0800: 229.164: [ParNew
Desired survivor size 20112992 bytes, new threshold 8 (max 8)
- age   1:      36496 bytes,      36496 total
- age   2:        760 bytes,      37256 total
- age   4:     444176 bytes,     481432 total
- age   5:    5866192 bytes,    6347624 total
- age   6:    2619000 bytes,    8966624 total
- age   7:    1801960 bytes,   10768584 total
- age   8:    1438360 bytes,   12206944 total
: 108218K->14158K(109248K), 0.0077011 secs] 287608K->196640K(502464K), 0.0077703 secs] [Times: user=0.03 sys=0.00, real=0.01 secs] 
Heap after GC invocations=440 (full 16):
 par new generation   total 109248K, used 14158K [0x00000007a0000000, 0x00000007a8000000, 0x00000007a8000000)
  eden space 87424K,   0% used [0x00000007a0000000, 0x00000007a0000000, 0x00000007a5560000)
  from space 21824K,  64% used [0x00000007a5560000, 0x00000007a6333b20, 0x00000007a6ab0000)
  to   space 21824K,   0% used [0x00000007a6ab0000, 0x00000007a6ab0000, 0x00000007a8000000)
 concurrent mark-sweep generation total 393216K, used 182481K [0x00000007a8000000, 0x00000007c0000000, 0x00000007c0000000)
 Metaspace       used 35792K, capacity 36388K, committed 36784K, reserved 1081344K
  class space    used 4103K, capacity 4255K, committed 4272K, reserved 1048576K
}
2016-10-23T19:10:04.994+0800: 229.171: Total time for which application threads were stopped: 0.0079478 seconds, Stopping threads took: 0.0000301 seconds
{Heap before GC invocations=440 (full 16):
 par new generation   total 109248K, used 101582K [0x00000007a0000000, 0x00000007a8000000, 0x00000007a8000000)
  eden space 87424K, 100% used [0x00000007a0000000, 0x00000007a5560000, 0x00000007a5560000)
  from space 21824K,  64% used [0x00000007a5560000, 0x00000007a6333b20, 0x00000007a6ab0000)
  to   space 21824K,   0% used [0x00000007a6ab0000, 0x00000007a6ab0000, 0x00000007a8000000)
 concurrent mark-sweep generation total 393216K, used 182481K [0x00000007a8000000, 0x00000007c0000000, 0x00000007c0000000)
 Metaspace       used 35792K, capacity 36388K, committed 36784K, reserved 1081344K
  class space    used 4103K, capacity 4255K, committed 4272K, reserved 1048576K
2016-10-23T19:10:05.087+0800: 229.265: [GC (Allocation Failure) 2016-10-23T19:10:05.087+0800: 229.265: [ParNew
Desired survivor size 20112992 bytes, new threshold 8 (max 8)
- age   1:      89872 bytes,      89872 total
- age   2:      29136 bytes,     119008 total
- age   3:        760 bytes,     119768 total
- age   5:     444176 bytes,     563944 total
- age   6:    5866192 bytes,    6430136 total
- age   7:    2619000 bytes,    9049136 total
- age   8:    1801960 bytes,   10851096 total
: 101582K->14915K(109248K), 0.0066094 secs] 284064K->198817K(502464K), 0.0066773 secs] [Times: user=0.03 sys=0.00, real=0.01 secs] 
Heap after GC invocations=441 (full 16):
 par new generation   total 109248K, used 14915K [0x00000007a0000000, 0x00000007a8000000, 0x00000007a8000000)
  eden space 87424K,   0% used [0x00000007a0000000, 0x00000007a0000000, 0x00000007a5560000)
  from space 21824K,  68% used [0x00000007a6ab0000, 0x00000007a7940d68, 0x00000007a8000000)
  to   space 21824K,   0% used [0x00000007a5560000, 0x00000007a5560000, 0x00000007a6ab0000)
 concurrent mark-sweep generation total 393216K, used 183902K [0x00000007a8000000, 0x00000007c0000000, 0x00000007c0000000)
 Metaspace       used 35792K, capacity 36388K, committed 36784K, reserved 1081344K
  class space    used 4103K, capacity 4255K, committed 4272K, reserved 1048576K
}
2016-10-23T19:10:05.094+0800: 229.272: Total time for which application threads were stopped: 0.0068479 seconds, Stopping threads took: 0.0000307 seconds
2016-10-23T19:10:05.321+0800: 229.498: Total time for which application threads were stopped: 0.0000879 seconds, Stopping threads took: 0.0000178 seconds
2016-10-23T19:10:05.321+0800: 229.498: Total time for which application threads were stopped: 0.0000516 seconds, Stopping threads took: 0.0000089 seconds
2016-10-23T19:10:05.321+0800: 229.498: Total time for which application threads were stopped: 0.0000344 seconds, Stopping threads took: 0.0000056 seconds
{Heap before GC invocations=441 (full 16):
 par new generation   total 109248K, used 102339K [0x00000007a0000000, 0x00000007a8000000, 0x00000007a8000000)
  eden space 87424K, 100% used [0x00000007a0000000, 0x00000007a5560000, 0x00000007a5560000)
  from space 21824K,  68% used [0x00000007a6ab0000, 0x00000007a7940d68, 0x00000007a8000000)
  to   space 21824K,   0% used [0x00000007a5560000, 0x00000007a5560000, 0x00000007a6ab0000)
 concurrent mark-sweep generation total 393216K, used 183902K [0x00000007a8000000, 0x00000007c0000000, 0x00000007c0000000)
 Metaspace       used 35794K, capacity 36388K, committed 36784K, reserved 1081344K
  class space    used 4103K, capacity 4255K, committed 4272K, reserved 1048576K
2016-10-23T19:10:05.330+0800: 229.508: [GC (Allocation Failure) 2016-10-23T19:10:05.330+0800: 229.508: [ParNew
Desired survivor size 20112992 bytes, new threshold 8 (max 8)
- age   1:    1673576 bytes,    1673576 total
- age   2:         96 bytes,    1673672 total
- age   6:     380976 bytes,    2054648 total
- age   7:    5815096 bytes,    7869744 total
- age   8:    2563880 bytes,   10433624 total
: 102339K->12492K(109248K), 0.0070150 secs] 286241K->198113K(502464K), 0.0070820 secs] [Times: user=0.03 sys=0.00, real=0.00 secs] 
Heap after GC invocations=442 (full 16):
 par new generation   total 109248K, used 12492K [0x00000007a0000000, 0x00000007a8000000, 0x00000007a8000000)
  eden space 87424K,   0% used [0x00000007a0000000, 0x00000007a0000000, 0x00000007a5560000)
  from space 21824K,  57% used [0x00000007a5560000, 0x00000007a61931d8, 0x00000007a6ab0000)
  to   space 21824K,   0% used [0x00000007a6ab0000, 0x00000007a6ab0000, 0x00000007a8000000)
 concurrent mark-sweep generation total 393216K, used 185620K [0x00000007a8000000, 0x00000007c0000000, 0x00000007c0000000)
 Metaspace       used 35794K, capacity 36388K, committed 36784K, reserved 1081344K
  class space    used 4103K, capacity 4255K, committed 4272K, reserved 1048576K
}
2016-10-23T19:10:05.337+0800: 229.515: Total time for which application threads were stopped: 0.0072566 seconds, Stopping threads took: 0.0000275 seconds
{Heap before GC invocations=442 (full 16):
 par new generation   total 109248K, used 99916K [0x00000007a0000000, 0x00000007a8000000, 0x00000007a8000000)
  eden space 87424K, 100% used [0x00000007a0000000, 0x00000007a5560000, 0x00000007a5560000)
  from space 21824K,  57% used [0x00000007a5560000, 0x00000007a61931d8, 0x00000007a6ab0000)
  to   space 21824K,   0% used [0x00000007a6ab0000, 0x00000007a6ab0000, 0x00000007a8000000)
 concurrent mark-sweep generation total 393216K, used 185620K [0x00000007a8000000, 0x00000007c0000000, 0x00000007c0000000)
 Metaspace       used 35794K, capacity 36388K, committed 36784K, reserved 1081344K
  class space    used 4103K, capacity 4255K, committed 4272K, reserved 1048576K
2016-10-23T19:10:05.544+0800: 229.722: [GC (Allocation Failure) 2016-10-23T19:10:05.544+0800: 229.722: [ParNew
Desired survivor size 20112992 bytes, new threshold 8 (max 8)
- age   1:    4157552 bytes,    4157552 total
- age   2:    1567768 bytes,    5725320 total
- age   3:         96 bytes,    5725416 total
- age   7:     380952 bytes,    6106368 total
- age   8:    5815096 bytes,   11921464 total
: 99916K->12620K(109248K), 0.0073766 secs] 285537K->200756K(502464K), 0.0074412 secs] [Times: user=0.03 sys=0.00, real=0.01 secs] 
Heap after GC invocations=443 (full 16):
 par new generation   total 109248K, used 12620K [0x00000007a0000000, 0x00000007a8000000, 0x00000007a8000000)
  eden space 87424K,   0% used [0x00000007a0000000, 0x00000007a0000000, 0x00000007a5560000)
  from space 21824K,  57% used [0x00000007a6ab0000, 0x00000007a7703078, 0x00000007a8000000)
  to   space 21824K,   0% used [0x00000007a5560000, 0x00000007a5560000, 0x00000007a6ab0000)
 concurrent mark-sweep generation total 393216K, used 188136K [0x00000007a8000000, 0x00000007c0000000, 0x00000007c0000000)
 Metaspace       used 35794K, capacity 36388K, committed 36784K, reserved 1081344K
  class space    used 4103K, capacity 4255K, committed 4272K, reserved 1048576K
}
2016-10-23T19:10:05.551+0800: 229.729: Total time for which application threads were stopped: 0.0076106 seconds, Stopping threads took: 0.0000297 seconds
{Heap before GC invocations=443 (full 16):
 par new generation   total 109248K, used 100044K [0x00000007a0000000, 0x00000007a8000000, 0x00000007a8000000)
  eden space 87424K, 100% used [0x00000007a0000000, 0x00000007a5560000, 0x00000007a5560000)
  from space 21824K,  57% used [0x00000007a6ab0000, 0x00000007a7703078, 0x00000007a8000000)
  to   space 21824K,   0% used [0x00000007a5560000, 0x00000007a5560000, 0x00000007a6ab0000)
 concurrent mark-sweep generation total 393216K, used 188136K [0x00000007a8000000, 0x00000007c0000000, 0x00000007c0000000)
 Metaspace       used 35796K, capacity 36388K, committed 36784K, reserved 1081344K
  class space    used 4103K, capacity 4255K, committed 4272K, reserved 1048576K
2016-10-23T19:10:05.768+0800: 229.945: [GC (Allocation Failure) 2016-10-23T19:10:05.768+0800: 229.945: [ParNew
Desired survivor size 20112992 bytes, new threshold 8 (max 8)
- age   1:    5512088 bytes,    5512088 total
- age   2:    2572104 bytes,    8084192 total
- age   3:    1567344 bytes,    9651536 total
- age   4:         64 bytes,    9651600 total
- age   8:     380952 bytes,   10032552 total
: 100044K->17043K(109248K), 0.0073046 secs] 288180K->210869K(502464K), 0.0073808 secs] [Times: user=0.02 sys=0.00, real=0.01 secs] 
Heap after GC invocations=444 (full 16):
 par new generation   total 109248K, used 17043K [0x00000007a0000000, 0x00000007a8000000, 0x00000007a8000000)
  eden space 87424K,   0% used [0x00000007a0000000, 0x00000007a0000000, 0x00000007a5560000)
  from space 21824K,  78% used [0x00000007a5560000, 0x00000007a6604c90, 0x00000007a6ab0000)
  to   space 21824K,   0% used [0x00000007a6ab0000, 0x00000007a6ab0000, 0x00000007a8000000)
 concurrent mark-sweep generation total 393216K, used 193826K [0x00000007a8000000, 0x00000007c0000000, 0x00000007c0000000)
 Metaspace       used 35796K, capacity 36388K, committed 36784K, reserved 1081344K
  class space    used 4103K, capacity 4255K, committed 4272K, reserved 1048576K
}
2016-10-23T19:10:05.775+0800: 229.953: Total time for which application threads were stopped: 0.0075490 seconds, Stopping threads took: 0.0000291 seconds
{Heap before GC invocations=444 (full 16):
 par new generation   total 109248K, used 104467K [0x00000007a0000000, 0x00000007a8000000, 0x00000007a8000000)
  eden space 87424K, 100% used [0x00000007a0000000, 0x00000007a5560000, 0x00000007a5560000)
  from space 21824K,  78% used [0x00000007a5560000, 0x00000007a6604c90, 0x00000007a6ab0000)
  to   space 21824K,   0% used [0x00000007a6ab0000, 0x00000007a6ab0000, 0x00000007a8000000)
 concurrent mark-sweep generation total 393216K, used 193826K [0x00000007a8000000, 0x00000007c0000000, 0x00000007c0000000)
 Metaspace       used 35796K, capacity 36388K, committed 36784K, reserved 1081344K
  class space    used 4103K, capacity 4255K, committed 4272K, reserved 1048576K
2016-10-23T19:10:05.989+0800: 230.167: [GC (Allocation Failure) 2016-10-23T19:10:05.989+0800: 230.167: [ParNew
Desired survivor size 20112992 bytes, new threshold 8 (max 8)
- age   1:    5729624 bytes,    5729624 total
- age   2:    3547344 bytes,    9276968 total
- age   3:    2553216 bytes,   11830184 total
- age   4:    1566776 bytes,   13396960 total
- age   5:         64 bytes,   13397024 total
: 104467K->15721K(109248K), 0.0065275 secs] 298293K->209920K(502464K), 0.0065983 secs] [Times: user=0.03 sys=0.00, real=0.01 secs] 
Heap after GC invocations=445 (full 16):
 par new generation   total 109248K, used 15721K [0x00000007a0000000, 0x00000007a8000000, 0x00000007a8000000)
  eden space 87424K,   0% used [0x00000007a0000000, 0x00000007a0000000, 0x00000007a5560000)
  from space 21824K,  72% used [0x00000007a6ab0000, 0x00000007a7a0a5a8, 0x00000007a8000000)
  to   space 21824K,   0% used [0x00000007a5560000, 0x00000007a5560000, 0x00000007a6ab0000)
 concurrent mark-sweep generation total 393216K, used 194199K [0x00000007a8000000, 0x00000007c0000000, 0x00000007c0000000)
 Metaspace       used 35796K, capacity 36388K, committed 36784K, reserved 1081344K
  class space    used 4103K, capacity 4255K, committed 4272K, reserved 1048576K
}
2016-10-23T19:10:05.996+0800: 230.174: Total time for which application threads were stopped: 0.0067795 seconds, Stopping threads took: 0.0000298 seconds
{Heap before GC invocations=445 (full 16):
 par new generation   total 109248K, used 103145K [0x00000007a0000000, 0x00000007a8000000, 0x00000007a8000000)
  eden space 87424K, 100% used [0x00000007a0000000, 0x00000007a5560000, 0x00000007a5560000)
  from space 21824K,  72% used [0x00000007a6ab0000, 0x00000007a7a0a5a8, 0x00000007a8000000)
  to   space 21824K,   0% used [0x00000007a5560000, 0x00000007a5560000, 0x00000007a6ab0000)
 concurrent mark-sweep generation total 393216K, used 194199K [0x00000007a8000000, 0x00000007c0000000, 0x00000007c0000000)
 Metaspace       used 35796K, capacity 36388K, committed 36784K, reserved 1081344K
  class space    used 4103K, capacity 4255K, committed 4272K, reserved 1048576K
2016-10-23T19:10:06.215+0800: 230.393: [GC (Allocation Failure) 2016-10-23T19:10:06.215+0800: 230.393: [ParNew
Desired survivor size 20112992 bytes, new threshold 8 (max 8)
- age   1:    7300880 bytes,    7300880 total
- age   2:    3146752 bytes,   10447632 total
- age   3:    2786112 bytes,   13233744 total
- age   4:    2553216 bytes,   15786960 total
- age   5:    1566776 bytes,   17353736 total
- age   6:         64 bytes,   17353800 total
: 103145K->20414K(109248K), 0.0070714 secs] 297344K->214614K(502464K), 0.0071481 secs] [Times: user=0.03 sys=0.00, real=0.01 secs] 
Heap after GC invocations=446 (full 16):
 par new generation   total 109248K, used 20414K [0x00000007a0000000, 0x00000007a8000000, 0x00000007a8000000)
  eden space 87424K,   0% used [0x00000007a0000000, 0x00000007a0000000, 0x00000007a5560000)
  from space 21824K,  93% used [0x00000007a5560000, 0x00000007a694fbc0, 0x00000007a6ab0000)
  to   space 21824K,   0% used [0x00000007a6ab0000, 0x00000007a6ab0000, 0x00000007a8000000)
 concurrent mark-sweep generation total 393216K, used 194199K [0x00000007a8000000, 0x00000007c0000000, 0x00000007c0000000)
 Metaspace       used 35796K, capacity 36388K, committed 36784K, reserved 1081344K
  class space    used 4103K, capacity 4255K, committed 4272K, reserved 1048576K
}
2016-10-23T19:10:06.222+0800: 230.400: Total time for which application threads were stopped: 0.0073175 seconds, Stopping threads took: 0.0000285 seconds
{Heap before GC invocations=446 (full 16):
 par new generation   total 109248K, used 107838K [0x00000007a0000000, 0x00000007a8000000, 0x00000007a8000000)
  eden space 87424K, 100% used [0x00000007a0000000, 0x00000007a5560000, 0x00000007a5560000)
  from space 21824K,  93% used [0x00000007a5560000, 0x00000007a694fbc0, 0x00000007a6ab0000)
  to   space 21824K,   0% used [0x00000007a6ab0000, 0x00000007a6ab0000, 0x00000007a8000000)
 concurrent mark-sweep generation total 393216K, used 194199K [0x00000007a8000000, 0x00000007c0000000, 0x00000007c0000000)
 Metaspace       used 35796K, capacity 36388K, committed 36784K, reserved 1081344K
  class space    used 4103K, capacity 4255K, committed 4272K, reserved 1048576K
2016-10-23T19:10:06.444+0800: 230.622: [GC (Allocation Failure) 2016-10-23T19:10:06.444+0800: 230.622: [ParNew
Desired survivor size 20112992 bytes, new threshold 8 (max 8)
- age   1:    6707224 bytes,    6707224 total
- age   2:    3586752 bytes,   10293976 total
- age   3:    2816696 bytes,   13110672 total
- age   4:    2647064 bytes,   15757736 total
- age   5:    2495328 bytes,   18253064 total
- age   6:    1411224 bytes,   19664288 total
- age   7:         64 bytes,   19664352 total
: 107838K->21824K(109248K), 0.0077912 secs] 302038K->217192K(502464K), 0.0078841 secs] [Times: user=0.03 sys=0.00, real=0.01 secs] 
Heap after GC invocations=447 (full 16):
 par new generation   total 109248K, used 21824K [0x00000007a0000000, 0x00000007a8000000, 0x00000007a8000000)
  eden space 87424K,   0% used [0x00000007a0000000, 0x00000007a0000000, 0x00000007a5560000)
  from space 21824K, 100% used [0x00000007a6ab0000, 0x00000007a8000000, 0x00000007a8000000)
  to   space 21824K,   0% used [0x00000007a5560000, 0x00000007a5560000, 0x00000007a6ab0000)
 concurrent mark-sweep generation total 393216K, used 195368K [0x00000007a8000000, 0x00000007c0000000, 0x00000007c0000000)
 Metaspace       used 35796K, capacity 36388K, committed 36784K, reserved 1081344K
  class space    used 4103K, capacity 4255K, committed 4272K, reserved 1048576K
}
2016-10-23T19:10:06.452+0800: 230.630: Total time for which application threads were stopped: 0.0080498 seconds, Stopping threads took: 0.0000206 seconds
{Heap before GC invocations=447 (full 16):
 par new generation   total 109248K, used 109248K [0x00000007a0000000, 0x00000007a8000000, 0x00000007a8000000)
  eden space 87424K, 100% used [0x00000007a0000000, 0x00000007a5560000, 0x00000007a5560000)
  from space 21824K, 100% used [0x00000007a6ab0000, 0x00000007a8000000, 0x00000007a8000000)
  to   space 21824K,   0% used [0x00000007a5560000, 0x00000007a5560000, 0x00000007a6ab0000)
 concurrent mark-sweep generation total 393216K, used 195368K [0x00000007a8000000, 0x00000007c0000000, 0x00000007c0000000)
 Metaspace       used 35796K, capacity 36388K, committed 36784K, reserved 1081344K
  class space    used 4103K, capacity 4255K, committed 4272K, reserved 1048576K
2016-10-23T19:10:06.675+0800: 230.853: [GC (Allocation Failure) 2016-10-23T19:10:06.675+0800: 230.853: [ParNew
Desired survivor size 20112992 bytes, new threshold 8 (max 8)
- age   1:    7016120 bytes,    7016120 total
- age   2:    1827008 bytes,    8843128 total
- age   3:    1848600 bytes,   10691728 total
- age   4:    1445096 bytes,   12136824 total
- age   5:    2539680 bytes,   14676504 total
- age   6:    2418720 bytes,   17095224 total
- age   7:    1324448 bytes,   18419672 total
- age   8:         64 bytes,   18419736 total
: 109248K->21824K(109248K), 0.0090230 secs] 304616K->223518K(502464K), 0.0090933 secs] [Times: user=0.03 sys=0.00, real=0.01 secs] 
Heap after GC invocations=448 (full 16):
 par new generation   total 109248K, used 21824K [0x00000007a0000000, 0x00000007a8000000, 0x00000007a8000000)
  eden space 87424K,   0% used [0x00000007a0000000, 0x00000007a0000000, 0x00000007a5560000)
  from space 21824K, 100% used [0x00000007a5560000, 0x00000007a6ab0000, 0x00000007a6ab0000)
  to   space 21824K,   0% used [0x00000007a6ab0000, 0x00000007a6ab0000, 0x00000007a8000000)
 concurrent mark-sweep generation total 393216K, used 201694K [0x00000007a8000000, 0x00000007c0000000, 0x00000007c0000000)
 Metaspace       used 35796K, capacity 36388K, committed 36784K, reserved 1081344K
  class space    used 4103K, capacity 4255K, committed 4272K, reserved 1048576K
}
2016-10-23T19:10:06.684+0800: 230.862: Total time for which application threads were stopped: 0.0092581 seconds, Stopping threads took: 0.0000311 seconds
2016-10-23T19:10:06.685+0800: 230.862: [GC (CMS Initial Mark) [1 CMS-initial-mark: 201694K(393216K)] 225265K(502464K), 0.0032313 secs] [Times: user=0.01 sys=0.00, real=0.00 secs] 
2016-10-23T19:10:06.688+0800: 230.866: Total time for which application threads were stopped: 0.0033850 seconds, Stopping threads took: 0.0000596 seconds
2016-10-23T19:10:06.688+0800: 230.866: [CMS-concurrent-mark-start]
2016-10-23T19:10:06.705+0800: 230.882: [CMS-concurrent-mark: 0.017/0.017 secs] [Times: user=0.08 sys=0.00, real=0.02 secs] 
2016-10-23T19:10:06.705+0800: 230.882: [CMS-concurrent-preclean-start]
2016-10-23T19:10:06.706+0800: 230.884: [CMS-concurrent-preclean: 0.001/0.001 secs] [Times: user=0.01 sys=0.00, real=0.00 secs] 
2016-10-23T19:10:06.706+0800: 230.884: [CMS-concurrent-abortable-preclean-start]
2016-10-23T19:10:06.833+0800: 231.011: [CMS-concurrent-abortable-preclean: 0.127/0.127 secs] [Times: user=0.25 sys=0.00, real=0.13 secs] 
2016-10-23T19:10:06.833+0800: 231.011: [GC (CMS Final Remark) [YG occupancy: 76266 K (109248 K)]{Heap before GC invocations=448 (full 17):
 par new generation   total 109248K, used 76266K [0x00000007a0000000, 0x00000007a8000000, 0x00000007a8000000)
  eden space 87424K,  62% used [0x00000007a0000000, 0x00000007a352a950, 0x00000007a5560000)
  from space 21824K, 100% used [0x00000007a5560000, 0x00000007a6ab0000, 0x00000007a6ab0000)
  to   space 21824K,   0% used [0x00000007a6ab0000, 0x00000007a6ab0000, 0x00000007a8000000)
 concurrent mark-sweep generation total 393216K, used 201694K [0x00000007a8000000, 0x00000007c0000000, 0x00000007c0000000)
 Metaspace       used 35796K, capacity 36388K, committed 36784K, reserved 1081344K
  class space    used 4103K, capacity 4255K, committed 4272K, reserved 1048576K
2016-10-23T19:10:06.833+0800: 231.011: [GC (CMS Final Remark) 2016-10-23T19:10:06.833+0800: 231.011: [ParNew
Desired survivor size 20112992 bytes, new threshold 8 (max 8)
- age   1:    6051368 bytes,    6051368 total
- age   2:    3913848 bytes,    9965216 total
- age   3:    1686752 bytes,   11651968 total
- age   4:    1159896 bytes,   12811864 total
- age   5:    1410336 bytes,   14222200 total
- age   6:    2203744 bytes,   16425944 total
- age   7:    1269744 bytes,   17695688 total
- age   8:    1249552 bytes,   18945240 total
: 76266K->21824K(109248K), 0.0083566 secs] 277960K->227700K(502464K), 0.0083967 secs] [Times: user=0.03 sys=0.00, real=0.01 secs] 
Heap after GC invocations=449 (full 17):
 par new generation   total 109248K, used 21824K [0x00000007a0000000, 0x00000007a8000000, 0x00000007a8000000)
  eden space 87424K,   0% used [0x00000007a0000000, 0x00000007a0000000, 0x00000007a5560000)
  from space 21824K, 100% used [0x00000007a6ab0000, 0x00000007a8000000, 0x00000007a8000000)
  to   space 21824K,   0% used [0x00000007a5560000, 0x00000007a5560000, 0x00000007a6ab0000)
 concurrent mark-sweep generation total 393216K, used 205876K [0x00000007a8000000, 0x00000007c0000000, 0x00000007c0000000)
 Metaspace       used 35796K, capacity 36388K, committed 36784K, reserved 1081344K
  class space    used 4103K, capacity 4255K, committed 4272K, reserved 1048576K
}
2016-10-23T19:10:06.842+0800: 231.020: [Rescan (parallel) , 0.0030666 secs]2016-10-23T19:10:06.845+0800: 231.023: [weak refs processing, 0.0010394 secs]2016-10-23T19:10:06.846+0800: 231.024: [class unloading, 0.0081774 secs]2016-10-23T19:10:06.854+0800: 231.032: [scrub symbol table, 0.0039719 secs]2016-10-23T19:10:06.858+0800: 231.036: [scrub string table, 0.0005319 secs][1 CMS-remark: 205876K(393216K)] 227700K(502464K), 0.0254432 secs] [Times: user=0.06 sys=0.00, real=0.02 secs] 
2016-10-23T19:10:06.859+0800: 231.037: Total time for which application threads were stopped: 0.0256725 seconds, Stopping threads took: 0.0001022 seconds
2016-10-23T19:10:06.859+0800: 231.037: [CMS-concurrent-sweep-start]
2016-10-23T19:10:06.903+0800: 231.081: [CMS-concurrent-sweep: 0.044/0.044 secs] [Times: user=0.08 sys=0.00, real=0.05 secs] 
2016-10-23T19:10:06.903+0800: 231.081: [CMS-concurrent-reset-start]
2016-10-23T19:10:06.904+0800: 231.082: [CMS-concurrent-reset: 0.000/0.000 secs] [Times: user=0.00 sys=0.00, real=0.00 secs] 
{Heap before GC invocations=449 (full 17):
 par new generation   total 109248K, used 109248K [0x00000007a0000000, 0x00000007a8000000, 0x00000007a8000000)
  eden space 87424K, 100% used [0x00000007a0000000, 0x00000007a5560000, 0x00000007a5560000)
  from space 21824K, 100% used [0x00000007a6ab0000, 0x00000007a8000000, 0x00000007a8000000)
  to   space 21824K,   0% used [0x00000007a5560000, 0x00000007a5560000, 0x00000007a6ab0000)
 concurrent mark-sweep generation total 393216K, used 76431K [0x00000007a8000000, 0x00000007c0000000, 0x00000007c0000000)
 Metaspace       used 35796K, capacity 36388K, committed 36784K, reserved 1081344K
  class space    used 4103K, capacity 4255K, committed 4272K, reserved 1048576K
2016-10-23T19:10:07.081+0800: 231.259: [GC (Allocation Failure) 2016-10-23T19:10:07.081+0800: 231.259: [ParNew
Desired survivor size 20112992 bytes, new threshold 8 (max 8)
- age   1:    7971744 bytes,    7971744 total
- age   2:    2857248 bytes,   10828992 total
- age   3:    2716184 bytes,   13545176 total
- age   4:    1528312 bytes,   15073488 total
- age   5:     995384 bytes,   16068872 total
- age   6:    1373400 bytes,   17442272 total
- age   7:    2258800 bytes,   19701072 total
- age   8:    1143200 bytes,   20844272 total
: 109248K->21824K(109248K), 0.0096052 secs] 185679K->101678K(502464K), 0.0096812 secs] [Times: user=0.04 sys=0.01, real=0.01 secs] 
Heap after GC invocations=450 (full 17):
 par new generation   total 109248K, used 21824K [0x00000007a0000000, 0x00000007a8000000, 0x00000007a8000000)
  eden space 87424K,   0% used [0x00000007a0000000, 0x00000007a0000000, 0x00000007a5560000)
  from space 21824K, 100% used [0x00000007a5560000, 0x00000007a6ab0000, 0x00000007a6ab0000)
  to   space 21824K,   0% used [0x00000007a6ab0000, 0x00000007a6ab0000, 0x00000007a8000000)
 concurrent mark-sweep generation total 393216K, used 79854K [0x00000007a8000000, 0x00000007c0000000, 0x00000007c0000000)
 Metaspace       used 35796K, capacity 36388K, committed 36784K, reserved 1081344K
  class space    used 4103K, capacity 4255K, committed 4272K, reserved 1048576K
}
2016-10-23T19:10:07.090+0800: 231.268: Total time for which application threads were stopped: 0.0098418 seconds, Stopping threads took: 0.0000304 seconds
{Heap before GC invocations=450 (full 17):
 par new generation   total 109248K, used 109248K [0x00000007a0000000, 0x00000007a8000000, 0x00000007a8000000)
  eden space 87424K, 100% used [0x00000007a0000000, 0x00000007a5560000, 0x00000007a5560000)
  from space 21824K, 100% used [0x00000007a5560000, 0x00000007a6ab0000, 0x00000007a6ab0000)
  to   space 21824K,   0% used [0x00000007a6ab0000, 0x00000007a6ab0000, 0x00000007a8000000)
 concurrent mark-sweep generation total 393216K, used 79854K [0x00000007a8000000, 0x00000007c0000000, 0x00000007c0000000)
 Metaspace       used 35796K, capacity 36388K, committed 36784K, reserved 1081344K
  class space    used 4103K, capacity 4255K, committed 4272K, reserved 1048576K
2016-10-23T19:10:07.309+0800: 231.487: [GC (Allocation Failure) 2016-10-23T19:10:07.309+0800: 231.487: [ParNew
Desired survivor size 20112992 bytes, new threshold 8 (max 8)
- age   1:    8035280 bytes,    8035280 total
- age   2:    2140816 bytes,   10176096 total
- age   3:    2052200 bytes,   12228296 total
- age   4:    1564256 bytes,   13792552 total
- age   5:    1469144 bytes,   15261696 total
- age   6:     934200 bytes,   16195896 total
- age   7:    1181608 bytes,   17377504 total
- age   8:    2002160 bytes,   19379664 total
: 109248K->21824K(109248K), 0.0101585 secs] 189102K->105676K(502464K), 0.0102139 secs] [Times: user=0.03 sys=0.00, real=0.01 secs] 
Heap after GC invocations=451 (full 17):
 par new generation   total 109248K, used 21824K [0x00000007a0000000, 0x00000007a8000000, 0x00000007a8000000)
  eden space 87424K,   0% used [0x00000007a0000000, 0x00000007a0000000, 0x00000007a5560000)
  from space 21824K, 100% used [0x00000007a6ab0000, 0x00000007a8000000, 0x00000007a8000000)
  to   space 21824K,   0% used [0x00000007a5560000, 0x00000007a5560000, 0x00000007a6ab0000)
 concurrent mark-sweep generation total 393216K, used 83852K [0x00000007a8000000, 0x00000007c0000000, 0x00000007c0000000)
 Metaspace       used 35796K, capacity 36388K, committed 36784K, reserved 1081344K
  class space    used 4103K, capacity 4255K, committed 4272K, reserved 1048576K
}
2016-10-23T19:10:07.319+0800: 231.497: Total time for which application threads were stopped: 0.0103873 seconds, Stopping threads took: 0.0000309 seconds
{Heap before GC invocations=451 (full 17):
 par new generation   total 109248K, used 109248K [0x00000007a0000000, 0x00000007a8000000, 0x00000007a8000000)
  eden space 87424K, 100% used [0x00000007a0000000, 0x00000007a5560000, 0x00000007a5560000)
  from space 21824K, 100% used [0x00000007a6ab0000, 0x00000007a8000000, 0x00000007a8000000)
  to   space 21824K,   0% used [0x00000007a5560000, 0x00000007a5560000, 0x00000007a6ab0000)
 concurrent mark-sweep generation total 393216K, used 83852K [0x00000007a8000000, 0x00000007c0000000, 0x00000007c0000000)
 Metaspace       used 35796K, capacity 36388K, committed 36784K, reserved 1081344K
  class space    used 4103K, capacity 4255K, committed 4272K, reserved 1048576K
2016-10-23T19:10:07.542+0800: 231.719: [GC (Allocation Failure) 2016-10-23T19:10:07.542+0800: 231.719: [ParNew
Desired survivor size 20112992 bytes, new threshold 8 (max 8)
- age   1:    9653392 bytes,    9653392 total
- age   2:    1378192 bytes,   11031584 total
- age   3:    2092104 bytes,   13123688 total
- age   4:    1500168 bytes,   14623856 total
- age   5:    1521320 bytes,   16145176 total
- age   6:    1132544 bytes,   17277720 total
- age   7:     893312 bytes,   18171032 total
- age   8:    1137224 bytes,   19308256 total
: 109248K->21824K(109248K), 0.0090815 secs] 193100K->109379K(502464K), 0.0091466 secs] [Times: user=0.04 sys=0.00, real=0.01 secs] 
Heap after GC invocations=452 (full 17):
 par new generation   total 109248K, used 21824K [0x00000007a0000000, 0x00000007a8000000, 0x00000007a8000000)
  eden space 87424K,   0% used [0x00000007a0000000, 0x00000007a0000000, 0x00000007a5560000)
  from space 21824K, 100% used [0x00000007a5560000, 0x00000007a6ab0000, 0x00000007a6ab0000)
  to   space 21824K,   0% used [0x00000007a6ab0000, 0x00000007a6ab0000, 0x00000007a8000000)
 concurrent mark-sweep generation total 393216K, used 87555K [0x00000007a8000000, 0x00000007c0000000, 0x00000007c0000000)
 Metaspace       used 35796K, capacity 36388K, committed 36784K, reserved 1081344K
  class space    used 4103K, capacity 4255K, committed 4272K, reserved 1048576K
}
2016-10-23T19:10:07.551+0800: 231.729: Total time for which application threads were stopped: 0.0093160 seconds, Stopping threads took: 0.0000309 seconds
{Heap before GC invocations=452 (full 17):
 par new generation   total 109248K, used 109248K [0x00000007a0000000, 0x00000007a8000000, 0x00000007a8000000)
  eden space 87424K, 100% used [0x00000007a0000000, 0x00000007a5560000, 0x00000007a5560000)
  from space 21824K, 100% used [0x00000007a5560000, 0x00000007a6ab0000, 0x00000007a6ab0000)
  to   space 21824K,   0% used [0x00000007a6ab0000, 0x00000007a6ab0000, 0x00000007a8000000)
 concurrent mark-sweep generation total 393216K, used 87555K [0x00000007a8000000, 0x00000007c0000000, 0x00000007c0000000)
 Metaspace       used 35796K, capacity 36388K, committed 36784K, reserved 1081344K
  class space    used 4103K, capacity 4255K, committed 4272K, reserved 1048576K
2016-10-23T19:10:07.788+0800: 231.966: [GC (Allocation Failure) 2016-10-23T19:10:07.788+0800: 231.966: [ParNew
Desired survivor size 20112992 bytes, new threshold 8 (max 8)
- age   1:    6263560 bytes,    6263560 total
- age   2:    5830120 bytes,   12093680 total
- age   3:    1180888 bytes,   13274568 total
- age   4:    2044480 bytes,   15319048 total
- age   5:    1476480 bytes,   16795528 total
- age   6:    1480304 bytes,   18275832 total
- age   7:    1094056 bytes,   19369888 total
- age   8:     851688 bytes,   20221576 total
: 109248K->21824K(109248K), 0.0090762 secs] 196803K->112012K(502464K), 0.0091644 secs] [Times: user=0.03 sys=0.00, real=0.01 secs] 
Heap after GC invocations=453 (full 17):
 par new generation   total 109248K, used 21824K [0x00000007a0000000, 0x00000007a8000000, 0x00000007a8000000)
  eden space 87424K,   0% used [0x00000007a0000000, 0x00000007a0000000, 0x00000007a5560000)
  from space 21824K, 100% used [0x00000007a6ab0000, 0x00000007a8000000, 0x00000007a8000000)
  to   space 21824K,   0% used [0x00000007a5560000, 0x00000007a5560000, 0x00000007a6ab0000)
 concurrent mark-sweep generation total 393216K, used 90188K [0x00000007a8000000, 0x00000007c0000000, 0x00000007c0000000)
 Metaspace       used 35796K, capacity 36388K, committed 36784K, reserved 1081344K
  class space    used 4103K, capacity 4255K, committed 4272K, reserved 1048576K
}
2016-10-23T19:10:07.797+0800: 231.975: Total time for which application threads were stopped: 0.0093277 seconds, Stopping threads took: 0.0000234 seconds
{Heap before GC invocations=453 (full 17):
 par new generation   total 109248K, used 109248K [0x00000007a0000000, 0x00000007a8000000, 0x00000007a8000000)
  eden space 87424K, 100% used [0x00000007a0000000, 0x00000007a5560000, 0x00000007a5560000)
  from space 21824K, 100% used [0x00000007a6ab0000, 0x00000007a8000000, 0x00000007a8000000)
  to   space 21824K,   0% used [0x00000007a5560000, 0x00000007a5560000, 0x00000007a6ab0000)
 concurrent mark-sweep generation total 393216K, used 90188K [0x00000007a8000000, 0x00000007c0000000, 0x00000007c0000000)
 Metaspace       used 35796K, capacity 36388K, committed 36784K, reserved 1081344K
  class space    used 4103K, capacity 4255K, committed 4272K, reserved 1048576K
2016-10-23T19:10:08.037+0800: 232.215: [GC (Allocation Failure) 2016-10-23T19:10:08.037+0800: 232.215: [ParNew
Desired survivor size 20112992 bytes, new threshold 8 (max 8)
- age   1:    5426688 bytes,    5426688 total
- age   2:    3096808 bytes,    8523496 total
- age   3:    2805032 bytes,   11328528 total
- age   4:    1165048 bytes,   12493576 total
- age   5:    2029248 bytes,   14522824 total
- age   6:    1469024 bytes,   15991848 total
- age   7:    1454624 bytes,   17446472 total
- age   8:    1072968 bytes,   18519440 total
: 109248K->21824K(109248K), 0.0097086 secs] 199436K->117859K(502464K), 0.0097811 secs] [Times: user=0.04 sys=0.00, real=0.01 secs] 
Heap after GC invocations=454 (full 17):
 par new generation   total 109248K, used 21824K [0x00000007a0000000, 0x00000007a8000000, 0x00000007a8000000)
  eden space 87424K,   0% used [0x00000007a0000000, 0x00000007a0000000, 0x00000007a5560000)
  from space 21824K, 100% used [0x00000007a5560000, 0x00000007a6ab0000, 0x00000007a6ab0000)
  to   space 21824K,   0% used [0x00000007a6ab0000, 0x00000007a6ab0000, 0x00000007a8000000)
 concurrent mark-sweep generation total 393216K, used 96035K [0x00000007a8000000, 0x00000007c0000000, 0x00000007c0000000)
 Metaspace       used 35796K, capacity 36388K, committed 36784K, reserved 1081344K
  class space    used 4103K, capacity 4255K, committed 4272K, reserved 1048576K
}
2016-10-23T19:10:08.047+0800: 232.225: Total time for which application threads were stopped: 0.0099510 seconds, Stopping threads took: 0.0000293 seconds
{Heap before GC invocations=454 (full 17):
 par new generation   total 109248K, used 109248K [0x00000007a0000000, 0x00000007a8000000, 0x00000007a8000000)
  eden space 87424K, 100% used [0x00000007a0000000, 0x00000007a5560000, 0x00000007a5560000)
  from space 21824K, 100% used [0x00000007a5560000, 0x00000007a6ab0000, 0x00000007a6ab0000)
  to   space 21824K,   0% used [0x00000007a6ab0000, 0x00000007a6ab0000, 0x00000007a8000000)
 concurrent mark-sweep generation total 393216K, used 96035K [0x00000007a8000000, 0x00000007c0000000, 0x00000007c0000000)
 Metaspace       used 35796K, capacity 36388K, committed 36784K, reserved 1081344K
  class space    used 4103K, capacity 4255K, committed 4272K, reserved 1048576K
2016-10-23T19:10:08.298+0800: 232.476: [GC (Allocation Failure) 2016-10-23T19:10:08.298+0800: 232.476: [ParNew
Desired survivor size 20112992 bytes, new threshold 8 (max 8)
- age   1:    5603456 bytes,    5603456 total
- age   2:    4219416 bytes,    9822872 total
- age   3:    2178192 bytes,   12001064 total
- age   4:    2703336 bytes,   14704400 total
- age   5:    1074384 bytes,   15778784 total
- age   6:    1951096 bytes,   17729880 total
- age   7:    1301000 bytes,   19030880 total
- age   8:     861040 bytes,   19891920 total
: 109248K->21824K(109248K), 0.0100104 secs] 205283K->128977K(502464K), 0.0100914 secs] [Times: user=0.03 sys=0.00, real=0.01 secs] 
Heap after GC invocations=455 (full 17):
 par new generation   total 109248K, used 21824K [0x00000007a0000000, 0x00000007a8000000, 0x00000007a8000000)
  eden space 87424K,   0% used [0x00000007a0000000, 0x00000007a0000000, 0x00000007a5560000)
  from space 21824K, 100% used [0x00000007a6ab0000, 0x00000007a8000000, 0x00000007a8000000)
  to   space 21824K,   0% used [0x00000007a5560000, 0x00000007a5560000, 0x00000007a6ab0000)
 concurrent mark-sweep generation total 393216K, used 107153K [0x00000007a8000000, 0x00000007c0000000, 0x00000007c0000000)
 Metaspace       used 35796K, capacity 36388K, committed 36784K, reserved 1081344K
  class space    used 4103K, capacity 4255K, committed 4272K, reserved 1048576K
}
2016-10-23T19:10:08.308+0800: 232.486: Total time for which application threads were stopped: 0.0102711 seconds, Stopping threads took: 0.0000222 seconds
{Heap before GC invocations=455 (full 17):
 par new generation   total 109248K, used 109248K [0x00000007a0000000, 0x00000007a8000000, 0x00000007a8000000)
  eden space 87424K, 100% used [0x00000007a0000000, 0x00000007a5560000, 0x00000007a5560000)
  from space 21824K, 100% used [0x00000007a6ab0000, 0x00000007a8000000, 0x00000007a8000000)
  to   space 21824K,   0% used [0x00000007a5560000, 0x00000007a5560000, 0x00000007a6ab0000)
 concurrent mark-sweep generation total 393216K, used 107153K [0x00000007a8000000, 0x00000007c0000000, 0x00000007c0000000)
 Metaspace       used 35796K, capacity 36388K, committed 36784K, reserved 1081344K
  class space    used 4103K, capacity 4255K, committed 4272K, reserved 1048576K
2016-10-23T19:10:08.546+0800: 232.724: [GC (Allocation Failure) 2016-10-23T19:10:08.546+0800: 232.724: [ParNew
Desired survivor size 20112992 bytes, new threshold 8 (max 8)
- age   1:    4495224 bytes,    4495224 total
- age   2:    5177832 bytes,    9673056 total
- age   3:    1896120 bytes,   11569176 total
- age   4:    2152344 bytes,   13721520 total
- age   5:    2409952 bytes,   16131472 total
- age   6:    1042848 bytes,   17174320 total
- age   7:    1921168 bytes,   19095488 total
- age   8:    1155152 bytes,   20250640 total
: 109248K->21824K(109248K), 0.0093914 secs] 216401K->134189K(502464K), 0.0094808 secs] [Times: user=0.03 sys=0.00, real=0.01 secs] 
Heap after GC invocations=456 (full 17):
 par new generation   total 109248K, used 21824K [0x00000007a0000000, 0x00000007a8000000, 0x00000007a8000000)
  eden space 87424K,   0% used [0x00000007a0000000, 0x00000007a0000000, 0x00000007a5560000)
  from space 21824K, 100% used [0x00000007a5560000, 0x00000007a6ab0000, 0x00000007a6ab0000)
  to   space 21824K,   0% used [0x00000007a6ab0000, 0x00000007a6ab0000, 0x00000007a8000000)
 concurrent mark-sweep generation total 393216K, used 112365K [0x00000007a8000000, 0x00000007c0000000, 0x00000007c0000000)
 Metaspace       used 35796K, capacity 36388K, committed 36784K, reserved 1081344K
  class space    used 4103K, capacity 4255K, committed 4272K, reserved 1048576K
}
2016-10-23T19:10:08.556+0800: 232.734: Total time for which application threads were stopped: 0.0096549 seconds, Stopping threads took: 0.0000298 seconds
{Heap before GC invocations=456 (full 17):
 par new generation   total 109248K, used 109248K [0x00000007a0000000, 0x00000007a8000000, 0x00000007a8000000)
  eden space 87424K, 100% used [0x00000007a0000000, 0x00000007a5560000, 0x00000007a5560000)
  from space 21824K, 100% used [0x00000007a5560000, 0x00000007a6ab0000, 0x00000007a6ab0000)
  to   space 21824K,   0% used [0x00000007a6ab0000, 0x00000007a6ab0000, 0x00000007a8000000)
 concurrent mark-sweep generation total 393216K, used 112365K [0x00000007a8000000, 0x00000007c0000000, 0x00000007c0000000)
 Metaspace       used 35796K, capacity 36388K, committed 36784K, reserved 1081344K
  class space    used 4103K, capacity 4255K, committed 4272K, reserved 1048576K
2016-10-23T19:10:08.792+0800: 232.970: [GC (Allocation Failure) 2016-10-23T19:10:08.792+0800: 232.970: [ParNew
Desired survivor size 20112992 bytes, new threshold 8 (max 8)
- age   1:    3438672 bytes,    3438672 total
- age   2:    1964680 bytes,    5403352 total
- age   3:    4575384 bytes,    9978736 total
- age   4:    1821104 bytes,   11799840 total
- age   5:    2122752 bytes,   13922592 total
- age   6:    2387432 bytes,   16310024 total
- age   7:    1028528 bytes,   17338552 total
- age   8:    1900680 bytes,   19239232 total
: 109248K->21824K(109248K), 0.0096789 secs] 221613K->146264K(502464K), 0.0097364 secs] [Times: user=0.03 sys=0.00, real=0.01 secs] 
Heap after GC invocations=457 (full 17):
 par new generation   total 109248K, used 21824K [0x00000007a0000000, 0x00000007a8000000, 0x00000007a8000000)
  eden space 87424K,   0% used [0x00000007a0000000, 0x00000007a0000000, 0x00000007a5560000)
  from space 21824K, 100% used [0x00000007a6ab0000, 0x00000007a8000000, 0x00000007a8000000)
  to   space 21824K,   0% used [0x00000007a5560000, 0x00000007a5560000, 0x00000007a6ab0000)
 concurrent mark-sweep generation total 393216K, used 124440K [0x00000007a8000000, 0x00000007c0000000, 0x00000007c0000000)
 Metaspace       used 35796K, capacity 36388K, committed 36784K, reserved 1081344K
  class space    used 4103K, capacity 4255K, committed 4272K, reserved 1048576K
}
2016-10-23T19:10:08.802+0800: 232.980: Total time for which application threads were stopped: 0.0099028 seconds, Stopping threads took: 0.0000290 seconds
{Heap before GC invocations=457 (full 17):
 par new generation   total 109248K, used 109248K [0x00000007a0000000, 0x00000007a8000000, 0x00000007a8000000)
  eden space 87424K, 100% used [0x00000007a0000000, 0x00000007a5560000, 0x00000007a5560000)
  from space 21824K, 100% used [0x00000007a6ab0000, 0x00000007a8000000, 0x00000007a8000000)
  to   space 21824K,   0% used [0x00000007a5560000, 0x00000007a5560000, 0x00000007a6ab0000)
 concurrent mark-sweep generation total 393216K, used 124440K [0x00000007a8000000, 0x00000007c0000000, 0x00000007c0000000)
 Metaspace       used 35796K, capacity 36388K, committed 36784K, reserved 1081344K
  class space    used 4103K, capacity 4255K, committed 4272K, reserved 1048576K
2016-10-23T19:10:09.038+0800: 233.216: [GC (Allocation Failure) 2016-10-23T19:10:09.038+0800: 233.216: [ParNew
Desired survivor size 20112992 bytes, new threshold 8 (max 8)
- age   1:    4176888 bytes,    4176888 total
- age   2:    2203808 bytes,    6380696 total
- age   3:    1386200 bytes,    7766896 total
- age   4:    4342192 bytes,   12109088 total
- age   5:    1766496 bytes,   13875584 total
- age   6:    2072392 bytes,   15947976 total
- age   7:    2336392 bytes,   18284368 total
- age   8:     991624 bytes,   19275992 total
: 109248K->21824K(109248K), 0.0097907 secs] 233688K->151314K(502464K), 0.0098681 secs] [Times: user=0.03 sys=0.00, real=0.01 secs] 
Heap after GC invocations=458 (full 17):
 par new generation   total 109248K, used 21824K [0x00000007a0000000, 0x00000007a8000000, 0x00000007a8000000)
  eden space 87424K,   0% used [0x00000007a0000000, 0x00000007a0000000, 0x00000007a5560000)
  from space 21824K, 100% used [0x00000007a5560000, 0x00000007a6ab0000, 0x00000007a6ab0000)
  to   space 21824K,   0% used [0x00000007a6ab0000, 0x00000007a6ab0000, 0x00000007a8000000)
 concurrent mark-sweep generation total 393216K, used 129490K [0x00000007a8000000, 0x00000007c0000000, 0x00000007c0000000)
 Metaspace       used 35796K, capacity 36388K, committed 36784K, reserved 1081344K
  class space    used 4103K, capacity 4255K, committed 4272K, reserved 1048576K
}
2016-10-23T19:10:09.048+0800: 233.226: Total time for which application threads were stopped: 0.0100476 seconds, Stopping threads took: 0.0000312 seconds
{Heap before GC invocations=458 (full 17):
 par new generation   total 109248K, used 109248K [0x00000007a0000000, 0x00000007a8000000, 0x00000007a8000000)
  eden space 87424K, 100% used [0x00000007a0000000, 0x00000007a5560000, 0x00000007a5560000)
  from space 21824K, 100% used [0x00000007a5560000, 0x00000007a6ab0000, 0x00000007a6ab0000)
  to   space 21824K,   0% used [0x00000007a6ab0000, 0x00000007a6ab0000, 0x00000007a8000000)
 concurrent mark-sweep generation total 393216K, used 129490K [0x00000007a8000000, 0x00000007c0000000, 0x00000007c0000000)
 Metaspace       used 35796K, capacity 36388K, committed 36784K, reserved 1081344K
  class space    used 4103K, capacity 4255K, committed 4272K, reserved 1048576K
2016-10-23T19:10:09.273+0800: 233.451: [GC (Allocation Failure) 2016-10-23T19:10:09.273+0800: 233.451: [ParNew
Desired survivor size 20112992 bytes, new threshold 8 (max 8)
- age   1:    4311888 bytes,    4311888 total
- age   2:    3074424 bytes,    7386312 total
- age   3:    1486056 bytes,    8872368 total
- age   4:    1206344 bytes,   10078712 total
- age   5:    4336792 bytes,   14415504 total
- age   6:    1756696 bytes,   16172200 total
- age   7:    2030880 bytes,   18203080 total
- age   8:    2331848 bytes,   20534928 total
: 109248K->21824K(109248K), 0.0097466 secs] 238738K->161372K(502464K), 0.0098232 secs] [Times: user=0.03 sys=0.00, real=0.01 secs] 
Heap after GC invocations=459 (full 17):
 par new generation   total 109248K, used 21824K [0x00000007a0000000, 0x00000007a8000000, 0x00000007a8000000)
  eden space 87424K,   0% used [0x00000007a0000000, 0x00000007a0000000, 0x00000007a5560000)
  from space 21824K, 100% used [0x00000007a6ab0000, 0x00000007a8000000, 0x00000007a8000000)
  to   space 21824K,   0% used [0x00000007a5560000, 0x00000007a5560000, 0x00000007a6ab0000)
 concurrent mark-sweep generation total 393216K, used 139548K [0x00000007a8000000, 0x00000007c0000000, 0x00000007c0000000)
 Metaspace       used 35796K, capacity 36388K, committed 36784K, reserved 1081344K
  class space    used 4103K, capacity 4255K, committed 4272K, reserved 1048576K
}
2016-10-23T19:10:09.283+0800: 233.461: Total time for which application threads were stopped: 0.0100019 seconds, Stopping threads took: 0.0000296 seconds
{Heap before GC invocations=459 (full 17):
 par new generation   total 109248K, used 109248K [0x00000007a0000000, 0x00000007a8000000, 0x00000007a8000000)
  eden space 87424K, 100% used [0x00000007a0000000, 0x00000007a5560000, 0x00000007a5560000)
  from space 21824K, 100% used [0x00000007a6ab0000, 0x00000007a8000000, 0x00000007a8000000)
  to   space 21824K,   0% used [0x00000007a5560000, 0x00000007a5560000, 0x00000007a6ab0000)
 concurrent mark-sweep generation total 393216K, used 139548K [0x00000007a8000000, 0x00000007c0000000, 0x00000007c0000000)
 Metaspace       used 35796K, capacity 36388K, committed 36784K, reserved 1081344K
  class space    used 4103K, capacity 4255K, committed 4272K, reserved 1048576K
2016-10-23T19:10:09.543+0800: 233.721: [GC (Allocation Failure) 2016-10-23T19:10:09.543+0800: 233.721: [ParNew
Desired survivor size 20112992 bytes, new threshold 8 (max 8)
- age   1:    3808040 bytes,    3808040 total
- age   2:    4013376 bytes,    7821416 total
- age   3:    2273256 bytes,   10094672 total
- age   4:    1309360 bytes,   11404032 total
- age   5:    1198704 bytes,   12602736 total
- age   6:    4334064 bytes,   16936800 total
- age   7:    1754416 bytes,   18691216 total
- age   8:    2029448 bytes,   20720664 total
: 109248K->21824K(109248K), 0.0128210 secs] 248796K->166298K(502464K), 0.0128643 secs] [Times: user=0.05 sys=0.00, real=0.01 secs] 
Heap after GC invocations=460 (full 17):
 par new generation   total 109248K, used 21824K [0x00000007a0000000, 0x00000007a8000000, 0x00000007a8000000)
  eden space 87424K,   0% used [0x00000007a0000000, 0x00000007a0000000, 0x00000007a5560000)
  from space 21824K, 100% used [0x00000007a5560000, 0x00000007a6ab0000, 0x00000007a6ab0000)
  to   space 21824K,   0% used [0x00000007a6ab0000, 0x00000007a6ab0000, 0x00000007a8000000)
 concurrent mark-sweep generation total 393216K, used 144474K [0x00000007a8000000, 0x00000007c0000000, 0x00000007c0000000)
 Metaspace       used 35796K, capacity 36388K, committed 36784K, reserved 1081344K
  class space    used 4103K, capacity 4255K, committed 4272K, reserved 1048576K
}
2016-10-23T19:10:09.556+0800: 233.734: Total time for which application threads were stopped: 0.0130145 seconds, Stopping threads took: 0.0000192 seconds
{Heap before GC invocations=460 (full 17):
 par new generation   total 109248K, used 109248K [0x00000007a0000000, 0x00000007a8000000, 0x00000007a8000000)
  eden space 87424K, 100% used [0x00000007a0000000, 0x00000007a5560000, 0x00000007a5560000)
  from space 21824K, 100% used [0x00000007a5560000, 0x00000007a6ab0000, 0x00000007a6ab0000)
  to   space 21824K,   0% used [0x00000007a6ab0000, 0x00000007a6ab0000, 0x00000007a8000000)
 concurrent mark-sweep generation total 393216K, used 144474K [0x00000007a8000000, 0x00000007c0000000, 0x00000007c0000000)
 Metaspace       used 35796K, capacity 36388K, committed 36784K, reserved 1081344K
  class space    used 4103K, capacity 4255K, committed 4272K, reserved 1048576K
2016-10-23T19:10:09.822+0800: 234.000: [GC (Allocation Failure) 2016-10-23T19:10:09.822+0800: 234.000: [ParNew
Desired survivor size 20112992 bytes, new threshold 8 (max 8)
- age   1:    5836968 bytes,    5836968 total
- age   2:    2754464 bytes,    8591432 total
- age   3:    2300880 bytes,   10892312 total
- age   4:    2273112 bytes,   13165424 total
- age   5:    1309296 bytes,   14474720 total
- age   6:    1198640 bytes,   15673360 total
- age   7:    4322944 bytes,   19996304 total
- age   8:    1754392 bytes,   21750696 total
: 109248K->21824K(109248K), 0.0106260 secs] 253722K->177597K(502464K), 0.0106856 secs] [Times: user=0.04 sys=0.00, real=0.01 secs] 
Heap after GC invocations=461 (full 17):
 par new generation   total 109248K, used 21824K [0x00000007a0000000, 0x00000007a8000000, 0x00000007a8000000)
  eden space 87424K,   0% used [0x00000007a0000000, 0x00000007a0000000, 0x00000007a5560000)
  from space 21824K, 100% used [0x00000007a6ab0000, 0x00000007a8000000, 0x00000007a8000000)
  to   space 21824K,   0% used [0x00000007a5560000, 0x00000007a5560000, 0x00000007a6ab0000)
 concurrent mark-sweep generation total 393216K, used 155773K [0x00000007a8000000, 0x00000007c0000000, 0x00000007c0000000)
 Metaspace       used 35796K, capacity 36388K, committed 36784K, reserved 1081344K
  class space    used 4103K, capacity 4255K, committed 4272K, reserved 1048576K
}
2016-10-23T19:10:09.833+0800: 234.011: Total time for which application threads were stopped: 0.0108359 seconds, Stopping threads took: 0.0000176 seconds
{Heap before GC invocations=461 (full 17):
 par new generation   total 109248K, used 109248K [0x00000007a0000000, 0x00000007a8000000, 0x00000007a8000000)
  eden space 87424K, 100% used [0x00000007a0000000, 0x00000007a5560000, 0x00000007a5560000)
  from space 21824K, 100% used [0x00000007a6ab0000, 0x00000007a8000000, 0x00000007a8000000)
  to   space 21824K,   0% used [0x00000007a5560000, 0x00000007a5560000, 0x00000007a6ab0000)
 concurrent mark-sweep generation total 393216K, used 155773K [0x00000007a8000000, 0x00000007c0000000, 0x00000007c0000000)
 Metaspace       used 35796K, capacity 36388K, committed 36784K, reserved 1081344K
  class space    used 4103K, capacity 4255K, committed 4272K, reserved 1048576K
2016-10-23T19:10:10.091+0800: 234.269: [GC (Allocation Failure) 2016-10-23T19:10:10.091+0800: 234.269: [ParNew
Desired survivor size 20112992 bytes, new threshold 8 (max 8)
- age   1:    2153856 bytes,    2153856 total
- age   2:    4455960 bytes,    6609816 total
- age   3:    1613160 bytes,    8222976 total
- age   4:    2244832 bytes,   10467808 total
- age   5:    2199328 bytes,   12667136 total
- age   6:    1274048 bytes,   13941184 total
- age   7:    1167360 bytes,   15108544 total
- age   8:    4299304 bytes,   19407848 total
: 109248K->21824K(109248K), 0.0113349 secs] 265021K->184992K(502464K), 0.0114055 secs] [Times: user=0.04 sys=0.00, real=0.01 secs] 
Heap after GC invocations=462 (full 17):
 par new generation   total 109248K, used 21824K [0x00000007a0000000, 0x00000007a8000000, 0x00000007a8000000)
  eden space 87424K,   0% used [0x00000007a0000000, 0x00000007a0000000, 0x00000007a5560000)
  from space 21824K, 100% used [0x00000007a5560000, 0x00000007a6ab0000, 0x00000007a6ab0000)
  to   space 21824K,   0% used [0x00000007a6ab0000, 0x00000007a6ab0000, 0x00000007a8000000)
 concurrent mark-sweep generation total 393216K, used 163168K [0x00000007a8000000, 0x00000007c0000000, 0x00000007c0000000)
 Metaspace       used 35796K, capacity 36388K, committed 36784K, reserved 1081344K
  class space    used 4103K, capacity 4255K, committed 4272K, reserved 1048576K
}
2016-10-23T19:10:10.102+0800: 234.280: Total time for which application threads were stopped: 0.0116016 seconds, Stopping threads took: 0.0000196 seconds
{Heap before GC invocations=462 (full 17):
 par new generation   total 109248K, used 109248K [0x00000007a0000000, 0x00000007a8000000, 0x00000007a8000000)
  eden space 87424K, 100% used [0x00000007a0000000, 0x00000007a5560000, 0x00000007a5560000)
  from space 21824K, 100% used [0x00000007a5560000, 0x00000007a6ab0000, 0x00000007a6ab0000)
  to   space 21824K,   0% used [0x00000007a6ab0000, 0x00000007a6ab0000, 0x00000007a8000000)
 concurrent mark-sweep generation total 393216K, used 163168K [0x00000007a8000000, 0x00000007c0000000, 0x00000007c0000000)
 Metaspace       used 35796K, capacity 36388K, committed 36784K, reserved 1081344K
  class space    used 4103K, capacity 4255K, committed 4272K, reserved 1048576K
2016-10-23T19:10:10.342+0800: 234.520: [GC (Allocation Failure) 2016-10-23T19:10:10.342+0800: 234.520: [ParNew
Desired survivor size 20112992 bytes, new threshold 8 (max 8)
- age   1:    6264456 bytes,    6264456 total
- age   2:    2146496 bytes,    8410952 total
- age   3:    4226880 bytes,   12637832 total
- age   4:    1612600 bytes,   14250432 total
- age   5:    2243824 bytes,   16494256 total
- age   6:    2198352 bytes,   18692608 total
- age   7:    1273312 bytes,   19965920 total
- age   8:    1166464 bytes,   21132384 total
: 109248K->21824K(109248K), 0.0109511 secs] 272416K->192733K(502464K), 0.0110265 secs] [Times: user=0.04 sys=0.00, real=0.01 secs] 
Heap after GC invocations=463 (full 17):
 par new generation   total 109248K, used 21824K [0x00000007a0000000, 0x00000007a8000000, 0x00000007a8000000)
  eden space 87424K,   0% used [0x00000007a0000000, 0x00000007a0000000, 0x00000007a5560000)
  from space 21824K, 100% used [0x00000007a6ab0000, 0x00000007a8000000, 0x00000007a8000000)
  to   space 21824K,   0% used [0x00000007a5560000, 0x00000007a5560000, 0x00000007a6ab0000)
 concurrent mark-sweep generation total 393216K, used 170909K [0x00000007a8000000, 0x00000007c0000000, 0x00000007c0000000)
 Metaspace       used 35796K, capacity 36388K, committed 36784K, reserved 1081344K
  class space    used 4103K, capacity 4255K, committed 4272K, reserved 1048576K
}
2016-10-23T19:10:10.353+0800: 234.531: Total time for which application threads were stopped: 0.0112345 seconds, Stopping threads took: 0.0000292 seconds
2016-10-23T19:10:10.495+0800: 234.672: Total time for which application threads were stopped: 0.0001533 seconds, Stopping threads took: 0.0000528 seconds
{Heap before GC invocations=463 (full 17):
 par new generation   total 109248K, used 109248K [0x00000007a0000000, 0x00000007a8000000, 0x00000007a8000000)
  eden space 87424K, 100% used [0x00000007a0000000, 0x00000007a5560000, 0x00000007a5560000)
  from space 21824K, 100% used [0x00000007a6ab0000, 0x00000007a8000000, 0x00000007a8000000)
  to   space 21824K,   0% used [0x00000007a5560000, 0x00000007a5560000, 0x00000007a6ab0000)
 concurrent mark-sweep generation total 393216K, used 170909K [0x00000007a8000000, 0x00000007c0000000, 0x00000007c0000000)
 Metaspace       used 35798K, capacity 36388K, committed 36784K, reserved 1081344K
  class space    used 4103K, capacity 4255K, committed 4272K, reserved 1048576K
2016-10-23T19:10:10.558+0800: 234.736: [GC (Allocation Failure) 2016-10-23T19:10:10.558+0800: 234.736: [ParNew
Desired survivor size 20112992 bytes, new threshold 8 (max 8)
- age   1:    4280704 bytes,    4280704 total
- age   2:    4696520 bytes,    8977224 total
- age   3:    1948256 bytes,   10925480 total
- age   4:    3577768 bytes,   14503248 total
- age   5:    1426840 bytes,   15930088 total
- age   6:    1633280 bytes,   17563368 total
- age   7:     840832 bytes,   18404200 total
- age   8:    1140832 bytes,   19545032 total
: 109248K->21824K(109248K), 0.0103983 secs] 280157K->198532K(502464K), 0.0104531 secs] [Times: user=0.04 sys=0.00, real=0.01 secs] 
Heap after GC invocations=464 (full 17):
 par new generation   total 109248K, used 21824K [0x00000007a0000000, 0x00000007a8000000, 0x00000007a8000000)
  eden space 87424K,   0% used [0x00000007a0000000, 0x00000007a0000000, 0x00000007a5560000)
  from space 21824K, 100% used [0x00000007a5560000, 0x00000007a6ab0000, 0x00000007a6ab0000)
  to   space 21824K,   0% used [0x00000007a6ab0000, 0x00000007a6ab0000, 0x00000007a8000000)
 concurrent mark-sweep generation total 393216K, used 176708K [0x00000007a8000000, 0x00000007c0000000, 0x00000007c0000000)
 Metaspace       used 35798K, capacity 36388K, committed 36784K, reserved 1081344K
  class space    used 4103K, capacity 4255K, committed 4272K, reserved 1048576K
}
2016-10-23T19:10:10.569+0800: 234.747: Total time for which application threads were stopped: 0.0106397 seconds, Stopping threads took: 0.0000566 seconds
2016-10-23T19:10:10.684+0800: 234.862: Total time for which application threads were stopped: 0.0002108 seconds, Stopping threads took: 0.0001004 seconds
2016-10-23T19:10:10.684+0800: 234.862: Total time for which application threads were stopped: 0.0001262 seconds, Stopping threads took: 0.0000514 seconds
{Heap before GC invocations=464 (full 17):
 par new generation   total 109248K, used 109248K [0x00000007a0000000, 0x00000007a8000000, 0x00000007a8000000)
  eden space 87424K, 100% used [0x00000007a0000000, 0x00000007a5560000, 0x00000007a5560000)
  from space 21824K, 100% used [0x00000007a5560000, 0x00000007a6ab0000, 0x00000007a6ab0000)
  to   space 21824K,   0% used [0x00000007a6ab0000, 0x00000007a6ab0000, 0x00000007a8000000)
 concurrent mark-sweep generation total 393216K, used 176708K [0x00000007a8000000, 0x00000007c0000000, 0x00000007c0000000)
 Metaspace       used 35798K, capacity 36388K, committed 36784K, reserved 1081344K
  class space    used 4103K, capacity 4255K, committed 4272K, reserved 1048576K
2016-10-23T19:10:10.755+0800: 234.932: [GC (Allocation Failure) 2016-10-23T19:10:10.755+0800: 234.932: [ParNew
Desired survivor size 20112992 bytes, new threshold 8 (max 8)
- age   1:    2918400 bytes,    2918400 total
- age   2:    2298312 bytes,    5216712 total
- age   3:    4696520 bytes,    9913232 total
- age   4:    1948256 bytes,   11861488 total
- age   5:    3577768 bytes,   15439256 total
- age   6:    1426864 bytes,   16866120 total
- age   7:    1633280 bytes,   18499400 total
- age   8:     840832 bytes,   19340232 total
: 109248K->21824K(109248K), 0.0100644 secs] 285956K->201578K(502464K), 0.0101352 secs] [Times: user=0.04 sys=0.00, real=0.01 secs] 
Heap after GC invocations=465 (full 17):
 par new generation   total 109248K, used 21824K [0x00000007a0000000, 0x00000007a8000000, 0x00000007a8000000)
  eden space 87424K,   0% used [0x00000007a0000000, 0x00000007a0000000, 0x00000007a5560000)
  from space 21824K, 100% used [0x00000007a6ab0000, 0x00000007a8000000, 0x00000007a8000000)
  to   space 21824K,   0% used [0x00000007a5560000, 0x00000007a5560000, 0x00000007a6ab0000)
 concurrent mark-sweep generation total 393216K, used 179754K [0x00000007a8000000, 0x00000007c0000000, 0x00000007c0000000)
 Metaspace       used 35798K, capacity 36388K, committed 36784K, reserved 1081344K
  class space    used 4103K, capacity 4255K, committed 4272K, reserved 1048576K
}
2016-10-23T19:10:10.765+0800: 234.943: Total time for which application threads were stopped: 0.0103634 seconds, Stopping threads took: 0.0000866 seconds
{Heap before GC invocations=465 (full 17):
 par new generation   total 109248K, used 109248K [0x00000007a0000000, 0x00000007a8000000, 0x00000007a8000000)
  eden space 87424K, 100% used [0x00000007a0000000, 0x00000007a5560000, 0x00000007a5560000)
  from space 21824K, 100% used [0x00000007a6ab0000, 0x00000007a8000000, 0x00000007a8000000)
  to   space 21824K,   0% used [0x00000007a5560000, 0x00000007a5560000, 0x00000007a6ab0000)
 concurrent mark-sweep generation total 393216K, used 179754K [0x00000007a8000000, 0x00000007c0000000, 0x00000007c0000000)
 Metaspace       used 35798K, capacity 36388K, committed 36784K, reserved 1081344K
  class space    used 4103K, capacity 4255K, committed 4272K, reserved 1048576K
2016-10-23T19:10:11.010+0800: 235.188: [GC (Allocation Failure) 2016-10-23T19:10:11.010+0800: 235.188: [ParNew
Desired survivor size 20112992 bytes, new threshold 8 (max 8)
- age   1:    2335888 bytes,    2335888 total
- age   2:     558048 bytes,    2893936 total
- age   3:    1564248 bytes,    4458184 total
- age   4:    4673008 bytes,    9131192 total
- age   5:    1935160 bytes,   11066352 total
- age   6:    3564240 bytes,   14630592 total
- age   7:    1409864 bytes,   16040456 total
- age   8:    1619848 bytes,   17660304 total
: 109248K->21824K(109248K), 0.0101439 secs] 289002K->207385K(502464K), 0.0102255 secs] [Times: user=0.04 sys=0.00, real=0.01 secs] 
Heap after GC invocations=466 (full 17):
 par new generation   total 109248K, used 21824K [0x00000007a0000000, 0x00000007a8000000, 0x00000007a8000000)
  eden space 87424K,   0% used [0x00000007a0000000, 0x00000007a0000000, 0x00000007a5560000)
  from space 21824K, 100% used [0x00000007a5560000, 0x00000007a6ab0000, 0x00000007a6ab0000)
  to   space 21824K,   0% used [0x00000007a6ab0000, 0x00000007a6ab0000, 0x00000007a8000000)
 concurrent mark-sweep generation total 393216K, used 185561K [0x00000007a8000000, 0x00000007c0000000, 0x00000007c0000000)
 Metaspace       used 35798K, capacity 36388K, committed 36784K, reserved 1081344K
  class space    used 4103K, capacity 4255K, committed 4272K, reserved 1048576K
}
2016-10-23T19:10:11.020+0800: 235.198: Total time for which application threads were stopped: 0.0272796 seconds, Stopping threads took: 0.0169067 seconds
{Heap before GC invocations=466 (full 17):
 par new generation   total 109248K, used 109248K [0x00000007a0000000, 0x00000007a8000000, 0x00000007a8000000)
  eden space 87424K, 100% used [0x00000007a0000000, 0x00000007a5560000, 0x00000007a5560000)
  from space 21824K, 100% used [0x00000007a5560000, 0x00000007a6ab0000, 0x00000007a6ab0000)
  to   space 21824K,   0% used [0x00000007a6ab0000, 0x00000007a6ab0000, 0x00000007a8000000)
 concurrent mark-sweep generation total 393216K, used 185561K [0x00000007a8000000, 0x00000007c0000000, 0x00000007c0000000)
 Metaspace       used 35801K, capacity 36388K, committed 36784K, reserved 1081344K
  class space    used 4103K, capacity 4255K, committed 4272K, reserved 1048576K
2016-10-23T19:10:11.255+0800: 235.433: [GC (Allocation Failure) 2016-10-23T19:10:11.255+0800: 235.433: [ParNew
Desired survivor size 20112992 bytes, new threshold 8 (max 8)
- age   1:    7100160 bytes,    7100160 total
- age   2:    1222440 bytes,    8322600 total
- age   3:     556712 bytes,    8879312 total
- age   4:    1494552 bytes,   10373864 total
- age   5:    4309104 bytes,   14682968 total
- age   6:    1836664 bytes,   16519632 total
- age   7:    2964760 bytes,   19484392 total
- age   8:    1178608 bytes,   20663000 total
: 109248K->21824K(109248K), 0.0082837 secs] 294809K->210391K(502464K), 0.0083472 secs] [Times: user=0.03 sys=0.00, real=0.01 secs] 
Heap after GC invocations=467 (full 17):
 par new generation   total 109248K, used 21824K [0x00000007a0000000, 0x00000007a8000000, 0x00000007a8000000)
  eden space 87424K,   0% used [0x00000007a0000000, 0x00000007a0000000, 0x00000007a5560000)
  from space 21824K, 100% used [0x00000007a6ab0000, 0x00000007a8000000, 0x00000007a8000000)
  to   space 21824K,   0% used [0x00000007a5560000, 0x00000007a5560000, 0x00000007a6ab0000)
 concurrent mark-sweep generation total 393216K, used 188567K [0x00000007a8000000, 0x00000007c0000000, 0x00000007c0000000)
 Metaspace       used 35801K, capacity 36388K, committed 36784K, reserved 1081344K
  class space    used 4103K, capacity 4255K, committed 4272K, reserved 1048576K
}
2016-10-23T19:10:11.263+0800: 235.441: Total time for which application threads were stopped: 0.0085771 seconds, Stopping threads took: 0.0000781 seconds
{Heap before GC invocations=467 (full 17):
 par new generation   total 109248K, used 109248K [0x00000007a0000000, 0x00000007a8000000, 0x00000007a8000000)
  eden space 87424K, 100% used [0x00000007a0000000, 0x00000007a5560000, 0x00000007a5560000)
  from space 21824K, 100% used [0x00000007a6ab0000, 0x00000007a8000000, 0x00000007a8000000)
  to   space 21824K,   0% used [0x00000007a5560000, 0x00000007a5560000, 0x00000007a6ab0000)
 concurrent mark-sweep generation total 393216K, used 188567K [0x00000007a8000000, 0x00000007c0000000, 0x00000007c0000000)
 Metaspace       used 35801K, capacity 36388K, committed 36784K, reserved 1081344K
  class space    used 4103K, capacity 4255K, committed 4272K, reserved 1048576K
2016-10-23T19:10:11.353+0800: 235.531: [GC (Allocation Failure) 2016-10-23T19:10:11.353+0800: 235.531: [ParNew
Desired survivor size 20112992 bytes, new threshold 8 (max 8)
- age   1:    3882952 bytes,    3882952 total
- age   2:    3892320 bytes,    7775272 total
- age   3:    1179512 bytes,    8954784 total
- age   4:     532192 bytes,    9486976 total
- age   5:    1474760 bytes,   10961736 total
- age   6:    4305752 bytes,   15267488 total
- age   7:    1833544 bytes,   17101032 total
- age   8:    2961832 bytes,   20062864 total
: 109248K->21824K(109248K), 0.0072150 secs] 297815K->212493K(502464K), 0.0072661 secs] [Times: user=0.03 sys=0.00, real=0.01 secs] 
Heap after GC invocations=468 (full 17):
 par new generation   total 109248K, used 21824K [0x00000007a0000000, 0x00000007a8000000, 0x00000007a8000000)
  eden space 87424K,   0% used [0x00000007a0000000, 0x00000007a0000000, 0x00000007a5560000)
  from space 21824K, 100% used [0x00000007a5560000, 0x00000007a6ab0000, 0x00000007a6ab0000)
  to   space 21824K,   0% used [0x00000007a6ab0000, 0x00000007a6ab0000, 0x00000007a8000000)
 concurrent mark-sweep generation total 393216K, used 190669K [0x00000007a8000000, 0x00000007c0000000, 0x00000007c0000000)
 Metaspace       used 35801K, capacity 36388K, committed 36784K, reserved 1081344K
  class space    used 4103K, capacity 4255K, committed 4272K, reserved 1048576K
}
2016-10-23T19:10:11.360+0800: 235.538: Total time for which application threads were stopped: 0.0074961 seconds, Stopping threads took: 0.0001046 seconds
{Heap before GC invocations=468 (full 17):
 par new generation   total 109248K, used 109248K [0x00000007a0000000, 0x00000007a8000000, 0x00000007a8000000)
  eden space 87424K, 100% used [0x00000007a0000000, 0x00000007a5560000, 0x00000007a5560000)
  from space 21824K, 100% used [0x00000007a5560000, 0x00000007a6ab0000, 0x00000007a6ab0000)
  to   space 21824K,   0% used [0x00000007a6ab0000, 0x00000007a6ab0000, 0x00000007a8000000)
 concurrent mark-sweep generation total 393216K, used 190669K [0x00000007a8000000, 0x00000007c0000000, 0x00000007c0000000)
 Metaspace       used 35801K, capacity 36388K, committed 36784K, reserved 1081344K
  class space    used 4103K, capacity 4255K, committed 4272K, reserved 1048576K
2016-10-23T19:10:11.436+0800: 235.614: [GC (Allocation Failure) 2016-10-23T19:10:11.436+0800: 235.614: [ParNew
Desired survivor size 20112992 bytes, new threshold 8 (max 8)
- age   1:    2775872 bytes,    2775872 total
- age   2:    1667464 bytes,    4443336 total
- age   3:    3031144 bytes,    7474480 total
- age   4:    1136248 bytes,    8610728 total
- age   5:     461424 bytes,    9072152 total
- age   6:     746944 bytes,    9819096 total
- age   7:    4295656 bytes,   14114752 total
- age   8:    1823168 bytes,   15937920 total
: 109248K->21824K(109248K), 0.0066696 secs] 299917K->217444K(502464K), 0.0067370 secs] [Times: user=0.02 sys=0.00, real=0.01 secs] 
Heap after GC invocations=469 (full 17):
 par new generation   total 109248K, used 21824K [0x00000007a0000000, 0x00000007a8000000, 0x00000007a8000000)
  eden space 87424K,   0% used [0x00000007a0000000, 0x00000007a0000000, 0x00000007a5560000)
  from space 21824K, 100% used [0x00000007a6ab0000, 0x00000007a8000000, 0x00000007a8000000)
  to   space 21824K,   0% used [0x00000007a5560000, 0x00000007a5560000, 0x00000007a6ab0000)
 concurrent mark-sweep generation total 393216K, used 195620K [0x00000007a8000000, 0x00000007c0000000, 0x00000007c0000000)
 Metaspace       used 35801K, capacity 36388K, committed 36784K, reserved 1081344K
  class space    used 4103K, capacity 4255K, committed 4272K, reserved 1048576K
}
2016-10-23T19:10:11.443+0800: 235.621: Total time for which application threads were stopped: 0.0070197 seconds, Stopping threads took: 0.0001020 seconds
{Heap before GC invocations=469 (full 17):
 par new generation   total 109248K, used 109248K [0x00000007a0000000, 0x00000007a8000000, 0x00000007a8000000)
  eden space 87424K, 100% used [0x00000007a0000000, 0x00000007a5560000, 0x00000007a5560000)
  from space 21824K, 100% used [0x00000007a6ab0000, 0x00000007a8000000, 0x00000007a8000000)
  to   space 21824K,   0% used [0x00000007a5560000, 0x00000007a5560000, 0x00000007a6ab0000)
 concurrent mark-sweep generation total 393216K, used 195620K [0x00000007a8000000, 0x00000007c0000000, 0x00000007c0000000)
 Metaspace       used 35801K, capacity 36388K, committed 36784K, reserved 1081344K
  class space    used 4103K, capacity 4255K, committed 4272K, reserved 1048576K
2016-10-23T19:10:11.485+0800: 235.663: [GC (Allocation Failure) 2016-10-23T19:10:11.485+0800: 235.663: [ParNew
Desired survivor size 20112992 bytes, new threshold 8 (max 8)
- age   1:    2329672 bytes,    2329672 total
- age   2:    2287360 bytes,    4617032 total
- age   3:     552464 bytes,    5169496 total
- age   4:    3022672 bytes,    8192168 total
- age   5:    1136248 bytes,    9328416 total
- age   6:     461424 bytes,    9789840 total
- age   7:     746944 bytes,   10536784 total
- age   8:    4295656 bytes,   14832440 total
: 109248K->19402K(109248K), 0.0062909 secs] 304868K->216811K(502464K), 0.0063500 secs] [Times: user=0.02 sys=0.00, real=0.01 secs] 
Heap after GC invocations=470 (full 17):
 par new generation   total 109248K, used 19402K [0x00000007a0000000, 0x00000007a8000000, 0x00000007a8000000)
  eden space 87424K,   0% used [0x00000007a0000000, 0x00000007a0000000, 0x00000007a5560000)
  from space 21824K,  88% used [0x00000007a5560000, 0x00000007a68528d0, 0x00000007a6ab0000)
  to   space 21824K,   0% used [0x00000007a6ab0000, 0x00000007a6ab0000, 0x00000007a8000000)
 concurrent mark-sweep generation total 393216K, used 197409K [0x00000007a8000000, 0x00000007c0000000, 0x00000007c0000000)
 Metaspace       used 35801K, capacity 36388K, committed 36784K, reserved 1081344K
  class space    used 4103K, capacity 4255K, committed 4272K, reserved 1048576K
}
2016-10-23T19:10:11.491+0800: 235.669: Total time for which application threads were stopped: 0.0065228 seconds, Stopping threads took: 0.0000312 seconds
2016-10-23T19:10:11.492+0800: 235.670: [GC (CMS Initial Mark) [1 CMS-initial-mark: 197409K(393216K)] 218602K(502464K), 0.0019164 secs] [Times: user=0.01 sys=0.00, real=0.00 secs] 
2016-10-23T19:10:11.494+0800: 235.672: Total time for which application threads were stopped: 0.0020932 seconds, Stopping threads took: 0.0000799 seconds
2016-10-23T19:10:11.494+0800: 235.672: [CMS-concurrent-mark-start]
2016-10-23T19:10:11.525+0800: 235.703: [CMS-concurrent-mark: 0.031/0.031 secs] [Times: user=0.18 sys=0.00, real=0.03 secs] 
2016-10-23T19:10:11.525+0800: 235.703: [CMS-concurrent-preclean-start]
2016-10-23T19:10:11.526+0800: 235.704: [CMS-concurrent-preclean: 0.001/0.001 secs] [Times: user=0.00 sys=0.00, real=0.00 secs] 
2016-10-23T19:10:11.526+0800: 235.704: [CMS-concurrent-abortable-preclean-start]
{Heap before GC invocations=470 (full 18):
 par new generation   total 109248K, used 106826K [0x00000007a0000000, 0x00000007a8000000, 0x00000007a8000000)
  eden space 87424K, 100% used [0x00000007a0000000, 0x00000007a5560000, 0x00000007a5560000)
  from space 21824K,  88% used [0x00000007a5560000, 0x00000007a68528d0, 0x00000007a6ab0000)
  to   space 21824K,   0% used [0x00000007a6ab0000, 0x00000007a6ab0000, 0x00000007a8000000)
 concurrent mark-sweep generation total 393216K, used 197409K [0x00000007a8000000, 0x00000007c0000000, 0x00000007c0000000)
 Metaspace       used 35801K, capacity 36388K, committed 36784K, reserved 1081344K
  class space    used 4103K, capacity 4255K, committed 4272K, reserved 1048576K
2016-10-23T19:10:11.586+0800: 235.764: [GC (Allocation Failure) 2016-10-23T19:10:11.586+0800: 235.764: [ParNew
Desired survivor size 20112992 bytes, new threshold 8 (max 8)
- age   1:    3423728 bytes,    3423728 total
- age   2:    2288584 bytes,    5712312 total
- age   3:     543408 bytes,    6255720 total
- age   4:     525640 bytes,    6781360 total
- age   5:    3020064 bytes,    9801424 total
- age   6:     972384 bytes,   10773808 total
- age   7:     461424 bytes,   11235232 total
- age   8:     746944 bytes,   11982176 total
: 106826K->16201K(109248K), 0.0061256 secs] 304235K->217815K(502464K), 0.0062078 secs] [Times: user=0.02 sys=0.00, real=0.01 secs] 
Heap after GC invocations=471 (full 18):
 par new generation   total 109248K, used 16201K [0x00000007a0000000, 0x00000007a8000000, 0x00000007a8000000)
  eden space 87424K,   0% used [0x00000007a0000000, 0x00000007a0000000, 0x00000007a5560000)
  from space 21824K,  74% used [0x00000007a6ab0000, 0x00000007a7a82510, 0x00000007a8000000)
  to   space 21824K,   0% used [0x00000007a5560000, 0x00000007a5560000, 0x00000007a6ab0000)
 concurrent mark-sweep generation total 393216K, used 201614K [0x00000007a8000000, 0x00000007c0000000, 0x00000007c0000000)
 Metaspace       used 35801K, capacity 36388K, committed 36784K, reserved 1081344K
  class space    used 4103K, capacity 4255K, committed 4272K, reserved 1048576K
}
2016-10-23T19:10:11.592+0800: 235.770: Total time for which application threads were stopped: 0.0063980 seconds, Stopping threads took: 0.0000321 seconds
2016-10-23T19:10:11.649+0800: 235.827: [CMS-concurrent-abortable-preclean: 0.115/0.123 secs] [Times: user=0.37 sys=0.01, real=0.12 secs] 
2016-10-23T19:10:11.649+0800: 235.827: [GC (CMS Final Remark) [YG occupancy: 77253 K (109248 K)]{Heap before GC invocations=471 (full 18):
 par new generation   total 109248K, used 77253K [0x00000007a0000000, 0x00000007a8000000, 0x00000007a8000000)
  eden space 87424K,  69% used [0x00000007a0000000, 0x00000007a3b9ef58, 0x00000007a5560000)
  from space 21824K,  74% used [0x00000007a6ab0000, 0x00000007a7a82510, 0x00000007a8000000)
  to   space 21824K,   0% used [0x00000007a5560000, 0x00000007a5560000, 0x00000007a6ab0000)
 concurrent mark-sweep generation total 393216K, used 201614K [0x00000007a8000000, 0x00000007c0000000, 0x00000007c0000000)
 Metaspace       used 35801K, capacity 36388K, committed 36784K, reserved 1081344K
  class space    used 4103K, capacity 4255K, committed 4272K, reserved 1048576K
2016-10-23T19:10:11.649+0800: 235.827: [GC (CMS Final Remark) 2016-10-23T19:10:11.649+0800: 235.827: [ParNew
Desired survivor size 20112992 bytes, new threshold 8 (max 8)
- age   1:    3034816 bytes,    3034816 total
- age   2:    3164864 bytes,    6199680 total
- age   3:     683072 bytes,    6882752 total
- age   4:     542720 bytes,    7425472 total
- age   5:     525640 bytes,    7951112 total
- age   6:    3014232 bytes,   10965344 total
- age   7:     906808 bytes,   11872152 total
- age   8:     461424 bytes,   12333576 total
: 77253K->13802K(109248K), 0.0052927 secs] 278867K->216165K(502464K), 0.0053327 secs] [Times: user=0.02 sys=0.00, real=0.01 secs] 
Heap after GC invocations=472 (full 18):
 par new generation   total 109248K, used 13802K [0x00000007a0000000, 0x00000007a8000000, 0x00000007a8000000)
  eden space 87424K,   0% used [0x00000007a0000000, 0x00000007a0000000, 0x00000007a5560000)
  from space 21824K,  63% used [0x00000007a5560000, 0x00000007a62da9d0, 0x00000007a6ab0000)
  to   space 21824K,   0% used [0x00000007a6ab0000, 0x00000007a6ab0000, 0x00000007a8000000)
 concurrent mark-sweep generation total 393216K, used 202362K [0x00000007a8000000, 0x00000007c0000000, 0x00000007c0000000)
 Metaspace       used 35801K, capacity 36388K, committed 36784K, reserved 1081344K
  class space    used 4103K, capacity 4255K, committed 4272K, reserved 1048576K
}
2016-10-23T19:10:11.654+0800: 235.832: [Rescan (parallel) , 0.0019235 secs]2016-10-23T19:10:11.656+0800: 235.834: [weak refs processing, 0.0008215 secs]2016-10-23T19:10:11.657+0800: 235.835: [class unloading, 0.0070922 secs]2016-10-23T19:10:11.664+0800: 235.842: [scrub symbol table, 0.0042637 secs]2016-10-23T19:10:11.669+0800: 235.846: [scrub string table, 0.0005799 secs][1 CMS-remark: 202362K(393216K)] 216165K(502464K), 0.0202617 secs] [Times: user=0.04 sys=0.00, real=0.02 secs] 
2016-10-23T19:10:11.669+0800: 235.847: Total time for which application threads were stopped: 0.0204362 seconds, Stopping threads took: 0.0000718 seconds
2016-10-23T19:10:11.669+0800: 235.847: [CMS-concurrent-sweep-start]
2016-10-23T19:10:11.699+0800: 235.877: [CMS-concurrent-sweep: 0.030/0.030 secs] [Times: user=0.08 sys=0.00, real=0.03 secs] 
2016-10-23T19:10:11.699+0800: 235.877: [CMS-concurrent-reset-start]
2016-10-23T19:10:11.699+0800: 235.877: [CMS-concurrent-reset: 0.000/0.000 secs] [Times: user=0.00 sys=0.00, real=0.00 secs] 
{Heap before GC invocations=472 (full 18):
 par new generation   total 109248K, used 101226K [0x00000007a0000000, 0x00000007a8000000, 0x00000007a8000000)
  eden space 87424K, 100% used [0x00000007a0000000, 0x00000007a5560000, 0x00000007a5560000)
  from space 21824K,  63% used [0x00000007a5560000, 0x00000007a62da9d0, 0x00000007a6ab0000)
  to   space 21824K,   0% used [0x00000007a6ab0000, 0x00000007a6ab0000, 0x00000007a8000000)
 concurrent mark-sweep generation total 393216K, used 142875K [0x00000007a8000000, 0x00000007c0000000, 0x00000007c0000000)
 Metaspace       used 35801K, capacity 36388K, committed 36784K, reserved 1081344K
  class space    used 4103K, capacity 4255K, committed 4272K, reserved 1048576K
2016-10-23T19:10:11.727+0800: 235.905: [GC (Allocation Failure) 2016-10-23T19:10:11.727+0800: 235.905: [ParNew
Desired survivor size 20112992 bytes, new threshold 8 (max 8)
- age   1:     933696 bytes,     933696 total
- age   2:    2823768 bytes,    3757464 total
- age   3:    2949824 bytes,    6707288 total
- age   4:     588696 bytes,    7295984 total
- age   5:     535008 bytes,    7830992 total
- age   6:     525640 bytes,    8356632 total
- age   7:    2999944 bytes,   11356576 total
- age   8:     872976 bytes,   12229552 total
: 101226K->16837K(109248K), 0.0052158 secs] 244101K->160183K(502464K), 0.0052697 secs] [Times: user=0.02 sys=0.00, real=0.01 secs] 
Heap after GC invocations=473 (full 18):
 par new generation   total 109248K, used 16837K [0x00000007a0000000, 0x00000007a8000000, 0x00000007a8000000)
  eden space 87424K,   0% used [0x00000007a0000000, 0x00000007a0000000, 0x00000007a5560000)
  from space 21824K,  77% used [0x00000007a6ab0000, 0x00000007a7b21568, 0x00000007a8000000)
  to   space 21824K,   0% used [0x00000007a5560000, 0x00000007a5560000, 0x00000007a6ab0000)
 concurrent mark-sweep generation total 393216K, used 143346K [0x00000007a8000000, 0x00000007c0000000, 0x00000007c0000000)
 Metaspace       used 35801K, capacity 36388K, committed 36784K, reserved 1081344K
  class space    used 4103K, capacity 4255K, committed 4272K, reserved 1048576K
}
2016-10-23T19:10:11.733+0800: 235.911: Total time for which application threads were stopped: 0.0055044 seconds, Stopping threads took: 0.0000654 seconds
2016-10-23T19:10:11.855+0800: 236.033: Total time for which application threads were stopped: 0.0001911 seconds, Stopping threads took: 0.0000549 seconds
2016-10-23T19:10:11.856+0800: 236.034: Total time for which application threads were stopped: 0.0002193 seconds, Stopping threads took: 0.0000523 seconds
{Heap before GC invocations=473 (full 18):
 par new generation   total 109248K, used 104261K [0x00000007a0000000, 0x00000007a8000000, 0x00000007a8000000)
  eden space 87424K, 100% used [0x00000007a0000000, 0x00000007a5560000, 0x00000007a5560000)
  from space 21824K,  77% used [0x00000007a6ab0000, 0x00000007a7b21568, 0x00000007a8000000)
  to   space 21824K,   0% used [0x00000007a5560000, 0x00000007a5560000, 0x00000007a6ab0000)
 concurrent mark-sweep generation total 393216K, used 143346K [0x00000007a8000000, 0x00000007c0000000, 0x00000007c0000000)
 Metaspace       used 35802K, capacity 36388K, committed 36784K, reserved 1081344K
  class space    used 4103K, capacity 4255K, committed 4272K, reserved 1048576K
2016-10-23T19:10:11.924+0800: 236.102: [GC (Allocation Failure) 2016-10-23T19:10:11.924+0800: 236.102: [ParNew
Desired survivor size 20112992 bytes, new threshold 8 (max 8)
- age   1:    8024328 bytes,    8024328 total
- age   2:     646904 bytes,    8671232 total
- age   3:     666360 bytes,    9337592 total
- age   4:    1378248 bytes,   10715840 total
- age   5:     421392 bytes,   11137232 total
- age   6:     533168 bytes,   11670400 total
- age   7:     522328 bytes,   12192728 total
- age   8:    2463496 bytes,   14656224 total
: 104261K->18818K(109248K), 0.0066569 secs] 247607K->163031K(502464K), 0.0067125 secs] [Times: user=0.02 sys=0.00, real=0.01 secs] 
Heap after GC invocations=474 (full 18):
 par new generation   total 109248K, used 18818K [0x00000007a0000000, 0x00000007a8000000, 0x00000007a8000000)
  eden space 87424K,   0% used [0x00000007a0000000, 0x00000007a0000000, 0x00000007a5560000)
  from space 21824K,  86% used [0x00000007a5560000, 0x00000007a67c0b38, 0x00000007a6ab0000)
  to   space 21824K,   0% used [0x00000007a6ab0000, 0x00000007a6ab0000, 0x00000007a8000000)
 concurrent mark-sweep generation total 393216K, used 144213K [0x00000007a8000000, 0x00000007c0000000, 0x00000007c0000000)
 Metaspace       used 35802K, capacity 36388K, committed 36784K, reserved 1081344K
  class space    used 4103K, capacity 4255K, committed 4272K, reserved 1048576K
}
2016-10-23T19:10:11.931+0800: 236.108: Total time for which application threads were stopped: 0.0068707 seconds, Stopping threads took: 0.0000195 seconds
2016-10-23T19:10:11.950+0800: 236.128: Total time for which application threads were stopped: 0.0001592 seconds, Stopping threads took: 0.0000618 seconds
2016-10-23T19:10:12.000+0800: 236.178: Total time for which application threads were stopped: 0.0001420 seconds, Stopping threads took: 0.0000450 seconds
{Heap before GC invocations=474 (full 18):
 par new generation   total 109248K, used 106242K [0x00000007a0000000, 0x00000007a8000000, 0x00000007a8000000)
  eden space 87424K, 100% used [0x00000007a0000000, 0x00000007a5560000, 0x00000007a5560000)
  from space 21824K,  86% used [0x00000007a5560000, 0x00000007a67c0b38, 0x00000007a6ab0000)
  to   space 21824K,   0% used [0x00000007a6ab0000, 0x00000007a6ab0000, 0x00000007a8000000)
 concurrent mark-sweep generation total 393216K, used 144213K [0x00000007a8000000, 0x00000007c0000000, 0x00000007c0000000)
 Metaspace       used 35802K, capacity 36388K, committed 36784K, reserved 1081344K
  class space    used 4103K, capacity 4255K, committed 4272K, reserved 1048576K
2016-10-23T19:10:12.098+0800: 236.276: [GC (Allocation Failure) 2016-10-23T19:10:12.098+0800: 236.276: [ParNew
Desired survivor size 20112992 bytes, new threshold 8 (max 8)
- age   1:    4504472 bytes,    4504472 total
- age   2:    7920960 bytes,   12425432 total
- age   3:     621176 bytes,   13046608 total
- age   4:     640536 bytes,   13687144 total
- age   5:    1342392 bytes,   15029536 total
- age   6:     402336 bytes,   15431872 total
- age   7:     497312 bytes,   15929184 total
- age   8:     480568 bytes,   16409752 total
: 106242K->19212K(109248K), 0.0066632 secs] 250455K->165739K(502464K), 0.0067187 secs] [Times: user=0.03 sys=0.00, real=0.01 secs] 
Heap after GC invocations=475 (full 18):
 par new generation   total 109248K, used 19212K [0x00000007a0000000, 0x00000007a8000000, 0x00000007a8000000)
  eden space 87424K,   0% used [0x00000007a0000000, 0x00000007a0000000, 0x00000007a5560000)
  from space 21824K,  88% used [0x00000007a6ab0000, 0x00000007a7d73268, 0x00000007a8000000)
  to   space 21824K,   0% used [0x00000007a5560000, 0x00000007a5560000, 0x00000007a6ab0000)
 concurrent mark-sweep generation total 393216K, used 146527K [0x00000007a8000000, 0x00000007c0000000, 0x00000007c0000000)
 Metaspace       used 35802K, capacity 36388K, committed 36784K, reserved 1081344K
  class space    used 4103K, capacity 4255K, committed 4272K, reserved 1048576K
}
2016-10-23T19:10:12.105+0800: 236.283: Total time for which application threads were stopped: 0.0068779 seconds, Stopping threads took: 0.0000204 seconds
{Heap before GC invocations=475 (full 18):
 par new generation   total 109248K, used 106636K [0x00000007a0000000, 0x00000007a8000000, 0x00000007a8000000)
  eden space 87424K, 100% used [0x00000007a0000000, 0x00000007a5560000, 0x00000007a5560000)
  from space 21824K,  88% used [0x00000007a6ab0000, 0x00000007a7d73268, 0x00000007a8000000)
  to   space 21824K,   0% used [0x00000007a5560000, 0x00000007a5560000, 0x00000007a6ab0000)
 concurrent mark-sweep generation total 393216K, used 146527K [0x00000007a8000000, 0x00000007c0000000, 0x00000007c0000000)
 Metaspace       used 35802K, capacity 36388K, committed 36784K, reserved 1081344K
  class space    used 4103K, capacity 4255K, committed 4272K, reserved 1048576K
2016-10-23T19:10:12.167+0800: 236.345: [GC (Allocation Failure) 2016-10-23T19:10:12.167+0800: 236.345: [ParNew
Desired survivor size 20112992 bytes, new threshold 8 (max 8)
- age   1:    1982328 bytes,    1982328 total
- age   2:    3618744 bytes,    5601072 total
- age   3:    7920960 bytes,   13522032 total
- age   4:     621176 bytes,   14143208 total
- age   5:     640536 bytes,   14783744 total
- age   6:    1342392 bytes,   16126136 total
- age   7:     402336 bytes,   16528472 total
- age   8:     497312 bytes,   17025784 total
: 106636K->21824K(109248K), 0.0058462 secs] 253163K->168825K(502464K), 0.0059071 secs] [Times: user=0.02 sys=0.00, real=0.01 secs] 
Heap after GC invocations=476 (full 18):
 par new generation   total 109248K, used 21824K [0x00000007a0000000, 0x00000007a8000000, 0x00000007a8000000)
  eden space 87424K,   0% used [0x00000007a0000000, 0x00000007a0000000, 0x00000007a5560000)
  from space 21824K, 100% used [0x00000007a5560000, 0x00000007a6ab0000, 0x00000007a6ab0000)
  to   space 21824K,   0% used [0x00000007a6ab0000, 0x00000007a6ab0000, 0x00000007a8000000)
 concurrent mark-sweep generation total 393216K, used 147001K [0x00000007a8000000, 0x00000007c0000000, 0x00000007c0000000)
 Metaspace       used 35802K, capacity 36388K, committed 36784K, reserved 1081344K
  class space    used 4103K, capacity 4255K, committed 4272K, reserved 1048576K
}
2016-10-23T19:10:12.173+0800: 236.350: Total time for which application threads were stopped: 0.0060950 seconds, Stopping threads took: 0.0000247 seconds
2016-10-23T19:10:12.247+0800: 236.424: Total time for which application threads were stopped: 0.0001350 seconds, Stopping threads took: 0.0000353 seconds
2016-10-23T19:10:12.247+0800: 236.425: Total time for which application threads were stopped: 0.0000622 seconds, Stopping threads took: 0.0000083 seconds
2016-10-23T19:10:12.247+0800: 236.425: Total time for which application threads were stopped: 0.0000599 seconds, Stopping threads took: 0.0000079 seconds
2016-10-23T19:10:12.247+0800: 236.425: Total time for which application threads were stopped: 0.0000619 seconds, Stopping threads took: 0.0000079 seconds
{Heap before GC invocations=476 (full 18):
 par new generation   total 109248K, used 109248K [0x00000007a0000000, 0x00000007a8000000, 0x00000007a8000000)
  eden space 87424K, 100% used [0x00000007a0000000, 0x00000007a5560000, 0x00000007a5560000)
  from space 21824K, 100% used [0x00000007a5560000, 0x00000007a6ab0000, 0x00000007a6ab0000)
  to   space 21824K,   0% used [0x00000007a6ab0000, 0x00000007a6ab0000, 0x00000007a8000000)
 concurrent mark-sweep generation total 393216K, used 147001K [0x00000007a8000000, 0x00000007c0000000, 0x00000007c0000000)
 Metaspace       used 35802K, capacity 36388K, committed 36784K, reserved 1081344K
  class space    used 4103K, capacity 4255K, committed 4272K, reserved 1048576K
2016-10-23T19:10:12.295+0800: 236.473: [GC (Allocation Failure) 2016-10-23T19:10:12.295+0800: 236.473: [ParNew
Desired survivor size 20112992 bytes, new threshold 8 (max 8)
- age   1:    2514784 bytes,    2514784 total
- age   2:     905864 bytes,    3420648 total
- age   3:    3224240 bytes,    6644888 total
- age   4:    7745536 bytes,   14390424 total
- age   5:     565208 bytes,   14955632 total
- age   6:     583104 bytes,   15538736 total
- age   7:    1262592 bytes,   16801328 total
- age   8:     361368 bytes,   17162696 total
: 109248K->21824K(109248K), 0.0052257 secs] 256249K->170382K(502464K), 0.0052896 secs] [Times: user=0.02 sys=0.00, real=0.01 secs] 
Heap after GC invocations=477 (full 18):
 par new generation   total 109248K, used 21824K [0x00000007a0000000, 0x00000007a8000000, 0x00000007a8000000)
  eden space 87424K,   0% used [0x00000007a0000000, 0x00000007a0000000, 0x00000007a5560000)
  from space 21824K, 100% used [0x00000007a6ab0000, 0x00000007a8000000, 0x00000007a8000000)
  to   space 21824K,   0% used [0x00000007a5560000, 0x00000007a5560000, 0x00000007a6ab0000)
 concurrent mark-sweep generation total 393216K, used 148558K [0x00000007a8000000, 0x00000007c0000000, 0x00000007c0000000)
 Metaspace       used 35802K, capacity 36388K, committed 36784K, reserved 1081344K
  class space    used 4103K, capacity 4255K, committed 4272K, reserved 1048576K
}
2016-10-23T19:10:12.300+0800: 236.478: Total time for which application threads were stopped: 0.0054800 seconds, Stopping threads took: 0.0000289 seconds
{Heap before GC invocations=477 (full 18):
 par new generation   total 109248K, used 109248K [0x00000007a0000000, 0x00000007a8000000, 0x00000007a8000000)
  eden space 87424K, 100% used [0x00000007a0000000, 0x00000007a5560000, 0x00000007a5560000)
  from space 21824K, 100% used [0x00000007a6ab0000, 0x00000007a8000000, 0x00000007a8000000)
  to   space 21824K,   0% used [0x00000007a5560000, 0x00000007a5560000, 0x00000007a6ab0000)
 concurrent mark-sweep generation total 393216K, used 148558K [0x00000007a8000000, 0x00000007c0000000, 0x00000007c0000000)
 Metaspace       used 35802K, capacity 36388K, committed 36784K, reserved 1081344K
  class space    used 4103K, capacity 4255K, committed 4272K, reserved 1048576K
2016-10-23T19:10:12.535+0800: 236.713: [GC (Allocation Failure) 2016-10-23T19:10:12.535+0800: 236.713: [ParNew
Desired survivor size 20112992 bytes, new threshold 8 (max 8)
- age   1:    3918240 bytes,    3918240 total
- age   2:    1540528 bytes,    5458768 total
- age   3:     661880 bytes,    6120648 total
- age   4:    2156840 bytes,    8277488 total
- age   5:    7737984 bytes,   16015472 total
- age   6:     563928 bytes,   16579400 total
- age   7:     581312 bytes,   17160712 total
- age   8:    1259904 bytes,   18420616 total
: 109248K->21824K(109248K), 0.0065630 secs] 257806K->173279K(502464K), 0.0066530 secs] [Times: user=0.02 sys=0.00, real=0.01 secs] 
Heap after GC invocations=478 (full 18):
 par new generation   total 109248K, used 21824K [0x00000007a0000000, 0x00000007a8000000, 0x00000007a8000000)
  eden space 87424K,   0% used [0x00000007a0000000, 0x00000007a0000000, 0x00000007a5560000)
  from space 21824K, 100% used [0x00000007a5560000, 0x00000007a6ab0000, 0x00000007a6ab0000)
  to   space 21824K,   0% used [0x00000007a6ab0000, 0x00000007a6ab0000, 0x00000007a8000000)
 concurrent mark-sweep generation total 393216K, used 151455K [0x00000007a8000000, 0x00000007c0000000, 0x00000007c0000000)
 Metaspace       used 35802K, capacity 36388K, committed 36784K, reserved 1081344K
  class space    used 4103K, capacity 4255K, committed 4272K, reserved 1048576K
}
2016-10-23T19:10:12.542+0800: 236.720: Total time for which application threads were stopped: 0.0068229 seconds, Stopping threads took: 0.0000217 seconds
{Heap before GC invocations=478 (full 18):
 par new generation   total 109248K, used 109248K [0x00000007a0000000, 0x00000007a8000000, 0x00000007a8000000)
  eden space 87424K, 100% used [0x00000007a0000000, 0x00000007a5560000, 0x00000007a5560000)
  from space 21824K, 100% used [0x00000007a5560000, 0x00000007a6ab0000, 0x00000007a6ab0000)
  to   space 21824K,   0% used [0x00000007a6ab0000, 0x00000007a6ab0000, 0x00000007a8000000)
 concurrent mark-sweep generation total 393216K, used 151455K [0x00000007a8000000, 0x00000007c0000000, 0x00000007c0000000)
 Metaspace       used 35802K, capacity 36388K, committed 36784K, reserved 1081344K
  class space    used 4103K, capacity 4255K, committed 4272K, reserved 1048576K
2016-10-23T19:10:12.780+0800: 236.958: [GC (Allocation Failure) 2016-10-23T19:10:12.780+0800: 236.958: [ParNew
Desired survivor size 20112992 bytes, new threshold 6 (max 8)
- age   1:    6499544 bytes,    6499544 total
- age   2:    2424648 bytes,    8924192 total
- age   3:    1414160 bytes,   10338352 total
- age   4:     631064 bytes,   10969416 total
- age   5:    2076072 bytes,   13045488 total
- age   6:    7711072 bytes,   20756560 total
- age   7:     555360 bytes,   21311920 total
- age   8:     571936 bytes,   21883856 total
: 109248K->21824K(109248K), 0.0070558 secs] 260703K->175726K(502464K), 0.0071275 secs] [Times: user=0.02 sys=0.00, real=0.00 secs] 
Heap after GC invocations=479 (full 18):
 par new generation   total 109248K, used 21824K [0x00000007a0000000, 0x00000007a8000000, 0x00000007a8000000)
  eden space 87424K,   0% used [0x00000007a0000000, 0x00000007a0000000, 0x00000007a5560000)
  from space 21824K, 100% used [0x00000007a6ab0000, 0x00000007a8000000, 0x00000007a8000000)
  to   space 21824K,   0% used [0x00000007a5560000, 0x00000007a5560000, 0x00000007a6ab0000)
 concurrent mark-sweep generation total 393216K, used 153902K [0x00000007a8000000, 0x00000007c0000000, 0x00000007c0000000)
 Metaspace       used 35802K, capacity 36388K, committed 36784K, reserved 1081344K
  class space    used 4103K, capacity 4255K, committed 4272K, reserved 1048576K
}
2016-10-23T19:10:12.787+0800: 236.965: Total time for which application threads were stopped: 0.0073157 seconds, Stopping threads took: 0.0000297 seconds
{Heap before GC invocations=479 (full 18):
 par new generation   total 109248K, used 109248K [0x00000007a0000000, 0x00000007a8000000, 0x00000007a8000000)
  eden space 87424K, 100% used [0x00000007a0000000, 0x00000007a5560000, 0x00000007a5560000)
  from space 21824K, 100% used [0x00000007a6ab0000, 0x00000007a8000000, 0x00000007a8000000)
  to   space 21824K,   0% used [0x00000007a5560000, 0x00000007a5560000, 0x00000007a6ab0000)
 concurrent mark-sweep generation total 393216K, used 153902K [0x00000007a8000000, 0x00000007c0000000, 0x00000007c0000000)
 Metaspace       used 35802K, capacity 36388K, committed 36784K, reserved 1081344K
  class space    used 4103K, capacity 4255K, committed 4272K, reserved 1048576K
2016-10-23T19:10:13.038+0800: 237.216: [GC (Allocation Failure) 2016-10-23T19:10:13.038+0800: 237.216: [ParNew
Desired survivor size 20112992 bytes, new threshold 8 (max 8)
- age   1:    5729944 bytes,    5729944 total
- age   2:    2544520 bytes,    8274464 total
- age   3:    2150496 bytes,   10424960 total
- age   4:    1325368 bytes,   11750328 total
- age   5:     608480 bytes,   12358808 total
- age   6:    1665032 bytes,   14023840 total
: 109248K->21824K(109248K), 0.0076426 secs] 263150K->186718K(502464K), 0.0077114 secs] [Times: user=0.03 sys=0.00, real=0.01 secs] 
Heap after GC invocations=480 (full 18):
 par new generation   total 109248K, used 21824K [0x00000007a0000000, 0x00000007a8000000, 0x00000007a8000000)
  eden space 87424K,   0% used [0x00000007a0000000, 0x00000007a0000000, 0x00000007a5560000)
  from space 21824K, 100% used [0x00000007a5560000, 0x00000007a6ab0000, 0x00000007a6ab0000)
  to   space 21824K,   0% used [0x00000007a6ab0000, 0x00000007a6ab0000, 0x00000007a8000000)
 concurrent mark-sweep generation total 393216K, used 164894K [0x00000007a8000000, 0x00000007c0000000, 0x00000007c0000000)
 Metaspace       used 35802K, capacity 36388K, committed 36784K, reserved 1081344K
  class space    used 4103K, capacity 4255K, committed 4272K, reserved 1048576K
}
2016-10-23T19:10:13.046+0800: 237.224: Total time for which application threads were stopped: 0.0078866 seconds, Stopping threads took: 0.0000300 seconds
{Heap before GC invocations=480 (full 18):
 par new generation   total 109248K, used 109248K [0x00000007a0000000, 0x00000007a8000000, 0x00000007a8000000)
  eden space 87424K, 100% used [0x00000007a0000000, 0x00000007a5560000, 0x00000007a5560000)
  from space 21824K, 100% used [0x00000007a5560000, 0x00000007a6ab0000, 0x00000007a6ab0000)
  to   space 21824K,   0% used [0x00000007a6ab0000, 0x00000007a6ab0000, 0x00000007a8000000)
 concurrent mark-sweep generation total 393216K, used 164894K [0x00000007a8000000, 0x00000007c0000000, 0x00000007c0000000)
 Metaspace       used 35802K, capacity 36388K, committed 36784K, reserved 1081344K
  class space    used 4103K, capacity 4255K, committed 4272K, reserved 1048576K
2016-10-23T19:10:13.308+0800: 237.486: [GC (Allocation Failure) 2016-10-23T19:10:13.308+0800: 237.486: [ParNew
Desired survivor size 20112992 bytes, new threshold 8 (max 8)
- age   1:    7101768 bytes,    7101768 total
- age   2:    2693984 bytes,    9795752 total
- age   3:    2468824 bytes,   12264576 total
- age   4:    2150496 bytes,   14415072 total
- age   5:    1325368 bytes,   15740440 total
- age   6:     608480 bytes,   16348920 total
- age   7:    1665032 bytes,   18013952 total
: 109248K->21824K(109248K), 0.0069710 secs] 274142K->186718K(502464K), 0.0070447 secs] [Times: user=0.02 sys=0.00, real=0.01 secs] 
Heap after GC invocations=481 (full 18):
 par new generation   total 109248K, used 21824K [0x00000007a0000000, 0x00000007a8000000, 0x00000007a8000000)
  eden space 87424K,   0% used [0x00000007a0000000, 0x00000007a0000000, 0x00000007a5560000)
  from space 21824K, 100% used [0x00000007a6ab0000, 0x00000007a8000000, 0x00000007a8000000)
  to   space 21824K,   0% used [0x00000007a5560000, 0x00000007a5560000, 0x00000007a6ab0000)
 concurrent mark-sweep generation total 393216K, used 164894K [0x00000007a8000000, 0x00000007c0000000, 0x00000007c0000000)
 Metaspace       used 35802K, capacity 36388K, committed 36784K, reserved 1081344K
  class space    used 4103K, capacity 4255K, committed 4272K, reserved 1048576K
}
2016-10-23T19:10:13.315+0800: 237.493: Total time for which application threads were stopped: 0.0072718 seconds, Stopping threads took: 0.0000440 seconds
{Heap before GC invocations=481 (full 18):
 par new generation   total 109248K, used 109248K [0x00000007a0000000, 0x00000007a8000000, 0x00000007a8000000)
  eden space 87424K, 100% used [0x00000007a0000000, 0x00000007a5560000, 0x00000007a5560000)
  from space 21824K, 100% used [0x00000007a6ab0000, 0x00000007a8000000, 0x00000007a8000000)
  to   space 21824K,   0% used [0x00000007a5560000, 0x00000007a5560000, 0x00000007a6ab0000)
 concurrent mark-sweep generation total 393216K, used 164894K [0x00000007a8000000, 0x00000007c0000000, 0x00000007c0000000)
 Metaspace       used 35802K, capacity 36388K, committed 36784K, reserved 1081344K
  class space    used 4103K, capacity 4255K, committed 4272K, reserved 1048576K
2016-10-23T19:10:13.590+0800: 237.768: [GC (Allocation Failure) 2016-10-23T19:10:13.590+0800: 237.768: [ParNew
Desired survivor size 20112992 bytes, new threshold 8 (max 8)
- age   1:    6260704 bytes,    6260704 total
- age   2:    2596312 bytes,    8857016 total
- age   3:    2434368 bytes,   11291384 total
- age   4:    2000120 bytes,   13291504 total
- age   5:    2081208 bytes,   15372712 total
- age   6:    1288896 bytes,   16661608 total
- age   7:     589736 bytes,   17251344 total
- age   8:    1608440 bytes,   18859784 total
: 109248K->21824K(109248K), 0.0089522 secs] 274142K->190064K(502464K), 0.0090393 secs] [Times: user=0.03 sys=0.00, real=0.00 secs] 
Heap after GC invocations=482 (full 18):
 par new generation   total 109248K, used 21824K [0x00000007a0000000, 0x00000007a8000000, 0x00000007a8000000)
  eden space 87424K,   0% used [0x00000007a0000000, 0x00000007a0000000, 0x00000007a5560000)
  from space 21824K, 100% used [0x00000007a5560000, 0x00000007a6ab0000, 0x00000007a6ab0000)
  to   space 21824K,   0% used [0x00000007a6ab0000, 0x00000007a6ab0000, 0x00000007a8000000)
 concurrent mark-sweep generation total 393216K, used 168240K [0x00000007a8000000, 0x00000007c0000000, 0x00000007c0000000)
 Metaspace       used 35802K, capacity 36388K, committed 36784K, reserved 1081344K
  class space    used 4103K, capacity 4255K, committed 4272K, reserved 1048576K
}
2016-10-23T19:10:13.599+0800: 237.777: Total time for which application threads were stopped: 0.0092031 seconds, Stopping threads took: 0.0000225 seconds
{Heap before GC invocations=482 (full 18):
 par new generation   total 109248K, used 109248K [0x00000007a0000000, 0x00000007a8000000, 0x00000007a8000000)
  eden space 87424K, 100% used [0x00000007a0000000, 0x00000007a5560000, 0x00000007a5560000)
  from space 21824K, 100% used [0x00000007a5560000, 0x00000007a6ab0000, 0x00000007a6ab0000)
  to   space 21824K,   0% used [0x00000007a6ab0000, 0x00000007a6ab0000, 0x00000007a8000000)
 concurrent mark-sweep generation total 393216K, used 168240K [0x00000007a8000000, 0x00000007c0000000, 0x00000007c0000000)
 Metaspace       used 35802K, capacity 36388K, committed 36784K, reserved 1081344K
  class space    used 4103K, capacity 4255K, committed 4272K, reserved 1048576K
2016-10-23T19:10:13.864+0800: 238.042: [GC (Allocation Failure) 2016-10-23T19:10:13.864+0800: 238.042: [ParNew
Desired survivor size 20112992 bytes, new threshold 8 (max 8)
- age   1:    4190592 bytes,    4190592 total
- age   2:    3278256 bytes,    7468848 total
- age   3:    2365600 bytes,    9834448 total
- age   4:    2293400 bytes,   12127848 total
- age   5:    1401608 bytes,   13529456 total
- age   6:    2009328 bytes,   15538784 total
- age   7:    1268688 bytes,   16807472 total
- age   8:     578504 bytes,   17385976 total
: 109248K->21824K(109248K), 0.0076380 secs] 277488K->198588K(502464K), 0.0077085 secs] [Times: user=0.03 sys=0.00, real=0.01 secs] 
Heap after GC invocations=483 (full 18):
 par new generation   total 109248K, used 21824K [0x00000007a0000000, 0x00000007a8000000, 0x00000007a8000000)
  eden space 87424K,   0% used [0x00000007a0000000, 0x00000007a0000000, 0x00000007a5560000)
  from space 21824K, 100% used [0x00000007a6ab0000, 0x00000007a8000000, 0x00000007a8000000)
  to   space 21824K,   0% used [0x00000007a5560000, 0x00000007a5560000, 0x00000007a6ab0000)
 concurrent mark-sweep generation total 393216K, used 176764K [0x00000007a8000000, 0x00000007c0000000, 0x00000007c0000000)
 Metaspace       used 35802K, capacity 36388K, committed 36784K, reserved 1081344K
  class space    used 4103K, capacity 4255K, committed 4272K, reserved 1048576K
}
2016-10-23T19:10:13.872+0800: 238.050: Total time for which application threads were stopped: 0.0078815 seconds, Stopping threads took: 0.0000298 seconds
{Heap before GC invocations=483 (full 18):
 par new generation   total 109248K, used 108951K [0x00000007a0000000, 0x00000007a8000000, 0x00000007a8000000)
  eden space 87424K,  99% used [0x00000007a0000000, 0x00000007a5515cf0, 0x00000007a5560000)
  from space 21824K, 100% used [0x00000007a6ab0000, 0x00000007a8000000, 0x00000007a8000000)
  to   space 21824K,   0% used [0x00000007a5560000, 0x00000007a5560000, 0x00000007a6ab0000)
 concurrent mark-sweep generation total 393216K, used 176764K [0x00000007a8000000, 0x00000007c0000000, 0x00000007c0000000)
 Metaspace       used 35802K, capacity 36388K, committed 36784K, reserved 1081344K
  class space    used 4103K, capacity 4255K, committed 4272K, reserved 1048576K
2016-10-23T19:10:14.153+0800: 238.330: [GC (Allocation Failure) 2016-10-23T19:10:14.153+0800: 238.331: [ParNew
Desired survivor size 20112992 bytes, new threshold 8 (max 8)
- age   1:    6157656 bytes,    6157656 total
- age   2:    2461648 bytes,    8619304 total
- age   3:    2948248 bytes,   11567552 total
- age   4:    2175880 bytes,   13743432 total
- age   5:    2123400 bytes,   15866832 total
- age   6:    1253696 bytes,   17120528 total
- age   7:    1865952 bytes,   18986480 total
- age   8:    1191784 bytes,   20178264 total
: 108951K->21824K(109248K), 0.0103207 secs] 285715K->204186K(502464K), 0.0103858 secs] [Times: user=0.03 sys=0.00, real=0.01 secs] 
Heap after GC invocations=484 (full 18):
 par new generation   total 109248K, used 21824K [0x00000007a0000000, 0x00000007a8000000, 0x00000007a8000000)
  eden space 87424K,   0% used [0x00000007a0000000, 0x00000007a0000000, 0x00000007a5560000)
  from space 21824K, 100% used [0x00000007a5560000, 0x00000007a6ab0000, 0x00000007a6ab0000)
  to   space 21824K,   0% used [0x00000007a6ab0000, 0x00000007a6ab0000, 0x00000007a8000000)
 concurrent mark-sweep generation total 393216K, used 182362K [0x00000007a8000000, 0x00000007c0000000, 0x00000007c0000000)
 Metaspace       used 35802K, capacity 36388K, committed 36784K, reserved 1081344K
  class space    used 4103K, capacity 4255K, committed 4272K, reserved 1048576K
}
2016-10-23T19:10:14.163+0800: 238.341: Total time for which application threads were stopped: 0.0105640 seconds, Stopping threads took: 0.0000340 seconds
{Heap before GC invocations=484 (full 18):
 par new generation   total 109248K, used 109248K [0x00000007a0000000, 0x00000007a8000000, 0x00000007a8000000)
  eden space 87424K, 100% used [0x00000007a0000000, 0x00000007a5560000, 0x00000007a5560000)
  from space 21824K, 100% used [0x00000007a5560000, 0x00000007a6ab0000, 0x00000007a6ab0000)
  to   space 21824K,   0% used [0x00000007a6ab0000, 0x00000007a6ab0000, 0x00000007a8000000)
 concurrent mark-sweep generation total 393216K, used 182362K [0x00000007a8000000, 0x00000007c0000000, 0x00000007c0000000)
 Metaspace       used 35802K, capacity 36388K, committed 36784K, reserved 1081344K
  class space    used 4103K, capacity 4255K, committed 4272K, reserved 1048576K
2016-10-23T19:10:14.451+0800: 238.629: [GC (Allocation Failure) 2016-10-23T19:10:14.451+0800: 238.629: [ParNew
Desired survivor size 20112992 bytes, new threshold 8 (max 8)
- age   1:    6595984 bytes,    6595984 total
- age   2:    2350536 bytes,    8946520 total
- age   3:    1888296 bytes,   10834816 total
- age   4:    1768456 bytes,   12603272 total
- age   5:     962128 bytes,   13565400 total
- age   6:    1830832 bytes,   15396232 total
- age   7:    1228216 bytes,   16624448 total
- age   8:    1840216 bytes,   18464664 total
: 109248K->21824K(109248K), 0.0100019 secs] 291610K->211228K(502464K), 0.0100616 secs] [Times: user=0.03 sys=0.00, real=0.01 secs] 
Heap after GC invocations=485 (full 18):
 par new generation   total 109248K, used 21824K [0x00000007a0000000, 0x00000007a8000000, 0x00000007a8000000)
  eden space 87424K,   0% used [0x00000007a0000000, 0x00000007a0000000, 0x00000007a5560000)
  from space 21824K, 100% used [0x00000007a6ab0000, 0x00000007a8000000, 0x00000007a8000000)
  to   space 21824K,   0% used [0x00000007a5560000, 0x00000007a5560000, 0x00000007a6ab0000)
 concurrent mark-sweep generation total 393216K, used 189404K [0x00000007a8000000, 0x00000007c0000000, 0x00000007c0000000)
 Metaspace       used 35802K, capacity 36388K, committed 36784K, reserved 1081344K
  class space    used 4103K, capacity 4255K, committed 4272K, reserved 1048576K
}
2016-10-23T19:10:14.461+0800: 238.639: Total time for which application threads were stopped: 0.0102267 seconds, Stopping threads took: 0.0000288 seconds
{Heap before GC invocations=485 (full 18):
 par new generation   total 109248K, used 109248K [0x00000007a0000000, 0x00000007a8000000, 0x00000007a8000000)
  eden space 87424K, 100% used [0x00000007a0000000, 0x00000007a5560000, 0x00000007a5560000)
  from space 21824K, 100% used [0x00000007a6ab0000, 0x00000007a8000000, 0x00000007a8000000)
  to   space 21824K,   0% used [0x00000007a5560000, 0x00000007a5560000, 0x00000007a6ab0000)
 concurrent mark-sweep generation total 393216K, used 189404K [0x00000007a8000000, 0x00000007c0000000, 0x00000007c0000000)
 Metaspace       used 35802K, capacity 36388K, committed 36784K, reserved 1081344K
  class space    used 4103K, capacity 4255K, committed 4272K, reserved 1048576K
2016-10-23T19:10:14.743+0800: 238.921: [GC (Allocation Failure) 2016-10-23T19:10:14.743+0800: 238.921: [ParNew
Desired survivor size 20112992 bytes, new threshold 8 (max 8)
- age   1:    6841584 bytes,    6841584 total
- age   2:    3063376 bytes,    9904960 total
- age   3:    1144120 bytes,   11049080 total
- age   4:    1848568 bytes,   12897648 total
- age   5:    1726976 bytes,   14624624 total
- age   6:     789040 bytes,   15413664 total
- age   7:    1786096 bytes,   17199760 total
- age   8:    1193272 bytes,   18393032 total
: 109248K->21824K(109248K), 0.0081838 secs] 298652K->215290K(502464K), 0.0082550 secs] [Times: user=0.03 sys=0.00, real=0.01 secs] 
Heap after GC invocations=486 (full 18):
 par new generation   total 109248K, used 21824K [0x00000007a0000000, 0x00000007a8000000, 0x00000007a8000000)
  eden space 87424K,   0% used [0x00000007a0000000, 0x00000007a0000000, 0x00000007a5560000)
  from space 21824K, 100% used [0x00000007a5560000, 0x00000007a6ab0000, 0x00000007a6ab0000)
  to   space 21824K,   0% used [0x00000007a6ab0000, 0x00000007a6ab0000, 0x00000007a8000000)
 concurrent mark-sweep generation total 393216K, used 193466K [0x00000007a8000000, 0x00000007c0000000, 0x00000007c0000000)
 Metaspace       used 35802K, capacity 36388K, committed 36784K, reserved 1081344K
  class space    used 4103K, capacity 4255K, committed 4272K, reserved 1048576K
}
2016-10-23T19:10:14.751+0800: 238.929: Total time for which application threads were stopped: 0.0084448 seconds, Stopping threads took: 0.0000276 seconds
{Heap before GC invocations=486 (full 18):
 par new generation   total 109248K, used 109248K [0x00000007a0000000, 0x00000007a8000000, 0x00000007a8000000)
  eden space 87424K, 100% used [0x00000007a0000000, 0x00000007a5560000, 0x00000007a5560000)
  from space 21824K, 100% used [0x00000007a5560000, 0x00000007a6ab0000, 0x00000007a6ab0000)
  to   space 21824K,   0% used [0x00000007a6ab0000, 0x00000007a6ab0000, 0x00000007a8000000)
 concurrent mark-sweep generation total 393216K, used 193466K [0x00000007a8000000, 0x00000007c0000000, 0x00000007c0000000)
 Metaspace       used 35802K, capacity 36388K, committed 36784K, reserved 1081344K
  class space    used 4103K, capacity 4255K, committed 4272K, reserved 1048576K
2016-10-23T19:10:15.024+0800: 239.202: [GC (Allocation Failure) 2016-10-23T19:10:15.024+0800: 239.202: [ParNew
Desired survivor size 20112992 bytes, new threshold 8 (max 8)
- age   1:    7577624 bytes,    7577624 total
- age   2:    2492224 bytes,   10069848 total
- age   3:    1823112 bytes,   11892960 total
- age   4:    1128272 bytes,   13021232 total
- age   5:    1831080 bytes,   14852312 total
- age   6:    1710672 bytes,   16562984 total
- age   7:     771152 bytes,   17334136 total
- age   8:    1770664 bytes,   19104800 total
: 109248K->21824K(109248K), 0.0126565 secs] 302714K->220139K(502464K), 0.0127368 secs] [Times: user=0.05 sys=0.01, real=0.01 secs] 
Heap after GC invocations=487 (full 18):
 par new generation   total 109248K, used 21824K [0x00000007a0000000, 0x00000007a8000000, 0x00000007a8000000)
  eden space 87424K,   0% used [0x00000007a0000000, 0x00000007a0000000, 0x00000007a5560000)
  from space 21824K, 100% used [0x00000007a6ab0000, 0x00000007a8000000, 0x00000007a8000000)
  to   space 21824K,   0% used [0x00000007a5560000, 0x00000007a5560000, 0x00000007a6ab0000)
 concurrent mark-sweep generation total 393216K, used 198315K [0x00000007a8000000, 0x00000007c0000000, 0x00000007c0000000)
 Metaspace       used 35802K, capacity 36388K, committed 36784K, reserved 1081344K
  class space    used 4103K, capacity 4255K, committed 4272K, reserved 1048576K
}
2016-10-23T19:10:15.037+0800: 239.215: Total time for which application threads were stopped: 0.0129192 seconds, Stopping threads took: 0.0000238 seconds
2016-10-23T19:10:15.037+0800: 239.215: [GC (CMS Initial Mark) [1 CMS-initial-mark: 198315K(393216K)] 221872K(502464K), 0.0028099 secs] [Times: user=0.00 sys=0.00, real=0.01 secs] 
2016-10-23T19:10:15.040+0800: 239.218: Total time for which application threads were stopped: 0.0029534 seconds, Stopping threads took: 0.0000565 seconds
2016-10-23T19:10:15.040+0800: 239.218: [CMS-concurrent-mark-start]
2016-10-23T19:10:15.056+0800: 239.234: [CMS-concurrent-mark: 0.016/0.016 secs] [Times: user=0.08 sys=0.00, real=0.01 secs] 
2016-10-23T19:10:15.056+0800: 239.234: [CMS-concurrent-preclean-start]
2016-10-23T19:10:15.058+0800: 239.236: [CMS-concurrent-preclean: 0.001/0.001 secs] [Times: user=0.00 sys=0.00, real=0.00 secs] 
2016-10-23T19:10:15.058+0800: 239.236: [CMS-concurrent-abortable-preclean-start]
2016-10-23T19:10:15.211+0800: 239.389: [CMS-concurrent-abortable-preclean: 0.152/0.153 secs] [Times: user=0.30 sys=0.00, real=0.16 secs] 
2016-10-23T19:10:15.211+0800: 239.389: [GC (CMS Final Remark) [YG occupancy: 79006 K (109248 K)]{Heap before GC invocations=487 (full 19):
 par new generation   total 109248K, used 79006K [0x00000007a0000000, 0x00000007a8000000, 0x00000007a8000000)
  eden space 87424K,  65% used [0x00000007a0000000, 0x00000007a37d7b08, 0x00000007a5560000)
  from space 21824K, 100% used [0x00000007a6ab0000, 0x00000007a8000000, 0x00000007a8000000)
  to   space 21824K,   0% used [0x00000007a5560000, 0x00000007a5560000, 0x00000007a6ab0000)
 concurrent mark-sweep generation total 393216K, used 198315K [0x00000007a8000000, 0x00000007c0000000, 0x00000007c0000000)
 Metaspace       used 35802K, capacity 36388K, committed 36784K, reserved 1081344K
  class space    used 4103K, capacity 4255K, committed 4272K, reserved 1048576K
2016-10-23T19:10:15.211+0800: 239.389: [GC (CMS Final Remark) 2016-10-23T19:10:15.211+0800: 239.389: [ParNew
Desired survivor size 20112992 bytes, new threshold 8 (max 8)
- age   1:    6649072 bytes,    6649072 total
- age   2:    3084648 bytes,    9733720 total
- age   3:    1541944 bytes,   11275664 total
- age   4:    1693376 bytes,   12969040 total
- age   5:    1091472 bytes,   14060512 total
- age   6:    1792040 bytes,   15852552 total
- age   7:    1422672 bytes,   17275224 total
- age   8:     711384 bytes,   17986608 total
: 79006K->21824K(109248K), 0.0084766 secs] 277322K->224853K(502464K), 0.0085220 secs] [Times: user=0.03 sys=0.00, real=0.01 secs] 
Heap after GC invocations=488 (full 19):
 par new generation   total 109248K, used 21824K [0x00000007a0000000, 0x00000007a8000000, 0x00000007a8000000)
  eden space 87424K,   0% used [0x00000007a0000000, 0x00000007a0000000, 0x00000007a5560000)
  from space 21824K, 100% used [0x00000007a5560000, 0x00000007a6ab0000, 0x00000007a6ab0000)
  to   space 21824K,   0% used [0x00000007a6ab0000, 0x00000007a6ab0000, 0x00000007a8000000)
 concurrent mark-sweep generation total 393216K, used 203029K [0x00000007a8000000, 0x00000007c0000000, 0x00000007c0000000)
 Metaspace       used 35802K, capacity 36388K, committed 36784K, reserved 1081344K
  class space    used 4103K, capacity 4255K, committed 4272K, reserved 1048576K
}
2016-10-23T19:10:15.220+0800: 239.398: [Rescan (parallel) , 0.0035740 secs]2016-10-23T19:10:15.223+0800: 239.401: [weak refs processing, 0.0009152 secs]2016-10-23T19:10:15.224+0800: 239.402: [class unloading, 0.0103247 secs]2016-10-23T19:10:15.234+0800: 239.412: [scrub symbol table, 0.0060007 secs]2016-10-23T19:10:15.240+0800: 239.419: [scrub string table, 0.0012547 secs][1 CMS-remark: 203029K(393216K)] 224853K(502464K), 0.0309391 secs] [Times: user=0.06 sys=0.00, real=0.03 secs] 
2016-10-23T19:10:15.242+0800: 239.420: Total time for which application threads were stopped: 0.0311541 seconds, Stopping threads took: 0.0000624 seconds
2016-10-23T19:10:15.242+0800: 239.420: [CMS-concurrent-sweep-start]
2016-10-23T19:10:15.243+0800: 239.421: Total time for which application threads were stopped: 0.0003160 seconds, Stopping threads took: 0.0001123 seconds
2016-10-23T19:10:15.290+0800: 239.468: [CMS-concurrent-sweep: 0.047/0.047 secs] [Times: user=0.09 sys=0.00, real=0.05 secs] 
2016-10-23T19:10:15.290+0800: 239.468: [CMS-concurrent-reset-start]
2016-10-23T19:10:15.290+0800: 239.468: [CMS-concurrent-reset: 0.000/0.000 secs] [Times: user=0.00 sys=0.00, real=0.00 secs] 
{Heap before GC invocations=488 (full 19):
 par new generation   total 109248K, used 109248K [0x00000007a0000000, 0x00000007a8000000, 0x00000007a8000000)
  eden space 87424K, 100% used [0x00000007a0000000, 0x00000007a5560000, 0x00000007a5560000)
  from space 21824K, 100% used [0x00000007a5560000, 0x00000007a6ab0000, 0x00000007a6ab0000)
  to   space 21824K,   0% used [0x00000007a6ab0000, 0x00000007a6ab0000, 0x00000007a8000000)
 concurrent mark-sweep generation total 393216K, used 90460K [0x00000007a8000000, 0x00000007c0000000, 0x00000007c0000000)
 Metaspace       used 35802K, capacity 36388K, committed 36784K, reserved 1081344K
  class space    used 4103K, capacity 4255K, committed 4272K, reserved 1048576K
2016-10-23T19:10:15.533+0800: 239.711: [GC (Allocation Failure) 2016-10-23T19:10:15.533+0800: 239.711: [ParNew
Desired survivor size 20112992 bytes, new threshold 8 (max 8)
- age   1:    6648016 bytes,    6648016 total
- age   2:    6553312 bytes,   13201328 total
- age   3:    1127376 bytes,   14328704 total
- age   4:    1282856 bytes,   15611560 total
- age   5:    1494192 bytes,   17105752 total
- age   6:     935408 bytes,   18041160 total
- age   7:    1748056 bytes,   19789216 total
- age   8:     563352 bytes,   20352568 total
: 109248K->21824K(109248K), 0.0099272 secs] 199708K->116293K(502464K), 0.0100312 secs] [Times: user=0.03 sys=0.01, real=0.01 secs] 
Heap after GC invocations=489 (full 19):
 par new generation   total 109248K, used 21824K [0x00000007a0000000, 0x00000007a8000000, 0x00000007a8000000)
  eden space 87424K,   0% used [0x00000007a0000000, 0x00000007a0000000, 0x00000007a5560000)
  from space 21824K, 100% used [0x00000007a6ab0000, 0x00000007a8000000, 0x00000007a8000000)
  to   space 21824K,   0% used [0x00000007a5560000, 0x00000007a5560000, 0x00000007a6ab0000)
 concurrent mark-sweep generation total 393216K, used 94469K [0x00000007a8000000, 0x00000007c0000000, 0x00000007c0000000)
 Metaspace       used 35802K, capacity 36388K, committed 36784K, reserved 1081344K
  class space    used 4103K, capacity 4255K, committed 4272K, reserved 1048576K
}
2016-10-23T19:10:15.543+0800: 239.721: Total time for which application threads were stopped: 0.0102894 seconds, Stopping threads took: 0.0000307 seconds
{Heap before GC invocations=489 (full 19):
 par new generation   total 109248K, used 109248K [0x00000007a0000000, 0x00000007a8000000, 0x00000007a8000000)
  eden space 87424K, 100% used [0x00000007a0000000, 0x00000007a5560000, 0x00000007a5560000)
  from space 21824K, 100% used [0x00000007a6ab0000, 0x00000007a8000000, 0x00000007a8000000)
  to   space 21824K,   0% used [0x00000007a5560000, 0x00000007a5560000, 0x00000007a6ab0000)
 concurrent mark-sweep generation total 393216K, used 94469K [0x00000007a8000000, 0x00000007c0000000, 0x00000007c0000000)
 Metaspace       used 35802K, capacity 36388K, committed 36784K, reserved 1081344K
  class space    used 4103K, capacity 4255K, committed 4272K, reserved 1048576K
2016-10-23T19:10:15.841+0800: 240.019: [GC (Allocation Failure) 2016-10-23T19:10:15.841+0800: 240.019: [ParNew
Desired survivor size 20112992 bytes, new threshold 8 (max 8)
- age   1:    9170440 bytes,    9170440 total
- age   2:    5014080 bytes,   14184520 total
- age   3:    1652408 bytes,   15836928 total
- age   4:     749600 bytes,   16586528 total
- age   5:    1031496 bytes,   17618024 total
- age   6:    1245160 bytes,   18863184 total
- age   7:     763040 bytes,   19626224 total
- age   8:     624824 bytes,   20251048 total
: 109248K->21824K(109248K), 0.0113663 secs] 203717K->122942K(502464K), 0.0114508 secs] [Times: user=0.04 sys=0.00, real=0.01 secs] 
Heap after GC invocations=490 (full 19):
 par new generation   total 109248K, used 21824K [0x00000007a0000000, 0x00000007a8000000, 0x00000007a8000000)
  eden space 87424K,   0% used [0x00000007a0000000, 0x00000007a0000000, 0x00000007a5560000)
  from space 21824K, 100% used [0x00000007a5560000, 0x00000007a6ab0000, 0x00000007a6ab0000)
  to   space 21824K,   0% used [0x00000007a6ab0000, 0x00000007a6ab0000, 0x00000007a8000000)
 concurrent mark-sweep generation total 393216K, used 101118K [0x00000007a8000000, 0x00000007c0000000, 0x00000007c0000000)
 Metaspace       used 35802K, capacity 36388K, committed 36784K, reserved 1081344K
  class space    used 4103K, capacity 4255K, committed 4272K, reserved 1048576K
}
2016-10-23T19:10:15.852+0800: 240.030: Total time for which application threads were stopped: 0.0116610 seconds, Stopping threads took: 0.0000231 seconds
{Heap before GC invocations=490 (full 19):
 par new generation   total 109248K, used 109248K [0x00000007a0000000, 0x00000007a8000000, 0x00000007a8000000)
  eden space 87424K, 100% used [0x00000007a0000000, 0x00000007a5560000, 0x00000007a5560000)
  from space 21824K, 100% used [0x00000007a5560000, 0x00000007a6ab0000, 0x00000007a6ab0000)
  to   space 21824K,   0% used [0x00000007a6ab0000, 0x00000007a6ab0000, 0x00000007a8000000)
 concurrent mark-sweep generation total 393216K, used 101118K [0x00000007a8000000, 0x00000007c0000000, 0x00000007c0000000)
 Metaspace       used 35802K, capacity 36388K, committed 36784K, reserved 1081344K
  class space    used 4103K, capacity 4255K, committed 4272K, reserved 1048576K
2016-10-23T19:10:16.129+0800: 240.307: [GC (Allocation Failure) 2016-10-23T19:10:16.129+0800: 240.307: [ParNew
Desired survivor size 20112992 bytes, new threshold 8 (max 8)
- age   1:    3767480 bytes,    3767480 total
- age   2:    7133048 bytes,   10900528 total
- age   3:    3847976 bytes,   14748504 total
- age   4:    1624224 bytes,   16372728 total
- age   5:     725864 bytes,   17098592 total
- age   6:    1008992 bytes,   18107584 total
- age   7:    1230496 bytes,   19338080 total
- age   8:     757560 bytes,   20095640 total
: 109248K->21824K(109248K), 0.0089121 secs] 210366K->129860K(502464K), 0.0089892 secs] [Times: user=0.03 sys=0.00, real=0.01 secs] 
Heap after GC invocations=491 (full 19):
 par new generation   total 109248K, used 21824K [0x00000007a0000000, 0x00000007a8000000, 0x00000007a8000000)
  eden space 87424K,   0% used [0x00000007a0000000, 0x00000007a0000000, 0x00000007a5560000)
  from space 21824K, 100% used [0x00000007a6ab0000, 0x00000007a8000000, 0x00000007a8000000)
  to   space 21824K,   0% used [0x00000007a5560000, 0x00000007a5560000, 0x00000007a6ab0000)
 concurrent mark-sweep generation total 393216K, used 108036K [0x00000007a8000000, 0x00000007c0000000, 0x00000007c0000000)
 Metaspace       used 35802K, capacity 36388K, committed 36784K, reserved 1081344K
  class space    used 4103K, capacity 4255K, committed 4272K, reserved 1048576K
}
2016-10-23T19:10:16.138+0800: 240.316: Total time for which application threads were stopped: 0.0092019 seconds, Stopping threads took: 0.0000502 seconds
{Heap before GC invocations=491 (full 19):
 par new generation   total 109248K, used 109248K [0x00000007a0000000, 0x00000007a8000000, 0x00000007a8000000)
  eden space 87424K, 100% used [0x00000007a0000000, 0x00000007a5560000, 0x00000007a5560000)
  from space 21824K, 100% used [0x00000007a6ab0000, 0x00000007a8000000, 0x00000007a8000000)
  to   space 21824K,   0% used [0x00000007a5560000, 0x00000007a5560000, 0x00000007a6ab0000)
 concurrent mark-sweep generation total 393216K, used 108036K [0x00000007a8000000, 0x00000007c0000000, 0x00000007c0000000)
 Metaspace       used 35802K, capacity 36388K, committed 36784K, reserved 1081344K
  class space    used 4103K, capacity 4255K, committed 4272K, reserved 1048576K
2016-10-23T19:10:16.396+0800: 240.574: [GC (Allocation Failure) 2016-10-23T19:10:16.396+0800: 240.574: [ParNew
Desired survivor size 20112992 bytes, new threshold 8 (max 8)
- age   1:    6821864 bytes,    6821864 total
- age   2:    2221392 bytes,    9043256 total
- age   3:    2900456 bytes,   11943712 total
- age   4:    3523320 bytes,   15467032 total
- age   5:    1600664 bytes,   17067696 total
- age   6:     695272 bytes,   17762968 total
- age   7:     977400 bytes,   18740368 total
- age   8:    1195192 bytes,   19935560 total
: 109248K->21824K(109248K), 0.0098965 secs] 217284K->136761K(502464K), 0.0099581 secs] [Times: user=0.04 sys=0.00, real=0.01 secs] 
Heap after GC invocations=492 (full 19):
 par new generation   total 109248K, used 21824K [0x00000007a0000000, 0x00000007a8000000, 0x00000007a8000000)
  eden space 87424K,   0% used [0x00000007a0000000, 0x00000007a0000000, 0x00000007a5560000)
  from space 21824K, 100% used [0x00000007a5560000, 0x00000007a6ab0000, 0x00000007a6ab0000)
  to   space 21824K,   0% used [0x00000007a6ab0000, 0x00000007a6ab0000, 0x00000007a8000000)
 concurrent mark-sweep generation total 393216K, used 114937K [0x00000007a8000000, 0x00000007c0000000, 0x00000007c0000000)
 Metaspace       used 35802K, capacity 36388K, committed 36784K, reserved 1081344K
  class space    used 4103K, capacity 4255K, committed 4272K, reserved 1048576K
}
2016-10-23T19:10:16.406+0800: 240.584: Total time for which application threads were stopped: 0.0101429 seconds, Stopping threads took: 0.0000314 seconds
{Heap before GC invocations=492 (full 19):
 par new generation   total 109248K, used 108929K [0x00000007a0000000, 0x00000007a8000000, 0x00000007a8000000)
  eden space 87424K,  99% used [0x00000007a0000000, 0x00000007a5510560, 0x00000007a5560000)
  from space 21824K, 100% used [0x00000007a5560000, 0x00000007a6ab0000, 0x00000007a6ab0000)
  to   space 21824K,   0% used [0x00000007a6ab0000, 0x00000007a6ab0000, 0x00000007a8000000)
 concurrent mark-sweep generation total 393216K, used 114937K [0x00000007a8000000, 0x00000007c0000000, 0x00000007c0000000)
 Metaspace       used 35802K, capacity 36388K, committed 36784K, reserved 1081344K
  class space    used 4103K, capacity 4255K, committed 4272K, reserved 1048576K
2016-10-23T19:10:16.648+0800: 240.826: [GC (Allocation Failure) 2016-10-23T19:10:16.648+0800: 240.826: [ParNew
Desired survivor size 20112992 bytes, new threshold 8 (max 8)
- age   1:    3563168 bytes,    3563168 total
- age   2:    3803760 bytes,    7366928 total
- age   3:     710872 bytes,    8077800 total
- age   4:    2846328 bytes,   10924128 total
- age   5:    3492576 bytes,   14416704 total
- age   6:    1567936 bytes,   15984640 total
- age   7:     669672 bytes,   16654312 total
- age   8:     946960 bytes,   17601272 total
: 108929K->21824K(109248K), 0.0096471 secs] 223866K->142688K(502464K), 0.0097201 secs] [Times: user=0.03 sys=0.00, real=0.01 secs] 
Heap after GC invocations=493 (full 19):
 par new generation   total 109248K, used 21824K [0x00000007a0000000, 0x00000007a8000000, 0x00000007a8000000)
  eden space 87424K,   0% used [0x00000007a0000000, 0x00000007a0000000, 0x00000007a5560000)
  from space 21824K, 100% used [0x00000007a6ab0000, 0x00000007a8000000, 0x00000007a8000000)
  to   space 21824K,   0% used [0x00000007a5560000, 0x00000007a5560000, 0x00000007a6ab0000)
 concurrent mark-sweep generation total 393216K, used 120864K [0x00000007a8000000, 0x00000007c0000000, 0x00000007c0000000)
 Metaspace       used 35802K, capacity 36388K, committed 36784K, reserved 1081344K
  class space    used 4103K, capacity 4255K, committed 4272K, reserved 1048576K
}
2016-10-23T19:10:16.657+0800: 240.835: Total time for which application threads were stopped: 0.0099017 seconds, Stopping threads took: 0.0000312 seconds
{Heap before GC invocations=493 (full 19):
 par new generation   total 109248K, used 108910K [0x00000007a0000000, 0x00000007a8000000, 0x00000007a8000000)
  eden space 87424K,  99% used [0x00000007a0000000, 0x00000007a550bac0, 0x00000007a5560000)
  from space 21824K, 100% used [0x00000007a6ab0000, 0x00000007a8000000, 0x00000007a8000000)
  to   space 21824K,   0% used [0x00000007a5560000, 0x00000007a5560000, 0x00000007a6ab0000)
 concurrent mark-sweep generation total 393216K, used 120864K [0x00000007a8000000, 0x00000007c0000000, 0x00000007c0000000)
 Metaspace       used 35802K, capacity 36388K, committed 36784K, reserved 1081344K
  class space    used 4103K, capacity 4255K, committed 4272K, reserved 1048576K
2016-10-23T19:10:16.881+0800: 241.059: [GC (Allocation Failure) 2016-10-23T19:10:16.881+0800: 241.059: [ParNew
Desired survivor size 20112992 bytes, new threshold 6 (max 8)
- age   1:    9758544 bytes,    9758544 total
- age   2:    2425024 bytes,   12183568 total
- age   3:    1621712 bytes,   13805280 total
- age   4:     648416 bytes,   14453696 total
- age   5:    2774992 bytes,   17228688 total
- age   6:    2921048 bytes,   20149736 total
- age   7:    1539128 bytes,   21688864 total
- age   8:     626296 bytes,   22315160 total
: 108910K->21824K(109248K), 0.0102433 secs] 229774K->148272K(502464K), 0.0103040 secs] [Times: user=0.03 sys=0.00, real=0.01 secs] 
Heap after GC invocations=494 (full 19):
 par new generation   total 109248K, used 21824K [0x00000007a0000000, 0x00000007a8000000, 0x00000007a8000000)
  eden space 87424K,   0% used [0x00000007a0000000, 0x00000007a0000000, 0x00000007a5560000)
  from space 21824K, 100% used [0x00000007a5560000, 0x00000007a6ab0000, 0x00000007a6ab0000)
  to   space 21824K,   0% used [0x00000007a6ab0000, 0x00000007a6ab0000, 0x00000007a8000000)
 concurrent mark-sweep generation total 393216K, used 126448K [0x00000007a8000000, 0x00000007c0000000, 0x00000007c0000000)
 Metaspace       used 35802K, capacity 36388K, committed 36784K, reserved 1081344K
  class space    used 4103K, capacity 4255K, committed 4272K, reserved 1048576K
}
2016-10-23T19:10:16.891+0800: 241.069: Total time for which application threads were stopped: 0.0104702 seconds, Stopping threads took: 0.0000314 seconds
{Heap before GC invocations=494 (full 19):
 par new generation   total 109248K, used 109248K [0x00000007a0000000, 0x00000007a8000000, 0x00000007a8000000)
  eden space 87424K, 100% used [0x00000007a0000000, 0x00000007a5560000, 0x00000007a5560000)
  from space 21824K, 100% used [0x00000007a5560000, 0x00000007a6ab0000, 0x00000007a6ab0000)
  to   space 21824K,   0% used [0x00000007a6ab0000, 0x00000007a6ab0000, 0x00000007a8000000)
 concurrent mark-sweep generation total 393216K, used 126448K [0x00000007a8000000, 0x00000007c0000000, 0x00000007c0000000)
 Metaspace       used 35802K, capacity 36388K, committed 36784K, reserved 1081344K
  class space    used 4103K, capacity 4255K, committed 4272K, reserved 1048576K
2016-10-23T19:10:17.129+0800: 241.307: [GC (Allocation Failure) 2016-10-23T19:10:17.129+0800: 241.307: [ParNew
Desired survivor size 20112992 bytes, new threshold 8 (max 8)
- age   1:    5924016 bytes,    5924016 total
- age   2:    9724856 bytes,   15648872 total
- age   3:    1156184 bytes,   16805056 total
- age   4:     893208 bytes,   17698264 total
- age   5:     641928 bytes,   18340192 total
- age   6:     672856 bytes,   19013048 total
: 109248K->21824K(109248K), 0.0096455 secs] 235696K->157456K(502464K), 0.0097295 secs] [Times: user=0.03 sys=0.00, real=0.01 secs] 
Heap after GC invocations=495 (full 19):
 par new generation   total 109248K, used 21824K [0x00000007a0000000, 0x00000007a8000000, 0x00000007a8000000)
  eden space 87424K,   0% used [0x00000007a0000000, 0x00000007a0000000, 0x00000007a5560000)
  from space 21824K, 100% used [0x00000007a6ab0000, 0x00000007a8000000, 0x00000007a8000000)
  to   space 21824K,   0% used [0x00000007a5560000, 0x00000007a5560000, 0x00000007a6ab0000)
 concurrent mark-sweep generation total 393216K, used 135632K [0x00000007a8000000, 0x00000007c0000000, 0x00000007c0000000)
 Metaspace       used 35802K, capacity 36388K, committed 36784K, reserved 1081344K
  class space    used 4103K, capacity 4255K, committed 4272K, reserved 1048576K
}
2016-10-23T19:10:17.139+0800: 241.317: Total time for which application threads were stopped: 0.0099075 seconds, Stopping threads took: 0.0000318 seconds
{Heap before GC invocations=495 (full 19):
 par new generation   total 109248K, used 109248K [0x00000007a0000000, 0x00000007a8000000, 0x00000007a8000000)
  eden space 87424K, 100% used [0x00000007a0000000, 0x00000007a5560000, 0x00000007a5560000)
  from space 21824K, 100% used [0x00000007a6ab0000, 0x00000007a8000000, 0x00000007a8000000)
  to   space 21824K,   0% used [0x00000007a5560000, 0x00000007a5560000, 0x00000007a6ab0000)
 concurrent mark-sweep generation total 393216K, used 135632K [0x00000007a8000000, 0x00000007c0000000, 0x00000007c0000000)
 Metaspace       used 35802K, capacity 36388K, committed 36784K, reserved 1081344K
  class space    used 4103K, capacity 4255K, committed 4272K, reserved 1048576K
2016-10-23T19:10:17.384+0800: 241.562: [GC (Allocation Failure) 2016-10-23T19:10:17.384+0800: 241.562: [ParNew
Desired survivor size 20112992 bytes, new threshold 8 (max 8)
- age   1:    6775552 bytes,    6775552 total
- age   2:    3471640 bytes,   10247192 total
- age   3:    5468360 bytes,   15715552 total
- age   4:     868112 bytes,   16583664 total
- age   5:     666456 bytes,   17250120 total
- age   6:     624552 bytes,   17874672 total
- age   7:     625936 bytes,   18500608 total
: 109248K->21824K(109248K), 0.0082891 secs] 244880K->161477K(502464K), 0.0083706 secs] [Times: user=0.03 sys=0.01, real=0.01 secs] 
Heap after GC invocations=496 (full 19):
 par new generation   total 109248K, used 21824K [0x00000007a0000000, 0x00000007a8000000, 0x00000007a8000000)
  eden space 87424K,   0% used [0x00000007a0000000, 0x00000007a0000000, 0x00000007a5560000)
  from space 21824K, 100% used [0x00000007a5560000, 0x00000007a6ab0000, 0x00000007a6ab0000)
  to   space 21824K,   0% used [0x00000007a6ab0000, 0x00000007a6ab0000, 0x00000007a8000000)
 concurrent mark-sweep generation total 393216K, used 139653K [0x00000007a8000000, 0x00000007c0000000, 0x00000007c0000000)
 Metaspace       used 35802K, capacity 36388K, committed 36784K, reserved 1081344K
  class space    used 4103K, capacity 4255K, committed 4272K, reserved 1048576K
}
2016-10-23T19:10:17.392+0800: 241.570: Total time for which application threads were stopped: 0.0085374 seconds, Stopping threads took: 0.0000282 seconds
{Heap before GC invocations=496 (full 19):
 par new generation   total 109248K, used 109248K [0x00000007a0000000, 0x00000007a8000000, 0x00000007a8000000)
  eden space 87424K, 100% used [0x00000007a0000000, 0x00000007a5560000, 0x00000007a5560000)
  from space 21824K, 100% used [0x00000007a5560000, 0x00000007a6ab0000, 0x00000007a6ab0000)
  to   space 21824K,   0% used [0x00000007a6ab0000, 0x00000007a6ab0000, 0x00000007a8000000)
 concurrent mark-sweep generation total 393216K, used 139653K [0x00000007a8000000, 0x00000007c0000000, 0x00000007c0000000)
 Metaspace       used 35802K, capacity 36388K, committed 36784K, reserved 1081344K
  class space    used 4103K, capacity 4255K, committed 4272K, reserved 1048576K
2016-10-23T19:10:17.623+0800: 241.801: [GC (Allocation Failure) 2016-10-23T19:10:17.623+0800: 241.801: [ParNew
Desired survivor size 20112992 bytes, new threshold 8 (max 8)
- age   1:    3680320 bytes,    3680320 total
- age   2:    6774376 bytes,   10454696 total
- age   3:    3224696 bytes,   13679392 total
- age   4:    2408152 bytes,   16087544 total
- age   5:     868008 bytes,   16955552 total
- age   6:     666456 bytes,   17622008 total
- age   7:     624552 bytes,   18246560 total
- age   8:     625936 bytes,   18872496 total
: 109248K->21824K(109248K), 0.0083889 secs] 248901K->167541K(502464K), 0.0084556 secs] [Times: user=0.03 sys=0.00, real=0.01 secs] 
Heap after GC invocations=497 (full 19):
 par new generation   total 109248K, used 21824K [0x00000007a0000000, 0x00000007a8000000, 0x00000007a8000000)
  eden space 87424K,   0% used [0x00000007a0000000, 0x00000007a0000000, 0x00000007a5560000)
  from space 21824K, 100% used [0x00000007a6ab0000, 0x00000007a8000000, 0x00000007a8000000)
  to   space 21824K,   0% used [0x00000007a5560000, 0x00000007a5560000, 0x00000007a6ab0000)
 concurrent mark-sweep generation total 393216K, used 145717K [0x00000007a8000000, 0x00000007c0000000, 0x00000007c0000000)
 Metaspace       used 35802K, capacity 36388K, committed 36784K, reserved 1081344K
  class space    used 4103K, capacity 4255K, committed 4272K, reserved 1048576K
}
2016-10-23T19:10:17.632+0800: 241.810: Total time for which application threads were stopped: 0.0086207 seconds, Stopping threads took: 0.0000296 seconds
{Heap before GC invocations=497 (full 19):
 par new generation   total 109248K, used 109248K [0x00000007a0000000, 0x00000007a8000000, 0x00000007a8000000)
  eden space 87424K, 100% used [0x00000007a0000000, 0x00000007a5560000, 0x00000007a5560000)
  from space 21824K, 100% used [0x00000007a6ab0000, 0x00000007a8000000, 0x00000007a8000000)
  to   space 21824K,   0% used [0x00000007a5560000, 0x00000007a5560000, 0x00000007a6ab0000)
 concurrent mark-sweep generation total 393216K, used 145717K [0x00000007a8000000, 0x00000007c0000000, 0x00000007c0000000)
 Metaspace       used 35802K, capacity 36388K, committed 36784K, reserved 1081344K
  class space    used 4103K, capacity 4255K, committed 4272K, reserved 1048576K
2016-10-23T19:10:17.871+0800: 242.049: [GC (Allocation Failure) 2016-10-23T19:10:17.871+0800: 242.049: [ParNew
Desired survivor size 20112992 bytes, new threshold 8 (max 8)
- age   1:    8569784 bytes,    8569784 total
- age   2:    3361312 bytes,   11931096 total
- age   3:    1236896 bytes,   13167992 total
- age   4:    1698032 bytes,   14866024 total
- age   5:    2362832 bytes,   17228856 total
- age   6:     825112 bytes,   18053968 total
- age   7:     600328 bytes,   18654296 total
- age   8:     590264 bytes,   19244560 total
: 109248K->21824K(109248K), 0.0127502 secs] 254965K->171498K(502464K), 0.0128260 secs] [Times: user=0.04 sys=0.00, real=0.01 secs] 
Heap after GC invocations=498 (full 19):
 par new generation   total 109248K, used 21824K [0x00000007a0000000, 0x00000007a8000000, 0x00000007a8000000)
  eden space 87424K,   0% used [0x00000007a0000000, 0x00000007a0000000, 0x00000007a5560000)
  from space 21824K, 100% used [0x00000007a5560000, 0x00000007a6ab0000, 0x00000007a6ab0000)
  to   space 21824K,   0% used [0x00000007a6ab0000, 0x00000007a6ab0000, 0x00000007a8000000)
 concurrent mark-sweep generation total 393216K, used 149674K [0x00000007a8000000, 0x00000007c0000000, 0x00000007c0000000)
 Metaspace       used 35802K, capacity 36388K, committed 36784K, reserved 1081344K
  class space    used 4103K, capacity 4255K, committed 4272K, reserved 1048576K
}
2016-10-23T19:10:17.883+0800: 242.062: Total time for which application threads were stopped: 0.0130398 seconds, Stopping threads took: 0.0000336 seconds
{Heap before GC invocations=498 (full 19):
 par new generation   total 109248K, used 108592K [0x00000007a0000000, 0x00000007a8000000, 0x00000007a8000000)
  eden space 87424K,  99% used [0x00000007a0000000, 0x00000007a54bc128, 0x00000007a5560000)
  from space 21824K, 100% used [0x00000007a5560000, 0x00000007a6ab0000, 0x00000007a6ab0000)
  to   space 21824K,   0% used [0x00000007a6ab0000, 0x00000007a6ab0000, 0x00000007a8000000)
 concurrent mark-sweep generation total 393216K, used 149674K [0x00000007a8000000, 0x00000007c0000000, 0x00000007c0000000)
 Metaspace       used 35802K, capacity 36388K, committed 36784K, reserved 1081344K
  class space    used 4103K, capacity 4255K, committed 4272K, reserved 1048576K
2016-10-23T19:10:18.134+0800: 242.312: [GC (Allocation Failure) 2016-10-23T19:10:18.134+0800: 242.312: [ParNew
Desired survivor size 20112992 bytes, new threshold 6 (max 8)
- age   1:    7930928 bytes,    7930928 total
- age   2:    6449520 bytes,   14380448 total
- age   3:    2003808 bytes,   16384256 total
- age   4:     941744 bytes,   17326000 total
- age   5:    1040528 bytes,   18366528 total
- age   6:    2298472 bytes,   20665000 total
- age   7:     799824 bytes,   21464824 total
- age   8:     581272 bytes,   22046096 total
: 108592K->21824K(109248K), 0.0106177 secs] 258266K->177406K(502464K), 0.0106897 secs] [Times: user=0.04 sys=0.00, real=0.01 secs] 
Heap after GC invocations=499 (full 19):
 par new generation   total 109248K, used 21824K [0x00000007a0000000, 0x00000007a8000000, 0x00000007a8000000)
  eden space 87424K,   0% used [0x00000007a0000000, 0x00000007a0000000, 0x00000007a5560000)
  from space 21824K, 100% used [0x00000007a6ab0000, 0x00000007a8000000, 0x00000007a8000000)
  to   space 21824K,   0% used [0x00000007a5560000, 0x00000007a5560000, 0x00000007a6ab0000)
 concurrent mark-sweep generation total 393216K, used 155582K [0x00000007a8000000, 0x00000007c0000000, 0x00000007c0000000)
 Metaspace       used 35802K, capacity 36388K, committed 36784K, reserved 1081344K
  class space    used 4103K, capacity 4255K, committed 4272K, reserved 1048576K
}
2016-10-23T19:10:18.145+0800: 242.323: Total time for which application threads were stopped: 0.0108625 seconds, Stopping threads took: 0.0000305 seconds
{Heap before GC invocations=499 (full 19):
 par new generation   total 109248K, used 109248K [0x00000007a0000000, 0x00000007a8000000, 0x00000007a8000000)
  eden space 87424K, 100% used [0x00000007a0000000, 0x00000007a5560000, 0x00000007a5560000)
  from space 21824K, 100% used [0x00000007a6ab0000, 0x00000007a8000000, 0x00000007a8000000)
  to   space 21824K,   0% used [0x00000007a5560000, 0x00000007a5560000, 0x00000007a6ab0000)
 concurrent mark-sweep generation total 393216K, used 155582K [0x00000007a8000000, 0x00000007c0000000, 0x00000007c0000000)
 Metaspace       used 35802K, capacity 36388K, committed 36784K, reserved 1081344K
  class space    used 4103K, capacity 4255K, committed 4272K, reserved 1048576K
2016-10-23T19:10:18.408+0800: 242.586: [GC (Allocation Failure) 2016-10-23T19:10:18.408+0800: 242.586: [ParNew
Desired survivor size 20112992 bytes, new threshold 8 (max 8)
- age   1:    6718320 bytes,    6718320 total
- age   2:    2653744 bytes,    9372064 total
- age   3:    6282256 bytes,   15654320 total
- age   4:     951024 bytes,   16605344 total
- age   5:     773136 bytes,   17378480 total
- age   6:     888856 bytes,   18267336 total
: 109248K->21824K(109248K), 0.0102458 secs] 264830K->189023K(502464K), 0.0103226 secs] [Times: user=0.04 sys=0.01, real=0.01 secs] 
Heap after GC invocations=500 (full 19):
 par new generation   total 109248K, used 21824K [0x00000007a0000000, 0x00000007a8000000, 0x00000007a8000000)
  eden space 87424K,   0% used [0x00000007a0000000, 0x00000007a0000000, 0x00000007a5560000)
  from space 21824K, 100% used [0x00000007a5560000, 0x00000007a6ab0000, 0x00000007a6ab0000)
  to   space 21824K,   0% used [0x00000007a6ab0000, 0x00000007a6ab0000, 0x00000007a8000000)
 concurrent mark-sweep generation total 393216K, used 167199K [0x00000007a8000000, 0x00000007c0000000, 0x00000007c0000000)
 Metaspace       used 35802K, capacity 36388K, committed 36784K, reserved 1081344K
  class space    used 4103K, capacity 4255K, committed 4272K, reserved 1048576K
}
2016-10-23T19:10:18.418+0800: 242.596: Total time for which application threads were stopped: 0.0105040 seconds, Stopping threads took: 0.0000302 seconds
{Heap before GC invocations=500 (full 19):
 par new generation   total 109248K, used 109248K [0x00000007a0000000, 0x00000007a8000000, 0x00000007a8000000)
  eden space 87424K, 100% used [0x00000007a0000000, 0x00000007a5560000, 0x00000007a5560000)
  from space 21824K, 100% used [0x00000007a5560000, 0x00000007a6ab0000, 0x00000007a6ab0000)
  to   space 21824K,   0% used [0x00000007a6ab0000, 0x00000007a6ab0000, 0x00000007a8000000)
 concurrent mark-sweep generation total 393216K, used 167199K [0x00000007a8000000, 0x00000007c0000000, 0x00000007c0000000)
 Metaspace       used 35802K, capacity 36388K, committed 36784K, reserved 1081344K
  class space    used 4103K, capacity 4255K, committed 4272K, reserved 1048576K
2016-10-23T19:10:18.649+0800: 242.827: [GC (Allocation Failure) 2016-10-23T19:10:18.649+0800: 242.827: [ParNew
Desired survivor size 20112992 bytes, new threshold 5 (max 8)
- age   1:   10280376 bytes,   10280376 total
- age   2:    4639480 bytes,   14919856 total
- age   3:    2363320 bytes,   17283176 total
- age   4:    2137760 bytes,   19420936 total
- age   5:     915416 bytes,   20336352 total
- age   6:     703920 bytes,   21040272 total
- age   7:     798560 bytes,   21838832 total
: 109248K->21824K(109248K), 0.0091158 secs] 276447K->193035K(502464K), 0.0091835 secs] [Times: user=0.03 sys=0.00, real=0.01 secs] 
Heap after GC invocations=501 (full 19):
 par new generation   total 109248K, used 21824K [0x00000007a0000000, 0x00000007a8000000, 0x00000007a8000000)
  eden space 87424K,   0% used [0x00000007a0000000, 0x00000007a0000000, 0x00000007a5560000)
  from space 21824K, 100% used [0x00000007a6ab0000, 0x00000007a8000000, 0x00000007a8000000)
  to   space 21824K,   0% used [0x00000007a5560000, 0x00000007a5560000, 0x00000007a6ab0000)
 concurrent mark-sweep generation total 393216K, used 171211K [0x00000007a8000000, 0x00000007c0000000, 0x00000007c0000000)
 Metaspace       used 35802K, capacity 36388K, committed 36784K, reserved 1081344K
  class space    used 4103K, capacity 4255K, committed 4272K, reserved 1048576K
}
2016-10-23T19:10:18.658+0800: 242.836: Total time for which application threads were stopped: 0.0093512 seconds, Stopping threads took: 0.0000287 seconds
{Heap before GC invocations=501 (full 19):
 par new generation   total 109248K, used 108919K [0x00000007a0000000, 0x00000007a8000000, 0x00000007a8000000)
  eden space 87424K,  99% used [0x00000007a0000000, 0x00000007a550dca8, 0x00000007a5560000)
  from space 21824K, 100% used [0x00000007a6ab0000, 0x00000007a8000000, 0x00000007a8000000)
  to   space 21824K,   0% used [0x00000007a5560000, 0x00000007a5560000, 0x00000007a6ab0000)
 concurrent mark-sweep generation total 393216K, used 171211K [0x00000007a8000000, 0x00000007c0000000, 0x00000007c0000000)
 Metaspace       used 35802K, capacity 36388K, committed 36784K, reserved 1081344K
  class space    used 4103K, capacity 4255K, committed 4272K, reserved 1048576K
2016-10-23T19:10:18.920+0800: 243.098: [GC (Allocation Failure) 2016-10-23T19:10:18.920+0800: 243.098: [ParNew
Desired survivor size 20112992 bytes, new threshold 5 (max 8)
- age   1:    7180760 bytes,    7180760 total
- age   2:    4827192 bytes,   12007952 total
- age   3:    4638696 bytes,   16646648 total
- age   4:    2073504 bytes,   18720152 total
- age   5:    2136560 bytes,   20856712 total
: 108919K->21824K(109248K), 0.0102643 secs] 280130K->202344K(502464K), 0.0103424 secs] [Times: user=0.04 sys=0.00, real=0.01 secs] 
Heap after GC invocations=502 (full 19):
 par new generation   total 109248K, used 21824K [0x00000007a0000000, 0x00000007a8000000, 0x00000007a8000000)
  eden space 87424K,   0% used [0x00000007a0000000, 0x00000007a0000000, 0x00000007a5560000)
  from space 21824K, 100% used [0x00000007a5560000, 0x00000007a6ab0000, 0x00000007a6ab0000)
  to   space 21824K,   0% used [0x00000007a6ab0000, 0x00000007a6ab0000, 0x00000007a8000000)
 concurrent mark-sweep generation total 393216K, used 180520K [0x00000007a8000000, 0x00000007c0000000, 0x00000007c0000000)
 Metaspace       used 35802K, capacity 36388K, committed 36784K, reserved 1081344K
  class space    used 4103K, capacity 4255K, committed 4272K, reserved 1048576K
}
2016-10-23T19:10:18.930+0800: 243.108: Total time for which application threads were stopped: 0.0105058 seconds, Stopping threads took: 0.0000203 seconds
{Heap before GC invocations=502 (full 19):
 par new generation   total 109248K, used 109248K [0x00000007a0000000, 0x00000007a8000000, 0x00000007a8000000)
  eden space 87424K, 100% used [0x00000007a0000000, 0x00000007a5560000, 0x00000007a5560000)
  from space 21824K, 100% used [0x00000007a5560000, 0x00000007a6ab0000, 0x00000007a6ab0000)
  to   space 21824K,   0% used [0x00000007a6ab0000, 0x00000007a6ab0000, 0x00000007a8000000)
 concurrent mark-sweep generation total 393216K, used 180520K [0x00000007a8000000, 0x00000007c0000000, 0x00000007c0000000)
 Metaspace       used 35802K, capacity 36388K, committed 36784K, reserved 1081344K
  class space    used 4103K, capacity 4255K, committed 4272K, reserved 1048576K
2016-10-23T19:10:19.219+0800: 243.397: [GC (Allocation Failure) 2016-10-23T19:10:19.219+0800: 243.397: [ParNew
Desired survivor size 20112992 bytes, new threshold 5 (max 8)
- age   1:    3687152 bytes,    3687152 total
- age   2:    6081160 bytes,    9768312 total
- age   3:    4827192 bytes,   14595504 total
- age   4:    3579512 bytes,   18175016 total
- age   5:    2073504 bytes,   20248520 total
: 109248K->21824K(109248K), 0.0099339 secs] 289768K->214151K(502464K), 0.0099889 secs] [Times: user=0.04 sys=0.00, real=0.01 secs] 
Heap after GC invocations=503 (full 19):
 par new generation   total 109248K, used 21824K [0x00000007a0000000, 0x00000007a8000000, 0x00000007a8000000)
  eden space 87424K,   0% used [0x00000007a0000000, 0x00000007a0000000, 0x00000007a5560000)
  from space 21824K, 100% used [0x00000007a6ab0000, 0x00000007a8000000, 0x00000007a8000000)
  to   space 21824K,   0% used [0x00000007a5560000, 0x00000007a5560000, 0x00000007a6ab0000)
 concurrent mark-sweep generation total 393216K, used 192327K [0x00000007a8000000, 0x00000007c0000000, 0x00000007c0000000)
 Metaspace       used 35802K, capacity 36388K, committed 36784K, reserved 1081344K
  class space    used 4103K, capacity 4255K, committed 4272K, reserved 1048576K
}
2016-10-23T19:10:19.229+0800: 243.407: Total time for which application threads were stopped: 0.0101440 seconds, Stopping threads took: 0.0000185 seconds
{Heap before GC invocations=503 (full 19):
 par new generation   total 109248K, used 109248K [0x00000007a0000000, 0x00000007a8000000, 0x00000007a8000000)
  eden space 87424K, 100% used [0x00000007a0000000, 0x00000007a5560000, 0x00000007a5560000)
  from space 21824K, 100% used [0x00000007a6ab0000, 0x00000007a8000000, 0x00000007a8000000)
  to   space 21824K,   0% used [0x00000007a5560000, 0x00000007a5560000, 0x00000007a6ab0000)
 concurrent mark-sweep generation total 393216K, used 192327K [0x00000007a8000000, 0x00000007c0000000, 0x00000007c0000000)
 Metaspace       used 35802K, capacity 36388K, committed 36784K, reserved 1081344K
  class space    used 4103K, capacity 4255K, committed 4272K, reserved 1048576K
2016-10-23T19:10:19.473+0800: 243.651: [GC (Allocation Failure) 2016-10-23T19:10:19.473+0800: 243.652: [ParNew
Desired survivor size 20112992 bytes, new threshold 5 (max 8)
- age   1:    8078752 bytes,    8078752 total
- age   2:    2922392 bytes,   11001144 total
- age   3:    4495536 bytes,   15496680 total
- age   4:    2251832 bytes,   17748512 total
- age   5:    3556344 bytes,   21304856 total
: 109248K->21824K(109248K), 0.0107431 secs] 301575K->223489K(502464K), 0.0108201 secs] [Times: user=0.04 sys=0.00, real=0.01 secs] 
Heap after GC invocations=504 (full 19):
 par new generation   total 109248K, used 21824K [0x00000007a0000000, 0x00000007a8000000, 0x00000007a8000000)
  eden space 87424K,   0% used [0x00000007a0000000, 0x00000007a0000000, 0x00000007a5560000)
  from space 21824K, 100% used [0x00000007a5560000, 0x00000007a6ab0000, 0x00000007a6ab0000)
  to   space 21824K,   0% used [0x00000007a6ab0000, 0x00000007a6ab0000, 0x00000007a8000000)
 concurrent mark-sweep generation total 393216K, used 201665K [0x00000007a8000000, 0x00000007c0000000, 0x00000007c0000000)
 Metaspace       used 35802K, capacity 36388K, committed 36784K, reserved 1081344K
  class space    used 4103K, capacity 4255K, committed 4272K, reserved 1048576K
}
2016-10-23T19:10:19.484+0800: 243.662: Total time for which application threads were stopped: 0.0109718 seconds, Stopping threads took: 0.0000201 seconds
2016-10-23T19:10:19.484+0800: 243.663: [GC (CMS Initial Mark) [1 CMS-initial-mark: 201665K(393216K)] 225230K(502464K), 0.0014801 secs] [Times: user=0.01 sys=0.00, real=0.00 secs] 
2016-10-23T19:10:19.486+0800: 243.664: Total time for which application threads were stopped: 0.0016423 seconds, Stopping threads took: 0.0000738 seconds
2016-10-23T19:10:19.486+0800: 243.664: [CMS-concurrent-mark-start]
2016-10-23T19:10:19.518+0800: 243.696: [CMS-concurrent-mark: 0.032/0.032 secs] [Times: user=0.15 sys=0.00, real=0.03 secs] 
2016-10-23T19:10:19.518+0800: 243.696: [CMS-concurrent-preclean-start]
2016-10-23T19:10:19.520+0800: 243.698: [CMS-concurrent-preclean: 0.002/0.002 secs] [Times: user=0.00 sys=0.00, real=0.01 secs] 
2016-10-23T19:10:19.520+0800: 243.698: [CMS-concurrent-abortable-preclean-start]
2016-10-23T19:10:19.963+0800: 244.142: [CMS-concurrent-abortable-preclean: 0.143/0.444 secs] [Times: user=0.59 sys=0.01, real=0.44 secs] 
2016-10-23T19:10:19.964+0800: 244.142: [GC (CMS Final Remark) [YG occupancy: 67754 K (109248 K)]{Heap before GC invocations=504 (full 20):
 par new generation   total 109248K, used 67754K [0x00000007a0000000, 0x00000007a8000000, 0x00000007a8000000)
  eden space 87424K,  52% used [0x00000007a0000000, 0x00000007a2cda998, 0x00000007a5560000)
  from space 21824K, 100% used [0x00000007a5560000, 0x00000007a6ab0000, 0x00000007a6ab0000)
  to   space 21824K,   0% used [0x00000007a6ab0000, 0x00000007a6ab0000, 0x00000007a8000000)
 concurrent mark-sweep generation total 393216K, used 201665K [0x00000007a8000000, 0x00000007c0000000, 0x00000007c0000000)
 Metaspace       used 35802K, capacity 36388K, committed 36784K, reserved 1081344K
  class space    used 4103K, capacity 4255K, committed 4272K, reserved 1048576K
2016-10-23T19:10:19.964+0800: 244.142: [GC (CMS Final Remark) 2016-10-23T19:10:19.964+0800: 244.142: [ParNew
Desired survivor size 20112992 bytes, new threshold 8 (max 8)
- age   1:     608984 bytes,     608984 total
- age   2:    7997224 bytes,    8606208 total
- age   3:    2842568 bytes,   11448776 total
- age   4:    4413456 bytes,   15862232 total
- age   5:    2174264 bytes,   18036496 total
: 67754K->21002K(109248K), 0.0091363 secs] 269419K->226081K(502464K), 0.0092089 secs] [Times: user=0.03 sys=0.00, real=0.01 secs] 
Heap after GC invocations=505 (full 20):
 par new generation   total 109248K, used 21002K [0x00000007a0000000, 0x00000007a8000000, 0x00000007a8000000)
  eden space 87424K,   0% used [0x00000007a0000000, 0x00000007a0000000, 0x00000007a5560000)
  from space 21824K,  96% used [0x00000007a6ab0000, 0x00000007a7f32ab0, 0x00000007a8000000)
  to   space 21824K,   0% used [0x00000007a5560000, 0x00000007a5560000, 0x00000007a6ab0000)
 concurrent mark-sweep generation total 393216K, used 205079K [0x00000007a8000000, 0x00000007c0000000, 0x00000007c0000000)
 Metaspace       used 35802K, capacity 36388K, committed 36784K, reserved 1081344K
  class space    used 4103K, capacity 4255K, committed 4272K, reserved 1048576K
}
2016-10-23T19:10:19.973+0800: 244.151: [Rescan (parallel) , 0.0044983 secs]2016-10-23T19:10:19.978+0800: 244.156: [weak refs processing, 0.0008917 secs]2016-10-23T19:10:19.978+0800: 244.157: [class unloading, 0.0085880 secs]2016-10-23T19:10:19.987+0800: 244.165: [scrub symbol table, 0.0059985 secs]2016-10-23T19:10:19.993+0800: 244.171: [scrub string table, 0.0005019 secs][1 CMS-remark: 205079K(393216K)] 226081K(502464K), 0.0299098 secs] [Times: user=0.07 sys=0.00, real=0.03 secs] 
2016-10-23T19:10:19.994+0800: 244.172: Total time for which application threads were stopped: 0.0300901 seconds, Stopping threads took: 0.0000525 seconds
2016-10-23T19:10:19.994+0800: 244.172: [CMS-concurrent-sweep-start]
2016-10-23T19:10:20.022+0800: 244.200: [CMS-concurrent-sweep: 0.028/0.028 secs] [Times: user=0.05 sys=0.00, real=0.03 secs] 
2016-10-23T19:10:20.022+0800: 244.200: [CMS-concurrent-reset-start]
2016-10-23T19:10:20.022+0800: 244.200: [CMS-concurrent-reset: 0.000/0.000 secs] [Times: user=0.01 sys=0.00, real=0.00 secs] 
{Heap before GC invocations=505 (full 20):
 par new generation   total 109248K, used 108426K [0x00000007a0000000, 0x00000007a8000000, 0x00000007a8000000)
  eden space 87424K, 100% used [0x00000007a0000000, 0x00000007a5560000, 0x00000007a5560000)
  from space 21824K,  96% used [0x00000007a6ab0000, 0x00000007a7f32ab0, 0x00000007a8000000)
  to   space 21824K,   0% used [0x00000007a5560000, 0x00000007a5560000, 0x00000007a6ab0000)
 concurrent mark-sweep generation total 393216K, used 148759K [0x00000007a8000000, 0x00000007c0000000, 0x00000007c0000000)
 Metaspace       used 35802K, capacity 36388K, committed 36784K, reserved 1081344K
  class space    used 4103K, capacity 4255K, committed 4272K, reserved 1048576K
2016-10-23T19:10:20.875+0800: 245.053: [GC (Allocation Failure) 2016-10-23T19:10:20.875+0800: 245.053: [ParNew
Desired survivor size 20112992 bytes, new threshold 8 (max 8)
- age   1:     123184 bytes,     123184 total
- age   2:     467936 bytes,     591120 total
- age   3:    7977288 bytes,    8568408 total
- age   4:    1643448 bytes,   10211856 total
- age   5:    4390088 bytes,   14601944 total
- age   6:    2095296 bytes,   16697240 total
: 108426K->21824K(109248K), 0.0078021 secs] 257185K->172007K(502464K), 0.0078716 secs] [Times: user=0.03 sys=0.00, real=0.01 secs] 
Heap after GC invocations=506 (full 20):
 par new generation   total 109248K, used 21824K [0x00000007a0000000, 0x00000007a8000000, 0x00000007a8000000)
  eden space 87424K,   0% used [0x00000007a0000000, 0x00000007a0000000, 0x00000007a5560000)
  from space 21824K, 100% used [0x00000007a5560000, 0x00000007a6ab0000, 0x00000007a6ab0000)
  to   space 21824K,   0% used [0x00000007a6ab0000, 0x00000007a6ab0000, 0x00000007a8000000)
 concurrent mark-sweep generation total 393216K, used 150183K [0x00000007a8000000, 0x00000007c0000000, 0x00000007c0000000)
 Metaspace       used 35802K, capacity 36388K, committed 36784K, reserved 1081344K
  class space    used 4103K, capacity 4255K, committed 4272K, reserved 1048576K
}
2016-10-23T19:10:20.883+0800: 245.061: Total time for which application threads were stopped: 0.0080488 seconds, Stopping threads took: 0.0000215 seconds
{Heap before GC invocations=506 (full 20):
 par new generation   total 109248K, used 109248K [0x00000007a0000000, 0x00000007a8000000, 0x00000007a8000000)
  eden space 87424K, 100% used [0x00000007a0000000, 0x00000007a5560000, 0x00000007a5560000)
  from space 21824K, 100% used [0x00000007a5560000, 0x00000007a6ab0000, 0x00000007a6ab0000)
  to   space 21824K,   0% used [0x00000007a6ab0000, 0x00000007a6ab0000, 0x00000007a8000000)
 concurrent mark-sweep generation total 393216K, used 150183K [0x00000007a8000000, 0x00000007c0000000, 0x00000007c0000000)
 Metaspace       used 35802K, capacity 36388K, committed 36784K, reserved 1081344K
  class space    used 4103K, capacity 4255K, committed 4272K, reserved 1048576K
2016-10-23T19:10:20.976+0800: 245.154: [GC (Allocation Failure) 2016-10-23T19:10:20.976+0800: 245.154: [ParNew
Desired survivor size 20112992 bytes, new threshold 8 (max 8)
- age   1:     224784 bytes,     224784 total
- age   2:      56624 bytes,     281408 total
- age   3:     467936 bytes,     749344 total
- age   4:    7977288 bytes,    8726632 total
- age   5:    1643448 bytes,   10370080 total
- age   6:    4390088 bytes,   14760168 total
- age   7:    2095296 bytes,   16855464 total
: 109248K->21017K(109248K), 0.0075854 secs] 259431K->171201K(502464K), 0.0076329 secs] [Times: user=0.03 sys=0.01, real=0.01 secs] 
Heap after GC invocations=507 (full 20):
 par new generation   total 109248K, used 21017K [0x00000007a0000000, 0x00000007a8000000, 0x00000007a8000000)
  eden space 87424K,   0% used [0x00000007a0000000, 0x00000007a0000000, 0x00000007a5560000)
  from space 21824K,  96% used [0x00000007a6ab0000, 0x00000007a7f36708, 0x00000007a8000000)
  to   space 21824K,   0% used [0x00000007a5560000, 0x00000007a5560000, 0x00000007a6ab0000)
 concurrent mark-sweep generation total 393216K, used 150183K [0x00000007a8000000, 0x00000007c0000000, 0x00000007c0000000)
 Metaspace       used 35802K, capacity 36388K, committed 36784K, reserved 1081344K
  class space    used 4103K, capacity 4255K, committed 4272K, reserved 1048576K
}
2016-10-23T19:10:20.984+0800: 245.162: Total time for which application threads were stopped: 0.0077976 seconds, Stopping threads took: 0.0000296 seconds
{Heap before GC invocations=507 (full 20):
 par new generation   total 109248K, used 108441K [0x00000007a0000000, 0x00000007a8000000, 0x00000007a8000000)
  eden space 87424K, 100% used [0x00000007a0000000, 0x00000007a5560000, 0x00000007a5560000)
  from space 21824K,  96% used [0x00000007a6ab0000, 0x00000007a7f36708, 0x00000007a8000000)
  to   space 21824K,   0% used [0x00000007a5560000, 0x00000007a5560000, 0x00000007a6ab0000)
 concurrent mark-sweep generation total 393216K, used 150183K [0x00000007a8000000, 0x00000007c0000000, 0x00000007c0000000)
 Metaspace       used 35802K, capacity 36388K, committed 36784K, reserved 1081344K
  class space    used 4103K, capacity 4255K, committed 4272K, reserved 1048576K
2016-10-23T19:10:21.094+0800: 245.272: [GC (Allocation Failure) 2016-10-23T19:10:21.094+0800: 245.272: [ParNew
Desired survivor size 20112992 bytes, new threshold 8 (max 8)
- age   1:     107216 bytes,     107216 total
- age   2:        296 bytes,     107512 total
- age   3:      56624 bytes,     164136 total
- age   4:     467936 bytes,     632072 total
- age   5:    7977288 bytes,    8609360 total
- age   6:    1643448 bytes,   10252808 total
- age   7:    4390088 bytes,   14642896 total
- age   8:    2095296 bytes,   16738192 total
: 108441K->21081K(109248K), 0.0070113 secs] 258625K->171264K(502464K), 0.0070801 secs] [Times: user=0.03 sys=0.00, real=0.01 secs] 
Heap after GC invocations=508 (full 20):
 par new generation   total 109248K, used 21081K [0x00000007a0000000, 0x00000007a8000000, 0x00000007a8000000)
  eden space 87424K,   0% used [0x00000007a0000000, 0x00000007a0000000, 0x00000007a5560000)
  from space 21824K,  96% used [0x00000007a5560000, 0x00000007a69f6558, 0x00000007a6ab0000)
  to   space 21824K,   0% used [0x00000007a6ab0000, 0x00000007a6ab0000, 0x00000007a8000000)
 concurrent mark-sweep generation total 393216K, used 150183K [0x00000007a8000000, 0x00000007c0000000, 0x00000007c0000000)
 Metaspace       used 35802K, capacity 36388K, committed 36784K, reserved 1081344K
  class space    used 4103K, capacity 4255K, committed 4272K, reserved 1048576K
}
2016-10-23T19:10:21.101+0800: 245.279: Total time for which application threads were stopped: 0.0072477 seconds, Stopping threads took: 0.0000217 seconds
{Heap before GC invocations=508 (full 20):
 par new generation   total 109248K, used 108505K [0x00000007a0000000, 0x00000007a8000000, 0x00000007a8000000)
  eden space 87424K, 100% used [0x00000007a0000000, 0x00000007a5560000, 0x00000007a5560000)
  from space 21824K,  96% used [0x00000007a5560000, 0x00000007a69f6558, 0x00000007a6ab0000)
  to   space 21824K,   0% used [0x00000007a6ab0000, 0x00000007a6ab0000, 0x00000007a8000000)
 concurrent mark-sweep generation total 393216K, used 150183K [0x00000007a8000000, 0x00000007c0000000, 0x00000007c0000000)
 Metaspace       used 35802K, capacity 36388K, committed 36784K, reserved 1081344K
  class space    used 4103K, capacity 4255K, committed 4272K, reserved 1048576K
2016-10-23T19:10:21.218+0800: 245.397: [GC (Allocation Failure) 2016-10-23T19:10:21.218+0800: 245.397: [ParNew
Desired survivor size 20112992 bytes, new threshold 8 (max 8)
- age   1:     112160 bytes,     112160 total
- age   2:       1352 bytes,     113512 total
- age   3:        296 bytes,     113808 total
- age   4:      56624 bytes,     170432 total
- age   5:     467936 bytes,     638368 total
- age   6:    7977288 bytes,    8615656 total
- age   7:    1643448 bytes,   10259104 total
- age   8:    4390088 bytes,   14649192 total
: 108505K->16768K(109248K), 0.0085607 secs] 258688K->169019K(502464K), 0.0086165 secs] [Times: user=0.03 sys=0.00, real=0.01 secs] 
Heap after GC invocations=509 (full 20):
 par new generation   total 109248K, used 16768K [0x00000007a0000000, 0x00000007a8000000, 0x00000007a8000000)
  eden space 87424K,   0% used [0x00000007a0000000, 0x00000007a0000000, 0x00000007a5560000)
  from space 21824K,  76% used [0x00000007a6ab0000, 0x00000007a7b101c8, 0x00000007a8000000)
  to   space 21824K,   0% used [0x00000007a5560000, 0x00000007a5560000, 0x00000007a6ab0000)
 concurrent mark-sweep generation total 393216K, used 152250K [0x00000007a8000000, 0x00000007c0000000, 0x00000007c0000000)
 Metaspace       used 35802K, capacity 36388K, committed 36784K, reserved 1081344K
  class space    used 4103K, capacity 4255K, committed 4272K, reserved 1048576K
}
2016-10-23T19:10:21.227+0800: 245.405: Total time for which application threads were stopped: 0.0088000 seconds, Stopping threads took: 0.0000231 seconds
{Heap before GC invocations=509 (full 20):
 par new generation   total 109248K, used 104192K [0x00000007a0000000, 0x00000007a8000000, 0x00000007a8000000)
  eden space 87424K, 100% used [0x00000007a0000000, 0x00000007a5560000, 0x00000007a5560000)
  from space 21824K,  76% used [0x00000007a6ab0000, 0x00000007a7b101c8, 0x00000007a8000000)
  to   space 21824K,   0% used [0x00000007a5560000, 0x00000007a5560000, 0x00000007a6ab0000)
 concurrent mark-sweep generation total 393216K, used 152250K [0x00000007a8000000, 0x00000007c0000000, 0x00000007c0000000)
 Metaspace       used 35802K, capacity 36388K, committed 36784K, reserved 1081344K
  class space    used 4103K, capacity 4255K, committed 4272K, reserved 1048576K
2016-10-23T19:10:21.355+0800: 245.533: [GC (Allocation Failure) 2016-10-23T19:10:21.355+0800: 245.533: [ParNew
Desired survivor size 20112992 bytes, new threshold 8 (max 8)
- age   1:     121480 bytes,     121480 total
- age   2:        672 bytes,     122152 total
- age   3:       1352 bytes,     123504 total
- age   4:        240 bytes,     123744 total
- age   5:      56624 bytes,     180368 total
- age   6:     467936 bytes,     648304 total
- age   7:    7977288 bytes,    8625592 total
- age   8:    1643448 bytes,   10269040 total
: 104192K->15187K(109248K), 0.0068841 secs] 256443K->171750K(502464K), 0.0069506 secs] [Times: user=0.02 sys=0.00, real=0.01 secs] 
Heap after GC invocations=510 (full 20):
 par new generation   total 109248K, used 15187K [0x00000007a0000000, 0x00000007a8000000, 0x00000007a8000000)
  eden space 87424K,   0% used [0x00000007a0000000, 0x00000007a0000000, 0x00000007a5560000)
  from space 21824K,  69% used [0x00000007a5560000, 0x00000007a6434da8, 0x00000007a6ab0000)
  to   space 21824K,   0% used [0x00000007a6ab0000, 0x00000007a6ab0000, 0x00000007a8000000)
 concurrent mark-sweep generation total 393216K, used 156563K [0x00000007a8000000, 0x00000007c0000000, 0x00000007c0000000)
 Metaspace       used 35802K, capacity 36388K, committed 36784K, reserved 1081344K
  class space    used 4103K, capacity 4255K, committed 4272K, reserved 1048576K
}
2016-10-23T19:10:21.362+0800: 245.540: Total time for which application threads were stopped: 0.0071242 seconds, Stopping threads took: 0.0000285 seconds
2016-10-23T19:10:21.497+0800: 245.675: Total time for which application threads were stopped: 0.0001970 seconds, Stopping threads took: 0.0000194 seconds
2016-10-23T19:10:21.498+0800: 245.676: Total time for which application threads were stopped: 0.0001053 seconds, Stopping threads took: 0.0000294 seconds
2016-10-23T19:10:21.498+0800: 245.676: Total time for which application threads were stopped: 0.0000918 seconds, Stopping threads took: 0.0000232 seconds
2016-10-23T19:10:21.498+0800: 245.676: Total time for which application threads were stopped: 0.0000784 seconds, Stopping threads took: 0.0000187 seconds
{Heap before GC invocations=510 (full 20):
 par new generation   total 109248K, used 102611K [0x00000007a0000000, 0x00000007a8000000, 0x00000007a8000000)
  eden space 87424K, 100% used [0x00000007a0000000, 0x00000007a5560000, 0x00000007a5560000)
  from space 21824K,  69% used [0x00000007a5560000, 0x00000007a6434da8, 0x00000007a6ab0000)
  to   space 21824K,   0% used [0x00000007a6ab0000, 0x00000007a6ab0000, 0x00000007a8000000)
 concurrent mark-sweep generation total 393216K, used 156563K [0x00000007a8000000, 0x00000007c0000000, 0x00000007c0000000)
 Metaspace       used 35807K, capacity 36388K, committed 36784K, reserved 1081344K
  class space    used 4103K, capacity 4255K, committed 4272K, reserved 1048576K
2016-10-23T19:10:21.687+0800: 245.865: [GC (Allocation Failure) 2016-10-23T19:10:21.687+0800: 245.865: [ParNew
Desired survivor size 20112992 bytes, new threshold 8 (max 8)
- age   1:    4455336 bytes,    4455336 total
- age   6:       3328 bytes,    4458664 total
- age   7:     451152 bytes,    4909816 total
- age   8:    7911752 bytes,   12821568 total
: 102611K->14475K(109248K), 0.0086454 secs] 259174K->172592K(502464K), 0.0086950 secs] [Times: user=0.04 sys=0.01, real=0.01 secs] 
Heap after GC invocations=511 (full 20):
 par new generation   total 109248K, used 14475K [0x00000007a0000000, 0x00000007a8000000, 0x00000007a8000000)
  eden space 87424K,   0% used [0x00000007a0000000, 0x00000007a0000000, 0x00000007a5560000)
  from space 21824K,  66% used [0x00000007a6ab0000, 0x00000007a78d2f40, 0x00000007a8000000)
  to   space 21824K,   0% used [0x00000007a5560000, 0x00000007a5560000, 0x00000007a6ab0000)
 concurrent mark-sweep generation total 393216K, used 158116K [0x00000007a8000000, 0x00000007c0000000, 0x00000007c0000000)
 Metaspace       used 35807K, capacity 36388K, committed 36784K, reserved 1081344K
  class space    used 4103K, capacity 4255K, committed 4272K, reserved 1048576K
}
2016-10-23T19:10:21.695+0800: 245.874: Total time for which application threads were stopped: 0.0089026 seconds, Stopping threads took: 0.0000357 seconds
{Heap before GC invocations=511 (full 20):
 par new generation   total 109248K, used 101899K [0x00000007a0000000, 0x00000007a8000000, 0x00000007a8000000)
  eden space 87424K, 100% used [0x00000007a0000000, 0x00000007a5560000, 0x00000007a5560000)
  from space 21824K,  66% used [0x00000007a6ab0000, 0x00000007a78d2f40, 0x00000007a8000000)
  to   space 21824K,   0% used [0x00000007a5560000, 0x00000007a5560000, 0x00000007a6ab0000)
 concurrent mark-sweep generation total 393216K, used 158116K [0x00000007a8000000, 0x00000007c0000000, 0x00000007c0000000)
 Metaspace       used 35807K, capacity 36388K, committed 36784K, reserved 1081344K
  class space    used 4103K, capacity 4255K, committed 4272K, reserved 1048576K
2016-10-23T19:10:21.801+0800: 245.979: [GC (Allocation Failure) 2016-10-23T19:10:21.801+0800: 245.979: [ParNew
Desired survivor size 20112992 bytes, new threshold 8 (max 8)
- age   1:    2523864 bytes,    2523864 total
- age   2:    3495560 bytes,    6019424 total
- age   7:       3328 bytes,    6022752 total
- age   8:     451152 bytes,    6473904 total
: 101899K->10636K(109248K), 0.0071212 secs] 260016K->176495K(502464K), 0.0071671 secs] [Times: user=0.03 sys=0.00, real=0.00 secs] 
Heap after GC invocations=512 (full 20):
 par new generation   total 109248K, used 10636K [0x00000007a0000000, 0x00000007a8000000, 0x00000007a8000000)
  eden space 87424K,   0% used [0x00000007a0000000, 0x00000007a0000000, 0x00000007a5560000)
  from space 21824K,  48% used [0x00000007a5560000, 0x00000007a5fc3080, 0x00000007a6ab0000)
  to   space 21824K,   0% used [0x00000007a6ab0000, 0x00000007a6ab0000, 0x00000007a8000000)
 concurrent mark-sweep generation total 393216K, used 165859K [0x00000007a8000000, 0x00000007c0000000, 0x00000007c0000000)
 Metaspace       used 35807K, capacity 36388K, committed 36784K, reserved 1081344K
  class space    used 4103K, capacity 4255K, committed 4272K, reserved 1048576K
}
2016-10-23T19:10:21.808+0800: 245.986: Total time for which application threads were stopped: 0.0073572 seconds, Stopping threads took: 0.0000546 seconds
{Heap before GC invocations=512 (full 20):
 par new generation   total 109248K, used 98060K [0x00000007a0000000, 0x00000007a8000000, 0x00000007a8000000)
  eden space 87424K, 100% used [0x00000007a0000000, 0x00000007a5560000, 0x00000007a5560000)
  from space 21824K,  48% used [0x00000007a5560000, 0x00000007a5fc3080, 0x00000007a6ab0000)
  to   space 21824K,   0% used [0x00000007a6ab0000, 0x00000007a6ab0000, 0x00000007a8000000)
 concurrent mark-sweep generation total 393216K, used 165859K [0x00000007a8000000, 0x00000007c0000000, 0x00000007c0000000)
 Metaspace       used 35807K, capacity 36388K, committed 36784K, reserved 1081344K
  class space    used 4103K, capacity 4255K, committed 4272K, reserved 1048576K
2016-10-23T19:10:21.894+0800: 246.072: [GC (Allocation Failure) 2016-10-23T19:10:21.894+0800: 246.072: [ParNew
Desired survivor size 20112992 bytes, new threshold 8 (max 8)
- age   1:    2359368 bytes,    2359368 total
- age   2:    1493368 bytes,    3852736 total
- age   3:    3437016 bytes,    7289752 total
- age   8:       3328 bytes,    7293080 total
: 98060K->9349K(109248K), 0.0048646 secs] 263919K->175651K(502464K), 0.0049425 secs] [Times: user=0.02 sys=0.00, real=0.00 secs] 
Heap after GC invocations=513 (full 20):
 par new generation   total 109248K, used 9349K [0x00000007a0000000, 0x00000007a8000000, 0x00000007a8000000)
  eden space 87424K,   0% used [0x00000007a0000000, 0x00000007a0000000, 0x00000007a5560000)
  from space 21824K,  42% used [0x00000007a6ab0000, 0x00000007a73d1578, 0x00000007a8000000)
  to   space 21824K,   0% used [0x00000007a5560000, 0x00000007a5560000, 0x00000007a6ab0000)
 concurrent mark-sweep generation total 393216K, used 166302K [0x00000007a8000000, 0x00000007c0000000, 0x00000007c0000000)
 Metaspace       used 35807K, capacity 36388K, committed 36784K, reserved 1081344K
  class space    used 4103K, capacity 4255K, committed 4272K, reserved 1048576K
}
2016-10-23T19:10:21.899+0800: 246.077: Total time for which application threads were stopped: 0.0051613 seconds, Stopping threads took: 0.0000263 seconds
{Heap before GC invocations=513 (full 20):
 par new generation   total 109248K, used 96773K [0x00000007a0000000, 0x00000007a8000000, 0x00000007a8000000)
  eden space 87424K, 100% used [0x00000007a0000000, 0x00000007a5560000, 0x00000007a5560000)
  from space 21824K,  42% used [0x00000007a6ab0000, 0x00000007a73d1578, 0x00000007a8000000)
  to   space 21824K,   0% used [0x00000007a5560000, 0x00000007a5560000, 0x00000007a6ab0000)
 concurrent mark-sweep generation total 393216K, used 166302K [0x00000007a8000000, 0x00000007c0000000, 0x00000007c0000000)
 Metaspace       used 35807K, capacity 36388K, committed 36784K, reserved 1081344K
  class space    used 4103K, capacity 4255K, committed 4272K, reserved 1048576K
2016-10-23T19:10:21.994+0800: 246.172: [GC (Allocation Failure) 2016-10-23T19:10:21.994+0800: 246.172: [ParNew
Desired survivor size 20112992 bytes, new threshold 8 (max 8)
- age   1:    3724400 bytes,    3724400 total
- age   2:    1093440 bytes,    4817840 total
- age   3:    1013688 bytes,    5831528 total
- age   4:    3402096 bytes,    9233624 total
: 96773K->11504K(109248K), 0.0047204 secs] 263075K->177810K(502464K), 0.0047801 secs] [Times: user=0.01 sys=0.00, real=0.00 secs] 
Heap after GC invocations=514 (full 20):
 par new generation   total 109248K, used 11504K [0x00000007a0000000, 0x00000007a8000000, 0x00000007a8000000)
  eden space 87424K,   0% used [0x00000007a0000000, 0x00000007a0000000, 0x00000007a5560000)
  from space 21824K,  52% used [0x00000007a5560000, 0x00000007a609c2b0, 0x00000007a6ab0000)
  to   space 21824K,   0% used [0x00000007a6ab0000, 0x00000007a6ab0000, 0x00000007a8000000)
 concurrent mark-sweep generation total 393216K, used 166305K [0x00000007a8000000, 0x00000007c0000000, 0x00000007c0000000)
 Metaspace       used 35807K, capacity 36388K, committed 36784K, reserved 1081344K
  class space    used 4103K, capacity 4255K, committed 4272K, reserved 1048576K
}
2016-10-23T19:10:21.999+0800: 246.177: Total time for which application threads were stopped: 0.0050455 seconds, Stopping threads took: 0.0000996 seconds
{Heap before GC invocations=514 (full 20):
 par new generation   total 109248K, used 98928K [0x00000007a0000000, 0x00000007a8000000, 0x00000007a8000000)
  eden space 87424K, 100% used [0x00000007a0000000, 0x00000007a5560000, 0x00000007a5560000)
  from space 21824K,  52% used [0x00000007a5560000, 0x00000007a609c2b0, 0x00000007a6ab0000)
  to   space 21824K,   0% used [0x00000007a6ab0000, 0x00000007a6ab0000, 0x00000007a8000000)
 concurrent mark-sweep generation total 393216K, used 166305K [0x00000007a8000000, 0x00000007c0000000, 0x00000007c0000000)
 Metaspace       used 35807K, capacity 36388K, committed 36784K, reserved 1081344K
  class space    used 4103K, capacity 4255K, committed 4272K, reserved 1048576K
2016-10-23T19:10:22.083+0800: 246.261: [GC (Allocation Failure) 2016-10-23T19:10:22.083+0800: 246.261: [ParNew
Desired survivor size 20112992 bytes, new threshold 8 (max 8)
- age   1:    4046896 bytes,    4046896 total
- age   2:    2127872 bytes,    6174768 total
- age   3:    1045504 bytes,    7220272 total
- age   4:     971568 bytes,    8191840 total
- age   5:    3300552 bytes,   11492392 total
: 98928K->14872K(109248K), 0.0065147 secs] 265234K->181177K(502464K), 0.0065737 secs] [Times: user=0.02 sys=0.00, real=0.00 secs] 
Heap after GC invocations=515 (full 20):
 par new generation   total 109248K, used 14872K [0x00000007a0000000, 0x00000007a8000000, 0x00000007a8000000)
  eden space 87424K,   0% used [0x00000007a0000000, 0x00000007a0000000, 0x00000007a5560000)
  from space 21824K,  68% used [0x00000007a6ab0000, 0x00000007a79361c0, 0x00000007a8000000)
  to   space 21824K,   0% used [0x00000007a5560000, 0x00000007a5560000, 0x00000007a6ab0000)
 concurrent mark-sweep generation total 393216K, used 166305K [0x00000007a8000000, 0x00000007c0000000, 0x00000007c0000000)
 Metaspace       used 35807K, capacity 36388K, committed 36784K, reserved 1081344K
  class space    used 4103K, capacity 4255K, committed 4272K, reserved 1048576K
}
2016-10-23T19:10:22.089+0800: 246.268: Total time for which application threads were stopped: 0.0067284 seconds, Stopping threads took: 0.0000208 seconds
{Heap before GC invocations=515 (full 20):
 par new generation   total 109248K, used 102296K [0x00000007a0000000, 0x00000007a8000000, 0x00000007a8000000)
  eden space 87424K, 100% used [0x00000007a0000000, 0x00000007a5560000, 0x00000007a5560000)
  from space 21824K,  68% used [0x00000007a6ab0000, 0x00000007a79361c0, 0x00000007a8000000)
  to   space 21824K,   0% used [0x00000007a5560000, 0x00000007a5560000, 0x00000007a6ab0000)
 concurrent mark-sweep generation total 393216K, used 166305K [0x00000007a8000000, 0x00000007c0000000, 0x00000007c0000000)
 Metaspace       used 35807K, capacity 36388K, committed 36784K, reserved 1081344K
  class space    used 4103K, capacity 4255K, committed 4272K, reserved 1048576K
2016-10-23T19:10:22.157+0800: 246.335: [GC (Allocation Failure) 2016-10-23T19:10:22.157+0800: 246.335: [ParNew
Desired survivor size 20112992 bytes, new threshold 8 (max 8)
- age   1:    3157240 bytes,    3157240 total
- age   2:    2068432 bytes,    5225672 total
- age   3:    2115136 bytes,    7340808 total
- age   4:     958720 bytes,    8299528 total
- age   5:     971568 bytes,    9271096 total
- age   6:    3299512 bytes,   12570608 total
: 102296K->15169K(109248K), 0.0057670 secs] 268601K->181474K(502464K), 0.0058205 secs] [Times: user=0.02 sys=0.00, real=0.01 secs] 
Heap after GC invocations=516 (full 20):
 par new generation   total 109248K, used 15169K [0x00000007a0000000, 0x00000007a8000000, 0x00000007a8000000)
  eden space 87424K,   0% used [0x00000007a0000000, 0x00000007a0000000, 0x00000007a5560000)
  from space 21824K,  69% used [0x00000007a5560000, 0x00000007a64304e0, 0x00000007a6ab0000)
  to   space 21824K,   0% used [0x00000007a6ab0000, 0x00000007a6ab0000, 0x00000007a8000000)
 concurrent mark-sweep generation total 393216K, used 166305K [0x00000007a8000000, 0x00000007c0000000, 0x00000007c0000000)
 Metaspace       used 35807K, capacity 36388K, committed 36784K, reserved 1081344K
  class space    used 4103K, capacity 4255K, committed 4272K, reserved 1048576K
}
2016-10-23T19:10:22.162+0800: 246.341: Total time for which application threads were stopped: 0.0061196 seconds, Stopping threads took: 0.0001319 seconds
{Heap before GC invocations=516 (full 20):
 par new generation   total 109248K, used 102593K [0x00000007a0000000, 0x00000007a8000000, 0x00000007a8000000)
  eden space 87424K, 100% used [0x00000007a0000000, 0x00000007a5560000, 0x00000007a5560000)
  from space 21824K,  69% used [0x00000007a5560000, 0x00000007a64304e0, 0x00000007a6ab0000)
  to   space 21824K,   0% used [0x00000007a6ab0000, 0x00000007a6ab0000, 0x00000007a8000000)
 concurrent mark-sweep generation total 393216K, used 166305K [0x00000007a8000000, 0x00000007c0000000, 0x00000007c0000000)
 Metaspace       used 35807K, capacity 36388K, committed 36784K, reserved 1081344K
  class space    used 4103K, capacity 4255K, committed 4272K, reserved 1048576K
2016-10-23T19:10:22.239+0800: 246.417: [GC (Allocation Failure) 2016-10-23T19:10:22.239+0800: 246.417: [ParNew
Desired survivor size 20112992 bytes, new threshold 8 (max 8)
- age   1:    3300272 bytes,    3300272 total
- age   2:    1009912 bytes,    4310184 total
- age   3:    2033784 bytes,    6343968 total
- age   4:    2109392 bytes,    8453360 total
- age   5:     958192 bytes,    9411552 total
- age   6:     955168 bytes,   10366720 total
- age   7:    3299536 bytes,   13666256 total
: 102593K->18766K(109248K), 0.0061736 secs] 268898K->185072K(502464K), 0.0062319 secs] [Times: user=0.02 sys=0.00, real=0.01 secs] 
Heap after GC invocations=517 (full 20):
 par new generation   total 109248K, used 18766K [0x00000007a0000000, 0x00000007a8000000, 0x00000007a8000000)
  eden space 87424K,   0% used [0x00000007a0000000, 0x00000007a0000000, 0x00000007a5560000)
  from space 21824K,  85% used [0x00000007a6ab0000, 0x00000007a7d03b90, 0x00000007a8000000)
  to   space 21824K,   0% used [0x00000007a5560000, 0x00000007a5560000, 0x00000007a6ab0000)
 concurrent mark-sweep generation total 393216K, used 166305K [0x00000007a8000000, 0x00000007c0000000, 0x00000007c0000000)
 Metaspace       used 35807K, capacity 36388K, committed 36784K, reserved 1081344K
  class space    used 4103K, capacity 4255K, committed 4272K, reserved 1048576K
}
2016-10-23T19:10:22.245+0800: 246.423: Total time for which application threads were stopped: 0.0064455 seconds, Stopping threads took: 0.0000647 seconds
{Heap before GC invocations=517 (full 20):
 par new generation   total 109248K, used 106190K [0x00000007a0000000, 0x00000007a8000000, 0x00000007a8000000)
  eden space 87424K, 100% used [0x00000007a0000000, 0x00000007a5560000, 0x00000007a5560000)
  from space 21824K,  85% used [0x00000007a6ab0000, 0x00000007a7d03b90, 0x00000007a8000000)
  to   space 21824K,   0% used [0x00000007a5560000, 0x00000007a5560000, 0x00000007a6ab0000)
 concurrent mark-sweep generation total 393216K, used 166305K [0x00000007a8000000, 0x00000007c0000000, 0x00000007c0000000)
 Metaspace       used 35807K, capacity 36388K, committed 36784K, reserved 1081344K
  class space    used 4103K, capacity 4255K, committed 4272K, reserved 1048576K
2016-10-23T19:10:22.345+0800: 246.523: [GC (Allocation Failure) 2016-10-23T19:10:22.345+0800: 246.523: [ParNew
Desired survivor size 20112992 bytes, new threshold 8 (max 8)
- age   1:    5643216 bytes,    5643216 total
- age   2:     987344 bytes,    6630560 total
- age   3:     886344 bytes,    7516904 total
- age   4:    2032376 bytes,    9549280 total
- age   5:    1224528 bytes,   10773808 total
- age   6:     958192 bytes,   11732000 total
- age   7:     955192 bytes,   12687192 total
- age   8:    3299512 bytes,   15986704 total
: 106190K->21135K(109248K), 0.0060016 secs] 272496K->187441K(502464K), 0.0060539 secs] [Times: user=0.02 sys=0.00, real=0.01 secs] 
Heap after GC invocations=518 (full 20):
 par new generation   total 109248K, used 21135K [0x00000007a0000000, 0x00000007a8000000, 0x00000007a8000000)
  eden space 87424K,   0% used [0x00000007a0000000, 0x00000007a0000000, 0x00000007a5560000)
  from space 21824K,  96% used [0x00000007a5560000, 0x00000007a6a03e90, 0x00000007a6ab0000)
  to   space 21824K,   0% used [0x00000007a6ab0000, 0x00000007a6ab0000, 0x00000007a8000000)
 concurrent mark-sweep generation total 393216K, used 166305K [0x00000007a8000000, 0x00000007c0000000, 0x00000007c0000000)
 Metaspace       used 35807K, capacity 36388K, committed 36784K, reserved 1081344K
  class space    used 4103K, capacity 4255K, committed 4272K, reserved 1048576K
}
2016-10-23T19:10:22.351+0800: 246.529: Total time for which application threads were stopped: 0.0062873 seconds, Stopping threads took: 0.0000872 seconds
{Heap before GC invocations=518 (full 20):
 par new generation   total 109248K, used 108559K [0x00000007a0000000, 0x00000007a8000000, 0x00000007a8000000)
  eden space 87424K, 100% used [0x00000007a0000000, 0x00000007a5560000, 0x00000007a5560000)
  from space 21824K,  96% used [0x00000007a5560000, 0x00000007a6a03e90, 0x00000007a6ab0000)
  to   space 21824K,   0% used [0x00000007a6ab0000, 0x00000007a6ab0000, 0x00000007a8000000)
 concurrent mark-sweep generation total 393216K, used 166305K [0x00000007a8000000, 0x00000007c0000000, 0x00000007c0000000)
 Metaspace       used 35807K, capacity 36388K, committed 36784K, reserved 1081344K
  class space    used 4103K, capacity 4255K, committed 4272K, reserved 1048576K
2016-10-23T19:10:22.456+0800: 246.634: [GC (Allocation Failure) 2016-10-23T19:10:22.456+0800: 246.634: [ParNew
Desired survivor size 20112992 bytes, new threshold 8 (max 8)
- age   1:    4615312 bytes,    4615312 total
- age   2:    2844440 bytes,    7459752 total
- age   3:     941328 bytes,    8401080 total
- age   4:     884128 bytes,    9285208 total
- age   5:    2032376 bytes,   11317584 total
- age   6:    1189480 bytes,   12507064 total
- age   7:     958192 bytes,   13465256 total
- age   8:     955168 bytes,   14420424 total
: 108559K->17495K(109248K), 0.0069861 secs] 274865K->187050K(502464K), 0.0070303 secs] [Times: user=0.02 sys=0.00, real=0.01 secs] 
Heap after GC invocations=519 (full 20):
 par new generation   total 109248K, used 17495K [0x00000007a0000000, 0x00000007a8000000, 0x00000007a8000000)
  eden space 87424K,   0% used [0x00000007a0000000, 0x00000007a0000000, 0x00000007a5560000)
  from space 21824K,  80% used [0x00000007a6ab0000, 0x00000007a7bc5f28, 0x00000007a8000000)
  to   space 21824K,   0% used [0x00000007a5560000, 0x00000007a5560000, 0x00000007a6ab0000)
 concurrent mark-sweep generation total 393216K, used 169555K [0x00000007a8000000, 0x00000007c0000000, 0x00000007c0000000)
 Metaspace       used 35807K, capacity 36388K, committed 36784K, reserved 1081344K
  class space    used 4103K, capacity 4255K, committed 4272K, reserved 1048576K
}
2016-10-23T19:10:22.463+0800: 246.641: Total time for which application threads were stopped: 0.0072799 seconds, Stopping threads took: 0.0000834 seconds
{Heap before GC invocations=519 (full 20):
 par new generation   total 109248K, used 104919K [0x00000007a0000000, 0x00000007a8000000, 0x00000007a8000000)
  eden space 87424K, 100% used [0x00000007a0000000, 0x00000007a5560000, 0x00000007a5560000)
  from space 21824K,  80% used [0x00000007a6ab0000, 0x00000007a7bc5f28, 0x00000007a8000000)
  to   space 21824K,   0% used [0x00000007a5560000, 0x00000007a5560000, 0x00000007a6ab0000)
 concurrent mark-sweep generation total 393216K, used 169555K [0x00000007a8000000, 0x00000007c0000000, 0x00000007c0000000)
 Metaspace       used 35807K, capacity 36388K, committed 36784K, reserved 1081344K
  class space    used 4103K, capacity 4255K, committed 4272K, reserved 1048576K
2016-10-23T19:10:22.512+0800: 246.690: [GC (Allocation Failure) 2016-10-23T19:10:22.512+0800: 246.690: [ParNew
Desired survivor size 20112992 bytes, new threshold 8 (max 8)
- age   1:    1472840 bytes,    1472840 total
- age   2:    3625664 bytes,    5098504 total
- age   3:    2836072 bytes,    7934576 total
- age   4:     938120 bytes,    8872696 total
- age   5:     884128 bytes,    9756824 total
- age   6:    2032376 bytes,   11789200 total
- age   7:    1187216 bytes,   12976416 total
- age   8:     958048 bytes,   13934464 total
: 104919K->15632K(109248K), 0.0063994 secs] 274474K->186134K(502464K), 0.0064485 secs] [Times: user=0.02 sys=0.00, real=0.00 secs] 
Heap after GC invocations=520 (full 20):
 par new generation   total 109248K, used 15632K [0x00000007a0000000, 0x00000007a8000000, 0x00000007a8000000)
  eden space 87424K,   0% used [0x00000007a0000000, 0x00000007a0000000, 0x00000007a5560000)
  from space 21824K,  71% used [0x00000007a5560000, 0x00000007a64a4138, 0x00000007a6ab0000)
  to   space 21824K,   0% used [0x00000007a6ab0000, 0x00000007a6ab0000, 0x00000007a8000000)
 concurrent mark-sweep generation total 393216K, used 170502K [0x00000007a8000000, 0x00000007c0000000, 0x00000007c0000000)
 Metaspace       used 35807K, capacity 36388K, committed 36784K, reserved 1081344K
  class space    used 4103K, capacity 4255K, committed 4272K, reserved 1048576K
}
2016-10-23T19:10:22.519+0800: 246.697: Total time for which application threads were stopped: 0.0067119 seconds, Stopping threads took: 0.0001149 seconds
{Heap before GC invocations=520 (full 20):
 par new generation   total 109248K, used 103056K [0x00000007a0000000, 0x00000007a8000000, 0x00000007a8000000)
  eden space 87424K, 100% used [0x00000007a0000000, 0x00000007a5560000, 0x00000007a5560000)
  from space 21824K,  71% used [0x00000007a5560000, 0x00000007a64a4138, 0x00000007a6ab0000)
  to   space 21824K,   0% used [0x00000007a6ab0000, 0x00000007a6ab0000, 0x00000007a8000000)
 concurrent mark-sweep generation total 393216K, used 170502K [0x00000007a8000000, 0x00000007c0000000, 0x00000007c0000000)
 Metaspace       used 35807K, capacity 36388K, committed 36784K, reserved 1081344K
  class space    used 4103K, capacity 4255K, committed 4272K, reserved 1048576K
2016-10-23T19:10:22.578+0800: 246.756: [GC (Allocation Failure) 2016-10-23T19:10:22.578+0800: 246.756: [ParNew
Desired survivor size 20112992 bytes, new threshold 8 (max 8)
- age   1:    3131832 bytes,    3131832 total
- age   2:    1416472 bytes,    4548304 total
- age   3:    1490680 bytes,    6038984 total
- age   4:    2836072 bytes,    8875056 total
- age   5:     938120 bytes,    9813176 total
- age   6:     884128 bytes,   10697304 total
- age   7:    2032376 bytes,   12729680 total
- age   8:    1187216 bytes,   13916896 total
: 103056K->19998K(109248K), 0.0073774 secs] 273558K->191453K(502464K), 0.0074329 secs] [Times: user=0.03 sys=0.00, real=0.01 secs] 
Heap after GC invocations=521 (full 20):
 par new generation   total 109248K, used 19998K [0x00000007a0000000, 0x00000007a8000000, 0x00000007a8000000)
  eden space 87424K,   0% used [0x00000007a0000000, 0x00000007a0000000, 0x00000007a5560000)
  from space 21824K,  91% used [0x00000007a6ab0000, 0x00000007a7e37a40, 0x00000007a8000000)
  to   space 21824K,   0% used [0x00000007a5560000, 0x00000007a5560000, 0x00000007a6ab0000)
 concurrent mark-sweep generation total 393216K, used 171454K [0x00000007a8000000, 0x00000007c0000000, 0x00000007c0000000)
 Metaspace       used 35807K, capacity 36388K, committed 36784K, reserved 1081344K
  class space    used 4103K, capacity 4255K, committed 4272K, reserved 1048576K
}
2016-10-23T19:10:22.585+0800: 246.763: Total time for which application threads were stopped: 0.0076085 seconds, Stopping threads took: 0.0000381 seconds
{Heap before GC invocations=521 (full 20):
 par new generation   total 109248K, used 107422K [0x00000007a0000000, 0x00000007a8000000, 0x00000007a8000000)
  eden space 87424K, 100% used [0x00000007a0000000, 0x00000007a5560000, 0x00000007a5560000)
  from space 21824K,  91% used [0x00000007a6ab0000, 0x00000007a7e37a40, 0x00000007a8000000)
  to   space 21824K,   0% used [0x00000007a5560000, 0x00000007a5560000, 0x00000007a6ab0000)
 concurrent mark-sweep generation total 393216K, used 171454K [0x00000007a8000000, 0x00000007c0000000, 0x00000007c0000000)
 Metaspace       used 35807K, capacity 36388K, committed 36784K, reserved 1081344K
  class space    used 4103K, capacity 4255K, committed 4272K, reserved 1048576K
2016-10-23T19:10:22.724+0800: 246.902: [GC (Allocation Failure) 2016-10-23T19:10:22.724+0800: 246.902: [ParNew
Desired survivor size 20112992 bytes, new threshold 8 (max 8)
- age   1:    5693280 bytes,    5693280 total
- age   2:     725464 bytes,    6418744 total
- age   3:     554968 bytes,    6973712 total
- age   4:    1258200 bytes,    8231912 total
- age   5:    2830208 bytes,   11062120 total
- age   6:     934696 bytes,   11996816 total
- age   7:     752992 bytes,   12749808 total
- age   8:    2032320 bytes,   14782128 total
: 107422K->17883K(109248K), 0.0067256 secs] 278877K->190482K(502464K), 0.0067939 secs] [Times: user=0.02 sys=0.01, real=0.01 secs] 
Heap after GC invocations=522 (full 20):
 par new generation   total 109248K, used 17883K [0x00000007a0000000, 0x00000007a8000000, 0x00000007a8000000)
  eden space 87424K,   0% used [0x00000007a0000000, 0x00000007a0000000, 0x00000007a5560000)
  from space 21824K,  81% used [0x00000007a5560000, 0x00000007a66d6d10, 0x00000007a6ab0000)
  to   space 21824K,   0% used [0x00000007a6ab0000, 0x00000007a6ab0000, 0x00000007a8000000)
 concurrent mark-sweep generation total 393216K, used 172599K [0x00000007a8000000, 0x00000007c0000000, 0x00000007c0000000)
 Metaspace       used 35807K, capacity 36388K, committed 36784K, reserved 1081344K
  class space    used 4103K, capacity 4255K, committed 4272K, reserved 1048576K
}
2016-10-23T19:10:22.730+0800: 246.909: Total time for which application threads were stopped: 0.0070286 seconds, Stopping threads took: 0.0000876 seconds
{Heap before GC invocations=522 (full 20):
 par new generation   total 109248K, used 105307K [0x00000007a0000000, 0x00000007a8000000, 0x00000007a8000000)
  eden space 87424K, 100% used [0x00000007a0000000, 0x00000007a5560000, 0x00000007a5560000)
  from space 21824K,  81% used [0x00000007a5560000, 0x00000007a66d6d10, 0x00000007a6ab0000)
  to   space 21824K,   0% used [0x00000007a6ab0000, 0x00000007a6ab0000, 0x00000007a8000000)
 concurrent mark-sweep generation total 393216K, used 172599K [0x00000007a8000000, 0x00000007c0000000, 0x00000007c0000000)
 Metaspace       used 35808K, capacity 36388K, committed 36784K, reserved 1081344K
  class space    used 4103K, capacity 4255K, committed 4272K, reserved 1048576K
2016-10-23T19:10:22.872+0800: 247.051: [GC (Allocation Failure) 2016-10-23T19:10:22.872+0800: 247.051: [ParNew
Desired survivor size 20112992 bytes, new threshold 8 (max 8)
- age   1:    6104344 bytes,    6104344 total
- age   2:    1850736 bytes,    7955080 total
- age   3:     655776 bytes,    8610856 total
- age   4:     554968 bytes,    9165824 total
- age   5:    1225848 bytes,   10391672 total
- age   6:    2830208 bytes,   13221880 total
- age   7:     934696 bytes,   14156576 total
- age   8:     752992 bytes,   14909568 total
: 105307K->21290K(109248K), 0.0074017 secs] 277906K->195890K(502464K), 0.0074540 secs] [Times: user=0.02 sys=0.00, real=0.01 secs] 
Heap after GC invocations=523 (full 20):
 par new generation   total 109248K, used 21290K [0x00000007a0000000, 0x00000007a8000000, 0x00000007a8000000)
  eden space 87424K,   0% used [0x00000007a0000000, 0x00000007a0000000, 0x00000007a5560000)
  from space 21824K,  97% used [0x00000007a6ab0000, 0x00000007a7f7ab18, 0x00000007a8000000)
  to   space 21824K,   0% used [0x00000007a5560000, 0x00000007a5560000, 0x00000007a6ab0000)
 concurrent mark-sweep generation total 393216K, used 174599K [0x00000007a8000000, 0x00000007c0000000, 0x00000007c0000000)
 Metaspace       used 35808K, capacity 36388K, committed 36784K, reserved 1081344K
  class space    used 4103K, capacity 4255K, committed 4272K, reserved 1048576K
}
2016-10-23T19:10:22.880+0800: 247.058: Total time for which application threads were stopped: 0.0076886 seconds, Stopping threads took: 0.0000848 seconds
{Heap before GC invocations=523 (full 20):
 par new generation   total 109248K, used 108714K [0x00000007a0000000, 0x00000007a8000000, 0x00000007a8000000)
  eden space 87424K, 100% used [0x00000007a0000000, 0x00000007a5560000, 0x00000007a5560000)
  from space 21824K,  97% used [0x00000007a6ab0000, 0x00000007a7f7ab18, 0x00000007a8000000)
  to   space 21824K,   0% used [0x00000007a5560000, 0x00000007a5560000, 0x00000007a6ab0000)
 concurrent mark-sweep generation total 393216K, used 174599K [0x00000007a8000000, 0x00000007c0000000, 0x00000007c0000000)
 Metaspace       used 35812K, capacity 36388K, committed 36784K, reserved 1081344K
  class space    used 4103K, capacity 4255K, committed 4272K, reserved 1048576K
2016-10-23T19:10:23.091+0800: 247.269: [GC (Allocation Failure) 2016-10-23T19:10:23.091+0800: 247.269: [ParNew
Desired survivor size 20112992 bytes, new threshold 8 (max 8)
- age   1:    8780016 bytes,    8780016 total
- age   2:    1689048 bytes,   10469064 total
- age   3:    1850736 bytes,   12319800 total
- age   4:     655776 bytes,   12975576 total
- age   5:     544344 bytes,   13519920 total
- age   6:    1221976 bytes,   14741896 total
- age   7:    2174736 bytes,   16916632 total
- age   8:     934696 bytes,   17851328 total
: 108714K->21824K(109248K), 0.0076768 secs] 283314K->197148K(502464K), 0.0077428 secs] [Times: user=0.03 sys=0.00, real=0.00 secs] 
Heap after GC invocations=524 (full 20):
 par new generation   total 109248K, used 21824K [0x00000007a0000000, 0x00000007a8000000, 0x00000007a8000000)
  eden space 87424K,   0% used [0x00000007a0000000, 0x00000007a0000000, 0x00000007a5560000)
  from space 21824K, 100% used [0x00000007a5560000, 0x00000007a6ab0000, 0x00000007a6ab0000)
  to   space 21824K,   0% used [0x00000007a6ab0000, 0x00000007a6ab0000, 0x00000007a8000000)
 concurrent mark-sweep generation total 393216K, used 175324K [0x00000007a8000000, 0x00000007c0000000, 0x00000007c0000000)
 Metaspace       used 35812K, capacity 36388K, committed 36784K, reserved 1081344K
  class space    used 4103K, capacity 4255K, committed 4272K, reserved 1048576K
}
2016-10-23T19:10:23.099+0800: 247.277: Total time for which application threads were stopped: 0.0079699 seconds, Stopping threads took: 0.0000669 seconds
{Heap before GC invocations=524 (full 20):
 par new generation   total 109248K, used 109248K [0x00000007a0000000, 0x00000007a8000000, 0x00000007a8000000)
  eden space 87424K, 100% used [0x00000007a0000000, 0x00000007a5560000, 0x00000007a5560000)
  from space 21824K, 100% used [0x00000007a5560000, 0x00000007a6ab0000, 0x00000007a6ab0000)
  to   space 21824K,   0% used [0x00000007a6ab0000, 0x00000007a6ab0000, 0x00000007a8000000)
 concurrent mark-sweep generation total 393216K, used 175324K [0x00000007a8000000, 0x00000007c0000000, 0x00000007c0000000)
 Metaspace       used 35819K, capacity 36388K, committed 36784K, reserved 1081344K
  class space    used 4103K, capacity 4255K, committed 4272K, reserved 1048576K
2016-10-23T19:10:23.295+0800: 247.473: [GC (Allocation Failure) 2016-10-23T19:10:23.295+0800: 247.473: [ParNew
Desired survivor size 20112992 bytes, new threshold 8 (max 8)
- age   1:    9076592 bytes,    9076592 total
- age   2:    3625584 bytes,   12702176 total
- age   3:    1621688 bytes,   14323864 total
- age   4:    1819240 bytes,   16143104 total
- age   5:     646096 bytes,   16789200 total
- age   6:     527800 bytes,   17317000 total
- age   7:    1131640 bytes,   18448640 total
- age   8:    1040736 bytes,   19489376 total
: 109248K->21824K(109248K), 0.0092602 secs] 284572K->198996K(502464K), 0.0093237 secs] [Times: user=0.04 sys=0.00, real=0.01 secs] 
Heap after GC invocations=525 (full 20):
 par new generation   total 109248K, used 21824K [0x00000007a0000000, 0x00000007a8000000, 0x00000007a8000000)
  eden space 87424K,   0% used [0x00000007a0000000, 0x00000007a0000000, 0x00000007a5560000)
  from space 21824K, 100% used [0x00000007a6ab0000, 0x00000007a8000000, 0x00000007a8000000)
  to   space 21824K,   0% used [0x00000007a5560000, 0x00000007a5560000, 0x00000007a6ab0000)
 concurrent mark-sweep generation total 393216K, used 177172K [0x00000007a8000000, 0x00000007c0000000, 0x00000007c0000000)
 Metaspace       used 35819K, capacity 36388K, committed 36784K, reserved 1081344K
  class space    used 4103K, capacity 4255K, committed 4272K, reserved 1048576K
}
2016-10-23T19:10:23.305+0800: 247.483: Total time for which application threads were stopped: 0.0095079 seconds, Stopping threads took: 0.0000302 seconds
{Heap before GC invocations=525 (full 20):
 par new generation   total 109248K, used 109248K [0x00000007a0000000, 0x00000007a8000000, 0x00000007a8000000)
  eden space 87424K, 100% used [0x00000007a0000000, 0x00000007a5560000, 0x00000007a5560000)
  from space 21824K, 100% used [0x00000007a6ab0000, 0x00000007a8000000, 0x00000007a8000000)
  to   space 21824K,   0% used [0x00000007a5560000, 0x00000007a5560000, 0x00000007a6ab0000)
 concurrent mark-sweep generation total 393216K, used 177172K [0x00000007a8000000, 0x00000007c0000000, 0x00000007c0000000)
 Metaspace       used 35822K, capacity 36388K, committed 36784K, reserved 1081344K
  class space    used 4103K, capacity 4255K, committed 4272K, reserved 1048576K
2016-10-23T19:10:23.492+0800: 247.671: [GC (Allocation Failure) 2016-10-23T19:10:23.492+0800: 247.671: [ParNew
Desired survivor size 20112992 bytes, new threshold 8 (max 8)
- age   1:    7230328 bytes,    7230328 total
- age   2:    3382200 bytes,   10612528 total
- age   3:    2438928 bytes,   13051456 total
- age   4:    1222952 bytes,   14274408 total
- age   5:    1810952 bytes,   16085360 total
- age   6:     414944 bytes,   16500304 total
- age   7:     294544 bytes,   16794848 total
- age   8:     638536 bytes,   17433384 total
: 109248K->21824K(109248K), 0.0082356 secs] 286420K->203746K(502464K), 0.0083096 secs] [Times: user=0.04 sys=0.00, real=0.01 secs] 
Heap after GC invocations=526 (full 20):
 par new generation   total 109248K, used 21824K [0x00000007a0000000, 0x00000007a8000000, 0x00000007a8000000)
  eden space 87424K,   0% used [0x00000007a0000000, 0x00000007a0000000, 0x00000007a5560000)
  from space 21824K, 100% used [0x00000007a5560000, 0x00000007a6ab0000, 0x00000007a6ab0000)
  to   space 21824K,   0% used [0x00000007a6ab0000, 0x00000007a6ab0000, 0x00000007a8000000)
 concurrent mark-sweep generation total 393216K, used 181922K [0x00000007a8000000, 0x00000007c0000000, 0x00000007c0000000)
 Metaspace       used 35822K, capacity 36388K, committed 36784K, reserved 1081344K
  class space    used 4103K, capacity 4255K, committed 4272K, reserved 1048576K
}
2016-10-23T19:10:23.501+0800: 247.679: Total time for which application threads were stopped: 0.0085533 seconds, Stopping threads took: 0.0000629 seconds
2016-10-23T19:10:23.629+0800: 247.807: Total time for which application threads were stopped: 0.0001777 seconds, Stopping threads took: 0.0000744 seconds
2016-10-23T19:10:23.629+0800: 247.807: Total time for which application threads were stopped: 0.0000511 seconds, Stopping threads took: 0.0000077 seconds
2016-10-23T19:10:23.629+0800: 247.808: Total time for which application threads were stopped: 0.0000743 seconds, Stopping threads took: 0.0000432 seconds
2016-10-23T19:10:23.629+0800: 247.808: Total time for which application threads were stopped: 0.0000709 seconds, Stopping threads took: 0.0000367 seconds
{Heap before GC invocations=526 (full 20):
 par new generation   total 109248K, used 109248K [0x00000007a0000000, 0x00000007a8000000, 0x00000007a8000000)
  eden space 87424K, 100% used [0x00000007a0000000, 0x00000007a5560000, 0x00000007a5560000)
  from space 21824K, 100% used [0x00000007a5560000, 0x00000007a6ab0000, 0x00000007a6ab0000)
  to   space 21824K,   0% used [0x00000007a6ab0000, 0x00000007a6ab0000, 0x00000007a8000000)
 concurrent mark-sweep generation total 393216K, used 181922K [0x00000007a8000000, 0x00000007c0000000, 0x00000007c0000000)
 Metaspace       used 35826K, capacity 36388K, committed 36784K, reserved 1081344K
  class space    used 4103K, capacity 4255K, committed 4272K, reserved 1048576K
2016-10-23T19:10:23.724+0800: 247.902: [GC (Allocation Failure) 2016-10-23T19:10:23.724+0800: 247.902: [ParNew
Desired survivor size 20112992 bytes, new threshold 8 (max 8)
- age   1:    4180400 bytes,    4180400 total
- age   2:    4333648 bytes,    8514048 total
- age   3:    3300592 bytes,   11814640 total
- age   4:    2408048 bytes,   14222688 total
- age   5:    1179968 bytes,   15402656 total
- age   6:    1803048 bytes,   17205704 total
- age   7:     412040 bytes,   17617744 total
- age   8:     290784 bytes,   17908528 total
: 109248K->21824K(109248K), 0.0094742 secs] 291170K->205740K(502464K), 0.0097563 secs] [Times: user=0.04 sys=0.00, real=0.01 secs] 
Heap after GC invocations=527 (full 20):
 par new generation   total 109248K, used 21824K [0x00000007a0000000, 0x00000007a8000000, 0x00000007a8000000)
  eden space 87424K,   0% used [0x00000007a0000000, 0x00000007a0000000, 0x00000007a5560000)
  from space 21824K, 100% used [0x00000007a6ab0000, 0x00000007a8000000, 0x00000007a8000000)
  to   space 21824K,   0% used [0x00000007a5560000, 0x00000007a5560000, 0x00000007a6ab0000)
 concurrent mark-sweep generation total 393216K, used 183916K [0x00000007a8000000, 0x00000007c0000000, 0x00000007c0000000)
 Metaspace       used 35826K, capacity 36388K, committed 36784K, reserved 1081344K
  class space    used 4103K, capacity 4255K, committed 4272K, reserved 1048576K
}
2016-10-23T19:10:23.734+0800: 247.912: Total time for which application threads were stopped: 0.0099311 seconds, Stopping threads took: 0.0000304 seconds
{Heap before GC invocations=527 (full 20):
 par new generation   total 109248K, used 109248K [0x00000007a0000000, 0x00000007a8000000, 0x00000007a8000000)
  eden space 87424K, 100% used [0x00000007a0000000, 0x00000007a5560000, 0x00000007a5560000)
  from space 21824K, 100% used [0x00000007a6ab0000, 0x00000007a8000000, 0x00000007a8000000)
  to   space 21824K,   0% used [0x00000007a5560000, 0x00000007a5560000, 0x00000007a6ab0000)
 concurrent mark-sweep generation total 393216K, used 183916K [0x00000007a8000000, 0x00000007c0000000, 0x00000007c0000000)
 Metaspace       used 35826K, capacity 36388K, committed 36784K, reserved 1081344K
  class space    used 4103K, capacity 4255K, committed 4272K, reserved 1048576K
2016-10-23T19:10:23.966+0800: 248.144: [GC (Allocation Failure) 2016-10-23T19:10:23.966+0800: 248.144: [ParNew
Desired survivor size 20112992 bytes, new threshold 8 (max 8)
- age   1:    8255096 bytes,    8255096 total
- age   2:    2019920 bytes,   10275016 total
- age   3:     914032 bytes,   11189048 total
- age   4:    3254888 bytes,   14443936 total
- age   5:    2269304 bytes,   16713240 total
- age   6:    1052000 bytes,   17765240 total
- age   7:    1415344 bytes,   19180584 total
- age   8:     365712 bytes,   19546296 total
: 109248K->21824K(109248K), 0.0097723 secs] 293164K->208857K(502464K), 0.0098371 secs] [Times: user=0.03 sys=0.00, real=0.01 secs] 
Heap after GC invocations=528 (full 20):
 par new generation   total 109248K, used 21824K [0x00000007a0000000, 0x00000007a8000000, 0x00000007a8000000)
  eden space 87424K,   0% used [0x00000007a0000000, 0x00000007a0000000, 0x00000007a5560000)
  from space 21824K, 100% used [0x00000007a5560000, 0x00000007a6ab0000, 0x00000007a6ab0000)
  to   space 21824K,   0% used [0x00000007a6ab0000, 0x00000007a6ab0000, 0x00000007a8000000)
 concurrent mark-sweep generation total 393216K, used 187033K [0x00000007a8000000, 0x00000007c0000000, 0x00000007c0000000)
 Metaspace       used 35826K, capacity 36388K, committed 36784K, reserved 1081344K
  class space    used 4103K, capacity 4255K, committed 4272K, reserved 1048576K
}
2016-10-23T19:10:23.976+0800: 248.154: Total time for which application threads were stopped: 0.0100185 seconds, Stopping threads took: 0.0000452 seconds
{Heap before GC invocations=528 (full 20):
 par new generation   total 109248K, used 109248K [0x00000007a0000000, 0x00000007a8000000, 0x00000007a8000000)
  eden space 87424K, 100% used [0x00000007a0000000, 0x00000007a5560000, 0x00000007a5560000)
  from space 21824K, 100% used [0x00000007a5560000, 0x00000007a6ab0000, 0x00000007a6ab0000)
  to   space 21824K,   0% used [0x00000007a6ab0000, 0x00000007a6ab0000, 0x00000007a8000000)
 concurrent mark-sweep generation total 393216K, used 187033K [0x00000007a8000000, 0x00000007c0000000, 0x00000007c0000000)
 Metaspace       used 35826K, capacity 36388K, committed 36784K, reserved 1081344K
  class space    used 4103K, capacity 4255K, committed 4272K, reserved 1048576K
2016-10-23T19:10:24.214+0800: 248.392: [GC (Allocation Failure) 2016-10-23T19:10:24.214+0800: 248.392: [ParNew
Desired survivor size 20112992 bytes, new threshold 8 (max 8)
- age   1:    6557392 bytes,    6557392 total
- age   2:    1948400 bytes,    8505792 total
- age   3:    1973240 bytes,   10479032 total
- age   4:     903192 bytes,   11382224 total
- age   5:    3250968 bytes,   14633192 total
- age   6:    2265368 bytes,   16898560 total
- age   7:    1048560 bytes,   17947120 total
- age   8:    1408536 bytes,   19355656 total
: 109248K->21824K(109248K), 0.0096949 secs] 296281K->213586K(502464K), 0.0097783 secs] [Times: user=0.04 sys=0.00, real=0.01 secs] 
Heap after GC invocations=529 (full 20):
 par new generation   total 109248K, used 21824K [0x00000007a0000000, 0x00000007a8000000, 0x00000007a8000000)
  eden space 87424K,   0% used [0x00000007a0000000, 0x00000007a0000000, 0x00000007a5560000)
  from space 21824K, 100% used [0x00000007a6ab0000, 0x00000007a8000000, 0x00000007a8000000)
  to   space 21824K,   0% used [0x00000007a5560000, 0x00000007a5560000, 0x00000007a6ab0000)
 concurrent mark-sweep generation total 393216K, used 191762K [0x00000007a8000000, 0x00000007c0000000, 0x00000007c0000000)
 Metaspace       used 35826K, capacity 36388K, committed 36784K, reserved 1081344K
  class space    used 4103K, capacity 4255K, committed 4272K, reserved 1048576K
}
2016-10-23T19:10:24.224+0800: 248.402: Total time for which application threads were stopped: 0.0099661 seconds, Stopping threads took: 0.0000320 seconds
{Heap before GC invocations=529 (full 20):
 par new generation   total 109248K, used 109248K [0x00000007a0000000, 0x00000007a8000000, 0x00000007a8000000)
  eden space 87424K, 100% used [0x00000007a0000000, 0x00000007a5560000, 0x00000007a5560000)
  from space 21824K, 100% used [0x00000007a6ab0000, 0x00000007a8000000, 0x00000007a8000000)
  to   space 21824K,   0% used [0x00000007a5560000, 0x00000007a5560000, 0x00000007a6ab0000)
 concurrent mark-sweep generation total 393216K, used 191762K [0x00000007a8000000, 0x00000007c0000000, 0x00000007c0000000)
 Metaspace       used 35826K, capacity 36388K, committed 36784K, reserved 1081344K
  class space    used 4103K, capacity 4255K, committed 4272K, reserved 1048576K
2016-10-23T19:10:24.469+0800: 248.647: [GC (Allocation Failure) 2016-10-23T19:10:24.469+0800: 248.647: [ParNew
Desired survivor size 20112992 bytes, new threshold 8 (max 8)
- age   1:    6209832 bytes,    6209832 total
- age   2:    2581008 bytes,    8790840 total
- age   3:    1605728 bytes,   10396568 total
- age   4:    1935232 bytes,   12331800 total
- age   5:     883488 bytes,   13215288 total
- age   6:    3231880 bytes,   16447168 total
- age   7:    1981560 bytes,   18428728 total
- age   8:    1034616 bytes,   19463344 total
: 109248K->21824K(109248K), 0.0112553 secs] 301010K->216996K(502464K), 0.0113280 secs] [Times: user=0.04 sys=0.00, real=0.02 secs] 
Heap after GC invocations=530 (full 20):
 par new generation   total 109248K, used 21824K [0x00000007a0000000, 0x00000007a8000000, 0x00000007a8000000)
  eden space 87424K,   0% used [0x00000007a0000000, 0x00000007a0000000, 0x00000007a5560000)
  from space 21824K, 100% used [0x00000007a5560000, 0x00000007a6ab0000, 0x00000007a6ab0000)
  to   space 21824K,   0% used [0x00000007a6ab0000, 0x00000007a6ab0000, 0x00000007a8000000)
 concurrent mark-sweep generation total 393216K, used 195172K [0x00000007a8000000, 0x00000007c0000000, 0x00000007c0000000)
 Metaspace       used 35826K, capacity 36388K, committed 36784K, reserved 1081344K
  class space    used 4103K, capacity 4255K, committed 4272K, reserved 1048576K
}
2016-10-23T19:10:24.480+0800: 248.658: Total time for which application threads were stopped: 0.0115060 seconds, Stopping threads took: 0.0000312 seconds
{Heap before GC invocations=530 (full 20):
 par new generation   total 109248K, used 109248K [0x00000007a0000000, 0x00000007a8000000, 0x00000007a8000000)
  eden space 87424K, 100% used [0x00000007a0000000, 0x00000007a5560000, 0x00000007a5560000)
  from space 21824K, 100% used [0x00000007a5560000, 0x00000007a6ab0000, 0x00000007a6ab0000)
  to   space 21824K,   0% used [0x00000007a6ab0000, 0x00000007a6ab0000, 0x00000007a8000000)
 concurrent mark-sweep generation total 393216K, used 195172K [0x00000007a8000000, 0x00000007c0000000, 0x00000007c0000000)
 Metaspace       used 35826K, capacity 36388K, committed 36784K, reserved 1081344K
  class space    used 4103K, capacity 4255K, committed 4272K, reserved 1048576K
2016-10-23T19:10:24.757+0800: 248.935: [GC (Allocation Failure) 2016-10-23T19:10:24.757+0800: 248.935: [ParNew
Desired survivor size 20112992 bytes, new threshold 8 (max 8)
- age   1:    4909304 bytes,    4909304 total
- age   2:    5576352 bytes,   10485656 total
- age   3:    1246552 bytes,   11732208 total
- age   4:    1538864 bytes,   13271072 total
- age   5:    1857192 bytes,   15128264 total
- age   6:     823768 bytes,   15952032 total
- age   7:    3170760 bytes,   19122792 total
- age   8:     879024 bytes,   20001816 total
: 109248K->21824K(109248K), 0.0155093 secs] 304420K->223852K(502464K), 0.0155796 secs] [Times: user=0.06 sys=0.00, real=0.02 secs] 
Heap after GC invocations=531 (full 20):
 par new generation   total 109248K, used 21824K [0x00000007a0000000, 0x00000007a8000000, 0x00000007a8000000)
  eden space 87424K,   0% used [0x00000007a0000000, 0x00000007a0000000, 0x00000007a5560000)
  from space 21824K, 100% used [0x00000007a6ab0000, 0x00000007a8000000, 0x00000007a8000000)
  to   space 21824K,   0% used [0x00000007a5560000, 0x00000007a5560000, 0x00000007a6ab0000)
 concurrent mark-sweep generation total 393216K, used 202028K [0x00000007a8000000, 0x00000007c0000000, 0x00000007c0000000)
 Metaspace       used 35826K, capacity 36388K, committed 36784K, reserved 1081344K
  class space    used 4103K, capacity 4255K, committed 4272K, reserved 1048576K
}
2016-10-23T19:10:24.772+0800: 248.951: Total time for which application threads were stopped: 0.0157383 seconds, Stopping threads took: 0.0000195 seconds
2016-10-23T19:10:24.772+0800: 248.951: [GC (CMS Initial Mark) [1 CMS-initial-mark: 202028K(393216K)] 225525K(502464K), 0.0028042 secs] [Times: user=0.00 sys=0.00, real=0.00 secs] 
2016-10-23T19:10:24.775+0800: 248.954: Total time for which application threads were stopped: 0.0029380 seconds, Stopping threads took: 0.0000527 seconds
2016-10-23T19:10:24.775+0800: 248.954: [CMS-concurrent-mark-start]
2016-10-23T19:10:24.813+0800: 248.991: [CMS-concurrent-mark: 0.037/0.037 secs] [Times: user=0.19 sys=0.00, real=0.04 secs] 
2016-10-23T19:10:24.813+0800: 248.991: [CMS-concurrent-preclean-start]
2016-10-23T19:10:24.815+0800: 248.993: [CMS-concurrent-preclean: 0.002/0.002 secs] [Times: user=0.00 sys=0.00, real=0.00 secs] 
2016-10-23T19:10:24.815+0800: 248.993: [CMS-concurrent-abortable-preclean-start]
2016-10-23T19:10:24.950+0800: 249.128: [CMS-concurrent-abortable-preclean: 0.135/0.135 secs] [Times: user=0.26 sys=0.00, real=0.14 secs] 
2016-10-23T19:10:24.950+0800: 249.129: [GC (CMS Final Remark) [YG occupancy: 76659 K (109248 K)]{Heap before GC invocations=531 (full 21):
 par new generation   total 109248K, used 76659K [0x00000007a0000000, 0x00000007a8000000, 0x00000007a8000000)
  eden space 87424K,  62% used [0x00000007a0000000, 0x00000007a358cd70, 0x00000007a5560000)
  from space 21824K, 100% used [0x00000007a6ab0000, 0x00000007a8000000, 0x00000007a8000000)
  to   space 21824K,   0% used [0x00000007a5560000, 0x00000007a5560000, 0x00000007a6ab0000)
 concurrent mark-sweep generation total 393216K, used 202028K [0x00000007a8000000, 0x00000007c0000000, 0x00000007c0000000)
 Metaspace       used 35826K, capacity 36388K, committed 36784K, reserved 1081344K
  class space    used 4103K, capacity 4255K, committed 4272K, reserved 1048576K
2016-10-23T19:10:24.950+0800: 249.129: [GC (CMS Final Remark) 2016-10-23T19:10:24.950+0800: 249.129: [ParNew
Desired survivor size 20112992 bytes, new threshold 8 (max 8)
- age   1:    7407040 bytes,    7407040 total
- age   2:    4721328 bytes,   12128368 total
- age   3:    2009856 bytes,   14138224 total
- age   4:    1165976 bytes,   15304200 total
- age   5:    1482344 bytes,   16786544 total
- age   6:    1793608 bytes,   18580152 total
- age   7:     777976 bytes,   19358128 total
- age   8:    1944968 bytes,   21303096 total
: 76659K->21824K(109248K), 0.0098241 secs] 278688K->226014K(502464K), 0.0098861 secs] [Times: user=0.03 sys=0.00, real=0.01 secs] 
Heap after GC invocations=532 (full 21):
 par new generation   total 109248K, used 21824K [0x00000007a0000000, 0x00000007a8000000, 0x00000007a8000000)
  eden space 87424K,   0% used [0x00000007a0000000, 0x00000007a0000000, 0x00000007a5560000)
  from space 21824K, 100% used [0x00000007a5560000, 0x00000007a6ab0000, 0x00000007a6ab0000)
  to   space 21824K,   0% used [0x00000007a6ab0000, 0x00000007a6ab0000, 0x00000007a8000000)
 concurrent mark-sweep generation total 393216K, used 204190K [0x00000007a8000000, 0x00000007c0000000, 0x00000007c0000000)
 Metaspace       used 35826K, capacity 36388K, committed 36784K, reserved 1081344K
  class space    used 4103K, capacity 4255K, committed 4272K, reserved 1048576K
}
2016-10-23T19:10:24.960+0800: 249.139: [Rescan (parallel) , 0.0046085 secs]2016-10-23T19:10:24.965+0800: 249.143: [weak refs processing, 0.0009395 secs]2016-10-23T19:10:24.966+0800: 249.144: [class unloading, 0.0083003 secs]2016-10-23T19:10:24.974+0800: 249.152: [scrub symbol table, 0.0071906 secs]2016-10-23T19:10:24.981+0800: 249.160: [scrub string table, 0.0007013 secs][1 CMS-remark: 204190K(393216K)] 226014K(502464K), 0.0319068 secs] [Times: user=0.07 sys=0.00, real=0.03 secs] 
2016-10-23T19:10:24.982+0800: 249.161: Total time for which application threads were stopped: 0.0321208 seconds, Stopping threads took: 0.0000983 seconds
2016-10-23T19:10:24.982+0800: 249.161: [CMS-concurrent-sweep-start]
2016-10-23T19:10:25.026+0800: 249.204: [CMS-concurrent-sweep: 0.043/0.043 secs] [Times: user=0.09 sys=0.00, real=0.04 secs] 
2016-10-23T19:10:25.026+0800: 249.204: [CMS-concurrent-reset-start]
2016-10-23T19:10:25.026+0800: 249.205: [CMS-concurrent-reset: 0.000/0.000 secs] [Times: user=0.00 sys=0.00, real=0.00 secs] 
{Heap before GC invocations=532 (full 21):
 par new generation   total 109248K, used 109248K [0x00000007a0000000, 0x00000007a8000000, 0x00000007a8000000)
  eden space 87424K, 100% used [0x00000007a0000000, 0x00000007a5560000, 0x00000007a5560000)
  from space 21824K, 100% used [0x00000007a5560000, 0x00000007a6ab0000, 0x00000007a6ab0000)
  to   space 21824K,   0% used [0x00000007a6ab0000, 0x00000007a6ab0000, 0x00000007a8000000)
 concurrent mark-sweep generation total 393216K, used 106737K [0x00000007a8000000, 0x00000007c0000000, 0x00000007c0000000)
 Metaspace       used 35826K, capacity 36388K, committed 36784K, reserved 1081344K
  class space    used 4103K, capacity 4255K, committed 4272K, reserved 1048576K
2016-10-23T19:10:25.240+0800: 249.418: [GC (Allocation Failure) 2016-10-23T19:10:25.240+0800: 249.418: [ParNew
Desired survivor size 20112992 bytes, new threshold 8 (max 8)
- age   1:    5026192 bytes,    5026192 total
- age   2:    7353152 bytes,   12379344 total
- age   3:    2740944 bytes,   15120288 total
- age   4:    1332576 bytes,   16452864 total
- age   5:     997232 bytes,   17450096 total
- age   6:    1476544 bytes,   18926640 total
- age   7:    1066680 bytes,   19993320 total
- age   8:     772944 bytes,   20766264 total
: 109248K->21824K(109248K), 0.0121915 secs] 215985K->136137K(502464K), 0.0122567 secs] [Times: user=0.04 sys=0.00, real=0.01 secs] 
Heap after GC invocations=533 (full 21):
 par new generation   total 109248K, used 21824K [0x00000007a0000000, 0x00000007a8000000, 0x00000007a8000000)
  eden space 87424K,   0% used [0x00000007a0000000, 0x00000007a0000000, 0x00000007a5560000)
  from space 21824K, 100% used [0x00000007a6ab0000, 0x00000007a8000000, 0x00000007a8000000)
  to   space 21824K,   0% used [0x00000007a5560000, 0x00000007a5560000, 0x00000007a6ab0000)
 concurrent mark-sweep generation total 393216K, used 114313K [0x00000007a8000000, 0x00000007c0000000, 0x00000007c0000000)
 Metaspace       used 35826K, capacity 36388K, committed 36784K, reserved 1081344K
  class space    used 4103K, capacity 4255K, committed 4272K, reserved 1048576K
}
2016-10-23T19:10:25.252+0800: 249.431: Total time for which application threads were stopped: 0.0124235 seconds, Stopping threads took: 0.0000274 seconds
2016-10-23T19:10:25.478+0800: 249.656: Total time for which application threads were stopped: 0.0002277 seconds, Stopping threads took: 0.0001075 seconds
{Heap before GC invocations=533 (full 21):
 par new generation   total 109248K, used 109248K [0x00000007a0000000, 0x00000007a8000000, 0x00000007a8000000)
  eden space 87424K, 100% used [0x00000007a0000000, 0x00000007a5560000, 0x00000007a5560000)
  from space 21824K, 100% used [0x00000007a6ab0000, 0x00000007a8000000, 0x00000007a8000000)
  to   space 21824K,   0% used [0x00000007a5560000, 0x00000007a5560000, 0x00000007a6ab0000)
 concurrent mark-sweep generation total 393216K, used 114313K [0x00000007a8000000, 0x00000007c0000000, 0x00000007c0000000)
 Metaspace       used 35826K, capacity 36388K, committed 36784K, reserved 1081344K
  class space    used 4103K, capacity 4255K, committed 4272K, reserved 1048576K
2016-10-23T19:10:25.491+0800: 249.670: [GC (Allocation Failure) 2016-10-23T19:10:25.492+0800: 249.670: [ParNew
Desired survivor size 20112992 bytes, new threshold 7 (max 8)
- age   1:    9979136 bytes,    9979136 total
- age   2:    2616848 bytes,   12595984 total
- age   3:    3208672 bytes,   15804656 total
- age   4:    2438880 bytes,   18243536 total
- age   5:     918896 bytes,   19162432 total
- age   6:     751160 bytes,   19913592 total
- age   7:    1232312 bytes,   21145904 total
- age   8:     823816 bytes,   21969720 total
: 109248K->21824K(109248K), 0.0099284 secs] 223561K->141561K(502464K), 0.0099917 secs] [Times: user=0.04 sys=0.00, real=0.01 secs] 
Heap after GC invocations=534 (full 21):
 par new generation   total 109248K, used 21824K [0x00000007a0000000, 0x00000007a8000000, 0x00000007a8000000)
  eden space 87424K,   0% used [0x00000007a0000000, 0x00000007a0000000, 0x00000007a5560000)
  from space 21824K, 100% used [0x00000007a5560000, 0x00000007a6ab0000, 0x00000007a6ab0000)
  to   space 21824K,   0% used [0x00000007a6ab0000, 0x00000007a6ab0000, 0x00000007a8000000)
 concurrent mark-sweep generation total 393216K, used 119737K [0x00000007a8000000, 0x00000007c0000000, 0x00000007c0000000)
 Metaspace       used 35826K, capacity 36388K, committed 36784K, reserved 1081344K
  class space    used 4103K, capacity 4255K, committed 4272K, reserved 1048576K
}
2016-10-23T19:10:25.502+0800: 249.680: Total time for which application threads were stopped: 0.0102216 seconds, Stopping threads took: 0.0000769 seconds
2016-10-23T19:10:25.612+0800: 249.790: Total time for which application threads were stopped: 0.0004225 seconds, Stopping threads took: 0.0001861 seconds
2016-10-23T19:10:25.612+0800: 249.790: Total time for which application threads were stopped: 0.0001066 seconds, Stopping threads took: 0.0000493 seconds
{Heap before GC invocations=534 (full 21):
 par new generation   total 109248K, used 109248K [0x00000007a0000000, 0x00000007a8000000, 0x00000007a8000000)
  eden space 87424K, 100% used [0x00000007a0000000, 0x00000007a5560000, 0x00000007a5560000)
  from space 21824K, 100% used [0x00000007a5560000, 0x00000007a6ab0000, 0x00000007a6ab0000)
  to   space 21824K,   0% used [0x00000007a6ab0000, 0x00000007a6ab0000, 0x00000007a8000000)
 concurrent mark-sweep generation total 393216K, used 119737K [0x00000007a8000000, 0x00000007c0000000, 0x00000007c0000000)
 Metaspace       used 35826K, capacity 36388K, committed 36784K, reserved 1081344K
  class space    used 4103K, capacity 4255K, committed 4272K, reserved 1048576K
2016-10-23T19:10:25.678+0800: 249.856: [GC (Allocation Failure) 2016-10-23T19:10:25.678+0800: 249.856: [ParNew
Desired survivor size 20112992 bytes, new threshold 8 (max 8)
- age   1:    2512624 bytes,    2512624 total
- age   2:    6791328 bytes,    9303952 total
- age   3:    2443192 bytes,   11747144 total
- age   4:    3068040 bytes,   14815184 total
- age   5:    2153144 bytes,   16968328 total
- age   6:     692016 bytes,   17660344 total
- age   7:     566720 bytes,   18227064 total
: 109248K->21824K(109248K), 0.0102394 secs] 228985K->148270K(502464K), 0.0103300 secs] [Times: user=0.03 sys=0.01, real=0.01 secs] 
Heap after GC invocations=535 (full 21):
 par new generation   total 109248K, used 21824K [0x00000007a0000000, 0x00000007a8000000, 0x00000007a8000000)
  eden space 87424K,   0% used [0x00000007a0000000, 0x00000007a0000000, 0x00000007a5560000)
  from space 21824K, 100% used [0x00000007a6ab0000, 0x00000007a8000000, 0x00000007a8000000)
  to   space 21824K,   0% used [0x00000007a5560000, 0x00000007a5560000, 0x00000007a6ab0000)
 concurrent mark-sweep generation total 393216K, used 126446K [0x00000007a8000000, 0x00000007c0000000, 0x00000007c0000000)
 Metaspace       used 35826K, capacity 36388K, committed 36784K, reserved 1081344K
  class space    used 4103K, capacity 4255K, committed 4272K, reserved 1048576K
}
2016-10-23T19:10:25.688+0800: 249.866: Total time for which application threads were stopped: 0.0105625 seconds, Stopping threads took: 0.0000599 seconds
2016-10-23T19:10:25.894+0800: 250.072: Total time for which application threads were stopped: 0.0001241 seconds, Stopping threads took: 0.0000481 seconds
{Heap before GC invocations=535 (full 21):
 par new generation   total 109248K, used 109248K [0x00000007a0000000, 0x00000007a8000000, 0x00000007a8000000)
  eden space 87424K, 100% used [0x00000007a0000000, 0x00000007a5560000, 0x00000007a5560000)
  from space 21824K, 100% used [0x00000007a6ab0000, 0x00000007a8000000, 0x00000007a8000000)
  to   space 21824K,   0% used [0x00000007a5560000, 0x00000007a5560000, 0x00000007a6ab0000)
 concurrent mark-sweep generation total 393216K, used 126446K [0x00000007a8000000, 0x00000007c0000000, 0x00000007c0000000)
 Metaspace       used 35858K, capacity 36516K, committed 36784K, reserved 1081344K
  class space    used 4105K, capacity 4255K, committed 4272K, reserved 1048576K
2016-10-23T19:10:25.918+0800: 250.096: [GC (Allocation Failure) 2016-10-23T19:10:25.918+0800: 250.096: [ParNew
Desired survivor size 20112992 bytes, new threshold 8 (max 8)
- age   1:    5278264 bytes,    5278264 total
- age   2:    1726456 bytes,    7004720 total
- age   3:    4345560 bytes,   11350280 total
- age   4:    2405776 bytes,   13756056 total
- age   5:    3042088 bytes,   16798144 total
- age   6:    2123880 bytes,   18922024 total
- age   7:     657800 bytes,   19579824 total
- age   8:     538192 bytes,   20118016 total
: 109248K->21824K(109248K), 0.0081522 secs] 235694K->150933K(502464K), 0.0081958 secs] [Times: user=0.03 sys=0.00, real=0.01 secs] 
Heap after GC invocations=536 (full 21):
 par new generation   total 109248K, used 21824K [0x00000007a0000000, 0x00000007a8000000, 0x00000007a8000000)
  eden space 87424K,   0% used [0x00000007a0000000, 0x00000007a0000000, 0x00000007a5560000)
  from space 21824K, 100% used [0x00000007a5560000, 0x00000007a6ab0000, 0x00000007a6ab0000)
  to   space 21824K,   0% used [0x00000007a6ab0000, 0x00000007a6ab0000, 0x00000007a8000000)
 concurrent mark-sweep generation total 393216K, used 129109K [0x00000007a8000000, 0x00000007c0000000, 0x00000007c0000000)
 Metaspace       used 35858K, capacity 36516K, committed 36784K, reserved 1081344K
  class space    used 4105K, capacity 4255K, committed 4272K, reserved 1048576K
}
2016-10-23T19:10:25.926+0800: 250.105: Total time for which application threads were stopped: 0.0083318 seconds, Stopping threads took: 0.0000133 seconds
{Heap before GC invocations=536 (full 21):
 par new generation   total 109248K, used 109248K [0x00000007a0000000, 0x00000007a8000000, 0x00000007a8000000)
  eden space 87424K, 100% used [0x00000007a0000000, 0x00000007a5560000, 0x00000007a5560000)
  from space 21824K, 100% used [0x00000007a5560000, 0x00000007a6ab0000, 0x00000007a6ab0000)
  to   space 21824K,   0% used [0x00000007a6ab0000, 0x00000007a6ab0000, 0x00000007a8000000)
 concurrent mark-sweep generation total 393216K, used 129109K [0x00000007a8000000, 0x00000007c0000000, 0x00000007c0000000)
 Metaspace       used 35858K, capacity 36516K, committed 36784K, reserved 1081344K
  class space    used 4105K, capacity 4255K, committed 4272K, reserved 1048576K
2016-10-23T19:10:26.047+0800: 250.225: [GC (Allocation Failure) 2016-10-23T19:10:26.047+0800: 250.225: [ParNew
Desired survivor size 20112992 bytes, new threshold 8 (max 8)
- age   1:     103392 bytes,     103392 total
- age   2:    5210336 bytes,    5313728 total
- age   3:    1726456 bytes,    7040184 total
- age   4:    4345560 bytes,   11385744 total
- age   5:    2405776 bytes,   13791520 total
- age   6:    3042088 bytes,   16833608 total
- age   7:    2123880 bytes,   18957488 total
- age   8:     657800 bytes,   19615288 total
: 109248K->21824K(109248K), 0.0080252 secs] 238357K->151476K(502464K), 0.0080848 secs] [Times: user=0.03 sys=0.01, real=0.01 secs] 
Heap after GC invocations=537 (full 21):
 par new generation   total 109248K, used 21824K [0x00000007a0000000, 0x00000007a8000000, 0x00000007a8000000)
  eden space 87424K,   0% used [0x00000007a0000000, 0x00000007a0000000, 0x00000007a5560000)
  from space 21824K, 100% used [0x00000007a6ab0000, 0x00000007a8000000, 0x00000007a8000000)
  to   space 21824K,   0% used [0x00000007a5560000, 0x00000007a5560000, 0x00000007a6ab0000)
 concurrent mark-sweep generation total 393216K, used 129652K [0x00000007a8000000, 0x00000007c0000000, 0x00000007c0000000)
 Metaspace       used 35858K, capacity 36516K, committed 36784K, reserved 1081344K
  class space    used 4105K, capacity 4255K, committed 4272K, reserved 1048576K
}
2016-10-23T19:10:26.055+0800: 250.233: Total time for which application threads were stopped: 0.0082471 seconds, Stopping threads took: 0.0000304 seconds
{Heap before GC invocations=537 (full 21):
 par new generation   total 109248K, used 109248K [0x00000007a0000000, 0x00000007a8000000, 0x00000007a8000000)
  eden space 87424K, 100% used [0x00000007a0000000, 0x00000007a5560000, 0x00000007a5560000)
  from space 21824K, 100% used [0x00000007a6ab0000, 0x00000007a8000000, 0x00000007a8000000)
  to   space 21824K,   0% used [0x00000007a5560000, 0x00000007a5560000, 0x00000007a6ab0000)
 concurrent mark-sweep generation total 393216K, used 129652K [0x00000007a8000000, 0x00000007c0000000, 0x00000007c0000000)
 Metaspace       used 35858K, capacity 36516K, committed 36784K, reserved 1081344K
  class space    used 4105K, capacity 4255K, committed 4272K, reserved 1048576K
2016-10-23T19:10:26.174+0800: 250.353: [GC (Allocation Failure) 2016-10-23T19:10:26.174+0800: 250.353: [ParNew
Desired survivor size 20112992 bytes, new threshold 8 (max 8)
- age   1:     123240 bytes,     123240 total
- age   2:        360 bytes,     123600 total
- age   3:    5210336 bytes,    5333936 total
- age   4:    1726456 bytes,    7060392 total
- age   5:    4345560 bytes,   11405952 total
- age   6:    2405776 bytes,   13811728 total
- age   7:    3042088 bytes,   16853816 total
- age   8:    2123880 bytes,   18977696 total
: 109248K->21824K(109248K), 0.0085391 secs] 238900K->152136K(502464K), 0.0086099 secs] [Times: user=0.03 sys=0.00, real=0.01 secs] 
Heap after GC invocations=538 (full 21):
 par new generation   total 109248K, used 21824K [0x00000007a0000000, 0x00000007a8000000, 0x00000007a8000000)
  eden space 87424K,   0% used [0x00000007a0000000, 0x00000007a0000000, 0x00000007a5560000)
  from space 21824K, 100% used [0x00000007a5560000, 0x00000007a6ab0000, 0x00000007a6ab0000)
  to   space 21824K,   0% used [0x00000007a6ab0000, 0x00000007a6ab0000, 0x00000007a8000000)
 concurrent mark-sweep generation total 393216K, used 130312K [0x00000007a8000000, 0x00000007c0000000, 0x00000007c0000000)
 Metaspace       used 35858K, capacity 36516K, committed 36784K, reserved 1081344K
  class space    used 4105K, capacity 4255K, committed 4272K, reserved 1048576K
}
2016-10-23T19:10:26.183+0800: 250.361: Total time for which application threads were stopped: 0.0087815 seconds, Stopping threads took: 0.0000235 seconds
2016-10-23T19:10:26.335+0800: 250.513: Total time for which application threads were stopped: 0.0000868 seconds, Stopping threads took: 0.0000256 seconds
2016-10-23T19:10:26.336+0800: 250.514: Total time for which application threads were stopped: 0.0000419 seconds, Stopping threads took: 0.0000075 seconds
2016-10-23T19:10:26.336+0800: 250.514: Total time for which application threads were stopped: 0.0000366 seconds, Stopping threads took: 0.0000059 seconds
2016-10-23T19:10:26.387+0800: 250.565: Total time for which application threads were stopped: 0.0000912 seconds, Stopping threads took: 0.0000195 seconds
2016-10-23T19:10:26.387+0800: 250.566: Total time for which application threads were stopped: 0.0000838 seconds, Stopping threads took: 0.0000119 seconds
2016-10-23T19:10:26.387+0800: 250.566: Total time for which application threads were stopped: 0.0001042 seconds, Stopping threads took: 0.0000105 seconds
2016-10-23T19:10:26.388+0800: 250.566: Total time for which application threads were stopped: 0.0000518 seconds, Stopping threads took: 0.0000207 seconds
2016-10-23T19:10:26.388+0800: 250.566: Total time for which application threads were stopped: 0.0000416 seconds, Stopping threads took: 0.0000076 seconds
2016-10-23T19:10:26.388+0800: 250.566: Total time for which application threads were stopped: 0.0001035 seconds, Stopping threads took: 0.0000077 seconds
2016-10-23T19:10:26.410+0800: 250.589: Total time for which application threads were stopped: 0.0000788 seconds, Stopping threads took: 0.0000174 seconds
2016-10-23T19:10:26.435+0800: 250.613: Total time for which application threads were stopped: 0.0000893 seconds, Stopping threads took: 0.0000141 seconds
2016-10-23T19:10:26.435+0800: 250.613: Total time for which application threads were stopped: 0.0000756 seconds, Stopping threads took: 0.0000117 seconds
{Heap before GC invocations=538 (full 21):
 par new generation   total 109248K, used 109248K [0x00000007a0000000, 0x00000007a8000000, 0x00000007a8000000)
  eden space 87424K, 100% used [0x00000007a0000000, 0x00000007a5560000, 0x00000007a5560000)
  from space 21824K, 100% used [0x00000007a5560000, 0x00000007a6ab0000, 0x00000007a6ab0000)
  to   space 21824K,   0% used [0x00000007a6ab0000, 0x00000007a6ab0000, 0x00000007a8000000)
 concurrent mark-sweep generation total 393216K, used 130312K [0x00000007a8000000, 0x00000007c0000000, 0x00000007c0000000)
 Metaspace       used 35863K, capacity 36520K, committed 36784K, reserved 1081344K
  class space    used 4105K, capacity 4255K, committed 4272K, reserved 1048576K
2016-10-23T19:10:26.445+0800: 250.623: [GC (Allocation Failure) 2016-10-23T19:10:26.445+0800: 250.623: [ParNew
Desired survivor size 20112992 bytes, new threshold 8 (max 8)
- age   1:     984328 bytes,     984328 total
- age   4:    4776360 bytes,    5760688 total
- age   5:    1564256 bytes,    7324944 total
- age   6:    3441160 bytes,   10766104 total
- age   7:    2330960 bytes,   13097064 total
- age   8:    2997256 bytes,   16094320 total
: 109248K->21824K(109248K), 0.0077758 secs] 239560K->154174K(502464K), 0.0078298 secs] [Times: user=0.03 sys=0.00, real=0.01 secs] 
Heap after GC invocations=539 (full 21):
 par new generation   total 109248K, used 21824K [0x00000007a0000000, 0x00000007a8000000, 0x00000007a8000000)
  eden space 87424K,   0% used [0x00000007a0000000, 0x00000007a0000000, 0x00000007a5560000)
  from space 21824K, 100% used [0x00000007a6ab0000, 0x00000007a8000000, 0x00000007a8000000)
  to   space 21824K,   0% used [0x00000007a5560000, 0x00000007a5560000, 0x00000007a6ab0000)
 concurrent mark-sweep generation total 393216K, used 132350K [0x00000007a8000000, 0x00000007c0000000, 0x00000007c0000000)
 Metaspace       used 35863K, capacity 36520K, committed 36784K, reserved 1081344K
  class space    used 4105K, capacity 4255K, committed 4272K, reserved 1048576K
}
2016-10-23T19:10:26.453+0800: 250.631: Total time for which application threads were stopped: 0.0081223 seconds, Stopping threads took: 0.0001714 seconds
2016-10-23T19:10:26.541+0800: 250.719: Total time for which application threads were stopped: 0.0001215 seconds, Stopping threads took: 0.0000310 seconds
2016-10-23T19:10:26.541+0800: 250.720: Total time for which application threads were stopped: 0.0000390 seconds, Stopping threads took: 0.0000070 seconds
2016-10-23T19:10:26.541+0800: 250.720: Total time for which application threads were stopped: 0.0000369 seconds, Stopping threads took: 0.0000071 seconds
2016-10-23T19:10:26.542+0800: 250.720: Total time for which application threads were stopped: 0.0000375 seconds, Stopping threads took: 0.0000070 seconds
2016-10-23T19:10:26.543+0800: 250.721: Total time for which application threads were stopped: 0.0000518 seconds, Stopping threads took: 0.0000105 seconds
2016-10-23T19:10:26.544+0800: 250.722: Total time for which application threads were stopped: 0.0001025 seconds, Stopping threads took: 0.0000520 seconds
2016-10-23T19:10:26.544+0800: 250.723: Total time for which application threads were stopped: 0.0001183 seconds, Stopping threads took: 0.0000717 seconds
2016-10-23T19:10:26.550+0800: 250.728: Total time for which application threads were stopped: 0.0001414 seconds, Stopping threads took: 0.0000698 seconds
2016-10-23T19:10:26.550+0800: 250.729: Total time for which application threads were stopped: 0.0001262 seconds, Stopping threads took: 0.0000696 seconds
2016-10-23T19:10:26.551+0800: 250.729: Total time for which application threads were stopped: 0.0001087 seconds, Stopping threads took: 0.0000528 seconds
2016-10-23T19:10:26.551+0800: 250.729: Total time for which application threads were stopped: 0.0001091 seconds, Stopping threads took: 0.0000601 seconds
2016-10-23T19:10:26.551+0800: 250.729: Total time for which application threads were stopped: 0.0002174 seconds, Stopping threads took: 0.0000537 seconds
2016-10-23T19:10:26.554+0800: 250.732: Total time for which application threads were stopped: 0.0001173 seconds, Stopping threads took: 0.0000494 seconds
2016-10-23T19:10:26.554+0800: 250.732: Total time for which application threads were stopped: 0.0000895 seconds, Stopping threads took: 0.0000313 seconds
2016-10-23T19:10:26.554+0800: 250.732: Total time for which application threads were stopped: 0.0000912 seconds, Stopping threads took: 0.0000552 seconds
2016-10-23T19:10:26.953+0800: 251.131: Total time for which application threads were stopped: 0.0001666 seconds, Stopping threads took: 0.0000279 seconds
2016-10-23T19:10:28.959+0800: 253.137: Total time for which application threads were stopped: 0.0000919 seconds, Stopping threads took: 0.0000224 seconds
{Heap before GC invocations=539 (full 21):
 par new generation   total 109248K, used 109248K [0x00000007a0000000, 0x00000007a8000000, 0x00000007a8000000)
  eden space 87424K, 100% used [0x00000007a0000000, 0x00000007a5560000, 0x00000007a5560000)
  from space 21824K, 100% used [0x00000007a6ab0000, 0x00000007a8000000, 0x00000007a8000000)
  to   space 21824K,   0% used [0x00000007a5560000, 0x00000007a5560000, 0x00000007a6ab0000)
 concurrent mark-sweep generation total 393216K, used 132350K [0x00000007a8000000, 0x00000007c0000000, 0x00000007c0000000)
 Metaspace       used 35888K, capacity 36568K, committed 36912K, reserved 1081344K
  class space    used 4108K, capacity 4289K, committed 4400K, reserved 1048576K
2016-10-23T19:10:29.236+0800: 253.415: [GC (Allocation Failure) 2016-10-23T19:10:29.237+0800: 253.415: [ParNew
Desired survivor size 20112992 bytes, new threshold 8 (max 8)
- age   1:     496000 bytes,     496000 total
- age   2:     864736 bytes,    1360736 total
- age   5:    4491008 bytes,    5851744 total
- age   6:    1323608 bytes,    7175352 total
- age   7:    3354520 bytes,   10529872 total
- age   8:    2330928 bytes,   12860800 total
: 109248K->15854K(109248K), 0.0064969 secs] 241598K->151137K(502464K), 0.0065565 secs] [Times: user=0.02 sys=0.00, real=0.01 secs] 
Heap after GC invocations=540 (full 21):
 par new generation   total 109248K, used 15854K [0x00000007a0000000, 0x00000007a8000000, 0x00000007a8000000)
  eden space 87424K,   0% used [0x00000007a0000000, 0x00000007a0000000, 0x00000007a5560000)
  from space 21824K,  72% used [0x00000007a5560000, 0x00000007a64dbae0, 0x00000007a6ab0000)
  to   space 21824K,   0% used [0x00000007a6ab0000, 0x00000007a6ab0000, 0x00000007a8000000)
 concurrent mark-sweep generation total 393216K, used 135282K [0x00000007a8000000, 0x00000007c0000000, 0x00000007c0000000)
 Metaspace       used 35888K, capacity 36568K, committed 36912K, reserved 1081344K
  class space    used 4108K, capacity 4289K, committed 4400K, reserved 1048576K
}
2016-10-23T19:10:29.243+0800: 253.422: Total time for which application threads were stopped: 0.0067127 seconds, Stopping threads took: 0.0000196 seconds
{Heap before GC invocations=540 (full 21):
 par new generation   total 109248K, used 103278K [0x00000007a0000000, 0x00000007a8000000, 0x00000007a8000000)
  eden space 87424K, 100% used [0x00000007a0000000, 0x00000007a5560000, 0x00000007a5560000)
  from space 21824K,  72% used [0x00000007a5560000, 0x00000007a64dbae0, 0x00000007a6ab0000)
  to   space 21824K,   0% used [0x00000007a6ab0000, 0x00000007a6ab0000, 0x00000007a8000000)
 concurrent mark-sweep generation total 393216K, used 135282K [0x00000007a8000000, 0x00000007c0000000, 0x00000007c0000000)
 Metaspace       used 35888K, capacity 36568K, committed 36912K, reserved 1081344K
  class space    used 4108K, capacity 4289K, committed 4400K, reserved 1048576K
2016-10-23T19:10:29.444+0800: 253.622: [GC (Allocation Failure) 2016-10-23T19:10:29.444+0800: 253.622: [ParNew
Desired survivor size 20112992 bytes, new threshold 8 (max 8)
- age   1:     119640 bytes,     119640 total
- age   2:     458432 bytes,     578072 total
- age   3:     864736 bytes,    1442808 total
- age   6:    4491008 bytes,    5933816 total
- age   7:    1323608 bytes,    7257424 total
- age   8:    3354520 bytes,   10611944 total
: 103278K->18093K(109248K), 0.0050202 secs] 238561K->155658K(502464K), 0.0051077 secs] [Times: user=0.02 sys=0.00, real=0.00 secs] 
Heap after GC invocations=541 (full 21):
 par new generation   total 109248K, used 18093K [0x00000007a0000000, 0x00000007a8000000, 0x00000007a8000000)
  eden space 87424K,   0% used [0x00000007a0000000, 0x00000007a0000000, 0x00000007a5560000)
  from space 21824K,  82% used [0x00000007a6ab0000, 0x00000007a7c5b430, 0x00000007a8000000)
  to   space 21824K,   0% used [0x00000007a5560000, 0x00000007a5560000, 0x00000007a6ab0000)
 concurrent mark-sweep generation total 393216K, used 137565K [0x00000007a8000000, 0x00000007c0000000, 0x00000007c0000000)
 Metaspace       used 35888K, capacity 36568K, committed 36912K, reserved 1081344K
  class space    used 4108K, capacity 4289K, committed 4400K, reserved 1048576K
}
2016-10-23T19:10:29.449+0800: 253.627: Total time for which application threads were stopped: 0.0053558 seconds, Stopping threads took: 0.0000444 seconds
{Heap before GC invocations=541 (full 21):
 par new generation   total 109248K, used 105517K [0x00000007a0000000, 0x00000007a8000000, 0x00000007a8000000)
  eden space 87424K, 100% used [0x00000007a0000000, 0x00000007a5560000, 0x00000007a5560000)
  from space 21824K,  82% used [0x00000007a6ab0000, 0x00000007a7c5b430, 0x00000007a8000000)
  to   space 21824K,   0% used [0x00000007a5560000, 0x00000007a5560000, 0x00000007a6ab0000)
 concurrent mark-sweep generation total 393216K, used 137565K [0x00000007a8000000, 0x00000007c0000000, 0x00000007c0000000)
 Metaspace       used 35888K, capacity 36568K, committed 36912K, reserved 1081344K
  class space    used 4108K, capacity 4289K, committed 4400K, reserved 1048576K
2016-10-23T19:10:29.839+0800: 254.017: [GC (Allocation Failure) 2016-10-23T19:10:29.839+0800: 254.018: [ParNew
Desired survivor size 20112992 bytes, new threshold 8 (max 8)
- age   1:     146512 bytes,     146512 total
- age   2:      42816 bytes,     189328 total
- age   3:     453712 bytes,     643040 total
- age   4:     864736 bytes,    1507776 total
- age   7:    4491008 bytes,    5998784 total
- age   8:    1323608 bytes,    7322392 total
: 105517K->10067K(109248K), 0.0041948 secs] 243082K->150913K(502464K), 0.0042635 secs] [Times: user=0.01 sys=0.00, real=0.01 secs] 
Heap after GC invocations=542 (full 21):
 par new generation   total 109248K, used 10067K [0x00000007a0000000, 0x00000007a8000000, 0x00000007a8000000)
  eden space 87424K,   0% used [0x00000007a0000000, 0x00000007a0000000, 0x00000007a5560000)
  from space 21824K,  46% used [0x00000007a5560000, 0x00000007a5f34c40, 0x00000007a6ab0000)
  to   space 21824K,   0% used [0x00000007a6ab0000, 0x00000007a6ab0000, 0x00000007a8000000)
 concurrent mark-sweep generation total 393216K, used 140846K [0x00000007a8000000, 0x00000007c0000000, 0x00000007c0000000)
 Metaspace       used 35888K, capacity 36568K, committed 36912K, reserved 1081344K
  class space    used 4108K, capacity 4289K, committed 4400K, reserved 1048576K
}
2016-10-23T19:10:29.843+0800: 254.022: Total time for which application threads were stopped: 0.0044218 seconds, Stopping threads took: 0.0000238 seconds
{Heap before GC invocations=542 (full 21):
 par new generation   total 109248K, used 97491K [0x00000007a0000000, 0x00000007a8000000, 0x00000007a8000000)
  eden space 87424K, 100% used [0x00000007a0000000, 0x00000007a5560000, 0x00000007a5560000)
  from space 21824K,  46% used [0x00000007a5560000, 0x00000007a5f34c40, 0x00000007a6ab0000)
  to   space 21824K,   0% used [0x00000007a6ab0000, 0x00000007a6ab0000, 0x00000007a8000000)
 concurrent mark-sweep generation total 393216K, used 140846K [0x00000007a8000000, 0x00000007c0000000, 0x00000007c0000000)
 Metaspace       used 35888K, capacity 36568K, committed 36912K, reserved 1081344K
  class space    used 4108K, capacity 4289K, committed 4400K, reserved 1048576K
2016-10-23T19:10:30.014+0800: 254.192: [GC (Allocation Failure) 2016-10-23T19:10:30.014+0800: 254.192: [ParNew
Desired survivor size 20112992 bytes, new threshold 8 (max 8)
- age   1:      51608 bytes,      51608 total
- age   2:      98424 bytes,     150032 total
- age   3:      42544 bytes,     192576 total
- age   4:     453712 bytes,     646288 total
- age   5:     864736 bytes,    1511024 total
- age   8:    4523792 bytes,    6034816 total
: 97491K->6977K(109248K), 0.0039847 secs] 238337K->149117K(502464K), 0.0040511 secs] [Times: user=0.01 sys=0.00, real=0.00 secs] 
Heap after GC invocations=543 (full 21):
 par new generation   total 109248K, used 6977K [0x00000007a0000000, 0x00000007a8000000, 0x00000007a8000000)
  eden space 87424K,   0% used [0x00000007a0000000, 0x00000007a0000000, 0x00000007a5560000)
  from space 21824K,  31% used [0x00000007a6ab0000, 0x00000007a71805e0, 0x00000007a8000000)
  to   space 21824K,   0% used [0x00000007a5560000, 0x00000007a5560000, 0x00000007a6ab0000)
 concurrent mark-sweep generation total 393216K, used 142139K [0x00000007a8000000, 0x00000007c0000000, 0x00000007c0000000)
 Metaspace       used 35888K, capacity 36568K, committed 36912K, reserved 1081344K
  class space    used 4108K, capacity 4289K, committed 4400K, reserved 1048576K
}
2016-10-23T19:10:30.018+0800: 254.196: Total time for which application threads were stopped: 0.0042584 seconds, Stopping threads took: 0.0000258 seconds
{Heap before GC invocations=543 (full 21):
 par new generation   total 109248K, used 94401K [0x00000007a0000000, 0x00000007a8000000, 0x00000007a8000000)
  eden space 87424K, 100% used [0x00000007a0000000, 0x00000007a5560000, 0x00000007a5560000)
  from space 21824K,  31% used [0x00000007a6ab0000, 0x00000007a71805e0, 0x00000007a8000000)
  to   space 21824K,   0% used [0x00000007a5560000, 0x00000007a5560000, 0x00000007a6ab0000)
 concurrent mark-sweep generation total 393216K, used 142139K [0x00000007a8000000, 0x00000007c0000000, 0x00000007c0000000)
 Metaspace       used 35888K, capacity 36568K, committed 36912K, reserved 1081344K
  class space    used 4108K, capacity 4289K, committed 4400K, reserved 1048576K
2016-10-23T19:10:30.182+0800: 254.361: [GC (Allocation Failure) 2016-10-23T19:10:30.182+0800: 254.361: [ParNew
Desired survivor size 20112992 bytes, new threshold 8 (max 8)
- age   1:     105256 bytes,     105256 total
- age   2:       4600 bytes,     109856 total
- age   3:      74656 bytes,     184512 total
- age   4:      42264 bytes,     226776 total
- age   5:     453168 bytes,     679944 total
- age   6:     864736 bytes,    1544680 total
: 94401K->5392K(109248K), 0.0033145 secs] 236541K->151918K(502464K), 0.0033864 secs] [Times: user=0.01 sys=0.00, real=0.00 secs] 
Heap after GC invocations=544 (full 21):
 par new generation   total 109248K, used 5392K [0x00000007a0000000, 0x00000007a8000000, 0x00000007a8000000)
  eden space 87424K,   0% used [0x00000007a0000000, 0x00000007a0000000, 0x00000007a5560000)
  from space 21824K,  24% used [0x00000007a5560000, 0x00000007a5aa4340, 0x00000007a6ab0000)
  to   space 21824K,   0% used [0x00000007a6ab0000, 0x00000007a6ab0000, 0x00000007a8000000)
 concurrent mark-sweep generation total 393216K, used 146525K [0x00000007a8000000, 0x00000007c0000000, 0x00000007c0000000)
 Metaspace       used 35888K, capacity 36568K, committed 36912K, reserved 1081344K
  class space    used 4108K, capacity 4289K, committed 4400K, reserved 1048576K
}
2016-10-23T19:10:30.186+0800: 254.364: Total time for which application threads were stopped: 0.0035380 seconds, Stopping threads took: 0.0000243 seconds
{Heap before GC invocations=544 (full 21):
 par new generation   total 109248K, used 92816K [0x00000007a0000000, 0x00000007a8000000, 0x00000007a8000000)
  eden space 87424K, 100% used [0x00000007a0000000, 0x00000007a5560000, 0x00000007a5560000)
  from space 21824K,  24% used [0x00000007a5560000, 0x00000007a5aa4340, 0x00000007a6ab0000)
  to   space 21824K,   0% used [0x00000007a6ab0000, 0x00000007a6ab0000, 0x00000007a8000000)
 concurrent mark-sweep generation total 393216K, used 146525K [0x00000007a8000000, 0x00000007c0000000, 0x00000007c0000000)
 Metaspace       used 35888K, capacity 36568K, committed 36912K, reserved 1081344K
  class space    used 4108K, capacity 4289K, committed 4400K, reserved 1048576K
2016-10-23T19:10:30.367+0800: 254.545: [GC (Allocation Failure) 2016-10-23T19:10:30.367+0800: 254.545: [ParNew
Desired survivor size 20112992 bytes, new threshold 8 (max 8)
- age   1:      80792 bytes,      80792 total
- age   2:      78704 bytes,     159496 total
- age   3:       4600 bytes,     164096 total
- age   4:      74256 bytes,     238352 total
- age   5:      41976 bytes,     280328 total
- age   6:     452592 bytes,     732920 total
- age   7:     864736 bytes,    1597656 total
: 92816K->2000K(109248K), 0.0026081 secs] 239342K->148526K(502464K), 0.0026577 secs] [Times: user=0.01 sys=0.01, real=0.01 secs] 
Heap after GC invocations=545 (full 21):
 par new generation   total 109248K, used 2000K [0x00000007a0000000, 0x00000007a8000000, 0x00000007a8000000)
  eden space 87424K,   0% used [0x00000007a0000000, 0x00000007a0000000, 0x00000007a5560000)
  from space 21824K,   9% used [0x00000007a6ab0000, 0x00000007a6ca42e8, 0x00000007a8000000)
  to   space 21824K,   0% used [0x00000007a5560000, 0x00000007a5560000, 0x00000007a6ab0000)
 concurrent mark-sweep generation total 393216K, used 146525K [0x00000007a8000000, 0x00000007c0000000, 0x00000007c0000000)
 Metaspace       used 35888K, capacity 36568K, committed 36912K, reserved 1081344K
  class space    used 4108K, capacity 4289K, committed 4400K, reserved 1048576K
}
2016-10-23T19:10:30.370+0800: 254.548: Total time for which application threads were stopped: 0.0028356 seconds, Stopping threads took: 0.0000268 seconds
{Heap before GC invocations=545 (full 21):
 par new generation   total 109248K, used 89424K [0x00000007a0000000, 0x00000007a8000000, 0x00000007a8000000)
  eden space 87424K, 100% used [0x00000007a0000000, 0x00000007a5560000, 0x00000007a5560000)
  from space 21824K,   9% used [0x00000007a6ab0000, 0x00000007a6ca42e8, 0x00000007a8000000)
  to   space 21824K,   0% used [0x00000007a5560000, 0x00000007a5560000, 0x00000007a6ab0000)
 concurrent mark-sweep generation total 393216K, used 146525K [0x00000007a8000000, 0x00000007c0000000, 0x00000007c0000000)
 Metaspace       used 35888K, capacity 36568K, committed 36912K, reserved 1081344K
  class space    used 4108K, capacity 4289K, committed 4400K, reserved 1048576K
2016-10-23T19:10:30.783+0800: 254.961: [GC (Allocation Failure) 2016-10-23T19:10:30.783+0800: 254.961: [ParNew
Desired survivor size 20112992 bytes, new threshold 8 (max 8)
- age   1:     212064 bytes,     212064 total
- age   2:       7320 bytes,     219384 total
- age   3:       7104 bytes,     226488 total
- age   4:       4600 bytes,     231088 total
- age   5:      15808 bytes,     246896 total
- age   6:       8808 bytes,     255704 total
- age   7:     448168 bytes,     703872 total
- age   8:     864736 bytes,    1568608 total
: 89424K->2081K(109248K), 0.0024884 secs] 235950K->148606K(502464K), 0.0025486 secs] [Times: user=0.01 sys=0.00, real=0.00 secs] 
Heap after GC invocations=546 (full 21):
 par new generation   total 109248K, used 2081K [0x00000007a0000000, 0x00000007a8000000, 0x00000007a8000000)
  eden space 87424K,   0% used [0x00000007a0000000, 0x00000007a0000000, 0x00000007a5560000)
  from space 21824K,   9% used [0x00000007a5560000, 0x00000007a5768410, 0x00000007a6ab0000)
  to   space 21824K,   0% used [0x00000007a6ab0000, 0x00000007a6ab0000, 0x00000007a8000000)
 concurrent mark-sweep generation total 393216K, used 146525K [0x00000007a8000000, 0x00000007c0000000, 0x00000007c0000000)
 Metaspace       used 35888K, capacity 36568K, committed 36912K, reserved 1081344K
  class space    used 4108K, capacity 4289K, committed 4400K, reserved 1048576K
}
2016-10-23T19:10:30.786+0800: 254.964: Total time for which application threads were stopped: 0.0027072 seconds, Stopping threads took: 0.0000312 seconds
{Heap before GC invocations=546 (full 21):
 par new generation   total 109248K, used 89505K [0x00000007a0000000, 0x00000007a8000000, 0x00000007a8000000)
  eden space 87424K, 100% used [0x00000007a0000000, 0x00000007a5560000, 0x00000007a5560000)
  from space 21824K,   9% used [0x00000007a5560000, 0x00000007a5768410, 0x00000007a6ab0000)
  to   space 21824K,   0% used [0x00000007a6ab0000, 0x00000007a6ab0000, 0x00000007a8000000)
 concurrent mark-sweep generation total 393216K, used 146525K [0x00000007a8000000, 0x00000007c0000000, 0x00000007c0000000)
 Metaspace       used 35888K, capacity 36568K, committed 36912K, reserved 1081344K
  class space    used 4108K, capacity 4289K, committed 4400K, reserved 1048576K
2016-10-23T19:10:31.070+0800: 255.249: [GC (Allocation Failure) 2016-10-23T19:10:31.070+0800: 255.249: [ParNew
Desired survivor size 20112992 bytes, new threshold 8 (max 8)
- age   1:      64688 bytes,      64688 total
- age   2:     182592 bytes,     247280 total
- age   3:       7320 bytes,     254600 total
- age   4:       7104 bytes,     261704 total
- age   5:       4600 bytes,     266304 total
- age   6:      15808 bytes,     282112 total
- age   7:       8808 bytes,     290920 total
- age   8:     447632 bytes,     738552 total
: 89505K->1132K(109248K), 0.0030701 secs] 236030K->148505K(502464K), 0.0031273 secs] [Times: user=0.00 sys=0.00, real=0.00 secs] 
Heap after GC invocations=547 (full 21):
 par new generation   total 109248K, used 1132K [0x00000007a0000000, 0x00000007a8000000, 0x00000007a8000000)
  eden space 87424K,   0% used [0x00000007a0000000, 0x00000007a0000000, 0x00000007a5560000)
  from space 21824K,   5% used [0x00000007a6ab0000, 0x00000007a6bcb080, 0x00000007a8000000)
  to   space 21824K,   0% used [0x00000007a5560000, 0x00000007a5560000, 0x00000007a6ab0000)
 concurrent mark-sweep generation total 393216K, used 147372K [0x00000007a8000000, 0x00000007c0000000, 0x00000007c0000000)
 Metaspace       used 35888K, capacity 36568K, committed 36912K, reserved 1081344K
  class space    used 4108K, capacity 4289K, committed 4400K, reserved 1048576K
}
2016-10-23T19:10:31.073+0800: 255.252: Total time for which application threads were stopped: 0.0033132 seconds, Stopping threads took: 0.0000256 seconds
{Heap before GC invocations=547 (full 21):
 par new generation   total 109248K, used 88556K [0x00000007a0000000, 0x00000007a8000000, 0x00000007a8000000)
  eden space 87424K, 100% used [0x00000007a0000000, 0x00000007a5560000, 0x00000007a5560000)
  from space 21824K,   5% used [0x00000007a6ab0000, 0x00000007a6bcb080, 0x00000007a8000000)
  to   space 21824K,   0% used [0x00000007a5560000, 0x00000007a5560000, 0x00000007a6ab0000)
 concurrent mark-sweep generation total 393216K, used 147372K [0x00000007a8000000, 0x00000007c0000000, 0x00000007c0000000)
 Metaspace       used 35888K, capacity 36568K, committed 36912K, reserved 1081344K
  class space    used 4108K, capacity 4289K, committed 4400K, reserved 1048576K
2016-10-23T19:10:31.450+0800: 255.629: [GC (Allocation Failure) 2016-10-23T19:10:31.450+0800: 255.629: [ParNew
Desired survivor size 20112992 bytes, new threshold 8 (max 8)
- age   1:     102184 bytes,     102184 total
- age   2:        640 bytes,     102824 total
- age   3:     173592 bytes,     276416 total
- age   4:       7320 bytes,     283736 total
- age   5:       7104 bytes,     290840 total
- age   6:       4600 bytes,     295440 total
- age   7:      15808 bytes,     311248 total
- age   8:       8808 bytes,     320056 total
: 88556K->604K(109248K), 0.0034816 secs] 235929K->148418K(502464K), 0.0035618 secs] [Times: user=0.01 sys=0.00, real=0.00 secs] 
Heap after GC invocations=548 (full 21):
 par new generation   total 109248K, used 604K [0x00000007a0000000, 0x00000007a8000000, 0x00000007a8000000)
  eden space 87424K,   0% used [0x00000007a0000000, 0x00000007a0000000, 0x00000007a5560000)
  from space 21824K,   2% used [0x00000007a5560000, 0x00000007a55f7298, 0x00000007a6ab0000)
  to   space 21824K,   0% used [0x00000007a6ab0000, 0x00000007a6ab0000, 0x00000007a8000000)
 concurrent mark-sweep generation total 393216K, used 147813K [0x00000007a8000000, 0x00000007c0000000, 0x00000007c0000000)
 Metaspace       used 35888K, capacity 36568K, committed 36912K, reserved 1081344K
  class space    used 4108K, capacity 4289K, committed 4400K, reserved 1048576K
}
2016-10-23T19:10:31.454+0800: 255.633: Total time for which application threads were stopped: 0.0037886 seconds, Stopping threads took: 0.0000292 seconds
{Heap before GC invocations=548 (full 21):
 par new generation   total 109248K, used 88028K [0x00000007a0000000, 0x00000007a8000000, 0x00000007a8000000)
  eden space 87424K, 100% used [0x00000007a0000000, 0x00000007a5560000, 0x00000007a5560000)
  from space 21824K,   2% used [0x00000007a5560000, 0x00000007a55f7298, 0x00000007a6ab0000)
  to   space 21824K,   0% used [0x00000007a6ab0000, 0x00000007a6ab0000, 0x00000007a8000000)
 concurrent mark-sweep generation total 393216K, used 147813K [0x00000007a8000000, 0x00000007c0000000, 0x00000007c0000000)
 Metaspace       used 35888K, capacity 36568K, committed 36912K, reserved 1081344K
  class space    used 4108K, capacity 4289K, committed 4400K, reserved 1048576K
2016-10-23T19:10:31.807+0800: 255.986: [GC (Allocation Failure) 2016-10-23T19:10:31.807+0800: 255.986: [ParNew
Desired survivor size 20112992 bytes, new threshold 8 (max 8)
- age   1:      66832 bytes,      66832 total
- age   2:      55056 bytes,     121888 total
- age   3:        640 bytes,     122528 total
- age   4:     173592 bytes,     296120 total
- age   5:       7320 bytes,     303440 total
- age   6:       7104 bytes,     310544 total
- age   7:       4600 bytes,     315144 total
- age   8:      15808 bytes,     330952 total
: 88028K->384K(109248K), 0.0022667 secs] 235842K->148206K(502464K), 0.0023166 secs] [Times: user=0.00 sys=0.00, real=0.01 secs] 
Heap after GC invocations=549 (full 21):
 par new generation   total 109248K, used 384K [0x00000007a0000000, 0x00000007a8000000, 0x00000007a8000000)
  eden space 87424K,   0% used [0x00000007a0000000, 0x00000007a0000000, 0x00000007a5560000)
  from space 21824K,   1% used [0x00000007a6ab0000, 0x00000007a6b10018, 0x00000007a8000000)
  to   space 21824K,   0% used [0x00000007a5560000, 0x00000007a5560000, 0x00000007a6ab0000)
 concurrent mark-sweep generation total 393216K, used 147822K [0x00000007a8000000, 0x00000007c0000000, 0x00000007c0000000)
 Metaspace       used 35888K, capacity 36568K, committed 36912K, reserved 1081344K
  class space    used 4108K, capacity 4289K, committed 4400K, reserved 1048576K
}
2016-10-23T19:10:31.810+0800: 255.988: Total time for which application threads were stopped: 0.0024899 seconds, Stopping threads took: 0.0000236 seconds
{Heap before GC invocations=549 (full 21):
 par new generation   total 109248K, used 87808K [0x00000007a0000000, 0x00000007a8000000, 0x00000007a8000000)
  eden space 87424K, 100% used [0x00000007a0000000, 0x00000007a5560000, 0x00000007a5560000)
  from space 21824K,   1% used [0x00000007a6ab0000, 0x00000007a6b10018, 0x00000007a8000000)
  to   space 21824K,   0% used [0x00000007a5560000, 0x00000007a5560000, 0x00000007a6ab0000)
 concurrent mark-sweep generation total 393216K, used 147822K [0x00000007a8000000, 0x00000007c0000000, 0x00000007c0000000)
 Metaspace       used 35888K, capacity 36568K, committed 36912K, reserved 1081344K
  class space    used 4108K, capacity 4289K, committed 4400K, reserved 1048576K
2016-10-23T19:10:32.114+0800: 256.292: [GC (Allocation Failure) 2016-10-23T19:10:32.114+0800: 256.292: [ParNew
Desired survivor size 20112992 bytes, new threshold 8 (max 8)
- age   1:      63168 bytes,      63168 total
- age   2:      41016 bytes,     104184 total
- age   3:      55056 bytes,     159240 total
- age   4:        640 bytes,     159880 total
- age   5:     173592 bytes,     333472 total
- age   6:       7320 bytes,     340792 total
- age   7:       7104 bytes,     347896 total
- age   8:       4600 bytes,     352496 total
: 87808K->381K(109248K), 0.0021460 secs] 235630K->148219K(502464K), 0.0022170 secs] [Times: user=0.00 sys=0.00, real=0.00 secs] 
Heap after GC invocations=550 (full 21):
 par new generation   total 109248K, used 381K [0x00000007a0000000, 0x00000007a8000000, 0x00000007a8000000)
  eden space 87424K,   0% used [0x00000007a0000000, 0x00000007a0000000, 0x00000007a5560000)
  from space 21824K,   1% used [0x00000007a5560000, 0x00000007a55bf608, 0x00000007a6ab0000)
  to   space 21824K,   0% used [0x00000007a6ab0000, 0x00000007a6ab0000, 0x00000007a8000000)
 concurrent mark-sweep generation total 393216K, used 147837K [0x00000007a8000000, 0x00000007c0000000, 0x00000007c0000000)
 Metaspace       used 35888K, capacity 36568K, committed 36912K, reserved 1081344K
  class space    used 4108K, capacity 4289K, committed 4400K, reserved 1048576K
}
2016-10-23T19:10:32.116+0800: 256.295: Total time for which application threads were stopped: 0.0023765 seconds, Stopping threads took: 0.0000228 seconds
{Heap before GC invocations=550 (full 21):
 par new generation   total 109248K, used 87805K [0x00000007a0000000, 0x00000007a8000000, 0x00000007a8000000)
  eden space 87424K, 100% used [0x00000007a0000000, 0x00000007a5560000, 0x00000007a5560000)
  from space 21824K,   1% used [0x00000007a5560000, 0x00000007a55bf608, 0x00000007a6ab0000)
  to   space 21824K,   0% used [0x00000007a6ab0000, 0x00000007a6ab0000, 0x00000007a8000000)
 concurrent mark-sweep generation total 393216K, used 147837K [0x00000007a8000000, 0x00000007c0000000, 0x00000007c0000000)
 Metaspace       used 35888K, capacity 36568K, committed 36912K, reserved 1081344K
  class space    used 4108K, capacity 4289K, committed 4400K, reserved 1048576K
2016-10-23T19:10:32.390+0800: 256.568: [GC (Allocation Failure) 2016-10-23T19:10:32.390+0800: 256.568: [ParNew
Desired survivor size 20112992 bytes, new threshold 8 (max 8)
- age   1:      84880 bytes,      84880 total
- age   2:      34720 bytes,     119600 total
- age   3:      40744 bytes,     160344 total
- age   4:      54776 bytes,     215120 total
- age   5:        640 bytes,     215760 total
- age   6:     173592 bytes,     389352 total
- age   7:       7320 bytes,     396672 total
- age   8:       7104 bytes,     403776 total
: 87805K->428K(109248K), 0.0019631 secs] 235643K->148271K(502464K), 0.0020095 secs] [Times: user=0.00 sys=0.00, real=0.00 secs] 
Heap after GC invocations=551 (full 21):
 par new generation   total 109248K, used 428K [0x00000007a0000000, 0x00000007a8000000, 0x00000007a8000000)
  eden space 87424K,   0% used [0x00000007a0000000, 0x00000007a0000000, 0x00000007a5560000)
  from space 21824K,   1% used [0x00000007a6ab0000, 0x00000007a6b1b3c0, 0x00000007a8000000)
  to   space 21824K,   0% used [0x00000007a5560000, 0x00000007a5560000, 0x00000007a6ab0000)
 concurrent mark-sweep generation total 393216K, used 147842K [0x00000007a8000000, 0x00000007c0000000, 0x00000007c0000000)
 Metaspace       used 35888K, capacity 36568K, committed 36912K, reserved 1081344K
  class space    used 4108K, capacity 4289K, committed 4400K, reserved 1048576K
}
2016-10-23T19:10:32.392+0800: 256.570: Total time for which application threads were stopped: 0.0021769 seconds, Stopping threads took: 0.0000318 seconds
{Heap before GC invocations=551 (full 21):
 par new generation   total 109248K, used 87852K [0x00000007a0000000, 0x00000007a8000000, 0x00000007a8000000)
  eden space 87424K, 100% used [0x00000007a0000000, 0x00000007a5560000, 0x00000007a5560000)
  from space 21824K,   1% used [0x00000007a6ab0000, 0x00000007a6b1b3c0, 0x00000007a8000000)
  to   space 21824K,   0% used [0x00000007a5560000, 0x00000007a5560000, 0x00000007a6ab0000)
 concurrent mark-sweep generation total 393216K, used 147842K [0x00000007a8000000, 0x00000007c0000000, 0x00000007c0000000)
 Metaspace       used 35888K, capacity 36568K, committed 36912K, reserved 1081344K
  class space    used 4108K, capacity 4289K, committed 4400K, reserved 1048576K
2016-10-23T19:10:32.652+0800: 256.830: [GC (Allocation Failure) 2016-10-23T19:10:32.652+0800: 256.830: [ParNew
Desired survivor size 20112992 bytes, new threshold 8 (max 8)
- age   1:      72808 bytes,      72808 total
- age   2:      40256 bytes,     113064 total
- age   3:      34416 bytes,     147480 total
- age   4:      40744 bytes,     188224 total
- age   5:      54776 bytes,     243000 total
- age   6:        640 bytes,     243640 total
- age   7:     173592 bytes,     417232 total
- age   8:       7320 bytes,     424552 total
: 87852K->466K(109248K), 0.0025043 secs] 235695K->148315K(502464K), 0.0025698 secs] [Times: user=0.00 sys=0.00, real=0.00 secs] 
Heap after GC invocations=552 (full 21):
 par new generation   total 109248K, used 466K [0x00000007a0000000, 0x00000007a8000000, 0x00000007a8000000)
  eden space 87424K,   0% used [0x00000007a0000000, 0x00000007a0000000, 0x00000007a5560000)
  from space 21824K,   2% used [0x00000007a5560000, 0x00000007a55d4980, 0x00000007a6ab0000)
  to   space 21824K,   0% used [0x00000007a6ab0000, 0x00000007a6ab0000, 0x00000007a8000000)
 concurrent mark-sweep generation total 393216K, used 147849K [0x00000007a8000000, 0x00000007c0000000, 0x00000007c0000000)
 Metaspace       used 35888K, capacity 36568K, committed 36912K, reserved 1081344K
  class space    used 4108K, capacity 4289K, committed 4400K, reserved 1048576K
}
2016-10-23T19:10:32.655+0800: 256.833: Total time for which application threads were stopped: 0.0027587 seconds, Stopping threads took: 0.0000249 seconds
{Heap before GC invocations=552 (full 21):
 par new generation   total 109248K, used 87890K [0x00000007a0000000, 0x00000007a8000000, 0x00000007a8000000)
  eden space 87424K, 100% used [0x00000007a0000000, 0x00000007a5560000, 0x00000007a5560000)
  from space 21824K,   2% used [0x00000007a5560000, 0x00000007a55d4980, 0x00000007a6ab0000)
  to   space 21824K,   0% used [0x00000007a6ab0000, 0x00000007a6ab0000, 0x00000007a8000000)
 concurrent mark-sweep generation total 393216K, used 147849K [0x00000007a8000000, 0x00000007c0000000, 0x00000007c0000000)
 Metaspace       used 35888K, capacity 36568K, committed 36912K, reserved 1081344K
  class space    used 4108K, capacity 4289K, committed 4400K, reserved 1048576K
2016-10-23T19:10:32.857+0800: 257.036: [GC (Allocation Failure) 2016-10-23T19:10:32.857+0800: 257.036: [ParNew
Desired survivor size 20112992 bytes, new threshold 8 (max 8)
- age   1:     650744 bytes,     650744 total
- age   2:       1144 bytes,     651888 total
- age   3:       3888 bytes,     655776 total
- age   4:        728 bytes,     656504 total
- age   5:         96 bytes,     656600 total
- age   6:        128 bytes,     656728 total
- age   7:        640 bytes,     657368 total
- age   8:       2664 bytes,     660032 total
: 87890K->742K(109248K), 0.0021964 secs] 235739K->148599K(502464K), 0.0022493 secs] [Times: user=0.01 sys=0.00, real=0.00 secs] 
Heap after GC invocations=553 (full 21):
 par new generation   total 109248K, used 742K [0x00000007a0000000, 0x00000007a8000000, 0x00000007a8000000)
  eden space 87424K,   0% used [0x00000007a0000000, 0x00000007a0000000, 0x00000007a5560000)
  from space 21824K,   3% used [0x00000007a6ab0000, 0x00000007a6b69b88, 0x00000007a8000000)
  to   space 21824K,   0% used [0x00000007a5560000, 0x00000007a5560000, 0x00000007a6ab0000)
 concurrent mark-sweep generation total 393216K, used 147856K [0x00000007a8000000, 0x00000007c0000000, 0x00000007c0000000)
 Metaspace       used 35888K, capacity 36568K, committed 36912K, reserved 1081344K
  class space    used 4108K, capacity 4289K, committed 4400K, reserved 1048576K
}
2016-10-23T19:10:32.859+0800: 257.038: Total time for which application threads were stopped: 0.0024033 seconds, Stopping threads took: 0.0000298 seconds
{Heap before GC invocations=553 (full 21):
 par new generation   total 109248K, used 88166K [0x00000007a0000000, 0x00000007a8000000, 0x00000007a8000000)
  eden space 87424K, 100% used [0x00000007a0000000, 0x00000007a5560000, 0x00000007a5560000)
  from space 21824K,   3% used [0x00000007a6ab0000, 0x00000007a6b69b88, 0x00000007a8000000)
  to   space 21824K,   0% used [0x00000007a5560000, 0x00000007a5560000, 0x00000007a6ab0000)
 concurrent mark-sweep generation total 393216K, used 147856K [0x00000007a8000000, 0x00000007c0000000, 0x00000007c0000000)
 Metaspace       used 35888K, capacity 36568K, committed 36912K, reserved 1081344K
  class space    used 4108K, capacity 4289K, committed 4400K, reserved 1048576K
2016-10-23T19:10:32.922+0800: 257.101: [GC (Allocation Failure) 2016-10-23T19:10:32.923+0800: 257.101: [ParNew
Desired survivor size 20112992 bytes, new threshold 8 (max 8)
- age   1:      50088 bytes,      50088 total
- age   2:     509528 bytes,     559616 total
- age   3:       1144 bytes,     560760 total
- age   4:       3888 bytes,     564648 total
- age   5:        728 bytes,     565376 total
- age   6:         96 bytes,     565472 total
- age   7:        128 bytes,     565600 total
- age   8:        640 bytes,     566240 total
: 88166K->649K(109248K), 0.0020512 secs] 236023K->148508K(502464K), 0.0021060 secs] [Times: user=0.01 sys=0.01, real=0.00 secs] 
Heap after GC invocations=554 (full 21):
 par new generation   total 109248K, used 649K [0x00000007a0000000, 0x00000007a8000000, 0x00000007a8000000)
  eden space 87424K,   0% used [0x00000007a0000000, 0x00000007a0000000, 0x00000007a5560000)
  from space 21824K,   2% used [0x00000007a5560000, 0x00000007a56025f0, 0x00000007a6ab0000)
  to   space 21824K,   0% used [0x00000007a6ab0000, 0x00000007a6ab0000, 0x00000007a8000000)
 concurrent mark-sweep generation total 393216K, used 147859K [0x00000007a8000000, 0x00000007c0000000, 0x00000007c0000000)
 Metaspace       used 35888K, capacity 36568K, committed 36912K, reserved 1081344K
  class space    used 4108K, capacity 4289K, committed 4400K, reserved 1048576K
}
2016-10-23T19:10:32.925+0800: 257.103: Total time for which application threads were stopped: 0.0023199 seconds, Stopping threads took: 0.0000242 seconds
{Heap before GC invocations=554 (full 21):
 par new generation   total 109248K, used 88073K [0x00000007a0000000, 0x00000007a8000000, 0x00000007a8000000)
  eden space 87424K, 100% used [0x00000007a0000000, 0x00000007a5560000, 0x00000007a5560000)
  from space 21824K,   2% used [0x00000007a5560000, 0x00000007a56025f0, 0x00000007a6ab0000)
  to   space 21824K,   0% used [0x00000007a6ab0000, 0x00000007a6ab0000, 0x00000007a8000000)
 concurrent mark-sweep generation total 393216K, used 147859K [0x00000007a8000000, 0x00000007c0000000, 0x00000007c0000000)
 Metaspace       used 35888K, capacity 36568K, committed 36912K, reserved 1081344K
  class space    used 4108K, capacity 4289K, committed 4400K, reserved 1048576K
2016-10-23T19:10:33.002+0800: 257.180: [GC (Allocation Failure) 2016-10-23T19:10:33.002+0800: 257.180: [ParNew
Desired survivor size 20112992 bytes, new threshold 8 (max 8)
- age   1:      65464 bytes,      65464 total
- age   2:      19512 bytes,      84976 total
- age   3:     509008 bytes,     593984 total
- age   4:       1144 bytes,     595128 total
- age   5:       3888 bytes,     599016 total
- age   6:        728 bytes,     599744 total
- age   7:         96 bytes,     599840 total
- age   8:        128 bytes,     599968 total
: 88073K->617K(109248K), 0.0019189 secs] 235932K->148477K(502464K), 0.0019924 secs] [Times: user=0.00 sys=0.00, real=0.00 secs] 
Heap after GC invocations=555 (full 21):
 par new generation   total 109248K, used 617K [0x00000007a0000000, 0x00000007a8000000, 0x00000007a8000000)
  eden space 87424K,   0% used [0x00000007a0000000, 0x00000007a0000000, 0x00000007a5560000)
  from space 21824K,   2% used [0x00000007a6ab0000, 0x00000007a6b4a670, 0x00000007a8000000)
  to   space 21824K,   0% used [0x00000007a5560000, 0x00000007a5560000, 0x00000007a6ab0000)
 concurrent mark-sweep generation total 393216K, used 147859K [0x00000007a8000000, 0x00000007c0000000, 0x00000007c0000000)
 Metaspace       used 35888K, capacity 36568K, committed 36912K, reserved 1081344K
  class space    used 4108K, capacity 4289K, committed 4400K, reserved 1048576K
}
2016-10-23T19:10:33.004+0800: 257.182: Total time for which application threads were stopped: 0.0021996 seconds, Stopping threads took: 0.0000361 seconds
{Heap before GC invocations=555 (full 21):
 par new generation   total 109248K, used 88041K [0x00000007a0000000, 0x00000007a8000000, 0x00000007a8000000)
  eden space 87424K, 100% used [0x00000007a0000000, 0x00000007a5560000, 0x00000007a5560000)
  from space 21824K,   2% used [0x00000007a6ab0000, 0x00000007a6b4a670, 0x00000007a8000000)
  to   space 21824K,   0% used [0x00000007a5560000, 0x00000007a5560000, 0x00000007a6ab0000)
 concurrent mark-sweep generation total 393216K, used 147859K [0x00000007a8000000, 0x00000007c0000000, 0x00000007c0000000)
 Metaspace       used 35888K, capacity 36568K, committed 36912K, reserved 1081344K
  class space    used 4108K, capacity 4289K, committed 4400K, reserved 1048576K
2016-10-23T19:10:33.105+0800: 257.284: [GC (Allocation Failure) 2016-10-23T19:10:33.105+0800: 257.284: [ParNew
Desired survivor size 20112992 bytes, new threshold 8 (max 8)
- age   1:     151648 bytes,     151648 total
- age   2:      19632 bytes,     171280 total
- age   3:      19512 bytes,     190792 total
- age   4:     508288 bytes,     699080 total
- age   5:       1144 bytes,     700224 total
- age   6:       3888 bytes,     704112 total
- age   7:        728 bytes,     704840 total
- age   8:         96 bytes,     704936 total
: 88041K->730K(109248K), 0.0021225 secs] 235901K->148590K(502464K), 0.0021714 secs] [Times: user=0.01 sys=0.00, real=0.00 secs] 
Heap after GC invocations=556 (full 21):
 par new generation   total 109248K, used 730K [0x00000007a0000000, 0x00000007a8000000, 0x00000007a8000000)
  eden space 87424K,   0% used [0x00000007a0000000, 0x00000007a0000000, 0x00000007a5560000)
  from space 21824K,   3% used [0x00000007a5560000, 0x00000007a5616b00, 0x00000007a6ab0000)
  to   space 21824K,   0% used [0x00000007a6ab0000, 0x00000007a6ab0000, 0x00000007a8000000)
 concurrent mark-sweep generation total 393216K, used 147859K [0x00000007a8000000, 0x00000007c0000000, 0x00000007c0000000)
 Metaspace       used 35888K, capacity 36568K, committed 36912K, reserved 1081344K
  class space    used 4108K, capacity 4289K, committed 4400K, reserved 1048576K
}
2016-10-23T19:10:33.107+0800: 257.286: Total time for which application threads were stopped: 0.0023393 seconds, Stopping threads took: 0.0000239 seconds
{Heap before GC invocations=556 (full 21):
 par new generation   total 109248K, used 88154K [0x00000007a0000000, 0x00000007a8000000, 0x00000007a8000000)
  eden space 87424K, 100% used [0x00000007a0000000, 0x00000007a5560000, 0x00000007a5560000)
  from space 21824K,   3% used [0x00000007a5560000, 0x00000007a5616b00, 0x00000007a6ab0000)
  to   space 21824K,   0% used [0x00000007a6ab0000, 0x00000007a6ab0000, 0x00000007a8000000)
 concurrent mark-sweep generation total 393216K, used 147859K [0x00000007a8000000, 0x00000007c0000000, 0x00000007c0000000)
 Metaspace       used 35888K, capacity 36568K, committed 36912K, reserved 1081344K
  class space    used 4108K, capacity 4289K, committed 4400K, reserved 1048576K
2016-10-23T19:10:33.166+0800: 257.345: [GC (Allocation Failure) 2016-10-23T19:10:33.166+0800: 257.345: [ParNew
Desired survivor size 20112992 bytes, new threshold 8 (max 8)
- age   1:      93800 bytes,      93800 total
- age   2:      62392 bytes,     156192 total
- age   3:      19632 bytes,     175824 total
- age   4:      19512 bytes,     195336 total
- age   5:     507664 bytes,     703000 total
- age   6:       1144 bytes,     704144 total
- age   7:       3888 bytes,     708032 total
- age   8:        728 bytes,     708760 total
: 88154K->796K(109248K), 0.0020075 secs] 236014K->148656K(502464K), 0.0020596 secs] [Times: user=0.01 sys=0.00, real=0.00 secs] 
Heap after GC invocations=557 (full 21):
 par new generation   total 109248K, used 796K [0x00000007a0000000, 0x00000007a8000000, 0x00000007a8000000)
  eden space 87424K,   0% used [0x00000007a0000000, 0x00000007a0000000, 0x00000007a5560000)
  from space 21824K,   3% used [0x00000007a6ab0000, 0x00000007a6b772a0, 0x00000007a8000000)
  to   space 21824K,   0% used [0x00000007a5560000, 0x00000007a5560000, 0x00000007a6ab0000)
 concurrent mark-sweep generation total 393216K, used 147859K [0x00000007a8000000, 0x00000007c0000000, 0x00000007c0000000)
 Metaspace       used 35888K, capacity 36568K, committed 36912K, reserved 1081344K
  class space    used 4108K, capacity 4289K, committed 4400K, reserved 1048576K
}
2016-10-23T19:10:33.168+0800: 257.347: Total time for which application threads were stopped: 0.0022171 seconds, Stopping threads took: 0.0000232 seconds
{Heap before GC invocations=557 (full 21):
 par new generation   total 109248K, used 88220K [0x00000007a0000000, 0x00000007a8000000, 0x00000007a8000000)
  eden space 87424K, 100% used [0x00000007a0000000, 0x00000007a5560000, 0x00000007a5560000)
  from space 21824K,   3% used [0x00000007a6ab0000, 0x00000007a6b772a0, 0x00000007a8000000)
  to   space 21824K,   0% used [0x00000007a5560000, 0x00000007a5560000, 0x00000007a6ab0000)
 concurrent mark-sweep generation total 393216K, used 147859K [0x00000007a8000000, 0x00000007c0000000, 0x00000007c0000000)
 Metaspace       used 35888K, capacity 36568K, committed 36912K, reserved 1081344K
  class space    used 4108K, capacity 4289K, committed 4400K, reserved 1048576K
2016-10-23T19:10:33.424+0800: 257.603: [GC (Allocation Failure) 2016-10-23T19:10:33.425+0800: 257.603: [ParNew
Desired survivor size 20112992 bytes, new threshold 8 (max 8)
- age   1:     221096 bytes,     221096 total
- age   6:     361472 bytes,     582568 total
- age   7:       1144 bytes,     583712 total
- age   8:       3888 bytes,     587600 total
: 88220K->678K(109248K), 0.0019817 secs] 236080K->148539K(502464K), 0.0020291 secs] [Times: user=0.00 sys=0.00, real=0.00 secs] 
Heap after GC invocations=558 (full 21):
 par new generation   total 109248K, used 678K [0x00000007a0000000, 0x00000007a8000000, 0x00000007a8000000)
  eden space 87424K,   0% used [0x00000007a0000000, 0x00000007a0000000, 0x00000007a5560000)
  from space 21824K,   3% used [0x00000007a5560000, 0x00000007a5609bd0, 0x00000007a6ab0000)
  to   space 21824K,   0% used [0x00000007a6ab0000, 0x00000007a6ab0000, 0x00000007a8000000)
 concurrent mark-sweep generation total 393216K, used 147860K [0x00000007a8000000, 0x00000007c0000000, 0x00000007c0000000)
 Metaspace       used 35888K, capacity 36568K, committed 36912K, reserved 1081344K
  class space    used 4108K, capacity 4289K, committed 4400K, reserved 1048576K
}
2016-10-23T19:10:33.427+0800: 257.605: Total time for which application threads were stopped: 0.0021916 seconds, Stopping threads took: 0.0000302 seconds
{Heap before GC invocations=558 (full 21):
 par new generation   total 109248K, used 88102K [0x00000007a0000000, 0x00000007a8000000, 0x00000007a8000000)
  eden space 87424K, 100% used [0x00000007a0000000, 0x00000007a5560000, 0x00000007a5560000)
  from space 21824K,   3% used [0x00000007a5560000, 0x00000007a5609bd0, 0x00000007a6ab0000)
  to   space 21824K,   0% used [0x00000007a6ab0000, 0x00000007a6ab0000, 0x00000007a8000000)
 concurrent mark-sweep generation total 393216K, used 147860K [0x00000007a8000000, 0x00000007c0000000, 0x00000007c0000000)
 Metaspace       used 35888K, capacity 36568K, committed 36912K, reserved 1081344K
  class space    used 4108K, capacity 4289K, committed 4400K, reserved 1048576K
2016-10-23T19:10:33.509+0800: 257.688: [GC (Allocation Failure) 2016-10-23T19:10:33.509+0800: 257.688: [ParNew
Desired survivor size 20112992 bytes, new threshold 8 (max 8)
- age   1:      69784 bytes,      69784 total
- age   2:     198352 bytes,     268136 total
- age   7:     361472 bytes,     629608 total
- age   8:       1144 bytes,     630752 total
: 88102K->664K(109248K), 0.0020047 secs] 235963K->148529K(502464K), 0.0020564 secs] [Times: user=0.00 sys=0.00, real=0.01 secs] 
Heap after GC invocations=559 (full 21):
 par new generation   total 109248K, used 664K [0x00000007a0000000, 0x00000007a8000000, 0x00000007a8000000)
  eden space 87424K,   0% used [0x00000007a0000000, 0x00000007a0000000, 0x00000007a5560000)
  from space 21824K,   3% used [0x00000007a6ab0000, 0x00000007a6b56390, 0x00000007a8000000)
  to   space 21824K,   0% used [0x00000007a5560000, 0x00000007a5560000, 0x00000007a6ab0000)
 concurrent mark-sweep generation total 393216K, used 147864K [0x00000007a8000000, 0x00000007c0000000, 0x00000007c0000000)
 Metaspace       used 35888K, capacity 36568K, committed 36912K, reserved 1081344K
  class space    used 4108K, capacity 4289K, committed 4400K, reserved 1048576K
}
2016-10-23T19:10:33.511+0800: 257.690: Total time for which application threads were stopped: 0.0022189 seconds, Stopping threads took: 0.0000321 seconds
{Heap before GC invocations=559 (full 21):
 par new generation   total 109248K, used 88088K [0x00000007a0000000, 0x00000007a8000000, 0x00000007a8000000)
  eden space 87424K, 100% used [0x00000007a0000000, 0x00000007a5560000, 0x00000007a5560000)
  from space 21824K,   3% used [0x00000007a6ab0000, 0x00000007a6b56390, 0x00000007a8000000)
  to   space 21824K,   0% used [0x00000007a5560000, 0x00000007a5560000, 0x00000007a6ab0000)
 concurrent mark-sweep generation total 393216K, used 147864K [0x00000007a8000000, 0x00000007c0000000, 0x00000007c0000000)
 Metaspace       used 35888K, capacity 36568K, committed 36912K, reserved 1081344K
  class space    used 4108K, capacity 4289K, committed 4400K, reserved 1048576K
2016-10-23T19:10:33.617+0800: 257.796: [GC (Allocation Failure) 2016-10-23T19:10:33.617+0800: 257.796: [ParNew
Desired survivor size 20112992 bytes, new threshold 8 (max 8)
- age   1:      63960 bytes,      63960 total
- age   2:      27888 bytes,      91848 total
- age   3:     188568 bytes,     280416 total
- age   8:     361472 bytes,     641888 total
: 88088K->682K(109248K), 0.0021462 secs] 235953K->148547K(502464K), 0.0021918 secs] [Times: user=0.00 sys=0.00, real=0.01 secs] 
Heap after GC invocations=560 (full 21):
 par new generation   total 109248K, used 682K [0x00000007a0000000, 0x00000007a8000000, 0x00000007a8000000)
  eden space 87424K,   0% used [0x00000007a0000000, 0x00000007a0000000, 0x00000007a5560000)
  from space 21824K,   3% used [0x00000007a5560000, 0x00000007a560a870, 0x00000007a6ab0000)
  to   space 21824K,   0% used [0x00000007a6ab0000, 0x00000007a6ab0000, 0x00000007a8000000)
 concurrent mark-sweep generation total 393216K, used 147865K [0x00000007a8000000, 0x00000007c0000000, 0x00000007c0000000)
 Metaspace       used 35888K, capacity 36568K, committed 36912K, reserved 1081344K
  class space    used 4108K, capacity 4289K, committed 4400K, reserved 1048576K
}
2016-10-23T19:10:33.620+0800: 257.798: Total time for which application threads were stopped: 0.0023705 seconds, Stopping threads took: 0.0000323 seconds
{Heap before GC invocations=560 (full 21):
 par new generation   total 109248K, used 88106K [0x00000007a0000000, 0x00000007a8000000, 0x00000007a8000000)
  eden space 87424K, 100% used [0x00000007a0000000, 0x00000007a5560000, 0x00000007a5560000)
  from space 21824K,   3% used [0x00000007a5560000, 0x00000007a560a870, 0x00000007a6ab0000)
  to   space 21824K,   0% used [0x00000007a6ab0000, 0x00000007a6ab0000, 0x00000007a8000000)
 concurrent mark-sweep generation total 393216K, used 147865K [0x00000007a8000000, 0x00000007c0000000, 0x00000007c0000000)
 Metaspace       used 35888K, capacity 36568K, committed 36912K, reserved 1081344K
  class space    used 4108K, capacity 4289K, committed 4400K, reserved 1048576K
2016-10-23T19:10:33.704+0800: 257.882: [GC (Allocation Failure) 2016-10-23T19:10:33.704+0800: 257.882: [ParNew
Desired survivor size 20112992 bytes, new threshold 8 (max 8)
- age   1:      40424 bytes,      40424 total
- age   2:      41800 bytes,      82224 total
- age   3:      27888 bytes,     110112 total
- age   4:     187936 bytes,     298048 total
: 88106K->330K(109248K), 0.0020223 secs] 235971K->148549K(502464K), 0.0020752 secs] [Times: user=0.01 sys=0.00, real=0.00 secs] 
Heap after GC invocations=561 (full 21):
 par new generation   total 109248K, used 330K [0x00000007a0000000, 0x00000007a8000000, 0x00000007a8000000)
  eden space 87424K,   0% used [0x00000007a0000000, 0x00000007a0000000, 0x00000007a5560000)
  from space 21824K,   1% used [0x00000007a6ab0000, 0x00000007a6b02bf0, 0x00000007a8000000)
  to   space 21824K,   0% used [0x00000007a5560000, 0x00000007a5560000, 0x00000007a6ab0000)
 concurrent mark-sweep generation total 393216K, used 148218K [0x00000007a8000000, 0x00000007c0000000, 0x00000007c0000000)
 Metaspace       used 35888K, capacity 36568K, committed 36912K, reserved 1081344K
  class space    used 4108K, capacity 4289K, committed 4400K, reserved 1048576K
}
2016-10-23T19:10:33.706+0800: 257.884: Total time for which application threads were stopped: 0.0022396 seconds, Stopping threads took: 0.0000316 seconds
{Heap before GC invocations=561 (full 21):
 par new generation   total 109248K, used 87754K [0x00000007a0000000, 0x00000007a8000000, 0x00000007a8000000)
  eden space 87424K, 100% used [0x00000007a0000000, 0x00000007a5560000, 0x00000007a5560000)
  from space 21824K,   1% used [0x00000007a6ab0000, 0x00000007a6b02bf0, 0x00000007a8000000)
  to   space 21824K,   0% used [0x00000007a5560000, 0x00000007a5560000, 0x00000007a6ab0000)
 concurrent mark-sweep generation total 393216K, used 148218K [0x00000007a8000000, 0x00000007c0000000, 0x00000007c0000000)
 Metaspace       used 35888K, capacity 36568K, committed 36912K, reserved 1081344K
  class space    used 4108K, capacity 4289K, committed 4400K, reserved 1048576K
2016-10-23T19:10:33.819+0800: 257.998: [GC (Allocation Failure) 2016-10-23T19:10:33.819+0800: 257.998: [ParNew
Desired survivor size 20112992 bytes, new threshold 8 (max 8)
- age   1:     110352 bytes,     110352 total
- age   2:      23616 bytes,     133968 total
- age   3:      41712 bytes,     175680 total
- age   4:      27888 bytes,     203568 total
- age   5:     187888 bytes,     391456 total
: 87754K->456K(109248K), 0.0018372 secs] 235973K->148675K(502464K), 0.0018763 secs] [Times: user=0.01 sys=0.00, real=0.01 secs] 
Heap after GC invocations=562 (full 21):
 par new generation   total 109248K, used 456K [0x00000007a0000000, 0x00000007a8000000, 0x00000007a8000000)
  eden space 87424K,   0% used [0x00000007a0000000, 0x00000007a0000000, 0x00000007a5560000)
  from space 21824K,   2% used [0x00000007a5560000, 0x00000007a55d21b8, 0x00000007a6ab0000)
  to   space 21824K,   0% used [0x00000007a6ab0000, 0x00000007a6ab0000, 0x00000007a8000000)
 concurrent mark-sweep generation total 393216K, used 148218K [0x00000007a8000000, 0x00000007c0000000, 0x00000007c0000000)
 Metaspace       used 35888K, capacity 36568K, committed 36912K, reserved 1081344K
  class space    used 4108K, capacity 4289K, committed 4400K, reserved 1048576K
}
2016-10-23T19:10:33.821+0800: 258.000: Total time for which application threads were stopped: 0.0020311 seconds, Stopping threads took: 0.0000302 seconds
{Heap before GC invocations=562 (full 21):
 par new generation   total 109248K, used 87880K [0x00000007a0000000, 0x00000007a8000000, 0x00000007a8000000)
  eden space 87424K, 100% used [0x00000007a0000000, 0x00000007a5560000, 0x00000007a5560000)
  from space 21824K,   2% used [0x00000007a5560000, 0x00000007a55d21b8, 0x00000007a6ab0000)
  to   space 21824K,   0% used [0x00000007a6ab0000, 0x00000007a6ab0000, 0x00000007a8000000)
 concurrent mark-sweep generation total 393216K, used 148218K [0x00000007a8000000, 0x00000007c0000000, 0x00000007c0000000)
 Metaspace       used 35888K, capacity 36568K, committed 36912K, reserved 1081344K
  class space    used 4108K, capacity 4289K, committed 4400K, reserved 1048576K
2016-10-23T19:10:34.324+0800: 258.503: [GC (Allocation Failure) 2016-10-23T19:10:34.324+0800: 258.503: [ParNew
Desired survivor size 20112992 bytes, new threshold 8 (max 8)
- age   1:     200736 bytes,     200736 total
- age   6:        792 bytes,     201528 total
: 87880K->226K(109248K), 0.0020061 secs] 236099K->148445K(502464K), 0.0020531 secs] [Times: user=0.01 sys=0.00, real=0.00 secs] 
Heap after GC invocations=563 (full 21):
 par new generation   total 109248K, used 226K [0x00000007a0000000, 0x00000007a8000000, 0x00000007a8000000)
  eden space 87424K,   0% used [0x00000007a0000000, 0x00000007a0000000, 0x00000007a5560000)
  from space 21824K,   1% used [0x00000007a6ab0000, 0x00000007a6ae8a70, 0x00000007a8000000)
  to   space 21824K,   0% used [0x00000007a5560000, 0x00000007a5560000, 0x00000007a6ab0000)
 concurrent mark-sweep generation total 393216K, used 148218K [0x00000007a8000000, 0x00000007c0000000, 0x00000007c0000000)
 Metaspace       used 35888K, capacity 36568K, committed 36912K, reserved 1081344K
  class space    used 4108K, capacity 4289K, committed 4400K, reserved 1048576K
}
2016-10-23T19:10:34.327+0800: 258.505: Total time for which application threads were stopped: 0.0022144 seconds, Stopping threads took: 0.0000310 seconds
{Heap before GC invocations=563 (full 21):
 par new generation   total 109248K, used 87650K [0x00000007a0000000, 0x00000007a8000000, 0x00000007a8000000)
  eden space 87424K, 100% used [0x00000007a0000000, 0x00000007a5560000, 0x00000007a5560000)
  from space 21824K,   1% used [0x00000007a6ab0000, 0x00000007a6ae8a70, 0x00000007a8000000)
  to   space 21824K,   0% used [0x00000007a5560000, 0x00000007a5560000, 0x00000007a6ab0000)
 concurrent mark-sweep generation total 393216K, used 148218K [0x00000007a8000000, 0x00000007c0000000, 0x00000007c0000000)
 Metaspace       used 35888K, capacity 36568K, committed 36912K, reserved 1081344K
  class space    used 4108K, capacity 4289K, committed 4400K, reserved 1048576K
2016-10-23T19:10:34.407+0800: 258.585: [GC (Allocation Failure) 2016-10-23T19:10:34.407+0800: 258.585: [ParNew
Desired survivor size 20112992 bytes, new threshold 8 (max 8)
- age   1:     140928 bytes,     140928 total
- age   2:     183376 bytes,     324304 total
- age   7:        792 bytes,     325096 total
: 87650K->380K(109248K), 0.0020487 secs] 235869K->148599K(502464K), 0.0020913 secs] [Times: user=0.01 sys=0.00, real=0.00 secs] 
Heap after GC invocations=564 (full 21):
 par new generation   total 109248K, used 380K [0x00000007a0000000, 0x00000007a8000000, 0x00000007a8000000)
  eden space 87424K,   0% used [0x00000007a0000000, 0x00000007a0000000, 0x00000007a5560000)
  from space 21824K,   1% used [0x00000007a5560000, 0x00000007a55bf200, 0x00000007a6ab0000)
  to   space 21824K,   0% used [0x00000007a6ab0000, 0x00000007a6ab0000, 0x00000007a8000000)
 concurrent mark-sweep generation total 393216K, used 148218K [0x00000007a8000000, 0x00000007c0000000, 0x00000007c0000000)
 Metaspace       used 35888K, capacity 36568K, committed 36912K, reserved 1081344K
  class space    used 4108K, capacity 4289K, committed 4400K, reserved 1048576K
}
2016-10-23T19:10:34.409+0800: 258.587: Total time for which application threads were stopped: 0.0022497 seconds, Stopping threads took: 0.0000328 seconds
{Heap before GC invocations=564 (full 21):
 par new generation   total 109248K, used 87804K [0x00000007a0000000, 0x00000007a8000000, 0x00000007a8000000)
  eden space 87424K, 100% used [0x00000007a0000000, 0x00000007a5560000, 0x00000007a5560000)
  from space 21824K,   1% used [0x00000007a5560000, 0x00000007a55bf200, 0x00000007a6ab0000)
  to   space 21824K,   0% used [0x00000007a6ab0000, 0x00000007a6ab0000, 0x00000007a8000000)
 concurrent mark-sweep generation total 393216K, used 148218K [0x00000007a8000000, 0x00000007c0000000, 0x00000007c0000000)
 Metaspace       used 35888K, capacity 36568K, committed 36912K, reserved 1081344K
  class space    used 4108K, capacity 4289K, committed 4400K, reserved 1048576K
2016-10-23T19:10:34.494+0800: 258.673: [GC (Allocation Failure) 2016-10-23T19:10:34.494+0800: 258.673: [ParNew
Desired survivor size 20112992 bytes, new threshold 8 (max 8)
- age   1:      45584 bytes,      45584 total
- age   2:      38064 bytes,      83648 total
- age   3:     181744 bytes,     265392 total
- age   8:        792 bytes,     266184 total
: 87804K->317K(109248K), 0.0018182 secs] 236023K->148535K(502464K), 0.0018608 secs] [Times: user=0.01 sys=0.01, real=0.00 secs] 
Heap after GC invocations=565 (full 21):
 par new generation   total 109248K, used 317K [0x00000007a0000000, 0x00000007a8000000, 0x00000007a8000000)
  eden space 87424K,   0% used [0x00000007a0000000, 0x00000007a0000000, 0x00000007a5560000)
  from space 21824K,   1% used [0x00000007a6ab0000, 0x00000007a6aff4f0, 0x00000007a8000000)
  to   space 21824K,   0% used [0x00000007a5560000, 0x00000007a5560000, 0x00000007a6ab0000)
 concurrent mark-sweep generation total 393216K, used 148218K [0x00000007a8000000, 0x00000007c0000000, 0x00000007c0000000)
 Metaspace       used 35888K, capacity 36568K, committed 36912K, reserved 1081344K
  class space    used 4108K, capacity 4289K, committed 4400K, reserved 1048576K
}
2016-10-23T19:10:34.496+0800: 258.675: Total time for which application threads were stopped: 0.0020030 seconds, Stopping threads took: 0.0000282 seconds
{Heap before GC invocations=565 (full 21):
 par new generation   total 109248K, used 87741K [0x00000007a0000000, 0x00000007a8000000, 0x00000007a8000000)
  eden space 87424K, 100% used [0x00000007a0000000, 0x00000007a5560000, 0x00000007a5560000)
  from space 21824K,   1% used [0x00000007a6ab0000, 0x00000007a6aff4f0, 0x00000007a8000000)
  to   space 21824K,   0% used [0x00000007a5560000, 0x00000007a5560000, 0x00000007a6ab0000)
 concurrent mark-sweep generation total 393216K, used 148218K [0x00000007a8000000, 0x00000007c0000000, 0x00000007c0000000)
 Metaspace       used 35888K, capacity 36568K, committed 36912K, reserved 1081344K
  class space    used 4108K, capacity 4289K, committed 4400K, reserved 1048576K
2016-10-23T19:10:34.848+0800: 259.026: [GC (Allocation Failure) 2016-10-23T19:10:34.848+0800: 259.027: [ParNew
Desired survivor size 20112992 bytes, new threshold 8 (max 8)
- age   1:     250480 bytes,     250480 total
- age   4:       1568 bytes,     252048 total
: 87741K->287K(109248K), 0.0018063 secs] 235959K->148506K(502464K), 0.0018450 secs] [Times: user=0.01 sys=0.00, real=0.01 secs] 
Heap after GC invocations=566 (full 21):
 par new generation   total 109248K, used 287K [0x00000007a0000000, 0x00000007a8000000, 0x00000007a8000000)
  eden space 87424K,   0% used [0x00000007a0000000, 0x00000007a0000000, 0x00000007a5560000)
  from space 21824K,   1% used [0x00000007a5560000, 0x00000007a55a7d38, 0x00000007a6ab0000)
  to   space 21824K,   0% used [0x00000007a6ab0000, 0x00000007a6ab0000, 0x00000007a8000000)
 concurrent mark-sweep generation total 393216K, used 148219K [0x00000007a8000000, 0x00000007c0000000, 0x00000007c0000000)
 Metaspace       used 35888K, capacity 36568K, committed 36912K, reserved 1081344K
  class space    used 4108K, capacity 4289K, committed 4400K, reserved 1048576K
}
2016-10-23T19:10:34.850+0800: 259.028: Total time for which application threads were stopped: 0.0019923 seconds, Stopping threads took: 0.0000296 seconds
{Heap before GC invocations=566 (full 21):
 par new generation   total 109248K, used 87711K [0x00000007a0000000, 0x00000007a8000000, 0x00000007a8000000)
  eden space 87424K, 100% used [0x00000007a0000000, 0x00000007a5560000, 0x00000007a5560000)
  from space 21824K,   1% used [0x00000007a5560000, 0x00000007a55a7d38, 0x00000007a6ab0000)
  to   space 21824K,   0% used [0x00000007a6ab0000, 0x00000007a6ab0000, 0x00000007a8000000)
 concurrent mark-sweep generation total 393216K, used 148219K [0x00000007a8000000, 0x00000007c0000000, 0x00000007c0000000)
 Metaspace       used 35888K, capacity 36568K, committed 36912K, reserved 1081344K
  class space    used 4108K, capacity 4289K, committed 4400K, reserved 1048576K
2016-10-23T19:10:34.920+0800: 259.099: [GC (Allocation Failure) 2016-10-23T19:10:34.920+0800: 259.099: [ParNew
Desired survivor size 20112992 bytes, new threshold 8 (max 8)
- age   1:      49976 bytes,      49976 total
- age   2:     213832 bytes,     263808 total
- age   5:       1568 bytes,     265376 total
: 87711K->346K(109248K), 0.0019963 secs] 235930K->148566K(502464K), 0.0020499 secs] [Times: user=0.01 sys=0.00, real=0.00 secs] 
Heap after GC invocations=567 (full 21):
 par new generation   total 109248K, used 346K [0x00000007a0000000, 0x00000007a8000000, 0x00000007a8000000)
  eden space 87424K,   0% used [0x00000007a0000000, 0x00000007a0000000, 0x00000007a5560000)
  from space 21824K,   1% used [0x00000007a6ab0000, 0x00000007a6b06aa0, 0x00000007a8000000)
  to   space 21824K,   0% used [0x00000007a5560000, 0x00000007a5560000, 0x00000007a6ab0000)
 concurrent mark-sweep generation total 393216K, used 148219K [0x00000007a8000000, 0x00000007c0000000, 0x00000007c0000000)
 Metaspace       used 35888K, capacity 36568K, committed 36912K, reserved 1081344K
  class space    used 4108K, capacity 4289K, committed 4400K, reserved 1048576K
}
2016-10-23T19:10:34.922+0800: 259.101: Total time for which application threads were stopped: 0.0022078 seconds, Stopping threads took: 0.0000223 seconds
{Heap before GC invocations=567 (full 21):
 par new generation   total 109248K, used 87770K [0x00000007a0000000, 0x00000007a8000000, 0x00000007a8000000)
  eden space 87424K, 100% used [0x00000007a0000000, 0x00000007a5560000, 0x00000007a5560000)
  from space 21824K,   1% used [0x00000007a6ab0000, 0x00000007a6b06aa0, 0x00000007a8000000)
  to   space 21824K,   0% used [0x00000007a5560000, 0x00000007a5560000, 0x00000007a6ab0000)
 concurrent mark-sweep generation total 393216K, used 148219K [0x00000007a8000000, 0x00000007c0000000, 0x00000007c0000000)
 Metaspace       used 35888K, capacity 36568K, committed 36912K, reserved 1081344K
  class space    used 4108K, capacity 4289K, committed 4400K, reserved 1048576K
2016-10-23T19:10:34.994+0800: 259.172: [GC (Allocation Failure) 2016-10-23T19:10:34.994+0800: 259.172: [ParNew
Desired survivor size 20112992 bytes, new threshold 8 (max 8)
- age   1:      64528 bytes,      64528 total
- age   2:      27432 bytes,      91960 total
- age   3:     213256 bytes,     305216 total
- age   6:       1568 bytes,     306784 total
: 87770K->375K(109248K), 0.0020716 secs] 235990K->148594K(502464K), 0.0021159 secs] [Times: user=0.01 sys=0.00, real=0.00 secs] 
Heap after GC invocations=568 (full 21):
 par new generation   total 109248K, used 375K [0x00000007a0000000, 0x00000007a8000000, 0x00000007a8000000)
  eden space 87424K,   0% used [0x00000007a0000000, 0x00000007a0000000, 0x00000007a5560000)
  from space 21824K,   1% used [0x00000007a5560000, 0x00000007a55bdc58, 0x00000007a6ab0000)
  to   space 21824K,   0% used [0x00000007a6ab0000, 0x00000007a6ab0000, 0x00000007a8000000)
 concurrent mark-sweep generation total 393216K, used 148219K [0x00000007a8000000, 0x00000007c0000000, 0x00000007c0000000)
 Metaspace       used 35888K, capacity 36568K, committed 36912K, reserved 1081344K
  class space    used 4108K, capacity 4289K, committed 4400K, reserved 1048576K
}
2016-10-23T19:10:34.996+0800: 259.174: Total time for which application threads were stopped: 0.0023032 seconds, Stopping threads took: 0.0000265 seconds
{Heap before GC invocations=568 (full 21):
 par new generation   total 109248K, used 87799K [0x00000007a0000000, 0x00000007a8000000, 0x00000007a8000000)
  eden space 87424K, 100% used [0x00000007a0000000, 0x00000007a5560000, 0x00000007a5560000)
  from space 21824K,   1% used [0x00000007a5560000, 0x00000007a55bdc58, 0x00000007a6ab0000)
  to   space 21824K,   0% used [0x00000007a6ab0000, 0x00000007a6ab0000, 0x00000007a8000000)
 concurrent mark-sweep generation total 393216K, used 148219K [0x00000007a8000000, 0x00000007c0000000, 0x00000007c0000000)
 Metaspace       used 35888K, capacity 36568K, committed 36912K, reserved 1081344K
  class space    used 4108K, capacity 4289K, committed 4400K, reserved 1048576K
2016-10-23T19:10:35.083+0800: 259.262: [GC (Allocation Failure) 2016-10-23T19:10:35.083+0800: 259.262: [ParNew
Desired survivor size 20112992 bytes, new threshold 8 (max 8)
- age   1:     138960 bytes,     138960 total
- age   2:      34400 bytes,     173360 total
- age   3:      27432 bytes,     200792 total
- age   4:     212296 bytes,     413088 total
- age   7:       1568 bytes,     414656 total
: 87799K->451K(109248K), 0.0019926 secs] 236018K->148670K(502464K), 0.0020600 secs] [Times: user=0.00 sys=0.00, real=0.00 secs] 
Heap after GC invocations=569 (full 21):
 par new generation   total 109248K, used 451K [0x00000007a0000000, 0x00000007a8000000, 0x00000007a8000000)
  eden space 87424K,   0% used [0x00000007a0000000, 0x00000007a0000000, 0x00000007a5560000)
  from space 21824K,   2% used [0x00000007a6ab0000, 0x00000007a6b20ce8, 0x00000007a8000000)
  to   space 21824K,   0% used [0x00000007a5560000, 0x00000007a5560000, 0x00000007a6ab0000)
 concurrent mark-sweep generation total 393216K, used 148219K [0x00000007a8000000, 0x00000007c0000000, 0x00000007c0000000)
 Metaspace       used 35888K, capacity 36568K, committed 36912K, reserved 1081344K
  class space    used 4108K, capacity 4289K, committed 4400K, reserved 1048576K
}
2016-10-23T19:10:35.085+0800: 259.264: Total time for which application threads were stopped: 0.0022526 seconds, Stopping threads took: 0.0000293 seconds
{Heap before GC invocations=569 (full 21):
 par new generation   total 109248K, used 87875K [0x00000007a0000000, 0x00000007a8000000, 0x00000007a8000000)
  eden space 87424K, 100% used [0x00000007a0000000, 0x00000007a5560000, 0x00000007a5560000)
  from space 21824K,   2% used [0x00000007a6ab0000, 0x00000007a6b20ce8, 0x00000007a8000000)
  to   space 21824K,   0% used [0x00000007a5560000, 0x00000007a5560000, 0x00000007a6ab0000)
 concurrent mark-sweep generation total 393216K, used 148219K [0x00000007a8000000, 0x00000007c0000000, 0x00000007c0000000)
 Metaspace       used 35888K, capacity 36568K, committed 36912K, reserved 1081344K
  class space    used 4108K, capacity 4289K, committed 4400K, reserved 1048576K
2016-10-23T19:10:35.174+0800: 259.353: [GC (Allocation Failure) 2016-10-23T19:10:35.174+0800: 259.353: [ParNew
Desired survivor size 20112992 bytes, new threshold 8 (max 8)
- age   1:     186792 bytes,     186792 total
- age   2:       4160 bytes,     190952 total
- age   5:     184688 bytes,     375640 total
- age   8:       1568 bytes,     377208 total
: 87875K->480K(109248K), 0.0020482 secs] 236094K->148700K(502464K), 0.0020931 secs] [Times: user=0.00 sys=0.00, real=0.00 secs] 
Heap after GC invocations=570 (full 21):
 par new generation   total 109248K, used 480K [0x00000007a0000000, 0x00000007a8000000, 0x00000007a8000000)
  eden space 87424K,   0% used [0x00000007a0000000, 0x00000007a0000000, 0x00000007a5560000)
  from space 21824K,   2% used [0x00000007a5560000, 0x00000007a55d8320, 0x00000007a6ab0000)
  to   space 21824K,   0% used [0x00000007a6ab0000, 0x00000007a6ab0000, 0x00000007a8000000)
 concurrent mark-sweep generation total 393216K, used 148219K [0x00000007a8000000, 0x00000007c0000000, 0x00000007c0000000)
 Metaspace       used 35888K, capacity 36568K, committed 36912K, reserved 1081344K
  class space    used 4108K, capacity 4289K, committed 4400K, reserved 1048576K
}
2016-10-23T19:10:35.176+0800: 259.355: Total time for which application threads were stopped: 0.0022578 seconds, Stopping threads took: 0.0000310 seconds
{Heap before GC invocations=570 (full 21):
 par new generation   total 109248K, used 87904K [0x00000007a0000000, 0x00000007a8000000, 0x00000007a8000000)
  eden space 87424K, 100% used [0x00000007a0000000, 0x00000007a5560000, 0x00000007a5560000)
  from space 21824K,   2% used [0x00000007a5560000, 0x00000007a55d8320, 0x00000007a6ab0000)
  to   space 21824K,   0% used [0x00000007a6ab0000, 0x00000007a6ab0000, 0x00000007a8000000)
 concurrent mark-sweep generation total 393216K, used 148219K [0x00000007a8000000, 0x00000007c0000000, 0x00000007c0000000)
 Metaspace       used 35888K, capacity 36568K, committed 36912K, reserved 1081344K
  class space    used 4108K, capacity 4289K, committed 4400K, reserved 1048576K
2016-10-23T19:10:35.314+0800: 259.493: [GC (Allocation Failure) 2016-10-23T19:10:35.314+0800: 259.493: [ParNew
Desired survivor size 20112992 bytes, new threshold 8 (max 8)
- age   1:      70280 bytes,      70280 total
- age   2:     161552 bytes,     231832 total
- age   3:       2376 bytes,     234208 total
- age   6:     184496 bytes,     418704 total
: 87904K->465K(109248K), 0.0020142 secs] 236124K->148686K(502464K), 0.0020714 secs] [Times: user=0.01 sys=0.00, real=0.00 secs] 
Heap after GC invocations=571 (full 21):
 par new generation   total 109248K, used 465K [0x00000007a0000000, 0x00000007a8000000, 0x00000007a8000000)
  eden space 87424K,   0% used [0x00000007a0000000, 0x00000007a0000000, 0x00000007a5560000)
  from space 21824K,   2% used [0x00000007a6ab0000, 0x00000007a6b24740, 0x00000007a8000000)
  to   space 21824K,   0% used [0x00000007a5560000, 0x00000007a5560000, 0x00000007a6ab0000)
 concurrent mark-sweep generation total 393216K, used 148220K [0x00000007a8000000, 0x00000007c0000000, 0x00000007c0000000)
 Metaspace       used 35888K, capacity 36568K, committed 36912K, reserved 1081344K
  class space    used 4108K, capacity 4289K, committed 4400K, reserved 1048576K
}
2016-10-23T19:10:35.316+0800: 259.495: Total time for which application threads were stopped: 0.0022247 seconds, Stopping threads took: 0.0000205 seconds
{Heap before GC invocations=571 (full 21):
 par new generation   total 109248K, used 87889K [0x00000007a0000000, 0x00000007a8000000, 0x00000007a8000000)
  eden space 87424K, 100% used [0x00000007a0000000, 0x00000007a5560000, 0x00000007a5560000)
  from space 21824K,   2% used [0x00000007a6ab0000, 0x00000007a6b24740, 0x00000007a8000000)
  to   space 21824K,   0% used [0x00000007a5560000, 0x00000007a5560000, 0x00000007a6ab0000)
 concurrent mark-sweep generation total 393216K, used 148220K [0x00000007a8000000, 0x00000007c0000000, 0x00000007c0000000)
 Metaspace       used 35888K, capacity 36568K, committed 36912K, reserved 1081344K
  class space    used 4108K, capacity 4289K, committed 4400K, reserved 1048576K
2016-10-23T19:10:35.418+0800: 259.597: [GC (Allocation Failure) 2016-10-23T19:10:35.418+0800: 259.597: [ParNew
Desired survivor size 20112992 bytes, new threshold 8 (max 8)
- age   1:     168008 bytes,     168008 total
- age   2:       2824 bytes,     170832 total
- age   3:     128448 bytes,     299280 total
- age   4:       2376 bytes,     301656 total
- age   7:     184496 bytes,     486152 total
: 87889K->573K(109248K), 0.0020370 secs] 236110K->148794K(502464K), 0.0020834 secs] [Times: user=0.01 sys=0.00, real=0.01 secs] 
Heap after GC invocations=572 (full 21):
 par new generation   total 109248K, used 573K [0x00000007a0000000, 0x00000007a8000000, 0x00000007a8000000)
  eden space 87424K,   0% used [0x00000007a0000000, 0x00000007a0000000, 0x00000007a5560000)
  from space 21824K,   2% used [0x00000007a5560000, 0x00000007a55ef6d0, 0x00000007a6ab0000)
  to   space 21824K,   0% used [0x00000007a6ab0000, 0x00000007a6ab0000, 0x00000007a8000000)
 concurrent mark-sweep generation total 393216K, used 148220K [0x00000007a8000000, 0x00000007c0000000, 0x00000007c0000000)
 Metaspace       used 35888K, capacity 36568K, committed 36912K, reserved 1081344K
  class space    used 4108K, capacity 4289K, committed 4400K, reserved 1048576K
}
2016-10-23T19:10:35.420+0800: 259.599: Total time for which application threads were stopped: 0.0022462 seconds, Stopping threads took: 0.0000330 seconds
{Heap before GC invocations=572 (full 21):
 par new generation   total 109248K, used 87997K [0x00000007a0000000, 0x00000007a8000000, 0x00000007a8000000)
  eden space 87424K, 100% used [0x00000007a0000000, 0x00000007a5560000, 0x00000007a5560000)
  from space 21824K,   2% used [0x00000007a5560000, 0x00000007a55ef6d0, 0x00000007a6ab0000)
  to   space 21824K,   0% used [0x00000007a6ab0000, 0x00000007a6ab0000, 0x00000007a8000000)
 concurrent mark-sweep generation total 393216K, used 148220K [0x00000007a8000000, 0x00000007c0000000, 0x00000007c0000000)
 Metaspace       used 35888K, capacity 36568K, committed 36912K, reserved 1081344K
  class space    used 4108K, capacity 4289K, committed 4400K, reserved 1048576K
2016-10-23T19:10:35.569+0800: 259.748: [GC (Allocation Failure) 2016-10-23T19:10:35.569+0800: 259.748: [ParNew
Desired survivor size 20112992 bytes, new threshold 8 (max 8)
- age   1:     138440 bytes,     138440 total
- age   2:     116216 bytes,     254656 total
- age   3:       2088 bytes,     256744 total
- age   4:     128448 bytes,     385192 total
- age   5:       2208 bytes,     387400 total
- age   8:     184496 bytes,     571896 total
: 87997K->616K(109248K), 0.0021868 secs] 236218K->148837K(502464K), 0.0022615 secs] [Times: user=0.01 sys=0.00, real=0.01 secs] 
Heap after GC invocations=573 (full 21):
 par new generation   total 109248K, used 616K [0x00000007a0000000, 0x00000007a8000000, 0x00000007a8000000)
  eden space 87424K,   0% used [0x00000007a0000000, 0x00000007a0000000, 0x00000007a5560000)
  from space 21824K,   2% used [0x00000007a6ab0000, 0x00000007a6b4a3a0, 0x00000007a8000000)
  to   space 21824K,   0% used [0x00000007a5560000, 0x00000007a5560000, 0x00000007a6ab0000)
 concurrent mark-sweep generation total 393216K, used 148220K [0x00000007a8000000, 0x00000007c0000000, 0x00000007c0000000)
 Metaspace       used 35888K, capacity 36568K, committed 36912K, reserved 1081344K
  class space    used 4108K, capacity 4289K, committed 4400K, reserved 1048576K
}
2016-10-23T19:10:35.571+0800: 259.750: Total time for which application threads were stopped: 0.0024307 seconds, Stopping threads took: 0.0000244 seconds
{Heap before GC invocations=573 (full 21):
 par new generation   total 109248K, used 88040K [0x00000007a0000000, 0x00000007a8000000, 0x00000007a8000000)
  eden space 87424K, 100% used [0x00000007a0000000, 0x00000007a5560000, 0x00000007a5560000)
  from space 21824K,   2% used [0x00000007a6ab0000, 0x00000007a6b4a3a0, 0x00000007a8000000)
  to   space 21824K,   0% used [0x00000007a5560000, 0x00000007a5560000, 0x00000007a6ab0000)
 concurrent mark-sweep generation total 393216K, used 148220K [0x00000007a8000000, 0x00000007c0000000, 0x00000007c0000000)
 Metaspace       used 35888K, capacity 36568K, committed 36912K, reserved 1081344K
  class space    used 4108K, capacity 4289K, committed 4400K, reserved 1048576K
2016-10-23T19:10:35.727+0800: 259.905: [GC (Allocation Failure) 2016-10-23T19:10:35.727+0800: 259.905: [ParNew
Desired survivor size 20112992 bytes, new threshold 8 (max 8)
- age   1:     244736 bytes,     244736 total
- age   2:       1072 bytes,     245808 total
- age   3:     102736 bytes,     348544 total
- age   4:       2088 bytes,     350632 total
- age   5:     128448 bytes,     479080 total
- age   6:       2208 bytes,     481288 total
: 88040K->588K(109248K), 0.0029061 secs] 236261K->148989K(502464K), 0.0029846 secs] [Times: user=0.01 sys=0.00, real=0.01 secs] 
Heap after GC invocations=574 (full 21):
 par new generation   total 109248K, used 588K [0x00000007a0000000, 0x00000007a8000000, 0x00000007a8000000)
  eden space 87424K,   0% used [0x00000007a0000000, 0x00000007a0000000, 0x00000007a5560000)
  from space 21824K,   2% used [0x00000007a5560000, 0x00000007a55f32e8, 0x00000007a6ab0000)
  to   space 21824K,   0% used [0x00000007a6ab0000, 0x00000007a6ab0000, 0x00000007a8000000)
 concurrent mark-sweep generation total 393216K, used 148400K [0x00000007a8000000, 0x00000007c0000000, 0x00000007c0000000)
 Metaspace       used 35888K, capacity 36568K, committed 36912K, reserved 1081344K
  class space    used 4108K, capacity 4289K, committed 4400K, reserved 1048576K
}
2016-10-23T19:10:35.730+0800: 259.908: Total time for which application threads were stopped: 0.0031536 seconds, Stopping threads took: 0.0000239 seconds
{Heap before GC invocations=574 (full 21):
 par new generation   total 109248K, used 88012K [0x00000007a0000000, 0x00000007a8000000, 0x00000007a8000000)
  eden space 87424K, 100% used [0x00000007a0000000, 0x00000007a5560000, 0x00000007a5560000)
  from space 21824K,   2% used [0x00000007a5560000, 0x00000007a55f32e8, 0x00000007a6ab0000)
  to   space 21824K,   0% used [0x00000007a6ab0000, 0x00000007a6ab0000, 0x00000007a8000000)
 concurrent mark-sweep generation total 393216K, used 148400K [0x00000007a8000000, 0x00000007c0000000, 0x00000007c0000000)
 Metaspace       used 35888K, capacity 36568K, committed 36912K, reserved 1081344K
  class space    used 4108K, capacity 4289K, committed 4400K, reserved 1048576K
2016-10-23T19:10:35.950+0800: 260.129: [GC (Allocation Failure) 2016-10-23T19:10:35.950+0800: 260.129: [ParNew
Desired survivor size 20112992 bytes, new threshold 8 (max 8)
- age   1:     156672 bytes,     156672 total
- age   2:     126496 bytes,     283168 total
- age   3:       1072 bytes,     284240 total
- age   4:     102736 bytes,     386976 total
- age   5:       2088 bytes,     389064 total
- age   6:     128448 bytes,     517512 total
- age   7:       2208 bytes,     519720 total
: 88012K->571K(109248K), 0.0021353 secs] 236413K->148972K(502464K), 0.0021943 secs] [Times: user=0.00 sys=0.00, real=0.00 secs] 
Heap after GC invocations=575 (full 21):
 par new generation   total 109248K, used 571K [0x00000007a0000000, 0x00000007a8000000, 0x00000007a8000000)
  eden space 87424K,   0% used [0x00000007a0000000, 0x00000007a0000000, 0x00000007a5560000)
  from space 21824K,   2% used [0x00000007a6ab0000, 0x00000007a6b3ec48, 0x00000007a8000000)
  to   space 21824K,   0% used [0x00000007a5560000, 0x00000007a5560000, 0x00000007a6ab0000)
 concurrent mark-sweep generation total 393216K, used 148400K [0x00000007a8000000, 0x00000007c0000000, 0x00000007c0000000)
 Metaspace       used 35888K, capacity 36568K, committed 36912K, reserved 1081344K
  class space    used 4108K, capacity 4289K, committed 4400K, reserved 1048576K
}
2016-10-23T19:10:35.953+0800: 260.131: Total time for which application threads were stopped: 0.0023486 seconds, Stopping threads took: 0.0000299 seconds
{Heap before GC invocations=575 (full 21):
 par new generation   total 109248K, used 87995K [0x00000007a0000000, 0x00000007a8000000, 0x00000007a8000000)
  eden space 87424K, 100% used [0x00000007a0000000, 0x00000007a5560000, 0x00000007a5560000)
  from space 21824K,   2% used [0x00000007a6ab0000, 0x00000007a6b3ec48, 0x00000007a8000000)
  to   space 21824K,   0% used [0x00000007a5560000, 0x00000007a5560000, 0x00000007a6ab0000)
 concurrent mark-sweep generation total 393216K, used 148400K [0x00000007a8000000, 0x00000007c0000000, 0x00000007c0000000)
 Metaspace       used 35888K, capacity 36568K, committed 36912K, reserved 1081344K
  class space    used 4108K, capacity 4289K, committed 4400K, reserved 1048576K
2016-10-23T19:10:36.637+0800: 260.815: [GC (Allocation Failure) 2016-10-23T19:10:36.637+0800: 260.815: [ParNew
Desired survivor size 20112992 bytes, new threshold 8 (max 8)
- age   1:     630152 bytes,     630152 total
- age   2:         32 bytes,     630184 total
- age   3:        248 bytes,     630432 total
- age   4:       1072 bytes,     631504 total
- age   6:       2088 bytes,     633592 total
- age   7:      11520 bytes,     645112 total
- age   8:       2208 bytes,     647320 total
: 87995K->692K(109248K), 0.0019314 secs] 236396K->149093K(502464K), 0.0019801 secs] [Times: user=0.00 sys=0.00, real=0.00 secs] 
Heap after GC invocations=576 (full 21):
 par new generation   total 109248K, used 692K [0x00000007a0000000, 0x00000007a8000000, 0x00000007a8000000)
  eden space 87424K,   0% used [0x00000007a0000000, 0x00000007a0000000, 0x00000007a5560000)
  from space 21824K,   3% used [0x00000007a5560000, 0x00000007a560d190, 0x00000007a6ab0000)
  to   space 21824K,   0% used [0x00000007a6ab0000, 0x00000007a6ab0000, 0x00000007a8000000)
 concurrent mark-sweep generation total 393216K, used 148400K [0x00000007a8000000, 0x00000007c0000000, 0x00000007c0000000)
 Metaspace       used 35888K, capacity 36568K, committed 36912K, reserved 1081344K
  class space    used 4108K, capacity 4289K, committed 4400K, reserved 1048576K
}
2016-10-23T19:10:36.639+0800: 260.817: Total time for which application threads were stopped: 0.0022591 seconds, Stopping threads took: 0.0001210 seconds
{Heap before GC invocations=576 (full 21):
 par new generation   total 109248K, used 88116K [0x00000007a0000000, 0x00000007a8000000, 0x00000007a8000000)
  eden space 87424K, 100% used [0x00000007a0000000, 0x00000007a5560000, 0x00000007a5560000)
  from space 21824K,   3% used [0x00000007a5560000, 0x00000007a560d190, 0x00000007a6ab0000)
  to   space 21824K,   0% used [0x00000007a6ab0000, 0x00000007a6ab0000, 0x00000007a8000000)
 concurrent mark-sweep generation total 393216K, used 148400K [0x00000007a8000000, 0x00000007c0000000, 0x00000007c0000000)
 Metaspace       used 35888K, capacity 36568K, committed 36912K, reserved 1081344K
  class space    used 4108K, capacity 4289K, committed 4400K, reserved 1048576K
2016-10-23T19:10:37.452+0800: 261.630: [GC (Allocation Failure) 2016-10-23T19:10:37.452+0800: 261.630: [ParNew
Desired survivor size 20112992 bytes, new threshold 8 (max 8)
- age   1:     230504 bytes,     230504 total
- age   2:     483024 bytes,     713528 total
- age   3:         32 bytes,     713560 total
- age   4:        248 bytes,     713808 total
- age   5:       1072 bytes,     714880 total
- age   7:       2088 bytes,     716968 total
- age   8:      11520 bytes,     728488 total
: 88116K->733K(109248K), 0.0020119 secs] 236517K->149136K(502464K), 0.0020604 secs] [Times: user=0.00 sys=0.00, real=0.00 secs] 
Heap after GC invocations=577 (full 21):
 par new generation   total 109248K, used 733K [0x00000007a0000000, 0x00000007a8000000, 0x00000007a8000000)
  eden space 87424K,   0% used [0x00000007a0000000, 0x00000007a0000000, 0x00000007a5560000)
  from space 21824K,   3% used [0x00000007a6ab0000, 0x00000007a6b67700, 0x00000007a8000000)
  to   space 21824K,   0% used [0x00000007a5560000, 0x00000007a5560000, 0x00000007a6ab0000)
 concurrent mark-sweep generation total 393216K, used 148403K [0x00000007a8000000, 0x00000007c0000000, 0x00000007c0000000)
 Metaspace       used 35888K, capacity 36568K, committed 36912K, reserved 1081344K
  class space    used 4108K, capacity 4289K, committed 4400K, reserved 1048576K
}
2016-10-23T19:10:37.454+0800: 261.632: Total time for which application threads were stopped: 0.0022322 seconds, Stopping threads took: 0.0000287 seconds
{Heap before GC invocations=577 (full 21):
 par new generation   total 109248K, used 88157K [0x00000007a0000000, 0x00000007a8000000, 0x00000007a8000000)
  eden space 87424K, 100% used [0x00000007a0000000, 0x00000007a5560000, 0x00000007a5560000)
  from space 21824K,   3% used [0x00000007a6ab0000, 0x00000007a6b67700, 0x00000007a8000000)
  to   space 21824K,   0% used [0x00000007a5560000, 0x00000007a5560000, 0x00000007a6ab0000)
 concurrent mark-sweep generation total 393216K, used 148403K [0x00000007a8000000, 0x00000007c0000000, 0x00000007c0000000)
 Metaspace       used 35888K, capacity 36568K, committed 36912K, reserved 1081344K
  class space    used 4108K, capacity 4289K, committed 4400K, reserved 1048576K
2016-10-23T19:10:37.509+0800: 261.688: [GC (Allocation Failure) 2016-10-23T19:10:37.509+0800: 261.688: [ParNew
Desired survivor size 20112992 bytes, new threshold 8 (max 8)
- age   1:      68376 bytes,      68376 total
- age   2:     178440 bytes,     246816 total
- age   3:     483024 bytes,     729840 total
- age   4:         32 bytes,     729872 total
- age   5:        248 bytes,     730120 total
- age   6:       1072 bytes,     731192 total
- age   8:       2088 bytes,     733280 total
: 88157K->782K(109248K), 0.0018784 secs] 236560K->149196K(502464K), 0.0019305 secs] [Times: user=0.00 sys=0.00, real=0.01 secs] 
Heap after GC invocations=578 (full 21):
 par new generation   total 109248K, used 782K [0x00000007a0000000, 0x00000007a8000000, 0x00000007a8000000)
  eden space 87424K,   0% used [0x00000007a0000000, 0x00000007a0000000, 0x00000007a5560000)
  from space 21824K,   3% used [0x00000007a5560000, 0x00000007a56239c0, 0x00000007a6ab0000)
  to   space 21824K,   0% used [0x00000007a6ab0000, 0x00000007a6ab0000, 0x00000007a8000000)
 concurrent mark-sweep generation total 393216K, used 148414K [0x00000007a8000000, 0x00000007c0000000, 0x00000007c0000000)
 Metaspace       used 35888K, capacity 36568K, committed 36912K, reserved 1081344K
  class space    used 4108K, capacity 4289K, committed 4400K, reserved 1048576K
}
2016-10-23T19:10:37.511+0800: 261.690: Total time for which application threads were stopped: 0.0020675 seconds, Stopping threads took: 0.0000174 seconds
{Heap before GC invocations=578 (full 21):
 par new generation   total 109248K, used 88206K [0x00000007a0000000, 0x00000007a8000000, 0x00000007a8000000)
  eden space 87424K, 100% used [0x00000007a0000000, 0x00000007a5560000, 0x00000007a5560000)
  from space 21824K,   3% used [0x00000007a5560000, 0x00000007a56239c0, 0x00000007a6ab0000)
  to   space 21824K,   0% used [0x00000007a6ab0000, 0x00000007a6ab0000, 0x00000007a8000000)
 concurrent mark-sweep generation total 393216K, used 148414K [0x00000007a8000000, 0x00000007c0000000, 0x00000007c0000000)
 Metaspace       used 35888K, capacity 36568K, committed 36912K, reserved 1081344K
  class space    used 4108K, capacity 4289K, committed 4400K, reserved 1048576K
2016-10-23T19:10:37.578+0800: 261.757: [GC (Allocation Failure) 2016-10-23T19:10:37.578+0800: 261.757: [ParNew
Desired survivor size 20112992 bytes, new threshold 8 (max 8)
- age   1:      87328 bytes,      87328 total
- age   2:      31168 bytes,     118496 total
- age   3:     177888 bytes,     296384 total
- age   4:     483024 bytes,     779408 total
- age   5:         32 bytes,     779440 total
- age   6:        248 bytes,     779688 total
- age   7:       1072 bytes,     780760 total
: 88206K->790K(109248K), 0.0017813 secs] 236620K->149207K(502464K), 0.0018220 secs] [Times: user=0.00 sys=0.00, real=0.01 secs] 
Heap after GC invocations=579 (full 21):
 par new generation   total 109248K, used 790K [0x00000007a0000000, 0x00000007a8000000, 0x00000007a8000000)
  eden space 87424K,   0% used [0x00000007a0000000, 0x00000007a0000000, 0x00000007a5560000)
  from space 21824K,   3% used [0x00000007a6ab0000, 0x00000007a6b75a78, 0x00000007a8000000)
  to   space 21824K,   0% used [0x00000007a5560000, 0x00000007a5560000, 0x00000007a6ab0000)
 concurrent mark-sweep generation total 393216K, used 148416K [0x00000007a8000000, 0x00000007c0000000, 0x00000007c0000000)
 Metaspace       used 35888K, capacity 36568K, committed 36912K, reserved 1081344K
  class space    used 4108K, capacity 4289K, committed 4400K, reserved 1048576K
}
2016-10-23T19:10:37.580+0800: 261.759: Total time for which application threads were stopped: 0.0019740 seconds, Stopping threads took: 0.0000183 seconds
{Heap before GC invocations=579 (full 21):
 par new generation   total 109248K, used 88214K [0x00000007a0000000, 0x00000007a8000000, 0x00000007a8000000)
  eden space 87424K, 100% used [0x00000007a0000000, 0x00000007a5560000, 0x00000007a5560000)
  from space 21824K,   3% used [0x00000007a6ab0000, 0x00000007a6b75a78, 0x00000007a8000000)
  to   space 21824K,   0% used [0x00000007a5560000, 0x00000007a5560000, 0x00000007a6ab0000)
 concurrent mark-sweep generation total 393216K, used 148416K [0x00000007a8000000, 0x00000007c0000000, 0x00000007c0000000)
 Metaspace       used 35888K, capacity 36568K, committed 36912K, reserved 1081344K
  class space    used 4108K, capacity 4289K, committed 4400K, reserved 1048576K
2016-10-23T19:10:37.863+0800: 262.042: [GC (Allocation Failure) 2016-10-23T19:10:37.863+0800: 262.042: [ParNew
Desired survivor size 20112992 bytes, new threshold 8 (max 8)
- age   1:     210632 bytes,     210632 total
- age   4:       2896 bytes,     213528 total
- age   5:     482976 bytes,     696504 total
- age   6:         32 bytes,     696536 total
- age   7:        248 bytes,     696784 total
- age   8:       1072 bytes,     697856 total
: 88214K->750K(109248K), 0.0020260 secs] 236631K->149166K(502464K), 0.0020852 secs] [Times: user=0.00 sys=0.00, real=0.00 secs] 
Heap after GC invocations=580 (full 21):
 par new generation   total 109248K, used 750K [0x00000007a0000000, 0x00000007a8000000, 0x00000007a8000000)
  eden space 87424K,   0% used [0x00000007a0000000, 0x00000007a0000000, 0x00000007a5560000)
  from space 21824K,   3% used [0x00000007a5560000, 0x00000007a561b840, 0x00000007a6ab0000)
  to   space 21824K,   0% used [0x00000007a6ab0000, 0x00000007a6ab0000, 0x00000007a8000000)
 concurrent mark-sweep generation total 393216K, used 148416K [0x00000007a8000000, 0x00000007c0000000, 0x00000007c0000000)
 Metaspace       used 35888K, capacity 36568K, committed 36912K, reserved 1081344K
  class space    used 4108K, capacity 4289K, committed 4400K, reserved 1048576K
}
2016-10-23T19:10:37.865+0800: 262.044: Total time for which application threads were stopped: 0.0022349 seconds, Stopping threads took: 0.0000210 seconds
2016-10-23T19:10:38.866+0800: 263.044: Total time for which application threads were stopped: 0.0001673 seconds, Stopping threads took: 0.0000821 seconds
{Heap before GC invocations=580 (full 21):
 par new generation   total 109248K, used 88174K [0x00000007a0000000, 0x00000007a8000000, 0x00000007a8000000)
  eden space 87424K, 100% used [0x00000007a0000000, 0x00000007a5560000, 0x00000007a5560000)
  from space 21824K,   3% used [0x00000007a5560000, 0x00000007a561b840, 0x00000007a6ab0000)
  to   space 21824K,   0% used [0x00000007a6ab0000, 0x00000007a6ab0000, 0x00000007a8000000)
 concurrent mark-sweep generation total 393216K, used 148416K [0x00000007a8000000, 0x00000007c0000000, 0x00000007c0000000)
 Metaspace       used 35889K, capacity 36568K, committed 36912K, reserved 1081344K
  class space    used 4108K, capacity 4289K, committed 4400K, reserved 1048576K
2016-10-23T19:10:39.699+0800: 263.878: [GC (Allocation Failure) 2016-10-23T19:10:39.699+0800: 263.878: [ParNew
Desired survivor size 20112992 bytes, new threshold 8 (max 8)
- age   1:     128432 bytes,     128432 total
- age   2:        392 bytes,     128824 total
- age   5:       2792 bytes,     131616 total
- age   6:     482976 bytes,     614592 total
- age   7:         32 bytes,     614624 total
- age   8:        248 bytes,     614872 total
: 88174K->671K(109248K), 0.0020712 secs] 236590K->149088K(502464K), 0.0021183 secs] [Times: user=0.01 sys=0.00, real=0.01 secs] 
Heap after GC invocations=581 (full 21):
 par new generation   total 109248K, used 671K [0x00000007a0000000, 0x00000007a8000000, 0x00000007a8000000)
  eden space 87424K,   0% used [0x00000007a0000000, 0x00000007a0000000, 0x00000007a5560000)
  from space 21824K,   3% used [0x00000007a6ab0000, 0x00000007a6b57cf0, 0x00000007a8000000)
  to   space 21824K,   0% used [0x00000007a5560000, 0x00000007a5560000, 0x00000007a6ab0000)
 concurrent mark-sweep generation total 393216K, used 148417K [0x00000007a8000000, 0x00000007c0000000, 0x00000007c0000000)
 Metaspace       used 35889K, capacity 36568K, committed 36912K, reserved 1081344K
  class space    used 4108K, capacity 4289K, committed 4400K, reserved 1048576K
}
2016-10-23T19:10:39.701+0800: 263.880: Total time for which application threads were stopped: 0.0022816 seconds, Stopping threads took: 0.0000199 seconds
{Heap before GC invocations=581 (full 21):
 par new generation   total 109248K, used 88095K [0x00000007a0000000, 0x00000007a8000000, 0x00000007a8000000)
  eden space 87424K, 100% used [0x00000007a0000000, 0x00000007a5560000, 0x00000007a5560000)
  from space 21824K,   3% used [0x00000007a6ab0000, 0x00000007a6b57cf0, 0x00000007a8000000)
  to   space 21824K,   0% used [0x00000007a5560000, 0x00000007a5560000, 0x00000007a6ab0000)
 concurrent mark-sweep generation total 393216K, used 148417K [0x00000007a8000000, 0x00000007c0000000, 0x00000007c0000000)
 Metaspace       used 35889K, capacity 36568K, committed 36912K, reserved 1081344K
  class space    used 4108K, capacity 4289K, committed 4400K, reserved 1048576K
2016-10-23T19:10:40.686+0800: 264.864: [GC (Allocation Failure) 2016-10-23T19:10:40.686+0800: 264.864: [ParNew
Desired survivor size 20112992 bytes, new threshold 8 (max 8)
- age   1:     875088 bytes,     875088 total
- age   2:     104216 bytes,     979304 total
- age   3:        392 bytes,     979696 total
- age   6:       2792 bytes,     982488 total
- age   7:     482976 bytes,    1465464 total
- age   8:         32 bytes,    1465496 total
: 88095K->1456K(109248K), 0.0022054 secs] 236512K->149874K(502464K), 0.0022616 secs] [Times: user=0.00 sys=0.00, real=0.00 secs] 
Heap after GC invocations=582 (full 21):
 par new generation   total 109248K, used 1456K [0x00000007a0000000, 0x00000007a8000000, 0x00000007a8000000)
  eden space 87424K,   0% used [0x00000007a0000000, 0x00000007a0000000, 0x00000007a5560000)
  from space 21824K,   6% used [0x00000007a5560000, 0x00000007a56cc2b8, 0x00000007a6ab0000)
  to   space 21824K,   0% used [0x00000007a6ab0000, 0x00000007a6ab0000, 0x00000007a8000000)
 concurrent mark-sweep generation total 393216K, used 148417K [0x00000007a8000000, 0x00000007c0000000, 0x00000007c0000000)
 Metaspace       used 35889K, capacity 36568K, committed 36912K, reserved 1081344K
  class space    used 4108K, capacity 4289K, committed 4400K, reserved 1048576K
}
2016-10-23T19:10:40.688+0800: 264.867: Total time for which application threads were stopped: 0.0024361 seconds, Stopping threads took: 0.0000300 seconds
2016-10-23T19:10:41.691+0800: 265.869: Total time for which application threads were stopped: 0.0002078 seconds, Stopping threads took: 0.0001064 seconds
{Heap before GC invocations=582 (full 21):
 par new generation   total 109248K, used 88880K [0x00000007a0000000, 0x00000007a8000000, 0x00000007a8000000)
  eden space 87424K, 100% used [0x00000007a0000000, 0x00000007a5560000, 0x00000007a5560000)
  from space 21824K,   6% used [0x00000007a5560000, 0x00000007a56cc2b8, 0x00000007a6ab0000)
  to   space 21824K,   0% used [0x00000007a6ab0000, 0x00000007a6ab0000, 0x00000007a8000000)
 concurrent mark-sweep generation total 393216K, used 148417K [0x00000007a8000000, 0x00000007c0000000, 0x00000007c0000000)
 Metaspace       used 35890K, capacity 36568K, committed 36912K, reserved 1081344K
  class space    used 4108K, capacity 4289K, committed 4400K, reserved 1048576K
2016-10-23T19:10:42.094+0800: 266.273: [GC (Allocation Failure) 2016-10-23T19:10:42.094+0800: 266.273: [ParNew
Desired survivor size 20112992 bytes, new threshold 8 (max 8)
- age   1:      18640 bytes,      18640 total
- age   2:        400 bytes,      19040 total
- age   3:     104216 bytes,     123256 total
- age   4:        392 bytes,     123648 total
- age   7:       2760 bytes,     126408 total
- age   8:     482944 bytes,     609352 total
: 88880K->859K(109248K), 0.0019683 secs] 237298K->149277K(502464K), 0.0020619 secs] [Times: user=0.00 sys=0.00, real=0.00 secs] 
Heap after GC invocations=583 (full 21):
 par new generation   total 109248K, used 859K [0x00000007a0000000, 0x00000007a8000000, 0x00000007a8000000)
  eden space 87424K,   0% used [0x00000007a0000000, 0x00000007a0000000, 0x00000007a5560000)
  from space 21824K,   3% used [0x00000007a6ab0000, 0x00000007a6b86f20, 0x00000007a8000000)
  to   space 21824K,   0% used [0x00000007a5560000, 0x00000007a5560000, 0x00000007a6ab0000)
 concurrent mark-sweep generation total 393216K, used 148417K [0x00000007a8000000, 0x00000007c0000000, 0x00000007c0000000)
 Metaspace       used 35890K, capacity 36568K, committed 36912K, reserved 1081344K
  class space    used 4108K, capacity 4289K, committed 4400K, reserved 1048576K
}
2016-10-23T19:10:42.096+0800: 266.275: Total time for which application threads were stopped: 0.0022154 seconds, Stopping threads took: 0.0000290 seconds
2016-10-23T19:10:43.097+0800: 267.276: Total time for which application threads were stopped: 0.0002457 seconds, Stopping threads took: 0.0000581 seconds
2016-10-23T19:13:38.537+0800: 442.721: Total time for which application threads were stopped: 0.0000765 seconds, Stopping threads took: 0.0000206 seconds
2016-10-23T19:15:01.708+0800: 525.895: Total time for which application threads were stopped: 0.0001493 seconds, Stopping threads took: 0.0000355 seconds
2016-10-23T19:15:13.484+0800: 537.671: Total time for which application threads were stopped: 0.0000781 seconds, Stopping threads took: 0.0000173 seconds
2016-10-23T19:15:13.484+0800: 537.671: Total time for which application threads were stopped: 0.0000996 seconds, Stopping threads took: 0.0000371 seconds
2016-10-23T19:15:13.484+0800: 537.671: Total time for which application threads were stopped: 0.0000534 seconds, Stopping threads took: 0.0000085 seconds
2016-10-23T19:15:13.485+0800: 537.671: Total time for which application threads were stopped: 0.0000582 seconds, Stopping threads took: 0.0000096 seconds
2016-10-23T19:15:13.485+0800: 537.672: Total time for which application threads were stopped: 0.0001067 seconds, Stopping threads took: 0.0000293 seconds
2016-10-23T19:15:13.489+0800: 537.675: Total time for which application threads were stopped: 0.0000755 seconds, Stopping threads took: 0.0000173 seconds
2016-10-23T19:15:13.489+0800: 537.676: Total time for which application threads were stopped: 0.0000501 seconds, Stopping threads took: 0.0000102 seconds
2016-10-23T19:15:13.489+0800: 537.676: Total time for which application threads were stopped: 0.0000551 seconds, Stopping threads took: 0.0000100 seconds
2016-10-23T19:15:14.494+0800: 538.681: Total time for which application threads were stopped: 0.0002563 seconds, Stopping threads took: 0.0000579 seconds
2016-10-23T19:15:21.602+0800: 545.789: Total time for which application threads were stopped: 0.0000708 seconds, Stopping threads took: 0.0000167 seconds
2016-10-23T19:15:21.608+0800: 545.795: Total time for which application threads were stopped: 0.0000773 seconds, Stopping threads took: 0.0000169 seconds
2016-10-23T19:15:21.608+0800: 545.795: Total time for which application threads were stopped: 0.0000466 seconds, Stopping threads took: 0.0000096 seconds
2016-10-23T19:15:21.608+0800: 545.795: Total time for which application threads were stopped: 0.0000373 seconds, Stopping threads took: 0.0000064 seconds
2016-10-23T19:15:21.608+0800: 545.795: Total time for which application threads were stopped: 0.0000342 seconds, Stopping threads took: 0.0000062 seconds
2016-10-23T19:15:21.608+0800: 545.795: Total time for which application threads were stopped: 0.0000341 seconds, Stopping threads took: 0.0000063 seconds
2016-10-23T19:15:21.608+0800: 545.796: Total time for which application threads were stopped: 0.0000425 seconds, Stopping threads took: 0.0000099 seconds
2016-10-23T19:15:21.609+0800: 545.796: Total time for which application threads were stopped: 0.0000632 seconds, Stopping threads took: 0.0000203 seconds
2016-10-23T19:15:21.609+0800: 545.796: Total time for which application threads were stopped: 0.0000432 seconds, Stopping threads took: 0.0000098 seconds
2016-10-23T19:15:21.609+0800: 545.796: Total time for which application threads were stopped: 0.0000584 seconds, Stopping threads took: 0.0000122 seconds
2016-10-23T19:15:21.609+0800: 545.796: Total time for which application threads were stopped: 0.0000385 seconds, Stopping threads took: 0.0000070 seconds
2016-10-23T19:15:21.609+0800: 545.797: Total time for which application threads were stopped: 0.0000503 seconds, Stopping threads took: 0.0000091 seconds
2016-10-23T19:15:21.609+0800: 545.797: Total time for which application threads were stopped: 0.0000383 seconds, Stopping threads took: 0.0000074 seconds
2016-10-23T19:15:21.610+0800: 545.797: Total time for which application threads were stopped: 0.0001096 seconds, Stopping threads took: 0.0000712 seconds
2016-10-23T19:15:21.610+0800: 545.797: Total time for which application threads were stopped: 0.0000513 seconds, Stopping threads took: 0.0000208 seconds
2016-10-23T19:15:21.610+0800: 545.797: Total time for which application threads were stopped: 0.0000510 seconds, Stopping threads took: 0.0000184 seconds
2016-10-23T19:15:21.610+0800: 545.797: Total time for which application threads were stopped: 0.0000451 seconds, Stopping threads took: 0.0000166 seconds
2016-10-23T19:15:21.610+0800: 545.797: Total time for which application threads were stopped: 0.0000457 seconds, Stopping threads took: 0.0000162 seconds
2016-10-23T19:15:21.610+0800: 545.797: Total time for which application threads were stopped: 0.0000473 seconds, Stopping threads took: 0.0000177 seconds
2016-10-23T19:15:21.610+0800: 545.798: Total time for which application threads were stopped: 0.0000650 seconds, Stopping threads took: 0.0000232 seconds
2016-10-23T19:15:21.610+0800: 545.798: Total time for which application threads were stopped: 0.0000532 seconds, Stopping threads took: 0.0000180 seconds
2016-10-23T19:15:21.611+0800: 545.798: Total time for which application threads were stopped: 0.0000376 seconds, Stopping threads took: 0.0000119 seconds
2016-10-23T19:15:21.611+0800: 545.799: Total time for which application threads were stopped: 0.0000732 seconds, Stopping threads took: 0.0000203 seconds
2016-10-23T19:15:22.614+0800: 546.801: Total time for which application threads were stopped: 0.0001153 seconds, Stopping threads took: 0.0000222 seconds
2016-10-23T19:15:43.669+0800: 567.856: Total time for which application threads were stopped: 0.0002079 seconds, Stopping threads took: 0.0000531 seconds
2016-10-23T19:18:08.993+0800: 713.185: Total time for which application threads were stopped: 0.0001061 seconds, Stopping threads took: 0.0000260 seconds
2016-10-23T19:18:09.993+0800: 714.186: Total time for which application threads were stopped: 0.0000733 seconds, Stopping threads took: 0.0000186 seconds
2016-10-23T19:18:14.004+0800: 718.196: Total time for which application threads were stopped: 0.0002184 seconds, Stopping threads took: 0.0000523 seconds
2016-10-23T19:18:59.103+0800: 763.296: Total time for which application threads were stopped: 0.0001396 seconds, Stopping threads took: 0.0000342 seconds
2016-10-23T19:19:09.121+0800: 773.315: Total time for which application threads were stopped: 0.0001910 seconds, Stopping threads took: 0.0000540 seconds
2016-10-23T19:19:46.188+0800: 810.383: Total time for which application threads were stopped: 0.0001302 seconds, Stopping threads took: 0.0000318 seconds
2016-10-23T19:22:41.543+0800: 985.744: Total time for which application threads were stopped: 0.0001702 seconds, Stopping threads took: 0.0000168 seconds
2016-10-23T19:22:42.547+0800: 986.748: Total time for which application threads were stopped: 0.0001236 seconds, Stopping threads took: 0.0000318 seconds
2016-10-23T19:23:08.604+0800: 1012.806: Total time for which application threads were stopped: 0.0000810 seconds, Stopping threads took: 0.0000221 seconds
2016-10-23T19:28:52.400+0800: 1356.611: Total time for which application threads were stopped: 0.0002115 seconds, Stopping threads took: 0.0000533 seconds
2016-10-23T19:29:01.428+0800: 1365.639: Total time for which application threads were stopped: 0.0001081 seconds, Stopping threads took: 0.0000208 seconds
2016-10-23T19:29:11.318+0800: 1375.529: Total time for which application threads were stopped: 0.0000856 seconds, Stopping threads took: 0.0000161 seconds
{Heap before GC invocations=583 (full 21):
 par new generation   total 109248K, used 88283K [0x00000007a0000000, 0x00000007a8000000, 0x00000007a8000000)
  eden space 87424K, 100% used [0x00000007a0000000, 0x00000007a5560000, 0x00000007a5560000)
  from space 21824K,   3% used [0x00000007a6ab0000, 0x00000007a6b86f20, 0x00000007a8000000)
  to   space 21824K,   0% used [0x00000007a5560000, 0x00000007a5560000, 0x00000007a6ab0000)
 concurrent mark-sweep generation total 393216K, used 148417K [0x00000007a8000000, 0x00000007c0000000, 0x00000007c0000000)
 Metaspace       used 36293K, capacity 36930K, committed 37168K, reserved 1081344K
  class space    used 4132K, capacity 4296K, committed 4400K, reserved 1048576K
2016-10-23T19:29:11.326+0800: 1375.538: [GC (Allocation Failure) 2016-10-23T19:29:11.326+0800: 1375.538: [ParNew
Desired survivor size 20112992 bytes, new threshold 8 (max 8)
- age   1:    3325184 bytes,    3325184 total
- age   2:       1408 bytes,    3326592 total
- age   3:        368 bytes,    3326960 total
- age   4:      68224 bytes,    3395184 total
- age   5:        392 bytes,    3395576 total
- age   8:       2728 bytes,    3398304 total
: 88283K->3372K(109248K), 0.0027890 secs] 236701K->152261K(502464K), 0.0028426 secs] [Times: user=0.01 sys=0.00, real=0.00 secs] 
Heap after GC invocations=584 (full 21):
 par new generation   total 109248K, used 3372K [0x00000007a0000000, 0x00000007a8000000, 0x00000007a8000000)
  eden space 87424K,   0% used [0x00000007a0000000, 0x00000007a0000000, 0x00000007a5560000)
  from space 21824K,  15% used [0x00000007a5560000, 0x00000007a58ab130, 0x00000007a6ab0000)
  to   space 21824K,   0% used [0x00000007a6ab0000, 0x00000007a6ab0000, 0x00000007a8000000)
 concurrent mark-sweep generation total 393216K, used 148889K [0x00000007a8000000, 0x00000007c0000000, 0x00000007c0000000)
 Metaspace       used 36293K, capacity 36930K, committed 37168K, reserved 1081344K
  class space    used 4132K, capacity 4296K, committed 4400K, reserved 1048576K
}
2016-10-23T19:29:11.329+0800: 1375.541: Total time for which application threads were stopped: 0.0029874 seconds, Stopping threads took: 0.0000331 seconds
2016-10-23T19:29:11.332+0800: 1375.544: Total time for which application threads were stopped: 0.0001059 seconds, Stopping threads took: 0.0000528 seconds
2016-10-23T19:29:11.333+0800: 1375.544: Total time for which application threads were stopped: 0.0000696 seconds, Stopping threads took: 0.0000289 seconds
2016-10-23T19:29:11.333+0800: 1375.544: Total time for which application threads were stopped: 0.0001216 seconds, Stopping threads took: 0.0000277 seconds
2016-10-23T19:29:12.336+0800: 1376.547: Total time for which application threads were stopped: 0.0001558 seconds, Stopping threads took: 0.0000292 seconds
2016-10-23T19:29:27.003+0800: 1391.214: Total time for which application threads were stopped: 0.0000928 seconds, Stopping threads took: 0.0000178 seconds
2016-10-23T19:29:27.017+0800: 1391.229: Total time for which application threads were stopped: 0.0001217 seconds, Stopping threads took: 0.0000679 seconds
2016-10-23T19:29:27.017+0800: 1391.229: Total time for which application threads were stopped: 0.0000511 seconds, Stopping threads took: 0.0000204 seconds
2016-10-23T19:29:27.017+0800: 1391.229: Total time for which application threads were stopped: 0.0000396 seconds, Stopping threads took: 0.0000083 seconds
2016-10-23T19:29:27.017+0800: 1391.229: Total time for which application threads were stopped: 0.0000554 seconds, Stopping threads took: 0.0000197 seconds
2016-10-23T19:29:27.017+0800: 1391.229: Total time for which application threads were stopped: 0.0000735 seconds, Stopping threads took: 0.0000435 seconds
2016-10-23T19:29:27.017+0800: 1391.229: Total time for which application threads were stopped: 0.0000679 seconds, Stopping threads took: 0.0000318 seconds
2016-10-23T19:29:27.017+0800: 1391.229: Total time for which application threads were stopped: 0.0000567 seconds, Stopping threads took: 0.0000219 seconds
2016-10-23T19:29:27.018+0800: 1391.229: Total time for which application threads were stopped: 0.0000559 seconds, Stopping threads took: 0.0000194 seconds
2016-10-23T19:29:27.018+0800: 1391.229: Total time for which application threads were stopped: 0.0000336 seconds, Stopping threads took: 0.0000072 seconds
2016-10-23T19:29:27.018+0800: 1391.230: Total time for which application threads were stopped: 0.0000493 seconds, Stopping threads took: 0.0000190 seconds
2016-10-23T19:29:27.018+0800: 1391.230: Total time for which application threads were stopped: 0.0000420 seconds, Stopping threads took: 0.0000067 seconds
2016-10-23T19:29:27.018+0800: 1391.230: Total time for which application threads were stopped: 0.0000730 seconds, Stopping threads took: 0.0000319 seconds
2016-10-23T19:29:27.018+0800: 1391.230: Total time for which application threads were stopped: 0.0000398 seconds, Stopping threads took: 0.0000075 seconds
2016-10-23T19:29:28.019+0800: 1392.231: Total time for which application threads were stopped: 0.0001253 seconds, Stopping threads took: 0.0000199 seconds
2016-10-23T19:30:03.078+0800: 1427.291: Total time for which application threads were stopped: 0.0000931 seconds, Stopping threads took: 0.0000211 seconds
2016-10-23T19:35:13.837+0800: 1738.058: Total time for which application threads were stopped: 0.0002316 seconds, Stopping threads took: 0.0000500 seconds
2016-10-23T19:35:19.768+0800: 1743.989: Total time for which application threads were stopped: 0.0001265 seconds, Stopping threads took: 0.0000402 seconds
2016-10-23T19:35:19.768+0800: 1743.989: Total time for which application threads were stopped: 0.0000734 seconds, Stopping threads took: 0.0000100 seconds
2016-10-23T19:35:19.768+0800: 1743.990: Total time for which application threads were stopped: 0.0000684 seconds, Stopping threads took: 0.0000105 seconds
2016-10-23T19:35:19.768+0800: 1743.990: Total time for which application threads were stopped: 0.0000427 seconds, Stopping threads took: 0.0000080 seconds
2016-10-23T19:35:19.768+0800: 1743.990: Total time for which application threads were stopped: 0.0001234 seconds, Stopping threads took: 0.0000071 seconds
2016-10-23T19:35:19.778+0800: 1744.000: Total time for which application threads were stopped: 0.0001003 seconds, Stopping threads took: 0.0000413 seconds
2016-10-23T19:35:19.778+0800: 1744.000: Total time for which application threads were stopped: 0.0000781 seconds, Stopping threads took: 0.0000335 seconds
2016-10-23T19:35:19.786+0800: 1744.008: Total time for which application threads were stopped: 0.0001018 seconds, Stopping threads took: 0.0000346 seconds
2016-10-23T19:35:19.787+0800: 1744.008: Total time for which application threads were stopped: 0.0000970 seconds, Stopping threads took: 0.0000361 seconds
2016-10-23T19:35:19.790+0800: 1744.011: Total time for which application threads were stopped: 0.0000693 seconds, Stopping threads took: 0.0000130 seconds
2016-10-23T19:35:19.790+0800: 1744.012: Total time for which application threads were stopped: 0.0000423 seconds, Stopping threads took: 0.0000077 seconds
2016-10-23T19:35:19.790+0800: 1744.012: Total time for which application threads were stopped: 0.0000359 seconds, Stopping threads took: 0.0000069 seconds
2016-10-23T19:35:19.790+0800: 1744.012: Total time for which application threads were stopped: 0.0000346 seconds, Stopping threads took: 0.0000066 seconds
2016-10-23T19:35:19.791+0800: 1744.012: Total time for which application threads were stopped: 0.0000693 seconds, Stopping threads took: 0.0000130 seconds
2016-10-23T19:35:19.791+0800: 1744.012: Total time for which application threads were stopped: 0.0000533 seconds, Stopping threads took: 0.0000073 seconds
2016-10-23T19:35:19.791+0800: 1744.012: Total time for which application threads were stopped: 0.0000593 seconds, Stopping threads took: 0.0000101 seconds
2016-10-23T19:35:19.791+0800: 1744.013: Total time for which application threads were stopped: 0.0000849 seconds, Stopping threads took: 0.0000360 seconds
2016-10-23T19:35:19.791+0800: 1744.013: Total time for which application threads were stopped: 0.0000591 seconds, Stopping threads took: 0.0000092 seconds
2016-10-23T19:35:19.792+0800: 1744.013: Total time for which application threads were stopped: 0.0000532 seconds, Stopping threads took: 0.0000177 seconds
2016-10-23T19:35:19.792+0800: 1744.013: Total time for which application threads were stopped: 0.0000635 seconds, Stopping threads took: 0.0000196 seconds
2016-10-23T19:35:19.796+0800: 1744.018: Total time for which application threads were stopped: 0.0000842 seconds, Stopping threads took: 0.0000157 seconds
2016-10-23T19:35:19.796+0800: 1744.018: Total time for which application threads were stopped: 0.0000601 seconds, Stopping threads took: 0.0000083 seconds
2016-10-23T19:35:19.804+0800: 1744.025: Total time for which application threads were stopped: 0.0000764 seconds, Stopping threads took: 0.0000253 seconds
2016-10-23T19:35:19.804+0800: 1744.026: Total time for which application threads were stopped: 0.0000451 seconds, Stopping threads took: 0.0000066 seconds
2016-10-23T19:35:21.548+0800: 1745.770: Total time for which application threads were stopped: 0.0001451 seconds, Stopping threads took: 0.0000628 seconds
2016-10-23T19:35:21.549+0800: 1745.770: Total time for which application threads were stopped: 0.0001752 seconds, Stopping threads took: 0.0000562 seconds
2016-10-23T19:35:21.549+0800: 1745.771: Total time for which application threads were stopped: 0.0001767 seconds, Stopping threads took: 0.0000511 seconds
2016-10-23T19:35:21.549+0800: 1745.771: Total time for which application threads were stopped: 0.0001103 seconds, Stopping threads took: 0.0000679 seconds
2016-10-23T19:35:21.557+0800: 1745.779: Total time for which application threads were stopped: 0.0001560 seconds, Stopping threads took: 0.0000387 seconds
2016-10-23T19:35:21.557+0800: 1745.779: Total time for which application threads were stopped: 0.0001172 seconds, Stopping threads took: 0.0000372 seconds
2016-10-23T19:35:21.559+0800: 1745.781: Total time for which application threads were stopped: 0.0001261 seconds, Stopping threads took: 0.0000363 seconds
2016-10-23T19:35:21.559+0800: 1745.781: Total time for which application threads were stopped: 0.0001188 seconds, Stopping threads took: 0.0000340 seconds
2016-10-23T19:35:21.569+0800: 1745.791: Total time for which application threads were stopped: 0.0006601 seconds, Stopping threads took: 0.0001023 seconds
2016-10-23T19:35:21.569+0800: 1745.791: Total time for which application threads were stopped: 0.0002074 seconds, Stopping threads took: 0.0000203 seconds
2016-10-23T19:35:21.569+0800: 1745.791: Total time for which application threads were stopped: 0.0001973 seconds, Stopping threads took: 0.0000389 seconds
2016-10-23T19:35:25.583+0800: 1749.805: Total time for which application threads were stopped: 0.0001967 seconds, Stopping threads took: 0.0000332 seconds
2016-10-23T19:35:57.451+0800: 1781.674: Total time for which application threads were stopped: 0.0000898 seconds, Stopping threads took: 0.0000216 seconds
2016-10-23T19:35:57.467+0800: 1781.689: Total time for which application threads were stopped: 0.0001012 seconds, Stopping threads took: 0.0000234 seconds
2016-10-23T19:35:58.470+0800: 1782.693: Total time for which application threads were stopped: 0.0002687 seconds, Stopping threads took: 0.0000551 seconds
2016-10-23T19:36:04.485+0800: 1788.708: Total time for which application threads were stopped: 0.0000825 seconds, Stopping threads took: 0.0000150 seconds
2016-10-23T19:36:05.487+0800: 1789.710: Total time for which application threads were stopped: 0.0001495 seconds, Stopping threads took: 0.0000235 seconds
2016-10-23T19:36:06.429+0800: 1790.652: Total time for which application threads were stopped: 0.0006514 seconds, Stopping threads took: 0.0000155 seconds
2016-10-23T19:36:07.430+0800: 1791.653: Total time for which application threads were stopped: 0.0002553 seconds, Stopping threads took: 0.0000560 seconds
2016-10-23T19:36:21.568+0800: 1805.792: Total time for which application threads were stopped: 0.0001355 seconds, Stopping threads took: 0.0000297 seconds
2016-10-23T19:36:41.620+0800: 1825.844: Total time for which application threads were stopped: 0.0000958 seconds, Stopping threads took: 0.0000243 seconds
2016-10-23T19:36:42.622+0800: 1826.846: Total time for which application threads were stopped: 0.0001309 seconds, Stopping threads took: 0.0000332 seconds
2016-10-23T19:36:48.635+0800: 1832.860: Total time for which application threads were stopped: 0.0001111 seconds, Stopping threads took: 0.0000250 seconds
2016-10-23T19:36:51.651+0800: 1835.875: Total time for which application threads were stopped: 0.0002222 seconds, Stopping threads took: 0.0000529 seconds
2016-10-23T19:36:53.653+0800: 1837.878: Total time for which application threads were stopped: 0.0000929 seconds, Stopping threads took: 0.0000221 seconds
2016-10-23T19:36:59.664+0800: 1843.889: Total time for which application threads were stopped: 0.0001498 seconds, Stopping threads took: 0.0000342 seconds
2016-10-23T19:37:02.671+0800: 1846.895: Total time for which application threads were stopped: 0.0002200 seconds, Stopping threads took: 0.0000616 seconds
2016-10-23T19:37:09.677+0800: 1853.902: Total time for which application threads were stopped: 0.0001339 seconds, Stopping threads took: 0.0000333 seconds
2016-10-23T19:37:10.680+0800: 1854.905: Total time for which application threads were stopped: 0.0004560 seconds, Stopping threads took: 0.0000980 seconds
{Heap before GC invocations=584 (full 21):
 par new generation   total 109248K, used 90794K [0x00000007a0000000, 0x00000007a8000000, 0x00000007a8000000)
  eden space 87424K,  99% used [0x00000007a0000000, 0x00000007a555f6e8, 0x00000007a5560000)
  from space 21824K,  15% used [0x00000007a5560000, 0x00000007a58ab130, 0x00000007a6ab0000)
  to   space 21824K,   0% used [0x00000007a6ab0000, 0x00000007a6ab0000, 0x00000007a8000000)
 concurrent mark-sweep generation total 393216K, used 148889K [0x00000007a8000000, 0x00000007c0000000, 0x00000007c0000000)
 Metaspace       used 37096K, capacity 37794K, committed 37936K, reserved 1083392K
  class space    used 4186K, capacity 4378K, committed 4400K, reserved 1048576K
2016-10-23T19:37:16.715+0800: 1860.940: [GC (Allocation Failure) 2016-10-23T19:37:16.715+0800: 1860.940: [ParNew
Desired survivor size 20112992 bytes, new threshold 8 (max 8)
- age   1:    2964040 bytes,    2964040 total
- age   2:     860856 bytes,    3824896 total
- age   3:       1408 bytes,    3826304 total
- age   4:        368 bytes,    3826672 total
- age   5:      68224 bytes,    3894896 total
- age   6:        392 bytes,    3895288 total
: 90794K->4366K(109248K), 0.0042555 secs] 239683K->153258K(502464K), 0.0043176 secs] [Times: user=0.02 sys=0.00, real=0.01 secs] 
Heap after GC invocations=585 (full 21):
 par new generation   total 109248K, used 4366K [0x00000007a0000000, 0x00000007a8000000, 0x00000007a8000000)
  eden space 87424K,   0% used [0x00000007a0000000, 0x00000007a0000000, 0x00000007a5560000)
  from space 21824K,  20% used [0x00000007a6ab0000, 0x00000007a6ef3a00, 0x00000007a8000000)
  to   space 21824K,   0% used [0x00000007a5560000, 0x00000007a5560000, 0x00000007a6ab0000)
 concurrent mark-sweep generation total 393216K, used 148892K [0x00000007a8000000, 0x00000007c0000000, 0x00000007c0000000)
 Metaspace       used 37096K, capacity 37794K, committed 37936K, reserved 1083392K
  class space    used 4186K, capacity 4378K, committed 4400K, reserved 1048576K
}
2016-10-23T19:37:16.720+0800: 1860.945: Total time for which application threads were stopped: 0.0044841 seconds, Stopping threads took: 0.0000255 seconds
2016-10-23T19:37:17.722+0800: 1861.947: Total time for which application threads were stopped: 0.0001045 seconds, Stopping threads took: 0.0000228 seconds
2016-10-23T19:37:18.765+0800: 1862.990: Total time for which application threads were stopped: 0.0000870 seconds, Stopping threads took: 0.0000203 seconds
2016-10-23T19:37:19.767+0800: 1863.993: Total time for which application threads were stopped: 0.0001462 seconds, Stopping threads took: 0.0000321 seconds
2016-10-23T19:37:34.795+0800: 1879.020: Total time for which application threads were stopped: 0.0001154 seconds, Stopping threads took: 0.0000204 seconds
2016-10-23T19:37:36.796+0800: 1881.021: Total time for which application threads were stopped: 0.0001859 seconds, Stopping threads took: 0.0000325 seconds
2016-10-23T19:38:42.958+0800: 1947.185: Total time for which application threads were stopped: 0.0001067 seconds, Stopping threads took: 0.0000245 seconds
2016-10-23T19:38:59.998+0800: 1964.225: Total time for which application threads were stopped: 0.0001462 seconds, Stopping threads took: 0.0000364 seconds
2016-10-23T19:39:03.007+0800: 1967.235: Total time for which application threads were stopped: 0.0001371 seconds, Stopping threads took: 0.0000318 seconds
2016-10-23T19:39:51.154+0800: 2015.383: Total time for which application threads were stopped: 0.0001467 seconds, Stopping threads took: 0.0000342 seconds
2016-10-23T19:39:53.154+0800: 2017.383: Total time for which application threads were stopped: 0.0001320 seconds, Stopping threads took: 0.0000252 seconds
2016-10-23T19:39:54.157+0800: 2018.386: Total time for which application threads were stopped: 0.0001163 seconds, Stopping threads took: 0.0000327 seconds
{Heap before GC invocations=585 (full 21):
 par new generation   total 109248K, used 91790K [0x00000007a0000000, 0x00000007a8000000, 0x00000007a8000000)
  eden space 87424K, 100% used [0x00000007a0000000, 0x00000007a5560000, 0x00000007a5560000)
  from space 21824K,  20% used [0x00000007a6ab0000, 0x00000007a6ef3a00, 0x00000007a8000000)
  to   space 21824K,   0% used [0x00000007a5560000, 0x00000007a5560000, 0x00000007a6ab0000)
 concurrent mark-sweep generation total 393216K, used 148892K [0x00000007a8000000, 0x00000007c0000000, 0x00000007c0000000)
 Metaspace       used 37339K, capacity 38076K, committed 38192K, reserved 1083392K
  class space    used 4195K, capacity 4393K, committed 4400K, reserved 1048576K
2016-10-23T19:39:54.165+0800: 2018.395: [GC (Allocation Failure) 2016-10-23T19:39:54.167+0800: 2018.397: [ParNew
Desired survivor size 20112992 bytes, new threshold 8 (max 8)
- age   1:     422032 bytes,     422032 total
- age   2:     394968 bytes,     817000 total
- age   3:     827616 bytes,    1644616 total
- age   4:       1408 bytes,    1646024 total
- age   5:        368 bytes,    1646392 total
- age   6:      68224 bytes,    1714616 total
- age   7:        392 bytes,    1715008 total
: 91790K->2953K(109248K), 0.0043867 secs] 240682K->151845K(502464K), 0.0062984 secs] [Times: user=0.02 sys=0.00, real=0.01 secs] 
Heap after GC invocations=586 (full 21):
 par new generation   total 109248K, used 2953K [0x00000007a0000000, 0x00000007a8000000, 0x00000007a8000000)
  eden space 87424K,   0% used [0x00000007a0000000, 0x00000007a0000000, 0x00000007a5560000)
  from space 21824K,  13% used [0x00000007a5560000, 0x00000007a5842540, 0x00000007a6ab0000)
  to   space 21824K,   0% used [0x00000007a6ab0000, 0x00000007a6ab0000, 0x00000007a8000000)
 concurrent mark-sweep generation total 393216K, used 148892K [0x00000007a8000000, 0x00000007c0000000, 0x00000007c0000000)
 Metaspace       used 37339K, capacity 38076K, committed 38192K, reserved 1083392K
  class space    used 4195K, capacity 4393K, committed 4400K, reserved 1048576K
}
2016-10-23T19:39:54.172+0800: 2018.401: Total time for which application threads were stopped: 0.0064643 seconds, Stopping threads took: 0.0000242 seconds
2016-10-23T19:39:55.172+0800: 2019.401: Total time for which application threads were stopped: 0.0002471 seconds, Stopping threads took: 0.0000554 seconds
2016-10-23T19:41:04.316+0800: 2088.547: Total time for which application threads were stopped: 0.0001356 seconds, Stopping threads took: 0.0000235 seconds
2016-10-23T19:41:07.318+0800: 2091.549: Total time for which application threads were stopped: 0.0001012 seconds, Stopping threads took: 0.0000242 seconds
2016-10-23T19:41:11.329+0800: 2095.560: Total time for which application threads were stopped: 0.0001459 seconds, Stopping threads took: 0.0000282 seconds
2016-10-23T19:41:15.340+0800: 2099.571: Total time for which application threads were stopped: 0.0002723 seconds, Stopping threads took: 0.0000565 seconds
2016-10-23T19:41:17.344+0800: 2101.576: Total time for which application threads were stopped: 0.0002543 seconds, Stopping threads took: 0.0000600 seconds
2016-10-23T19:41:49.429+0800: 2133.662: Total time for which application threads were stopped: 0.0002638 seconds, Stopping threads took: 0.0000606 seconds
2016-10-23T19:42:14.188+0800: 2158.422: Total time for which application threads were stopped: 0.0000860 seconds, Stopping threads took: 0.0000169 seconds
2016-10-23T19:42:14.189+0800: 2158.423: Total time for which application threads were stopped: 0.0006723 seconds, Stopping threads took: 0.0000076 seconds
2016-10-23T19:42:14.193+0800: 2158.426: Total time for which application threads were stopped: 0.0000762 seconds, Stopping threads took: 0.0000257 seconds
2016-10-23T19:42:14.196+0800: 2158.429: Total time for which application threads were stopped: 0.0002326 seconds, Stopping threads took: 0.0000287 seconds
2016-10-23T19:42:14.197+0800: 2158.430: Total time for which application threads were stopped: 0.0001056 seconds, Stopping threads took: 0.0000615 seconds
2016-10-23T19:42:14.200+0800: 2158.434: Total time for which application threads were stopped: 0.0000605 seconds, Stopping threads took: 0.0000185 seconds
2016-10-23T19:42:14.200+0800: 2158.434: Total time for which application threads were stopped: 0.0000447 seconds, Stopping threads took: 0.0000165 seconds
2016-10-23T19:42:14.200+0800: 2158.434: Total time for which application threads were stopped: 0.0000302 seconds, Stopping threads took: 0.0000061 seconds
2016-10-23T19:42:14.201+0800: 2158.434: Total time for which application threads were stopped: 0.0000351 seconds, Stopping threads took: 0.0000072 seconds
2016-10-23T19:42:14.205+0800: 2158.438: Total time for which application threads were stopped: 0.0000456 seconds, Stopping threads took: 0.0000100 seconds
2016-10-23T19:42:14.205+0800: 2158.438: Total time for which application threads were stopped: 0.0000333 seconds, Stopping threads took: 0.0000067 seconds
2016-10-23T19:42:14.205+0800: 2158.438: Total time for which application threads were stopped: 0.0000258 seconds, Stopping threads took: 0.0000047 seconds
2016-10-23T19:42:14.206+0800: 2158.439: Total time for which application threads were stopped: 0.0000290 seconds, Stopping threads took: 0.0000064 seconds
2016-10-23T19:42:14.206+0800: 2158.440: Total time for which application threads were stopped: 0.0000309 seconds, Stopping threads took: 0.0000060 seconds
2016-10-23T19:42:14.207+0800: 2158.440: Total time for which application threads were stopped: 0.0000332 seconds, Stopping threads took: 0.0000064 seconds
2016-10-23T19:42:14.207+0800: 2158.440: Total time for which application threads were stopped: 0.0000372 seconds, Stopping threads took: 0.0000078 seconds
2016-10-23T19:42:14.207+0800: 2158.440: Total time for which application threads were stopped: 0.0000367 seconds, Stopping threads took: 0.0000068 seconds
2016-10-23T19:42:14.207+0800: 2158.440: Total time for which application threads were stopped: 0.0000279 seconds, Stopping threads took: 0.0000052 seconds
2016-10-23T19:42:14.207+0800: 2158.440: Total time for which application threads were stopped: 0.0000259 seconds, Stopping threads took: 0.0000055 seconds
2016-10-23T19:42:14.207+0800: 2158.440: Total time for which application threads were stopped: 0.0000263 seconds, Stopping threads took: 0.0000051 seconds
2016-10-23T19:42:14.208+0800: 2158.441: Total time for which application threads were stopped: 0.0000276 seconds, Stopping threads took: 0.0000053 seconds
2016-10-23T19:42:14.208+0800: 2158.441: Total time for which application threads were stopped: 0.0000275 seconds, Stopping threads took: 0.0000050 seconds
2016-10-23T19:42:14.208+0800: 2158.441: Total time for which application threads were stopped: 0.0000354 seconds, Stopping threads took: 0.0000065 seconds
2016-10-23T19:42:14.208+0800: 2158.441: Total time for which application threads were stopped: 0.0000269 seconds, Stopping threads took: 0.0000054 seconds
2016-10-23T19:42:14.209+0800: 2158.442: Total time for which application threads were stopped: 0.0000288 seconds, Stopping threads took: 0.0000059 seconds
2016-10-23T19:42:14.209+0800: 2158.443: Total time for which application threads were stopped: 0.0000297 seconds, Stopping threads took: 0.0000053 seconds
2016-10-23T19:42:14.209+0800: 2158.443: Total time for which application threads were stopped: 0.0000375 seconds, Stopping threads took: 0.0000064 seconds
2016-10-23T19:42:14.209+0800: 2158.443: Total time for which application threads were stopped: 0.0000280 seconds, Stopping threads took: 0.0000049 seconds
2016-10-23T19:42:14.210+0800: 2158.444: Total time for which application threads were stopped: 0.0000280 seconds, Stopping threads took: 0.0000057 seconds
2016-10-23T19:42:14.211+0800: 2158.444: Total time for which application threads were stopped: 0.0000289 seconds, Stopping threads took: 0.0000052 seconds
2016-10-23T19:42:14.211+0800: 2158.444: Total time for which application threads were stopped: 0.0000344 seconds, Stopping threads took: 0.0000066 seconds
2016-10-23T19:42:14.211+0800: 2158.444: Total time for which application threads were stopped: 0.0000947 seconds, Stopping threads took: 0.0000057 seconds
2016-10-23T19:42:14.213+0800: 2158.446: Total time for which application threads were stopped: 0.0000430 seconds, Stopping threads took: 0.0000087 seconds
2016-10-23T19:42:14.213+0800: 2158.447: Total time for which application threads were stopped: 0.0000395 seconds, Stopping threads took: 0.0000075 seconds
2016-10-23T19:42:14.214+0800: 2158.447: Total time for which application threads were stopped: 0.0000303 seconds, Stopping threads took: 0.0000059 seconds
2016-10-23T19:42:14.214+0800: 2158.448: Total time for which application threads were stopped: 0.0000289 seconds, Stopping threads took: 0.0000055 seconds
2016-10-23T19:42:14.216+0800: 2158.449: Total time for which application threads were stopped: 0.0000479 seconds, Stopping threads took: 0.0000081 seconds
2016-10-23T19:42:14.217+0800: 2158.450: Total time for which application threads were stopped: 0.0000346 seconds, Stopping threads took: 0.0000074 seconds
2016-10-23T19:42:14.217+0800: 2158.450: Total time for which application threads were stopped: 0.0000293 seconds, Stopping threads took: 0.0000053 seconds
2016-10-23T19:42:14.217+0800: 2158.451: Total time for which application threads were stopped: 0.0000292 seconds, Stopping threads took: 0.0000053 seconds
2016-10-23T19:42:14.219+0800: 2158.452: Total time for which application threads were stopped: 0.0000523 seconds, Stopping threads took: 0.0000078 seconds
2016-10-23T19:42:14.221+0800: 2158.454: Total time for which application threads were stopped: 0.0000454 seconds, Stopping threads took: 0.0000107 seconds
2016-10-23T19:42:14.223+0800: 2158.456: Total time for which application threads were stopped: 0.0000454 seconds, Stopping threads took: 0.0000099 seconds
2016-10-23T19:42:14.224+0800: 2158.457: Total time for which application threads were stopped: 0.0000399 seconds, Stopping threads took: 0.0000082 seconds
2016-10-23T19:42:14.225+0800: 2158.458: Total time for which application threads were stopped: 0.0000288 seconds, Stopping threads took: 0.0000055 seconds
2016-10-23T19:42:14.226+0800: 2158.460: Total time for which application threads were stopped: 0.0000650 seconds, Stopping threads took: 0.0000099 seconds
Heap
 par new generation   total 109248K, used 69709K [0x00000007a0000000, 0x00000007a8000000, 0x00000007a8000000)
  eden space 87424K,  76% used [0x00000007a0000000, 0x00000007a4131108, 0x00000007a5560000)
  from space 21824K,  13% used [0x00000007a5560000, 0x00000007a5842540, 0x00000007a6ab0000)
  to   space 21824K,   0% used [0x00000007a6ab0000, 0x00000007a6ab0000, 0x00000007a8000000)
 concurrent mark-sweep generation total 393216K, used 148892K [0x00000007a8000000, 0x00000007c0000000, 0x00000007c0000000)
 Metaspace       used 37647K, capacity 38376K, committed 38448K, reserved 1083392K
  class space    used 4220K, capacity 4397K, committed 4400K, reserved 1048576K
