Java HotSpot(TM) 64-Bit Server VM (25.92-b14) for bsd-amd64 JRE (1.8.0_92-b14), built on Mar 31 2016 21:23:14 by "java_re" with gcc 4.2.1 (Based on Apple Inc. build 5658) (LLVM build 2336.11.00)
Memory: 4k page, physical 16777216k(481832k free)

/proc/meminfo:

CommandLine flags: -XX:CMSInitiatingOccupancyFraction=50 -XX:CMSMaxAbortablePrecleanTime=6000 -XX:+CMSParallelRemarkEnabled -XX:+CMSScavengeBeforeRemark -XX:ConcGCThreads=4 -XX:InitialHeapSize=536870912 -XX:MaxHeapSize=536870912 -XX:MaxTenuringThreshold=8 -XX:NewRatio=3 -XX:OldPLABSize=16 -XX:OnOutOfMemoryError=/Users/pparthasarathy/solr-6.2.1/bin/oom_solr.sh 8983 /Users/pparthasarathy/solr-6.2.1/example/techproducts/solr/../logs -XX:ParallelGCThreads=4 -XX:+ParallelRefProcEnabled -XX:PretenureSizeThreshold=67108864 -XX:+PrintGC -XX:+PrintGCApplicationStoppedTime -XX:+PrintGCDateStamps -XX:+PrintGCDetails -XX:+PrintGCTimeStamps -XX:+PrintHeapAtGC -XX:+PrintTenuringDistribution -XX:SurvivorRatio=4 -XX:TargetSurvivorRatio=90 -XX:ThreadStackSize=256 -XX:+UseCMSInitiatingOccupancyOnly -XX:+UseCompressedClassPointers -XX:+UseCompressedOops -XX:+UseConcMarkSweepGC -XX:+UseParNewGC 
2016-10-23T21:59:41.154+0800: 0.120: Total time for which application threads were stopped: 0.0000938 seconds, Stopping threads took: 0.0000139 seconds
2016-10-23T21:59:41.210+0800: 0.176: Total time for which application threads were stopped: 0.0000876 seconds, Stopping threads took: 0.0000108 seconds
2016-10-23T21:59:41.442+0800: 0.408: Total time for which application threads were stopped: 0.0001578 seconds, Stopping threads took: 0.0000101 seconds
2016-10-23T21:59:41.481+0800: 0.447: Total time for which application threads were stopped: 0.0001572 seconds, Stopping threads took: 0.0000133 seconds
2016-10-23T21:59:41.492+0800: 0.458: Total time for which application threads were stopped: 0.0001373 seconds, Stopping threads took: 0.0000134 seconds
2016-10-23T21:59:41.656+0800: 0.622: Total time for which application threads were stopped: 0.0001899 seconds, Stopping threads took: 0.0000209 seconds
2016-10-23T21:59:41.782+0800: 0.748: Total time for which application threads were stopped: 0.0002155 seconds, Stopping threads took: 0.0000126 seconds
2016-10-23T21:59:41.783+0800: 0.748: Total time for which application threads were stopped: 0.0000847 seconds, Stopping threads took: 0.0000074 seconds
2016-10-23T21:59:41.784+0800: 0.750: Total time for which application threads were stopped: 0.0000812 seconds, Stopping threads took: 0.0000063 seconds
2016-10-23T21:59:41.791+0800: 0.757: Total time for which application threads were stopped: 0.0001129 seconds, Stopping threads took: 0.0000081 seconds
2016-10-23T21:59:42.796+0800: 1.762: Total time for which application threads were stopped: 0.0002759 seconds, Stopping threads took: 0.0000520 seconds
2016-10-23T21:59:45.131+0800: 4.097: Total time for which application threads were stopped: 0.0002207 seconds, Stopping threads took: 0.0000362 seconds
2016-10-23T21:59:46.821+0800: 5.787: Total time for which application threads were stopped: 0.0000627 seconds, Stopping threads took: 0.0000238 seconds
2016-10-23T21:59:46.825+0800: 5.791: Total time for which application threads were stopped: 0.0000491 seconds, Stopping threads took: 0.0000136 seconds
2016-10-23T21:59:46.837+0800: 5.804: Total time for which application threads were stopped: 0.0002162 seconds, Stopping threads took: 0.0000240 seconds
2016-10-23T21:59:46.862+0800: 5.828: Total time for which application threads were stopped: 0.0000851 seconds, Stopping threads took: 0.0000252 seconds
2016-10-23T21:59:46.867+0800: 5.833: Total time for which application threads were stopped: 0.0002218 seconds, Stopping threads took: 0.0000225 seconds
{Heap before GC invocations=0 (full 0):
 par new generation   total 109248K, used 87424K [0x00000007a0000000, 0x00000007a8000000, 0x00000007a8000000)
  eden space 87424K, 100% used [0x00000007a0000000, 0x00000007a5560000, 0x00000007a5560000)
  from space 21824K,   0% used [0x00000007a5560000, 0x00000007a5560000, 0x00000007a6ab0000)
  to   space 21824K,   0% used [0x00000007a6ab0000, 0x00000007a6ab0000, 0x00000007a8000000)
 concurrent mark-sweep generation total 393216K, used 0K [0x00000007a8000000, 0x00000007c0000000, 0x00000007c0000000)
 Metaspace       used 18402K, capacity 18710K, committed 18944K, reserved 1067008K
  class space    used 2181K, capacity 2296K, committed 2304K, reserved 1048576K
2016-10-23T21:59:46.882+0800: 5.848: [GC (Allocation Failure) 2016-10-23T21:59:46.882+0800: 5.848: [ParNew
Desired survivor size 20112992 bytes, new threshold 8 (max 8)
- age   1:   11219416 bytes,   11219416 total
: 87424K->11077K(109248K), 0.0111883 secs] 87424K->11077K(502464K), 0.0112601 secs] [Times: user=0.03 sys=0.01, real=0.01 secs] 
Heap after GC invocations=1 (full 0):
 par new generation   total 109248K, used 11077K [0x00000007a0000000, 0x00000007a8000000, 0x00000007a8000000)
  eden space 87424K,   0% used [0x00000007a0000000, 0x00000007a0000000, 0x00000007a5560000)
  from space 21824K,  50% used [0x00000007a6ab0000, 0x00000007a75817f0, 0x00000007a8000000)
  to   space 21824K,   0% used [0x00000007a5560000, 0x00000007a5560000, 0x00000007a6ab0000)
 concurrent mark-sweep generation total 393216K, used 0K [0x00000007a8000000, 0x00000007c0000000, 0x00000007c0000000)
 Metaspace       used 18402K, capacity 18710K, committed 18944K, reserved 1067008K
  class space    used 2181K, capacity 2296K, committed 2304K, reserved 1048576K
}
2016-10-23T21:59:46.893+0800: 5.859: Total time for which application threads were stopped: 0.0115064 seconds, Stopping threads took: 0.0000225 seconds
2016-10-23T21:59:46.927+0800: 5.894: Total time for which application threads were stopped: 0.0002393 seconds, Stopping threads took: 0.0000152 seconds
2016-10-23T21:59:46.929+0800: 5.895: Total time for which application threads were stopped: 0.0000572 seconds, Stopping threads took: 0.0000097 seconds
2016-10-23T21:59:46.929+0800: 5.895: Total time for which application threads were stopped: 0.0000728 seconds, Stopping threads took: 0.0000193 seconds
2016-10-23T21:59:46.929+0800: 5.895: Total time for which application threads were stopped: 0.0000631 seconds, Stopping threads took: 0.0000201 seconds
2016-10-23T21:59:46.929+0800: 5.895: Total time for which application threads were stopped: 0.0000888 seconds, Stopping threads took: 0.0000175 seconds
2016-10-23T21:59:46.929+0800: 5.895: Total time for which application threads were stopped: 0.0000601 seconds, Stopping threads took: 0.0000187 seconds
2016-10-23T21:59:46.929+0800: 5.895: Total time for which application threads were stopped: 0.0000725 seconds, Stopping threads took: 0.0000209 seconds
2016-10-23T21:59:46.935+0800: 5.901: Total time for which application threads were stopped: 0.0001020 seconds, Stopping threads took: 0.0000443 seconds
2016-10-23T21:59:46.935+0800: 5.901: Total time for which application threads were stopped: 0.0000555 seconds, Stopping threads took: 0.0000182 seconds
2016-10-23T21:59:46.935+0800: 5.901: Total time for which application threads were stopped: 0.0000470 seconds, Stopping threads took: 0.0000137 seconds
2016-10-23T21:59:46.935+0800: 5.901: Total time for which application threads were stopped: 0.0000553 seconds, Stopping threads took: 0.0000142 seconds
2016-10-23T21:59:46.935+0800: 5.901: Total time for which application threads were stopped: 0.0000672 seconds, Stopping threads took: 0.0000320 seconds
2016-10-23T21:59:46.981+0800: 5.947: Total time for which application threads were stopped: 0.0000918 seconds, Stopping threads took: 0.0000316 seconds
2016-10-23T21:59:46.982+0800: 5.948: Total time for which application threads were stopped: 0.0000507 seconds, Stopping threads took: 0.0000086 seconds
2016-10-23T21:59:46.984+0800: 5.950: Total time for which application threads were stopped: 0.0000539 seconds, Stopping threads took: 0.0000112 seconds
2016-10-23T21:59:46.984+0800: 5.950: Total time for which application threads were stopped: 0.0000506 seconds, Stopping threads took: 0.0000206 seconds
2016-10-23T21:59:46.985+0800: 5.952: Total time for which application threads were stopped: 0.0000579 seconds, Stopping threads took: 0.0000122 seconds
2016-10-23T21:59:46.986+0800: 5.952: Total time for which application threads were stopped: 0.0000428 seconds, Stopping threads took: 0.0000072 seconds
2016-10-23T21:59:46.987+0800: 5.953: Total time for which application threads were stopped: 0.0000821 seconds, Stopping threads took: 0.0000268 seconds
2016-10-23T21:59:46.988+0800: 5.954: Total time for which application threads were stopped: 0.0000568 seconds, Stopping threads took: 0.0000247 seconds
2016-10-23T21:59:46.990+0800: 5.956: Total time for which application threads were stopped: 0.0000368 seconds, Stopping threads took: 0.0000078 seconds
2016-10-23T21:59:46.990+0800: 5.956: Total time for which application threads were stopped: 0.0000287 seconds, Stopping threads took: 0.0000060 seconds
2016-10-23T21:59:46.991+0800: 5.957: Total time for which application threads were stopped: 0.0000386 seconds, Stopping threads took: 0.0000071 seconds
2016-10-23T21:59:46.991+0800: 5.957: Total time for which application threads were stopped: 0.0000355 seconds, Stopping threads took: 0.0000068 seconds
2016-10-23T21:59:46.991+0800: 5.957: Total time for which application threads were stopped: 0.0000876 seconds, Stopping threads took: 0.0000052 seconds
2016-10-23T21:59:46.992+0800: 5.958: Total time for which application threads were stopped: 0.0000620 seconds, Stopping threads took: 0.0000214 seconds
2016-10-23T21:59:46.992+0800: 5.958: Total time for which application threads were stopped: 0.0000478 seconds, Stopping threads took: 0.0000182 seconds
2016-10-23T21:59:46.992+0800: 5.958: Total time for which application threads were stopped: 0.0000484 seconds, Stopping threads took: 0.0000081 seconds
2016-10-23T21:59:46.992+0800: 5.958: Total time for which application threads were stopped: 0.0000604 seconds, Stopping threads took: 0.0000344 seconds
2016-10-23T21:59:46.992+0800: 5.958: Total time for which application threads were stopped: 0.0000713 seconds, Stopping threads took: 0.0000259 seconds
2016-10-23T21:59:46.992+0800: 5.958: Total time for which application threads were stopped: 0.0000469 seconds, Stopping threads took: 0.0000189 seconds
2016-10-23T21:59:46.993+0800: 5.959: Total time for which application threads were stopped: 0.0000389 seconds, Stopping threads took: 0.0000077 seconds
2016-10-23T21:59:46.993+0800: 5.959: Total time for which application threads were stopped: 0.0000293 seconds, Stopping threads took: 0.0000060 seconds
2016-10-23T21:59:46.993+0800: 5.959: Total time for which application threads were stopped: 0.0000484 seconds, Stopping threads took: 0.0000202 seconds
2016-10-23T21:59:46.993+0800: 5.959: Total time for which application threads were stopped: 0.0000461 seconds, Stopping threads took: 0.0000167 seconds
2016-10-23T21:59:46.993+0800: 5.959: Total time for which application threads were stopped: 0.0000461 seconds, Stopping threads took: 0.0000158 seconds
2016-10-23T21:59:46.993+0800: 5.959: Total time for which application threads were stopped: 0.0000435 seconds, Stopping threads took: 0.0000170 seconds
2016-10-23T21:59:46.993+0800: 5.959: Total time for which application threads were stopped: 0.0000406 seconds, Stopping threads took: 0.0000164 seconds
2016-10-23T21:59:46.993+0800: 5.959: Total time for which application threads were stopped: 0.0000380 seconds, Stopping threads took: 0.0000152 seconds
2016-10-23T21:59:46.994+0800: 5.960: Total time for which application threads were stopped: 0.0000519 seconds, Stopping threads took: 0.0000167 seconds
2016-10-23T21:59:46.994+0800: 5.960: Total time for which application threads were stopped: 0.0000347 seconds, Stopping threads took: 0.0000068 seconds
2016-10-23T21:59:46.994+0800: 5.960: Total time for which application threads were stopped: 0.0000305 seconds, Stopping threads took: 0.0000062 seconds
2016-10-23T21:59:46.994+0800: 5.960: Total time for which application threads were stopped: 0.0000669 seconds, Stopping threads took: 0.0000403 seconds
2016-10-23T21:59:46.998+0800: 5.964: Total time for which application threads were stopped: 0.0000442 seconds, Stopping threads took: 0.0000087 seconds
2016-10-23T21:59:46.998+0800: 5.964: Total time for which application threads were stopped: 0.0000512 seconds, Stopping threads took: 0.0000173 seconds
2016-10-23T21:59:46.998+0800: 5.964: Total time for which application threads were stopped: 0.0000443 seconds, Stopping threads took: 0.0000087 seconds
2016-10-23T21:59:46.998+0800: 5.964: Total time for which application threads were stopped: 0.0000294 seconds, Stopping threads took: 0.0000038 seconds
2016-10-23T21:59:46.998+0800: 5.964: Total time for which application threads were stopped: 0.0000493 seconds, Stopping threads took: 0.0000051 seconds
2016-10-23T21:59:47.002+0800: 5.968: Total time for which application threads were stopped: 0.0000519 seconds, Stopping threads took: 0.0000120 seconds
2016-10-23T21:59:47.002+0800: 5.968: Total time for which application threads were stopped: 0.0000543 seconds, Stopping threads took: 0.0000212 seconds
2016-10-23T21:59:47.002+0800: 5.968: Total time for which application threads were stopped: 0.0000515 seconds, Stopping threads took: 0.0000213 seconds
2016-10-23T21:59:47.002+0800: 5.969: Total time for which application threads were stopped: 0.0000442 seconds, Stopping threads took: 0.0000083 seconds
2016-10-23T21:59:47.003+0800: 5.969: Total time for which application threads were stopped: 0.0000562 seconds, Stopping threads took: 0.0000206 seconds
2016-10-23T21:59:47.010+0800: 5.976: Total time for which application threads were stopped: 0.0000821 seconds, Stopping threads took: 0.0000179 seconds
2016-10-23T21:59:47.010+0800: 5.976: Total time for which application threads were stopped: 0.0000542 seconds, Stopping threads took: 0.0000248 seconds
2016-10-23T21:59:47.011+0800: 5.977: Total time for which application threads were stopped: 0.0000586 seconds, Stopping threads took: 0.0000205 seconds
2016-10-23T21:59:47.011+0800: 5.977: Total time for which application threads were stopped: 0.0000499 seconds, Stopping threads took: 0.0000176 seconds
2016-10-23T21:59:47.011+0800: 5.977: Total time for which application threads were stopped: 0.0000343 seconds, Stopping threads took: 0.0000070 seconds
2016-10-23T21:59:47.011+0800: 5.977: Total time for which application threads were stopped: 0.0000299 seconds, Stopping threads took: 0.0000071 seconds
2016-10-23T21:59:47.011+0800: 5.978: Total time for which application threads were stopped: 0.0000560 seconds, Stopping threads took: 0.0000081 seconds
2016-10-23T21:59:47.012+0800: 5.978: Total time for which application threads were stopped: 0.0000403 seconds, Stopping threads took: 0.0000086 seconds
2016-10-23T21:59:47.012+0800: 5.978: Total time for which application threads were stopped: 0.0000335 seconds, Stopping threads took: 0.0000071 seconds
2016-10-23T21:59:47.012+0800: 5.978: Total time for which application threads were stopped: 0.0000295 seconds, Stopping threads took: 0.0000060 seconds
2016-10-23T21:59:47.012+0800: 5.978: Total time for which application threads were stopped: 0.0000281 seconds, Stopping threads took: 0.0000056 seconds
2016-10-23T21:59:47.012+0800: 5.978: Total time for which application threads were stopped: 0.0000282 seconds, Stopping threads took: 0.0000055 seconds
2016-10-23T21:59:47.013+0800: 5.979: Total time for which application threads were stopped: 0.0000334 seconds, Stopping threads took: 0.0000069 seconds
2016-10-23T21:59:47.013+0800: 5.979: Total time for which application threads were stopped: 0.0000592 seconds, Stopping threads took: 0.0000304 seconds
2016-10-23T21:59:47.013+0800: 5.979: Total time for which application threads were stopped: 0.0000462 seconds, Stopping threads took: 0.0000167 seconds
2016-10-23T21:59:47.013+0800: 5.979: Total time for which application threads were stopped: 0.0000310 seconds, Stopping threads took: 0.0000064 seconds
2016-10-23T21:59:47.013+0800: 5.979: Total time for which application threads were stopped: 0.0000438 seconds, Stopping threads took: 0.0000099 seconds
2016-10-23T21:59:47.013+0800: 5.979: Total time for which application threads were stopped: 0.0000385 seconds, Stopping threads took: 0.0000085 seconds
2016-10-23T21:59:47.013+0800: 5.979: Total time for which application threads were stopped: 0.0000445 seconds, Stopping threads took: 0.0000187 seconds
2016-10-23T21:59:47.014+0800: 5.980: Total time for which application threads were stopped: 0.0000929 seconds, Stopping threads took: 0.0000180 seconds
2016-10-23T21:59:47.014+0800: 5.980: Total time for which application threads were stopped: 0.0000288 seconds, Stopping threads took: 0.0000061 seconds
2016-10-23T21:59:47.014+0800: 5.980: Total time for which application threads were stopped: 0.0000277 seconds, Stopping threads took: 0.0000056 seconds
2016-10-23T21:59:47.014+0800: 5.980: Total time for which application threads were stopped: 0.0000546 seconds, Stopping threads took: 0.0000052 seconds
2016-10-23T21:59:47.018+0800: 5.984: Total time for which application threads were stopped: 0.0000540 seconds, Stopping threads took: 0.0000180 seconds
2016-10-23T21:59:47.018+0800: 5.984: Total time for which application threads were stopped: 0.0000378 seconds, Stopping threads took: 0.0000072 seconds
2016-10-23T21:59:47.022+0800: 5.988: Total time for which application threads were stopped: 0.0000469 seconds, Stopping threads took: 0.0000087 seconds
2016-10-23T21:59:47.022+0800: 5.988: Total time for which application threads were stopped: 0.0000558 seconds, Stopping threads took: 0.0000195 seconds
2016-10-23T21:59:47.086+0800: 6.052: Total time for which application threads were stopped: 0.0002347 seconds, Stopping threads took: 0.0000164 seconds
2016-10-23T21:59:47.143+0800: 6.109: Total time for which application threads were stopped: 0.0003091 seconds, Stopping threads took: 0.0000590 seconds
2016-10-23T21:59:47.157+0800: 6.123: Total time for which application threads were stopped: 0.0000614 seconds, Stopping threads took: 0.0000135 seconds
2016-10-23T21:59:47.179+0800: 6.145: Total time for which application threads were stopped: 0.0001093 seconds, Stopping threads took: 0.0000448 seconds
2016-10-23T21:59:47.187+0800: 6.153: Total time for which application threads were stopped: 0.0000581 seconds, Stopping threads took: 0.0000130 seconds
2016-10-23T21:59:47.192+0800: 6.158: Total time for which application threads were stopped: 0.0000886 seconds, Stopping threads took: 0.0000264 seconds
2016-10-23T21:59:47.196+0800: 6.162: Total time for which application threads were stopped: 0.0000575 seconds, Stopping threads took: 0.0000092 seconds
2016-10-23T21:59:47.201+0800: 6.167: Total time for which application threads were stopped: 0.0000583 seconds, Stopping threads took: 0.0000201 seconds
2016-10-23T21:59:47.202+0800: 6.169: Total time for which application threads were stopped: 0.0000568 seconds, Stopping threads took: 0.0000078 seconds
2016-10-23T21:59:47.206+0800: 6.172: Total time for which application threads were stopped: 0.0000973 seconds, Stopping threads took: 0.0000069 seconds
2016-10-23T21:59:47.231+0800: 6.197: Total time for which application threads were stopped: 0.0001377 seconds, Stopping threads took: 0.0000364 seconds
2016-10-23T21:59:47.284+0800: 6.250: Total time for which application threads were stopped: 0.0000894 seconds, Stopping threads took: 0.0000163 seconds
2016-10-23T21:59:47.291+0800: 6.257: Total time for which application threads were stopped: 0.0002602 seconds, Stopping threads took: 0.0000428 seconds
2016-10-23T21:59:47.314+0800: 6.280: Total time for which application threads were stopped: 0.0002061 seconds, Stopping threads took: 0.0000114 seconds
2016-10-23T21:59:47.329+0800: 6.296: Total time for which application threads were stopped: 0.0001685 seconds, Stopping threads took: 0.0000789 seconds
2016-10-23T21:59:47.391+0800: 6.357: Total time for which application threads were stopped: 0.0001511 seconds, Stopping threads took: 0.0000184 seconds
2016-10-23T21:59:47.396+0800: 6.362: Total time for which application threads were stopped: 0.0003234 seconds, Stopping threads took: 0.0000224 seconds
2016-10-23T21:59:47.425+0800: 6.391: Total time for which application threads were stopped: 0.0001022 seconds, Stopping threads took: 0.0000256 seconds
{Heap before GC invocations=1 (full 0):
 par new generation   total 109248K, used 98501K [0x00000007a0000000, 0x00000007a8000000, 0x00000007a8000000)
  eden space 87424K, 100% used [0x00000007a0000000, 0x00000007a5560000, 0x00000007a5560000)
  from space 21824K,  50% used [0x00000007a6ab0000, 0x00000007a75817f0, 0x00000007a8000000)
  to   space 21824K,   0% used [0x00000007a5560000, 0x00000007a5560000, 0x00000007a6ab0000)
 concurrent mark-sweep generation total 393216K, used 0K [0x00000007a8000000, 0x00000007c0000000, 0x00000007c0000000)
 Metaspace       used 22736K, capacity 23112K, committed 23416K, reserved 1069056K
  class space    used 2695K, capacity 2827K, committed 2940K, reserved 1048576K
2016-10-23T21:59:47.432+0800: 6.398: [GC (Allocation Failure) 2016-10-23T21:59:47.432+0800: 6.398: [ParNew
Desired survivor size 20112992 bytes, new threshold 8 (max 8)
- age   1:    5319936 bytes,    5319936 total
- age   2:    5258472 bytes,   10578408 total
: 98501K->13577K(109248K), 0.0096569 secs] 98501K->13577K(502464K), 0.0097058 secs] [Times: user=0.03 sys=0.00, real=0.01 secs] 
Heap after GC invocations=2 (full 0):
 par new generation   total 109248K, used 13577K [0x00000007a0000000, 0x00000007a8000000, 0x00000007a8000000)
  eden space 87424K,   0% used [0x00000007a0000000, 0x00000007a0000000, 0x00000007a5560000)
  from space 21824K,  62% used [0x00000007a5560000, 0x00000007a62a27c0, 0x00000007a6ab0000)
  to   space 21824K,   0% used [0x00000007a6ab0000, 0x00000007a6ab0000, 0x00000007a8000000)
 concurrent mark-sweep generation total 393216K, used 0K [0x00000007a8000000, 0x00000007c0000000, 0x00000007c0000000)
 Metaspace       used 22736K, capacity 23112K, committed 23416K, reserved 1069056K
  class space    used 2695K, capacity 2827K, committed 2940K, reserved 1048576K
}
2016-10-23T21:59:47.441+0800: 6.408: Total time for which application threads were stopped: 0.0102399 seconds, Stopping threads took: 0.0000120 seconds
2016-10-23T21:59:47.442+0800: 6.408: [GC (CMS Initial Mark) [1 CMS-initial-mark: 0K(393216K)] 14656K(502464K), 0.0019092 secs] [Times: user=0.01 sys=0.00, real=0.00 secs] 
2016-10-23T21:59:47.444+0800: 6.410: Total time for which application threads were stopped: 0.0020487 seconds, Stopping threads took: 0.0000418 seconds
2016-10-23T21:59:47.444+0800: 6.410: [CMS-concurrent-mark-start]
2016-10-23T21:59:47.444+0800: 6.410: [CMS-concurrent-mark: 0.000/0.000 secs] [Times: user=0.00 sys=0.00, real=0.00 secs] 
2016-10-23T21:59:47.444+0800: 6.410: [CMS-concurrent-preclean-start]
2016-10-23T21:59:47.445+0800: 6.411: [CMS-concurrent-preclean: 0.001/0.001 secs] [Times: user=0.00 sys=0.00, real=0.00 secs] 
2016-10-23T21:59:47.445+0800: 6.411: Total time for which application threads were stopped: 0.0000882 seconds, Stopping threads took: 0.0000239 seconds
2016-10-23T21:59:47.445+0800: 6.411: [GC (CMS Final Remark) [YG occupancy: 14656 K (109248 K)]{Heap before GC invocations=2 (full 1):
 par new generation   total 109248K, used 14656K [0x00000007a0000000, 0x00000007a8000000, 0x00000007a8000000)
  eden space 87424K,   1% used [0x00000007a0000000, 0x00000007a010d9d8, 0x00000007a5560000)
  from space 21824K,  62% used [0x00000007a5560000, 0x00000007a62a27c0, 0x00000007a6ab0000)
  to   space 21824K,   0% used [0x00000007a6ab0000, 0x00000007a6ab0000, 0x00000007a8000000)
 concurrent mark-sweep generation total 393216K, used 0K [0x00000007a8000000, 0x00000007c0000000, 0x00000007c0000000)
 Metaspace       used 22736K, capacity 23112K, committed 23416K, reserved 1069056K
  class space    used 2695K, capacity 2827K, committed 2940K, reserved 1048576K
2016-10-23T21:59:47.445+0800: 6.411: [GC (CMS Final Remark) 2016-10-23T21:59:47.445+0800: 6.411: [ParNew
Desired survivor size 20112992 bytes, new threshold 8 (max 8)
- age   1:       1896 bytes,       1896 total
- age   2:    2273160 bytes,    2275056 total
- age   3:    5256304 bytes,    7531360 total
: 14656K->9749K(109248K), 0.0052481 secs] 14656K->9749K(502464K), 0.0052773 secs] [Times: user=0.02 sys=0.00, real=0.01 secs] 
Heap after GC invocations=3 (full 1):
 par new generation   total 109248K, used 9749K [0x00000007a0000000, 0x00000007a8000000, 0x00000007a8000000)
  eden space 87424K,   0% used [0x00000007a0000000, 0x00000007a0000000, 0x00000007a5560000)
  from space 21824K,  44% used [0x00000007a6ab0000, 0x00000007a7435618, 0x00000007a8000000)
  to   space 21824K,   0% used [0x00000007a5560000, 0x00000007a5560000, 0x00000007a6ab0000)
 concurrent mark-sweep generation total 393216K, used 0K [0x00000007a8000000, 0x00000007c0000000, 0x00000007c0000000)
 Metaspace       used 22736K, capacity 23112K, committed 23416K, reserved 1069056K
  class space    used 2695K, capacity 2827K, committed 2940K, reserved 1048576K
}
2016-10-23T21:59:47.451+0800: 6.417: [Rescan (parallel) , 0.0018442 secs]2016-10-23T21:59:47.453+0800: 6.419: [weak refs processing, 0.0008942 secs]2016-10-23T21:59:47.454+0800: 6.420: [class unloading, 0.0026735 secs]2016-10-23T21:59:47.456+0800: 6.422: [scrub symbol table, 0.0025132 secs]2016-10-23T21:59:47.459+0800: 6.425: [scrub string table, 0.0002122 secs][1 CMS-remark: 0K(393216K)] 9749K(502464K), 0.0143997 secs] [Times: user=0.03 sys=0.01, real=0.02 secs] 
2016-10-23T21:59:47.460+0800: 6.426: Total time for which application threads were stopped: 0.0145520 seconds, Stopping threads took: 0.0000785 seconds
2016-10-23T21:59:47.460+0800: 6.426: [CMS-concurrent-sweep-start]
2016-10-23T21:59:47.460+0800: 6.426: Total time for which application threads were stopped: 0.0000833 seconds, Stopping threads took: 0.0000237 seconds
2016-10-23T21:59:47.460+0800: 6.426: [CMS-concurrent-sweep: 0.000/0.000 secs] [Times: user=0.00 sys=0.00, real=0.00 secs] 
2016-10-23T21:59:47.460+0800: 6.426: Total time for which application threads were stopped: 0.0000653 seconds, Stopping threads took: 0.0000162 seconds
2016-10-23T21:59:47.460+0800: 6.426: [CMS-concurrent-reset-start]
2016-10-23T21:59:47.461+0800: 6.427: Total time for which application threads were stopped: 0.0000525 seconds, Stopping threads took: 0.0000186 seconds
2016-10-23T21:59:47.463+0800: 6.429: [CMS-concurrent-reset: 0.003/0.003 secs] [Times: user=0.01 sys=0.00, real=0.00 secs] 
2016-10-23T21:59:47.573+0800: 6.539: Total time for which application threads were stopped: 0.0001371 seconds, Stopping threads took: 0.0000164 seconds
{Heap before GC invocations=3 (full 1):
 par new generation   total 109248K, used 97173K [0x00000007a0000000, 0x00000007a8000000, 0x00000007a8000000)
  eden space 87424K, 100% used [0x00000007a0000000, 0x00000007a5560000, 0x00000007a5560000)
  from space 21824K,  44% used [0x00000007a6ab0000, 0x00000007a7435618, 0x00000007a8000000)
  to   space 21824K,   0% used [0x00000007a5560000, 0x00000007a5560000, 0x00000007a6ab0000)
 concurrent mark-sweep generation total 393216K, used 0K [0x00000007a8000000, 0x00000007c0000000, 0x00000007c0000000)
 Metaspace       used 23723K, capacity 24172K, committed 24568K, reserved 1071104K
  class space    used 2827K, capacity 2961K, committed 3068K, reserved 1048576K
2016-10-23T21:59:47.625+0800: 6.591: [GC (Allocation Failure) 2016-10-23T21:59:47.625+0800: 6.591: [ParNew
Desired survivor size 20112992 bytes, new threshold 8 (max 8)
- age   1:    1248680 bytes,    1248680 total
- age   2:        424 bytes,    1249104 total
- age   3:    2234464 bytes,    3483568 total
- age   4:    5250696 bytes,    8734264 total
: 97173K->11414K(109248K), 0.0061325 secs] 97173K->11414K(502464K), 0.0061895 secs] [Times: user=0.02 sys=0.00, real=0.01 secs] 
Heap after GC invocations=4 (full 1):
 par new generation   total 109248K, used 11414K [0x00000007a0000000, 0x00000007a8000000, 0x00000007a8000000)
  eden space 87424K,   0% used [0x00000007a0000000, 0x00000007a0000000, 0x00000007a5560000)
  from space 21824K,  52% used [0x00000007a5560000, 0x00000007a6085b48, 0x00000007a6ab0000)
  to   space 21824K,   0% used [0x00000007a6ab0000, 0x00000007a6ab0000, 0x00000007a8000000)
 concurrent mark-sweep generation total 393216K, used 0K [0x00000007a8000000, 0x00000007c0000000, 0x00000007c0000000)
 Metaspace       used 23723K, capacity 24172K, committed 24568K, reserved 1071104K
  class space    used 2827K, capacity 2961K, committed 3068K, reserved 1048576K
}
2016-10-23T21:59:47.631+0800: 6.597: Total time for which application threads were stopped: 0.0063509 seconds, Stopping threads took: 0.0000255 seconds
2016-10-23T21:59:47.785+0800: 6.751: Total time for which application threads were stopped: 0.0003651 seconds, Stopping threads took: 0.0000357 seconds
2016-10-23T21:59:47.818+0800: 6.784: Total time for which application threads were stopped: 0.0000992 seconds, Stopping threads took: 0.0000161 seconds
2016-10-23T21:59:47.896+0800: 6.863: Total time for which application threads were stopped: 0.0003752 seconds, Stopping threads took: 0.0000165 seconds
2016-10-23T21:59:47.905+0800: 6.871: Total time for which application threads were stopped: 0.0003109 seconds, Stopping threads took: 0.0000250 seconds
2016-10-23T21:59:47.968+0800: 6.934: Total time for which application threads were stopped: 0.0001340 seconds, Stopping threads took: 0.0000142 seconds
2016-10-23T21:59:47.968+0800: 6.934: Total time for which application threads were stopped: 0.0000836 seconds, Stopping threads took: 0.0000183 seconds
2016-10-23T21:59:47.968+0800: 6.935: Total time for which application threads were stopped: 0.0000622 seconds, Stopping threads took: 0.0000106 seconds
2016-10-23T21:59:47.972+0800: 6.938: Total time for which application threads were stopped: 0.0000813 seconds, Stopping threads took: 0.0000343 seconds
{Heap before GC invocations=4 (full 1):
 par new generation   total 109248K, used 98838K [0x00000007a0000000, 0x00000007a8000000, 0x00000007a8000000)
  eden space 87424K, 100% used [0x00000007a0000000, 0x00000007a5560000, 0x00000007a5560000)
  from space 21824K,  52% used [0x00000007a5560000, 0x00000007a6085b48, 0x00000007a6ab0000)
  to   space 21824K,   0% used [0x00000007a6ab0000, 0x00000007a6ab0000, 0x00000007a8000000)
 concurrent mark-sweep generation total 393216K, used 0K [0x00000007a8000000, 0x00000007c0000000, 0x00000007c0000000)
 Metaspace       used 26951K, capacity 27398K, committed 27768K, reserved 1073152K
  class space    used 3245K, capacity 3398K, committed 3452K, reserved 1048576K
2016-10-23T21:59:48.002+0800: 6.968: [GC (Allocation Failure) 2016-10-23T21:59:48.002+0800: 6.968: [ParNew
Desired survivor size 20112992 bytes, new threshold 8 (max 8)
- age   1:    3739160 bytes,    3739160 total
- age   2:     387584 bytes,    4126744 total
- age   3:        400 bytes,    4127144 total
- age   4:    1497888 bytes,    5625032 total
- age   5:    5247928 bytes,   10872960 total
: 98838K->11649K(109248K), 0.0071537 secs] 98838K->11649K(502464K), 0.0072104 secs] [Times: user=0.02 sys=0.00, real=0.00 secs] 
Heap after GC invocations=5 (full 1):
 par new generation   total 109248K, used 11649K [0x00000007a0000000, 0x00000007a8000000, 0x00000007a8000000)
  eden space 87424K,   0% used [0x00000007a0000000, 0x00000007a0000000, 0x00000007a5560000)
  from space 21824K,  53% used [0x00000007a6ab0000, 0x00000007a7610668, 0x00000007a8000000)
  to   space 21824K,   0% used [0x00000007a5560000, 0x00000007a5560000, 0x00000007a6ab0000)
 concurrent mark-sweep generation total 393216K, used 0K [0x00000007a8000000, 0x00000007c0000000, 0x00000007c0000000)
 Metaspace       used 26951K, capacity 27398K, committed 27768K, reserved 1073152K
  class space    used 3245K, capacity 3398K, committed 3452K, reserved 1048576K
}
2016-10-23T21:59:48.009+0800: 6.976: Total time for which application threads were stopped: 0.0073451 seconds, Stopping threads took: 0.0000150 seconds
2016-10-23T21:59:48.148+0800: 7.114: Total time for which application threads were stopped: 0.0001738 seconds, Stopping threads took: 0.0000197 seconds
2016-10-23T21:59:48.322+0800: 7.288: Total time for which application threads were stopped: 0.0003722 seconds, Stopping threads took: 0.0000184 seconds
2016-10-23T21:59:48.400+0800: 7.367: Total time for which application threads were stopped: 0.0001280 seconds, Stopping threads took: 0.0000439 seconds
2016-10-23T21:59:48.402+0800: 7.368: Total time for which application threads were stopped: 0.0000947 seconds, Stopping threads took: 0.0000379 seconds
2016-10-23T21:59:48.404+0800: 7.370: Total time for which application threads were stopped: 0.0000743 seconds, Stopping threads took: 0.0000247 seconds
2016-10-23T21:59:48.405+0800: 7.371: Total time for which application threads were stopped: 0.0000674 seconds, Stopping threads took: 0.0000230 seconds
2016-10-23T21:59:48.408+0800: 7.374: Total time for which application threads were stopped: 0.0000622 seconds, Stopping threads took: 0.0000129 seconds
2016-10-23T21:59:48.408+0800: 7.374: Total time for which application threads were stopped: 0.0000862 seconds, Stopping threads took: 0.0000297 seconds
2016-10-23T21:59:48.409+0800: 7.376: Total time for which application threads were stopped: 0.0000502 seconds, Stopping threads took: 0.0000125 seconds
2016-10-23T21:59:48.410+0800: 7.376: Total time for which application threads were stopped: 0.0000397 seconds, Stopping threads took: 0.0000093 seconds
2016-10-23T21:59:48.411+0800: 7.378: Total time for which application threads were stopped: 0.0000656 seconds, Stopping threads took: 0.0000117 seconds
2016-10-23T21:59:48.412+0800: 7.378: Total time for which application threads were stopped: 0.0000559 seconds, Stopping threads took: 0.0000233 seconds
2016-10-23T21:59:48.416+0800: 7.382: Total time for which application threads were stopped: 0.0000664 seconds, Stopping threads took: 0.0000135 seconds
2016-10-23T21:59:48.417+0800: 7.383: Total time for which application threads were stopped: 0.0000502 seconds, Stopping threads took: 0.0000105 seconds
2016-10-23T21:59:48.422+0800: 7.388: Total time for which application threads were stopped: 0.0001924 seconds, Stopping threads took: 0.0001371 seconds
2016-10-23T21:59:48.423+0800: 7.389: Total time for which application threads were stopped: 0.0000570 seconds, Stopping threads took: 0.0000089 seconds
2016-10-23T21:59:48.423+0800: 7.390: Total time for which application threads were stopped: 0.0003515 seconds, Stopping threads took: 0.0003096 seconds
2016-10-23T21:59:48.424+0800: 7.390: Total time for which application threads were stopped: 0.0000716 seconds, Stopping threads took: 0.0000218 seconds
2016-10-23T21:59:48.426+0800: 7.392: Total time for which application threads were stopped: 0.0001020 seconds, Stopping threads took: 0.0000529 seconds
2016-10-23T21:59:48.426+0800: 7.393: Total time for which application threads were stopped: 0.0000484 seconds, Stopping threads took: 0.0000091 seconds
2016-10-23T21:59:48.427+0800: 7.393: Total time for which application threads were stopped: 0.0001280 seconds, Stopping threads took: 0.0000352 seconds
2016-10-23T21:59:48.437+0800: 7.403: Total time for which application threads were stopped: 0.0000900 seconds, Stopping threads took: 0.0000137 seconds
2016-10-23T21:59:49.442+0800: 8.409: Total time for which application threads were stopped: 0.0002485 seconds, Stopping threads took: 0.0000688 seconds
{Heap before GC invocations=5 (full 1):
 par new generation   total 109248K, used 99073K [0x00000007a0000000, 0x00000007a8000000, 0x00000007a8000000)
  eden space 87424K, 100% used [0x00000007a0000000, 0x00000007a5560000, 0x00000007a5560000)
  from space 21824K,  53% used [0x00000007a6ab0000, 0x00000007a7610668, 0x00000007a8000000)
  to   space 21824K,   0% used [0x00000007a5560000, 0x00000007a5560000, 0x00000007a6ab0000)
 concurrent mark-sweep generation total 393216K, used 0K [0x00000007a8000000, 0x00000007c0000000, 0x00000007c0000000)
 Metaspace       used 31728K, capacity 32178K, committed 32760K, reserved 1077248K
  class space    used 3842K, capacity 3988K, committed 4092K, reserved 1048576K
2016-10-23T22:00:13.428+0800: 32.395: [GC (Allocation Failure) 2016-10-23T22:00:13.428+0800: 32.395: [ParNew
Desired survivor size 20112992 bytes, new threshold 8 (max 8)
- age   1:    9583400 bytes,    9583400 total
- age   2:    1205672 bytes,   10789072 total
- age   3:     360232 bytes,   11149304 total
- age   4:        400 bytes,   11149704 total
- age   5:    1449672 bytes,   12599376 total
- age   6:    5188392 bytes,   17787768 total
: 99073K->21824K(109248K), 0.0132358 secs] 99073K->21824K(502464K), 0.0133227 secs] [Times: user=0.04 sys=0.00, real=0.02 secs] 
Heap after GC invocations=6 (full 1):
 par new generation   total 109248K, used 21824K [0x00000007a0000000, 0x00000007a8000000, 0x00000007a8000000)
  eden space 87424K,   0% used [0x00000007a0000000, 0x00000007a0000000, 0x00000007a5560000)
  from space 21824K, 100% used [0x00000007a5560000, 0x00000007a6ab0000, 0x00000007a6ab0000)
  to   space 21824K,   0% used [0x00000007a6ab0000, 0x00000007a6ab0000, 0x00000007a8000000)
 concurrent mark-sweep generation total 393216K, used 0K [0x00000007a8000000, 0x00000007c0000000, 0x00000007c0000000)
 Metaspace       used 31728K, capacity 32178K, committed 32760K, reserved 1077248K
  class space    used 3842K, capacity 3988K, committed 4092K, reserved 1048576K
}
2016-10-23T22:00:13.442+0800: 32.408: Total time for which application threads were stopped: 0.0135219 seconds, Stopping threads took: 0.0000306 seconds
2016-10-23T22:00:47.026+0800: 65.994: Total time for which application threads were stopped: 0.0001116 seconds, Stopping threads took: 0.0000312 seconds
2016-10-23T22:01:05.259+0800: 84.228: Total time for which application threads were stopped: 0.0001473 seconds, Stopping threads took: 0.0000224 seconds
2016-10-23T22:01:05.269+0800: 84.238: Total time for which application threads were stopped: 0.0000597 seconds, Stopping threads took: 0.0000142 seconds
2016-10-23T22:01:05.269+0800: 84.238: Total time for which application threads were stopped: 0.0000289 seconds, Stopping threads took: 0.0000057 seconds
2016-10-23T22:01:05.270+0800: 84.238: Total time for which application threads were stopped: 0.0000275 seconds, Stopping threads took: 0.0000055 seconds
2016-10-23T22:01:05.274+0800: 84.242: Total time for which application threads were stopped: 0.0000396 seconds, Stopping threads took: 0.0000091 seconds
2016-10-23T22:01:06.278+0800: 85.246: Total time for which application threads were stopped: 0.0001417 seconds, Stopping threads took: 0.0000776 seconds
2016-10-23T22:01:08.278+0800: 87.247: Total time for which application threads were stopped: 0.0001277 seconds, Stopping threads took: 0.0000737 seconds
2016-10-23T22:01:10.950+0800: 89.919: Total time for which application threads were stopped: 0.0000686 seconds, Stopping threads took: 0.0000252 seconds
2016-10-23T22:01:10.951+0800: 89.919: Total time for which application threads were stopped: 0.0000448 seconds, Stopping threads took: 0.0000084 seconds
2016-10-23T22:01:10.951+0800: 89.919: Total time for which application threads were stopped: 0.0000409 seconds, Stopping threads took: 0.0000063 seconds
2016-10-23T22:01:10.951+0800: 89.920: Total time for which application threads were stopped: 0.0000424 seconds, Stopping threads took: 0.0000075 seconds
2016-10-23T22:01:10.951+0800: 89.920: Total time for which application threads were stopped: 0.0000412 seconds, Stopping threads took: 0.0000068 seconds
2016-10-23T22:01:10.952+0800: 89.920: Total time for which application threads were stopped: 0.0000408 seconds, Stopping threads took: 0.0000067 seconds
2016-10-23T22:01:11.954+0800: 90.923: Total time for which application threads were stopped: 0.0002199 seconds, Stopping threads took: 0.0000530 seconds
2016-10-23T22:01:15.969+0800: 94.937: Total time for which application threads were stopped: 0.0002084 seconds, Stopping threads took: 0.0000552 seconds
2016-10-23T22:02:16.130+0800: 155.101: Total time for which application threads were stopped: 0.0002102 seconds, Stopping threads took: 0.0000571 seconds
2016-10-23T22:03:12.307+0800: 211.279: Total time for which application threads were stopped: 0.0002772 seconds, Stopping threads took: 0.0000645 seconds
2016-10-23T22:03:26.353+0800: 225.325: Total time for which application threads were stopped: 0.0001094 seconds, Stopping threads took: 0.0000300 seconds
2016-10-23T22:05:12.633+0800: 331.609: Total time for which application threads were stopped: 0.0002075 seconds, Stopping threads took: 0.0000588 seconds
2016-10-23T22:05:35.699+0800: 354.676: Total time for which application threads were stopped: 0.0001253 seconds, Stopping threads took: 0.0000343 seconds
2016-10-23T22:15:06.078+0800: 925.071: Total time for which application threads were stopped: 0.0001362 seconds, Stopping threads took: 0.0000204 seconds
2016-10-23T22:15:07.082+0800: 926.075: Total time for which application threads were stopped: 0.0001699 seconds, Stopping threads took: 0.0000587 seconds
2016-10-23T22:19:37.102+0800: 1196.103: Total time for which application threads were stopped: 0.0001833 seconds, Stopping threads took: 0.0000205 seconds
2016-10-23T22:21:19.685+0800: 1298.689: Total time for which application threads were stopped: 0.0000709 seconds, Stopping threads took: 0.0000215 seconds
2016-10-23T22:21:19.691+0800: 1298.695: Total time for which application threads were stopped: 0.0000695 seconds, Stopping threads took: 0.0000152 seconds
2016-10-23T22:21:19.710+0800: 1298.714: Total time for which application threads were stopped: 0.0001094 seconds, Stopping threads took: 0.0000199 seconds
2016-10-23T22:21:19.711+0800: 1298.714: Total time for which application threads were stopped: 0.0000593 seconds, Stopping threads took: 0.0000107 seconds
2016-10-23T22:21:19.712+0800: 1298.715: Total time for which application threads were stopped: 0.0000602 seconds, Stopping threads took: 0.0000115 seconds
2016-10-23T22:21:19.712+0800: 1298.715: Total time for which application threads were stopped: 0.0000437 seconds, Stopping threads took: 0.0000081 seconds
2016-10-23T22:21:19.712+0800: 1298.716: Total time for which application threads were stopped: 0.0000794 seconds, Stopping threads took: 0.0000451 seconds
2016-10-23T22:21:19.712+0800: 1298.716: Total time for which application threads were stopped: 0.0000759 seconds, Stopping threads took: 0.0000206 seconds
2016-10-23T22:21:19.712+0800: 1298.716: Total time for which application threads were stopped: 0.0000533 seconds, Stopping threads took: 0.0000173 seconds
2016-10-23T22:21:19.712+0800: 1298.716: Total time for which application threads were stopped: 0.0000558 seconds, Stopping threads took: 0.0000143 seconds
2016-10-23T22:21:19.712+0800: 1298.716: Total time for which application threads were stopped: 0.0000526 seconds, Stopping threads took: 0.0000171 seconds
2016-10-23T22:21:19.712+0800: 1298.716: Total time for which application threads were stopped: 0.0000591 seconds, Stopping threads took: 0.0000208 seconds
2016-10-23T22:21:19.712+0800: 1298.716: Total time for which application threads were stopped: 0.0000559 seconds, Stopping threads took: 0.0000244 seconds
2016-10-23T22:21:19.712+0800: 1298.716: Total time for which application threads were stopped: 0.0000544 seconds, Stopping threads took: 0.0000128 seconds
2016-10-23T22:21:19.713+0800: 1298.716: Total time for which application threads were stopped: 0.0000572 seconds, Stopping threads took: 0.0000217 seconds
2016-10-23T22:21:19.713+0800: 1298.716: Total time for which application threads were stopped: 0.0000474 seconds, Stopping threads took: 0.0000132 seconds
2016-10-23T22:21:19.713+0800: 1298.717: Total time for which application threads were stopped: 0.0000616 seconds, Stopping threads took: 0.0000071 seconds
2016-10-23T22:21:19.713+0800: 1298.717: Total time for which application threads were stopped: 0.0000627 seconds, Stopping threads took: 0.0000071 seconds
2016-10-23T22:21:19.713+0800: 1298.717: Total time for which application threads were stopped: 0.0000501 seconds, Stopping threads took: 0.0000069 seconds
2016-10-23T22:21:19.713+0800: 1298.717: Total time for which application threads were stopped: 0.0000670 seconds, Stopping threads took: 0.0000063 seconds
2016-10-23T22:21:19.713+0800: 1298.717: Total time for which application threads were stopped: 0.0000385 seconds, Stopping threads took: 0.0000064 seconds
2016-10-23T22:21:19.713+0800: 1298.717: Total time for which application threads were stopped: 0.0000424 seconds, Stopping threads took: 0.0000057 seconds
2016-10-23T22:21:19.713+0800: 1298.717: Total time for which application threads were stopped: 0.0000475 seconds, Stopping threads took: 0.0000066 seconds
2016-10-23T22:21:19.713+0800: 1298.717: Total time for which application threads were stopped: 0.0000389 seconds, Stopping threads took: 0.0000061 seconds
2016-10-23T22:21:19.713+0800: 1298.717: Total time for which application threads were stopped: 0.0001066 seconds, Stopping threads took: 0.0000068 seconds
2016-10-23T22:21:19.714+0800: 1298.717: Total time for which application threads were stopped: 0.0000328 seconds, Stopping threads took: 0.0000061 seconds
2016-10-23T22:21:19.715+0800: 1298.719: Total time for which application threads were stopped: 0.0000428 seconds, Stopping threads took: 0.0000075 seconds
2016-10-23T22:21:19.715+0800: 1298.719: Total time for which application threads were stopped: 0.0000312 seconds, Stopping threads took: 0.0000051 seconds
2016-10-23T22:21:19.715+0800: 1298.719: Total time for which application threads were stopped: 0.0000407 seconds, Stopping threads took: 0.0000075 seconds
2016-10-23T22:21:19.715+0800: 1298.719: Total time for which application threads were stopped: 0.0000341 seconds, Stopping threads took: 0.0000060 seconds
2016-10-23T22:21:19.716+0800: 1298.720: Total time for which application threads were stopped: 0.0000381 seconds, Stopping threads took: 0.0000061 seconds
2016-10-23T22:21:19.716+0800: 1298.720: Total time for which application threads were stopped: 0.0000387 seconds, Stopping threads took: 0.0000061 seconds
2016-10-23T22:21:19.716+0800: 1298.720: Total time for which application threads were stopped: 0.0000347 seconds, Stopping threads took: 0.0000058 seconds
2016-10-23T22:21:19.716+0800: 1298.720: Total time for which application threads were stopped: 0.0000408 seconds, Stopping threads took: 0.0000069 seconds
2016-10-23T22:21:19.717+0800: 1298.721: Total time for which application threads were stopped: 0.0000350 seconds, Stopping threads took: 0.0000054 seconds
2016-10-23T22:21:19.717+0800: 1298.721: Total time for which application threads were stopped: 0.0000301 seconds, Stopping threads took: 0.0000053 seconds
2016-10-23T22:21:19.717+0800: 1298.721: Total time for which application threads were stopped: 0.0000289 seconds, Stopping threads took: 0.0000052 seconds
2016-10-23T22:21:19.717+0800: 1298.721: Total time for which application threads were stopped: 0.0000294 seconds, Stopping threads took: 0.0000050 seconds
2016-10-23T22:21:19.718+0800: 1298.722: Total time for which application threads were stopped: 0.0000355 seconds, Stopping threads took: 0.0000058 seconds
2016-10-23T22:21:19.718+0800: 1298.722: Total time for which application threads were stopped: 0.0000297 seconds, Stopping threads took: 0.0000051 seconds
2016-10-23T22:21:19.718+0800: 1298.722: Total time for which application threads were stopped: 0.0000286 seconds, Stopping threads took: 0.0000050 seconds
2016-10-23T22:21:19.718+0800: 1298.722: Total time for which application threads were stopped: 0.0000382 seconds, Stopping threads took: 0.0000064 seconds
2016-10-23T22:21:19.745+0800: 1298.748: Total time for which application threads were stopped: 0.0004159 seconds, Stopping threads took: 0.0000170 seconds
2016-10-23T22:21:19.842+0800: 1298.846: Total time for which application threads were stopped: 0.0003821 seconds, Stopping threads took: 0.0000159 seconds
2016-10-23T22:21:19.922+0800: 1298.926: Total time for which application threads were stopped: 0.0001252 seconds, Stopping threads took: 0.0000176 seconds
2016-10-23T22:21:19.922+0800: 1298.926: Total time for which application threads were stopped: 0.0000569 seconds, Stopping threads took: 0.0000089 seconds
2016-10-23T22:21:19.922+0800: 1298.926: Total time for which application threads were stopped: 0.0000636 seconds, Stopping threads took: 0.0000091 seconds
2016-10-23T22:21:19.922+0800: 1298.926: Total time for which application threads were stopped: 0.0000584 seconds, Stopping threads took: 0.0000092 seconds
2016-10-23T22:21:19.923+0800: 1298.927: Total time for which application threads were stopped: 0.0000745 seconds, Stopping threads took: 0.0000131 seconds
2016-10-23T22:21:19.924+0800: 1298.927: Total time for which application threads were stopped: 0.0000916 seconds, Stopping threads took: 0.0000315 seconds
2016-10-23T22:21:19.924+0800: 1298.928: Total time for which application threads were stopped: 0.0000676 seconds, Stopping threads took: 0.0000099 seconds
2016-10-23T22:21:19.924+0800: 1298.928: Total time for which application threads were stopped: 0.0001150 seconds, Stopping threads took: 0.0000190 seconds
2016-10-23T22:21:19.924+0800: 1298.928: Total time for which application threads were stopped: 0.0000556 seconds, Stopping threads took: 0.0000091 seconds
2016-10-23T22:21:19.931+0800: 1298.935: Total time for which application threads were stopped: 0.0000862 seconds, Stopping threads took: 0.0000182 seconds
2016-10-23T22:21:19.931+0800: 1298.935: Total time for which application threads were stopped: 0.0000678 seconds, Stopping threads took: 0.0000142 seconds
2016-10-23T22:21:19.950+0800: 1298.953: Total time for which application threads were stopped: 0.0000818 seconds, Stopping threads took: 0.0000171 seconds
2016-10-23T22:21:19.950+0800: 1298.954: Total time for which application threads were stopped: 0.0000774 seconds, Stopping threads took: 0.0000123 seconds
2016-10-23T22:21:19.966+0800: 1298.970: Total time for which application threads were stopped: 0.0001237 seconds, Stopping threads took: 0.0000108 seconds
2016-10-23T22:21:19.966+0800: 1298.970: Total time for which application threads were stopped: 0.0000327 seconds, Stopping threads took: 0.0000048 seconds
2016-10-23T22:21:19.966+0800: 1298.970: Total time for which application threads were stopped: 0.0000417 seconds, Stopping threads took: 0.0000081 seconds
2016-10-23T22:21:19.966+0800: 1298.970: Total time for which application threads were stopped: 0.0000361 seconds, Stopping threads took: 0.0000061 seconds
2016-10-23T22:21:19.968+0800: 1298.972: Total time for which application threads were stopped: 0.0000388 seconds, Stopping threads took: 0.0000069 seconds
2016-10-23T22:21:19.968+0800: 1298.972: Total time for which application threads were stopped: 0.0000319 seconds, Stopping threads took: 0.0000057 seconds
2016-10-23T22:21:19.968+0800: 1298.972: Total time for which application threads were stopped: 0.0000345 seconds, Stopping threads took: 0.0000059 seconds
2016-10-23T22:21:20.023+0800: 1299.026: Total time for which application threads were stopped: 0.0000796 seconds, Stopping threads took: 0.0000121 seconds
2016-10-23T22:21:20.023+0800: 1299.026: Total time for which application threads were stopped: 0.0000382 seconds, Stopping threads took: 0.0000076 seconds
2016-10-23T22:21:21.023+0800: 1300.027: Total time for which application threads were stopped: 0.0001265 seconds, Stopping threads took: 0.0000270 seconds
2016-10-23T22:21:23.912+0800: 1302.916: Total time for which application threads were stopped: 0.0000707 seconds, Stopping threads took: 0.0000151 seconds
2016-10-23T22:21:23.915+0800: 1302.919: Total time for which application threads were stopped: 0.0000613 seconds, Stopping threads took: 0.0000119 seconds
2016-10-23T22:21:23.917+0800: 1302.921: Total time for which application threads were stopped: 0.0000666 seconds, Stopping threads took: 0.0000202 seconds
2016-10-23T22:21:23.917+0800: 1302.921: Total time for which application threads were stopped: 0.0000603 seconds, Stopping threads took: 0.0000165 seconds
2016-10-23T22:21:23.918+0800: 1302.922: Total time for which application threads were stopped: 0.0000360 seconds, Stopping threads took: 0.0000076 seconds
2016-10-23T22:21:23.918+0800: 1302.922: Total time for which application threads were stopped: 0.0000449 seconds, Stopping threads took: 0.0000063 seconds
2016-10-23T22:21:23.918+0800: 1302.922: Total time for which application threads were stopped: 0.0000324 seconds, Stopping threads took: 0.0000070 seconds
2016-10-23T22:21:23.918+0800: 1302.922: Total time for which application threads were stopped: 0.0000493 seconds, Stopping threads took: 0.0000089 seconds
2016-10-23T22:21:23.918+0800: 1302.922: Total time for which application threads were stopped: 0.0000316 seconds, Stopping threads took: 0.0000059 seconds
2016-10-23T22:21:23.918+0800: 1302.922: Total time for which application threads were stopped: 0.0000305 seconds, Stopping threads took: 0.0000058 seconds
2016-10-23T22:21:23.918+0800: 1302.922: Total time for which application threads were stopped: 0.0000413 seconds, Stopping threads took: 0.0000083 seconds
2016-10-23T22:21:23.918+0800: 1302.922: Total time for which application threads were stopped: 0.0000316 seconds, Stopping threads took: 0.0000060 seconds
2016-10-23T22:21:23.918+0800: 1302.922: Total time for which application threads were stopped: 0.0000413 seconds, Stopping threads took: 0.0000083 seconds
2016-10-23T22:21:23.919+0800: 1302.922: Total time for which application threads were stopped: 0.0000299 seconds, Stopping threads took: 0.0000059 seconds
2016-10-23T22:21:23.919+0800: 1302.923: Total time for which application threads were stopped: 0.0000412 seconds, Stopping threads took: 0.0000084 seconds
2016-10-23T22:21:23.919+0800: 1302.923: Total time for which application threads were stopped: 0.0000304 seconds, Stopping threads took: 0.0000061 seconds
2016-10-23T22:21:23.919+0800: 1302.923: Total time for which application threads were stopped: 0.0000295 seconds, Stopping threads took: 0.0000054 seconds
2016-10-23T22:21:23.919+0800: 1302.923: Total time for which application threads were stopped: 0.0000280 seconds, Stopping threads took: 0.0000055 seconds
2016-10-23T22:21:23.919+0800: 1302.923: Total time for which application threads were stopped: 0.0000273 seconds, Stopping threads took: 0.0000053 seconds
2016-10-23T22:21:23.919+0800: 1302.923: Total time for which application threads were stopped: 0.0000280 seconds, Stopping threads took: 0.0000058 seconds
2016-10-23T22:21:23.919+0800: 1302.923: Total time for which application threads were stopped: 0.0000392 seconds, Stopping threads took: 0.0000075 seconds
2016-10-23T22:21:23.919+0800: 1302.923: Total time for which application threads were stopped: 0.0000424 seconds, Stopping threads took: 0.0000083 seconds
2016-10-23T22:21:23.919+0800: 1302.923: Total time for which application threads were stopped: 0.0000296 seconds, Stopping threads took: 0.0000061 seconds
2016-10-23T22:21:23.919+0800: 1302.923: Total time for which application threads were stopped: 0.0000275 seconds, Stopping threads took: 0.0000053 seconds
2016-10-23T22:21:23.919+0800: 1302.923: Total time for which application threads were stopped: 0.0001043 seconds, Stopping threads took: 0.0000052 seconds
2016-10-23T22:21:23.919+0800: 1302.923: Total time for which application threads were stopped: 0.0000555 seconds, Stopping threads took: 0.0000200 seconds
2016-10-23T22:21:23.919+0800: 1302.923: Total time for which application threads were stopped: 0.0000419 seconds, Stopping threads took: 0.0000157 seconds
2016-10-23T22:21:23.920+0800: 1302.923: Total time for which application threads were stopped: 0.0000407 seconds, Stopping threads took: 0.0000144 seconds
2016-10-23T22:21:23.920+0800: 1302.924: Total time for which application threads were stopped: 0.0000380 seconds, Stopping threads took: 0.0000158 seconds
2016-10-23T22:21:23.923+0800: 1302.927: Total time for which application threads were stopped: 0.0000607 seconds, Stopping threads took: 0.0000179 seconds
2016-10-23T22:21:23.923+0800: 1302.927: Total time for which application threads were stopped: 0.0000465 seconds, Stopping threads took: 0.0000141 seconds
2016-10-23T22:21:23.923+0800: 1302.927: Total time for which application threads were stopped: 0.0000396 seconds, Stopping threads took: 0.0000144 seconds
2016-10-23T22:21:23.937+0800: 1302.941: Total time for which application threads were stopped: 0.0000803 seconds, Stopping threads took: 0.0000139 seconds
2016-10-23T22:21:24.941+0800: 1303.945: Total time for which application threads were stopped: 0.0001536 seconds, Stopping threads took: 0.0000302 seconds
2016-10-23T22:21:28.877+0800: 1307.881: Total time for which application threads were stopped: 0.0001129 seconds, Stopping threads took: 0.0000268 seconds
2016-10-23T22:21:28.917+0800: 1307.921: Total time for which application threads were stopped: 0.0001261 seconds, Stopping threads took: 0.0000385 seconds
2016-10-23T22:21:28.937+0800: 1307.941: Total time for which application threads were stopped: 0.0001242 seconds, Stopping threads took: 0.0000749 seconds
2016-10-23T22:21:28.937+0800: 1307.941: Total time for which application threads were stopped: 0.0000437 seconds, Stopping threads took: 0.0000077 seconds
2016-10-23T22:21:28.937+0800: 1307.941: Total time for which application threads were stopped: 0.0000457 seconds, Stopping threads took: 0.0000091 seconds
2016-10-23T22:21:28.937+0800: 1307.941: Total time for which application threads were stopped: 0.0000436 seconds, Stopping threads took: 0.0000085 seconds
2016-10-23T22:21:28.938+0800: 1307.942: Total time for which application threads were stopped: 0.0000847 seconds, Stopping threads took: 0.0000272 seconds
2016-10-23T22:21:28.938+0800: 1307.942: Total time for which application threads were stopped: 0.0000728 seconds, Stopping threads took: 0.0000225 seconds
2016-10-23T22:21:28.938+0800: 1307.942: Total time for which application threads were stopped: 0.0000820 seconds, Stopping threads took: 0.0000098 seconds
2016-10-23T22:21:28.938+0800: 1307.942: Total time for which application threads were stopped: 0.0000559 seconds, Stopping threads took: 0.0000244 seconds
2016-10-23T22:21:28.938+0800: 1307.942: Total time for which application threads were stopped: 0.0000957 seconds, Stopping threads took: 0.0000272 seconds
2016-10-23T22:21:28.938+0800: 1307.942: Total time for which application threads were stopped: 0.0000752 seconds, Stopping threads took: 0.0000279 seconds
2016-10-23T22:21:28.938+0800: 1307.942: Total time for which application threads were stopped: 0.0000937 seconds, Stopping threads took: 0.0000280 seconds
2016-10-23T22:21:28.939+0800: 1307.943: Total time for which application threads were stopped: 0.0000739 seconds, Stopping threads took: 0.0000138 seconds
2016-10-23T22:21:28.939+0800: 1307.943: Total time for which application threads were stopped: 0.0000390 seconds, Stopping threads took: 0.0000078 seconds
2016-10-23T22:21:28.939+0800: 1307.943: Total time for which application threads were stopped: 0.0000307 seconds, Stopping threads took: 0.0000058 seconds
2016-10-23T22:21:28.939+0800: 1307.943: Total time for which application threads were stopped: 0.0000932 seconds, Stopping threads took: 0.0000475 seconds
2016-10-23T22:21:28.939+0800: 1307.943: Total time for which application threads were stopped: 0.0000373 seconds, Stopping threads took: 0.0000088 seconds
2016-10-23T22:21:28.939+0800: 1307.943: Total time for which application threads were stopped: 0.0000453 seconds, Stopping threads took: 0.0000075 seconds
2016-10-23T22:21:28.939+0800: 1307.943: Total time for which application threads were stopped: 0.0000598 seconds, Stopping threads took: 0.0000090 seconds
2016-10-23T22:21:28.939+0800: 1307.943: Total time for which application threads were stopped: 0.0000369 seconds, Stopping threads took: 0.0000071 seconds
2016-10-23T22:21:28.939+0800: 1307.943: Total time for which application threads were stopped: 0.0000487 seconds, Stopping threads took: 0.0000087 seconds
2016-10-23T22:21:28.939+0800: 1307.944: Total time for which application threads were stopped: 0.0000529 seconds, Stopping threads took: 0.0000108 seconds
2016-10-23T22:21:28.940+0800: 1307.944: Total time for which application threads were stopped: 0.0001286 seconds, Stopping threads took: 0.0000087 seconds
2016-10-23T22:21:28.942+0800: 1307.946: Total time for which application threads were stopped: 0.0000979 seconds, Stopping threads took: 0.0000167 seconds
2016-10-23T22:21:29.946+0800: 1308.950: Total time for which application threads were stopped: 0.0001409 seconds, Stopping threads took: 0.0000272 seconds
2016-10-23T22:21:32.951+0800: 1311.955: Total time for which application threads were stopped: 0.0001556 seconds, Stopping threads took: 0.0000367 seconds
{Heap before GC invocations=6 (full 1):
 par new generation   total 109248K, used 109248K [0x00000007a0000000, 0x00000007a8000000, 0x00000007a8000000)
  eden space 87424K, 100% used [0x00000007a0000000, 0x00000007a5560000, 0x00000007a5560000)
  from space 21824K, 100% used [0x00000007a5560000, 0x00000007a6ab0000, 0x00000007a6ab0000)
  to   space 21824K,   0% used [0x00000007a6ab0000, 0x00000007a6ab0000, 0x00000007a8000000)
 concurrent mark-sweep generation total 393216K, used 0K [0x00000007a8000000, 0x00000007c0000000, 0x00000007c0000000)
 Metaspace       used 35905K, capacity 36458K, committed 36728K, reserved 1081344K
  class space    used 4310K, capacity 4472K, committed 4476K, reserved 1048576K
2016-10-23T22:21:33.379+0800: 1312.383: [GC (Allocation Failure) 2016-10-23T22:21:33.379+0800: 1312.383: [ParNew
Desired survivor size 20112992 bytes, new threshold 8 (max 8)
- age   1:    6030488 bytes,    6030488 total
- age   2:    5196704 bytes,   11227192 total
- age   3:    1197232 bytes,   12424424 total
- age   4:     353192 bytes,   12777616 total
- age   5:        336 bytes,   12777952 total
- age   6:    1438440 bytes,   14216392 total
- age   7:    5169992 bytes,   19386384 total
: 109248K->21824K(109248K), 0.0127744 secs] 109248K->21980K(502464K), 0.0128373 secs] [Times: user=0.04 sys=0.01, real=0.02 secs] 
Heap after GC invocations=7 (full 1):
 par new generation   total 109248K, used 21824K [0x00000007a0000000, 0x00000007a8000000, 0x00000007a8000000)
  eden space 87424K,   0% used [0x00000007a0000000, 0x00000007a0000000, 0x00000007a5560000)
  from space 21824K, 100% used [0x00000007a6ab0000, 0x00000007a8000000, 0x00000007a8000000)
  to   space 21824K,   0% used [0x00000007a5560000, 0x00000007a5560000, 0x00000007a6ab0000)
 concurrent mark-sweep generation total 393216K, used 156K [0x00000007a8000000, 0x00000007c0000000, 0x00000007c0000000)
 Metaspace       used 35905K, capacity 36458K, committed 36728K, reserved 1081344K
  class space    used 4310K, capacity 4472K, committed 4476K, reserved 1048576K
}
2016-10-23T22:21:33.392+0800: 1312.396: Total time for which application threads were stopped: 0.0130120 seconds, Stopping threads took: 0.0000150 seconds
2016-10-23T22:21:34.392+0800: 1313.396: Total time for which application threads were stopped: 0.0001434 seconds, Stopping threads took: 0.0000288 seconds
2016-10-23T22:21:40.986+0800: 1319.991: Total time for which application threads were stopped: 0.0000811 seconds, Stopping threads took: 0.0000159 seconds
2016-10-23T22:21:41.015+0800: 1320.020: Total time for which application threads were stopped: 0.0000873 seconds, Stopping threads took: 0.0000170 seconds
2016-10-23T22:21:41.035+0800: 1320.039: Total time for which application threads were stopped: 0.0001023 seconds, Stopping threads took: 0.0000307 seconds
2016-10-23T22:21:41.035+0800: 1320.039: Total time for which application threads were stopped: 0.0000701 seconds, Stopping threads took: 0.0000336 seconds
2016-10-23T22:21:41.035+0800: 1320.039: Total time for which application threads were stopped: 0.0000754 seconds, Stopping threads took: 0.0000420 seconds
2016-10-23T22:21:41.035+0800: 1320.040: Total time for which application threads were stopped: 0.0000537 seconds, Stopping threads took: 0.0000102 seconds
2016-10-23T22:21:41.035+0800: 1320.040: Total time for which application threads were stopped: 0.0000560 seconds, Stopping threads took: 0.0000245 seconds
2016-10-23T22:21:41.035+0800: 1320.040: Total time for which application threads were stopped: 0.0000514 seconds, Stopping threads took: 0.0000205 seconds
2016-10-23T22:21:41.035+0800: 1320.040: Total time for which application threads were stopped: 0.0000632 seconds, Stopping threads took: 0.0000234 seconds
2016-10-23T22:21:41.036+0800: 1320.040: Total time for which application threads were stopped: 0.0000557 seconds, Stopping threads took: 0.0000231 seconds
2016-10-23T22:21:41.036+0800: 1320.040: Total time for which application threads were stopped: 0.0000528 seconds, Stopping threads took: 0.0000241 seconds
2016-10-23T22:21:41.036+0800: 1320.040: Total time for which application threads were stopped: 0.0000533 seconds, Stopping threads took: 0.0000252 seconds
2016-10-23T22:21:41.036+0800: 1320.040: Total time for which application threads were stopped: 0.0000402 seconds, Stopping threads took: 0.0000075 seconds
2016-10-23T22:21:41.036+0800: 1320.040: Total time for which application threads were stopped: 0.0000721 seconds, Stopping threads took: 0.0000384 seconds
2016-10-23T22:21:41.036+0800: 1320.040: Total time for which application threads were stopped: 0.0000487 seconds, Stopping threads took: 0.0000200 seconds
2016-10-23T22:21:41.036+0800: 1320.041: Total time for which application threads were stopped: 0.0000792 seconds, Stopping threads took: 0.0000332 seconds
2016-10-23T22:21:41.036+0800: 1320.041: Total time for which application threads were stopped: 0.0000593 seconds, Stopping threads took: 0.0000259 seconds
2016-10-23T22:21:41.036+0800: 1320.041: Total time for which application threads were stopped: 0.0000545 seconds, Stopping threads took: 0.0000242 seconds
2016-10-23T22:21:41.036+0800: 1320.041: Total time for which application threads were stopped: 0.0000616 seconds, Stopping threads took: 0.0000344 seconds
2016-10-23T22:21:41.037+0800: 1320.041: Total time for which application threads were stopped: 0.0000460 seconds, Stopping threads took: 0.0000075 seconds
2016-10-23T22:21:41.037+0800: 1320.041: Total time for which application threads were stopped: 0.0000403 seconds, Stopping threads took: 0.0000106 seconds
2016-10-23T22:21:41.037+0800: 1320.041: Total time for which application threads were stopped: 0.0001166 seconds, Stopping threads took: 0.0000179 seconds
2016-10-23T22:21:42.039+0800: 1321.044: Total time for which application threads were stopped: 0.0001673 seconds, Stopping threads took: 0.0000305 seconds
2016-10-23T22:21:48.728+0800: 1327.733: Total time for which application threads were stopped: 0.0001877 seconds, Stopping threads took: 0.0000800 seconds
2016-10-23T22:21:48.728+0800: 1327.733: Total time for which application threads were stopped: 0.0000773 seconds, Stopping threads took: 0.0000197 seconds
2016-10-23T22:21:48.728+0800: 1327.733: Total time for which application threads were stopped: 0.0000429 seconds, Stopping threads took: 0.0000075 seconds
2016-10-23T22:21:48.729+0800: 1327.733: Total time for which application threads were stopped: 0.0000493 seconds, Stopping threads took: 0.0000071 seconds
2016-10-23T22:21:48.729+0800: 1327.733: Total time for which application threads were stopped: 0.0001168 seconds, Stopping threads took: 0.0000087 seconds
2016-10-23T22:21:48.736+0800: 1327.740: Total time for which application threads were stopped: 0.0000726 seconds, Stopping threads took: 0.0000137 seconds
2016-10-23T22:21:48.736+0800: 1327.740: Total time for which application threads were stopped: 0.0000665 seconds, Stopping threads took: 0.0000077 seconds
2016-10-23T22:21:48.741+0800: 1327.746: Total time for which application threads were stopped: 0.0001205 seconds, Stopping threads took: 0.0000338 seconds
2016-10-23T22:21:48.741+0800: 1327.746: Total time for which application threads were stopped: 0.0000650 seconds, Stopping threads took: 0.0000116 seconds
2016-10-23T22:21:49.746+0800: 1328.751: Total time for which application threads were stopped: 0.0001368 seconds, Stopping threads took: 0.0000397 seconds
2016-10-23T22:21:51.752+0800: 1330.756: Total time for which application threads were stopped: 0.0001287 seconds, Stopping threads took: 0.0000310 seconds
2016-10-23T22:21:54.076+0800: 1333.080: Total time for which application threads were stopped: 0.0001075 seconds, Stopping threads took: 0.0000196 seconds
2016-10-23T22:21:54.077+0800: 1333.081: Total time for which application threads were stopped: 0.0001055 seconds, Stopping threads took: 0.0000283 seconds
2016-10-23T22:21:54.077+0800: 1333.081: Total time for which application threads were stopped: 0.0000939 seconds, Stopping threads took: 0.0000366 seconds
2016-10-23T22:21:54.077+0800: 1333.082: Total time for which application threads were stopped: 0.0000715 seconds, Stopping threads took: 0.0000323 seconds
2016-10-23T22:21:54.077+0800: 1333.082: Total time for which application threads were stopped: 0.0000813 seconds, Stopping threads took: 0.0000448 seconds
2016-10-23T22:21:54.077+0800: 1333.082: Total time for which application threads were stopped: 0.0000825 seconds, Stopping threads took: 0.0000450 seconds
2016-10-23T22:21:54.077+0800: 1333.082: Total time for which application threads were stopped: 0.0000986 seconds, Stopping threads took: 0.0000565 seconds
2016-10-23T22:21:54.077+0800: 1333.082: Total time for which application threads were stopped: 0.0000733 seconds, Stopping threads took: 0.0000209 seconds
2016-10-23T22:21:54.078+0800: 1333.082: Total time for which application threads were stopped: 0.0000592 seconds, Stopping threads took: 0.0000226 seconds
2016-10-23T22:21:54.078+0800: 1333.083: Total time for which application threads were stopped: 0.0000717 seconds, Stopping threads took: 0.0000258 seconds
2016-10-23T22:21:54.078+0800: 1333.083: Total time for which application threads were stopped: 0.0000724 seconds, Stopping threads took: 0.0000285 seconds
2016-10-23T22:21:54.081+0800: 1333.086: Total time for which application threads were stopped: 0.0004512 seconds, Stopping threads took: 0.0000254 seconds
2016-10-23T22:21:54.083+0800: 1333.088: Total time for which application threads were stopped: 0.0001030 seconds, Stopping threads took: 0.0000359 seconds
2016-10-23T22:21:54.083+0800: 1333.088: Total time for which application threads were stopped: 0.0000771 seconds, Stopping threads took: 0.0000319 seconds
2016-10-23T22:21:54.095+0800: 1333.100: Total time for which application threads were stopped: 0.0001927 seconds, Stopping threads took: 0.0000579 seconds
2016-10-23T22:21:54.095+0800: 1333.100: Total time for which application threads were stopped: 0.0001348 seconds, Stopping threads took: 0.0000509 seconds
2016-10-23T22:21:55.097+0800: 1334.102: Total time for which application threads were stopped: 0.0001532 seconds, Stopping threads took: 0.0000342 seconds
2016-10-23T22:22:07.130+0800: 1346.135: Total time for which application threads were stopped: 0.0001501 seconds, Stopping threads took: 0.0000258 seconds
2016-10-23T22:22:08.135+0800: 1347.140: Total time for which application threads were stopped: 0.0002242 seconds, Stopping threads took: 0.0000548 seconds
2016-10-23T22:22:13.870+0800: 1352.876: Total time for which application threads were stopped: 0.0001114 seconds, Stopping threads took: 0.0000503 seconds
2016-10-23T22:22:13.870+0800: 1352.876: Total time for which application threads were stopped: 0.0000808 seconds, Stopping threads took: 0.0000256 seconds
2016-10-23T22:22:13.871+0800: 1352.876: Total time for which application threads were stopped: 0.0001068 seconds, Stopping threads took: 0.0000610 seconds
2016-10-23T22:22:13.871+0800: 1352.876: Total time for which application threads were stopped: 0.0000564 seconds, Stopping threads took: 0.0000222 seconds
2016-10-23T22:22:13.873+0800: 1352.878: Total time for which application threads were stopped: 0.0003896 seconds, Stopping threads took: 0.0002939 seconds
2016-10-23T22:22:13.879+0800: 1352.884: Total time for which application threads were stopped: 0.0001178 seconds, Stopping threads took: 0.0000336 seconds
2016-10-23T22:22:13.880+0800: 1352.885: Total time for which application threads were stopped: 0.0001172 seconds, Stopping threads took: 0.0000410 seconds
2016-10-23T22:22:13.887+0800: 1352.892: Total time for which application threads were stopped: 0.0000876 seconds, Stopping threads took: 0.0000355 seconds
2016-10-23T22:22:13.887+0800: 1352.892: Total time for which application threads were stopped: 0.0000601 seconds, Stopping threads took: 0.0000259 seconds
2016-10-23T22:22:14.891+0800: 1353.896: Total time for which application threads were stopped: 0.0001730 seconds, Stopping threads took: 0.0000483 seconds
2016-10-23T22:22:21.156+0800: 1360.161: Total time for which application threads were stopped: 0.0001350 seconds, Stopping threads took: 0.0000369 seconds
2016-10-23T22:22:21.156+0800: 1360.161: Total time for which application threads were stopped: 0.0000661 seconds, Stopping threads took: 0.0000102 seconds
2016-10-23T22:22:21.163+0800: 1360.169: Total time for which application threads were stopped: 0.0000588 seconds, Stopping threads took: 0.0000113 seconds
2016-10-23T22:22:21.163+0800: 1360.169: Total time for which application threads were stopped: 0.0000503 seconds, Stopping threads took: 0.0000091 seconds
2016-10-23T22:22:22.164+0800: 1361.169: Total time for which application threads were stopped: 0.0001379 seconds, Stopping threads took: 0.0000344 seconds
2016-10-23T22:22:44.718+0800: 1383.724: Total time for which application threads were stopped: 0.0000678 seconds, Stopping threads took: 0.0000157 seconds
2016-10-23T22:22:44.748+0800: 1383.754: Total time for which application threads were stopped: 0.0000823 seconds, Stopping threads took: 0.0000139 seconds
2016-10-23T22:22:44.748+0800: 1383.754: Total time for which application threads were stopped: 0.0000335 seconds, Stopping threads took: 0.0000074 seconds
2016-10-23T22:22:44.748+0800: 1383.754: Total time for which application threads were stopped: 0.0000316 seconds, Stopping threads took: 0.0000069 seconds
2016-10-23T22:22:44.749+0800: 1383.755: Total time for which application threads were stopped: 0.0000327 seconds, Stopping threads took: 0.0000074 seconds
2016-10-23T22:22:44.749+0800: 1383.756: Total time for which application threads were stopped: 0.0000547 seconds, Stopping threads took: 0.0000224 seconds
2016-10-23T22:22:44.750+0800: 1383.756: Total time for which application threads were stopped: 0.0000349 seconds, Stopping threads took: 0.0000082 seconds
2016-10-23T22:22:44.751+0800: 1383.757: Total time for which application threads were stopped: 0.0000608 seconds, Stopping threads took: 0.0000242 seconds
2016-10-23T22:22:45.756+0800: 1384.762: Total time for which application threads were stopped: 0.0002213 seconds, Stopping threads took: 0.0000531 seconds
2016-10-23T22:22:46.756+0800: 1385.762: Total time for which application threads were stopped: 0.0001319 seconds, Stopping threads took: 0.0000316 seconds
2016-10-23T22:22:54.436+0800: 1393.443: Total time for which application threads were stopped: 0.0001023 seconds, Stopping threads took: 0.0000371 seconds
2016-10-23T22:22:54.436+0800: 1393.443: Total time for which application threads were stopped: 0.0000742 seconds, Stopping threads took: 0.0000081 seconds
2016-10-23T22:22:54.441+0800: 1393.448: Total time for which application threads were stopped: 0.0000939 seconds, Stopping threads took: 0.0000477 seconds
2016-10-23T22:22:54.441+0800: 1393.448: Total time for which application threads were stopped: 0.0000531 seconds, Stopping threads took: 0.0000203 seconds
2016-10-23T22:22:55.442+0800: 1394.449: Total time for which application threads were stopped: 0.0001607 seconds, Stopping threads took: 0.0000362 seconds
2016-10-23T22:22:58.443+0800: 1397.450: Total time for which application threads were stopped: 0.0001093 seconds, Stopping threads took: 0.0000246 seconds
2016-10-23T22:23:01.453+0800: 1400.460: Total time for which application threads were stopped: 0.0000894 seconds, Stopping threads took: 0.0000226 seconds
2016-10-23T22:23:44.546+0800: 1443.554: Total time for which application threads were stopped: 0.0002342 seconds, Stopping threads took: 0.0000607 seconds
2016-10-23T22:23:54.444+0800: 1453.453: Total time for which application threads were stopped: 0.0001191 seconds, Stopping threads took: 0.0000289 seconds
2016-10-23T22:24:12.699+0800: 1471.708: Total time for which application threads were stopped: 0.0000841 seconds, Stopping threads took: 0.0000143 seconds
2016-10-23T22:24:12.699+0800: 1471.708: Total time for which application threads were stopped: 0.0000549 seconds, Stopping threads took: 0.0000052 seconds
2016-10-23T22:24:12.704+0800: 1471.713: Total time for which application threads were stopped: 0.0000762 seconds, Stopping threads took: 0.0000274 seconds
2016-10-23T22:24:12.704+0800: 1471.713: Total time for which application threads were stopped: 0.0000508 seconds, Stopping threads took: 0.0000190 seconds
2016-10-23T22:24:13.706+0800: 1472.715: Total time for which application threads were stopped: 0.0001338 seconds, Stopping threads took: 0.0000327 seconds
2016-10-23T22:24:16.518+0800: 1475.527: Total time for which application threads were stopped: 0.0000902 seconds, Stopping threads took: 0.0000174 seconds
2016-10-23T22:24:16.525+0800: 1475.534: Total time for which application threads were stopped: 0.0000659 seconds, Stopping threads took: 0.0000150 seconds
2016-10-23T22:24:17.525+0800: 1476.535: Total time for which application threads were stopped: 0.0000803 seconds, Stopping threads took: 0.0000207 seconds
2016-10-23T22:24:18.089+0800: 1477.098: Total time for which application threads were stopped: 0.0000948 seconds, Stopping threads took: 0.0000329 seconds
2016-10-23T22:24:18.089+0800: 1477.098: Total time for which application threads were stopped: 0.0000741 seconds, Stopping threads took: 0.0000364 seconds
2016-10-23T22:24:18.095+0800: 1477.104: Total time for which application threads were stopped: 0.0001709 seconds, Stopping threads took: 0.0000288 seconds
2016-10-23T22:24:18.095+0800: 1477.104: Total time for which application threads were stopped: 0.0001165 seconds, Stopping threads took: 0.0000317 seconds
2016-10-23T22:24:18.095+0800: 1477.105: Total time for which application threads were stopped: 0.0001416 seconds, Stopping threads took: 0.0000260 seconds
2016-10-23T22:24:21.520+0800: 1480.529: Total time for which application threads were stopped: 0.0000818 seconds, Stopping threads took: 0.0000164 seconds
2016-10-23T22:24:21.520+0800: 1480.529: Total time for which application threads were stopped: 0.0000388 seconds, Stopping threads took: 0.0000070 seconds
2016-10-23T22:24:21.525+0800: 1480.534: Total time for which application threads were stopped: 0.0000869 seconds, Stopping threads took: 0.0000303 seconds
2016-10-23T22:24:21.525+0800: 1480.534: Total time for which application threads were stopped: 0.0000692 seconds, Stopping threads took: 0.0000264 seconds
2016-10-23T22:24:22.526+0800: 1481.535: Total time for which application threads were stopped: 0.0001204 seconds, Stopping threads took: 0.0000327 seconds
2016-10-23T22:24:33.385+0800: 1492.395: Total time for which application threads were stopped: 0.0001199 seconds, Stopping threads took: 0.0000361 seconds
2016-10-23T22:24:33.386+0800: 1492.395: Total time for which application threads were stopped: 0.0000822 seconds, Stopping threads took: 0.0000198 seconds
2016-10-23T22:24:33.391+0800: 1492.400: Total time for which application threads were stopped: 0.0000823 seconds, Stopping threads took: 0.0000140 seconds
2016-10-23T22:24:33.391+0800: 1492.400: Total time for which application threads were stopped: 0.0000559 seconds, Stopping threads took: 0.0000084 seconds
2016-10-23T22:24:38.408+0800: 1497.418: Total time for which application threads were stopped: 0.0001493 seconds, Stopping threads took: 0.0000343 seconds
2016-10-23T22:25:06.481+0800: 1525.491: Total time for which application threads were stopped: 0.0002511 seconds, Stopping threads took: 0.0000572 seconds
2016-10-23T22:25:07.484+0800: 1526.495: Total time for which application threads were stopped: 0.0000922 seconds, Stopping threads took: 0.0000210 seconds
2016-10-23T22:25:18.511+0800: 1537.522: Total time for which application threads were stopped: 0.0001004 seconds, Stopping threads took: 0.0000194 seconds
2016-10-23T22:25:20.516+0800: 1539.527: Total time for which application threads were stopped: 0.0001143 seconds, Stopping threads took: 0.0000285 seconds
2016-10-23T22:25:21.911+0800: 1540.922: Total time for which application threads were stopped: 0.0001827 seconds, Stopping threads took: 0.0000811 seconds
2016-10-23T22:25:21.911+0800: 1540.922: Total time for which application threads were stopped: 0.0001622 seconds, Stopping threads took: 0.0001057 seconds
2016-10-23T22:25:21.917+0800: 1540.928: Total time for which application threads were stopped: 0.0000643 seconds, Stopping threads took: 0.0000120 seconds
2016-10-23T22:25:21.917+0800: 1540.928: Total time for which application threads were stopped: 0.0000634 seconds, Stopping threads took: 0.0000287 seconds
2016-10-23T22:25:22.923+0800: 1541.934: Total time for which application threads were stopped: 0.0002228 seconds, Stopping threads took: 0.0000523 seconds
2016-10-23T22:25:23.460+0800: 1542.471: Total time for which application threads were stopped: 0.0001028 seconds, Stopping threads took: 0.0000263 seconds
2016-10-23T22:25:23.461+0800: 1542.472: Total time for which application threads were stopped: 0.0000539 seconds, Stopping threads took: 0.0000101 seconds
2016-10-23T22:25:23.466+0800: 1542.477: Total time for which application threads were stopped: 0.0000709 seconds, Stopping threads took: 0.0000130 seconds
2016-10-23T22:25:23.466+0800: 1542.477: Total time for which application threads were stopped: 0.0000902 seconds, Stopping threads took: 0.0000422 seconds
2016-10-23T22:25:24.466+0800: 1543.477: Total time for which application threads were stopped: 0.0000793 seconds, Stopping threads took: 0.0000194 seconds
2016-10-23T22:25:36.483+0800: 1555.494: Total time for which application threads were stopped: 0.0001114 seconds, Stopping threads took: 0.0000210 seconds
2016-10-23T22:25:37.485+0800: 1556.496: Total time for which application threads were stopped: 0.0002118 seconds, Stopping threads took: 0.0000531 seconds
2016-10-23T22:25:49.902+0800: 1568.914: Total time for which application threads were stopped: 0.0001215 seconds, Stopping threads took: 0.0000327 seconds
2016-10-23T22:25:49.907+0800: 1568.919: Total time for which application threads were stopped: 0.0000970 seconds, Stopping threads took: 0.0000238 seconds
2016-10-23T22:25:49.907+0800: 1568.919: Total time for which application threads were stopped: 0.0000928 seconds, Stopping threads took: 0.0000258 seconds
2016-10-23T22:25:49.913+0800: 1568.925: Total time for which application threads were stopped: 0.0000827 seconds, Stopping threads took: 0.0000264 seconds
2016-10-23T22:25:49.913+0800: 1568.925: Total time for which application threads were stopped: 0.0000701 seconds, Stopping threads took: 0.0000208 seconds
2016-10-23T22:25:50.914+0800: 1569.925: Total time for which application threads were stopped: 0.0001203 seconds, Stopping threads took: 0.0000288 seconds
2016-10-23T22:26:00.392+0800: 1579.404: Total time for which application threads were stopped: 0.0000763 seconds, Stopping threads took: 0.0000149 seconds
2016-10-23T22:26:00.392+0800: 1579.404: Total time for which application threads were stopped: 0.0000563 seconds, Stopping threads took: 0.0000057 seconds
2016-10-23T22:26:00.397+0800: 1579.409: Total time for which application threads were stopped: 0.0000648 seconds, Stopping threads took: 0.0000120 seconds
2016-10-23T22:26:00.397+0800: 1579.409: Total time for which application threads were stopped: 0.0000884 seconds, Stopping threads took: 0.0000275 seconds
2016-10-23T22:26:06.399+0800: 1585.411: Total time for which application threads were stopped: 0.0001054 seconds, Stopping threads took: 0.0000323 seconds
2016-10-23T22:26:07.138+0800: 1586.150: Total time for which application threads were stopped: 0.0001023 seconds, Stopping threads took: 0.0000329 seconds
2016-10-23T22:26:07.138+0800: 1586.150: Total time for which application threads were stopped: 0.0000610 seconds, Stopping threads took: 0.0000211 seconds
2016-10-23T22:26:07.143+0800: 1586.155: Total time for which application threads were stopped: 0.0001078 seconds, Stopping threads took: 0.0000261 seconds
2016-10-23T22:26:07.143+0800: 1586.155: Total time for which application threads were stopped: 0.0000656 seconds, Stopping threads took: 0.0000251 seconds
2016-10-23T22:26:24.190+0800: 1603.203: Total time for which application threads were stopped: 0.0001037 seconds, Stopping threads took: 0.0000211 seconds
2016-10-23T22:26:26.197+0800: 1605.210: Total time for which application threads were stopped: 0.0001269 seconds, Stopping threads took: 0.0000305 seconds
2016-10-23T22:26:26.681+0800: 1605.693: Total time for which application threads were stopped: 0.0000839 seconds, Stopping threads took: 0.0000145 seconds
2016-10-23T22:26:26.681+0800: 1605.694: Total time for which application threads were stopped: 0.0000660 seconds, Stopping threads took: 0.0000216 seconds
2016-10-23T22:26:26.687+0800: 1605.700: Total time for which application threads were stopped: 0.0001219 seconds, Stopping threads took: 0.0000295 seconds
2016-10-23T22:26:26.687+0800: 1605.700: Total time for which application threads were stopped: 0.0001002 seconds, Stopping threads took: 0.0000266 seconds
2016-10-23T22:26:36.702+0800: 1615.715: Total time for which application threads were stopped: 0.0001284 seconds, Stopping threads took: 0.0000315 seconds
2016-10-23T22:26:41.509+0800: 1620.522: Total time for which application threads were stopped: 0.0001130 seconds, Stopping threads took: 0.0000384 seconds
2016-10-23T22:26:41.516+0800: 1620.529: Total time for which application threads were stopped: 0.0000794 seconds, Stopping threads took: 0.0000283 seconds
2016-10-23T22:26:41.516+0800: 1620.529: Total time for which application threads were stopped: 0.0001109 seconds, Stopping threads took: 0.0000623 seconds
2016-10-23T22:26:41.521+0800: 1620.535: Total time for which application threads were stopped: 0.0000830 seconds, Stopping threads took: 0.0000286 seconds
2016-10-23T22:26:41.521+0800: 1620.535: Total time for which application threads were stopped: 0.0000441 seconds, Stopping threads took: 0.0000100 seconds
{Heap before GC invocations=7 (full 1):
 par new generation   total 109248K, used 109248K [0x00000007a0000000, 0x00000007a8000000, 0x00000007a8000000)
  eden space 87424K, 100% used [0x00000007a0000000, 0x00000007a5560000, 0x00000007a5560000)
  from space 21824K, 100% used [0x00000007a6ab0000, 0x00000007a8000000, 0x00000007a8000000)
  to   space 21824K,   0% used [0x00000007a5560000, 0x00000007a5560000, 0x00000007a6ab0000)
 concurrent mark-sweep generation total 393216K, used 156K [0x00000007a8000000, 0x00000007c0000000, 0x00000007c0000000)
 Metaspace       used 37207K, capacity 37942K, committed 38264K, reserved 1083392K
  class space    used 4394K, capacity 4614K, committed 4732K, reserved 1048576K
2016-10-23T22:26:58.805+0800: 1637.819: [GC (Allocation Failure) 2016-10-23T22:26:58.805+0800: 1637.819: [ParNew
Desired survivor size 20112992 bytes, new threshold 8 (max 8)
- age   1:    1487368 bytes,    1487368 total
- age   2:    1099808 bytes,    2587176 total
- age   3:    5089024 bytes,    7676200 total
- age   4:     770504 bytes,    8446704 total
- age   5:     275248 bytes,    8721952 total
- age   6:        336 bytes,    8722288 total
- age   7:    1368024 bytes,   10090312 total
- age   8:    4756152 bytes,   14846464 total
: 109248K->21824K(109248K), 0.0118359 secs] 109404K->21980K(502464K), 0.0118969 secs] [Times: user=0.04 sys=0.00, real=0.01 secs] 
Heap after GC invocations=8 (full 1):
 par new generation   total 109248K, used 21824K [0x00000007a0000000, 0x00000007a8000000, 0x00000007a8000000)
  eden space 87424K,   0% used [0x00000007a0000000, 0x00000007a0000000, 0x00000007a5560000)
  from space 21824K, 100% used [0x00000007a5560000, 0x00000007a6ab0000, 0x00000007a6ab0000)
  to   space 21824K,   0% used [0x00000007a6ab0000, 0x00000007a6ab0000, 0x00000007a8000000)
 concurrent mark-sweep generation total 393216K, used 156K [0x00000007a8000000, 0x00000007c0000000, 0x00000007c0000000)
 Metaspace       used 37207K, capacity 37942K, committed 38264K, reserved 1083392K
  class space    used 4394K, capacity 4614K, committed 4732K, reserved 1048576K
}
2016-10-23T22:26:58.817+0800: 1637.831: Total time for which application threads were stopped: 0.0120795 seconds, Stopping threads took: 0.0000164 seconds
2016-10-23T22:26:59.820+0800: 1638.834: Total time for which application threads were stopped: 0.0002294 seconds, Stopping threads took: 0.0000532 seconds
2016-10-23T22:27:00.821+0800: 1639.835: Total time for which application threads were stopped: 0.0001373 seconds, Stopping threads took: 0.0000291 seconds
2016-10-23T22:27:11.850+0800: 1650.864: Total time for which application threads were stopped: 0.0002857 seconds, Stopping threads took: 0.0000566 seconds
2016-10-23T22:27:13.852+0800: 1652.867: Total time for which application threads were stopped: 0.0001192 seconds, Stopping threads took: 0.0000223 seconds
2016-10-23T22:27:24.872+0800: 1663.887: Total time for which application threads were stopped: 0.0002381 seconds, Stopping threads took: 0.0000513 seconds
2016-10-23T22:27:25.877+0800: 1664.892: Total time for which application threads were stopped: 0.0002244 seconds, Stopping threads took: 0.0000564 seconds
2016-10-23T22:27:35.896+0800: 1674.911: Total time for which application threads were stopped: 0.0001493 seconds, Stopping threads took: 0.0000326 seconds
2016-10-23T22:27:36.899+0800: 1675.914: Total time for which application threads were stopped: 0.0000907 seconds, Stopping threads took: 0.0000219 seconds
2016-10-23T22:27:41.525+0800: 1680.540: Total time for which application threads were stopped: 0.0001411 seconds, Stopping threads took: 0.0000337 seconds
2016-10-23T22:27:46.534+0800: 1685.549: Total time for which application threads were stopped: 0.0001503 seconds, Stopping threads took: 0.0000347 seconds
2016-10-23T22:27:48.541+0800: 1687.556: Total time for which application threads were stopped: 0.0002251 seconds, Stopping threads took: 0.0000554 seconds
2016-10-23T22:27:56.561+0800: 1695.576: Total time for which application threads were stopped: 0.0001351 seconds, Stopping threads took: 0.0000363 seconds
2016-10-23T22:28:04.574+0800: 1703.590: Total time for which application threads were stopped: 0.0000905 seconds, Stopping threads took: 0.0000217 seconds
2016-10-23T22:28:05.577+0800: 1704.593: Total time for which application threads were stopped: 0.0001446 seconds, Stopping threads took: 0.0000355 seconds
2016-10-23T22:28:19.613+0800: 1718.629: Total time for which application threads were stopped: 0.0001291 seconds, Stopping threads took: 0.0000298 seconds
2016-10-23T22:28:30.637+0800: 1729.653: Total time for which application threads were stopped: 0.0002174 seconds, Stopping threads took: 0.0000535 seconds
2016-10-23T22:28:31.640+0800: 1730.656: Total time for which application threads were stopped: 0.0001060 seconds, Stopping threads took: 0.0000269 seconds
2016-10-23T22:28:42.658+0800: 1741.674: Total time for which application threads were stopped: 0.0001203 seconds, Stopping threads took: 0.0000288 seconds
2016-10-23T22:28:43.661+0800: 1742.678: Total time for which application threads were stopped: 0.0005748 seconds, Stopping threads took: 0.0001004 seconds
2016-10-23T22:28:44.661+0800: 1743.678: Total time for which application threads were stopped: 0.0001244 seconds, Stopping threads took: 0.0000280 seconds
{Heap before GC invocations=8 (full 1):
 par new generation   total 109248K, used 109244K [0x00000007a0000000, 0x00000007a8000000, 0x00000007a8000000)
  eden space 87424K,  99% used [0x00000007a0000000, 0x00000007a555f0e0, 0x00000007a5560000)
  from space 21824K, 100% used [0x00000007a5560000, 0x00000007a6ab0000, 0x00000007a6ab0000)
  to   space 21824K,   0% used [0x00000007a6ab0000, 0x00000007a6ab0000, 0x00000007a8000000)
 concurrent mark-sweep generation total 393216K, used 156K [0x00000007a8000000, 0x00000007c0000000, 0x00000007c0000000)
 Metaspace       used 37468K, capacity 38172K, committed 38520K, reserved 1083392K
  class space    used 4402K, capacity 4629K, committed 4732K, reserved 1048576K
2016-10-23T22:29:01.542+0800: 1760.559: [GC (Allocation Failure) 2016-10-23T22:29:01.542+0800: 1760.559: [ParNew
Desired survivor size 20112992 bytes, new threshold 8 (max 8)
- age   1:     522960 bytes,     522960 total
- age   2:     487248 bytes,    1010208 total
- age   3:    1099400 bytes,    2109608 total
- age   4:    5088728 bytes,    7198336 total
- age   5:     768976 bytes,    7967312 total
- age   6:     275248 bytes,    8242560 total
- age   7:        336 bytes,    8242896 total
- age   8:    1367816 bytes,    9610712 total
: 109244K->12246K(109248K), 0.0278893 secs] 109400K->17513K(502464K), 0.0279336 secs] [Times: user=0.08 sys=0.01, real=0.03 secs] 
Heap after GC invocations=9 (full 1):
 par new generation   total 109248K, used 12246K [0x00000007a0000000, 0x00000007a8000000, 0x00000007a8000000)
  eden space 87424K,   0% used [0x00000007a0000000, 0x00000007a0000000, 0x00000007a5560000)
  from space 21824K,  56% used [0x00000007a6ab0000, 0x00000007a76a58e0, 0x00000007a8000000)
  to   space 21824K,   0% used [0x00000007a5560000, 0x00000007a5560000, 0x00000007a6ab0000)
 concurrent mark-sweep generation total 393216K, used 5267K [0x00000007a8000000, 0x00000007c0000000, 0x00000007c0000000)
 Metaspace       used 37468K, capacity 38172K, committed 38520K, reserved 1083392K
  class space    used 4402K, capacity 4629K, committed 4732K, reserved 1048576K
}
2016-10-23T22:29:01.570+0800: 1760.587: Total time for which application threads were stopped: 0.0281233 seconds, Stopping threads took: 0.0000168 seconds
2016-10-23T22:29:02.570+0800: 1761.588: Total time for which application threads were stopped: 0.0001407 seconds, Stopping threads took: 0.0000357 seconds
2016-10-23T22:29:03.572+0800: 1762.590: Total time for which application threads were stopped: 0.0001191 seconds, Stopping threads took: 0.0000421 seconds
2016-10-23T22:29:09.588+0800: 1768.606: Total time for which application threads were stopped: 0.0002327 seconds, Stopping threads took: 0.0000587 seconds
2016-10-23T22:29:10.589+0800: 1769.607: Total time for which application threads were stopped: 0.0002344 seconds, Stopping threads took: 0.0001375 seconds
2016-10-23T22:29:11.589+0800: 1770.607: Total time for which application threads were stopped: 0.0000813 seconds, Stopping threads took: 0.0000200 seconds
2016-10-23T22:29:16.597+0800: 1775.615: Total time for which application threads were stopped: 0.0002519 seconds, Stopping threads took: 0.0000660 seconds
2016-10-23T22:29:25.612+0800: 1784.630: Total time for which application threads were stopped: 0.0001386 seconds, Stopping threads took: 0.0000360 seconds
2016-10-23T22:29:31.618+0800: 1790.636: Total time for which application threads were stopped: 0.0001336 seconds, Stopping threads took: 0.0000313 seconds
2016-10-23T22:29:32.621+0800: 1791.639: Total time for which application threads were stopped: 0.0001212 seconds, Stopping threads took: 0.0000333 seconds
2016-10-23T22:29:39.641+0800: 1798.659: Total time for which application threads were stopped: 0.0000953 seconds, Stopping threads took: 0.0000249 seconds
2016-10-23T22:29:41.645+0800: 1800.663: Total time for which application threads were stopped: 0.0001633 seconds, Stopping threads took: 0.0000272 seconds
2016-10-23T22:29:56.684+0800: 1815.703: Total time for which application threads were stopped: 0.0001316 seconds, Stopping threads took: 0.0000335 seconds
2016-10-23T22:29:57.685+0800: 1816.704: Total time for which application threads were stopped: 0.0001497 seconds, Stopping threads took: 0.0000347 seconds
2016-10-23T22:29:58.725+0800: 1817.744: Total time for which application threads were stopped: 0.0001170 seconds, Stopping threads took: 0.0000370 seconds
2016-10-23T22:29:58.725+0800: 1817.744: Total time for which application threads were stopped: 0.0000653 seconds, Stopping threads took: 0.0000285 seconds
2016-10-23T22:29:58.731+0800: 1817.750: Total time for which application threads were stopped: 0.0001056 seconds, Stopping threads took: 0.0000256 seconds
2016-10-23T22:29:58.731+0800: 1817.750: Total time for which application threads were stopped: 0.0000808 seconds, Stopping threads took: 0.0000232 seconds
2016-10-23T22:30:03.739+0800: 1822.759: Total time for which application threads were stopped: 0.0001229 seconds, Stopping threads took: 0.0000315 seconds
2016-10-23T22:30:21.775+0800: 1840.795: Total time for which application threads were stopped: 0.0000930 seconds, Stopping threads took: 0.0000219 seconds
2016-10-23T22:30:28.803+0800: 1847.823: Total time for which application threads were stopped: 0.0001330 seconds, Stopping threads took: 0.0000553 seconds
2016-10-23T22:30:28.803+0800: 1847.823: Total time for which application threads were stopped: 0.0001635 seconds, Stopping threads took: 0.0000978 seconds
2016-10-23T22:30:28.803+0800: 1847.823: Total time for which application threads were stopped: 0.0000788 seconds, Stopping threads took: 0.0000303 seconds
2016-10-23T22:30:28.803+0800: 1847.823: Total time for which application threads were stopped: 0.0001158 seconds, Stopping threads took: 0.0000381 seconds
2016-10-23T22:30:28.803+0800: 1847.823: Total time for which application threads were stopped: 0.0000816 seconds, Stopping threads took: 0.0000415 seconds
2016-10-23T22:30:28.804+0800: 1847.824: Total time for which application threads were stopped: 0.0001174 seconds, Stopping threads took: 0.0000531 seconds
2016-10-23T22:30:28.804+0800: 1847.824: Total time for which application threads were stopped: 0.0000641 seconds, Stopping threads took: 0.0000215 seconds
2016-10-23T22:30:28.804+0800: 1847.824: Total time for which application threads were stopped: 0.0000997 seconds, Stopping threads took: 0.0000540 seconds
2016-10-23T22:30:28.804+0800: 1847.824: Total time for which application threads were stopped: 0.0000911 seconds, Stopping threads took: 0.0000456 seconds
2016-10-23T22:30:28.804+0800: 1847.824: Total time for which application threads were stopped: 0.0000689 seconds, Stopping threads took: 0.0000240 seconds
2016-10-23T22:30:28.805+0800: 1847.825: Total time for which application threads were stopped: 0.0000670 seconds, Stopping threads took: 0.0000228 seconds
2016-10-23T22:30:28.805+0800: 1847.825: Total time for which application threads were stopped: 0.0000670 seconds, Stopping threads took: 0.0000174 seconds
2016-10-23T22:30:28.805+0800: 1847.825: Total time for which application threads were stopped: 0.0000718 seconds, Stopping threads took: 0.0000242 seconds
2016-10-23T22:30:28.805+0800: 1847.825: Total time for which application threads were stopped: 0.0001114 seconds, Stopping threads took: 0.0000602 seconds
2016-10-23T22:30:28.806+0800: 1847.826: Total time for which application threads were stopped: 0.0000906 seconds, Stopping threads took: 0.0000510 seconds
2016-10-23T22:30:28.812+0800: 1847.832: Total time for which application threads were stopped: 0.0001027 seconds, Stopping threads took: 0.0000402 seconds
2016-10-23T22:30:28.812+0800: 1847.832: Total time for which application threads were stopped: 0.0000494 seconds, Stopping threads took: 0.0000145 seconds
2016-10-23T22:30:28.817+0800: 1847.837: Total time for which application threads were stopped: 0.0001105 seconds, Stopping threads took: 0.0000308 seconds
2016-10-23T22:30:28.817+0800: 1847.837: Total time for which application threads were stopped: 0.0001026 seconds, Stopping threads took: 0.0000437 seconds
2016-10-23T22:30:55.801+0800: 1874.822: Total time for which application threads were stopped: 0.0001068 seconds, Stopping threads took: 0.0000389 seconds
2016-10-23T22:30:55.802+0800: 1874.822: Total time for which application threads were stopped: 0.0000684 seconds, Stopping threads took: 0.0000220 seconds
2016-10-23T22:30:55.807+0800: 1874.827: Total time for which application threads were stopped: 0.0001353 seconds, Stopping threads took: 0.0000280 seconds
2016-10-23T22:30:55.807+0800: 1874.828: Total time for which application threads were stopped: 0.0001443 seconds, Stopping threads took: 0.0000621 seconds
2016-10-23T22:30:55.807+0800: 1874.828: Total time for which application threads were stopped: 0.0001023 seconds, Stopping threads took: 0.0000237 seconds
2016-10-23T22:30:56.807+0800: 1875.828: Total time for which application threads were stopped: 0.0001344 seconds, Stopping threads took: 0.0000304 seconds
2016-10-23T22:30:59.820+0800: 1878.841: Total time for which application threads were stopped: 0.0001323 seconds, Stopping threads took: 0.0000323 seconds
2016-10-23T22:31:00.862+0800: 1879.883: Total time for which application threads were stopped: 0.0001305 seconds, Stopping threads took: 0.0000308 seconds
2016-10-23T22:31:00.862+0800: 1879.883: Total time for which application threads were stopped: 0.0000830 seconds, Stopping threads took: 0.0000255 seconds
2016-10-23T22:31:00.867+0800: 1879.888: Total time for which application threads were stopped: 0.0000888 seconds, Stopping threads took: 0.0000244 seconds
2016-10-23T22:31:00.867+0800: 1879.888: Total time for which application threads were stopped: 0.0000743 seconds, Stopping threads took: 0.0000077 seconds
2016-10-23T22:31:05.997+0800: 1885.019: Total time for which application threads were stopped: 0.0001051 seconds, Stopping threads took: 0.0000316 seconds
2016-10-23T22:31:05.998+0800: 1885.019: Total time for which application threads were stopped: 0.0000603 seconds, Stopping threads took: 0.0000083 seconds
2016-10-23T22:31:06.003+0800: 1885.024: Total time for which application threads were stopped: 0.0001049 seconds, Stopping threads took: 0.0000483 seconds
2016-10-23T22:31:06.003+0800: 1885.024: Total time for which application threads were stopped: 0.0000976 seconds, Stopping threads took: 0.0000226 seconds
2016-10-23T22:31:07.008+0800: 1886.029: Total time for which application threads were stopped: 0.0002107 seconds, Stopping threads took: 0.0000530 seconds
2016-10-23T22:31:08.013+0800: 1887.035: Total time for which application threads were stopped: 0.0002255 seconds, Stopping threads took: 0.0000563 seconds
2016-10-23T22:31:09.291+0800: 1888.312: Total time for which application threads were stopped: 0.0001125 seconds, Stopping threads took: 0.0000257 seconds
2016-10-23T22:31:09.291+0800: 1888.312: Total time for which application threads were stopped: 0.0000858 seconds, Stopping threads took: 0.0000254 seconds
2016-10-23T22:31:09.296+0800: 1888.317: Total time for which application threads were stopped: 0.0001184 seconds, Stopping threads took: 0.0000452 seconds
2016-10-23T22:31:09.296+0800: 1888.317: Total time for which application threads were stopped: 0.0000756 seconds, Stopping threads took: 0.0000263 seconds
2016-10-23T22:31:26.329+0800: 1905.350: Total time for which application threads were stopped: 0.0001355 seconds, Stopping threads took: 0.0000316 seconds
{Heap before GC invocations=9 (full 1):
 par new generation   total 109248K, used 99670K [0x00000007a0000000, 0x00000007a8000000, 0x00000007a8000000)
  eden space 87424K, 100% used [0x00000007a0000000, 0x00000007a5560000, 0x00000007a5560000)
  from space 21824K,  56% used [0x00000007a6ab0000, 0x00000007a76a58e0, 0x00000007a8000000)
  to   space 21824K,   0% used [0x00000007a5560000, 0x00000007a5560000, 0x00000007a6ab0000)
 concurrent mark-sweep generation total 393216K, used 5267K [0x00000007a8000000, 0x00000007c0000000, 0x00000007c0000000)
 Metaspace       used 37593K, capacity 38366K, committed 38520K, reserved 1083392K
  class space    used 4403K, capacity 4630K, committed 4732K, reserved 1048576K
2016-10-23T22:31:36.550+0800: 1915.572: [GC (Allocation Failure) 2016-10-23T22:31:36.550+0800: 1915.572: [ParNew
Desired survivor size 20112992 bytes, new threshold 8 (max 8)
- age   1:     571360 bytes,     571360 total
- age   2:      35408 bytes,     606768 total
- age   3:     485240 bytes,    1092008 total
- age   4:    1100696 bytes,    2192704 total
- age   5:    5091032 bytes,    7283736 total
- age   6:     769192 bytes,    8052928 total
- age   7:     275440 bytes,    8328368 total
- age   8:        336 bytes,    8328704 total
: 99670K->11195K(109248K), 0.0114426 secs] 104937K->17814K(502464K), 0.0114985 secs] [Times: user=0.04 sys=0.00, real=0.01 secs] 
Heap after GC invocations=10 (full 1):
 par new generation   total 109248K, used 11195K [0x00000007a0000000, 0x00000007a8000000, 0x00000007a8000000)
  eden space 87424K,   0% used [0x00000007a0000000, 0x00000007a0000000, 0x00000007a5560000)
  from space 21824K,  51% used [0x00000007a5560000, 0x00000007a604ef60, 0x00000007a6ab0000)
  to   space 21824K,   0% used [0x00000007a6ab0000, 0x00000007a6ab0000, 0x00000007a8000000)
 concurrent mark-sweep generation total 393216K, used 6618K [0x00000007a8000000, 0x00000007c0000000, 0x00000007c0000000)
 Metaspace       used 37593K, capacity 38366K, committed 38520K, reserved 1083392K
  class space    used 4403K, capacity 4630K, committed 4732K, reserved 1048576K
}
2016-10-23T22:31:36.561+0800: 1915.583: Total time for which application threads were stopped: 0.0116958 seconds, Stopping threads took: 0.0000196 seconds
2016-10-23T22:31:38.898+0800: 1917.920: Total time for which application threads were stopped: 0.0002839 seconds, Stopping threads took: 0.0000430 seconds
2016-10-23T22:31:38.904+0800: 1917.926: Total time for which application threads were stopped: 0.0001226 seconds, Stopping threads took: 0.0000313 seconds
2016-10-23T22:31:38.904+0800: 1917.927: Total time for which application threads were stopped: 0.0000817 seconds, Stopping threads took: 0.0000093 seconds
2016-10-23T22:31:38.911+0800: 1917.933: Total time for which application threads were stopped: 0.0001379 seconds, Stopping threads took: 0.0000537 seconds
2016-10-23T22:31:38.911+0800: 1917.933: Total time for which application threads were stopped: 0.0001580 seconds, Stopping threads took: 0.0000636 seconds
2016-10-23T22:31:48.574+0800: 1927.596: Total time for which application threads were stopped: 0.0001027 seconds, Stopping threads took: 0.0000323 seconds
2016-10-23T22:31:48.574+0800: 1927.596: Total time for which application threads were stopped: 0.0000629 seconds, Stopping threads took: 0.0000200 seconds
2016-10-23T22:31:48.583+0800: 1927.605: Total time for which application threads were stopped: 0.0000791 seconds, Stopping threads took: 0.0000135 seconds
2016-10-23T22:31:48.583+0800: 1927.605: Total time for which application threads were stopped: 0.0000492 seconds, Stopping threads took: 0.0000087 seconds
2016-10-23T22:31:48.589+0800: 1927.612: Total time for which application threads were stopped: 0.0004980 seconds, Stopping threads took: 0.0000086 seconds
2016-10-23T22:31:48.591+0800: 1927.613: Total time for which application threads were stopped: 0.0003021 seconds, Stopping threads took: 0.0000089 seconds
2016-10-23T22:31:48.592+0800: 1927.614: Total time for which application threads were stopped: 0.0002913 seconds, Stopping threads took: 0.0000092 seconds
2016-10-23T22:31:48.595+0800: 1927.618: Total time for which application threads were stopped: 0.0000764 seconds, Stopping threads took: 0.0000270 seconds
2016-10-23T22:31:48.598+0800: 1927.621: Total time for which application threads were stopped: 0.0007591 seconds, Stopping threads took: 0.0000182 seconds
2016-10-23T22:31:48.600+0800: 1927.622: Total time for which application threads were stopped: 0.0007338 seconds, Stopping threads took: 0.0000187 seconds
2016-10-23T22:31:48.603+0800: 1927.625: Total time for which application threads were stopped: 0.0005327 seconds, Stopping threads took: 0.0000296 seconds
2016-10-23T22:31:48.604+0800: 1927.626: Total time for which application threads were stopped: 0.0000627 seconds, Stopping threads took: 0.0000118 seconds
2016-10-23T22:31:48.605+0800: 1927.627: Total time for which application threads were stopped: 0.0001148 seconds, Stopping threads took: 0.0000658 seconds
2016-10-23T22:31:48.606+0800: 1927.629: Total time for which application threads were stopped: 0.0000661 seconds, Stopping threads took: 0.0000097 seconds
2016-10-23T22:31:48.607+0800: 1927.630: Total time for which application threads were stopped: 0.0000732 seconds, Stopping threads took: 0.0000248 seconds
2016-10-23T22:31:48.608+0800: 1927.631: Total time for which application threads were stopped: 0.0000694 seconds, Stopping threads took: 0.0000177 seconds
2016-10-23T22:31:48.609+0800: 1927.632: Total time for which application threads were stopped: 0.0000659 seconds, Stopping threads took: 0.0000175 seconds
2016-10-23T22:31:48.610+0800: 1927.633: Total time for which application threads were stopped: 0.0000652 seconds, Stopping threads took: 0.0000239 seconds
2016-10-23T22:31:48.611+0800: 1927.634: Total time for which application threads were stopped: 0.0000605 seconds, Stopping threads took: 0.0000249 seconds
2016-10-23T22:31:48.612+0800: 1927.635: Total time for which application threads were stopped: 0.0000623 seconds, Stopping threads took: 0.0000095 seconds
2016-10-23T22:31:48.613+0800: 1927.635: Total time for which application threads were stopped: 0.0000441 seconds, Stopping threads took: 0.0000082 seconds
2016-10-23T22:31:48.614+0800: 1927.636: Total time for which application threads were stopped: 0.0000421 seconds, Stopping threads took: 0.0000080 seconds
2016-10-23T22:31:48.615+0800: 1927.637: Total time for which application threads were stopped: 0.0000456 seconds, Stopping threads took: 0.0000082 seconds
2016-10-23T22:31:48.616+0800: 1927.638: Total time for which application threads were stopped: 0.0000664 seconds, Stopping threads took: 0.0000268 seconds
2016-10-23T22:31:48.617+0800: 1927.639: Total time for which application threads were stopped: 0.0000502 seconds, Stopping threads took: 0.0000087 seconds
2016-10-23T22:31:48.618+0800: 1927.640: Total time for which application threads were stopped: 0.0000959 seconds, Stopping threads took: 0.0000308 seconds
2016-10-23T22:31:48.618+0800: 1927.641: Total time for which application threads were stopped: 0.0000450 seconds, Stopping threads took: 0.0000091 seconds
2016-10-23T22:31:48.619+0800: 1927.642: Total time for which application threads were stopped: 0.0000388 seconds, Stopping threads took: 0.0000078 seconds
2016-10-23T22:31:48.620+0800: 1927.643: Total time for which application threads were stopped: 0.0000741 seconds, Stopping threads took: 0.0000311 seconds
2016-10-23T22:31:48.621+0800: 1927.643: Total time for which application threads were stopped: 0.0001566 seconds, Stopping threads took: 0.0000301 seconds
2016-10-23T22:31:48.659+0800: 1927.682: Total time for which application threads were stopped: 0.0001966 seconds, Stopping threads took: 0.0000241 seconds
2016-10-23T22:31:48.758+0800: 1927.781: Total time for which application threads were stopped: 0.0002080 seconds, Stopping threads took: 0.0000213 seconds
2016-10-23T22:31:49.122+0800: 1928.145: Total time for which application threads were stopped: 0.0001766 seconds, Stopping threads took: 0.0000168 seconds
{Heap before GC invocations=10 (full 1):
 par new generation   total 109248K, used 98619K [0x00000007a0000000, 0x00000007a8000000, 0x00000007a8000000)
  eden space 87424K, 100% used [0x00000007a0000000, 0x00000007a5560000, 0x00000007a5560000)
  from space 21824K,  51% used [0x00000007a5560000, 0x00000007a604ef60, 0x00000007a6ab0000)
  to   space 21824K,   0% used [0x00000007a6ab0000, 0x00000007a6ab0000, 0x00000007a8000000)
 concurrent mark-sweep generation total 393216K, used 6618K [0x00000007a8000000, 0x00000007c0000000, 0x00000007c0000000)
 Metaspace       used 38328K, capacity 39104K, committed 39284K, reserved 1083392K
  class space    used 4442K, capacity 4663K, committed 4732K, reserved 1048576K
2016-10-23T22:31:49.166+0800: 1928.188: [GC (Allocation Failure) 2016-10-23T22:31:49.166+0800: 1928.188: [ParNew
Desired survivor size 20112992 bytes, new threshold 8 (max 8)
- age   1:    5075912 bytes,    5075912 total
- age   2:     312728 bytes,    5388640 total
- age   3:      35408 bytes,    5424048 total
- age   4:     478728 bytes,    5902776 total
- age   5:     993368 bytes,    6896144 total
- age   6:    4952912 bytes,   11849056 total
- age   7:     767576 bytes,   12616632 total
- age   8:     275088 bytes,   12891720 total
: 98619K->13515K(109248K), 0.0099844 secs] 105238K->20134K(502464K), 0.0100504 secs] [Times: user=0.04 sys=0.00, real=0.01 secs] 
Heap after GC invocations=11 (full 1):
 par new generation   total 109248K, used 13515K [0x00000007a0000000, 0x00000007a8000000, 0x00000007a8000000)
  eden space 87424K,   0% used [0x00000007a0000000, 0x00000007a0000000, 0x00000007a5560000)
  from space 21824K,  61% used [0x00000007a6ab0000, 0x00000007a77e2d40, 0x00000007a8000000)
  to   space 21824K,   0% used [0x00000007a5560000, 0x00000007a5560000, 0x00000007a6ab0000)
 concurrent mark-sweep generation total 393216K, used 6618K [0x00000007a8000000, 0x00000007c0000000, 0x00000007c0000000)
 Metaspace       used 38328K, capacity 39104K, committed 39284K, reserved 1083392K
  class space    used 4442K, capacity 4663K, committed 4732K, reserved 1048576K
}
2016-10-23T22:31:49.176+0800: 1928.198: Total time for which application threads were stopped: 0.0102234 seconds, Stopping threads took: 0.0000189 seconds
2016-10-23T22:31:49.176+0800: 1928.199: [GC (CMS Initial Mark) [1 CMS-initial-mark: 6618K(393216K)] 20812K(502464K), 0.0024376 secs] [Times: user=0.02 sys=0.00, real=0.00 secs] 
2016-10-23T22:31:49.179+0800: 1928.201: Total time for which application threads were stopped: 0.0025852 seconds, Stopping threads took: 0.0000667 seconds
2016-10-23T22:31:49.179+0800: 1928.201: [CMS-concurrent-mark-start]
2016-10-23T22:31:49.183+0800: 1928.206: [CMS-concurrent-mark: 0.005/0.005 secs] [Times: user=0.03 sys=0.00, real=0.01 secs] 
2016-10-23T22:31:49.183+0800: 1928.206: [CMS-concurrent-preclean-start]
2016-10-23T22:31:49.184+0800: 1928.206: [CMS-concurrent-preclean: 0.001/0.001 secs] [Times: user=0.00 sys=0.00, real=0.00 secs] 
2016-10-23T22:31:49.184+0800: 1928.207: [GC (CMS Final Remark) [YG occupancy: 14872 K (109248 K)]{Heap before GC invocations=11 (full 2):
 par new generation   total 109248K, used 14872K [0x00000007a0000000, 0x00000007a8000000, 0x00000007a8000000)
  eden space 87424K,   1% used [0x00000007a0000000, 0x00000007a0153528, 0x00000007a5560000)
  from space 21824K,  61% used [0x00000007a6ab0000, 0x00000007a77e2d40, 0x00000007a8000000)
  to   space 21824K,   0% used [0x00000007a5560000, 0x00000007a5560000, 0x00000007a6ab0000)
 concurrent mark-sweep generation total 393216K, used 6618K [0x00000007a8000000, 0x00000007c0000000, 0x00000007c0000000)
 Metaspace       used 38328K, capacity 39104K, committed 39284K, reserved 1083392K
  class space    used 4442K, capacity 4663K, committed 4732K, reserved 1048576K
2016-10-23T22:31:49.184+0800: 1928.207: [GC (CMS Final Remark) 2016-10-23T22:31:49.184+0800: 1928.207: [ParNew
Desired survivor size 20112992 bytes, new threshold 8 (max 8)
- age   1:      90424 bytes,      90424 total
- age   2:    4707128 bytes,    4797552 total
- age   3:     312728 bytes,    5110280 total
- age   4:      35408 bytes,    5145688 total
- age   5:     478728 bytes,    5624416 total
- age   6:     993392 bytes,    6617808 total
- age   7:    4950896 bytes,   11568704 total
- age   8:     767600 bytes,   12336304 total
: 14872K->14814K(109248K), 0.0081390 secs] 21491K->21710K(502464K), 0.0081960 secs] [Times: user=0.02 sys=0.01, real=0.01 secs] 
Heap after GC invocations=12 (full 2):
 par new generation   total 109248K, used 14814K [0x00000007a0000000, 0x00000007a8000000, 0x00000007a8000000)
  eden space 87424K,   0% used [0x00000007a0000000, 0x00000007a0000000, 0x00000007a5560000)
  from space 21824K,  67% used [0x00000007a5560000, 0x00000007a63d7b50, 0x00000007a6ab0000)
  to   space 21824K,   0% used [0x00000007a6ab0000, 0x00000007a6ab0000, 0x00000007a8000000)
 concurrent mark-sweep generation total 393216K, used 6896K [0x00000007a8000000, 0x00000007c0000000, 0x00000007c0000000)
 Metaspace       used 38328K, capacity 39104K, committed 39284K, reserved 1083392K
  class space    used 4442K, capacity 4663K, committed 4732K, reserved 1048576K
}
2016-10-23T22:31:49.193+0800: 1928.215: [Rescan (parallel) , 0.0022989 secs]2016-10-23T22:31:49.195+0800: 1928.217: [weak refs processing, 0.0008509 secs]2016-10-23T22:31:49.196+0800: 1928.218: [class unloading, 0.0119162 secs]2016-10-23T22:31:49.208+0800: 1928.230: [scrub symbol table, 0.0087427 secs]2016-10-23T22:31:49.216+0800: 1928.239: [scrub string table, 0.0007115 secs][1 CMS-remark: 6896K(393216K)] 21710K(502464K), 0.0348750 secs] [Times: user=0.05 sys=0.01, real=0.03 secs] 
2016-10-23T22:31:49.219+0800: 1928.242: Total time for which application threads were stopped: 0.0350164 seconds, Stopping threads took: 0.0000465 seconds
2016-10-23T22:31:49.219+0800: 1928.242: [CMS-concurrent-sweep-start]
2016-10-23T22:31:49.222+0800: 1928.245: [CMS-concurrent-sweep: 0.003/0.003 secs] [Times: user=0.02 sys=0.00, real=0.01 secs] 
2016-10-23T22:31:49.222+0800: 1928.245: [CMS-concurrent-reset-start]
2016-10-23T22:31:49.223+0800: 1928.246: [CMS-concurrent-reset: 0.001/0.001 secs] [Times: user=0.00 sys=0.00, real=0.00 secs] 
{Heap before GC invocations=12 (full 2):
 par new generation   total 109248K, used 102238K [0x00000007a0000000, 0x00000007a8000000, 0x00000007a8000000)
  eden space 87424K, 100% used [0x00000007a0000000, 0x00000007a5560000, 0x00000007a5560000)
  from space 21824K,  67% used [0x00000007a5560000, 0x00000007a63d7b50, 0x00000007a6ab0000)
  to   space 21824K,   0% used [0x00000007a6ab0000, 0x00000007a6ab0000, 0x00000007a8000000)
 concurrent mark-sweep generation total 393216K, used 6607K [0x00000007a8000000, 0x00000007c0000000, 0x00000007c0000000)
 Metaspace       used 38298K, capacity 39054K, committed 39284K, reserved 1083392K
  class space    used 4436K, capacity 4650K, committed 4732K, reserved 1048576K
2016-10-23T22:31:49.503+0800: 1928.526: [GC (Allocation Failure) 2016-10-23T22:31:49.503+0800: 1928.526: [ParNew
Desired survivor size 20112992 bytes, new threshold 8 (max 8)
- age   1:    5540568 bytes,    5540568 total
- age   2:      29424 bytes,    5569992 total
- age   3:    3916192 bytes,    9486184 total
- age   4:     312728 bytes,    9798912 total
- age   5:      35408 bytes,    9834320 total
- age   6:     478712 bytes,   10313032 total
- age   7:     993032 bytes,   11306064 total
- age   8:    4802472 bytes,   16108536 total
: 102238K->19019K(109248K), 0.0127740 secs] 108846K->26390K(502464K), 0.0128510 secs] [Times: user=0.07 sys=0.00, real=0.01 secs] 
Heap after GC invocations=13 (full 2):
 par new generation   total 109248K, used 19019K [0x00000007a0000000, 0x00000007a8000000, 0x00000007a8000000)
  eden space 87424K,   0% used [0x00000007a0000000, 0x00000007a0000000, 0x00000007a5560000)
  from space 21824K,  87% used [0x00000007a6ab0000, 0x00000007a7d42e80, 0x00000007a8000000)
  to   space 21824K,   0% used [0x00000007a5560000, 0x00000007a5560000, 0x00000007a6ab0000)
 concurrent mark-sweep generation total 393216K, used 7370K [0x00000007a8000000, 0x00000007c0000000, 0x00000007c0000000)
 Metaspace       used 38298K, capacity 39054K, committed 39284K, reserved 1083392K
  class space    used 4436K, capacity 4650K, committed 4732K, reserved 1048576K
}
2016-10-23T22:31:49.516+0800: 1928.539: Total time for which application threads were stopped: 0.0131298 seconds, Stopping threads took: 0.0000296 seconds
2016-10-23T22:31:49.609+0800: 1928.631: Total time for which application threads were stopped: 0.0001481 seconds, Stopping threads took: 0.0000522 seconds
2016-10-23T22:31:49.609+0800: 1928.632: Total time for which application threads were stopped: 0.0000806 seconds, Stopping threads took: 0.0000290 seconds
2016-10-23T22:31:49.679+0800: 1928.701: Total time for which application threads were stopped: 0.0001533 seconds, Stopping threads took: 0.0000287 seconds
2016-10-23T22:31:49.787+0800: 1928.809: Total time for which application threads were stopped: 0.0002632 seconds, Stopping threads took: 0.0000548 seconds
2016-10-23T22:31:49.787+0800: 1928.810: Total time for which application threads were stopped: 0.0001232 seconds, Stopping threads took: 0.0000523 seconds
{Heap before GC invocations=13 (full 2):
 par new generation   total 109248K, used 106443K [0x00000007a0000000, 0x00000007a8000000, 0x00000007a8000000)
  eden space 87424K, 100% used [0x00000007a0000000, 0x00000007a5560000, 0x00000007a5560000)
  from space 21824K,  87% used [0x00000007a6ab0000, 0x00000007a7d42e80, 0x00000007a8000000)
  to   space 21824K,   0% used [0x00000007a5560000, 0x00000007a5560000, 0x00000007a6ab0000)
 concurrent mark-sweep generation total 393216K, used 7370K [0x00000007a8000000, 0x00000007c0000000, 0x00000007c0000000)
 Metaspace       used 38527K, capacity 39278K, committed 39540K, reserved 1083392K
  class space    used 4458K, capacity 4682K, committed 4732K, reserved 1048576K
2016-10-23T22:31:49.881+0800: 1928.904: [GC (Allocation Failure) 2016-10-23T22:31:49.881+0800: 1928.904: [ParNew
Desired survivor size 20112992 bytes, new threshold 8 (max 8)
- age   1:    5959728 bytes,    5959728 total
- age   2:    3837648 bytes,    9797376 total
- age   3:      24840 bytes,    9822216 total
- age   4:    3287136 bytes,   13109352 total
- age   5:     312728 bytes,   13422080 total
- age   6:      35408 bytes,   13457488 total
- age   7:     478712 bytes,   13936200 total
- age   8:     992792 bytes,   14928992 total
: 106443K->21241K(109248K), 0.0160103 secs] 113814K->33539K(502464K), 0.0160702 secs] [Times: user=0.08 sys=0.00, real=0.01 secs] 
Heap after GC invocations=14 (full 2):
 par new generation   total 109248K, used 21241K [0x00000007a0000000, 0x00000007a8000000, 0x00000007a8000000)
  eden space 87424K,   0% used [0x00000007a0000000, 0x00000007a0000000, 0x00000007a5560000)
  from space 21824K,  97% used [0x00000007a5560000, 0x00000007a6a1e720, 0x00000007a6ab0000)
  to   space 21824K,   0% used [0x00000007a6ab0000, 0x00000007a6ab0000, 0x00000007a8000000)
 concurrent mark-sweep generation total 393216K, used 12297K [0x00000007a8000000, 0x00000007c0000000, 0x00000007c0000000)
 Metaspace       used 38527K, capacity 39278K, committed 39540K, reserved 1083392K
  class space    used 4458K, capacity 4682K, committed 4732K, reserved 1048576K
}
2016-10-23T22:31:49.897+0800: 1928.920: Total time for which application threads were stopped: 0.0162640 seconds, Stopping threads took: 0.0000333 seconds
2016-10-23T22:31:50.064+0800: 1929.086: Total time for which application threads were stopped: 0.0001770 seconds, Stopping threads took: 0.0000367 seconds
2016-10-23T22:31:50.066+0800: 1929.089: Total time for which application threads were stopped: 0.0006519 seconds, Stopping threads took: 0.0000643 seconds
2016-10-23T22:31:50.090+0800: 1929.112: Total time for which application threads were stopped: 0.0001389 seconds, Stopping threads took: 0.0000483 seconds
{Heap before GC invocations=14 (full 2):
 par new generation   total 109248K, used 108665K [0x00000007a0000000, 0x00000007a8000000, 0x00000007a8000000)
  eden space 87424K, 100% used [0x00000007a0000000, 0x00000007a5560000, 0x00000007a5560000)
  from space 21824K,  97% used [0x00000007a5560000, 0x00000007a6a1e720, 0x00000007a6ab0000)
  to   space 21824K,   0% used [0x00000007a6ab0000, 0x00000007a6ab0000, 0x00000007a8000000)
 concurrent mark-sweep generation total 393216K, used 12297K [0x00000007a8000000, 0x00000007c0000000, 0x00000007c0000000)
 Metaspace       used 38917K, capacity 39700K, committed 39796K, reserved 1085440K
  class space    used 4497K, capacity 4715K, committed 4732K, reserved 1048576K
2016-10-23T22:31:50.091+0800: 1929.113: [GC (Allocation Failure) 2016-10-23T22:31:50.091+0800: 1929.113: [ParNew
Desired survivor size 20112992 bytes, new threshold 8 (max 8)
- age   1:    3573976 bytes,    3573976 total
- age   2:    3056032 bytes,    6630008 total
- age   3:    1729312 bytes,    8359320 total
- age   4:      13440 bytes,    8372760 total
- age   5:    1548976 bytes,    9921736 total
- age   6:     312728 bytes,   10234464 total
- age   7:      35408 bytes,   10269872 total
- age   8:     478712 bytes,   10748584 total
: 108665K->13501K(109248K), 0.0161183 secs] 120963K->26800K(502464K), 0.0161768 secs] [Times: user=0.09 sys=0.00, real=0.01 secs] 
Heap after GC invocations=15 (full 2):
 par new generation   total 109248K, used 13501K [0x00000007a0000000, 0x00000007a8000000, 0x00000007a8000000)
  eden space 87424K,   0% used [0x00000007a0000000, 0x00000007a0000000, 0x00000007a5560000)
  from space 21824K,  61% used [0x00000007a6ab0000, 0x00000007a77df7e0, 0x00000007a8000000)
  to   space 21824K,   0% used [0x00000007a5560000, 0x00000007a5560000, 0x00000007a6ab0000)
 concurrent mark-sweep generation total 393216K, used 13298K [0x00000007a8000000, 0x00000007c0000000, 0x00000007c0000000)
 Metaspace       used 38917K, capacity 39700K, committed 39796K, reserved 1085440K
  class space    used 4497K, capacity 4715K, committed 4732K, reserved 1048576K
}
2016-10-23T22:31:50.107+0800: 1929.129: Total time for which application threads were stopped: 0.0163741 seconds, Stopping threads took: 0.0000262 seconds
{Heap before GC invocations=15 (full 2):
 par new generation   total 109248K, used 100925K [0x00000007a0000000, 0x00000007a8000000, 0x00000007a8000000)
  eden space 87424K, 100% used [0x00000007a0000000, 0x00000007a5560000, 0x00000007a5560000)
  from space 21824K,  61% used [0x00000007a6ab0000, 0x00000007a77df7e0, 0x00000007a8000000)
  to   space 21824K,   0% used [0x00000007a5560000, 0x00000007a5560000, 0x00000007a6ab0000)
 concurrent mark-sweep generation total 393216K, used 13298K [0x00000007a8000000, 0x00000007c0000000, 0x00000007c0000000)
 Metaspace       used 38929K, capacity 39716K, committed 39796K, reserved 1085440K
  class space    used 4500K, capacity 4719K, committed 4732K, reserved 1048576K
2016-10-23T22:31:50.435+0800: 1929.457: [GC (Allocation Failure) 2016-10-23T22:31:50.435+0800: 1929.457: [ParNew
Desired survivor size 20112992 bytes, new threshold 8 (max 8)
- age   1:    5649640 bytes,    5649640 total
- age   2:    2110920 bytes,    7760560 total
- age   3:    3056696 bytes,   10817256 total
- age   4:    1729312 bytes,   12546568 total
- age   5:      13440 bytes,   12560008 total
- age   6:    1548880 bytes,   14108888 total
- age   7:     312728 bytes,   14421616 total
- age   8:      35408 bytes,   14457024 total
: 100925K->18545K(109248K), 0.0122724 secs] 114224K->32324K(502464K), 0.0123385 secs] [Times: user=0.06 sys=0.00, real=0.01 secs] 
Heap after GC invocations=16 (full 2):
 par new generation   total 109248K, used 18545K [0x00000007a0000000, 0x00000007a8000000, 0x00000007a8000000)
  eden space 87424K,   0% used [0x00000007a0000000, 0x00000007a0000000, 0x00000007a5560000)
  from space 21824K,  84% used [0x00000007a5560000, 0x00000007a677c440, 0x00000007a6ab0000)
  to   space 21824K,   0% used [0x00000007a6ab0000, 0x00000007a6ab0000, 0x00000007a8000000)
 concurrent mark-sweep generation total 393216K, used 13779K [0x00000007a8000000, 0x00000007c0000000, 0x00000007c0000000)
 Metaspace       used 38929K, capacity 39716K, committed 39796K, reserved 1085440K
  class space    used 4500K, capacity 4719K, committed 4732K, reserved 1048576K
}
2016-10-23T22:31:50.447+0800: 1929.469: Total time for which application threads were stopped: 0.0125012 seconds, Stopping threads took: 0.0000183 seconds
2016-10-23T22:31:50.617+0800: 1929.639: Total time for which application threads were stopped: 0.0002136 seconds, Stopping threads took: 0.0000505 seconds
2016-10-23T22:31:50.669+0800: 1929.691: Total time for which application threads were stopped: 0.0002509 seconds, Stopping threads took: 0.0000746 seconds
{Heap before GC invocations=16 (full 2):
 par new generation   total 109248K, used 105969K [0x00000007a0000000, 0x00000007a8000000, 0x00000007a8000000)
  eden space 87424K, 100% used [0x00000007a0000000, 0x00000007a5560000, 0x00000007a5560000)
  from space 21824K,  84% used [0x00000007a5560000, 0x00000007a677c440, 0x00000007a6ab0000)
  to   space 21824K,   0% used [0x00000007a6ab0000, 0x00000007a6ab0000, 0x00000007a8000000)
 concurrent mark-sweep generation total 393216K, used 13779K [0x00000007a8000000, 0x00000007c0000000, 0x00000007c0000000)
 Metaspace       used 38941K, capacity 39716K, committed 39796K, reserved 1085440K
  class space    used 4500K, capacity 4719K, committed 4732K, reserved 1048576K
2016-10-23T22:31:50.706+0800: 1929.728: [GC (Allocation Failure) 2016-10-23T22:31:50.706+0800: 1929.728: [ParNew
Desired survivor size 20112992 bytes, new threshold 8 (max 8)
- age   1:    6114640 bytes,    6114640 total
- age   2:    3558296 bytes,    9672936 total
- age   3:    1847792 bytes,   11520728 total
- age   4:    2653576 bytes,   14174304 total
- age   5:    1729312 bytes,   15903616 total
- age   6:      13440 bytes,   15917056 total
- age   7:    1548848 bytes,   17465904 total
- age   8:     312728 bytes,   17778632 total
: 105969K->20486K(109248K), 0.0124509 secs] 119748K->34301K(502464K), 0.0124977 secs] [Times: user=0.08 sys=0.00, real=0.01 secs] 
Heap after GC invocations=17 (full 2):
 par new generation   total 109248K, used 20486K [0x00000007a0000000, 0x00000007a8000000, 0x00000007a8000000)
  eden space 87424K,   0% used [0x00000007a0000000, 0x00000007a0000000, 0x00000007a5560000)
  from space 21824K,  93% used [0x00000007a6ab0000, 0x00000007a7eb1a80, 0x00000007a8000000)
  to   space 21824K,   0% used [0x00000007a5560000, 0x00000007a5560000, 0x00000007a6ab0000)
 concurrent mark-sweep generation total 393216K, used 13815K [0x00000007a8000000, 0x00000007c0000000, 0x00000007c0000000)
 Metaspace       used 38941K, capacity 39716K, committed 39796K, reserved 1085440K
  class space    used 4500K, capacity 4719K, committed 4732K, reserved 1048576K
}
2016-10-23T22:31:50.719+0800: 1929.741: Total time for which application threads were stopped: 0.0126987 seconds, Stopping threads took: 0.0000664 seconds
2016-10-23T22:31:50.727+0800: 1929.750: Total time for which application threads were stopped: 0.0001579 seconds, Stopping threads took: 0.0000539 seconds
2016-10-23T22:31:50.728+0800: 1929.750: Total time for which application threads were stopped: 0.0001380 seconds, Stopping threads took: 0.0000540 seconds
{Heap before GC invocations=17 (full 2):
 par new generation   total 109248K, used 107910K [0x00000007a0000000, 0x00000007a8000000, 0x00000007a8000000)
  eden space 87424K, 100% used [0x00000007a0000000, 0x00000007a5560000, 0x00000007a5560000)
  from space 21824K,  93% used [0x00000007a6ab0000, 0x00000007a7eb1a80, 0x00000007a8000000)
  to   space 21824K,   0% used [0x00000007a5560000, 0x00000007a5560000, 0x00000007a6ab0000)
 concurrent mark-sweep generation total 393216K, used 13815K [0x00000007a8000000, 0x00000007c0000000, 0x00000007c0000000)
 Metaspace       used 38951K, capacity 39716K, committed 39796K, reserved 1085440K
  class space    used 4500K, capacity 4719K, committed 4732K, reserved 1048576K
2016-10-23T22:31:50.884+0800: 1929.906: [GC (Allocation Failure) 2016-10-23T22:31:50.884+0800: 1929.906: [ParNew
Desired survivor size 20112992 bytes, new threshold 8 (max 8)
- age   1:    2994920 bytes,    2994920 total
- age   2:    5617560 bytes,    8612480 total
- age   3:    3389008 bytes,   12001488 total
- age   4:    1750632 bytes,   13752120 total
- age   5:    2506688 bytes,   16258808 total
- age   6:    1729312 bytes,   17988120 total
- age   7:      13440 bytes,   18001560 total
- age   8:    1548848 bytes,   19550408 total
: 107910K->21824K(109248K), 0.0115348 secs] 121725K->36343K(502464K), 0.0115920 secs] [Times: user=0.05 sys=0.00, real=0.01 secs] 
Heap after GC invocations=18 (full 2):
 par new generation   total 109248K, used 21824K [0x00000007a0000000, 0x00000007a8000000, 0x00000007a8000000)
  eden space 87424K,   0% used [0x00000007a0000000, 0x00000007a0000000, 0x00000007a5560000)
  from space 21824K, 100% used [0x00000007a5560000, 0x00000007a6ab0000, 0x00000007a6ab0000)
  to   space 21824K,   0% used [0x00000007a6ab0000, 0x00000007a6ab0000, 0x00000007a8000000)
 concurrent mark-sweep generation total 393216K, used 14519K [0x00000007a8000000, 0x00000007c0000000, 0x00000007c0000000)
 Metaspace       used 38951K, capacity 39716K, committed 39796K, reserved 1085440K
  class space    used 4500K, capacity 4719K, committed 4732K, reserved 1048576K
}
2016-10-23T22:31:50.896+0800: 1929.918: Total time for which application threads were stopped: 0.0118742 seconds, Stopping threads took: 0.0000972 seconds
{Heap before GC invocations=18 (full 2):
 par new generation   total 109248K, used 109248K [0x00000007a0000000, 0x00000007a8000000, 0x00000007a8000000)
  eden space 87424K, 100% used [0x00000007a0000000, 0x00000007a5560000, 0x00000007a5560000)
  from space 21824K, 100% used [0x00000007a5560000, 0x00000007a6ab0000, 0x00000007a6ab0000)
  to   space 21824K,   0% used [0x00000007a6ab0000, 0x00000007a6ab0000, 0x00000007a8000000)
 concurrent mark-sweep generation total 393216K, used 14519K [0x00000007a8000000, 0x00000007c0000000, 0x00000007c0000000)
 Metaspace       used 39056K, capacity 39780K, committed 40052K, reserved 1085440K
  class space    used 4508K, capacity 4719K, committed 4732K, reserved 1048576K
2016-10-23T22:31:51.133+0800: 1930.156: [GC (Allocation Failure) 2016-10-23T22:31:51.133+0800: 1930.156: [ParNew
Desired survivor size 20112992 bytes, new threshold 8 (max 8)
- age   1:    4826664 bytes,    4826664 total
- age   2:    2006072 bytes,    6832736 total
- age   3:    1703136 bytes,    8535872 total
- age   4:     417984 bytes,    8953856 total
- age   5:     318568 bytes,    9272424 total
- age   6:     854416 bytes,   10126840 total
- age   7:    1729312 bytes,   11856152 total
- age   8:      13440 bytes,   11869592 total
: 109248K->21824K(109248K), 0.0131458 secs] 123767K->37857K(502464K), 0.0132066 secs] [Times: user=0.08 sys=0.01, real=0.01 secs] 
Heap after GC invocations=19 (full 2):
 par new generation   total 109248K, used 21824K [0x00000007a0000000, 0x00000007a8000000, 0x00000007a8000000)
  eden space 87424K,   0% used [0x00000007a0000000, 0x00000007a0000000, 0x00000007a5560000)
  from space 21824K, 100% used [0x00000007a6ab0000, 0x00000007a8000000, 0x00000007a8000000)
  to   space 21824K,   0% used [0x00000007a5560000, 0x00000007a5560000, 0x00000007a6ab0000)
 concurrent mark-sweep generation total 393216K, used 16033K [0x00000007a8000000, 0x00000007c0000000, 0x00000007c0000000)
 Metaspace       used 39056K, capacity 39780K, committed 40052K, reserved 1085440K
  class space    used 4508K, capacity 4719K, committed 4732K, reserved 1048576K
}
2016-10-23T22:31:51.146+0800: 1930.169: Total time for which application threads were stopped: 0.0133792 seconds, Stopping threads took: 0.0000192 seconds
{Heap before GC invocations=19 (full 2):
 par new generation   total 109248K, used 109248K [0x00000007a0000000, 0x00000007a8000000, 0x00000007a8000000)
  eden space 87424K, 100% used [0x00000007a0000000, 0x00000007a5560000, 0x00000007a5560000)
  from space 21824K, 100% used [0x00000007a6ab0000, 0x00000007a8000000, 0x00000007a8000000)
  to   space 21824K,   0% used [0x00000007a5560000, 0x00000007a5560000, 0x00000007a6ab0000)
 concurrent mark-sweep generation total 393216K, used 16033K [0x00000007a8000000, 0x00000007c0000000, 0x00000007c0000000)
 Metaspace       used 39056K, capacity 39780K, committed 40052K, reserved 1085440K
  class space    used 4508K, capacity 4719K, committed 4732K, reserved 1048576K
2016-10-23T22:31:51.400+0800: 1930.422: [GC (Allocation Failure) 2016-10-23T22:31:51.400+0800: 1930.422: [ParNew
Desired survivor size 20112992 bytes, new threshold 8 (max 8)
- age   1:    6199480 bytes,    6199480 total
- age   2:    3203712 bytes,    9403192 total
- age   3:    1967776 bytes,   11370968 total
- age   4:    1697992 bytes,   13068960 total
- age   5:     417984 bytes,   13486944 total
- age   6:     317752 bytes,   13804696 total
- age   7:     854416 bytes,   14659112 total
- age   8:    1729312 bytes,   16388424 total
: 109248K->20020K(109248K), 0.0122940 secs] 125281K->36066K(502464K), 0.0123537 secs] [Times: user=0.06 sys=0.00, real=0.01 secs] 
Heap after GC invocations=20 (full 2):
 par new generation   total 109248K, used 20020K [0x00000007a0000000, 0x00000007a8000000, 0x00000007a8000000)
  eden space 87424K,   0% used [0x00000007a0000000, 0x00000007a0000000, 0x00000007a5560000)
  from space 21824K,  91% used [0x00000007a5560000, 0x00000007a68ed020, 0x00000007a6ab0000)
  to   space 21824K,   0% used [0x00000007a6ab0000, 0x00000007a6ab0000, 0x00000007a8000000)
 concurrent mark-sweep generation total 393216K, used 16046K [0x00000007a8000000, 0x00000007c0000000, 0x00000007c0000000)
 Metaspace       used 39056K, capacity 39780K, committed 40052K, reserved 1085440K
  class space    used 4508K, capacity 4719K, committed 4732K, reserved 1048576K
}
2016-10-23T22:31:51.412+0800: 1930.435: Total time for which application threads were stopped: 0.0125342 seconds, Stopping threads took: 0.0000187 seconds
2016-10-23T22:31:51.649+0800: 1930.672: Total time for which application threads were stopped: 0.0002492 seconds, Stopping threads took: 0.0001042 seconds
{Heap before GC invocations=20 (full 2):
 par new generation   total 109248K, used 107444K [0x00000007a0000000, 0x00000007a8000000, 0x00000007a8000000)
  eden space 87424K, 100% used [0x00000007a0000000, 0x00000007a5560000, 0x00000007a5560000)
  from space 21824K,  91% used [0x00000007a5560000, 0x00000007a68ed020, 0x00000007a6ab0000)
  to   space 21824K,   0% used [0x00000007a6ab0000, 0x00000007a6ab0000, 0x00000007a8000000)
 concurrent mark-sweep generation total 393216K, used 16046K [0x00000007a8000000, 0x00000007c0000000, 0x00000007c0000000)
 Metaspace       used 39077K, capacity 39852K, committed 40052K, reserved 1085440K
  class space    used 4508K, capacity 4719K, committed 4732K, reserved 1048576K
2016-10-23T22:31:51.658+0800: 1930.681: [GC (Allocation Failure) 2016-10-23T22:31:51.658+0800: 1930.681: [ParNew
Desired survivor size 20112992 bytes, new threshold 8 (max 8)
- age   1:    6853808 bytes,    6853808 total
- age   2:    3788520 bytes,   10642328 total
- age   3:    2643200 bytes,   13285528 total
- age   4:    1712896 bytes,   14998424 total
- age   5:    1532216 bytes,   16530640 total
- age   6:     417952 bytes,   16948592 total
- age   7:     317752 bytes,   17266344 total
- age   8:     854416 bytes,   18120760 total
: 107444K->21824K(109248K), 0.0140782 secs] 123490K->40017K(502464K), 0.0141494 secs] [Times: user=0.06 sys=0.00, real=0.02 secs] 
Heap after GC invocations=21 (full 2):
 par new generation   total 109248K, used 21824K [0x00000007a0000000, 0x00000007a8000000, 0x00000007a8000000)
  eden space 87424K,   0% used [0x00000007a0000000, 0x00000007a0000000, 0x00000007a5560000)
  from space 21824K, 100% used [0x00000007a6ab0000, 0x00000007a8000000, 0x00000007a8000000)
  to   space 21824K,   0% used [0x00000007a5560000, 0x00000007a5560000, 0x00000007a6ab0000)
 concurrent mark-sweep generation total 393216K, used 18193K [0x00000007a8000000, 0x00000007c0000000, 0x00000007c0000000)
 Metaspace       used 39077K, capacity 39852K, committed 40052K, reserved 1085440K
  class space    used 4508K, capacity 4719K, committed 4732K, reserved 1048576K
}
2016-10-23T22:31:51.672+0800: 1930.695: Total time for which application threads were stopped: 0.0143906 seconds, Stopping threads took: 0.0000787 seconds
2016-10-23T22:31:51.717+0800: 1930.739: Total time for which application threads were stopped: 0.0002351 seconds, Stopping threads took: 0.0001124 seconds
2016-10-23T22:31:51.717+0800: 1930.739: Total time for which application threads were stopped: 0.0001339 seconds, Stopping threads took: 0.0000120 seconds
{Heap before GC invocations=21 (full 2):
 par new generation   total 109248K, used 109248K [0x00000007a0000000, 0x00000007a8000000, 0x00000007a8000000)
  eden space 87424K, 100% used [0x00000007a0000000, 0x00000007a5560000, 0x00000007a5560000)
  from space 21824K, 100% used [0x00000007a6ab0000, 0x00000007a8000000, 0x00000007a8000000)
  to   space 21824K,   0% used [0x00000007a5560000, 0x00000007a5560000, 0x00000007a6ab0000)
 concurrent mark-sweep generation total 393216K, used 18193K [0x00000007a8000000, 0x00000007c0000000, 0x00000007c0000000)
 Metaspace       used 39084K, capacity 39852K, committed 40052K, reserved 1085440K
  class space    used 4508K, capacity 4719K, committed 4732K, reserved 1048576K
2016-10-23T22:31:51.866+0800: 1930.888: [GC (Allocation Failure) 2016-10-23T22:31:51.866+0800: 1930.888: [ParNew
Desired survivor size 20112992 bytes, new threshold 8 (max 8)
- age   1:    3003568 bytes,    3003568 total
- age   2:    6410800 bytes,    9414368 total
- age   3:    3637856 bytes,   13052224 total
- age   4:    2516328 bytes,   15568552 total
- age   5:    1629360 bytes,   17197912 total
- age   6:    1364192 bytes,   18562104 total
- age   7:     417952 bytes,   18980056 total
- age   8:     317752 bytes,   19297808 total
: 109248K->21824K(109248K), 0.0118220 secs] 127441K->40867K(502464K), 0.0118649 secs] [Times: user=0.05 sys=0.00, real=0.01 secs] 
Heap after GC invocations=22 (full 2):
 par new generation   total 109248K, used 21824K [0x00000007a0000000, 0x00000007a8000000, 0x00000007a8000000)
  eden space 87424K,   0% used [0x00000007a0000000, 0x00000007a0000000, 0x00000007a5560000)
  from space 21824K, 100% used [0x00000007a5560000, 0x00000007a6ab0000, 0x00000007a6ab0000)
  to   space 21824K,   0% used [0x00000007a6ab0000, 0x00000007a6ab0000, 0x00000007a8000000)
 concurrent mark-sweep generation total 393216K, used 19043K [0x00000007a8000000, 0x00000007c0000000, 0x00000007c0000000)
 Metaspace       used 39084K, capacity 39852K, committed 40052K, reserved 1085440K
  class space    used 4508K, capacity 4719K, committed 4732K, reserved 1048576K
}
2016-10-23T22:31:51.878+0800: 1930.900: Total time for which application threads were stopped: 0.0121566 seconds, Stopping threads took: 0.0001120 seconds
{Heap before GC invocations=22 (full 2):
 par new generation   total 109248K, used 109248K [0x00000007a0000000, 0x00000007a8000000, 0x00000007a8000000)
  eden space 87424K, 100% used [0x00000007a0000000, 0x00000007a5560000, 0x00000007a5560000)
  from space 21824K, 100% used [0x00000007a5560000, 0x00000007a6ab0000, 0x00000007a6ab0000)
  to   space 21824K,   0% used [0x00000007a6ab0000, 0x00000007a6ab0000, 0x00000007a8000000)
 concurrent mark-sweep generation total 393216K, used 19043K [0x00000007a8000000, 0x00000007c0000000, 0x00000007c0000000)
 Metaspace       used 39097K, capacity 39852K, committed 40052K, reserved 1085440K
  class space    used 4508K, capacity 4719K, committed 4732K, reserved 1048576K
2016-10-23T22:31:52.094+0800: 1931.116: [GC (Allocation Failure) 2016-10-23T22:31:52.094+0800: 1931.116: [ParNew
Desired survivor size 20112992 bytes, new threshold 8 (max 8)
- age   1:    3686464 bytes,    3686464 total
- age   2:    2099656 bytes,    5786120 total
- age   3:    1361056 bytes,    7147176 total
- age   4:     402976 bytes,    7550152 total
- age   5:     411992 bytes,    7962144 total
- age   6:     223320 bytes,    8185464 total
- age   7:     390152 bytes,    8575616 total
- age   8:     417920 bytes,    8993536 total
: 109248K->21824K(109248K), 0.0084387 secs] 128291K->41179K(502464K), 0.0084923 secs] [Times: user=0.04 sys=0.00, real=0.01 secs] 
Heap after GC invocations=23 (full 2):
 par new generation   total 109248K, used 21824K [0x00000007a0000000, 0x00000007a8000000, 0x00000007a8000000)
  eden space 87424K,   0% used [0x00000007a0000000, 0x00000007a0000000, 0x00000007a5560000)
  from space 21824K, 100% used [0x00000007a6ab0000, 0x00000007a8000000, 0x00000007a8000000)
  to   space 21824K,   0% used [0x00000007a5560000, 0x00000007a5560000, 0x00000007a6ab0000)
 concurrent mark-sweep generation total 393216K, used 19355K [0x00000007a8000000, 0x00000007c0000000, 0x00000007c0000000)
 Metaspace       used 39097K, capacity 39852K, committed 40052K, reserved 1085440K
  class space    used 4508K, capacity 4719K, committed 4732K, reserved 1048576K
}
2016-10-23T22:31:52.103+0800: 1931.125: Total time for which application threads were stopped: 0.0086648 seconds, Stopping threads took: 0.0000175 seconds
{Heap before GC invocations=23 (full 2):
 par new generation   total 109248K, used 109248K [0x00000007a0000000, 0x00000007a8000000, 0x00000007a8000000)
  eden space 87424K, 100% used [0x00000007a0000000, 0x00000007a5560000, 0x00000007a5560000)
  from space 21824K, 100% used [0x00000007a6ab0000, 0x00000007a8000000, 0x00000007a8000000)
  to   space 21824K,   0% used [0x00000007a5560000, 0x00000007a5560000, 0x00000007a6ab0000)
 concurrent mark-sweep generation total 393216K, used 19355K [0x00000007a8000000, 0x00000007c0000000, 0x00000007c0000000)
 Metaspace       used 39097K, capacity 39852K, committed 40052K, reserved 1085440K
  class space    used 4508K, capacity 4719K, committed 4732K, reserved 1048576K
2016-10-23T22:31:52.405+0800: 1931.427: [GC (Allocation Failure) 2016-10-23T22:31:52.405+0800: 1931.427: [ParNew
Desired survivor size 20112992 bytes, new threshold 8 (max 8)
- age   1:    5962624 bytes,    5962624 total
- age   2:    2356152 bytes,    8318776 total
- age   3:    2068056 bytes,   10386832 total
- age   4:    1362616 bytes,   11749448 total
- age   5:     402976 bytes,   12152424 total
- age   6:     411176 bytes,   12563600 total
- age   7:     223320 bytes,   12786920 total
- age   8:     390152 bytes,   13177072 total
: 109248K->16208K(109248K), 0.0104425 secs] 128603K->35973K(502464K), 0.0104916 secs] [Times: user=0.04 sys=0.01, real=0.01 secs] 
Heap after GC invocations=24 (full 2):
 par new generation   total 109248K, used 16208K [0x00000007a0000000, 0x00000007a8000000, 0x00000007a8000000)
  eden space 87424K,   0% used [0x00000007a0000000, 0x00000007a0000000, 0x00000007a5560000)
  from space 21824K,  74% used [0x00000007a5560000, 0x00000007a65342b0, 0x00000007a6ab0000)
  to   space 21824K,   0% used [0x00000007a6ab0000, 0x00000007a6ab0000, 0x00000007a8000000)
 concurrent mark-sweep generation total 393216K, used 19764K [0x00000007a8000000, 0x00000007c0000000, 0x00000007c0000000)
 Metaspace       used 39097K, capacity 39852K, committed 40052K, reserved 1085440K
  class space    used 4508K, capacity 4719K, committed 4732K, reserved 1048576K
}
2016-10-23T22:31:52.416+0800: 1931.438: Total time for which application threads were stopped: 0.0106697 seconds, Stopping threads took: 0.0000173 seconds
2016-10-23T22:31:52.650+0800: 1931.673: Total time for which application threads were stopped: 0.0002019 seconds, Stopping threads took: 0.0000663 seconds
{Heap before GC invocations=24 (full 2):
 par new generation   total 109248K, used 103632K [0x00000007a0000000, 0x00000007a8000000, 0x00000007a8000000)
  eden space 87424K, 100% used [0x00000007a0000000, 0x00000007a5560000, 0x00000007a5560000)
  from space 21824K,  74% used [0x00000007a5560000, 0x00000007a65342b0, 0x00000007a6ab0000)
  to   space 21824K,   0% used [0x00000007a6ab0000, 0x00000007a6ab0000, 0x00000007a8000000)
 concurrent mark-sweep generation total 393216K, used 19764K [0x00000007a8000000, 0x00000007c0000000, 0x00000007c0000000)
 Metaspace       used 39099K, capacity 39852K, committed 40052K, reserved 1085440K
  class space    used 4508K, capacity 4719K, committed 4732K, reserved 1048576K
2016-10-23T22:31:52.669+0800: 1931.691: [GC (Allocation Failure) 2016-10-23T22:31:52.669+0800: 1931.691: [ParNew
Desired survivor size 20112992 bytes, new threshold 8 (max 8)
- age   1:    5892056 bytes,    5892056 total
- age   2:    4179736 bytes,   10071792 total
- age   3:    2011096 bytes,   12082888 total
- age   4:    1840696 bytes,   13923584 total
- age   5:    1206072 bytes,   15129656 total
- age   6:     402976 bytes,   15532632 total
- age   7:     411176 bytes,   15943808 total
- age   8:     223320 bytes,   16167128 total
: 103632K->21824K(109248K), 0.0102597 secs] 123397K->41970K(502464K), 0.0103100 secs] [Times: user=0.03 sys=0.00, real=0.01 secs] 
Heap after GC invocations=25 (full 2):
 par new generation   total 109248K, used 21824K [0x00000007a0000000, 0x00000007a8000000, 0x00000007a8000000)
  eden space 87424K,   0% used [0x00000007a0000000, 0x00000007a0000000, 0x00000007a5560000)
  from space 21824K, 100% used [0x00000007a6ab0000, 0x00000007a8000000, 0x00000007a8000000)
  to   space 21824K,   0% used [0x00000007a5560000, 0x00000007a5560000, 0x00000007a6ab0000)
 concurrent mark-sweep generation total 393216K, used 20146K [0x00000007a8000000, 0x00000007c0000000, 0x00000007c0000000)
 Metaspace       used 39099K, capacity 39852K, committed 40052K, reserved 1085440K
  class space    used 4508K, capacity 4719K, committed 4732K, reserved 1048576K
}
2016-10-23T22:31:52.679+0800: 1931.701: Total time for which application threads were stopped: 0.0105205 seconds, Stopping threads took: 0.0000734 seconds
2016-10-23T22:31:52.694+0800: 1931.716: Total time for which application threads were stopped: 0.0002281 seconds, Stopping threads took: 0.0001130 seconds
2016-10-23T22:31:52.694+0800: 1931.717: Total time for which application threads were stopped: 0.0001231 seconds, Stopping threads took: 0.0000613 seconds
{Heap before GC invocations=25 (full 2):
 par new generation   total 109248K, used 109248K [0x00000007a0000000, 0x00000007a8000000, 0x00000007a8000000)
  eden space 87424K, 100% used [0x00000007a0000000, 0x00000007a5560000, 0x00000007a5560000)
  from space 21824K, 100% used [0x00000007a6ab0000, 0x00000007a8000000, 0x00000007a8000000)
  to   space 21824K,   0% used [0x00000007a5560000, 0x00000007a5560000, 0x00000007a6ab0000)
 concurrent mark-sweep generation total 393216K, used 20146K [0x00000007a8000000, 0x00000007c0000000, 0x00000007c0000000)
 Metaspace       used 39104K, capacity 39852K, committed 40052K, reserved 1085440K
  class space    used 4508K, capacity 4719K, committed 4732K, reserved 1048576K
2016-10-23T22:31:52.811+0800: 1931.834: [GC (Allocation Failure) 2016-10-23T22:31:52.811+0800: 1931.834: [ParNew
Desired survivor size 20112992 bytes, new threshold 8 (max 8)
- age   1:    2395952 bytes,    2395952 total
- age   2:    5492600 bytes,    7888552 total
- age   3:    4070136 bytes,   11958688 total
- age   4:    1948024 bytes,   13906712 total
- age   5:    1777768 bytes,   15684480 total
- age   6:    1085376 bytes,   16769856 total
- age   7:     402976 bytes,   17172832 total
- age   8:     411176 bytes,   17584008 total
: 109248K->19816K(109248K), 0.0099459 secs] 129394K->40181K(502464K), 0.0100008 secs] [Times: user=0.05 sys=0.01, real=0.01 secs] 
Heap after GC invocations=26 (full 2):
 par new generation   total 109248K, used 19816K [0x00000007a0000000, 0x00000007a8000000, 0x00000007a8000000)
  eden space 87424K,   0% used [0x00000007a0000000, 0x00000007a0000000, 0x00000007a5560000)
  from space 21824K,  90% used [0x00000007a5560000, 0x00000007a68ba1d8, 0x00000007a6ab0000)
  to   space 21824K,   0% used [0x00000007a6ab0000, 0x00000007a6ab0000, 0x00000007a8000000)
 concurrent mark-sweep generation total 393216K, used 20364K [0x00000007a8000000, 0x00000007c0000000, 0x00000007c0000000)
 Metaspace       used 39104K, capacity 39852K, committed 40052K, reserved 1085440K
  class space    used 4508K, capacity 4719K, committed 4732K, reserved 1048576K
}
2016-10-23T22:31:52.821+0800: 1931.844: Total time for which application threads were stopped: 0.0103427 seconds, Stopping threads took: 0.0000188 seconds
{Heap before GC invocations=26 (full 2):
 par new generation   total 109248K, used 107240K [0x00000007a0000000, 0x00000007a8000000, 0x00000007a8000000)
  eden space 87424K, 100% used [0x00000007a0000000, 0x00000007a5560000, 0x00000007a5560000)
  from space 21824K,  90% used [0x00000007a5560000, 0x00000007a68ba1d8, 0x00000007a6ab0000)
  to   space 21824K,   0% used [0x00000007a6ab0000, 0x00000007a6ab0000, 0x00000007a8000000)
 concurrent mark-sweep generation total 393216K, used 20364K [0x00000007a8000000, 0x00000007c0000000, 0x00000007c0000000)
 Metaspace       used 39111K, capacity 39852K, committed 40052K, reserved 1085440K
  class space    used 4508K, capacity 4719K, committed 4732K, reserved 1048576K
2016-10-23T22:31:53.046+0800: 1932.069: [GC (Allocation Failure) 2016-10-23T22:31:53.046+0800: 1932.069: [ParNew
Desired survivor size 20112992 bytes, new threshold 8 (max 8)
- age   1:    4728632 bytes,    4728632 total
- age   2:    1552944 bytes,    6281576 total
- age   3:    1449480 bytes,    7731056 total
- age   4:     399112 bytes,    8130168 total
- age   5:     305232 bytes,    8435400 total
- age   6:     237408 bytes,    8672808 total
- age   7:     397496 bytes,    9070304 total
- age   8:     402976 bytes,    9473280 total
: 107240K->18562K(109248K), 0.0070372 secs] 127605K->39328K(502464K), 0.0071021 secs] [Times: user=0.03 sys=0.00, real=0.01 secs] 
Heap after GC invocations=27 (full 2):
 par new generation   total 109248K, used 18562K [0x00000007a0000000, 0x00000007a8000000, 0x00000007a8000000)
  eden space 87424K,   0% used [0x00000007a0000000, 0x00000007a0000000, 0x00000007a5560000)
  from space 21824K,  85% used [0x00000007a6ab0000, 0x00000007a7cd0870, 0x00000007a8000000)
  to   space 21824K,   0% used [0x00000007a5560000, 0x00000007a5560000, 0x00000007a6ab0000)
 concurrent mark-sweep generation total 393216K, used 20766K [0x00000007a8000000, 0x00000007c0000000, 0x00000007c0000000)
 Metaspace       used 39111K, capacity 39852K, committed 40052K, reserved 1085440K
  class space    used 4508K, capacity 4719K, committed 4732K, reserved 1048576K
}
2016-10-23T22:31:53.054+0800: 1932.076: Total time for which application threads were stopped: 0.0073209 seconds, Stopping threads took: 0.0000293 seconds
{Heap before GC invocations=27 (full 2):
 par new generation   total 109248K, used 105986K [0x00000007a0000000, 0x00000007a8000000, 0x00000007a8000000)
  eden space 87424K, 100% used [0x00000007a0000000, 0x00000007a5560000, 0x00000007a5560000)
  from space 21824K,  85% used [0x00000007a6ab0000, 0x00000007a7cd0870, 0x00000007a8000000)
  to   space 21824K,   0% used [0x00000007a5560000, 0x00000007a5560000, 0x00000007a6ab0000)
 concurrent mark-sweep generation total 393216K, used 20766K [0x00000007a8000000, 0x00000007c0000000, 0x00000007c0000000)
 Metaspace       used 39111K, capacity 39852K, committed 40052K, reserved 1085440K
  class space    used 4508K, capacity 4719K, committed 4732K, reserved 1048576K
2016-10-23T22:31:53.286+0800: 1932.308: [GC (Allocation Failure) 2016-10-23T22:31:53.286+0800: 1932.308: [ParNew
Desired survivor size 20112992 bytes, new threshold 8 (max 8)
- age   1:    6157616 bytes,    6157616 total
- age   2:    3144072 bytes,    9301688 total
- age   3:    1552936 bytes,   10854624 total
- age   4:    1445488 bytes,   12300112 total
- age   5:     399112 bytes,   12699224 total
- age   6:     304416 bytes,   13003640 total
- age   7:     237408 bytes,   13241048 total
- age   8:     397496 bytes,   13638544 total
: 105986K->16329K(109248K), 0.0080625 secs] 126752K->37489K(502464K), 0.0081419 secs] [Times: user=0.03 sys=0.00, real=0.01 secs] 
Heap after GC invocations=28 (full 2):
 par new generation   total 109248K, used 16329K [0x00000007a0000000, 0x00000007a8000000, 0x00000007a8000000)
  eden space 87424K,   0% used [0x00000007a0000000, 0x00000007a0000000, 0x00000007a5560000)
  from space 21824K,  74% used [0x00000007a5560000, 0x00000007a6552520, 0x00000007a6ab0000)
  to   space 21824K,   0% used [0x00000007a6ab0000, 0x00000007a6ab0000, 0x00000007a8000000)
 concurrent mark-sweep generation total 393216K, used 21160K [0x00000007a8000000, 0x00000007c0000000, 0x00000007c0000000)
 Metaspace       used 39111K, capacity 39852K, committed 40052K, reserved 1085440K
  class space    used 4508K, capacity 4719K, committed 4732K, reserved 1048576K
}
2016-10-23T22:31:53.294+0800: 1932.316: Total time for which application threads were stopped: 0.0083280 seconds, Stopping threads took: 0.0000291 seconds
{Heap before GC invocations=28 (full 2):
 par new generation   total 109248K, used 103753K [0x00000007a0000000, 0x00000007a8000000, 0x00000007a8000000)
  eden space 87424K, 100% used [0x00000007a0000000, 0x00000007a5560000, 0x00000007a5560000)
  from space 21824K,  74% used [0x00000007a5560000, 0x00000007a6552520, 0x00000007a6ab0000)
  to   space 21824K,   0% used [0x00000007a6ab0000, 0x00000007a6ab0000, 0x00000007a8000000)
 concurrent mark-sweep generation total 393216K, used 21160K [0x00000007a8000000, 0x00000007c0000000, 0x00000007c0000000)
 Metaspace       used 39111K, capacity 39852K, committed 40052K, reserved 1085440K
  class space    used 4508K, capacity 4719K, committed 4732K, reserved 1048576K
2016-10-23T22:31:53.548+0800: 1932.570: [GC (Allocation Failure) 2016-10-23T22:31:53.548+0800: 1932.570: [ParNew
Desired survivor size 20112992 bytes, new threshold 8 (max 8)
- age   1:    6553376 bytes,    6553376 total
- age   2:    4210208 bytes,   10763584 total
- age   3:    3113784 bytes,   13877368 total
- age   4:    1550216 bytes,   15427584 total
- age   5:    1445408 bytes,   16872992 total
- age   6:     399112 bytes,   17272104 total
- age   7:     304416 bytes,   17576520 total
- age   8:     237408 bytes,   17813928 total
: 103753K->21824K(109248K), 0.0103701 secs] 124913K->43373K(502464K), 0.0104525 secs] [Times: user=0.03 sys=0.01, real=0.01 secs] 
Heap after GC invocations=29 (full 2):
 par new generation   total 109248K, used 21824K [0x00000007a0000000, 0x00000007a8000000, 0x00000007a8000000)
  eden space 87424K,   0% used [0x00000007a0000000, 0x00000007a0000000, 0x00000007a5560000)
  from space 21824K, 100% used [0x00000007a6ab0000, 0x00000007a8000000, 0x00000007a8000000)
  to   space 21824K,   0% used [0x00000007a5560000, 0x00000007a5560000, 0x00000007a6ab0000)
 concurrent mark-sweep generation total 393216K, used 21549K [0x00000007a8000000, 0x00000007c0000000, 0x00000007c0000000)
 Metaspace       used 39111K, capacity 39852K, committed 40052K, reserved 1085440K
  class space    used 4508K, capacity 4719K, committed 4732K, reserved 1048576K
}
2016-10-23T22:31:53.558+0800: 1932.581: Total time for which application threads were stopped: 0.0106421 seconds, Stopping threads took: 0.0000298 seconds
2016-10-23T22:31:53.651+0800: 1932.673: Total time for which application threads were stopped: 0.0001444 seconds, Stopping threads took: 0.0000193 seconds
2016-10-23T22:31:53.673+0800: 1932.696: Total time for which application threads were stopped: 0.0001869 seconds, Stopping threads took: 0.0000699 seconds
2016-10-23T22:31:53.674+0800: 1932.696: Total time for which application threads were stopped: 0.0001058 seconds, Stopping threads took: 0.0000093 seconds
{Heap before GC invocations=29 (full 2):
 par new generation   total 109248K, used 109248K [0x00000007a0000000, 0x00000007a8000000, 0x00000007a8000000)
  eden space 87424K, 100% used [0x00000007a0000000, 0x00000007a5560000, 0x00000007a5560000)
  from space 21824K, 100% used [0x00000007a6ab0000, 0x00000007a8000000, 0x00000007a8000000)
  to   space 21824K,   0% used [0x00000007a5560000, 0x00000007a5560000, 0x00000007a6ab0000)
 concurrent mark-sweep generation total 393216K, used 21549K [0x00000007a8000000, 0x00000007c0000000, 0x00000007c0000000)
 Metaspace       used 39116K, capacity 39856K, committed 40052K, reserved 1085440K
  class space    used 4508K, capacity 4719K, committed 4732K, reserved 1048576K
2016-10-23T22:31:53.735+0800: 1932.758: [GC (Allocation Failure) 2016-10-23T22:31:53.735+0800: 1932.758: [ParNew
Desired survivor size 20112992 bytes, new threshold 8 (max 8)
- age   1:    5244336 bytes,    5244336 total
- age   2:    4449088 bytes,    9693424 total
- age   3:    3588296 bytes,   13281720 total
- age   4:    2586728 bytes,   15868448 total
- age   5:    1287720 bytes,   17156168 total
- age   6:    1143472 bytes,   18299640 total
- age   7:     399112 bytes,   18698752 total
- age   8:     304384 bytes,   19003136 total
: 109248K->21824K(109248K), 0.0113891 secs] 130797K->44009K(502464K), 0.0114484 secs] [Times: user=0.04 sys=0.00, real=0.01 secs] 
Heap after GC invocations=30 (full 2):
 par new generation   total 109248K, used 21824K [0x00000007a0000000, 0x00000007a8000000, 0x00000007a8000000)
  eden space 87424K,   0% used [0x00000007a0000000, 0x00000007a0000000, 0x00000007a5560000)
  from space 21824K, 100% used [0x00000007a5560000, 0x00000007a6ab0000, 0x00000007a6ab0000)
  to   space 21824K,   0% used [0x00000007a6ab0000, 0x00000007a6ab0000, 0x00000007a8000000)
 concurrent mark-sweep generation total 393216K, used 22185K [0x00000007a8000000, 0x00000007c0000000, 0x00000007c0000000)
 Metaspace       used 39116K, capacity 39856K, committed 40052K, reserved 1085440K
  class space    used 4508K, capacity 4719K, committed 4732K, reserved 1048576K
}
2016-10-23T22:31:53.747+0800: 1932.769: Total time for which application threads were stopped: 0.0116937 seconds, Stopping threads took: 0.0000723 seconds
2016-10-23T22:31:53.759+0800: 1932.782: Total time for which application threads were stopped: 0.0001408 seconds, Stopping threads took: 0.0000628 seconds
2016-10-23T22:31:53.826+0800: 1932.848: Total time for which application threads were stopped: 0.0001606 seconds, Stopping threads took: 0.0000725 seconds
{Heap before GC invocations=30 (full 2):
 par new generation   total 109248K, used 109248K [0x00000007a0000000, 0x00000007a8000000, 0x00000007a8000000)
  eden space 87424K, 100% used [0x00000007a0000000, 0x00000007a5560000, 0x00000007a5560000)
  from space 21824K, 100% used [0x00000007a5560000, 0x00000007a6ab0000, 0x00000007a6ab0000)
  to   space 21824K,   0% used [0x00000007a6ab0000, 0x00000007a6ab0000, 0x00000007a8000000)
 concurrent mark-sweep generation total 393216K, used 22185K [0x00000007a8000000, 0x00000007c0000000, 0x00000007c0000000)
 Metaspace       used 39126K, capacity 39862K, committed 40052K, reserved 1085440K
  class space    used 4509K, capacity 4720K, committed 4732K, reserved 1048576K
2016-10-23T22:31:53.880+0800: 1932.902: [GC (Allocation Failure) 2016-10-23T22:31:53.880+0800: 1932.903: [ParNew
Desired survivor size 20112992 bytes, new threshold 8 (max 8)
- age   1:    2561560 bytes,    2561560 total
- age   2:    2289944 bytes,    4851504 total
- age   3:     414920 bytes,    5266424 total
- age   4:     408504 bytes,    5674928 total
- age   5:     406976 bytes,    6081904 total
- age   6:     177072 bytes,    6258976 total
- age   7:     394096 bytes,    6653072 total
- age   8:     399112 bytes,    7052184 total
: 109248K->17872K(109248K), 0.0063228 secs] 131433K->40355K(502464K), 0.0063832 secs] [Times: user=0.02 sys=0.00, real=0.00 secs] 
Heap after GC invocations=31 (full 2):
 par new generation   total 109248K, used 17872K [0x00000007a0000000, 0x00000007a8000000, 0x00000007a8000000)
  eden space 87424K,   0% used [0x00000007a0000000, 0x00000007a0000000, 0x00000007a5560000)
  from space 21824K,  81% used [0x00000007a6ab0000, 0x00000007a7c243c0, 0x00000007a8000000)
  to   space 21824K,   0% used [0x00000007a5560000, 0x00000007a5560000, 0x00000007a6ab0000)
 concurrent mark-sweep generation total 393216K, used 22482K [0x00000007a8000000, 0x00000007c0000000, 0x00000007c0000000)
 Metaspace       used 39126K, capacity 39862K, committed 40052K, reserved 1085440K
  class space    used 4509K, capacity 4720K, committed 4732K, reserved 1048576K
}
2016-10-23T22:31:53.886+0800: 1932.909: Total time for which application threads were stopped: 0.0065827 seconds, Stopping threads took: 0.0000161 seconds
{Heap before GC invocations=31 (full 2):
 par new generation   total 109248K, used 105296K [0x00000007a0000000, 0x00000007a8000000, 0x00000007a8000000)
  eden space 87424K, 100% used [0x00000007a0000000, 0x00000007a5560000, 0x00000007a5560000)
  from space 21824K,  81% used [0x00000007a6ab0000, 0x00000007a7c243c0, 0x00000007a8000000)
  to   space 21824K,   0% used [0x00000007a5560000, 0x00000007a5560000, 0x00000007a6ab0000)
 concurrent mark-sweep generation total 393216K, used 22482K [0x00000007a8000000, 0x00000007c0000000, 0x00000007c0000000)
 Metaspace       used 39126K, capacity 39862K, committed 40052K, reserved 1085440K
  class space    used 4509K, capacity 4720K, committed 4732K, reserved 1048576K
2016-10-23T22:31:54.129+0800: 1933.151: [GC (Allocation Failure) 2016-10-23T22:31:54.129+0800: 1933.151: [ParNew
Desired survivor size 20112992 bytes, new threshold 8 (max 8)
- age   1:    5504896 bytes,    5504896 total
- age   2:    1563144 bytes,    7068040 total
- age   3:    2273384 bytes,    9341424 total
- age   4:     414920 bytes,    9756344 total
- age   5:     408504 bytes,   10164848 total
- age   6:     406160 bytes,   10571008 total
- age   7:     177072 bytes,   10748080 total
- age   8:     394096 bytes,   11142176 total
: 105296K->13749K(109248K), 0.0074596 secs] 127779K->36621K(502464K), 0.0075169 secs] [Times: user=0.03 sys=0.01, real=0.01 secs] 
Heap after GC invocations=32 (full 2):
 par new generation   total 109248K, used 13749K [0x00000007a0000000, 0x00000007a8000000, 0x00000007a8000000)
  eden space 87424K,   0% used [0x00000007a0000000, 0x00000007a0000000, 0x00000007a5560000)
  from space 21824K,  63% used [0x00000007a5560000, 0x00000007a62cd530, 0x00000007a6ab0000)
  to   space 21824K,   0% used [0x00000007a6ab0000, 0x00000007a6ab0000, 0x00000007a8000000)
 concurrent mark-sweep generation total 393216K, used 22872K [0x00000007a8000000, 0x00000007c0000000, 0x00000007c0000000)
 Metaspace       used 39126K, capacity 39862K, committed 40052K, reserved 1085440K
  class space    used 4509K, capacity 4720K, committed 4732K, reserved 1048576K
}
2016-10-23T22:31:54.136+0800: 1933.159: Total time for which application threads were stopped: 0.0077005 seconds, Stopping threads took: 0.0000221 seconds
{Heap before GC invocations=32 (full 2):
 par new generation   total 109248K, used 101173K [0x00000007a0000000, 0x00000007a8000000, 0x00000007a8000000)
  eden space 87424K, 100% used [0x00000007a0000000, 0x00000007a5560000, 0x00000007a5560000)
  from space 21824K,  63% used [0x00000007a5560000, 0x00000007a62cd530, 0x00000007a6ab0000)
  to   space 21824K,   0% used [0x00000007a6ab0000, 0x00000007a6ab0000, 0x00000007a8000000)
 concurrent mark-sweep generation total 393216K, used 22872K [0x00000007a8000000, 0x00000007c0000000, 0x00000007c0000000)
 Metaspace       used 39126K, capacity 39862K, committed 40052K, reserved 1085440K
  class space    used 4509K, capacity 4720K, committed 4732K, reserved 1048576K
2016-10-23T22:31:54.388+0800: 1933.410: [GC (Allocation Failure) 2016-10-23T22:31:54.388+0800: 1933.410: [ParNew
Desired survivor size 20112992 bytes, new threshold 8 (max 8)
- age   1:    5922688 bytes,    5922688 total
- age   2:    4009448 bytes,    9932136 total
- age   3:    1529216 bytes,   11461352 total
- age   4:    2262536 bytes,   13723888 total
- age   5:     414920 bytes,   14138808 total
- age   6:     408504 bytes,   14547312 total
- age   7:     406160 bytes,   14953472 total
- age   8:     177072 bytes,   15130544 total
: 101173K->16644K(109248K), 0.0084019 secs] 124045K->39901K(502464K), 0.0084740 secs] [Times: user=0.03 sys=0.00, real=0.01 secs] 
Heap after GC invocations=33 (full 2):
 par new generation   total 109248K, used 16644K [0x00000007a0000000, 0x00000007a8000000, 0x00000007a8000000)
  eden space 87424K,   0% used [0x00000007a0000000, 0x00000007a0000000, 0x00000007a5560000)
  from space 21824K,  76% used [0x00000007a6ab0000, 0x00000007a7af1250, 0x00000007a8000000)
  to   space 21824K,   0% used [0x00000007a5560000, 0x00000007a5560000, 0x00000007a6ab0000)
 concurrent mark-sweep generation total 393216K, used 23257K [0x00000007a8000000, 0x00000007c0000000, 0x00000007c0000000)
 Metaspace       used 39126K, capacity 39862K, committed 40052K, reserved 1085440K
  class space    used 4509K, capacity 4720K, committed 4732K, reserved 1048576K
}
2016-10-23T22:31:54.396+0800: 1933.419: Total time for which application threads were stopped: 0.0086513 seconds, Stopping threads took: 0.0000237 seconds
{Heap before GC invocations=33 (full 2):
 par new generation   total 109248K, used 104068K [0x00000007a0000000, 0x00000007a8000000, 0x00000007a8000000)
  eden space 87424K, 100% used [0x00000007a0000000, 0x00000007a5560000, 0x00000007a5560000)
  from space 21824K,  76% used [0x00000007a6ab0000, 0x00000007a7af1250, 0x00000007a8000000)
  to   space 21824K,   0% used [0x00000007a5560000, 0x00000007a5560000, 0x00000007a6ab0000)
 concurrent mark-sweep generation total 393216K, used 23257K [0x00000007a8000000, 0x00000007c0000000, 0x00000007c0000000)
 Metaspace       used 39128K, capacity 39862K, committed 40052K, reserved 1085440K
  class space    used 4509K, capacity 4720K, committed 4732K, reserved 1048576K
2016-10-23T22:31:54.639+0800: 1933.661: [GC (Allocation Failure) 2016-10-23T22:31:54.639+0800: 1933.661: [ParNew
Desired survivor size 20112992 bytes, new threshold 8 (max 8)
- age   1:    6943672 bytes,    6943672 total
- age   2:    3905120 bytes,   10848792 total
- age   3:    3271744 bytes,   14120536 total
- age   4:    1461032 bytes,   15581568 total
- age   5:    2156832 bytes,   17738400 total
- age   6:     414920 bytes,   18153320 total
- age   7:     408504 bytes,   18561824 total
- age   8:     406128 bytes,   18967952 total
: 104068K->21824K(109248K), 0.0107164 secs] 127325K->46338K(502464K), 0.0107717 secs] [Times: user=0.04 sys=0.00, real=0.02 secs] 
Heap after GC invocations=34 (full 2):
 par new generation   total 109248K, used 21824K [0x00000007a0000000, 0x00000007a8000000, 0x00000007a8000000)
  eden space 87424K,   0% used [0x00000007a0000000, 0x00000007a0000000, 0x00000007a5560000)
  from space 21824K, 100% used [0x00000007a5560000, 0x00000007a6ab0000, 0x00000007a6ab0000)
  to   space 21824K,   0% used [0x00000007a6ab0000, 0x00000007a6ab0000, 0x00000007a8000000)
 concurrent mark-sweep generation total 393216K, used 24514K [0x00000007a8000000, 0x00000007c0000000, 0x00000007c0000000)
 Metaspace       used 39128K, capacity 39862K, committed 40052K, reserved 1085440K
  class space    used 4509K, capacity 4720K, committed 4732K, reserved 1048576K
}
2016-10-23T22:31:54.650+0800: 1933.672: Total time for which application threads were stopped: 0.0109761 seconds, Stopping threads took: 0.0000375 seconds
2016-10-23T22:31:54.664+0800: 1933.687: Total time for which application threads were stopped: 0.0002257 seconds, Stopping threads took: 0.0000931 seconds
2016-10-23T22:31:54.694+0800: 1933.716: Total time for which application threads were stopped: 0.0002090 seconds, Stopping threads took: 0.0000815 seconds
2016-10-23T22:31:54.694+0800: 1933.717: Total time for which application threads were stopped: 0.0000735 seconds, Stopping threads took: 0.0000097 seconds
{Heap before GC invocations=34 (full 2):
 par new generation   total 109248K, used 109248K [0x00000007a0000000, 0x00000007a8000000, 0x00000007a8000000)
  eden space 87424K, 100% used [0x00000007a0000000, 0x00000007a5560000, 0x00000007a5560000)
  from space 21824K, 100% used [0x00000007a5560000, 0x00000007a6ab0000, 0x00000007a6ab0000)
  to   space 21824K,   0% used [0x00000007a6ab0000, 0x00000007a6ab0000, 0x00000007a8000000)
 concurrent mark-sweep generation total 393216K, used 24514K [0x00000007a8000000, 0x00000007c0000000, 0x00000007c0000000)
 Metaspace       used 39129K, capacity 39862K, committed 40052K, reserved 1085440K
  class space    used 4509K, capacity 4720K, committed 4732K, reserved 1048576K
2016-10-23T22:31:54.777+0800: 1933.800: [GC (Allocation Failure) 2016-10-23T22:31:54.777+0800: 1933.800: [ParNew
Desired survivor size 20112992 bytes, new threshold 8 (max 8)
- age   1:    2539696 bytes,    2539696 total
- age   2:    6187480 bytes,    8727176 total
- age   3:    3400360 bytes,   12127536 total
- age   4:    2769208 bytes,   14896744 total
- age   5:    1253832 bytes,   16150576 total
- age   6:    1747088 bytes,   17897664 total
- age   7:     414920 bytes,   18312584 total
- age   8:     408504 bytes,   18721088 total
: 109248K->21824K(109248K), 0.0092949 secs] 133762K->46825K(502464K), 0.0093564 secs] [Times: user=0.04 sys=0.00, real=0.01 secs] 
Heap after GC invocations=35 (full 2):
 par new generation   total 109248K, used 21824K [0x00000007a0000000, 0x00000007a8000000, 0x00000007a8000000)
  eden space 87424K,   0% used [0x00000007a0000000, 0x00000007a0000000, 0x00000007a5560000)
  from space 21824K, 100% used [0x00000007a6ab0000, 0x00000007a8000000, 0x00000007a8000000)
  to   space 21824K,   0% used [0x00000007a5560000, 0x00000007a5560000, 0x00000007a6ab0000)
 concurrent mark-sweep generation total 393216K, used 25001K [0x00000007a8000000, 0x00000007c0000000, 0x00000007c0000000)
 Metaspace       used 39129K, capacity 39862K, committed 40052K, reserved 1085440K
  class space    used 4509K, capacity 4720K, committed 4732K, reserved 1048576K
}
2016-10-23T22:31:54.787+0800: 1933.809: Total time for which application threads were stopped: 0.0095730 seconds, Stopping threads took: 0.0000519 seconds
{Heap before GC invocations=35 (full 2):
 par new generation   total 109248K, used 109248K [0x00000007a0000000, 0x00000007a8000000, 0x00000007a8000000)
  eden space 87424K, 100% used [0x00000007a0000000, 0x00000007a5560000, 0x00000007a5560000)
  from space 21824K, 100% used [0x00000007a6ab0000, 0x00000007a8000000, 0x00000007a8000000)
  to   space 21824K,   0% used [0x00000007a5560000, 0x00000007a5560000, 0x00000007a6ab0000)
 concurrent mark-sweep generation total 393216K, used 25001K [0x00000007a8000000, 0x00000007c0000000, 0x00000007c0000000)
 Metaspace       used 39139K, capacity 39862K, committed 40052K, reserved 1085440K
  class space    used 4509K, capacity 4720K, committed 4732K, reserved 1048576K
2016-10-23T22:31:54.955+0800: 1933.978: [GC (Allocation Failure) 2016-10-23T22:31:54.955+0800: 1933.978: [ParNew
Desired survivor size 20112992 bytes, new threshold 8 (max 8)
- age   1:    3802304 bytes,    3802304 total
- age   2:    1727392 bytes,    5529696 total
- age   3:    4390504 bytes,    9920200 total
- age   4:    1718944 bytes,   11639144 total
- age   5:    1096248 bytes,   12735392 total
- age   6:     543096 bytes,   13278488 total
- age   7:     957008 bytes,   14235496 total
- age   8:     414920 bytes,   14650416 total
: 109248K->21824K(109248K), 0.0068276 secs] 134249K->47224K(502464K), 0.0068771 secs] [Times: user=0.03 sys=0.00, real=0.01 secs] 
Heap after GC invocations=36 (full 2):
 par new generation   total 109248K, used 21824K [0x00000007a0000000, 0x00000007a8000000, 0x00000007a8000000)
  eden space 87424K,   0% used [0x00000007a0000000, 0x00000007a0000000, 0x00000007a5560000)
  from space 21824K, 100% used [0x00000007a5560000, 0x00000007a6ab0000, 0x00000007a6ab0000)
  to   space 21824K,   0% used [0x00000007a6ab0000, 0x00000007a6ab0000, 0x00000007a8000000)
 concurrent mark-sweep generation total 393216K, used 25400K [0x00000007a8000000, 0x00000007c0000000, 0x00000007c0000000)
 Metaspace       used 39139K, capacity 39862K, committed 40052K, reserved 1085440K
  class space    used 4509K, capacity 4720K, committed 4732K, reserved 1048576K
}
2016-10-23T22:31:54.962+0800: 1933.985: Total time for which application threads were stopped: 0.0070762 seconds, Stopping threads took: 0.0000186 seconds
{Heap before GC invocations=36 (full 2):
 par new generation   total 109248K, used 109248K [0x00000007a0000000, 0x00000007a8000000, 0x00000007a8000000)
  eden space 87424K, 100% used [0x00000007a0000000, 0x00000007a5560000, 0x00000007a5560000)
  from space 21824K, 100% used [0x00000007a5560000, 0x00000007a6ab0000, 0x00000007a6ab0000)
  to   space 21824K,   0% used [0x00000007a6ab0000, 0x00000007a6ab0000, 0x00000007a8000000)
 concurrent mark-sweep generation total 393216K, used 25400K [0x00000007a8000000, 0x00000007c0000000, 0x00000007c0000000)
 Metaspace       used 39139K, capacity 39862K, committed 40052K, reserved 1085440K
  class space    used 4509K, capacity 4720K, committed 4732K, reserved 1048576K
2016-10-23T22:31:55.202+0800: 1934.224: [GC (Allocation Failure) 2016-10-23T22:31:55.202+0800: 1934.224: [ParNew
Desired survivor size 20112992 bytes, new threshold 8 (max 8)
- age   1:    5416896 bytes,    5416896 total
- age   2:    2725744 bytes,    8142640 total
- age   3:    1727464 bytes,    9870104 total
- age   4:    4390384 bytes,   14260488 total
- age   5:    1718944 bytes,   15979432 total
- age   6:    1096248 bytes,   17075680 total
- age   7:     542280 bytes,   17617960 total
- age   8:     957008 bytes,   18574968 total
: 109248K->21824K(109248K), 0.0081664 secs] 134648K->47630K(502464K), 0.0082351 secs] [Times: user=0.03 sys=0.00, real=0.01 secs] 
Heap after GC invocations=37 (full 2):
 par new generation   total 109248K, used 21824K [0x00000007a0000000, 0x00000007a8000000, 0x00000007a8000000)
  eden space 87424K,   0% used [0x00000007a0000000, 0x00000007a0000000, 0x00000007a5560000)
  from space 21824K, 100% used [0x00000007a6ab0000, 0x00000007a8000000, 0x00000007a8000000)
  to   space 21824K,   0% used [0x00000007a5560000, 0x00000007a5560000, 0x00000007a6ab0000)
 concurrent mark-sweep generation total 393216K, used 25806K [0x00000007a8000000, 0x00000007c0000000, 0x00000007c0000000)
 Metaspace       used 39139K, capacity 39862K, committed 40052K, reserved 1085440K
  class space    used 4509K, capacity 4720K, committed 4732K, reserved 1048576K
}
2016-10-23T22:31:55.210+0800: 1934.232: Total time for which application threads were stopped: 0.0084379 seconds, Stopping threads took: 0.0000421 seconds
{Heap before GC invocations=37 (full 2):
 par new generation   total 109248K, used 109248K [0x00000007a0000000, 0x00000007a8000000, 0x00000007a8000000)
  eden space 87424K, 100% used [0x00000007a0000000, 0x00000007a5560000, 0x00000007a5560000)
  from space 21824K, 100% used [0x00000007a6ab0000, 0x00000007a8000000, 0x00000007a8000000)
  to   space 21824K,   0% used [0x00000007a5560000, 0x00000007a5560000, 0x00000007a6ab0000)
 concurrent mark-sweep generation total 393216K, used 25806K [0x00000007a8000000, 0x00000007c0000000, 0x00000007c0000000)
 Metaspace       used 39139K, capacity 39862K, committed 40052K, reserved 1085440K
  class space    used 4509K, capacity 4720K, committed 4732K, reserved 1048576K
2016-10-23T22:31:55.455+0800: 1934.477: [GC (Allocation Failure) 2016-10-23T22:31:55.455+0800: 1934.477: [ParNew
Desired survivor size 20112992 bytes, new threshold 7 (max 8)
- age   1:    5807640 bytes,    5807640 total
- age   2:    3745440 bytes,    9553080 total
- age   3:    2210456 bytes,   11763536 total
- age   4:    1605024 bytes,   13368560 total
- age   5:    4318272 bytes,   17686832 total
- age   6:    1718944 bytes,   19405776 total
- age   7:    1096248 bytes,   20502024 total
- age   8:     542256 bytes,   21044280 total
: 109248K->21824K(109248K), 0.0111690 secs] 135054K->49558K(502464K), 0.0112469 secs] [Times: user=0.04 sys=0.01, real=0.01 secs] 
Heap after GC invocations=38 (full 2):
 par new generation   total 109248K, used 21824K [0x00000007a0000000, 0x00000007a8000000, 0x00000007a8000000)
  eden space 87424K,   0% used [0x00000007a0000000, 0x00000007a0000000, 0x00000007a5560000)
  from space 21824K, 100% used [0x00000007a5560000, 0x00000007a6ab0000, 0x00000007a6ab0000)
  to   space 21824K,   0% used [0x00000007a6ab0000, 0x00000007a6ab0000, 0x00000007a8000000)
 concurrent mark-sweep generation total 393216K, used 27734K [0x00000007a8000000, 0x00000007c0000000, 0x00000007c0000000)
 Metaspace       used 39139K, capacity 39862K, committed 40052K, reserved 1085440K
  class space    used 4509K, capacity 4720K, committed 4732K, reserved 1048576K
}
2016-10-23T22:31:55.466+0800: 1934.489: Total time for which application threads were stopped: 0.0114290 seconds, Stopping threads took: 0.0000309 seconds
2016-10-23T22:31:55.657+0800: 1934.679: Total time for which application threads were stopped: 0.0001437 seconds, Stopping threads took: 0.0000296 seconds
2016-10-23T22:31:55.681+0800: 1934.704: Total time for which application threads were stopped: 0.0002001 seconds, Stopping threads took: 0.0000585 seconds
2016-10-23T22:31:55.682+0800: 1934.704: Total time for which application threads were stopped: 0.0001213 seconds, Stopping threads took: 0.0000442 seconds
{Heap before GC invocations=38 (full 2):
 par new generation   total 109248K, used 109248K [0x00000007a0000000, 0x00000007a8000000, 0x00000007a8000000)
  eden space 87424K, 100% used [0x00000007a0000000, 0x00000007a5560000, 0x00000007a5560000)
  from space 21824K, 100% used [0x00000007a5560000, 0x00000007a6ab0000, 0x00000007a6ab0000)
  to   space 21824K,   0% used [0x00000007a6ab0000, 0x00000007a6ab0000, 0x00000007a8000000)
 concurrent mark-sweep generation total 393216K, used 27734K [0x00000007a8000000, 0x00000007c0000000, 0x00000007c0000000)
 Metaspace       used 39149K, capacity 39870K, committed 40052K, reserved 1085440K
  class space    used 4511K, capacity 4724K, committed 4732K, reserved 1048576K
2016-10-23T22:31:55.684+0800: 1934.706: [GC (Allocation Failure) 2016-10-23T22:31:55.684+0800: 1934.706: [ParNew
Desired survivor size 20112992 bytes, new threshold 7 (max 8)
- age   1:    5834512 bytes,    5834512 total
- age   2:    3066064 bytes,    8900576 total
- age   3:    2581384 bytes,   11481960 total
- age   4:    1741528 bytes,   13223488 total
- age   5:    1253736 bytes,   14477224 total
- age   6:    4060520 bytes,   18537744 total
- age   7:    1718944 bytes,   20256688 total
: 109248K->21824K(109248K), 0.0121061 secs] 136982K->53275K(502464K), 0.0121495 secs] [Times: user=0.04 sys=0.00, real=0.01 secs] 
Heap after GC invocations=39 (full 2):
 par new generation   total 109248K, used 21824K [0x00000007a0000000, 0x00000007a8000000, 0x00000007a8000000)
  eden space 87424K,   0% used [0x00000007a0000000, 0x00000007a0000000, 0x00000007a5560000)
  from space 21824K, 100% used [0x00000007a6ab0000, 0x00000007a8000000, 0x00000007a8000000)
  to   space 21824K,   0% used [0x00000007a5560000, 0x00000007a5560000, 0x00000007a6ab0000)
 concurrent mark-sweep generation total 393216K, used 31451K [0x00000007a8000000, 0x00000007c0000000, 0x00000007c0000000)
 Metaspace       used 39149K, capacity 39870K, committed 40052K, reserved 1085440K
  class space    used 4511K, capacity 4724K, committed 4732K, reserved 1048576K
}
2016-10-23T22:31:55.696+0800: 1934.719: Total time for which application threads were stopped: 0.0123171 seconds, Stopping threads took: 0.0000503 seconds
{Heap before GC invocations=39 (full 2):
 par new generation   total 109248K, used 109248K [0x00000007a0000000, 0x00000007a8000000, 0x00000007a8000000)
  eden space 87424K, 100% used [0x00000007a0000000, 0x00000007a5560000, 0x00000007a5560000)
  from space 21824K, 100% used [0x00000007a6ab0000, 0x00000007a8000000, 0x00000007a8000000)
  to   space 21824K,   0% used [0x00000007a5560000, 0x00000007a5560000, 0x00000007a6ab0000)
 concurrent mark-sweep generation total 393216K, used 31451K [0x00000007a8000000, 0x00000007c0000000, 0x00000007c0000000)
 Metaspace       used 39149K, capacity 39870K, committed 40052K, reserved 1085440K
  class space    used 4511K, capacity 4724K, committed 4732K, reserved 1048576K
2016-10-23T22:31:55.787+0800: 1934.810: [GC (Allocation Failure) 2016-10-23T22:31:55.787+0800: 1934.810: [ParNew
Desired survivor size 20112992 bytes, new threshold 8 (max 8)
- age   1:    2218280 bytes,    2218280 total
- age   2:    5433080 bytes,    7651360 total
- age   3:    2962584 bytes,   10613944 total
- age   4:    2478728 bytes,   13092672 total
- age   5:    1679784 bytes,   14772456 total
- age   6:    1204512 bytes,   15976968 total
- age   7:    4054928 bytes,   20031896 total
: 109248K->21824K(109248K), 0.0108458 secs] 140699K->55354K(502464K), 0.0108955 secs] [Times: user=0.06 sys=0.00, real=0.01 secs] 
Heap after GC invocations=40 (full 2):
 par new generation   total 109248K, used 21824K [0x00000007a0000000, 0x00000007a8000000, 0x00000007a8000000)
  eden space 87424K,   0% used [0x00000007a0000000, 0x00000007a0000000, 0x00000007a5560000)
  from space 21824K, 100% used [0x00000007a5560000, 0x00000007a6ab0000, 0x00000007a6ab0000)
  to   space 21824K,   0% used [0x00000007a6ab0000, 0x00000007a6ab0000, 0x00000007a8000000)
 concurrent mark-sweep generation total 393216K, used 33530K [0x00000007a8000000, 0x00000007c0000000, 0x00000007c0000000)
 Metaspace       used 39149K, capacity 39870K, committed 40052K, reserved 1085440K
  class space    used 4511K, capacity 4724K, committed 4732K, reserved 1048576K
}
2016-10-23T22:31:55.798+0800: 1934.821: Total time for which application threads were stopped: 0.0111368 seconds, Stopping threads took: 0.0000726 seconds
{Heap before GC invocations=40 (full 2):
 par new generation   total 109248K, used 109248K [0x00000007a0000000, 0x00000007a8000000, 0x00000007a8000000)
  eden space 87424K, 100% used [0x00000007a0000000, 0x00000007a5560000, 0x00000007a5560000)
  from space 21824K, 100% used [0x00000007a5560000, 0x00000007a6ab0000, 0x00000007a6ab0000)
  to   space 21824K,   0% used [0x00000007a6ab0000, 0x00000007a6ab0000, 0x00000007a8000000)
 concurrent mark-sweep generation total 393216K, used 33530K [0x00000007a8000000, 0x00000007c0000000, 0x00000007c0000000)
 Metaspace       used 39155K, capacity 39876K, committed 40052K, reserved 1085440K
  class space    used 4512K, capacity 4725K, committed 4732K, reserved 1048576K
2016-10-23T22:31:56.010+0800: 1935.032: [GC (Allocation Failure) 2016-10-23T22:31:56.010+0800: 1935.032: [ParNew
Desired survivor size 20112992 bytes, new threshold 8 (max 8)
- age   1:    3551952 bytes,    3551952 total
- age   2:     983704 bytes,    4535656 total
- age   3:    3650584 bytes,    8186240 total
- age   4:    1810696 bytes,    9996936 total
- age   5:    1307176 bytes,   11304112 total
- age   6:     861040 bytes,   12165152 total
- age   7:     637128 bytes,   12802280 total
- age   8:    3504512 bytes,   16306792 total
: 109248K->21824K(109248K), 0.0082601 secs] 142778K->57837K(502464K), 0.0083185 secs] [Times: user=0.02 sys=0.00, real=0.00 secs] 
Heap after GC invocations=41 (full 2):
 par new generation   total 109248K, used 21824K [0x00000007a0000000, 0x00000007a8000000, 0x00000007a8000000)
  eden space 87424K,   0% used [0x00000007a0000000, 0x00000007a0000000, 0x00000007a5560000)
  from space 21824K, 100% used [0x00000007a6ab0000, 0x00000007a8000000, 0x00000007a8000000)
  to   space 21824K,   0% used [0x00000007a5560000, 0x00000007a5560000, 0x00000007a6ab0000)
 concurrent mark-sweep generation total 393216K, used 36013K [0x00000007a8000000, 0x00000007c0000000, 0x00000007c0000000)
 Metaspace       used 39155K, capacity 39876K, committed 40052K, reserved 1085440K
  class space    used 4512K, capacity 4725K, committed 4732K, reserved 1048576K
}
2016-10-23T22:31:56.018+0800: 1935.041: Total time for which application threads were stopped: 0.0085288 seconds, Stopping threads took: 0.0000334 seconds
{Heap before GC invocations=41 (full 2):
 par new generation   total 109248K, used 109248K [0x00000007a0000000, 0x00000007a8000000, 0x00000007a8000000)
  eden space 87424K, 100% used [0x00000007a0000000, 0x00000007a5560000, 0x00000007a5560000)
  from space 21824K, 100% used [0x00000007a6ab0000, 0x00000007a8000000, 0x00000007a8000000)
  to   space 21824K,   0% used [0x00000007a5560000, 0x00000007a5560000, 0x00000007a6ab0000)
 concurrent mark-sweep generation total 393216K, used 36013K [0x00000007a8000000, 0x00000007c0000000, 0x00000007c0000000)
 Metaspace       used 39155K, capacity 39876K, committed 40052K, reserved 1085440K
  class space    used 4512K, capacity 4725K, committed 4732K, reserved 1048576K
2016-10-23T22:31:56.263+0800: 1935.286: [GC (Allocation Failure) 2016-10-23T22:31:56.263+0800: 1935.286: [ParNew
Desired survivor size 20112992 bytes, new threshold 8 (max 8)
- age   1:    6187856 bytes,    6187856 total
- age   2:    2359592 bytes,    8547448 total
- age   3:     983056 bytes,    9530504 total
- age   4:    3645072 bytes,   13175576 total
- age   5:    1810696 bytes,   14986272 total
- age   6:    1307176 bytes,   16293448 total
- age   7:     860224 bytes,   17153672 total
- age   8:     637128 bytes,   17790800 total
: 109248K->21706K(109248K), 0.0102223 secs] 145261K->61142K(502464K), 0.0103150 secs] [Times: user=0.03 sys=0.01, real=0.01 secs] 
Heap after GC invocations=42 (full 2):
 par new generation   total 109248K, used 21706K [0x00000007a0000000, 0x00000007a8000000, 0x00000007a8000000)
  eden space 87424K,   0% used [0x00000007a0000000, 0x00000007a0000000, 0x00000007a5560000)
  from space 21824K,  99% used [0x00000007a5560000, 0x00000007a6a92840, 0x00000007a6ab0000)
  to   space 21824K,   0% used [0x00000007a6ab0000, 0x00000007a6ab0000, 0x00000007a8000000)
 concurrent mark-sweep generation total 393216K, used 39436K [0x00000007a8000000, 0x00000007c0000000, 0x00000007c0000000)
 Metaspace       used 39155K, capacity 39876K, committed 40052K, reserved 1085440K
  class space    used 4512K, capacity 4725K, committed 4732K, reserved 1048576K
}
2016-10-23T22:31:56.273+0800: 1935.296: Total time for which application threads were stopped: 0.0105131 seconds, Stopping threads took: 0.0000415 seconds
{Heap before GC invocations=42 (full 2):
 par new generation   total 109248K, used 109130K [0x00000007a0000000, 0x00000007a8000000, 0x00000007a8000000)
  eden space 87424K, 100% used [0x00000007a0000000, 0x00000007a5560000, 0x00000007a5560000)
  from space 21824K,  99% used [0x00000007a5560000, 0x00000007a6a92840, 0x00000007a6ab0000)
  to   space 21824K,   0% used [0x00000007a6ab0000, 0x00000007a6ab0000, 0x00000007a8000000)
 concurrent mark-sweep generation total 393216K, used 39436K [0x00000007a8000000, 0x00000007c0000000, 0x00000007c0000000)
 Metaspace       used 39155K, capacity 39876K, committed 40052K, reserved 1085440K
  class space    used 4512K, capacity 4725K, committed 4732K, reserved 1048576K
2016-10-23T22:31:56.533+0800: 1935.556: [GC (Allocation Failure) 2016-10-23T22:31:56.533+0800: 1935.556: [ParNew
Desired survivor size 20112992 bytes, new threshold 7 (max 8)
- age   1:    6402024 bytes,    6402024 total
- age   2:    4093824 bytes,   10495848 total
- age   3:    2199552 bytes,   12695400 total
- age   4:     929800 bytes,   13625200 total
- age   5:    3610816 bytes,   17236016 total
- age   6:    1810696 bytes,   19046712 total
- age   7:    1307176 bytes,   20353888 total
- age   8:     860224 bytes,   21214112 total
: 109130K->21824K(109248K), 0.0110420 secs] 148566K->62405K(502464K), 0.0111009 secs] [Times: user=0.04 sys=0.00, real=0.01 secs] 
Heap after GC invocations=43 (full 2):
 par new generation   total 109248K, used 21824K [0x00000007a0000000, 0x00000007a8000000, 0x00000007a8000000)
  eden space 87424K,   0% used [0x00000007a0000000, 0x00000007a0000000, 0x00000007a5560000)
  from space 21824K, 100% used [0x00000007a6ab0000, 0x00000007a8000000, 0x00000007a8000000)
  to   space 21824K,   0% used [0x00000007a5560000, 0x00000007a5560000, 0x00000007a6ab0000)
 concurrent mark-sweep generation total 393216K, used 40581K [0x00000007a8000000, 0x00000007c0000000, 0x00000007c0000000)
 Metaspace       used 39155K, capacity 39876K, committed 40052K, reserved 1085440K
  class space    used 4512K, capacity 4725K, committed 4732K, reserved 1048576K
}
2016-10-23T22:31:56.545+0800: 1935.567: Total time for which application threads were stopped: 0.0112809 seconds, Stopping threads took: 0.0000218 seconds
{Heap before GC invocations=43 (full 2):
 par new generation   total 109248K, used 109248K [0x00000007a0000000, 0x00000007a8000000, 0x00000007a8000000)
  eden space 87424K, 100% used [0x00000007a0000000, 0x00000007a5560000, 0x00000007a5560000)
  from space 21824K, 100% used [0x00000007a6ab0000, 0x00000007a8000000, 0x00000007a8000000)
  to   space 21824K,   0% used [0x00000007a5560000, 0x00000007a5560000, 0x00000007a6ab0000)
 concurrent mark-sweep generation total 393216K, used 40581K [0x00000007a8000000, 0x00000007c0000000, 0x00000007c0000000)
 Metaspace       used 39157K, capacity 39876K, committed 40052K, reserved 1085440K
  class space    used 4512K, capacity 4725K, committed 4732K, reserved 1048576K
2016-10-23T22:31:56.759+0800: 1935.781: [GC (Allocation Failure) 2016-10-23T22:31:56.759+0800: 1935.781: [ParNew
Desired survivor size 20112992 bytes, new threshold 8 (max 8)
- age   1:    3118952 bytes,    3118952 total
- age   2:    3925256 bytes,    7044208 total
- age   3:    3451568 bytes,   10495776 total
- age   4:    1665584 bytes,   12161360 total
- age   5:     684720 bytes,   12846080 total
- age   6:    3289360 bytes,   16135440 total
- age   7:    1810696 bytes,   17946136 total
: 109248K->21824K(109248K), 0.0108877 secs] 149829K->65296K(502464K), 0.0109454 secs] [Times: user=0.04 sys=0.01, real=0.02 secs] 
Heap after GC invocations=44 (full 2):
 par new generation   total 109248K, used 21824K [0x00000007a0000000, 0x00000007a8000000, 0x00000007a8000000)
  eden space 87424K,   0% used [0x00000007a0000000, 0x00000007a0000000, 0x00000007a5560000)
  from space 21824K, 100% used [0x00000007a5560000, 0x00000007a6ab0000, 0x00000007a6ab0000)
  to   space 21824K,   0% used [0x00000007a6ab0000, 0x00000007a6ab0000, 0x00000007a8000000)
 concurrent mark-sweep generation total 393216K, used 43472K [0x00000007a8000000, 0x00000007c0000000, 0x00000007c0000000)
 Metaspace       used 39157K, capacity 39876K, committed 40052K, reserved 1085440K
  class space    used 4512K, capacity 4725K, committed 4732K, reserved 1048576K
}
2016-10-23T22:31:56.770+0800: 1935.792: Total time for which application threads were stopped: 0.0111222 seconds, Stopping threads took: 0.0000289 seconds
2016-10-23T22:31:56.804+0800: 1935.826: Total time for which application threads were stopped: 0.0001759 seconds, Stopping threads took: 0.0000414 seconds
2016-10-23T22:31:56.805+0800: 1935.827: Total time for which application threads were stopped: 0.0000803 seconds, Stopping threads took: 0.0000082 seconds
2016-10-23T22:31:56.805+0800: 1935.828: Total time for which application threads were stopped: 0.0000892 seconds, Stopping threads took: 0.0000215 seconds
2016-10-23T22:31:56.806+0800: 1935.828: Total time for which application threads were stopped: 0.0000896 seconds, Stopping threads took: 0.0000176 seconds
2016-10-23T22:31:56.810+0800: 1935.832: Total time for which application threads were stopped: 0.0001087 seconds, Stopping threads took: 0.0000329 seconds
2016-10-23T22:31:56.810+0800: 1935.832: Total time for which application threads were stopped: 0.0001594 seconds, Stopping threads took: 0.0000248 seconds
2016-10-23T22:31:56.810+0800: 1935.833: Total time for which application threads were stopped: 0.0001171 seconds, Stopping threads took: 0.0000748 seconds
2016-10-23T22:31:56.810+0800: 1935.833: Total time for which application threads were stopped: 0.0001220 seconds, Stopping threads took: 0.0000801 seconds
2016-10-23T22:31:56.810+0800: 1935.833: Total time for which application threads were stopped: 0.0000751 seconds, Stopping threads took: 0.0000236 seconds
2016-10-23T22:31:56.811+0800: 1935.833: Total time for which application threads were stopped: 0.0001178 seconds, Stopping threads took: 0.0000743 seconds
2016-10-23T22:31:56.811+0800: 1935.833: Total time for which application threads were stopped: 0.0000726 seconds, Stopping threads took: 0.0000261 seconds
2016-10-23T22:31:56.811+0800: 1935.834: Total time for which application threads were stopped: 0.0000911 seconds, Stopping threads took: 0.0000274 seconds
2016-10-23T22:31:56.811+0800: 1935.834: Total time for which application threads were stopped: 0.0001109 seconds, Stopping threads took: 0.0000638 seconds
2016-10-23T22:31:56.811+0800: 1935.834: Total time for which application threads were stopped: 0.0000803 seconds, Stopping threads took: 0.0000329 seconds
2016-10-23T22:31:56.812+0800: 1935.834: Total time for which application threads were stopped: 0.0001078 seconds, Stopping threads took: 0.0000290 seconds
2016-10-23T22:31:56.812+0800: 1935.834: Total time for which application threads were stopped: 0.0000930 seconds, Stopping threads took: 0.0000436 seconds
{Heap before GC invocations=44 (full 2):
 par new generation   total 109248K, used 109248K [0x00000007a0000000, 0x00000007a8000000, 0x00000007a8000000)
  eden space 87424K, 100% used [0x00000007a0000000, 0x00000007a5560000, 0x00000007a5560000)
  from space 21824K, 100% used [0x00000007a5560000, 0x00000007a6ab0000, 0x00000007a6ab0000)
  to   space 21824K,   0% used [0x00000007a6ab0000, 0x00000007a6ab0000, 0x00000007a8000000)
 concurrent mark-sweep generation total 393216K, used 43472K [0x00000007a8000000, 0x00000007c0000000, 0x00000007c0000000)
 Metaspace       used 39159K, capacity 39876K, committed 40052K, reserved 1085440K
  class space    used 4512K, capacity 4725K, committed 4732K, reserved 1048576K
2016-10-23T22:31:56.998+0800: 1936.020: [GC (Allocation Failure) 2016-10-23T22:31:56.998+0800: 1936.020: [ParNew
Desired survivor size 20112992 bytes, new threshold 8 (max 8)
- age   1:    4324584 bytes,    4324584 total
- age   2:    2414680 bytes,    6739264 total
- age   3:    2255792 bytes,    8995056 total
- age   4:    2050072 bytes,   11045128 total
- age   5:     472320 bytes,   11517448 total
- age   6:     173456 bytes,   11690904 total
- age   7:    2952880 bytes,   14643784 total
- age   8:    1810696 bytes,   16454480 total
: 109248K->21824K(109248K), 0.0066565 secs] 152720K->65296K(502464K), 0.0067447 secs] [Times: user=0.02 sys=0.00, real=0.01 secs] 
Heap after GC invocations=45 (full 2):
 par new generation   total 109248K, used 21824K [0x00000007a0000000, 0x00000007a8000000, 0x00000007a8000000)
  eden space 87424K,   0% used [0x00000007a0000000, 0x00000007a0000000, 0x00000007a5560000)
  from space 21824K, 100% used [0x00000007a6ab0000, 0x00000007a8000000, 0x00000007a8000000)
  to   space 21824K,   0% used [0x00000007a5560000, 0x00000007a5560000, 0x00000007a6ab0000)
 concurrent mark-sweep generation total 393216K, used 43472K [0x00000007a8000000, 0x00000007c0000000, 0x00000007c0000000)
 Metaspace       used 39159K, capacity 39876K, committed 40052K, reserved 1085440K
  class space    used 4512K, capacity 4725K, committed 4732K, reserved 1048576K
}
2016-10-23T22:31:57.005+0800: 1936.027: Total time for which application threads were stopped: 0.0069398 seconds, Stopping threads took: 0.0000228 seconds
{Heap before GC invocations=45 (full 2):
 par new generation   total 109248K, used 109248K [0x00000007a0000000, 0x00000007a8000000, 0x00000007a8000000)
  eden space 87424K, 100% used [0x00000007a0000000, 0x00000007a5560000, 0x00000007a5560000)
  from space 21824K, 100% used [0x00000007a6ab0000, 0x00000007a8000000, 0x00000007a8000000)
  to   space 21824K,   0% used [0x00000007a5560000, 0x00000007a5560000, 0x00000007a6ab0000)
 concurrent mark-sweep generation total 393216K, used 43472K [0x00000007a8000000, 0x00000007c0000000, 0x00000007c0000000)
 Metaspace       used 39159K, capacity 39876K, committed 40052K, reserved 1085440K
  class space    used 4512K, capacity 4725K, committed 4732K, reserved 1048576K
2016-10-23T22:31:57.252+0800: 1936.274: [GC (Allocation Failure) 2016-10-23T22:31:57.252+0800: 1936.274: [ParNew
Desired survivor size 20112992 bytes, new threshold 8 (max 8)
- age   1:    5368104 bytes,    5368104 total
- age   2:    3308368 bytes,    8676472 total
- age   3:    2410832 bytes,   11087304 total
- age   4:    2246632 bytes,   13333936 total
- age   5:    2043472 bytes,   15377408 total
- age   6:     464784 bytes,   15842192 total
- age   7:     170360 bytes,   16012552 total
- age   8:    2950360 bytes,   18962912 total
: 109248K->21824K(109248K), 0.0100777 secs] 152720K->67433K(502464K), 0.0101648 secs] [Times: user=0.04 sys=0.00, real=0.01 secs] 
Heap after GC invocations=46 (full 2):
 par new generation   total 109248K, used 21824K [0x00000007a0000000, 0x00000007a8000000, 0x00000007a8000000)
  eden space 87424K,   0% used [0x00000007a0000000, 0x00000007a0000000, 0x00000007a5560000)
  from space 21824K, 100% used [0x00000007a5560000, 0x00000007a6ab0000, 0x00000007a6ab0000)
  to   space 21824K,   0% used [0x00000007a6ab0000, 0x00000007a6ab0000, 0x00000007a8000000)
 concurrent mark-sweep generation total 393216K, used 45609K [0x00000007a8000000, 0x00000007c0000000, 0x00000007c0000000)
 Metaspace       used 39159K, capacity 39876K, committed 40052K, reserved 1085440K
  class space    used 4512K, capacity 4725K, committed 4732K, reserved 1048576K
}
2016-10-23T22:31:57.262+0800: 1936.284: Total time for which application threads were stopped: 0.0103671 seconds, Stopping threads took: 0.0000231 seconds
{Heap before GC invocations=46 (full 2):
 par new generation   total 109248K, used 109248K [0x00000007a0000000, 0x00000007a8000000, 0x00000007a8000000)
  eden space 87424K, 100% used [0x00000007a0000000, 0x00000007a5560000, 0x00000007a5560000)
  from space 21824K, 100% used [0x00000007a5560000, 0x00000007a6ab0000, 0x00000007a6ab0000)
  to   space 21824K,   0% used [0x00000007a6ab0000, 0x00000007a6ab0000, 0x00000007a8000000)
 concurrent mark-sweep generation total 393216K, used 45609K [0x00000007a8000000, 0x00000007c0000000, 0x00000007c0000000)
 Metaspace       used 39159K, capacity 39876K, committed 40052K, reserved 1085440K
  class space    used 4512K, capacity 4725K, committed 4732K, reserved 1048576K
2016-10-23T22:31:57.512+0800: 1936.535: [GC (Allocation Failure) 2016-10-23T22:31:57.512+0800: 1936.535: [ParNew
Desired survivor size 20112992 bytes, new threshold 8 (max 8)
- age   1:    5477216 bytes,    5477216 total
- age   2:    3528456 bytes,    9005672 total
- age   3:    3015560 bytes,   12021232 total
- age   4:    2410704 bytes,   14431936 total
- age   5:    2246632 bytes,   16678568 total
- age   6:    2043472 bytes,   18722040 total
- age   7:     464784 bytes,   19186824 total
- age   8:     170360 bytes,   19357184 total
: 109248K->21824K(109248K), 0.0108757 secs] 154857K->71264K(502464K), 0.0109356 secs] [Times: user=0.03 sys=0.00, real=0.01 secs] 
Heap after GC invocations=47 (full 2):
 par new generation   total 109248K, used 21824K [0x00000007a0000000, 0x00000007a8000000, 0x00000007a8000000)
  eden space 87424K,   0% used [0x00000007a0000000, 0x00000007a0000000, 0x00000007a5560000)
  from space 21824K, 100% used [0x00000007a6ab0000, 0x00000007a8000000, 0x00000007a8000000)
  to   space 21824K,   0% used [0x00000007a5560000, 0x00000007a5560000, 0x00000007a6ab0000)
 concurrent mark-sweep generation total 393216K, used 49440K [0x00000007a8000000, 0x00000007c0000000, 0x00000007c0000000)
 Metaspace       used 39159K, capacity 39876K, committed 40052K, reserved 1085440K
  class space    used 4512K, capacity 4725K, committed 4732K, reserved 1048576K
}
2016-10-23T22:31:57.523+0800: 1936.546: Total time for which application threads were stopped: 0.0111257 seconds, Stopping threads took: 0.0000210 seconds
2016-10-23T22:31:57.653+0800: 1936.676: Total time for which application threads were stopped: 0.0002559 seconds, Stopping threads took: 0.0000977 seconds
2016-10-23T22:31:57.675+0800: 1936.698: Total time for which application threads were stopped: 0.0002786 seconds, Stopping threads took: 0.0000892 seconds
{Heap before GC invocations=47 (full 2):
 par new generation   total 109248K, used 109248K [0x00000007a0000000, 0x00000007a8000000, 0x00000007a8000000)
  eden space 87424K, 100% used [0x00000007a0000000, 0x00000007a5560000, 0x00000007a5560000)
  from space 21824K, 100% used [0x00000007a6ab0000, 0x00000007a8000000, 0x00000007a8000000)
  to   space 21824K,   0% used [0x00000007a5560000, 0x00000007a5560000, 0x00000007a6ab0000)
 concurrent mark-sweep generation total 393216K, used 49440K [0x00000007a8000000, 0x00000007c0000000, 0x00000007c0000000)
 Metaspace       used 39161K, capacity 39876K, committed 40052K, reserved 1085440K
  class space    used 4512K, capacity 4725K, committed 4732K, reserved 1048576K
2016-10-23T22:31:57.722+0800: 1936.745: [GC (Allocation Failure) 2016-10-23T22:31:57.722+0800: 1936.745: [ParNew
Desired survivor size 20112992 bytes, new threshold 7 (max 8)
- age   1:    5283544 bytes,    5283544 total
- age   2:    3456544 bytes,    8740088 total
- age   3:    2894792 bytes,   11634880 total
- age   4:    2244688 bytes,   13879568 total
- age   5:    2410432 bytes,   16290000 total
- age   6:    2246656 bytes,   18536656 total
- age   7:    2043408 bytes,   20580064 total
- age   8:     464776 bytes,   21044840 total
: 109248K->21824K(109248K), 0.0098876 secs] 158688K->72332K(502464K), 0.0099535 secs] [Times: user=0.04 sys=0.00, real=0.01 secs] 
Heap after GC invocations=48 (full 2):
 par new generation   total 109248K, used 21824K [0x00000007a0000000, 0x00000007a8000000, 0x00000007a8000000)
  eden space 87424K,   0% used [0x00000007a0000000, 0x00000007a0000000, 0x00000007a5560000)
  from space 21824K, 100% used [0x00000007a5560000, 0x00000007a6ab0000, 0x00000007a6ab0000)
  to   space 21824K,   0% used [0x00000007a6ab0000, 0x00000007a6ab0000, 0x00000007a8000000)
 concurrent mark-sweep generation total 393216K, used 50508K [0x00000007a8000000, 0x00000007c0000000, 0x00000007c0000000)
 Metaspace       used 39161K, capacity 39876K, committed 40052K, reserved 1085440K
  class space    used 4512K, capacity 4725K, committed 4732K, reserved 1048576K
}
2016-10-23T22:31:57.732+0800: 1936.755: Total time for which application threads were stopped: 0.0101627 seconds, Stopping threads took: 0.0000268 seconds
2016-10-23T22:31:57.801+0800: 1936.824: Total time for which application threads were stopped: 0.0002053 seconds, Stopping threads took: 0.0000576 seconds
2016-10-23T22:31:57.801+0800: 1936.824: Total time for which application threads were stopped: 0.0001441 seconds, Stopping threads took: 0.0000814 seconds
2016-10-23T22:31:57.801+0800: 1936.824: Total time for which application threads were stopped: 0.0001509 seconds, Stopping threads took: 0.0000615 seconds
2016-10-23T22:31:57.802+0800: 1936.824: Total time for which application threads were stopped: 0.0001348 seconds, Stopping threads took: 0.0000759 seconds
2016-10-23T22:31:57.802+0800: 1936.824: Total time for which application threads were stopped: 0.0001400 seconds, Stopping threads took: 0.0000892 seconds
2016-10-23T22:31:57.802+0800: 1936.825: Total time for which application threads were stopped: 0.0001389 seconds, Stopping threads took: 0.0000505 seconds
2016-10-23T22:31:57.802+0800: 1936.825: Total time for which application threads were stopped: 0.0001089 seconds, Stopping threads took: 0.0000598 seconds
2016-10-23T22:31:57.802+0800: 1936.825: Total time for which application threads were stopped: 0.0001087 seconds, Stopping threads took: 0.0000479 seconds
2016-10-23T22:31:57.803+0800: 1936.825: Total time for which application threads were stopped: 0.0001302 seconds, Stopping threads took: 0.0000800 seconds
2016-10-23T22:31:57.803+0800: 1936.825: Total time for which application threads were stopped: 0.0001334 seconds, Stopping threads took: 0.0000391 seconds
2016-10-23T22:31:57.803+0800: 1936.826: Total time for which application threads were stopped: 0.0001472 seconds, Stopping threads took: 0.0000554 seconds
2016-10-23T22:31:57.803+0800: 1936.826: Total time for which application threads were stopped: 0.0001376 seconds, Stopping threads took: 0.0000781 seconds
2016-10-23T22:31:57.803+0800: 1936.826: Total time for which application threads were stopped: 0.0001015 seconds, Stopping threads took: 0.0000445 seconds
2016-10-23T22:31:57.804+0800: 1936.826: Total time for which application threads were stopped: 0.0000971 seconds, Stopping threads took: 0.0000431 seconds
{Heap before GC invocations=48 (full 2):
 par new generation   total 109248K, used 109248K [0x00000007a0000000, 0x00000007a8000000, 0x00000007a8000000)
  eden space 87424K, 100% used [0x00000007a0000000, 0x00000007a5560000, 0x00000007a5560000)
  from space 21824K, 100% used [0x00000007a5560000, 0x00000007a6ab0000, 0x00000007a6ab0000)
  to   space 21824K,   0% used [0x00000007a6ab0000, 0x00000007a6ab0000, 0x00000007a8000000)
 concurrent mark-sweep generation total 393216K, used 50508K [0x00000007a8000000, 0x00000007c0000000, 0x00000007c0000000)
 Metaspace       used 39175K, capacity 39940K, committed 40052K, reserved 1085440K
  class space    used 4512K, capacity 4725K, committed 4732K, reserved 1048576K
2016-10-23T22:31:57.851+0800: 1936.873: [GC (Allocation Failure) 2016-10-23T22:31:57.851+0800: 1936.873: [ParNew
Desired survivor size 20112992 bytes, new threshold 8 (max 8)
- age   1:    2514128 bytes,    2514128 total
- age   2:    2129064 bytes,    4643192 total
- age   3:     614504 bytes,    5257696 total
- age   4:     564320 bytes,    5822016 total
- age   5:     517512 bytes,    6339528 total
- age   6:    2409136 bytes,    8748664 total
- age   7:    2246632 bytes,   10995296 total
: 109248K->19975K(109248K), 0.0070936 secs] 159756K->72934K(502464K), 0.0071554 secs] [Times: user=0.03 sys=0.00, real=0.00 secs] 
Heap after GC invocations=49 (full 2):
 par new generation   total 109248K, used 19975K [0x00000007a0000000, 0x00000007a8000000, 0x00000007a8000000)
  eden space 87424K,   0% used [0x00000007a0000000, 0x00000007a0000000, 0x00000007a5560000)
  from space 21824K,  91% used [0x00000007a6ab0000, 0x00000007a7e31f20, 0x00000007a8000000)
  to   space 21824K,   0% used [0x00000007a5560000, 0x00000007a5560000, 0x00000007a6ab0000)
 concurrent mark-sweep generation total 393216K, used 52959K [0x00000007a8000000, 0x00000007c0000000, 0x00000007c0000000)
 Metaspace       used 39175K, capacity 39940K, committed 40052K, reserved 1085440K
  class space    used 4512K, capacity 4725K, committed 4732K, reserved 1048576K
}
2016-10-23T22:31:57.858+0800: 1936.881: Total time for which application threads were stopped: 0.0073296 seconds, Stopping threads took: 0.0000291 seconds
{Heap before GC invocations=49 (full 2):
 par new generation   total 109248K, used 107399K [0x00000007a0000000, 0x00000007a8000000, 0x00000007a8000000)
  eden space 87424K, 100% used [0x00000007a0000000, 0x00000007a5560000, 0x00000007a5560000)
  from space 21824K,  91% used [0x00000007a6ab0000, 0x00000007a7e31f20, 0x00000007a8000000)
  to   space 21824K,   0% used [0x00000007a5560000, 0x00000007a5560000, 0x00000007a6ab0000)
 concurrent mark-sweep generation total 393216K, used 52959K [0x00000007a8000000, 0x00000007c0000000, 0x00000007c0000000)
 Metaspace       used 39175K, capacity 39940K, committed 40052K, reserved 1085440K
  class space    used 4512K, capacity 4725K, committed 4732K, reserved 1048576K
2016-10-23T22:31:58.093+0800: 1937.116: [GC (Allocation Failure) 2016-10-23T22:31:58.093+0800: 1937.116: [ParNew
Desired survivor size 20112992 bytes, new threshold 8 (max 8)
- age   1:    5479928 bytes,    5479928 total
- age   2:    1674736 bytes,    7154664 total
- age   3:    2113168 bytes,    9267832 total
- age   4:     614504 bytes,    9882336 total
- age   5:     564320 bytes,   10446656 total
- age   6:     516696 bytes,   10963352 total
- age   7:    2409136 bytes,   13372488 total
- age   8:    2246680 bytes,   15619168 total
: 107399K->19267K(109248K), 0.0080902 secs] 160358K->72226K(502464K), 0.0081494 secs] [Times: user=0.04 sys=0.00, real=0.01 secs] 
Heap after GC invocations=50 (full 2):
 par new generation   total 109248K, used 19267K [0x00000007a0000000, 0x00000007a8000000, 0x00000007a8000000)
  eden space 87424K,   0% used [0x00000007a0000000, 0x00000007a0000000, 0x00000007a5560000)
  from space 21824K,  88% used [0x00000007a5560000, 0x00000007a6830d70, 0x00000007a6ab0000)
  to   space 21824K,   0% used [0x00000007a6ab0000, 0x00000007a6ab0000, 0x00000007a8000000)
 concurrent mark-sweep generation total 393216K, used 52959K [0x00000007a8000000, 0x00000007c0000000, 0x00000007c0000000)
 Metaspace       used 39175K, capacity 39940K, committed 40052K, reserved 1085440K
  class space    used 4512K, capacity 4725K, committed 4732K, reserved 1048576K
}
2016-10-23T22:31:58.102+0800: 1937.124: Total time for which application threads were stopped: 0.0083206 seconds, Stopping threads took: 0.0000286 seconds
{Heap before GC invocations=50 (full 2):
 par new generation   total 109248K, used 106691K [0x00000007a0000000, 0x00000007a8000000, 0x00000007a8000000)
  eden space 87424K, 100% used [0x00000007a0000000, 0x00000007a5560000, 0x00000007a5560000)
  from space 21824K,  88% used [0x00000007a5560000, 0x00000007a6830d70, 0x00000007a6ab0000)
  to   space 21824K,   0% used [0x00000007a6ab0000, 0x00000007a6ab0000, 0x00000007a8000000)
 concurrent mark-sweep generation total 393216K, used 52959K [0x00000007a8000000, 0x00000007c0000000, 0x00000007c0000000)
 Metaspace       used 39175K, capacity 39940K, committed 40052K, reserved 1085440K
  class space    used 4512K, capacity 4725K, committed 4732K, reserved 1048576K
2016-10-23T22:31:58.368+0800: 1937.391: [GC (Allocation Failure) 2016-10-23T22:31:58.368+0800: 1937.391: [ParNew
Desired survivor size 20112992 bytes, new threshold 8 (max 8)
- age   1:    5843336 bytes,    5843336 total
- age   2:    4006920 bytes,    9850256 total
- age   3:    1642840 bytes,   11493096 total
- age   4:    2104072 bytes,   13597168 total
- age   5:     614504 bytes,   14211672 total
- age   6:     564320 bytes,   14775992 total
- age   7:     516696 bytes,   15292688 total
- age   8:    2409136 bytes,   17701824 total
: 106691K->19757K(109248K), 0.0097945 secs] 159650K->74910K(502464K), 0.0098477 secs] [Times: user=0.03 sys=0.00, real=0.01 secs] 
Heap after GC invocations=51 (full 2):
 par new generation   total 109248K, used 19757K [0x00000007a0000000, 0x00000007a8000000, 0x00000007a8000000)
  eden space 87424K,   0% used [0x00000007a0000000, 0x00000007a0000000, 0x00000007a5560000)
  from space 21824K,  90% used [0x00000007a6ab0000, 0x00000007a7dfb470, 0x00000007a8000000)
  to   space 21824K,   0% used [0x00000007a5560000, 0x00000007a5560000, 0x00000007a6ab0000)
 concurrent mark-sweep generation total 393216K, used 55153K [0x00000007a8000000, 0x00000007c0000000, 0x00000007c0000000)
 Metaspace       used 39175K, capacity 39940K, committed 40052K, reserved 1085440K
  class space    used 4512K, capacity 4725K, committed 4732K, reserved 1048576K
}
2016-10-23T22:31:58.378+0800: 1937.400: Total time for which application threads were stopped: 0.0100324 seconds, Stopping threads took: 0.0000206 seconds
2016-10-23T22:31:58.588+0800: 1937.611: Total time for which application threads were stopped: 0.0001343 seconds, Stopping threads took: 0.0000286 seconds
2016-10-23T22:31:58.589+0800: 1937.612: Total time for which application threads were stopped: 0.0001409 seconds, Stopping threads took: 0.0000621 seconds
2016-10-23T22:31:58.589+0800: 1937.612: Total time for which application threads were stopped: 0.0001155 seconds, Stopping threads took: 0.0000481 seconds
2016-10-23T22:31:58.590+0800: 1937.612: Total time for which application threads were stopped: 0.0001143 seconds, Stopping threads took: 0.0000503 seconds
2016-10-23T22:31:58.590+0800: 1937.612: Total time for which application threads were stopped: 0.0000968 seconds, Stopping threads took: 0.0000413 seconds
2016-10-23T22:31:58.591+0800: 1937.614: Total time for which application threads were stopped: 0.0000910 seconds, Stopping threads took: 0.0000214 seconds
2016-10-23T22:31:58.591+0800: 1937.614: Total time for which application threads were stopped: 0.0000759 seconds, Stopping threads took: 0.0000186 seconds
2016-10-23T22:31:58.591+0800: 1937.614: Total time for which application threads were stopped: 0.0000801 seconds, Stopping threads took: 0.0000255 seconds
2016-10-23T22:31:58.592+0800: 1937.614: Total time for which application threads were stopped: 0.0001139 seconds, Stopping threads took: 0.0000487 seconds
2016-10-23T22:31:58.592+0800: 1937.614: Total time for which application threads were stopped: 0.0001046 seconds, Stopping threads took: 0.0000429 seconds
2016-10-23T22:31:58.592+0800: 1937.615: Total time for which application threads were stopped: 0.0000715 seconds, Stopping threads took: 0.0000268 seconds
2016-10-23T22:31:58.592+0800: 1937.615: Total time for which application threads were stopped: 0.0000825 seconds, Stopping threads took: 0.0000345 seconds
2016-10-23T22:31:58.592+0800: 1937.615: Total time for which application threads were stopped: 0.0001325 seconds, Stopping threads took: 0.0000671 seconds
2016-10-23T22:31:58.593+0800: 1937.615: Total time for which application threads were stopped: 0.0001066 seconds, Stopping threads took: 0.0000434 seconds
2016-10-23T22:31:58.593+0800: 1937.616: Total time for which application threads were stopped: 0.0000980 seconds, Stopping threads took: 0.0000403 seconds
2016-10-23T22:31:58.593+0800: 1937.616: Total time for which application threads were stopped: 0.0001048 seconds, Stopping threads took: 0.0000463 seconds
2016-10-23T22:31:58.593+0800: 1937.616: Total time for which application threads were stopped: 0.0001033 seconds, Stopping threads took: 0.0000455 seconds
2016-10-23T22:31:58.594+0800: 1937.616: Total time for which application threads were stopped: 0.0001151 seconds, Stopping threads took: 0.0000553 seconds
2016-10-23T22:31:58.594+0800: 1937.616: Total time for which application threads were stopped: 0.0001207 seconds, Stopping threads took: 0.0000528 seconds
2016-10-23T22:31:58.594+0800: 1937.617: Total time for which application threads were stopped: 0.0001002 seconds, Stopping threads took: 0.0000380 seconds
2016-10-23T22:31:58.594+0800: 1937.617: Total time for which application threads were stopped: 0.0001211 seconds, Stopping threads took: 0.0000539 seconds
2016-10-23T22:31:58.594+0800: 1937.617: Total time for which application threads were stopped: 0.0000741 seconds, Stopping threads took: 0.0000193 seconds
2016-10-23T22:31:58.595+0800: 1937.617: Total time for which application threads were stopped: 0.0000885 seconds, Stopping threads took: 0.0000225 seconds
2016-10-23T22:31:58.595+0800: 1937.618: Total time for which application threads were stopped: 0.0001586 seconds, Stopping threads took: 0.0000384 seconds
2016-10-23T22:31:58.602+0800: 1937.625: Total time for which application threads were stopped: 0.0001476 seconds, Stopping threads took: 0.0000280 seconds
2016-10-23T22:31:58.603+0800: 1937.625: Total time for which application threads were stopped: 0.0000774 seconds, Stopping threads took: 0.0000085 seconds
2016-10-23T22:31:58.604+0800: 1937.627: Total time for which application threads were stopped: 0.0001676 seconds, Stopping threads took: 0.0000759 seconds
2016-10-23T22:31:58.620+0800: 1937.643: Total time for which application threads were stopped: 0.0001286 seconds, Stopping threads took: 0.0000201 seconds
2016-10-23T22:31:58.629+0800: 1937.652: Total time for which application threads were stopped: 0.0001485 seconds, Stopping threads took: 0.0000439 seconds
{Heap before GC invocations=51 (full 2):
 par new generation   total 109248K, used 107181K [0x00000007a0000000, 0x00000007a8000000, 0x00000007a8000000)
  eden space 87424K, 100% used [0x00000007a0000000, 0x00000007a5560000, 0x00000007a5560000)
  from space 21824K,  90% used [0x00000007a6ab0000, 0x00000007a7dfb470, 0x00000007a8000000)
  to   space 21824K,   0% used [0x00000007a5560000, 0x00000007a5560000, 0x00000007a6ab0000)
 concurrent mark-sweep generation total 393216K, used 55153K [0x00000007a8000000, 0x00000007c0000000, 0x00000007c0000000)
 Metaspace       used 39178K, capacity 40004K, committed 40052K, reserved 1085440K
  class space    used 4512K, capacity 4725K, committed 4732K, reserved 1048576K
2016-10-23T22:31:58.635+0800: 1937.657: [GC (Allocation Failure) 2016-10-23T22:31:58.635+0800: 1937.657: [ParNew
Desired survivor size 20112992 bytes, new threshold 6 (max 8)
- age   1:    8336136 bytes,    8336136 total
- age   2:    4197728 bytes,   12533864 total
- age   3:    3411024 bytes,   15944888 total
- age   4:    1623904 bytes,   17568792 total
- age   5:    2087928 bytes,   19656720 total
- age   6:     614504 bytes,   20271224 total
- age   7:     564320 bytes,   20835544 total
- age   8:     516664 bytes,   21352208 total
: 107181K->21824K(109248K), 0.0135418 secs] 162334K->79457K(502464K), 0.0136060 secs] [Times: user=0.06 sys=0.00, real=0.01 secs] 
Heap after GC invocations=52 (full 2):
 par new generation   total 109248K, used 21824K [0x00000007a0000000, 0x00000007a8000000, 0x00000007a8000000)
  eden space 87424K,   0% used [0x00000007a0000000, 0x00000007a0000000, 0x00000007a5560000)
  from space 21824K, 100% used [0x00000007a5560000, 0x00000007a6ab0000, 0x00000007a6ab0000)
  to   space 21824K,   0% used [0x00000007a6ab0000, 0x00000007a6ab0000, 0x00000007a8000000)
 concurrent mark-sweep generation total 393216K, used 57633K [0x00000007a8000000, 0x00000007c0000000, 0x00000007c0000000)
 Metaspace       used 39178K, capacity 40004K, committed 40052K, reserved 1085440K
  class space    used 4512K, capacity 4725K, committed 4732K, reserved 1048576K
}
2016-10-23T22:31:58.648+0800: 1937.671: Total time for which application threads were stopped: 0.0137875 seconds, Stopping threads took: 0.0000241 seconds
2016-10-23T22:31:58.674+0800: 1937.697: Total time for which application threads were stopped: 0.0001925 seconds, Stopping threads took: 0.0000462 seconds
2016-10-23T22:31:58.700+0800: 1937.723: Total time for which application threads were stopped: 0.0002034 seconds, Stopping threads took: 0.0000818 seconds
2016-10-23T22:31:58.720+0800: 1937.743: Total time for which application threads were stopped: 0.0002026 seconds, Stopping threads took: 0.0001060 seconds
2016-10-23T22:31:58.745+0800: 1937.768: Total time for which application threads were stopped: 0.0001462 seconds, Stopping threads took: 0.0000586 seconds
{Heap before GC invocations=52 (full 2):
 par new generation   total 109248K, used 109248K [0x00000007a0000000, 0x00000007a8000000, 0x00000007a8000000)
  eden space 87424K, 100% used [0x00000007a0000000, 0x00000007a5560000, 0x00000007a5560000)
  from space 21824K, 100% used [0x00000007a5560000, 0x00000007a6ab0000, 0x00000007a6ab0000)
  to   space 21824K,   0% used [0x00000007a6ab0000, 0x00000007a6ab0000, 0x00000007a8000000)
 concurrent mark-sweep generation total 393216K, used 57633K [0x00000007a8000000, 0x00000007c0000000, 0x00000007c0000000)
 Metaspace       used 39184K, capacity 40004K, committed 40052K, reserved 1085440K
  class space    used 4512K, capacity 4725K, committed 4732K, reserved 1048576K
2016-10-23T22:31:58.836+0800: 1937.859: [GC (Allocation Failure) 2016-10-23T22:31:58.836+0800: 1937.859: [ParNew
Desired survivor size 20112992 bytes, new threshold 6 (max 8)
- age   1:    4525920 bytes,    4525920 total
- age   2:    6747864 bytes,   11273784 total
- age   3:    3630832 bytes,   14904616 total
- age   4:    2853592 bytes,   17758208 total
- age   5:    1382584 bytes,   19140792 total
- age   6:    1720408 bytes,   20861200 total
: 109248K->21824K(109248K), 0.0146634 secs] 166881K->81507K(502464K), 0.0147139 secs] [Times: user=0.08 sys=0.00, real=0.02 secs] 
Heap after GC invocations=53 (full 2):
 par new generation   total 109248K, used 21824K [0x00000007a0000000, 0x00000007a8000000, 0x00000007a8000000)
  eden space 87424K,   0% used [0x00000007a0000000, 0x00000007a0000000, 0x00000007a5560000)
  from space 21824K, 100% used [0x00000007a6ab0000, 0x00000007a8000000, 0x00000007a8000000)
  to   space 21824K,   0% used [0x00000007a5560000, 0x00000007a5560000, 0x00000007a6ab0000)
 concurrent mark-sweep generation total 393216K, used 59683K [0x00000007a8000000, 0x00000007c0000000, 0x00000007c0000000)
 Metaspace       used 39184K, capacity 40004K, committed 40052K, reserved 1085440K
  class space    used 4512K, capacity 4725K, committed 4732K, reserved 1048576K
}
2016-10-23T22:31:58.851+0800: 1937.873: Total time for which application threads were stopped: 0.0149529 seconds, Stopping threads took: 0.0000802 seconds
2016-10-23T22:31:58.894+0800: 1937.917: Total time for which application threads were stopped: 0.0002737 seconds, Stopping threads took: 0.0000797 seconds
{Heap before GC invocations=53 (full 2):
 par new generation   total 109248K, used 109248K [0x00000007a0000000, 0x00000007a8000000, 0x00000007a8000000)
  eden space 87424K, 100% used [0x00000007a0000000, 0x00000007a5560000, 0x00000007a5560000)
  from space 21824K, 100% used [0x00000007a6ab0000, 0x00000007a8000000, 0x00000007a8000000)
  to   space 21824K,   0% used [0x00000007a5560000, 0x00000007a5560000, 0x00000007a6ab0000)
 concurrent mark-sweep generation total 393216K, used 59683K [0x00000007a8000000, 0x00000007c0000000, 0x00000007c0000000)
 Metaspace       used 39184K, capacity 40004K, committed 40052K, reserved 1085440K
  class space    used 4512K, capacity 4725K, committed 4732K, reserved 1048576K
2016-10-23T22:31:58.978+0800: 1938.001: [GC (Allocation Failure) 2016-10-23T22:31:58.978+0800: 1938.001: [ParNew
Desired survivor size 20112992 bytes, new threshold 8 (max 8)
- age   1:    4591264 bytes,    4591264 total
- age   2:    3317440 bytes,    7908704 total
- age   3:    4926424 bytes,   12835128 total
- age   4:    2799328 bytes,   15634456 total
- age   5:    2594648 bytes,   18229104 total
- age   6:    1232120 bytes,   19461224 total
: 109248K->21824K(109248K), 0.0136916 secs] 168931K->86411K(502464K), 0.0137511 secs] [Times: user=0.05 sys=0.00, real=0.02 secs] 
Heap after GC invocations=54 (full 2):
 par new generation   total 109248K, used 21824K [0x00000007a0000000, 0x00000007a8000000, 0x00000007a8000000)
  eden space 87424K,   0% used [0x00000007a0000000, 0x00000007a0000000, 0x00000007a5560000)
  from space 21824K, 100% used [0x00000007a5560000, 0x00000007a6ab0000, 0x00000007a6ab0000)
  to   space 21824K,   0% used [0x00000007a6ab0000, 0x00000007a6ab0000, 0x00000007a8000000)
 concurrent mark-sweep generation total 393216K, used 64587K [0x00000007a8000000, 0x00000007c0000000, 0x00000007c0000000)
 Metaspace       used 39184K, capacity 40004K, committed 40052K, reserved 1085440K
  class space    used 4512K, capacity 4725K, committed 4732K, reserved 1048576K
}
2016-10-23T22:31:58.992+0800: 1938.014: Total time for which application threads were stopped: 0.0140160 seconds, Stopping threads took: 0.0001027 seconds
{Heap before GC invocations=54 (full 2):
 par new generation   total 109248K, used 109248K [0x00000007a0000000, 0x00000007a8000000, 0x00000007a8000000)
  eden space 87424K, 100% used [0x00000007a0000000, 0x00000007a5560000, 0x00000007a5560000)
  from space 21824K, 100% used [0x00000007a5560000, 0x00000007a6ab0000, 0x00000007a6ab0000)
  to   space 21824K,   0% used [0x00000007a6ab0000, 0x00000007a6ab0000, 0x00000007a8000000)
 concurrent mark-sweep generation total 393216K, used 64587K [0x00000007a8000000, 0x00000007c0000000, 0x00000007c0000000)
 Metaspace       used 39185K, capacity 40004K, committed 40052K, reserved 1085440K
  class space    used 4512K, capacity 4725K, committed 4732K, reserved 1048576K
2016-10-23T22:31:59.071+0800: 1938.094: [GC (Allocation Failure) 2016-10-23T22:31:59.071+0800: 1938.094: [ParNew
Desired survivor size 20112992 bytes, new threshold 6 (max 8)
- age   1:    4222096 bytes,    4222096 total
- age   2:    2757592 bytes,    6979688 total
- age   3:    2885248 bytes,    9864936 total
- age   4:    4924568 bytes,   14789504 total
- age   5:    2799328 bytes,   17588832 total
- age   6:    2594648 bytes,   20183480 total
- age   7:    1232120 bytes,   21415600 total
: 109248K->21824K(109248K), 0.0117379 secs] 173835K->87367K(502464K), 0.0117928 secs] [Times: user=0.05 sys=0.01, real=0.01 secs] 
Heap after GC invocations=55 (full 2):
 par new generation   total 109248K, used 21824K [0x00000007a0000000, 0x00000007a8000000, 0x00000007a8000000)
  eden space 87424K,   0% used [0x00000007a0000000, 0x00000007a0000000, 0x00000007a5560000)
  from space 21824K, 100% used [0x00000007a6ab0000, 0x00000007a8000000, 0x00000007a8000000)
  to   space 21824K,   0% used [0x00000007a5560000, 0x00000007a5560000, 0x00000007a6ab0000)
 concurrent mark-sweep generation total 393216K, used 65543K [0x00000007a8000000, 0x00000007c0000000, 0x00000007c0000000)
 Metaspace       used 39185K, capacity 40004K, committed 40052K, reserved 1085440K
  class space    used 4512K, capacity 4725K, committed 4732K, reserved 1048576K
}
2016-10-23T22:31:59.083+0800: 1938.105: Total time for which application threads were stopped: 0.0120399 seconds, Stopping threads took: 0.0000706 seconds
{Heap before GC invocations=55 (full 2):
 par new generation   total 109248K, used 109248K [0x00000007a0000000, 0x00000007a8000000, 0x00000007a8000000)
  eden space 87424K, 100% used [0x00000007a0000000, 0x00000007a5560000, 0x00000007a5560000)
  from space 21824K, 100% used [0x00000007a6ab0000, 0x00000007a8000000, 0x00000007a8000000)
  to   space 21824K,   0% used [0x00000007a5560000, 0x00000007a5560000, 0x00000007a6ab0000)
 concurrent mark-sweep generation total 393216K, used 65543K [0x00000007a8000000, 0x00000007c0000000, 0x00000007c0000000)
 Metaspace       used 39217K, capacity 40006K, committed 40052K, reserved 1085440K
  class space    used 4513K, capacity 4726K, committed 4732K, reserved 1048576K
2016-10-23T22:31:59.227+0800: 1938.250: [GC (Allocation Failure) 2016-10-23T22:31:59.227+0800: 1938.250: [ParNew
Desired survivor size 20112992 bytes, new threshold 8 (max 8)
- age   1:    5078808 bytes,    5078808 total
- age   2:    2293008 bytes,    7371816 total
- age   3:    2381944 bytes,    9753760 total
- age   4:    2701856 bytes,   12455616 total
- age   5:    3756216 bytes,   16211832 total
- age   6:    2096128 bytes,   18307960 total
: 109248K->21824K(109248K), 0.0132457 secs] 174791K->92474K(502464K), 0.0133095 secs] [Times: user=0.04 sys=0.00, real=0.02 secs] 
Heap after GC invocations=56 (full 2):
 par new generation   total 109248K, used 21824K [0x00000007a0000000, 0x00000007a8000000, 0x00000007a8000000)
  eden space 87424K,   0% used [0x00000007a0000000, 0x00000007a0000000, 0x00000007a5560000)
  from space 21824K, 100% used [0x00000007a5560000, 0x00000007a6ab0000, 0x00000007a6ab0000)
  to   space 21824K,   0% used [0x00000007a6ab0000, 0x00000007a6ab0000, 0x00000007a8000000)
 concurrent mark-sweep generation total 393216K, used 70650K [0x00000007a8000000, 0x00000007c0000000, 0x00000007c0000000)
 Metaspace       used 39217K, capacity 40006K, committed 40052K, reserved 1085440K
  class space    used 4513K, capacity 4726K, committed 4732K, reserved 1048576K
}
2016-10-23T22:31:59.241+0800: 1938.263: Total time for which application threads were stopped: 0.0135252 seconds, Stopping threads took: 0.0000336 seconds
{Heap before GC invocations=56 (full 2):
 par new generation   total 109248K, used 109248K [0x00000007a0000000, 0x00000007a8000000, 0x00000007a8000000)
  eden space 87424K, 100% used [0x00000007a0000000, 0x00000007a5560000, 0x00000007a5560000)
  from space 21824K, 100% used [0x00000007a5560000, 0x00000007a6ab0000, 0x00000007a6ab0000)
  to   space 21824K,   0% used [0x00000007a6ab0000, 0x00000007a6ab0000, 0x00000007a8000000)
 concurrent mark-sweep generation total 393216K, used 70650K [0x00000007a8000000, 0x00000007c0000000, 0x00000007c0000000)
 Metaspace       used 39217K, capacity 40006K, committed 40052K, reserved 1085440K
  class space    used 4513K, capacity 4726K, committed 4732K, reserved 1048576K
2016-10-23T22:31:59.378+0800: 1938.401: [GC (Allocation Failure) 2016-10-23T22:31:59.378+0800: 1938.401: [ParNew
Desired survivor size 20112992 bytes, new threshold 6 (max 8)
- age   1:    7092064 bytes,    7092064 total
- age   2:    3697896 bytes,   10789960 total
- age   3:    1529280 bytes,   12319240 total
- age   4:    2081864 bytes,   14401104 total
- age   5:    2421056 bytes,   16822160 total
- age   6:    3539856 bytes,   20362016 total
- age   7:    2096128 bytes,   22458144 total
: 109248K->21824K(109248K), 0.0157777 secs] 179898K->95095K(502464K), 0.0158619 secs] [Times: user=0.05 sys=0.00, real=0.02 secs] 
Heap after GC invocations=57 (full 2):
 par new generation   total 109248K, used 21824K [0x00000007a0000000, 0x00000007a8000000, 0x00000007a8000000)
  eden space 87424K,   0% used [0x00000007a0000000, 0x00000007a0000000, 0x00000007a5560000)
  from space 21824K, 100% used [0x00000007a6ab0000, 0x00000007a8000000, 0x00000007a8000000)
  to   space 21824K,   0% used [0x00000007a5560000, 0x00000007a5560000, 0x00000007a6ab0000)
 concurrent mark-sweep generation total 393216K, used 73271K [0x00000007a8000000, 0x00000007c0000000, 0x00000007c0000000)
 Metaspace       used 39217K, capacity 40006K, committed 40052K, reserved 1085440K
  class space    used 4513K, capacity 4726K, committed 4732K, reserved 1048576K
}
2016-10-23T22:31:59.394+0800: 1938.417: Total time for which application threads were stopped: 0.0161614 seconds, Stopping threads took: 0.0000845 seconds
{Heap before GC invocations=57 (full 2):
 par new generation   total 109248K, used 109248K [0x00000007a0000000, 0x00000007a8000000, 0x00000007a8000000)
  eden space 87424K, 100% used [0x00000007a0000000, 0x00000007a5560000, 0x00000007a5560000)
  from space 21824K, 100% used [0x00000007a6ab0000, 0x00000007a8000000, 0x00000007a8000000)
  to   space 21824K,   0% used [0x00000007a5560000, 0x00000007a5560000, 0x00000007a6ab0000)
 concurrent mark-sweep generation total 393216K, used 73271K [0x00000007a8000000, 0x00000007c0000000, 0x00000007c0000000)
 Metaspace       used 39217K, capacity 40006K, committed 40052K, reserved 1085440K
  class space    used 4513K, capacity 4726K, committed 4732K, reserved 1048576K
2016-10-23T22:31:59.527+0800: 1938.550: [GC (Allocation Failure) 2016-10-23T22:31:59.527+0800: 1938.550: [ParNew
Desired survivor size 20112992 bytes, new threshold 8 (max 8)
- age   1:    7267088 bytes,    7267088 total
- age   2:    4245576 bytes,   11512664 total
- age   3:    2695824 bytes,   14208488 total
- age   4:    1275288 bytes,   15483776 total
- age   5:    1775832 bytes,   17259608 total
- age   6:    2075504 bytes,   19335112 total
: 109248K->21824K(109248K), 0.0172746 secs] 182519K->103527K(502464K), 0.0173382 secs] [Times: user=0.06 sys=0.01, real=0.02 secs] 
Heap after GC invocations=58 (full 2):
 par new generation   total 109248K, used 21824K [0x00000007a0000000, 0x00000007a8000000, 0x00000007a8000000)
  eden space 87424K,   0% used [0x00000007a0000000, 0x00000007a0000000, 0x00000007a5560000)
  from space 21824K, 100% used [0x00000007a5560000, 0x00000007a6ab0000, 0x00000007a6ab0000)
  to   space 21824K,   0% used [0x00000007a6ab0000, 0x00000007a6ab0000, 0x00000007a8000000)
 concurrent mark-sweep generation total 393216K, used 81703K [0x00000007a8000000, 0x00000007c0000000, 0x00000007c0000000)
 Metaspace       used 39217K, capacity 40006K, committed 40052K, reserved 1085440K
  class space    used 4513K, capacity 4726K, committed 4732K, reserved 1048576K
}
2016-10-23T22:31:59.545+0800: 1938.567: Total time for which application threads were stopped: 0.0175852 seconds, Stopping threads took: 0.0000676 seconds
2016-10-23T22:31:59.633+0800: 1938.656: Total time for which application threads were stopped: 0.0002267 seconds, Stopping threads took: 0.0001141 seconds
2016-10-23T22:31:59.634+0800: 1938.657: Total time for which application threads were stopped: 0.0001602 seconds, Stopping threads took: 0.0000624 seconds
2016-10-23T22:31:59.687+0800: 1938.709: Total time for which application threads were stopped: 0.0002200 seconds, Stopping threads took: 0.0000947 seconds
{Heap before GC invocations=58 (full 2):
 par new generation   total 109248K, used 109248K [0x00000007a0000000, 0x00000007a8000000, 0x00000007a8000000)
  eden space 87424K, 100% used [0x00000007a0000000, 0x00000007a5560000, 0x00000007a5560000)
  from space 21824K, 100% used [0x00000007a5560000, 0x00000007a6ab0000, 0x00000007a6ab0000)
  to   space 21824K,   0% used [0x00000007a6ab0000, 0x00000007a6ab0000, 0x00000007a8000000)
 concurrent mark-sweep generation total 393216K, used 81703K [0x00000007a8000000, 0x00000007c0000000, 0x00000007c0000000)
 Metaspace       used 39222K, capacity 40006K, committed 40052K, reserved 1085440K
  class space    used 4513K, capacity 4726K, committed 4732K, reserved 1048576K
2016-10-23T22:31:59.699+0800: 1938.721: [GC (Allocation Failure) 2016-10-23T22:31:59.699+0800: 1938.721: [ParNew
Desired survivor size 20112992 bytes, new threshold 7 (max 8)
- age   1:    7158584 bytes,    7158584 total
- age   2:    3790368 bytes,   10948952 total
- age   3:    3693056 bytes,   14642008 total
- age   4:    2168744 bytes,   16810752 total
- age   5:     993576 bytes,   17804328 total
- age   6:    1410600 bytes,   19214928 total
- age   7:    1673232 bytes,   20888160 total
: 109248K->21824K(109248K), 0.0186006 secs] 190951K->105976K(502464K), 0.0186545 secs] [Times: user=0.12 sys=0.00, real=0.02 secs] 
Heap after GC invocations=59 (full 2):
 par new generation   total 109248K, used 21824K [0x00000007a0000000, 0x00000007a8000000, 0x00000007a8000000)
  eden space 87424K,   0% used [0x00000007a0000000, 0x00000007a0000000, 0x00000007a5560000)
  from space 21824K, 100% used [0x00000007a6ab0000, 0x00000007a8000000, 0x00000007a8000000)
  to   space 21824K,   0% used [0x00000007a5560000, 0x00000007a5560000, 0x00000007a6ab0000)
 concurrent mark-sweep generation total 393216K, used 84152K [0x00000007a8000000, 0x00000007c0000000, 0x00000007c0000000)
 Metaspace       used 39222K, capacity 40006K, committed 40052K, reserved 1085440K
  class space    used 4513K, capacity 4726K, committed 4732K, reserved 1048576K
}
2016-10-23T22:31:59.717+0800: 1938.740: Total time for which application threads were stopped: 0.0188744 seconds, Stopping threads took: 0.0000798 seconds
{Heap before GC invocations=59 (full 2):
 par new generation   total 109248K, used 109248K [0x00000007a0000000, 0x00000007a8000000, 0x00000007a8000000)
  eden space 87424K, 100% used [0x00000007a0000000, 0x00000007a5560000, 0x00000007a5560000)
  from space 21824K, 100% used [0x00000007a6ab0000, 0x00000007a8000000, 0x00000007a8000000)
  to   space 21824K,   0% used [0x00000007a5560000, 0x00000007a5560000, 0x00000007a6ab0000)
 concurrent mark-sweep generation total 393216K, used 84152K [0x00000007a8000000, 0x00000007c0000000, 0x00000007c0000000)
 Metaspace       used 39224K, capacity 40006K, committed 40052K, reserved 1085440K
  class space    used 4513K, capacity 4726K, committed 4732K, reserved 1048576K
2016-10-23T22:31:59.831+0800: 1938.854: [GC (Allocation Failure) 2016-10-23T22:31:59.831+0800: 1938.854: [ParNew
Desired survivor size 20112992 bytes, new threshold 8 (max 8)
- age   1:    1726352 bytes,    1726352 total
- age   2:    5707952 bytes,    7434304 total
- age   3:    3812832 bytes,   11247136 total
- age   4:    3089784 bytes,   14336920 total
- age   5:    1964832 bytes,   16301752 total
- age   6:     889672 bytes,   17191424 total
- age   7:    1278528 bytes,   18469952 total
: 109248K->21824K(109248K), 0.0139752 secs] 193400K->110813K(502464K), 0.0140380 secs] [Times: user=0.06 sys=0.00, real=0.01 secs] 
Heap after GC invocations=60 (full 2):
 par new generation   total 109248K, used 21824K [0x00000007a0000000, 0x00000007a8000000, 0x00000007a8000000)
  eden space 87424K,   0% used [0x00000007a0000000, 0x00000007a0000000, 0x00000007a5560000)
  from space 21824K, 100% used [0x00000007a5560000, 0x00000007a6ab0000, 0x00000007a6ab0000)
  to   space 21824K,   0% used [0x00000007a6ab0000, 0x00000007a6ab0000, 0x00000007a8000000)
 concurrent mark-sweep generation total 393216K, used 88989K [0x00000007a8000000, 0x00000007c0000000, 0x00000007c0000000)
 Metaspace       used 39224K, capacity 40006K, committed 40052K, reserved 1085440K
  class space    used 4513K, capacity 4726K, committed 4732K, reserved 1048576K
}
2016-10-23T22:31:59.845+0800: 1938.868: Total time for which application threads were stopped: 0.0142934 seconds, Stopping threads took: 0.0000931 seconds
{Heap before GC invocations=60 (full 2):
 par new generation   total 109248K, used 109248K [0x00000007a0000000, 0x00000007a8000000, 0x00000007a8000000)
  eden space 87424K, 100% used [0x00000007a0000000, 0x00000007a5560000, 0x00000007a5560000)
  from space 21824K, 100% used [0x00000007a5560000, 0x00000007a6ab0000, 0x00000007a6ab0000)
  to   space 21824K,   0% used [0x00000007a6ab0000, 0x00000007a6ab0000, 0x00000007a8000000)
 concurrent mark-sweep generation total 393216K, used 88989K [0x00000007a8000000, 0x00000007c0000000, 0x00000007c0000000)
 Metaspace       used 39230K, capacity 40006K, committed 40052K, reserved 1085440K
  class space    used 4513K, capacity 4726K, committed 4732K, reserved 1048576K
2016-10-23T22:31:59.928+0800: 1938.951: [GC (Allocation Failure) 2016-10-23T22:31:59.928+0800: 1938.951: [ParNew
Desired survivor size 20112992 bytes, new threshold 8 (max 8)
- age   1:    1649256 bytes,    1649256 total
- age   2:    1070848 bytes,    2720104 total
- age   3:    5396304 bytes,    8116408 total
- age   4:    3389864 bytes,   11506272 total
- age   5:    2940712 bytes,   14446984 total
- age   6:    1823448 bytes,   16270432 total
- age   7:     813344 bytes,   17083776 total
- age   8:    1171728 bytes,   18255504 total
: 109248K->21824K(109248K), 0.0103695 secs] 198237K->111463K(502464K), 0.0104269 secs] [Times: user=0.04 sys=0.00, real=0.01 secs] 
Heap after GC invocations=61 (full 2):
 par new generation   total 109248K, used 21824K [0x00000007a0000000, 0x00000007a8000000, 0x00000007a8000000)
  eden space 87424K,   0% used [0x00000007a0000000, 0x00000007a0000000, 0x00000007a5560000)
  from space 21824K, 100% used [0x00000007a6ab0000, 0x00000007a8000000, 0x00000007a8000000)
  to   space 21824K,   0% used [0x00000007a5560000, 0x00000007a5560000, 0x00000007a6ab0000)
 concurrent mark-sweep generation total 393216K, used 89639K [0x00000007a8000000, 0x00000007c0000000, 0x00000007c0000000)
 Metaspace       used 39230K, capacity 40006K, committed 40052K, reserved 1085440K
  class space    used 4513K, capacity 4726K, committed 4732K, reserved 1048576K
}
2016-10-23T22:31:59.939+0800: 1938.961: Total time for which application threads were stopped: 0.0106765 seconds, Stopping threads took: 0.0000889 seconds
2016-10-23T22:31:59.940+0800: 1938.963: Total time for which application threads were stopped: 0.0001504 seconds, Stopping threads took: 0.0000658 seconds
2016-10-23T22:31:59.940+0800: 1938.963: Total time for which application threads were stopped: 0.0001450 seconds, Stopping threads took: 0.0000730 seconds
2016-10-23T22:32:00.000+0800: 1939.023: Total time for which application threads were stopped: 0.0001630 seconds, Stopping threads took: 0.0000712 seconds
2016-10-23T22:32:00.000+0800: 1939.023: Total time for which application threads were stopped: 0.0001356 seconds, Stopping threads took: 0.0000761 seconds
2016-10-23T22:32:00.001+0800: 1939.023: Total time for which application threads were stopped: 0.0001214 seconds, Stopping threads took: 0.0000733 seconds
2016-10-23T22:32:00.001+0800: 1939.023: Total time for which application threads were stopped: 0.0001140 seconds, Stopping threads took: 0.0000664 seconds
2016-10-23T22:32:00.006+0800: 1939.029: Total time for which application threads were stopped: 0.0001506 seconds, Stopping threads took: 0.0000821 seconds
2016-10-23T22:32:00.007+0800: 1939.029: Total time for which application threads were stopped: 0.0001216 seconds, Stopping threads took: 0.0000631 seconds
2016-10-23T22:32:00.007+0800: 1939.029: Total time for which application threads were stopped: 0.0001368 seconds, Stopping threads took: 0.0000548 seconds
2016-10-23T22:32:00.007+0800: 1939.030: Total time for which application threads were stopped: 0.0001449 seconds, Stopping threads took: 0.0000731 seconds
2016-10-23T22:32:00.008+0800: 1939.030: Total time for which application threads were stopped: 0.0001922 seconds, Stopping threads took: 0.0001001 seconds
2016-10-23T22:32:00.013+0800: 1939.035: Total time for which application threads were stopped: 0.0009840 seconds, Stopping threads took: 0.0000774 seconds
2016-10-23T22:32:00.015+0800: 1939.038: Total time for which application threads were stopped: 0.0001657 seconds, Stopping threads took: 0.0000703 seconds
2016-10-23T22:32:00.016+0800: 1939.038: Total time for which application threads were stopped: 0.0001510 seconds, Stopping threads took: 0.0000707 seconds
2016-10-23T22:32:00.016+0800: 1939.038: Total time for which application threads were stopped: 0.0001365 seconds, Stopping threads took: 0.0000644 seconds
2016-10-23T22:32:00.016+0800: 1939.039: Total time for which application threads were stopped: 0.0003231 seconds, Stopping threads took: 0.0000615 seconds
{Heap before GC invocations=61 (full 2):
 par new generation   total 109248K, used 109248K [0x00000007a0000000, 0x00000007a8000000, 0x00000007a8000000)
  eden space 87424K, 100% used [0x00000007a0000000, 0x00000007a5560000, 0x00000007a5560000)
  from space 21824K, 100% used [0x00000007a6ab0000, 0x00000007a8000000, 0x00000007a8000000)
  to   space 21824K,   0% used [0x00000007a5560000, 0x00000007a5560000, 0x00000007a6ab0000)
 concurrent mark-sweep generation total 393216K, used 89639K [0x00000007a8000000, 0x00000007c0000000, 0x00000007c0000000)
 Metaspace       used 39352K, capacity 40166K, committed 40436K, reserved 1085440K
  class space    used 4528K, capacity 4758K, committed 4860K, reserved 1048576K
2016-10-23T22:32:00.129+0800: 1939.152: [GC (Allocation Failure) 2016-10-23T22:32:00.129+0800: 1939.152: [ParNew
Desired survivor size 20112992 bytes, new threshold 7 (max 8)
- age   1:    5971088 bytes,    5971088 total
- age   2:     911768 bytes,    6882856 total
- age   3:     832168 bytes,    7715024 total
- age   4:    4789232 bytes,   12504256 total
- age   5:    2992648 bytes,   15496904 total
- age   6:    2875200 bytes,   18372104 total
- age   7:    1761112 bytes,   20133216 total
- age   8:     779896 bytes,   20913112 total
: 109248K->21824K(109248K), 0.0165676 secs] 198887K->113540K(502464K), 0.0166380 secs] [Times: user=0.10 sys=0.00, real=0.02 secs] 
Heap after GC invocations=62 (full 2):
 par new generation   total 109248K, used 21824K [0x00000007a0000000, 0x00000007a8000000, 0x00000007a8000000)
  eden space 87424K,   0% used [0x00000007a0000000, 0x00000007a0000000, 0x00000007a5560000)
  from space 21824K, 100% used [0x00000007a5560000, 0x00000007a6ab0000, 0x00000007a6ab0000)
  to   space 21824K,   0% used [0x00000007a6ab0000, 0x00000007a6ab0000, 0x00000007a8000000)
 concurrent mark-sweep generation total 393216K, used 91716K [0x00000007a8000000, 0x00000007c0000000, 0x00000007c0000000)
 Metaspace       used 39352K, capacity 40166K, committed 40436K, reserved 1085440K
  class space    used 4528K, capacity 4758K, committed 4860K, reserved 1048576K
}
2016-10-23T22:32:00.146+0800: 1939.168: Total time for which application threads were stopped: 0.0169257 seconds, Stopping threads took: 0.0000705 seconds
{Heap before GC invocations=62 (full 2):
 par new generation   total 109248K, used 109248K [0x00000007a0000000, 0x00000007a8000000, 0x00000007a8000000)
  eden space 87424K, 100% used [0x00000007a0000000, 0x00000007a5560000, 0x00000007a5560000)
  from space 21824K, 100% used [0x00000007a5560000, 0x00000007a6ab0000, 0x00000007a6ab0000)
  to   space 21824K,   0% used [0x00000007a6ab0000, 0x00000007a6ab0000, 0x00000007a8000000)
 concurrent mark-sweep generation total 393216K, used 91716K [0x00000007a8000000, 0x00000007c0000000, 0x00000007c0000000)
 Metaspace       used 39446K, capacity 40230K, committed 40436K, reserved 1085440K
  class space    used 4541K, capacity 4758K, committed 4860K, reserved 1048576K
2016-10-23T22:32:00.309+0800: 1939.331: [GC (Allocation Failure) 2016-10-23T22:32:00.311+0800: 1939.333: [ParNew
Desired survivor size 20112992 bytes, new threshold 8 (max 8)
- age   1:    4160408 bytes,    4160408 total
- age   2:    4121408 bytes,    8281816 total
- age   3:     788528 bytes,    9070344 total
- age   4:     762328 bytes,    9832672 total
- age   5:    4230352 bytes,   14063024 total
- age   6:    2747256 bytes,   16810280 total
- age   7:    2801248 bytes,   19611528 total
: 109248K->21824K(109248K), 0.0192548 secs] 200964K->118396K(502464K), 0.0212835 secs] [Times: user=0.11 sys=0.00, real=0.03 secs] 
Heap after GC invocations=63 (full 2):
 par new generation   total 109248K, used 21824K [0x00000007a0000000, 0x00000007a8000000, 0x00000007a8000000)
  eden space 87424K,   0% used [0x00000007a0000000, 0x00000007a0000000, 0x00000007a5560000)
  from space 21824K, 100% used [0x00000007a6ab0000, 0x00000007a8000000, 0x00000007a8000000)
  to   space 21824K,   0% used [0x00000007a5560000, 0x00000007a5560000, 0x00000007a6ab0000)
 concurrent mark-sweep generation total 393216K, used 96572K [0x00000007a8000000, 0x00000007c0000000, 0x00000007c0000000)
 Metaspace       used 39446K, capacity 40230K, committed 40436K, reserved 1085440K
  class space    used 4541K, capacity 4758K, committed 4860K, reserved 1048576K
}
2016-10-23T22:32:00.330+0800: 1939.353: Total time for which application threads were stopped: 0.0215944 seconds, Stopping threads took: 0.0000709 seconds
{Heap before GC invocations=63 (full 2):
 par new generation   total 109248K, used 109226K [0x00000007a0000000, 0x00000007a8000000, 0x00000007a8000000)
  eden space 87424K,  99% used [0x00000007a0000000, 0x00000007a555a8d8, 0x00000007a5560000)
  from space 21824K, 100% used [0x00000007a6ab0000, 0x00000007a8000000, 0x00000007a8000000)
  to   space 21824K,   0% used [0x00000007a5560000, 0x00000007a5560000, 0x00000007a6ab0000)
 concurrent mark-sweep generation total 393216K, used 96572K [0x00000007a8000000, 0x00000007c0000000, 0x00000007c0000000)
 Metaspace       used 39446K, capacity 40230K, committed 40436K, reserved 1085440K
  class space    used 4541K, capacity 4758K, committed 4860K, reserved 1048576K
2016-10-23T22:32:00.431+0800: 1939.454: [GC (Allocation Failure) 2016-10-23T22:32:00.431+0800: 1939.454: [ParNew
Desired survivor size 20112992 bytes, new threshold 8 (max 8)
- age   1:    2969288 bytes,    2969288 total
- age   2:    2803984 bytes,    5773272 total
- age   3:    3753976 bytes,    9527248 total
- age   4:     771832 bytes,   10299080 total
- age   5:     716632 bytes,   11015712 total
- age   6:    4065944 bytes,   15081656 total
- age   7:    2638144 bytes,   17719800 total
- age   8:    2640056 bytes,   20359856 total
: 109226K->21824K(109248K), 0.0134592 secs] 205798K->120258K(502464K), 0.0135084 secs] [Times: user=0.05 sys=0.00, real=0.01 secs] 
Heap after GC invocations=64 (full 2):
 par new generation   total 109248K, used 21824K [0x00000007a0000000, 0x00000007a8000000, 0x00000007a8000000)
  eden space 87424K,   0% used [0x00000007a0000000, 0x00000007a0000000, 0x00000007a5560000)
  from space 21824K, 100% used [0x00000007a5560000, 0x00000007a6ab0000, 0x00000007a6ab0000)
  to   space 21824K,   0% used [0x00000007a6ab0000, 0x00000007a6ab0000, 0x00000007a8000000)
 concurrent mark-sweep generation total 393216K, used 98434K [0x00000007a8000000, 0x00000007c0000000, 0x00000007c0000000)
 Metaspace       used 39446K, capacity 40230K, committed 40436K, reserved 1085440K
  class space    used 4541K, capacity 4758K, committed 4860K, reserved 1048576K
}
2016-10-23T22:32:00.445+0800: 1939.467: Total time for which application threads were stopped: 0.0137861 seconds, Stopping threads took: 0.0001091 seconds
{Heap before GC invocations=64 (full 2):
 par new generation   total 109248K, used 109248K [0x00000007a0000000, 0x00000007a8000000, 0x00000007a8000000)
  eden space 87424K, 100% used [0x00000007a0000000, 0x00000007a5560000, 0x00000007a5560000)
  from space 21824K, 100% used [0x00000007a5560000, 0x00000007a6ab0000, 0x00000007a6ab0000)
  to   space 21824K,   0% used [0x00000007a6ab0000, 0x00000007a6ab0000, 0x00000007a8000000)
 concurrent mark-sweep generation total 393216K, used 98434K [0x00000007a8000000, 0x00000007c0000000, 0x00000007c0000000)
 Metaspace       used 39446K, capacity 40230K, committed 40436K, reserved 1085440K
  class space    used 4541K, capacity 4758K, committed 4860K, reserved 1048576K
2016-10-23T22:32:00.505+0800: 1939.528: [GC (Allocation Failure) 2016-10-23T22:32:00.506+0800: 1939.528: [ParNew
Desired survivor size 20112992 bytes, new threshold 8 (max 8)
- age   1:    3387168 bytes,    3387168 total
- age   2:    2042616 bytes,    5429784 total
- age   3:    2622032 bytes,    8051816 total
- age   4:    3571112 bytes,   11622928 total
- age   5:     722264 bytes,   12345192 total
- age   6:     690016 bytes,   13035208 total
- age   7:    4049192 bytes,   17084400 total
- age   8:    2635312 bytes,   19719712 total
: 109248K->21824K(109248K), 0.0155129 secs] 207682K->123511K(502464K), 0.0155798 secs] [Times: user=0.07 sys=0.00, real=0.02 secs] 
Heap after GC invocations=65 (full 2):
 par new generation   total 109248K, used 21824K [0x00000007a0000000, 0x00000007a8000000, 0x00000007a8000000)
  eden space 87424K,   0% used [0x00000007a0000000, 0x00000007a0000000, 0x00000007a5560000)
  from space 21824K, 100% used [0x00000007a6ab0000, 0x00000007a8000000, 0x00000007a8000000)
  to   space 21824K,   0% used [0x00000007a5560000, 0x00000007a5560000, 0x00000007a6ab0000)
 concurrent mark-sweep generation total 393216K, used 101687K [0x00000007a8000000, 0x00000007c0000000, 0x00000007c0000000)
 Metaspace       used 39446K, capacity 40230K, committed 40436K, reserved 1085440K
  class space    used 4541K, capacity 4758K, committed 4860K, reserved 1048576K
}
2016-10-23T22:32:00.521+0800: 1939.544: Total time for which application threads were stopped: 0.0158159 seconds, Stopping threads took: 0.0000757 seconds
{Heap before GC invocations=65 (full 2):
 par new generation   total 109248K, used 109248K [0x00000007a0000000, 0x00000007a8000000, 0x00000007a8000000)
  eden space 87424K, 100% used [0x00000007a0000000, 0x00000007a5560000, 0x00000007a5560000)
  from space 21824K, 100% used [0x00000007a6ab0000, 0x00000007a8000000, 0x00000007a8000000)
  to   space 21824K,   0% used [0x00000007a5560000, 0x00000007a5560000, 0x00000007a6ab0000)
 concurrent mark-sweep generation total 393216K, used 101687K [0x00000007a8000000, 0x00000007c0000000, 0x00000007c0000000)
 Metaspace       used 39446K, capacity 40230K, committed 40436K, reserved 1085440K
  class space    used 4541K, capacity 4758K, committed 4860K, reserved 1048576K
2016-10-23T22:32:00.589+0800: 1939.611: [GC (Allocation Failure) 2016-10-23T22:32:00.589+0800: 1939.612: [ParNew
Desired survivor size 20112992 bytes, new threshold 8 (max 8)
- age   1:    3515144 bytes,    3515144 total
- age   2:    2305088 bytes,    5820232 total
- age   3:    1809480 bytes,    7629712 total
- age   4:    2616248 bytes,   10245960 total
- age   5:    3175760 bytes,   13421720 total
- age   6:     721856 bytes,   14143576 total
- age   7:     690040 bytes,   14833616 total
- age   8:    4045912 bytes,   18879528 total
: 109248K->21824K(109248K), 0.0163724 secs] 210935K->126330K(502464K), 0.0164234 secs] [Times: user=0.08 sys=0.01, real=0.02 secs] 
Heap after GC invocations=66 (full 2):
 par new generation   total 109248K, used 21824K [0x00000007a0000000, 0x00000007a8000000, 0x00000007a8000000)
  eden space 87424K,   0% used [0x00000007a0000000, 0x00000007a0000000, 0x00000007a5560000)
  from space 21824K, 100% used [0x00000007a5560000, 0x00000007a6ab0000, 0x00000007a6ab0000)
  to   space 21824K,   0% used [0x00000007a6ab0000, 0x00000007a6ab0000, 0x00000007a8000000)
 concurrent mark-sweep generation total 393216K, used 104506K [0x00000007a8000000, 0x00000007c0000000, 0x00000007c0000000)
 Metaspace       used 39446K, capacity 40230K, committed 40436K, reserved 1085440K
  class space    used 4541K, capacity 4758K, committed 4860K, reserved 1048576K
}
2016-10-23T22:32:00.605+0800: 1939.628: Total time for which application threads were stopped: 0.0167241 seconds, Stopping threads took: 0.0000787 seconds
2016-10-23T22:32:00.634+0800: 1939.657: Total time for which application threads were stopped: 0.0002143 seconds, Stopping threads took: 0.0000944 seconds
2016-10-23T22:32:00.639+0800: 1939.661: Total time for which application threads were stopped: 0.0002092 seconds, Stopping threads took: 0.0000885 seconds
{Heap before GC invocations=66 (full 2):
 par new generation   total 109248K, used 109248K [0x00000007a0000000, 0x00000007a8000000, 0x00000007a8000000)
  eden space 87424K, 100% used [0x00000007a0000000, 0x00000007a5560000, 0x00000007a5560000)
  from space 21824K, 100% used [0x00000007a5560000, 0x00000007a6ab0000, 0x00000007a6ab0000)
  to   space 21824K,   0% used [0x00000007a6ab0000, 0x00000007a6ab0000, 0x00000007a8000000)
 concurrent mark-sweep generation total 393216K, used 104506K [0x00000007a8000000, 0x00000007c0000000, 0x00000007c0000000)
 Metaspace       used 39449K, capacity 40230K, committed 40436K, reserved 1085440K
  class space    used 4541K, capacity 4758K, committed 4860K, reserved 1048576K
2016-10-23T22:32:00.668+0800: 1939.691: [GC (Allocation Failure) 2016-10-23T22:32:00.668+0800: 1939.691: [ParNew
Desired survivor size 20112992 bytes, new threshold 8 (max 8)
- age   1:    4136280 bytes,    4136280 total
- age   2:    2713232 bytes,    6849512 total
- age   3:    1408088 bytes,    8257600 total
- age   4:    1720232 bytes,    9977832 total
- age   5:    2616640 bytes,   12594472 total
- age   6:    3174328 bytes,   15768800 total
- age   7:     722312 bytes,   16491112 total
- age   8:     690040 bytes,   17181152 total
: 109248K->21824K(109248K), 0.0162694 secs] 213754K->130305K(502464K), 0.0163231 secs] [Times: user=0.08 sys=0.01, real=0.02 secs] 
Heap after GC invocations=67 (full 2):
 par new generation   total 109248K, used 21824K [0x00000007a0000000, 0x00000007a8000000, 0x00000007a8000000)
  eden space 87424K,   0% used [0x00000007a0000000, 0x00000007a0000000, 0x00000007a5560000)
  from space 21824K, 100% used [0x00000007a6ab0000, 0x00000007a8000000, 0x00000007a8000000)
  to   space 21824K,   0% used [0x00000007a5560000, 0x00000007a5560000, 0x00000007a6ab0000)
 concurrent mark-sweep generation total 393216K, used 108481K [0x00000007a8000000, 0x00000007c0000000, 0x00000007c0000000)
 Metaspace       used 39449K, capacity 40230K, committed 40436K, reserved 1085440K
  class space    used 4541K, capacity 4758K, committed 4860K, reserved 1048576K
}
2016-10-23T22:32:00.685+0800: 1939.707: Total time for which application threads were stopped: 0.0165839 seconds, Stopping threads took: 0.0001121 seconds
{Heap before GC invocations=67 (full 2):
 par new generation   total 109248K, used 109248K [0x00000007a0000000, 0x00000007a8000000, 0x00000007a8000000)
  eden space 87424K, 100% used [0x00000007a0000000, 0x00000007a5560000, 0x00000007a5560000)
  from space 21824K, 100% used [0x00000007a6ab0000, 0x00000007a8000000, 0x00000007a8000000)
  to   space 21824K,   0% used [0x00000007a5560000, 0x00000007a5560000, 0x00000007a6ab0000)
 concurrent mark-sweep generation total 393216K, used 108481K [0x00000007a8000000, 0x00000007c0000000, 0x00000007c0000000)
 Metaspace       used 39453K, capacity 40230K, committed 40436K, reserved 1085440K
  class space    used 4541K, capacity 4758K, committed 4860K, reserved 1048576K
2016-10-23T22:32:00.792+0800: 1939.815: [GC (Allocation Failure) 2016-10-23T22:32:00.792+0800: 1939.815: [ParNew
Desired survivor size 20112992 bytes, new threshold 8 (max 8)
- age   1:    1838592 bytes,    1838592 total
- age   2:    3801800 bytes,    5640392 total
- age   3:    2591904 bytes,    8232296 total
- age   4:    1306496 bytes,    9538792 total
- age   5:    1577032 bytes,   11115824 total
- age   6:    2348576 bytes,   13464400 total
- age   7:    2944416 bytes,   16408816 total
- age   8:     653568 bytes,   17062384 total
: 109248K->21824K(109248K), 0.0133689 secs] 217729K->130898K(502464K), 0.0134279 secs] [Times: user=0.07 sys=0.00, real=0.01 secs] 
Heap after GC invocations=68 (full 2):
 par new generation   total 109248K, used 21824K [0x00000007a0000000, 0x00000007a8000000, 0x00000007a8000000)
  eden space 87424K,   0% used [0x00000007a0000000, 0x00000007a0000000, 0x00000007a5560000)
  from space 21824K, 100% used [0x00000007a5560000, 0x00000007a6ab0000, 0x00000007a6ab0000)
  to   space 21824K,   0% used [0x00000007a6ab0000, 0x00000007a6ab0000, 0x00000007a8000000)
 concurrent mark-sweep generation total 393216K, used 109074K [0x00000007a8000000, 0x00000007c0000000, 0x00000007c0000000)
 Metaspace       used 39453K, capacity 40230K, committed 40436K, reserved 1085440K
  class space    used 4541K, capacity 4758K, committed 4860K, reserved 1048576K
}
2016-10-23T22:32:00.805+0800: 1939.828: Total time for which application threads were stopped: 0.0139153 seconds, Stopping threads took: 0.0002167 seconds
{Heap before GC invocations=68 (full 2):
 par new generation   total 109248K, used 109248K [0x00000007a0000000, 0x00000007a8000000, 0x00000007a8000000)
  eden space 87424K, 100% used [0x00000007a0000000, 0x00000007a5560000, 0x00000007a5560000)
  from space 21824K, 100% used [0x00000007a5560000, 0x00000007a6ab0000, 0x00000007a6ab0000)
  to   space 21824K,   0% used [0x00000007a6ab0000, 0x00000007a6ab0000, 0x00000007a8000000)
 concurrent mark-sweep generation total 393216K, used 109074K [0x00000007a8000000, 0x00000007c0000000, 0x00000007c0000000)
 Metaspace       used 39473K, capacity 40294K, committed 40436K, reserved 1085440K
  class space    used 4542K, capacity 4758K, committed 4860K, reserved 1048576K
2016-10-23T22:32:00.979+0800: 1940.001: [GC (Allocation Failure) 2016-10-23T22:32:00.979+0800: 1940.001: [ParNew
Desired survivor size 20112992 bytes, new threshold 8 (max 8)
- age   1:    3070960 bytes,    3070960 total
- age   2:    1119376 bytes,    4190336 total
- age   3:    3726912 bytes,    7917248 total
- age   4:    2498208 bytes,   10415456 total
- age   5:    1220256 bytes,   11635712 total
- age   6:    1476568 bytes,   13112280 total
- age   7:    2201744 bytes,   15314024 total
- age   8:    2652504 bytes,   17966528 total
: 109248K->21824K(109248K), 0.0133997 secs] 218322K->131548K(502464K), 0.0134541 secs] [Times: user=0.08 sys=0.00, real=0.02 secs] 
Heap after GC invocations=69 (full 2):
 par new generation   total 109248K, used 21824K [0x00000007a0000000, 0x00000007a8000000, 0x00000007a8000000)
  eden space 87424K,   0% used [0x00000007a0000000, 0x00000007a0000000, 0x00000007a5560000)
  from space 21824K, 100% used [0x00000007a6ab0000, 0x00000007a8000000, 0x00000007a8000000)
  to   space 21824K,   0% used [0x00000007a5560000, 0x00000007a5560000, 0x00000007a6ab0000)
 concurrent mark-sweep generation total 393216K, used 109724K [0x00000007a8000000, 0x00000007c0000000, 0x00000007c0000000)
 Metaspace       used 39473K, capacity 40294K, committed 40436K, reserved 1085440K
  class space    used 4542K, capacity 4758K, committed 4860K, reserved 1048576K
}
2016-10-23T22:32:00.992+0800: 1940.015: Total time for which application threads were stopped: 0.0138060 seconds, Stopping threads took: 0.0001857 seconds
2016-10-23T22:32:01.095+0800: 1940.118: Total time for which application threads were stopped: 0.0001980 seconds, Stopping threads took: 0.0000933 seconds
{Heap before GC invocations=69 (full 2):
 par new generation   total 109248K, used 109248K [0x00000007a0000000, 0x00000007a8000000, 0x00000007a8000000)
  eden space 87424K, 100% used [0x00000007a0000000, 0x00000007a5560000, 0x00000007a5560000)
  from space 21824K, 100% used [0x00000007a6ab0000, 0x00000007a8000000, 0x00000007a8000000)
  to   space 21824K,   0% used [0x00000007a5560000, 0x00000007a5560000, 0x00000007a6ab0000)
 concurrent mark-sweep generation total 393216K, used 109724K [0x00000007a8000000, 0x00000007c0000000, 0x00000007c0000000)
 Metaspace       used 39483K, capacity 40294K, committed 40436K, reserved 1085440K
  class space    used 4542K, capacity 4758K, committed 4860K, reserved 1048576K
2016-10-23T22:32:01.180+0800: 1940.202: [GC (Allocation Failure) 2016-10-23T22:32:01.180+0800: 1940.202: [ParNew
Desired survivor size 20112992 bytes, new threshold 8 (max 8)
- age   1:    5530704 bytes,    5530704 total
- age   2:    1920328 bytes,    7451032 total
- age   3:     984176 bytes,    8435208 total
- age   4:    3627320 bytes,   12062528 total
- age   5:    2376352 bytes,   14438880 total
- age   6:    1113880 bytes,   15552760 total
- age   7:    1208296 bytes,   16761056 total
- age   8:    1848280 bytes,   18609336 total
: 109248K->21824K(109248K), 0.0151666 secs] 218972K->134217K(502464K), 0.0152119 secs] [Times: user=0.08 sys=0.00, real=0.01 secs] 
Heap after GC invocations=70 (full 2):
 par new generation   total 109248K, used 21824K [0x00000007a0000000, 0x00000007a8000000, 0x00000007a8000000)
  eden space 87424K,   0% used [0x00000007a0000000, 0x00000007a0000000, 0x00000007a5560000)
  from space 21824K, 100% used [0x00000007a5560000, 0x00000007a6ab0000, 0x00000007a6ab0000)
  to   space 21824K,   0% used [0x00000007a6ab0000, 0x00000007a6ab0000, 0x00000007a8000000)
 concurrent mark-sweep generation total 393216K, used 112393K [0x00000007a8000000, 0x00000007c0000000, 0x00000007c0000000)
 Metaspace       used 39483K, capacity 40294K, committed 40436K, reserved 1085440K
  class space    used 4542K, capacity 4758K, committed 4860K, reserved 1048576K
}
2016-10-23T22:32:01.195+0800: 1940.218: Total time for which application threads were stopped: 0.0154662 seconds, Stopping threads took: 0.0000771 seconds
{Heap before GC invocations=70 (full 2):
 par new generation   total 109248K, used 109248K [0x00000007a0000000, 0x00000007a8000000, 0x00000007a8000000)
  eden space 87424K, 100% used [0x00000007a0000000, 0x00000007a5560000, 0x00000007a5560000)
  from space 21824K, 100% used [0x00000007a5560000, 0x00000007a6ab0000, 0x00000007a6ab0000)
  to   space 21824K,   0% used [0x00000007a6ab0000, 0x00000007a6ab0000, 0x00000007a8000000)
 concurrent mark-sweep generation total 393216K, used 112393K [0x00000007a8000000, 0x00000007c0000000, 0x00000007c0000000)
 Metaspace       used 39485K, capacity 40294K, committed 40436K, reserved 1085440K
  class space    used 4542K, capacity 4758K, committed 4860K, reserved 1048576K
2016-10-23T22:32:01.387+0800: 1940.410: [GC (Allocation Failure) 2016-10-23T22:32:01.387+0800: 1940.410: [ParNew
Desired survivor size 20112992 bytes, new threshold 8 (max 8)
- age   1:    4973328 bytes,    4973328 total
- age   2:    3432520 bytes,    8405848 total
- age   3:    1613088 bytes,   10018936 total
- age   4:     883656 bytes,   10902592 total
- age   5:    3237752 bytes,   14140344 total
- age   6:    2376288 bytes,   16516632 total
- age   7:    1113880 bytes,   17630512 total
- age   8:    1208192 bytes,   18838704 total
: 109248K->21824K(109248K), 0.0180225 secs] 221641K->138541K(502464K), 0.0180814 secs] [Times: user=0.10 sys=0.01, real=0.02 secs] 
Heap after GC invocations=71 (full 2):
 par new generation   total 109248K, used 21824K [0x00000007a0000000, 0x00000007a8000000, 0x00000007a8000000)
  eden space 87424K,   0% used [0x00000007a0000000, 0x00000007a0000000, 0x00000007a5560000)
  from space 21824K, 100% used [0x00000007a6ab0000, 0x00000007a8000000, 0x00000007a8000000)
  to   space 21824K,   0% used [0x00000007a5560000, 0x00000007a5560000, 0x00000007a6ab0000)
 concurrent mark-sweep generation total 393216K, used 116717K [0x00000007a8000000, 0x00000007c0000000, 0x00000007c0000000)
 Metaspace       used 39485K, capacity 40294K, committed 40436K, reserved 1085440K
  class space    used 4542K, capacity 4758K, committed 4860K, reserved 1048576K
}
2016-10-23T22:32:01.405+0800: 1940.428: Total time for which application threads were stopped: 0.0182879 seconds, Stopping threads took: 0.0000378 seconds
{Heap before GC invocations=71 (full 2):
 par new generation   total 109248K, used 109248K [0x00000007a0000000, 0x00000007a8000000, 0x00000007a8000000)
  eden space 87424K, 100% used [0x00000007a0000000, 0x00000007a5560000, 0x00000007a5560000)
  from space 21824K, 100% used [0x00000007a6ab0000, 0x00000007a8000000, 0x00000007a8000000)
  to   space 21824K,   0% used [0x00000007a5560000, 0x00000007a5560000, 0x00000007a6ab0000)
 concurrent mark-sweep generation total 393216K, used 116717K [0x00000007a8000000, 0x00000007c0000000, 0x00000007c0000000)
 Metaspace       used 39485K, capacity 40294K, committed 40436K, reserved 1085440K
  class space    used 4542K, capacity 4758K, committed 4860K, reserved 1048576K
2016-10-23T22:32:01.530+0800: 1940.553: [GC (Allocation Failure) 2016-10-23T22:32:01.530+0800: 1940.553: [ParNew
Desired survivor size 20112992 bytes, new threshold 7 (max 8)
- age   1:    4765408 bytes,    4765408 total
- age   2:    3903144 bytes,    8668552 total
- age   3:    3402680 bytes,   12071232 total
- age   4:    1598800 bytes,   13670032 total
- age   5:     877384 bytes,   14547416 total
- age   6:    3235392 bytes,   17782808 total
- age   7:    2376288 bytes,   20159096 total
- age   8:    1113880 bytes,   21272976 total
: 109248K->21824K(109248K), 0.0167264 secs] 225965K->139963K(502464K), 0.0167879 secs] [Times: user=0.09 sys=0.00, real=0.01 secs] 
Heap after GC invocations=72 (full 2):
 par new generation   total 109248K, used 21824K [0x00000007a0000000, 0x00000007a8000000, 0x00000007a8000000)
  eden space 87424K,   0% used [0x00000007a0000000, 0x00000007a0000000, 0x00000007a5560000)
  from space 21824K, 100% used [0x00000007a5560000, 0x00000007a6ab0000, 0x00000007a6ab0000)
  to   space 21824K,   0% used [0x00000007a6ab0000, 0x00000007a6ab0000, 0x00000007a8000000)
 concurrent mark-sweep generation total 393216K, used 118139K [0x00000007a8000000, 0x00000007c0000000, 0x00000007c0000000)
 Metaspace       used 39485K, capacity 40294K, committed 40436K, reserved 1085440K
  class space    used 4542K, capacity 4758K, committed 4860K, reserved 1048576K
}
2016-10-23T22:32:01.547+0800: 1940.570: Total time for which application threads were stopped: 0.0170469 seconds, Stopping threads took: 0.0000798 seconds
{Heap before GC invocations=72 (full 2):
 par new generation   total 109248K, used 109248K [0x00000007a0000000, 0x00000007a8000000, 0x00000007a8000000)
  eden space 87424K, 100% used [0x00000007a0000000, 0x00000007a5560000, 0x00000007a5560000)
  from space 21824K, 100% used [0x00000007a5560000, 0x00000007a6ab0000, 0x00000007a6ab0000)
  to   space 21824K,   0% used [0x00000007a6ab0000, 0x00000007a6ab0000, 0x00000007a8000000)
 concurrent mark-sweep generation total 393216K, used 118139K [0x00000007a8000000, 0x00000007c0000000, 0x00000007c0000000)
 Metaspace       used 39485K, capacity 40294K, committed 40436K, reserved 1085440K
  class space    used 4542K, capacity 4758K, committed 4860K, reserved 1048576K
2016-10-23T22:32:01.634+0800: 1940.656: [GC (Allocation Failure) 2016-10-23T22:32:01.634+0800: 1940.656: [ParNew
Desired survivor size 20112992 bytes, new threshold 8 (max 8)
- age   1:    4685192 bytes,    4685192 total
- age   2:    2704856 bytes,    7390048 total
- age   3:    2915816 bytes,   10305864 total
- age   4:    3115808 bytes,   13421672 total
- age   5:    1443960 bytes,   14865632 total
- age   6:     804568 bytes,   15670200 total
- age   7:    3028640 bytes,   18698840 total
: 109248K->21824K(109248K), 0.0167315 secs] 227387K->145245K(502464K), 0.0167795 secs] [Times: user=0.08 sys=0.00, real=0.02 secs] 
Heap after GC invocations=73 (full 2):
 par new generation   total 109248K, used 21824K [0x00000007a0000000, 0x00000007a8000000, 0x00000007a8000000)
  eden space 87424K,   0% used [0x00000007a0000000, 0x00000007a0000000, 0x00000007a5560000)
  from space 21824K, 100% used [0x00000007a6ab0000, 0x00000007a8000000, 0x00000007a8000000)
  to   space 21824K,   0% used [0x00000007a5560000, 0x00000007a5560000, 0x00000007a6ab0000)
 concurrent mark-sweep generation total 393216K, used 123421K [0x00000007a8000000, 0x00000007c0000000, 0x00000007c0000000)
 Metaspace       used 39485K, capacity 40294K, committed 40436K, reserved 1085440K
  class space    used 4542K, capacity 4758K, committed 4860K, reserved 1048576K
}
2016-10-23T22:32:01.650+0800: 1940.673: Total time for which application threads were stopped: 0.0170311 seconds, Stopping threads took: 0.0000911 seconds
2016-10-23T22:32:01.651+0800: 1940.673: Total time for which application threads were stopped: 0.0001833 seconds, Stopping threads took: 0.0000878 seconds
2016-10-23T22:32:01.652+0800: 1940.675: Total time for which application threads were stopped: 0.0001809 seconds, Stopping threads took: 0.0000642 seconds
2016-10-23T22:32:01.703+0800: 1940.725: Total time for which application threads were stopped: 0.0003326 seconds, Stopping threads took: 0.0000878 seconds
{Heap before GC invocations=73 (full 2):
 par new generation   total 109248K, used 109248K [0x00000007a0000000, 0x00000007a8000000, 0x00000007a8000000)
  eden space 87424K, 100% used [0x00000007a0000000, 0x00000007a5560000, 0x00000007a5560000)
  from space 21824K, 100% used [0x00000007a6ab0000, 0x00000007a8000000, 0x00000007a8000000)
  to   space 21824K,   0% used [0x00000007a5560000, 0x00000007a5560000, 0x00000007a6ab0000)
 concurrent mark-sweep generation total 393216K, used 123421K [0x00000007a8000000, 0x00000007c0000000, 0x00000007c0000000)
 Metaspace       used 39529K, capacity 40294K, committed 40436K, reserved 1085440K
  class space    used 4542K, capacity 4758K, committed 4860K, reserved 1048576K
2016-10-23T22:32:01.788+0800: 1940.810: [GC (Allocation Failure) 2016-10-23T22:32:01.788+0800: 1940.810: [ParNew
Desired survivor size 20112992 bytes, new threshold 8 (max 8)
- age   1:    2989776 bytes,    2989776 total
- age   2:    4385344 bytes,    7375120 total
- age   3:    2421440 bytes,    9796560 total
- age   4:    2399264 bytes,   12195824 total
- age   5:    2704024 bytes,   14899848 total
- age   6:    1240848 bytes,   16140696 total
- age   7:     679736 bytes,   16820432 total
- age   8:    2881584 bytes,   19702016 total
: 109248K->21824K(109248K), 0.0150392 secs] 232669K->145519K(502464K), 0.0151114 secs] [Times: user=0.08 sys=0.00, real=0.02 secs] 
Heap after GC invocations=74 (full 2):
 par new generation   total 109248K, used 21824K [0x00000007a0000000, 0x00000007a8000000, 0x00000007a8000000)
  eden space 87424K,   0% used [0x00000007a0000000, 0x00000007a0000000, 0x00000007a5560000)
  from space 21824K, 100% used [0x00000007a5560000, 0x00000007a6ab0000, 0x00000007a6ab0000)
  to   space 21824K,   0% used [0x00000007a6ab0000, 0x00000007a6ab0000, 0x00000007a8000000)
 concurrent mark-sweep generation total 393216K, used 123695K [0x00000007a8000000, 0x00000007c0000000, 0x00000007c0000000)
 Metaspace       used 39529K, capacity 40294K, committed 40436K, reserved 1085440K
  class space    used 4542K, capacity 4758K, committed 4860K, reserved 1048576K
}
2016-10-23T22:32:01.803+0800: 1940.825: Total time for which application threads were stopped: 0.0154923 seconds, Stopping threads took: 0.0001282 seconds
{Heap before GC invocations=74 (full 2):
 par new generation   total 109248K, used 109248K [0x00000007a0000000, 0x00000007a8000000, 0x00000007a8000000)
  eden space 87424K, 100% used [0x00000007a0000000, 0x00000007a5560000, 0x00000007a5560000)
  from space 21824K, 100% used [0x00000007a5560000, 0x00000007a6ab0000, 0x00000007a6ab0000)
  to   space 21824K,   0% used [0x00000007a6ab0000, 0x00000007a6ab0000, 0x00000007a8000000)
 concurrent mark-sweep generation total 393216K, used 123695K [0x00000007a8000000, 0x00000007c0000000, 0x00000007c0000000)
 Metaspace       used 39529K, capacity 40294K, committed 40436K, reserved 1085440K
  class space    used 4542K, capacity 4758K, committed 4860K, reserved 1048576K
2016-10-23T22:32:01.848+0800: 1940.871: [GC (Allocation Failure) 2016-10-23T22:32:01.848+0800: 1940.871: [ParNew
Desired survivor size 20112992 bytes, new threshold 8 (max 8)
- age   1:    1056144 bytes,    1056144 total
- age   2:    2520040 bytes,    3576184 total
- age   3:    4371384 bytes,    7947568 total
- age   4:    2405440 bytes,   10353008 total
- age   5:    2376384 bytes,   12729392 total
- age   6:    2684960 bytes,   15414352 total
- age   7:    1230024 bytes,   16644376 total
- age   8:     672952 bytes,   17317328 total
: 109248K->21824K(109248K), 0.0150542 secs] 232943K->148425K(502464K), 0.0151252 secs] [Times: user=0.08 sys=0.00, real=0.02 secs] 
Heap after GC invocations=75 (full 2):
 par new generation   total 109248K, used 21824K [0x00000007a0000000, 0x00000007a8000000, 0x00000007a8000000)
  eden space 87424K,   0% used [0x00000007a0000000, 0x00000007a0000000, 0x00000007a5560000)
  from space 21824K, 100% used [0x00000007a6ab0000, 0x00000007a8000000, 0x00000007a8000000)
  to   space 21824K,   0% used [0x00000007a5560000, 0x00000007a5560000, 0x00000007a6ab0000)
 concurrent mark-sweep generation total 393216K, used 126601K [0x00000007a8000000, 0x00000007c0000000, 0x00000007c0000000)
 Metaspace       used 39529K, capacity 40294K, committed 40436K, reserved 1085440K
  class space    used 4542K, capacity 4758K, committed 4860K, reserved 1048576K
}
2016-10-23T22:32:01.863+0800: 1940.886: Total time for which application threads were stopped: 0.0154844 seconds, Stopping threads took: 0.0000944 seconds
2016-10-23T22:32:01.912+0800: 1940.934: Total time for which application threads were stopped: 0.0002185 seconds, Stopping threads took: 0.0000918 seconds
2016-10-23T22:32:01.912+0800: 1940.935: Total time for which application threads were stopped: 0.0001340 seconds, Stopping threads took: 0.0000457 seconds
{Heap before GC invocations=75 (full 2):
 par new generation   total 109248K, used 109248K [0x00000007a0000000, 0x00000007a8000000, 0x00000007a8000000)
  eden space 87424K, 100% used [0x00000007a0000000, 0x00000007a5560000, 0x00000007a5560000)
  from space 21824K, 100% used [0x00000007a6ab0000, 0x00000007a8000000, 0x00000007a8000000)
  to   space 21824K,   0% used [0x00000007a5560000, 0x00000007a5560000, 0x00000007a6ab0000)
 concurrent mark-sweep generation total 393216K, used 126601K [0x00000007a8000000, 0x00000007c0000000, 0x00000007c0000000)
 Metaspace       used 39534K, capacity 40294K, committed 40436K, reserved 1085440K
  class space    used 4542K, capacity 4758K, committed 4860K, reserved 1048576K
2016-10-23T22:32:01.928+0800: 1940.951: [GC (Allocation Failure) 2016-10-23T22:32:01.928+0800: 1940.951: [ParNew
Desired survivor size 20112992 bytes, new threshold 8 (max 8)
- age   1:    1507616 bytes,    1507616 total
- age   2:     548248 bytes,    2055864 total
- age   3:    2339656 bytes,    4395520 total
- age   4:    4173256 bytes,    8568776 total
- age   5:    2153816 bytes,   10722592 total
- age   6:    1973328 bytes,   12695920 total
- age   7:    2418336 bytes,   15114256 total
- age   8:    1067936 bytes,   16182192 total
: 109248K->19458K(109248K), 0.0112672 secs] 235849K->146690K(502464K), 0.0113413 secs] [Times: user=0.06 sys=0.00, real=0.02 secs] 
Heap after GC invocations=76 (full 2):
 par new generation   total 109248K, used 19458K [0x00000007a0000000, 0x00000007a8000000, 0x00000007a8000000)
  eden space 87424K,   0% used [0x00000007a0000000, 0x00000007a0000000, 0x00000007a5560000)
  from space 21824K,  89% used [0x00000007a5560000, 0x00000007a6860a50, 0x00000007a6ab0000)
  to   space 21824K,   0% used [0x00000007a6ab0000, 0x00000007a6ab0000, 0x00000007a8000000)
 concurrent mark-sweep generation total 393216K, used 127231K [0x00000007a8000000, 0x00000007c0000000, 0x00000007c0000000)
 Metaspace       used 39534K, capacity 40294K, committed 40436K, reserved 1085440K
  class space    used 4542K, capacity 4758K, committed 4860K, reserved 1048576K
}
2016-10-23T22:32:01.940+0800: 1940.962: Total time for which application threads were stopped: 0.0116034 seconds, Stopping threads took: 0.0000917 seconds
2016-10-23T22:32:01.972+0800: 1940.995: Total time for which application threads were stopped: 0.0002591 seconds, Stopping threads took: 0.0000925 seconds
2016-10-23T22:32:01.973+0800: 1940.995: Total time for which application threads were stopped: 0.0001802 seconds, Stopping threads took: 0.0000859 seconds
2016-10-23T22:32:01.973+0800: 1940.996: Total time for which application threads were stopped: 0.0001692 seconds, Stopping threads took: 0.0000793 seconds
2016-10-23T22:32:01.973+0800: 1940.996: Total time for which application threads were stopped: 0.0001213 seconds, Stopping threads took: 0.0000718 seconds
2016-10-23T22:32:01.974+0800: 1940.996: Total time for which application threads were stopped: 0.0001384 seconds, Stopping threads took: 0.0000806 seconds
2016-10-23T22:32:01.974+0800: 1940.996: Total time for which application threads were stopped: 0.0001243 seconds, Stopping threads took: 0.0000549 seconds
2016-10-23T22:32:02.055+0800: 1941.078: Total time for which application threads were stopped: 0.0002302 seconds, Stopping threads took: 0.0001077 seconds
2016-10-23T22:32:02.056+0800: 1941.079: Total time for which application threads were stopped: 0.0002007 seconds, Stopping threads took: 0.0000954 seconds
2016-10-23T22:32:02.056+0800: 1941.079: Total time for which application threads were stopped: 0.0001551 seconds, Stopping threads took: 0.0000580 seconds
2016-10-23T22:32:02.057+0800: 1941.079: Total time for which application threads were stopped: 0.0001460 seconds, Stopping threads took: 0.0000719 seconds
2016-10-23T22:32:02.057+0800: 1941.079: Total time for which application threads were stopped: 0.0000704 seconds, Stopping threads took: 0.0000080 seconds
2016-10-23T22:32:02.058+0800: 1941.081: Total time for which application threads were stopped: 0.0012398 seconds, Stopping threads took: 0.0011514 seconds
2016-10-23T22:32:02.058+0800: 1941.081: Total time for which application threads were stopped: 0.0001829 seconds, Stopping threads took: 0.0000744 seconds
2016-10-23T22:32:02.058+0800: 1941.081: Total time for which application threads were stopped: 0.0001400 seconds, Stopping threads took: 0.0000698 seconds
2016-10-23T22:32:02.059+0800: 1941.081: Total time for which application threads were stopped: 0.0001433 seconds, Stopping threads took: 0.0000735 seconds
2016-10-23T22:32:02.059+0800: 1941.082: Total time for which application threads were stopped: 0.0004639 seconds, Stopping threads took: 0.0003558 seconds
2016-10-23T22:32:02.060+0800: 1941.082: Total time for which application threads were stopped: 0.0001512 seconds, Stopping threads took: 0.0000647 seconds
2016-10-23T22:32:02.061+0800: 1941.084: Total time for which application threads were stopped: 0.0004121 seconds, Stopping threads took: 0.0000927 seconds
2016-10-23T22:32:02.070+0800: 1941.093: Total time for which application threads were stopped: 0.0002191 seconds, Stopping threads took: 0.0000869 seconds
2016-10-23T22:32:02.070+0800: 1941.093: Total time for which application threads were stopped: 0.0001818 seconds, Stopping threads took: 0.0000705 seconds
2016-10-23T22:32:02.079+0800: 1941.102: Total time for which application threads were stopped: 0.0002073 seconds, Stopping threads took: 0.0000839 seconds
2016-10-23T22:32:02.079+0800: 1941.102: Total time for which application threads were stopped: 0.0001511 seconds, Stopping threads took: 0.0000738 seconds
2016-10-23T22:32:02.079+0800: 1941.102: Total time for which application threads were stopped: 0.0001629 seconds, Stopping threads took: 0.0000993 seconds
{Heap before GC invocations=76 (full 2):
 par new generation   total 109248K, used 106882K [0x00000007a0000000, 0x00000007a8000000, 0x00000007a8000000)
  eden space 87424K, 100% used [0x00000007a0000000, 0x00000007a5560000, 0x00000007a5560000)
  from space 21824K,  89% used [0x00000007a5560000, 0x00000007a6860a50, 0x00000007a6ab0000)
  to   space 21824K,   0% used [0x00000007a6ab0000, 0x00000007a6ab0000, 0x00000007a8000000)
 concurrent mark-sweep generation total 393216K, used 127231K [0x00000007a8000000, 0x00000007c0000000, 0x00000007c0000000)
 Metaspace       used 39566K, capacity 40294K, committed 40436K, reserved 1085440K
  class space    used 4542K, capacity 4758K, committed 4860K, reserved 1048576K
2016-10-23T22:32:02.082+0800: 1941.105: [GC (Allocation Failure) 2016-10-23T22:32:02.082+0800: 1941.105: [ParNew
Desired survivor size 20112992 bytes, new threshold 8 (max 8)
- age   1:    4206912 bytes,    4206912 total
- age   2:     854112 bytes,    5061024 total
- age   3:     435464 bytes,    5496488 total
- age   4:    2071440 bytes,    7567928 total
- age   5:    4173256 bytes,   11741184 total
- age   6:    2153816 bytes,   13895000 total
- age   7:    1973264 bytes,   15868264 total
- age   8:    2335688 bytes,   18203952 total
: 106882K->21824K(109248K), 0.0146836 secs] 234114K->150098K(502464K), 0.0147568 secs] [Times: user=0.07 sys=0.00, real=0.01 secs] 
Heap after GC invocations=77 (full 2):
 par new generation   total 109248K, used 21824K [0x00000007a0000000, 0x00000007a8000000, 0x00000007a8000000)
  eden space 87424K,   0% used [0x00000007a0000000, 0x00000007a0000000, 0x00000007a5560000)
  from space 21824K, 100% used [0x00000007a6ab0000, 0x00000007a8000000, 0x00000007a8000000)
  to   space 21824K,   0% used [0x00000007a5560000, 0x00000007a5560000, 0x00000007a6ab0000)
 concurrent mark-sweep generation total 393216K, used 128274K [0x00000007a8000000, 0x00000007c0000000, 0x00000007c0000000)
 Metaspace       used 39566K, capacity 40294K, committed 40436K, reserved 1085440K
  class space    used 4542K, capacity 4758K, committed 4860K, reserved 1048576K
}
2016-10-23T22:32:02.097+0800: 1941.120: Total time for which application threads were stopped: 0.0154427 seconds, Stopping threads took: 0.0000859 seconds
{Heap before GC invocations=77 (full 2):
 par new generation   total 109248K, used 109248K [0x00000007a0000000, 0x00000007a8000000, 0x00000007a8000000)
  eden space 87424K, 100% used [0x00000007a0000000, 0x00000007a5560000, 0x00000007a5560000)
  from space 21824K, 100% used [0x00000007a6ab0000, 0x00000007a8000000, 0x00000007a8000000)
  to   space 21824K,   0% used [0x00000007a5560000, 0x00000007a5560000, 0x00000007a6ab0000)
 concurrent mark-sweep generation total 393216K, used 128274K [0x00000007a8000000, 0x00000007c0000000, 0x00000007c0000000)
 Metaspace       used 39568K, capacity 40294K, committed 40436K, reserved 1085440K
  class space    used 4542K, capacity 4758K, committed 4860K, reserved 1048576K
2016-10-23T22:32:02.253+0800: 1941.276: [GC (Allocation Failure) 2016-10-23T22:32:02.253+0800: 1941.276: [ParNew
Desired survivor size 20112992 bytes, new threshold 8 (max 8)
- age   1:    3925408 bytes,    3925408 total
- age   2:    2242056 bytes,    6167464 total
- age   3:     746048 bytes,    6913512 total
- age   4:     431776 bytes,    7345288 total
- age   5:    1539192 bytes,    8884480 total
- age   6:    4126552 bytes,   13011032 total
- age   7:    2091424 bytes,   15102456 total
- age   8:    1888752 bytes,   16991208 total
: 109248K->21824K(109248K), 0.0172337 secs] 237522K->155414K(502464K), 0.0172902 secs] [Times: user=0.05 sys=0.01, real=0.02 secs] 
Heap after GC invocations=78 (full 2):
 par new generation   total 109248K, used 21824K [0x00000007a0000000, 0x00000007a8000000, 0x00000007a8000000)
  eden space 87424K,   0% used [0x00000007a0000000, 0x00000007a0000000, 0x00000007a5560000)
  from space 21824K, 100% used [0x00000007a5560000, 0x00000007a6ab0000, 0x00000007a6ab0000)
  to   space 21824K,   0% used [0x00000007a6ab0000, 0x00000007a6ab0000, 0x00000007a8000000)
 concurrent mark-sweep generation total 393216K, used 133590K [0x00000007a8000000, 0x00000007c0000000, 0x00000007c0000000)
 Metaspace       used 39568K, capacity 40294K, committed 40436K, reserved 1085440K
  class space    used 4542K, capacity 4758K, committed 4860K, reserved 1048576K
}
2016-10-23T22:32:02.270+0800: 1941.293: Total time for which application threads were stopped: 0.0175799 seconds, Stopping threads took: 0.0000685 seconds
{Heap before GC invocations=78 (full 2):
 par new generation   total 109248K, used 109248K [0x00000007a0000000, 0x00000007a8000000, 0x00000007a8000000)
  eden space 87424K, 100% used [0x00000007a0000000, 0x00000007a5560000, 0x00000007a5560000)
  from space 21824K, 100% used [0x00000007a5560000, 0x00000007a6ab0000, 0x00000007a6ab0000)
  to   space 21824K,   0% used [0x00000007a6ab0000, 0x00000007a6ab0000, 0x00000007a8000000)
 concurrent mark-sweep generation total 393216K, used 133590K [0x00000007a8000000, 0x00000007c0000000, 0x00000007c0000000)
 Metaspace       used 39569K, capacity 40294K, committed 40436K, reserved 1085440K
  class space    used 4542K, capacity 4758K, committed 4860K, reserved 1048576K
2016-10-23T22:32:02.372+0800: 1941.394: [GC (Allocation Failure) 2016-10-23T22:32:02.372+0800: 1941.394: [ParNew
Desired survivor size 20112992 bytes, new threshold 8 (max 8)
- age   1:    4305816 bytes,    4305816 total
- age   2:    3053200 bytes,    7359016 total
- age   3:    2175120 bytes,    9534136 total
- age   4:     728432 bytes,   10262568 total
- age   5:     420144 bytes,   10682712 total
- age   6:    1513352 bytes,   12196064 total
- age   7:    4126424 bytes,   16322488 total
- age   8:    2091328 bytes,   18413816 total
: 109248K->21824K(109248K), 0.0126022 secs] 242838K->157475K(502464K), 0.0126589 secs] [Times: user=0.06 sys=0.00, real=0.01 secs] 
Heap after GC invocations=79 (full 2):
 par new generation   total 109248K, used 21824K [0x00000007a0000000, 0x00000007a8000000, 0x00000007a8000000)
  eden space 87424K,   0% used [0x00000007a0000000, 0x00000007a0000000, 0x00000007a5560000)
  from space 21824K, 100% used [0x00000007a6ab0000, 0x00000007a8000000, 0x00000007a8000000)
  to   space 21824K,   0% used [0x00000007a5560000, 0x00000007a5560000, 0x00000007a6ab0000)
 concurrent mark-sweep generation total 393216K, used 135651K [0x00000007a8000000, 0x00000007c0000000, 0x00000007c0000000)
 Metaspace       used 39569K, capacity 40294K, committed 40436K, reserved 1085440K
  class space    used 4542K, capacity 4758K, committed 4860K, reserved 1048576K
}
2016-10-23T22:32:02.384+0800: 1941.407: Total time for which application threads were stopped: 0.0129166 seconds, Stopping threads took: 0.0001002 seconds
2016-10-23T22:32:02.463+0800: 1941.486: Total time for which application threads were stopped: 0.0012653 seconds, Stopping threads took: 0.0001123 seconds
{Heap before GC invocations=79 (full 2):
 par new generation   total 109248K, used 109248K [0x00000007a0000000, 0x00000007a8000000, 0x00000007a8000000)
  eden space 87424K, 100% used [0x00000007a0000000, 0x00000007a5560000, 0x00000007a5560000)
  from space 21824K, 100% used [0x00000007a6ab0000, 0x00000007a8000000, 0x00000007a8000000)
  to   space 21824K,   0% used [0x00000007a5560000, 0x00000007a5560000, 0x00000007a6ab0000)
 concurrent mark-sweep generation total 393216K, used 135651K [0x00000007a8000000, 0x00000007c0000000, 0x00000007c0000000)
 Metaspace       used 39615K, capacity 40390K, committed 40692K, reserved 1085440K
  class space    used 4553K, capacity 4790K, committed 4860K, reserved 1048576K
2016-10-23T22:32:02.519+0800: 1941.542: [GC (Allocation Failure) 2016-10-23T22:32:02.519+0800: 1941.542: [ParNew
Desired survivor size 20112992 bytes, new threshold 8 (max 8)
- age   1:    5665488 bytes,    5665488 total
- age   2:    2504648 bytes,    8170136 total
- age   3:    3013536 bytes,   11183672 total
- age   4:    2058208 bytes,   13241880 total
- age   5:     721808 bytes,   13963688 total
- age   6:     416064 bytes,   14379752 total
- age   7:    1503624 bytes,   15883376 total
- age   8:    4125720 bytes,   20009096 total
: 109248K->21824K(109248K), 0.0132145 secs] 244899K->159644K(502464K), 0.0132811 secs] [Times: user=0.05 sys=0.01, real=0.02 secs] 
Heap after GC invocations=80 (full 2):
 par new generation   total 109248K, used 21824K [0x00000007a0000000, 0x00000007a8000000, 0x00000007a8000000)
  eden space 87424K,   0% used [0x00000007a0000000, 0x00000007a0000000, 0x00000007a5560000)
  from space 21824K, 100% used [0x00000007a5560000, 0x00000007a6ab0000, 0x00000007a6ab0000)
  to   space 21824K,   0% used [0x00000007a6ab0000, 0x00000007a6ab0000, 0x00000007a8000000)
 concurrent mark-sweep generation total 393216K, used 137820K [0x00000007a8000000, 0x00000007c0000000, 0x00000007c0000000)
 Metaspace       used 39615K, capacity 40390K, committed 40692K, reserved 1085440K
  class space    used 4553K, capacity 4790K, committed 4860K, reserved 1048576K
}
2016-10-23T22:32:02.532+0800: 1941.555: Total time for which application threads were stopped: 0.0135127 seconds, Stopping threads took: 0.0000691 seconds
2016-10-23T22:32:02.700+0800: 1941.723: Total time for which application threads were stopped: 0.0003085 seconds, Stopping threads took: 0.0001260 seconds
2016-10-23T22:32:02.700+0800: 1941.723: Total time for which application threads were stopped: 0.0001250 seconds, Stopping threads took: 0.0000321 seconds
{Heap before GC invocations=80 (full 2):
 par new generation   total 109248K, used 109248K [0x00000007a0000000, 0x00000007a8000000, 0x00000007a8000000)
  eden space 87424K, 100% used [0x00000007a0000000, 0x00000007a5560000, 0x00000007a5560000)
  from space 21824K, 100% used [0x00000007a5560000, 0x00000007a6ab0000, 0x00000007a6ab0000)
  to   space 21824K,   0% used [0x00000007a6ab0000, 0x00000007a6ab0000, 0x00000007a8000000)
 concurrent mark-sweep generation total 393216K, used 137820K [0x00000007a8000000, 0x00000007c0000000, 0x00000007c0000000)
 Metaspace       used 39616K, capacity 40390K, committed 40692K, reserved 1085440K
  class space    used 4553K, capacity 4790K, committed 4860K, reserved 1048576K
2016-10-23T22:32:02.725+0800: 1941.748: [GC (Allocation Failure) 2016-10-23T22:32:02.725+0800: 1941.748: [ParNew
Desired survivor size 20112992 bytes, new threshold 8 (max 8)
- age   1:    8272272 bytes,    8272272 total
- age   2:    3093584 bytes,   11365856 total
- age   3:    2156248 bytes,   13522104 total
- age   4:    2115880 bytes,   15637984 total
- age   5:    1828112 bytes,   17466096 total
- age   6:     647912 bytes,   18114008 total
- age   7:     361088 bytes,   18475096 total
- age   8:    1237928 bytes,   19713024 total
: 109248K->21824K(109248K), 0.0156814 secs] 247068K->164512K(502464K), 0.0157404 secs] [Times: user=0.07 sys=0.00, real=0.02 secs] 
Heap after GC invocations=81 (full 2):
 par new generation   total 109248K, used 21824K [0x00000007a0000000, 0x00000007a8000000, 0x00000007a8000000)
  eden space 87424K,   0% used [0x00000007a0000000, 0x00000007a0000000, 0x00000007a5560000)
  from space 21824K, 100% used [0x00000007a6ab0000, 0x00000007a8000000, 0x00000007a8000000)
  to   space 21824K,   0% used [0x00000007a5560000, 0x00000007a5560000, 0x00000007a6ab0000)
 concurrent mark-sweep generation total 393216K, used 142688K [0x00000007a8000000, 0x00000007c0000000, 0x00000007c0000000)
 Metaspace       used 39616K, capacity 40390K, committed 40692K, reserved 1085440K
  class space    used 4553K, capacity 4790K, committed 4860K, reserved 1048576K
}
2016-10-23T22:32:02.741+0800: 1941.764: Total time for which application threads were stopped: 0.0159959 seconds, Stopping threads took: 0.0000738 seconds
{Heap before GC invocations=81 (full 2):
 par new generation   total 109248K, used 109248K [0x00000007a0000000, 0x00000007a8000000, 0x00000007a8000000)
  eden space 87424K, 100% used [0x00000007a0000000, 0x00000007a5560000, 0x00000007a5560000)
  from space 21824K, 100% used [0x00000007a6ab0000, 0x00000007a8000000, 0x00000007a8000000)
  to   space 21824K,   0% used [0x00000007a5560000, 0x00000007a5560000, 0x00000007a6ab0000)
 concurrent mark-sweep generation total 393216K, used 142688K [0x00000007a8000000, 0x00000007c0000000, 0x00000007c0000000)
 Metaspace       used 39621K, capacity 40390K, committed 40692K, reserved 1085440K
  class space    used 4553K, capacity 4790K, committed 4860K, reserved 1048576K
2016-10-23T22:32:02.925+0800: 1941.948: [GC (Allocation Failure) 2016-10-23T22:32:02.925+0800: 1941.948: [ParNew
Desired survivor size 20112992 bytes, new threshold 8 (max 8)
- age   1:    2778496 bytes,    2778496 total
- age   2:    7726968 bytes,   10505464 total
- age   3:    2973384 bytes,   13478848 total
- age   4:    2066016 bytes,   15544864 total
- age   5:    2000992 bytes,   17545856 total
- age   6:    1744832 bytes,   19290688 total
- age   7:     617664 bytes,   19908352 total
- age   8:     336056 bytes,   20244408 total
: 109248K->21824K(109248K), 0.0150865 secs] 251936K->166007K(502464K), 0.0151328 secs] [Times: user=0.08 sys=0.00, real=0.02 secs] 
Heap after GC invocations=82 (full 2):
 par new generation   total 109248K, used 21824K [0x00000007a0000000, 0x00000007a8000000, 0x00000007a8000000)
  eden space 87424K,   0% used [0x00000007a0000000, 0x00000007a0000000, 0x00000007a5560000)
  from space 21824K, 100% used [0x00000007a5560000, 0x00000007a6ab0000, 0x00000007a6ab0000)
  to   space 21824K,   0% used [0x00000007a6ab0000, 0x00000007a6ab0000, 0x00000007a8000000)
 concurrent mark-sweep generation total 393216K, used 144183K [0x00000007a8000000, 0x00000007c0000000, 0x00000007c0000000)
 Metaspace       used 39621K, capacity 40390K, committed 40692K, reserved 1085440K
  class space    used 4553K, capacity 4790K, committed 4860K, reserved 1048576K
}
2016-10-23T22:32:02.940+0800: 1941.963: Total time for which application threads were stopped: 0.0153762 seconds, Stopping threads took: 0.0000640 seconds
2016-10-23T22:32:02.992+0800: 1942.014: Total time for which application threads were stopped: 0.0001630 seconds, Stopping threads took: 0.0000524 seconds
2016-10-23T22:32:03.007+0800: 1942.030: Total time for which application threads were stopped: 0.0001619 seconds, Stopping threads took: 0.0000469 seconds
2016-10-23T22:32:03.007+0800: 1942.030: Total time for which application threads were stopped: 0.0000822 seconds, Stopping threads took: 0.0000251 seconds
2016-10-23T22:32:03.007+0800: 1942.030: Total time for which application threads were stopped: 0.0000957 seconds, Stopping threads took: 0.0000505 seconds
2016-10-23T22:32:03.008+0800: 1942.030: Total time for which application threads were stopped: 0.0000936 seconds, Stopping threads took: 0.0000238 seconds
2016-10-23T22:32:03.012+0800: 1942.035: Total time for which application threads were stopped: 0.0002519 seconds, Stopping threads took: 0.0001341 seconds
2016-10-23T22:32:03.013+0800: 1942.035: Total time for which application threads were stopped: 0.0001384 seconds, Stopping threads took: 0.0000622 seconds
2016-10-23T22:32:03.013+0800: 1942.036: Total time for which application threads were stopped: 0.0000994 seconds, Stopping threads took: 0.0000542 seconds
2016-10-23T22:32:03.013+0800: 1942.036: Total time for which application threads were stopped: 0.0001266 seconds, Stopping threads took: 0.0000621 seconds
2016-10-23T22:32:03.013+0800: 1942.036: Total time for which application threads were stopped: 0.0001046 seconds, Stopping threads took: 0.0000588 seconds
{Heap before GC invocations=82 (full 2):
 par new generation   total 109248K, used 109248K [0x00000007a0000000, 0x00000007a8000000, 0x00000007a8000000)
  eden space 87424K, 100% used [0x00000007a0000000, 0x00000007a5560000, 0x00000007a5560000)
  from space 21824K, 100% used [0x00000007a5560000, 0x00000007a6ab0000, 0x00000007a6ab0000)
  to   space 21824K,   0% used [0x00000007a6ab0000, 0x00000007a6ab0000, 0x00000007a8000000)
 concurrent mark-sweep generation total 393216K, used 144183K [0x00000007a8000000, 0x00000007c0000000, 0x00000007c0000000)
 Metaspace       used 39627K, capacity 40390K, committed 40692K, reserved 1085440K
  class space    used 4553K, capacity 4790K, committed 4860K, reserved 1048576K
2016-10-23T22:32:03.047+0800: 1942.069: [GC (Allocation Failure) 2016-10-23T22:32:03.047+0800: 1942.069: [ParNew
Desired survivor size 20112992 bytes, new threshold 8 (max 8)
- age   1:    2354472 bytes,    2354472 total
- age   2:    1998048 bytes,    4352520 total
- age   3:    6934152 bytes,   11286672 total
- age   4:    2247608 bytes,   13534280 total
- age   5:    1493176 bytes,   15027456 total
- age   6:    1468544 bytes,   16496000 total
- age   7:    1252816 bytes,   17748816 total
- age   8:     453104 bytes,   18201920 total
: 109248K->21824K(109248K), 0.0097582 secs] 253431K->166407K(502464K), 0.0098240 secs] [Times: user=0.05 sys=0.00, real=0.01 secs] 
Heap after GC invocations=83 (full 2):
 par new generation   total 109248K, used 21824K [0x00000007a0000000, 0x00000007a8000000, 0x00000007a8000000)
  eden space 87424K,   0% used [0x00000007a0000000, 0x00000007a0000000, 0x00000007a5560000)
  from space 21824K, 100% used [0x00000007a6ab0000, 0x00000007a8000000, 0x00000007a8000000)
  to   space 21824K,   0% used [0x00000007a5560000, 0x00000007a5560000, 0x00000007a6ab0000)
 concurrent mark-sweep generation total 393216K, used 144583K [0x00000007a8000000, 0x00000007c0000000, 0x00000007c0000000)
 Metaspace       used 39627K, capacity 40390K, committed 40692K, reserved 1085440K
  class space    used 4553K, capacity 4790K, committed 4860K, reserved 1048576K
}
2016-10-23T22:32:03.057+0800: 1942.079: Total time for which application threads were stopped: 0.0100886 seconds, Stopping threads took: 0.0001016 seconds
2016-10-23T22:32:03.057+0800: 1942.080: Total time for which application threads were stopped: 0.0002611 seconds, Stopping threads took: 0.0000723 seconds
{Heap before GC invocations=83 (full 2):
 par new generation   total 109248K, used 109248K [0x00000007a0000000, 0x00000007a8000000, 0x00000007a8000000)
  eden space 87424K, 100% used [0x00000007a0000000, 0x00000007a5560000, 0x00000007a5560000)
  from space 21824K, 100% used [0x00000007a6ab0000, 0x00000007a8000000, 0x00000007a8000000)
  to   space 21824K,   0% used [0x00000007a5560000, 0x00000007a5560000, 0x00000007a6ab0000)
 concurrent mark-sweep generation total 393216K, used 144583K [0x00000007a8000000, 0x00000007c0000000, 0x00000007c0000000)
 Metaspace       used 39633K, capacity 40390K, committed 40692K, reserved 1085440K
  class space    used 4553K, capacity 4790K, committed 4860K, reserved 1048576K
2016-10-23T22:32:03.190+0800: 1942.213: [GC (Allocation Failure) 2016-10-23T22:32:03.190+0800: 1942.213: [ParNew
Desired survivor size 20112992 bytes, new threshold 8 (max 8)
- age   1:    5479560 bytes,    5479560 total
- age   2:    1561352 bytes,    7040912 total
- age   3:    1694728 bytes,    8735640 total
- age   4:    6486608 bytes,   15222248 total
- age   5:    1728632 bytes,   16950880 total
- age   6:    1223616 bytes,   18174496 total
- age   7:    1277792 bytes,   19452288 total
- age   8:    1103848 bytes,   20556136 total
: 109248K->21824K(109248K), 0.0134714 secs] 253831K->168402K(502464K), 0.0135461 secs] [Times: user=0.06 sys=0.00, real=0.01 secs] 
Heap after GC invocations=84 (full 2):
 par new generation   total 109248K, used 21824K [0x00000007a0000000, 0x00000007a8000000, 0x00000007a8000000)
  eden space 87424K,   0% used [0x00000007a0000000, 0x00000007a0000000, 0x00000007a5560000)
  from space 21824K, 100% used [0x00000007a5560000, 0x00000007a6ab0000, 0x00000007a6ab0000)
  to   space 21824K,   0% used [0x00000007a6ab0000, 0x00000007a6ab0000, 0x00000007a8000000)
 concurrent mark-sweep generation total 393216K, used 146578K [0x00000007a8000000, 0x00000007c0000000, 0x00000007c0000000)
 Metaspace       used 39633K, capacity 40390K, committed 40692K, reserved 1085440K
  class space    used 4553K, capacity 4790K, committed 4860K, reserved 1048576K
}
2016-10-23T22:32:03.204+0800: 1942.227: Total time for which application threads were stopped: 0.0138358 seconds, Stopping threads took: 0.0000661 seconds
{Heap before GC invocations=84 (full 2):
 par new generation   total 109248K, used 109248K [0x00000007a0000000, 0x00000007a8000000, 0x00000007a8000000)
  eden space 87424K, 100% used [0x00000007a0000000, 0x00000007a5560000, 0x00000007a5560000)
  from space 21824K, 100% used [0x00000007a5560000, 0x00000007a6ab0000, 0x00000007a6ab0000)
  to   space 21824K,   0% used [0x00000007a6ab0000, 0x00000007a6ab0000, 0x00000007a8000000)
 concurrent mark-sweep generation total 393216K, used 146578K [0x00000007a8000000, 0x00000007c0000000, 0x00000007c0000000)
 Metaspace       used 39634K, capacity 40390K, committed 40692K, reserved 1085440K
  class space    used 4553K, capacity 4790K, committed 4860K, reserved 1048576K
2016-10-23T22:32:03.325+0800: 1942.348: [GC (Allocation Failure) 2016-10-23T22:32:03.325+0800: 1942.348: [ParNew
Desired survivor size 20112992 bytes, new threshold 8 (max 8)
- age   1:    5079192 bytes,    5079192 total
- age   2:    3786544 bytes,    8865736 total
- age   3:    1512560 bytes,   10378296 total
- age   4:    1507400 bytes,   11885696 total
- age   5:    5254088 bytes,   17139784 total
- age   6:    1426816 bytes,   18566600 total
- age   7:    1046968 bytes,   19613568 total
- age   8:    1224400 bytes,   20837968 total
: 109248K->21824K(109248K), 0.0124073 secs] 255826K->172156K(502464K), 0.0124786 secs] [Times: user=0.05 sys=0.00, real=0.01 secs] 
Heap after GC invocations=85 (full 2):
 par new generation   total 109248K, used 21824K [0x00000007a0000000, 0x00000007a8000000, 0x00000007a8000000)
  eden space 87424K,   0% used [0x00000007a0000000, 0x00000007a0000000, 0x00000007a5560000)
  from space 21824K, 100% used [0x00000007a6ab0000, 0x00000007a8000000, 0x00000007a8000000)
  to   space 21824K,   0% used [0x00000007a5560000, 0x00000007a5560000, 0x00000007a6ab0000)
 concurrent mark-sweep generation total 393216K, used 150332K [0x00000007a8000000, 0x00000007c0000000, 0x00000007c0000000)
 Metaspace       used 39634K, capacity 40390K, committed 40692K, reserved 1085440K
  class space    used 4553K, capacity 4790K, committed 4860K, reserved 1048576K
}
2016-10-23T22:32:03.337+0800: 1942.360: Total time for which application threads were stopped: 0.0127600 seconds, Stopping threads took: 0.0000928 seconds
{Heap before GC invocations=85 (full 2):
 par new generation   total 109248K, used 109248K [0x00000007a0000000, 0x00000007a8000000, 0x00000007a8000000)
  eden space 87424K, 100% used [0x00000007a0000000, 0x00000007a5560000, 0x00000007a5560000)
  from space 21824K, 100% used [0x00000007a6ab0000, 0x00000007a8000000, 0x00000007a8000000)
  to   space 21824K,   0% used [0x00000007a5560000, 0x00000007a5560000, 0x00000007a6ab0000)
 concurrent mark-sweep generation total 393216K, used 150332K [0x00000007a8000000, 0x00000007c0000000, 0x00000007c0000000)
 Metaspace       used 39634K, capacity 40390K, committed 40692K, reserved 1085440K
  class space    used 4553K, capacity 4790K, committed 4860K, reserved 1048576K
2016-10-23T22:32:03.482+0800: 1942.505: [GC (Allocation Failure) 2016-10-23T22:32:03.482+0800: 1942.505: [ParNew
Desired survivor size 20112992 bytes, new threshold 7 (max 8)
- age   1:    5602680 bytes,    5602680 total
- age   2:    2965152 bytes,    8567832 total
- age   3:    2619920 bytes,   11187752 total
- age   4:    1383696 bytes,   12571448 total
- age   5:    1274944 bytes,   13846392 total
- age   6:    4843136 bytes,   18689528 total
- age   7:    1426816 bytes,   20116344 total
- age   8:    1046968 bytes,   21163312 total
: 109248K->21824K(109248K), 0.0172188 secs] 259580K->177110K(502464K), 0.0172789 secs] [Times: user=0.08 sys=0.01, real=0.01 secs] 
Heap after GC invocations=86 (full 2):
 par new generation   total 109248K, used 21824K [0x00000007a0000000, 0x00000007a8000000, 0x00000007a8000000)
  eden space 87424K,   0% used [0x00000007a0000000, 0x00000007a0000000, 0x00000007a5560000)
  from space 21824K, 100% used [0x00000007a5560000, 0x00000007a6ab0000, 0x00000007a6ab0000)
  to   space 21824K,   0% used [0x00000007a6ab0000, 0x00000007a6ab0000, 0x00000007a8000000)
 concurrent mark-sweep generation total 393216K, used 155286K [0x00000007a8000000, 0x00000007c0000000, 0x00000007c0000000)
 Metaspace       used 39634K, capacity 40390K, committed 40692K, reserved 1085440K
  class space    used 4553K, capacity 4790K, committed 4860K, reserved 1048576K
}
2016-10-23T22:32:03.499+0800: 1942.522: Total time for which application threads were stopped: 0.0175190 seconds, Stopping threads took: 0.0000645 seconds
2016-10-23T22:32:03.606+0800: 1942.628: Total time for which application threads were stopped: 0.0002228 seconds, Stopping threads took: 0.0001073 seconds
2016-10-23T22:32:03.608+0800: 1942.631: Total time for which application threads were stopped: 0.0001713 seconds, Stopping threads took: 0.0000650 seconds
2016-10-23T22:32:03.629+0800: 1942.652: Total time for which application threads were stopped: 0.0002029 seconds, Stopping threads took: 0.0000785 seconds
2016-10-23T22:32:03.629+0800: 1942.652: Total time for which application threads were stopped: 0.0000799 seconds, Stopping threads took: 0.0000243 seconds
2016-10-23T22:32:03.654+0800: 1942.676: Total time for which application threads were stopped: 0.0002575 seconds, Stopping threads took: 0.0001031 seconds
2016-10-23T22:32:03.660+0800: 1942.683: Total time for which application threads were stopped: 0.0001637 seconds, Stopping threads took: 0.0000350 seconds
2016-10-23T22:32:03.661+0800: 1942.683: Total time for which application threads were stopped: 0.0001822 seconds, Stopping threads took: 0.0000717 seconds
{Heap before GC invocations=86 (full 2):
 par new generation   total 109248K, used 109248K [0x00000007a0000000, 0x00000007a8000000, 0x00000007a8000000)
  eden space 87424K, 100% used [0x00000007a0000000, 0x00000007a5560000, 0x00000007a5560000)
  from space 21824K, 100% used [0x00000007a5560000, 0x00000007a6ab0000, 0x00000007a6ab0000)
  to   space 21824K,   0% used [0x00000007a6ab0000, 0x00000007a6ab0000, 0x00000007a8000000)
 concurrent mark-sweep generation total 393216K, used 155286K [0x00000007a8000000, 0x00000007c0000000, 0x00000007c0000000)
 Metaspace       used 39641K, capacity 40398K, committed 40692K, reserved 1085440K
  class space    used 4553K, capacity 4790K, committed 4860K, reserved 1048576K
2016-10-23T22:32:03.697+0800: 1942.719: [GC (Allocation Failure) 2016-10-23T22:32:03.697+0800: 1942.719: [ParNew
Desired survivor size 20112992 bytes, new threshold 7 (max 8)
- age   1:    6967560 bytes,    6967560 total
- age   2:    3270488 bytes,   10238048 total
- age   3:    2151360 bytes,   12389408 total
- age   4:    2048128 bytes,   14437536 total
- age   5:    1051280 bytes,   15488816 total
- age   6:     876952 bytes,   16365768 total
- age   7:    4630888 bytes,   20996656 total
: 109248K->21824K(109248K), 0.0173766 secs] 264534K->182335K(502464K), 0.0174278 secs] [Times: user=0.09 sys=0.00, real=0.02 secs] 
Heap after GC invocations=87 (full 2):
 par new generation   total 109248K, used 21824K [0x00000007a0000000, 0x00000007a8000000, 0x00000007a8000000)
  eden space 87424K,   0% used [0x00000007a0000000, 0x00000007a0000000, 0x00000007a5560000)
  from space 21824K, 100% used [0x00000007a6ab0000, 0x00000007a8000000, 0x00000007a8000000)
  to   space 21824K,   0% used [0x00000007a5560000, 0x00000007a5560000, 0x00000007a6ab0000)
 concurrent mark-sweep generation total 393216K, used 160511K [0x00000007a8000000, 0x00000007c0000000, 0x00000007c0000000)
 Metaspace       used 39641K, capacity 40398K, committed 40692K, reserved 1085440K
  class space    used 4553K, capacity 4790K, committed 4860K, reserved 1048576K
}
2016-10-23T22:32:03.714+0800: 1942.737: Total time for which application threads were stopped: 0.0177050 seconds, Stopping threads took: 0.0001113 seconds
{Heap before GC invocations=87 (full 2):
 par new generation   total 109248K, used 109248K [0x00000007a0000000, 0x00000007a8000000, 0x00000007a8000000)
  eden space 87424K, 100% used [0x00000007a0000000, 0x00000007a5560000, 0x00000007a5560000)
  from space 21824K, 100% used [0x00000007a6ab0000, 0x00000007a8000000, 0x00000007a8000000)
  to   space 21824K,   0% used [0x00000007a5560000, 0x00000007a5560000, 0x00000007a6ab0000)
 concurrent mark-sweep generation total 393216K, used 160511K [0x00000007a8000000, 0x00000007c0000000, 0x00000007c0000000)
 Metaspace       used 39647K, capacity 40398K, committed 40692K, reserved 1085440K
  class space    used 4553K, capacity 4790K, committed 4860K, reserved 1048576K
2016-10-23T22:32:03.855+0800: 1942.878: [GC (Allocation Failure) 2016-10-23T22:32:03.855+0800: 1942.878: [ParNew
Desired survivor size 20112992 bytes, new threshold 8 (max 8)
- age   1:    2514376 bytes,    2514376 total
- age   2:    6490832 bytes,    9005208 total
- age   3:    3137256 bytes,   12142464 total
- age   4:    2039320 bytes,   14181784 total
- age   5:    1939112 bytes,   16120896 total
- age   6:     932272 bytes,   17053168 total
- age   7:     838728 bytes,   17891896 total
: 109248K->21824K(109248K), 0.0127938 secs] 269759K->187187K(502464K), 0.0128407 secs] [Times: user=0.06 sys=0.00, real=0.01 secs] 
Heap after GC invocations=88 (full 2):
 par new generation   total 109248K, used 21824K [0x00000007a0000000, 0x00000007a8000000, 0x00000007a8000000)
  eden space 87424K,   0% used [0x00000007a0000000, 0x00000007a0000000, 0x00000007a5560000)
  from space 21824K, 100% used [0x00000007a5560000, 0x00000007a6ab0000, 0x00000007a6ab0000)
  to   space 21824K,   0% used [0x00000007a6ab0000, 0x00000007a6ab0000, 0x00000007a8000000)
 concurrent mark-sweep generation total 393216K, used 165363K [0x00000007a8000000, 0x00000007c0000000, 0x00000007c0000000)
 Metaspace       used 39647K, capacity 40398K, committed 40692K, reserved 1085440K
  class space    used 4553K, capacity 4790K, committed 4860K, reserved 1048576K
}
2016-10-23T22:32:03.868+0800: 1942.891: Total time for which application threads were stopped: 0.0130752 seconds, Stopping threads took: 0.0000620 seconds
2016-10-23T22:32:03.892+0800: 1942.914: Total time for which application threads were stopped: 0.0002180 seconds, Stopping threads took: 0.0001051 seconds
{Heap before GC invocations=88 (full 2):
 par new generation   total 109248K, used 109248K [0x00000007a0000000, 0x00000007a8000000, 0x00000007a8000000)
  eden space 87424K, 100% used [0x00000007a0000000, 0x00000007a5560000, 0x00000007a5560000)
  from space 21824K, 100% used [0x00000007a5560000, 0x00000007a6ab0000, 0x00000007a6ab0000)
  to   space 21824K,   0% used [0x00000007a6ab0000, 0x00000007a6ab0000, 0x00000007a8000000)
 concurrent mark-sweep generation total 393216K, used 165363K [0x00000007a8000000, 0x00000007c0000000, 0x00000007c0000000)
 Metaspace       used 39651K, capacity 40398K, committed 40692K, reserved 1085440K
  class space    used 4553K, capacity 4790K, committed 4860K, reserved 1048576K
2016-10-23T22:32:03.960+0800: 1942.983: [GC (Allocation Failure) 2016-10-23T22:32:03.960+0800: 1942.983: [ParNew
Desired survivor size 20112992 bytes, new threshold 8 (max 8)
- age   1:    2970008 bytes,    2970008 total
- age   2:    1700336 bytes,    4670344 total
- age   3:    6238384 bytes,   10908728 total
- age   4:    2916464 bytes,   13825192 total
- age   5:    1846208 bytes,   15671400 total
- age   6:    1751800 bytes,   17423200 total
- age   7:     889568 bytes,   18312768 total
- age   8:     819464 bytes,   19132232 total
: 109248K->21824K(109248K), 0.0116246 secs] 274611K->187339K(502464K), 0.0116767 secs] [Times: user=0.06 sys=0.00, real=0.01 secs] 
Heap after GC invocations=89 (full 2):
 par new generation   total 109248K, used 21824K [0x00000007a0000000, 0x00000007a8000000, 0x00000007a8000000)
  eden space 87424K,   0% used [0x00000007a0000000, 0x00000007a0000000, 0x00000007a5560000)
  from space 21824K, 100% used [0x00000007a6ab0000, 0x00000007a8000000, 0x00000007a8000000)
  to   space 21824K,   0% used [0x00000007a5560000, 0x00000007a5560000, 0x00000007a6ab0000)
 concurrent mark-sweep generation total 393216K, used 165515K [0x00000007a8000000, 0x00000007c0000000, 0x00000007c0000000)
 Metaspace       used 39651K, capacity 40398K, committed 40692K, reserved 1085440K
  class space    used 4553K, capacity 4790K, committed 4860K, reserved 1048576K
}
2016-10-23T22:32:03.972+0800: 1942.995: Total time for which application threads were stopped: 0.0119095 seconds, Stopping threads took: 0.0000654 seconds
2016-10-23T22:32:04.002+0800: 1943.025: Total time for which application threads were stopped: 0.0001801 seconds, Stopping threads took: 0.0000655 seconds
2016-10-23T22:32:04.016+0800: 1943.039: Total time for which application threads were stopped: 0.0002714 seconds, Stopping threads took: 0.0000839 seconds
2016-10-23T22:32:04.078+0800: 1943.100: Total time for which application threads were stopped: 0.0005315 seconds, Stopping threads took: 0.0001505 seconds
2016-10-23T22:32:04.090+0800: 1943.112: Total time for which application threads were stopped: 0.0001816 seconds, Stopping threads took: 0.0000811 seconds
2016-10-23T22:32:04.090+0800: 1943.113: Total time for which application threads were stopped: 0.0001060 seconds, Stopping threads took: 0.0000297 seconds
2016-10-23T22:32:04.090+0800: 1943.113: Total time for which application threads were stopped: 0.0001414 seconds, Stopping threads took: 0.0000631 seconds
{Heap before GC invocations=89 (full 2):
 par new generation   total 109248K, used 109248K [0x00000007a0000000, 0x00000007a8000000, 0x00000007a8000000)
  eden space 87424K, 100% used [0x00000007a0000000, 0x00000007a5560000, 0x00000007a5560000)
  from space 21824K, 100% used [0x00000007a6ab0000, 0x00000007a8000000, 0x00000007a8000000)
  to   space 21824K,   0% used [0x00000007a5560000, 0x00000007a5560000, 0x00000007a6ab0000)
 concurrent mark-sweep generation total 393216K, used 165515K [0x00000007a8000000, 0x00000007c0000000, 0x00000007c0000000)
 Metaspace       used 39667K, capacity 40398K, committed 40692K, reserved 1085440K
  class space    used 4553K, capacity 4790K, committed 4860K, reserved 1048576K
2016-10-23T22:32:04.158+0800: 1943.181: [GC (Allocation Failure) 2016-10-23T22:32:04.158+0800: 1943.181: [ParNew
Desired survivor size 20112992 bytes, new threshold 8 (max 8)
- age   1:    4326144 bytes,    4326144 total
- age   2:     991208 bytes,    5317352 total
- age   3:     982200 bytes,    6299552 total
- age   4:    5457936 bytes,   11757488 total
- age   5:    2813272 bytes,   14570760 total
- age   6:    1752320 bytes,   16323080 total
- age   7:    1668152 bytes,   17991232 total
- age   8:     841848 bytes,   18833080 total
: 109248K->21824K(109248K), 0.0159143 secs] 274763K->189934K(502464K), 0.0159934 secs] [Times: user=0.08 sys=0.00, real=0.02 secs] 
Heap after GC invocations=90 (full 2):
 par new generation   total 109248K, used 21824K [0x00000007a0000000, 0x00000007a8000000, 0x00000007a8000000)
  eden space 87424K,   0% used [0x00000007a0000000, 0x00000007a0000000, 0x00000007a5560000)
  from space 21824K, 100% used [0x00000007a5560000, 0x00000007a6ab0000, 0x00000007a6ab0000)
  to   space 21824K,   0% used [0x00000007a6ab0000, 0x00000007a6ab0000, 0x00000007a8000000)
 concurrent mark-sweep generation total 393216K, used 168110K [0x00000007a8000000, 0x00000007c0000000, 0x00000007c0000000)
 Metaspace       used 39667K, capacity 40398K, committed 40692K, reserved 1085440K
  class space    used 4553K, capacity 4790K, committed 4860K, reserved 1048576K
}
2016-10-23T22:32:04.174+0800: 1943.197: Total time for which application threads were stopped: 0.0162827 seconds, Stopping threads took: 0.0000723 seconds
2016-10-23T22:32:04.193+0800: 1943.216: Total time for which application threads were stopped: 0.0002757 seconds, Stopping threads took: 0.0001025 seconds
2016-10-23T22:32:04.193+0800: 1943.216: Total time for which application threads were stopped: 0.0001960 seconds, Stopping threads took: 0.0000582 seconds
2016-10-23T22:32:04.202+0800: 1943.224: Total time for which application threads were stopped: 0.0002029 seconds, Stopping threads took: 0.0000989 seconds
2016-10-23T22:32:04.203+0800: 1943.226: Total time for which application threads were stopped: 0.0001625 seconds, Stopping threads took: 0.0000575 seconds
2016-10-23T22:32:04.203+0800: 1943.226: Total time for which application threads were stopped: 0.0001602 seconds, Stopping threads took: 0.0000623 seconds
2016-10-23T22:32:04.204+0800: 1943.226: Total time for which application threads were stopped: 0.0001098 seconds, Stopping threads took: 0.0000249 seconds
2016-10-23T22:32:04.204+0800: 1943.227: Total time for which application threads were stopped: 0.0000862 seconds, Stopping threads took: 0.0000100 seconds
2016-10-23T22:32:04.206+0800: 1943.229: Total time for which application threads were stopped: 0.0001989 seconds, Stopping threads took: 0.0000648 seconds
2016-10-23T22:32:04.216+0800: 1943.239: Total time for which application threads were stopped: 0.0003487 seconds, Stopping threads took: 0.0000717 seconds
2016-10-23T22:32:04.248+0800: 1943.270: Total time for which application threads were stopped: 0.0002691 seconds, Stopping threads took: 0.0000942 seconds
2016-10-23T22:32:04.248+0800: 1943.271: Total time for which application threads were stopped: 0.0001459 seconds, Stopping threads took: 0.0000509 seconds
2016-10-23T22:32:04.249+0800: 1943.271: Total time for which application threads were stopped: 0.0001776 seconds, Stopping threads took: 0.0000676 seconds
2016-10-23T22:32:04.249+0800: 1943.272: Total time for which application threads were stopped: 0.0001558 seconds, Stopping threads took: 0.0000475 seconds
2016-10-23T22:32:04.251+0800: 1943.274: Total time for which application threads were stopped: 0.0009447 seconds, Stopping threads took: 0.0000717 seconds
2016-10-23T22:32:04.252+0800: 1943.275: Total time for which application threads were stopped: 0.0003634 seconds, Stopping threads took: 0.0000938 seconds
2016-10-23T22:32:04.257+0800: 1943.280: Total time for which application threads were stopped: 0.0001850 seconds, Stopping threads took: 0.0000726 seconds
2016-10-23T22:32:04.261+0800: 1943.284: Total time for which application threads were stopped: 0.0001919 seconds, Stopping threads took: 0.0000899 seconds
2016-10-23T22:32:04.266+0800: 1943.289: Total time for which application threads were stopped: 0.0001917 seconds, Stopping threads took: 0.0000794 seconds
{Heap before GC invocations=90 (full 2):
 par new generation   total 109248K, used 109248K [0x00000007a0000000, 0x00000007a8000000, 0x00000007a8000000)
  eden space 87424K, 100% used [0x00000007a0000000, 0x00000007a5560000, 0x00000007a5560000)
  from space 21824K, 100% used [0x00000007a5560000, 0x00000007a6ab0000, 0x00000007a6ab0000)
  to   space 21824K,   0% used [0x00000007a6ab0000, 0x00000007a6ab0000, 0x00000007a8000000)
 concurrent mark-sweep generation total 393216K, used 168110K [0x00000007a8000000, 0x00000007c0000000, 0x00000007c0000000)
 Metaspace       used 39698K, capacity 40462K, committed 40692K, reserved 1085440K
  class space    used 4556K, capacity 4790K, committed 4860K, reserved 1048576K
2016-10-23T22:32:04.312+0800: 1943.335: [GC (Allocation Failure) 2016-10-23T22:32:04.312+0800: 1943.335: [ParNew
Desired survivor size 20112992 bytes, new threshold 8 (max 8)
- age   1:    4331168 bytes,    4331168 total
- age   2:    1385584 bytes,    5716752 total
- age   3:     612512 bytes,    6329264 total
- age   4:     639968 bytes,    6969232 total
- age   5:    5202864 bytes,   12172096 total
- age   6:    2792312 bytes,   14964408 total
- age   7:    1732056 bytes,   16696464 total
- age   8:    1650584 bytes,   18347048 total
: 109248K->21824K(109248K), 0.0131814 secs] 277358K->190921K(502464K), 0.0132386 secs] [Times: user=0.06 sys=0.00, real=0.01 secs] 
Heap after GC invocations=91 (full 2):
 par new generation   total 109248K, used 21824K [0x00000007a0000000, 0x00000007a8000000, 0x00000007a8000000)
  eden space 87424K,   0% used [0x00000007a0000000, 0x00000007a0000000, 0x00000007a5560000)
  from space 21824K, 100% used [0x00000007a6ab0000, 0x00000007a8000000, 0x00000007a8000000)
  to   space 21824K,   0% used [0x00000007a5560000, 0x00000007a5560000, 0x00000007a6ab0000)
 concurrent mark-sweep generation total 393216K, used 169097K [0x00000007a8000000, 0x00000007c0000000, 0x00000007c0000000)
 Metaspace       used 39698K, capacity 40462K, committed 40692K, reserved 1085440K
  class space    used 4556K, capacity 4790K, committed 4860K, reserved 1048576K
}
2016-10-23T22:32:04.325+0800: 1943.348: Total time for which application threads were stopped: 0.0135811 seconds, Stopping threads took: 0.0000952 seconds
{Heap before GC invocations=91 (full 2):
 par new generation   total 109248K, used 109248K [0x00000007a0000000, 0x00000007a8000000, 0x00000007a8000000)
  eden space 87424K, 100% used [0x00000007a0000000, 0x00000007a5560000, 0x00000007a5560000)
  from space 21824K, 100% used [0x00000007a6ab0000, 0x00000007a8000000, 0x00000007a8000000)
  to   space 21824K,   0% used [0x00000007a5560000, 0x00000007a5560000, 0x00000007a6ab0000)
 concurrent mark-sweep generation total 393216K, used 169097K [0x00000007a8000000, 0x00000007c0000000, 0x00000007c0000000)
 Metaspace       used 39700K, capacity 40462K, committed 40692K, reserved 1085440K
  class space    used 4556K, capacity 4790K, committed 4860K, reserved 1048576K
2016-10-23T22:32:04.457+0800: 1943.479: [GC (Allocation Failure) 2016-10-23T22:32:04.457+0800: 1943.479: [ParNew
Desired survivor size 20112992 bytes, new threshold 8 (max 8)
- age   1:    3786352 bytes,    3786352 total
- age   2:    3615584 bytes,    7401936 total
- age   3:    1314800 bytes,    8716736 total
- age   4:     566176 bytes,    9282912 total
- age   5:     588816 bytes,    9871728 total
- age   6:    5034368 bytes,   14906096 total
- age   7:    2670664 bytes,   17576760 total
- age   8:    1632424 bytes,   19209184 total
: 109248K->21824K(109248K), 0.0167858 secs] 278345K->193355K(502464K), 0.0168497 secs] [Times: user=0.09 sys=0.01, real=0.02 secs] 
Heap after GC invocations=92 (full 2):
 par new generation   total 109248K, used 21824K [0x00000007a0000000, 0x00000007a8000000, 0x00000007a8000000)
  eden space 87424K,   0% used [0x00000007a0000000, 0x00000007a0000000, 0x00000007a5560000)
  from space 21824K, 100% used [0x00000007a5560000, 0x00000007a6ab0000, 0x00000007a6ab0000)
  to   space 21824K,   0% used [0x00000007a6ab0000, 0x00000007a6ab0000, 0x00000007a8000000)
 concurrent mark-sweep generation total 393216K, used 171531K [0x00000007a8000000, 0x00000007c0000000, 0x00000007c0000000)
 Metaspace       used 39700K, capacity 40462K, committed 40692K, reserved 1085440K
  class space    used 4556K, capacity 4790K, committed 4860K, reserved 1048576K
}
2016-10-23T22:32:04.474+0800: 1943.496: Total time for which application threads were stopped: 0.0171888 seconds, Stopping threads took: 0.0000928 seconds
2016-10-23T22:32:04.489+0800: 1943.512: Total time for which application threads were stopped: 0.0002146 seconds, Stopping threads took: 0.0000935 seconds
2016-10-23T22:32:04.542+0800: 1943.565: Total time for which application threads were stopped: 0.0002405 seconds, Stopping threads took: 0.0001127 seconds
2016-10-23T22:32:04.543+0800: 1943.566: Total time for which application threads were stopped: 0.0001706 seconds, Stopping threads took: 0.0000761 seconds
{Heap before GC invocations=92 (full 2):
 par new generation   total 109248K, used 109248K [0x00000007a0000000, 0x00000007a8000000, 0x00000007a8000000)
  eden space 87424K, 100% used [0x00000007a0000000, 0x00000007a5560000, 0x00000007a5560000)
  from space 21824K, 100% used [0x00000007a5560000, 0x00000007a6ab0000, 0x00000007a6ab0000)
  to   space 21824K,   0% used [0x00000007a6ab0000, 0x00000007a6ab0000, 0x00000007a8000000)
 concurrent mark-sweep generation total 393216K, used 171531K [0x00000007a8000000, 0x00000007c0000000, 0x00000007c0000000)
 Metaspace       used 39724K, capacity 40462K, committed 40692K, reserved 1085440K
  class space    used 4557K, capacity 4790K, committed 4860K, reserved 1048576K
2016-10-23T22:32:04.561+0800: 1943.584: [GC (Allocation Failure) 2016-10-23T22:32:04.561+0800: 1943.584: [ParNew
Desired survivor size 20112992 bytes, new threshold 8 (max 8)
- age   1:    3115456 bytes,    3115456 total
- age   2:    2826728 bytes,    5942184 total
- age   3:    3588224 bytes,    9530408 total
- age   4:    1314800 bytes,   10845208 total
- age   5:     566176 bytes,   11411384 total
- age   6:     588816 bytes,   12000200 total
- age   7:    5034368 bytes,   17034568 total
- age   8:    2670664 bytes,   19705232 total
: 109248K->21824K(109248K), 0.0129260 secs] 280779K->194950K(502464K), 0.0129902 secs] [Times: user=0.06 sys=0.01, real=0.01 secs] 
Heap after GC invocations=93 (full 2):
 par new generation   total 109248K, used 21824K [0x00000007a0000000, 0x00000007a8000000, 0x00000007a8000000)
  eden space 87424K,   0% used [0x00000007a0000000, 0x00000007a0000000, 0x00000007a5560000)
  from space 21824K, 100% used [0x00000007a6ab0000, 0x00000007a8000000, 0x00000007a8000000)
  to   space 21824K,   0% used [0x00000007a5560000, 0x00000007a5560000, 0x00000007a6ab0000)
 concurrent mark-sweep generation total 393216K, used 173126K [0x00000007a8000000, 0x00000007c0000000, 0x00000007c0000000)
 Metaspace       used 39724K, capacity 40462K, committed 40692K, reserved 1085440K
  class space    used 4557K, capacity 4790K, committed 4860K, reserved 1048576K
}
2016-10-23T22:32:04.574+0800: 1943.597: Total time for which application threads were stopped: 0.0132368 seconds, Stopping threads took: 0.0000751 seconds
2016-10-23T22:32:04.654+0800: 1943.677: Total time for which application threads were stopped: 0.0001737 seconds, Stopping threads took: 0.0000433 seconds
2016-10-23T22:32:04.656+0800: 1943.679: Total time for which application threads were stopped: 0.0002852 seconds, Stopping threads took: 0.0001432 seconds
{Heap before GC invocations=93 (full 2):
 par new generation   total 109248K, used 109248K [0x00000007a0000000, 0x00000007a8000000, 0x00000007a8000000)
  eden space 87424K, 100% used [0x00000007a0000000, 0x00000007a5560000, 0x00000007a5560000)
  from space 21824K, 100% used [0x00000007a6ab0000, 0x00000007a8000000, 0x00000007a8000000)
  to   space 21824K,   0% used [0x00000007a5560000, 0x00000007a5560000, 0x00000007a6ab0000)
 concurrent mark-sweep generation total 393216K, used 173126K [0x00000007a8000000, 0x00000007c0000000, 0x00000007c0000000)
 Metaspace       used 39727K, capacity 40470K, committed 40692K, reserved 1085440K
  class space    used 4557K, capacity 4790K, committed 4860K, reserved 1048576K
2016-10-23T22:32:04.742+0800: 1943.765: [GC (Allocation Failure) 2016-10-23T22:32:04.742+0800: 1943.765: [ParNew
Desired survivor size 20112992 bytes, new threshold 8 (max 8)
- age   1:    5313104 bytes,    5313104 total
- age   2:    1707680 bytes,    7020784 total
- age   3:    1995416 bytes,    9016200 total
- age   4:    2995040 bytes,   12011240 total
- age   5:    1293328 bytes,   13304568 total
- age   6:     552704 bytes,   13857272 total
- age   7:     573328 bytes,   14430600 total
- age   8:    5031224 bytes,   19461824 total
: 109248K->21824K(109248K), 0.0169354 secs] 282374K->198229K(502464K), 0.0170013 secs] [Times: user=0.09 sys=0.00, real=0.01 secs] 
Heap after GC invocations=94 (full 2):
 par new generation   total 109248K, used 21824K [0x00000007a0000000, 0x00000007a8000000, 0x00000007a8000000)
  eden space 87424K,   0% used [0x00000007a0000000, 0x00000007a0000000, 0x00000007a5560000)
  from space 21824K, 100% used [0x00000007a5560000, 0x00000007a6ab0000, 0x00000007a6ab0000)
  to   space 21824K,   0% used [0x00000007a6ab0000, 0x00000007a6ab0000, 0x00000007a8000000)
 concurrent mark-sweep generation total 393216K, used 176405K [0x00000007a8000000, 0x00000007c0000000, 0x00000007c0000000)
 Metaspace       used 39727K, capacity 40470K, committed 40692K, reserved 1085440K
  class space    used 4557K, capacity 4790K, committed 4860K, reserved 1048576K
}
2016-10-23T22:32:04.759+0800: 1943.782: Total time for which application threads were stopped: 0.0173204 seconds, Stopping threads took: 0.0000883 seconds
2016-10-23T22:32:04.800+0800: 1943.822: Total time for which application threads were stopped: 0.0001475 seconds, Stopping threads took: 0.0000399 seconds
2016-10-23T22:32:04.819+0800: 1943.842: Total time for which application threads were stopped: 0.0001649 seconds, Stopping threads took: 0.0000667 seconds
2016-10-23T22:32:04.819+0800: 1943.842: Total time for which application threads were stopped: 0.0000816 seconds, Stopping threads took: 0.0000206 seconds
2016-10-23T22:32:04.859+0800: 1943.882: Total time for which application threads were stopped: 0.0001901 seconds, Stopping threads took: 0.0000832 seconds
{Heap before GC invocations=94 (full 2):
 par new generation   total 109248K, used 109248K [0x00000007a0000000, 0x00000007a8000000, 0x00000007a8000000)
  eden space 87424K, 100% used [0x00000007a0000000, 0x00000007a5560000, 0x00000007a5560000)
  from space 21824K, 100% used [0x00000007a5560000, 0x00000007a6ab0000, 0x00000007a6ab0000)
  to   space 21824K,   0% used [0x00000007a6ab0000, 0x00000007a6ab0000, 0x00000007a8000000)
 concurrent mark-sweep generation total 393216K, used 176405K [0x00000007a8000000, 0x00000007c0000000, 0x00000007c0000000)
 Metaspace       used 39737K, capacity 40470K, committed 40692K, reserved 1085440K
  class space    used 4557K, capacity 4790K, committed 4860K, reserved 1048576K
2016-10-23T22:32:04.860+0800: 1943.883: [GC (Allocation Failure) 2016-10-23T22:32:04.860+0800: 1943.883: [ParNew
Desired survivor size 20112992 bytes, new threshold 8 (max 8)
- age   1:    2845176 bytes,    2845176 total
- age   2:    3121040 bytes,    5966216 total
- age   3:     712016 bytes,    6678232 total
- age   4:     759632 bytes,    7437864 total
- age   5:    1623680 bytes,    9061544 total
- age   6:     931792 bytes,    9993336 total
- age   7:     324192 bytes,   10317528 total
- age   8:     325200 bytes,   10642728 total
: 109248K->21824K(109248K), 0.0111055 secs] 285653K->203089K(502464K), 0.0111518 secs] [Times: user=0.05 sys=0.01, real=0.01 secs] 
Heap after GC invocations=95 (full 2):
 par new generation   total 109248K, used 21824K [0x00000007a0000000, 0x00000007a8000000, 0x00000007a8000000)
  eden space 87424K,   0% used [0x00000007a0000000, 0x00000007a0000000, 0x00000007a5560000)
  from space 21824K, 100% used [0x00000007a6ab0000, 0x00000007a8000000, 0x00000007a8000000)
  to   space 21824K,   0% used [0x00000007a5560000, 0x00000007a5560000, 0x00000007a6ab0000)
 concurrent mark-sweep generation total 393216K, used 181265K [0x00000007a8000000, 0x00000007c0000000, 0x00000007c0000000)
 Metaspace       used 39737K, capacity 40470K, committed 40692K, reserved 1085440K
  class space    used 4557K, capacity 4790K, committed 4860K, reserved 1048576K
}
2016-10-23T22:32:04.872+0800: 1943.894: Total time for which application threads were stopped: 0.0113701 seconds, Stopping threads took: 0.0000675 seconds
2016-10-23T22:32:04.872+0800: 1943.895: Total time for which application threads were stopped: 0.0001594 seconds, Stopping threads took: 0.0000847 seconds
2016-10-23T22:32:04.872+0800: 1943.895: Total time for which application threads were stopped: 0.0000758 seconds, Stopping threads took: 0.0000208 seconds
2016-10-23T22:32:04.894+0800: 1943.917: Total time for which application threads were stopped: 0.0001449 seconds, Stopping threads took: 0.0000315 seconds
2016-10-23T22:32:04.896+0800: 1943.918: Total time for which application threads were stopped: 0.0002179 seconds, Stopping threads took: 0.0000728 seconds
2016-10-23T22:32:04.898+0800: 1943.921: Total time for which application threads were stopped: 0.0003690 seconds, Stopping threads took: 0.0002720 seconds
2016-10-23T22:32:04.907+0800: 1943.930: Total time for which application threads were stopped: 0.0001866 seconds, Stopping threads took: 0.0000837 seconds
2016-10-23T22:32:04.908+0800: 1943.931: Total time for which application threads were stopped: 0.0001341 seconds, Stopping threads took: 0.0000661 seconds
2016-10-23T22:32:04.911+0800: 1943.934: Total time for which application threads were stopped: 0.0001457 seconds, Stopping threads took: 0.0000663 seconds
2016-10-23T22:32:04.912+0800: 1943.935: Total time for which application threads were stopped: 0.0001295 seconds, Stopping threads took: 0.0000699 seconds
2016-10-23T22:32:04.917+0800: 1943.940: Total time for which application threads were stopped: 0.0001782 seconds, Stopping threads took: 0.0001039 seconds
2016-10-23T22:32:04.919+0800: 1943.942: Total time for which application threads were stopped: 0.0001618 seconds, Stopping threads took: 0.0000917 seconds
2016-10-23T22:32:04.921+0800: 1943.944: Total time for which application threads were stopped: 0.0001482 seconds, Stopping threads took: 0.0000721 seconds
{Heap before GC invocations=95 (full 2):
 par new generation   total 109248K, used 109248K [0x00000007a0000000, 0x00000007a8000000, 0x00000007a8000000)
  eden space 87424K, 100% used [0x00000007a0000000, 0x00000007a5560000, 0x00000007a5560000)
  from space 21824K, 100% used [0x00000007a6ab0000, 0x00000007a8000000, 0x00000007a8000000)
  to   space 21824K,   0% used [0x00000007a5560000, 0x00000007a5560000, 0x00000007a6ab0000)
 concurrent mark-sweep generation total 393216K, used 181265K [0x00000007a8000000, 0x00000007c0000000, 0x00000007c0000000)
 Metaspace       used 39742K, capacity 40472K, committed 40692K, reserved 1085440K
  class space    used 4557K, capacity 4791K, committed 4860K, reserved 1048576K
2016-10-23T22:32:04.975+0800: 1943.998: [GC (Allocation Failure) 2016-10-23T22:32:04.975+0800: 1943.998: [ParNew
Desired survivor size 20112992 bytes, new threshold 8 (max 8)
- age   1:    3326440 bytes,    3326440 total
- age   2:    1946248 bytes,    5272688 total
- age   3:    3080776 bytes,    8353464 total
- age   4:     712016 bytes,    9065480 total
- age   5:     759632 bytes,    9825112 total
- age   6:    1514808 bytes,   11339920 total
- age   7:     928912 bytes,   12268832 total
- age   8:     324192 bytes,   12593024 total
: 109248K->15081K(109248K), 0.0096776 secs] 290513K->196664K(502464K), 0.0097536 secs] [Times: user=0.04 sys=0.00, real=0.01 secs] 
Heap after GC invocations=96 (full 2):
 par new generation   total 109248K, used 15081K [0x00000007a0000000, 0x00000007a8000000, 0x00000007a8000000)
  eden space 87424K,   0% used [0x00000007a0000000, 0x00000007a0000000, 0x00000007a5560000)
  from space 21824K,  69% used [0x00000007a5560000, 0x00000007a641a5e0, 0x00000007a6ab0000)
  to   space 21824K,   0% used [0x00000007a6ab0000, 0x00000007a6ab0000, 0x00000007a8000000)
 concurrent mark-sweep generation total 393216K, used 181583K [0x00000007a8000000, 0x00000007c0000000, 0x00000007c0000000)
 Metaspace       used 39742K, capacity 40472K, committed 40692K, reserved 1085440K
  class space    used 4557K, capacity 4791K, committed 4860K, reserved 1048576K
}
2016-10-23T22:32:04.985+0800: 1944.008: Total time for which application threads were stopped: 0.0100666 seconds, Stopping threads took: 0.0000826 seconds
2016-10-23T22:32:05.115+0800: 1944.138: Total time for which application threads were stopped: 0.0002318 seconds, Stopping threads took: 0.0000760 seconds
2016-10-23T22:32:05.124+0800: 1944.147: Total time for which application threads were stopped: 0.0001981 seconds, Stopping threads took: 0.0000711 seconds
2016-10-23T22:32:05.124+0800: 1944.147: Total time for which application threads were stopped: 0.0001580 seconds, Stopping threads took: 0.0000593 seconds
2016-10-23T22:32:05.131+0800: 1944.154: Total time for which application threads were stopped: 0.0002045 seconds, Stopping threads took: 0.0000767 seconds
2016-10-23T22:32:05.131+0800: 1944.154: Total time for which application threads were stopped: 0.0001690 seconds, Stopping threads took: 0.0000945 seconds
2016-10-23T22:32:05.131+0800: 1944.154: Total time for which application threads were stopped: 0.0001037 seconds, Stopping threads took: 0.0000489 seconds
{Heap before GC invocations=96 (full 2):
 par new generation   total 109248K, used 102505K [0x00000007a0000000, 0x00000007a8000000, 0x00000007a8000000)
  eden space 87424K, 100% used [0x00000007a0000000, 0x00000007a5560000, 0x00000007a5560000)
  from space 21824K,  69% used [0x00000007a5560000, 0x00000007a641a5e0, 0x00000007a6ab0000)
  to   space 21824K,   0% used [0x00000007a6ab0000, 0x00000007a6ab0000, 0x00000007a8000000)
 concurrent mark-sweep generation total 393216K, used 181583K [0x00000007a8000000, 0x00000007c0000000, 0x00000007c0000000)
 Metaspace       used 39744K, capacity 40536K, committed 40692K, reserved 1085440K
  class space    used 4557K, capacity 4791K, committed 4860K, reserved 1048576K
2016-10-23T22:32:05.139+0800: 1944.162: [GC (Allocation Failure) 2016-10-23T22:32:05.139+0800: 1944.162: [ParNew
Desired survivor size 20112992 bytes, new threshold 8 (max 8)
- age   1:    5028792 bytes,    5028792 total
- age   2:    2048072 bytes,    7076864 total
- age   3:    1898016 bytes,    8974880 total
- age   4:    3084328 bytes,   12059208 total
- age   5:     712016 bytes,   12771224 total
- age   6:     759552 bytes,   13530776 total
- age   7:    1513992 bytes,   15044768 total
- age   8:     928912 bytes,   15973680 total
: 102505K->21794K(109248K), 0.0114421 secs] 284088K->203694K(502464K), 0.0115143 secs] [Times: user=0.06 sys=0.00, real=0.02 secs] 
Heap after GC invocations=97 (full 2):
 par new generation   total 109248K, used 21794K [0x00000007a0000000, 0x00000007a8000000, 0x00000007a8000000)
  eden space 87424K,   0% used [0x00000007a0000000, 0x00000007a0000000, 0x00000007a5560000)
  from space 21824K,  99% used [0x00000007a6ab0000, 0x00000007a7ff8ac0, 0x00000007a8000000)
  to   space 21824K,   0% used [0x00000007a5560000, 0x00000007a5560000, 0x00000007a6ab0000)
 concurrent mark-sweep generation total 393216K, used 181900K [0x00000007a8000000, 0x00000007c0000000, 0x00000007c0000000)
 Metaspace       used 39744K, capacity 40536K, committed 40692K, reserved 1085440K
  class space    used 4557K, capacity 4791K, committed 4860K, reserved 1048576K
}
2016-10-23T22:32:05.150+0800: 1944.173: Total time for which application threads were stopped: 0.0117876 seconds, Stopping threads took: 0.0000812 seconds
{Heap before GC invocations=97 (full 2):
 par new generation   total 109248K, used 109218K [0x00000007a0000000, 0x00000007a8000000, 0x00000007a8000000)
  eden space 87424K, 100% used [0x00000007a0000000, 0x00000007a5560000, 0x00000007a5560000)
  from space 21824K,  99% used [0x00000007a6ab0000, 0x00000007a7ff8ac0, 0x00000007a8000000)
  to   space 21824K,   0% used [0x00000007a5560000, 0x00000007a5560000, 0x00000007a6ab0000)
 concurrent mark-sweep generation total 393216K, used 181900K [0x00000007a8000000, 0x00000007c0000000, 0x00000007c0000000)
 Metaspace       used 39745K, capacity 40536K, committed 40692K, reserved 1085440K
  class space    used 4557K, capacity 4791K, committed 4860K, reserved 1048576K
2016-10-23T22:32:05.290+0800: 1944.313: [GC (Allocation Failure) 2016-10-23T22:32:05.290+0800: 1944.313: [ParNew
Desired survivor size 20112992 bytes, new threshold 8 (max 8)
- age   1:    4918576 bytes,    4918576 total
- age   2:    3660640 bytes,    8579216 total
- age   3:    1906696 bytes,   10485912 total
- age   4:    1903192 bytes,   12389104 total
- age   5:    3087488 bytes,   15476592 total
- age   6:     712016 bytes,   16188608 total
- age   7:     759552 bytes,   16948160 total
- age   8:    1513992 bytes,   18462152 total
: 109218K->21396K(109248K), 0.0117784 secs] 291118K->204204K(502464K), 0.0118336 secs] [Times: user=0.07 sys=0.00, real=0.01 secs] 
Heap after GC invocations=98 (full 2):
 par new generation   total 109248K, used 21396K [0x00000007a0000000, 0x00000007a8000000, 0x00000007a8000000)
  eden space 87424K,   0% used [0x00000007a0000000, 0x00000007a0000000, 0x00000007a5560000)
  from space 21824K,  98% used [0x00000007a5560000, 0x00000007a6a45100, 0x00000007a6ab0000)
  to   space 21824K,   0% used [0x00000007a6ab0000, 0x00000007a6ab0000, 0x00000007a8000000)
 concurrent mark-sweep generation total 393216K, used 182808K [0x00000007a8000000, 0x00000007c0000000, 0x00000007c0000000)
 Metaspace       used 39745K, capacity 40536K, committed 40692K, reserved 1085440K
  class space    used 4557K, capacity 4791K, committed 4860K, reserved 1048576K
}
2016-10-23T22:32:05.302+0800: 1944.325: Total time for which application threads were stopped: 0.0120947 seconds, Stopping threads took: 0.0000904 seconds
{Heap before GC invocations=98 (full 2):
 par new generation   total 109248K, used 108820K [0x00000007a0000000, 0x00000007a8000000, 0x00000007a8000000)
  eden space 87424K, 100% used [0x00000007a0000000, 0x00000007a5560000, 0x00000007a5560000)
  from space 21824K,  98% used [0x00000007a5560000, 0x00000007a6a45100, 0x00000007a6ab0000)
  to   space 21824K,   0% used [0x00000007a6ab0000, 0x00000007a6ab0000, 0x00000007a8000000)
 concurrent mark-sweep generation total 393216K, used 182808K [0x00000007a8000000, 0x00000007c0000000, 0x00000007c0000000)
 Metaspace       used 39753K, capacity 40536K, committed 40692K, reserved 1085440K
  class space    used 4558K, capacity 4791K, committed 4860K, reserved 1048576K
2016-10-23T22:32:05.455+0800: 1944.478: [GC (Allocation Failure) 2016-10-23T22:32:05.455+0800: 1944.478: [ParNew
Desired survivor size 20112992 bytes, new threshold 8 (max 8)
- age   1:    5343976 bytes,    5343976 total
- age   2:    2941632 bytes,    8285608 total
- age   3:    3419224 bytes,   11704832 total
- age   4:    1904944 bytes,   13609776 total
- age   5:    1901072 bytes,   15510848 total
- age   6:    3076808 bytes,   18587656 total
- age   7:     712016 bytes,   19299672 total
- age   8:     713792 bytes,   20013464 total
: 108820K->21824K(109248K), 0.0128963 secs] 291628K->206327K(502464K), 0.0129446 secs] [Times: user=0.07 sys=0.01, real=0.01 secs] 
Heap after GC invocations=99 (full 2):
 par new generation   total 109248K, used 21824K [0x00000007a0000000, 0x00000007a8000000, 0x00000007a8000000)
  eden space 87424K,   0% used [0x00000007a0000000, 0x00000007a0000000, 0x00000007a5560000)
  from space 21824K, 100% used [0x00000007a6ab0000, 0x00000007a8000000, 0x00000007a8000000)
  to   space 21824K,   0% used [0x00000007a5560000, 0x00000007a5560000, 0x00000007a6ab0000)
 concurrent mark-sweep generation total 393216K, used 184503K [0x00000007a8000000, 0x00000007c0000000, 0x00000007c0000000)
 Metaspace       used 39753K, capacity 40536K, committed 40692K, reserved 1085440K
  class space    used 4558K, capacity 4791K, committed 4860K, reserved 1048576K
}
2016-10-23T22:32:05.468+0800: 1944.491: Total time for which application threads were stopped: 0.0131770 seconds, Stopping threads took: 0.0000416 seconds
{Heap before GC invocations=99 (full 2):
 par new generation   total 109248K, used 109248K [0x00000007a0000000, 0x00000007a8000000, 0x00000007a8000000)
  eden space 87424K, 100% used [0x00000007a0000000, 0x00000007a5560000, 0x00000007a5560000)
  from space 21824K, 100% used [0x00000007a6ab0000, 0x00000007a8000000, 0x00000007a8000000)
  to   space 21824K,   0% used [0x00000007a5560000, 0x00000007a5560000, 0x00000007a6ab0000)
 concurrent mark-sweep generation total 393216K, used 184503K [0x00000007a8000000, 0x00000007c0000000, 0x00000007c0000000)
 Metaspace       used 39760K, capacity 40536K, committed 40692K, reserved 1085440K
  class space    used 4558K, capacity 4791K, committed 4860K, reserved 1048576K
2016-10-23T22:32:05.624+0800: 1944.647: [GC (Allocation Failure) 2016-10-23T22:32:05.624+0800: 1944.647: [ParNew
Desired survivor size 20112992 bytes, new threshold 7 (max 8)
- age   1:    6543032 bytes,    6543032 total
- age   2:    3229200 bytes,    9772232 total
- age   3:    2634600 bytes,   12406832 total
- age   4:    2700864 bytes,   15107696 total
- age   5:    1798184 bytes,   16905880 total
- age   6:    1847344 bytes,   18753224 total
- age   7:    2949768 bytes,   21702992 total
- age   8:     711824 bytes,   22414816 total
: 109248K->21824K(109248K), 0.0152922 secs] 293751K->208912K(502464K), 0.0153515 secs] [Times: user=0.08 sys=0.01, real=0.01 secs] 
Heap after GC invocations=100 (full 2):
 par new generation   total 109248K, used 21824K [0x00000007a0000000, 0x00000007a8000000, 0x00000007a8000000)
  eden space 87424K,   0% used [0x00000007a0000000, 0x00000007a0000000, 0x00000007a5560000)
  from space 21824K, 100% used [0x00000007a5560000, 0x00000007a6ab0000, 0x00000007a6ab0000)
  to   space 21824K,   0% used [0x00000007a6ab0000, 0x00000007a6ab0000, 0x00000007a8000000)
 concurrent mark-sweep generation total 393216K, used 187088K [0x00000007a8000000, 0x00000007c0000000, 0x00000007c0000000)
 Metaspace       used 39760K, capacity 40536K, committed 40692K, reserved 1085440K
  class space    used 4558K, capacity 4791K, committed 4860K, reserved 1048576K
}
2016-10-23T22:32:05.639+0800: 1944.662: Total time for which application threads were stopped: 0.0155558 seconds, Stopping threads took: 0.0000330 seconds
2016-10-23T22:32:05.656+0800: 1944.679: Total time for which application threads were stopped: 0.0001914 seconds, Stopping threads took: 0.0000948 seconds
{Heap before GC invocations=100 (full 2):
 par new generation   total 109248K, used 109248K [0x00000007a0000000, 0x00000007a8000000, 0x00000007a8000000)
  eden space 87424K, 100% used [0x00000007a0000000, 0x00000007a5560000, 0x00000007a5560000)
  from space 21824K, 100% used [0x00000007a5560000, 0x00000007a6ab0000, 0x00000007a6ab0000)
  to   space 21824K,   0% used [0x00000007a6ab0000, 0x00000007a6ab0000, 0x00000007a8000000)
 concurrent mark-sweep generation total 393216K, used 187088K [0x00000007a8000000, 0x00000007c0000000, 0x00000007c0000000)
 Metaspace       used 39770K, capacity 40536K, committed 40692K, reserved 1085440K
  class space    used 4558K, capacity 4791K, committed 4860K, reserved 1048576K
2016-10-23T22:32:05.869+0800: 1944.892: [GC (Allocation Failure) 2016-10-23T22:32:05.869+0800: 1944.892: [ParNew
Desired survivor size 20112992 bytes, new threshold 8 (max 8)
- age   1:    2989888 bytes,    2989888 total
- age   2:    5325016 bytes,    8314904 total
- age   3:    2534080 bytes,   10848984 total
- age   4:    2144392 bytes,   12993376 total
- age   5:    2197896 bytes,   15191272 total
- age   6:    1480056 bytes,   16671328 total
- age   7:    1588136 bytes,   18259464 total
: 109248K->21824K(109248K), 0.0163762 secs] 296336K->213568K(502464K), 0.0164243 secs] [Times: user=0.07 sys=0.00, real=0.02 secs] 
Heap after GC invocations=101 (full 2):
 par new generation   total 109248K, used 21824K [0x00000007a0000000, 0x00000007a8000000, 0x00000007a8000000)
  eden space 87424K,   0% used [0x00000007a0000000, 0x00000007a0000000, 0x00000007a5560000)
  from space 21824K, 100% used [0x00000007a6ab0000, 0x00000007a8000000, 0x00000007a8000000)
  to   space 21824K,   0% used [0x00000007a5560000, 0x00000007a5560000, 0x00000007a6ab0000)
 concurrent mark-sweep generation total 393216K, used 191744K [0x00000007a8000000, 0x00000007c0000000, 0x00000007c0000000)
 Metaspace       used 39770K, capacity 40536K, committed 40692K, reserved 1085440K
  class space    used 4558K, capacity 4791K, committed 4860K, reserved 1048576K
}
2016-10-23T22:32:05.886+0800: 1944.909: Total time for which application threads were stopped: 0.0166866 seconds, Stopping threads took: 0.0000591 seconds
2016-10-23T22:32:05.968+0800: 1944.991: Total time for which application threads were stopped: 0.0029253 seconds, Stopping threads took: 0.0028211 seconds
2016-10-23T22:32:05.968+0800: 1944.991: Total time for which application threads were stopped: 0.0001764 seconds, Stopping threads took: 0.0000789 seconds
2016-10-23T22:32:05.968+0800: 1944.991: Total time for which application threads were stopped: 0.0001432 seconds, Stopping threads took: 0.0000494 seconds
2016-10-23T22:32:05.969+0800: 1944.991: Total time for which application threads were stopped: 0.0001066 seconds, Stopping threads took: 0.0000561 seconds
2016-10-23T22:32:05.969+0800: 1944.992: Total time for which application threads were stopped: 0.0001280 seconds, Stopping threads took: 0.0000584 seconds
2016-10-23T22:32:05.970+0800: 1944.993: Total time for which application threads were stopped: 0.0001405 seconds, Stopping threads took: 0.0000824 seconds
2016-10-23T22:32:05.975+0800: 1944.998: Total time for which application threads were stopped: 0.0002149 seconds, Stopping threads took: 0.0001177 seconds
2016-10-23T22:32:05.979+0800: 1945.002: Total time for which application threads were stopped: 0.0002547 seconds, Stopping threads took: 0.0001093 seconds
2016-10-23T22:32:05.980+0800: 1945.003: Total time for which application threads were stopped: 0.0001610 seconds, Stopping threads took: 0.0000833 seconds
2016-10-23T22:32:05.986+0800: 1945.009: Total time for which application threads were stopped: 0.0001648 seconds, Stopping threads took: 0.0000705 seconds
2016-10-23T22:32:05.987+0800: 1945.009: Total time for which application threads were stopped: 0.0000956 seconds, Stopping threads took: 0.0000354 seconds
2016-10-23T22:32:05.988+0800: 1945.011: Total time for which application threads were stopped: 0.0001378 seconds, Stopping threads took: 0.0000757 seconds
2016-10-23T22:32:05.992+0800: 1945.015: Total time for which application threads were stopped: 0.0001841 seconds, Stopping threads took: 0.0000831 seconds
2016-10-23T22:32:05.993+0800: 1945.016: Total time for which application threads were stopped: 0.0005022 seconds, Stopping threads took: 0.0000841 seconds
{Heap before GC invocations=101 (full 2):
 par new generation   total 109248K, used 109248K [0x00000007a0000000, 0x00000007a8000000, 0x00000007a8000000)
  eden space 87424K, 100% used [0x00000007a0000000, 0x00000007a5560000, 0x00000007a5560000)
  from space 21824K, 100% used [0x00000007a6ab0000, 0x00000007a8000000, 0x00000007a8000000)
  to   space 21824K,   0% used [0x00000007a5560000, 0x00000007a5560000, 0x00000007a6ab0000)
 concurrent mark-sweep generation total 393216K, used 191744K [0x00000007a8000000, 0x00000007c0000000, 0x00000007c0000000)
 Metaspace       used 39775K, capacity 40536K, committed 40692K, reserved 1085440K
  class space    used 4558K, capacity 4791K, committed 4860K, reserved 1048576K
2016-10-23T22:32:06.006+0800: 1945.029: [GC (Allocation Failure) 2016-10-23T22:32:06.006+0800: 1945.029: [ParNew
Desired survivor size 20112992 bytes, new threshold 8 (max 8)
- age   1:    2930904 bytes,    2930904 total
- age   2:    2254984 bytes,    5185888 total
- age   3:    4476744 bytes,    9662632 total
- age   4:    1809536 bytes,   11472168 total
- age   5:    1520008 bytes,   12992176 total
- age   6:    1566688 bytes,   14558864 total
- age   7:    1021360 bytes,   15580224 total
- age   8:    1118272 bytes,   16698496 total
: 109248K->21824K(109248K), 0.0131080 secs] 300992K->213568K(502464K), 0.0131704 secs] [Times: user=0.07 sys=0.00, real=0.01 secs] 
Heap after GC invocations=102 (full 2):
 par new generation   total 109248K, used 21824K [0x00000007a0000000, 0x00000007a8000000, 0x00000007a8000000)
  eden space 87424K,   0% used [0x00000007a0000000, 0x00000007a0000000, 0x00000007a5560000)
  from space 21824K, 100% used [0x00000007a5560000, 0x00000007a6ab0000, 0x00000007a6ab0000)
  to   space 21824K,   0% used [0x00000007a6ab0000, 0x00000007a6ab0000, 0x00000007a8000000)
 concurrent mark-sweep generation total 393216K, used 191744K [0x00000007a8000000, 0x00000007c0000000, 0x00000007c0000000)
 Metaspace       used 39775K, capacity 40536K, committed 40692K, reserved 1085440K
  class space    used 4558K, capacity 4791K, committed 4860K, reserved 1048576K
}
2016-10-23T22:32:06.019+0800: 1945.042: Total time for which application threads were stopped: 0.0133291 seconds, Stopping threads took: 0.0000141 seconds
{Heap before GC invocations=102 (full 2):
 par new generation   total 109248K, used 109248K [0x00000007a0000000, 0x00000007a8000000, 0x00000007a8000000)
  eden space 87424K, 100% used [0x00000007a0000000, 0x00000007a5560000, 0x00000007a5560000)
  from space 21824K, 100% used [0x00000007a5560000, 0x00000007a6ab0000, 0x00000007a6ab0000)
  to   space 21824K,   0% used [0x00000007a6ab0000, 0x00000007a6ab0000, 0x00000007a8000000)
 concurrent mark-sweep generation total 393216K, used 191744K [0x00000007a8000000, 0x00000007c0000000, 0x00000007c0000000)
 Metaspace       used 39775K, capacity 40536K, committed 40692K, reserved 1085440K
  class space    used 4558K, capacity 4791K, committed 4860K, reserved 1048576K
2016-10-23T22:32:06.171+0800: 1945.193: [GC (Allocation Failure) 2016-10-23T22:32:06.171+0800: 1945.193: [ParNew
Desired survivor size 20112992 bytes, new threshold 8 (max 8)
- age   1:    5791736 bytes,    5791736 total
- age   2:    2078824 bytes,    7870560 total
- age   3:    2226280 bytes,   10096840 total
- age   4:    4417392 bytes,   14514232 total
- age   5:    1760344 bytes,   16274576 total
- age   6:    1478312 bytes,   17752888 total
- age   7:    1526480 bytes,   19279368 total
- age   8:     986584 bytes,   20265952 total
: 109248K->21824K(109248K), 0.0143783 secs] 300992K->214888K(502464K), 0.0144516 secs] [Times: user=0.05 sys=0.00, real=0.01 secs] 
Heap after GC invocations=103 (full 2):
 par new generation   total 109248K, used 21824K [0x00000007a0000000, 0x00000007a8000000, 0x00000007a8000000)
  eden space 87424K,   0% used [0x00000007a0000000, 0x00000007a0000000, 0x00000007a5560000)
  from space 21824K, 100% used [0x00000007a6ab0000, 0x00000007a8000000, 0x00000007a8000000)
  to   space 21824K,   0% used [0x00000007a5560000, 0x00000007a5560000, 0x00000007a6ab0000)
 concurrent mark-sweep generation total 393216K, used 193064K [0x00000007a8000000, 0x00000007c0000000, 0x00000007c0000000)
 Metaspace       used 39775K, capacity 40536K, committed 40692K, reserved 1085440K
  class space    used 4558K, capacity 4791K, committed 4860K, reserved 1048576K
}
2016-10-23T22:32:06.185+0800: 1945.208: Total time for which application threads were stopped: 0.0147244 seconds, Stopping threads took: 0.0000959 seconds
{Heap before GC invocations=103 (full 2):
 par new generation   total 109248K, used 109248K [0x00000007a0000000, 0x00000007a8000000, 0x00000007a8000000)
  eden space 87424K, 100% used [0x00000007a0000000, 0x00000007a5560000, 0x00000007a5560000)
  from space 21824K, 100% used [0x00000007a6ab0000, 0x00000007a8000000, 0x00000007a8000000)
  to   space 21824K,   0% used [0x00000007a5560000, 0x00000007a5560000, 0x00000007a6ab0000)
 concurrent mark-sweep generation total 393216K, used 193064K [0x00000007a8000000, 0x00000007c0000000, 0x00000007c0000000)
 Metaspace       used 39775K, capacity 40536K, committed 40692K, reserved 1085440K
  class space    used 4558K, capacity 4791K, committed 4860K, reserved 1048576K
2016-10-23T22:32:06.331+0800: 1945.354: [GC (Allocation Failure) 2016-10-23T22:32:06.331+0800: 1945.354: [ParNew
Desired survivor size 20112992 bytes, new threshold 7 (max 8)
- age   1:    6294512 bytes,    6294512 total
- age   2:    3392192 bytes,    9686704 total
- age   3:    1821944 bytes,   11508648 total
- age   4:    1986816 bytes,   13495464 total
- age   5:    4348016 bytes,   17843480 total
- age   6:    1700376 bytes,   19543856 total
- age   7:    1426664 bytes,   20970520 total
- age   8:    1474352 bytes,   22444872 total
: 109248K->21824K(109248K), 0.0162129 secs] 302312K->217768K(502464K), 0.0162814 secs] [Times: user=0.06 sys=0.00, real=0.01 secs] 
Heap after GC invocations=104 (full 2):
 par new generation   total 109248K, used 21824K [0x00000007a0000000, 0x00000007a8000000, 0x00000007a8000000)
  eden space 87424K,   0% used [0x00000007a0000000, 0x00000007a0000000, 0x00000007a5560000)
  from space 21824K, 100% used [0x00000007a5560000, 0x00000007a6ab0000, 0x00000007a6ab0000)
  to   space 21824K,   0% used [0x00000007a6ab0000, 0x00000007a6ab0000, 0x00000007a8000000)
 concurrent mark-sweep generation total 393216K, used 195944K [0x00000007a8000000, 0x00000007c0000000, 0x00000007c0000000)
 Metaspace       used 39775K, capacity 40536K, committed 40692K, reserved 1085440K
  class space    used 4558K, capacity 4791K, committed 4860K, reserved 1048576K
}
2016-10-23T22:32:06.347+0800: 1945.370: Total time for which application threads were stopped: 0.0165944 seconds, Stopping threads took: 0.0001041 seconds
{Heap before GC invocations=104 (full 2):
 par new generation   total 109248K, used 109248K [0x00000007a0000000, 0x00000007a8000000, 0x00000007a8000000)
  eden space 87424K, 100% used [0x00000007a0000000, 0x00000007a5560000, 0x00000007a5560000)
  from space 21824K, 100% used [0x00000007a5560000, 0x00000007a6ab0000, 0x00000007a6ab0000)
  to   space 21824K,   0% used [0x00000007a6ab0000, 0x00000007a6ab0000, 0x00000007a8000000)
 concurrent mark-sweep generation total 393216K, used 195944K [0x00000007a8000000, 0x00000007c0000000, 0x00000007c0000000)
 Metaspace       used 39775K, capacity 40536K, committed 40692K, reserved 1085440K
  class space    used 4558K, capacity 4791K, committed 4860K, reserved 1048576K
2016-10-23T22:32:06.487+0800: 1945.510: [GC (Allocation Failure) 2016-10-23T22:32:06.487+0800: 1945.510: [ParNew
Desired survivor size 20112992 bytes, new threshold 6 (max 8)
- age   1:    6216168 bytes,    6216168 total
- age   2:    3399760 bytes,    9615928 total
- age   3:    2853776 bytes,   12469704 total
- age   4:    1584776 bytes,   14054480 total
- age   5:    1744376 bytes,   15798856 total
- age   6:    4348016 bytes,   20146872 total
- age   7:    1700376 bytes,   21847248 total
: 109248K->21824K(109248K), 0.0149312 secs] 305192K->223287K(502464K), 0.0150263 secs] [Times: user=0.05 sys=0.01, real=0.02 secs] 
Heap after GC invocations=105 (full 2):
 par new generation   total 109248K, used 21824K [0x00000007a0000000, 0x00000007a8000000, 0x00000007a8000000)
  eden space 87424K,   0% used [0x00000007a0000000, 0x00000007a0000000, 0x00000007a5560000)
  from space 21824K, 100% used [0x00000007a6ab0000, 0x00000007a8000000, 0x00000007a8000000)
  to   space 21824K,   0% used [0x00000007a5560000, 0x00000007a5560000, 0x00000007a6ab0000)
 concurrent mark-sweep generation total 393216K, used 201463K [0x00000007a8000000, 0x00000007c0000000, 0x00000007c0000000)
 Metaspace       used 39775K, capacity 40536K, committed 40692K, reserved 1085440K
  class space    used 4558K, capacity 4791K, committed 4860K, reserved 1048576K
}
2016-10-23T22:32:06.502+0800: 1945.525: Total time for which application threads were stopped: 0.0153353 seconds, Stopping threads took: 0.0000937 seconds
2016-10-23T22:32:06.502+0800: 1945.525: [GC (CMS Initial Mark) [1 CMS-initial-mark: 201463K(393216K)] 224889K(502464K), 0.0032211 secs] [Times: user=0.01 sys=0.00, real=0.00 secs] 
2016-10-23T22:32:06.506+0800: 1945.529: Total time for which application threads were stopped: 0.0034178 seconds, Stopping threads took: 0.0000733 seconds
2016-10-23T22:32:06.506+0800: 1945.529: [CMS-concurrent-mark-start]
2016-10-23T22:32:06.522+0800: 1945.545: [CMS-concurrent-mark: 0.016/0.016 secs] [Times: user=0.09 sys=0.00, real=0.02 secs] 
2016-10-23T22:32:06.522+0800: 1945.545: [CMS-concurrent-preclean-start]
2016-10-23T22:32:06.523+0800: 1945.546: [CMS-concurrent-preclean: 0.001/0.001 secs] [Times: user=0.00 sys=0.00, real=0.00 secs] 
2016-10-23T22:32:06.523+0800: 1945.546: [CMS-concurrent-abortable-preclean-start]
{Heap before GC invocations=105 (full 3):
 par new generation   total 109248K, used 109248K [0x00000007a0000000, 0x00000007a8000000, 0x00000007a8000000)
  eden space 87424K, 100% used [0x00000007a0000000, 0x00000007a5560000, 0x00000007a5560000)
  from space 21824K, 100% used [0x00000007a6ab0000, 0x00000007a8000000, 0x00000007a8000000)
  to   space 21824K,   0% used [0x00000007a5560000, 0x00000007a5560000, 0x00000007a6ab0000)
 concurrent mark-sweep generation total 393216K, used 201463K [0x00000007a8000000, 0x00000007c0000000, 0x00000007c0000000)
 Metaspace       used 39775K, capacity 40536K, committed 40692K, reserved 1085440K
  class space    used 4558K, capacity 4791K, committed 4860K, reserved 1048576K
2016-10-23T22:32:06.652+0800: 1945.675: [GC (Allocation Failure) 2016-10-23T22:32:06.652+0800: 1945.675: [ParNew
Desired survivor size 20112992 bytes, new threshold 6 (max 8)
- age   1:    7388248 bytes,    7388248 total
- age   2:    4385952 bytes,   11774200 total
- age   3:    3066848 bytes,   14841048 total
- age   4:    2781040 bytes,   17622088 total
- age   5:    1567400 bytes,   19189488 total
- age   6:    1625872 bytes,   20815360 total
: 109248K->21824K(109248K), 0.0151242 secs] 310711K->229701K(502464K), 0.0152076 secs] [Times: user=0.05 sys=0.01, real=0.01 secs] 
Heap after GC invocations=106 (full 3):
 par new generation   total 109248K, used 21824K [0x00000007a0000000, 0x00000007a8000000, 0x00000007a8000000)
  eden space 87424K,   0% used [0x00000007a0000000, 0x00000007a0000000, 0x00000007a5560000)
  from space 21824K, 100% used [0x00000007a5560000, 0x00000007a6ab0000, 0x00000007a6ab0000)
  to   space 21824K,   0% used [0x00000007a6ab0000, 0x00000007a6ab0000, 0x00000007a8000000)
 concurrent mark-sweep generation total 393216K, used 207877K [0x00000007a8000000, 0x00000007c0000000, 0x00000007c0000000)
 Metaspace       used 39775K, capacity 40536K, committed 40692K, reserved 1085440K
  class space    used 4558K, capacity 4791K, committed 4860K, reserved 1048576K
}
2016-10-23T22:32:06.667+0800: 1945.690: Total time for which application threads were stopped: 0.0154060 seconds, Stopping threads took: 0.0000304 seconds
2016-10-23T22:32:06.668+0800: 1945.691: Total time for which application threads were stopped: 0.0001883 seconds, Stopping threads took: 0.0000804 seconds
2016-10-23T22:32:06.670+0800: 1945.693: Total time for which application threads were stopped: 0.0001798 seconds, Stopping threads took: 0.0000644 seconds
{Heap before GC invocations=106 (full 3):
 par new generation   total 109248K, used 109248K [0x00000007a0000000, 0x00000007a8000000, 0x00000007a8000000)
  eden space 87424K, 100% used [0x00000007a0000000, 0x00000007a5560000, 0x00000007a5560000)
  from space 21824K, 100% used [0x00000007a5560000, 0x00000007a6ab0000, 0x00000007a6ab0000)
  to   space 21824K,   0% used [0x00000007a6ab0000, 0x00000007a6ab0000, 0x00000007a8000000)
 concurrent mark-sweep generation total 393216K, used 207877K [0x00000007a8000000, 0x00000007c0000000, 0x00000007c0000000)
 Metaspace       used 39776K, capacity 40536K, committed 40692K, reserved 1085440K
  class space    used 4558K, capacity 4791K, committed 4860K, reserved 1048576K
2016-10-23T22:32:06.786+0800: 1945.809: [GC (Allocation Failure) 2016-10-23T22:32:06.786+0800: 1945.809: [ParNew
Desired survivor size 20112992 bytes, new threshold 8 (max 8)
- age   1:    3326576 bytes,    3326576 total
- age   2:    6566992 bytes,    9893568 total
- age   3:    3778448 bytes,   13672016 total
- age   4:    2575736 bytes,   16247752 total
- age   5:    2314752 bytes,   18562504 total
- age   6:    1336904 bytes,   19899408 total
: 109248K->21824K(109248K), 0.0139484 secs] 317125K->231564K(502464K), 0.0140062 secs] [Times: user=0.06 sys=0.01, real=0.02 secs] 
Heap after GC invocations=107 (full 3):
 par new generation   total 109248K, used 21824K [0x00000007a0000000, 0x00000007a8000000, 0x00000007a8000000)
  eden space 87424K,   0% used [0x00000007a0000000, 0x00000007a0000000, 0x00000007a5560000)
  from space 21824K, 100% used [0x00000007a6ab0000, 0x00000007a8000000, 0x00000007a8000000)
  to   space 21824K,   0% used [0x00000007a5560000, 0x00000007a5560000, 0x00000007a6ab0000)
 concurrent mark-sweep generation total 393216K, used 209740K [0x00000007a8000000, 0x00000007c0000000, 0x00000007c0000000)
 Metaspace       used 39776K, capacity 40536K, committed 40692K, reserved 1085440K
  class space    used 4558K, capacity 4791K, committed 4860K, reserved 1048576K
}
2016-10-23T22:32:06.800+0800: 1945.823: Total time for which application threads were stopped: 0.0143054 seconds, Stopping threads took: 0.0000773 seconds
2016-10-23T22:32:06.877+0800: 1945.900: Total time for which application threads were stopped: 0.0002116 seconds, Stopping threads took: 0.0000787 seconds
2016-10-23T22:32:06.878+0800: 1945.901: Total time for which application threads were stopped: 0.0001343 seconds, Stopping threads took: 0.0000747 seconds
2016-10-23T22:32:06.879+0800: 1945.902: Total time for which application threads were stopped: 0.0001260 seconds, Stopping threads took: 0.0000668 seconds
2016-10-23T22:32:06.879+0800: 1945.902: Total time for which application threads were stopped: 0.0001070 seconds, Stopping threads took: 0.0000486 seconds
2016-10-23T22:32:06.879+0800: 1945.902: Total time for which application threads were stopped: 0.0000930 seconds, Stopping threads took: 0.0000460 seconds
2016-10-23T22:32:06.880+0800: 1945.903: [CMS-concurrent-abortable-preclean: 0.302/0.357 secs] [Times: user=1.35 sys=0.02, real=0.36 secs] 
2016-10-23T22:32:06.880+0800: 1945.903: [GC (CMS Final Remark) [YG occupancy: 99488 K (109248 K)]{Heap before GC invocations=107 (full 3):
 par new generation   total 109248K, used 99488K [0x00000007a0000000, 0x00000007a8000000, 0x00000007a8000000)
  eden space 87424K,  88% used [0x00000007a0000000, 0x00000007a4bd83f0, 0x00000007a5560000)
  from space 21824K, 100% used [0x00000007a6ab0000, 0x00000007a8000000, 0x00000007a8000000)
  to   space 21824K,   0% used [0x00000007a5560000, 0x00000007a5560000, 0x00000007a6ab0000)
 concurrent mark-sweep generation total 393216K, used 209740K [0x00000007a8000000, 0x00000007c0000000, 0x00000007c0000000)
 Metaspace       used 39780K, capacity 40536K, committed 40692K, reserved 1085440K
  class space    used 4558K, capacity 4791K, committed 4860K, reserved 1048576K
2016-10-23T22:32:06.880+0800: 1945.903: [GC (CMS Final Remark) 2016-10-23T22:32:06.880+0800: 1945.903: [ParNew
Desired survivor size 20112992 bytes, new threshold 8 (max 8)
- age   1:    1918512 bytes,    1918512 total
- age   2:    2448016 bytes,    4366528 total
- age   3:    5175144 bytes,    9541672 total
- age   4:    2997728 bytes,   12539400 total
- age   5:    1754536 bytes,   14293936 total
- age   6:    1652456 bytes,   15946392 total
- age   7:     969048 bytes,   16915440 total
: 99488K->21824K(109248K), 0.0095505 secs] 309229K->233568K(502464K), 0.0095932 secs] [Times: user=0.05 sys=0.00, real=0.01 secs] 
Heap after GC invocations=108 (full 3):
 par new generation   total 109248K, used 21824K [0x00000007a0000000, 0x00000007a8000000, 0x00000007a8000000)
  eden space 87424K,   0% used [0x00000007a0000000, 0x00000007a0000000, 0x00000007a5560000)
  from space 21824K, 100% used [0x00000007a5560000, 0x00000007a6ab0000, 0x00000007a6ab0000)
  to   space 21824K,   0% used [0x00000007a6ab0000, 0x00000007a6ab0000, 0x00000007a8000000)
 concurrent mark-sweep generation total 393216K, used 211744K [0x00000007a8000000, 0x00000007c0000000, 0x00000007c0000000)
 Metaspace       used 39780K, capacity 40536K, committed 40692K, reserved 1085440K
  class space    used 4558K, capacity 4791K, committed 4860K, reserved 1048576K
}
2016-10-23T22:32:06.890+0800: 1945.913: [Rescan (parallel) , 0.0040839 secs]2016-10-23T22:32:06.894+0800: 1945.917: [weak refs processing, 0.0007379 secs]2016-10-23T22:32:06.895+0800: 1945.918: [class unloading, 0.0129239 secs]2016-10-23T22:32:06.908+0800: 1945.930: [scrub symbol table, 0.0065589 secs]2016-10-23T22:32:06.914+0800: 1945.937: [scrub string table, 0.0005986 secs][1 CMS-remark: 211744K(393216K)] 233568K(502464K), 0.0356905 secs] [Times: user=0.11 sys=0.01, real=0.03 secs] 
2016-10-23T22:32:06.916+0800: 1945.939: Total time for which application threads were stopped: 0.0358807 seconds, Stopping threads took: 0.0000959 seconds
2016-10-23T22:32:06.916+0800: 1945.939: [CMS-concurrent-sweep-start]
2016-10-23T22:32:06.917+0800: 1945.940: Total time for which application threads were stopped: 0.0001770 seconds, Stopping threads took: 0.0000664 seconds
2016-10-23T22:32:06.943+0800: 1945.966: Total time for which application threads were stopped: 0.0001941 seconds, Stopping threads took: 0.0000728 seconds
2016-10-23T22:32:07.053+0800: 1946.076: [CMS-concurrent-sweep: 0.137/0.137 secs] [Times: user=0.73 sys=0.00, real=0.14 secs] 
2016-10-23T22:32:07.053+0800: 1946.076: [CMS-concurrent-reset-start]
2016-10-23T22:32:07.054+0800: 1946.077: [CMS-concurrent-reset: 0.000/0.000 secs] [Times: user=0.00 sys=0.00, real=0.00 secs] 
{Heap before GC invocations=108 (full 3):
 par new generation   total 109248K, used 109248K [0x00000007a0000000, 0x00000007a8000000, 0x00000007a8000000)
  eden space 87424K, 100% used [0x00000007a0000000, 0x00000007a5560000, 0x00000007a5560000)
  from space 21824K, 100% used [0x00000007a5560000, 0x00000007a6ab0000, 0x00000007a6ab0000)
  to   space 21824K,   0% used [0x00000007a6ab0000, 0x00000007a6ab0000, 0x00000007a8000000)
 concurrent mark-sweep generation total 393216K, used 44788K [0x00000007a8000000, 0x00000007c0000000, 0x00000007c0000000)
 Metaspace       used 39759K, capacity 40386K, committed 40692K, reserved 1085440K
  class space    used 4550K, capacity 4754K, committed 4860K, reserved 1048576K
2016-10-23T22:32:07.092+0800: 1946.115: [GC (Allocation Failure) 2016-10-23T22:32:07.092+0800: 1946.115: [ParNew
Desired survivor size 20112992 bytes, new threshold 8 (max 8)
- age   1:    5084936 bytes,    5084936 total
- age   2:    1253400 bytes,    6338336 total
- age   3:    2193224 bytes,    8531560 total
- age   4:    5174912 bytes,   13706472 total
- age   5:    2997680 bytes,   16704152 total
- age   6:    1754488 bytes,   18458640 total
- age   7:    1652408 bytes,   20111048 total
- age   8:     879184 bytes,   20990232 total
: 109248K->21824K(109248K), 0.0109324 secs] 154036K->67422K(502464K), 0.0109904 secs] [Times: user=0.04 sys=0.01, real=0.01 secs] 
Heap after GC invocations=109 (full 3):
 par new generation   total 109248K, used 21824K [0x00000007a0000000, 0x00000007a8000000, 0x00000007a8000000)
  eden space 87424K,   0% used [0x00000007a0000000, 0x00000007a0000000, 0x00000007a5560000)
  from space 21824K, 100% used [0x00000007a6ab0000, 0x00000007a8000000, 0x00000007a8000000)
  to   space 21824K,   0% used [0x00000007a5560000, 0x00000007a5560000, 0x00000007a6ab0000)
 concurrent mark-sweep generation total 393216K, used 45598K [0x00000007a8000000, 0x00000007c0000000, 0x00000007c0000000)
 Metaspace       used 39759K, capacity 40386K, committed 40692K, reserved 1085440K
  class space    used 4550K, capacity 4754K, committed 4860K, reserved 1048576K
}
2016-10-23T22:32:07.103+0800: 1946.126: Total time for which application threads were stopped: 0.0113342 seconds, Stopping threads took: 0.0000826 seconds
{Heap before GC invocations=109 (full 3):
 par new generation   total 109248K, used 109248K [0x00000007a0000000, 0x00000007a8000000, 0x00000007a8000000)
  eden space 87424K, 100% used [0x00000007a0000000, 0x00000007a5560000, 0x00000007a5560000)
  from space 21824K, 100% used [0x00000007a6ab0000, 0x00000007a8000000, 0x00000007a8000000)
  to   space 21824K,   0% used [0x00000007a5560000, 0x00000007a5560000, 0x00000007a6ab0000)
 concurrent mark-sweep generation total 393216K, used 45598K [0x00000007a8000000, 0x00000007c0000000, 0x00000007c0000000)
 Metaspace       used 39759K, capacity 40386K, committed 40692K, reserved 1085440K
  class space    used 4550K, capacity 4754K, committed 4860K, reserved 1048576K
2016-10-23T22:32:07.239+0800: 1946.261: [GC (Allocation Failure) 2016-10-23T22:32:07.239+0800: 1946.262: [ParNew
Desired survivor size 20112992 bytes, new threshold 8 (max 8)
- age   1:    5876864 bytes,    5876864 total
- age   2:    3296696 bytes,    9173560 total
- age   3:    1023456 bytes,   10197016 total
- age   4:    2025008 bytes,   12222024 total
- age   5:    4017648 bytes,   16239672 total
- age   6:    2426944 bytes,   18666616 total
- age   7:    1436264 bytes,   20102880 total
- age   8:    1442600 bytes,   21545480 total
: 109248K->21824K(109248K), 0.0140116 secs] 154846K->72044K(502464K), 0.0140901 secs] [Times: user=0.06 sys=0.00, real=0.02 secs] 
Heap after GC invocations=110 (full 3):
 par new generation   total 109248K, used 21824K [0x00000007a0000000, 0x00000007a8000000, 0x00000007a8000000)
  eden space 87424K,   0% used [0x00000007a0000000, 0x00000007a0000000, 0x00000007a5560000)
  from space 21824K, 100% used [0x00000007a5560000, 0x00000007a6ab0000, 0x00000007a6ab0000)
  to   space 21824K,   0% used [0x00000007a6ab0000, 0x00000007a6ab0000, 0x00000007a8000000)
 concurrent mark-sweep generation total 393216K, used 50220K [0x00000007a8000000, 0x00000007c0000000, 0x00000007c0000000)
 Metaspace       used 39759K, capacity 40386K, committed 40692K, reserved 1085440K
  class space    used 4550K, capacity 4754K, committed 4860K, reserved 1048576K
}
2016-10-23T22:32:07.253+0800: 1946.276: Total time for which application threads were stopped: 0.0143556 seconds, Stopping threads took: 0.0000902 seconds
{Heap before GC invocations=110 (full 3):
 par new generation   total 109248K, used 109248K [0x00000007a0000000, 0x00000007a8000000, 0x00000007a8000000)
  eden space 87424K, 100% used [0x00000007a0000000, 0x00000007a5560000, 0x00000007a5560000)
  from space 21824K, 100% used [0x00000007a5560000, 0x00000007a6ab0000, 0x00000007a6ab0000)
  to   space 21824K,   0% used [0x00000007a6ab0000, 0x00000007a6ab0000, 0x00000007a8000000)
 concurrent mark-sweep generation total 393216K, used 50220K [0x00000007a8000000, 0x00000007c0000000, 0x00000007c0000000)
 Metaspace       used 39759K, capacity 40386K, committed 40692K, reserved 1085440K
  class space    used 4550K, capacity 4754K, committed 4860K, reserved 1048576K
2016-10-23T22:32:07.392+0800: 1946.415: [GC (Allocation Failure) 2016-10-23T22:32:07.392+0800: 1946.415: [ParNew
Desired survivor size 20112992 bytes, new threshold 8 (max 8)
- age   1:    5519232 bytes,    5519232 total
- age   2:    2858888 bytes,    8378120 total
- age   3:    2428120 bytes,   10806240 total
- age   4:     919592 bytes,   11725832 total
- age   5:    1570376 bytes,   13296208 total
- age   6:    3841960 bytes,   17138168 total
- age   7:    2277600 bytes,   19415768 total
- age   8:    1348432 bytes,   20764200 total
: 109248K->21824K(109248K), 0.0145792 secs] 159468K->78047K(502464K), 0.0146413 secs] [Times: user=0.06 sys=0.00, real=0.01 secs] 
Heap after GC invocations=111 (full 3):
 par new generation   total 109248K, used 21824K [0x00000007a0000000, 0x00000007a8000000, 0x00000007a8000000)
  eden space 87424K,   0% used [0x00000007a0000000, 0x00000007a0000000, 0x00000007a5560000)
  from space 21824K, 100% used [0x00000007a6ab0000, 0x00000007a8000000, 0x00000007a8000000)
  to   space 21824K,   0% used [0x00000007a5560000, 0x00000007a5560000, 0x00000007a6ab0000)
 concurrent mark-sweep generation total 393216K, used 56223K [0x00000007a8000000, 0x00000007c0000000, 0x00000007c0000000)
 Metaspace       used 39759K, capacity 40386K, committed 40692K, reserved 1085440K
  class space    used 4550K, capacity 4754K, committed 4860K, reserved 1048576K
}
2016-10-23T22:32:07.407+0800: 1946.429: Total time for which application threads were stopped: 0.0148804 seconds, Stopping threads took: 0.0000748 seconds
{Heap before GC invocations=111 (full 3):
 par new generation   total 109248K, used 109248K [0x00000007a0000000, 0x00000007a8000000, 0x00000007a8000000)
  eden space 87424K, 100% used [0x00000007a0000000, 0x00000007a5560000, 0x00000007a5560000)
  from space 21824K, 100% used [0x00000007a6ab0000, 0x00000007a8000000, 0x00000007a8000000)
  to   space 21824K,   0% used [0x00000007a5560000, 0x00000007a5560000, 0x00000007a6ab0000)
 concurrent mark-sweep generation total 393216K, used 56223K [0x00000007a8000000, 0x00000007c0000000, 0x00000007c0000000)
 Metaspace       used 39759K, capacity 40386K, committed 40692K, reserved 1085440K
  class space    used 4550K, capacity 4754K, committed 4860K, reserved 1048576K
2016-10-23T22:32:07.545+0800: 1946.568: [GC (Allocation Failure) 2016-10-23T22:32:07.545+0800: 1946.568: [ParNew
Desired survivor size 20112992 bytes, new threshold 8 (max 8)
- age   1:    6227544 bytes,    6227544 total
- age   2:    3556896 bytes,    9784440 total
- age   3:    2054736 bytes,   11839176 total
- age   4:    1930184 bytes,   13769360 total
- age   5:     753032 bytes,   14522392 total
- age   6:    1301760 bytes,   15824152 total
- age   7:    3244736 bytes,   19068888 total
- age   8:    1406048 bytes,   20474936 total
: 109248K->21824K(109248K), 0.0132789 secs] 165471K->83957K(502464K), 0.0133719 secs] [Times: user=0.05 sys=0.00, real=0.01 secs] 
Heap after GC invocations=112 (full 3):
 par new generation   total 109248K, used 21824K [0x00000007a0000000, 0x00000007a8000000, 0x00000007a8000000)
  eden space 87424K,   0% used [0x00000007a0000000, 0x00000007a0000000, 0x00000007a5560000)
  from space 21824K, 100% used [0x00000007a5560000, 0x00000007a6ab0000, 0x00000007a6ab0000)
  to   space 21824K,   0% used [0x00000007a6ab0000, 0x00000007a6ab0000, 0x00000007a8000000)
 concurrent mark-sweep generation total 393216K, used 62133K [0x00000007a8000000, 0x00000007c0000000, 0x00000007c0000000)
 Metaspace       used 39759K, capacity 40386K, committed 40692K, reserved 1085440K
  class space    used 4550K, capacity 4754K, committed 4860K, reserved 1048576K
}
2016-10-23T22:32:07.559+0800: 1946.581: Total time for which application threads were stopped: 0.0136050 seconds, Stopping threads took: 0.0000387 seconds
2016-10-23T22:32:07.671+0800: 1946.694: Total time for which application threads were stopped: 0.0001917 seconds, Stopping threads took: 0.0000735 seconds
2016-10-23T22:32:07.672+0800: 1946.695: Total time for which application threads were stopped: 0.0001968 seconds, Stopping threads took: 0.0000697 seconds
{Heap before GC invocations=112 (full 3):
 par new generation   total 109248K, used 109248K [0x00000007a0000000, 0x00000007a8000000, 0x00000007a8000000)
  eden space 87424K, 100% used [0x00000007a0000000, 0x00000007a5560000, 0x00000007a5560000)
  from space 21824K, 100% used [0x00000007a5560000, 0x00000007a6ab0000, 0x00000007a6ab0000)
  to   space 21824K,   0% used [0x00000007a6ab0000, 0x00000007a6ab0000, 0x00000007a8000000)
 concurrent mark-sweep generation total 393216K, used 62133K [0x00000007a8000000, 0x00000007c0000000, 0x00000007c0000000)
 Metaspace       used 39759K, capacity 40386K, committed 40692K, reserved 1085440K
  class space    used 4550K, capacity 4754K, committed 4860K, reserved 1048576K
2016-10-23T22:32:07.701+0800: 1946.724: [GC (Allocation Failure) 2016-10-23T22:32:07.701+0800: 1946.724: [ParNew
Desired survivor size 20112992 bytes, new threshold 8 (max 8)
- age   1:    8169568 bytes,    8169568 total
- age   2:    3142416 bytes,   11311984 total
- age   3:    2605712 bytes,   13917696 total
- age   4:    1713648 bytes,   15631344 total
- age   5:    1612784 bytes,   17244128 total
- age   6:     675072 bytes,   17919200 total
- age   7:    1148680 bytes,   19067880 total
- age   8:    3244736 bytes,   22312616 total
: 109248K->21824K(109248K), 0.0150510 secs] 171381K->88455K(502464K), 0.0151136 secs] [Times: user=0.06 sys=0.00, real=0.01 secs] 
Heap after GC invocations=113 (full 3):
 par new generation   total 109248K, used 21824K [0x00000007a0000000, 0x00000007a8000000, 0x00000007a8000000)
  eden space 87424K,   0% used [0x00000007a0000000, 0x00000007a0000000, 0x00000007a5560000)
  from space 21824K, 100% used [0x00000007a6ab0000, 0x00000007a8000000, 0x00000007a8000000)
  to   space 21824K,   0% used [0x00000007a5560000, 0x00000007a5560000, 0x00000007a6ab0000)
 concurrent mark-sweep generation total 393216K, used 66631K [0x00000007a8000000, 0x00000007c0000000, 0x00000007c0000000)
 Metaspace       used 39759K, capacity 40386K, committed 40692K, reserved 1085440K
  class space    used 4550K, capacity 4754K, committed 4860K, reserved 1048576K
}
2016-10-23T22:32:07.716+0800: 1946.739: Total time for which application threads were stopped: 0.0154073 seconds, Stopping threads took: 0.0000975 seconds
{Heap before GC invocations=113 (full 3):
 par new generation   total 109248K, used 109248K [0x00000007a0000000, 0x00000007a8000000, 0x00000007a8000000)
  eden space 87424K, 100% used [0x00000007a0000000, 0x00000007a5560000, 0x00000007a5560000)
  from space 21824K, 100% used [0x00000007a6ab0000, 0x00000007a8000000, 0x00000007a8000000)
  to   space 21824K,   0% used [0x00000007a5560000, 0x00000007a5560000, 0x00000007a6ab0000)
 concurrent mark-sweep generation total 393216K, used 66631K [0x00000007a8000000, 0x00000007c0000000, 0x00000007c0000000)
 Metaspace       used 39759K, capacity 40386K, committed 40692K, reserved 1085440K
  class space    used 4550K, capacity 4754K, committed 4860K, reserved 1048576K
2016-10-23T22:32:07.813+0800: 1946.836: [GC (Allocation Failure) 2016-10-23T22:32:07.814+0800: 1946.836: [ParNew
Desired survivor size 20112992 bytes, new threshold 8 (max 8)
- age   1:    2806760 bytes,    2806760 total
- age   2:    7301376 bytes,   10108136 total
- age   3:    2879664 bytes,   12987800 total
- age   4:    2442848 bytes,   15430648 total
- age   5:    1599904 bytes,   17030552 total
- age   6:    1515000 bytes,   18545552 total
- age   7:     637384 bytes,   19182936 total
- age   8:    1008528 bytes,   20191464 total
: 109248K->21824K(109248K), 0.0135771 secs] 175879K->92399K(502464K), 0.0136500 secs] [Times: user=0.04 sys=0.00, real=0.01 secs] 
Heap after GC invocations=114 (full 3):
 par new generation   total 109248K, used 21824K [0x00000007a0000000, 0x00000007a8000000, 0x00000007a8000000)
  eden space 87424K,   0% used [0x00000007a0000000, 0x00000007a0000000, 0x00000007a5560000)
  from space 21824K, 100% used [0x00000007a5560000, 0x00000007a6ab0000, 0x00000007a6ab0000)
  to   space 21824K,   0% used [0x00000007a6ab0000, 0x00000007a6ab0000, 0x00000007a8000000)
 concurrent mark-sweep generation total 393216K, used 70575K [0x00000007a8000000, 0x00000007c0000000, 0x00000007c0000000)
 Metaspace       used 39759K, capacity 40386K, committed 40692K, reserved 1085440K
  class space    used 4550K, capacity 4754K, committed 4860K, reserved 1048576K
}
2016-10-23T22:32:07.827+0800: 1946.850: Total time for which application threads were stopped: 0.0139771 seconds, Stopping threads took: 0.0000447 seconds
{Heap before GC invocations=114 (full 3):
 par new generation   total 109248K, used 109248K [0x00000007a0000000, 0x00000007a8000000, 0x00000007a8000000)
  eden space 87424K, 100% used [0x00000007a0000000, 0x00000007a5560000, 0x00000007a5560000)
  from space 21824K, 100% used [0x00000007a5560000, 0x00000007a6ab0000, 0x00000007a6ab0000)
  to   space 21824K,   0% used [0x00000007a6ab0000, 0x00000007a6ab0000, 0x00000007a8000000)
 concurrent mark-sweep generation total 393216K, used 70575K [0x00000007a8000000, 0x00000007c0000000, 0x00000007c0000000)
 Metaspace       used 39759K, capacity 40386K, committed 40692K, reserved 1085440K
  class space    used 4550K, capacity 4754K, committed 4860K, reserved 1048576K
2016-10-23T22:32:07.871+0800: 1946.894: [GC (Allocation Failure) 2016-10-23T22:32:07.871+0800: 1946.894: [ParNew
Desired survivor size 20112992 bytes, new threshold 8 (max 8)
- age   1:    1777296 bytes,    1777296 total
- age   2:    2105176 bytes,    3882472 total
- age   3:    7017224 bytes,   10899696 total
- age   4:    2580304 bytes,   13480000 total
- age   5:    2288056 bytes,   15768056 total
- age   6:    1443872 bytes,   17211928 total
- age   7:    1369232 bytes,   18581160 total
- age   8:     574632 bytes,   19155792 total
: 109248K->21824K(109248K), 0.0113042 secs] 179823K->93468K(502464K), 0.0113676 secs] [Times: user=0.04 sys=0.00, real=0.01 secs] 
Heap after GC invocations=115 (full 3):
 par new generation   total 109248K, used 21824K [0x00000007a0000000, 0x00000007a8000000, 0x00000007a8000000)
  eden space 87424K,   0% used [0x00000007a0000000, 0x00000007a0000000, 0x00000007a5560000)
  from space 21824K, 100% used [0x00000007a6ab0000, 0x00000007a8000000, 0x00000007a8000000)
  to   space 21824K,   0% used [0x00000007a5560000, 0x00000007a5560000, 0x00000007a6ab0000)
 concurrent mark-sweep generation total 393216K, used 71644K [0x00000007a8000000, 0x00000007c0000000, 0x00000007c0000000)
 Metaspace       used 39759K, capacity 40386K, committed 40692K, reserved 1085440K
  class space    used 4550K, capacity 4754K, committed 4860K, reserved 1048576K
}
2016-10-23T22:32:07.882+0800: 1946.905: Total time for which application threads were stopped: 0.0116201 seconds, Stopping threads took: 0.0000757 seconds
2016-10-23T22:32:07.912+0800: 1946.935: Total time for which application threads were stopped: 0.0001456 seconds, Stopping threads took: 0.0000283 seconds
2016-10-23T22:32:07.912+0800: 1946.935: Total time for which application threads were stopped: 0.0001585 seconds, Stopping threads took: 0.0000967 seconds
{Heap before GC invocations=115 (full 3):
 par new generation   total 109248K, used 109248K [0x00000007a0000000, 0x00000007a8000000, 0x00000007a8000000)
  eden space 87424K, 100% used [0x00000007a0000000, 0x00000007a5560000, 0x00000007a5560000)
  from space 21824K, 100% used [0x00000007a6ab0000, 0x00000007a8000000, 0x00000007a8000000)
  to   space 21824K,   0% used [0x00000007a5560000, 0x00000007a5560000, 0x00000007a6ab0000)
 concurrent mark-sweep generation total 393216K, used 71644K [0x00000007a8000000, 0x00000007c0000000, 0x00000007c0000000)
 Metaspace       used 39782K, capacity 40386K, committed 40692K, reserved 1085440K
  class space    used 4550K, capacity 4754K, committed 4860K, reserved 1048576K
2016-10-23T22:32:07.990+0800: 1947.013: [GC (Allocation Failure) 2016-10-23T22:32:07.990+0800: 1947.013: [ParNew
Desired survivor size 20112992 bytes, new threshold 8 (max 8)
- age   1:    4325536 bytes,    4325536 total
- age   2:    1020840 bytes,    5346376 total
- age   3:    1715800 bytes,    7062176 total
- age   4:    6866432 bytes,   13928608 total
- age   5:    2460904 bytes,   16389512 total
- age   6:    2205352 bytes,   18594864 total
- age   7:    1430920 bytes,   20025784 total
- age   8:    1326760 bytes,   21352544 total
: 109248K->21824K(109248K), 0.0128380 secs] 180892K->94350K(502464K), 0.0129031 secs] [Times: user=0.05 sys=0.00, real=0.01 secs] 
Heap after GC invocations=116 (full 3):
 par new generation   total 109248K, used 21824K [0x00000007a0000000, 0x00000007a8000000, 0x00000007a8000000)
  eden space 87424K,   0% used [0x00000007a0000000, 0x00000007a0000000, 0x00000007a5560000)
  from space 21824K, 100% used [0x00000007a5560000, 0x00000007a6ab0000, 0x00000007a6ab0000)
  to   space 21824K,   0% used [0x00000007a6ab0000, 0x00000007a6ab0000, 0x00000007a8000000)
 concurrent mark-sweep generation total 393216K, used 72526K [0x00000007a8000000, 0x00000007c0000000, 0x00000007c0000000)
 Metaspace       used 39782K, capacity 40386K, committed 40692K, reserved 1085440K
  class space    used 4550K, capacity 4754K, committed 4860K, reserved 1048576K
}
2016-10-23T22:32:08.003+0800: 1947.026: Total time for which application threads were stopped: 0.0131799 seconds, Stopping threads took: 0.0000830 seconds
{Heap before GC invocations=116 (full 3):
 par new generation   total 109248K, used 109248K [0x00000007a0000000, 0x00000007a8000000, 0x00000007a8000000)
  eden space 87424K, 100% used [0x00000007a0000000, 0x00000007a5560000, 0x00000007a5560000)
  from space 21824K, 100% used [0x00000007a5560000, 0x00000007a6ab0000, 0x00000007a6ab0000)
  to   space 21824K,   0% used [0x00000007a6ab0000, 0x00000007a6ab0000, 0x00000007a8000000)
 concurrent mark-sweep generation total 393216K, used 72526K [0x00000007a8000000, 0x00000007c0000000, 0x00000007c0000000)
 Metaspace       used 39782K, capacity 40386K, committed 40692K, reserved 1085440K
  class space    used 4550K, capacity 4754K, committed 4860K, reserved 1048576K
2016-10-23T22:32:08.042+0800: 1947.065: [GC (Allocation Failure) 2016-10-23T22:32:08.042+0800: 1947.065: [ParNew
Desired survivor size 20112992 bytes, new threshold 8 (max 8)
- age   1:    2602064 bytes,    2602064 total
- age   2:    3316128 bytes,    5918192 total
- age   3:     985112 bytes,    6903304 total
- age   4:    1580160 bytes,    8483464 total
- age   5:    5851056 bytes,   14334520 total
- age   6:    2333640 bytes,   16668160 total
- age   7:    1931992 bytes,   18600152 total
- age   8:    1371320 bytes,   19971472 total
: 109248K->21824K(109248K), 0.0130159 secs] 181774K->97196K(502464K), 0.0130936 secs] [Times: user=0.05 sys=0.00, real=0.01 secs] 
Heap after GC invocations=117 (full 3):
 par new generation   total 109248K, used 21824K [0x00000007a0000000, 0x00000007a8000000, 0x00000007a8000000)
  eden space 87424K,   0% used [0x00000007a0000000, 0x00000007a0000000, 0x00000007a5560000)
  from space 21824K, 100% used [0x00000007a6ab0000, 0x00000007a8000000, 0x00000007a8000000)
  to   space 21824K,   0% used [0x00000007a5560000, 0x00000007a5560000, 0x00000007a6ab0000)
 concurrent mark-sweep generation total 393216K, used 75372K [0x00000007a8000000, 0x00000007c0000000, 0x00000007c0000000)
 Metaspace       used 39782K, capacity 40386K, committed 40692K, reserved 1085440K
  class space    used 4550K, capacity 4754K, committed 4860K, reserved 1048576K
}
2016-10-23T22:32:08.056+0800: 1947.078: Total time for which application threads were stopped: 0.0133669 seconds, Stopping threads took: 0.0000572 seconds
{Heap before GC invocations=117 (full 3):
 par new generation   total 109248K, used 109248K [0x00000007a0000000, 0x00000007a8000000, 0x00000007a8000000)
  eden space 87424K, 100% used [0x00000007a0000000, 0x00000007a5560000, 0x00000007a5560000)
  from space 21824K, 100% used [0x00000007a6ab0000, 0x00000007a8000000, 0x00000007a8000000)
  to   space 21824K,   0% used [0x00000007a5560000, 0x00000007a5560000, 0x00000007a6ab0000)
 concurrent mark-sweep generation total 393216K, used 75372K [0x00000007a8000000, 0x00000007c0000000, 0x00000007c0000000)
 Metaspace       used 39782K, capacity 40386K, committed 40692K, reserved 1085440K
  class space    used 4550K, capacity 4754K, committed 4860K, reserved 1048576K
2016-10-23T22:32:08.097+0800: 1947.120: [GC (Allocation Failure) 2016-10-23T22:32:08.097+0800: 1947.120: [ParNew
Desired survivor size 20112992 bytes, new threshold 8 (max 8)
- age   1:    2442848 bytes,    2442848 total
- age   2:    1294712 bytes,    3737560 total
- age   3:    2680032 bytes,    6417592 total
- age   4:     938424 bytes,    7356016 total
- age   5:    1493200 bytes,    8849216 total
- age   6:    5671328 bytes,   14520544 total
- age   7:    2333616 bytes,   16854160 total
- age   8:    1931992 bytes,   18786152 total
: 109248K->21824K(109248K), 0.0126728 secs] 184620K->100009K(502464K), 0.0127262 secs] [Times: user=0.05 sys=0.00, real=0.02 secs] 
Heap after GC invocations=118 (full 3):
 par new generation   total 109248K, used 21824K [0x00000007a0000000, 0x00000007a8000000, 0x00000007a8000000)
  eden space 87424K,   0% used [0x00000007a0000000, 0x00000007a0000000, 0x00000007a5560000)
  from space 21824K, 100% used [0x00000007a5560000, 0x00000007a6ab0000, 0x00000007a6ab0000)
  to   space 21824K,   0% used [0x00000007a6ab0000, 0x00000007a6ab0000, 0x00000007a8000000)
 concurrent mark-sweep generation total 393216K, used 78185K [0x00000007a8000000, 0x00000007c0000000, 0x00000007c0000000)
 Metaspace       used 39782K, capacity 40386K, committed 40692K, reserved 1085440K
  class space    used 4550K, capacity 4754K, committed 4860K, reserved 1048576K
}
2016-10-23T22:32:08.110+0800: 1947.133: Total time for which application threads were stopped: 0.0130163 seconds, Stopping threads took: 0.0001028 seconds
{Heap before GC invocations=118 (full 3):
 par new generation   total 109248K, used 109248K [0x00000007a0000000, 0x00000007a8000000, 0x00000007a8000000)
  eden space 87424K, 100% used [0x00000007a0000000, 0x00000007a5560000, 0x00000007a5560000)
  from space 21824K, 100% used [0x00000007a5560000, 0x00000007a6ab0000, 0x00000007a6ab0000)
  to   space 21824K,   0% used [0x00000007a6ab0000, 0x00000007a6ab0000, 0x00000007a8000000)
 concurrent mark-sweep generation total 393216K, used 78185K [0x00000007a8000000, 0x00000007c0000000, 0x00000007c0000000)
 Metaspace       used 39782K, capacity 40386K, committed 40692K, reserved 1085440K
  class space    used 4550K, capacity 4754K, committed 4860K, reserved 1048576K
2016-10-23T22:32:08.199+0800: 1947.222: [GC (Allocation Failure) 2016-10-23T22:32:08.199+0800: 1947.222: [ParNew
Desired survivor size 20112992 bytes, new threshold 8 (max 8)
- age   1:    3533744 bytes,    3533744 total
- age   2:    1534792 bytes,    5068536 total
- age   3:    1048216 bytes,    6116752 total
- age   4:    2445152 bytes,    8561904 total
- age   5:     847920 bytes,    9409824 total
- age   6:    1439456 bytes,   10849280 total
- age   7:    5254200 bytes,   16103480 total
- age   8:    2333392 bytes,   18436872 total
: 109248K->21824K(109248K), 0.0115146 secs] 187433K->103760K(502464K), 0.0115881 secs] [Times: user=0.05 sys=0.00, real=0.02 secs] 
Heap after GC invocations=119 (full 3):
 par new generation   total 109248K, used 21824K [0x00000007a0000000, 0x00000007a8000000, 0x00000007a8000000)
  eden space 87424K,   0% used [0x00000007a0000000, 0x00000007a0000000, 0x00000007a5560000)
  from space 21824K, 100% used [0x00000007a6ab0000, 0x00000007a8000000, 0x00000007a8000000)
  to   space 21824K,   0% used [0x00000007a5560000, 0x00000007a5560000, 0x00000007a6ab0000)
 concurrent mark-sweep generation total 393216K, used 81936K [0x00000007a8000000, 0x00000007c0000000, 0x00000007c0000000)
 Metaspace       used 39782K, capacity 40386K, committed 40692K, reserved 1085440K
  class space    used 4550K, capacity 4754K, committed 4860K, reserved 1048576K
}
2016-10-23T22:32:08.210+0800: 1947.233: Total time for which application threads were stopped: 0.0119050 seconds, Stopping threads took: 0.0000931 seconds
{Heap before GC invocations=119 (full 3):
 par new generation   total 109248K, used 109248K [0x00000007a0000000, 0x00000007a8000000, 0x00000007a8000000)
  eden space 87424K, 100% used [0x00000007a0000000, 0x00000007a5560000, 0x00000007a5560000)
  from space 21824K, 100% used [0x00000007a6ab0000, 0x00000007a8000000, 0x00000007a8000000)
  to   space 21824K,   0% used [0x00000007a5560000, 0x00000007a5560000, 0x00000007a6ab0000)
 concurrent mark-sweep generation total 393216K, used 81936K [0x00000007a8000000, 0x00000007c0000000, 0x00000007c0000000)
 Metaspace       used 39782K, capacity 40386K, committed 40692K, reserved 1085440K
  class space    used 4550K, capacity 4754K, committed 4860K, reserved 1048576K
2016-10-23T22:32:08.262+0800: 1947.285: [GC (Allocation Failure) 2016-10-23T22:32:08.262+0800: 1947.285: [ParNew
Desired survivor size 20112992 bytes, new threshold 8 (max 8)
- age   1:    3246840 bytes,    3246840 total
- age   2:    2256952 bytes,    5503792 total
- age   3:    1491248 bytes,    6995040 total
- age   4:    1006656 bytes,    8001696 total
- age   5:    2365784 bytes,   10367480 total
- age   6:     813192 bytes,   11180672 total
- age   7:    1396256 bytes,   12576928 total
- age   8:    5212416 bytes,   17789344 total
: 109248K->21824K(109248K), 0.0111877 secs] 191184K->106644K(502464K), 0.0112538 secs] [Times: user=0.05 sys=0.00, real=0.01 secs] 
Heap after GC invocations=120 (full 3):
 par new generation   total 109248K, used 21824K [0x00000007a0000000, 0x00000007a8000000, 0x00000007a8000000)
  eden space 87424K,   0% used [0x00000007a0000000, 0x00000007a0000000, 0x00000007a5560000)
  from space 21824K, 100% used [0x00000007a5560000, 0x00000007a6ab0000, 0x00000007a6ab0000)
  to   space 21824K,   0% used [0x00000007a6ab0000, 0x00000007a6ab0000, 0x00000007a8000000)
 concurrent mark-sweep generation total 393216K, used 84820K [0x00000007a8000000, 0x00000007c0000000, 0x00000007c0000000)
 Metaspace       used 39782K, capacity 40386K, committed 40692K, reserved 1085440K
  class space    used 4550K, capacity 4754K, committed 4860K, reserved 1048576K
}
2016-10-23T22:32:08.273+0800: 1947.296: Total time for which application threads were stopped: 0.0115568 seconds, Stopping threads took: 0.0000922 seconds
{Heap before GC invocations=120 (full 3):
 par new generation   total 109248K, used 109248K [0x00000007a0000000, 0x00000007a8000000, 0x00000007a8000000)
  eden space 87424K, 100% used [0x00000007a0000000, 0x00000007a5560000, 0x00000007a5560000)
  from space 21824K, 100% used [0x00000007a5560000, 0x00000007a6ab0000, 0x00000007a6ab0000)
  to   space 21824K,   0% used [0x00000007a6ab0000, 0x00000007a6ab0000, 0x00000007a8000000)
 concurrent mark-sweep generation total 393216K, used 84820K [0x00000007a8000000, 0x00000007c0000000, 0x00000007c0000000)
 Metaspace       used 39782K, capacity 40386K, committed 40692K, reserved 1085440K
  class space    used 4550K, capacity 4754K, committed 4860K, reserved 1048576K
2016-10-23T22:32:08.332+0800: 1947.355: [GC (Allocation Failure) 2016-10-23T22:32:08.332+0800: 1947.355: [ParNew
Desired survivor size 20112992 bytes, new threshold 8 (max 8)
- age   1:    4383136 bytes,    4383136 total
- age   2:    1483472 bytes,    5866608 total
- age   3:    2185416 bytes,    8052024 total
- age   4:    1425672 bytes,    9477696 total
- age   5:    1006584 bytes,   10484280 total
- age   6:    2365712 bytes,   12849992 total
- age   7:     780408 bytes,   13630400 total
- age   8:    1396232 bytes,   15026632 total
: 109248K->17572K(109248K), 0.0114271 secs] 194068K->107514K(502464K), 0.0114937 secs] [Times: user=0.05 sys=0.00, real=0.01 secs] 
Heap after GC invocations=121 (full 3):
 par new generation   total 109248K, used 17572K [0x00000007a0000000, 0x00000007a8000000, 0x00000007a8000000)
  eden space 87424K,   0% used [0x00000007a0000000, 0x00000007a0000000, 0x00000007a5560000)
  from space 21824K,  80% used [0x00000007a6ab0000, 0x00000007a7bd90a0, 0x00000007a8000000)
  to   space 21824K,   0% used [0x00000007a5560000, 0x00000007a5560000, 0x00000007a6ab0000)
 concurrent mark-sweep generation total 393216K, used 89941K [0x00000007a8000000, 0x00000007c0000000, 0x00000007c0000000)
 Metaspace       used 39782K, capacity 40386K, committed 40692K, reserved 1085440K
  class space    used 4550K, capacity 4754K, committed 4860K, reserved 1048576K
}
2016-10-23T22:32:08.344+0800: 1947.367: Total time for which application threads were stopped: 0.0117505 seconds, Stopping threads took: 0.0000781 seconds
{Heap before GC invocations=121 (full 3):
 par new generation   total 109248K, used 104996K [0x00000007a0000000, 0x00000007a8000000, 0x00000007a8000000)
  eden space 87424K, 100% used [0x00000007a0000000, 0x00000007a5560000, 0x00000007a5560000)
  from space 21824K,  80% used [0x00000007a6ab0000, 0x00000007a7bd90a0, 0x00000007a8000000)
  to   space 21824K,   0% used [0x00000007a5560000, 0x00000007a5560000, 0x00000007a6ab0000)
 concurrent mark-sweep generation total 393216K, used 89941K [0x00000007a8000000, 0x00000007c0000000, 0x00000007c0000000)
 Metaspace       used 39782K, capacity 40386K, committed 40692K, reserved 1085440K
  class space    used 4550K, capacity 4754K, committed 4860K, reserved 1048576K
2016-10-23T22:32:08.455+0800: 1947.478: [GC (Allocation Failure) 2016-10-23T22:32:08.455+0800: 1947.478: [ParNew
Desired survivor size 20112992 bytes, new threshold 8 (max 8)
- age   1:    7486160 bytes,    7486160 total
- age   2:    2091128 bytes,    9577288 total
- age   3:    1334464 bytes,   10911752 total
- age   4:    2172616 bytes,   13084368 total
- age   5:     991592 bytes,   14075960 total
- age   6:     877320 bytes,   14953280 total
- age   7:    2369712 bytes,   17322992 total
- age   8:     781800 bytes,   18104792 total
: 104996K->21824K(109248K), 0.0129680 secs] 194938K->113166K(502464K), 0.0130334 secs] [Times: user=0.04 sys=0.00, real=0.01 secs] 
Heap after GC invocations=122 (full 3):
 par new generation   total 109248K, used 21824K [0x00000007a0000000, 0x00000007a8000000, 0x00000007a8000000)
  eden space 87424K,   0% used [0x00000007a0000000, 0x00000007a0000000, 0x00000007a5560000)
  from space 21824K, 100% used [0x00000007a5560000, 0x00000007a6ab0000, 0x00000007a6ab0000)
  to   space 21824K,   0% used [0x00000007a6ab0000, 0x00000007a6ab0000, 0x00000007a8000000)
 concurrent mark-sweep generation total 393216K, used 91342K [0x00000007a8000000, 0x00000007c0000000, 0x00000007c0000000)
 Metaspace       used 39782K, capacity 40386K, committed 40692K, reserved 1085440K
  class space    used 4550K, capacity 4754K, committed 4860K, reserved 1048576K
}
2016-10-23T22:32:08.468+0800: 1947.491: Total time for which application threads were stopped: 0.0132915 seconds, Stopping threads took: 0.0000601 seconds
{Heap before GC invocations=122 (full 3):
 par new generation   total 109248K, used 109248K [0x00000007a0000000, 0x00000007a8000000, 0x00000007a8000000)
  eden space 87424K, 100% used [0x00000007a0000000, 0x00000007a5560000, 0x00000007a5560000)
  from space 21824K, 100% used [0x00000007a5560000, 0x00000007a6ab0000, 0x00000007a6ab0000)
  to   space 21824K,   0% used [0x00000007a6ab0000, 0x00000007a6ab0000, 0x00000007a8000000)
 concurrent mark-sweep generation total 393216K, used 91342K [0x00000007a8000000, 0x00000007c0000000, 0x00000007c0000000)
 Metaspace       used 39790K, capacity 40386K, committed 40692K, reserved 1085440K
  class space    used 4550K, capacity 4754K, committed 4860K, reserved 1048576K
2016-10-23T22:32:08.578+0800: 1947.601: [GC (Allocation Failure) 2016-10-23T22:32:08.578+0800: 1947.601: [ParNew
Desired survivor size 20112992 bytes, new threshold 8 (max 8)
- age   1:    5420760 bytes,    5420760 total
- age   2:    4564336 bytes,    9985096 total
- age   3:    1976840 bytes,   11961936 total
- age   4:    1253096 bytes,   13215032 total
- age   5:    2056352 bytes,   15271384 total
- age   6:     944752 bytes,   16216136 total
- age   7:     837472 bytes,   17053608 total
- age   8:    2235864 bytes,   19289472 total
: 109248K->21824K(109248K), 0.0135575 secs] 200590K->114806K(502464K), 0.0136669 secs] [Times: user=0.05 sys=0.00, real=0.02 secs] 
Heap after GC invocations=123 (full 3):
 par new generation   total 109248K, used 21824K [0x00000007a0000000, 0x00000007a8000000, 0x00000007a8000000)
  eden space 87424K,   0% used [0x00000007a0000000, 0x00000007a0000000, 0x00000007a5560000)
  from space 21824K, 100% used [0x00000007a6ab0000, 0x00000007a8000000, 0x00000007a8000000)
  to   space 21824K,   0% used [0x00000007a5560000, 0x00000007a5560000, 0x00000007a6ab0000)
 concurrent mark-sweep generation total 393216K, used 92982K [0x00000007a8000000, 0x00000007c0000000, 0x00000007c0000000)
 Metaspace       used 39790K, capacity 40386K, committed 40692K, reserved 1085440K
  class space    used 4550K, capacity 4754K, committed 4860K, reserved 1048576K
}
2016-10-23T22:32:08.592+0800: 1947.615: Total time for which application threads were stopped: 0.0141317 seconds, Stopping threads took: 0.0000718 seconds
2016-10-23T22:32:08.674+0800: 1947.697: Total time for which application threads were stopped: 0.0003479 seconds, Stopping threads took: 0.0001140 seconds
2016-10-23T22:32:08.675+0800: 1947.698: Total time for which application threads were stopped: 0.0002001 seconds, Stopping threads took: 0.0000809 seconds
{Heap before GC invocations=123 (full 3):
 par new generation   total 109248K, used 109248K [0x00000007a0000000, 0x00000007a8000000, 0x00000007a8000000)
  eden space 87424K, 100% used [0x00000007a0000000, 0x00000007a5560000, 0x00000007a5560000)
  from space 21824K, 100% used [0x00000007a6ab0000, 0x00000007a8000000, 0x00000007a8000000)
  to   space 21824K,   0% used [0x00000007a5560000, 0x00000007a5560000, 0x00000007a6ab0000)
 concurrent mark-sweep generation total 393216K, used 92982K [0x00000007a8000000, 0x00000007c0000000, 0x00000007c0000000)
 Metaspace       used 39792K, capacity 40386K, committed 40692K, reserved 1085440K
  class space    used 4550K, capacity 4754K, committed 4860K, reserved 1048576K
2016-10-23T22:32:08.707+0800: 1947.730: [GC (Allocation Failure) 2016-10-23T22:32:08.707+0800: 1947.730: [ParNew
Desired survivor size 20112992 bytes, new threshold 8 (max 8)
- age   1:    6976048 bytes,    6976048 total
- age   2:    2892064 bytes,    9868112 total
- age   3:    4353024 bytes,   14221136 total
- age   4:    1631160 bytes,   15852296 total
- age   5:    1173936 bytes,   17026232 total
- age   6:    1926784 bytes,   18953016 total
- age   7:     900384 bytes,   19853400 total
- age   8:     793696 bytes,   20647096 total
: 109248K->21824K(109248K), 0.0123431 secs] 202230K->117932K(502464K), 0.0124055 secs] [Times: user=0.04 sys=0.01, real=0.01 secs] 
Heap after GC invocations=124 (full 3):
 par new generation   total 109248K, used 21824K [0x00000007a0000000, 0x00000007a8000000, 0x00000007a8000000)
  eden space 87424K,   0% used [0x00000007a0000000, 0x00000007a0000000, 0x00000007a5560000)
  from space 21824K, 100% used [0x00000007a5560000, 0x00000007a6ab0000, 0x00000007a6ab0000)
  to   space 21824K,   0% used [0x00000007a6ab0000, 0x00000007a6ab0000, 0x00000007a8000000)
 concurrent mark-sweep generation total 393216K, used 96108K [0x00000007a8000000, 0x00000007c0000000, 0x00000007c0000000)
 Metaspace       used 39792K, capacity 40386K, committed 40692K, reserved 1085440K
  class space    used 4550K, capacity 4754K, committed 4860K, reserved 1048576K
}
2016-10-23T22:32:08.719+0800: 1947.742: Total time for which application threads were stopped: 0.0127492 seconds, Stopping threads took: 0.0000860 seconds
2016-10-23T22:32:08.761+0800: 1947.783: Total time for which application threads were stopped: 0.0001858 seconds, Stopping threads took: 0.0000710 seconds
{Heap before GC invocations=124 (full 3):
 par new generation   total 109248K, used 109248K [0x00000007a0000000, 0x00000007a8000000, 0x00000007a8000000)
  eden space 87424K, 100% used [0x00000007a0000000, 0x00000007a5560000, 0x00000007a5560000)
  from space 21824K, 100% used [0x00000007a5560000, 0x00000007a6ab0000, 0x00000007a6ab0000)
  to   space 21824K,   0% used [0x00000007a6ab0000, 0x00000007a6ab0000, 0x00000007a8000000)
 concurrent mark-sweep generation total 393216K, used 96108K [0x00000007a8000000, 0x00000007c0000000, 0x00000007c0000000)
 Metaspace       used 39793K, capacity 40386K, committed 40692K, reserved 1085440K
  class space    used 4550K, capacity 4754K, committed 4860K, reserved 1048576K
2016-10-23T22:32:08.819+0800: 1947.842: [GC (Allocation Failure) 2016-10-23T22:32:08.819+0800: 1947.842: [ParNew
Desired survivor size 20112992 bytes, new threshold 8 (max 8)
- age   1:    1953504 bytes,    1953504 total
- age   2:    5970488 bytes,    7923992 total
- age   3:    2434256 bytes,   10358248 total
- age   4:    3856520 bytes,   14214768 total
- age   5:    1463800 bytes,   15678568 total
- age   6:    1030704 bytes,   16709272 total
- age   7:    1687552 bytes,   18396824 total
- age   8:     755576 bytes,   19152400 total
: 109248K->21824K(109248K), 0.0144890 secs] 205356K->120434K(502464K), 0.0145395 secs] [Times: user=0.05 sys=0.00, real=0.02 secs] 
Heap after GC invocations=125 (full 3):
 par new generation   total 109248K, used 21824K [0x00000007a0000000, 0x00000007a8000000, 0x00000007a8000000)
  eden space 87424K,   0% used [0x00000007a0000000, 0x00000007a0000000, 0x00000007a5560000)
  from space 21824K, 100% used [0x00000007a6ab0000, 0x00000007a8000000, 0x00000007a8000000)
  to   space 21824K,   0% used [0x00000007a5560000, 0x00000007a5560000, 0x00000007a6ab0000)
 concurrent mark-sweep generation total 393216K, used 98610K [0x00000007a8000000, 0x00000007c0000000, 0x00000007c0000000)
 Metaspace       used 39793K, capacity 40386K, committed 40692K, reserved 1085440K
  class space    used 4550K, capacity 4754K, committed 4860K, reserved 1048576K
}
2016-10-23T22:32:08.833+0800: 1947.856: Total time for which application threads were stopped: 0.0148188 seconds, Stopping threads took: 0.0000691 seconds
{Heap before GC invocations=125 (full 3):
 par new generation   total 109248K, used 109248K [0x00000007a0000000, 0x00000007a8000000, 0x00000007a8000000)
  eden space 87424K, 100% used [0x00000007a0000000, 0x00000007a5560000, 0x00000007a5560000)
  from space 21824K, 100% used [0x00000007a6ab0000, 0x00000007a8000000, 0x00000007a8000000)
  to   space 21824K,   0% used [0x00000007a5560000, 0x00000007a5560000, 0x00000007a6ab0000)
 concurrent mark-sweep generation total 393216K, used 98610K [0x00000007a8000000, 0x00000007c0000000, 0x00000007c0000000)
 Metaspace       used 39793K, capacity 40386K, committed 40692K, reserved 1085440K
  class space    used 4550K, capacity 4754K, committed 4860K, reserved 1048576K
2016-10-23T22:32:08.876+0800: 1947.899: [GC (Allocation Failure) 2016-10-23T22:32:08.877+0800: 1947.899: [ParNew
Desired survivor size 20112992 bytes, new threshold 8 (max 8)
- age   1:    1832936 bytes,    1832936 total
- age   2:    1527888 bytes,    3360824 total
- age   3:    5878872 bytes,    9239696 total
- age   4:    2385664 bytes,   11625360 total
- age   5:    3800776 bytes,   15426136 total
- age   6:    1434520 bytes,   16860656 total
- age   7:    1006720 bytes,   17867376 total
- age   8:    1655392 bytes,   19522768 total
: 109248K->21824K(109248K), 0.0106700 secs] 207858K->121167K(502464K), 0.0107252 secs] [Times: user=0.04 sys=0.00, real=0.01 secs] 
Heap after GC invocations=126 (full 3):
 par new generation   total 109248K, used 21824K [0x00000007a0000000, 0x00000007a8000000, 0x00000007a8000000)
  eden space 87424K,   0% used [0x00000007a0000000, 0x00000007a0000000, 0x00000007a5560000)
  from space 21824K, 100% used [0x00000007a5560000, 0x00000007a6ab0000, 0x00000007a6ab0000)
  to   space 21824K,   0% used [0x00000007a6ab0000, 0x00000007a6ab0000, 0x00000007a8000000)
 concurrent mark-sweep generation total 393216K, used 99343K [0x00000007a8000000, 0x00000007c0000000, 0x00000007c0000000)
 Metaspace       used 39793K, capacity 40386K, committed 40692K, reserved 1085440K
  class space    used 4550K, capacity 4754K, committed 4860K, reserved 1048576K
}
2016-10-23T22:32:08.887+0800: 1947.910: Total time for which application threads were stopped: 0.0109577 seconds, Stopping threads took: 0.0000650 seconds
2016-10-23T22:32:08.917+0800: 1947.940: Total time for which application threads were stopped: 0.0002308 seconds, Stopping threads took: 0.0001198 seconds
2016-10-23T22:32:08.918+0800: 1947.941: Total time for which application threads were stopped: 0.0001393 seconds, Stopping threads took: 0.0000772 seconds
2016-10-23T22:32:08.920+0800: 1947.943: Total time for which application threads were stopped: 0.0001656 seconds, Stopping threads took: 0.0000689 seconds
2016-10-23T22:32:08.920+0800: 1947.943: Total time for which application threads were stopped: 0.0001722 seconds, Stopping threads took: 0.0000943 seconds
2016-10-23T22:32:08.920+0800: 1947.943: Total time for which application threads were stopped: 0.0001718 seconds, Stopping threads took: 0.0000743 seconds
{Heap before GC invocations=126 (full 3):
 par new generation   total 109248K, used 109248K [0x00000007a0000000, 0x00000007a8000000, 0x00000007a8000000)
  eden space 87424K, 100% used [0x00000007a0000000, 0x00000007a5560000, 0x00000007a5560000)
  from space 21824K, 100% used [0x00000007a5560000, 0x00000007a6ab0000, 0x00000007a6ab0000)
  to   space 21824K,   0% used [0x00000007a6ab0000, 0x00000007a6ab0000, 0x00000007a8000000)
 concurrent mark-sweep generation total 393216K, used 99343K [0x00000007a8000000, 0x00000007c0000000, 0x00000007c0000000)
 Metaspace       used 39807K, capacity 40454K, committed 40948K, reserved 1085440K
  class space    used 4550K, capacity 4754K, committed 4860K, reserved 1048576K
2016-10-23T22:32:09.018+0800: 1948.041: [GC (Allocation Failure) 2016-10-23T22:32:09.018+0800: 1948.041: [ParNew
Desired survivor size 20112992 bytes, new threshold 8 (max 8)
- age   1:    4527016 bytes,    4527016 total
- age   2:     933776 bytes,    5460792 total
- age   3:    1232696 bytes,    6693488 total
- age   4:    5287328 bytes,   11980816 total
- age   5:    2278448 bytes,   14259264 total
- age   6:    3673616 bytes,   17932880 total
- age   7:    1361656 bytes,   19294536 total
- age   8:     943504 bytes,   20238040 total
: 109248K->21824K(109248K), 0.0109946 secs] 208591K->124582K(502464K), 0.0110556 secs] [Times: user=0.04 sys=0.00, real=0.01 secs] 
Heap after GC invocations=127 (full 3):
 par new generation   total 109248K, used 21824K [0x00000007a0000000, 0x00000007a8000000, 0x00000007a8000000)
  eden space 87424K,   0% used [0x00000007a0000000, 0x00000007a0000000, 0x00000007a5560000)
  from space 21824K, 100% used [0x00000007a6ab0000, 0x00000007a8000000, 0x00000007a8000000)
  to   space 21824K,   0% used [0x00000007a5560000, 0x00000007a5560000, 0x00000007a6ab0000)
 concurrent mark-sweep generation total 393216K, used 102758K [0x00000007a8000000, 0x00000007c0000000, 0x00000007c0000000)
 Metaspace       used 39807K, capacity 40454K, committed 40948K, reserved 1085440K
  class space    used 4550K, capacity 4754K, committed 4860K, reserved 1048576K
}
2016-10-23T22:32:09.029+0800: 1948.052: Total time for which application threads were stopped: 0.0112987 seconds, Stopping threads took: 0.0000793 seconds
{Heap before GC invocations=127 (full 3):
 par new generation   total 109248K, used 109248K [0x00000007a0000000, 0x00000007a8000000, 0x00000007a8000000)
  eden space 87424K, 100% used [0x00000007a0000000, 0x00000007a5560000, 0x00000007a5560000)
  from space 21824K, 100% used [0x00000007a6ab0000, 0x00000007a8000000, 0x00000007a8000000)
  to   space 21824K,   0% used [0x00000007a5560000, 0x00000007a5560000, 0x00000007a6ab0000)
 concurrent mark-sweep generation total 393216K, used 102758K [0x00000007a8000000, 0x00000007c0000000, 0x00000007c0000000)
 Metaspace       used 39807K, capacity 40454K, committed 40948K, reserved 1085440K
  class space    used 4550K, capacity 4754K, committed 4860K, reserved 1048576K
2016-10-23T22:32:09.166+0800: 1948.189: [GC (Allocation Failure) 2016-10-23T22:32:09.166+0800: 1948.189: [ParNew
Desired survivor size 20112992 bytes, new threshold 7 (max 8)
- age   1:    5437968 bytes,    5437968 total
- age   2:    2522592 bytes,    7960560 total
- age   3:     647848 bytes,    8608408 total
- age   4:    1042480 bytes,    9650888 total
- age   5:    5111344 bytes,   14762232 total
- age   6:    2278448 bytes,   17040680 total
- age   7:    3673616 bytes,   20714296 total
- age   8:    1361656 bytes,   22075952 total
: 109248K->21824K(109248K), 0.0144386 secs] 212006K->127990K(502464K), 0.0145119 secs] [Times: user=0.06 sys=0.00, real=0.02 secs] 
Heap after GC invocations=128 (full 3):
 par new generation   total 109248K, used 21824K [0x00000007a0000000, 0x00000007a8000000, 0x00000007a8000000)
  eden space 87424K,   0% used [0x00000007a0000000, 0x00000007a0000000, 0x00000007a5560000)
  from space 21824K, 100% used [0x00000007a5560000, 0x00000007a6ab0000, 0x00000007a6ab0000)
  to   space 21824K,   0% used [0x00000007a6ab0000, 0x00000007a6ab0000, 0x00000007a8000000)
 concurrent mark-sweep generation total 393216K, used 106166K [0x00000007a8000000, 0x00000007c0000000, 0x00000007c0000000)
 Metaspace       used 39807K, capacity 40454K, committed 40948K, reserved 1085440K
  class space    used 4550K, capacity 4754K, committed 4860K, reserved 1048576K
}
2016-10-23T22:32:09.181+0800: 1948.204: Total time for which application threads were stopped: 0.0147739 seconds, Stopping threads took: 0.0000839 seconds
{Heap before GC invocations=128 (full 3):
 par new generation   total 109248K, used 109248K [0x00000007a0000000, 0x00000007a8000000, 0x00000007a8000000)
  eden space 87424K, 100% used [0x00000007a0000000, 0x00000007a5560000, 0x00000007a5560000)
  from space 21824K, 100% used [0x00000007a5560000, 0x00000007a6ab0000, 0x00000007a6ab0000)
  to   space 21824K,   0% used [0x00000007a6ab0000, 0x00000007a6ab0000, 0x00000007a8000000)
 concurrent mark-sweep generation total 393216K, used 106166K [0x00000007a8000000, 0x00000007c0000000, 0x00000007c0000000)
 Metaspace       used 39807K, capacity 40454K, committed 40948K, reserved 1085440K
  class space    used 4550K, capacity 4754K, committed 4860K, reserved 1048576K
2016-10-23T22:32:09.321+0800: 1948.344: [GC (Allocation Failure) 2016-10-23T22:32:09.321+0800: 1948.344: [ParNew
Desired survivor size 20112992 bytes, new threshold 7 (max 8)
- age   1:    7427928 bytes,    7427928 total
- age   2:    3151480 bytes,   10579408 total
- age   3:    2293232 bytes,   12872640 total
- age   4:     598640 bytes,   13471280 total
- age   5:    1015944 bytes,   14487224 total
- age   6:    5075048 bytes,   19562272 total
- age   7:    2171120 bytes,   21733392 total
: 109248K->21824K(109248K), 0.0156824 secs] 215414K->133631K(502464K), 0.0157404 secs] [Times: user=0.06 sys=0.00, real=0.01 secs] 
Heap after GC invocations=129 (full 3):
 par new generation   total 109248K, used 21824K [0x00000007a0000000, 0x00000007a8000000, 0x00000007a8000000)
  eden space 87424K,   0% used [0x00000007a0000000, 0x00000007a0000000, 0x00000007a5560000)
  from space 21824K, 100% used [0x00000007a6ab0000, 0x00000007a8000000, 0x00000007a8000000)
  to   space 21824K,   0% used [0x00000007a5560000, 0x00000007a5560000, 0x00000007a6ab0000)
 concurrent mark-sweep generation total 393216K, used 111807K [0x00000007a8000000, 0x00000007c0000000, 0x00000007c0000000)
 Metaspace       used 39807K, capacity 40454K, committed 40948K, reserved 1085440K
  class space    used 4550K, capacity 4754K, committed 4860K, reserved 1048576K
}
2016-10-23T22:32:09.337+0800: 1948.360: Total time for which application threads were stopped: 0.0159612 seconds, Stopping threads took: 0.0000570 seconds
{Heap before GC invocations=129 (full 3):
 par new generation   total 109248K, used 109248K [0x00000007a0000000, 0x00000007a8000000, 0x00000007a8000000)
  eden space 87424K, 100% used [0x00000007a0000000, 0x00000007a5560000, 0x00000007a5560000)
  from space 21824K, 100% used [0x00000007a6ab0000, 0x00000007a8000000, 0x00000007a8000000)
  to   space 21824K,   0% used [0x00000007a5560000, 0x00000007a5560000, 0x00000007a6ab0000)
 concurrent mark-sweep generation total 393216K, used 111807K [0x00000007a8000000, 0x00000007c0000000, 0x00000007c0000000)
 Metaspace       used 39807K, capacity 40454K, committed 40948K, reserved 1085440K
  class space    used 4550K, capacity 4754K, committed 4860K, reserved 1048576K
2016-10-23T22:32:09.479+0800: 1948.502: [GC (Allocation Failure) 2016-10-23T22:32:09.479+0800: 1948.502: [ParNew
Desired survivor size 20112992 bytes, new threshold 7 (max 8)
- age   1:    5826536 bytes,    5826536 total
- age   2:    4535480 bytes,   10362016 total
- age   3:    2694992 bytes,   13057008 total
- age   4:    1849200 bytes,   14906208 total
- age   5:     538136 bytes,   15444344 total
- age   6:     943592 bytes,   16387936 total
- age   7:    4887408 bytes,   21275344 total
: 109248K->21824K(109248K), 0.0178511 secs] 221055K->139458K(502464K), 0.0179609 secs] [Times: user=0.06 sys=0.01, real=0.02 secs] 
Heap after GC invocations=130 (full 3):
 par new generation   total 109248K, used 21824K [0x00000007a0000000, 0x00000007a8000000, 0x00000007a8000000)
  eden space 87424K,   0% used [0x00000007a0000000, 0x00000007a0000000, 0x00000007a5560000)
  from space 21824K, 100% used [0x00000007a5560000, 0x00000007a6ab0000, 0x00000007a6ab0000)
  to   space 21824K,   0% used [0x00000007a6ab0000, 0x00000007a6ab0000, 0x00000007a8000000)
 concurrent mark-sweep generation total 393216K, used 117634K [0x00000007a8000000, 0x00000007c0000000, 0x00000007c0000000)
 Metaspace       used 39807K, capacity 40454K, committed 40948K, reserved 1085440K
  class space    used 4550K, capacity 4754K, committed 4860K, reserved 1048576K
}
2016-10-23T22:32:09.497+0800: 1948.520: Total time for which application threads were stopped: 0.0182468 seconds, Stopping threads took: 0.0000686 seconds
{Heap before GC invocations=130 (full 3):
 par new generation   total 109248K, used 109248K [0x00000007a0000000, 0x00000007a8000000, 0x00000007a8000000)
  eden space 87424K, 100% used [0x00000007a0000000, 0x00000007a5560000, 0x00000007a5560000)
  from space 21824K, 100% used [0x00000007a5560000, 0x00000007a6ab0000, 0x00000007a6ab0000)
  to   space 21824K,   0% used [0x00000007a6ab0000, 0x00000007a6ab0000, 0x00000007a8000000)
 concurrent mark-sweep generation total 393216K, used 117634K [0x00000007a8000000, 0x00000007c0000000, 0x00000007c0000000)
 Metaspace       used 39807K, capacity 40454K, committed 40948K, reserved 1085440K
  class space    used 4550K, capacity 4754K, committed 4860K, reserved 1048576K
2016-10-23T22:32:09.639+0800: 1948.662: [GC (Allocation Failure) 2016-10-23T22:32:09.639+0800: 1948.662: [ParNew
Desired survivor size 20112992 bytes, new threshold 8 (max 8)
- age   1:    7046784 bytes,    7046784 total
- age   2:    3705720 bytes,   10752504 total
- age   3:    3607728 bytes,   14360232 total
- age   4:    2246376 bytes,   16606608 total
- age   5:    1479696 bytes,   18086304 total
- age   6:     449616 bytes,   18535920 total
- age   7:     880776 bytes,   19416696 total
: 109248K->21824K(109248K), 0.0173305 secs] 226882K->147512K(502464K), 0.0173857 secs] [Times: user=0.06 sys=0.00, real=0.02 secs] 
Heap after GC invocations=131 (full 3):
 par new generation   total 109248K, used 21824K [0x00000007a0000000, 0x00000007a8000000, 0x00000007a8000000)
  eden space 87424K,   0% used [0x00000007a0000000, 0x00000007a0000000, 0x00000007a5560000)
  from space 21824K, 100% used [0x00000007a6ab0000, 0x00000007a8000000, 0x00000007a8000000)
  to   space 21824K,   0% used [0x00000007a5560000, 0x00000007a5560000, 0x00000007a6ab0000)
 concurrent mark-sweep generation total 393216K, used 125688K [0x00000007a8000000, 0x00000007c0000000, 0x00000007c0000000)
 Metaspace       used 39807K, capacity 40454K, committed 40948K, reserved 1085440K
  class space    used 4550K, capacity 4754K, committed 4860K, reserved 1048576K
}
2016-10-23T22:32:09.657+0800: 1948.680: Total time for which application threads were stopped: 0.0176016 seconds, Stopping threads took: 0.0000547 seconds
2016-10-23T22:32:09.678+0800: 1948.700: Total time for which application threads were stopped: 0.0002063 seconds, Stopping threads took: 0.0000691 seconds
{Heap before GC invocations=131 (full 3):
 par new generation   total 109248K, used 109248K [0x00000007a0000000, 0x00000007a8000000, 0x00000007a8000000)
  eden space 87424K, 100% used [0x00000007a0000000, 0x00000007a5560000, 0x00000007a5560000)
  from space 21824K, 100% used [0x00000007a6ab0000, 0x00000007a8000000, 0x00000007a8000000)
  to   space 21824K,   0% used [0x00000007a5560000, 0x00000007a5560000, 0x00000007a6ab0000)
 concurrent mark-sweep generation total 393216K, used 125688K [0x00000007a8000000, 0x00000007c0000000, 0x00000007c0000000)
 Metaspace       used 39808K, capacity 40454K, committed 40948K, reserved 1085440K
  class space    used 4550K, capacity 4754K, committed 4860K, reserved 1048576K
2016-10-23T22:32:09.808+0800: 1948.831: [GC (Allocation Failure) 2016-10-23T22:32:09.808+0800: 1948.831: [ParNew
Desired survivor size 20112992 bytes, new threshold 8 (max 8)
- age   1:    4308024 bytes,    4308024 total
- age   2:    6431912 bytes,   10739936 total
- age   3:    3099024 bytes,   13838960 total
- age   4:    3033608 bytes,   16872568 total
- age   5:    1638760 bytes,   18511328 total
- age   6:    1064632 bytes,   19575960 total
- age   7:     259360 bytes,   19835320 total
- age   8:     508168 bytes,   20343488 total
: 109248K->21824K(109248K), 0.0113941 secs] 234936K->149518K(502464K), 0.0114454 secs] [Times: user=0.04 sys=0.00, real=0.01 secs] 
Heap after GC invocations=132 (full 3):
 par new generation   total 109248K, used 21824K [0x00000007a0000000, 0x00000007a8000000, 0x00000007a8000000)
  eden space 87424K,   0% used [0x00000007a0000000, 0x00000007a0000000, 0x00000007a5560000)
  from space 21824K, 100% used [0x00000007a5560000, 0x00000007a6ab0000, 0x00000007a6ab0000)
  to   space 21824K,   0% used [0x00000007a6ab0000, 0x00000007a6ab0000, 0x00000007a8000000)
 concurrent mark-sweep generation total 393216K, used 127694K [0x00000007a8000000, 0x00000007c0000000, 0x00000007c0000000)
 Metaspace       used 39808K, capacity 40454K, committed 40948K, reserved 1085440K
  class space    used 4550K, capacity 4754K, committed 4860K, reserved 1048576K
}
2016-10-23T22:32:09.819+0800: 1948.842: Total time for which application threads were stopped: 0.0116744 seconds, Stopping threads took: 0.0000680 seconds
{Heap before GC invocations=132 (full 3):
 par new generation   total 109248K, used 109248K [0x00000007a0000000, 0x00000007a8000000, 0x00000007a8000000)
  eden space 87424K, 100% used [0x00000007a0000000, 0x00000007a5560000, 0x00000007a5560000)
  from space 21824K, 100% used [0x00000007a5560000, 0x00000007a6ab0000, 0x00000007a6ab0000)
  to   space 21824K,   0% used [0x00000007a6ab0000, 0x00000007a6ab0000, 0x00000007a8000000)
 concurrent mark-sweep generation total 393216K, used 127694K [0x00000007a8000000, 0x00000007c0000000, 0x00000007c0000000)
 Metaspace       used 39808K, capacity 40454K, committed 40948K, reserved 1085440K
  class space    used 4550K, capacity 4754K, committed 4860K, reserved 1048576K
2016-10-23T22:32:09.857+0800: 1948.880: [GC (Allocation Failure) 2016-10-23T22:32:09.857+0800: 1948.880: [ParNew
Desired survivor size 20112992 bytes, new threshold 8 (max 8)
- age   1:    1236232 bytes,    1236232 total
- age   2:    3526408 bytes,    4762640 total
- age   3:    6397968 bytes,   11160608 total
- age   4:    3094920 bytes,   14255528 total
- age   5:    3032104 bytes,   17287632 total
- age   6:    1636664 bytes,   18924296 total
- age   7:    1063160 bytes,   19987456 total
- age   8:     259008 bytes,   20246464 total
: 109248K->21824K(109248K), 0.0109966 secs] 236942K->150369K(502464K), 0.0110574 secs] [Times: user=0.04 sys=0.00, real=0.01 secs] 
Heap after GC invocations=133 (full 3):
 par new generation   total 109248K, used 21824K [0x00000007a0000000, 0x00000007a8000000, 0x00000007a8000000)
  eden space 87424K,   0% used [0x00000007a0000000, 0x00000007a0000000, 0x00000007a5560000)
  from space 21824K, 100% used [0x00000007a6ab0000, 0x00000007a8000000, 0x00000007a8000000)
  to   space 21824K,   0% used [0x00000007a5560000, 0x00000007a5560000, 0x00000007a6ab0000)
 concurrent mark-sweep generation total 393216K, used 128545K [0x00000007a8000000, 0x00000007c0000000, 0x00000007c0000000)
 Metaspace       used 39808K, capacity 40454K, committed 40948K, reserved 1085440K
  class space    used 4550K, capacity 4754K, committed 4860K, reserved 1048576K
}
2016-10-23T22:32:09.868+0800: 1948.891: Total time for which application threads were stopped: 0.0112736 seconds, Stopping threads took: 0.0000643 seconds
2016-10-23T22:32:09.904+0800: 1948.927: Total time for which application threads were stopped: 0.0001487 seconds, Stopping threads took: 0.0000616 seconds
2016-10-23T22:32:09.904+0800: 1948.927: Total time for which application threads were stopped: 0.0001046 seconds, Stopping threads took: 0.0000513 seconds
2016-10-23T22:32:09.904+0800: 1948.927: Total time for which application threads were stopped: 0.0000864 seconds, Stopping threads took: 0.0000403 seconds
{Heap before GC invocations=133 (full 3):
 par new generation   total 109248K, used 109248K [0x00000007a0000000, 0x00000007a8000000, 0x00000007a8000000)
  eden space 87424K, 100% used [0x00000007a0000000, 0x00000007a5560000, 0x00000007a5560000)
  from space 21824K, 100% used [0x00000007a6ab0000, 0x00000007a8000000, 0x00000007a8000000)
  to   space 21824K,   0% used [0x00000007a5560000, 0x00000007a5560000, 0x00000007a6ab0000)
 concurrent mark-sweep generation total 393216K, used 128545K [0x00000007a8000000, 0x00000007c0000000, 0x00000007c0000000)
 Metaspace       used 39809K, capacity 40454K, committed 40948K, reserved 1085440K
  class space    used 4550K, capacity 4754K, committed 4860K, reserved 1048576K
2016-10-23T22:32:09.998+0800: 1949.021: [GC (Allocation Failure) 2016-10-23T22:32:09.998+0800: 1949.021: [ParNew
Desired survivor size 20112992 bytes, new threshold 8 (max 8)
- age   1:    2880736 bytes,    2880736 total
- age   2:     376248 bytes,    3256984 total
- age   3:    2469624 bytes,    5726608 total
- age   4:    6145464 bytes,   11872072 total
- age   5:    3037504 bytes,   14909576 total
- age   6:    2976896 bytes,   17886472 total
- age   7:    1579656 bytes,   19466128 total
- age   8:    1013416 bytes,   20479544 total
: 109248K->21824K(109248K), 0.0146738 secs] 237793K->153154K(502464K), 0.0147205 secs] [Times: user=0.05 sys=0.00, real=0.02 secs] 
Heap after GC invocations=134 (full 3):
 par new generation   total 109248K, used 21824K [0x00000007a0000000, 0x00000007a8000000, 0x00000007a8000000)
  eden space 87424K,   0% used [0x00000007a0000000, 0x00000007a0000000, 0x00000007a5560000)
  from space 21824K, 100% used [0x00000007a5560000, 0x00000007a6ab0000, 0x00000007a6ab0000)
  to   space 21824K,   0% used [0x00000007a6ab0000, 0x00000007a6ab0000, 0x00000007a8000000)
 concurrent mark-sweep generation total 393216K, used 131330K [0x00000007a8000000, 0x00000007c0000000, 0x00000007c0000000)
 Metaspace       used 39809K, capacity 40454K, committed 40948K, reserved 1085440K
  class space    used 4550K, capacity 4754K, committed 4860K, reserved 1048576K
}
2016-10-23T22:32:10.013+0800: 1949.036: Total time for which application threads were stopped: 0.0149431 seconds, Stopping threads took: 0.0000614 seconds
{Heap before GC invocations=134 (full 3):
 par new generation   total 109248K, used 109248K [0x00000007a0000000, 0x00000007a8000000, 0x00000007a8000000)
  eden space 87424K, 100% used [0x00000007a0000000, 0x00000007a5560000, 0x00000007a5560000)
  from space 21824K, 100% used [0x00000007a5560000, 0x00000007a6ab0000, 0x00000007a6ab0000)
  to   space 21824K,   0% used [0x00000007a6ab0000, 0x00000007a6ab0000, 0x00000007a8000000)
 concurrent mark-sweep generation total 393216K, used 131330K [0x00000007a8000000, 0x00000007c0000000, 0x00000007c0000000)
 Metaspace       used 39809K, capacity 40454K, committed 40948K, reserved 1085440K
  class space    used 4550K, capacity 4754K, committed 4860K, reserved 1048576K
2016-10-23T22:32:10.156+0800: 1949.179: [GC (Allocation Failure) 2016-10-23T22:32:10.156+0800: 1949.179: [ParNew
Desired survivor size 20112992 bytes, new threshold 7 (max 8)
- age   1:    4904936 bytes,    4904936 total
- age   2:    2037384 bytes,    6942320 total
- age   3:     333352 bytes,    7275672 total
- age   4:    1985440 bytes,    9261112 total
- age   5:    5842736 bytes,   15103848 total
- age   6:    2814944 bytes,   17918792 total
- age   7:    2511776 bytes,   20430568 total
- age   8:    1499528 bytes,   21930096 total
: 109248K->21824K(109248K), 0.0157485 secs] 240578K->157675K(502464K), 0.0158206 secs] [Times: user=0.06 sys=0.00, real=0.02 secs] 
Heap after GC invocations=135 (full 3):
 par new generation   total 109248K, used 21824K [0x00000007a0000000, 0x00000007a8000000, 0x00000007a8000000)
  eden space 87424K,   0% used [0x00000007a0000000, 0x00000007a0000000, 0x00000007a5560000)
  from space 21824K, 100% used [0x00000007a6ab0000, 0x00000007a8000000, 0x00000007a8000000)
  to   space 21824K,   0% used [0x00000007a5560000, 0x00000007a5560000, 0x00000007a6ab0000)
 concurrent mark-sweep generation total 393216K, used 135851K [0x00000007a8000000, 0x00000007c0000000, 0x00000007c0000000)
 Metaspace       used 39809K, capacity 40454K, committed 40948K, reserved 1085440K
  class space    used 4550K, capacity 4754K, committed 4860K, reserved 1048576K
}
2016-10-23T22:32:10.172+0800: 1949.195: Total time for which application threads were stopped: 0.0160988 seconds, Stopping threads took: 0.0000671 seconds
{Heap before GC invocations=135 (full 3):
 par new generation   total 109248K, used 109248K [0x00000007a0000000, 0x00000007a8000000, 0x00000007a8000000)
  eden space 87424K, 100% used [0x00000007a0000000, 0x00000007a5560000, 0x00000007a5560000)
  from space 21824K, 100% used [0x00000007a6ab0000, 0x00000007a8000000, 0x00000007a8000000)
  to   space 21824K,   0% used [0x00000007a5560000, 0x00000007a5560000, 0x00000007a6ab0000)
 concurrent mark-sweep generation total 393216K, used 135851K [0x00000007a8000000, 0x00000007c0000000, 0x00000007c0000000)
 Metaspace       used 39809K, capacity 40454K, committed 40948K, reserved 1085440K
  class space    used 4550K, capacity 4754K, committed 4860K, reserved 1048576K
2016-10-23T22:32:10.307+0800: 1949.330: [GC (Allocation Failure) 2016-10-23T22:32:10.307+0800: 1949.330: [ParNew
Desired survivor size 20112992 bytes, new threshold 8 (max 8)
- age   1:    4896640 bytes,    4896640 total
- age   2:    3464480 bytes,    8361120 total
- age   3:    1882512 bytes,   10243632 total
- age   4:     305808 bytes,   10549440 total
- age   5:    1696696 bytes,   12246136 total
- age   6:    4752568 bytes,   16998704 total
- age   7:    2610144 bytes,   19608848 total
: 109248K->21824K(109248K), 0.0146466 secs] 245099K->165550K(502464K), 0.0147194 secs] [Times: user=0.05 sys=0.00, real=0.02 secs] 
Heap after GC invocations=136 (full 3):
 par new generation   total 109248K, used 21824K [0x00000007a0000000, 0x00000007a8000000, 0x00000007a8000000)
  eden space 87424K,   0% used [0x00000007a0000000, 0x00000007a0000000, 0x00000007a5560000)
  from space 21824K, 100% used [0x00000007a5560000, 0x00000007a6ab0000, 0x00000007a6ab0000)
  to   space 21824K,   0% used [0x00000007a6ab0000, 0x00000007a6ab0000, 0x00000007a8000000)
 concurrent mark-sweep generation total 393216K, used 143726K [0x00000007a8000000, 0x00000007c0000000, 0x00000007c0000000)
 Metaspace       used 39809K, capacity 40454K, committed 40948K, reserved 1085440K
  class space    used 4550K, capacity 4754K, committed 4860K, reserved 1048576K
}
2016-10-23T22:32:10.322+0800: 1949.345: Total time for which application threads were stopped: 0.0149558 seconds, Stopping threads took: 0.0000618 seconds
{Heap before GC invocations=136 (full 3):
 par new generation   total 109248K, used 109248K [0x00000007a0000000, 0x00000007a8000000, 0x00000007a8000000)
  eden space 87424K, 100% used [0x00000007a0000000, 0x00000007a5560000, 0x00000007a5560000)
  from space 21824K, 100% used [0x00000007a5560000, 0x00000007a6ab0000, 0x00000007a6ab0000)
  to   space 21824K,   0% used [0x00000007a6ab0000, 0x00000007a6ab0000, 0x00000007a8000000)
 concurrent mark-sweep generation total 393216K, used 143726K [0x00000007a8000000, 0x00000007c0000000, 0x00000007c0000000)
 Metaspace       used 39809K, capacity 40454K, committed 40948K, reserved 1085440K
  class space    used 4550K, capacity 4754K, committed 4860K, reserved 1048576K
2016-10-23T22:32:10.466+0800: 1949.489: [GC (Allocation Failure) 2016-10-23T22:32:10.466+0800: 1949.489: [ParNew
Desired survivor size 20112992 bytes, new threshold 8 (max 8)
- age   1:    5237888 bytes,    5237888 total
- age   2:    2981832 bytes,    8219720 total
- age   3:    2406808 bytes,   10626528 total
- age   4:    1716264 bytes,   12342792 total
- age   5:     280936 bytes,   12623728 total
- age   6:    1615344 bytes,   14239072 total
- age   7:    4736000 bytes,   18975072 total
- age   8:    2596480 bytes,   21571552 total
: 109248K->21824K(109248K), 0.0175163 secs] 252974K->170113K(502464K), 0.0175958 secs] [Times: user=0.07 sys=0.00, real=0.02 secs] 
Heap after GC invocations=137 (full 3):
 par new generation   total 109248K, used 21824K [0x00000007a0000000, 0x00000007a8000000, 0x00000007a8000000)
  eden space 87424K,   0% used [0x00000007a0000000, 0x00000007a0000000, 0x00000007a5560000)
  from space 21824K, 100% used [0x00000007a6ab0000, 0x00000007a8000000, 0x00000007a8000000)
  to   space 21824K,   0% used [0x00000007a5560000, 0x00000007a5560000, 0x00000007a6ab0000)
 concurrent mark-sweep generation total 393216K, used 148289K [0x00000007a8000000, 0x00000007c0000000, 0x00000007c0000000)
 Metaspace       used 39809K, capacity 40454K, committed 40948K, reserved 1085440K
  class space    used 4550K, capacity 4754K, committed 4860K, reserved 1048576K
}
2016-10-23T22:32:10.483+0800: 1949.506: Total time for which application threads were stopped: 0.0178537 seconds, Stopping threads took: 0.0000812 seconds
{Heap before GC invocations=137 (full 3):
 par new generation   total 109248K, used 109248K [0x00000007a0000000, 0x00000007a8000000, 0x00000007a8000000)
  eden space 87424K, 100% used [0x00000007a0000000, 0x00000007a5560000, 0x00000007a5560000)
  from space 21824K, 100% used [0x00000007a6ab0000, 0x00000007a8000000, 0x00000007a8000000)
  to   space 21824K,   0% used [0x00000007a5560000, 0x00000007a5560000, 0x00000007a6ab0000)
 concurrent mark-sweep generation total 393216K, used 148289K [0x00000007a8000000, 0x00000007c0000000, 0x00000007c0000000)
 Metaspace       used 39809K, capacity 40454K, committed 40948K, reserved 1085440K
  class space    used 4550K, capacity 4754K, committed 4860K, reserved 1048576K
2016-10-23T22:32:10.630+0800: 1949.653: [GC (Allocation Failure) 2016-10-23T22:32:10.630+0800: 1949.653: [ParNew
Desired survivor size 20112992 bytes, new threshold 8 (max 8)
- age   1:    6060184 bytes,    6060184 total
- age   2:    3282472 bytes,    9342656 total
- age   3:    2649760 bytes,   11992416 total
- age   4:    2210880 bytes,   14203296 total
- age   5:    1612664 bytes,   15815960 total
- age   6:     277944 bytes,   16093904 total
- age   7:    1541784 bytes,   17635688 total
- age   8:    3341808 bytes,   20977496 total
: 109248K->21824K(109248K), 0.0178873 secs] 257537K->176469K(502464K), 0.0179654 secs] [Times: user=0.06 sys=0.00, real=0.01 secs] 
Heap after GC invocations=138 (full 3):
 par new generation   total 109248K, used 21824K [0x00000007a0000000, 0x00000007a8000000, 0x00000007a8000000)
  eden space 87424K,   0% used [0x00000007a0000000, 0x00000007a0000000, 0x00000007a5560000)
  from space 21824K, 100% used [0x00000007a5560000, 0x00000007a6ab0000, 0x00000007a6ab0000)
  to   space 21824K,   0% used [0x00000007a6ab0000, 0x00000007a6ab0000, 0x00000007a8000000)
 concurrent mark-sweep generation total 393216K, used 154645K [0x00000007a8000000, 0x00000007c0000000, 0x00000007c0000000)
 Metaspace       used 39809K, capacity 40454K, committed 40948K, reserved 1085440K
  class space    used 4550K, capacity 4754K, committed 4860K, reserved 1048576K
}
2016-10-23T22:32:10.648+0800: 1949.671: Total time for which application threads were stopped: 0.0181981 seconds, Stopping threads took: 0.0000308 seconds
{Heap before GC invocations=138 (full 3):
 par new generation   total 109248K, used 109248K [0x00000007a0000000, 0x00000007a8000000, 0x00000007a8000000)
  eden space 87424K, 100% used [0x00000007a0000000, 0x00000007a5560000, 0x00000007a5560000)
  from space 21824K, 100% used [0x00000007a5560000, 0x00000007a6ab0000, 0x00000007a6ab0000)
  to   space 21824K,   0% used [0x00000007a6ab0000, 0x00000007a6ab0000, 0x00000007a8000000)
 concurrent mark-sweep generation total 393216K, used 154645K [0x00000007a8000000, 0x00000007c0000000, 0x00000007c0000000)
 Metaspace       used 39812K, capacity 40454K, committed 40948K, reserved 1085440K
  class space    used 4550K, capacity 4754K, committed 4860K, reserved 1048576K
2016-10-23T22:32:10.800+0800: 1949.823: [GC (Allocation Failure) 2016-10-23T22:32:10.800+0800: 1949.823: [ParNew
Desired survivor size 20112992 bytes, new threshold 8 (max 8)
- age   1:    5348376 bytes,    5348376 total
- age   2:    5030160 bytes,   10378536 total
- age   3:    2949816 bytes,   13328352 total
- age   4:    2212448 bytes,   15540800 total
- age   5:    1949632 bytes,   17490432 total
- age   6:    1427480 bytes,   18917912 total
- age   7:     245880 bytes,   19163792 total
- age   8:    1379672 bytes,   20543464 total
: 109248K->21824K(109248K), 0.0137660 secs] 263893K->180055K(502464K), 0.0138154 secs] [Times: user=0.05 sys=0.00, real=0.01 secs] 
Heap after GC invocations=139 (full 3):
 par new generation   total 109248K, used 21824K [0x00000007a0000000, 0x00000007a8000000, 0x00000007a8000000)
  eden space 87424K,   0% used [0x00000007a0000000, 0x00000007a0000000, 0x00000007a5560000)
  from space 21824K, 100% used [0x00000007a6ab0000, 0x00000007a8000000, 0x00000007a8000000)
  to   space 21824K,   0% used [0x00000007a5560000, 0x00000007a5560000, 0x00000007a6ab0000)
 concurrent mark-sweep generation total 393216K, used 158231K [0x00000007a8000000, 0x00000007c0000000, 0x00000007c0000000)
 Metaspace       used 39812K, capacity 40454K, committed 40948K, reserved 1085440K
  class space    used 4550K, capacity 4754K, committed 4860K, reserved 1048576K
}
2016-10-23T22:32:10.814+0800: 1949.837: Total time for which application threads were stopped: 0.0140850 seconds, Stopping threads took: 0.0000827 seconds
{Heap before GC invocations=139 (full 3):
 par new generation   total 109248K, used 109248K [0x00000007a0000000, 0x00000007a8000000, 0x00000007a8000000)
  eden space 87424K, 100% used [0x00000007a0000000, 0x00000007a5560000, 0x00000007a5560000)
  from space 21824K, 100% used [0x00000007a6ab0000, 0x00000007a8000000, 0x00000007a8000000)
  to   space 21824K,   0% used [0x00000007a5560000, 0x00000007a5560000, 0x00000007a6ab0000)
 concurrent mark-sweep generation total 393216K, used 158231K [0x00000007a8000000, 0x00000007c0000000, 0x00000007c0000000)
 Metaspace       used 39812K, capacity 40454K, committed 40948K, reserved 1085440K
  class space    used 4550K, capacity 4754K, committed 4860K, reserved 1048576K
2016-10-23T22:32:10.852+0800: 1949.875: [GC (Allocation Failure) 2016-10-23T22:32:10.852+0800: 1949.875: [ParNew
Desired survivor size 20112992 bytes, new threshold 8 (max 8)
- age   1:    1121376 bytes,    1121376 total
- age   2:    4361424 bytes,    5482800 total
- age   3:    4983328 bytes,   10466128 total
- age   4:    2912912 bytes,   13379040 total
- age   5:    2172736 bytes,   15551776 total
- age   6:    1924760 bytes,   17476536 total
- age   7:    1407416 bytes,   18883952 total
- age   8:     245904 bytes,   19129856 total
: 109248K->21824K(109248K), 0.0111944 secs] 267479K->182212K(502464K), 0.0112628 secs] [Times: user=0.04 sys=0.00, real=0.01 secs] 
Heap after GC invocations=140 (full 3):
 par new generation   total 109248K, used 21824K [0x00000007a0000000, 0x00000007a8000000, 0x00000007a8000000)
  eden space 87424K,   0% used [0x00000007a0000000, 0x00000007a0000000, 0x00000007a5560000)
  from space 21824K, 100% used [0x00000007a5560000, 0x00000007a6ab0000, 0x00000007a6ab0000)
  to   space 21824K,   0% used [0x00000007a6ab0000, 0x00000007a6ab0000, 0x00000007a8000000)
 concurrent mark-sweep generation total 393216K, used 160388K [0x00000007a8000000, 0x00000007c0000000, 0x00000007c0000000)
 Metaspace       used 39812K, capacity 40454K, committed 40948K, reserved 1085440K
  class space    used 4550K, capacity 4754K, committed 4860K, reserved 1048576K
}
2016-10-23T22:32:10.863+0800: 1949.886: Total time for which application threads were stopped: 0.0115416 seconds, Stopping threads took: 0.0001015 seconds
2016-10-23T22:32:10.872+0800: 1949.895: Total time for which application threads were stopped: 0.0001637 seconds, Stopping threads took: 0.0000635 seconds
2016-10-23T22:32:10.872+0800: 1949.895: Total time for which application threads were stopped: 0.0002539 seconds, Stopping threads took: 0.0000593 seconds
{Heap before GC invocations=140 (full 3):
 par new generation   total 109248K, used 109248K [0x00000007a0000000, 0x00000007a8000000, 0x00000007a8000000)
  eden space 87424K, 100% used [0x00000007a0000000, 0x00000007a5560000, 0x00000007a5560000)
  from space 21824K, 100% used [0x00000007a5560000, 0x00000007a6ab0000, 0x00000007a6ab0000)
  to   space 21824K,   0% used [0x00000007a6ab0000, 0x00000007a6ab0000, 0x00000007a8000000)
 concurrent mark-sweep generation total 393216K, used 160388K [0x00000007a8000000, 0x00000007c0000000, 0x00000007c0000000)
 Metaspace       used 39815K, capacity 40454K, committed 40948K, reserved 1085440K
  class space    used 4550K, capacity 4754K, committed 4860K, reserved 1048576K
2016-10-23T22:32:10.979+0800: 1950.002: [GC (Allocation Failure) 2016-10-23T22:32:10.979+0800: 1950.002: [ParNew
Desired survivor size 20112992 bytes, new threshold 8 (max 8)
- age   1:    4715160 bytes,    4715160 total
- age   2:     485544 bytes,    5200704 total
- age   3:    3083240 bytes,    8283944 total
- age   4:    3577952 bytes,   11861896 total
- age   5:    2706912 bytes,   14568808 total
- age   6:    1909544 bytes,   16478352 total
- age   7:    1791184 bytes,   18269536 total
- age   8:    1294984 bytes,   19564520 total
: 109248K->21824K(109248K), 0.0101862 secs] 269636K->184991K(502464K), 0.0102317 secs] [Times: user=0.04 sys=0.00, real=0.01 secs] 
Heap after GC invocations=141 (full 3):
 par new generation   total 109248K, used 21824K [0x00000007a0000000, 0x00000007a8000000, 0x00000007a8000000)
  eden space 87424K,   0% used [0x00000007a0000000, 0x00000007a0000000, 0x00000007a5560000)
  from space 21824K, 100% used [0x00000007a6ab0000, 0x00000007a8000000, 0x00000007a8000000)
  to   space 21824K,   0% used [0x00000007a5560000, 0x00000007a5560000, 0x00000007a6ab0000)
 concurrent mark-sweep generation total 393216K, used 163167K [0x00000007a8000000, 0x00000007c0000000, 0x00000007c0000000)
 Metaspace       used 39815K, capacity 40454K, committed 40948K, reserved 1085440K
  class space    used 4550K, capacity 4754K, committed 4860K, reserved 1048576K
}
2016-10-23T22:32:10.989+0800: 1950.013: Total time for which application threads were stopped: 0.0104754 seconds, Stopping threads took: 0.0000726 seconds
{Heap before GC invocations=141 (full 3):
 par new generation   total 109248K, used 109248K [0x00000007a0000000, 0x00000007a8000000, 0x00000007a8000000)
  eden space 87424K, 100% used [0x00000007a0000000, 0x00000007a5560000, 0x00000007a5560000)
  from space 21824K, 100% used [0x00000007a6ab0000, 0x00000007a8000000, 0x00000007a8000000)
  to   space 21824K,   0% used [0x00000007a5560000, 0x00000007a5560000, 0x00000007a6ab0000)
 concurrent mark-sweep generation total 393216K, used 163167K [0x00000007a8000000, 0x00000007c0000000, 0x00000007c0000000)
 Metaspace       used 39815K, capacity 40454K, committed 40948K, reserved 1085440K
  class space    used 4550K, capacity 4754K, committed 4860K, reserved 1048576K
2016-10-23T22:32:11.123+0800: 1950.146: [GC (Allocation Failure) 2016-10-23T22:32:11.123+0800: 1950.146: [ParNew
Desired survivor size 20112992 bytes, new threshold 8 (max 8)
- age   1:    4632984 bytes,    4632984 total
- age   2:    2429160 bytes,    7062144 total
- age   3:     399328 bytes,    7461472 total
- age   4:    2896984 bytes,   10358456 total
- age   5:    3577952 bytes,   13936408 total
- age   6:    2706912 bytes,   16643320 total
- age   7:    1909544 bytes,   18552864 total
- age   8:    1791184 bytes,   20344048 total
: 109248K->21824K(109248K), 0.0126079 secs] 272415K->189134K(502464K), 0.0126787 secs] [Times: user=0.04 sys=0.00, real=0.01 secs] 
Heap after GC invocations=142 (full 3):
 par new generation   total 109248K, used 21824K [0x00000007a0000000, 0x00000007a8000000, 0x00000007a8000000)
  eden space 87424K,   0% used [0x00000007a0000000, 0x00000007a0000000, 0x00000007a5560000)
  from space 21824K, 100% used [0x00000007a5560000, 0x00000007a6ab0000, 0x00000007a6ab0000)
  to   space 21824K,   0% used [0x00000007a6ab0000, 0x00000007a6ab0000, 0x00000007a8000000)
 concurrent mark-sweep generation total 393216K, used 167310K [0x00000007a8000000, 0x00000007c0000000, 0x00000007c0000000)
 Metaspace       used 39815K, capacity 40454K, committed 40948K, reserved 1085440K
  class space    used 4550K, capacity 4754K, committed 4860K, reserved 1048576K
}
2016-10-23T22:32:11.136+0800: 1950.159: Total time for which application threads were stopped: 0.0128899 seconds, Stopping threads took: 0.0000338 seconds
{Heap before GC invocations=142 (full 3):
 par new generation   total 109248K, used 109248K [0x00000007a0000000, 0x00000007a8000000, 0x00000007a8000000)
  eden space 87424K, 100% used [0x00000007a0000000, 0x00000007a5560000, 0x00000007a5560000)
  from space 21824K, 100% used [0x00000007a5560000, 0x00000007a6ab0000, 0x00000007a6ab0000)
  to   space 21824K,   0% used [0x00000007a6ab0000, 0x00000007a6ab0000, 0x00000007a8000000)
 concurrent mark-sweep generation total 393216K, used 167310K [0x00000007a8000000, 0x00000007c0000000, 0x00000007c0000000)
 Metaspace       used 39815K, capacity 40454K, committed 40948K, reserved 1085440K
  class space    used 4550K, capacity 4754K, committed 4860K, reserved 1048576K
2016-10-23T22:32:11.285+0800: 1950.308: [GC (Allocation Failure) 2016-10-23T22:32:11.285+0800: 1950.308: [ParNew
Desired survivor size 20112992 bytes, new threshold 8 (max 8)
- age   1:    5532680 bytes,    5532680 total
- age   2:    3260504 bytes,    8793184 total
- age   3:    1972480 bytes,   10765664 total
- age   4:     385328 bytes,   11150992 total
- age   5:    2846984 bytes,   13997976 total
- age   6:    3563968 bytes,   17561944 total
- age   7:    2435536 bytes,   19997480 total
- age   8:    1906432 bytes,   21903912 total
: 109248K->21824K(109248K), 0.0146399 secs] 276558K->193237K(502464K), 0.0147077 secs] [Times: user=0.05 sys=0.00, real=0.02 secs] 
Heap after GC invocations=143 (full 3):
 par new generation   total 109248K, used 21824K [0x00000007a0000000, 0x00000007a8000000, 0x00000007a8000000)
  eden space 87424K,   0% used [0x00000007a0000000, 0x00000007a0000000, 0x00000007a5560000)
  from space 21824K, 100% used [0x00000007a6ab0000, 0x00000007a8000000, 0x00000007a8000000)
  to   space 21824K,   0% used [0x00000007a5560000, 0x00000007a5560000, 0x00000007a6ab0000)
 concurrent mark-sweep generation total 393216K, used 171413K [0x00000007a8000000, 0x00000007c0000000, 0x00000007c0000000)
 Metaspace       used 39815K, capacity 40454K, committed 40948K, reserved 1085440K
  class space    used 4550K, capacity 4754K, committed 4860K, reserved 1048576K
}
2016-10-23T22:32:11.300+0800: 1950.323: Total time for which application threads were stopped: 0.0149767 seconds, Stopping threads took: 0.0000940 seconds
{Heap before GC invocations=143 (full 3):
 par new generation   total 109248K, used 109248K [0x00000007a0000000, 0x00000007a8000000, 0x00000007a8000000)
  eden space 87424K, 100% used [0x00000007a0000000, 0x00000007a5560000, 0x00000007a5560000)
  from space 21824K, 100% used [0x00000007a6ab0000, 0x00000007a8000000, 0x00000007a8000000)
  to   space 21824K,   0% used [0x00000007a5560000, 0x00000007a5560000, 0x00000007a6ab0000)
 concurrent mark-sweep generation total 393216K, used 171413K [0x00000007a8000000, 0x00000007c0000000, 0x00000007c0000000)
 Metaspace       used 39815K, capacity 40454K, committed 40948K, reserved 1085440K
  class space    used 4550K, capacity 4754K, committed 4860K, reserved 1048576K
2016-10-23T22:32:11.434+0800: 1950.457: [GC (Allocation Failure) 2016-10-23T22:32:11.434+0800: 1950.457: [ParNew
Desired survivor size 20112992 bytes, new threshold 8 (max 8)
- age   1:    6418336 bytes,    6418336 total
- age   2:    2825016 bytes,    9243352 total
- age   3:    2052632 bytes,   11295984 total
- age   4:    1653616 bytes,   12949600 total
- age   5:     339648 bytes,   13289248 total
- age   6:    2169072 bytes,   15458320 total
- age   7:    3030472 bytes,   18488792 total
- age   8:    2407216 bytes,   20896008 total
: 109248K->21824K(109248K), 0.0166714 secs] 280661K->200258K(502464K), 0.0167382 secs] [Times: user=0.06 sys=0.00, real=0.02 secs] 
Heap after GC invocations=144 (full 3):
 par new generation   total 109248K, used 21824K [0x00000007a0000000, 0x00000007a8000000, 0x00000007a8000000)
  eden space 87424K,   0% used [0x00000007a0000000, 0x00000007a0000000, 0x00000007a5560000)
  from space 21824K, 100% used [0x00000007a5560000, 0x00000007a6ab0000, 0x00000007a6ab0000)
  to   space 21824K,   0% used [0x00000007a6ab0000, 0x00000007a6ab0000, 0x00000007a8000000)
 concurrent mark-sweep generation total 393216K, used 178434K [0x00000007a8000000, 0x00000007c0000000, 0x00000007c0000000)
 Metaspace       used 39815K, capacity 40454K, committed 40948K, reserved 1085440K
  class space    used 4550K, capacity 4754K, committed 4860K, reserved 1048576K
}
2016-10-23T22:32:11.451+0800: 1950.474: Total time for which application threads were stopped: 0.0169510 seconds, Stopping threads took: 0.0000316 seconds
{Heap before GC invocations=144 (full 3):
 par new generation   total 109248K, used 109248K [0x00000007a0000000, 0x00000007a8000000, 0x00000007a8000000)
  eden space 87424K, 100% used [0x00000007a0000000, 0x00000007a5560000, 0x00000007a5560000)
  from space 21824K, 100% used [0x00000007a5560000, 0x00000007a6ab0000, 0x00000007a6ab0000)
  to   space 21824K,   0% used [0x00000007a6ab0000, 0x00000007a6ab0000, 0x00000007a8000000)
 concurrent mark-sweep generation total 393216K, used 178434K [0x00000007a8000000, 0x00000007c0000000, 0x00000007c0000000)
 Metaspace       used 39815K, capacity 40454K, committed 40948K, reserved 1085440K
  class space    used 4550K, capacity 4754K, committed 4860K, reserved 1048576K
2016-10-23T22:32:11.595+0800: 1950.619: [GC (Allocation Failure) 2016-10-23T22:32:11.596+0800: 1950.619: [ParNew
Desired survivor size 20112992 bytes, new threshold 8 (max 8)
- age   1:    5664224 bytes,    5664224 total
- age   2:    3667024 bytes,    9331248 total
- age   3:    2548144 bytes,   11879392 total
- age   4:    1935528 bytes,   13814920 total
- age   5:    1551968 bytes,   15366888 total
- age   6:     329824 bytes,   15696712 total
- age   7:    1741960 bytes,   17438672 total
- age   8:    2298568 bytes,   19737240 total
: 109248K->21824K(109248K), 0.0149926 secs] 287682K->206635K(502464K), 0.0150450 secs] [Times: user=0.05 sys=0.00, real=0.02 secs] 
Heap after GC invocations=145 (full 3):
 par new generation   total 109248K, used 21824K [0x00000007a0000000, 0x00000007a8000000, 0x00000007a8000000)
  eden space 87424K,   0% used [0x00000007a0000000, 0x00000007a0000000, 0x00000007a5560000)
  from space 21824K, 100% used [0x00000007a6ab0000, 0x00000007a8000000, 0x00000007a8000000)
  to   space 21824K,   0% used [0x00000007a5560000, 0x00000007a5560000, 0x00000007a6ab0000)
 concurrent mark-sweep generation total 393216K, used 184811K [0x00000007a8000000, 0x00000007c0000000, 0x00000007c0000000)
 Metaspace       used 39815K, capacity 40454K, committed 40948K, reserved 1085440K
  class space    used 4550K, capacity 4754K, committed 4860K, reserved 1048576K
}
2016-10-23T22:32:11.611+0800: 1950.634: Total time for which application threads were stopped: 0.0153029 seconds, Stopping threads took: 0.0000669 seconds
2016-10-23T22:32:11.677+0800: 1950.700: Total time for which application threads were stopped: 0.0001868 seconds, Stopping threads took: 0.0000828 seconds
{Heap before GC invocations=145 (full 3):
 par new generation   total 109248K, used 109248K [0x00000007a0000000, 0x00000007a8000000, 0x00000007a8000000)
  eden space 87424K, 100% used [0x00000007a0000000, 0x00000007a5560000, 0x00000007a5560000)
  from space 21824K, 100% used [0x00000007a6ab0000, 0x00000007a8000000, 0x00000007a8000000)
  to   space 21824K,   0% used [0x00000007a5560000, 0x00000007a5560000, 0x00000007a6ab0000)
 concurrent mark-sweep generation total 393216K, used 184811K [0x00000007a8000000, 0x00000007c0000000, 0x00000007c0000000)
 Metaspace       used 39815K, capacity 40454K, committed 40948K, reserved 1085440K
  class space    used 4550K, capacity 4754K, committed 4860K, reserved 1048576K
2016-10-23T22:32:11.765+0800: 1950.788: [GC (Allocation Failure) 2016-10-23T22:32:11.765+0800: 1950.788: [ParNew
Desired survivor size 20112992 bytes, new threshold 8 (max 8)
- age   1:    5968008 bytes,    5968008 total
- age   2:    4390632 bytes,   10358640 total
- age   3:    2931784 bytes,   13290424 total
- age   4:    2086168 bytes,   15376592 total
- age   5:    1495816 bytes,   16872408 total
- age   6:    1249136 bytes,   18121544 total
- age   7:     275920 bytes,   18397464 total
- age   8:    1558072 bytes,   19955536 total
: 109248K->21824K(109248K), 0.0155393 secs] 294059K->210246K(502464K), 0.0156073 secs] [Times: user=0.05 sys=0.00, real=0.02 secs] 
Heap after GC invocations=146 (full 3):
 par new generation   total 109248K, used 21824K [0x00000007a0000000, 0x00000007a8000000, 0x00000007a8000000)
  eden space 87424K,   0% used [0x00000007a0000000, 0x00000007a0000000, 0x00000007a5560000)
  from space 21824K, 100% used [0x00000007a5560000, 0x00000007a6ab0000, 0x00000007a6ab0000)
  to   space 21824K,   0% used [0x00000007a6ab0000, 0x00000007a6ab0000, 0x00000007a8000000)
 concurrent mark-sweep generation total 393216K, used 188422K [0x00000007a8000000, 0x00000007c0000000, 0x00000007c0000000)
 Metaspace       used 39815K, capacity 40454K, committed 40948K, reserved 1085440K
  class space    used 4550K, capacity 4754K, committed 4860K, reserved 1048576K
}
2016-10-23T22:32:11.781+0800: 1950.804: Total time for which application threads were stopped: 0.0160306 seconds, Stopping threads took: 0.0002406 seconds
{Heap before GC invocations=146 (full 3):
 par new generation   total 109248K, used 109248K [0x00000007a0000000, 0x00000007a8000000, 0x00000007a8000000)
  eden space 87424K, 100% used [0x00000007a0000000, 0x00000007a5560000, 0x00000007a5560000)
  from space 21824K, 100% used [0x00000007a5560000, 0x00000007a6ab0000, 0x00000007a6ab0000)
  to   space 21824K,   0% used [0x00000007a6ab0000, 0x00000007a6ab0000, 0x00000007a8000000)
 concurrent mark-sweep generation total 393216K, used 188422K [0x00000007a8000000, 0x00000007c0000000, 0x00000007c0000000)
 Metaspace       used 39816K, capacity 40454K, committed 40948K, reserved 1085440K
  class space    used 4550K, capacity 4754K, committed 4860K, reserved 1048576K
2016-10-23T22:32:11.834+0800: 1950.857: [GC (Allocation Failure) 2016-10-23T22:32:11.834+0800: 1950.857: [ParNew
Desired survivor size 20112992 bytes, new threshold 8 (max 8)
- age   1:    1131480 bytes,    1131480 total
- age   2:    4622712 bytes,    5754192 total
- age   3:    4295832 bytes,   10050024 total
- age   4:    2837216 bytes,   12887240 total
- age   5:    2077560 bytes,   14964800 total
- age   6:    1487392 bytes,   16452192 total
- age   7:    1243376 bytes,   17695568 total
- age   8:     275416 bytes,   17970984 total
: 109248K->21824K(109248K), 0.0102641 secs] 297670K->213098K(502464K), 0.0103215 secs] [Times: user=0.03 sys=0.01, real=0.01 secs] 
Heap after GC invocations=147 (full 3):
 par new generation   total 109248K, used 21824K [0x00000007a0000000, 0x00000007a8000000, 0x00000007a8000000)
  eden space 87424K,   0% used [0x00000007a0000000, 0x00000007a0000000, 0x00000007a5560000)
  from space 21824K, 100% used [0x00000007a6ab0000, 0x00000007a8000000, 0x00000007a8000000)
  to   space 21824K,   0% used [0x00000007a5560000, 0x00000007a5560000, 0x00000007a6ab0000)
 concurrent mark-sweep generation total 393216K, used 191274K [0x00000007a8000000, 0x00000007c0000000, 0x00000007c0000000)
 Metaspace       used 39816K, capacity 40454K, committed 40948K, reserved 1085440K
  class space    used 4550K, capacity 4754K, committed 4860K, reserved 1048576K
}
2016-10-23T22:32:11.844+0800: 1950.867: Total time for which application threads were stopped: 0.0105509 seconds, Stopping threads took: 0.0000611 seconds
2016-10-23T22:32:11.892+0800: 1950.915: Total time for which application threads were stopped: 0.0001693 seconds, Stopping threads took: 0.0000543 seconds
2016-10-23T22:32:11.906+0800: 1950.929: Total time for which application threads were stopped: 0.0001974 seconds, Stopping threads took: 0.0000876 seconds
{Heap before GC invocations=147 (full 3):
 par new generation   total 109248K, used 109248K [0x00000007a0000000, 0x00000007a8000000, 0x00000007a8000000)
  eden space 87424K, 100% used [0x00000007a0000000, 0x00000007a5560000, 0x00000007a5560000)
  from space 21824K, 100% used [0x00000007a6ab0000, 0x00000007a8000000, 0x00000007a8000000)
  to   space 21824K,   0% used [0x00000007a5560000, 0x00000007a5560000, 0x00000007a6ab0000)
 concurrent mark-sweep generation total 393216K, used 191274K [0x00000007a8000000, 0x00000007c0000000, 0x00000007c0000000)
 Metaspace       used 39824K, capacity 40518K, committed 40948K, reserved 1085440K
  class space    used 4550K, capacity 4754K, committed 4860K, reserved 1048576K
2016-10-23T22:32:11.935+0800: 1950.958: [GC (Allocation Failure) 2016-10-23T22:32:11.935+0800: 1950.958: [ParNew
Desired survivor size 20112992 bytes, new threshold 8 (max 8)
- age   1:    3611616 bytes,    3611616 total
- age   2:     576912 bytes,    4188528 total
- age   3:    4157112 bytes,    8345640 total
- age   4:    3814496 bytes,   12160136 total
- age   5:    2501536 bytes,   14661672 total
- age   6:    1946112 bytes,   16607784 total
- age   7:    1369352 bytes,   17977136 total
- age   8:    1175832 bytes,   19152968 total
: 109248K->21824K(109248K), 0.0102505 secs] 300522K->213639K(502464K), 0.0103142 secs] [Times: user=0.04 sys=0.00, real=0.01 secs] 
Heap after GC invocations=148 (full 3):
 par new generation   total 109248K, used 21824K [0x00000007a0000000, 0x00000007a8000000, 0x00000007a8000000)
  eden space 87424K,   0% used [0x00000007a0000000, 0x00000007a0000000, 0x00000007a5560000)
  from space 21824K, 100% used [0x00000007a5560000, 0x00000007a6ab0000, 0x00000007a6ab0000)
  to   space 21824K,   0% used [0x00000007a6ab0000, 0x00000007a6ab0000, 0x00000007a8000000)
 concurrent mark-sweep generation total 393216K, used 191815K [0x00000007a8000000, 0x00000007c0000000, 0x00000007c0000000)
 Metaspace       used 39824K, capacity 40518K, committed 40948K, reserved 1085440K
  class space    used 4550K, capacity 4754K, committed 4860K, reserved 1048576K
}
2016-10-23T22:32:11.945+0800: 1950.968: Total time for which application threads were stopped: 0.0105888 seconds, Stopping threads took: 0.0000881 seconds
{Heap before GC invocations=148 (full 3):
 par new generation   total 109248K, used 109248K [0x00000007a0000000, 0x00000007a8000000, 0x00000007a8000000)
  eden space 87424K, 100% used [0x00000007a0000000, 0x00000007a5560000, 0x00000007a5560000)
  from space 21824K, 100% used [0x00000007a5560000, 0x00000007a6ab0000, 0x00000007a6ab0000)
  to   space 21824K,   0% used [0x00000007a6ab0000, 0x00000007a6ab0000, 0x00000007a8000000)
 concurrent mark-sweep generation total 393216K, used 191815K [0x00000007a8000000, 0x00000007c0000000, 0x00000007c0000000)
 Metaspace       used 39824K, capacity 40518K, committed 40948K, reserved 1085440K
  class space    used 4550K, capacity 4754K, committed 4860K, reserved 1048576K
2016-10-23T22:32:12.081+0800: 1951.104: [GC (Allocation Failure) 2016-10-23T22:32:12.081+0800: 1951.104: [ParNew
Desired survivor size 20112992 bytes, new threshold 8 (max 8)
- age   1:    4668664 bytes,    4668664 total
- age   2:    1882152 bytes,    6550816 total
- age   3:     547224 bytes,    7098040 total
- age   4:    4073072 bytes,   11171112 total
- age   5:    3814464 bytes,   14985576 total
- age   6:    2501392 bytes,   17486968 total
- age   7:    1945776 bytes,   19432744 total
- age   8:    1368920 bytes,   20801664 total
: 109248K->21824K(109248K), 0.0112896 secs] 301063K->216992K(502464K), 0.0113683 secs] [Times: user=0.04 sys=0.00, real=0.01 secs] 
Heap after GC invocations=149 (full 3):
 par new generation   total 109248K, used 21824K [0x00000007a0000000, 0x00000007a8000000, 0x00000007a8000000)
  eden space 87424K,   0% used [0x00000007a0000000, 0x00000007a0000000, 0x00000007a5560000)
  from space 21824K, 100% used [0x00000007a6ab0000, 0x00000007a8000000, 0x00000007a8000000)
  to   space 21824K,   0% used [0x00000007a5560000, 0x00000007a5560000, 0x00000007a6ab0000)
 concurrent mark-sweep generation total 393216K, used 195168K [0x00000007a8000000, 0x00000007c0000000, 0x00000007c0000000)
 Metaspace       used 39824K, capacity 40518K, committed 40948K, reserved 1085440K
  class space    used 4550K, capacity 4754K, committed 4860K, reserved 1048576K
}
2016-10-23T22:32:12.092+0800: 1951.115: Total time for which application threads were stopped: 0.0116522 seconds, Stopping threads took: 0.0001091 seconds
{Heap before GC invocations=149 (full 3):
 par new generation   total 109248K, used 109248K [0x00000007a0000000, 0x00000007a8000000, 0x00000007a8000000)
  eden space 87424K, 100% used [0x00000007a0000000, 0x00000007a5560000, 0x00000007a5560000)
  from space 21824K, 100% used [0x00000007a6ab0000, 0x00000007a8000000, 0x00000007a8000000)
  to   space 21824K,   0% used [0x00000007a5560000, 0x00000007a5560000, 0x00000007a6ab0000)
 concurrent mark-sweep generation total 393216K, used 195168K [0x00000007a8000000, 0x00000007c0000000, 0x00000007c0000000)
 Metaspace       used 39824K, capacity 40518K, committed 40948K, reserved 1085440K
  class space    used 4550K, capacity 4754K, committed 4860K, reserved 1048576K
2016-10-23T22:32:12.230+0800: 1951.253: [GC (Allocation Failure) 2016-10-23T22:32:12.230+0800: 1951.253: [ParNew
Desired survivor size 20112992 bytes, new threshold 8 (max 8)
- age   1:    4486824 bytes,    4486824 total
- age   2:    3014424 bytes,    7501248 total
- age   3:    1528120 bytes,    9029368 total
- age   4:     480704 bytes,    9510072 total
- age   5:    3695688 bytes,   13205760 total
- age   6:    3814464 bytes,   17020224 total
- age   7:    2501344 bytes,   19521568 total
- age   8:    1945680 bytes,   21467248 total
: 109248K->21824K(109248K), 0.0129743 secs] 304416K->221496K(502464K), 0.0130283 secs] [Times: user=0.05 sys=0.00, real=0.01 secs] 
Heap after GC invocations=150 (full 3):
 par new generation   total 109248K, used 21824K [0x00000007a0000000, 0x00000007a8000000, 0x00000007a8000000)
  eden space 87424K,   0% used [0x00000007a0000000, 0x00000007a0000000, 0x00000007a5560000)
  from space 21824K, 100% used [0x00000007a5560000, 0x00000007a6ab0000, 0x00000007a6ab0000)
  to   space 21824K,   0% used [0x00000007a6ab0000, 0x00000007a6ab0000, 0x00000007a8000000)
 concurrent mark-sweep generation total 393216K, used 199672K [0x00000007a8000000, 0x00000007c0000000, 0x00000007c0000000)
 Metaspace       used 39824K, capacity 40518K, committed 40948K, reserved 1085440K
  class space    used 4550K, capacity 4754K, committed 4860K, reserved 1048576K
}
2016-10-23T22:32:12.243+0800: 1951.266: Total time for which application threads were stopped: 0.0132149 seconds, Stopping threads took: 0.0000308 seconds
2016-10-23T22:32:12.243+0800: 1951.266: [GC (CMS Initial Mark) [1 CMS-initial-mark: 199672K(393216K)] 223103K(502464K), 0.0034797 secs] [Times: user=0.01 sys=0.00, real=0.00 secs] 
2016-10-23T22:32:12.247+0800: 1951.270: Total time for which application threads were stopped: 0.0036814 seconds, Stopping threads took: 0.0000764 seconds
2016-10-23T22:32:12.247+0800: 1951.270: [CMS-concurrent-mark-start]
2016-10-23T22:32:12.259+0800: 1951.282: [CMS-concurrent-mark: 0.013/0.013 secs] [Times: user=0.07 sys=0.00, real=0.01 secs] 
2016-10-23T22:32:12.259+0800: 1951.283: [CMS-concurrent-preclean-start]
2016-10-23T22:32:12.261+0800: 1951.284: [CMS-concurrent-preclean: 0.002/0.002 secs] [Times: user=0.01 sys=0.00, real=0.01 secs] 
2016-10-23T22:32:12.261+0800: 1951.284: [CMS-concurrent-abortable-preclean-start]
2016-10-23T22:32:12.331+0800: 1951.354: [CMS-concurrent-abortable-preclean: 0.069/0.069 secs] [Times: user=0.20 sys=0.01, real=0.07 secs] 
2016-10-23T22:32:12.331+0800: 1951.354: [GC (CMS Final Remark) [YG occupancy: 72703 K (109248 K)]{Heap before GC invocations=150 (full 4):
 par new generation   total 109248K, used 72703K [0x00000007a0000000, 0x00000007a8000000, 0x00000007a8000000)
  eden space 87424K,  58% used [0x00000007a0000000, 0x00000007a31afeb8, 0x00000007a5560000)
  from space 21824K, 100% used [0x00000007a5560000, 0x00000007a6ab0000, 0x00000007a6ab0000)
  to   space 21824K,   0% used [0x00000007a6ab0000, 0x00000007a6ab0000, 0x00000007a8000000)
 concurrent mark-sweep generation total 393216K, used 199672K [0x00000007a8000000, 0x00000007c0000000, 0x00000007c0000000)
 Metaspace       used 39824K, capacity 40518K, committed 40948K, reserved 1085440K
  class space    used 4550K, capacity 4754K, committed 4860K, reserved 1048576K
2016-10-23T22:32:12.331+0800: 1951.354: [GC (CMS Final Remark) 2016-10-23T22:32:12.331+0800: 1951.354: [ParNew
Desired survivor size 20112992 bytes, new threshold 8 (max 8)
- age   1:    4985768 bytes,    4985768 total
- age   2:    3080616 bytes,    8066384 total
- age   3:    2489816 bytes,   10556200 total
- age   4:    1411328 bytes,   11967528 total
- age   5:     471560 bytes,   12439088 total
- age   6:    3558568 bytes,   15997656 total
- age   7:    3535696 bytes,   19533352 total
- age   8:    2197520 bytes,   21730872 total
: 72703K->21824K(109248K), 0.0127296 secs] 272376K->225033K(502464K), 0.0127782 secs] [Times: user=0.05 sys=0.00, real=0.01 secs] 
Heap after GC invocations=151 (full 4):
 par new generation   total 109248K, used 21824K [0x00000007a0000000, 0x00000007a8000000, 0x00000007a8000000)
  eden space 87424K,   0% used [0x00000007a0000000, 0x00000007a0000000, 0x00000007a5560000)
  from space 21824K, 100% used [0x00000007a6ab0000, 0x00000007a8000000, 0x00000007a8000000)
  to   space 21824K,   0% used [0x00000007a5560000, 0x00000007a5560000, 0x00000007a6ab0000)
 concurrent mark-sweep generation total 393216K, used 203209K [0x00000007a8000000, 0x00000007c0000000, 0x00000007c0000000)
 Metaspace       used 39824K, capacity 40518K, committed 40948K, reserved 1085440K
  class space    used 4550K, capacity 4754K, committed 4860K, reserved 1048576K
}
2016-10-23T22:32:12.344+0800: 1951.367: [Rescan (parallel) , 0.0042282 secs]2016-10-23T22:32:12.348+0800: 1951.371: [weak refs processing, 0.0008662 secs]2016-10-23T22:32:12.349+0800: 1951.372: [class unloading, 0.0108682 secs]2016-10-23T22:32:12.360+0800: 1951.383: [scrub symbol table, 0.0074683 secs]2016-10-23T22:32:12.367+0800: 1951.390: [scrub string table, 0.0005556 secs][1 CMS-remark: 203209K(393216K)] 225033K(502464K), 0.0371506 secs] [Times: user=0.09 sys=0.00, real=0.03 secs] 
2016-10-23T22:32:12.368+0800: 1951.391: Total time for which application threads were stopped: 0.0373644 seconds, Stopping threads took: 0.0000816 seconds
2016-10-23T22:32:12.368+0800: 1951.391: [CMS-concurrent-sweep-start]
2016-10-23T22:32:12.369+0800: 1951.392: Total time for which application threads were stopped: 0.0003185 seconds, Stopping threads took: 0.0000940 seconds
2016-10-23T22:32:12.469+0800: 1951.492: [CMS-concurrent-sweep: 0.100/0.101 secs] [Times: user=0.29 sys=0.00, real=0.10 secs] 
2016-10-23T22:32:12.469+0800: 1951.492: [CMS-concurrent-reset-start]
2016-10-23T22:32:12.469+0800: 1951.492: [CMS-concurrent-reset: 0.000/0.000 secs] [Times: user=0.00 sys=0.00, real=0.00 secs] 
{Heap before GC invocations=151 (full 4):
 par new generation   total 109248K, used 109248K [0x00000007a0000000, 0x00000007a8000000, 0x00000007a8000000)
  eden space 87424K, 100% used [0x00000007a0000000, 0x00000007a5560000, 0x00000007a5560000)
  from space 21824K, 100% used [0x00000007a6ab0000, 0x00000007a8000000, 0x00000007a8000000)
  to   space 21824K,   0% used [0x00000007a5560000, 0x00000007a5560000, 0x00000007a6ab0000)
 concurrent mark-sweep generation total 393216K, used 40160K [0x00000007a8000000, 0x00000007c0000000, 0x00000007c0000000)
 Metaspace       used 39824K, capacity 40518K, committed 40948K, reserved 1085440K
  class space    used 4550K, capacity 4754K, committed 4860K, reserved 1048576K
2016-10-23T22:32:12.509+0800: 1951.532: [GC (Allocation Failure) 2016-10-23T22:32:12.509+0800: 1951.532: [ParNew
Desired survivor size 20112992 bytes, new threshold 8 (max 8)
- age   1:    7107392 bytes,    7107392 total
- age   2:    2809384 bytes,    9916776 total
- age   3:    2653096 bytes,   12569872 total
- age   4:    2192464 bytes,   14762336 total
- age   5:    1316072 bytes,   16078408 total
- age   6:     423760 bytes,   16502168 total
- age   7:    2916848 bytes,   19419016 total
- age   8:    2121176 bytes,   21540192 total
: 109248K->21824K(109248K), 0.0124369 secs] 149408K->65503K(502464K), 0.0124999 secs] [Times: user=0.05 sys=0.00, real=0.02 secs] 
Heap after GC invocations=152 (full 4):
 par new generation   total 109248K, used 21824K [0x00000007a0000000, 0x00000007a8000000, 0x00000007a8000000)
  eden space 87424K,   0% used [0x00000007a0000000, 0x00000007a0000000, 0x00000007a5560000)
  from space 21824K, 100% used [0x00000007a5560000, 0x00000007a6ab0000, 0x00000007a6ab0000)
  to   space 21824K,   0% used [0x00000007a6ab0000, 0x00000007a6ab0000, 0x00000007a8000000)
 concurrent mark-sweep generation total 393216K, used 43679K [0x00000007a8000000, 0x00000007c0000000, 0x00000007c0000000)
 Metaspace       used 39824K, capacity 40518K, committed 40948K, reserved 1085440K
  class space    used 4550K, capacity 4754K, committed 4860K, reserved 1048576K
}
2016-10-23T22:32:12.522+0800: 1951.545: Total time for which application threads were stopped: 0.0127867 seconds, Stopping threads took: 0.0000774 seconds
{Heap before GC invocations=152 (full 4):
 par new generation   total 109248K, used 109248K [0x00000007a0000000, 0x00000007a8000000, 0x00000007a8000000)
  eden space 87424K, 100% used [0x00000007a0000000, 0x00000007a5560000, 0x00000007a5560000)
  from space 21824K, 100% used [0x00000007a5560000, 0x00000007a6ab0000, 0x00000007a6ab0000)
  to   space 21824K,   0% used [0x00000007a6ab0000, 0x00000007a6ab0000, 0x00000007a8000000)
 concurrent mark-sweep generation total 393216K, used 43679K [0x00000007a8000000, 0x00000007c0000000, 0x00000007c0000000)
 Metaspace       used 39824K, capacity 40518K, committed 40948K, reserved 1085440K
  class space    used 4550K, capacity 4754K, committed 4860K, reserved 1048576K
2016-10-23T22:32:12.660+0800: 1951.684: [GC (Allocation Failure) 2016-10-23T22:32:12.660+0800: 1951.684: [ParNew
Desired survivor size 20112992 bytes, new threshold 8 (max 8)
- age   1:    7035592 bytes,    7035592 total
- age   2:    4303616 bytes,   11339208 total
- age   3:    2345120 bytes,   13684328 total
- age   4:    2366512 bytes,   16050840 total
- age   5:    1980336 bytes,   18031176 total
- age   6:    1159960 bytes,   19191136 total
- age   7:     390648 bytes,   19581784 total
- age   8:    2764952 bytes,   22346736 total
: 109248K->21824K(109248K), 0.0130145 secs] 152927K->69754K(502464K), 0.0130972 secs] [Times: user=0.05 sys=0.00, real=0.01 secs] 
Heap after GC invocations=153 (full 4):
 par new generation   total 109248K, used 21824K [0x00000007a0000000, 0x00000007a8000000, 0x00000007a8000000)
  eden space 87424K,   0% used [0x00000007a0000000, 0x00000007a0000000, 0x00000007a5560000)
  from space 21824K, 100% used [0x00000007a6ab0000, 0x00000007a8000000, 0x00000007a8000000)
  to   space 21824K,   0% used [0x00000007a5560000, 0x00000007a5560000, 0x00000007a6ab0000)
 concurrent mark-sweep generation total 393216K, used 47930K [0x00000007a8000000, 0x00000007c0000000, 0x00000007c0000000)
 Metaspace       used 39824K, capacity 40518K, committed 40948K, reserved 1085440K
  class space    used 4550K, capacity 4754K, committed 4860K, reserved 1048576K
}
2016-10-23T22:32:12.674+0800: 1951.697: Total time for which application threads were stopped: 0.0133181 seconds, Stopping threads took: 0.0000369 seconds
2016-10-23T22:32:12.678+0800: 1951.701: Total time for which application threads were stopped: 0.0001891 seconds, Stopping threads took: 0.0000712 seconds
2016-10-23T22:32:12.679+0800: 1951.702: Total time for which application threads were stopped: 0.0000944 seconds, Stopping threads took: 0.0000107 seconds
{Heap before GC invocations=153 (full 4):
 par new generation   total 109248K, used 109248K [0x00000007a0000000, 0x00000007a8000000, 0x00000007a8000000)
  eden space 87424K, 100% used [0x00000007a0000000, 0x00000007a5560000, 0x00000007a5560000)
  from space 21824K, 100% used [0x00000007a6ab0000, 0x00000007a8000000, 0x00000007a8000000)
  to   space 21824K,   0% used [0x00000007a5560000, 0x00000007a5560000, 0x00000007a6ab0000)
 concurrent mark-sweep generation total 393216K, used 47930K [0x00000007a8000000, 0x00000007c0000000, 0x00000007c0000000)
 Metaspace       used 39824K, capacity 40518K, committed 40948K, reserved 1085440K
  class space    used 4550K, capacity 4754K, committed 4860K, reserved 1048576K
2016-10-23T22:32:12.797+0800: 1951.820: [GC (Allocation Failure) 2016-10-23T22:32:12.797+0800: 1951.820: [ParNew
Desired survivor size 20112992 bytes, new threshold 7 (max 8)
- age   1:    2821368 bytes,    2821368 total
- age   2:    6372456 bytes,    9193824 total
- age   3:    3846768 bytes,   13040592 total
- age   4:    2213048 bytes,   15253640 total
- age   5:    2137632 bytes,   17391272 total
- age   6:    1760720 bytes,   19151992 total
- age   7:    1047688 bytes,   20199680 total
- age   8:     345504 bytes,   20545184 total
: 109248K->21824K(109248K), 0.0146714 secs] 157178K->74484K(502464K), 0.0147203 secs] [Times: user=0.05 sys=0.01, real=0.02 secs] 
Heap after GC invocations=154 (full 4):
 par new generation   total 109248K, used 21824K [0x00000007a0000000, 0x00000007a8000000, 0x00000007a8000000)
  eden space 87424K,   0% used [0x00000007a0000000, 0x00000007a0000000, 0x00000007a5560000)
  from space 21824K, 100% used [0x00000007a5560000, 0x00000007a6ab0000, 0x00000007a6ab0000)
  to   space 21824K,   0% used [0x00000007a6ab0000, 0x00000007a6ab0000, 0x00000007a8000000)
 concurrent mark-sweep generation total 393216K, used 52660K [0x00000007a8000000, 0x00000007c0000000, 0x00000007c0000000)
 Metaspace       used 39824K, capacity 40518K, committed 40948K, reserved 1085440K
  class space    used 4550K, capacity 4754K, committed 4860K, reserved 1048576K
}
2016-10-23T22:32:12.812+0800: 1951.835: Total time for which application threads were stopped: 0.0149481 seconds, Stopping threads took: 0.0000597 seconds
2016-10-23T22:32:12.853+0800: 1951.876: Total time for which application threads were stopped: 0.0002190 seconds, Stopping threads took: 0.0000845 seconds
{Heap before GC invocations=154 (full 4):
 par new generation   total 109248K, used 109248K [0x00000007a0000000, 0x00000007a8000000, 0x00000007a8000000)
  eden space 87424K, 100% used [0x00000007a0000000, 0x00000007a5560000, 0x00000007a5560000)
  from space 21824K, 100% used [0x00000007a5560000, 0x00000007a6ab0000, 0x00000007a6ab0000)
  to   space 21824K,   0% used [0x00000007a6ab0000, 0x00000007a6ab0000, 0x00000007a8000000)
 concurrent mark-sweep generation total 393216K, used 52660K [0x00000007a8000000, 0x00000007c0000000, 0x00000007c0000000)
 Metaspace       used 39851K, capacity 40518K, committed 40948K, reserved 1085440K
  class space    used 4553K, capacity 4754K, committed 4860K, reserved 1048576K
2016-10-23T22:32:12.863+0800: 1951.886: [GC (Allocation Failure) 2016-10-23T22:32:12.863+0800: 1951.886: [ParNew
Desired survivor size 20112992 bytes, new threshold 8 (max 8)
- age   1:    1559424 bytes,    1559424 total
- age   2:    2247512 bytes,    3806936 total
- age   3:    6338440 bytes,   10145376 total
- age   4:    3823432 bytes,   13968808 total
- age   5:    2201800 bytes,   16170608 total
- age   6:    2121392 bytes,   18292000 total
- age   7:    1741616 bytes,   20033616 total
: 109248K->21824K(109248K), 0.0112428 secs] 161908K->75966K(502464K), 0.0113057 secs] [Times: user=0.04 sys=0.00, real=0.01 secs] 
Heap after GC invocations=155 (full 4):
 par new generation   total 109248K, used 21824K [0x00000007a0000000, 0x00000007a8000000, 0x00000007a8000000)
  eden space 87424K,   0% used [0x00000007a0000000, 0x00000007a0000000, 0x00000007a5560000)
  from space 21824K, 100% used [0x00000007a6ab0000, 0x00000007a8000000, 0x00000007a8000000)
  to   space 21824K,   0% used [0x00000007a5560000, 0x00000007a5560000, 0x00000007a6ab0000)
 concurrent mark-sweep generation total 393216K, used 54142K [0x00000007a8000000, 0x00000007c0000000, 0x00000007c0000000)
 Metaspace       used 39851K, capacity 40518K, committed 40948K, reserved 1085440K
  class space    used 4553K, capacity 4754K, committed 4860K, reserved 1048576K
}
2016-10-23T22:32:12.874+0800: 1951.897: Total time for which application threads were stopped: 0.0115240 seconds, Stopping threads took: 0.0000727 seconds
2016-10-23T22:32:12.888+0800: 1951.911: Total time for which application threads were stopped: 0.0007029 seconds, Stopping threads took: 0.0000554 seconds
2016-10-23T22:32:12.889+0800: 1951.912: Total time for which application threads were stopped: 0.0001103 seconds, Stopping threads took: 0.0000508 seconds
2016-10-23T22:32:12.892+0800: 1951.915: Total time for which application threads were stopped: 0.0001495 seconds, Stopping threads took: 0.0000621 seconds
2016-10-23T22:32:12.897+0800: 1951.920: Total time for which application threads were stopped: 0.0001724 seconds, Stopping threads took: 0.0000580 seconds
2016-10-23T22:32:12.899+0800: 1951.922: Total time for which application threads were stopped: 0.0001943 seconds, Stopping threads took: 0.0000867 seconds
2016-10-23T22:32:12.901+0800: 1951.925: Total time for which application threads were stopped: 0.0001646 seconds, Stopping threads took: 0.0000694 seconds
2016-10-23T22:32:12.906+0800: 1951.930: Total time for which application threads were stopped: 0.0001889 seconds, Stopping threads took: 0.0000773 seconds
2016-10-23T22:32:12.914+0800: 1951.937: Total time for which application threads were stopped: 0.0001662 seconds, Stopping threads took: 0.0000699 seconds
2016-10-23T22:32:12.914+0800: 1951.937: Total time for which application threads were stopped: 0.0000532 seconds, Stopping threads took: 0.0000101 seconds
2016-10-23T22:32:12.931+0800: 1951.955: Total time for which application threads were stopped: 0.0003335 seconds, Stopping threads took: 0.0001077 seconds
2016-10-23T22:32:12.964+0800: 1951.987: Total time for which application threads were stopped: 0.0003303 seconds, Stopping threads took: 0.0001849 seconds
2016-10-23T22:32:12.966+0800: 1951.989: Total time for which application threads were stopped: 0.0012321 seconds, Stopping threads took: 0.0002697 seconds
2016-10-23T22:32:13.005+0800: 1952.028: Total time for which application threads were stopped: 0.0002264 seconds, Stopping threads took: 0.0000841 seconds
{Heap before GC invocations=155 (full 4):
 par new generation   total 109248K, used 109248K [0x00000007a0000000, 0x00000007a8000000, 0x00000007a8000000)
  eden space 87424K, 100% used [0x00000007a0000000, 0x00000007a5560000, 0x00000007a5560000)
  from space 21824K, 100% used [0x00000007a6ab0000, 0x00000007a8000000, 0x00000007a8000000)
  to   space 21824K,   0% used [0x00000007a5560000, 0x00000007a5560000, 0x00000007a6ab0000)
 concurrent mark-sweep generation total 393216K, used 54142K [0x00000007a8000000, 0x00000007c0000000, 0x00000007c0000000)
 Metaspace       used 40095K, capacity 40814K, committed 41204K, reserved 1085440K
  class space    used 4582K, capacity 4798K, committed 4860K, reserved 1048576K
2016-10-23T22:32:13.025+0800: 1952.048: [GC (Allocation Failure) 2016-10-23T22:32:13.025+0800: 1952.048: [ParNew
Desired survivor size 20112992 bytes, new threshold 8 (max 8)
- age   1:    5191992 bytes,    5191992 total
- age   2:     929440 bytes,    6121432 total
- age   3:    1902312 bytes,    8023744 total
- age   4:    5139992 bytes,   13163736 total
- age   5:    3282168 bytes,   16445904 total
- age   6:    1737568 bytes,   18183472 total
- age   7:    1914056 bytes,   20097528 total
- age   8:    1624912 bytes,   21722440 total
: 109248K->21824K(109248K), 0.0178875 secs] 163390K->76866K(502464K), 0.0181258 secs] [Times: user=0.09 sys=0.00, real=0.02 secs] 
Heap after GC invocations=156 (full 4):
 par new generation   total 109248K, used 21824K [0x00000007a0000000, 0x00000007a8000000, 0x00000007a8000000)
  eden space 87424K,   0% used [0x00000007a0000000, 0x00000007a0000000, 0x00000007a5560000)
  from space 21824K, 100% used [0x00000007a5560000, 0x00000007a6ab0000, 0x00000007a6ab0000)
  to   space 21824K,   0% used [0x00000007a6ab0000, 0x00000007a6ab0000, 0x00000007a8000000)
 concurrent mark-sweep generation total 393216K, used 55042K [0x00000007a8000000, 0x00000007c0000000, 0x00000007c0000000)
 Metaspace       used 40095K, capacity 40814K, committed 41204K, reserved 1085440K
  class space    used 4582K, capacity 4798K, committed 4860K, reserved 1048576K
}
2016-10-23T22:32:13.043+0800: 1952.066: Total time for which application threads were stopped: 0.0185703 seconds, Stopping threads took: 0.0001002 seconds
2016-10-23T22:32:13.135+0800: 1952.159: Total time for which application threads were stopped: 0.0002172 seconds, Stopping threads took: 0.0000938 seconds
2016-10-23T22:32:13.158+0800: 1952.182: Total time for which application threads were stopped: 0.0002527 seconds, Stopping threads took: 0.0000504 seconds
2016-10-23T22:32:13.175+0800: 1952.198: Total time for which application threads were stopped: 0.0001703 seconds, Stopping threads took: 0.0000913 seconds
2016-10-23T22:32:13.175+0800: 1952.198: Total time for which application threads were stopped: 0.0001349 seconds, Stopping threads took: 0.0000736 seconds
2016-10-23T22:32:13.175+0800: 1952.198: Total time for which application threads were stopped: 0.0002803 seconds, Stopping threads took: 0.0001015 seconds
2016-10-23T22:32:13.203+0800: 1952.226: Total time for which application threads were stopped: 0.0002164 seconds, Stopping threads took: 0.0000987 seconds
{Heap before GC invocations=156 (full 4):
 par new generation   total 109248K, used 109248K [0x00000007a0000000, 0x00000007a8000000, 0x00000007a8000000)
  eden space 87424K, 100% used [0x00000007a0000000, 0x00000007a5560000, 0x00000007a5560000)
  from space 21824K, 100% used [0x00000007a5560000, 0x00000007a6ab0000, 0x00000007a6ab0000)
  to   space 21824K,   0% used [0x00000007a6ab0000, 0x00000007a6ab0000, 0x00000007a8000000)
 concurrent mark-sweep generation total 393216K, used 55042K [0x00000007a8000000, 0x00000007c0000000, 0x00000007c0000000)
 Metaspace       used 40549K, capacity 41262K, committed 41588K, reserved 1085440K
  class space    used 4653K, capacity 4862K, committed 4988K, reserved 1048576K
2016-10-23T22:32:13.206+0800: 1952.229: [GC (Allocation Failure) 2016-10-23T22:32:13.206+0800: 1952.229: [ParNew
Desired survivor size 20112992 bytes, new threshold 7 (max 8)
- age   1:    5700688 bytes,    5700688 total
- age   2:    3884992 bytes,    9585680 total
- age   3:     642936 bytes,   10228616 total
- age   4:    1886272 bytes,   12114888 total
- age   5:    3795032 bytes,   15909920 total
- age   6:    2992888 bytes,   18902808 total
- age   7:    1413600 bytes,   20316408 total
- age   8:    1799984 bytes,   22116392 total
: 109248K->21824K(109248K), 0.0172526 secs] 164290K->81603K(502464K), 0.0173222 secs] [Times: user=0.08 sys=0.01, real=0.02 secs] 
Heap after GC invocations=157 (full 4):
 par new generation   total 109248K, used 21824K [0x00000007a0000000, 0x00000007a8000000, 0x00000007a8000000)
  eden space 87424K,   0% used [0x00000007a0000000, 0x00000007a0000000, 0x00000007a5560000)
  from space 21824K, 100% used [0x00000007a6ab0000, 0x00000007a8000000, 0x00000007a8000000)
  to   space 21824K,   0% used [0x00000007a5560000, 0x00000007a5560000, 0x00000007a6ab0000)
 concurrent mark-sweep generation total 393216K, used 59779K [0x00000007a8000000, 0x00000007c0000000, 0x00000007c0000000)
 Metaspace       used 40549K, capacity 41262K, committed 41588K, reserved 1085440K
  class space    used 4653K, capacity 4862K, committed 4988K, reserved 1048576K
}
2016-10-23T22:32:13.224+0800: 1952.247: Total time for which application threads were stopped: 0.0175697 seconds, Stopping threads took: 0.0000756 seconds
{Heap before GC invocations=157 (full 4):
 par new generation   total 109248K, used 109248K [0x00000007a0000000, 0x00000007a8000000, 0x00000007a8000000)
  eden space 87424K, 100% used [0x00000007a0000000, 0x00000007a5560000, 0x00000007a5560000)
  from space 21824K, 100% used [0x00000007a6ab0000, 0x00000007a8000000, 0x00000007a8000000)
  to   space 21824K,   0% used [0x00000007a5560000, 0x00000007a5560000, 0x00000007a6ab0000)
 concurrent mark-sweep generation total 393216K, used 59779K [0x00000007a8000000, 0x00000007c0000000, 0x00000007c0000000)
 Metaspace       used 40555K, capacity 41262K, committed 41588K, reserved 1085440K
  class space    used 4653K, capacity 4862K, committed 4988K, reserved 1048576K
2016-10-23T22:32:13.305+0800: 1952.328: [GC (Allocation Failure) 2016-10-23T22:32:13.305+0800: 1952.328: [ParNew
Desired survivor size 20112992 bytes, new threshold 7 (max 8)
- age   1:    3679504 bytes,    3679504 total
- age   2:    4544224 bytes,    8223728 total
- age   3:    3729216 bytes,   11952944 total
- age   4:     641232 bytes,   12594176 total
- age   5:    1881224 bytes,   14475400 total
- age   6:    3715704 bytes,   18191104 total
- age   7:    2992888 bytes,   21183992 total
: 109248K->21824K(109248K), 0.0126897 secs] 169027K->85165K(502464K), 0.0127442 secs] [Times: user=0.05 sys=0.00, real=0.01 secs] 
Heap after GC invocations=158 (full 4):
 par new generation   total 109248K, used 21824K [0x00000007a0000000, 0x00000007a8000000, 0x00000007a8000000)
  eden space 87424K,   0% used [0x00000007a0000000, 0x00000007a0000000, 0x00000007a5560000)
  from space 21824K, 100% used [0x00000007a5560000, 0x00000007a6ab0000, 0x00000007a6ab0000)
  to   space 21824K,   0% used [0x00000007a6ab0000, 0x00000007a6ab0000, 0x00000007a8000000)
 concurrent mark-sweep generation total 393216K, used 63341K [0x00000007a8000000, 0x00000007c0000000, 0x00000007c0000000)
 Metaspace       used 40555K, capacity 41262K, committed 41588K, reserved 1085440K
  class space    used 4653K, capacity 4862K, committed 4988K, reserved 1048576K
}
2016-10-23T22:32:13.318+0800: 1952.341: Total time for which application threads were stopped: 0.0130722 seconds, Stopping threads took: 0.0001321 seconds
{Heap before GC invocations=158 (full 4):
 par new generation   total 109248K, used 109248K [0x00000007a0000000, 0x00000007a8000000, 0x00000007a8000000)
  eden space 87424K, 100% used [0x00000007a0000000, 0x00000007a5560000, 0x00000007a5560000)
  from space 21824K, 100% used [0x00000007a5560000, 0x00000007a6ab0000, 0x00000007a6ab0000)
  to   space 21824K,   0% used [0x00000007a6ab0000, 0x00000007a6ab0000, 0x00000007a8000000)
 concurrent mark-sweep generation total 393216K, used 63341K [0x00000007a8000000, 0x00000007c0000000, 0x00000007c0000000)
 Metaspace       used 40555K, capacity 41262K, committed 41588K, reserved 1085440K
  class space    used 4653K, capacity 4862K, committed 4988K, reserved 1048576K
2016-10-23T22:32:13.356+0800: 1952.379: [GC (Allocation Failure) 2016-10-23T22:32:13.356+0800: 1952.379: [ParNew
Desired survivor size 20112992 bytes, new threshold 8 (max 8)
- age   1:    2222344 bytes,    2222344 total
- age   2:    2170504 bytes,    4392848 total
- age   3:    4432432 bytes,    8825280 total
- age   4:    3638640 bytes,   12463920 total
- age   5:     641040 bytes,   13104960 total
- age   6:    1597744 bytes,   14702704 total
- age   7:    3715664 bytes,   18418368 total
: 109248K->21824K(109248K), 0.0104412 secs] 172589K->89188K(502464K), 0.0104964 secs] [Times: user=0.04 sys=0.00, real=0.01 secs] 
Heap after GC invocations=159 (full 4):
 par new generation   total 109248K, used 21824K [0x00000007a0000000, 0x00000007a8000000, 0x00000007a8000000)
  eden space 87424K,   0% used [0x00000007a0000000, 0x00000007a0000000, 0x00000007a5560000)
  from space 21824K, 100% used [0x00000007a6ab0000, 0x00000007a8000000, 0x00000007a8000000)
  to   space 21824K,   0% used [0x00000007a5560000, 0x00000007a5560000, 0x00000007a6ab0000)
 concurrent mark-sweep generation total 393216K, used 67364K [0x00000007a8000000, 0x00000007c0000000, 0x00000007c0000000)
 Metaspace       used 40555K, capacity 41262K, committed 41588K, reserved 1085440K
  class space    used 4653K, capacity 4862K, committed 4988K, reserved 1048576K
}
2016-10-23T22:32:13.366+0800: 1952.389: Total time for which application threads were stopped: 0.0107672 seconds, Stopping threads took: 0.0000851 seconds
{Heap before GC invocations=159 (full 4):
 par new generation   total 109248K, used 109248K [0x00000007a0000000, 0x00000007a8000000, 0x00000007a8000000)
  eden space 87424K, 100% used [0x00000007a0000000, 0x00000007a5560000, 0x00000007a5560000)
  from space 21824K, 100% used [0x00000007a6ab0000, 0x00000007a8000000, 0x00000007a8000000)
  to   space 21824K,   0% used [0x00000007a5560000, 0x00000007a5560000, 0x00000007a6ab0000)
 concurrent mark-sweep generation total 393216K, used 67364K [0x00000007a8000000, 0x00000007c0000000, 0x00000007c0000000)
 Metaspace       used 40555K, capacity 41262K, committed 41588K, reserved 1085440K
  class space    used 4653K, capacity 4862K, committed 4988K, reserved 1048576K
2016-10-23T22:32:13.405+0800: 1952.429: [GC (Allocation Failure) 2016-10-23T22:32:13.405+0800: 1952.429: [ParNew
Desired survivor size 20112992 bytes, new threshold 8 (max 8)
- age   1:    1982056 bytes,    1982056 total
- age   2:    1846272 bytes,    3828328 total
- age   3:    1940712 bytes,    5769040 total
- age   4:    4401576 bytes,   10170616 total
- age   5:    3567280 bytes,   13737896 total
- age   6:     636536 bytes,   14374432 total
- age   7:    1582696 bytes,   15957128 total
- age   8:    3592776 bytes,   19549904 total
: 109248K->21824K(109248K), 0.0100222 secs] 176612K->89732K(502464K), 0.0100948 secs] [Times: user=0.04 sys=0.01, real=0.01 secs] 
Heap after GC invocations=160 (full 4):
 par new generation   total 109248K, used 21824K [0x00000007a0000000, 0x00000007a8000000, 0x00000007a8000000)
  eden space 87424K,   0% used [0x00000007a0000000, 0x00000007a0000000, 0x00000007a5560000)
  from space 21824K, 100% used [0x00000007a5560000, 0x00000007a6ab0000, 0x00000007a6ab0000)
  to   space 21824K,   0% used [0x00000007a6ab0000, 0x00000007a6ab0000, 0x00000007a8000000)
 concurrent mark-sweep generation total 393216K, used 67908K [0x00000007a8000000, 0x00000007c0000000, 0x00000007c0000000)
 Metaspace       used 40555K, capacity 41262K, committed 41588K, reserved 1085440K
  class space    used 4653K, capacity 4862K, committed 4988K, reserved 1048576K
}
2016-10-23T22:32:13.416+0800: 1952.439: Total time for which application threads were stopped: 0.0103754 seconds, Stopping threads took: 0.0000831 seconds
{Heap before GC invocations=160 (full 4):
 par new generation   total 109248K, used 109248K [0x00000007a0000000, 0x00000007a8000000, 0x00000007a8000000)
  eden space 87424K, 100% used [0x00000007a0000000, 0x00000007a5560000, 0x00000007a5560000)
  from space 21824K, 100% used [0x00000007a5560000, 0x00000007a6ab0000, 0x00000007a6ab0000)
  to   space 21824K,   0% used [0x00000007a6ab0000, 0x00000007a6ab0000, 0x00000007a8000000)
 concurrent mark-sweep generation total 393216K, used 67908K [0x00000007a8000000, 0x00000007c0000000, 0x00000007c0000000)
 Metaspace       used 40555K, capacity 41262K, committed 41588K, reserved 1085440K
  class space    used 4653K, capacity 4862K, committed 4988K, reserved 1048576K
2016-10-23T22:32:13.457+0800: 1952.480: [GC (Allocation Failure) 2016-10-23T22:32:13.457+0800: 1952.480: [ParNew
Desired survivor size 20112992 bytes, new threshold 8 (max 8)
- age   1:    2983264 bytes,    2983264 total
- age   2:    1187672 bytes,    4170936 total
- age   3:    1192016 bytes,    5362952 total
- age   4:    1778600 bytes,    7141552 total
- age   5:    4311536 bytes,   11453088 total
- age   6:    3525064 bytes,   14978152 total
- age   7:     637136 bytes,   15615288 total
- age   8:    1442568 bytes,   17057856 total
: 109248K->21824K(109248K), 0.0112131 secs] 177156K->94029K(502464K), 0.0112806 secs] [Times: user=0.04 sys=0.00, real=0.01 secs] 
Heap after GC invocations=161 (full 4):
 par new generation   total 109248K, used 21824K [0x00000007a0000000, 0x00000007a8000000, 0x00000007a8000000)
  eden space 87424K,   0% used [0x00000007a0000000, 0x00000007a0000000, 0x00000007a5560000)
  from space 21824K, 100% used [0x00000007a6ab0000, 0x00000007a8000000, 0x00000007a8000000)
  to   space 21824K,   0% used [0x00000007a5560000, 0x00000007a5560000, 0x00000007a6ab0000)
 concurrent mark-sweep generation total 393216K, used 72205K [0x00000007a8000000, 0x00000007c0000000, 0x00000007c0000000)
 Metaspace       used 40555K, capacity 41262K, committed 41588K, reserved 1085440K
  class space    used 4653K, capacity 4862K, committed 4988K, reserved 1048576K
}
2016-10-23T22:32:13.468+0800: 1952.492: Total time for which application threads were stopped: 0.0115633 seconds, Stopping threads took: 0.0000950 seconds
{Heap before GC invocations=161 (full 4):
 par new generation   total 109248K, used 109248K [0x00000007a0000000, 0x00000007a8000000, 0x00000007a8000000)
  eden space 87424K, 100% used [0x00000007a0000000, 0x00000007a5560000, 0x00000007a5560000)
  from space 21824K, 100% used [0x00000007a6ab0000, 0x00000007a8000000, 0x00000007a8000000)
  to   space 21824K,   0% used [0x00000007a5560000, 0x00000007a5560000, 0x00000007a6ab0000)
 concurrent mark-sweep generation total 393216K, used 72205K [0x00000007a8000000, 0x00000007c0000000, 0x00000007c0000000)
 Metaspace       used 40555K, capacity 41262K, committed 41588K, reserved 1085440K
  class space    used 4653K, capacity 4862K, committed 4988K, reserved 1048576K
2016-10-23T22:32:13.596+0800: 1952.619: [GC (Allocation Failure) 2016-10-23T22:32:13.596+0800: 1952.619: [ParNew
Desired survivor size 20112992 bytes, new threshold 8 (max 8)
- age   1:    7616696 bytes,    7616696 total
- age   2:    1236808 bytes,    8853504 total
- age   3:    1054568 bytes,    9908072 total
- age   4:    1041832 bytes,   10949904 total
- age   5:    1640432 bytes,   12590336 total
- age   6:    3523368 bytes,   16113704 total
- age   7:    3440424 bytes,   19554128 total
- age   8:     613112 bytes,   20167240 total
: 109248K->21824K(109248K), 0.0137875 secs] 181453K->95990K(502464K), 0.0138433 secs] [Times: user=0.06 sys=0.00, real=0.01 secs] 
Heap after GC invocations=162 (full 4):
 par new generation   total 109248K, used 21824K [0x00000007a0000000, 0x00000007a8000000, 0x00000007a8000000)
  eden space 87424K,   0% used [0x00000007a0000000, 0x00000007a0000000, 0x00000007a5560000)
  from space 21824K, 100% used [0x00000007a5560000, 0x00000007a6ab0000, 0x00000007a6ab0000)
  to   space 21824K,   0% used [0x00000007a6ab0000, 0x00000007a6ab0000, 0x00000007a8000000)
 concurrent mark-sweep generation total 393216K, used 74166K [0x00000007a8000000, 0x00000007c0000000, 0x00000007c0000000)
 Metaspace       used 40555K, capacity 41262K, committed 41588K, reserved 1085440K
  class space    used 4653K, capacity 4862K, committed 4988K, reserved 1048576K
}
2016-10-23T22:32:13.609+0800: 1952.633: Total time for which application threads were stopped: 0.0140950 seconds, Stopping threads took: 0.0000864 seconds
{Heap before GC invocations=162 (full 4):
 par new generation   total 109248K, used 109248K [0x00000007a0000000, 0x00000007a8000000, 0x00000007a8000000)
  eden space 87424K, 100% used [0x00000007a0000000, 0x00000007a5560000, 0x00000007a5560000)
  from space 21824K, 100% used [0x00000007a5560000, 0x00000007a6ab0000, 0x00000007a6ab0000)
  to   space 21824K,   0% used [0x00000007a6ab0000, 0x00000007a6ab0000, 0x00000007a8000000)
 concurrent mark-sweep generation total 393216K, used 74166K [0x00000007a8000000, 0x00000007c0000000, 0x00000007c0000000)
 Metaspace       used 40556K, capacity 41262K, committed 41588K, reserved 1085440K
  class space    used 4653K, capacity 4862K, committed 4988K, reserved 1048576K
2016-10-23T22:32:13.679+0800: 1952.702: [GC (Allocation Failure) 2016-10-23T22:32:13.679+0800: 1952.702: [ParNew
Desired survivor size 20112992 bytes, new threshold 8 (max 8)
- age   1:    4221360 bytes,    4221360 total
- age   2:    4817272 bytes,    9038632 total
- age   3:    1018160 bytes,   10056792 total
- age   4:     967136 bytes,   11023928 total
- age   5:     963136 bytes,   11987064 total
- age   6:    1503856 bytes,   13490920 total
- age   7:    3341832 bytes,   16832752 total
- age   8:    3199736 bytes,   20032488 total
: 109248K->21824K(109248K), 0.0120337 secs] 183414K->98545K(502464K), 0.0121219 secs] [Times: user=0.04 sys=0.00, real=0.02 secs] 
Heap after GC invocations=163 (full 4):
 par new generation   total 109248K, used 21824K [0x00000007a0000000, 0x00000007a8000000, 0x00000007a8000000)
  eden space 87424K,   0% used [0x00000007a0000000, 0x00000007a0000000, 0x00000007a5560000)
  from space 21824K, 100% used [0x00000007a6ab0000, 0x00000007a8000000, 0x00000007a8000000)
  to   space 21824K,   0% used [0x00000007a5560000, 0x00000007a5560000, 0x00000007a6ab0000)
 concurrent mark-sweep generation total 393216K, used 76721K [0x00000007a8000000, 0x00000007c0000000, 0x00000007c0000000)
 Metaspace       used 40556K, capacity 41262K, committed 41588K, reserved 1085440K
  class space    used 4653K, capacity 4862K, committed 4988K, reserved 1048576K
}
2016-10-23T22:32:13.691+0800: 1952.714: Total time for which application threads were stopped: 0.0123855 seconds, Stopping threads took: 0.0000499 seconds
2016-10-23T22:32:13.692+0800: 1952.715: Total time for which application threads were stopped: 0.0001927 seconds, Stopping threads took: 0.0000909 seconds
{Heap before GC invocations=163 (full 4):
 par new generation   total 109248K, used 109248K [0x00000007a0000000, 0x00000007a8000000, 0x00000007a8000000)
  eden space 87424K, 100% used [0x00000007a0000000, 0x00000007a5560000, 0x00000007a5560000)
  from space 21824K, 100% used [0x00000007a6ab0000, 0x00000007a8000000, 0x00000007a8000000)
  to   space 21824K,   0% used [0x00000007a5560000, 0x00000007a5560000, 0x00000007a6ab0000)
 concurrent mark-sweep generation total 393216K, used 76721K [0x00000007a8000000, 0x00000007c0000000, 0x00000007c0000000)
 Metaspace       used 40556K, capacity 41262K, committed 41588K, reserved 1085440K
  class space    used 4653K, capacity 4862K, committed 4988K, reserved 1048576K
2016-10-23T22:32:13.756+0800: 1952.779: [GC (Allocation Failure) 2016-10-23T22:32:13.756+0800: 1952.780: [ParNew
Desired survivor size 20112992 bytes, new threshold 8 (max 8)
- age   1:    2456088 bytes,    2456088 total
- age   2:    3993704 bytes,    6449792 total
- age   3:    4511184 bytes,   10960976 total
- age   4:     919520 bytes,   11880496 total
- age   5:     872272 bytes,   12752768 total
- age   6:     877184 bytes,   13629952 total
- age   7:    1345408 bytes,   14975360 total
- age   8:    3103304 bytes,   18078664 total
: 109248K->21824K(109248K), 0.0116602 secs] 185969K->101679K(502464K), 0.0117306 secs] [Times: user=0.04 sys=0.00, real=0.01 secs] 
Heap after GC invocations=164 (full 4):
 par new generation   total 109248K, used 21824K [0x00000007a0000000, 0x00000007a8000000, 0x00000007a8000000)
  eden space 87424K,   0% used [0x00000007a0000000, 0x00000007a0000000, 0x00000007a5560000)
  from space 21824K, 100% used [0x00000007a5560000, 0x00000007a6ab0000, 0x00000007a6ab0000)
  to   space 21824K,   0% used [0x00000007a6ab0000, 0x00000007a6ab0000, 0x00000007a8000000)
 concurrent mark-sweep generation total 393216K, used 79855K [0x00000007a8000000, 0x00000007c0000000, 0x00000007c0000000)
 Metaspace       used 40556K, capacity 41262K, committed 41588K, reserved 1085440K
  class space    used 4653K, capacity 4862K, committed 4988K, reserved 1048576K
}
2016-10-23T22:32:13.768+0800: 1952.791: Total time for which application threads were stopped: 0.0123087 seconds, Stopping threads took: 0.0003689 seconds
{Heap before GC invocations=164 (full 4):
 par new generation   total 109248K, used 109248K [0x00000007a0000000, 0x00000007a8000000, 0x00000007a8000000)
  eden space 87424K, 100% used [0x00000007a0000000, 0x00000007a5560000, 0x00000007a5560000)
  from space 21824K, 100% used [0x00000007a5560000, 0x00000007a6ab0000, 0x00000007a6ab0000)
  to   space 21824K,   0% used [0x00000007a6ab0000, 0x00000007a6ab0000, 0x00000007a8000000)
 concurrent mark-sweep generation total 393216K, used 79855K [0x00000007a8000000, 0x00000007c0000000, 0x00000007c0000000)
 Metaspace       used 40556K, capacity 41262K, committed 41588K, reserved 1085440K
  class space    used 4653K, capacity 4862K, committed 4988K, reserved 1048576K
2016-10-23T22:32:13.819+0800: 1952.842: [GC (Allocation Failure) 2016-10-23T22:32:13.819+0800: 1952.842: [ParNew
Desired survivor size 20112992 bytes, new threshold 8 (max 8)
- age   1:    1224944 bytes,    1224944 total
- age   2:    1927048 bytes,    3151992 total
- age   3:    3945016 bytes,    7097008 total
- age   4:    4446472 bytes,   11543480 total
- age   5:     898256 bytes,   12441736 total
- age   6:     852592 bytes,   13294328 total
- age   7:     859072 bytes,   14153400 total
- age   8:    1310816 bytes,   15464216 total
: 109248K->21824K(109248K), 0.0114481 secs] 189103K->105427K(502464K), 0.0115109 secs] [Times: user=0.04 sys=0.00, real=0.02 secs] 
Heap after GC invocations=165 (full 4):
 par new generation   total 109248K, used 21824K [0x00000007a0000000, 0x00000007a8000000, 0x00000007a8000000)
  eden space 87424K,   0% used [0x00000007a0000000, 0x00000007a0000000, 0x00000007a5560000)
  from space 21824K, 100% used [0x00000007a6ab0000, 0x00000007a8000000, 0x00000007a8000000)
  to   space 21824K,   0% used [0x00000007a5560000, 0x00000007a5560000, 0x00000007a6ab0000)
 concurrent mark-sweep generation total 393216K, used 83603K [0x00000007a8000000, 0x00000007c0000000, 0x00000007c0000000)
 Metaspace       used 40556K, capacity 41262K, committed 41588K, reserved 1085440K
  class space    used 4653K, capacity 4862K, committed 4988K, reserved 1048576K
}
2016-10-23T22:32:13.831+0800: 1952.854: Total time for which application threads were stopped: 0.0117800 seconds, Stopping threads took: 0.0000768 seconds
{Heap before GC invocations=165 (full 4):
 par new generation   total 109248K, used 109248K [0x00000007a0000000, 0x00000007a8000000, 0x00000007a8000000)
  eden space 87424K, 100% used [0x00000007a0000000, 0x00000007a5560000, 0x00000007a5560000)
  from space 21824K, 100% used [0x00000007a6ab0000, 0x00000007a8000000, 0x00000007a8000000)
  to   space 21824K,   0% used [0x00000007a5560000, 0x00000007a5560000, 0x00000007a6ab0000)
 concurrent mark-sweep generation total 393216K, used 83603K [0x00000007a8000000, 0x00000007c0000000, 0x00000007c0000000)
 Metaspace       used 40556K, capacity 41262K, committed 41588K, reserved 1085440K
  class space    used 4653K, capacity 4862K, committed 4988K, reserved 1048576K
2016-10-23T22:32:13.875+0800: 1952.898: [GC (Allocation Failure) 2016-10-23T22:32:13.875+0800: 1952.898: [ParNew
Desired survivor size 20112992 bytes, new threshold 8 (max 8)
- age   1:    1872488 bytes,    1872488 total
- age   2:     768368 bytes,    2640856 total
- age   3:    1837864 bytes,    4478720 total
- age   4:    3816984 bytes,    8295704 total
- age   5:    4371968 bytes,   12667672 total
- age   6:     879672 bytes,   13547344 total
- age   7:     833200 bytes,   14380544 total
- age   8:     841000 bytes,   15221544 total
: 109248K->20575K(109248K), 0.0076936 secs] 192851K->105461K(502464K), 0.0077540 secs] [Times: user=0.02 sys=0.01, real=0.01 secs] 
Heap after GC invocations=166 (full 4):
 par new generation   total 109248K, used 20575K [0x00000007a0000000, 0x00000007a8000000, 0x00000007a8000000)
  eden space 87424K,   0% used [0x00000007a0000000, 0x00000007a0000000, 0x00000007a5560000)
  from space 21824K,  94% used [0x00000007a5560000, 0x00000007a6977e10, 0x00000007a6ab0000)
  to   space 21824K,   0% used [0x00000007a6ab0000, 0x00000007a6ab0000, 0x00000007a8000000)
 concurrent mark-sweep generation total 393216K, used 84885K [0x00000007a8000000, 0x00000007c0000000, 0x00000007c0000000)
 Metaspace       used 40556K, capacity 41262K, committed 41588K, reserved 1085440K
  class space    used 4653K, capacity 4862K, committed 4988K, reserved 1048576K
}
2016-10-23T22:32:13.883+0800: 1952.906: Total time for which application threads were stopped: 0.0079929 seconds, Stopping threads took: 0.0000698 seconds
{Heap before GC invocations=166 (full 4):
 par new generation   total 109248K, used 107999K [0x00000007a0000000, 0x00000007a8000000, 0x00000007a8000000)
  eden space 87424K, 100% used [0x00000007a0000000, 0x00000007a5560000, 0x00000007a5560000)
  from space 21824K,  94% used [0x00000007a5560000, 0x00000007a6977e10, 0x00000007a6ab0000)
  to   space 21824K,   0% used [0x00000007a6ab0000, 0x00000007a6ab0000, 0x00000007a8000000)
 concurrent mark-sweep generation total 393216K, used 84885K [0x00000007a8000000, 0x00000007c0000000, 0x00000007c0000000)
 Metaspace       used 40559K, capacity 41262K, committed 41588K, reserved 1085440K
  class space    used 4653K, capacity 4862K, committed 4988K, reserved 1048576K
2016-10-23T22:32:13.936+0800: 1952.959: [GC (Allocation Failure) 2016-10-23T22:32:13.936+0800: 1952.959: [ParNew
Desired survivor size 20112992 bytes, new threshold 8 (max 8)
- age   1:    2899112 bytes,    2899112 total
- age   2:    1275000 bytes,    4174112 total
- age   3:     638120 bytes,    4812232 total
- age   4:    1701856 bytes,    6514088 total
- age   5:    3689336 bytes,   10203424 total
- age   6:    4112192 bytes,   14315616 total
- age   7:     801440 bytes,   15117056 total
- age   8:     755952 bytes,   15873008 total
: 107999K->20045K(109248K), 0.0076618 secs] 192885K->105688K(502464K), 0.0077096 secs] [Times: user=0.03 sys=0.00, real=0.01 secs] 
Heap after GC invocations=167 (full 4):
 par new generation   total 109248K, used 20045K [0x00000007a0000000, 0x00000007a8000000, 0x00000007a8000000)
  eden space 87424K,   0% used [0x00000007a0000000, 0x00000007a0000000, 0x00000007a5560000)
  from space 21824K,  91% used [0x00000007a6ab0000, 0x00000007a7e43540, 0x00000007a8000000)
  to   space 21824K,   0% used [0x00000007a5560000, 0x00000007a5560000, 0x00000007a6ab0000)
 concurrent mark-sweep generation total 393216K, used 85642K [0x00000007a8000000, 0x00000007c0000000, 0x00000007c0000000)
 Metaspace       used 40559K, capacity 41262K, committed 41588K, reserved 1085440K
  class space    used 4653K, capacity 4862K, committed 4988K, reserved 1048576K
}
2016-10-23T22:32:13.943+0800: 1952.967: Total time for which application threads were stopped: 0.0079889 seconds, Stopping threads took: 0.0000985 seconds
{Heap before GC invocations=167 (full 4):
 par new generation   total 109248K, used 107469K [0x00000007a0000000, 0x00000007a8000000, 0x00000007a8000000)
  eden space 87424K, 100% used [0x00000007a0000000, 0x00000007a5560000, 0x00000007a5560000)
  from space 21824K,  91% used [0x00000007a6ab0000, 0x00000007a7e43540, 0x00000007a8000000)
  to   space 21824K,   0% used [0x00000007a5560000, 0x00000007a5560000, 0x00000007a6ab0000)
 concurrent mark-sweep generation total 393216K, used 85642K [0x00000007a8000000, 0x00000007c0000000, 0x00000007c0000000)
 Metaspace       used 40559K, capacity 41262K, committed 41588K, reserved 1085440K
  class space    used 4653K, capacity 4862K, committed 4988K, reserved 1048576K
2016-10-23T22:32:13.996+0800: 1953.019: [GC (Allocation Failure) 2016-10-23T22:32:13.996+0800: 1953.019: [ParNew
Desired survivor size 20112992 bytes, new threshold 8 (max 8)
- age   1:    2483496 bytes,    2483496 total
- age   2:    2123008 bytes,    4606504 total
- age   3:    1274168 bytes,    5880672 total
- age   4:     605336 bytes,    6486008 total
- age   5:    1701800 bytes,    8187808 total
- age   6:    3689336 bytes,   11877144 total
- age   7:    4112168 bytes,   15989312 total
- age   8:     801440 bytes,   16790752 total
: 107469K->19799K(109248K), 0.0086437 secs] 193112K->106186K(502464K), 0.0087096 secs] [Times: user=0.03 sys=0.00, real=0.01 secs] 
Heap after GC invocations=168 (full 4):
 par new generation   total 109248K, used 19799K [0x00000007a0000000, 0x00000007a8000000, 0x00000007a8000000)
  eden space 87424K,   0% used [0x00000007a0000000, 0x00000007a0000000, 0x00000007a5560000)
  from space 21824K,  90% used [0x00000007a5560000, 0x00000007a68b5e20, 0x00000007a6ab0000)
  to   space 21824K,   0% used [0x00000007a6ab0000, 0x00000007a6ab0000, 0x00000007a8000000)
 concurrent mark-sweep generation total 393216K, used 86387K [0x00000007a8000000, 0x00000007c0000000, 0x00000007c0000000)
 Metaspace       used 40559K, capacity 41262K, committed 41588K, reserved 1085440K
  class space    used 4653K, capacity 4862K, committed 4988K, reserved 1048576K
}
2016-10-23T22:32:14.005+0800: 1953.028: Total time for which application threads were stopped: 0.0089511 seconds, Stopping threads took: 0.0000627 seconds
{Heap before GC invocations=168 (full 4):
 par new generation   total 109248K, used 107223K [0x00000007a0000000, 0x00000007a8000000, 0x00000007a8000000)
  eden space 87424K, 100% used [0x00000007a0000000, 0x00000007a5560000, 0x00000007a5560000)
  from space 21824K,  90% used [0x00000007a5560000, 0x00000007a68b5e20, 0x00000007a6ab0000)
  to   space 21824K,   0% used [0x00000007a6ab0000, 0x00000007a6ab0000, 0x00000007a8000000)
 concurrent mark-sweep generation total 393216K, used 86387K [0x00000007a8000000, 0x00000007c0000000, 0x00000007c0000000)
 Metaspace       used 40559K, capacity 41262K, committed 41588K, reserved 1085440K
  class space    used 4653K, capacity 4862K, committed 4988K, reserved 1048576K
2016-10-23T22:32:14.094+0800: 1953.117: [GC (Allocation Failure) 2016-10-23T22:32:14.094+0800: 1953.117: [ParNew
Desired survivor size 20112992 bytes, new threshold 8 (max 8)
- age   1:    4986424 bytes,    4986424 total
- age   2:    1453048 bytes,    6439472 total
- age   3:    1754048 bytes,    8193520 total
- age   4:     973336 bytes,    9166856 total
- age   5:     605384 bytes,    9772240 total
- age   6:    1700904 bytes,   11473144 total
- age   7:    3722120 bytes,   15195264 total
- age   8:    4112016 bytes,   19307280 total
: 107223K->21824K(109248K), 0.0098016 secs] 193610K->109000K(502464K), 0.0098506 secs] [Times: user=0.03 sys=0.00, real=0.01 secs] 
Heap after GC invocations=169 (full 4):
 par new generation   total 109248K, used 21824K [0x00000007a0000000, 0x00000007a8000000, 0x00000007a8000000)
  eden space 87424K,   0% used [0x00000007a0000000, 0x00000007a0000000, 0x00000007a5560000)
  from space 21824K, 100% used [0x00000007a6ab0000, 0x00000007a8000000, 0x00000007a8000000)
  to   space 21824K,   0% used [0x00000007a5560000, 0x00000007a5560000, 0x00000007a6ab0000)
 concurrent mark-sweep generation total 393216K, used 87176K [0x00000007a8000000, 0x00000007c0000000, 0x00000007c0000000)
 Metaspace       used 40559K, capacity 41262K, committed 41588K, reserved 1085440K
  class space    used 4653K, capacity 4862K, committed 4988K, reserved 1048576K
}
2016-10-23T22:32:14.104+0800: 1953.127: Total time for which application threads were stopped: 0.0101196 seconds, Stopping threads took: 0.0000845 seconds
{Heap before GC invocations=169 (full 4):
 par new generation   total 109248K, used 109248K [0x00000007a0000000, 0x00000007a8000000, 0x00000007a8000000)
  eden space 87424K, 100% used [0x00000007a0000000, 0x00000007a5560000, 0x00000007a5560000)
  from space 21824K, 100% used [0x00000007a6ab0000, 0x00000007a8000000, 0x00000007a8000000)
  to   space 21824K,   0% used [0x00000007a5560000, 0x00000007a5560000, 0x00000007a6ab0000)
 concurrent mark-sweep generation total 393216K, used 87176K [0x00000007a8000000, 0x00000007c0000000, 0x00000007c0000000)
 Metaspace       used 40560K, capacity 41262K, committed 41588K, reserved 1085440K
  class space    used 4653K, capacity 4862K, committed 4988K, reserved 1048576K
2016-10-23T22:32:14.220+0800: 1953.243: [GC (Allocation Failure) 2016-10-23T22:32:14.220+0800: 1953.243: [ParNew
Desired survivor size 20112992 bytes, new threshold 8 (max 8)
- age   1:    5675688 bytes,    5675688 total
- age   2:    3404864 bytes,    9080552 total
- age   3:    1353808 bytes,   10434360 total
- age   4:    1736192 bytes,   12170552 total
- age   5:     962192 bytes,   13132744 total
- age   6:     592408 bytes,   13725152 total
- age   7:    1688768 bytes,   15413920 total
- age   8:    3687048 bytes,   19100968 total
: 109248K->21824K(109248K), 0.0109916 secs] 196424K->113201K(502464K), 0.0110698 secs] [Times: user=0.04 sys=0.00, real=0.01 secs] 
Heap after GC invocations=170 (full 4):
 par new generation   total 109248K, used 21824K [0x00000007a0000000, 0x00000007a8000000, 0x00000007a8000000)
  eden space 87424K,   0% used [0x00000007a0000000, 0x00000007a0000000, 0x00000007a5560000)
  from space 21824K, 100% used [0x00000007a5560000, 0x00000007a6ab0000, 0x00000007a6ab0000)
  to   space 21824K,   0% used [0x00000007a6ab0000, 0x00000007a6ab0000, 0x00000007a8000000)
 concurrent mark-sweep generation total 393216K, used 91377K [0x00000007a8000000, 0x00000007c0000000, 0x00000007c0000000)
 Metaspace       used 40560K, capacity 41262K, committed 41588K, reserved 1085440K
  class space    used 4653K, capacity 4862K, committed 4988K, reserved 1048576K
}
2016-10-23T22:32:14.231+0800: 1953.254: Total time for which application threads were stopped: 0.0113768 seconds, Stopping threads took: 0.0001003 seconds
{Heap before GC invocations=170 (full 4):
 par new generation   total 109248K, used 109248K [0x00000007a0000000, 0x00000007a8000000, 0x00000007a8000000)
  eden space 87424K, 100% used [0x00000007a0000000, 0x00000007a5560000, 0x00000007a5560000)
  from space 21824K, 100% used [0x00000007a5560000, 0x00000007a6ab0000, 0x00000007a6ab0000)
  to   space 21824K,   0% used [0x00000007a6ab0000, 0x00000007a6ab0000, 0x00000007a8000000)
 concurrent mark-sweep generation total 393216K, used 91377K [0x00000007a8000000, 0x00000007c0000000, 0x00000007c0000000)
 Metaspace       used 40560K, capacity 41262K, committed 41588K, reserved 1085440K
  class space    used 4653K, capacity 4862K, committed 4988K, reserved 1048576K
2016-10-23T22:32:14.317+0800: 1953.340: [GC (Allocation Failure) 2016-10-23T22:32:14.317+0800: 1953.340: [ParNew
Desired survivor size 20112992 bytes, new threshold 8 (max 8)
- age   1:    4955744 bytes,    4955744 total
- age   2:    3620224 bytes,    8575968 total
- age   3:    3204400 bytes,   11780368 total
- age   4:    1349736 bytes,   13130104 total
- age   5:    1702664 bytes,   14832768 total
- age   6:     962000 bytes,   15794768 total
- age   7:     592528 bytes,   16387296 total
- age   8:    1688552 bytes,   18075848 total
: 109248K->21824K(109248K), 0.0096408 secs] 200625K->116813K(502464K), 0.0096992 secs] [Times: user=0.04 sys=0.00, real=0.01 secs] 
Heap after GC invocations=171 (full 4):
 par new generation   total 109248K, used 21824K [0x00000007a0000000, 0x00000007a8000000, 0x00000007a8000000)
  eden space 87424K,   0% used [0x00000007a0000000, 0x00000007a0000000, 0x00000007a5560000)
  from space 21824K, 100% used [0x00000007a6ab0000, 0x00000007a8000000, 0x00000007a8000000)
  to   space 21824K,   0% used [0x00000007a5560000, 0x00000007a5560000, 0x00000007a6ab0000)
 concurrent mark-sweep generation total 393216K, used 94989K [0x00000007a8000000, 0x00000007c0000000, 0x00000007c0000000)
 Metaspace       used 40560K, capacity 41262K, committed 41588K, reserved 1085440K
  class space    used 4653K, capacity 4862K, committed 4988K, reserved 1048576K
}
2016-10-23T22:32:14.327+0800: 1953.350: Total time for which application threads were stopped: 0.0099883 seconds, Stopping threads took: 0.0000960 seconds
{Heap before GC invocations=171 (full 4):
 par new generation   total 109248K, used 109248K [0x00000007a0000000, 0x00000007a8000000, 0x00000007a8000000)
  eden space 87424K, 100% used [0x00000007a0000000, 0x00000007a5560000, 0x00000007a5560000)
  from space 21824K, 100% used [0x00000007a6ab0000, 0x00000007a8000000, 0x00000007a8000000)
  to   space 21824K,   0% used [0x00000007a5560000, 0x00000007a5560000, 0x00000007a6ab0000)
 concurrent mark-sweep generation total 393216K, used 94989K [0x00000007a8000000, 0x00000007c0000000, 0x00000007c0000000)
 Metaspace       used 40560K, capacity 41262K, committed 41588K, reserved 1085440K
  class space    used 4653K, capacity 4862K, committed 4988K, reserved 1048576K
2016-10-23T22:32:14.404+0800: 1953.427: [GC (Allocation Failure) 2016-10-23T22:32:14.404+0800: 1953.427: [ParNew
Desired survivor size 20112992 bytes, new threshold 8 (max 8)
- age   1:    5625480 bytes,    5625480 total
- age   2:    2525080 bytes,    8150560 total
- age   3:    3319120 bytes,   11469680 total
- age   4:    2536200 bytes,   14005880 total
- age   5:    1270944 bytes,   15276824 total
- age   6:    1622560 bytes,   16899384 total
- age   7:     916072 bytes,   17815456 total
- age   8:     551992 bytes,   18367448 total
: 109248K->21824K(109248K), 0.0113457 secs] 204237K->119417K(502464K), 0.0114345 secs] [Times: user=0.04 sys=0.00, real=0.01 secs] 
Heap after GC invocations=172 (full 4):
 par new generation   total 109248K, used 21824K [0x00000007a0000000, 0x00000007a8000000, 0x00000007a8000000)
  eden space 87424K,   0% used [0x00000007a0000000, 0x00000007a0000000, 0x00000007a5560000)
  from space 21824K, 100% used [0x00000007a5560000, 0x00000007a6ab0000, 0x00000007a6ab0000)
  to   space 21824K,   0% used [0x00000007a6ab0000, 0x00000007a6ab0000, 0x00000007a8000000)
 concurrent mark-sweep generation total 393216K, used 97593K [0x00000007a8000000, 0x00000007c0000000, 0x00000007c0000000)
 Metaspace       used 40560K, capacity 41262K, committed 41588K, reserved 1085440K
  class space    used 4653K, capacity 4862K, committed 4988K, reserved 1048576K
}
2016-10-23T22:32:14.415+0800: 1953.439: Total time for which application threads were stopped: 0.0117155 seconds, Stopping threads took: 0.0000892 seconds
{Heap before GC invocations=172 (full 4):
 par new generation   total 109248K, used 109248K [0x00000007a0000000, 0x00000007a8000000, 0x00000007a8000000)
  eden space 87424K, 100% used [0x00000007a0000000, 0x00000007a5560000, 0x00000007a5560000)
  from space 21824K, 100% used [0x00000007a5560000, 0x00000007a6ab0000, 0x00000007a6ab0000)
  to   space 21824K,   0% used [0x00000007a6ab0000, 0x00000007a6ab0000, 0x00000007a8000000)
 concurrent mark-sweep generation total 393216K, used 97593K [0x00000007a8000000, 0x00000007c0000000, 0x00000007c0000000)
 Metaspace       used 40560K, capacity 41262K, committed 41588K, reserved 1085440K
  class space    used 4653K, capacity 4862K, committed 4988K, reserved 1048576K
2016-10-23T22:32:14.537+0800: 1953.561: [GC (Allocation Failure) 2016-10-23T22:32:14.538+0800: 1953.561: [ParNew
Desired survivor size 20112992 bytes, new threshold 7 (max 8)
- age   1:    6711008 bytes,    6711008 total
- age   2:    3206992 bytes,    9918000 total
- age   3:    2347616 bytes,   12265616 total
- age   4:    3140952 bytes,   15406568 total
- age   5:    2152016 bytes,   17558584 total
- age   6:    1187184 bytes,   18745768 total
- age   7:    1571528 bytes,   20317296 total
- age   8:     884632 bytes,   21201928 total
: 109248K->21824K(109248K), 0.0130676 secs] 206841K->120500K(502464K), 0.0131241 secs] [Times: user=0.05 sys=0.00, real=0.02 secs] 
Heap after GC invocations=173 (full 4):
 par new generation   total 109248K, used 21824K [0x00000007a0000000, 0x00000007a8000000, 0x00000007a8000000)
  eden space 87424K,   0% used [0x00000007a0000000, 0x00000007a0000000, 0x00000007a5560000)
  from space 21824K, 100% used [0x00000007a6ab0000, 0x00000007a8000000, 0x00000007a8000000)
  to   space 21824K,   0% used [0x00000007a5560000, 0x00000007a5560000, 0x00000007a6ab0000)
 concurrent mark-sweep generation total 393216K, used 98676K [0x00000007a8000000, 0x00000007c0000000, 0x00000007c0000000)
 Metaspace       used 40560K, capacity 41262K, committed 41588K, reserved 1085440K
  class space    used 4653K, capacity 4862K, committed 4988K, reserved 1048576K
}
2016-10-23T22:32:14.551+0800: 1953.574: Total time for which application threads were stopped: 0.0134269 seconds, Stopping threads took: 0.0001053 seconds
{Heap before GC invocations=173 (full 4):
 par new generation   total 109248K, used 109248K [0x00000007a0000000, 0x00000007a8000000, 0x00000007a8000000)
  eden space 87424K, 100% used [0x00000007a0000000, 0x00000007a5560000, 0x00000007a5560000)
  from space 21824K, 100% used [0x00000007a6ab0000, 0x00000007a8000000, 0x00000007a8000000)
  to   space 21824K,   0% used [0x00000007a5560000, 0x00000007a5560000, 0x00000007a6ab0000)
 concurrent mark-sweep generation total 393216K, used 98676K [0x00000007a8000000, 0x00000007c0000000, 0x00000007c0000000)
 Metaspace       used 40560K, capacity 41262K, committed 41588K, reserved 1085440K
  class space    used 4653K, capacity 4862K, committed 4988K, reserved 1048576K
2016-10-23T22:32:14.642+0800: 1953.665: [GC (Allocation Failure) 2016-10-23T22:32:14.642+0800: 1953.665: [ParNew
Desired survivor size 20112992 bytes, new threshold 7 (max 8)
- age   1:    5642584 bytes,    5642584 total
- age   2:    4046128 bytes,    9688712 total
- age   3:    3009320 bytes,   12698032 total
- age   4:    2071464 bytes,   14769496 total
- age   5:    2829016 bytes,   17598512 total
- age   6:    2047320 bytes,   19645832 total
- age   7:    1116304 bytes,   20762136 total
: 109248K->21824K(109248K), 0.0132096 secs] 207924K->123779K(502464K), 0.0132613 secs] [Times: user=0.04 sys=0.00, real=0.01 secs] 
Heap after GC invocations=174 (full 4):
 par new generation   total 109248K, used 21824K [0x00000007a0000000, 0x00000007a8000000, 0x00000007a8000000)
  eden space 87424K,   0% used [0x00000007a0000000, 0x00000007a0000000, 0x00000007a5560000)
  from space 21824K, 100% used [0x00000007a5560000, 0x00000007a6ab0000, 0x00000007a6ab0000)
  to   space 21824K,   0% used [0x00000007a6ab0000, 0x00000007a6ab0000, 0x00000007a8000000)
 concurrent mark-sweep generation total 393216K, used 101955K [0x00000007a8000000, 0x00000007c0000000, 0x00000007c0000000)
 Metaspace       used 40560K, capacity 41262K, committed 41588K, reserved 1085440K
  class space    used 4653K, capacity 4862K, committed 4988K, reserved 1048576K
}
2016-10-23T22:32:14.655+0800: 1953.678: Total time for which application threads were stopped: 0.0134963 seconds, Stopping threads took: 0.0000675 seconds
2016-10-23T22:32:14.680+0800: 1953.703: Total time for which application threads were stopped: 0.0003059 seconds, Stopping threads took: 0.0000606 seconds
2016-10-23T22:32:14.680+0800: 1953.703: Total time for which application threads were stopped: 0.0001609 seconds, Stopping threads took: 0.0000705 seconds
{Heap before GC invocations=174 (full 4):
 par new generation   total 109248K, used 109220K [0x00000007a0000000, 0x00000007a8000000, 0x00000007a8000000)
  eden space 87424K,  99% used [0x00000007a0000000, 0x00000007a55592e0, 0x00000007a5560000)
  from space 21824K, 100% used [0x00000007a5560000, 0x00000007a6ab0000, 0x00000007a6ab0000)
  to   space 21824K,   0% used [0x00000007a6ab0000, 0x00000007a6ab0000, 0x00000007a8000000)
 concurrent mark-sweep generation total 393216K, used 101955K [0x00000007a8000000, 0x00000007c0000000, 0x00000007c0000000)
 Metaspace       used 40560K, capacity 41262K, committed 41588K, reserved 1085440K
  class space    used 4653K, capacity 4862K, committed 4988K, reserved 1048576K
2016-10-23T22:32:14.803+0800: 1953.826: [GC (Allocation Failure) 2016-10-23T22:32:14.803+0800: 1953.826: [ParNew
Desired survivor size 20112992 bytes, new threshold 7 (max 8)
- age   1:    4608488 bytes,    4608488 total
- age   2:    4440624 bytes,    9049112 total
- age   3:    2994728 bytes,   12043840 total
- age   4:    2571248 bytes,   14615088 total
- age   5:    1652480 bytes,   16267568 total
- age   6:    2270792 bytes,   18538360 total
- age   7:    1744664 bytes,   20283024 total
: 109220K->21824K(109248K), 0.0109783 secs] 211176K->127724K(502464K), 0.0110472 secs] [Times: user=0.04 sys=0.00, real=0.01 secs] 
Heap after GC invocations=175 (full 4):
 par new generation   total 109248K, used 21824K [0x00000007a0000000, 0x00000007a8000000, 0x00000007a8000000)
  eden space 87424K,   0% used [0x00000007a0000000, 0x00000007a0000000, 0x00000007a5560000)
  from space 21824K, 100% used [0x00000007a6ab0000, 0x00000007a8000000, 0x00000007a8000000)
  to   space 21824K,   0% used [0x00000007a5560000, 0x00000007a5560000, 0x00000007a6ab0000)
 concurrent mark-sweep generation total 393216K, used 105900K [0x00000007a8000000, 0x00000007c0000000, 0x00000007c0000000)
 Metaspace       used 40560K, capacity 41262K, committed 41588K, reserved 1085440K
  class space    used 4653K, capacity 4862K, committed 4988K, reserved 1048576K
}
2016-10-23T22:32:14.814+0800: 1953.837: Total time for which application threads were stopped: 0.0113066 seconds, Stopping threads took: 0.0000804 seconds
{Heap before GC invocations=175 (full 4):
 par new generation   total 109248K, used 109248K [0x00000007a0000000, 0x00000007a8000000, 0x00000007a8000000)
  eden space 87424K, 100% used [0x00000007a0000000, 0x00000007a5560000, 0x00000007a5560000)
  from space 21824K, 100% used [0x00000007a6ab0000, 0x00000007a8000000, 0x00000007a8000000)
  to   space 21824K,   0% used [0x00000007a5560000, 0x00000007a5560000, 0x00000007a6ab0000)
 concurrent mark-sweep generation total 393216K, used 105900K [0x00000007a8000000, 0x00000007c0000000, 0x00000007c0000000)
 Metaspace       used 40560K, capacity 41262K, committed 41588K, reserved 1085440K
  class space    used 4653K, capacity 4862K, committed 4988K, reserved 1048576K
2016-10-23T22:32:14.842+0800: 1953.865: [GC (Allocation Failure) 2016-10-23T22:32:14.842+0800: 1953.865: [ParNew
Desired survivor size 20112992 bytes, new threshold 8 (max 8)
- age   1:    1067032 bytes,    1067032 total
- age   2:    4172104 bytes,    5239136 total
- age   3:    4437616 bytes,    9676752 total
- age   4:    2991944 bytes,   12668696 total
- age   5:    2569632 bytes,   15238328 total
- age   6:    1650488 bytes,   16888816 total
- age   7:    2268064 bytes,   19156880 total
: 109248K->21824K(109248K), 0.0097923 secs] 215148K->129493K(502464K), 0.0098547 secs] [Times: user=0.04 sys=0.00, real=0.01 secs] 
Heap after GC invocations=176 (full 4):
 par new generation   total 109248K, used 21824K [0x00000007a0000000, 0x00000007a8000000, 0x00000007a8000000)
  eden space 87424K,   0% used [0x00000007a0000000, 0x00000007a0000000, 0x00000007a5560000)
  from space 21824K, 100% used [0x00000007a5560000, 0x00000007a6ab0000, 0x00000007a6ab0000)
  to   space 21824K,   0% used [0x00000007a6ab0000, 0x00000007a6ab0000, 0x00000007a8000000)
 concurrent mark-sweep generation total 393216K, used 107669K [0x00000007a8000000, 0x00000007c0000000, 0x00000007c0000000)
 Metaspace       used 40560K, capacity 41262K, committed 41588K, reserved 1085440K
  class space    used 4653K, capacity 4862K, committed 4988K, reserved 1048576K
}
2016-10-23T22:32:14.852+0800: 1953.875: Total time for which application threads were stopped: 0.0101343 seconds, Stopping threads took: 0.0001078 seconds
2016-10-23T22:32:14.902+0800: 1953.925: Total time for which application threads were stopped: 0.0001984 seconds, Stopping threads took: 0.0001002 seconds
{Heap before GC invocations=176 (full 4):
 par new generation   total 109248K, used 109248K [0x00000007a0000000, 0x00000007a8000000, 0x00000007a8000000)
  eden space 87424K, 100% used [0x00000007a0000000, 0x00000007a5560000, 0x00000007a5560000)
  from space 21824K, 100% used [0x00000007a5560000, 0x00000007a6ab0000, 0x00000007a6ab0000)
  to   space 21824K,   0% used [0x00000007a6ab0000, 0x00000007a6ab0000, 0x00000007a8000000)
 concurrent mark-sweep generation total 393216K, used 107669K [0x00000007a8000000, 0x00000007c0000000, 0x00000007c0000000)
 Metaspace       used 40566K, capacity 41262K, committed 41588K, reserved 1085440K
  class space    used 4653K, capacity 4862K, committed 4988K, reserved 1048576K
2016-10-23T22:32:14.939+0800: 1953.962: [GC (Allocation Failure) 2016-10-23T22:32:14.939+0800: 1953.962: [ParNew
Desired survivor size 20112992 bytes, new threshold 8 (max 8)
- age   1:    3257416 bytes,    3257416 total
- age   2:     488848 bytes,    3746264 total
- age   3:    3303280 bytes,    7049544 total
- age   4:    4037144 bytes,   11086688 total
- age   5:    2417528 bytes,   13504216 total
- age   6:    2252792 bytes,   15757008 total
- age   7:    1315296 bytes,   17072304 total
- age   8:    1780168 bytes,   18852472 total
: 109248K->21824K(109248K), 0.0094453 secs] 216917K->130086K(502464K), 0.0095102 secs] [Times: user=0.03 sys=0.00, real=0.01 secs] 
Heap after GC invocations=177 (full 4):
 par new generation   total 109248K, used 21824K [0x00000007a0000000, 0x00000007a8000000, 0x00000007a8000000)
  eden space 87424K,   0% used [0x00000007a0000000, 0x00000007a0000000, 0x00000007a5560000)
  from space 21824K, 100% used [0x00000007a6ab0000, 0x00000007a8000000, 0x00000007a8000000)
  to   space 21824K,   0% used [0x00000007a5560000, 0x00000007a5560000, 0x00000007a6ab0000)
 concurrent mark-sweep generation total 393216K, used 108262K [0x00000007a8000000, 0x00000007c0000000, 0x00000007c0000000)
 Metaspace       used 40566K, capacity 41262K, committed 41588K, reserved 1085440K
  class space    used 4653K, capacity 4862K, committed 4988K, reserved 1048576K
}
2016-10-23T22:32:14.948+0800: 1953.971: Total time for which application threads were stopped: 0.0096775 seconds, Stopping threads took: 0.0000178 seconds
{Heap before GC invocations=177 (full 4):
 par new generation   total 109248K, used 109248K [0x00000007a0000000, 0x00000007a8000000, 0x00000007a8000000)
  eden space 87424K, 100% used [0x00000007a0000000, 0x00000007a5560000, 0x00000007a5560000)
  from space 21824K, 100% used [0x00000007a6ab0000, 0x00000007a8000000, 0x00000007a8000000)
  to   space 21824K,   0% used [0x00000007a5560000, 0x00000007a5560000, 0x00000007a6ab0000)
 concurrent mark-sweep generation total 393216K, used 108262K [0x00000007a8000000, 0x00000007c0000000, 0x00000007c0000000)
 Metaspace       used 40566K, capacity 41262K, committed 41588K, reserved 1085440K
  class space    used 4653K, capacity 4862K, committed 4988K, reserved 1048576K
2016-10-23T22:32:15.082+0800: 1954.105: [GC (Allocation Failure) 2016-10-23T22:32:15.082+0800: 1954.105: [ParNew
Desired survivor size 20112992 bytes, new threshold 8 (max 8)
- age   1:    5408424 bytes,    5408424 total
- age   2:    2167968 bytes,    7576392 total
- age   3:     352312 bytes,    7928704 total
- age   4:    2853328 bytes,   10782032 total
- age   5:    4033000 bytes,   14815032 total
- age   6:    2404152 bytes,   17219184 total
- age   7:    2247096 bytes,   19466280 total
- age   8:    1305424 bytes,   20771704 total
: 109248K->21824K(109248K), 0.0113711 secs] 217510K->133301K(502464K), 0.0114382 secs] [Times: user=0.04 sys=0.01, real=0.01 secs] 
Heap after GC invocations=178 (full 4):
 par new generation   total 109248K, used 21824K [0x00000007a0000000, 0x00000007a8000000, 0x00000007a8000000)
  eden space 87424K,   0% used [0x00000007a0000000, 0x00000007a0000000, 0x00000007a5560000)
  from space 21824K, 100% used [0x00000007a5560000, 0x00000007a6ab0000, 0x00000007a6ab0000)
  to   space 21824K,   0% used [0x00000007a6ab0000, 0x00000007a6ab0000, 0x00000007a8000000)
 concurrent mark-sweep generation total 393216K, used 111477K [0x00000007a8000000, 0x00000007c0000000, 0x00000007c0000000)
 Metaspace       used 40566K, capacity 41262K, committed 41588K, reserved 1085440K
  class space    used 4653K, capacity 4862K, committed 4988K, reserved 1048576K
}
2016-10-23T22:32:15.094+0800: 1954.117: Total time for which application threads were stopped: 0.0117142 seconds, Stopping threads took: 0.0000794 seconds
{Heap before GC invocations=178 (full 4):
 par new generation   total 109248K, used 109248K [0x00000007a0000000, 0x00000007a8000000, 0x00000007a8000000)
  eden space 87424K, 100% used [0x00000007a0000000, 0x00000007a5560000, 0x00000007a5560000)
  from space 21824K, 100% used [0x00000007a5560000, 0x00000007a6ab0000, 0x00000007a6ab0000)
  to   space 21824K,   0% used [0x00000007a6ab0000, 0x00000007a6ab0000, 0x00000007a8000000)
 concurrent mark-sweep generation total 393216K, used 111477K [0x00000007a8000000, 0x00000007c0000000, 0x00000007c0000000)
 Metaspace       used 40566K, capacity 41262K, committed 41588K, reserved 1085440K
  class space    used 4653K, capacity 4862K, committed 4988K, reserved 1048576K
2016-10-23T22:32:15.228+0800: 1954.251: [GC (Allocation Failure) 2016-10-23T22:32:15.228+0800: 1954.251: [ParNew
Desired survivor size 20112992 bytes, new threshold 8 (max 8)
- age   1:    4778112 bytes,    4778112 total
- age   2:    3107064 bytes,    7885176 total
- age   3:    1654600 bytes,    9539776 total
- age   4:     287080 bytes,    9826856 total
- age   5:    2431016 bytes,   12257872 total
- age   6:    4032856 bytes,   16290728 total
- age   7:    2404088 bytes,   18694816 total
- age   8:    2247000 bytes,   20941816 total
: 109248K->21824K(109248K), 0.0125189 secs] 220725K->138285K(502464K), 0.0126044 secs] [Times: user=0.05 sys=0.00, real=0.02 secs] 
Heap after GC invocations=179 (full 4):
 par new generation   total 109248K, used 21824K [0x00000007a0000000, 0x00000007a8000000, 0x00000007a8000000)
  eden space 87424K,   0% used [0x00000007a0000000, 0x00000007a0000000, 0x00000007a5560000)
  from space 21824K, 100% used [0x00000007a6ab0000, 0x00000007a8000000, 0x00000007a8000000)
  to   space 21824K,   0% used [0x00000007a5560000, 0x00000007a5560000, 0x00000007a6ab0000)
 concurrent mark-sweep generation total 393216K, used 116461K [0x00000007a8000000, 0x00000007c0000000, 0x00000007c0000000)
 Metaspace       used 40566K, capacity 41262K, committed 41588K, reserved 1085440K
  class space    used 4653K, capacity 4862K, committed 4988K, reserved 1048576K
}
2016-10-23T22:32:15.240+0800: 1954.263: Total time for which application threads were stopped: 0.0128033 seconds, Stopping threads took: 0.0000429 seconds
{Heap before GC invocations=179 (full 4):
 par new generation   total 109248K, used 109248K [0x00000007a0000000, 0x00000007a8000000, 0x00000007a8000000)
  eden space 87424K, 100% used [0x00000007a0000000, 0x00000007a5560000, 0x00000007a5560000)
  from space 21824K, 100% used [0x00000007a6ab0000, 0x00000007a8000000, 0x00000007a8000000)
  to   space 21824K,   0% used [0x00000007a5560000, 0x00000007a5560000, 0x00000007a6ab0000)
 concurrent mark-sweep generation total 393216K, used 116461K [0x00000007a8000000, 0x00000007c0000000, 0x00000007c0000000)
 Metaspace       used 40566K, capacity 41262K, committed 41588K, reserved 1085440K
  class space    used 4653K, capacity 4862K, committed 4988K, reserved 1048576K
2016-10-23T22:32:15.377+0800: 1954.401: [GC (Allocation Failure) 2016-10-23T22:32:15.377+0800: 1954.401: [ParNew
Desired survivor size 20112992 bytes, new threshold 8 (max 8)
- age   1:    6878640 bytes,    6878640 total
- age   2:    2801192 bytes,    9679832 total
- age   3:    2426232 bytes,   12106064 total
- age   4:    1505944 bytes,   13612008 total
- age   5:     254800 bytes,   13866808 total
- age   6:    1949448 bytes,   15816256 total
- age   7:    2974848 bytes,   18791104 total
- age   8:    1906256 bytes,   20697360 total
: 109248K->21824K(109248K), 0.0132490 secs] 225709K->144760K(502464K), 0.0133510 secs] [Times: user=0.05 sys=0.00, real=0.02 secs] 
Heap after GC invocations=180 (full 4):
 par new generation   total 109248K, used 21824K [0x00000007a0000000, 0x00000007a8000000, 0x00000007a8000000)
  eden space 87424K,   0% used [0x00000007a0000000, 0x00000007a0000000, 0x00000007a5560000)
  from space 21824K, 100% used [0x00000007a5560000, 0x00000007a6ab0000, 0x00000007a6ab0000)
  to   space 21824K,   0% used [0x00000007a6ab0000, 0x00000007a6ab0000, 0x00000007a8000000)
 concurrent mark-sweep generation total 393216K, used 122936K [0x00000007a8000000, 0x00000007c0000000, 0x00000007c0000000)
 Metaspace       used 40566K, capacity 41262K, committed 41588K, reserved 1085440K
  class space    used 4653K, capacity 4862K, committed 4988K, reserved 1048576K
}
2016-10-23T22:32:15.391+0800: 1954.414: Total time for which application threads were stopped: 0.0136164 seconds, Stopping threads took: 0.0000660 seconds
{Heap before GC invocations=180 (full 4):
 par new generation   total 109248K, used 109248K [0x00000007a0000000, 0x00000007a8000000, 0x00000007a8000000)
  eden space 87424K, 100% used [0x00000007a0000000, 0x00000007a5560000, 0x00000007a5560000)
  from space 21824K, 100% used [0x00000007a5560000, 0x00000007a6ab0000, 0x00000007a6ab0000)
  to   space 21824K,   0% used [0x00000007a6ab0000, 0x00000007a6ab0000, 0x00000007a8000000)
 concurrent mark-sweep generation total 393216K, used 122936K [0x00000007a8000000, 0x00000007c0000000, 0x00000007c0000000)
 Metaspace       used 40566K, capacity 41262K, committed 41588K, reserved 1085440K
  class space    used 4653K, capacity 4862K, committed 4988K, reserved 1048576K
2016-10-23T22:32:15.530+0800: 1954.553: [GC (Allocation Failure) 2016-10-23T22:32:15.530+0800: 1954.553: [ParNew
Desired survivor size 20112992 bytes, new threshold 8 (max 8)
- age   1:    6266144 bytes,    6266144 total
- age   2:    4272424 bytes,   10538568 total
- age   3:    2536696 bytes,   13075264 total
- age   4:    2174320 bytes,   15249584 total
- age   5:    1390632 bytes,   16640216 total
- age   6:     225352 bytes,   16865568 total
- age   7:    1810888 bytes,   18676456 total
- age   8:    2627504 bytes,   21303960 total
: 109248K->21824K(109248K), 0.0136415 secs] 232184K->149093K(502464K), 0.0137268 secs] [Times: user=0.05 sys=0.00, real=0.01 secs] 
Heap after GC invocations=181 (full 4):
 par new generation   total 109248K, used 21824K [0x00000007a0000000, 0x00000007a8000000, 0x00000007a8000000)
  eden space 87424K,   0% used [0x00000007a0000000, 0x00000007a0000000, 0x00000007a5560000)
  from space 21824K, 100% used [0x00000007a6ab0000, 0x00000007a8000000, 0x00000007a8000000)
  to   space 21824K,   0% used [0x00000007a5560000, 0x00000007a5560000, 0x00000007a6ab0000)
 concurrent mark-sweep generation total 393216K, used 127269K [0x00000007a8000000, 0x00000007c0000000, 0x00000007c0000000)
 Metaspace       used 40566K, capacity 41262K, committed 41588K, reserved 1085440K
  class space    used 4653K, capacity 4862K, committed 4988K, reserved 1048576K
}
2016-10-23T22:32:15.544+0800: 1954.567: Total time for which application threads were stopped: 0.0140421 seconds, Stopping threads took: 0.0000971 seconds
2016-10-23T22:32:15.680+0800: 1954.703: Total time for which application threads were stopped: 0.0001943 seconds, Stopping threads took: 0.0000407 seconds
{Heap before GC invocations=181 (full 4):
 par new generation   total 109248K, used 109248K [0x00000007a0000000, 0x00000007a8000000, 0x00000007a8000000)
  eden space 87424K, 100% used [0x00000007a0000000, 0x00000007a5560000, 0x00000007a5560000)
  from space 21824K, 100% used [0x00000007a6ab0000, 0x00000007a8000000, 0x00000007a8000000)
  to   space 21824K,   0% used [0x00000007a5560000, 0x00000007a5560000, 0x00000007a6ab0000)
 concurrent mark-sweep generation total 393216K, used 127269K [0x00000007a8000000, 0x00000007c0000000, 0x00000007c0000000)
 Metaspace       used 40566K, capacity 41262K, committed 41588K, reserved 1085440K
  class space    used 4653K, capacity 4862K, committed 4988K, reserved 1048576K
2016-10-23T22:32:15.738+0800: 1954.761: [GC (Allocation Failure) 2016-10-23T22:32:15.738+0800: 1954.761: [ParNew
Desired survivor size 20112992 bytes, new threshold 8 (max 8)
- age   1:    6251408 bytes,    6251408 total
- age   2:    2927448 bytes,    9178856 total
- age   3:    3928424 bytes,   13107280 total
- age   4:    2071624 bytes,   15178904 total
- age   5:    1844320 bytes,   17023224 total
- age   6:    1234080 bytes,   18257304 total
- age   7:     189520 bytes,   18446824 total
- age   8:    1646016 bytes,   20092840 total
: 109248K->21824K(109248K), 0.0145217 secs] 236517K->154619K(502464K), 0.0145735 secs] [Times: user=0.05 sys=0.00, real=0.02 secs] 
Heap after GC invocations=182 (full 4):
 par new generation   total 109248K, used 21824K [0x00000007a0000000, 0x00000007a8000000, 0x00000007a8000000)
  eden space 87424K,   0% used [0x00000007a0000000, 0x00000007a0000000, 0x00000007a5560000)
  from space 21824K, 100% used [0x00000007a5560000, 0x00000007a6ab0000, 0x00000007a6ab0000)
  to   space 21824K,   0% used [0x00000007a6ab0000, 0x00000007a6ab0000, 0x00000007a8000000)
 concurrent mark-sweep generation total 393216K, used 132795K [0x00000007a8000000, 0x00000007c0000000, 0x00000007c0000000)
 Metaspace       used 40566K, capacity 41262K, committed 41588K, reserved 1085440K
  class space    used 4653K, capacity 4862K, committed 4988K, reserved 1048576K
}
2016-10-23T22:32:15.752+0800: 1954.776: Total time for which application threads were stopped: 0.0148050 seconds, Stopping threads took: 0.0000425 seconds
{Heap before GC invocations=182 (full 4):
 par new generation   total 109248K, used 109248K [0x00000007a0000000, 0x00000007a8000000, 0x00000007a8000000)
  eden space 87424K, 100% used [0x00000007a0000000, 0x00000007a5560000, 0x00000007a5560000)
  from space 21824K, 100% used [0x00000007a5560000, 0x00000007a6ab0000, 0x00000007a6ab0000)
  to   space 21824K,   0% used [0x00000007a6ab0000, 0x00000007a6ab0000, 0x00000007a8000000)
 concurrent mark-sweep generation total 393216K, used 132795K [0x00000007a8000000, 0x00000007c0000000, 0x00000007c0000000)
 Metaspace       used 40567K, capacity 41326K, committed 41588K, reserved 1085440K
  class space    used 4653K, capacity 4862K, committed 4988K, reserved 1048576K
2016-10-23T22:32:15.845+0800: 1954.868: [GC (Allocation Failure) 2016-10-23T22:32:15.845+0800: 1954.868: [ParNew
Desired survivor size 20112992 bytes, new threshold 8 (max 8)
- age   1:     177208 bytes,     177208 total
- age   2:    5945208 bytes,    6122416 total
- age   3:    2893712 bytes,    9016128 total
- age   4:    3896768 bytes,   12912896 total
- age   5:    2040112 bytes,   14953008 total
- age   6:    1815440 bytes,   16768448 total
- age   7:    1219208 bytes,   17987656 total
- age   8:     185320 bytes,   18172976 total
: 109248K->21824K(109248K), 0.0090536 secs] 242043K->156473K(502464K), 0.0091201 secs] [Times: user=0.03 sys=0.00, real=0.01 secs] 
Heap after GC invocations=183 (full 4):
 par new generation   total 109248K, used 21824K [0x00000007a0000000, 0x00000007a8000000, 0x00000007a8000000)
  eden space 87424K,   0% used [0x00000007a0000000, 0x00000007a0000000, 0x00000007a5560000)
  from space 21824K, 100% used [0x00000007a6ab0000, 0x00000007a8000000, 0x00000007a8000000)
  to   space 21824K,   0% used [0x00000007a5560000, 0x00000007a5560000, 0x00000007a6ab0000)
 concurrent mark-sweep generation total 393216K, used 134649K [0x00000007a8000000, 0x00000007c0000000, 0x00000007c0000000)
 Metaspace       used 40567K, capacity 41326K, committed 41588K, reserved 1085440K
  class space    used 4653K, capacity 4862K, committed 4988K, reserved 1048576K
}
2016-10-23T22:32:15.854+0800: 1954.877: Total time for which application threads were stopped: 0.0093645 seconds, Stopping threads took: 0.0000639 seconds
2016-10-23T22:32:15.921+0800: 1954.944: Total time for which application threads were stopped: 0.0002224 seconds, Stopping threads took: 0.0001203 seconds
2016-10-23T22:32:15.922+0800: 1954.945: Total time for which application threads were stopped: 0.0001198 seconds, Stopping threads took: 0.0000692 seconds
2016-10-23T22:32:15.922+0800: 1954.945: Total time for which application threads were stopped: 0.0001367 seconds, Stopping threads took: 0.0000807 seconds
2016-10-23T22:32:15.922+0800: 1954.945: Total time for which application threads were stopped: 0.0001056 seconds, Stopping threads took: 0.0000591 seconds
2016-10-23T22:32:15.923+0800: 1954.946: Total time for which application threads were stopped: 0.0001113 seconds, Stopping threads took: 0.0000623 seconds
2016-10-23T22:32:15.923+0800: 1954.946: Total time for which application threads were stopped: 0.0001084 seconds, Stopping threads took: 0.0000624 seconds
2016-10-23T22:32:15.923+0800: 1954.946: Total time for which application threads were stopped: 0.0000951 seconds, Stopping threads took: 0.0000523 seconds
2016-10-23T22:32:15.924+0800: 1954.947: Total time for which application threads were stopped: 0.0001025 seconds, Stopping threads took: 0.0000519 seconds
2016-10-23T22:32:15.924+0800: 1954.947: Total time for which application threads were stopped: 0.0000960 seconds, Stopping threads took: 0.0000494 seconds
{Heap before GC invocations=183 (full 4):
 par new generation   total 109248K, used 109248K [0x00000007a0000000, 0x00000007a8000000, 0x00000007a8000000)
  eden space 87424K, 100% used [0x00000007a0000000, 0x00000007a5560000, 0x00000007a5560000)
  from space 21824K, 100% used [0x00000007a6ab0000, 0x00000007a8000000, 0x00000007a8000000)
  to   space 21824K,   0% used [0x00000007a5560000, 0x00000007a5560000, 0x00000007a6ab0000)
 concurrent mark-sweep generation total 393216K, used 134649K [0x00000007a8000000, 0x00000007c0000000, 0x00000007c0000000)
 Metaspace       used 40573K, capacity 41334K, committed 41588K, reserved 1085440K
  class space    used 4653K, capacity 4862K, committed 4988K, reserved 1048576K
2016-10-23T22:32:15.957+0800: 1954.980: [GC (Allocation Failure) 2016-10-23T22:32:15.957+0800: 1954.980: [ParNew
Desired survivor size 20112992 bytes, new threshold 8 (max 8)
- age   1:    2641768 bytes,    2641768 total
- age   2:      34584 bytes,    2676352 total
- age   3:    5207688 bytes,    7884040 total
- age   4:    2375632 bytes,   10259672 total
- age   5:    3407296 bytes,   13666968 total
- age   6:    1842504 bytes,   15509472 total
- age   7:    1616304 bytes,   17125776 total
- age   8:    1087488 bytes,   18213264 total
: 109248K->21824K(109248K), 0.0100130 secs] 243897K->156868K(502464K), 0.0100667 secs] [Times: user=0.05 sys=0.00, real=0.01 secs] 
Heap after GC invocations=184 (full 4):
 par new generation   total 109248K, used 21824K [0x00000007a0000000, 0x00000007a8000000, 0x00000007a8000000)
  eden space 87424K,   0% used [0x00000007a0000000, 0x00000007a0000000, 0x00000007a5560000)
  from space 21824K, 100% used [0x00000007a5560000, 0x00000007a6ab0000, 0x00000007a6ab0000)
  to   space 21824K,   0% used [0x00000007a6ab0000, 0x00000007a6ab0000, 0x00000007a8000000)
 concurrent mark-sweep generation total 393216K, used 135044K [0x00000007a8000000, 0x00000007c0000000, 0x00000007c0000000)
 Metaspace       used 40573K, capacity 41334K, committed 41588K, reserved 1085440K
  class space    used 4653K, capacity 4862K, committed 4988K, reserved 1048576K
}
2016-10-23T22:32:15.967+0800: 1954.990: Total time for which application threads were stopped: 0.0102842 seconds, Stopping threads took: 0.0000617 seconds
{Heap before GC invocations=184 (full 4):
 par new generation   total 109248K, used 109248K [0x00000007a0000000, 0x00000007a8000000, 0x00000007a8000000)
  eden space 87424K, 100% used [0x00000007a0000000, 0x00000007a5560000, 0x00000007a5560000)
  from space 21824K, 100% used [0x00000007a5560000, 0x00000007a6ab0000, 0x00000007a6ab0000)
  to   space 21824K,   0% used [0x00000007a6ab0000, 0x00000007a6ab0000, 0x00000007a8000000)
 concurrent mark-sweep generation total 393216K, used 135044K [0x00000007a8000000, 0x00000007c0000000, 0x00000007c0000000)
 Metaspace       used 40573K, capacity 41334K, committed 41588K, reserved 1085440K
  class space    used 4653K, capacity 4862K, committed 4988K, reserved 1048576K
2016-10-23T22:32:16.098+0800: 1955.121: [GC (Allocation Failure) 2016-10-23T22:32:16.098+0800: 1955.121: [ParNew
Desired survivor size 20112992 bytes, new threshold 8 (max 8)
- age   1:    4136920 bytes,    4136920 total
- age   2:    1670000 bytes,    5806920 total
- age   3:      28344 bytes,    5835264 total
- age   4:    4659840 bytes,   10495104 total
- age   5:    2166160 bytes,   12661264 total
- age   6:    3205936 bytes,   15867200 total
- age   7:    1761144 bytes,   17628344 total
- age   8:    1616256 bytes,   19244600 total
: 109248K->21824K(109248K), 0.0119251 secs] 244292K->160806K(502464K), 0.0119896 secs] [Times: user=0.04 sys=0.00, real=0.02 secs] 
Heap after GC invocations=185 (full 4):
 par new generation   total 109248K, used 21824K [0x00000007a0000000, 0x00000007a8000000, 0x00000007a8000000)
  eden space 87424K,   0% used [0x00000007a0000000, 0x00000007a0000000, 0x00000007a5560000)
  from space 21824K, 100% used [0x00000007a6ab0000, 0x00000007a8000000, 0x00000007a8000000)
  to   space 21824K,   0% used [0x00000007a5560000, 0x00000007a5560000, 0x00000007a6ab0000)
 concurrent mark-sweep generation total 393216K, used 138982K [0x00000007a8000000, 0x00000007c0000000, 0x00000007c0000000)
 Metaspace       used 40573K, capacity 41334K, committed 41588K, reserved 1085440K
  class space    used 4653K, capacity 4862K, committed 4988K, reserved 1048576K
}
2016-10-23T22:32:16.110+0800: 1955.133: Total time for which application threads were stopped: 0.0121839 seconds, Stopping threads took: 0.0000309 seconds
{Heap before GC invocations=185 (full 4):
 par new generation   total 109248K, used 109248K [0x00000007a0000000, 0x00000007a8000000, 0x00000007a8000000)
  eden space 87424K, 100% used [0x00000007a0000000, 0x00000007a5560000, 0x00000007a5560000)
  from space 21824K, 100% used [0x00000007a6ab0000, 0x00000007a8000000, 0x00000007a8000000)
  to   space 21824K,   0% used [0x00000007a5560000, 0x00000007a5560000, 0x00000007a6ab0000)
 concurrent mark-sweep generation total 393216K, used 138982K [0x00000007a8000000, 0x00000007c0000000, 0x00000007c0000000)
 Metaspace       used 40573K, capacity 41334K, committed 41588K, reserved 1085440K
  class space    used 4653K, capacity 4862K, committed 4988K, reserved 1048576K
2016-10-23T22:32:16.239+0800: 1955.262: [GC (Allocation Failure) 2016-10-23T22:32:16.239+0800: 1955.262: [ParNew
Desired survivor size 20112992 bytes, new threshold 8 (max 8)
- age   1:    5529584 bytes,    5529584 total
- age   2:    2617432 bytes,    8147016 total
- age   3:    1412616 bytes,    9559632 total
- age   4:      28344 bytes,    9587976 total
- age   5:    4556608 bytes,   14144584 total
- age   6:    2164968 bytes,   16309552 total
- age   7:    3204312 bytes,   19513864 total
- age   8:    1761008 bytes,   21274872 total
: 109248K->21824K(109248K), 0.0132605 secs] 248230K->164549K(502464K), 0.0133279 secs] [Times: user=0.04 sys=0.00, real=0.02 secs] 
Heap after GC invocations=186 (full 4):
 par new generation   total 109248K, used 21824K [0x00000007a0000000, 0x00000007a8000000, 0x00000007a8000000)
  eden space 87424K,   0% used [0x00000007a0000000, 0x00000007a0000000, 0x00000007a5560000)
  from space 21824K, 100% used [0x00000007a5560000, 0x00000007a6ab0000, 0x00000007a6ab0000)
  to   space 21824K,   0% used [0x00000007a6ab0000, 0x00000007a6ab0000, 0x00000007a8000000)
 concurrent mark-sweep generation total 393216K, used 142725K [0x00000007a8000000, 0x00000007c0000000, 0x00000007c0000000)
 Metaspace       used 40573K, capacity 41334K, committed 41588K, reserved 1085440K
  class space    used 4653K, capacity 4862K, committed 4988K, reserved 1048576K
}
2016-10-23T22:32:16.252+0800: 1955.276: Total time for which application threads were stopped: 0.0135287 seconds, Stopping threads took: 0.0000408 seconds
{Heap before GC invocations=186 (full 4):
 par new generation   total 109248K, used 109248K [0x00000007a0000000, 0x00000007a8000000, 0x00000007a8000000)
  eden space 87424K, 100% used [0x00000007a0000000, 0x00000007a5560000, 0x00000007a5560000)
  from space 21824K, 100% used [0x00000007a5560000, 0x00000007a6ab0000, 0x00000007a6ab0000)
  to   space 21824K,   0% used [0x00000007a6ab0000, 0x00000007a6ab0000, 0x00000007a8000000)
 concurrent mark-sweep generation total 393216K, used 142725K [0x00000007a8000000, 0x00000007c0000000, 0x00000007c0000000)
 Metaspace       used 40573K, capacity 41334K, committed 41588K, reserved 1085440K
  class space    used 4653K, capacity 4862K, committed 4988K, reserved 1048576K
2016-10-23T22:32:16.386+0800: 1955.409: [GC (Allocation Failure) 2016-10-23T22:32:16.386+0800: 1955.409: [ParNew
Desired survivor size 20112992 bytes, new threshold 8 (max 8)
- age   1:    5218384 bytes,    5218384 total
- age   2:    3162400 bytes,    8380784 total
- age   3:    2184944 bytes,   10565728 total
- age   4:    1322496 bytes,   11888224 total
- age   5:      22496 bytes,   11910720 total
- age   6:    4325832 bytes,   16236552 total
- age   7:    1906200 bytes,   18142752 total
- age   8:    2964304 bytes,   21107056 total
: 109248K->21824K(109248K), 0.0139373 secs] 251973K->169611K(502464K), 0.0140347 secs] [Times: user=0.05 sys=0.00, real=0.02 secs] 
Heap after GC invocations=187 (full 4):
 par new generation   total 109248K, used 21824K [0x00000007a0000000, 0x00000007a8000000, 0x00000007a8000000)
  eden space 87424K,   0% used [0x00000007a0000000, 0x00000007a0000000, 0x00000007a5560000)
  from space 21824K, 100% used [0x00000007a6ab0000, 0x00000007a8000000, 0x00000007a8000000)
  to   space 21824K,   0% used [0x00000007a5560000, 0x00000007a5560000, 0x00000007a6ab0000)
 concurrent mark-sweep generation total 393216K, used 147787K [0x00000007a8000000, 0x00000007c0000000, 0x00000007c0000000)
 Metaspace       used 40573K, capacity 41334K, committed 41588K, reserved 1085440K
  class space    used 4653K, capacity 4862K, committed 4988K, reserved 1048576K
}
2016-10-23T22:32:16.400+0800: 1955.423: Total time for which application threads were stopped: 0.0142866 seconds, Stopping threads took: 0.0000437 seconds
{Heap before GC invocations=187 (full 4):
 par new generation   total 109248K, used 109248K [0x00000007a0000000, 0x00000007a8000000, 0x00000007a8000000)
  eden space 87424K, 100% used [0x00000007a0000000, 0x00000007a5560000, 0x00000007a5560000)
  from space 21824K, 100% used [0x00000007a6ab0000, 0x00000007a8000000, 0x00000007a8000000)
  to   space 21824K,   0% used [0x00000007a5560000, 0x00000007a5560000, 0x00000007a6ab0000)
 concurrent mark-sweep generation total 393216K, used 147787K [0x00000007a8000000, 0x00000007c0000000, 0x00000007c0000000)
 Metaspace       used 40573K, capacity 41334K, committed 41588K, reserved 1085440K
  class space    used 4653K, capacity 4862K, committed 4988K, reserved 1048576K
2016-10-23T22:32:16.531+0800: 1955.555: [GC (Allocation Failure) 2016-10-23T22:32:16.531+0800: 1955.555: [ParNew
Desired survivor size 20112992 bytes, new threshold 8 (max 8)
- age   1:    6742528 bytes,    6742528 total
- age   2:    2756128 bytes,    9498656 total
- age   3:    2350400 bytes,   11849056 total
- age   4:    1809248 bytes,   13658304 total
- age   5:    1212816 bytes,   14871120 total
- age   6:      22424 bytes,   14893544 total
- age   7:    3913840 bytes,   18807384 total
- age   8:    1902104 bytes,   20709488 total
: 109248K->21824K(109248K), 0.0135446 secs] 257035K->175969K(502464K), 0.0135944 secs] [Times: user=0.05 sys=0.00, real=0.01 secs] 
Heap after GC invocations=188 (full 4):
 par new generation   total 109248K, used 21824K [0x00000007a0000000, 0x00000007a8000000, 0x00000007a8000000)
  eden space 87424K,   0% used [0x00000007a0000000, 0x00000007a0000000, 0x00000007a5560000)
  from space 21824K, 100% used [0x00000007a5560000, 0x00000007a6ab0000, 0x00000007a6ab0000)
  to   space 21824K,   0% used [0x00000007a6ab0000, 0x00000007a6ab0000, 0x00000007a8000000)
 concurrent mark-sweep generation total 393216K, used 154145K [0x00000007a8000000, 0x00000007c0000000, 0x00000007c0000000)
 Metaspace       used 40573K, capacity 41334K, committed 41588K, reserved 1085440K
  class space    used 4653K, capacity 4862K, committed 4988K, reserved 1048576K
}
2016-10-23T22:32:16.545+0800: 1955.568: Total time for which application threads were stopped: 0.0138229 seconds, Stopping threads took: 0.0000313 seconds
{Heap before GC invocations=188 (full 4):
 par new generation   total 109248K, used 109248K [0x00000007a0000000, 0x00000007a8000000, 0x00000007a8000000)
  eden space 87424K, 100% used [0x00000007a0000000, 0x00000007a5560000, 0x00000007a5560000)
  from space 21824K, 100% used [0x00000007a5560000, 0x00000007a6ab0000, 0x00000007a6ab0000)
  to   space 21824K,   0% used [0x00000007a6ab0000, 0x00000007a6ab0000, 0x00000007a8000000)
 concurrent mark-sweep generation total 393216K, used 154145K [0x00000007a8000000, 0x00000007c0000000, 0x00000007c0000000)
 Metaspace       used 40573K, capacity 41334K, committed 41588K, reserved 1085440K
  class space    used 4653K, capacity 4862K, committed 4988K, reserved 1048576K
2016-10-23T22:32:16.680+0800: 1955.703: [GC (Allocation Failure) 2016-10-23T22:32:16.680+0800: 1955.703: [ParNew
Desired survivor size 20112992 bytes, new threshold 8 (max 8)
- age   1:    6713064 bytes,    6713064 total
- age   2:    4272904 bytes,   10985968 total
- age   3:    2237000 bytes,   13222968 total
- age   4:    1928632 bytes,   15151600 total
- age   5:    1685536 bytes,   16837136 total
- age   6:    1116432 bytes,   17953568 total
- age   7:      20624 bytes,   17974192 total
- age   8:    3806088 bytes,   21780280 total
: 109248K->21824K(109248K), 0.0141035 secs] 263393K->180724K(502464K), 0.0141847 secs] [Times: user=0.05 sys=0.00, real=0.01 secs] 
Heap after GC invocations=189 (full 4):
 par new generation   total 109248K, used 21824K [0x00000007a0000000, 0x00000007a8000000, 0x00000007a8000000)
  eden space 87424K,   0% used [0x00000007a0000000, 0x00000007a0000000, 0x00000007a5560000)
  from space 21824K, 100% used [0x00000007a6ab0000, 0x00000007a8000000, 0x00000007a8000000)
  to   space 21824K,   0% used [0x00000007a5560000, 0x00000007a5560000, 0x00000007a6ab0000)
 concurrent mark-sweep generation total 393216K, used 158900K [0x00000007a8000000, 0x00000007c0000000, 0x00000007c0000000)
 Metaspace       used 40573K, capacity 41334K, committed 41588K, reserved 1085440K
  class space    used 4653K, capacity 4862K, committed 4988K, reserved 1048576K
}
2016-10-23T22:32:16.694+0800: 1955.717: Total time for which application threads were stopped: 0.0144675 seconds, Stopping threads took: 0.0000881 seconds
2016-10-23T22:32:16.695+0800: 1955.718: Total time for which application threads were stopped: 0.0001805 seconds, Stopping threads took: 0.0000538 seconds
{Heap before GC invocations=189 (full 4):
 par new generation   total 109248K, used 109248K [0x00000007a0000000, 0x00000007a8000000, 0x00000007a8000000)
  eden space 87424K, 100% used [0x00000007a0000000, 0x00000007a5560000, 0x00000007a5560000)
  from space 21824K, 100% used [0x00000007a6ab0000, 0x00000007a8000000, 0x00000007a8000000)
  to   space 21824K,   0% used [0x00000007a5560000, 0x00000007a5560000, 0x00000007a6ab0000)
 concurrent mark-sweep generation total 393216K, used 158900K [0x00000007a8000000, 0x00000007c0000000, 0x00000007c0000000)
 Metaspace       used 40573K, capacity 41334K, committed 41588K, reserved 1085440K
  class space    used 4653K, capacity 4862K, committed 4988K, reserved 1048576K
2016-10-23T22:32:16.815+0800: 1955.838: [GC (Allocation Failure) 2016-10-23T22:32:16.815+0800: 1955.838: [ParNew
Desired survivor size 20112992 bytes, new threshold 8 (max 8)
- age   1:    3709648 bytes,    3709648 total
- age   2:    6401088 bytes,   10110736 total
- age   3:    3720816 bytes,   13831552 total
- age   4:    1953184 bytes,   15784736 total
- age   5:    1652120 bytes,   17436856 total
- age   6:    1410400 bytes,   18847256 total
- age   7:     991576 bytes,   19838832 total
- age   8:      20400 bytes,   19859232 total
: 109248K->21824K(109248K), 0.0112722 secs] 268148K->185109K(502464K), 0.0113261 secs] [Times: user=0.04 sys=0.00, real=0.01 secs] 
Heap after GC invocations=190 (full 4):
 par new generation   total 109248K, used 21824K [0x00000007a0000000, 0x00000007a8000000, 0x00000007a8000000)
  eden space 87424K,   0% used [0x00000007a0000000, 0x00000007a0000000, 0x00000007a5560000)
  from space 21824K, 100% used [0x00000007a5560000, 0x00000007a6ab0000, 0x00000007a6ab0000)
  to   space 21824K,   0% used [0x00000007a6ab0000, 0x00000007a6ab0000, 0x00000007a8000000)
 concurrent mark-sweep generation total 393216K, used 163285K [0x00000007a8000000, 0x00000007c0000000, 0x00000007c0000000)
 Metaspace       used 40573K, capacity 41334K, committed 41588K, reserved 1085440K
  class space    used 4653K, capacity 4862K, committed 4988K, reserved 1048576K
}
2016-10-23T22:32:16.826+0800: 1955.849: Total time for which application threads were stopped: 0.0116106 seconds, Stopping threads took: 0.0000925 seconds
{Heap before GC invocations=190 (full 4):
 par new generation   total 109248K, used 109219K [0x00000007a0000000, 0x00000007a8000000, 0x00000007a8000000)
  eden space 87424K,  99% used [0x00000007a0000000, 0x00000007a5558f00, 0x00000007a5560000)
  from space 21824K, 100% used [0x00000007a5560000, 0x00000007a6ab0000, 0x00000007a6ab0000)
  to   space 21824K,   0% used [0x00000007a6ab0000, 0x00000007a6ab0000, 0x00000007a8000000)
 concurrent mark-sweep generation total 393216K, used 163285K [0x00000007a8000000, 0x00000007c0000000, 0x00000007c0000000)
 Metaspace       used 40573K, capacity 41334K, committed 41588K, reserved 1085440K
  class space    used 4653K, capacity 4862K, committed 4988K, reserved 1048576K
2016-10-23T22:32:16.860+0800: 1955.883: [GC (Allocation Failure) 2016-10-23T22:32:16.860+0800: 1955.883: [ParNew
Desired survivor size 20112992 bytes, new threshold 8 (max 8)
- age   1:    1078160 bytes,    1078160 total
- age   2:    2732512 bytes,    3810672 total
- age   3:    6379096 bytes,   10189768 total
- age   4:    3704304 bytes,   13894072 total
- age   5:    1948464 bytes,   15842536 total
- age   6:    1651000 bytes,   17493536 total
- age   7:    1409480 bytes,   18903016 total
- age   8:     991544 bytes,   19894560 total
: 109219K->21824K(109248K), 0.0098057 secs] 272505K->185975K(502464K), 0.0098728 secs] [Times: user=0.03 sys=0.00, real=0.01 secs] 
Heap after GC invocations=191 (full 4):
 par new generation   total 109248K, used 21824K [0x00000007a0000000, 0x00000007a8000000, 0x00000007a8000000)
  eden space 87424K,   0% used [0x00000007a0000000, 0x00000007a0000000, 0x00000007a5560000)
  from space 21824K, 100% used [0x00000007a6ab0000, 0x00000007a8000000, 0x00000007a8000000)
  to   space 21824K,   0% used [0x00000007a5560000, 0x00000007a5560000, 0x00000007a6ab0000)
 concurrent mark-sweep generation total 393216K, used 164151K [0x00000007a8000000, 0x00000007c0000000, 0x00000007c0000000)
 Metaspace       used 40573K, capacity 41334K, committed 41588K, reserved 1085440K
  class space    used 4653K, capacity 4862K, committed 4988K, reserved 1048576K
}
2016-10-23T22:32:16.870+0800: 1955.893: Total time for which application threads were stopped: 0.0101377 seconds, Stopping threads took: 0.0000843 seconds
2016-10-23T22:32:16.909+0800: 1955.932: Total time for which application threads were stopped: 0.0001690 seconds, Stopping threads took: 0.0000680 seconds
2016-10-23T22:32:16.909+0800: 1955.932: Total time for which application threads were stopped: 0.0001121 seconds, Stopping threads took: 0.0000590 seconds
{Heap before GC invocations=191 (full 4):
 par new generation   total 109248K, used 109248K [0x00000007a0000000, 0x00000007a8000000, 0x00000007a8000000)
  eden space 87424K, 100% used [0x00000007a0000000, 0x00000007a5560000, 0x00000007a5560000)
  from space 21824K, 100% used [0x00000007a6ab0000, 0x00000007a8000000, 0x00000007a8000000)
  to   space 21824K,   0% used [0x00000007a5560000, 0x00000007a5560000, 0x00000007a6ab0000)
 concurrent mark-sweep generation total 393216K, used 164151K [0x00000007a8000000, 0x00000007c0000000, 0x00000007c0000000)
 Metaspace       used 40573K, capacity 41334K, committed 41588K, reserved 1085440K
  class space    used 4653K, capacity 4862K, committed 4988K, reserved 1048576K
2016-10-23T22:32:16.984+0800: 1956.008: [GC (Allocation Failure) 2016-10-23T22:32:16.984+0800: 1956.008: [ParNew
Desired survivor size 20112992 bytes, new threshold 8 (max 8)
- age   1:    4098424 bytes,    4098424 total
- age   2:     650864 bytes,    4749288 total
- age   3:    2031696 bytes,    6780984 total
- age   4:    5849240 bytes,   12630224 total
- age   5:    3247408 bytes,   15877632 total
- age   6:    1597344 bytes,   17474976 total
- age   7:    1550584 bytes,   19025560 total
- age   8:    1287256 bytes,   20312816 total
: 109248K->21824K(109248K), 0.0111902 secs] 273399K->188611K(502464K), 0.0112656 secs] [Times: user=0.04 sys=0.00, real=0.01 secs] 
Heap after GC invocations=192 (full 4):
 par new generation   total 109248K, used 21824K [0x00000007a0000000, 0x00000007a8000000, 0x00000007a8000000)
  eden space 87424K,   0% used [0x00000007a0000000, 0x00000007a0000000, 0x00000007a5560000)
  from space 21824K, 100% used [0x00000007a5560000, 0x00000007a6ab0000, 0x00000007a6ab0000)
  to   space 21824K,   0% used [0x00000007a6ab0000, 0x00000007a6ab0000, 0x00000007a8000000)
 concurrent mark-sweep generation total 393216K, used 166787K [0x00000007a8000000, 0x00000007c0000000, 0x00000007c0000000)
 Metaspace       used 40573K, capacity 41334K, committed 41588K, reserved 1085440K
  class space    used 4653K, capacity 4862K, committed 4988K, reserved 1048576K
}
2016-10-23T22:32:16.996+0800: 1956.019: Total time for which application threads were stopped: 0.0114615 seconds, Stopping threads took: 0.0000233 seconds
{Heap before GC invocations=192 (full 4):
 par new generation   total 109248K, used 109248K [0x00000007a0000000, 0x00000007a8000000, 0x00000007a8000000)
  eden space 87424K, 100% used [0x00000007a0000000, 0x00000007a5560000, 0x00000007a5560000)
  from space 21824K, 100% used [0x00000007a5560000, 0x00000007a6ab0000, 0x00000007a6ab0000)
  to   space 21824K,   0% used [0x00000007a6ab0000, 0x00000007a6ab0000, 0x00000007a8000000)
 concurrent mark-sweep generation total 393216K, used 166787K [0x00000007a8000000, 0x00000007c0000000, 0x00000007c0000000)
 Metaspace       used 40573K, capacity 41334K, committed 41588K, reserved 1085440K
  class space    used 4653K, capacity 4862K, committed 4988K, reserved 1048576K
2016-10-23T22:32:17.129+0800: 1956.153: [GC (Allocation Failure) 2016-10-23T22:32:17.129+0800: 1956.153: [ParNew
Desired survivor size 20112992 bytes, new threshold 7 (max 8)
- age   1:    5347632 bytes,    5347632 total
- age   2:    2517632 bytes,    7865264 total
- age   3:     392696 bytes,    8257960 total
- age   4:    1756960 bytes,   10014920 total
- age   5:    5798344 bytes,   15813264 total
- age   6:    3247432 bytes,   19060696 total
- age   7:    1597344 bytes,   20658040 total
- age   8:    1550584 bytes,   22208624 total
: 109248K->21824K(109248K), 0.0130382 secs] 276035K->192016K(502464K), 0.0131080 secs] [Times: user=0.04 sys=0.00, real=0.02 secs] 
Heap after GC invocations=193 (full 4):
 par new generation   total 109248K, used 21824K [0x00000007a0000000, 0x00000007a8000000, 0x00000007a8000000)
  eden space 87424K,   0% used [0x00000007a0000000, 0x00000007a0000000, 0x00000007a5560000)
  from space 21824K, 100% used [0x00000007a6ab0000, 0x00000007a8000000, 0x00000007a8000000)
  to   space 21824K,   0% used [0x00000007a5560000, 0x00000007a5560000, 0x00000007a6ab0000)
 concurrent mark-sweep generation total 393216K, used 170192K [0x00000007a8000000, 0x00000007c0000000, 0x00000007c0000000)
 Metaspace       used 40573K, capacity 41334K, committed 41588K, reserved 1085440K
  class space    used 4653K, capacity 4862K, committed 4988K, reserved 1048576K
}
2016-10-23T22:32:17.143+0800: 1956.166: Total time for which application threads were stopped: 0.0133978 seconds, Stopping threads took: 0.0000732 seconds
{Heap before GC invocations=193 (full 4):
 par new generation   total 109248K, used 109248K [0x00000007a0000000, 0x00000007a8000000, 0x00000007a8000000)
  eden space 87424K, 100% used [0x00000007a0000000, 0x00000007a5560000, 0x00000007a5560000)
  from space 21824K, 100% used [0x00000007a6ab0000, 0x00000007a8000000, 0x00000007a8000000)
  to   space 21824K,   0% used [0x00000007a5560000, 0x00000007a5560000, 0x00000007a6ab0000)
 concurrent mark-sweep generation total 393216K, used 170192K [0x00000007a8000000, 0x00000007c0000000, 0x00000007c0000000)
 Metaspace       used 40573K, capacity 41334K, committed 41588K, reserved 1085440K
  class space    used 4653K, capacity 4862K, committed 4988K, reserved 1048576K
2016-10-23T22:32:17.280+0800: 1956.304: [GC (Allocation Failure) 2016-10-23T22:32:17.280+0800: 1956.304: [ParNew
Desired survivor size 20112992 bytes, new threshold 7 (max 8)
- age   1:    5636016 bytes,    5636016 total
- age   2:    2926104 bytes,    8562120 total
- age   3:    2112488 bytes,   10674608 total
- age   4:     347376 bytes,   11021984 total
- age   5:    1664896 bytes,   12686880 total
- age   6:    5657920 bytes,   18344800 total
- age   7:    3002824 bytes,   21347624 total
: 109248K->21824K(109248K), 0.0177165 secs] 279440K->197854K(502464K), 0.0177892 secs] [Times: user=0.06 sys=0.00, real=0.01 secs] 
Heap after GC invocations=194 (full 4):
 par new generation   total 109248K, used 21824K [0x00000007a0000000, 0x00000007a8000000, 0x00000007a8000000)
  eden space 87424K,   0% used [0x00000007a0000000, 0x00000007a0000000, 0x00000007a5560000)
  from space 21824K, 100% used [0x00000007a5560000, 0x00000007a6ab0000, 0x00000007a6ab0000)
  to   space 21824K,   0% used [0x00000007a6ab0000, 0x00000007a6ab0000, 0x00000007a8000000)
 concurrent mark-sweep generation total 393216K, used 176030K [0x00000007a8000000, 0x00000007c0000000, 0x00000007c0000000)
 Metaspace       used 40573K, capacity 41334K, committed 41588K, reserved 1085440K
  class space    used 4653K, capacity 4862K, committed 4988K, reserved 1048576K
}
2016-10-23T22:32:17.298+0800: 1956.321: Total time for which application threads were stopped: 0.0179739 seconds, Stopping threads took: 0.0000209 seconds
{Heap before GC invocations=194 (full 4):
 par new generation   total 109248K, used 109248K [0x00000007a0000000, 0x00000007a8000000, 0x00000007a8000000)
  eden space 87424K, 100% used [0x00000007a0000000, 0x00000007a5560000, 0x00000007a5560000)
  from space 21824K, 100% used [0x00000007a5560000, 0x00000007a6ab0000, 0x00000007a6ab0000)
  to   space 21824K,   0% used [0x00000007a6ab0000, 0x00000007a6ab0000, 0x00000007a8000000)
 concurrent mark-sweep generation total 393216K, used 176030K [0x00000007a8000000, 0x00000007c0000000, 0x00000007c0000000)
 Metaspace       used 40573K, capacity 41334K, committed 41588K, reserved 1085440K
  class space    used 4653K, capacity 4862K, committed 4988K, reserved 1048576K
2016-10-23T22:32:17.446+0800: 1956.470: [GC (Allocation Failure) 2016-10-23T22:32:17.446+0800: 1956.470: [ParNew
Desired survivor size 20112992 bytes, new threshold 8 (max 8)
- age   1:    6096488 bytes,    6096488 total
- age   2:    3073680 bytes,    9170168 total
- age   3:    2029728 bytes,   11199896 total
- age   4:    1647056 bytes,   12846952 total
- age   5:     181432 bytes,   13028384 total
- age   6:     851392 bytes,   13879776 total
- age   7:    5619992 bytes,   19499768 total
: 109248K->21824K(109248K), 0.0140185 secs] 285278K->205106K(502464K), 0.0140845 secs] [Times: user=0.05 sys=0.00, real=0.02 secs] 
Heap after GC invocations=195 (full 4):
 par new generation   total 109248K, used 21824K [0x00000007a0000000, 0x00000007a8000000, 0x00000007a8000000)
  eden space 87424K,   0% used [0x00000007a0000000, 0x00000007a0000000, 0x00000007a5560000)
  from space 21824K, 100% used [0x00000007a6ab0000, 0x00000007a8000000, 0x00000007a8000000)
  to   space 21824K,   0% used [0x00000007a5560000, 0x00000007a5560000, 0x00000007a6ab0000)
 concurrent mark-sweep generation total 393216K, used 183282K [0x00000007a8000000, 0x00000007c0000000, 0x00000007c0000000)
 Metaspace       used 40573K, capacity 41334K, committed 41588K, reserved 1085440K
  class space    used 4653K, capacity 4862K, committed 4988K, reserved 1048576K
}
2016-10-23T22:32:17.461+0800: 1956.484: Total time for which application threads were stopped: 0.0143733 seconds, Stopping threads took: 0.0001132 seconds
{Heap before GC invocations=195 (full 4):
 par new generation   total 109248K, used 109248K [0x00000007a0000000, 0x00000007a8000000, 0x00000007a8000000)
  eden space 87424K, 100% used [0x00000007a0000000, 0x00000007a5560000, 0x00000007a5560000)
  from space 21824K, 100% used [0x00000007a6ab0000, 0x00000007a8000000, 0x00000007a8000000)
  to   space 21824K,   0% used [0x00000007a5560000, 0x00000007a5560000, 0x00000007a6ab0000)
 concurrent mark-sweep generation total 393216K, used 183282K [0x00000007a8000000, 0x00000007c0000000, 0x00000007c0000000)
 Metaspace       used 40573K, capacity 41334K, committed 41588K, reserved 1085440K
  class space    used 4653K, capacity 4862K, committed 4988K, reserved 1048576K
2016-10-23T22:32:17.598+0800: 1956.621: [GC (Allocation Failure) 2016-10-23T22:32:17.598+0800: 1956.621: [ParNew
Desired survivor size 20112992 bytes, new threshold 8 (max 8)
- age   1:    6913984 bytes,    6913984 total
- age   2:    3054384 bytes,    9968368 total
- age   3:    2385136 bytes,   12353504 total
- age   4:    1728776 bytes,   14082280 total
- age   5:    1442160 bytes,   15524440 total
- age   6:     150920 bytes,   15675360 total
- age   7:     714864 bytes,   16390224 total
- age   8:    5401432 bytes,   21791656 total
: 109248K->21824K(109248K), 0.0149620 secs] 292530K->208036K(502464K), 0.0150542 secs] [Times: user=0.06 sys=0.00, real=0.02 secs] 
Heap after GC invocations=196 (full 4):
 par new generation   total 109248K, used 21824K [0x00000007a0000000, 0x00000007a8000000, 0x00000007a8000000)
  eden space 87424K,   0% used [0x00000007a0000000, 0x00000007a0000000, 0x00000007a5560000)
  from space 21824K, 100% used [0x00000007a5560000, 0x00000007a6ab0000, 0x00000007a6ab0000)
  to   space 21824K,   0% used [0x00000007a6ab0000, 0x00000007a6ab0000, 0x00000007a8000000)
 concurrent mark-sweep generation total 393216K, used 186212K [0x00000007a8000000, 0x00000007c0000000, 0x00000007c0000000)
 Metaspace       used 40573K, capacity 41334K, committed 41588K, reserved 1085440K
  class space    used 4653K, capacity 4862K, committed 4988K, reserved 1048576K
}
2016-10-23T22:32:17.613+0800: 1956.636: Total time for which application threads were stopped: 0.0153778 seconds, Stopping threads took: 0.0001119 seconds
2016-10-23T22:32:17.697+0800: 1956.720: Total time for which application threads were stopped: 0.0001668 seconds, Stopping threads took: 0.0000397 seconds
{Heap before GC invocations=196 (full 4):
 par new generation   total 109248K, used 109248K [0x00000007a0000000, 0x00000007a8000000, 0x00000007a8000000)
  eden space 87424K, 100% used [0x00000007a0000000, 0x00000007a5560000, 0x00000007a5560000)
  from space 21824K, 100% used [0x00000007a5560000, 0x00000007a6ab0000, 0x00000007a6ab0000)
  to   space 21824K,   0% used [0x00000007a6ab0000, 0x00000007a6ab0000, 0x00000007a8000000)
 concurrent mark-sweep generation total 393216K, used 186212K [0x00000007a8000000, 0x00000007c0000000, 0x00000007c0000000)
 Metaspace       used 40573K, capacity 41334K, committed 41588K, reserved 1085440K
  class space    used 4653K, capacity 4862K, committed 4988K, reserved 1048576K
2016-10-23T22:32:17.763+0800: 1956.787: [GC (Allocation Failure) 2016-10-23T22:32:17.763+0800: 1956.787: [ParNew
Desired survivor size 20112992 bytes, new threshold 8 (max 8)
- age   1:    7696048 bytes,    7696048 total
- age   2:    4006152 bytes,   11702200 total
- age   3:    2842104 bytes,   14544304 total
- age   4:    2203416 bytes,   16747720 total
- age   5:    1535352 bytes,   18283072 total
- age   6:    1312360 bytes,   19595432 total
- age   7:     127920 bytes,   19723352 total
- age   8:     614936 bytes,   20338288 total
: 109248K->21824K(109248K), 0.0153425 secs] 295460K->213574K(502464K), 0.0153920 secs] [Times: user=0.05 sys=0.00, real=0.01 secs] 
Heap after GC invocations=197 (full 4):
 par new generation   total 109248K, used 21824K [0x00000007a0000000, 0x00000007a8000000, 0x00000007a8000000)
  eden space 87424K,   0% used [0x00000007a0000000, 0x00000007a0000000, 0x00000007a5560000)
  from space 21824K, 100% used [0x00000007a6ab0000, 0x00000007a8000000, 0x00000007a8000000)
  to   space 21824K,   0% used [0x00000007a5560000, 0x00000007a5560000, 0x00000007a6ab0000)
 concurrent mark-sweep generation total 393216K, used 191750K [0x00000007a8000000, 0x00000007c0000000, 0x00000007c0000000)
 Metaspace       used 40573K, capacity 41334K, committed 41588K, reserved 1085440K
  class space    used 4653K, capacity 4862K, committed 4988K, reserved 1048576K
}
2016-10-23T22:32:17.779+0800: 1956.802: Total time for which application threads were stopped: 0.0156454 seconds, Stopping threads took: 0.0000826 seconds
{Heap before GC invocations=197 (full 4):
 par new generation   total 109248K, used 109248K [0x00000007a0000000, 0x00000007a8000000, 0x00000007a8000000)
  eden space 87424K, 100% used [0x00000007a0000000, 0x00000007a5560000, 0x00000007a5560000)
  from space 21824K, 100% used [0x00000007a6ab0000, 0x00000007a8000000, 0x00000007a8000000)
  to   space 21824K,   0% used [0x00000007a5560000, 0x00000007a5560000, 0x00000007a6ab0000)
 concurrent mark-sweep generation total 393216K, used 191750K [0x00000007a8000000, 0x00000007c0000000, 0x00000007c0000000)
 Metaspace       used 40573K, capacity 41334K, committed 41588K, reserved 1085440K
  class space    used 4653K, capacity 4862K, committed 4988K, reserved 1048576K
2016-10-23T22:32:17.877+0800: 1956.900: [GC (Allocation Failure) 2016-10-23T22:32:17.877+0800: 1956.900: [ParNew
Desired survivor size 20112992 bytes, new threshold 8 (max 8)
- age   1:     351760 bytes,     351760 total
- age   2:    7102432 bytes,    7454192 total
- age   3:    3877000 bytes,   11331192 total
- age   4:    2721712 bytes,   14052904 total
- age   5:    2112944 bytes,   16165848 total
- age   6:    1476032 bytes,   17641880 total
- age   7:    1267800 bytes,   18909680 total
- age   8:     118840 bytes,   19028520 total
: 109248K->21824K(109248K), 0.0147736 secs] 300998K->214918K(502464K), 0.0148429 secs] [Times: user=0.05 sys=0.00, real=0.02 secs] 
Heap after GC invocations=198 (full 4):
 par new generation   total 109248K, used 21824K [0x00000007a0000000, 0x00000007a8000000, 0x00000007a8000000)
  eden space 87424K,   0% used [0x00000007a0000000, 0x00000007a0000000, 0x00000007a5560000)
  from space 21824K, 100% used [0x00000007a5560000, 0x00000007a6ab0000, 0x00000007a6ab0000)
  to   space 21824K,   0% used [0x00000007a6ab0000, 0x00000007a6ab0000, 0x00000007a8000000)
 concurrent mark-sweep generation total 393216K, used 193094K [0x00000007a8000000, 0x00000007c0000000, 0x00000007c0000000)
 Metaspace       used 40573K, capacity 41334K, committed 41588K, reserved 1085440K
  class space    used 4653K, capacity 4862K, committed 4988K, reserved 1048576K
}
2016-10-23T22:32:17.892+0800: 1956.915: Total time for which application threads were stopped: 0.0152753 seconds, Stopping threads took: 0.0001865 seconds
2016-10-23T22:32:17.951+0800: 1956.974: Total time for which application threads were stopped: 0.0001753 seconds, Stopping threads took: 0.0000853 seconds
{Heap before GC invocations=198 (full 4):
 par new generation   total 109248K, used 109248K [0x00000007a0000000, 0x00000007a8000000, 0x00000007a8000000)
  eden space 87424K, 100% used [0x00000007a0000000, 0x00000007a5560000, 0x00000007a5560000)
  from space 21824K, 100% used [0x00000007a5560000, 0x00000007a6ab0000, 0x00000007a6ab0000)
  to   space 21824K,   0% used [0x00000007a6ab0000, 0x00000007a6ab0000, 0x00000007a8000000)
 concurrent mark-sweep generation total 393216K, used 193094K [0x00000007a8000000, 0x00000007c0000000, 0x00000007c0000000)
 Metaspace       used 40574K, capacity 41334K, committed 41588K, reserved 1085440K
  class space    used 4653K, capacity 4862K, committed 4988K, reserved 1048576K
2016-10-23T22:32:18.026+0800: 1957.049: [GC (Allocation Failure) 2016-10-23T22:32:18.026+0800: 1957.049: [ParNew
Desired survivor size 20112992 bytes, new threshold 8 (max 8)
- age   1:    3285624 bytes,    3285624 total
- age   2:      55824 bytes,    3341448 total
- age   3:    6244800 bytes,    9586248 total
- age   4:    3202032 bytes,   12788280 total
- age   5:    2325688 bytes,   15113968 total
- age   6:    1684360 bytes,   16798328 total
- age   7:    1044728 bytes,   17843056 total
- age   8:     851232 bytes,   18694288 total
: 109248K->21824K(109248K), 0.0092307 secs] 302342K->215021K(502464K), 0.0092796 secs] [Times: user=0.04 sys=0.00, real=0.01 secs] 
Heap after GC invocations=199 (full 4):
 par new generation   total 109248K, used 21824K [0x00000007a0000000, 0x00000007a8000000, 0x00000007a8000000)
  eden space 87424K,   0% used [0x00000007a0000000, 0x00000007a0000000, 0x00000007a5560000)
  from space 21824K, 100% used [0x00000007a6ab0000, 0x00000007a8000000, 0x00000007a8000000)
  to   space 21824K,   0% used [0x00000007a5560000, 0x00000007a5560000, 0x00000007a6ab0000)
 concurrent mark-sweep generation total 393216K, used 193197K [0x00000007a8000000, 0x00000007c0000000, 0x00000007c0000000)
 Metaspace       used 40574K, capacity 41334K, committed 41588K, reserved 1085440K
  class space    used 4653K, capacity 4862K, committed 4988K, reserved 1048576K
}
2016-10-23T22:32:18.035+0800: 1957.058: Total time for which application threads were stopped: 0.0095292 seconds, Stopping threads took: 0.0000847 seconds
{Heap before GC invocations=199 (full 4):
 par new generation   total 109248K, used 109248K [0x00000007a0000000, 0x00000007a8000000, 0x00000007a8000000)
  eden space 87424K, 100% used [0x00000007a0000000, 0x00000007a5560000, 0x00000007a5560000)
  from space 21824K, 100% used [0x00000007a6ab0000, 0x00000007a8000000, 0x00000007a8000000)
  to   space 21824K,   0% used [0x00000007a5560000, 0x00000007a5560000, 0x00000007a6ab0000)
 concurrent mark-sweep generation total 393216K, used 193197K [0x00000007a8000000, 0x00000007c0000000, 0x00000007c0000000)
 Metaspace       used 40574K, capacity 41334K, committed 41588K, reserved 1085440K
  class space    used 4653K, capacity 4862K, committed 4988K, reserved 1048576K
2016-10-23T22:32:18.136+0800: 1957.159: [GC (Allocation Failure) 2016-10-23T22:32:18.136+0800: 1957.159: [ParNew
Desired survivor size 20112992 bytes, new threshold 8 (max 8)
- age   1:    4392416 bytes,    4392416 total
- age   2:    2370176 bytes,    6762592 total
- age   3:      54520 bytes,    6817112 total
- age   4:    6135936 bytes,   12953048 total
- age   5:    3143672 bytes,   16096720 total
- age   6:    2233576 bytes,   18330296 total
- age   7:    1648088 bytes,   19978384 total
- age   8:    1036400 bytes,   21014784 total
: 109248K->21824K(109248K), 0.0147569 secs] 302445K->216108K(502464K), 0.0148188 secs] [Times: user=0.06 sys=0.00, real=0.02 secs] 
Heap after GC invocations=200 (full 4):
 par new generation   total 109248K, used 21824K [0x00000007a0000000, 0x00000007a8000000, 0x00000007a8000000)
  eden space 87424K,   0% used [0x00000007a0000000, 0x00000007a0000000, 0x00000007a5560000)
  from space 21824K, 100% used [0x00000007a5560000, 0x00000007a6ab0000, 0x00000007a6ab0000)
  to   space 21824K,   0% used [0x00000007a6ab0000, 0x00000007a6ab0000, 0x00000007a8000000)
 concurrent mark-sweep generation total 393216K, used 194284K [0x00000007a8000000, 0x00000007c0000000, 0x00000007c0000000)
 Metaspace       used 40574K, capacity 41334K, committed 41588K, reserved 1085440K
  class space    used 4653K, capacity 4862K, committed 4988K, reserved 1048576K
}
2016-10-23T22:32:18.151+0800: 1957.174: Total time for which application threads were stopped: 0.0151794 seconds, Stopping threads took: 0.0001281 seconds
{Heap before GC invocations=200 (full 4):
 par new generation   total 109248K, used 109248K [0x00000007a0000000, 0x00000007a8000000, 0x00000007a8000000)
  eden space 87424K, 100% used [0x00000007a0000000, 0x00000007a5560000, 0x00000007a5560000)
  from space 21824K, 100% used [0x00000007a5560000, 0x00000007a6ab0000, 0x00000007a6ab0000)
  to   space 21824K,   0% used [0x00000007a6ab0000, 0x00000007a6ab0000, 0x00000007a8000000)
 concurrent mark-sweep generation total 393216K, used 194284K [0x00000007a8000000, 0x00000007c0000000, 0x00000007c0000000)
 Metaspace       used 40574K, capacity 41334K, committed 41588K, reserved 1085440K
  class space    used 4653K, capacity 4862K, committed 4988K, reserved 1048576K
2016-10-23T22:32:18.195+0800: 1957.218: [GC (Allocation Failure) 2016-10-23T22:32:18.195+0800: 1957.218: [ParNew
Desired survivor size 20112992 bytes, new threshold 8 (max 8)
- age   1:    2570024 bytes,    2570024 total
- age   2:    2931096 bytes,    5501120 total
- age   3:    2235440 bytes,    7736560 total
- age   4:      54304 bytes,    7790864 total
- age   5:    5999816 bytes,   13790680 total
- age   6:    3116040 bytes,   16906720 total
- age   7:    2221576 bytes,   19128296 total
- age   8:    1640744 bytes,   20769040 total
: 109248K->21824K(109248K), 0.0119775 secs] 303532K->217778K(502464K), 0.0120188 secs] [Times: user=0.05 sys=0.00, real=0.01 secs] 
Heap after GC invocations=201 (full 4):
 par new generation   total 109248K, used 21824K [0x00000007a0000000, 0x00000007a8000000, 0x00000007a8000000)
  eden space 87424K,   0% used [0x00000007a0000000, 0x00000007a0000000, 0x00000007a5560000)
  from space 21824K, 100% used [0x00000007a6ab0000, 0x00000007a8000000, 0x00000007a8000000)
  to   space 21824K,   0% used [0x00000007a5560000, 0x00000007a5560000, 0x00000007a6ab0000)
 concurrent mark-sweep generation total 393216K, used 195954K [0x00000007a8000000, 0x00000007c0000000, 0x00000007c0000000)
 Metaspace       used 40574K, capacity 41334K, committed 41588K, reserved 1085440K
  class space    used 4653K, capacity 4862K, committed 4988K, reserved 1048576K
}
2016-10-23T22:32:18.207+0800: 1957.230: Total time for which application threads were stopped: 0.0122307 seconds, Stopping threads took: 0.0000617 seconds
{Heap before GC invocations=201 (full 4):
 par new generation   total 109248K, used 109248K [0x00000007a0000000, 0x00000007a8000000, 0x00000007a8000000)
  eden space 87424K, 100% used [0x00000007a0000000, 0x00000007a5560000, 0x00000007a5560000)
  from space 21824K, 100% used [0x00000007a6ab0000, 0x00000007a8000000, 0x00000007a8000000)
  to   space 21824K,   0% used [0x00000007a5560000, 0x00000007a5560000, 0x00000007a6ab0000)
 concurrent mark-sweep generation total 393216K, used 195954K [0x00000007a8000000, 0x00000007c0000000, 0x00000007c0000000)
 Metaspace       used 40574K, capacity 41334K, committed 41588K, reserved 1085440K
  class space    used 4653K, capacity 4862K, committed 4988K, reserved 1048576K
2016-10-23T22:32:18.253+0800: 1957.276: [GC (Allocation Failure) 2016-10-23T22:32:18.253+0800: 1957.276: [ParNew
Desired survivor size 20112992 bytes, new threshold 8 (max 8)
- age   1:    2804664 bytes,    2804664 total
- age   2:    1407000 bytes,    4211664 total
- age   3:    2485808 bytes,    6697472 total
- age   4:    2151640 bytes,    8849112 total
- age   5:      52456 bytes,    8901568 total
- age   6:    5744912 bytes,   14646480 total
- age   7:    3107216 bytes,   17753696 total
- age   8:    2214120 bytes,   19967816 total
: 109248K->21824K(109248K), 0.0117927 secs] 305202K->220302K(502464K), 0.0118534 secs] [Times: user=0.05 sys=0.00, real=0.01 secs] 
Heap after GC invocations=202 (full 4):
 par new generation   total 109248K, used 21824K [0x00000007a0000000, 0x00000007a8000000, 0x00000007a8000000)
  eden space 87424K,   0% used [0x00000007a0000000, 0x00000007a0000000, 0x00000007a5560000)
  from space 21824K, 100% used [0x00000007a5560000, 0x00000007a6ab0000, 0x00000007a6ab0000)
  to   space 21824K,   0% used [0x00000007a6ab0000, 0x00000007a6ab0000, 0x00000007a8000000)
 concurrent mark-sweep generation total 393216K, used 198478K [0x00000007a8000000, 0x00000007c0000000, 0x00000007c0000000)
 Metaspace       used 40574K, capacity 41334K, committed 41588K, reserved 1085440K
  class space    used 4653K, capacity 4862K, committed 4988K, reserved 1048576K
}
2016-10-23T22:32:18.265+0800: 1957.288: Total time for which application threads were stopped: 0.0121545 seconds, Stopping threads took: 0.0001122 seconds
2016-10-23T22:32:18.265+0800: 1957.288: [GC (CMS Initial Mark) [1 CMS-initial-mark: 198478K(393216K)] 221195K(502464K), 0.0033922 secs] [Times: user=0.01 sys=0.00, real=0.00 secs] 
2016-10-23T22:32:18.269+0800: 1957.292: Total time for which application threads were stopped: 0.0035675 seconds, Stopping threads took: 0.0000698 seconds
2016-10-23T22:32:18.269+0800: 1957.292: [CMS-concurrent-mark-start]
2016-10-23T22:32:18.286+0800: 1957.309: [CMS-concurrent-mark: 0.017/0.017 secs] [Times: user=0.10 sys=0.01, real=0.02 secs] 
2016-10-23T22:32:18.286+0800: 1957.309: [CMS-concurrent-preclean-start]
2016-10-23T22:32:18.287+0800: 1957.310: [CMS-concurrent-preclean: 0.001/0.001 secs] [Times: user=0.01 sys=0.00, real=0.00 secs] 
2016-10-23T22:32:18.287+0800: 1957.310: [CMS-concurrent-abortable-preclean-start]
{Heap before GC invocations=202 (full 5):
 par new generation   total 109248K, used 109248K [0x00000007a0000000, 0x00000007a8000000, 0x00000007a8000000)
  eden space 87424K, 100% used [0x00000007a0000000, 0x00000007a5560000, 0x00000007a5560000)
  from space 21824K, 100% used [0x00000007a5560000, 0x00000007a6ab0000, 0x00000007a6ab0000)
  to   space 21824K,   0% used [0x00000007a6ab0000, 0x00000007a6ab0000, 0x00000007a8000000)
 concurrent mark-sweep generation total 393216K, used 198478K [0x00000007a8000000, 0x00000007c0000000, 0x00000007c0000000)
 Metaspace       used 40574K, capacity 41334K, committed 41588K, reserved 1085440K
  class space    used 4653K, capacity 4862K, committed 4988K, reserved 1048576K
2016-10-23T22:32:18.325+0800: 1957.348: [GC (Allocation Failure) 2016-10-23T22:32:18.325+0800: 1957.348: [ParNew
Desired survivor size 20112992 bytes, new threshold 8 (max 8)
- age   1:    3137752 bytes,    3137752 total
- age   2:    1780400 bytes,    4918152 total
- age   3:    1322928 bytes,    6241080 total
- age   4:    2351304 bytes,    8592384 total
- age   5:    2151640 bytes,   10744024 total
- age   6:      52456 bytes,   10796480 total
- age   7:    5744912 bytes,   16541392 total
- age   8:    3107240 bytes,   19648632 total
: 109248K->21824K(109248K), 0.0114454 secs] 307726K->222471K(502464K), 0.0114905 secs] [Times: user=0.05 sys=0.00, real=0.01 secs] 
Heap after GC invocations=203 (full 5):
 par new generation   total 109248K, used 21824K [0x00000007a0000000, 0x00000007a8000000, 0x00000007a8000000)
  eden space 87424K,   0% used [0x00000007a0000000, 0x00000007a0000000, 0x00000007a5560000)
  from space 21824K, 100% used [0x00000007a6ab0000, 0x00000007a8000000, 0x00000007a8000000)
  to   space 21824K,   0% used [0x00000007a5560000, 0x00000007a5560000, 0x00000007a6ab0000)
 concurrent mark-sweep generation total 393216K, used 200647K [0x00000007a8000000, 0x00000007c0000000, 0x00000007c0000000)
 Metaspace       used 40574K, capacity 41334K, committed 41588K, reserved 1085440K
  class space    used 4653K, capacity 4862K, committed 4988K, reserved 1048576K
}
2016-10-23T22:32:18.337+0800: 1957.360: Total time for which application threads were stopped: 0.0117289 seconds, Stopping threads took: 0.0000816 seconds
2016-10-23T22:32:18.414+0800: 1957.437: [CMS-concurrent-abortable-preclean: 0.115/0.127 secs] [Times: user=0.60 sys=0.00, real=0.13 secs] 
2016-10-23T22:32:18.414+0800: 1957.437: [GC (CMS Final Remark) [YG occupancy: 67603 K (109248 K)]{Heap before GC invocations=203 (full 5):
 par new generation   total 109248K, used 67603K [0x00000007a0000000, 0x00000007a8000000, 0x00000007a8000000)
  eden space 87424K,  52% used [0x00000007a0000000, 0x00000007a2cb4c10, 0x00000007a5560000)
  from space 21824K, 100% used [0x00000007a6ab0000, 0x00000007a8000000, 0x00000007a8000000)
  to   space 21824K,   0% used [0x00000007a5560000, 0x00000007a5560000, 0x00000007a6ab0000)
 concurrent mark-sweep generation total 393216K, used 200647K [0x00000007a8000000, 0x00000007c0000000, 0x00000007c0000000)
 Metaspace       used 40574K, capacity 41334K, committed 41588K, reserved 1085440K
  class space    used 4653K, capacity 4862K, committed 4988K, reserved 1048576K
2016-10-23T22:32:18.414+0800: 1957.437: [GC (CMS Final Remark) 2016-10-23T22:32:18.414+0800: 1957.437: [ParNew
Desired survivor size 20112992 bytes, new threshold 8 (max 8)
- age   1:    3997440 bytes,    3997440 total
- age   2:    1689024 bytes,    5686464 total
- age   3:    1756616 bytes,    7443080 total
- age   4:    1192608 bytes,    8635688 total
- age   5:    2358176 bytes,   10993864 total
- age   6:    2156992 bytes,   13150856 total
- age   7:      52600 bytes,   13203456 total
- age   8:    5747480 bytes,   18950936 total
: 67603K->21824K(109248K), 0.0098794 secs] 268250K->225524K(502464K), 0.0099176 secs] [Times: user=0.04 sys=0.00, real=0.01 secs] 
Heap after GC invocations=204 (full 5):
 par new generation   total 109248K, used 21824K [0x00000007a0000000, 0x00000007a8000000, 0x00000007a8000000)
  eden space 87424K,   0% used [0x00000007a0000000, 0x00000007a0000000, 0x00000007a5560000)
  from space 21824K, 100% used [0x00000007a5560000, 0x00000007a6ab0000, 0x00000007a6ab0000)
  to   space 21824K,   0% used [0x00000007a6ab0000, 0x00000007a6ab0000, 0x00000007a8000000)
 concurrent mark-sweep generation total 393216K, used 203700K [0x00000007a8000000, 0x00000007c0000000, 0x00000007c0000000)
 Metaspace       used 40574K, capacity 41334K, committed 41588K, reserved 1085440K
  class space    used 4653K, capacity 4862K, committed 4988K, reserved 1048576K
}
2016-10-23T22:32:18.424+0800: 1957.447: [Rescan (parallel) , 0.0038878 secs]2016-10-23T22:32:18.428+0800: 1957.451: [weak refs processing, 0.0007712 secs]2016-10-23T22:32:18.429+0800: 1957.452: [class unloading, 0.0094913 secs]2016-10-23T22:32:18.438+0800: 1957.461: [scrub symbol table, 0.0067935 secs]2016-10-23T22:32:18.445+0800: 1957.468: [scrub string table, 0.0005358 secs][1 CMS-remark: 203700K(393216K)] 225524K(502464K), 0.0316694 secs] [Times: user=0.07 sys=0.00, real=0.03 secs] 
2016-10-23T22:32:18.446+0800: 1957.469: Total time for which application threads were stopped: 0.0319003 seconds, Stopping threads took: 0.0000822 seconds
2016-10-23T22:32:18.446+0800: 1957.469: [CMS-concurrent-sweep-start]
{Heap before GC invocations=204 (full 5):
 par new generation   total 109248K, used 109248K [0x00000007a0000000, 0x00000007a8000000, 0x00000007a8000000)
  eden space 87424K, 100% used [0x00000007a0000000, 0x00000007a5560000, 0x00000007a5560000)
  from space 21824K, 100% used [0x00000007a5560000, 0x00000007a6ab0000, 0x00000007a6ab0000)
  to   space 21824K,   0% used [0x00000007a6ab0000, 0x00000007a6ab0000, 0x00000007a8000000)
 concurrent mark-sweep generation total 393216K, used 50629K [0x00000007a8000000, 0x00000007c0000000, 0x00000007c0000000)
 Metaspace       used 40574K, capacity 41334K, committed 41588K, reserved 1085440K
  class space    used 4653K, capacity 4862K, committed 4988K, reserved 1048576K
2016-10-23T22:32:18.553+0800: 1957.577: [GC (Allocation Failure) 2016-10-23T22:32:18.553+0800: 1957.577: [ParNew
Desired survivor size 20112992 bytes, new threshold 8 (max 8)
- age   1:    5725472 bytes,    5725472 total
- age   2:    2163360 bytes,    7888832 total
- age   3:    1613704 bytes,    9502536 total
- age   4:    1208632 bytes,   10711168 total
- age   5:    1176560 bytes,   11887728 total
- age   6:    2325664 bytes,   14213392 total
- age   7:    2128312 bytes,   16341704 total
- age   8:      47544 bytes,   16389248 total
: 109248K->21824K(109248K), 0.0104929 secs] 159877K->76075K(502464K), 0.0105346 secs] [Times: user=0.04 sys=0.00, real=0.01 secs] 
Heap after GC invocations=205 (full 5):
 par new generation   total 109248K, used 21824K [0x00000007a0000000, 0x00000007a8000000, 0x00000007a8000000)
  eden space 87424K,   0% used [0x00000007a0000000, 0x00000007a0000000, 0x00000007a5560000)
  from space 21824K, 100% used [0x00000007a6ab0000, 0x00000007a8000000, 0x00000007a8000000)
  to   space 21824K,   0% used [0x00000007a5560000, 0x00000007a5560000, 0x00000007a6ab0000)
 concurrent mark-sweep generation total 393216K, used 54251K [0x00000007a8000000, 0x00000007c0000000, 0x00000007c0000000)
 Metaspace       used 40574K, capacity 41334K, committed 41588K, reserved 1085440K
  class space    used 4653K, capacity 4862K, committed 4988K, reserved 1048576K
}
2016-10-23T22:32:18.564+0800: 1957.587: Total time for which application threads were stopped: 0.0107509 seconds, Stopping threads took: 0.0000315 seconds
2016-10-23T22:32:18.570+0800: 1957.593: [CMS-concurrent-sweep: 0.113/0.124 secs] [Times: user=0.49 sys=0.01, real=0.13 secs] 
2016-10-23T22:32:18.570+0800: 1957.593: [CMS-concurrent-reset-start]
2016-10-23T22:32:18.570+0800: 1957.594: [CMS-concurrent-reset: 0.000/0.000 secs] [Times: user=0.00 sys=0.00, real=0.00 secs] 
2016-10-23T22:32:18.609+0800: 1957.632: Total time for which application threads were stopped: 0.0002164 seconds, Stopping threads took: 0.0000601 seconds
2016-10-23T22:32:18.622+0800: 1957.646: Total time for which application threads were stopped: 0.0002432 seconds, Stopping threads took: 0.0001041 seconds
2016-10-23T22:32:18.623+0800: 1957.646: Total time for which application threads were stopped: 0.0001528 seconds, Stopping threads took: 0.0000784 seconds
{Heap before GC invocations=205 (full 5):
 par new generation   total 109248K, used 109248K [0x00000007a0000000, 0x00000007a8000000, 0x00000007a8000000)
  eden space 87424K, 100% used [0x00000007a0000000, 0x00000007a5560000, 0x00000007a5560000)
  from space 21824K, 100% used [0x00000007a6ab0000, 0x00000007a8000000, 0x00000007a8000000)
  to   space 21824K,   0% used [0x00000007a5560000, 0x00000007a5560000, 0x00000007a6ab0000)
 concurrent mark-sweep generation total 393216K, used 46474K [0x00000007a8000000, 0x00000007c0000000, 0x00000007c0000000)
 Metaspace       used 40574K, capacity 41334K, committed 41588K, reserved 1085440K
  class space    used 4653K, capacity 4862K, committed 4988K, reserved 1048576K
2016-10-23T22:32:18.625+0800: 1957.648: [GC (Allocation Failure) 2016-10-23T22:32:18.625+0800: 1957.649: [ParNew
Desired survivor size 20112992 bytes, new threshold 8 (max 8)
- age   1:    4594040 bytes,    4594040 total
- age   2:    3870816 bytes,    8464856 total
- age   3:    2156712 bytes,   10621568 total
- age   4:    1563256 bytes,   12184824 total
- age   5:    1138296 bytes,   13323120 total
- age   6:    1107048 bytes,   14430168 total
- age   7:    2284624 bytes,   16714792 total
- age   8:    2117216 bytes,   18832008 total
: 109248K->21824K(109248K), 0.0099733 secs] 155722K->68346K(502464K), 0.0100245 secs] [Times: user=0.04 sys=0.00, real=0.01 secs] 
Heap after GC invocations=206 (full 5):
 par new generation   total 109248K, used 21824K [0x00000007a0000000, 0x00000007a8000000, 0x00000007a8000000)
  eden space 87424K,   0% used [0x00000007a0000000, 0x00000007a0000000, 0x00000007a5560000)
  from space 21824K, 100% used [0x00000007a5560000, 0x00000007a6ab0000, 0x00000007a6ab0000)
  to   space 21824K,   0% used [0x00000007a6ab0000, 0x00000007a6ab0000, 0x00000007a8000000)
 concurrent mark-sweep generation total 393216K, used 46522K [0x00000007a8000000, 0x00000007c0000000, 0x00000007c0000000)
 Metaspace       used 40574K, capacity 41334K, committed 41588K, reserved 1085440K
  class space    used 4653K, capacity 4862K, committed 4988K, reserved 1048576K
}
2016-10-23T22:32:18.635+0800: 1957.659: Total time for which application threads were stopped: 0.0102579 seconds, Stopping threads took: 0.0000606 seconds
{Heap before GC invocations=206 (full 5):
 par new generation   total 109248K, used 109248K [0x00000007a0000000, 0x00000007a8000000, 0x00000007a8000000)
  eden space 87424K, 100% used [0x00000007a0000000, 0x00000007a5560000, 0x00000007a5560000)
  from space 21824K, 100% used [0x00000007a5560000, 0x00000007a6ab0000, 0x00000007a6ab0000)
  to   space 21824K,   0% used [0x00000007a6ab0000, 0x00000007a6ab0000, 0x00000007a8000000)
 concurrent mark-sweep generation total 393216K, used 46522K [0x00000007a8000000, 0x00000007c0000000, 0x00000007c0000000)
 Metaspace       used 40574K, capacity 41334K, committed 41588K, reserved 1085440K
  class space    used 4653K, capacity 4862K, committed 4988K, reserved 1048576K
2016-10-23T22:32:18.709+0800: 1957.733: [GC (Allocation Failure) 2016-10-23T22:32:18.709+0800: 1957.733: [ParNew
Desired survivor size 20112992 bytes, new threshold 8 (max 8)
- age   1:     923056 bytes,     923056 total
- age   2:    4257656 bytes,    5180712 total
- age   3:    3568160 bytes,    8748872 total
- age   4:    2004888 bytes,   10753760 total
- age   5:    1454008 bytes,   12207768 total
- age   6:    1038432 bytes,   13246200 total
- age   7:    1008696 bytes,   14254896 total
- age   8:    2071912 bytes,   16326808 total
: 109248K->20568K(109248K), 0.0089934 secs] 155770K->69055K(502464K), 0.0090454 secs] [Times: user=0.04 sys=0.00, real=0.01 secs] 
Heap after GC invocations=207 (full 5):
 par new generation   total 109248K, used 20568K [0x00000007a0000000, 0x00000007a8000000, 0x00000007a8000000)
  eden space 87424K,   0% used [0x00000007a0000000, 0x00000007a0000000, 0x00000007a5560000)
  from space 21824K,  94% used [0x00000007a6ab0000, 0x00000007a7ec6350, 0x00000007a8000000)
  to   space 21824K,   0% used [0x00000007a5560000, 0x00000007a5560000, 0x00000007a6ab0000)
 concurrent mark-sweep generation total 393216K, used 48486K [0x00000007a8000000, 0x00000007c0000000, 0x00000007c0000000)
 Metaspace       used 40574K, capacity 41334K, committed 41588K, reserved 1085440K
  class space    used 4653K, capacity 4862K, committed 4988K, reserved 1048576K
}
2016-10-23T22:32:18.718+0800: 1957.742: Total time for which application threads were stopped: 0.0092917 seconds, Stopping threads took: 0.0000873 seconds
2016-10-23T22:32:18.748+0800: 1957.772: Total time for which application threads were stopped: 0.0002024 seconds, Stopping threads took: 0.0000734 seconds
{Heap before GC invocations=207 (full 5):
 par new generation   total 109248K, used 107992K [0x00000007a0000000, 0x00000007a8000000, 0x00000007a8000000)
  eden space 87424K, 100% used [0x00000007a0000000, 0x00000007a5560000, 0x00000007a5560000)
  from space 21824K,  94% used [0x00000007a6ab0000, 0x00000007a7ec6350, 0x00000007a8000000)
  to   space 21824K,   0% used [0x00000007a5560000, 0x00000007a5560000, 0x00000007a6ab0000)
 concurrent mark-sweep generation total 393216K, used 48486K [0x00000007a8000000, 0x00000007c0000000, 0x00000007c0000000)
 Metaspace       used 40574K, capacity 41334K, committed 41588K, reserved 1085440K
  class space    used 4653K, capacity 4862K, committed 4988K, reserved 1048576K
2016-10-23T22:32:18.759+0800: 1957.782: [GC (Allocation Failure) 2016-10-23T22:32:18.759+0800: 1957.782: [ParNew
Desired survivor size 20112992 bytes, new threshold 8 (max 8)
- age   1:    1334280 bytes,    1334280 total
- age   2:     572176 bytes,    1906456 total
- age   3:    4119656 bytes,    6026112 total
- age   4:    3362560 bytes,    9388672 total
- age   5:    1856832 bytes,   11245504 total
- age   6:    1348672 bytes,   12594176 total
- age   7:     941472 bytes,   13535648 total
- age   8:     913752 bytes,   14449400 total
: 107992K->20151K(109248K), 0.0087474 secs] 156479K->70491K(502464K), 0.0088052 secs] [Times: user=0.04 sys=0.00, real=0.01 secs] 
Heap after GC invocations=208 (full 5):
 par new generation   total 109248K, used 20151K [0x00000007a0000000, 0x00000007a8000000, 0x00000007a8000000)
  eden space 87424K,   0% used [0x00000007a0000000, 0x00000007a0000000, 0x00000007a5560000)
  from space 21824K,  92% used [0x00000007a5560000, 0x00000007a690df00, 0x00000007a6ab0000)
  to   space 21824K,   0% used [0x00000007a6ab0000, 0x00000007a6ab0000, 0x00000007a8000000)
 concurrent mark-sweep generation total 393216K, used 50339K [0x00000007a8000000, 0x00000007c0000000, 0x00000007c0000000)
 Metaspace       used 40574K, capacity 41334K, committed 41588K, reserved 1085440K
  class space    used 4653K, capacity 4862K, committed 4988K, reserved 1048576K
}
2016-10-23T22:32:18.768+0800: 1957.791: Total time for which application threads were stopped: 0.0090297 seconds, Stopping threads took: 0.0000837 seconds
2016-10-23T22:32:18.800+0800: 1957.824: Total time for which application threads were stopped: 0.0002320 seconds, Stopping threads took: 0.0000746 seconds
{Heap before GC invocations=208 (full 5):
 par new generation   total 109248K, used 107575K [0x00000007a0000000, 0x00000007a8000000, 0x00000007a8000000)
  eden space 87424K, 100% used [0x00000007a0000000, 0x00000007a5560000, 0x00000007a5560000)
  from space 21824K,  92% used [0x00000007a5560000, 0x00000007a690df00, 0x00000007a6ab0000)
  to   space 21824K,   0% used [0x00000007a6ab0000, 0x00000007a6ab0000, 0x00000007a8000000)
 concurrent mark-sweep generation total 393216K, used 50339K [0x00000007a8000000, 0x00000007c0000000, 0x00000007c0000000)
 Metaspace       used 40577K, capacity 41334K, committed 41588K, reserved 1085440K
  class space    used 4653K, capacity 4862K, committed 4988K, reserved 1048576K
2016-10-23T22:32:18.826+0800: 1957.850: [GC (Allocation Failure) 2016-10-23T22:32:18.826+0800: 1957.850: [ParNew
Desired survivor size 20112992 bytes, new threshold 8 (max 8)
- age   1:    2417544 bytes,    2417544 total
- age   2:     200296 bytes,    2617840 total
- age   3:      96832 bytes,    2714672 total
- age   4:    3221584 bytes,    5936256 total
- age   5:    2898232 bytes,    8834488 total
- age   6:    1523064 bytes,   10357552 total
- age   7:    1109344 bytes,   11466896 total
- age   8:     770352 bytes,   12237248 total
: 107575K->15621K(109248K), 0.0076442 secs] 157915K->66693K(502464K), 0.0076980 secs] [Times: user=0.03 sys=0.00, real=0.01 secs] 
Heap after GC invocations=209 (full 5):
 par new generation   total 109248K, used 15621K [0x00000007a0000000, 0x00000007a8000000, 0x00000007a8000000)
  eden space 87424K,   0% used [0x00000007a0000000, 0x00000007a0000000, 0x00000007a5560000)
  from space 21824K,  71% used [0x00000007a6ab0000, 0x00000007a79f1400, 0x00000007a8000000)
  to   space 21824K,   0% used [0x00000007a5560000, 0x00000007a5560000, 0x00000007a6ab0000)
 concurrent mark-sweep generation total 393216K, used 51072K [0x00000007a8000000, 0x00000007c0000000, 0x00000007c0000000)
 Metaspace       used 40577K, capacity 41334K, committed 41588K, reserved 1085440K
  class space    used 4653K, capacity 4862K, committed 4988K, reserved 1048576K
}
2016-10-23T22:32:18.834+0800: 1957.857: Total time for which application threads were stopped: 0.0080157 seconds, Stopping threads took: 0.0000792 seconds
2016-10-23T22:32:18.864+0800: 1957.888: Total time for which application threads were stopped: 0.0001852 seconds, Stopping threads took: 0.0000685 seconds
2016-10-23T22:32:18.884+0800: 1957.907: Total time for which application threads were stopped: 0.0001995 seconds, Stopping threads took: 0.0000735 seconds
{Heap before GC invocations=209 (full 5):
 par new generation   total 109248K, used 103045K [0x00000007a0000000, 0x00000007a8000000, 0x00000007a8000000)
  eden space 87424K, 100% used [0x00000007a0000000, 0x00000007a5560000, 0x00000007a5560000)
  from space 21824K,  71% used [0x00000007a6ab0000, 0x00000007a79f1400, 0x00000007a8000000)
  to   space 21824K,   0% used [0x00000007a5560000, 0x00000007a5560000, 0x00000007a6ab0000)
 concurrent mark-sweep generation total 393216K, used 51072K [0x00000007a8000000, 0x00000007c0000000, 0x00000007c0000000)
 Metaspace       used 40579K, capacity 41334K, committed 41588K, reserved 1085440K
  class space    used 4653K, capacity 4862K, committed 4988K, reserved 1048576K
2016-10-23T22:32:18.900+0800: 1957.923: [GC (Allocation Failure) 2016-10-23T22:32:18.900+0800: 1957.923: [ParNew
Desired survivor size 20112992 bytes, new threshold 8 (max 8)
- age   1:    2672112 bytes,    2672112 total
- age   2:     913880 bytes,    3585992 total
- age   3:     200000 bytes,    3785992 total
- age   4:      96832 bytes,    3882824 total
- age   5:    3221224 bytes,    7104048 total
- age   6:    2898232 bytes,   10002280 total
- age   7:    1523064 bytes,   11525344 total
- age   8:    1109344 bytes,   12634688 total
: 103045K->16341K(109248K), 0.0076964 secs] 154117K->68169K(502464K), 0.0077461 secs] [Times: user=0.05 sys=0.00, real=0.00 secs] 
Heap after GC invocations=210 (full 5):
 par new generation   total 109248K, used 16341K [0x00000007a0000000, 0x00000007a8000000, 0x00000007a8000000)
  eden space 87424K,   0% used [0x00000007a0000000, 0x00000007a0000000, 0x00000007a5560000)
  from space 21824K,  74% used [0x00000007a5560000, 0x00000007a65554b0, 0x00000007a6ab0000)
  to   space 21824K,   0% used [0x00000007a6ab0000, 0x00000007a6ab0000, 0x00000007a8000000)
 concurrent mark-sweep generation total 393216K, used 51828K [0x00000007a8000000, 0x00000007c0000000, 0x00000007c0000000)
 Metaspace       used 40579K, capacity 41334K, committed 41588K, reserved 1085440K
  class space    used 4653K, capacity 4862K, committed 4988K, reserved 1048576K
}
2016-10-23T22:32:18.908+0800: 1957.931: Total time for which application threads were stopped: 0.0079774 seconds, Stopping threads took: 0.0000588 seconds
{Heap before GC invocations=210 (full 5):
 par new generation   total 109248K, used 103765K [0x00000007a0000000, 0x00000007a8000000, 0x00000007a8000000)
  eden space 87424K, 100% used [0x00000007a0000000, 0x00000007a5560000, 0x00000007a5560000)
  from space 21824K,  74% used [0x00000007a5560000, 0x00000007a65554b0, 0x00000007a6ab0000)
  to   space 21824K,   0% used [0x00000007a6ab0000, 0x00000007a6ab0000, 0x00000007a8000000)
 concurrent mark-sweep generation total 393216K, used 51828K [0x00000007a8000000, 0x00000007c0000000, 0x00000007c0000000)
 Metaspace       used 40579K, capacity 41334K, committed 41588K, reserved 1085440K
  class space    used 4653K, capacity 4862K, committed 4988K, reserved 1048576K
2016-10-23T22:32:19.049+0800: 1958.073: [GC (Allocation Failure) 2016-10-23T22:32:19.049+0800: 1958.073: [ParNew
Desired survivor size 20112992 bytes, new threshold 8 (max 8)
- age   1:    5235328 bytes,    5235328 total
- age   2:    2190920 bytes,    7426248 total
- age   3:     896776 bytes,    8323024 total
- age   4:      72536 bytes,    8395560 total
- age   5:      64000 bytes,    8459560 total
- age   6:    3286776 bytes,   11746336 total
- age   7:    2898168 bytes,   14644504 total
- age   8:    1522976 bytes,   16167480 total
: 103765K->20208K(109248K), 0.0097368 secs] 155593K->73125K(502464K), 0.0097937 secs] [Times: user=0.04 sys=0.00, real=0.01 secs] 
Heap after GC invocations=211 (full 5):
 par new generation   total 109248K, used 20208K [0x00000007a0000000, 0x00000007a8000000, 0x00000007a8000000)
  eden space 87424K,   0% used [0x00000007a0000000, 0x00000007a0000000, 0x00000007a5560000)
  from space 21824K,  92% used [0x00000007a6ab0000, 0x00000007a7e6c048, 0x00000007a8000000)
  to   space 21824K,   0% used [0x00000007a5560000, 0x00000007a5560000, 0x00000007a6ab0000)
 concurrent mark-sweep generation total 393216K, used 52917K [0x00000007a8000000, 0x00000007c0000000, 0x00000007c0000000)
 Metaspace       used 40579K, capacity 41334K, committed 41588K, reserved 1085440K
  class space    used 4653K, capacity 4862K, committed 4988K, reserved 1048576K
}
2016-10-23T22:32:19.059+0800: 1958.082: Total time for which application threads were stopped: 0.0100197 seconds, Stopping threads took: 0.0000684 seconds
{Heap before GC invocations=211 (full 5):
 par new generation   total 109248K, used 107632K [0x00000007a0000000, 0x00000007a8000000, 0x00000007a8000000)
  eden space 87424K, 100% used [0x00000007a0000000, 0x00000007a5560000, 0x00000007a5560000)
  from space 21824K,  92% used [0x00000007a6ab0000, 0x00000007a7e6c048, 0x00000007a8000000)
  to   space 21824K,   0% used [0x00000007a5560000, 0x00000007a5560000, 0x00000007a6ab0000)
 concurrent mark-sweep generation total 393216K, used 52917K [0x00000007a8000000, 0x00000007c0000000, 0x00000007c0000000)
 Metaspace       used 40579K, capacity 41334K, committed 41588K, reserved 1085440K
  class space    used 4653K, capacity 4862K, committed 4988K, reserved 1048576K
2016-10-23T22:32:19.154+0800: 1958.177: [GC (Allocation Failure) 2016-10-23T22:32:19.154+0800: 1958.177: [ParNew
Desired survivor size 20112992 bytes, new threshold 8 (max 8)
- age   1:    4451040 bytes,    4451040 total
- age   2:    4009168 bytes,    8460208 total
- age   3:    2187712 bytes,   10647920 total
- age   4:     896776 bytes,   11544696 total
- age   5:      72536 bytes,   11617232 total
- age   6:      64000 bytes,   11681232 total
- age   7:    3286776 bytes,   14968008 total
- age   8:    2898168 bytes,   17866176 total
: 107632K->20376K(109248K), 0.0084508 secs] 160549K->74787K(502464K), 0.0085037 secs] [Times: user=0.03 sys=0.00, real=0.01 secs] 
Heap after GC invocations=212 (full 5):
 par new generation   total 109248K, used 20376K [0x00000007a0000000, 0x00000007a8000000, 0x00000007a8000000)
  eden space 87424K,   0% used [0x00000007a0000000, 0x00000007a0000000, 0x00000007a5560000)
  from space 21824K,  93% used [0x00000007a5560000, 0x00000007a6946190, 0x00000007a6ab0000)
  to   space 21824K,   0% used [0x00000007a6ab0000, 0x00000007a6ab0000, 0x00000007a8000000)
 concurrent mark-sweep generation total 393216K, used 54411K [0x00000007a8000000, 0x00000007c0000000, 0x00000007c0000000)
 Metaspace       used 40579K, capacity 41334K, committed 41588K, reserved 1085440K
  class space    used 4653K, capacity 4862K, committed 4988K, reserved 1048576K
}
2016-10-23T22:32:19.162+0800: 1958.185: Total time for which application threads were stopped: 0.0088311 seconds, Stopping threads took: 0.0001078 seconds
{Heap before GC invocations=212 (full 5):
 par new generation   total 109248K, used 107800K [0x00000007a0000000, 0x00000007a8000000, 0x00000007a8000000)
  eden space 87424K, 100% used [0x00000007a0000000, 0x00000007a5560000, 0x00000007a5560000)
  from space 21824K,  93% used [0x00000007a5560000, 0x00000007a6946190, 0x00000007a6ab0000)
  to   space 21824K,   0% used [0x00000007a6ab0000, 0x00000007a6ab0000, 0x00000007a8000000)
 concurrent mark-sweep generation total 393216K, used 54411K [0x00000007a8000000, 0x00000007c0000000, 0x00000007c0000000)
 Metaspace       used 40579K, capacity 41334K, committed 41588K, reserved 1085440K
  class space    used 4653K, capacity 4862K, committed 4988K, reserved 1048576K
2016-10-23T22:32:19.236+0800: 1958.259: [GC (Allocation Failure) 2016-10-23T22:32:19.236+0800: 1958.259: [ParNew
Desired survivor size 20112992 bytes, new threshold 8 (max 8)
- age   1:    4526120 bytes,    4526120 total
- age   2:    3028264 bytes,    7554384 total
- age   3:    3670328 bytes,   11224712 total
- age   4:    2188768 bytes,   13413480 total
- age   5:     896776 bytes,   14310256 total
- age   6:      72536 bytes,   14382792 total
- age   7:      64000 bytes,   14446792 total
- age   8:    3221224 bytes,   17668016 total
: 107800K->21824K(109248K), 0.0088342 secs] 162211K->79074K(502464K), 0.0089152 secs] [Times: user=0.03 sys=0.00, real=0.01 secs] 
Heap after GC invocations=213 (full 5):
 par new generation   total 109248K, used 21824K [0x00000007a0000000, 0x00000007a8000000, 0x00000007a8000000)
  eden space 87424K,   0% used [0x00000007a0000000, 0x00000007a0000000, 0x00000007a5560000)
  from space 21824K, 100% used [0x00000007a6ab0000, 0x00000007a8000000, 0x00000007a8000000)
  to   space 21824K,   0% used [0x00000007a5560000, 0x00000007a5560000, 0x00000007a6ab0000)
 concurrent mark-sweep generation total 393216K, used 57250K [0x00000007a8000000, 0x00000007c0000000, 0x00000007c0000000)
 Metaspace       used 40579K, capacity 41334K, committed 41588K, reserved 1085440K
  class space    used 4653K, capacity 4862K, committed 4988K, reserved 1048576K
}
2016-10-23T22:32:19.245+0800: 1958.268: Total time for which application threads were stopped: 0.0092081 seconds, Stopping threads took: 0.0000958 seconds
{Heap before GC invocations=213 (full 5):
 par new generation   total 109248K, used 109248K [0x00000007a0000000, 0x00000007a8000000, 0x00000007a8000000)
  eden space 87424K, 100% used [0x00000007a0000000, 0x00000007a5560000, 0x00000007a5560000)
  from space 21824K, 100% used [0x00000007a6ab0000, 0x00000007a8000000, 0x00000007a8000000)
  to   space 21824K,   0% used [0x00000007a5560000, 0x00000007a5560000, 0x00000007a6ab0000)
 concurrent mark-sweep generation total 393216K, used 57250K [0x00000007a8000000, 0x00000007c0000000, 0x00000007c0000000)
 Metaspace       used 40579K, capacity 41334K, committed 41588K, reserved 1085440K
  class space    used 4653K, capacity 4862K, committed 4988K, reserved 1048576K
2016-10-23T22:32:19.354+0800: 1958.377: [GC (Allocation Failure) 2016-10-23T22:32:19.354+0800: 1958.377: [ParNew
Desired survivor size 20112992 bytes, new threshold 8 (max 8)
- age   1:    5728128 bytes,    5728128 total
- age   2:    2771280 bytes,    8499408 total
- age   3:    2568216 bytes,   11067624 total
- age   4:    3579336 bytes,   14646960 total
- age   5:    2161416 bytes,   16808376 total
- age   6:     873864 bytes,   17682240 total
- age   7:      66040 bytes,   17748280 total
- age   8:      64000 bytes,   17812280 total
: 109248K->21824K(109248K), 0.0098389 secs] 166498K->82564K(502464K), 0.0098966 secs] [Times: user=0.04 sys=0.00, real=0.01 secs] 
Heap after GC invocations=214 (full 5):
 par new generation   total 109248K, used 21824K [0x00000007a0000000, 0x00000007a8000000, 0x00000007a8000000)
  eden space 87424K,   0% used [0x00000007a0000000, 0x00000007a0000000, 0x00000007a5560000)
  from space 21824K, 100% used [0x00000007a5560000, 0x00000007a6ab0000, 0x00000007a6ab0000)
  to   space 21824K,   0% used [0x00000007a6ab0000, 0x00000007a6ab0000, 0x00000007a8000000)
 concurrent mark-sweep generation total 393216K, used 60740K [0x00000007a8000000, 0x00000007c0000000, 0x00000007c0000000)
 Metaspace       used 40579K, capacity 41334K, committed 41588K, reserved 1085440K
  class space    used 4653K, capacity 4862K, committed 4988K, reserved 1048576K
}
2016-10-23T22:32:19.364+0800: 1958.387: Total time for which application threads were stopped: 0.0101859 seconds, Stopping threads took: 0.0000932 seconds
{Heap before GC invocations=214 (full 5):
 par new generation   total 109248K, used 109248K [0x00000007a0000000, 0x00000007a8000000, 0x00000007a8000000)
  eden space 87424K, 100% used [0x00000007a0000000, 0x00000007a5560000, 0x00000007a5560000)
  from space 21824K, 100% used [0x00000007a5560000, 0x00000007a6ab0000, 0x00000007a6ab0000)
  to   space 21824K,   0% used [0x00000007a6ab0000, 0x00000007a6ab0000, 0x00000007a8000000)
 concurrent mark-sweep generation total 393216K, used 60740K [0x00000007a8000000, 0x00000007c0000000, 0x00000007c0000000)
 Metaspace       used 40579K, capacity 41334K, committed 41588K, reserved 1085440K
  class space    used 4653K, capacity 4862K, committed 4988K, reserved 1048576K
2016-10-23T22:32:19.451+0800: 1958.475: [GC (Allocation Failure) 2016-10-23T22:32:19.451+0800: 1958.475: [ParNew
Desired survivor size 20112992 bytes, new threshold 8 (max 8)
- age   1:    4823480 bytes,    4823480 total
- age   2:    3801984 bytes,    8625464 total
- age   3:    2102624 bytes,   10728088 total
- age   4:    2485384 bytes,   13213472 total
- age   5:    3563416 bytes,   16776888 total
- age   6:    1938440 bytes,   18715328 total
- age   7:     873864 bytes,   19589192 total
- age   8:      66040 bytes,   19655232 total
: 109248K->21824K(109248K), 0.0098116 secs] 169988K->84318K(502464K), 0.0098751 secs] [Times: user=0.03 sys=0.00, real=0.01 secs] 
Heap after GC invocations=215 (full 5):
 par new generation   total 109248K, used 21824K [0x00000007a0000000, 0x00000007a8000000, 0x00000007a8000000)
  eden space 87424K,   0% used [0x00000007a0000000, 0x00000007a0000000, 0x00000007a5560000)
  from space 21824K, 100% used [0x00000007a6ab0000, 0x00000007a8000000, 0x00000007a8000000)
  to   space 21824K,   0% used [0x00000007a5560000, 0x00000007a5560000, 0x00000007a6ab0000)
 concurrent mark-sweep generation total 393216K, used 62494K [0x00000007a8000000, 0x00000007c0000000, 0x00000007c0000000)
 Metaspace       used 40579K, capacity 41334K, committed 41588K, reserved 1085440K
  class space    used 4653K, capacity 4862K, committed 4988K, reserved 1048576K
}
2016-10-23T22:32:19.461+0800: 1958.485: Total time for which application threads were stopped: 0.0101510 seconds, Stopping threads took: 0.0000988 seconds
{Heap before GC invocations=215 (full 5):
 par new generation   total 109248K, used 109248K [0x00000007a0000000, 0x00000007a8000000, 0x00000007a8000000)
  eden space 87424K, 100% used [0x00000007a0000000, 0x00000007a5560000, 0x00000007a5560000)
  from space 21824K, 100% used [0x00000007a6ab0000, 0x00000007a8000000, 0x00000007a8000000)
  to   space 21824K,   0% used [0x00000007a5560000, 0x00000007a5560000, 0x00000007a6ab0000)
 concurrent mark-sweep generation total 393216K, used 62494K [0x00000007a8000000, 0x00000007c0000000, 0x00000007c0000000)
 Metaspace       used 40579K, capacity 41334K, committed 41588K, reserved 1085440K
  class space    used 4653K, capacity 4862K, committed 4988K, reserved 1048576K
2016-10-23T22:32:19.580+0800: 1958.603: [GC (Allocation Failure) 2016-10-23T22:32:19.580+0800: 1958.603: [ParNew
Desired survivor size 20112992 bytes, new threshold 7 (max 8)
- age   1:    5688504 bytes,    5688504 total
- age   2:    3083032 bytes,    8771536 total
- age   3:    3505448 bytes,   12276984 total
- age   4:    2005672 bytes,   14282656 total
- age   5:    2339504 bytes,   16622160 total
- age   6:    3391440 bytes,   20013600 total
- age   7:    1775560 bytes,   21789160 total
- age   8:     859496 bytes,   22648656 total
: 109248K->21824K(109248K), 0.0122810 secs] 171742K->86017K(502464K), 0.0123535 secs] [Times: user=0.05 sys=0.01, real=0.01 secs] 
Heap after GC invocations=216 (full 5):
 par new generation   total 109248K, used 21824K [0x00000007a0000000, 0x00000007a8000000, 0x00000007a8000000)
  eden space 87424K,   0% used [0x00000007a0000000, 0x00000007a0000000, 0x00000007a5560000)
  from space 21824K, 100% used [0x00000007a5560000, 0x00000007a6ab0000, 0x00000007a6ab0000)
  to   space 21824K,   0% used [0x00000007a6ab0000, 0x00000007a6ab0000, 0x00000007a8000000)
 concurrent mark-sweep generation total 393216K, used 64193K [0x00000007a8000000, 0x00000007c0000000, 0x00000007c0000000)
 Metaspace       used 40579K, capacity 41334K, committed 41588K, reserved 1085440K
  class space    used 4653K, capacity 4862K, committed 4988K, reserved 1048576K
}
2016-10-23T22:32:19.592+0800: 1958.615: Total time for which application threads were stopped: 0.0126209 seconds, Stopping threads took: 0.0000976 seconds
2016-10-23T22:32:19.653+0800: 1958.676: Total time for which application threads were stopped: 0.0001696 seconds, Stopping threads took: 0.0000674 seconds
{Heap before GC invocations=216 (full 5):
 par new generation   total 109248K, used 109248K [0x00000007a0000000, 0x00000007a8000000, 0x00000007a8000000)
  eden space 87424K, 100% used [0x00000007a0000000, 0x00000007a5560000, 0x00000007a5560000)
  from space 21824K, 100% used [0x00000007a5560000, 0x00000007a6ab0000, 0x00000007a6ab0000)
  to   space 21824K,   0% used [0x00000007a6ab0000, 0x00000007a6ab0000, 0x00000007a8000000)
 concurrent mark-sweep generation total 393216K, used 64193K [0x00000007a8000000, 0x00000007c0000000, 0x00000007c0000000)
 Metaspace       used 40580K, capacity 41334K, committed 41588K, reserved 1085440K
  class space    used 4653K, capacity 4862K, committed 4988K, reserved 1048576K
2016-10-23T22:32:19.708+0800: 1958.731: [GC (Allocation Failure) 2016-10-23T22:32:19.708+0800: 1958.731: [ParNew
Desired survivor size 20112992 bytes, new threshold 7 (max 8)
- age   1:    5599888 bytes,    5599888 total
- age   2:    3446880 bytes,    9046768 total
- age   3:    2942512 bytes,   11989280 total
- age   4:    2951440 bytes,   14940720 total
- age   5:    1762808 bytes,   16703528 total
- age   6:    2135240 bytes,   18838768 total
- age   7:    3182672 bytes,   22021440 total
: 109248K->21824K(109248K), 0.0134821 secs] 173441K->91371K(502464K), 0.0135783 secs] [Times: user=0.05 sys=0.00, real=0.02 secs] 
Heap after GC invocations=217 (full 5):
 par new generation   total 109248K, used 21824K [0x00000007a0000000, 0x00000007a8000000, 0x00000007a8000000)
  eden space 87424K,   0% used [0x00000007a0000000, 0x00000007a0000000, 0x00000007a5560000)
  from space 21824K, 100% used [0x00000007a6ab0000, 0x00000007a8000000, 0x00000007a8000000)
  to   space 21824K,   0% used [0x00000007a5560000, 0x00000007a5560000, 0x00000007a6ab0000)
 concurrent mark-sweep generation total 393216K, used 69547K [0x00000007a8000000, 0x00000007c0000000, 0x00000007c0000000)
 Metaspace       used 40580K, capacity 41334K, committed 41588K, reserved 1085440K
  class space    used 4653K, capacity 4862K, committed 4988K, reserved 1048576K
}
2016-10-23T22:32:19.722+0800: 1958.745: Total time for which application threads were stopped: 0.0139606 seconds, Stopping threads took: 0.0001122 seconds
2016-10-23T22:32:19.755+0800: 1958.778: Total time for which application threads were stopped: 0.0002343 seconds, Stopping threads took: 0.0000924 seconds
{Heap before GC invocations=217 (full 5):
 par new generation   total 109248K, used 109248K [0x00000007a0000000, 0x00000007a8000000, 0x00000007a8000000)
  eden space 87424K, 100% used [0x00000007a0000000, 0x00000007a5560000, 0x00000007a5560000)
  from space 21824K, 100% used [0x00000007a6ab0000, 0x00000007a8000000, 0x00000007a8000000)
  to   space 21824K,   0% used [0x00000007a5560000, 0x00000007a5560000, 0x00000007a6ab0000)
 concurrent mark-sweep generation total 393216K, used 69547K [0x00000007a8000000, 0x00000007c0000000, 0x00000007c0000000)
 Metaspace       used 40581K, capacity 41334K, committed 41588K, reserved 1085440K
  class space    used 4653K, capacity 4862K, committed 4988K, reserved 1048576K
2016-10-23T22:32:19.872+0800: 1958.896: [GC (Allocation Failure) 2016-10-23T22:32:19.872+0800: 1958.896: [ParNew
Desired survivor size 20112992 bytes, new threshold 8 (max 8)
- age   1:    5148520 bytes,    5148520 total
- age   2:    4262160 bytes,    9410680 total
- age   3:    2388736 bytes,   11799416 total
- age   4:    2181968 bytes,   13981384 total
- age   5:    2450344 bytes,   16431728 total
- age   6:    1453848 bytes,   17885576 total
- age   7:    1773864 bytes,   19659440 total
: 109248K->21824K(109248K), 0.0136872 secs] 178795K->97143K(502464K), 0.0137579 secs] [Times: user=0.05 sys=0.00, real=0.01 secs] 
Heap after GC invocations=218 (full 5):
 par new generation   total 109248K, used 21824K [0x00000007a0000000, 0x00000007a8000000, 0x00000007a8000000)
  eden space 87424K,   0% used [0x00000007a0000000, 0x00000007a0000000, 0x00000007a5560000)
  from space 21824K, 100% used [0x00000007a5560000, 0x00000007a6ab0000, 0x00000007a6ab0000)
  to   space 21824K,   0% used [0x00000007a6ab0000, 0x00000007a6ab0000, 0x00000007a8000000)
 concurrent mark-sweep generation total 393216K, used 75319K [0x00000007a8000000, 0x00000007c0000000, 0x00000007c0000000)
 Metaspace       used 40581K, capacity 41334K, committed 41588K, reserved 1085440K
  class space    used 4653K, capacity 4862K, committed 4988K, reserved 1048576K
}
2016-10-23T22:32:19.886+0800: 1958.909: Total time for which application threads were stopped: 0.0139824 seconds, Stopping threads took: 0.0000678 seconds
{Heap before GC invocations=218 (full 5):
 par new generation   total 109248K, used 109248K [0x00000007a0000000, 0x00000007a8000000, 0x00000007a8000000)
  eden space 87424K, 100% used [0x00000007a0000000, 0x00000007a5560000, 0x00000007a5560000)
  from space 21824K, 100% used [0x00000007a5560000, 0x00000007a6ab0000, 0x00000007a6ab0000)
  to   space 21824K,   0% used [0x00000007a6ab0000, 0x00000007a6ab0000, 0x00000007a8000000)
 concurrent mark-sweep generation total 393216K, used 75319K [0x00000007a8000000, 0x00000007c0000000, 0x00000007c0000000)
 Metaspace       used 40581K, capacity 41334K, committed 41588K, reserved 1085440K
  class space    used 4653K, capacity 4862K, committed 4988K, reserved 1048576K
2016-10-23T22:32:19.911+0800: 1958.934: [GC (Allocation Failure) 2016-10-23T22:32:19.911+0800: 1958.934: [ParNew
Desired survivor size 20112992 bytes, new threshold 8 (max 8)
- age   1:     285424 bytes,     285424 total
- age   2:    3148904 bytes,    3434328 total
- age   3:    4219952 bytes,    7654280 total
- age   4:    2355424 bytes,   10009704 total
- age   5:    2158240 bytes,   12167944 total
- age   6:    2422632 bytes,   14590576 total
- age   7:    1436856 bytes,   16027432 total
- age   8:    1754000 bytes,   17781432 total
: 109248K->21824K(109248K), 0.0086178 secs] 184567K->99487K(502464K), 0.0086742 secs] [Times: user=0.03 sys=0.00, real=0.00 secs] 
Heap after GC invocations=219 (full 5):
 par new generation   total 109248K, used 21824K [0x00000007a0000000, 0x00000007a8000000, 0x00000007a8000000)
  eden space 87424K,   0% used [0x00000007a0000000, 0x00000007a0000000, 0x00000007a5560000)
  from space 21824K, 100% used [0x00000007a6ab0000, 0x00000007a8000000, 0x00000007a8000000)
  to   space 21824K,   0% used [0x00000007a5560000, 0x00000007a5560000, 0x00000007a6ab0000)
 concurrent mark-sweep generation total 393216K, used 77663K [0x00000007a8000000, 0x00000007c0000000, 0x00000007c0000000)
 Metaspace       used 40581K, capacity 41334K, committed 41588K, reserved 1085440K
  class space    used 4653K, capacity 4862K, committed 4988K, reserved 1048576K
}
2016-10-23T22:32:19.919+0800: 1958.942: Total time for which application threads were stopped: 0.0089541 seconds, Stopping threads took: 0.0001089 seconds
2016-10-23T22:32:19.962+0800: 1958.986: Total time for which application threads were stopped: 0.0001748 seconds, Stopping threads took: 0.0000703 seconds
2016-10-23T22:32:19.963+0800: 1958.986: Total time for which application threads were stopped: 0.0001425 seconds, Stopping threads took: 0.0000743 seconds
2016-10-23T22:32:19.965+0800: 1958.989: Total time for which application threads were stopped: 0.0001931 seconds, Stopping threads took: 0.0000881 seconds
2016-10-23T22:32:19.968+0800: 1958.991: Total time for which application threads were stopped: 0.0001700 seconds, Stopping threads took: 0.0000902 seconds
2016-10-23T22:32:19.969+0800: 1958.992: Total time for which application threads were stopped: 0.0002479 seconds, Stopping threads took: 0.0000664 seconds
{Heap before GC invocations=219 (full 5):
 par new generation   total 109248K, used 109248K [0x00000007a0000000, 0x00000007a8000000, 0x00000007a8000000)
  eden space 87424K, 100% used [0x00000007a0000000, 0x00000007a5560000, 0x00000007a5560000)
  from space 21824K, 100% used [0x00000007a6ab0000, 0x00000007a8000000, 0x00000007a8000000)
  to   space 21824K,   0% used [0x00000007a5560000, 0x00000007a5560000, 0x00000007a6ab0000)
 concurrent mark-sweep generation total 393216K, used 77663K [0x00000007a8000000, 0x00000007c0000000, 0x00000007c0000000)
 Metaspace       used 40592K, capacity 41358K, committed 41588K, reserved 1085440K
  class space    used 4653K, capacity 4862K, committed 4988K, reserved 1048576K
2016-10-23T22:32:20.014+0800: 1959.037: [GC (Allocation Failure) 2016-10-23T22:32:20.014+0800: 1959.037: [ParNew
Desired survivor size 20112992 bytes, new threshold 8 (max 8)
- age   1:    4315208 bytes,    4315208 total
- age   2:     259696 bytes,    4574904 total
- age   3:    2867904 bytes,    7442808 total
- age   4:    4007456 bytes,   11450264 total
- age   5:    2142616 bytes,   13592880 total
- age   6:    1999336 bytes,   15592216 total
- age   7:    2233456 bytes,   17825672 total
- age   8:    1303048 bytes,   19128720 total
: 109248K->21824K(109248K), 0.0097709 secs] 186911K->101104K(502464K), 0.0098424 secs] [Times: user=0.04 sys=0.00, real=0.01 secs] 
Heap after GC invocations=220 (full 5):
 par new generation   total 109248K, used 21824K [0x00000007a0000000, 0x00000007a8000000, 0x00000007a8000000)
  eden space 87424K,   0% used [0x00000007a0000000, 0x00000007a0000000, 0x00000007a5560000)
  from space 21824K, 100% used [0x00000007a5560000, 0x00000007a6ab0000, 0x00000007a6ab0000)
  to   space 21824K,   0% used [0x00000007a6ab0000, 0x00000007a6ab0000, 0x00000007a8000000)
 concurrent mark-sweep generation total 393216K, used 79280K [0x00000007a8000000, 0x00000007c0000000, 0x00000007c0000000)
 Metaspace       used 40592K, capacity 41358K, committed 41588K, reserved 1085440K
  class space    used 4653K, capacity 4862K, committed 4988K, reserved 1048576K
}
2016-10-23T22:32:20.024+0800: 1959.047: Total time for which application threads were stopped: 0.0101121 seconds, Stopping threads took: 0.0000730 seconds
{Heap before GC invocations=220 (full 5):
 par new generation   total 109248K, used 109248K [0x00000007a0000000, 0x00000007a8000000, 0x00000007a8000000)
  eden space 87424K, 100% used [0x00000007a0000000, 0x00000007a5560000, 0x00000007a5560000)
  from space 21824K, 100% used [0x00000007a5560000, 0x00000007a6ab0000, 0x00000007a6ab0000)
  to   space 21824K,   0% used [0x00000007a6ab0000, 0x00000007a6ab0000, 0x00000007a8000000)
 concurrent mark-sweep generation total 393216K, used 79280K [0x00000007a8000000, 0x00000007c0000000, 0x00000007c0000000)
 Metaspace       used 40592K, capacity 41358K, committed 41588K, reserved 1085440K
  class space    used 4653K, capacity 4862K, committed 4988K, reserved 1048576K
2016-10-23T22:32:20.069+0800: 1959.092: [GC (Allocation Failure) 2016-10-23T22:32:20.069+0800: 1959.092: [ParNew
Desired survivor size 20112992 bytes, new threshold 8 (max 8)
- age   1:    2636112 bytes,    2636112 total
- age   2:    3385280 bytes,    6021392 total
- age   3:     259960 bytes,    6281352 total
- age   4:    2869296 bytes,    9150648 total
- age   5:    4007456 bytes,   13158104 total
- age   6:    2142616 bytes,   15300720 total
- age   7:    1999336 bytes,   17300056 total
- age   8:    2233456 bytes,   19533512 total
: 109248K->21824K(109248K), 0.0097743 secs] 188528K->102380K(502464K), 0.0098415 secs] [Times: user=0.03 sys=0.00, real=0.01 secs] 
Heap after GC invocations=221 (full 5):
 par new generation   total 109248K, used 21824K [0x00000007a0000000, 0x00000007a8000000, 0x00000007a8000000)
  eden space 87424K,   0% used [0x00000007a0000000, 0x00000007a0000000, 0x00000007a5560000)
  from space 21824K, 100% used [0x00000007a6ab0000, 0x00000007a8000000, 0x00000007a8000000)
  to   space 21824K,   0% used [0x00000007a5560000, 0x00000007a5560000, 0x00000007a6ab0000)
 concurrent mark-sweep generation total 393216K, used 80556K [0x00000007a8000000, 0x00000007c0000000, 0x00000007c0000000)
 Metaspace       used 40592K, capacity 41358K, committed 41588K, reserved 1085440K
  class space    used 4653K, capacity 4862K, committed 4988K, reserved 1048576K
}
2016-10-23T22:32:20.078+0800: 1959.102: Total time for which application threads were stopped: 0.0101340 seconds, Stopping threads took: 0.0000933 seconds
{Heap before GC invocations=221 (full 5):
 par new generation   total 109248K, used 109226K [0x00000007a0000000, 0x00000007a8000000, 0x00000007a8000000)
  eden space 87424K,  99% used [0x00000007a0000000, 0x00000007a555a900, 0x00000007a5560000)
  from space 21824K, 100% used [0x00000007a6ab0000, 0x00000007a8000000, 0x00000007a8000000)
  to   space 21824K,   0% used [0x00000007a5560000, 0x00000007a5560000, 0x00000007a6ab0000)
 concurrent mark-sweep generation total 393216K, used 80556K [0x00000007a8000000, 0x00000007c0000000, 0x00000007c0000000)
 Metaspace       used 40592K, capacity 41358K, committed 41588K, reserved 1085440K
  class space    used 4653K, capacity 4862K, committed 4988K, reserved 1048576K
2016-10-23T22:32:20.120+0800: 1959.143: [GC (Allocation Failure) 2016-10-23T22:32:20.120+0800: 1959.143: [ParNew
Desired survivor size 20112992 bytes, new threshold 8 (max 8)
- age   1:    2822480 bytes,    2822480 total
- age   2:    1922336 bytes,    4744816 total
- age   3:    3043288 bytes,    7788104 total
- age   4:     259696 bytes,    8047800 total
- age   5:    2867848 bytes,   10915648 total
- age   6:    4007456 bytes,   14923104 total
- age   7:    2142616 bytes,   17065720 total
- age   8:    1999336 bytes,   19065056 total
: 109226K->21824K(109248K), 0.0093674 secs] 189783K->104630K(502464K), 0.0094219 secs] [Times: user=0.04 sys=0.00, real=0.00 secs] 
Heap after GC invocations=222 (full 5):
 par new generation   total 109248K, used 21824K [0x00000007a0000000, 0x00000007a8000000, 0x00000007a8000000)
  eden space 87424K,   0% used [0x00000007a0000000, 0x00000007a0000000, 0x00000007a5560000)
  from space 21824K, 100% used [0x00000007a5560000, 0x00000007a6ab0000, 0x00000007a6ab0000)
  to   space 21824K,   0% used [0x00000007a6ab0000, 0x00000007a6ab0000, 0x00000007a8000000)
 concurrent mark-sweep generation total 393216K, used 82806K [0x00000007a8000000, 0x00000007c0000000, 0x00000007c0000000)
 Metaspace       used 40592K, capacity 41358K, committed 41588K, reserved 1085440K
  class space    used 4653K, capacity 4862K, committed 4988K, reserved 1048576K
}
2016-10-23T22:32:20.129+0800: 1959.152: Total time for which application threads were stopped: 0.0096987 seconds, Stopping threads took: 0.0001066 seconds
{Heap before GC invocations=222 (full 5):
 par new generation   total 109248K, used 109248K [0x00000007a0000000, 0x00000007a8000000, 0x00000007a8000000)
  eden space 87424K, 100% used [0x00000007a0000000, 0x00000007a5560000, 0x00000007a5560000)
  from space 21824K, 100% used [0x00000007a5560000, 0x00000007a6ab0000, 0x00000007a6ab0000)
  to   space 21824K,   0% used [0x00000007a6ab0000, 0x00000007a6ab0000, 0x00000007a8000000)
 concurrent mark-sweep generation total 393216K, used 82806K [0x00000007a8000000, 0x00000007c0000000, 0x00000007c0000000)
 Metaspace       used 40592K, capacity 41358K, committed 41588K, reserved 1085440K
  class space    used 4653K, capacity 4862K, committed 4988K, reserved 1048576K
2016-10-23T22:32:20.210+0800: 1959.233: [GC (Allocation Failure) 2016-10-23T22:32:20.210+0800: 1959.233: [ParNew
Desired survivor size 20112992 bytes, new threshold 8 (max 8)
- age   1:    4247864 bytes,    4247864 total
- age   2:    1902584 bytes,    6150448 total
- age   3:    1327696 bytes,    7478144 total
- age   4:    2939544 bytes,   10417688 total
- age   5:     250008 bytes,   10667696 total
- age   6:    2747984 bytes,   13415680 total
- age   7:    4007336 bytes,   17423016 total
- age   8:    2142520 bytes,   19565536 total
: 109248K->21824K(109248K), 0.0108868 secs] 192054K->106921K(502464K), 0.0109898 secs] [Times: user=0.04 sys=0.01, real=0.01 secs] 
Heap after GC invocations=223 (full 5):
 par new generation   total 109248K, used 21824K [0x00000007a0000000, 0x00000007a8000000, 0x00000007a8000000)
  eden space 87424K,   0% used [0x00000007a0000000, 0x00000007a0000000, 0x00000007a5560000)
  from space 21824K, 100% used [0x00000007a6ab0000, 0x00000007a8000000, 0x00000007a8000000)
  to   space 21824K,   0% used [0x00000007a5560000, 0x00000007a5560000, 0x00000007a6ab0000)
 concurrent mark-sweep generation total 393216K, used 85097K [0x00000007a8000000, 0x00000007c0000000, 0x00000007c0000000)
 Metaspace       used 40592K, capacity 41358K, committed 41588K, reserved 1085440K
  class space    used 4653K, capacity 4862K, committed 4988K, reserved 1048576K
}
2016-10-23T22:32:20.221+0800: 1959.244: Total time for which application threads were stopped: 0.0113188 seconds, Stopping threads took: 0.0000883 seconds
{Heap before GC invocations=223 (full 5):
 par new generation   total 109248K, used 109248K [0x00000007a0000000, 0x00000007a8000000, 0x00000007a8000000)
  eden space 87424K, 100% used [0x00000007a0000000, 0x00000007a5560000, 0x00000007a5560000)
  from space 21824K, 100% used [0x00000007a6ab0000, 0x00000007a8000000, 0x00000007a8000000)
  to   space 21824K,   0% used [0x00000007a5560000, 0x00000007a5560000, 0x00000007a6ab0000)
 concurrent mark-sweep generation total 393216K, used 85097K [0x00000007a8000000, 0x00000007c0000000, 0x00000007c0000000)
 Metaspace       used 40592K, capacity 41358K, committed 41588K, reserved 1085440K
  class space    used 4653K, capacity 4862K, committed 4988K, reserved 1048576K
2016-10-23T22:32:20.278+0800: 1959.301: [GC (Allocation Failure) 2016-10-23T22:32:20.278+0800: 1959.301: [ParNew
Desired survivor size 20112992 bytes, new threshold 8 (max 8)
- age   1:    3808840 bytes,    3808840 total
- age   2:    2503640 bytes,    6312480 total
- age   3:    1692880 bytes,    8005360 total
- age   4:    1238344 bytes,    9243704 total
- age   5:    2748416 bytes,   11992120 total
- age   6:     248128 bytes,   12240248 total
- age   7:    2737672 bytes,   14977920 total
- age   8:    4006456 bytes,   18984376 total
: 109248K->21824K(109248K), 0.0112615 secs] 194345K->109691K(502464K), 0.0113237 secs] [Times: user=0.04 sys=0.00, real=0.01 secs] 
Heap after GC invocations=224 (full 5):
 par new generation   total 109248K, used 21824K [0x00000007a0000000, 0x00000007a8000000, 0x00000007a8000000)
  eden space 87424K,   0% used [0x00000007a0000000, 0x00000007a0000000, 0x00000007a5560000)
  from space 21824K, 100% used [0x00000007a5560000, 0x00000007a6ab0000, 0x00000007a6ab0000)
  to   space 21824K,   0% used [0x00000007a6ab0000, 0x00000007a6ab0000, 0x00000007a8000000)
 concurrent mark-sweep generation total 393216K, used 87867K [0x00000007a8000000, 0x00000007c0000000, 0x00000007c0000000)
 Metaspace       used 40592K, capacity 41358K, committed 41588K, reserved 1085440K
  class space    used 4653K, capacity 4862K, committed 4988K, reserved 1048576K
}
2016-10-23T22:32:20.289+0800: 1959.313: Total time for which application threads were stopped: 0.0116141 seconds, Stopping threads took: 0.0001080 seconds
{Heap before GC invocations=224 (full 5):
 par new generation   total 109248K, used 109248K [0x00000007a0000000, 0x00000007a8000000, 0x00000007a8000000)
  eden space 87424K, 100% used [0x00000007a0000000, 0x00000007a5560000, 0x00000007a5560000)
  from space 21824K, 100% used [0x00000007a5560000, 0x00000007a6ab0000, 0x00000007a6ab0000)
  to   space 21824K,   0% used [0x00000007a6ab0000, 0x00000007a6ab0000, 0x00000007a8000000)
 concurrent mark-sweep generation total 393216K, used 87867K [0x00000007a8000000, 0x00000007c0000000, 0x00000007c0000000)
 Metaspace       used 40592K, capacity 41358K, committed 41588K, reserved 1085440K
  class space    used 4653K, capacity 4862K, committed 4988K, reserved 1048576K
2016-10-23T22:32:20.370+0800: 1959.393: [GC (Allocation Failure) 2016-10-23T22:32:20.370+0800: 1959.393: [ParNew
Desired survivor size 20112992 bytes, new threshold 8 (max 8)
- age   1:    4713096 bytes,    4713096 total
- age   2:    1858752 bytes,    6571848 total
- age   3:    2363792 bytes,    8935640 total
- age   4:    1689816 bytes,   10625456 total
- age   5:    1166272 bytes,   11791728 total
- age   6:    2708072 bytes,   14499800 total
- age   7:     246784 bytes,   14746584 total
- age   8:    2731496 bytes,   17478080 total
: 109248K->21824K(109248K), 0.0113660 secs] 197115K->113657K(502464K), 0.0114192 secs] [Times: user=0.04 sys=0.00, real=0.01 secs] 
Heap after GC invocations=225 (full 5):
 par new generation   total 109248K, used 21824K [0x00000007a0000000, 0x00000007a8000000, 0x00000007a8000000)
  eden space 87424K,   0% used [0x00000007a0000000, 0x00000007a0000000, 0x00000007a5560000)
  from space 21824K, 100% used [0x00000007a6ab0000, 0x00000007a8000000, 0x00000007a8000000)
  to   space 21824K,   0% used [0x00000007a5560000, 0x00000007a5560000, 0x00000007a6ab0000)
 concurrent mark-sweep generation total 393216K, used 91833K [0x00000007a8000000, 0x00000007c0000000, 0x00000007c0000000)
 Metaspace       used 40592K, capacity 41358K, committed 41588K, reserved 1085440K
  class space    used 4653K, capacity 4862K, committed 4988K, reserved 1048576K
}
2016-10-23T22:32:20.382+0800: 1959.405: Total time for which application threads were stopped: 0.0116661 seconds, Stopping threads took: 0.0000809 seconds
{Heap before GC invocations=225 (full 5):
 par new generation   total 109248K, used 109248K [0x00000007a0000000, 0x00000007a8000000, 0x00000007a8000000)
  eden space 87424K, 100% used [0x00000007a0000000, 0x00000007a5560000, 0x00000007a5560000)
  from space 21824K, 100% used [0x00000007a6ab0000, 0x00000007a8000000, 0x00000007a8000000)
  to   space 21824K,   0% used [0x00000007a5560000, 0x00000007a5560000, 0x00000007a6ab0000)
 concurrent mark-sweep generation total 393216K, used 91833K [0x00000007a8000000, 0x00000007c0000000, 0x00000007c0000000)
 Metaspace       used 40592K, capacity 41358K, committed 41588K, reserved 1085440K
  class space    used 4653K, capacity 4862K, committed 4988K, reserved 1048576K
2016-10-23T22:32:20.471+0800: 1959.494: [GC (Allocation Failure) 2016-10-23T22:32:20.471+0800: 1959.494: [ParNew
Desired survivor size 20112992 bytes, new threshold 8 (max 8)
- age   1:    6458152 bytes,    6458152 total
- age   2:    2689144 bytes,    9147296 total
- age   3:    1705784 bytes,   10853080 total
- age   4:    2297160 bytes,   13150240 total
- age   5:    1024136 bytes,   14174376 total
- age   6:    1152104 bytes,   15326480 total
- age   7:    2690624 bytes,   18017104 total
- age   8:     242240 bytes,   18259344 total
: 109248K->21824K(109248K), 0.0117113 secs] 201081K->116528K(502464K), 0.0117602 secs] [Times: user=0.04 sys=0.00, real=0.01 secs] 
Heap after GC invocations=226 (full 5):
 par new generation   total 109248K, used 21824K [0x00000007a0000000, 0x00000007a8000000, 0x00000007a8000000)
  eden space 87424K,   0% used [0x00000007a0000000, 0x00000007a0000000, 0x00000007a5560000)
  from space 21824K, 100% used [0x00000007a5560000, 0x00000007a6ab0000, 0x00000007a6ab0000)
  to   space 21824K,   0% used [0x00000007a6ab0000, 0x00000007a6ab0000, 0x00000007a8000000)
 concurrent mark-sweep generation total 393216K, used 94704K [0x00000007a8000000, 0x00000007c0000000, 0x00000007c0000000)
 Metaspace       used 40592K, capacity 41358K, committed 41588K, reserved 1085440K
  class space    used 4653K, capacity 4862K, committed 4988K, reserved 1048576K
}
2016-10-23T22:32:20.482+0800: 1959.506: Total time for which application threads were stopped: 0.0120532 seconds, Stopping threads took: 0.0001082 seconds
{Heap before GC invocations=226 (full 5):
 par new generation   total 109248K, used 109248K [0x00000007a0000000, 0x00000007a8000000, 0x00000007a8000000)
  eden space 87424K, 100% used [0x00000007a0000000, 0x00000007a5560000, 0x00000007a5560000)
  from space 21824K, 100% used [0x00000007a5560000, 0x00000007a6ab0000, 0x00000007a6ab0000)
  to   space 21824K,   0% used [0x00000007a6ab0000, 0x00000007a6ab0000, 0x00000007a8000000)
 concurrent mark-sweep generation total 393216K, used 94704K [0x00000007a8000000, 0x00000007c0000000, 0x00000007c0000000)
 Metaspace       used 40592K, capacity 41358K, committed 41588K, reserved 1085440K
  class space    used 4653K, capacity 4862K, committed 4988K, reserved 1048576K
2016-10-23T22:32:20.577+0800: 1959.600: [GC (Allocation Failure) 2016-10-23T22:32:20.577+0800: 1959.600: [ParNew
Desired survivor size 20112992 bytes, new threshold 8 (max 8)
- age   1:    5518576 bytes,    5518576 total
- age   2:    3875608 bytes,    9394184 total
- age   3:    2471240 bytes,   11865424 total
- age   4:    1528464 bytes,   13393888 total
- age   5:    2066736 bytes,   15460624 total
- age   6:     963528 bytes,   16424152 total
- age   7:    1081352 bytes,   17505504 total
- age   8:    2537728 bytes,   20043232 total
: 109248K->21824K(109248K), 0.0104412 secs] 203952K->117780K(502464K), 0.0105009 secs] [Times: user=0.04 sys=0.00, real=0.01 secs] 
Heap after GC invocations=227 (full 5):
 par new generation   total 109248K, used 21824K [0x00000007a0000000, 0x00000007a8000000, 0x00000007a8000000)
  eden space 87424K,   0% used [0x00000007a0000000, 0x00000007a0000000, 0x00000007a5560000)
  from space 21824K, 100% used [0x00000007a6ab0000, 0x00000007a8000000, 0x00000007a8000000)
  to   space 21824K,   0% used [0x00000007a5560000, 0x00000007a5560000, 0x00000007a6ab0000)
 concurrent mark-sweep generation total 393216K, used 95956K [0x00000007a8000000, 0x00000007c0000000, 0x00000007c0000000)
 Metaspace       used 40592K, capacity 41358K, committed 41588K, reserved 1085440K
  class space    used 4653K, capacity 4862K, committed 4988K, reserved 1048576K
}
2016-10-23T22:32:20.587+0800: 1959.610: Total time for which application threads were stopped: 0.0107667 seconds, Stopping threads took: 0.0000950 seconds
{Heap before GC invocations=227 (full 5):
 par new generation   total 109248K, used 109248K [0x00000007a0000000, 0x00000007a8000000, 0x00000007a8000000)
  eden space 87424K, 100% used [0x00000007a0000000, 0x00000007a5560000, 0x00000007a5560000)
  from space 21824K, 100% used [0x00000007a6ab0000, 0x00000007a8000000, 0x00000007a8000000)
  to   space 21824K,   0% used [0x00000007a5560000, 0x00000007a5560000, 0x00000007a6ab0000)
 concurrent mark-sweep generation total 393216K, used 95956K [0x00000007a8000000, 0x00000007c0000000, 0x00000007c0000000)
 Metaspace       used 40594K, capacity 41358K, committed 41588K, reserved 1085440K
  class space    used 4653K, capacity 4862K, committed 4988K, reserved 1048576K
2016-10-23T22:32:20.708+0800: 1959.731: [GC (Allocation Failure) 2016-10-23T22:32:20.708+0800: 1959.731: [ParNew
Desired survivor size 20112992 bytes, new threshold 8 (max 8)
- age   1:    6824480 bytes,    6824480 total
- age   2:    2780128 bytes,    9604608 total
- age   3:    3742048 bytes,   13346656 total
- age   4:    2137960 bytes,   15484616 total
- age   5:    1481224 bytes,   16965840 total
- age   6:    1958440 bytes,   18924280 total
- age   7:     930424 bytes,   19854704 total
- age   8:    1043344 bytes,   20898048 total
: 109248K->21824K(109248K), 0.0126847 secs] 205204K->120885K(502464K), 0.0127591 secs] [Times: user=0.05 sys=0.00, real=0.02 secs] 
Heap after GC invocations=228 (full 5):
 par new generation   total 109248K, used 21824K [0x00000007a0000000, 0x00000007a8000000, 0x00000007a8000000)
  eden space 87424K,   0% used [0x00000007a0000000, 0x00000007a0000000, 0x00000007a5560000)
  from space 21824K, 100% used [0x00000007a5560000, 0x00000007a6ab0000, 0x00000007a6ab0000)
  to   space 21824K,   0% used [0x00000007a6ab0000, 0x00000007a6ab0000, 0x00000007a8000000)
 concurrent mark-sweep generation total 393216K, used 99061K [0x00000007a8000000, 0x00000007c0000000, 0x00000007c0000000)
 Metaspace       used 40594K, capacity 41358K, committed 41588K, reserved 1085440K
  class space    used 4653K, capacity 4862K, committed 4988K, reserved 1048576K
}
2016-10-23T22:32:20.720+0800: 1959.744: Total time for which application threads were stopped: 0.0130434 seconds, Stopping threads took: 0.0000970 seconds
{Heap before GC invocations=228 (full 5):
 par new generation   total 109248K, used 109248K [0x00000007a0000000, 0x00000007a8000000, 0x00000007a8000000)
  eden space 87424K, 100% used [0x00000007a0000000, 0x00000007a5560000, 0x00000007a5560000)
  from space 21824K, 100% used [0x00000007a5560000, 0x00000007a6ab0000, 0x00000007a6ab0000)
  to   space 21824K,   0% used [0x00000007a6ab0000, 0x00000007a6ab0000, 0x00000007a8000000)
 concurrent mark-sweep generation total 393216K, used 99061K [0x00000007a8000000, 0x00000007c0000000, 0x00000007c0000000)
 Metaspace       used 40594K, capacity 41358K, committed 41588K, reserved 1085440K
  class space    used 4653K, capacity 4862K, committed 4988K, reserved 1048576K
2016-10-23T22:32:20.894+0800: 1959.917: [GC (Allocation Failure) 2016-10-23T22:32:20.894+0800: 1959.917: [ParNew
Desired survivor size 20112992 bytes, new threshold 8 (max 8)
- age   1:    1670296 bytes,    1670296 total
- age   2:    5931496 bytes,    7601792 total
- age   3:    2220416 bytes,    9822208 total
- age   4:    3358048 bytes,   13180256 total
- age   5:    1783160 bytes,   14963416 total
- age   6:    1355168 bytes,   16318584 total
- age   7:    1764424 bytes,   18083008 total
- age   8:     845160 bytes,   18928168 total
: 109248K->21824K(109248K), 0.0104288 secs] 208309K->123329K(502464K), 0.0104869 secs] [Times: user=0.04 sys=0.00, real=0.01 secs] 
Heap after GC invocations=229 (full 5):
 par new generation   total 109248K, used 21824K [0x00000007a0000000, 0x00000007a8000000, 0x00000007a8000000)
  eden space 87424K,   0% used [0x00000007a0000000, 0x00000007a0000000, 0x00000007a5560000)
  from space 21824K, 100% used [0x00000007a6ab0000, 0x00000007a8000000, 0x00000007a8000000)
  to   space 21824K,   0% used [0x00000007a5560000, 0x00000007a5560000, 0x00000007a6ab0000)
 concurrent mark-sweep generation total 393216K, used 101505K [0x00000007a8000000, 0x00000007c0000000, 0x00000007c0000000)
 Metaspace       used 40594K, capacity 41358K, committed 41588K, reserved 1085440K
  class space    used 4653K, capacity 4862K, committed 4988K, reserved 1048576K
}
2016-10-23T22:32:20.905+0800: 1959.928: Total time for which application threads were stopped: 0.0107337 seconds, Stopping threads took: 0.0000837 seconds
2016-10-23T22:32:20.965+0800: 1959.989: Total time for which application threads were stopped: 0.0001685 seconds, Stopping threads took: 0.0000445 seconds
{Heap before GC invocations=229 (full 5):
 par new generation   total 109248K, used 109248K [0x00000007a0000000, 0x00000007a8000000, 0x00000007a8000000)
  eden space 87424K, 100% used [0x00000007a0000000, 0x00000007a5560000, 0x00000007a5560000)
  from space 21824K, 100% used [0x00000007a6ab0000, 0x00000007a8000000, 0x00000007a8000000)
  to   space 21824K,   0% used [0x00000007a5560000, 0x00000007a5560000, 0x00000007a6ab0000)
 concurrent mark-sweep generation total 393216K, used 101505K [0x00000007a8000000, 0x00000007c0000000, 0x00000007c0000000)
 Metaspace       used 40595K, capacity 41358K, committed 41588K, reserved 1085440K
  class space    used 4653K, capacity 4862K, committed 4988K, reserved 1048576K
2016-10-23T22:32:20.989+0800: 1960.012: [GC (Allocation Failure) 2016-10-23T22:32:20.989+0800: 1960.012: [ParNew
Desired survivor size 20112992 bytes, new threshold 8 (max 8)
- age   1:    2493472 bytes,    2493472 total
- age   2:    1137432 bytes,    3630904 total
- age   3:    4988920 bytes,    8619824 total
- age   4:    1881672 bytes,   10501496 total
- age   5:    3033232 bytes,   13534728 total
- age   6:    1476456 bytes,   15011184 total
- age   7:    1186312 bytes,   16197496 total
- age   8:    1517832 bytes,   17715328 total
: 109248K->21824K(109248K), 0.0093277 secs] 210753K->124737K(502464K), 0.0094074 secs] [Times: user=0.04 sys=0.00, real=0.01 secs] 
Heap after GC invocations=230 (full 5):
 par new generation   total 109248K, used 21824K [0x00000007a0000000, 0x00000007a8000000, 0x00000007a8000000)
  eden space 87424K,   0% used [0x00000007a0000000, 0x00000007a0000000, 0x00000007a5560000)
  from space 21824K, 100% used [0x00000007a5560000, 0x00000007a6ab0000, 0x00000007a6ab0000)
  to   space 21824K,   0% used [0x00000007a6ab0000, 0x00000007a6ab0000, 0x00000007a8000000)
 concurrent mark-sweep generation total 393216K, used 102913K [0x00000007a8000000, 0x00000007c0000000, 0x00000007c0000000)
 Metaspace       used 40595K, capacity 41358K, committed 41588K, reserved 1085440K
  class space    used 4653K, capacity 4862K, committed 4988K, reserved 1048576K
}
2016-10-23T22:32:20.998+0800: 1960.022: Total time for which application threads were stopped: 0.0096732 seconds, Stopping threads took: 0.0000544 seconds
{Heap before GC invocations=230 (full 5):
 par new generation   total 109248K, used 109248K [0x00000007a0000000, 0x00000007a8000000, 0x00000007a8000000)
  eden space 87424K, 100% used [0x00000007a0000000, 0x00000007a5560000, 0x00000007a5560000)
  from space 21824K, 100% used [0x00000007a5560000, 0x00000007a6ab0000, 0x00000007a6ab0000)
  to   space 21824K,   0% used [0x00000007a6ab0000, 0x00000007a6ab0000, 0x00000007a8000000)
 concurrent mark-sweep generation total 393216K, used 102913K [0x00000007a8000000, 0x00000007c0000000, 0x00000007c0000000)
 Metaspace       used 40595K, capacity 41358K, committed 41588K, reserved 1085440K
  class space    used 4653K, capacity 4862K, committed 4988K, reserved 1048576K
2016-10-23T22:32:21.139+0800: 1960.162: [GC (Allocation Failure) 2016-10-23T22:32:21.139+0800: 1960.162: [ParNew
Desired survivor size 20112992 bytes, new threshold 8 (max 8)
- age   1:    3856696 bytes,    3856696 total
- age   2:    1269456 bytes,    5126152 total
- age   3:    1135408 bytes,    6261560 total
- age   4:    4917200 bytes,   11178760 total
- age   5:    1880864 bytes,   13059624 total
- age   6:    3032848 bytes,   16092472 total
- age   7:    1475768 bytes,   17568240 total
- age   8:    1185640 bytes,   18753880 total
: 109248K->21824K(109248K), 0.0138479 secs] 212161K->128634K(502464K), 0.0139185 secs] [Times: user=0.05 sys=0.01, real=0.02 secs] 
Heap after GC invocations=231 (full 5):
 par new generation   total 109248K, used 21824K [0x00000007a0000000, 0x00000007a8000000, 0x00000007a8000000)
  eden space 87424K,   0% used [0x00000007a0000000, 0x00000007a0000000, 0x00000007a5560000)
  from space 21824K, 100% used [0x00000007a6ab0000, 0x00000007a8000000, 0x00000007a8000000)
  to   space 21824K,   0% used [0x00000007a5560000, 0x00000007a5560000, 0x00000007a6ab0000)
 concurrent mark-sweep generation total 393216K, used 106810K [0x00000007a8000000, 0x00000007c0000000, 0x00000007c0000000)
 Metaspace       used 40595K, capacity 41358K, committed 41588K, reserved 1085440K
  class space    used 4653K, capacity 4862K, committed 4988K, reserved 1048576K
}
2016-10-23T22:32:21.153+0800: 1960.176: Total time for which application threads were stopped: 0.0141402 seconds, Stopping threads took: 0.0000658 seconds
{Heap before GC invocations=231 (full 5):
 par new generation   total 109248K, used 109248K [0x00000007a0000000, 0x00000007a8000000, 0x00000007a8000000)
  eden space 87424K, 100% used [0x00000007a0000000, 0x00000007a5560000, 0x00000007a5560000)
  from space 21824K, 100% used [0x00000007a6ab0000, 0x00000007a8000000, 0x00000007a8000000)
  to   space 21824K,   0% used [0x00000007a5560000, 0x00000007a5560000, 0x00000007a6ab0000)
 concurrent mark-sweep generation total 393216K, used 106810K [0x00000007a8000000, 0x00000007c0000000, 0x00000007c0000000)
 Metaspace       used 40595K, capacity 41358K, committed 41588K, reserved 1085440K
  class space    used 4653K, capacity 4862K, committed 4988K, reserved 1048576K
2016-10-23T22:32:21.293+0800: 1960.317: [GC (Allocation Failure) 2016-10-23T22:32:21.293+0800: 1960.317: [ParNew
Desired survivor size 20112992 bytes, new threshold 8 (max 8)
- age   1:    4239832 bytes,    4239832 total
- age   2:    2302128 bytes,    6541960 total
- age   3:     721400 bytes,    7263360 total
- age   4:    1082848 bytes,    8346208 total
- age   5:    4786752 bytes,   13132960 total
- age   6:    1812456 bytes,   14945416 total
- age   7:    2739240 bytes,   17684656 total
- age   8:    1446664 bytes,   19131320 total
: 109248K->21824K(109248K), 0.0142726 secs] 216058K->133861K(502464K), 0.0143443 secs] [Times: user=0.06 sys=0.00, real=0.01 secs] 
Heap after GC invocations=232 (full 5):
 par new generation   total 109248K, used 21824K [0x00000007a0000000, 0x00000007a8000000, 0x00000007a8000000)
  eden space 87424K,   0% used [0x00000007a0000000, 0x00000007a0000000, 0x00000007a5560000)
  from space 21824K, 100% used [0x00000007a5560000, 0x00000007a6ab0000, 0x00000007a6ab0000)
  to   space 21824K,   0% used [0x00000007a6ab0000, 0x00000007a6ab0000, 0x00000007a8000000)
 concurrent mark-sweep generation total 393216K, used 112037K [0x00000007a8000000, 0x00000007c0000000, 0x00000007c0000000)
 Metaspace       used 40595K, capacity 41358K, committed 41588K, reserved 1085440K
  class space    used 4653K, capacity 4862K, committed 4988K, reserved 1048576K
}
2016-10-23T22:32:21.308+0800: 1960.331: Total time for which application threads were stopped: 0.0146291 seconds, Stopping threads took: 0.0000953 seconds
{Heap before GC invocations=232 (full 5):
 par new generation   total 109248K, used 109248K [0x00000007a0000000, 0x00000007a8000000, 0x00000007a8000000)
  eden space 87424K, 100% used [0x00000007a0000000, 0x00000007a5560000, 0x00000007a5560000)
  from space 21824K, 100% used [0x00000007a5560000, 0x00000007a6ab0000, 0x00000007a6ab0000)
  to   space 21824K,   0% used [0x00000007a6ab0000, 0x00000007a6ab0000, 0x00000007a8000000)
 concurrent mark-sweep generation total 393216K, used 112037K [0x00000007a8000000, 0x00000007c0000000, 0x00000007c0000000)
 Metaspace       used 40595K, capacity 41358K, committed 41588K, reserved 1085440K
  class space    used 4653K, capacity 4862K, committed 4988K, reserved 1048576K
2016-10-23T22:32:21.451+0800: 1960.475: [GC (Allocation Failure) 2016-10-23T22:32:21.451+0800: 1960.475: [ParNew
Desired survivor size 20112992 bytes, new threshold 8 (max 8)
- age   1:    5320032 bytes,    5320032 total
- age   2:    3043528 bytes,    8363560 total
- age   3:    2047408 bytes,   10410968 total
- age   4:     666728 bytes,   11077696 total
- age   5:    1077016 bytes,   12154712 total
- age   6:    4459680 bytes,   16614392 total
- age   7:    1809808 bytes,   18424200 total
- age   8:    2733792 bytes,   21157992 total
: 109248K->21824K(109248K), 0.0146935 secs] 221285K->137168K(502464K), 0.0147488 secs] [Times: user=0.05 sys=0.01, real=0.01 secs] 
Heap after GC invocations=233 (full 5):
 par new generation   total 109248K, used 21824K [0x00000007a0000000, 0x00000007a8000000, 0x00000007a8000000)
  eden space 87424K,   0% used [0x00000007a0000000, 0x00000007a0000000, 0x00000007a5560000)
  from space 21824K, 100% used [0x00000007a6ab0000, 0x00000007a8000000, 0x00000007a8000000)
  to   space 21824K,   0% used [0x00000007a5560000, 0x00000007a5560000, 0x00000007a6ab0000)
 concurrent mark-sweep generation total 393216K, used 115344K [0x00000007a8000000, 0x00000007c0000000, 0x00000007c0000000)
 Metaspace       used 40595K, capacity 41358K, committed 41588K, reserved 1085440K
  class space    used 4653K, capacity 4862K, committed 4988K, reserved 1048576K
}
2016-10-23T22:32:21.466+0800: 1960.489: Total time for which application threads were stopped: 0.0149413 seconds, Stopping threads took: 0.0000310 seconds
{Heap before GC invocations=233 (full 5):
 par new generation   total 109248K, used 109248K [0x00000007a0000000, 0x00000007a8000000, 0x00000007a8000000)
  eden space 87424K, 100% used [0x00000007a0000000, 0x00000007a5560000, 0x00000007a5560000)
  from space 21824K, 100% used [0x00000007a6ab0000, 0x00000007a8000000, 0x00000007a8000000)
  to   space 21824K,   0% used [0x00000007a5560000, 0x00000007a5560000, 0x00000007a6ab0000)
 concurrent mark-sweep generation total 393216K, used 115344K [0x00000007a8000000, 0x00000007c0000000, 0x00000007c0000000)
 Metaspace       used 40595K, capacity 41358K, committed 41588K, reserved 1085440K
  class space    used 4653K, capacity 4862K, committed 4988K, reserved 1048576K
2016-10-23T22:32:21.608+0800: 1960.632: [GC (Allocation Failure) 2016-10-23T22:32:21.608+0800: 1960.632: [ParNew
Desired survivor size 20112992 bytes, new threshold 8 (max 8)
- age   1:    6909280 bytes,    6909280 total
- age   2:    3245312 bytes,   10154592 total
- age   3:    2283304 bytes,   12437896 total
- age   4:    1733272 bytes,   14171168 total
- age   5:     592168 bytes,   14763336 total
- age   6:    1055288 bytes,   15818624 total
- age   7:    4074784 bytes,   19893408 total
- age   8:    1794096 bytes,   21687504 total
: 109248K->21824K(109248K), 0.0172432 secs] 224592K->142751K(502464K), 0.0173072 secs] [Times: user=0.06 sys=0.00, real=0.02 secs] 
Heap after GC invocations=234 (full 5):
 par new generation   total 109248K, used 21824K [0x00000007a0000000, 0x00000007a8000000, 0x00000007a8000000)
  eden space 87424K,   0% used [0x00000007a0000000, 0x00000007a0000000, 0x00000007a5560000)
  from space 21824K, 100% used [0x00000007a5560000, 0x00000007a6ab0000, 0x00000007a6ab0000)
  to   space 21824K,   0% used [0x00000007a6ab0000, 0x00000007a6ab0000, 0x00000007a8000000)
 concurrent mark-sweep generation total 393216K, used 120927K [0x00000007a8000000, 0x00000007c0000000, 0x00000007c0000000)
 Metaspace       used 40595K, capacity 41358K, committed 41588K, reserved 1085440K
  class space    used 4653K, capacity 4862K, committed 4988K, reserved 1048576K
}
2016-10-23T22:32:21.626+0800: 1960.649: Total time for which application threads were stopped: 0.0175377 seconds, Stopping threads took: 0.0000753 seconds
2016-10-23T22:32:21.762+0800: 1960.786: Total time for which application threads were stopped: 0.0002863 seconds, Stopping threads took: 0.0000639 seconds
{Heap before GC invocations=234 (full 5):
 par new generation   total 109248K, used 109248K [0x00000007a0000000, 0x00000007a8000000, 0x00000007a8000000)
  eden space 87424K, 100% used [0x00000007a0000000, 0x00000007a5560000, 0x00000007a5560000)
  from space 21824K, 100% used [0x00000007a5560000, 0x00000007a6ab0000, 0x00000007a6ab0000)
  to   space 21824K,   0% used [0x00000007a6ab0000, 0x00000007a6ab0000, 0x00000007a8000000)
 concurrent mark-sweep generation total 393216K, used 120927K [0x00000007a8000000, 0x00000007c0000000, 0x00000007c0000000)
 Metaspace       used 40595K, capacity 41358K, committed 41588K, reserved 1085440K
  class space    used 4653K, capacity 4862K, committed 4988K, reserved 1048576K
2016-10-23T22:32:21.775+0800: 1960.798: [GC (Allocation Failure) 2016-10-23T22:32:21.775+0800: 1960.798: [ParNew
Desired survivor size 20112992 bytes, new threshold 8 (max 8)
- age   1:    7330512 bytes,    7330512 total
- age   2:    4002864 bytes,   11333376 total
- age   3:    2307072 bytes,   13640448 total
- age   4:    1687408 bytes,   15327856 total
- age   5:    1341928 bytes,   16669784 total
- age   6:     508608 bytes,   17178392 total
- age   7:    1054520 bytes,   18232912 total
- age   8:    4074080 bytes,   22306992 total
: 109248K->21824K(109248K), 0.0188502 secs] 230175K->148736K(502464K), 0.0189015 secs] [Times: user=0.07 sys=0.01, real=0.02 secs] 
Heap after GC invocations=235 (full 5):
 par new generation   total 109248K, used 21824K [0x00000007a0000000, 0x00000007a8000000, 0x00000007a8000000)
  eden space 87424K,   0% used [0x00000007a0000000, 0x00000007a0000000, 0x00000007a5560000)
  from space 21824K, 100% used [0x00000007a6ab0000, 0x00000007a8000000, 0x00000007a8000000)
  to   space 21824K,   0% used [0x00000007a5560000, 0x00000007a5560000, 0x00000007a6ab0000)
 concurrent mark-sweep generation total 393216K, used 126912K [0x00000007a8000000, 0x00000007c0000000, 0x00000007c0000000)
 Metaspace       used 40595K, capacity 41358K, committed 41588K, reserved 1085440K
  class space    used 4653K, capacity 4862K, committed 4988K, reserved 1048576K
}
2016-10-23T22:32:21.794+0800: 1960.817: Total time for which application threads were stopped: 0.0191195 seconds, Stopping threads took: 0.0000776 seconds
{Heap before GC invocations=235 (full 5):
 par new generation   total 109248K, used 109248K [0x00000007a0000000, 0x00000007a8000000, 0x00000007a8000000)
  eden space 87424K, 100% used [0x00000007a0000000, 0x00000007a5560000, 0x00000007a5560000)
  from space 21824K, 100% used [0x00000007a6ab0000, 0x00000007a8000000, 0x00000007a8000000)
  to   space 21824K,   0% used [0x00000007a5560000, 0x00000007a5560000, 0x00000007a6ab0000)
 concurrent mark-sweep generation total 393216K, used 126912K [0x00000007a8000000, 0x00000007c0000000, 0x00000007c0000000)
 Metaspace       used 40596K, capacity 41358K, committed 41588K, reserved 1085440K
  class space    used 4653K, capacity 4862K, committed 4988K, reserved 1048576K
2016-10-23T22:32:21.895+0800: 1960.918: [GC (Allocation Failure) 2016-10-23T22:32:21.895+0800: 1960.918: [ParNew
Desired survivor size 20112992 bytes, new threshold 8 (max 8)
- age   1:    2381912 bytes,    2381912 total
- age   2:    6780128 bytes,    9162040 total
- age   3:    3910200 bytes,   13072240 total
- age   4:    2211936 bytes,   15284176 total
- age   5:    1605184 bytes,   16889360 total
- age   6:    1261984 bytes,   18151344 total
- age   7:     487960 bytes,   18639304 total
- age   8:    1054040 bytes,   19693344 total
: 109248K->21824K(109248K), 0.0110884 secs] 236160K->153243K(502464K), 0.0111527 secs] [Times: user=0.04 sys=0.00, real=0.01 secs] 
Heap after GC invocations=236 (full 5):
 par new generation   total 109248K, used 21824K [0x00000007a0000000, 0x00000007a8000000, 0x00000007a8000000)
  eden space 87424K,   0% used [0x00000007a0000000, 0x00000007a0000000, 0x00000007a5560000)
  from space 21824K, 100% used [0x00000007a5560000, 0x00000007a6ab0000, 0x00000007a6ab0000)
  to   space 21824K,   0% used [0x00000007a6ab0000, 0x00000007a6ab0000, 0x00000007a8000000)
 concurrent mark-sweep generation total 393216K, used 131419K [0x00000007a8000000, 0x00000007c0000000, 0x00000007c0000000)
 Metaspace       used 40596K, capacity 41358K, committed 41588K, reserved 1085440K
  class space    used 4653K, capacity 4862K, committed 4988K, reserved 1048576K
}
2016-10-23T22:32:21.906+0800: 1960.929: Total time for which application threads were stopped: 0.0114368 seconds, Stopping threads took: 0.0000715 seconds
{Heap before GC invocations=236 (full 5):
 par new generation   total 109248K, used 109248K [0x00000007a0000000, 0x00000007a8000000, 0x00000007a8000000)
  eden space 87424K, 100% used [0x00000007a0000000, 0x00000007a5560000, 0x00000007a5560000)
  from space 21824K, 100% used [0x00000007a5560000, 0x00000007a6ab0000, 0x00000007a6ab0000)
  to   space 21824K,   0% used [0x00000007a6ab0000, 0x00000007a6ab0000, 0x00000007a8000000)
 concurrent mark-sweep generation total 393216K, used 131419K [0x00000007a8000000, 0x00000007c0000000, 0x00000007c0000000)
 Metaspace       used 40597K, capacity 41358K, committed 41588K, reserved 1085440K
  class space    used 4653K, capacity 4862K, committed 4988K, reserved 1048576K
2016-10-23T22:32:21.968+0800: 1960.992: [GC (Allocation Failure) 2016-10-23T22:32:21.968+0800: 1960.992: [ParNew
Desired survivor size 20112992 bytes, new threshold 8 (max 8)
- age   1:    1665904 bytes,    1665904 total
- age   2:    1273744 bytes,    2939648 total
- age   3:    6352776 bytes,    9292424 total
- age   4:    3579232 bytes,   12871656 total
- age   5:    1879872 bytes,   14751528 total
- age   6:    1459720 bytes,   16211248 total
- age   7:    1122320 bytes,   17333568 total
- age   8:     468808 bytes,   17802376 total
: 109248K->21824K(109248K), 0.0085130 secs] 240667K->154922K(502464K), 0.0085799 secs] [Times: user=0.03 sys=0.00, real=0.01 secs] 
Heap after GC invocations=237 (full 5):
 par new generation   total 109248K, used 21824K [0x00000007a0000000, 0x00000007a8000000, 0x00000007a8000000)
  eden space 87424K,   0% used [0x00000007a0000000, 0x00000007a0000000, 0x00000007a5560000)
  from space 21824K, 100% used [0x00000007a6ab0000, 0x00000007a8000000, 0x00000007a8000000)
  to   space 21824K,   0% used [0x00000007a5560000, 0x00000007a5560000, 0x00000007a6ab0000)
 concurrent mark-sweep generation total 393216K, used 133098K [0x00000007a8000000, 0x00000007c0000000, 0x00000007c0000000)
 Metaspace       used 40597K, capacity 41358K, committed 41588K, reserved 1085440K
  class space    used 4653K, capacity 4862K, committed 4988K, reserved 1048576K
}
2016-10-23T22:32:21.977+0800: 1961.000: Total time for which application threads were stopped: 0.0088172 seconds, Stopping threads took: 0.0000629 seconds
{Heap before GC invocations=237 (full 5):
 par new generation   total 109248K, used 109248K [0x00000007a0000000, 0x00000007a8000000, 0x00000007a8000000)
  eden space 87424K, 100% used [0x00000007a0000000, 0x00000007a5560000, 0x00000007a5560000)
  from space 21824K, 100% used [0x00000007a6ab0000, 0x00000007a8000000, 0x00000007a8000000)
  to   space 21824K,   0% used [0x00000007a5560000, 0x00000007a5560000, 0x00000007a6ab0000)
 concurrent mark-sweep generation total 393216K, used 133098K [0x00000007a8000000, 0x00000007c0000000, 0x00000007c0000000)
 Metaspace       used 40597K, capacity 41358K, committed 41588K, reserved 1085440K
  class space    used 4653K, capacity 4862K, committed 4988K, reserved 1048576K
2016-10-23T22:32:22.123+0800: 1961.147: [GC (Allocation Failure) 2016-10-23T22:32:22.123+0800: 1961.147: [ParNew
Desired survivor size 20112992 bytes, new threshold 8 (max 8)
- age   1:    4494504 bytes,    4494504 total
- age   2:    1150032 bytes,    5644536 total
- age   3:    1130304 bytes,    6774840 total
- age   4:    5734512 bytes,   12509352 total
- age   5:    3309792 bytes,   15819144 total
- age   6:    1872648 bytes,   17691792 total
- age   7:    1456600 bytes,   19148392 total
- age   8:    1119176 bytes,   20267568 total
: 109248K->21824K(109248K), 0.0123459 secs] 242346K->157542K(502464K), 0.0124088 secs] [Times: user=0.04 sys=0.00, real=0.01 secs] 
Heap after GC invocations=238 (full 5):
 par new generation   total 109248K, used 21824K [0x00000007a0000000, 0x00000007a8000000, 0x00000007a8000000)
  eden space 87424K,   0% used [0x00000007a0000000, 0x00000007a0000000, 0x00000007a5560000)
  from space 21824K, 100% used [0x00000007a5560000, 0x00000007a6ab0000, 0x00000007a6ab0000)
  to   space 21824K,   0% used [0x00000007a6ab0000, 0x00000007a6ab0000, 0x00000007a8000000)
 concurrent mark-sweep generation total 393216K, used 135718K [0x00000007a8000000, 0x00000007c0000000, 0x00000007c0000000)
 Metaspace       used 40597K, capacity 41358K, committed 41588K, reserved 1085440K
  class space    used 4653K, capacity 4862K, committed 4988K, reserved 1048576K
}
2016-10-23T22:32:22.136+0800: 1961.159: Total time for which application threads were stopped: 0.0126414 seconds, Stopping threads took: 0.0000642 seconds
{Heap before GC invocations=238 (full 5):
 par new generation   total 109248K, used 109248K [0x00000007a0000000, 0x00000007a8000000, 0x00000007a8000000)
  eden space 87424K, 100% used [0x00000007a0000000, 0x00000007a5560000, 0x00000007a5560000)
  from space 21824K, 100% used [0x00000007a5560000, 0x00000007a6ab0000, 0x00000007a6ab0000)
  to   space 21824K,   0% used [0x00000007a6ab0000, 0x00000007a6ab0000, 0x00000007a8000000)
 concurrent mark-sweep generation total 393216K, used 135718K [0x00000007a8000000, 0x00000007c0000000, 0x00000007c0000000)
 Metaspace       used 40597K, capacity 41358K, committed 41588K, reserved 1085440K
  class space    used 4653K, capacity 4862K, committed 4988K, reserved 1048576K
2016-10-23T22:32:22.284+0800: 1961.307: [GC (Allocation Failure) 2016-10-23T22:32:22.284+0800: 1961.307: [ParNew
Desired survivor size 20112992 bytes, new threshold 7 (max 8)
- age   1:    5795656 bytes,    5795656 total
- age   2:    2671408 bytes,    8467064 total
- age   3:     696048 bytes,    9163112 total
- age   4:     975568 bytes,   10138680 total
- age   5:    5633440 bytes,   15772120 total
- age   6:    3303704 bytes,   19075824 total
- age   7:    1867064 bytes,   20942888 total
- age   8:    1441576 bytes,   22384464 total
: 109248K->21824K(109248K), 0.0150217 secs] 244966K->160996K(502464K), 0.0150713 secs] [Times: user=0.06 sys=0.00, real=0.01 secs] 
Heap after GC invocations=239 (full 5):
 par new generation   total 109248K, used 21824K [0x00000007a0000000, 0x00000007a8000000, 0x00000007a8000000)
  eden space 87424K,   0% used [0x00000007a0000000, 0x00000007a0000000, 0x00000007a5560000)
  from space 21824K, 100% used [0x00000007a6ab0000, 0x00000007a8000000, 0x00000007a8000000)
  to   space 21824K,   0% used [0x00000007a5560000, 0x00000007a5560000, 0x00000007a6ab0000)
 concurrent mark-sweep generation total 393216K, used 139172K [0x00000007a8000000, 0x00000007c0000000, 0x00000007c0000000)
 Metaspace       used 40597K, capacity 41358K, committed 41588K, reserved 1085440K
  class space    used 4653K, capacity 4862K, committed 4988K, reserved 1048576K
}
2016-10-23T22:32:22.299+0800: 1961.323: Total time for which application threads were stopped: 0.0152886 seconds, Stopping threads took: 0.0000490 seconds
{Heap before GC invocations=239 (full 5):
 par new generation   total 109248K, used 109248K [0x00000007a0000000, 0x00000007a8000000, 0x00000007a8000000)
  eden space 87424K, 100% used [0x00000007a0000000, 0x00000007a5560000, 0x00000007a5560000)
  from space 21824K, 100% used [0x00000007a6ab0000, 0x00000007a8000000, 0x00000007a8000000)
  to   space 21824K,   0% used [0x00000007a5560000, 0x00000007a5560000, 0x00000007a6ab0000)
 concurrent mark-sweep generation total 393216K, used 139172K [0x00000007a8000000, 0x00000007c0000000, 0x00000007c0000000)
 Metaspace       used 40597K, capacity 41358K, committed 41588K, reserved 1085440K
  class space    used 4653K, capacity 4862K, committed 4988K, reserved 1048576K
2016-10-23T22:32:22.442+0800: 1961.465: [GC (Allocation Failure) 2016-10-23T22:32:22.442+0800: 1961.465: [ParNew
Desired survivor size 20112992 bytes, new threshold 7 (max 8)
- age   1:    6744424 bytes,    6744424 total
- age   2:    3002448 bytes,    9746872 total
- age   3:    2132024 bytes,   11878896 total
- age   4:     617624 bytes,   12496520 total
- age   5:     893312 bytes,   13389832 total
- age   6:    5624280 bytes,   19014112 total
- age   7:    3303640 bytes,   22317752 total
: 109248K->21824K(109248K), 0.0147885 secs] 248420K->166197K(502464K), 0.0148446 secs] [Times: user=0.05 sys=0.00, real=0.01 secs] 
Heap after GC invocations=240 (full 5):
 par new generation   total 109248K, used 21824K [0x00000007a0000000, 0x00000007a8000000, 0x00000007a8000000)
  eden space 87424K,   0% used [0x00000007a0000000, 0x00000007a0000000, 0x00000007a5560000)
  from space 21824K, 100% used [0x00000007a5560000, 0x00000007a6ab0000, 0x00000007a6ab0000)
  to   space 21824K,   0% used [0x00000007a6ab0000, 0x00000007a6ab0000, 0x00000007a8000000)
 concurrent mark-sweep generation total 393216K, used 144373K [0x00000007a8000000, 0x00000007c0000000, 0x00000007c0000000)
 Metaspace       used 40597K, capacity 41358K, committed 41588K, reserved 1085440K
  class space    used 4653K, capacity 4862K, committed 4988K, reserved 1048576K
}
2016-10-23T22:32:22.457+0800: 1961.480: Total time for which application threads were stopped: 0.0150923 seconds, Stopping threads took: 0.0000707 seconds
{Heap before GC invocations=240 (full 5):
 par new generation   total 109248K, used 109248K [0x00000007a0000000, 0x00000007a8000000, 0x00000007a8000000)
  eden space 87424K, 100% used [0x00000007a0000000, 0x00000007a5560000, 0x00000007a5560000)
  from space 21824K, 100% used [0x00000007a5560000, 0x00000007a6ab0000, 0x00000007a6ab0000)
  to   space 21824K,   0% used [0x00000007a6ab0000, 0x00000007a6ab0000, 0x00000007a8000000)
 concurrent mark-sweep generation total 393216K, used 144373K [0x00000007a8000000, 0x00000007c0000000, 0x00000007c0000000)
 Metaspace       used 40597K, capacity 41358K, committed 41588K, reserved 1085440K
  class space    used 4653K, capacity 4862K, committed 4988K, reserved 1048576K
2016-10-23T22:32:22.613+0800: 1961.636: [GC (Allocation Failure) 2016-10-23T22:32:22.613+0800: 1961.636: [ParNew
Desired survivor size 20112992 bytes, new threshold 7 (max 8)
- age   1:    6930312 bytes,    6930312 total
- age   2:    3960760 bytes,   10891072 total
- age   3:    2284936 bytes,   13176008 total
- age   4:    1824736 bytes,   15000744 total
- age   5:     578392 bytes,   15579136 total
- age   6:     840568 bytes,   16419704 total
- age   7:    5591664 bytes,   22011368 total
: 109248K->21824K(109248K), 0.0141570 secs] 253621K->171647K(502464K), 0.0142146 secs] [Times: user=0.05 sys=0.00, real=0.01 secs] 
Heap after GC invocations=241 (full 5):
 par new generation   total 109248K, used 21824K [0x00000007a0000000, 0x00000007a8000000, 0x00000007a8000000)
  eden space 87424K,   0% used [0x00000007a0000000, 0x00000007a0000000, 0x00000007a5560000)
  from space 21824K, 100% used [0x00000007a6ab0000, 0x00000007a8000000, 0x00000007a8000000)
  to   space 21824K,   0% used [0x00000007a5560000, 0x00000007a5560000, 0x00000007a6ab0000)
 concurrent mark-sweep generation total 393216K, used 149823K [0x00000007a8000000, 0x00000007c0000000, 0x00000007c0000000)
 Metaspace       used 40597K, capacity 41358K, committed 41588K, reserved 1085440K
  class space    used 4653K, capacity 4862K, committed 4988K, reserved 1048576K
}
2016-10-23T22:32:22.627+0800: 1961.650: Total time for which application threads were stopped: 0.0144345 seconds, Stopping threads took: 0.0000538 seconds
2016-10-23T22:32:22.767+0800: 1961.791: Total time for which application threads were stopped: 0.0001906 seconds, Stopping threads took: 0.0000572 seconds
{Heap before GC invocations=241 (full 5):
 par new generation   total 109248K, used 109248K [0x00000007a0000000, 0x00000007a8000000, 0x00000007a8000000)
  eden space 87424K, 100% used [0x00000007a0000000, 0x00000007a5560000, 0x00000007a5560000)
  from space 21824K, 100% used [0x00000007a6ab0000, 0x00000007a8000000, 0x00000007a8000000)
  to   space 21824K,   0% used [0x00000007a5560000, 0x00000007a5560000, 0x00000007a6ab0000)
 concurrent mark-sweep generation total 393216K, used 149823K [0x00000007a8000000, 0x00000007c0000000, 0x00000007c0000000)
 Metaspace       used 40597K, capacity 41358K, committed 41588K, reserved 1085440K
  class space    used 4653K, capacity 4862K, committed 4988K, reserved 1048576K
2016-10-23T22:32:22.857+0800: 1961.880: [GC (Allocation Failure) 2016-10-23T22:32:22.857+0800: 1961.880: [ParNew
Desired survivor size 20112992 bytes, new threshold 7 (max 8)
- age   1:    8681088 bytes,    8681088 total
- age   2:    3802616 bytes,   12483704 total
- age   3:    3386184 bytes,   15869888 total
- age   4:    2060864 bytes,   17930752 total
- age   5:    1628616 bytes,   19559368 total
- age   6:     531528 bytes,   20090896 total
- age   7:     780624 bytes,   20871520 total
: 109248K->21824K(109248K), 0.0166570 secs] 259071K->177632K(502464K), 0.0167064 secs] [Times: user=0.06 sys=0.00, real=0.02 secs] 
Heap after GC invocations=242 (full 5):
 par new generation   total 109248K, used 21824K [0x00000007a0000000, 0x00000007a8000000, 0x00000007a8000000)
  eden space 87424K,   0% used [0x00000007a0000000, 0x00000007a0000000, 0x00000007a5560000)
  from space 21824K, 100% used [0x00000007a5560000, 0x00000007a6ab0000, 0x00000007a6ab0000)
  to   space 21824K,   0% used [0x00000007a6ab0000, 0x00000007a6ab0000, 0x00000007a8000000)
 concurrent mark-sweep generation total 393216K, used 155808K [0x00000007a8000000, 0x00000007c0000000, 0x00000007c0000000)
 Metaspace       used 40597K, capacity 41358K, committed 41588K, reserved 1085440K
  class space    used 4653K, capacity 4862K, committed 4988K, reserved 1048576K
}
2016-10-23T22:32:22.874+0800: 1961.897: Total time for which application threads were stopped: 0.0169654 seconds, Stopping threads took: 0.0000708 seconds
{Heap before GC invocations=242 (full 5):
 par new generation   total 109248K, used 109238K [0x00000007a0000000, 0x00000007a8000000, 0x00000007a8000000)
  eden space 87424K,  99% used [0x00000007a0000000, 0x00000007a555d830, 0x00000007a5560000)
  from space 21824K, 100% used [0x00000007a5560000, 0x00000007a6ab0000, 0x00000007a6ab0000)
  to   space 21824K,   0% used [0x00000007a6ab0000, 0x00000007a6ab0000, 0x00000007a8000000)
 concurrent mark-sweep generation total 393216K, used 155808K [0x00000007a8000000, 0x00000007c0000000, 0x00000007c0000000)
 Metaspace       used 40597K, capacity 41358K, committed 41588K, reserved 1085440K
  class space    used 4653K, capacity 4862K, committed 4988K, reserved 1048576K
2016-10-23T22:32:22.994+0800: 1962.018: [GC (Allocation Failure) 2016-10-23T22:32:22.994+0800: 1962.018: [ParNew
Desired survivor size 20112992 bytes, new threshold 8 (max 8)
- age   1:    1800896 bytes,    1800896 total
- age   2:    7622592 bytes,    9423488 total
- age   3:    3527520 bytes,   12951008 total
- age   4:    3200568 bytes,   16151576 total
- age   5:    1942568 bytes,   18094144 total
- age   6:    1508608 bytes,   19602752 total
- age   7:     507480 bytes,   20110232 total
: 109238K->21824K(109248K), 0.0135886 secs] 265046K->180272K(502464K), 0.0136401 secs] [Times: user=0.05 sys=0.00, real=0.01 secs] 
Heap after GC invocations=243 (full 5):
 par new generation   total 109248K, used 21824K [0x00000007a0000000, 0x00000007a8000000, 0x00000007a8000000)
  eden space 87424K,   0% used [0x00000007a0000000, 0x00000007a0000000, 0x00000007a5560000)
  from space 21824K, 100% used [0x00000007a6ab0000, 0x00000007a8000000, 0x00000007a8000000)
  to   space 21824K,   0% used [0x00000007a5560000, 0x00000007a5560000, 0x00000007a6ab0000)
 concurrent mark-sweep generation total 393216K, used 158448K [0x00000007a8000000, 0x00000007c0000000, 0x00000007c0000000)
 Metaspace       used 40597K, capacity 41358K, committed 41588K, reserved 1085440K
  class space    used 4653K, capacity 4862K, committed 4988K, reserved 1048576K
}
2016-10-23T22:32:23.008+0800: 1962.031: Total time for which application threads were stopped: 0.0139110 seconds, Stopping threads took: 0.0000961 seconds
{Heap before GC invocations=243 (full 5):
 par new generation   total 109248K, used 109248K [0x00000007a0000000, 0x00000007a8000000, 0x00000007a8000000)
  eden space 87424K, 100% used [0x00000007a0000000, 0x00000007a5560000, 0x00000007a5560000)
  from space 21824K, 100% used [0x00000007a6ab0000, 0x00000007a8000000, 0x00000007a8000000)
  to   space 21824K,   0% used [0x00000007a5560000, 0x00000007a5560000, 0x00000007a6ab0000)
 concurrent mark-sweep generation total 393216K, used 158448K [0x00000007a8000000, 0x00000007c0000000, 0x00000007c0000000)
 Metaspace       used 40603K, capacity 41358K, committed 41588K, reserved 1085440K
  class space    used 4653K, capacity 4862K, committed 4988K, reserved 1048576K
2016-10-23T22:32:23.133+0800: 1962.157: [GC (Allocation Failure) 2016-10-23T22:32:23.133+0800: 1962.157: [ParNew
Desired survivor size 20112992 bytes, new threshold 8 (max 8)
- age   1:    2409360 bytes,    2409360 total
- age   2:    1130688 bytes,    3540048 total
- age   3:    6650688 bytes,   10190736 total
- age   4:    3210232 bytes,   13400968 total
- age   5:    3037392 bytes,   16438360 total
- age   6:    1862008 bytes,   18300368 total
- age   7:    1430672 bytes,   19731040 total
- age   8:     484856 bytes,   20215896 total
: 109248K->21824K(109248K), 0.0098666 secs] 267696K->181105K(502464K), 0.0099220 secs] [Times: user=0.04 sys=0.00, real=0.01 secs] 
Heap after GC invocations=244 (full 5):
 par new generation   total 109248K, used 21824K [0x00000007a0000000, 0x00000007a8000000, 0x00000007a8000000)
  eden space 87424K,   0% used [0x00000007a0000000, 0x00000007a0000000, 0x00000007a5560000)
  from space 21824K, 100% used [0x00000007a5560000, 0x00000007a6ab0000, 0x00000007a6ab0000)
  to   space 21824K,   0% used [0x00000007a6ab0000, 0x00000007a6ab0000, 0x00000007a8000000)
 concurrent mark-sweep generation total 393216K, used 159281K [0x00000007a8000000, 0x00000007c0000000, 0x00000007c0000000)
 Metaspace       used 40603K, capacity 41358K, committed 41588K, reserved 1085440K
  class space    used 4653K, capacity 4862K, committed 4988K, reserved 1048576K
}
2016-10-23T22:32:23.143+0800: 1962.167: Total time for which application threads were stopped: 0.0101944 seconds, Stopping threads took: 0.0001034 seconds
{Heap before GC invocations=244 (full 5):
 par new generation   total 109248K, used 109248K [0x00000007a0000000, 0x00000007a8000000, 0x00000007a8000000)
  eden space 87424K, 100% used [0x00000007a0000000, 0x00000007a5560000, 0x00000007a5560000)
  from space 21824K, 100% used [0x00000007a5560000, 0x00000007a6ab0000, 0x00000007a6ab0000)
  to   space 21824K,   0% used [0x00000007a6ab0000, 0x00000007a6ab0000, 0x00000007a8000000)
 concurrent mark-sweep generation total 393216K, used 159281K [0x00000007a8000000, 0x00000007c0000000, 0x00000007c0000000)
 Metaspace       used 40603K, capacity 41358K, committed 41588K, reserved 1085440K
  class space    used 4653K, capacity 4862K, committed 4988K, reserved 1048576K
2016-10-23T22:32:23.340+0800: 1962.363: [GC (Allocation Failure) 2016-10-23T22:32:23.340+0800: 1962.363: [ParNew
Desired survivor size 20112992 bytes, new threshold 7 (max 8)
- age   1:    5191776 bytes,    5191776 total
- age   2:    1133184 bytes,    6324960 total
- age   3:     920376 bytes,    7245336 total
- age   4:    6408632 bytes,   13653968 total
- age   5:    3109584 bytes,   16763552 total
- age   6:    2179504 bytes,   18943056 total
- age   7:    1822160 bytes,   20765216 total
- age   8:    1391336 bytes,   22156552 total
: 109248K->21824K(109248K), 0.0173660 secs] 268529K->184251K(502464K), 0.0174310 secs] [Times: user=0.07 sys=0.00, real=0.01 secs] 
Heap after GC invocations=245 (full 5):
 par new generation   total 109248K, used 21824K [0x00000007a0000000, 0x00000007a8000000, 0x00000007a8000000)
  eden space 87424K,   0% used [0x00000007a0000000, 0x00000007a0000000, 0x00000007a5560000)
  from space 21824K, 100% used [0x00000007a6ab0000, 0x00000007a8000000, 0x00000007a8000000)
  to   space 21824K,   0% used [0x00000007a5560000, 0x00000007a5560000, 0x00000007a6ab0000)
 concurrent mark-sweep generation total 393216K, used 162427K [0x00000007a8000000, 0x00000007c0000000, 0x00000007c0000000)
 Metaspace       used 40603K, capacity 41358K, committed 41588K, reserved 1085440K
  class space    used 4653K, capacity 4862K, committed 4988K, reserved 1048576K
}
2016-10-23T22:32:23.358+0800: 1962.381: Total time for which application threads were stopped: 0.0176678 seconds, Stopping threads took: 0.0000615 seconds
{Heap before GC invocations=245 (full 5):
 par new generation   total 109248K, used 109248K [0x00000007a0000000, 0x00000007a8000000, 0x00000007a8000000)
  eden space 87424K, 100% used [0x00000007a0000000, 0x00000007a5560000, 0x00000007a5560000)
  from space 21824K, 100% used [0x00000007a6ab0000, 0x00000007a8000000, 0x00000007a8000000)
  to   space 21824K,   0% used [0x00000007a5560000, 0x00000007a5560000, 0x00000007a6ab0000)
 concurrent mark-sweep generation total 393216K, used 162427K [0x00000007a8000000, 0x00000007c0000000, 0x00000007c0000000)
 Metaspace       used 40603K, capacity 41358K, committed 41588K, reserved 1085440K
  class space    used 4653K, capacity 4862K, committed 4988K, reserved 1048576K
2016-10-23T22:32:23.569+0800: 1962.593: [GC (Allocation Failure) 2016-10-23T22:32:23.570+0800: 1962.593: [ParNew
Desired survivor size 20112992 bytes, new threshold 7 (max 8)
- age   1:    4504960 bytes,    4504960 total
- age   2:    3033760 bytes,    7538720 total
- age   3:     872328 bytes,    8411048 total
- age   4:     692720 bytes,    9103768 total
- age   5:    5913280 bytes,   15017048 total
- age   6:    3066792 bytes,   18083840 total
- age   7:    2070912 bytes,   20154752 total
: 109248K->21824K(109248K), 0.0185749 secs] 271675K->190929K(502464K), 0.0186464 secs] [Times: user=0.06 sys=0.00, real=0.02 secs] 
Heap after GC invocations=246 (full 5):
 par new generation   total 109248K, used 21824K [0x00000007a0000000, 0x00000007a8000000, 0x00000007a8000000)
  eden space 87424K,   0% used [0x00000007a0000000, 0x00000007a0000000, 0x00000007a5560000)
  from space 21824K, 100% used [0x00000007a5560000, 0x00000007a6ab0000, 0x00000007a6ab0000)
  to   space 21824K,   0% used [0x00000007a6ab0000, 0x00000007a6ab0000, 0x00000007a8000000)
 concurrent mark-sweep generation total 393216K, used 169105K [0x00000007a8000000, 0x00000007c0000000, 0x00000007c0000000)
 Metaspace       used 40603K, capacity 41358K, committed 41588K, reserved 1085440K
  class space    used 4653K, capacity 4862K, committed 4988K, reserved 1048576K
}
2016-10-23T22:32:23.588+0800: 1962.612: Total time for which application threads were stopped: 0.0189086 seconds, Stopping threads took: 0.0000701 seconds
2016-10-23T22:32:23.772+0800: 1962.795: Total time for which application threads were stopped: 0.0001614 seconds, Stopping threads took: 0.0000507 seconds
{Heap before GC invocations=246 (full 5):
 par new generation   total 109248K, used 109248K [0x00000007a0000000, 0x00000007a8000000, 0x00000007a8000000)
  eden space 87424K, 100% used [0x00000007a0000000, 0x00000007a5560000, 0x00000007a5560000)
  from space 21824K, 100% used [0x00000007a5560000, 0x00000007a6ab0000, 0x00000007a6ab0000)
  to   space 21824K,   0% used [0x00000007a6ab0000, 0x00000007a6ab0000, 0x00000007a8000000)
 concurrent mark-sweep generation total 393216K, used 169105K [0x00000007a8000000, 0x00000007c0000000, 0x00000007c0000000)
 Metaspace       used 40604K, capacity 41358K, committed 41588K, reserved 1085440K
  class space    used 4653K, capacity 4862K, committed 4988K, reserved 1048576K
2016-10-23T22:32:23.831+0800: 1962.854: [GC (Allocation Failure) 2016-10-23T22:32:23.831+0800: 1962.854: [ParNew
Desired survivor size 20112992 bytes, new threshold 7 (max 8)
- age   1:    7393416 bytes,    7393416 total
- age   2:    2375096 bytes,    9768512 total
- age   3:    1892912 bytes,   11661424 total
- age   4:     545056 bytes,   12206480 total
- age   5:     504928 bytes,   12711408 total
- age   6:    5811120 bytes,   18522528 total
- age   7:    3066840 bytes,   21589368 total
: 109248K->21824K(109248K), 0.0170663 secs] 278353K->195273K(502464K), 0.0171628 secs] [Times: user=0.06 sys=0.00, real=0.01 secs] 
Heap after GC invocations=247 (full 5):
 par new generation   total 109248K, used 21824K [0x00000007a0000000, 0x00000007a8000000, 0x00000007a8000000)
  eden space 87424K,   0% used [0x00000007a0000000, 0x00000007a0000000, 0x00000007a5560000)
  from space 21824K, 100% used [0x00000007a6ab0000, 0x00000007a8000000, 0x00000007a8000000)
  to   space 21824K,   0% used [0x00000007a5560000, 0x00000007a5560000, 0x00000007a6ab0000)
 concurrent mark-sweep generation total 393216K, used 173449K [0x00000007a8000000, 0x00000007c0000000, 0x00000007c0000000)
 Metaspace       used 40604K, capacity 41358K, committed 41588K, reserved 1085440K
  class space    used 4653K, capacity 4862K, committed 4988K, reserved 1048576K
}
2016-10-23T22:32:23.848+0800: 1962.872: Total time for which application threads were stopped: 0.0174499 seconds, Stopping threads took: 0.0000710 seconds
{Heap before GC invocations=247 (full 5):
 par new generation   total 109248K, used 109248K [0x00000007a0000000, 0x00000007a8000000, 0x00000007a8000000)
  eden space 87424K, 100% used [0x00000007a0000000, 0x00000007a5560000, 0x00000007a5560000)
  from space 21824K, 100% used [0x00000007a6ab0000, 0x00000007a8000000, 0x00000007a8000000)
  to   space 21824K,   0% used [0x00000007a5560000, 0x00000007a5560000, 0x00000007a6ab0000)
 concurrent mark-sweep generation total 393216K, used 173449K [0x00000007a8000000, 0x00000007c0000000, 0x00000007c0000000)
 Metaspace       used 40604K, capacity 41358K, committed 41588K, reserved 1085440K
  class space    used 4653K, capacity 4862K, committed 4988K, reserved 1048576K
2016-10-23T22:32:23.970+0800: 1962.994: [GC (Allocation Failure) 2016-10-23T22:32:23.970+0800: 1962.994: [ParNew
Desired survivor size 20112992 bytes, new threshold 8 (max 8)
- age   1:    1531608 bytes,    1531608 total
- age   2:    6913680 bytes,    8445288 total
- age   3:    2071960 bytes,   10517248 total
- age   4:    1668160 bytes,   12185408 total
- age   5:     429376 bytes,   12614784 total
- age   6:     482104 bytes,   13096888 total
- age   7:    5790176 bytes,   18887064 total
: 109248K->21824K(109248K), 0.0177198 secs] 282697K->198697K(502464K), 0.0177791 secs] [Times: user=0.06 sys=0.00, real=0.01 secs] 
Heap after GC invocations=248 (full 5):
 par new generation   total 109248K, used 21824K [0x00000007a0000000, 0x00000007a8000000, 0x00000007a8000000)
  eden space 87424K,   0% used [0x00000007a0000000, 0x00000007a0000000, 0x00000007a5560000)
  from space 21824K, 100% used [0x00000007a5560000, 0x00000007a6ab0000, 0x00000007a6ab0000)
  to   space 21824K,   0% used [0x00000007a6ab0000, 0x00000007a6ab0000, 0x00000007a8000000)
 concurrent mark-sweep generation total 393216K, used 176873K [0x00000007a8000000, 0x00000007c0000000, 0x00000007c0000000)
 Metaspace       used 40604K, capacity 41358K, committed 41588K, reserved 1085440K
  class space    used 4653K, capacity 4862K, committed 4988K, reserved 1048576K
}
2016-10-23T22:32:23.988+0800: 1963.012: Total time for which application threads were stopped: 0.0184698 seconds, Stopping threads took: 0.0004921 seconds
{Heap before GC invocations=248 (full 5):
 par new generation   total 109248K, used 109248K [0x00000007a0000000, 0x00000007a8000000, 0x00000007a8000000)
  eden space 87424K, 100% used [0x00000007a0000000, 0x00000007a5560000, 0x00000007a5560000)
  from space 21824K, 100% used [0x00000007a5560000, 0x00000007a6ab0000, 0x00000007a6ab0000)
  to   space 21824K,   0% used [0x00000007a6ab0000, 0x00000007a6ab0000, 0x00000007a8000000)
 concurrent mark-sweep generation total 393216K, used 176873K [0x00000007a8000000, 0x00000007c0000000, 0x00000007c0000000)
 Metaspace       used 40604K, capacity 41358K, committed 41588K, reserved 1085440K
  class space    used 4653K, capacity 4862K, committed 4988K, reserved 1048576K
2016-10-23T22:32:24.195+0800: 1963.219: [GC (Allocation Failure) 2016-10-23T22:32:24.195+0800: 1963.219: [ParNew
Desired survivor size 20112992 bytes, new threshold 8 (max 8)
- age   1:    4316752 bytes,    4316752 total
- age   2:     735760 bytes,    5052512 total
- age   3:    5781176 bytes,   10833688 total
- age   4:    1574600 bytes,   12408288 total
- age   5:    1240632 bytes,   13648920 total
- age   6:     298504 bytes,   13947424 total
- age   7:     345576 bytes,   14293000 total
- age   8:    5673856 bytes,   19966856 total
: 109248K->21824K(109248K), 0.0128725 secs] 286121K->199907K(502464K), 0.0129481 secs] [Times: user=0.05 sys=0.00, real=0.01 secs] 
Heap after GC invocations=249 (full 5):
 par new generation   total 109248K, used 21824K [0x00000007a0000000, 0x00000007a8000000, 0x00000007a8000000)
  eden space 87424K,   0% used [0x00000007a0000000, 0x00000007a0000000, 0x00000007a5560000)
  from space 21824K, 100% used [0x00000007a6ab0000, 0x00000007a8000000, 0x00000007a8000000)
  to   space 21824K,   0% used [0x00000007a5560000, 0x00000007a5560000, 0x00000007a6ab0000)
 concurrent mark-sweep generation total 393216K, used 178083K [0x00000007a8000000, 0x00000007c0000000, 0x00000007c0000000)
 Metaspace       used 40604K, capacity 41358K, committed 41588K, reserved 1085440K
  class space    used 4653K, capacity 4862K, committed 4988K, reserved 1048576K
}
2016-10-23T22:32:24.208+0800: 1963.232: Total time for which application threads were stopped: 0.0132485 seconds, Stopping threads took: 0.0001122 seconds
{Heap before GC invocations=249 (full 5):
 par new generation   total 109248K, used 109248K [0x00000007a0000000, 0x00000007a8000000, 0x00000007a8000000)
  eden space 87424K, 100% used [0x00000007a0000000, 0x00000007a5560000, 0x00000007a5560000)
  from space 21824K, 100% used [0x00000007a6ab0000, 0x00000007a8000000, 0x00000007a8000000)
  to   space 21824K,   0% used [0x00000007a5560000, 0x00000007a5560000, 0x00000007a6ab0000)
 concurrent mark-sweep generation total 393216K, used 178083K [0x00000007a8000000, 0x00000007c0000000, 0x00000007c0000000)
 Metaspace       used 40604K, capacity 41358K, committed 41588K, reserved 1085440K
  class space    used 4653K, capacity 4862K, committed 4988K, reserved 1048576K
2016-10-23T22:32:24.437+0800: 1963.461: [GC (Allocation Failure) 2016-10-23T22:32:24.437+0800: 1963.461: [ParNew
Desired survivor size 20112992 bytes, new threshold 8 (max 8)
- age   1:    6044528 bytes,    6044528 total
- age   2:    2767040 bytes,    8811568 total
- age   3:     685064 bytes,    9496632 total
- age   4:    5618568 bytes,   15115200 total
- age   5:    1573856 bytes,   16689056 total
- age   6:    1240632 bytes,   17929688 total
- age   7:     298504 bytes,   18228192 total
- age   8:     345576 bytes,   18573768 total
: 109248K->21824K(109248K), 0.0150728 secs] 287331K->206418K(502464K), 0.0151227 secs] [Times: user=0.06 sys=0.00, real=0.02 secs] 
Heap after GC invocations=250 (full 5):
 par new generation   total 109248K, used 21824K [0x00000007a0000000, 0x00000007a8000000, 0x00000007a8000000)
  eden space 87424K,   0% used [0x00000007a0000000, 0x00000007a0000000, 0x00000007a5560000)
  from space 21824K, 100% used [0x00000007a5560000, 0x00000007a6ab0000, 0x00000007a6ab0000)
  to   space 21824K,   0% used [0x00000007a6ab0000, 0x00000007a6ab0000, 0x00000007a8000000)
 concurrent mark-sweep generation total 393216K, used 184594K [0x00000007a8000000, 0x00000007c0000000, 0x00000007c0000000)
 Metaspace       used 40604K, capacity 41358K, committed 41588K, reserved 1085440K
  class space    used 4653K, capacity 4862K, committed 4988K, reserved 1048576K
}
2016-10-23T22:32:24.453+0800: 1963.476: Total time for which application threads were stopped: 0.0153593 seconds, Stopping threads took: 0.0000633 seconds
{Heap before GC invocations=250 (full 5):
 par new generation   total 109248K, used 109248K [0x00000007a0000000, 0x00000007a8000000, 0x00000007a8000000)
  eden space 87424K, 100% used [0x00000007a0000000, 0x00000007a5560000, 0x00000007a5560000)
  from space 21824K, 100% used [0x00000007a5560000, 0x00000007a6ab0000, 0x00000007a6ab0000)
  to   space 21824K,   0% used [0x00000007a6ab0000, 0x00000007a6ab0000, 0x00000007a8000000)
 concurrent mark-sweep generation total 393216K, used 184594K [0x00000007a8000000, 0x00000007c0000000, 0x00000007c0000000)
 Metaspace       used 40604K, capacity 41358K, committed 41588K, reserved 1085440K
  class space    used 4653K, capacity 4862K, committed 4988K, reserved 1048576K
2016-10-23T22:32:24.684+0800: 1963.707: [GC (Allocation Failure) 2016-10-23T22:32:24.684+0800: 1963.707: [ParNew
Desired survivor size 20112992 bytes, new threshold 6 (max 8)
- age   1:    5699776 bytes,    5699776 total
- age   2:    4321984 bytes,   10021760 total
- age   3:    2616320 bytes,   12638080 total
- age   4:     682480 bytes,   13320560 total
- age   5:    5522056 bytes,   18842616 total
- age   6:    1573856 bytes,   20416472 total
- age   7:    1240632 bytes,   21657104 total
- age   8:     298504 bytes,   21955608 total
: 109248K->21824K(109248K), 0.0141409 secs] 293842K->207940K(502464K), 0.0142017 secs] [Times: user=0.05 sys=0.00, real=0.01 secs] 
Heap after GC invocations=251 (full 5):
 par new generation   total 109248K, used 21824K [0x00000007a0000000, 0x00000007a8000000, 0x00000007a8000000)
  eden space 87424K,   0% used [0x00000007a0000000, 0x00000007a0000000, 0x00000007a5560000)
  from space 21824K, 100% used [0x00000007a6ab0000, 0x00000007a8000000, 0x00000007a8000000)
  to   space 21824K,   0% used [0x00000007a5560000, 0x00000007a5560000, 0x00000007a6ab0000)
 concurrent mark-sweep generation total 393216K, used 186116K [0x00000007a8000000, 0x00000007c0000000, 0x00000007c0000000)
 Metaspace       used 40604K, capacity 41358K, committed 41588K, reserved 1085440K
  class space    used 4653K, capacity 4862K, committed 4988K, reserved 1048576K
}
2016-10-23T22:32:24.698+0800: 1963.721: Total time for which application threads were stopped: 0.0144290 seconds, Stopping threads took: 0.0000586 seconds
2016-10-23T22:32:24.777+0800: 1963.800: Total time for which application threads were stopped: 0.0002704 seconds, Stopping threads took: 0.0000999 seconds
{Heap before GC invocations=251 (full 5):
 par new generation   total 109248K, used 109248K [0x00000007a0000000, 0x00000007a8000000, 0x00000007a8000000)
  eden space 87424K, 100% used [0x00000007a0000000, 0x00000007a5560000, 0x00000007a5560000)
  from space 21824K, 100% used [0x00000007a6ab0000, 0x00000007a8000000, 0x00000007a8000000)
  to   space 21824K,   0% used [0x00000007a5560000, 0x00000007a5560000, 0x00000007a6ab0000)
 concurrent mark-sweep generation total 393216K, used 186116K [0x00000007a8000000, 0x00000007c0000000, 0x00000007c0000000)
 Metaspace       used 40615K, capacity 41358K, committed 41588K, reserved 1085440K
  class space    used 4653K, capacity 4862K, committed 4988K, reserved 1048576K
2016-10-23T22:32:24.876+0800: 1963.900: [GC (Allocation Failure) 2016-10-23T22:32:24.876+0800: 1963.900: [ParNew
Desired survivor size 20112992 bytes, new threshold 6 (max 8)
- age   1:    6574904 bytes,    6574904 total
- age   2:    4079536 bytes,   10654440 total
- age   3:    3163152 bytes,   13817592 total
- age   4:    2142136 bytes,   15959728 total
- age   5:     561408 bytes,   16521136 total
- age   6:    5215552 bytes,   21736688 total
: 109248K->21824K(109248K), 0.0134443 secs] 295364K->211330K(502464K), 0.0134912 secs] [Times: user=0.05 sys=0.00, real=0.02 secs] 
Heap after GC invocations=252 (full 5):
 par new generation   total 109248K, used 21824K [0x00000007a0000000, 0x00000007a8000000, 0x00000007a8000000)
  eden space 87424K,   0% used [0x00000007a0000000, 0x00000007a0000000, 0x00000007a5560000)
  from space 21824K, 100% used [0x00000007a5560000, 0x00000007a6ab0000, 0x00000007a6ab0000)
  to   space 21824K,   0% used [0x00000007a6ab0000, 0x00000007a6ab0000, 0x00000007a8000000)
 concurrent mark-sweep generation total 393216K, used 189506K [0x00000007a8000000, 0x00000007c0000000, 0x00000007c0000000)
 Metaspace       used 40615K, capacity 41358K, committed 41588K, reserved 1085440K
  class space    used 4653K, capacity 4862K, committed 4988K, reserved 1048576K
}
2016-10-23T22:32:24.890+0800: 1963.913: Total time for which application threads were stopped: 0.0137567 seconds, Stopping threads took: 0.0000973 seconds
2016-10-23T22:32:24.971+0800: 1963.994: Total time for which application threads were stopped: 0.0002012 seconds, Stopping threads took: 0.0000927 seconds
{Heap before GC invocations=252 (full 5):
 par new generation   total 109248K, used 109248K [0x00000007a0000000, 0x00000007a8000000, 0x00000007a8000000)
  eden space 87424K, 100% used [0x00000007a0000000, 0x00000007a5560000, 0x00000007a5560000)
  from space 21824K, 100% used [0x00000007a5560000, 0x00000007a6ab0000, 0x00000007a6ab0000)
  to   space 21824K,   0% used [0x00000007a6ab0000, 0x00000007a6ab0000, 0x00000007a8000000)
 concurrent mark-sweep generation total 393216K, used 189506K [0x00000007a8000000, 0x00000007c0000000, 0x00000007c0000000)
 Metaspace       used 40617K, capacity 41358K, committed 41588K, reserved 1085440K
  class space    used 4653K, capacity 4862K, committed 4988K, reserved 1048576K
2016-10-23T22:32:25.010+0800: 1964.033: [GC (Allocation Failure) 2016-10-23T22:32:25.010+0800: 1964.033: [ParNew
Desired survivor size 20112992 bytes, new threshold 8 (max 8)
- age   1:    2627688 bytes,    2627688 total
- age   2:    5030280 bytes,    7657968 total
- age   3:    2814128 bytes,   10472096 total
- age   4:    2044320 bytes,   12516416 total
- age   5:    1596888 bytes,   14113304 total
- age   6:     444752 bytes,   14558056 total
: 109248K->21824K(109248K), 0.0129251 secs] 298754K->216387K(502464K), 0.0131633 secs] [Times: user=0.05 sys=0.00, real=0.01 secs] 
Heap after GC invocations=253 (full 5):
 par new generation   total 109248K, used 21824K [0x00000007a0000000, 0x00000007a8000000, 0x00000007a8000000)
  eden space 87424K,   0% used [0x00000007a0000000, 0x00000007a0000000, 0x00000007a5560000)
  from space 21824K, 100% used [0x00000007a6ab0000, 0x00000007a8000000, 0x00000007a8000000)
  to   space 21824K,   0% used [0x00000007a5560000, 0x00000007a5560000, 0x00000007a6ab0000)
 concurrent mark-sweep generation total 393216K, used 194563K [0x00000007a8000000, 0x00000007c0000000, 0x00000007c0000000)
 Metaspace       used 40617K, capacity 41358K, committed 41588K, reserved 1085440K
  class space    used 4653K, capacity 4862K, committed 4988K, reserved 1048576K
}
2016-10-23T22:32:25.023+0800: 1964.046: Total time for which application threads were stopped: 0.0134131 seconds, Stopping threads took: 0.0000869 seconds
{Heap before GC invocations=253 (full 5):
 par new generation   total 109248K, used 109244K [0x00000007a0000000, 0x00000007a8000000, 0x00000007a8000000)
  eden space 87424K,  99% used [0x00000007a0000000, 0x00000007a555f358, 0x00000007a5560000)
  from space 21824K, 100% used [0x00000007a6ab0000, 0x00000007a8000000, 0x00000007a8000000)
  to   space 21824K,   0% used [0x00000007a5560000, 0x00000007a5560000, 0x00000007a6ab0000)
 concurrent mark-sweep generation total 393216K, used 194563K [0x00000007a8000000, 0x00000007c0000000, 0x00000007c0000000)
 Metaspace       used 40617K, capacity 41358K, committed 41588K, reserved 1085440K
  class space    used 4653K, capacity 4862K, committed 4988K, reserved 1048576K
2016-10-23T22:32:25.103+0800: 1964.127: [GC (Allocation Failure) 2016-10-23T22:32:25.103+0800: 1964.127: [ParNew
Desired survivor size 20112992 bytes, new threshold 8 (max 8)
- age   1:    2741496 bytes,    2741496 total
- age   2:    1805888 bytes,    4547384 total
- age   3:    5005264 bytes,    9552648 total
- age   4:    2814128 bytes,   12366776 total
- age   5:    2044320 bytes,   14411096 total
- age   6:    1596888 bytes,   16007984 total
- age   7:     444752 bytes,   16452736 total
: 109244K->21824K(109248K), 0.0067772 secs] 303808K->216387K(502464K), 0.0068398 secs] [Times: user=0.02 sys=0.00, real=0.01 secs] 
Heap after GC invocations=254 (full 5):
 par new generation   total 109248K, used 21824K [0x00000007a0000000, 0x00000007a8000000, 0x00000007a8000000)
  eden space 87424K,   0% used [0x00000007a0000000, 0x00000007a0000000, 0x00000007a5560000)
  from space 21824K, 100% used [0x00000007a5560000, 0x00000007a6ab0000, 0x00000007a6ab0000)
  to   space 21824K,   0% used [0x00000007a6ab0000, 0x00000007a6ab0000, 0x00000007a8000000)
 concurrent mark-sweep generation total 393216K, used 194563K [0x00000007a8000000, 0x00000007c0000000, 0x00000007c0000000)
 Metaspace       used 40617K, capacity 41358K, committed 41588K, reserved 1085440K
  class space    used 4653K, capacity 4862K, committed 4988K, reserved 1048576K
}
2016-10-23T22:32:25.110+0800: 1964.133: Total time for which application threads were stopped: 0.0071014 seconds, Stopping threads took: 0.0000688 seconds
{Heap before GC invocations=254 (full 5):
 par new generation   total 109248K, used 109248K [0x00000007a0000000, 0x00000007a8000000, 0x00000007a8000000)
  eden space 87424K, 100% used [0x00000007a0000000, 0x00000007a5560000, 0x00000007a5560000)
  from space 21824K, 100% used [0x00000007a5560000, 0x00000007a6ab0000, 0x00000007a6ab0000)
  to   space 21824K,   0% used [0x00000007a6ab0000, 0x00000007a6ab0000, 0x00000007a8000000)
 concurrent mark-sweep generation total 393216K, used 194563K [0x00000007a8000000, 0x00000007c0000000, 0x00000007c0000000)
 Metaspace       used 40617K, capacity 41358K, committed 41588K, reserved 1085440K
  class space    used 4653K, capacity 4862K, committed 4988K, reserved 1048576K
2016-10-23T22:32:25.173+0800: 1964.197: [GC (Allocation Failure) 2016-10-23T22:32:25.173+0800: 1964.197: [ParNew
Desired survivor size 20112992 bytes, new threshold 8 (max 8)
- age   1:    2197488 bytes,    2197488 total
- age   2:    1994512 bytes,    4192000 total
- age   3:    1791936 bytes,    5983936 total
- age   4:    5010120 bytes,   10994056 total
- age   5:    2814128 bytes,   13808184 total
- age   6:    2044344 bytes,   15852528 total
- age   7:    1596888 bytes,   17449416 total
- age   8:     444752 bytes,   17894168 total
: 109248K->21824K(109248K), 0.0098650 secs] 303811K->216387K(502464K), 0.0099294 secs] [Times: user=0.03 sys=0.00, real=0.01 secs] 
Heap after GC invocations=255 (full 5):
 par new generation   total 109248K, used 21824K [0x00000007a0000000, 0x00000007a8000000, 0x00000007a8000000)
  eden space 87424K,   0% used [0x00000007a0000000, 0x00000007a0000000, 0x00000007a5560000)
  from space 21824K, 100% used [0x00000007a6ab0000, 0x00000007a8000000, 0x00000007a8000000)
  to   space 21824K,   0% used [0x00000007a5560000, 0x00000007a5560000, 0x00000007a6ab0000)
 concurrent mark-sweep generation total 393216K, used 194563K [0x00000007a8000000, 0x00000007c0000000, 0x00000007c0000000)
 Metaspace       used 40617K, capacity 41358K, committed 41588K, reserved 1085440K
  class space    used 4653K, capacity 4862K, committed 4988K, reserved 1048576K
}
2016-10-23T22:32:25.183+0800: 1964.207: Total time for which application threads were stopped: 0.0101775 seconds, Stopping threads took: 0.0000452 seconds
{Heap before GC invocations=255 (full 5):
 par new generation   total 109248K, used 109248K [0x00000007a0000000, 0x00000007a8000000, 0x00000007a8000000)
  eden space 87424K, 100% used [0x00000007a0000000, 0x00000007a5560000, 0x00000007a5560000)
  from space 21824K, 100% used [0x00000007a6ab0000, 0x00000007a8000000, 0x00000007a8000000)
  to   space 21824K,   0% used [0x00000007a5560000, 0x00000007a5560000, 0x00000007a6ab0000)
 concurrent mark-sweep generation total 393216K, used 194563K [0x00000007a8000000, 0x00000007c0000000, 0x00000007c0000000)
 Metaspace       used 40617K, capacity 41358K, committed 41588K, reserved 1085440K
  class space    used 4653K, capacity 4862K, committed 4988K, reserved 1048576K
2016-10-23T22:32:25.307+0800: 1964.330: [GC (Allocation Failure) 2016-10-23T22:32:25.307+0800: 1964.330: [ParNew
Desired survivor size 20112992 bytes, new threshold 8 (max 8)
- age   1:    4742648 bytes,    4742648 total
- age   2:    1204776 bytes,    5947424 total
- age   3:    1466840 bytes,    7414264 total
- age   4:    1707856 bytes,    9122120 total
- age   5:    4980760 bytes,   14102880 total
- age   6:    2814128 bytes,   16917008 total
- age   7:    2044320 bytes,   18961328 total
- age   8:    1596888 bytes,   20558216 total
: 109248K->21824K(109248K), 0.0137710 secs] 303811K->217037K(502464K), 0.0138454 secs] [Times: user=0.05 sys=0.00, real=0.02 secs] 
Heap after GC invocations=256 (full 5):
 par new generation   total 109248K, used 21824K [0x00000007a0000000, 0x00000007a8000000, 0x00000007a8000000)
  eden space 87424K,   0% used [0x00000007a0000000, 0x00000007a0000000, 0x00000007a5560000)
  from space 21824K, 100% used [0x00000007a5560000, 0x00000007a6ab0000, 0x00000007a6ab0000)
  to   space 21824K,   0% used [0x00000007a6ab0000, 0x00000007a6ab0000, 0x00000007a8000000)
 concurrent mark-sweep generation total 393216K, used 195213K [0x00000007a8000000, 0x00000007c0000000, 0x00000007c0000000)
 Metaspace       used 40617K, capacity 41358K, committed 41588K, reserved 1085440K
  class space    used 4653K, capacity 4862K, committed 4988K, reserved 1048576K
}
2016-10-23T22:32:25.321+0800: 1964.344: Total time for which application threads were stopped: 0.0140938 seconds, Stopping threads took: 0.0000681 seconds
{Heap before GC invocations=256 (full 5):
 par new generation   total 109248K, used 109248K [0x00000007a0000000, 0x00000007a8000000, 0x00000007a8000000)
  eden space 87424K, 100% used [0x00000007a0000000, 0x00000007a5560000, 0x00000007a5560000)
  from space 21824K, 100% used [0x00000007a5560000, 0x00000007a6ab0000, 0x00000007a6ab0000)
  to   space 21824K,   0% used [0x00000007a6ab0000, 0x00000007a6ab0000, 0x00000007a8000000)
 concurrent mark-sweep generation total 393216K, used 195213K [0x00000007a8000000, 0x00000007c0000000, 0x00000007c0000000)
 Metaspace       used 40617K, capacity 41358K, committed 41588K, reserved 1085440K
  class space    used 4653K, capacity 4862K, committed 4988K, reserved 1048576K
2016-10-23T22:32:25.421+0800: 1964.445: [GC (Allocation Failure) 2016-10-23T22:32:25.421+0800: 1964.445: [ParNew
Desired survivor size 20112992 bytes, new threshold 8 (max 8)
- age   1:    2954728 bytes,    2954728 total
- age   2:    2637752 bytes,    5592480 total
- age   3:     962712 bytes,    6555192 total
- age   4:    1111200 bytes,    7666392 total
- age   5:    1398136 bytes,    9064528 total
- age   6:    4267840 bytes,   13332368 total
- age   7:    2814128 bytes,   16146496 total
- age   8:    2044320 bytes,   18190816 total
: 109248K->21824K(109248K), 0.0107781 secs] 304461K->221680K(502464K), 0.0108239 secs] [Times: user=0.04 sys=0.00, real=0.01 secs] 
Heap after GC invocations=257 (full 5):
 par new generation   total 109248K, used 21824K [0x00000007a0000000, 0x00000007a8000000, 0x00000007a8000000)
  eden space 87424K,   0% used [0x00000007a0000000, 0x00000007a0000000, 0x00000007a5560000)
  from space 21824K, 100% used [0x00000007a6ab0000, 0x00000007a8000000, 0x00000007a8000000)
  to   space 21824K,   0% used [0x00000007a5560000, 0x00000007a5560000, 0x00000007a6ab0000)
 concurrent mark-sweep generation total 393216K, used 199856K [0x00000007a8000000, 0x00000007c0000000, 0x00000007c0000000)
 Metaspace       used 40617K, capacity 41358K, committed 41588K, reserved 1085440K
  class space    used 4653K, capacity 4862K, committed 4988K, reserved 1048576K
}
2016-10-23T22:32:25.432+0800: 1964.455: Total time for which application threads were stopped: 0.0110643 seconds, Stopping threads took: 0.0000539 seconds
2016-10-23T22:32:25.432+0800: 1964.456: [GC (CMS Initial Mark) [1 CMS-initial-mark: 199856K(393216K)] 222972K(502464K), 0.0032133 secs] [Times: user=0.01 sys=0.00, real=0.00 secs] 
2016-10-23T22:32:25.435+0800: 1964.459: Total time for which application threads were stopped: 0.0034125 seconds, Stopping threads took: 0.0000656 seconds
2016-10-23T22:32:25.436+0800: 1964.459: [CMS-concurrent-mark-start]
2016-10-23T22:32:25.447+0800: 1964.471: [CMS-concurrent-mark: 0.012/0.012 secs] [Times: user=0.07 sys=0.00, real=0.01 secs] 
2016-10-23T22:32:25.447+0800: 1964.471: [CMS-concurrent-preclean-start]
2016-10-23T22:32:25.450+0800: 1964.473: [CMS-concurrent-preclean: 0.002/0.002 secs] [Times: user=0.00 sys=0.00, real=0.01 secs] 
2016-10-23T22:32:25.450+0800: 1964.473: [CMS-concurrent-abortable-preclean-start]
{Heap before GC invocations=257 (full 6):
 par new generation   total 109248K, used 109248K [0x00000007a0000000, 0x00000007a8000000, 0x00000007a8000000)
  eden space 87424K, 100% used [0x00000007a0000000, 0x00000007a5560000, 0x00000007a5560000)
  from space 21824K, 100% used [0x00000007a6ab0000, 0x00000007a8000000, 0x00000007a8000000)
  to   space 21824K,   0% used [0x00000007a5560000, 0x00000007a5560000, 0x00000007a6ab0000)
 concurrent mark-sweep generation total 393216K, used 199856K [0x00000007a8000000, 0x00000007c0000000, 0x00000007c0000000)
 Metaspace       used 40617K, capacity 41358K, committed 41588K, reserved 1085440K
  class space    used 4653K, capacity 4862K, committed 4988K, reserved 1048576K
2016-10-23T22:32:25.546+0800: 1964.570: [GC (Allocation Failure) 2016-10-23T22:32:25.546+0800: 1964.570: [ParNew
Desired survivor size 20112992 bytes, new threshold 8 (max 8)
- age   1:    3912032 bytes,    3912032 total
- age   2:    1795456 bytes,    5707488 total
- age   3:    2539928 bytes,    8247416 total
- age   4:     961408 bytes,    9208824 total
- age   5:    1067808 bytes,   10276632 total
- age   6:    1357840 bytes,   11634472 total
- age   7:    4266304 bytes,   15900776 total
- age   8:    2813984 bytes,   18714760 total
: 109248K->21824K(109248K), 0.0099973 secs] 309104K->223974K(502464K), 0.0100554 secs] [Times: user=0.04 sys=0.00, real=0.01 secs] 
Heap after GC invocations=258 (full 6):
 par new generation   total 109248K, used 21824K [0x00000007a0000000, 0x00000007a8000000, 0x00000007a8000000)
  eden space 87424K,   0% used [0x00000007a0000000, 0x00000007a0000000, 0x00000007a5560000)
  from space 21824K, 100% used [0x00000007a5560000, 0x00000007a6ab0000, 0x00000007a6ab0000)
  to   space 21824K,   0% used [0x00000007a6ab0000, 0x00000007a6ab0000, 0x00000007a8000000)
 concurrent mark-sweep generation total 393216K, used 202150K [0x00000007a8000000, 0x00000007c0000000, 0x00000007c0000000)
 Metaspace       used 40617K, capacity 41358K, committed 41588K, reserved 1085440K
  class space    used 4653K, capacity 4862K, committed 4988K, reserved 1048576K
}
2016-10-23T22:32:25.557+0800: 1964.580: Total time for which application threads were stopped: 0.0103453 seconds, Stopping threads took: 0.0001090 seconds
{Heap before GC invocations=258 (full 6):
 par new generation   total 109248K, used 109248K [0x00000007a0000000, 0x00000007a8000000, 0x00000007a8000000)
  eden space 87424K, 100% used [0x00000007a0000000, 0x00000007a5560000, 0x00000007a5560000)
  from space 21824K, 100% used [0x00000007a5560000, 0x00000007a6ab0000, 0x00000007a6ab0000)
  to   space 21824K,   0% used [0x00000007a6ab0000, 0x00000007a6ab0000, 0x00000007a8000000)
 concurrent mark-sweep generation total 393216K, used 202150K [0x00000007a8000000, 0x00000007c0000000, 0x00000007c0000000)
 Metaspace       used 40617K, capacity 41358K, committed 41588K, reserved 1085440K
  class space    used 4653K, capacity 4862K, committed 4988K, reserved 1048576K
2016-10-23T22:32:25.638+0800: 1964.661: [GC (Allocation Failure) 2016-10-23T22:32:25.638+0800: 1964.661: [ParNew
Desired survivor size 20112992 bytes, new threshold 8 (max 8)
- age   1:    3446632 bytes,    3446632 total
- age   2:    2231008 bytes,    5677640 total
- age   3:    1749752 bytes,    7427392 total
- age   4:    2496040 bytes,    9923432 total
- age   5:     938024 bytes,   10861456 total
- age   6:    1043336 bytes,   11904792 total
- age   7:    1325632 bytes,   13230424 total
- age   8:    4263088 bytes,   17493512 total
: 109248K->21824K(109248K), 0.0115679 secs] 311398K->226973K(502464K), 0.0116536 secs] [Times: user=0.04 sys=0.00, real=0.02 secs] 
Heap after GC invocations=259 (full 6):
 par new generation   total 109248K, used 21824K [0x00000007a0000000, 0x00000007a8000000, 0x00000007a8000000)
  eden space 87424K,   0% used [0x00000007a0000000, 0x00000007a0000000, 0x00000007a5560000)
  from space 21824K, 100% used [0x00000007a6ab0000, 0x00000007a8000000, 0x00000007a8000000)
  to   space 21824K,   0% used [0x00000007a5560000, 0x00000007a5560000, 0x00000007a6ab0000)
 concurrent mark-sweep generation total 393216K, used 205149K [0x00000007a8000000, 0x00000007c0000000, 0x00000007c0000000)
 Metaspace       used 40617K, capacity 41358K, committed 41588K, reserved 1085440K
  class space    used 4653K, capacity 4862K, committed 4988K, reserved 1048576K
}
2016-10-23T22:32:25.650+0800: 1964.673: Total time for which application threads were stopped: 0.0119329 seconds, Stopping threads took: 0.0000557 seconds
2016-10-23T22:32:25.655+0800: 1964.678: [CMS-concurrent-abortable-preclean: 0.182/0.205 secs] [Times: user=0.71 sys=0.03, real=0.20 secs] 
2016-10-23T22:32:25.655+0800: 1964.678: [GC (CMS Final Remark) [YG occupancy: 29515 K (109248 K)]{Heap before GC invocations=259 (full 6):
 par new generation   total 109248K, used 29515K [0x00000007a0000000, 0x00000007a8000000, 0x00000007a8000000)
  eden space 87424K,   8% used [0x00000007a0000000, 0x00000007a0782c00, 0x00000007a5560000)
  from space 21824K, 100% used [0x00000007a6ab0000, 0x00000007a8000000, 0x00000007a8000000)
  to   space 21824K,   0% used [0x00000007a5560000, 0x00000007a5560000, 0x00000007a6ab0000)
 concurrent mark-sweep generation total 393216K, used 205149K [0x00000007a8000000, 0x00000007c0000000, 0x00000007c0000000)
 Metaspace       used 40617K, capacity 41358K, committed 41588K, reserved 1085440K
  class space    used 4653K, capacity 4862K, committed 4988K, reserved 1048576K
2016-10-23T22:32:25.655+0800: 1964.678: [GC (CMS Final Remark) 2016-10-23T22:32:25.655+0800: 1964.678: [ParNew
Desired survivor size 20112992 bytes, new threshold 8 (max 8)
- age   1:     684056 bytes,     684056 total
- age   2:    3001328 bytes,    3685384 total
- age   3:    2160768 bytes,    5846152 total
- age   4:    1746600 bytes,    7592752 total
- age   5:    2494840 bytes,   10087592 total
- age   6:     937928 bytes,   11025520 total
- age   7:    1042808 bytes,   12068328 total
- age   8:    1324840 bytes,   13393168 total
: 29515K->17357K(109248K), 0.0121005 secs] 234664K->226700K(502464K), 0.0121628 secs] [Times: user=0.04 sys=0.00, real=0.01 secs] 
Heap after GC invocations=260 (full 6):
 par new generation   total 109248K, used 17357K [0x00000007a0000000, 0x00000007a8000000, 0x00000007a8000000)
  eden space 87424K,   0% used [0x00000007a0000000, 0x00000007a0000000, 0x00000007a5560000)
  from space 21824K,  79% used [0x00000007a5560000, 0x00000007a66537c0, 0x00000007a6ab0000)
  to   space 21824K,   0% used [0x00000007a6ab0000, 0x00000007a6ab0000, 0x00000007a8000000)
 concurrent mark-sweep generation total 393216K, used 209342K [0x00000007a8000000, 0x00000007c0000000, 0x00000007c0000000)
 Metaspace       used 40617K, capacity 41358K, committed 41588K, reserved 1085440K
  class space    used 4653K, capacity 4862K, committed 4988K, reserved 1048576K
}
2016-10-23T22:32:25.667+0800: 1964.691: [Rescan (parallel) , 0.0041574 secs]2016-10-23T22:32:25.671+0800: 1964.695: [weak refs processing, 0.0008073 secs]2016-10-23T22:32:25.672+0800: 1964.696: [class unloading, 0.0134257 secs]2016-10-23T22:32:25.686+0800: 1964.709: [scrub symbol table, 0.0065162 secs]2016-10-23T22:32:25.692+0800: 1964.716: [scrub string table, 0.0005165 secs][1 CMS-remark: 209342K(393216K)] 226700K(502464K), 0.0379249 secs] [Times: user=0.07 sys=0.00, real=0.04 secs] 
2016-10-23T22:32:25.693+0800: 1964.716: Total time for which application threads were stopped: 0.0381189 seconds, Stopping threads took: 0.0000749 seconds
2016-10-23T22:32:25.693+0800: 1964.717: [CMS-concurrent-sweep-start]
2016-10-23T22:32:25.797+0800: 1964.821: [CMS-concurrent-sweep: 0.104/0.104 secs] [Times: user=0.40 sys=0.01, real=0.10 secs] 
2016-10-23T22:32:25.798+0800: 1964.821: [CMS-concurrent-reset-start]
2016-10-23T22:32:25.799+0800: 1964.822: [CMS-concurrent-reset: 0.001/0.001 secs] [Times: user=0.01 sys=0.00, real=0.00 secs] 
{Heap before GC invocations=260 (full 6):
 par new generation   total 109248K, used 104781K [0x00000007a0000000, 0x00000007a8000000, 0x00000007a8000000)
  eden space 87424K, 100% used [0x00000007a0000000, 0x00000007a5560000, 0x00000007a5560000)
  from space 21824K,  79% used [0x00000007a5560000, 0x00000007a66537c0, 0x00000007a6ab0000)
  to   space 21824K,   0% used [0x00000007a6ab0000, 0x00000007a6ab0000, 0x00000007a8000000)
 concurrent mark-sweep generation total 393216K, used 40841K [0x00000007a8000000, 0x00000007c0000000, 0x00000007c0000000)
 Metaspace       used 40617K, capacity 41358K, committed 41588K, reserved 1085440K
  class space    used 4653K, capacity 4862K, committed 4988K, reserved 1048576K
2016-10-23T22:32:25.829+0800: 1964.852: [GC (Allocation Failure) 2016-10-23T22:32:25.829+0800: 1964.852: [ParNew
Desired survivor size 20112992 bytes, new threshold 8 (max 8)
- age   1:    7210576 bytes,    7210576 total
- age   2:     151816 bytes,    7362392 total
- age   3:    1533224 bytes,    8895616 total
- age   4:    1853464 bytes,   10749080 total
- age   5:    1586288 bytes,   12335368 total
- age   6:    1700240 bytes,   14035608 total
- age   7:     837592 bytes,   14873200 total
- age   8:     906512 bytes,   15779712 total
: 104781K->21824K(109248K), 0.0126083 secs] 145623K->63864K(502464K), 0.0126692 secs] [Times: user=0.04 sys=0.00, real=0.02 secs] 
Heap after GC invocations=261 (full 6):
 par new generation   total 109248K, used 21824K [0x00000007a0000000, 0x00000007a8000000, 0x00000007a8000000)
  eden space 87424K,   0% used [0x00000007a0000000, 0x00000007a0000000, 0x00000007a5560000)
  from space 21824K, 100% used [0x00000007a6ab0000, 0x00000007a8000000, 0x00000007a8000000)
  to   space 21824K,   0% used [0x00000007a5560000, 0x00000007a5560000, 0x00000007a6ab0000)
 concurrent mark-sweep generation total 393216K, used 42040K [0x00000007a8000000, 0x00000007c0000000, 0x00000007c0000000)
 Metaspace       used 40617K, capacity 41358K, committed 41588K, reserved 1085440K
  class space    used 4653K, capacity 4862K, committed 4988K, reserved 1048576K
}
2016-10-23T22:32:25.842+0800: 1964.865: Total time for which application threads were stopped: 0.0129453 seconds, Stopping threads took: 0.0001024 seconds
{Heap before GC invocations=261 (full 6):
 par new generation   total 109248K, used 109248K [0x00000007a0000000, 0x00000007a8000000, 0x00000007a8000000)
  eden space 87424K, 100% used [0x00000007a0000000, 0x00000007a5560000, 0x00000007a5560000)
  from space 21824K, 100% used [0x00000007a6ab0000, 0x00000007a8000000, 0x00000007a8000000)
  to   space 21824K,   0% used [0x00000007a5560000, 0x00000007a5560000, 0x00000007a6ab0000)
 concurrent mark-sweep generation total 393216K, used 42040K [0x00000007a8000000, 0x00000007c0000000, 0x00000007c0000000)
 Metaspace       used 40617K, capacity 41358K, committed 41588K, reserved 1085440K
  class space    used 4653K, capacity 4862K, committed 4988K, reserved 1048576K
2016-10-23T22:32:25.910+0800: 1964.933: [GC (Allocation Failure) 2016-10-23T22:32:25.910+0800: 1964.933: [ParNew
Desired survivor size 20112992 bytes, new threshold 8 (max 8)
- age   1:    1467688 bytes,    1467688 total
- age   2:    6521600 bytes,    7989288 total
- age   3:     151864 bytes,    8141152 total
- age   4:    1533704 bytes,    9674856 total
- age   5:    1854112 bytes,   11528968 total
- age   6:    1586432 bytes,   13115400 total
- age   7:    1700480 bytes,   14815880 total
- age   8:     837808 bytes,   15653688 total
: 109248K->18191K(109248K), 0.0131938 secs] 151288K->61145K(502464K), 0.0132519 secs] [Times: user=0.05 sys=0.00, real=0.01 secs] 
Heap after GC invocations=262 (full 6):
 par new generation   total 109248K, used 18191K [0x00000007a0000000, 0x00000007a8000000, 0x00000007a8000000)
  eden space 87424K,   0% used [0x00000007a0000000, 0x00000007a0000000, 0x00000007a5560000)
  from space 21824K,  83% used [0x00000007a5560000, 0x00000007a6723f88, 0x00000007a6ab0000)
  to   space 21824K,   0% used [0x00000007a6ab0000, 0x00000007a6ab0000, 0x00000007a8000000)
 concurrent mark-sweep generation total 393216K, used 42953K [0x00000007a8000000, 0x00000007c0000000, 0x00000007c0000000)
 Metaspace       used 40617K, capacity 41358K, committed 41588K, reserved 1085440K
  class space    used 4653K, capacity 4862K, committed 4988K, reserved 1048576K
}
2016-10-23T22:32:25.923+0800: 1964.947: Total time for which application threads were stopped: 0.0134982 seconds, Stopping threads took: 0.0000765 seconds
2016-10-23T22:32:25.965+0800: 1964.988: Total time for which application threads were stopped: 0.0009857 seconds, Stopping threads took: 0.0002152 seconds
{Heap before GC invocations=262 (full 6):
 par new generation   total 109248K, used 105615K [0x00000007a0000000, 0x00000007a8000000, 0x00000007a8000000)
  eden space 87424K, 100% used [0x00000007a0000000, 0x00000007a5560000, 0x00000007a5560000)
  from space 21824K,  83% used [0x00000007a5560000, 0x00000007a6723f88, 0x00000007a6ab0000)
  to   space 21824K,   0% used [0x00000007a6ab0000, 0x00000007a6ab0000, 0x00000007a8000000)
 concurrent mark-sweep generation total 393216K, used 42953K [0x00000007a8000000, 0x00000007c0000000, 0x00000007c0000000)
 Metaspace       used 40618K, capacity 41358K, committed 41588K, reserved 1085440K
  class space    used 4653K, capacity 4862K, committed 4988K, reserved 1048576K
2016-10-23T22:32:26.018+0800: 1965.042: [GC (Allocation Failure) 2016-10-23T22:32:26.018+0800: 1965.042: [ParNew
Desired survivor size 20112992 bytes, new threshold 8 (max 8)
- age   1:    3095504 bytes,    3095504 total
- age   2:     718184 bytes,    3813688 total
- age   3:    5861208 bytes,    9674896 total
- age   4:     123664 bytes,    9798560 total
- age   5:    1185664 bytes,   10984224 total
- age   6:    1432184 bytes,   12416408 total
- age   7:    1220024 bytes,   13636432 total
- age   8:    1233096 bytes,   14869528 total
: 105615K->16852K(109248K), 0.0113080 secs] 148569K->60405K(502464K), 0.0113635 secs] [Times: user=0.03 sys=0.00, real=0.02 secs] 
Heap after GC invocations=263 (full 6):
 par new generation   total 109248K, used 16852K [0x00000007a0000000, 0x00000007a8000000, 0x00000007a8000000)
  eden space 87424K,   0% used [0x00000007a0000000, 0x00000007a0000000, 0x00000007a5560000)
  from space 21824K,  77% used [0x00000007a6ab0000, 0x00000007a7b25200, 0x00000007a8000000)
  to   space 21824K,   0% used [0x00000007a5560000, 0x00000007a5560000, 0x00000007a6ab0000)
 concurrent mark-sweep generation total 393216K, used 43552K [0x00000007a8000000, 0x00000007c0000000, 0x00000007c0000000)
 Metaspace       used 40618K, capacity 41358K, committed 41588K, reserved 1085440K
  class space    used 4653K, capacity 4862K, committed 4988K, reserved 1048576K
}
2016-10-23T22:32:26.030+0800: 1965.053: Total time for which application threads were stopped: 0.0115576 seconds, Stopping threads took: 0.0000180 seconds
{Heap before GC invocations=263 (full 6):
 par new generation   total 109248K, used 104276K [0x00000007a0000000, 0x00000007a8000000, 0x00000007a8000000)
  eden space 87424K, 100% used [0x00000007a0000000, 0x00000007a5560000, 0x00000007a5560000)
  from space 21824K,  77% used [0x00000007a6ab0000, 0x00000007a7b25200, 0x00000007a8000000)
  to   space 21824K,   0% used [0x00000007a5560000, 0x00000007a5560000, 0x00000007a6ab0000)
 concurrent mark-sweep generation total 393216K, used 43552K [0x00000007a8000000, 0x00000007c0000000, 0x00000007c0000000)
 Metaspace       used 40618K, capacity 41358K, committed 41588K, reserved 1085440K
  class space    used 4653K, capacity 4862K, committed 4988K, reserved 1048576K
2016-10-23T22:32:26.143+0800: 1965.167: [GC (Allocation Failure) 2016-10-23T22:32:26.143+0800: 1965.167: [ParNew
Desired survivor size 20112992 bytes, new threshold 8 (max 8)
- age   1:    4388472 bytes,    4388472 total
- age   2:    2339456 bytes,    6727928 total
- age   3:     704088 bytes,    7432016 total
- age   4:    5574552 bytes,   13006568 total
- age   5:     123664 bytes,   13130232 total
- age   6:    1185664 bytes,   14315896 total
- age   7:    1432184 bytes,   15748080 total
- age   8:    1220000 bytes,   16968080 total
: 104276K->21824K(109248K), 0.0124302 secs] 147829K->66893K(502464K), 0.0125072 secs] [Times: user=0.04 sys=0.00, real=0.01 secs] 
Heap after GC invocations=264 (full 6):
 par new generation   total 109248K, used 21824K [0x00000007a0000000, 0x00000007a8000000, 0x00000007a8000000)
  eden space 87424K,   0% used [0x00000007a0000000, 0x00000007a0000000, 0x00000007a5560000)
  from space 21824K, 100% used [0x00000007a5560000, 0x00000007a6ab0000, 0x00000007a6ab0000)
  to   space 21824K,   0% used [0x00000007a6ab0000, 0x00000007a6ab0000, 0x00000007a8000000)
 concurrent mark-sweep generation total 393216K, used 45069K [0x00000007a8000000, 0x00000007c0000000, 0x00000007c0000000)
 Metaspace       used 40618K, capacity 41358K, committed 41588K, reserved 1085440K
  class space    used 4653K, capacity 4862K, committed 4988K, reserved 1048576K
}
2016-10-23T22:32:26.156+0800: 1965.179: Total time for which application threads were stopped: 0.0127864 seconds, Stopping threads took: 0.0001009 seconds
{Heap before GC invocations=264 (full 6):
 par new generation   total 109248K, used 109248K [0x00000007a0000000, 0x00000007a8000000, 0x00000007a8000000)
  eden space 87424K, 100% used [0x00000007a0000000, 0x00000007a5560000, 0x00000007a5560000)
  from space 21824K, 100% used [0x00000007a5560000, 0x00000007a6ab0000, 0x00000007a6ab0000)
  to   space 21824K,   0% used [0x00000007a6ab0000, 0x00000007a6ab0000, 0x00000007a8000000)
 concurrent mark-sweep generation total 393216K, used 45069K [0x00000007a8000000, 0x00000007c0000000, 0x00000007c0000000)
 Metaspace       used 40619K, capacity 41358K, committed 41588K, reserved 1085440K
  class space    used 4653K, capacity 4862K, committed 4988K, reserved 1048576K
2016-10-23T22:32:26.286+0800: 1965.309: [GC (Allocation Failure) 2016-10-23T22:32:26.286+0800: 1965.309: [ParNew
Desired survivor size 20112992 bytes, new threshold 8 (max 8)
- age   1:    5557336 bytes,    5557336 total
- age   2:    2839216 bytes,    8396552 total
- age   3:    1861416 bytes,   10257968 total
- age   4:     695496 bytes,   10953464 total
- age   5:    5533680 bytes,   16487144 total
- age   6:     123664 bytes,   16610808 total
- age   7:    1185664 bytes,   17796472 total
- age   8:    1432184 bytes,   19228656 total
: 109248K->21824K(109248K), 0.0093002 secs] 154317K->68967K(502464K), 0.0093481 secs] [Times: user=0.04 sys=0.00, real=0.01 secs] 
Heap after GC invocations=265 (full 6):
 par new generation   total 109248K, used 21824K [0x00000007a0000000, 0x00000007a8000000, 0x00000007a8000000)
  eden space 87424K,   0% used [0x00000007a0000000, 0x00000007a0000000, 0x00000007a5560000)
  from space 21824K, 100% used [0x00000007a6ab0000, 0x00000007a8000000, 0x00000007a8000000)
  to   space 21824K,   0% used [0x00000007a5560000, 0x00000007a5560000, 0x00000007a6ab0000)
 concurrent mark-sweep generation total 393216K, used 47143K [0x00000007a8000000, 0x00000007c0000000, 0x00000007c0000000)
 Metaspace       used 40619K, capacity 41358K, committed 41588K, reserved 1085440K
  class space    used 4653K, capacity 4862K, committed 4988K, reserved 1048576K
}
2016-10-23T22:32:26.295+0800: 1965.319: Total time for which application threads were stopped: 0.0096061 seconds, Stopping threads took: 0.0000977 seconds
{Heap before GC invocations=265 (full 6):
 par new generation   total 109248K, used 109248K [0x00000007a0000000, 0x00000007a8000000, 0x00000007a8000000)
  eden space 87424K, 100% used [0x00000007a0000000, 0x00000007a5560000, 0x00000007a5560000)
  from space 21824K, 100% used [0x00000007a6ab0000, 0x00000007a8000000, 0x00000007a8000000)
  to   space 21824K,   0% used [0x00000007a5560000, 0x00000007a5560000, 0x00000007a6ab0000)
 concurrent mark-sweep generation total 393216K, used 47143K [0x00000007a8000000, 0x00000007c0000000, 0x00000007c0000000)
 Metaspace       used 40619K, capacity 41358K, committed 41588K, reserved 1085440K
  class space    used 4653K, capacity 4862K, committed 4988K, reserved 1048576K
2016-10-23T22:32:26.440+0800: 1965.463: [GC (Allocation Failure) 2016-10-23T22:32:26.440+0800: 1965.463: [ParNew
Desired survivor size 20112992 bytes, new threshold 8 (max 8)
- age   1:    5665208 bytes,    5665208 total
- age   2:    3675808 bytes,    9341016 total
- age   3:    2341152 bytes,   11682168 total
- age   4:    1684144 bytes,   13366312 total
- age   5:     636952 bytes,   14003264 total
- age   6:    5478848 bytes,   19482112 total
- age   7:     123664 bytes,   19605776 total
- age   8:    1185664 bytes,   20791440 total
: 109248K->21824K(109248K), 0.0133136 secs] 156391K->72313K(502464K), 0.0133769 secs] [Times: user=0.05 sys=0.00, real=0.01 secs] 
Heap after GC invocations=266 (full 6):
 par new generation   total 109248K, used 21824K [0x00000007a0000000, 0x00000007a8000000, 0x00000007a8000000)
  eden space 87424K,   0% used [0x00000007a0000000, 0x00000007a0000000, 0x00000007a5560000)
  from space 21824K, 100% used [0x00000007a5560000, 0x00000007a6ab0000, 0x00000007a6ab0000)
  to   space 21824K,   0% used [0x00000007a6ab0000, 0x00000007a6ab0000, 0x00000007a8000000)
 concurrent mark-sweep generation total 393216K, used 50489K [0x00000007a8000000, 0x00000007c0000000, 0x00000007c0000000)
 Metaspace       used 40619K, capacity 41358K, committed 41588K, reserved 1085440K
  class space    used 4653K, capacity 4862K, committed 4988K, reserved 1048576K
}
2016-10-23T22:32:26.453+0800: 1965.477: Total time for which application threads were stopped: 0.0136029 seconds, Stopping threads took: 0.0000545 seconds
{Heap before GC invocations=266 (full 6):
 par new generation   total 109248K, used 109248K [0x00000007a0000000, 0x00000007a8000000, 0x00000007a8000000)
  eden space 87424K, 100% used [0x00000007a0000000, 0x00000007a5560000, 0x00000007a5560000)
  from space 21824K, 100% used [0x00000007a5560000, 0x00000007a6ab0000, 0x00000007a6ab0000)
  to   space 21824K,   0% used [0x00000007a6ab0000, 0x00000007a6ab0000, 0x00000007a8000000)
 concurrent mark-sweep generation total 393216K, used 50489K [0x00000007a8000000, 0x00000007c0000000, 0x00000007c0000000)
 Metaspace       used 40619K, capacity 41358K, committed 41588K, reserved 1085440K
  class space    used 4653K, capacity 4862K, committed 4988K, reserved 1048576K
2016-10-23T22:32:26.598+0800: 1965.622: [GC (Allocation Failure) 2016-10-23T22:32:26.598+0800: 1965.622: [ParNew
Desired survivor size 20112992 bytes, new threshold 8 (max 8)
- age   1:    5978304 bytes,    5978304 total
- age   2:    2842944 bytes,    8821248 total
- age   3:    2218808 bytes,   11040056 total
- age   4:    1830304 bytes,   12870360 total
- age   5:    1391344 bytes,   14261704 total
- age   6:     427048 bytes,   14688752 total
- age   7:    4890464 bytes,   19579216 total
- age   8:     123664 bytes,   19702880 total
: 109248K->21824K(109248K), 0.0123115 secs] 159737K->78588K(502464K), 0.0123792 secs] [Times: user=0.05 sys=0.00, real=0.02 secs] 
Heap after GC invocations=267 (full 6):
 par new generation   total 109248K, used 21824K [0x00000007a0000000, 0x00000007a8000000, 0x00000007a8000000)
  eden space 87424K,   0% used [0x00000007a0000000, 0x00000007a0000000, 0x00000007a5560000)
  from space 21824K, 100% used [0x00000007a6ab0000, 0x00000007a8000000, 0x00000007a8000000)
  to   space 21824K,   0% used [0x00000007a5560000, 0x00000007a5560000, 0x00000007a6ab0000)
 concurrent mark-sweep generation total 393216K, used 56764K [0x00000007a8000000, 0x00000007c0000000, 0x00000007c0000000)
 Metaspace       used 40619K, capacity 41358K, committed 41588K, reserved 1085440K
  class space    used 4653K, capacity 4862K, committed 4988K, reserved 1048576K
}
2016-10-23T22:32:26.611+0800: 1965.634: Total time for which application threads were stopped: 0.0125719 seconds, Stopping threads took: 0.0000328 seconds
{Heap before GC invocations=267 (full 6):
 par new generation   total 109248K, used 109248K [0x00000007a0000000, 0x00000007a8000000, 0x00000007a8000000)
  eden space 87424K, 100% used [0x00000007a0000000, 0x00000007a5560000, 0x00000007a5560000)
  from space 21824K, 100% used [0x00000007a6ab0000, 0x00000007a8000000, 0x00000007a8000000)
  to   space 21824K,   0% used [0x00000007a5560000, 0x00000007a5560000, 0x00000007a6ab0000)
 concurrent mark-sweep generation total 393216K, used 56764K [0x00000007a8000000, 0x00000007c0000000, 0x00000007c0000000)
 Metaspace       used 40619K, capacity 41358K, committed 41588K, reserved 1085440K
  class space    used 4653K, capacity 4862K, committed 4988K, reserved 1048576K
2016-10-23T22:32:26.757+0800: 1965.781: [GC (Allocation Failure) 2016-10-23T22:32:26.758+0800: 1965.782: [ParNew
Desired survivor size 20112992 bytes, new threshold 8 (max 8)
- age   1:    6683144 bytes,    6683144 total
- age   2:    3288432 bytes,    9971576 total
- age   3:    1960888 bytes,   11932464 total
- age   4:    1784880 bytes,   13717344 total
- age   5:    1503016 bytes,   15220360 total
- age   6:    1215648 bytes,   16436008 total
- age   7:     319824 bytes,   16755832 total
- age   8:    4799584 bytes,   21555416 total
: 109248K->21824K(109248K), 0.0150394 secs] 166012K->82642K(502464K), 0.0161532 secs] [Times: user=0.05 sys=0.00, real=0.02 secs] 
Heap after GC invocations=268 (full 6):
 par new generation   total 109248K, used 21824K [0x00000007a0000000, 0x00000007a8000000, 0x00000007a8000000)
  eden space 87424K,   0% used [0x00000007a0000000, 0x00000007a0000000, 0x00000007a5560000)
  from space 21824K, 100% used [0x00000007a5560000, 0x00000007a6ab0000, 0x00000007a6ab0000)
  to   space 21824K,   0% used [0x00000007a6ab0000, 0x00000007a6ab0000, 0x00000007a8000000)
 concurrent mark-sweep generation total 393216K, used 60818K [0x00000007a8000000, 0x00000007c0000000, 0x00000007c0000000)
 Metaspace       used 40619K, capacity 41358K, committed 41588K, reserved 1085440K
  class space    used 4653K, capacity 4862K, committed 4988K, reserved 1048576K
}
2016-10-23T22:32:26.773+0800: 1965.797: Total time for which application threads were stopped: 0.0163671 seconds, Stopping threads took: 0.0000542 seconds
2016-10-23T22:32:26.785+0800: 1965.808: Total time for which application threads were stopped: 0.0001564 seconds, Stopping threads took: 0.0000566 seconds
{Heap before GC invocations=268 (full 6):
 par new generation   total 109248K, used 109248K [0x00000007a0000000, 0x00000007a8000000, 0x00000007a8000000)
  eden space 87424K, 100% used [0x00000007a0000000, 0x00000007a5560000, 0x00000007a5560000)
  from space 21824K, 100% used [0x00000007a5560000, 0x00000007a6ab0000, 0x00000007a6ab0000)
  to   space 21824K,   0% used [0x00000007a6ab0000, 0x00000007a6ab0000, 0x00000007a8000000)
 concurrent mark-sweep generation total 393216K, used 60818K [0x00000007a8000000, 0x00000007c0000000, 0x00000007c0000000)
 Metaspace       used 40619K, capacity 41358K, committed 41588K, reserved 1085440K
  class space    used 4653K, capacity 4862K, committed 4988K, reserved 1048576K
2016-10-23T22:32:26.920+0800: 1965.943: [GC (Allocation Failure) 2016-10-23T22:32:26.920+0800: 1965.944: [ParNew
Desired survivor size 20112992 bytes, new threshold 8 (max 8)
- age   1:    4922688 bytes,    4922688 total
- age   2:    5269168 bytes,   10191856 total
- age   3:    2487552 bytes,   12679408 total
- age   4:    1506536 bytes,   14185944 total
- age   5:    1377840 bytes,   15563784 total
- age   6:    1172024 bytes,   16735808 total
- age   7:     975384 bytes,   17711192 total
- age   8:     240896 bytes,   17952088 total
: 109248K->21824K(109248K), 0.0135577 secs] 170066K->88479K(502464K), 0.0136179 secs] [Times: user=0.05 sys=0.00, real=0.01 secs] 
Heap after GC invocations=269 (full 6):
 par new generation   total 109248K, used 21824K [0x00000007a0000000, 0x00000007a8000000, 0x00000007a8000000)
  eden space 87424K,   0% used [0x00000007a0000000, 0x00000007a0000000, 0x00000007a5560000)
  from space 21824K, 100% used [0x00000007a6ab0000, 0x00000007a8000000, 0x00000007a8000000)
  to   space 21824K,   0% used [0x00000007a5560000, 0x00000007a5560000, 0x00000007a6ab0000)
 concurrent mark-sweep generation total 393216K, used 66655K [0x00000007a8000000, 0x00000007c0000000, 0x00000007c0000000)
 Metaspace       used 40619K, capacity 41358K, committed 41588K, reserved 1085440K
  class space    used 4653K, capacity 4862K, committed 4988K, reserved 1048576K
}
2016-10-23T22:32:26.934+0800: 1965.957: Total time for which application threads were stopped: 0.0138782 seconds, Stopping threads took: 0.0000720 seconds
{Heap before GC invocations=269 (full 6):
 par new generation   total 109248K, used 109248K [0x00000007a0000000, 0x00000007a8000000, 0x00000007a8000000)
  eden space 87424K, 100% used [0x00000007a0000000, 0x00000007a5560000, 0x00000007a5560000)
  from space 21824K, 100% used [0x00000007a6ab0000, 0x00000007a8000000, 0x00000007a8000000)
  to   space 21824K,   0% used [0x00000007a5560000, 0x00000007a5560000, 0x00000007a6ab0000)
 concurrent mark-sweep generation total 393216K, used 66655K [0x00000007a8000000, 0x00000007c0000000, 0x00000007c0000000)
 Metaspace       used 40619K, capacity 41358K, committed 41588K, reserved 1085440K
  class space    used 4653K, capacity 4862K, committed 4988K, reserved 1048576K
2016-10-23T22:32:26.988+0800: 1966.011: [GC (Allocation Failure) 2016-10-23T22:32:26.988+0800: 1966.011: [ParNew
Desired survivor size 20112992 bytes, new threshold 8 (max 8)
- age   1:    1305376 bytes,    1305376 total
- age   2:    4252952 bytes,    5558328 total
- age   3:    4415760 bytes,    9974088 total
- age   4:    2353552 bytes,   12327640 total
- age   5:    1506536 bytes,   13834176 total
- age   6:    1377840 bytes,   15212016 total
- age   7:    1172024 bytes,   16384040 total
- age   8:     973968 bytes,   17358008 total
: 109248K->21824K(109248K), 0.0122615 secs] 175903K->89704K(502464K), 0.0123188 secs] [Times: user=0.05 sys=0.00, real=0.02 secs] 
Heap after GC invocations=270 (full 6):
 par new generation   total 109248K, used 21824K [0x00000007a0000000, 0x00000007a8000000, 0x00000007a8000000)
  eden space 87424K,   0% used [0x00000007a0000000, 0x00000007a0000000, 0x00000007a5560000)
  from space 21824K, 100% used [0x00000007a5560000, 0x00000007a6ab0000, 0x00000007a6ab0000)
  to   space 21824K,   0% used [0x00000007a6ab0000, 0x00000007a6ab0000, 0x00000007a8000000)
 concurrent mark-sweep generation total 393216K, used 67880K [0x00000007a8000000, 0x00000007c0000000, 0x00000007c0000000)
 Metaspace       used 40619K, capacity 41358K, committed 41588K, reserved 1085440K
  class space    used 4653K, capacity 4862K, committed 4988K, reserved 1048576K
}
2016-10-23T22:32:27.000+0800: 1966.023: Total time for which application threads were stopped: 0.0126368 seconds, Stopping threads took: 0.0001008 seconds
{Heap before GC invocations=270 (full 6):
 par new generation   total 109248K, used 109248K [0x00000007a0000000, 0x00000007a8000000, 0x00000007a8000000)
  eden space 87424K, 100% used [0x00000007a0000000, 0x00000007a5560000, 0x00000007a5560000)
  from space 21824K, 100% used [0x00000007a5560000, 0x00000007a6ab0000, 0x00000007a6ab0000)
  to   space 21824K,   0% used [0x00000007a6ab0000, 0x00000007a6ab0000, 0x00000007a8000000)
 concurrent mark-sweep generation total 393216K, used 67880K [0x00000007a8000000, 0x00000007c0000000, 0x00000007c0000000)
 Metaspace       used 40622K, capacity 41358K, committed 41588K, reserved 1085440K
  class space    used 4653K, capacity 4862K, committed 4988K, reserved 1048576K
2016-10-23T22:32:27.165+0800: 1966.188: [GC (Allocation Failure) 2016-10-23T22:32:27.165+0800: 1966.188: [ParNew
Desired survivor size 20112992 bytes, new threshold 8 (max 8)
- age   1:    4700560 bytes,    4700560 total
- age   2:     645200 bytes,    5345760 total
- age   3:    3152664 bytes,    8498424 total
- age   4:    4002800 bytes,   12501224 total
- age   5:    2074736 bytes,   14575960 total
- age   6:    1240312 bytes,   15816272 total
- age   7:    1147736 bytes,   16964008 total
- age   8:     985000 bytes,   17949008 total
: 109248K->21824K(109248K), 0.0113518 secs] 177128K->91823K(502464K), 0.0113982 secs] [Times: user=0.04 sys=0.00, real=0.01 secs] 
Heap after GC invocations=271 (full 6):
 par new generation   total 109248K, used 21824K [0x00000007a0000000, 0x00000007a8000000, 0x00000007a8000000)
  eden space 87424K,   0% used [0x00000007a0000000, 0x00000007a0000000, 0x00000007a5560000)
  from space 21824K, 100% used [0x00000007a6ab0000, 0x00000007a8000000, 0x00000007a8000000)
  to   space 21824K,   0% used [0x00000007a5560000, 0x00000007a5560000, 0x00000007a6ab0000)
 concurrent mark-sweep generation total 393216K, used 69999K [0x00000007a8000000, 0x00000007c0000000, 0x00000007c0000000)
 Metaspace       used 40622K, capacity 41358K, committed 41588K, reserved 1085440K
  class space    used 4653K, capacity 4862K, committed 4988K, reserved 1048576K
}
2016-10-23T22:32:27.176+0800: 1966.200: Total time for which application threads were stopped: 0.0116471 seconds, Stopping threads took: 0.0000513 seconds
{Heap before GC invocations=271 (full 6):
 par new generation   total 109248K, used 109248K [0x00000007a0000000, 0x00000007a8000000, 0x00000007a8000000)
  eden space 87424K, 100% used [0x00000007a0000000, 0x00000007a5560000, 0x00000007a5560000)
  from space 21824K, 100% used [0x00000007a6ab0000, 0x00000007a8000000, 0x00000007a8000000)
  to   space 21824K,   0% used [0x00000007a5560000, 0x00000007a5560000, 0x00000007a6ab0000)
 concurrent mark-sweep generation total 393216K, used 69999K [0x00000007a8000000, 0x00000007c0000000, 0x00000007c0000000)
 Metaspace       used 40622K, capacity 41358K, committed 41588K, reserved 1085440K
  class space    used 4653K, capacity 4862K, committed 4988K, reserved 1048576K
2016-10-23T22:32:27.318+0800: 1966.341: [GC (Allocation Failure) 2016-10-23T22:32:27.318+0800: 1966.341: [ParNew
Desired survivor size 20112992 bytes, new threshold 8 (max 8)
- age   1:    5730216 bytes,    5730216 total
- age   2:    3097184 bytes,    8827400 total
- age   3:     486208 bytes,    9313608 total
- age   4:    3050456 bytes,   12364064 total
- age   5:    4002800 bytes,   16366864 total
- age   6:    1943648 bytes,   18310512 total
- age   7:    1240312 bytes,   19550824 total
- age   8:    1147688 bytes,   20698512 total
: 109248K->21824K(109248K), 0.0125209 secs] 179247K->94319K(502464K), 0.0125780 secs] [Times: user=0.04 sys=0.01, real=0.02 secs] 
Heap after GC invocations=272 (full 6):
 par new generation   total 109248K, used 21824K [0x00000007a0000000, 0x00000007a8000000, 0x00000007a8000000)
  eden space 87424K,   0% used [0x00000007a0000000, 0x00000007a0000000, 0x00000007a5560000)
  from space 21824K, 100% used [0x00000007a5560000, 0x00000007a6ab0000, 0x00000007a6ab0000)
  to   space 21824K,   0% used [0x00000007a6ab0000, 0x00000007a6ab0000, 0x00000007a8000000)
 concurrent mark-sweep generation total 393216K, used 72495K [0x00000007a8000000, 0x00000007c0000000, 0x00000007c0000000)
 Metaspace       used 40622K, capacity 41358K, committed 41588K, reserved 1085440K
  class space    used 4653K, capacity 4862K, committed 4988K, reserved 1048576K
}
2016-10-23T22:32:27.330+0800: 1966.354: Total time for which application threads were stopped: 0.0128057 seconds, Stopping threads took: 0.0000685 seconds
{Heap before GC invocations=272 (full 6):
 par new generation   total 109248K, used 109248K [0x00000007a0000000, 0x00000007a8000000, 0x00000007a8000000)
  eden space 87424K, 100% used [0x00000007a0000000, 0x00000007a5560000, 0x00000007a5560000)
  from space 21824K, 100% used [0x00000007a5560000, 0x00000007a6ab0000, 0x00000007a6ab0000)
  to   space 21824K,   0% used [0x00000007a6ab0000, 0x00000007a6ab0000, 0x00000007a8000000)
 concurrent mark-sweep generation total 393216K, used 72495K [0x00000007a8000000, 0x00000007c0000000, 0x00000007c0000000)
 Metaspace       used 40622K, capacity 41358K, committed 41588K, reserved 1085440K
  class space    used 4653K, capacity 4862K, committed 4988K, reserved 1048576K
2016-10-23T22:32:27.475+0800: 1966.499: [GC (Allocation Failure) 2016-10-23T22:32:27.475+0800: 1966.499: [ParNew
Desired survivor size 20112992 bytes, new threshold 7 (max 8)
- age   1:    5827744 bytes,    5827744 total
- age   2:    3449160 bytes,    9276904 total
- age   3:    2716272 bytes,   11993176 total
- age   4:     397072 bytes,   12390248 total
- age   5:    2701072 bytes,   15091320 total
- age   6:    3789312 bytes,   18880632 total
- age   7:    1743752 bytes,   20624384 total
- age   8:    1033352 bytes,   21657736 total
: 109248K->21824K(109248K), 0.0127664 secs] 181743K->98268K(502464K), 0.0128254 secs] [Times: user=0.05 sys=0.00, real=0.01 secs] 
Heap after GC invocations=273 (full 6):
 par new generation   total 109248K, used 21824K [0x00000007a0000000, 0x00000007a8000000, 0x00000007a8000000)
  eden space 87424K,   0% used [0x00000007a0000000, 0x00000007a0000000, 0x00000007a5560000)
  from space 21824K, 100% used [0x00000007a6ab0000, 0x00000007a8000000, 0x00000007a8000000)
  to   space 21824K,   0% used [0x00000007a5560000, 0x00000007a5560000, 0x00000007a6ab0000)
 concurrent mark-sweep generation total 393216K, used 76444K [0x00000007a8000000, 0x00000007c0000000, 0x00000007c0000000)
 Metaspace       used 40622K, capacity 41358K, committed 41588K, reserved 1085440K
  class space    used 4653K, capacity 4862K, committed 4988K, reserved 1048576K
}
2016-10-23T22:32:27.488+0800: 1966.512: Total time for which application threads were stopped: 0.0130164 seconds, Stopping threads took: 0.0000320 seconds
{Heap before GC invocations=273 (full 6):
 par new generation   total 109248K, used 109248K [0x00000007a0000000, 0x00000007a8000000, 0x00000007a8000000)
  eden space 87424K, 100% used [0x00000007a0000000, 0x00000007a5560000, 0x00000007a5560000)
  from space 21824K, 100% used [0x00000007a6ab0000, 0x00000007a8000000, 0x00000007a8000000)
  to   space 21824K,   0% used [0x00000007a5560000, 0x00000007a5560000, 0x00000007a6ab0000)
 concurrent mark-sweep generation total 393216K, used 76444K [0x00000007a8000000, 0x00000007c0000000, 0x00000007c0000000)
 Metaspace       used 40622K, capacity 41358K, committed 41588K, reserved 1085440K
  class space    used 4653K, capacity 4862K, committed 4988K, reserved 1048576K
2016-10-23T22:32:27.633+0800: 1966.657: [GC (Allocation Failure) 2016-10-23T22:32:27.633+0800: 1966.657: [ParNew
Desired survivor size 20112992 bytes, new threshold 7 (max 8)
- age   1:    6633880 bytes,    6633880 total
- age   2:    3150000 bytes,    9783880 total
- age   3:    2483472 bytes,   12267352 total
- age   4:    2391392 bytes,   14658744 total
- age   5:     337440 bytes,   14996184 total
- age   6:    2251792 bytes,   17247976 total
- age   7:    3677424 bytes,   20925400 total
: 109248K->21824K(109248K), 0.0165386 secs] 185692K->104773K(502464K), 0.0166005 secs] [Times: user=0.06 sys=0.01, real=0.02 secs] 
Heap after GC invocations=274 (full 6):
 par new generation   total 109248K, used 21824K [0x00000007a0000000, 0x00000007a8000000, 0x00000007a8000000)
  eden space 87424K,   0% used [0x00000007a0000000, 0x00000007a0000000, 0x00000007a5560000)
  from space 21824K, 100% used [0x00000007a5560000, 0x00000007a6ab0000, 0x00000007a6ab0000)
  to   space 21824K,   0% used [0x00000007a6ab0000, 0x00000007a6ab0000, 0x00000007a8000000)
 concurrent mark-sweep generation total 393216K, used 82949K [0x00000007a8000000, 0x00000007c0000000, 0x00000007c0000000)
 Metaspace       used 40622K, capacity 41358K, committed 41588K, reserved 1085440K
  class space    used 4653K, capacity 4862K, committed 4988K, reserved 1048576K
}
2016-10-23T22:32:27.650+0800: 1966.673: Total time for which application threads were stopped: 0.0168125 seconds, Stopping threads took: 0.0000318 seconds
2016-10-23T22:32:27.788+0800: 1966.812: Total time for which application threads were stopped: 0.0002301 seconds, Stopping threads took: 0.0000931 seconds
{Heap before GC invocations=274 (full 6):
 par new generation   total 109248K, used 109248K [0x00000007a0000000, 0x00000007a8000000, 0x00000007a8000000)
  eden space 87424K, 100% used [0x00000007a0000000, 0x00000007a5560000, 0x00000007a5560000)
  from space 21824K, 100% used [0x00000007a5560000, 0x00000007a6ab0000, 0x00000007a6ab0000)
  to   space 21824K,   0% used [0x00000007a6ab0000, 0x00000007a6ab0000, 0x00000007a8000000)
 concurrent mark-sweep generation total 393216K, used 82949K [0x00000007a8000000, 0x00000007c0000000, 0x00000007c0000000)
 Metaspace       used 40622K, capacity 41358K, committed 41588K, reserved 1085440K
  class space    used 4653K, capacity 4862K, committed 4988K, reserved 1048576K
2016-10-23T22:32:27.790+0800: 1966.814: [GC (Allocation Failure) 2016-10-23T22:32:27.790+0800: 1966.814: [ParNew
Desired survivor size 20112992 bytes, new threshold 7 (max 8)
- age   1:    8126864 bytes,    8126864 total
- age   2:    4055456 bytes,   12182320 total
- age   3:    2596744 bytes,   14779064 total
- age   4:    2271872 bytes,   17050936 total
- age   5:    2225488 bytes,   19276424 total
- age   6:     308464 bytes,   19584888 total
- age   7:    2146760 bytes,   21731648 total
: 109248K->21824K(109248K), 0.0162110 secs] 192197K->110425K(502464K), 0.0162736 secs] [Times: user=0.06 sys=0.00, real=0.01 secs] 
Heap after GC invocations=275 (full 6):
 par new generation   total 109248K, used 21824K [0x00000007a0000000, 0x00000007a8000000, 0x00000007a8000000)
  eden space 87424K,   0% used [0x00000007a0000000, 0x00000007a0000000, 0x00000007a5560000)
  from space 21824K, 100% used [0x00000007a6ab0000, 0x00000007a8000000, 0x00000007a8000000)
  to   space 21824K,   0% used [0x00000007a5560000, 0x00000007a5560000, 0x00000007a6ab0000)
 concurrent mark-sweep generation total 393216K, used 88601K [0x00000007a8000000, 0x00000007c0000000, 0x00000007c0000000)
 Metaspace       used 40622K, capacity 41358K, committed 41588K, reserved 1085440K
  class space    used 4653K, capacity 4862K, committed 4988K, reserved 1048576K
}
2016-10-23T22:32:27.807+0800: 1966.830: Total time for which application threads were stopped: 0.0165016 seconds, Stopping threads took: 0.0000472 seconds
{Heap before GC invocations=275 (full 6):
 par new generation   total 109248K, used 109248K [0x00000007a0000000, 0x00000007a8000000, 0x00000007a8000000)
  eden space 87424K, 100% used [0x00000007a0000000, 0x00000007a5560000, 0x00000007a5560000)
  from space 21824K, 100% used [0x00000007a6ab0000, 0x00000007a8000000, 0x00000007a8000000)
  to   space 21824K,   0% used [0x00000007a5560000, 0x00000007a5560000, 0x00000007a6ab0000)
 concurrent mark-sweep generation total 393216K, used 88601K [0x00000007a8000000, 0x00000007c0000000, 0x00000007c0000000)
 Metaspace       used 40622K, capacity 41358K, committed 41588K, reserved 1085440K
  class space    used 4653K, capacity 4862K, committed 4988K, reserved 1048576K
2016-10-23T22:32:27.940+0800: 1966.963: [GC (Allocation Failure) 2016-10-23T22:32:27.940+0800: 1966.963: [ParNew
Desired survivor size 20112992 bytes, new threshold 8 (max 8)
- age   1:    2170696 bytes,    2170696 total
- age   2:    7550720 bytes,    9721416 total
- age   3:    3548296 bytes,   13269712 total
- age   4:    2372504 bytes,   15642216 total
- age   5:    2076624 bytes,   17718840 total
- age   6:    2053424 bytes,   19772264 total
- age   7:     276144 bytes,   20048408 total
: 109248K->21824K(109248K), 0.0154780 secs] 197849K->113796K(502464K), 0.0155311 secs] [Times: user=0.05 sys=0.00, real=0.01 secs] 
Heap after GC invocations=276 (full 6):
 par new generation   total 109248K, used 21824K [0x00000007a0000000, 0x00000007a8000000, 0x00000007a8000000)
  eden space 87424K,   0% used [0x00000007a0000000, 0x00000007a0000000, 0x00000007a5560000)
  from space 21824K, 100% used [0x00000007a5560000, 0x00000007a6ab0000, 0x00000007a6ab0000)
  to   space 21824K,   0% used [0x00000007a6ab0000, 0x00000007a6ab0000, 0x00000007a8000000)
 concurrent mark-sweep generation total 393216K, used 91972K [0x00000007a8000000, 0x00000007c0000000, 0x00000007c0000000)
 Metaspace       used 40622K, capacity 41358K, committed 41588K, reserved 1085440K
  class space    used 4653K, capacity 4862K, committed 4988K, reserved 1048576K
}
2016-10-23T22:32:27.955+0800: 1966.979: Total time for which application threads were stopped: 0.0157782 seconds, Stopping threads took: 0.0000736 seconds
{Heap before GC invocations=276 (full 6):
 par new generation   total 109248K, used 109248K [0x00000007a0000000, 0x00000007a8000000, 0x00000007a8000000)
  eden space 87424K, 100% used [0x00000007a0000000, 0x00000007a5560000, 0x00000007a5560000)
  from space 21824K, 100% used [0x00000007a5560000, 0x00000007a6ab0000, 0x00000007a6ab0000)
  to   space 21824K,   0% used [0x00000007a6ab0000, 0x00000007a6ab0000, 0x00000007a8000000)
 concurrent mark-sweep generation total 393216K, used 91972K [0x00000007a8000000, 0x00000007c0000000, 0x00000007c0000000)
 Metaspace       used 40622K, capacity 41358K, committed 41588K, reserved 1085440K
  class space    used 4653K, capacity 4862K, committed 4988K, reserved 1048576K
2016-10-23T22:32:28.013+0800: 1967.036: [GC (Allocation Failure) 2016-10-23T22:32:28.013+0800: 1967.036: [ParNew
Desired survivor size 20112992 bytes, new threshold 8 (max 8)
- age   1:    1494432 bytes,    1494432 total
- age   2:    1730368 bytes,    3224800 total
- age   3:    7295520 bytes,   10520320 total
- age   4:    3304288 bytes,   13824608 total
- age   5:    2126048 bytes,   15950656 total
- age   6:    2033064 bytes,   17983720 total
- age   7:    2003056 bytes,   19986776 total
- age   8:     276144 bytes,   20262920 total
: 109248K->21824K(109248K), 0.0104098 secs] 201220K->113877K(502464K), 0.0104737 secs] [Times: user=0.04 sys=0.00, real=0.01 secs] 
Heap after GC invocations=277 (full 6):
 par new generation   total 109248K, used 21824K [0x00000007a0000000, 0x00000007a8000000, 0x00000007a8000000)
  eden space 87424K,   0% used [0x00000007a0000000, 0x00000007a0000000, 0x00000007a5560000)
  from space 21824K, 100% used [0x00000007a6ab0000, 0x00000007a8000000, 0x00000007a8000000)
  to   space 21824K,   0% used [0x00000007a5560000, 0x00000007a5560000, 0x00000007a6ab0000)
 concurrent mark-sweep generation total 393216K, used 92053K [0x00000007a8000000, 0x00000007c0000000, 0x00000007c0000000)
 Metaspace       used 40622K, capacity 41358K, committed 41588K, reserved 1085440K
  class space    used 4653K, capacity 4862K, committed 4988K, reserved 1048576K
}
2016-10-23T22:32:28.023+0800: 1967.047: Total time for which application threads were stopped: 0.0106502 seconds, Stopping threads took: 0.0000190 seconds
{Heap before GC invocations=277 (full 6):
 par new generation   total 109248K, used 109248K [0x00000007a0000000, 0x00000007a8000000, 0x00000007a8000000)
  eden space 87424K, 100% used [0x00000007a0000000, 0x00000007a5560000, 0x00000007a5560000)
  from space 21824K, 100% used [0x00000007a6ab0000, 0x00000007a8000000, 0x00000007a8000000)
  to   space 21824K,   0% used [0x00000007a5560000, 0x00000007a5560000, 0x00000007a6ab0000)
 concurrent mark-sweep generation total 393216K, used 92053K [0x00000007a8000000, 0x00000007c0000000, 0x00000007c0000000)
 Metaspace       used 40623K, capacity 41358K, committed 41588K, reserved 1085440K
  class space    used 4653K, capacity 4862K, committed 4988K, reserved 1048576K
2016-10-23T22:32:28.165+0800: 1967.189: [GC (Allocation Failure) 2016-10-23T22:32:28.165+0800: 1967.189: [ParNew
Desired survivor size 20112992 bytes, new threshold 8 (max 8)
- age   1:    3750152 bytes,    3750152 total
- age   2:     734280 bytes,    4484432 total
- age   3:    1422448 bytes,    5906880 total
- age   4:    5859360 bytes,   11766240 total
- age   5:    3192056 bytes,   14958296 total
- age   6:    2050984 bytes,   17009280 total
- age   7:    1992520 bytes,   19001800 total
- age   8:    1909368 bytes,   20911168 total
: 109248K->21824K(109248K), 0.0116483 secs] 201301K->117535K(502464K), 0.0117018 secs] [Times: user=0.04 sys=0.00, real=0.01 secs] 
Heap after GC invocations=278 (full 6):
 par new generation   total 109248K, used 21824K [0x00000007a0000000, 0x00000007a8000000, 0x00000007a8000000)
  eden space 87424K,   0% used [0x00000007a0000000, 0x00000007a0000000, 0x00000007a5560000)
  from space 21824K, 100% used [0x00000007a5560000, 0x00000007a6ab0000, 0x00000007a6ab0000)
  to   space 21824K,   0% used [0x00000007a6ab0000, 0x00000007a6ab0000, 0x00000007a8000000)
 concurrent mark-sweep generation total 393216K, used 95711K [0x00000007a8000000, 0x00000007c0000000, 0x00000007c0000000)
 Metaspace       used 40623K, capacity 41358K, committed 41588K, reserved 1085440K
  class space    used 4653K, capacity 4862K, committed 4988K, reserved 1048576K
}
2016-10-23T22:32:28.177+0800: 1967.201: Total time for which application threads were stopped: 0.0120015 seconds, Stopping threads took: 0.0000778 seconds
{Heap before GC invocations=278 (full 6):
 par new generation   total 109248K, used 109248K [0x00000007a0000000, 0x00000007a8000000, 0x00000007a8000000)
  eden space 87424K, 100% used [0x00000007a0000000, 0x00000007a5560000, 0x00000007a5560000)
  from space 21824K, 100% used [0x00000007a5560000, 0x00000007a6ab0000, 0x00000007a6ab0000)
  to   space 21824K,   0% used [0x00000007a6ab0000, 0x00000007a6ab0000, 0x00000007a8000000)
 concurrent mark-sweep generation total 393216K, used 95711K [0x00000007a8000000, 0x00000007c0000000, 0x00000007c0000000)
 Metaspace       used 40623K, capacity 41358K, committed 41588K, reserved 1085440K
  class space    used 4653K, capacity 4862K, committed 4988K, reserved 1048576K
2016-10-23T22:32:28.314+0800: 1967.337: [GC (Allocation Failure) 2016-10-23T22:32:28.314+0800: 1967.337: [ParNew
Desired survivor size 20112992 bytes, new threshold 7 (max 8)
- age   1:    5445984 bytes,    5445984 total
- age   2:    2430320 bytes,    7876304 total
- age   3:     641992 bytes,    8518296 total
- age   4:    1266000 bytes,    9784296 total
- age   5:    5123448 bytes,   14907744 total
- age   6:    3192008 bytes,   18099752 total
- age   7:    2050944 bytes,   20150696 total
- age   8:    1992232 bytes,   22142928 total
: 109248K->21824K(109248K), 0.0137439 secs] 204959K->122376K(502464K), 0.0137955 secs] [Times: user=0.05 sys=0.00, real=0.01 secs] 
Heap after GC invocations=279 (full 6):
 par new generation   total 109248K, used 21824K [0x00000007a0000000, 0x00000007a8000000, 0x00000007a8000000)
  eden space 87424K,   0% used [0x00000007a0000000, 0x00000007a0000000, 0x00000007a5560000)
  from space 21824K, 100% used [0x00000007a6ab0000, 0x00000007a8000000, 0x00000007a8000000)
  to   space 21824K,   0% used [0x00000007a5560000, 0x00000007a5560000, 0x00000007a6ab0000)
 concurrent mark-sweep generation total 393216K, used 100552K [0x00000007a8000000, 0x00000007c0000000, 0x00000007c0000000)
 Metaspace       used 40623K, capacity 41358K, committed 41588K, reserved 1085440K
  class space    used 4653K, capacity 4862K, committed 4988K, reserved 1048576K
}
2016-10-23T22:32:28.327+0800: 1967.351: Total time for which application threads were stopped: 0.0140224 seconds, Stopping threads took: 0.0000262 seconds
{Heap before GC invocations=279 (full 6):
 par new generation   total 109248K, used 109248K [0x00000007a0000000, 0x00000007a8000000, 0x00000007a8000000)
  eden space 87424K, 100% used [0x00000007a0000000, 0x00000007a5560000, 0x00000007a5560000)
  from space 21824K, 100% used [0x00000007a6ab0000, 0x00000007a8000000, 0x00000007a8000000)
  to   space 21824K,   0% used [0x00000007a5560000, 0x00000007a5560000, 0x00000007a6ab0000)
 concurrent mark-sweep generation total 393216K, used 100552K [0x00000007a8000000, 0x00000007c0000000, 0x00000007c0000000)
 Metaspace       used 40623K, capacity 41358K, committed 41588K, reserved 1085440K
  class space    used 4653K, capacity 4862K, committed 4988K, reserved 1048576K
2016-10-23T22:32:28.465+0800: 1967.489: [GC (Allocation Failure) 2016-10-23T22:32:28.465+0800: 1967.489: [ParNew
Desired survivor size 20112992 bytes, new threshold 7 (max 8)
- age   1:    5990816 bytes,    5990816 total
- age   2:    2776016 bytes,    8766832 total
- age   3:    2107472 bytes,   10874304 total
- age   4:     600424 bytes,   11474728 total
- age   5:    1191568 bytes,   12666296 total
- age   6:    5122752 bytes,   17789048 total
- age   7:    3192008 bytes,   20981056 total
: 109248K->21824K(109248K), 0.0144377 secs] 209800K->128791K(502464K), 0.0145119 secs] [Times: user=0.05 sys=0.00, real=0.02 secs] 
Heap after GC invocations=280 (full 6):
 par new generation   total 109248K, used 21824K [0x00000007a0000000, 0x00000007a8000000, 0x00000007a8000000)
  eden space 87424K,   0% used [0x00000007a0000000, 0x00000007a0000000, 0x00000007a5560000)
  from space 21824K, 100% used [0x00000007a5560000, 0x00000007a6ab0000, 0x00000007a6ab0000)
  to   space 21824K,   0% used [0x00000007a6ab0000, 0x00000007a6ab0000, 0x00000007a8000000)
 concurrent mark-sweep generation total 393216K, used 106967K [0x00000007a8000000, 0x00000007c0000000, 0x00000007c0000000)
 Metaspace       used 40623K, capacity 41358K, committed 41588K, reserved 1085440K
  class space    used 4653K, capacity 4862K, committed 4988K, reserved 1048576K
}
2016-10-23T22:32:28.480+0800: 1967.503: Total time for which application threads were stopped: 0.0147143 seconds, Stopping threads took: 0.0000339 seconds
{Heap before GC invocations=280 (full 6):
 par new generation   total 109248K, used 109248K [0x00000007a0000000, 0x00000007a8000000, 0x00000007a8000000)
  eden space 87424K, 100% used [0x00000007a0000000, 0x00000007a5560000, 0x00000007a5560000)
  from space 21824K, 100% used [0x00000007a5560000, 0x00000007a6ab0000, 0x00000007a6ab0000)
  to   space 21824K,   0% used [0x00000007a6ab0000, 0x00000007a6ab0000, 0x00000007a8000000)
 concurrent mark-sweep generation total 393216K, used 106967K [0x00000007a8000000, 0x00000007c0000000, 0x00000007c0000000)
 Metaspace       used 40623K, capacity 41358K, committed 41588K, reserved 1085440K
  class space    used 4653K, capacity 4862K, committed 4988K, reserved 1048576K
2016-10-23T22:32:28.618+0800: 1967.641: [GC (Allocation Failure) 2016-10-23T22:32:28.618+0800: 1967.641: [ParNew
Desired survivor size 20112992 bytes, new threshold 7 (max 8)
- age   1:    6851064 bytes,    6851064 total
- age   2:    3727056 bytes,   10578120 total
- age   3:    2440472 bytes,   13018592 total
- age   4:    1908352 bytes,   14926944 total
- age   5:     564848 bytes,   15491792 total
- age   6:    1108776 bytes,   16600568 total
- age   7:    5120584 bytes,   21721152 total
: 109248K->21824K(109248K), 0.0140587 secs] 216215K->133422K(502464K), 0.0141200 secs] [Times: user=0.05 sys=0.00, real=0.02 secs] 
Heap after GC invocations=281 (full 6):
 par new generation   total 109248K, used 21824K [0x00000007a0000000, 0x00000007a8000000, 0x00000007a8000000)
  eden space 87424K,   0% used [0x00000007a0000000, 0x00000007a0000000, 0x00000007a5560000)
  from space 21824K, 100% used [0x00000007a6ab0000, 0x00000007a8000000, 0x00000007a8000000)
  to   space 21824K,   0% used [0x00000007a5560000, 0x00000007a5560000, 0x00000007a6ab0000)
 concurrent mark-sweep generation total 393216K, used 111598K [0x00000007a8000000, 0x00000007c0000000, 0x00000007c0000000)
 Metaspace       used 40623K, capacity 41358K, committed 41588K, reserved 1085440K
  class space    used 4653K, capacity 4862K, committed 4988K, reserved 1048576K
}
2016-10-23T22:32:28.632+0800: 1967.656: Total time for which application threads were stopped: 0.0143919 seconds, Stopping threads took: 0.0000944 seconds
{Heap before GC invocations=281 (full 6):
 par new generation   total 109248K, used 109248K [0x00000007a0000000, 0x00000007a8000000, 0x00000007a8000000)
  eden space 87424K, 100% used [0x00000007a0000000, 0x00000007a5560000, 0x00000007a5560000)
  from space 21824K, 100% used [0x00000007a6ab0000, 0x00000007a8000000, 0x00000007a8000000)
  to   space 21824K,   0% used [0x00000007a5560000, 0x00000007a5560000, 0x00000007a6ab0000)
 concurrent mark-sweep generation total 393216K, used 111598K [0x00000007a8000000, 0x00000007c0000000, 0x00000007c0000000)
 Metaspace       used 40623K, capacity 41358K, committed 41588K, reserved 1085440K
  class space    used 4653K, capacity 4862K, committed 4988K, reserved 1048576K
2016-10-23T22:32:28.772+0800: 1967.796: [GC (Allocation Failure) 2016-10-23T22:32:28.773+0800: 1967.796: [ParNew
Desired survivor size 20112992 bytes, new threshold 8 (max 8)
- age   1:    7386704 bytes,    7386704 total
- age   2:    3916808 bytes,   11303512 total
- age   3:    2965864 bytes,   14269376 total
- age   4:    2288264 bytes,   16557640 total
- age   5:    1797656 bytes,   18355296 total
- age   6:     546312 bytes,   18901608 total
- age   7:    1051448 bytes,   19953056 total
: 109248K->21824K(109248K), 0.0147053 secs] 220846K->139934K(502464K), 0.0148389 secs] [Times: user=0.05 sys=0.01, real=0.01 secs] 
Heap after GC invocations=282 (full 6):
 par new generation   total 109248K, used 21824K [0x00000007a0000000, 0x00000007a8000000, 0x00000007a8000000)
  eden space 87424K,   0% used [0x00000007a0000000, 0x00000007a0000000, 0x00000007a5560000)
  from space 21824K, 100% used [0x00000007a5560000, 0x00000007a6ab0000, 0x00000007a6ab0000)
  to   space 21824K,   0% used [0x00000007a6ab0000, 0x00000007a6ab0000, 0x00000007a8000000)
 concurrent mark-sweep generation total 393216K, used 118110K [0x00000007a8000000, 0x00000007c0000000, 0x00000007c0000000)
 Metaspace       used 40623K, capacity 41358K, committed 41588K, reserved 1085440K
  class space    used 4653K, capacity 4862K, committed 4988K, reserved 1048576K
}
2016-10-23T22:32:28.787+0800: 1967.811: Total time for which application threads were stopped: 0.0150978 seconds, Stopping threads took: 0.0000921 seconds
2016-10-23T22:32:28.788+0800: 1967.812: Total time for which application threads were stopped: 0.0001702 seconds, Stopping threads took: 0.0000629 seconds
{Heap before GC invocations=282 (full 6):
 par new generation   total 109248K, used 109248K [0x00000007a0000000, 0x00000007a8000000, 0x00000007a8000000)
  eden space 87424K, 100% used [0x00000007a0000000, 0x00000007a5560000, 0x00000007a5560000)
  from space 21824K, 100% used [0x00000007a5560000, 0x00000007a6ab0000, 0x00000007a6ab0000)
  to   space 21824K,   0% used [0x00000007a6ab0000, 0x00000007a6ab0000, 0x00000007a8000000)
 concurrent mark-sweep generation total 393216K, used 118110K [0x00000007a8000000, 0x00000007c0000000, 0x00000007c0000000)
 Metaspace       used 40625K, capacity 41358K, committed 41588K, reserved 1085440K
  class space    used 4653K, capacity 4862K, committed 4988K, reserved 1048576K
2016-10-23T22:32:28.909+0800: 1967.933: [GC (Allocation Failure) 2016-10-23T22:32:28.909+0800: 1967.933: [ParNew
Desired survivor size 20112992 bytes, new threshold 8 (max 8)
- age   1:    2445056 bytes,    2445056 total
- age   2:    6530136 bytes,    8975192 total
- age   3:    3649192 bytes,   12624384 total
- age   4:    2708096 bytes,   15332480 total
- age   5:    2092872 bytes,   17425352 total
- age   6:    1615192 bytes,   19040544 total
- age   7:     515040 bytes,   19555584 total
- age   8:     934872 bytes,   20490456 total
: 109248K->21824K(109248K), 0.0114042 secs] 227358K->142199K(502464K), 0.0114495 secs] [Times: user=0.04 sys=0.00, real=0.02 secs] 
Heap after GC invocations=283 (full 6):
 par new generation   total 109248K, used 21824K [0x00000007a0000000, 0x00000007a8000000, 0x00000007a8000000)
  eden space 87424K,   0% used [0x00000007a0000000, 0x00000007a0000000, 0x00000007a5560000)
  from space 21824K, 100% used [0x00000007a6ab0000, 0x00000007a8000000, 0x00000007a8000000)
  to   space 21824K,   0% used [0x00000007a5560000, 0x00000007a5560000, 0x00000007a6ab0000)
 concurrent mark-sweep generation total 393216K, used 120375K [0x00000007a8000000, 0x00000007c0000000, 0x00000007c0000000)
 Metaspace       used 40625K, capacity 41358K, committed 41588K, reserved 1085440K
  class space    used 4653K, capacity 4862K, committed 4988K, reserved 1048576K
}
2016-10-23T22:32:28.921+0800: 1967.944: Total time for which application threads were stopped: 0.0116840 seconds, Stopping threads took: 0.0000743 seconds
{Heap before GC invocations=283 (full 6):
 par new generation   total 109248K, used 109248K [0x00000007a0000000, 0x00000007a8000000, 0x00000007a8000000)
  eden space 87424K, 100% used [0x00000007a0000000, 0x00000007a5560000, 0x00000007a5560000)
  from space 21824K, 100% used [0x00000007a6ab0000, 0x00000007a8000000, 0x00000007a8000000)
  to   space 21824K,   0% used [0x00000007a5560000, 0x00000007a5560000, 0x00000007a6ab0000)
 concurrent mark-sweep generation total 393216K, used 120375K [0x00000007a8000000, 0x00000007c0000000, 0x00000007c0000000)
 Metaspace       used 40625K, capacity 41358K, committed 41588K, reserved 1085440K
  class space    used 4653K, capacity 4862K, committed 4988K, reserved 1048576K
2016-10-23T22:32:28.965+0800: 1967.988: [GC (Allocation Failure) 2016-10-23T22:32:28.965+0800: 1967.988: [ParNew
Desired survivor size 20112992 bytes, new threshold 8 (max 8)
- age   1:    1284176 bytes,    1284176 total
- age   2:    2253432 bytes,    3537608 total
- age   3:    6158048 bytes,    9695656 total
- age   4:    3449448 bytes,   13145104 total
- age   5:    2546776 bytes,   15691880 total
- age   6:    2053608 bytes,   17745488 total
- age   7:    1566744 bytes,   19312232 total
- age   8:     505584 bytes,   19817816 total
: 109248K->21824K(109248K), 0.0106376 secs] 229623K->143551K(502464K), 0.0107155 secs] [Times: user=0.04 sys=0.00, real=0.01 secs] 
Heap after GC invocations=284 (full 6):
 par new generation   total 109248K, used 21824K [0x00000007a0000000, 0x00000007a8000000, 0x00000007a8000000)
  eden space 87424K,   0% used [0x00000007a0000000, 0x00000007a0000000, 0x00000007a5560000)
  from space 21824K, 100% used [0x00000007a5560000, 0x00000007a6ab0000, 0x00000007a6ab0000)
  to   space 21824K,   0% used [0x00000007a6ab0000, 0x00000007a6ab0000, 0x00000007a8000000)
 concurrent mark-sweep generation total 393216K, used 121727K [0x00000007a8000000, 0x00000007c0000000, 0x00000007c0000000)
 Metaspace       used 40625K, capacity 41358K, committed 41588K, reserved 1085440K
  class space    used 4653K, capacity 4862K, committed 4988K, reserved 1048576K
}
2016-10-23T22:32:28.975+0800: 1967.999: Total time for which application threads were stopped: 0.0109726 seconds, Stopping threads took: 0.0000996 seconds
{Heap before GC invocations=284 (full 6):
 par new generation   total 109248K, used 109248K [0x00000007a0000000, 0x00000007a8000000, 0x00000007a8000000)
  eden space 87424K, 100% used [0x00000007a0000000, 0x00000007a5560000, 0x00000007a5560000)
  from space 21824K, 100% used [0x00000007a5560000, 0x00000007a6ab0000, 0x00000007a6ab0000)
  to   space 21824K,   0% used [0x00000007a6ab0000, 0x00000007a6ab0000, 0x00000007a8000000)
 concurrent mark-sweep generation total 393216K, used 121727K [0x00000007a8000000, 0x00000007c0000000, 0x00000007c0000000)
 Metaspace       used 40628K, capacity 41358K, committed 41588K, reserved 1085440K
  class space    used 4653K, capacity 4862K, committed 4988K, reserved 1048576K
2016-10-23T22:32:29.110+0800: 1968.133: [GC (Allocation Failure) 2016-10-23T22:32:29.110+0800: 1968.133: [ParNew
Desired survivor size 20112992 bytes, new threshold 8 (max 8)
- age   1:    4439032 bytes,    4439032 total
- age   2:     630248 bytes,    5069280 total
- age   3:    1496288 bytes,    6565568 total
- age   4:    5051952 bytes,   11617520 total
- age   5:    3019520 bytes,   14637040 total
- age   6:    2292736 bytes,   16929776 total
- age   7:    1609936 bytes,   18539712 total
- age   8:    1186192 bytes,   19725904 total
: 109248K->21824K(109248K), 0.0105554 secs] 230975K->147287K(502464K), 0.0106076 secs] [Times: user=0.04 sys=0.00, real=0.01 secs] 
Heap after GC invocations=285 (full 6):
 par new generation   total 109248K, used 21824K [0x00000007a0000000, 0x00000007a8000000, 0x00000007a8000000)
  eden space 87424K,   0% used [0x00000007a0000000, 0x00000007a0000000, 0x00000007a5560000)
  from space 21824K, 100% used [0x00000007a6ab0000, 0x00000007a8000000, 0x00000007a8000000)
  to   space 21824K,   0% used [0x00000007a5560000, 0x00000007a5560000, 0x00000007a6ab0000)
 concurrent mark-sweep generation total 393216K, used 125463K [0x00000007a8000000, 0x00000007c0000000, 0x00000007c0000000)
 Metaspace       used 40628K, capacity 41358K, committed 41588K, reserved 1085440K
  class space    used 4653K, capacity 4862K, committed 4988K, reserved 1048576K
}
2016-10-23T22:32:29.120+0800: 1968.144: Total time for which application threads were stopped: 0.0108791 seconds, Stopping threads took: 0.0000951 seconds
{Heap before GC invocations=285 (full 6):
 par new generation   total 109248K, used 109248K [0x00000007a0000000, 0x00000007a8000000, 0x00000007a8000000)
  eden space 87424K, 100% used [0x00000007a0000000, 0x00000007a5560000, 0x00000007a5560000)
  from space 21824K, 100% used [0x00000007a6ab0000, 0x00000007a8000000, 0x00000007a8000000)
  to   space 21824K,   0% used [0x00000007a5560000, 0x00000007a5560000, 0x00000007a6ab0000)
 concurrent mark-sweep generation total 393216K, used 125463K [0x00000007a8000000, 0x00000007c0000000, 0x00000007c0000000)
 Metaspace       used 40628K, capacity 41358K, committed 41588K, reserved 1085440K
  class space    used 4653K, capacity 4862K, committed 4988K, reserved 1048576K
2016-10-23T22:32:29.256+0800: 1968.280: [GC (Allocation Failure) 2016-10-23T22:32:29.256+0800: 1968.280: [ParNew
Desired survivor size 20112992 bytes, new threshold 8 (max 8)
- age   1:    4990024 bytes,    4990024 total
- age   2:    2625080 bytes,    7615104 total
- age   3:     426272 bytes,    8041376 total
- age   4:    1307472 bytes,    9348848 total
- age   5:    5010792 bytes,   14359640 total
- age   6:    3008672 bytes,   17368312 total
- age   7:    2280648 bytes,   19648960 total
- age   8:    1606736 bytes,   21255696 total
: 109248K->21824K(109248K), 0.0137541 secs] 234711K->151144K(502464K), 0.0138311 secs] [Times: user=0.05 sys=0.00, real=0.02 secs] 
Heap after GC invocations=286 (full 6):
 par new generation   total 109248K, used 21824K [0x00000007a0000000, 0x00000007a8000000, 0x00000007a8000000)
  eden space 87424K,   0% used [0x00000007a0000000, 0x00000007a0000000, 0x00000007a5560000)
  from space 21824K, 100% used [0x00000007a5560000, 0x00000007a6ab0000, 0x00000007a6ab0000)
  to   space 21824K,   0% used [0x00000007a6ab0000, 0x00000007a6ab0000, 0x00000007a8000000)
 concurrent mark-sweep generation total 393216K, used 129320K [0x00000007a8000000, 0x00000007c0000000, 0x00000007c0000000)
 Metaspace       used 40628K, capacity 41358K, committed 41588K, reserved 1085440K
  class space    used 4653K, capacity 4862K, committed 4988K, reserved 1048576K
}
2016-10-23T22:32:29.270+0800: 1968.294: Total time for which application threads were stopped: 0.0141106 seconds, Stopping threads took: 0.0000888 seconds
{Heap before GC invocations=286 (full 6):
 par new generation   total 109248K, used 109248K [0x00000007a0000000, 0x00000007a8000000, 0x00000007a8000000)
  eden space 87424K, 100% used [0x00000007a0000000, 0x00000007a5560000, 0x00000007a5560000)
  from space 21824K, 100% used [0x00000007a5560000, 0x00000007a6ab0000, 0x00000007a6ab0000)
  to   space 21824K,   0% used [0x00000007a6ab0000, 0x00000007a6ab0000, 0x00000007a8000000)
 concurrent mark-sweep generation total 393216K, used 129320K [0x00000007a8000000, 0x00000007c0000000, 0x00000007c0000000)
 Metaspace       used 40628K, capacity 41358K, committed 41588K, reserved 1085440K
  class space    used 4653K, capacity 4862K, committed 4988K, reserved 1048576K
2016-10-23T22:32:29.408+0800: 1968.432: [GC (Allocation Failure) 2016-10-23T22:32:29.408+0800: 1968.432: [ParNew
Desired survivor size 20112992 bytes, new threshold 8 (max 8)
- age   1:    5324312 bytes,    5324312 total
- age   2:    2395632 bytes,    7719944 total
- age   3:    2182048 bytes,    9901992 total
- age   4:     341280 bytes,   10243272 total
- age   5:    1268088 bytes,   11511360 total
- age   6:    3992512 bytes,   15503872 total
- age   7:    2525240 bytes,   18029112 total
- age   8:    1901728 bytes,   19930840 total
: 109248K->21824K(109248K), 0.0141287 secs] 238568K->157882K(502464K), 0.0141954 secs] [Times: user=0.05 sys=0.00, real=0.02 secs] 
Heap after GC invocations=287 (full 6):
 par new generation   total 109248K, used 21824K [0x00000007a0000000, 0x00000007a8000000, 0x00000007a8000000)
  eden space 87424K,   0% used [0x00000007a0000000, 0x00000007a0000000, 0x00000007a5560000)
  from space 21824K, 100% used [0x00000007a6ab0000, 0x00000007a8000000, 0x00000007a8000000)
  to   space 21824K,   0% used [0x00000007a5560000, 0x00000007a5560000, 0x00000007a6ab0000)
 concurrent mark-sweep generation total 393216K, used 136058K [0x00000007a8000000, 0x00000007c0000000, 0x00000007c0000000)
 Metaspace       used 40628K, capacity 41358K, committed 41588K, reserved 1085440K
  class space    used 4653K, capacity 4862K, committed 4988K, reserved 1048576K
}
2016-10-23T22:32:29.422+0800: 1968.446: Total time for which application threads were stopped: 0.0144639 seconds, Stopping threads took: 0.0000834 seconds
{Heap before GC invocations=287 (full 6):
 par new generation   total 109248K, used 109248K [0x00000007a0000000, 0x00000007a8000000, 0x00000007a8000000)
  eden space 87424K, 100% used [0x00000007a0000000, 0x00000007a5560000, 0x00000007a5560000)
  from space 21824K, 100% used [0x00000007a6ab0000, 0x00000007a8000000, 0x00000007a8000000)
  to   space 21824K,   0% used [0x00000007a5560000, 0x00000007a5560000, 0x00000007a6ab0000)
 concurrent mark-sweep generation total 393216K, used 136058K [0x00000007a8000000, 0x00000007c0000000, 0x00000007c0000000)
 Metaspace       used 40628K, capacity 41358K, committed 41588K, reserved 1085440K
  class space    used 4653K, capacity 4862K, committed 4988K, reserved 1048576K
2016-10-23T22:32:29.562+0800: 1968.585: [GC (Allocation Failure) 2016-10-23T22:32:29.562+0800: 1968.585: [ParNew
Desired survivor size 20112992 bytes, new threshold 8 (max 8)
- age   1:    5952464 bytes,    5952464 total
- age   2:    3717256 bytes,    9669720 total
- age   3:    2021400 bytes,   11691120 total
- age   4:    2000864 bytes,   13691984 total
- age   5:     311704 bytes,   14003688 total
- age   6:    1181800 bytes,   15185488 total
- age   7:    3728872 bytes,   18914360 total
- age   8:    2514296 bytes,   21428656 total
: 109248K->21824K(109248K), 0.0141984 secs] 245306K->162309K(502464K), 0.0142599 secs] [Times: user=0.05 sys=0.00, real=0.01 secs] 
Heap after GC invocations=288 (full 6):
 par new generation   total 109248K, used 21824K [0x00000007a0000000, 0x00000007a8000000, 0x00000007a8000000)
  eden space 87424K,   0% used [0x00000007a0000000, 0x00000007a0000000, 0x00000007a5560000)
  from space 21824K, 100% used [0x00000007a5560000, 0x00000007a6ab0000, 0x00000007a6ab0000)
  to   space 21824K,   0% used [0x00000007a6ab0000, 0x00000007a6ab0000, 0x00000007a8000000)
 concurrent mark-sweep generation total 393216K, used 140485K [0x00000007a8000000, 0x00000007c0000000, 0x00000007c0000000)
 Metaspace       used 40628K, capacity 41358K, committed 41588K, reserved 1085440K
  class space    used 4653K, capacity 4862K, committed 4988K, reserved 1048576K
}
2016-10-23T22:32:29.576+0800: 1968.599: Total time for which application threads were stopped: 0.0145192 seconds, Stopping threads took: 0.0000880 seconds
{Heap before GC invocations=288 (full 6):
 par new generation   total 109248K, used 109248K [0x00000007a0000000, 0x00000007a8000000, 0x00000007a8000000)
  eden space 87424K, 100% used [0x00000007a0000000, 0x00000007a5560000, 0x00000007a5560000)
  from space 21824K, 100% used [0x00000007a5560000, 0x00000007a6ab0000, 0x00000007a6ab0000)
  to   space 21824K,   0% used [0x00000007a6ab0000, 0x00000007a6ab0000, 0x00000007a8000000)
 concurrent mark-sweep generation total 393216K, used 140485K [0x00000007a8000000, 0x00000007c0000000, 0x00000007c0000000)
 Metaspace       used 40628K, capacity 41358K, committed 41588K, reserved 1085440K
  class space    used 4653K, capacity 4862K, committed 4988K, reserved 1048576K
2016-10-23T22:32:29.714+0800: 1968.738: [GC (Allocation Failure) 2016-10-23T22:32:29.715+0800: 1968.738: [ParNew
Desired survivor size 20112992 bytes, new threshold 8 (max 8)
- age   1:    6223872 bytes,    6223872 total
- age   2:    2511976 bytes,    8735848 total
- age   3:    2426272 bytes,   11162120 total
- age   4:    1699264 bytes,   12861384 total
- age   5:    1775160 bytes,   14636544 total
- age   6:     275960 bytes,   14912504 total
- age   7:    1140224 bytes,   16052728 total
- age   8:    3724520 bytes,   19777248 total
: 109248K->21824K(109248K), 0.0153185 secs] 249733K->168947K(502464K), 0.0154040 secs] [Times: user=0.06 sys=0.00, real=0.02 secs] 
Heap after GC invocations=289 (full 6):
 par new generation   total 109248K, used 21824K [0x00000007a0000000, 0x00000007a8000000, 0x00000007a8000000)
  eden space 87424K,   0% used [0x00000007a0000000, 0x00000007a0000000, 0x00000007a5560000)
  from space 21824K, 100% used [0x00000007a6ab0000, 0x00000007a8000000, 0x00000007a8000000)
  to   space 21824K,   0% used [0x00000007a5560000, 0x00000007a5560000, 0x00000007a6ab0000)
 concurrent mark-sweep generation total 393216K, used 147123K [0x00000007a8000000, 0x00000007c0000000, 0x00000007c0000000)
 Metaspace       used 40628K, capacity 41358K, committed 41588K, reserved 1085440K
  class space    used 4653K, capacity 4862K, committed 4988K, reserved 1048576K
}
2016-10-23T22:32:29.730+0800: 1968.753: Total time for which application threads were stopped: 0.0156017 seconds, Stopping threads took: 0.0000302 seconds
{Heap before GC invocations=289 (full 6):
 par new generation   total 109248K, used 109248K [0x00000007a0000000, 0x00000007a8000000, 0x00000007a8000000)
  eden space 87424K, 100% used [0x00000007a0000000, 0x00000007a5560000, 0x00000007a5560000)
  from space 21824K, 100% used [0x00000007a6ab0000, 0x00000007a8000000, 0x00000007a8000000)
  to   space 21824K,   0% used [0x00000007a5560000, 0x00000007a5560000, 0x00000007a6ab0000)
 concurrent mark-sweep generation total 393216K, used 147123K [0x00000007a8000000, 0x00000007c0000000, 0x00000007c0000000)
 Metaspace       used 40628K, capacity 41358K, committed 41588K, reserved 1085440K
  class space    used 4653K, capacity 4862K, committed 4988K, reserved 1048576K
2016-10-23T22:32:29.920+0800: 1968.943: [GC (Allocation Failure) 2016-10-23T22:32:29.922+0800: 1968.945: [ParNew
Desired survivor size 20112992 bytes, new threshold 8 (max 8)
- age   1:    4810040 bytes,    4810040 total
- age   2:    3753936 bytes,    8563976 total
- age   3:    2368816 bytes,   10932792 total
- age   4:    2294112 bytes,   13226904 total
- age   5:    1563008 bytes,   14789912 total
- age   6:    1663488 bytes,   16453400 total
- age   7:     257976 bytes,   16711376 total
- age   8:    1039672 bytes,   17751048 total
: 109248K->21824K(109248K), 0.0118362 secs] 256371K->172610K(502464K), 0.0138632 secs] [Times: user=0.04 sys=0.00, real=0.01 secs] 
Heap after GC invocations=290 (full 6):
 par new generation   total 109248K, used 21824K [0x00000007a0000000, 0x00000007a8000000, 0x00000007a8000000)
  eden space 87424K,   0% used [0x00000007a0000000, 0x00000007a0000000, 0x00000007a5560000)
  from space 21824K, 100% used [0x00000007a5560000, 0x00000007a6ab0000, 0x00000007a6ab0000)
  to   space 21824K,   0% used [0x00000007a6ab0000, 0x00000007a6ab0000, 0x00000007a8000000)
 concurrent mark-sweep generation total 393216K, used 150786K [0x00000007a8000000, 0x00000007c0000000, 0x00000007c0000000)
 Metaspace       used 40628K, capacity 41358K, committed 41588K, reserved 1085440K
  class space    used 4653K, capacity 4862K, committed 4988K, reserved 1048576K
}
2016-10-23T22:32:29.933+0800: 1968.957: Total time for which application threads were stopped: 0.0141408 seconds, Stopping threads took: 0.0000934 seconds
{Heap before GC invocations=290 (full 6):
 par new generation   total 109248K, used 109248K [0x00000007a0000000, 0x00000007a8000000, 0x00000007a8000000)
  eden space 87424K, 100% used [0x00000007a0000000, 0x00000007a5560000, 0x00000007a5560000)
  from space 21824K, 100% used [0x00000007a5560000, 0x00000007a6ab0000, 0x00000007a6ab0000)
  to   space 21824K,   0% used [0x00000007a6ab0000, 0x00000007a6ab0000, 0x00000007a8000000)
 concurrent mark-sweep generation total 393216K, used 150786K [0x00000007a8000000, 0x00000007c0000000, 0x00000007c0000000)
 Metaspace       used 40628K, capacity 41358K, committed 41588K, reserved 1085440K
  class space    used 4653K, capacity 4862K, committed 4988K, reserved 1048576K
2016-10-23T22:32:29.984+0800: 1969.007: [GC (Allocation Failure) 2016-10-23T22:32:29.984+0800: 1969.007: [ParNew
Desired survivor size 20112992 bytes, new threshold 8 (max 8)
- age   1:     906952 bytes,     906952 total
- age   2:    4396568 bytes,    5303520 total
- age   3:    3431728 bytes,    8735248 total
- age   4:    2054984 bytes,   10790232 total
- age   5:    2068192 bytes,   12858424 total
- age   6:    1233360 bytes,   14091784 total
- age   7:    1455248 bytes,   15547032 total
- age   8:     257736 bytes,   15804768 total
: 109248K->21824K(109248K), 0.0096015 secs] 260034K->174355K(502464K), 0.0097001 secs] [Times: user=0.02 sys=0.00, real=0.01 secs] 
Heap after GC invocations=291 (full 6):
 par new generation   total 109248K, used 21824K [0x00000007a0000000, 0x00000007a8000000, 0x00000007a8000000)
  eden space 87424K,   0% used [0x00000007a0000000, 0x00000007a0000000, 0x00000007a5560000)
  from space 21824K, 100% used [0x00000007a6ab0000, 0x00000007a8000000, 0x00000007a8000000)
  to   space 21824K,   0% used [0x00000007a5560000, 0x00000007a5560000, 0x00000007a6ab0000)
 concurrent mark-sweep generation total 393216K, used 152531K [0x00000007a8000000, 0x00000007c0000000, 0x00000007c0000000)
 Metaspace       used 40628K, capacity 41358K, committed 41588K, reserved 1085440K
  class space    used 4653K, capacity 4862K, committed 4988K, reserved 1048576K
}
2016-10-23T22:32:29.993+0800: 1969.017: Total time for which application threads were stopped: 0.0099734 seconds, Stopping threads took: 0.0000302 seconds
2016-10-23T22:32:30.004+0800: 1969.027: Total time for which application threads were stopped: 0.0002210 seconds, Stopping threads took: 0.0000781 seconds
2016-10-23T22:32:30.017+0800: 1969.040: Total time for which application threads were stopped: 0.0001832 seconds, Stopping threads took: 0.0000750 seconds
{Heap before GC invocations=291 (full 6):
 par new generation   total 109248K, used 109248K [0x00000007a0000000, 0x00000007a8000000, 0x00000007a8000000)
  eden space 87424K, 100% used [0x00000007a0000000, 0x00000007a5560000, 0x00000007a5560000)
  from space 21824K, 100% used [0x00000007a6ab0000, 0x00000007a8000000, 0x00000007a8000000)
  to   space 21824K,   0% used [0x00000007a5560000, 0x00000007a5560000, 0x00000007a6ab0000)
 concurrent mark-sweep generation total 393216K, used 152531K [0x00000007a8000000, 0x00000007c0000000, 0x00000007c0000000)
 Metaspace       used 40628K, capacity 41358K, committed 41588K, reserved 1085440K
  class space    used 4653K, capacity 4862K, committed 4988K, reserved 1048576K
2016-10-23T22:32:30.075+0800: 1969.099: [GC (Allocation Failure) 2016-10-23T22:32:30.075+0800: 1969.099: [ParNew
Desired survivor size 20112992 bytes, new threshold 8 (max 8)
- age   1:    3379288 bytes,    3379288 total
- age   2:     666112 bytes,    4045400 total
- age   3:    3861152 bytes,    7906552 total
- age   4:    3126064 bytes,   11032616 total
- age   5:    2010584 bytes,   13043200 total
- age   6:    2067088 bytes,   15110288 total
- age   7:    1232936 bytes,   16343224 total
- age   8:    1454744 bytes,   17797968 total
: 109248K->21824K(109248K), 0.0098757 secs] 261779K->174906K(502464K), 0.0099319 secs] [Times: user=0.04 sys=0.00, real=0.01 secs] 
Heap after GC invocations=292 (full 6):
 par new generation   total 109248K, used 21824K [0x00000007a0000000, 0x00000007a8000000, 0x00000007a8000000)
  eden space 87424K,   0% used [0x00000007a0000000, 0x00000007a0000000, 0x00000007a5560000)
  from space 21824K, 100% used [0x00000007a5560000, 0x00000007a6ab0000, 0x00000007a6ab0000)
  to   space 21824K,   0% used [0x00000007a6ab0000, 0x00000007a6ab0000, 0x00000007a8000000)
 concurrent mark-sweep generation total 393216K, used 153082K [0x00000007a8000000, 0x00000007c0000000, 0x00000007c0000000)
 Metaspace       used 40628K, capacity 41358K, committed 41588K, reserved 1085440K
  class space    used 4653K, capacity 4862K, committed 4988K, reserved 1048576K
}
2016-10-23T22:32:30.085+0800: 1969.109: Total time for which application threads were stopped: 0.0102067 seconds, Stopping threads took: 0.0000703 seconds
{Heap before GC invocations=292 (full 6):
 par new generation   total 109248K, used 109248K [0x00000007a0000000, 0x00000007a8000000, 0x00000007a8000000)
  eden space 87424K, 100% used [0x00000007a0000000, 0x00000007a5560000, 0x00000007a5560000)
  from space 21824K, 100% used [0x00000007a5560000, 0x00000007a6ab0000, 0x00000007a6ab0000)
  to   space 21824K,   0% used [0x00000007a6ab0000, 0x00000007a6ab0000, 0x00000007a8000000)
 concurrent mark-sweep generation total 393216K, used 153082K [0x00000007a8000000, 0x00000007c0000000, 0x00000007c0000000)
 Metaspace       used 40628K, capacity 41358K, committed 41588K, reserved 1085440K
  class space    used 4653K, capacity 4862K, committed 4988K, reserved 1048576K
2016-10-23T22:32:30.128+0800: 1969.152: [GC (Allocation Failure) 2016-10-23T22:32:30.128+0800: 1969.152: [ParNew
Desired survivor size 20112992 bytes, new threshold 8 (max 8)
- age   1:    2077952 bytes,    2077952 total
- age   2:    2710072 bytes,    4788024 total
- age   3:     665480 bytes,    5453504 total
- age   4:    3861128 bytes,    9314632 total
- age   5:    3126064 bytes,   12440696 total
- age   6:    2010584 bytes,   14451280 total
- age   7:    2067040 bytes,   16518320 total
- age   8:    1232936 bytes,   17751256 total
: 109248K->21824K(109248K), 0.0111681 secs] 262330K->176328K(502464K), 0.0112294 secs] [Times: user=0.04 sys=0.00, real=0.01 secs] 
Heap after GC invocations=293 (full 6):
 par new generation   total 109248K, used 21824K [0x00000007a0000000, 0x00000007a8000000, 0x00000007a8000000)
  eden space 87424K,   0% used [0x00000007a0000000, 0x00000007a0000000, 0x00000007a5560000)
  from space 21824K, 100% used [0x00000007a6ab0000, 0x00000007a8000000, 0x00000007a8000000)
  to   space 21824K,   0% used [0x00000007a5560000, 0x00000007a5560000, 0x00000007a6ab0000)
 concurrent mark-sweep generation total 393216K, used 154504K [0x00000007a8000000, 0x00000007c0000000, 0x00000007c0000000)
 Metaspace       used 40628K, capacity 41358K, committed 41588K, reserved 1085440K
  class space    used 4653K, capacity 4862K, committed 4988K, reserved 1048576K
}
2016-10-23T22:32:30.139+0800: 1969.163: Total time for which application threads were stopped: 0.0114934 seconds, Stopping threads took: 0.0000852 seconds
{Heap before GC invocations=293 (full 6):
 par new generation   total 109248K, used 109248K [0x00000007a0000000, 0x00000007a8000000, 0x00000007a8000000)
  eden space 87424K, 100% used [0x00000007a0000000, 0x00000007a5560000, 0x00000007a5560000)
  from space 21824K, 100% used [0x00000007a6ab0000, 0x00000007a8000000, 0x00000007a8000000)
  to   space 21824K,   0% used [0x00000007a5560000, 0x00000007a5560000, 0x00000007a6ab0000)
 concurrent mark-sweep generation total 393216K, used 154504K [0x00000007a8000000, 0x00000007c0000000, 0x00000007c0000000)
 Metaspace       used 40628K, capacity 41358K, committed 41588K, reserved 1085440K
  class space    used 4653K, capacity 4862K, committed 4988K, reserved 1048576K
2016-10-23T22:32:30.183+0800: 1969.207: [GC (Allocation Failure) 2016-10-23T22:32:30.183+0800: 1969.207: [ParNew
Desired survivor size 20112992 bytes, new threshold 8 (max 8)
- age   1:    2206304 bytes,    2206304 total
- age   2:    1368592 bytes,    3574896 total
- age   3:    2531136 bytes,    6106032 total
- age   4:     429024 bytes,    6535056 total
- age   5:    3861128 bytes,   10396184 total
- age   6:    3126064 bytes,   13522248 total
- age   7:    2010584 bytes,   15532832 total
- age   8:    2067040 bytes,   17599872 total
: 109248K->21824K(109248K), 0.0098963 secs] 263752K->178093K(502464K), 0.0099493 secs] [Times: user=0.04 sys=0.00, real=0.01 secs] 
Heap after GC invocations=294 (full 6):
 par new generation   total 109248K, used 21824K [0x00000007a0000000, 0x00000007a8000000, 0x00000007a8000000)
  eden space 87424K,   0% used [0x00000007a0000000, 0x00000007a0000000, 0x00000007a5560000)
  from space 21824K, 100% used [0x00000007a5560000, 0x00000007a6ab0000, 0x00000007a6ab0000)
  to   space 21824K,   0% used [0x00000007a6ab0000, 0x00000007a6ab0000, 0x00000007a8000000)
 concurrent mark-sweep generation total 393216K, used 156269K [0x00000007a8000000, 0x00000007c0000000, 0x00000007c0000000)
 Metaspace       used 40628K, capacity 41358K, committed 41588K, reserved 1085440K
  class space    used 4653K, capacity 4862K, committed 4988K, reserved 1048576K
}
2016-10-23T22:32:30.193+0800: 1969.217: Total time for which application threads were stopped: 0.0101802 seconds, Stopping threads took: 0.0000659 seconds
{Heap before GC invocations=294 (full 6):
 par new generation   total 109248K, used 109248K [0x00000007a0000000, 0x00000007a8000000, 0x00000007a8000000)
  eden space 87424K, 100% used [0x00000007a0000000, 0x00000007a5560000, 0x00000007a5560000)
  from space 21824K, 100% used [0x00000007a5560000, 0x00000007a6ab0000, 0x00000007a6ab0000)
  to   space 21824K,   0% used [0x00000007a6ab0000, 0x00000007a6ab0000, 0x00000007a8000000)
 concurrent mark-sweep generation total 393216K, used 156269K [0x00000007a8000000, 0x00000007c0000000, 0x00000007c0000000)
 Metaspace       used 40628K, capacity 41358K, committed 41588K, reserved 1085440K
  class space    used 4653K, capacity 4862K, committed 4988K, reserved 1048576K
2016-10-23T22:32:30.274+0800: 1969.297: [GC (Allocation Failure) 2016-10-23T22:32:30.274+0800: 1969.298: [ParNew
Desired survivor size 20112992 bytes, new threshold 8 (max 8)
- age   1:    3462856 bytes,    3462856 total
- age   2:    1344456 bytes,    4807312 total
- age   3:    1107752 bytes,    5915064 total
- age   4:    1995456 bytes,    7910520 total
- age   5:     377800 bytes,    8288320 total
- age   6:    3857904 bytes,   12146224 total
- age   7:    3118440 bytes,   15264664 total
- age   8:    2005768 bytes,   17270432 total
: 109248K->21824K(109248K), 0.0107121 secs] 265517K->181229K(502464K), 0.0107932 secs] [Times: user=0.04 sys=0.01, real=0.01 secs] 
Heap after GC invocations=295 (full 6):
 par new generation   total 109248K, used 21824K [0x00000007a0000000, 0x00000007a8000000, 0x00000007a8000000)
  eden space 87424K,   0% used [0x00000007a0000000, 0x00000007a0000000, 0x00000007a5560000)
  from space 21824K, 100% used [0x00000007a6ab0000, 0x00000007a8000000, 0x00000007a8000000)
  to   space 21824K,   0% used [0x00000007a5560000, 0x00000007a5560000, 0x00000007a6ab0000)
 concurrent mark-sweep generation total 393216K, used 159405K [0x00000007a8000000, 0x00000007c0000000, 0x00000007c0000000)
 Metaspace       used 40628K, capacity 41358K, committed 41588K, reserved 1085440K
  class space    used 4653K, capacity 4862K, committed 4988K, reserved 1048576K
}
2016-10-23T22:32:30.285+0800: 1969.308: Total time for which application threads were stopped: 0.0110412 seconds, Stopping threads took: 0.0000617 seconds
{Heap before GC invocations=295 (full 6):
 par new generation   total 109248K, used 109248K [0x00000007a0000000, 0x00000007a8000000, 0x00000007a8000000)
  eden space 87424K, 100% used [0x00000007a0000000, 0x00000007a5560000, 0x00000007a5560000)
  from space 21824K, 100% used [0x00000007a6ab0000, 0x00000007a8000000, 0x00000007a8000000)
  to   space 21824K,   0% used [0x00000007a5560000, 0x00000007a5560000, 0x00000007a6ab0000)
 concurrent mark-sweep generation total 393216K, used 159405K [0x00000007a8000000, 0x00000007c0000000, 0x00000007c0000000)
 Metaspace       used 40628K, capacity 41358K, committed 41588K, reserved 1085440K
  class space    used 4653K, capacity 4862K, committed 4988K, reserved 1048576K
2016-10-23T22:32:30.362+0800: 1969.386: [GC (Allocation Failure) 2016-10-23T22:32:30.362+0800: 1969.386: [ParNew
Desired survivor size 20112992 bytes, new threshold 8 (max 8)
- age   1:    4492744 bytes,    4492744 total
- age   2:    2523568 bytes,    7016312 total
- age   3:    1082248 bytes,    8098560 total
- age   4:    1107752 bytes,    9206312 total
- age   5:    1995456 bytes,   11201768 total
- age   6:     377800 bytes,   11579568 total
- age   7:    3857904 bytes,   15437472 total
- age   8:    3118440 bytes,   18555912 total
: 109248K->21207K(109248K), 0.0098212 secs] 268653K->182587K(502464K), 0.0098754 secs] [Times: user=0.03 sys=0.00, real=0.01 secs] 
Heap after GC invocations=296 (full 6):
 par new generation   total 109248K, used 21207K [0x00000007a0000000, 0x00000007a8000000, 0x00000007a8000000)
  eden space 87424K,   0% used [0x00000007a0000000, 0x00000007a0000000, 0x00000007a5560000)
  from space 21824K,  97% used [0x00000007a5560000, 0x00000007a6a15d00, 0x00000007a6ab0000)
  to   space 21824K,   0% used [0x00000007a6ab0000, 0x00000007a6ab0000, 0x00000007a8000000)
 concurrent mark-sweep generation total 393216K, used 161380K [0x00000007a8000000, 0x00000007c0000000, 0x00000007c0000000)
 Metaspace       used 40628K, capacity 41358K, committed 41588K, reserved 1085440K
  class space    used 4653K, capacity 4862K, committed 4988K, reserved 1048576K
}
2016-10-23T22:32:30.372+0800: 1969.396: Total time for which application threads were stopped: 0.0101157 seconds, Stopping threads took: 0.0000534 seconds
{Heap before GC invocations=296 (full 6):
 par new generation   total 109248K, used 108631K [0x00000007a0000000, 0x00000007a8000000, 0x00000007a8000000)
  eden space 87424K, 100% used [0x00000007a0000000, 0x00000007a5560000, 0x00000007a5560000)
  from space 21824K,  97% used [0x00000007a5560000, 0x00000007a6a15d00, 0x00000007a6ab0000)
  to   space 21824K,   0% used [0x00000007a6ab0000, 0x00000007a6ab0000, 0x00000007a8000000)
 concurrent mark-sweep generation total 393216K, used 161380K [0x00000007a8000000, 0x00000007c0000000, 0x00000007c0000000)
 Metaspace       used 40628K, capacity 41358K, committed 41588K, reserved 1085440K
  class space    used 4653K, capacity 4862K, committed 4988K, reserved 1048576K
2016-10-23T22:32:30.424+0800: 1969.448: [GC (Allocation Failure) 2016-10-23T22:32:30.425+0800: 1969.448: [ParNew
Desired survivor size 20112992 bytes, new threshold 8 (max 8)
- age   1:    3676304 bytes,    3676304 total
- age   2:    3050520 bytes,    6726824 total
- age   3:    2258432 bytes,    8985256 total
- age   4:    1082248 bytes,   10067504 total
- age   5:    1107752 bytes,   11175256 total
- age   6:    1995456 bytes,   13170712 total
- age   7:     377800 bytes,   13548512 total
- age   8:    3857904 bytes,   17406416 total
: 108631K->20302K(109248K), 0.0101998 secs] 270011K->184761K(502464K), 0.0102565 secs] [Times: user=0.03 sys=0.00, real=0.01 secs] 
Heap after GC invocations=297 (full 6):
 par new generation   total 109248K, used 20302K [0x00000007a0000000, 0x00000007a8000000, 0x00000007a8000000)
  eden space 87424K,   0% used [0x00000007a0000000, 0x00000007a0000000, 0x00000007a5560000)
  from space 21824K,  93% used [0x00000007a6ab0000, 0x00000007a7e83870, 0x00000007a8000000)
  to   space 21824K,   0% used [0x00000007a5560000, 0x00000007a5560000, 0x00000007a6ab0000)
 concurrent mark-sweep generation total 393216K, used 164459K [0x00000007a8000000, 0x00000007c0000000, 0x00000007c0000000)
 Metaspace       used 40628K, capacity 41358K, committed 41588K, reserved 1085440K
  class space    used 4653K, capacity 4862K, committed 4988K, reserved 1048576K
}
2016-10-23T22:32:30.435+0800: 1969.458: Total time for which application threads were stopped: 0.0105229 seconds, Stopping threads took: 0.0000827 seconds
{Heap before GC invocations=297 (full 6):
 par new generation   total 109248K, used 107726K [0x00000007a0000000, 0x00000007a8000000, 0x00000007a8000000)
  eden space 87424K, 100% used [0x00000007a0000000, 0x00000007a5560000, 0x00000007a5560000)
  from space 21824K,  93% used [0x00000007a6ab0000, 0x00000007a7e83870, 0x00000007a8000000)
  to   space 21824K,   0% used [0x00000007a5560000, 0x00000007a5560000, 0x00000007a6ab0000)
 concurrent mark-sweep generation total 393216K, used 164459K [0x00000007a8000000, 0x00000007c0000000, 0x00000007c0000000)
 Metaspace       used 40628K, capacity 41358K, committed 41588K, reserved 1085440K
  class space    used 4653K, capacity 4862K, committed 4988K, reserved 1048576K
2016-10-23T22:32:30.494+0800: 1969.518: [GC (Allocation Failure) 2016-10-23T22:32:30.494+0800: 1969.518: [ParNew
Desired survivor size 20112992 bytes, new threshold 8 (max 8)
- age   1:    3750736 bytes,    3750736 total
- age   2:    1988136 bytes,    5738872 total
- age   3:    2913904 bytes,    8652776 total
- age   4:    2235152 bytes,   10887928 total
- age   5:    1087000 bytes,   11974928 total
- age   6:    1113032 bytes,   13087960 total
- age   7:    2002416 bytes,   15090376 total
- age   8:     377800 bytes,   15468176 total
: 107726K->21011K(109248K), 0.0107570 secs] 272185K->189259K(502464K), 0.0108337 secs] [Times: user=0.04 sys=0.00, real=0.01 secs] 
Heap after GC invocations=298 (full 6):
 par new generation   total 109248K, used 21011K [0x00000007a0000000, 0x00000007a8000000, 0x00000007a8000000)
  eden space 87424K,   0% used [0x00000007a0000000, 0x00000007a0000000, 0x00000007a5560000)
  from space 21824K,  96% used [0x00000007a5560000, 0x00000007a69e4e68, 0x00000007a6ab0000)
  to   space 21824K,   0% used [0x00000007a6ab0000, 0x00000007a6ab0000, 0x00000007a8000000)
 concurrent mark-sweep generation total 393216K, used 168248K [0x00000007a8000000, 0x00000007c0000000, 0x00000007c0000000)
 Metaspace       used 40628K, capacity 41358K, committed 41588K, reserved 1085440K
  class space    used 4653K, capacity 4862K, committed 4988K, reserved 1048576K
}
2016-10-23T22:32:30.505+0800: 1969.528: Total time for which application threads were stopped: 0.0111059 seconds, Stopping threads took: 0.0000897 seconds
{Heap before GC invocations=298 (full 6):
 par new generation   total 109248K, used 108435K [0x00000007a0000000, 0x00000007a8000000, 0x00000007a8000000)
  eden space 87424K, 100% used [0x00000007a0000000, 0x00000007a5560000, 0x00000007a5560000)
  from space 21824K,  96% used [0x00000007a5560000, 0x00000007a69e4e68, 0x00000007a6ab0000)
  to   space 21824K,   0% used [0x00000007a6ab0000, 0x00000007a6ab0000, 0x00000007a8000000)
 concurrent mark-sweep generation total 393216K, used 168248K [0x00000007a8000000, 0x00000007c0000000, 0x00000007c0000000)
 Metaspace       used 40628K, capacity 41358K, committed 41588K, reserved 1085440K
  class space    used 4653K, capacity 4862K, committed 4988K, reserved 1048576K
2016-10-23T22:32:30.553+0800: 1969.576: [GC (Allocation Failure) 2016-10-23T22:32:30.553+0800: 1969.576: [ParNew
Desired survivor size 20112992 bytes, new threshold 8 (max 8)
- age   1:    3079160 bytes,    3079160 total
- age   2:    2163264 bytes,    5242424 total
- age   3:    1981920 bytes,    7224344 total
- age   4:    2918272 bytes,   10142616 total
- age   5:    2238968 bytes,   12381584 total
- age   6:    1088416 bytes,   13470000 total
- age   7:    1114544 bytes,   14584544 total
- age   8:    2004312 bytes,   16588856 total
: 108435K->21824K(109248K), 0.0082460 secs] 276683K->190446K(502464K), 0.0083117 secs] [Times: user=0.03 sys=0.00, real=0.01 secs] 
Heap after GC invocations=299 (full 6):
 par new generation   total 109248K, used 21824K [0x00000007a0000000, 0x00000007a8000000, 0x00000007a8000000)
  eden space 87424K,   0% used [0x00000007a0000000, 0x00000007a0000000, 0x00000007a5560000)
  from space 21824K, 100% used [0x00000007a6ab0000, 0x00000007a8000000, 0x00000007a8000000)
  to   space 21824K,   0% used [0x00000007a5560000, 0x00000007a5560000, 0x00000007a6ab0000)
 concurrent mark-sweep generation total 393216K, used 168622K [0x00000007a8000000, 0x00000007c0000000, 0x00000007c0000000)
 Metaspace       used 40628K, capacity 41358K, committed 41588K, reserved 1085440K
  class space    used 4653K, capacity 4862K, committed 4988K, reserved 1048576K
}
2016-10-23T22:32:30.561+0800: 1969.585: Total time for which application threads were stopped: 0.0085339 seconds, Stopping threads took: 0.0000603 seconds
{Heap before GC invocations=299 (full 6):
 par new generation   total 109248K, used 109248K [0x00000007a0000000, 0x00000007a8000000, 0x00000007a8000000)
  eden space 87424K, 100% used [0x00000007a0000000, 0x00000007a5560000, 0x00000007a5560000)
  from space 21824K, 100% used [0x00000007a6ab0000, 0x00000007a8000000, 0x00000007a8000000)
  to   space 21824K,   0% used [0x00000007a5560000, 0x00000007a5560000, 0x00000007a6ab0000)
 concurrent mark-sweep generation total 393216K, used 168622K [0x00000007a8000000, 0x00000007c0000000, 0x00000007c0000000)
 Metaspace       used 40658K, capacity 41358K, committed 41588K, reserved 1085440K
  class space    used 4656K, capacity 4862K, committed 4988K, reserved 1048576K
2016-10-23T22:32:30.676+0800: 1969.700: [GC (Allocation Failure) 2016-10-23T22:32:30.676+0800: 1969.700: [ParNew
Desired survivor size 20112992 bytes, new threshold 8 (max 8)
- age   1:    7532848 bytes,    7532848 total
- age   2:    1328792 bytes,    8861640 total
- age   3:    1685272 bytes,   10546912 total
- age   4:    1933680 bytes,   12480592 total
- age   5:    2135088 bytes,   14615680 total
- age   6:    2215528 bytes,   16831208 total
- age   7:    1093224 bytes,   17924432 total
- age   8:    1119224 bytes,   19043656 total
: 109248K->21269K(109248K), 0.0121796 secs] 277870K->191911K(502464K), 0.0122315 secs] [Times: user=0.05 sys=0.00, real=0.01 secs] 
Heap after GC invocations=300 (full 6):
 par new generation   total 109248K, used 21269K [0x00000007a0000000, 0x00000007a8000000, 0x00000007a8000000)
  eden space 87424K,   0% used [0x00000007a0000000, 0x00000007a0000000, 0x00000007a5560000)
  from space 21824K,  97% used [0x00000007a5560000, 0x00000007a6a25530, 0x00000007a6ab0000)
  to   space 21824K,   0% used [0x00000007a6ab0000, 0x00000007a6ab0000, 0x00000007a8000000)
 concurrent mark-sweep generation total 393216K, used 170642K [0x00000007a8000000, 0x00000007c0000000, 0x00000007c0000000)
 Metaspace       used 40658K, capacity 41358K, committed 41588K, reserved 1085440K
  class space    used 4656K, capacity 4862K, committed 4988K, reserved 1048576K
}
2016-10-23T22:32:30.688+0800: 1969.712: Total time for which application threads were stopped: 0.0124916 seconds, Stopping threads took: 0.0000752 seconds
{Heap before GC invocations=300 (full 6):
 par new generation   total 109248K, used 108693K [0x00000007a0000000, 0x00000007a8000000, 0x00000007a8000000)
  eden space 87424K, 100% used [0x00000007a0000000, 0x00000007a5560000, 0x00000007a5560000)
  from space 21824K,  97% used [0x00000007a5560000, 0x00000007a6a25530, 0x00000007a6ab0000)
  to   space 21824K,   0% used [0x00000007a6ab0000, 0x00000007a6ab0000, 0x00000007a8000000)
 concurrent mark-sweep generation total 393216K, used 170642K [0x00000007a8000000, 0x00000007c0000000, 0x00000007c0000000)
 Metaspace       used 40713K, capacity 41444K, committed 41844K, reserved 1085440K
  class space    used 4663K, capacity 4865K, committed 4988K, reserved 1048576K
2016-10-23T22:32:30.772+0800: 1969.796: [GC (Allocation Failure) 2016-10-23T22:32:30.772+0800: 1969.796: [ParNew
Desired survivor size 20112992 bytes, new threshold 8 (max 8)
- age   1:    4775952 bytes,    4775952 total
- age   2:    5118272 bytes,    9894224 total
- age   3:    1273448 bytes,   11167672 total
- age   4:    1554424 bytes,   12722096 total
- age   5:    1606464 bytes,   14328560 total
- age   6:    2044760 bytes,   16373320 total
- age   7:    2117720 bytes,   18491040 total
- age   8:    1042472 bytes,   19533512 total
: 108693K->21824K(109248K), 0.0183454 secs] 279335K->194251K(502464K), 0.0184022 secs] [Times: user=0.07 sys=0.00, real=0.02 secs] 
Heap after GC invocations=301 (full 6):
 par new generation   total 109248K, used 21824K [0x00000007a0000000, 0x00000007a8000000, 0x00000007a8000000)
  eden space 87424K,   0% used [0x00000007a0000000, 0x00000007a0000000, 0x00000007a5560000)
  from space 21824K, 100% used [0x00000007a6ab0000, 0x00000007a8000000, 0x00000007a8000000)
  to   space 21824K,   0% used [0x00000007a5560000, 0x00000007a5560000, 0x00000007a6ab0000)
 concurrent mark-sweep generation total 393216K, used 172427K [0x00000007a8000000, 0x00000007c0000000, 0x00000007c0000000)
 Metaspace       used 40713K, capacity 41444K, committed 41844K, reserved 1085440K
  class space    used 4663K, capacity 4865K, committed 4988K, reserved 1048576K
}
2016-10-23T22:32:30.791+0800: 1969.814: Total time for which application threads were stopped: 0.0187345 seconds, Stopping threads took: 0.0001048 seconds
2016-10-23T22:32:30.802+0800: 1969.826: Total time for which application threads were stopped: 0.0002039 seconds, Stopping threads took: 0.0000627 seconds
2016-10-23T22:32:30.813+0800: 1969.836: Total time for which application threads were stopped: 0.0002122 seconds, Stopping threads took: 0.0000924 seconds
2016-10-23T22:32:30.851+0800: 1969.874: Total time for which application threads were stopped: 0.0003571 seconds, Stopping threads took: 0.0001888 seconds
2016-10-23T22:32:30.860+0800: 1969.883: Total time for which application threads were stopped: 0.0001940 seconds, Stopping threads took: 0.0000979 seconds
2016-10-23T22:32:30.863+0800: 1969.886: Total time for which application threads were stopped: 0.0002342 seconds, Stopping threads took: 0.0001105 seconds
2016-10-23T22:32:30.866+0800: 1969.890: Total time for which application threads were stopped: 0.0002057 seconds, Stopping threads took: 0.0001081 seconds
2016-10-23T22:32:30.870+0800: 1969.894: Total time for which application threads were stopped: 0.0001800 seconds, Stopping threads took: 0.0000944 seconds
2016-10-23T22:32:30.871+0800: 1969.894: Total time for which application threads were stopped: 0.0001334 seconds, Stopping threads took: 0.0000602 seconds
2016-10-23T22:32:30.871+0800: 1969.895: Total time for which application threads were stopped: 0.0001057 seconds, Stopping threads took: 0.0000423 seconds
2016-10-23T22:32:30.872+0800: 1969.895: Total time for which application threads were stopped: 0.0001657 seconds, Stopping threads took: 0.0000961 seconds
2016-10-23T22:32:30.872+0800: 1969.896: Total time for which application threads were stopped: 0.0001111 seconds, Stopping threads took: 0.0000496 seconds
2016-10-23T22:32:30.873+0800: 1969.896: Total time for which application threads were stopped: 0.0001557 seconds, Stopping threads took: 0.0000948 seconds
2016-10-23T22:32:30.873+0800: 1969.897: Total time for which application threads were stopped: 0.0001124 seconds, Stopping threads took: 0.0000483 seconds
2016-10-23T22:32:30.874+0800: 1969.897: Total time for which application threads were stopped: 0.0001204 seconds, Stopping threads took: 0.0000622 seconds
2016-10-23T22:32:30.874+0800: 1969.898: Total time for which application threads were stopped: 0.0001205 seconds, Stopping threads took: 0.0000540 seconds
2016-10-23T22:32:30.875+0800: 1969.898: Total time for which application threads were stopped: 0.0001078 seconds, Stopping threads took: 0.0000492 seconds
2016-10-23T22:32:30.875+0800: 1969.899: Total time for which application threads were stopped: 0.0001141 seconds, Stopping threads took: 0.0000586 seconds
2016-10-23T22:32:30.903+0800: 1969.927: Total time for which application threads were stopped: 0.0002230 seconds, Stopping threads took: 0.0001251 seconds
2016-10-23T22:32:30.904+0800: 1969.928: Total time for which application threads were stopped: 0.0001356 seconds, Stopping threads took: 0.0000594 seconds
2016-10-23T22:32:30.905+0800: 1969.929: Total time for which application threads were stopped: 0.0001538 seconds, Stopping threads took: 0.0000549 seconds
2016-10-23T22:32:30.905+0800: 1969.929: Total time for which application threads were stopped: 0.0001414 seconds, Stopping threads took: 0.0000502 seconds
2016-10-23T22:32:30.906+0800: 1969.929: Total time for which application threads were stopped: 0.0003999 seconds, Stopping threads took: 0.0000675 seconds
{Heap before GC invocations=301 (full 6):
 par new generation   total 109248K, used 109248K [0x00000007a0000000, 0x00000007a8000000, 0x00000007a8000000)
  eden space 87424K, 100% used [0x00000007a0000000, 0x00000007a5560000, 0x00000007a5560000)
  from space 21824K, 100% used [0x00000007a6ab0000, 0x00000007a8000000, 0x00000007a8000000)
  to   space 21824K,   0% used [0x00000007a5560000, 0x00000007a5560000, 0x00000007a6ab0000)
 concurrent mark-sweep generation total 393216K, used 172427K [0x00000007a8000000, 0x00000007c0000000, 0x00000007c0000000)
 Metaspace       used 40730K, capacity 41444K, committed 41844K, reserved 1085440K
  class space    used 4663K, capacity 4865K, committed 4988K, reserved 1048576K
2016-10-23T22:32:30.943+0800: 1969.967: [GC (Allocation Failure) 2016-10-23T22:32:30.943+0800: 1969.967: [ParNew
Desired survivor size 20112992 bytes, new threshold 8 (max 8)
- age   1:    3827080 bytes,    3827080 total
- age   2:    4432056 bytes,    8259136 total
- age   3:    4191936 bytes,   12451072 total
- age   4:    1154432 bytes,   13605504 total
- age   5:    1397680 bytes,   15003184 total
- age   6:    1468392 bytes,   16471576 total
- age   7:    1838584 bytes,   18310160 total
- age   8:    1905600 bytes,   20215760 total
: 109248K->21824K(109248K), 0.0124390 secs] 281675K->195430K(502464K), 0.0125033 secs] [Times: user=0.05 sys=0.00, real=0.01 secs] 
Heap after GC invocations=302 (full 6):
 par new generation   total 109248K, used 21824K [0x00000007a0000000, 0x00000007a8000000, 0x00000007a8000000)
  eden space 87424K,   0% used [0x00000007a0000000, 0x00000007a0000000, 0x00000007a5560000)
  from space 21824K, 100% used [0x00000007a5560000, 0x00000007a6ab0000, 0x00000007a6ab0000)
  to   space 21824K,   0% used [0x00000007a6ab0000, 0x00000007a6ab0000, 0x00000007a8000000)
 concurrent mark-sweep generation total 393216K, used 173606K [0x00000007a8000000, 0x00000007c0000000, 0x00000007c0000000)
 Metaspace       used 40730K, capacity 41444K, committed 41844K, reserved 1085440K
  class space    used 4663K, capacity 4865K, committed 4988K, reserved 1048576K
}
2016-10-23T22:32:30.956+0800: 1969.979: Total time for which application threads were stopped: 0.0127961 seconds, Stopping threads took: 0.0000924 seconds
{Heap before GC invocations=302 (full 6):
 par new generation   total 109248K, used 109248K [0x00000007a0000000, 0x00000007a8000000, 0x00000007a8000000)
  eden space 87424K, 100% used [0x00000007a0000000, 0x00000007a5560000, 0x00000007a5560000)
  from space 21824K, 100% used [0x00000007a5560000, 0x00000007a6ab0000, 0x00000007a6ab0000)
  to   space 21824K,   0% used [0x00000007a6ab0000, 0x00000007a6ab0000, 0x00000007a8000000)
 concurrent mark-sweep generation total 393216K, used 173606K [0x00000007a8000000, 0x00000007c0000000, 0x00000007c0000000)
 Metaspace       used 40730K, capacity 41444K, committed 41844K, reserved 1085440K
  class space    used 4663K, capacity 4865K, committed 4988K, reserved 1048576K
2016-10-23T22:32:31.021+0800: 1970.044: [GC (Allocation Failure) 2016-10-23T22:32:31.021+0800: 1970.044: [ParNew
Desired survivor size 20112992 bytes, new threshold 8 (max 8)
- age   1:    1417504 bytes,    1417504 total
- age   2:    3317256 bytes,    4734760 total
- age   3:    4374808 bytes,    9109568 total
- age   4:    4103344 bytes,   13212912 total
- age   5:    1114776 bytes,   14327688 total
- age   6:    1345712 bytes,   15673400 total
- age   7:    1425424 bytes,   17098824 total
- age   8:    1770560 bytes,   18869384 total
: 109248K->21824K(109248K), 0.0122164 secs] 282854K->197730K(502464K), 0.0122600 secs] [Times: user=0.05 sys=0.00, real=0.01 secs] 
Heap after GC invocations=303 (full 6):
 par new generation   total 109248K, used 21824K [0x00000007a0000000, 0x00000007a8000000, 0x00000007a8000000)
  eden space 87424K,   0% used [0x00000007a0000000, 0x00000007a0000000, 0x00000007a5560000)
  from space 21824K, 100% used [0x00000007a6ab0000, 0x00000007a8000000, 0x00000007a8000000)
  to   space 21824K,   0% used [0x00000007a5560000, 0x00000007a5560000, 0x00000007a6ab0000)
 concurrent mark-sweep generation total 393216K, used 175906K [0x00000007a8000000, 0x00000007c0000000, 0x00000007c0000000)
 Metaspace       used 40730K, capacity 41444K, committed 41844K, reserved 1085440K
  class space    used 4663K, capacity 4865K, committed 4988K, reserved 1048576K
}
2016-10-23T22:32:31.033+0800: 1970.057: Total time for which application threads were stopped: 0.0124985 seconds, Stopping threads took: 0.0000740 seconds
{Heap before GC invocations=303 (full 6):
 par new generation   total 109248K, used 109248K [0x00000007a0000000, 0x00000007a8000000, 0x00000007a8000000)
  eden space 87424K, 100% used [0x00000007a0000000, 0x00000007a5560000, 0x00000007a5560000)
  from space 21824K, 100% used [0x00000007a6ab0000, 0x00000007a8000000, 0x00000007a8000000)
  to   space 21824K,   0% used [0x00000007a5560000, 0x00000007a5560000, 0x00000007a6ab0000)
 concurrent mark-sweep generation total 393216K, used 175906K [0x00000007a8000000, 0x00000007c0000000, 0x00000007c0000000)
 Metaspace       used 40730K, capacity 41444K, committed 41844K, reserved 1085440K
  class space    used 4663K, capacity 4865K, committed 4988K, reserved 1048576K
2016-10-23T22:32:31.119+0800: 1970.143: [GC (Allocation Failure) 2016-10-23T22:32:31.119+0800: 1970.143: [ParNew
Desired survivor size 20112992 bytes, new threshold 8 (max 8)
- age   1:    3029424 bytes,    3029424 total
- age   2:     703536 bytes,    3732960 total
- age   3:    3008712 bytes,    6741672 total
- age   4:    4052128 bytes,   10793800 total
- age   5:    3586800 bytes,   14380600 total
- age   6:     884416 bytes,   15265016 total
- age   7:    1056992 bytes,   16322008 total
- age   8:    1166480 bytes,   17488488 total
: 109248K->21824K(109248K), 0.0091444 secs] 285154K->199096K(502464K), 0.0092047 secs] [Times: user=0.04 sys=0.00, real=0.01 secs] 
Heap after GC invocations=304 (full 6):
 par new generation   total 109248K, used 21824K [0x00000007a0000000, 0x00000007a8000000, 0x00000007a8000000)
  eden space 87424K,   0% used [0x00000007a0000000, 0x00000007a0000000, 0x00000007a5560000)
  from space 21824K, 100% used [0x00000007a5560000, 0x00000007a6ab0000, 0x00000007a6ab0000)
  to   space 21824K,   0% used [0x00000007a6ab0000, 0x00000007a6ab0000, 0x00000007a8000000)
 concurrent mark-sweep generation total 393216K, used 177272K [0x00000007a8000000, 0x00000007c0000000, 0x00000007c0000000)
 Metaspace       used 40730K, capacity 41444K, committed 41844K, reserved 1085440K
  class space    used 4663K, capacity 4865K, committed 4988K, reserved 1048576K
}
2016-10-23T22:32:31.128+0800: 1970.152: Total time for which application threads were stopped: 0.0094320 seconds, Stopping threads took: 0.0000487 seconds
{Heap before GC invocations=304 (full 6):
 par new generation   total 109248K, used 109248K [0x00000007a0000000, 0x00000007a8000000, 0x00000007a8000000)
  eden space 87424K, 100% used [0x00000007a0000000, 0x00000007a5560000, 0x00000007a5560000)
  from space 21824K, 100% used [0x00000007a5560000, 0x00000007a6ab0000, 0x00000007a6ab0000)
  to   space 21824K,   0% used [0x00000007a6ab0000, 0x00000007a6ab0000, 0x00000007a8000000)
 concurrent mark-sweep generation total 393216K, used 177272K [0x00000007a8000000, 0x00000007c0000000, 0x00000007c0000000)
 Metaspace       used 40730K, capacity 41444K, committed 41844K, reserved 1085440K
  class space    used 4663K, capacity 4865K, committed 4988K, reserved 1048576K
2016-10-23T22:32:31.249+0800: 1970.272: [GC (Allocation Failure) 2016-10-23T22:32:31.249+0800: 1970.272: [ParNew
Desired survivor size 20112992 bytes, new threshold 8 (max 8)
- age   1:    3679416 bytes,    3679416 total
- age   2:    1987112 bytes,    5666528 total
- age   3:     626688 bytes,    6293216 total
- age   4:    2488976 bytes,    8782192 total
- age   5:    4014936 bytes,   12797128 total
- age   6:    3520664 bytes,   16317792 total
- age   7:     855072 bytes,   17172864 total
- age   8:    1022192 bytes,   18195056 total
: 109248K->21824K(109248K), 0.0113973 secs] 286520K->202163K(502464K), 0.0114539 secs] [Times: user=0.04 sys=0.00, real=0.02 secs] 
Heap after GC invocations=305 (full 6):
 par new generation   total 109248K, used 21824K [0x00000007a0000000, 0x00000007a8000000, 0x00000007a8000000)
  eden space 87424K,   0% used [0x00000007a0000000, 0x00000007a0000000, 0x00000007a5560000)
  from space 21824K, 100% used [0x00000007a6ab0000, 0x00000007a8000000, 0x00000007a8000000)
  to   space 21824K,   0% used [0x00000007a5560000, 0x00000007a5560000, 0x00000007a6ab0000)
 concurrent mark-sweep generation total 393216K, used 180339K [0x00000007a8000000, 0x00000007c0000000, 0x00000007c0000000)
 Metaspace       used 40730K, capacity 41444K, committed 41844K, reserved 1085440K
  class space    used 4663K, capacity 4865K, committed 4988K, reserved 1048576K
}
2016-10-23T22:32:31.260+0800: 1970.284: Total time for which application threads were stopped: 0.0116752 seconds, Stopping threads took: 0.0000517 seconds
{Heap before GC invocations=305 (full 6):
 par new generation   total 109248K, used 109248K [0x00000007a0000000, 0x00000007a8000000, 0x00000007a8000000)
  eden space 87424K, 100% used [0x00000007a0000000, 0x00000007a5560000, 0x00000007a5560000)
  from space 21824K, 100% used [0x00000007a6ab0000, 0x00000007a8000000, 0x00000007a8000000)
  to   space 21824K,   0% used [0x00000007a5560000, 0x00000007a5560000, 0x00000007a6ab0000)
 concurrent mark-sweep generation total 393216K, used 180339K [0x00000007a8000000, 0x00000007c0000000, 0x00000007c0000000)
 Metaspace       used 40730K, capacity 41444K, committed 41844K, reserved 1085440K
  class space    used 4663K, capacity 4865K, committed 4988K, reserved 1048576K
2016-10-23T22:32:31.380+0800: 1970.403: [GC (Allocation Failure) 2016-10-23T22:32:31.380+0800: 1970.403: [ParNew
Desired survivor size 20112992 bytes, new threshold 8 (max 8)
- age   1:    4864680 bytes,    4864680 total
- age   2:    2362648 bytes,    7227328 total
- age   3:    1379584 bytes,    8606912 total
- age   4:     548352 bytes,    9155264 total
- age   5:    2019200 bytes,   11174464 total
- age   6:    3941472 bytes,   15115936 total
- age   7:    3395896 bytes,   18511832 total
- age   8:     800096 bytes,   19311928 total
: 109248K->21824K(109248K), 0.0111069 secs] 289587K->205680K(502464K), 0.0111864 secs] [Times: user=0.04 sys=0.00, real=0.01 secs] 
Heap after GC invocations=306 (full 6):
 par new generation   total 109248K, used 21824K [0x00000007a0000000, 0x00000007a8000000, 0x00000007a8000000)
  eden space 87424K,   0% used [0x00000007a0000000, 0x00000007a0000000, 0x00000007a5560000)
  from space 21824K, 100% used [0x00000007a5560000, 0x00000007a6ab0000, 0x00000007a6ab0000)
  to   space 21824K,   0% used [0x00000007a6ab0000, 0x00000007a6ab0000, 0x00000007a8000000)
 concurrent mark-sweep generation total 393216K, used 183856K [0x00000007a8000000, 0x00000007c0000000, 0x00000007c0000000)
 Metaspace       used 40730K, capacity 41444K, committed 41844K, reserved 1085440K
  class space    used 4663K, capacity 4865K, committed 4988K, reserved 1048576K
}
2016-10-23T22:32:31.391+0800: 1970.415: Total time for which application threads were stopped: 0.0113842 seconds, Stopping threads took: 0.0000260 seconds
{Heap before GC invocations=306 (full 6):
 par new generation   total 109248K, used 109248K [0x00000007a0000000, 0x00000007a8000000, 0x00000007a8000000)
  eden space 87424K, 100% used [0x00000007a0000000, 0x00000007a5560000, 0x00000007a5560000)
  from space 21824K, 100% used [0x00000007a5560000, 0x00000007a6ab0000, 0x00000007a6ab0000)
  to   space 21824K,   0% used [0x00000007a6ab0000, 0x00000007a6ab0000, 0x00000007a8000000)
 concurrent mark-sweep generation total 393216K, used 183856K [0x00000007a8000000, 0x00000007c0000000, 0x00000007c0000000)
 Metaspace       used 40730K, capacity 41444K, committed 41844K, reserved 1085440K
  class space    used 4663K, capacity 4865K, committed 4988K, reserved 1048576K
2016-10-23T22:32:31.527+0800: 1970.551: [GC (Allocation Failure) 2016-10-23T22:32:31.527+0800: 1970.551: [ParNew
Desired survivor size 20112992 bytes, new threshold 8 (max 8)
- age   1:    6588864 bytes,    6588864 total
- age   2:    2947456 bytes,    9536320 total
- age   3:    2046584 bytes,   11582904 total
- age   4:    1245648 bytes,   12828552 total
- age   5:     479904 bytes,   13308456 total
- age   6:    1850464 bytes,   15158920 total
- age   7:    3646272 bytes,   18805192 total
- age   8:    3038120 bytes,   21843312 total
: 109248K->21824K(109248K), 0.0135572 secs] 293104K->209017K(502464K), 0.0136220 secs] [Times: user=0.05 sys=0.00, real=0.02 secs] 
Heap after GC invocations=307 (full 6):
 par new generation   total 109248K, used 21824K [0x00000007a0000000, 0x00000007a8000000, 0x00000007a8000000)
  eden space 87424K,   0% used [0x00000007a0000000, 0x00000007a0000000, 0x00000007a5560000)
  from space 21824K, 100% used [0x00000007a6ab0000, 0x00000007a8000000, 0x00000007a8000000)
  to   space 21824K,   0% used [0x00000007a5560000, 0x00000007a5560000, 0x00000007a6ab0000)
 concurrent mark-sweep generation total 393216K, used 187193K [0x00000007a8000000, 0x00000007c0000000, 0x00000007c0000000)
 Metaspace       used 40730K, capacity 41444K, committed 41844K, reserved 1085440K
  class space    used 4663K, capacity 4865K, committed 4988K, reserved 1048576K
}
2016-10-23T22:32:31.541+0800: 1970.564: Total time for which application threads were stopped: 0.0138078 seconds, Stopping threads took: 0.0000208 seconds
{Heap before GC invocations=307 (full 6):
 par new generation   total 109248K, used 109248K [0x00000007a0000000, 0x00000007a8000000, 0x00000007a8000000)
  eden space 87424K, 100% used [0x00000007a0000000, 0x00000007a5560000, 0x00000007a5560000)
  from space 21824K, 100% used [0x00000007a6ab0000, 0x00000007a8000000, 0x00000007a8000000)
  to   space 21824K,   0% used [0x00000007a5560000, 0x00000007a5560000, 0x00000007a6ab0000)
 concurrent mark-sweep generation total 393216K, used 187193K [0x00000007a8000000, 0x00000007c0000000, 0x00000007c0000000)
 Metaspace       used 40730K, capacity 41444K, committed 41844K, reserved 1085440K
  class space    used 4663K, capacity 4865K, committed 4988K, reserved 1048576K
2016-10-23T22:32:31.682+0800: 1970.705: [GC (Allocation Failure) 2016-10-23T22:32:31.682+0800: 1970.705: [ParNew
Desired survivor size 20112992 bytes, new threshold 8 (max 8)
- age   1:    6491456 bytes,    6491456 total
- age   2:    4262056 bytes,   10753512 total
- age   3:    2162488 bytes,   12916000 total
- age   4:    1713944 bytes,   14629944 total
- age   5:    1077944 bytes,   15707888 total
- age   6:     410560 bytes,   16118448 total
- age   7:    1688032 bytes,   17806480 total
- age   8:    3646272 bytes,   21452752 total
: 109248K->21824K(109248K), 0.0167447 secs] 296441K->214614K(502464K), 0.0168097 secs] [Times: user=0.06 sys=0.00, real=0.01 secs] 
Heap after GC invocations=308 (full 6):
 par new generation   total 109248K, used 21824K [0x00000007a0000000, 0x00000007a8000000, 0x00000007a8000000)
  eden space 87424K,   0% used [0x00000007a0000000, 0x00000007a0000000, 0x00000007a5560000)
  from space 21824K, 100% used [0x00000007a5560000, 0x00000007a6ab0000, 0x00000007a6ab0000)
  to   space 21824K,   0% used [0x00000007a6ab0000, 0x00000007a6ab0000, 0x00000007a8000000)
 concurrent mark-sweep generation total 393216K, used 192790K [0x00000007a8000000, 0x00000007c0000000, 0x00000007c0000000)
 Metaspace       used 40730K, capacity 41444K, committed 41844K, reserved 1085440K
  class space    used 4663K, capacity 4865K, committed 4988K, reserved 1048576K
}
2016-10-23T22:32:31.699+0800: 1970.722: Total time for which application threads were stopped: 0.0170738 seconds, Stopping threads took: 0.0000658 seconds
{Heap before GC invocations=308 (full 6):
 par new generation   total 109248K, used 109248K [0x00000007a0000000, 0x00000007a8000000, 0x00000007a8000000)
  eden space 87424K, 100% used [0x00000007a0000000, 0x00000007a5560000, 0x00000007a5560000)
  from space 21824K, 100% used [0x00000007a5560000, 0x00000007a6ab0000, 0x00000007a6ab0000)
  to   space 21824K,   0% used [0x00000007a6ab0000, 0x00000007a6ab0000, 0x00000007a8000000)
 concurrent mark-sweep generation total 393216K, used 192790K [0x00000007a8000000, 0x00000007c0000000, 0x00000007c0000000)
 Metaspace       used 40730K, capacity 41444K, committed 41844K, reserved 1085440K
  class space    used 4663K, capacity 4865K, committed 4988K, reserved 1048576K
2016-10-23T22:32:31.853+0800: 1970.877: [GC (Allocation Failure) 2016-10-23T22:32:31.853+0800: 1970.877: [ParNew
Desired survivor size 20112992 bytes, new threshold 8 (max 8)
- age   1:    7360760 bytes,    7360760 total
- age   2:    3587560 bytes,   10948320 total
- age   3:    3364488 bytes,   14312808 total
- age   4:    1922360 bytes,   16235168 total
- age   5:    1496048 bytes,   17731216 total
- age   6:     943576 bytes,   18674792 total
- age   7:     370096 bytes,   19044888 total
- age   8:    1569488 bytes,   20614376 total
: 109248K->21824K(109248K), 0.0136460 secs] 302038K->220071K(502464K), 0.0137020 secs] [Times: user=0.04 sys=0.00, real=0.01 secs] 
Heap after GC invocations=309 (full 6):
 par new generation   total 109248K, used 21824K [0x00000007a0000000, 0x00000007a8000000, 0x00000007a8000000)
  eden space 87424K,   0% used [0x00000007a0000000, 0x00000007a0000000, 0x00000007a5560000)
  from space 21824K, 100% used [0x00000007a6ab0000, 0x00000007a8000000, 0x00000007a8000000)
  to   space 21824K,   0% used [0x00000007a5560000, 0x00000007a5560000, 0x00000007a6ab0000)
 concurrent mark-sweep generation total 393216K, used 198247K [0x00000007a8000000, 0x00000007c0000000, 0x00000007c0000000)
 Metaspace       used 40730K, capacity 41444K, committed 41844K, reserved 1085440K
  class space    used 4663K, capacity 4865K, committed 4988K, reserved 1048576K
}
2016-10-23T22:32:31.867+0800: 1970.890: Total time for which application threads were stopped: 0.0139645 seconds, Stopping threads took: 0.0000731 seconds
2016-10-23T22:32:31.867+0800: 1970.891: [GC (CMS Initial Mark) [1 CMS-initial-mark: 198247K(393216K)] 221865K(502464K), 0.0031875 secs] [Times: user=0.01 sys=0.00, real=0.01 secs] 
2016-10-23T22:32:31.870+0800: 1970.894: Total time for which application threads were stopped: 0.0033681 seconds, Stopping threads took: 0.0000734 seconds
2016-10-23T22:32:31.870+0800: 1970.894: [CMS-concurrent-mark-start]
2016-10-23T22:32:31.888+0800: 1970.912: [CMS-concurrent-mark: 0.018/0.018 secs] [Times: user=0.12 sys=0.00, real=0.01 secs] 
2016-10-23T22:32:31.888+0800: 1970.912: [CMS-concurrent-preclean-start]
2016-10-23T22:32:31.889+0800: 1970.913: [CMS-concurrent-preclean: 0.001/0.001 secs] [Times: user=0.00 sys=0.00, real=0.00 secs] 
2016-10-23T22:32:31.889+0800: 1970.913: [CMS-concurrent-abortable-preclean-start]
{Heap before GC invocations=309 (full 7):
 par new generation   total 109248K, used 109248K [0x00000007a0000000, 0x00000007a8000000, 0x00000007a8000000)
  eden space 87424K, 100% used [0x00000007a0000000, 0x00000007a5560000, 0x00000007a5560000)
  from space 21824K, 100% used [0x00000007a6ab0000, 0x00000007a8000000, 0x00000007a8000000)
  to   space 21824K,   0% used [0x00000007a5560000, 0x00000007a5560000, 0x00000007a6ab0000)
 concurrent mark-sweep generation total 393216K, used 198247K [0x00000007a8000000, 0x00000007c0000000, 0x00000007c0000000)
 Metaspace       used 40730K, capacity 41444K, committed 41844K, reserved 1085440K
  class space    used 4663K, capacity 4865K, committed 4988K, reserved 1048576K
2016-10-23T22:32:31.958+0800: 1970.982: [GC (Allocation Failure) 2016-10-23T22:32:31.958+0800: 1970.982: [ParNew
Desired survivor size 20112992 bytes, new threshold 8 (max 8)
- age   1:    1277936 bytes,    1277936 total
- age   2:    6517008 bytes,    7794944 total
- age   3:    3272488 bytes,   11067432 total
- age   4:    3054536 bytes,   14121968 total
- age   5:    1882560 bytes,   16004528 total
- age   6:    1457984 bytes,   17462512 total
- age   7:     850400 bytes,   18312912 total
- age   8:     357264 bytes,   18670176 total
: 109248K->21824K(109248K), 0.0101470 secs] 307495K->223434K(502464K), 0.0101905 secs] [Times: user=0.04 sys=0.00, real=0.01 secs] 
Heap after GC invocations=310 (full 7):
 par new generation   total 109248K, used 21824K [0x00000007a0000000, 0x00000007a8000000, 0x00000007a8000000)
  eden space 87424K,   0% used [0x00000007a0000000, 0x00000007a0000000, 0x00000007a5560000)
  from space 21824K, 100% used [0x00000007a5560000, 0x00000007a6ab0000, 0x00000007a6ab0000)
  to   space 21824K,   0% used [0x00000007a6ab0000, 0x00000007a6ab0000, 0x00000007a8000000)
 concurrent mark-sweep generation total 393216K, used 201610K [0x00000007a8000000, 0x00000007c0000000, 0x00000007c0000000)
 Metaspace       used 40730K, capacity 41444K, committed 41844K, reserved 1085440K
  class space    used 4663K, capacity 4865K, committed 4988K, reserved 1048576K
}
2016-10-23T22:32:31.968+0800: 1970.992: Total time for which application threads were stopped: 0.0104482 seconds, Stopping threads took: 0.0000767 seconds
2016-10-23T22:32:32.013+0800: 1971.037: Total time for which application threads were stopped: 0.0002615 seconds, Stopping threads took: 0.0000506 seconds
2016-10-23T22:32:32.015+0800: 1971.038: [CMS-concurrent-abortable-preclean: 0.114/0.125 secs] [Times: user=0.48 sys=0.01, real=0.13 secs] 
2016-10-23T22:32:32.015+0800: 1971.038: [GC (CMS Final Remark) [YG occupancy: 89467 K (109248 K)]{Heap before GC invocations=310 (full 7):
 par new generation   total 109248K, used 89467K [0x00000007a0000000, 0x00000007a8000000, 0x00000007a8000000)
  eden space 87424K,  77% used [0x00000007a0000000, 0x00000007a420ef88, 0x00000007a5560000)
  from space 21824K, 100% used [0x00000007a5560000, 0x00000007a6ab0000, 0x00000007a6ab0000)
  to   space 21824K,   0% used [0x00000007a6ab0000, 0x00000007a6ab0000, 0x00000007a8000000)
 concurrent mark-sweep generation total 393216K, used 201610K [0x00000007a8000000, 0x00000007c0000000, 0x00000007c0000000)
 Metaspace       used 40730K, capacity 41444K, committed 41844K, reserved 1085440K
  class space    used 4663K, capacity 4865K, committed 4988K, reserved 1048576K
2016-10-23T22:32:32.015+0800: 1971.038: [GC (CMS Final Remark) 2016-10-23T22:32:32.015+0800: 1971.038: [ParNew
Desired survivor size 20112992 bytes, new threshold 8 (max 8)
- age   1:    1765400 bytes,    1765400 total
- age   2:    1045408 bytes,    2810808 total
- age   3:    5781384 bytes,    8592192 total
- age   4:    2973424 bytes,   11565616 total
- age   5:    2733120 bytes,   14298736 total
- age   6:    1675616 bytes,   15974352 total
- age   7:    1267176 bytes,   17241528 total
- age   8:     708216 bytes,   17949744 total
: 89467K->21824K(109248K), 0.0091999 secs] 291078K->224729K(502464K), 0.0092406 secs] [Times: user=0.04 sys=0.00, real=0.01 secs] 
Heap after GC invocations=311 (full 7):
 par new generation   total 109248K, used 21824K [0x00000007a0000000, 0x00000007a8000000, 0x00000007a8000000)
  eden space 87424K,   0% used [0x00000007a0000000, 0x00000007a0000000, 0x00000007a5560000)
  from space 21824K, 100% used [0x00000007a6ab0000, 0x00000007a8000000, 0x00000007a8000000)
  to   space 21824K,   0% used [0x00000007a5560000, 0x00000007a5560000, 0x00000007a6ab0000)
 concurrent mark-sweep generation total 393216K, used 202905K [0x00000007a8000000, 0x00000007c0000000, 0x00000007c0000000)
 Metaspace       used 40730K, capacity 41444K, committed 41844K, reserved 1085440K
  class space    used 4663K, capacity 4865K, committed 4988K, reserved 1048576K
}
2016-10-23T22:32:32.024+0800: 1971.048: [Rescan (parallel) , 0.0035454 secs]2016-10-23T22:32:32.028+0800: 1971.051: [weak refs processing, 0.0007642 secs]2016-10-23T22:32:32.028+0800: 1971.052: [class unloading, 0.0104570 secs]2016-10-23T22:32:32.039+0800: 1971.063: [scrub symbol table, 0.0057371 secs]2016-10-23T22:32:32.045+0800: 1971.068: [scrub string table, 0.0005913 secs][1 CMS-remark: 202905K(393216K)] 224729K(502464K), 0.0306127 secs] [Times: user=0.07 sys=0.00, real=0.03 secs] 
2016-10-23T22:32:32.045+0800: 1971.069: Total time for which application threads were stopped: 0.0307482 seconds, Stopping threads took: 0.0000282 seconds
2016-10-23T22:32:32.045+0800: 1971.069: [CMS-concurrent-sweep-start]
2016-10-23T22:32:32.057+0800: 1971.081: Total time for which application threads were stopped: 0.0001947 seconds, Stopping threads took: 0.0000772 seconds
2016-10-23T22:32:32.058+0800: 1971.081: Total time for which application threads were stopped: 0.0001506 seconds, Stopping threads took: 0.0000870 seconds
2016-10-23T22:32:32.058+0800: 1971.082: Total time for which application threads were stopped: 0.0001591 seconds, Stopping threads took: 0.0000901 seconds
2016-10-23T22:32:32.058+0800: 1971.082: Total time for which application threads were stopped: 0.0001143 seconds, Stopping threads took: 0.0000468 seconds
2016-10-23T22:32:32.134+0800: 1971.157: [CMS-concurrent-sweep: 0.088/0.088 secs] [Times: user=0.26 sys=0.01, real=0.09 secs] 
2016-10-23T22:32:32.134+0800: 1971.158: [CMS-concurrent-reset-start]
2016-10-23T22:32:32.134+0800: 1971.158: [CMS-concurrent-reset: 0.000/0.000 secs] [Times: user=0.00 sys=0.00, real=0.00 secs] 
{Heap before GC invocations=311 (full 7):
 par new generation   total 109248K, used 109248K [0x00000007a0000000, 0x00000007a8000000, 0x00000007a8000000)
  eden space 87424K, 100% used [0x00000007a0000000, 0x00000007a5560000, 0x00000007a5560000)
  from space 21824K, 100% used [0x00000007a6ab0000, 0x00000007a8000000, 0x00000007a8000000)
  to   space 21824K,   0% used [0x00000007a5560000, 0x00000007a5560000, 0x00000007a6ab0000)
 concurrent mark-sweep generation total 393216K, used 45416K [0x00000007a8000000, 0x00000007c0000000, 0x00000007c0000000)
 Metaspace       used 40732K, capacity 41444K, committed 41844K, reserved 1085440K
  class space    used 4663K, capacity 4865K, committed 4988K, reserved 1048576K
2016-10-23T22:32:32.180+0800: 1971.204: [GC (Allocation Failure) 2016-10-23T22:32:32.180+0800: 1971.204: [ParNew
Desired survivor size 20112992 bytes, new threshold 8 (max 8)
- age   1:    4735640 bytes,    4735640 total
- age   2:    1119040 bytes,    5854680 total
- age   3:     839248 bytes,    6693928 total
- age   4:    5253416 bytes,   11947344 total
- age   5:    2777528 bytes,   14724872 total
- age   6:    2533096 bytes,   17257968 total
- age   7:    1565152 bytes,   18823120 total
- age   8:    1221800 bytes,   20044920 total
: 109248K->21824K(109248K), 0.0101802 secs] 154664K->69532K(502464K), 0.0102689 secs] [Times: user=0.04 sys=0.00, real=0.01 secs] 
Heap after GC invocations=312 (full 7):
 par new generation   total 109248K, used 21824K [0x00000007a0000000, 0x00000007a8000000, 0x00000007a8000000)
  eden space 87424K,   0% used [0x00000007a0000000, 0x00000007a0000000, 0x00000007a5560000)
  from space 21824K, 100% used [0x00000007a5560000, 0x00000007a6ab0000, 0x00000007a6ab0000)
  to   space 21824K,   0% used [0x00000007a6ab0000, 0x00000007a6ab0000, 0x00000007a8000000)
 concurrent mark-sweep generation total 393216K, used 47708K [0x00000007a8000000, 0x00000007c0000000, 0x00000007c0000000)
 Metaspace       used 40732K, capacity 41444K, committed 41844K, reserved 1085440K
  class space    used 4663K, capacity 4865K, committed 4988K, reserved 1048576K
}
2016-10-23T22:32:32.191+0800: 1971.214: Total time for which application threads were stopped: 0.0104716 seconds, Stopping threads took: 0.0000333 seconds
{Heap before GC invocations=312 (full 7):
 par new generation   total 109248K, used 109248K [0x00000007a0000000, 0x00000007a8000000, 0x00000007a8000000)
  eden space 87424K, 100% used [0x00000007a0000000, 0x00000007a5560000, 0x00000007a5560000)
  from space 21824K, 100% used [0x00000007a5560000, 0x00000007a6ab0000, 0x00000007a6ab0000)
  to   space 21824K,   0% used [0x00000007a6ab0000, 0x00000007a6ab0000, 0x00000007a8000000)
 concurrent mark-sweep generation total 393216K, used 47708K [0x00000007a8000000, 0x00000007c0000000, 0x00000007c0000000)
 Metaspace       used 40732K, capacity 41444K, committed 41844K, reserved 1085440K
  class space    used 4663K, capacity 4865K, committed 4988K, reserved 1048576K
2016-10-23T22:32:32.323+0800: 1971.346: [GC (Allocation Failure) 2016-10-23T22:32:32.323+0800: 1971.346: [ParNew
Desired survivor size 20112992 bytes, new threshold 8 (max 8)
- age   1:    4916976 bytes,    4916976 total
- age   2:    2732016 bytes,    7648992 total
- age   3:     593856 bytes,    8242848 total
- age   4:     613016 bytes,    8855864 total
- age   5:    5131176 bytes,   13987040 total
- age   6:    2734656 bytes,   16721696 total
- age   7:    2496592 bytes,   19218288 total
- age   8:    1538976 bytes,   20757264 total
: 109248K->21824K(109248K), 0.0114530 secs] 156956K->73809K(502464K), 0.0115016 secs] [Times: user=0.04 sys=0.01, real=0.01 secs] 
Heap after GC invocations=313 (full 7):
 par new generation   total 109248K, used 21824K [0x00000007a0000000, 0x00000007a8000000, 0x00000007a8000000)
  eden space 87424K,   0% used [0x00000007a0000000, 0x00000007a0000000, 0x00000007a5560000)
  from space 21824K, 100% used [0x00000007a6ab0000, 0x00000007a8000000, 0x00000007a8000000)
  to   space 21824K,   0% used [0x00000007a5560000, 0x00000007a5560000, 0x00000007a6ab0000)
 concurrent mark-sweep generation total 393216K, used 51985K [0x00000007a8000000, 0x00000007c0000000, 0x00000007c0000000)
 Metaspace       used 40732K, capacity 41444K, committed 41844K, reserved 1085440K
  class space    used 4663K, capacity 4865K, committed 4988K, reserved 1048576K
}
2016-10-23T22:32:32.334+0800: 1971.358: Total time for which application threads were stopped: 0.0117537 seconds, Stopping threads took: 0.0000884 seconds
{Heap before GC invocations=313 (full 7):
 par new generation   total 109248K, used 109248K [0x00000007a0000000, 0x00000007a8000000, 0x00000007a8000000)
  eden space 87424K, 100% used [0x00000007a0000000, 0x00000007a5560000, 0x00000007a5560000)
  from space 21824K, 100% used [0x00000007a6ab0000, 0x00000007a8000000, 0x00000007a8000000)
  to   space 21824K,   0% used [0x00000007a5560000, 0x00000007a5560000, 0x00000007a6ab0000)
 concurrent mark-sweep generation total 393216K, used 51985K [0x00000007a8000000, 0x00000007c0000000, 0x00000007c0000000)
 Metaspace       used 40732K, capacity 41444K, committed 41844K, reserved 1085440K
  class space    used 4663K, capacity 4865K, committed 4988K, reserved 1048576K
2016-10-23T22:32:32.472+0800: 1971.496: [GC (Allocation Failure) 2016-10-23T22:32:32.472+0800: 1971.496: [ParNew
Desired survivor size 20112992 bytes, new threshold 8 (max 8)
- age   1:    5764904 bytes,    5764904 total
- age   2:    2686360 bytes,    8451264 total
- age   3:    2292016 bytes,   10743280 total
- age   4:     501736 bytes,   11245016 total
- age   5:     537784 bytes,   11782800 total
- age   6:    4995104 bytes,   16777904 total
- age   7:    2517736 bytes,   19295640 total
- age   8:    2293400 bytes,   21589040 total
: 109248K->21824K(109248K), 0.0135135 secs] 161233K->78709K(502464K), 0.0135971 secs] [Times: user=0.05 sys=0.00, real=0.01 secs] 
Heap after GC invocations=314 (full 7):
 par new generation   total 109248K, used 21824K [0x00000007a0000000, 0x00000007a8000000, 0x00000007a8000000)
  eden space 87424K,   0% used [0x00000007a0000000, 0x00000007a0000000, 0x00000007a5560000)
  from space 21824K, 100% used [0x00000007a5560000, 0x00000007a6ab0000, 0x00000007a6ab0000)
  to   space 21824K,   0% used [0x00000007a6ab0000, 0x00000007a6ab0000, 0x00000007a8000000)
 concurrent mark-sweep generation total 393216K, used 56885K [0x00000007a8000000, 0x00000007c0000000, 0x00000007c0000000)
 Metaspace       used 40732K, capacity 41444K, committed 41844K, reserved 1085440K
  class space    used 4663K, capacity 4865K, committed 4988K, reserved 1048576K
}
2016-10-23T22:32:32.486+0800: 1971.510: Total time for which application threads were stopped: 0.0137942 seconds, Stopping threads took: 0.0000298 seconds
{Heap before GC invocations=314 (full 7):
 par new generation   total 109248K, used 109248K [0x00000007a0000000, 0x00000007a8000000, 0x00000007a8000000)
  eden space 87424K, 100% used [0x00000007a0000000, 0x00000007a5560000, 0x00000007a5560000)
  from space 21824K, 100% used [0x00000007a5560000, 0x00000007a6ab0000, 0x00000007a6ab0000)
  to   space 21824K,   0% used [0x00000007a6ab0000, 0x00000007a6ab0000, 0x00000007a8000000)
 concurrent mark-sweep generation total 393216K, used 56885K [0x00000007a8000000, 0x00000007c0000000, 0x00000007c0000000)
 Metaspace       used 40732K, capacity 41444K, committed 41844K, reserved 1085440K
  class space    used 4663K, capacity 4865K, committed 4988K, reserved 1048576K
2016-10-23T22:32:32.624+0800: 1971.647: [GC (Allocation Failure) 2016-10-23T22:32:32.624+0800: 1971.647: [ParNew
Desired survivor size 20112992 bytes, new threshold 8 (max 8)
- age   1:    6168224 bytes,    6168224 total
- age   2:    3335776 bytes,    9504000 total
- age   3:    2069560 bytes,   11573560 total
- age   4:    1894984 bytes,   13468544 total
- age   5:     491696 bytes,   13960240 total
- age   6:     537472 bytes,   14497712 total
- age   7:    4537840 bytes,   19035552 total
- age   8:    2100032 bytes,   21135584 total
: 109248K->21824K(109248K), 0.0136546 secs] 166133K->84561K(502464K), 0.0137133 secs] [Times: user=0.05 sys=0.00, real=0.01 secs] 
Heap after GC invocations=315 (full 7):
 par new generation   total 109248K, used 21824K [0x00000007a0000000, 0x00000007a8000000, 0x00000007a8000000)
  eden space 87424K,   0% used [0x00000007a0000000, 0x00000007a0000000, 0x00000007a5560000)
  from space 21824K, 100% used [0x00000007a6ab0000, 0x00000007a8000000, 0x00000007a8000000)
  to   space 21824K,   0% used [0x00000007a5560000, 0x00000007a5560000, 0x00000007a6ab0000)
 concurrent mark-sweep generation total 393216K, used 62737K [0x00000007a8000000, 0x00000007c0000000, 0x00000007c0000000)
 Metaspace       used 40732K, capacity 41444K, committed 41844K, reserved 1085440K
  class space    used 4663K, capacity 4865K, committed 4988K, reserved 1048576K
}
2016-10-23T22:32:32.637+0800: 1971.661: Total time for which application threads were stopped: 0.0139731 seconds, Stopping threads took: 0.0000436 seconds
{Heap before GC invocations=315 (full 7):
 par new generation   total 109248K, used 109248K [0x00000007a0000000, 0x00000007a8000000, 0x00000007a8000000)
  eden space 87424K, 100% used [0x00000007a0000000, 0x00000007a5560000, 0x00000007a5560000)
  from space 21824K, 100% used [0x00000007a6ab0000, 0x00000007a8000000, 0x00000007a8000000)
  to   space 21824K,   0% used [0x00000007a5560000, 0x00000007a5560000, 0x00000007a6ab0000)
 concurrent mark-sweep generation total 393216K, used 62737K [0x00000007a8000000, 0x00000007c0000000, 0x00000007c0000000)
 Metaspace       used 40732K, capacity 41444K, committed 41844K, reserved 1085440K
  class space    used 4663K, capacity 4865K, committed 4988K, reserved 1048576K
2016-10-23T22:32:32.778+0800: 1971.802: [GC (Allocation Failure) 2016-10-23T22:32:32.778+0800: 1971.802: [ParNew
Desired survivor size 20112992 bytes, new threshold 8 (max 8)
- age   1:    6259584 bytes,    6259584 total
- age   2:    3698280 bytes,    9957864 total
- age   3:    2902592 bytes,   12860456 total
- age   4:    1837680 bytes,   14698136 total
- age   5:    1835768 bytes,   16533904 total
- age   6:     475112 bytes,   17009016 total
- age   7:     513304 bytes,   17522320 total
- age   8:    4518320 bytes,   22040640 total
: 109248K->21824K(109248K), 0.0147924 secs] 171985K->89375K(502464K), 0.0149078 secs] [Times: user=0.05 sys=0.00, real=0.02 secs] 
Heap after GC invocations=316 (full 7):
 par new generation   total 109248K, used 21824K [0x00000007a0000000, 0x00000007a8000000, 0x00000007a8000000)
  eden space 87424K,   0% used [0x00000007a0000000, 0x00000007a0000000, 0x00000007a5560000)
  from space 21824K, 100% used [0x00000007a5560000, 0x00000007a6ab0000, 0x00000007a6ab0000)
  to   space 21824K,   0% used [0x00000007a6ab0000, 0x00000007a6ab0000, 0x00000007a8000000)
 concurrent mark-sweep generation total 393216K, used 67551K [0x00000007a8000000, 0x00000007c0000000, 0x00000007c0000000)
 Metaspace       used 40732K, capacity 41444K, committed 41844K, reserved 1085440K
  class space    used 4663K, capacity 4865K, committed 4988K, reserved 1048576K
}
2016-10-23T22:32:32.793+0800: 1971.817: Total time for which application threads were stopped: 0.0151769 seconds, Stopping threads took: 0.0000717 seconds
{Heap before GC invocations=316 (full 7):
 par new generation   total 109248K, used 109248K [0x00000007a0000000, 0x00000007a8000000, 0x00000007a8000000)
  eden space 87424K, 100% used [0x00000007a0000000, 0x00000007a5560000, 0x00000007a5560000)
  from space 21824K, 100% used [0x00000007a5560000, 0x00000007a6ab0000, 0x00000007a6ab0000)
  to   space 21824K,   0% used [0x00000007a6ab0000, 0x00000007a6ab0000, 0x00000007a8000000)
 concurrent mark-sweep generation total 393216K, used 67551K [0x00000007a8000000, 0x00000007c0000000, 0x00000007c0000000)
 Metaspace       used 40732K, capacity 41444K, committed 41844K, reserved 1085440K
  class space    used 4663K, capacity 4865K, committed 4988K, reserved 1048576K
2016-10-23T22:32:32.922+0800: 1971.946: [GC (Allocation Failure) 2016-10-23T22:32:32.922+0800: 1971.946: [ParNew
Desired survivor size 20112992 bytes, new threshold 8 (max 8)
- age   1:    3615640 bytes,    3615640 total
- age   2:    5902560 bytes,    9518200 total
- age   3:    3360912 bytes,   12879112 total
- age   4:    2579056 bytes,   15458168 total
- age   5:    1515800 bytes,   16973968 total
- age   6:    1522344 bytes,   18496312 total
- age   7:     413440 bytes,   18909752 total
- age   8:     421312 bytes,   19331064 total
: 109248K->21824K(109248K), 0.0111963 secs] 176799K->93936K(502464K), 0.0112644 secs] [Times: user=0.04 sys=0.00, real=0.01 secs] 
Heap after GC invocations=317 (full 7):
 par new generation   total 109248K, used 21824K [0x00000007a0000000, 0x00000007a8000000, 0x00000007a8000000)
  eden space 87424K,   0% used [0x00000007a0000000, 0x00000007a0000000, 0x00000007a5560000)
  from space 21824K, 100% used [0x00000007a6ab0000, 0x00000007a8000000, 0x00000007a8000000)
  to   space 21824K,   0% used [0x00000007a5560000, 0x00000007a5560000, 0x00000007a6ab0000)
 concurrent mark-sweep generation total 393216K, used 72112K [0x00000007a8000000, 0x00000007c0000000, 0x00000007c0000000)
 Metaspace       used 40732K, capacity 41444K, committed 41844K, reserved 1085440K
  class space    used 4663K, capacity 4865K, committed 4988K, reserved 1048576K
}
2016-10-23T22:32:32.933+0800: 1971.957: Total time for which application threads were stopped: 0.0115472 seconds, Stopping threads took: 0.0000955 seconds
{Heap before GC invocations=317 (full 7):
 par new generation   total 109248K, used 109248K [0x00000007a0000000, 0x00000007a8000000, 0x00000007a8000000)
  eden space 87424K, 100% used [0x00000007a0000000, 0x00000007a5560000, 0x00000007a5560000)
  from space 21824K, 100% used [0x00000007a6ab0000, 0x00000007a8000000, 0x00000007a8000000)
  to   space 21824K,   0% used [0x00000007a5560000, 0x00000007a5560000, 0x00000007a6ab0000)
 concurrent mark-sweep generation total 393216K, used 72112K [0x00000007a8000000, 0x00000007c0000000, 0x00000007c0000000)
 Metaspace       used 40733K, capacity 41444K, committed 41844K, reserved 1085440K
  class space    used 4663K, capacity 4865K, committed 4988K, reserved 1048576K
2016-10-23T22:32:32.969+0800: 1971.992: [GC (Allocation Failure) 2016-10-23T22:32:32.969+0800: 1971.992: [ParNew
Desired survivor size 20112992 bytes, new threshold 8 (max 8)
- age   1:    1281256 bytes,    1281256 total
- age   2:    2688408 bytes,    3969664 total
- age   3:    5902560 bytes,    9872224 total
- age   4:    3360912 bytes,   13233136 total
- age   5:    2579056 bytes,   15812192 total
- age   6:    1515800 bytes,   17327992 total
- age   7:    1522344 bytes,   18850336 total
- age   8:     413440 bytes,   19263776 total
: 109248K->21824K(109248K), 0.0088373 secs] 181360K->94543K(502464K), 0.0088980 secs] [Times: user=0.04 sys=0.00, real=0.01 secs] 
Heap after GC invocations=318 (full 7):
 par new generation   total 109248K, used 21824K [0x00000007a0000000, 0x00000007a8000000, 0x00000007a8000000)
  eden space 87424K,   0% used [0x00000007a0000000, 0x00000007a0000000, 0x00000007a5560000)
  from space 21824K, 100% used [0x00000007a5560000, 0x00000007a6ab0000, 0x00000007a6ab0000)
  to   space 21824K,   0% used [0x00000007a6ab0000, 0x00000007a6ab0000, 0x00000007a8000000)
 concurrent mark-sweep generation total 393216K, used 72719K [0x00000007a8000000, 0x00000007c0000000, 0x00000007c0000000)
 Metaspace       used 40733K, capacity 41444K, committed 41844K, reserved 1085440K
  class space    used 4663K, capacity 4865K, committed 4988K, reserved 1048576K
}
2016-10-23T22:32:32.977+0800: 1972.001: Total time for which application threads were stopped: 0.0092417 seconds, Stopping threads took: 0.0001346 seconds
{Heap before GC invocations=318 (full 7):
 par new generation   total 109248K, used 109248K [0x00000007a0000000, 0x00000007a8000000, 0x00000007a8000000)
  eden space 87424K, 100% used [0x00000007a0000000, 0x00000007a5560000, 0x00000007a5560000)
  from space 21824K, 100% used [0x00000007a5560000, 0x00000007a6ab0000, 0x00000007a6ab0000)
  to   space 21824K,   0% used [0x00000007a6ab0000, 0x00000007a6ab0000, 0x00000007a8000000)
 concurrent mark-sweep generation total 393216K, used 72719K [0x00000007a8000000, 0x00000007c0000000, 0x00000007c0000000)
 Metaspace       used 40734K, capacity 41444K, committed 41844K, reserved 1085440K
  class space    used 4663K, capacity 4865K, committed 4988K, reserved 1048576K
2016-10-23T22:32:33.088+0800: 1972.112: [GC (Allocation Failure) 2016-10-23T22:32:33.088+0800: 1972.112: [ParNew
Desired survivor size 20112992 bytes, new threshold 8 (max 8)
- age   1:    4705856 bytes,    4705856 total
- age   2:     516304 bytes,    5222160 total
- age   3:    2166256 bytes,    7388416 total
- age   4:    5169336 bytes,   12557752 total
- age   5:    2766664 bytes,   15324416 total
- age   6:    2273560 bytes,   17597976 total
- age   7:    1331480 bytes,   18929456 total
- age   8:    1382928 bytes,   20312384 total
: 109248K->21824K(109248K), 0.0102478 secs] 181967K->96516K(502464K), 0.0103306 secs] [Times: user=0.03 sys=0.00, real=0.01 secs] 
Heap after GC invocations=319 (full 7):
 par new generation   total 109248K, used 21824K [0x00000007a0000000, 0x00000007a8000000, 0x00000007a8000000)
  eden space 87424K,   0% used [0x00000007a0000000, 0x00000007a0000000, 0x00000007a5560000)
  from space 21824K, 100% used [0x00000007a6ab0000, 0x00000007a8000000, 0x00000007a8000000)
  to   space 21824K,   0% used [0x00000007a5560000, 0x00000007a5560000, 0x00000007a6ab0000)
 concurrent mark-sweep generation total 393216K, used 74692K [0x00000007a8000000, 0x00000007c0000000, 0x00000007c0000000)
 Metaspace       used 40734K, capacity 41444K, committed 41844K, reserved 1085440K
  class space    used 4663K, capacity 4865K, committed 4988K, reserved 1048576K
}
2016-10-23T22:32:33.099+0800: 1972.122: Total time for which application threads were stopped: 0.0106161 seconds, Stopping threads took: 0.0000672 seconds
{Heap before GC invocations=319 (full 7):
 par new generation   total 109248K, used 109248K [0x00000007a0000000, 0x00000007a8000000, 0x00000007a8000000)
  eden space 87424K, 100% used [0x00000007a0000000, 0x00000007a5560000, 0x00000007a5560000)
  from space 21824K, 100% used [0x00000007a6ab0000, 0x00000007a8000000, 0x00000007a8000000)
  to   space 21824K,   0% used [0x00000007a5560000, 0x00000007a5560000, 0x00000007a6ab0000)
 concurrent mark-sweep generation total 393216K, used 74692K [0x00000007a8000000, 0x00000007c0000000, 0x00000007c0000000)
 Metaspace       used 40734K, capacity 41444K, committed 41844K, reserved 1085440K
  class space    used 4663K, capacity 4865K, committed 4988K, reserved 1048576K
2016-10-23T22:32:33.229+0800: 1972.253: [GC (Allocation Failure) 2016-10-23T22:32:33.229+0800: 1972.253: [ParNew
Desired survivor size 20112992 bytes, new threshold 8 (max 8)
- age   1:    4361592 bytes,    4361592 total
- age   2:    2729072 bytes,    7090664 total
- age   3:     405376 bytes,    7496040 total
- age   4:    1669712 bytes,    9165752 total
- age   5:    5169336 bytes,   14335088 total
- age   6:    2766664 bytes,   17101752 total
- age   7:    2404648 bytes,   19506400 total
- age   8:    1331504 bytes,   20837904 total
: 109248K->21824K(109248K), 0.0118256 secs] 183940K->101065K(502464K), 0.0118961 secs] [Times: user=0.04 sys=0.00, real=0.02 secs] 
Heap after GC invocations=320 (full 7):
 par new generation   total 109248K, used 21824K [0x00000007a0000000, 0x00000007a8000000, 0x00000007a8000000)
  eden space 87424K,   0% used [0x00000007a0000000, 0x00000007a0000000, 0x00000007a5560000)
  from space 21824K, 100% used [0x00000007a5560000, 0x00000007a6ab0000, 0x00000007a6ab0000)
  to   space 21824K,   0% used [0x00000007a6ab0000, 0x00000007a6ab0000, 0x00000007a8000000)
 concurrent mark-sweep generation total 393216K, used 79241K [0x00000007a8000000, 0x00000007c0000000, 0x00000007c0000000)
 Metaspace       used 40734K, capacity 41444K, committed 41844K, reserved 1085440K
  class space    used 4663K, capacity 4865K, committed 4988K, reserved 1048576K
}
2016-10-23T22:32:33.241+0800: 1972.265: Total time for which application threads were stopped: 0.0121582 seconds, Stopping threads took: 0.0000874 seconds
{Heap before GC invocations=320 (full 7):
 par new generation   total 109248K, used 109248K [0x00000007a0000000, 0x00000007a8000000, 0x00000007a8000000)
  eden space 87424K, 100% used [0x00000007a0000000, 0x00000007a5560000, 0x00000007a5560000)
  from space 21824K, 100% used [0x00000007a5560000, 0x00000007a6ab0000, 0x00000007a6ab0000)
  to   space 21824K,   0% used [0x00000007a6ab0000, 0x00000007a6ab0000, 0x00000007a8000000)
 concurrent mark-sweep generation total 393216K, used 79241K [0x00000007a8000000, 0x00000007c0000000, 0x00000007c0000000)
 Metaspace       used 40734K, capacity 41444K, committed 41844K, reserved 1085440K
  class space    used 4663K, capacity 4865K, committed 4988K, reserved 1048576K
2016-10-23T22:32:33.376+0800: 1972.400: [GC (Allocation Failure) 2016-10-23T22:32:33.376+0800: 1972.400: [ParNew
Desired survivor size 20112992 bytes, new threshold 8 (max 8)
- age   1:    5386392 bytes,    5386392 total
- age   2:    2785456 bytes,    8171848 total
- age   3:    1993128 bytes,   10164976 total
- age   4:     331408 bytes,   10496384 total
- age   5:    1460464 bytes,   11956848 total
- age   6:    4951920 bytes,   16908768 total
- age   7:    2766664 bytes,   19675432 total
- age   8:    2272776 bytes,   21948208 total
: 109248K->21824K(109248K), 0.0139998 secs] 188489K->106161K(502464K), 0.0140873 secs] [Times: user=0.05 sys=0.00, real=0.02 secs] 
Heap after GC invocations=321 (full 7):
 par new generation   total 109248K, used 21824K [0x00000007a0000000, 0x00000007a8000000, 0x00000007a8000000)
  eden space 87424K,   0% used [0x00000007a0000000, 0x00000007a0000000, 0x00000007a5560000)
  from space 21824K, 100% used [0x00000007a6ab0000, 0x00000007a8000000, 0x00000007a8000000)
  to   space 21824K,   0% used [0x00000007a5560000, 0x00000007a5560000, 0x00000007a6ab0000)
 concurrent mark-sweep generation total 393216K, used 84337K [0x00000007a8000000, 0x00000007c0000000, 0x00000007c0000000)
 Metaspace       used 40734K, capacity 41444K, committed 41844K, reserved 1085440K
  class space    used 4663K, capacity 4865K, committed 4988K, reserved 1048576K
}
2016-10-23T22:32:33.390+0800: 1972.414: Total time for which application threads were stopped: 0.0143813 seconds, Stopping threads took: 0.0001120 seconds
{Heap before GC invocations=321 (full 7):
 par new generation   total 109248K, used 109248K [0x00000007a0000000, 0x00000007a8000000, 0x00000007a8000000)
  eden space 87424K, 100% used [0x00000007a0000000, 0x00000007a5560000, 0x00000007a5560000)
  from space 21824K, 100% used [0x00000007a6ab0000, 0x00000007a8000000, 0x00000007a8000000)
  to   space 21824K,   0% used [0x00000007a5560000, 0x00000007a5560000, 0x00000007a6ab0000)
 concurrent mark-sweep generation total 393216K, used 84337K [0x00000007a8000000, 0x00000007c0000000, 0x00000007c0000000)
 Metaspace       used 40734K, capacity 41444K, committed 41844K, reserved 1085440K
  class space    used 4663K, capacity 4865K, committed 4988K, reserved 1048576K
2016-10-23T22:32:33.527+0800: 1972.550: [GC (Allocation Failure) 2016-10-23T22:32:33.527+0800: 1972.550: [ParNew
Desired survivor size 20112992 bytes, new threshold 8 (max 8)
- age   1:    6741488 bytes,    6741488 total
- age   2:    2738232 bytes,    9479720 total
- age   3:    1860504 bytes,   11340224 total
- age   4:    1561952 bytes,   12902176 total
- age   5:     214856 bytes,   13117032 total
- age   6:    1084960 bytes,   14201992 total
- age   7:    4927304 bytes,   19129296 total
- age   8:    2760280 bytes,   21889576 total
: 109248K->21824K(109248K), 0.0136490 secs] 193585K->111967K(502464K), 0.0137067 secs] [Times: user=0.05 sys=0.00, real=0.02 secs] 
Heap after GC invocations=322 (full 7):
 par new generation   total 109248K, used 21824K [0x00000007a0000000, 0x00000007a8000000, 0x00000007a8000000)
  eden space 87424K,   0% used [0x00000007a0000000, 0x00000007a0000000, 0x00000007a5560000)
  from space 21824K, 100% used [0x00000007a5560000, 0x00000007a6ab0000, 0x00000007a6ab0000)
  to   space 21824K,   0% used [0x00000007a6ab0000, 0x00000007a6ab0000, 0x00000007a8000000)
 concurrent mark-sweep generation total 393216K, used 90143K [0x00000007a8000000, 0x00000007c0000000, 0x00000007c0000000)
 Metaspace       used 40734K, capacity 41444K, committed 41844K, reserved 1085440K
  class space    used 4663K, capacity 4865K, committed 4988K, reserved 1048576K
}
2016-10-23T22:32:33.540+0800: 1972.564: Total time for which application threads were stopped: 0.0139934 seconds, Stopping threads took: 0.0001007 seconds
2016-10-23T22:32:33.611+0800: 1972.635: Total time for which application threads were stopped: 0.0002231 seconds, Stopping threads took: 0.0001039 seconds
2016-10-23T22:32:33.626+0800: 1972.650: Total time for which application threads were stopped: 0.0002166 seconds, Stopping threads took: 0.0000875 seconds
2016-10-23T22:32:33.626+0800: 1972.650: Total time for which application threads were stopped: 0.0001476 seconds, Stopping threads took: 0.0000673 seconds
{Heap before GC invocations=322 (full 7):
 par new generation   total 109248K, used 109248K [0x00000007a0000000, 0x00000007a8000000, 0x00000007a8000000)
  eden space 87424K, 100% used [0x00000007a0000000, 0x00000007a5560000, 0x00000007a5560000)
  from space 21824K, 100% used [0x00000007a5560000, 0x00000007a6ab0000, 0x00000007a6ab0000)
  to   space 21824K,   0% used [0x00000007a6ab0000, 0x00000007a6ab0000, 0x00000007a8000000)
 concurrent mark-sweep generation total 393216K, used 90143K [0x00000007a8000000, 0x00000007c0000000, 0x00000007c0000000)
 Metaspace       used 40734K, capacity 41444K, committed 41844K, reserved 1085440K
  class space    used 4663K, capacity 4865K, committed 4988K, reserved 1048576K
2016-10-23T22:32:33.690+0800: 1972.714: [GC (Allocation Failure) 2016-10-23T22:32:33.690+0800: 1972.714: [ParNew
Desired survivor size 20112992 bytes, new threshold 8 (max 8)
- age   1:    5373816 bytes,    5373816 total
- age   2:    4352560 bytes,    9726376 total
- age   3:    1920784 bytes,   11647160 total
- age   4:    1460472 bytes,   13107632 total
- age   5:    1298168 bytes,   14405800 total
- age   6:     161208 bytes,   14567008 total
- age   7:     838568 bytes,   15405576 total
- age   8:    4927304 bytes,   20332880 total
: 109248K->21824K(109248K), 0.0146764 secs] 199391K->116592K(502464K), 0.0147690 secs] [Times: user=0.05 sys=0.00, real=0.01 secs] 
Heap after GC invocations=323 (full 7):
 par new generation   total 109248K, used 21824K [0x00000007a0000000, 0x00000007a8000000, 0x00000007a8000000)
  eden space 87424K,   0% used [0x00000007a0000000, 0x00000007a0000000, 0x00000007a5560000)
  from space 21824K, 100% used [0x00000007a6ab0000, 0x00000007a8000000, 0x00000007a8000000)
  to   space 21824K,   0% used [0x00000007a5560000, 0x00000007a5560000, 0x00000007a6ab0000)
 concurrent mark-sweep generation total 393216K, used 94768K [0x00000007a8000000, 0x00000007c0000000, 0x00000007c0000000)
 Metaspace       used 40734K, capacity 41444K, committed 41844K, reserved 1085440K
  class space    used 4663K, capacity 4865K, committed 4988K, reserved 1048576K
}
2016-10-23T22:32:33.705+0800: 1972.729: Total time for which application threads were stopped: 0.0151907 seconds, Stopping threads took: 0.0002083 seconds
{Heap before GC invocations=323 (full 7):
 par new generation   total 109248K, used 109248K [0x00000007a0000000, 0x00000007a8000000, 0x00000007a8000000)
  eden space 87424K, 100% used [0x00000007a0000000, 0x00000007a5560000, 0x00000007a5560000)
  from space 21824K, 100% used [0x00000007a6ab0000, 0x00000007a8000000, 0x00000007a8000000)
  to   space 21824K,   0% used [0x00000007a5560000, 0x00000007a5560000, 0x00000007a6ab0000)
 concurrent mark-sweep generation total 393216K, used 94768K [0x00000007a8000000, 0x00000007c0000000, 0x00000007c0000000)
 Metaspace       used 40734K, capacity 41444K, committed 41844K, reserved 1085440K
  class space    used 4663K, capacity 4865K, committed 4988K, reserved 1048576K
2016-10-23T22:32:33.753+0800: 1972.777: [GC (Allocation Failure) 2016-10-23T22:32:33.754+0800: 1972.777: [ParNew
Desired survivor size 20112992 bytes, new threshold 8 (max 8)
- age   1:    1526048 bytes,    1526048 total
- age   2:    4817184 bytes,    6343232 total
- age   3:    4352560 bytes,   10695792 total
- age   4:    1920784 bytes,   12616576 total
- age   5:    1460472 bytes,   14077048 total
- age   6:    1298192 bytes,   15375240 total
- age   7:     161208 bytes,   15536448 total
- age   8:     838568 bytes,   16375016 total
: 109248K->21824K(109248K), 0.0107120 secs] 204016K->121423K(502464K), 0.0107762 secs] [Times: user=0.04 sys=0.00, real=0.01 secs] 
Heap after GC invocations=324 (full 7):
 par new generation   total 109248K, used 21824K [0x00000007a0000000, 0x00000007a8000000, 0x00000007a8000000)
  eden space 87424K,   0% used [0x00000007a0000000, 0x00000007a0000000, 0x00000007a5560000)
  from space 21824K, 100% used [0x00000007a5560000, 0x00000007a6ab0000, 0x00000007a6ab0000)
  to   space 21824K,   0% used [0x00000007a6ab0000, 0x00000007a6ab0000, 0x00000007a8000000)
 concurrent mark-sweep generation total 393216K, used 99599K [0x00000007a8000000, 0x00000007c0000000, 0x00000007c0000000)
 Metaspace       used 40734K, capacity 41444K, committed 41844K, reserved 1085440K
  class space    used 4663K, capacity 4865K, committed 4988K, reserved 1048576K
}
2016-10-23T22:32:33.764+0800: 1972.788: Total time for which application threads were stopped: 0.0110486 seconds, Stopping threads took: 0.0001025 seconds
{Heap before GC invocations=324 (full 7):
 par new generation   total 109248K, used 109248K [0x00000007a0000000, 0x00000007a8000000, 0x00000007a8000000)
  eden space 87424K, 100% used [0x00000007a0000000, 0x00000007a5560000, 0x00000007a5560000)
  from space 21824K, 100% used [0x00000007a5560000, 0x00000007a6ab0000, 0x00000007a6ab0000)
  to   space 21824K,   0% used [0x00000007a6ab0000, 0x00000007a6ab0000, 0x00000007a8000000)
 concurrent mark-sweep generation total 393216K, used 99599K [0x00000007a8000000, 0x00000007c0000000, 0x00000007c0000000)
 Metaspace       used 40737K, capacity 41444K, committed 41844K, reserved 1085440K
  class space    used 4663K, capacity 4865K, committed 4988K, reserved 1048576K
2016-10-23T22:32:33.862+0800: 1972.886: [GC (Allocation Failure) 2016-10-23T22:32:33.862+0800: 1972.886: [ParNew
Desired survivor size 20112992 bytes, new threshold 8 (max 8)
- age   1:    3768776 bytes,    3768776 total
- age   2:     786032 bytes,    4554808 total
- age   3:    3873848 bytes,    8428656 total
- age   4:    4045288 bytes,   12473944 total
- age   5:    1870328 bytes,   14344272 total
- age   6:    1428920 bytes,   15773192 total
- age   7:    1268656 bytes,   17041848 total
- age   8:     158088 bytes,   17199936 total
: 109248K->21824K(109248K), 0.0106353 secs] 208847K->122237K(502464K), 0.0106999 secs] [Times: user=0.06 sys=0.00, real=0.01 secs] 
Heap after GC invocations=325 (full 7):
 par new generation   total 109248K, used 21824K [0x00000007a0000000, 0x00000007a8000000, 0x00000007a8000000)
  eden space 87424K,   0% used [0x00000007a0000000, 0x00000007a0000000, 0x00000007a5560000)
  from space 21824K, 100% used [0x00000007a6ab0000, 0x00000007a8000000, 0x00000007a8000000)
  to   space 21824K,   0% used [0x00000007a5560000, 0x00000007a5560000, 0x00000007a6ab0000)
 concurrent mark-sweep generation total 393216K, used 100413K [0x00000007a8000000, 0x00000007c0000000, 0x00000007c0000000)
 Metaspace       used 40737K, capacity 41444K, committed 41844K, reserved 1085440K
  class space    used 4663K, capacity 4865K, committed 4988K, reserved 1048576K
}
2016-10-23T22:32:33.873+0800: 1972.897: Total time for which application threads were stopped: 0.0110559 seconds, Stopping threads took: 0.0000834 seconds
2016-10-23T22:32:33.880+0800: 1972.903: Total time for which application threads were stopped: 0.0001921 seconds, Stopping threads took: 0.0000918 seconds
2016-10-23T22:32:33.903+0800: 1972.926: Total time for which application threads were stopped: 0.0002822 seconds, Stopping threads took: 0.0001027 seconds
{Heap before GC invocations=325 (full 7):
 par new generation   total 109248K, used 109248K [0x00000007a0000000, 0x00000007a8000000, 0x00000007a8000000)
  eden space 87424K, 100% used [0x00000007a0000000, 0x00000007a5560000, 0x00000007a5560000)
  from space 21824K, 100% used [0x00000007a6ab0000, 0x00000007a8000000, 0x00000007a8000000)
  to   space 21824K,   0% used [0x00000007a5560000, 0x00000007a5560000, 0x00000007a6ab0000)
 concurrent mark-sweep generation total 393216K, used 100413K [0x00000007a8000000, 0x00000007c0000000, 0x00000007c0000000)
 Metaspace       used 40737K, capacity 41444K, committed 41844K, reserved 1085440K
  class space    used 4663K, capacity 4865K, committed 4988K, reserved 1048576K
2016-10-23T22:32:34.014+0800: 1973.038: [GC (Allocation Failure) 2016-10-23T22:32:34.014+0800: 1973.038: [ParNew
Desired survivor size 20112992 bytes, new threshold 8 (max 8)
- age   1:    6133536 bytes,    6133536 total
- age   2:     936424 bytes,    7069960 total
- age   3:     101776 bytes,    7171736 total
- age   4:    2833680 bytes,   10005416 total
- age   5:    4045264 bytes,   14050680 total
- age   6:    1870304 bytes,   15920984 total
- age   7:    1428656 bytes,   17349640 total
- age   8:    1144248 bytes,   18493888 total
: 109248K->21824K(109248K), 0.0098406 secs] 209661K->122391K(502464K), 0.0098947 secs] [Times: user=0.05 sys=0.00, real=0.01 secs] 
Heap after GC invocations=326 (full 7):
 par new generation   total 109248K, used 21824K [0x00000007a0000000, 0x00000007a8000000, 0x00000007a8000000)
  eden space 87424K,   0% used [0x00000007a0000000, 0x00000007a0000000, 0x00000007a5560000)
  from space 21824K, 100% used [0x00000007a5560000, 0x00000007a6ab0000, 0x00000007a6ab0000)
  to   space 21824K,   0% used [0x00000007a6ab0000, 0x00000007a6ab0000, 0x00000007a8000000)
 concurrent mark-sweep generation total 393216K, used 100567K [0x00000007a8000000, 0x00000007c0000000, 0x00000007c0000000)
 Metaspace       used 40737K, capacity 41444K, committed 41844K, reserved 1085440K
  class space    used 4663K, capacity 4865K, committed 4988K, reserved 1048576K
}
2016-10-23T22:32:34.024+0800: 1973.048: Total time for which application threads were stopped: 0.0101191 seconds, Stopping threads took: 0.0000662 seconds
{Heap before GC invocations=326 (full 7):
 par new generation   total 109248K, used 109248K [0x00000007a0000000, 0x00000007a8000000, 0x00000007a8000000)
  eden space 87424K, 100% used [0x00000007a0000000, 0x00000007a5560000, 0x00000007a5560000)
  from space 21824K, 100% used [0x00000007a5560000, 0x00000007a6ab0000, 0x00000007a6ab0000)
  to   space 21824K,   0% used [0x00000007a6ab0000, 0x00000007a6ab0000, 0x00000007a8000000)
 concurrent mark-sweep generation total 393216K, used 100567K [0x00000007a8000000, 0x00000007c0000000, 0x00000007c0000000)
 Metaspace       used 40737K, capacity 41444K, committed 41844K, reserved 1085440K
  class space    used 4663K, capacity 4865K, committed 4988K, reserved 1048576K
2016-10-23T22:32:34.154+0800: 1973.178: [GC (Allocation Failure) 2016-10-23T22:32:34.154+0800: 1973.178: [ParNew
Desired survivor size 20112992 bytes, new threshold 8 (max 8)
- age   1:    4682352 bytes,    4682352 total
- age   2:    4478280 bytes,    9160632 total
- age   3:     936424 bytes,   10097056 total
- age   4:     101776 bytes,   10198832 total
- age   5:    2833680 bytes,   13032512 total
- age   6:    4045240 bytes,   17077752 total
- age   7:    1870160 bytes,   18947912 total
- age   8:    1428632 bytes,   20376544 total
: 109248K->21824K(109248K), 0.0105835 secs] 209815K->125228K(502464K), 0.0106395 secs] [Times: user=0.03 sys=0.00, real=0.01 secs] 
Heap after GC invocations=327 (full 7):
 par new generation   total 109248K, used 21824K [0x00000007a0000000, 0x00000007a8000000, 0x00000007a8000000)
  eden space 87424K,   0% used [0x00000007a0000000, 0x00000007a0000000, 0x00000007a5560000)
  from space 21824K, 100% used [0x00000007a6ab0000, 0x00000007a8000000, 0x00000007a8000000)
  to   space 21824K,   0% used [0x00000007a5560000, 0x00000007a5560000, 0x00000007a6ab0000)
 concurrent mark-sweep generation total 393216K, used 103404K [0x00000007a8000000, 0x00000007c0000000, 0x00000007c0000000)
 Metaspace       used 40737K, capacity 41444K, committed 41844K, reserved 1085440K
  class space    used 4663K, capacity 4865K, committed 4988K, reserved 1048576K
}
2016-10-23T22:32:34.165+0800: 1973.189: Total time for which application threads were stopped: 0.0108546 seconds, Stopping threads took: 0.0000315 seconds
{Heap before GC invocations=327 (full 7):
 par new generation   total 109248K, used 109248K [0x00000007a0000000, 0x00000007a8000000, 0x00000007a8000000)
  eden space 87424K, 100% used [0x00000007a0000000, 0x00000007a5560000, 0x00000007a5560000)
  from space 21824K, 100% used [0x00000007a6ab0000, 0x00000007a8000000, 0x00000007a8000000)
  to   space 21824K,   0% used [0x00000007a5560000, 0x00000007a5560000, 0x00000007a6ab0000)
 concurrent mark-sweep generation total 393216K, used 103404K [0x00000007a8000000, 0x00000007c0000000, 0x00000007c0000000)
 Metaspace       used 40737K, capacity 41444K, committed 41844K, reserved 1085440K
  class space    used 4663K, capacity 4865K, committed 4988K, reserved 1048576K
2016-10-23T22:32:34.294+0800: 1973.318: [GC (Allocation Failure) 2016-10-23T22:32:34.295+0800: 1973.318: [ParNew
Desired survivor size 20112992 bytes, new threshold 8 (max 8)
- age   1:    4805032 bytes,    4805032 total
- age   2:    2815720 bytes,    7620752 total
- age   3:    3594904 bytes,   11215656 total
- age   4:     917896 bytes,   12133552 total
- age   5:     101776 bytes,   12235328 total
- age   6:    2833656 bytes,   15068984 total
- age   7:    4045240 bytes,   19114224 total
- age   8:    1870160 bytes,   20984384 total
: 109248K->21824K(109248K), 0.0125088 secs] 212652K->130029K(502464K), 0.0125748 secs] [Times: user=0.05 sys=0.00, real=0.01 secs] 
Heap after GC invocations=328 (full 7):
 par new generation   total 109248K, used 21824K [0x00000007a0000000, 0x00000007a8000000, 0x00000007a8000000)
  eden space 87424K,   0% used [0x00000007a0000000, 0x00000007a0000000, 0x00000007a5560000)
  from space 21824K, 100% used [0x00000007a5560000, 0x00000007a6ab0000, 0x00000007a6ab0000)
  to   space 21824K,   0% used [0x00000007a6ab0000, 0x00000007a6ab0000, 0x00000007a8000000)
 concurrent mark-sweep generation total 393216K, used 108205K [0x00000007a8000000, 0x00000007c0000000, 0x00000007c0000000)
 Metaspace       used 40737K, capacity 41444K, committed 41844K, reserved 1085440K
  class space    used 4663K, capacity 4865K, committed 4988K, reserved 1048576K
}
2016-10-23T22:32:34.307+0800: 1973.331: Total time for which application threads were stopped: 0.0129171 seconds, Stopping threads took: 0.0000901 seconds
{Heap before GC invocations=328 (full 7):
 par new generation   total 109248K, used 109248K [0x00000007a0000000, 0x00000007a8000000, 0x00000007a8000000)
  eden space 87424K, 100% used [0x00000007a0000000, 0x00000007a5560000, 0x00000007a5560000)
  from space 21824K, 100% used [0x00000007a5560000, 0x00000007a6ab0000, 0x00000007a6ab0000)
  to   space 21824K,   0% used [0x00000007a6ab0000, 0x00000007a6ab0000, 0x00000007a8000000)
 concurrent mark-sweep generation total 393216K, used 108205K [0x00000007a8000000, 0x00000007c0000000, 0x00000007c0000000)
 Metaspace       used 40737K, capacity 41444K, committed 41844K, reserved 1085440K
  class space    used 4663K, capacity 4865K, committed 4988K, reserved 1048576K
2016-10-23T22:32:34.453+0800: 1973.476: [GC (Allocation Failure) 2016-10-23T22:32:34.453+0800: 1973.476: [ParNew
Desired survivor size 20112992 bytes, new threshold 8 (max 8)
- age   1:    5984712 bytes,    5984712 total
- age   2:    2790968 bytes,    8775680 total
- age   3:    2000224 bytes,   10775904 total
- age   4:    2899952 bytes,   13675856 total
- age   5:     874280 bytes,   14550136 total
- age   6:     101776 bytes,   14651912 total
- age   7:    2404792 bytes,   17056704 total
- age   8:    4044840 bytes,   21101544 total
: 109248K->21824K(109248K), 0.0165319 secs] 217453K->135811K(502464K), 0.0165888 secs] [Times: user=0.06 sys=0.00, real=0.01 secs] 
Heap after GC invocations=329 (full 7):
 par new generation   total 109248K, used 21824K [0x00000007a0000000, 0x00000007a8000000, 0x00000007a8000000)
  eden space 87424K,   0% used [0x00000007a0000000, 0x00000007a0000000, 0x00000007a5560000)
  from space 21824K, 100% used [0x00000007a6ab0000, 0x00000007a8000000, 0x00000007a8000000)
  to   space 21824K,   0% used [0x00000007a5560000, 0x00000007a5560000, 0x00000007a6ab0000)
 concurrent mark-sweep generation total 393216K, used 113987K [0x00000007a8000000, 0x00000007c0000000, 0x00000007c0000000)
 Metaspace       used 40737K, capacity 41444K, committed 41844K, reserved 1085440K
  class space    used 4663K, capacity 4865K, committed 4988K, reserved 1048576K
}
2016-10-23T22:32:34.469+0800: 1973.493: Total time for which application threads were stopped: 0.0168743 seconds, Stopping threads took: 0.0001105 seconds
{Heap before GC invocations=329 (full 7):
 par new generation   total 109248K, used 109248K [0x00000007a0000000, 0x00000007a8000000, 0x00000007a8000000)
  eden space 87424K, 100% used [0x00000007a0000000, 0x00000007a5560000, 0x00000007a5560000)
  from space 21824K, 100% used [0x00000007a6ab0000, 0x00000007a8000000, 0x00000007a8000000)
  to   space 21824K,   0% used [0x00000007a5560000, 0x00000007a5560000, 0x00000007a6ab0000)
 concurrent mark-sweep generation total 393216K, used 113987K [0x00000007a8000000, 0x00000007c0000000, 0x00000007c0000000)
 Metaspace       used 40737K, capacity 41444K, committed 41844K, reserved 1085440K
  class space    used 4663K, capacity 4865K, committed 4988K, reserved 1048576K
2016-10-23T22:32:34.606+0800: 1973.630: [GC (Allocation Failure) 2016-10-23T22:32:34.606+0800: 1973.630: [ParNew
Desired survivor size 20112992 bytes, new threshold 8 (max 8)
- age   1:    6503128 bytes,    6503128 total
- age   2:    3582904 bytes,   10086032 total
- age   3:    2648664 bytes,   12734696 total
- age   4:    1875296 bytes,   14609992 total
- age   5:    2800888 bytes,   17410880 total
- age   6:     851112 bytes,   18261992 total
- age   7:     101776 bytes,   18363768 total
- age   8:    2404792 bytes,   20768560 total
: 109248K->21824K(109248K), 0.0136427 secs] 223235K->140639K(502464K), 0.0137216 secs] [Times: user=0.05 sys=0.00, real=0.02 secs] 
Heap after GC invocations=330 (full 7):
 par new generation   total 109248K, used 21824K [0x00000007a0000000, 0x00000007a8000000, 0x00000007a8000000)
  eden space 87424K,   0% used [0x00000007a0000000, 0x00000007a0000000, 0x00000007a5560000)
  from space 21824K, 100% used [0x00000007a5560000, 0x00000007a6ab0000, 0x00000007a6ab0000)
  to   space 21824K,   0% used [0x00000007a6ab0000, 0x00000007a6ab0000, 0x00000007a8000000)
 concurrent mark-sweep generation total 393216K, used 118815K [0x00000007a8000000, 0x00000007c0000000, 0x00000007c0000000)
 Metaspace       used 40737K, capacity 41444K, committed 41844K, reserved 1085440K
  class space    used 4663K, capacity 4865K, committed 4988K, reserved 1048576K
}
2016-10-23T22:32:34.620+0800: 1973.644: Total time for which application threads were stopped: 0.0139930 seconds, Stopping threads took: 0.0000871 seconds
{Heap before GC invocations=330 (full 7):
 par new generation   total 109248K, used 109248K [0x00000007a0000000, 0x00000007a8000000, 0x00000007a8000000)
  eden space 87424K, 100% used [0x00000007a0000000, 0x00000007a5560000, 0x00000007a5560000)
  from space 21824K, 100% used [0x00000007a5560000, 0x00000007a6ab0000, 0x00000007a6ab0000)
  to   space 21824K,   0% used [0x00000007a6ab0000, 0x00000007a6ab0000, 0x00000007a8000000)
 concurrent mark-sweep generation total 393216K, used 118815K [0x00000007a8000000, 0x00000007c0000000, 0x00000007c0000000)
 Metaspace       used 40737K, capacity 41444K, committed 41844K, reserved 1085440K
  class space    used 4663K, capacity 4865K, committed 4988K, reserved 1048576K
2016-10-23T22:32:34.758+0800: 1973.781: [GC (Allocation Failure) 2016-10-23T22:32:34.758+0800: 1973.781: [ParNew
Desired survivor size 20112992 bytes, new threshold 8 (max 8)
- age   1:    6943288 bytes,    6943288 total
- age   2:    3285640 bytes,   10228928 total
- age   3:    2828720 bytes,   13057648 total
- age   4:    1958216 bytes,   15015864 total
- age   5:    1552256 bytes,   16568120 total
- age   6:    2420304 bytes,   18988424 total
- age   7:     782392 bytes,   19770816 total
- age   8:     101328 bytes,   19872144 total
: 109248K->21824K(109248K), 0.0147222 secs] 228063K->146508K(502464K), 0.0147798 secs] [Times: user=0.05 sys=0.01, real=0.02 secs] 
Heap after GC invocations=331 (full 7):
 par new generation   total 109248K, used 21824K [0x00000007a0000000, 0x00000007a8000000, 0x00000007a8000000)
  eden space 87424K,   0% used [0x00000007a0000000, 0x00000007a0000000, 0x00000007a5560000)
  from space 21824K, 100% used [0x00000007a6ab0000, 0x00000007a8000000, 0x00000007a8000000)
  to   space 21824K,   0% used [0x00000007a5560000, 0x00000007a5560000, 0x00000007a6ab0000)
 concurrent mark-sweep generation total 393216K, used 124684K [0x00000007a8000000, 0x00000007c0000000, 0x00000007c0000000)
 Metaspace       used 40737K, capacity 41444K, committed 41844K, reserved 1085440K
  class space    used 4663K, capacity 4865K, committed 4988K, reserved 1048576K
}
2016-10-23T22:32:34.773+0800: 1973.796: Total time for which application threads were stopped: 0.0149867 seconds, Stopping threads took: 0.0000301 seconds
{Heap before GC invocations=331 (full 7):
 par new generation   total 109248K, used 109248K [0x00000007a0000000, 0x00000007a8000000, 0x00000007a8000000)
  eden space 87424K, 100% used [0x00000007a0000000, 0x00000007a5560000, 0x00000007a5560000)
  from space 21824K, 100% used [0x00000007a6ab0000, 0x00000007a8000000, 0x00000007a8000000)
  to   space 21824K,   0% used [0x00000007a5560000, 0x00000007a5560000, 0x00000007a6ab0000)
 concurrent mark-sweep generation total 393216K, used 124684K [0x00000007a8000000, 0x00000007c0000000, 0x00000007c0000000)
 Metaspace       used 40737K, capacity 41444K, committed 41844K, reserved 1085440K
  class space    used 4663K, capacity 4865K, committed 4988K, reserved 1048576K
2016-10-23T22:32:34.928+0800: 1973.952: [GC (Allocation Failure) 2016-10-23T22:32:34.928+0800: 1973.952: [ParNew
Desired survivor size 20112992 bytes, new threshold 7 (max 8)
- age   1:    6855184 bytes,    6855184 total
- age   2:    4113592 bytes,   10968776 total
- age   3:    2611304 bytes,   13580080 total
- age   4:    2446760 bytes,   16026840 total
- age   5:    1582904 bytes,   17609744 total
- age   6:    1184912 bytes,   18794656 total
- age   7:    2015288 bytes,   20809944 total
- age   8:     691288 bytes,   21501232 total
: 109248K->21824K(109248K), 0.0133305 secs] 233932K->148238K(502464K), 0.0133893 secs] [Times: user=0.06 sys=0.00, real=0.02 secs] 
Heap after GC invocations=332 (full 7):
 par new generation   total 109248K, used 21824K [0x00000007a0000000, 0x00000007a8000000, 0x00000007a8000000)
  eden space 87424K,   0% used [0x00000007a0000000, 0x00000007a0000000, 0x00000007a5560000)
  from space 21824K, 100% used [0x00000007a5560000, 0x00000007a6ab0000, 0x00000007a6ab0000)
  to   space 21824K,   0% used [0x00000007a6ab0000, 0x00000007a6ab0000, 0x00000007a8000000)
 concurrent mark-sweep generation total 393216K, used 126414K [0x00000007a8000000, 0x00000007c0000000, 0x00000007c0000000)
 Metaspace       used 40737K, capacity 41444K, committed 41844K, reserved 1085440K
  class space    used 4663K, capacity 4865K, committed 4988K, reserved 1048576K
}
2016-10-23T22:32:34.941+0800: 1973.965: Total time for which application threads were stopped: 0.0145959 seconds, Stopping threads took: 0.0009907 seconds
{Heap before GC invocations=332 (full 7):
 par new generation   total 109248K, used 109248K [0x00000007a0000000, 0x00000007a8000000, 0x00000007a8000000)
  eden space 87424K, 100% used [0x00000007a0000000, 0x00000007a5560000, 0x00000007a5560000)
  from space 21824K, 100% used [0x00000007a5560000, 0x00000007a6ab0000, 0x00000007a6ab0000)
  to   space 21824K,   0% used [0x00000007a6ab0000, 0x00000007a6ab0000, 0x00000007a8000000)
 concurrent mark-sweep generation total 393216K, used 126414K [0x00000007a8000000, 0x00000007c0000000, 0x00000007c0000000)
 Metaspace       used 40737K, capacity 41444K, committed 41844K, reserved 1085440K
  class space    used 4663K, capacity 4865K, committed 4988K, reserved 1048576K
2016-10-23T22:32:35.007+0800: 1974.030: [GC (Allocation Failure) 2016-10-23T22:32:35.007+0800: 1974.030: [ParNew
Desired survivor size 20112992 bytes, new threshold 8 (max 8)
- age   1:    1707160 bytes,    1707160 total
- age   2:    5862184 bytes,    7569344 total
- age   3:    3925384 bytes,   11494728 total
- age   4:    2454488 bytes,   13949216 total
- age   5:    2444144 bytes,   16393360 total
- age   6:    1504320 bytes,   17897680 total
- age   7:    1103864 bytes,   19001544 total
: 109248K->21824K(109248K), 0.0135390 secs] 235662K->151898K(502464K), 0.0135950 secs] [Times: user=0.06 sys=0.00, real=0.02 secs] 
Heap after GC invocations=333 (full 7):
 par new generation   total 109248K, used 21824K [0x00000007a0000000, 0x00000007a8000000, 0x00000007a8000000)
  eden space 87424K,   0% used [0x00000007a0000000, 0x00000007a0000000, 0x00000007a5560000)
  from space 21824K, 100% used [0x00000007a6ab0000, 0x00000007a8000000, 0x00000007a8000000)
  to   space 21824K,   0% used [0x00000007a5560000, 0x00000007a5560000, 0x00000007a6ab0000)
 concurrent mark-sweep generation total 393216K, used 130074K [0x00000007a8000000, 0x00000007c0000000, 0x00000007c0000000)
 Metaspace       used 40737K, capacity 41444K, committed 41844K, reserved 1085440K
  class space    used 4663K, capacity 4865K, committed 4988K, reserved 1048576K
}
2016-10-23T22:32:35.020+0800: 1974.044: Total time for which application threads were stopped: 0.0138430 seconds, Stopping threads took: 0.0000817 seconds
{Heap before GC invocations=333 (full 7):
 par new generation   total 109248K, used 109248K [0x00000007a0000000, 0x00000007a8000000, 0x00000007a8000000)
  eden space 87424K, 100% used [0x00000007a0000000, 0x00000007a5560000, 0x00000007a5560000)
  from space 21824K, 100% used [0x00000007a6ab0000, 0x00000007a8000000, 0x00000007a8000000)
  to   space 21824K,   0% used [0x00000007a5560000, 0x00000007a5560000, 0x00000007a6ab0000)
 concurrent mark-sweep generation total 393216K, used 130074K [0x00000007a8000000, 0x00000007c0000000, 0x00000007c0000000)
 Metaspace       used 40738K, capacity 41444K, committed 41844K, reserved 1085440K
  class space    used 4663K, capacity 4865K, committed 4988K, reserved 1048576K
2016-10-23T22:32:35.098+0800: 1974.122: [GC (Allocation Failure) 2016-10-23T22:32:35.098+0800: 1974.122: [ParNew
Desired survivor size 20112992 bytes, new threshold 8 (max 8)
- age   1:    2622544 bytes,    2622544 total
- age   2:     789464 bytes,    3412008 total
- age   3:    5162272 bytes,    8574280 total
- age   4:    3684240 bytes,   12258520 total
- age   5:    2211664 bytes,   14470184 total
- age   6:    2191152 bytes,   16661336 total
- age   7:    1450504 bytes,   18111840 total
- age   8:    1065744 bytes,   19177584 total
: 109248K->21824K(109248K), 0.0123257 secs] 239322K->152845K(502464K), 0.0125510 secs] [Times: user=0.05 sys=0.00, real=0.02 secs] 
Heap after GC invocations=334 (full 7):
 par new generation   total 109248K, used 21824K [0x00000007a0000000, 0x00000007a8000000, 0x00000007a8000000)
  eden space 87424K,   0% used [0x00000007a0000000, 0x00000007a0000000, 0x00000007a5560000)
  from space 21824K, 100% used [0x00000007a5560000, 0x00000007a6ab0000, 0x00000007a6ab0000)
  to   space 21824K,   0% used [0x00000007a6ab0000, 0x00000007a6ab0000, 0x00000007a8000000)
 concurrent mark-sweep generation total 393216K, used 131021K [0x00000007a8000000, 0x00000007c0000000, 0x00000007c0000000)
 Metaspace       used 40738K, capacity 41444K, committed 41844K, reserved 1085440K
  class space    used 4663K, capacity 4865K, committed 4988K, reserved 1048576K
}
2016-10-23T22:32:35.111+0800: 1974.134: Total time for which application threads were stopped: 0.0128341 seconds, Stopping threads took: 0.0000876 seconds
{Heap before GC invocations=334 (full 7):
 par new generation   total 109248K, used 109248K [0x00000007a0000000, 0x00000007a8000000, 0x00000007a8000000)
  eden space 87424K, 100% used [0x00000007a0000000, 0x00000007a5560000, 0x00000007a5560000)
  from space 21824K, 100% used [0x00000007a5560000, 0x00000007a6ab0000, 0x00000007a6ab0000)
  to   space 21824K,   0% used [0x00000007a6ab0000, 0x00000007a6ab0000, 0x00000007a8000000)
 concurrent mark-sweep generation total 393216K, used 131021K [0x00000007a8000000, 0x00000007c0000000, 0x00000007c0000000)
 Metaspace       used 40740K, capacity 41444K, committed 41844K, reserved 1085440K
  class space    used 4663K, capacity 4865K, committed 4988K, reserved 1048576K
2016-10-23T22:32:35.246+0800: 1974.270: [GC (Allocation Failure) 2016-10-23T22:32:35.246+0800: 1974.270: [ParNew
Desired survivor size 20112992 bytes, new threshold 7 (max 8)
- age   1:    5332304 bytes,    5332304 total
- age   2:    1560616 bytes,    6892920 total
- age   3:     631816 bytes,    7524736 total
- age   4:    4612696 bytes,   12137432 total
- age   5:    3684240 bytes,   15821672 total
- age   6:    2211640 bytes,   18033312 total
- age   7:    2191152 bytes,   20224464 total
- age   8:    1447384 bytes,   21671848 total
: 109248K->21824K(109248K), 0.0129567 secs] 240269K->155519K(502464K), 0.0130223 secs] [Times: user=0.05 sys=0.00, real=0.01 secs] 
Heap after GC invocations=335 (full 7):
 par new generation   total 109248K, used 21824K [0x00000007a0000000, 0x00000007a8000000, 0x00000007a8000000)
  eden space 87424K,   0% used [0x00000007a0000000, 0x00000007a0000000, 0x00000007a5560000)
  from space 21824K, 100% used [0x00000007a6ab0000, 0x00000007a8000000, 0x00000007a8000000)
  to   space 21824K,   0% used [0x00000007a5560000, 0x00000007a5560000, 0x00000007a6ab0000)
 concurrent mark-sweep generation total 393216K, used 133695K [0x00000007a8000000, 0x00000007c0000000, 0x00000007c0000000)
 Metaspace       used 40740K, capacity 41444K, committed 41844K, reserved 1085440K
  class space    used 4663K, capacity 4865K, committed 4988K, reserved 1048576K
}
2016-10-23T22:32:35.259+0800: 1974.283: Total time for which application threads were stopped: 0.0132731 seconds, Stopping threads took: 0.0000832 seconds
{Heap before GC invocations=335 (full 7):
 par new generation   total 109248K, used 109248K [0x00000007a0000000, 0x00000007a8000000, 0x00000007a8000000)
  eden space 87424K, 100% used [0x00000007a0000000, 0x00000007a5560000, 0x00000007a5560000)
  from space 21824K, 100% used [0x00000007a6ab0000, 0x00000007a8000000, 0x00000007a8000000)
  to   space 21824K,   0% used [0x00000007a5560000, 0x00000007a5560000, 0x00000007a6ab0000)
 concurrent mark-sweep generation total 393216K, used 133695K [0x00000007a8000000, 0x00000007c0000000, 0x00000007c0000000)
 Metaspace       used 40740K, capacity 41444K, committed 41844K, reserved 1085440K
  class space    used 4663K, capacity 4865K, committed 4988K, reserved 1048576K
2016-10-23T22:32:35.396+0800: 1974.420: [GC (Allocation Failure) 2016-10-23T22:32:35.396+0800: 1974.420: [ParNew
Desired survivor size 20112992 bytes, new threshold 8 (max 8)
- age   1:    4733032 bytes,    4733032 total
- age   2:    3784064 bytes,    8517096 total
- age   3:    1403704 bytes,    9920800 total
- age   4:     567992 bytes,   10488792 total
- age   5:    4021968 bytes,   14510760 total
- age   6:    3419704 bytes,   17930464 total
- age   7:    2007232 bytes,   19937696 total
: 109248K->21824K(109248K), 0.0127681 secs] 242943K->162004K(502464K), 0.0128363 secs] [Times: user=0.05 sys=0.00, real=0.01 secs] 
Heap after GC invocations=336 (full 7):
 par new generation   total 109248K, used 21824K [0x00000007a0000000, 0x00000007a8000000, 0x00000007a8000000)
  eden space 87424K,   0% used [0x00000007a0000000, 0x00000007a0000000, 0x00000007a5560000)
  from space 21824K, 100% used [0x00000007a5560000, 0x00000007a6ab0000, 0x00000007a6ab0000)
  to   space 21824K,   0% used [0x00000007a6ab0000, 0x00000007a6ab0000, 0x00000007a8000000)
 concurrent mark-sweep generation total 393216K, used 140180K [0x00000007a8000000, 0x00000007c0000000, 0x00000007c0000000)
 Metaspace       used 40740K, capacity 41444K, committed 41844K, reserved 1085440K
  class space    used 4663K, capacity 4865K, committed 4988K, reserved 1048576K
}
2016-10-23T22:32:35.409+0800: 1974.433: Total time for which application threads were stopped: 0.0131502 seconds, Stopping threads took: 0.0001439 seconds
{Heap before GC invocations=336 (full 7):
 par new generation   total 109248K, used 109248K [0x00000007a0000000, 0x00000007a8000000, 0x00000007a8000000)
  eden space 87424K, 100% used [0x00000007a0000000, 0x00000007a5560000, 0x00000007a5560000)
  from space 21824K, 100% used [0x00000007a5560000, 0x00000007a6ab0000, 0x00000007a6ab0000)
  to   space 21824K,   0% used [0x00000007a6ab0000, 0x00000007a6ab0000, 0x00000007a8000000)
 concurrent mark-sweep generation total 393216K, used 140180K [0x00000007a8000000, 0x00000007c0000000, 0x00000007c0000000)
 Metaspace       used 40741K, capacity 41444K, committed 41844K, reserved 1085440K
  class space    used 4663K, capacity 4865K, committed 4988K, reserved 1048576K
2016-10-23T22:32:35.544+0800: 1974.568: [GC (Allocation Failure) 2016-10-23T22:32:35.544+0800: 1974.568: [ParNew
Desired survivor size 20112992 bytes, new threshold 8 (max 8)
- age   1:    5774160 bytes,    5774160 total
- age   2:    2725112 bytes,    8499272 total
- age   3:    2476832 bytes,   10976104 total
- age   4:    1173880 bytes,   12149984 total
- age   5:     533160 bytes,   12683144 total
- age   6:    3775464 bytes,   16458608 total
- age   7:    2813640 bytes,   19272248 total
- age   8:    1651368 bytes,   20923616 total
: 109248K->21824K(109248K), 0.0144758 secs] 249428K->167357K(502464K), 0.0145542 secs] [Times: user=0.05 sys=0.00, real=0.01 secs] 
Heap after GC invocations=337 (full 7):
 par new generation   total 109248K, used 21824K [0x00000007a0000000, 0x00000007a8000000, 0x00000007a8000000)
  eden space 87424K,   0% used [0x00000007a0000000, 0x00000007a0000000, 0x00000007a5560000)
  from space 21824K, 100% used [0x00000007a6ab0000, 0x00000007a8000000, 0x00000007a8000000)
  to   space 21824K,   0% used [0x00000007a5560000, 0x00000007a5560000, 0x00000007a6ab0000)
 concurrent mark-sweep generation total 393216K, used 145533K [0x00000007a8000000, 0x00000007c0000000, 0x00000007c0000000)
 Metaspace       used 40741K, capacity 41444K, committed 41844K, reserved 1085440K
  class space    used 4663K, capacity 4865K, committed 4988K, reserved 1048576K
}
2016-10-23T22:32:35.559+0800: 1974.583: Total time for which application threads were stopped: 0.0147805 seconds, Stopping threads took: 0.0000570 seconds
{Heap before GC invocations=337 (full 7):
 par new generation   total 109248K, used 109248K [0x00000007a0000000, 0x00000007a8000000, 0x00000007a8000000)
  eden space 87424K, 100% used [0x00000007a0000000, 0x00000007a5560000, 0x00000007a5560000)
  from space 21824K, 100% used [0x00000007a6ab0000, 0x00000007a8000000, 0x00000007a8000000)
  to   space 21824K,   0% used [0x00000007a5560000, 0x00000007a5560000, 0x00000007a6ab0000)
 concurrent mark-sweep generation total 393216K, used 145533K [0x00000007a8000000, 0x00000007c0000000, 0x00000007c0000000)
 Metaspace       used 40741K, capacity 41444K, committed 41844K, reserved 1085440K
  class space    used 4663K, capacity 4865K, committed 4988K, reserved 1048576K
2016-10-23T22:32:35.692+0800: 1974.716: [GC (Allocation Failure) 2016-10-23T22:32:35.692+0800: 1974.716: [ParNew
Desired survivor size 20112992 bytes, new threshold 8 (max 8)
- age   1:    5787664 bytes,    5787664 total
- age   2:    3592240 bytes,    9379904 total
- age   3:    2315104 bytes,   11695008 total
- age   4:    2165176 bytes,   13860184 total
- age   5:    1025056 bytes,   14885240 total
- age   6:     464784 bytes,   15350024 total
- age   7:    3515360 bytes,   18865384 total
- age   8:    2282696 bytes,   21148080 total
: 109248K->21824K(109248K), 0.0145029 secs] 254781K->173026K(502464K), 0.0145789 secs] [Times: user=0.05 sys=0.01, real=0.01 secs] 
Heap after GC invocations=338 (full 7):
 par new generation   total 109248K, used 21824K [0x00000007a0000000, 0x00000007a8000000, 0x00000007a8000000)
  eden space 87424K,   0% used [0x00000007a0000000, 0x00000007a0000000, 0x00000007a5560000)
  from space 21824K, 100% used [0x00000007a5560000, 0x00000007a6ab0000, 0x00000007a6ab0000)
  to   space 21824K,   0% used [0x00000007a6ab0000, 0x00000007a6ab0000, 0x00000007a8000000)
 concurrent mark-sweep generation total 393216K, used 151202K [0x00000007a8000000, 0x00000007c0000000, 0x00000007c0000000)
 Metaspace       used 40741K, capacity 41444K, committed 41844K, reserved 1085440K
  class space    used 4663K, capacity 4865K, committed 4988K, reserved 1048576K
}
2016-10-23T22:32:35.707+0800: 1974.731: Total time for which application threads were stopped: 0.0148775 seconds, Stopping threads took: 0.0000979 seconds
{Heap before GC invocations=338 (full 7):
 par new generation   total 109248K, used 109248K [0x00000007a0000000, 0x00000007a8000000, 0x00000007a8000000)
  eden space 87424K, 100% used [0x00000007a0000000, 0x00000007a5560000, 0x00000007a5560000)
  from space 21824K, 100% used [0x00000007a5560000, 0x00000007a6ab0000, 0x00000007a6ab0000)
  to   space 21824K,   0% used [0x00000007a6ab0000, 0x00000007a6ab0000, 0x00000007a8000000)
 concurrent mark-sweep generation total 393216K, used 151202K [0x00000007a8000000, 0x00000007c0000000, 0x00000007c0000000)
 Metaspace       used 40743K, capacity 41448K, committed 41844K, reserved 1085440K
  class space    used 4663K, capacity 4865K, committed 4988K, reserved 1048576K
2016-10-23T22:32:35.863+0800: 1974.887: [GC (Allocation Failure) 2016-10-23T22:32:35.863+0800: 1974.887: [ParNew
Desired survivor size 20112992 bytes, new threshold 8 (max 8)
- age   1:    7059592 bytes,    7059592 total
- age   2:    3068816 bytes,   10128408 total
- age   3:    2970504 bytes,   13098912 total
- age   4:    1988896 bytes,   15087808 total
- age   5:    1926184 bytes,   17013992 total
- age   6:     930144 bytes,   17944136 total
- age   7:     409360 bytes,   18353496 total
- age   8:    3362848 bytes,   21716344 total
: 109248K->21824K(109248K), 0.0178762 secs] 260450K->179070K(502464K), 0.0179847 secs] [Times: user=0.07 sys=0.00, real=0.02 secs] 
Heap after GC invocations=339 (full 7):
 par new generation   total 109248K, used 21824K [0x00000007a0000000, 0x00000007a8000000, 0x00000007a8000000)
  eden space 87424K,   0% used [0x00000007a0000000, 0x00000007a0000000, 0x00000007a5560000)
  from space 21824K, 100% used [0x00000007a6ab0000, 0x00000007a8000000, 0x00000007a8000000)
  to   space 21824K,   0% used [0x00000007a5560000, 0x00000007a5560000, 0x00000007a6ab0000)
 concurrent mark-sweep generation total 393216K, used 157246K [0x00000007a8000000, 0x00000007c0000000, 0x00000007c0000000)
 Metaspace       used 40743K, capacity 41448K, committed 41844K, reserved 1085440K
  class space    used 4663K, capacity 4865K, committed 4988K, reserved 1048576K
}
2016-10-23T22:32:35.881+0800: 1974.905: Total time for which application threads were stopped: 0.0183305 seconds, Stopping threads took: 0.0000532 seconds
{Heap before GC invocations=339 (full 7):
 par new generation   total 109248K, used 109248K [0x00000007a0000000, 0x00000007a8000000, 0x00000007a8000000)
  eden space 87424K, 100% used [0x00000007a0000000, 0x00000007a5560000, 0x00000007a5560000)
  from space 21824K, 100% used [0x00000007a6ab0000, 0x00000007a8000000, 0x00000007a8000000)
  to   space 21824K,   0% used [0x00000007a5560000, 0x00000007a5560000, 0x00000007a6ab0000)
 concurrent mark-sweep generation total 393216K, used 157246K [0x00000007a8000000, 0x00000007c0000000, 0x00000007c0000000)
 Metaspace       used 40743K, capacity 41448K, committed 41844K, reserved 1085440K
  class space    used 4663K, capacity 4865K, committed 4988K, reserved 1048576K
2016-10-23T22:32:36.000+0800: 1975.024: [GC (Allocation Failure) 2016-10-23T22:32:36.000+0800: 1975.024: [ParNew
Desired survivor size 20112992 bytes, new threshold 8 (max 8)
- age   1:    2149936 bytes,    2149936 total
- age   2:    6246336 bytes,    8396272 total
- age   3:    2838408 bytes,   11234680 total
- age   4:    2609680 bytes,   13844360 total
- age   5:    1621224 bytes,   15465584 total
- age   6:    1575184 bytes,   17040768 total
- age   7:     808728 bytes,   17849496 total
- age   8:     367920 bytes,   18217416 total
: 109248K->21824K(109248K), 0.0147296 secs] 266494K->183748K(502464K), 0.0148694 secs] [Times: user=0.05 sys=0.00, real=0.01 secs] 
Heap after GC invocations=340 (full 7):
 par new generation   total 109248K, used 21824K [0x00000007a0000000, 0x00000007a8000000, 0x00000007a8000000)
  eden space 87424K,   0% used [0x00000007a0000000, 0x00000007a0000000, 0x00000007a5560000)
  from space 21824K, 100% used [0x00000007a5560000, 0x00000007a6ab0000, 0x00000007a6ab0000)
  to   space 21824K,   0% used [0x00000007a6ab0000, 0x00000007a6ab0000, 0x00000007a8000000)
 concurrent mark-sweep generation total 393216K, used 161924K [0x00000007a8000000, 0x00000007c0000000, 0x00000007c0000000)
 Metaspace       used 40743K, capacity 41448K, committed 41844K, reserved 1085440K
  class space    used 4663K, capacity 4865K, committed 4988K, reserved 1048576K
}
2016-10-23T22:32:36.015+0800: 1975.038: Total time for which application threads were stopped: 0.0158202 seconds, Stopping threads took: 0.0002801 seconds
{Heap before GC invocations=340 (full 7):
 par new generation   total 109248K, used 109248K [0x00000007a0000000, 0x00000007a8000000, 0x00000007a8000000)
  eden space 87424K, 100% used [0x00000007a0000000, 0x00000007a5560000, 0x00000007a5560000)
  from space 21824K, 100% used [0x00000007a5560000, 0x00000007a6ab0000, 0x00000007a6ab0000)
  to   space 21824K,   0% used [0x00000007a6ab0000, 0x00000007a6ab0000, 0x00000007a8000000)
 concurrent mark-sweep generation total 393216K, used 161924K [0x00000007a8000000, 0x00000007c0000000, 0x00000007c0000000)
 Metaspace       used 40743K, capacity 41448K, committed 41844K, reserved 1085440K
  class space    used 4663K, capacity 4865K, committed 4988K, reserved 1048576K
2016-10-23T22:32:36.046+0800: 1975.069: [GC (Allocation Failure) 2016-10-23T22:32:36.046+0800: 1975.069: [ParNew
Desired survivor size 20112992 bytes, new threshold 8 (max 8)
- age   1:     868664 bytes,     868664 total
- age   2:    1692264 bytes,    2560928 total
- age   3:    6242816 bytes,    8803744 total
- age   4:    2838096 bytes,   11641840 total
- age   5:    2609384 bytes,   14251224 total
- age   6:    1620848 bytes,   15872072 total
- age   7:    1574888 bytes,   17446960 total
- age   8:     786776 bytes,   18233736 total
: 109248K->21824K(109248K), 0.0129150 secs] 271172K->184162K(502464K), 0.0129882 secs] [Times: user=0.05 sys=0.00, real=0.01 secs] 
Heap after GC invocations=341 (full 7):
 par new generation   total 109248K, used 21824K [0x00000007a0000000, 0x00000007a8000000, 0x00000007a8000000)
  eden space 87424K,   0% used [0x00000007a0000000, 0x00000007a0000000, 0x00000007a5560000)
  from space 21824K, 100% used [0x00000007a6ab0000, 0x00000007a8000000, 0x00000007a8000000)
  to   space 21824K,   0% used [0x00000007a5560000, 0x00000007a5560000, 0x00000007a6ab0000)
 concurrent mark-sweep generation total 393216K, used 162338K [0x00000007a8000000, 0x00000007c0000000, 0x00000007c0000000)
 Metaspace       used 40743K, capacity 41448K, committed 41844K, reserved 1085440K
  class space    used 4663K, capacity 4865K, committed 4988K, reserved 1048576K
}
2016-10-23T22:32:36.059+0800: 1975.082: Total time for which application threads were stopped: 0.0132988 seconds, Stopping threads took: 0.0001029 seconds
{Heap before GC invocations=341 (full 7):
 par new generation   total 109248K, used 109248K [0x00000007a0000000, 0x00000007a8000000, 0x00000007a8000000)
  eden space 87424K, 100% used [0x00000007a0000000, 0x00000007a5560000, 0x00000007a5560000)
  from space 21824K, 100% used [0x00000007a6ab0000, 0x00000007a8000000, 0x00000007a8000000)
  to   space 21824K,   0% used [0x00000007a5560000, 0x00000007a5560000, 0x00000007a6ab0000)
 concurrent mark-sweep generation total 393216K, used 162338K [0x00000007a8000000, 0x00000007c0000000, 0x00000007c0000000)
 Metaspace       used 40743K, capacity 41448K, committed 41844K, reserved 1085440K
  class space    used 4663K, capacity 4865K, committed 4988K, reserved 1048576K
2016-10-23T22:32:36.103+0800: 1975.126: [GC (Allocation Failure) 2016-10-23T22:32:36.103+0800: 1975.126: [ParNew
Desired survivor size 20112992 bytes, new threshold 8 (max 8)
- age   1:    1056104 bytes,    1056104 total
- age   2:     449144 bytes,    1505248 total
- age   3:    1635632 bytes,    3140880 total
- age   4:    6033920 bytes,    9174800 total
- age   5:    2608128 bytes,   11782928 total
- age   6:    2465976 bytes,   14248904 total
- age   7:    1431232 bytes,   15680136 total
- age   8:    1324720 bytes,   17004856 total
: 109248K->21824K(109248K), 0.0104982 secs] 271586K->185386K(502464K), 0.0105623 secs] [Times: user=0.04 sys=0.00, real=0.01 secs] 
Heap after GC invocations=342 (full 7):
 par new generation   total 109248K, used 21824K [0x00000007a0000000, 0x00000007a8000000, 0x00000007a8000000)
  eden space 87424K,   0% used [0x00000007a0000000, 0x00000007a0000000, 0x00000007a5560000)
  from space 21824K, 100% used [0x00000007a5560000, 0x00000007a6ab0000, 0x00000007a6ab0000)
  to   space 21824K,   0% used [0x00000007a6ab0000, 0x00000007a6ab0000, 0x00000007a8000000)
 concurrent mark-sweep generation total 393216K, used 163562K [0x00000007a8000000, 0x00000007c0000000, 0x00000007c0000000)
 Metaspace       used 40743K, capacity 41448K, committed 41844K, reserved 1085440K
  class space    used 4663K, capacity 4865K, committed 4988K, reserved 1048576K
}
2016-10-23T22:32:36.113+0800: 1975.137: Total time for which application threads were stopped: 0.0108791 seconds, Stopping threads took: 0.0001254 seconds
{Heap before GC invocations=342 (full 7):
 par new generation   total 109248K, used 109248K [0x00000007a0000000, 0x00000007a8000000, 0x00000007a8000000)
  eden space 87424K, 100% used [0x00000007a0000000, 0x00000007a5560000, 0x00000007a5560000)
  from space 21824K, 100% used [0x00000007a5560000, 0x00000007a6ab0000, 0x00000007a6ab0000)
  to   space 21824K,   0% used [0x00000007a6ab0000, 0x00000007a6ab0000, 0x00000007a8000000)
 concurrent mark-sweep generation total 393216K, used 163562K [0x00000007a8000000, 0x00000007c0000000, 0x00000007c0000000)
 Metaspace       used 40743K, capacity 41448K, committed 41844K, reserved 1085440K
  class space    used 4663K, capacity 4865K, committed 4988K, reserved 1048576K
2016-10-23T22:32:36.179+0800: 1975.203: [GC (Allocation Failure) 2016-10-23T22:32:36.179+0800: 1975.203: [ParNew
Desired survivor size 20112992 bytes, new threshold 8 (max 8)
- age   1:    2471304 bytes,    2471304 total
- age   2:     446144 bytes,    2917448 total
- age   3:     388000 bytes,    3305448 total
- age   4:    1428936 bytes,    4734384 total
- age   5:    5810312 bytes,   10544696 total
- age   6:    2572736 bytes,   13117432 total
- age   7:    2435192 bytes,   15552624 total
- age   8:    1400936 bytes,   16953560 total
: 109248K->21457K(109248K), 0.0125122 secs] 272810K->186285K(502464K), 0.0125579 secs] [Times: user=0.05 sys=0.00, real=0.02 secs] 
Heap after GC invocations=343 (full 7):
 par new generation   total 109248K, used 21457K [0x00000007a0000000, 0x00000007a8000000, 0x00000007a8000000)
  eden space 87424K,   0% used [0x00000007a0000000, 0x00000007a0000000, 0x00000007a5560000)
  from space 21824K,  98% used [0x00000007a6ab0000, 0x00000007a7fa4580, 0x00000007a8000000)
  to   space 21824K,   0% used [0x00000007a5560000, 0x00000007a5560000, 0x00000007a6ab0000)
 concurrent mark-sweep generation total 393216K, used 164827K [0x00000007a8000000, 0x00000007c0000000, 0x00000007c0000000)
 Metaspace       used 40743K, capacity 41448K, committed 41844K, reserved 1085440K
  class space    used 4663K, capacity 4865K, committed 4988K, reserved 1048576K
}
2016-10-23T22:32:36.192+0800: 1975.215: Total time for which application threads were stopped: 0.0128261 seconds, Stopping threads took: 0.0001060 seconds
{Heap before GC invocations=343 (full 7):
 par new generation   total 109248K, used 108881K [0x00000007a0000000, 0x00000007a8000000, 0x00000007a8000000)
  eden space 87424K, 100% used [0x00000007a0000000, 0x00000007a5560000, 0x00000007a5560000)
  from space 21824K,  98% used [0x00000007a6ab0000, 0x00000007a7fa4580, 0x00000007a8000000)
  to   space 21824K,   0% used [0x00000007a5560000, 0x00000007a5560000, 0x00000007a6ab0000)
 concurrent mark-sweep generation total 393216K, used 164827K [0x00000007a8000000, 0x00000007c0000000, 0x00000007c0000000)
 Metaspace       used 40743K, capacity 41448K, committed 41844K, reserved 1085440K
  class space    used 4663K, capacity 4865K, committed 4988K, reserved 1048576K
2016-10-23T22:32:36.250+0800: 1975.274: [GC (Allocation Failure) 2016-10-23T22:32:36.250+0800: 1975.274: [ParNew
Desired survivor size 20112992 bytes, new threshold 8 (max 8)
- age   1:    2083848 bytes,    2083848 total
- age   2:    1668896 bytes,    3752744 total
- age   3:     431160 bytes,    4183904 total
- age   4:     374104 bytes,    4558008 total
- age   5:    1381328 bytes,    5939336 total
- age   6:    5791080 bytes,   11730416 total
- age   7:    2572688 bytes,   14303104 total
- age   8:    2435192 bytes,   16738296 total
: 108881K->21824K(109248K), 0.0110392 secs] 273709K->188186K(502464K), 0.0111233 secs] [Times: user=0.05 sys=0.00, real=0.01 secs] 
Heap after GC invocations=344 (full 7):
 par new generation   total 109248K, used 21824K [0x00000007a0000000, 0x00000007a8000000, 0x00000007a8000000)
  eden space 87424K,   0% used [0x00000007a0000000, 0x00000007a0000000, 0x00000007a5560000)
  from space 21824K, 100% used [0x00000007a5560000, 0x00000007a6ab0000, 0x00000007a6ab0000)
  to   space 21824K,   0% used [0x00000007a6ab0000, 0x00000007a6ab0000, 0x00000007a8000000)
 concurrent mark-sweep generation total 393216K, used 166362K [0x00000007a8000000, 0x00000007c0000000, 0x00000007c0000000)
 Metaspace       used 40743K, capacity 41448K, committed 41844K, reserved 1085440K
  class space    used 4663K, capacity 4865K, committed 4988K, reserved 1048576K
}
2016-10-23T22:32:36.261+0800: 1975.285: Total time for which application threads were stopped: 0.0115778 seconds, Stopping threads took: 0.0001823 seconds
{Heap before GC invocations=344 (full 7):
 par new generation   total 109248K, used 109248K [0x00000007a0000000, 0x00000007a8000000, 0x00000007a8000000)
  eden space 87424K, 100% used [0x00000007a0000000, 0x00000007a5560000, 0x00000007a5560000)
  from space 21824K, 100% used [0x00000007a5560000, 0x00000007a6ab0000, 0x00000007a6ab0000)
  to   space 21824K,   0% used [0x00000007a6ab0000, 0x00000007a6ab0000, 0x00000007a8000000)
 concurrent mark-sweep generation total 393216K, used 166362K [0x00000007a8000000, 0x00000007c0000000, 0x00000007c0000000)
 Metaspace       used 40743K, capacity 41448K, committed 41844K, reserved 1085440K
  class space    used 4663K, capacity 4865K, committed 4988K, reserved 1048576K
2016-10-23T22:32:36.319+0800: 1975.343: [GC (Allocation Failure) 2016-10-23T22:32:36.319+0800: 1975.343: [ParNew
Desired survivor size 20112992 bytes, new threshold 8 (max 8)
- age   1:    2846240 bytes,    2846240 total
- age   2:    1120872 bytes,    3967112 total
- age   3:    1656080 bytes,    5623192 total
- age   4:     430848 bytes,    6054040 total
- age   5:     340960 bytes,    6395000 total
- age   6:    1249672 bytes,    7644672 total
- age   7:    5791024 bytes,   13435696 total
- age   8:    2572688 bytes,   16008384 total
: 109248K->21824K(109248K), 0.0088918 secs] 275610K->190569K(502464K), 0.0089576 secs] [Times: user=0.03 sys=0.00, real=0.01 secs] 
Heap after GC invocations=345 (full 7):
 par new generation   total 109248K, used 21824K [0x00000007a0000000, 0x00000007a8000000, 0x00000007a8000000)
  eden space 87424K,   0% used [0x00000007a0000000, 0x00000007a0000000, 0x00000007a5560000)
  from space 21824K, 100% used [0x00000007a6ab0000, 0x00000007a8000000, 0x00000007a8000000)
  to   space 21824K,   0% used [0x00000007a5560000, 0x00000007a5560000, 0x00000007a6ab0000)
 concurrent mark-sweep generation total 393216K, used 168745K [0x00000007a8000000, 0x00000007c0000000, 0x00000007c0000000)
 Metaspace       used 40743K, capacity 41448K, committed 41844K, reserved 1085440K
  class space    used 4663K, capacity 4865K, committed 4988K, reserved 1048576K
}
2016-10-23T22:32:36.328+0800: 1975.352: Total time for which application threads were stopped: 0.0092125 seconds, Stopping threads took: 0.0000722 seconds
{Heap before GC invocations=345 (full 7):
 par new generation   total 109248K, used 109248K [0x00000007a0000000, 0x00000007a8000000, 0x00000007a8000000)
  eden space 87424K, 100% used [0x00000007a0000000, 0x00000007a5560000, 0x00000007a5560000)
  from space 21824K, 100% used [0x00000007a6ab0000, 0x00000007a8000000, 0x00000007a8000000)
  to   space 21824K,   0% used [0x00000007a5560000, 0x00000007a5560000, 0x00000007a6ab0000)
 concurrent mark-sweep generation total 393216K, used 168745K [0x00000007a8000000, 0x00000007c0000000, 0x00000007c0000000)
 Metaspace       used 40743K, capacity 41448K, committed 41844K, reserved 1085440K
  class space    used 4663K, capacity 4865K, committed 4988K, reserved 1048576K
2016-10-23T22:32:36.379+0800: 1975.403: [GC (Allocation Failure) 2016-10-23T22:32:36.379+0800: 1975.403: [ParNew
Desired survivor size 20112992 bytes, new threshold 8 (max 8)
- age   1:    2999336 bytes,    2999336 total
- age   2:    1733200 bytes,    4732536 total
- age   3:    1089272 bytes,    5821808 total
- age   4:    1356984 bytes,    7178792 total
- age   5:     431448 bytes,    7610240 total
- age   6:     341136 bytes,    7951376 total
- age   7:    1251376 bytes,    9202752 total
- age   8:    5791024 bytes,   14993776 total
: 109248K->18761K(109248K), 0.0113322 secs] 277993K->190030K(502464K), 0.0113912 secs] [Times: user=0.04 sys=0.00, real=0.02 secs] 
Heap after GC invocations=346 (full 7):
 par new generation   total 109248K, used 18761K [0x00000007a0000000, 0x00000007a8000000, 0x00000007a8000000)
  eden space 87424K,   0% used [0x00000007a0000000, 0x00000007a0000000, 0x00000007a5560000)
  from space 21824K,  85% used [0x00000007a5560000, 0x00000007a67b24d0, 0x00000007a6ab0000)
  to   space 21824K,   0% used [0x00000007a6ab0000, 0x00000007a6ab0000, 0x00000007a8000000)
 concurrent mark-sweep generation total 393216K, used 171269K [0x00000007a8000000, 0x00000007c0000000, 0x00000007c0000000)
 Metaspace       used 40743K, capacity 41448K, committed 41844K, reserved 1085440K
  class space    used 4663K, capacity 4865K, committed 4988K, reserved 1048576K
}
2016-10-23T22:32:36.391+0800: 1975.414: Total time for which application threads were stopped: 0.0117321 seconds, Stopping threads took: 0.0000704 seconds
{Heap before GC invocations=346 (full 7):
 par new generation   total 109248K, used 106185K [0x00000007a0000000, 0x00000007a8000000, 0x00000007a8000000)
  eden space 87424K, 100% used [0x00000007a0000000, 0x00000007a5560000, 0x00000007a5560000)
  from space 21824K,  85% used [0x00000007a5560000, 0x00000007a67b24d0, 0x00000007a6ab0000)
  to   space 21824K,   0% used [0x00000007a6ab0000, 0x00000007a6ab0000, 0x00000007a8000000)
 concurrent mark-sweep generation total 393216K, used 171269K [0x00000007a8000000, 0x00000007c0000000, 0x00000007c0000000)
 Metaspace       used 40743K, capacity 41448K, committed 41844K, reserved 1085440K
  class space    used 4663K, capacity 4865K, committed 4988K, reserved 1048576K
2016-10-23T22:32:36.441+0800: 1975.465: [GC (Allocation Failure) 2016-10-23T22:32:36.441+0800: 1975.465: [ParNew
Desired survivor size 20112992 bytes, new threshold 8 (max 8)
- age   1:    2571872 bytes,    2571872 total
- age   2:    1818936 bytes,    4390808 total
- age   3:    1594904 bytes,    5985712 total
- age   4:    1064248 bytes,    7049960 total
- age   5:    1358064 bytes,    8408024 total
- age   6:     431904 bytes,    8839928 total
- age   7:     341232 bytes,    9181160 total
- age   8:    1252768 bytes,   10433928 total
: 106185K->16322K(109248K), 0.0136733 secs] 277454K->193280K(502464K), 0.0137219 secs] [Times: user=0.05 sys=0.00, real=0.01 secs] 
Heap after GC invocations=347 (full 7):
 par new generation   total 109248K, used 16322K [0x00000007a0000000, 0x00000007a8000000, 0x00000007a8000000)
  eden space 87424K,   0% used [0x00000007a0000000, 0x00000007a0000000, 0x00000007a5560000)
  from space 21824K,  74% used [0x00000007a6ab0000, 0x00000007a7aa0b40, 0x00000007a8000000)
  to   space 21824K,   0% used [0x00000007a5560000, 0x00000007a5560000, 0x00000007a6ab0000)
 concurrent mark-sweep generation total 393216K, used 176957K [0x00000007a8000000, 0x00000007c0000000, 0x00000007c0000000)
 Metaspace       used 40743K, capacity 41448K, committed 41844K, reserved 1085440K
  class space    used 4663K, capacity 4865K, committed 4988K, reserved 1048576K
}
2016-10-23T22:32:36.455+0800: 1975.479: Total time for which application threads were stopped: 0.0139840 seconds, Stopping threads took: 0.0000744 seconds
{Heap before GC invocations=347 (full 7):
 par new generation   total 109248K, used 103746K [0x00000007a0000000, 0x00000007a8000000, 0x00000007a8000000)
  eden space 87424K, 100% used [0x00000007a0000000, 0x00000007a5560000, 0x00000007a5560000)
  from space 21824K,  74% used [0x00000007a6ab0000, 0x00000007a7aa0b40, 0x00000007a8000000)
  to   space 21824K,   0% used [0x00000007a5560000, 0x00000007a5560000, 0x00000007a6ab0000)
 concurrent mark-sweep generation total 393216K, used 176957K [0x00000007a8000000, 0x00000007c0000000, 0x00000007c0000000)
 Metaspace       used 40743K, capacity 41448K, committed 41844K, reserved 1085440K
  class space    used 4663K, capacity 4865K, committed 4988K, reserved 1048576K
2016-10-23T22:32:36.506+0800: 1975.530: [GC (Allocation Failure) 2016-10-23T22:32:36.506+0800: 1975.530: [ParNew
Desired survivor size 20112992 bytes, new threshold 8 (max 8)
- age   1:    2500864 bytes,    2500864 total
- age   2:    1465576 bytes,    3966440 total
- age   3:    1753952 bytes,    5720392 total
- age   4:    1569672 bytes,    7290064 total
- age   5:    1062096 bytes,    8352160 total
- age   6:    1358808 bytes,    9710968 total
- age   7:     429456 bytes,   10140424 total
- age   8:     341424 bytes,   10481848 total
: 103746K->13064K(109248K), 0.0077257 secs] 280704K->191280K(502464K), 0.0077849 secs] [Times: user=0.03 sys=0.00, real=0.01 secs] 
Heap after GC invocations=348 (full 7):
 par new generation   total 109248K, used 13064K [0x00000007a0000000, 0x00000007a8000000, 0x00000007a8000000)
  eden space 87424K,   0% used [0x00000007a0000000, 0x00000007a0000000, 0x00000007a5560000)
  from space 21824K,  59% used [0x00000007a5560000, 0x00000007a62223a0, 0x00000007a6ab0000)
  to   space 21824K,   0% used [0x00000007a6ab0000, 0x00000007a6ab0000, 0x00000007a8000000)
 concurrent mark-sweep generation total 393216K, used 178216K [0x00000007a8000000, 0x00000007c0000000, 0x00000007c0000000)
 Metaspace       used 40743K, capacity 41448K, committed 41844K, reserved 1085440K
  class space    used 4663K, capacity 4865K, committed 4988K, reserved 1048576K
}
2016-10-23T22:32:36.514+0800: 1975.538: Total time for which application threads were stopped: 0.0080682 seconds, Stopping threads took: 0.0000753 seconds
{Heap before GC invocations=348 (full 7):
 par new generation   total 109248K, used 100488K [0x00000007a0000000, 0x00000007a8000000, 0x00000007a8000000)
  eden space 87424K, 100% used [0x00000007a0000000, 0x00000007a5560000, 0x00000007a5560000)
  from space 21824K,  59% used [0x00000007a5560000, 0x00000007a62223a0, 0x00000007a6ab0000)
  to   space 21824K,   0% used [0x00000007a6ab0000, 0x00000007a6ab0000, 0x00000007a8000000)
 concurrent mark-sweep generation total 393216K, used 178216K [0x00000007a8000000, 0x00000007c0000000, 0x00000007c0000000)
 Metaspace       used 40743K, capacity 41448K, committed 41844K, reserved 1085440K
  class space    used 4663K, capacity 4865K, committed 4988K, reserved 1048576K
2016-10-23T22:32:36.570+0800: 1975.594: [GC (Allocation Failure) 2016-10-23T22:32:36.570+0800: 1975.594: [ParNew
Desired survivor size 20112992 bytes, new threshold 8 (max 8)
- age   1:    2362456 bytes,    2362456 total
- age   2:    1815616 bytes,    4178072 total
- age   3:    1224712 bytes,    5402784 total
- age   4:    1689752 bytes,    7092536 total
- age   5:    1571088 bytes,    8663624 total
- age   6:    1062208 bytes,    9725832 total
- age   7:    1359624 bytes,   11085456 total
- age   8:     430104 bytes,   11515560 total
: 100488K->15941K(109248K), 0.0066007 secs] 278704K->194499K(502464K), 0.0067085 secs] [Times: user=0.02 sys=0.00, real=0.00 secs] 
Heap after GC invocations=349 (full 7):
 par new generation   total 109248K, used 15941K [0x00000007a0000000, 0x00000007a8000000, 0x00000007a8000000)
  eden space 87424K,   0% used [0x00000007a0000000, 0x00000007a0000000, 0x00000007a5560000)
  from space 21824K,  73% used [0x00000007a6ab0000, 0x00000007a7a415d8, 0x00000007a8000000)
  to   space 21824K,   0% used [0x00000007a5560000, 0x00000007a5560000, 0x00000007a6ab0000)
 concurrent mark-sweep generation total 393216K, used 178557K [0x00000007a8000000, 0x00000007c0000000, 0x00000007c0000000)
 Metaspace       used 40743K, capacity 41448K, committed 41844K, reserved 1085440K
  class space    used 4663K, capacity 4865K, committed 4988K, reserved 1048576K
}
2016-10-23T22:32:36.577+0800: 1975.601: Total time for which application threads were stopped: 0.0069961 seconds, Stopping threads took: 0.0000801 seconds
{Heap before GC invocations=349 (full 7):
 par new generation   total 109248K, used 103365K [0x00000007a0000000, 0x00000007a8000000, 0x00000007a8000000)
  eden space 87424K, 100% used [0x00000007a0000000, 0x00000007a5560000, 0x00000007a5560000)
  from space 21824K,  73% used [0x00000007a6ab0000, 0x00000007a7a415d8, 0x00000007a8000000)
  to   space 21824K,   0% used [0x00000007a5560000, 0x00000007a5560000, 0x00000007a6ab0000)
 concurrent mark-sweep generation total 393216K, used 178557K [0x00000007a8000000, 0x00000007c0000000, 0x00000007c0000000)
 Metaspace       used 40743K, capacity 41448K, committed 41844K, reserved 1085440K
  class space    used 4663K, capacity 4865K, committed 4988K, reserved 1048576K
2016-10-23T22:32:36.628+0800: 1975.651: [GC (Allocation Failure) 2016-10-23T22:32:36.628+0800: 1975.652: [ParNew
Desired survivor size 20112992 bytes, new threshold 8 (max 8)
- age   1:    2832136 bytes,    2832136 total
- age   2:    1654280 bytes,    4486416 total
- age   3:    1159384 bytes,    5645800 total
- age   4:    1223800 bytes,    6869600 total
- age   5:    1688768 bytes,    8558368 total
- age   6:    1570032 bytes,   10128400 total
- age   7:    1060936 bytes,   11189336 total
- age   8:    1292680 bytes,   12482016 total
: 103365K->14578K(109248K), 0.0097864 secs] 281923K->193567K(502464K), 0.0098523 secs] [Times: user=0.03 sys=0.00, real=0.01 secs] 
Heap after GC invocations=350 (full 7):
 par new generation   total 109248K, used 14578K [0x00000007a0000000, 0x00000007a8000000, 0x00000007a8000000)
  eden space 87424K,   0% used [0x00000007a0000000, 0x00000007a0000000, 0x00000007a5560000)
  from space 21824K,  66% used [0x00000007a5560000, 0x00000007a639caa8, 0x00000007a6ab0000)
  to   space 21824K,   0% used [0x00000007a6ab0000, 0x00000007a6ab0000, 0x00000007a8000000)
 concurrent mark-sweep generation total 393216K, used 178988K [0x00000007a8000000, 0x00000007c0000000, 0x00000007c0000000)
 Metaspace       used 40743K, capacity 41448K, committed 41844K, reserved 1085440K
  class space    used 4663K, capacity 4865K, committed 4988K, reserved 1048576K
}
2016-10-23T22:32:36.638+0800: 1975.661: Total time for which application threads were stopped: 0.0100590 seconds, Stopping threads took: 0.0000423 seconds
{Heap before GC invocations=350 (full 7):
 par new generation   total 109248K, used 102002K [0x00000007a0000000, 0x00000007a8000000, 0x00000007a8000000)
  eden space 87424K, 100% used [0x00000007a0000000, 0x00000007a5560000, 0x00000007a5560000)
  from space 21824K,  66% used [0x00000007a5560000, 0x00000007a639caa8, 0x00000007a6ab0000)
  to   space 21824K,   0% used [0x00000007a6ab0000, 0x00000007a6ab0000, 0x00000007a8000000)
 concurrent mark-sweep generation total 393216K, used 178988K [0x00000007a8000000, 0x00000007c0000000, 0x00000007c0000000)
 Metaspace       used 40743K, capacity 41448K, committed 41844K, reserved 1085440K
  class space    used 4663K, capacity 4865K, committed 4988K, reserved 1048576K
2016-10-23T22:32:36.691+0800: 1975.715: [GC (Allocation Failure) 2016-10-23T22:32:36.692+0800: 1975.715: [ParNew
Desired survivor size 20112992 bytes, new threshold 8 (max 8)
- age   1:    3748024 bytes,    3748024 total
- age   2:    1344608 bytes,    5092632 total
- age   3:    1349280 bytes,    6441912 total
- age   4:    1127680 bytes,    7569592 total
- age   5:    1069280 bytes,    8638872 total
- age   6:    1623032 bytes,   10261904 total
- age   7:    1548584 bytes,   11810488 total
- age   8:    1039152 bytes,   12849640 total
: 102002K->16105K(109248K), 0.0115874 secs] 280991K->196373K(502464K), 0.0116432 secs] [Times: user=0.04 sys=0.00, real=0.01 secs] 
Heap after GC invocations=351 (full 7):
 par new generation   total 109248K, used 16105K [0x00000007a0000000, 0x00000007a8000000, 0x00000007a8000000)
  eden space 87424K,   0% used [0x00000007a0000000, 0x00000007a0000000, 0x00000007a5560000)
  from space 21824K,  73% used [0x00000007a6ab0000, 0x00000007a7a6a5d0, 0x00000007a8000000)
  to   space 21824K,   0% used [0x00000007a5560000, 0x00000007a5560000, 0x00000007a6ab0000)
 concurrent mark-sweep generation total 393216K, used 180267K [0x00000007a8000000, 0x00000007c0000000, 0x00000007c0000000)
 Metaspace       used 40743K, capacity 41448K, committed 41844K, reserved 1085440K
  class space    used 4663K, capacity 4865K, committed 4988K, reserved 1048576K
}
2016-10-23T22:32:36.703+0800: 1975.727: Total time for which application threads were stopped: 0.0119477 seconds, Stopping threads took: 0.0000873 seconds
{Heap before GC invocations=351 (full 7):
 par new generation   total 109248K, used 103529K [0x00000007a0000000, 0x00000007a8000000, 0x00000007a8000000)
  eden space 87424K, 100% used [0x00000007a0000000, 0x00000007a5560000, 0x00000007a5560000)
  from space 21824K,  73% used [0x00000007a6ab0000, 0x00000007a7a6a5d0, 0x00000007a8000000)
  to   space 21824K,   0% used [0x00000007a5560000, 0x00000007a5560000, 0x00000007a6ab0000)
 concurrent mark-sweep generation total 393216K, used 180267K [0x00000007a8000000, 0x00000007c0000000, 0x00000007c0000000)
 Metaspace       used 40743K, capacity 41448K, committed 41844K, reserved 1085440K
  class space    used 4663K, capacity 4865K, committed 4988K, reserved 1048576K
2016-10-23T22:32:36.753+0800: 1975.777: [GC (Allocation Failure) 2016-10-23T22:32:36.754+0800: 1975.777: [ParNew
Desired survivor size 20112992 bytes, new threshold 8 (max 8)
- age   1:    2951968 bytes,    2951968 total
- age   2:    3140808 bytes,    6092776 total
- age   3:    1345464 bytes,    7438240 total
- age   4:    1260224 bytes,    8698464 total
- age   5:    1128544 bytes,    9827008 total
- age   6:    1066808 bytes,   10893816 total
- age   7:    1100096 bytes,   11993912 total
- age   8:    1484544 bytes,   13478456 total
: 103529K->18127K(109248K), 0.0093534 secs] 283797K->199455K(502464K), 0.0094160 secs] [Times: user=0.03 sys=0.00, real=0.01 secs] 
Heap after GC invocations=352 (full 7):
 par new generation   total 109248K, used 18127K [0x00000007a0000000, 0x00000007a8000000, 0x00000007a8000000)
  eden space 87424K,   0% used [0x00000007a0000000, 0x00000007a0000000, 0x00000007a5560000)
  from space 21824K,  83% used [0x00000007a5560000, 0x00000007a6713fb0, 0x00000007a6ab0000)
  to   space 21824K,   0% used [0x00000007a6ab0000, 0x00000007a6ab0000, 0x00000007a8000000)
 concurrent mark-sweep generation total 393216K, used 181327K [0x00000007a8000000, 0x00000007c0000000, 0x00000007c0000000)
 Metaspace       used 40743K, capacity 41448K, committed 41844K, reserved 1085440K
  class space    used 4663K, capacity 4865K, committed 4988K, reserved 1048576K
}
2016-10-23T22:32:36.763+0800: 1975.787: Total time for which application threads were stopped: 0.0096396 seconds, Stopping threads took: 0.0000587 seconds
{Heap before GC invocations=352 (full 7):
 par new generation   total 109248K, used 105551K [0x00000007a0000000, 0x00000007a8000000, 0x00000007a8000000)
  eden space 87424K, 100% used [0x00000007a0000000, 0x00000007a5560000, 0x00000007a5560000)
  from space 21824K,  83% used [0x00000007a5560000, 0x00000007a6713fb0, 0x00000007a6ab0000)
  to   space 21824K,   0% used [0x00000007a6ab0000, 0x00000007a6ab0000, 0x00000007a8000000)
 concurrent mark-sweep generation total 393216K, used 181327K [0x00000007a8000000, 0x00000007c0000000, 0x00000007c0000000)
 Metaspace       used 40743K, capacity 41448K, committed 41844K, reserved 1085440K
  class space    used 4663K, capacity 4865K, committed 4988K, reserved 1048576K
2016-10-23T22:32:36.890+0800: 1975.914: [GC (Allocation Failure) 2016-10-23T22:32:36.890+0800: 1975.914: [ParNew
Desired survivor size 20112992 bytes, new threshold 8 (max 8)
- age   1:    6277048 bytes,    6277048 total
- age   2:    2608784 bytes,    8885832 total
- age   3:    1538568 bytes,   10424400 total
- age   4:    1183488 bytes,   11607888 total
- age   5:    1165640 bytes,   12773528 total
- age   6:    1043464 bytes,   13816992 total
- age   7:     984344 bytes,   14801336 total
- age   8:    1012352 bytes,   15813688 total
: 105551K->19873K(109248K), 0.0121951 secs] 286879K->202339K(502464K), 0.0122596 secs] [Times: user=0.04 sys=0.00, real=0.01 secs] 
Heap after GC invocations=353 (full 7):
 par new generation   total 109248K, used 19873K [0x00000007a0000000, 0x00000007a8000000, 0x00000007a8000000)
  eden space 87424K,   0% used [0x00000007a0000000, 0x00000007a0000000, 0x00000007a5560000)
  from space 21824K,  91% used [0x00000007a6ab0000, 0x00000007a7e18430, 0x00000007a8000000)
  to   space 21824K,   0% used [0x00000007a5560000, 0x00000007a5560000, 0x00000007a6ab0000)
 concurrent mark-sweep generation total 393216K, used 182466K [0x00000007a8000000, 0x00000007c0000000, 0x00000007c0000000)
 Metaspace       used 40743K, capacity 41448K, committed 41844K, reserved 1085440K
  class space    used 4663K, capacity 4865K, committed 4988K, reserved 1048576K
}
2016-10-23T22:32:36.903+0800: 1975.926: Total time for which application threads were stopped: 0.0125924 seconds, Stopping threads took: 0.0001425 seconds
{Heap before GC invocations=353 (full 7):
 par new generation   total 109248K, used 107297K [0x00000007a0000000, 0x00000007a8000000, 0x00000007a8000000)
  eden space 87424K, 100% used [0x00000007a0000000, 0x00000007a5560000, 0x00000007a5560000)
  from space 21824K,  91% used [0x00000007a6ab0000, 0x00000007a7e18430, 0x00000007a8000000)
  to   space 21824K,   0% used [0x00000007a5560000, 0x00000007a5560000, 0x00000007a6ab0000)
 concurrent mark-sweep generation total 393216K, used 182466K [0x00000007a8000000, 0x00000007c0000000, 0x00000007c0000000)
 Metaspace       used 40743K, capacity 41448K, committed 41844K, reserved 1085440K
  class space    used 4663K, capacity 4865K, committed 4988K, reserved 1048576K
2016-10-23T22:32:36.975+0800: 1975.999: [GC (Allocation Failure) 2016-10-23T22:32:36.975+0800: 1975.999: [ParNew
Desired survivor size 20112992 bytes, new threshold 8 (max 8)
- age   1:    1483936 bytes,    1483936 total
- age   2:    5986872 bytes,    7470808 total
- age   3:    2530232 bytes,   10001040 total
- age   4:    1453272 bytes,   11454312 total
- age   5:    1104720 bytes,   12559032 total
- age   6:    1079048 bytes,   13638080 total
- age   7:     962608 bytes,   14600688 total
- age   8:     906920 bytes,   15507608 total
: 107297K->20354K(109248K), 0.0085150 secs] 289763K->203749K(502464K), 0.0085764 secs] [Times: user=0.03 sys=0.00, real=0.01 secs] 
Heap after GC invocations=354 (full 7):
 par new generation   total 109248K, used 20354K [0x00000007a0000000, 0x00000007a8000000, 0x00000007a8000000)
  eden space 87424K,   0% used [0x00000007a0000000, 0x00000007a0000000, 0x00000007a5560000)
  from space 21824K,  93% used [0x00000007a5560000, 0x00000007a69408d0, 0x00000007a6ab0000)
  to   space 21824K,   0% used [0x00000007a6ab0000, 0x00000007a6ab0000, 0x00000007a8000000)
 concurrent mark-sweep generation total 393216K, used 183395K [0x00000007a8000000, 0x00000007c0000000, 0x00000007c0000000)
 Metaspace       used 40743K, capacity 41448K, committed 41844K, reserved 1085440K
  class space    used 4663K, capacity 4865K, committed 4988K, reserved 1048576K
}
2016-10-23T22:32:36.984+0800: 1976.008: Total time for which application threads were stopped: 0.0088068 seconds, Stopping threads took: 0.0000701 seconds
{Heap before GC invocations=354 (full 7):
 par new generation   total 109248K, used 107778K [0x00000007a0000000, 0x00000007a8000000, 0x00000007a8000000)
  eden space 87424K, 100% used [0x00000007a0000000, 0x00000007a5560000, 0x00000007a5560000)
  from space 21824K,  93% used [0x00000007a5560000, 0x00000007a69408d0, 0x00000007a6ab0000)
  to   space 21824K,   0% used [0x00000007a6ab0000, 0x00000007a6ab0000, 0x00000007a8000000)
 concurrent mark-sweep generation total 393216K, used 183395K [0x00000007a8000000, 0x00000007c0000000, 0x00000007c0000000)
 Metaspace       used 40743K, capacity 41448K, committed 41844K, reserved 1085440K
  class space    used 4663K, capacity 4865K, committed 4988K, reserved 1048576K
2016-10-23T22:32:37.121+0800: 1976.144: [GC (Allocation Failure) 2016-10-23T22:32:37.121+0800: 1976.144: [ParNew
Desired survivor size 20112992 bytes, new threshold 8 (max 8)
- age   1:    5519504 bytes,    5519504 total
- age   2:     823376 bytes,    6342880 total
- age   3:    5352128 bytes,   11695008 total
- age   4:    2339960 bytes,   14034968 total
- age   5:    1248456 bytes,   15283424 total
- age   6:     913368 bytes,   16196792 total
- age   7:     869504 bytes,   17066296 total
- age   8:     767776 bytes,   17834072 total
: 107778K->21824K(109248K), 0.0087041 secs] 291173K->205929K(502464K), 0.0087762 secs] [Times: user=0.03 sys=0.00, real=0.00 secs] 
Heap after GC invocations=355 (full 7):
 par new generation   total 109248K, used 21824K [0x00000007a0000000, 0x00000007a8000000, 0x00000007a8000000)
  eden space 87424K,   0% used [0x00000007a0000000, 0x00000007a0000000, 0x00000007a5560000)
  from space 21824K, 100% used [0x00000007a6ab0000, 0x00000007a8000000, 0x00000007a8000000)
  to   space 21824K,   0% used [0x00000007a5560000, 0x00000007a5560000, 0x00000007a6ab0000)
 concurrent mark-sweep generation total 393216K, used 184105K [0x00000007a8000000, 0x00000007c0000000, 0x00000007c0000000)
 Metaspace       used 40743K, capacity 41448K, committed 41844K, reserved 1085440K
  class space    used 4663K, capacity 4865K, committed 4988K, reserved 1048576K
}
2016-10-23T22:32:37.130+0800: 1976.153: Total time for which application threads were stopped: 0.0090384 seconds, Stopping threads took: 0.0000612 seconds
{Heap before GC invocations=355 (full 7):
 par new generation   total 109248K, used 109248K [0x00000007a0000000, 0x00000007a8000000, 0x00000007a8000000)
  eden space 87424K, 100% used [0x00000007a0000000, 0x00000007a5560000, 0x00000007a5560000)
  from space 21824K, 100% used [0x00000007a6ab0000, 0x00000007a8000000, 0x00000007a8000000)
  to   space 21824K,   0% used [0x00000007a5560000, 0x00000007a5560000, 0x00000007a6ab0000)
 concurrent mark-sweep generation total 393216K, used 184105K [0x00000007a8000000, 0x00000007c0000000, 0x00000007c0000000)
 Metaspace       used 40743K, capacity 41448K, committed 41844K, reserved 1085440K
  class space    used 4663K, capacity 4865K, committed 4988K, reserved 1048576K
2016-10-23T22:32:37.270+0800: 1976.293: [GC (Allocation Failure) 2016-10-23T22:32:37.270+0800: 1976.293: [ParNew
Desired survivor size 20112992 bytes, new threshold 8 (max 8)
- age   1:    6249280 bytes,    6249280 total
- age   2:    3560280 bytes,    9809560 total
- age   3:     755432 bytes,   10564992 total
- age   4:    4905144 bytes,   15470136 total
- age   5:    2339912 bytes,   17810048 total
- age   6:    1248392 bytes,   19058440 total
- age   7:     913336 bytes,   19971776 total
- age   8:     869472 bytes,   20841248 total
: 109248K->21824K(109248K), 0.0104992 secs] 293353K->207874K(502464K), 0.0105537 secs] [Times: user=0.04 sys=0.01, real=0.01 secs] 
Heap after GC invocations=356 (full 7):
 par new generation   total 109248K, used 21824K [0x00000007a0000000, 0x00000007a8000000, 0x00000007a8000000)
  eden space 87424K,   0% used [0x00000007a0000000, 0x00000007a0000000, 0x00000007a5560000)
  from space 21824K, 100% used [0x00000007a5560000, 0x00000007a6ab0000, 0x00000007a6ab0000)
  to   space 21824K,   0% used [0x00000007a6ab0000, 0x00000007a6ab0000, 0x00000007a8000000)
 concurrent mark-sweep generation total 393216K, used 186050K [0x00000007a8000000, 0x00000007c0000000, 0x00000007c0000000)
 Metaspace       used 40743K, capacity 41448K, committed 41844K, reserved 1085440K
  class space    used 4663K, capacity 4865K, committed 4988K, reserved 1048576K
}
2016-10-23T22:32:37.280+0800: 1976.304: Total time for which application threads were stopped: 0.0108299 seconds, Stopping threads took: 0.0000812 seconds
{Heap before GC invocations=356 (full 7):
 par new generation   total 109248K, used 109248K [0x00000007a0000000, 0x00000007a8000000, 0x00000007a8000000)
  eden space 87424K, 100% used [0x00000007a0000000, 0x00000007a5560000, 0x00000007a5560000)
  from space 21824K, 100% used [0x00000007a5560000, 0x00000007a6ab0000, 0x00000007a6ab0000)
  to   space 21824K,   0% used [0x00000007a6ab0000, 0x00000007a6ab0000, 0x00000007a8000000)
 concurrent mark-sweep generation total 393216K, used 186050K [0x00000007a8000000, 0x00000007c0000000, 0x00000007c0000000)
 Metaspace       used 40743K, capacity 41448K, committed 41844K, reserved 1085440K
  class space    used 4663K, capacity 4865K, committed 4988K, reserved 1048576K
2016-10-23T22:32:37.367+0800: 1976.391: [GC (Allocation Failure) 2016-10-23T22:32:37.367+0800: 1976.391: [ParNew
Desired survivor size 20112992 bytes, new threshold 8 (max 8)
- age   1:    3834800 bytes,    3834800 total
- age   2:    4028208 bytes,    7863008 total
- age   3:    3097504 bytes,   10960512 total
- age   4:     667048 bytes,   11627560 total
- age   5:    4601144 bytes,   16228704 total
- age   6:    2339912 bytes,   18568616 total
- age   7:    1248392 bytes,   19817008 total
- age   8:     913336 bytes,   20730344 total
: 109248K->21824K(109248K), 0.0109213 secs] 295298K->210858K(502464K), 0.0110135 secs] [Times: user=0.04 sys=0.00, real=0.01 secs] 
Heap after GC invocations=357 (full 7):
 par new generation   total 109248K, used 21824K [0x00000007a0000000, 0x00000007a8000000, 0x00000007a8000000)
  eden space 87424K,   0% used [0x00000007a0000000, 0x00000007a0000000, 0x00000007a5560000)
  from space 21824K, 100% used [0x00000007a6ab0000, 0x00000007a8000000, 0x00000007a8000000)
  to   space 21824K,   0% used [0x00000007a5560000, 0x00000007a5560000, 0x00000007a6ab0000)
 concurrent mark-sweep generation total 393216K, used 189034K [0x00000007a8000000, 0x00000007c0000000, 0x00000007c0000000)
 Metaspace       used 40743K, capacity 41448K, committed 41844K, reserved 1085440K
  class space    used 4663K, capacity 4865K, committed 4988K, reserved 1048576K
}
2016-10-23T22:32:37.378+0800: 1976.402: Total time for which application threads were stopped: 0.0113233 seconds, Stopping threads took: 0.0000886 seconds
{Heap before GC invocations=357 (full 7):
 par new generation   total 109248K, used 109248K [0x00000007a0000000, 0x00000007a8000000, 0x00000007a8000000)
  eden space 87424K, 100% used [0x00000007a0000000, 0x00000007a5560000, 0x00000007a5560000)
  from space 21824K, 100% used [0x00000007a6ab0000, 0x00000007a8000000, 0x00000007a8000000)
  to   space 21824K,   0% used [0x00000007a5560000, 0x00000007a5560000, 0x00000007a6ab0000)
 concurrent mark-sweep generation total 393216K, used 189034K [0x00000007a8000000, 0x00000007c0000000, 0x00000007c0000000)
 Metaspace       used 40743K, capacity 41448K, committed 41844K, reserved 1085440K
  class space    used 4663K, capacity 4865K, committed 4988K, reserved 1048576K
2016-10-23T22:32:37.440+0800: 1976.464: [GC (Allocation Failure) 2016-10-23T22:32:37.440+0800: 1976.464: [ParNew
Desired survivor size 20112992 bytes, new threshold 8 (max 8)
- age   1:    2865000 bytes,    2865000 total
- age   2:    1951560 bytes,    4816560 total
- age   3:    3279832 bytes,    8096392 total
- age   4:    2665064 bytes,   10761456 total
- age   5:     637512 bytes,   11398968 total
- age   6:    4432720 bytes,   15831688 total
- age   7:    2339912 bytes,   18171600 total
- age   8:    1248392 bytes,   19419992 total
: 109248K->21824K(109248K), 0.0114712 secs] 298282K->214954K(502464K), 0.0115172 secs] [Times: user=0.04 sys=0.00, real=0.01 secs] 
Heap after GC invocations=358 (full 7):
 par new generation   total 109248K, used 21824K [0x00000007a0000000, 0x00000007a8000000, 0x00000007a8000000)
  eden space 87424K,   0% used [0x00000007a0000000, 0x00000007a0000000, 0x00000007a5560000)
  from space 21824K, 100% used [0x00000007a5560000, 0x00000007a6ab0000, 0x00000007a6ab0000)
  to   space 21824K,   0% used [0x00000007a6ab0000, 0x00000007a6ab0000, 0x00000007a8000000)
 concurrent mark-sweep generation total 393216K, used 193130K [0x00000007a8000000, 0x00000007c0000000, 0x00000007c0000000)
 Metaspace       used 40743K, capacity 41448K, committed 41844K, reserved 1085440K
  class space    used 4663K, capacity 4865K, committed 4988K, reserved 1048576K
}
2016-10-23T22:32:37.452+0800: 1976.475: Total time for which application threads were stopped: 0.0118261 seconds, Stopping threads took: 0.0001058 seconds
{Heap before GC invocations=358 (full 7):
 par new generation   total 109248K, used 109248K [0x00000007a0000000, 0x00000007a8000000, 0x00000007a8000000)
  eden space 87424K, 100% used [0x00000007a0000000, 0x00000007a5560000, 0x00000007a5560000)
  from space 21824K, 100% used [0x00000007a5560000, 0x00000007a6ab0000, 0x00000007a6ab0000)
  to   space 21824K,   0% used [0x00000007a6ab0000, 0x00000007a6ab0000, 0x00000007a8000000)
 concurrent mark-sweep generation total 393216K, used 193130K [0x00000007a8000000, 0x00000007c0000000, 0x00000007c0000000)
 Metaspace       used 40743K, capacity 41448K, committed 41844K, reserved 1085440K
  class space    used 4663K, capacity 4865K, committed 4988K, reserved 1048576K
2016-10-23T22:32:37.513+0800: 1976.537: [GC (Allocation Failure) 2016-10-23T22:32:37.513+0800: 1976.537: [ParNew
Desired survivor size 20112992 bytes, new threshold 8 (max 8)
- age   1:    4420256 bytes,    4420256 total
- age   2:    1367560 bytes,    5787816 total
- age   3:    1665776 bytes,    7453592 total
- age   4:    2175104 bytes,    9628696 total
- age   5:    2199896 bytes,   11828592 total
- age   6:     483576 bytes,   12312168 total
- age   7:    3733840 bytes,   16046008 total
- age   8:    2339784 bytes,   18385792 total
: 109248K->21824K(109248K), 0.0110681 secs] 302378K->219054K(502464K), 0.0111516 secs] [Times: user=0.04 sys=0.00, real=0.01 secs] 
Heap after GC invocations=359 (full 7):
 par new generation   total 109248K, used 21824K [0x00000007a0000000, 0x00000007a8000000, 0x00000007a8000000)
  eden space 87424K,   0% used [0x00000007a0000000, 0x00000007a0000000, 0x00000007a5560000)
  from space 21824K, 100% used [0x00000007a6ab0000, 0x00000007a8000000, 0x00000007a8000000)
  to   space 21824K,   0% used [0x00000007a5560000, 0x00000007a5560000, 0x00000007a6ab0000)
 concurrent mark-sweep generation total 393216K, used 197230K [0x00000007a8000000, 0x00000007c0000000, 0x00000007c0000000)
 Metaspace       used 40743K, capacity 41448K, committed 41844K, reserved 1085440K
  class space    used 4663K, capacity 4865K, committed 4988K, reserved 1048576K
}
2016-10-23T22:32:37.525+0800: 1976.548: Total time for which application threads were stopped: 0.0114178 seconds, Stopping threads took: 0.0000822 seconds
2016-10-23T22:32:37.525+0800: 1976.549: [GC (CMS Initial Mark) [1 CMS-initial-mark: 197230K(393216K)] 220301K(502464K), 0.0029921 secs] [Times: user=0.01 sys=0.00, real=0.00 secs] 
2016-10-23T22:32:37.528+0800: 1976.552: Total time for which application threads were stopped: 0.0032103 seconds, Stopping threads took: 0.0000781 seconds
2016-10-23T22:32:37.528+0800: 1976.552: [CMS-concurrent-mark-start]
2016-10-23T22:32:37.546+0800: 1976.569: [CMS-concurrent-mark: 0.018/0.018 secs] [Times: user=0.12 sys=0.00, real=0.02 secs] 
2016-10-23T22:32:37.546+0800: 1976.570: [CMS-concurrent-preclean-start]
2016-10-23T22:32:37.548+0800: 1976.572: [CMS-concurrent-preclean: 0.002/0.002 secs] [Times: user=0.01 sys=0.00, real=0.00 secs] 
2016-10-23T22:32:37.548+0800: 1976.572: [CMS-concurrent-abortable-preclean-start]
{Heap before GC invocations=359 (full 8):
 par new generation   total 109248K, used 109248K [0x00000007a0000000, 0x00000007a8000000, 0x00000007a8000000)
  eden space 87424K, 100% used [0x00000007a0000000, 0x00000007a5560000, 0x00000007a5560000)
  from space 21824K, 100% used [0x00000007a6ab0000, 0x00000007a8000000, 0x00000007a8000000)
  to   space 21824K,   0% used [0x00000007a5560000, 0x00000007a5560000, 0x00000007a6ab0000)
 concurrent mark-sweep generation total 393216K, used 197230K [0x00000007a8000000, 0x00000007c0000000, 0x00000007c0000000)
 Metaspace       used 40743K, capacity 41448K, committed 41844K, reserved 1085440K
  class space    used 4663K, capacity 4865K, committed 4988K, reserved 1048576K
2016-10-23T22:32:37.602+0800: 1976.626: [GC (Allocation Failure) 2016-10-23T22:32:37.602+0800: 1976.626: [ParNew
Desired survivor size 20112992 bytes, new threshold 8 (max 8)
- age   1:    4747104 bytes,    4747104 total
- age   2:    2797432 bytes,    7544536 total
- age   3:    1249784 bytes,    8794320 total
- age   4:    1619024 bytes,   10413344 total
- age   5:    2118376 bytes,   12531720 total
- age   6:    2146416 bytes,   14678136 total
- age   7:     471576 bytes,   15149712 total
- age   8:    3719952 bytes,   18869664 total
: 109248K->21824K(109248K), 0.0120242 secs] 306478K->221693K(502464K), 0.0120761 secs] [Times: user=0.04 sys=0.01, real=0.01 secs] 
Heap after GC invocations=360 (full 8):
 par new generation   total 109248K, used 21824K [0x00000007a0000000, 0x00000007a8000000, 0x00000007a8000000)
  eden space 87424K,   0% used [0x00000007a0000000, 0x00000007a0000000, 0x00000007a5560000)
  from space 21824K, 100% used [0x00000007a5560000, 0x00000007a6ab0000, 0x00000007a6ab0000)
  to   space 21824K,   0% used [0x00000007a6ab0000, 0x00000007a6ab0000, 0x00000007a8000000)
 concurrent mark-sweep generation total 393216K, used 199869K [0x00000007a8000000, 0x00000007c0000000, 0x00000007c0000000)
 Metaspace       used 40743K, capacity 41448K, committed 41844K, reserved 1085440K
  class space    used 4663K, capacity 4865K, committed 4988K, reserved 1048576K
}
2016-10-23T22:32:37.614+0800: 1976.638: Total time for which application threads were stopped: 0.0122914 seconds, Stopping threads took: 0.0000406 seconds
{Heap before GC invocations=360 (full 8):
 par new generation   total 109248K, used 109248K [0x00000007a0000000, 0x00000007a8000000, 0x00000007a8000000)
  eden space 87424K, 100% used [0x00000007a0000000, 0x00000007a5560000, 0x00000007a5560000)
  from space 21824K, 100% used [0x00000007a5560000, 0x00000007a6ab0000, 0x00000007a6ab0000)
  to   space 21824K,   0% used [0x00000007a6ab0000, 0x00000007a6ab0000, 0x00000007a8000000)
 concurrent mark-sweep generation total 393216K, used 199869K [0x00000007a8000000, 0x00000007c0000000, 0x00000007c0000000)
 Metaspace       used 40743K, capacity 41448K, committed 41844K, reserved 1085440K
  class space    used 4663K, capacity 4865K, committed 4988K, reserved 1048576K
2016-10-23T22:32:37.685+0800: 1976.709: [GC (Allocation Failure) 2016-10-23T22:32:37.685+0800: 1976.709: [ParNew
Desired survivor size 20112992 bytes, new threshold 8 (max 8)
- age   1:    4252376 bytes,    4252376 total
- age   2:    2962152 bytes,    7214528 total
- age   3:    2718408 bytes,    9932936 total
- age   4:    1250024 bytes,   11182960 total
- age   5:    1619144 bytes,   12802104 total
- age   6:    2118640 bytes,   14920744 total
- age   7:    2146608 bytes,   17067352 total
- age   8:     471576 bytes,   17538928 total
: 109248K->21824K(109248K), 0.0109608 secs] 309117K->225351K(502464K), 0.0110045 secs] [Times: user=0.04 sys=0.00, real=0.01 secs] 
Heap after GC invocations=361 (full 8):
 par new generation   total 109248K, used 21824K [0x00000007a0000000, 0x00000007a8000000, 0x00000007a8000000)
  eden space 87424K,   0% used [0x00000007a0000000, 0x00000007a0000000, 0x00000007a5560000)
  from space 21824K, 100% used [0x00000007a6ab0000, 0x00000007a8000000, 0x00000007a8000000)
  to   space 21824K,   0% used [0x00000007a5560000, 0x00000007a5560000, 0x00000007a6ab0000)
 concurrent mark-sweep generation total 393216K, used 203527K [0x00000007a8000000, 0x00000007c0000000, 0x00000007c0000000)
 Metaspace       used 40743K, capacity 41448K, committed 41844K, reserved 1085440K
  class space    used 4663K, capacity 4865K, committed 4988K, reserved 1048576K
}
2016-10-23T22:32:37.697+0800: 1976.720: Total time for which application threads were stopped: 0.0112951 seconds, Stopping threads took: 0.0001153 seconds
2016-10-23T22:32:37.704+0800: 1976.728: [CMS-concurrent-abortable-preclean: 0.132/0.156 secs] [Times: user=0.60 sys=0.01, real=0.16 secs] 
2016-10-23T22:32:37.704+0800: 1976.728: [GC (CMS Final Remark) [YG occupancy: 26975 K (109248 K)]{Heap before GC invocations=361 (full 8):
 par new generation   total 109248K, used 26975K [0x00000007a0000000, 0x00000007a8000000, 0x00000007a8000000)
  eden space 87424K,   5% used [0x00000007a0000000, 0x00000007a0507d80, 0x00000007a5560000)
  from space 21824K, 100% used [0x00000007a6ab0000, 0x00000007a8000000, 0x00000007a8000000)
  to   space 21824K,   0% used [0x00000007a5560000, 0x00000007a5560000, 0x00000007a6ab0000)
 concurrent mark-sweep generation total 393216K, used 203527K [0x00000007a8000000, 0x00000007c0000000, 0x00000007c0000000)
 Metaspace       used 40743K, capacity 41448K, committed 41844K, reserved 1085440K
  class space    used 4663K, capacity 4865K, committed 4988K, reserved 1048576K
2016-10-23T22:32:37.704+0800: 1976.728: [GC (CMS Final Remark) 2016-10-23T22:32:37.704+0800: 1976.728: [ParNew
Desired survivor size 20112992 bytes, new threshold 8 (max 8)
- age   1:     189616 bytes,     189616 total
- age   2:    4225096 bytes,    4414712 total
- age   3:    2947616 bytes,    7362328 total
- age   4:    2704168 bytes,   10066496 total
- age   5:    1238728 bytes,   11305224 total
- age   6:    1608560 bytes,   12913784 total
- age   7:    2100096 bytes,   15013880 total
- age   8:    2131736 bytes,   17145616 total
: 26975K->21824K(109248K), 0.0097366 secs] 230503K->225923K(502464K), 0.0097845 secs] [Times: user=0.04 sys=0.00, real=0.01 secs] 
Heap after GC invocations=362 (full 8):
 par new generation   total 109248K, used 21824K [0x00000007a0000000, 0x00000007a8000000, 0x00000007a8000000)
  eden space 87424K,   0% used [0x00000007a0000000, 0x00000007a0000000, 0x00000007a5560000)
  from space 21824K, 100% used [0x00000007a5560000, 0x00000007a6ab0000, 0x00000007a6ab0000)
  to   space 21824K,   0% used [0x00000007a6ab0000, 0x00000007a6ab0000, 0x00000007a8000000)
 concurrent mark-sweep generation total 393216K, used 204099K [0x00000007a8000000, 0x00000007c0000000, 0x00000007c0000000)
 Metaspace       used 40743K, capacity 41448K, committed 41844K, reserved 1085440K
  class space    used 4663K, capacity 4865K, committed 4988K, reserved 1048576K
}
2016-10-23T22:32:37.714+0800: 1976.738: [Rescan (parallel) , 0.0041174 secs]2016-10-23T22:32:37.718+0800: 1976.742: [weak refs processing, 0.0008208 secs]2016-10-23T22:32:37.719+0800: 1976.743: [class unloading, 0.0102995 secs]2016-10-23T22:32:37.729+0800: 1976.753: [scrub symbol table, 0.0061948 secs]2016-10-23T22:32:37.736+0800: 1976.759: [scrub string table, 0.0005196 secs][1 CMS-remark: 204099K(393216K)] 225923K(502464K), 0.0320296 secs] [Times: user=0.07 sys=0.00, real=0.03 secs] 
2016-10-23T22:32:37.736+0800: 1976.760: Total time for which application threads were stopped: 0.0322143 seconds, Stopping threads took: 0.0000717 seconds
2016-10-23T22:32:37.736+0800: 1976.760: [CMS-concurrent-sweep-start]
{Heap before GC invocations=362 (full 8):
 par new generation   total 109248K, used 109248K [0x00000007a0000000, 0x00000007a8000000, 0x00000007a8000000)
  eden space 87424K, 100% used [0x00000007a0000000, 0x00000007a5560000, 0x00000007a5560000)
  from space 21824K, 100% used [0x00000007a5560000, 0x00000007a6ab0000, 0x00000007a6ab0000)
  to   space 21824K,   0% used [0x00000007a6ab0000, 0x00000007a6ab0000, 0x00000007a8000000)
 concurrent mark-sweep generation total 393216K, used 100764K [0x00000007a8000000, 0x00000007c0000000, 0x00000007c0000000)
 Metaspace       used 40743K, capacity 41448K, committed 41844K, reserved 1085440K
  class space    used 4663K, capacity 4865K, committed 4988K, reserved 1048576K
2016-10-23T22:32:37.808+0800: 1976.831: [GC (Allocation Failure) 2016-10-23T22:32:37.808+0800: 1976.831: [ParNew
Desired survivor size 20112992 bytes, new threshold 8 (max 8)
- age   1:    4283584 bytes,    4283584 total
- age   2:     154408 bytes,    4437992 total
- age   3:    2816728 bytes,    7254720 total
- age   4:    2530040 bytes,    9784760 total
- age   5:    2494360 bytes,   12279120 total
- age   6:    1240168 bytes,   13519288 total
- age   7:    1579112 bytes,   15098400 total
- age   8:    2103864 bytes,   17202264 total
: 109248K->21824K(109248K), 0.0117305 secs] 210012K->124739K(502464K), 0.0117944 secs] [Times: user=0.04 sys=0.00, real=0.01 secs] 
Heap after GC invocations=363 (full 8):
 par new generation   total 109248K, used 21824K [0x00000007a0000000, 0x00000007a8000000, 0x00000007a8000000)
  eden space 87424K,   0% used [0x00000007a0000000, 0x00000007a0000000, 0x00000007a5560000)
  from space 21824K, 100% used [0x00000007a6ab0000, 0x00000007a8000000, 0x00000007a8000000)
  to   space 21824K,   0% used [0x00000007a5560000, 0x00000007a5560000, 0x00000007a6ab0000)
 concurrent mark-sweep generation total 393216K, used 102915K [0x00000007a8000000, 0x00000007c0000000, 0x00000007c0000000)
 Metaspace       used 40743K, capacity 41448K, committed 41844K, reserved 1085440K
  class space    used 4663K, capacity 4865K, committed 4988K, reserved 1048576K
}
2016-10-23T22:32:37.819+0800: 1976.843: Total time for which application threads were stopped: 0.0121021 seconds, Stopping threads took: 0.0001061 seconds
2016-10-23T22:32:37.844+0800: 1976.868: [CMS-concurrent-sweep: 0.095/0.108 secs] [Times: user=0.42 sys=0.01, real=0.11 secs] 
2016-10-23T22:32:37.844+0800: 1976.868: [CMS-concurrent-reset-start]
2016-10-23T22:32:37.844+0800: 1976.868: [CMS-concurrent-reset: 0.000/0.000 secs] [Times: user=0.00 sys=0.00, real=0.00 secs] 
{Heap before GC invocations=363 (full 8):
 par new generation   total 109248K, used 109248K [0x00000007a0000000, 0x00000007a8000000, 0x00000007a8000000)
  eden space 87424K, 100% used [0x00000007a0000000, 0x00000007a5560000, 0x00000007a5560000)
  from space 21824K, 100% used [0x00000007a6ab0000, 0x00000007a8000000, 0x00000007a8000000)
  to   space 21824K,   0% used [0x00000007a5560000, 0x00000007a5560000, 0x00000007a6ab0000)
 concurrent mark-sweep generation total 393216K, used 58034K [0x00000007a8000000, 0x00000007c0000000, 0x00000007c0000000)
 Metaspace       used 40744K, capacity 41448K, committed 41844K, reserved 1085440K
  class space    used 4663K, capacity 4865K, committed 4988K, reserved 1048576K
2016-10-23T22:32:37.878+0800: 1976.902: [GC (Allocation Failure) 2016-10-23T22:32:37.878+0800: 1976.902: [ParNew
Desired survivor size 20112992 bytes, new threshold 8 (max 8)
- age   1:    2420272 bytes,    2420272 total
- age   2:    4139872 bytes,    6560144 total
- age   3:     143848 bytes,    6703992 total
- age   4:    2690992 bytes,    9394984 total
- age   5:    2432392 bytes,   11827376 total
- age   6:    2405808 bytes,   14233184 total
- age   7:    1147424 bytes,   15380608 total
- age   8:    1456512 bytes,   16837120 total
: 109248K->21824K(109248K), 0.0099970 secs] 167282K->81805K(502464K), 0.0100518 secs] [Times: user=0.04 sys=0.00, real=0.01 secs] 
Heap after GC invocations=364 (full 8):
 par new generation   total 109248K, used 21824K [0x00000007a0000000, 0x00000007a8000000, 0x00000007a8000000)
  eden space 87424K,   0% used [0x00000007a0000000, 0x00000007a0000000, 0x00000007a5560000)
  from space 21824K, 100% used [0x00000007a5560000, 0x00000007a6ab0000, 0x00000007a6ab0000)
  to   space 21824K,   0% used [0x00000007a6ab0000, 0x00000007a6ab0000, 0x00000007a8000000)
 concurrent mark-sweep generation total 393216K, used 59981K [0x00000007a8000000, 0x00000007c0000000, 0x00000007c0000000)
 Metaspace       used 40744K, capacity 41448K, committed 41844K, reserved 1085440K
  class space    used 4663K, capacity 4865K, committed 4988K, reserved 1048576K
}
2016-10-23T22:32:37.888+0800: 1976.912: Total time for which application threads were stopped: 0.0103495 seconds, Stopping threads took: 0.0001022 seconds
{Heap before GC invocations=364 (full 8):
 par new generation   total 109248K, used 109248K [0x00000007a0000000, 0x00000007a8000000, 0x00000007a8000000)
  eden space 87424K, 100% used [0x00000007a0000000, 0x00000007a5560000, 0x00000007a5560000)
  from space 21824K, 100% used [0x00000007a5560000, 0x00000007a6ab0000, 0x00000007a6ab0000)
  to   space 21824K,   0% used [0x00000007a6ab0000, 0x00000007a6ab0000, 0x00000007a8000000)
 concurrent mark-sweep generation total 393216K, used 59981K [0x00000007a8000000, 0x00000007c0000000, 0x00000007c0000000)
 Metaspace       used 40744K, capacity 41448K, committed 41844K, reserved 1085440K
  class space    used 4663K, capacity 4865K, committed 4988K, reserved 1048576K
2016-10-23T22:32:37.957+0800: 1976.981: [GC (Allocation Failure) 2016-10-23T22:32:37.957+0800: 1976.981: [ParNew
Desired survivor size 20112992 bytes, new threshold 8 (max 8)
- age   1:    2009864 bytes,    2009864 total
- age   2:    2018440 bytes,    4028304 total
- age   3:    4127080 bytes,    8155384 total
- age   4:     143848 bytes,    8299232 total
- age   5:    2680608 bytes,   10979840 total
- age   6:    2420192 bytes,   13400032 total
- age   7:    2389784 bytes,   15789816 total
- age   8:    1131368 bytes,   16921184 total
: 109248K->21824K(109248K), 0.0083227 secs] 169229K->83167K(502464K), 0.0083737 secs] [Times: user=0.03 sys=0.00, real=0.01 secs] 
Heap after GC invocations=365 (full 8):
 par new generation   total 109248K, used 21824K [0x00000007a0000000, 0x00000007a8000000, 0x00000007a8000000)
  eden space 87424K,   0% used [0x00000007a0000000, 0x00000007a0000000, 0x00000007a5560000)
  from space 21824K, 100% used [0x00000007a6ab0000, 0x00000007a8000000, 0x00000007a8000000)
  to   space 21824K,   0% used [0x00000007a5560000, 0x00000007a5560000, 0x00000007a6ab0000)
 concurrent mark-sweep generation total 393216K, used 61343K [0x00000007a8000000, 0x00000007c0000000, 0x00000007c0000000)
 Metaspace       used 40744K, capacity 41448K, committed 41844K, reserved 1085440K
  class space    used 4663K, capacity 4865K, committed 4988K, reserved 1048576K
}
2016-10-23T22:32:37.966+0800: 1976.990: Total time for which application threads were stopped: 0.0086797 seconds, Stopping threads took: 0.0000959 seconds
{Heap before GC invocations=365 (full 8):
 par new generation   total 109248K, used 109248K [0x00000007a0000000, 0x00000007a8000000, 0x00000007a8000000)
  eden space 87424K, 100% used [0x00000007a0000000, 0x00000007a5560000, 0x00000007a5560000)
  from space 21824K, 100% used [0x00000007a6ab0000, 0x00000007a8000000, 0x00000007a8000000)
  to   space 21824K,   0% used [0x00000007a5560000, 0x00000007a5560000, 0x00000007a6ab0000)
 concurrent mark-sweep generation total 393216K, used 61343K [0x00000007a8000000, 0x00000007c0000000, 0x00000007c0000000)
 Metaspace       used 40744K, capacity 41448K, committed 41844K, reserved 1085440K
  class space    used 4663K, capacity 4865K, committed 4988K, reserved 1048576K
2016-10-23T22:32:38.016+0800: 1977.040: [GC (Allocation Failure) 2016-10-23T22:32:38.016+0800: 1977.040: [ParNew
Desired survivor size 20112992 bytes, new threshold 8 (max 8)
- age   1:    1734584 bytes,    1734584 total
- age   2:    1191064 bytes,    2925648 total
- age   3:    2009624 bytes,    4935272 total
- age   4:    4020088 bytes,    8955360 total
- age   5:     134056 bytes,    9089416 total
- age   6:    2571216 bytes,   11660632 total
- age   7:    2316176 bytes,   13976808 total
- age   8:    2289224 bytes,   16266032 total
: 109248K->16997K(109248K), 0.0076715 secs] 170591K->79432K(502464K), 0.0077402 secs] [Times: user=0.03 sys=0.00, real=0.01 secs] 
Heap after GC invocations=366 (full 8):
 par new generation   total 109248K, used 16997K [0x00000007a0000000, 0x00000007a8000000, 0x00000007a8000000)
  eden space 87424K,   0% used [0x00000007a0000000, 0x00000007a0000000, 0x00000007a5560000)
  from space 21824K,  77% used [0x00000007a5560000, 0x00000007a65f9700, 0x00000007a6ab0000)
  to   space 21824K,   0% used [0x00000007a6ab0000, 0x00000007a6ab0000, 0x00000007a8000000)
 concurrent mark-sweep generation total 393216K, used 62434K [0x00000007a8000000, 0x00000007c0000000, 0x00000007c0000000)
 Metaspace       used 40744K, capacity 41448K, committed 41844K, reserved 1085440K
  class space    used 4663K, capacity 4865K, committed 4988K, reserved 1048576K
}
2016-10-23T22:32:38.024+0800: 1977.048: Total time for which application threads were stopped: 0.0079841 seconds, Stopping threads took: 0.0000924 seconds
2016-10-23T22:32:38.049+0800: 1977.073: Total time for which application threads were stopped: 0.0002146 seconds, Stopping threads took: 0.0001121 seconds
{Heap before GC invocations=366 (full 8):
 par new generation   total 109248K, used 104421K [0x00000007a0000000, 0x00000007a8000000, 0x00000007a8000000)
  eden space 87424K, 100% used [0x00000007a0000000, 0x00000007a5560000, 0x00000007a5560000)
  from space 21824K,  77% used [0x00000007a5560000, 0x00000007a65f9700, 0x00000007a6ab0000)
  to   space 21824K,   0% used [0x00000007a6ab0000, 0x00000007a6ab0000, 0x00000007a8000000)
 concurrent mark-sweep generation total 393216K, used 62434K [0x00000007a8000000, 0x00000007c0000000, 0x00000007c0000000)
 Metaspace       used 40756K, capacity 41448K, committed 41844K, reserved 1085440K
  class space    used 4663K, capacity 4865K, committed 4988K, reserved 1048576K
2016-10-23T22:32:38.103+0800: 1977.127: [GC (Allocation Failure) 2016-10-23T22:32:38.104+0800: 1977.127: [ParNew
Desired survivor size 20112992 bytes, new threshold 8 (max 8)
- age   1:    3463176 bytes,    3463176 total
- age   2:    1059504 bytes,    4522680 total
- age   3:    1004960 bytes,    5527640 total
- age   4:    1838888 bytes,    7366528 total
- age   5:    3762136 bytes,   11128664 total
- age   6:     111136 bytes,   11239800 total
- age   7:    2305224 bytes,   13545024 total
- age   8:    2110048 bytes,   15655072 total
: 104421K->21824K(109248K), 0.0088022 secs] 166856K->86339K(502464K), 0.0088796 secs] [Times: user=0.03 sys=0.00, real=0.01 secs] 
Heap after GC invocations=367 (full 8):
 par new generation   total 109248K, used 21824K [0x00000007a0000000, 0x00000007a8000000, 0x00000007a8000000)
  eden space 87424K,   0% used [0x00000007a0000000, 0x00000007a0000000, 0x00000007a5560000)
  from space 21824K, 100% used [0x00000007a6ab0000, 0x00000007a8000000, 0x00000007a8000000)
  to   space 21824K,   0% used [0x00000007a5560000, 0x00000007a5560000, 0x00000007a6ab0000)
 concurrent mark-sweep generation total 393216K, used 64515K [0x00000007a8000000, 0x00000007c0000000, 0x00000007c0000000)
 Metaspace       used 40756K, capacity 41448K, committed 41844K, reserved 1085440K
  class space    used 4663K, capacity 4865K, committed 4988K, reserved 1048576K
}
2016-10-23T22:32:38.112+0800: 1977.136: Total time for which application threads were stopped: 0.0091808 seconds, Stopping threads took: 0.0001005 seconds
{Heap before GC invocations=367 (full 8):
 par new generation   total 109248K, used 109248K [0x00000007a0000000, 0x00000007a8000000, 0x00000007a8000000)
  eden space 87424K, 100% used [0x00000007a0000000, 0x00000007a5560000, 0x00000007a5560000)
  from space 21824K, 100% used [0x00000007a6ab0000, 0x00000007a8000000, 0x00000007a8000000)
  to   space 21824K,   0% used [0x00000007a5560000, 0x00000007a5560000, 0x00000007a6ab0000)
 concurrent mark-sweep generation total 393216K, used 64515K [0x00000007a8000000, 0x00000007c0000000, 0x00000007c0000000)
 Metaspace       used 40757K, capacity 41448K, committed 41844K, reserved 1085440K
  class space    used 4663K, capacity 4865K, committed 4988K, reserved 1048576K
2016-10-23T22:32:38.155+0800: 1977.179: [GC (Allocation Failure) 2016-10-23T22:32:38.155+0800: 1977.179: [ParNew
Desired survivor size 20112992 bytes, new threshold 8 (max 8)
- age   1:    2424360 bytes,    2424360 total
- age   2:    2554216 bytes,    4978576 total
- age   3:    1019568 bytes,    5998144 total
- age   4:     981672 bytes,    6979816 total
- age   5:    1833288 bytes,    8813104 total
- age   6:    3762136 bytes,   12575240 total
- age   7:     111136 bytes,   12686376 total
- age   8:    2305224 bytes,   14991600 total
: 109248K->18461K(109248K), 0.0088001 secs] 173763K->85056K(502464K), 0.0088550 secs] [Times: user=0.03 sys=0.00, real=0.01 secs] 
Heap after GC invocations=368 (full 8):
 par new generation   total 109248K, used 18461K [0x00000007a0000000, 0x00000007a8000000, 0x00000007a8000000)
  eden space 87424K,   0% used [0x00000007a0000000, 0x00000007a0000000, 0x00000007a5560000)
  from space 21824K,  84% used [0x00000007a5560000, 0x00000007a6767580, 0x00000007a6ab0000)
  to   space 21824K,   0% used [0x00000007a6ab0000, 0x00000007a6ab0000, 0x00000007a8000000)
 concurrent mark-sweep generation total 393216K, used 66595K [0x00000007a8000000, 0x00000007c0000000, 0x00000007c0000000)
 Metaspace       used 40757K, capacity 41448K, committed 41844K, reserved 1085440K
  class space    used 4663K, capacity 4865K, committed 4988K, reserved 1048576K
}
2016-10-23T22:32:38.164+0800: 1977.188: Total time for which application threads were stopped: 0.0091081 seconds, Stopping threads took: 0.0000858 seconds
{Heap before GC invocations=368 (full 8):
 par new generation   total 109248K, used 105885K [0x00000007a0000000, 0x00000007a8000000, 0x00000007a8000000)
  eden space 87424K, 100% used [0x00000007a0000000, 0x00000007a5560000, 0x00000007a5560000)
  from space 21824K,  84% used [0x00000007a5560000, 0x00000007a6767580, 0x00000007a6ab0000)
  to   space 21824K,   0% used [0x00000007a6ab0000, 0x00000007a6ab0000, 0x00000007a8000000)
 concurrent mark-sweep generation total 393216K, used 66595K [0x00000007a8000000, 0x00000007c0000000, 0x00000007c0000000)
 Metaspace       used 40757K, capacity 41448K, committed 41844K, reserved 1085440K
  class space    used 4663K, capacity 4865K, committed 4988K, reserved 1048576K
2016-10-23T22:32:38.198+0800: 1977.222: [GC (Allocation Failure) 2016-10-23T22:32:38.198+0800: 1977.222: [ParNew
Desired survivor size 20112992 bytes, new threshold 8 (max 8)
- age   1:    1977456 bytes,    1977456 total
- age   2:    1483064 bytes,    3460520 total
- age   3:    2479784 bytes,    5940304 total
- age   4:     986640 bytes,    6926944 total
- age   5:     981648 bytes,    7908592 total
- age   6:    1832984 bytes,    9741576 total
- age   7:    3794920 bytes,   13536496 total
- age   8:     111136 bytes,   13647632 total
: 105885K->19931K(109248K), 0.0084556 secs] 172480K->88798K(502464K), 0.0085182 secs] [Times: user=0.03 sys=0.01, real=0.01 secs] 
Heap after GC invocations=369 (full 8):
 par new generation   total 109248K, used 19931K [0x00000007a0000000, 0x00000007a8000000, 0x00000007a8000000)
  eden space 87424K,   0% used [0x00000007a0000000, 0x00000007a0000000, 0x00000007a5560000)
  from space 21824K,  91% used [0x00000007a6ab0000, 0x00000007a7e26e80, 0x00000007a8000000)
  to   space 21824K,   0% used [0x00000007a5560000, 0x00000007a5560000, 0x00000007a6ab0000)
 concurrent mark-sweep generation total 393216K, used 68866K [0x00000007a8000000, 0x00000007c0000000, 0x00000007c0000000)
 Metaspace       used 40757K, capacity 41448K, committed 41844K, reserved 1085440K
  class space    used 4663K, capacity 4865K, committed 4988K, reserved 1048576K
}
2016-10-23T22:32:38.207+0800: 1977.231: Total time for which application threads were stopped: 0.0088249 seconds, Stopping threads took: 0.0001401 seconds
{Heap before GC invocations=369 (full 8):
 par new generation   total 109248K, used 107355K [0x00000007a0000000, 0x00000007a8000000, 0x00000007a8000000)
  eden space 87424K, 100% used [0x00000007a0000000, 0x00000007a5560000, 0x00000007a5560000)
  from space 21824K,  91% used [0x00000007a6ab0000, 0x00000007a7e26e80, 0x00000007a8000000)
  to   space 21824K,   0% used [0x00000007a5560000, 0x00000007a5560000, 0x00000007a6ab0000)
 concurrent mark-sweep generation total 393216K, used 68866K [0x00000007a8000000, 0x00000007c0000000, 0x00000007c0000000)
 Metaspace       used 40757K, capacity 41448K, committed 41844K, reserved 1085440K
  class space    used 4663K, capacity 4865K, committed 4988K, reserved 1048576K
2016-10-23T22:32:38.266+0800: 1977.290: [GC (Allocation Failure) 2016-10-23T22:32:38.266+0800: 1977.290: [ParNew
Desired survivor size 20112992 bytes, new threshold 8 (max 8)
- age   1:    4011872 bytes,    4011872 total
- age   2:     938976 bytes,    4950848 total
- age   3:    1257584 bytes,    6208432 total
- age   4:    2222392 bytes,    8430824 total
- age   5:     857160 bytes,    9287984 total
- age   6:     985056 bytes,   10273040 total
- age   7:    1835616 bytes,   12108656 total
- age   8:    3762136 bytes,   15870792 total
: 107355K->18692K(109248K), 0.0079145 secs] 176222K->87669K(502464K), 0.0079821 secs] [Times: user=0.03 sys=0.00, real=0.01 secs] 
Heap after GC invocations=370 (full 8):
 par new generation   total 109248K, used 18692K [0x00000007a0000000, 0x00000007a8000000, 0x00000007a8000000)
  eden space 87424K,   0% used [0x00000007a0000000, 0x00000007a0000000, 0x00000007a5560000)
  from space 21824K,  85% used [0x00000007a5560000, 0x00000007a67a1298, 0x00000007a6ab0000)
  to   space 21824K,   0% used [0x00000007a6ab0000, 0x00000007a6ab0000, 0x00000007a8000000)
 concurrent mark-sweep generation total 393216K, used 68976K [0x00000007a8000000, 0x00000007c0000000, 0x00000007c0000000)
 Metaspace       used 40757K, capacity 41448K, committed 41844K, reserved 1085440K
  class space    used 4663K, capacity 4865K, committed 4988K, reserved 1048576K
}
2016-10-23T22:32:38.274+0800: 1977.298: Total time for which application threads were stopped: 0.0083048 seconds, Stopping threads took: 0.0001197 seconds
{Heap before GC invocations=370 (full 8):
 par new generation   total 109248K, used 106116K [0x00000007a0000000, 0x00000007a8000000, 0x00000007a8000000)
  eden space 87424K, 100% used [0x00000007a0000000, 0x00000007a5560000, 0x00000007a5560000)
  from space 21824K,  85% used [0x00000007a5560000, 0x00000007a67a1298, 0x00000007a6ab0000)
  to   space 21824K,   0% used [0x00000007a6ab0000, 0x00000007a6ab0000, 0x00000007a8000000)
 concurrent mark-sweep generation total 393216K, used 68976K [0x00000007a8000000, 0x00000007c0000000, 0x00000007c0000000)
 Metaspace       used 40757K, capacity 41448K, committed 41844K, reserved 1085440K
  class space    used 4663K, capacity 4865K, committed 4988K, reserved 1048576K
2016-10-23T22:32:38.312+0800: 1977.335: [GC (Allocation Failure) 2016-10-23T22:32:38.312+0800: 1977.335: [ParNew
Desired survivor size 20112992 bytes, new threshold 8 (max 8)
- age   1:    2597432 bytes,    2597432 total
- age   2:    2772448 bytes,    5369880 total
- age   3:     904032 bytes,    6273912 total
- age   4:    1198672 bytes,    7472584 total
- age   5:    2209288 bytes,    9681872 total
- age   6:     855096 bytes,   10536968 total
- age   7:     981648 bytes,   11518616 total
- age   8:    1832904 bytes,   13351520 total
: 106116K->17071K(109248K), 0.0092609 secs] 175093K->89741K(502464K), 0.0093396 secs] [Times: user=0.03 sys=0.00, real=0.01 secs] 
Heap after GC invocations=371 (full 8):
 par new generation   total 109248K, used 17071K [0x00000007a0000000, 0x00000007a8000000, 0x00000007a8000000)
  eden space 87424K,   0% used [0x00000007a0000000, 0x00000007a0000000, 0x00000007a5560000)
  from space 21824K,  78% used [0x00000007a6ab0000, 0x00000007a7b5bda0, 0x00000007a8000000)
  to   space 21824K,   0% used [0x00000007a5560000, 0x00000007a5560000, 0x00000007a6ab0000)
 concurrent mark-sweep generation total 393216K, used 72669K [0x00000007a8000000, 0x00000007c0000000, 0x00000007c0000000)
 Metaspace       used 40757K, capacity 41448K, committed 41844K, reserved 1085440K
  class space    used 4663K, capacity 4865K, committed 4988K, reserved 1048576K
}
2016-10-23T22:32:38.321+0800: 1977.345: Total time for which application threads were stopped: 0.0095781 seconds, Stopping threads took: 0.0000804 seconds
{Heap before GC invocations=371 (full 8):
 par new generation   total 109248K, used 104495K [0x00000007a0000000, 0x00000007a8000000, 0x00000007a8000000)
  eden space 87424K, 100% used [0x00000007a0000000, 0x00000007a5560000, 0x00000007a5560000)
  from space 21824K,  78% used [0x00000007a6ab0000, 0x00000007a7b5bda0, 0x00000007a8000000)
  to   space 21824K,   0% used [0x00000007a5560000, 0x00000007a5560000, 0x00000007a6ab0000)
 concurrent mark-sweep generation total 393216K, used 72669K [0x00000007a8000000, 0x00000007c0000000, 0x00000007c0000000)
 Metaspace       used 40759K, capacity 41448K, committed 41844K, reserved 1085440K
  class space    used 4663K, capacity 4865K, committed 4988K, reserved 1048576K
2016-10-23T22:32:38.370+0800: 1977.394: [GC (Allocation Failure) 2016-10-23T22:32:38.370+0800: 1977.394: [ParNew
Desired survivor size 20112992 bytes, new threshold 8 (max 8)
- age   1:    3124072 bytes,    3124072 total
- age   2:    1306192 bytes,    4430264 total
- age   3:    2575720 bytes,    7005984 total
- age   4:     907544 bytes,    7913528 total
- age   5:    1188824 bytes,    9102352 total
- age   6:    2216680 bytes,   11319032 total
- age   7:     859536 bytes,   12178568 total
- age   8:     987648 bytes,   13166216 total
: 104495K->14531K(109248K), 0.0079406 secs] 177165K->89018K(502464K), 0.0079943 secs] [Times: user=0.03 sys=0.00, real=0.00 secs] 
Heap after GC invocations=372 (full 8):
 par new generation   total 109248K, used 14531K [0x00000007a0000000, 0x00000007a8000000, 0x00000007a8000000)
  eden space 87424K,   0% used [0x00000007a0000000, 0x00000007a0000000, 0x00000007a5560000)
  from space 21824K,  66% used [0x00000007a5560000, 0x00000007a6390e40, 0x00000007a6ab0000)
  to   space 21824K,   0% used [0x00000007a6ab0000, 0x00000007a6ab0000, 0x00000007a8000000)
 concurrent mark-sweep generation total 393216K, used 74486K [0x00000007a8000000, 0x00000007c0000000, 0x00000007c0000000)
 Metaspace       used 40759K, capacity 41448K, committed 41844K, reserved 1085440K
  class space    used 4663K, capacity 4865K, committed 4988K, reserved 1048576K
}
2016-10-23T22:32:38.378+0800: 1977.402: Total time for which application threads were stopped: 0.0082428 seconds, Stopping threads took: 0.0000730 seconds
{Heap before GC invocations=372 (full 8):
 par new generation   total 109248K, used 101955K [0x00000007a0000000, 0x00000007a8000000, 0x00000007a8000000)
  eden space 87424K, 100% used [0x00000007a0000000, 0x00000007a5560000, 0x00000007a5560000)
  from space 21824K,  66% used [0x00000007a5560000, 0x00000007a6390e40, 0x00000007a6ab0000)
  to   space 21824K,   0% used [0x00000007a6ab0000, 0x00000007a6ab0000, 0x00000007a8000000)
 concurrent mark-sweep generation total 393216K, used 74486K [0x00000007a8000000, 0x00000007c0000000, 0x00000007c0000000)
 Metaspace       used 40761K, capacity 41448K, committed 41844K, reserved 1085440K
  class space    used 4663K, capacity 4865K, committed 4988K, reserved 1048576K
2016-10-23T22:32:38.441+0800: 1977.465: [GC (Allocation Failure) 2016-10-23T22:32:38.441+0800: 1977.465: [ParNew
Desired survivor size 20112992 bytes, new threshold 8 (max 8)
- age   1:    4060432 bytes,    4060432 total
- age   2:    1460112 bytes,    5520544 total
- age   3:    1130672 bytes,    6651216 total
- age   4:    2439472 bytes,    9090688 total
- age   5:     874784 bytes,    9965472 total
- age   6:    1187296 bytes,   11152768 total
- age   7:    2214784 bytes,   13367552 total
- age   8:     858512 bytes,   14226064 total
: 101955K->20425K(109248K), 0.0078840 secs] 176442K->95900K(502464K), 0.0079462 secs] [Times: user=0.02 sys=0.00, real=0.00 secs] 
Heap after GC invocations=373 (full 8):
 par new generation   total 109248K, used 20425K [0x00000007a0000000, 0x00000007a8000000, 0x00000007a8000000)
  eden space 87424K,   0% used [0x00000007a0000000, 0x00000007a0000000, 0x00000007a5560000)
  from space 21824K,  93% used [0x00000007a6ab0000, 0x00000007a7ea24b8, 0x00000007a8000000)
  to   space 21824K,   0% used [0x00000007a5560000, 0x00000007a5560000, 0x00000007a6ab0000)
 concurrent mark-sweep generation total 393216K, used 75474K [0x00000007a8000000, 0x00000007c0000000, 0x00000007c0000000)
 Metaspace       used 40761K, capacity 41448K, committed 41844K, reserved 1085440K
  class space    used 4663K, capacity 4865K, committed 4988K, reserved 1048576K
}
2016-10-23T22:32:38.449+0800: 1977.473: Total time for which application threads were stopped: 0.0081791 seconds, Stopping threads took: 0.0000567 seconds
{Heap before GC invocations=373 (full 8):
 par new generation   total 109248K, used 107849K [0x00000007a0000000, 0x00000007a8000000, 0x00000007a8000000)
  eden space 87424K, 100% used [0x00000007a0000000, 0x00000007a5560000, 0x00000007a5560000)
  from space 21824K,  93% used [0x00000007a6ab0000, 0x00000007a7ea24b8, 0x00000007a8000000)
  to   space 21824K,   0% used [0x00000007a5560000, 0x00000007a5560000, 0x00000007a6ab0000)
 concurrent mark-sweep generation total 393216K, used 75474K [0x00000007a8000000, 0x00000007c0000000, 0x00000007c0000000)
 Metaspace       used 40761K, capacity 41448K, committed 41844K, reserved 1085440K
  class space    used 4663K, capacity 4865K, committed 4988K, reserved 1048576K
2016-10-23T22:32:38.515+0800: 1977.539: [GC (Allocation Failure) 2016-10-23T22:32:38.515+0800: 1977.539: [ParNew
Desired survivor size 20112992 bytes, new threshold 8 (max 8)
- age   1:    5336328 bytes,    5336328 total
- age   2:    2195952 bytes,    7532280 total
- age   3:    1388128 bytes,    8920408 total
- age   4:    1085000 bytes,   10005408 total
- age   5:    1898216 bytes,   11903624 total
- age   6:     805624 bytes,   12709248 total
- age   7:    1121984 bytes,   13831232 total
- age   8:    2205264 bytes,   16036496 total
: 107849K->18232K(109248K), 0.0085544 secs] 183324K->94367K(502464K), 0.0086150 secs] [Times: user=0.03 sys=0.00, real=0.01 secs] 
Heap after GC invocations=374 (full 8):
 par new generation   total 109248K, used 18232K [0x00000007a0000000, 0x00000007a8000000, 0x00000007a8000000)
  eden space 87424K,   0% used [0x00000007a0000000, 0x00000007a0000000, 0x00000007a5560000)
  from space 21824K,  83% used [0x00000007a5560000, 0x00000007a672e140, 0x00000007a6ab0000)
  to   space 21824K,   0% used [0x00000007a6ab0000, 0x00000007a6ab0000, 0x00000007a8000000)
 concurrent mark-sweep generation total 393216K, used 76134K [0x00000007a8000000, 0x00000007c0000000, 0x00000007c0000000)
 Metaspace       used 40761K, capacity 41448K, committed 41844K, reserved 1085440K
  class space    used 4663K, capacity 4865K, committed 4988K, reserved 1048576K
}
2016-10-23T22:32:38.524+0800: 1977.548: Total time for which application threads were stopped: 0.0089075 seconds, Stopping threads took: 0.0000927 seconds
{Heap before GC invocations=374 (full 8):
 par new generation   total 109248K, used 105656K [0x00000007a0000000, 0x00000007a8000000, 0x00000007a8000000)
  eden space 87424K, 100% used [0x00000007a0000000, 0x00000007a5560000, 0x00000007a5560000)
  from space 21824K,  83% used [0x00000007a5560000, 0x00000007a672e140, 0x00000007a6ab0000)
  to   space 21824K,   0% used [0x00000007a6ab0000, 0x00000007a6ab0000, 0x00000007a8000000)
 concurrent mark-sweep generation total 393216K, used 76134K [0x00000007a8000000, 0x00000007c0000000, 0x00000007c0000000)
 Metaspace       used 40761K, capacity 41448K, committed 41844K, reserved 1085440K
  class space    used 4663K, capacity 4865K, committed 4988K, reserved 1048576K
2016-10-23T22:32:38.661+0800: 1977.685: [GC (Allocation Failure) 2016-10-23T22:32:38.661+0800: 1977.685: [ParNew
Desired survivor size 20112992 bytes, new threshold 8 (max 8)
- age   1:    6256504 bytes,    6256504 total
- age   2:    3125728 bytes,    9382232 total
- age   3:    2054280 bytes,   11436512 total
- age   4:    1380368 bytes,   12816880 total
- age   5:    1078400 bytes,   13895280 total
- age   6:    1620256 bytes,   15515536 total
- age   7:     804208 bytes,   16319744 total
- age   8:    1071920 bytes,   17391664 total
: 105656K->21824K(109248K), 0.0121013 secs] 181791K->100166K(502464K), 0.0121573 secs] [Times: user=0.05 sys=0.01, real=0.01 secs] 
Heap after GC invocations=375 (full 8):
 par new generation   total 109248K, used 21824K [0x00000007a0000000, 0x00000007a8000000, 0x00000007a8000000)
  eden space 87424K,   0% used [0x00000007a0000000, 0x00000007a0000000, 0x00000007a5560000)
  from space 21824K, 100% used [0x00000007a6ab0000, 0x00000007a8000000, 0x00000007a8000000)
  to   space 21824K,   0% used [0x00000007a5560000, 0x00000007a5560000, 0x00000007a6ab0000)
 concurrent mark-sweep generation total 393216K, used 78342K [0x00000007a8000000, 0x00000007c0000000, 0x00000007c0000000)
 Metaspace       used 40761K, capacity 41448K, committed 41844K, reserved 1085440K
  class space    used 4663K, capacity 4865K, committed 4988K, reserved 1048576K
}
2016-10-23T22:32:38.674+0800: 1977.697: Total time for which application threads were stopped: 0.0124453 seconds, Stopping threads took: 0.0000916 seconds
2016-10-23T22:32:38.775+0800: 1977.799: Total time for which application threads were stopped: 0.0003410 seconds, Stopping threads took: 0.0000924 seconds
{Heap before GC invocations=375 (full 8):
 par new generation   total 109248K, used 109248K [0x00000007a0000000, 0x00000007a8000000, 0x00000007a8000000)
  eden space 87424K, 100% used [0x00000007a0000000, 0x00000007a5560000, 0x00000007a5560000)
  from space 21824K, 100% used [0x00000007a6ab0000, 0x00000007a8000000, 0x00000007a8000000)
  to   space 21824K,   0% used [0x00000007a5560000, 0x00000007a5560000, 0x00000007a6ab0000)
 concurrent mark-sweep generation total 393216K, used 78342K [0x00000007a8000000, 0x00000007c0000000, 0x00000007c0000000)
 Metaspace       used 40762K, capacity 41448K, committed 41844K, reserved 1085440K
  class space    used 4663K, capacity 4865K, committed 4988K, reserved 1048576K
2016-10-23T22:32:38.836+0800: 1977.860: [GC (Allocation Failure) 2016-10-23T22:32:38.836+0800: 1977.860: [ParNew
Desired survivor size 20112992 bytes, new threshold 8 (max 8)
- age   1:    6927800 bytes,    6927800 total
- age   2:    3666352 bytes,   10594152 total
- age   3:    3085304 bytes,   13679456 total
- age   4:    1941784 bytes,   15621240 total
- age   5:    1228600 bytes,   16849840 total
- age   6:    1015704 bytes,   17865544 total
- age   7:    1551880 bytes,   19417424 total
- age   8:     761232 bytes,   20178656 total
: 109248K->21824K(109248K), 0.0161417 secs] 187590K->101968K(502464K), 0.0162047 secs] [Times: user=0.09 sys=0.00, real=0.02 secs] 
Heap after GC invocations=376 (full 8):
 par new generation   total 109248K, used 21824K [0x00000007a0000000, 0x00000007a8000000, 0x00000007a8000000)
  eden space 87424K,   0% used [0x00000007a0000000, 0x00000007a0000000, 0x00000007a5560000)
  from space 21824K, 100% used [0x00000007a5560000, 0x00000007a6ab0000, 0x00000007a6ab0000)
  to   space 21824K,   0% used [0x00000007a6ab0000, 0x00000007a6ab0000, 0x00000007a8000000)
 concurrent mark-sweep generation total 393216K, used 80144K [0x00000007a8000000, 0x00000007c0000000, 0x00000007c0000000)
 Metaspace       used 40762K, capacity 41448K, committed 41844K, reserved 1085440K
  class space    used 4663K, capacity 4865K, committed 4988K, reserved 1048576K
}
2016-10-23T22:32:38.853+0800: 1977.876: Total time for which application threads were stopped: 0.0164772 seconds, Stopping threads took: 0.0001002 seconds
{Heap before GC invocations=376 (full 8):
 par new generation   total 109248K, used 109248K [0x00000007a0000000, 0x00000007a8000000, 0x00000007a8000000)
  eden space 87424K, 100% used [0x00000007a0000000, 0x00000007a5560000, 0x00000007a5560000)
  from space 21824K, 100% used [0x00000007a5560000, 0x00000007a6ab0000, 0x00000007a6ab0000)
  to   space 21824K,   0% used [0x00000007a6ab0000, 0x00000007a6ab0000, 0x00000007a8000000)
 concurrent mark-sweep generation total 393216K, used 80144K [0x00000007a8000000, 0x00000007c0000000, 0x00000007c0000000)
 Metaspace       used 40762K, capacity 41448K, committed 41844K, reserved 1085440K
  class space    used 4663K, capacity 4865K, committed 4988K, reserved 1048576K
2016-10-23T22:32:39.038+0800: 1978.062: [GC (Allocation Failure) 2016-10-23T22:32:39.038+0800: 1978.062: [ParNew
Desired survivor size 20112992 bytes, new threshold 8 (max 8)
- age   1:    2547880 bytes,    2547880 total
- age   2:    6297392 bytes,    8845272 total
- age   3:    3127624 bytes,   11972896 total
- age   4:    2877136 bytes,   14850032 total
- age   5:    1736992 bytes,   16587024 total
- age   6:    1062656 bytes,   17649680 total
- age   7:     894368 bytes,   18544048 total
- age   8:    1354920 bytes,   19898968 total
: 109248K->21824K(109248K), 0.0185826 secs] 189392K->103311K(502464K), 0.0187071 secs] [Times: user=0.08 sys=0.01, real=0.02 secs] 
Heap after GC invocations=377 (full 8):
 par new generation   total 109248K, used 21824K [0x00000007a0000000, 0x00000007a8000000, 0x00000007a8000000)
  eden space 87424K,   0% used [0x00000007a0000000, 0x00000007a0000000, 0x00000007a5560000)
  from space 21824K, 100% used [0x00000007a6ab0000, 0x00000007a8000000, 0x00000007a8000000)
  to   space 21824K,   0% used [0x00000007a5560000, 0x00000007a5560000, 0x00000007a6ab0000)
 concurrent mark-sweep generation total 393216K, used 81487K [0x00000007a8000000, 0x00000007c0000000, 0x00000007c0000000)
 Metaspace       used 40762K, capacity 41448K, committed 41844K, reserved 1085440K
  class space    used 4663K, capacity 4865K, committed 4988K, reserved 1048576K
}
2016-10-23T22:32:39.057+0800: 1978.081: Total time for which application threads were stopped: 0.0203256 seconds, Stopping threads took: 0.0011317 seconds
{Heap before GC invocations=377 (full 8):
 par new generation   total 109248K, used 109248K [0x00000007a0000000, 0x00000007a8000000, 0x00000007a8000000)
  eden space 87424K, 100% used [0x00000007a0000000, 0x00000007a5560000, 0x00000007a5560000)
  from space 21824K, 100% used [0x00000007a6ab0000, 0x00000007a8000000, 0x00000007a8000000)
  to   space 21824K,   0% used [0x00000007a5560000, 0x00000007a5560000, 0x00000007a6ab0000)
 concurrent mark-sweep generation total 393216K, used 81487K [0x00000007a8000000, 0x00000007c0000000, 0x00000007c0000000)
 Metaspace       used 40766K, capacity 41512K, committed 41844K, reserved 1085440K
  class space    used 4663K, capacity 4865K, committed 4988K, reserved 1048576K
2016-10-23T22:32:39.154+0800: 1978.178: [GC (Allocation Failure) 2016-10-23T22:32:39.154+0800: 1978.178: [ParNew
Desired survivor size 20112992 bytes, new threshold 8 (max 8)
- age   1:    2631240 bytes,    2631240 total
- age   2:    1756408 bytes,    4387648 total
- age   3:    5574688 bytes,    9962336 total
- age   4:    2454488 bytes,   12416824 total
- age   5:    2499184 bytes,   14916008 total
- age   6:    1358544 bytes,   16274552 total
- age   7:     764064 bytes,   17038616 total
- age   8:     665832 bytes,   17704448 total
: 109248K->21824K(109248K), 0.0085173 secs] 190735K->104526K(502464K), 0.0085722 secs] [Times: user=0.04 sys=0.00, real=0.01 secs] 
Heap after GC invocations=378 (full 8):
 par new generation   total 109248K, used 21824K [0x00000007a0000000, 0x00000007a8000000, 0x00000007a8000000)
  eden space 87424K,   0% used [0x00000007a0000000, 0x00000007a0000000, 0x00000007a5560000)
  from space 21824K, 100% used [0x00000007a5560000, 0x00000007a6ab0000, 0x00000007a6ab0000)
  to   space 21824K,   0% used [0x00000007a6ab0000, 0x00000007a6ab0000, 0x00000007a8000000)
 concurrent mark-sweep generation total 393216K, used 82702K [0x00000007a8000000, 0x00000007c0000000, 0x00000007c0000000)
 Metaspace       used 40766K, capacity 41512K, committed 41844K, reserved 1085440K
  class space    used 4663K, capacity 4865K, committed 4988K, reserved 1048576K
}
2016-10-23T22:32:39.162+0800: 1978.186: Total time for which application threads were stopped: 0.0088419 seconds, Stopping threads took: 0.0001019 seconds
{Heap before GC invocations=378 (full 8):
 par new generation   total 109248K, used 109248K [0x00000007a0000000, 0x00000007a8000000, 0x00000007a8000000)
  eden space 87424K, 100% used [0x00000007a0000000, 0x00000007a5560000, 0x00000007a5560000)
  from space 21824K, 100% used [0x00000007a5560000, 0x00000007a6ab0000, 0x00000007a6ab0000)
  to   space 21824K,   0% used [0x00000007a6ab0000, 0x00000007a6ab0000, 0x00000007a8000000)
 concurrent mark-sweep generation total 393216K, used 82702K [0x00000007a8000000, 0x00000007c0000000, 0x00000007c0000000)
 Metaspace       used 40766K, capacity 41512K, committed 41844K, reserved 1085440K
  class space    used 4663K, capacity 4865K, committed 4988K, reserved 1048576K
2016-10-23T22:32:39.292+0800: 1978.316: [GC (Allocation Failure) 2016-10-23T22:32:39.292+0800: 1978.316: [ParNew
Desired survivor size 20112992 bytes, new threshold 8 (max 8)
- age   1:    4820536 bytes,    4820536 total
- age   2:    2057008 bytes,    6877544 total
- age   3:    1459624 bytes,    8337168 total
- age   4:    5334472 bytes,   13671640 total
- age   5:    2231976 bytes,   15903616 total
- age   6:    2364256 bytes,   18267872 total
- age   7:    1231928 bytes,   19499800 total
- age   8:     665632 bytes,   20165432 total
: 109248K->21824K(109248K), 0.0095928 secs] 191950K->106048K(502464K), 0.0096594 secs] [Times: user=0.03 sys=0.00, real=0.01 secs] 
Heap after GC invocations=379 (full 8):
 par new generation   total 109248K, used 21824K [0x00000007a0000000, 0x00000007a8000000, 0x00000007a8000000)
  eden space 87424K,   0% used [0x00000007a0000000, 0x00000007a0000000, 0x00000007a5560000)
  from space 21824K, 100% used [0x00000007a6ab0000, 0x00000007a8000000, 0x00000007a8000000)
  to   space 21824K,   0% used [0x00000007a5560000, 0x00000007a5560000, 0x00000007a6ab0000)
 concurrent mark-sweep generation total 393216K, used 84224K [0x00000007a8000000, 0x00000007c0000000, 0x00000007c0000000)
 Metaspace       used 40766K, capacity 41512K, committed 41844K, reserved 1085440K
  class space    used 4663K, capacity 4865K, committed 4988K, reserved 1048576K
}
2016-10-23T22:32:39.302+0800: 1978.326: Total time for which application threads were stopped: 0.0098924 seconds, Stopping threads took: 0.0000616 seconds
{Heap before GC invocations=379 (full 8):
 par new generation   total 109248K, used 109248K [0x00000007a0000000, 0x00000007a8000000, 0x00000007a8000000)
  eden space 87424K, 100% used [0x00000007a0000000, 0x00000007a5560000, 0x00000007a5560000)
  from space 21824K, 100% used [0x00000007a6ab0000, 0x00000007a8000000, 0x00000007a8000000)
  to   space 21824K,   0% used [0x00000007a5560000, 0x00000007a5560000, 0x00000007a6ab0000)
 concurrent mark-sweep generation total 393216K, used 84224K [0x00000007a8000000, 0x00000007c0000000, 0x00000007c0000000)
 Metaspace       used 40766K, capacity 41512K, committed 41844K, reserved 1085440K
  class space    used 4663K, capacity 4865K, committed 4988K, reserved 1048576K
2016-10-23T22:32:39.394+0800: 1978.418: [GC (Allocation Failure) 2016-10-23T22:32:39.394+0800: 1978.418: [ParNew
Desired survivor size 20112992 bytes, new threshold 7 (max 8)
- age   1:    4612784 bytes,    4612784 total
- age   2:    3021768 bytes,    7634552 total
- age   3:    1727168 bytes,    9361720 total
- age   4:    1321096 bytes,   10682816 total
- age   5:    5245240 bytes,   15928056 total
- age   6:    2228880 bytes,   18156936 total
- age   7:    2330480 bytes,   20487416 total
- age   8:    1229848 bytes,   21717264 total
: 109248K->21824K(109248K), 0.0105483 secs] 193472K->107900K(502464K), 0.0106085 secs] [Times: user=0.04 sys=0.00, real=0.01 secs] 
Heap after GC invocations=380 (full 8):
 par new generation   total 109248K, used 21824K [0x00000007a0000000, 0x00000007a8000000, 0x00000007a8000000)
  eden space 87424K,   0% used [0x00000007a0000000, 0x00000007a0000000, 0x00000007a5560000)
  from space 21824K, 100% used [0x00000007a5560000, 0x00000007a6ab0000, 0x00000007a6ab0000)
  to   space 21824K,   0% used [0x00000007a6ab0000, 0x00000007a6ab0000, 0x00000007a8000000)
 concurrent mark-sweep generation total 393216K, used 86076K [0x00000007a8000000, 0x00000007c0000000, 0x00000007c0000000)
 Metaspace       used 40766K, capacity 41512K, committed 41844K, reserved 1085440K
  class space    used 4663K, capacity 4865K, committed 4988K, reserved 1048576K
}
2016-10-23T22:32:39.405+0800: 1978.429: Total time for which application threads were stopped: 0.0108385 seconds, Stopping threads took: 0.0000608 seconds
{Heap before GC invocations=380 (full 8):
 par new generation   total 109248K, used 109248K [0x00000007a0000000, 0x00000007a8000000, 0x00000007a8000000)
  eden space 87424K, 100% used [0x00000007a0000000, 0x00000007a5560000, 0x00000007a5560000)
  from space 21824K, 100% used [0x00000007a5560000, 0x00000007a6ab0000, 0x00000007a6ab0000)
  to   space 21824K,   0% used [0x00000007a6ab0000, 0x00000007a6ab0000, 0x00000007a8000000)
 concurrent mark-sweep generation total 393216K, used 86076K [0x00000007a8000000, 0x00000007c0000000, 0x00000007c0000000)
 Metaspace       used 40766K, capacity 41512K, committed 41844K, reserved 1085440K
  class space    used 4663K, capacity 4865K, committed 4988K, reserved 1048576K
2016-10-23T22:32:39.463+0800: 1978.487: [GC (Allocation Failure) 2016-10-23T22:32:39.463+0800: 1978.487: [ParNew
Desired survivor size 20112992 bytes, new threshold 8 (max 8)
- age   1:    3146984 bytes,    3146984 total
- age   2:    3390584 bytes,    6537568 total
- age   3:    2693240 bytes,    9230808 total
- age   4:    1656672 bytes,   10887480 total
- age   5:    1257272 bytes,   12144752 total
- age   6:    5237928 bytes,   17382680 total
- age   7:    2228832 bytes,   19611512 total
: 109248K->21824K(109248K), 0.0100551 secs] 195324K->112159K(502464K), 0.0101304 secs] [Times: user=0.03 sys=0.00, real=0.01 secs] 
Heap after GC invocations=381 (full 8):
 par new generation   total 109248K, used 21824K [0x00000007a0000000, 0x00000007a8000000, 0x00000007a8000000)
  eden space 87424K,   0% used [0x00000007a0000000, 0x00000007a0000000, 0x00000007a5560000)
  from space 21824K, 100% used [0x00000007a6ab0000, 0x00000007a8000000, 0x00000007a8000000)
  to   space 21824K,   0% used [0x00000007a5560000, 0x00000007a5560000, 0x00000007a6ab0000)
 concurrent mark-sweep generation total 393216K, used 90335K [0x00000007a8000000, 0x00000007c0000000, 0x00000007c0000000)
 Metaspace       used 40766K, capacity 41512K, committed 41844K, reserved 1085440K
  class space    used 4663K, capacity 4865K, committed 4988K, reserved 1048576K
}
2016-10-23T22:32:39.473+0800: 1978.497: Total time for which application threads were stopped: 0.0103775 seconds, Stopping threads took: 0.0000856 seconds
{Heap before GC invocations=381 (full 8):
 par new generation   total 109248K, used 109248K [0x00000007a0000000, 0x00000007a8000000, 0x00000007a8000000)
  eden space 87424K, 100% used [0x00000007a0000000, 0x00000007a5560000, 0x00000007a5560000)
  from space 21824K, 100% used [0x00000007a6ab0000, 0x00000007a8000000, 0x00000007a8000000)
  to   space 21824K,   0% used [0x00000007a5560000, 0x00000007a5560000, 0x00000007a6ab0000)
 concurrent mark-sweep generation total 393216K, used 90335K [0x00000007a8000000, 0x00000007c0000000, 0x00000007c0000000)
 Metaspace       used 40766K, capacity 41512K, committed 41844K, reserved 1085440K
  class space    used 4663K, capacity 4865K, committed 4988K, reserved 1048576K
2016-10-23T22:32:39.525+0800: 1978.548: [GC (Allocation Failure) 2016-10-23T22:32:39.525+0800: 1978.549: [ParNew
Desired survivor size 20112992 bytes, new threshold 8 (max 8)
- age   1:    3253264 bytes,    3253264 total
- age   2:    1939336 bytes,    5192600 total
- age   3:    3145824 bytes,    8338424 total
- age   4:    2662280 bytes,   11000704 total
- age   5:    1646856 bytes,   12647560 total
- age   6:    1243976 bytes,   13891536 total
- age   7:    5277152 bytes,   19168688 total
- age   8:    2228808 bytes,   21397496 total
: 109248K->21824K(109248K), 0.0087015 secs] 199583K->112281K(502464K), 0.0087669 secs] [Times: user=0.04 sys=0.00, real=0.01 secs] 
Heap after GC invocations=382 (full 8):
 par new generation   total 109248K, used 21824K [0x00000007a0000000, 0x00000007a8000000, 0x00000007a8000000)
  eden space 87424K,   0% used [0x00000007a0000000, 0x00000007a0000000, 0x00000007a5560000)
  from space 21824K, 100% used [0x00000007a5560000, 0x00000007a6ab0000, 0x00000007a6ab0000)
  to   space 21824K,   0% used [0x00000007a6ab0000, 0x00000007a6ab0000, 0x00000007a8000000)
 concurrent mark-sweep generation total 393216K, used 90457K [0x00000007a8000000, 0x00000007c0000000, 0x00000007c0000000)
 Metaspace       used 40766K, capacity 41512K, committed 41844K, reserved 1085440K
  class space    used 4663K, capacity 4865K, committed 4988K, reserved 1048576K
}
2016-10-23T22:32:39.533+0800: 1978.557: Total time for which application threads were stopped: 0.0090251 seconds, Stopping threads took: 0.0000888 seconds
{Heap before GC invocations=382 (full 8):
 par new generation   total 109248K, used 109248K [0x00000007a0000000, 0x00000007a8000000, 0x00000007a8000000)
  eden space 87424K, 100% used [0x00000007a0000000, 0x00000007a5560000, 0x00000007a5560000)
  from space 21824K, 100% used [0x00000007a5560000, 0x00000007a6ab0000, 0x00000007a6ab0000)
  to   space 21824K,   0% used [0x00000007a6ab0000, 0x00000007a6ab0000, 0x00000007a8000000)
 concurrent mark-sweep generation total 393216K, used 90457K [0x00000007a8000000, 0x00000007c0000000, 0x00000007c0000000)
 Metaspace       used 40766K, capacity 41512K, committed 41844K, reserved 1085440K
  class space    used 4663K, capacity 4865K, committed 4988K, reserved 1048576K
2016-10-23T22:32:39.593+0800: 1978.616: [GC (Allocation Failure) 2016-10-23T22:32:39.593+0800: 1978.616: [ParNew
Desired survivor size 20112992 bytes, new threshold 8 (max 8)
- age   1:    3757736 bytes,    3757736 total
- age   2:    1522904 bytes,    5280640 total
- age   3:    1649752 bytes,    6930392 total
- age   4:    2957224 bytes,    9887616 total
- age   5:    2519504 bytes,   12407120 total
- age   6:    1479080 bytes,   13886200 total
- age   7:    1190360 bytes,   15076560 total
- age   8:    5231064 bytes,   20307624 total
: 109248K->21824K(109248K), 0.0096589 secs] 199705K->115568K(502464K), 0.0097319 secs] [Times: user=0.03 sys=0.00, real=0.01 secs] 
Heap after GC invocations=383 (full 8):
 par new generation   total 109248K, used 21824K [0x00000007a0000000, 0x00000007a8000000, 0x00000007a8000000)
  eden space 87424K,   0% used [0x00000007a0000000, 0x00000007a0000000, 0x00000007a5560000)
  from space 21824K, 100% used [0x00000007a6ab0000, 0x00000007a8000000, 0x00000007a8000000)
  to   space 21824K,   0% used [0x00000007a5560000, 0x00000007a5560000, 0x00000007a6ab0000)
 concurrent mark-sweep generation total 393216K, used 93744K [0x00000007a8000000, 0x00000007c0000000, 0x00000007c0000000)
 Metaspace       used 40766K, capacity 41512K, committed 41844K, reserved 1085440K
  class space    used 4663K, capacity 4865K, committed 4988K, reserved 1048576K
}
2016-10-23T22:32:39.602+0800: 1978.626: Total time for which application threads were stopped: 0.0099661 seconds, Stopping threads took: 0.0000661 seconds
{Heap before GC invocations=383 (full 8):
 par new generation   total 109248K, used 109234K [0x00000007a0000000, 0x00000007a8000000, 0x00000007a8000000)
  eden space 87424K,  99% used [0x00000007a0000000, 0x00000007a555cae0, 0x00000007a5560000)
  from space 21824K, 100% used [0x00000007a6ab0000, 0x00000007a8000000, 0x00000007a8000000)
  to   space 21824K,   0% used [0x00000007a5560000, 0x00000007a5560000, 0x00000007a6ab0000)
 concurrent mark-sweep generation total 393216K, used 93744K [0x00000007a8000000, 0x00000007c0000000, 0x00000007c0000000)
 Metaspace       used 40766K, capacity 41512K, committed 41844K, reserved 1085440K
  class space    used 4663K, capacity 4865K, committed 4988K, reserved 1048576K
2016-10-23T22:32:39.655+0800: 1978.679: [GC (Allocation Failure) 2016-10-23T22:32:39.655+0800: 1978.679: [ParNew
Desired survivor size 20112992 bytes, new threshold 8 (max 8)
- age   1:    4380920 bytes,    4380920 total
- age   2:    2043208 bytes,    6424128 total
- age   3:    1513352 bytes,    7937480 total
- age   4:    1646208 bytes,    9583688 total
- age   5:    2563912 bytes,   12147600 total
- age   6:    2518576 bytes,   14666176 total
- age   7:    1479080 bytes,   16145256 total
- age   8:    1190360 bytes,   17335616 total
: 109234K->21824K(109248K), 0.0101852 secs] 202979K->120700K(502464K), 0.0102408 secs] [Times: user=0.03 sys=0.00, real=0.01 secs] 
Heap after GC invocations=384 (full 8):
 par new generation   total 109248K, used 21824K [0x00000007a0000000, 0x00000007a8000000, 0x00000007a8000000)
  eden space 87424K,   0% used [0x00000007a0000000, 0x00000007a0000000, 0x00000007a5560000)
  from space 21824K, 100% used [0x00000007a5560000, 0x00000007a6ab0000, 0x00000007a6ab0000)
  to   space 21824K,   0% used [0x00000007a6ab0000, 0x00000007a6ab0000, 0x00000007a8000000)
 concurrent mark-sweep generation total 393216K, used 98876K [0x00000007a8000000, 0x00000007c0000000, 0x00000007c0000000)
 Metaspace       used 40766K, capacity 41512K, committed 41844K, reserved 1085440K
  class space    used 4663K, capacity 4865K, committed 4988K, reserved 1048576K
}
2016-10-23T22:32:39.665+0800: 1978.689: Total time for which application threads were stopped: 0.0105214 seconds, Stopping threads took: 0.0001037 seconds
{Heap before GC invocations=384 (full 8):
 par new generation   total 109248K, used 109248K [0x00000007a0000000, 0x00000007a8000000, 0x00000007a8000000)
  eden space 87424K, 100% used [0x00000007a0000000, 0x00000007a5560000, 0x00000007a5560000)
  from space 21824K, 100% used [0x00000007a5560000, 0x00000007a6ab0000, 0x00000007a6ab0000)
  to   space 21824K,   0% used [0x00000007a6ab0000, 0x00000007a6ab0000, 0x00000007a8000000)
 concurrent mark-sweep generation total 393216K, used 98876K [0x00000007a8000000, 0x00000007c0000000, 0x00000007c0000000)
 Metaspace       used 40766K, capacity 41512K, committed 41844K, reserved 1085440K
  class space    used 4663K, capacity 4865K, committed 4988K, reserved 1048576K
2016-10-23T22:32:39.707+0800: 1978.731: [GC (Allocation Failure) 2016-10-23T22:32:39.707+0800: 1978.731: [ParNew
Desired survivor size 20112992 bytes, new threshold 8 (max 8)
- age   1:    3200008 bytes,    3200008 total
- age   2:    3036144 bytes,    6236152 total
- age   3:    1954016 bytes,    8190168 total
- age   4:    1512696 bytes,    9702864 total
- age   5:    1471696 bytes,   11174560 total
- age   6:    2564152 bytes,   13738712 total
- age   7:    2517224 bytes,   16255936 total
- age   8:    1478896 bytes,   17734832 total
: 109248K->21824K(109248K), 0.0093792 secs] 208124K->121905K(502464K), 0.0094524 secs] [Times: user=0.04 sys=0.00, real=0.01 secs] 
Heap after GC invocations=385 (full 8):
 par new generation   total 109248K, used 21824K [0x00000007a0000000, 0x00000007a8000000, 0x00000007a8000000)
  eden space 87424K,   0% used [0x00000007a0000000, 0x00000007a0000000, 0x00000007a5560000)
  from space 21824K, 100% used [0x00000007a6ab0000, 0x00000007a8000000, 0x00000007a8000000)
  to   space 21824K,   0% used [0x00000007a5560000, 0x00000007a5560000, 0x00000007a6ab0000)
 concurrent mark-sweep generation total 393216K, used 100081K [0x00000007a8000000, 0x00000007c0000000, 0x00000007c0000000)
 Metaspace       used 40766K, capacity 41512K, committed 41844K, reserved 1085440K
  class space    used 4663K, capacity 4865K, committed 4988K, reserved 1048576K
}
2016-10-23T22:32:39.717+0800: 1978.741: Total time for which application threads were stopped: 0.0097167 seconds, Stopping threads took: 0.0000735 seconds
{Heap before GC invocations=385 (full 8):
 par new generation   total 109248K, used 109171K [0x00000007a0000000, 0x00000007a8000000, 0x00000007a8000000)
  eden space 87424K,  99% used [0x00000007a0000000, 0x00000007a554cc28, 0x00000007a5560000)
  from space 21824K, 100% used [0x00000007a6ab0000, 0x00000007a8000000, 0x00000007a8000000)
  to   space 21824K,   0% used [0x00000007a5560000, 0x00000007a5560000, 0x00000007a6ab0000)
 concurrent mark-sweep generation total 393216K, used 100081K [0x00000007a8000000, 0x00000007c0000000, 0x00000007c0000000)
 Metaspace       used 40766K, capacity 41512K, committed 41844K, reserved 1085440K
  class space    used 4663K, capacity 4865K, committed 4988K, reserved 1048576K
2016-10-23T22:32:39.790+0800: 1978.814: [GC (Allocation Failure) 2016-10-23T22:32:39.790+0800: 1978.814: [ParNew
Desired survivor size 20112992 bytes, new threshold 8 (max 8)
- age   1:    4984968 bytes,    4984968 total
- age   2:    2286824 bytes,    7271792 total
- age   3:    2179896 bytes,    9451688 total
- age   4:    1743128 bytes,   11194816 total
- age   5:    1424248 bytes,   12619064 total
- age   6:    1336608 bytes,   13955672 total
- age   7:    2038352 bytes,   15994024 total
- age   8:    2387584 bytes,   18381608 total
: 109171K->21824K(109248K), 0.0099473 secs] 209252K->123997K(502464K), 0.0100154 secs] [Times: user=0.03 sys=0.00, real=0.01 secs] 
Heap after GC invocations=386 (full 8):
 par new generation   total 109248K, used 21824K [0x00000007a0000000, 0x00000007a8000000, 0x00000007a8000000)
  eden space 87424K,   0% used [0x00000007a0000000, 0x00000007a0000000, 0x00000007a5560000)
  from space 21824K, 100% used [0x00000007a5560000, 0x00000007a6ab0000, 0x00000007a6ab0000)
  to   space 21824K,   0% used [0x00000007a6ab0000, 0x00000007a6ab0000, 0x00000007a8000000)
 concurrent mark-sweep generation total 393216K, used 102173K [0x00000007a8000000, 0x00000007c0000000, 0x00000007c0000000)
 Metaspace       used 40766K, capacity 41512K, committed 41844K, reserved 1085440K
  class space    used 4663K, capacity 4865K, committed 4988K, reserved 1048576K
}
2016-10-23T22:32:39.800+0800: 1978.824: Total time for which application threads were stopped: 0.0103459 seconds, Stopping threads took: 0.0000956 seconds
{Heap before GC invocations=386 (full 8):
 par new generation   total 109248K, used 109248K [0x00000007a0000000, 0x00000007a8000000, 0x00000007a8000000)
  eden space 87424K, 100% used [0x00000007a0000000, 0x00000007a5560000, 0x00000007a5560000)
  from space 21824K, 100% used [0x00000007a5560000, 0x00000007a6ab0000, 0x00000007a6ab0000)
  to   space 21824K,   0% used [0x00000007a6ab0000, 0x00000007a6ab0000, 0x00000007a8000000)
 concurrent mark-sweep generation total 393216K, used 102173K [0x00000007a8000000, 0x00000007c0000000, 0x00000007c0000000)
 Metaspace       used 40766K, capacity 41512K, committed 41844K, reserved 1085440K
  class space    used 4663K, capacity 4865K, committed 4988K, reserved 1048576K
2016-10-23T22:32:39.931+0800: 1978.954: [GC (Allocation Failure) 2016-10-23T22:32:39.931+0800: 1978.954: [ParNew
Desired survivor size 20112992 bytes, new threshold 8 (max 8)
- age   1:    4404024 bytes,    4404024 total
- age   2:    4392640 bytes,    8796664 total
- age   3:    1596672 bytes,   10393336 total
- age   4:    2050680 bytes,   12444016 total
- age   5:    1595240 bytes,   14039256 total
- age   6:    1296728 bytes,   15335984 total
- age   7:    1197704 bytes,   16533688 total
- age   8:    1945816 bytes,   18479504 total
: 109248K->21824K(109248K), 0.0115265 secs] 211421K->127268K(502464K), 0.0115779 secs] [Times: user=0.04 sys=0.00, real=0.01 secs] 
Heap after GC invocations=387 (full 8):
 par new generation   total 109248K, used 21824K [0x00000007a0000000, 0x00000007a8000000, 0x00000007a8000000)
  eden space 87424K,   0% used [0x00000007a0000000, 0x00000007a0000000, 0x00000007a5560000)
  from space 21824K, 100% used [0x00000007a6ab0000, 0x00000007a8000000, 0x00000007a8000000)
  to   space 21824K,   0% used [0x00000007a5560000, 0x00000007a5560000, 0x00000007a6ab0000)
 concurrent mark-sweep generation total 393216K, used 105444K [0x00000007a8000000, 0x00000007c0000000, 0x00000007c0000000)
 Metaspace       used 40766K, capacity 41512K, committed 41844K, reserved 1085440K
  class space    used 4663K, capacity 4865K, committed 4988K, reserved 1048576K
}
2016-10-23T22:32:39.942+0800: 1978.966: Total time for which application threads were stopped: 0.0118694 seconds, Stopping threads took: 0.0001079 seconds
{Heap before GC invocations=387 (full 8):
 par new generation   total 109248K, used 109248K [0x00000007a0000000, 0x00000007a8000000, 0x00000007a8000000)
  eden space 87424K, 100% used [0x00000007a0000000, 0x00000007a5560000, 0x00000007a5560000)
  from space 21824K, 100% used [0x00000007a6ab0000, 0x00000007a8000000, 0x00000007a8000000)
  to   space 21824K,   0% used [0x00000007a5560000, 0x00000007a5560000, 0x00000007a6ab0000)
 concurrent mark-sweep generation total 393216K, used 105444K [0x00000007a8000000, 0x00000007c0000000, 0x00000007c0000000)
 Metaspace       used 40766K, capacity 41512K, committed 41844K, reserved 1085440K
  class space    used 4663K, capacity 4865K, committed 4988K, reserved 1048576K
2016-10-23T22:32:39.975+0800: 1978.999: [GC (Allocation Failure) 2016-10-23T22:32:39.975+0800: 1978.999: [ParNew
Desired survivor size 20112992 bytes, new threshold 8 (max 8)
- age   1:    1177960 bytes,    1177960 total
- age   2:    4040120 bytes,    5218080 total
- age   3:    4376160 bytes,    9594240 total
- age   4:    1595112 bytes,   11189352 total
- age   5:    2048640 bytes,   13237992 total
- age   6:    1592504 bytes,   14830496 total
- age   7:    1294808 bytes,   16125304 total
- age   8:    1195448 bytes,   17320752 total
: 109248K->21824K(109248K), 0.0102564 secs] 214692K->129214K(502464K), 0.0103087 secs] [Times: user=0.04 sys=0.00, real=0.01 secs] 
Heap after GC invocations=388 (full 8):
 par new generation   total 109248K, used 21824K [0x00000007a0000000, 0x00000007a8000000, 0x00000007a8000000)
  eden space 87424K,   0% used [0x00000007a0000000, 0x00000007a0000000, 0x00000007a5560000)
  from space 21824K, 100% used [0x00000007a5560000, 0x00000007a6ab0000, 0x00000007a6ab0000)
  to   space 21824K,   0% used [0x00000007a6ab0000, 0x00000007a6ab0000, 0x00000007a8000000)
 concurrent mark-sweep generation total 393216K, used 107390K [0x00000007a8000000, 0x00000007c0000000, 0x00000007c0000000)
 Metaspace       used 40766K, capacity 41512K, committed 41844K, reserved 1085440K
  class space    used 4663K, capacity 4865K, committed 4988K, reserved 1048576K
}
2016-10-23T22:32:39.986+0800: 1979.009: Total time for which application threads were stopped: 0.0105753 seconds, Stopping threads took: 0.0000933 seconds
{Heap before GC invocations=388 (full 8):
 par new generation   total 109248K, used 109248K [0x00000007a0000000, 0x00000007a8000000, 0x00000007a8000000)
  eden space 87424K, 100% used [0x00000007a0000000, 0x00000007a5560000, 0x00000007a5560000)
  from space 21824K, 100% used [0x00000007a5560000, 0x00000007a6ab0000, 0x00000007a6ab0000)
  to   space 21824K,   0% used [0x00000007a6ab0000, 0x00000007a6ab0000, 0x00000007a8000000)
 concurrent mark-sweep generation total 393216K, used 107390K [0x00000007a8000000, 0x00000007c0000000, 0x00000007c0000000)
 Metaspace       used 40767K, capacity 41512K, committed 41844K, reserved 1085440K
  class space    used 4663K, capacity 4865K, committed 4988K, reserved 1048576K
2016-10-23T22:32:40.105+0800: 1979.128: [GC (Allocation Failure) 2016-10-23T22:32:40.105+0800: 1979.128: [ParNew
Desired survivor size 20112992 bytes, new threshold 8 (max 8)
- age   1:    4455648 bytes,    4455648 total
- age   2:     557344 bytes,    5012992 total
- age   3:    3424872 bytes,    8437864 total
- age   4:    4153456 bytes,   12591320 total
- age   5:    1473016 bytes,   14064336 total
- age   6:    1889704 bytes,   15954040 total
- age   7:    1433496 bytes,   17387536 total
- age   8:    1163888 bytes,   18551424 total
: 109248K->21824K(109248K), 0.0096125 secs] 216638K->130813K(502464K), 0.0096889 secs] [Times: user=0.04 sys=0.00, real=0.01 secs] 
Heap after GC invocations=389 (full 8):
 par new generation   total 109248K, used 21824K [0x00000007a0000000, 0x00000007a8000000, 0x00000007a8000000)
  eden space 87424K,   0% used [0x00000007a0000000, 0x00000007a0000000, 0x00000007a5560000)
  from space 21824K, 100% used [0x00000007a6ab0000, 0x00000007a8000000, 0x00000007a8000000)
  to   space 21824K,   0% used [0x00000007a5560000, 0x00000007a5560000, 0x00000007a6ab0000)
 concurrent mark-sweep generation total 393216K, used 108989K [0x00000007a8000000, 0x00000007c0000000, 0x00000007c0000000)
 Metaspace       used 40767K, capacity 41512K, committed 41844K, reserved 1085440K
  class space    used 4663K, capacity 4865K, committed 4988K, reserved 1048576K
}
2016-10-23T22:32:40.114+0800: 1979.138: Total time for which application threads were stopped: 0.0100286 seconds, Stopping threads took: 0.0001083 seconds
{Heap before GC invocations=389 (full 8):
 par new generation   total 109248K, used 109248K [0x00000007a0000000, 0x00000007a8000000, 0x00000007a8000000)
  eden space 87424K, 100% used [0x00000007a0000000, 0x00000007a5560000, 0x00000007a5560000)
  from space 21824K, 100% used [0x00000007a6ab0000, 0x00000007a8000000, 0x00000007a8000000)
  to   space 21824K,   0% used [0x00000007a5560000, 0x00000007a5560000, 0x00000007a6ab0000)
 concurrent mark-sweep generation total 393216K, used 108989K [0x00000007a8000000, 0x00000007c0000000, 0x00000007c0000000)
 Metaspace       used 40767K, capacity 41512K, committed 41844K, reserved 1085440K
  class space    used 4663K, capacity 4865K, committed 4988K, reserved 1048576K
2016-10-23T22:32:40.227+0800: 1979.251: [GC (Allocation Failure) 2016-10-23T22:32:40.227+0800: 1979.251: [ParNew
Desired survivor size 20112992 bytes, new threshold 8 (max 8)
- age   1:    4766528 bytes,    4766528 total
- age   2:    2733536 bytes,    7500064 total
- age   3:     381904 bytes,    7881968 total
- age   4:    3158384 bytes,   11040352 total
- age   5:    4234976 bytes,   15275328 total
- age   6:    1472952 bytes,   16748280 total
- age   7:    1889656 bytes,   18637936 total
- age   8:    1433464 bytes,   20071400 total
: 109248K->21824K(109248K), 0.0115219 secs] 218237K->134003K(502464K), 0.0115918 secs] [Times: user=0.04 sys=0.00, real=0.01 secs] 
Heap after GC invocations=390 (full 8):
 par new generation   total 109248K, used 21824K [0x00000007a0000000, 0x00000007a8000000, 0x00000007a8000000)
  eden space 87424K,   0% used [0x00000007a0000000, 0x00000007a0000000, 0x00000007a5560000)
  from space 21824K, 100% used [0x00000007a5560000, 0x00000007a6ab0000, 0x00000007a6ab0000)
  to   space 21824K,   0% used [0x00000007a6ab0000, 0x00000007a6ab0000, 0x00000007a8000000)
 concurrent mark-sweep generation total 393216K, used 112179K [0x00000007a8000000, 0x00000007c0000000, 0x00000007c0000000)
 Metaspace       used 40767K, capacity 41512K, committed 41844K, reserved 1085440K
  class space    used 4663K, capacity 4865K, committed 4988K, reserved 1048576K
}
2016-10-23T22:32:40.239+0800: 1979.262: Total time for which application threads were stopped: 0.0118920 seconds, Stopping threads took: 0.0001071 seconds
{Heap before GC invocations=390 (full 8):
 par new generation   total 109248K, used 109248K [0x00000007a0000000, 0x00000007a8000000, 0x00000007a8000000)
  eden space 87424K, 100% used [0x00000007a0000000, 0x00000007a5560000, 0x00000007a5560000)
  from space 21824K, 100% used [0x00000007a5560000, 0x00000007a6ab0000, 0x00000007a6ab0000)
  to   space 21824K,   0% used [0x00000007a6ab0000, 0x00000007a6ab0000, 0x00000007a8000000)
 concurrent mark-sweep generation total 393216K, used 112179K [0x00000007a8000000, 0x00000007c0000000, 0x00000007c0000000)
 Metaspace       used 40767K, capacity 41512K, committed 41844K, reserved 1085440K
  class space    used 4663K, capacity 4865K, committed 4988K, reserved 1048576K
2016-10-23T22:32:40.320+0800: 1979.344: [GC (Allocation Failure) 2016-10-23T22:32:40.320+0800: 1979.344: [ParNew
Desired survivor size 20112992 bytes, new threshold 8 (max 8)
- age   1:    3577264 bytes,    3577264 total
- age   2:    3017032 bytes,    6594296 total
- age   3:    2507208 bytes,    9101504 total
- age   4:     367656 bytes,    9469160 total
- age   5:    2705664 bytes,   12174824 total
- age   6:    4153440 bytes,   16328264 total
- age   7:    1472952 bytes,   17801216 total
- age   8:    1889656 bytes,   19690872 total
: 109248K->21824K(109248K), 0.0116181 secs] 221427K->137361K(502464K), 0.0116940 secs] [Times: user=0.05 sys=0.01, real=0.01 secs] 
Heap after GC invocations=391 (full 8):
 par new generation   total 109248K, used 21824K [0x00000007a0000000, 0x00000007a8000000, 0x00000007a8000000)
  eden space 87424K,   0% used [0x00000007a0000000, 0x00000007a0000000, 0x00000007a5560000)
  from space 21824K, 100% used [0x00000007a6ab0000, 0x00000007a8000000, 0x00000007a8000000)
  to   space 21824K,   0% used [0x00000007a5560000, 0x00000007a5560000, 0x00000007a6ab0000)
 concurrent mark-sweep generation total 393216K, used 115537K [0x00000007a8000000, 0x00000007c0000000, 0x00000007c0000000)
 Metaspace       used 40767K, capacity 41512K, committed 41844K, reserved 1085440K
  class space    used 4663K, capacity 4865K, committed 4988K, reserved 1048576K
}
2016-10-23T22:32:40.332+0800: 1979.356: Total time for which application threads were stopped: 0.0119750 seconds, Stopping threads took: 0.0000856 seconds
{Heap before GC invocations=391 (full 8):
 par new generation   total 109248K, used 109248K [0x00000007a0000000, 0x00000007a8000000, 0x00000007a8000000)
  eden space 87424K, 100% used [0x00000007a0000000, 0x00000007a5560000, 0x00000007a5560000)
  from space 21824K, 100% used [0x00000007a6ab0000, 0x00000007a8000000, 0x00000007a8000000)
  to   space 21824K,   0% used [0x00000007a5560000, 0x00000007a5560000, 0x00000007a6ab0000)
 concurrent mark-sweep generation total 393216K, used 115537K [0x00000007a8000000, 0x00000007c0000000, 0x00000007c0000000)
 Metaspace       used 40767K, capacity 41512K, committed 41844K, reserved 1085440K
  class space    used 4663K, capacity 4865K, committed 4988K, reserved 1048576K
2016-10-23T22:32:40.423+0800: 1979.447: [GC (Allocation Failure) 2016-10-23T22:32:40.423+0800: 1979.447: [ParNew
Desired survivor size 20112992 bytes, new threshold 8 (max 8)
- age   1:    3926344 bytes,    3926344 total
- age   2:    2299640 bytes,    6225984 total
- age   3:    2780184 bytes,    9006168 total
- age   4:    2300416 bytes,   11306584 total
- age   5:     360256 bytes,   11666840 total
- age   6:    2540088 bytes,   14206928 total
- age   7:    4146912 bytes,   18353840 total
- age   8:    1207288 bytes,   19561128 total
: 109248K->21824K(109248K), 0.0114779 secs] 224785K->141525K(502464K), 0.0115599 secs] [Times: user=0.04 sys=0.00, real=0.01 secs] 
Heap after GC invocations=392 (full 8):
 par new generation   total 109248K, used 21824K [0x00000007a0000000, 0x00000007a8000000, 0x00000007a8000000)
  eden space 87424K,   0% used [0x00000007a0000000, 0x00000007a0000000, 0x00000007a5560000)
  from space 21824K, 100% used [0x00000007a5560000, 0x00000007a6ab0000, 0x00000007a6ab0000)
  to   space 21824K,   0% used [0x00000007a6ab0000, 0x00000007a6ab0000, 0x00000007a8000000)
 concurrent mark-sweep generation total 393216K, used 119701K [0x00000007a8000000, 0x00000007c0000000, 0x00000007c0000000)
 Metaspace       used 40767K, capacity 41512K, committed 41844K, reserved 1085440K
  class space    used 4663K, capacity 4865K, committed 4988K, reserved 1048576K
}
2016-10-23T22:32:40.435+0800: 1979.459: Total time for which application threads were stopped: 0.0118643 seconds, Stopping threads took: 0.0001126 seconds
{Heap before GC invocations=392 (full 8):
 par new generation   total 109248K, used 109248K [0x00000007a0000000, 0x00000007a8000000, 0x00000007a8000000)
  eden space 87424K, 100% used [0x00000007a0000000, 0x00000007a5560000, 0x00000007a5560000)
  from space 21824K, 100% used [0x00000007a5560000, 0x00000007a6ab0000, 0x00000007a6ab0000)
  to   space 21824K,   0% used [0x00000007a6ab0000, 0x00000007a6ab0000, 0x00000007a8000000)
 concurrent mark-sweep generation total 393216K, used 119701K [0x00000007a8000000, 0x00000007c0000000, 0x00000007c0000000)
 Metaspace       used 40767K, capacity 41512K, committed 41844K, reserved 1085440K
  class space    used 4663K, capacity 4865K, committed 4988K, reserved 1048576K
2016-10-23T22:32:40.556+0800: 1979.580: [GC (Allocation Failure) 2016-10-23T22:32:40.556+0800: 1979.580: [ParNew
Desired survivor size 20112992 bytes, new threshold 8 (max 8)
- age   1:    6003824 bytes,    6003824 total
- age   2:    1912208 bytes,    7916032 total
- age   3:    1692088 bytes,    9608120 total
- age   4:    2022400 bytes,   11630520 total
- age   5:    2075560 bytes,   13706080 total
- age   6:     318896 bytes,   14024976 total
- age   7:    2517944 bytes,   16542920 total
- age   8:    4144120 bytes,   20687040 total
: 109248K->21824K(109248K), 0.0131124 secs] 228949K->145901K(502464K), 0.0131652 secs] [Times: user=0.05 sys=0.01, real=0.02 secs] 
Heap after GC invocations=393 (full 8):
 par new generation   total 109248K, used 21824K [0x00000007a0000000, 0x00000007a8000000, 0x00000007a8000000)
  eden space 87424K,   0% used [0x00000007a0000000, 0x00000007a0000000, 0x00000007a5560000)
  from space 21824K, 100% used [0x00000007a6ab0000, 0x00000007a8000000, 0x00000007a8000000)
  to   space 21824K,   0% used [0x00000007a5560000, 0x00000007a5560000, 0x00000007a6ab0000)
 concurrent mark-sweep generation total 393216K, used 124077K [0x00000007a8000000, 0x00000007c0000000, 0x00000007c0000000)
 Metaspace       used 40767K, capacity 41512K, committed 41844K, reserved 1085440K
  class space    used 4663K, capacity 4865K, committed 4988K, reserved 1048576K
}
2016-10-23T22:32:40.570+0800: 1979.593: Total time for which application threads were stopped: 0.0134695 seconds, Stopping threads took: 0.0000997 seconds
{Heap before GC invocations=393 (full 8):
 par new generation   total 109248K, used 109248K [0x00000007a0000000, 0x00000007a8000000, 0x00000007a8000000)
  eden space 87424K, 100% used [0x00000007a0000000, 0x00000007a5560000, 0x00000007a5560000)
  from space 21824K, 100% used [0x00000007a6ab0000, 0x00000007a8000000, 0x00000007a8000000)
  to   space 21824K,   0% used [0x00000007a5560000, 0x00000007a5560000, 0x00000007a6ab0000)
 concurrent mark-sweep generation total 393216K, used 124077K [0x00000007a8000000, 0x00000007c0000000, 0x00000007c0000000)
 Metaspace       used 40767K, capacity 41512K, committed 41844K, reserved 1085440K
  class space    used 4663K, capacity 4865K, committed 4988K, reserved 1048576K
2016-10-23T22:32:40.669+0800: 1979.693: [GC (Allocation Failure) 2016-10-23T22:32:40.669+0800: 1979.693: [ParNew
Desired survivor size 20112992 bytes, new threshold 8 (max 8)
- age   1:    5139936 bytes,    5139936 total
- age   2:    3524048 bytes,    8663984 total
- age   3:    1881848 bytes,   10545832 total
- age   4:    1668272 bytes,   12214104 total
- age   5:    2001816 bytes,   14215920 total
- age   6:    2055504 bytes,   16271424 total
- age   7:     317472 bytes,   16588896 total
- age   8:    2134328 bytes,   18723224 total
: 109248K->21824K(109248K), 0.0117681 secs] 233325K->151309K(502464K), 0.0118559 secs] [Times: user=0.05 sys=0.00, real=0.02 secs] 
Heap after GC invocations=394 (full 8):
 par new generation   total 109248K, used 21824K [0x00000007a0000000, 0x00000007a8000000, 0x00000007a8000000)
  eden space 87424K,   0% used [0x00000007a0000000, 0x00000007a0000000, 0x00000007a5560000)
  from space 21824K, 100% used [0x00000007a5560000, 0x00000007a6ab0000, 0x00000007a6ab0000)
  to   space 21824K,   0% used [0x00000007a6ab0000, 0x00000007a6ab0000, 0x00000007a8000000)
 concurrent mark-sweep generation total 393216K, used 129485K [0x00000007a8000000, 0x00000007c0000000, 0x00000007c0000000)
 Metaspace       used 40767K, capacity 41512K, committed 41844K, reserved 1085440K
  class space    used 4663K, capacity 4865K, committed 4988K, reserved 1048576K
}
2016-10-23T22:32:40.681+0800: 1979.705: Total time for which application threads were stopped: 0.0121442 seconds, Stopping threads took: 0.0000976 seconds
{Heap before GC invocations=394 (full 8):
 par new generation   total 109248K, used 109248K [0x00000007a0000000, 0x00000007a8000000, 0x00000007a8000000)
  eden space 87424K, 100% used [0x00000007a0000000, 0x00000007a5560000, 0x00000007a5560000)
  from space 21824K, 100% used [0x00000007a5560000, 0x00000007a6ab0000, 0x00000007a6ab0000)
  to   space 21824K,   0% used [0x00000007a6ab0000, 0x00000007a6ab0000, 0x00000007a8000000)
 concurrent mark-sweep generation total 393216K, used 129485K [0x00000007a8000000, 0x00000007c0000000, 0x00000007c0000000)
 Metaspace       used 40767K, capacity 41512K, committed 41844K, reserved 1085440K
  class space    used 4663K, capacity 4865K, committed 4988K, reserved 1048576K
2016-10-23T22:32:40.816+0800: 1979.840: [GC (Allocation Failure) 2016-10-23T22:32:40.816+0800: 1979.840: [ParNew
Desired survivor size 20112992 bytes, new threshold 7 (max 8)
- age   1:    7379992 bytes,    7379992 total
- age   2:    2677640 bytes,   10057632 total
- age   3:    3238568 bytes,   13296200 total
- age   4:    1738832 bytes,   15035032 total
- age   5:    1594824 bytes,   16629856 total
- age   6:    1898856 bytes,   18528712 total
- age   7:    1946040 bytes,   20474752 total
- age   8:     308984 bytes,   20783736 total
: 109248K->21824K(109248K), 0.0131342 secs] 238733K->154638K(502464K), 0.0131966 secs] [Times: user=0.05 sys=0.00, real=0.02 secs] 
Heap after GC invocations=395 (full 8):
 par new generation   total 109248K, used 21824K [0x00000007a0000000, 0x00000007a8000000, 0x00000007a8000000)
  eden space 87424K,   0% used [0x00000007a0000000, 0x00000007a0000000, 0x00000007a5560000)
  from space 21824K, 100% used [0x00000007a6ab0000, 0x00000007a8000000, 0x00000007a8000000)
  to   space 21824K,   0% used [0x00000007a5560000, 0x00000007a5560000, 0x00000007a6ab0000)
 concurrent mark-sweep generation total 393216K, used 132814K [0x00000007a8000000, 0x00000007c0000000, 0x00000007c0000000)
 Metaspace       used 40767K, capacity 41512K, committed 41844K, reserved 1085440K
  class space    used 4663K, capacity 4865K, committed 4988K, reserved 1048576K
}
2016-10-23T22:32:40.830+0800: 1979.854: Total time for which application threads were stopped: 0.0134537 seconds, Stopping threads took: 0.0000548 seconds
{Heap before GC invocations=395 (full 8):
 par new generation   total 109248K, used 109248K [0x00000007a0000000, 0x00000007a8000000, 0x00000007a8000000)
  eden space 87424K, 100% used [0x00000007a0000000, 0x00000007a5560000, 0x00000007a5560000)
  from space 21824K, 100% used [0x00000007a6ab0000, 0x00000007a8000000, 0x00000007a8000000)
  to   space 21824K,   0% used [0x00000007a5560000, 0x00000007a5560000, 0x00000007a6ab0000)
 concurrent mark-sweep generation total 393216K, used 132814K [0x00000007a8000000, 0x00000007c0000000, 0x00000007c0000000)
 Metaspace       used 40778K, capacity 41512K, committed 41844K, reserved 1085440K
  class space    used 4663K, capacity 4865K, committed 4988K, reserved 1048576K
2016-10-23T22:32:40.981+0800: 1980.005: [GC (Allocation Failure) 2016-10-23T22:32:40.981+0800: 1980.005: [ParNew
Desired survivor size 20112992 bytes, new threshold 8 (max 8)
- age   1:    1131896 bytes,    1131896 total
- age   2:    6664488 bytes,    7796384 total
- age   3:    2464256 bytes,   10260640 total
- age   4:    2983912 bytes,   13244552 total
- age   5:    1552056 bytes,   14796608 total
- age   6:    1445224 bytes,   16241832 total
- age   7:    1688832 bytes,   17930664 total
: 109248K->21824K(109248K), 0.0091162 secs] 242062K->157513K(502464K), 0.0091686 secs] [Times: user=0.04 sys=0.01, real=0.01 secs] 
Heap after GC invocations=396 (full 8):
 par new generation   total 109248K, used 21824K [0x00000007a0000000, 0x00000007a8000000, 0x00000007a8000000)
  eden space 87424K,   0% used [0x00000007a0000000, 0x00000007a0000000, 0x00000007a5560000)
  from space 21824K, 100% used [0x00000007a5560000, 0x00000007a6ab0000, 0x00000007a6ab0000)
  to   space 21824K,   0% used [0x00000007a6ab0000, 0x00000007a6ab0000, 0x00000007a8000000)
 concurrent mark-sweep generation total 393216K, used 135689K [0x00000007a8000000, 0x00000007c0000000, 0x00000007c0000000)
 Metaspace       used 40778K, capacity 41512K, committed 41844K, reserved 1085440K
  class space    used 4663K, capacity 4865K, committed 4988K, reserved 1048576K
}
2016-10-23T22:32:40.991+0800: 1980.014: Total time for which application threads were stopped: 0.0094581 seconds, Stopping threads took: 0.0001047 seconds
{Heap before GC invocations=396 (full 8):
 par new generation   total 109248K, used 109248K [0x00000007a0000000, 0x00000007a8000000, 0x00000007a8000000)
  eden space 87424K, 100% used [0x00000007a0000000, 0x00000007a5560000, 0x00000007a5560000)
  from space 21824K, 100% used [0x00000007a5560000, 0x00000007a6ab0000, 0x00000007a6ab0000)
  to   space 21824K,   0% used [0x00000007a6ab0000, 0x00000007a6ab0000, 0x00000007a8000000)
 concurrent mark-sweep generation total 393216K, used 135689K [0x00000007a8000000, 0x00000007c0000000, 0x00000007c0000000)
 Metaspace       used 40778K, capacity 41512K, committed 41844K, reserved 1085440K
  class space    used 4663K, capacity 4865K, committed 4988K, reserved 1048576K
2016-10-23T22:32:41.086+0800: 1980.110: [GC (Allocation Failure) 2016-10-23T22:32:41.086+0800: 1980.110: [ParNew
Desired survivor size 20112992 bytes, new threshold 8 (max 8)
- age   1:    2232376 bytes,    2232376 total
- age   2:     780528 bytes,    3012904 total
- age   3:    6198088 bytes,    9210992 total
- age   4:    2114616 bytes,   11325608 total
- age   5:    2783848 bytes,   14109456 total
- age   6:    1422440 bytes,   15531896 total
- age   7:    1342920 bytes,   16874816 total
- age   8:    1612632 bytes,   18487448 total
: 109248K->21824K(109248K), 0.0085145 secs] 244937K->157861K(502464K), 0.0085825 secs] [Times: user=0.03 sys=0.00, real=0.01 secs] 
Heap after GC invocations=397 (full 8):
 par new generation   total 109248K, used 21824K [0x00000007a0000000, 0x00000007a8000000, 0x00000007a8000000)
  eden space 87424K,   0% used [0x00000007a0000000, 0x00000007a0000000, 0x00000007a5560000)
  from space 21824K, 100% used [0x00000007a6ab0000, 0x00000007a8000000, 0x00000007a8000000)
  to   space 21824K,   0% used [0x00000007a5560000, 0x00000007a5560000, 0x00000007a6ab0000)
 concurrent mark-sweep generation total 393216K, used 136037K [0x00000007a8000000, 0x00000007c0000000, 0x00000007c0000000)
 Metaspace       used 40778K, capacity 41512K, committed 41844K, reserved 1085440K
  class space    used 4663K, capacity 4865K, committed 4988K, reserved 1048576K
}
2016-10-23T22:32:41.095+0800: 1980.119: Total time for which application threads were stopped: 0.0088969 seconds, Stopping threads took: 0.0000929 seconds
{Heap before GC invocations=397 (full 8):
 par new generation   total 109248K, used 109248K [0x00000007a0000000, 0x00000007a8000000, 0x00000007a8000000)
  eden space 87424K, 100% used [0x00000007a0000000, 0x00000007a5560000, 0x00000007a5560000)
  from space 21824K, 100% used [0x00000007a6ab0000, 0x00000007a8000000, 0x00000007a8000000)
  to   space 21824K,   0% used [0x00000007a5560000, 0x00000007a5560000, 0x00000007a6ab0000)
 concurrent mark-sweep generation total 393216K, used 136037K [0x00000007a8000000, 0x00000007c0000000, 0x00000007c0000000)
 Metaspace       used 40778K, capacity 41512K, committed 41844K, reserved 1085440K
  class space    used 4663K, capacity 4865K, committed 4988K, reserved 1048576K
2016-10-23T22:32:41.193+0800: 1980.217: [GC (Allocation Failure) 2016-10-23T22:32:41.193+0800: 1980.217: [ParNew
Desired survivor size 20112992 bytes, new threshold 8 (max 8)
- age   1:    4088080 bytes,    4088080 total
- age   2:    1625104 bytes,    5713184 total
- age   3:     779832 bytes,    6493016 total
- age   4:    6197704 bytes,   12690720 total
- age   5:    2114352 bytes,   14805072 total
- age   6:    2783848 bytes,   17588920 total
- age   7:    1422440 bytes,   19011360 total
- age   8:    1342920 bytes,   20354280 total
: 109248K->21824K(109248K), 0.0103903 secs] 245285K->159757K(502464K), 0.0104417 secs] [Times: user=0.04 sys=0.00, real=0.01 secs] 
Heap after GC invocations=398 (full 8):
 par new generation   total 109248K, used 21824K [0x00000007a0000000, 0x00000007a8000000, 0x00000007a8000000)
  eden space 87424K,   0% used [0x00000007a0000000, 0x00000007a0000000, 0x00000007a5560000)
  from space 21824K, 100% used [0x00000007a5560000, 0x00000007a6ab0000, 0x00000007a6ab0000)
  to   space 21824K,   0% used [0x00000007a6ab0000, 0x00000007a6ab0000, 0x00000007a8000000)
 concurrent mark-sweep generation total 393216K, used 137933K [0x00000007a8000000, 0x00000007c0000000, 0x00000007c0000000)
 Metaspace       used 40778K, capacity 41512K, committed 41844K, reserved 1085440K
  class space    used 4663K, capacity 4865K, committed 4988K, reserved 1048576K
}
2016-10-23T22:32:41.204+0800: 1980.227: Total time for which application threads were stopped: 0.0106711 seconds, Stopping threads took: 0.0000593 seconds
{Heap before GC invocations=398 (full 8):
 par new generation   total 109248K, used 109248K [0x00000007a0000000, 0x00000007a8000000, 0x00000007a8000000)
  eden space 87424K, 100% used [0x00000007a0000000, 0x00000007a5560000, 0x00000007a5560000)
  from space 21824K, 100% used [0x00000007a5560000, 0x00000007a6ab0000, 0x00000007a6ab0000)
  to   space 21824K,   0% used [0x00000007a6ab0000, 0x00000007a6ab0000, 0x00000007a8000000)
 concurrent mark-sweep generation total 393216K, used 137933K [0x00000007a8000000, 0x00000007c0000000, 0x00000007c0000000)
 Metaspace       used 40778K, capacity 41512K, committed 41844K, reserved 1085440K
  class space    used 4663K, capacity 4865K, committed 4988K, reserved 1048576K
2016-10-23T22:32:41.334+0800: 1980.358: [GC (Allocation Failure) 2016-10-23T22:32:41.334+0800: 1980.358: [ParNew
Desired survivor size 20112992 bytes, new threshold 8 (max 8)
- age   1:    4824448 bytes,    4824448 total
- age   2:    2045568 bytes,    6870016 total
- age   3:    1292544 bytes,    8162560 total
- age   4:     770416 bytes,    8932976 total
- age   5:    6185064 bytes,   15118040 total
- age   6:    2098960 bytes,   17217000 total
- age   7:    2781368 bytes,   19998368 total
- age   8:    1420504 bytes,   21418872 total
: 109248K->21824K(109248K), 0.0144768 secs] 247181K->163300K(502464K), 0.0145434 secs] [Times: user=0.05 sys=0.00, real=0.01 secs] 
Heap after GC invocations=399 (full 8):
 par new generation   total 109248K, used 21824K [0x00000007a0000000, 0x00000007a8000000, 0x00000007a8000000)
  eden space 87424K,   0% used [0x00000007a0000000, 0x00000007a0000000, 0x00000007a5560000)
  from space 21824K, 100% used [0x00000007a6ab0000, 0x00000007a8000000, 0x00000007a8000000)
  to   space 21824K,   0% used [0x00000007a5560000, 0x00000007a5560000, 0x00000007a6ab0000)
 concurrent mark-sweep generation total 393216K, used 141476K [0x00000007a8000000, 0x00000007c0000000, 0x00000007c0000000)
 Metaspace       used 40778K, capacity 41512K, committed 41844K, reserved 1085440K
  class space    used 4663K, capacity 4865K, committed 4988K, reserved 1048576K
}
2016-10-23T22:32:41.348+0800: 1980.372: Total time for which application threads were stopped: 0.0147939 seconds, Stopping threads took: 0.0000648 seconds
{Heap before GC invocations=399 (full 8):
 par new generation   total 109248K, used 109248K [0x00000007a0000000, 0x00000007a8000000, 0x00000007a8000000)
  eden space 87424K, 100% used [0x00000007a0000000, 0x00000007a5560000, 0x00000007a5560000)
  from space 21824K, 100% used [0x00000007a6ab0000, 0x00000007a8000000, 0x00000007a8000000)
  to   space 21824K,   0% used [0x00000007a5560000, 0x00000007a5560000, 0x00000007a6ab0000)
 concurrent mark-sweep generation total 393216K, used 141476K [0x00000007a8000000, 0x00000007c0000000, 0x00000007c0000000)
 Metaspace       used 40778K, capacity 41512K, committed 41844K, reserved 1085440K
  class space    used 4663K, capacity 4865K, committed 4988K, reserved 1048576K
2016-10-23T22:32:41.465+0800: 1980.489: [GC (Allocation Failure) 2016-10-23T22:32:41.465+0800: 1980.489: [ParNew
Desired survivor size 20112992 bytes, new threshold 8 (max 8)
- age   1:    4880440 bytes,    4880440 total
- age   2:    3051888 bytes,    7932328 total
- age   3:    1760072 bytes,    9692400 total
- age   4:    1075904 bytes,   10768304 total
- age   5:     757072 bytes,   11525376 total
- age   6:    5152120 bytes,   16677496 total
- age   7:    1818976 bytes,   18496472 total
- age   8:    2187464 bytes,   20683936 total
: 109248K->21824K(109248K), 0.0123205 secs] 250724K->167904K(502464K), 0.0123839 secs] [Times: user=0.04 sys=0.00, real=0.01 secs] 
Heap after GC invocations=400 (full 8):
 par new generation   total 109248K, used 21824K [0x00000007a0000000, 0x00000007a8000000, 0x00000007a8000000)
  eden space 87424K,   0% used [0x00000007a0000000, 0x00000007a0000000, 0x00000007a5560000)
  from space 21824K, 100% used [0x00000007a5560000, 0x00000007a6ab0000, 0x00000007a6ab0000)
  to   space 21824K,   0% used [0x00000007a6ab0000, 0x00000007a6ab0000, 0x00000007a8000000)
 concurrent mark-sweep generation total 393216K, used 146080K [0x00000007a8000000, 0x00000007c0000000, 0x00000007c0000000)
 Metaspace       used 40778K, capacity 41512K, committed 41844K, reserved 1085440K
  class space    used 4663K, capacity 4865K, committed 4988K, reserved 1048576K
}
2016-10-23T22:32:41.477+0800: 1980.501: Total time for which application threads were stopped: 0.0126811 seconds, Stopping threads took: 0.0001030 seconds
{Heap before GC invocations=400 (full 8):
 par new generation   total 109248K, used 109248K [0x00000007a0000000, 0x00000007a8000000, 0x00000007a8000000)
  eden space 87424K, 100% used [0x00000007a0000000, 0x00000007a5560000, 0x00000007a5560000)
  from space 21824K, 100% used [0x00000007a5560000, 0x00000007a6ab0000, 0x00000007a6ab0000)
  to   space 21824K,   0% used [0x00000007a6ab0000, 0x00000007a6ab0000, 0x00000007a8000000)
 concurrent mark-sweep generation total 393216K, used 146080K [0x00000007a8000000, 0x00000007c0000000, 0x00000007c0000000)
 Metaspace       used 40778K, capacity 41512K, committed 41844K, reserved 1085440K
  class space    used 4663K, capacity 4865K, committed 4988K, reserved 1048576K
2016-10-23T22:32:41.585+0800: 1980.609: [GC (Allocation Failure) 2016-10-23T22:32:41.585+0800: 1980.609: [ParNew
Desired survivor size 20112992 bytes, new threshold 8 (max 8)
- age   1:    5647168 bytes,    5647168 total
- age   2:    2650336 bytes,    8297504 total
- age   3:    2266272 bytes,   10563776 total
- age   4:    1626488 bytes,   12190264 total
- age   5:     973504 bytes,   13163768 total
- age   6:     756640 bytes,   13920408 total
- age   7:    4724512 bytes,   18644920 total
- age   8:    1760976 bytes,   20405896 total
: 109248K->21824K(109248K), 0.0127853 secs] 255328K->172584K(502464K), 0.0128658 secs] [Times: user=0.05 sys=0.00, real=0.01 secs] 
Heap after GC invocations=401 (full 8):
 par new generation   total 109248K, used 21824K [0x00000007a0000000, 0x00000007a8000000, 0x00000007a8000000)
  eden space 87424K,   0% used [0x00000007a0000000, 0x00000007a0000000, 0x00000007a5560000)
  from space 21824K, 100% used [0x00000007a6ab0000, 0x00000007a8000000, 0x00000007a8000000)
  to   space 21824K,   0% used [0x00000007a5560000, 0x00000007a5560000, 0x00000007a6ab0000)
 concurrent mark-sweep generation total 393216K, used 150760K [0x00000007a8000000, 0x00000007c0000000, 0x00000007c0000000)
 Metaspace       used 40778K, capacity 41512K, committed 41844K, reserved 1085440K
  class space    used 4663K, capacity 4865K, committed 4988K, reserved 1048576K
}
2016-10-23T22:32:41.598+0800: 1980.622: Total time for which application threads were stopped: 0.0131470 seconds, Stopping threads took: 0.0000988 seconds
{Heap before GC invocations=401 (full 8):
 par new generation   total 109248K, used 109248K [0x00000007a0000000, 0x00000007a8000000, 0x00000007a8000000)
  eden space 87424K, 100% used [0x00000007a0000000, 0x00000007a5560000, 0x00000007a5560000)
  from space 21824K, 100% used [0x00000007a6ab0000, 0x00000007a8000000, 0x00000007a8000000)
  to   space 21824K,   0% used [0x00000007a5560000, 0x00000007a5560000, 0x00000007a6ab0000)
 concurrent mark-sweep generation total 393216K, used 150760K [0x00000007a8000000, 0x00000007c0000000, 0x00000007c0000000)
 Metaspace       used 40778K, capacity 41512K, committed 41844K, reserved 1085440K
  class space    used 4663K, capacity 4865K, committed 4988K, reserved 1048576K
2016-10-23T22:32:41.730+0800: 1980.754: [GC (Allocation Failure) 2016-10-23T22:32:41.730+0800: 1980.754: [ParNew
Desired survivor size 20112992 bytes, new threshold 8 (max 8)
- age   1:    5504352 bytes,    5504352 total
- age   2:    2773728 bytes,    8278080 total
- age   3:    1940296 bytes,   10218376 total
- age   4:    1908048 bytes,   12126424 total
- age   5:    1459648 bytes,   13586072 total
- age   6:     920128 bytes,   14506200 total
- age   7:     416640 bytes,   14922840 total
- age   8:    4100392 bytes,   19023232 total
: 109248K->21824K(109248K), 0.0134347 secs] 260008K->178622K(502464K), 0.0135042 secs] [Times: user=0.05 sys=0.00, real=0.01 secs] 
Heap after GC invocations=402 (full 8):
 par new generation   total 109248K, used 21824K [0x00000007a0000000, 0x00000007a8000000, 0x00000007a8000000)
  eden space 87424K,   0% used [0x00000007a0000000, 0x00000007a0000000, 0x00000007a5560000)
  from space 21824K, 100% used [0x00000007a5560000, 0x00000007a6ab0000, 0x00000007a6ab0000)
  to   space 21824K,   0% used [0x00000007a6ab0000, 0x00000007a6ab0000, 0x00000007a8000000)
 concurrent mark-sweep generation total 393216K, used 156798K [0x00000007a8000000, 0x00000007c0000000, 0x00000007c0000000)
 Metaspace       used 40778K, capacity 41512K, committed 41844K, reserved 1085440K
  class space    used 4663K, capacity 4865K, committed 4988K, reserved 1048576K
}
2016-10-23T22:32:41.744+0800: 1980.768: Total time for which application threads were stopped: 0.0137746 seconds, Stopping threads took: 0.0000985 seconds
{Heap before GC invocations=402 (full 8):
 par new generation   total 109248K, used 109248K [0x00000007a0000000, 0x00000007a8000000, 0x00000007a8000000)
  eden space 87424K, 100% used [0x00000007a0000000, 0x00000007a5560000, 0x00000007a5560000)
  from space 21824K, 100% used [0x00000007a5560000, 0x00000007a6ab0000, 0x00000007a6ab0000)
  to   space 21824K,   0% used [0x00000007a6ab0000, 0x00000007a6ab0000, 0x00000007a8000000)
 concurrent mark-sweep generation total 393216K, used 156798K [0x00000007a8000000, 0x00000007c0000000, 0x00000007c0000000)
 Metaspace       used 40779K, capacity 41512K, committed 41844K, reserved 1085440K
  class space    used 4663K, capacity 4865K, committed 4988K, reserved 1048576K
2016-10-23T22:32:41.887+0800: 1980.911: [GC (Allocation Failure) 2016-10-23T22:32:41.887+0800: 1980.911: [ParNew
Desired survivor size 20112992 bytes, new threshold 8 (max 8)
- age   1:    8253832 bytes,    8253832 total
- age   2:    3470256 bytes,   11724088 total
- age   3:    2521552 bytes,   14245640 total
- age   4:    1660192 bytes,   15905832 total
- age   5:    1603800 bytes,   17509632 total
- age   6:    1211848 bytes,   18721480 total
- age   7:     786464 bytes,   19507944 total
- age   8:     320752 bytes,   19828696 total
: 109248K->21824K(109248K), 0.0143066 secs] 266046K->182656K(502464K), 0.0143782 secs] [Times: user=0.05 sys=0.00, real=0.02 secs] 
Heap after GC invocations=403 (full 8):
 par new generation   total 109248K, used 21824K [0x00000007a0000000, 0x00000007a8000000, 0x00000007a8000000)
  eden space 87424K,   0% used [0x00000007a0000000, 0x00000007a0000000, 0x00000007a5560000)
  from space 21824K, 100% used [0x00000007a6ab0000, 0x00000007a8000000, 0x00000007a8000000)
  to   space 21824K,   0% used [0x00000007a5560000, 0x00000007a5560000, 0x00000007a6ab0000)
 concurrent mark-sweep generation total 393216K, used 160832K [0x00000007a8000000, 0x00000007c0000000, 0x00000007c0000000)
 Metaspace       used 40779K, capacity 41512K, committed 41844K, reserved 1085440K
  class space    used 4663K, capacity 4865K, committed 4988K, reserved 1048576K
}
2016-10-23T22:32:41.901+0800: 1980.925: Total time for which application threads were stopped: 0.0146031 seconds, Stopping threads took: 0.0000516 seconds
{Heap before GC invocations=403 (full 8):
 par new generation   total 109248K, used 109248K [0x00000007a0000000, 0x00000007a8000000, 0x00000007a8000000)
  eden space 87424K, 100% used [0x00000007a0000000, 0x00000007a5560000, 0x00000007a5560000)
  from space 21824K, 100% used [0x00000007a6ab0000, 0x00000007a8000000, 0x00000007a8000000)
  to   space 21824K,   0% used [0x00000007a5560000, 0x00000007a5560000, 0x00000007a6ab0000)
 concurrent mark-sweep generation total 393216K, used 160832K [0x00000007a8000000, 0x00000007c0000000, 0x00000007c0000000)
 Metaspace       used 40779K, capacity 41512K, committed 41844K, reserved 1085440K
  class space    used 4663K, capacity 4865K, committed 4988K, reserved 1048576K
2016-10-23T22:32:41.985+0800: 1981.009: [GC (Allocation Failure) 2016-10-23T22:32:41.985+0800: 1981.009: [ParNew
Desired survivor size 20112992 bytes, new threshold 8 (max 8)
- age   1:    1853576 bytes,    1853576 total
- age   2:    7130096 bytes,    8983672 total
- age   3:    3277392 bytes,   12261064 total
- age   4:    2142032 bytes,   14403096 total
- age   5:    1535344 bytes,   15938440 total
- age   6:    1531304 bytes,   17469744 total
- age   7:    1159416 bytes,   18629160 total
- age   8:     764392 bytes,   19393552 total
: 109248K->21824K(109248K), 0.0160671 secs] 270080K->184448K(502464K), 0.0161268 secs] [Times: user=0.05 sys=0.01, real=0.02 secs] 
Heap after GC invocations=404 (full 8):
 par new generation   total 109248K, used 21824K [0x00000007a0000000, 0x00000007a8000000, 0x00000007a8000000)
  eden space 87424K,   0% used [0x00000007a0000000, 0x00000007a0000000, 0x00000007a5560000)
  from space 21824K, 100% used [0x00000007a5560000, 0x00000007a6ab0000, 0x00000007a6ab0000)
  to   space 21824K,   0% used [0x00000007a6ab0000, 0x00000007a6ab0000, 0x00000007a8000000)
 concurrent mark-sweep generation total 393216K, used 162624K [0x00000007a8000000, 0x00000007c0000000, 0x00000007c0000000)
 Metaspace       used 40779K, capacity 41512K, committed 41844K, reserved 1085440K
  class space    used 4663K, capacity 4865K, committed 4988K, reserved 1048576K
}
2016-10-23T22:32:42.001+0800: 1981.025: Total time for which application threads were stopped: 0.0164310 seconds, Stopping threads took: 0.0001048 seconds
2016-10-23T22:32:42.065+0800: 1981.089: Total time for which application threads were stopped: 0.0001805 seconds, Stopping threads took: 0.0000598 seconds
{Heap before GC invocations=404 (full 8):
 par new generation   total 109248K, used 109248K [0x00000007a0000000, 0x00000007a8000000, 0x00000007a8000000)
  eden space 87424K, 100% used [0x00000007a0000000, 0x00000007a5560000, 0x00000007a5560000)
  from space 21824K, 100% used [0x00000007a5560000, 0x00000007a6ab0000, 0x00000007a6ab0000)
  to   space 21824K,   0% used [0x00000007a6ab0000, 0x00000007a6ab0000, 0x00000007a8000000)
 concurrent mark-sweep generation total 393216K, used 162624K [0x00000007a8000000, 0x00000007c0000000, 0x00000007c0000000)
 Metaspace       used 40790K, capacity 41512K, committed 41844K, reserved 1085440K
  class space    used 4663K, capacity 4865K, committed 4988K, reserved 1048576K
2016-10-23T22:32:42.101+0800: 1981.125: [GC (Allocation Failure) 2016-10-23T22:32:42.101+0800: 1981.125: [ParNew
Desired survivor size 20112992 bytes, new threshold 8 (max 8)
- age   1:    2802512 bytes,    2802512 total
- age   2:     836976 bytes,    3639488 total
- age   3:    5933096 bytes,    9572584 total
- age   4:    2646720 bytes,   12219304 total
- age   5:    2004152 bytes,   14223456 total
- age   6:    1391312 bytes,   15614768 total
- age   7:    1374152 bytes,   16988920 total
- age   8:    1051512 bytes,   18040432 total
: 109248K->21824K(109248K), 0.0149874 secs] 271872K->186554K(502464K), 0.0150986 secs] [Times: user=0.05 sys=0.00, real=0.01 secs] 
Heap after GC invocations=405 (full 8):
 par new generation   total 109248K, used 21824K [0x00000007a0000000, 0x00000007a8000000, 0x00000007a8000000)
  eden space 87424K,   0% used [0x00000007a0000000, 0x00000007a0000000, 0x00000007a5560000)
  from space 21824K, 100% used [0x00000007a6ab0000, 0x00000007a8000000, 0x00000007a8000000)
  to   space 21824K,   0% used [0x00000007a5560000, 0x00000007a5560000, 0x00000007a6ab0000)
 concurrent mark-sweep generation total 393216K, used 164730K [0x00000007a8000000, 0x00000007c0000000, 0x00000007c0000000)
 Metaspace       used 40790K, capacity 41512K, committed 41844K, reserved 1085440K
  class space    used 4663K, capacity 4865K, committed 4988K, reserved 1048576K
}
2016-10-23T22:32:42.116+0800: 1981.140: Total time for which application threads were stopped: 0.0157279 seconds, Stopping threads took: 0.0001235 seconds
{Heap before GC invocations=405 (full 8):
 par new generation   total 109248K, used 109248K [0x00000007a0000000, 0x00000007a8000000, 0x00000007a8000000)
  eden space 87424K, 100% used [0x00000007a0000000, 0x00000007a5560000, 0x00000007a5560000)
  from space 21824K, 100% used [0x00000007a6ab0000, 0x00000007a8000000, 0x00000007a8000000)
  to   space 21824K,   0% used [0x00000007a5560000, 0x00000007a5560000, 0x00000007a6ab0000)
 concurrent mark-sweep generation total 393216K, used 164730K [0x00000007a8000000, 0x00000007c0000000, 0x00000007c0000000)
 Metaspace       used 40791K, capacity 41512K, committed 41844K, reserved 1085440K
  class space    used 4663K, capacity 4865K, committed 4988K, reserved 1048576K
2016-10-23T22:32:42.181+0800: 1981.205: [GC (Allocation Failure) 2016-10-23T22:32:42.181+0800: 1981.205: [ParNew
Desired survivor size 20112992 bytes, new threshold 8 (max 8)
- age   1:    2459696 bytes,    2459696 total
- age   2:    2232568 bytes,    4692264 total
- age   3:     736008 bytes,    5428272 total
- age   4:    5547544 bytes,   10975816 total
- age   5:    2306592 bytes,   13282408 total
- age   6:    1767696 bytes,   15050104 total
- age   7:    1090288 bytes,   16140392 total
- age   8:    1306120 bytes,   17446512 total
: 109248K->21824K(109248K), 0.0108417 secs] 273978K->189427K(502464K), 0.0109576 secs] [Times: user=0.03 sys=0.01, real=0.01 secs] 
Heap after GC invocations=406 (full 8):
 par new generation   total 109248K, used 21824K [0x00000007a0000000, 0x00000007a8000000, 0x00000007a8000000)
  eden space 87424K,   0% used [0x00000007a0000000, 0x00000007a0000000, 0x00000007a5560000)
  from space 21824K, 100% used [0x00000007a5560000, 0x00000007a6ab0000, 0x00000007a6ab0000)
  to   space 21824K,   0% used [0x00000007a6ab0000, 0x00000007a6ab0000, 0x00000007a8000000)
 concurrent mark-sweep generation total 393216K, used 167603K [0x00000007a8000000, 0x00000007c0000000, 0x00000007c0000000)
 Metaspace       used 40791K, capacity 41512K, committed 41844K, reserved 1085440K
  class space    used 4663K, capacity 4865K, committed 4988K, reserved 1048576K
}
2016-10-23T22:32:42.192+0800: 1981.216: Total time for which application threads were stopped: 0.0116256 seconds, Stopping threads took: 0.0002513 seconds
{Heap before GC invocations=406 (full 8):
 par new generation   total 109248K, used 109248K [0x00000007a0000000, 0x00000007a8000000, 0x00000007a8000000)
  eden space 87424K, 100% used [0x00000007a0000000, 0x00000007a5560000, 0x00000007a5560000)
  from space 21824K, 100% used [0x00000007a5560000, 0x00000007a6ab0000, 0x00000007a6ab0000)
  to   space 21824K,   0% used [0x00000007a6ab0000, 0x00000007a6ab0000, 0x00000007a8000000)
 concurrent mark-sweep generation total 393216K, used 167603K [0x00000007a8000000, 0x00000007c0000000, 0x00000007c0000000)
 Metaspace       used 40791K, capacity 41512K, committed 41844K, reserved 1085440K
  class space    used 4663K, capacity 4865K, committed 4988K, reserved 1048576K
2016-10-23T22:32:42.231+0800: 1981.255: [GC (Allocation Failure) 2016-10-23T22:32:42.231+0800: 1981.255: [ParNew
Desired survivor size 20112992 bytes, new threshold 8 (max 8)
- age   1:    2023096 bytes,    2023096 total
- age   2:    1835584 bytes,    3858680 total
- age   3:    2229968 bytes,    6088648 total
- age   4:     734264 bytes,    6822912 total
- age   5:    5504752 bytes,   12327664 total
- age   6:    2267688 bytes,   14595352 total
- age   7:    1737808 bytes,   16333160 total
- age   8:    1062984 bytes,   17396144 total
: 109248K->21824K(109248K), 0.0142307 secs] 276851K->190856K(502464K), 0.0143104 secs] [Times: user=0.05 sys=0.00, real=0.01 secs] 
Heap after GC invocations=407 (full 8):
 par new generation   total 109248K, used 21824K [0x00000007a0000000, 0x00000007a8000000, 0x00000007a8000000)
  eden space 87424K,   0% used [0x00000007a0000000, 0x00000007a0000000, 0x00000007a5560000)
  from space 21824K, 100% used [0x00000007a6ab0000, 0x00000007a8000000, 0x00000007a8000000)
  to   space 21824K,   0% used [0x00000007a5560000, 0x00000007a5560000, 0x00000007a6ab0000)
 concurrent mark-sweep generation total 393216K, used 169032K [0x00000007a8000000, 0x00000007c0000000, 0x00000007c0000000)
 Metaspace       used 40791K, capacity 41512K, committed 41844K, reserved 1085440K
  class space    used 4663K, capacity 4865K, committed 4988K, reserved 1048576K
}
2016-10-23T22:32:42.245+0800: 1981.269: Total time for which application threads were stopped: 0.0146728 seconds, Stopping threads took: 0.0000895 seconds
{Heap before GC invocations=407 (full 8):
 par new generation   total 109248K, used 109248K [0x00000007a0000000, 0x00000007a8000000, 0x00000007a8000000)
  eden space 87424K, 100% used [0x00000007a0000000, 0x00000007a5560000, 0x00000007a5560000)
  from space 21824K, 100% used [0x00000007a6ab0000, 0x00000007a8000000, 0x00000007a8000000)
  to   space 21824K,   0% used [0x00000007a5560000, 0x00000007a5560000, 0x00000007a6ab0000)
 concurrent mark-sweep generation total 393216K, used 169032K [0x00000007a8000000, 0x00000007c0000000, 0x00000007c0000000)
 Metaspace       used 40791K, capacity 41512K, committed 41844K, reserved 1085440K
  class space    used 4663K, capacity 4865K, committed 4988K, reserved 1048576K
2016-10-23T22:32:42.282+0800: 1981.306: [GC (Allocation Failure) 2016-10-23T22:32:42.282+0800: 1981.306: [ParNew
Desired survivor size 20112992 bytes, new threshold 8 (max 8)
- age   1:    2963104 bytes,    2963104 total
- age   2:    1074824 bytes,    4037928 total
- age   3:    1728944 bytes,    5766872 total
- age   4:    1966624 bytes,    7733496 total
- age   5:     667752 bytes,    8401248 total
- age   6:    5504152 bytes,   13905400 total
- age   7:    2267688 bytes,   16173088 total
- age   8:    1737808 bytes,   17910896 total
: 109248K->21824K(109248K), 0.0086107 secs] 278280K->191903K(502464K), 0.0086765 secs] [Times: user=0.03 sys=0.00, real=0.01 secs] 
Heap after GC invocations=408 (full 8):
 par new generation   total 109248K, used 21824K [0x00000007a0000000, 0x00000007a8000000, 0x00000007a8000000)
  eden space 87424K,   0% used [0x00000007a0000000, 0x00000007a0000000, 0x00000007a5560000)
  from space 21824K, 100% used [0x00000007a5560000, 0x00000007a6ab0000, 0x00000007a6ab0000)
  to   space 21824K,   0% used [0x00000007a6ab0000, 0x00000007a6ab0000, 0x00000007a8000000)
 concurrent mark-sweep generation total 393216K, used 170079K [0x00000007a8000000, 0x00000007c0000000, 0x00000007c0000000)
 Metaspace       used 40791K, capacity 41512K, committed 41844K, reserved 1085440K
  class space    used 4663K, capacity 4865K, committed 4988K, reserved 1048576K
}
2016-10-23T22:32:42.290+0800: 1981.314: Total time for which application threads were stopped: 0.0089738 seconds, Stopping threads took: 0.0001017 seconds
{Heap before GC invocations=408 (full 8):
 par new generation   total 109248K, used 109248K [0x00000007a0000000, 0x00000007a8000000, 0x00000007a8000000)
  eden space 87424K, 100% used [0x00000007a0000000, 0x00000007a5560000, 0x00000007a5560000)
  from space 21824K, 100% used [0x00000007a5560000, 0x00000007a6ab0000, 0x00000007a6ab0000)
  to   space 21824K,   0% used [0x00000007a6ab0000, 0x00000007a6ab0000, 0x00000007a8000000)
 concurrent mark-sweep generation total 393216K, used 170079K [0x00000007a8000000, 0x00000007c0000000, 0x00000007c0000000)
 Metaspace       used 40791K, capacity 41512K, committed 41844K, reserved 1085440K
  class space    used 4663K, capacity 4865K, committed 4988K, reserved 1048576K
2016-10-23T22:32:42.380+0800: 1981.404: [GC (Allocation Failure) 2016-10-23T22:32:42.380+0800: 1981.404: [ParNew
Desired survivor size 20112992 bytes, new threshold 8 (max 8)
- age   1:    4355064 bytes,    4355064 total
- age   2:    1718624 bytes,    6073688 total
- age   3:     983264 bytes,    7056952 total
- age   4:    1442200 bytes,    8499152 total
- age   5:    1882536 bytes,   10381688 total
- age   6:     638864 bytes,   11020552 total
- age   7:    5475032 bytes,   16495584 total
- age   8:    2267600 bytes,   18763184 total
: 109248K->21824K(109248K), 0.0095044 secs] 279327K->194015K(502464K), 0.0095812 secs] [Times: user=0.03 sys=0.00, real=0.01 secs] 
Heap after GC invocations=409 (full 8):
 par new generation   total 109248K, used 21824K [0x00000007a0000000, 0x00000007a8000000, 0x00000007a8000000)
  eden space 87424K,   0% used [0x00000007a0000000, 0x00000007a0000000, 0x00000007a5560000)
  from space 21824K, 100% used [0x00000007a6ab0000, 0x00000007a8000000, 0x00000007a8000000)
  to   space 21824K,   0% used [0x00000007a5560000, 0x00000007a5560000, 0x00000007a6ab0000)
 concurrent mark-sweep generation total 393216K, used 172191K [0x00000007a8000000, 0x00000007c0000000, 0x00000007c0000000)
 Metaspace       used 40791K, capacity 41512K, committed 41844K, reserved 1085440K
  class space    used 4663K, capacity 4865K, committed 4988K, reserved 1048576K
}
2016-10-23T22:32:42.390+0800: 1981.414: Total time for which application threads were stopped: 0.0098714 seconds, Stopping threads took: 0.0001012 seconds
{Heap before GC invocations=409 (full 8):
 par new generation   total 109248K, used 109248K [0x00000007a0000000, 0x00000007a8000000, 0x00000007a8000000)
  eden space 87424K, 100% used [0x00000007a0000000, 0x00000007a5560000, 0x00000007a5560000)
  from space 21824K, 100% used [0x00000007a6ab0000, 0x00000007a8000000, 0x00000007a8000000)
  to   space 21824K,   0% used [0x00000007a5560000, 0x00000007a5560000, 0x00000007a6ab0000)
 concurrent mark-sweep generation total 393216K, used 172191K [0x00000007a8000000, 0x00000007c0000000, 0x00000007c0000000)
 Metaspace       used 40791K, capacity 41512K, committed 41844K, reserved 1085440K
  class space    used 4663K, capacity 4865K, committed 4988K, reserved 1048576K
2016-10-23T22:32:42.452+0800: 1981.476: [GC (Allocation Failure) 2016-10-23T22:32:42.452+0800: 1981.476: [ParNew
Desired survivor size 20112992 bytes, new threshold 8 (max 8)
- age   1:    3713880 bytes,    3713880 total
- age   2:    2771040 bytes,    6484920 total
- age   3:    1644120 bytes,    8129040 total
- age   4:     984008 bytes,    9113048 total
- age   5:    1440544 bytes,   10553592 total
- age   6:    1883872 bytes,   12437464 total
- age   7:     640112 bytes,   13077576 total
- age   8:    5476424 bytes,   18554000 total
: 109248K->21824K(109248K), 0.0101036 secs] 281439K->196249K(502464K), 0.0102031 secs] [Times: user=0.04 sys=0.00, real=0.01 secs] 
Heap after GC invocations=410 (full 8):
 par new generation   total 109248K, used 21824K [0x00000007a0000000, 0x00000007a8000000, 0x00000007a8000000)
  eden space 87424K,   0% used [0x00000007a0000000, 0x00000007a0000000, 0x00000007a5560000)
  from space 21824K, 100% used [0x00000007a5560000, 0x00000007a6ab0000, 0x00000007a6ab0000)
  to   space 21824K,   0% used [0x00000007a6ab0000, 0x00000007a6ab0000, 0x00000007a8000000)
 concurrent mark-sweep generation total 393216K, used 174425K [0x00000007a8000000, 0x00000007c0000000, 0x00000007c0000000)
 Metaspace       used 40791K, capacity 41512K, committed 41844K, reserved 1085440K
  class space    used 4663K, capacity 4865K, committed 4988K, reserved 1048576K
}
2016-10-23T22:32:42.462+0800: 1981.486: Total time for which application threads were stopped: 0.0104975 seconds, Stopping threads took: 0.0001111 seconds
{Heap before GC invocations=410 (full 8):
 par new generation   total 109248K, used 109248K [0x00000007a0000000, 0x00000007a8000000, 0x00000007a8000000)
  eden space 87424K, 100% used [0x00000007a0000000, 0x00000007a5560000, 0x00000007a5560000)
  from space 21824K, 100% used [0x00000007a5560000, 0x00000007a6ab0000, 0x00000007a6ab0000)
  to   space 21824K,   0% used [0x00000007a6ab0000, 0x00000007a6ab0000, 0x00000007a8000000)
 concurrent mark-sweep generation total 393216K, used 174425K [0x00000007a8000000, 0x00000007c0000000, 0x00000007c0000000)
 Metaspace       used 40791K, capacity 41512K, committed 41844K, reserved 1085440K
  class space    used 4663K, capacity 4865K, committed 4988K, reserved 1048576K
2016-10-23T22:32:42.511+0800: 1981.534: [GC (Allocation Failure) 2016-10-23T22:32:42.511+0800: 1981.534: [ParNew
Desired survivor size 20112992 bytes, new threshold 8 (max 8)
- age   1:    2955568 bytes,    2955568 total
- age   2:    2683432 bytes,    5639000 total
- age   3:    2565488 bytes,    8204488 total
- age   4:    1641960 bytes,    9846448 total
- age   5:     983192 bytes,   10829640 total
- age   6:    1439152 bytes,   12268792 total
- age   7:    1881208 bytes,   14150000 total
- age   8:     638744 bytes,   14788744 total
: 109248K->18054K(109248K), 0.0100253 secs] 283673K->197868K(502464K), 0.0100879 secs] [Times: user=0.04 sys=0.00, real=0.01 secs] 
Heap after GC invocations=411 (full 8):
 par new generation   total 109248K, used 18054K [0x00000007a0000000, 0x00000007a8000000, 0x00000007a8000000)
  eden space 87424K,   0% used [0x00000007a0000000, 0x00000007a0000000, 0x00000007a5560000)
  from space 21824K,  82% used [0x00000007a6ab0000, 0x00000007a7c51960, 0x00000007a8000000)
  to   space 21824K,   0% used [0x00000007a5560000, 0x00000007a5560000, 0x00000007a6ab0000)
 concurrent mark-sweep generation total 393216K, used 179813K [0x00000007a8000000, 0x00000007c0000000, 0x00000007c0000000)
 Metaspace       used 40791K, capacity 41512K, committed 41844K, reserved 1085440K
  class space    used 4663K, capacity 4865K, committed 4988K, reserved 1048576K
}
2016-10-23T22:32:42.521+0800: 1981.545: Total time for which application threads were stopped: 0.0103544 seconds, Stopping threads took: 0.0000955 seconds
{Heap before GC invocations=411 (full 8):
 par new generation   total 109248K, used 105478K [0x00000007a0000000, 0x00000007a8000000, 0x00000007a8000000)
  eden space 87424K, 100% used [0x00000007a0000000, 0x00000007a5560000, 0x00000007a5560000)
  from space 21824K,  82% used [0x00000007a6ab0000, 0x00000007a7c51960, 0x00000007a8000000)
  to   space 21824K,   0% used [0x00000007a5560000, 0x00000007a5560000, 0x00000007a6ab0000)
 concurrent mark-sweep generation total 393216K, used 179813K [0x00000007a8000000, 0x00000007c0000000, 0x00000007c0000000)
 Metaspace       used 40791K, capacity 41512K, committed 41844K, reserved 1085440K
  class space    used 4663K, capacity 4865K, committed 4988K, reserved 1048576K
2016-10-23T22:32:42.577+0800: 1981.601: [GC (Allocation Failure) 2016-10-23T22:32:42.578+0800: 1981.601: [ParNew
Desired survivor size 20112992 bytes, new threshold 8 (max 8)
- age   1:    4672736 bytes,    4672736 total
- age   2:    2007048 bytes,    6679784 total
- age   3:    1942840 bytes,    8622624 total
- age   4:    2548536 bytes,   11171160 total
- age   5:    1123704 bytes,   12294864 total
- age   6:     925080 bytes,   13219944 total
- age   7:    1446208 bytes,   14666152 total
- age   8:    1886968 bytes,   16553120 total
: 105478K->21824K(109248K), 0.0095083 secs] 285292K->202288K(502464K), 0.0095852 secs] [Times: user=0.04 sys=0.00, real=0.01 secs] 
Heap after GC invocations=412 (full 8):
 par new generation   total 109248K, used 21824K [0x00000007a0000000, 0x00000007a8000000, 0x00000007a8000000)
  eden space 87424K,   0% used [0x00000007a0000000, 0x00000007a0000000, 0x00000007a5560000)
  from space 21824K, 100% used [0x00000007a5560000, 0x00000007a6ab0000, 0x00000007a6ab0000)
  to   space 21824K,   0% used [0x00000007a6ab0000, 0x00000007a6ab0000, 0x00000007a8000000)
 concurrent mark-sweep generation total 393216K, used 180464K [0x00000007a8000000, 0x00000007c0000000, 0x00000007c0000000)
 Metaspace       used 40791K, capacity 41512K, committed 41844K, reserved 1085440K
  class space    used 4663K, capacity 4865K, committed 4988K, reserved 1048576K
}
2016-10-23T22:32:42.587+0800: 1981.611: Total time for which application threads were stopped: 0.0098329 seconds, Stopping threads took: 0.0000633 seconds
{Heap before GC invocations=412 (full 8):
 par new generation   total 109248K, used 109248K [0x00000007a0000000, 0x00000007a8000000, 0x00000007a8000000)
  eden space 87424K, 100% used [0x00000007a0000000, 0x00000007a5560000, 0x00000007a5560000)
  from space 21824K, 100% used [0x00000007a5560000, 0x00000007a6ab0000, 0x00000007a6ab0000)
  to   space 21824K,   0% used [0x00000007a6ab0000, 0x00000007a6ab0000, 0x00000007a8000000)
 concurrent mark-sweep generation total 393216K, used 180464K [0x00000007a8000000, 0x00000007c0000000, 0x00000007c0000000)
 Metaspace       used 40791K, capacity 41512K, committed 41844K, reserved 1085440K
  class space    used 4663K, capacity 4865K, committed 4988K, reserved 1048576K
2016-10-23T22:32:42.630+0800: 1981.654: [GC (Allocation Failure) 2016-10-23T22:32:42.630+0800: 1981.654: [ParNew
Desired survivor size 20112992 bytes, new threshold 8 (max 8)
- age   1:    3574824 bytes,    3574824 total
- age   2:    2997024 bytes,    6571848 total
- age   3:    1678048 bytes,    8249896 total
- age   4:    1838872 bytes,   10088768 total
- age   5:    2499760 bytes,   12588528 total
- age   6:    1122528 bytes,   13711056 total
- age   7:     922848 bytes,   14633904 total
- age   8:    1445032 bytes,   16078936 total
: 109248K->19685K(109248K), 0.0089309 secs] 289712K->202026K(502464K), 0.0089867 secs] [Times: user=0.03 sys=0.00, real=0.00 secs] 
Heap after GC invocations=413 (full 8):
 par new generation   total 109248K, used 19685K [0x00000007a0000000, 0x00000007a8000000, 0x00000007a8000000)
  eden space 87424K,   0% used [0x00000007a0000000, 0x00000007a0000000, 0x00000007a5560000)
  from space 21824K,  90% used [0x00000007a6ab0000, 0x00000007a7de9500, 0x00000007a8000000)
  to   space 21824K,   0% used [0x00000007a5560000, 0x00000007a5560000, 0x00000007a6ab0000)
 concurrent mark-sweep generation total 393216K, used 182341K [0x00000007a8000000, 0x00000007c0000000, 0x00000007c0000000)
 Metaspace       used 40791K, capacity 41512K, committed 41844K, reserved 1085440K
  class space    used 4663K, capacity 4865K, committed 4988K, reserved 1048576K
}
2016-10-23T22:32:42.639+0800: 1981.663: Total time for which application threads were stopped: 0.0092401 seconds, Stopping threads took: 0.0000665 seconds
{Heap before GC invocations=413 (full 8):
 par new generation   total 109248K, used 107109K [0x00000007a0000000, 0x00000007a8000000, 0x00000007a8000000)
  eden space 87424K, 100% used [0x00000007a0000000, 0x00000007a5560000, 0x00000007a5560000)
  from space 21824K,  90% used [0x00000007a6ab0000, 0x00000007a7de9500, 0x00000007a8000000)
  to   space 21824K,   0% used [0x00000007a5560000, 0x00000007a5560000, 0x00000007a6ab0000)
 concurrent mark-sweep generation total 393216K, used 182341K [0x00000007a8000000, 0x00000007c0000000, 0x00000007c0000000)
 Metaspace       used 40791K, capacity 41512K, committed 41844K, reserved 1085440K
  class space    used 4663K, capacity 4865K, committed 4988K, reserved 1048576K
2016-10-23T22:32:42.746+0800: 1981.770: [GC (Allocation Failure) 2016-10-23T22:32:42.746+0800: 1981.770: [ParNew
Desired survivor size 20112992 bytes, new threshold 8 (max 8)
- age   1:    6677984 bytes,    6677984 total
- age   2:    1235560 bytes,    7913544 total
- age   3:    2740376 bytes,   10653920 total
- age   4:    1652016 bytes,   12305936 total
- age   5:    1677080 bytes,   13983016 total
- age   6:    2422336 bytes,   16405352 total
- age   7:     841224 bytes,   17246576 total
- age   8:     906824 bytes,   18153400 total
: 107109K->21824K(109248K), 0.0106712 secs] 289450K->205859K(502464K), 0.0107407 secs] [Times: user=0.04 sys=0.00, real=0.01 secs] 
Heap after GC invocations=414 (full 8):
 par new generation   total 109248K, used 21824K [0x00000007a0000000, 0x00000007a8000000, 0x00000007a8000000)
  eden space 87424K,   0% used [0x00000007a0000000, 0x00000007a0000000, 0x00000007a5560000)
  from space 21824K, 100% used [0x00000007a5560000, 0x00000007a6ab0000, 0x00000007a6ab0000)
  to   space 21824K,   0% used [0x00000007a6ab0000, 0x00000007a6ab0000, 0x00000007a8000000)
 concurrent mark-sweep generation total 393216K, used 184035K [0x00000007a8000000, 0x00000007c0000000, 0x00000007c0000000)
 Metaspace       used 40791K, capacity 41512K, committed 41844K, reserved 1085440K
  class space    used 4663K, capacity 4865K, committed 4988K, reserved 1048576K
}
2016-10-23T22:32:42.757+0800: 1981.781: Total time for which application threads were stopped: 0.0110036 seconds, Stopping threads took: 0.0000780 seconds
{Heap before GC invocations=414 (full 8):
 par new generation   total 109248K, used 109240K [0x00000007a0000000, 0x00000007a8000000, 0x00000007a8000000)
  eden space 87424K,  99% used [0x00000007a0000000, 0x00000007a555e0d8, 0x00000007a5560000)
  from space 21824K, 100% used [0x00000007a5560000, 0x00000007a6ab0000, 0x00000007a6ab0000)
  to   space 21824K,   0% used [0x00000007a6ab0000, 0x00000007a6ab0000, 0x00000007a8000000)
 concurrent mark-sweep generation total 393216K, used 184035K [0x00000007a8000000, 0x00000007c0000000, 0x00000007c0000000)
 Metaspace       used 40791K, capacity 41512K, committed 41844K, reserved 1085440K
  class space    used 4663K, capacity 4865K, committed 4988K, reserved 1048576K
2016-10-23T22:32:42.838+0800: 1981.862: [GC (Allocation Failure) 2016-10-23T22:32:42.838+0800: 1981.862: [ParNew
Desired survivor size 20112992 bytes, new threshold 8 (max 8)
- age   1:    5404024 bytes,    5404024 total
- age   2:    4031504 bytes,    9435528 total
- age   3:    1077288 bytes,   10512816 total
- age   4:    2610168 bytes,   13122984 total
- age   5:    1578968 bytes,   14701952 total
- age   6:    1576504 bytes,   16278456 total
- age   7:    2310408 bytes,   18588864 total
- age   8:     804456 bytes,   19393320 total
: 109240K->21824K(109248K), 0.0117327 secs] 293276K->207487K(502464K), 0.0117939 secs] [Times: user=0.05 sys=0.00, real=0.01 secs] 
Heap after GC invocations=415 (full 8):
 par new generation   total 109248K, used 21824K [0x00000007a0000000, 0x00000007a8000000, 0x00000007a8000000)
  eden space 87424K,   0% used [0x00000007a0000000, 0x00000007a0000000, 0x00000007a5560000)
  from space 21824K, 100% used [0x00000007a6ab0000, 0x00000007a8000000, 0x00000007a8000000)
  to   space 21824K,   0% used [0x00000007a5560000, 0x00000007a5560000, 0x00000007a6ab0000)
 concurrent mark-sweep generation total 393216K, used 185663K [0x00000007a8000000, 0x00000007c0000000, 0x00000007c0000000)
 Metaspace       used 40791K, capacity 41512K, committed 41844K, reserved 1085440K
  class space    used 4663K, capacity 4865K, committed 4988K, reserved 1048576K
}
2016-10-23T22:32:42.850+0800: 1981.873: Total time for which application threads were stopped: 0.0120229 seconds, Stopping threads took: 0.0000680 seconds
{Heap before GC invocations=415 (full 8):
 par new generation   total 109248K, used 109223K [0x00000007a0000000, 0x00000007a8000000, 0x00000007a8000000)
  eden space 87424K,  99% used [0x00000007a0000000, 0x00000007a5559cc0, 0x00000007a5560000)
  from space 21824K, 100% used [0x00000007a6ab0000, 0x00000007a8000000, 0x00000007a8000000)
  to   space 21824K,   0% used [0x00000007a5560000, 0x00000007a5560000, 0x00000007a6ab0000)
 concurrent mark-sweep generation total 393216K, used 185663K [0x00000007a8000000, 0x00000007c0000000, 0x00000007c0000000)
 Metaspace       used 40791K, capacity 41512K, committed 41844K, reserved 1085440K
  class space    used 4663K, capacity 4865K, committed 4988K, reserved 1048576K
2016-10-23T22:32:42.964+0800: 1981.988: [GC (Allocation Failure) 2016-10-23T22:32:42.964+0800: 1981.988: [ParNew
Desired survivor size 20112992 bytes, new threshold 8 (max 8)
- age   1:    2370160 bytes,    2370160 total
- age   2:    4860664 bytes,    7230824 total
- age   3:    3538512 bytes,   10769336 total
- age   4:     881864 bytes,   11651200 total
- age   5:    2369488 bytes,   14020688 total
- age   6:    1363744 bytes,   15384432 total
- age   7:    1299504 bytes,   16683936 total
- age   8:    1922656 bytes,   18606592 total
: 109223K->21824K(109248K), 0.0110542 secs] 294886K->209379K(502464K), 0.0111198 secs] [Times: user=0.04 sys=0.00, real=0.01 secs] 
Heap after GC invocations=416 (full 8):
 par new generation   total 109248K, used 21824K [0x00000007a0000000, 0x00000007a8000000, 0x00000007a8000000)
  eden space 87424K,   0% used [0x00000007a0000000, 0x00000007a0000000, 0x00000007a5560000)
  from space 21824K, 100% used [0x00000007a5560000, 0x00000007a6ab0000, 0x00000007a6ab0000)
  to   space 21824K,   0% used [0x00000007a6ab0000, 0x00000007a6ab0000, 0x00000007a8000000)
 concurrent mark-sweep generation total 393216K, used 187555K [0x00000007a8000000, 0x00000007c0000000, 0x00000007c0000000)
 Metaspace       used 40791K, capacity 41512K, committed 41844K, reserved 1085440K
  class space    used 4663K, capacity 4865K, committed 4988K, reserved 1048576K
}
2016-10-23T22:32:42.975+0800: 1981.999: Total time for which application threads were stopped: 0.0113870 seconds, Stopping threads took: 0.0000857 seconds
{Heap before GC invocations=416 (full 8):
 par new generation   total 109248K, used 109248K [0x00000007a0000000, 0x00000007a8000000, 0x00000007a8000000)
  eden space 87424K, 100% used [0x00000007a0000000, 0x00000007a5560000, 0x00000007a5560000)
  from space 21824K, 100% used [0x00000007a5560000, 0x00000007a6ab0000, 0x00000007a6ab0000)
  to   space 21824K,   0% used [0x00000007a6ab0000, 0x00000007a6ab0000, 0x00000007a8000000)
 concurrent mark-sweep generation total 393216K, used 187555K [0x00000007a8000000, 0x00000007c0000000, 0x00000007c0000000)
 Metaspace       used 40791K, capacity 41512K, committed 41844K, reserved 1085440K
  class space    used 4663K, capacity 4865K, committed 4988K, reserved 1048576K
2016-10-23T22:32:43.009+0800: 1982.033: [GC (Allocation Failure) 2016-10-23T22:32:43.009+0800: 1982.033: [ParNew
Desired survivor size 20112992 bytes, new threshold 8 (max 8)
- age   1:     346256 bytes,     346256 total
- age   2:    2070408 bytes,    2416664 total
- age   3:    4862128 bytes,    7278792 total
- age   4:    3540360 bytes,   10819152 total
- age   5:     882632 bytes,   11701784 total
- age   6:    2370736 bytes,   14072520 total
- age   7:    1364344 bytes,   15436864 total
- age   8:    1300608 bytes,   16737472 total
: 109248K->18209K(109248K), 0.0096305 secs] 296803K->207706K(502464K), 0.0096899 secs] [Times: user=0.04 sys=0.00, real=0.01 secs] 
Heap after GC invocations=417 (full 8):
 par new generation   total 109248K, used 18209K [0x00000007a0000000, 0x00000007a8000000, 0x00000007a8000000)
  eden space 87424K,   0% used [0x00000007a0000000, 0x00000007a0000000, 0x00000007a5560000)
  from space 21824K,  83% used [0x00000007a6ab0000, 0x00000007a7c78500, 0x00000007a8000000)
  to   space 21824K,   0% used [0x00000007a5560000, 0x00000007a5560000, 0x00000007a6ab0000)
 concurrent mark-sweep generation total 393216K, used 189497K [0x00000007a8000000, 0x00000007c0000000, 0x00000007c0000000)
 Metaspace       used 40791K, capacity 41512K, committed 41844K, reserved 1085440K
  class space    used 4663K, capacity 4865K, committed 4988K, reserved 1048576K
}
2016-10-23T22:32:43.019+0800: 1982.043: Total time for which application threads were stopped: 0.0099240 seconds, Stopping threads took: 0.0000798 seconds
{Heap before GC invocations=417 (full 8):
 par new generation   total 109248K, used 105633K [0x00000007a0000000, 0x00000007a8000000, 0x00000007a8000000)
  eden space 87424K, 100% used [0x00000007a0000000, 0x00000007a5560000, 0x00000007a5560000)
  from space 21824K,  83% used [0x00000007a6ab0000, 0x00000007a7c78500, 0x00000007a8000000)
  to   space 21824K,   0% used [0x00000007a5560000, 0x00000007a5560000, 0x00000007a6ab0000)
 concurrent mark-sweep generation total 393216K, used 189497K [0x00000007a8000000, 0x00000007c0000000, 0x00000007c0000000)
 Metaspace       used 40791K, capacity 41512K, committed 41844K, reserved 1085440K
  class space    used 4663K, capacity 4865K, committed 4988K, reserved 1048576K
2016-10-23T22:32:43.107+0800: 1982.131: [GC (Allocation Failure) 2016-10-23T22:32:43.107+0800: 1982.131: [ParNew
Desired survivor size 20112992 bytes, new threshold 8 (max 8)
- age   1:    3503856 bytes,    3503856 total
- age   2:       3536 bytes,    3507392 total
- age   3:    1530992 bytes,    5038384 total
- age   4:    4435056 bytes,    9473440 total
- age   5:    2990008 bytes,   12463448 total
- age   6:     655136 bytes,   13118584 total
- age   7:    2080288 bytes,   15198872 total
- age   8:    1112512 bytes,   16311384 total
: 105633K->21824K(109248K), 0.0090212 secs] 295130K->212475K(502464K), 0.0090733 secs] [Times: user=0.03 sys=0.00, real=0.01 secs] 
Heap after GC invocations=418 (full 8):
 par new generation   total 109248K, used 21824K [0x00000007a0000000, 0x00000007a8000000, 0x00000007a8000000)
  eden space 87424K,   0% used [0x00000007a0000000, 0x00000007a0000000, 0x00000007a5560000)
  from space 21824K, 100% used [0x00000007a5560000, 0x00000007a6ab0000, 0x00000007a6ab0000)
  to   space 21824K,   0% used [0x00000007a6ab0000, 0x00000007a6ab0000, 0x00000007a8000000)
 concurrent mark-sweep generation total 393216K, used 190651K [0x00000007a8000000, 0x00000007c0000000, 0x00000007c0000000)
 Metaspace       used 40791K, capacity 41512K, committed 41844K, reserved 1085440K
  class space    used 4663K, capacity 4865K, committed 4988K, reserved 1048576K
}
2016-10-23T22:32:43.116+0800: 1982.140: Total time for which application threads were stopped: 0.0093303 seconds, Stopping threads took: 0.0000798 seconds
{Heap before GC invocations=418 (full 8):
 par new generation   total 109248K, used 109248K [0x00000007a0000000, 0x00000007a8000000, 0x00000007a8000000)
  eden space 87424K, 100% used [0x00000007a0000000, 0x00000007a5560000, 0x00000007a5560000)
  from space 21824K, 100% used [0x00000007a5560000, 0x00000007a6ab0000, 0x00000007a6ab0000)
  to   space 21824K,   0% used [0x00000007a6ab0000, 0x00000007a6ab0000, 0x00000007a8000000)
 concurrent mark-sweep generation total 393216K, used 190651K [0x00000007a8000000, 0x00000007c0000000, 0x00000007c0000000)
 Metaspace       used 40791K, capacity 41512K, committed 41844K, reserved 1085440K
  class space    used 4663K, capacity 4865K, committed 4988K, reserved 1048576K
2016-10-23T22:32:43.220+0800: 1982.244: [GC (Allocation Failure) 2016-10-23T22:32:43.220+0800: 1982.244: [ParNew
Desired survivor size 20112992 bytes, new threshold 8 (max 8)
- age   1:    4833984 bytes,    4833984 total
- age   2:    2548344 bytes,    7382328 total
- age   3:       3536 bytes,    7385864 total
- age   4:    1505992 bytes,    8891856 total
- age   5:    4434944 bytes,   13326800 total
- age   6:    2990008 bytes,   16316808 total
- age   7:     655136 bytes,   16971944 total
- age   8:    2080288 bytes,   19052232 total
: 109248K->21824K(109248K), 0.0088603 secs] 299899K->213572K(502464K), 0.0089373 secs] [Times: user=0.03 sys=0.00, real=0.00 secs] 
Heap after GC invocations=419 (full 8):
 par new generation   total 109248K, used 21824K [0x00000007a0000000, 0x00000007a8000000, 0x00000007a8000000)
  eden space 87424K,   0% used [0x00000007a0000000, 0x00000007a0000000, 0x00000007a5560000)
  from space 21824K, 100% used [0x00000007a6ab0000, 0x00000007a8000000, 0x00000007a8000000)
  to   space 21824K,   0% used [0x00000007a5560000, 0x00000007a5560000, 0x00000007a6ab0000)
 concurrent mark-sweep generation total 393216K, used 191748K [0x00000007a8000000, 0x00000007c0000000, 0x00000007c0000000)
 Metaspace       used 40791K, capacity 41512K, committed 41844K, reserved 1085440K
  class space    used 4663K, capacity 4865K, committed 4988K, reserved 1048576K
}
2016-10-23T22:32:43.229+0800: 1982.253: Total time for which application threads were stopped: 0.0091914 seconds, Stopping threads took: 0.0000706 seconds
{Heap before GC invocations=419 (full 8):
 par new generation   total 109248K, used 109248K [0x00000007a0000000, 0x00000007a8000000, 0x00000007a8000000)
  eden space 87424K, 100% used [0x00000007a0000000, 0x00000007a5560000, 0x00000007a5560000)
  from space 21824K, 100% used [0x00000007a6ab0000, 0x00000007a8000000, 0x00000007a8000000)
  to   space 21824K,   0% used [0x00000007a5560000, 0x00000007a5560000, 0x00000007a6ab0000)
 concurrent mark-sweep generation total 393216K, used 191748K [0x00000007a8000000, 0x00000007c0000000, 0x00000007c0000000)
 Metaspace       used 40795K, capacity 41576K, committed 41844K, reserved 1085440K
  class space    used 4663K, capacity 4865K, committed 4988K, reserved 1048576K
2016-10-23T22:32:43.364+0800: 1982.388: [GC (Allocation Failure) 2016-10-23T22:32:43.364+0800: 1982.388: [ParNew
Desired survivor size 20112992 bytes, new threshold 7 (max 8)
- age   1:    5981096 bytes,    5981096 total
- age   2:    3145872 bytes,    9126968 total
- age   3:    2377208 bytes,   11504176 total
- age   4:       3536 bytes,   11507712 total
- age   5:    1452200 bytes,   12959912 total
- age   6:    4369016 bytes,   17328928 total
- age   7:    2990008 bytes,   20318936 total
- age   8:     655136 bytes,   20974072 total
: 109248K->21824K(109248K), 0.0102281 secs] 300996K->216524K(502464K), 0.0102921 secs] [Times: user=0.04 sys=0.00, real=0.01 secs] 
Heap after GC invocations=420 (full 8):
 par new generation   total 109248K, used 21824K [0x00000007a0000000, 0x00000007a8000000, 0x00000007a8000000)
  eden space 87424K,   0% used [0x00000007a0000000, 0x00000007a0000000, 0x00000007a5560000)
  from space 21824K, 100% used [0x00000007a5560000, 0x00000007a6ab0000, 0x00000007a6ab0000)
  to   space 21824K,   0% used [0x00000007a6ab0000, 0x00000007a6ab0000, 0x00000007a8000000)
 concurrent mark-sweep generation total 393216K, used 194700K [0x00000007a8000000, 0x00000007c0000000, 0x00000007c0000000)
 Metaspace       used 40795K, capacity 41576K, committed 41844K, reserved 1085440K
  class space    used 4663K, capacity 4865K, committed 4988K, reserved 1048576K
}
2016-10-23T22:32:43.375+0800: 1982.399: Total time for which application threads were stopped: 0.0105601 seconds, Stopping threads took: 0.0000927 seconds
{Heap before GC invocations=420 (full 8):
 par new generation   total 109248K, used 109248K [0x00000007a0000000, 0x00000007a8000000, 0x00000007a8000000)
  eden space 87424K, 100% used [0x00000007a0000000, 0x00000007a5560000, 0x00000007a5560000)
  from space 21824K, 100% used [0x00000007a5560000, 0x00000007a6ab0000, 0x00000007a6ab0000)
  to   space 21824K,   0% used [0x00000007a6ab0000, 0x00000007a6ab0000, 0x00000007a8000000)
 concurrent mark-sweep generation total 393216K, used 194700K [0x00000007a8000000, 0x00000007c0000000, 0x00000007c0000000)
 Metaspace       used 40795K, capacity 41576K, committed 41844K, reserved 1085440K
  class space    used 4663K, capacity 4865K, committed 4988K, reserved 1048576K
2016-10-23T22:32:43.510+0800: 1982.534: [GC (Allocation Failure) 2016-10-23T22:32:43.510+0800: 1982.534: [ParNew
Desired survivor size 20112992 bytes, new threshold 7 (max 8)
- age   1:    6815584 bytes,    6815584 total
- age   2:    3583624 bytes,   10399208 total
- age   3:    2783432 bytes,   13182640 total
- age   4:    2261648 bytes,   15444288 total
- age   5:       3200 bytes,   15447488 total
- age   6:    1342312 bytes,   16789800 total
- age   7:    4048992 bytes,   20838792 total
: 109248K->21824K(109248K), 0.0128811 secs] 303948K->222102K(502464K), 0.0129760 secs] [Times: user=0.04 sys=0.00, real=0.01 secs] 
Heap after GC invocations=421 (full 8):
 par new generation   total 109248K, used 21824K [0x00000007a0000000, 0x00000007a8000000, 0x00000007a8000000)
  eden space 87424K,   0% used [0x00000007a0000000, 0x00000007a0000000, 0x00000007a5560000)
  from space 21824K, 100% used [0x00000007a6ab0000, 0x00000007a8000000, 0x00000007a8000000)
  to   space 21824K,   0% used [0x00000007a5560000, 0x00000007a5560000, 0x00000007a6ab0000)
 concurrent mark-sweep generation total 393216K, used 200278K [0x00000007a8000000, 0x00000007c0000000, 0x00000007c0000000)
 Metaspace       used 40795K, capacity 41576K, committed 41844K, reserved 1085440K
  class space    used 4663K, capacity 4865K, committed 4988K, reserved 1048576K
}
2016-10-23T22:32:43.523+0800: 1982.547: Total time for which application threads were stopped: 0.0131898 seconds, Stopping threads took: 0.0000239 seconds
2016-10-23T22:32:43.523+0800: 1982.547: [GC (CMS Initial Mark) [1 CMS-initial-mark: 200278K(393216K)] 223570K(502464K), 0.0029616 secs] [Times: user=0.01 sys=0.00, real=0.00 secs] 
2016-10-23T22:32:43.526+0800: 1982.550: Total time for which application threads were stopped: 0.0031522 seconds, Stopping threads took: 0.0000738 seconds
2016-10-23T22:32:43.526+0800: 1982.550: [CMS-concurrent-mark-start]
2016-10-23T22:32:43.536+0800: 1982.560: [CMS-concurrent-mark: 0.010/0.010 secs] [Times: user=0.06 sys=0.00, real=0.01 secs] 
2016-10-23T22:32:43.536+0800: 1982.560: [CMS-concurrent-preclean-start]
2016-10-23T22:32:43.537+0800: 1982.561: [CMS-concurrent-preclean: 0.001/0.001 secs] [Times: user=0.00 sys=0.00, real=0.00 secs] 
2016-10-23T22:32:43.537+0800: 1982.561: [CMS-concurrent-abortable-preclean-start]
2016-10-23T22:32:43.612+0800: 1982.636: [CMS-concurrent-abortable-preclean: 0.075/0.075 secs] [Times: user=0.22 sys=0.01, real=0.08 secs] 
2016-10-23T22:32:43.612+0800: 1982.636: [GC (CMS Final Remark) [YG occupancy: 74541 K (109248 K)]{Heap before GC invocations=421 (full 9):
 par new generation   total 109248K, used 74541K [0x00000007a0000000, 0x00000007a8000000, 0x00000007a8000000)
  eden space 87424K,  60% used [0x00000007a0000000, 0x00000007a337b650, 0x00000007a5560000)
  from space 21824K, 100% used [0x00000007a6ab0000, 0x00000007a8000000, 0x00000007a8000000)
  to   space 21824K,   0% used [0x00000007a5560000, 0x00000007a5560000, 0x00000007a6ab0000)
 concurrent mark-sweep generation total 393216K, used 200278K [0x00000007a8000000, 0x00000007c0000000, 0x00000007c0000000)
 Metaspace       used 40795K, capacity 41576K, committed 41844K, reserved 1085440K
  class space    used 4663K, capacity 4865K, committed 4988K, reserved 1048576K
2016-10-23T22:32:43.612+0800: 1982.636: [GC (CMS Final Remark) 2016-10-23T22:32:43.612+0800: 1982.636: [ParNew
Desired survivor size 20112992 bytes, new threshold 8 (max 8)
- age   1:    5165392 bytes,    5165392 total
- age   2:    5043624 bytes,   10209016 total
- age   3:    3418144 bytes,   13627160 total
- age   4:    2701544 bytes,   16328704 total
- age   5:    2223504 bytes,   18552208 total
- age   6:       3200 bytes,   18555408 total
- age   7:    1256016 bytes,   19811424 total
: 74541K->21824K(109248K), 0.0108098 secs] 274819K->226355K(502464K), 0.0108510 secs] [Times: user=0.04 sys=0.00, real=0.01 secs] 
Heap after GC invocations=422 (full 9):
 par new generation   total 109248K, used 21824K [0x00000007a0000000, 0x00000007a8000000, 0x00000007a8000000)
  eden space 87424K,   0% used [0x00000007a0000000, 0x00000007a0000000, 0x00000007a5560000)
  from space 21824K, 100% used [0x00000007a5560000, 0x00000007a6ab0000, 0x00000007a6ab0000)
  to   space 21824K,   0% used [0x00000007a6ab0000, 0x00000007a6ab0000, 0x00000007a8000000)
 concurrent mark-sweep generation total 393216K, used 204531K [0x00000007a8000000, 0x00000007c0000000, 0x00000007c0000000)
 Metaspace       used 40795K, capacity 41576K, committed 41844K, reserved 1085440K
  class space    used 4663K, capacity 4865K, committed 4988K, reserved 1048576K
}
2016-10-23T22:32:43.623+0800: 1982.647: [Rescan (parallel) , 0.0036803 secs]2016-10-23T22:32:43.627+0800: 1982.651: [weak refs processing, 0.0009593 secs]2016-10-23T22:32:43.628+0800: 1982.652: [class unloading, 0.0120461 secs]2016-10-23T22:32:43.640+0800: 1982.664: [scrub symbol table, 0.0059397 secs]2016-10-23T22:32:43.646+0800: 1982.670: [scrub string table, 0.0005847 secs][1 CMS-remark: 204531K(393216K)] 226355K(502464K), 0.0343384 secs] [Times: user=0.08 sys=0.00, real=0.03 secs] 
2016-10-23T22:32:43.646+0800: 1982.670: Total time for which application threads were stopped: 0.0345011 seconds, Stopping threads took: 0.0000404 seconds
2016-10-23T22:32:43.646+0800: 1982.670: [CMS-concurrent-sweep-start]
2016-10-23T22:32:43.735+0800: 1982.759: [CMS-concurrent-sweep: 0.089/0.089 secs] [Times: user=0.26 sys=0.00, real=0.09 secs] 
2016-10-23T22:32:43.735+0800: 1982.759: [CMS-concurrent-reset-start]
2016-10-23T22:32:43.736+0800: 1982.760: [CMS-concurrent-reset: 0.000/0.000 secs] [Times: user=0.00 sys=0.00, real=0.00 secs] 
{Heap before GC invocations=422 (full 9):
 par new generation   total 109248K, used 109248K [0x00000007a0000000, 0x00000007a8000000, 0x00000007a8000000)
  eden space 87424K, 100% used [0x00000007a0000000, 0x00000007a5560000, 0x00000007a5560000)
  from space 21824K, 100% used [0x00000007a5560000, 0x00000007a6ab0000, 0x00000007a6ab0000)
  to   space 21824K,   0% used [0x00000007a6ab0000, 0x00000007a6ab0000, 0x00000007a8000000)
 concurrent mark-sweep generation total 393216K, used 47525K [0x00000007a8000000, 0x00000007c0000000, 0x00000007c0000000)
 Metaspace       used 40795K, capacity 41576K, committed 41844K, reserved 1085440K
  class space    used 4663K, capacity 4865K, committed 4988K, reserved 1048576K
2016-10-23T22:32:43.787+0800: 1982.811: [GC (Allocation Failure) 2016-10-23T22:32:43.787+0800: 1982.811: [ParNew
Desired survivor size 20112992 bytes, new threshold 6 (max 8)
- age   1:    7335800 bytes,    7335800 total
- age   2:    2393328 bytes,    9729128 total
- age   3:    4292960 bytes,   14022088 total
- age   4:    2951600 bytes,   16973688 total
- age   5:    2371688 bytes,   19345376 total
- age   6:    1983336 bytes,   21328712 total
- age   7:       3200 bytes,   21331912 total
- age   8:    1114632 bytes,   22446544 total
: 109248K->21824K(109248K), 0.0133567 secs] 156773K->72131K(502464K), 0.0134307 secs] [Times: user=0.05 sys=0.00, real=0.02 secs] 
Heap after GC invocations=423 (full 9):
 par new generation   total 109248K, used 21824K [0x00000007a0000000, 0x00000007a8000000, 0x00000007a8000000)
  eden space 87424K,   0% used [0x00000007a0000000, 0x00000007a0000000, 0x00000007a5560000)
  from space 21824K, 100% used [0x00000007a6ab0000, 0x00000007a8000000, 0x00000007a8000000)
  to   space 21824K,   0% used [0x00000007a5560000, 0x00000007a5560000, 0x00000007a6ab0000)
 concurrent mark-sweep generation total 393216K, used 50307K [0x00000007a8000000, 0x00000007c0000000, 0x00000007c0000000)
 Metaspace       used 40795K, capacity 41576K, committed 41844K, reserved 1085440K
  class space    used 4663K, capacity 4865K, committed 4988K, reserved 1048576K
}
2016-10-23T22:32:43.801+0800: 1982.825: Total time for which application threads were stopped: 0.0136835 seconds, Stopping threads took: 0.0000307 seconds
{Heap before GC invocations=423 (full 9):
 par new generation   total 109248K, used 109248K [0x00000007a0000000, 0x00000007a8000000, 0x00000007a8000000)
  eden space 87424K, 100% used [0x00000007a0000000, 0x00000007a5560000, 0x00000007a5560000)
  from space 21824K, 100% used [0x00000007a6ab0000, 0x00000007a8000000, 0x00000007a8000000)
  to   space 21824K,   0% used [0x00000007a5560000, 0x00000007a5560000, 0x00000007a6ab0000)
 concurrent mark-sweep generation total 393216K, used 50307K [0x00000007a8000000, 0x00000007c0000000, 0x00000007c0000000)
 Metaspace       used 40795K, capacity 41576K, committed 41844K, reserved 1085440K
  class space    used 4663K, capacity 4865K, committed 4988K, reserved 1048576K
2016-10-23T22:32:43.955+0800: 1982.979: [GC (Allocation Failure) 2016-10-23T22:32:43.955+0800: 1982.979: [ParNew
Desired survivor size 20112992 bytes, new threshold 6 (max 8)
- age   1:    6249664 bytes,    6249664 total
- age   2:    5368832 bytes,   11618496 total
- age   3:    1904592 bytes,   13523088 total
- age   4:    3603600 bytes,   17126688 total
- age   5:    2285080 bytes,   19411768 total
- age   6:    1852224 bytes,   21263992 total
: 109248K->21824K(109248K), 0.0129245 secs] 159555K->76967K(502464K), 0.0129885 secs] [Times: user=0.04 sys=0.00, real=0.01 secs] 
Heap after GC invocations=424 (full 9):
 par new generation   total 109248K, used 21824K [0x00000007a0000000, 0x00000007a8000000, 0x00000007a8000000)
  eden space 87424K,   0% used [0x00000007a0000000, 0x00000007a0000000, 0x00000007a5560000)
  from space 21824K, 100% used [0x00000007a5560000, 0x00000007a6ab0000, 0x00000007a6ab0000)
  to   space 21824K,   0% used [0x00000007a6ab0000, 0x00000007a6ab0000, 0x00000007a8000000)
 concurrent mark-sweep generation total 393216K, used 55143K [0x00000007a8000000, 0x00000007c0000000, 0x00000007c0000000)
 Metaspace       used 40795K, capacity 41576K, committed 41844K, reserved 1085440K
  class space    used 4663K, capacity 4865K, committed 4988K, reserved 1048576K
}
2016-10-23T22:32:43.968+0800: 1982.992: Total time for which application threads were stopped: 0.0132708 seconds, Stopping threads took: 0.0000919 seconds
{Heap before GC invocations=424 (full 9):
 par new generation   total 109248K, used 109248K [0x00000007a0000000, 0x00000007a8000000, 0x00000007a8000000)
  eden space 87424K, 100% used [0x00000007a0000000, 0x00000007a5560000, 0x00000007a5560000)
  from space 21824K, 100% used [0x00000007a5560000, 0x00000007a6ab0000, 0x00000007a6ab0000)
  to   space 21824K,   0% used [0x00000007a6ab0000, 0x00000007a6ab0000, 0x00000007a8000000)
 concurrent mark-sweep generation total 393216K, used 55143K [0x00000007a8000000, 0x00000007c0000000, 0x00000007c0000000)
 Metaspace       used 40795K, capacity 41576K, committed 41844K, reserved 1085440K
  class space    used 4663K, capacity 4865K, committed 4988K, reserved 1048576K
2016-10-23T22:32:43.997+0800: 1983.021: [GC (Allocation Failure) 2016-10-23T22:32:43.998+0800: 1983.022: [ParNew
Desired survivor size 20112992 bytes, new threshold 8 (max 8)
- age   1:    1284896 bytes,    1284896 total
- age   2:    5459728 bytes,    6744624 total
- age   3:    5366744 bytes,   12111368 total
- age   4:    1903392 bytes,   14014760 total
- age   5:    3600936 bytes,   17615696 total
- age   6:    2282656 bytes,   19898352 total
: 109248K->21824K(109248K), 0.0087784 secs] 164391K->78818K(502464K), 0.0088604 secs] [Times: user=0.03 sys=0.00, real=0.01 secs] 
Heap after GC invocations=425 (full 9):
 par new generation   total 109248K, used 21824K [0x00000007a0000000, 0x00000007a8000000, 0x00000007a8000000)
  eden space 87424K,   0% used [0x00000007a0000000, 0x00000007a0000000, 0x00000007a5560000)
  from space 21824K, 100% used [0x00000007a6ab0000, 0x00000007a8000000, 0x00000007a8000000)
  to   space 21824K,   0% used [0x00000007a5560000, 0x00000007a5560000, 0x00000007a6ab0000)
 concurrent mark-sweep generation total 393216K, used 56994K [0x00000007a8000000, 0x00000007c0000000, 0x00000007c0000000)
 Metaspace       used 40795K, capacity 41576K, committed 41844K, reserved 1085440K
  class space    used 4663K, capacity 4865K, committed 4988K, reserved 1048576K
}
2016-10-23T22:32:44.006+0800: 1983.030: Total time for which application threads were stopped: 0.0091099 seconds, Stopping threads took: 0.0000684 seconds
{Heap before GC invocations=425 (full 9):
 par new generation   total 109248K, used 109248K [0x00000007a0000000, 0x00000007a8000000, 0x00000007a8000000)
  eden space 87424K, 100% used [0x00000007a0000000, 0x00000007a5560000, 0x00000007a5560000)
  from space 21824K, 100% used [0x00000007a6ab0000, 0x00000007a8000000, 0x00000007a8000000)
  to   space 21824K,   0% used [0x00000007a5560000, 0x00000007a5560000, 0x00000007a6ab0000)
 concurrent mark-sweep generation total 393216K, used 56994K [0x00000007a8000000, 0x00000007c0000000, 0x00000007c0000000)
 Metaspace       used 40795K, capacity 41576K, committed 41844K, reserved 1085440K
  class space    used 4663K, capacity 4865K, committed 4988K, reserved 1048576K
2016-10-23T22:32:44.105+0800: 1983.129: [GC (Allocation Failure) 2016-10-23T22:32:44.105+0800: 1983.129: [ParNew
Desired survivor size 20112992 bytes, new threshold 7 (max 8)
- age   1:    3894696 bytes,    3894696 total
- age   2:     656936 bytes,    4551632 total
- age   3:    4545552 bytes,    9097184 total
- age   4:    4630624 bytes,   13727808 total
- age   5:    1660024 bytes,   15387832 total
- age   6:    3201680 bytes,   18589512 total
- age   7:    1891224 bytes,   20480736 total
: 109248K->21824K(109248K), 0.0090744 secs] 166242K->79759K(502464K), 0.0091352 secs] [Times: user=0.03 sys=0.00, real=0.01 secs] 
Heap after GC invocations=426 (full 9):
 par new generation   total 109248K, used 21824K [0x00000007a0000000, 0x00000007a8000000, 0x00000007a8000000)
  eden space 87424K,   0% used [0x00000007a0000000, 0x00000007a0000000, 0x00000007a5560000)
  from space 21824K, 100% used [0x00000007a5560000, 0x00000007a6ab0000, 0x00000007a6ab0000)
  to   space 21824K,   0% used [0x00000007a6ab0000, 0x00000007a6ab0000, 0x00000007a8000000)
 concurrent mark-sweep generation total 393216K, used 57935K [0x00000007a8000000, 0x00000007c0000000, 0x00000007c0000000)
 Metaspace       used 40795K, capacity 41576K, committed 41844K, reserved 1085440K
  class space    used 4663K, capacity 4865K, committed 4988K, reserved 1048576K
}
2016-10-23T22:32:44.115+0800: 1983.139: Total time for which application threads were stopped: 0.0093636 seconds, Stopping threads took: 0.0000691 seconds
{Heap before GC invocations=426 (full 9):
 par new generation   total 109248K, used 109248K [0x00000007a0000000, 0x00000007a8000000, 0x00000007a8000000)
  eden space 87424K, 100% used [0x00000007a0000000, 0x00000007a5560000, 0x00000007a5560000)
  from space 21824K, 100% used [0x00000007a5560000, 0x00000007a6ab0000, 0x00000007a6ab0000)
  to   space 21824K,   0% used [0x00000007a6ab0000, 0x00000007a6ab0000, 0x00000007a8000000)
 concurrent mark-sweep generation total 393216K, used 57935K [0x00000007a8000000, 0x00000007c0000000, 0x00000007c0000000)
 Metaspace       used 40795K, capacity 41576K, committed 41844K, reserved 1085440K
  class space    used 4663K, capacity 4865K, committed 4988K, reserved 1048576K
2016-10-23T22:32:44.295+0800: 1983.319: [GC (Allocation Failure) 2016-10-23T22:32:44.295+0800: 1983.319: [ParNew
Desired survivor size 20112992 bytes, new threshold 7 (max 8)
- age   1:    6205136 bytes,    6205136 total
- age   2:    2617680 bytes,    8822816 total
- age   3:     480248 bytes,    9303064 total
- age   4:    3914496 bytes,   13217560 total
- age   5:    4115816 bytes,   17333376 total
- age   6:    1478336 bytes,   18811712 total
- age   7:    2907584 bytes,   21719296 total
: 109248K->21824K(109248K), 0.0136373 secs] 167183K->83554K(502464K), 0.0137042 secs] [Times: user=0.04 sys=0.00, real=0.01 secs] 
Heap after GC invocations=427 (full 9):
 par new generation   total 109248K, used 21824K [0x00000007a0000000, 0x00000007a8000000, 0x00000007a8000000)
  eden space 87424K,   0% used [0x00000007a0000000, 0x00000007a0000000, 0x00000007a5560000)
  from space 21824K, 100% used [0x00000007a6ab0000, 0x00000007a8000000, 0x00000007a8000000)
  to   space 21824K,   0% used [0x00000007a5560000, 0x00000007a5560000, 0x00000007a6ab0000)
 concurrent mark-sweep generation total 393216K, used 61730K [0x00000007a8000000, 0x00000007c0000000, 0x00000007c0000000)
 Metaspace       used 40795K, capacity 41576K, committed 41844K, reserved 1085440K
  class space    used 4663K, capacity 4865K, committed 4988K, reserved 1048576K
}
2016-10-23T22:32:44.308+0800: 1983.332: Total time for which application threads were stopped: 0.0139617 seconds, Stopping threads took: 0.0000757 seconds
{Heap before GC invocations=427 (full 9):
 par new generation   total 109248K, used 109248K [0x00000007a0000000, 0x00000007a8000000, 0x00000007a8000000)
  eden space 87424K, 100% used [0x00000007a0000000, 0x00000007a5560000, 0x00000007a5560000)
  from space 21824K, 100% used [0x00000007a6ab0000, 0x00000007a8000000, 0x00000007a8000000)
  to   space 21824K,   0% used [0x00000007a5560000, 0x00000007a5560000, 0x00000007a6ab0000)
 concurrent mark-sweep generation total 393216K, used 61730K [0x00000007a8000000, 0x00000007c0000000, 0x00000007c0000000)
 Metaspace       used 40795K, capacity 41576K, committed 41844K, reserved 1085440K
  class space    used 4663K, capacity 4865K, committed 4988K, reserved 1048576K
2016-10-23T22:32:44.486+0800: 1983.510: [GC (Allocation Failure) 2016-10-23T22:32:44.486+0800: 1983.510: [ParNew
Desired survivor size 20112992 bytes, new threshold 8 (max 8)
- age   1:    4906224 bytes,    4906224 total
- age   2:    3799296 bytes,    8705520 total
- age   3:    2358680 bytes,   11064200 total
- age   4:     407944 bytes,   11472144 total
- age   5:    3140736 bytes,   14612880 total
- age   6:    3778472 bytes,   18391352 total
- age   7:    1466864 bytes,   19858216 total
: 109248K->21824K(109248K), 0.0274367 secs] 170978K->90009K(502464K), 0.0275024 secs] [Times: user=0.06 sys=0.01, real=0.03 secs] 
Heap after GC invocations=428 (full 9):
 par new generation   total 109248K, used 21824K [0x00000007a0000000, 0x00000007a8000000, 0x00000007a8000000)
  eden space 87424K,   0% used [0x00000007a0000000, 0x00000007a0000000, 0x00000007a5560000)
  from space 21824K, 100% used [0x00000007a5560000, 0x00000007a6ab0000, 0x00000007a6ab0000)
  to   space 21824K,   0% used [0x00000007a6ab0000, 0x00000007a6ab0000, 0x00000007a8000000)
 concurrent mark-sweep generation total 393216K, used 68185K [0x00000007a8000000, 0x00000007c0000000, 0x00000007c0000000)
 Metaspace       used 40795K, capacity 41576K, committed 41844K, reserved 1085440K
  class space    used 4663K, capacity 4865K, committed 4988K, reserved 1048576K
}
2016-10-23T22:32:44.514+0800: 1983.538: Total time for which application threads were stopped: 0.0276846 seconds, Stopping threads took: 0.0000211 seconds
{Heap before GC invocations=428 (full 9):
 par new generation   total 109248K, used 109248K [0x00000007a0000000, 0x00000007a8000000, 0x00000007a8000000)
  eden space 87424K, 100% used [0x00000007a0000000, 0x00000007a5560000, 0x00000007a5560000)
  from space 21824K, 100% used [0x00000007a5560000, 0x00000007a6ab0000, 0x00000007a6ab0000)
  to   space 21824K,   0% used [0x00000007a6ab0000, 0x00000007a6ab0000, 0x00000007a8000000)
 concurrent mark-sweep generation total 393216K, used 68185K [0x00000007a8000000, 0x00000007c0000000, 0x00000007c0000000)
 Metaspace       used 40795K, capacity 41576K, committed 41844K, reserved 1085440K
  class space    used 4663K, capacity 4865K, committed 4988K, reserved 1048576K
2016-10-23T22:32:44.704+0800: 1983.728: [GC (Allocation Failure) 2016-10-23T22:32:44.704+0800: 1983.728: [ParNew
Desired survivor size 20112992 bytes, new threshold 7 (max 8)
- age   1:    6545344 bytes,    6545344 total
- age   2:    2774456 bytes,    9319800 total
- age   3:    2183920 bytes,   11503720 total
- age   4:    1850768 bytes,   13354488 total
- age   5:     349352 bytes,   13703840 total
- age   6:    2899984 bytes,   16603824 total
- age   7:    3778424 bytes,   20382248 total
- age   8:    1466864 bytes,   21849112 total
: 109248K->21824K(109248K), 0.0211608 secs] 177433K->94575K(502464K), 0.0212705 secs] [Times: user=0.08 sys=0.01, real=0.02 secs] 
Heap after GC invocations=429 (full 9):
 par new generation   total 109248K, used 21824K [0x00000007a0000000, 0x00000007a8000000, 0x00000007a8000000)
  eden space 87424K,   0% used [0x00000007a0000000, 0x00000007a0000000, 0x00000007a5560000)
  from space 21824K, 100% used [0x00000007a6ab0000, 0x00000007a8000000, 0x00000007a8000000)
  to   space 21824K,   0% used [0x00000007a5560000, 0x00000007a5560000, 0x00000007a6ab0000)
 concurrent mark-sweep generation total 393216K, used 72751K [0x00000007a8000000, 0x00000007c0000000, 0x00000007c0000000)
 Metaspace       used 40795K, capacity 41576K, committed 41844K, reserved 1085440K
  class space    used 4663K, capacity 4865K, committed 4988K, reserved 1048576K
}
2016-10-23T22:32:44.725+0800: 1983.749: Total time for which application threads were stopped: 0.0217974 seconds, Stopping threads took: 0.0001357 seconds
{Heap before GC invocations=429 (full 9):
 par new generation   total 109248K, used 109248K [0x00000007a0000000, 0x00000007a8000000, 0x00000007a8000000)
  eden space 87424K, 100% used [0x00000007a0000000, 0x00000007a5560000, 0x00000007a5560000)
  from space 21824K, 100% used [0x00000007a6ab0000, 0x00000007a8000000, 0x00000007a8000000)
  to   space 21824K,   0% used [0x00000007a5560000, 0x00000007a5560000, 0x00000007a6ab0000)
 concurrent mark-sweep generation total 393216K, used 72751K [0x00000007a8000000, 0x00000007c0000000, 0x00000007c0000000)
 Metaspace       used 40795K, capacity 41576K, committed 41844K, reserved 1085440K
  class space    used 4663K, capacity 4865K, committed 4988K, reserved 1048576K
2016-10-23T22:32:44.951+0800: 1983.975: [GC (Allocation Failure) 2016-10-23T22:32:44.951+0800: 1983.975: [ParNew
Desired survivor size 20112992 bytes, new threshold 8 (max 8)
- age   1:    7671240 bytes,    7671240 total
- age   2:    3785416 bytes,   11456656 total
- age   3:    2238472 bytes,   13695128 total
- age   4:    1782520 bytes,   15477648 total
- age   5:    1642856 bytes,   17120504 total
- age   6:     306536 bytes,   17427040 total
- age   7:    2656800 bytes,   20083840 total
: 109248K->21824K(109248K), 0.0328000 secs] 181999K->100089K(502464K), 0.0330807 secs] [Times: user=0.08 sys=0.01, real=0.03 secs] 
Heap after GC invocations=430 (full 9):
 par new generation   total 109248K, used 21824K [0x00000007a0000000, 0x00000007a8000000, 0x00000007a8000000)
  eden space 87424K,   0% used [0x00000007a0000000, 0x00000007a0000000, 0x00000007a5560000)
  from space 21824K, 100% used [0x00000007a5560000, 0x00000007a6ab0000, 0x00000007a6ab0000)
  to   space 21824K,   0% used [0x00000007a6ab0000, 0x00000007a6ab0000, 0x00000007a8000000)
 concurrent mark-sweep generation total 393216K, used 78265K [0x00000007a8000000, 0x00000007c0000000, 0x00000007c0000000)
 Metaspace       used 40795K, capacity 41576K, committed 41844K, reserved 1085440K
  class space    used 4663K, capacity 4865K, committed 4988K, reserved 1048576K
}
2016-10-23T22:32:44.984+0800: 1984.008: Total time for which application threads were stopped: 0.0337799 seconds, Stopping threads took: 0.0001549 seconds
{Heap before GC invocations=430 (full 9):
 par new generation   total 109248K, used 109248K [0x00000007a0000000, 0x00000007a8000000, 0x00000007a8000000)
  eden space 87424K, 100% used [0x00000007a0000000, 0x00000007a5560000, 0x00000007a5560000)
  from space 21824K, 100% used [0x00000007a5560000, 0x00000007a6ab0000, 0x00000007a6ab0000)
  to   space 21824K,   0% used [0x00000007a6ab0000, 0x00000007a6ab0000, 0x00000007a8000000)
 concurrent mark-sweep generation total 393216K, used 78265K [0x00000007a8000000, 0x00000007c0000000, 0x00000007c0000000)
 Metaspace       used 40795K, capacity 41576K, committed 41844K, reserved 1085440K
  class space    used 4663K, capacity 4865K, committed 4988K, reserved 1048576K
2016-10-23T22:32:45.144+0800: 1984.168: [GC (Allocation Failure) 2016-10-23T22:32:45.144+0800: 1984.168: [ParNew
Desired survivor size 20112992 bytes, new threshold 8 (max 8)
- age   1:    1989440 bytes,    1989440 total
- age   2:    7205184 bytes,    9194624 total
- age   3:    3661216 bytes,   12855840 total
- age   4:    2130552 bytes,   14986392 total
- age   5:    1660104 bytes,   16646496 total
- age   6:    1582400 bytes,   18228896 total
- age   7:     297008 bytes,   18525904 total
- age   8:    2517112 bytes,   21043016 total
: 109248K->21824K(109248K), 0.0208078 secs] 187513K->100375K(502464K), 0.0209137 secs] [Times: user=0.07 sys=0.00, real=0.02 secs] 
Heap after GC invocations=431 (full 9):
 par new generation   total 109248K, used 21824K [0x00000007a0000000, 0x00000007a8000000, 0x00000007a8000000)
  eden space 87424K,   0% used [0x00000007a0000000, 0x00000007a0000000, 0x00000007a5560000)
  from space 21824K, 100% used [0x00000007a6ab0000, 0x00000007a8000000, 0x00000007a8000000)
  to   space 21824K,   0% used [0x00000007a5560000, 0x00000007a5560000, 0x00000007a6ab0000)
 concurrent mark-sweep generation total 393216K, used 78551K [0x00000007a8000000, 0x00000007c0000000, 0x00000007c0000000)
 Metaspace       used 40795K, capacity 41576K, committed 41844K, reserved 1085440K
  class space    used 4663K, capacity 4865K, committed 4988K, reserved 1048576K
}
2016-10-23T22:32:45.166+0800: 1984.190: Total time for which application threads were stopped: 0.0233724 seconds, Stopping threads took: 0.0014791 seconds
{Heap before GC invocations=431 (full 9):
 par new generation   total 109248K, used 109248K [0x00000007a0000000, 0x00000007a8000000, 0x00000007a8000000)
  eden space 87424K, 100% used [0x00000007a0000000, 0x00000007a5560000, 0x00000007a5560000)
  from space 21824K, 100% used [0x00000007a6ab0000, 0x00000007a8000000, 0x00000007a8000000)
  to   space 21824K,   0% used [0x00000007a5560000, 0x00000007a5560000, 0x00000007a6ab0000)
 concurrent mark-sweep generation total 393216K, used 78551K [0x00000007a8000000, 0x00000007c0000000, 0x00000007c0000000)
 Metaspace       used 40795K, capacity 41576K, committed 41844K, reserved 1085440K
  class space    used 4663K, capacity 4865K, committed 4988K, reserved 1048576K
2016-10-23T22:32:45.383+0800: 1984.408: [GC (Allocation Failure) 2016-10-23T22:32:45.384+0800: 1984.408: [ParNew
Desired survivor size 20112992 bytes, new threshold 8 (max 8)
- age   1:    2969000 bytes,    2969000 total
- age   2:    1124744 bytes,    4093744 total
- age   3:    6002648 bytes,   10096392 total
- age   4:    2690632 bytes,   12787024 total
- age   5:    1417160 bytes,   14204184 total
- age   6:     990880 bytes,   15195064 total
- age   7:    1055264 bytes,   16250328 total
- age   8:     219208 bytes,   16469536 total
: 109248K->21824K(109248K), 0.0167717 secs] 187799K->102519K(502464K), 0.0169048 secs] [Times: user=0.06 sys=0.01, real=0.02 secs] 
Heap after GC invocations=432 (full 9):
 par new generation   total 109248K, used 21824K [0x00000007a0000000, 0x00000007a8000000, 0x00000007a8000000)
  eden space 87424K,   0% used [0x00000007a0000000, 0x00000007a0000000, 0x00000007a5560000)
  from space 21824K, 100% used [0x00000007a5560000, 0x00000007a6ab0000, 0x00000007a6ab0000)
  to   space 21824K,   0% used [0x00000007a6ab0000, 0x00000007a6ab0000, 0x00000007a8000000)
 concurrent mark-sweep generation total 393216K, used 80695K [0x00000007a8000000, 0x00000007c0000000, 0x00000007c0000000)
 Metaspace       used 40795K, capacity 41576K, committed 41844K, reserved 1085440K
  class space    used 4663K, capacity 4865K, committed 4988K, reserved 1048576K
}
2016-10-23T22:32:45.401+0800: 1984.425: Total time for which application threads were stopped: 0.0174268 seconds, Stopping threads took: 0.0000347 seconds
{Heap before GC invocations=432 (full 9):
 par new generation   total 109248K, used 109248K [0x00000007a0000000, 0x00000007a8000000, 0x00000007a8000000)
  eden space 87424K, 100% used [0x00000007a0000000, 0x00000007a5560000, 0x00000007a5560000)
  from space 21824K, 100% used [0x00000007a5560000, 0x00000007a6ab0000, 0x00000007a6ab0000)
  to   space 21824K,   0% used [0x00000007a6ab0000, 0x00000007a6ab0000, 0x00000007a8000000)
 concurrent mark-sweep generation total 393216K, used 80695K [0x00000007a8000000, 0x00000007c0000000, 0x00000007c0000000)
 Metaspace       used 40802K, capacity 41576K, committed 41844K, reserved 1085440K
  class space    used 4663K, capacity 4865K, committed 4988K, reserved 1048576K
2016-10-23T22:32:45.962+0800: 1984.986: [GC (Allocation Failure) 2016-10-23T22:32:45.962+0800: 1984.986: [ParNew
Desired survivor size 20112992 bytes, new threshold 8 (max 8)
- age   1:    4472936 bytes,    4472936 total
- age   2:    1619728 bytes,    6092664 total
- age   3:     921208 bytes,    7013872 total
- age   4:    5187536 bytes,   12201408 total
- age   5:    2690632 bytes,   14892040 total
- age   6:    1417160 bytes,   16309200 total
- age   7:     990904 bytes,   17300104 total
- age   8:    1054496 bytes,   18354600 total
: 109248K->21824K(109248K), 0.0165536 secs] 189943K->102794K(502464K), 0.0167568 secs] [Times: user=0.08 sys=0.01, real=0.01 secs] 
Heap after GC invocations=433 (full 9):
 par new generation   total 109248K, used 21824K [0x00000007a0000000, 0x00000007a8000000, 0x00000007a8000000)
  eden space 87424K,   0% used [0x00000007a0000000, 0x00000007a0000000, 0x00000007a5560000)
  from space 21824K, 100% used [0x00000007a6ab0000, 0x00000007a8000000, 0x00000007a8000000)
  to   space 21824K,   0% used [0x00000007a5560000, 0x00000007a5560000, 0x00000007a6ab0000)
 concurrent mark-sweep generation total 393216K, used 80970K [0x00000007a8000000, 0x00000007c0000000, 0x00000007c0000000)
 Metaspace       used 40802K, capacity 41576K, committed 41844K, reserved 1085440K
  class space    used 4663K, capacity 4865K, committed 4988K, reserved 1048576K
}
2016-10-23T22:32:45.979+0800: 1985.003: Total time for which application threads were stopped: 0.0170664 seconds, Stopping threads took: 0.0000205 seconds
{Heap before GC invocations=433 (full 9):
 par new generation   total 109248K, used 109248K [0x00000007a0000000, 0x00000007a8000000, 0x00000007a8000000)
  eden space 87424K, 100% used [0x00000007a0000000, 0x00000007a5560000, 0x00000007a5560000)
  from space 21824K, 100% used [0x00000007a6ab0000, 0x00000007a8000000, 0x00000007a8000000)
  to   space 21824K,   0% used [0x00000007a5560000, 0x00000007a5560000, 0x00000007a6ab0000)
 concurrent mark-sweep generation total 393216K, used 80970K [0x00000007a8000000, 0x00000007c0000000, 0x00000007c0000000)
 Metaspace       used 40809K, capacity 41576K, committed 41844K, reserved 1085440K
  class space    used 4663K, capacity 4865K, committed 4988K, reserved 1048576K
2016-10-23T22:32:46.466+0800: 1985.490: [GC (Allocation Failure) 2016-10-23T22:32:46.466+0800: 1985.491: [ParNew
Desired survivor size 20112992 bytes, new threshold 8 (max 8)
- age   1:    4190408 bytes,    4190408 total
- age   2:     349976 bytes,    4540384 total
- age   3:     292488 bytes,    4832872 total
- age   4:     149880 bytes,    4982752 total
- age   5:    4297976 bytes,    9280728 total
- age   6:    2690608 bytes,   11971336 total
- age   7:    1417112 bytes,   13388448 total
- age   8:     990808 bytes,   14379256 total
: 109248K->20282K(109248K), 0.0165463 secs] 190218K->102284K(502464K), 0.0166215 secs] [Times: user=0.07 sys=0.01, real=0.02 secs] 
Heap after GC invocations=434 (full 9):
 par new generation   total 109248K, used 20282K [0x00000007a0000000, 0x00000007a8000000, 0x00000007a8000000)
  eden space 87424K,   0% used [0x00000007a0000000, 0x00000007a0000000, 0x00000007a5560000)
  from space 21824K,  92% used [0x00000007a5560000, 0x00000007a692e938, 0x00000007a6ab0000)
  to   space 21824K,   0% used [0x00000007a6ab0000, 0x00000007a6ab0000, 0x00000007a8000000)
 concurrent mark-sweep generation total 393216K, used 82002K [0x00000007a8000000, 0x00000007c0000000, 0x00000007c0000000)
 Metaspace       used 40809K, capacity 41576K, committed 41844K, reserved 1085440K
  class space    used 4663K, capacity 4865K, committed 4988K, reserved 1048576K
}
2016-10-23T22:32:46.483+0800: 1985.507: Total time for which application threads were stopped: 0.0168411 seconds, Stopping threads took: 0.0000208 seconds
{Heap before GC invocations=434 (full 9):
 par new generation   total 109248K, used 107706K [0x00000007a0000000, 0x00000007a8000000, 0x00000007a8000000)
  eden space 87424K, 100% used [0x00000007a0000000, 0x00000007a5560000, 0x00000007a5560000)
  from space 21824K,  92% used [0x00000007a5560000, 0x00000007a692e938, 0x00000007a6ab0000)
  to   space 21824K,   0% used [0x00000007a6ab0000, 0x00000007a6ab0000, 0x00000007a8000000)
 concurrent mark-sweep generation total 393216K, used 82002K [0x00000007a8000000, 0x00000007c0000000, 0x00000007c0000000)
 Metaspace       used 40809K, capacity 41576K, committed 41844K, reserved 1085440K
  class space    used 4663K, capacity 4865K, committed 4988K, reserved 1048576K
2016-10-23T22:32:46.927+0800: 1985.951: [GC (Allocation Failure) 2016-10-23T22:32:46.927+0800: 1985.951: [ParNew
Desired survivor size 20112992 bytes, new threshold 8 (max 8)
- age   1:    5419352 bytes,    5419352 total
- age   2:    3375952 bytes,    8795304 total
- age   3:     349904 bytes,    9145208 total
- age   4:     291640 bytes,    9436848 total
- age   5:     149880 bytes,    9586728 total
- age   6:    4297952 bytes,   13884680 total
- age   7:    2690608 bytes,   16575288 total
- age   8:    1417112 bytes,   17992400 total
: 107706K->20963K(109248K), 0.0092635 secs] 189708K->103937K(502464K), 0.0093353 secs] [Times: user=0.03 sys=0.00, real=0.01 secs] 
Heap after GC invocations=435 (full 9):
 par new generation   total 109248K, used 20963K [0x00000007a0000000, 0x00000007a8000000, 0x00000007a8000000)
  eden space 87424K,   0% used [0x00000007a0000000, 0x00000007a0000000, 0x00000007a5560000)
  from space 21824K,  96% used [0x00000007a6ab0000, 0x00000007a7f28d48, 0x00000007a8000000)
  to   space 21824K,   0% used [0x00000007a5560000, 0x00000007a5560000, 0x00000007a6ab0000)
 concurrent mark-sweep generation total 393216K, used 82974K [0x00000007a8000000, 0x00000007c0000000, 0x00000007c0000000)
 Metaspace       used 40809K, capacity 41576K, committed 41844K, reserved 1085440K
  class space    used 4663K, capacity 4865K, committed 4988K, reserved 1048576K
}
2016-10-23T22:32:46.936+0800: 1985.961: Total time for which application threads were stopped: 0.0095738 seconds, Stopping threads took: 0.0000448 seconds
{Heap before GC invocations=435 (full 9):
 par new generation   total 109248K, used 108387K [0x00000007a0000000, 0x00000007a8000000, 0x00000007a8000000)
  eden space 87424K, 100% used [0x00000007a0000000, 0x00000007a5560000, 0x00000007a5560000)
  from space 21824K,  96% used [0x00000007a6ab0000, 0x00000007a7f28d48, 0x00000007a8000000)
  to   space 21824K,   0% used [0x00000007a5560000, 0x00000007a5560000, 0x00000007a6ab0000)
 concurrent mark-sweep generation total 393216K, used 82974K [0x00000007a8000000, 0x00000007c0000000, 0x00000007c0000000)
 Metaspace       used 40809K, capacity 41576K, committed 41844K, reserved 1085440K
  class space    used 4663K, capacity 4865K, committed 4988K, reserved 1048576K
2016-10-23T22:32:47.249+0800: 1986.273: [GC (Allocation Failure) 2016-10-23T22:32:47.249+0800: 1986.273: [ParNew
Desired survivor size 20112992 bytes, new threshold 8 (max 8)
- age   1:    4338696 bytes,    4338696 total
- age   2:    3660336 bytes,    7999032 total
- age   3:    2687128 bytes,   10686160 total
- age   4:     349808 bytes,   11035968 total
- age   5:     291640 bytes,   11327608 total
- age   6:     149880 bytes,   11477488 total
- age   7:    4330736 bytes,   15808224 total
- age   8:    2690608 bytes,   18498832 total
: 108387K->21824K(109248K), 0.0173332 secs] 191361K->106418K(502464K), 0.0174120 secs] [Times: user=0.06 sys=0.01, real=0.02 secs] 
Heap after GC invocations=436 (full 9):
 par new generation   total 109248K, used 21824K [0x00000007a0000000, 0x00000007a8000000, 0x00000007a8000000)
  eden space 87424K,   0% used [0x00000007a0000000, 0x00000007a0000000, 0x00000007a5560000)
  from space 21824K, 100% used [0x00000007a5560000, 0x00000007a6ab0000, 0x00000007a6ab0000)
  to   space 21824K,   0% used [0x00000007a6ab0000, 0x00000007a6ab0000, 0x00000007a8000000)
 concurrent mark-sweep generation total 393216K, used 84594K [0x00000007a8000000, 0x00000007c0000000, 0x00000007c0000000)
 Metaspace       used 40809K, capacity 41576K, committed 41844K, reserved 1085440K
  class space    used 4663K, capacity 4865K, committed 4988K, reserved 1048576K
}
2016-10-23T22:32:47.266+0800: 1986.290: Total time for which application threads were stopped: 0.0176933 seconds, Stopping threads took: 0.0000658 seconds
2016-10-23T22:32:47.331+0800: 1986.355: Total time for which application threads were stopped: 0.0002495 seconds, Stopping threads took: 0.0001023 seconds
{Heap before GC invocations=436 (full 9):
 par new generation   total 109248K, used 109248K [0x00000007a0000000, 0x00000007a8000000, 0x00000007a8000000)
  eden space 87424K, 100% used [0x00000007a0000000, 0x00000007a5560000, 0x00000007a5560000)
  from space 21824K, 100% used [0x00000007a5560000, 0x00000007a6ab0000, 0x00000007a6ab0000)
  to   space 21824K,   0% used [0x00000007a6ab0000, 0x00000007a6ab0000, 0x00000007a8000000)
 concurrent mark-sweep generation total 393216K, used 84594K [0x00000007a8000000, 0x00000007c0000000, 0x00000007c0000000)
 Metaspace       used 40811K, capacity 41576K, committed 41844K, reserved 1085440K
  class space    used 4663K, capacity 4865K, committed 4988K, reserved 1048576K
2016-10-23T22:32:47.497+0800: 1986.521: [GC (Allocation Failure) 2016-10-23T22:32:47.497+0800: 1986.521: [ParNew
Desired survivor size 20112992 bytes, new threshold 8 (max 8)
- age   1:    2095168 bytes,    2095168 total
- age   2:    1602616 bytes,    3697784 total
- age   3:     401912 bytes,    4099696 total
- age   4:     445544 bytes,    4545240 total
- age   5:     348992 bytes,    4894232 total
- age   6:     290808 bytes,    5185040 total
- age   7:     149880 bytes,    5334920 total
- age   8:    4297952 bytes,    9632872 total
: 109248K->17390K(109248K), 0.0194131 secs] 193842K->104624K(502464K), 0.0194946 secs] [Times: user=0.05 sys=0.00, real=0.02 secs] 
Heap after GC invocations=437 (full 9):
 par new generation   total 109248K, used 17390K [0x00000007a0000000, 0x00000007a8000000, 0x00000007a8000000)
  eden space 87424K,   0% used [0x00000007a0000000, 0x00000007a0000000, 0x00000007a5560000)
  from space 21824K,  79% used [0x00000007a6ab0000, 0x00000007a7bab880, 0x00000007a8000000)
  to   space 21824K,   0% used [0x00000007a5560000, 0x00000007a5560000, 0x00000007a6ab0000)
 concurrent mark-sweep generation total 393216K, used 87234K [0x00000007a8000000, 0x00000007c0000000, 0x00000007c0000000)
 Metaspace       used 40811K, capacity 41576K, committed 41844K, reserved 1085440K
  class space    used 4663K, capacity 4865K, committed 4988K, reserved 1048576K
}
2016-10-23T22:32:47.517+0800: 1986.541: Total time for which application threads were stopped: 0.0198692 seconds, Stopping threads took: 0.0000951 seconds
{Heap before GC invocations=437 (full 9):
 par new generation   total 109248K, used 104814K [0x00000007a0000000, 0x00000007a8000000, 0x00000007a8000000)
  eden space 87424K, 100% used [0x00000007a0000000, 0x00000007a5560000, 0x00000007a5560000)
  from space 21824K,  79% used [0x00000007a6ab0000, 0x00000007a7bab880, 0x00000007a8000000)
  to   space 21824K,   0% used [0x00000007a5560000, 0x00000007a5560000, 0x00000007a6ab0000)
 concurrent mark-sweep generation total 393216K, used 87234K [0x00000007a8000000, 0x00000007c0000000, 0x00000007c0000000)
 Metaspace       used 40811K, capacity 41576K, committed 41844K, reserved 1085440K
  class space    used 4663K, capacity 4865K, committed 4988K, reserved 1048576K
2016-10-23T22:32:47.596+0800: 1986.620: [GC (Allocation Failure) 2016-10-23T22:32:47.596+0800: 1986.620: [ParNew
Desired survivor size 20112992 bytes, new threshold 8 (max 8)
- age   1:    1359056 bytes,    1359056 total
- age   2:    1595056 bytes,    2954112 total
- age   3:    1577680 bytes,    4531792 total
- age   4:     401912 bytes,    4933704 total
- age   5:     444728 bytes,    5378432 total
- age   6:     348992 bytes,    5727424 total
- age   7:     290808 bytes,    6018232 total
- age   8:     149880 bytes,    6168112 total
: 104814K->7639K(109248K), 0.0083670 secs] 192048K->99096K(502464K), 0.0084461 secs] [Times: user=0.02 sys=0.00, real=0.01 secs] 
Heap after GC invocations=438 (full 9):
 par new generation   total 109248K, used 7639K [0x00000007a0000000, 0x00000007a8000000, 0x00000007a8000000)
  eden space 87424K,   0% used [0x00000007a0000000, 0x00000007a0000000, 0x00000007a5560000)
  from space 21824K,  35% used [0x00000007a5560000, 0x00000007a5cd5cb8, 0x00000007a6ab0000)
  to   space 21824K,   0% used [0x00000007a6ab0000, 0x00000007a6ab0000, 0x00000007a8000000)
 concurrent mark-sweep generation total 393216K, used 91457K [0x00000007a8000000, 0x00000007c0000000, 0x00000007c0000000)
 Metaspace       used 40811K, capacity 41576K, committed 41844K, reserved 1085440K
  class space    used 4663K, capacity 4865K, committed 4988K, reserved 1048576K
}
2016-10-23T22:32:47.605+0800: 1986.629: Total time for which application threads were stopped: 0.0106283 seconds, Stopping threads took: 0.0003102 seconds
{Heap before GC invocations=438 (full 9):
 par new generation   total 109248K, used 95063K [0x00000007a0000000, 0x00000007a8000000, 0x00000007a8000000)
  eden space 87424K, 100% used [0x00000007a0000000, 0x00000007a5560000, 0x00000007a5560000)
  from space 21824K,  35% used [0x00000007a5560000, 0x00000007a5cd5cb8, 0x00000007a6ab0000)
  to   space 21824K,   0% used [0x00000007a6ab0000, 0x00000007a6ab0000, 0x00000007a8000000)
 concurrent mark-sweep generation total 393216K, used 91457K [0x00000007a8000000, 0x00000007c0000000, 0x00000007c0000000)
 Metaspace       used 40813K, capacity 41576K, committed 41844K, reserved 1085440K
  class space    used 4663K, capacity 4865K, committed 4988K, reserved 1048576K
2016-10-23T22:32:47.801+0800: 1986.825: [GC (Allocation Failure) 2016-10-23T22:32:47.801+0800: 1986.825: [ParNew
Desired survivor size 20112992 bytes, new threshold 8 (max 8)
- age   1:    2360000 bytes,    2360000 total
- age   2:     817384 bytes,    3177384 total
- age   3:    1313648 bytes,    4491032 total
- age   4:    1577272 bytes,    6068304 total
- age   5:     401912 bytes,    6470216 total
- age   6:     444728 bytes,    6914944 total
- age   7:     348992 bytes,    7263936 total
- age   8:     290808 bytes,    7554744 total
: 95063K->10579K(109248K), 0.0122166 secs] 186520K->102183K(502464K), 0.0122911 secs] [Times: user=0.02 sys=0.00, real=0.01 secs] 
Heap after GC invocations=439 (full 9):
 par new generation   total 109248K, used 10579K [0x00000007a0000000, 0x00000007a8000000, 0x00000007a8000000)
  eden space 87424K,   0% used [0x00000007a0000000, 0x00000007a0000000, 0x00000007a5560000)
  from space 21824K,  48% used [0x00000007a6ab0000, 0x00000007a7504eb8, 0x00000007a8000000)
  to   space 21824K,   0% used [0x00000007a5560000, 0x00000007a5560000, 0x00000007a6ab0000)
 concurrent mark-sweep generation total 393216K, used 91604K [0x00000007a8000000, 0x00000007c0000000, 0x00000007c0000000)
 Metaspace       used 40813K, capacity 41576K, committed 41844K, reserved 1085440K
  class space    used 4663K, capacity 4865K, committed 4988K, reserved 1048576K
}
2016-10-23T22:32:47.814+0800: 1986.838: Total time for which application threads were stopped: 0.0149742 seconds, Stopping threads took: 0.0000791 seconds
{Heap before GC invocations=439 (full 9):
 par new generation   total 109248K, used 98003K [0x00000007a0000000, 0x00000007a8000000, 0x00000007a8000000)
  eden space 87424K, 100% used [0x00000007a0000000, 0x00000007a5560000, 0x00000007a5560000)
  from space 21824K,  48% used [0x00000007a6ab0000, 0x00000007a7504eb8, 0x00000007a8000000)
  to   space 21824K,   0% used [0x00000007a5560000, 0x00000007a5560000, 0x00000007a6ab0000)
 concurrent mark-sweep generation total 393216K, used 91604K [0x00000007a8000000, 0x00000007c0000000, 0x00000007c0000000)
 Metaspace       used 40813K, capacity 41576K, committed 41844K, reserved 1085440K
  class space    used 4663K, capacity 4865K, committed 4988K, reserved 1048576K
2016-10-23T22:32:47.920+0800: 1986.944: [GC (Allocation Failure) 2016-10-23T22:32:47.920+0800: 1986.944: [ParNew
Desired survivor size 20112992 bytes, new threshold 8 (max 8)
- age   1:    1998848 bytes,    1998848 total
- age   2:    1677240 bytes,    3676088 total
- age   3:     653496 bytes,    4329584 total
- age   4:    1313648 bytes,    5643232 total
- age   5:    1576232 bytes,    7219464 total
- age   6:     401912 bytes,    7621376 total
- age   7:     444728 bytes,    8066104 total
- age   8:     348992 bytes,    8415096 total
: 98003K->11892K(109248K), 0.0089335 secs] 189607K->103781K(502464K), 0.0090560 secs] [Times: user=0.03 sys=0.00, real=0.00 secs] 
Heap after GC invocations=440 (full 9):
 par new generation   total 109248K, used 11892K [0x00000007a0000000, 0x00000007a8000000, 0x00000007a8000000)
  eden space 87424K,   0% used [0x00000007a0000000, 0x00000007a0000000, 0x00000007a5560000)
  from space 21824K,  54% used [0x00000007a5560000, 0x00000007a60fd210, 0x00000007a6ab0000)
  to   space 21824K,   0% used [0x00000007a6ab0000, 0x00000007a6ab0000, 0x00000007a8000000)
 concurrent mark-sweep generation total 393216K, used 91889K [0x00000007a8000000, 0x00000007c0000000, 0x00000007c0000000)
 Metaspace       used 40813K, capacity 41576K, committed 41844K, reserved 1085440K
  class space    used 4663K, capacity 4865K, committed 4988K, reserved 1048576K
}
2016-10-23T22:32:47.929+0800: 1986.953: Total time for which application threads were stopped: 0.0095675 seconds, Stopping threads took: 0.0000750 seconds
{Heap before GC invocations=440 (full 9):
 par new generation   total 109248K, used 99316K [0x00000007a0000000, 0x00000007a8000000, 0x00000007a8000000)
  eden space 87424K, 100% used [0x00000007a0000000, 0x00000007a5560000, 0x00000007a5560000)
  from space 21824K,  54% used [0x00000007a5560000, 0x00000007a60fd210, 0x00000007a6ab0000)
  to   space 21824K,   0% used [0x00000007a6ab0000, 0x00000007a6ab0000, 0x00000007a8000000)
 concurrent mark-sweep generation total 393216K, used 91889K [0x00000007a8000000, 0x00000007c0000000, 0x00000007c0000000)
 Metaspace       used 40813K, capacity 41576K, committed 41844K, reserved 1085440K
  class space    used 4663K, capacity 4865K, committed 4988K, reserved 1048576K
2016-10-23T22:32:48.042+0800: 1987.066: [GC (Allocation Failure) 2016-10-23T22:32:48.042+0800: 1987.066: [ParNew
Desired survivor size 20112992 bytes, new threshold 8 (max 8)
- age   1:    1976496 bytes,    1976496 total
- age   2:    1095416 bytes,    3071912 total
- age   3:    1539056 bytes,    4610968 total
- age   4:     654720 bytes,    5265688 total
- age   5:    1315904 bytes,    6581592 total
- age   6:    1578512 bytes,    8160104 total
- age   7:     401912 bytes,    8562016 total
- age   8:     444728 bytes,    9006744 total
: 99316K->10257K(109248K), 0.0054164 secs] 191205K->102488K(502464K), 0.0054646 secs] [Times: user=0.02 sys=0.01, real=0.00 secs] 
Heap after GC invocations=441 (full 9):
 par new generation   total 109248K, used 10257K [0x00000007a0000000, 0x00000007a8000000, 0x00000007a8000000)
  eden space 87424K,   0% used [0x00000007a0000000, 0x00000007a0000000, 0x00000007a5560000)
  from space 21824K,  47% used [0x00000007a6ab0000, 0x00000007a74b47e0, 0x00000007a8000000)
  to   space 21824K,   0% used [0x00000007a5560000, 0x00000007a5560000, 0x00000007a6ab0000)
 concurrent mark-sweep generation total 393216K, used 92230K [0x00000007a8000000, 0x00000007c0000000, 0x00000007c0000000)
 Metaspace       used 40813K, capacity 41576K, committed 41844K, reserved 1085440K
  class space    used 4663K, capacity 4865K, committed 4988K, reserved 1048576K
}
2016-10-23T22:32:48.047+0800: 1987.071: Total time for which application threads were stopped: 0.0057560 seconds, Stopping threads took: 0.0001058 seconds
{Heap before GC invocations=441 (full 9):
 par new generation   total 109248K, used 97663K [0x00000007a0000000, 0x00000007a8000000, 0x00000007a8000000)
  eden space 87424K,  99% used [0x00000007a0000000, 0x00000007a555b5c8, 0x00000007a5560000)
  from space 21824K,  47% used [0x00000007a6ab0000, 0x00000007a74b47e0, 0x00000007a8000000)
  to   space 21824K,   0% used [0x00000007a5560000, 0x00000007a5560000, 0x00000007a6ab0000)
 concurrent mark-sweep generation total 393216K, used 92230K [0x00000007a8000000, 0x00000007c0000000, 0x00000007c0000000)
 Metaspace       used 40813K, capacity 41576K, committed 41844K, reserved 1085440K
  class space    used 4663K, capacity 4865K, committed 4988K, reserved 1048576K
2016-10-23T22:32:48.175+0800: 1987.199: [GC (Allocation Failure) 2016-10-23T22:32:48.175+0800: 1987.199: [ParNew
Desired survivor size 20112992 bytes, new threshold 8 (max 8)
- age   1:    2360296 bytes,    2360296 total
- age   2:    1158848 bytes,    3519144 total
- age   3:     975304 bytes,    4494448 total
- age   4:    1370000 bytes,    5864448 total
- age   5:     552696 bytes,    6417144 total
- age   6:    1168160 bytes,    7585304 total
- age   7:    1262728 bytes,    8848032 total
- age   8:     401880 bytes,    9249912 total
: 97663K->13317K(109248K), 0.0116582 secs] 189893K->105982K(502464K), 0.0117331 secs] [Times: user=0.03 sys=0.00, real=0.01 secs] 
Heap after GC invocations=442 (full 9):
 par new generation   total 109248K, used 13317K [0x00000007a0000000, 0x00000007a8000000, 0x00000007a8000000)
  eden space 87424K,   0% used [0x00000007a0000000, 0x00000007a0000000, 0x00000007a5560000)
  from space 21824K,  61% used [0x00000007a5560000, 0x00000007a62616a8, 0x00000007a6ab0000)
  to   space 21824K,   0% used [0x00000007a6ab0000, 0x00000007a6ab0000, 0x00000007a8000000)
 concurrent mark-sweep generation total 393216K, used 92665K [0x00000007a8000000, 0x00000007c0000000, 0x00000007c0000000)
 Metaspace       used 40813K, capacity 41576K, committed 41844K, reserved 1085440K
  class space    used 4663K, capacity 4865K, committed 4988K, reserved 1048576K
}
2016-10-23T22:32:48.187+0800: 1987.211: Total time for which application threads were stopped: 0.0121394 seconds, Stopping threads took: 0.0001659 seconds
{Heap before GC invocations=442 (full 9):
 par new generation   total 109248K, used 100741K [0x00000007a0000000, 0x00000007a8000000, 0x00000007a8000000)
  eden space 87424K, 100% used [0x00000007a0000000, 0x00000007a5560000, 0x00000007a5560000)
  from space 21824K,  61% used [0x00000007a5560000, 0x00000007a62616a8, 0x00000007a6ab0000)
  to   space 21824K,   0% used [0x00000007a6ab0000, 0x00000007a6ab0000, 0x00000007a8000000)
 concurrent mark-sweep generation total 393216K, used 92665K [0x00000007a8000000, 0x00000007c0000000, 0x00000007c0000000)
 Metaspace       used 40813K, capacity 41576K, committed 41844K, reserved 1085440K
  class space    used 4663K, capacity 4865K, committed 4988K, reserved 1048576K
2016-10-23T22:32:48.410+0800: 1987.434: [GC (Allocation Failure) 2016-10-23T22:32:48.410+0800: 1987.434: [ParNew
Desired survivor size 20112992 bytes, new threshold 8 (max 8)
- age   1:    2849232 bytes,    2849232 total
- age   2:    1237384 bytes,    4086616 total
- age   3:      97024 bytes,    4183640 total
- age   4:      85280 bytes,    4268920 total
- age   5:     156496 bytes,    4425416 total
- age   6:      71760 bytes,    4497176 total
- age   7:     302848 bytes,    4800024 total
- age   8:     242296 bytes,    5042320 total
: 100741K->7934K(109248K), 0.0173447 secs] 193406K->100992K(502464K), 0.0174194 secs] [Times: user=0.02 sys=0.00, real=0.01 secs] 
Heap after GC invocations=443 (full 9):
 par new generation   total 109248K, used 7934K [0x00000007a0000000, 0x00000007a8000000, 0x00000007a8000000)
  eden space 87424K,   0% used [0x00000007a0000000, 0x00000007a0000000, 0x00000007a5560000)
  from space 21824K,  36% used [0x00000007a6ab0000, 0x00000007a726fba0, 0x00000007a8000000)
  to   space 21824K,   0% used [0x00000007a5560000, 0x00000007a5560000, 0x00000007a6ab0000)
 concurrent mark-sweep generation total 393216K, used 93057K [0x00000007a8000000, 0x00000007c0000000, 0x00000007c0000000)
 Metaspace       used 40813K, capacity 41576K, committed 41844K, reserved 1085440K
  class space    used 4663K, capacity 4865K, committed 4988K, reserved 1048576K
}
2016-10-23T22:32:48.428+0800: 1987.452: Total time for which application threads were stopped: 0.0176881 seconds, Stopping threads took: 0.0000223 seconds
{Heap before GC invocations=443 (full 9):
 par new generation   total 109248K, used 95358K [0x00000007a0000000, 0x00000007a8000000, 0x00000007a8000000)
  eden space 87424K, 100% used [0x00000007a0000000, 0x00000007a5560000, 0x00000007a5560000)
  from space 21824K,  36% used [0x00000007a6ab0000, 0x00000007a726fba0, 0x00000007a8000000)
  to   space 21824K,   0% used [0x00000007a5560000, 0x00000007a5560000, 0x00000007a6ab0000)
 concurrent mark-sweep generation total 393216K, used 93057K [0x00000007a8000000, 0x00000007c0000000, 0x00000007c0000000)
 Metaspace       used 40813K, capacity 41576K, committed 41844K, reserved 1085440K
  class space    used 4663K, capacity 4865K, committed 4988K, reserved 1048576K
2016-10-23T22:32:48.632+0800: 1987.656: [GC (Allocation Failure) 2016-10-23T22:32:48.632+0800: 1987.656: [ParNew
Desired survivor size 20112992 bytes, new threshold 8 (max 8)
- age   1:    3184744 bytes,    3184744 total
- age   2:    1705264 bytes,    4890008 total
- age   3:     946472 bytes,    5836480 total
- age   4:      95872 bytes,    5932352 total
- age   5:      85280 bytes,    6017632 total
- age   6:     141544 bytes,    6159176 total
- age   7:      71760 bytes,    6230936 total
- age   8:     256400 bytes,    6487336 total
: 95358K->7649K(109248K), 0.0148172 secs] 188416K->100944K(502464K), 0.0149865 secs] [Times: user=0.02 sys=0.00, real=0.01 secs] 
Heap after GC invocations=444 (full 9):
 par new generation   total 109248K, used 7649K [0x00000007a0000000, 0x00000007a8000000, 0x00000007a8000000)
  eden space 87424K,   0% used [0x00000007a0000000, 0x00000007a0000000, 0x00000007a5560000)
  from space 21824K,  35% used [0x00000007a5560000, 0x00000007a5cd86e0, 0x00000007a6ab0000)
  to   space 21824K,   0% used [0x00000007a6ab0000, 0x00000007a6ab0000, 0x00000007a8000000)
 concurrent mark-sweep generation total 393216K, used 93294K [0x00000007a8000000, 0x00000007c0000000, 0x00000007c0000000)
 Metaspace       used 40813K, capacity 41576K, committed 41844K, reserved 1085440K
  class space    used 4663K, capacity 4865K, committed 4988K, reserved 1048576K
}
2016-10-23T22:32:48.647+0800: 1987.671: Total time for which application threads were stopped: 0.0154890 seconds, Stopping threads took: 0.0000927 seconds
{Heap before GC invocations=444 (full 9):
 par new generation   total 109248K, used 95073K [0x00000007a0000000, 0x00000007a8000000, 0x00000007a8000000)
  eden space 87424K, 100% used [0x00000007a0000000, 0x00000007a5560000, 0x00000007a5560000)
  from space 21824K,  35% used [0x00000007a5560000, 0x00000007a5cd86e0, 0x00000007a6ab0000)
  to   space 21824K,   0% used [0x00000007a6ab0000, 0x00000007a6ab0000, 0x00000007a8000000)
 concurrent mark-sweep generation total 393216K, used 93294K [0x00000007a8000000, 0x00000007c0000000, 0x00000007c0000000)
 Metaspace       used 40813K, capacity 41576K, committed 41844K, reserved 1085440K
  class space    used 4663K, capacity 4865K, committed 4988K, reserved 1048576K
2016-10-23T22:32:48.880+0800: 1987.904: [GC (Allocation Failure) 2016-10-23T22:32:48.880+0800: 1987.904: [ParNew
Desired survivor size 20112992 bytes, new threshold 8 (max 8)
- age   1:    2059376 bytes,    2059376 total
- age   2:     863128 bytes,    2922504 total
- age   3:     748928 bytes,    3671432 total
- age   4:     284736 bytes,    3956168 total
- age   5:      95872 bytes,    4052040 total
- age   6:      85280 bytes,    4137320 total
- age   7:     141544 bytes,    4278864 total
- age   8:      71760 bytes,    4350624 total
: 95073K->6736K(109248K), 0.0043841 secs] 188368K->100276K(502464K), 0.0044817 secs] [Times: user=0.02 sys=0.00, real=0.00 secs] 
Heap after GC invocations=445 (full 9):
 par new generation   total 109248K, used 6736K [0x00000007a0000000, 0x00000007a8000000, 0x00000007a8000000)
  eden space 87424K,   0% used [0x00000007a0000000, 0x00000007a0000000, 0x00000007a5560000)
  from space 21824K,  30% used [0x00000007a6ab0000, 0x00000007a71440d8, 0x00000007a8000000)
  to   space 21824K,   0% used [0x00000007a5560000, 0x00000007a5560000, 0x00000007a6ab0000)
 concurrent mark-sweep generation total 393216K, used 93540K [0x00000007a8000000, 0x00000007c0000000, 0x00000007c0000000)
 Metaspace       used 40813K, capacity 41576K, committed 41844K, reserved 1085440K
  class space    used 4663K, capacity 4865K, committed 4988K, reserved 1048576K
}
2016-10-23T22:32:48.884+0800: 1987.908: Total time for which application threads were stopped: 0.0047679 seconds, Stopping threads took: 0.0000766 seconds
2016-10-23T22:32:48.888+0800: 1987.912: Total time for which application threads were stopped: 0.0004104 seconds, Stopping threads took: 0.0001874 seconds
2016-10-23T22:32:48.888+0800: 1987.912: Total time for which application threads were stopped: 0.0001629 seconds, Stopping threads took: 0.0000678 seconds
2016-10-23T22:32:48.889+0800: 1987.913: Total time for which application threads were stopped: 0.0001335 seconds, Stopping threads took: 0.0000607 seconds
2016-10-23T22:32:48.889+0800: 1987.913: Total time for which application threads were stopped: 0.0001113 seconds, Stopping threads took: 0.0000452 seconds
2016-10-23T22:32:48.889+0800: 1987.913: Total time for which application threads were stopped: 0.0001192 seconds, Stopping threads took: 0.0000550 seconds
2016-10-23T22:32:48.889+0800: 1987.913: Total time for which application threads were stopped: 0.0001078 seconds, Stopping threads took: 0.0000542 seconds
2016-10-23T22:32:48.889+0800: 1987.913: Total time for which application threads were stopped: 0.0001804 seconds, Stopping threads took: 0.0000461 seconds
2016-10-23T22:32:48.889+0800: 1987.914: Total time for which application threads were stopped: 0.0001407 seconds, Stopping threads took: 0.0000746 seconds
2016-10-23T22:32:48.890+0800: 1987.914: Total time for which application threads were stopped: 0.0002058 seconds, Stopping threads took: 0.0000561 seconds
2016-10-23T22:32:48.890+0800: 1987.914: Total time for which application threads were stopped: 0.0001788 seconds, Stopping threads took: 0.0000701 seconds
2016-10-23T22:32:48.890+0800: 1987.914: Total time for which application threads were stopped: 0.0002668 seconds, Stopping threads took: 0.0001428 seconds
2016-10-23T22:32:48.895+0800: 1987.919: Total time for which application threads were stopped: 0.0002415 seconds, Stopping threads took: 0.0000807 seconds
2016-10-23T22:32:48.896+0800: 1987.920: Total time for which application threads were stopped: 0.0002047 seconds, Stopping threads took: 0.0000916 seconds
{Heap before GC invocations=445 (full 9):
 par new generation   total 109248K, used 94160K [0x00000007a0000000, 0x00000007a8000000, 0x00000007a8000000)
  eden space 87424K, 100% used [0x00000007a0000000, 0x00000007a5560000, 0x00000007a5560000)
  from space 21824K,  30% used [0x00000007a6ab0000, 0x00000007a71440d8, 0x00000007a8000000)
  to   space 21824K,   0% used [0x00000007a5560000, 0x00000007a5560000, 0x00000007a6ab0000)
 concurrent mark-sweep generation total 393216K, used 93540K [0x00000007a8000000, 0x00000007c0000000, 0x00000007c0000000)
 Metaspace       used 40813K, capacity 41576K, committed 41844K, reserved 1085440K
  class space    used 4663K, capacity 4865K, committed 4988K, reserved 1048576K
2016-10-23T22:32:49.132+0800: 1988.156: [GC (Allocation Failure) 2016-10-23T22:32:49.132+0800: 1988.156: [ParNew
Desired survivor size 20112992 bytes, new threshold 8 (max 8)
- age   1:    4111520 bytes,    4111520 total
- age   2:    1704232 bytes,    5815752 total
- age   3:     418888 bytes,    6234640 total
- age   4:     349288 bytes,    6583928 total
- age   5:     104016 bytes,    6687944 total
- age   6:      95872 bytes,    6783816 total
- age   7:      85280 bytes,    6869096 total
- age   8:     141544 bytes,    7010640 total
: 94160K->7830K(109248K), 0.0087985 secs] 187700K->101441K(502464K), 0.0088650 secs] [Times: user=0.03 sys=0.00, real=0.01 secs] 
Heap after GC invocations=446 (full 9):
 par new generation   total 109248K, used 7830K [0x00000007a0000000, 0x00000007a8000000, 0x00000007a8000000)
  eden space 87424K,   0% used [0x00000007a0000000, 0x00000007a0000000, 0x00000007a5560000)
  from space 21824K,  35% used [0x00000007a5560000, 0x00000007a5d05a48, 0x00000007a6ab0000)
  to   space 21824K,   0% used [0x00000007a6ab0000, 0x00000007a6ab0000, 0x00000007a8000000)
 concurrent mark-sweep generation total 393216K, used 93610K [0x00000007a8000000, 0x00000007c0000000, 0x00000007c0000000)
 Metaspace       used 40813K, capacity 41576K, committed 41844K, reserved 1085440K
  class space    used 4663K, capacity 4865K, committed 4988K, reserved 1048576K
}
2016-10-23T22:32:49.141+0800: 1988.165: Total time for which application threads were stopped: 0.0090923 seconds, Stopping threads took: 0.0000359 seconds
{Heap before GC invocations=446 (full 9):
 par new generation   total 109248K, used 95254K [0x00000007a0000000, 0x00000007a8000000, 0x00000007a8000000)
  eden space 87424K, 100% used [0x00000007a0000000, 0x00000007a5560000, 0x00000007a5560000)
  from space 21824K,  35% used [0x00000007a5560000, 0x00000007a5d05a48, 0x00000007a6ab0000)
  to   space 21824K,   0% used [0x00000007a6ab0000, 0x00000007a6ab0000, 0x00000007a8000000)
 concurrent mark-sweep generation total 393216K, used 93610K [0x00000007a8000000, 0x00000007c0000000, 0x00000007c0000000)
 Metaspace       used 40824K, capacity 41576K, committed 41844K, reserved 1085440K
  class space    used 4663K, capacity 4865K, committed 4988K, reserved 1048576K
2016-10-23T22:32:49.497+0800: 1988.521: [GC (Allocation Failure) 2016-10-23T22:32:49.497+0800: 1988.521: [ParNew
Desired survivor size 20112992 bytes, new threshold 8 (max 8)
- age   1:    4927048 bytes,    4927048 total
- age   2:    1326600 bytes,    6253648 total
- age   3:     940120 bytes,    7193768 total
- age   4:     379160 bytes,    7572928 total
- age   5:     217832 bytes,    7790760 total
- age   6:     103712 bytes,    7894472 total
- age   7:      95872 bytes,    7990344 total
- age   8:      85280 bytes,    8075624 total
: 95254K->11474K(109248K), 0.0055046 secs] 188865K->105222K(502464K), 0.0055643 secs] [Times: user=0.02 sys=0.00, real=0.01 secs] 
Heap after GC invocations=447 (full 9):
 par new generation   total 109248K, used 11474K [0x00000007a0000000, 0x00000007a8000000, 0x00000007a8000000)
  eden space 87424K,   0% used [0x00000007a0000000, 0x00000007a0000000, 0x00000007a5560000)
  from space 21824K,  52% used [0x00000007a6ab0000, 0x00000007a75e4900, 0x00000007a8000000)
  to   space 21824K,   0% used [0x00000007a5560000, 0x00000007a5560000, 0x00000007a6ab0000)
 concurrent mark-sweep generation total 393216K, used 93748K [0x00000007a8000000, 0x00000007c0000000, 0x00000007c0000000)
 Metaspace       used 40824K, capacity 41576K, committed 41844K, reserved 1085440K
  class space    used 4663K, capacity 4865K, committed 4988K, reserved 1048576K
}
2016-10-23T22:32:49.503+0800: 1988.527: Total time for which application threads were stopped: 0.0057571 seconds, Stopping threads took: 0.0000239 seconds
{Heap before GC invocations=447 (full 9):
 par new generation   total 109248K, used 98898K [0x00000007a0000000, 0x00000007a8000000, 0x00000007a8000000)
  eden space 87424K, 100% used [0x00000007a0000000, 0x00000007a5560000, 0x00000007a5560000)
  from space 21824K,  52% used [0x00000007a6ab0000, 0x00000007a75e4900, 0x00000007a8000000)
  to   space 21824K,   0% used [0x00000007a5560000, 0x00000007a5560000, 0x00000007a6ab0000)
 concurrent mark-sweep generation total 393216K, used 93748K [0x00000007a8000000, 0x00000007c0000000, 0x00000007c0000000)
 Metaspace       used 40824K, capacity 41576K, committed 41844K, reserved 1085440K
  class space    used 4663K, capacity 4865K, committed 4988K, reserved 1048576K
2016-10-23T22:32:49.772+0800: 1988.796: [GC (Allocation Failure) 2016-10-23T22:32:49.772+0800: 1988.796: [ParNew
Desired survivor size 20112992 bytes, new threshold 8 (max 8)
- age   1:    5657512 bytes,    5657512 total
- age   2:    3779984 bytes,    9437496 total
- age   3:    1326960 bytes,   10764456 total
- age   4:     940120 bytes,   11704576 total
- age   5:     379160 bytes,   12083736 total
- age   6:     217016 bytes,   12300752 total
- age   7:     103712 bytes,   12404464 total
- age   8:      95872 bytes,   12500336 total
: 98898K->14245K(109248K), 0.0072067 secs] 192646K->108077K(502464K), 0.0072701 secs] [Times: user=0.02 sys=0.00, real=0.00 secs] 
Heap after GC invocations=448 (full 9):
 par new generation   total 109248K, used 14245K [0x00000007a0000000, 0x00000007a8000000, 0x00000007a8000000)
  eden space 87424K,   0% used [0x00000007a0000000, 0x00000007a0000000, 0x00000007a5560000)
  from space 21824K,  65% used [0x00000007a5560000, 0x00000007a63497e0, 0x00000007a6ab0000)
  to   space 21824K,   0% used [0x00000007a6ab0000, 0x00000007a6ab0000, 0x00000007a8000000)
 concurrent mark-sweep generation total 393216K, used 93832K [0x00000007a8000000, 0x00000007c0000000, 0x00000007c0000000)
 Metaspace       used 40824K, capacity 41576K, committed 41844K, reserved 1085440K
  class space    used 4663K, capacity 4865K, committed 4988K, reserved 1048576K
}
2016-10-23T22:32:49.779+0800: 1988.803: Total time for which application threads were stopped: 0.0074752 seconds, Stopping threads took: 0.0000315 seconds
{Heap before GC invocations=448 (full 9):
 par new generation   total 109248K, used 101669K [0x00000007a0000000, 0x00000007a8000000, 0x00000007a8000000)
  eden space 87424K, 100% used [0x00000007a0000000, 0x00000007a5560000, 0x00000007a5560000)
  from space 21824K,  65% used [0x00000007a5560000, 0x00000007a63497e0, 0x00000007a6ab0000)
  to   space 21824K,   0% used [0x00000007a6ab0000, 0x00000007a6ab0000, 0x00000007a8000000)
 concurrent mark-sweep generation total 393216K, used 93832K [0x00000007a8000000, 0x00000007c0000000, 0x00000007c0000000)
 Metaspace       used 40824K, capacity 41576K, committed 41844K, reserved 1085440K
  class space    used 4663K, capacity 4865K, committed 4988K, reserved 1048576K
2016-10-23T22:32:50.021+0800: 1989.046: [GC (Allocation Failure) 2016-10-23T22:32:50.021+0800: 1989.046: [ParNew
Desired survivor size 20112992 bytes, new threshold 8 (max 8)
- age   1:    6029792 bytes,    6029792 total
- age   2:    4066112 bytes,   10095904 total
- age   3:    3742600 bytes,   13838504 total
- age   4:    1322096 bytes,   15160600 total
- age   5:     940120 bytes,   16100720 total
- age   6:     379160 bytes,   16479880 total
- age   7:     217016 bytes,   16696896 total
- age   8:     103712 bytes,   16800608 total
: 101669K->20441K(109248K), 0.0085685 secs] 195501K->114366K(502464K), 0.0086251 secs] [Times: user=0.03 sys=0.00, real=0.01 secs] 
Heap after GC invocations=449 (full 9):
 par new generation   total 109248K, used 20441K [0x00000007a0000000, 0x00000007a8000000, 0x00000007a8000000)
  eden space 87424K,   0% used [0x00000007a0000000, 0x00000007a0000000, 0x00000007a5560000)
  from space 21824K,  93% used [0x00000007a6ab0000, 0x00000007a7ea6440, 0x00000007a8000000)
  to   space 21824K,   0% used [0x00000007a5560000, 0x00000007a5560000, 0x00000007a6ab0000)
 concurrent mark-sweep generation total 393216K, used 93925K [0x00000007a8000000, 0x00000007c0000000, 0x00000007c0000000)
 Metaspace       used 40824K, capacity 41576K, committed 41844K, reserved 1085440K
  class space    used 4663K, capacity 4865K, committed 4988K, reserved 1048576K
}
2016-10-23T22:32:50.030+0800: 1989.054: Total time for which application threads were stopped: 0.0088137 seconds, Stopping threads took: 0.0000305 seconds
{Heap before GC invocations=449 (full 9):
 par new generation   total 109248K, used 107865K [0x00000007a0000000, 0x00000007a8000000, 0x00000007a8000000)
  eden space 87424K, 100% used [0x00000007a0000000, 0x00000007a5560000, 0x00000007a5560000)
  from space 21824K,  93% used [0x00000007a6ab0000, 0x00000007a7ea6440, 0x00000007a8000000)
  to   space 21824K,   0% used [0x00000007a5560000, 0x00000007a5560000, 0x00000007a6ab0000)
 concurrent mark-sweep generation total 393216K, used 93925K [0x00000007a8000000, 0x00000007c0000000, 0x00000007c0000000)
 Metaspace       used 40826K, capacity 41576K, committed 41844K, reserved 1085440K
  class space    used 4663K, capacity 4865K, committed 4988K, reserved 1048576K
2016-10-23T22:32:50.237+0800: 1989.262: [GC (Allocation Failure) 2016-10-23T22:32:50.237+0800: 1989.262: [ParNew
Desired survivor size 20112992 bytes, new threshold 8 (max 8)
- age   1:    1026104 bytes,    1026104 total
- age   2:     405600 bytes,    1431704 total
- age   3:     396240 bytes,    1827944 total
- age   4:     716848 bytes,    2544792 total
- age   5:     572136 bytes,    3116928 total
- age   6:     940096 bytes,    4057024 total
- age   7:     379160 bytes,    4436184 total
- age   8:     216712 bytes,    4652896 total
: 107865K->14822K(109248K), 0.0028777 secs] 201790K->108849K(502464K), 0.0029308 secs] [Times: user=0.01 sys=0.00, real=0.01 secs] 
Heap after GC invocations=450 (full 9):
 par new generation   total 109248K, used 14822K [0x00000007a0000000, 0x00000007a8000000, 0x00000007a8000000)
  eden space 87424K,   0% used [0x00000007a0000000, 0x00000007a0000000, 0x00000007a5560000)
  from space 21824K,  67% used [0x00000007a5560000, 0x00000007a63d99c0, 0x00000007a6ab0000)
  to   space 21824K,   0% used [0x00000007a6ab0000, 0x00000007a6ab0000, 0x00000007a8000000)
 concurrent mark-sweep generation total 393216K, used 94026K [0x00000007a8000000, 0x00000007c0000000, 0x00000007c0000000)
 Metaspace       used 40826K, capacity 41576K, committed 41844K, reserved 1085440K
  class space    used 4663K, capacity 4865K, committed 4988K, reserved 1048576K
}
2016-10-23T22:32:50.240+0800: 1989.265: Total time for which application threads were stopped: 0.0031434 seconds, Stopping threads took: 0.0000287 seconds
{Heap before GC invocations=450 (full 9):
 par new generation   total 109248K, used 102246K [0x00000007a0000000, 0x00000007a8000000, 0x00000007a8000000)
  eden space 87424K, 100% used [0x00000007a0000000, 0x00000007a5560000, 0x00000007a5560000)
  from space 21824K,  67% used [0x00000007a5560000, 0x00000007a63d99c0, 0x00000007a6ab0000)
  to   space 21824K,   0% used [0x00000007a6ab0000, 0x00000007a6ab0000, 0x00000007a8000000)
 concurrent mark-sweep generation total 393216K, used 94026K [0x00000007a8000000, 0x00000007c0000000, 0x00000007c0000000)
 Metaspace       used 40826K, capacity 41576K, committed 41844K, reserved 1085440K
  class space    used 4663K, capacity 4865K, committed 4988K, reserved 1048576K
2016-10-23T22:32:50.443+0800: 1989.467: [GC (Allocation Failure) 2016-10-23T22:32:50.443+0800: 1989.467: [ParNew
Desired survivor size 20112992 bytes, new threshold 8 (max 8)
- age   1:    4653992 bytes,    4653992 total
- age   2:     943480 bytes,    5597472 total
- age   3:     405600 bytes,    6003072 total
- age   4:     396240 bytes,    6399312 total
- age   5:     716032 bytes,    7115344 total
- age   6:     572112 bytes,    7687456 total
- age   7:     940096 bytes,    8627552 total
- age   8:     379160 bytes,    9006712 total
: 102246K->10683K(109248K), 0.0051434 secs] 196273K->104922K(502464K), 0.0052225 secs] [Times: user=0.02 sys=0.00, real=0.00 secs] 
Heap after GC invocations=451 (full 9):
 par new generation   total 109248K, used 10683K [0x00000007a0000000, 0x00000007a8000000, 0x00000007a8000000)
  eden space 87424K,   0% used [0x00000007a0000000, 0x00000007a0000000, 0x00000007a5560000)
  from space 21824K,  48% used [0x00000007a6ab0000, 0x00000007a751eff0, 0x00000007a8000000)
  to   space 21824K,   0% used [0x00000007a5560000, 0x00000007a5560000, 0x00000007a6ab0000)
 concurrent mark-sweep generation total 393216K, used 94238K [0x00000007a8000000, 0x00000007c0000000, 0x00000007c0000000)
 Metaspace       used 40826K, capacity 41576K, committed 41844K, reserved 1085440K
  class space    used 4663K, capacity 4865K, committed 4988K, reserved 1048576K
}
2016-10-23T22:32:50.448+0800: 1989.472: Total time for which application threads were stopped: 0.0054882 seconds, Stopping threads took: 0.0000406 seconds
{Heap before GC invocations=451 (full 9):
 par new generation   total 109248K, used 98107K [0x00000007a0000000, 0x00000007a8000000, 0x00000007a8000000)
  eden space 87424K, 100% used [0x00000007a0000000, 0x00000007a5560000, 0x00000007a5560000)
  from space 21824K,  48% used [0x00000007a6ab0000, 0x00000007a751eff0, 0x00000007a8000000)
  to   space 21824K,   0% used [0x00000007a5560000, 0x00000007a5560000, 0x00000007a6ab0000)
 concurrent mark-sweep generation total 393216K, used 94238K [0x00000007a8000000, 0x00000007c0000000, 0x00000007c0000000)
 Metaspace       used 40826K, capacity 41576K, committed 41844K, reserved 1085440K
  class space    used 4663K, capacity 4865K, committed 4988K, reserved 1048576K
2016-10-23T22:32:50.660+0800: 1989.684: [GC (Allocation Failure) 2016-10-23T22:32:50.660+0800: 1989.684: [ParNew
Desired survivor size 20112992 bytes, new threshold 8 (max 8)
- age   1:    5670744 bytes,    5670744 total
- age   2:    3497576 bytes,    9168320 total
- age   3:     943544 bytes,   10111864 total
- age   4:     405600 bytes,   10517464 total
- age   5:     396240 bytes,   10913704 total
- age   6:     716032 bytes,   11629736 total
- age   7:     572112 bytes,   12201848 total
- age   8:     940096 bytes,   13141944 total
: 98107K->15293K(109248K), 0.0066933 secs] 192346K->109902K(502464K), 0.0067626 secs] [Times: user=0.02 sys=0.00, real=0.00 secs] 
Heap after GC invocations=452 (full 9):
 par new generation   total 109248K, used 15293K [0x00000007a0000000, 0x00000007a8000000, 0x00000007a8000000)
  eden space 87424K,   0% used [0x00000007a0000000, 0x00000007a0000000, 0x00000007a5560000)
  from space 21824K,  70% used [0x00000007a5560000, 0x00000007a644f440, 0x00000007a6ab0000)
  to   space 21824K,   0% used [0x00000007a6ab0000, 0x00000007a6ab0000, 0x00000007a8000000)
 concurrent mark-sweep generation total 393216K, used 94609K [0x00000007a8000000, 0x00000007c0000000, 0x00000007c0000000)
 Metaspace       used 40826K, capacity 41576K, committed 41844K, reserved 1085440K
  class space    used 4663K, capacity 4865K, committed 4988K, reserved 1048576K
}
2016-10-23T22:32:50.667+0800: 1989.691: Total time for which application threads were stopped: 0.0069449 seconds, Stopping threads took: 0.0000291 seconds
{Heap before GC invocations=452 (full 9):
 par new generation   total 109248K, used 102717K [0x00000007a0000000, 0x00000007a8000000, 0x00000007a8000000)
  eden space 87424K, 100% used [0x00000007a0000000, 0x00000007a5560000, 0x00000007a5560000)
  from space 21824K,  70% used [0x00000007a5560000, 0x00000007a644f440, 0x00000007a6ab0000)
  to   space 21824K,   0% used [0x00000007a6ab0000, 0x00000007a6ab0000, 0x00000007a8000000)
 concurrent mark-sweep generation total 393216K, used 94609K [0x00000007a8000000, 0x00000007c0000000, 0x00000007c0000000)
 Metaspace       used 40826K, capacity 41576K, committed 41844K, reserved 1085440K
  class space    used 4663K, capacity 4865K, committed 4988K, reserved 1048576K
2016-10-23T22:32:50.883+0800: 1989.907: [GC (Allocation Failure) 2016-10-23T22:32:50.883+0800: 1989.907: [ParNew
Desired survivor size 20112992 bytes, new threshold 8 (max 8)
- age   1:    5999776 bytes,    5999776 total
- age   2:    4083728 bytes,   10083504 total
- age   3:    3488024 bytes,   13571528 total
- age   4:     938344 bytes,   14509872 total
- age   5:     405600 bytes,   14915472 total
- age   6:     396240 bytes,   15311712 total
- age   7:     716032 bytes,   16027744 total
- age   8:     572112 bytes,   16599856 total
: 102717K->21824K(109248K), 0.0078684 secs] 197326K->117352K(502464K), 0.0079328 secs] [Times: user=0.03 sys=0.00, real=0.01 secs] 
Heap after GC invocations=453 (full 9):
 par new generation   total 109248K, used 21824K [0x00000007a0000000, 0x00000007a8000000, 0x00000007a8000000)
  eden space 87424K,   0% used [0x00000007a0000000, 0x00000007a0000000, 0x00000007a5560000)
  from space 21824K, 100% used [0x00000007a6ab0000, 0x00000007a8000000, 0x00000007a8000000)
  to   space 21824K,   0% used [0x00000007a5560000, 0x00000007a5560000, 0x00000007a6ab0000)
 concurrent mark-sweep generation total 393216K, used 95528K [0x00000007a8000000, 0x00000007c0000000, 0x00000007c0000000)
 Metaspace       used 40826K, capacity 41576K, committed 41844K, reserved 1085440K
  class space    used 4663K, capacity 4865K, committed 4988K, reserved 1048576K
}
2016-10-23T22:32:50.891+0800: 1989.915: Total time for which application threads were stopped: 0.0081148 seconds, Stopping threads took: 0.0000282 seconds
{Heap before GC invocations=453 (full 9):
 par new generation   total 109248K, used 109248K [0x00000007a0000000, 0x00000007a8000000, 0x00000007a8000000)
  eden space 87424K, 100% used [0x00000007a0000000, 0x00000007a5560000, 0x00000007a5560000)
  from space 21824K, 100% used [0x00000007a6ab0000, 0x00000007a8000000, 0x00000007a8000000)
  to   space 21824K,   0% used [0x00000007a5560000, 0x00000007a5560000, 0x00000007a6ab0000)
 concurrent mark-sweep generation total 393216K, used 95528K [0x00000007a8000000, 0x00000007c0000000, 0x00000007c0000000)
 Metaspace       used 40826K, capacity 41576K, committed 41844K, reserved 1085440K
  class space    used 4663K, capacity 4865K, committed 4988K, reserved 1048576K
2016-10-23T22:32:51.106+0800: 1990.130: [GC (Allocation Failure) 2016-10-23T22:32:51.106+0800: 1990.130: [ParNew
Desired survivor size 20112992 bytes, new threshold 8 (max 8)
- age   1:    7031712 bytes,    7031712 total
- age   2:    3926368 bytes,   10958080 total
- age   3:    3423248 bytes,   14381328 total
- age   4:    3396416 bytes,   17777744 total
- age   5:     879296 bytes,   18657040 total
- age   6:     405600 bytes,   19062640 total
- age   7:     396240 bytes,   19458880 total
- age   8:     716000 bytes,   20174880 total
: 109248K->21824K(109248K), 0.0101057 secs] 204776K->118878K(502464K), 0.0101837 secs] [Times: user=0.04 sys=0.01, real=0.01 secs] 
Heap after GC invocations=454 (full 9):
 par new generation   total 109248K, used 21824K [0x00000007a0000000, 0x00000007a8000000, 0x00000007a8000000)
  eden space 87424K,   0% used [0x00000007a0000000, 0x00000007a0000000, 0x00000007a5560000)
  from space 21824K, 100% used [0x00000007a5560000, 0x00000007a6ab0000, 0x00000007a6ab0000)
  to   space 21824K,   0% used [0x00000007a6ab0000, 0x00000007a6ab0000, 0x00000007a8000000)
 concurrent mark-sweep generation total 393216K, used 97054K [0x00000007a8000000, 0x00000007c0000000, 0x00000007c0000000)
 Metaspace       used 40826K, capacity 41576K, committed 41844K, reserved 1085440K
  class space    used 4663K, capacity 4865K, committed 4988K, reserved 1048576K
}
2016-10-23T22:32:51.116+0800: 1990.140: Total time for which application threads were stopped: 0.0105483 seconds, Stopping threads took: 0.0001609 seconds
{Heap before GC invocations=454 (full 9):
 par new generation   total 109248K, used 109248K [0x00000007a0000000, 0x00000007a8000000, 0x00000007a8000000)
  eden space 87424K, 100% used [0x00000007a0000000, 0x00000007a5560000, 0x00000007a5560000)
  from space 21824K, 100% used [0x00000007a5560000, 0x00000007a6ab0000, 0x00000007a6ab0000)
  to   space 21824K,   0% used [0x00000007a6ab0000, 0x00000007a6ab0000, 0x00000007a8000000)
 concurrent mark-sweep generation total 393216K, used 97054K [0x00000007a8000000, 0x00000007c0000000, 0x00000007c0000000)
 Metaspace       used 40826K, capacity 41576K, committed 41844K, reserved 1085440K
  class space    used 4663K, capacity 4865K, committed 4988K, reserved 1048576K
2016-10-23T22:32:51.220+0800: 1990.244: [GC (Allocation Failure) 2016-10-23T22:32:51.220+0800: 1990.244: [ParNew
Desired survivor size 20112992 bytes, new threshold 8 (max 8)
- age   1:    2683408 bytes,    2683408 total
- age   2:    6002912 bytes,    8686320 total
- age   3:    3227896 bytes,   11914216 total
- age   4:    2730176 bytes,   14644392 total
- age   5:    2721896 bytes,   17366288 total
- age   6:     671440 bytes,   18037728 total
- age   7:     405600 bytes,   18443328 total
- age   8:     396240 bytes,   18839568 total
: 109248K->21824K(109248K), 0.0089433 secs] 206302K->120389K(502464K), 0.0089964 secs] [Times: user=0.03 sys=0.00, real=0.00 secs] 
Heap after GC invocations=455 (full 9):
 par new generation   total 109248K, used 21824K [0x00000007a0000000, 0x00000007a8000000, 0x00000007a8000000)
  eden space 87424K,   0% used [0x00000007a0000000, 0x00000007a0000000, 0x00000007a5560000)
  from space 21824K, 100% used [0x00000007a6ab0000, 0x00000007a8000000, 0x00000007a8000000)
  to   space 21824K,   0% used [0x00000007a5560000, 0x00000007a5560000, 0x00000007a6ab0000)
 concurrent mark-sweep generation total 393216K, used 98565K [0x00000007a8000000, 0x00000007c0000000, 0x00000007c0000000)
 Metaspace       used 40826K, capacity 41576K, committed 41844K, reserved 1085440K
  class space    used 4663K, capacity 4865K, committed 4988K, reserved 1048576K
}
2016-10-23T22:32:51.229+0800: 1990.253: Total time for which application threads were stopped: 0.0091877 seconds, Stopping threads took: 0.0000318 seconds
{Heap before GC invocations=455 (full 9):
 par new generation   total 109248K, used 109248K [0x00000007a0000000, 0x00000007a8000000, 0x00000007a8000000)
  eden space 87424K, 100% used [0x00000007a0000000, 0x00000007a5560000, 0x00000007a5560000)
  from space 21824K, 100% used [0x00000007a6ab0000, 0x00000007a8000000, 0x00000007a8000000)
  to   space 21824K,   0% used [0x00000007a5560000, 0x00000007a5560000, 0x00000007a6ab0000)
 concurrent mark-sweep generation total 393216K, used 98565K [0x00000007a8000000, 0x00000007c0000000, 0x00000007c0000000)
 Metaspace       used 40828K, capacity 41576K, committed 41844K, reserved 1085440K
  class space    used 4663K, capacity 4865K, committed 4988K, reserved 1048576K
2016-10-23T22:32:51.376+0800: 1990.400: [GC (Allocation Failure) 2016-10-23T22:32:51.376+0800: 1990.400: [ParNew
Desired survivor size 20112992 bytes, new threshold 8 (max 8)
- age   1:    3265040 bytes,    3265040 total
- age   2:    1241400 bytes,    4506440 total
- age   3:    4292320 bytes,    8798760 total
- age   4:    1729312 bytes,   10528072 total
- age   5:    1244936 bytes,   11773008 total
- age   6:    1252944 bytes,   13025952 total
- age   7:     484920 bytes,   13510872 total
- age   8:     405600 bytes,   13916472 total
: 109248K->21824K(109248K), 0.0057231 secs] 207813K->122149K(502464K), 0.0058139 secs] [Times: user=0.02 sys=0.01, real=0.01 secs] 
Heap after GC invocations=456 (full 9):
 par new generation   total 109248K, used 21824K [0x00000007a0000000, 0x00000007a8000000, 0x00000007a8000000)
  eden space 87424K,   0% used [0x00000007a0000000, 0x00000007a0000000, 0x00000007a5560000)
  from space 21824K, 100% used [0x00000007a5560000, 0x00000007a6ab0000, 0x00000007a6ab0000)
  to   space 21824K,   0% used [0x00000007a6ab0000, 0x00000007a6ab0000, 0x00000007a8000000)
 concurrent mark-sweep generation total 393216K, used 100325K [0x00000007a8000000, 0x00000007c0000000, 0x00000007c0000000)
 Metaspace       used 40828K, capacity 41576K, committed 41844K, reserved 1085440K
  class space    used 4663K, capacity 4865K, committed 4988K, reserved 1048576K
}
2016-10-23T22:32:51.382+0800: 1990.406: Total time for which application threads were stopped: 0.0060326 seconds, Stopping threads took: 0.0000241 seconds
{Heap before GC invocations=456 (full 9):
 par new generation   total 109248K, used 109248K [0x00000007a0000000, 0x00000007a8000000, 0x00000007a8000000)
  eden space 87424K, 100% used [0x00000007a0000000, 0x00000007a5560000, 0x00000007a5560000)
  from space 21824K, 100% used [0x00000007a5560000, 0x00000007a6ab0000, 0x00000007a6ab0000)
  to   space 21824K,   0% used [0x00000007a6ab0000, 0x00000007a6ab0000, 0x00000007a8000000)
 concurrent mark-sweep generation total 393216K, used 100325K [0x00000007a8000000, 0x00000007c0000000, 0x00000007c0000000)
 Metaspace       used 40828K, capacity 41576K, committed 41844K, reserved 1085440K
  class space    used 4663K, capacity 4865K, committed 4988K, reserved 1048576K
2016-10-23T22:32:51.606+0800: 1990.631: [GC (Allocation Failure) 2016-10-23T22:32:51.606+0800: 1990.631: [ParNew
Desired survivor size 20112992 bytes, new threshold 8 (max 8)
- age   1:    5466008 bytes,    5466008 total
- age   2:    2218264 bytes,    7684272 total
- age   3:    1246392 bytes,    8930664 total
- age   4:    4293416 bytes,   13224080 total
- age   5:    1729312 bytes,   14953392 total
- age   6:    1244936 bytes,   16198328 total
- age   7:    1252944 bytes,   17451272 total
- age   8:     484104 bytes,   17935376 total
: 109248K->21824K(109248K), 0.0078952 secs] 209573K->122546K(502464K), 0.0079441 secs] [Times: user=0.03 sys=0.00, real=0.01 secs] 
Heap after GC invocations=457 (full 9):
 par new generation   total 109248K, used 21824K [0x00000007a0000000, 0x00000007a8000000, 0x00000007a8000000)
  eden space 87424K,   0% used [0x00000007a0000000, 0x00000007a0000000, 0x00000007a5560000)
  from space 21824K, 100% used [0x00000007a6ab0000, 0x00000007a8000000, 0x00000007a8000000)
  to   space 21824K,   0% used [0x00000007a5560000, 0x00000007a5560000, 0x00000007a6ab0000)
 concurrent mark-sweep generation total 393216K, used 100722K [0x00000007a8000000, 0x00000007c0000000, 0x00000007c0000000)
 Metaspace       used 40828K, capacity 41576K, committed 41844K, reserved 1085440K
  class space    used 4663K, capacity 4865K, committed 4988K, reserved 1048576K
}
2016-10-23T22:32:51.614+0800: 1990.639: Total time for which application threads were stopped: 0.0081279 seconds, Stopping threads took: 0.0000299 seconds
{Heap before GC invocations=457 (full 9):
 par new generation   total 109248K, used 109248K [0x00000007a0000000, 0x00000007a8000000, 0x00000007a8000000)
  eden space 87424K, 100% used [0x00000007a0000000, 0x00000007a5560000, 0x00000007a5560000)
  from space 21824K, 100% used [0x00000007a6ab0000, 0x00000007a8000000, 0x00000007a8000000)
  to   space 21824K,   0% used [0x00000007a5560000, 0x00000007a5560000, 0x00000007a6ab0000)
 concurrent mark-sweep generation total 393216K, used 100722K [0x00000007a8000000, 0x00000007c0000000, 0x00000007c0000000)
 Metaspace       used 40833K, capacity 41576K, committed 41844K, reserved 1085440K
  class space    used 4663K, capacity 4865K, committed 4988K, reserved 1048576K
2016-10-23T22:32:51.837+0800: 1990.862: [GC (Allocation Failure) 2016-10-23T22:32:51.837+0800: 1990.862: [ParNew
Desired survivor size 20112992 bytes, new threshold 8 (max 8)
- age   1:    3497168 bytes,    3497168 total
- age   2:    3506024 bytes,    7003192 total
- age   3:    1644408 bytes,    8647600 total
- age   4:    1088768 bytes,    9736368 total
- age   5:    3621648 bytes,   13358016 total
- age   6:    1598224 bytes,   14956240 total
- age   7:    1244792 bytes,   16201032 total
- age   8:    1252616 bytes,   17453648 total
: 109248K->21824K(109248K), 0.0092346 secs] 209970K->127350K(502464K), 0.0092951 secs] [Times: user=0.03 sys=0.00, real=0.01 secs] 
Heap after GC invocations=458 (full 9):
 par new generation   total 109248K, used 21824K [0x00000007a0000000, 0x00000007a8000000, 0x00000007a8000000)
  eden space 87424K,   0% used [0x00000007a0000000, 0x00000007a0000000, 0x00000007a5560000)
  from space 21824K, 100% used [0x00000007a5560000, 0x00000007a6ab0000, 0x00000007a6ab0000)
  to   space 21824K,   0% used [0x00000007a6ab0000, 0x00000007a6ab0000, 0x00000007a8000000)
 concurrent mark-sweep generation total 393216K, used 105526K [0x00000007a8000000, 0x00000007c0000000, 0x00000007c0000000)
 Metaspace       used 40833K, capacity 41576K, committed 41844K, reserved 1085440K
  class space    used 4663K, capacity 4865K, committed 4988K, reserved 1048576K
}
2016-10-23T22:32:51.847+0800: 1990.871: Total time for which application threads were stopped: 0.0094834 seconds, Stopping threads took: 0.0000296 seconds
{Heap before GC invocations=458 (full 9):
 par new generation   total 109248K, used 109248K [0x00000007a0000000, 0x00000007a8000000, 0x00000007a8000000)
  eden space 87424K, 100% used [0x00000007a0000000, 0x00000007a5560000, 0x00000007a5560000)
  from space 21824K, 100% used [0x00000007a5560000, 0x00000007a6ab0000, 0x00000007a6ab0000)
  to   space 21824K,   0% used [0x00000007a6ab0000, 0x00000007a6ab0000, 0x00000007a8000000)
 concurrent mark-sweep generation total 393216K, used 105526K [0x00000007a8000000, 0x00000007c0000000, 0x00000007c0000000)
 Metaspace       used 40833K, capacity 41576K, committed 41844K, reserved 1085440K
  class space    used 4663K, capacity 4865K, committed 4988K, reserved 1048576K
2016-10-23T22:32:52.076+0800: 1991.100: [GC (Allocation Failure) 2016-10-23T22:32:52.076+0800: 1991.100: [ParNew
Desired survivor size 20112992 bytes, new threshold 8 (max 8)
- age   1:    6226272 bytes,    6226272 total
- age   2:    2657472 bytes,    8883744 total
- age   3:    2628512 bytes,   11512256 total
- age   4:    1282800 bytes,   12795056 total
- age   5:     882392 bytes,   13677448 total
- age   6:    3564800 bytes,   17242248 total
- age   7:    1598224 bytes,   18840472 total
- age   8:    1244656 bytes,   20085128 total
: 109248K->21824K(109248K), 0.0133266 secs] 214774K->130972K(502464K), 0.0133970 secs] [Times: user=0.04 sys=0.01, real=0.01 secs] 
Heap after GC invocations=459 (full 9):
 par new generation   total 109248K, used 21824K [0x00000007a0000000, 0x00000007a8000000, 0x00000007a8000000)
  eden space 87424K,   0% used [0x00000007a0000000, 0x00000007a0000000, 0x00000007a5560000)
  from space 21824K, 100% used [0x00000007a6ab0000, 0x00000007a8000000, 0x00000007a8000000)
  to   space 21824K,   0% used [0x00000007a5560000, 0x00000007a5560000, 0x00000007a6ab0000)
 concurrent mark-sweep generation total 393216K, used 109148K [0x00000007a8000000, 0x00000007c0000000, 0x00000007c0000000)
 Metaspace       used 40833K, capacity 41576K, committed 41844K, reserved 1085440K
  class space    used 4663K, capacity 4865K, committed 4988K, reserved 1048576K
}
2016-10-23T22:32:52.089+0800: 1991.113: Total time for which application threads were stopped: 0.0135810 seconds, Stopping threads took: 0.0000287 seconds
{Heap before GC invocations=459 (full 9):
 par new generation   total 109248K, used 109248K [0x00000007a0000000, 0x00000007a8000000, 0x00000007a8000000)
  eden space 87424K, 100% used [0x00000007a0000000, 0x00000007a5560000, 0x00000007a5560000)
  from space 21824K, 100% used [0x00000007a6ab0000, 0x00000007a8000000, 0x00000007a8000000)
  to   space 21824K,   0% used [0x00000007a5560000, 0x00000007a5560000, 0x00000007a6ab0000)
 concurrent mark-sweep generation total 393216K, used 109148K [0x00000007a8000000, 0x00000007c0000000, 0x00000007c0000000)
 Metaspace       used 40833K, capacity 41576K, committed 41844K, reserved 1085440K
  class space    used 4663K, capacity 4865K, committed 4988K, reserved 1048576K
2016-10-23T22:32:52.222+0800: 1991.247: [GC (Allocation Failure) 2016-10-23T22:32:52.222+0800: 1991.247: [ParNew
Desired survivor size 20112992 bytes, new threshold 8 (max 8)
- age   1:    3329016 bytes,    3329016 total
- age   2:    5820880 bytes,    9149896 total
- age   3:    2291096 bytes,   11440992 total
- age   4:    2266160 bytes,   13707152 total
- age   5:    1066912 bytes,   14774064 total
- age   6:     720840 bytes,   15494904 total
- age   7:    3396160 bytes,   18891064 total
- age   8:    1598224 bytes,   20489288 total
: 109248K->21824K(109248K), 0.0081998 secs] 218396K->133077K(502464K), 0.0082528 secs] [Times: user=0.03 sys=0.00, real=0.01 secs] 
Heap after GC invocations=460 (full 9):
 par new generation   total 109248K, used 21824K [0x00000007a0000000, 0x00000007a8000000, 0x00000007a8000000)
  eden space 87424K,   0% used [0x00000007a0000000, 0x00000007a0000000, 0x00000007a5560000)
  from space 21824K, 100% used [0x00000007a5560000, 0x00000007a6ab0000, 0x00000007a6ab0000)
  to   space 21824K,   0% used [0x00000007a6ab0000, 0x00000007a6ab0000, 0x00000007a8000000)
 concurrent mark-sweep generation total 393216K, used 111253K [0x00000007a8000000, 0x00000007c0000000, 0x00000007c0000000)
 Metaspace       used 40833K, capacity 41576K, committed 41844K, reserved 1085440K
  class space    used 4663K, capacity 4865K, committed 4988K, reserved 1048576K
}
2016-10-23T22:32:52.231+0800: 1991.255: Total time for which application threads were stopped: 0.0085520 seconds, Stopping threads took: 0.0001047 seconds
{Heap before GC invocations=460 (full 9):
 par new generation   total 109248K, used 109248K [0x00000007a0000000, 0x00000007a8000000, 0x00000007a8000000)
  eden space 87424K, 100% used [0x00000007a0000000, 0x00000007a5560000, 0x00000007a5560000)
  from space 21824K, 100% used [0x00000007a5560000, 0x00000007a6ab0000, 0x00000007a6ab0000)
  to   space 21824K,   0% used [0x00000007a6ab0000, 0x00000007a6ab0000, 0x00000007a8000000)
 concurrent mark-sweep generation total 393216K, used 111253K [0x00000007a8000000, 0x00000007c0000000, 0x00000007c0000000)
 Metaspace       used 40834K, capacity 41576K, committed 41844K, reserved 1085440K
  class space    used 4663K, capacity 4865K, committed 4988K, reserved 1048576K
2016-10-23T22:32:52.321+0800: 1991.345: [GC (Allocation Failure) 2016-10-23T22:32:52.321+0800: 1991.345: [ParNew
Desired survivor size 20112992 bytes, new threshold 8 (max 8)
- age   1:    2619680 bytes,    2619680 total
- age   2:    2544432 bytes,    5164112 total
- age   3:    4588208 bytes,    9752320 total
- age   4:    1440384 bytes,   11192704 total
- age   5:    1400600 bytes,   12593304 total
- age   6:     617376 bytes,   13210680 total
- age   7:     392016 bytes,   13602696 total
- age   8:    3298856 bytes,   16901552 total
: 109248K->21824K(109248K), 0.0068806 secs] 220501K->134746K(502464K), 0.0069571 secs] [Times: user=0.02 sys=0.00, real=0.00 secs] 
Heap after GC invocations=461 (full 9):
 par new generation   total 109248K, used 21824K [0x00000007a0000000, 0x00000007a8000000, 0x00000007a8000000)
  eden space 87424K,   0% used [0x00000007a0000000, 0x00000007a0000000, 0x00000007a5560000)
  from space 21824K, 100% used [0x00000007a6ab0000, 0x00000007a8000000, 0x00000007a8000000)
  to   space 21824K,   0% used [0x00000007a5560000, 0x00000007a5560000, 0x00000007a6ab0000)
 concurrent mark-sweep generation total 393216K, used 112922K [0x00000007a8000000, 0x00000007c0000000, 0x00000007c0000000)
 Metaspace       used 40834K, capacity 41576K, committed 41844K, reserved 1085440K
  class space    used 4663K, capacity 4865K, committed 4988K, reserved 1048576K
}
2016-10-23T22:32:52.328+0800: 1991.352: Total time for which application threads were stopped: 0.0071617 seconds, Stopping threads took: 0.0000312 seconds
{Heap before GC invocations=461 (full 9):
 par new generation   total 109248K, used 109248K [0x00000007a0000000, 0x00000007a8000000, 0x00000007a8000000)
  eden space 87424K, 100% used [0x00000007a0000000, 0x00000007a5560000, 0x00000007a5560000)
  from space 21824K, 100% used [0x00000007a6ab0000, 0x00000007a8000000, 0x00000007a8000000)
  to   space 21824K,   0% used [0x00000007a5560000, 0x00000007a5560000, 0x00000007a6ab0000)
 concurrent mark-sweep generation total 393216K, used 112922K [0x00000007a8000000, 0x00000007c0000000, 0x00000007c0000000)
 Metaspace       used 40834K, capacity 41576K, committed 41844K, reserved 1085440K
  class space    used 4663K, capacity 4865K, committed 4988K, reserved 1048576K
2016-10-23T22:32:52.564+0800: 1991.588: [GC (Allocation Failure) 2016-10-23T22:32:52.564+0800: 1991.588: [ParNew
Desired survivor size 20112992 bytes, new threshold 8 (max 8)
- age   1:    5651768 bytes,    5651768 total
- age   2:    1667776 bytes,    7319544 total
- age   3:    2348232 bytes,    9667776 total
- age   4:    4588208 bytes,   14255984 total
- age   5:    1440384 bytes,   15696368 total
- age   6:    1400600 bytes,   17096968 total
- age   7:     617376 bytes,   17714344 total
- age   8:     392016 bytes,   18106360 total
: 109248K->21824K(109248K), 0.0079414 secs] 222170K->137968K(502464K), 0.0080086 secs] [Times: user=0.03 sys=0.00, real=0.01 secs] 
Heap after GC invocations=462 (full 9):
 par new generation   total 109248K, used 21824K [0x00000007a0000000, 0x00000007a8000000, 0x00000007a8000000)
  eden space 87424K,   0% used [0x00000007a0000000, 0x00000007a0000000, 0x00000007a5560000)
  from space 21824K, 100% used [0x00000007a5560000, 0x00000007a6ab0000, 0x00000007a6ab0000)
  to   space 21824K,   0% used [0x00000007a6ab0000, 0x00000007a6ab0000, 0x00000007a8000000)
 concurrent mark-sweep generation total 393216K, used 116144K [0x00000007a8000000, 0x00000007c0000000, 0x00000007c0000000)
 Metaspace       used 40834K, capacity 41576K, committed 41844K, reserved 1085440K
  class space    used 4663K, capacity 4865K, committed 4988K, reserved 1048576K
}
2016-10-23T22:32:52.572+0800: 1991.596: Total time for which application threads were stopped: 0.0082053 seconds, Stopping threads took: 0.0000233 seconds
{Heap before GC invocations=462 (full 9):
 par new generation   total 109248K, used 109248K [0x00000007a0000000, 0x00000007a8000000, 0x00000007a8000000)
  eden space 87424K, 100% used [0x00000007a0000000, 0x00000007a5560000, 0x00000007a5560000)
  from space 21824K, 100% used [0x00000007a5560000, 0x00000007a6ab0000, 0x00000007a6ab0000)
  to   space 21824K,   0% used [0x00000007a6ab0000, 0x00000007a6ab0000, 0x00000007a8000000)
 concurrent mark-sweep generation total 393216K, used 116144K [0x00000007a8000000, 0x00000007c0000000, 0x00000007c0000000)
 Metaspace       used 40834K, capacity 41576K, committed 41844K, reserved 1085440K
  class space    used 4663K, capacity 4865K, committed 4988K, reserved 1048576K
2016-10-23T22:32:52.782+0800: 1991.806: [GC (Allocation Failure) 2016-10-23T22:32:52.782+0800: 1991.807: [ParNew
Desired survivor size 20112992 bytes, new threshold 8 (max 8)
- age   1:    5143728 bytes,    5143728 total
- age   2:    3503712 bytes,    8647440 total
- age   3:    1472064 bytes,   10119504 total
- age   4:    2046456 bytes,   12165960 total
- age   5:    4588208 bytes,   16754168 total
- age   6:    1440384 bytes,   18194552 total
- age   7:    1400600 bytes,   19595152 total
- age   8:     617376 bytes,   20212528 total
: 109248K->21824K(109248K), 0.0097304 secs] 225392K->140246K(502464K), 0.0098060 secs] [Times: user=0.03 sys=0.00, real=0.01 secs] 
Heap after GC invocations=463 (full 9):
 par new generation   total 109248K, used 21824K [0x00000007a0000000, 0x00000007a8000000, 0x00000007a8000000)
  eden space 87424K,   0% used [0x00000007a0000000, 0x00000007a0000000, 0x00000007a5560000)
  from space 21824K, 100% used [0x00000007a6ab0000, 0x00000007a8000000, 0x00000007a8000000)
  to   space 21824K,   0% used [0x00000007a5560000, 0x00000007a5560000, 0x00000007a6ab0000)
 concurrent mark-sweep generation total 393216K, used 118422K [0x00000007a8000000, 0x00000007c0000000, 0x00000007c0000000)
 Metaspace       used 40834K, capacity 41576K, committed 41844K, reserved 1085440K
  class space    used 4663K, capacity 4865K, committed 4988K, reserved 1048576K
}
2016-10-23T22:32:52.792+0800: 1991.816: Total time for which application threads were stopped: 0.0100074 seconds, Stopping threads took: 0.0000289 seconds
{Heap before GC invocations=463 (full 9):
 par new generation   total 109248K, used 109211K [0x00000007a0000000, 0x00000007a8000000, 0x00000007a8000000)
  eden space 87424K,  99% used [0x00000007a0000000, 0x00000007a5556e88, 0x00000007a5560000)
  from space 21824K, 100% used [0x00000007a6ab0000, 0x00000007a8000000, 0x00000007a8000000)
  to   space 21824K,   0% used [0x00000007a5560000, 0x00000007a5560000, 0x00000007a6ab0000)
 concurrent mark-sweep generation total 393216K, used 118422K [0x00000007a8000000, 0x00000007c0000000, 0x00000007c0000000)
 Metaspace       used 40834K, capacity 41576K, committed 41844K, reserved 1085440K
  class space    used 4663K, capacity 4865K, committed 4988K, reserved 1048576K
2016-10-23T22:32:53.011+0800: 1992.036: [GC (Allocation Failure) 2016-10-23T22:32:53.011+0800: 1992.036: [ParNew
Desired survivor size 20112992 bytes, new threshold 7 (max 8)
- age   1:    6444568 bytes,    6444568 total
- age   2:    3162496 bytes,    9607064 total
- age   3:    2546488 bytes,   12153552 total
- age   4:    1246384 bytes,   13399936 total
- age   5:    1823448 bytes,   15223384 total
- age   6:    4266816 bytes,   19490200 total
- age   7:    1440384 bytes,   20930584 total
- age   8:    1400600 bytes,   22331184 total
: 109211K->21824K(109248K), 0.0130000 secs] 227634K->143551K(502464K), 0.0130621 secs] [Times: user=0.05 sys=0.00, real=0.01 secs] 
Heap after GC invocations=464 (full 9):
 par new generation   total 109248K, used 21824K [0x00000007a0000000, 0x00000007a8000000, 0x00000007a8000000)
  eden space 87424K,   0% used [0x00000007a0000000, 0x00000007a0000000, 0x00000007a5560000)
  from space 21824K, 100% used [0x00000007a5560000, 0x00000007a6ab0000, 0x00000007a6ab0000)
  to   space 21824K,   0% used [0x00000007a6ab0000, 0x00000007a6ab0000, 0x00000007a8000000)
 concurrent mark-sweep generation total 393216K, used 121727K [0x00000007a8000000, 0x00000007c0000000, 0x00000007c0000000)
 Metaspace       used 40834K, capacity 41576K, committed 41844K, reserved 1085440K
  class space    used 4663K, capacity 4865K, committed 4988K, reserved 1048576K
}
2016-10-23T22:32:53.024+0800: 1992.049: Total time for which application threads were stopped: 0.0132552 seconds, Stopping threads took: 0.0000297 seconds
{Heap before GC invocations=464 (full 9):
 par new generation   total 109248K, used 109248K [0x00000007a0000000, 0x00000007a8000000, 0x00000007a8000000)
  eden space 87424K, 100% used [0x00000007a0000000, 0x00000007a5560000, 0x00000007a5560000)
  from space 21824K, 100% used [0x00000007a5560000, 0x00000007a6ab0000, 0x00000007a6ab0000)
  to   space 21824K,   0% used [0x00000007a6ab0000, 0x00000007a6ab0000, 0x00000007a8000000)
 concurrent mark-sweep generation total 393216K, used 121727K [0x00000007a8000000, 0x00000007c0000000, 0x00000007c0000000)
 Metaspace       used 40834K, capacity 41576K, committed 41844K, reserved 1085440K
  class space    used 4663K, capacity 4865K, committed 4988K, reserved 1048576K
2016-10-23T22:32:53.211+0800: 1992.235: [GC (Allocation Failure) 2016-10-23T22:32:53.211+0800: 1992.235: [ParNew
Desired survivor size 20112992 bytes, new threshold 8 (max 8)
- age   1:    4474360 bytes,    4474360 total
- age   2:    3573616 bytes,    8047976 total
- age   3:    2477480 bytes,   10525456 total
- age   4:    2142128 bytes,   12667584 total
- age   5:    1082000 bytes,   13749584 total
- age   6:    1461368 bytes,   15210952 total
- age   7:    4266816 bytes,   19477768 total
: 109248K->21824K(109248K), 0.0099001 secs] 230975K->148989K(502464K), 0.0099712 secs] [Times: user=0.03 sys=0.00, real=0.01 secs] 
Heap after GC invocations=465 (full 9):
 par new generation   total 109248K, used 21824K [0x00000007a0000000, 0x00000007a8000000, 0x00000007a8000000)
  eden space 87424K,   0% used [0x00000007a0000000, 0x00000007a0000000, 0x00000007a5560000)
  from space 21824K, 100% used [0x00000007a6ab0000, 0x00000007a8000000, 0x00000007a8000000)
  to   space 21824K,   0% used [0x00000007a5560000, 0x00000007a5560000, 0x00000007a6ab0000)
 concurrent mark-sweep generation total 393216K, used 127165K [0x00000007a8000000, 0x00000007c0000000, 0x00000007c0000000)
 Metaspace       used 40834K, capacity 41576K, committed 41844K, reserved 1085440K
  class space    used 4663K, capacity 4865K, committed 4988K, reserved 1048576K
}
2016-10-23T22:32:53.221+0800: 1992.245: Total time for which application threads were stopped: 0.0102581 seconds, Stopping threads took: 0.0001074 seconds
{Heap before GC invocations=465 (full 9):
 par new generation   total 109248K, used 109248K [0x00000007a0000000, 0x00000007a8000000, 0x00000007a8000000)
  eden space 87424K, 100% used [0x00000007a0000000, 0x00000007a5560000, 0x00000007a5560000)
  from space 21824K, 100% used [0x00000007a6ab0000, 0x00000007a8000000, 0x00000007a8000000)
  to   space 21824K,   0% used [0x00000007a5560000, 0x00000007a5560000, 0x00000007a6ab0000)
 concurrent mark-sweep generation total 393216K, used 127165K [0x00000007a8000000, 0x00000007c0000000, 0x00000007c0000000)
 Metaspace       used 40834K, capacity 41576K, committed 41844K, reserved 1085440K
  class space    used 4663K, capacity 4865K, committed 4988K, reserved 1048576K
2016-10-23T22:32:53.294+0800: 1992.318: [GC (Allocation Failure) 2016-10-23T22:32:53.294+0800: 1992.318: [ParNew
Desired survivor size 20112992 bytes, new threshold 8 (max 8)
- age   1:    1472832 bytes,    1472832 total
- age   2:    3148304 bytes,    4621136 total
- age   3:    3549744 bytes,    8170880 total
- age   4:    2458168 bytes,   10629048 total
- age   5:    2122912 bytes,   12751960 total
- age   6:    1075608 bytes,   13827568 total
- age   7:    1454296 bytes,   15281864 total
- age   8:    4289128 bytes,   19570992 total
: 109248K->21824K(109248K), 0.0133592 secs] 236413K->150431K(502464K), 0.0134351 secs] [Times: user=0.05 sys=0.00, real=0.01 secs] 
Heap after GC invocations=466 (full 9):
 par new generation   total 109248K, used 21824K [0x00000007a0000000, 0x00000007a8000000, 0x00000007a8000000)
  eden space 87424K,   0% used [0x00000007a0000000, 0x00000007a0000000, 0x00000007a5560000)
  from space 21824K, 100% used [0x00000007a5560000, 0x00000007a6ab0000, 0x00000007a6ab0000)
  to   space 21824K,   0% used [0x00000007a6ab0000, 0x00000007a6ab0000, 0x00000007a8000000)
 concurrent mark-sweep generation total 393216K, used 128607K [0x00000007a8000000, 0x00000007c0000000, 0x00000007c0000000)
 Metaspace       used 40834K, capacity 41576K, committed 41844K, reserved 1085440K
  class space    used 4663K, capacity 4865K, committed 4988K, reserved 1048576K
}
2016-10-23T22:32:53.308+0800: 1992.332: Total time for which application threads were stopped: 0.0138130 seconds, Stopping threads took: 0.0001970 seconds
{Heap before GC invocations=466 (full 9):
 par new generation   total 109248K, used 109248K [0x00000007a0000000, 0x00000007a8000000, 0x00000007a8000000)
  eden space 87424K, 100% used [0x00000007a0000000, 0x00000007a5560000, 0x00000007a5560000)
  from space 21824K, 100% used [0x00000007a5560000, 0x00000007a6ab0000, 0x00000007a6ab0000)
  to   space 21824K,   0% used [0x00000007a6ab0000, 0x00000007a6ab0000, 0x00000007a8000000)
 concurrent mark-sweep generation total 393216K, used 128607K [0x00000007a8000000, 0x00000007c0000000, 0x00000007c0000000)
 Metaspace       used 40839K, capacity 41576K, committed 41844K, reserved 1085440K
  class space    used 4663K, capacity 4865K, committed 4988K, reserved 1048576K
2016-10-23T22:32:53.496+0800: 1992.520: [GC (Allocation Failure) 2016-10-23T22:32:53.496+0800: 1992.520: [ParNew
Desired survivor size 20112992 bytes, new threshold 8 (max 8)
- age   1:    4779880 bytes,    4779880 total
- age   2:     693072 bytes,    5472952 total
- age   3:    2631344 bytes,    8104296 total
- age   4:    2784704 bytes,   10889000 total
- age   5:    2008064 bytes,   12897064 total
- age   6:    1683072 bytes,   14580136 total
- age   7:     756544 bytes,   15336680 total
- age   8:    1284456 bytes,   16621136 total
: 109248K->21824K(109248K), 0.0096589 secs] 237855K->155072K(502464K), 0.0097318 secs] [Times: user=0.03 sys=0.00, real=0.01 secs] 
Heap after GC invocations=467 (full 9):
 par new generation   total 109248K, used 21824K [0x00000007a0000000, 0x00000007a8000000, 0x00000007a8000000)
  eden space 87424K,   0% used [0x00000007a0000000, 0x00000007a0000000, 0x00000007a5560000)
  from space 21824K, 100% used [0x00000007a6ab0000, 0x00000007a8000000, 0x00000007a8000000)
  to   space 21824K,   0% used [0x00000007a5560000, 0x00000007a5560000, 0x00000007a6ab0000)
 concurrent mark-sweep generation total 393216K, used 133248K [0x00000007a8000000, 0x00000007c0000000, 0x00000007c0000000)
 Metaspace       used 40839K, capacity 41576K, committed 41844K, reserved 1085440K
  class space    used 4663K, capacity 4865K, committed 4988K, reserved 1048576K
}
2016-10-23T22:32:53.506+0800: 1992.530: Total time for which application threads were stopped: 0.0099220 seconds, Stopping threads took: 0.0000229 seconds
{Heap before GC invocations=467 (full 9):
 par new generation   total 109248K, used 109248K [0x00000007a0000000, 0x00000007a8000000, 0x00000007a8000000)
  eden space 87424K, 100% used [0x00000007a0000000, 0x00000007a5560000, 0x00000007a5560000)
  from space 21824K, 100% used [0x00000007a6ab0000, 0x00000007a8000000, 0x00000007a8000000)
  to   space 21824K,   0% used [0x00000007a5560000, 0x00000007a5560000, 0x00000007a6ab0000)
 concurrent mark-sweep generation total 393216K, used 133248K [0x00000007a8000000, 0x00000007c0000000, 0x00000007c0000000)
 Metaspace       used 40839K, capacity 41576K, committed 41844K, reserved 1085440K
  class space    used 4663K, capacity 4865K, committed 4988K, reserved 1048576K
2016-10-23T22:32:53.720+0800: 1992.745: [GC (Allocation Failure) 2016-10-23T22:32:53.720+0800: 1992.745: [ParNew
Desired survivor size 20112992 bytes, new threshold 8 (max 8)
- age   1:    5916536 bytes,    5916536 total
- age   2:    3357256 bytes,    9273792 total
- age   3:     684120 bytes,    9957912 total
- age   4:    2611072 bytes,   12568984 total
- age   5:    2784704 bytes,   15353688 total
- age   6:    2008064 bytes,   17361752 total
- age   7:    1683072 bytes,   19044824 total
- age   8:     755728 bytes,   19800552 total
: 109248K->21824K(109248K), 0.0094947 secs] 242496K->156467K(502464K), 0.0095591 secs] [Times: user=0.04 sys=0.00, real=0.01 secs] 
Heap after GC invocations=468 (full 9):
 par new generation   total 109248K, used 21824K [0x00000007a0000000, 0x00000007a8000000, 0x00000007a8000000)
  eden space 87424K,   0% used [0x00000007a0000000, 0x00000007a0000000, 0x00000007a5560000)
  from space 21824K, 100% used [0x00000007a5560000, 0x00000007a6ab0000, 0x00000007a6ab0000)
  to   space 21824K,   0% used [0x00000007a6ab0000, 0x00000007a6ab0000, 0x00000007a8000000)
 concurrent mark-sweep generation total 393216K, used 134643K [0x00000007a8000000, 0x00000007c0000000, 0x00000007c0000000)
 Metaspace       used 40839K, capacity 41576K, committed 41844K, reserved 1085440K
  class space    used 4663K, capacity 4865K, committed 4988K, reserved 1048576K
}
2016-10-23T22:32:53.730+0800: 1992.754: Total time for which application threads were stopped: 0.0097344 seconds, Stopping threads took: 0.0000209 seconds
{Heap before GC invocations=468 (full 9):
 par new generation   total 109248K, used 109248K [0x00000007a0000000, 0x00000007a8000000, 0x00000007a8000000)
  eden space 87424K, 100% used [0x00000007a0000000, 0x00000007a5560000, 0x00000007a5560000)
  from space 21824K, 100% used [0x00000007a5560000, 0x00000007a6ab0000, 0x00000007a6ab0000)
  to   space 21824K,   0% used [0x00000007a6ab0000, 0x00000007a6ab0000, 0x00000007a8000000)
 concurrent mark-sweep generation total 393216K, used 134643K [0x00000007a8000000, 0x00000007c0000000, 0x00000007c0000000)
 Metaspace       used 40839K, capacity 41576K, committed 41844K, reserved 1085440K
  class space    used 4663K, capacity 4865K, committed 4988K, reserved 1048576K
2016-10-23T22:32:53.949+0800: 1992.974: [GC (Allocation Failure) 2016-10-23T22:32:53.949+0800: 1992.974: [ParNew
Desired survivor size 20112992 bytes, new threshold 8 (max 8)
- age   1:    5534936 bytes,    5534936 total
- age   2:    3495240 bytes,    9030176 total
- age   3:    2425504 bytes,   11455680 total
- age   4:     547768 bytes,   12003448 total
- age   5:    2407176 bytes,   14410624 total
- age   6:    2784000 bytes,   17194624 total
- age   7:    2004176 bytes,   19198800 total
- age   8:    1682688 bytes,   20881488 total
: 109248K->21824K(109248K), 0.0122136 secs] 243891K->159961K(502464K), 0.0122991 secs] [Times: user=0.04 sys=0.00, real=0.02 secs] 
Heap after GC invocations=469 (full 9):
 par new generation   total 109248K, used 21824K [0x00000007a0000000, 0x00000007a8000000, 0x00000007a8000000)
  eden space 87424K,   0% used [0x00000007a0000000, 0x00000007a0000000, 0x00000007a5560000)
  from space 21824K, 100% used [0x00000007a6ab0000, 0x00000007a8000000, 0x00000007a8000000)
  to   space 21824K,   0% used [0x00000007a5560000, 0x00000007a5560000, 0x00000007a6ab0000)
 concurrent mark-sweep generation total 393216K, used 138137K [0x00000007a8000000, 0x00000007c0000000, 0x00000007c0000000)
 Metaspace       used 40839K, capacity 41576K, committed 41844K, reserved 1085440K
  class space    used 4663K, capacity 4865K, committed 4988K, reserved 1048576K
}
2016-10-23T22:32:53.962+0800: 1992.986: Total time for which application threads were stopped: 0.0124756 seconds, Stopping threads took: 0.0000211 seconds
{Heap before GC invocations=469 (full 9):
 par new generation   total 109248K, used 109248K [0x00000007a0000000, 0x00000007a8000000, 0x00000007a8000000)
  eden space 87424K, 100% used [0x00000007a0000000, 0x00000007a5560000, 0x00000007a5560000)
  from space 21824K, 100% used [0x00000007a6ab0000, 0x00000007a8000000, 0x00000007a8000000)
  to   space 21824K,   0% used [0x00000007a5560000, 0x00000007a5560000, 0x00000007a6ab0000)
 concurrent mark-sweep generation total 393216K, used 138137K [0x00000007a8000000, 0x00000007c0000000, 0x00000007c0000000)
 Metaspace       used 40839K, capacity 41576K, committed 41844K, reserved 1085440K
  class space    used 4663K, capacity 4865K, committed 4988K, reserved 1048576K
2016-10-23T22:32:54.228+0800: 1993.252: [GC (Allocation Failure) 2016-10-23T22:32:54.228+0800: 1993.252: [ParNew
Desired survivor size 20112992 bytes, new threshold 8 (max 8)
- age   1:    2974208 bytes,    2974208 total
- age   2:    2956544 bytes,    5930752 total
- age   3:    2362624 bytes,    8293376 total
- age   4:    1991776 bytes,   10285152 total
- age   5:     390336 bytes,   10675488 total
- age   6:    1920552 bytes,   12596040 total
- age   7:    2783904 bytes,   15379944 total
- age   8:    2004224 bytes,   17384168 total
: 109248K->21824K(109248K), 0.0105762 secs] 247385K->164089K(502464K), 0.0106532 secs] [Times: user=0.04 sys=0.01, real=0.01 secs] 
Heap after GC invocations=470 (full 9):
 par new generation   total 109248K, used 21824K [0x00000007a0000000, 0x00000007a8000000, 0x00000007a8000000)
  eden space 87424K,   0% used [0x00000007a0000000, 0x00000007a0000000, 0x00000007a5560000)
  from space 21824K, 100% used [0x00000007a5560000, 0x00000007a6ab0000, 0x00000007a6ab0000)
  to   space 21824K,   0% used [0x00000007a6ab0000, 0x00000007a6ab0000, 0x00000007a8000000)
 concurrent mark-sweep generation total 393216K, used 142265K [0x00000007a8000000, 0x00000007c0000000, 0x00000007c0000000)
 Metaspace       used 40839K, capacity 41576K, committed 41844K, reserved 1085440K
  class space    used 4663K, capacity 4865K, committed 4988K, reserved 1048576K
}
2016-10-23T22:32:54.239+0800: 1993.263: Total time for which application threads were stopped: 0.0108943 seconds, Stopping threads took: 0.0000225 seconds
2016-10-23T22:32:54.322+0800: 1993.346: Total time for which application threads were stopped: 0.0001521 seconds, Stopping threads took: 0.0000661 seconds
{Heap before GC invocations=470 (full 9):
 par new generation   total 109248K, used 109248K [0x00000007a0000000, 0x00000007a8000000, 0x00000007a8000000)
  eden space 87424K, 100% used [0x00000007a0000000, 0x00000007a5560000, 0x00000007a5560000)
  from space 21824K, 100% used [0x00000007a5560000, 0x00000007a6ab0000, 0x00000007a6ab0000)
  to   space 21824K,   0% used [0x00000007a6ab0000, 0x00000007a6ab0000, 0x00000007a8000000)
 concurrent mark-sweep generation total 393216K, used 142265K [0x00000007a8000000, 0x00000007c0000000, 0x00000007c0000000)
 Metaspace       used 40841K, capacity 41576K, committed 41844K, reserved 1085440K
  class space    used 4663K, capacity 4865K, committed 4988K, reserved 1048576K
2016-10-23T22:32:54.423+0800: 1993.447: [GC (Allocation Failure) 2016-10-23T22:32:54.423+0800: 1993.447: [ParNew
Desired survivor size 20112992 bytes, new threshold 8 (max 8)
- age   1:    3502360 bytes,    3502360 total
- age   2:    2094456 bytes,    5596816 total
- age   3:    2021376 bytes,    7618192 total
- age   4:    1701544 bytes,    9319736 total
- age   5:    1391520 bytes,   10711256 total
- age   6:     263824 bytes,   10975080 total
- age   7:    1735624 bytes,   12710704 total
- age   8:    2776200 bytes,   15486904 total
: 109248K->21824K(109248K), 0.0072775 secs] 251513K->166212K(502464K), 0.0073369 secs] [Times: user=0.02 sys=0.00, real=0.01 secs] 
Heap after GC invocations=471 (full 9):
 par new generation   total 109248K, used 21824K [0x00000007a0000000, 0x00000007a8000000, 0x00000007a8000000)
  eden space 87424K,   0% used [0x00000007a0000000, 0x00000007a0000000, 0x00000007a5560000)
  from space 21824K, 100% used [0x00000007a6ab0000, 0x00000007a8000000, 0x00000007a8000000)
  to   space 21824K,   0% used [0x00000007a5560000, 0x00000007a5560000, 0x00000007a6ab0000)
 concurrent mark-sweep generation total 393216K, used 144388K [0x00000007a8000000, 0x00000007c0000000, 0x00000007c0000000)
 Metaspace       used 40841K, capacity 41576K, committed 41844K, reserved 1085440K
  class space    used 4663K, capacity 4865K, committed 4988K, reserved 1048576K
}
2016-10-23T22:32:54.430+0800: 1993.455: Total time for which application threads were stopped: 0.0075561 seconds, Stopping threads took: 0.0000312 seconds
{Heap before GC invocations=471 (full 9):
 par new generation   total 109248K, used 109248K [0x00000007a0000000, 0x00000007a8000000, 0x00000007a8000000)
  eden space 87424K, 100% used [0x00000007a0000000, 0x00000007a5560000, 0x00000007a5560000)
  from space 21824K, 100% used [0x00000007a6ab0000, 0x00000007a8000000, 0x00000007a8000000)
  to   space 21824K,   0% used [0x00000007a5560000, 0x00000007a5560000, 0x00000007a6ab0000)
 concurrent mark-sweep generation total 393216K, used 144388K [0x00000007a8000000, 0x00000007c0000000, 0x00000007c0000000)
 Metaspace       used 40847K, capacity 41576K, committed 41844K, reserved 1085440K
  class space    used 4663K, capacity 4865K, committed 4988K, reserved 1048576K
2016-10-23T22:32:55.148+0800: 1994.173: [GC (Allocation Failure) 2016-10-23T22:32:55.149+0800: 1994.173: [ParNew
Desired survivor size 20112992 bytes, new threshold 8 (max 8)
- age   1:    1538824 bytes,    1538824 total
- age   2:    1297528 bytes,    2836352 total
- age   3:    2093816 bytes,    4930168 total
- age   4:    2021376 bytes,    6951544 total
- age   5:    1701544 bytes,    8653088 total
- age   6:    1390672 bytes,   10043760 total
- age   7:     263824 bytes,   10307584 total
- age   8:    1735624 bytes,   12043208 total
: 109248K->15118K(109248K), 0.0080113 secs] 253636K->162222K(502464K), 0.0080887 secs] [Times: user=0.03 sys=0.01, real=0.01 secs] 
Heap after GC invocations=472 (full 9):
 par new generation   total 109248K, used 15118K [0x00000007a0000000, 0x00000007a8000000, 0x00000007a8000000)
  eden space 87424K,   0% used [0x00000007a0000000, 0x00000007a0000000, 0x00000007a5560000)
  from space 21824K,  69% used [0x00000007a5560000, 0x00000007a6423850, 0x00000007a6ab0000)
  to   space 21824K,   0% used [0x00000007a6ab0000, 0x00000007a6ab0000, 0x00000007a8000000)
 concurrent mark-sweep generation total 393216K, used 147104K [0x00000007a8000000, 0x00000007c0000000, 0x00000007c0000000)
 Metaspace       used 40847K, capacity 41576K, committed 41844K, reserved 1085440K
  class space    used 4663K, capacity 4865K, committed 4988K, reserved 1048576K
}
2016-10-23T22:32:55.157+0800: 1994.181: Total time for which application threads were stopped: 0.0084311 seconds, Stopping threads took: 0.0001346 seconds
2016-10-23T22:32:56.158+0800: 1995.182: Total time for which application threads were stopped: 0.0001759 seconds, Stopping threads took: 0.0000898 seconds
{Heap before GC invocations=472 (full 9):
 par new generation   total 109248K, used 102521K [0x00000007a0000000, 0x00000007a8000000, 0x00000007a8000000)
  eden space 87424K,  99% used [0x00000007a0000000, 0x00000007a555af50, 0x00000007a5560000)
  from space 21824K,  69% used [0x00000007a5560000, 0x00000007a6423850, 0x00000007a6ab0000)
  to   space 21824K,   0% used [0x00000007a6ab0000, 0x00000007a6ab0000, 0x00000007a8000000)
 concurrent mark-sweep generation total 393216K, used 147104K [0x00000007a8000000, 0x00000007c0000000, 0x00000007c0000000)
 Metaspace       used 40847K, capacity 41576K, committed 41844K, reserved 1085440K
  class space    used 4663K, capacity 4865K, committed 4988K, reserved 1048576K
2016-10-23T22:32:56.217+0800: 1995.241: [GC (Allocation Failure) 2016-10-23T22:32:56.217+0800: 1995.241: [ParNew
Desired survivor size 20112992 bytes, new threshold 8 (max 8)
- age   1:     480056 bytes,     480056 total
- age   2:     928392 bytes,    1408448 total
- age   3:     821200 bytes,    2229648 total
- age   4:    2092952 bytes,    4322600 total
- age   5:    2021376 bytes,    6343976 total
- age   6:    1701544 bytes,    8045520 total
- age   7:    1389920 bytes,    9435440 total
- age   8:     263824 bytes,    9699264 total
: 102521K->17010K(109248K), 0.0046142 secs] 249626K->165817K(502464K), 0.0046611 secs] [Times: user=0.02 sys=0.00, real=0.01 secs] 
Heap after GC invocations=473 (full 9):
 par new generation   total 109248K, used 17010K [0x00000007a0000000, 0x00000007a8000000, 0x00000007a8000000)
  eden space 87424K,   0% used [0x00000007a0000000, 0x00000007a0000000, 0x00000007a5560000)
  from space 21824K,  77% used [0x00000007a6ab0000, 0x00000007a7b4ca70, 0x00000007a8000000)
  to   space 21824K,   0% used [0x00000007a5560000, 0x00000007a5560000, 0x00000007a6ab0000)
 concurrent mark-sweep generation total 393216K, used 148806K [0x00000007a8000000, 0x00000007c0000000, 0x00000007c0000000)
 Metaspace       used 40847K, capacity 41576K, committed 41844K, reserved 1085440K
  class space    used 4663K, capacity 4865K, committed 4988K, reserved 1048576K
}
2016-10-23T22:32:56.222+0800: 1995.246: Total time for which application threads were stopped: 0.0048254 seconds, Stopping threads took: 0.0000223 seconds
{Heap before GC invocations=473 (full 9):
 par new generation   total 109248K, used 104434K [0x00000007a0000000, 0x00000007a8000000, 0x00000007a8000000)
  eden space 87424K, 100% used [0x00000007a0000000, 0x00000007a5560000, 0x00000007a5560000)
  from space 21824K,  77% used [0x00000007a6ab0000, 0x00000007a7b4ca70, 0x00000007a8000000)
  to   space 21824K,   0% used [0x00000007a5560000, 0x00000007a5560000, 0x00000007a6ab0000)
 concurrent mark-sweep generation total 393216K, used 148806K [0x00000007a8000000, 0x00000007c0000000, 0x00000007c0000000)
 Metaspace       used 40847K, capacity 41576K, committed 41844K, reserved 1085440K
  class space    used 4663K, capacity 4865K, committed 4988K, reserved 1048576K
2016-10-23T22:32:56.290+0800: 1995.314: [GC (Allocation Failure) 2016-10-23T22:32:56.290+0800: 1995.315: [ParNew
Desired survivor size 20112992 bytes, new threshold 8 (max 8)
- age   1:     124208 bytes,     124208 total
- age   2:     393864 bytes,     518072 total
- age   3:     928392 bytes,    1446464 total
- age   4:     821248 bytes,    2267712 total
- age   5:    2092952 bytes,    4360664 total
- age   6:    2021376 bytes,    6382040 total
- age   7:    1767096 bytes,    8149136 total
- age   8:    1389920 bytes,    9539056 total
: 104434K->11706K(109248K), 0.0051225 secs] 253241K->160771K(502464K), 0.0051838 secs] [Times: user=0.01 sys=0.00, real=0.00 secs] 
Heap after GC invocations=474 (full 9):
 par new generation   total 109248K, used 11706K [0x00000007a0000000, 0x00000007a8000000, 0x00000007a8000000)
  eden space 87424K,   0% used [0x00000007a0000000, 0x00000007a0000000, 0x00000007a5560000)
  from space 21824K,  53% used [0x00000007a5560000, 0x00000007a60ceb90, 0x00000007a6ab0000)
  to   space 21824K,   0% used [0x00000007a6ab0000, 0x00000007a6ab0000, 0x00000007a8000000)
 concurrent mark-sweep generation total 393216K, used 149064K [0x00000007a8000000, 0x00000007c0000000, 0x00000007c0000000)
 Metaspace       used 40847K, capacity 41576K, committed 41844K, reserved 1085440K
  class space    used 4663K, capacity 4865K, committed 4988K, reserved 1048576K
}
2016-10-23T22:32:56.295+0800: 1995.320: Total time for which application threads were stopped: 0.0053625 seconds, Stopping threads took: 0.0000251 seconds
{Heap before GC invocations=474 (full 9):
 par new generation   total 109248K, used 99130K [0x00000007a0000000, 0x00000007a8000000, 0x00000007a8000000)
  eden space 87424K, 100% used [0x00000007a0000000, 0x00000007a5560000, 0x00000007a5560000)
  from space 21824K,  53% used [0x00000007a5560000, 0x00000007a60ceb90, 0x00000007a6ab0000)
  to   space 21824K,   0% used [0x00000007a6ab0000, 0x00000007a6ab0000, 0x00000007a8000000)
 concurrent mark-sweep generation total 393216K, used 149064K [0x00000007a8000000, 0x00000007c0000000, 0x00000007c0000000)
 Metaspace       used 40847K, capacity 41576K, committed 41844K, reserved 1085440K
  class space    used 4663K, capacity 4865K, committed 4988K, reserved 1048576K
2016-10-23T22:32:56.361+0800: 1995.385: [GC (Allocation Failure) 2016-10-23T22:32:56.361+0800: 1995.385: [ParNew
Desired survivor size 20112992 bytes, new threshold 8 (max 8)
- age   1:     104168 bytes,     104168 total
- age   2:      34624 bytes,     138792 total
- age   3:     392944 bytes,     531736 total
- age   4:     928392 bytes,    1460128 total
- age   5:     821256 bytes,    2281384 total
- age   6:    2092952 bytes,    4374336 total
- age   7:    2021376 bytes,    6395712 total
- age   8:    1701544 bytes,    8097256 total
: 99130K->14418K(109248K), 0.0042008 secs] 248195K->164842K(502464K), 0.0042641 secs] [Times: user=0.01 sys=0.00, real=0.00 secs] 
Heap after GC invocations=475 (full 9):
 par new generation   total 109248K, used 14418K [0x00000007a0000000, 0x00000007a8000000, 0x00000007a8000000)
  eden space 87424K,   0% used [0x00000007a0000000, 0x00000007a0000000, 0x00000007a5560000)
  from space 21824K,  66% used [0x00000007a6ab0000, 0x00000007a78c4b68, 0x00000007a8000000)
  to   space 21824K,   0% used [0x00000007a5560000, 0x00000007a5560000, 0x00000007a6ab0000)
 concurrent mark-sweep generation total 393216K, used 150423K [0x00000007a8000000, 0x00000007c0000000, 0x00000007c0000000)
 Metaspace       used 40847K, capacity 41576K, committed 41844K, reserved 1085440K
  class space    used 4663K, capacity 4865K, committed 4988K, reserved 1048576K
}
2016-10-23T22:32:56.365+0800: 1995.389: Total time for which application threads were stopped: 0.0044698 seconds, Stopping threads took: 0.0000393 seconds
{Heap before GC invocations=475 (full 9):
 par new generation   total 109248K, used 101842K [0x00000007a0000000, 0x00000007a8000000, 0x00000007a8000000)
  eden space 87424K, 100% used [0x00000007a0000000, 0x00000007a5560000, 0x00000007a5560000)
  from space 21824K,  66% used [0x00000007a6ab0000, 0x00000007a78c4b68, 0x00000007a8000000)
  to   space 21824K,   0% used [0x00000007a5560000, 0x00000007a5560000, 0x00000007a6ab0000)
 concurrent mark-sweep generation total 393216K, used 150423K [0x00000007a8000000, 0x00000007c0000000, 0x00000007c0000000)
 Metaspace       used 40847K, capacity 41576K, committed 41844K, reserved 1085440K
  class space    used 4663K, capacity 4865K, committed 4988K, reserved 1048576K
2016-10-23T22:32:56.430+0800: 1995.454: [GC (Allocation Failure) 2016-10-23T22:32:56.430+0800: 1995.454: [ParNew
Desired survivor size 20112992 bytes, new threshold 8 (max 8)
- age   1:      76160 bytes,      76160 total
- age   2:      37928 bytes,     114088 total
- age   3:      34624 bytes,     148712 total
- age   4:     392944 bytes,     541656 total
- age   5:     928392 bytes,    1470048 total
- age   6:     821312 bytes,    2291360 total
- age   7:    2092952 bytes,    4384312 total
- age   8:    2021376 bytes,    6405688 total
: 101842K->7596K(109248K), 0.0040626 secs] 252266K->159684K(502464K), 0.0041099 secs] [Times: user=0.01 sys=0.00, real=0.00 secs] 
Heap after GC invocations=476 (full 9):
 par new generation   total 109248K, used 7596K [0x00000007a0000000, 0x00000007a8000000, 0x00000007a8000000)
  eden space 87424K,   0% used [0x00000007a0000000, 0x00000007a0000000, 0x00000007a5560000)
  from space 21824K,  34% used [0x00000007a5560000, 0x00000007a5ccb030, 0x00000007a6ab0000)
  to   space 21824K,   0% used [0x00000007a6ab0000, 0x00000007a6ab0000, 0x00000007a8000000)
 concurrent mark-sweep generation total 393216K, used 152088K [0x00000007a8000000, 0x00000007c0000000, 0x00000007c0000000)
 Metaspace       used 40847K, capacity 41576K, committed 41844K, reserved 1085440K
  class space    used 4663K, capacity 4865K, committed 4988K, reserved 1048576K
}
2016-10-23T22:32:56.434+0800: 1995.458: Total time for which application threads were stopped: 0.0042707 seconds, Stopping threads took: 0.0000224 seconds
{Heap before GC invocations=476 (full 9):
 par new generation   total 109248K, used 95020K [0x00000007a0000000, 0x00000007a8000000, 0x00000007a8000000)
  eden space 87424K, 100% used [0x00000007a0000000, 0x00000007a5560000, 0x00000007a5560000)
  from space 21824K,  34% used [0x00000007a5560000, 0x00000007a5ccb030, 0x00000007a6ab0000)
  to   space 21824K,   0% used [0x00000007a6ab0000, 0x00000007a6ab0000, 0x00000007a8000000)
 concurrent mark-sweep generation total 393216K, used 152088K [0x00000007a8000000, 0x00000007c0000000, 0x00000007c0000000)
 Metaspace       used 40847K, capacity 41576K, committed 41844K, reserved 1085440K
  class space    used 4663K, capacity 4865K, committed 4988K, reserved 1048576K
2016-10-23T22:32:56.496+0800: 1995.520: [GC (Allocation Failure) 2016-10-23T22:32:56.496+0800: 1995.521: [ParNew
Desired survivor size 20112992 bytes, new threshold 8 (max 8)
- age   1:      45600 bytes,      45600 total
- age   2:      28976 bytes,      74576 total
- age   3:      38040 bytes,     112616 total
- age   4:      34624 bytes,     147240 total
- age   5:     392944 bytes,     540184 total
- age   6:     928392 bytes,    1468576 total
- age   7:     821312 bytes,    2289888 total
- age   8:    2092976 bytes,    4382864 total
: 95020K->7790K(109248K), 0.0038694 secs] 247108K->161857K(502464K), 0.0039225 secs] [Times: user=0.01 sys=0.00, real=0.01 secs] 
Heap after GC invocations=477 (full 9):
 par new generation   total 109248K, used 7790K [0x00000007a0000000, 0x00000007a8000000, 0x00000007a8000000)
  eden space 87424K,   0% used [0x00000007a0000000, 0x00000007a0000000, 0x00000007a5560000)
  from space 21824K,  35% used [0x00000007a6ab0000, 0x00000007a724bb40, 0x00000007a8000000)
  to   space 21824K,   0% used [0x00000007a5560000, 0x00000007a5560000, 0x00000007a6ab0000)
 concurrent mark-sweep generation total 393216K, used 154066K [0x00000007a8000000, 0x00000007c0000000, 0x00000007c0000000)
 Metaspace       used 40847K, capacity 41576K, committed 41844K, reserved 1085440K
  class space    used 4663K, capacity 4865K, committed 4988K, reserved 1048576K
}
2016-10-23T22:32:56.500+0800: 1995.524: Total time for which application threads were stopped: 0.0040843 seconds, Stopping threads took: 0.0000276 seconds
{Heap before GC invocations=477 (full 9):
 par new generation   total 109248K, used 95214K [0x00000007a0000000, 0x00000007a8000000, 0x00000007a8000000)
  eden space 87424K, 100% used [0x00000007a0000000, 0x00000007a5560000, 0x00000007a5560000)
  from space 21824K,  35% used [0x00000007a6ab0000, 0x00000007a724bb40, 0x00000007a8000000)
  to   space 21824K,   0% used [0x00000007a5560000, 0x00000007a5560000, 0x00000007a6ab0000)
 concurrent mark-sweep generation total 393216K, used 154066K [0x00000007a8000000, 0x00000007c0000000, 0x00000007c0000000)
 Metaspace       used 40847K, capacity 41576K, committed 41844K, reserved 1085440K
  class space    used 4663K, capacity 4865K, committed 4988K, reserved 1048576K
2016-10-23T22:32:56.548+0800: 1995.572: [GC (Allocation Failure) 2016-10-23T22:32:56.548+0800: 1995.572: [ParNew
Desired survivor size 20112992 bytes, new threshold 8 (max 8)
- age   1:     140240 bytes,     140240 total
- age   2:      29984 bytes,     170224 total
- age   3:      28976 bytes,     199200 total
- age   4:      37928 bytes,     237128 total
- age   5:      34624 bytes,     271752 total
- age   6:     391520 bytes,     663272 total
- age   7:     928392 bytes,    1591664 total
- age   8:     821200 bytes,    2412864 total
: 95214K->4201K(109248K), 0.0031604 secs] 249281K->160320K(502464K), 0.0032157 secs] [Times: user=0.01 sys=0.00, real=0.01 secs] 
Heap after GC invocations=478 (full 9):
 par new generation   total 109248K, used 4201K [0x00000007a0000000, 0x00000007a8000000, 0x00000007a8000000)
  eden space 87424K,   0% used [0x00000007a0000000, 0x00000007a0000000, 0x00000007a5560000)
  from space 21824K,  19% used [0x00000007a5560000, 0x00000007a597a780, 0x00000007a6ab0000)
  to   space 21824K,   0% used [0x00000007a6ab0000, 0x00000007a6ab0000, 0x00000007a8000000)
 concurrent mark-sweep generation total 393216K, used 156118K [0x00000007a8000000, 0x00000007c0000000, 0x00000007c0000000)
 Metaspace       used 40847K, capacity 41576K, committed 41844K, reserved 1085440K
  class space    used 4663K, capacity 4865K, committed 4988K, reserved 1048576K
}
2016-10-23T22:32:56.551+0800: 1995.576: Total time for which application threads were stopped: 0.0033717 seconds, Stopping threads took: 0.0000202 seconds
{Heap before GC invocations=478 (full 9):
 par new generation   total 109248K, used 91625K [0x00000007a0000000, 0x00000007a8000000, 0x00000007a8000000)
  eden space 87424K, 100% used [0x00000007a0000000, 0x00000007a5560000, 0x00000007a5560000)
  from space 21824K,  19% used [0x00000007a5560000, 0x00000007a597a780, 0x00000007a6ab0000)
  to   space 21824K,   0% used [0x00000007a6ab0000, 0x00000007a6ab0000, 0x00000007a8000000)
 concurrent mark-sweep generation total 393216K, used 156118K [0x00000007a8000000, 0x00000007c0000000, 0x00000007c0000000)
 Metaspace       used 40847K, capacity 41576K, committed 41844K, reserved 1085440K
  class space    used 4663K, capacity 4865K, committed 4988K, reserved 1048576K
2016-10-23T22:32:56.598+0800: 1995.622: [GC (Allocation Failure) 2016-10-23T22:32:56.598+0800: 1995.622: [ParNew
Desired survivor size 20112992 bytes, new threshold 8 (max 8)
- age   1:      56056 bytes,      56056 total
- age   2:      34752 bytes,      90808 total
- age   3:      29984 bytes,     120792 total
- age   4:      28976 bytes,     149768 total
- age   5:      37928 bytes,     187696 total
- age   6:      34624 bytes,     222320 total
- age   7:     390528 bytes,     612848 total
- age   8:     928392 bytes,    1541240 total
: 91625K->2228K(109248K), 0.0026083 secs] 247744K->159153K(502464K), 0.0026768 secs] [Times: user=0.00 sys=0.00, real=0.01 secs] 
Heap after GC invocations=479 (full 9):
 par new generation   total 109248K, used 2228K [0x00000007a0000000, 0x00000007a8000000, 0x00000007a8000000)
  eden space 87424K,   0% used [0x00000007a0000000, 0x00000007a0000000, 0x00000007a5560000)
  from space 21824K,  10% used [0x00000007a6ab0000, 0x00000007a6cdd280, 0x00000007a8000000)
  to   space 21824K,   0% used [0x00000007a5560000, 0x00000007a5560000, 0x00000007a6ab0000)
 concurrent mark-sweep generation total 393216K, used 156925K [0x00000007a8000000, 0x00000007c0000000, 0x00000007c0000000)
 Metaspace       used 40847K, capacity 41576K, committed 41844K, reserved 1085440K
  class space    used 4663K, capacity 4865K, committed 4988K, reserved 1048576K
}
2016-10-23T22:32:56.601+0800: 1995.625: Total time for which application threads were stopped: 0.0028638 seconds, Stopping threads took: 0.0000293 seconds
{Heap before GC invocations=479 (full 9):
 par new generation   total 109248K, used 89652K [0x00000007a0000000, 0x00000007a8000000, 0x00000007a8000000)
  eden space 87424K, 100% used [0x00000007a0000000, 0x00000007a5560000, 0x00000007a5560000)
  from space 21824K,  10% used [0x00000007a6ab0000, 0x00000007a6cdd280, 0x00000007a8000000)
  to   space 21824K,   0% used [0x00000007a5560000, 0x00000007a5560000, 0x00000007a6ab0000)
 concurrent mark-sweep generation total 393216K, used 156925K [0x00000007a8000000, 0x00000007c0000000, 0x00000007c0000000)
 Metaspace       used 40847K, capacity 41576K, committed 41844K, reserved 1085440K
  class space    used 4663K, capacity 4865K, committed 4988K, reserved 1048576K
2016-10-23T22:32:57.070+0800: 1996.095: [GC (Allocation Failure) 2016-10-23T22:32:57.070+0800: 1996.095: [ParNew
Desired survivor size 20112992 bytes, new threshold 8 (max 8)
- age   1:     263056 bytes,     263056 total
- age   8:     247048 bytes,     510104 total
: 89652K->843K(109248K), 0.0022648 secs] 246577K->158674K(502464K), 0.0023126 secs] [Times: user=0.00 sys=0.00, real=0.00 secs] 
Heap after GC invocations=480 (full 9):
 par new generation   total 109248K, used 843K [0x00000007a0000000, 0x00000007a8000000, 0x00000007a8000000)
  eden space 87424K,   0% used [0x00000007a0000000, 0x00000007a0000000, 0x00000007a5560000)
  from space 21824K,   3% used [0x00000007a5560000, 0x00000007a5632c00, 0x00000007a6ab0000)
  to   space 21824K,   0% used [0x00000007a6ab0000, 0x00000007a6ab0000, 0x00000007a8000000)
 concurrent mark-sweep generation total 393216K, used 157831K [0x00000007a8000000, 0x00000007c0000000, 0x00000007c0000000)
 Metaspace       used 40847K, capacity 41576K, committed 41844K, reserved 1085440K
  class space    used 4663K, capacity 4865K, committed 4988K, reserved 1048576K
}
2016-10-23T22:32:57.073+0800: 1996.097: Total time for which application threads were stopped: 0.0024919 seconds, Stopping threads took: 0.0000318 seconds
{Heap before GC invocations=480 (full 9):
 par new generation   total 109248K, used 88267K [0x00000007a0000000, 0x00000007a8000000, 0x00000007a8000000)
  eden space 87424K, 100% used [0x00000007a0000000, 0x00000007a5560000, 0x00000007a5560000)
  from space 21824K,   3% used [0x00000007a5560000, 0x00000007a5632c00, 0x00000007a6ab0000)
  to   space 21824K,   0% used [0x00000007a6ab0000, 0x00000007a6ab0000, 0x00000007a8000000)
 concurrent mark-sweep generation total 393216K, used 157831K [0x00000007a8000000, 0x00000007c0000000, 0x00000007c0000000)
 Metaspace       used 40847K, capacity 41576K, committed 41844K, reserved 1085440K
  class space    used 4663K, capacity 4865K, committed 4988K, reserved 1048576K
2016-10-23T22:32:57.170+0800: 1996.195: [GC (Allocation Failure) 2016-10-23T22:32:57.170+0800: 1996.195: [ParNew
Desired survivor size 20112992 bytes, new threshold 8 (max 8)
- age   1:      62832 bytes,      62832 total
- age   2:     199264 bytes,     262096 total
: 88267K->422K(109248K), 0.0025544 secs] 246098K->158498K(502464K), 0.0026300 secs] [Times: user=0.00 sys=0.00, real=0.00 secs] 
Heap after GC invocations=481 (full 9):
 par new generation   total 109248K, used 422K [0x00000007a0000000, 0x00000007a8000000, 0x00000007a8000000)
  eden space 87424K,   0% used [0x00000007a0000000, 0x00000007a0000000, 0x00000007a5560000)
  from space 21824K,   1% used [0x00000007a6ab0000, 0x00000007a6b19918, 0x00000007a8000000)
  to   space 21824K,   0% used [0x00000007a5560000, 0x00000007a5560000, 0x00000007a6ab0000)
 concurrent mark-sweep generation total 393216K, used 158076K [0x00000007a8000000, 0x00000007c0000000, 0x00000007c0000000)
 Metaspace       used 40847K, capacity 41576K, committed 41844K, reserved 1085440K
  class space    used 4663K, capacity 4865K, committed 4988K, reserved 1048576K
}
2016-10-23T22:32:57.173+0800: 1996.197: Total time for which application threads were stopped: 0.0028079 seconds, Stopping threads took: 0.0000328 seconds
{Heap before GC invocations=481 (full 9):
 par new generation   total 109248K, used 87846K [0x00000007a0000000, 0x00000007a8000000, 0x00000007a8000000)
  eden space 87424K, 100% used [0x00000007a0000000, 0x00000007a5560000, 0x00000007a5560000)
  from space 21824K,   1% used [0x00000007a6ab0000, 0x00000007a6b19918, 0x00000007a8000000)
  to   space 21824K,   0% used [0x00000007a5560000, 0x00000007a5560000, 0x00000007a6ab0000)
 concurrent mark-sweep generation total 393216K, used 158076K [0x00000007a8000000, 0x00000007c0000000, 0x00000007c0000000)
 Metaspace       used 40847K, capacity 41576K, committed 41844K, reserved 1085440K
  class space    used 4663K, capacity 4865K, committed 4988K, reserved 1048576K
2016-10-23T22:32:57.264+0800: 1996.288: [GC (Allocation Failure) 2016-10-23T22:32:57.264+0800: 1996.288: [ParNew
Desired survivor size 20112992 bytes, new threshold 8 (max 8)
- age   1:      42016 bytes,      42016 total
- age   2:      40608 bytes,      82624 total
- age   3:     198600 bytes,     281224 total
: 87846K->321K(109248K), 0.0019797 secs] 245922K->158398K(502464K), 0.0020268 secs] [Times: user=0.01 sys=0.00, real=0.00 secs] 
Heap after GC invocations=482 (full 9):
 par new generation   total 109248K, used 321K [0x00000007a0000000, 0x00000007a8000000, 0x00000007a8000000)
  eden space 87424K,   0% used [0x00000007a0000000, 0x00000007a0000000, 0x00000007a5560000)
  from space 21824K,   1% used [0x00000007a5560000, 0x00000007a55b0580, 0x00000007a6ab0000)
  to   space 21824K,   0% used [0x00000007a6ab0000, 0x00000007a6ab0000, 0x00000007a8000000)
 concurrent mark-sweep generation total 393216K, used 158076K [0x00000007a8000000, 0x00000007c0000000, 0x00000007c0000000)
 Metaspace       used 40847K, capacity 41576K, committed 41844K, reserved 1085440K
  class space    used 4663K, capacity 4865K, committed 4988K, reserved 1048576K
}
2016-10-23T22:32:57.266+0800: 1996.290: Total time for which application threads were stopped: 0.0022003 seconds, Stopping threads took: 0.0000230 seconds
{Heap before GC invocations=482 (full 9):
 par new generation   total 109248K, used 87745K [0x00000007a0000000, 0x00000007a8000000, 0x00000007a8000000)
  eden space 87424K, 100% used [0x00000007a0000000, 0x00000007a5560000, 0x00000007a5560000)
  from space 21824K,   1% used [0x00000007a5560000, 0x00000007a55b0580, 0x00000007a6ab0000)
  to   space 21824K,   0% used [0x00000007a6ab0000, 0x00000007a6ab0000, 0x00000007a8000000)
 concurrent mark-sweep generation total 393216K, used 158076K [0x00000007a8000000, 0x00000007c0000000, 0x00000007c0000000)
 Metaspace       used 40847K, capacity 41576K, committed 41844K, reserved 1085440K
  class space    used 4663K, capacity 4865K, committed 4988K, reserved 1048576K
2016-10-23T22:32:57.359+0800: 1996.384: [GC (Allocation Failure) 2016-10-23T22:32:57.359+0800: 1996.384: [ParNew
Desired survivor size 20112992 bytes, new threshold 8 (max 8)
- age   1:      71624 bytes,      71624 total
- age   2:      25160 bytes,      96784 total
- age   3:      40344 bytes,     137128 total
- age   4:     196424 bytes,     333552 total
: 87745K->391K(109248K), 0.0018532 secs] 245822K->158468K(502464K), 0.0019097 secs] [Times: user=0.01 sys=0.00, real=0.01 secs] 
Heap after GC invocations=483 (full 9):
 par new generation   total 109248K, used 391K [0x00000007a0000000, 0x00000007a8000000, 0x00000007a8000000)
  eden space 87424K,   0% used [0x00000007a0000000, 0x00000007a0000000, 0x00000007a5560000)
  from space 21824K,   1% used [0x00000007a6ab0000, 0x00000007a6b11f40, 0x00000007a8000000)
  to   space 21824K,   0% used [0x00000007a5560000, 0x00000007a5560000, 0x00000007a6ab0000)
 concurrent mark-sweep generation total 393216K, used 158076K [0x00000007a8000000, 0x00000007c0000000, 0x00000007c0000000)
 Metaspace       used 40847K, capacity 41576K, committed 41844K, reserved 1085440K
  class space    used 4663K, capacity 4865K, committed 4988K, reserved 1048576K
}
2016-10-23T22:32:57.361+0800: 1996.386: Total time for which application threads were stopped: 0.0020757 seconds, Stopping threads took: 0.0000309 seconds
{Heap before GC invocations=483 (full 9):
 par new generation   total 109248K, used 87807K [0x00000007a0000000, 0x00000007a8000000, 0x00000007a8000000)
  eden space 87424K,  99% used [0x00000007a0000000, 0x00000007a555dfe8, 0x00000007a5560000)
  from space 21824K,   1% used [0x00000007a6ab0000, 0x00000007a6b11f40, 0x00000007a8000000)
  to   space 21824K,   0% used [0x00000007a5560000, 0x00000007a5560000, 0x00000007a6ab0000)
 concurrent mark-sweep generation total 393216K, used 158076K [0x00000007a8000000, 0x00000007c0000000, 0x00000007c0000000)
 Metaspace       used 40847K, capacity 41576K, committed 41844K, reserved 1085440K
  class space    used 4663K, capacity 4865K, committed 4988K, reserved 1048576K
2016-10-23T22:32:57.556+0800: 1996.580: [GC (Allocation Failure) 2016-10-23T22:32:57.558+0800: 1996.582: [ParNew
Desired survivor size 20112992 bytes, new threshold 8 (max 8)
- age   1:     224336 bytes,     224336 total
- age   5:      31792 bytes,     256128 total
: 87807K->368K(109248K), 0.0025882 secs] 245884K->158444K(502464K), 0.0045981 secs] [Times: user=0.00 sys=0.00, real=0.01 secs] 
Heap after GC invocations=484 (full 9):
 par new generation   total 109248K, used 368K [0x00000007a0000000, 0x00000007a8000000, 0x00000007a8000000)
  eden space 87424K,   0% used [0x00000007a0000000, 0x00000007a0000000, 0x00000007a5560000)
  from space 21824K,   1% used [0x00000007a5560000, 0x00000007a55bc0e0, 0x00000007a6ab0000)
  to   space 21824K,   0% used [0x00000007a6ab0000, 0x00000007a6ab0000, 0x00000007a8000000)
 concurrent mark-sweep generation total 393216K, used 158076K [0x00000007a8000000, 0x00000007c0000000, 0x00000007c0000000)
 Metaspace       used 40847K, capacity 41576K, committed 41844K, reserved 1085440K
  class space    used 4663K, capacity 4865K, committed 4988K, reserved 1048576K
}
2016-10-23T22:32:57.561+0800: 1996.585: Total time for which application threads were stopped: 0.0047986 seconds, Stopping threads took: 0.0000256 seconds
{Heap before GC invocations=484 (full 9):
 par new generation   total 109248K, used 87792K [0x00000007a0000000, 0x00000007a8000000, 0x00000007a8000000)
  eden space 87424K, 100% used [0x00000007a0000000, 0x00000007a5560000, 0x00000007a5560000)
  from space 21824K,   1% used [0x00000007a5560000, 0x00000007a55bc0e0, 0x00000007a6ab0000)
  to   space 21824K,   0% used [0x00000007a6ab0000, 0x00000007a6ab0000, 0x00000007a8000000)
 concurrent mark-sweep generation total 393216K, used 158076K [0x00000007a8000000, 0x00000007c0000000, 0x00000007c0000000)
 Metaspace       used 40847K, capacity 41576K, committed 41844K, reserved 1085440K
  class space    used 4663K, capacity 4865K, committed 4988K, reserved 1048576K
2016-10-23T22:32:57.694+0800: 1996.718: [GC (Allocation Failure) 2016-10-23T22:32:57.694+0800: 1996.718: [ParNew
Desired survivor size 20112992 bytes, new threshold 8 (max 8)
- age   1:      76192 bytes,      76192 total
- age   2:     192488 bytes,     268680 total
- age   6:      31792 bytes,     300472 total
: 87792K->370K(109248K), 0.0022581 secs] 245868K->158447K(502464K), 0.0023049 secs] [Times: user=0.01 sys=0.00, real=0.00 secs] 
Heap after GC invocations=485 (full 9):
 par new generation   total 109248K, used 370K [0x00000007a0000000, 0x00000007a8000000, 0x00000007a8000000)
  eden space 87424K,   0% used [0x00000007a0000000, 0x00000007a0000000, 0x00000007a5560000)
  from space 21824K,   1% used [0x00000007a6ab0000, 0x00000007a6b0ca98, 0x00000007a8000000)
  to   space 21824K,   0% used [0x00000007a5560000, 0x00000007a5560000, 0x00000007a6ab0000)
 concurrent mark-sweep generation total 393216K, used 158076K [0x00000007a8000000, 0x00000007c0000000, 0x00000007c0000000)
 Metaspace       used 40847K, capacity 41576K, committed 41844K, reserved 1085440K
  class space    used 4663K, capacity 4865K, committed 4988K, reserved 1048576K
}
2016-10-23T22:32:57.696+0800: 1996.721: Total time for which application threads were stopped: 0.0025094 seconds, Stopping threads took: 0.0000343 seconds
{Heap before GC invocations=485 (full 9):
 par new generation   total 109248K, used 87794K [0x00000007a0000000, 0x00000007a8000000, 0x00000007a8000000)
  eden space 87424K, 100% used [0x00000007a0000000, 0x00000007a5560000, 0x00000007a5560000)
  from space 21824K,   1% used [0x00000007a6ab0000, 0x00000007a6b0ca98, 0x00000007a8000000)
  to   space 21824K,   0% used [0x00000007a5560000, 0x00000007a5560000, 0x00000007a6ab0000)
 concurrent mark-sweep generation total 393216K, used 158076K [0x00000007a8000000, 0x00000007c0000000, 0x00000007c0000000)
 Metaspace       used 40847K, capacity 41576K, committed 41844K, reserved 1085440K
  class space    used 4663K, capacity 4865K, committed 4988K, reserved 1048576K
2016-10-23T22:32:58.327+0800: 1997.351: [GC (Allocation Failure) 2016-10-23T22:32:58.327+0800: 1997.352: [ParNew
Desired survivor size 20112992 bytes, new threshold 8 (max 8)
- age   1:     192504 bytes,     192504 total
- age   3:       1152 bytes,     193656 total
- age   7:      31640 bytes,     225296 total
: 87794K->309K(109248K), 0.0019454 secs] 245871K->158385K(502464K), 0.0019928 secs] [Times: user=0.00 sys=0.00, real=0.00 secs] 
Heap after GC invocations=486 (full 9):
 par new generation   total 109248K, used 309K [0x00000007a0000000, 0x00000007a8000000, 0x00000007a8000000)
  eden space 87424K,   0% used [0x00000007a0000000, 0x00000007a0000000, 0x00000007a5560000)
  from space 21824K,   1% used [0x00000007a5560000, 0x00000007a55ad448, 0x00000007a6ab0000)
  to   space 21824K,   0% used [0x00000007a6ab0000, 0x00000007a6ab0000, 0x00000007a8000000)
 concurrent mark-sweep generation total 393216K, used 158076K [0x00000007a8000000, 0x00000007c0000000, 0x00000007c0000000)
 Metaspace       used 40847K, capacity 41576K, committed 41844K, reserved 1085440K
  class space    used 4663K, capacity 4865K, committed 4988K, reserved 1048576K
}
2016-10-23T22:32:58.329+0800: 1997.354: Total time for which application threads were stopped: 0.0021583 seconds, Stopping threads took: 0.0000216 seconds
{Heap before GC invocations=486 (full 9):
 par new generation   total 109248K, used 87733K [0x00000007a0000000, 0x00000007a8000000, 0x00000007a8000000)
  eden space 87424K, 100% used [0x00000007a0000000, 0x00000007a5560000, 0x00000007a5560000)
  from space 21824K,   1% used [0x00000007a5560000, 0x00000007a55ad448, 0x00000007a6ab0000)
  to   space 21824K,   0% used [0x00000007a6ab0000, 0x00000007a6ab0000, 0x00000007a8000000)
 concurrent mark-sweep generation total 393216K, used 158076K [0x00000007a8000000, 0x00000007c0000000, 0x00000007c0000000)
 Metaspace       used 40847K, capacity 41576K, committed 41844K, reserved 1085440K
  class space    used 4663K, capacity 4865K, committed 4988K, reserved 1048576K
2016-10-23T22:32:58.417+0800: 1997.441: [GC (Allocation Failure) 2016-10-23T22:32:58.417+0800: 1997.441: [ParNew
Desired survivor size 20112992 bytes, new threshold 8 (max 8)
- age   1:      58848 bytes,      58848 total
- age   2:     156584 bytes,     215432 total
- age   4:       1152 bytes,     216584 total
- age   8:      31640 bytes,     248224 total
: 87733K->299K(109248K), 0.0020062 secs] 245809K->158376K(502464K), 0.0020520 secs] [Times: user=0.00 sys=0.00, real=0.00 secs] 
Heap after GC invocations=487 (full 9):
 par new generation   total 109248K, used 299K [0x00000007a0000000, 0x00000007a8000000, 0x00000007a8000000)
  eden space 87424K,   0% used [0x00000007a0000000, 0x00000007a0000000, 0x00000007a5560000)
  from space 21824K,   1% used [0x00000007a6ab0000, 0x00000007a6afadb0, 0x00000007a8000000)
  to   space 21824K,   0% used [0x00000007a5560000, 0x00000007a5560000, 0x00000007a6ab0000)
 concurrent mark-sweep generation total 393216K, used 158076K [0x00000007a8000000, 0x00000007c0000000, 0x00000007c0000000)
 Metaspace       used 40847K, capacity 41576K, committed 41844K, reserved 1085440K
  class space    used 4663K, capacity 4865K, committed 4988K, reserved 1048576K
}
2016-10-23T22:32:58.419+0800: 1997.444: Total time for which application threads were stopped: 0.0022508 seconds, Stopping threads took: 0.0000329 seconds
{Heap before GC invocations=487 (full 9):
 par new generation   total 109248K, used 87723K [0x00000007a0000000, 0x00000007a8000000, 0x00000007a8000000)
  eden space 87424K, 100% used [0x00000007a0000000, 0x00000007a5560000, 0x00000007a5560000)
  from space 21824K,   1% used [0x00000007a6ab0000, 0x00000007a6afadb0, 0x00000007a8000000)
  to   space 21824K,   0% used [0x00000007a5560000, 0x00000007a5560000, 0x00000007a6ab0000)
 concurrent mark-sweep generation total 393216K, used 158076K [0x00000007a8000000, 0x00000007c0000000, 0x00000007c0000000)
 Metaspace       used 40847K, capacity 41576K, committed 41844K, reserved 1085440K
  class space    used 4663K, capacity 4865K, committed 4988K, reserved 1048576K
2016-10-23T22:32:58.489+0800: 1997.513: [GC (Allocation Failure) 2016-10-23T22:32:58.489+0800: 1997.513: [ParNew
Desired survivor size 20112992 bytes, new threshold 8 (max 8)
- age   1:      61368 bytes,      61368 total
- age   2:      35600 bytes,      96968 total
- age   3:     155616 bytes,     252584 total
- age   5:       1152 bytes,     253736 total
: 87723K->285K(109248K), 0.0019745 secs] 245800K->158392K(502464K), 0.0020158 secs] [Times: user=0.00 sys=0.00, real=0.01 secs] 
Heap after GC invocations=488 (full 9):
 par new generation   total 109248K, used 285K [0x00000007a0000000, 0x00000007a8000000, 0x00000007a8000000)
  eden space 87424K,   0% used [0x00000007a0000000, 0x00000007a0000000, 0x00000007a5560000)
  from space 21824K,   1% used [0x00000007a5560000, 0x00000007a55a74b0, 0x00000007a6ab0000)
  to   space 21824K,   0% used [0x00000007a6ab0000, 0x00000007a6ab0000, 0x00000007a8000000)
 concurrent mark-sweep generation total 393216K, used 158107K [0x00000007a8000000, 0x00000007c0000000, 0x00000007c0000000)
 Metaspace       used 40847K, capacity 41576K, committed 41844K, reserved 1085440K
  class space    used 4663K, capacity 4865K, committed 4988K, reserved 1048576K
}
2016-10-23T22:32:58.491+0800: 1997.515: Total time for which application threads were stopped: 0.0021758 seconds, Stopping threads took: 0.0000245 seconds
{Heap before GC invocations=488 (full 9):
 par new generation   total 109248K, used 87709K [0x00000007a0000000, 0x00000007a8000000, 0x00000007a8000000)
  eden space 87424K, 100% used [0x00000007a0000000, 0x00000007a5560000, 0x00000007a5560000)
  from space 21824K,   1% used [0x00000007a5560000, 0x00000007a55a74b0, 0x00000007a6ab0000)
  to   space 21824K,   0% used [0x00000007a6ab0000, 0x00000007a6ab0000, 0x00000007a8000000)
 concurrent mark-sweep generation total 393216K, used 158107K [0x00000007a8000000, 0x00000007c0000000, 0x00000007c0000000)
 Metaspace       used 40847K, capacity 41576K, committed 41844K, reserved 1085440K
  class space    used 4663K, capacity 4865K, committed 4988K, reserved 1048576K
2016-10-23T22:32:58.617+0800: 1997.642: [GC (Allocation Failure) 2016-10-23T22:32:58.617+0800: 1997.642: [ParNew
Desired survivor size 20112992 bytes, new threshold 8 (max 8)
- age   1:     178496 bytes,     178496 total
- age   4:       4216 bytes,     182712 total
- age   6:       1152 bytes,     183864 total
: 87709K->265K(109248K), 0.0020805 secs] 245816K->158373K(502464K), 0.0021319 secs] [Times: user=0.00 sys=0.00, real=0.00 secs] 
Heap after GC invocations=489 (full 9):
 par new generation   total 109248K, used 265K [0x00000007a0000000, 0x00000007a8000000, 0x00000007a8000000)
  eden space 87424K,   0% used [0x00000007a0000000, 0x00000007a0000000, 0x00000007a5560000)
  from space 21824K,   1% used [0x00000007a6ab0000, 0x00000007a6af2690, 0x00000007a8000000)
  to   space 21824K,   0% used [0x00000007a5560000, 0x00000007a5560000, 0x00000007a6ab0000)
 concurrent mark-sweep generation total 393216K, used 158107K [0x00000007a8000000, 0x00000007c0000000, 0x00000007c0000000)
 Metaspace       used 40847K, capacity 41576K, committed 41844K, reserved 1085440K
  class space    used 4663K, capacity 4865K, committed 4988K, reserved 1048576K
}
2016-10-23T22:32:58.619+0800: 1997.644: Total time for which application threads were stopped: 0.0023021 seconds, Stopping threads took: 0.0000311 seconds
{Heap before GC invocations=489 (full 9):
 par new generation   total 109248K, used 87689K [0x00000007a0000000, 0x00000007a8000000, 0x00000007a8000000)
  eden space 87424K, 100% used [0x00000007a0000000, 0x00000007a5560000, 0x00000007a5560000)
  from space 21824K,   1% used [0x00000007a6ab0000, 0x00000007a6af2690, 0x00000007a8000000)
  to   space 21824K,   0% used [0x00000007a5560000, 0x00000007a5560000, 0x00000007a6ab0000)
 concurrent mark-sweep generation total 393216K, used 158107K [0x00000007a8000000, 0x00000007c0000000, 0x00000007c0000000)
 Metaspace       used 40847K, capacity 41576K, committed 41844K, reserved 1085440K
  class space    used 4663K, capacity 4865K, committed 4988K, reserved 1048576K
2016-10-23T22:32:59.221+0800: 1998.246: [GC (Allocation Failure) 2016-10-23T22:32:59.221+0800: 1998.246: [ParNew
Desired survivor size 20112992 bytes, new threshold 8 (max 8)
- age   1:      93432 bytes,      93432 total
- age   2:        384 bytes,      93816 total
- age   5:       4112 bytes,      97928 total
- age   7:       1152 bytes,      99080 total
: 87689K->142K(109248K), 0.0022188 secs] 245797K->158250K(502464K), 0.0022877 secs] [Times: user=0.01 sys=0.00, real=0.00 secs] 
Heap after GC invocations=490 (full 9):
 par new generation   total 109248K, used 142K [0x00000007a0000000, 0x00000007a8000000, 0x00000007a8000000)
  eden space 87424K,   0% used [0x00000007a0000000, 0x00000007a0000000, 0x00000007a5560000)
  from space 21824K,   0% used [0x00000007a5560000, 0x00000007a5583bc8, 0x00000007a6ab0000)
  to   space 21824K,   0% used [0x00000007a6ab0000, 0x00000007a6ab0000, 0x00000007a8000000)
 concurrent mark-sweep generation total 393216K, used 158107K [0x00000007a8000000, 0x00000007c0000000, 0x00000007c0000000)
 Metaspace       used 40847K, capacity 41576K, committed 41844K, reserved 1085440K
  class space    used 4663K, capacity 4865K, committed 4988K, reserved 1048576K
}
2016-10-23T22:32:59.224+0800: 1998.248: Total time for which application threads were stopped: 0.0024550 seconds, Stopping threads took: 0.0000321 seconds
2016-10-23T22:33:00.126+0800: 1999.150: Total time for which application threads were stopped: 0.0001043 seconds, Stopping threads took: 0.0000197 seconds
2016-10-23T22:33:03.651+0800: 2002.676: Total time for which application threads were stopped: 0.0001562 seconds, Stopping threads took: 0.0000403 seconds
2016-10-23T22:33:03.651+0800: 2002.676: Total time for which application threads were stopped: 0.0000847 seconds, Stopping threads took: 0.0000216 seconds
2016-10-23T22:33:03.651+0800: 2002.676: Total time for which application threads were stopped: 0.0000811 seconds, Stopping threads took: 0.0000216 seconds
2016-10-23T22:33:05.133+0800: 2004.158: Total time for which application threads were stopped: 0.0001564 seconds, Stopping threads took: 0.0000339 seconds
2016-10-23T22:33:28.185+0800: 2027.211: Total time for which application threads were stopped: 0.0002556 seconds, Stopping threads took: 0.0000637 seconds
{Heap before GC invocations=490 (full 9):
 par new generation   total 109248K, used 87566K [0x00000007a0000000, 0x00000007a8000000, 0x00000007a8000000)
  eden space 87424K, 100% used [0x00000007a0000000, 0x00000007a5560000, 0x00000007a5560000)
  from space 21824K,   0% used [0x00000007a5560000, 0x00000007a5583bc8, 0x00000007a6ab0000)
  to   space 21824K,   0% used [0x00000007a6ab0000, 0x00000007a6ab0000, 0x00000007a8000000)
 concurrent mark-sweep generation total 393216K, used 158107K [0x00000007a8000000, 0x00000007c0000000, 0x00000007c0000000)
 Metaspace       used 40913K, capacity 41674K, committed 41844K, reserved 1085440K
  class space    used 4666K, capacity 4870K, committed 4988K, reserved 1048576K
2016-10-23T22:33:50.641+0800: 2049.666: [GC (Allocation Failure) 2016-10-23T22:33:50.641+0800: 2049.667: [ParNew
Desired survivor size 20112992 bytes, new threshold 8 (max 8)
- age   1:    4251328 bytes,    4251328 total
- age   2:      66584 bytes,    4317912 total
- age   3:        384 bytes,    4318296 total
- age   6:       4112 bytes,    4322408 total
- age   8:       1152 bytes,    4323560 total
: 87566K->4266K(109248K), 0.0034820 secs] 245674K->162373K(502464K), 0.0035417 secs] [Times: user=0.02 sys=0.00, real=0.00 secs] 
Heap after GC invocations=491 (full 9):
 par new generation   total 109248K, used 4266K [0x00000007a0000000, 0x00000007a8000000, 0x00000007a8000000)
  eden space 87424K,   0% used [0x00000007a0000000, 0x00000007a0000000, 0x00000007a5560000)
  from space 21824K,  19% used [0x00000007a6ab0000, 0x00000007a6eda840, 0x00000007a8000000)
  to   space 21824K,   0% used [0x00000007a5560000, 0x00000007a5560000, 0x00000007a6ab0000)
 concurrent mark-sweep generation total 393216K, used 158107K [0x00000007a8000000, 0x00000007c0000000, 0x00000007c0000000)
 Metaspace       used 40913K, capacity 41674K, committed 41844K, reserved 1085440K
  class space    used 4666K, capacity 4870K, committed 4988K, reserved 1048576K
}
2016-10-23T22:33:50.644+0800: 2049.670: Total time for which application threads were stopped: 0.0037311 seconds, Stopping threads took: 0.0000191 seconds
2016-10-23T22:33:50.680+0800: 2049.706: Total time for which application threads were stopped: 0.0000835 seconds, Stopping threads took: 0.0000140 seconds
2016-10-23T22:33:50.693+0800: 2049.719: Total time for which application threads were stopped: 0.0001301 seconds, Stopping threads took: 0.0000181 seconds
2016-10-23T22:33:50.702+0800: 2049.728: Total time for which application threads were stopped: 0.0000900 seconds, Stopping threads took: 0.0000185 seconds
2016-10-23T22:33:50.703+0800: 2049.729: Total time for which application threads were stopped: 0.0001974 seconds, Stopping threads took: 0.0000139 seconds
2016-10-23T22:33:51.703+0800: 2050.729: Total time for which application threads were stopped: 0.0002043 seconds, Stopping threads took: 0.0000726 seconds
2016-10-23T22:33:53.418+0800: 2052.444: Total time for which application threads were stopped: 0.0001098 seconds, Stopping threads took: 0.0000184 seconds
2016-10-23T22:33:53.421+0800: 2052.447: Total time for which application threads were stopped: 0.0005515 seconds, Stopping threads took: 0.0000397 seconds
2016-10-23T22:33:53.423+0800: 2052.449: Total time for which application threads were stopped: 0.0000781 seconds, Stopping threads took: 0.0000145 seconds
2016-10-23T22:33:53.433+0800: 2052.459: Total time for which application threads were stopped: 0.0001350 seconds, Stopping threads took: 0.0000283 seconds
2016-10-23T22:33:54.437+0800: 2053.463: Total time for which application threads were stopped: 0.0002650 seconds, Stopping threads took: 0.0000584 seconds
2016-10-23T22:34:03.453+0800: 2062.479: Total time for which application threads were stopped: 0.0002602 seconds, Stopping threads took: 0.0000620 seconds
2016-10-23T22:34:46.739+0800: 2105.766: Total time for which application threads were stopped: 0.0001359 seconds, Stopping threads took: 0.0000171 seconds
2016-10-23T22:34:46.739+0800: 2105.766: Total time for which application threads were stopped: 0.0000831 seconds, Stopping threads took: 0.0000224 seconds
2016-10-23T22:34:46.744+0800: 2105.772: Total time for which application threads were stopped: 0.0000903 seconds, Stopping threads took: 0.0000228 seconds
2016-10-23T22:34:46.744+0800: 2105.772: Total time for which application threads were stopped: 0.0000901 seconds, Stopping threads took: 0.0000493 seconds
2016-10-23T22:34:46.763+0800: 2105.790: Total time for which application threads were stopped: 0.0001157 seconds, Stopping threads took: 0.0000190 seconds
2016-10-23T22:34:47.764+0800: 2106.792: Total time for which application threads were stopped: 0.0000940 seconds, Stopping threads took: 0.0000221 seconds
2016-10-23T22:34:55.781+0800: 2114.809: Total time for which application threads were stopped: 0.0001260 seconds, Stopping threads took: 0.0000303 seconds
2016-10-23T22:35:11.821+0800: 2130.849: Total time for which application threads were stopped: 0.0001100 seconds, Stopping threads took: 0.0000218 seconds
2016-10-23T22:35:16.328+0800: 2135.357: Total time for which application threads were stopped: 0.0001897 seconds, Stopping threads took: 0.0000802 seconds
2016-10-23T22:35:16.329+0800: 2135.357: Total time for which application threads were stopped: 0.0000897 seconds, Stopping threads took: 0.0000267 seconds
2016-10-23T22:35:16.329+0800: 2135.357: Total time for which application threads were stopped: 0.0000935 seconds, Stopping threads took: 0.0000253 seconds
2016-10-23T22:35:16.329+0800: 2135.357: Total time for which application threads were stopped: 0.0000942 seconds, Stopping threads took: 0.0000113 seconds
2016-10-23T22:35:16.329+0800: 2135.357: Total time for which application threads were stopped: 0.0000986 seconds, Stopping threads took: 0.0000500 seconds
2016-10-23T22:35:16.330+0800: 2135.358: Total time for which application threads were stopped: 0.0000694 seconds, Stopping threads took: 0.0000170 seconds
2016-10-23T22:35:16.330+0800: 2135.358: Total time for which application threads were stopped: 0.0000688 seconds, Stopping threads took: 0.0000225 seconds
2016-10-23T22:35:16.330+0800: 2135.358: Total time for which application threads were stopped: 0.0000655 seconds, Stopping threads took: 0.0000178 seconds
2016-10-23T22:35:16.330+0800: 2135.358: Total time for which application threads were stopped: 0.0000664 seconds, Stopping threads took: 0.0000182 seconds
2016-10-23T22:35:16.330+0800: 2135.358: Total time for which application threads were stopped: 0.0000610 seconds, Stopping threads took: 0.0000200 seconds
2016-10-23T22:35:16.330+0800: 2135.359: Total time for which application threads were stopped: 0.0000839 seconds, Stopping threads took: 0.0000420 seconds
2016-10-23T22:35:16.330+0800: 2135.359: Total time for which application threads were stopped: 0.0000633 seconds, Stopping threads took: 0.0000239 seconds
2016-10-23T22:35:16.330+0800: 2135.359: Total time for which application threads were stopped: 0.0000675 seconds, Stopping threads took: 0.0000193 seconds
2016-10-23T22:35:16.331+0800: 2135.359: Total time for which application threads were stopped: 0.0000588 seconds, Stopping threads took: 0.0000087 seconds
2016-10-23T22:35:16.331+0800: 2135.359: Total time for which application threads were stopped: 0.0000660 seconds, Stopping threads took: 0.0000251 seconds
2016-10-23T22:35:16.337+0800: 2135.365: Total time for which application threads were stopped: 0.0001603 seconds, Stopping threads took: 0.0000401 seconds
2016-10-23T22:35:16.337+0800: 2135.365: Total time for which application threads were stopped: 0.0001054 seconds, Stopping threads took: 0.0000253 seconds
2016-10-23T22:35:16.343+0800: 2135.372: Total time for which application threads were stopped: 0.0001190 seconds, Stopping threads took: 0.0000142 seconds
2016-10-23T22:35:16.344+0800: 2135.372: Total time for which application threads were stopped: 0.0001213 seconds, Stopping threads took: 0.0000290 seconds
2016-10-23T22:35:17.347+0800: 2136.375: Total time for which application threads were stopped: 0.0001469 seconds, Stopping threads took: 0.0000271 seconds
2016-10-23T22:35:30.373+0800: 2149.401: Total time for which application threads were stopped: 0.0003173 seconds, Stopping threads took: 0.0000683 seconds
{Heap before GC invocations=491 (full 9):
 par new generation   total 109248K, used 91690K [0x00000007a0000000, 0x00000007a8000000, 0x00000007a8000000)
  eden space 87424K, 100% used [0x00000007a0000000, 0x00000007a5560000, 0x00000007a5560000)
  from space 21824K,  19% used [0x00000007a6ab0000, 0x00000007a6eda840, 0x00000007a8000000)
  to   space 21824K,   0% used [0x00000007a5560000, 0x00000007a5560000, 0x00000007a6ab0000)
 concurrent mark-sweep generation total 393216K, used 158107K [0x00000007a8000000, 0x00000007c0000000, 0x00000007c0000000)
 Metaspace       used 41273K, capacity 42110K, committed 42356K, reserved 1087488K
  class space    used 4701K, capacity 4916K, committed 4988K, reserved 1048576K
2016-10-23T22:35:30.556+0800: 2149.585: [GC (Allocation Failure) 2016-10-23T22:35:30.556+0800: 2149.585: [ParNew
Desired survivor size 20112992 bytes, new threshold 8 (max 8)
- age   1:    4416032 bytes,    4416032 total
- age   2:    1173968 bytes,    5590000 total
- age   3:      66584 bytes,    5656584 total
- age   4:        384 bytes,    5656968 total
- age   7:       4112 bytes,    5661080 total
: 91690K->6208K(109248K), 0.0045952 secs] 249797K->164317K(502464K), 0.0046520 secs] [Times: user=0.02 sys=0.00, real=0.01 secs] 
Heap after GC invocations=492 (full 9):
 par new generation   total 109248K, used 6208K [0x00000007a0000000, 0x00000007a8000000, 0x00000007a8000000)
  eden space 87424K,   0% used [0x00000007a0000000, 0x00000007a0000000, 0x00000007a5560000)
  from space 21824K,  28% used [0x00000007a5560000, 0x00000007a5b70238, 0x00000007a6ab0000)
  to   space 21824K,   0% used [0x00000007a6ab0000, 0x00000007a6ab0000, 0x00000007a8000000)
 concurrent mark-sweep generation total 393216K, used 158108K [0x00000007a8000000, 0x00000007c0000000, 0x00000007c0000000)
 Metaspace       used 41273K, capacity 42110K, committed 42356K, reserved 1087488K
  class space    used 4701K, capacity 4916K, committed 4988K, reserved 1048576K
}
2016-10-23T22:35:30.561+0800: 2149.590: Total time for which application threads were stopped: 0.0048497 seconds, Stopping threads took: 0.0000214 seconds
{Heap before GC invocations=492 (full 9):
 par new generation   total 109248K, used 93632K [0x00000007a0000000, 0x00000007a8000000, 0x00000007a8000000)
  eden space 87424K, 100% used [0x00000007a0000000, 0x00000007a5560000, 0x00000007a5560000)
  from space 21824K,  28% used [0x00000007a5560000, 0x00000007a5b70238, 0x00000007a6ab0000)
  to   space 21824K,   0% used [0x00000007a6ab0000, 0x00000007a6ab0000, 0x00000007a8000000)
 concurrent mark-sweep generation total 393216K, used 158108K [0x00000007a8000000, 0x00000007c0000000, 0x00000007c0000000)
 Metaspace       used 41273K, capacity 42110K, committed 42356K, reserved 1087488K
  class space    used 4701K, capacity 4916K, committed 4988K, reserved 1048576K
2016-10-23T22:35:30.774+0800: 2149.803: [GC (Allocation Failure) 2016-10-23T22:35:30.775+0800: 2149.803: [ParNew
Desired survivor size 20112992 bytes, new threshold 8 (max 8)
- age   1:    5143856 bytes,    5143856 total
- age   2:    3604864 bytes,    8748720 total
- age   3:    1173968 bytes,    9922688 total
- age   4:      66584 bytes,    9989272 total
- age   5:        384 bytes,    9989656 total
- age   8:       4112 bytes,    9993768 total
: 93632K->11215K(109248K), 0.0064679 secs] 251741K->169324K(502464K), 0.0065306 secs] [Times: user=0.02 sys=0.00, real=0.01 secs] 
Heap after GC invocations=493 (full 9):
 par new generation   total 109248K, used 11215K [0x00000007a0000000, 0x00000007a8000000, 0x00000007a8000000)
  eden space 87424K,   0% used [0x00000007a0000000, 0x00000007a0000000, 0x00000007a5560000)
  from space 21824K,  51% used [0x00000007a6ab0000, 0x00000007a75a3d60, 0x00000007a8000000)
  to   space 21824K,   0% used [0x00000007a5560000, 0x00000007a5560000, 0x00000007a6ab0000)
 concurrent mark-sweep generation total 393216K, used 158108K [0x00000007a8000000, 0x00000007c0000000, 0x00000007c0000000)
 Metaspace       used 41273K, capacity 42110K, committed 42356K, reserved 1087488K
  class space    used 4701K, capacity 4916K, committed 4988K, reserved 1048576K
}
2016-10-23T22:35:30.781+0800: 2149.810: Total time for which application threads were stopped: 0.0067326 seconds, Stopping threads took: 0.0000345 seconds
{Heap before GC invocations=493 (full 9):
 par new generation   total 109248K, used 98639K [0x00000007a0000000, 0x00000007a8000000, 0x00000007a8000000)
  eden space 87424K, 100% used [0x00000007a0000000, 0x00000007a5560000, 0x00000007a5560000)
  from space 21824K,  51% used [0x00000007a6ab0000, 0x00000007a75a3d60, 0x00000007a8000000)
  to   space 21824K,   0% used [0x00000007a5560000, 0x00000007a5560000, 0x00000007a6ab0000)
 concurrent mark-sweep generation total 393216K, used 158108K [0x00000007a8000000, 0x00000007c0000000, 0x00000007c0000000)
 Metaspace       used 41273K, capacity 42110K, committed 42356K, reserved 1087488K
  class space    used 4701K, capacity 4916K, committed 4988K, reserved 1048576K
2016-10-23T22:35:31.006+0800: 2150.034: [GC (Allocation Failure) 2016-10-23T22:35:31.006+0800: 2150.034: [ParNew
Desired survivor size 20112992 bytes, new threshold 8 (max 8)
- age   1:    6149424 bytes,    6149424 total
- age   2:    3491488 bytes,    9640912 total
- age   3:    3599384 bytes,   13240296 total
- age   4:    1173968 bytes,   14414264 total
- age   5:      66584 bytes,   14480848 total
- age   6:        384 bytes,   14481232 total
: 98639K->16316K(109248K), 0.0087093 secs] 256748K->174429K(502464K), 0.0087725 secs] [Times: user=0.04 sys=0.00, real=0.01 secs] 
Heap after GC invocations=494 (full 9):
 par new generation   total 109248K, used 16316K [0x00000007a0000000, 0x00000007a8000000, 0x00000007a8000000)
  eden space 87424K,   0% used [0x00000007a0000000, 0x00000007a0000000, 0x00000007a5560000)
  from space 21824K,  74% used [0x00000007a5560000, 0x00000007a654f200, 0x00000007a6ab0000)
  to   space 21824K,   0% used [0x00000007a6ab0000, 0x00000007a6ab0000, 0x00000007a8000000)
 concurrent mark-sweep generation total 393216K, used 158112K [0x00000007a8000000, 0x00000007c0000000, 0x00000007c0000000)
 Metaspace       used 41273K, capacity 42110K, committed 42356K, reserved 1087488K
  class space    used 4701K, capacity 4916K, committed 4988K, reserved 1048576K
}
2016-10-23T22:35:31.014+0800: 2150.043: Total time for which application threads were stopped: 0.0089531 seconds, Stopping threads took: 0.0000290 seconds
{Heap before GC invocations=494 (full 9):
 par new generation   total 109248K, used 103740K [0x00000007a0000000, 0x00000007a8000000, 0x00000007a8000000)
  eden space 87424K, 100% used [0x00000007a0000000, 0x00000007a5560000, 0x00000007a5560000)
  from space 21824K,  74% used [0x00000007a5560000, 0x00000007a654f200, 0x00000007a6ab0000)
  to   space 21824K,   0% used [0x00000007a6ab0000, 0x00000007a6ab0000, 0x00000007a8000000)
 concurrent mark-sweep generation total 393216K, used 158112K [0x00000007a8000000, 0x00000007c0000000, 0x00000007c0000000)
 Metaspace       used 41273K, capacity 42110K, committed 42356K, reserved 1087488K
  class space    used 4701K, capacity 4916K, committed 4988K, reserved 1048576K
2016-10-23T22:35:31.231+0800: 2150.260: [GC (Allocation Failure) 2016-10-23T22:35:31.231+0800: 2150.260: [ParNew
Desired survivor size 20112992 bytes, new threshold 8 (max 8)
- age   1:    6193312 bytes,    6193312 total
- age   2:    4265280 bytes,   10458592 total
- age   3:    3383816 bytes,   13842408 total
- age   4:    3558464 bytes,   17400872 total
- age   5:    1173968 bytes,   18574840 total
- age   6:      66584 bytes,   18641424 total
- age   7:        384 bytes,   18641808 total
: 103740K->21824K(109248K), 0.0109524 secs] 261853K->180192K(502464K), 0.0110361 secs] [Times: user=0.04 sys=0.00, real=0.01 secs] 
Heap after GC invocations=495 (full 9):
 par new generation   total 109248K, used 21824K [0x00000007a0000000, 0x00000007a8000000, 0x00000007a8000000)
  eden space 87424K,   0% used [0x00000007a0000000, 0x00000007a0000000, 0x00000007a5560000)
  from space 21824K, 100% used [0x00000007a6ab0000, 0x00000007a8000000, 0x00000007a8000000)
  to   space 21824K,   0% used [0x00000007a5560000, 0x00000007a5560000, 0x00000007a6ab0000)
 concurrent mark-sweep generation total 393216K, used 158368K [0x00000007a8000000, 0x00000007c0000000, 0x00000007c0000000)
 Metaspace       used 41273K, capacity 42110K, committed 42356K, reserved 1087488K
  class space    used 4701K, capacity 4916K, committed 4988K, reserved 1048576K
}
2016-10-23T22:35:31.242+0800: 2150.271: Total time for which application threads were stopped: 0.0112557 seconds, Stopping threads took: 0.0000285 seconds
{Heap before GC invocations=495 (full 9):
 par new generation   total 109248K, used 109248K [0x00000007a0000000, 0x00000007a8000000, 0x00000007a8000000)
  eden space 87424K, 100% used [0x00000007a0000000, 0x00000007a5560000, 0x00000007a5560000)
  from space 21824K, 100% used [0x00000007a6ab0000, 0x00000007a8000000, 0x00000007a8000000)
  to   space 21824K,   0% used [0x00000007a5560000, 0x00000007a5560000, 0x00000007a6ab0000)
 concurrent mark-sweep generation total 393216K, used 158368K [0x00000007a8000000, 0x00000007c0000000, 0x00000007c0000000)
 Metaspace       used 41273K, capacity 42110K, committed 42356K, reserved 1087488K
  class space    used 4701K, capacity 4916K, committed 4988K, reserved 1048576K
2016-10-23T22:35:31.455+0800: 2150.484: [GC (Allocation Failure) 2016-10-23T22:35:31.455+0800: 2150.484: [ParNew
Desired survivor size 20112992 bytes, new threshold 8 (max 8)
- age   1:    4940040 bytes,    4940040 total
- age   2:    3329096 bytes,    8269136 total
- age   3:    3167432 bytes,   11436568 total
- age   4:    3167928 bytes,   14604496 total
- age   5:    3220312 bytes,   17824808 total
- age   6:    1173968 bytes,   18998776 total
- age   7:      66584 bytes,   19065360 total
- age   8:        384 bytes,   19065744 total
: 109248K->21824K(109248K), 0.0110007 secs] 267616K->184427K(502464K), 0.0110739 secs] [Times: user=0.04 sys=0.00, real=0.01 secs] 
Heap after GC invocations=496 (full 9):
 par new generation   total 109248K, used 21824K [0x00000007a0000000, 0x00000007a8000000, 0x00000007a8000000)
  eden space 87424K,   0% used [0x00000007a0000000, 0x00000007a0000000, 0x00000007a5560000)
  from space 21824K, 100% used [0x00000007a5560000, 0x00000007a6ab0000, 0x00000007a6ab0000)
  to   space 21824K,   0% used [0x00000007a6ab0000, 0x00000007a6ab0000, 0x00000007a8000000)
 concurrent mark-sweep generation total 393216K, used 162603K [0x00000007a8000000, 0x00000007c0000000, 0x00000007c0000000)
 Metaspace       used 41273K, capacity 42110K, committed 42356K, reserved 1087488K
  class space    used 4701K, capacity 4916K, committed 4988K, reserved 1048576K
}
2016-10-23T22:35:31.467+0800: 2150.495: Total time for which application threads were stopped: 0.0113317 seconds, Stopping threads took: 0.0000813 seconds
{Heap before GC invocations=496 (full 9):
 par new generation   total 109248K, used 109248K [0x00000007a0000000, 0x00000007a8000000, 0x00000007a8000000)
  eden space 87424K, 100% used [0x00000007a0000000, 0x00000007a5560000, 0x00000007a5560000)
  from space 21824K, 100% used [0x00000007a5560000, 0x00000007a6ab0000, 0x00000007a6ab0000)
  to   space 21824K,   0% used [0x00000007a6ab0000, 0x00000007a6ab0000, 0x00000007a8000000)
 concurrent mark-sweep generation total 393216K, used 162603K [0x00000007a8000000, 0x00000007c0000000, 0x00000007c0000000)
 Metaspace       used 41273K, capacity 42110K, committed 42356K, reserved 1087488K
  class space    used 4701K, capacity 4916K, committed 4988K, reserved 1048576K
2016-10-23T22:35:31.592+0800: 2150.621: [GC (Allocation Failure) 2016-10-23T22:35:31.592+0800: 2150.621: [ParNew
Desired survivor size 20112992 bytes, new threshold 8 (max 8)
- age   1:    3243320 bytes,    3243320 total
- age   2:    4114000 bytes,    7357320 total
- age   3:    2748120 bytes,   10105440 total
- age   4:    2577288 bytes,   12682728 total
- age   5:    2586168 bytes,   15268896 total
- age   6:    2858272 bytes,   18127168 total
- age   7:    1173968 bytes,   19301136 total
- age   8:      66584 bytes,   19367720 total
: 109248K->21824K(109248K), 0.0094033 secs] 271851K->185191K(502464K), 0.0094689 secs] [Times: user=0.03 sys=0.00, real=0.01 secs] 
Heap after GC invocations=497 (full 9):
 par new generation   total 109248K, used 21824K [0x00000007a0000000, 0x00000007a8000000, 0x00000007a8000000)
  eden space 87424K,   0% used [0x00000007a0000000, 0x00000007a0000000, 0x00000007a5560000)
  from space 21824K, 100% used [0x00000007a6ab0000, 0x00000007a8000000, 0x00000007a8000000)
  to   space 21824K,   0% used [0x00000007a5560000, 0x00000007a5560000, 0x00000007a6ab0000)
 concurrent mark-sweep generation total 393216K, used 163367K [0x00000007a8000000, 0x00000007c0000000, 0x00000007c0000000)
 Metaspace       used 41273K, capacity 42110K, committed 42356K, reserved 1087488K
  class space    used 4701K, capacity 4916K, committed 4988K, reserved 1048576K
}
2016-10-23T22:35:31.602+0800: 2150.631: Total time for which application threads were stopped: 0.0096784 seconds, Stopping threads took: 0.0000221 seconds
{Heap before GC invocations=497 (full 9):
 par new generation   total 109248K, used 109248K [0x00000007a0000000, 0x00000007a8000000, 0x00000007a8000000)
  eden space 87424K, 100% used [0x00000007a0000000, 0x00000007a5560000, 0x00000007a5560000)
  from space 21824K, 100% used [0x00000007a6ab0000, 0x00000007a8000000, 0x00000007a8000000)
  to   space 21824K,   0% used [0x00000007a5560000, 0x00000007a5560000, 0x00000007a6ab0000)
 concurrent mark-sweep generation total 393216K, used 163367K [0x00000007a8000000, 0x00000007c0000000, 0x00000007c0000000)
 Metaspace       used 41273K, capacity 42110K, committed 42356K, reserved 1087488K
  class space    used 4701K, capacity 4916K, committed 4988K, reserved 1048576K
2016-10-23T22:35:31.695+0800: 2150.724: [GC (Allocation Failure) 2016-10-23T22:35:31.695+0800: 2150.724: [ParNew
Desired survivor size 20112992 bytes, new threshold 8 (max 8)
- age   1:    2605720 bytes,    2605720 total
- age   2:    2464560 bytes,    5070280 total
- age   3:    3317400 bytes,    8387680 total
- age   4:    1936888 bytes,   10324568 total
- age   5:    1767344 bytes,   12091912 total
- age   6:    1786256 bytes,   13878168 total
- age   7:    2476264 bytes,   16354432 total
- age   8:    1173776 bytes,   17528208 total
: 109248K->21824K(109248K), 0.0089870 secs] 272615K->185877K(502464K), 0.0090526 secs] [Times: user=0.03 sys=0.00, real=0.01 secs] 
Heap after GC invocations=498 (full 9):
 par new generation   total 109248K, used 21824K [0x00000007a0000000, 0x00000007a8000000, 0x00000007a8000000)
  eden space 87424K,   0% used [0x00000007a0000000, 0x00000007a0000000, 0x00000007a5560000)
  from space 21824K, 100% used [0x00000007a5560000, 0x00000007a6ab0000, 0x00000007a6ab0000)
  to   space 21824K,   0% used [0x00000007a6ab0000, 0x00000007a6ab0000, 0x00000007a8000000)
 concurrent mark-sweep generation total 393216K, used 164053K [0x00000007a8000000, 0x00000007c0000000, 0x00000007c0000000)
 Metaspace       used 41273K, capacity 42110K, committed 42356K, reserved 1087488K
  class space    used 4701K, capacity 4916K, committed 4988K, reserved 1048576K
}
2016-10-23T22:35:31.704+0800: 2150.733: Total time for which application threads were stopped: 0.0095423 seconds, Stopping threads took: 0.0003184 seconds
2016-10-23T22:35:31.749+0800: 2150.778: Total time for which application threads were stopped: 0.0001274 seconds, Stopping threads took: 0.0000208 seconds
{Heap before GC invocations=498 (full 9):
 par new generation   total 109248K, used 109248K [0x00000007a0000000, 0x00000007a8000000, 0x00000007a8000000)
  eden space 87424K, 100% used [0x00000007a0000000, 0x00000007a5560000, 0x00000007a5560000)
  from space 21824K, 100% used [0x00000007a5560000, 0x00000007a6ab0000, 0x00000007a6ab0000)
  to   space 21824K,   0% used [0x00000007a6ab0000, 0x00000007a6ab0000, 0x00000007a8000000)
 concurrent mark-sweep generation total 393216K, used 164053K [0x00000007a8000000, 0x00000007c0000000, 0x00000007c0000000)
 Metaspace       used 41273K, capacity 42110K, committed 42356K, reserved 1087488K
  class space    used 4701K, capacity 4916K, committed 4988K, reserved 1048576K
2016-10-23T22:35:31.923+0800: 2150.952: [GC (Allocation Failure) 2016-10-23T22:35:31.923+0800: 2150.952: [ParNew
Desired survivor size 20112992 bytes, new threshold 8 (max 8)
- age   1:    3898504 bytes,    3898504 total
- age   2:    1420984 bytes,    5319488 total
- age   3:    1959976 bytes,    7279464 total
- age   4:    2343376 bytes,    9622840 total
- age   5:    1152152 bytes,   10774992 total
- age   6:    1241168 bytes,   12016160 total
- age   7:    1295048 bytes,   13311208 total
- age   8:    2241528 bytes,   15552736 total
: 109248K->21824K(109248K), 0.0084312 secs] 273301K->189582K(502464K), 0.0085025 secs] [Times: user=0.03 sys=0.00, real=0.01 secs] 
Heap after GC invocations=499 (full 9):
 par new generation   total 109248K, used 21824K [0x00000007a0000000, 0x00000007a8000000, 0x00000007a8000000)
  eden space 87424K,   0% used [0x00000007a0000000, 0x00000007a0000000, 0x00000007a5560000)
  from space 21824K, 100% used [0x00000007a6ab0000, 0x00000007a8000000, 0x00000007a8000000)
  to   space 21824K,   0% used [0x00000007a5560000, 0x00000007a5560000, 0x00000007a6ab0000)
 concurrent mark-sweep generation total 393216K, used 167758K [0x00000007a8000000, 0x00000007c0000000, 0x00000007c0000000)
 Metaspace       used 41273K, capacity 42110K, committed 42356K, reserved 1087488K
  class space    used 4701K, capacity 4916K, committed 4988K, reserved 1048576K
}
2016-10-23T22:35:31.932+0800: 2150.961: Total time for which application threads were stopped: 0.0086941 seconds, Stopping threads took: 0.0000312 seconds
{Heap before GC invocations=499 (full 9):
 par new generation   total 109248K, used 109248K [0x00000007a0000000, 0x00000007a8000000, 0x00000007a8000000)
  eden space 87424K, 100% used [0x00000007a0000000, 0x00000007a5560000, 0x00000007a5560000)
  from space 21824K, 100% used [0x00000007a6ab0000, 0x00000007a8000000, 0x00000007a8000000)
  to   space 21824K,   0% used [0x00000007a5560000, 0x00000007a5560000, 0x00000007a6ab0000)
 concurrent mark-sweep generation total 393216K, used 167758K [0x00000007a8000000, 0x00000007c0000000, 0x00000007c0000000)
 Metaspace       used 41273K, capacity 42110K, committed 42356K, reserved 1087488K
  class space    used 4701K, capacity 4916K, committed 4988K, reserved 1048576K
2016-10-23T22:35:32.152+0800: 2151.181: [GC (Allocation Failure) 2016-10-23T22:35:32.152+0800: 2151.181: [ParNew
Desired survivor size 20112992 bytes, new threshold 8 (max 8)
- age   1:    5994480 bytes,    5994480 total
- age   2:    3445920 bytes,    9440400 total
- age   3:    1423600 bytes,   10864000 total
- age   4:    1963888 bytes,   12827888 total
- age   5:    2343464 bytes,   15171352 total
- age   6:    1152152 bytes,   16323504 total
- age   7:    1241168 bytes,   17564672 total
- age   8:    1295048 bytes,   18859720 total
: 109248K->21824K(109248K), 0.0097686 secs] 277006K->191784K(502464K), 0.0098345 secs] [Times: user=0.04 sys=0.00, real=0.01 secs] 
Heap after GC invocations=500 (full 9):
 par new generation   total 109248K, used 21824K [0x00000007a0000000, 0x00000007a8000000, 0x00000007a8000000)
  eden space 87424K,   0% used [0x00000007a0000000, 0x00000007a0000000, 0x00000007a5560000)
  from space 21824K, 100% used [0x00000007a5560000, 0x00000007a6ab0000, 0x00000007a6ab0000)
  to   space 21824K,   0% used [0x00000007a6ab0000, 0x00000007a6ab0000, 0x00000007a8000000)
 concurrent mark-sweep generation total 393216K, used 169960K [0x00000007a8000000, 0x00000007c0000000, 0x00000007c0000000)
 Metaspace       used 41273K, capacity 42110K, committed 42356K, reserved 1087488K
  class space    used 4701K, capacity 4916K, committed 4988K, reserved 1048576K
}
2016-10-23T22:35:32.162+0800: 2151.191: Total time for which application threads were stopped: 0.0100286 seconds, Stopping threads took: 0.0000243 seconds
{Heap before GC invocations=500 (full 9):
 par new generation   total 109248K, used 109248K [0x00000007a0000000, 0x00000007a8000000, 0x00000007a8000000)
  eden space 87424K, 100% used [0x00000007a0000000, 0x00000007a5560000, 0x00000007a5560000)
  from space 21824K, 100% used [0x00000007a5560000, 0x00000007a6ab0000, 0x00000007a6ab0000)
  to   space 21824K,   0% used [0x00000007a6ab0000, 0x00000007a6ab0000, 0x00000007a8000000)
 concurrent mark-sweep generation total 393216K, used 169960K [0x00000007a8000000, 0x00000007c0000000, 0x00000007c0000000)
 Metaspace       used 41273K, capacity 42110K, committed 42356K, reserved 1087488K
  class space    used 4701K, capacity 4916K, committed 4988K, reserved 1048576K
2016-10-23T22:35:32.388+0800: 2151.417: [GC (Allocation Failure) 2016-10-23T22:35:32.388+0800: 2151.417: [ParNew
Desired survivor size 20112992 bytes, new threshold 8 (max 8)
- age   1:    6538976 bytes,    6538976 total
- age   2:    3927048 bytes,   10466024 total
- age   3:    2769632 bytes,   13235656 total
- age   4:    1305184 bytes,   14540840 total
- age   5:    1785992 bytes,   16326832 total
- age   6:    2330072 bytes,   18656904 total
- age   7:    1152152 bytes,   19809056 total
- age   8:    1241168 bytes,   21050224 total
: 109248K->21824K(109248K), 0.0115001 secs] 279208K->194284K(502464K), 0.0115688 secs] [Times: user=0.04 sys=0.00, real=0.02 secs] 
Heap after GC invocations=501 (full 9):
 par new generation   total 109248K, used 21824K [0x00000007a0000000, 0x00000007a8000000, 0x00000007a8000000)
  eden space 87424K,   0% used [0x00000007a0000000, 0x00000007a0000000, 0x00000007a5560000)
  from space 21824K, 100% used [0x00000007a6ab0000, 0x00000007a8000000, 0x00000007a8000000)
  to   space 21824K,   0% used [0x00000007a5560000, 0x00000007a5560000, 0x00000007a6ab0000)
 concurrent mark-sweep generation total 393216K, used 172460K [0x00000007a8000000, 0x00000007c0000000, 0x00000007c0000000)
 Metaspace       used 41273K, capacity 42110K, committed 42356K, reserved 1087488K
  class space    used 4701K, capacity 4916K, committed 4988K, reserved 1048576K
}
2016-10-23T22:35:32.400+0800: 2151.429: Total time for which application threads were stopped: 0.0117500 seconds, Stopping threads took: 0.0000306 seconds
{Heap before GC invocations=501 (full 9):
 par new generation   total 109248K, used 109248K [0x00000007a0000000, 0x00000007a8000000, 0x00000007a8000000)
  eden space 87424K, 100% used [0x00000007a0000000, 0x00000007a5560000, 0x00000007a5560000)
  from space 21824K, 100% used [0x00000007a6ab0000, 0x00000007a8000000, 0x00000007a8000000)
  to   space 21824K,   0% used [0x00000007a5560000, 0x00000007a5560000, 0x00000007a6ab0000)
 concurrent mark-sweep generation total 393216K, used 172460K [0x00000007a8000000, 0x00000007c0000000, 0x00000007c0000000)
 Metaspace       used 41273K, capacity 42110K, committed 42356K, reserved 1087488K
  class space    used 4701K, capacity 4916K, committed 4988K, reserved 1048576K
2016-10-23T22:35:32.622+0800: 2151.651: [GC (Allocation Failure) 2016-10-23T22:35:32.622+0800: 2151.651: [ParNew
Desired survivor size 20112992 bytes, new threshold 8 (max 8)
- age   1:    1695848 bytes,    1695848 total
- age   2:    5441168 bytes,    7137016 total
- age   3:    3495224 bytes,   10632240 total
- age   4:    2417872 bytes,   13050112 total
- age   5:    1153488 bytes,   14203600 total
- age   6:    1572280 bytes,   15775880 total
- age   7:    2305736 bytes,   18081616 total
- age   8:    1152152 bytes,   19233768 total
: 109248K->21824K(109248K), 0.0085839 secs] 281708K->195692K(502464K), 0.0086314 secs] [Times: user=0.03 sys=0.00, real=0.01 secs] 
Heap after GC invocations=502 (full 9):
 par new generation   total 109248K, used 21824K [0x00000007a0000000, 0x00000007a8000000, 0x00000007a8000000)
  eden space 87424K,   0% used [0x00000007a0000000, 0x00000007a0000000, 0x00000007a5560000)
  from space 21824K, 100% used [0x00000007a5560000, 0x00000007a6ab0000, 0x00000007a6ab0000)
  to   space 21824K,   0% used [0x00000007a6ab0000, 0x00000007a6ab0000, 0x00000007a8000000)
 concurrent mark-sweep generation total 393216K, used 173868K [0x00000007a8000000, 0x00000007c0000000, 0x00000007c0000000)
 Metaspace       used 41273K, capacity 42110K, committed 42356K, reserved 1087488K
  class space    used 4701K, capacity 4916K, committed 4988K, reserved 1048576K
}
2016-10-23T22:35:32.630+0800: 2151.659: Total time for which application threads were stopped: 0.0088431 seconds, Stopping threads took: 0.0000246 seconds
{Heap before GC invocations=502 (full 9):
 par new generation   total 109248K, used 109248K [0x00000007a0000000, 0x00000007a8000000, 0x00000007a8000000)
  eden space 87424K, 100% used [0x00000007a0000000, 0x00000007a5560000, 0x00000007a5560000)
  from space 21824K, 100% used [0x00000007a5560000, 0x00000007a6ab0000, 0x00000007a6ab0000)
  to   space 21824K,   0% used [0x00000007a6ab0000, 0x00000007a6ab0000, 0x00000007a8000000)
 concurrent mark-sweep generation total 393216K, used 173868K [0x00000007a8000000, 0x00000007c0000000, 0x00000007c0000000)
 Metaspace       used 41273K, capacity 42110K, committed 42356K, reserved 1087488K
  class space    used 4701K, capacity 4916K, committed 4988K, reserved 1048576K
2016-10-23T22:35:32.855+0800: 2151.884: [GC (Allocation Failure) 2016-10-23T22:35:32.855+0800: 2151.884: [ParNew
Desired survivor size 20112992 bytes, new threshold 8 (max 8)
- age   1:    4569984 bytes,    4569984 total
- age   2:    1158224 bytes,    5728208 total
- age   3:    3832456 bytes,    9560664 total
- age   4:    2136464 bytes,   11697128 total
- age   5:    1062776 bytes,   12759904 total
- age   6:     553256 bytes,   13313160 total
- age   7:     811072 bytes,   14124232 total
- age   8:    2245848 bytes,   16370080 total
: 109248K->21824K(109248K), 0.0060088 secs] 283116K->196818K(502464K), 0.0060677 secs] [Times: user=0.03 sys=0.00, real=0.01 secs] 
Heap after GC invocations=503 (full 9):
 par new generation   total 109248K, used 21824K [0x00000007a0000000, 0x00000007a8000000, 0x00000007a8000000)
  eden space 87424K,   0% used [0x00000007a0000000, 0x00000007a0000000, 0x00000007a5560000)
  from space 21824K, 100% used [0x00000007a6ab0000, 0x00000007a8000000, 0x00000007a8000000)
  to   space 21824K,   0% used [0x00000007a5560000, 0x00000007a5560000, 0x00000007a6ab0000)
 concurrent mark-sweep generation total 393216K, used 174994K [0x00000007a8000000, 0x00000007c0000000, 0x00000007c0000000)
 Metaspace       used 41273K, capacity 42110K, committed 42356K, reserved 1087488K
  class space    used 4701K, capacity 4916K, committed 4988K, reserved 1048576K
}
2016-10-23T22:35:32.861+0800: 2151.890: Total time for which application threads were stopped: 0.0062538 seconds, Stopping threads took: 0.0000313 seconds
{Heap before GC invocations=503 (full 9):
 par new generation   total 109248K, used 109248K [0x00000007a0000000, 0x00000007a8000000, 0x00000007a8000000)
  eden space 87424K, 100% used [0x00000007a0000000, 0x00000007a5560000, 0x00000007a5560000)
  from space 21824K, 100% used [0x00000007a6ab0000, 0x00000007a8000000, 0x00000007a8000000)
  to   space 21824K,   0% used [0x00000007a5560000, 0x00000007a5560000, 0x00000007a6ab0000)
 concurrent mark-sweep generation total 393216K, used 174994K [0x00000007a8000000, 0x00000007c0000000, 0x00000007c0000000)
 Metaspace       used 41273K, capacity 42110K, committed 42356K, reserved 1087488K
  class space    used 4701K, capacity 4916K, committed 4988K, reserved 1048576K
2016-10-23T22:35:33.077+0800: 2152.106: [GC (Allocation Failure) 2016-10-23T22:35:33.077+0800: 2152.106: [ParNew
Desired survivor size 20112992 bytes, new threshold 8 (max 8)
- age   1:    5486544 bytes,    5486544 total
- age   2:    3669312 bytes,    9155856 total
- age   3:    1249952 bytes,   10405808 total
- age   4:    3832456 bytes,   14238264 total
- age   5:    2267552 bytes,   16505816 total
- age   6:    1061960 bytes,   17567776 total
- age   7:     553256 bytes,   18121032 total
- age   8:     811072 bytes,   18932104 total
: 109248K->21432K(109248K), 0.0076096 secs] 284242K->198622K(502464K), 0.0076657 secs] [Times: user=0.03 sys=0.00, real=0.01 secs] 
Heap after GC invocations=504 (full 9):
 par new generation   total 109248K, used 21432K [0x00000007a0000000, 0x00000007a8000000, 0x00000007a8000000)
  eden space 87424K,   0% used [0x00000007a0000000, 0x00000007a0000000, 0x00000007a5560000)
  from space 21824K,  98% used [0x00000007a5560000, 0x00000007a6a4e280, 0x00000007a6ab0000)
  to   space 21824K,   0% used [0x00000007a6ab0000, 0x00000007a6ab0000, 0x00000007a8000000)
 concurrent mark-sweep generation total 393216K, used 177189K [0x00000007a8000000, 0x00000007c0000000, 0x00000007c0000000)
 Metaspace       used 41273K, capacity 42110K, committed 42356K, reserved 1087488K
  class space    used 4701K, capacity 4916K, committed 4988K, reserved 1048576K
}
2016-10-23T22:35:33.085+0800: 2152.114: Total time for which application threads were stopped: 0.0078593 seconds, Stopping threads took: 0.0000335 seconds
{Heap before GC invocations=504 (full 9):
 par new generation   total 109248K, used 108856K [0x00000007a0000000, 0x00000007a8000000, 0x00000007a8000000)
  eden space 87424K, 100% used [0x00000007a0000000, 0x00000007a5560000, 0x00000007a5560000)
  from space 21824K,  98% used [0x00000007a5560000, 0x00000007a6a4e280, 0x00000007a6ab0000)
  to   space 21824K,   0% used [0x00000007a6ab0000, 0x00000007a6ab0000, 0x00000007a8000000)
 concurrent mark-sweep generation total 393216K, used 177189K [0x00000007a8000000, 0x00000007c0000000, 0x00000007c0000000)
 Metaspace       used 41273K, capacity 42110K, committed 42356K, reserved 1087488K
  class space    used 4701K, capacity 4916K, committed 4988K, reserved 1048576K
2016-10-23T22:35:33.301+0800: 2152.330: [GC (Allocation Failure) 2016-10-23T22:35:33.301+0800: 2152.330: [ParNew
Desired survivor size 20112992 bytes, new threshold 6 (max 8)
- age   1:    5975992 bytes,    5975992 total
- age   2:    3577632 bytes,    9553624 total
- age   3:    3372304 bytes,   12925928 total
- age   4:    1249952 bytes,   14175880 total
- age   5:    3832456 bytes,   18008336 total
- age   6:    2267552 bytes,   20275888 total
- age   7:    1061960 bytes,   21337848 total
- age   8:     553256 bytes,   21891104 total
: 108856K->21824K(109248K), 0.0095119 secs] 286046K->200822K(502464K), 0.0095848 secs] [Times: user=0.03 sys=0.00, real=0.01 secs] 
Heap after GC invocations=505 (full 9):
 par new generation   total 109248K, used 21824K [0x00000007a0000000, 0x00000007a8000000, 0x00000007a8000000)
  eden space 87424K,   0% used [0x00000007a0000000, 0x00000007a0000000, 0x00000007a5560000)
  from space 21824K, 100% used [0x00000007a6ab0000, 0x00000007a8000000, 0x00000007a8000000)
  to   space 21824K,   0% used [0x00000007a5560000, 0x00000007a5560000, 0x00000007a6ab0000)
 concurrent mark-sweep generation total 393216K, used 178998K [0x00000007a8000000, 0x00000007c0000000, 0x00000007c0000000)
 Metaspace       used 41273K, capacity 42110K, committed 42356K, reserved 1087488K
  class space    used 4701K, capacity 4916K, committed 4988K, reserved 1048576K
}
2016-10-23T22:35:33.311+0800: 2152.339: Total time for which application threads were stopped: 0.0097720 seconds, Stopping threads took: 0.0000304 seconds
{Heap before GC invocations=505 (full 9):
 par new generation   total 109248K, used 109248K [0x00000007a0000000, 0x00000007a8000000, 0x00000007a8000000)
  eden space 87424K, 100% used [0x00000007a0000000, 0x00000007a5560000, 0x00000007a5560000)
  from space 21824K, 100% used [0x00000007a6ab0000, 0x00000007a8000000, 0x00000007a8000000)
  to   space 21824K,   0% used [0x00000007a5560000, 0x00000007a5560000, 0x00000007a6ab0000)
 concurrent mark-sweep generation total 393216K, used 178998K [0x00000007a8000000, 0x00000007c0000000, 0x00000007c0000000)
 Metaspace       used 41273K, capacity 42110K, committed 42356K, reserved 1087488K
  class space    used 4701K, capacity 4916K, committed 4988K, reserved 1048576K
2016-10-23T22:35:33.515+0800: 2152.544: [GC (Allocation Failure) 2016-10-23T22:35:33.515+0800: 2152.544: [ParNew
Desired survivor size 20112992 bytes, new threshold 8 (max 8)
- age   1:    6209400 bytes,    6209400 total
- age   2:    3277688 bytes,    9487088 total
- age   3:    2497256 bytes,   11984344 total
- age   4:    2608488 bytes,   14592832 total
- age   5:    1158056 bytes,   15750888 total
- age   6:    3832456 bytes,   19583344 total
: 109248K->21824K(109248K), 0.0102743 secs] 288246K->205339K(502464K), 0.0103430 secs] [Times: user=0.05 sys=0.00, real=0.01 secs] 
Heap after GC invocations=506 (full 9):
 par new generation   total 109248K, used 21824K [0x00000007a0000000, 0x00000007a8000000, 0x00000007a8000000)
  eden space 87424K,   0% used [0x00000007a0000000, 0x00000007a0000000, 0x00000007a5560000)
  from space 21824K, 100% used [0x00000007a5560000, 0x00000007a6ab0000, 0x00000007a6ab0000)
  to   space 21824K,   0% used [0x00000007a6ab0000, 0x00000007a6ab0000, 0x00000007a8000000)
 concurrent mark-sweep generation total 393216K, used 183515K [0x00000007a8000000, 0x00000007c0000000, 0x00000007c0000000)
 Metaspace       used 41273K, capacity 42110K, committed 42356K, reserved 1087488K
  class space    used 4701K, capacity 4916K, committed 4988K, reserved 1048576K
}
2016-10-23T22:35:33.526+0800: 2152.555: Total time for which application threads were stopped: 0.0105775 seconds, Stopping threads took: 0.0000709 seconds
{Heap before GC invocations=506 (full 9):
 par new generation   total 109248K, used 109248K [0x00000007a0000000, 0x00000007a8000000, 0x00000007a8000000)
  eden space 87424K, 100% used [0x00000007a0000000, 0x00000007a5560000, 0x00000007a5560000)
  from space 21824K, 100% used [0x00000007a5560000, 0x00000007a6ab0000, 0x00000007a6ab0000)
  to   space 21824K,   0% used [0x00000007a6ab0000, 0x00000007a6ab0000, 0x00000007a8000000)
 concurrent mark-sweep generation total 393216K, used 183515K [0x00000007a8000000, 0x00000007c0000000, 0x00000007c0000000)
 Metaspace       used 41273K, capacity 42110K, committed 42356K, reserved 1087488K
  class space    used 4701K, capacity 4916K, committed 4988K, reserved 1048576K
2016-10-23T22:35:33.612+0800: 2152.641: [GC (Allocation Failure) 2016-10-23T22:35:33.612+0800: 2152.641: [ParNew
Desired survivor size 20112992 bytes, new threshold 7 (max 8)
- age   1:    2434232 bytes,    2434232 total
- age   2:    5466472 bytes,    7900704 total
- age   3:    2959544 bytes,   10860248 total
- age   4:    2246432 bytes,   13106680 total
- age   5:    2392600 bytes,   15499280 total
- age   6:    1157704 bytes,   16656984 total
- age   7:    3832456 bytes,   20489440 total
: 109248K->21824K(109248K), 0.0085262 secs] 292763K->206486K(502464K), 0.0086051 secs] [Times: user=0.03 sys=0.00, real=0.01 secs] 
Heap after GC invocations=507 (full 9):
 par new generation   total 109248K, used 21824K [0x00000007a0000000, 0x00000007a8000000, 0x00000007a8000000)
  eden space 87424K,   0% used [0x00000007a0000000, 0x00000007a0000000, 0x00000007a5560000)
  from space 21824K, 100% used [0x00000007a6ab0000, 0x00000007a8000000, 0x00000007a8000000)
  to   space 21824K,   0% used [0x00000007a5560000, 0x00000007a5560000, 0x00000007a6ab0000)
 concurrent mark-sweep generation total 393216K, used 184662K [0x00000007a8000000, 0x00000007c0000000, 0x00000007c0000000)
 Metaspace       used 41273K, capacity 42110K, committed 42356K, reserved 1087488K
  class space    used 4701K, capacity 4916K, committed 4988K, reserved 1048576K
}
2016-10-23T22:35:33.621+0800: 2152.650: Total time for which application threads were stopped: 0.0088258 seconds, Stopping threads took: 0.0000418 seconds
{Heap before GC invocations=507 (full 9):
 par new generation   total 109248K, used 109248K [0x00000007a0000000, 0x00000007a8000000, 0x00000007a8000000)
  eden space 87424K, 100% used [0x00000007a0000000, 0x00000007a5560000, 0x00000007a5560000)
  from space 21824K, 100% used [0x00000007a6ab0000, 0x00000007a8000000, 0x00000007a8000000)
  to   space 21824K,   0% used [0x00000007a5560000, 0x00000007a5560000, 0x00000007a6ab0000)
 concurrent mark-sweep generation total 393216K, used 184662K [0x00000007a8000000, 0x00000007c0000000, 0x00000007c0000000)
 Metaspace       used 41276K, capacity 42110K, committed 42356K, reserved 1087488K
  class space    used 4701K, capacity 4916K, committed 4988K, reserved 1048576K
2016-10-23T22:35:33.814+0800: 2152.842: [GC (Allocation Failure) 2016-10-23T22:35:33.814+0800: 2152.842: [ParNew
Desired survivor size 20112992 bytes, new threshold 8 (max 8)
- age   1:    3954016 bytes,    3954016 total
- age   2:    1283624 bytes,    5237640 total
- age   3:    4204440 bytes,    9442080 total
- age   4:    2099648 bytes,   11541728 total
- age   5:    1378512 bytes,   12920240 total
- age   6:    1527768 bytes,   14448008 total
- age   7:    1157096 bytes,   15605104 total
: 109248K->21824K(109248K), 0.0082482 secs] 293910K->211823K(502464K), 0.0083353 secs] [Times: user=0.03 sys=0.00, real=0.01 secs] 
Heap after GC invocations=508 (full 9):
 par new generation   total 109248K, used 21824K [0x00000007a0000000, 0x00000007a8000000, 0x00000007a8000000)
  eden space 87424K,   0% used [0x00000007a0000000, 0x00000007a0000000, 0x00000007a5560000)
  from space 21824K, 100% used [0x00000007a5560000, 0x00000007a6ab0000, 0x00000007a6ab0000)
  to   space 21824K,   0% used [0x00000007a6ab0000, 0x00000007a6ab0000, 0x00000007a8000000)
 concurrent mark-sweep generation total 393216K, used 189999K [0x00000007a8000000, 0x00000007c0000000, 0x00000007c0000000)
 Metaspace       used 41276K, capacity 42110K, committed 42356K, reserved 1087488K
  class space    used 4701K, capacity 4916K, committed 4988K, reserved 1048576K
}
2016-10-23T22:35:33.822+0800: 2152.851: Total time for which application threads were stopped: 0.0085429 seconds, Stopping threads took: 0.0000336 seconds
{Heap before GC invocations=508 (full 9):
 par new generation   total 109248K, used 109248K [0x00000007a0000000, 0x00000007a8000000, 0x00000007a8000000)
  eden space 87424K, 100% used [0x00000007a0000000, 0x00000007a5560000, 0x00000007a5560000)
  from space 21824K, 100% used [0x00000007a5560000, 0x00000007a6ab0000, 0x00000007a6ab0000)
  to   space 21824K,   0% used [0x00000007a6ab0000, 0x00000007a6ab0000, 0x00000007a8000000)
 concurrent mark-sweep generation total 393216K, used 189999K [0x00000007a8000000, 0x00000007c0000000, 0x00000007c0000000)
 Metaspace       used 41276K, capacity 42110K, committed 42356K, reserved 1087488K
  class space    used 4701K, capacity 4916K, committed 4988K, reserved 1048576K
2016-10-23T22:35:34.047+0800: 2153.076: [GC (Allocation Failure) 2016-10-23T22:35:34.047+0800: 2153.076: [ParNew
Desired survivor size 20112992 bytes, new threshold 8 (max 8)
- age   1:    6303512 bytes,    6303512 total
- age   2:    2941184 bytes,    9244696 total
- age   3:    1247328 bytes,   10492024 total
- age   4:    4197312 bytes,   14689336 total
- age   5:    2099648 bytes,   16788984 total
- age   6:    1378512 bytes,   18167496 total
- age   7:    1527688 bytes,   19695184 total
- age   8:    1157096 bytes,   20852280 total
: 109248K->21824K(109248K), 0.0076088 secs] 299247K->211845K(502464K), 0.0076641 secs] [Times: user=0.03 sys=0.00, real=0.01 secs] 
Heap after GC invocations=509 (full 9):
 par new generation   total 109248K, used 21824K [0x00000007a0000000, 0x00000007a8000000, 0x00000007a8000000)
  eden space 87424K,   0% used [0x00000007a0000000, 0x00000007a0000000, 0x00000007a5560000)
  from space 21824K, 100% used [0x00000007a6ab0000, 0x00000007a8000000, 0x00000007a8000000)
  to   space 21824K,   0% used [0x00000007a5560000, 0x00000007a5560000, 0x00000007a6ab0000)
 concurrent mark-sweep generation total 393216K, used 190021K [0x00000007a8000000, 0x00000007c0000000, 0x00000007c0000000)
 Metaspace       used 41276K, capacity 42110K, committed 42356K, reserved 1087488K
  class space    used 4701K, capacity 4916K, committed 4988K, reserved 1048576K
}
2016-10-23T22:35:34.055+0800: 2153.084: Total time for which application threads were stopped: 0.0078833 seconds, Stopping threads took: 0.0000320 seconds
{Heap before GC invocations=509 (full 9):
 par new generation   total 109248K, used 109248K [0x00000007a0000000, 0x00000007a8000000, 0x00000007a8000000)
  eden space 87424K, 100% used [0x00000007a0000000, 0x00000007a5560000, 0x00000007a5560000)
  from space 21824K, 100% used [0x00000007a6ab0000, 0x00000007a8000000, 0x00000007a8000000)
  to   space 21824K,   0% used [0x00000007a5560000, 0x00000007a5560000, 0x00000007a6ab0000)
 concurrent mark-sweep generation total 393216K, used 190021K [0x00000007a8000000, 0x00000007c0000000, 0x00000007c0000000)
 Metaspace       used 41276K, capacity 42110K, committed 42356K, reserved 1087488K
  class space    used 4701K, capacity 4916K, committed 4988K, reserved 1048576K
2016-10-23T22:35:34.274+0800: 2153.303: [GC (Allocation Failure) 2016-10-23T22:35:34.274+0800: 2153.303: [ParNew
Desired survivor size 20112992 bytes, new threshold 7 (max 8)
- age   1:    5408816 bytes,    5408816 total
- age   2:    3581352 bytes,    8990168 total
- age   3:    2562936 bytes,   11553104 total
- age   4:    1073280 bytes,   12626384 total
- age   5:    4065368 bytes,   16691752 total
- age   6:    2099624 bytes,   18791376 total
- age   7:    1378488 bytes,   20169864 total
- age   8:    1527640 bytes,   21697504 total
: 109248K->21824K(109248K), 0.0112058 secs] 299269K->215986K(502464K), 0.0112677 secs] [Times: user=0.04 sys=0.00, real=0.01 secs] 
Heap after GC invocations=510 (full 9):
 par new generation   total 109248K, used 21824K [0x00000007a0000000, 0x00000007a8000000, 0x00000007a8000000)
  eden space 87424K,   0% used [0x00000007a0000000, 0x00000007a0000000, 0x00000007a5560000)
  from space 21824K, 100% used [0x00000007a5560000, 0x00000007a6ab0000, 0x00000007a6ab0000)
  to   space 21824K,   0% used [0x00000007a6ab0000, 0x00000007a6ab0000, 0x00000007a8000000)
 concurrent mark-sweep generation total 393216K, used 194162K [0x00000007a8000000, 0x00000007c0000000, 0x00000007c0000000)
 Metaspace       used 41276K, capacity 42110K, committed 42356K, reserved 1087488K
  class space    used 4701K, capacity 4916K, committed 4988K, reserved 1048576K
}
2016-10-23T22:35:34.285+0800: 2153.314: Total time for which application threads were stopped: 0.0114596 seconds, Stopping threads took: 0.0000332 seconds
{Heap before GC invocations=510 (full 9):
 par new generation   total 109248K, used 109248K [0x00000007a0000000, 0x00000007a8000000, 0x00000007a8000000)
  eden space 87424K, 100% used [0x00000007a0000000, 0x00000007a5560000, 0x00000007a5560000)
  from space 21824K, 100% used [0x00000007a5560000, 0x00000007a6ab0000, 0x00000007a6ab0000)
  to   space 21824K,   0% used [0x00000007a6ab0000, 0x00000007a6ab0000, 0x00000007a8000000)
 concurrent mark-sweep generation total 393216K, used 194162K [0x00000007a8000000, 0x00000007c0000000, 0x00000007c0000000)
 Metaspace       used 41276K, capacity 42110K, committed 42356K, reserved 1087488K
  class space    used 4701K, capacity 4916K, committed 4988K, reserved 1048576K
2016-10-23T22:35:34.584+0800: 2153.613: [GC (Allocation Failure) 2016-10-23T22:35:34.584+0800: 2153.613: [ParNew
Desired survivor size 20112992 bytes, new threshold 8 (max 8)
- age   1:    3042624 bytes,    3042624 total
- age   2:    2870000 bytes,    5912624 total
- age   3:    2875064 bytes,    8787688 total
- age   4:    2211072 bytes,   10998760 total
- age   5:     929088 bytes,   11927848 total
- age   6:    3800736 bytes,   15728584 total
- age   7:    2099384 bytes,   17827968 total
: 109248K->21824K(109248K), 0.0105117 secs] 303410K->221417K(502464K), 0.0105572 secs] [Times: user=0.04 sys=0.00, real=0.01 secs] 
Heap after GC invocations=511 (full 9):
 par new generation   total 109248K, used 21824K [0x00000007a0000000, 0x00000007a8000000, 0x00000007a8000000)
  eden space 87424K,   0% used [0x00000007a0000000, 0x00000007a0000000, 0x00000007a5560000)
  from space 21824K, 100% used [0x00000007a6ab0000, 0x00000007a8000000, 0x00000007a8000000)
  to   space 21824K,   0% used [0x00000007a5560000, 0x00000007a5560000, 0x00000007a6ab0000)
 concurrent mark-sweep generation total 393216K, used 199593K [0x00000007a8000000, 0x00000007c0000000, 0x00000007c0000000)
 Metaspace       used 41276K, capacity 42110K, committed 42356K, reserved 1087488K
  class space    used 4701K, capacity 4916K, committed 4988K, reserved 1048576K
}
2016-10-23T22:35:34.595+0800: 2153.624: Total time for which application threads were stopped: 0.0107574 seconds, Stopping threads took: 0.0000229 seconds
2016-10-23T22:35:34.595+0800: 2153.624: [GC (CMS Initial Mark) [1 CMS-initial-mark: 199593K(393216K)] 223072K(502464K), 0.0026181 secs] [Times: user=0.01 sys=0.00, real=0.00 secs] 
2016-10-23T22:35:34.598+0800: 2153.627: Total time for which application threads were stopped: 0.0027664 seconds, Stopping threads took: 0.0000560 seconds
2016-10-23T22:35:34.598+0800: 2153.627: [CMS-concurrent-mark-start]
2016-10-23T22:35:34.609+0800: 2153.638: [CMS-concurrent-mark: 0.012/0.012 secs] [Times: user=0.06 sys=0.00, real=0.01 secs] 
2016-10-23T22:35:34.609+0800: 2153.638: [CMS-concurrent-preclean-start]
2016-10-23T22:35:34.610+0800: 2153.639: [CMS-concurrent-preclean: 0.001/0.001 secs] [Times: user=0.00 sys=0.00, real=0.01 secs] 
2016-10-23T22:35:34.610+0800: 2153.639: [CMS-concurrent-abortable-preclean-start]
{Heap before GC invocations=511 (full 10):
 par new generation   total 109248K, used 109248K [0x00000007a0000000, 0x00000007a8000000, 0x00000007a8000000)
  eden space 87424K, 100% used [0x00000007a0000000, 0x00000007a5560000, 0x00000007a5560000)
  from space 21824K, 100% used [0x00000007a6ab0000, 0x00000007a8000000, 0x00000007a8000000)
  to   space 21824K,   0% used [0x00000007a5560000, 0x00000007a5560000, 0x00000007a6ab0000)
 concurrent mark-sweep generation total 393216K, used 199593K [0x00000007a8000000, 0x00000007c0000000, 0x00000007c0000000)
 Metaspace       used 41277K, capacity 42110K, committed 42356K, reserved 1087488K
  class space    used 4701K, capacity 4916K, committed 4988K, reserved 1048576K
2016-10-23T22:35:34.764+0800: 2153.793: [GC (Allocation Failure) 2016-10-23T22:35:34.764+0800: 2153.793: [ParNew
Desired survivor size 20112992 bytes, new threshold 8 (max 8)
- age   1:    2445216 bytes,    2445216 total
- age   2:    1953400 bytes,    4398616 total
- age   3:    1490824 bytes,    5889440 total
- age   4:    1771464 bytes,    7660904 total
- age   5:    1459368 bytes,    9120272 total
- age   6:     597560 bytes,    9717832 total
- age   7:    3565280 bytes,   13283112 total
- age   8:    2099384 bytes,   15382496 total
: 109248K->21824K(109248K), 0.0067131 secs] 308841K->221417K(502464K), 0.0067669 secs] [Times: user=0.03 sys=0.00, real=0.01 secs] 
Heap after GC invocations=512 (full 10):
 par new generation   total 109248K, used 21824K [0x00000007a0000000, 0x00000007a8000000, 0x00000007a8000000)
  eden space 87424K,   0% used [0x00000007a0000000, 0x00000007a0000000, 0x00000007a5560000)
  from space 21824K, 100% used [0x00000007a5560000, 0x00000007a6ab0000, 0x00000007a6ab0000)
  to   space 21824K,   0% used [0x00000007a6ab0000, 0x00000007a6ab0000, 0x00000007a8000000)
 concurrent mark-sweep generation total 393216K, used 199593K [0x00000007a8000000, 0x00000007c0000000, 0x00000007c0000000)
 Metaspace       used 41277K, capacity 42110K, committed 42356K, reserved 1087488K
  class space    used 4701K, capacity 4916K, committed 4988K, reserved 1048576K
}
2016-10-23T22:35:34.771+0800: 2153.800: Total time for which application threads were stopped: 0.0069572 seconds, Stopping threads took: 0.0000228 seconds
{Heap before GC invocations=512 (full 10):
 par new generation   total 109248K, used 109248K [0x00000007a0000000, 0x00000007a8000000, 0x00000007a8000000)
  eden space 87424K, 100% used [0x00000007a0000000, 0x00000007a5560000, 0x00000007a5560000)
  from space 21824K, 100% used [0x00000007a5560000, 0x00000007a6ab0000, 0x00000007a6ab0000)
  to   space 21824K,   0% used [0x00000007a6ab0000, 0x00000007a6ab0000, 0x00000007a8000000)
 concurrent mark-sweep generation total 393216K, used 199593K [0x00000007a8000000, 0x00000007c0000000, 0x00000007c0000000)
 Metaspace       used 41277K, capacity 42110K, committed 42356K, reserved 1087488K
  class space    used 4701K, capacity 4916K, committed 4988K, reserved 1048576K
2016-10-23T22:35:34.982+0800: 2154.011: [GC (Allocation Failure) 2016-10-23T22:35:34.983+0800: 2154.011: [ParNew
Desired survivor size 20112992 bytes, new threshold 8 (max 8)
- age   1:    4995824 bytes,    4995824 total
- age   2:    1995432 bytes,    6991256 total
- age   3:    1953400 bytes,    8944656 total
- age   4:    1490824 bytes,   10435480 total
- age   5:    1771464 bytes,   12206944 total
- age   6:    1459368 bytes,   13666312 total
- age   7:     597560 bytes,   14263872 total
- age   8:    3565280 bytes,   17829152 total
: 109248K->21824K(109248K), 0.0089247 secs] 308841K->223468K(502464K), 0.0089908 secs] [Times: user=0.04 sys=0.01, real=0.01 secs] 
Heap after GC invocations=513 (full 10):
 par new generation   total 109248K, used 21824K [0x00000007a0000000, 0x00000007a8000000, 0x00000007a8000000)
  eden space 87424K,   0% used [0x00000007a0000000, 0x00000007a0000000, 0x00000007a5560000)
  from space 21824K, 100% used [0x00000007a6ab0000, 0x00000007a8000000, 0x00000007a8000000)
  to   space 21824K,   0% used [0x00000007a5560000, 0x00000007a5560000, 0x00000007a6ab0000)
 concurrent mark-sweep generation total 393216K, used 201644K [0x00000007a8000000, 0x00000007c0000000, 0x00000007c0000000)
 Metaspace       used 41277K, capacity 42110K, committed 42356K, reserved 1087488K
  class space    used 4701K, capacity 4916K, committed 4988K, reserved 1048576K
}
2016-10-23T22:35:34.992+0800: 2154.021: Total time for which application threads were stopped: 0.0091863 seconds, Stopping threads took: 0.0000335 seconds
2016-10-23T22:35:34.992+0800: 2154.021: [CMS-concurrent-abortable-preclean: 0.100/0.381 secs] [Times: user=0.82 sys=0.02, real=0.38 secs] 
2016-10-23T22:35:34.992+0800: 2154.021: [GC (CMS Final Remark) [YG occupancy: 23525 K (109248 K)]{Heap before GC invocations=513 (full 10):
 par new generation   total 109248K, used 23525K [0x00000007a0000000, 0x00000007a8000000, 0x00000007a8000000)
  eden space 87424K,   1% used [0x00000007a0000000, 0x00000007a01a9510, 0x00000007a5560000)
  from space 21824K, 100% used [0x00000007a6ab0000, 0x00000007a8000000, 0x00000007a8000000)
  to   space 21824K,   0% used [0x00000007a5560000, 0x00000007a5560000, 0x00000007a6ab0000)
 concurrent mark-sweep generation total 393216K, used 201644K [0x00000007a8000000, 0x00000007c0000000, 0x00000007c0000000)
 Metaspace       used 41277K, capacity 42110K, committed 42356K, reserved 1087488K
  class space    used 4701K, capacity 4916K, committed 4988K, reserved 1048576K
2016-10-23T22:35:34.992+0800: 2154.021: [GC (CMS Final Remark) 2016-10-23T22:35:34.992+0800: 2154.021: [ParNew
Desired survivor size 20112992 bytes, new threshold 8 (max 8)
- age   1:       5040 bytes,       5040 total
- age   2:    4978616 bytes,    4983656 total
- age   3:    1993752 bytes,    6977408 total
- age   4:    1953400 bytes,    8930808 total
- age   5:    1490824 bytes,   10421632 total
- age   6:    1771464 bytes,   12193096 total
- age   7:    1459368 bytes,   13652464 total
- age   8:     597560 bytes,   14250024 total
: 23525K->19479K(109248K), 0.0073760 secs] 225169K->224609K(502464K), 0.0074205 secs] [Times: user=0.03 sys=0.00, real=0.00 secs] 
Heap after GC invocations=514 (full 10):
 par new generation   total 109248K, used 19479K [0x00000007a0000000, 0x00000007a8000000, 0x00000007a8000000)
  eden space 87424K,   0% used [0x00000007a0000000, 0x00000007a0000000, 0x00000007a5560000)
  from space 21824K,  89% used [0x00000007a5560000, 0x00000007a6865d58, 0x00000007a6ab0000)
  to   space 21824K,   0% used [0x00000007a6ab0000, 0x00000007a6ab0000, 0x00000007a8000000)
 concurrent mark-sweep generation total 393216K, used 205130K [0x00000007a8000000, 0x00000007c0000000, 0x00000007c0000000)
 Metaspace       used 41277K, capacity 42110K, committed 42356K, reserved 1087488K
  class space    used 4701K, capacity 4916K, committed 4988K, reserved 1048576K
}
2016-10-23T22:35:34.999+0800: 2154.028: [Rescan (parallel) , 0.0028175 secs]2016-10-23T22:35:35.002+0800: 2154.031: [weak refs processing, 0.0007961 secs]2016-10-23T22:35:35.003+0800: 2154.032: [class unloading, 0.0096268 secs]2016-10-23T22:35:35.013+0800: 2154.042: [scrub symbol table, 0.0048342 secs]2016-10-23T22:35:35.017+0800: 2154.046: [scrub string table, 0.0004789 secs][1 CMS-remark: 205130K(393216K)] 224609K(502464K), 0.0262856 secs] [Times: user=0.07 sys=0.00, real=0.02 secs] 
2016-10-23T22:35:35.018+0800: 2154.047: Total time for which application threads were stopped: 0.0264829 seconds, Stopping threads took: 0.0000726 seconds
2016-10-23T22:35:35.018+0800: 2154.047: [CMS-concurrent-sweep-start]
2016-10-23T22:35:35.100+0800: 2154.129: [CMS-concurrent-sweep: 0.081/0.081 secs] [Times: user=0.20 sys=0.00, real=0.09 secs] 
2016-10-23T22:35:35.100+0800: 2154.129: [CMS-concurrent-reset-start]
2016-10-23T22:35:35.100+0800: 2154.129: [CMS-concurrent-reset: 0.000/0.000 secs] [Times: user=0.00 sys=0.00, real=0.00 secs] 
{Heap before GC invocations=514 (full 10):
 par new generation   total 109248K, used 106903K [0x00000007a0000000, 0x00000007a8000000, 0x00000007a8000000)
  eden space 87424K, 100% used [0x00000007a0000000, 0x00000007a5560000, 0x00000007a5560000)
  from space 21824K,  89% used [0x00000007a5560000, 0x00000007a6865d58, 0x00000007a6ab0000)
  to   space 21824K,   0% used [0x00000007a6ab0000, 0x00000007a6ab0000, 0x00000007a8000000)
 concurrent mark-sweep generation total 393216K, used 41026K [0x00000007a8000000, 0x00000007c0000000, 0x00000007c0000000)
 Metaspace       used 41277K, capacity 42110K, committed 42356K, reserved 1087488K
  class space    used 4701K, capacity 4916K, committed 4988K, reserved 1048576K
2016-10-23T22:35:35.238+0800: 2154.267: [GC (Allocation Failure) 2016-10-23T22:35:35.238+0800: 2154.267: [ParNew
Desired survivor size 20112992 bytes, new threshold 8 (max 8)
- age   1:    6004584 bytes,    6004584 total
- age   2:        160 bytes,    6004744 total
- age   3:    3582688 bytes,    9587432 total
- age   4:    1994336 bytes,   11581768 total
- age   5:    1829944 bytes,   13411712 total
- age   6:    1367592 bytes,   14779304 total
- age   7:    1653400 bytes,   16432704 total
- age   8:    1393424 bytes,   17826128 total
: 106903K->20502K(109248K), 0.0078986 secs] 147929K->62085K(502464K), 0.0079682 secs] [Times: user=0.02 sys=0.00, real=0.01 secs] 
Heap after GC invocations=515 (full 10):
 par new generation   total 109248K, used 20502K [0x00000007a0000000, 0x00000007a8000000, 0x00000007a8000000)
  eden space 87424K,   0% used [0x00000007a0000000, 0x00000007a0000000, 0x00000007a5560000)
  from space 21824K,  93% used [0x00000007a6ab0000, 0x00000007a7eb5ba8, 0x00000007a8000000)
  to   space 21824K,   0% used [0x00000007a5560000, 0x00000007a5560000, 0x00000007a6ab0000)
 concurrent mark-sweep generation total 393216K, used 41582K [0x00000007a8000000, 0x00000007c0000000, 0x00000007c0000000)
 Metaspace       used 41277K, capacity 42110K, committed 42356K, reserved 1087488K
  class space    used 4701K, capacity 4916K, committed 4988K, reserved 1048576K
}
2016-10-23T22:35:35.246+0800: 2154.275: Total time for which application threads were stopped: 0.0081585 seconds, Stopping threads took: 0.0000304 seconds
{Heap before GC invocations=515 (full 10):
 par new generation   total 109248K, used 107926K [0x00000007a0000000, 0x00000007a8000000, 0x00000007a8000000)
  eden space 87424K, 100% used [0x00000007a0000000, 0x00000007a5560000, 0x00000007a5560000)
  from space 21824K,  93% used [0x00000007a6ab0000, 0x00000007a7eb5ba8, 0x00000007a8000000)
  to   space 21824K,   0% used [0x00000007a5560000, 0x00000007a5560000, 0x00000007a6ab0000)
 concurrent mark-sweep generation total 393216K, used 41582K [0x00000007a8000000, 0x00000007c0000000, 0x00000007c0000000)
 Metaspace       used 41277K, capacity 42110K, committed 42356K, reserved 1087488K
  class space    used 4701K, capacity 4916K, committed 4988K, reserved 1048576K
2016-10-23T22:35:35.500+0800: 2154.529: [GC (Allocation Failure) 2016-10-23T22:35:35.500+0800: 2154.529: [ParNew
Desired survivor size 20112992 bytes, new threshold 8 (max 8)
- age   1:    4654520 bytes,    4654520 total
- age   2:    3669328 bytes,    8323848 total
- age   3:        136 bytes,    8323984 total
- age   4:    2798168 bytes,   11122152 total
- age   5:    1638752 bytes,   12760904 total
- age   6:    1829592 bytes,   14590496 total
- age   7:    1367592 bytes,   15958088 total
- age   8:    1653400 bytes,   17611488 total
: 107926K->21824K(109248K), 0.0087620 secs] 149509K->66096K(502464K), 0.0088175 secs] [Times: user=0.03 sys=0.00, real=0.00 secs] 
Heap after GC invocations=516 (full 10):
 par new generation   total 109248K, used 21824K [0x00000007a0000000, 0x00000007a8000000, 0x00000007a8000000)
  eden space 87424K,   0% used [0x00000007a0000000, 0x00000007a0000000, 0x00000007a5560000)
  from space 21824K, 100% used [0x00000007a5560000, 0x00000007a6ab0000, 0x00000007a6ab0000)
  to   space 21824K,   0% used [0x00000007a6ab0000, 0x00000007a6ab0000, 0x00000007a8000000)
 concurrent mark-sweep generation total 393216K, used 44272K [0x00000007a8000000, 0x00000007c0000000, 0x00000007c0000000)
 Metaspace       used 41277K, capacity 42110K, committed 42356K, reserved 1087488K
  class space    used 4701K, capacity 4916K, committed 4988K, reserved 1048576K
}
2016-10-23T22:35:35.509+0800: 2154.538: Total time for which application threads were stopped: 0.0090136 seconds, Stopping threads took: 0.0000228 seconds
{Heap before GC invocations=516 (full 10):
 par new generation   total 109248K, used 109248K [0x00000007a0000000, 0x00000007a8000000, 0x00000007a8000000)
  eden space 87424K, 100% used [0x00000007a0000000, 0x00000007a5560000, 0x00000007a5560000)
  from space 21824K, 100% used [0x00000007a5560000, 0x00000007a6ab0000, 0x00000007a6ab0000)
  to   space 21824K,   0% used [0x00000007a6ab0000, 0x00000007a6ab0000, 0x00000007a8000000)
 concurrent mark-sweep generation total 393216K, used 44272K [0x00000007a8000000, 0x00000007c0000000, 0x00000007c0000000)
 Metaspace       used 41279K, capacity 42114K, committed 42356K, reserved 1087488K
  class space    used 4701K, capacity 4916K, committed 4988K, reserved 1048576K
2016-10-23T22:35:35.692+0800: 2154.721: [GC (Allocation Failure) 2016-10-23T22:35:35.692+0800: 2154.721: [ParNew
Desired survivor size 20112992 bytes, new threshold 8 (max 8)
- age   1:    2068448 bytes,    2068448 total
- age   2:    2947704 bytes,    5016152 total
- age   3:    1961112 bytes,    6977264 total
- age   5:    1207928 bytes,    8185192 total
- age   6:     842176 bytes,    9027368 total
- age   7:    1829176 bytes,   10856544 total
- age   8:    1367592 bytes,   12224136 total
: 109248K->16725K(109248K), 0.0049283 secs] 153520K->62615K(502464K), 0.0049811 secs] [Times: user=0.02 sys=0.00, real=0.00 secs] 
Heap after GC invocations=517 (full 10):
 par new generation   total 109248K, used 16725K [0x00000007a0000000, 0x00000007a8000000, 0x00000007a8000000)
  eden space 87424K,   0% used [0x00000007a0000000, 0x00000007a0000000, 0x00000007a5560000)
  from space 21824K,  76% used [0x00000007a6ab0000, 0x00000007a7b05680, 0x00000007a8000000)
  to   space 21824K,   0% used [0x00000007a5560000, 0x00000007a5560000, 0x00000007a6ab0000)
 concurrent mark-sweep generation total 393216K, used 45889K [0x00000007a8000000, 0x00000007c0000000, 0x00000007c0000000)
 Metaspace       used 41279K, capacity 42114K, committed 42356K, reserved 1087488K
  class space    used 4701K, capacity 4916K, committed 4988K, reserved 1048576K
}
2016-10-23T22:35:35.697+0800: 2154.726: Total time for which application threads were stopped: 0.0052160 seconds, Stopping threads took: 0.0000290 seconds
{Heap before GC invocations=517 (full 10):
 par new generation   total 109248K, used 104149K [0x00000007a0000000, 0x00000007a8000000, 0x00000007a8000000)
  eden space 87424K, 100% used [0x00000007a0000000, 0x00000007a5560000, 0x00000007a5560000)
  from space 21824K,  76% used [0x00000007a6ab0000, 0x00000007a7b05680, 0x00000007a8000000)
  to   space 21824K,   0% used [0x00000007a5560000, 0x00000007a5560000, 0x00000007a6ab0000)
 concurrent mark-sweep generation total 393216K, used 45889K [0x00000007a8000000, 0x00000007c0000000, 0x00000007c0000000)
 Metaspace       used 41279K, capacity 42114K, committed 42356K, reserved 1087488K
  class space    used 4701K, capacity 4916K, committed 4988K, reserved 1048576K
2016-10-23T22:35:35.903+0800: 2154.932: [GC (Allocation Failure) 2016-10-23T22:35:35.903+0800: 2154.932: [ParNew
Desired survivor size 20112992 bytes, new threshold 8 (max 8)
- age   1:    5009104 bytes,    5009104 total
- age   2:    1704592 bytes,    6713696 total
- age   3:    2947704 bytes,    9661400 total
- age   4:    1961112 bytes,   11622512 total
- age   6:    1207928 bytes,   12830440 total
- age   7:     841192 bytes,   13671632 total
- age   8:    1829176 bytes,   15500808 total
: 104149K->19473K(109248K), 0.0069353 secs] 150039K->66700K(502464K), 0.0069794 secs] [Times: user=0.02 sys=0.00, real=0.01 secs] 
Heap after GC invocations=518 (full 10):
 par new generation   total 109248K, used 19473K [0x00000007a0000000, 0x00000007a8000000, 0x00000007a8000000)
  eden space 87424K,   0% used [0x00000007a0000000, 0x00000007a0000000, 0x00000007a5560000)
  from space 21824K,  89% used [0x00000007a5560000, 0x00000007a6864430, 0x00000007a6ab0000)
  to   space 21824K,   0% used [0x00000007a6ab0000, 0x00000007a6ab0000, 0x00000007a8000000)
 concurrent mark-sweep generation total 393216K, used 47227K [0x00000007a8000000, 0x00000007c0000000, 0x00000007c0000000)
 Metaspace       used 41279K, capacity 42114K, committed 42356K, reserved 1087488K
  class space    used 4701K, capacity 4916K, committed 4988K, reserved 1048576K
}
2016-10-23T22:35:35.910+0800: 2154.939: Total time for which application threads were stopped: 0.0071983 seconds, Stopping threads took: 0.0000309 seconds
{Heap before GC invocations=518 (full 10):
 par new generation   total 109248K, used 106897K [0x00000007a0000000, 0x00000007a8000000, 0x00000007a8000000)
  eden space 87424K, 100% used [0x00000007a0000000, 0x00000007a5560000, 0x00000007a5560000)
  from space 21824K,  89% used [0x00000007a5560000, 0x00000007a6864430, 0x00000007a6ab0000)
  to   space 21824K,   0% used [0x00000007a6ab0000, 0x00000007a6ab0000, 0x00000007a8000000)
 concurrent mark-sweep generation total 393216K, used 47227K [0x00000007a8000000, 0x00000007c0000000, 0x00000007c0000000)
 Metaspace       used 41279K, capacity 42114K, committed 42356K, reserved 1087488K
  class space    used 4701K, capacity 4916K, committed 4988K, reserved 1048576K
2016-10-23T22:35:36.124+0800: 2155.153: [GC (Allocation Failure) 2016-10-23T22:35:36.124+0800: 2155.153: [ParNew
Desired survivor size 20112992 bytes, new threshold 8 (max 8)
- age   1:    5390776 bytes,    5390776 total
- age   2:    3788256 bytes,    9179032 total
- age   3:    1683368 bytes,   10862400 total
- age   4:    2947704 bytes,   13810104 total
- age   5:    1961112 bytes,   15771216 total
- age   7:    1207928 bytes,   16979144 total
- age   8:     841192 bytes,   17820336 total
: 106897K->21824K(109248K), 0.0077650 secs] 154124K->71028K(502464K), 0.0078265 secs] [Times: user=0.03 sys=0.00, real=0.01 secs] 
Heap after GC invocations=519 (full 10):
 par new generation   total 109248K, used 21824K [0x00000007a0000000, 0x00000007a8000000, 0x00000007a8000000)
  eden space 87424K,   0% used [0x00000007a0000000, 0x00000007a0000000, 0x00000007a5560000)
  from space 21824K, 100% used [0x00000007a6ab0000, 0x00000007a8000000, 0x00000007a8000000)
  to   space 21824K,   0% used [0x00000007a5560000, 0x00000007a5560000, 0x00000007a6ab0000)
 concurrent mark-sweep generation total 393216K, used 49204K [0x00000007a8000000, 0x00000007c0000000, 0x00000007c0000000)
 Metaspace       used 41279K, capacity 42114K, committed 42356K, reserved 1087488K
  class space    used 4701K, capacity 4916K, committed 4988K, reserved 1048576K
}
2016-10-23T22:35:36.132+0800: 2155.161: Total time for which application threads were stopped: 0.0080297 seconds, Stopping threads took: 0.0000327 seconds
{Heap before GC invocations=519 (full 10):
 par new generation   total 109248K, used 109248K [0x00000007a0000000, 0x00000007a8000000, 0x00000007a8000000)
  eden space 87424K, 100% used [0x00000007a0000000, 0x00000007a5560000, 0x00000007a5560000)
  from space 21824K, 100% used [0x00000007a6ab0000, 0x00000007a8000000, 0x00000007a8000000)
  to   space 21824K,   0% used [0x00000007a5560000, 0x00000007a5560000, 0x00000007a6ab0000)
 concurrent mark-sweep generation total 393216K, used 49204K [0x00000007a8000000, 0x00000007c0000000, 0x00000007c0000000)
 Metaspace       used 41279K, capacity 42114K, committed 42356K, reserved 1087488K
  class space    used 4701K, capacity 4916K, committed 4988K, reserved 1048576K
2016-10-23T22:35:36.349+0800: 2155.378: [GC (Allocation Failure) 2016-10-23T22:35:36.349+0800: 2155.378: [ParNew
Desired survivor size 20112992 bytes, new threshold 8 (max 8)
- age   1:    5994488 bytes,    5994488 total
- age   2:    3872808 bytes,    9867296 total
- age   3:    3294888 bytes,   13162184 total
- age   4:    1641112 bytes,   14803296 total
- age   5:    2947640 bytes,   17750936 total
- age   6:    1961112 bytes,   19712048 total
- age   8:    1207928 bytes,   20919976 total
: 109248K->21824K(109248K), 0.0082623 secs] 158452K->72283K(502464K), 0.0083416 secs] [Times: user=0.02 sys=0.01, real=0.01 secs] 
Heap after GC invocations=520 (full 10):
 par new generation   total 109248K, used 21824K [0x00000007a0000000, 0x00000007a8000000, 0x00000007a8000000)
  eden space 87424K,   0% used [0x00000007a0000000, 0x00000007a0000000, 0x00000007a5560000)
  from space 21824K, 100% used [0x00000007a5560000, 0x00000007a6ab0000, 0x00000007a6ab0000)
  to   space 21824K,   0% used [0x00000007a6ab0000, 0x00000007a6ab0000, 0x00000007a8000000)
 concurrent mark-sweep generation total 393216K, used 50459K [0x00000007a8000000, 0x00000007c0000000, 0x00000007c0000000)
 Metaspace       used 41279K, capacity 42114K, committed 42356K, reserved 1087488K
  class space    used 4701K, capacity 4916K, committed 4988K, reserved 1048576K
}
2016-10-23T22:35:36.357+0800: 2155.386: Total time for which application threads were stopped: 0.0085304 seconds, Stopping threads took: 0.0000315 seconds
{Heap before GC invocations=520 (full 10):
 par new generation   total 109248K, used 109248K [0x00000007a0000000, 0x00000007a8000000, 0x00000007a8000000)
  eden space 87424K, 100% used [0x00000007a0000000, 0x00000007a5560000, 0x00000007a5560000)
  from space 21824K, 100% used [0x00000007a5560000, 0x00000007a6ab0000, 0x00000007a6ab0000)
  to   space 21824K,   0% used [0x00000007a6ab0000, 0x00000007a6ab0000, 0x00000007a8000000)
 concurrent mark-sweep generation total 393216K, used 50459K [0x00000007a8000000, 0x00000007c0000000, 0x00000007c0000000)
 Metaspace       used 41279K, capacity 42114K, committed 42356K, reserved 1087488K
  class space    used 4701K, capacity 4916K, committed 4988K, reserved 1048576K
2016-10-23T22:35:36.549+0800: 2155.578: [GC (Allocation Failure) 2016-10-23T22:35:36.549+0800: 2155.578: [ParNew
Desired survivor size 20112992 bytes, new threshold 7 (max 8)
- age   1:    5863184 bytes,    5863184 total
- age   2:    3618384 bytes,    9481568 total
- age   3:    2671720 bytes,   12153288 total
- age   4:    2620880 bytes,   14774168 total
- age   5:    1047144 bytes,   15821312 total
- age   6:    2955552 bytes,   18776864 total
- age   7:    1961112 bytes,   20737976 total
: 109248K->21824K(109248K), 0.0098225 secs] 159707K->75253K(502464K), 0.0098799 secs] [Times: user=0.04 sys=0.01, real=0.01 secs] 
Heap after GC invocations=521 (full 10):
 par new generation   total 109248K, used 21824K [0x00000007a0000000, 0x00000007a8000000, 0x00000007a8000000)
  eden space 87424K,   0% used [0x00000007a0000000, 0x00000007a0000000, 0x00000007a5560000)
  from space 21824K, 100% used [0x00000007a6ab0000, 0x00000007a8000000, 0x00000007a8000000)
  to   space 21824K,   0% used [0x00000007a5560000, 0x00000007a5560000, 0x00000007a6ab0000)
 concurrent mark-sweep generation total 393216K, used 53429K [0x00000007a8000000, 0x00000007c0000000, 0x00000007c0000000)
 Metaspace       used 41279K, capacity 42114K, committed 42356K, reserved 1087488K
  class space    used 4701K, capacity 4916K, committed 4988K, reserved 1048576K
}
2016-10-23T22:35:36.559+0800: 2155.588: Total time for which application threads were stopped: 0.0103848 seconds, Stopping threads took: 0.0003291 seconds
{Heap before GC invocations=521 (full 10):
 par new generation   total 109248K, used 109248K [0x00000007a0000000, 0x00000007a8000000, 0x00000007a8000000)
  eden space 87424K, 100% used [0x00000007a0000000, 0x00000007a5560000, 0x00000007a5560000)
  from space 21824K, 100% used [0x00000007a6ab0000, 0x00000007a8000000, 0x00000007a8000000)
  to   space 21824K,   0% used [0x00000007a5560000, 0x00000007a5560000, 0x00000007a6ab0000)
 concurrent mark-sweep generation total 393216K, used 53429K [0x00000007a8000000, 0x00000007c0000000, 0x00000007c0000000)
 Metaspace       used 41279K, capacity 42114K, committed 42356K, reserved 1087488K
  class space    used 4701K, capacity 4916K, committed 4988K, reserved 1048576K
2016-10-23T22:35:36.640+0800: 2155.669: [GC (Allocation Failure) 2016-10-23T22:35:36.640+0800: 2155.669: [ParNew
Desired survivor size 20112992 bytes, new threshold 8 (max 8)
- age   1:    2280936 bytes,    2280936 total
- age   2:    5092648 bytes,    7373584 total
- age   3:    2852728 bytes,   10226312 total
- age   4:    2270088 bytes,   12496400 total
- age   5:    2516152 bytes,   15012552 total
- age   6:    1011000 bytes,   16023552 total
- age   7:    2946176 bytes,   18969728 total
: 109248K->21824K(109248K), 0.0080156 secs] 162677K->78849K(502464K), 0.0080892 secs] [Times: user=0.03 sys=0.00, real=0.00 secs] 
Heap after GC invocations=522 (full 10):
 par new generation   total 109248K, used 21824K [0x00000007a0000000, 0x00000007a8000000, 0x00000007a8000000)
  eden space 87424K,   0% used [0x00000007a0000000, 0x00000007a0000000, 0x00000007a5560000)
  from space 21824K, 100% used [0x00000007a5560000, 0x00000007a6ab0000, 0x00000007a6ab0000)
  to   space 21824K,   0% used [0x00000007a6ab0000, 0x00000007a6ab0000, 0x00000007a8000000)
 concurrent mark-sweep generation total 393216K, used 57025K [0x00000007a8000000, 0x00000007c0000000, 0x00000007c0000000)
 Metaspace       used 41279K, capacity 42114K, committed 42356K, reserved 1087488K
  class space    used 4701K, capacity 4916K, committed 4988K, reserved 1048576K
}
2016-10-23T22:35:36.648+0800: 2155.677: Total time for which application threads were stopped: 0.0083886 seconds, Stopping threads took: 0.0000850 seconds
{Heap before GC invocations=522 (full 10):
 par new generation   total 109248K, used 109248K [0x00000007a0000000, 0x00000007a8000000, 0x00000007a8000000)
  eden space 87424K, 100% used [0x00000007a0000000, 0x00000007a5560000, 0x00000007a5560000)
  from space 21824K, 100% used [0x00000007a5560000, 0x00000007a6ab0000, 0x00000007a6ab0000)
  to   space 21824K,   0% used [0x00000007a6ab0000, 0x00000007a6ab0000, 0x00000007a8000000)
 concurrent mark-sweep generation total 393216K, used 57025K [0x00000007a8000000, 0x00000007c0000000, 0x00000007c0000000)
 Metaspace       used 41279K, capacity 42114K, committed 42356K, reserved 1087488K
  class space    used 4701K, capacity 4916K, committed 4988K, reserved 1048576K
2016-10-23T22:35:36.842+0800: 2155.871: [GC (Allocation Failure) 2016-10-23T22:35:36.842+0800: 2155.871: [ParNew
Desired survivor size 20112992 bytes, new threshold 8 (max 8)
- age   1:    3998368 bytes,    3998368 total
- age   2:    1339424 bytes,    5337792 total
- age   3:    3923672 bytes,    9261464 total
- age   4:    1585504 bytes,   10846968 total
- age   5:    1051000 bytes,   11897968 total
- age   6:    1304160 bytes,   13202128 total
- age   7:     524504 bytes,   13726632 total
- age   8:    3048376 bytes,   16775008 total
: 109248K->21824K(109248K), 0.0070946 secs] 166273K->80132K(502464K), 0.0071632 secs] [Times: user=0.03 sys=0.00, real=0.00 secs] 
Heap after GC invocations=523 (full 10):
 par new generation   total 109248K, used 21824K [0x00000007a0000000, 0x00000007a8000000, 0x00000007a8000000)
  eden space 87424K,   0% used [0x00000007a0000000, 0x00000007a0000000, 0x00000007a5560000)
  from space 21824K, 100% used [0x00000007a6ab0000, 0x00000007a8000000, 0x00000007a8000000)
  to   space 21824K,   0% used [0x00000007a5560000, 0x00000007a5560000, 0x00000007a6ab0000)
 concurrent mark-sweep generation total 393216K, used 58308K [0x00000007a8000000, 0x00000007c0000000, 0x00000007c0000000)
 Metaspace       used 41279K, capacity 42114K, committed 42356K, reserved 1087488K
  class space    used 4701K, capacity 4916K, committed 4988K, reserved 1048576K
}
2016-10-23T22:35:36.849+0800: 2155.878: Total time for which application threads were stopped: 0.0073619 seconds, Stopping threads took: 0.0000335 seconds
{Heap before GC invocations=523 (full 10):
 par new generation   total 109248K, used 109248K [0x00000007a0000000, 0x00000007a8000000, 0x00000007a8000000)
  eden space 87424K, 100% used [0x00000007a0000000, 0x00000007a5560000, 0x00000007a5560000)
  from space 21824K, 100% used [0x00000007a6ab0000, 0x00000007a8000000, 0x00000007a8000000)
  to   space 21824K,   0% used [0x00000007a5560000, 0x00000007a5560000, 0x00000007a6ab0000)
 concurrent mark-sweep generation total 393216K, used 58308K [0x00000007a8000000, 0x00000007c0000000, 0x00000007c0000000)
 Metaspace       used 41279K, capacity 42114K, committed 42356K, reserved 1087488K
  class space    used 4701K, capacity 4916K, committed 4988K, reserved 1048576K
2016-10-23T22:35:37.066+0800: 2156.095: [GC (Allocation Failure) 2016-10-23T22:35:37.066+0800: 2156.095: [ParNew
Desired survivor size 20112992 bytes, new threshold 8 (max 8)
- age   1:    6134696 bytes,    6134696 total
- age   2:    2758496 bytes,    8893192 total
- age   3:    1220664 bytes,   10113856 total
- age   4:    3840928 bytes,   13954784 total
- age   5:    1585504 bytes,   15540288 total
- age   6:    1051000 bytes,   16591288 total
- age   7:    1304160 bytes,   17895448 total
- age   8:     523688 bytes,   18419136 total
: 109248K->21824K(109248K), 0.0088620 secs] 167556K->83612K(502464K), 0.0089207 secs] [Times: user=0.04 sys=0.01, real=0.01 secs] 
Heap after GC invocations=524 (full 10):
 par new generation   total 109248K, used 21824K [0x00000007a0000000, 0x00000007a8000000, 0x00000007a8000000)
  eden space 87424K,   0% used [0x00000007a0000000, 0x00000007a0000000, 0x00000007a5560000)
  from space 21824K, 100% used [0x00000007a5560000, 0x00000007a6ab0000, 0x00000007a6ab0000)
  to   space 21824K,   0% used [0x00000007a6ab0000, 0x00000007a6ab0000, 0x00000007a8000000)
 concurrent mark-sweep generation total 393216K, used 61788K [0x00000007a8000000, 0x00000007c0000000, 0x00000007c0000000)
 Metaspace       used 41279K, capacity 42114K, committed 42356K, reserved 1087488K
  class space    used 4701K, capacity 4916K, committed 4988K, reserved 1048576K
}
2016-10-23T22:35:37.075+0800: 2156.104: Total time for which application threads were stopped: 0.0091131 seconds, Stopping threads took: 0.0000307 seconds
{Heap before GC invocations=524 (full 10):
 par new generation   total 109248K, used 109248K [0x00000007a0000000, 0x00000007a8000000, 0x00000007a8000000)
  eden space 87424K, 100% used [0x00000007a0000000, 0x00000007a5560000, 0x00000007a5560000)
  from space 21824K, 100% used [0x00000007a5560000, 0x00000007a6ab0000, 0x00000007a6ab0000)
  to   space 21824K,   0% used [0x00000007a6ab0000, 0x00000007a6ab0000, 0x00000007a8000000)
 concurrent mark-sweep generation total 393216K, used 61788K [0x00000007a8000000, 0x00000007c0000000, 0x00000007c0000000)
 Metaspace       used 41279K, capacity 42114K, committed 42356K, reserved 1087488K
  class space    used 4701K, capacity 4916K, committed 4988K, reserved 1048576K
2016-10-23T22:35:37.294+0800: 2156.323: [GC (Allocation Failure) 2016-10-23T22:35:37.294+0800: 2156.323: [ParNew
Desired survivor size 20112992 bytes, new threshold 8 (max 8)
- age   1:    6025912 bytes,    6025912 total
- age   2:    3753872 bytes,    9779784 total
- age   3:    2557448 bytes,   12337232 total
- age   4:    1129816 bytes,   13467048 total
- age   5:    3765376 bytes,   17232424 total
- age   6:    1549032 bytes,   18781456 total
- age   7:     707848 bytes,   19489304 total
- age   8:    1187296 bytes,   20676600 total
: 109248K->21824K(109248K), 0.0101514 secs] 171036K->85859K(502464K), 0.0102145 secs] [Times: user=0.04 sys=0.00, real=0.01 secs] 
Heap after GC invocations=525 (full 10):
 par new generation   total 109248K, used 21824K [0x00000007a0000000, 0x00000007a8000000, 0x00000007a8000000)
  eden space 87424K,   0% used [0x00000007a0000000, 0x00000007a0000000, 0x00000007a5560000)
  from space 21824K, 100% used [0x00000007a6ab0000, 0x00000007a8000000, 0x00000007a8000000)
  to   space 21824K,   0% used [0x00000007a5560000, 0x00000007a5560000, 0x00000007a6ab0000)
 concurrent mark-sweep generation total 393216K, used 64035K [0x00000007a8000000, 0x00000007c0000000, 0x00000007c0000000)
 Metaspace       used 41279K, capacity 42114K, committed 42356K, reserved 1087488K
  class space    used 4701K, capacity 4916K, committed 4988K, reserved 1048576K
}
2016-10-23T22:35:37.304+0800: 2156.333: Total time for which application threads were stopped: 0.0104528 seconds, Stopping threads took: 0.0000447 seconds
{Heap before GC invocations=525 (full 10):
 par new generation   total 109248K, used 109248K [0x00000007a0000000, 0x00000007a8000000, 0x00000007a8000000)
  eden space 87424K, 100% used [0x00000007a0000000, 0x00000007a5560000, 0x00000007a5560000)
  from space 21824K, 100% used [0x00000007a6ab0000, 0x00000007a8000000, 0x00000007a8000000)
  to   space 21824K,   0% used [0x00000007a5560000, 0x00000007a5560000, 0x00000007a6ab0000)
 concurrent mark-sweep generation total 393216K, used 64035K [0x00000007a8000000, 0x00000007c0000000, 0x00000007c0000000)
 Metaspace       used 41279K, capacity 42114K, committed 42356K, reserved 1087488K
  class space    used 4701K, capacity 4916K, committed 4988K, reserved 1048576K
2016-10-23T22:35:37.609+0800: 2156.638: [GC (Allocation Failure) 2016-10-23T22:35:37.609+0800: 2156.638: [ParNew
Desired survivor size 20112992 bytes, new threshold 8 (max 8)
- age   1:    4602496 bytes,    4602496 total
- age   2:    2471512 bytes,    7074008 total
- age   3:    3094480 bytes,   10168488 total
- age   4:    2077648 bytes,   12246136 total
- age   5:     913648 bytes,   13159784 total
- age   6:    3444584 bytes,   16604368 total
- age   7:    1549032 bytes,   18153400 total
- age   8:     707848 bytes,   18861248 total
: 109248K->21824K(109248K), 0.0094336 secs] 173283K->89442K(502464K), 0.0095158 secs] [Times: user=0.03 sys=0.00, real=0.01 secs] 
Heap after GC invocations=526 (full 10):
 par new generation   total 109248K, used 21824K [0x00000007a0000000, 0x00000007a8000000, 0x00000007a8000000)
  eden space 87424K,   0% used [0x00000007a0000000, 0x00000007a0000000, 0x00000007a5560000)
  from space 21824K, 100% used [0x00000007a5560000, 0x00000007a6ab0000, 0x00000007a6ab0000)
  to   space 21824K,   0% used [0x00000007a6ab0000, 0x00000007a6ab0000, 0x00000007a8000000)
 concurrent mark-sweep generation total 393216K, used 67618K [0x00000007a8000000, 0x00000007c0000000, 0x00000007c0000000)
 Metaspace       used 41279K, capacity 42114K, committed 42356K, reserved 1087488K
  class space    used 4701K, capacity 4916K, committed 4988K, reserved 1048576K
}
2016-10-23T22:35:37.618+0800: 2156.647: Total time for which application threads were stopped: 0.0097243 seconds, Stopping threads took: 0.0000353 seconds
{Heap before GC invocations=526 (full 10):
 par new generation   total 109248K, used 109248K [0x00000007a0000000, 0x00000007a8000000, 0x00000007a8000000)
  eden space 87424K, 100% used [0x00000007a0000000, 0x00000007a5560000, 0x00000007a5560000)
  from space 21824K, 100% used [0x00000007a5560000, 0x00000007a6ab0000, 0x00000007a6ab0000)
  to   space 21824K,   0% used [0x00000007a6ab0000, 0x00000007a6ab0000, 0x00000007a8000000)
 concurrent mark-sweep generation total 393216K, used 67618K [0x00000007a8000000, 0x00000007c0000000, 0x00000007c0000000)
 Metaspace       used 41279K, capacity 42114K, committed 42356K, reserved 1087488K
  class space    used 4701K, capacity 4916K, committed 4988K, reserved 1048576K
2016-10-23T22:35:37.764+0800: 2156.793: [GC (Allocation Failure) 2016-10-23T22:35:37.764+0800: 2156.793: [ParNew
Desired survivor size 20112992 bytes, new threshold 8 (max 8)
- age   1:    1711360 bytes,    1711360 total
- age   2:    3835632 bytes,    5546992 total
- age   3:    1932952 bytes,    7479944 total
- age   4:    2651504 bytes,   10131448 total
- age   5:    1589480 bytes,   11720928 total
- age   6:     770816 bytes,   12491744 total
- age   7:    3305952 bytes,   15797696 total
- age   8:    1549032 bytes,   17346728 total
: 109248K->21824K(109248K), 0.0066427 secs] 176866K->90134K(502464K), 0.0067134 secs] [Times: user=0.02 sys=0.00, real=0.01 secs] 
Heap after GC invocations=527 (full 10):
 par new generation   total 109248K, used 21824K [0x00000007a0000000, 0x00000007a8000000, 0x00000007a8000000)
  eden space 87424K,   0% used [0x00000007a0000000, 0x00000007a0000000, 0x00000007a5560000)
  from space 21824K, 100% used [0x00000007a6ab0000, 0x00000007a8000000, 0x00000007a8000000)
  to   space 21824K,   0% used [0x00000007a5560000, 0x00000007a5560000, 0x00000007a6ab0000)
 concurrent mark-sweep generation total 393216K, used 68310K [0x00000007a8000000, 0x00000007c0000000, 0x00000007c0000000)
 Metaspace       used 41279K, capacity 42114K, committed 42356K, reserved 1087488K
  class space    used 4701K, capacity 4916K, committed 4988K, reserved 1048576K
}
2016-10-23T22:35:37.771+0800: 2156.800: Total time for which application threads were stopped: 0.0069086 seconds, Stopping threads took: 0.0000314 seconds
{Heap before GC invocations=527 (full 10):
 par new generation   total 109248K, used 109248K [0x00000007a0000000, 0x00000007a8000000, 0x00000007a8000000)
  eden space 87424K, 100% used [0x00000007a0000000, 0x00000007a5560000, 0x00000007a5560000)
  from space 21824K, 100% used [0x00000007a6ab0000, 0x00000007a8000000, 0x00000007a8000000)
  to   space 21824K,   0% used [0x00000007a5560000, 0x00000007a5560000, 0x00000007a6ab0000)
 concurrent mark-sweep generation total 393216K, used 68310K [0x00000007a8000000, 0x00000007c0000000, 0x00000007c0000000)
 Metaspace       used 41279K, capacity 42114K, committed 42356K, reserved 1087488K
  class space    used 4701K, capacity 4916K, committed 4988K, reserved 1048576K
2016-10-23T22:35:37.987+0800: 2157.016: [GC (Allocation Failure) 2016-10-23T22:35:37.987+0800: 2157.016: [ParNew
Desired survivor size 20112992 bytes, new threshold 8 (max 8)
- age   1:    3504336 bytes,    3504336 total
- age   2:    1120800 bytes,    4625136 total
- age   3:    3539536 bytes,    8164672 total
- age   4:    1932952 bytes,   10097624 total
- age   5:    2323664 bytes,   12421288 total
- age   6:    1588664 bytes,   14009952 total
- age   7:     770816 bytes,   14780768 total
- age   8:    3305952 bytes,   18086720 total
: 109248K->21824K(109248K), 0.0083086 secs] 177558K->93910K(502464K), 0.0083563 secs] [Times: user=0.02 sys=0.00, real=0.01 secs] 
Heap after GC invocations=528 (full 10):
 par new generation   total 109248K, used 21824K [0x00000007a0000000, 0x00000007a8000000, 0x00000007a8000000)
  eden space 87424K,   0% used [0x00000007a0000000, 0x00000007a0000000, 0x00000007a5560000)
  from space 21824K, 100% used [0x00000007a5560000, 0x00000007a6ab0000, 0x00000007a6ab0000)
  to   space 21824K,   0% used [0x00000007a6ab0000, 0x00000007a6ab0000, 0x00000007a8000000)
 concurrent mark-sweep generation total 393216K, used 72086K [0x00000007a8000000, 0x00000007c0000000, 0x00000007c0000000)
 Metaspace       used 41279K, capacity 42114K, committed 42356K, reserved 1087488K
  class space    used 4701K, capacity 4916K, committed 4988K, reserved 1048576K
}
2016-10-23T22:35:37.995+0800: 2157.024: Total time for which application threads were stopped: 0.0085384 seconds, Stopping threads took: 0.0000423 seconds
{Heap before GC invocations=528 (full 10):
 par new generation   total 109248K, used 109248K [0x00000007a0000000, 0x00000007a8000000, 0x00000007a8000000)
  eden space 87424K, 100% used [0x00000007a0000000, 0x00000007a5560000, 0x00000007a5560000)
  from space 21824K, 100% used [0x00000007a5560000, 0x00000007a6ab0000, 0x00000007a6ab0000)
  to   space 21824K,   0% used [0x00000007a6ab0000, 0x00000007a6ab0000, 0x00000007a8000000)
 concurrent mark-sweep generation total 393216K, used 72086K [0x00000007a8000000, 0x00000007c0000000, 0x00000007c0000000)
 Metaspace       used 41279K, capacity 42114K, committed 42356K, reserved 1087488K
  class space    used 4701K, capacity 4916K, committed 4988K, reserved 1048576K
2016-10-23T22:35:38.213+0800: 2157.243: [GC (Allocation Failure) 2016-10-23T22:35:38.213+0800: 2157.243: [ParNew
Desired survivor size 20112992 bytes, new threshold 8 (max 8)
- age   1:    4973440 bytes,    4973440 total
- age   2:    2872872 bytes,    7846312 total
- age   3:    1056432 bytes,    8902744 total
- age   4:    3539416 bytes,   12442160 total
- age   5:    1932952 bytes,   14375112 total
- age   6:    1995824 bytes,   16370936 total
- age   7:    1424744 bytes,   17795680 total
- age   8:     770816 bytes,   18566496 total
: 109248K->21824K(109248K), 0.0104032 secs] 181334K->98298K(502464K), 0.0104706 secs] [Times: user=0.04 sys=0.00, real=0.01 secs] 
Heap after GC invocations=529 (full 10):
 par new generation   total 109248K, used 21824K [0x00000007a0000000, 0x00000007a8000000, 0x00000007a8000000)
  eden space 87424K,   0% used [0x00000007a0000000, 0x00000007a0000000, 0x00000007a5560000)
  from space 21824K, 100% used [0x00000007a6ab0000, 0x00000007a8000000, 0x00000007a8000000)
  to   space 21824K,   0% used [0x00000007a5560000, 0x00000007a5560000, 0x00000007a6ab0000)
 concurrent mark-sweep generation total 393216K, used 76474K [0x00000007a8000000, 0x00000007c0000000, 0x00000007c0000000)
 Metaspace       used 41279K, capacity 42114K, committed 42356K, reserved 1087488K
  class space    used 4701K, capacity 4916K, committed 4988K, reserved 1048576K
}
2016-10-23T22:35:38.224+0800: 2157.253: Total time for which application threads were stopped: 0.0107470 seconds, Stopping threads took: 0.0000804 seconds
{Heap before GC invocations=529 (full 10):
 par new generation   total 109248K, used 109248K [0x00000007a0000000, 0x00000007a8000000, 0x00000007a8000000)
  eden space 87424K, 100% used [0x00000007a0000000, 0x00000007a5560000, 0x00000007a5560000)
  from space 21824K, 100% used [0x00000007a6ab0000, 0x00000007a8000000, 0x00000007a8000000)
  to   space 21824K,   0% used [0x00000007a5560000, 0x00000007a5560000, 0x00000007a6ab0000)
 concurrent mark-sweep generation total 393216K, used 76474K [0x00000007a8000000, 0x00000007c0000000, 0x00000007c0000000)
 Metaspace       used 41279K, capacity 42114K, committed 42356K, reserved 1087488K
  class space    used 4701K, capacity 4916K, committed 4988K, reserved 1048576K
2016-10-23T22:35:38.449+0800: 2157.479: [GC (Allocation Failure) 2016-10-23T22:35:38.449+0800: 2157.479: [ParNew
Desired survivor size 20112992 bytes, new threshold 8 (max 8)
- age   1:    4361536 bytes,    4361536 total
- age   2:    2544312 bytes,    6905848 total
- age   3:    2537024 bytes,    9442872 total
- age   4:    1000848 bytes,   10443720 total
- age   5:    3435016 bytes,   13878736 total
- age   6:    1932952 bytes,   15811688 total
- age   7:    1995824 bytes,   17807512 total
- age   8:    1424744 bytes,   19232256 total
: 109248K->21824K(109248K), 0.0114783 secs] 185722K->102314K(502464K), 0.0115501 secs] [Times: user=0.04 sys=0.00, real=0.02 secs] 
Heap after GC invocations=530 (full 10):
 par new generation   total 109248K, used 21824K [0x00000007a0000000, 0x00000007a8000000, 0x00000007a8000000)
  eden space 87424K,   0% used [0x00000007a0000000, 0x00000007a0000000, 0x00000007a5560000)
  from space 21824K, 100% used [0x00000007a5560000, 0x00000007a6ab0000, 0x00000007a6ab0000)
  to   space 21824K,   0% used [0x00000007a6ab0000, 0x00000007a6ab0000, 0x00000007a8000000)
 concurrent mark-sweep generation total 393216K, used 80490K [0x00000007a8000000, 0x00000007c0000000, 0x00000007c0000000)
 Metaspace       used 41279K, capacity 42114K, committed 42356K, reserved 1087488K
  class space    used 4701K, capacity 4916K, committed 4988K, reserved 1048576K
}
2016-10-23T22:35:38.461+0800: 2157.490: Total time for which application threads were stopped: 0.0118113 seconds, Stopping threads took: 0.0000395 seconds
{Heap before GC invocations=530 (full 10):
 par new generation   total 109248K, used 109248K [0x00000007a0000000, 0x00000007a8000000, 0x00000007a8000000)
  eden space 87424K, 100% used [0x00000007a0000000, 0x00000007a5560000, 0x00000007a5560000)
  from space 21824K, 100% used [0x00000007a5560000, 0x00000007a6ab0000, 0x00000007a6ab0000)
  to   space 21824K,   0% used [0x00000007a6ab0000, 0x00000007a6ab0000, 0x00000007a8000000)
 concurrent mark-sweep generation total 393216K, used 80490K [0x00000007a8000000, 0x00000007c0000000, 0x00000007c0000000)
 Metaspace       used 41279K, capacity 42114K, committed 42356K, reserved 1087488K
  class space    used 4701K, capacity 4916K, committed 4988K, reserved 1048576K
2016-10-23T22:35:38.589+0800: 2157.618: [GC (Allocation Failure) 2016-10-23T22:35:38.589+0800: 2157.618: [ParNew
Desired survivor size 20112992 bytes, new threshold 8 (max 8)
- age   1:    3233944 bytes,    3233944 total
- age   2:    3956752 bytes,    7190696 total
- age   3:    2194112 bytes,    9384808 total
- age   4:    2194224 bytes,   11579032 total
- age   5:     896288 bytes,   12475320 total
- age   6:    3295888 bytes,   15771208 total
- age   7:    1762784 bytes,   17533992 total
- age   8:    1843360 bytes,   19377352 total
: 109248K->21824K(109248K), 0.0111330 secs] 189738K->104411K(502464K), 0.0112003 secs] [Times: user=0.04 sys=0.01, real=0.02 secs] 
Heap after GC invocations=531 (full 10):
 par new generation   total 109248K, used 21824K [0x00000007a0000000, 0x00000007a8000000, 0x00000007a8000000)
  eden space 87424K,   0% used [0x00000007a0000000, 0x00000007a0000000, 0x00000007a5560000)
  from space 21824K, 100% used [0x00000007a6ab0000, 0x00000007a8000000, 0x00000007a8000000)
  to   space 21824K,   0% used [0x00000007a5560000, 0x00000007a5560000, 0x00000007a6ab0000)
 concurrent mark-sweep generation total 393216K, used 82587K [0x00000007a8000000, 0x00000007c0000000, 0x00000007c0000000)
 Metaspace       used 41279K, capacity 42114K, committed 42356K, reserved 1087488K
  class space    used 4701K, capacity 4916K, committed 4988K, reserved 1048576K
}
2016-10-23T22:35:38.600+0800: 2157.629: Total time for which application threads were stopped: 0.0114554 seconds, Stopping threads took: 0.0000688 seconds
{Heap before GC invocations=531 (full 10):
 par new generation   total 109248K, used 109248K [0x00000007a0000000, 0x00000007a8000000, 0x00000007a8000000)
  eden space 87424K, 100% used [0x00000007a0000000, 0x00000007a5560000, 0x00000007a5560000)
  from space 21824K, 100% used [0x00000007a6ab0000, 0x00000007a8000000, 0x00000007a8000000)
  to   space 21824K,   0% used [0x00000007a5560000, 0x00000007a5560000, 0x00000007a6ab0000)
 concurrent mark-sweep generation total 393216K, used 82587K [0x00000007a8000000, 0x00000007c0000000, 0x00000007c0000000)
 Metaspace       used 41279K, capacity 42114K, committed 42356K, reserved 1087488K
  class space    used 4701K, capacity 4916K, committed 4988K, reserved 1048576K
2016-10-23T22:35:38.753+0800: 2157.782: [GC (Allocation Failure) 2016-10-23T22:35:38.753+0800: 2157.782: [ParNew
Desired survivor size 20112992 bytes, new threshold 8 (max 8)
- age   1:    2805032 bytes,    2805032 total
- age   2:    1767896 bytes,    4572928 total
- age   3:    3014256 bytes,    7587184 total
- age   4:    1233000 bytes,    8820184 total
- age   5:    1622216 bytes,   10442400 total
- age   6:     570704 bytes,   11013104 total
- age   7:    3294800 bytes,   14307904 total
- age   8:    1762472 bytes,   16070376 total
: 109248K->21824K(109248K), 0.0096397 secs] 191835K->108054K(502464K), 0.0097007 secs] [Times: user=0.03 sys=0.00, real=0.01 secs] 
Heap after GC invocations=532 (full 10):
 par new generation   total 109248K, used 21824K [0x00000007a0000000, 0x00000007a8000000, 0x00000007a8000000)
  eden space 87424K,   0% used [0x00000007a0000000, 0x00000007a0000000, 0x00000007a5560000)
  from space 21824K, 100% used [0x00000007a5560000, 0x00000007a6ab0000, 0x00000007a6ab0000)
  to   space 21824K,   0% used [0x00000007a6ab0000, 0x00000007a6ab0000, 0x00000007a8000000)
 concurrent mark-sweep generation total 393216K, used 86230K [0x00000007a8000000, 0x00000007c0000000, 0x00000007c0000000)
 Metaspace       used 41279K, capacity 42114K, committed 42356K, reserved 1087488K
  class space    used 4701K, capacity 4916K, committed 4988K, reserved 1048576K
}
2016-10-23T22:35:38.763+0800: 2157.792: Total time for which application threads were stopped: 0.0098926 seconds, Stopping threads took: 0.0000177 seconds
{Heap before GC invocations=532 (full 10):
 par new generation   total 109248K, used 109248K [0x00000007a0000000, 0x00000007a8000000, 0x00000007a8000000)
  eden space 87424K, 100% used [0x00000007a0000000, 0x00000007a5560000, 0x00000007a5560000)
  from space 21824K, 100% used [0x00000007a5560000, 0x00000007a6ab0000, 0x00000007a6ab0000)
  to   space 21824K,   0% used [0x00000007a6ab0000, 0x00000007a6ab0000, 0x00000007a8000000)
 concurrent mark-sweep generation total 393216K, used 86230K [0x00000007a8000000, 0x00000007c0000000, 0x00000007c0000000)
 Metaspace       used 41279K, capacity 42114K, committed 42356K, reserved 1087488K
  class space    used 4701K, capacity 4916K, committed 4988K, reserved 1048576K
2016-10-23T22:35:38.989+0800: 2158.018: [GC (Allocation Failure) 2016-10-23T22:35:38.989+0800: 2158.018: [ParNew
Desired survivor size 20112992 bytes, new threshold 8 (max 8)
- age   1:    5449296 bytes,    5449296 total
- age   2:    2416336 bytes,    7865632 total
- age   3:    1766600 bytes,    9632232 total
- age   4:    3014256 bytes,   12646488 total
- age   5:    1233000 bytes,   13879488 total
- age   6:    1622216 bytes,   15501704 total
- age   7:     570256 bytes,   16071960 total
- age   8:    3294800 bytes,   19366760 total
: 109248K->21824K(109248K), 0.0114006 secs] 195478K->109781K(502464K), 0.0114648 secs] [Times: user=0.04 sys=0.01, real=0.02 secs] 
Heap after GC invocations=533 (full 10):
 par new generation   total 109248K, used 21824K [0x00000007a0000000, 0x00000007a8000000, 0x00000007a8000000)
  eden space 87424K,   0% used [0x00000007a0000000, 0x00000007a0000000, 0x00000007a5560000)
  from space 21824K, 100% used [0x00000007a6ab0000, 0x00000007a8000000, 0x00000007a8000000)
  to   space 21824K,   0% used [0x00000007a5560000, 0x00000007a5560000, 0x00000007a6ab0000)
 concurrent mark-sweep generation total 393216K, used 87957K [0x00000007a8000000, 0x00000007c0000000, 0x00000007c0000000)
 Metaspace       used 41279K, capacity 42114K, committed 42356K, reserved 1087488K
  class space    used 4701K, capacity 4916K, committed 4988K, reserved 1048576K
}
2016-10-23T22:35:39.001+0800: 2158.030: Total time for which application threads were stopped: 0.0116470 seconds, Stopping threads took: 0.0000218 seconds
{Heap before GC invocations=533 (full 10):
 par new generation   total 109248K, used 109248K [0x00000007a0000000, 0x00000007a8000000, 0x00000007a8000000)
  eden space 87424K, 100% used [0x00000007a0000000, 0x00000007a5560000, 0x00000007a5560000)
  from space 21824K, 100% used [0x00000007a6ab0000, 0x00000007a8000000, 0x00000007a8000000)
  to   space 21824K,   0% used [0x00000007a5560000, 0x00000007a5560000, 0x00000007a6ab0000)
 concurrent mark-sweep generation total 393216K, used 87957K [0x00000007a8000000, 0x00000007c0000000, 0x00000007c0000000)
 Metaspace       used 41279K, capacity 42114K, committed 42356K, reserved 1087488K
  class space    used 4701K, capacity 4916K, committed 4988K, reserved 1048576K
2016-10-23T22:35:39.240+0800: 2158.269: [GC (Allocation Failure) 2016-10-23T22:35:39.240+0800: 2158.269: [ParNew
Desired survivor size 20112992 bytes, new threshold 8 (max 8)
- age   1:    5970880 bytes,    5970880 total
- age   2:    4052152 bytes,   10023032 total
- age   3:    2242240 bytes,   12265272 total
- age   4:    1734152 bytes,   13999424 total
- age   5:    3014256 bytes,   17013680 total
- age   6:    1233000 bytes,   18246680 total
- age   7:    1622216 bytes,   19868896 total
- age   8:     570256 bytes,   20439152 total
: 109248K->21824K(109248K), 0.0106186 secs] 197205K->113212K(502464K), 0.0106892 secs] [Times: user=0.04 sys=0.00, real=0.01 secs] 
Heap after GC invocations=534 (full 10):
 par new generation   total 109248K, used 21824K [0x00000007a0000000, 0x00000007a8000000, 0x00000007a8000000)
  eden space 87424K,   0% used [0x00000007a0000000, 0x00000007a0000000, 0x00000007a5560000)
  from space 21824K, 100% used [0x00000007a5560000, 0x00000007a6ab0000, 0x00000007a6ab0000)
  to   space 21824K,   0% used [0x00000007a6ab0000, 0x00000007a6ab0000, 0x00000007a8000000)
 concurrent mark-sweep generation total 393216K, used 91388K [0x00000007a8000000, 0x00000007c0000000, 0x00000007c0000000)
 Metaspace       used 41279K, capacity 42114K, committed 42356K, reserved 1087488K
  class space    used 4701K, capacity 4916K, committed 4988K, reserved 1048576K
}
2016-10-23T22:35:39.251+0800: 2158.280: Total time for which application threads were stopped: 0.0108731 seconds, Stopping threads took: 0.0000295 seconds
{Heap before GC invocations=534 (full 10):
 par new generation   total 109248K, used 109248K [0x00000007a0000000, 0x00000007a8000000, 0x00000007a8000000)
  eden space 87424K, 100% used [0x00000007a0000000, 0x00000007a5560000, 0x00000007a5560000)
  from space 21824K, 100% used [0x00000007a5560000, 0x00000007a6ab0000, 0x00000007a6ab0000)
  to   space 21824K,   0% used [0x00000007a6ab0000, 0x00000007a6ab0000, 0x00000007a8000000)
 concurrent mark-sweep generation total 393216K, used 91388K [0x00000007a8000000, 0x00000007c0000000, 0x00000007c0000000)
 Metaspace       used 41279K, capacity 42114K, committed 42356K, reserved 1087488K
  class space    used 4701K, capacity 4916K, committed 4988K, reserved 1048576K
2016-10-23T22:35:39.519+0800: 2158.548: [GC (Allocation Failure) 2016-10-23T22:35:39.519+0800: 2158.548: [ParNew
Desired survivor size 20112992 bytes, new threshold 8 (max 8)
- age   1:    6169088 bytes,    6169088 total
- age   2:    3314832 bytes,    9483920 total
- age   3:    2699840 bytes,   12183760 total
- age   4:    1828416 bytes,   14012176 total
- age   5:    1422144 bytes,   15434320 total
- age   6:    3014256 bytes,   18448576 total
- age   7:    1233000 bytes,   19681576 total
- age   8:    1622216 bytes,   21303792 total
: 109248K->21824K(109248K), 0.0117130 secs] 200636K->115593K(502464K), 0.0117717 secs] [Times: user=0.04 sys=0.00, real=0.02 secs] 
Heap after GC invocations=535 (full 10):
 par new generation   total 109248K, used 21824K [0x00000007a0000000, 0x00000007a8000000, 0x00000007a8000000)
  eden space 87424K,   0% used [0x00000007a0000000, 0x00000007a0000000, 0x00000007a5560000)
  from space 21824K, 100% used [0x00000007a6ab0000, 0x00000007a8000000, 0x00000007a8000000)
  to   space 21824K,   0% used [0x00000007a5560000, 0x00000007a5560000, 0x00000007a6ab0000)
 concurrent mark-sweep generation total 393216K, used 93769K [0x00000007a8000000, 0x00000007c0000000, 0x00000007c0000000)
 Metaspace       used 41279K, capacity 42114K, committed 42356K, reserved 1087488K
  class space    used 4701K, capacity 4916K, committed 4988K, reserved 1048576K
}
2016-10-23T22:35:39.531+0800: 2158.560: Total time for which application threads were stopped: 0.0119555 seconds, Stopping threads took: 0.0000272 seconds
2016-10-23T22:35:39.699+0800: 2158.728: Total time for which application threads were stopped: 0.0001775 seconds, Stopping threads took: 0.0000697 seconds
{Heap before GC invocations=535 (full 10):
 par new generation   total 109248K, used 109248K [0x00000007a0000000, 0x00000007a8000000, 0x00000007a8000000)
  eden space 87424K, 100% used [0x00000007a0000000, 0x00000007a5560000, 0x00000007a5560000)
  from space 21824K, 100% used [0x00000007a6ab0000, 0x00000007a8000000, 0x00000007a8000000)
  to   space 21824K,   0% used [0x00000007a5560000, 0x00000007a5560000, 0x00000007a6ab0000)
 concurrent mark-sweep generation total 393216K, used 93769K [0x00000007a8000000, 0x00000007c0000000, 0x00000007c0000000)
 Metaspace       used 41280K, capacity 42114K, committed 42356K, reserved 1087488K
  class space    used 4701K, capacity 4916K, committed 4988K, reserved 1048576K
2016-10-23T22:35:39.719+0800: 2158.748: [GC (Allocation Failure) 2016-10-23T22:35:39.719+0800: 2158.748: [ParNew
Desired survivor size 20112992 bytes, new threshold 8 (max 8)
- age   1:    1311184 bytes,    1311184 total
- age   2:    4530048 bytes,    5841232 total
- age   3:    2065592 bytes,    7906824 total
- age   4:    1435192 bytes,    9342016 total
- age   5:     888896 bytes,   10230912 total
- age   6:     830944 bytes,   11061856 total
- age   7:    3014256 bytes,   14076112 total
- age   8:    1233000 bytes,   15309112 total
: 109248K->21824K(109248K), 0.0051913 secs] 203017K->117177K(502464K), 0.0052624 secs] [Times: user=0.02 sys=0.00, real=0.01 secs] 
Heap after GC invocations=536 (full 10):
 par new generation   total 109248K, used 21824K [0x00000007a0000000, 0x00000007a8000000, 0x00000007a8000000)
  eden space 87424K,   0% used [0x00000007a0000000, 0x00000007a0000000, 0x00000007a5560000)
  from space 21824K, 100% used [0x00000007a5560000, 0x00000007a6ab0000, 0x00000007a6ab0000)
  to   space 21824K,   0% used [0x00000007a6ab0000, 0x00000007a6ab0000, 0x00000007a8000000)
 concurrent mark-sweep generation total 393216K, used 95353K [0x00000007a8000000, 0x00000007c0000000, 0x00000007c0000000)
 Metaspace       used 41280K, capacity 42114K, committed 42356K, reserved 1087488K
  class space    used 4701K, capacity 4916K, committed 4988K, reserved 1048576K
}
2016-10-23T22:35:39.724+0800: 2158.753: Total time for which application threads were stopped: 0.0055888 seconds, Stopping threads took: 0.0000267 seconds
{Heap before GC invocations=536 (full 10):
 par new generation   total 109248K, used 109235K [0x00000007a0000000, 0x00000007a8000000, 0x00000007a8000000)
  eden space 87424K,  99% used [0x00000007a0000000, 0x00000007a555ce90, 0x00000007a5560000)
  from space 21824K, 100% used [0x00000007a5560000, 0x00000007a6ab0000, 0x00000007a6ab0000)
  to   space 21824K,   0% used [0x00000007a6ab0000, 0x00000007a6ab0000, 0x00000007a8000000)
 concurrent mark-sweep generation total 393216K, used 95353K [0x00000007a8000000, 0x00000007c0000000, 0x00000007c0000000)
 Metaspace       used 41280K, capacity 42114K, committed 42356K, reserved 1087488K
  class space    used 4701K, capacity 4916K, committed 4988K, reserved 1048576K
2016-10-23T22:35:39.801+0800: 2158.830: [GC (Allocation Failure) 2016-10-23T22:35:39.801+0800: 2158.830: [ParNew
Desired survivor size 20112992 bytes, new threshold 8 (max 8)
- age   1:    1994744 bytes,    1994744 total
- age   2:    1148600 bytes,    3143344 total
- age   3:    4530048 bytes,    7673392 total
- age   4:    2065592 bytes,    9738984 total
- age   5:    1435192 bytes,   11174176 total
- age   6:     888080 bytes,   12062256 total
- age   7:     830944 bytes,   12893200 total
- age   8:    3014256 bytes,   15907456 total
: 109235K->21411K(109248K), 0.0060864 secs] 204588K->117980K(502464K), 0.0061466 secs] [Times: user=0.02 sys=0.00, real=0.00 secs] 
Heap after GC invocations=537 (full 10):
 par new generation   total 109248K, used 21411K [0x00000007a0000000, 0x00000007a8000000, 0x00000007a8000000)
  eden space 87424K,   0% used [0x00000007a0000000, 0x00000007a0000000, 0x00000007a5560000)
  from space 21824K,  98% used [0x00000007a6ab0000, 0x00000007a7f98ec0, 0x00000007a8000000)
  to   space 21824K,   0% used [0x00000007a5560000, 0x00000007a5560000, 0x00000007a6ab0000)
 concurrent mark-sweep generation total 393216K, used 96568K [0x00000007a8000000, 0x00000007c0000000, 0x00000007c0000000)
 Metaspace       used 41280K, capacity 42114K, committed 42356K, reserved 1087488K
  class space    used 4701K, capacity 4916K, committed 4988K, reserved 1048576K
}
2016-10-23T22:35:39.807+0800: 2158.836: Total time for which application threads were stopped: 0.0064127 seconds, Stopping threads took: 0.0000947 seconds
{Heap before GC invocations=537 (full 10):
 par new generation   total 109248K, used 108835K [0x00000007a0000000, 0x00000007a8000000, 0x00000007a8000000)
  eden space 87424K, 100% used [0x00000007a0000000, 0x00000007a5560000, 0x00000007a5560000)
  from space 21824K,  98% used [0x00000007a6ab0000, 0x00000007a7f98ec0, 0x00000007a8000000)
  to   space 21824K,   0% used [0x00000007a5560000, 0x00000007a5560000, 0x00000007a6ab0000)
 concurrent mark-sweep generation total 393216K, used 96568K [0x00000007a8000000, 0x00000007c0000000, 0x00000007c0000000)
 Metaspace       used 41280K, capacity 42114K, committed 42356K, reserved 1087488K
  class space    used 4701K, capacity 4916K, committed 4988K, reserved 1048576K
2016-10-23T22:35:39.844+0800: 2158.873: [GC (Allocation Failure) 2016-10-23T22:35:39.844+0800: 2158.873: [ParNew
Desired survivor size 20112992 bytes, new threshold 8 (max 8)
- age   1:    1384032 bytes,    1384032 total
- age   2:    1511256 bytes,    2895288 total
- age   3:    1115464 bytes,    4010752 total
- age   4:    4530048 bytes,    8540800 total
- age   5:    2065592 bytes,   10606392 total
- age   6:    1435192 bytes,   12041584 total
- age   7:     888080 bytes,   12929664 total
- age   8:     830944 bytes,   13760608 total
: 108835K->19102K(109248K), 0.0061401 secs] 205404K->118627K(502464K), 0.0062143 secs] [Times: user=0.02 sys=0.00, real=0.01 secs] 
Heap after GC invocations=538 (full 10):
 par new generation   total 109248K, used 19102K [0x00000007a0000000, 0x00000007a8000000, 0x00000007a8000000)
  eden space 87424K,   0% used [0x00000007a0000000, 0x00000007a0000000, 0x00000007a5560000)
  from space 21824K,  87% used [0x00000007a5560000, 0x00000007a6807970, 0x00000007a6ab0000)
  to   space 21824K,   0% used [0x00000007a6ab0000, 0x00000007a6ab0000, 0x00000007a8000000)
 concurrent mark-sweep generation total 393216K, used 99524K [0x00000007a8000000, 0x00000007c0000000, 0x00000007c0000000)
 Metaspace       used 41280K, capacity 42114K, committed 42356K, reserved 1087488K
  class space    used 4701K, capacity 4916K, committed 4988K, reserved 1048576K
}
2016-10-23T22:35:39.850+0800: 2158.880: Total time for which application threads were stopped: 0.0065692 seconds, Stopping threads took: 0.0001263 seconds
{Heap before GC invocations=538 (full 10):
 par new generation   total 109248K, used 106526K [0x00000007a0000000, 0x00000007a8000000, 0x00000007a8000000)
  eden space 87424K, 100% used [0x00000007a0000000, 0x00000007a5560000, 0x00000007a5560000)
  from space 21824K,  87% used [0x00000007a5560000, 0x00000007a6807970, 0x00000007a6ab0000)
  to   space 21824K,   0% used [0x00000007a6ab0000, 0x00000007a6ab0000, 0x00000007a8000000)
 concurrent mark-sweep generation total 393216K, used 99524K [0x00000007a8000000, 0x00000007c0000000, 0x00000007c0000000)
 Metaspace       used 41280K, capacity 42114K, committed 42356K, reserved 1087488K
  class space    used 4701K, capacity 4916K, committed 4988K, reserved 1048576K
2016-10-23T22:35:39.888+0800: 2158.917: [GC (Allocation Failure) 2016-10-23T22:35:39.888+0800: 2158.917: [ParNew
Desired survivor size 20112992 bytes, new threshold 8 (max 8)
- age   1:    1346048 bytes,    1346048 total
- age   2:     878936 bytes,    2224984 total
- age   3:    1469144 bytes,    3694128 total
- age   4:    1115600 bytes,    4809728 total
- age   5:    4530048 bytes,    9339776 total
- age   6:    2065592 bytes,   11405368 total
- age   7:    1435192 bytes,   12840560 total
- age   8:     888080 bytes,   13728640 total
: 106526K->17904K(109248K), 0.0050754 secs] 206051K->118241K(502464K), 0.0051390 secs] [Times: user=0.02 sys=0.00, real=0.01 secs] 
Heap after GC invocations=539 (full 10):
 par new generation   total 109248K, used 17904K [0x00000007a0000000, 0x00000007a8000000, 0x00000007a8000000)
  eden space 87424K,   0% used [0x00000007a0000000, 0x00000007a0000000, 0x00000007a5560000)
  from space 21824K,  82% used [0x00000007a6ab0000, 0x00000007a7c2c1d0, 0x00000007a8000000)
  to   space 21824K,   0% used [0x00000007a5560000, 0x00000007a5560000, 0x00000007a6ab0000)
 concurrent mark-sweep generation total 393216K, used 100337K [0x00000007a8000000, 0x00000007c0000000, 0x00000007c0000000)
 Metaspace       used 41280K, capacity 42114K, committed 42356K, reserved 1087488K
  class space    used 4701K, capacity 4916K, committed 4988K, reserved 1048576K
}
2016-10-23T22:35:39.893+0800: 2158.922: Total time for which application threads were stopped: 0.0054207 seconds, Stopping threads took: 0.0000942 seconds
{Heap before GC invocations=539 (full 10):
 par new generation   total 109248K, used 105328K [0x00000007a0000000, 0x00000007a8000000, 0x00000007a8000000)
  eden space 87424K, 100% used [0x00000007a0000000, 0x00000007a5560000, 0x00000007a5560000)
  from space 21824K,  82% used [0x00000007a6ab0000, 0x00000007a7c2c1d0, 0x00000007a8000000)
  to   space 21824K,   0% used [0x00000007a5560000, 0x00000007a5560000, 0x00000007a6ab0000)
 concurrent mark-sweep generation total 393216K, used 100337K [0x00000007a8000000, 0x00000007c0000000, 0x00000007c0000000)
 Metaspace       used 41280K, capacity 42114K, committed 42356K, reserved 1087488K
  class space    used 4701K, capacity 4916K, committed 4988K, reserved 1048576K
2016-10-23T22:35:39.932+0800: 2158.961: [GC (Allocation Failure) 2016-10-23T22:35:39.932+0800: 2158.961: [ParNew
Desired survivor size 20112992 bytes, new threshold 8 (max 8)
- age   1:    1652872 bytes,    1652872 total
- age   2:     722664 bytes,    2375536 total
- age   3:     814696 bytes,    3190232 total
- age   4:    1389792 bytes,    4580024 total
- age   5:    1116320 bytes,    5696344 total
- age   6:    4530048 bytes,   10226392 total
- age   7:    2065592 bytes,   12291984 total
- age   8:    1435192 bytes,   13727176 total
: 105328K->17042K(109248K), 0.0050899 secs] 205665K->118247K(502464K), 0.0051415 secs] [Times: user=0.01 sys=0.00, real=0.00 secs] 
Heap after GC invocations=540 (full 10):
 par new generation   total 109248K, used 17042K [0x00000007a0000000, 0x00000007a8000000, 0x00000007a8000000)
  eden space 87424K,   0% used [0x00000007a0000000, 0x00000007a0000000, 0x00000007a5560000)
  from space 21824K,  78% used [0x00000007a5560000, 0x00000007a66049b0, 0x00000007a6ab0000)
  to   space 21824K,   0% used [0x00000007a6ab0000, 0x00000007a6ab0000, 0x00000007a8000000)
 concurrent mark-sweep generation total 393216K, used 101205K [0x00000007a8000000, 0x00000007c0000000, 0x00000007c0000000)
 Metaspace       used 41280K, capacity 42114K, committed 42356K, reserved 1087488K
  class space    used 4701K, capacity 4916K, committed 4988K, reserved 1048576K
}
2016-10-23T22:35:39.937+0800: 2158.966: Total time for which application threads were stopped: 0.0053242 seconds, Stopping threads took: 0.0000234 seconds
{Heap before GC invocations=540 (full 10):
 par new generation   total 109248K, used 104466K [0x00000007a0000000, 0x00000007a8000000, 0x00000007a8000000)
  eden space 87424K, 100% used [0x00000007a0000000, 0x00000007a5560000, 0x00000007a5560000)
  from space 21824K,  78% used [0x00000007a5560000, 0x00000007a66049b0, 0x00000007a6ab0000)
  to   space 21824K,   0% used [0x00000007a6ab0000, 0x00000007a6ab0000, 0x00000007a8000000)
 concurrent mark-sweep generation total 393216K, used 101205K [0x00000007a8000000, 0x00000007c0000000, 0x00000007c0000000)
 Metaspace       used 41280K, capacity 42114K, committed 42356K, reserved 1087488K
  class space    used 4701K, capacity 4916K, committed 4988K, reserved 1048576K
2016-10-23T22:35:40.005+0800: 2159.034: [GC (Allocation Failure) 2016-10-23T22:35:40.005+0800: 2159.034: [ParNew
Desired survivor size 20112992 bytes, new threshold 8 (max 8)
- age   1:    2387520 bytes,    2387520 total
- age   2:     937696 bytes,    3325216 total
- age   3:     657672 bytes,    3982888 total
- age   4:     652944 bytes,    4635832 total
- age   5:    1280928 bytes,    5916760 total
- age   6:    1115672 bytes,    7032432 total
- age   7:    4530048 bytes,   11562480 total
- age   8:    2065592 bytes,   13628072 total
: 104466K->17622K(109248K), 0.0052981 secs] 205671K->120232K(502464K), 0.0053495 secs] [Times: user=0.01 sys=0.00, real=0.01 secs] 
Heap after GC invocations=541 (full 10):
 par new generation   total 109248K, used 17622K [0x00000007a0000000, 0x00000007a8000000, 0x00000007a8000000)
  eden space 87424K,   0% used [0x00000007a0000000, 0x00000007a0000000, 0x00000007a5560000)
  from space 21824K,  80% used [0x00000007a6ab0000, 0x00000007a7be5a40, 0x00000007a8000000)
  to   space 21824K,   0% used [0x00000007a5560000, 0x00000007a5560000, 0x00000007a6ab0000)
 concurrent mark-sweep generation total 393216K, used 102610K [0x00000007a8000000, 0x00000007c0000000, 0x00000007c0000000)
 Metaspace       used 41280K, capacity 42114K, committed 42356K, reserved 1087488K
  class space    used 4701K, capacity 4916K, committed 4988K, reserved 1048576K
}
2016-10-23T22:35:40.010+0800: 2159.039: Total time for which application threads were stopped: 0.0056388 seconds, Stopping threads took: 0.0001141 seconds
{Heap before GC invocations=541 (full 10):
 par new generation   total 109248K, used 105046K [0x00000007a0000000, 0x00000007a8000000, 0x00000007a8000000)
  eden space 87424K, 100% used [0x00000007a0000000, 0x00000007a5560000, 0x00000007a5560000)
  from space 21824K,  80% used [0x00000007a6ab0000, 0x00000007a7be5a40, 0x00000007a8000000)
  to   space 21824K,   0% used [0x00000007a5560000, 0x00000007a5560000, 0x00000007a6ab0000)
 concurrent mark-sweep generation total 393216K, used 102610K [0x00000007a8000000, 0x00000007c0000000, 0x00000007c0000000)
 Metaspace       used 41280K, capacity 42114K, committed 42356K, reserved 1087488K
  class space    used 4701K, capacity 4916K, committed 4988K, reserved 1048576K
2016-10-23T22:35:40.165+0800: 2159.194: [GC (Allocation Failure) 2016-10-23T22:35:40.165+0800: 2159.194: [ParNew
Desired survivor size 20112992 bytes, new threshold 8 (max 8)
- age   1:    3880872 bytes,    3880872 total
- age   2:    1485384 bytes,    5366256 total
- age   3:     637712 bytes,    6003968 total
- age   4:     655128 bytes,    6659096 total
- age   5:     652800 bytes,    7311896 total
- age   6:    1280584 bytes,    8592480 total
- age   7:    1116008 bytes,    9708488 total
- age   8:    4530048 bytes,   14238536 total
: 105046K->15848K(109248K), 0.0063648 secs] 207656K->120478K(502464K), 0.0064195 secs] [Times: user=0.03 sys=0.00, real=0.01 secs] 
Heap after GC invocations=542 (full 10):
 par new generation   total 109248K, used 15848K [0x00000007a0000000, 0x00000007a8000000, 0x00000007a8000000)
  eden space 87424K,   0% used [0x00000007a0000000, 0x00000007a0000000, 0x00000007a5560000)
  from space 21824K,  72% used [0x00000007a5560000, 0x00000007a64da1c0, 0x00000007a6ab0000)
  to   space 21824K,   0% used [0x00000007a6ab0000, 0x00000007a6ab0000, 0x00000007a8000000)
 concurrent mark-sweep generation total 393216K, used 104630K [0x00000007a8000000, 0x00000007c0000000, 0x00000007c0000000)
 Metaspace       used 41280K, capacity 42114K, committed 42356K, reserved 1087488K
  class space    used 4701K, capacity 4916K, committed 4988K, reserved 1048576K
}
2016-10-23T22:35:40.171+0800: 2159.200: Total time for which application threads were stopped: 0.0066647 seconds, Stopping threads took: 0.0000694 seconds
{Heap before GC invocations=542 (full 10):
 par new generation   total 109248K, used 103272K [0x00000007a0000000, 0x00000007a8000000, 0x00000007a8000000)
  eden space 87424K, 100% used [0x00000007a0000000, 0x00000007a5560000, 0x00000007a5560000)
  from space 21824K,  72% used [0x00000007a5560000, 0x00000007a64da1c0, 0x00000007a6ab0000)
  to   space 21824K,   0% used [0x00000007a6ab0000, 0x00000007a6ab0000, 0x00000007a8000000)
 concurrent mark-sweep generation total 393216K, used 104630K [0x00000007a8000000, 0x00000007c0000000, 0x00000007c0000000)
 Metaspace       used 41281K, capacity 42114K, committed 42356K, reserved 1087488K
  class space    used 4701K, capacity 4916K, committed 4988K, reserved 1048576K
2016-10-23T22:35:40.255+0800: 2159.284: [GC (Allocation Failure) 2016-10-23T22:35:40.255+0800: 2159.284: [ParNew
Desired survivor size 20112992 bytes, new threshold 8 (max 8)
- age   1:    2203832 bytes,    2203832 total
- age   2:    2921936 bytes,    5125768 total
- age   3:    1477632 bytes,    6603400 total
- age   4:     638648 bytes,    7242048 total
- age   5:     623664 bytes,    7865712 total
- age   6:     653904 bytes,    8519616 total
- age   7:    1281568 bytes,    9801184 total
- age   8:    1116272 bytes,   10917456 total
: 103272K->15493K(109248K), 0.0065121 secs] 207902K->124550K(502464K), 0.0065694 secs] [Times: user=0.02 sys=0.00, real=0.01 secs] 
Heap after GC invocations=543 (full 10):
 par new generation   total 109248K, used 15493K [0x00000007a0000000, 0x00000007a8000000, 0x00000007a8000000)
  eden space 87424K,   0% used [0x00000007a0000000, 0x00000007a0000000, 0x00000007a5560000)
  from space 21824K,  70% used [0x00000007a6ab0000, 0x00000007a79d1480, 0x00000007a8000000)
  to   space 21824K,   0% used [0x00000007a5560000, 0x00000007a5560000, 0x00000007a6ab0000)
 concurrent mark-sweep generation total 393216K, used 109057K [0x00000007a8000000, 0x00000007c0000000, 0x00000007c0000000)
 Metaspace       used 41281K, capacity 42114K, committed 42356K, reserved 1087488K
  class space    used 4701K, capacity 4916K, committed 4988K, reserved 1048576K
}
2016-10-23T22:35:40.261+0800: 2159.291: Total time for which application threads were stopped: 0.0068841 seconds, Stopping threads took: 0.0000834 seconds
{Heap before GC invocations=543 (full 10):
 par new generation   total 109248K, used 102917K [0x00000007a0000000, 0x00000007a8000000, 0x00000007a8000000)
  eden space 87424K, 100% used [0x00000007a0000000, 0x00000007a5560000, 0x00000007a5560000)
  from space 21824K,  70% used [0x00000007a6ab0000, 0x00000007a79d1480, 0x00000007a8000000)
  to   space 21824K,   0% used [0x00000007a5560000, 0x00000007a5560000, 0x00000007a6ab0000)
 concurrent mark-sweep generation total 393216K, used 109057K [0x00000007a8000000, 0x00000007c0000000, 0x00000007c0000000)
 Metaspace       used 41281K, capacity 42114K, committed 42356K, reserved 1087488K
  class space    used 4701K, capacity 4916K, committed 4988K, reserved 1048576K
2016-10-23T22:35:40.369+0800: 2159.398: [GC (Allocation Failure) 2016-10-23T22:35:40.369+0800: 2159.398: [ParNew
Desired survivor size 20112992 bytes, new threshold 8 (max 8)
- age   1:    3349384 bytes,    3349384 total
- age   2:    1075864 bytes,    4425248 total
- age   3:    2612680 bytes,    7037928 total
- age   4:    1121528 bytes,    8159456 total
- age   5:     637952 bytes,    8797408 total
- age   6:     622448 bytes,    9419856 total
- age   7:     653424 bytes,   10073280 total
- age   8:    1280144 bytes,   11353424 total
: 102917K->14428K(109248K), 0.0065226 secs] 211974K->124582K(502464K), 0.0065730 secs] [Times: user=0.03 sys=0.00, real=0.01 secs] 
Heap after GC invocations=544 (full 10):
 par new generation   total 109248K, used 14428K [0x00000007a0000000, 0x00000007a8000000, 0x00000007a8000000)
  eden space 87424K,   0% used [0x00000007a0000000, 0x00000007a0000000, 0x00000007a5560000)
  from space 21824K,  66% used [0x00000007a5560000, 0x00000007a6377010, 0x00000007a6ab0000)
  to   space 21824K,   0% used [0x00000007a6ab0000, 0x00000007a6ab0000, 0x00000007a8000000)
 concurrent mark-sweep generation total 393216K, used 110154K [0x00000007a8000000, 0x00000007c0000000, 0x00000007c0000000)
 Metaspace       used 41281K, capacity 42114K, committed 42356K, reserved 1087488K
  class space    used 4701K, capacity 4916K, committed 4988K, reserved 1048576K
}
2016-10-23T22:35:40.375+0800: 2159.405: Total time for which application threads were stopped: 0.0068254 seconds, Stopping threads took: 0.0000328 seconds
{Heap before GC invocations=544 (full 10):
 par new generation   total 109248K, used 101852K [0x00000007a0000000, 0x00000007a8000000, 0x00000007a8000000)
  eden space 87424K, 100% used [0x00000007a0000000, 0x00000007a5560000, 0x00000007a5560000)
  from space 21824K,  66% used [0x00000007a5560000, 0x00000007a6377010, 0x00000007a6ab0000)
  to   space 21824K,   0% used [0x00000007a6ab0000, 0x00000007a6ab0000, 0x00000007a8000000)
 concurrent mark-sweep generation total 393216K, used 110154K [0x00000007a8000000, 0x00000007c0000000, 0x00000007c0000000)
 Metaspace       used 41281K, capacity 42114K, committed 42356K, reserved 1087488K
  class space    used 4701K, capacity 4916K, committed 4988K, reserved 1048576K
2016-10-23T22:35:40.442+0800: 2159.471: [GC (Allocation Failure) 2016-10-23T22:35:40.442+0800: 2159.471: [ParNew
Desired survivor size 20112992 bytes, new threshold 8 (max 8)
- age   1:    2206656 bytes,    2206656 total
- age   2:    2131440 bytes,    4338096 total
- age   3:    1075912 bytes,    5414008 total
- age   4:    2612632 bytes,    8026640 total
- age   5:    1119008 bytes,    9145648 total
- age   6:     638312 bytes,    9783960 total
- age   7:     622256 bytes,   10406216 total
- age   8:     653736 bytes,   11059952 total
: 101852K->13103K(109248K), 0.0068334 secs] 212006K->124540K(502464K), 0.0068889 secs] [Times: user=0.03 sys=0.00, real=0.00 secs] 
Heap after GC invocations=545 (full 10):
 par new generation   total 109248K, used 13103K [0x00000007a0000000, 0x00000007a8000000, 0x00000007a8000000)
  eden space 87424K,   0% used [0x00000007a0000000, 0x00000007a0000000, 0x00000007a5560000)
  from space 21824K,  60% used [0x00000007a6ab0000, 0x00000007a777bce8, 0x00000007a8000000)
  to   space 21824K,   0% used [0x00000007a5560000, 0x00000007a5560000, 0x00000007a6ab0000)
 concurrent mark-sweep generation total 393216K, used 111437K [0x00000007a8000000, 0x00000007c0000000, 0x00000007c0000000)
 Metaspace       used 41281K, capacity 42114K, committed 42356K, reserved 1087488K
  class space    used 4701K, capacity 4916K, committed 4988K, reserved 1048576K
}
2016-10-23T22:35:40.449+0800: 2159.478: Total time for which application threads were stopped: 0.0071602 seconds, Stopping threads took: 0.0000704 seconds
2016-10-23T22:35:40.484+0800: 2159.513: Total time for which application threads were stopped: 0.0002058 seconds, Stopping threads took: 0.0000863 seconds
2016-10-23T22:35:40.485+0800: 2159.514: Total time for which application threads were stopped: 0.0001336 seconds, Stopping threads took: 0.0000549 seconds
2016-10-23T22:35:40.485+0800: 2159.514: Total time for which application threads were stopped: 0.0001176 seconds, Stopping threads took: 0.0000502 seconds
{Heap before GC invocations=545 (full 10):
 par new generation   total 109248K, used 100527K [0x00000007a0000000, 0x00000007a8000000, 0x00000007a8000000)
  eden space 87424K, 100% used [0x00000007a0000000, 0x00000007a5560000, 0x00000007a5560000)
  from space 21824K,  60% used [0x00000007a6ab0000, 0x00000007a777bce8, 0x00000007a8000000)
  to   space 21824K,   0% used [0x00000007a5560000, 0x00000007a5560000, 0x00000007a6ab0000)
 concurrent mark-sweep generation total 393216K, used 111437K [0x00000007a8000000, 0x00000007c0000000, 0x00000007c0000000)
 Metaspace       used 41281K, capacity 42114K, committed 42356K, reserved 1087488K
  class space    used 4701K, capacity 4916K, committed 4988K, reserved 1048576K
2016-10-23T22:35:40.517+0800: 2159.546: [GC (Allocation Failure) 2016-10-23T22:35:40.517+0800: 2159.546: [ParNew
Desired survivor size 20112992 bytes, new threshold 8 (max 8)
- age   1:    3121888 bytes,    3121888 total
- age   2:    2078568 bytes,    5200456 total
- age   3:    1689528 bytes,    6889984 total
- age   4:     982720 bytes,    7872704 total
- age   5:    2408864 bytes,   10281568 total
- age   6:    1017184 bytes,   11298752 total
- age   7:     580160 bytes,   11878912 total
- age   8:     564704 bytes,   12443616 total
: 100527K->19074K(109248K), 0.0063013 secs] 211964K->131104K(502464K), 0.0063548 secs] [Times: user=0.02 sys=0.00, real=0.01 secs] 
Heap after GC invocations=546 (full 10):
 par new generation   total 109248K, used 19074K [0x00000007a0000000, 0x00000007a8000000, 0x00000007a8000000)
  eden space 87424K,   0% used [0x00000007a0000000, 0x00000007a0000000, 0x00000007a5560000)
  from space 21824K,  87% used [0x00000007a5560000, 0x00000007a6800900, 0x00000007a6ab0000)
  to   space 21824K,   0% used [0x00000007a6ab0000, 0x00000007a6ab0000, 0x00000007a8000000)
 concurrent mark-sweep generation total 393216K, used 112030K [0x00000007a8000000, 0x00000007c0000000, 0x00000007c0000000)
 Metaspace       used 41281K, capacity 42114K, committed 42356K, reserved 1087488K
  class space    used 4701K, capacity 4916K, committed 4988K, reserved 1048576K
}
2016-10-23T22:35:40.523+0800: 2159.552: Total time for which application threads were stopped: 0.0066015 seconds, Stopping threads took: 0.0000727 seconds
{Heap before GC invocations=546 (full 10):
 par new generation   total 109248K, used 106498K [0x00000007a0000000, 0x00000007a8000000, 0x00000007a8000000)
  eden space 87424K, 100% used [0x00000007a0000000, 0x00000007a5560000, 0x00000007a5560000)
  from space 21824K,  87% used [0x00000007a5560000, 0x00000007a6800900, 0x00000007a6ab0000)
  to   space 21824K,   0% used [0x00000007a6ab0000, 0x00000007a6ab0000, 0x00000007a8000000)
 concurrent mark-sweep generation total 393216K, used 112030K [0x00000007a8000000, 0x00000007c0000000, 0x00000007c0000000)
 Metaspace       used 41281K, capacity 42114K, committed 42356K, reserved 1087488K
  class space    used 4701K, capacity 4916K, committed 4988K, reserved 1048576K
2016-10-23T22:35:40.597+0800: 2159.626: [GC (Allocation Failure) 2016-10-23T22:35:40.597+0800: 2159.626: [ParNew
Desired survivor size 20112992 bytes, new threshold 8 (max 8)
- age   1:    3331840 bytes,    3331840 total
- age   2:    2584808 bytes,    5916648 total
- age   3:    2078568 bytes,    7995216 total
- age   4:    1689528 bytes,    9684744 total
- age   5:     982720 bytes,   10667464 total
- age   6:    2408864 bytes,   13076328 total
- age   7:    1017184 bytes,   14093512 total
- age   8:     580160 bytes,   14673672 total
: 106498K->16262K(109248K), 0.0071314 secs] 218528K->128855K(502464K), 0.0071941 secs] [Times: user=0.03 sys=0.00, real=0.01 secs] 
Heap after GC invocations=547 (full 10):
 par new generation   total 109248K, used 16262K [0x00000007a0000000, 0x00000007a8000000, 0x00000007a8000000)
  eden space 87424K,   0% used [0x00000007a0000000, 0x00000007a0000000, 0x00000007a5560000)
  from space 21824K,  74% used [0x00000007a6ab0000, 0x00000007a7a91a20, 0x00000007a8000000)
  to   space 21824K,   0% used [0x00000007a5560000, 0x00000007a5560000, 0x00000007a6ab0000)
 concurrent mark-sweep generation total 393216K, used 112592K [0x00000007a8000000, 0x00000007c0000000, 0x00000007c0000000)
 Metaspace       used 41281K, capacity 42114K, committed 42356K, reserved 1087488K
  class space    used 4701K, capacity 4916K, committed 4988K, reserved 1048576K
}
2016-10-23T22:35:40.604+0800: 2159.633: Total time for which application threads were stopped: 0.0074632 seconds, Stopping threads took: 0.0000999 seconds
{Heap before GC invocations=547 (full 10):
 par new generation   total 109248K, used 103686K [0x00000007a0000000, 0x00000007a8000000, 0x00000007a8000000)
  eden space 87424K, 100% used [0x00000007a0000000, 0x00000007a5560000, 0x00000007a5560000)
  from space 21824K,  74% used [0x00000007a6ab0000, 0x00000007a7a91a20, 0x00000007a8000000)
  to   space 21824K,   0% used [0x00000007a5560000, 0x00000007a5560000, 0x00000007a6ab0000)
 concurrent mark-sweep generation total 393216K, used 112592K [0x00000007a8000000, 0x00000007c0000000, 0x00000007c0000000)
 Metaspace       used 41283K, capacity 42114K, committed 42356K, reserved 1087488K
  class space    used 4701K, capacity 4916K, committed 4988K, reserved 1048576K
2016-10-23T22:35:40.694+0800: 2159.723: [GC (Allocation Failure) 2016-10-23T22:35:40.694+0800: 2159.724: [ParNew
Desired survivor size 20112992 bytes, new threshold 8 (max 8)
- age   1:    4767352 bytes,    4767352 total
- age   2:    2150704 bytes,    6918056 total
- age   3:    2454472 bytes,    9372528 total
- age   4:    1914696 bytes,   11287224 total
- age   5:    1458600 bytes,   12745824 total
- age   6:     773968 bytes,   13519792 total
- age   7:    1979576 bytes,   15499368 total
- age   8:     788272 bytes,   16287640 total
: 103686K->21158K(109248K), 0.0078296 secs] 216279K->134193K(502464K), 0.0078976 secs] [Times: user=0.02 sys=0.00, real=0.01 secs] 
Heap after GC invocations=548 (full 10):
 par new generation   total 109248K, used 21158K [0x00000007a0000000, 0x00000007a8000000, 0x00000007a8000000)
  eden space 87424K,   0% used [0x00000007a0000000, 0x00000007a0000000, 0x00000007a5560000)
  from space 21824K,  96% used [0x00000007a5560000, 0x00000007a6a099f0, 0x00000007a6ab0000)
  to   space 21824K,   0% used [0x00000007a6ab0000, 0x00000007a6ab0000, 0x00000007a8000000)
 concurrent mark-sweep generation total 393216K, used 113035K [0x00000007a8000000, 0x00000007c0000000, 0x00000007c0000000)
 Metaspace       used 41283K, capacity 42114K, committed 42356K, reserved 1087488K
  class space    used 4701K, capacity 4916K, committed 4988K, reserved 1048576K
}
2016-10-23T22:35:40.702+0800: 2159.731: Total time for which application threads were stopped: 0.0081203 seconds, Stopping threads took: 0.0000473 seconds
{Heap before GC invocations=548 (full 10):
 par new generation   total 109248K, used 108582K [0x00000007a0000000, 0x00000007a8000000, 0x00000007a8000000)
  eden space 87424K, 100% used [0x00000007a0000000, 0x00000007a5560000, 0x00000007a5560000)
  from space 21824K,  96% used [0x00000007a5560000, 0x00000007a6a099f0, 0x00000007a6ab0000)
  to   space 21824K,   0% used [0x00000007a6ab0000, 0x00000007a6ab0000, 0x00000007a8000000)
 concurrent mark-sweep generation total 393216K, used 113035K [0x00000007a8000000, 0x00000007c0000000, 0x00000007c0000000)
 Metaspace       used 41283K, capacity 42114K, committed 42356K, reserved 1087488K
  class space    used 4701K, capacity 4916K, committed 4988K, reserved 1048576K
2016-10-23T22:35:40.771+0800: 2159.800: [GC (Allocation Failure) 2016-10-23T22:35:40.771+0800: 2159.800: [ParNew
Desired survivor size 20112992 bytes, new threshold 8 (max 8)
- age   1:    4512856 bytes,    4512856 total
- age   2:    3228016 bytes,    7740872 total
- age   3:    2118688 bytes,    9859560 total
- age   4:    2453968 bytes,   12313528 total
- age   5:    1913960 bytes,   14227488 total
- age   6:    1457864 bytes,   15685352 total
- age   7:     773360 bytes,   16458712 total
- age   8:    1978040 bytes,   18436752 total
: 108582K->21824K(109248K), 0.0082701 secs] 221617K->135637K(502464K), 0.0083414 secs] [Times: user=0.02 sys=0.00, real=0.00 secs] 
Heap after GC invocations=549 (full 10):
 par new generation   total 109248K, used 21824K [0x00000007a0000000, 0x00000007a8000000, 0x00000007a8000000)
  eden space 87424K,   0% used [0x00000007a0000000, 0x00000007a0000000, 0x00000007a5560000)
  from space 21824K, 100% used [0x00000007a6ab0000, 0x00000007a8000000, 0x00000007a8000000)
  to   space 21824K,   0% used [0x00000007a5560000, 0x00000007a5560000, 0x00000007a6ab0000)
 concurrent mark-sweep generation total 393216K, used 113813K [0x00000007a8000000, 0x00000007c0000000, 0x00000007c0000000)
 Metaspace       used 41283K, capacity 42114K, committed 42356K, reserved 1087488K
  class space    used 4701K, capacity 4916K, committed 4988K, reserved 1048576K
}
2016-10-23T22:35:40.779+0800: 2159.808: Total time for which application threads were stopped: 0.0086483 seconds, Stopping threads took: 0.0001379 seconds
{Heap before GC invocations=549 (full 10):
 par new generation   total 109248K, used 109248K [0x00000007a0000000, 0x00000007a8000000, 0x00000007a8000000)
  eden space 87424K, 100% used [0x00000007a0000000, 0x00000007a5560000, 0x00000007a5560000)
  from space 21824K, 100% used [0x00000007a6ab0000, 0x00000007a8000000, 0x00000007a8000000)
  to   space 21824K,   0% used [0x00000007a5560000, 0x00000007a5560000, 0x00000007a6ab0000)
 concurrent mark-sweep generation total 393216K, used 113813K [0x00000007a8000000, 0x00000007c0000000, 0x00000007c0000000)
 Metaspace       used 41283K, capacity 42114K, committed 42356K, reserved 1087488K
  class space    used 4701K, capacity 4916K, committed 4988K, reserved 1048576K
2016-10-23T22:35:40.868+0800: 2159.897: [GC (Allocation Failure) 2016-10-23T22:35:40.868+0800: 2159.897: [ParNew
Desired survivor size 20112992 bytes, new threshold 8 (max 8)
- age   1:    4706384 bytes,    4706384 total
- age   2:    2832904 bytes,    7539288 total
- age   3:    2928320 bytes,   10467608 total
- age   4:    2118472 bytes,   12586080 total
- age   5:    2433408 bytes,   15019488 total
- age   6:    1913960 bytes,   16933448 total
- age   7:    1457832 bytes,   18391280 total
- age   8:     773360 bytes,   19164640 total
: 109248K->21824K(109248K), 0.0114268 secs] 223061K->137577K(502464K), 0.0114962 secs] [Times: user=0.04 sys=0.01, real=0.02 secs] 
Heap after GC invocations=550 (full 10):
 par new generation   total 109248K, used 21824K [0x00000007a0000000, 0x00000007a8000000, 0x00000007a8000000)
  eden space 87424K,   0% used [0x00000007a0000000, 0x00000007a0000000, 0x00000007a5560000)
  from space 21824K, 100% used [0x00000007a5560000, 0x00000007a6ab0000, 0x00000007a6ab0000)
  to   space 21824K,   0% used [0x00000007a6ab0000, 0x00000007a6ab0000, 0x00000007a8000000)
 concurrent mark-sweep generation total 393216K, used 115753K [0x00000007a8000000, 0x00000007c0000000, 0x00000007c0000000)
 Metaspace       used 41283K, capacity 42114K, committed 42356K, reserved 1087488K
  class space    used 4701K, capacity 4916K, committed 4988K, reserved 1048576K
}
2016-10-23T22:35:40.880+0800: 2159.909: Total time for which application threads were stopped: 0.0119217 seconds, Stopping threads took: 0.0001682 seconds
{Heap before GC invocations=550 (full 10):
 par new generation   total 109248K, used 109248K [0x00000007a0000000, 0x00000007a8000000, 0x00000007a8000000)
  eden space 87424K, 100% used [0x00000007a0000000, 0x00000007a5560000, 0x00000007a5560000)
  from space 21824K, 100% used [0x00000007a5560000, 0x00000007a6ab0000, 0x00000007a6ab0000)
  to   space 21824K,   0% used [0x00000007a6ab0000, 0x00000007a6ab0000, 0x00000007a8000000)
 concurrent mark-sweep generation total 393216K, used 115753K [0x00000007a8000000, 0x00000007c0000000, 0x00000007c0000000)
 Metaspace       used 41283K, capacity 42114K, committed 42356K, reserved 1087488K
  class space    used 4701K, capacity 4916K, committed 4988K, reserved 1048576K
2016-10-23T22:35:40.977+0800: 2160.006: [GC (Allocation Failure) 2016-10-23T22:35:40.977+0800: 2160.006: [ParNew
Desired survivor size 20112992 bytes, new threshold 8 (max 8)
- age   1:    4664848 bytes,    4664848 total
- age   2:    2798616 bytes,    7463464 total
- age   3:    2528536 bytes,    9992000 total
- age   4:    2678680 bytes,   12670680 total
- age   5:    1951720 bytes,   14622400 total
- age   6:    2133320 bytes,   16755720 total
- age   7:    1913960 bytes,   18669680 total
- age   8:    1457832 bytes,   20127512 total
: 109248K->21824K(109248K), 0.0115519 secs] 225001K->139781K(502464K), 0.0116147 secs] [Times: user=0.04 sys=0.00, real=0.01 secs] 
Heap after GC invocations=551 (full 10):
 par new generation   total 109248K, used 21824K [0x00000007a0000000, 0x00000007a8000000, 0x00000007a8000000)
  eden space 87424K,   0% used [0x00000007a0000000, 0x00000007a0000000, 0x00000007a5560000)
  from space 21824K, 100% used [0x00000007a6ab0000, 0x00000007a8000000, 0x00000007a8000000)
  to   space 21824K,   0% used [0x00000007a5560000, 0x00000007a5560000, 0x00000007a6ab0000)
 concurrent mark-sweep generation total 393216K, used 117957K [0x00000007a8000000, 0x00000007c0000000, 0x00000007c0000000)
 Metaspace       used 41283K, capacity 42114K, committed 42356K, reserved 1087488K
  class space    used 4701K, capacity 4916K, committed 4988K, reserved 1048576K
}
2016-10-23T22:35:40.989+0800: 2160.018: Total time for which application threads were stopped: 0.0118476 seconds, Stopping threads took: 0.0000540 seconds
{Heap before GC invocations=551 (full 10):
 par new generation   total 109248K, used 109248K [0x00000007a0000000, 0x00000007a8000000, 0x00000007a8000000)
  eden space 87424K, 100% used [0x00000007a0000000, 0x00000007a5560000, 0x00000007a5560000)
  from space 21824K, 100% used [0x00000007a6ab0000, 0x00000007a8000000, 0x00000007a8000000)
  to   space 21824K,   0% used [0x00000007a5560000, 0x00000007a5560000, 0x00000007a6ab0000)
 concurrent mark-sweep generation total 393216K, used 117957K [0x00000007a8000000, 0x00000007c0000000, 0x00000007c0000000)
 Metaspace       used 41283K, capacity 42114K, committed 42356K, reserved 1087488K
  class space    used 4701K, capacity 4916K, committed 4988K, reserved 1048576K
2016-10-23T22:35:41.080+0800: 2160.109: [GC (Allocation Failure) 2016-10-23T22:35:41.080+0800: 2160.109: [ParNew
Desired survivor size 20112992 bytes, new threshold 8 (max 8)
- age   1:    5143192 bytes,    5143192 total
- age   2:    2550080 bytes,    7693272 total
- age   3:    2487280 bytes,   10180552 total
- age   4:    1644024 bytes,   11824576 total
- age   5:    2441016 bytes,   14265592 total
- age   6:    1792440 bytes,   16058032 total
- age   7:    1728832 bytes,   17786864 total
- age   8:    1913960 bytes,   19700824 total
: 109248K->21824K(109248K), 0.0128514 secs] 227205K->143984K(502464K), 0.0128971 secs] [Times: user=0.04 sys=0.01, real=0.01 secs] 
Heap after GC invocations=552 (full 10):
 par new generation   total 109248K, used 21824K [0x00000007a0000000, 0x00000007a8000000, 0x00000007a8000000)
  eden space 87424K,   0% used [0x00000007a0000000, 0x00000007a0000000, 0x00000007a5560000)
  from space 21824K, 100% used [0x00000007a5560000, 0x00000007a6ab0000, 0x00000007a6ab0000)
  to   space 21824K,   0% used [0x00000007a6ab0000, 0x00000007a6ab0000, 0x00000007a8000000)
 concurrent mark-sweep generation total 393216K, used 122160K [0x00000007a8000000, 0x00000007c0000000, 0x00000007c0000000)
 Metaspace       used 41283K, capacity 42114K, committed 42356K, reserved 1087488K
  class space    used 4701K, capacity 4916K, committed 4988K, reserved 1048576K
}
2016-10-23T22:35:41.093+0800: 2160.122: Total time for which application threads were stopped: 0.0131384 seconds, Stopping threads took: 0.0000679 seconds
{Heap before GC invocations=552 (full 10):
 par new generation   total 109248K, used 109248K [0x00000007a0000000, 0x00000007a8000000, 0x00000007a8000000)
  eden space 87424K, 100% used [0x00000007a0000000, 0x00000007a5560000, 0x00000007a5560000)
  from space 21824K, 100% used [0x00000007a5560000, 0x00000007a6ab0000, 0x00000007a6ab0000)
  to   space 21824K,   0% used [0x00000007a6ab0000, 0x00000007a6ab0000, 0x00000007a8000000)
 concurrent mark-sweep generation total 393216K, used 122160K [0x00000007a8000000, 0x00000007c0000000, 0x00000007c0000000)
 Metaspace       used 41283K, capacity 42114K, committed 42356K, reserved 1087488K
  class space    used 4701K, capacity 4916K, committed 4988K, reserved 1048576K
2016-10-23T22:35:41.210+0800: 2160.240: [GC (Allocation Failure) 2016-10-23T22:35:41.210+0800: 2160.240: [ParNew
Desired survivor size 20112992 bytes, new threshold 8 (max 8)
- age   1:    6319312 bytes,    6319312 total
- age   2:    3272424 bytes,    9591736 total
- age   3:    2279936 bytes,   11871672 total
- age   4:    1945296 bytes,   13816968 total
- age   5:    1534072 bytes,   15351040 total
- age   6:    2274592 bytes,   17625632 total
- age   7:    1660736 bytes,   19286368 total
- age   8:    1489904 bytes,   20776272 total
: 109248K->21824K(109248K), 0.0134300 secs] 231408K->148276K(502464K), 0.0134904 secs] [Times: user=0.05 sys=0.00, real=0.01 secs] 
Heap after GC invocations=553 (full 10):
 par new generation   total 109248K, used 21824K [0x00000007a0000000, 0x00000007a8000000, 0x00000007a8000000)
  eden space 87424K,   0% used [0x00000007a0000000, 0x00000007a0000000, 0x00000007a5560000)
  from space 21824K, 100% used [0x00000007a6ab0000, 0x00000007a8000000, 0x00000007a8000000)
  to   space 21824K,   0% used [0x00000007a5560000, 0x00000007a5560000, 0x00000007a6ab0000)
 concurrent mark-sweep generation total 393216K, used 126452K [0x00000007a8000000, 0x00000007c0000000, 0x00000007c0000000)
 Metaspace       used 41283K, capacity 42114K, committed 42356K, reserved 1087488K
  class space    used 4701K, capacity 4916K, committed 4988K, reserved 1048576K
}
2016-10-23T22:35:41.224+0800: 2160.253: Total time for which application threads were stopped: 0.0137327 seconds, Stopping threads took: 0.0000613 seconds
{Heap before GC invocations=553 (full 10):
 par new generation   total 109248K, used 109248K [0x00000007a0000000, 0x00000007a8000000, 0x00000007a8000000)
  eden space 87424K, 100% used [0x00000007a0000000, 0x00000007a5560000, 0x00000007a5560000)
  from space 21824K, 100% used [0x00000007a6ab0000, 0x00000007a8000000, 0x00000007a8000000)
  to   space 21824K,   0% used [0x00000007a5560000, 0x00000007a5560000, 0x00000007a6ab0000)
 concurrent mark-sweep generation total 393216K, used 126452K [0x00000007a8000000, 0x00000007c0000000, 0x00000007c0000000)
 Metaspace       used 41283K, capacity 42114K, committed 42356K, reserved 1087488K
  class space    used 4701K, capacity 4916K, committed 4988K, reserved 1048576K
2016-10-23T22:35:41.340+0800: 2160.369: [GC (Allocation Failure) 2016-10-23T22:35:41.340+0800: 2160.369: [ParNew
Desired survivor size 20112992 bytes, new threshold 8 (max 8)
- age   1:    5964960 bytes,    5964960 total
- age   2:    3427304 bytes,    9392264 total
- age   3:    2993376 bytes,   12385640 total
- age   4:    1996280 bytes,   14381920 total
- age   5:    1719048 bytes,   16100968 total
- age   6:    1353632 bytes,   17454600 total
- age   7:    2037752 bytes,   19492352 total
- age   8:    1464240 bytes,   20956592 total
: 109248K->21824K(109248K), 0.0161196 secs] 235700K->152301K(502464K), 0.0161754 secs] [Times: user=0.06 sys=0.00, real=0.01 secs] 
Heap after GC invocations=554 (full 10):
 par new generation   total 109248K, used 21824K [0x00000007a0000000, 0x00000007a8000000, 0x00000007a8000000)
  eden space 87424K,   0% used [0x00000007a0000000, 0x00000007a0000000, 0x00000007a5560000)
  from space 21824K, 100% used [0x00000007a5560000, 0x00000007a6ab0000, 0x00000007a6ab0000)
  to   space 21824K,   0% used [0x00000007a6ab0000, 0x00000007a6ab0000, 0x00000007a8000000)
 concurrent mark-sweep generation total 393216K, used 130477K [0x00000007a8000000, 0x00000007c0000000, 0x00000007c0000000)
 Metaspace       used 41283K, capacity 42114K, committed 42356K, reserved 1087488K
  class space    used 4701K, capacity 4916K, committed 4988K, reserved 1048576K
}
2016-10-23T22:35:41.356+0800: 2160.386: Total time for which application threads were stopped: 0.0164023 seconds, Stopping threads took: 0.0000532 seconds
{Heap before GC invocations=554 (full 10):
 par new generation   total 109248K, used 109248K [0x00000007a0000000, 0x00000007a8000000, 0x00000007a8000000)
  eden space 87424K, 100% used [0x00000007a0000000, 0x00000007a5560000, 0x00000007a5560000)
  from space 21824K, 100% used [0x00000007a5560000, 0x00000007a6ab0000, 0x00000007a6ab0000)
  to   space 21824K,   0% used [0x00000007a6ab0000, 0x00000007a6ab0000, 0x00000007a8000000)
 concurrent mark-sweep generation total 393216K, used 130477K [0x00000007a8000000, 0x00000007c0000000, 0x00000007c0000000)
 Metaspace       used 41283K, capacity 42114K, committed 42356K, reserved 1087488K
  class space    used 4701K, capacity 4916K, committed 4988K, reserved 1048576K
2016-10-23T22:35:41.507+0800: 2160.536: [GC (Allocation Failure) 2016-10-23T22:35:41.507+0800: 2160.536: [ParNew
Desired survivor size 20112992 bytes, new threshold 8 (max 8)
- age   1:    6890336 bytes,    6890336 total
- age   2:    2539632 bytes,    9429968 total
- age   3:    2959688 bytes,   12389656 total
- age   4:    2472064 bytes,   14861720 total
- age   5:    1708744 bytes,   16570464 total
- age   6:    1468824 bytes,   18039288 total
- age   7:    1155584 bytes,   19194872 total
- age   8:    1599840 bytes,   20794712 total
: 109248K->21824K(109248K), 0.0167117 secs] 239725K->158361K(502464K), 0.0167927 secs] [Times: user=0.06 sys=0.00, real=0.02 secs] 
Heap after GC invocations=555 (full 10):
 par new generation   total 109248K, used 21824K [0x00000007a0000000, 0x00000007a8000000, 0x00000007a8000000)
  eden space 87424K,   0% used [0x00000007a0000000, 0x00000007a0000000, 0x00000007a5560000)
  from space 21824K, 100% used [0x00000007a6ab0000, 0x00000007a8000000, 0x00000007a8000000)
  to   space 21824K,   0% used [0x00000007a5560000, 0x00000007a5560000, 0x00000007a6ab0000)
 concurrent mark-sweep generation total 393216K, used 136537K [0x00000007a8000000, 0x00000007c0000000, 0x00000007c0000000)
 Metaspace       used 41283K, capacity 42114K, committed 42356K, reserved 1087488K
  class space    used 4701K, capacity 4916K, committed 4988K, reserved 1048576K
}
2016-10-23T22:35:41.524+0800: 2160.553: Total time for which application threads were stopped: 0.0170751 seconds, Stopping threads took: 0.0000851 seconds
{Heap before GC invocations=555 (full 10):
 par new generation   total 109248K, used 109248K [0x00000007a0000000, 0x00000007a8000000, 0x00000007a8000000)
  eden space 87424K, 100% used [0x00000007a0000000, 0x00000007a5560000, 0x00000007a5560000)
  from space 21824K, 100% used [0x00000007a6ab0000, 0x00000007a8000000, 0x00000007a8000000)
  to   space 21824K,   0% used [0x00000007a5560000, 0x00000007a5560000, 0x00000007a6ab0000)
 concurrent mark-sweep generation total 393216K, used 136537K [0x00000007a8000000, 0x00000007c0000000, 0x00000007c0000000)
 Metaspace       used 41283K, capacity 42114K, committed 42356K, reserved 1087488K
  class space    used 4701K, capacity 4916K, committed 4988K, reserved 1048576K
2016-10-23T22:35:41.660+0800: 2160.690: [GC (Allocation Failure) 2016-10-23T22:35:41.660+0800: 2160.690: [ParNew
Desired survivor size 20112992 bytes, new threshold 8 (max 8)
- age   1:    1695712 bytes,    1695712 total
- age   2:    5373640 bytes,    7069352 total
- age   3:    2281000 bytes,    9350352 total
- age   4:    2704512 bytes,   12054864 total
- age   5:    2279768 bytes,   14334632 total
- age   6:    1593168 bytes,   15927800 total
- age   7:    1416176 bytes,   17343976 total
- age   8:    1112016 bytes,   18455992 total
: 109248K->21824K(109248K), 0.0160774 secs] 245785K->163225K(502464K), 0.0161324 secs] [Times: user=0.07 sys=0.00, real=0.01 secs] 
Heap after GC invocations=556 (full 10):
 par new generation   total 109248K, used 21824K [0x00000007a0000000, 0x00000007a8000000, 0x00000007a8000000)
  eden space 87424K,   0% used [0x00000007a0000000, 0x00000007a0000000, 0x00000007a5560000)
  from space 21824K, 100% used [0x00000007a5560000, 0x00000007a6ab0000, 0x00000007a6ab0000)
  to   space 21824K,   0% used [0x00000007a6ab0000, 0x00000007a6ab0000, 0x00000007a8000000)
 concurrent mark-sweep generation total 393216K, used 141401K [0x00000007a8000000, 0x00000007c0000000, 0x00000007c0000000)
 Metaspace       used 41283K, capacity 42114K, committed 42356K, reserved 1087488K
  class space    used 4701K, capacity 4916K, committed 4988K, reserved 1048576K
}
2016-10-23T22:35:41.677+0800: 2160.706: Total time for which application threads were stopped: 0.0163653 seconds, Stopping threads took: 0.0000514 seconds
{Heap before GC invocations=556 (full 10):
 par new generation   total 109248K, used 109248K [0x00000007a0000000, 0x00000007a8000000, 0x00000007a8000000)
  eden space 87424K, 100% used [0x00000007a0000000, 0x00000007a5560000, 0x00000007a5560000)
  from space 21824K, 100% used [0x00000007a5560000, 0x00000007a6ab0000, 0x00000007a6ab0000)
  to   space 21824K,   0% used [0x00000007a6ab0000, 0x00000007a6ab0000, 0x00000007a8000000)
 concurrent mark-sweep generation total 393216K, used 141401K [0x00000007a8000000, 0x00000007c0000000, 0x00000007c0000000)
 Metaspace       used 41283K, capacity 42114K, committed 42356K, reserved 1087488K
  class space    used 4701K, capacity 4916K, committed 4988K, reserved 1048576K
2016-10-23T22:35:41.705+0800: 2160.734: [GC (Allocation Failure) 2016-10-23T22:35:41.705+0800: 2160.734: [ParNew
Desired survivor size 20112992 bytes, new threshold 8 (max 8)
- age   1:    1067432 bytes,    1067432 total
- age   2:    1693040 bytes,    2760472 total
- age   3:    5373448 bytes,    8133920 total
- age   4:    2280832 bytes,   10414752 total
- age   5:    2704440 bytes,   13119192 total
- age   6:    2279696 bytes,   15398888 total
- age   7:    1593000 bytes,   16991888 total
- age   8:    1416056 bytes,   18407944 total
: 109248K->21824K(109248K), 0.0117690 secs] 250649K->164337K(502464K), 0.0118133 secs] [Times: user=0.05 sys=0.00, real=0.01 secs] 
Heap after GC invocations=557 (full 10):
 par new generation   total 109248K, used 21824K [0x00000007a0000000, 0x00000007a8000000, 0x00000007a8000000)
  eden space 87424K,   0% used [0x00000007a0000000, 0x00000007a0000000, 0x00000007a5560000)
  from space 21824K, 100% used [0x00000007a6ab0000, 0x00000007a8000000, 0x00000007a8000000)
  to   space 21824K,   0% used [0x00000007a5560000, 0x00000007a5560000, 0x00000007a6ab0000)
 concurrent mark-sweep generation total 393216K, used 142513K [0x00000007a8000000, 0x00000007c0000000, 0x00000007c0000000)
 Metaspace       used 41283K, capacity 42114K, committed 42356K, reserved 1087488K
  class space    used 4701K, capacity 4916K, committed 4988K, reserved 1048576K
}
2016-10-23T22:35:41.717+0800: 2160.746: Total time for which application threads were stopped: 0.0120747 seconds, Stopping threads took: 0.0000871 seconds
{Heap before GC invocations=557 (full 10):
 par new generation   total 109248K, used 109248K [0x00000007a0000000, 0x00000007a8000000, 0x00000007a8000000)
  eden space 87424K, 100% used [0x00000007a0000000, 0x00000007a5560000, 0x00000007a5560000)
  from space 21824K, 100% used [0x00000007a6ab0000, 0x00000007a8000000, 0x00000007a8000000)
  to   space 21824K,   0% used [0x00000007a5560000, 0x00000007a5560000, 0x00000007a6ab0000)
 concurrent mark-sweep generation total 393216K, used 142513K [0x00000007a8000000, 0x00000007c0000000, 0x00000007c0000000)
 Metaspace       used 41283K, capacity 42114K, committed 42356K, reserved 1087488K
  class space    used 4701K, capacity 4916K, committed 4988K, reserved 1048576K
2016-10-23T22:35:41.833+0800: 2160.862: [GC (Allocation Failure) 2016-10-23T22:35:41.833+0800: 2160.862: [ParNew
Desired survivor size 20112992 bytes, new threshold 8 (max 8)
- age   1:    4857088 bytes,    4857088 total
- age   2:     456264 bytes,    5313352 total
- age   3:    1309424 bytes,    6622776 total
- age   4:    4942760 bytes,   11565536 total
- age   5:    2045672 bytes,   13611208 total
- age   6:    2476224 bytes,   16087432 total
- age   7:    2102064 bytes,   18189496 total
- age   8:    1398448 bytes,   19587944 total
: 109248K->21824K(109248K), 0.0139381 secs] 251761K->165571K(502464K), 0.0140052 secs] [Times: user=0.09 sys=0.01, real=0.01 secs] 
Heap after GC invocations=558 (full 10):
 par new generation   total 109248K, used 21824K [0x00000007a0000000, 0x00000007a8000000, 0x00000007a8000000)
  eden space 87424K,   0% used [0x00000007a0000000, 0x00000007a0000000, 0x00000007a5560000)
  from space 21824K, 100% used [0x00000007a5560000, 0x00000007a6ab0000, 0x00000007a6ab0000)
  to   space 21824K,   0% used [0x00000007a6ab0000, 0x00000007a6ab0000, 0x00000007a8000000)
 concurrent mark-sweep generation total 393216K, used 143747K [0x00000007a8000000, 0x00000007c0000000, 0x00000007c0000000)
 Metaspace       used 41283K, capacity 42114K, committed 42356K, reserved 1087488K
  class space    used 4701K, capacity 4916K, committed 4988K, reserved 1048576K
}
2016-10-23T22:35:41.847+0800: 2160.876: Total time for which application threads were stopped: 0.0142700 seconds, Stopping threads took: 0.0000586 seconds
{Heap before GC invocations=558 (full 10):
 par new generation   total 109248K, used 109248K [0x00000007a0000000, 0x00000007a8000000, 0x00000007a8000000)
  eden space 87424K, 100% used [0x00000007a0000000, 0x00000007a5560000, 0x00000007a5560000)
  from space 21824K, 100% used [0x00000007a5560000, 0x00000007a6ab0000, 0x00000007a6ab0000)
  to   space 21824K,   0% used [0x00000007a6ab0000, 0x00000007a6ab0000, 0x00000007a8000000)
 concurrent mark-sweep generation total 393216K, used 143747K [0x00000007a8000000, 0x00000007c0000000, 0x00000007c0000000)
 Metaspace       used 41283K, capacity 42114K, committed 42356K, reserved 1087488K
  class space    used 4701K, capacity 4916K, committed 4988K, reserved 1048576K
2016-10-23T22:35:41.989+0800: 2161.018: [GC (Allocation Failure) 2016-10-23T22:35:41.989+0800: 2161.018: [ParNew
Desired survivor size 20112992 bytes, new threshold 8 (max 8)
- age   1:    4636456 bytes,    4636456 total
- age   2:    3103968 bytes,    7740424 total
- age   3:     440096 bytes,    8180520 total
- age   4:    1288784 bytes,    9469304 total
- age   5:    4374952 bytes,   13844256 total
- age   6:    1999648 bytes,   15843904 total
- age   7:    2432536 bytes,   18276440 total
- age   8:    2068248 bytes,   20344688 total
: 109248K->21824K(109248K), 0.0139161 secs] 252995K->169561K(502464K), 0.0139717 secs] [Times: user=0.05 sys=0.00, real=0.02 secs] 
Heap after GC invocations=559 (full 10):
 par new generation   total 109248K, used 21824K [0x00000007a0000000, 0x00000007a8000000, 0x00000007a8000000)
  eden space 87424K,   0% used [0x00000007a0000000, 0x00000007a0000000, 0x00000007a5560000)
  from space 21824K, 100% used [0x00000007a6ab0000, 0x00000007a8000000, 0x00000007a8000000)
  to   space 21824K,   0% used [0x00000007a5560000, 0x00000007a5560000, 0x00000007a6ab0000)
 concurrent mark-sweep generation total 393216K, used 147737K [0x00000007a8000000, 0x00000007c0000000, 0x00000007c0000000)
 Metaspace       used 41283K, capacity 42114K, committed 42356K, reserved 1087488K
  class space    used 4701K, capacity 4916K, committed 4988K, reserved 1048576K
}
2016-10-23T22:35:42.003+0800: 2161.032: Total time for which application threads were stopped: 0.0142260 seconds, Stopping threads took: 0.0000413 seconds
{Heap before GC invocations=559 (full 10):
 par new generation   total 109248K, used 109248K [0x00000007a0000000, 0x00000007a8000000, 0x00000007a8000000)
  eden space 87424K, 100% used [0x00000007a0000000, 0x00000007a5560000, 0x00000007a5560000)
  from space 21824K, 100% used [0x00000007a6ab0000, 0x00000007a8000000, 0x00000007a8000000)
  to   space 21824K,   0% used [0x00000007a5560000, 0x00000007a5560000, 0x00000007a6ab0000)
 concurrent mark-sweep generation total 393216K, used 147737K [0x00000007a8000000, 0x00000007c0000000, 0x00000007c0000000)
 Metaspace       used 41283K, capacity 42114K, committed 42356K, reserved 1087488K
  class space    used 4701K, capacity 4916K, committed 4988K, reserved 1048576K
2016-10-23T22:35:42.141+0800: 2161.170: [GC (Allocation Failure) 2016-10-23T22:35:42.141+0800: 2161.170: [ParNew
Desired survivor size 20112992 bytes, new threshold 8 (max 8)
- age   1:    5575680 bytes,    5575680 total
- age   2:    3227528 bytes,    8803208 total
- age   3:    2408200 bytes,   11211408 total
- age   4:     374624 bytes,   11586032 total
- age   5:    1054376 bytes,   12640408 total
- age   6:    4152840 bytes,   16793248 total
- age   7:    1867936 bytes,   18661184 total
- age   8:    2296040 bytes,   20957224 total
: 109248K->21824K(109248K), 0.0135718 secs] 256985K->174296K(502464K), 0.0136547 secs] [Times: user=0.05 sys=0.00, real=0.01 secs] 
Heap after GC invocations=560 (full 10):
 par new generation   total 109248K, used 21824K [0x00000007a0000000, 0x00000007a8000000, 0x00000007a8000000)
  eden space 87424K,   0% used [0x00000007a0000000, 0x00000007a0000000, 0x00000007a5560000)
  from space 21824K, 100% used [0x00000007a5560000, 0x00000007a6ab0000, 0x00000007a6ab0000)
  to   space 21824K,   0% used [0x00000007a6ab0000, 0x00000007a6ab0000, 0x00000007a8000000)
 concurrent mark-sweep generation total 393216K, used 152472K [0x00000007a8000000, 0x00000007c0000000, 0x00000007c0000000)
 Metaspace       used 41283K, capacity 42114K, committed 42356K, reserved 1087488K
  class space    used 4701K, capacity 4916K, committed 4988K, reserved 1048576K
}
2016-10-23T22:35:42.155+0800: 2161.184: Total time for which application threads were stopped: 0.0139173 seconds, Stopping threads took: 0.0000948 seconds
{Heap before GC invocations=560 (full 10):
 par new generation   total 109248K, used 109248K [0x00000007a0000000, 0x00000007a8000000, 0x00000007a8000000)
  eden space 87424K, 100% used [0x00000007a0000000, 0x00000007a5560000, 0x00000007a5560000)
  from space 21824K, 100% used [0x00000007a5560000, 0x00000007a6ab0000, 0x00000007a6ab0000)
  to   space 21824K,   0% used [0x00000007a6ab0000, 0x00000007a6ab0000, 0x00000007a8000000)
 concurrent mark-sweep generation total 393216K, used 152472K [0x00000007a8000000, 0x00000007c0000000, 0x00000007c0000000)
 Metaspace       used 41283K, capacity 42114K, committed 42356K, reserved 1087488K
  class space    used 4701K, capacity 4916K, committed 4988K, reserved 1048576K
2016-10-23T22:35:42.294+0800: 2161.323: [GC (Allocation Failure) 2016-10-23T22:35:42.294+0800: 2161.323: [ParNew
Desired survivor size 20112992 bytes, new threshold 8 (max 8)
- age   1:    6538272 bytes,    6538272 total
- age   2:    3376416 bytes,    9914688 total
- age   3:    2420976 bytes,   12335664 total
- age   4:    2098792 bytes,   14434456 total
- age   5:     356080 bytes,   14790536 total
- age   6:     948208 bytes,   15738744 total
- age   7:    4106440 bytes,   19845184 total
- age   8:    1843848 bytes,   21689032 total
: 109248K->21824K(109248K), 0.0144321 secs] 261720K->179332K(502464K), 0.0144920 secs] [Times: user=0.05 sys=0.00, real=0.01 secs] 
Heap after GC invocations=561 (full 10):
 par new generation   total 109248K, used 21824K [0x00000007a0000000, 0x00000007a8000000, 0x00000007a8000000)
  eden space 87424K,   0% used [0x00000007a0000000, 0x00000007a0000000, 0x00000007a5560000)
  from space 21824K, 100% used [0x00000007a6ab0000, 0x00000007a8000000, 0x00000007a8000000)
  to   space 21824K,   0% used [0x00000007a5560000, 0x00000007a5560000, 0x00000007a6ab0000)
 concurrent mark-sweep generation total 393216K, used 157508K [0x00000007a8000000, 0x00000007c0000000, 0x00000007c0000000)
 Metaspace       used 41283K, capacity 42114K, committed 42356K, reserved 1087488K
  class space    used 4701K, capacity 4916K, committed 4988K, reserved 1048576K
}
2016-10-23T22:35:42.308+0800: 2161.337: Total time for which application threads were stopped: 0.0147703 seconds, Stopping threads took: 0.0000795 seconds
2016-10-23T22:35:42.348+0800: 2161.378: Total time for which application threads were stopped: 0.0004589 seconds, Stopping threads took: 0.0000893 seconds
{Heap before GC invocations=561 (full 10):
 par new generation   total 109248K, used 109248K [0x00000007a0000000, 0x00000007a8000000, 0x00000007a8000000)
  eden space 87424K, 100% used [0x00000007a0000000, 0x00000007a5560000, 0x00000007a5560000)
  from space 21824K, 100% used [0x00000007a6ab0000, 0x00000007a8000000, 0x00000007a8000000)
  to   space 21824K,   0% used [0x00000007a5560000, 0x00000007a5560000, 0x00000007a6ab0000)
 concurrent mark-sweep generation total 393216K, used 157508K [0x00000007a8000000, 0x00000007c0000000, 0x00000007c0000000)
 Metaspace       used 41333K, capacity 42114K, committed 42356K, reserved 1087488K
  class space    used 4701K, capacity 4916K, committed 4988K, reserved 1048576K
2016-10-23T22:35:42.463+0800: 2161.492: [GC (Allocation Failure) 2016-10-23T22:35:42.463+0800: 2161.492: [ParNew
Desired survivor size 20112992 bytes, new threshold 8 (max 8)
- age   1:    6583104 bytes,    6583104 total
- age   2:    4081384 bytes,   10664488 total
- age   3:    3145656 bytes,   13810144 total
- age   4:    2334512 bytes,   16144656 total
- age   5:    1875848 bytes,   18020504 total
- age   6:     315872 bytes,   18336376 total
- age   7:     885704 bytes,   19222080 total
- age   8:    2714976 bytes,   21937056 total
: 109248K->21824K(109248K), 0.0174407 secs] 266756K->183875K(502464K), 0.0175124 secs] [Times: user=0.06 sys=0.00, real=0.02 secs] 
Heap after GC invocations=562 (full 10):
 par new generation   total 109248K, used 21824K [0x00000007a0000000, 0x00000007a8000000, 0x00000007a8000000)
  eden space 87424K,   0% used [0x00000007a0000000, 0x00000007a0000000, 0x00000007a5560000)
  from space 21824K, 100% used [0x00000007a5560000, 0x00000007a6ab0000, 0x00000007a6ab0000)
  to   space 21824K,   0% used [0x00000007a6ab0000, 0x00000007a6ab0000, 0x00000007a8000000)
 concurrent mark-sweep generation total 393216K, used 162051K [0x00000007a8000000, 0x00000007c0000000, 0x00000007c0000000)
 Metaspace       used 41333K, capacity 42114K, committed 42356K, reserved 1087488K
  class space    used 4701K, capacity 4916K, committed 4988K, reserved 1048576K
}
2016-10-23T22:35:42.481+0800: 2161.510: Total time for which application threads were stopped: 0.0177662 seconds, Stopping threads took: 0.0000701 seconds
2016-10-23T22:35:42.601+0800: 2161.630: Total time for which application threads were stopped: 0.0002217 seconds, Stopping threads took: 0.0000848 seconds
2016-10-23T22:35:42.601+0800: 2161.630: Total time for which application threads were stopped: 0.0001680 seconds, Stopping threads took: 0.0000735 seconds
2016-10-23T22:35:42.609+0800: 2161.638: Total time for which application threads were stopped: 0.0002390 seconds, Stopping threads took: 0.0000903 seconds
2016-10-23T22:35:42.609+0800: 2161.639: Total time for which application threads were stopped: 0.0001924 seconds, Stopping threads took: 0.0000915 seconds
{Heap before GC invocations=562 (full 10):
 par new generation   total 109248K, used 109248K [0x00000007a0000000, 0x00000007a8000000, 0x00000007a8000000)
  eden space 87424K, 100% used [0x00000007a0000000, 0x00000007a5560000, 0x00000007a5560000)
  from space 21824K, 100% used [0x00000007a5560000, 0x00000007a6ab0000, 0x00000007a6ab0000)
  to   space 21824K,   0% used [0x00000007a6ab0000, 0x00000007a6ab0000, 0x00000007a8000000)
 concurrent mark-sweep generation total 393216K, used 162051K [0x00000007a8000000, 0x00000007c0000000, 0x00000007c0000000)
 Metaspace       used 41339K, capacity 42114K, committed 42356K, reserved 1087488K
  class space    used 4702K, capacity 4916K, committed 4988K, reserved 1048576K
2016-10-23T22:35:42.625+0800: 2161.654: [GC (Allocation Failure) 2016-10-23T22:35:42.625+0800: 2161.654: [ParNew
Desired survivor size 20112992 bytes, new threshold 8 (max 8)
- age   1:    2522664 bytes,    2522664 total
- age   2:    6099144 bytes,    8621808 total
- age   3:    3906944 bytes,   12528752 total
- age   4:    2967304 bytes,   15496056 total
- age   5:    2160632 bytes,   17656688 total
- age   6:    1763608 bytes,   19420296 total
- age   7:     294880 bytes,   19715176 total
- age   8:     788248 bytes,   20503424 total
: 109248K->21824K(109248K), 0.0217554 secs] 271299K->187545K(502464K), 0.0219672 secs] [Times: user=0.08 sys=0.00, real=0.02 secs] 
Heap after GC invocations=563 (full 10):
 par new generation   total 109248K, used 21824K [0x00000007a0000000, 0x00000007a8000000, 0x00000007a8000000)
  eden space 87424K,   0% used [0x00000007a0000000, 0x00000007a0000000, 0x00000007a5560000)
  from space 21824K, 100% used [0x00000007a6ab0000, 0x00000007a8000000, 0x00000007a8000000)
  to   space 21824K,   0% used [0x00000007a5560000, 0x00000007a5560000, 0x00000007a6ab0000)
 concurrent mark-sweep generation total 393216K, used 165721K [0x00000007a8000000, 0x00000007c0000000, 0x00000007c0000000)
 Metaspace       used 41339K, capacity 42114K, committed 42356K, reserved 1087488K
  class space    used 4702K, capacity 4916K, committed 4988K, reserved 1048576K
}
2016-10-23T22:35:42.647+0800: 2161.676: Total time for which application threads were stopped: 0.0224348 seconds, Stopping threads took: 0.0000995 seconds
{Heap before GC invocations=563 (full 10):
 par new generation   total 109248K, used 109248K [0x00000007a0000000, 0x00000007a8000000, 0x00000007a8000000)
  eden space 87424K, 100% used [0x00000007a0000000, 0x00000007a5560000, 0x00000007a5560000)
  from space 21824K, 100% used [0x00000007a6ab0000, 0x00000007a8000000, 0x00000007a8000000)
  to   space 21824K,   0% used [0x00000007a5560000, 0x00000007a5560000, 0x00000007a6ab0000)
 concurrent mark-sweep generation total 393216K, used 165721K [0x00000007a8000000, 0x00000007c0000000, 0x00000007c0000000)
 Metaspace       used 41339K, capacity 42114K, committed 42356K, reserved 1087488K
  class space    used 4702K, capacity 4916K, committed 4988K, reserved 1048576K
2016-10-23T22:35:42.691+0800: 2161.721: [GC (Allocation Failure) 2016-10-23T22:35:42.692+0800: 2161.721: [ParNew
Desired survivor size 20112992 bytes, new threshold 8 (max 8)
- age   1:    1289872 bytes,    1289872 total
- age   2:    2307584 bytes,    3597456 total
- age   3:    5803144 bytes,    9400600 total
- age   4:    3652200 bytes,   13052800 total
- age   5:    2751944 bytes,   15804744 total
- age   6:    1973704 bytes,   17778448 total
- age   7:    1623064 bytes,   19401512 total
- age   8:     279176 bytes,   19680688 total
: 109248K->21824K(109248K), 0.0115194 secs] 274969K->188872K(502464K), 0.0115809 secs] [Times: user=0.04 sys=0.00, real=0.01 secs] 
Heap after GC invocations=564 (full 10):
 par new generation   total 109248K, used 21824K [0x00000007a0000000, 0x00000007a8000000, 0x00000007a8000000)
  eden space 87424K,   0% used [0x00000007a0000000, 0x00000007a0000000, 0x00000007a5560000)
  from space 21824K, 100% used [0x00000007a5560000, 0x00000007a6ab0000, 0x00000007a6ab0000)
  to   space 21824K,   0% used [0x00000007a6ab0000, 0x00000007a6ab0000, 0x00000007a8000000)
 concurrent mark-sweep generation total 393216K, used 167048K [0x00000007a8000000, 0x00000007c0000000, 0x00000007c0000000)
 Metaspace       used 41339K, capacity 42114K, committed 42356K, reserved 1087488K
  class space    used 4702K, capacity 4916K, committed 4988K, reserved 1048576K
}
2016-10-23T22:35:42.703+0800: 2161.732: Total time for which application threads were stopped: 0.0118132 seconds, Stopping threads took: 0.0000575 seconds
{Heap before GC invocations=564 (full 10):
 par new generation   total 109248K, used 109248K [0x00000007a0000000, 0x00000007a8000000, 0x00000007a8000000)
  eden space 87424K, 100% used [0x00000007a0000000, 0x00000007a5560000, 0x00000007a5560000)
  from space 21824K, 100% used [0x00000007a5560000, 0x00000007a6ab0000, 0x00000007a6ab0000)
  to   space 21824K,   0% used [0x00000007a6ab0000, 0x00000007a6ab0000, 0x00000007a8000000)
 concurrent mark-sweep generation total 393216K, used 167048K [0x00000007a8000000, 0x00000007c0000000, 0x00000007c0000000)
 Metaspace       used 41341K, capacity 42114K, committed 42356K, reserved 1087488K
  class space    used 4702K, capacity 4916K, committed 4988K, reserved 1048576K
2016-10-23T22:35:42.842+0800: 2161.871: [GC (Allocation Failure) 2016-10-23T22:35:42.842+0800: 2161.871: [ParNew
Desired survivor size 20112992 bytes, new threshold 8 (max 8)
- age   1:    5105848 bytes,    5105848 total
- age   2:     717192 bytes,    5823040 total
- age   3:    1810248 bytes,    7633288 total
- age   4:    4674472 bytes,   12307760 total
- age   5:    2895832 bytes,   15203592 total
- age   6:    2253304 bytes,   17456896 total
- age   7:    1529392 bytes,   18986288 total
- age   8:    1359648 bytes,   20345936 total
: 109248K->21824K(109248K), 0.0136182 secs] 276296K->191913K(502464K), 0.0136997 secs] [Times: user=0.06 sys=0.01, real=0.01 secs] 
Heap after GC invocations=565 (full 10):
 par new generation   total 109248K, used 21824K [0x00000007a0000000, 0x00000007a8000000, 0x00000007a8000000)
  eden space 87424K,   0% used [0x00000007a0000000, 0x00000007a0000000, 0x00000007a5560000)
  from space 21824K, 100% used [0x00000007a6ab0000, 0x00000007a8000000, 0x00000007a8000000)
  to   space 21824K,   0% used [0x00000007a5560000, 0x00000007a5560000, 0x00000007a6ab0000)
 concurrent mark-sweep generation total 393216K, used 170089K [0x00000007a8000000, 0x00000007c0000000, 0x00000007c0000000)
 Metaspace       used 41341K, capacity 42114K, committed 42356K, reserved 1087488K
  class space    used 4702K, capacity 4916K, committed 4988K, reserved 1048576K
}
2016-10-23T22:35:42.856+0800: 2161.885: Total time for which application threads were stopped: 0.0139137 seconds, Stopping threads took: 0.0000260 seconds
{Heap before GC invocations=565 (full 10):
 par new generation   total 109248K, used 109248K [0x00000007a0000000, 0x00000007a8000000, 0x00000007a8000000)
  eden space 87424K, 100% used [0x00000007a0000000, 0x00000007a5560000, 0x00000007a5560000)
  from space 21824K, 100% used [0x00000007a6ab0000, 0x00000007a8000000, 0x00000007a8000000)
  to   space 21824K,   0% used [0x00000007a5560000, 0x00000007a5560000, 0x00000007a6ab0000)
 concurrent mark-sweep generation total 393216K, used 170089K [0x00000007a8000000, 0x00000007c0000000, 0x00000007c0000000)
 Metaspace       used 41341K, capacity 42114K, committed 42356K, reserved 1087488K
  class space    used 4702K, capacity 4916K, committed 4988K, reserved 1048576K
2016-10-23T22:35:42.987+0800: 2162.016: [GC (Allocation Failure) 2016-10-23T22:35:42.987+0800: 2162.016: [ParNew
Desired survivor size 20112992 bytes, new threshold 7 (max 8)
- age   1:    5568376 bytes,    5568376 total
- age   2:    3310464 bytes,    8878840 total
- age   3:     428520 bytes,    9307360 total
- age   4:    1509776 bytes,   10817136 total
- age   5:    4508760 bytes,   15325896 total
- age   6:    2726040 bytes,   18051936 total
- age   7:    2080600 bytes,   20132536 total
- age   8:    1355384 bytes,   21487920 total
: 109248K->21824K(109248K), 0.0151328 secs] 279337K->196157K(502464K), 0.0151918 secs] [Times: user=0.07 sys=0.00, real=0.02 secs] 
Heap after GC invocations=566 (full 10):
 par new generation   total 109248K, used 21824K [0x00000007a0000000, 0x00000007a8000000, 0x00000007a8000000)
  eden space 87424K,   0% used [0x00000007a0000000, 0x00000007a0000000, 0x00000007a5560000)
  from space 21824K, 100% used [0x00000007a5560000, 0x00000007a6ab0000, 0x00000007a6ab0000)
  to   space 21824K,   0% used [0x00000007a6ab0000, 0x00000007a6ab0000, 0x00000007a8000000)
 concurrent mark-sweep generation total 393216K, used 174333K [0x00000007a8000000, 0x00000007c0000000, 0x00000007c0000000)
 Metaspace       used 41341K, capacity 42114K, committed 42356K, reserved 1087488K
  class space    used 4702K, capacity 4916K, committed 4988K, reserved 1048576K
}
2016-10-23T22:35:43.002+0800: 2162.032: Total time for which application threads were stopped: 0.0154196 seconds, Stopping threads took: 0.0000637 seconds
{Heap before GC invocations=566 (full 10):
 par new generation   total 109248K, used 109248K [0x00000007a0000000, 0x00000007a8000000, 0x00000007a8000000)
  eden space 87424K, 100% used [0x00000007a0000000, 0x00000007a5560000, 0x00000007a5560000)
  from space 21824K, 100% used [0x00000007a5560000, 0x00000007a6ab0000, 0x00000007a6ab0000)
  to   space 21824K,   0% used [0x00000007a6ab0000, 0x00000007a6ab0000, 0x00000007a8000000)
 concurrent mark-sweep generation total 393216K, used 174333K [0x00000007a8000000, 0x00000007c0000000, 0x00000007c0000000)
 Metaspace       used 41341K, capacity 42114K, committed 42356K, reserved 1087488K
  class space    used 4702K, capacity 4916K, committed 4988K, reserved 1048576K
2016-10-23T22:35:43.140+0800: 2162.169: [GC (Allocation Failure) 2016-10-23T22:35:43.140+0800: 2162.169: [ParNew
Desired survivor size 20112992 bytes, new threshold 7 (max 8)
- age   1:    6325928 bytes,    6325928 total
- age   2:    2976656 bytes,    9302584 total
- age   3:    2640256 bytes,   11942840 total
- age   4:     375544 bytes,   12318384 total
- age   5:    1461704 bytes,   13780088 total
- age   6:    4491160 bytes,   18271248 total
- age   7:    2704040 bytes,   20975288 total
: 109248K->21824K(109248K), 0.0142589 secs] 283581K->201753K(502464K), 0.0143153 secs] [Times: user=0.05 sys=0.01, real=0.01 secs] 
Heap after GC invocations=567 (full 10):
 par new generation   total 109248K, used 21824K [0x00000007a0000000, 0x00000007a8000000, 0x00000007a8000000)
  eden space 87424K,   0% used [0x00000007a0000000, 0x00000007a0000000, 0x00000007a5560000)
  from space 21824K, 100% used [0x00000007a6ab0000, 0x00000007a8000000, 0x00000007a8000000)
  to   space 21824K,   0% used [0x00000007a5560000, 0x00000007a5560000, 0x00000007a6ab0000)
 concurrent mark-sweep generation total 393216K, used 179929K [0x00000007a8000000, 0x00000007c0000000, 0x00000007c0000000)
 Metaspace       used 41341K, capacity 42114K, committed 42356K, reserved 1087488K
  class space    used 4702K, capacity 4916K, committed 4988K, reserved 1048576K
}
2016-10-23T22:35:43.154+0800: 2162.183: Total time for which application threads were stopped: 0.0145616 seconds, Stopping threads took: 0.0000829 seconds
{Heap before GC invocations=567 (full 10):
 par new generation   total 109248K, used 109248K [0x00000007a0000000, 0x00000007a8000000, 0x00000007a8000000)
  eden space 87424K, 100% used [0x00000007a0000000, 0x00000007a5560000, 0x00000007a5560000)
  from space 21824K, 100% used [0x00000007a6ab0000, 0x00000007a8000000, 0x00000007a8000000)
  to   space 21824K,   0% used [0x00000007a5560000, 0x00000007a5560000, 0x00000007a6ab0000)
 concurrent mark-sweep generation total 393216K, used 179929K [0x00000007a8000000, 0x00000007c0000000, 0x00000007c0000000)
 Metaspace       used 41341K, capacity 42114K, committed 42356K, reserved 1087488K
  class space    used 4702K, capacity 4916K, committed 4988K, reserved 1048576K
2016-10-23T22:35:43.293+0800: 2162.322: [GC (Allocation Failure) 2016-10-23T22:35:43.293+0800: 2162.322: [ParNew
Desired survivor size 20112992 bytes, new threshold 7 (max 8)
- age   1:    6873544 bytes,    6873544 total
- age   2:    4381704 bytes,   11255248 total
- age   3:    2412888 bytes,   13668136 total
- age   4:    2422920 bytes,   16091056 total
- age   5:     345808 bytes,   16436864 total
- age   6:    1386816 bytes,   17823680 total
- age   7:    4489744 bytes,   22313424 total
: 109248K->21824K(109248K), 0.0137922 secs] 289177K->206266K(502464K), 0.0138543 secs] [Times: user=0.05 sys=0.00, real=0.01 secs] 
Heap after GC invocations=568 (full 10):
 par new generation   total 109248K, used 21824K [0x00000007a0000000, 0x00000007a8000000, 0x00000007a8000000)
  eden space 87424K,   0% used [0x00000007a0000000, 0x00000007a0000000, 0x00000007a5560000)
  from space 21824K, 100% used [0x00000007a5560000, 0x00000007a6ab0000, 0x00000007a6ab0000)
  to   space 21824K,   0% used [0x00000007a6ab0000, 0x00000007a6ab0000, 0x00000007a8000000)
 concurrent mark-sweep generation total 393216K, used 184442K [0x00000007a8000000, 0x00000007c0000000, 0x00000007c0000000)
 Metaspace       used 41341K, capacity 42114K, committed 42356K, reserved 1087488K
  class space    used 4702K, capacity 4916K, committed 4988K, reserved 1048576K
}
2016-10-23T22:35:43.307+0800: 2162.336: Total time for which application threads were stopped: 0.0141184 seconds, Stopping threads took: 0.0000511 seconds
{Heap before GC invocations=568 (full 10):
 par new generation   total 109248K, used 109248K [0x00000007a0000000, 0x00000007a8000000, 0x00000007a8000000)
  eden space 87424K, 100% used [0x00000007a0000000, 0x00000007a5560000, 0x00000007a5560000)
  from space 21824K, 100% used [0x00000007a5560000, 0x00000007a6ab0000, 0x00000007a6ab0000)
  to   space 21824K,   0% used [0x00000007a6ab0000, 0x00000007a6ab0000, 0x00000007a8000000)
 concurrent mark-sweep generation total 393216K, used 184442K [0x00000007a8000000, 0x00000007c0000000, 0x00000007c0000000)
 Metaspace       used 41341K, capacity 42114K, committed 42356K, reserved 1087488K
  class space    used 4702K, capacity 4916K, committed 4988K, reserved 1048576K
2016-10-23T22:35:43.448+0800: 2162.477: [GC (Allocation Failure) 2016-10-23T22:35:43.448+0800: 2162.477: [ParNew
Desired survivor size 20112992 bytes, new threshold 8 (max 8)
- age   1:    6796256 bytes,    6796256 total
- age   2:    3892608 bytes,   10688864 total
- age   3:    3451368 bytes,   14140232 total
- age   4:    1908992 bytes,   16049224 total
- age   5:    2181640 bytes,   18230864 total
- age   6:     324168 bytes,   18555032 total
- age   7:    1340840 bytes,   19895872 total
: 109248K->21824K(109248K), 0.0140277 secs] 293690K->213877K(502464K), 0.0140992 secs] [Times: user=0.05 sys=0.00, real=0.02 secs] 
Heap after GC invocations=569 (full 10):
 par new generation   total 109248K, used 21824K [0x00000007a0000000, 0x00000007a8000000, 0x00000007a8000000)
  eden space 87424K,   0% used [0x00000007a0000000, 0x00000007a0000000, 0x00000007a5560000)
  from space 21824K, 100% used [0x00000007a6ab0000, 0x00000007a8000000, 0x00000007a8000000)
  to   space 21824K,   0% used [0x00000007a5560000, 0x00000007a5560000, 0x00000007a6ab0000)
 concurrent mark-sweep generation total 393216K, used 192053K [0x00000007a8000000, 0x00000007c0000000, 0x00000007c0000000)
 Metaspace       used 41341K, capacity 42114K, committed 42356K, reserved 1087488K
  class space    used 4702K, capacity 4916K, committed 4988K, reserved 1048576K
}
2016-10-23T22:35:43.462+0800: 2162.492: Total time for which application threads were stopped: 0.0143741 seconds, Stopping threads took: 0.0000725 seconds
{Heap before GC invocations=569 (full 10):
 par new generation   total 109248K, used 109226K [0x00000007a0000000, 0x00000007a8000000, 0x00000007a8000000)
  eden space 87424K,  99% used [0x00000007a0000000, 0x00000007a555aac8, 0x00000007a5560000)
  from space 21824K, 100% used [0x00000007a6ab0000, 0x00000007a8000000, 0x00000007a8000000)
  to   space 21824K,   0% used [0x00000007a5560000, 0x00000007a5560000, 0x00000007a6ab0000)
 concurrent mark-sweep generation total 393216K, used 192053K [0x00000007a8000000, 0x00000007c0000000, 0x00000007c0000000)
 Metaspace       used 41341K, capacity 42114K, committed 42356K, reserved 1087488K
  class space    used 4702K, capacity 4916K, committed 4988K, reserved 1048576K
2016-10-23T22:35:43.604+0800: 2162.633: [GC (Allocation Failure) 2016-10-23T22:35:43.604+0800: 2162.633: [ParNew
Desired survivor size 20112992 bytes, new threshold 8 (max 8)
- age   1:    4038064 bytes,    4038064 total
- age   2:    5485088 bytes,    9523152 total
- age   3:    3240928 bytes,   12764080 total
- age   4:    2762352 bytes,   15526432 total
- age   5:    1287704 bytes,   16814136 total
- age   6:    1625504 bytes,   18439640 total
- age   7:     185344 bytes,   18624984 total
- age   8:     704880 bytes,   19329864 total
: 109226K->21824K(109248K), 0.0111709 secs] 301280K->217112K(502464K), 0.0112199 secs] [Times: user=0.05 sys=0.00, real=0.01 secs] 
Heap after GC invocations=570 (full 10):
 par new generation   total 109248K, used 21824K [0x00000007a0000000, 0x00000007a8000000, 0x00000007a8000000)
  eden space 87424K,   0% used [0x00000007a0000000, 0x00000007a0000000, 0x00000007a5560000)
  from space 21824K, 100% used [0x00000007a5560000, 0x00000007a6ab0000, 0x00000007a6ab0000)
  to   space 21824K,   0% used [0x00000007a6ab0000, 0x00000007a6ab0000, 0x00000007a8000000)
 concurrent mark-sweep generation total 393216K, used 195288K [0x00000007a8000000, 0x00000007c0000000, 0x00000007c0000000)
 Metaspace       used 41341K, capacity 42114K, committed 42356K, reserved 1087488K
  class space    used 4702K, capacity 4916K, committed 4988K, reserved 1048576K
}
2016-10-23T22:35:43.615+0800: 2162.645: Total time for which application threads were stopped: 0.0114767 seconds, Stopping threads took: 0.0000855 seconds
{Heap before GC invocations=570 (full 10):
 par new generation   total 109248K, used 109248K [0x00000007a0000000, 0x00000007a8000000, 0x00000007a8000000)
  eden space 87424K, 100% used [0x00000007a0000000, 0x00000007a5560000, 0x00000007a5560000)
  from space 21824K, 100% used [0x00000007a5560000, 0x00000007a6ab0000, 0x00000007a6ab0000)
  to   space 21824K,   0% used [0x00000007a6ab0000, 0x00000007a6ab0000, 0x00000007a8000000)
 concurrent mark-sweep generation total 393216K, used 195288K [0x00000007a8000000, 0x00000007c0000000, 0x00000007c0000000)
 Metaspace       used 41341K, capacity 42114K, committed 42356K, reserved 1087488K
  class space    used 4702K, capacity 4916K, committed 4988K, reserved 1048576K
2016-10-23T22:35:43.649+0800: 2162.678: [GC (Allocation Failure) 2016-10-23T22:35:43.649+0800: 2162.678: [ParNew
Desired survivor size 20112992 bytes, new threshold 8 (max 8)
- age   1:    1266200 bytes,    1266200 total
- age   2:    3416176 bytes,    4682376 total
- age   3:    5473408 bytes,   10155784 total
- age   4:    3234736 bytes,   13390520 total
- age   5:    2756072 bytes,   16146592 total
- age   6:    1284272 bytes,   17430864 total
- age   7:    1622776 bytes,   19053640 total
- age   8:     185344 bytes,   19238984 total
: 109248K->21824K(109248K), 0.0096413 secs] 304536K->217840K(502464K), 0.0096985 secs] [Times: user=0.03 sys=0.01, real=0.01 secs] 
Heap after GC invocations=571 (full 10):
 par new generation   total 109248K, used 21824K [0x00000007a0000000, 0x00000007a8000000, 0x00000007a8000000)
  eden space 87424K,   0% used [0x00000007a0000000, 0x00000007a0000000, 0x00000007a5560000)
  from space 21824K, 100% used [0x00000007a6ab0000, 0x00000007a8000000, 0x00000007a8000000)
  to   space 21824K,   0% used [0x00000007a5560000, 0x00000007a5560000, 0x00000007a6ab0000)
 concurrent mark-sweep generation total 393216K, used 196016K [0x00000007a8000000, 0x00000007c0000000, 0x00000007c0000000)
 Metaspace       used 41341K, capacity 42114K, committed 42356K, reserved 1087488K
  class space    used 4702K, capacity 4916K, committed 4988K, reserved 1048576K
}
2016-10-23T22:35:43.659+0800: 2162.688: Total time for which application threads were stopped: 0.0100401 seconds, Stopping threads took: 0.0001315 seconds
{Heap before GC invocations=571 (full 10):
 par new generation   total 109248K, used 109248K [0x00000007a0000000, 0x00000007a8000000, 0x00000007a8000000)
  eden space 87424K, 100% used [0x00000007a0000000, 0x00000007a5560000, 0x00000007a5560000)
  from space 21824K, 100% used [0x00000007a6ab0000, 0x00000007a8000000, 0x00000007a8000000)
  to   space 21824K,   0% used [0x00000007a5560000, 0x00000007a5560000, 0x00000007a6ab0000)
 concurrent mark-sweep generation total 393216K, used 196016K [0x00000007a8000000, 0x00000007c0000000, 0x00000007c0000000)
 Metaspace       used 41341K, capacity 42114K, committed 42356K, reserved 1087488K
  class space    used 4702K, capacity 4916K, committed 4988K, reserved 1048576K
2016-10-23T22:35:43.771+0800: 2162.800: [GC (Allocation Failure) 2016-10-23T22:35:43.771+0800: 2162.800: [ParNew
Desired survivor size 20112992 bytes, new threshold 8 (max 8)
- age   1:    3766744 bytes,    3766744 total
- age   2:     468712 bytes,    4235456 total
- age   3:    2566904 bytes,    6802360 total
- age   4:    4907968 bytes,   11710328 total
- age   5:    2814128 bytes,   14524456 total
- age   6:    2334880 bytes,   16859336 total
- age   7:    1174888 bytes,   18034224 total
- age   8:    1538376 bytes,   19572600 total
: 109248K->21824K(109248K), 0.0115400 secs] 305264K->219735K(502464K), 0.0116068 secs] [Times: user=0.05 sys=0.00, real=0.01 secs] 
Heap after GC invocations=572 (full 10):
 par new generation   total 109248K, used 21824K [0x00000007a0000000, 0x00000007a8000000, 0x00000007a8000000)
  eden space 87424K,   0% used [0x00000007a0000000, 0x00000007a0000000, 0x00000007a5560000)
  from space 21824K, 100% used [0x00000007a5560000, 0x00000007a6ab0000, 0x00000007a6ab0000)
  to   space 21824K,   0% used [0x00000007a6ab0000, 0x00000007a6ab0000, 0x00000007a8000000)
 concurrent mark-sweep generation total 393216K, used 197911K [0x00000007a8000000, 0x00000007c0000000, 0x00000007c0000000)
 Metaspace       used 41341K, capacity 42114K, committed 42356K, reserved 1087488K
  class space    used 4702K, capacity 4916K, committed 4988K, reserved 1048576K
}
2016-10-23T22:35:43.782+0800: 2162.811: Total time for which application threads were stopped: 0.0118339 seconds, Stopping threads took: 0.0000570 seconds
2016-10-23T22:35:43.782+0800: 2162.812: [GC (CMS Initial Mark) [1 CMS-initial-mark: 197911K(393216K)] 221193K(502464K), 0.0024942 secs] [Times: user=0.01 sys=0.00, real=0.00 secs] 
2016-10-23T22:35:43.785+0800: 2162.814: Total time for which application threads were stopped: 0.0026624 seconds, Stopping threads took: 0.0000643 seconds
2016-10-23T22:35:43.785+0800: 2162.814: [CMS-concurrent-mark-start]
2016-10-23T22:35:43.795+0800: 2162.825: [CMS-concurrent-mark: 0.010/0.010 secs] [Times: user=0.07 sys=0.00, real=0.01 secs] 
2016-10-23T22:35:43.795+0800: 2162.825: [CMS-concurrent-preclean-start]
2016-10-23T22:35:43.797+0800: 2162.826: [CMS-concurrent-preclean: 0.001/0.001 secs] [Times: user=0.01 sys=0.00, real=0.00 secs] 
2016-10-23T22:35:43.797+0800: 2162.826: [CMS-concurrent-abortable-preclean-start]
2016-10-23T22:35:43.874+0800: 2162.903: [CMS-concurrent-abortable-preclean: 0.077/0.077 secs] [Times: user=0.29 sys=0.01, real=0.08 secs] 
2016-10-23T22:35:43.874+0800: 2162.903: [GC (CMS Final Remark) [YG occupancy: 67893 K (109248 K)]{Heap before GC invocations=572 (full 11):
 par new generation   total 109248K, used 67893K [0x00000007a0000000, 0x00000007a8000000, 0x00000007a8000000)
  eden space 87424K,  52% used [0x00000007a0000000, 0x00000007a2cfd5c0, 0x00000007a5560000)
  from space 21824K, 100% used [0x00000007a5560000, 0x00000007a6ab0000, 0x00000007a6ab0000)
  to   space 21824K,   0% used [0x00000007a6ab0000, 0x00000007a6ab0000, 0x00000007a8000000)
 concurrent mark-sweep generation total 393216K, used 197911K [0x00000007a8000000, 0x00000007c0000000, 0x00000007c0000000)
 Metaspace       used 41341K, capacity 42114K, committed 42356K, reserved 1087488K
  class space    used 4702K, capacity 4916K, committed 4988K, reserved 1048576K
2016-10-23T22:35:43.874+0800: 2162.903: [GC (CMS Final Remark) 2016-10-23T22:35:43.874+0800: 2162.903: [ParNew
Desired survivor size 20112992 bytes, new threshold 8 (max 8)
- age   1:    3496224 bytes,    3496224 total
- age   2:    2592400 bytes,    6088624 total
- age   3:     459720 bytes,    6548344 total
- age   4:    2542648 bytes,    9090992 total
- age   5:    4907800 bytes,   13998792 total
- age   6:    2814048 bytes,   16812840 total
- age   7:    2334592 bytes,   19147432 total
- age   8:    1174864 bytes,   20322296 total
: 67893K->21824K(109248K), 0.0155252 secs] 265804K->222207K(502464K), 0.0155715 secs] [Times: user=0.07 sys=0.00, real=0.02 secs] 
Heap after GC invocations=573 (full 11):
 par new generation   total 109248K, used 21824K [0x00000007a0000000, 0x00000007a8000000, 0x00000007a8000000)
  eden space 87424K,   0% used [0x00000007a0000000, 0x00000007a0000000, 0x00000007a5560000)
  from space 21824K, 100% used [0x00000007a6ab0000, 0x00000007a8000000, 0x00000007a8000000)
  to   space 21824K,   0% used [0x00000007a5560000, 0x00000007a5560000, 0x00000007a6ab0000)
 concurrent mark-sweep generation total 393216K, used 200383K [0x00000007a8000000, 0x00000007c0000000, 0x00000007c0000000)
 Metaspace       used 41341K, capacity 42114K, committed 42356K, reserved 1087488K
  class space    used 4702K, capacity 4916K, committed 4988K, reserved 1048576K
}
2016-10-23T22:35:43.890+0800: 2162.919: [Rescan (parallel) , 0.0045401 secs]2016-10-23T22:35:43.894+0800: 2162.924: [weak refs processing, 0.0013271 secs]2016-10-23T22:35:43.896+0800: 2162.925: [class unloading, 0.0105004 secs]2016-10-23T22:35:43.906+0800: 2162.935: [scrub symbol table, 0.0084346 secs]2016-10-23T22:35:43.915+0800: 2162.944: [scrub string table, 0.0006794 secs][1 CMS-remark: 200383K(393216K)] 222207K(502464K), 0.0413973 secs] [Times: user=0.12 sys=0.00, real=0.04 secs] 
2016-10-23T22:35:43.915+0800: 2162.945: Total time for which application threads were stopped: 0.0415837 seconds, Stopping threads took: 0.0000473 seconds
2016-10-23T22:35:43.916+0800: 2162.945: [CMS-concurrent-sweep-start]
2016-10-23T22:35:43.994+0800: 2163.023: [CMS-concurrent-sweep: 0.078/0.078 secs] [Times: user=0.24 sys=0.00, real=0.08 secs] 
2016-10-23T22:35:43.994+0800: 2163.023: [CMS-concurrent-reset-start]
2016-10-23T22:35:43.994+0800: 2163.023: [CMS-concurrent-reset: 0.000/0.000 secs] [Times: user=0.00 sys=0.00, real=0.00 secs] 
{Heap before GC invocations=573 (full 11):
 par new generation   total 109248K, used 109248K [0x00000007a0000000, 0x00000007a8000000, 0x00000007a8000000)
  eden space 87424K, 100% used [0x00000007a0000000, 0x00000007a5560000, 0x00000007a5560000)
  from space 21824K, 100% used [0x00000007a6ab0000, 0x00000007a8000000, 0x00000007a8000000)
  to   space 21824K,   0% used [0x00000007a5560000, 0x00000007a5560000, 0x00000007a6ab0000)
 concurrent mark-sweep generation total 393216K, used 38423K [0x00000007a8000000, 0x00000007c0000000, 0x00000007c0000000)
 Metaspace       used 41341K, capacity 42114K, committed 42356K, reserved 1087488K
  class space    used 4702K, capacity 4916K, committed 4988K, reserved 1048576K
2016-10-23T22:35:44.053+0800: 2163.082: [GC (Allocation Failure) 2016-10-23T22:35:44.053+0800: 2163.082: [ParNew
Desired survivor size 20112992 bytes, new threshold 8 (max 8)
- age   1:    5855736 bytes,    5855736 total
- age   2:    2220328 bytes,    8076064 total
- age   3:    2287040 bytes,   10363104 total
- age   4:     320632 bytes,   10683736 total
- age   5:    2210328 bytes,   12894064 total
- age   6:    1810776 bytes,   14704840 total
- age   7:    1081888 bytes,   15786728 total
- age   8:    1002288 bytes,   16789016 total
: 109248K->21824K(109248K), 0.0088932 secs] 147671K->62000K(502464K), 0.0089551 secs] [Times: user=0.03 sys=0.00, real=0.01 secs] 
Heap after GC invocations=574 (full 11):
 par new generation   total 109248K, used 21824K [0x00000007a0000000, 0x00000007a8000000, 0x00000007a8000000)
  eden space 87424K,   0% used [0x00000007a0000000, 0x00000007a0000000, 0x00000007a5560000)
  from space 21824K, 100% used [0x00000007a5560000, 0x00000007a6ab0000, 0x00000007a6ab0000)
  to   space 21824K,   0% used [0x00000007a6ab0000, 0x00000007a6ab0000, 0x00000007a8000000)
 concurrent mark-sweep generation total 393216K, used 40176K [0x00000007a8000000, 0x00000007c0000000, 0x00000007c0000000)
 Metaspace       used 41341K, capacity 42114K, committed 42356K, reserved 1087488K
  class space    used 4702K, capacity 4916K, committed 4988K, reserved 1048576K
}
2016-10-23T22:35:44.062+0800: 2163.091: Total time for which application threads were stopped: 0.0092037 seconds, Stopping threads took: 0.0000850 seconds
{Heap before GC invocations=574 (full 11):
 par new generation   total 109248K, used 109248K [0x00000007a0000000, 0x00000007a8000000, 0x00000007a8000000)
  eden space 87424K, 100% used [0x00000007a0000000, 0x00000007a5560000, 0x00000007a5560000)
  from space 21824K, 100% used [0x00000007a5560000, 0x00000007a6ab0000, 0x00000007a6ab0000)
  to   space 21824K,   0% used [0x00000007a6ab0000, 0x00000007a6ab0000, 0x00000007a8000000)
 concurrent mark-sweep generation total 393216K, used 40176K [0x00000007a8000000, 0x00000007c0000000, 0x00000007c0000000)
 Metaspace       used 41341K, capacity 42114K, committed 42356K, reserved 1087488K
  class space    used 4702K, capacity 4916K, committed 4988K, reserved 1048576K
2016-10-23T22:35:44.200+0800: 2163.229: [GC (Allocation Failure) 2016-10-23T22:35:44.200+0800: 2163.229: [ParNew
Desired survivor size 20112992 bytes, new threshold 8 (max 8)
- age   1:    7074984 bytes,    7074984 total
- age   2:    3830008 bytes,   10904992 total
- age   3:    1634520 bytes,   12539512 total
- age   4:    2074376 bytes,   14613888 total
- age   5:     313184 bytes,   14927072 total
- age   6:    2173192 bytes,   17100264 total
- age   7:    1583528 bytes,   18683792 total
- age   8:    1081648 bytes,   19765440 total
: 109248K->21824K(109248K), 0.0111054 secs] 149424K->64357K(502464K), 0.0111803 secs] [Times: user=0.04 sys=0.00, real=0.01 secs] 
Heap after GC invocations=575 (full 11):
 par new generation   total 109248K, used 21824K [0x00000007a0000000, 0x00000007a8000000, 0x00000007a8000000)
  eden space 87424K,   0% used [0x00000007a0000000, 0x00000007a0000000, 0x00000007a5560000)
  from space 21824K, 100% used [0x00000007a6ab0000, 0x00000007a8000000, 0x00000007a8000000)
  to   space 21824K,   0% used [0x00000007a5560000, 0x00000007a5560000, 0x00000007a6ab0000)
 concurrent mark-sweep generation total 393216K, used 42533K [0x00000007a8000000, 0x00000007c0000000, 0x00000007c0000000)
 Metaspace       used 41341K, capacity 42114K, committed 42356K, reserved 1087488K
  class space    used 4702K, capacity 4916K, committed 4988K, reserved 1048576K
}
2016-10-23T22:35:44.211+0800: 2163.240: Total time for which application threads were stopped: 0.0114407 seconds, Stopping threads took: 0.0000710 seconds
{Heap before GC invocations=575 (full 11):
 par new generation   total 109248K, used 109248K [0x00000007a0000000, 0x00000007a8000000, 0x00000007a8000000)
  eden space 87424K, 100% used [0x00000007a0000000, 0x00000007a5560000, 0x00000007a5560000)
  from space 21824K, 100% used [0x00000007a6ab0000, 0x00000007a8000000, 0x00000007a8000000)
  to   space 21824K,   0% used [0x00000007a5560000, 0x00000007a5560000, 0x00000007a6ab0000)
 concurrent mark-sweep generation total 393216K, used 42533K [0x00000007a8000000, 0x00000007c0000000, 0x00000007c0000000)
 Metaspace       used 41341K, capacity 42114K, committed 42356K, reserved 1087488K
  class space    used 4702K, capacity 4916K, committed 4988K, reserved 1048576K
2016-10-23T22:35:44.350+0800: 2163.379: [GC (Allocation Failure) 2016-10-23T22:35:44.350+0800: 2163.379: [ParNew
Desired survivor size 20112992 bytes, new threshold 8 (max 8)
- age   1:    6550792 bytes,    6550792 total
- age   2:    4487616 bytes,   11038408 total
- age   3:    3232552 bytes,   14270960 total
- age   4:    1474192 bytes,   15745152 total
- age   5:    1880144 bytes,   17625296 total
- age   6:     275800 bytes,   17901096 total
- age   7:    1883928 bytes,   19785024 total
- age   8:    1583528 bytes,   21368552 total
: 109248K->21824K(109248K), 0.0128567 secs] 151781K->67752K(502464K), 0.0129230 secs] [Times: user=0.05 sys=0.00, real=0.01 secs] 
Heap after GC invocations=576 (full 11):
 par new generation   total 109248K, used 21824K [0x00000007a0000000, 0x00000007a8000000, 0x00000007a8000000)
  eden space 87424K,   0% used [0x00000007a0000000, 0x00000007a0000000, 0x00000007a5560000)
  from space 21824K, 100% used [0x00000007a5560000, 0x00000007a6ab0000, 0x00000007a6ab0000)
  to   space 21824K,   0% used [0x00000007a6ab0000, 0x00000007a6ab0000, 0x00000007a8000000)
 concurrent mark-sweep generation total 393216K, used 45928K [0x00000007a8000000, 0x00000007c0000000, 0x00000007c0000000)
 Metaspace       used 41341K, capacity 42114K, committed 42356K, reserved 1087488K
  class space    used 4702K, capacity 4916K, committed 4988K, reserved 1048576K
}
2016-10-23T22:35:44.363+0800: 2163.392: Total time for which application threads were stopped: 0.0131967 seconds, Stopping threads took: 0.0000916 seconds
{Heap before GC invocations=576 (full 11):
 par new generation   total 109248K, used 109248K [0x00000007a0000000, 0x00000007a8000000, 0x00000007a8000000)
  eden space 87424K, 100% used [0x00000007a0000000, 0x00000007a5560000, 0x00000007a5560000)
  from space 21824K, 100% used [0x00000007a5560000, 0x00000007a6ab0000, 0x00000007a6ab0000)
  to   space 21824K,   0% used [0x00000007a6ab0000, 0x00000007a6ab0000, 0x00000007a8000000)
 concurrent mark-sweep generation total 393216K, used 45928K [0x00000007a8000000, 0x00000007c0000000, 0x00000007c0000000)
 Metaspace       used 41341K, capacity 42114K, committed 42356K, reserved 1087488K
  class space    used 4702K, capacity 4916K, committed 4988K, reserved 1048576K
2016-10-23T22:35:44.565+0800: 2163.594: [GC (Allocation Failure) 2016-10-23T22:35:44.565+0800: 2163.594: [ParNew
Desired survivor size 20112992 bytes, new threshold 6 (max 8)
- age   1:    8036152 bytes,    8036152 total
- age   2:    3169224 bytes,   11205376 total
- age   3:    3602104 bytes,   14807480 total
- age   4:    2611904 bytes,   17419384 total
- age   5:    1176760 bytes,   18596144 total
- age   6:    1573760 bytes,   20169904 total
- age   7:     210576 bytes,   20380480 total
- age   8:    1589648 bytes,   21970128 total
: 109248K->21824K(109248K), 0.0113190 secs] 155176K->70511K(502464K), 0.0113669 secs] [Times: user=0.04 sys=0.00, real=0.01 secs] 
Heap after GC invocations=577 (full 11):
 par new generation   total 109248K, used 21824K [0x00000007a0000000, 0x00000007a8000000, 0x00000007a8000000)
  eden space 87424K,   0% used [0x00000007a0000000, 0x00000007a0000000, 0x00000007a5560000)
  from space 21824K, 100% used [0x00000007a6ab0000, 0x00000007a8000000, 0x00000007a8000000)
  to   space 21824K,   0% used [0x00000007a5560000, 0x00000007a5560000, 0x00000007a6ab0000)
 concurrent mark-sweep generation total 393216K, used 48687K [0x00000007a8000000, 0x00000007c0000000, 0x00000007c0000000)
 Metaspace       used 41341K, capacity 42114K, committed 42356K, reserved 1087488K
  class space    used 4702K, capacity 4916K, committed 4988K, reserved 1048576K
}
2016-10-23T22:35:44.576+0800: 2163.605: Total time for which application threads were stopped: 0.0115921 seconds, Stopping threads took: 0.0000624 seconds
{Heap before GC invocations=577 (full 11):
 par new generation   total 109248K, used 109248K [0x00000007a0000000, 0x00000007a8000000, 0x00000007a8000000)
  eden space 87424K, 100% used [0x00000007a0000000, 0x00000007a5560000, 0x00000007a5560000)
  from space 21824K, 100% used [0x00000007a6ab0000, 0x00000007a8000000, 0x00000007a8000000)
  to   space 21824K,   0% used [0x00000007a5560000, 0x00000007a5560000, 0x00000007a6ab0000)
 concurrent mark-sweep generation total 393216K, used 48687K [0x00000007a8000000, 0x00000007c0000000, 0x00000007c0000000)
 Metaspace       used 41341K, capacity 42114K, committed 42356K, reserved 1087488K
  class space    used 4702K, capacity 4916K, committed 4988K, reserved 1048576K
2016-10-23T22:35:44.664+0800: 2163.693: [GC (Allocation Failure) 2016-10-23T22:35:44.664+0800: 2163.693: [ParNew
Desired survivor size 20112992 bytes, new threshold 8 (max 8)
- age   1:     162920 bytes,     162920 total
- age   2:    8142704 bytes,    8305624 total
- age   3:    3095336 bytes,   11400960 total
- age   4:    3534040 bytes,   14935000 total
- age   5:    2547264 bytes,   17482264 total
- age   6:    1143088 bytes,   18625352 total
: 109248K->21824K(109248K), 0.0094868 secs] 157935K->74103K(502464K), 0.0095391 secs] [Times: user=0.03 sys=0.00, real=0.01 secs] 
Heap after GC invocations=578 (full 11):
 par new generation   total 109248K, used 21824K [0x00000007a0000000, 0x00000007a8000000, 0x00000007a8000000)
  eden space 87424K,   0% used [0x00000007a0000000, 0x00000007a0000000, 0x00000007a5560000)
  from space 21824K, 100% used [0x00000007a5560000, 0x00000007a6ab0000, 0x00000007a6ab0000)
  to   space 21824K,   0% used [0x00000007a6ab0000, 0x00000007a6ab0000, 0x00000007a8000000)
 concurrent mark-sweep generation total 393216K, used 52279K [0x00000007a8000000, 0x00000007c0000000, 0x00000007c0000000)
 Metaspace       used 41341K, capacity 42114K, committed 42356K, reserved 1087488K
  class space    used 4702K, capacity 4916K, committed 4988K, reserved 1048576K
}
2016-10-23T22:35:44.674+0800: 2163.703: Total time for which application threads were stopped: 0.0098189 seconds, Stopping threads took: 0.0001015 seconds
2016-10-23T22:35:44.742+0800: 2163.771: Total time for which application threads were stopped: 0.0001739 seconds, Stopping threads took: 0.0000604 seconds
{Heap before GC invocations=578 (full 11):
 par new generation   total 109248K, used 109248K [0x00000007a0000000, 0x00000007a8000000, 0x00000007a8000000)
  eden space 87424K, 100% used [0x00000007a0000000, 0x00000007a5560000, 0x00000007a5560000)
  from space 21824K, 100% used [0x00000007a5560000, 0x00000007a6ab0000, 0x00000007a6ab0000)
  to   space 21824K,   0% used [0x00000007a6ab0000, 0x00000007a6ab0000, 0x00000007a8000000)
 concurrent mark-sweep generation total 393216K, used 52279K [0x00000007a8000000, 0x00000007c0000000, 0x00000007c0000000)
 Metaspace       used 41342K, capacity 42114K, committed 42356K, reserved 1087488K
  class space    used 4702K, capacity 4916K, committed 4988K, reserved 1048576K
2016-10-23T22:35:44.790+0800: 2163.819: [GC (Allocation Failure) 2016-10-23T22:35:44.790+0800: 2163.820: [ParNew
Desired survivor size 20112992 bytes, new threshold 8 (max 8)
- age   1:    3808360 bytes,    3808360 total
- age   2:      19216 bytes,    3827576 total
- age   3:    7031368 bytes,   10858944 total
- age   4:    2335896 bytes,   13194840 total
- age   5:    2546120 bytes,   15740960 total
- age   6:    1818704 bytes,   17559664 total
- age   7:     781080 bytes,   18340744 total
: 109248K->21824K(109248K), 0.0083678 secs] 161527K->74596K(502464K), 0.0084235 secs] [Times: user=0.04 sys=0.00, real=0.00 secs] 
Heap after GC invocations=579 (full 11):
 par new generation   total 109248K, used 21824K [0x00000007a0000000, 0x00000007a8000000, 0x00000007a8000000)
  eden space 87424K,   0% used [0x00000007a0000000, 0x00000007a0000000, 0x00000007a5560000)
  from space 21824K, 100% used [0x00000007a6ab0000, 0x00000007a8000000, 0x00000007a8000000)
  to   space 21824K,   0% used [0x00000007a5560000, 0x00000007a5560000, 0x00000007a6ab0000)
 concurrent mark-sweep generation total 393216K, used 52772K [0x00000007a8000000, 0x00000007c0000000, 0x00000007c0000000)
 Metaspace       used 41342K, capacity 42114K, committed 42356K, reserved 1087488K
  class space    used 4702K, capacity 4916K, committed 4988K, reserved 1048576K
}
2016-10-23T22:35:44.799+0800: 2163.828: Total time for which application threads were stopped: 0.0087026 seconds, Stopping threads took: 0.0001101 seconds
{Heap before GC invocations=579 (full 11):
 par new generation   total 109248K, used 109248K [0x00000007a0000000, 0x00000007a8000000, 0x00000007a8000000)
  eden space 87424K, 100% used [0x00000007a0000000, 0x00000007a5560000, 0x00000007a5560000)
  from space 21824K, 100% used [0x00000007a6ab0000, 0x00000007a8000000, 0x00000007a8000000)
  to   space 21824K,   0% used [0x00000007a5560000, 0x00000007a5560000, 0x00000007a6ab0000)
 concurrent mark-sweep generation total 393216K, used 52772K [0x00000007a8000000, 0x00000007c0000000, 0x00000007c0000000)
 Metaspace       used 41342K, capacity 42114K, committed 42356K, reserved 1087488K
  class space    used 4702K, capacity 4916K, committed 4988K, reserved 1048576K
2016-10-23T22:35:44.932+0800: 2163.961: [GC (Allocation Failure) 2016-10-23T22:35:44.932+0800: 2163.961: [ParNew
Desired survivor size 20112992 bytes, new threshold 8 (max 8)
- age   1:    4322256 bytes,    4322256 total
- age   2:    2545392 bytes,    6867648 total
- age   3:      19216 bytes,    6886864 total
- age   4:    6416464 bytes,   13303328 total
- age   5:    2335104 bytes,   15638432 total
- age   6:    2544072 bytes,   18182504 total
- age   7:    1817120 bytes,   19999624 total
- age   8:     777408 bytes,   20777032 total
: 109248K->21824K(109248K), 0.0107842 secs] 162020K->77078K(502464K), 0.0108402 secs] [Times: user=0.05 sys=0.00, real=0.01 secs] 
Heap after GC invocations=580 (full 11):
 par new generation   total 109248K, used 21824K [0x00000007a0000000, 0x00000007a8000000, 0x00000007a8000000)
  eden space 87424K,   0% used [0x00000007a0000000, 0x00000007a0000000, 0x00000007a5560000)
  from space 21824K, 100% used [0x00000007a5560000, 0x00000007a6ab0000, 0x00000007a6ab0000)
  to   space 21824K,   0% used [0x00000007a6ab0000, 0x00000007a6ab0000, 0x00000007a8000000)
 concurrent mark-sweep generation total 393216K, used 55254K [0x00000007a8000000, 0x00000007c0000000, 0x00000007c0000000)
 Metaspace       used 41342K, capacity 42114K, committed 42356K, reserved 1087488K
  class space    used 4702K, capacity 4916K, committed 4988K, reserved 1048576K
}
2016-10-23T22:35:44.942+0800: 2163.972: Total time for which application threads were stopped: 0.0111258 seconds, Stopping threads took: 0.0000661 seconds
{Heap before GC invocations=580 (full 11):
 par new generation   total 109248K, used 109248K [0x00000007a0000000, 0x00000007a8000000, 0x00000007a8000000)
  eden space 87424K, 100% used [0x00000007a0000000, 0x00000007a5560000, 0x00000007a5560000)
  from space 21824K, 100% used [0x00000007a5560000, 0x00000007a6ab0000, 0x00000007a6ab0000)
  to   space 21824K,   0% used [0x00000007a6ab0000, 0x00000007a6ab0000, 0x00000007a8000000)
 concurrent mark-sweep generation total 393216K, used 55254K [0x00000007a8000000, 0x00000007c0000000, 0x00000007c0000000)
 Metaspace       used 41342K, capacity 42114K, committed 42356K, reserved 1087488K
  class space    used 4702K, capacity 4916K, committed 4988K, reserved 1048576K
2016-10-23T22:35:45.070+0800: 2164.100: [GC (Allocation Failure) 2016-10-23T22:35:45.070+0800: 2164.100: [ParNew
Desired survivor size 20112992 bytes, new threshold 8 (max 8)
- age   1:    5342992 bytes,    5342992 total
- age   2:    2729224 bytes,    8072216 total
- age   3:    2055240 bytes,   10127456 total
- age   4:      18416 bytes,   10145872 total
- age   5:    5190480 bytes,   15336352 total
- age   6:    2293928 bytes,   17630280 total
- age   7:    2274576 bytes,   19904856 total
- age   8:    1795992 bytes,   21700848 total
: 109248K->21824K(109248K), 0.0118189 secs] 164502K->81518K(502464K), 0.0118815 secs] [Times: user=0.04 sys=0.00, real=0.01 secs] 
Heap after GC invocations=581 (full 11):
 par new generation   total 109248K, used 21824K [0x00000007a0000000, 0x00000007a8000000, 0x00000007a8000000)
  eden space 87424K,   0% used [0x00000007a0000000, 0x00000007a0000000, 0x00000007a5560000)
  from space 21824K, 100% used [0x00000007a6ab0000, 0x00000007a8000000, 0x00000007a8000000)
  to   space 21824K,   0% used [0x00000007a5560000, 0x00000007a5560000, 0x00000007a6ab0000)
 concurrent mark-sweep generation total 393216K, used 59694K [0x00000007a8000000, 0x00000007c0000000, 0x00000007c0000000)
 Metaspace       used 41342K, capacity 42114K, committed 42356K, reserved 1087488K
  class space    used 4702K, capacity 4916K, committed 4988K, reserved 1048576K
}
2016-10-23T22:35:45.082+0800: 2164.112: Total time for which application threads were stopped: 0.0121886 seconds, Stopping threads took: 0.0000886 seconds
{Heap before GC invocations=581 (full 11):
 par new generation   total 109248K, used 109248K [0x00000007a0000000, 0x00000007a8000000, 0x00000007a8000000)
  eden space 87424K, 100% used [0x00000007a0000000, 0x00000007a5560000, 0x00000007a5560000)
  from space 21824K, 100% used [0x00000007a6ab0000, 0x00000007a8000000, 0x00000007a8000000)
  to   space 21824K,   0% used [0x00000007a5560000, 0x00000007a5560000, 0x00000007a6ab0000)
 concurrent mark-sweep generation total 393216K, used 59694K [0x00000007a8000000, 0x00000007c0000000, 0x00000007c0000000)
 Metaspace       used 41342K, capacity 42114K, committed 42356K, reserved 1087488K
  class space    used 4702K, capacity 4916K, committed 4988K, reserved 1048576K
2016-10-23T22:35:45.225+0800: 2164.255: [GC (Allocation Failure) 2016-10-23T22:35:45.225+0800: 2164.255: [ParNew
Desired survivor size 20112992 bytes, new threshold 8 (max 8)
- age   1:    6279464 bytes,    6279464 total
- age   2:    2927144 bytes,    9206608 total
- age   3:    2107936 bytes,   11314544 total
- age   4:    1459272 bytes,   12773816 total
- age   5:      18416 bytes,   12792232 total
- age   6:    4772976 bytes,   17565208 total
- age   7:    2113320 bytes,   19678528 total
- age   8:    2065160 bytes,   21743688 total
: 109248K->21824K(109248K), 0.0150084 secs] 168942K->87347K(502464K), 0.0150672 secs] [Times: user=0.05 sys=0.00, real=0.02 secs] 
Heap after GC invocations=582 (full 11):
 par new generation   total 109248K, used 21824K [0x00000007a0000000, 0x00000007a8000000, 0x00000007a8000000)
  eden space 87424K,   0% used [0x00000007a0000000, 0x00000007a0000000, 0x00000007a5560000)
  from space 21824K, 100% used [0x00000007a5560000, 0x00000007a6ab0000, 0x00000007a6ab0000)
  to   space 21824K,   0% used [0x00000007a6ab0000, 0x00000007a6ab0000, 0x00000007a8000000)
 concurrent mark-sweep generation total 393216K, used 65523K [0x00000007a8000000, 0x00000007c0000000, 0x00000007c0000000)
 Metaspace       used 41342K, capacity 42114K, committed 42356K, reserved 1087488K
  class space    used 4702K, capacity 4916K, committed 4988K, reserved 1048576K
}
2016-10-23T22:35:45.240+0800: 2164.270: Total time for which application threads were stopped: 0.0153420 seconds, Stopping threads took: 0.0000723 seconds
{Heap before GC invocations=582 (full 11):
 par new generation   total 109248K, used 109248K [0x00000007a0000000, 0x00000007a8000000, 0x00000007a8000000)
  eden space 87424K, 100% used [0x00000007a0000000, 0x00000007a5560000, 0x00000007a5560000)
  from space 21824K, 100% used [0x00000007a5560000, 0x00000007a6ab0000, 0x00000007a6ab0000)
  to   space 21824K,   0% used [0x00000007a6ab0000, 0x00000007a6ab0000, 0x00000007a8000000)
 concurrent mark-sweep generation total 393216K, used 65523K [0x00000007a8000000, 0x00000007c0000000, 0x00000007c0000000)
 Metaspace       used 41342K, capacity 42114K, committed 42356K, reserved 1087488K
  class space    used 4702K, capacity 4916K, committed 4988K, reserved 1048576K
2016-10-23T22:35:45.326+0800: 2164.355: [GC (Allocation Failure) 2016-10-23T22:35:45.326+0800: 2164.355: [ParNew
Desired survivor size 20112992 bytes, new threshold 8 (max 8)
- age   1:    3522608 bytes,    3522608 total
- age   2:    3659528 bytes,    7182136 total
- age   3:    2330536 bytes,    9512672 total
- age   4:    1937400 bytes,   11450072 total
- age   5:    1349760 bytes,   12799832 total
- age   6:      18416 bytes,   12818248 total
- age   7:    4429048 bytes,   17247296 total
- age   8:    2110416 bytes,   19357712 total
: 109248K->21824K(109248K), 0.0141747 secs] 174771K->92730K(502464K), 0.0142225 secs] [Times: user=0.05 sys=0.00, real=0.02 secs] 
Heap after GC invocations=583 (full 11):
 par new generation   total 109248K, used 21824K [0x00000007a0000000, 0x00000007a8000000, 0x00000007a8000000)
  eden space 87424K,   0% used [0x00000007a0000000, 0x00000007a0000000, 0x00000007a5560000)
  from space 21824K, 100% used [0x00000007a6ab0000, 0x00000007a8000000, 0x00000007a8000000)
  to   space 21824K,   0% used [0x00000007a5560000, 0x00000007a5560000, 0x00000007a6ab0000)
 concurrent mark-sweep generation total 393216K, used 70906K [0x00000007a8000000, 0x00000007c0000000, 0x00000007c0000000)
 Metaspace       used 41342K, capacity 42114K, committed 42356K, reserved 1087488K
  class space    used 4702K, capacity 4916K, committed 4988K, reserved 1048576K
}
2016-10-23T22:35:45.340+0800: 2164.370: Total time for which application threads were stopped: 0.0144483 seconds, Stopping threads took: 0.0000482 seconds
{Heap before GC invocations=583 (full 11):
 par new generation   total 109248K, used 109248K [0x00000007a0000000, 0x00000007a8000000, 0x00000007a8000000)
  eden space 87424K, 100% used [0x00000007a0000000, 0x00000007a5560000, 0x00000007a5560000)
  from space 21824K, 100% used [0x00000007a6ab0000, 0x00000007a8000000, 0x00000007a8000000)
  to   space 21824K,   0% used [0x00000007a5560000, 0x00000007a5560000, 0x00000007a6ab0000)
 concurrent mark-sweep generation total 393216K, used 70906K [0x00000007a8000000, 0x00000007c0000000, 0x00000007c0000000)
 Metaspace       used 41342K, capacity 42114K, committed 42356K, reserved 1087488K
  class space    used 4702K, capacity 4916K, committed 4988K, reserved 1048576K
2016-10-23T22:35:45.384+0800: 2164.413: [GC (Allocation Failure) 2016-10-23T22:35:45.384+0800: 2164.413: [ParNew
Desired survivor size 20112992 bytes, new threshold 8 (max 8)
- age   1:    3923656 bytes,    3923656 total
- age   2:    2601792 bytes,    6525448 total
- age   3:    3574600 bytes,   10100048 total
- age   4:    2255016 bytes,   12355064 total
- age   5:    1937400 bytes,   14292464 total
- age   6:    1349760 bytes,   15642224 total
- age   7:      18416 bytes,   15660640 total
- age   8:    4358312 bytes,   20018952 total
: 109248K->21824K(109248K), 0.0112370 secs] 180154K->95067K(502464K), 0.0112903 secs] [Times: user=0.04 sys=0.00, real=0.01 secs] 
Heap after GC invocations=584 (full 11):
 par new generation   total 109248K, used 21824K [0x00000007a0000000, 0x00000007a8000000, 0x00000007a8000000)
  eden space 87424K,   0% used [0x00000007a0000000, 0x00000007a0000000, 0x00000007a5560000)
  from space 21824K, 100% used [0x00000007a5560000, 0x00000007a6ab0000, 0x00000007a6ab0000)
  to   space 21824K,   0% used [0x00000007a6ab0000, 0x00000007a6ab0000, 0x00000007a8000000)
 concurrent mark-sweep generation total 393216K, used 73243K [0x00000007a8000000, 0x00000007c0000000, 0x00000007c0000000)
 Metaspace       used 41342K, capacity 42114K, committed 42356K, reserved 1087488K
  class space    used 4702K, capacity 4916K, committed 4988K, reserved 1048576K
}
2016-10-23T22:35:45.395+0800: 2164.425: Total time for which application threads were stopped: 0.0115653 seconds, Stopping threads took: 0.0000984 seconds
2016-10-23T22:35:45.446+0800: 2164.476: Total time for which application threads were stopped: 0.0002734 seconds, Stopping threads took: 0.0000967 seconds
{Heap before GC invocations=584 (full 11):
 par new generation   total 109248K, used 109248K [0x00000007a0000000, 0x00000007a8000000, 0x00000007a8000000)
  eden space 87424K, 100% used [0x00000007a0000000, 0x00000007a5560000, 0x00000007a5560000)
  from space 21824K, 100% used [0x00000007a5560000, 0x00000007a6ab0000, 0x00000007a6ab0000)
  to   space 21824K,   0% used [0x00000007a6ab0000, 0x00000007a6ab0000, 0x00000007a8000000)
 concurrent mark-sweep generation total 393216K, used 73243K [0x00000007a8000000, 0x00000007c0000000, 0x00000007c0000000)
 Metaspace       used 41367K, capacity 42126K, committed 42356K, reserved 1087488K
  class space    used 4703K, capacity 4918K, committed 4988K, reserved 1048576K
2016-10-23T22:35:45.467+0800: 2164.497: [GC (Allocation Failure) 2016-10-23T22:35:45.467+0800: 2164.497: [ParNew
Desired survivor size 20112992 bytes, new threshold 8 (max 8)
- age   1:    3145224 bytes,    3145224 total
- age   2:    3610192 bytes,    6755416 total
- age   3:    2424104 bytes,    9179520 total
- age   4:    3565136 bytes,   12744656 total
- age   5:    2254896 bytes,   14999552 total
- age   6:    1937400 bytes,   16936952 total
- age   7:    1349632 bytes,   18286584 total
- age   8:      18416 bytes,   18305000 total
: 109248K->21824K(109248K), 0.0180893 secs] 182491K->99331K(502464K), 0.0181527 secs] [Times: user=0.06 sys=0.01, real=0.02 secs] 
Heap after GC invocations=585 (full 11):
 par new generation   total 109248K, used 21824K [0x00000007a0000000, 0x00000007a8000000, 0x00000007a8000000)
  eden space 87424K,   0% used [0x00000007a0000000, 0x00000007a0000000, 0x00000007a5560000)
  from space 21824K, 100% used [0x00000007a6ab0000, 0x00000007a8000000, 0x00000007a8000000)
  to   space 21824K,   0% used [0x00000007a5560000, 0x00000007a5560000, 0x00000007a6ab0000)
 concurrent mark-sweep generation total 393216K, used 77507K [0x00000007a8000000, 0x00000007c0000000, 0x00000007c0000000)
 Metaspace       used 41367K, capacity 42126K, committed 42356K, reserved 1087488K
  class space    used 4703K, capacity 4918K, committed 4988K, reserved 1048576K
}
2016-10-23T22:35:45.486+0800: 2164.515: Total time for which application threads were stopped: 0.0184684 seconds, Stopping threads took: 0.0000920 seconds
2016-10-23T22:35:45.489+0800: 2164.519: Total time for which application threads were stopped: 0.0002624 seconds, Stopping threads took: 0.0001073 seconds
2016-10-23T22:35:45.490+0800: 2164.519: Total time for which application threads were stopped: 0.0001880 seconds, Stopping threads took: 0.0000530 seconds
2016-10-23T22:35:45.513+0800: 2164.543: Total time for which application threads were stopped: 0.0002133 seconds, Stopping threads took: 0.0000999 seconds
2016-10-23T22:35:45.514+0800: 2164.543: Total time for which application threads were stopped: 0.0002040 seconds, Stopping threads took: 0.0000883 seconds
2016-10-23T22:35:45.515+0800: 2164.545: Total time for which application threads were stopped: 0.0001706 seconds, Stopping threads took: 0.0000654 seconds
{Heap before GC invocations=585 (full 11):
 par new generation   total 109248K, used 109248K [0x00000007a0000000, 0x00000007a8000000, 0x00000007a8000000)
  eden space 87424K, 100% used [0x00000007a0000000, 0x00000007a5560000, 0x00000007a5560000)
  from space 21824K, 100% used [0x00000007a6ab0000, 0x00000007a8000000, 0x00000007a8000000)
  to   space 21824K,   0% used [0x00000007a5560000, 0x00000007a5560000, 0x00000007a6ab0000)
 concurrent mark-sweep generation total 393216K, used 77507K [0x00000007a8000000, 0x00000007c0000000, 0x00000007c0000000)
 Metaspace       used 41375K, capacity 42126K, committed 42356K, reserved 1087488K
  class space    used 4703K, capacity 4918K, committed 4988K, reserved 1048576K
2016-10-23T22:35:45.553+0800: 2164.583: [GC (Allocation Failure) 2016-10-23T22:35:45.554+0800: 2164.583: [ParNew
Desired survivor size 20112992 bytes, new threshold 8 (max 8)
- age   1:    1318096 bytes,    1318096 total
- age   2:    2767312 bytes,    4085408 total
- age   3:    3509488 bytes,    7594896 total
- age   4:    2209832 bytes,    9804728 total
- age   5:    3234680 bytes,   13039408 total
- age   6:    1932600 bytes,   14972008 total
- age   7:    1612776 bytes,   16584784 total
- age   8:    1134648 bytes,   17719432 total
: 109248K->21824K(109248K), 0.0164660 secs] 186755K->99349K(502464K), 0.0166269 secs] [Times: user=0.08 sys=0.01, real=0.02 secs] 
Heap after GC invocations=586 (full 11):
 par new generation   total 109248K, used 21824K [0x00000007a0000000, 0x00000007a8000000, 0x00000007a8000000)
  eden space 87424K,   0% used [0x00000007a0000000, 0x00000007a0000000, 0x00000007a5560000)
  from space 21824K, 100% used [0x00000007a5560000, 0x00000007a6ab0000, 0x00000007a6ab0000)
  to   space 21824K,   0% used [0x00000007a6ab0000, 0x00000007a6ab0000, 0x00000007a8000000)
 concurrent mark-sweep generation total 393216K, used 77525K [0x00000007a8000000, 0x00000007c0000000, 0x00000007c0000000)
 Metaspace       used 41375K, capacity 42126K, committed 42356K, reserved 1087488K
  class space    used 4703K, capacity 4918K, committed 4988K, reserved 1048576K
}
2016-10-23T22:35:45.570+0800: 2164.599: Total time for which application threads were stopped: 0.0170178 seconds, Stopping threads took: 0.0000839 seconds
{Heap before GC invocations=586 (full 11):
 par new generation   total 109248K, used 109248K [0x00000007a0000000, 0x00000007a8000000, 0x00000007a8000000)
  eden space 87424K, 100% used [0x00000007a0000000, 0x00000007a5560000, 0x00000007a5560000)
  from space 21824K, 100% used [0x00000007a5560000, 0x00000007a6ab0000, 0x00000007a6ab0000)
  to   space 21824K,   0% used [0x00000007a6ab0000, 0x00000007a6ab0000, 0x00000007a8000000)
 concurrent mark-sweep generation total 393216K, used 77525K [0x00000007a8000000, 0x00000007c0000000, 0x00000007c0000000)
 Metaspace       used 41375K, capacity 42126K, committed 42356K, reserved 1087488K
  class space    used 4703K, capacity 4918K, committed 4988K, reserved 1048576K
2016-10-23T22:35:45.637+0800: 2164.667: [GC (Allocation Failure) 2016-10-23T22:35:45.637+0800: 2164.667: [ParNew
Desired survivor size 20112992 bytes, new threshold 8 (max 8)
- age   1:    1350264 bytes,    1350264 total
- age   2:     848688 bytes,    2198952 total
- age   3:    2787104 bytes,    4986056 total
- age   4:    3563984 bytes,    8550040 total
- age   5:    2182144 bytes,   10732184 total
- age   6:    3212960 bytes,   13945144 total
- age   7:    1911992 bytes,   15857136 total
- age   8:    1592464 bytes,   17449600 total
: 109248K->21824K(109248K), 0.0111316 secs] 186773K->100573K(502464K), 0.0111852 secs] [Times: user=0.05 sys=0.00, real=0.01 secs] 
Heap after GC invocations=587 (full 11):
 par new generation   total 109248K, used 21824K [0x00000007a0000000, 0x00000007a8000000, 0x00000007a8000000)
  eden space 87424K,   0% used [0x00000007a0000000, 0x00000007a0000000, 0x00000007a5560000)
  from space 21824K, 100% used [0x00000007a6ab0000, 0x00000007a8000000, 0x00000007a8000000)
  to   space 21824K,   0% used [0x00000007a5560000, 0x00000007a5560000, 0x00000007a6ab0000)
 concurrent mark-sweep generation total 393216K, used 78749K [0x00000007a8000000, 0x00000007c0000000, 0x00000007c0000000)
 Metaspace       used 41375K, capacity 42126K, committed 42356K, reserved 1087488K
  class space    used 4703K, capacity 4918K, committed 4988K, reserved 1048576K
}
2016-10-23T22:35:45.649+0800: 2164.678: Total time for which application threads were stopped: 0.0114592 seconds, Stopping threads took: 0.0000870 seconds
{Heap before GC invocations=587 (full 11):
 par new generation   total 109248K, used 109248K [0x00000007a0000000, 0x00000007a8000000, 0x00000007a8000000)
  eden space 87424K, 100% used [0x00000007a0000000, 0x00000007a5560000, 0x00000007a5560000)
  from space 21824K, 100% used [0x00000007a6ab0000, 0x00000007a8000000, 0x00000007a8000000)
  to   space 21824K,   0% used [0x00000007a5560000, 0x00000007a5560000, 0x00000007a6ab0000)
 concurrent mark-sweep generation total 393216K, used 78749K [0x00000007a8000000, 0x00000007c0000000, 0x00000007c0000000)
 Metaspace       used 41375K, capacity 42126K, committed 42356K, reserved 1087488K
  class space    used 4703K, capacity 4918K, committed 4988K, reserved 1048576K
2016-10-23T22:35:45.674+0800: 2164.704: [GC (Allocation Failure) 2016-10-23T22:35:45.674+0800: 2164.704: [ParNew
Desired survivor size 20112992 bytes, new threshold 8 (max 8)
- age   1:     946688 bytes,     946688 total
- age   2:     882808 bytes,    1829496 total
- age   3:     815488 bytes,    2644984 total
- age   4:    2754288 bytes,    5399272 total
- age   5:    3498440 bytes,    8897712 total
- age   6:    2182168 bytes,   11079880 total
- age   7:    3213008 bytes,   14292888 total
- age   8:    1911992 bytes,   16204880 total
: 109248K->18798K(109248K), 0.0099931 secs] 187997K->99108K(502464K), 0.0100463 secs] [Times: user=0.04 sys=0.00, real=0.01 secs] 
Heap after GC invocations=588 (full 11):
 par new generation   total 109248K, used 18798K [0x00000007a0000000, 0x00000007a8000000, 0x00000007a8000000)
  eden space 87424K,   0% used [0x00000007a0000000, 0x00000007a0000000, 0x00000007a5560000)
  from space 21824K,  86% used [0x00000007a5560000, 0x00000007a67bb878, 0x00000007a6ab0000)
  to   space 21824K,   0% used [0x00000007a6ab0000, 0x00000007a6ab0000, 0x00000007a8000000)
 concurrent mark-sweep generation total 393216K, used 80310K [0x00000007a8000000, 0x00000007c0000000, 0x00000007c0000000)
 Metaspace       used 41375K, capacity 42126K, committed 42356K, reserved 1087488K
  class space    used 4703K, capacity 4918K, committed 4988K, reserved 1048576K
}
2016-10-23T22:35:45.685+0800: 2164.714: Total time for which application threads were stopped: 0.0102999 seconds, Stopping threads took: 0.0000786 seconds
{Heap before GC invocations=588 (full 11):
 par new generation   total 109248K, used 106222K [0x00000007a0000000, 0x00000007a8000000, 0x00000007a8000000)
  eden space 87424K, 100% used [0x00000007a0000000, 0x00000007a5560000, 0x00000007a5560000)
  from space 21824K,  86% used [0x00000007a5560000, 0x00000007a67bb878, 0x00000007a6ab0000)
  to   space 21824K,   0% used [0x00000007a6ab0000, 0x00000007a6ab0000, 0x00000007a8000000)
 concurrent mark-sweep generation total 393216K, used 80310K [0x00000007a8000000, 0x00000007c0000000, 0x00000007c0000000)
 Metaspace       used 41375K, capacity 42126K, committed 42356K, reserved 1087488K
  class space    used 4703K, capacity 4918K, committed 4988K, reserved 1048576K
2016-10-23T22:35:45.715+0800: 2164.745: [GC (Allocation Failure) 2016-10-23T22:35:45.715+0800: 2164.745: [ParNew
Desired survivor size 20112992 bytes, new threshold 8 (max 8)
- age   1:    1732560 bytes,    1732560 total
- age   2:     483024 bytes,    2215584 total
- age   3:     765520 bytes,    2981104 total
- age   4:     815360 bytes,    3796464 total
- age   5:    2687904 bytes,    6484368 total
- age   6:    3430736 bytes,    9915104 total
- age   7:    2094384 bytes,   12009488 total
- age   8:    3121224 bytes,   15130712 total
: 106222K->18192K(109248K), 0.0110440 secs] 186532K->100352K(502464K), 0.0110917 secs] [Times: user=0.05 sys=0.00, real=0.01 secs] 
Heap after GC invocations=589 (full 11):
 par new generation   total 109248K, used 18192K [0x00000007a0000000, 0x00000007a8000000, 0x00000007a8000000)
  eden space 87424K,   0% used [0x00000007a0000000, 0x00000007a0000000, 0x00000007a5560000)
  from space 21824K,  83% used [0x00000007a6ab0000, 0x00000007a7c742f0, 0x00000007a8000000)
  to   space 21824K,   0% used [0x00000007a5560000, 0x00000007a5560000, 0x00000007a6ab0000)
 concurrent mark-sweep generation total 393216K, used 82160K [0x00000007a8000000, 0x00000007c0000000, 0x00000007c0000000)
 Metaspace       used 41375K, capacity 42126K, committed 42356K, reserved 1087488K
  class space    used 4703K, capacity 4918K, committed 4988K, reserved 1048576K
}
2016-10-23T22:35:45.726+0800: 2164.756: Total time for which application threads were stopped: 0.0113337 seconds, Stopping threads took: 0.0000859 seconds
{Heap before GC invocations=589 (full 11):
 par new generation   total 109248K, used 105616K [0x00000007a0000000, 0x00000007a8000000, 0x00000007a8000000)
  eden space 87424K, 100% used [0x00000007a0000000, 0x00000007a5560000, 0x00000007a5560000)
  from space 21824K,  83% used [0x00000007a6ab0000, 0x00000007a7c742f0, 0x00000007a8000000)
  to   space 21824K,   0% used [0x00000007a5560000, 0x00000007a5560000, 0x00000007a6ab0000)
 concurrent mark-sweep generation total 393216K, used 82160K [0x00000007a8000000, 0x00000007c0000000, 0x00000007c0000000)
 Metaspace       used 41378K, capacity 42126K, committed 42356K, reserved 1087488K
  class space    used 4703K, capacity 4918K, committed 4988K, reserved 1048576K
2016-10-23T22:35:45.819+0800: 2164.848: [GC (Allocation Failure) 2016-10-23T22:35:45.819+0800: 2164.848: [ParNew
Desired survivor size 20112992 bytes, new threshold 8 (max 8)
- age   1:    4046424 bytes,    4046424 total
- age   2:     526176 bytes,    4572600 total
- age   3:     276152 bytes,    4848752 total
- age   4:     632528 bytes,    5481280 total
- age   5:     599008 bytes,    6080288 total
- age   6:    2369200 bytes,    8449488 total
- age   7:    3363488 bytes,   11812976 total
- age   8:    1945920 bytes,   13758896 total
: 105616K->18400K(109248K), 0.0122211 secs] 187776K->103619K(502464K), 0.0122807 secs] [Times: user=0.04 sys=0.00, real=0.02 secs] 
Heap after GC invocations=590 (full 11):
 par new generation   total 109248K, used 18400K [0x00000007a0000000, 0x00000007a8000000, 0x00000007a8000000)
  eden space 87424K,   0% used [0x00000007a0000000, 0x00000007a0000000, 0x00000007a5560000)
  from space 21824K,  84% used [0x00000007a5560000, 0x00000007a6758320, 0x00000007a6ab0000)
  to   space 21824K,   0% used [0x00000007a6ab0000, 0x00000007a6ab0000, 0x00000007a8000000)
 concurrent mark-sweep generation total 393216K, used 85218K [0x00000007a8000000, 0x00000007c0000000, 0x00000007c0000000)
 Metaspace       used 41378K, capacity 42126K, committed 42356K, reserved 1087488K
  class space    used 4703K, capacity 4918K, committed 4988K, reserved 1048576K
}
2016-10-23T22:35:45.831+0800: 2164.860: Total time for which application threads were stopped: 0.0125979 seconds, Stopping threads took: 0.0000868 seconds
2016-10-23T22:35:45.857+0800: 2164.886: Total time for which application threads were stopped: 0.0001613 seconds, Stopping threads took: 0.0000709 seconds
2016-10-23T22:35:45.878+0800: 2164.908: Total time for which application threads were stopped: 0.0001733 seconds, Stopping threads took: 0.0000693 seconds
{Heap before GC invocations=590 (full 11):
 par new generation   total 109248K, used 105824K [0x00000007a0000000, 0x00000007a8000000, 0x00000007a8000000)
  eden space 87424K, 100% used [0x00000007a0000000, 0x00000007a5560000, 0x00000007a5560000)
  from space 21824K,  84% used [0x00000007a5560000, 0x00000007a6758320, 0x00000007a6ab0000)
  to   space 21824K,   0% used [0x00000007a6ab0000, 0x00000007a6ab0000, 0x00000007a8000000)
 concurrent mark-sweep generation total 393216K, used 85218K [0x00000007a8000000, 0x00000007c0000000, 0x00000007c0000000)
 Metaspace       used 41380K, capacity 42126K, committed 42356K, reserved 1087488K
  class space    used 4703K, capacity 4918K, committed 4988K, reserved 1048576K
2016-10-23T22:35:45.971+0800: 2165.000: [GC (Allocation Failure) 2016-10-23T22:35:45.971+0800: 2165.000: [ParNew
Desired survivor size 20112992 bytes, new threshold 8 (max 8)
- age   1:    5434856 bytes,    5434856 total
- age   2:    1480680 bytes,    6915536 total
- age   3:     160264 bytes,    7075800 total
- age   4:     109088 bytes,    7184888 total
- age   5:     280984 bytes,    7465872 total
- age   6:     288080 bytes,    7753952 total
- age   7:    1915672 bytes,    9669624 total
- age   8:    3363488 bytes,   13033112 total
: 105824K->17437K(109248K), 0.0105351 secs] 191043K->104576K(502464K), 0.0105893 secs] [Times: user=0.05 sys=0.00, real=0.01 secs] 
Heap after GC invocations=591 (full 11):
 par new generation   total 109248K, used 17437K [0x00000007a0000000, 0x00000007a8000000, 0x00000007a8000000)
  eden space 87424K,   0% used [0x00000007a0000000, 0x00000007a0000000, 0x00000007a5560000)
  from space 21824K,  79% used [0x00000007a6ab0000, 0x00000007a7bb7680, 0x00000007a8000000)
  to   space 21824K,   0% used [0x00000007a5560000, 0x00000007a5560000, 0x00000007a6ab0000)
 concurrent mark-sweep generation total 393216K, used 87139K [0x00000007a8000000, 0x00000007c0000000, 0x00000007c0000000)
 Metaspace       used 41380K, capacity 42126K, committed 42356K, reserved 1087488K
  class space    used 4703K, capacity 4918K, committed 4988K, reserved 1048576K
}
2016-10-23T22:35:45.982+0800: 2165.011: Total time for which application threads were stopped: 0.0108324 seconds, Stopping threads took: 0.0000793 seconds
{Heap before GC invocations=591 (full 11):
 par new generation   total 109248K, used 104861K [0x00000007a0000000, 0x00000007a8000000, 0x00000007a8000000)
  eden space 87424K, 100% used [0x00000007a0000000, 0x00000007a5560000, 0x00000007a5560000)
  from space 21824K,  79% used [0x00000007a6ab0000, 0x00000007a7bb7680, 0x00000007a8000000)
  to   space 21824K,   0% used [0x00000007a5560000, 0x00000007a5560000, 0x00000007a6ab0000)
 concurrent mark-sweep generation total 393216K, used 87139K [0x00000007a8000000, 0x00000007c0000000, 0x00000007c0000000)
 Metaspace       used 41380K, capacity 42126K, committed 42356K, reserved 1087488K
  class space    used 4703K, capacity 4918K, committed 4988K, reserved 1048576K
2016-10-23T22:35:46.116+0800: 2165.146: [GC (Allocation Failure) 2016-10-23T22:35:46.116+0800: 2165.146: [ParNew
Desired survivor size 20112992 bytes, new threshold 8 (max 8)
- age   1:    5652184 bytes,    5652184 total
- age   2:    4579768 bytes,   10231952 total
- age   3:    1294904 bytes,   11526856 total
- age   4:     160264 bytes,   11687120 total
- age   5:     109088 bytes,   11796208 total
- age   6:     280984 bytes,   12077192 total
- age   7:     288080 bytes,   12365272 total
- age   8:    1915672 bytes,   14280944 total
: 104861K->17376K(109248K), 0.0107774 secs] 192000K->107810K(502464K), 0.0108422 secs] [Times: user=0.05 sys=0.00, real=0.01 secs] 
Heap after GC invocations=592 (full 11):
 par new generation   total 109248K, used 17376K [0x00000007a0000000, 0x00000007a8000000, 0x00000007a8000000)
  eden space 87424K,   0% used [0x00000007a0000000, 0x00000007a0000000, 0x00000007a5560000)
  from space 21824K,  79% used [0x00000007a5560000, 0x00000007a6658010, 0x00000007a6ab0000)
  to   space 21824K,   0% used [0x00000007a6ab0000, 0x00000007a6ab0000, 0x00000007a8000000)
 concurrent mark-sweep generation total 393216K, used 90434K [0x00000007a8000000, 0x00000007c0000000, 0x00000007c0000000)
 Metaspace       used 41380K, capacity 42126K, committed 42356K, reserved 1087488K
  class space    used 4703K, capacity 4918K, committed 4988K, reserved 1048576K
}
2016-10-23T22:35:46.127+0800: 2165.157: Total time for which application threads were stopped: 0.0111218 seconds, Stopping threads took: 0.0000939 seconds
{Heap before GC invocations=592 (full 11):
 par new generation   total 109248K, used 104800K [0x00000007a0000000, 0x00000007a8000000, 0x00000007a8000000)
  eden space 87424K, 100% used [0x00000007a0000000, 0x00000007a5560000, 0x00000007a5560000)
  from space 21824K,  79% used [0x00000007a5560000, 0x00000007a6658010, 0x00000007a6ab0000)
  to   space 21824K,   0% used [0x00000007a6ab0000, 0x00000007a6ab0000, 0x00000007a8000000)
 concurrent mark-sweep generation total 393216K, used 90434K [0x00000007a8000000, 0x00000007c0000000, 0x00000007c0000000)
 Metaspace       used 41380K, capacity 42126K, committed 42356K, reserved 1087488K
  class space    used 4703K, capacity 4918K, committed 4988K, reserved 1048576K
2016-10-23T22:35:46.195+0800: 2165.224: [GC (Allocation Failure) 2016-10-23T22:35:46.195+0800: 2165.224: [ParNew
Desired survivor size 20112992 bytes, new threshold 8 (max 8)
- age   1:    4159584 bytes,    4159584 total
- age   2:    4201424 bytes,    8361008 total
- age   3:    4539248 bytes,   12900256 total
- age   4:    1294904 bytes,   14195160 total
- age   5:     160264 bytes,   14355424 total
- age   6:     109088 bytes,   14464512 total
- age   7:     280984 bytes,   14745496 total
- age   8:     288080 bytes,   15033576 total
: 104800K->21824K(109248K), 0.0093801 secs] 195234K->114139K(502464K), 0.0094378 secs] [Times: user=0.05 sys=0.00, real=0.01 secs] 
Heap after GC invocations=593 (full 11):
 par new generation   total 109248K, used 21824K [0x00000007a0000000, 0x00000007a8000000, 0x00000007a8000000)
  eden space 87424K,   0% used [0x00000007a0000000, 0x00000007a0000000, 0x00000007a5560000)
  from space 21824K, 100% used [0x00000007a6ab0000, 0x00000007a8000000, 0x00000007a8000000)
  to   space 21824K,   0% used [0x00000007a5560000, 0x00000007a5560000, 0x00000007a6ab0000)
 concurrent mark-sweep generation total 393216K, used 92315K [0x00000007a8000000, 0x00000007c0000000, 0x00000007c0000000)
 Metaspace       used 41380K, capacity 42126K, committed 42356K, reserved 1087488K
  class space    used 4703K, capacity 4918K, committed 4988K, reserved 1048576K
}
2016-10-23T22:35:46.204+0800: 2165.234: Total time for which application threads were stopped: 0.0096835 seconds, Stopping threads took: 0.0000810 seconds
{Heap before GC invocations=593 (full 11):
 par new generation   total 109248K, used 109248K [0x00000007a0000000, 0x00000007a8000000, 0x00000007a8000000)
  eden space 87424K, 100% used [0x00000007a0000000, 0x00000007a5560000, 0x00000007a5560000)
  from space 21824K, 100% used [0x00000007a6ab0000, 0x00000007a8000000, 0x00000007a8000000)
  to   space 21824K,   0% used [0x00000007a5560000, 0x00000007a5560000, 0x00000007a6ab0000)
 concurrent mark-sweep generation total 393216K, used 92315K [0x00000007a8000000, 0x00000007c0000000, 0x00000007c0000000)
 Metaspace       used 41380K, capacity 42126K, committed 42356K, reserved 1087488K
  class space    used 4703K, capacity 4918K, committed 4988K, reserved 1048576K
2016-10-23T22:35:46.261+0800: 2165.291: [GC (Allocation Failure) 2016-10-23T22:35:46.261+0800: 2165.291: [ParNew
Desired survivor size 20112992 bytes, new threshold 8 (max 8)
- age   1:    4085232 bytes,    4085232 total
- age   2:    2790512 bytes,    6875744 total
- age   3:    3802344 bytes,   10678088 total
- age   4:    4562568 bytes,   15240656 total
- age   5:    1294904 bytes,   16535560 total
- age   6:     160376 bytes,   16695936 total
- age   7:     109088 bytes,   16805024 total
- age   8:     280984 bytes,   17086008 total
: 109248K->21347K(109248K), 0.0080024 secs] 201563K->113944K(502464K), 0.0080673 secs] [Times: user=0.03 sys=0.00, real=0.00 secs] 
Heap after GC invocations=594 (full 11):
 par new generation   total 109248K, used 21347K [0x00000007a0000000, 0x00000007a8000000, 0x00000007a8000000)
  eden space 87424K,   0% used [0x00000007a0000000, 0x00000007a0000000, 0x00000007a5560000)
  from space 21824K,  97% used [0x00000007a5560000, 0x00000007a6a38e50, 0x00000007a6ab0000)
  to   space 21824K,   0% used [0x00000007a6ab0000, 0x00000007a6ab0000, 0x00000007a8000000)
 concurrent mark-sweep generation total 393216K, used 92597K [0x00000007a8000000, 0x00000007c0000000, 0x00000007c0000000)
 Metaspace       used 41380K, capacity 42126K, committed 42356K, reserved 1087488K
  class space    used 4703K, capacity 4918K, committed 4988K, reserved 1048576K
}
2016-10-23T22:35:46.269+0800: 2165.299: Total time for which application threads were stopped: 0.0083072 seconds, Stopping threads took: 0.0000675 seconds
{Heap before GC invocations=594 (full 11):
 par new generation   total 109248K, used 108771K [0x00000007a0000000, 0x00000007a8000000, 0x00000007a8000000)
  eden space 87424K, 100% used [0x00000007a0000000, 0x00000007a5560000, 0x00000007a5560000)
  from space 21824K,  97% used [0x00000007a5560000, 0x00000007a6a38e50, 0x00000007a6ab0000)
  to   space 21824K,   0% used [0x00000007a6ab0000, 0x00000007a6ab0000, 0x00000007a8000000)
 concurrent mark-sweep generation total 393216K, used 92597K [0x00000007a8000000, 0x00000007c0000000, 0x00000007c0000000)
 Metaspace       used 41380K, capacity 42126K, committed 42356K, reserved 1087488K
  class space    used 4703K, capacity 4918K, committed 4988K, reserved 1048576K
2016-10-23T22:35:46.324+0800: 2165.353: [GC (Allocation Failure) 2016-10-23T22:35:46.324+0800: 2165.353: [ParNew
Desired survivor size 20112992 bytes, new threshold 8 (max 8)
- age   1:    3345264 bytes,    3345264 total
- age   2:    2639688 bytes,    5984952 total
- age   3:    2784856 bytes,    8769808 total
- age   4:    3800048 bytes,   12569856 total
- age   5:    4561296 bytes,   17131152 total
- age   6:    1294904 bytes,   18426056 total
- age   7:     160264 bytes,   18586320 total
- age   8:     109088 bytes,   18695408 total
: 108771K->21824K(109248K), 0.0086898 secs] 201368K->114695K(502464K), 0.0087681 secs] [Times: user=0.03 sys=0.00, real=0.01 secs] 
Heap after GC invocations=595 (full 11):
 par new generation   total 109248K, used 21824K [0x00000007a0000000, 0x00000007a8000000, 0x00000007a8000000)
  eden space 87424K,   0% used [0x00000007a0000000, 0x00000007a0000000, 0x00000007a5560000)
  from space 21824K, 100% used [0x00000007a6ab0000, 0x00000007a8000000, 0x00000007a8000000)
  to   space 21824K,   0% used [0x00000007a5560000, 0x00000007a5560000, 0x00000007a6ab0000)
 concurrent mark-sweep generation total 393216K, used 92871K [0x00000007a8000000, 0x00000007c0000000, 0x00000007c0000000)
 Metaspace       used 41380K, capacity 42126K, committed 42356K, reserved 1087488K
  class space    used 4703K, capacity 4918K, committed 4988K, reserved 1048576K
}
2016-10-23T22:35:46.332+0800: 2165.362: Total time for which application threads were stopped: 0.0090928 seconds, Stopping threads took: 0.0001049 seconds
{Heap before GC invocations=595 (full 11):
 par new generation   total 109248K, used 109248K [0x00000007a0000000, 0x00000007a8000000, 0x00000007a8000000)
  eden space 87424K, 100% used [0x00000007a0000000, 0x00000007a5560000, 0x00000007a5560000)
  from space 21824K, 100% used [0x00000007a6ab0000, 0x00000007a8000000, 0x00000007a8000000)
  to   space 21824K,   0% used [0x00000007a5560000, 0x00000007a5560000, 0x00000007a6ab0000)
 concurrent mark-sweep generation total 393216K, used 92871K [0x00000007a8000000, 0x00000007c0000000, 0x00000007c0000000)
 Metaspace       used 41380K, capacity 42126K, committed 42356K, reserved 1087488K
  class space    used 4703K, capacity 4918K, committed 4988K, reserved 1048576K
2016-10-23T22:35:46.387+0800: 2165.416: [GC (Allocation Failure) 2016-10-23T22:35:46.387+0800: 2165.416: [ParNew
Desired survivor size 20112992 bytes, new threshold 8 (max 8)
- age   1:    3716608 bytes,    3716608 total
- age   2:    1612504 bytes,    5329112 total
- age   3:    2360016 bytes,    7689128 total
- age   4:    2694872 bytes,   10384000 total
- age   5:    3728960 bytes,   14112960 total
- age   6:    4503072 bytes,   18616032 total
- age   7:    1294792 bytes,   19910824 total
- age   8:     160264 bytes,   20071088 total
: 109248K->21824K(109248K), 0.0103645 secs] 202119K->115037K(502464K), 0.0104416 secs] [Times: user=0.04 sys=0.00, real=0.01 secs] 
Heap after GC invocations=596 (full 11):
 par new generation   total 109248K, used 21824K [0x00000007a0000000, 0x00000007a8000000, 0x00000007a8000000)
  eden space 87424K,   0% used [0x00000007a0000000, 0x00000007a0000000, 0x00000007a5560000)
  from space 21824K, 100% used [0x00000007a5560000, 0x00000007a6ab0000, 0x00000007a6ab0000)
  to   space 21824K,   0% used [0x00000007a6ab0000, 0x00000007a6ab0000, 0x00000007a8000000)
 concurrent mark-sweep generation total 393216K, used 93213K [0x00000007a8000000, 0x00000007c0000000, 0x00000007c0000000)
 Metaspace       used 41380K, capacity 42126K, committed 42356K, reserved 1087488K
  class space    used 4703K, capacity 4918K, committed 4988K, reserved 1048576K
}
2016-10-23T22:35:46.397+0800: 2165.427: Total time for which application threads were stopped: 0.0107502 seconds, Stopping threads took: 0.0000944 seconds
{Heap before GC invocations=596 (full 11):
 par new generation   total 109248K, used 109248K [0x00000007a0000000, 0x00000007a8000000, 0x00000007a8000000)
  eden space 87424K, 100% used [0x00000007a0000000, 0x00000007a5560000, 0x00000007a5560000)
  from space 21824K, 100% used [0x00000007a5560000, 0x00000007a6ab0000, 0x00000007a6ab0000)
  to   space 21824K,   0% used [0x00000007a6ab0000, 0x00000007a6ab0000, 0x00000007a8000000)
 concurrent mark-sweep generation total 393216K, used 93213K [0x00000007a8000000, 0x00000007c0000000, 0x00000007c0000000)
 Metaspace       used 41386K, capacity 42126K, committed 42356K, reserved 1087488K
  class space    used 4703K, capacity 4918K, committed 4988K, reserved 1048576K
2016-10-23T22:35:46.499+0800: 2165.528: [GC (Allocation Failure) 2016-10-23T22:35:46.499+0800: 2165.528: [ParNew
Desired survivor size 20112992 bytes, new threshold 7 (max 8)
- age   1:    6120336 bytes,    6120336 total
- age   2:    1423832 bytes,    7544168 total
- age   3:    1476720 bytes,    9020888 total
- age   4:    2247496 bytes,   11268384 total
- age   5:    1856568 bytes,   13124952 total
- age   6:    3305032 bytes,   16429984 total
- age   7:    3888648 bytes,   20318632 total
- age   8:    1290104 bytes,   21608736 total
: 109248K->21824K(109248K), 0.0118096 secs] 202461K->117979K(502464K), 0.0118722 secs] [Times: user=0.04 sys=0.01, real=0.02 secs] 
Heap after GC invocations=597 (full 11):
 par new generation   total 109248K, used 21824K [0x00000007a0000000, 0x00000007a8000000, 0x00000007a8000000)
  eden space 87424K,   0% used [0x00000007a0000000, 0x00000007a0000000, 0x00000007a5560000)
  from space 21824K, 100% used [0x00000007a6ab0000, 0x00000007a8000000, 0x00000007a8000000)
  to   space 21824K,   0% used [0x00000007a5560000, 0x00000007a5560000, 0x00000007a6ab0000)
 concurrent mark-sweep generation total 393216K, used 96155K [0x00000007a8000000, 0x00000007c0000000, 0x00000007c0000000)
 Metaspace       used 41386K, capacity 42126K, committed 42356K, reserved 1087488K
  class space    used 4703K, capacity 4918K, committed 4988K, reserved 1048576K
}
2016-10-23T22:35:46.511+0800: 2165.540: Total time for which application threads were stopped: 0.0121852 seconds, Stopping threads took: 0.0000765 seconds
{Heap before GC invocations=597 (full 11):
 par new generation   total 109248K, used 109248K [0x00000007a0000000, 0x00000007a8000000, 0x00000007a8000000)
  eden space 87424K, 100% used [0x00000007a0000000, 0x00000007a5560000, 0x00000007a5560000)
  from space 21824K, 100% used [0x00000007a6ab0000, 0x00000007a8000000, 0x00000007a8000000)
  to   space 21824K,   0% used [0x00000007a5560000, 0x00000007a5560000, 0x00000007a6ab0000)
 concurrent mark-sweep generation total 393216K, used 96155K [0x00000007a8000000, 0x00000007c0000000, 0x00000007c0000000)
 Metaspace       used 41386K, capacity 42126K, committed 42356K, reserved 1087488K
  class space    used 4703K, capacity 4918K, committed 4988K, reserved 1048576K
2016-10-23T22:35:46.593+0800: 2165.622: [GC (Allocation Failure) 2016-10-23T22:35:46.593+0800: 2165.622: [ParNew
Desired survivor size 20112992 bytes, new threshold 8 (max 8)
- age   1:     411672 bytes,     411672 total
- age   2:    5742592 bytes,    6154264 total
- age   3:    1307584 bytes,    7461848 total
- age   4:    1328848 bytes,    8790696 total
- age   5:    2125056 bytes,   10915752 total
- age   6:    1682720 bytes,   12598472 total
- age   7:    3009736 bytes,   15608208 total
: 109248K->21824K(109248K), 0.0100282 secs] 205403K->122703K(502464K), 0.0100855 secs] [Times: user=0.04 sys=0.00, real=0.01 secs] 
Heap after GC invocations=598 (full 11):
 par new generation   total 109248K, used 21824K [0x00000007a0000000, 0x00000007a8000000, 0x00000007a8000000)
  eden space 87424K,   0% used [0x00000007a0000000, 0x00000007a0000000, 0x00000007a5560000)
  from space 21824K, 100% used [0x00000007a5560000, 0x00000007a6ab0000, 0x00000007a6ab0000)
  to   space 21824K,   0% used [0x00000007a6ab0000, 0x00000007a6ab0000, 0x00000007a8000000)
 concurrent mark-sweep generation total 393216K, used 100879K [0x00000007a8000000, 0x00000007c0000000, 0x00000007c0000000)
 Metaspace       used 41386K, capacity 42126K, committed 42356K, reserved 1087488K
  class space    used 4703K, capacity 4918K, committed 4988K, reserved 1048576K
}
2016-10-23T22:35:46.603+0800: 2165.632: Total time for which application threads were stopped: 0.0103809 seconds, Stopping threads took: 0.0000903 seconds
{Heap before GC invocations=598 (full 11):
 par new generation   total 109248K, used 109248K [0x00000007a0000000, 0x00000007a8000000, 0x00000007a8000000)
  eden space 87424K, 100% used [0x00000007a0000000, 0x00000007a5560000, 0x00000007a5560000)
  from space 21824K, 100% used [0x00000007a5560000, 0x00000007a6ab0000, 0x00000007a6ab0000)
  to   space 21824K,   0% used [0x00000007a6ab0000, 0x00000007a6ab0000, 0x00000007a8000000)
 concurrent mark-sweep generation total 393216K, used 100879K [0x00000007a8000000, 0x00000007c0000000, 0x00000007c0000000)
 Metaspace       used 41386K, capacity 42126K, committed 42356K, reserved 1087488K
  class space    used 4703K, capacity 4918K, committed 4988K, reserved 1048576K
2016-10-23T22:35:46.633+0800: 2165.662: [GC (Allocation Failure) 2016-10-23T22:35:46.633+0800: 2165.662: [ParNew
Desired survivor size 20112992 bytes, new threshold 8 (max 8)
- age   1:      63880 bytes,      63880 total
- age   2:     247328 bytes,     311208 total
- age   3:    5741824 bytes,    6053032 total
- age   4:    1307008 bytes,    7360040 total
- age   5:    1328368 bytes,    8688408 total
- age   6:    2124840 bytes,   10813248 total
- age   7:    1682144 bytes,   12495392 total
- age   8:    3008536 bytes,   15503928 total
: 109248K->18941K(109248K), 0.0097664 secs] 210127K->119820K(502464K), 0.0098182 secs] [Times: user=0.03 sys=0.01, real=0.01 secs] 
Heap after GC invocations=599 (full 11):
 par new generation   total 109248K, used 18941K [0x00000007a0000000, 0x00000007a8000000, 0x00000007a8000000)
  eden space 87424K,   0% used [0x00000007a0000000, 0x00000007a0000000, 0x00000007a5560000)
  from space 21824K,  86% used [0x00000007a6ab0000, 0x00000007a7d2f448, 0x00000007a8000000)
  to   space 21824K,   0% used [0x00000007a5560000, 0x00000007a5560000, 0x00000007a6ab0000)
 concurrent mark-sweep generation total 393216K, used 100879K [0x00000007a8000000, 0x00000007c0000000, 0x00000007c0000000)
 Metaspace       used 41386K, capacity 42126K, committed 42356K, reserved 1087488K
  class space    used 4703K, capacity 4918K, committed 4988K, reserved 1048576K
}
2016-10-23T22:35:46.643+0800: 2165.672: Total time for which application threads were stopped: 0.0100488 seconds, Stopping threads took: 0.0000650 seconds
{Heap before GC invocations=599 (full 11):
 par new generation   total 109248K, used 106365K [0x00000007a0000000, 0x00000007a8000000, 0x00000007a8000000)
  eden space 87424K, 100% used [0x00000007a0000000, 0x00000007a5560000, 0x00000007a5560000)
  from space 21824K,  86% used [0x00000007a6ab0000, 0x00000007a7d2f448, 0x00000007a8000000)
  to   space 21824K,   0% used [0x00000007a5560000, 0x00000007a5560000, 0x00000007a6ab0000)
 concurrent mark-sweep generation total 393216K, used 100879K [0x00000007a8000000, 0x00000007c0000000, 0x00000007c0000000)
 Metaspace       used 41389K, capacity 42126K, committed 42356K, reserved 1087488K
  class space    used 4703K, capacity 4918K, committed 4988K, reserved 1048576K
2016-10-23T22:35:46.713+0800: 2165.742: [GC (Allocation Failure) 2016-10-23T22:35:46.713+0800: 2165.742: [ParNew
Desired survivor size 20112992 bytes, new threshold 8 (max 8)
- age   1:    2537512 bytes,    2537512 total
- age   2:       7536 bytes,    2545048 total
- age   3:      63536 bytes,    2608584 total
- age   4:    5096600 bytes,    7705184 total
- age   5:     969032 bytes,    8674216 total
- age   6:     972568 bytes,    9646784 total
- age   7:    1759968 bytes,   11406752 total
- age   8:    1233408 bytes,   12640160 total
: 106365K->21083K(109248K), 0.0082410 secs] 207244K->124120K(502464K), 0.0082944 secs] [Times: user=0.03 sys=0.00, real=0.01 secs] 
Heap after GC invocations=600 (full 11):
 par new generation   total 109248K, used 21083K [0x00000007a0000000, 0x00000007a8000000, 0x00000007a8000000)
  eden space 87424K,   0% used [0x00000007a0000000, 0x00000007a0000000, 0x00000007a5560000)
  from space 21824K,  96% used [0x00000007a5560000, 0x00000007a69f6c10, 0x00000007a6ab0000)
  to   space 21824K,   0% used [0x00000007a6ab0000, 0x00000007a6ab0000, 0x00000007a8000000)
 concurrent mark-sweep generation total 393216K, used 103037K [0x00000007a8000000, 0x00000007c0000000, 0x00000007c0000000)
 Metaspace       used 41389K, capacity 42126K, committed 42356K, reserved 1087488K
  class space    used 4703K, capacity 4918K, committed 4988K, reserved 1048576K
}
2016-10-23T22:35:46.721+0800: 2165.750: Total time for which application threads were stopped: 0.0085800 seconds, Stopping threads took: 0.0000845 seconds
{Heap before GC invocations=600 (full 11):
 par new generation   total 109248K, used 108507K [0x00000007a0000000, 0x00000007a8000000, 0x00000007a8000000)
  eden space 87424K, 100% used [0x00000007a0000000, 0x00000007a5560000, 0x00000007a5560000)
  from space 21824K,  96% used [0x00000007a5560000, 0x00000007a69f6c10, 0x00000007a6ab0000)
  to   space 21824K,   0% used [0x00000007a6ab0000, 0x00000007a6ab0000, 0x00000007a8000000)
 concurrent mark-sweep generation total 393216K, used 103037K [0x00000007a8000000, 0x00000007c0000000, 0x00000007c0000000)
 Metaspace       used 41389K, capacity 42126K, committed 42356K, reserved 1087488K
  class space    used 4703K, capacity 4918K, committed 4988K, reserved 1048576K
2016-10-23T22:35:46.801+0800: 2165.830: [GC (Allocation Failure) 2016-10-23T22:35:46.801+0800: 2165.830: [ParNew
Desired survivor size 20112992 bytes, new threshold 8 (max 8)
- age   1:    3541760 bytes,    3541760 total
- age   2:    1846944 bytes,    5388704 total
- age   4:      42200 bytes,    5430904 total
- age   5:    4949312 bytes,   10380216 total
- age   6:     969032 bytes,   11349248 total
- age   7:     972568 bytes,   12321816 total
- age   8:    1759968 bytes,   14081784 total
: 108507K->18149K(109248K), 0.0084688 secs] 211544K->122396K(502464K), 0.0085207 secs] [Times: user=0.03 sys=0.00, real=0.00 secs] 
Heap after GC invocations=601 (full 11):
 par new generation   total 109248K, used 18149K [0x00000007a0000000, 0x00000007a8000000, 0x00000007a8000000)
  eden space 87424K,   0% used [0x00000007a0000000, 0x00000007a0000000, 0x00000007a5560000)
  from space 21824K,  83% used [0x00000007a6ab0000, 0x00000007a7c695f0, 0x00000007a8000000)
  to   space 21824K,   0% used [0x00000007a5560000, 0x00000007a5560000, 0x00000007a6ab0000)
 concurrent mark-sweep generation total 393216K, used 104247K [0x00000007a8000000, 0x00000007c0000000, 0x00000007c0000000)
 Metaspace       used 41389K, capacity 42126K, committed 42356K, reserved 1087488K
  class space    used 4703K, capacity 4918K, committed 4988K, reserved 1048576K
}
2016-10-23T22:35:46.809+0800: 2165.839: Total time for which application threads were stopped: 0.0087790 seconds, Stopping threads took: 0.0000699 seconds
{Heap before GC invocations=601 (full 11):
 par new generation   total 109248K, used 105573K [0x00000007a0000000, 0x00000007a8000000, 0x00000007a8000000)
  eden space 87424K, 100% used [0x00000007a0000000, 0x00000007a5560000, 0x00000007a5560000)
  from space 21824K,  83% used [0x00000007a6ab0000, 0x00000007a7c695f0, 0x00000007a8000000)
  to   space 21824K,   0% used [0x00000007a5560000, 0x00000007a5560000, 0x00000007a6ab0000)
 concurrent mark-sweep generation total 393216K, used 104247K [0x00000007a8000000, 0x00000007c0000000, 0x00000007c0000000)
 Metaspace       used 41389K, capacity 42126K, committed 42356K, reserved 1087488K
  class space    used 4703K, capacity 4918K, committed 4988K, reserved 1048576K
2016-10-23T22:35:46.953+0800: 2165.982: [GC (Allocation Failure) 2016-10-23T22:35:46.953+0800: 2165.982: [ParNew
Desired survivor size 20112992 bytes, new threshold 8 (max 8)
- age   1:    6411016 bytes,    6411016 total
- age   2:    2153088 bytes,    8564104 total
- age   3:    1829976 bytes,   10394080 total
- age   5:      42200 bytes,   10436280 total
- age   6:    4949312 bytes,   15385592 total
- age   7:     969032 bytes,   16354624 total
- age   8:     972568 bytes,   17327192 total
: 105573K->20420K(109248K), 0.0095603 secs] 209820K->126390K(502464K), 0.0096134 secs] [Times: user=0.04 sys=0.00, real=0.01 secs] 
Heap after GC invocations=602 (full 11):
 par new generation   total 109248K, used 20420K [0x00000007a0000000, 0x00000007a8000000, 0x00000007a8000000)
  eden space 87424K,   0% used [0x00000007a0000000, 0x00000007a0000000, 0x00000007a5560000)
  from space 21824K,  93% used [0x00000007a5560000, 0x00000007a6951220, 0x00000007a6ab0000)
  to   space 21824K,   0% used [0x00000007a6ab0000, 0x00000007a6ab0000, 0x00000007a8000000)
 concurrent mark-sweep generation total 393216K, used 105969K [0x00000007a8000000, 0x00000007c0000000, 0x00000007c0000000)
 Metaspace       used 41389K, capacity 42126K, committed 42356K, reserved 1087488K
  class space    used 4703K, capacity 4918K, committed 4988K, reserved 1048576K
}
2016-10-23T22:35:46.963+0800: 2165.992: Total time for which application threads were stopped: 0.0099025 seconds, Stopping threads took: 0.0000785 seconds
{Heap before GC invocations=602 (full 11):
 par new generation   total 109248K, used 107844K [0x00000007a0000000, 0x00000007a8000000, 0x00000007a8000000)
  eden space 87424K, 100% used [0x00000007a0000000, 0x00000007a5560000, 0x00000007a5560000)
  from space 21824K,  93% used [0x00000007a5560000, 0x00000007a6951220, 0x00000007a6ab0000)
  to   space 21824K,   0% used [0x00000007a6ab0000, 0x00000007a6ab0000, 0x00000007a8000000)
 concurrent mark-sweep generation total 393216K, used 105969K [0x00000007a8000000, 0x00000007c0000000, 0x00000007c0000000)
 Metaspace       used 41389K, capacity 42126K, committed 42356K, reserved 1087488K
  class space    used 4703K, capacity 4918K, committed 4988K, reserved 1048576K
2016-10-23T22:35:47.098+0800: 2166.128: [GC (Allocation Failure) 2016-10-23T22:35:47.098+0800: 2166.128: [ParNew
Desired survivor size 20112992 bytes, new threshold 8 (max 8)
- age   1:    5816680 bytes,    5816680 total
- age   2:    4732456 bytes,   10549136 total
- age   3:    2147088 bytes,   12696224 total
- age   4:    1825224 bytes,   14521448 total
- age   6:      42200 bytes,   14563648 total
- age   7:    4949312 bytes,   19512960 total
- age   8:     969032 bytes,   20481992 total
: 107844K->21824K(109248K), 0.0098101 secs] 213814K->128795K(502464K), 0.0098816 secs] [Times: user=0.04 sys=0.00, real=0.01 secs] 
Heap after GC invocations=603 (full 11):
 par new generation   total 109248K, used 21824K [0x00000007a0000000, 0x00000007a8000000, 0x00000007a8000000)
  eden space 87424K,   0% used [0x00000007a0000000, 0x00000007a0000000, 0x00000007a5560000)
  from space 21824K, 100% used [0x00000007a6ab0000, 0x00000007a8000000, 0x00000007a8000000)
  to   space 21824K,   0% used [0x00000007a5560000, 0x00000007a5560000, 0x00000007a6ab0000)
 concurrent mark-sweep generation total 393216K, used 106971K [0x00000007a8000000, 0x00000007c0000000, 0x00000007c0000000)
 Metaspace       used 41389K, capacity 42126K, committed 42356K, reserved 1087488K
  class space    used 4703K, capacity 4918K, committed 4988K, reserved 1048576K
}
2016-10-23T22:35:47.108+0800: 2166.138: Total time for which application threads were stopped: 0.0101514 seconds, Stopping threads took: 0.0000773 seconds
{Heap before GC invocations=603 (full 11):
 par new generation   total 109248K, used 109248K [0x00000007a0000000, 0x00000007a8000000, 0x00000007a8000000)
  eden space 87424K, 100% used [0x00000007a0000000, 0x00000007a5560000, 0x00000007a5560000)
  from space 21824K, 100% used [0x00000007a6ab0000, 0x00000007a8000000, 0x00000007a8000000)
  to   space 21824K,   0% used [0x00000007a5560000, 0x00000007a5560000, 0x00000007a6ab0000)
 concurrent mark-sweep generation total 393216K, used 106971K [0x00000007a8000000, 0x00000007c0000000, 0x00000007c0000000)
 Metaspace       used 41389K, capacity 42126K, committed 42356K, reserved 1087488K
  class space    used 4703K, capacity 4918K, committed 4988K, reserved 1048576K
2016-10-23T22:35:47.195+0800: 2166.224: [GC (Allocation Failure) 2016-10-23T22:35:47.195+0800: 2166.224: [ParNew
Desired survivor size 20112992 bytes, new threshold 8 (max 8)
- age   1:    4469160 bytes,    4469160 total
- age   2:    3701888 bytes,    8171048 total
- age   3:    4512936 bytes,   12683984 total
- age   4:    2021800 bytes,   14705784 total
- age   5:    1745072 bytes,   16450856 total
- age   7:      42200 bytes,   16493056 total
- age   8:    4948928 bytes,   21441984 total
: 109248K->21824K(109248K), 0.0107344 secs] 216219K->130478K(502464K), 0.0107914 secs] [Times: user=0.04 sys=0.00, real=0.01 secs] 
Heap after GC invocations=604 (full 11):
 par new generation   total 109248K, used 21824K [0x00000007a0000000, 0x00000007a8000000, 0x00000007a8000000)
  eden space 87424K,   0% used [0x00000007a0000000, 0x00000007a0000000, 0x00000007a5560000)
  from space 21824K, 100% used [0x00000007a5560000, 0x00000007a6ab0000, 0x00000007a6ab0000)
  to   space 21824K,   0% used [0x00000007a6ab0000, 0x00000007a6ab0000, 0x00000007a8000000)
 concurrent mark-sweep generation total 393216K, used 108654K [0x00000007a8000000, 0x00000007c0000000, 0x00000007c0000000)
 Metaspace       used 41389K, capacity 42126K, committed 42356K, reserved 1087488K
  class space    used 4703K, capacity 4918K, committed 4988K, reserved 1048576K
}
2016-10-23T22:35:47.205+0800: 2166.235: Total time for which application threads were stopped: 0.0109898 seconds, Stopping threads took: 0.0000200 seconds
{Heap before GC invocations=604 (full 11):
 par new generation   total 109248K, used 109248K [0x00000007a0000000, 0x00000007a8000000, 0x00000007a8000000)
  eden space 87424K, 100% used [0x00000007a0000000, 0x00000007a5560000, 0x00000007a5560000)
  from space 21824K, 100% used [0x00000007a5560000, 0x00000007a6ab0000, 0x00000007a6ab0000)
  to   space 21824K,   0% used [0x00000007a6ab0000, 0x00000007a6ab0000, 0x00000007a8000000)
 concurrent mark-sweep generation total 393216K, used 108654K [0x00000007a8000000, 0x00000007c0000000, 0x00000007c0000000)
 Metaspace       used 41389K, capacity 42126K, committed 42356K, reserved 1087488K
  class space    used 4703K, capacity 4918K, committed 4988K, reserved 1048576K
2016-10-23T22:35:47.255+0800: 2166.284: [GC (Allocation Failure) 2016-10-23T22:35:47.255+0800: 2166.284: [ParNew
Desired survivor size 20112992 bytes, new threshold 8 (max 8)
- age   1:    4613080 bytes,    4613080 total
- age   2:    2876392 bytes,    7489472 total
- age   3:    3697936 bytes,   11187408 total
- age   4:    3688672 bytes,   14876080 total
- age   5:    2017832 bytes,   16893912 total
- age   6:    1743504 bytes,   18637416 total
- age   8:      42200 bytes,   18679616 total
: 109248K->21824K(109248K), 0.0116583 secs] 217902K->135331K(502464K), 0.0116979 secs] [Times: user=0.04 sys=0.00, real=0.01 secs] 
Heap after GC invocations=605 (full 11):
 par new generation   total 109248K, used 21824K [0x00000007a0000000, 0x00000007a8000000, 0x00000007a8000000)
  eden space 87424K,   0% used [0x00000007a0000000, 0x00000007a0000000, 0x00000007a5560000)
  from space 21824K, 100% used [0x00000007a6ab0000, 0x00000007a8000000, 0x00000007a8000000)
  to   space 21824K,   0% used [0x00000007a5560000, 0x00000007a5560000, 0x00000007a6ab0000)
 concurrent mark-sweep generation total 393216K, used 113507K [0x00000007a8000000, 0x00000007c0000000, 0x00000007c0000000)
 Metaspace       used 41389K, capacity 42126K, committed 42356K, reserved 1087488K
  class space    used 4703K, capacity 4918K, committed 4988K, reserved 1048576K
}
2016-10-23T22:35:47.267+0800: 2166.296: Total time for which application threads were stopped: 0.0119168 seconds, Stopping threads took: 0.0000378 seconds
{Heap before GC invocations=605 (full 11):
 par new generation   total 109248K, used 109248K [0x00000007a0000000, 0x00000007a8000000, 0x00000007a8000000)
  eden space 87424K, 100% used [0x00000007a0000000, 0x00000007a5560000, 0x00000007a5560000)
  from space 21824K, 100% used [0x00000007a6ab0000, 0x00000007a8000000, 0x00000007a8000000)
  to   space 21824K,   0% used [0x00000007a5560000, 0x00000007a5560000, 0x00000007a6ab0000)
 concurrent mark-sweep generation total 393216K, used 113507K [0x00000007a8000000, 0x00000007c0000000, 0x00000007c0000000)
 Metaspace       used 41389K, capacity 42126K, committed 42356K, reserved 1087488K
  class space    used 4703K, capacity 4918K, committed 4988K, reserved 1048576K
2016-10-23T22:35:47.376+0800: 2166.405: [GC (Allocation Failure) 2016-10-23T22:35:47.376+0800: 2166.405: [ParNew
Desired survivor size 20112992 bytes, new threshold 7 (max 8)
- age   1:    4984704 bytes,    4984704 total
- age   2:    2664128 bytes,    7648832 total
- age   3:    2210600 bytes,    9859432 total
- age   4:    3529680 bytes,   13389112 total
- age   5:    3474072 bytes,   16863184 total
- age   6:    1914064 bytes,   18777248 total
- age   7:    1539304 bytes,   20316552 total
: 109248K->21824K(109248K), 0.0161806 secs] 222755K->136887K(502464K), 0.0162469 secs] [Times: user=0.06 sys=0.00, real=0.02 secs] 
Heap after GC invocations=606 (full 11):
 par new generation   total 109248K, used 21824K [0x00000007a0000000, 0x00000007a8000000, 0x00000007a8000000)
  eden space 87424K,   0% used [0x00000007a0000000, 0x00000007a0000000, 0x00000007a5560000)
  from space 21824K, 100% used [0x00000007a5560000, 0x00000007a6ab0000, 0x00000007a6ab0000)
  to   space 21824K,   0% used [0x00000007a6ab0000, 0x00000007a6ab0000, 0x00000007a8000000)
 concurrent mark-sweep generation total 393216K, used 115063K [0x00000007a8000000, 0x00000007c0000000, 0x00000007c0000000)
 Metaspace       used 41389K, capacity 42126K, committed 42356K, reserved 1087488K
  class space    used 4703K, capacity 4918K, committed 4988K, reserved 1048576K
}
2016-10-23T22:35:47.392+0800: 2166.422: Total time for which application threads were stopped: 0.0165335 seconds, Stopping threads took: 0.0000765 seconds
{Heap before GC invocations=606 (full 11):
 par new generation   total 109248K, used 109248K [0x00000007a0000000, 0x00000007a8000000, 0x00000007a8000000)
  eden space 87424K, 100% used [0x00000007a0000000, 0x00000007a5560000, 0x00000007a5560000)
  from space 21824K, 100% used [0x00000007a5560000, 0x00000007a6ab0000, 0x00000007a6ab0000)
  to   space 21824K,   0% used [0x00000007a6ab0000, 0x00000007a6ab0000, 0x00000007a8000000)
 concurrent mark-sweep generation total 393216K, used 115063K [0x00000007a8000000, 0x00000007c0000000, 0x00000007c0000000)
 Metaspace       used 41390K, capacity 42126K, committed 42356K, reserved 1087488K
  class space    used 4703K, capacity 4918K, committed 4988K, reserved 1048576K
2016-10-23T22:35:47.490+0800: 2166.519: [GC (Allocation Failure) 2016-10-23T22:35:47.490+0800: 2166.519: [ParNew
Desired survivor size 20112992 bytes, new threshold 7 (max 8)
- age   1:    6871864 bytes,    6871864 total
- age   2:    2353064 bytes,    9224928 total
- age   3:    2266944 bytes,   11491872 total
- age   4:    1865616 bytes,   13357488 total
- age   5:    2720880 bytes,   16078368 total
- age   6:    3133864 bytes,   19212232 total
- age   7:    1709712 bytes,   20921944 total
: 109248K->21824K(109248K), 0.0132646 secs] 224311K->140380K(502464K), 0.0133374 secs] [Times: user=0.05 sys=0.00, real=0.01 secs] 
Heap after GC invocations=607 (full 11):
 par new generation   total 109248K, used 21824K [0x00000007a0000000, 0x00000007a8000000, 0x00000007a8000000)
  eden space 87424K,   0% used [0x00000007a0000000, 0x00000007a0000000, 0x00000007a5560000)
  from space 21824K, 100% used [0x00000007a6ab0000, 0x00000007a8000000, 0x00000007a8000000)
  to   space 21824K,   0% used [0x00000007a5560000, 0x00000007a5560000, 0x00000007a6ab0000)
 concurrent mark-sweep generation total 393216K, used 118556K [0x00000007a8000000, 0x00000007c0000000, 0x00000007c0000000)
 Metaspace       used 41390K, capacity 42126K, committed 42356K, reserved 1087488K
  class space    used 4703K, capacity 4918K, committed 4988K, reserved 1048576K
}
2016-10-23T22:35:47.503+0800: 2166.533: Total time for which application threads were stopped: 0.0135800 seconds, Stopping threads took: 0.0000605 seconds
{Heap before GC invocations=607 (full 11):
 par new generation   total 109248K, used 109248K [0x00000007a0000000, 0x00000007a8000000, 0x00000007a8000000)
  eden space 87424K, 100% used [0x00000007a0000000, 0x00000007a5560000, 0x00000007a5560000)
  from space 21824K, 100% used [0x00000007a6ab0000, 0x00000007a8000000, 0x00000007a8000000)
  to   space 21824K,   0% used [0x00000007a5560000, 0x00000007a5560000, 0x00000007a6ab0000)
 concurrent mark-sweep generation total 393216K, used 118556K [0x00000007a8000000, 0x00000007c0000000, 0x00000007c0000000)
 Metaspace       used 41391K, capacity 42126K, committed 42356K, reserved 1087488K
  class space    used 4703K, capacity 4918K, committed 4988K, reserved 1048576K
2016-10-23T22:35:47.642+0800: 2166.672: [GC (Allocation Failure) 2016-10-23T22:35:47.642+0800: 2166.672: [ParNew
Desired survivor size 20112992 bytes, new threshold 8 (max 8)
- age   1:    2683976 bytes,    2683976 total
- age   2:    6067360 bytes,    8751336 total
- age   3:    1982016 bytes,   10733352 total
- age   4:    2097640 bytes,   12830992 total
- age   5:    1526792 bytes,   14357784 total
- age   6:    2219848 bytes,   16577632 total
- age   7:    2581800 bytes,   19159432 total
: 109248K->21824K(109248K), 0.0120265 secs] 227804K->143114K(502464K), 0.0120908 secs] [Times: user=0.05 sys=0.00, real=0.01 secs] 
Heap after GC invocations=608 (full 11):
 par new generation   total 109248K, used 21824K [0x00000007a0000000, 0x00000007a8000000, 0x00000007a8000000)
  eden space 87424K,   0% used [0x00000007a0000000, 0x00000007a0000000, 0x00000007a5560000)
  from space 21824K, 100% used [0x00000007a5560000, 0x00000007a6ab0000, 0x00000007a6ab0000)
  to   space 21824K,   0% used [0x00000007a6ab0000, 0x00000007a6ab0000, 0x00000007a8000000)
 concurrent mark-sweep generation total 393216K, used 121290K [0x00000007a8000000, 0x00000007c0000000, 0x00000007c0000000)
 Metaspace       used 41391K, capacity 42126K, committed 42356K, reserved 1087488K
  class space    used 4703K, capacity 4918K, committed 4988K, reserved 1048576K
}
2016-10-23T22:35:47.654+0800: 2166.684: Total time for which application threads were stopped: 0.0124001 seconds, Stopping threads took: 0.0000872 seconds
{Heap before GC invocations=608 (full 11):
 par new generation   total 109248K, used 109230K [0x00000007a0000000, 0x00000007a8000000, 0x00000007a8000000)
  eden space 87424K,  99% used [0x00000007a0000000, 0x00000007a555b988, 0x00000007a5560000)
  from space 21824K, 100% used [0x00000007a5560000, 0x00000007a6ab0000, 0x00000007a6ab0000)
  to   space 21824K,   0% used [0x00000007a6ab0000, 0x00000007a6ab0000, 0x00000007a8000000)
 concurrent mark-sweep generation total 393216K, used 121290K [0x00000007a8000000, 0x00000007c0000000, 0x00000007c0000000)
 Metaspace       used 41392K, capacity 42126K, committed 42356K, reserved 1087488K
  class space    used 4703K, capacity 4918K, committed 4988K, reserved 1048576K
2016-10-23T22:35:47.715+0800: 2166.745: [GC (Allocation Failure) 2016-10-23T22:35:47.715+0800: 2166.745: [ParNew
Desired survivor size 20112992 bytes, new threshold 8 (max 8)
- age   1:    1838064 bytes,    1838064 total
- age   2:    2249912 bytes,    4087976 total
- age   3:    6034776 bytes,   10122752 total
- age   4:    1944600 bytes,   12067352 total
- age   5:    2081880 bytes,   14149232 total
- age   6:    1494968 bytes,   15644200 total
- age   7:    2172648 bytes,   17816848 total
- age   8:    2526448 bytes,   20343296 total
: 109230K->21824K(109248K), 0.0105251 secs] 230520K->143402K(502464K), 0.0105753 secs] [Times: user=0.04 sys=0.00, real=0.01 secs] 
Heap after GC invocations=609 (full 11):
 par new generation   total 109248K, used 21824K [0x00000007a0000000, 0x00000007a8000000, 0x00000007a8000000)
  eden space 87424K,   0% used [0x00000007a0000000, 0x00000007a0000000, 0x00000007a5560000)
  from space 21824K, 100% used [0x00000007a6ab0000, 0x00000007a8000000, 0x00000007a8000000)
  to   space 21824K,   0% used [0x00000007a5560000, 0x00000007a5560000, 0x00000007a6ab0000)
 concurrent mark-sweep generation total 393216K, used 121578K [0x00000007a8000000, 0x00000007c0000000, 0x00000007c0000000)
 Metaspace       used 41392K, capacity 42126K, committed 42356K, reserved 1087488K
  class space    used 4703K, capacity 4918K, committed 4988K, reserved 1048576K
}
2016-10-23T22:35:47.726+0800: 2166.755: Total time for which application threads were stopped: 0.0108843 seconds, Stopping threads took: 0.0000983 seconds
2016-10-23T22:35:47.777+0800: 2166.806: Total time for which application threads were stopped: 0.0002429 seconds, Stopping threads took: 0.0001032 seconds
2016-10-23T22:35:47.827+0800: 2166.857: Total time for which application threads were stopped: 0.0005147 seconds, Stopping threads took: 0.0001252 seconds
2016-10-23T22:35:47.875+0800: 2166.904: Total time for which application threads were stopped: 0.0006408 seconds, Stopping threads took: 0.0002129 seconds
{Heap before GC invocations=609 (full 11):
 par new generation   total 109248K, used 109248K [0x00000007a0000000, 0x00000007a8000000, 0x00000007a8000000)
  eden space 87424K, 100% used [0x00000007a0000000, 0x00000007a5560000, 0x00000007a5560000)
  from space 21824K, 100% used [0x00000007a6ab0000, 0x00000007a8000000, 0x00000007a8000000)
  to   space 21824K,   0% used [0x00000007a5560000, 0x00000007a5560000, 0x00000007a6ab0000)
 concurrent mark-sweep generation total 393216K, used 121578K [0x00000007a8000000, 0x00000007c0000000, 0x00000007c0000000)
 Metaspace       used 41443K, capacity 42254K, committed 42356K, reserved 1087488K
  class space    used 4703K, capacity 4918K, committed 4988K, reserved 1048576K
2016-10-23T22:35:47.903+0800: 2166.932: [GC (Allocation Failure) 2016-10-23T22:35:47.903+0800: 2166.932: [ParNew
Desired survivor size 20112992 bytes, new threshold 8 (max 8)
- age   1:    7330824 bytes,    7330824 total
- age   2:     943336 bytes,    8274160 total
- age   3:    1697560 bytes,    9971720 total
- age   4:    5194368 bytes,   15166088 total
- age   5:    1324912 bytes,   16491000 total
- age   6:    1734096 bytes,   18225096 total
- age   7:    1007376 bytes,   19232472 total
- age   8:    1549024 bytes,   20781496 total
: 109248K->21824K(109248K), 0.0166555 secs] 230826K->146686K(502464K), 0.0167099 secs] [Times: user=0.07 sys=0.00, real=0.02 secs] 
Heap after GC invocations=610 (full 11):
 par new generation   total 109248K, used 21824K [0x00000007a0000000, 0x00000007a8000000, 0x00000007a8000000)
  eden space 87424K,   0% used [0x00000007a0000000, 0x00000007a0000000, 0x00000007a5560000)
  from space 21824K, 100% used [0x00000007a5560000, 0x00000007a6ab0000, 0x00000007a6ab0000)
  to   space 21824K,   0% used [0x00000007a6ab0000, 0x00000007a6ab0000, 0x00000007a8000000)
 concurrent mark-sweep generation total 393216K, used 124862K [0x00000007a8000000, 0x00000007c0000000, 0x00000007c0000000)
 Metaspace       used 41443K, capacity 42254K, committed 42356K, reserved 1087488K
  class space    used 4703K, capacity 4918K, committed 4988K, reserved 1048576K
}
2016-10-23T22:35:47.920+0800: 2166.949: Total time for which application threads were stopped: 0.0170264 seconds, Stopping threads took: 0.0001009 seconds
{Heap before GC invocations=610 (full 11):
 par new generation   total 109248K, used 109248K [0x00000007a0000000, 0x00000007a8000000, 0x00000007a8000000)
  eden space 87424K, 100% used [0x00000007a0000000, 0x00000007a5560000, 0x00000007a5560000)
  from space 21824K, 100% used [0x00000007a5560000, 0x00000007a6ab0000, 0x00000007a6ab0000)
  to   space 21824K,   0% used [0x00000007a6ab0000, 0x00000007a6ab0000, 0x00000007a8000000)
 concurrent mark-sweep generation total 393216K, used 124862K [0x00000007a8000000, 0x00000007c0000000, 0x00000007c0000000)
 Metaspace       used 41454K, capacity 42254K, committed 42356K, reserved 1087488K
  class space    used 4703K, capacity 4918K, committed 4988K, reserved 1048576K
2016-10-23T22:35:47.979+0800: 2167.008: [GC (Allocation Failure) 2016-10-23T22:35:47.979+0800: 2167.008: [ParNew
Desired survivor size 20112992 bytes, new threshold 8 (max 8)
- age   1:    2102768 bytes,    2102768 total
- age   2:    4018424 bytes,    6121192 total
- age   3:     943336 bytes,    7064528 total
- age   4:    1696520 bytes,    8761048 total
- age   5:    5194368 bytes,   13955416 total
- age   6:    1324912 bytes,   15280328 total
- age   7:    1734096 bytes,   17014424 total
- age   8:    1007376 bytes,   18021800 total
: 109248K->21824K(109248K), 0.0104835 secs] 234110K->148209K(502464K), 0.0105420 secs] [Times: user=0.05 sys=0.00, real=0.01 secs] 
Heap after GC invocations=611 (full 11):
 par new generation   total 109248K, used 21824K [0x00000007a0000000, 0x00000007a8000000, 0x00000007a8000000)
  eden space 87424K,   0% used [0x00000007a0000000, 0x00000007a0000000, 0x00000007a5560000)
  from space 21824K, 100% used [0x00000007a6ab0000, 0x00000007a8000000, 0x00000007a8000000)
  to   space 21824K,   0% used [0x00000007a5560000, 0x00000007a5560000, 0x00000007a6ab0000)
 concurrent mark-sweep generation total 393216K, used 126385K [0x00000007a8000000, 0x00000007c0000000, 0x00000007c0000000)
 Metaspace       used 41454K, capacity 42254K, committed 42356K, reserved 1087488K
  class space    used 4703K, capacity 4918K, committed 4988K, reserved 1048576K
}
2016-10-23T22:35:47.989+0800: 2167.019: Total time for which application threads were stopped: 0.0108606 seconds, Stopping threads took: 0.0000928 seconds
{Heap before GC invocations=611 (full 11):
 par new generation   total 109248K, used 109248K [0x00000007a0000000, 0x00000007a8000000, 0x00000007a8000000)
  eden space 87424K, 100% used [0x00000007a0000000, 0x00000007a5560000, 0x00000007a5560000)
  from space 21824K, 100% used [0x00000007a6ab0000, 0x00000007a8000000, 0x00000007a8000000)
  to   space 21824K,   0% used [0x00000007a5560000, 0x00000007a5560000, 0x00000007a6ab0000)
 concurrent mark-sweep generation total 393216K, used 126385K [0x00000007a8000000, 0x00000007c0000000, 0x00000007c0000000)
 Metaspace       used 41454K, capacity 42254K, committed 42356K, reserved 1087488K
  class space    used 4703K, capacity 4918K, committed 4988K, reserved 1048576K
2016-10-23T22:35:48.059+0800: 2167.089: [GC (Allocation Failure) 2016-10-23T22:35:48.059+0800: 2167.089: [ParNew
Desired survivor size 20112992 bytes, new threshold 8 (max 8)
- age   1:    3050888 bytes,    3050888 total
- age   2:     891872 bytes,    3942760 total
- age   3:    3293824 bytes,    7236584 total
- age   4:     762352 bytes,    7998936 total
- age   5:    1650904 bytes,    9649840 total
- age   6:    4885376 bytes,   14535216 total
- age   7:    1323840 bytes,   15859056 total
- age   8:    1733312 bytes,   17592368 total
: 109248K->21824K(109248K), 0.0111558 secs] 235633K->150931K(502464K), 0.0112064 secs] [Times: user=0.04 sys=0.00, real=0.02 secs] 
Heap after GC invocations=612 (full 11):
 par new generation   total 109248K, used 21824K [0x00000007a0000000, 0x00000007a8000000, 0x00000007a8000000)
  eden space 87424K,   0% used [0x00000007a0000000, 0x00000007a0000000, 0x00000007a5560000)
  from space 21824K, 100% used [0x00000007a5560000, 0x00000007a6ab0000, 0x00000007a6ab0000)
  to   space 21824K,   0% used [0x00000007a6ab0000, 0x00000007a6ab0000, 0x00000007a8000000)
 concurrent mark-sweep generation total 393216K, used 129107K [0x00000007a8000000, 0x00000007c0000000, 0x00000007c0000000)
 Metaspace       used 41454K, capacity 42254K, committed 42356K, reserved 1087488K
  class space    used 4703K, capacity 4918K, committed 4988K, reserved 1048576K
}
2016-10-23T22:35:48.070+0800: 2167.100: Total time for which application threads were stopped: 0.0115428 seconds, Stopping threads took: 0.0001191 seconds
{Heap before GC invocations=612 (full 11):
 par new generation   total 109248K, used 109248K [0x00000007a0000000, 0x00000007a8000000, 0x00000007a8000000)
  eden space 87424K, 100% used [0x00000007a0000000, 0x00000007a5560000, 0x00000007a5560000)
  from space 21824K, 100% used [0x00000007a5560000, 0x00000007a6ab0000, 0x00000007a6ab0000)
  to   space 21824K,   0% used [0x00000007a6ab0000, 0x00000007a6ab0000, 0x00000007a8000000)
 concurrent mark-sweep generation total 393216K, used 129107K [0x00000007a8000000, 0x00000007c0000000, 0x00000007c0000000)
 Metaspace       used 41454K, capacity 42254K, committed 42356K, reserved 1087488K
  class space    used 4703K, capacity 4918K, committed 4988K, reserved 1048576K
2016-10-23T22:35:48.156+0800: 2167.185: [GC (Allocation Failure) 2016-10-23T22:35:48.156+0800: 2167.185: [ParNew
Desired survivor size 20112992 bytes, new threshold 8 (max 8)
- age   1:    3585840 bytes,    3585840 total
- age   2:    2002744 bytes,    5588584 total
- age   3:     768672 bytes,    6357256 total
- age   4:    3197888 bytes,    9555144 total
- age   5:     736624 bytes,   10291768 total
- age   6:    1575688 bytes,   11867456 total
- age   7:    4885056 bytes,   16752512 total
- age   8:    1323840 bytes,   18076352 total
: 109248K->21824K(109248K), 0.0101176 secs] 238355K->153003K(502464K), 0.0101866 secs] [Times: user=0.04 sys=0.00, real=0.01 secs] 
Heap after GC invocations=613 (full 11):
 par new generation   total 109248K, used 21824K [0x00000007a0000000, 0x00000007a8000000, 0x00000007a8000000)
  eden space 87424K,   0% used [0x00000007a0000000, 0x00000007a0000000, 0x00000007a5560000)
  from space 21824K, 100% used [0x00000007a6ab0000, 0x00000007a8000000, 0x00000007a8000000)
  to   space 21824K,   0% used [0x00000007a5560000, 0x00000007a5560000, 0x00000007a6ab0000)
 concurrent mark-sweep generation total 393216K, used 131179K [0x00000007a8000000, 0x00000007c0000000, 0x00000007c0000000)
 Metaspace       used 41454K, capacity 42254K, committed 42356K, reserved 1087488K
  class space    used 4703K, capacity 4918K, committed 4988K, reserved 1048576K
}
2016-10-23T22:35:48.166+0800: 2167.195: Total time for which application threads were stopped: 0.0104494 seconds, Stopping threads took: 0.0000740 seconds
{Heap before GC invocations=613 (full 11):
 par new generation   total 109248K, used 109248K [0x00000007a0000000, 0x00000007a8000000, 0x00000007a8000000)
  eden space 87424K, 100% used [0x00000007a0000000, 0x00000007a5560000, 0x00000007a5560000)
  from space 21824K, 100% used [0x00000007a6ab0000, 0x00000007a8000000, 0x00000007a8000000)
  to   space 21824K,   0% used [0x00000007a5560000, 0x00000007a5560000, 0x00000007a6ab0000)
 concurrent mark-sweep generation total 393216K, used 131179K [0x00000007a8000000, 0x00000007c0000000, 0x00000007c0000000)
 Metaspace       used 41454K, capacity 42254K, committed 42356K, reserved 1087488K
  class space    used 4703K, capacity 4918K, committed 4988K, reserved 1048576K
2016-10-23T22:35:48.273+0800: 2167.302: [GC (Allocation Failure) 2016-10-23T22:35:48.273+0800: 2167.302: [ParNew
Desired survivor size 20112992 bytes, new threshold 8 (max 8)
- age   1:    4548968 bytes,    4548968 total
- age   2:    1909728 bytes,    6458696 total
- age   3:    1891104 bytes,    8349800 total
- age   4:     702744 bytes,    9052544 total
- age   5:    3040976 bytes,   12093520 total
- age   6:     702752 bytes,   12796272 total
- age   7:    1486392 bytes,   14282664 total
- age   8:    4884864 bytes,   19167528 total
: 109248K->21824K(109248K), 0.0110788 secs] 240427K->155000K(502464K), 0.0111229 secs] [Times: user=0.04 sys=0.00, real=0.01 secs] 
Heap after GC invocations=614 (full 11):
 par new generation   total 109248K, used 21824K [0x00000007a0000000, 0x00000007a8000000, 0x00000007a8000000)
  eden space 87424K,   0% used [0x00000007a0000000, 0x00000007a0000000, 0x00000007a5560000)
  from space 21824K, 100% used [0x00000007a5560000, 0x00000007a6ab0000, 0x00000007a6ab0000)
  to   space 21824K,   0% used [0x00000007a6ab0000, 0x00000007a6ab0000, 0x00000007a8000000)
 concurrent mark-sweep generation total 393216K, used 133176K [0x00000007a8000000, 0x00000007c0000000, 0x00000007c0000000)
 Metaspace       used 41454K, capacity 42254K, committed 42356K, reserved 1087488K
  class space    used 4703K, capacity 4918K, committed 4988K, reserved 1048576K
}
2016-10-23T22:35:48.284+0800: 2167.313: Total time for which application threads were stopped: 0.0113830 seconds, Stopping threads took: 0.0000736 seconds
{Heap before GC invocations=614 (full 11):
 par new generation   total 109248K, used 109248K [0x00000007a0000000, 0x00000007a8000000, 0x00000007a8000000)
  eden space 87424K, 100% used [0x00000007a0000000, 0x00000007a5560000, 0x00000007a5560000)
  from space 21824K, 100% used [0x00000007a5560000, 0x00000007a6ab0000, 0x00000007a6ab0000)
  to   space 21824K,   0% used [0x00000007a6ab0000, 0x00000007a6ab0000, 0x00000007a8000000)
 concurrent mark-sweep generation total 393216K, used 133176K [0x00000007a8000000, 0x00000007c0000000, 0x00000007c0000000)
 Metaspace       used 41454K, capacity 42254K, committed 42356K, reserved 1087488K
  class space    used 4703K, capacity 4918K, committed 4988K, reserved 1048576K
2016-10-23T22:35:48.420+0800: 2167.449: [GC (Allocation Failure) 2016-10-23T22:35:48.420+0800: 2167.449: [ParNew
Desired survivor size 20112992 bytes, new threshold 8 (max 8)
- age   1:    7159112 bytes,    7159112 total
- age   2:    2491816 bytes,    9650928 total
- age   3:    1643680 bytes,   11294608 total
- age   4:    1391120 bytes,   12685728 total
- age   5:     675672 bytes,   13361400 total
- age   6:    2782104 bytes,   16143504 total
- age   7:     687424 bytes,   16830928 total
- age   8:    1444024 bytes,   18274952 total
: 109248K->21824K(109248K), 0.0123170 secs] 242424K->160452K(502464K), 0.0123799 secs] [Times: user=0.04 sys=0.00, real=0.01 secs] 
Heap after GC invocations=615 (full 11):
 par new generation   total 109248K, used 21824K [0x00000007a0000000, 0x00000007a8000000, 0x00000007a8000000)
  eden space 87424K,   0% used [0x00000007a0000000, 0x00000007a0000000, 0x00000007a5560000)
  from space 21824K, 100% used [0x00000007a6ab0000, 0x00000007a8000000, 0x00000007a8000000)
  to   space 21824K,   0% used [0x00000007a5560000, 0x00000007a5560000, 0x00000007a6ab0000)
 concurrent mark-sweep generation total 393216K, used 138628K [0x00000007a8000000, 0x00000007c0000000, 0x00000007c0000000)
 Metaspace       used 41454K, capacity 42254K, committed 42356K, reserved 1087488K
  class space    used 4703K, capacity 4918K, committed 4988K, reserved 1048576K
}
2016-10-23T22:35:48.432+0800: 2167.461: Total time for which application threads were stopped: 0.0126505 seconds, Stopping threads took: 0.0000750 seconds
{Heap before GC invocations=615 (full 11):
 par new generation   total 109248K, used 109248K [0x00000007a0000000, 0x00000007a8000000, 0x00000007a8000000)
  eden space 87424K, 100% used [0x00000007a0000000, 0x00000007a5560000, 0x00000007a5560000)
  from space 21824K, 100% used [0x00000007a6ab0000, 0x00000007a8000000, 0x00000007a8000000)
  to   space 21824K,   0% used [0x00000007a5560000, 0x00000007a5560000, 0x00000007a6ab0000)
 concurrent mark-sweep generation total 393216K, used 138628K [0x00000007a8000000, 0x00000007c0000000, 0x00000007c0000000)
 Metaspace       used 41455K, capacity 42254K, committed 42356K, reserved 1087488K
  class space    used 4703K, capacity 4918K, committed 4988K, reserved 1048576K
2016-10-23T22:35:48.545+0800: 2167.575: [GC (Allocation Failure) 2016-10-23T22:35:48.545+0800: 2167.575: [ParNew
Desired survivor size 20112992 bytes, new threshold 8 (max 8)
- age   1:    6681184 bytes,    6681184 total
- age   2:    4632184 bytes,   11313368 total
- age   3:    2085672 bytes,   13399040 total
- age   4:    1395664 bytes,   14794704 total
- age   5:     975984 bytes,   15770688 total
- age   6:     574016 bytes,   16344704 total
- age   7:    2588152 bytes,   18932856 total
- age   8:     618152 bytes,   19551008 total
: 109248K->21824K(109248K), 0.0113914 secs] 247876K->162272K(502464K), 0.0114751 secs] [Times: user=0.04 sys=0.00, real=0.01 secs] 
Heap after GC invocations=616 (full 11):
 par new generation   total 109248K, used 21824K [0x00000007a0000000, 0x00000007a8000000, 0x00000007a8000000)
  eden space 87424K,   0% used [0x00000007a0000000, 0x00000007a0000000, 0x00000007a5560000)
  from space 21824K, 100% used [0x00000007a5560000, 0x00000007a6ab0000, 0x00000007a6ab0000)
  to   space 21824K,   0% used [0x00000007a6ab0000, 0x00000007a6ab0000, 0x00000007a8000000)
 concurrent mark-sweep generation total 393216K, used 140448K [0x00000007a8000000, 0x00000007c0000000, 0x00000007c0000000)
 Metaspace       used 41455K, capacity 42254K, committed 42356K, reserved 1087488K
  class space    used 4703K, capacity 4918K, committed 4988K, reserved 1048576K
}
2016-10-23T22:35:48.557+0800: 2167.586: Total time for which application threads were stopped: 0.0117430 seconds, Stopping threads took: 0.0000859 seconds
{Heap before GC invocations=616 (full 11):
 par new generation   total 109248K, used 109247K [0x00000007a0000000, 0x00000007a8000000, 0x00000007a8000000)
  eden space 87424K,  99% used [0x00000007a0000000, 0x00000007a555fef0, 0x00000007a5560000)
  from space 21824K, 100% used [0x00000007a5560000, 0x00000007a6ab0000, 0x00000007a6ab0000)
  to   space 21824K,   0% used [0x00000007a6ab0000, 0x00000007a6ab0000, 0x00000007a8000000)
 concurrent mark-sweep generation total 393216K, used 140448K [0x00000007a8000000, 0x00000007c0000000, 0x00000007c0000000)
 Metaspace       used 41455K, capacity 42254K, committed 42356K, reserved 1087488K
  class space    used 4703K, capacity 4918K, committed 4988K, reserved 1048576K
2016-10-23T22:35:48.622+0800: 2167.651: [GC (Allocation Failure) 2016-10-23T22:35:48.622+0800: 2167.651: [ParNew
Desired survivor size 20112992 bytes, new threshold 8 (max 8)
- age   1:    1595072 bytes,    1595072 total
- age   2:    6126768 bytes,    7721840 total
- age   3:    4239608 bytes,   11961448 total
- age   4:    1841544 bytes,   13802992 total
- age   5:    1243952 bytes,   15046944 total
- age   6:     885192 bytes,   15932136 total
- age   7:     521576 bytes,   16453712 total
- age   8:    2495672 bytes,   18949384 total
: 109247K->21824K(109248K), 0.0094625 secs] 249696K->164130K(502464K), 0.0095146 secs] [Times: user=0.04 sys=0.00, real=0.01 secs] 
Heap after GC invocations=617 (full 11):
 par new generation   total 109248K, used 21824K [0x00000007a0000000, 0x00000007a8000000, 0x00000007a8000000)
  eden space 87424K,   0% used [0x00000007a0000000, 0x00000007a0000000, 0x00000007a5560000)
  from space 21824K, 100% used [0x00000007a6ab0000, 0x00000007a8000000, 0x00000007a8000000)
  to   space 21824K,   0% used [0x00000007a5560000, 0x00000007a5560000, 0x00000007a6ab0000)
 concurrent mark-sweep generation total 393216K, used 142306K [0x00000007a8000000, 0x00000007c0000000, 0x00000007c0000000)
 Metaspace       used 41455K, capacity 42254K, committed 42356K, reserved 1087488K
  class space    used 4703K, capacity 4918K, committed 4988K, reserved 1048576K
}
2016-10-23T22:35:48.631+0800: 2167.661: Total time for which application threads were stopped: 0.0097885 seconds, Stopping threads took: 0.0001016 seconds
{Heap before GC invocations=617 (full 11):
 par new generation   total 109248K, used 109248K [0x00000007a0000000, 0x00000007a8000000, 0x00000007a8000000)
  eden space 87424K, 100% used [0x00000007a0000000, 0x00000007a5560000, 0x00000007a5560000)
  from space 21824K, 100% used [0x00000007a6ab0000, 0x00000007a8000000, 0x00000007a8000000)
  to   space 21824K,   0% used [0x00000007a5560000, 0x00000007a5560000, 0x00000007a6ab0000)
 concurrent mark-sweep generation total 393216K, used 142306K [0x00000007a8000000, 0x00000007c0000000, 0x00000007c0000000)
 Metaspace       used 41476K, capacity 42254K, committed 42356K, reserved 1087488K
  class space    used 4703K, capacity 4918K, committed 4988K, reserved 1048576K
2016-10-23T22:35:48.723+0800: 2167.753: [GC (Allocation Failure) 2016-10-23T22:35:48.723+0800: 2167.753: [ParNew
Desired survivor size 20112992 bytes, new threshold 8 (max 8)
- age   1:    3959472 bytes,    3959472 total
- age   2:     879184 bytes,    4838656 total
- age   3:    5776488 bytes,   10615144 total
- age   4:    3912400 bytes,   14527544 total
- age   5:    1617080 bytes,   16144624 total
- age   6:    1080264 bytes,   17224888 total
- age   7:     824872 bytes,   18049760 total
- age   8:     477752 bytes,   18527512 total
: 109248K->21824K(109248K), 0.0102296 secs] 251554K->166079K(502464K), 0.0102952 secs] [Times: user=0.04 sys=0.00, real=0.01 secs] 
Heap after GC invocations=618 (full 11):
 par new generation   total 109248K, used 21824K [0x00000007a0000000, 0x00000007a8000000, 0x00000007a8000000)
  eden space 87424K,   0% used [0x00000007a0000000, 0x00000007a0000000, 0x00000007a5560000)
  from space 21824K, 100% used [0x00000007a5560000, 0x00000007a6ab0000, 0x00000007a6ab0000)
  to   space 21824K,   0% used [0x00000007a6ab0000, 0x00000007a6ab0000, 0x00000007a8000000)
 concurrent mark-sweep generation total 393216K, used 144255K [0x00000007a8000000, 0x00000007c0000000, 0x00000007c0000000)
 Metaspace       used 41476K, capacity 42254K, committed 42356K, reserved 1087488K
  class space    used 4703K, capacity 4918K, committed 4988K, reserved 1048576K
}
2016-10-23T22:35:48.734+0800: 2167.763: Total time for which application threads were stopped: 0.0105787 seconds, Stopping threads took: 0.0000875 seconds
{Heap before GC invocations=618 (full 11):
 par new generation   total 109248K, used 109248K [0x00000007a0000000, 0x00000007a8000000, 0x00000007a8000000)
  eden space 87424K, 100% used [0x00000007a0000000, 0x00000007a5560000, 0x00000007a5560000)
  from space 21824K, 100% used [0x00000007a5560000, 0x00000007a6ab0000, 0x00000007a6ab0000)
  to   space 21824K,   0% used [0x00000007a6ab0000, 0x00000007a6ab0000, 0x00000007a8000000)
 concurrent mark-sweep generation total 393216K, used 144255K [0x00000007a8000000, 0x00000007c0000000, 0x00000007c0000000)
 Metaspace       used 41476K, capacity 42254K, committed 42356K, reserved 1087488K
  class space    used 4703K, capacity 4918K, committed 4988K, reserved 1048576K
2016-10-23T22:35:48.864+0800: 2167.894: [GC (Allocation Failure) 2016-10-23T22:35:48.864+0800: 2167.894: [ParNew
Desired survivor size 20112992 bytes, new threshold 7 (max 8)
- age   1:    5475600 bytes,    5475600 total
- age   2:    2459040 bytes,    7934640 total
- age   3:     779848 bytes,    8714488 total
- age   4:    5221552 bytes,   13936040 total
- age   5:    3912400 bytes,   17848440 total
- age   6:    1617104 bytes,   19465544 total
- age   7:    1080288 bytes,   20545832 total
- age   8:     824872 bytes,   21370704 total
: 109248K->21824K(109248K), 0.0099900 secs] 253503K->168293K(502464K), 0.0100451 secs] [Times: user=0.04 sys=0.00, real=0.01 secs] 
Heap after GC invocations=619 (full 11):
 par new generation   total 109248K, used 21824K [0x00000007a0000000, 0x00000007a8000000, 0x00000007a8000000)
  eden space 87424K,   0% used [0x00000007a0000000, 0x00000007a0000000, 0x00000007a5560000)
  from space 21824K, 100% used [0x00000007a6ab0000, 0x00000007a8000000, 0x00000007a8000000)
  to   space 21824K,   0% used [0x00000007a5560000, 0x00000007a5560000, 0x00000007a6ab0000)
 concurrent mark-sweep generation total 393216K, used 146469K [0x00000007a8000000, 0x00000007c0000000, 0x00000007c0000000)
 Metaspace       used 41476K, capacity 42254K, committed 42356K, reserved 1087488K
  class space    used 4703K, capacity 4918K, committed 4988K, reserved 1048576K
}
2016-10-23T22:35:48.874+0800: 2167.904: Total time for which application threads were stopped: 0.0103454 seconds, Stopping threads took: 0.0001093 seconds
{Heap before GC invocations=619 (full 11):
 par new generation   total 109248K, used 109248K [0x00000007a0000000, 0x00000007a8000000, 0x00000007a8000000)
  eden space 87424K, 100% used [0x00000007a0000000, 0x00000007a5560000, 0x00000007a5560000)
  from space 21824K, 100% used [0x00000007a6ab0000, 0x00000007a8000000, 0x00000007a8000000)
  to   space 21824K,   0% used [0x00000007a5560000, 0x00000007a5560000, 0x00000007a6ab0000)
 concurrent mark-sweep generation total 393216K, used 146469K [0x00000007a8000000, 0x00000007c0000000, 0x00000007c0000000)
 Metaspace       used 41476K, capacity 42254K, committed 42356K, reserved 1087488K
  class space    used 4703K, capacity 4918K, committed 4988K, reserved 1048576K
2016-10-23T22:35:49.010+0800: 2168.039: [GC (Allocation Failure) 2016-10-23T22:35:49.010+0800: 2168.039: [ParNew
Desired survivor size 20112992 bytes, new threshold 7 (max 8)
- age   1:    4845144 bytes,    4845144 total
- age   2:    3382608 bytes,    8227752 total
- age   3:    1997264 bytes,   10225016 total
- age   4:     711440 bytes,   10936456 total
- age   5:    4883704 bytes,   15820160 total
- age   6:    3912400 bytes,   19732560 total
- age   7:    1617080 bytes,   21349640 total
: 109248K->21824K(109248K), 0.0151078 secs] 255717K->173561K(502464K), 0.0153018 secs] [Times: user=0.05 sys=0.00, real=0.01 secs] 
Heap after GC invocations=620 (full 11):
 par new generation   total 109248K, used 21824K [0x00000007a0000000, 0x00000007a8000000, 0x00000007a8000000)
  eden space 87424K,   0% used [0x00000007a0000000, 0x00000007a0000000, 0x00000007a5560000)
  from space 21824K, 100% used [0x00000007a5560000, 0x00000007a6ab0000, 0x00000007a6ab0000)
  to   space 21824K,   0% used [0x00000007a6ab0000, 0x00000007a6ab0000, 0x00000007a8000000)
 concurrent mark-sweep generation total 393216K, used 151737K [0x00000007a8000000, 0x00000007c0000000, 0x00000007c0000000)
 Metaspace       used 41476K, capacity 42254K, committed 42356K, reserved 1087488K
  class space    used 4703K, capacity 4918K, committed 4988K, reserved 1048576K
}
2016-10-23T22:35:49.025+0800: 2168.055: Total time for which application threads were stopped: 0.0156662 seconds, Stopping threads took: 0.0000919 seconds
{Heap before GC invocations=620 (full 11):
 par new generation   total 109248K, used 109248K [0x00000007a0000000, 0x00000007a8000000, 0x00000007a8000000)
  eden space 87424K, 100% used [0x00000007a0000000, 0x00000007a5560000, 0x00000007a5560000)
  from space 21824K, 100% used [0x00000007a5560000, 0x00000007a6ab0000, 0x00000007a6ab0000)
  to   space 21824K,   0% used [0x00000007a6ab0000, 0x00000007a6ab0000, 0x00000007a8000000)
 concurrent mark-sweep generation total 393216K, used 151737K [0x00000007a8000000, 0x00000007c0000000, 0x00000007c0000000)
 Metaspace       used 41476K, capacity 42254K, committed 42356K, reserved 1087488K
  class space    used 4703K, capacity 4918K, committed 4988K, reserved 1048576K
2016-10-23T22:35:49.162+0800: 2168.191: [GC (Allocation Failure) 2016-10-23T22:35:49.162+0800: 2168.191: [ParNew
Desired survivor size 20112992 bytes, new threshold 7 (max 8)
- age   1:    6789304 bytes,    6789304 total
- age   2:    3109968 bytes,    9899272 total
- age   3:    2712272 bytes,   12611544 total
- age   4:    1532144 bytes,   14143688 total
- age   5:     642888 bytes,   14786576 total
- age   6:    4296520 bytes,   19083096 total
- age   7:    2466496 bytes,   21549592 total
: 109248K->21824K(109248K), 0.0137617 secs] 260985K->179279K(502464K), 0.0138361 secs] [Times: user=0.05 sys=0.00, real=0.01 secs] 
Heap after GC invocations=621 (full 11):
 par new generation   total 109248K, used 21824K [0x00000007a0000000, 0x00000007a8000000, 0x00000007a8000000)
  eden space 87424K,   0% used [0x00000007a0000000, 0x00000007a0000000, 0x00000007a5560000)
  from space 21824K, 100% used [0x00000007a6ab0000, 0x00000007a8000000, 0x00000007a8000000)
  to   space 21824K,   0% used [0x00000007a5560000, 0x00000007a5560000, 0x00000007a6ab0000)
 concurrent mark-sweep generation total 393216K, used 157455K [0x00000007a8000000, 0x00000007c0000000, 0x00000007c0000000)
 Metaspace       used 41476K, capacity 42254K, committed 42356K, reserved 1087488K
  class space    used 4703K, capacity 4918K, committed 4988K, reserved 1048576K
}
2016-10-23T22:35:49.176+0800: 2168.205: Total time for which application threads were stopped: 0.0140914 seconds, Stopping threads took: 0.0000242 seconds
{Heap before GC invocations=621 (full 11):
 par new generation   total 109248K, used 109248K [0x00000007a0000000, 0x00000007a8000000, 0x00000007a8000000)
  eden space 87424K, 100% used [0x00000007a0000000, 0x00000007a5560000, 0x00000007a5560000)
  from space 21824K, 100% used [0x00000007a6ab0000, 0x00000007a8000000, 0x00000007a8000000)
  to   space 21824K,   0% used [0x00000007a5560000, 0x00000007a5560000, 0x00000007a6ab0000)
 concurrent mark-sweep generation total 393216K, used 157455K [0x00000007a8000000, 0x00000007c0000000, 0x00000007c0000000)
 Metaspace       used 41476K, capacity 42254K, committed 42356K, reserved 1087488K
  class space    used 4703K, capacity 4918K, committed 4988K, reserved 1048576K
2016-10-23T22:35:49.313+0800: 2168.342: [GC (Allocation Failure) 2016-10-23T22:35:49.313+0800: 2168.342: [ParNew
Desired survivor size 20112992 bytes, new threshold 8 (max 8)
- age   1:    5580896 bytes,    5580896 total
- age   2:    3234344 bytes,    8815240 total
- age   3:    2457824 bytes,   11273064 total
- age   4:    2180472 bytes,   13453536 total
- age   5:    1316480 bytes,   14770016 total
- age   6:     552304 bytes,   15322320 total
- age   7:    4061392 bytes,   19383712 total
: 109248K->21824K(109248K), 0.0147405 secs] 266703K->186280K(502464K), 0.0148107 secs] [Times: user=0.05 sys=0.00, real=0.01 secs] 
Heap after GC invocations=622 (full 11):
 par new generation   total 109248K, used 21824K [0x00000007a0000000, 0x00000007a8000000, 0x00000007a8000000)
  eden space 87424K,   0% used [0x00000007a0000000, 0x00000007a0000000, 0x00000007a5560000)
  from space 21824K, 100% used [0x00000007a5560000, 0x00000007a6ab0000, 0x00000007a6ab0000)
  to   space 21824K,   0% used [0x00000007a6ab0000, 0x00000007a6ab0000, 0x00000007a8000000)
 concurrent mark-sweep generation total 393216K, used 164456K [0x00000007a8000000, 0x00000007c0000000, 0x00000007c0000000)
 Metaspace       used 41476K, capacity 42254K, committed 42356K, reserved 1087488K
  class space    used 4703K, capacity 4918K, committed 4988K, reserved 1048576K
}
2016-10-23T22:35:49.327+0800: 2168.357: Total time for which application threads were stopped: 0.0150928 seconds, Stopping threads took: 0.0000848 seconds
{Heap before GC invocations=622 (full 11):
 par new generation   total 109248K, used 109248K [0x00000007a0000000, 0x00000007a8000000, 0x00000007a8000000)
  eden space 87424K, 100% used [0x00000007a0000000, 0x00000007a5560000, 0x00000007a5560000)
  from space 21824K, 100% used [0x00000007a5560000, 0x00000007a6ab0000, 0x00000007a6ab0000)
  to   space 21824K,   0% used [0x00000007a6ab0000, 0x00000007a6ab0000, 0x00000007a8000000)
 concurrent mark-sweep generation total 393216K, used 164456K [0x00000007a8000000, 0x00000007c0000000, 0x00000007c0000000)
 Metaspace       used 41476K, capacity 42254K, committed 42356K, reserved 1087488K
  class space    used 4703K, capacity 4918K, committed 4988K, reserved 1048576K
2016-10-23T22:35:49.465+0800: 2168.495: [GC (Allocation Failure) 2016-10-23T22:35:49.465+0800: 2168.495: [ParNew
Desired survivor size 20112992 bytes, new threshold 8 (max 8)
- age   1:    6220776 bytes,    6220776 total
- age   2:    3293640 bytes,    9514416 total
- age   3:    2883584 bytes,   12398000 total
- age   4:    1932576 bytes,   14330576 total
- age   5:    1799264 bytes,   16129840 total
- age   6:    1025144 bytes,   17154984 total
- age   7:     313984 bytes,   17468968 total
- age   8:    2765648 bytes,   20234616 total
: 109248K->21824K(109248K), 0.0136806 secs] 273704K->191505K(502464K), 0.0137381 secs] [Times: user=0.04 sys=0.01, real=0.01 secs] 
Heap after GC invocations=623 (full 11):
 par new generation   total 109248K, used 21824K [0x00000007a0000000, 0x00000007a8000000, 0x00000007a8000000)
  eden space 87424K,   0% used [0x00000007a0000000, 0x00000007a0000000, 0x00000007a5560000)
  from space 21824K, 100% used [0x00000007a6ab0000, 0x00000007a8000000, 0x00000007a8000000)
  to   space 21824K,   0% used [0x00000007a5560000, 0x00000007a5560000, 0x00000007a6ab0000)
 concurrent mark-sweep generation total 393216K, used 169681K [0x00000007a8000000, 0x00000007c0000000, 0x00000007c0000000)
 Metaspace       used 41476K, capacity 42254K, committed 42356K, reserved 1087488K
  class space    used 4703K, capacity 4918K, committed 4988K, reserved 1048576K
}
2016-10-23T22:35:49.479+0800: 2168.508: Total time for which application threads were stopped: 0.0139516 seconds, Stopping threads took: 0.0000324 seconds
{Heap before GC invocations=623 (full 11):
 par new generation   total 109248K, used 109248K [0x00000007a0000000, 0x00000007a8000000, 0x00000007a8000000)
  eden space 87424K, 100% used [0x00000007a0000000, 0x00000007a5560000, 0x00000007a5560000)
  from space 21824K, 100% used [0x00000007a6ab0000, 0x00000007a8000000, 0x00000007a8000000)
  to   space 21824K,   0% used [0x00000007a5560000, 0x00000007a5560000, 0x00000007a6ab0000)
 concurrent mark-sweep generation total 393216K, used 169681K [0x00000007a8000000, 0x00000007c0000000, 0x00000007c0000000)
 Metaspace       used 41476K, capacity 42254K, committed 42356K, reserved 1087488K
  class space    used 4703K, capacity 4918K, committed 4988K, reserved 1048576K
2016-10-23T22:35:49.627+0800: 2168.656: [GC (Allocation Failure) 2016-10-23T22:35:49.627+0800: 2168.656: [ParNew
Desired survivor size 20112992 bytes, new threshold 7 (max 8)
- age   1:    4827384 bytes,    4827384 total
- age   2:    5888600 bytes,   10715984 total
- age   3:    2863376 bytes,   13579360 total
- age   4:    2584928 bytes,   16164288 total
- age   5:    1666744 bytes,   17831032 total
- age   6:    1543384 bytes,   19374416 total
- age   7:     879144 bytes,   20253560 total
- age   8:     252392 bytes,   20505952 total
: 109248K->21824K(109248K), 0.0120875 secs] 278929K->194939K(502464K), 0.0121359 secs] [Times: user=0.04 sys=0.00, real=0.01 secs] 
Heap after GC invocations=624 (full 11):
 par new generation   total 109248K, used 21824K [0x00000007a0000000, 0x00000007a8000000, 0x00000007a8000000)
  eden space 87424K,   0% used [0x00000007a0000000, 0x00000007a0000000, 0x00000007a5560000)
  from space 21824K, 100% used [0x00000007a5560000, 0x00000007a6ab0000, 0x00000007a6ab0000)
  to   space 21824K,   0% used [0x00000007a6ab0000, 0x00000007a6ab0000, 0x00000007a8000000)
 concurrent mark-sweep generation total 393216K, used 173115K [0x00000007a8000000, 0x00000007c0000000, 0x00000007c0000000)
 Metaspace       used 41476K, capacity 42254K, committed 42356K, reserved 1087488K
  class space    used 4703K, capacity 4918K, committed 4988K, reserved 1048576K
}
2016-10-23T22:35:49.639+0800: 2168.668: Total time for which application threads were stopped: 0.0124423 seconds, Stopping threads took: 0.0001017 seconds
{Heap before GC invocations=624 (full 11):
 par new generation   total 109248K, used 109248K [0x00000007a0000000, 0x00000007a8000000, 0x00000007a8000000)
  eden space 87424K, 100% used [0x00000007a0000000, 0x00000007a5560000, 0x00000007a5560000)
  from space 21824K, 100% used [0x00000007a5560000, 0x00000007a6ab0000, 0x00000007a6ab0000)
  to   space 21824K,   0% used [0x00000007a6ab0000, 0x00000007a6ab0000, 0x00000007a8000000)
 concurrent mark-sweep generation total 393216K, used 173115K [0x00000007a8000000, 0x00000007c0000000, 0x00000007c0000000)
 Metaspace       used 41476K, capacity 42254K, committed 42356K, reserved 1087488K
  class space    used 4703K, capacity 4918K, committed 4988K, reserved 1048576K
2016-10-23T22:35:49.669+0800: 2168.698: [GC (Allocation Failure) 2016-10-23T22:35:49.669+0800: 2168.698: [ParNew
Desired survivor size 20112992 bytes, new threshold 8 (max 8)
- age   1:     861296 bytes,     861296 total
- age   2:    3934616 bytes,    4795912 total
- age   3:    5756408 bytes,   10552320 total
- age   4:    2703576 bytes,   13255896 total
- age   5:    2364512 bytes,   15620408 total
- age   6:    1452264 bytes,   17072672 total
- age   7:    1296800 bytes,   18369472 total
: 109248K->21824K(109248K), 0.0104643 secs] 282363K->197627K(502464K), 0.0105341 secs] [Times: user=0.03 sys=0.01, real=0.01 secs] 
Heap after GC invocations=625 (full 11):
 par new generation   total 109248K, used 21824K [0x00000007a0000000, 0x00000007a8000000, 0x00000007a8000000)
  eden space 87424K,   0% used [0x00000007a0000000, 0x00000007a0000000, 0x00000007a5560000)
  from space 21824K, 100% used [0x00000007a6ab0000, 0x00000007a8000000, 0x00000007a8000000)
  to   space 21824K,   0% used [0x00000007a5560000, 0x00000007a5560000, 0x00000007a6ab0000)
 concurrent mark-sweep generation total 393216K, used 175803K [0x00000007a8000000, 0x00000007c0000000, 0x00000007c0000000)
 Metaspace       used 41476K, capacity 42254K, committed 42356K, reserved 1087488K
  class space    used 4703K, capacity 4918K, committed 4988K, reserved 1048576K
}
2016-10-23T22:35:49.679+0800: 2168.709: Total time for which application threads were stopped: 0.0107983 seconds, Stopping threads took: 0.0000753 seconds
{Heap before GC invocations=625 (full 11):
 par new generation   total 109248K, used 109248K [0x00000007a0000000, 0x00000007a8000000, 0x00000007a8000000)
  eden space 87424K, 100% used [0x00000007a0000000, 0x00000007a5560000, 0x00000007a5560000)
  from space 21824K, 100% used [0x00000007a6ab0000, 0x00000007a8000000, 0x00000007a8000000)
  to   space 21824K,   0% used [0x00000007a5560000, 0x00000007a5560000, 0x00000007a6ab0000)
 concurrent mark-sweep generation total 393216K, used 175803K [0x00000007a8000000, 0x00000007c0000000, 0x00000007c0000000)
 Metaspace       used 41480K, capacity 42254K, committed 42356K, reserved 1087488K
  class space    used 4703K, capacity 4918K, committed 4988K, reserved 1048576K
2016-10-23T22:35:49.763+0800: 2168.792: [GC (Allocation Failure) 2016-10-23T22:35:49.763+0800: 2168.792: [ParNew
Desired survivor size 20112992 bytes, new threshold 8 (max 8)
- age   1:    3831632 bytes,    3831632 total
- age   2:     414176 bytes,    4245808 total
- age   3:    3350448 bytes,    7596256 total
- age   4:    5449688 bytes,   13045944 total
- age   5:    2404144 bytes,   15450088 total
- age   6:    2190336 bytes,   17640424 total
- age   7:    1351120 bytes,   18991544 total
- age   8:    1241912 bytes,   20233456 total
: 109248K->21824K(109248K), 0.0101638 secs] 285051K->198170K(502464K), 0.0102203 secs] [Times: user=0.04 sys=0.01, real=0.01 secs] 
Heap after GC invocations=626 (full 11):
 par new generation   total 109248K, used 21824K [0x00000007a0000000, 0x00000007a8000000, 0x00000007a8000000)
  eden space 87424K,   0% used [0x00000007a0000000, 0x00000007a0000000, 0x00000007a5560000)
  from space 21824K, 100% used [0x00000007a5560000, 0x00000007a6ab0000, 0x00000007a6ab0000)
  to   space 21824K,   0% used [0x00000007a6ab0000, 0x00000007a6ab0000, 0x00000007a8000000)
 concurrent mark-sweep generation total 393216K, used 176346K [0x00000007a8000000, 0x00000007c0000000, 0x00000007c0000000)
 Metaspace       used 41480K, capacity 42254K, committed 42356K, reserved 1087488K
  class space    used 4703K, capacity 4918K, committed 4988K, reserved 1048576K
}
2016-10-23T22:35:49.773+0800: 2168.802: Total time for which application threads were stopped: 0.0104689 seconds, Stopping threads took: 0.0000578 seconds
{Heap before GC invocations=626 (full 11):
 par new generation   total 109248K, used 109248K [0x00000007a0000000, 0x00000007a8000000, 0x00000007a8000000)
  eden space 87424K, 100% used [0x00000007a0000000, 0x00000007a5560000, 0x00000007a5560000)
  from space 21824K, 100% used [0x00000007a5560000, 0x00000007a6ab0000, 0x00000007a6ab0000)
  to   space 21824K,   0% used [0x00000007a6ab0000, 0x00000007a6ab0000, 0x00000007a8000000)
 concurrent mark-sweep generation total 393216K, used 176346K [0x00000007a8000000, 0x00000007c0000000, 0x00000007c0000000)
 Metaspace       used 41480K, capacity 42254K, committed 42356K, reserved 1087488K
  class space    used 4703K, capacity 4918K, committed 4988K, reserved 1048576K
2016-10-23T22:35:49.904+0800: 2168.934: [GC (Allocation Failure) 2016-10-23T22:35:49.905+0800: 2168.934: [ParNew
Desired survivor size 20112992 bytes, new threshold 7 (max 8)
- age   1:    5230416 bytes,    5230416 total
- age   2:    2081856 bytes,    7312272 total
- age   3:     351352 bytes,    7663624 total
- age   4:    2993632 bytes,   10657256 total
- age   5:    5391960 bytes,   16049216 total
- age   6:    2367568 bytes,   18416784 total
- age   7:    2172544 bytes,   20589328 total
- age   8:    1344448 bytes,   21933776 total
: 109248K->21824K(109248K), 0.0131534 secs] 285594K->201733K(502464K), 0.0132129 secs] [Times: user=0.05 sys=0.00, real=0.01 secs] 
Heap after GC invocations=627 (full 11):
 par new generation   total 109248K, used 21824K [0x00000007a0000000, 0x00000007a8000000, 0x00000007a8000000)
  eden space 87424K,   0% used [0x00000007a0000000, 0x00000007a0000000, 0x00000007a5560000)
  from space 21824K, 100% used [0x00000007a6ab0000, 0x00000007a8000000, 0x00000007a8000000)
  to   space 21824K,   0% used [0x00000007a5560000, 0x00000007a5560000, 0x00000007a6ab0000)
 concurrent mark-sweep generation total 393216K, used 179909K [0x00000007a8000000, 0x00000007c0000000, 0x00000007c0000000)
 Metaspace       used 41480K, capacity 42254K, committed 42356K, reserved 1087488K
  class space    used 4703K, capacity 4918K, committed 4988K, reserved 1048576K
}
2016-10-23T22:35:49.918+0800: 2168.947: Total time for which application threads were stopped: 0.0134546 seconds, Stopping threads took: 0.0000588 seconds
{Heap before GC invocations=627 (full 11):
 par new generation   total 109248K, used 109248K [0x00000007a0000000, 0x00000007a8000000, 0x00000007a8000000)
  eden space 87424K, 100% used [0x00000007a0000000, 0x00000007a5560000, 0x00000007a5560000)
  from space 21824K, 100% used [0x00000007a6ab0000, 0x00000007a8000000, 0x00000007a8000000)
  to   space 21824K,   0% used [0x00000007a5560000, 0x00000007a5560000, 0x00000007a6ab0000)
 concurrent mark-sweep generation total 393216K, used 179909K [0x00000007a8000000, 0x00000007c0000000, 0x00000007c0000000)
 Metaspace       used 41480K, capacity 42254K, committed 42356K, reserved 1087488K
  class space    used 4703K, capacity 4918K, committed 4988K, reserved 1048576K
2016-10-23T22:35:50.048+0800: 2169.078: [GC (Allocation Failure) 2016-10-23T22:35:50.048+0800: 2169.078: [ParNew
Desired survivor size 20112992 bytes, new threshold 7 (max 8)
- age   1:    5107536 bytes,    5107536 total
- age   2:    2962304 bytes,    8069840 total
- age   3:    1831624 bytes,    9901464 total
- age   4:     259544 bytes,   10161008 total
- age   5:    2541208 bytes,   12702216 total
- age   6:    5654120 bytes,   18356336 total
- age   7:    2367216 bytes,   20723552 total
: 109248K->21824K(109248K), 0.0127099 secs] 289157K->207793K(502464K), 0.0127645 secs] [Times: user=0.04 sys=0.00, real=0.02 secs] 
Heap after GC invocations=628 (full 11):
 par new generation   total 109248K, used 21824K [0x00000007a0000000, 0x00000007a8000000, 0x00000007a8000000)
  eden space 87424K,   0% used [0x00000007a0000000, 0x00000007a0000000, 0x00000007a5560000)
  from space 21824K, 100% used [0x00000007a5560000, 0x00000007a6ab0000, 0x00000007a6ab0000)
  to   space 21824K,   0% used [0x00000007a6ab0000, 0x00000007a6ab0000, 0x00000007a8000000)
 concurrent mark-sweep generation total 393216K, used 185969K [0x00000007a8000000, 0x00000007c0000000, 0x00000007c0000000)
 Metaspace       used 41480K, capacity 42254K, committed 42356K, reserved 1087488K
  class space    used 4703K, capacity 4918K, committed 4988K, reserved 1048576K
}
2016-10-23T22:35:50.061+0800: 2169.091: Total time for which application threads were stopped: 0.0129608 seconds, Stopping threads took: 0.0000310 seconds
{Heap before GC invocations=628 (full 11):
 par new generation   total 109248K, used 109248K [0x00000007a0000000, 0x00000007a8000000, 0x00000007a8000000)
  eden space 87424K, 100% used [0x00000007a0000000, 0x00000007a5560000, 0x00000007a5560000)
  from space 21824K, 100% used [0x00000007a5560000, 0x00000007a6ab0000, 0x00000007a6ab0000)
  to   space 21824K,   0% used [0x00000007a6ab0000, 0x00000007a6ab0000, 0x00000007a8000000)
 concurrent mark-sweep generation total 393216K, used 185969K [0x00000007a8000000, 0x00000007c0000000, 0x00000007c0000000)
 Metaspace       used 41480K, capacity 42254K, committed 42356K, reserved 1087488K
  class space    used 4703K, capacity 4918K, committed 4988K, reserved 1048576K
2016-10-23T22:35:50.194+0800: 2169.223: [GC (Allocation Failure) 2016-10-23T22:35:50.194+0800: 2169.223: [ParNew
Desired survivor size 20112992 bytes, new threshold 8 (max 8)
- age   1:    5778720 bytes,    5778720 total
- age   2:    2671576 bytes,    8450296 total
- age   3:    1813808 bytes,   10264104 total
- age   4:    1470616 bytes,   11734720 total
- age   5:     240360 bytes,   11975080 total
- age   6:    1988000 bytes,   13963080 total
- age   7:    5391960 bytes,   19355040 total
: 109248K->21824K(109248K), 0.0138710 secs] 295217K->215211K(502464K), 0.0139602 secs] [Times: user=0.06 sys=0.00, real=0.01 secs] 
Heap after GC invocations=629 (full 11):
 par new generation   total 109248K, used 21824K [0x00000007a0000000, 0x00000007a8000000, 0x00000007a8000000)
  eden space 87424K,   0% used [0x00000007a0000000, 0x00000007a0000000, 0x00000007a5560000)
  from space 21824K, 100% used [0x00000007a6ab0000, 0x00000007a8000000, 0x00000007a8000000)
  to   space 21824K,   0% used [0x00000007a5560000, 0x00000007a5560000, 0x00000007a6ab0000)
 concurrent mark-sweep generation total 393216K, used 193387K [0x00000007a8000000, 0x00000007c0000000, 0x00000007c0000000)
 Metaspace       used 41480K, capacity 42254K, committed 42356K, reserved 1087488K
  class space    used 4703K, capacity 4918K, committed 4988K, reserved 1048576K
}
2016-10-23T22:35:50.208+0800: 2169.237: Total time for which application threads were stopped: 0.0142377 seconds, Stopping threads took: 0.0000902 seconds
{Heap before GC invocations=629 (full 11):
 par new generation   total 109248K, used 109248K [0x00000007a0000000, 0x00000007a8000000, 0x00000007a8000000)
  eden space 87424K, 100% used [0x00000007a0000000, 0x00000007a5560000, 0x00000007a5560000)
  from space 21824K, 100% used [0x00000007a6ab0000, 0x00000007a8000000, 0x00000007a8000000)
  to   space 21824K,   0% used [0x00000007a5560000, 0x00000007a5560000, 0x00000007a6ab0000)
 concurrent mark-sweep generation total 393216K, used 193387K [0x00000007a8000000, 0x00000007c0000000, 0x00000007c0000000)
 Metaspace       used 41480K, capacity 42254K, committed 42356K, reserved 1087488K
  class space    used 4703K, capacity 4918K, committed 4988K, reserved 1048576K
2016-10-23T22:35:50.340+0800: 2169.370: [GC (Allocation Failure) 2016-10-23T22:35:50.340+0800: 2169.370: [ParNew
Desired survivor size 20112992 bytes, new threshold 8 (max 8)
- age   1:    6006856 bytes,    6006856 total
- age   2:    3889696 bytes,    9896552 total
- age   3:    2306272 bytes,   12202824 total
- age   4:    1548992 bytes,   13751816 total
- age   5:    1346744 bytes,   15098560 total
- age   6:     211168 bytes,   15309728 total
- age   7:    1824376 bytes,   17134104 total
- age   8:    5204416 bytes,   22338520 total
: 109248K->21824K(109248K), 0.0137308 secs] 302635K->217959K(502464K), 0.0137989 secs] [Times: user=0.05 sys=0.00, real=0.01 secs] 
Heap after GC invocations=630 (full 11):
 par new generation   total 109248K, used 21824K [0x00000007a0000000, 0x00000007a8000000, 0x00000007a8000000)
  eden space 87424K,   0% used [0x00000007a0000000, 0x00000007a0000000, 0x00000007a5560000)
  from space 21824K, 100% used [0x00000007a5560000, 0x00000007a6ab0000, 0x00000007a6ab0000)
  to   space 21824K,   0% used [0x00000007a6ab0000, 0x00000007a6ab0000, 0x00000007a8000000)
 concurrent mark-sweep generation total 393216K, used 196135K [0x00000007a8000000, 0x00000007c0000000, 0x00000007c0000000)
 Metaspace       used 41480K, capacity 42254K, committed 42356K, reserved 1087488K
  class space    used 4703K, capacity 4918K, committed 4988K, reserved 1048576K
}
2016-10-23T22:35:50.354+0800: 2169.384: Total time for which application threads were stopped: 0.0140879 seconds, Stopping threads took: 0.0000973 seconds
{Heap before GC invocations=630 (full 11):
 par new generation   total 109248K, used 109248K [0x00000007a0000000, 0x00000007a8000000, 0x00000007a8000000)
  eden space 87424K, 100% used [0x00000007a0000000, 0x00000007a5560000, 0x00000007a5560000)
  from space 21824K, 100% used [0x00000007a5560000, 0x00000007a6ab0000, 0x00000007a6ab0000)
  to   space 21824K,   0% used [0x00000007a6ab0000, 0x00000007a6ab0000, 0x00000007a8000000)
 concurrent mark-sweep generation total 393216K, used 196135K [0x00000007a8000000, 0x00000007c0000000, 0x00000007c0000000)
 Metaspace       used 41480K, capacity 42254K, committed 42356K, reserved 1087488K
  class space    used 4703K, capacity 4918K, committed 4988K, reserved 1048576K
2016-10-23T22:35:50.490+0800: 2169.520: [GC (Allocation Failure) 2016-10-23T22:35:50.490+0800: 2169.520: [ParNew
Desired survivor size 20112992 bytes, new threshold 8 (max 8)
- age   1:    7407960 bytes,    7407960 total
- age   2:    3280744 bytes,   10688704 total
- age   3:    3498352 bytes,   14187056 total
- age   4:    2195496 bytes,   16382552 total
- age   5:    1526144 bytes,   17908696 total
- age   6:    1339024 bytes,   19247720 total
- age   7:     208576 bytes,   19456296 total
- age   8:    1814088 bytes,   21270384 total
: 109248K->21824K(109248K), 0.0144204 secs] 305383K->224995K(502464K), 0.0144980 secs] [Times: user=0.06 sys=0.00, real=0.01 secs] 
Heap after GC invocations=631 (full 11):
 par new generation   total 109248K, used 21824K [0x00000007a0000000, 0x00000007a8000000, 0x00000007a8000000)
  eden space 87424K,   0% used [0x00000007a0000000, 0x00000007a0000000, 0x00000007a5560000)
  from space 21824K, 100% used [0x00000007a6ab0000, 0x00000007a8000000, 0x00000007a8000000)
  to   space 21824K,   0% used [0x00000007a5560000, 0x00000007a5560000, 0x00000007a6ab0000)
 concurrent mark-sweep generation total 393216K, used 203171K [0x00000007a8000000, 0x00000007c0000000, 0x00000007c0000000)
 Metaspace       used 41480K, capacity 42254K, committed 42356K, reserved 1087488K
  class space    used 4703K, capacity 4918K, committed 4988K, reserved 1048576K
}
2016-10-23T22:35:50.505+0800: 2169.534: Total time for which application threads were stopped: 0.0147961 seconds, Stopping threads took: 0.0001026 seconds
2016-10-23T22:35:50.505+0800: 2169.535: [GC (CMS Initial Mark) [1 CMS-initial-mark: 203171K(393216K)] 227198K(502464K), 0.0032107 secs] [Times: user=0.01 sys=0.00, real=0.00 secs] 
2016-10-23T22:35:50.508+0800: 2169.538: Total time for which application threads were stopped: 0.0034139 seconds, Stopping threads took: 0.0000905 seconds
2016-10-23T22:35:50.508+0800: 2169.538: [CMS-concurrent-mark-start]
2016-10-23T22:35:50.522+0800: 2169.552: [CMS-concurrent-mark: 0.014/0.014 secs] [Times: user=0.08 sys=0.00, real=0.02 secs] 
2016-10-23T22:35:50.522+0800: 2169.552: [CMS-concurrent-preclean-start]
2016-10-23T22:35:50.524+0800: 2169.553: [CMS-concurrent-preclean: 0.001/0.001 secs] [Times: user=0.01 sys=0.00, real=0.00 secs] 
2016-10-23T22:35:50.524+0800: 2169.553: [CMS-concurrent-abortable-preclean-start]
{Heap before GC invocations=631 (full 12):
 par new generation   total 109248K, used 109248K [0x00000007a0000000, 0x00000007a8000000, 0x00000007a8000000)
  eden space 87424K, 100% used [0x00000007a0000000, 0x00000007a5560000, 0x00000007a5560000)
  from space 21824K, 100% used [0x00000007a6ab0000, 0x00000007a8000000, 0x00000007a8000000)
  to   space 21824K,   0% used [0x00000007a5560000, 0x00000007a5560000, 0x00000007a6ab0000)
 concurrent mark-sweep generation total 393216K, used 203171K [0x00000007a8000000, 0x00000007c0000000, 0x00000007c0000000)
 Metaspace       used 41480K, capacity 42254K, committed 42356K, reserved 1087488K
  class space    used 4703K, capacity 4918K, committed 4988K, reserved 1048576K
2016-10-23T22:35:50.657+0800: 2169.686: [GC (Allocation Failure) 2016-10-23T22:35:50.657+0800: 2169.686: [ParNew
Desired survivor size 20112992 bytes, new threshold 7 (max 8)
- age   1:    4160256 bytes,    4160256 total
- age   2:    6290928 bytes,   10451184 total
- age   3:    2893224 bytes,   13344408 total
- age   4:    2990568 bytes,   16334976 total
- age   5:    1962440 bytes,   18297416 total
- age   6:    1367728 bytes,   19665144 total
- age   7:    1256184 bytes,   20921328 total
- age   8:     189704 bytes,   21111032 total
: 109248K->21824K(109248K), 0.0148304 secs] 312419K->228486K(502464K), 0.0148914 secs] [Times: user=0.05 sys=0.00, real=0.02 secs] 
Heap after GC invocations=632 (full 12):
 par new generation   total 109248K, used 21824K [0x00000007a0000000, 0x00000007a8000000, 0x00000007a8000000)
  eden space 87424K,   0% used [0x00000007a0000000, 0x00000007a0000000, 0x00000007a5560000)
  from space 21824K, 100% used [0x00000007a5560000, 0x00000007a6ab0000, 0x00000007a6ab0000)
  to   space 21824K,   0% used [0x00000007a6ab0000, 0x00000007a6ab0000, 0x00000007a8000000)
 concurrent mark-sweep generation total 393216K, used 206662K [0x00000007a8000000, 0x00000007c0000000, 0x00000007c0000000)
 Metaspace       used 41480K, capacity 42254K, committed 42356K, reserved 1087488K
  class space    used 4703K, capacity 4918K, committed 4988K, reserved 1048576K
}
2016-10-23T22:35:50.671+0800: 2169.701: Total time for which application threads were stopped: 0.0151596 seconds, Stopping threads took: 0.0000927 seconds
2016-10-23T22:35:50.671+0800: 2169.701: [CMS-concurrent-abortable-preclean: 0.083/0.148 secs] [Times: user=0.55 sys=0.01, real=0.15 secs] 
2016-10-23T22:35:50.672+0800: 2169.701: [GC (CMS Final Remark) [YG occupancy: 23491 K (109248 K)]{Heap before GC invocations=632 (full 12):
 par new generation   total 109248K, used 23491K [0x00000007a0000000, 0x00000007a8000000, 0x00000007a8000000)
  eden space 87424K,   1% used [0x00000007a0000000, 0x00000007a01a0fa0, 0x00000007a5560000)
  from space 21824K, 100% used [0x00000007a5560000, 0x00000007a6ab0000, 0x00000007a6ab0000)
  to   space 21824K,   0% used [0x00000007a6ab0000, 0x00000007a6ab0000, 0x00000007a8000000)
 concurrent mark-sweep generation total 393216K, used 206662K [0x00000007a8000000, 0x00000007c0000000, 0x00000007c0000000)
 Metaspace       used 41480K, capacity 42254K, committed 42356K, reserved 1087488K
  class space    used 4703K, capacity 4918K, committed 4988K, reserved 1048576K
2016-10-23T22:35:50.672+0800: 2169.701: [GC (CMS Final Remark) 2016-10-23T22:35:50.672+0800: 2169.701: [ParNew
Desired survivor size 20112992 bytes, new threshold 8 (max 8)
- age   1:       5440 bytes,       5440 total
- age   2:    4155472 bytes,    4160912 total
- age   3:    6290928 bytes,   10451840 total
- age   4:    2893224 bytes,   13345064 total
- age   5:    2990568 bytes,   16335632 total
- age   6:    1962440 bytes,   18298072 total
- age   7:    1367728 bytes,   19665800 total
: 23491K->21824K(109248K), 0.0102947 secs] 230154K->229903K(502464K), 0.0103232 secs] [Times: user=0.04 sys=0.00, real=0.01 secs] 
Heap after GC invocations=633 (full 12):
 par new generation   total 109248K, used 21824K [0x00000007a0000000, 0x00000007a8000000, 0x00000007a8000000)
  eden space 87424K,   0% used [0x00000007a0000000, 0x00000007a0000000, 0x00000007a5560000)
  from space 21824K, 100% used [0x00000007a6ab0000, 0x00000007a8000000, 0x00000007a8000000)
  to   space 21824K,   0% used [0x00000007a5560000, 0x00000007a5560000, 0x00000007a6ab0000)
 concurrent mark-sweep generation total 393216K, used 208079K [0x00000007a8000000, 0x00000007c0000000, 0x00000007c0000000)
 Metaspace       used 41480K, capacity 42254K, committed 42356K, reserved 1087488K
  class space    used 4703K, capacity 4918K, committed 4988K, reserved 1048576K
}
2016-10-23T22:35:50.682+0800: 2169.712: [Rescan (parallel) , 0.0048210 secs]2016-10-23T22:35:50.687+0800: 2169.716: [weak refs processing, 0.0008966 secs]2016-10-23T22:35:50.688+0800: 2169.717: [class unloading, 0.0125406 secs]2016-10-23T22:35:50.700+0800: 2169.730: [scrub symbol table, 0.0088926 secs]2016-10-23T22:35:50.709+0800: 2169.739: [scrub string table, 0.0007411 secs][1 CMS-remark: 208079K(393216K)] 229903K(502464K), 0.0385136 secs] [Times: user=0.08 sys=0.00, real=0.04 secs] 
2016-10-23T22:35:50.710+0800: 2169.740: Total time for which application threads were stopped: 0.0387010 seconds, Stopping threads took: 0.0000571 seconds
2016-10-23T22:35:50.710+0800: 2169.740: [CMS-concurrent-sweep-start]
{Heap before GC invocations=633 (full 12):
 par new generation   total 109248K, used 109248K [0x00000007a0000000, 0x00000007a8000000, 0x00000007a8000000)
  eden space 87424K, 100% used [0x00000007a0000000, 0x00000007a5560000, 0x00000007a5560000)
  from space 21824K, 100% used [0x00000007a6ab0000, 0x00000007a8000000, 0x00000007a8000000)
  to   space 21824K,   0% used [0x00000007a5560000, 0x00000007a5560000, 0x00000007a6ab0000)
 concurrent mark-sweep generation total 393216K, used 152995K [0x00000007a8000000, 0x00000007c0000000, 0x00000007c0000000)
 Metaspace       used 41480K, capacity 42254K, committed 42356K, reserved 1087488K
  class space    used 4703K, capacity 4918K, committed 4988K, reserved 1048576K
2016-10-23T22:35:50.750+0800: 2169.780: [GC (Allocation Failure) 2016-10-23T22:35:50.750+0800: 2169.780: [ParNew
Desired survivor size 20112992 bytes, new threshold 8 (max 8)
- age   1:    1154584 bytes,    1154584 total
- age   2:       2808 bytes,    1157392 total
- age   3:    3401544 bytes,    4558936 total
- age   4:    6247640 bytes,   10806576 total
- age   5:    2884216 bytes,   13690792 total
- age   6:    2985864 bytes,   16676656 total
- age   7:    1958032 bytes,   18634688 total
- age   8:    1362792 bytes,   19997480 total
: 109248K->21824K(109248K), 0.0085080 secs] 262243K->175072K(502464K), 0.0085824 secs] [Times: user=0.03 sys=0.00, real=0.00 secs] 
Heap after GC invocations=634 (full 12):
 par new generation   total 109248K, used 21824K [0x00000007a0000000, 0x00000007a8000000, 0x00000007a8000000)
  eden space 87424K,   0% used [0x00000007a0000000, 0x00000007a0000000, 0x00000007a5560000)
  from space 21824K, 100% used [0x00000007a5560000, 0x00000007a6ab0000, 0x00000007a6ab0000)
  to   space 21824K,   0% used [0x00000007a6ab0000, 0x00000007a6ab0000, 0x00000007a8000000)
 concurrent mark-sweep generation total 393216K, used 153248K [0x00000007a8000000, 0x00000007c0000000, 0x00000007c0000000)
 Metaspace       used 41480K, capacity 42254K, committed 42356K, reserved 1087488K
  class space    used 4703K, capacity 4918K, committed 4988K, reserved 1048576K
}
2016-10-23T22:35:50.759+0800: 2169.788: Total time for which application threads were stopped: 0.0088259 seconds, Stopping threads took: 0.0000582 seconds
2016-10-23T22:35:50.814+0800: 2169.843: [CMS-concurrent-sweep: 0.095/0.104 secs] [Times: user=0.40 sys=0.01, real=0.10 secs] 
2016-10-23T22:35:50.814+0800: 2169.843: [CMS-concurrent-reset-start]
2016-10-23T22:35:50.814+0800: 2169.844: [CMS-concurrent-reset: 0.000/0.000 secs] [Times: user=0.00 sys=0.00, real=0.00 secs] 
{Heap before GC invocations=634 (full 12):
 par new generation   total 109248K, used 109248K [0x00000007a0000000, 0x00000007a8000000, 0x00000007a8000000)
  eden space 87424K, 100% used [0x00000007a0000000, 0x00000007a5560000, 0x00000007a5560000)
  from space 21824K, 100% used [0x00000007a5560000, 0x00000007a6ab0000, 0x00000007a6ab0000)
  to   space 21824K,   0% used [0x00000007a6ab0000, 0x00000007a6ab0000, 0x00000007a8000000)
 concurrent mark-sweep generation total 393216K, used 52044K [0x00000007a8000000, 0x00000007c0000000, 0x00000007c0000000)
 Metaspace       used 41485K, capacity 42254K, committed 42356K, reserved 1087488K
  class space    used 4703K, capacity 4918K, committed 4988K, reserved 1048576K
2016-10-23T22:35:50.843+0800: 2169.872: [GC (Allocation Failure) 2016-10-23T22:35:50.843+0800: 2169.872: [ParNew
Desired survivor size 20112992 bytes, new threshold 8 (max 8)
- age   1:    3878488 bytes,    3878488 total
- age   2:     557688 bytes,    4436176 total
- age   3:       2808 bytes,    4438984 total
- age   4:    2797520 bytes,    7236504 total
- age   5:    5609368 bytes,   12845872 total
- age   6:    2301224 bytes,   15147096 total
- age   7:    2566456 bytes,   17713552 total
- age   8:    1550464 bytes,   19264016 total
: 109248K->21824K(109248K), 0.0104733 secs] 161292K->75840K(502464K), 0.0105517 secs] [Times: user=0.03 sys=0.00, real=0.01 secs] 
Heap after GC invocations=635 (full 12):
 par new generation   total 109248K, used 21824K [0x00000007a0000000, 0x00000007a8000000, 0x00000007a8000000)
  eden space 87424K,   0% used [0x00000007a0000000, 0x00000007a0000000, 0x00000007a5560000)
  from space 21824K, 100% used [0x00000007a6ab0000, 0x00000007a8000000, 0x00000007a8000000)
  to   space 21824K,   0% used [0x00000007a5560000, 0x00000007a5560000, 0x00000007a6ab0000)
 concurrent mark-sweep generation total 393216K, used 54016K [0x00000007a8000000, 0x00000007c0000000, 0x00000007c0000000)
 Metaspace       used 41485K, capacity 42254K, committed 42356K, reserved 1087488K
  class space    used 4703K, capacity 4918K, committed 4988K, reserved 1048576K
}
2016-10-23T22:35:50.854+0800: 2169.883: Total time for which application threads were stopped: 0.0109282 seconds, Stopping threads took: 0.0001112 seconds
{Heap before GC invocations=635 (full 12):
 par new generation   total 109248K, used 109248K [0x00000007a0000000, 0x00000007a8000000, 0x00000007a8000000)
  eden space 87424K, 100% used [0x00000007a0000000, 0x00000007a5560000, 0x00000007a5560000)
  from space 21824K, 100% used [0x00000007a6ab0000, 0x00000007a8000000, 0x00000007a8000000)
  to   space 21824K,   0% used [0x00000007a5560000, 0x00000007a5560000, 0x00000007a6ab0000)
 concurrent mark-sweep generation total 393216K, used 54016K [0x00000007a8000000, 0x00000007c0000000, 0x00000007c0000000)
 Metaspace       used 41485K, capacity 42254K, committed 42356K, reserved 1087488K
  class space    used 4703K, capacity 4918K, committed 4988K, reserved 1048576K
2016-10-23T22:35:50.985+0800: 2170.015: [GC (Allocation Failure) 2016-10-23T22:35:50.985+0800: 2170.015: [ParNew
Desired survivor size 20112992 bytes, new threshold 8 (max 8)
- age   1:    6122904 bytes,    6122904 total
- age   2:    2699256 bytes,    8822160 total
- age   3:     521104 bytes,    9343264 total
- age   4:       2808 bytes,    9346072 total
- age   5:    2721416 bytes,   12067488 total
- age   6:    5217400 bytes,   17284888 total
- age   7:    1837240 bytes,   19122128 total
- age   8:    2355624 bytes,   21477752 total
: 109248K->21824K(109248K), 0.0140377 secs] 163264K->78836K(502464K), 0.0141083 secs] [Times: user=0.05 sys=0.00, real=0.01 secs] 
Heap after GC invocations=636 (full 12):
 par new generation   total 109248K, used 21824K [0x00000007a0000000, 0x00000007a8000000, 0x00000007a8000000)
  eden space 87424K,   0% used [0x00000007a0000000, 0x00000007a0000000, 0x00000007a5560000)
  from space 21824K, 100% used [0x00000007a5560000, 0x00000007a6ab0000, 0x00000007a6ab0000)
  to   space 21824K,   0% used [0x00000007a6ab0000, 0x00000007a6ab0000, 0x00000007a8000000)
 concurrent mark-sweep generation total 393216K, used 57012K [0x00000007a8000000, 0x00000007c0000000, 0x00000007c0000000)
 Metaspace       used 41485K, capacity 42254K, committed 42356K, reserved 1087488K
  class space    used 4703K, capacity 4918K, committed 4988K, reserved 1048576K
}
2016-10-23T22:35:50.999+0800: 2170.029: Total time for which application threads were stopped: 0.0143149 seconds, Stopping threads took: 0.0000237 seconds
{Heap before GC invocations=636 (full 12):
 par new generation   total 109248K, used 109248K [0x00000007a0000000, 0x00000007a8000000, 0x00000007a8000000)
  eden space 87424K, 100% used [0x00000007a0000000, 0x00000007a5560000, 0x00000007a5560000)
  from space 21824K, 100% used [0x00000007a5560000, 0x00000007a6ab0000, 0x00000007a6ab0000)
  to   space 21824K,   0% used [0x00000007a6ab0000, 0x00000007a6ab0000, 0x00000007a8000000)
 concurrent mark-sweep generation total 393216K, used 57012K [0x00000007a8000000, 0x00000007c0000000, 0x00000007c0000000)
 Metaspace       used 41485K, capacity 42254K, committed 42356K, reserved 1087488K
  class space    used 4703K, capacity 4918K, committed 4988K, reserved 1048576K
2016-10-23T22:35:51.135+0800: 2170.164: [GC (Allocation Failure) 2016-10-23T22:35:51.135+0800: 2170.164: [ParNew
Desired survivor size 20112992 bytes, new threshold 8 (max 8)
- age   1:    5209200 bytes,    5209200 total
- age   2:    3634432 bytes,    8843632 total
- age   3:    2273112 bytes,   11116744 total
- age   4:     469256 bytes,   11586000 total
- age   5:       2808 bytes,   11588808 total
- age   6:    2149024 bytes,   13737832 total
- age   7:    5217256 bytes,   18955088 total
- age   8:    1837240 bytes,   20792328 total
: 109248K->21824K(109248K), 0.0150404 secs] 166260K->84437K(502464K), 0.0151099 secs] [Times: user=0.05 sys=0.00, real=0.02 secs] 
Heap after GC invocations=637 (full 12):
 par new generation   total 109248K, used 21824K [0x00000007a0000000, 0x00000007a8000000, 0x00000007a8000000)
  eden space 87424K,   0% used [0x00000007a0000000, 0x00000007a0000000, 0x00000007a5560000)
  from space 21824K, 100% used [0x00000007a6ab0000, 0x00000007a8000000, 0x00000007a8000000)
  to   space 21824K,   0% used [0x00000007a5560000, 0x00000007a5560000, 0x00000007a6ab0000)
 concurrent mark-sweep generation total 393216K, used 62613K [0x00000007a8000000, 0x00000007c0000000, 0x00000007c0000000)
 Metaspace       used 41485K, capacity 42254K, committed 42356K, reserved 1087488K
  class space    used 4703K, capacity 4918K, committed 4988K, reserved 1048576K
}
2016-10-23T22:35:51.150+0800: 2170.179: Total time for which application threads were stopped: 0.0154073 seconds, Stopping threads took: 0.0000944 seconds
{Heap before GC invocations=637 (full 12):
 par new generation   total 109248K, used 109248K [0x00000007a0000000, 0x00000007a8000000, 0x00000007a8000000)
  eden space 87424K, 100% used [0x00000007a0000000, 0x00000007a5560000, 0x00000007a5560000)
  from space 21824K, 100% used [0x00000007a6ab0000, 0x00000007a8000000, 0x00000007a8000000)
  to   space 21824K,   0% used [0x00000007a5560000, 0x00000007a5560000, 0x00000007a6ab0000)
 concurrent mark-sweep generation total 393216K, used 62613K [0x00000007a8000000, 0x00000007c0000000, 0x00000007c0000000)
 Metaspace       used 41485K, capacity 42254K, committed 42356K, reserved 1087488K
  class space    used 4703K, capacity 4918K, committed 4988K, reserved 1048576K
2016-10-23T22:35:51.287+0800: 2170.317: [GC (Allocation Failure) 2016-10-23T22:35:51.287+0800: 2170.317: [ParNew
Desired survivor size 20112992 bytes, new threshold 8 (max 8)
- age   1:    6971560 bytes,    6971560 total
- age   2:    2746048 bytes,    9717608 total
- age   3:    2638336 bytes,   12355944 total
- age   4:    1896008 bytes,   14251952 total
- age   5:     396576 bytes,   14648528 total
- age   6:       2808 bytes,   14651336 total
- age   7:    1844016 bytes,   16495352 total
- age   8:    5216112 bytes,   21711464 total
: 109248K->21824K(109248K), 0.0148383 secs] 171861K->89352K(502464K), 0.0149178 secs] [Times: user=0.06 sys=0.01, real=0.02 secs] 
Heap after GC invocations=638 (full 12):
 par new generation   total 109248K, used 21824K [0x00000007a0000000, 0x00000007a8000000, 0x00000007a8000000)
  eden space 87424K,   0% used [0x00000007a0000000, 0x00000007a0000000, 0x00000007a5560000)
  from space 21824K, 100% used [0x00000007a5560000, 0x00000007a6ab0000, 0x00000007a6ab0000)
  to   space 21824K,   0% used [0x00000007a6ab0000, 0x00000007a6ab0000, 0x00000007a8000000)
 concurrent mark-sweep generation total 393216K, used 67528K [0x00000007a8000000, 0x00000007c0000000, 0x00000007c0000000)
 Metaspace       used 41485K, capacity 42254K, committed 42356K, reserved 1087488K
  class space    used 4703K, capacity 4918K, committed 4988K, reserved 1048576K
}
2016-10-23T22:35:51.302+0800: 2170.332: Total time for which application threads were stopped: 0.0152146 seconds, Stopping threads took: 0.0000976 seconds
{Heap before GC invocations=638 (full 12):
 par new generation   total 109248K, used 109248K [0x00000007a0000000, 0x00000007a8000000, 0x00000007a8000000)
  eden space 87424K, 100% used [0x00000007a0000000, 0x00000007a5560000, 0x00000007a5560000)
  from space 21824K, 100% used [0x00000007a5560000, 0x00000007a6ab0000, 0x00000007a6ab0000)
  to   space 21824K,   0% used [0x00000007a6ab0000, 0x00000007a6ab0000, 0x00000007a8000000)
 concurrent mark-sweep generation total 393216K, used 67528K [0x00000007a8000000, 0x00000007c0000000, 0x00000007c0000000)
 Metaspace       used 41495K, capacity 42318K, committed 42612K, reserved 1087488K
  class space    used 4704K, capacity 4918K, committed 4988K, reserved 1048576K
2016-10-23T22:35:51.429+0800: 2170.459: [GC (Allocation Failure) 2016-10-23T22:35:51.430+0800: 2170.459: [ParNew
Desired survivor size 20112992 bytes, new threshold 8 (max 8)
- age   1:    7861064 bytes,    7861064 total
- age   2:    4587888 bytes,   12448952 total
- age   3:    2483384 bytes,   14932336 total
- age   4:    2429624 bytes,   17361960 total
- age   5:    1789200 bytes,   19151160 total
- age   6:     364264 bytes,   19515424 total
- age   7:       2808 bytes,   19518232 total
- age   8:    1753600 bytes,   21271832 total
: 109248K->21824K(109248K), 0.0142418 secs] 176776K->97415K(502464K), 0.0143079 secs] [Times: user=0.05 sys=0.00, real=0.02 secs] 
Heap after GC invocations=639 (full 12):
 par new generation   total 109248K, used 21824K [0x00000007a0000000, 0x00000007a8000000, 0x00000007a8000000)
  eden space 87424K,   0% used [0x00000007a0000000, 0x00000007a0000000, 0x00000007a5560000)
  from space 21824K, 100% used [0x00000007a6ab0000, 0x00000007a8000000, 0x00000007a8000000)
  to   space 21824K,   0% used [0x00000007a5560000, 0x00000007a5560000, 0x00000007a6ab0000)
 concurrent mark-sweep generation total 393216K, used 75591K [0x00000007a8000000, 0x00000007c0000000, 0x00000007c0000000)
 Metaspace       used 41495K, capacity 42318K, committed 42612K, reserved 1087488K
  class space    used 4704K, capacity 4918K, committed 4988K, reserved 1048576K
}
2016-10-23T22:35:51.444+0800: 2170.473: Total time for which application threads were stopped: 0.0145521 seconds, Stopping threads took: 0.0000611 seconds
2016-10-23T22:35:51.480+0800: 2170.509: Total time for which application threads were stopped: 0.0002016 seconds, Stopping threads took: 0.0000667 seconds
{Heap before GC invocations=639 (full 12):
 par new generation   total 109248K, used 109139K [0x00000007a0000000, 0x00000007a8000000, 0x00000007a8000000)
  eden space 87424K,  99% used [0x00000007a0000000, 0x00000007a5544ed0, 0x00000007a5560000)
  from space 21824K, 100% used [0x00000007a6ab0000, 0x00000007a8000000, 0x00000007a8000000)
  to   space 21824K,   0% used [0x00000007a5560000, 0x00000007a5560000, 0x00000007a6ab0000)
 concurrent mark-sweep generation total 393216K, used 75591K [0x00000007a8000000, 0x00000007c0000000, 0x00000007c0000000)
 Metaspace       used 41508K, capacity 42324K, committed 42612K, reserved 1087488K
  class space    used 4704K, capacity 4919K, committed 4988K, reserved 1048576K
2016-10-23T22:35:51.605+0800: 2170.635: [GC (Allocation Failure) 2016-10-23T22:35:51.605+0800: 2170.635: [ParNew
Desired survivor size 20112992 bytes, new threshold 6 (max 8)
- age   1:    6199632 bytes,    6199632 total
- age   2:    5897424 bytes,   12097056 total
- age   3:    4033272 bytes,   16130328 total
- age   4:    1765032 bytes,   17895360 total
- age   5:    1980624 bytes,   19875984 total
- age   6:    1507912 bytes,   21383896 total
- age   7:     303672 bytes,   21687568 total
- age   8:       2808 bytes,   21690376 total
: 109139K->21824K(109248K), 0.0130586 secs] 184731K->100491K(502464K), 0.0131167 secs] [Times: user=0.05 sys=0.00, real=0.01 secs] 
Heap after GC invocations=640 (full 12):
 par new generation   total 109248K, used 21824K [0x00000007a0000000, 0x00000007a8000000, 0x00000007a8000000)
  eden space 87424K,   0% used [0x00000007a0000000, 0x00000007a0000000, 0x00000007a5560000)
  from space 21824K, 100% used [0x00000007a5560000, 0x00000007a6ab0000, 0x00000007a6ab0000)
  to   space 21824K,   0% used [0x00000007a6ab0000, 0x00000007a6ab0000, 0x00000007a8000000)
 concurrent mark-sweep generation total 393216K, used 78667K [0x00000007a8000000, 0x00000007c0000000, 0x00000007c0000000)
 Metaspace       used 41508K, capacity 42324K, committed 42612K, reserved 1087488K
  class space    used 4704K, capacity 4919K, committed 4988K, reserved 1048576K
}
2016-10-23T22:35:51.619+0800: 2170.648: Total time for which application threads were stopped: 0.0134067 seconds, Stopping threads took: 0.0000942 seconds
{Heap before GC invocations=640 (full 12):
 par new generation   total 109248K, used 109248K [0x00000007a0000000, 0x00000007a8000000, 0x00000007a8000000)
  eden space 87424K, 100% used [0x00000007a0000000, 0x00000007a5560000, 0x00000007a5560000)
  from space 21824K, 100% used [0x00000007a5560000, 0x00000007a6ab0000, 0x00000007a6ab0000)
  to   space 21824K,   0% used [0x00000007a6ab0000, 0x00000007a6ab0000, 0x00000007a8000000)
 concurrent mark-sweep generation total 393216K, used 78667K [0x00000007a8000000, 0x00000007c0000000, 0x00000007c0000000)
 Metaspace       used 41508K, capacity 42324K, committed 42612K, reserved 1087488K
  class space    used 4704K, capacity 4919K, committed 4988K, reserved 1048576K
2016-10-23T22:35:51.667+0800: 2170.696: [GC (Allocation Failure) 2016-10-23T22:35:51.667+0800: 2170.696: [ParNew
Desired survivor size 20112992 bytes, new threshold 6 (max 8)
- age   1:    1537928 bytes,    1537928 total
- age   2:    5449480 bytes,    6987408 total
- age   3:    5839024 bytes,   12826432 total
- age   4:    3715536 bytes,   16541968 total
- age   5:    1734328 bytes,   18276296 total
- age   6:    1949624 bytes,   20225920 total
: 109248K->21824K(109248K), 0.0106145 secs] 187915K->102941K(502464K), 0.0106791 secs] [Times: user=0.03 sys=0.00, real=0.01 secs] 
Heap after GC invocations=641 (full 12):
 par new generation   total 109248K, used 21824K [0x00000007a0000000, 0x00000007a8000000, 0x00000007a8000000)
  eden space 87424K,   0% used [0x00000007a0000000, 0x00000007a0000000, 0x00000007a5560000)
  from space 21824K, 100% used [0x00000007a6ab0000, 0x00000007a8000000, 0x00000007a8000000)
  to   space 21824K,   0% used [0x00000007a5560000, 0x00000007a5560000, 0x00000007a6ab0000)
 concurrent mark-sweep generation total 393216K, used 81117K [0x00000007a8000000, 0x00000007c0000000, 0x00000007c0000000)
 Metaspace       used 41508K, capacity 42324K, committed 42612K, reserved 1087488K
  class space    used 4704K, capacity 4919K, committed 4988K, reserved 1048576K
}
2016-10-23T22:35:51.677+0800: 2170.707: Total time for which application threads were stopped: 0.0109399 seconds, Stopping threads took: 0.0000731 seconds
2016-10-23T22:35:51.737+0800: 2170.767: Total time for which application threads were stopped: 0.0002074 seconds, Stopping threads took: 0.0000855 seconds
{Heap before GC invocations=641 (full 12):
 par new generation   total 109248K, used 109248K [0x00000007a0000000, 0x00000007a8000000, 0x00000007a8000000)
  eden space 87424K, 100% used [0x00000007a0000000, 0x00000007a5560000, 0x00000007a5560000)
  from space 21824K, 100% used [0x00000007a6ab0000, 0x00000007a8000000, 0x00000007a8000000)
  to   space 21824K,   0% used [0x00000007a5560000, 0x00000007a5560000, 0x00000007a6ab0000)
 concurrent mark-sweep generation total 393216K, used 81117K [0x00000007a8000000, 0x00000007c0000000, 0x00000007c0000000)
 Metaspace       used 41512K, capacity 42324K, committed 42612K, reserved 1087488K
  class space    used 4704K, capacity 4919K, committed 4988K, reserved 1048576K
2016-10-23T22:35:51.768+0800: 2170.797: [GC (Allocation Failure) 2016-10-23T22:35:51.768+0800: 2170.798: [ParNew
Desired survivor size 20112992 bytes, new threshold 8 (max 8)
- age   1:    3496200 bytes,    3496200 total
- age   2:     896584 bytes,    4392784 total
- age   3:    5008448 bytes,    9401232 total
- age   4:    5097640 bytes,   14498872 total
- age   5:    3394368 bytes,   17893240 total
- age   6:    1509912 bytes,   19403152 total
: 109248K->21824K(109248K), 0.0092620 secs] 190365K->105419K(502464K), 0.0093112 secs] [Times: user=0.03 sys=0.00, real=0.01 secs] 
Heap after GC invocations=642 (full 12):
 par new generation   total 109248K, used 21824K [0x00000007a0000000, 0x00000007a8000000, 0x00000007a8000000)
  eden space 87424K,   0% used [0x00000007a0000000, 0x00000007a0000000, 0x00000007a5560000)
  from space 21824K, 100% used [0x00000007a5560000, 0x00000007a6ab0000, 0x00000007a6ab0000)
  to   space 21824K,   0% used [0x00000007a6ab0000, 0x00000007a6ab0000, 0x00000007a8000000)
 concurrent mark-sweep generation total 393216K, used 83595K [0x00000007a8000000, 0x00000007c0000000, 0x00000007c0000000)
 Metaspace       used 41512K, capacity 42324K, committed 42612K, reserved 1087488K
  class space    used 4704K, capacity 4919K, committed 4988K, reserved 1048576K
}
2016-10-23T22:35:51.777+0800: 2170.807: Total time for which application threads were stopped: 0.0095478 seconds, Stopping threads took: 0.0000623 seconds
{Heap before GC invocations=642 (full 12):
 par new generation   total 109248K, used 109248K [0x00000007a0000000, 0x00000007a8000000, 0x00000007a8000000)
  eden space 87424K, 100% used [0x00000007a0000000, 0x00000007a5560000, 0x00000007a5560000)
  from space 21824K, 100% used [0x00000007a5560000, 0x00000007a6ab0000, 0x00000007a6ab0000)
  to   space 21824K,   0% used [0x00000007a6ab0000, 0x00000007a6ab0000, 0x00000007a8000000)
 concurrent mark-sweep generation total 393216K, used 83595K [0x00000007a8000000, 0x00000007c0000000, 0x00000007c0000000)
 Metaspace       used 41512K, capacity 42324K, committed 42612K, reserved 1087488K
  class space    used 4704K, capacity 4919K, committed 4988K, reserved 1048576K
2016-10-23T22:35:51.891+0800: 2170.920: [GC (Allocation Failure) 2016-10-23T22:35:51.891+0800: 2170.920: [ParNew
Desired survivor size 20112992 bytes, new threshold 7 (max 8)
- age   1:    4468624 bytes,    4468624 total
- age   2:    2128056 bytes,    6596680 total
- age   3:     667072 bytes,    7263752 total
- age   4:    4303376 bytes,   11567128 total
- age   5:    5064160 bytes,   16631288 total
- age   6:    3393848 bytes,   20025136 total
- age   7:    1509632 bytes,   21534768 total
: 109248K->21824K(109248K), 0.0103184 secs] 192843K->107990K(502464K), 0.0103765 secs] [Times: user=0.04 sys=0.00, real=0.01 secs] 
Heap after GC invocations=643 (full 12):
 par new generation   total 109248K, used 21824K [0x00000007a0000000, 0x00000007a8000000, 0x00000007a8000000)
  eden space 87424K,   0% used [0x00000007a0000000, 0x00000007a0000000, 0x00000007a5560000)
  from space 21824K, 100% used [0x00000007a6ab0000, 0x00000007a8000000, 0x00000007a8000000)
  to   space 21824K,   0% used [0x00000007a5560000, 0x00000007a5560000, 0x00000007a6ab0000)
 concurrent mark-sweep generation total 393216K, used 86166K [0x00000007a8000000, 0x00000007c0000000, 0x00000007c0000000)
 Metaspace       used 41512K, capacity 42324K, committed 42612K, reserved 1087488K
  class space    used 4704K, capacity 4919K, committed 4988K, reserved 1048576K
}
2016-10-23T22:35:51.901+0800: 2170.931: Total time for which application threads were stopped: 0.0106072 seconds, Stopping threads took: 0.0000689 seconds
{Heap before GC invocations=643 (full 12):
 par new generation   total 109248K, used 109248K [0x00000007a0000000, 0x00000007a8000000, 0x00000007a8000000)
  eden space 87424K, 100% used [0x00000007a0000000, 0x00000007a5560000, 0x00000007a5560000)
  from space 21824K, 100% used [0x00000007a6ab0000, 0x00000007a8000000, 0x00000007a8000000)
  to   space 21824K,   0% used [0x00000007a5560000, 0x00000007a5560000, 0x00000007a6ab0000)
 concurrent mark-sweep generation total 393216K, used 86166K [0x00000007a8000000, 0x00000007c0000000, 0x00000007c0000000)
 Metaspace       used 41512K, capacity 42324K, committed 42612K, reserved 1087488K
  class space    used 4704K, capacity 4919K, committed 4988K, reserved 1048576K
2016-10-23T22:35:51.972+0800: 2171.001: [GC (Allocation Failure) 2016-10-23T22:35:51.972+0800: 2171.001: [ParNew
Desired survivor size 20112992 bytes, new threshold 7 (max 8)
- age   1:    2734600 bytes,    2734600 total
- age   2:    3088120 bytes,    5822720 total
- age   3:    1891488 bytes,    7714208 total
- age   4:     621784 bytes,    8335992 total
- age   5:    3949696 bytes,   12285688 total
- age   6:    4807304 bytes,   17092992 total
- age   7:    3021704 bytes,   20114696 total
: 109248K->21824K(109248K), 0.0115335 secs] 195414K->112479K(502464K), 0.0116076 secs] [Times: user=0.04 sys=0.00, real=0.01 secs] 
Heap after GC invocations=644 (full 12):
 par new generation   total 109248K, used 21824K [0x00000007a0000000, 0x00000007a8000000, 0x00000007a8000000)
  eden space 87424K,   0% used [0x00000007a0000000, 0x00000007a0000000, 0x00000007a5560000)
  from space 21824K, 100% used [0x00000007a5560000, 0x00000007a6ab0000, 0x00000007a6ab0000)
  to   space 21824K,   0% used [0x00000007a6ab0000, 0x00000007a6ab0000, 0x00000007a8000000)
 concurrent mark-sweep generation total 393216K, used 90655K [0x00000007a8000000, 0x00000007c0000000, 0x00000007c0000000)
 Metaspace       used 41512K, capacity 42324K, committed 42612K, reserved 1087488K
  class space    used 4704K, capacity 4919K, committed 4988K, reserved 1048576K
}
2016-10-23T22:35:51.984+0800: 2171.013: Total time for which application threads were stopped: 0.0119078 seconds, Stopping threads took: 0.0000964 seconds
{Heap before GC invocations=644 (full 12):
 par new generation   total 109248K, used 109248K [0x00000007a0000000, 0x00000007a8000000, 0x00000007a8000000)
  eden space 87424K, 100% used [0x00000007a0000000, 0x00000007a5560000, 0x00000007a5560000)
  from space 21824K, 100% used [0x00000007a5560000, 0x00000007a6ab0000, 0x00000007a6ab0000)
  to   space 21824K,   0% used [0x00000007a6ab0000, 0x00000007a6ab0000, 0x00000007a8000000)
 concurrent mark-sweep generation total 393216K, used 90655K [0x00000007a8000000, 0x00000007c0000000, 0x00000007c0000000)
 Metaspace       used 41512K, capacity 42324K, committed 42612K, reserved 1087488K
  class space    used 4704K, capacity 4919K, committed 4988K, reserved 1048576K
2016-10-23T22:35:52.021+0800: 2171.051: [GC (Allocation Failure) 2016-10-23T22:35:52.021+0800: 2171.051: [ParNew
Desired survivor size 20112992 bytes, new threshold 8 (max 8)
- age   1:    2885344 bytes,    2885344 total
- age   2:    1899056 bytes,    4784400 total
- age   3:    3086768 bytes,    7871168 total
- age   4:    1891488 bytes,    9762656 total
- age   5:     621784 bytes,   10384440 total
- age   6:    3949696 bytes,   14334136 total
- age   7:    4807304 bytes,   19141440 total
: 109248K->21824K(109248K), 0.0104511 secs] 199903K->115452K(502464K), 0.0105217 secs] [Times: user=0.04 sys=0.00, real=0.01 secs] 
Heap after GC invocations=645 (full 12):
 par new generation   total 109248K, used 21824K [0x00000007a0000000, 0x00000007a8000000, 0x00000007a8000000)
  eden space 87424K,   0% used [0x00000007a0000000, 0x00000007a0000000, 0x00000007a5560000)
  from space 21824K, 100% used [0x00000007a6ab0000, 0x00000007a8000000, 0x00000007a8000000)
  to   space 21824K,   0% used [0x00000007a5560000, 0x00000007a5560000, 0x00000007a6ab0000)
 concurrent mark-sweep generation total 393216K, used 93628K [0x00000007a8000000, 0x00000007c0000000, 0x00000007c0000000)
 Metaspace       used 41512K, capacity 42324K, committed 42612K, reserved 1087488K
  class space    used 4704K, capacity 4919K, committed 4988K, reserved 1048576K
}
2016-10-23T22:35:52.032+0800: 2171.061: Total time for which application threads were stopped: 0.0107727 seconds, Stopping threads took: 0.0000789 seconds
{Heap before GC invocations=645 (full 12):
 par new generation   total 109248K, used 109248K [0x00000007a0000000, 0x00000007a8000000, 0x00000007a8000000)
  eden space 87424K, 100% used [0x00000007a0000000, 0x00000007a5560000, 0x00000007a5560000)
  from space 21824K, 100% used [0x00000007a6ab0000, 0x00000007a8000000, 0x00000007a8000000)
  to   space 21824K,   0% used [0x00000007a5560000, 0x00000007a5560000, 0x00000007a6ab0000)
 concurrent mark-sweep generation total 393216K, used 93628K [0x00000007a8000000, 0x00000007c0000000, 0x00000007c0000000)
 Metaspace       used 41512K, capacity 42324K, committed 42612K, reserved 1087488K
  class space    used 4704K, capacity 4919K, committed 4988K, reserved 1048576K
2016-10-23T22:35:52.072+0800: 2171.102: [GC (Allocation Failure) 2016-10-23T22:35:52.072+0800: 2171.102: [ParNew
Desired survivor size 20112992 bytes, new threshold 8 (max 8)
- age   1:    2832744 bytes,    2832744 total
- age   2:    1445184 bytes,    4277928 total
- age   3:    1746968 bytes,    6024896 total
- age   4:    2871576 bytes,    8896472 total
- age   5:    1712344 bytes,   10608816 total
- age   6:     600440 bytes,   11209256 total
- age   7:    4188904 bytes,   15398160 total
- age   8:    4872696 bytes,   20270856 total
: 109248K->21824K(109248K), 0.0099968 secs] 202876K->116219K(502464K), 0.0100627 secs] [Times: user=0.03 sys=0.00, real=0.01 secs] 
Heap after GC invocations=646 (full 12):
 par new generation   total 109248K, used 21824K [0x00000007a0000000, 0x00000007a8000000, 0x00000007a8000000)
  eden space 87424K,   0% used [0x00000007a0000000, 0x00000007a0000000, 0x00000007a5560000)
  from space 21824K, 100% used [0x00000007a5560000, 0x00000007a6ab0000, 0x00000007a6ab0000)
  to   space 21824K,   0% used [0x00000007a6ab0000, 0x00000007a6ab0000, 0x00000007a8000000)
 concurrent mark-sweep generation total 393216K, used 94395K [0x00000007a8000000, 0x00000007c0000000, 0x00000007c0000000)
 Metaspace       used 41512K, capacity 42324K, committed 42612K, reserved 1087488K
  class space    used 4704K, capacity 4919K, committed 4988K, reserved 1048576K
}
2016-10-23T22:35:52.083+0800: 2171.112: Total time for which application threads were stopped: 0.0103575 seconds, Stopping threads took: 0.0000934 seconds
{Heap before GC invocations=646 (full 12):
 par new generation   total 109248K, used 109248K [0x00000007a0000000, 0x00000007a8000000, 0x00000007a8000000)
  eden space 87424K, 100% used [0x00000007a0000000, 0x00000007a5560000, 0x00000007a5560000)
  from space 21824K, 100% used [0x00000007a5560000, 0x00000007a6ab0000, 0x00000007a6ab0000)
  to   space 21824K,   0% used [0x00000007a6ab0000, 0x00000007a6ab0000, 0x00000007a8000000)
 concurrent mark-sweep generation total 393216K, used 94395K [0x00000007a8000000, 0x00000007c0000000, 0x00000007c0000000)
 Metaspace       used 41512K, capacity 42324K, committed 42612K, reserved 1087488K
  class space    used 4704K, capacity 4919K, committed 4988K, reserved 1048576K
2016-10-23T22:35:52.122+0800: 2171.151: [GC (Allocation Failure) 2016-10-23T22:35:52.122+0800: 2171.151: [ParNew
Desired survivor size 20112992 bytes, new threshold 8 (max 8)
- age   1:    2653864 bytes,    2653864 total
- age   2:    2111320 bytes,    4765184 total
- age   3:    1216448 bytes,    5981632 total
- age   4:    1746968 bytes,    7728600 total
- age   5:    2870160 bytes,   10598760 total
- age   6:    1712344 bytes,   12311104 total
- age   7:     600440 bytes,   12911544 total
- age   8:    3926744 bytes,   16838288 total
: 109248K->21824K(109248K), 0.0108621 secs] 203643K->120939K(502464K), 0.0109211 secs] [Times: user=0.04 sys=0.00, real=0.01 secs] 
Heap after GC invocations=647 (full 12):
 par new generation   total 109248K, used 21824K [0x00000007a0000000, 0x00000007a8000000, 0x00000007a8000000)
  eden space 87424K,   0% used [0x00000007a0000000, 0x00000007a0000000, 0x00000007a5560000)
  from space 21824K, 100% used [0x00000007a6ab0000, 0x00000007a8000000, 0x00000007a8000000)
  to   space 21824K,   0% used [0x00000007a5560000, 0x00000007a5560000, 0x00000007a6ab0000)
 concurrent mark-sweep generation total 393216K, used 99115K [0x00000007a8000000, 0x00000007c0000000, 0x00000007c0000000)
 Metaspace       used 41512K, capacity 42324K, committed 42612K, reserved 1087488K
  class space    used 4704K, capacity 4919K, committed 4988K, reserved 1048576K
}
2016-10-23T22:35:52.133+0800: 2171.162: Total time for which application threads were stopped: 0.0113449 seconds, Stopping threads took: 0.0001202 seconds
{Heap before GC invocations=647 (full 12):
 par new generation   total 109248K, used 109248K [0x00000007a0000000, 0x00000007a8000000, 0x00000007a8000000)
  eden space 87424K, 100% used [0x00000007a0000000, 0x00000007a5560000, 0x00000007a5560000)
  from space 21824K, 100% used [0x00000007a6ab0000, 0x00000007a8000000, 0x00000007a8000000)
  to   space 21824K,   0% used [0x00000007a5560000, 0x00000007a5560000, 0x00000007a6ab0000)
 concurrent mark-sweep generation total 393216K, used 99115K [0x00000007a8000000, 0x00000007c0000000, 0x00000007c0000000)
 Metaspace       used 41512K, capacity 42324K, committed 42612K, reserved 1087488K
  class space    used 4704K, capacity 4919K, committed 4988K, reserved 1048576K
2016-10-23T22:35:52.256+0800: 2171.285: [GC (Allocation Failure) 2016-10-23T22:35:52.256+0800: 2171.285: [ParNew
Desired survivor size 20112992 bytes, new threshold 8 (max 8)
- age   1:    7692224 bytes,    7692224 total
- age   2:    1489200 bytes,    9181424 total
- age   3:    1003520 bytes,   10184944 total
- age   4:    1151664 bytes,   11336608 total
- age   5:    1608440 bytes,   12945048 total
- age   6:    2351768 bytes,   15296816 total
- age   7:    1665512 bytes,   16962328 total
- age   8:     579672 bytes,   17542000 total
: 109248K->21824K(109248K), 0.0123998 secs] 208363K->125262K(502464K), 0.0124654 secs] [Times: user=0.05 sys=0.00, real=0.01 secs] 
Heap after GC invocations=648 (full 12):
 par new generation   total 109248K, used 21824K [0x00000007a0000000, 0x00000007a8000000, 0x00000007a8000000)
  eden space 87424K,   0% used [0x00000007a0000000, 0x00000007a0000000, 0x00000007a5560000)
  from space 21824K, 100% used [0x00000007a5560000, 0x00000007a6ab0000, 0x00000007a6ab0000)
  to   space 21824K,   0% used [0x00000007a6ab0000, 0x00000007a6ab0000, 0x00000007a8000000)
 concurrent mark-sweep generation total 393216K, used 103438K [0x00000007a8000000, 0x00000007c0000000, 0x00000007c0000000)
 Metaspace       used 41512K, capacity 42324K, committed 42612K, reserved 1087488K
  class space    used 4704K, capacity 4919K, committed 4988K, reserved 1048576K
}
2016-10-23T22:35:52.268+0800: 2171.298: Total time for which application threads were stopped: 0.0127597 seconds, Stopping threads took: 0.0001027 seconds
{Heap before GC invocations=648 (full 12):
 par new generation   total 109248K, used 109248K [0x00000007a0000000, 0x00000007a8000000, 0x00000007a8000000)
  eden space 87424K, 100% used [0x00000007a0000000, 0x00000007a5560000, 0x00000007a5560000)
  from space 21824K, 100% used [0x00000007a5560000, 0x00000007a6ab0000, 0x00000007a6ab0000)
  to   space 21824K,   0% used [0x00000007a6ab0000, 0x00000007a6ab0000, 0x00000007a8000000)
 concurrent mark-sweep generation total 393216K, used 103438K [0x00000007a8000000, 0x00000007c0000000, 0x00000007c0000000)
 Metaspace       used 41512K, capacity 42324K, committed 42612K, reserved 1087488K
  class space    used 4704K, capacity 4919K, committed 4988K, reserved 1048576K
2016-10-23T22:35:52.341+0800: 2171.371: [GC (Allocation Failure) 2016-10-23T22:35:52.341+0800: 2171.371: [ParNew
Desired survivor size 20112992 bytes, new threshold 8 (max 8)
- age   1:    5015680 bytes,    5015680 total
- age   2:    5069184 bytes,   10084864 total
- age   3:    1455984 bytes,   11540848 total
- age   4:     963248 bytes,   12504096 total
- age   5:    1055992 bytes,   13560088 total
- age   6:    1519104 bytes,   15079192 total
- age   7:    2272632 bytes,   17351824 total
- age   8:    1610464 bytes,   18962288 total
: 109248K->21824K(109248K), 0.0102907 secs] 212686K->126321K(502464K), 0.0103366 secs] [Times: user=0.04 sys=0.00, real=0.01 secs] 
Heap after GC invocations=649 (full 12):
 par new generation   total 109248K, used 21824K [0x00000007a0000000, 0x00000007a8000000, 0x00000007a8000000)
  eden space 87424K,   0% used [0x00000007a0000000, 0x00000007a0000000, 0x00000007a5560000)
  from space 21824K, 100% used [0x00000007a6ab0000, 0x00000007a8000000, 0x00000007a8000000)
  to   space 21824K,   0% used [0x00000007a5560000, 0x00000007a5560000, 0x00000007a6ab0000)
 concurrent mark-sweep generation total 393216K, used 104497K [0x00000007a8000000, 0x00000007c0000000, 0x00000007c0000000)
 Metaspace       used 41512K, capacity 42324K, committed 42612K, reserved 1087488K
  class space    used 4704K, capacity 4919K, committed 4988K, reserved 1048576K
}
2016-10-23T22:35:52.352+0800: 2171.381: Total time for which application threads were stopped: 0.0105471 seconds, Stopping threads took: 0.0000418 seconds
{Heap before GC invocations=649 (full 12):
 par new generation   total 109248K, used 109248K [0x00000007a0000000, 0x00000007a8000000, 0x00000007a8000000)
  eden space 87424K, 100% used [0x00000007a0000000, 0x00000007a5560000, 0x00000007a5560000)
  from space 21824K, 100% used [0x00000007a6ab0000, 0x00000007a8000000, 0x00000007a8000000)
  to   space 21824K,   0% used [0x00000007a5560000, 0x00000007a5560000, 0x00000007a6ab0000)
 concurrent mark-sweep generation total 393216K, used 104497K [0x00000007a8000000, 0x00000007c0000000, 0x00000007c0000000)
 Metaspace       used 41512K, capacity 42324K, committed 42612K, reserved 1087488K
  class space    used 4704K, capacity 4919K, committed 4988K, reserved 1048576K
2016-10-23T22:35:52.406+0800: 2171.436: [GC (Allocation Failure) 2016-10-23T22:35:52.406+0800: 2171.436: [ParNew
Desired survivor size 20112992 bytes, new threshold 8 (max 8)
- age   1:    3899064 bytes,    3899064 total
- age   2:    3008984 bytes,    6908048 total
- age   3:    4911784 bytes,   11819832 total
- age   4:    1445616 bytes,   13265448 total
- age   5:     955640 bytes,   14221088 total
- age   6:    1049392 bytes,   15270480 total
- age   7:    1508616 bytes,   16779096 total
- age   8:    2252536 bytes,   19031632 total
: 109248K->21824K(109248K), 0.0114733 secs] 213745K->128040K(502464K), 0.0115318 secs] [Times: user=0.04 sys=0.00, real=0.01 secs] 
Heap after GC invocations=650 (full 12):
 par new generation   total 109248K, used 21824K [0x00000007a0000000, 0x00000007a8000000, 0x00000007a8000000)
  eden space 87424K,   0% used [0x00000007a0000000, 0x00000007a0000000, 0x00000007a5560000)
  from space 21824K, 100% used [0x00000007a5560000, 0x00000007a6ab0000, 0x00000007a6ab0000)
  to   space 21824K,   0% used [0x00000007a6ab0000, 0x00000007a6ab0000, 0x00000007a8000000)
 concurrent mark-sweep generation total 393216K, used 106216K [0x00000007a8000000, 0x00000007c0000000, 0x00000007c0000000)
 Metaspace       used 41512K, capacity 42324K, committed 42612K, reserved 1087488K
  class space    used 4704K, capacity 4919K, committed 4988K, reserved 1048576K
}
2016-10-23T22:35:52.418+0800: 2171.448: Total time for which application threads were stopped: 0.0118149 seconds, Stopping threads took: 0.0000611 seconds
{Heap before GC invocations=650 (full 12):
 par new generation   total 109248K, used 109248K [0x00000007a0000000, 0x00000007a8000000, 0x00000007a8000000)
  eden space 87424K, 100% used [0x00000007a0000000, 0x00000007a5560000, 0x00000007a5560000)
  from space 21824K, 100% used [0x00000007a5560000, 0x00000007a6ab0000, 0x00000007a6ab0000)
  to   space 21824K,   0% used [0x00000007a6ab0000, 0x00000007a6ab0000, 0x00000007a8000000)
 concurrent mark-sweep generation total 393216K, used 106216K [0x00000007a8000000, 0x00000007c0000000, 0x00000007c0000000)
 Metaspace       used 41512K, capacity 42324K, committed 42612K, reserved 1087488K
  class space    used 4704K, capacity 4919K, committed 4988K, reserved 1048576K
2016-10-23T22:35:52.474+0800: 2171.503: [GC (Allocation Failure) 2016-10-23T22:35:52.474+0800: 2171.503: [ParNew
Desired survivor size 20112992 bytes, new threshold 8 (max 8)
- age   1:    3582328 bytes,    3582328 total
- age   2:    3142576 bytes,    6724904 total
- age   3:    2349792 bytes,    9074696 total
- age   4:    4856488 bytes,   13931184 total
- age   5:    1167736 bytes,   15098920 total
- age   6:     943392 bytes,   16042312 total
- age   7:    1102136 bytes,   17144448 total
- age   8:    1519304 bytes,   18663752 total
: 109248K->21824K(109248K), 0.0118169 secs] 215464K->130511K(502464K), 0.0118890 secs] [Times: user=0.04 sys=0.00, real=0.01 secs] 
Heap after GC invocations=651 (full 12):
 par new generation   total 109248K, used 21824K [0x00000007a0000000, 0x00000007a8000000, 0x00000007a8000000)
  eden space 87424K,   0% used [0x00000007a0000000, 0x00000007a0000000, 0x00000007a5560000)
  from space 21824K, 100% used [0x00000007a6ab0000, 0x00000007a8000000, 0x00000007a8000000)
  to   space 21824K,   0% used [0x00000007a5560000, 0x00000007a5560000, 0x00000007a6ab0000)
 concurrent mark-sweep generation total 393216K, used 108687K [0x00000007a8000000, 0x00000007c0000000, 0x00000007c0000000)
 Metaspace       used 41512K, capacity 42324K, committed 42612K, reserved 1087488K
  class space    used 4704K, capacity 4919K, committed 4988K, reserved 1048576K
}
2016-10-23T22:35:52.486+0800: 2171.515: Total time for which application threads were stopped: 0.0121608 seconds, Stopping threads took: 0.0000683 seconds
{Heap before GC invocations=651 (full 12):
 par new generation   total 109248K, used 109248K [0x00000007a0000000, 0x00000007a8000000, 0x00000007a8000000)
  eden space 87424K, 100% used [0x00000007a0000000, 0x00000007a5560000, 0x00000007a5560000)
  from space 21824K, 100% used [0x00000007a6ab0000, 0x00000007a8000000, 0x00000007a8000000)
  to   space 21824K,   0% used [0x00000007a5560000, 0x00000007a5560000, 0x00000007a6ab0000)
 concurrent mark-sweep generation total 393216K, used 108687K [0x00000007a8000000, 0x00000007c0000000, 0x00000007c0000000)
 Metaspace       used 41512K, capacity 42324K, committed 42612K, reserved 1087488K
  class space    used 4704K, capacity 4919K, committed 4988K, reserved 1048576K
2016-10-23T22:35:52.561+0800: 2171.590: [GC (Allocation Failure) 2016-10-23T22:35:52.561+0800: 2171.590: [ParNew
Desired survivor size 20112992 bytes, new threshold 8 (max 8)
- age   1:    3620376 bytes,    3620376 total
- age   2:    3362400 bytes,    6982776 total
- age   3:    2495792 bytes,    9478568 total
- age   4:    2044488 bytes,   11523056 total
- age   5:    4535968 bytes,   16059024 total
- age   6:    1072528 bytes,   17131552 total
- age   7:     848136 bytes,   17979688 total
- age   8:     944152 bytes,   18923840 total
: 109248K->21824K(109248K), 0.0096657 secs] 217935K->132325K(502464K), 0.0097321 secs] [Times: user=0.04 sys=0.00, real=0.01 secs] 
Heap after GC invocations=652 (full 12):
 par new generation   total 109248K, used 21824K [0x00000007a0000000, 0x00000007a8000000, 0x00000007a8000000)
  eden space 87424K,   0% used [0x00000007a0000000, 0x00000007a0000000, 0x00000007a5560000)
  from space 21824K, 100% used [0x00000007a5560000, 0x00000007a6ab0000, 0x00000007a6ab0000)
  to   space 21824K,   0% used [0x00000007a6ab0000, 0x00000007a6ab0000, 0x00000007a8000000)
 concurrent mark-sweep generation total 393216K, used 110501K [0x00000007a8000000, 0x00000007c0000000, 0x00000007c0000000)
 Metaspace       used 41512K, capacity 42324K, committed 42612K, reserved 1087488K
  class space    used 4704K, capacity 4919K, committed 4988K, reserved 1048576K
}
2016-10-23T22:35:52.571+0800: 2171.600: Total time for which application threads were stopped: 0.0100082 seconds, Stopping threads took: 0.0000817 seconds
{Heap before GC invocations=652 (full 12):
 par new generation   total 109248K, used 109248K [0x00000007a0000000, 0x00000007a8000000, 0x00000007a8000000)
  eden space 87424K, 100% used [0x00000007a0000000, 0x00000007a5560000, 0x00000007a5560000)
  from space 21824K, 100% used [0x00000007a5560000, 0x00000007a6ab0000, 0x00000007a6ab0000)
  to   space 21824K,   0% used [0x00000007a6ab0000, 0x00000007a6ab0000, 0x00000007a8000000)
 concurrent mark-sweep generation total 393216K, used 110501K [0x00000007a8000000, 0x00000007c0000000, 0x00000007c0000000)
 Metaspace       used 41512K, capacity 42324K, committed 42612K, reserved 1087488K
  class space    used 4704K, capacity 4919K, committed 4988K, reserved 1048576K
2016-10-23T22:35:52.626+0800: 2171.655: [GC (Allocation Failure) 2016-10-23T22:35:52.626+0800: 2171.655: [ParNew
Desired survivor size 20112992 bytes, new threshold 8 (max 8)
- age   1:    1838400 bytes,    1838400 total
- age   2:    3103904 bytes,    4942304 total
- age   3:    3239568 bytes,    8181872 total
- age   4:    2367384 bytes,   10549256 total
- age   5:    1890912 bytes,   12440168 total
- age   6:    4296496 bytes,   16736664 total
- age   7:     996184 bytes,   17732848 total
- age   8:     773232 bytes,   18506080 total
: 109248K->21824K(109248K), 0.0096827 secs] 219749K->134208K(502464K), 0.0097356 secs] [Times: user=0.03 sys=0.00, real=0.01 secs] 
Heap after GC invocations=653 (full 12):
 par new generation   total 109248K, used 21824K [0x00000007a0000000, 0x00000007a8000000, 0x00000007a8000000)
  eden space 87424K,   0% used [0x00000007a0000000, 0x00000007a0000000, 0x00000007a5560000)
  from space 21824K, 100% used [0x00000007a6ab0000, 0x00000007a8000000, 0x00000007a8000000)
  to   space 21824K,   0% used [0x00000007a5560000, 0x00000007a5560000, 0x00000007a6ab0000)
 concurrent mark-sweep generation total 393216K, used 112384K [0x00000007a8000000, 0x00000007c0000000, 0x00000007c0000000)
 Metaspace       used 41512K, capacity 42324K, committed 42612K, reserved 1087488K
  class space    used 4704K, capacity 4919K, committed 4988K, reserved 1048576K
}
2016-10-23T22:35:52.635+0800: 2171.665: Total time for which application threads were stopped: 0.0100016 seconds, Stopping threads took: 0.0000910 seconds
{Heap before GC invocations=653 (full 12):
 par new generation   total 109248K, used 109248K [0x00000007a0000000, 0x00000007a8000000, 0x00000007a8000000)
  eden space 87424K, 100% used [0x00000007a0000000, 0x00000007a5560000, 0x00000007a5560000)
  from space 21824K, 100% used [0x00000007a6ab0000, 0x00000007a8000000, 0x00000007a8000000)
  to   space 21824K,   0% used [0x00000007a5560000, 0x00000007a5560000, 0x00000007a6ab0000)
 concurrent mark-sweep generation total 393216K, used 112384K [0x00000007a8000000, 0x00000007c0000000, 0x00000007c0000000)
 Metaspace       used 41512K, capacity 42324K, committed 42612K, reserved 1087488K
  class space    used 4704K, capacity 4919K, committed 4988K, reserved 1048576K
2016-10-23T22:35:52.673+0800: 2171.702: [GC (Allocation Failure) 2016-10-23T22:35:52.673+0800: 2171.702: [ParNew
Desired survivor size 20112992 bytes, new threshold 8 (max 8)
- age   1:    1247304 bytes,    1247304 total
- age   2:     964456 bytes,    2211760 total
- age   3:    2895808 bytes,    5107568 total
- age   4:    3188904 bytes,    8296472 total
- age   5:    2324096 bytes,   10620568 total
- age   6:    1849448 bytes,   12470016 total
- age   7:    4227208 bytes,   16697224 total
- age   8:    1105440 bytes,   17802664 total
: 109248K->21824K(109248K), 0.0096017 secs] 221632K->135649K(502464K), 0.0096711 secs] [Times: user=0.03 sys=0.00, real=0.01 secs] 
Heap after GC invocations=654 (full 12):
 par new generation   total 109248K, used 21824K [0x00000007a0000000, 0x00000007a8000000, 0x00000007a8000000)
  eden space 87424K,   0% used [0x00000007a0000000, 0x00000007a0000000, 0x00000007a5560000)
  from space 21824K, 100% used [0x00000007a5560000, 0x00000007a6ab0000, 0x00000007a6ab0000)
  to   space 21824K,   0% used [0x00000007a6ab0000, 0x00000007a6ab0000, 0x00000007a8000000)
 concurrent mark-sweep generation total 393216K, used 113825K [0x00000007a8000000, 0x00000007c0000000, 0x00000007c0000000)
 Metaspace       used 41512K, capacity 42324K, committed 42612K, reserved 1087488K
  class space    used 4704K, capacity 4919K, committed 4988K, reserved 1048576K
}
2016-10-23T22:35:52.682+0800: 2171.712: Total time for which application threads were stopped: 0.0100220 seconds, Stopping threads took: 0.0000948 seconds
{Heap before GC invocations=654 (full 12):
 par new generation   total 109248K, used 109248K [0x00000007a0000000, 0x00000007a8000000, 0x00000007a8000000)
  eden space 87424K, 100% used [0x00000007a0000000, 0x00000007a5560000, 0x00000007a5560000)
  from space 21824K, 100% used [0x00000007a5560000, 0x00000007a6ab0000, 0x00000007a6ab0000)
  to   space 21824K,   0% used [0x00000007a6ab0000, 0x00000007a6ab0000, 0x00000007a8000000)
 concurrent mark-sweep generation total 393216K, used 113825K [0x00000007a8000000, 0x00000007c0000000, 0x00000007c0000000)
 Metaspace       used 41512K, capacity 42324K, committed 42612K, reserved 1087488K
  class space    used 4704K, capacity 4919K, committed 4988K, reserved 1048576K
2016-10-23T22:35:52.708+0800: 2171.738: [GC (Allocation Failure) 2016-10-23T22:35:52.708+0800: 2171.738: [ParNew
Desired survivor size 20112992 bytes, new threshold 8 (max 8)
- age   1:    1332960 bytes,    1332960 total
- age   2:     722560 bytes,    2055520 total
- age   3:     852688 bytes,    2908208 total
- age   4:    2730960 bytes,    5639168 total
- age   5:    3165976 bytes,    8805144 total
- age   6:    2299560 bytes,   11104704 total
- age   7:    1821704 bytes,   12926408 total
- age   8:    4179728 bytes,   17106136 total
: 109248K->21824K(109248K), 0.0083491 secs] 223073K->137076K(502464K), 0.0084102 secs] [Times: user=0.03 sys=0.00, real=0.01 secs] 
Heap after GC invocations=655 (full 12):
 par new generation   total 109248K, used 21824K [0x00000007a0000000, 0x00000007a8000000, 0x00000007a8000000)
  eden space 87424K,   0% used [0x00000007a0000000, 0x00000007a0000000, 0x00000007a5560000)
  from space 21824K, 100% used [0x00000007a6ab0000, 0x00000007a8000000, 0x00000007a8000000)
  to   space 21824K,   0% used [0x00000007a5560000, 0x00000007a5560000, 0x00000007a6ab0000)
 concurrent mark-sweep generation total 393216K, used 115252K [0x00000007a8000000, 0x00000007c0000000, 0x00000007c0000000)
 Metaspace       used 41512K, capacity 42324K, committed 42612K, reserved 1087488K
  class space    used 4704K, capacity 4919K, committed 4988K, reserved 1048576K
}
2016-10-23T22:35:52.717+0800: 2171.746: Total time for which application threads were stopped: 0.0086791 seconds, Stopping threads took: 0.0000920 seconds
{Heap before GC invocations=655 (full 12):
 par new generation   total 109248K, used 109248K [0x00000007a0000000, 0x00000007a8000000, 0x00000007a8000000)
  eden space 87424K, 100% used [0x00000007a0000000, 0x00000007a5560000, 0x00000007a5560000)
  from space 21824K, 100% used [0x00000007a6ab0000, 0x00000007a8000000, 0x00000007a8000000)
  to   space 21824K,   0% used [0x00000007a5560000, 0x00000007a5560000, 0x00000007a6ab0000)
 concurrent mark-sweep generation total 393216K, used 115252K [0x00000007a8000000, 0x00000007c0000000, 0x00000007c0000000)
 Metaspace       used 41513K, capacity 42324K, committed 42612K, reserved 1087488K
  class space    used 4704K, capacity 4919K, committed 4988K, reserved 1048576K
2016-10-23T22:35:52.839+0800: 2171.868: [GC (Allocation Failure) 2016-10-23T22:35:52.839+0800: 2171.868: [ParNew
Desired survivor size 20112992 bytes, new threshold 8 (max 8)
- age   1:    5355048 bytes,    5355048 total
- age   2:     549592 bytes,    5904640 total
- age   3:     675888 bytes,    6580528 total
- age   4:     773192 bytes,    7353720 total
- age   5:    2622352 bytes,    9976072 total
- age   6:    2944016 bytes,   12920088 total
- age   7:    2072816 bytes,   14992904 total
- age   8:    1542344 bytes,   16535248 total
: 109248K->21260K(109248K), 0.0094255 secs] 224500K->140175K(502464K), 0.0094827 secs] [Times: user=0.03 sys=0.00, real=0.01 secs] 
Heap after GC invocations=656 (full 12):
 par new generation   total 109248K, used 21260K [0x00000007a0000000, 0x00000007a8000000, 0x00000007a8000000)
  eden space 87424K,   0% used [0x00000007a0000000, 0x00000007a0000000, 0x00000007a5560000)
  from space 21824K,  97% used [0x00000007a5560000, 0x00000007a6a231c0, 0x00000007a6ab0000)
  to   space 21824K,   0% used [0x00000007a6ab0000, 0x00000007a6ab0000, 0x00000007a8000000)
 concurrent mark-sweep generation total 393216K, used 118915K [0x00000007a8000000, 0x00000007c0000000, 0x00000007c0000000)
 Metaspace       used 41513K, capacity 42324K, committed 42612K, reserved 1087488K
  class space    used 4704K, capacity 4919K, committed 4988K, reserved 1048576K
}
2016-10-23T22:35:52.848+0800: 2171.878: Total time for which application threads were stopped: 0.0097713 seconds, Stopping threads took: 0.0000592 seconds
{Heap before GC invocations=656 (full 12):
 par new generation   total 109248K, used 108684K [0x00000007a0000000, 0x00000007a8000000, 0x00000007a8000000)
  eden space 87424K, 100% used [0x00000007a0000000, 0x00000007a5560000, 0x00000007a5560000)
  from space 21824K,  97% used [0x00000007a5560000, 0x00000007a6a231c0, 0x00000007a6ab0000)
  to   space 21824K,   0% used [0x00000007a6ab0000, 0x00000007a6ab0000, 0x00000007a8000000)
 concurrent mark-sweep generation total 393216K, used 118915K [0x00000007a8000000, 0x00000007c0000000, 0x00000007c0000000)
 Metaspace       used 41513K, capacity 42324K, committed 42612K, reserved 1087488K
  class space    used 4704K, capacity 4919K, committed 4988K, reserved 1048576K
2016-10-23T22:35:52.938+0800: 2171.967: [GC (Allocation Failure) 2016-10-23T22:35:52.938+0800: 2171.967: [ParNew
Desired survivor size 20112992 bytes, new threshold 8 (max 8)
- age   1:    5366904 bytes,    5366904 total
- age   2:    3805680 bytes,    9172584 total
- age   3:     516184 bytes,    9688768 total
- age   4:     544208 bytes,   10232976 total
- age   5:     772592 bytes,   11005568 total
- age   6:    2620616 bytes,   13626184 total
- age   7:    2944016 bytes,   16570200 total
- age   8:    2072816 bytes,   18643016 total
: 108684K->21734K(109248K), 0.0104359 secs] 227599K->142180K(502464K), 0.0104994 secs] [Times: user=0.04 sys=0.00, real=0.01 secs] 
Heap after GC invocations=657 (full 12):
 par new generation   total 109248K, used 21734K [0x00000007a0000000, 0x00000007a8000000, 0x00000007a8000000)
  eden space 87424K,   0% used [0x00000007a0000000, 0x00000007a0000000, 0x00000007a5560000)
  from space 21824K,  99% used [0x00000007a6ab0000, 0x00000007a7fe9a70, 0x00000007a8000000)
  to   space 21824K,   0% used [0x00000007a5560000, 0x00000007a5560000, 0x00000007a6ab0000)
 concurrent mark-sweep generation total 393216K, used 120445K [0x00000007a8000000, 0x00000007c0000000, 0x00000007c0000000)
 Metaspace       used 41513K, capacity 42324K, committed 42612K, reserved 1087488K
  class space    used 4704K, capacity 4919K, committed 4988K, reserved 1048576K
}
2016-10-23T22:35:52.948+0800: 2171.978: Total time for which application threads were stopped: 0.0107233 seconds, Stopping threads took: 0.0000460 seconds
{Heap before GC invocations=657 (full 12):
 par new generation   total 109248K, used 109158K [0x00000007a0000000, 0x00000007a8000000, 0x00000007a8000000)
  eden space 87424K, 100% used [0x00000007a0000000, 0x00000007a5560000, 0x00000007a5560000)
  from space 21824K,  99% used [0x00000007a6ab0000, 0x00000007a7fe9a70, 0x00000007a8000000)
  to   space 21824K,   0% used [0x00000007a5560000, 0x00000007a5560000, 0x00000007a6ab0000)
 concurrent mark-sweep generation total 393216K, used 120445K [0x00000007a8000000, 0x00000007c0000000, 0x00000007c0000000)
 Metaspace       used 41513K, capacity 42324K, committed 42612K, reserved 1087488K
  class space    used 4704K, capacity 4919K, committed 4988K, reserved 1048576K
2016-10-23T22:35:53.011+0800: 2172.041: [GC (Allocation Failure) 2016-10-23T22:35:53.011+0800: 2172.041: [ParNew
Desired survivor size 20112992 bytes, new threshold 8 (max 8)
- age   1:    3868336 bytes,    3868336 total
- age   2:    3965904 bytes,    7834240 total
- age   3:    3780496 bytes,   11614736 total
- age   4:     515968 bytes,   12130704 total
- age   5:     543968 bytes,   12674672 total
- age   6:     771416 bytes,   13446088 total
- age   7:    2619464 bytes,   16065552 total
- age   8:    2944016 bytes,   19009568 total
: 109158K->19745K(109248K), 0.0101152 secs] 229604K->142233K(502464K), 0.0101634 secs] [Times: user=0.04 sys=0.00, real=0.01 secs] 
Heap after GC invocations=658 (full 12):
 par new generation   total 109248K, used 19745K [0x00000007a0000000, 0x00000007a8000000, 0x00000007a8000000)
  eden space 87424K,   0% used [0x00000007a0000000, 0x00000007a0000000, 0x00000007a5560000)
  from space 21824K,  90% used [0x00000007a5560000, 0x00000007a68a8428, 0x00000007a6ab0000)
  to   space 21824K,   0% used [0x00000007a6ab0000, 0x00000007a6ab0000, 0x00000007a8000000)
 concurrent mark-sweep generation total 393216K, used 122488K [0x00000007a8000000, 0x00000007c0000000, 0x00000007c0000000)
 Metaspace       used 41513K, capacity 42324K, committed 42612K, reserved 1087488K
  class space    used 4704K, capacity 4919K, committed 4988K, reserved 1048576K
}
2016-10-23T22:35:53.022+0800: 2172.051: Total time for which application threads were stopped: 0.0104512 seconds, Stopping threads took: 0.0000917 seconds
{Heap before GC invocations=658 (full 12):
 par new generation   total 109248K, used 107169K [0x00000007a0000000, 0x00000007a8000000, 0x00000007a8000000)
  eden space 87424K, 100% used [0x00000007a0000000, 0x00000007a5560000, 0x00000007a5560000)
  from space 21824K,  90% used [0x00000007a5560000, 0x00000007a68a8428, 0x00000007a6ab0000)
  to   space 21824K,   0% used [0x00000007a6ab0000, 0x00000007a6ab0000, 0x00000007a8000000)
 concurrent mark-sweep generation total 393216K, used 122488K [0x00000007a8000000, 0x00000007c0000000, 0x00000007c0000000)
 Metaspace       used 41513K, capacity 42324K, committed 42612K, reserved 1087488K
  class space    used 4704K, capacity 4919K, committed 4988K, reserved 1048576K
2016-10-23T22:35:53.103+0800: 2172.132: [GC (Allocation Failure) 2016-10-23T22:35:53.103+0800: 2172.132: [ParNew
Desired survivor size 20112992 bytes, new threshold 8 (max 8)
- age   1:    4861128 bytes,    4861128 total
- age   2:    2009728 bytes,    6870856 total
- age   3:    3436232 bytes,   10307088 total
- age   4:    3626136 bytes,   13933224 total
- age   5:     471656 bytes,   14404880 total
- age   6:     527408 bytes,   14932288 total
- age   7:     747808 bytes,   15680096 total
- age   8:    2578696 bytes,   18258792 total
: 107169K->21824K(109248K), 0.0105079 secs] 229657K->147736K(502464K), 0.0105754 secs] [Times: user=0.04 sys=0.00, real=0.01 secs] 
Heap after GC invocations=659 (full 12):
 par new generation   total 109248K, used 21824K [0x00000007a0000000, 0x00000007a8000000, 0x00000007a8000000)
  eden space 87424K,   0% used [0x00000007a0000000, 0x00000007a0000000, 0x00000007a5560000)
  from space 21824K, 100% used [0x00000007a6ab0000, 0x00000007a8000000, 0x00000007a8000000)
  to   space 21824K,   0% used [0x00000007a5560000, 0x00000007a5560000, 0x00000007a6ab0000)
 concurrent mark-sweep generation total 393216K, used 125912K [0x00000007a8000000, 0x00000007c0000000, 0x00000007c0000000)
 Metaspace       used 41513K, capacity 42324K, committed 42612K, reserved 1087488K
  class space    used 4704K, capacity 4919K, committed 4988K, reserved 1048576K
}
2016-10-23T22:35:53.114+0800: 2172.143: Total time for which application threads were stopped: 0.0108428 seconds, Stopping threads took: 0.0000782 seconds
{Heap before GC invocations=659 (full 12):
 par new generation   total 109248K, used 109248K [0x00000007a0000000, 0x00000007a8000000, 0x00000007a8000000)
  eden space 87424K, 100% used [0x00000007a0000000, 0x00000007a5560000, 0x00000007a5560000)
  from space 21824K, 100% used [0x00000007a6ab0000, 0x00000007a8000000, 0x00000007a8000000)
  to   space 21824K,   0% used [0x00000007a5560000, 0x00000007a5560000, 0x00000007a6ab0000)
 concurrent mark-sweep generation total 393216K, used 125912K [0x00000007a8000000, 0x00000007c0000000, 0x00000007c0000000)
 Metaspace       used 41513K, capacity 42324K, committed 42612K, reserved 1087488K
  class space    used 4704K, capacity 4919K, committed 4988K, reserved 1048576K
2016-10-23T22:35:53.226+0800: 2172.256: [GC (Allocation Failure) 2016-10-23T22:35:53.226+0800: 2172.256: [ParNew
Desired survivor size 20112992 bytes, new threshold 8 (max 8)
- age   1:    6525480 bytes,    6525480 total
- age   2:    2539696 bytes,    9065176 total
- age   3:    1905368 bytes,   10970544 total
- age   4:    2514096 bytes,   13484640 total
- age   5:    3409528 bytes,   16894168 total
- age   6:     454232 bytes,   17348400 total
- age   7:     493400 bytes,   17841800 total
- age   8:     682912 bytes,   18524712 total
: 109248K->21824K(109248K), 0.0145804 secs] 235160K->152106K(502464K), 0.0146359 secs] [Times: user=0.05 sys=0.00, real=0.02 secs] 
Heap after GC invocations=660 (full 12):
 par new generation   total 109248K, used 21824K [0x00000007a0000000, 0x00000007a8000000, 0x00000007a8000000)
  eden space 87424K,   0% used [0x00000007a0000000, 0x00000007a0000000, 0x00000007a5560000)
  from space 21824K, 100% used [0x00000007a5560000, 0x00000007a6ab0000, 0x00000007a6ab0000)
  to   space 21824K,   0% used [0x00000007a6ab0000, 0x00000007a6ab0000, 0x00000007a8000000)
 concurrent mark-sweep generation total 393216K, used 130282K [0x00000007a8000000, 0x00000007c0000000, 0x00000007c0000000)
 Metaspace       used 41513K, capacity 42324K, committed 42612K, reserved 1087488K
  class space    used 4704K, capacity 4919K, committed 4988K, reserved 1048576K
}
2016-10-23T22:35:53.241+0800: 2172.270: Total time for which application threads were stopped: 0.0148711 seconds, Stopping threads took: 0.0000691 seconds
{Heap before GC invocations=660 (full 12):
 par new generation   total 109248K, used 109248K [0x00000007a0000000, 0x00000007a8000000, 0x00000007a8000000)
  eden space 87424K, 100% used [0x00000007a0000000, 0x00000007a5560000, 0x00000007a5560000)
  from space 21824K, 100% used [0x00000007a5560000, 0x00000007a6ab0000, 0x00000007a6ab0000)
  to   space 21824K,   0% used [0x00000007a6ab0000, 0x00000007a6ab0000, 0x00000007a8000000)
 concurrent mark-sweep generation total 393216K, used 130282K [0x00000007a8000000, 0x00000007c0000000, 0x00000007c0000000)
 Metaspace       used 41513K, capacity 42324K, committed 42612K, reserved 1087488K
  class space    used 4704K, capacity 4919K, committed 4988K, reserved 1048576K
2016-10-23T22:35:53.336+0800: 2172.365: [GC (Allocation Failure) 2016-10-23T22:35:53.336+0800: 2172.365: [ParNew
Desired survivor size 20112992 bytes, new threshold 7 (max 8)
- age   1:    5518672 bytes,    5518672 total
- age   2:    4507016 bytes,   10025688 total
- age   3:    2413832 bytes,   12439520 total
- age   4:    1680480 bytes,   14120000 total
- age   5:    2378312 bytes,   16498312 total
- age   6:    3238160 bytes,   19736472 total
- age   7:     436568 bytes,   20173040 total
- age   8:     470504 bytes,   20643544 total
: 109248K->21824K(109248K), 0.0125298 secs] 239530K->153681K(502464K), 0.0125944 secs] [Times: user=0.04 sys=0.00, real=0.01 secs] 
Heap after GC invocations=661 (full 12):
 par new generation   total 109248K, used 21824K [0x00000007a0000000, 0x00000007a8000000, 0x00000007a8000000)
  eden space 87424K,   0% used [0x00000007a0000000, 0x00000007a0000000, 0x00000007a5560000)
  from space 21824K, 100% used [0x00000007a6ab0000, 0x00000007a8000000, 0x00000007a8000000)
  to   space 21824K,   0% used [0x00000007a5560000, 0x00000007a5560000, 0x00000007a6ab0000)
 concurrent mark-sweep generation total 393216K, used 131857K [0x00000007a8000000, 0x00000007c0000000, 0x00000007c0000000)
 Metaspace       used 41513K, capacity 42324K, committed 42612K, reserved 1087488K
  class space    used 4704K, capacity 4919K, committed 4988K, reserved 1048576K
}
2016-10-23T22:35:53.348+0800: 2172.378: Total time for which application threads were stopped: 0.0128716 seconds, Stopping threads took: 0.0000847 seconds
{Heap before GC invocations=661 (full 12):
 par new generation   total 109248K, used 109248K [0x00000007a0000000, 0x00000007a8000000, 0x00000007a8000000)
  eden space 87424K, 100% used [0x00000007a0000000, 0x00000007a5560000, 0x00000007a5560000)
  from space 21824K, 100% used [0x00000007a6ab0000, 0x00000007a8000000, 0x00000007a8000000)
  to   space 21824K,   0% used [0x00000007a5560000, 0x00000007a5560000, 0x00000007a6ab0000)
 concurrent mark-sweep generation total 393216K, used 131857K [0x00000007a8000000, 0x00000007c0000000, 0x00000007c0000000)
 Metaspace       used 41513K, capacity 42324K, committed 42612K, reserved 1087488K
  class space    used 4704K, capacity 4919K, committed 4988K, reserved 1048576K
2016-10-23T22:35:53.471+0800: 2172.500: [GC (Allocation Failure) 2016-10-23T22:35:53.471+0800: 2172.500: [ParNew
Desired survivor size 20112992 bytes, new threshold 7 (max 8)
- age   1:    6802192 bytes,    6802192 total
- age   2:    2538472 bytes,    9340664 total
- age   3:    4064136 bytes,   13404800 total
- age   4:    1871680 bytes,   15276480 total
- age   5:    1426744 bytes,   16703224 total
- age   6:    2034536 bytes,   18737760 total
- age   7:    2870136 bytes,   21607896 total
: 109248K->21824K(109248K), 0.0139730 secs] 241105K->157074K(502464K), 0.0140401 secs] [Times: user=0.05 sys=0.00, real=0.01 secs] 
Heap after GC invocations=662 (full 12):
 par new generation   total 109248K, used 21824K [0x00000007a0000000, 0x00000007a8000000, 0x00000007a8000000)
  eden space 87424K,   0% used [0x00000007a0000000, 0x00000007a0000000, 0x00000007a5560000)
  from space 21824K, 100% used [0x00000007a5560000, 0x00000007a6ab0000, 0x00000007a6ab0000)
  to   space 21824K,   0% used [0x00000007a6ab0000, 0x00000007a6ab0000, 0x00000007a8000000)
 concurrent mark-sweep generation total 393216K, used 135250K [0x00000007a8000000, 0x00000007c0000000, 0x00000007c0000000)
 Metaspace       used 41513K, capacity 42324K, committed 42612K, reserved 1087488K
  class space    used 4704K, capacity 4919K, committed 4988K, reserved 1048576K
}
2016-10-23T22:35:53.485+0800: 2172.514: Total time for which application threads were stopped: 0.0143055 seconds, Stopping threads took: 0.0000739 seconds
{Heap before GC invocations=662 (full 12):
 par new generation   total 109248K, used 109248K [0x00000007a0000000, 0x00000007a8000000, 0x00000007a8000000)
  eden space 87424K, 100% used [0x00000007a0000000, 0x00000007a5560000, 0x00000007a5560000)
  from space 21824K, 100% used [0x00000007a5560000, 0x00000007a6ab0000, 0x00000007a6ab0000)
  to   space 21824K,   0% used [0x00000007a6ab0000, 0x00000007a6ab0000, 0x00000007a8000000)
 concurrent mark-sweep generation total 393216K, used 135250K [0x00000007a8000000, 0x00000007c0000000, 0x00000007c0000000)
 Metaspace       used 41513K, capacity 42324K, committed 42612K, reserved 1087488K
  class space    used 4704K, capacity 4919K, committed 4988K, reserved 1048576K
2016-10-23T22:35:53.629+0800: 2172.658: [GC (Allocation Failure) 2016-10-23T22:35:53.629+0800: 2172.658: [ParNew
Desired survivor size 20112992 bytes, new threshold 8 (max 8)
- age   1:    5166944 bytes,    5166944 total
- age   2:    4473800 bytes,    9640744 total
- age   3:    1879472 bytes,   11520216 total
- age   4:    2935592 bytes,   14455808 total
- age   5:    1427112 bytes,   15882920 total
- age   6:    1088456 bytes,   16971376 total
- age   7:    1561864 bytes,   18533240 total
: 109248K->21824K(109248K), 0.0149680 secs] 244498K->162801K(502464K), 0.0150327 secs] [Times: user=0.05 sys=0.00, real=0.02 secs] 
Heap after GC invocations=663 (full 12):
 par new generation   total 109248K, used 21824K [0x00000007a0000000, 0x00000007a8000000, 0x00000007a8000000)
  eden space 87424K,   0% used [0x00000007a0000000, 0x00000007a0000000, 0x00000007a5560000)
  from space 21824K, 100% used [0x00000007a6ab0000, 0x00000007a8000000, 0x00000007a8000000)
  to   space 21824K,   0% used [0x00000007a5560000, 0x00000007a5560000, 0x00000007a6ab0000)
 concurrent mark-sweep generation total 393216K, used 140977K [0x00000007a8000000, 0x00000007c0000000, 0x00000007c0000000)
 Metaspace       used 41513K, capacity 42324K, committed 42612K, reserved 1087488K
  class space    used 4704K, capacity 4919K, committed 4988K, reserved 1048576K
}
2016-10-23T22:35:53.644+0800: 2172.673: Total time for which application threads were stopped: 0.0152793 seconds, Stopping threads took: 0.0000565 seconds
{Heap before GC invocations=663 (full 12):
 par new generation   total 109248K, used 109248K [0x00000007a0000000, 0x00000007a8000000, 0x00000007a8000000)
  eden space 87424K, 100% used [0x00000007a0000000, 0x00000007a5560000, 0x00000007a5560000)
  from space 21824K, 100% used [0x00000007a6ab0000, 0x00000007a8000000, 0x00000007a8000000)
  to   space 21824K,   0% used [0x00000007a5560000, 0x00000007a5560000, 0x00000007a6ab0000)
 concurrent mark-sweep generation total 393216K, used 140977K [0x00000007a8000000, 0x00000007c0000000, 0x00000007c0000000)
 Metaspace       used 41513K, capacity 42324K, committed 42612K, reserved 1087488K
  class space    used 4704K, capacity 4919K, committed 4988K, reserved 1048576K
2016-10-23T22:35:53.683+0800: 2172.713: [GC (Allocation Failure) 2016-10-23T22:35:53.683+0800: 2172.713: [ParNew
Desired survivor size 20112992 bytes, new threshold 8 (max 8)
- age   1:    1261424 bytes,    1261424 total
- age   2:    4380392 bytes,    5641816 total
- age   3:    4465640 bytes,   10107456 total
- age   4:    1874792 bytes,   11982248 total
- age   5:    2930432 bytes,   14912680 total
- age   6:    1422008 bytes,   16334688 total
- age   7:    1085384 bytes,   17420072 total
- age   8:    1557160 bytes,   18977232 total
: 109248K->21824K(109248K), 0.0099634 secs] 250225K->162839K(502464K), 0.0100253 secs] [Times: user=0.04 sys=0.00, real=0.01 secs] 
Heap after GC invocations=664 (full 12):
 par new generation   total 109248K, used 21824K [0x00000007a0000000, 0x00000007a8000000, 0x00000007a8000000)
  eden space 87424K,   0% used [0x00000007a0000000, 0x00000007a0000000, 0x00000007a5560000)
  from space 21824K, 100% used [0x00000007a5560000, 0x00000007a6ab0000, 0x00000007a6ab0000)
  to   space 21824K,   0% used [0x00000007a6ab0000, 0x00000007a6ab0000, 0x00000007a8000000)
 concurrent mark-sweep generation total 393216K, used 141015K [0x00000007a8000000, 0x00000007c0000000, 0x00000007c0000000)
 Metaspace       used 41513K, capacity 42324K, committed 42612K, reserved 1087488K
  class space    used 4704K, capacity 4919K, committed 4988K, reserved 1048576K
}
2016-10-23T22:35:53.693+0800: 2172.723: Total time for which application threads were stopped: 0.0103255 seconds, Stopping threads took: 0.0000971 seconds
{Heap before GC invocations=664 (full 12):
 par new generation   total 109248K, used 109248K [0x00000007a0000000, 0x00000007a8000000, 0x00000007a8000000)
  eden space 87424K, 100% used [0x00000007a0000000, 0x00000007a5560000, 0x00000007a5560000)
  from space 21824K, 100% used [0x00000007a5560000, 0x00000007a6ab0000, 0x00000007a6ab0000)
  to   space 21824K,   0% used [0x00000007a6ab0000, 0x00000007a6ab0000, 0x00000007a8000000)
 concurrent mark-sweep generation total 393216K, used 141015K [0x00000007a8000000, 0x00000007c0000000, 0x00000007c0000000)
 Metaspace       used 41513K, capacity 42324K, committed 42612K, reserved 1087488K
  class space    used 4704K, capacity 4919K, committed 4988K, reserved 1048576K
2016-10-23T22:35:53.780+0800: 2172.810: [GC (Allocation Failure) 2016-10-23T22:35:53.780+0800: 2172.810: [ParNew
Desired survivor size 20112992 bytes, new threshold 8 (max 8)
- age   1:    3709648 bytes,    3709648 total
- age   2:     657040 bytes,    4366688 total
- age   3:    3842472 bytes,    8209160 total
- age   4:    4311728 bytes,   12520888 total
- age   5:    1759760 bytes,   14280648 total
- age   6:    2802248 bytes,   17082896 total
- age   7:    1324952 bytes,   18407848 total
- age   8:    1010728 bytes,   19418576 total
: 109248K->21824K(109248K), 0.0110991 secs] 250263K->164710K(502464K), 0.0111755 secs] [Times: user=0.04 sys=0.00, real=0.01 secs] 
Heap after GC invocations=665 (full 12):
 par new generation   total 109248K, used 21824K [0x00000007a0000000, 0x00000007a8000000, 0x00000007a8000000)
  eden space 87424K,   0% used [0x00000007a0000000, 0x00000007a0000000, 0x00000007a5560000)
  from space 21824K, 100% used [0x00000007a6ab0000, 0x00000007a8000000, 0x00000007a8000000)
  to   space 21824K,   0% used [0x00000007a5560000, 0x00000007a5560000, 0x00000007a6ab0000)
 concurrent mark-sweep generation total 393216K, used 142886K [0x00000007a8000000, 0x00000007c0000000, 0x00000007c0000000)
 Metaspace       used 41513K, capacity 42324K, committed 42612K, reserved 1087488K
  class space    used 4704K, capacity 4919K, committed 4988K, reserved 1048576K
}
2016-10-23T22:35:53.792+0800: 2172.821: Total time for which application threads were stopped: 0.0114017 seconds, Stopping threads took: 0.0000538 seconds
2016-10-23T22:35:53.936+0800: 2172.966: Total time for which application threads were stopped: 0.0001839 seconds, Stopping threads took: 0.0000478 seconds
{Heap before GC invocations=665 (full 12):
 par new generation   total 109248K, used 109248K [0x00000007a0000000, 0x00000007a8000000, 0x00000007a8000000)
  eden space 87424K, 100% used [0x00000007a0000000, 0x00000007a5560000, 0x00000007a5560000)
  from space 21824K, 100% used [0x00000007a6ab0000, 0x00000007a8000000, 0x00000007a8000000)
  to   space 21824K,   0% used [0x00000007a5560000, 0x00000007a5560000, 0x00000007a6ab0000)
 concurrent mark-sweep generation total 393216K, used 142886K [0x00000007a8000000, 0x00000007c0000000, 0x00000007c0000000)
 Metaspace       used 41562K, capacity 42394K, committed 42612K, reserved 1087488K
  class space    used 4705K, capacity 4920K, committed 4988K, reserved 1048576K
2016-10-23T22:35:53.942+0800: 2172.972: [GC (Allocation Failure) 2016-10-23T22:35:53.942+0800: 2172.972: [ParNew
Desired survivor size 20112992 bytes, new threshold 8 (max 8)
- age   1:    4712456 bytes,    4712456 total
- age   2:    2450896 bytes,    7163352 total
- age   3:     468072 bytes,    7631424 total
- age   4:    3595344 bytes,   11226768 total
- age   5:    4311752 bytes,   15538520 total
- age   6:    1759784 bytes,   17298304 total
- age   7:    2802248 bytes,   20100552 total
- age   8:    1324952 bytes,   21425504 total
: 109248K->21824K(109248K), 0.0161456 secs] 252134K->167576K(502464K), 0.0162254 secs] [Times: user=0.07 sys=0.00, real=0.01 secs] 
Heap after GC invocations=666 (full 12):
 par new generation   total 109248K, used 21824K [0x00000007a0000000, 0x00000007a8000000, 0x00000007a8000000)
  eden space 87424K,   0% used [0x00000007a0000000, 0x00000007a0000000, 0x00000007a5560000)
  from space 21824K, 100% used [0x00000007a5560000, 0x00000007a6ab0000, 0x00000007a6ab0000)
  to   space 21824K,   0% used [0x00000007a6ab0000, 0x00000007a6ab0000, 0x00000007a8000000)
 concurrent mark-sweep generation total 393216K, used 145752K [0x00000007a8000000, 0x00000007c0000000, 0x00000007c0000000)
 Metaspace       used 41562K, capacity 42394K, committed 42612K, reserved 1087488K
  class space    used 4705K, capacity 4920K, committed 4988K, reserved 1048576K
}
2016-10-23T22:35:53.959+0800: 2172.988: Total time for which application threads were stopped: 0.0165070 seconds, Stopping threads took: 0.0000687 seconds
{Heap before GC invocations=666 (full 12):
 par new generation   total 109248K, used 109248K [0x00000007a0000000, 0x00000007a8000000, 0x00000007a8000000)
  eden space 87424K, 100% used [0x00000007a0000000, 0x00000007a5560000, 0x00000007a5560000)
  from space 21824K, 100% used [0x00000007a5560000, 0x00000007a6ab0000, 0x00000007a6ab0000)
  to   space 21824K,   0% used [0x00000007a6ab0000, 0x00000007a6ab0000, 0x00000007a8000000)
 concurrent mark-sweep generation total 393216K, used 145752K [0x00000007a8000000, 0x00000007c0000000, 0x00000007c0000000)
 Metaspace       used 41562K, capacity 42394K, committed 42612K, reserved 1087488K
  class space    used 4705K, capacity 4920K, committed 4988K, reserved 1048576K
2016-10-23T22:35:54.104+0800: 2173.134: [GC (Allocation Failure) 2016-10-23T22:35:54.104+0800: 2173.134: [ParNew
Desired survivor size 20112992 bytes, new threshold 8 (max 8)
- age   1:    4417376 bytes,    4417376 total
- age   2:    2625480 bytes,    7042856 total
- age   3:    1735384 bytes,    8778240 total
- age   4:     342864 bytes,    9121104 total
- age   5:    3118032 bytes,   12239136 total
- age   6:    4043392 bytes,   16282528 total
- age   7:    1654880 bytes,   17937408 total
- age   8:    2399096 bytes,   20336504 total
: 109248K->21824K(109248K), 0.0171211 secs] 255000K->173925K(502464K), 0.0171812 secs] [Times: user=0.09 sys=0.00, real=0.02 secs] 
Heap after GC invocations=667 (full 12):
 par new generation   total 109248K, used 21824K [0x00000007a0000000, 0x00000007a8000000, 0x00000007a8000000)
  eden space 87424K,   0% used [0x00000007a0000000, 0x00000007a0000000, 0x00000007a5560000)
  from space 21824K, 100% used [0x00000007a6ab0000, 0x00000007a8000000, 0x00000007a8000000)
  to   space 21824K,   0% used [0x00000007a5560000, 0x00000007a5560000, 0x00000007a6ab0000)
 concurrent mark-sweep generation total 393216K, used 152101K [0x00000007a8000000, 0x00000007c0000000, 0x00000007c0000000)
 Metaspace       used 41562K, capacity 42394K, committed 42612K, reserved 1087488K
  class space    used 4705K, capacity 4920K, committed 4988K, reserved 1048576K
}
2016-10-23T22:35:54.121+0800: 2173.151: Total time for which application threads were stopped: 0.0174130 seconds, Stopping threads took: 0.0000661 seconds
{Heap before GC invocations=667 (full 12):
 par new generation   total 109248K, used 109248K [0x00000007a0000000, 0x00000007a8000000, 0x00000007a8000000)
  eden space 87424K, 100% used [0x00000007a0000000, 0x00000007a5560000, 0x00000007a5560000)
  from space 21824K, 100% used [0x00000007a6ab0000, 0x00000007a8000000, 0x00000007a8000000)
  to   space 21824K,   0% used [0x00000007a5560000, 0x00000007a5560000, 0x00000007a6ab0000)
 concurrent mark-sweep generation total 393216K, used 152101K [0x00000007a8000000, 0x00000007c0000000, 0x00000007c0000000)
 Metaspace       used 41562K, capacity 42394K, committed 42612K, reserved 1087488K
  class space    used 4705K, capacity 4920K, committed 4988K, reserved 1048576K
2016-10-23T22:35:54.254+0800: 2173.284: [GC (Allocation Failure) 2016-10-23T22:35:54.254+0800: 2173.284: [ParNew
Desired survivor size 20112992 bytes, new threshold 8 (max 8)
- age   1:    6230840 bytes,    6230840 total
- age   2:    2374104 bytes,    8604944 total
- age   3:    1951080 bytes,   10556024 total
- age   4:    1588488 bytes,   12144512 total
- age   5:     298808 bytes,   12443320 total
- age   6:    2858072 bytes,   15301392 total
- age   7:    3956904 bytes,   19258296 total
- age   8:    1500712 bytes,   20759008 total
: 109248K->21824K(109248K), 0.0145185 secs] 261349K->179411K(502464K), 0.0145941 secs] [Times: user=0.07 sys=0.00, real=0.01 secs] 
Heap after GC invocations=668 (full 12):
 par new generation   total 109248K, used 21824K [0x00000007a0000000, 0x00000007a8000000, 0x00000007a8000000)
  eden space 87424K,   0% used [0x00000007a0000000, 0x00000007a0000000, 0x00000007a5560000)
  from space 21824K, 100% used [0x00000007a5560000, 0x00000007a6ab0000, 0x00000007a6ab0000)
  to   space 21824K,   0% used [0x00000007a6ab0000, 0x00000007a6ab0000, 0x00000007a8000000)
 concurrent mark-sweep generation total 393216K, used 157587K [0x00000007a8000000, 0x00000007c0000000, 0x00000007c0000000)
 Metaspace       used 41562K, capacity 42394K, committed 42612K, reserved 1087488K
  class space    used 4705K, capacity 4920K, committed 4988K, reserved 1048576K
}
2016-10-23T22:35:54.269+0800: 2173.299: Total time for which application threads were stopped: 0.0148538 seconds, Stopping threads took: 0.0000824 seconds
{Heap before GC invocations=668 (full 12):
 par new generation   total 109248K, used 109248K [0x00000007a0000000, 0x00000007a8000000, 0x00000007a8000000)
  eden space 87424K, 100% used [0x00000007a0000000, 0x00000007a5560000, 0x00000007a5560000)
  from space 21824K, 100% used [0x00000007a5560000, 0x00000007a6ab0000, 0x00000007a6ab0000)
  to   space 21824K,   0% used [0x00000007a6ab0000, 0x00000007a6ab0000, 0x00000007a8000000)
 concurrent mark-sweep generation total 393216K, used 157587K [0x00000007a8000000, 0x00000007c0000000, 0x00000007c0000000)
 Metaspace       used 41562K, capacity 42394K, committed 42612K, reserved 1087488K
  class space    used 4705K, capacity 4920K, committed 4988K, reserved 1048576K
2016-10-23T22:35:54.401+0800: 2173.431: [GC (Allocation Failure) 2016-10-23T22:35:54.401+0800: 2173.431: [ParNew
Desired survivor size 20112992 bytes, new threshold 8 (max 8)
- age   1:    6560112 bytes,    6560112 total
- age   2:    3599072 bytes,   10159184 total
- age   3:    1992824 bytes,   12152008 total
- age   4:    1652992 bytes,   13805000 total
- age   5:    1473944 bytes,   15278944 total
- age   6:     282808 bytes,   15561752 total
- age   7:    2727888 bytes,   18289640 total
- age   8:    3941880 bytes,   22231520 total
: 109248K->21824K(109248K), 0.0150156 secs] 266835K->183210K(502464K), 0.0150735 secs] [Times: user=0.07 sys=0.00, real=0.01 secs] 
Heap after GC invocations=669 (full 12):
 par new generation   total 109248K, used 21824K [0x00000007a0000000, 0x00000007a8000000, 0x00000007a8000000)
  eden space 87424K,   0% used [0x00000007a0000000, 0x00000007a0000000, 0x00000007a5560000)
  from space 21824K, 100% used [0x00000007a6ab0000, 0x00000007a8000000, 0x00000007a8000000)
  to   space 21824K,   0% used [0x00000007a5560000, 0x00000007a5560000, 0x00000007a6ab0000)
 concurrent mark-sweep generation total 393216K, used 161386K [0x00000007a8000000, 0x00000007c0000000, 0x00000007c0000000)
 Metaspace       used 41562K, capacity 42394K, committed 42612K, reserved 1087488K
  class space    used 4705K, capacity 4920K, committed 4988K, reserved 1048576K
}
2016-10-23T22:35:54.416+0800: 2173.446: Total time for which application threads were stopped: 0.0153200 seconds, Stopping threads took: 0.0000661 seconds
{Heap before GC invocations=669 (full 12):
 par new generation   total 109248K, used 109248K [0x00000007a0000000, 0x00000007a8000000, 0x00000007a8000000)
  eden space 87424K, 100% used [0x00000007a0000000, 0x00000007a5560000, 0x00000007a5560000)
  from space 21824K, 100% used [0x00000007a6ab0000, 0x00000007a8000000, 0x00000007a8000000)
  to   space 21824K,   0% used [0x00000007a5560000, 0x00000007a5560000, 0x00000007a6ab0000)
 concurrent mark-sweep generation total 393216K, used 161386K [0x00000007a8000000, 0x00000007c0000000, 0x00000007c0000000)
 Metaspace       used 41562K, capacity 42394K, committed 42612K, reserved 1087488K
  class space    used 4705K, capacity 4920K, committed 4988K, reserved 1048576K
2016-10-23T22:35:54.565+0800: 2173.595: [GC (Allocation Failure) 2016-10-23T22:35:54.565+0800: 2173.595: [ParNew
Desired survivor size 20112992 bytes, new threshold 8 (max 8)
- age   1:    6432616 bytes,    6432616 total
- age   2:    3035192 bytes,    9467808 total
- age   3:    2726624 bytes,   12194432 total
- age   4:    1569264 bytes,   13763696 total
- age   5:    1263784 bytes,   15027480 total
- age   6:    1170504 bytes,   16197984 total
- age   7:     221808 bytes,   16419792 total
- age   8:    2539680 bytes,   18959472 total
: 109248K->21824K(109248K), 0.0116251 secs] 270634K->190540K(502464K), 0.0116822 secs] [Times: user=0.04 sys=0.00, real=0.01 secs] 
Heap after GC invocations=670 (full 12):
 par new generation   total 109248K, used 21824K [0x00000007a0000000, 0x00000007a8000000, 0x00000007a8000000)
  eden space 87424K,   0% used [0x00000007a0000000, 0x00000007a0000000, 0x00000007a5560000)
  from space 21824K, 100% used [0x00000007a5560000, 0x00000007a6ab0000, 0x00000007a6ab0000)
  to   space 21824K,   0% used [0x00000007a6ab0000, 0x00000007a6ab0000, 0x00000007a8000000)
 concurrent mark-sweep generation total 393216K, used 168716K [0x00000007a8000000, 0x00000007c0000000, 0x00000007c0000000)
 Metaspace       used 41562K, capacity 42394K, committed 42612K, reserved 1087488K
  class space    used 4705K, capacity 4920K, committed 4988K, reserved 1048576K
}
2016-10-23T22:35:54.577+0800: 2173.606: Total time for which application threads were stopped: 0.0119361 seconds, Stopping threads took: 0.0000695 seconds
{Heap before GC invocations=670 (full 12):
 par new generation   total 109248K, used 109248K [0x00000007a0000000, 0x00000007a8000000, 0x00000007a8000000)
  eden space 87424K, 100% used [0x00000007a0000000, 0x00000007a5560000, 0x00000007a5560000)
  from space 21824K, 100% used [0x00000007a5560000, 0x00000007a6ab0000, 0x00000007a6ab0000)
  to   space 21824K,   0% used [0x00000007a6ab0000, 0x00000007a6ab0000, 0x00000007a8000000)
 concurrent mark-sweep generation total 393216K, used 168716K [0x00000007a8000000, 0x00000007c0000000, 0x00000007c0000000)
 Metaspace       used 41562K, capacity 42394K, committed 42612K, reserved 1087488K
  class space    used 4705K, capacity 4920K, committed 4988K, reserved 1048576K
2016-10-23T22:35:54.657+0800: 2173.687: [GC (Allocation Failure) 2016-10-23T22:35:54.657+0800: 2173.687: [ParNew
Desired survivor size 20112992 bytes, new threshold 8 (max 8)
- age   1:    2322048 bytes,    2322048 total
- age   2:    6186128 bytes,    8508176 total
- age   3:    2986104 bytes,   11494280 total
- age   4:    2722432 bytes,   14216712 total
- age   5:    1520280 bytes,   15736992 total
- age   6:    1226808 bytes,   16963800 total
- age   7:    1067952 bytes,   18031752 total
- age   8:     221808 bytes,   18253560 total
: 109248K->21824K(109248K), 0.0101044 secs] 277964K->193025K(502464K), 0.0101585 secs] [Times: user=0.04 sys=0.00, real=0.01 secs] 
Heap after GC invocations=671 (full 12):
 par new generation   total 109248K, used 21824K [0x00000007a0000000, 0x00000007a8000000, 0x00000007a8000000)
  eden space 87424K,   0% used [0x00000007a0000000, 0x00000007a0000000, 0x00000007a5560000)
  from space 21824K, 100% used [0x00000007a6ab0000, 0x00000007a8000000, 0x00000007a8000000)
  to   space 21824K,   0% used [0x00000007a5560000, 0x00000007a5560000, 0x00000007a6ab0000)
 concurrent mark-sweep generation total 393216K, used 171201K [0x00000007a8000000, 0x00000007c0000000, 0x00000007c0000000)
 Metaspace       used 41562K, capacity 42394K, committed 42612K, reserved 1087488K
  class space    used 4705K, capacity 4920K, committed 4988K, reserved 1048576K
}
2016-10-23T22:35:54.667+0800: 2173.697: Total time for which application threads were stopped: 0.0103754 seconds, Stopping threads took: 0.0000198 seconds
{Heap before GC invocations=671 (full 12):
 par new generation   total 109248K, used 109248K [0x00000007a0000000, 0x00000007a8000000, 0x00000007a8000000)
  eden space 87424K, 100% used [0x00000007a0000000, 0x00000007a5560000, 0x00000007a5560000)
  from space 21824K, 100% used [0x00000007a6ab0000, 0x00000007a8000000, 0x00000007a8000000)
  to   space 21824K,   0% used [0x00000007a5560000, 0x00000007a5560000, 0x00000007a6ab0000)
 concurrent mark-sweep generation total 393216K, used 171201K [0x00000007a8000000, 0x00000007c0000000, 0x00000007c0000000)
 Metaspace       used 41563K, capacity 42394K, committed 42612K, reserved 1087488K
  class space    used 4705K, capacity 4920K, committed 4988K, reserved 1048576K
2016-10-23T22:35:54.717+0800: 2173.746: [GC (Allocation Failure) 2016-10-23T22:35:54.717+0800: 2173.746: [ParNew
Desired survivor size 20112992 bytes, new threshold 8 (max 8)
- age   1:    1361088 bytes,    1361088 total
- age   2:    1681544 bytes,    3042632 total
- age   3:    5765832 bytes,    8808464 total
- age   4:    2788360 bytes,   11596824 total
- age   5:    2497160 bytes,   14093984 total
- age   6:    1500336 bytes,   15594320 total
- age   7:    1211032 bytes,   16805352 total
- age   8:    1063776 bytes,   17869128 total
: 109248K->21824K(109248K), 0.0096129 secs] 280449K->193513K(502464K), 0.0096746 secs] [Times: user=0.03 sys=0.00, real=0.01 secs] 
Heap after GC invocations=672 (full 12):
 par new generation   total 109248K, used 21824K [0x00000007a0000000, 0x00000007a8000000, 0x00000007a8000000)
  eden space 87424K,   0% used [0x00000007a0000000, 0x00000007a0000000, 0x00000007a5560000)
  from space 21824K, 100% used [0x00000007a5560000, 0x00000007a6ab0000, 0x00000007a6ab0000)
  to   space 21824K,   0% used [0x00000007a6ab0000, 0x00000007a6ab0000, 0x00000007a8000000)
 concurrent mark-sweep generation total 393216K, used 171689K [0x00000007a8000000, 0x00000007c0000000, 0x00000007c0000000)
 Metaspace       used 41563K, capacity 42394K, committed 42612K, reserved 1087488K
  class space    used 4705K, capacity 4920K, committed 4988K, reserved 1048576K
}
2016-10-23T22:35:54.727+0800: 2173.756: Total time for which application threads were stopped: 0.0098736 seconds, Stopping threads took: 0.0000197 seconds
{Heap before GC invocations=672 (full 12):
 par new generation   total 109248K, used 109248K [0x00000007a0000000, 0x00000007a8000000, 0x00000007a8000000)
  eden space 87424K, 100% used [0x00000007a0000000, 0x00000007a5560000, 0x00000007a5560000)
  from space 21824K, 100% used [0x00000007a5560000, 0x00000007a6ab0000, 0x00000007a6ab0000)
  to   space 21824K,   0% used [0x00000007a6ab0000, 0x00000007a6ab0000, 0x00000007a8000000)
 concurrent mark-sweep generation total 393216K, used 171689K [0x00000007a8000000, 0x00000007c0000000, 0x00000007c0000000)
 Metaspace       used 41574K, capacity 42394K, committed 42612K, reserved 1087488K
  class space    used 4705K, capacity 4920K, committed 4988K, reserved 1048576K
2016-10-23T22:35:54.860+0800: 2173.890: [GC (Allocation Failure) 2016-10-23T22:35:54.860+0800: 2173.890: [ParNew
Desired survivor size 20112992 bytes, new threshold 8 (max 8)
- age   1:    5095920 bytes,    5095920 total
- age   2:     695472 bytes,    5791392 total
- age   3:    1182032 bytes,    6973424 total
- age   4:    5020624 bytes,   11994048 total
- age   5:    2649216 bytes,   14643264 total
- age   6:    2409032 bytes,   17052296 total
- age   7:    1492568 bytes,   18544864 total
- age   8:    1203168 bytes,   19748032 total
: 109248K->21824K(109248K), 0.0142553 secs] 280937K->196928K(502464K), 0.0143147 secs] [Times: user=0.06 sys=0.00, real=0.01 secs] 
Heap after GC invocations=673 (full 12):
 par new generation   total 109248K, used 21824K [0x00000007a0000000, 0x00000007a8000000, 0x00000007a8000000)
  eden space 87424K,   0% used [0x00000007a0000000, 0x00000007a0000000, 0x00000007a5560000)
  from space 21824K, 100% used [0x00000007a6ab0000, 0x00000007a8000000, 0x00000007a8000000)
  to   space 21824K,   0% used [0x00000007a5560000, 0x00000007a5560000, 0x00000007a6ab0000)
 concurrent mark-sweep generation total 393216K, used 175104K [0x00000007a8000000, 0x00000007c0000000, 0x00000007c0000000)
 Metaspace       used 41574K, capacity 42394K, committed 42612K, reserved 1087488K
  class space    used 4705K, capacity 4920K, committed 4988K, reserved 1048576K
}
2016-10-23T22:35:54.875+0800: 2173.904: Total time for which application threads were stopped: 0.0145621 seconds, Stopping threads took: 0.0000713 seconds
2016-10-23T22:35:54.915+0800: 2173.944: Total time for which application threads were stopped: 0.0002602 seconds, Stopping threads took: 0.0000969 seconds
{Heap before GC invocations=673 (full 12):
 par new generation   total 109248K, used 109248K [0x00000007a0000000, 0x00000007a8000000, 0x00000007a8000000)
  eden space 87424K, 100% used [0x00000007a0000000, 0x00000007a5560000, 0x00000007a5560000)
  from space 21824K, 100% used [0x00000007a6ab0000, 0x00000007a8000000, 0x00000007a8000000)
  to   space 21824K,   0% used [0x00000007a5560000, 0x00000007a5560000, 0x00000007a6ab0000)
 concurrent mark-sweep generation total 393216K, used 175104K [0x00000007a8000000, 0x00000007c0000000, 0x00000007c0000000)
 Metaspace       used 41596K, capacity 42464K, committed 42612K, reserved 1087488K
  class space    used 4706K, capacity 4921K, committed 4988K, reserved 1048576K
2016-10-23T22:35:55.020+0800: 2174.049: [GC (Allocation Failure) 2016-10-23T22:35:55.020+0800: 2174.050: [ParNew
Desired survivor size 20112992 bytes, new threshold 8 (max 8)
- age   1:    4734504 bytes,    4734504 total
- age   2:    3117832 bytes,    7852336 total
- age   3:     575096 bytes,    8427432 total
- age   4:    1009008 bytes,    9436440 total
- age   5:    4856336 bytes,   14292776 total
- age   6:    2641008 bytes,   16933784 total
- age   7:    2407472 bytes,   19341256 total
- age   8:    1491720 bytes,   20832976 total
: 109248K->21824K(109248K), 0.0143948 secs] 284352K->200534K(502464K), 0.0144583 secs] [Times: user=0.05 sys=0.00, real=0.01 secs] 
Heap after GC invocations=674 (full 12):
 par new generation   total 109248K, used 21824K [0x00000007a0000000, 0x00000007a8000000, 0x00000007a8000000)
  eden space 87424K,   0% used [0x00000007a0000000, 0x00000007a0000000, 0x00000007a5560000)
  from space 21824K, 100% used [0x00000007a5560000, 0x00000007a6ab0000, 0x00000007a6ab0000)
  to   space 21824K,   0% used [0x00000007a6ab0000, 0x00000007a6ab0000, 0x00000007a8000000)
 concurrent mark-sweep generation total 393216K, used 178710K [0x00000007a8000000, 0x00000007c0000000, 0x00000007c0000000)
 Metaspace       used 41596K, capacity 42464K, committed 42612K, reserved 1087488K
  class space    used 4706K, capacity 4921K, committed 4988K, reserved 1048576K
}
2016-10-23T22:35:55.034+0800: 2174.064: Total time for which application threads were stopped: 0.0147091 seconds, Stopping threads took: 0.0000719 seconds
{Heap before GC invocations=674 (full 12):
 par new generation   total 109248K, used 109248K [0x00000007a0000000, 0x00000007a8000000, 0x00000007a8000000)
  eden space 87424K, 100% used [0x00000007a0000000, 0x00000007a5560000, 0x00000007a5560000)
  from space 21824K, 100% used [0x00000007a5560000, 0x00000007a6ab0000, 0x00000007a6ab0000)
  to   space 21824K,   0% used [0x00000007a6ab0000, 0x00000007a6ab0000, 0x00000007a8000000)
 concurrent mark-sweep generation total 393216K, used 178710K [0x00000007a8000000, 0x00000007c0000000, 0x00000007c0000000)
 Metaspace       used 41596K, capacity 42464K, committed 42612K, reserved 1087488K
  class space    used 4706K, capacity 4921K, committed 4988K, reserved 1048576K
2016-10-23T22:35:55.174+0800: 2174.203: [GC (Allocation Failure) 2016-10-23T22:35:55.174+0800: 2174.203: [ParNew
Desired survivor size 20112992 bytes, new threshold 8 (max 8)
- age   1:    6720784 bytes,    6720784 total
- age   2:    2572304 bytes,    9293088 total
- age   3:    2182216 bytes,   11475304 total
- age   4:     461840 bytes,   11937144 total
- age   5:     822896 bytes,   12760040 total
- age   6:    4437056 bytes,   17197096 total
- age   7:    2640264 bytes,   19837360 total
- age   8:    2406656 bytes,   22244016 total
: 109248K->21824K(109248K), 0.0168745 secs] 287958K->205077K(502464K), 0.0169305 secs] [Times: user=0.06 sys=0.00, real=0.02 secs] 
Heap after GC invocations=675 (full 12):
 par new generation   total 109248K, used 21824K [0x00000007a0000000, 0x00000007a8000000, 0x00000007a8000000)
  eden space 87424K,   0% used [0x00000007a0000000, 0x00000007a0000000, 0x00000007a5560000)
  from space 21824K, 100% used [0x00000007a6ab0000, 0x00000007a8000000, 0x00000007a8000000)
  to   space 21824K,   0% used [0x00000007a5560000, 0x00000007a5560000, 0x00000007a6ab0000)
 concurrent mark-sweep generation total 393216K, used 183253K [0x00000007a8000000, 0x00000007c0000000, 0x00000007c0000000)
 Metaspace       used 41596K, capacity 42464K, committed 42612K, reserved 1087488K
  class space    used 4706K, capacity 4921K, committed 4988K, reserved 1048576K
}
2016-10-23T22:35:55.191+0800: 2174.220: Total time for which application threads were stopped: 0.0171503 seconds, Stopping threads took: 0.0000536 seconds
{Heap before GC invocations=675 (full 12):
 par new generation   total 109248K, used 109248K [0x00000007a0000000, 0x00000007a8000000, 0x00000007a8000000)
  eden space 87424K, 100% used [0x00000007a0000000, 0x00000007a5560000, 0x00000007a5560000)
  from space 21824K, 100% used [0x00000007a6ab0000, 0x00000007a8000000, 0x00000007a8000000)
  to   space 21824K,   0% used [0x00000007a5560000, 0x00000007a5560000, 0x00000007a6ab0000)
 concurrent mark-sweep generation total 393216K, used 183253K [0x00000007a8000000, 0x00000007c0000000, 0x00000007c0000000)
 Metaspace       used 41596K, capacity 42464K, committed 42612K, reserved 1087488K
  class space    used 4706K, capacity 4921K, committed 4988K, reserved 1048576K
2016-10-23T22:35:55.326+0800: 2174.356: [GC (Allocation Failure) 2016-10-23T22:35:55.326+0800: 2174.356: [ParNew
Desired survivor size 20112992 bytes, new threshold 8 (max 8)
- age   1:    6013616 bytes,    6013616 total
- age   2:    3539464 bytes,    9553080 total
- age   3:    2111256 bytes,   11664336 total
- age   4:    1724384 bytes,   13388720 total
- age   5:     449792 bytes,   13838512 total
- age   6:     791712 bytes,   14630224 total
- age   7:    3989680 bytes,   18619904 total
- age   8:    2531800 bytes,   21151704 total
: 109248K->21824K(109248K), 0.0137628 secs] 292501K->211404K(502464K), 0.0138230 secs] [Times: user=0.05 sys=0.01, real=0.02 secs] 
Heap after GC invocations=676 (full 12):
 par new generation   total 109248K, used 21824K [0x00000007a0000000, 0x00000007a8000000, 0x00000007a8000000)
  eden space 87424K,   0% used [0x00000007a0000000, 0x00000007a0000000, 0x00000007a5560000)
  from space 21824K, 100% used [0x00000007a5560000, 0x00000007a6ab0000, 0x00000007a6ab0000)
  to   space 21824K,   0% used [0x00000007a6ab0000, 0x00000007a6ab0000, 0x00000007a8000000)
 concurrent mark-sweep generation total 393216K, used 189580K [0x00000007a8000000, 0x00000007c0000000, 0x00000007c0000000)
 Metaspace       used 41596K, capacity 42464K, committed 42612K, reserved 1087488K
  class space    used 4706K, capacity 4921K, committed 4988K, reserved 1048576K
}
2016-10-23T22:35:55.340+0800: 2174.370: Total time for which application threads were stopped: 0.0141018 seconds, Stopping threads took: 0.0000922 seconds
{Heap before GC invocations=676 (full 12):
 par new generation   total 109248K, used 109248K [0x00000007a0000000, 0x00000007a8000000, 0x00000007a8000000)
  eden space 87424K, 100% used [0x00000007a0000000, 0x00000007a5560000, 0x00000007a5560000)
  from space 21824K, 100% used [0x00000007a5560000, 0x00000007a6ab0000, 0x00000007a6ab0000)
  to   space 21824K,   0% used [0x00000007a6ab0000, 0x00000007a6ab0000, 0x00000007a8000000)
 concurrent mark-sweep generation total 393216K, used 189580K [0x00000007a8000000, 0x00000007c0000000, 0x00000007c0000000)
 Metaspace       used 41596K, capacity 42464K, committed 42612K, reserved 1087488K
  class space    used 4706K, capacity 4921K, committed 4988K, reserved 1048576K
2016-10-23T22:35:55.479+0800: 2174.508: [GC (Allocation Failure) 2016-10-23T22:35:55.479+0800: 2174.508: [ParNew
Desired survivor size 20112992 bytes, new threshold 8 (max 8)
- age   1:    6000160 bytes,    6000160 total
- age   2:    3112648 bytes,    9112808 total
- age   3:    2701048 bytes,   11813856 total
- age   4:    1719656 bytes,   13533512 total
- age   5:    1493352 bytes,   15026864 total
- age   6:     406656 bytes,   15433520 total
- age   7:     720608 bytes,   16154128 total
- age   8:    3873976 bytes,   20028104 total
: 109248K->21824K(109248K), 0.0217724 secs] 298828K->217706K(502464K), 0.0218333 secs] [Times: user=0.08 sys=0.00, real=0.03 secs] 
Heap after GC invocations=677 (full 12):
 par new generation   total 109248K, used 21824K [0x00000007a0000000, 0x00000007a8000000, 0x00000007a8000000)
  eden space 87424K,   0% used [0x00000007a0000000, 0x00000007a0000000, 0x00000007a5560000)
  from space 21824K, 100% used [0x00000007a6ab0000, 0x00000007a8000000, 0x00000007a8000000)
  to   space 21824K,   0% used [0x00000007a5560000, 0x00000007a5560000, 0x00000007a6ab0000)
 concurrent mark-sweep generation total 393216K, used 195882K [0x00000007a8000000, 0x00000007c0000000, 0x00000007c0000000)
 Metaspace       used 41596K, capacity 42464K, committed 42612K, reserved 1087488K
  class space    used 4706K, capacity 4921K, committed 4988K, reserved 1048576K
}
2016-10-23T22:35:55.500+0800: 2174.530: Total time for which application threads were stopped: 0.0220540 seconds, Stopping threads took: 0.0000351 seconds
2016-10-23T22:35:55.507+0800: 2174.536: Total time for which application threads were stopped: 0.0001791 seconds, Stopping threads took: 0.0000887 seconds
{Heap before GC invocations=677 (full 12):
 par new generation   total 109248K, used 109248K [0x00000007a0000000, 0x00000007a8000000, 0x00000007a8000000)
  eden space 87424K, 100% used [0x00000007a0000000, 0x00000007a5560000, 0x00000007a5560000)
  from space 21824K, 100% used [0x00000007a6ab0000, 0x00000007a8000000, 0x00000007a8000000)
  to   space 21824K,   0% used [0x00000007a5560000, 0x00000007a5560000, 0x00000007a6ab0000)
 concurrent mark-sweep generation total 393216K, used 195882K [0x00000007a8000000, 0x00000007c0000000, 0x00000007c0000000)
 Metaspace       used 41611K, capacity 42464K, committed 42612K, reserved 1087488K
  class space    used 4706K, capacity 4921K, committed 4988K, reserved 1048576K
2016-10-23T22:35:55.667+0800: 2174.696: [GC (Allocation Failure) 2016-10-23T22:35:55.667+0800: 2174.696: [ParNew
Desired survivor size 20112992 bytes, new threshold 8 (max 8)
- age   1:    4356760 bytes,    4356760 total
- age   2:    5626112 bytes,    9982872 total
- age   3:    2824920 bytes,   12807792 total
- age   4:    2469600 bytes,   15277392 total
- age   5:    1501792 bytes,   16779184 total
- age   6:    1316960 bytes,   18096144 total
- age   7:     360472 bytes,   18456616 total
- age   8:     646256 bytes,   19102872 total
: 109248K->21824K(109248K), 0.0139312 secs] 305130K->221617K(502464K), 0.0139823 secs] [Times: user=0.06 sys=0.00, real=0.02 secs] 
Heap after GC invocations=678 (full 12):
 par new generation   total 109248K, used 21824K [0x00000007a0000000, 0x00000007a8000000, 0x00000007a8000000)
  eden space 87424K,   0% used [0x00000007a0000000, 0x00000007a0000000, 0x00000007a5560000)
  from space 21824K, 100% used [0x00000007a5560000, 0x00000007a6ab0000, 0x00000007a6ab0000)
  to   space 21824K,   0% used [0x00000007a6ab0000, 0x00000007a6ab0000, 0x00000007a8000000)
 concurrent mark-sweep generation total 393216K, used 199793K [0x00000007a8000000, 0x00000007c0000000, 0x00000007c0000000)
 Metaspace       used 41611K, capacity 42464K, committed 42612K, reserved 1087488K
  class space    used 4706K, capacity 4921K, committed 4988K, reserved 1048576K
}
2016-10-23T22:35:55.681+0800: 2174.710: Total time for which application threads were stopped: 0.0142858 seconds, Stopping threads took: 0.0000536 seconds
2016-10-23T22:35:55.681+0800: 2174.710: [GC (CMS Initial Mark) [1 CMS-initial-mark: 199793K(393216K)] 221913K(502464K), 0.0047445 secs] [Times: user=0.01 sys=0.00, real=0.00 secs] 
2016-10-23T22:35:55.686+0800: 2174.715: Total time for which application threads were stopped: 0.0049211 seconds, Stopping threads took: 0.0000599 seconds
2016-10-23T22:35:55.686+0800: 2174.715: [CMS-concurrent-mark-start]
2016-10-23T22:35:55.702+0800: 2174.732: [CMS-concurrent-mark: 0.017/0.017 secs] [Times: user=0.11 sys=0.00, real=0.02 secs] 
2016-10-23T22:35:55.703+0800: 2174.732: [CMS-concurrent-preclean-start]
2016-10-23T22:35:55.704+0800: 2174.733: [CMS-concurrent-preclean: 0.001/0.001 secs] [Times: user=0.00 sys=0.00, real=0.00 secs] 
2016-10-23T22:35:55.704+0800: 2174.733: [CMS-concurrent-abortable-preclean-start]
{Heap before GC invocations=678 (full 13):
 par new generation   total 109248K, used 109248K [0x00000007a0000000, 0x00000007a8000000, 0x00000007a8000000)
  eden space 87424K, 100% used [0x00000007a0000000, 0x00000007a5560000, 0x00000007a5560000)
  from space 21824K, 100% used [0x00000007a5560000, 0x00000007a6ab0000, 0x00000007a6ab0000)
  to   space 21824K,   0% used [0x00000007a6ab0000, 0x00000007a6ab0000, 0x00000007a8000000)
 concurrent mark-sweep generation total 393216K, used 199793K [0x00000007a8000000, 0x00000007c0000000, 0x00000007c0000000)
 Metaspace       used 41611K, capacity 42464K, committed 42612K, reserved 1087488K
  class space    used 4706K, capacity 4921K, committed 4988K, reserved 1048576K
2016-10-23T22:35:55.733+0800: 2174.763: [GC (Allocation Failure) 2016-10-23T22:35:55.733+0800: 2174.763: [ParNew
Desired survivor size 20112992 bytes, new threshold 8 (max 8)
- age   1:    1534784 bytes,    1534784 total
- age   2:    3567336 bytes,    5102120 total
- age   3:    5416328 bytes,   10518448 total
- age   4:    2798136 bytes,   13316584 total
- age   5:    2460136 bytes,   15776720 total
- age   6:    1499360 bytes,   17276080 total
- age   7:    1316616 bytes,   18592696 total
- age   8:     360176 bytes,   18952872 total
: 109248K->21824K(109248K), 0.0134870 secs] 309041K->222562K(502464K), 0.0135366 secs] [Times: user=0.05 sys=0.00, real=0.01 secs] 
Heap after GC invocations=679 (full 13):
 par new generation   total 109248K, used 21824K [0x00000007a0000000, 0x00000007a8000000, 0x00000007a8000000)
  eden space 87424K,   0% used [0x00000007a0000000, 0x00000007a0000000, 0x00000007a5560000)
  from space 21824K, 100% used [0x00000007a6ab0000, 0x00000007a8000000, 0x00000007a8000000)
  to   space 21824K,   0% used [0x00000007a5560000, 0x00000007a5560000, 0x00000007a6ab0000)
 concurrent mark-sweep generation total 393216K, used 200738K [0x00000007a8000000, 0x00000007c0000000, 0x00000007c0000000)
 Metaspace       used 41611K, capacity 42464K, committed 42612K, reserved 1087488K
  class space    used 4706K, capacity 4921K, committed 4988K, reserved 1048576K
}
2016-10-23T22:35:55.747+0800: 2174.777: Total time for which application threads were stopped: 0.0137473 seconds, Stopping threads took: 0.0000453 seconds
2016-10-23T22:35:55.835+0800: 2174.865: [CMS-concurrent-abortable-preclean: 0.117/0.131 secs] [Times: user=0.44 sys=0.01, real=0.13 secs] 
2016-10-23T22:35:55.835+0800: 2174.865: [GC (CMS Final Remark) [YG occupancy: 91311 K (109248 K)]{Heap before GC invocations=679 (full 13):
 par new generation   total 109248K, used 91311K [0x00000007a0000000, 0x00000007a8000000, 0x00000007a8000000)
  eden space 87424K,  79% used [0x00000007a0000000, 0x00000007a43dbec0, 0x00000007a5560000)
  from space 21824K, 100% used [0x00000007a6ab0000, 0x00000007a8000000, 0x00000007a8000000)
  to   space 21824K,   0% used [0x00000007a5560000, 0x00000007a5560000, 0x00000007a6ab0000)
 concurrent mark-sweep generation total 393216K, used 200738K [0x00000007a8000000, 0x00000007c0000000, 0x00000007c0000000)
 Metaspace       used 41611K, capacity 42464K, committed 42612K, reserved 1087488K
  class space    used 4706K, capacity 4921K, committed 4988K, reserved 1048576K
2016-10-23T22:35:55.835+0800: 2174.865: [GC (CMS Final Remark) 2016-10-23T22:35:55.835+0800: 2174.865: [ParNew
Desired survivor size 20112992 bytes, new threshold 8 (max 8)
- age   1:    2847472 bytes,    2847472 total
- age   2:     696200 bytes,    3543672 total
- age   3:    3072080 bytes,    6615752 total
- age   4:    4950056 bytes,   11565808 total
- age   5:    2493976 bytes,   14059784 total
- age   6:    2175016 bytes,   16234800 total
- age   7:    1240184 bytes,   17474984 total
- age   8:    1229720 bytes,   18704704 total
: 91311K->21824K(109248K), 0.0123978 secs] 292050K->223442K(502464K), 0.0124479 secs] [Times: user=0.04 sys=0.00, real=0.01 secs] 
Heap after GC invocations=680 (full 13):
 par new generation   total 109248K, used 21824K [0x00000007a0000000, 0x00000007a8000000, 0x00000007a8000000)
  eden space 87424K,   0% used [0x00000007a0000000, 0x00000007a0000000, 0x00000007a5560000)
  from space 21824K, 100% used [0x00000007a5560000, 0x00000007a6ab0000, 0x00000007a6ab0000)
  to   space 21824K,   0% used [0x00000007a6ab0000, 0x00000007a6ab0000, 0x00000007a8000000)
 concurrent mark-sweep generation total 393216K, used 201618K [0x00000007a8000000, 0x00000007c0000000, 0x00000007c0000000)
 Metaspace       used 41611K, capacity 42464K, committed 42612K, reserved 1087488K
  class space    used 4706K, capacity 4921K, committed 4988K, reserved 1048576K
}
2016-10-23T22:35:55.848+0800: 2174.877: [Rescan (parallel) , 0.0043838 secs]2016-10-23T22:35:55.852+0800: 2174.882: [weak refs processing, 0.0010057 secs]2016-10-23T22:35:55.853+0800: 2174.883: [class unloading, 0.0106094 secs]2016-10-23T22:35:55.864+0800: 2174.893: [scrub symbol table, 0.0064540 secs]2016-10-23T22:35:55.870+0800: 2174.900: [scrub string table, 0.0005674 secs][1 CMS-remark: 201618K(393216K)] 223442K(502464K), 0.0357211 secs] [Times: user=0.08 sys=0.00, real=0.04 secs] 
2016-10-23T22:35:55.871+0800: 2174.901: Total time for which application threads were stopped: 0.0359245 seconds, Stopping threads took: 0.0000817 seconds
2016-10-23T22:35:55.871+0800: 2174.901: [CMS-concurrent-sweep-start]
2016-10-23T22:35:55.962+0800: 2174.991: [CMS-concurrent-sweep: 0.091/0.091 secs] [Times: user=0.27 sys=0.00, real=0.09 secs] 
2016-10-23T22:35:55.962+0800: 2174.992: [CMS-concurrent-reset-start]
2016-10-23T22:35:55.962+0800: 2174.992: [CMS-concurrent-reset: 0.000/0.000 secs] [Times: user=0.00 sys=0.00, real=0.00 secs] 
{Heap before GC invocations=680 (full 13):
 par new generation   total 109248K, used 109248K [0x00000007a0000000, 0x00000007a8000000, 0x00000007a8000000)
  eden space 87424K, 100% used [0x00000007a0000000, 0x00000007a5560000, 0x00000007a5560000)
  from space 21824K, 100% used [0x00000007a5560000, 0x00000007a6ab0000, 0x00000007a6ab0000)
  to   space 21824K,   0% used [0x00000007a6ab0000, 0x00000007a6ab0000, 0x00000007a8000000)
 concurrent mark-sweep generation total 393216K, used 45373K [0x00000007a8000000, 0x00000007c0000000, 0x00000007c0000000)
 Metaspace       used 41611K, capacity 42464K, committed 42612K, reserved 1087488K
  class space    used 4706K, capacity 4921K, committed 4988K, reserved 1048576K
2016-10-23T22:35:56.007+0800: 2175.036: [GC (Allocation Failure) 2016-10-23T22:35:56.007+0800: 2175.036: [ParNew
Desired survivor size 20112992 bytes, new threshold 8 (max 8)
- age   1:    4856760 bytes,    4856760 total
- age   2:    1387344 bytes,    6244104 total
- age   3:     351040 bytes,    6595144 total
- age   4:    1959688 bytes,    8554832 total
- age   5:    4412064 bytes,   12966896 total
- age   6:    2087824 bytes,   15054720 total
- age   7:    2024280 bytes,   17079000 total
- age   8:    1111584 bytes,   18190584 total
: 109248K->21824K(109248K), 0.0135908 secs] 154621K->72030K(502464K), 0.0136448 secs] [Times: user=0.05 sys=0.01, real=0.02 secs] 
Heap after GC invocations=681 (full 13):
 par new generation   total 109248K, used 21824K [0x00000007a0000000, 0x00000007a8000000, 0x00000007a8000000)
  eden space 87424K,   0% used [0x00000007a0000000, 0x00000007a0000000, 0x00000007a5560000)
  from space 21824K, 100% used [0x00000007a6ab0000, 0x00000007a8000000, 0x00000007a8000000)
  to   space 21824K,   0% used [0x00000007a5560000, 0x00000007a5560000, 0x00000007a6ab0000)
 concurrent mark-sweep generation total 393216K, used 50206K [0x00000007a8000000, 0x00000007c0000000, 0x00000007c0000000)
 Metaspace       used 41611K, capacity 42464K, committed 42612K, reserved 1087488K
  class space    used 4706K, capacity 4921K, committed 4988K, reserved 1048576K
}
2016-10-23T22:35:56.020+0800: 2175.050: Total time for which application threads were stopped: 0.0139093 seconds, Stopping threads took: 0.0000484 seconds
{Heap before GC invocations=681 (full 13):
 par new generation   total 109248K, used 109248K [0x00000007a0000000, 0x00000007a8000000, 0x00000007a8000000)
  eden space 87424K, 100% used [0x00000007a0000000, 0x00000007a5560000, 0x00000007a5560000)
  from space 21824K, 100% used [0x00000007a6ab0000, 0x00000007a8000000, 0x00000007a8000000)
  to   space 21824K,   0% used [0x00000007a5560000, 0x00000007a5560000, 0x00000007a6ab0000)
 concurrent mark-sweep generation total 393216K, used 50206K [0x00000007a8000000, 0x00000007c0000000, 0x00000007c0000000)
 Metaspace       used 41611K, capacity 42464K, committed 42612K, reserved 1087488K
  class space    used 4706K, capacity 4921K, committed 4988K, reserved 1048576K
2016-10-23T22:35:56.155+0800: 2175.184: [GC (Allocation Failure) 2016-10-23T22:35:56.155+0800: 2175.184: [ParNew
Desired survivor size 20112992 bytes, new threshold 8 (max 8)
- age   1:    5272912 bytes,    5272912 total
- age   2:    3903952 bytes,    9176864 total
- age   3:    1229944 bytes,   10406808 total
- age   4:     285728 bytes,   10692536 total
- age   5:    1653216 bytes,   12345752 total
- age   6:    3879504 bytes,   16225256 total
- age   7:    1952760 bytes,   18178016 total
- age   8:    1911784 bytes,   20089800 total
: 109248K->21824K(109248K), 0.0137421 secs] 159454K->75731K(502464K), 0.0138102 secs] [Times: user=0.05 sys=0.00, real=0.01 secs] 
Heap after GC invocations=682 (full 13):
 par new generation   total 109248K, used 21824K [0x00000007a0000000, 0x00000007a8000000, 0x00000007a8000000)
  eden space 87424K,   0% used [0x00000007a0000000, 0x00000007a0000000, 0x00000007a5560000)
  from space 21824K, 100% used [0x00000007a5560000, 0x00000007a6ab0000, 0x00000007a6ab0000)
  to   space 21824K,   0% used [0x00000007a6ab0000, 0x00000007a6ab0000, 0x00000007a8000000)
 concurrent mark-sweep generation total 393216K, used 53907K [0x00000007a8000000, 0x00000007c0000000, 0x00000007c0000000)
 Metaspace       used 41611K, capacity 42464K, committed 42612K, reserved 1087488K
  class space    used 4706K, capacity 4921K, committed 4988K, reserved 1048576K
}
2016-10-23T22:35:56.169+0800: 2175.198: Total time for which application threads were stopped: 0.0140418 seconds, Stopping threads took: 0.0000402 seconds
{Heap before GC invocations=682 (full 13):
 par new generation   total 109248K, used 109248K [0x00000007a0000000, 0x00000007a8000000, 0x00000007a8000000)
  eden space 87424K, 100% used [0x00000007a0000000, 0x00000007a5560000, 0x00000007a5560000)
  from space 21824K, 100% used [0x00000007a5560000, 0x00000007a6ab0000, 0x00000007a6ab0000)
  to   space 21824K,   0% used [0x00000007a6ab0000, 0x00000007a6ab0000, 0x00000007a8000000)
 concurrent mark-sweep generation total 393216K, used 53907K [0x00000007a8000000, 0x00000007c0000000, 0x00000007c0000000)
 Metaspace       used 41611K, capacity 42464K, committed 42612K, reserved 1087488K
  class space    used 4706K, capacity 4921K, committed 4988K, reserved 1048576K
2016-10-23T22:35:56.303+0800: 2175.333: [GC (Allocation Failure) 2016-10-23T22:35:56.303+0800: 2175.333: [ParNew
Desired survivor size 20112992 bytes, new threshold 8 (max 8)
- age   1:    6233384 bytes,    6233384 total
- age   2:    3345808 bytes,    9579192 total
- age   3:    2711344 bytes,   12290536 total
- age   4:    1066240 bytes,   13356776 total
- age   5:     240000 bytes,   13596776 total
- age   6:    1438760 bytes,   15035536 total
- age   7:    3659560 bytes,   18695096 total
- age   8:    1925728 bytes,   20620824 total
: 109248K->21824K(109248K), 0.0168184 secs] 163155K->81758K(502464K), 0.0168873 secs] [Times: user=0.06 sys=0.00, real=0.02 secs] 
Heap after GC invocations=683 (full 13):
 par new generation   total 109248K, used 21824K [0x00000007a0000000, 0x00000007a8000000, 0x00000007a8000000)
  eden space 87424K,   0% used [0x00000007a0000000, 0x00000007a0000000, 0x00000007a5560000)
  from space 21824K, 100% used [0x00000007a6ab0000, 0x00000007a8000000, 0x00000007a8000000)
  to   space 21824K,   0% used [0x00000007a5560000, 0x00000007a5560000, 0x00000007a6ab0000)
 concurrent mark-sweep generation total 393216K, used 59934K [0x00000007a8000000, 0x00000007c0000000, 0x00000007c0000000)
 Metaspace       used 41611K, capacity 42464K, committed 42612K, reserved 1087488K
  class space    used 4706K, capacity 4921K, committed 4988K, reserved 1048576K
}
2016-10-23T22:35:56.320+0800: 2175.350: Total time for which application threads were stopped: 0.0171664 seconds, Stopping threads took: 0.0001053 seconds
{Heap before GC invocations=683 (full 13):
 par new generation   total 109248K, used 109248K [0x00000007a0000000, 0x00000007a8000000, 0x00000007a8000000)
  eden space 87424K, 100% used [0x00000007a0000000, 0x00000007a5560000, 0x00000007a5560000)
  from space 21824K, 100% used [0x00000007a6ab0000, 0x00000007a8000000, 0x00000007a8000000)
  to   space 21824K,   0% used [0x00000007a5560000, 0x00000007a5560000, 0x00000007a6ab0000)
 concurrent mark-sweep generation total 393216K, used 59934K [0x00000007a8000000, 0x00000007c0000000, 0x00000007c0000000)
 Metaspace       used 41611K, capacity 42464K, committed 42612K, reserved 1087488K
  class space    used 4706K, capacity 4921K, committed 4988K, reserved 1048576K
2016-10-23T22:35:56.459+0800: 2175.488: [GC (Allocation Failure) 2016-10-23T22:35:56.459+0800: 2175.488: [ParNew
Desired survivor size 20112992 bytes, new threshold 8 (max 8)
- age   1:    5885760 bytes,    5885760 total
- age   2:    4222288 bytes,   10108048 total
- age   3:    3079440 bytes,   13187488 total
- age   4:    2661168 bytes,   15848656 total
- age   5:    1062640 bytes,   16911296 total
- age   6:     237840 bytes,   17149136 total
- age   7:    1372240 bytes,   18521376 total
- age   8:    2443640 bytes,   20965016 total
: 109248K->21824K(109248K), 0.0173331 secs] 169182K->86805K(502464K), 0.0173816 secs] [Times: user=0.06 sys=0.00, real=0.02 secs] 
Heap after GC invocations=684 (full 13):
 par new generation   total 109248K, used 21824K [0x00000007a0000000, 0x00000007a8000000, 0x00000007a8000000)
  eden space 87424K,   0% used [0x00000007a0000000, 0x00000007a0000000, 0x00000007a5560000)
  from space 21824K, 100% used [0x00000007a5560000, 0x00000007a6ab0000, 0x00000007a6ab0000)
  to   space 21824K,   0% used [0x00000007a6ab0000, 0x00000007a6ab0000, 0x00000007a8000000)
 concurrent mark-sweep generation total 393216K, used 64981K [0x00000007a8000000, 0x00000007c0000000, 0x00000007c0000000)
 Metaspace       used 41611K, capacity 42464K, committed 42612K, reserved 1087488K
  class space    used 4706K, capacity 4921K, committed 4988K, reserved 1048576K
}
2016-10-23T22:35:56.476+0800: 2175.506: Total time for which application threads were stopped: 0.0176331 seconds, Stopping threads took: 0.0000774 seconds
{Heap before GC invocations=684 (full 13):
 par new generation   total 109248K, used 109248K [0x00000007a0000000, 0x00000007a8000000, 0x00000007a8000000)
  eden space 87424K, 100% used [0x00000007a0000000, 0x00000007a5560000, 0x00000007a5560000)
  from space 21824K, 100% used [0x00000007a5560000, 0x00000007a6ab0000, 0x00000007a6ab0000)
  to   space 21824K,   0% used [0x00000007a6ab0000, 0x00000007a6ab0000, 0x00000007a8000000)
 concurrent mark-sweep generation total 393216K, used 64981K [0x00000007a8000000, 0x00000007c0000000, 0x00000007c0000000)
 Metaspace       used 41611K, capacity 42464K, committed 42612K, reserved 1087488K
  class space    used 4706K, capacity 4921K, committed 4988K, reserved 1048576K
2016-10-23T22:35:56.633+0800: 2175.663: [GC (Allocation Failure) 2016-10-23T22:35:56.634+0800: 2175.663: [ParNew
Desired survivor size 20112992 bytes, new threshold 8 (max 8)
- age   1:    4515120 bytes,    4515120 total
- age   2:    4731240 bytes,    9246360 total
- age   3:    3786536 bytes,   13032896 total
- age   4:    2708912 bytes,   15741808 total
- age   5:    2292464 bytes,   18034272 total
- age   6:     930216 bytes,   18964488 total
- age   7:     192864 bytes,   19157352 total
- age   8:    1027440 bytes,   20184792 total
: 109248K->21824K(109248K), 0.0156648 secs] 174229K->90465K(502464K), 0.0157389 secs] [Times: user=0.06 sys=0.00, real=0.01 secs] 
Heap after GC invocations=685 (full 13):
 par new generation   total 109248K, used 21824K [0x00000007a0000000, 0x00000007a8000000, 0x00000007a8000000)
  eden space 87424K,   0% used [0x00000007a0000000, 0x00000007a0000000, 0x00000007a5560000)
  from space 21824K, 100% used [0x00000007a6ab0000, 0x00000007a8000000, 0x00000007a8000000)
  to   space 21824K,   0% used [0x00000007a5560000, 0x00000007a5560000, 0x00000007a6ab0000)
 concurrent mark-sweep generation total 393216K, used 68641K [0x00000007a8000000, 0x00000007c0000000, 0x00000007c0000000)
 Metaspace       used 41611K, capacity 42464K, committed 42612K, reserved 1087488K
  class space    used 4706K, capacity 4921K, committed 4988K, reserved 1048576K
}
2016-10-23T22:35:56.649+0800: 2175.679: Total time for which application threads were stopped: 0.0159937 seconds, Stopping threads took: 0.0000633 seconds
{Heap before GC invocations=685 (full 13):
 par new generation   total 109248K, used 109248K [0x00000007a0000000, 0x00000007a8000000, 0x00000007a8000000)
  eden space 87424K, 100% used [0x00000007a0000000, 0x00000007a5560000, 0x00000007a5560000)
  from space 21824K, 100% used [0x00000007a6ab0000, 0x00000007a8000000, 0x00000007a8000000)
  to   space 21824K,   0% used [0x00000007a5560000, 0x00000007a5560000, 0x00000007a6ab0000)
 concurrent mark-sweep generation total 393216K, used 68641K [0x00000007a8000000, 0x00000007c0000000, 0x00000007c0000000)
 Metaspace       used 41611K, capacity 42464K, committed 42612K, reserved 1087488K
  class space    used 4706K, capacity 4921K, committed 4988K, reserved 1048576K
2016-10-23T22:35:56.688+0800: 2175.718: [GC (Allocation Failure) 2016-10-23T22:35:56.688+0800: 2175.718: [ParNew
Desired survivor size 20112992 bytes, new threshold 8 (max 8)
- age   1:    1436544 bytes,    1436544 total
- age   2:    4128728 bytes,    5565272 total
- age   3:    4731264 bytes,   10296536 total
- age   4:    3786536 bytes,   14083072 total
- age   5:    2708912 bytes,   16791984 total
- age   6:    2292464 bytes,   19084448 total
- age   7:     930216 bytes,   20014664 total
- age   8:     192864 bytes,   20207528 total
: 109248K->21824K(109248K), 0.0112345 secs] 177889K->91478K(502464K), 0.0112872 secs] [Times: user=0.04 sys=0.00, real=0.02 secs] 
Heap after GC invocations=686 (full 13):
 par new generation   total 109248K, used 21824K [0x00000007a0000000, 0x00000007a8000000, 0x00000007a8000000)
  eden space 87424K,   0% used [0x00000007a0000000, 0x00000007a0000000, 0x00000007a5560000)
  from space 21824K, 100% used [0x00000007a5560000, 0x00000007a6ab0000, 0x00000007a6ab0000)
  to   space 21824K,   0% used [0x00000007a6ab0000, 0x00000007a6ab0000, 0x00000007a8000000)
 concurrent mark-sweep generation total 393216K, used 69654K [0x00000007a8000000, 0x00000007c0000000, 0x00000007c0000000)
 Metaspace       used 41611K, capacity 42464K, committed 42612K, reserved 1087488K
  class space    used 4706K, capacity 4921K, committed 4988K, reserved 1048576K
}
2016-10-23T22:35:56.700+0800: 2175.729: Total time for which application threads were stopped: 0.0115357 seconds, Stopping threads took: 0.0000753 seconds
2016-10-23T22:35:56.753+0800: 2175.783: Total time for which application threads were stopped: 0.0001879 seconds, Stopping threads took: 0.0000818 seconds
{Heap before GC invocations=686 (full 13):
 par new generation   total 109248K, used 109248K [0x00000007a0000000, 0x00000007a8000000, 0x00000007a8000000)
  eden space 87424K, 100% used [0x00000007a0000000, 0x00000007a5560000, 0x00000007a5560000)
  from space 21824K, 100% used [0x00000007a5560000, 0x00000007a6ab0000, 0x00000007a6ab0000)
  to   space 21824K,   0% used [0x00000007a6ab0000, 0x00000007a6ab0000, 0x00000007a8000000)
 concurrent mark-sweep generation total 393216K, used 69654K [0x00000007a8000000, 0x00000007c0000000, 0x00000007c0000000)
 Metaspace       used 41613K, capacity 42464K, committed 42612K, reserved 1087488K
  class space    used 4706K, capacity 4921K, committed 4988K, reserved 1048576K
2016-10-23T22:35:56.789+0800: 2175.819: [GC (Allocation Failure) 2016-10-23T22:35:56.789+0800: 2175.819: [ParNew
Desired survivor size 20112992 bytes, new threshold 8 (max 8)
- age   1:    3981256 bytes,    3981256 total
- age   2:     712160 bytes,    4693416 total
- age   3:    3667016 bytes,    8360432 total
- age   4:    4119264 bytes,   12479696 total
- age   5:    3340376 bytes,   15820072 total
- age   6:    2265480 bytes,   18085552 total
- age   7:    1871064 bytes,   19956616 total
- age   8:     825360 bytes,   20781976 total
: 109248K->21824K(109248K), 0.0103537 secs] 178902K->91912K(502464K), 0.0104111 secs] [Times: user=0.04 sys=0.00, real=0.02 secs] 
Heap after GC invocations=687 (full 13):
 par new generation   total 109248K, used 21824K [0x00000007a0000000, 0x00000007a8000000, 0x00000007a8000000)
  eden space 87424K,   0% used [0x00000007a0000000, 0x00000007a0000000, 0x00000007a5560000)
  from space 21824K, 100% used [0x00000007a6ab0000, 0x00000007a8000000, 0x00000007a8000000)
  to   space 21824K,   0% used [0x00000007a5560000, 0x00000007a5560000, 0x00000007a6ab0000)
 concurrent mark-sweep generation total 393216K, used 70088K [0x00000007a8000000, 0x00000007c0000000, 0x00000007c0000000)
 Metaspace       used 41613K, capacity 42464K, committed 42612K, reserved 1087488K
  class space    used 4706K, capacity 4921K, committed 4988K, reserved 1048576K
}
2016-10-23T22:35:56.800+0800: 2175.829: Total time for which application threads were stopped: 0.0106787 seconds, Stopping threads took: 0.0000645 seconds
{Heap before GC invocations=687 (full 13):
 par new generation   total 109248K, used 109248K [0x00000007a0000000, 0x00000007a8000000, 0x00000007a8000000)
  eden space 87424K, 100% used [0x00000007a0000000, 0x00000007a5560000, 0x00000007a5560000)
  from space 21824K, 100% used [0x00000007a6ab0000, 0x00000007a8000000, 0x00000007a8000000)
  to   space 21824K,   0% used [0x00000007a5560000, 0x00000007a5560000, 0x00000007a6ab0000)
 concurrent mark-sweep generation total 393216K, used 70088K [0x00000007a8000000, 0x00000007c0000000, 0x00000007c0000000)
 Metaspace       used 41613K, capacity 42464K, committed 42612K, reserved 1087488K
  class space    used 4706K, capacity 4921K, committed 4988K, reserved 1048576K
2016-10-23T22:35:56.843+0800: 2175.873: [GC (Allocation Failure) 2016-10-23T22:35:56.843+0800: 2175.873: [ParNew
Desired survivor size 20112992 bytes, new threshold 8 (max 8)
- age   1:    2262776 bytes,    2262776 total
- age   2:    3090880 bytes,    5353656 total
- age   3:     712160 bytes,    6065816 total
- age   4:    3588168 bytes,    9653984 total
- age   5:    3996592 bytes,   13650576 total
- age   6:    3279960 bytes,   16930536 total
- age   7:    2208800 bytes,   19139336 total
- age   8:    1815968 bytes,   20955304 total
: 109248K->21824K(109248K), 0.0116929 secs] 179336K->93085K(502464K), 0.0117670 secs] [Times: user=0.05 sys=0.00, real=0.01 secs] 
Heap after GC invocations=688 (full 13):
 par new generation   total 109248K, used 21824K [0x00000007a0000000, 0x00000007a8000000, 0x00000007a8000000)
  eden space 87424K,   0% used [0x00000007a0000000, 0x00000007a0000000, 0x00000007a5560000)
  from space 21824K, 100% used [0x00000007a5560000, 0x00000007a6ab0000, 0x00000007a6ab0000)
  to   space 21824K,   0% used [0x00000007a6ab0000, 0x00000007a6ab0000, 0x00000007a8000000)
 concurrent mark-sweep generation total 393216K, used 71261K [0x00000007a8000000, 0x00000007c0000000, 0x00000007c0000000)
 Metaspace       used 41613K, capacity 42464K, committed 42612K, reserved 1087488K
  class space    used 4706K, capacity 4921K, committed 4988K, reserved 1048576K
}
2016-10-23T22:35:56.855+0800: 2175.885: Total time for which application threads were stopped: 0.0120795 seconds, Stopping threads took: 0.0000765 seconds
{Heap before GC invocations=688 (full 13):
 par new generation   total 109248K, used 109248K [0x00000007a0000000, 0x00000007a8000000, 0x00000007a8000000)
  eden space 87424K, 100% used [0x00000007a0000000, 0x00000007a5560000, 0x00000007a5560000)
  from space 21824K, 100% used [0x00000007a5560000, 0x00000007a6ab0000, 0x00000007a6ab0000)
  to   space 21824K,   0% used [0x00000007a6ab0000, 0x00000007a6ab0000, 0x00000007a8000000)
 concurrent mark-sweep generation total 393216K, used 71261K [0x00000007a8000000, 0x00000007c0000000, 0x00000007c0000000)
 Metaspace       used 41613K, capacity 42464K, committed 42612K, reserved 1087488K
  class space    used 4706K, capacity 4921K, committed 4988K, reserved 1048576K
2016-10-23T22:35:56.900+0800: 2175.930: [GC (Allocation Failure) 2016-10-23T22:35:56.900+0800: 2175.930: [ParNew
Desired survivor size 20112992 bytes, new threshold 8 (max 8)
- age   1:    2747424 bytes,    2747424 total
- age   2:    1282976 bytes,    4030400 total
- age   3:    3065536 bytes,    7095936 total
- age   4:     539872 bytes,    7635808 total
- age   5:    3466760 bytes,   11102568 total
- age   6:    3867600 bytes,   14970168 total
- age   7:    3151184 bytes,   18121352 total
- age   8:    2084208 bytes,   20205560 total
: 109248K->21824K(109248K), 0.0106586 secs] 180509K->95409K(502464K), 0.0107276 secs] [Times: user=0.04 sys=0.00, real=0.01 secs] 
Heap after GC invocations=689 (full 13):
 par new generation   total 109248K, used 21824K [0x00000007a0000000, 0x00000007a8000000, 0x00000007a8000000)
  eden space 87424K,   0% used [0x00000007a0000000, 0x00000007a0000000, 0x00000007a5560000)
  from space 21824K, 100% used [0x00000007a6ab0000, 0x00000007a8000000, 0x00000007a8000000)
  to   space 21824K,   0% used [0x00000007a5560000, 0x00000007a5560000, 0x00000007a6ab0000)
 concurrent mark-sweep generation total 393216K, used 73585K [0x00000007a8000000, 0x00000007c0000000, 0x00000007c0000000)
 Metaspace       used 41613K, capacity 42464K, committed 42612K, reserved 1087488K
  class space    used 4706K, capacity 4921K, committed 4988K, reserved 1048576K
}
2016-10-23T22:35:56.911+0800: 2175.940: Total time for which application threads were stopped: 0.0109553 seconds, Stopping threads took: 0.0000404 seconds
{Heap before GC invocations=689 (full 13):
 par new generation   total 109248K, used 109248K [0x00000007a0000000, 0x00000007a8000000, 0x00000007a8000000)
  eden space 87424K, 100% used [0x00000007a0000000, 0x00000007a5560000, 0x00000007a5560000)
  from space 21824K, 100% used [0x00000007a6ab0000, 0x00000007a8000000, 0x00000007a8000000)
  to   space 21824K,   0% used [0x00000007a5560000, 0x00000007a5560000, 0x00000007a6ab0000)
 concurrent mark-sweep generation total 393216K, used 73585K [0x00000007a8000000, 0x00000007c0000000, 0x00000007c0000000)
 Metaspace       used 41613K, capacity 42464K, committed 42612K, reserved 1087488K
  class space    used 4706K, capacity 4921K, committed 4988K, reserved 1048576K
2016-10-23T22:35:56.956+0800: 2175.986: [GC (Allocation Failure) 2016-10-23T22:35:56.956+0800: 2175.986: [ParNew
Desired survivor size 20112992 bytes, new threshold 8 (max 8)
- age   1:    2658472 bytes,    2658472 total
- age   2:    1465968 bytes,    4124440 total
- age   3:    1133368 bytes,    5257808 total
- age   4:    2701752 bytes,    7959560 total
- age   5:     468664 bytes,    8428224 total
- age   6:    3229224 bytes,   11657448 total
- age   7:    3826384 bytes,   15483832 total
- age   8:    3111656 bytes,   18595488 total
: 109248K->21824K(109248K), 0.0151033 secs] 182833K->98571K(502464K), 0.0151517 secs] [Times: user=0.05 sys=0.00, real=0.02 secs] 
Heap after GC invocations=690 (full 13):
 par new generation   total 109248K, used 21824K [0x00000007a0000000, 0x00000007a8000000, 0x00000007a8000000)
  eden space 87424K,   0% used [0x00000007a0000000, 0x00000007a0000000, 0x00000007a5560000)
  from space 21824K, 100% used [0x00000007a5560000, 0x00000007a6ab0000, 0x00000007a6ab0000)
  to   space 21824K,   0% used [0x00000007a6ab0000, 0x00000007a6ab0000, 0x00000007a8000000)
 concurrent mark-sweep generation total 393216K, used 76747K [0x00000007a8000000, 0x00000007c0000000, 0x00000007c0000000)
 Metaspace       used 41613K, capacity 42464K, committed 42612K, reserved 1087488K
  class space    used 4706K, capacity 4921K, committed 4988K, reserved 1048576K
}
2016-10-23T22:35:56.971+0800: 2176.001: Total time for which application threads were stopped: 0.0154445 seconds, Stopping threads took: 0.0000932 seconds
{Heap before GC invocations=690 (full 13):
 par new generation   total 109248K, used 109248K [0x00000007a0000000, 0x00000007a8000000, 0x00000007a8000000)
  eden space 87424K, 100% used [0x00000007a0000000, 0x00000007a5560000, 0x00000007a5560000)
  from space 21824K, 100% used [0x00000007a5560000, 0x00000007a6ab0000, 0x00000007a6ab0000)
  to   space 21824K,   0% used [0x00000007a6ab0000, 0x00000007a6ab0000, 0x00000007a8000000)
 concurrent mark-sweep generation total 393216K, used 76747K [0x00000007a8000000, 0x00000007c0000000, 0x00000007c0000000)
 Metaspace       used 41613K, capacity 42464K, committed 42612K, reserved 1087488K
  class space    used 4706K, capacity 4921K, committed 4988K, reserved 1048576K
2016-10-23T22:35:57.093+0800: 2176.122: [GC (Allocation Failure) 2016-10-23T22:35:57.093+0800: 2176.122: [ParNew
Desired survivor size 20112992 bytes, new threshold 8 (max 8)
- age   1:    5606640 bytes,    5606640 total
- age   2:    1466216 bytes,    7072856 total
- age   3:    1288048 bytes,    8360904 total
- age   4:    1064928 bytes,    9425832 total
- age   5:    2548112 bytes,   11973944 total
- age   6:     468664 bytes,   12442608 total
- age   7:    3229224 bytes,   15671832 total
- age   8:    3826384 bytes,   19498216 total
: 109248K->21824K(109248K), 0.0112636 secs] 185995K->101617K(502464K), 0.0113233 secs] [Times: user=0.04 sys=0.00, real=0.01 secs] 
Heap after GC invocations=691 (full 13):
 par new generation   total 109248K, used 21824K [0x00000007a0000000, 0x00000007a8000000, 0x00000007a8000000)
  eden space 87424K,   0% used [0x00000007a0000000, 0x00000007a0000000, 0x00000007a5560000)
  from space 21824K, 100% used [0x00000007a6ab0000, 0x00000007a8000000, 0x00000007a8000000)
  to   space 21824K,   0% used [0x00000007a5560000, 0x00000007a5560000, 0x00000007a6ab0000)
 concurrent mark-sweep generation total 393216K, used 79793K [0x00000007a8000000, 0x00000007c0000000, 0x00000007c0000000)
 Metaspace       used 41613K, capacity 42464K, committed 42612K, reserved 1087488K
  class space    used 4706K, capacity 4921K, committed 4988K, reserved 1048576K
}
2016-10-23T22:35:57.104+0800: 2176.134: Total time for which application threads were stopped: 0.0115278 seconds, Stopping threads took: 0.0000226 seconds
{Heap before GC invocations=691 (full 13):
 par new generation   total 109248K, used 109248K [0x00000007a0000000, 0x00000007a8000000, 0x00000007a8000000)
  eden space 87424K, 100% used [0x00000007a0000000, 0x00000007a5560000, 0x00000007a5560000)
  from space 21824K, 100% used [0x00000007a6ab0000, 0x00000007a8000000, 0x00000007a8000000)
  to   space 21824K,   0% used [0x00000007a5560000, 0x00000007a5560000, 0x00000007a6ab0000)
 concurrent mark-sweep generation total 393216K, used 79793K [0x00000007a8000000, 0x00000007c0000000, 0x00000007c0000000)
 Metaspace       used 41613K, capacity 42464K, committed 42612K, reserved 1087488K
  class space    used 4706K, capacity 4921K, committed 4988K, reserved 1048576K
2016-10-23T22:35:57.158+0800: 2176.187: [GC (Allocation Failure) 2016-10-23T22:35:57.158+0800: 2176.187: [ParNew
Desired survivor size 20112992 bytes, new threshold 8 (max 8)
- age   1:    3715248 bytes,    3715248 total
- age   2:    3684128 bytes,    7399376 total
- age   3:    1428320 bytes,    8827696 total
- age   4:    1245336 bytes,   10073032 total
- age   5:    1026360 bytes,   11099392 total
- age   6:    2438504 bytes,   13537896 total
- age   7:     452392 bytes,   13990288 total
- age   8:    3175224 bytes,   17165512 total
: 109248K->21824K(109248K), 0.0109575 secs] 189041K->105897K(502464K), 0.0110243 secs] [Times: user=0.04 sys=0.00, real=0.01 secs] 
Heap after GC invocations=692 (full 13):
 par new generation   total 109248K, used 21824K [0x00000007a0000000, 0x00000007a8000000, 0x00000007a8000000)
  eden space 87424K,   0% used [0x00000007a0000000, 0x00000007a0000000, 0x00000007a5560000)
  from space 21824K, 100% used [0x00000007a5560000, 0x00000007a6ab0000, 0x00000007a6ab0000)
  to   space 21824K,   0% used [0x00000007a6ab0000, 0x00000007a6ab0000, 0x00000007a8000000)
 concurrent mark-sweep generation total 393216K, used 84073K [0x00000007a8000000, 0x00000007c0000000, 0x00000007c0000000)
 Metaspace       used 41613K, capacity 42464K, committed 42612K, reserved 1087488K
  class space    used 4706K, capacity 4921K, committed 4988K, reserved 1048576K
}
2016-10-23T22:35:57.169+0800: 2176.198: Total time for which application threads were stopped: 0.0112958 seconds, Stopping threads took: 0.0000615 seconds
{Heap before GC invocations=692 (full 13):
 par new generation   total 109248K, used 109248K [0x00000007a0000000, 0x00000007a8000000, 0x00000007a8000000)
  eden space 87424K, 100% used [0x00000007a0000000, 0x00000007a5560000, 0x00000007a5560000)
  from space 21824K, 100% used [0x00000007a5560000, 0x00000007a6ab0000, 0x00000007a6ab0000)
  to   space 21824K,   0% used [0x00000007a6ab0000, 0x00000007a6ab0000, 0x00000007a8000000)
 concurrent mark-sweep generation total 393216K, used 84073K [0x00000007a8000000, 0x00000007c0000000, 0x00000007c0000000)
 Metaspace       used 41613K, capacity 42464K, committed 42612K, reserved 1087488K
  class space    used 4706K, capacity 4921K, committed 4988K, reserved 1048576K
2016-10-23T22:35:57.223+0800: 2176.252: [GC (Allocation Failure) 2016-10-23T22:35:57.223+0800: 2176.252: [ParNew
Desired survivor size 20112992 bytes, new threshold 8 (max 8)
- age   1:    3799368 bytes,    3799368 total
- age   2:    2590424 bytes,    6389792 total
- age   3:    3585336 bytes,    9975128 total
- age   4:    1029872 bytes,   11005000 total
- age   5:    1177768 bytes,   12182768 total
- age   6:    1024560 bytes,   13207328 total
- age   7:    2436848 bytes,   15644176 total
- age   8:     452464 bytes,   16096640 total
: 109248K->19265K(109248K), 0.0119059 secs] 193321K->106496K(502464K), 0.0119577 secs] [Times: user=0.04 sys=0.00, real=0.01 secs] 
Heap after GC invocations=693 (full 13):
 par new generation   total 109248K, used 19265K [0x00000007a0000000, 0x00000007a8000000, 0x00000007a8000000)
  eden space 87424K,   0% used [0x00000007a0000000, 0x00000007a0000000, 0x00000007a5560000)
  from space 21824K,  88% used [0x00000007a6ab0000, 0x00000007a7d80658, 0x00000007a8000000)
  to   space 21824K,   0% used [0x00000007a5560000, 0x00000007a5560000, 0x00000007a6ab0000)
 concurrent mark-sweep generation total 393216K, used 87230K [0x00000007a8000000, 0x00000007c0000000, 0x00000007c0000000)
 Metaspace       used 41613K, capacity 42464K, committed 42612K, reserved 1087488K
  class space    used 4706K, capacity 4921K, committed 4988K, reserved 1048576K
}
2016-10-23T22:35:57.235+0800: 2176.264: Total time for which application threads were stopped: 0.0122413 seconds, Stopping threads took: 0.0000418 seconds
{Heap before GC invocations=693 (full 13):
 par new generation   total 109248K, used 106689K [0x00000007a0000000, 0x00000007a8000000, 0x00000007a8000000)
  eden space 87424K, 100% used [0x00000007a0000000, 0x00000007a5560000, 0x00000007a5560000)
  from space 21824K,  88% used [0x00000007a6ab0000, 0x00000007a7d80658, 0x00000007a8000000)
  to   space 21824K,   0% used [0x00000007a5560000, 0x00000007a5560000, 0x00000007a6ab0000)
 concurrent mark-sweep generation total 393216K, used 87230K [0x00000007a8000000, 0x00000007c0000000, 0x00000007c0000000)
 Metaspace       used 41613K, capacity 42464K, committed 42612K, reserved 1087488K
  class space    used 4706K, capacity 4921K, committed 4988K, reserved 1048576K
2016-10-23T22:35:57.294+0800: 2176.323: [GC (Allocation Failure) 2016-10-23T22:35:57.294+0800: 2176.323: [ParNew
Desired survivor size 20112992 bytes, new threshold 8 (max 8)
- age   1:    4352768 bytes,    4352768 total
- age   2:    2683496 bytes,    7036264 total
- age   3:    1790088 bytes,    8826352 total
- age   4:    3424040 bytes,   12250392 total
- age   5:    1028968 bytes,   13279360 total
- age   6:    1046704 bytes,   14326064 total
- age   7:    1024584 bytes,   15350648 total
- age   8:    2437472 bytes,   17788120 total
: 106689K->21812K(109248K), 0.0093108 secs] 193920K->109500K(502464K), 0.0093644 secs] [Times: user=0.04 sys=0.00, real=0.01 secs] 
Heap after GC invocations=694 (full 13):
 par new generation   total 109248K, used 21812K [0x00000007a0000000, 0x00000007a8000000, 0x00000007a8000000)
  eden space 87424K,   0% used [0x00000007a0000000, 0x00000007a0000000, 0x00000007a5560000)
  from space 21824K,  99% used [0x00000007a5560000, 0x00000007a6aad130, 0x00000007a6ab0000)
  to   space 21824K,   0% used [0x00000007a6ab0000, 0x00000007a6ab0000, 0x00000007a8000000)
 concurrent mark-sweep generation total 393216K, used 87687K [0x00000007a8000000, 0x00000007c0000000, 0x00000007c0000000)
 Metaspace       used 41613K, capacity 42464K, committed 42612K, reserved 1087488K
  class space    used 4706K, capacity 4921K, committed 4988K, reserved 1048576K
}
2016-10-23T22:35:57.303+0800: 2176.333: Total time for which application threads were stopped: 0.0096297 seconds, Stopping threads took: 0.0000725 seconds
{Heap before GC invocations=694 (full 13):
 par new generation   total 109248K, used 109236K [0x00000007a0000000, 0x00000007a8000000, 0x00000007a8000000)
  eden space 87424K, 100% used [0x00000007a0000000, 0x00000007a5560000, 0x00000007a5560000)
  from space 21824K,  99% used [0x00000007a5560000, 0x00000007a6aad130, 0x00000007a6ab0000)
  to   space 21824K,   0% used [0x00000007a6ab0000, 0x00000007a6ab0000, 0x00000007a8000000)
 concurrent mark-sweep generation total 393216K, used 87687K [0x00000007a8000000, 0x00000007c0000000, 0x00000007c0000000)
 Metaspace       used 41613K, capacity 42464K, committed 42612K, reserved 1087488K
  class space    used 4706K, capacity 4921K, committed 4988K, reserved 1048576K
2016-10-23T22:35:57.352+0800: 2176.381: [GC (Allocation Failure) 2016-10-23T22:35:57.352+0800: 2176.381: [ParNew
Desired survivor size 20112992 bytes, new threshold 8 (max 8)
- age   1:    3842448 bytes,    3842448 total
- age   2:    2923872 bytes,    6766320 total
- age   3:    2491768 bytes,    9258088 total
- age   4:    1798944 bytes,   11057032 total
- age   5:    3246024 bytes,   14303056 total
- age   6:    1035880 bytes,   15338936 total
- age   7:    1053256 bytes,   16392192 total
- age   8:    1031376 bytes,   17423568 total
: 109236K->21824K(109248K), 0.0104194 secs] 196924K->111923K(502464K), 0.0104745 secs] [Times: user=0.04 sys=0.00, real=0.01 secs] 
Heap after GC invocations=695 (full 13):
 par new generation   total 109248K, used 21824K [0x00000007a0000000, 0x00000007a8000000, 0x00000007a8000000)
  eden space 87424K,   0% used [0x00000007a0000000, 0x00000007a0000000, 0x00000007a5560000)
  from space 21824K, 100% used [0x00000007a6ab0000, 0x00000007a8000000, 0x00000007a8000000)
  to   space 21824K,   0% used [0x00000007a5560000, 0x00000007a5560000, 0x00000007a6ab0000)
 concurrent mark-sweep generation total 393216K, used 90099K [0x00000007a8000000, 0x00000007c0000000, 0x00000007c0000000)
 Metaspace       used 41613K, capacity 42464K, committed 42612K, reserved 1087488K
  class space    used 4706K, capacity 4921K, committed 4988K, reserved 1048576K
}
2016-10-23T22:35:57.362+0800: 2176.392: Total time for which application threads were stopped: 0.0107105 seconds, Stopping threads took: 0.0000637 seconds
{Heap before GC invocations=695 (full 13):
 par new generation   total 109248K, used 109241K [0x00000007a0000000, 0x00000007a8000000, 0x00000007a8000000)
  eden space 87424K,  99% used [0x00000007a0000000, 0x00000007a555e760, 0x00000007a5560000)
  from space 21824K, 100% used [0x00000007a6ab0000, 0x00000007a8000000, 0x00000007a8000000)
  to   space 21824K,   0% used [0x00000007a5560000, 0x00000007a5560000, 0x00000007a6ab0000)
 concurrent mark-sweep generation total 393216K, used 90099K [0x00000007a8000000, 0x00000007c0000000, 0x00000007c0000000)
 Metaspace       used 41613K, capacity 42464K, committed 42612K, reserved 1087488K
  class space    used 4706K, capacity 4921K, committed 4988K, reserved 1048576K
2016-10-23T22:35:57.482+0800: 2176.511: [GC (Allocation Failure) 2016-10-23T22:35:57.482+0800: 2176.511: [ParNew
Desired survivor size 20112992 bytes, new threshold 8 (max 8)
- age   1:    6663320 bytes,    6663320 total
- age   2:    1725072 bytes,    8388392 total
- age   3:    2063760 bytes,   10452152 total
- age   4:    2379448 bytes,   12831600 total
- age   5:    1790048 bytes,   14621648 total
- age   6:    3126848 bytes,   17748496 total
- age   7:    1030664 bytes,   18779160 total
- age   8:    1048912 bytes,   19828072 total
: 109241K->21824K(109248K), 0.0109460 secs] 199341K->113064K(502464K), 0.0110109 secs] [Times: user=0.04 sys=0.00, real=0.01 secs] 
Heap after GC invocations=696 (full 13):
 par new generation   total 109248K, used 21824K [0x00000007a0000000, 0x00000007a8000000, 0x00000007a8000000)
  eden space 87424K,   0% used [0x00000007a0000000, 0x00000007a0000000, 0x00000007a5560000)
  from space 21824K, 100% used [0x00000007a5560000, 0x00000007a6ab0000, 0x00000007a6ab0000)
  to   space 21824K,   0% used [0x00000007a6ab0000, 0x00000007a6ab0000, 0x00000007a8000000)
 concurrent mark-sweep generation total 393216K, used 91240K [0x00000007a8000000, 0x00000007c0000000, 0x00000007c0000000)
 Metaspace       used 41613K, capacity 42464K, committed 42612K, reserved 1087488K
  class space    used 4706K, capacity 4921K, committed 4988K, reserved 1048576K
}
2016-10-23T22:35:57.493+0800: 2176.522: Total time for which application threads were stopped: 0.0112838 seconds, Stopping threads took: 0.0000801 seconds
{Heap before GC invocations=696 (full 13):
 par new generation   total 109248K, used 109248K [0x00000007a0000000, 0x00000007a8000000, 0x00000007a8000000)
  eden space 87424K, 100% used [0x00000007a0000000, 0x00000007a5560000, 0x00000007a5560000)
  from space 21824K, 100% used [0x00000007a5560000, 0x00000007a6ab0000, 0x00000007a6ab0000)
  to   space 21824K,   0% used [0x00000007a6ab0000, 0x00000007a6ab0000, 0x00000007a8000000)
 concurrent mark-sweep generation total 393216K, used 91240K [0x00000007a8000000, 0x00000007c0000000, 0x00000007c0000000)
 Metaspace       used 41614K, capacity 42464K, committed 42612K, reserved 1087488K
  class space    used 4706K, capacity 4921K, committed 4988K, reserved 1048576K
2016-10-23T22:35:57.569+0800: 2176.599: [GC (Allocation Failure) 2016-10-23T22:35:57.569+0800: 2176.599: [ParNew
Desired survivor size 20112992 bytes, new threshold 8 (max 8)
- age   1:    4212152 bytes,    4212152 total
- age   2:    5160384 bytes,    9372536 total
- age   3:    1593808 bytes,   10966344 total
- age   4:    1870240 bytes,   12836584 total
- age   5:    2236296 bytes,   15072880 total
- age   6:    1646416 bytes,   16719296 total
- age   7:    2822824 bytes,   19542120 total
- age   8:     921752 bytes,   20463872 total
: 109248K->21824K(109248K), 0.0125912 secs] 200488K->114269K(502464K), 0.0126499 secs] [Times: user=0.05 sys=0.00, real=0.02 secs] 
Heap after GC invocations=697 (full 13):
 par new generation   total 109248K, used 21824K [0x00000007a0000000, 0x00000007a8000000, 0x00000007a8000000)
  eden space 87424K,   0% used [0x00000007a0000000, 0x00000007a0000000, 0x00000007a5560000)
  from space 21824K, 100% used [0x00000007a6ab0000, 0x00000007a8000000, 0x00000007a8000000)
  to   space 21824K,   0% used [0x00000007a5560000, 0x00000007a5560000, 0x00000007a6ab0000)
 concurrent mark-sweep generation total 393216K, used 92445K [0x00000007a8000000, 0x00000007c0000000, 0x00000007c0000000)
 Metaspace       used 41614K, capacity 42464K, committed 42612K, reserved 1087488K
  class space    used 4706K, capacity 4921K, committed 4988K, reserved 1048576K
}
2016-10-23T22:35:57.582+0800: 2176.612: Total time for which application threads were stopped: 0.0129419 seconds, Stopping threads took: 0.0000911 seconds
{Heap before GC invocations=697 (full 13):
 par new generation   total 109248K, used 109248K [0x00000007a0000000, 0x00000007a8000000, 0x00000007a8000000)
  eden space 87424K, 100% used [0x00000007a0000000, 0x00000007a5560000, 0x00000007a5560000)
  from space 21824K, 100% used [0x00000007a6ab0000, 0x00000007a8000000, 0x00000007a8000000)
  to   space 21824K,   0% used [0x00000007a5560000, 0x00000007a5560000, 0x00000007a6ab0000)
 concurrent mark-sweep generation total 393216K, used 92445K [0x00000007a8000000, 0x00000007c0000000, 0x00000007c0000000)
 Metaspace       used 41614K, capacity 42464K, committed 42612K, reserved 1087488K
  class space    used 4706K, capacity 4921K, committed 4988K, reserved 1048576K
2016-10-23T22:35:57.658+0800: 2176.688: [GC (Allocation Failure) 2016-10-23T22:35:57.658+0800: 2176.688: [ParNew
Desired survivor size 20112992 bytes, new threshold 8 (max 8)
- age   1:     414784 bytes,     414784 total
- age   2:    3966576 bytes,    4381360 total
- age   3:    5118592 bytes,    9499952 total
- age   4:    1579608 bytes,   11079560 total
- age   5:    1854136 bytes,   12933696 total
- age   6:    2221384 bytes,   15155080 total
- age   7:    1631640 bytes,   16786720 total
- age   8:    2793464 bytes,   19580184 total
: 109248K->21824K(109248K), 0.0114551 secs] 201693K->115336K(502464K), 0.0115153 secs] [Times: user=0.04 sys=0.00, real=0.02 secs] 
Heap after GC invocations=698 (full 13):
 par new generation   total 109248K, used 21824K [0x00000007a0000000, 0x00000007a8000000, 0x00000007a8000000)
  eden space 87424K,   0% used [0x00000007a0000000, 0x00000007a0000000, 0x00000007a5560000)
  from space 21824K, 100% used [0x00000007a5560000, 0x00000007a6ab0000, 0x00000007a6ab0000)
  to   space 21824K,   0% used [0x00000007a6ab0000, 0x00000007a6ab0000, 0x00000007a8000000)
 concurrent mark-sweep generation total 393216K, used 93512K [0x00000007a8000000, 0x00000007c0000000, 0x00000007c0000000)
 Metaspace       used 41614K, capacity 42464K, committed 42612K, reserved 1087488K
  class space    used 4706K, capacity 4921K, committed 4988K, reserved 1048576K
}
2016-10-23T22:35:57.670+0800: 2176.700: Total time for which application threads were stopped: 0.0117522 seconds, Stopping threads took: 0.0000609 seconds
{Heap before GC invocations=698 (full 13):
 par new generation   total 109248K, used 109248K [0x00000007a0000000, 0x00000007a8000000, 0x00000007a8000000)
  eden space 87424K, 100% used [0x00000007a0000000, 0x00000007a5560000, 0x00000007a5560000)
  from space 21824K, 100% used [0x00000007a5560000, 0x00000007a6ab0000, 0x00000007a6ab0000)
  to   space 21824K,   0% used [0x00000007a6ab0000, 0x00000007a6ab0000, 0x00000007a8000000)
 concurrent mark-sweep generation total 393216K, used 93512K [0x00000007a8000000, 0x00000007c0000000, 0x00000007c0000000)
 Metaspace       used 41614K, capacity 42464K, committed 42612K, reserved 1087488K
  class space    used 4706K, capacity 4921K, committed 4988K, reserved 1048576K
2016-10-23T22:35:57.731+0800: 2176.761: [GC (Allocation Failure) 2016-10-23T22:35:57.731+0800: 2176.761: [ParNew
Desired survivor size 20112992 bytes, new threshold 8 (max 8)
- age   1:    1939400 bytes,    1939400 total
- age   2:     114184 bytes,    2053584 total
- age   3:    3513160 bytes,    5566744 total
- age   4:    4412784 bytes,    9979528 total
- age   5:    1319296 bytes,   11298824 total
- age   6:    1527968 bytes,   12826792 total
- age   7:    1908768 bytes,   14735560 total
- age   8:    1325104 bytes,   16060664 total
: 109248K->21824K(109248K), 0.0092388 secs] 202760K->117448K(502464K), 0.0093012 secs] [Times: user=0.04 sys=0.00, real=0.01 secs] 
Heap after GC invocations=699 (full 13):
 par new generation   total 109248K, used 21824K [0x00000007a0000000, 0x00000007a8000000, 0x00000007a8000000)
  eden space 87424K,   0% used [0x00000007a0000000, 0x00000007a0000000, 0x00000007a5560000)
  from space 21824K, 100% used [0x00000007a6ab0000, 0x00000007a8000000, 0x00000007a8000000)
  to   space 21824K,   0% used [0x00000007a5560000, 0x00000007a5560000, 0x00000007a6ab0000)
 concurrent mark-sweep generation total 393216K, used 95624K [0x00000007a8000000, 0x00000007c0000000, 0x00000007c0000000)
 Metaspace       used 41614K, capacity 42464K, committed 42612K, reserved 1087488K
  class space    used 4706K, capacity 4921K, committed 4988K, reserved 1048576K
}
2016-10-23T22:35:57.741+0800: 2176.770: Total time for which application threads were stopped: 0.0095964 seconds, Stopping threads took: 0.0001005 seconds
{Heap before GC invocations=699 (full 13):
 par new generation   total 109248K, used 109248K [0x00000007a0000000, 0x00000007a8000000, 0x00000007a8000000)
  eden space 87424K, 100% used [0x00000007a0000000, 0x00000007a5560000, 0x00000007a5560000)
  from space 21824K, 100% used [0x00000007a6ab0000, 0x00000007a8000000, 0x00000007a8000000)
  to   space 21824K,   0% used [0x00000007a5560000, 0x00000007a5560000, 0x00000007a6ab0000)
 concurrent mark-sweep generation total 393216K, used 95624K [0x00000007a8000000, 0x00000007c0000000, 0x00000007c0000000)
 Metaspace       used 41614K, capacity 42464K, committed 42612K, reserved 1087488K
  class space    used 4706K, capacity 4921K, committed 4988K, reserved 1048576K
2016-10-23T22:35:57.838+0800: 2176.868: [GC (Allocation Failure) 2016-10-23T22:35:57.838+0800: 2176.868: [ParNew
Desired survivor size 20112992 bytes, new threshold 8 (max 8)
- age   1:    4503528 bytes,    4503528 total
- age   2:    1180464 bytes,    5683992 total
- age   3:     114184 bytes,    5798176 total
- age   4:    3364840 bytes,    9163016 total
- age   5:    4412784 bytes,   13575800 total
- age   6:    1319296 bytes,   14895096 total
- age   7:    1527968 bytes,   16423064 total
- age   8:    1908768 bytes,   18331832 total
: 109248K->21824K(109248K), 0.0089056 secs] 204872K->118751K(502464K), 0.0089747 secs] [Times: user=0.03 sys=0.00, real=0.01 secs] 
Heap after GC invocations=700 (full 13):
 par new generation   total 109248K, used 21824K [0x00000007a0000000, 0x00000007a8000000, 0x00000007a8000000)
  eden space 87424K,   0% used [0x00000007a0000000, 0x00000007a0000000, 0x00000007a5560000)
  from space 21824K, 100% used [0x00000007a5560000, 0x00000007a6ab0000, 0x00000007a6ab0000)
  to   space 21824K,   0% used [0x00000007a6ab0000, 0x00000007a6ab0000, 0x00000007a8000000)
 concurrent mark-sweep generation total 393216K, used 96927K [0x00000007a8000000, 0x00000007c0000000, 0x00000007c0000000)
 Metaspace       used 41614K, capacity 42464K, committed 42612K, reserved 1087488K
  class space    used 4706K, capacity 4921K, committed 4988K, reserved 1048576K
}
2016-10-23T22:35:57.847+0800: 2176.877: Total time for which application threads were stopped: 0.0092333 seconds, Stopping threads took: 0.0000774 seconds
{Heap before GC invocations=700 (full 13):
 par new generation   total 109248K, used 109248K [0x00000007a0000000, 0x00000007a8000000, 0x00000007a8000000)
  eden space 87424K, 100% used [0x00000007a0000000, 0x00000007a5560000, 0x00000007a5560000)
  from space 21824K, 100% used [0x00000007a5560000, 0x00000007a6ab0000, 0x00000007a6ab0000)
  to   space 21824K,   0% used [0x00000007a6ab0000, 0x00000007a6ab0000, 0x00000007a8000000)
 concurrent mark-sweep generation total 393216K, used 96927K [0x00000007a8000000, 0x00000007c0000000, 0x00000007c0000000)
 Metaspace       used 41614K, capacity 42464K, committed 42612K, reserved 1087488K
  class space    used 4706K, capacity 4921K, committed 4988K, reserved 1048576K
2016-10-23T22:35:57.947+0800: 2176.977: [GC (Allocation Failure) 2016-10-23T22:35:57.947+0800: 2176.977: [ParNew
Desired survivor size 20112992 bytes, new threshold 8 (max 8)
- age   1:    5078784 bytes,    5078784 total
- age   2:    3145680 bytes,    8224464 total
- age   3:    1142752 bytes,    9367216 total
- age   4:     114184 bytes,    9481400 total
- age   5:    3227328 bytes,   12708728 total
- age   6:    4412400 bytes,   17121128 total
- age   7:    1319200 bytes,   18440328 total
- age   8:    1527776 bytes,   19968104 total
: 109248K->21824K(109248K), 0.0098180 secs] 206175K->121184K(502464K), 0.0098724 secs] [Times: user=0.04 sys=0.00, real=0.01 secs] 
Heap after GC invocations=701 (full 13):
 par new generation   total 109248K, used 21824K [0x00000007a0000000, 0x00000007a8000000, 0x00000007a8000000)
  eden space 87424K,   0% used [0x00000007a0000000, 0x00000007a0000000, 0x00000007a5560000)
  from space 21824K, 100% used [0x00000007a6ab0000, 0x00000007a8000000, 0x00000007a8000000)
  to   space 21824K,   0% used [0x00000007a5560000, 0x00000007a5560000, 0x00000007a6ab0000)
 concurrent mark-sweep generation total 393216K, used 99360K [0x00000007a8000000, 0x00000007c0000000, 0x00000007c0000000)
 Metaspace       used 41614K, capacity 42464K, committed 42612K, reserved 1087488K
  class space    used 4706K, capacity 4921K, committed 4988K, reserved 1048576K
}
2016-10-23T22:35:57.957+0800: 2176.987: Total time for which application threads were stopped: 0.0101444 seconds, Stopping threads took: 0.0000692 seconds
{Heap before GC invocations=701 (full 13):
 par new generation   total 109248K, used 109248K [0x00000007a0000000, 0x00000007a8000000, 0x00000007a8000000)
  eden space 87424K, 100% used [0x00000007a0000000, 0x00000007a5560000, 0x00000007a5560000)
  from space 21824K, 100% used [0x00000007a6ab0000, 0x00000007a8000000, 0x00000007a8000000)
  to   space 21824K,   0% used [0x00000007a5560000, 0x00000007a5560000, 0x00000007a6ab0000)
 concurrent mark-sweep generation total 393216K, used 99360K [0x00000007a8000000, 0x00000007c0000000, 0x00000007c0000000)
 Metaspace       used 41614K, capacity 42464K, committed 42612K, reserved 1087488K
  class space    used 4706K, capacity 4921K, committed 4988K, reserved 1048576K
2016-10-23T22:35:58.086+0800: 2177.116: [GC (Allocation Failure) 2016-10-23T22:35:58.086+0800: 2177.116: [ParNew
Desired survivor size 20112992 bytes, new threshold 7 (max 8)
- age   1:    5828632 bytes,    5828632 total
- age   2:    3504224 bytes,    9332856 total
- age   3:    2752520 bytes,   12085376 total
- age   4:    1076832 bytes,   13162208 total
- age   5:      94520 bytes,   13256728 total
- age   6:    3168536 bytes,   16425264 total
- age   7:    4412400 bytes,   20837664 total
- age   8:    1319200 bytes,   22156864 total
: 109248K->21824K(109248K), 0.0114119 secs] 208608K->123563K(502464K), 0.0114959 secs] [Times: user=0.04 sys=0.01, real=0.01 secs] 
Heap after GC invocations=702 (full 13):
 par new generation   total 109248K, used 21824K [0x00000007a0000000, 0x00000007a8000000, 0x00000007a8000000)
  eden space 87424K,   0% used [0x00000007a0000000, 0x00000007a0000000, 0x00000007a5560000)
  from space 21824K, 100% used [0x00000007a5560000, 0x00000007a6ab0000, 0x00000007a6ab0000)
  to   space 21824K,   0% used [0x00000007a6ab0000, 0x00000007a6ab0000, 0x00000007a8000000)
 concurrent mark-sweep generation total 393216K, used 101739K [0x00000007a8000000, 0x00000007c0000000, 0x00000007c0000000)
 Metaspace       used 41614K, capacity 42464K, committed 42612K, reserved 1087488K
  class space    used 4706K, capacity 4921K, committed 4988K, reserved 1048576K
}
2016-10-23T22:35:58.098+0800: 2177.127: Total time for which application threads were stopped: 0.0117878 seconds, Stopping threads took: 0.0000922 seconds
{Heap before GC invocations=702 (full 13):
 par new generation   total 109248K, used 109248K [0x00000007a0000000, 0x00000007a8000000, 0x00000007a8000000)
  eden space 87424K, 100% used [0x00000007a0000000, 0x00000007a5560000, 0x00000007a5560000)
  from space 21824K, 100% used [0x00000007a5560000, 0x00000007a6ab0000, 0x00000007a6ab0000)
  to   space 21824K,   0% used [0x00000007a6ab0000, 0x00000007a6ab0000, 0x00000007a8000000)
 concurrent mark-sweep generation total 393216K, used 101739K [0x00000007a8000000, 0x00000007c0000000, 0x00000007c0000000)
 Metaspace       used 41614K, capacity 42464K, committed 42612K, reserved 1087488K
  class space    used 4706K, capacity 4921K, committed 4988K, reserved 1048576K
2016-10-23T22:35:58.228+0800: 2177.258: [GC (Allocation Failure) 2016-10-23T22:35:58.228+0800: 2177.258: [ParNew
Desired survivor size 20112992 bytes, new threshold 8 (max 8)
- age   1:    6172216 bytes,    6172216 total
- age   2:    3399264 bytes,    9571480 total
- age   3:    2495416 bytes,   12066896 total
- age   4:    2452584 bytes,   14519480 total
- age   5:     970872 bytes,   15490352 total
- age   6:      94520 bytes,   15584872 total
- age   7:    2750544 bytes,   18335416 total
: 109248K->21824K(109248K), 0.0127527 secs] 210987K->132540K(502464K), 0.0128397 secs] [Times: user=0.05 sys=0.00, real=0.02 secs] 
Heap after GC invocations=703 (full 13):
 par new generation   total 109248K, used 21824K [0x00000007a0000000, 0x00000007a8000000, 0x00000007a8000000)
  eden space 87424K,   0% used [0x00000007a0000000, 0x00000007a0000000, 0x00000007a5560000)
  from space 21824K, 100% used [0x00000007a6ab0000, 0x00000007a8000000, 0x00000007a8000000)
  to   space 21824K,   0% used [0x00000007a5560000, 0x00000007a5560000, 0x00000007a6ab0000)
 concurrent mark-sweep generation total 393216K, used 110716K [0x00000007a8000000, 0x00000007c0000000, 0x00000007c0000000)
 Metaspace       used 41614K, capacity 42464K, committed 42612K, reserved 1087488K
  class space    used 4706K, capacity 4921K, committed 4988K, reserved 1048576K
}
2016-10-23T22:35:58.241+0800: 2177.271: Total time for which application threads were stopped: 0.0131445 seconds, Stopping threads took: 0.0001155 seconds
{Heap before GC invocations=703 (full 13):
 par new generation   total 109248K, used 109248K [0x00000007a0000000, 0x00000007a8000000, 0x00000007a8000000)
  eden space 87424K, 100% used [0x00000007a0000000, 0x00000007a5560000, 0x00000007a5560000)
  from space 21824K, 100% used [0x00000007a6ab0000, 0x00000007a8000000, 0x00000007a8000000)
  to   space 21824K,   0% used [0x00000007a5560000, 0x00000007a5560000, 0x00000007a6ab0000)
 concurrent mark-sweep generation total 393216K, used 110716K [0x00000007a8000000, 0x00000007c0000000, 0x00000007c0000000)
 Metaspace       used 41614K, capacity 42464K, committed 42612K, reserved 1087488K
  class space    used 4706K, capacity 4921K, committed 4988K, reserved 1048576K
2016-10-23T22:35:58.373+0800: 2177.403: [GC (Allocation Failure) 2016-10-23T22:35:58.373+0800: 2177.403: [ParNew
Desired survivor size 20112992 bytes, new threshold 8 (max 8)
- age   1:    7198216 bytes,    7198216 total
- age   2:    3963984 bytes,   11162200 total
- age   3:    2401568 bytes,   13563768 total
- age   4:    1998856 bytes,   15562624 total
- age   5:    2013248 bytes,   17575872 total
- age   6:     816536 bytes,   18392408 total
- age   7:      94520 bytes,   18486928 total
- age   8:    2600016 bytes,   21086944 total
: 109248K->21824K(109248K), 0.0135616 secs] 219964K->135833K(502464K), 0.0136352 secs] [Times: user=0.05 sys=0.00, real=0.01 secs] 
Heap after GC invocations=704 (full 13):
 par new generation   total 109248K, used 21824K [0x00000007a0000000, 0x00000007a8000000, 0x00000007a8000000)
  eden space 87424K,   0% used [0x00000007a0000000, 0x00000007a0000000, 0x00000007a5560000)
  from space 21824K, 100% used [0x00000007a5560000, 0x00000007a6ab0000, 0x00000007a6ab0000)
  to   space 21824K,   0% used [0x00000007a6ab0000, 0x00000007a6ab0000, 0x00000007a8000000)
 concurrent mark-sweep generation total 393216K, used 114009K [0x00000007a8000000, 0x00000007c0000000, 0x00000007c0000000)
 Metaspace       used 41614K, capacity 42464K, committed 42612K, reserved 1087488K
  class space    used 4706K, capacity 4921K, committed 4988K, reserved 1048576K
}
2016-10-23T22:35:58.387+0800: 2177.416: Total time for which application threads were stopped: 0.0139657 seconds, Stopping threads took: 0.0001075 seconds
{Heap before GC invocations=704 (full 13):
 par new generation   total 109248K, used 109248K [0x00000007a0000000, 0x00000007a8000000, 0x00000007a8000000)
  eden space 87424K, 100% used [0x00000007a0000000, 0x00000007a5560000, 0x00000007a5560000)
  from space 21824K, 100% used [0x00000007a5560000, 0x00000007a6ab0000, 0x00000007a6ab0000)
  to   space 21824K,   0% used [0x00000007a6ab0000, 0x00000007a6ab0000, 0x00000007a8000000)
 concurrent mark-sweep generation total 393216K, used 114009K [0x00000007a8000000, 0x00000007c0000000, 0x00000007c0000000)
 Metaspace       used 41615K, capacity 42464K, committed 42612K, reserved 1087488K
  class space    used 4706K, capacity 4921K, committed 4988K, reserved 1048576K
2016-10-23T22:35:58.520+0800: 2177.549: [GC (Allocation Failure) 2016-10-23T22:35:58.520+0800: 2177.549: [ParNew
Desired survivor size 20112992 bytes, new threshold 8 (max 8)
- age   1:    6897040 bytes,    6897040 total
- age   2:    3365000 bytes,   10262040 total
- age   3:    3263592 bytes,   13525632 total
- age   4:    2021080 bytes,   15546712 total
- age   5:    1694448 bytes,   17241160 total
- age   6:    1708088 bytes,   18949248 total
- age   7:     718704 bytes,   19667952 total
- age   8:      92064 bytes,   19760016 total
: 109248K->21824K(109248K), 0.0132323 secs] 223257K->142175K(502464K), 0.0133160 secs] [Times: user=0.05 sys=0.00, real=0.01 secs] 
Heap after GC invocations=705 (full 13):
 par new generation   total 109248K, used 21824K [0x00000007a0000000, 0x00000007a8000000, 0x00000007a8000000)
  eden space 87424K,   0% used [0x00000007a0000000, 0x00000007a0000000, 0x00000007a5560000)
  from space 21824K, 100% used [0x00000007a6ab0000, 0x00000007a8000000, 0x00000007a8000000)
  to   space 21824K,   0% used [0x00000007a5560000, 0x00000007a5560000, 0x00000007a6ab0000)
 concurrent mark-sweep generation total 393216K, used 120351K [0x00000007a8000000, 0x00000007c0000000, 0x00000007c0000000)
 Metaspace       used 41615K, capacity 42464K, committed 42612K, reserved 1087488K
  class space    used 4706K, capacity 4921K, committed 4988K, reserved 1048576K
}
2016-10-23T22:35:58.533+0800: 2177.563: Total time for which application threads were stopped: 0.0135125 seconds, Stopping threads took: 0.0000378 seconds
{Heap before GC invocations=705 (full 13):
 par new generation   total 109248K, used 109248K [0x00000007a0000000, 0x00000007a8000000, 0x00000007a8000000)
  eden space 87424K, 100% used [0x00000007a0000000, 0x00000007a5560000, 0x00000007a5560000)
  from space 21824K, 100% used [0x00000007a6ab0000, 0x00000007a8000000, 0x00000007a8000000)
  to   space 21824K,   0% used [0x00000007a5560000, 0x00000007a5560000, 0x00000007a6ab0000)
 concurrent mark-sweep generation total 393216K, used 120351K [0x00000007a8000000, 0x00000007c0000000, 0x00000007c0000000)
 Metaspace       used 41615K, capacity 42464K, committed 42612K, reserved 1087488K
  class space    used 4706K, capacity 4921K, committed 4988K, reserved 1048576K
2016-10-23T22:35:58.670+0800: 2177.700: [GC (Allocation Failure) 2016-10-23T22:35:58.670+0800: 2177.700: [ParNew
Desired survivor size 20112992 bytes, new threshold 8 (max 8)
- age   1:     669048 bytes,     669048 total
- age   2:    6630888 bytes,    7299936 total
- age   3:    3200168 bytes,   10500104 total
- age   4:    3107680 bytes,   13607784 total
- age   5:    1956984 bytes,   15564768 total
- age   6:    1647800 bytes,   17212568 total
- age   7:    1662368 bytes,   18874936 total
- age   8:     703024 bytes,   19577960 total
: 109248K->21824K(109248K), 0.0109356 secs] 229599K->142558K(502464K), 0.0109907 secs] [Times: user=0.04 sys=0.00, real=0.01 secs] 
Heap after GC invocations=706 (full 13):
 par new generation   total 109248K, used 21824K [0x00000007a0000000, 0x00000007a8000000, 0x00000007a8000000)
  eden space 87424K,   0% used [0x00000007a0000000, 0x00000007a0000000, 0x00000007a5560000)
  from space 21824K, 100% used [0x00000007a5560000, 0x00000007a6ab0000, 0x00000007a6ab0000)
  to   space 21824K,   0% used [0x00000007a6ab0000, 0x00000007a6ab0000, 0x00000007a8000000)
 concurrent mark-sweep generation total 393216K, used 120734K [0x00000007a8000000, 0x00000007c0000000, 0x00000007c0000000)
 Metaspace       used 41615K, capacity 42464K, committed 42612K, reserved 1087488K
  class space    used 4706K, capacity 4921K, committed 4988K, reserved 1048576K
}
2016-10-23T22:35:58.681+0800: 2177.711: Total time for which application threads were stopped: 0.0112401 seconds, Stopping threads took: 0.0000353 seconds
{Heap before GC invocations=706 (full 13):
 par new generation   total 109248K, used 109248K [0x00000007a0000000, 0x00000007a8000000, 0x00000007a8000000)
  eden space 87424K, 100% used [0x00000007a0000000, 0x00000007a5560000, 0x00000007a5560000)
  from space 21824K, 100% used [0x00000007a5560000, 0x00000007a6ab0000, 0x00000007a6ab0000)
  to   space 21824K,   0% used [0x00000007a6ab0000, 0x00000007a6ab0000, 0x00000007a8000000)
 concurrent mark-sweep generation total 393216K, used 120734K [0x00000007a8000000, 0x00000007c0000000, 0x00000007c0000000)
 Metaspace       used 41615K, capacity 42464K, committed 42612K, reserved 1087488K
  class space    used 4706K, capacity 4921K, committed 4988K, reserved 1048576K
2016-10-23T22:35:58.771+0800: 2177.800: [GC (Allocation Failure) 2016-10-23T22:35:58.771+0800: 2177.800: [ParNew
Desired survivor size 20112992 bytes, new threshold 8 (max 8)
- age   1:    2637016 bytes,    2637016 total
- age   2:     336984 bytes,    2974000 total
- age   3:    5863272 bytes,    8837272 total
- age   4:    2535200 bytes,   11372472 total
- age   5:    2612920 bytes,   13985392 total
- age   6:    1514272 bytes,   15499664 total
- age   7:    1368624 bytes,   16868288 total
- age   8:    1389840 bytes,   18258128 total
: 109248K->21824K(109248K), 0.0078883 secs] 229982K->143523K(502464K), 0.0079673 secs] [Times: user=0.03 sys=0.01, real=0.00 secs] 
Heap after GC invocations=707 (full 13):
 par new generation   total 109248K, used 21824K [0x00000007a0000000, 0x00000007a8000000, 0x00000007a8000000)
  eden space 87424K,   0% used [0x00000007a0000000, 0x00000007a0000000, 0x00000007a5560000)
  from space 21824K, 100% used [0x00000007a6ab0000, 0x00000007a8000000, 0x00000007a8000000)
  to   space 21824K,   0% used [0x00000007a5560000, 0x00000007a5560000, 0x00000007a6ab0000)
 concurrent mark-sweep generation total 393216K, used 121699K [0x00000007a8000000, 0x00000007c0000000, 0x00000007c0000000)
 Metaspace       used 41615K, capacity 42464K, committed 42612K, reserved 1087488K
  class space    used 4706K, capacity 4921K, committed 4988K, reserved 1048576K
}
2016-10-23T22:35:58.779+0800: 2177.808: Total time for which application threads were stopped: 0.0082111 seconds, Stopping threads took: 0.0000630 seconds
{Heap before GC invocations=707 (full 13):
 par new generation   total 109248K, used 109248K [0x00000007a0000000, 0x00000007a8000000, 0x00000007a8000000)
  eden space 87424K, 100% used [0x00000007a0000000, 0x00000007a5560000, 0x00000007a5560000)
  from space 21824K, 100% used [0x00000007a6ab0000, 0x00000007a8000000, 0x00000007a8000000)
  to   space 21824K,   0% used [0x00000007a5560000, 0x00000007a5560000, 0x00000007a6ab0000)
 concurrent mark-sweep generation total 393216K, used 121699K [0x00000007a8000000, 0x00000007c0000000, 0x00000007c0000000)
 Metaspace       used 41615K, capacity 42464K, committed 42612K, reserved 1087488K
  class space    used 4706K, capacity 4921K, committed 4988K, reserved 1048576K
2016-10-23T22:35:58.905+0800: 2177.935: [GC (Allocation Failure) 2016-10-23T22:35:58.905+0800: 2177.935: [ParNew
Desired survivor size 20112992 bytes, new threshold 7 (max 8)
- age   1:    5532072 bytes,    5532072 total
- age   2:    1989536 bytes,    7521608 total
- age   3:     336856 bytes,    7858464 total
- age   4:    5826584 bytes,   13685048 total
- age   5:    2533416 bytes,   16218464 total
- age   6:    2612560 bytes,   18831024 total
- age   7:    1514096 bytes,   20345120 total
- age   8:    1364328 bytes,   21709448 total
: 109248K->21824K(109248K), 0.0105850 secs] 230947K->145245K(502464K), 0.0106576 secs] [Times: user=0.04 sys=0.00, real=0.01 secs] 
Heap after GC invocations=708 (full 13):
 par new generation   total 109248K, used 21824K [0x00000007a0000000, 0x00000007a8000000, 0x00000007a8000000)
  eden space 87424K,   0% used [0x00000007a0000000, 0x00000007a0000000, 0x00000007a5560000)
  from space 21824K, 100% used [0x00000007a5560000, 0x00000007a6ab0000, 0x00000007a6ab0000)
  to   space 21824K,   0% used [0x00000007a6ab0000, 0x00000007a6ab0000, 0x00000007a8000000)
 concurrent mark-sweep generation total 393216K, used 123421K [0x00000007a8000000, 0x00000007c0000000, 0x00000007c0000000)
 Metaspace       used 41615K, capacity 42464K, committed 42612K, reserved 1087488K
  class space    used 4706K, capacity 4921K, committed 4988K, reserved 1048576K
}
2016-10-23T22:35:58.916+0800: 2177.945: Total time for which application threads were stopped: 0.0109370 seconds, Stopping threads took: 0.0000985 seconds
{Heap before GC invocations=708 (full 13):
 par new generation   total 109248K, used 109248K [0x00000007a0000000, 0x00000007a8000000, 0x00000007a8000000)
  eden space 87424K, 100% used [0x00000007a0000000, 0x00000007a5560000, 0x00000007a5560000)
  from space 21824K, 100% used [0x00000007a5560000, 0x00000007a6ab0000, 0x00000007a6ab0000)
  to   space 21824K,   0% used [0x00000007a6ab0000, 0x00000007a6ab0000, 0x00000007a8000000)
 concurrent mark-sweep generation total 393216K, used 123421K [0x00000007a8000000, 0x00000007c0000000, 0x00000007c0000000)
 Metaspace       used 41615K, capacity 42464K, committed 42612K, reserved 1087488K
  class space    used 4706K, capacity 4921K, committed 4988K, reserved 1048576K
2016-10-23T22:35:59.047+0800: 2178.077: [GC (Allocation Failure) 2016-10-23T22:35:59.047+0800: 2178.077: [ParNew
Desired survivor size 20112992 bytes, new threshold 7 (max 8)
- age   1:    5585360 bytes,    5585360 total
- age   2:    2737640 bytes,    8323000 total
- age   3:    1568264 bytes,    9891264 total
- age   4:     335512 bytes,   10226776 total
- age   5:    5755000 bytes,   15981776 total
- age   6:    2533392 bytes,   18515168 total
- age   7:    2612536 bytes,   21127704 total
: 109248K->21824K(109248K), 0.0168752 secs] 232669K->151126K(502464K), 0.0169458 secs] [Times: user=0.05 sys=0.01, real=0.02 secs] 
Heap after GC invocations=709 (full 13):
 par new generation   total 109248K, used 21824K [0x00000007a0000000, 0x00000007a8000000, 0x00000007a8000000)
  eden space 87424K,   0% used [0x00000007a0000000, 0x00000007a0000000, 0x00000007a5560000)
  from space 21824K, 100% used [0x00000007a6ab0000, 0x00000007a8000000, 0x00000007a8000000)
  to   space 21824K,   0% used [0x00000007a5560000, 0x00000007a5560000, 0x00000007a6ab0000)
 concurrent mark-sweep generation total 393216K, used 129302K [0x00000007a8000000, 0x00000007c0000000, 0x00000007c0000000)
 Metaspace       used 41615K, capacity 42464K, committed 42612K, reserved 1087488K
  class space    used 4706K, capacity 4921K, committed 4988K, reserved 1048576K
}
2016-10-23T22:35:59.064+0800: 2178.094: Total time for which application threads were stopped: 0.0171498 seconds, Stopping threads took: 0.0000212 seconds
{Heap before GC invocations=709 (full 13):
 par new generation   total 109248K, used 109248K [0x00000007a0000000, 0x00000007a8000000, 0x00000007a8000000)
  eden space 87424K, 100% used [0x00000007a0000000, 0x00000007a5560000, 0x00000007a5560000)
  from space 21824K, 100% used [0x00000007a6ab0000, 0x00000007a8000000, 0x00000007a8000000)
  to   space 21824K,   0% used [0x00000007a5560000, 0x00000007a5560000, 0x00000007a6ab0000)
 concurrent mark-sweep generation total 393216K, used 129302K [0x00000007a8000000, 0x00000007c0000000, 0x00000007c0000000)
 Metaspace       used 41615K, capacity 42464K, committed 42612K, reserved 1087488K
  class space    used 4706K, capacity 4921K, committed 4988K, reserved 1048576K
2016-10-23T22:35:59.200+0800: 2178.230: [GC (Allocation Failure) 2016-10-23T22:35:59.200+0800: 2178.230: [ParNew
Desired survivor size 20112992 bytes, new threshold 7 (max 8)
- age   1:    5341480 bytes,    5341480 total
- age   2:    3460976 bytes,    8802456 total
- age   3:    2395120 bytes,   11197576 total
- age   4:    1384272 bytes,   12581848 total
- age   5:     325200 bytes,   12907048 total
- age   6:    5460416 bytes,   18367464 total
- age   7:    2507360 bytes,   20874824 total
: 109248K->21824K(109248K), 0.0150401 secs] 238550K->156069K(502464K), 0.0151049 secs] [Times: user=0.06 sys=0.00, real=0.01 secs] 
Heap after GC invocations=710 (full 13):
 par new generation   total 109248K, used 21824K [0x00000007a0000000, 0x00000007a8000000, 0x00000007a8000000)
  eden space 87424K,   0% used [0x00000007a0000000, 0x00000007a0000000, 0x00000007a5560000)
  from space 21824K, 100% used [0x00000007a5560000, 0x00000007a6ab0000, 0x00000007a6ab0000)
  to   space 21824K,   0% used [0x00000007a6ab0000, 0x00000007a6ab0000, 0x00000007a8000000)
 concurrent mark-sweep generation total 393216K, used 134245K [0x00000007a8000000, 0x00000007c0000000, 0x00000007c0000000)
 Metaspace       used 41615K, capacity 42464K, committed 42612K, reserved 1087488K
  class space    used 4706K, capacity 4921K, committed 4988K, reserved 1048576K
}
2016-10-23T22:35:59.215+0800: 2178.245: Total time for which application threads were stopped: 0.0153352 seconds, Stopping threads took: 0.0000603 seconds
{Heap before GC invocations=710 (full 13):
 par new generation   total 109248K, used 109248K [0x00000007a0000000, 0x00000007a8000000, 0x00000007a8000000)
  eden space 87424K, 100% used [0x00000007a0000000, 0x00000007a5560000, 0x00000007a5560000)
  from space 21824K, 100% used [0x00000007a5560000, 0x00000007a6ab0000, 0x00000007a6ab0000)
  to   space 21824K,   0% used [0x00000007a6ab0000, 0x00000007a6ab0000, 0x00000007a8000000)
 concurrent mark-sweep generation total 393216K, used 134245K [0x00000007a8000000, 0x00000007c0000000, 0x00000007c0000000)
 Metaspace       used 41615K, capacity 42464K, committed 42612K, reserved 1087488K
  class space    used 4706K, capacity 4921K, committed 4988K, reserved 1048576K
2016-10-23T22:35:59.345+0800: 2178.375: [GC (Allocation Failure) 2016-10-23T22:35:59.345+0800: 2178.375: [ParNew
Desired survivor size 20112992 bytes, new threshold 7 (max 8)
- age   1:    6951608 bytes,    6951608 total
- age   2:    3045704 bytes,    9997312 total
- age   3:    2596936 bytes,   12594248 total
- age   4:    2120128 bytes,   14714376 total
- age   5:    1280944 bytes,   15995320 total
- age   6:     296424 bytes,   16291744 total
- age   7:    5334016 bytes,   21625760 total
: 109248K->21824K(109248K), 0.0138967 secs] 243493K->161073K(502464K), 0.0139860 secs] [Times: user=0.05 sys=0.00, real=0.01 secs] 
Heap after GC invocations=711 (full 13):
 par new generation   total 109248K, used 21824K [0x00000007a0000000, 0x00000007a8000000, 0x00000007a8000000)
  eden space 87424K,   0% used [0x00000007a0000000, 0x00000007a0000000, 0x00000007a5560000)
  from space 21824K, 100% used [0x00000007a6ab0000, 0x00000007a8000000, 0x00000007a8000000)
  to   space 21824K,   0% used [0x00000007a5560000, 0x00000007a5560000, 0x00000007a6ab0000)
 concurrent mark-sweep generation total 393216K, used 139249K [0x00000007a8000000, 0x00000007c0000000, 0x00000007c0000000)
 Metaspace       used 41615K, capacity 42464K, committed 42612K, reserved 1087488K
  class space    used 4706K, capacity 4921K, committed 4988K, reserved 1048576K
}
2016-10-23T22:35:59.359+0800: 2178.389: Total time for which application threads were stopped: 0.0143441 seconds, Stopping threads took: 0.0001082 seconds
{Heap before GC invocations=711 (full 13):
 par new generation   total 109248K, used 109248K [0x00000007a0000000, 0x00000007a8000000, 0x00000007a8000000)
  eden space 87424K, 100% used [0x00000007a0000000, 0x00000007a5560000, 0x00000007a5560000)
  from space 21824K, 100% used [0x00000007a6ab0000, 0x00000007a8000000, 0x00000007a8000000)
  to   space 21824K,   0% used [0x00000007a5560000, 0x00000007a5560000, 0x00000007a6ab0000)
 concurrent mark-sweep generation total 393216K, used 139249K [0x00000007a8000000, 0x00000007c0000000, 0x00000007c0000000)
 Metaspace       used 41615K, capacity 42464K, committed 42612K, reserved 1087488K
  class space    used 4706K, capacity 4921K, committed 4988K, reserved 1048576K
2016-10-23T22:35:59.489+0800: 2178.518: [GC (Allocation Failure) 2016-10-23T22:35:59.489+0800: 2178.518: [ParNew
Desired survivor size 20112992 bytes, new threshold 8 (max 8)
- age   1:    6348928 bytes,    6348928 total
- age   2:    4603336 bytes,   10952264 total
- age   3:    2885048 bytes,   13837312 total
- age   4:    2100840 bytes,   15938152 total
- age   5:    2018480 bytes,   17956632 total
- age   6:    1248848 bytes,   19205480 total
- age   7:     293064 bytes,   19498544 total
: 109248K->21824K(109248K), 0.0153795 secs] 248497K->169076K(502464K), 0.0154435 secs] [Times: user=0.05 sys=0.00, real=0.02 secs] 
Heap after GC invocations=712 (full 13):
 par new generation   total 109248K, used 21824K [0x00000007a0000000, 0x00000007a8000000, 0x00000007a8000000)
  eden space 87424K,   0% used [0x00000007a0000000, 0x00000007a0000000, 0x00000007a5560000)
  from space 21824K, 100% used [0x00000007a5560000, 0x00000007a6ab0000, 0x00000007a6ab0000)
  to   space 21824K,   0% used [0x00000007a6ab0000, 0x00000007a6ab0000, 0x00000007a8000000)
 concurrent mark-sweep generation total 393216K, used 147252K [0x00000007a8000000, 0x00000007c0000000, 0x00000007c0000000)
 Metaspace       used 41615K, capacity 42464K, committed 42612K, reserved 1087488K
  class space    used 4706K, capacity 4921K, committed 4988K, reserved 1048576K
}
2016-10-23T22:35:59.504+0800: 2178.534: Total time for which application threads were stopped: 0.0157314 seconds, Stopping threads took: 0.0000920 seconds
{Heap before GC invocations=712 (full 13):
 par new generation   total 109248K, used 109248K [0x00000007a0000000, 0x00000007a8000000, 0x00000007a8000000)
  eden space 87424K, 100% used [0x00000007a0000000, 0x00000007a5560000, 0x00000007a5560000)
  from space 21824K, 100% used [0x00000007a5560000, 0x00000007a6ab0000, 0x00000007a6ab0000)
  to   space 21824K,   0% used [0x00000007a6ab0000, 0x00000007a6ab0000, 0x00000007a8000000)
 concurrent mark-sweep generation total 393216K, used 147252K [0x00000007a8000000, 0x00000007c0000000, 0x00000007c0000000)
 Metaspace       used 41616K, capacity 42464K, committed 42612K, reserved 1087488K
  class space    used 4706K, capacity 4921K, committed 4988K, reserved 1048576K
2016-10-23T22:35:59.637+0800: 2178.666: [GC (Allocation Failure) 2016-10-23T22:35:59.637+0800: 2178.666: [ParNew
Desired survivor size 20112992 bytes, new threshold 6 (max 8)
- age   1:    5039336 bytes,    5039336 total
- age   2:    5238504 bytes,   10277840 total
- age   3:    4187672 bytes,   14465512 total
- age   4:    2538568 bytes,   17004080 total
- age   5:    1787912 bytes,   18791992 total
- age   6:    1724744 bytes,   20516736 total
- age   7:    1138256 bytes,   21654992 total
- age   8:     159936 bytes,   21814928 total
: 109248K->21824K(109248K), 0.0109560 secs] 256500K->170128K(502464K), 0.0110093 secs] [Times: user=0.04 sys=0.00, real=0.01 secs] 
Heap after GC invocations=713 (full 13):
 par new generation   total 109248K, used 21824K [0x00000007a0000000, 0x00000007a8000000, 0x00000007a8000000)
  eden space 87424K,   0% used [0x00000007a0000000, 0x00000007a0000000, 0x00000007a5560000)
  from space 21824K, 100% used [0x00000007a6ab0000, 0x00000007a8000000, 0x00000007a8000000)
  to   space 21824K,   0% used [0x00000007a5560000, 0x00000007a5560000, 0x00000007a6ab0000)
 concurrent mark-sweep generation total 393216K, used 148304K [0x00000007a8000000, 0x00000007c0000000, 0x00000007c0000000)
 Metaspace       used 41616K, capacity 42464K, committed 42612K, reserved 1087488K
  class space    used 4706K, capacity 4921K, committed 4988K, reserved 1048576K
}
2016-10-23T22:35:59.648+0800: 2178.677: Total time for which application threads were stopped: 0.0112758 seconds, Stopping threads took: 0.0000796 seconds
{Heap before GC invocations=713 (full 13):
 par new generation   total 109248K, used 109246K [0x00000007a0000000, 0x00000007a8000000, 0x00000007a8000000)
  eden space 87424K,  99% used [0x00000007a0000000, 0x00000007a555fa28, 0x00000007a5560000)
  from space 21824K, 100% used [0x00000007a6ab0000, 0x00000007a8000000, 0x00000007a8000000)
  to   space 21824K,   0% used [0x00000007a5560000, 0x00000007a5560000, 0x00000007a6ab0000)
 concurrent mark-sweep generation total 393216K, used 148304K [0x00000007a8000000, 0x00000007c0000000, 0x00000007c0000000)
 Metaspace       used 41616K, capacity 42464K, committed 42612K, reserved 1087488K
  class space    used 4706K, capacity 4921K, committed 4988K, reserved 1048576K
2016-10-23T22:35:59.674+0800: 2178.704: [GC (Allocation Failure) 2016-10-23T22:35:59.674+0800: 2178.704: [ParNew
Desired survivor size 20112992 bytes, new threshold 8 (max 8)
- age   1:    1097848 bytes,    1097848 total
- age   2:    4291288 bytes,    5389136 total
- age   3:    4865024 bytes,   10254160 total
- age   4:    3858792 bytes,   14112952 total
- age   5:    2453624 bytes,   16566576 total
- age   6:    1770424 bytes,   18337000 total
: 109246K->21824K(109248K), 0.0114586 secs] 257551K->173937K(502464K), 0.0115366 secs] [Times: user=0.04 sys=0.00, real=0.01 secs] 
Heap after GC invocations=714 (full 13):
 par new generation   total 109248K, used 21824K [0x00000007a0000000, 0x00000007a8000000, 0x00000007a8000000)
  eden space 87424K,   0% used [0x00000007a0000000, 0x00000007a0000000, 0x00000007a5560000)
  from space 21824K, 100% used [0x00000007a5560000, 0x00000007a6ab0000, 0x00000007a6ab0000)
  to   space 21824K,   0% used [0x00000007a6ab0000, 0x00000007a6ab0000, 0x00000007a8000000)
 concurrent mark-sweep generation total 393216K, used 152113K [0x00000007a8000000, 0x00000007c0000000, 0x00000007c0000000)
 Metaspace       used 41616K, capacity 42464K, committed 42612K, reserved 1087488K
  class space    used 4706K, capacity 4921K, committed 4988K, reserved 1048576K
}
2016-10-23T22:35:59.686+0800: 2178.715: Total time for which application threads were stopped: 0.0119078 seconds, Stopping threads took: 0.0001464 seconds
{Heap before GC invocations=714 (full 13):
 par new generation   total 109248K, used 109248K [0x00000007a0000000, 0x00000007a8000000, 0x00000007a8000000)
  eden space 87424K, 100% used [0x00000007a0000000, 0x00000007a5560000, 0x00000007a5560000)
  from space 21824K, 100% used [0x00000007a5560000, 0x00000007a6ab0000, 0x00000007a6ab0000)
  to   space 21824K,   0% used [0x00000007a6ab0000, 0x00000007a6ab0000, 0x00000007a8000000)
 concurrent mark-sweep generation total 393216K, used 152113K [0x00000007a8000000, 0x00000007c0000000, 0x00000007c0000000)
 Metaspace       used 41620K, capacity 42464K, committed 42612K, reserved 1087488K
  class space    used 4706K, capacity 4921K, committed 4988K, reserved 1048576K
2016-10-23T22:35:59.792+0800: 2178.822: [GC (Allocation Failure) 2016-10-23T22:35:59.792+0800: 2178.822: [ParNew
Desired survivor size 20112992 bytes, new threshold 8 (max 8)
- age   1:    3926752 bytes,    3926752 total
- age   2:     427144 bytes,    4353896 total
- age   3:    3107640 bytes,    7461536 total
- age   4:    4607280 bytes,   12068816 total
- age   5:    3610280 bytes,   15679096 total
- age   6:    2398952 bytes,   18078048 total
- age   7:    1749336 bytes,   19827384 total
: 109248K->21824K(109248K), 0.0101690 secs] 261361K->175525K(502464K), 0.0102229 secs] [Times: user=0.04 sys=0.00, real=0.01 secs] 
Heap after GC invocations=715 (full 13):
 par new generation   total 109248K, used 21824K [0x00000007a0000000, 0x00000007a8000000, 0x00000007a8000000)
  eden space 87424K,   0% used [0x00000007a0000000, 0x00000007a0000000, 0x00000007a5560000)
  from space 21824K, 100% used [0x00000007a6ab0000, 0x00000007a8000000, 0x00000007a8000000)
  to   space 21824K,   0% used [0x00000007a5560000, 0x00000007a5560000, 0x00000007a6ab0000)
 concurrent mark-sweep generation total 393216K, used 153701K [0x00000007a8000000, 0x00000007c0000000, 0x00000007c0000000)
 Metaspace       used 41620K, capacity 42464K, committed 42612K, reserved 1087488K
  class space    used 4706K, capacity 4921K, committed 4988K, reserved 1048576K
}
2016-10-23T22:35:59.802+0800: 2178.832: Total time for which application threads were stopped: 0.0105190 seconds, Stopping threads took: 0.0000939 seconds
{Heap before GC invocations=715 (full 13):
 par new generation   total 109248K, used 109248K [0x00000007a0000000, 0x00000007a8000000, 0x00000007a8000000)
  eden space 87424K, 100% used [0x00000007a0000000, 0x00000007a5560000, 0x00000007a5560000)
  from space 21824K, 100% used [0x00000007a6ab0000, 0x00000007a8000000, 0x00000007a8000000)
  to   space 21824K,   0% used [0x00000007a5560000, 0x00000007a5560000, 0x00000007a6ab0000)
 concurrent mark-sweep generation total 393216K, used 153701K [0x00000007a8000000, 0x00000007c0000000, 0x00000007c0000000)
 Metaspace       used 41620K, capacity 42464K, committed 42612K, reserved 1087488K
  class space    used 4706K, capacity 4921K, committed 4988K, reserved 1048576K
2016-10-23T22:35:59.931+0800: 2178.960: [GC (Allocation Failure) 2016-10-23T22:35:59.931+0800: 2178.960: [ParNew
Desired survivor size 20112992 bytes, new threshold 7 (max 8)
- age   1:    5695088 bytes,    5695088 total
- age   2:    2484384 bytes,    8179472 total
- age   3:     268384 bytes,    8447856 total
- age   4:    2848272 bytes,   11296128 total
- age   5:    4130800 bytes,   15426928 total
- age   6:    3232200 bytes,   18659128 total
- age   7:    2020184 bytes,   20679312 total
- age   8:    1621240 bytes,   22300552 total
: 109248K->21824K(109248K), 0.0145809 secs] 262949K->178509K(502464K), 0.0146498 secs] [Times: user=0.05 sys=0.00, real=0.01 secs] 
Heap after GC invocations=716 (full 13):
 par new generation   total 109248K, used 21824K [0x00000007a0000000, 0x00000007a8000000, 0x00000007a8000000)
  eden space 87424K,   0% used [0x00000007a0000000, 0x00000007a0000000, 0x00000007a5560000)
  from space 21824K, 100% used [0x00000007a5560000, 0x00000007a6ab0000, 0x00000007a6ab0000)
  to   space 21824K,   0% used [0x00000007a6ab0000, 0x00000007a6ab0000, 0x00000007a8000000)
 concurrent mark-sweep generation total 393216K, used 156685K [0x00000007a8000000, 0x00000007c0000000, 0x00000007c0000000)
 Metaspace       used 41620K, capacity 42464K, committed 42612K, reserved 1087488K
  class space    used 4706K, capacity 4921K, committed 4988K, reserved 1048576K
}
2016-10-23T22:35:59.945+0800: 2178.975: Total time for which application threads were stopped: 0.0149445 seconds, Stopping threads took: 0.0000893 seconds
{Heap before GC invocations=716 (full 13):
 par new generation   total 109248K, used 109248K [0x00000007a0000000, 0x00000007a8000000, 0x00000007a8000000)
  eden space 87424K, 100% used [0x00000007a0000000, 0x00000007a5560000, 0x00000007a5560000)
  from space 21824K, 100% used [0x00000007a5560000, 0x00000007a6ab0000, 0x00000007a6ab0000)
  to   space 21824K,   0% used [0x00000007a6ab0000, 0x00000007a6ab0000, 0x00000007a8000000)
 concurrent mark-sweep generation total 393216K, used 156685K [0x00000007a8000000, 0x00000007c0000000, 0x00000007c0000000)
 Metaspace       used 41620K, capacity 42464K, committed 42612K, reserved 1087488K
  class space    used 4706K, capacity 4921K, committed 4988K, reserved 1048576K
2016-10-23T22:36:00.081+0800: 2179.111: [GC (Allocation Failure) 2016-10-23T22:36:00.081+0800: 2179.111: [ParNew
Desired survivor size 20112992 bytes, new threshold 7 (max 8)
- age   1:    6083400 bytes,    6083400 total
- age   2:    3484080 bytes,    9567480 total
- age   3:    2225272 bytes,   11792752 total
- age   4:     234496 bytes,   12027248 total
- age   5:    2537456 bytes,   14564704 total
- age   6:    4130416 bytes,   18695120 total
- age   7:    3231976 bytes,   21927096 total
: 109248K->21824K(109248K), 0.0144380 secs] 265933K->183721K(502464K), 0.0145118 secs] [Times: user=0.05 sys=0.00, real=0.01 secs] 
Heap after GC invocations=717 (full 13):
 par new generation   total 109248K, used 21824K [0x00000007a0000000, 0x00000007a8000000, 0x00000007a8000000)
  eden space 87424K,   0% used [0x00000007a0000000, 0x00000007a0000000, 0x00000007a5560000)
  from space 21824K, 100% used [0x00000007a6ab0000, 0x00000007a8000000, 0x00000007a8000000)
  to   space 21824K,   0% used [0x00000007a5560000, 0x00000007a5560000, 0x00000007a6ab0000)
 concurrent mark-sweep generation total 393216K, used 161897K [0x00000007a8000000, 0x00000007c0000000, 0x00000007c0000000)
 Metaspace       used 41620K, capacity 42464K, committed 42612K, reserved 1087488K
  class space    used 4706K, capacity 4921K, committed 4988K, reserved 1048576K
}
2016-10-23T22:36:00.096+0800: 2179.125: Total time for which application threads were stopped: 0.0147110 seconds, Stopping threads took: 0.0000306 seconds
{Heap before GC invocations=717 (full 13):
 par new generation   total 109248K, used 109248K [0x00000007a0000000, 0x00000007a8000000, 0x00000007a8000000)
  eden space 87424K, 100% used [0x00000007a0000000, 0x00000007a5560000, 0x00000007a5560000)
  from space 21824K, 100% used [0x00000007a6ab0000, 0x00000007a8000000, 0x00000007a8000000)
  to   space 21824K,   0% used [0x00000007a5560000, 0x00000007a5560000, 0x00000007a6ab0000)
 concurrent mark-sweep generation total 393216K, used 161897K [0x00000007a8000000, 0x00000007c0000000, 0x00000007c0000000)
 Metaspace       used 41620K, capacity 42464K, committed 42612K, reserved 1087488K
  class space    used 4706K, capacity 4921K, committed 4988K, reserved 1048576K
2016-10-23T22:36:00.228+0800: 2179.257: [GC (Allocation Failure) 2016-10-23T22:36:00.228+0800: 2179.257: [ParNew
Desired survivor size 20112992 bytes, new threshold 7 (max 8)
- age   1:    7406360 bytes,    7406360 total
- age   2:    3295152 bytes,   10701512 total
- age   3:    2480968 bytes,   13182480 total
- age   4:    1848192 bytes,   15030672 total
- age   5:     177704 bytes,   15208376 total
- age   6:    2195088 bytes,   17403464 total
- age   7:    4121112 bytes,   21524576 total
: 109248K->21824K(109248K), 0.0152851 secs] 271145K->190285K(502464K), 0.0153675 secs] [Times: user=0.05 sys=0.00, real=0.02 secs] 
Heap after GC invocations=718 (full 13):
 par new generation   total 109248K, used 21824K [0x00000007a0000000, 0x00000007a8000000, 0x00000007a8000000)
  eden space 87424K,   0% used [0x00000007a0000000, 0x00000007a0000000, 0x00000007a5560000)
  from space 21824K, 100% used [0x00000007a5560000, 0x00000007a6ab0000, 0x00000007a6ab0000)
  to   space 21824K,   0% used [0x00000007a6ab0000, 0x00000007a6ab0000, 0x00000007a8000000)
 concurrent mark-sweep generation total 393216K, used 168461K [0x00000007a8000000, 0x00000007c0000000, 0x00000007c0000000)
 Metaspace       used 41620K, capacity 42464K, committed 42612K, reserved 1087488K
  class space    used 4706K, capacity 4921K, committed 4988K, reserved 1048576K
}
2016-10-23T22:36:00.243+0800: 2179.273: Total time for which application threads were stopped: 0.0156489 seconds, Stopping threads took: 0.0000796 seconds
{Heap before GC invocations=718 (full 13):
 par new generation   total 109248K, used 109248K [0x00000007a0000000, 0x00000007a8000000, 0x00000007a8000000)
  eden space 87424K, 100% used [0x00000007a0000000, 0x00000007a5560000, 0x00000007a5560000)
  from space 21824K, 100% used [0x00000007a5560000, 0x00000007a6ab0000, 0x00000007a6ab0000)
  to   space 21824K,   0% used [0x00000007a6ab0000, 0x00000007a6ab0000, 0x00000007a8000000)
 concurrent mark-sweep generation total 393216K, used 168461K [0x00000007a8000000, 0x00000007c0000000, 0x00000007c0000000)
 Metaspace       used 41620K, capacity 42464K, committed 42612K, reserved 1087488K
  class space    used 4706K, capacity 4921K, committed 4988K, reserved 1048576K
2016-10-23T22:36:00.375+0800: 2179.404: [GC (Allocation Failure) 2016-10-23T22:36:00.375+0800: 2179.404: [ParNew
Desired survivor size 20112992 bytes, new threshold 7 (max 8)
- age   1:    7149776 bytes,    7149776 total
- age   2:    4741416 bytes,   11891192 total
- age   3:    2934248 bytes,   14825440 total
- age   4:    2372080 bytes,   17197520 total
- age   5:    1544296 bytes,   18741816 total
- age   6:     170904 bytes,   18912720 total
- age   7:    2056264 bytes,   20968984 total
: 109248K->21824K(109248K), 0.0141477 secs] 277709K->195935K(502464K), 0.0142125 secs] [Times: user=0.05 sys=0.00, real=0.01 secs] 
Heap after GC invocations=719 (full 13):
 par new generation   total 109248K, used 21824K [0x00000007a0000000, 0x00000007a8000000, 0x00000007a8000000)
  eden space 87424K,   0% used [0x00000007a0000000, 0x00000007a0000000, 0x00000007a5560000)
  from space 21824K, 100% used [0x00000007a6ab0000, 0x00000007a8000000, 0x00000007a8000000)
  to   space 21824K,   0% used [0x00000007a5560000, 0x00000007a5560000, 0x00000007a6ab0000)
 concurrent mark-sweep generation total 393216K, used 174111K [0x00000007a8000000, 0x00000007c0000000, 0x00000007c0000000)
 Metaspace       used 41620K, capacity 42464K, committed 42612K, reserved 1087488K
  class space    used 4706K, capacity 4921K, committed 4988K, reserved 1048576K
}
2016-10-23T22:36:00.389+0800: 2179.419: Total time for which application threads were stopped: 0.0144780 seconds, Stopping threads took: 0.0000880 seconds
2016-10-23T22:36:00.448+0800: 2179.477: Total time for which application threads were stopped: 0.0002585 seconds, Stopping threads took: 0.0000950 seconds
2016-10-23T22:36:00.459+0800: 2179.489: Total time for which application threads were stopped: 0.0002463 seconds, Stopping threads took: 0.0000962 seconds
2016-10-23T22:36:00.460+0800: 2179.489: Total time for which application threads were stopped: 0.0001276 seconds, Stopping threads took: 0.0000572 seconds
{Heap before GC invocations=719 (full 13):
 par new generation   total 109248K, used 109248K [0x00000007a0000000, 0x00000007a8000000, 0x00000007a8000000)
  eden space 87424K, 100% used [0x00000007a0000000, 0x00000007a5560000, 0x00000007a5560000)
  from space 21824K, 100% used [0x00000007a6ab0000, 0x00000007a8000000, 0x00000007a8000000)
  to   space 21824K,   0% used [0x00000007a5560000, 0x00000007a5560000, 0x00000007a6ab0000)
 concurrent mark-sweep generation total 393216K, used 174111K [0x00000007a8000000, 0x00000007c0000000, 0x00000007c0000000)
 Metaspace       used 41620K, capacity 42464K, committed 42612K, reserved 1087488K
  class space    used 4706K, capacity 4921K, committed 4988K, reserved 1048576K
2016-10-23T22:36:00.533+0800: 2179.563: [GC (Allocation Failure) 2016-10-23T22:36:00.533+0800: 2179.563: [ParNew
Desired survivor size 20112992 bytes, new threshold 6 (max 8)
- age   1:    5041832 bytes,    5041832 total
- age   2:    5888920 bytes,   10930752 total
- age   3:    4338664 bytes,   15269416 total
- age   4:    2495568 bytes,   17764984 total
- age   5:    2052552 bytes,   19817536 total
- age   6:    1308768 bytes,   21126304 total
- age   7:     135048 bytes,   21261352 total
: 109248K->21824K(109248K), 0.0111205 secs] 283359K->197954K(502464K), 0.0111871 secs] [Times: user=0.04 sys=0.01, real=0.01 secs] 
Heap after GC invocations=720 (full 13):
 par new generation   total 109248K, used 21824K [0x00000007a0000000, 0x00000007a8000000, 0x00000007a8000000)
  eden space 87424K,   0% used [0x00000007a0000000, 0x00000007a0000000, 0x00000007a5560000)
  from space 21824K, 100% used [0x00000007a5560000, 0x00000007a6ab0000, 0x00000007a6ab0000)
  to   space 21824K,   0% used [0x00000007a6ab0000, 0x00000007a6ab0000, 0x00000007a8000000)
 concurrent mark-sweep generation total 393216K, used 176130K [0x00000007a8000000, 0x00000007c0000000, 0x00000007c0000000)
 Metaspace       used 41620K, capacity 42464K, committed 42612K, reserved 1087488K
  class space    used 4706K, capacity 4921K, committed 4988K, reserved 1048576K
}
2016-10-23T22:36:00.545+0800: 2179.574: Total time for which application threads were stopped: 0.0114316 seconds, Stopping threads took: 0.0000764 seconds
{Heap before GC invocations=720 (full 13):
 par new generation   total 109248K, used 109248K [0x00000007a0000000, 0x00000007a8000000, 0x00000007a8000000)
  eden space 87424K, 100% used [0x00000007a0000000, 0x00000007a5560000, 0x00000007a5560000)
  from space 21824K, 100% used [0x00000007a5560000, 0x00000007a6ab0000, 0x00000007a6ab0000)
  to   space 21824K,   0% used [0x00000007a6ab0000, 0x00000007a6ab0000, 0x00000007a8000000)
 concurrent mark-sweep generation total 393216K, used 176130K [0x00000007a8000000, 0x00000007c0000000, 0x00000007c0000000)
 Metaspace       used 41620K, capacity 42464K, committed 42612K, reserved 1087488K
  class space    used 4706K, capacity 4921K, committed 4988K, reserved 1048576K
2016-10-23T22:36:00.599+0800: 2179.629: [GC (Allocation Failure) 2016-10-23T22:36:00.599+0800: 2179.629: [ParNew
Desired survivor size 20112992 bytes, new threshold 6 (max 8)
- age   1:    1740800 bytes,    1740800 total
- age   2:    4226688 bytes,    5967488 total
- age   3:    5773808 bytes,   11741296 total
- age   4:    4291640 bytes,   16032936 total
- age   5:    2462600 bytes,   18495536 total
- age   6:    2031376 bytes,   20526912 total
: 109248K->21824K(109248K), 0.0107624 secs] 285378K->200171K(502464K), 0.0108164 secs] [Times: user=0.03 sys=0.00, real=0.02 secs] 
Heap after GC invocations=721 (full 13):
 par new generation   total 109248K, used 21824K [0x00000007a0000000, 0x00000007a8000000, 0x00000007a8000000)
  eden space 87424K,   0% used [0x00000007a0000000, 0x00000007a0000000, 0x00000007a5560000)
  from space 21824K, 100% used [0x00000007a6ab0000, 0x00000007a8000000, 0x00000007a8000000)
  to   space 21824K,   0% used [0x00000007a5560000, 0x00000007a5560000, 0x00000007a6ab0000)
 concurrent mark-sweep generation total 393216K, used 178347K [0x00000007a8000000, 0x00000007c0000000, 0x00000007c0000000)
 Metaspace       used 41620K, capacity 42464K, committed 42612K, reserved 1087488K
  class space    used 4706K, capacity 4921K, committed 4988K, reserved 1048576K
}
2016-10-23T22:36:00.610+0800: 2179.639: Total time for which application threads were stopped: 0.0111343 seconds, Stopping threads took: 0.0001047 seconds
{Heap before GC invocations=721 (full 13):
 par new generation   total 109248K, used 109248K [0x00000007a0000000, 0x00000007a8000000, 0x00000007a8000000)
  eden space 87424K, 100% used [0x00000007a0000000, 0x00000007a5560000, 0x00000007a5560000)
  from space 21824K, 100% used [0x00000007a6ab0000, 0x00000007a8000000, 0x00000007a8000000)
  to   space 21824K,   0% used [0x00000007a5560000, 0x00000007a5560000, 0x00000007a6ab0000)
 concurrent mark-sweep generation total 393216K, used 178347K [0x00000007a8000000, 0x00000007c0000000, 0x00000007c0000000)
 Metaspace       used 41620K, capacity 42464K, committed 42612K, reserved 1087488K
  class space    used 4706K, capacity 4921K, committed 4988K, reserved 1048576K
2016-10-23T22:36:00.675+0800: 2179.704: [GC (Allocation Failure) 2016-10-23T22:36:00.675+0800: 2179.704: [ParNew
Desired survivor size 20112992 bytes, new threshold 8 (max 8)
- age   1:    3318032 bytes,    3318032 total
- age   2:     938152 bytes,    4256184 total
- age   3:    3715600 bytes,    7971784 total
- age   4:    5012776 bytes,   12984560 total
- age   5:    3889672 bytes,   16874232 total
- age   6:    2125632 bytes,   18999864 total
: 109248K->21824K(109248K), 0.0111721 secs] 287595K->202644K(502464K), 0.0112393 secs] [Times: user=0.04 sys=0.00, real=0.01 secs] 
Heap after GC invocations=722 (full 13):
 par new generation   total 109248K, used 21824K [0x00000007a0000000, 0x00000007a8000000, 0x00000007a8000000)
  eden space 87424K,   0% used [0x00000007a0000000, 0x00000007a0000000, 0x00000007a5560000)
  from space 21824K, 100% used [0x00000007a5560000, 0x00000007a6ab0000, 0x00000007a6ab0000)
  to   space 21824K,   0% used [0x00000007a6ab0000, 0x00000007a6ab0000, 0x00000007a8000000)
 concurrent mark-sweep generation total 393216K, used 180820K [0x00000007a8000000, 0x00000007c0000000, 0x00000007c0000000)
 Metaspace       used 41620K, capacity 42464K, committed 42612K, reserved 1087488K
  class space    used 4706K, capacity 4921K, committed 4988K, reserved 1048576K
}
2016-10-23T22:36:00.686+0800: 2179.716: Total time for which application threads were stopped: 0.0114976 seconds, Stopping threads took: 0.0000643 seconds
2016-10-23T22:36:00.693+0800: 2179.723: Total time for which application threads were stopped: 0.0001344 seconds, Stopping threads took: 0.0000569 seconds
{Heap before GC invocations=722 (full 13):
 par new generation   total 109248K, used 109248K [0x00000007a0000000, 0x00000007a8000000, 0x00000007a8000000)
  eden space 87424K, 100% used [0x00000007a0000000, 0x00000007a5560000, 0x00000007a5560000)
  from space 21824K, 100% used [0x00000007a5560000, 0x00000007a6ab0000, 0x00000007a6ab0000)
  to   space 21824K,   0% used [0x00000007a6ab0000, 0x00000007a6ab0000, 0x00000007a8000000)
 concurrent mark-sweep generation total 393216K, used 180820K [0x00000007a8000000, 0x00000007c0000000, 0x00000007c0000000)
 Metaspace       used 41622K, capacity 42464K, committed 42612K, reserved 1087488K
  class space    used 4706K, capacity 4921K, committed 4988K, reserved 1048576K
2016-10-23T22:36:00.782+0800: 2179.812: [GC (Allocation Failure) 2016-10-23T22:36:00.782+0800: 2179.812: [ParNew
Desired survivor size 20112992 bytes, new threshold 8 (max 8)
- age   1:    3904976 bytes,    3904976 total
- age   2:    1626968 bytes,    5531944 total
- age   3:     593296 bytes,    6125240 total
- age   4:    2693248 bytes,    8818488 total
- age   5:    5183512 bytes,   14002000 total
- age   6:    3822904 bytes,   17824904 total
- age   7:    2054456 bytes,   19879360 total
: 109248K->21824K(109248K), 0.0126149 secs] 290068K->203445K(502464K), 0.0130144 secs] [Times: user=0.05 sys=0.00, real=0.01 secs] 
Heap after GC invocations=723 (full 13):
 par new generation   total 109248K, used 21824K [0x00000007a0000000, 0x00000007a8000000, 0x00000007a8000000)
  eden space 87424K,   0% used [0x00000007a0000000, 0x00000007a0000000, 0x00000007a5560000)
  from space 21824K, 100% used [0x00000007a6ab0000, 0x00000007a8000000, 0x00000007a8000000)
  to   space 21824K,   0% used [0x00000007a5560000, 0x00000007a5560000, 0x00000007a6ab0000)
 concurrent mark-sweep generation total 393216K, used 181621K [0x00000007a8000000, 0x00000007c0000000, 0x00000007c0000000)
 Metaspace       used 41622K, capacity 42464K, committed 42612K, reserved 1087488K
  class space    used 4706K, capacity 4921K, committed 4988K, reserved 1048576K
}
2016-10-23T22:36:00.795+0800: 2179.825: Total time for which application threads were stopped: 0.0171569 seconds, Stopping threads took: 0.0039224 seconds
2016-10-23T22:36:00.799+0800: 2179.829: Total time for which application threads were stopped: 0.0001557 seconds, Stopping threads took: 0.0000543 seconds
{Heap before GC invocations=723 (full 13):
 par new generation   total 109248K, used 109248K [0x00000007a0000000, 0x00000007a8000000, 0x00000007a8000000)
  eden space 87424K, 100% used [0x00000007a0000000, 0x00000007a5560000, 0x00000007a5560000)
  from space 21824K, 100% used [0x00000007a6ab0000, 0x00000007a8000000, 0x00000007a8000000)
  to   space 21824K,   0% used [0x00000007a5560000, 0x00000007a5560000, 0x00000007a6ab0000)
 concurrent mark-sweep generation total 393216K, used 181621K [0x00000007a8000000, 0x00000007c0000000, 0x00000007c0000000)
 Metaspace       used 41622K, capacity 42464K, committed 42612K, reserved 1087488K
  class space    used 4706K, capacity 4921K, committed 4988K, reserved 1048576K
2016-10-23T22:36:00.914+0800: 2179.943: [GC (Allocation Failure) 2016-10-23T22:36:00.914+0800: 2179.943: [ParNew
Desired survivor size 20112992 bytes, new threshold 8 (max 8)
- age   1:    3873128 bytes,    3873128 total
- age   2:    2941200 bytes,    6814328 total
- age   3:    1407952 bytes,    8222280 total
- age   4:     538320 bytes,    8760600 total
- age   5:    2685584 bytes,   11446184 total
- age   6:    4825664 bytes,   16271848 total
- age   7:    3814096 bytes,   20085944 total
- age   8:    2050256 bytes,   22136200 total
: 109248K->21824K(109248K), 0.0131375 secs] 290869K->205855K(502464K), 0.0131935 secs] [Times: user=0.05 sys=0.00, real=0.01 secs] 
Heap after GC invocations=724 (full 13):
 par new generation   total 109248K, used 21824K [0x00000007a0000000, 0x00000007a8000000, 0x00000007a8000000)
  eden space 87424K,   0% used [0x00000007a0000000, 0x00000007a0000000, 0x00000007a5560000)
  from space 21824K, 100% used [0x00000007a5560000, 0x00000007a6ab0000, 0x00000007a6ab0000)
  to   space 21824K,   0% used [0x00000007a6ab0000, 0x00000007a6ab0000, 0x00000007a8000000)
 concurrent mark-sweep generation total 393216K, used 184031K [0x00000007a8000000, 0x00000007c0000000, 0x00000007c0000000)
 Metaspace       used 41622K, capacity 42464K, committed 42612K, reserved 1087488K
  class space    used 4706K, capacity 4921K, committed 4988K, reserved 1048576K
}
2016-10-23T22:36:00.927+0800: 2179.957: Total time for which application threads were stopped: 0.0134330 seconds, Stopping threads took: 0.0000650 seconds
{Heap before GC invocations=724 (full 13):
 par new generation   total 109248K, used 109248K [0x00000007a0000000, 0x00000007a8000000, 0x00000007a8000000)
  eden space 87424K, 100% used [0x00000007a0000000, 0x00000007a5560000, 0x00000007a5560000)
  from space 21824K, 100% used [0x00000007a5560000, 0x00000007a6ab0000, 0x00000007a6ab0000)
  to   space 21824K,   0% used [0x00000007a6ab0000, 0x00000007a6ab0000, 0x00000007a8000000)
 concurrent mark-sweep generation total 393216K, used 184031K [0x00000007a8000000, 0x00000007c0000000, 0x00000007c0000000)
 Metaspace       used 41622K, capacity 42464K, committed 42612K, reserved 1087488K
  class space    used 4706K, capacity 4921K, committed 4988K, reserved 1048576K
2016-10-23T22:36:01.071+0800: 2180.100: [GC (Allocation Failure) 2016-10-23T22:36:01.071+0800: 2180.101: [ParNew
Desired survivor size 20112992 bytes, new threshold 8 (max 8)
- age   1:    5413120 bytes,    5413120 total
- age   2:    2396944 bytes,    7810064 total
- age   3:    2896080 bytes,   10706144 total
- age   4:    1338728 bytes,   12044872 total
- age   5:     531992 bytes,   12576864 total
- age   6:    2348040 bytes,   14924904 total
- age   7:    4367800 bytes,   19292704 total
- age   8:    2677880 bytes,   21970584 total
: 109248K->21824K(109248K), 0.0164386 secs] 293279K->211064K(502464K), 0.0165050 secs] [Times: user=0.07 sys=0.00, real=0.01 secs] 
Heap after GC invocations=725 (full 13):
 par new generation   total 109248K, used 21824K [0x00000007a0000000, 0x00000007a8000000, 0x00000007a8000000)
  eden space 87424K,   0% used [0x00000007a0000000, 0x00000007a0000000, 0x00000007a5560000)
  from space 21824K, 100% used [0x00000007a6ab0000, 0x00000007a8000000, 0x00000007a8000000)
  to   space 21824K,   0% used [0x00000007a5560000, 0x00000007a5560000, 0x00000007a6ab0000)
 concurrent mark-sweep generation total 393216K, used 189240K [0x00000007a8000000, 0x00000007c0000000, 0x00000007c0000000)
 Metaspace       used 41622K, capacity 42464K, committed 42612K, reserved 1087488K
  class space    used 4706K, capacity 4921K, committed 4988K, reserved 1048576K
}
2016-10-23T22:36:01.087+0800: 2180.117: Total time for which application threads were stopped: 0.0167356 seconds, Stopping threads took: 0.0000603 seconds
{Heap before GC invocations=725 (full 13):
 par new generation   total 109248K, used 109248K [0x00000007a0000000, 0x00000007a8000000, 0x00000007a8000000)
  eden space 87424K, 100% used [0x00000007a0000000, 0x00000007a5560000, 0x00000007a5560000)
  from space 21824K, 100% used [0x00000007a6ab0000, 0x00000007a8000000, 0x00000007a8000000)
  to   space 21824K,   0% used [0x00000007a5560000, 0x00000007a5560000, 0x00000007a6ab0000)
 concurrent mark-sweep generation total 393216K, used 189240K [0x00000007a8000000, 0x00000007c0000000, 0x00000007c0000000)
 Metaspace       used 41622K, capacity 42464K, committed 42612K, reserved 1087488K
  class space    used 4706K, capacity 4921K, committed 4988K, reserved 1048576K
2016-10-23T22:36:01.167+0800: 2180.197: [GC (Allocation Failure) 2016-10-23T22:36:01.167+0800: 2180.197: [ParNew
Desired survivor size 20112992 bytes, new threshold 8 (max 8)
- age   1:    3479120 bytes,    3479120 total
- age   2:    3616360 bytes,    7095480 total
- age   3:    2200008 bytes,    9295488 total
- age   4:    2453016 bytes,   11748504 total
- age   5:    1307672 bytes,   13056176 total
- age   6:     525512 bytes,   13581688 total
- age   7:    2199448 bytes,   15781136 total
- age   8:    3338384 bytes,   19119520 total
: 109248K->21824K(109248K), 0.0122891 secs] 298488K->217352K(502464K), 0.0123455 secs] [Times: user=0.05 sys=0.00, real=0.02 secs] 
Heap after GC invocations=726 (full 13):
 par new generation   total 109248K, used 21824K [0x00000007a0000000, 0x00000007a8000000, 0x00000007a8000000)
  eden space 87424K,   0% used [0x00000007a0000000, 0x00000007a0000000, 0x00000007a5560000)
  from space 21824K, 100% used [0x00000007a5560000, 0x00000007a6ab0000, 0x00000007a6ab0000)
  to   space 21824K,   0% used [0x00000007a6ab0000, 0x00000007a6ab0000, 0x00000007a8000000)
 concurrent mark-sweep generation total 393216K, used 195528K [0x00000007a8000000, 0x00000007c0000000, 0x00000007c0000000)
 Metaspace       used 41622K, capacity 42464K, committed 42612K, reserved 1087488K
  class space    used 4706K, capacity 4921K, committed 4988K, reserved 1048576K
}
2016-10-23T22:36:01.180+0800: 2180.210: Total time for which application threads were stopped: 0.0125833 seconds, Stopping threads took: 0.0000650 seconds
{Heap before GC invocations=726 (full 13):
 par new generation   total 109248K, used 109248K [0x00000007a0000000, 0x00000007a8000000, 0x00000007a8000000)
  eden space 87424K, 100% used [0x00000007a0000000, 0x00000007a5560000, 0x00000007a5560000)
  from space 21824K, 100% used [0x00000007a5560000, 0x00000007a6ab0000, 0x00000007a6ab0000)
  to   space 21824K,   0% used [0x00000007a6ab0000, 0x00000007a6ab0000, 0x00000007a8000000)
 concurrent mark-sweep generation total 393216K, used 195528K [0x00000007a8000000, 0x00000007c0000000, 0x00000007c0000000)
 Metaspace       used 41622K, capacity 42464K, committed 42612K, reserved 1087488K
  class space    used 4706K, capacity 4921K, committed 4988K, reserved 1048576K
2016-10-23T22:36:01.225+0800: 2180.255: [GC (Allocation Failure) 2016-10-23T22:36:01.225+0800: 2180.255: [ParNew
Desired survivor size 20112992 bytes, new threshold 8 (max 8)
- age   1:    2913512 bytes,    2913512 total
- age   2:    2493960 bytes,    5407472 total
- age   3:    3546944 bytes,    8954416 total
- age   4:    2156624 bytes,   11111040 total
- age   5:    2444264 bytes,   13555304 total
- age   6:    1300096 bytes,   14855400 total
- age   7:     523592 bytes,   15378992 total
- age   8:    2199448 bytes,   17578440 total
: 109248K->21824K(109248K), 0.0103438 secs] 304776K->220889K(502464K), 0.0104013 secs] [Times: user=0.05 sys=0.00, real=0.01 secs] 
Heap after GC invocations=727 (full 13):
 par new generation   total 109248K, used 21824K [0x00000007a0000000, 0x00000007a8000000, 0x00000007a8000000)
  eden space 87424K,   0% used [0x00000007a0000000, 0x00000007a0000000, 0x00000007a5560000)
  from space 21824K, 100% used [0x00000007a6ab0000, 0x00000007a8000000, 0x00000007a8000000)
  to   space 21824K,   0% used [0x00000007a5560000, 0x00000007a5560000, 0x00000007a6ab0000)
 concurrent mark-sweep generation total 393216K, used 199065K [0x00000007a8000000, 0x00000007c0000000, 0x00000007c0000000)
 Metaspace       used 41622K, capacity 42464K, committed 42612K, reserved 1087488K
  class space    used 4706K, capacity 4921K, committed 4988K, reserved 1048576K
}
2016-10-23T22:36:01.236+0800: 2180.265: Total time for which application threads were stopped: 0.0106391 seconds, Stopping threads took: 0.0000716 seconds
2016-10-23T22:36:01.236+0800: 2180.266: [GC (CMS Initial Mark) [1 CMS-initial-mark: 199065K(393216K)] 222610K(502464K), 0.0029989 secs] [Times: user=0.01 sys=0.00, real=0.00 secs] 
2016-10-23T22:36:01.239+0800: 2180.269: Total time for which application threads were stopped: 0.0031807 seconds, Stopping threads took: 0.0000650 seconds
2016-10-23T22:36:01.239+0800: 2180.269: [CMS-concurrent-mark-start]
2016-10-23T22:36:01.251+0800: 2180.280: [CMS-concurrent-mark: 0.012/0.012 secs] [Times: user=0.08 sys=0.00, real=0.02 secs] 
2016-10-23T22:36:01.251+0800: 2180.281: [CMS-concurrent-preclean-start]
2016-10-23T22:36:01.252+0800: 2180.282: [CMS-concurrent-preclean: 0.002/0.002 secs] [Times: user=0.01 sys=0.00, real=0.00 secs] 
2016-10-23T22:36:01.252+0800: 2180.282: [CMS-concurrent-abortable-preclean-start]
{Heap before GC invocations=727 (full 14):
 par new generation   total 109248K, used 109248K [0x00000007a0000000, 0x00000007a8000000, 0x00000007a8000000)
  eden space 87424K, 100% used [0x00000007a0000000, 0x00000007a5560000, 0x00000007a5560000)
  from space 21824K, 100% used [0x00000007a6ab0000, 0x00000007a8000000, 0x00000007a8000000)
  to   space 21824K,   0% used [0x00000007a5560000, 0x00000007a5560000, 0x00000007a6ab0000)
 concurrent mark-sweep generation total 393216K, used 199065K [0x00000007a8000000, 0x00000007c0000000, 0x00000007c0000000)
 Metaspace       used 41622K, capacity 42464K, committed 42612K, reserved 1087488K
  class space    used 4706K, capacity 4921K, committed 4988K, reserved 1048576K
2016-10-23T22:36:01.293+0800: 2180.323: [GC (Allocation Failure) 2016-10-23T22:36:01.293+0800: 2180.323: [ParNew
Desired survivor size 20112992 bytes, new threshold 8 (max 8)
- age   1:    3044104 bytes,    3044104 total
- age   2:    1402816 bytes,    4446920 total
- age   3:    2304008 bytes,    6750928 total
- age   4:    3465216 bytes,   10216144 total
- age   5:    2114328 bytes,   12330472 total
- age   6:    2443960 bytes,   14774432 total
- age   7:    1300096 bytes,   16074528 total
- age   8:     523592 bytes,   16598120 total
: 109248K->21824K(109248K), 0.0101116 secs] 308313K->223301K(502464K), 0.0101818 secs] [Times: user=0.05 sys=0.00, real=0.01 secs] 
Heap after GC invocations=728 (full 14):
 par new generation   total 109248K, used 21824K [0x00000007a0000000, 0x00000007a8000000, 0x00000007a8000000)
  eden space 87424K,   0% used [0x00000007a0000000, 0x00000007a0000000, 0x00000007a5560000)
  from space 21824K, 100% used [0x00000007a5560000, 0x00000007a6ab0000, 0x00000007a6ab0000)
  to   space 21824K,   0% used [0x00000007a6ab0000, 0x00000007a6ab0000, 0x00000007a8000000)
 concurrent mark-sweep generation total 393216K, used 201477K [0x00000007a8000000, 0x00000007c0000000, 0x00000007c0000000)
 Metaspace       used 41622K, capacity 42464K, committed 42612K, reserved 1087488K
  class space    used 4706K, capacity 4921K, committed 4988K, reserved 1048576K
}
2016-10-23T22:36:01.303+0800: 2180.333: Total time for which application threads were stopped: 0.0103949 seconds, Stopping threads took: 0.0000257 seconds
{Heap before GC invocations=728 (full 14):
 par new generation   total 109248K, used 109248K [0x00000007a0000000, 0x00000007a8000000, 0x00000007a8000000)
  eden space 87424K, 100% used [0x00000007a0000000, 0x00000007a5560000, 0x00000007a5560000)
  from space 21824K, 100% used [0x00000007a5560000, 0x00000007a6ab0000, 0x00000007a6ab0000)
  to   space 21824K,   0% used [0x00000007a6ab0000, 0x00000007a6ab0000, 0x00000007a8000000)
 concurrent mark-sweep generation total 393216K, used 201477K [0x00000007a8000000, 0x00000007c0000000, 0x00000007c0000000)
 Metaspace       used 41622K, capacity 42464K, committed 42612K, reserved 1087488K
  class space    used 4706K, capacity 4921K, committed 4988K, reserved 1048576K
2016-10-23T22:36:01.347+0800: 2180.377: [GC (Allocation Failure) 2016-10-23T22:36:01.347+0800: 2180.377: [ParNew
Desired survivor size 20112992 bytes, new threshold 8 (max 8)
- age   1:    2793264 bytes,    2793264 total
- age   2:    1533088 bytes,    4326352 total
- age   3:    1373520 bytes,    5699872 total
- age   4:    2266592 bytes,    7966464 total
- age   5:    3418496 bytes,   11384960 total
- age   6:    2104832 bytes,   13489792 total
- age   7:    2442896 bytes,   15932688 total
- age   8:    1298368 bytes,   17231056 total
: 109248K->21824K(109248K), 0.0092788 secs] 310725K->224157K(502464K), 0.0093336 secs] [Times: user=0.03 sys=0.00, real=0.01 secs] 
Heap after GC invocations=729 (full 14):
 par new generation   total 109248K, used 21824K [0x00000007a0000000, 0x00000007a8000000, 0x00000007a8000000)
  eden space 87424K,   0% used [0x00000007a0000000, 0x00000007a0000000, 0x00000007a5560000)
  from space 21824K, 100% used [0x00000007a6ab0000, 0x00000007a8000000, 0x00000007a8000000)
  to   space 21824K,   0% used [0x00000007a5560000, 0x00000007a5560000, 0x00000007a6ab0000)
 concurrent mark-sweep generation total 393216K, used 202333K [0x00000007a8000000, 0x00000007c0000000, 0x00000007c0000000)
 Metaspace       used 41622K, capacity 42464K, committed 42612K, reserved 1087488K
  class space    used 4706K, capacity 4921K, committed 4988K, reserved 1048576K
}
2016-10-23T22:36:01.356+0800: 2180.386: Total time for which application threads were stopped: 0.0096139 seconds, Stopping threads took: 0.0001072 seconds
2016-10-23T22:36:01.361+0800: 2180.390: [CMS-concurrent-abortable-preclean: 0.087/0.108 secs] [Times: user=0.44 sys=0.01, real=0.11 secs] 
2016-10-23T22:36:01.361+0800: 2180.391: [GC (CMS Final Remark) [YG occupancy: 30926 K (109248 K)]{Heap before GC invocations=729 (full 14):
 par new generation   total 109248K, used 30926K [0x00000007a0000000, 0x00000007a8000000, 0x00000007a8000000)
  eden space 87424K,  10% used [0x00000007a0000000, 0x00000007a08e38d8, 0x00000007a5560000)
  from space 21824K, 100% used [0x00000007a6ab0000, 0x00000007a8000000, 0x00000007a8000000)
  to   space 21824K,   0% used [0x00000007a5560000, 0x00000007a5560000, 0x00000007a6ab0000)
 concurrent mark-sweep generation total 393216K, used 202333K [0x00000007a8000000, 0x00000007c0000000, 0x00000007c0000000)
 Metaspace       used 41622K, capacity 42464K, committed 42612K, reserved 1087488K
  class space    used 4706K, capacity 4921K, committed 4988K, reserved 1048576K
2016-10-23T22:36:01.361+0800: 2180.391: [GC (CMS Final Remark) 2016-10-23T22:36:01.361+0800: 2180.391: [ParNew
Desired survivor size 20112992 bytes, new threshold 8 (max 8)
- age   1:     365792 bytes,     365792 total
- age   2:    2734720 bytes,    3100512 total
- age   3:    1367248 bytes,    4467760 total
- age   4:    1364784 bytes,    5832544 total
- age   5:    2259032 bytes,    8091576 total
- age   6:    3409112 bytes,   11500688 total
- age   7:    2092088 bytes,   13592776 total
- age   8:    2442896 bytes,   16035672 total
: 30926K->17833K(109248K), 0.0085055 secs] 233259K->221435K(502464K), 0.0085830 secs] [Times: user=0.03 sys=0.00, real=0.01 secs] 
Heap after GC invocations=730 (full 14):
 par new generation   total 109248K, used 17833K [0x00000007a0000000, 0x00000007a8000000, 0x00000007a8000000)
  eden space 87424K,   0% used [0x00000007a0000000, 0x00000007a0000000, 0x00000007a5560000)
  from space 21824K,  81% used [0x00000007a5560000, 0x00000007a66ca580, 0x00000007a6ab0000)
  to   space 21824K,   0% used [0x00000007a6ab0000, 0x00000007a6ab0000, 0x00000007a8000000)
 concurrent mark-sweep generation total 393216K, used 203602K [0x00000007a8000000, 0x00000007c0000000, 0x00000007c0000000)
 Metaspace       used 41622K, capacity 42464K, committed 42612K, reserved 1087488K
  class space    used 4706K, capacity 4921K, committed 4988K, reserved 1048576K
}
2016-10-23T22:36:01.370+0800: 2180.399: [Rescan (parallel) , 0.0033775 secs]2016-10-23T22:36:01.373+0800: 2180.403: [weak refs processing, 0.0009548 secs]2016-10-23T22:36:01.374+0800: 2180.404: [class unloading, 0.0119492 secs]2016-10-23T22:36:01.386+0800: 2180.416: [scrub symbol table, 0.0061256 secs]2016-10-23T22:36:01.392+0800: 2180.422: [scrub string table, 0.0005042 secs][1 CMS-remark: 203602K(393216K)] 221435K(502464K), 0.0318058 secs] [Times: user=0.07 sys=0.00, real=0.03 secs] 
2016-10-23T22:36:01.393+0800: 2180.423: Total time for which application threads were stopped: 0.0320443 seconds, Stopping threads took: 0.0000812 seconds
2016-10-23T22:36:01.393+0800: 2180.423: [CMS-concurrent-sweep-start]
{Heap before GC invocations=730 (full 14):
 par new generation   total 109248K, used 105257K [0x00000007a0000000, 0x00000007a8000000, 0x00000007a8000000)
  eden space 87424K, 100% used [0x00000007a0000000, 0x00000007a5560000, 0x00000007a5560000)
  from space 21824K,  81% used [0x00000007a5560000, 0x00000007a66ca580, 0x00000007a6ab0000)
  to   space 21824K,   0% used [0x00000007a6ab0000, 0x00000007a6ab0000, 0x00000007a8000000)
 concurrent mark-sweep generation total 393216K, used 141147K [0x00000007a8000000, 0x00000007c0000000, 0x00000007c0000000)
 Metaspace       used 41622K, capacity 42464K, committed 42612K, reserved 1087488K
  class space    used 4706K, capacity 4921K, committed 4988K, reserved 1048576K
2016-10-23T22:36:01.437+0800: 2180.467: [GC (Allocation Failure) 2016-10-23T22:36:01.437+0800: 2180.467: [ParNew
Desired survivor size 20112992 bytes, new threshold 8 (max 8)
- age   1:    4448608 bytes,    4448608 total
- age   2:     302584 bytes,    4751192 total
- age   3:    1320392 bytes,    6071584 total
- age   4:    1070880 bytes,    7142464 total
- age   5:    1362104 bytes,    8504568 total
- age   6:    2257488 bytes,   10762056 total
- age   7:    2800032 bytes,   13562088 total
- age   8:    1966904 bytes,   15528992 total
: 105257K->20961K(109248K), 0.0100010 secs] 246404K->164437K(502464K), 0.0100572 secs] [Times: user=0.03 sys=0.00, real=0.01 secs] 
Heap after GC invocations=731 (full 14):
 par new generation   total 109248K, used 20961K [0x00000007a0000000, 0x00000007a8000000, 0x00000007a8000000)
  eden space 87424K,   0% used [0x00000007a0000000, 0x00000007a0000000, 0x00000007a5560000)
  from space 21824K,  96% used [0x00000007a6ab0000, 0x00000007a7f28460, 0x00000007a8000000)
  to   space 21824K,   0% used [0x00000007a5560000, 0x00000007a5560000, 0x00000007a6ab0000)
 concurrent mark-sweep generation total 393216K, used 143476K [0x00000007a8000000, 0x00000007c0000000, 0x00000007c0000000)
 Metaspace       used 41622K, capacity 42464K, committed 42612K, reserved 1087488K
  class space    used 4706K, capacity 4921K, committed 4988K, reserved 1048576K
}
2016-10-23T22:36:01.447+0800: 2180.477: Total time for which application threads were stopped: 0.0103619 seconds, Stopping threads took: 0.0001080 seconds
2016-10-23T22:36:01.495+0800: 2180.525: [CMS-concurrent-sweep: 0.092/0.102 secs] [Times: user=0.39 sys=0.00, real=0.10 secs] 
2016-10-23T22:36:01.495+0800: 2180.525: [CMS-concurrent-reset-start]
2016-10-23T22:36:01.495+0800: 2180.525: [CMS-concurrent-reset: 0.000/0.000 secs] [Times: user=0.00 sys=0.00, real=0.00 secs] 
{Heap before GC invocations=731 (full 14):
 par new generation   total 109248K, used 108385K [0x00000007a0000000, 0x00000007a8000000, 0x00000007a8000000)
  eden space 87424K, 100% used [0x00000007a0000000, 0x00000007a5560000, 0x00000007a5560000)
  from space 21824K,  96% used [0x00000007a6ab0000, 0x00000007a7f28460, 0x00000007a8000000)
  to   space 21824K,   0% used [0x00000007a5560000, 0x00000007a5560000, 0x00000007a6ab0000)
 concurrent mark-sweep generation total 393216K, used 48457K [0x00000007a8000000, 0x00000007c0000000, 0x00000007c0000000)
 Metaspace       used 41622K, capacity 42464K, committed 42612K, reserved 1087488K
  class space    used 4706K, capacity 4921K, committed 4988K, reserved 1048576K
2016-10-23T22:36:01.568+0800: 2180.597: [GC (Allocation Failure) 2016-10-23T22:36:01.568+0800: 2180.597: [ParNew
Desired survivor size 20112992 bytes, new threshold 8 (max 8)
- age   1:    6531072 bytes,    6531072 total
- age   2:    2516464 bytes,    9047536 total
- age   3:     112344 bytes,    9159880 total
- age   4:    1017296 bytes,   10177176 total
- age   5:     943120 bytes,   11120296 total
- age   6:    1172152 bytes,   12292448 total
- age   7:    2070600 bytes,   14363048 total
- age   8:    2449160 bytes,   16812208 total
: 108385K->20911K(109248K), 0.0100065 secs] 156842K->71046K(502464K), 0.0100554 secs] [Times: user=0.04 sys=0.00, real=0.01 secs] 
Heap after GC invocations=732 (full 14):
 par new generation   total 109248K, used 20911K [0x00000007a0000000, 0x00000007a8000000, 0x00000007a8000000)
  eden space 87424K,   0% used [0x00000007a0000000, 0x00000007a0000000, 0x00000007a5560000)
  from space 21824K,  95% used [0x00000007a5560000, 0x00000007a69cbfb8, 0x00000007a6ab0000)
  to   space 21824K,   0% used [0x00000007a6ab0000, 0x00000007a6ab0000, 0x00000007a8000000)
 concurrent mark-sweep generation total 393216K, used 50134K [0x00000007a8000000, 0x00000007c0000000, 0x00000007c0000000)
 Metaspace       used 41622K, capacity 42464K, committed 42612K, reserved 1087488K
  class space    used 4706K, capacity 4921K, committed 4988K, reserved 1048576K
}
2016-10-23T22:36:01.578+0800: 2180.608: Total time for which application threads were stopped: 0.0103532 seconds, Stopping threads took: 0.0000909 seconds
{Heap before GC invocations=732 (full 14):
 par new generation   total 109248K, used 108335K [0x00000007a0000000, 0x00000007a8000000, 0x00000007a8000000)
  eden space 87424K, 100% used [0x00000007a0000000, 0x00000007a5560000, 0x00000007a5560000)
  from space 21824K,  95% used [0x00000007a5560000, 0x00000007a69cbfb8, 0x00000007a6ab0000)
  to   space 21824K,   0% used [0x00000007a6ab0000, 0x00000007a6ab0000, 0x00000007a8000000)
 concurrent mark-sweep generation total 393216K, used 50134K [0x00000007a8000000, 0x00000007c0000000, 0x00000007c0000000)
 Metaspace       used 41622K, capacity 42464K, committed 42612K, reserved 1087488K
  class space    used 4706K, capacity 4921K, committed 4988K, reserved 1048576K
2016-10-23T22:36:01.641+0800: 2180.671: [GC (Allocation Failure) 2016-10-23T22:36:01.641+0800: 2180.671: [ParNew
Desired survivor size 20112992 bytes, new threshold 8 (max 8)
- age   1:    1979136 bytes,    1979136 total
- age   2:    6095240 bytes,    8074376 total
- age   3:    2517184 bytes,   10591560 total
- age   4:     112416 bytes,   10703976 total
- age   5:    1018088 bytes,   11722064 total
- age   6:     943984 bytes,   12666048 total
- age   7:    1173016 bytes,   13839064 total
- age   8:    2071656 bytes,   15910720 total
: 108335K->18019K(109248K), 0.0106087 secs] 158470K->70625K(502464K), 0.0106770 secs] [Times: user=0.03 sys=0.00, real=0.01 secs] 
Heap after GC invocations=733 (full 14):
 par new generation   total 109248K, used 18019K [0x00000007a0000000, 0x00000007a8000000, 0x00000007a8000000)
  eden space 87424K,   0% used [0x00000007a0000000, 0x00000007a0000000, 0x00000007a5560000)
  from space 21824K,  82% used [0x00000007a6ab0000, 0x00000007a7c48f60, 0x00000007a8000000)
  to   space 21824K,   0% used [0x00000007a5560000, 0x00000007a5560000, 0x00000007a6ab0000)
 concurrent mark-sweep generation total 393216K, used 52605K [0x00000007a8000000, 0x00000007c0000000, 0x00000007c0000000)
 Metaspace       used 41622K, capacity 42464K, committed 42612K, reserved 1087488K
  class space    used 4706K, capacity 4921K, committed 4988K, reserved 1048576K
}
2016-10-23T22:36:01.652+0800: 2180.681: Total time for which application threads were stopped: 0.0109656 seconds, Stopping threads took: 0.0000843 seconds
{Heap before GC invocations=733 (full 14):
 par new generation   total 109248K, used 105443K [0x00000007a0000000, 0x00000007a8000000, 0x00000007a8000000)
  eden space 87424K, 100% used [0x00000007a0000000, 0x00000007a5560000, 0x00000007a5560000)
  from space 21824K,  82% used [0x00000007a6ab0000, 0x00000007a7c48f60, 0x00000007a8000000)
  to   space 21824K,   0% used [0x00000007a5560000, 0x00000007a5560000, 0x00000007a6ab0000)
 concurrent mark-sweep generation total 393216K, used 52605K [0x00000007a8000000, 0x00000007c0000000, 0x00000007c0000000)
 Metaspace       used 41622K, capacity 42464K, committed 42612K, reserved 1087488K
  class space    used 4706K, capacity 4921K, committed 4988K, reserved 1048576K
2016-10-23T22:36:01.704+0800: 2180.734: [GC (Allocation Failure) 2016-10-23T22:36:01.704+0800: 2180.734: [ParNew
Desired survivor size 20112992 bytes, new threshold 8 (max 8)
- age   1:    2734280 bytes,    2734280 total
- age   2:    1243424 bytes,    3977704 total
- age   3:    5672520 bytes,    9650224 total
- age   4:    2362168 bytes,   12012392 total
- age   5:      94584 bytes,   12106976 total
- age   6:     873352 bytes,   12980328 total
- age   7:     808568 bytes,   13788896 total
- age   8:    1027760 bytes,   14816656 total
: 105443K->19065K(109248K), 0.0080967 secs] 158049K->73478K(502464K), 0.0081498 secs] [Times: user=0.03 sys=0.00, real=0.01 secs] 
Heap after GC invocations=734 (full 14):
 par new generation   total 109248K, used 19065K [0x00000007a0000000, 0x00000007a8000000, 0x00000007a8000000)
  eden space 87424K,   0% used [0x00000007a0000000, 0x00000007a0000000, 0x00000007a5560000)
  from space 21824K,  87% used [0x00000007a5560000, 0x00000007a67fe680, 0x00000007a6ab0000)
  to   space 21824K,   0% used [0x00000007a6ab0000, 0x00000007a6ab0000, 0x00000007a8000000)
 concurrent mark-sweep generation total 393216K, used 54413K [0x00000007a8000000, 0x00000007c0000000, 0x00000007c0000000)
 Metaspace       used 41622K, capacity 42464K, committed 42612K, reserved 1087488K
  class space    used 4706K, capacity 4921K, committed 4988K, reserved 1048576K
}
2016-10-23T22:36:01.713+0800: 2180.742: Total time for which application threads were stopped: 0.0084369 seconds, Stopping threads took: 0.0000862 seconds
{Heap before GC invocations=734 (full 14):
 par new generation   total 109248K, used 106489K [0x00000007a0000000, 0x00000007a8000000, 0x00000007a8000000)
  eden space 87424K, 100% used [0x00000007a0000000, 0x00000007a5560000, 0x00000007a5560000)
  from space 21824K,  87% used [0x00000007a5560000, 0x00000007a67fe680, 0x00000007a6ab0000)
  to   space 21824K,   0% used [0x00000007a6ab0000, 0x00000007a6ab0000, 0x00000007a8000000)
 concurrent mark-sweep generation total 393216K, used 54413K [0x00000007a8000000, 0x00000007c0000000, 0x00000007c0000000)
 Metaspace       used 41622K, capacity 42464K, committed 42612K, reserved 1087488K
  class space    used 4706K, capacity 4921K, committed 4988K, reserved 1048576K
2016-10-23T22:36:01.768+0800: 2180.798: [GC (Allocation Failure) 2016-10-23T22:36:01.768+0800: 2180.798: [ParNew
Desired survivor size 20112992 bytes, new threshold 8 (max 8)
- age   1:    2950568 bytes,    2950568 total
- age   2:    2183200 bytes,    5133768 total
- age   3:    1094960 bytes,    6228728 total
- age   4:    5672520 bytes,   11901248 total
- age   5:    2362192 bytes,   14263440 total
- age   6:      94584 bytes,   14358024 total
- age   7:     873352 bytes,   15231376 total
- age   8:     808544 bytes,   16039920 total
: 106489K->21044K(109248K), 0.0085621 secs] 160902K->76467K(502464K), 0.0086549 secs] [Times: user=0.03 sys=0.00, real=0.01 secs] 
Heap after GC invocations=735 (full 14):
 par new generation   total 109248K, used 21044K [0x00000007a0000000, 0x00000007a8000000, 0x00000007a8000000)
  eden space 87424K,   0% used [0x00000007a0000000, 0x00000007a0000000, 0x00000007a5560000)
  from space 21824K,  96% used [0x00000007a6ab0000, 0x00000007a7f3d030, 0x00000007a8000000)
  to   space 21824K,   0% used [0x00000007a5560000, 0x00000007a5560000, 0x00000007a6ab0000)
 concurrent mark-sweep generation total 393216K, used 55423K [0x00000007a8000000, 0x00000007c0000000, 0x00000007c0000000)
 Metaspace       used 41622K, capacity 42464K, committed 42612K, reserved 1087488K
  class space    used 4706K, capacity 4921K, committed 4988K, reserved 1048576K
}
2016-10-23T22:36:01.777+0800: 2180.807: Total time for which application threads were stopped: 0.0089428 seconds, Stopping threads took: 0.0000496 seconds
{Heap before GC invocations=735 (full 14):
 par new generation   total 109248K, used 108468K [0x00000007a0000000, 0x00000007a8000000, 0x00000007a8000000)
  eden space 87424K, 100% used [0x00000007a0000000, 0x00000007a5560000, 0x00000007a5560000)
  from space 21824K,  96% used [0x00000007a6ab0000, 0x00000007a7f3d030, 0x00000007a8000000)
  to   space 21824K,   0% used [0x00000007a5560000, 0x00000007a5560000, 0x00000007a6ab0000)
 concurrent mark-sweep generation total 393216K, used 55423K [0x00000007a8000000, 0x00000007c0000000, 0x00000007c0000000)
 Metaspace       used 41622K, capacity 42464K, committed 42612K, reserved 1087488K
  class space    used 4706K, capacity 4921K, committed 4988K, reserved 1048576K
2016-10-23T22:36:01.841+0800: 2180.871: [GC (Allocation Failure) 2016-10-23T22:36:01.841+0800: 2180.871: [ParNew
Desired survivor size 20112992 bytes, new threshold 8 (max 8)
- age   1:    3664688 bytes,    3664688 total
- age   2:    2037216 bytes,    5701904 total
- age   3:    1987896 bytes,    7689800 total
- age   4:    1102760 bytes,    8792560 total
- age   5:    5677824 bytes,   14470384 total
- age   6:    2362168 bytes,   16832552 total
- age   7:      94584 bytes,   16927136 total
- age   8:     873352 bytes,   17800488 total
: 108468K->18197K(109248K), 0.0089732 secs] 163891K->74416K(502464K), 0.0090263 secs] [Times: user=0.04 sys=0.00, real=0.01 secs] 
Heap after GC invocations=736 (full 14):
 par new generation   total 109248K, used 18197K [0x00000007a0000000, 0x00000007a8000000, 0x00000007a8000000)
  eden space 87424K,   0% used [0x00000007a0000000, 0x00000007a0000000, 0x00000007a5560000)
  from space 21824K,  83% used [0x00000007a5560000, 0x00000007a6725608, 0x00000007a6ab0000)
  to   space 21824K,   0% used [0x00000007a6ab0000, 0x00000007a6ab0000, 0x00000007a8000000)
 concurrent mark-sweep generation total 393216K, used 56218K [0x00000007a8000000, 0x00000007c0000000, 0x00000007c0000000)
 Metaspace       used 41622K, capacity 42464K, committed 42612K, reserved 1087488K
  class space    used 4706K, capacity 4921K, committed 4988K, reserved 1048576K
}
2016-10-23T22:36:01.850+0800: 2180.880: Total time for which application threads were stopped: 0.0093058 seconds, Stopping threads took: 0.0001004 seconds
{Heap before GC invocations=736 (full 14):
 par new generation   total 109248K, used 105621K [0x00000007a0000000, 0x00000007a8000000, 0x00000007a8000000)
  eden space 87424K, 100% used [0x00000007a0000000, 0x00000007a5560000, 0x00000007a5560000)
  from space 21824K,  83% used [0x00000007a5560000, 0x00000007a6725608, 0x00000007a6ab0000)
  to   space 21824K,   0% used [0x00000007a6ab0000, 0x00000007a6ab0000, 0x00000007a8000000)
 concurrent mark-sweep generation total 393216K, used 56218K [0x00000007a8000000, 0x00000007c0000000, 0x00000007c0000000)
 Metaspace       used 41622K, capacity 42464K, committed 42612K, reserved 1087488K
  class space    used 4706K, capacity 4921K, committed 4988K, reserved 1048576K
2016-10-23T22:36:01.905+0800: 2180.935: [GC (Allocation Failure) 2016-10-23T22:36:01.905+0800: 2180.935: [ParNew
Desired survivor size 20112992 bytes, new threshold 8 (max 8)
- age   1:    3338760 bytes,    3338760 total
- age   2:    2440752 bytes,    5779512 total
- age   3:    1736120 bytes,    7515632 total
- age   4:    1973760 bytes,    9489392 total
- age   5:    1080208 bytes,   10569600 total
- age   6:    5728968 bytes,   16298568 total
- age   7:    2362168 bytes,   18660736 total
- age   8:      94584 bytes,   18755320 total
: 105621K->21824K(109248K), 0.0095780 secs] 161840K->79170K(502464K), 0.0096578 secs] [Times: user=0.03 sys=0.01, real=0.01 secs] 
Heap after GC invocations=737 (full 14):
 par new generation   total 109248K, used 21824K [0x00000007a0000000, 0x00000007a8000000, 0x00000007a8000000)
  eden space 87424K,   0% used [0x00000007a0000000, 0x00000007a0000000, 0x00000007a5560000)
  from space 21824K, 100% used [0x00000007a6ab0000, 0x00000007a8000000, 0x00000007a8000000)
  to   space 21824K,   0% used [0x00000007a5560000, 0x00000007a5560000, 0x00000007a6ab0000)
 concurrent mark-sweep generation total 393216K, used 57346K [0x00000007a8000000, 0x00000007c0000000, 0x00000007c0000000)
 Metaspace       used 41622K, capacity 42464K, committed 42612K, reserved 1087488K
  class space    used 4706K, capacity 4921K, committed 4988K, reserved 1048576K
}
2016-10-23T22:36:01.915+0800: 2180.945: Total time for which application threads were stopped: 0.0099621 seconds, Stopping threads took: 0.0000843 seconds
{Heap before GC invocations=737 (full 14):
 par new generation   total 109248K, used 109248K [0x00000007a0000000, 0x00000007a8000000, 0x00000007a8000000)
  eden space 87424K, 100% used [0x00000007a0000000, 0x00000007a5560000, 0x00000007a5560000)
  from space 21824K, 100% used [0x00000007a6ab0000, 0x00000007a8000000, 0x00000007a8000000)
  to   space 21824K,   0% used [0x00000007a5560000, 0x00000007a5560000, 0x00000007a6ab0000)
 concurrent mark-sweep generation total 393216K, used 57346K [0x00000007a8000000, 0x00000007c0000000, 0x00000007c0000000)
 Metaspace       used 41622K, capacity 42464K, committed 42612K, reserved 1087488K
  class space    used 4706K, capacity 4921K, committed 4988K, reserved 1048576K
2016-10-23T22:36:01.986+0800: 2181.016: [GC (Allocation Failure) 2016-10-23T22:36:01.986+0800: 2181.016: [ParNew
Desired survivor size 20112992 bytes, new threshold 8 (max 8)
- age   1:    4201680 bytes,    4201680 total
- age   2:    1980728 bytes,    6182408 total
- age   3:    1969928 bytes,    8152336 total
- age   4:    1582384 bytes,    9734720 total
- age   5:    1845720 bytes,   11580440 total
- age   6:    1022928 bytes,   12603368 total
- age   7:    5614752 bytes,   18218120 total
- age   8:    2362168 bytes,   20580288 total
: 109248K->21824K(109248K), 0.0097989 secs] 166594K->80103K(502464K), 0.0098738 secs] [Times: user=0.04 sys=0.00, real=0.01 secs] 
Heap after GC invocations=738 (full 14):
 par new generation   total 109248K, used 21824K [0x00000007a0000000, 0x00000007a8000000, 0x00000007a8000000)
  eden space 87424K,   0% used [0x00000007a0000000, 0x00000007a0000000, 0x00000007a5560000)
  from space 21824K, 100% used [0x00000007a5560000, 0x00000007a6ab0000, 0x00000007a6ab0000)
  to   space 21824K,   0% used [0x00000007a6ab0000, 0x00000007a6ab0000, 0x00000007a8000000)
 concurrent mark-sweep generation total 393216K, used 58279K [0x00000007a8000000, 0x00000007c0000000, 0x00000007c0000000)
 Metaspace       used 41622K, capacity 42464K, committed 42612K, reserved 1087488K
  class space    used 4706K, capacity 4921K, committed 4988K, reserved 1048576K
}
2016-10-23T22:36:01.996+0800: 2181.026: Total time for which application threads were stopped: 0.0102240 seconds, Stopping threads took: 0.0001445 seconds
{Heap before GC invocations=738 (full 14):
 par new generation   total 109248K, used 109248K [0x00000007a0000000, 0x00000007a8000000, 0x00000007a8000000)
  eden space 87424K, 100% used [0x00000007a0000000, 0x00000007a5560000, 0x00000007a5560000)
  from space 21824K, 100% used [0x00000007a5560000, 0x00000007a6ab0000, 0x00000007a6ab0000)
  to   space 21824K,   0% used [0x00000007a6ab0000, 0x00000007a6ab0000, 0x00000007a8000000)
 concurrent mark-sweep generation total 393216K, used 58279K [0x00000007a8000000, 0x00000007c0000000, 0x00000007c0000000)
 Metaspace       used 41622K, capacity 42464K, committed 42612K, reserved 1087488K
  class space    used 4706K, capacity 4921K, committed 4988K, reserved 1048576K
2016-10-23T22:36:02.049+0800: 2181.078: [GC (Allocation Failure) 2016-10-23T22:36:02.049+0800: 2181.078: [ParNew
Desired survivor size 20112992 bytes, new threshold 8 (max 8)
- age   1:    3699776 bytes,    3699776 total
- age   2:    2440784 bytes,    6140560 total
- age   3:    1832120 bytes,    7972680 total
- age   4:    1951096 bytes,    9923776 total
- age   5:    1565288 bytes,   11489064 total
- age   6:    1717192 bytes,   13206256 total
- age   7:    1013600 bytes,   14219856 total
- age   8:    5681136 bytes,   19900992 total
: 109248K->21824K(109248K), 0.0099392 secs] 167527K->82704K(502464K), 0.0100073 secs] [Times: user=0.04 sys=0.00, real=0.01 secs] 
Heap after GC invocations=739 (full 14):
 par new generation   total 109248K, used 21824K [0x00000007a0000000, 0x00000007a8000000, 0x00000007a8000000)
  eden space 87424K,   0% used [0x00000007a0000000, 0x00000007a0000000, 0x00000007a5560000)
  from space 21824K, 100% used [0x00000007a6ab0000, 0x00000007a8000000, 0x00000007a8000000)
  to   space 21824K,   0% used [0x00000007a5560000, 0x00000007a5560000, 0x00000007a6ab0000)
 concurrent mark-sweep generation total 393216K, used 60880K [0x00000007a8000000, 0x00000007c0000000, 0x00000007c0000000)
 Metaspace       used 41622K, capacity 42464K, committed 42612K, reserved 1087488K
  class space    used 4706K, capacity 4921K, committed 4988K, reserved 1048576K
}
2016-10-23T22:36:02.059+0800: 2181.088: Total time for which application threads were stopped: 0.0102714 seconds, Stopping threads took: 0.0000777 seconds
{Heap before GC invocations=739 (full 14):
 par new generation   total 109248K, used 109248K [0x00000007a0000000, 0x00000007a8000000, 0x00000007a8000000)
  eden space 87424K, 100% used [0x00000007a0000000, 0x00000007a5560000, 0x00000007a5560000)
  from space 21824K, 100% used [0x00000007a6ab0000, 0x00000007a8000000, 0x00000007a8000000)
  to   space 21824K,   0% used [0x00000007a5560000, 0x00000007a5560000, 0x00000007a6ab0000)
 concurrent mark-sweep generation total 393216K, used 60880K [0x00000007a8000000, 0x00000007c0000000, 0x00000007c0000000)
 Metaspace       used 41622K, capacity 42464K, committed 42612K, reserved 1087488K
  class space    used 4706K, capacity 4921K, committed 4988K, reserved 1048576K
2016-10-23T22:36:02.118+0800: 2181.148: [GC (Allocation Failure) 2016-10-23T22:36:02.118+0800: 2181.148: [ParNew
Desired survivor size 20112992 bytes, new threshold 8 (max 8)
- age   1:    4591024 bytes,    4591024 total
- age   2:    2149360 bytes,    6740384 total
- age   3:    2401664 bytes,    9142048 total
- age   4:    1445384 bytes,   10587432 total
- age   5:    1893536 bytes,   12480968 total
- age   6:    1571600 bytes,   14052568 total
- age   7:    1689208 bytes,   15741776 total
- age   8:    1019624 bytes,   16761400 total
: 109248K->21824K(109248K), 0.0102310 secs] 170128K->88217K(502464K), 0.0103063 secs] [Times: user=0.04 sys=0.00, real=0.01 secs] 
Heap after GC invocations=740 (full 14):
 par new generation   total 109248K, used 21824K [0x00000007a0000000, 0x00000007a8000000, 0x00000007a8000000)
  eden space 87424K,   0% used [0x00000007a0000000, 0x00000007a0000000, 0x00000007a5560000)
  from space 21824K, 100% used [0x00000007a5560000, 0x00000007a6ab0000, 0x00000007a6ab0000)
  to   space 21824K,   0% used [0x00000007a6ab0000, 0x00000007a6ab0000, 0x00000007a8000000)
 concurrent mark-sweep generation total 393216K, used 66393K [0x00000007a8000000, 0x00000007c0000000, 0x00000007c0000000)
 Metaspace       used 41622K, capacity 42464K, committed 42612K, reserved 1087488K
  class space    used 4706K, capacity 4921K, committed 4988K, reserved 1048576K
}
2016-10-23T22:36:02.128+0800: 2181.158: Total time for which application threads were stopped: 0.0105502 seconds, Stopping threads took: 0.0000564 seconds
{Heap before GC invocations=740 (full 14):
 par new generation   total 109248K, used 109248K [0x00000007a0000000, 0x00000007a8000000, 0x00000007a8000000)
  eden space 87424K, 100% used [0x00000007a0000000, 0x00000007a5560000, 0x00000007a5560000)
  from space 21824K, 100% used [0x00000007a5560000, 0x00000007a6ab0000, 0x00000007a6ab0000)
  to   space 21824K,   0% used [0x00000007a6ab0000, 0x00000007a6ab0000, 0x00000007a8000000)
 concurrent mark-sweep generation total 393216K, used 66393K [0x00000007a8000000, 0x00000007c0000000, 0x00000007c0000000)
 Metaspace       used 41622K, capacity 42464K, committed 42612K, reserved 1087488K
  class space    used 4706K, capacity 4921K, committed 4988K, reserved 1048576K
2016-10-23T22:36:02.235+0800: 2181.265: [GC (Allocation Failure) 2016-10-23T22:36:02.235+0800: 2181.265: [ParNew
Desired survivor size 20112992 bytes, new threshold 8 (max 8)
- age   1:    6598448 bytes,    6598448 total
- age   2:    2679792 bytes,    9278240 total
- age   3:    1885096 bytes,   11163336 total
- age   4:    2054064 bytes,   13217400 total
- age   5:    1449008 bytes,   14666408 total
- age   6:    1765512 bytes,   16431920 total
- age   7:    1542320 bytes,   17974240 total
- age   8:    1690840 bytes,   19665080 total
: 109248K->21824K(109248K), 0.0110853 secs] 175641K->89234K(502464K), 0.0111435 secs] [Times: user=0.04 sys=0.00, real=0.01 secs] 
Heap after GC invocations=741 (full 14):
 par new generation   total 109248K, used 21824K [0x00000007a0000000, 0x00000007a8000000, 0x00000007a8000000)
  eden space 87424K,   0% used [0x00000007a0000000, 0x00000007a0000000, 0x00000007a5560000)
  from space 21824K, 100% used [0x00000007a6ab0000, 0x00000007a8000000, 0x00000007a8000000)
  to   space 21824K,   0% used [0x00000007a5560000, 0x00000007a5560000, 0x00000007a6ab0000)
 concurrent mark-sweep generation total 393216K, used 67410K [0x00000007a8000000, 0x00000007c0000000, 0x00000007c0000000)
 Metaspace       used 41622K, capacity 42464K, committed 42612K, reserved 1087488K
  class space    used 4706K, capacity 4921K, committed 4988K, reserved 1048576K
}
2016-10-23T22:36:02.246+0800: 2181.276: Total time for which application threads were stopped: 0.0114338 seconds, Stopping threads took: 0.0000707 seconds
{Heap before GC invocations=741 (full 14):
 par new generation   total 109248K, used 109248K [0x00000007a0000000, 0x00000007a8000000, 0x00000007a8000000)
  eden space 87424K, 100% used [0x00000007a0000000, 0x00000007a5560000, 0x00000007a5560000)
  from space 21824K, 100% used [0x00000007a6ab0000, 0x00000007a8000000, 0x00000007a8000000)
  to   space 21824K,   0% used [0x00000007a5560000, 0x00000007a5560000, 0x00000007a6ab0000)
 concurrent mark-sweep generation total 393216K, used 67410K [0x00000007a8000000, 0x00000007c0000000, 0x00000007c0000000)
 Metaspace       used 41622K, capacity 42464K, committed 42612K, reserved 1087488K
  class space    used 4706K, capacity 4921K, committed 4988K, reserved 1048576K
2016-10-23T22:36:02.375+0800: 2181.405: [GC (Allocation Failure) 2016-10-23T22:36:02.375+0800: 2181.405: [ParNew
Desired survivor size 20112992 bytes, new threshold 8 (max 8)
- age   1:    5479608 bytes,    5479608 total
- age   2:    3719088 bytes,    9198696 total
- age   3:    2570520 bytes,   11769216 total
- age   4:    1517904 bytes,   13287120 total
- age   5:    1870184 bytes,   15157304 total
- age   6:    1317816 bytes,   16475120 total
- age   7:    1655232 bytes,   18130352 total
- age   8:    1463024 bytes,   19593376 total
: 109248K->21824K(109248K), 0.0130128 secs] 176658K->93419K(502464K), 0.0130878 secs] [Times: user=0.04 sys=0.00, real=0.01 secs] 
Heap after GC invocations=742 (full 14):
 par new generation   total 109248K, used 21824K [0x00000007a0000000, 0x00000007a8000000, 0x00000007a8000000)
  eden space 87424K,   0% used [0x00000007a0000000, 0x00000007a0000000, 0x00000007a5560000)
  from space 21824K, 100% used [0x00000007a5560000, 0x00000007a6ab0000, 0x00000007a6ab0000)
  to   space 21824K,   0% used [0x00000007a6ab0000, 0x00000007a6ab0000, 0x00000007a8000000)
 concurrent mark-sweep generation total 393216K, used 71595K [0x00000007a8000000, 0x00000007c0000000, 0x00000007c0000000)
 Metaspace       used 41622K, capacity 42464K, committed 42612K, reserved 1087488K
  class space    used 4706K, capacity 4921K, committed 4988K, reserved 1048576K
}
2016-10-23T22:36:02.388+0800: 2181.418: Total time for which application threads were stopped: 0.0134308 seconds, Stopping threads took: 0.0000994 seconds
{Heap before GC invocations=742 (full 14):
 par new generation   total 109248K, used 109248K [0x00000007a0000000, 0x00000007a8000000, 0x00000007a8000000)
  eden space 87424K, 100% used [0x00000007a0000000, 0x00000007a5560000, 0x00000007a5560000)
  from space 21824K, 100% used [0x00000007a5560000, 0x00000007a6ab0000, 0x00000007a6ab0000)
  to   space 21824K,   0% used [0x00000007a6ab0000, 0x00000007a6ab0000, 0x00000007a8000000)
 concurrent mark-sweep generation total 393216K, used 71595K [0x00000007a8000000, 0x00000007c0000000, 0x00000007c0000000)
 Metaspace       used 41622K, capacity 42464K, committed 42612K, reserved 1087488K
  class space    used 4706K, capacity 4921K, committed 4988K, reserved 1048576K
2016-10-23T22:36:02.470+0800: 2181.499: [GC (Allocation Failure) 2016-10-23T22:36:02.470+0800: 2181.499: [ParNew
Desired survivor size 20112992 bytes, new threshold 8 (max 8)
- age   1:    4587048 bytes,    4587048 total
- age   2:    4213512 bytes,    8800560 total
- age   3:    3472016 bytes,   12272576 total
- age   4:    2437776 bytes,   14710352 total
- age   5:    1398472 bytes,   16108824 total
- age   6:    1686856 bytes,   17795680 total
- age   7:    1210176 bytes,   19005856 total
- age   8:    1523248 bytes,   20529104 total
: 109248K->21824K(109248K), 0.0137344 secs] 180843K->96326K(502464K), 0.0138007 secs] [Times: user=0.05 sys=0.00, real=0.01 secs] 
Heap after GC invocations=743 (full 14):
 par new generation   total 109248K, used 21824K [0x00000007a0000000, 0x00000007a8000000, 0x00000007a8000000)
  eden space 87424K,   0% used [0x00000007a0000000, 0x00000007a0000000, 0x00000007a5560000)
  from space 21824K, 100% used [0x00000007a6ab0000, 0x00000007a8000000, 0x00000007a8000000)
  to   space 21824K,   0% used [0x00000007a5560000, 0x00000007a5560000, 0x00000007a6ab0000)
 concurrent mark-sweep generation total 393216K, used 74502K [0x00000007a8000000, 0x00000007c0000000, 0x00000007c0000000)
 Metaspace       used 41622K, capacity 42464K, committed 42612K, reserved 1087488K
  class space    used 4706K, capacity 4921K, committed 4988K, reserved 1048576K
}
2016-10-23T22:36:02.483+0800: 2181.513: Total time for which application threads were stopped: 0.0140145 seconds, Stopping threads took: 0.0000288 seconds
{Heap before GC invocations=743 (full 14):
 par new generation   total 109248K, used 109248K [0x00000007a0000000, 0x00000007a8000000, 0x00000007a8000000)
  eden space 87424K, 100% used [0x00000007a0000000, 0x00000007a5560000, 0x00000007a5560000)
  from space 21824K, 100% used [0x00000007a6ab0000, 0x00000007a8000000, 0x00000007a8000000)
  to   space 21824K,   0% used [0x00000007a5560000, 0x00000007a5560000, 0x00000007a6ab0000)
 concurrent mark-sweep generation total 393216K, used 74502K [0x00000007a8000000, 0x00000007c0000000, 0x00000007c0000000)
 Metaspace       used 41622K, capacity 42464K, committed 42612K, reserved 1087488K
  class space    used 4706K, capacity 4921K, committed 4988K, reserved 1048576K
2016-10-23T22:36:02.569+0800: 2181.598: [GC (Allocation Failure) 2016-10-23T22:36:02.569+0800: 2181.598: [ParNew
Desired survivor size 20112992 bytes, new threshold 7 (max 8)
- age   1:    5418344 bytes,    5418344 total
- age   2:    3255320 bytes,    8673664 total
- age   3:    2794432 bytes,   11468096 total
- age   4:    3342392 bytes,   14810488 total
- age   5:    2363168 bytes,   17173656 total
- age   6:    1329888 bytes,   18503544 total
- age   7:    1619984 bytes,   20123528 total
- age   8:    1161872 bytes,   21285400 total
: 109248K->21824K(109248K), 0.0125994 secs] 183750K->99344K(502464K), 0.0126801 secs] [Times: user=0.04 sys=0.00, real=0.02 secs] 
Heap after GC invocations=744 (full 14):
 par new generation   total 109248K, used 21824K [0x00000007a0000000, 0x00000007a8000000, 0x00000007a8000000)
  eden space 87424K,   0% used [0x00000007a0000000, 0x00000007a0000000, 0x00000007a5560000)
  from space 21824K, 100% used [0x00000007a5560000, 0x00000007a6ab0000, 0x00000007a6ab0000)
  to   space 21824K,   0% used [0x00000007a6ab0000, 0x00000007a6ab0000, 0x00000007a8000000)
 concurrent mark-sweep generation total 393216K, used 77520K [0x00000007a8000000, 0x00000007c0000000, 0x00000007c0000000)
 Metaspace       used 41622K, capacity 42464K, committed 42612K, reserved 1087488K
  class space    used 4706K, capacity 4921K, committed 4988K, reserved 1048576K
}
2016-10-23T22:36:02.581+0800: 2181.611: Total time for which application threads were stopped: 0.0129515 seconds, Stopping threads took: 0.0000752 seconds
{Heap before GC invocations=744 (full 14):
 par new generation   total 109248K, used 109248K [0x00000007a0000000, 0x00000007a8000000, 0x00000007a8000000)
  eden space 87424K, 100% used [0x00000007a0000000, 0x00000007a5560000, 0x00000007a5560000)
  from space 21824K, 100% used [0x00000007a5560000, 0x00000007a6ab0000, 0x00000007a6ab0000)
  to   space 21824K,   0% used [0x00000007a6ab0000, 0x00000007a6ab0000, 0x00000007a8000000)
 concurrent mark-sweep generation total 393216K, used 77520K [0x00000007a8000000, 0x00000007c0000000, 0x00000007c0000000)
 Metaspace       used 41622K, capacity 42464K, committed 42612K, reserved 1087488K
  class space    used 4706K, capacity 4921K, committed 4988K, reserved 1048576K
2016-10-23T22:36:02.666+0800: 2181.696: [GC (Allocation Failure) 2016-10-23T22:36:02.667+0800: 2181.696: [ParNew
Desired survivor size 20112992 bytes, new threshold 8 (max 8)
- age   1:    2542488 bytes,    2542488 total
- age   2:    4521624 bytes,    7064112 total
- age   3:    2926112 bytes,    9990224 total
- age   4:    2586544 bytes,   12576768 total
- age   5:    3151840 bytes,   15728608 total
- age   6:    2266784 bytes,   17995392 total
- age   7:    1238600 bytes,   19233992 total
: 109248K->21824K(109248K), 0.0113137 secs] 186768K->102948K(502464K), 0.0113787 secs] [Times: user=0.04 sys=0.00, real=0.01 secs] 
Heap after GC invocations=745 (full 14):
 par new generation   total 109248K, used 21824K [0x00000007a0000000, 0x00000007a8000000, 0x00000007a8000000)
  eden space 87424K,   0% used [0x00000007a0000000, 0x00000007a0000000, 0x00000007a5560000)
  from space 21824K, 100% used [0x00000007a6ab0000, 0x00000007a8000000, 0x00000007a8000000)
  to   space 21824K,   0% used [0x00000007a5560000, 0x00000007a5560000, 0x00000007a6ab0000)
 concurrent mark-sweep generation total 393216K, used 81124K [0x00000007a8000000, 0x00000007c0000000, 0x00000007c0000000)
 Metaspace       used 41622K, capacity 42464K, committed 42612K, reserved 1087488K
  class space    used 4706K, capacity 4921K, committed 4988K, reserved 1048576K
}
2016-10-23T22:36:02.678+0800: 2181.708: Total time for which application threads were stopped: 0.0116601 seconds, Stopping threads took: 0.0000981 seconds
{Heap before GC invocations=745 (full 14):
 par new generation   total 109248K, used 109248K [0x00000007a0000000, 0x00000007a8000000, 0x00000007a8000000)
  eden space 87424K, 100% used [0x00000007a0000000, 0x00000007a5560000, 0x00000007a5560000)
  from space 21824K, 100% used [0x00000007a6ab0000, 0x00000007a8000000, 0x00000007a8000000)
  to   space 21824K,   0% used [0x00000007a5560000, 0x00000007a5560000, 0x00000007a6ab0000)
 concurrent mark-sweep generation total 393216K, used 81124K [0x00000007a8000000, 0x00000007c0000000, 0x00000007c0000000)
 Metaspace       used 41622K, capacity 42464K, committed 42612K, reserved 1087488K
  class space    used 4706K, capacity 4921K, committed 4988K, reserved 1048576K
2016-10-23T22:36:02.710+0800: 2181.740: [GC (Allocation Failure) 2016-10-23T22:36:02.710+0800: 2181.740: [ParNew
Desired survivor size 20112992 bytes, new threshold 8 (max 8)
- age   1:    1326120 bytes,    1326120 total
- age   2:    1657280 bytes,    2983400 total
- age   3:    3998392 bytes,    6981792 total
- age   4:    2912944 bytes,    9894736 total
- age   5:    2564936 bytes,   12459672 total
- age   6:    2873232 bytes,   15332904 total
- age   7:    2216752 bytes,   17549656 total
- age   8:    1230536 bytes,   18780192 total
: 109248K->21824K(109248K), 0.0091455 secs] 190372K->104069K(502464K), 0.0092043 secs] [Times: user=0.04 sys=0.00, real=0.00 secs] 
Heap after GC invocations=746 (full 14):
 par new generation   total 109248K, used 21824K [0x00000007a0000000, 0x00000007a8000000, 0x00000007a8000000)
  eden space 87424K,   0% used [0x00000007a0000000, 0x00000007a0000000, 0x00000007a5560000)
  from space 21824K, 100% used [0x00000007a5560000, 0x00000007a6ab0000, 0x00000007a6ab0000)
  to   space 21824K,   0% used [0x00000007a6ab0000, 0x00000007a6ab0000, 0x00000007a8000000)
 concurrent mark-sweep generation total 393216K, used 82245K [0x00000007a8000000, 0x00000007c0000000, 0x00000007c0000000)
 Metaspace       used 41622K, capacity 42464K, committed 42612K, reserved 1087488K
  class space    used 4706K, capacity 4921K, committed 4988K, reserved 1048576K
}
2016-10-23T22:36:02.719+0800: 2181.749: Total time for which application threads were stopped: 0.0094919 seconds, Stopping threads took: 0.0001104 seconds
{Heap before GC invocations=746 (full 14):
 par new generation   total 109248K, used 109248K [0x00000007a0000000, 0x00000007a8000000, 0x00000007a8000000)
  eden space 87424K, 100% used [0x00000007a0000000, 0x00000007a5560000, 0x00000007a5560000)
  from space 21824K, 100% used [0x00000007a5560000, 0x00000007a6ab0000, 0x00000007a6ab0000)
  to   space 21824K,   0% used [0x00000007a6ab0000, 0x00000007a6ab0000, 0x00000007a8000000)
 concurrent mark-sweep generation total 393216K, used 82245K [0x00000007a8000000, 0x00000007c0000000, 0x00000007c0000000)
 Metaspace       used 41622K, capacity 42464K, committed 42612K, reserved 1087488K
  class space    used 4706K, capacity 4921K, committed 4988K, reserved 1048576K
2016-10-23T22:36:02.806+0800: 2181.835: [GC (Allocation Failure) 2016-10-23T22:36:02.806+0800: 2181.835: [ParNew
Desired survivor size 20112992 bytes, new threshold 8 (max 8)
- age   1:    3515280 bytes,    3515280 total
- age   2:     659904 bytes,    4175184 total
- age   3:    1302848 bytes,    5478032 total
- age   4:    3805008 bytes,    9283040 total
- age   5:    2442984 bytes,   11726024 total
- age   6:    2109400 bytes,   13835424 total
- age   7:    2239840 bytes,   16075264 total
- age   8:    2012512 bytes,   18087776 total
: 109248K->21824K(109248K), 0.0102148 secs] 191493K->105700K(502464K), 0.0102627 secs] [Times: user=0.03 sys=0.00, real=0.01 secs] 
Heap after GC invocations=747 (full 14):
 par new generation   total 109248K, used 21824K [0x00000007a0000000, 0x00000007a8000000, 0x00000007a8000000)
  eden space 87424K,   0% used [0x00000007a0000000, 0x00000007a0000000, 0x00000007a5560000)
  from space 21824K, 100% used [0x00000007a6ab0000, 0x00000007a8000000, 0x00000007a8000000)
  to   space 21824K,   0% used [0x00000007a5560000, 0x00000007a5560000, 0x00000007a6ab0000)
 concurrent mark-sweep generation total 393216K, used 83876K [0x00000007a8000000, 0x00000007c0000000, 0x00000007c0000000)
 Metaspace       used 41622K, capacity 42464K, committed 42612K, reserved 1087488K
  class space    used 4706K, capacity 4921K, committed 4988K, reserved 1048576K
}
2016-10-23T22:36:02.816+0800: 2181.846: Total time for which application threads were stopped: 0.0105283 seconds, Stopping threads took: 0.0000864 seconds
{Heap before GC invocations=747 (full 14):
 par new generation   total 109248K, used 109248K [0x00000007a0000000, 0x00000007a8000000, 0x00000007a8000000)
  eden space 87424K, 100% used [0x00000007a0000000, 0x00000007a5560000, 0x00000007a5560000)
  from space 21824K, 100% used [0x00000007a6ab0000, 0x00000007a8000000, 0x00000007a8000000)
  to   space 21824K,   0% used [0x00000007a5560000, 0x00000007a5560000, 0x00000007a6ab0000)
 concurrent mark-sweep generation total 393216K, used 83876K [0x00000007a8000000, 0x00000007c0000000, 0x00000007c0000000)
 Metaspace       used 41622K, capacity 42464K, committed 42612K, reserved 1087488K
  class space    used 4706K, capacity 4921K, committed 4988K, reserved 1048576K
2016-10-23T22:36:02.909+0800: 2181.938: [GC (Allocation Failure) 2016-10-23T22:36:02.909+0800: 2181.938: [ParNew
Desired survivor size 20112992 bytes, new threshold 8 (max 8)
- age   1:    3980368 bytes,    3980368 total
- age   2:    2163328 bytes,    6143696 total
- age   3:     466304 bytes,    6610000 total
- age   4:    1242728 bytes,    7852728 total
- age   5:    3705312 bytes,   11558040 total
- age   6:    2442536 bytes,   14000576 total
- age   7:    2108856 bytes,   16109432 total
- age   8:    2239264 bytes,   18348696 total
: 109248K->21824K(109248K), 0.0112061 secs] 193124K->108724K(502464K), 0.0112737 secs] [Times: user=0.04 sys=0.00, real=0.02 secs] 
Heap after GC invocations=748 (full 14):
 par new generation   total 109248K, used 21824K [0x00000007a0000000, 0x00000007a8000000, 0x00000007a8000000)
  eden space 87424K,   0% used [0x00000007a0000000, 0x00000007a0000000, 0x00000007a5560000)
  from space 21824K, 100% used [0x00000007a5560000, 0x00000007a6ab0000, 0x00000007a6ab0000)
  to   space 21824K,   0% used [0x00000007a6ab0000, 0x00000007a6ab0000, 0x00000007a8000000)
 concurrent mark-sweep generation total 393216K, used 86900K [0x00000007a8000000, 0x00000007c0000000, 0x00000007c0000000)
 Metaspace       used 41622K, capacity 42464K, committed 42612K, reserved 1087488K
  class space    used 4706K, capacity 4921K, committed 4988K, reserved 1048576K
}
2016-10-23T22:36:02.920+0800: 2181.950: Total time for which application threads were stopped: 0.0115127 seconds, Stopping threads took: 0.0000684 seconds
{Heap before GC invocations=748 (full 14):
 par new generation   total 109248K, used 109248K [0x00000007a0000000, 0x00000007a8000000, 0x00000007a8000000)
  eden space 87424K, 100% used [0x00000007a0000000, 0x00000007a5560000, 0x00000007a5560000)
  from space 21824K, 100% used [0x00000007a5560000, 0x00000007a6ab0000, 0x00000007a6ab0000)
  to   space 21824K,   0% used [0x00000007a6ab0000, 0x00000007a6ab0000, 0x00000007a8000000)
 concurrent mark-sweep generation total 393216K, used 86900K [0x00000007a8000000, 0x00000007c0000000, 0x00000007c0000000)
 Metaspace       used 41622K, capacity 42464K, committed 42612K, reserved 1087488K
  class space    used 4706K, capacity 4921K, committed 4988K, reserved 1048576K
2016-10-23T22:36:03.022+0800: 2182.051: [GC (Allocation Failure) 2016-10-23T22:36:03.022+0800: 2182.051: [ParNew
Desired survivor size 20112992 bytes, new threshold 8 (max 8)
- age   1:    4605936 bytes,    4605936 total
- age   2:    2847464 bytes,    7453400 total
- age   3:    2013776 bytes,    9467176 total
- age   4:     435992 bytes,    9903168 total
- age   5:    1183352 bytes,   11086520 total
- age   6:    3308704 bytes,   14395224 total
- age   7:    2175456 bytes,   16570680 total
- age   8:    1990272 bytes,   18560952 total
: 109248K->21824K(109248K), 0.0130279 secs] 196148K->112207K(502464K), 0.0130812 secs] [Times: user=0.05 sys=0.00, real=0.01 secs] 
Heap after GC invocations=749 (full 14):
 par new generation   total 109248K, used 21824K [0x00000007a0000000, 0x00000007a8000000, 0x00000007a8000000)
  eden space 87424K,   0% used [0x00000007a0000000, 0x00000007a0000000, 0x00000007a5560000)
  from space 21824K, 100% used [0x00000007a6ab0000, 0x00000007a8000000, 0x00000007a8000000)
  to   space 21824K,   0% used [0x00000007a5560000, 0x00000007a5560000, 0x00000007a6ab0000)
 concurrent mark-sweep generation total 393216K, used 90383K [0x00000007a8000000, 0x00000007c0000000, 0x00000007c0000000)
 Metaspace       used 41622K, capacity 42464K, committed 42612K, reserved 1087488K
  class space    used 4706K, capacity 4921K, committed 4988K, reserved 1048576K
}
2016-10-23T22:36:03.035+0800: 2182.065: Total time for which application threads were stopped: 0.0133607 seconds, Stopping threads took: 0.0000845 seconds
{Heap before GC invocations=749 (full 14):
 par new generation   total 109248K, used 109248K [0x00000007a0000000, 0x00000007a8000000, 0x00000007a8000000)
  eden space 87424K, 100% used [0x00000007a0000000, 0x00000007a5560000, 0x00000007a5560000)
  from space 21824K, 100% used [0x00000007a6ab0000, 0x00000007a8000000, 0x00000007a8000000)
  to   space 21824K,   0% used [0x00000007a5560000, 0x00000007a5560000, 0x00000007a6ab0000)
 concurrent mark-sweep generation total 393216K, used 90383K [0x00000007a8000000, 0x00000007c0000000, 0x00000007c0000000)
 Metaspace       used 41622K, capacity 42464K, committed 42612K, reserved 1087488K
  class space    used 4706K, capacity 4921K, committed 4988K, reserved 1048576K
2016-10-23T22:36:03.168+0800: 2182.198: [GC (Allocation Failure) 2016-10-23T22:36:03.168+0800: 2182.198: [ParNew
Desired survivor size 20112992 bytes, new threshold 8 (max 8)
- age   1:    6613872 bytes,    6613872 total
- age   2:    2831216 bytes,    9445088 total
- age   3:    2679776 bytes,   12124864 total
- age   4:    1958496 bytes,   14083360 total
- age   5:     428616 bytes,   14511976 total
- age   6:    1167136 bytes,   15679112 total
- age   7:    3299976 bytes,   18979088 total
- age   8:    2175456 bytes,   21154544 total
: 109248K->21824K(109248K), 0.0120238 secs] 199631K->114450K(502464K), 0.0120970 secs] [Times: user=0.04 sys=0.00, real=0.02 secs] 
Heap after GC invocations=750 (full 14):
 par new generation   total 109248K, used 21824K [0x00000007a0000000, 0x00000007a8000000, 0x00000007a8000000)
  eden space 87424K,   0% used [0x00000007a0000000, 0x00000007a0000000, 0x00000007a5560000)
  from space 21824K, 100% used [0x00000007a5560000, 0x00000007a6ab0000, 0x00000007a6ab0000)
  to   space 21824K,   0% used [0x00000007a6ab0000, 0x00000007a6ab0000, 0x00000007a8000000)
 concurrent mark-sweep generation total 393216K, used 92626K [0x00000007a8000000, 0x00000007c0000000, 0x00000007c0000000)
 Metaspace       used 41622K, capacity 42464K, committed 42612K, reserved 1087488K
  class space    used 4706K, capacity 4921K, committed 4988K, reserved 1048576K
}
2016-10-23T22:36:03.180+0800: 2182.210: Total time for which application threads were stopped: 0.0123129 seconds, Stopping threads took: 0.0000432 seconds
{Heap before GC invocations=750 (full 14):
 par new generation   total 109248K, used 109248K [0x00000007a0000000, 0x00000007a8000000, 0x00000007a8000000)
  eden space 87424K, 100% used [0x00000007a0000000, 0x00000007a5560000, 0x00000007a5560000)
  from space 21824K, 100% used [0x00000007a5560000, 0x00000007a6ab0000, 0x00000007a6ab0000)
  to   space 21824K,   0% used [0x00000007a6ab0000, 0x00000007a6ab0000, 0x00000007a8000000)
 concurrent mark-sweep generation total 393216K, used 92626K [0x00000007a8000000, 0x00000007c0000000, 0x00000007c0000000)
 Metaspace       used 41622K, capacity 42464K, committed 42612K, reserved 1087488K
  class space    used 4706K, capacity 4921K, committed 4988K, reserved 1048576K
2016-10-23T22:36:03.286+0800: 2182.316: [GC (Allocation Failure) 2016-10-23T22:36:03.286+0800: 2182.316: [ParNew
Desired survivor size 20112992 bytes, new threshold 8 (max 8)
- age   1:    6592624 bytes,    6592624 total
- age   2:    4094184 bytes,   10686808 total
- age   3:    2505000 bytes,   13191808 total
- age   4:    2043584 bytes,   15235392 total
- age   5:    1845768 bytes,   17081160 total
- age   6:     398568 bytes,   17479728 total
- age   7:    1092224 bytes,   18571952 total
- age   8:    2956928 bytes,   21528880 total
: 109248K->21824K(109248K), 0.0136583 secs] 201874K->118479K(502464K), 0.0137702 secs] [Times: user=0.05 sys=0.00, real=0.02 secs] 
Heap after GC invocations=751 (full 14):
 par new generation   total 109248K, used 21824K [0x00000007a0000000, 0x00000007a8000000, 0x00000007a8000000)
  eden space 87424K,   0% used [0x00000007a0000000, 0x00000007a0000000, 0x00000007a5560000)
  from space 21824K, 100% used [0x00000007a6ab0000, 0x00000007a8000000, 0x00000007a8000000)
  to   space 21824K,   0% used [0x00000007a5560000, 0x00000007a5560000, 0x00000007a6ab0000)
 concurrent mark-sweep generation total 393216K, used 96655K [0x00000007a8000000, 0x00000007c0000000, 0x00000007c0000000)
 Metaspace       used 41622K, capacity 42464K, committed 42612K, reserved 1087488K
  class space    used 4706K, capacity 4921K, committed 4988K, reserved 1048576K
}
2016-10-23T22:36:03.300+0800: 2182.330: Total time for which application threads were stopped: 0.0140941 seconds, Stopping threads took: 0.0001143 seconds
2016-10-23T22:36:03.396+0800: 2182.425: Total time for which application threads were stopped: 0.0001951 seconds, Stopping threads took: 0.0000835 seconds
{Heap before GC invocations=751 (full 14):
 par new generation   total 109248K, used 109248K [0x00000007a0000000, 0x00000007a8000000, 0x00000007a8000000)
  eden space 87424K, 100% used [0x00000007a0000000, 0x00000007a5560000, 0x00000007a5560000)
  from space 21824K, 100% used [0x00000007a6ab0000, 0x00000007a8000000, 0x00000007a8000000)
  to   space 21824K,   0% used [0x00000007a5560000, 0x00000007a5560000, 0x00000007a6ab0000)
 concurrent mark-sweep generation total 393216K, used 96655K [0x00000007a8000000, 0x00000007c0000000, 0x00000007c0000000)
 Metaspace       used 41622K, capacity 42464K, committed 42612K, reserved 1087488K
  class space    used 4706K, capacity 4921K, committed 4988K, reserved 1048576K
2016-10-23T22:36:03.421+0800: 2182.451: [GC (Allocation Failure) 2016-10-23T22:36:03.421+0800: 2182.451: [ParNew
Desired survivor size 20112992 bytes, new threshold 7 (max 8)
- age   1:    6304608 bytes,    6304608 total
- age   2:    4224904 bytes,   10529512 total
- age   3:    3557520 bytes,   14087032 total
- age   4:    2230112 bytes,   16317144 total
- age   5:    1869592 bytes,   18186736 total
- age   6:    1713624 bytes,   19900360 total
- age   7:     367248 bytes,   20267608 total
- age   8:    1008448 bytes,   21276056 total
: 109248K->21824K(109248K), 0.0208860 secs] 205903K->123269K(502464K), 0.0209436 secs] [Times: user=0.07 sys=0.00, real=0.02 secs] 
Heap after GC invocations=752 (full 14):
 par new generation   total 109248K, used 21824K [0x00000007a0000000, 0x00000007a8000000, 0x00000007a8000000)
  eden space 87424K,   0% used [0x00000007a0000000, 0x00000007a0000000, 0x00000007a5560000)
  from space 21824K, 100% used [0x00000007a5560000, 0x00000007a6ab0000, 0x00000007a6ab0000)
  to   space 21824K,   0% used [0x00000007a6ab0000, 0x00000007a6ab0000, 0x00000007a8000000)
 concurrent mark-sweep generation total 393216K, used 101445K [0x00000007a8000000, 0x00000007c0000000, 0x00000007c0000000)
 Metaspace       used 41622K, capacity 42464K, committed 42612K, reserved 1087488K
  class space    used 4706K, capacity 4921K, committed 4988K, reserved 1048576K
}
2016-10-23T22:36:03.442+0800: 2182.472: Total time for which application threads were stopped: 0.0212134 seconds, Stopping threads took: 0.0000778 seconds
{Heap before GC invocations=752 (full 14):
 par new generation   total 109248K, used 109248K [0x00000007a0000000, 0x00000007a8000000, 0x00000007a8000000)
  eden space 87424K, 100% used [0x00000007a0000000, 0x00000007a5560000, 0x00000007a5560000)
  from space 21824K, 100% used [0x00000007a5560000, 0x00000007a6ab0000, 0x00000007a6ab0000)
  to   space 21824K,   0% used [0x00000007a6ab0000, 0x00000007a6ab0000, 0x00000007a8000000)
 concurrent mark-sweep generation total 393216K, used 101445K [0x00000007a8000000, 0x00000007c0000000, 0x00000007c0000000)
 Metaspace       used 41622K, capacity 42464K, committed 42612K, reserved 1087488K
  class space    used 4706K, capacity 4921K, committed 4988K, reserved 1048576K
2016-10-23T22:36:03.593+0800: 2182.623: [GC (Allocation Failure) 2016-10-23T22:36:03.593+0800: 2182.623: [ParNew
Desired survivor size 20112992 bytes, new threshold 8 (max 8)
- age   1:    6473312 bytes,    6473312 total
- age   2:    2627696 bytes,    9101008 total
- age   3:    3438416 bytes,   12539424 total
- age   4:    2753744 bytes,   15293168 total
- age   5:    1841504 bytes,   17134672 total
- age   6:    1541728 bytes,   18676400 total
- age   7:    1374864 bytes,   20051264 total
: 109248K->21824K(109248K), 0.0127205 secs] 210693K->128473K(502464K), 0.0127895 secs] [Times: user=0.05 sys=0.00, real=0.01 secs] 
Heap after GC invocations=753 (full 14):
 par new generation   total 109248K, used 21824K [0x00000007a0000000, 0x00000007a8000000, 0x00000007a8000000)
  eden space 87424K,   0% used [0x00000007a0000000, 0x00000007a0000000, 0x00000007a5560000)
  from space 21824K, 100% used [0x00000007a6ab0000, 0x00000007a8000000, 0x00000007a8000000)
  to   space 21824K,   0% used [0x00000007a5560000, 0x00000007a5560000, 0x00000007a6ab0000)
 concurrent mark-sweep generation total 393216K, used 106649K [0x00000007a8000000, 0x00000007c0000000, 0x00000007c0000000)
 Metaspace       used 41622K, capacity 42464K, committed 42612K, reserved 1087488K
  class space    used 4706K, capacity 4921K, committed 4988K, reserved 1048576K
}
2016-10-23T22:36:03.606+0800: 2182.635: Total time for which application threads were stopped: 0.0130614 seconds, Stopping threads took: 0.0000964 seconds
{Heap before GC invocations=753 (full 14):
 par new generation   total 109248K, used 109248K [0x00000007a0000000, 0x00000007a8000000, 0x00000007a8000000)
  eden space 87424K, 100% used [0x00000007a0000000, 0x00000007a5560000, 0x00000007a5560000)
  from space 21824K, 100% used [0x00000007a6ab0000, 0x00000007a8000000, 0x00000007a8000000)
  to   space 21824K,   0% used [0x00000007a5560000, 0x00000007a5560000, 0x00000007a6ab0000)
 concurrent mark-sweep generation total 393216K, used 106649K [0x00000007a8000000, 0x00000007c0000000, 0x00000007c0000000)
 Metaspace       used 41622K, capacity 42464K, committed 42612K, reserved 1087488K
  class space    used 4706K, capacity 4921K, committed 4988K, reserved 1048576K
2016-10-23T22:36:03.683+0800: 2182.713: [GC (Allocation Failure) 2016-10-23T22:36:03.683+0800: 2182.713: [ParNew
Desired survivor size 20112992 bytes, new threshold 8 (max 8)
- age   1:    1473976 bytes,    1473976 total
- age   2:    6089040 bytes,    7563016 total
- age   3:    2626384 bytes,   10189400 total
- age   4:    3438320 bytes,   13627720 total
- age   5:    2753696 bytes,   16381416 total
- age   6:    1841480 bytes,   18222896 total
- age   7:    1539376 bytes,   19762272 total
- age   8:    1345752 bytes,   21108024 total
: 109248K->21824K(109248K), 0.0100899 secs] 215897K->129583K(502464K), 0.0101365 secs] [Times: user=0.04 sys=0.00, real=0.01 secs] 
Heap after GC invocations=754 (full 14):
 par new generation   total 109248K, used 21824K [0x00000007a0000000, 0x00000007a8000000, 0x00000007a8000000)
  eden space 87424K,   0% used [0x00000007a0000000, 0x00000007a0000000, 0x00000007a5560000)
  from space 21824K, 100% used [0x00000007a5560000, 0x00000007a6ab0000, 0x00000007a6ab0000)
  to   space 21824K,   0% used [0x00000007a6ab0000, 0x00000007a6ab0000, 0x00000007a8000000)
 concurrent mark-sweep generation total 393216K, used 107759K [0x00000007a8000000, 0x00000007c0000000, 0x00000007c0000000)
 Metaspace       used 41622K, capacity 42464K, committed 42612K, reserved 1087488K
  class space    used 4706K, capacity 4921K, committed 4988K, reserved 1048576K
}
2016-10-23T22:36:03.693+0800: 2182.723: Total time for which application threads were stopped: 0.0104232 seconds, Stopping threads took: 0.0000948 seconds
{Heap before GC invocations=754 (full 14):
 par new generation   total 109248K, used 109248K [0x00000007a0000000, 0x00000007a8000000, 0x00000007a8000000)
  eden space 87424K, 100% used [0x00000007a0000000, 0x00000007a5560000, 0x00000007a5560000)
  from space 21824K, 100% used [0x00000007a5560000, 0x00000007a6ab0000, 0x00000007a6ab0000)
  to   space 21824K,   0% used [0x00000007a6ab0000, 0x00000007a6ab0000, 0x00000007a8000000)
 concurrent mark-sweep generation total 393216K, used 107759K [0x00000007a8000000, 0x00000007c0000000, 0x00000007c0000000)
 Metaspace       used 41623K, capacity 42464K, committed 42612K, reserved 1087488K
  class space    used 4706K, capacity 4921K, committed 4988K, reserved 1048576K
2016-10-23T22:36:03.754+0800: 2182.784: [GC (Allocation Failure) 2016-10-23T22:36:03.754+0800: 2182.784: [ParNew
Desired survivor size 20112992 bytes, new threshold 8 (max 8)
- age   1:    2121960 bytes,    2121960 total
- age   2:    1044624 bytes,    3166584 total
- age   3:    5670128 bytes,    8836712 total
- age   4:    2183312 bytes,   11020024 total
- age   5:    2901864 bytes,   13921888 total
- age   6:    2244720 bytes,   16166608 total
- age   7:    1512472 bytes,   17679080 total
- age   8:    1288752 bytes,   18967832 total
: 109248K->21824K(109248K), 0.0100119 secs] 217007K->131222K(502464K), 0.0100697 secs] [Times: user=0.03 sys=0.00, real=0.01 secs] 
Heap after GC invocations=755 (full 14):
 par new generation   total 109248K, used 21824K [0x00000007a0000000, 0x00000007a8000000, 0x00000007a8000000)
  eden space 87424K,   0% used [0x00000007a0000000, 0x00000007a0000000, 0x00000007a5560000)
  from space 21824K, 100% used [0x00000007a6ab0000, 0x00000007a8000000, 0x00000007a8000000)
  to   space 21824K,   0% used [0x00000007a5560000, 0x00000007a5560000, 0x00000007a6ab0000)
 concurrent mark-sweep generation total 393216K, used 109398K [0x00000007a8000000, 0x00000007c0000000, 0x00000007c0000000)
 Metaspace       used 41623K, capacity 42464K, committed 42612K, reserved 1087488K
  class space    used 4706K, capacity 4921K, committed 4988K, reserved 1048576K
}
2016-10-23T22:36:03.764+0800: 2182.794: Total time for which application threads were stopped: 0.0103030 seconds, Stopping threads took: 0.0000645 seconds
2016-10-23T22:36:03.775+0800: 2182.805: Total time for which application threads were stopped: 0.0002746 seconds, Stopping threads took: 0.0000309 seconds
2016-10-23T22:36:03.775+0800: 2182.805: Total time for which application threads were stopped: 0.0002413 seconds, Stopping threads took: 0.0000605 seconds
{Heap before GC invocations=755 (full 14):
 par new generation   total 109248K, used 109248K [0x00000007a0000000, 0x00000007a8000000, 0x00000007a8000000)
  eden space 87424K, 100% used [0x00000007a0000000, 0x00000007a5560000, 0x00000007a5560000)
  from space 21824K, 100% used [0x00000007a6ab0000, 0x00000007a8000000, 0x00000007a8000000)
  to   space 21824K,   0% used [0x00000007a5560000, 0x00000007a5560000, 0x00000007a6ab0000)
 concurrent mark-sweep generation total 393216K, used 109398K [0x00000007a8000000, 0x00000007c0000000, 0x00000007c0000000)
 Metaspace       used 41623K, capacity 42464K, committed 42612K, reserved 1087488K
  class space    used 4706K, capacity 4921K, committed 4988K, reserved 1048576K
2016-10-23T22:36:03.864+0800: 2182.893: [GC (Allocation Failure) 2016-10-23T22:36:03.864+0800: 2182.893: [ParNew
Desired survivor size 20112992 bytes, new threshold 8 (max 8)
- age   1:    4412064 bytes,    4412064 total
- age   2:    1283928 bytes,    5695992 total
- age   3:     884736 bytes,    6580728 total
- age   4:    5567944 bytes,   12148672 total
- age   5:    2177912 bytes,   14326584 total
- age   6:    2897600 bytes,   17224184 total
- age   7:    2239664 bytes,   19463848 total
- age   8:    1509216 bytes,   20973064 total
: 109248K->21824K(109248K), 0.0129814 secs] 218646K->133049K(502464K), 0.0130359 secs] [Times: user=0.05 sys=0.00, real=0.01 secs] 
Heap after GC invocations=756 (full 14):
 par new generation   total 109248K, used 21824K [0x00000007a0000000, 0x00000007a8000000, 0x00000007a8000000)
  eden space 87424K,   0% used [0x00000007a0000000, 0x00000007a0000000, 0x00000007a5560000)
  from space 21824K, 100% used [0x00000007a5560000, 0x00000007a6ab0000, 0x00000007a6ab0000)
  to   space 21824K,   0% used [0x00000007a6ab0000, 0x00000007a6ab0000, 0x00000007a8000000)
 concurrent mark-sweep generation total 393216K, used 111225K [0x00000007a8000000, 0x00000007c0000000, 0x00000007c0000000)
 Metaspace       used 41623K, capacity 42464K, committed 42612K, reserved 1087488K
  class space    used 4706K, capacity 4921K, committed 4988K, reserved 1048576K
}
2016-10-23T22:36:03.877+0800: 2182.906: Total time for which application threads were stopped: 0.0132885 seconds, Stopping threads took: 0.0000795 seconds
{Heap before GC invocations=756 (full 14):
 par new generation   total 109248K, used 109248K [0x00000007a0000000, 0x00000007a8000000, 0x00000007a8000000)
  eden space 87424K, 100% used [0x00000007a0000000, 0x00000007a5560000, 0x00000007a5560000)
  from space 21824K, 100% used [0x00000007a5560000, 0x00000007a6ab0000, 0x00000007a6ab0000)
  to   space 21824K,   0% used [0x00000007a6ab0000, 0x00000007a6ab0000, 0x00000007a8000000)
 concurrent mark-sweep generation total 393216K, used 111225K [0x00000007a8000000, 0x00000007c0000000, 0x00000007c0000000)
 Metaspace       used 41623K, capacity 42464K, committed 42612K, reserved 1087488K
  class space    used 4706K, capacity 4921K, committed 4988K, reserved 1048576K
2016-10-23T22:36:03.926+0800: 2182.956: [GC (Allocation Failure) 2016-10-23T22:36:03.926+0800: 2182.956: [ParNew
Desired survivor size 20112992 bytes, new threshold 8 (max 8)
- age   1:    2827160 bytes,    2827160 total
- age   2:    2866720 bytes,    5693880 total
- age   3:    1112128 bytes,    6806008 total
- age   4:     882432 bytes,    7688440 total
- age   5:    5034696 bytes,   12723136 total
- age   6:    2079368 bytes,   14802504 total
- age   7:    2828384 bytes,   17630888 total
- age   8:    2186936 bytes,   19817824 total
: 109248K->21824K(109248K), 0.0147351 secs] 220473K->136117K(502464K), 0.0147981 secs] [Times: user=0.06 sys=0.00, real=0.02 secs] 
Heap after GC invocations=757 (full 14):
 par new generation   total 109248K, used 21824K [0x00000007a0000000, 0x00000007a8000000, 0x00000007a8000000)
  eden space 87424K,   0% used [0x00000007a0000000, 0x00000007a0000000, 0x00000007a5560000)
  from space 21824K, 100% used [0x00000007a6ab0000, 0x00000007a8000000, 0x00000007a8000000)
  to   space 21824K,   0% used [0x00000007a5560000, 0x00000007a5560000, 0x00000007a6ab0000)
 concurrent mark-sweep generation total 393216K, used 114293K [0x00000007a8000000, 0x00000007c0000000, 0x00000007c0000000)
 Metaspace       used 41623K, capacity 42464K, committed 42612K, reserved 1087488K
  class space    used 4706K, capacity 4921K, committed 4988K, reserved 1048576K
}
2016-10-23T22:36:03.941+0800: 2182.971: Total time for which application threads were stopped: 0.0150848 seconds, Stopping threads took: 0.0000943 seconds
{Heap before GC invocations=757 (full 14):
 par new generation   total 109248K, used 109248K [0x00000007a0000000, 0x00000007a8000000, 0x00000007a8000000)
  eden space 87424K, 100% used [0x00000007a0000000, 0x00000007a5560000, 0x00000007a5560000)
  from space 21824K, 100% used [0x00000007a6ab0000, 0x00000007a8000000, 0x00000007a8000000)
  to   space 21824K,   0% used [0x00000007a5560000, 0x00000007a5560000, 0x00000007a6ab0000)
 concurrent mark-sweep generation total 393216K, used 114293K [0x00000007a8000000, 0x00000007c0000000, 0x00000007c0000000)
 Metaspace       used 41623K, capacity 42464K, committed 42612K, reserved 1087488K
  class space    used 4706K, capacity 4921K, committed 4988K, reserved 1048576K
2016-10-23T22:36:04.012+0800: 2183.042: [GC (Allocation Failure) 2016-10-23T22:36:04.012+0800: 2183.042: [ParNew
Desired survivor size 20112992 bytes, new threshold 8 (max 8)
- age   1:    3474536 bytes,    3474536 total
- age   2:    1648360 bytes,    5122896 total
- age   3:    2590408 bytes,    7713304 total
- age   4:    1051880 bytes,    8765184 total
- age   5:     816960 bytes,    9582144 total
- age   6:    4958792 bytes,   14540936 total
- age   7:    2079368 bytes,   16620304 total
- age   8:    2739896 bytes,   19360200 total
: 109248K->21824K(109248K), 0.0122516 secs] 223541K->139292K(502464K), 0.0123150 secs] [Times: user=0.05 sys=0.00, real=0.01 secs] 
Heap after GC invocations=758 (full 14):
 par new generation   total 109248K, used 21824K [0x00000007a0000000, 0x00000007a8000000, 0x00000007a8000000)
  eden space 87424K,   0% used [0x00000007a0000000, 0x00000007a0000000, 0x00000007a5560000)
  from space 21824K, 100% used [0x00000007a5560000, 0x00000007a6ab0000, 0x00000007a6ab0000)
  to   space 21824K,   0% used [0x00000007a6ab0000, 0x00000007a6ab0000, 0x00000007a8000000)
 concurrent mark-sweep generation total 393216K, used 117468K [0x00000007a8000000, 0x00000007c0000000, 0x00000007c0000000)
 Metaspace       used 41623K, capacity 42464K, committed 42612K, reserved 1087488K
  class space    used 4706K, capacity 4921K, committed 4988K, reserved 1048576K
}
2016-10-23T22:36:04.024+0800: 2183.054: Total time for which application threads were stopped: 0.0126022 seconds, Stopping threads took: 0.0000979 seconds
{Heap before GC invocations=758 (full 14):
 par new generation   total 109248K, used 109248K [0x00000007a0000000, 0x00000007a8000000, 0x00000007a8000000)
  eden space 87424K, 100% used [0x00000007a0000000, 0x00000007a5560000, 0x00000007a5560000)
  from space 21824K, 100% used [0x00000007a5560000, 0x00000007a6ab0000, 0x00000007a6ab0000)
  to   space 21824K,   0% used [0x00000007a6ab0000, 0x00000007a6ab0000, 0x00000007a8000000)
 concurrent mark-sweep generation total 393216K, used 117468K [0x00000007a8000000, 0x00000007c0000000, 0x00000007c0000000)
 Metaspace       used 41623K, capacity 42464K, committed 42612K, reserved 1087488K
  class space    used 4706K, capacity 4921K, committed 4988K, reserved 1048576K
2016-10-23T22:36:04.110+0800: 2183.140: [GC (Allocation Failure) 2016-10-23T22:36:04.110+0800: 2183.140: [ParNew
Desired survivor size 20112992 bytes, new threshold 8 (max 8)
- age   1:    4105400 bytes,    4105400 total
- age   2:    1977040 bytes,    6082440 total
- age   3:    1546960 bytes,    7629400 total
- age   4:    2435240 bytes,   10064640 total
- age   5:     990608 bytes,   11055248 total
- age   6:     808784 bytes,   11864032 total
- age   7:    4957024 bytes,   16821056 total
- age   8:    2078016 bytes,   18899072 total
: 109248K->21824K(109248K), 0.0119385 secs] 226716K->142755K(502464K), 0.0119858 secs] [Times: user=0.04 sys=0.00, real=0.01 secs] 
Heap after GC invocations=759 (full 14):
 par new generation   total 109248K, used 21824K [0x00000007a0000000, 0x00000007a8000000, 0x00000007a8000000)
  eden space 87424K,   0% used [0x00000007a0000000, 0x00000007a0000000, 0x00000007a5560000)
  from space 21824K, 100% used [0x00000007a6ab0000, 0x00000007a8000000, 0x00000007a8000000)
  to   space 21824K,   0% used [0x00000007a5560000, 0x00000007a5560000, 0x00000007a6ab0000)
 concurrent mark-sweep generation total 393216K, used 120931K [0x00000007a8000000, 0x00000007c0000000, 0x00000007c0000000)
 Metaspace       used 41623K, capacity 42464K, committed 42612K, reserved 1087488K
  class space    used 4706K, capacity 4921K, committed 4988K, reserved 1048576K
}
2016-10-23T22:36:04.122+0800: 2183.152: Total time for which application threads were stopped: 0.0122536 seconds, Stopping threads took: 0.0000781 seconds
{Heap before GC invocations=759 (full 14):
 par new generation   total 109248K, used 109248K [0x00000007a0000000, 0x00000007a8000000, 0x00000007a8000000)
  eden space 87424K, 100% used [0x00000007a0000000, 0x00000007a5560000, 0x00000007a5560000)
  from space 21824K, 100% used [0x00000007a6ab0000, 0x00000007a8000000, 0x00000007a8000000)
  to   space 21824K,   0% used [0x00000007a5560000, 0x00000007a5560000, 0x00000007a6ab0000)
 concurrent mark-sweep generation total 393216K, used 120931K [0x00000007a8000000, 0x00000007c0000000, 0x00000007c0000000)
 Metaspace       used 41623K, capacity 42464K, committed 42612K, reserved 1087488K
  class space    used 4706K, capacity 4921K, committed 4988K, reserved 1048576K
2016-10-23T22:36:04.204+0800: 2183.234: [GC (Allocation Failure) 2016-10-23T22:36:04.204+0800: 2183.234: [ParNew
Desired survivor size 20112992 bytes, new threshold 8 (max 8)
- age   1:    5725176 bytes,    5725176 total
- age   2:    2420680 bytes,    8145856 total
- age   3:    1760880 bytes,    9906736 total
- age   4:     931888 bytes,   10838624 total
- age   5:    2217656 bytes,   13056280 total
- age   6:     964928 bytes,   14021208 total
- age   7:     803904 bytes,   14825112 total
- age   8:    4957024 bytes,   19782136 total
: 109248K->21824K(109248K), 0.0129573 secs] 230179K->145705K(502464K), 0.0130314 secs] [Times: user=0.05 sys=0.00, real=0.01 secs] 
Heap after GC invocations=760 (full 14):
 par new generation   total 109248K, used 21824K [0x00000007a0000000, 0x00000007a8000000, 0x00000007a8000000)
  eden space 87424K,   0% used [0x00000007a0000000, 0x00000007a0000000, 0x00000007a5560000)
  from space 21824K, 100% used [0x00000007a5560000, 0x00000007a6ab0000, 0x00000007a6ab0000)
  to   space 21824K,   0% used [0x00000007a6ab0000, 0x00000007a6ab0000, 0x00000007a8000000)
 concurrent mark-sweep generation total 393216K, used 123881K [0x00000007a8000000, 0x00000007c0000000, 0x00000007c0000000)
 Metaspace       used 41623K, capacity 42464K, committed 42612K, reserved 1087488K
  class space    used 4706K, capacity 4921K, committed 4988K, reserved 1048576K
}
2016-10-23T22:36:04.217+0800: 2183.247: Total time for which application threads were stopped: 0.0133422 seconds, Stopping threads took: 0.0001052 seconds
{Heap before GC invocations=760 (full 14):
 par new generation   total 109248K, used 109248K [0x00000007a0000000, 0x00000007a8000000, 0x00000007a8000000)
  eden space 87424K, 100% used [0x00000007a0000000, 0x00000007a5560000, 0x00000007a5560000)
  from space 21824K, 100% used [0x00000007a5560000, 0x00000007a6ab0000, 0x00000007a6ab0000)
  to   space 21824K,   0% used [0x00000007a6ab0000, 0x00000007a6ab0000, 0x00000007a8000000)
 concurrent mark-sweep generation total 393216K, used 123881K [0x00000007a8000000, 0x00000007c0000000, 0x00000007c0000000)
 Metaspace       used 41623K, capacity 42464K, committed 42612K, reserved 1087488K
  class space    used 4706K, capacity 4921K, committed 4988K, reserved 1048576K
2016-10-23T22:36:04.333+0800: 2183.363: [GC (Allocation Failure) 2016-10-23T22:36:04.333+0800: 2183.363: [ParNew
Desired survivor size 20112992 bytes, new threshold 8 (max 8)
- age   1:    6164592 bytes,    6164592 total
- age   2:    3766792 bytes,    9931384 total
- age   3:    2190664 bytes,   12122048 total
- age   4:    1722200 bytes,   13844248 total
- age   5:     902776 bytes,   14747024 total
- age   6:    1843768 bytes,   16590792 total
- age   7:     950960 bytes,   17541752 total
- age   8:     798080 bytes,   18339832 total
: 109248K->21824K(109248K), 0.0126758 secs] 233129K->150829K(502464K), 0.0127244 secs] [Times: user=0.05 sys=0.00, real=0.01 secs] 
Heap after GC invocations=761 (full 14):
 par new generation   total 109248K, used 21824K [0x00000007a0000000, 0x00000007a8000000, 0x00000007a8000000)
  eden space 87424K,   0% used [0x00000007a0000000, 0x00000007a0000000, 0x00000007a5560000)
  from space 21824K, 100% used [0x00000007a6ab0000, 0x00000007a8000000, 0x00000007a8000000)
  to   space 21824K,   0% used [0x00000007a5560000, 0x00000007a5560000, 0x00000007a6ab0000)
 concurrent mark-sweep generation total 393216K, used 129005K [0x00000007a8000000, 0x00000007c0000000, 0x00000007c0000000)
 Metaspace       used 41623K, capacity 42464K, committed 42612K, reserved 1087488K
  class space    used 4706K, capacity 4921K, committed 4988K, reserved 1048576K
}
2016-10-23T22:36:04.346+0800: 2183.375: Total time for which application threads were stopped: 0.0129668 seconds, Stopping threads took: 0.0000610 seconds
2016-10-23T22:36:04.425+0800: 2183.455: Total time for which application threads were stopped: 0.0001980 seconds, Stopping threads took: 0.0000541 seconds
2016-10-23T22:36:04.426+0800: 2183.455: Total time for which application threads were stopped: 0.0001173 seconds, Stopping threads took: 0.0000445 seconds
2016-10-23T22:36:04.426+0800: 2183.456: Total time for which application threads were stopped: 0.0001302 seconds, Stopping threads took: 0.0000519 seconds
2016-10-23T22:36:04.480+0800: 2183.510: Total time for which application threads were stopped: 0.0003259 seconds, Stopping threads took: 0.0000798 seconds
{Heap before GC invocations=761 (full 14):
 par new generation   total 109248K, used 109242K [0x00000007a0000000, 0x00000007a8000000, 0x00000007a8000000)
  eden space 87424K,  99% used [0x00000007a0000000, 0x00000007a555e9a8, 0x00000007a5560000)
  from space 21824K, 100% used [0x00000007a6ab0000, 0x00000007a8000000, 0x00000007a8000000)
  to   space 21824K,   0% used [0x00000007a5560000, 0x00000007a5560000, 0x00000007a6ab0000)
 concurrent mark-sweep generation total 393216K, used 129005K [0x00000007a8000000, 0x00000007c0000000, 0x00000007c0000000)
 Metaspace       used 41648K, capacity 42464K, committed 42612K, reserved 1087488K
  class space    used 4706K, capacity 4921K, committed 4988K, reserved 1048576K
2016-10-23T22:36:04.489+0800: 2183.519: [GC (Allocation Failure) 2016-10-23T22:36:04.489+0800: 2183.519: [ParNew
Desired survivor size 20112992 bytes, new threshold 8 (max 8)
- age   1:    7225656 bytes,    7225656 total
- age   2:    3224480 bytes,   10450136 total
- age   3:    3255312 bytes,   13705448 total
- age   4:    1923912 bytes,   15629360 total
- age   5:    1483448 bytes,   17112808 total
- age   6:     778872 bytes,   17891680 total
- age   7:    1424024 bytes,   19315704 total
- age   8:     864952 bytes,   20180656 total
: 109242K->21824K(109248K), 0.0207344 secs] 238247K->153901K(502464K), 0.0208388 secs] [Times: user=0.09 sys=0.00, real=0.03 secs] 
Heap after GC invocations=762 (full 14):
 par new generation   total 109248K, used 21824K [0x00000007a0000000, 0x00000007a8000000, 0x00000007a8000000)
  eden space 87424K,   0% used [0x00000007a0000000, 0x00000007a0000000, 0x00000007a5560000)
  from space 21824K, 100% used [0x00000007a5560000, 0x00000007a6ab0000, 0x00000007a6ab0000)
  to   space 21824K,   0% used [0x00000007a6ab0000, 0x00000007a6ab0000, 0x00000007a8000000)
 concurrent mark-sweep generation total 393216K, used 132077K [0x00000007a8000000, 0x00000007c0000000, 0x00000007c0000000)
 Metaspace       used 41648K, capacity 42464K, committed 42612K, reserved 1087488K
  class space    used 4706K, capacity 4921K, committed 4988K, reserved 1048576K
}
2016-10-23T22:36:04.510+0800: 2183.540: Total time for which application threads were stopped: 0.0211199 seconds, Stopping threads took: 0.0000882 seconds
{Heap before GC invocations=762 (full 14):
 par new generation   total 109248K, used 109236K [0x00000007a0000000, 0x00000007a8000000, 0x00000007a8000000)
  eden space 87424K,  99% used [0x00000007a0000000, 0x00000007a555d080, 0x00000007a5560000)
  from space 21824K, 100% used [0x00000007a5560000, 0x00000007a6ab0000, 0x00000007a6ab0000)
  to   space 21824K,   0% used [0x00000007a6ab0000, 0x00000007a6ab0000, 0x00000007a8000000)
 concurrent mark-sweep generation total 393216K, used 132077K [0x00000007a8000000, 0x00000007c0000000, 0x00000007c0000000)
 Metaspace       used 41659K, capacity 42464K, committed 42612K, reserved 1087488K
  class space    used 4706K, capacity 4921K, committed 4988K, reserved 1048576K
2016-10-23T22:36:04.656+0800: 2183.686: [GC (Allocation Failure) 2016-10-23T22:36:04.656+0800: 2183.686: [ParNew
Desired survivor size 20112992 bytes, new threshold 8 (max 8)
- age   1:    4444480 bytes,    4444480 total
- age   2:    5288064 bytes,    9732544 total
- age   3:    2694600 bytes,   12427144 total
- age   4:    2957624 bytes,   15384768 total
- age   5:    1602072 bytes,   16986840 total
- age   6:    1377872 bytes,   18364712 total
- age   7:     706064 bytes,   19070776 total
- age   8:    1281544 bytes,   20352320 total
: 109236K->21824K(109248K), 0.0110222 secs] 241313K->156432K(502464K), 0.0110922 secs] [Times: user=0.04 sys=0.00, real=0.01 secs] 
Heap after GC invocations=763 (full 14):
 par new generation   total 109248K, used 21824K [0x00000007a0000000, 0x00000007a8000000, 0x00000007a8000000)
  eden space 87424K,   0% used [0x00000007a0000000, 0x00000007a0000000, 0x00000007a5560000)
  from space 21824K, 100% used [0x00000007a6ab0000, 0x00000007a8000000, 0x00000007a8000000)
  to   space 21824K,   0% used [0x00000007a5560000, 0x00000007a5560000, 0x00000007a6ab0000)
 concurrent mark-sweep generation total 393216K, used 134608K [0x00000007a8000000, 0x00000007c0000000, 0x00000007c0000000)
 Metaspace       used 41659K, capacity 42464K, committed 42612K, reserved 1087488K
  class space    used 4706K, capacity 4921K, committed 4988K, reserved 1048576K
}
2016-10-23T22:36:04.667+0800: 2183.697: Total time for which application threads were stopped: 0.0114164 seconds, Stopping threads took: 0.0000917 seconds
{Heap before GC invocations=763 (full 14):
 par new generation   total 109248K, used 109248K [0x00000007a0000000, 0x00000007a8000000, 0x00000007a8000000)
  eden space 87424K, 100% used [0x00000007a0000000, 0x00000007a5560000, 0x00000007a5560000)
  from space 21824K, 100% used [0x00000007a6ab0000, 0x00000007a8000000, 0x00000007a8000000)
  to   space 21824K,   0% used [0x00000007a5560000, 0x00000007a5560000, 0x00000007a6ab0000)
 concurrent mark-sweep generation total 393216K, used 134608K [0x00000007a8000000, 0x00000007c0000000, 0x00000007c0000000)
 Metaspace       used 41659K, capacity 42464K, committed 42612K, reserved 1087488K
  class space    used 4706K, capacity 4921K, committed 4988K, reserved 1048576K
2016-10-23T22:36:04.706+0800: 2183.735: [GC (Allocation Failure) 2016-10-23T22:36:04.706+0800: 2183.735: [ParNew
Desired survivor size 20112992 bytes, new threshold 8 (max 8)
- age   1:    1306128 bytes,    1306128 total
- age   2:    3515808 bytes,    4821936 total
- age   3:    5180680 bytes,   10002616 total
- age   4:    2589696 bytes,   12592312 total
- age   5:    2891168 bytes,   15483480 total
- age   6:    1534592 bytes,   17018072 total
- age   7:    1323240 bytes,   18341312 total
- age   8:     675984 bytes,   19017296 total
: 109248K->21824K(109248K), 0.0101561 secs] 243856K->157843K(502464K), 0.0102603 secs] [Times: user=0.03 sys=0.00, real=0.01 secs] 
Heap after GC invocations=764 (full 14):
 par new generation   total 109248K, used 21824K [0x00000007a0000000, 0x00000007a8000000, 0x00000007a8000000)
  eden space 87424K,   0% used [0x00000007a0000000, 0x00000007a0000000, 0x00000007a5560000)
  from space 21824K, 100% used [0x00000007a5560000, 0x00000007a6ab0000, 0x00000007a6ab0000)
  to   space 21824K,   0% used [0x00000007a6ab0000, 0x00000007a6ab0000, 0x00000007a8000000)
 concurrent mark-sweep generation total 393216K, used 136019K [0x00000007a8000000, 0x00000007c0000000, 0x00000007c0000000)
 Metaspace       used 41659K, capacity 42464K, committed 42612K, reserved 1087488K
  class space    used 4706K, capacity 4921K, committed 4988K, reserved 1048576K
}
2016-10-23T22:36:04.716+0800: 2183.746: Total time for which application threads were stopped: 0.0105657 seconds, Stopping threads took: 0.0000277 seconds
{Heap before GC invocations=764 (full 14):
 par new generation   total 109248K, used 109248K [0x00000007a0000000, 0x00000007a8000000, 0x00000007a8000000)
  eden space 87424K, 100% used [0x00000007a0000000, 0x00000007a5560000, 0x00000007a5560000)
  from space 21824K, 100% used [0x00000007a5560000, 0x00000007a6ab0000, 0x00000007a6ab0000)
  to   space 21824K,   0% used [0x00000007a6ab0000, 0x00000007a6ab0000, 0x00000007a8000000)
 concurrent mark-sweep generation total 393216K, used 136019K [0x00000007a8000000, 0x00000007c0000000, 0x00000007c0000000)
 Metaspace       used 41659K, capacity 42464K, committed 42612K, reserved 1087488K
  class space    used 4706K, capacity 4921K, committed 4988K, reserved 1048576K
2016-10-23T22:36:04.844+0800: 2183.874: [GC (Allocation Failure) 2016-10-23T22:36:04.844+0800: 2183.874: [ParNew
Desired survivor size 20112992 bytes, new threshold 8 (max 8)
- age   1:    4943032 bytes,    4943032 total
- age   2:     520152 bytes,    5463184 total
- age   3:    2570840 bytes,    8034024 total
- age   4:    4294792 bytes,   12328816 total
- age   5:    2089688 bytes,   14418504 total
- age   6:    2644048 bytes,   17062552 total
- age   7:    1274280 bytes,   18336832 total
- age   8:    1137920 bytes,   19474752 total
: 109248K->21824K(109248K), 0.0134367 secs] 245267K->161243K(502464K), 0.0135257 secs] [Times: user=0.04 sys=0.00, real=0.01 secs] 
Heap after GC invocations=765 (full 14):
 par new generation   total 109248K, used 21824K [0x00000007a0000000, 0x00000007a8000000, 0x00000007a8000000)
  eden space 87424K,   0% used [0x00000007a0000000, 0x00000007a0000000, 0x00000007a5560000)
  from space 21824K, 100% used [0x00000007a6ab0000, 0x00000007a8000000, 0x00000007a8000000)
  to   space 21824K,   0% used [0x00000007a5560000, 0x00000007a5560000, 0x00000007a6ab0000)
 concurrent mark-sweep generation total 393216K, used 139419K [0x00000007a8000000, 0x00000007c0000000, 0x00000007c0000000)
 Metaspace       used 41659K, capacity 42464K, committed 42612K, reserved 1087488K
  class space    used 4706K, capacity 4921K, committed 4988K, reserved 1048576K
}
2016-10-23T22:36:04.858+0800: 2183.888: Total time for which application threads were stopped: 0.0137332 seconds, Stopping threads took: 0.0000301 seconds
{Heap before GC invocations=765 (full 14):
 par new generation   total 109248K, used 109248K [0x00000007a0000000, 0x00000007a8000000, 0x00000007a8000000)
  eden space 87424K, 100% used [0x00000007a0000000, 0x00000007a5560000, 0x00000007a5560000)
  from space 21824K, 100% used [0x00000007a6ab0000, 0x00000007a8000000, 0x00000007a8000000)
  to   space 21824K,   0% used [0x00000007a5560000, 0x00000007a5560000, 0x00000007a6ab0000)
 concurrent mark-sweep generation total 393216K, used 139419K [0x00000007a8000000, 0x00000007c0000000, 0x00000007c0000000)
 Metaspace       used 41659K, capacity 42464K, committed 42612K, reserved 1087488K
  class space    used 4706K, capacity 4921K, committed 4988K, reserved 1048576K
2016-10-23T22:36:04.993+0800: 2184.023: [GC (Allocation Failure) 2016-10-23T22:36:04.993+0800: 2184.023: [ParNew
Desired survivor size 20112992 bytes, new threshold 8 (max 8)
- age   1:    5023920 bytes,    5023920 total
- age   2:    3107168 bytes,    8131088 total
- age   3:     461312 bytes,    8592400 total
- age   4:    2086768 bytes,   10679168 total
- age   5:    4294792 bytes,   14973960 total
- age   6:    2089688 bytes,   17063648 total
- age   7:    2644048 bytes,   19707696 total
- age   8:    1274328 bytes,   20982024 total
: 109248K->21824K(109248K), 0.0144157 secs] 248667K->164746K(502464K), 0.0144661 secs] [Times: user=0.05 sys=0.00, real=0.01 secs] 
Heap after GC invocations=766 (full 14):
 par new generation   total 109248K, used 21824K [0x00000007a0000000, 0x00000007a8000000, 0x00000007a8000000)
  eden space 87424K,   0% used [0x00000007a0000000, 0x00000007a0000000, 0x00000007a5560000)
  from space 21824K, 100% used [0x00000007a5560000, 0x00000007a6ab0000, 0x00000007a6ab0000)
  to   space 21824K,   0% used [0x00000007a6ab0000, 0x00000007a6ab0000, 0x00000007a8000000)
 concurrent mark-sweep generation total 393216K, used 142922K [0x00000007a8000000, 0x00000007c0000000, 0x00000007c0000000)
 Metaspace       used 41659K, capacity 42464K, committed 42612K, reserved 1087488K
  class space    used 4706K, capacity 4921K, committed 4988K, reserved 1048576K
}
2016-10-23T22:36:05.008+0800: 2184.038: Total time for which application threads were stopped: 0.0147046 seconds, Stopping threads took: 0.0000644 seconds
{Heap before GC invocations=766 (full 14):
 par new generation   total 109248K, used 109248K [0x00000007a0000000, 0x00000007a8000000, 0x00000007a8000000)
  eden space 87424K, 100% used [0x00000007a0000000, 0x00000007a5560000, 0x00000007a5560000)
  from space 21824K, 100% used [0x00000007a5560000, 0x00000007a6ab0000, 0x00000007a6ab0000)
  to   space 21824K,   0% used [0x00000007a6ab0000, 0x00000007a6ab0000, 0x00000007a8000000)
 concurrent mark-sweep generation total 393216K, used 142922K [0x00000007a8000000, 0x00000007c0000000, 0x00000007c0000000)
 Metaspace       used 41659K, capacity 42464K, committed 42612K, reserved 1087488K
  class space    used 4706K, capacity 4921K, committed 4988K, reserved 1048576K
2016-10-23T22:36:05.156+0800: 2184.186: [GC (Allocation Failure) 2016-10-23T22:36:05.156+0800: 2184.186: [ParNew
Desired survivor size 20112992 bytes, new threshold 8 (max 8)
- age   1:    5251232 bytes,    5251232 total
- age   2:    3138480 bytes,    8389712 total
- age   3:    2707176 bytes,   11096888 total
- age   4:     412704 bytes,   11509592 total
- age   5:    1926568 bytes,   13436160 total
- age   6:    4186048 bytes,   17622208 total
- age   7:    1801960 bytes,   19424168 total
- age   8:    2638240 bytes,   22062408 total
: 109248K->21824K(109248K), 0.0182834 secs] 252170K->168962K(502464K), 0.0183397 secs] [Times: user=0.07 sys=0.00, real=0.02 secs] 
Heap after GC invocations=767 (full 14):
 par new generation   total 109248K, used 21824K [0x00000007a0000000, 0x00000007a8000000, 0x00000007a8000000)
  eden space 87424K,   0% used [0x00000007a0000000, 0x00000007a0000000, 0x00000007a5560000)
  from space 21824K, 100% used [0x00000007a6ab0000, 0x00000007a8000000, 0x00000007a8000000)
  to   space 21824K,   0% used [0x00000007a5560000, 0x00000007a5560000, 0x00000007a6ab0000)
 concurrent mark-sweep generation total 393216K, used 147138K [0x00000007a8000000, 0x00000007c0000000, 0x00000007c0000000)
 Metaspace       used 41659K, capacity 42464K, committed 42612K, reserved 1087488K
  class space    used 4706K, capacity 4921K, committed 4988K, reserved 1048576K
}
2016-10-23T22:36:05.174+0800: 2184.204: Total time for which application threads were stopped: 0.0185780 seconds, Stopping threads took: 0.0000617 seconds
{Heap before GC invocations=767 (full 14):
 par new generation   total 109248K, used 109248K [0x00000007a0000000, 0x00000007a8000000, 0x00000007a8000000)
  eden space 87424K, 100% used [0x00000007a0000000, 0x00000007a5560000, 0x00000007a5560000)
  from space 21824K, 100% used [0x00000007a6ab0000, 0x00000007a8000000, 0x00000007a8000000)
  to   space 21824K,   0% used [0x00000007a5560000, 0x00000007a5560000, 0x00000007a6ab0000)
 concurrent mark-sweep generation total 393216K, used 147138K [0x00000007a8000000, 0x00000007c0000000, 0x00000007c0000000)
 Metaspace       used 41659K, capacity 42464K, committed 42612K, reserved 1087488K
  class space    used 4706K, capacity 4921K, committed 4988K, reserved 1048576K
2016-10-23T22:36:05.328+0800: 2184.358: [GC (Allocation Failure) 2016-10-23T22:36:05.328+0800: 2184.358: [ParNew
Desired survivor size 20112992 bytes, new threshold 8 (max 8)
- age   1:    6278160 bytes,    6278160 total
- age   2:    2939912 bytes,    9218072 total
- age   3:    2560448 bytes,   11778520 total
- age   4:    2360248 bytes,   14138768 total
- age   5:     407184 bytes,   14545952 total
- age   6:    1704512 bytes,   16250464 total
- age   7:    3096864 bytes,   19347328 total
- age   8:    1498824 bytes,   20846152 total
: 109248K->21824K(109248K), 0.0177955 secs] 256386K->176182K(502464K), 0.0178441 secs] [Times: user=0.06 sys=0.00, real=0.02 secs] 
Heap after GC invocations=768 (full 14):
 par new generation   total 109248K, used 21824K [0x00000007a0000000, 0x00000007a8000000, 0x00000007a8000000)
  eden space 87424K,   0% used [0x00000007a0000000, 0x00000007a0000000, 0x00000007a5560000)
  from space 21824K, 100% used [0x00000007a5560000, 0x00000007a6ab0000, 0x00000007a6ab0000)
  to   space 21824K,   0% used [0x00000007a6ab0000, 0x00000007a6ab0000, 0x00000007a8000000)
 concurrent mark-sweep generation total 393216K, used 154358K [0x00000007a8000000, 0x00000007c0000000, 0x00000007c0000000)
 Metaspace       used 41659K, capacity 42464K, committed 42612K, reserved 1087488K
  class space    used 4706K, capacity 4921K, committed 4988K, reserved 1048576K
}
2016-10-23T22:36:05.346+0800: 2184.376: Total time for which application threads were stopped: 0.0180252 seconds, Stopping threads took: 0.0000200 seconds
{Heap before GC invocations=768 (full 14):
 par new generation   total 109248K, used 109248K [0x00000007a0000000, 0x00000007a8000000, 0x00000007a8000000)
  eden space 87424K, 100% used [0x00000007a0000000, 0x00000007a5560000, 0x00000007a5560000)
  from space 21824K, 100% used [0x00000007a5560000, 0x00000007a6ab0000, 0x00000007a6ab0000)
  to   space 21824K,   0% used [0x00000007a6ab0000, 0x00000007a6ab0000, 0x00000007a8000000)
 concurrent mark-sweep generation total 393216K, used 154358K [0x00000007a8000000, 0x00000007c0000000, 0x00000007c0000000)
 Metaspace       used 41659K, capacity 42464K, committed 42612K, reserved 1087488K
  class space    used 4706K, capacity 4921K, committed 4988K, reserved 1048576K
2016-10-23T22:36:05.498+0800: 2184.528: [GC (Allocation Failure) 2016-10-23T22:36:05.498+0800: 2184.528: [ParNew
Desired survivor size 20112992 bytes, new threshold 8 (max 8)
- age   1:    4712680 bytes,    4712680 total
- age   2:    3119576 bytes,    7832256 total
- age   3:    2437272 bytes,   10269528 total
- age   4:    2259360 bytes,   12528888 total
- age   5:    2125424 bytes,   14654312 total
- age   6:     345704 bytes,   15000016 total
- age   7:    1440464 bytes,   16440480 total
- age   8:    3093888 bytes,   19534368 total
: 109248K->21824K(109248K), 0.0147715 secs] 263606K->182986K(502464K), 0.0148620 secs] [Times: user=0.05 sys=0.00, real=0.02 secs] 
Heap after GC invocations=769 (full 14):
 par new generation   total 109248K, used 21824K [0x00000007a0000000, 0x00000007a8000000, 0x00000007a8000000)
  eden space 87424K,   0% used [0x00000007a0000000, 0x00000007a0000000, 0x00000007a5560000)
  from space 21824K, 100% used [0x00000007a6ab0000, 0x00000007a8000000, 0x00000007a8000000)
  to   space 21824K,   0% used [0x00000007a5560000, 0x00000007a5560000, 0x00000007a6ab0000)
 concurrent mark-sweep generation total 393216K, used 161162K [0x00000007a8000000, 0x00000007c0000000, 0x00000007c0000000)
 Metaspace       used 41659K, capacity 42464K, committed 42612K, reserved 1087488K
  class space    used 4706K, capacity 4921K, committed 4988K, reserved 1048576K
}
2016-10-23T22:36:05.513+0800: 2184.543: Total time for which application threads were stopped: 0.0151208 seconds, Stopping threads took: 0.0000840 seconds
{Heap before GC invocations=769 (full 14):
 par new generation   total 109248K, used 109248K [0x00000007a0000000, 0x00000007a8000000, 0x00000007a8000000)
  eden space 87424K, 100% used [0x00000007a0000000, 0x00000007a5560000, 0x00000007a5560000)
  from space 21824K, 100% used [0x00000007a6ab0000, 0x00000007a8000000, 0x00000007a8000000)
  to   space 21824K,   0% used [0x00000007a5560000, 0x00000007a5560000, 0x00000007a6ab0000)
 concurrent mark-sweep generation total 393216K, used 161162K [0x00000007a8000000, 0x00000007c0000000, 0x00000007c0000000)
 Metaspace       used 41659K, capacity 42464K, committed 42612K, reserved 1087488K
  class space    used 4706K, capacity 4921K, committed 4988K, reserved 1048576K
2016-10-23T22:36:05.687+0800: 2184.717: [GC (Allocation Failure) 2016-10-23T22:36:05.687+0800: 2184.717: [ParNew
Desired survivor size 20112992 bytes, new threshold 8 (max 8)
- age   1:    5078056 bytes,    5078056 total
- age   2:    4189480 bytes,    9267536 total
- age   3:    2570864 bytes,   11838400 total
- age   4:    2005464 bytes,   13843864 total
- age   5:    1976240 bytes,   15820104 total
- age   6:    1887232 bytes,   17707336 total
- age   7:     298056 bytes,   18005392 total
- age   8:    1299184 bytes,   19304576 total
: 109248K->21824K(109248K), 0.0131278 secs] 270410K->186651K(502464K), 0.0131855 secs] [Times: user=0.05 sys=0.00, real=0.02 secs] 
Heap after GC invocations=770 (full 14):
 par new generation   total 109248K, used 21824K [0x00000007a0000000, 0x00000007a8000000, 0x00000007a8000000)
  eden space 87424K,   0% used [0x00000007a0000000, 0x00000007a0000000, 0x00000007a5560000)
  from space 21824K, 100% used [0x00000007a5560000, 0x00000007a6ab0000, 0x00000007a6ab0000)
  to   space 21824K,   0% used [0x00000007a6ab0000, 0x00000007a6ab0000, 0x00000007a8000000)
 concurrent mark-sweep generation total 393216K, used 164827K [0x00000007a8000000, 0x00000007c0000000, 0x00000007c0000000)
 Metaspace       used 41659K, capacity 42464K, committed 42612K, reserved 1087488K
  class space    used 4706K, capacity 4921K, committed 4988K, reserved 1048576K
}
2016-10-23T22:36:05.700+0800: 2184.730: Total time for which application threads were stopped: 0.0134468 seconds, Stopping threads took: 0.0000742 seconds
{Heap before GC invocations=770 (full 14):
 par new generation   total 109248K, used 109248K [0x00000007a0000000, 0x00000007a8000000, 0x00000007a8000000)
  eden space 87424K, 100% used [0x00000007a0000000, 0x00000007a5560000, 0x00000007a5560000)
  from space 21824K, 100% used [0x00000007a5560000, 0x00000007a6ab0000, 0x00000007a6ab0000)
  to   space 21824K,   0% used [0x00000007a6ab0000, 0x00000007a6ab0000, 0x00000007a8000000)
 concurrent mark-sweep generation total 393216K, used 164827K [0x00000007a8000000, 0x00000007c0000000, 0x00000007c0000000)
 Metaspace       used 41659K, capacity 42464K, committed 42612K, reserved 1087488K
  class space    used 4706K, capacity 4921K, committed 4988K, reserved 1048576K
2016-10-23T22:36:05.734+0800: 2184.764: [GC (Allocation Failure) 2016-10-23T22:36:05.735+0800: 2184.764: [ParNew
Desired survivor size 20112992 bytes, new threshold 8 (max 8)
- age   1:    1309712 bytes,    1309712 total
- age   2:    4492160 bytes,    5801872 total
- age   3:    4189456 bytes,    9991328 total
- age   4:    2570432 bytes,   12561760 total
- age   5:    2005152 bytes,   14566912 total
- age   6:    1975856 bytes,   16542768 total
- age   7:    1886728 bytes,   18429496 total
- age   8:     298032 bytes,   18727528 total
: 109248K->21824K(109248K), 0.0110969 secs] 274075K->187933K(502464K), 0.0111483 secs] [Times: user=0.04 sys=0.00, real=0.01 secs] 
Heap after GC invocations=771 (full 14):
 par new generation   total 109248K, used 21824K [0x00000007a0000000, 0x00000007a8000000, 0x00000007a8000000)
  eden space 87424K,   0% used [0x00000007a0000000, 0x00000007a0000000, 0x00000007a5560000)
  from space 21824K, 100% used [0x00000007a6ab0000, 0x00000007a8000000, 0x00000007a8000000)
  to   space 21824K,   0% used [0x00000007a5560000, 0x00000007a5560000, 0x00000007a6ab0000)
 concurrent mark-sweep generation total 393216K, used 166109K [0x00000007a8000000, 0x00000007c0000000, 0x00000007c0000000)
 Metaspace       used 41659K, capacity 42464K, committed 42612K, reserved 1087488K
  class space    used 4706K, capacity 4921K, committed 4988K, reserved 1048576K
}
2016-10-23T22:36:05.746+0800: 2184.776: Total time for which application threads were stopped: 0.0114257 seconds, Stopping threads took: 0.0000572 seconds
{Heap before GC invocations=771 (full 14):
 par new generation   total 109248K, used 109248K [0x00000007a0000000, 0x00000007a8000000, 0x00000007a8000000)
  eden space 87424K, 100% used [0x00000007a0000000, 0x00000007a5560000, 0x00000007a5560000)
  from space 21824K, 100% used [0x00000007a6ab0000, 0x00000007a8000000, 0x00000007a8000000)
  to   space 21824K,   0% used [0x00000007a5560000, 0x00000007a5560000, 0x00000007a6ab0000)
 concurrent mark-sweep generation total 393216K, used 166109K [0x00000007a8000000, 0x00000007c0000000, 0x00000007c0000000)
 Metaspace       used 41659K, capacity 42464K, committed 42612K, reserved 1087488K
  class space    used 4706K, capacity 4921K, committed 4988K, reserved 1048576K
2016-10-23T22:36:05.853+0800: 2184.883: [GC (Allocation Failure) 2016-10-23T22:36:05.853+0800: 2184.883: [ParNew
Desired survivor size 20112992 bytes, new threshold 8 (max 8)
- age   1:    4798136 bytes,    4798136 total
- age   2:     695784 bytes,    5493920 total
- age   3:    4020888 bytes,    9514808 total
- age   4:    3530872 bytes,   13045680 total
- age   5:    2158168 bytes,   15203848 total
- age   6:    1491408 bytes,   16695256 total
- age   7:    1503744 bytes,   18199000 total
- age   8:    1563864 bytes,   19762864 total
: 109248K->21824K(109248K), 0.0106642 secs] 275357K->189622K(502464K), 0.0107204 secs] [Times: user=0.04 sys=0.00, real=0.01 secs] 
Heap after GC invocations=772 (full 14):
 par new generation   total 109248K, used 21824K [0x00000007a0000000, 0x00000007a8000000, 0x00000007a8000000)
  eden space 87424K,   0% used [0x00000007a0000000, 0x00000007a0000000, 0x00000007a5560000)
  from space 21824K, 100% used [0x00000007a5560000, 0x00000007a6ab0000, 0x00000007a6ab0000)
  to   space 21824K,   0% used [0x00000007a6ab0000, 0x00000007a6ab0000, 0x00000007a8000000)
 concurrent mark-sweep generation total 393216K, used 167798K [0x00000007a8000000, 0x00000007c0000000, 0x00000007c0000000)
 Metaspace       used 41659K, capacity 42464K, committed 42612K, reserved 1087488K
  class space    used 4706K, capacity 4921K, committed 4988K, reserved 1048576K
}
2016-10-23T22:36:05.864+0800: 2184.894: Total time for which application threads were stopped: 0.0109564 seconds, Stopping threads took: 0.0000578 seconds
{Heap before GC invocations=772 (full 14):
 par new generation   total 109248K, used 109248K [0x00000007a0000000, 0x00000007a8000000, 0x00000007a8000000)
  eden space 87424K, 100% used [0x00000007a0000000, 0x00000007a5560000, 0x00000007a5560000)
  from space 21824K, 100% used [0x00000007a5560000, 0x00000007a6ab0000, 0x00000007a6ab0000)
  to   space 21824K,   0% used [0x00000007a6ab0000, 0x00000007a6ab0000, 0x00000007a8000000)
 concurrent mark-sweep generation total 393216K, used 167798K [0x00000007a8000000, 0x00000007c0000000, 0x00000007c0000000)
 Metaspace       used 41659K, capacity 42464K, committed 42612K, reserved 1087488K
  class space    used 4706K, capacity 4921K, committed 4988K, reserved 1048576K
2016-10-23T22:36:06.007+0800: 2185.037: [GC (Allocation Failure) 2016-10-23T22:36:06.007+0800: 2185.037: [ParNew
Desired survivor size 20112992 bytes, new threshold 8 (max 8)
- age   1:    5480352 bytes,    5480352 total
- age   2:    2845704 bytes,    8326056 total
- age   3:     503920 bytes,    8829976 total
- age   4:    3785488 bytes,   12615464 total
- age   5:    3530272 bytes,   16145736 total
- age   6:    2157808 bytes,   18303544 total
- age   7:    1491120 bytes,   19794664 total
- age   8:    1503360 bytes,   21298024 total
: 109248K->21824K(109248K), 0.0132921 secs] 277046K->193066K(502464K), 0.0133657 secs] [Times: user=0.04 sys=0.01, real=0.02 secs] 
Heap after GC invocations=773 (full 14):
 par new generation   total 109248K, used 21824K [0x00000007a0000000, 0x00000007a8000000, 0x00000007a8000000)
  eden space 87424K,   0% used [0x00000007a0000000, 0x00000007a0000000, 0x00000007a5560000)
  from space 21824K, 100% used [0x00000007a6ab0000, 0x00000007a8000000, 0x00000007a8000000)
  to   space 21824K,   0% used [0x00000007a5560000, 0x00000007a5560000, 0x00000007a6ab0000)
 concurrent mark-sweep generation total 393216K, used 171242K [0x00000007a8000000, 0x00000007c0000000, 0x00000007c0000000)
 Metaspace       used 41659K, capacity 42464K, committed 42612K, reserved 1087488K
  class space    used 4706K, capacity 4921K, committed 4988K, reserved 1048576K
}
2016-10-23T22:36:06.020+0800: 2185.050: Total time for which application threads were stopped: 0.0136272 seconds, Stopping threads took: 0.0000869 seconds
{Heap before GC invocations=773 (full 14):
 par new generation   total 109248K, used 109248K [0x00000007a0000000, 0x00000007a8000000, 0x00000007a8000000)
  eden space 87424K, 100% used [0x00000007a0000000, 0x00000007a5560000, 0x00000007a5560000)
  from space 21824K, 100% used [0x00000007a6ab0000, 0x00000007a8000000, 0x00000007a8000000)
  to   space 21824K,   0% used [0x00000007a5560000, 0x00000007a5560000, 0x00000007a6ab0000)
 concurrent mark-sweep generation total 393216K, used 171242K [0x00000007a8000000, 0x00000007c0000000, 0x00000007c0000000)
 Metaspace       used 41659K, capacity 42464K, committed 42612K, reserved 1087488K
  class space    used 4706K, capacity 4921K, committed 4988K, reserved 1048576K
2016-10-23T22:36:06.163+0800: 2185.193: [GC (Allocation Failure) 2016-10-23T22:36:06.163+0800: 2185.193: [ParNew
Desired survivor size 20112992 bytes, new threshold 8 (max 8)
- age   1:    4808328 bytes,    4808328 total
- age   2:    3008816 bytes,    7817144 total
- age   3:    2119360 bytes,    9936504 total
- age   4:     280760 bytes,   10217264 total
- age   5:    2935256 bytes,   13152520 total
- age   6:    3530272 bytes,   16682792 total
- age   7:    2157808 bytes,   18840600 total
- age   8:    1491120 bytes,   20331720 total
: 109248K->21824K(109248K), 0.0178586 secs] 280490K->199125K(502464K), 0.0179299 secs] [Times: user=0.07 sys=0.00, real=0.02 secs] 
Heap after GC invocations=774 (full 14):
 par new generation   total 109248K, used 21824K [0x00000007a0000000, 0x00000007a8000000, 0x00000007a8000000)
  eden space 87424K,   0% used [0x00000007a0000000, 0x00000007a0000000, 0x00000007a5560000)
  from space 21824K, 100% used [0x00000007a5560000, 0x00000007a6ab0000, 0x00000007a6ab0000)
  to   space 21824K,   0% used [0x00000007a6ab0000, 0x00000007a6ab0000, 0x00000007a8000000)
 concurrent mark-sweep generation total 393216K, used 177301K [0x00000007a8000000, 0x00000007c0000000, 0x00000007c0000000)
 Metaspace       used 41659K, capacity 42464K, committed 42612K, reserved 1087488K
  class space    used 4706K, capacity 4921K, committed 4988K, reserved 1048576K
}
2016-10-23T22:36:06.181+0800: 2185.211: Total time for which application threads were stopped: 0.0181926 seconds, Stopping threads took: 0.0000717 seconds
{Heap before GC invocations=774 (full 14):
 par new generation   total 109248K, used 109248K [0x00000007a0000000, 0x00000007a8000000, 0x00000007a8000000)
  eden space 87424K, 100% used [0x00000007a0000000, 0x00000007a5560000, 0x00000007a5560000)
  from space 21824K, 100% used [0x00000007a5560000, 0x00000007a6ab0000, 0x00000007a6ab0000)
  to   space 21824K,   0% used [0x00000007a6ab0000, 0x00000007a6ab0000, 0x00000007a8000000)
 concurrent mark-sweep generation total 393216K, used 177301K [0x00000007a8000000, 0x00000007c0000000, 0x00000007c0000000)
 Metaspace       used 41659K, capacity 42464K, committed 42612K, reserved 1087488K
  class space    used 4706K, capacity 4921K, committed 4988K, reserved 1048576K
2016-10-23T22:36:06.327+0800: 2185.357: [GC (Allocation Failure) 2016-10-23T22:36:06.327+0800: 2185.357: [ParNew
Desired survivor size 20112992 bytes, new threshold 7 (max 8)
- age   1:    6942368 bytes,    6942368 total
- age   2:    2935064 bytes,    9877432 total
- age   3:    2065368 bytes,   11942800 total
- age   4:    1771224 bytes,   13714024 total
- age   5:     226160 bytes,   13940184 total
- age   6:    2683688 bytes,   16623872 total
- age   7:    3529560 bytes,   20153432 total
- age   8:    2157904 bytes,   22311336 total
: 109248K->21824K(109248K), 0.0203208 secs] 286549K->203725K(502464K), 0.0203873 secs] [Times: user=0.08 sys=0.01, real=0.02 secs] 
Heap after GC invocations=775 (full 14):
 par new generation   total 109248K, used 21824K [0x00000007a0000000, 0x00000007a8000000, 0x00000007a8000000)
  eden space 87424K,   0% used [0x00000007a0000000, 0x00000007a0000000, 0x00000007a5560000)
  from space 21824K, 100% used [0x00000007a6ab0000, 0x00000007a8000000, 0x00000007a8000000)
  to   space 21824K,   0% used [0x00000007a5560000, 0x00000007a5560000, 0x00000007a6ab0000)
 concurrent mark-sweep generation total 393216K, used 181901K [0x00000007a8000000, 0x00000007c0000000, 0x00000007c0000000)
 Metaspace       used 41659K, capacity 42464K, committed 42612K, reserved 1087488K
  class space    used 4706K, capacity 4921K, committed 4988K, reserved 1048576K
}
2016-10-23T22:36:06.348+0800: 2185.377: Total time for which application threads were stopped: 0.0206214 seconds, Stopping threads took: 0.0000214 seconds
{Heap before GC invocations=775 (full 14):
 par new generation   total 109248K, used 109248K [0x00000007a0000000, 0x00000007a8000000, 0x00000007a8000000)
  eden space 87424K, 100% used [0x00000007a0000000, 0x00000007a5560000, 0x00000007a5560000)
  from space 21824K, 100% used [0x00000007a6ab0000, 0x00000007a8000000, 0x00000007a8000000)
  to   space 21824K,   0% used [0x00000007a5560000, 0x00000007a5560000, 0x00000007a6ab0000)
 concurrent mark-sweep generation total 393216K, used 181901K [0x00000007a8000000, 0x00000007c0000000, 0x00000007c0000000)
 Metaspace       used 41659K, capacity 42464K, committed 42612K, reserved 1087488K
  class space    used 4706K, capacity 4921K, committed 4988K, reserved 1048576K
2016-10-23T22:36:06.499+0800: 2185.529: [GC (Allocation Failure) 2016-10-23T22:36:06.499+0800: 2185.529: [ParNew
Desired survivor size 20112992 bytes, new threshold 8 (max 8)
- age   1:    5964528 bytes,    5964528 total
- age   2:    4473360 bytes,   10437888 total
- age   3:    2493648 bytes,   12931536 total
- age   4:    1907040 bytes,   14838576 total
- age   5:    1678576 bytes,   16517152 total
- age   6:     208480 bytes,   16725632 total
- age   7:    2623712 bytes,   19349344 total
: 109248K->21824K(109248K), 0.0217901 secs] 291149K->211790K(502464K), 0.0218714 secs] [Times: user=0.08 sys=0.00, real=0.03 secs] 
Heap after GC invocations=776 (full 14):
 par new generation   total 109248K, used 21824K [0x00000007a0000000, 0x00000007a8000000, 0x00000007a8000000)
  eden space 87424K,   0% used [0x00000007a0000000, 0x00000007a0000000, 0x00000007a5560000)
  from space 21824K, 100% used [0x00000007a5560000, 0x00000007a6ab0000, 0x00000007a6ab0000)
  to   space 21824K,   0% used [0x00000007a6ab0000, 0x00000007a6ab0000, 0x00000007a8000000)
 concurrent mark-sweep generation total 393216K, used 189966K [0x00000007a8000000, 0x00000007c0000000, 0x00000007c0000000)
 Metaspace       used 41659K, capacity 42464K, committed 42612K, reserved 1087488K
  class space    used 4706K, capacity 4921K, committed 4988K, reserved 1048576K
}
2016-10-23T22:36:06.521+0800: 2185.551: Total time for which application threads were stopped: 0.0222641 seconds, Stopping threads took: 0.0000966 seconds
{Heap before GC invocations=776 (full 14):
 par new generation   total 109248K, used 109248K [0x00000007a0000000, 0x00000007a8000000, 0x00000007a8000000)
  eden space 87424K, 100% used [0x00000007a0000000, 0x00000007a5560000, 0x00000007a5560000)
  from space 21824K, 100% used [0x00000007a5560000, 0x00000007a6ab0000, 0x00000007a6ab0000)
  to   space 21824K,   0% used [0x00000007a6ab0000, 0x00000007a6ab0000, 0x00000007a8000000)
 concurrent mark-sweep generation total 393216K, used 189966K [0x00000007a8000000, 0x00000007c0000000, 0x00000007c0000000)
 Metaspace       used 41659K, capacity 42464K, committed 42612K, reserved 1087488K
  class space    used 4706K, capacity 4921K, committed 4988K, reserved 1048576K
2016-10-23T22:36:06.672+0800: 2185.702: [GC (Allocation Failure) 2016-10-23T22:36:06.672+0800: 2185.702: [ParNew
Desired survivor size 20112992 bytes, new threshold 8 (max 8)
- age   1:    3954432 bytes,    3954432 total
- age   2:    5227544 bytes,    9181976 total
- age   3:    3997512 bytes,   13179488 total
- age   4:    2099880 bytes,   15279368 total
- age   5:    1544144 bytes,   16823512 total
- age   6:    1406176 bytes,   18229688 total
- age   7:     163232 bytes,   18392920 total
- age   8:    2326784 bytes,   20719704 total
: 109248K->21824K(109248K), 0.0159747 secs] 299214K->212885K(502464K), 0.0160237 secs] [Times: user=0.06 sys=0.00, real=0.01 secs] 
Heap after GC invocations=777 (full 14):
 par new generation   total 109248K, used 21824K [0x00000007a0000000, 0x00000007a8000000, 0x00000007a8000000)
  eden space 87424K,   0% used [0x00000007a0000000, 0x00000007a0000000, 0x00000007a5560000)
  from space 21824K, 100% used [0x00000007a6ab0000, 0x00000007a8000000, 0x00000007a8000000)
  to   space 21824K,   0% used [0x00000007a5560000, 0x00000007a5560000, 0x00000007a6ab0000)
 concurrent mark-sweep generation total 393216K, used 191061K [0x00000007a8000000, 0x00000007c0000000, 0x00000007c0000000)
 Metaspace       used 41659K, capacity 42464K, committed 42612K, reserved 1087488K
  class space    used 4706K, capacity 4921K, committed 4988K, reserved 1048576K
}
2016-10-23T22:36:06.688+0800: 2185.718: Total time for which application threads were stopped: 0.0162720 seconds, Stopping threads took: 0.0000609 seconds
{Heap before GC invocations=777 (full 14):
 par new generation   total 109248K, used 109248K [0x00000007a0000000, 0x00000007a8000000, 0x00000007a8000000)
  eden space 87424K, 100% used [0x00000007a0000000, 0x00000007a5560000, 0x00000007a5560000)
  from space 21824K, 100% used [0x00000007a6ab0000, 0x00000007a8000000, 0x00000007a8000000)
  to   space 21824K,   0% used [0x00000007a5560000, 0x00000007a5560000, 0x00000007a6ab0000)
 concurrent mark-sweep generation total 393216K, used 191061K [0x00000007a8000000, 0x00000007c0000000, 0x00000007c0000000)
 Metaspace       used 41659K, capacity 42464K, committed 42612K, reserved 1087488K
  class space    used 4706K, capacity 4921K, committed 4988K, reserved 1048576K
2016-10-23T22:36:06.726+0800: 2185.756: [GC (Allocation Failure) 2016-10-23T22:36:06.727+0800: 2185.756: [ParNew
Desired survivor size 20112992 bytes, new threshold 8 (max 8)
- age   1:    1452696 bytes,    1452696 total
- age   2:    3205048 bytes,    4657744 total
- age   3:    5220024 bytes,    9877768 total
- age   4:    3993288 bytes,   13871056 total
- age   5:    2094888 bytes,   15965944 total
- age   6:    1539680 bytes,   17505624 total
- age   7:    1402152 bytes,   18907776 total
- age   8:     162624 bytes,   19070400 total
: 109248K->21824K(109248K), 0.0138481 secs] 300309K->215281K(502464K), 0.0138992 secs] [Times: user=0.05 sys=0.01, real=0.02 secs] 
Heap after GC invocations=778 (full 14):
 par new generation   total 109248K, used 21824K [0x00000007a0000000, 0x00000007a8000000, 0x00000007a8000000)
  eden space 87424K,   0% used [0x00000007a0000000, 0x00000007a0000000, 0x00000007a5560000)
  from space 21824K, 100% used [0x00000007a5560000, 0x00000007a6ab0000, 0x00000007a6ab0000)
  to   space 21824K,   0% used [0x00000007a6ab0000, 0x00000007a6ab0000, 0x00000007a8000000)
 concurrent mark-sweep generation total 393216K, used 193457K [0x00000007a8000000, 0x00000007c0000000, 0x00000007c0000000)
 Metaspace       used 41659K, capacity 42464K, committed 42612K, reserved 1087488K
  class space    used 4706K, capacity 4921K, committed 4988K, reserved 1048576K
}
2016-10-23T22:36:06.740+0800: 2185.770: Total time for which application threads were stopped: 0.0141524 seconds, Stopping threads took: 0.0000578 seconds
{Heap before GC invocations=778 (full 14):
 par new generation   total 109248K, used 109248K [0x00000007a0000000, 0x00000007a8000000, 0x00000007a8000000)
  eden space 87424K, 100% used [0x00000007a0000000, 0x00000007a5560000, 0x00000007a5560000)
  from space 21824K, 100% used [0x00000007a5560000, 0x00000007a6ab0000, 0x00000007a6ab0000)
  to   space 21824K,   0% used [0x00000007a6ab0000, 0x00000007a6ab0000, 0x00000007a8000000)
 concurrent mark-sweep generation total 393216K, used 193457K [0x00000007a8000000, 0x00000007c0000000, 0x00000007c0000000)
 Metaspace       used 41663K, capacity 42464K, committed 42612K, reserved 1087488K
  class space    used 4706K, capacity 4921K, committed 4988K, reserved 1048576K
2016-10-23T22:36:06.866+0800: 2185.895: [GC (Allocation Failure) 2016-10-23T22:36:06.866+0800: 2185.895: [ParNew
Desired survivor size 20112992 bytes, new threshold 8 (max 8)
- age   1:    4033392 bytes,    4033392 total
- age   2:     496488 bytes,    4529880 total
- age   3:    2188720 bytes,    6718600 total
- age   4:    4792168 bytes,   11510768 total
- age   5:    3604760 bytes,   15115528 total
- age   6:    1700520 bytes,   16816048 total
- age   7:    1395536 bytes,   18211584 total
- age   8:    1295328 bytes,   19506912 total
: 109248K->21824K(109248K), 0.0106147 secs] 302705K->217266K(502464K), 0.0106937 secs] [Times: user=0.04 sys=0.00, real=0.01 secs] 
Heap after GC invocations=779 (full 14):
 par new generation   total 109248K, used 21824K [0x00000007a0000000, 0x00000007a8000000, 0x00000007a8000000)
  eden space 87424K,   0% used [0x00000007a0000000, 0x00000007a0000000, 0x00000007a5560000)
  from space 21824K, 100% used [0x00000007a6ab0000, 0x00000007a8000000, 0x00000007a8000000)
  to   space 21824K,   0% used [0x00000007a5560000, 0x00000007a5560000, 0x00000007a6ab0000)
 concurrent mark-sweep generation total 393216K, used 195442K [0x00000007a8000000, 0x00000007c0000000, 0x00000007c0000000)
 Metaspace       used 41663K, capacity 42464K, committed 42612K, reserved 1087488K
  class space    used 4706K, capacity 4921K, committed 4988K, reserved 1048576K
}
2016-10-23T22:36:06.876+0800: 2185.906: Total time for which application threads were stopped: 0.0110564 seconds, Stopping threads took: 0.0001239 seconds
{Heap before GC invocations=779 (full 14):
 par new generation   total 109248K, used 109248K [0x00000007a0000000, 0x00000007a8000000, 0x00000007a8000000)
  eden space 87424K, 100% used [0x00000007a0000000, 0x00000007a5560000, 0x00000007a5560000)
  from space 21824K, 100% used [0x00000007a6ab0000, 0x00000007a8000000, 0x00000007a8000000)
  to   space 21824K,   0% used [0x00000007a5560000, 0x00000007a5560000, 0x00000007a6ab0000)
 concurrent mark-sweep generation total 393216K, used 195442K [0x00000007a8000000, 0x00000007c0000000, 0x00000007c0000000)
 Metaspace       used 41663K, capacity 42464K, committed 42612K, reserved 1087488K
  class space    used 4706K, capacity 4921K, committed 4988K, reserved 1048576K
2016-10-23T22:36:07.011+0800: 2186.040: [GC (Allocation Failure) 2016-10-23T22:36:07.011+0800: 2186.041: [ParNew
Desired survivor size 20112992 bytes, new threshold 8 (max 8)
- age   1:    5272720 bytes,    5272720 total
- age   2:    2896640 bytes,    8169360 total
- age   3:     328176 bytes,    8497536 total
- age   4:    1868584 bytes,   10366120 total
- age   5:    4111736 bytes,   14477856 total
- age   6:    3365320 bytes,   17843176 total
- age   7:    1484784 bytes,   19327960 total
- age   8:    1189840 bytes,   20517800 total
: 109248K->21824K(109248K), 0.0169909 secs] 304690K->221783K(502464K), 0.0170590 secs] [Times: user=0.06 sys=0.01, real=0.01 secs] 
Heap after GC invocations=780 (full 14):
 par new generation   total 109248K, used 21824K [0x00000007a0000000, 0x00000007a8000000, 0x00000007a8000000)
  eden space 87424K,   0% used [0x00000007a0000000, 0x00000007a0000000, 0x00000007a5560000)
  from space 21824K, 100% used [0x00000007a5560000, 0x00000007a6ab0000, 0x00000007a6ab0000)
  to   space 21824K,   0% used [0x00000007a6ab0000, 0x00000007a6ab0000, 0x00000007a8000000)
 concurrent mark-sweep generation total 393216K, used 199959K [0x00000007a8000000, 0x00000007c0000000, 0x00000007c0000000)
 Metaspace       used 41663K, capacity 42464K, committed 42612K, reserved 1087488K
  class space    used 4706K, capacity 4921K, committed 4988K, reserved 1048576K
}
2016-10-23T22:36:07.028+0800: 2186.058: Total time for which application threads were stopped: 0.0173060 seconds, Stopping threads took: 0.0000616 seconds
2016-10-23T22:36:07.028+0800: 2186.058: [GC (CMS Initial Mark) [1 CMS-initial-mark: 199959K(393216K)] 222567K(502464K), 0.0042390 secs] [Times: user=0.02 sys=0.00, real=0.01 secs] 
2016-10-23T22:36:07.032+0800: 2186.062: Total time for which application threads were stopped: 0.0044842 seconds, Stopping threads took: 0.0000555 seconds
2016-10-23T22:36:07.032+0800: 2186.062: [CMS-concurrent-mark-start]
2016-10-23T22:36:07.049+0800: 2186.079: [CMS-concurrent-mark: 0.017/0.017 secs] [Times: user=0.09 sys=0.00, real=0.01 secs] 
2016-10-23T22:36:07.049+0800: 2186.079: [CMS-concurrent-preclean-start]
2016-10-23T22:36:07.052+0800: 2186.082: [CMS-concurrent-preclean: 0.003/0.003 secs] [Times: user=0.01 sys=0.00, real=0.01 secs] 
2016-10-23T22:36:07.052+0800: 2186.082: [CMS-concurrent-abortable-preclean-start]
2016-10-23T22:36:07.132+0800: 2186.162: [CMS-concurrent-abortable-preclean: 0.080/0.080 secs] [Times: user=0.24 sys=0.00, real=0.08 secs] 
2016-10-23T22:36:07.132+0800: 2186.162: [GC (CMS Final Remark) [YG occupancy: 78316 K (109248 K)]{Heap before GC invocations=780 (full 15):
 par new generation   total 109248K, used 78316K [0x00000007a0000000, 0x00000007a8000000, 0x00000007a8000000)
  eden space 87424K,  64% used [0x00000007a0000000, 0x00000007a372b208, 0x00000007a5560000)
  from space 21824K, 100% used [0x00000007a5560000, 0x00000007a6ab0000, 0x00000007a6ab0000)
  to   space 21824K,   0% used [0x00000007a6ab0000, 0x00000007a6ab0000, 0x00000007a8000000)
 concurrent mark-sweep generation total 393216K, used 199959K [0x00000007a8000000, 0x00000007c0000000, 0x00000007c0000000)
 Metaspace       used 41663K, capacity 42464K, committed 42612K, reserved 1087488K
  class space    used 4706K, capacity 4921K, committed 4988K, reserved 1048576K
2016-10-23T22:36:07.132+0800: 2186.162: [GC (CMS Final Remark) 2016-10-23T22:36:07.132+0800: 2186.162: [ParNew
Desired survivor size 20112992 bytes, new threshold 8 (max 8)
- age   1:    3836712 bytes,    3836712 total
- age   2:    3131880 bytes,    6968592 total
- age   3:    2574112 bytes,    9542704 total
- age   4:     273984 bytes,    9816688 total
- age   5:    1408168 bytes,   11224856 total
- age   6:    3882384 bytes,   15107240 total
- age   7:    3364376 bytes,   18471616 total
- age   8:    1484128 bytes,   19955744 total
: 78316K->21824K(109248K), 0.0151638 secs] 278276K->225471K(502464K), 0.0152247 secs] [Times: user=0.06 sys=0.00, real=0.01 secs] 
Heap after GC invocations=781 (full 15):
 par new generation   total 109248K, used 21824K [0x00000007a0000000, 0x00000007a8000000, 0x00000007a8000000)
  eden space 87424K,   0% used [0x00000007a0000000, 0x00000007a0000000, 0x00000007a5560000)
  from space 21824K, 100% used [0x00000007a6ab0000, 0x00000007a8000000, 0x00000007a8000000)
  to   space 21824K,   0% used [0x00000007a5560000, 0x00000007a5560000, 0x00000007a6ab0000)
 concurrent mark-sweep generation total 393216K, used 203647K [0x00000007a8000000, 0x00000007c0000000, 0x00000007c0000000)
 Metaspace       used 41663K, capacity 42464K, committed 42612K, reserved 1087488K
  class space    used 4706K, capacity 4921K, committed 4988K, reserved 1048576K
}
2016-10-23T22:36:07.148+0800: 2186.177: [Rescan (parallel) , 0.0050395 secs]2016-10-23T22:36:07.153+0800: 2186.183: [weak refs processing, 0.0008824 secs]2016-10-23T22:36:07.153+0800: 2186.183: [class unloading, 0.0105067 secs]2016-10-23T22:36:07.164+0800: 2186.194: [scrub symbol table, 0.0085878 secs]2016-10-23T22:36:07.173+0800: 2186.203: [scrub string table, 0.0005644 secs][1 CMS-remark: 203647K(393216K)] 225471K(502464K), 0.0410951 secs] [Times: user=0.10 sys=0.00, real=0.04 secs] 
2016-10-23T22:36:07.173+0800: 2186.203: Total time for which application threads were stopped: 0.0413577 seconds, Stopping threads took: 0.0000847 seconds
2016-10-23T22:36:07.173+0800: 2186.203: [CMS-concurrent-sweep-start]
2016-10-23T22:36:07.267+0800: 2186.297: [CMS-concurrent-sweep: 0.094/0.094 secs] [Times: user=0.27 sys=0.00, real=0.09 secs] 
2016-10-23T22:36:07.267+0800: 2186.297: [CMS-concurrent-reset-start]
2016-10-23T22:36:07.267+0800: 2186.297: [CMS-concurrent-reset: 0.000/0.000 secs] [Times: user=0.00 sys=0.00, real=0.00 secs] 
{Heap before GC invocations=781 (full 15):
 par new generation   total 109248K, used 109248K [0x00000007a0000000, 0x00000007a8000000, 0x00000007a8000000)
  eden space 87424K, 100% used [0x00000007a0000000, 0x00000007a5560000, 0x00000007a5560000)
  from space 21824K, 100% used [0x00000007a6ab0000, 0x00000007a8000000, 0x00000007a8000000)
  to   space 21824K,   0% used [0x00000007a5560000, 0x00000007a5560000, 0x00000007a6ab0000)
 concurrent mark-sweep generation total 393216K, used 45729K [0x00000007a8000000, 0x00000007c0000000, 0x00000007c0000000)
 Metaspace       used 41663K, capacity 42464K, committed 42612K, reserved 1087488K
  class space    used 4706K, capacity 4921K, committed 4988K, reserved 1048576K
2016-10-23T22:36:07.313+0800: 2186.343: [GC (Allocation Failure) 2016-10-23T22:36:07.313+0800: 2186.343: [ParNew
Desired survivor size 20112992 bytes, new threshold 8 (max 8)
- age   1:    8045712 bytes,    8045712 total
- age   2:    2296480 bytes,   10342192 total
- age   3:    2711352 bytes,   13053544 total
- age   4:    2513192 bytes,   15566736 total
- age   5:     261952 bytes,   15828688 total
- age   6:    1078840 bytes,   16907528 total
- age   7:    1089776 bytes,   17997304 total
- age   8:    1803032 bytes,   19800336 total
: 109248K->21824K(109248K), 0.0123542 secs] 154977K->68850K(502464K), 0.0124213 secs] [Times: user=0.05 sys=0.00, real=0.01 secs] 
Heap after GC invocations=782 (full 15):
 par new generation   total 109248K, used 21824K [0x00000007a0000000, 0x00000007a8000000, 0x00000007a8000000)
  eden space 87424K,   0% used [0x00000007a0000000, 0x00000007a0000000, 0x00000007a5560000)
  from space 21824K, 100% used [0x00000007a5560000, 0x00000007a6ab0000, 0x00000007a6ab0000)
  to   space 21824K,   0% used [0x00000007a6ab0000, 0x00000007a6ab0000, 0x00000007a8000000)
 concurrent mark-sweep generation total 393216K, used 47026K [0x00000007a8000000, 0x00000007c0000000, 0x00000007c0000000)
 Metaspace       used 41663K, capacity 42464K, committed 42612K, reserved 1087488K
  class space    used 4706K, capacity 4921K, committed 4988K, reserved 1048576K
}
2016-10-23T22:36:07.326+0800: 2186.356: Total time for which application threads were stopped: 0.0126249 seconds, Stopping threads took: 0.0000311 seconds
{Heap before GC invocations=782 (full 15):
 par new generation   total 109248K, used 109248K [0x00000007a0000000, 0x00000007a8000000, 0x00000007a8000000)
  eden space 87424K, 100% used [0x00000007a0000000, 0x00000007a5560000, 0x00000007a5560000)
  from space 21824K, 100% used [0x00000007a5560000, 0x00000007a6ab0000, 0x00000007a6ab0000)
  to   space 21824K,   0% used [0x00000007a6ab0000, 0x00000007a6ab0000, 0x00000007a8000000)
 concurrent mark-sweep generation total 393216K, used 47026K [0x00000007a8000000, 0x00000007c0000000, 0x00000007c0000000)
 Metaspace       used 41663K, capacity 42464K, committed 42612K, reserved 1087488K
  class space    used 4706K, capacity 4921K, committed 4988K, reserved 1048576K
2016-10-23T22:36:07.459+0800: 2186.489: [GC (Allocation Failure) 2016-10-23T22:36:07.459+0800: 2186.489: [ParNew
Desired survivor size 20112992 bytes, new threshold 7 (max 8)
- age   1:    7320568 bytes,    7320568 total
- age   2:    5175896 bytes,   12496464 total
- age   3:    2002288 bytes,   14498752 total
- age   4:    2499272 bytes,   16998024 total
- age   5:    2382728 bytes,   19380752 total
- age   6:     238488 bytes,   19619240 total
- age   7:     994136 bytes,   20613376 total
- age   8:    1089776 bytes,   21703152 total
: 109248K->21824K(109248K), 0.0138551 secs] 156274K->72032K(502464K), 0.0139285 secs] [Times: user=0.05 sys=0.00, real=0.02 secs] 
Heap after GC invocations=783 (full 15):
 par new generation   total 109248K, used 21824K [0x00000007a0000000, 0x00000007a8000000, 0x00000007a8000000)
  eden space 87424K,   0% used [0x00000007a0000000, 0x00000007a0000000, 0x00000007a5560000)
  from space 21824K, 100% used [0x00000007a6ab0000, 0x00000007a8000000, 0x00000007a8000000)
  to   space 21824K,   0% used [0x00000007a5560000, 0x00000007a5560000, 0x00000007a6ab0000)
 concurrent mark-sweep generation total 393216K, used 50208K [0x00000007a8000000, 0x00000007c0000000, 0x00000007c0000000)
 Metaspace       used 41663K, capacity 42464K, committed 42612K, reserved 1087488K
  class space    used 4706K, capacity 4921K, committed 4988K, reserved 1048576K
}
2016-10-23T22:36:07.473+0800: 2186.503: Total time for which application threads were stopped: 0.0141303 seconds, Stopping threads took: 0.0000306 seconds
{Heap before GC invocations=783 (full 15):
 par new generation   total 109248K, used 109248K [0x00000007a0000000, 0x00000007a8000000, 0x00000007a8000000)
  eden space 87424K, 100% used [0x00000007a0000000, 0x00000007a5560000, 0x00000007a5560000)
  from space 21824K, 100% used [0x00000007a6ab0000, 0x00000007a8000000, 0x00000007a8000000)
  to   space 21824K,   0% used [0x00000007a5560000, 0x00000007a5560000, 0x00000007a6ab0000)
 concurrent mark-sweep generation total 393216K, used 50208K [0x00000007a8000000, 0x00000007c0000000, 0x00000007c0000000)
 Metaspace       used 41664K, capacity 42464K, committed 42612K, reserved 1087488K
  class space    used 4706K, capacity 4921K, committed 4988K, reserved 1048576K
2016-10-23T22:36:07.611+0800: 2186.641: [GC (Allocation Failure) 2016-10-23T22:36:07.611+0800: 2186.641: [ParNew
Desired survivor size 20112992 bytes, new threshold 8 (max 8)
- age   1:    5244928 bytes,    5244928 total
- age   2:    4908176 bytes,   10153104 total
- age   3:    4357816 bytes,   14510920 total
- age   4:    1665184 bytes,   16176104 total
- age   5:    2031064 bytes,   18207168 total
- age   6:    1704824 bytes,   19911992 total
- age   7:     188272 bytes,   20100264 total
: 109248K->21824K(109248K), 0.0131725 secs] 159456K->76869K(502464K), 0.0132269 secs] [Times: user=0.05 sys=0.00, real=0.01 secs] 
Heap after GC invocations=784 (full 15):
 par new generation   total 109248K, used 21824K [0x00000007a0000000, 0x00000007a8000000, 0x00000007a8000000)
  eden space 87424K,   0% used [0x00000007a0000000, 0x00000007a0000000, 0x00000007a5560000)
  from space 21824K, 100% used [0x00000007a5560000, 0x00000007a6ab0000, 0x00000007a6ab0000)
  to   space 21824K,   0% used [0x00000007a6ab0000, 0x00000007a6ab0000, 0x00000007a8000000)
 concurrent mark-sweep generation total 393216K, used 55045K [0x00000007a8000000, 0x00000007c0000000, 0x00000007c0000000)
 Metaspace       used 41664K, capacity 42464K, committed 42612K, reserved 1087488K
  class space    used 4706K, capacity 4921K, committed 4988K, reserved 1048576K
}
2016-10-23T22:36:07.624+0800: 2186.654: Total time for which application threads were stopped: 0.0135186 seconds, Stopping threads took: 0.0001030 seconds
{Heap before GC invocations=784 (full 15):
 par new generation   total 109248K, used 109226K [0x00000007a0000000, 0x00000007a8000000, 0x00000007a8000000)
  eden space 87424K,  99% used [0x00000007a0000000, 0x00000007a555aa88, 0x00000007a5560000)
  from space 21824K, 100% used [0x00000007a5560000, 0x00000007a6ab0000, 0x00000007a6ab0000)
  to   space 21824K,   0% used [0x00000007a6ab0000, 0x00000007a6ab0000, 0x00000007a8000000)
 concurrent mark-sweep generation total 393216K, used 55045K [0x00000007a8000000, 0x00000007c0000000, 0x00000007c0000000)
 Metaspace       used 41664K, capacity 42464K, committed 42612K, reserved 1087488K
  class space    used 4706K, capacity 4921K, committed 4988K, reserved 1048576K
2016-10-23T22:36:07.698+0800: 2186.728: [GC (Allocation Failure) 2016-10-23T22:36:07.698+0800: 2186.728: [ParNew
Desired survivor size 20112992 bytes, new threshold 7 (max 8)
- age   1:    2059248 bytes,    2059248 total
- age   2:    4756800 bytes,    6816048 total
- age   3:    4863208 bytes,   11679256 total
- age   4:    4314504 bytes,   15993760 total
- age   5:    1650912 bytes,   17644672 total
- age   6:    2013008 bytes,   19657680 total
- age   7:    1688232 bytes,   21345912 total
- age   8:     188104 bytes,   21534016 total
: 109226K->21824K(109248K), 0.0111518 secs] 164272K->77185K(502464K), 0.0112132 secs] [Times: user=0.04 sys=0.00, real=0.01 secs] 
Heap after GC invocations=785 (full 15):
 par new generation   total 109248K, used 21824K [0x00000007a0000000, 0x00000007a8000000, 0x00000007a8000000)
  eden space 87424K,   0% used [0x00000007a0000000, 0x00000007a0000000, 0x00000007a5560000)
  from space 21824K, 100% used [0x00000007a6ab0000, 0x00000007a8000000, 0x00000007a8000000)
  to   space 21824K,   0% used [0x00000007a5560000, 0x00000007a5560000, 0x00000007a6ab0000)
 concurrent mark-sweep generation total 393216K, used 55361K [0x00000007a8000000, 0x00000007c0000000, 0x00000007c0000000)
 Metaspace       used 41664K, capacity 42464K, committed 42612K, reserved 1087488K
  class space    used 4706K, capacity 4921K, committed 4988K, reserved 1048576K
}
2016-10-23T22:36:07.709+0800: 2186.739: Total time for which application threads were stopped: 0.0115068 seconds, Stopping threads took: 0.0000897 seconds
2016-10-23T22:36:07.781+0800: 2186.811: Total time for which application threads were stopped: 0.0002274 seconds, Stopping threads took: 0.0001038 seconds
{Heap before GC invocations=785 (full 15):
 par new generation   total 109248K, used 109248K [0x00000007a0000000, 0x00000007a8000000, 0x00000007a8000000)
  eden space 87424K, 100% used [0x00000007a0000000, 0x00000007a5560000, 0x00000007a5560000)
  from space 21824K, 100% used [0x00000007a6ab0000, 0x00000007a8000000, 0x00000007a8000000)
  to   space 21824K,   0% used [0x00000007a5560000, 0x00000007a5560000, 0x00000007a6ab0000)
 concurrent mark-sweep generation total 393216K, used 55361K [0x00000007a8000000, 0x00000007c0000000, 0x00000007c0000000)
 Metaspace       used 41664K, capacity 42464K, committed 42612K, reserved 1087488K
  class space    used 4706K, capacity 4921K, committed 4988K, reserved 1048576K
2016-10-23T22:36:07.784+0800: 2186.813: [GC (Allocation Failure) 2016-10-23T22:36:07.784+0800: 2186.814: [ParNew
Desired survivor size 20112992 bytes, new threshold 8 (max 8)
- age   1:    2010312 bytes,    2010312 total
- age   2:     941464 bytes,    2951776 total
- age   3:    3782144 bytes,    6733920 total
- age   4:    4598904 bytes,   11332824 total
- age   5:    4080640 bytes,   15413464 total
- age   6:    1512376 bytes,   16925840 total
- age   7:    1858200 bytes,   18784040 total
: 109248K->21824K(109248K), 0.0119197 secs] 164609K->80571K(502464K), 0.0120052 secs] [Times: user=0.04 sys=0.00, real=0.01 secs] 
Heap after GC invocations=786 (full 15):
 par new generation   total 109248K, used 21824K [0x00000007a0000000, 0x00000007a8000000, 0x00000007a8000000)
  eden space 87424K,   0% used [0x00000007a0000000, 0x00000007a0000000, 0x00000007a5560000)
  from space 21824K, 100% used [0x00000007a5560000, 0x00000007a6ab0000, 0x00000007a6ab0000)
  to   space 21824K,   0% used [0x00000007a6ab0000, 0x00000007a6ab0000, 0x00000007a8000000)
 concurrent mark-sweep generation total 393216K, used 58747K [0x00000007a8000000, 0x00000007c0000000, 0x00000007c0000000)
 Metaspace       used 41664K, capacity 42464K, committed 42612K, reserved 1087488K
  class space    used 4706K, capacity 4921K, committed 4988K, reserved 1048576K
}
2016-10-23T22:36:07.796+0800: 2186.826: Total time for which application threads were stopped: 0.0124177 seconds, Stopping threads took: 0.0001240 seconds
{Heap before GC invocations=786 (full 15):
 par new generation   total 109248K, used 109248K [0x00000007a0000000, 0x00000007a8000000, 0x00000007a8000000)
  eden space 87424K, 100% used [0x00000007a0000000, 0x00000007a5560000, 0x00000007a5560000)
  from space 21824K, 100% used [0x00000007a5560000, 0x00000007a6ab0000, 0x00000007a6ab0000)
  to   space 21824K,   0% used [0x00000007a6ab0000, 0x00000007a6ab0000, 0x00000007a8000000)
 concurrent mark-sweep generation total 393216K, used 58747K [0x00000007a8000000, 0x00000007c0000000, 0x00000007c0000000)
 Metaspace       used 41664K, capacity 42464K, committed 42612K, reserved 1087488K
  class space    used 4706K, capacity 4921K, committed 4988K, reserved 1048576K
2016-10-23T22:36:07.932+0800: 2186.962: [GC (Allocation Failure) 2016-10-23T22:36:07.932+0800: 2186.962: [ParNew
Desired survivor size 20112992 bytes, new threshold 7 (max 8)
- age   1:    5458696 bytes,    5458696 total
- age   2:    1031816 bytes,    6490512 total
- age   3:     687600 bytes,    7178112 total
- age   4:    3453320 bytes,   10631432 total
- age   5:    4288792 bytes,   14920224 total
- age   6:    3803184 bytes,   18723408 total
- age   7:    1498968 bytes,   20222376 total
- age   8:    1849512 bytes,   22071888 total
: 109248K->21824K(109248K), 0.0123791 secs] 167995K->82760K(502464K), 0.0124402 secs] [Times: user=0.04 sys=0.00, real=0.01 secs] 
Heap after GC invocations=787 (full 15):
 par new generation   total 109248K, used 21824K [0x00000007a0000000, 0x00000007a8000000, 0x00000007a8000000)
  eden space 87424K,   0% used [0x00000007a0000000, 0x00000007a0000000, 0x00000007a5560000)
  from space 21824K, 100% used [0x00000007a6ab0000, 0x00000007a8000000, 0x00000007a8000000)
  to   space 21824K,   0% used [0x00000007a5560000, 0x00000007a5560000, 0x00000007a6ab0000)
 concurrent mark-sweep generation total 393216K, used 60936K [0x00000007a8000000, 0x00000007c0000000, 0x00000007c0000000)
 Metaspace       used 41664K, capacity 42464K, committed 42612K, reserved 1087488K
  class space    used 4706K, capacity 4921K, committed 4988K, reserved 1048576K
}
2016-10-23T22:36:07.944+0800: 2186.974: Total time for which application threads were stopped: 0.0127910 seconds, Stopping threads took: 0.0000972 seconds
{Heap before GC invocations=787 (full 15):
 par new generation   total 109248K, used 109248K [0x00000007a0000000, 0x00000007a8000000, 0x00000007a8000000)
  eden space 87424K, 100% used [0x00000007a0000000, 0x00000007a5560000, 0x00000007a5560000)
  from space 21824K, 100% used [0x00000007a6ab0000, 0x00000007a8000000, 0x00000007a8000000)
  to   space 21824K,   0% used [0x00000007a5560000, 0x00000007a5560000, 0x00000007a6ab0000)
 concurrent mark-sweep generation total 393216K, used 60936K [0x00000007a8000000, 0x00000007c0000000, 0x00000007c0000000)
 Metaspace       used 41664K, capacity 42464K, committed 42612K, reserved 1087488K
  class space    used 4706K, capacity 4921K, committed 4988K, reserved 1048576K
2016-10-23T22:36:08.077+0800: 2187.107: [GC (Allocation Failure) 2016-10-23T22:36:08.077+0800: 2187.107: [ParNew
Desired survivor size 20112992 bytes, new threshold 7 (max 8)
- age   1:    5078160 bytes,    5078160 total
- age   2:    3236616 bytes,    8314776 total
- age   3:     936072 bytes,    9250848 total
- age   4:     627312 bytes,    9878160 total
- age   5:    3237768 bytes,   13115928 total
- age   6:    4288792 bytes,   17404720 total
- age   7:    3803184 bytes,   21207904 total
: 109248K->21824K(109248K), 0.0139116 secs] 170184K->88098K(502464K), 0.0139991 secs] [Times: user=0.05 sys=0.00, real=0.02 secs] 
Heap after GC invocations=788 (full 15):
 par new generation   total 109248K, used 21824K [0x00000007a0000000, 0x00000007a8000000, 0x00000007a8000000)
  eden space 87424K,   0% used [0x00000007a0000000, 0x00000007a0000000, 0x00000007a5560000)
  from space 21824K, 100% used [0x00000007a5560000, 0x00000007a6ab0000, 0x00000007a6ab0000)
  to   space 21824K,   0% used [0x00000007a6ab0000, 0x00000007a6ab0000, 0x00000007a8000000)
 concurrent mark-sweep generation total 393216K, used 66274K [0x00000007a8000000, 0x00000007c0000000, 0x00000007c0000000)
 Metaspace       used 41664K, capacity 42464K, committed 42612K, reserved 1087488K
  class space    used 4706K, capacity 4921K, committed 4988K, reserved 1048576K
}
2016-10-23T22:36:08.091+0800: 2187.121: Total time for which application threads were stopped: 0.0142994 seconds, Stopping threads took: 0.0000592 seconds
{Heap before GC invocations=788 (full 15):
 par new generation   total 109248K, used 109248K [0x00000007a0000000, 0x00000007a8000000, 0x00000007a8000000)
  eden space 87424K, 100% used [0x00000007a0000000, 0x00000007a5560000, 0x00000007a5560000)
  from space 21824K, 100% used [0x00000007a5560000, 0x00000007a6ab0000, 0x00000007a6ab0000)
  to   space 21824K,   0% used [0x00000007a6ab0000, 0x00000007a6ab0000, 0x00000007a8000000)
 concurrent mark-sweep generation total 393216K, used 66274K [0x00000007a8000000, 0x00000007c0000000, 0x00000007c0000000)
 Metaspace       used 41664K, capacity 42464K, committed 42612K, reserved 1087488K
  class space    used 4706K, capacity 4921K, committed 4988K, reserved 1048576K
2016-10-23T22:36:08.225+0800: 2187.255: [GC (Allocation Failure) 2016-10-23T22:36:08.225+0800: 2187.255: [ParNew
Desired survivor size 20112992 bytes, new threshold 8 (max 8)
- age   1:    7356112 bytes,    7356112 total
- age   2:    2882040 bytes,   10238152 total
- age   3:    2012816 bytes,   12250968 total
- age   4:     788400 bytes,   13039368 total
- age   5:     608360 bytes,   13647728 total
- age   6:    2792992 bytes,   16440720 total
- age   7:    3402624 bytes,   19843344 total
: 109248K->21824K(109248K), 0.0141771 secs] 175522K->95241K(502464K), 0.0142295 secs] [Times: user=0.05 sys=0.00, real=0.01 secs] 
Heap after GC invocations=789 (full 15):
 par new generation   total 109248K, used 21824K [0x00000007a0000000, 0x00000007a8000000, 0x00000007a8000000)
  eden space 87424K,   0% used [0x00000007a0000000, 0x00000007a0000000, 0x00000007a5560000)
  from space 21824K, 100% used [0x00000007a6ab0000, 0x00000007a8000000, 0x00000007a8000000)
  to   space 21824K,   0% used [0x00000007a5560000, 0x00000007a5560000, 0x00000007a6ab0000)
 concurrent mark-sweep generation total 393216K, used 73417K [0x00000007a8000000, 0x00000007c0000000, 0x00000007c0000000)
 Metaspace       used 41664K, capacity 42464K, committed 42612K, reserved 1087488K
  class space    used 4706K, capacity 4921K, committed 4988K, reserved 1048576K
}
2016-10-23T22:36:08.239+0800: 2187.269: Total time for which application threads were stopped: 0.0145216 seconds, Stopping threads took: 0.0000897 seconds
{Heap before GC invocations=789 (full 15):
 par new generation   total 109248K, used 109248K [0x00000007a0000000, 0x00000007a8000000, 0x00000007a8000000)
  eden space 87424K, 100% used [0x00000007a0000000, 0x00000007a5560000, 0x00000007a5560000)
  from space 21824K, 100% used [0x00000007a6ab0000, 0x00000007a8000000, 0x00000007a8000000)
  to   space 21824K,   0% used [0x00000007a5560000, 0x00000007a5560000, 0x00000007a6ab0000)
 concurrent mark-sweep generation total 393216K, used 73417K [0x00000007a8000000, 0x00000007c0000000, 0x00000007c0000000)
 Metaspace       used 41664K, capacity 42464K, committed 42612K, reserved 1087488K
  class space    used 4706K, capacity 4921K, committed 4988K, reserved 1048576K
2016-10-23T22:36:08.375+0800: 2187.405: [GC (Allocation Failure) 2016-10-23T22:36:08.375+0800: 2187.405: [ParNew
Desired survivor size 20112992 bytes, new threshold 8 (max 8)
- age   1:    5771128 bytes,    5771128 total
- age   2:    4391504 bytes,   10162632 total
- age   3:    2685152 bytes,   12847784 total
- age   4:    1929328 bytes,   14777112 total
- age   5:     773408 bytes,   15550520 total
- age   6:     595504 bytes,   16146024 total
- age   7:    2528736 bytes,   18674760 total
- age   8:    3008992 bytes,   21683752 total
: 109248K->21824K(109248K), 0.0133979 secs] 182665K->97988K(502464K), 0.0134539 secs] [Times: user=0.05 sys=0.00, real=0.01 secs] 
Heap after GC invocations=790 (full 15):
 par new generation   total 109248K, used 21824K [0x00000007a0000000, 0x00000007a8000000, 0x00000007a8000000)
  eden space 87424K,   0% used [0x00000007a0000000, 0x00000007a0000000, 0x00000007a5560000)
  from space 21824K, 100% used [0x00000007a5560000, 0x00000007a6ab0000, 0x00000007a6ab0000)
  to   space 21824K,   0% used [0x00000007a6ab0000, 0x00000007a6ab0000, 0x00000007a8000000)
 concurrent mark-sweep generation total 393216K, used 76164K [0x00000007a8000000, 0x00000007c0000000, 0x00000007c0000000)
 Metaspace       used 41664K, capacity 42464K, committed 42612K, reserved 1087488K
  class space    used 4706K, capacity 4921K, committed 4988K, reserved 1048576K
}
2016-10-23T22:36:08.389+0800: 2187.419: Total time for which application threads were stopped: 0.0137123 seconds, Stopping threads took: 0.0000703 seconds
{Heap before GC invocations=790 (full 15):
 par new generation   total 109248K, used 109248K [0x00000007a0000000, 0x00000007a8000000, 0x00000007a8000000)
  eden space 87424K, 100% used [0x00000007a0000000, 0x00000007a5560000, 0x00000007a5560000)
  from space 21824K, 100% used [0x00000007a5560000, 0x00000007a6ab0000, 0x00000007a6ab0000)
  to   space 21824K,   0% used [0x00000007a6ab0000, 0x00000007a6ab0000, 0x00000007a8000000)
 concurrent mark-sweep generation total 393216K, used 76164K [0x00000007a8000000, 0x00000007c0000000, 0x00000007c0000000)
 Metaspace       used 41664K, capacity 42464K, committed 42612K, reserved 1087488K
  class space    used 4706K, capacity 4921K, committed 4988K, reserved 1048576K
2016-10-23T22:36:08.521+0800: 2187.551: [GC (Allocation Failure) 2016-10-23T22:36:08.521+0800: 2187.551: [ParNew
Desired survivor size 20112992 bytes, new threshold 8 (max 8)
- age   1:    5661496 bytes,    5661496 total
- age   2:    2889624 bytes,    8551120 total
- age   3:    4098704 bytes,   12649824 total
- age   4:    2575520 bytes,   15225344 total
- age   5:    1843288 bytes,   17068632 total
- age   6:     762928 bytes,   17831560 total
- age   7:     586432 bytes,   18417992 total
- age   8:    2054240 bytes,   20472232 total
: 109248K->21824K(109248K), 0.0164432 secs] 185412K->104202K(502464K), 0.0165025 secs] [Times: user=0.06 sys=0.00, real=0.01 secs] 
Heap after GC invocations=791 (full 15):
 par new generation   total 109248K, used 21824K [0x00000007a0000000, 0x00000007a8000000, 0x00000007a8000000)
  eden space 87424K,   0% used [0x00000007a0000000, 0x00000007a0000000, 0x00000007a5560000)
  from space 21824K, 100% used [0x00000007a6ab0000, 0x00000007a8000000, 0x00000007a8000000)
  to   space 21824K,   0% used [0x00000007a5560000, 0x00000007a5560000, 0x00000007a6ab0000)
 concurrent mark-sweep generation total 393216K, used 82378K [0x00000007a8000000, 0x00000007c0000000, 0x00000007c0000000)
 Metaspace       used 41664K, capacity 42464K, committed 42612K, reserved 1087488K
  class space    used 4706K, capacity 4921K, committed 4988K, reserved 1048576K
}
2016-10-23T22:36:08.538+0800: 2187.568: Total time for which application threads were stopped: 0.0168187 seconds, Stopping threads took: 0.0000863 seconds
{Heap before GC invocations=791 (full 15):
 par new generation   total 109248K, used 109248K [0x00000007a0000000, 0x00000007a8000000, 0x00000007a8000000)
  eden space 87424K, 100% used [0x00000007a0000000, 0x00000007a5560000, 0x00000007a5560000)
  from space 21824K, 100% used [0x00000007a6ab0000, 0x00000007a8000000, 0x00000007a8000000)
  to   space 21824K,   0% used [0x00000007a5560000, 0x00000007a5560000, 0x00000007a6ab0000)
 concurrent mark-sweep generation total 393216K, used 82378K [0x00000007a8000000, 0x00000007c0000000, 0x00000007c0000000)
 Metaspace       used 41674K, capacity 42464K, committed 42612K, reserved 1087488K
  class space    used 4706K, capacity 4921K, committed 4988K, reserved 1048576K
2016-10-23T22:36:08.693+0800: 2187.723: [GC (Allocation Failure) 2016-10-23T22:36:08.693+0800: 2187.723: [ParNew
Desired survivor size 20112992 bytes, new threshold 7 (max 8)
- age   1:    5153392 bytes,    5153392 total
- age   2:    5047528 bytes,   10200920 total
- age   3:    2326504 bytes,   12527424 total
- age   4:    3686072 bytes,   16213496 total
- age   5:    2149648 bytes,   18363144 total
- age   6:    1572496 bytes,   19935640 total
- age   7:     673472 bytes,   20609112 total
- age   8:     500424 bytes,   21109536 total
: 109248K->21824K(109248K), 0.0151049 secs] 191626K->106721K(502464K), 0.0151890 secs] [Times: user=0.06 sys=0.00, real=0.01 secs] 
Heap after GC invocations=792 (full 15):
 par new generation   total 109248K, used 21824K [0x00000007a0000000, 0x00000007a8000000, 0x00000007a8000000)
  eden space 87424K,   0% used [0x00000007a0000000, 0x00000007a0000000, 0x00000007a5560000)
  from space 21824K, 100% used [0x00000007a5560000, 0x00000007a6ab0000, 0x00000007a6ab0000)
  to   space 21824K,   0% used [0x00000007a6ab0000, 0x00000007a6ab0000, 0x00000007a8000000)
 concurrent mark-sweep generation total 393216K, used 84897K [0x00000007a8000000, 0x00000007c0000000, 0x00000007c0000000)
 Metaspace       used 41674K, capacity 42464K, committed 42612K, reserved 1087488K
  class space    used 4706K, capacity 4921K, committed 4988K, reserved 1048576K
}
2016-10-23T22:36:08.708+0800: 2187.738: Total time for which application threads were stopped: 0.0155702 seconds, Stopping threads took: 0.0001089 seconds
2016-10-23T22:36:08.738+0800: 2187.768: Total time for which application threads were stopped: 0.0002292 seconds, Stopping threads took: 0.0000687 seconds
2016-10-23T22:36:08.752+0800: 2187.782: Total time for which application threads were stopped: 0.0003968 seconds, Stopping threads took: 0.0002066 seconds
{Heap before GC invocations=792 (full 15):
 par new generation   total 109248K, used 109248K [0x00000007a0000000, 0x00000007a8000000, 0x00000007a8000000)
  eden space 87424K, 100% used [0x00000007a0000000, 0x00000007a5560000, 0x00000007a5560000)
  from space 21824K, 100% used [0x00000007a5560000, 0x00000007a6ab0000, 0x00000007a6ab0000)
  to   space 21824K,   0% used [0x00000007a6ab0000, 0x00000007a6ab0000, 0x00000007a8000000)
 concurrent mark-sweep generation total 393216K, used 84897K [0x00000007a8000000, 0x00000007c0000000, 0x00000007c0000000)
 Metaspace       used 41683K, capacity 42528K, committed 42612K, reserved 1087488K
  class space    used 4706K, capacity 4921K, committed 4988K, reserved 1048576K
2016-10-23T22:36:08.771+0800: 2187.801: [GC (Allocation Failure) 2016-10-23T22:36:08.771+0800: 2187.801: [ParNew
Desired survivor size 20112992 bytes, new threshold 6 (max 8)
- age   1:    3890064 bytes,    3890064 total
- age   2:    4425944 bytes,    8316008 total
- age   3:    4781560 bytes,   13097568 total
- age   4:    2046928 bytes,   15144496 total
- age   5:    3423808 bytes,   18568304 total
- age   6:    1884152 bytes,   20452456 total
- age   7:    1449096 bytes,   21901552 total
: 109248K->21824K(109248K), 0.0217187 secs] 194145K->109125K(502464K), 0.0217880 secs] [Times: user=0.11 sys=0.00, real=0.02 secs] 
Heap after GC invocations=793 (full 15):
 par new generation   total 109248K, used 21824K [0x00000007a0000000, 0x00000007a8000000, 0x00000007a8000000)
  eden space 87424K,   0% used [0x00000007a0000000, 0x00000007a0000000, 0x00000007a5560000)
  from space 21824K, 100% used [0x00000007a6ab0000, 0x00000007a8000000, 0x00000007a8000000)
  to   space 21824K,   0% used [0x00000007a5560000, 0x00000007a5560000, 0x00000007a6ab0000)
 concurrent mark-sweep generation total 393216K, used 87301K [0x00000007a8000000, 0x00000007c0000000, 0x00000007c0000000)
 Metaspace       used 41683K, capacity 42528K, committed 42612K, reserved 1087488K
  class space    used 4706K, capacity 4921K, committed 4988K, reserved 1048576K
}
2016-10-23T22:36:08.793+0800: 2187.823: Total time for which application threads were stopped: 0.0221503 seconds, Stopping threads took: 0.0001113 seconds
{Heap before GC invocations=793 (full 15):
 par new generation   total 109248K, used 109248K [0x00000007a0000000, 0x00000007a8000000, 0x00000007a8000000)
  eden space 87424K, 100% used [0x00000007a0000000, 0x00000007a5560000, 0x00000007a5560000)
  from space 21824K, 100% used [0x00000007a6ab0000, 0x00000007a8000000, 0x00000007a8000000)
  to   space 21824K,   0% used [0x00000007a5560000, 0x00000007a5560000, 0x00000007a6ab0000)
 concurrent mark-sweep generation total 393216K, used 87301K [0x00000007a8000000, 0x00000007c0000000, 0x00000007c0000000)
 Metaspace       used 41686K, capacity 42528K, committed 42612K, reserved 1087488K
  class space    used 4706K, capacity 4921K, committed 4988K, reserved 1048576K
2016-10-23T22:36:08.908+0800: 2187.938: [GC (Allocation Failure) 2016-10-23T22:36:08.908+0800: 2187.938: [ParNew
Desired survivor size 20112992 bytes, new threshold 8 (max 8)
- age   1:    3603072 bytes,    3603072 total
- age   2:    1009704 bytes,    4612776 total
- age   3:    4009472 bytes,    8622248 total
- age   4:    4144088 bytes,   12766336 total
- age   5:    1432920 bytes,   14199256 total
- age   6:    2567352 bytes,   16766608 total
: 109248K->21824K(109248K), 0.0163171 secs] 196549K->113008K(502464K), 0.0163932 secs] [Times: user=0.07 sys=0.00, real=0.02 secs] 
Heap after GC invocations=794 (full 15):
 par new generation   total 109248K, used 21824K [0x00000007a0000000, 0x00000007a8000000, 0x00000007a8000000)
  eden space 87424K,   0% used [0x00000007a0000000, 0x00000007a0000000, 0x00000007a5560000)
  from space 21824K, 100% used [0x00000007a5560000, 0x00000007a6ab0000, 0x00000007a6ab0000)
  to   space 21824K,   0% used [0x00000007a6ab0000, 0x00000007a6ab0000, 0x00000007a8000000)
 concurrent mark-sweep generation total 393216K, used 91184K [0x00000007a8000000, 0x00000007c0000000, 0x00000007c0000000)
 Metaspace       used 41686K, capacity 42528K, committed 42612K, reserved 1087488K
  class space    used 4706K, capacity 4921K, committed 4988K, reserved 1048576K
}
2016-10-23T22:36:08.924+0800: 2187.954: Total time for which application threads were stopped: 0.0167814 seconds, Stopping threads took: 0.0000962 seconds
2016-10-23T22:36:08.936+0800: 2187.966: Total time for which application threads were stopped: 0.0002155 seconds, Stopping threads took: 0.0000870 seconds
{Heap before GC invocations=794 (full 15):
 par new generation   total 109248K, used 109248K [0x00000007a0000000, 0x00000007a8000000, 0x00000007a8000000)
  eden space 87424K, 100% used [0x00000007a0000000, 0x00000007a5560000, 0x00000007a5560000)
  from space 21824K, 100% used [0x00000007a5560000, 0x00000007a6ab0000, 0x00000007a6ab0000)
  to   space 21824K,   0% used [0x00000007a6ab0000, 0x00000007a6ab0000, 0x00000007a8000000)
 concurrent mark-sweep generation total 393216K, used 91184K [0x00000007a8000000, 0x00000007c0000000, 0x00000007c0000000)
 Metaspace       used 41686K, capacity 42528K, committed 42612K, reserved 1087488K
  class space    used 4706K, capacity 4921K, committed 4988K, reserved 1048576K
2016-10-23T22:36:09.068+0800: 2188.098: [GC (Allocation Failure) 2016-10-23T22:36:09.068+0800: 2188.098: [ParNew
Desired survivor size 20112992 bytes, new threshold 7 (max 8)
- age   1:    6086744 bytes,    6086744 total
- age   2:    2358856 bytes,    8445600 total
- age   3:     836048 bytes,    9281648 total
- age   4:    3718264 bytes,   12999912 total
- age   5:    4144088 bytes,   17144000 total
- age   6:    1432920 bytes,   18576920 total
- age   7:    2567352 bytes,   21144272 total
: 109248K->21824K(109248K), 0.0135915 secs] 200432K->113320K(502464K), 0.0136597 secs] [Times: user=0.05 sys=0.00, real=0.02 secs] 
Heap after GC invocations=795 (full 15):
 par new generation   total 109248K, used 21824K [0x00000007a0000000, 0x00000007a8000000, 0x00000007a8000000)
  eden space 87424K,   0% used [0x00000007a0000000, 0x00000007a0000000, 0x00000007a5560000)
  from space 21824K, 100% used [0x00000007a6ab0000, 0x00000007a8000000, 0x00000007a8000000)
  to   space 21824K,   0% used [0x00000007a5560000, 0x00000007a5560000, 0x00000007a6ab0000)
 concurrent mark-sweep generation total 393216K, used 91496K [0x00000007a8000000, 0x00000007c0000000, 0x00000007c0000000)
 Metaspace       used 41686K, capacity 42528K, committed 42612K, reserved 1087488K
  class space    used 4706K, capacity 4921K, committed 4988K, reserved 1048576K
}
2016-10-23T22:36:09.082+0800: 2188.112: Total time for which application threads were stopped: 0.0139644 seconds, Stopping threads took: 0.0000821 seconds
{Heap before GC invocations=795 (full 15):
 par new generation   total 109248K, used 109248K [0x00000007a0000000, 0x00000007a8000000, 0x00000007a8000000)
  eden space 87424K, 100% used [0x00000007a0000000, 0x00000007a5560000, 0x00000007a5560000)
  from space 21824K, 100% used [0x00000007a6ab0000, 0x00000007a8000000, 0x00000007a8000000)
  to   space 21824K,   0% used [0x00000007a5560000, 0x00000007a5560000, 0x00000007a6ab0000)
 concurrent mark-sweep generation total 393216K, used 91496K [0x00000007a8000000, 0x00000007c0000000, 0x00000007c0000000)
 Metaspace       used 41686K, capacity 42528K, committed 42612K, reserved 1087488K
  class space    used 4706K, capacity 4921K, committed 4988K, reserved 1048576K
2016-10-23T22:36:09.226+0800: 2188.256: [GC (Allocation Failure) 2016-10-23T22:36:09.226+0800: 2188.256: [ParNew
Desired survivor size 20112992 bytes, new threshold 7 (max 8)
- age   1:    5385064 bytes,    5385064 total
- age   2:    4091648 bytes,    9476712 total
- age   3:    2030872 bytes,   11507584 total
- age   4:     784992 bytes,   12292576 total
- age   5:    3579432 bytes,   15872008 total
- age   6:    4144088 bytes,   20016096 total
- age   7:    1465728 bytes,   21481824 total
: 109248K->21824K(109248K), 0.0180883 secs] 200744K->117628K(502464K), 0.0181472 secs] [Times: user=0.06 sys=0.00, real=0.02 secs] 
Heap after GC invocations=796 (full 15):
 par new generation   total 109248K, used 21824K [0x00000007a0000000, 0x00000007a8000000, 0x00000007a8000000)
  eden space 87424K,   0% used [0x00000007a0000000, 0x00000007a0000000, 0x00000007a5560000)
  from space 21824K, 100% used [0x00000007a5560000, 0x00000007a6ab0000, 0x00000007a6ab0000)
  to   space 21824K,   0% used [0x00000007a6ab0000, 0x00000007a6ab0000, 0x00000007a8000000)
 concurrent mark-sweep generation total 393216K, used 95804K [0x00000007a8000000, 0x00000007c0000000, 0x00000007c0000000)
 Metaspace       used 41686K, capacity 42528K, committed 42612K, reserved 1087488K
  class space    used 4706K, capacity 4921K, committed 4988K, reserved 1048576K
}
2016-10-23T22:36:09.244+0800: 2188.274: Total time for which application threads were stopped: 0.0184494 seconds, Stopping threads took: 0.0000789 seconds
{Heap before GC invocations=796 (full 15):
 par new generation   total 109248K, used 109248K [0x00000007a0000000, 0x00000007a8000000, 0x00000007a8000000)
  eden space 87424K, 100% used [0x00000007a0000000, 0x00000007a5560000, 0x00000007a5560000)
  from space 21824K, 100% used [0x00000007a5560000, 0x00000007a6ab0000, 0x00000007a6ab0000)
  to   space 21824K,   0% used [0x00000007a6ab0000, 0x00000007a6ab0000, 0x00000007a8000000)
 concurrent mark-sweep generation total 393216K, used 95804K [0x00000007a8000000, 0x00000007c0000000, 0x00000007c0000000)
 Metaspace       used 41686K, capacity 42528K, committed 42612K, reserved 1087488K
  class space    used 4706K, capacity 4921K, committed 4988K, reserved 1048576K
2016-10-23T22:36:09.386+0800: 2188.416: [GC (Allocation Failure) 2016-10-23T22:36:09.386+0800: 2188.416: [ParNew
Desired survivor size 20112992 bytes, new threshold 8 (max 8)
- age   1:    4908568 bytes,    4908568 total
- age   2:    2857184 bytes,    7765752 total
- age   3:    2586056 bytes,   10351808 total
- age   4:    1597648 bytes,   11949456 total
- age   5:     649376 bytes,   12598832 total
- age   6:    2388640 bytes,   14987472 total
- age   7:    4139568 bytes,   19127040 total
: 109248K->21824K(109248K), 0.0139730 secs] 205052K->125232K(502464K), 0.0140343 secs] [Times: user=0.05 sys=0.01, real=0.02 secs] 
Heap after GC invocations=797 (full 15):
 par new generation   total 109248K, used 21824K [0x00000007a0000000, 0x00000007a8000000, 0x00000007a8000000)
  eden space 87424K,   0% used [0x00000007a0000000, 0x00000007a0000000, 0x00000007a5560000)
  from space 21824K, 100% used [0x00000007a6ab0000, 0x00000007a8000000, 0x00000007a8000000)
  to   space 21824K,   0% used [0x00000007a5560000, 0x00000007a5560000, 0x00000007a6ab0000)
 concurrent mark-sweep generation total 393216K, used 103408K [0x00000007a8000000, 0x00000007c0000000, 0x00000007c0000000)
 Metaspace       used 41686K, capacity 42528K, committed 42612K, reserved 1087488K
  class space    used 4706K, capacity 4921K, committed 4988K, reserved 1048576K
}
2016-10-23T22:36:09.400+0800: 2188.430: Total time for which application threads were stopped: 0.0142906 seconds, Stopping threads took: 0.0000400 seconds
{Heap before GC invocations=797 (full 15):
 par new generation   total 109248K, used 109248K [0x00000007a0000000, 0x00000007a8000000, 0x00000007a8000000)
  eden space 87424K, 100% used [0x00000007a0000000, 0x00000007a5560000, 0x00000007a5560000)
  from space 21824K, 100% used [0x00000007a6ab0000, 0x00000007a8000000, 0x00000007a8000000)
  to   space 21824K,   0% used [0x00000007a5560000, 0x00000007a5560000, 0x00000007a6ab0000)
 concurrent mark-sweep generation total 393216K, used 103408K [0x00000007a8000000, 0x00000007c0000000, 0x00000007c0000000)
 Metaspace       used 41686K, capacity 42528K, committed 42612K, reserved 1087488K
  class space    used 4706K, capacity 4921K, committed 4988K, reserved 1048576K
2016-10-23T22:36:09.535+0800: 2188.565: [GC (Allocation Failure) 2016-10-23T22:36:09.536+0800: 2188.566: [ParNew
Desired survivor size 20112992 bytes, new threshold 8 (max 8)
- age   1:    5378152 bytes,    5378152 total
- age   2:    3632456 bytes,    9010608 total
- age   3:    2512104 bytes,   11522712 total
- age   4:    2346376 bytes,   13869088 total
- age   5:    1368864 bytes,   15237952 total
- age   6:     260744 bytes,   15498696 total
- age   7:    2050944 bytes,   17549640 total
- age   8:    4118120 bytes,   21667760 total
: 109248K->21824K(109248K), 0.0139879 secs] 212656K->128717K(502464K), 0.0143563 secs] [Times: user=0.05 sys=0.00, real=0.02 secs] 
Heap after GC invocations=798 (full 15):
 par new generation   total 109248K, used 21824K [0x00000007a0000000, 0x00000007a8000000, 0x00000007a8000000)
  eden space 87424K,   0% used [0x00000007a0000000, 0x00000007a0000000, 0x00000007a5560000)
  from space 21824K, 100% used [0x00000007a5560000, 0x00000007a6ab0000, 0x00000007a6ab0000)
  to   space 21824K,   0% used [0x00000007a6ab0000, 0x00000007a6ab0000, 0x00000007a8000000)
 concurrent mark-sweep generation total 393216K, used 106893K [0x00000007a8000000, 0x00000007c0000000, 0x00000007c0000000)
 Metaspace       used 41686K, capacity 42528K, committed 42612K, reserved 1087488K
  class space    used 4706K, capacity 4921K, committed 4988K, reserved 1048576K
}
2016-10-23T22:36:09.550+0800: 2188.580: Total time for which application threads were stopped: 0.0145978 seconds, Stopping threads took: 0.0000247 seconds
{Heap before GC invocations=798 (full 15):
 par new generation   total 109248K, used 109248K [0x00000007a0000000, 0x00000007a8000000, 0x00000007a8000000)
  eden space 87424K, 100% used [0x00000007a0000000, 0x00000007a5560000, 0x00000007a5560000)
  from space 21824K, 100% used [0x00000007a5560000, 0x00000007a6ab0000, 0x00000007a6ab0000)
  to   space 21824K,   0% used [0x00000007a6ab0000, 0x00000007a6ab0000, 0x00000007a8000000)
 concurrent mark-sweep generation total 393216K, used 106893K [0x00000007a8000000, 0x00000007c0000000, 0x00000007c0000000)
 Metaspace       used 41686K, capacity 42528K, committed 42612K, reserved 1087488K
  class space    used 4706K, capacity 4921K, committed 4988K, reserved 1048576K
2016-10-23T22:36:09.694+0800: 2188.724: [GC (Allocation Failure) 2016-10-23T22:36:09.694+0800: 2188.725: [ParNew
Desired survivor size 20112992 bytes, new threshold 8 (max 8)
- age   1:    3848352 bytes,    3848352 total
- age   2:    5144552 bytes,    8992904 total
- age   3:    3430776 bytes,   12423680 total
- age   4:    2306352 bytes,   14730032 total
- age   5:    2173376 bytes,   16903408 total
- age   6:    1288432 bytes,   18191840 total
- age   7:     247136 bytes,   18438976 total
- age   8:    1870024 bytes,   20309000 total
: 109248K->21824K(109248K), 0.0131920 secs] 216141K->132759K(502464K), 0.0135636 secs] [Times: user=0.05 sys=0.00, real=0.01 secs] 
Heap after GC invocations=799 (full 15):
 par new generation   total 109248K, used 21824K [0x00000007a0000000, 0x00000007a8000000, 0x00000007a8000000)
  eden space 87424K,   0% used [0x00000007a0000000, 0x00000007a0000000, 0x00000007a5560000)
  from space 21824K, 100% used [0x00000007a6ab0000, 0x00000007a8000000, 0x00000007a8000000)
  to   space 21824K,   0% used [0x00000007a5560000, 0x00000007a5560000, 0x00000007a6ab0000)
 concurrent mark-sweep generation total 393216K, used 110935K [0x00000007a8000000, 0x00000007c0000000, 0x00000007c0000000)
 Metaspace       used 41686K, capacity 42528K, committed 42612K, reserved 1087488K
  class space    used 4706K, capacity 4921K, committed 4988K, reserved 1048576K
}
2016-10-23T22:36:09.708+0800: 2188.738: Total time for which application threads were stopped: 0.0138176 seconds, Stopping threads took: 0.0000621 seconds
{Heap before GC invocations=799 (full 15):
 par new generation   total 109248K, used 109248K [0x00000007a0000000, 0x00000007a8000000, 0x00000007a8000000)
  eden space 87424K, 100% used [0x00000007a0000000, 0x00000007a5560000, 0x00000007a5560000)
  from space 21824K, 100% used [0x00000007a6ab0000, 0x00000007a8000000, 0x00000007a8000000)
  to   space 21824K,   0% used [0x00000007a5560000, 0x00000007a5560000, 0x00000007a6ab0000)
 concurrent mark-sweep generation total 393216K, used 110935K [0x00000007a8000000, 0x00000007c0000000, 0x00000007c0000000)
 Metaspace       used 41686K, capacity 42528K, committed 42612K, reserved 1087488K
  class space    used 4706K, capacity 4921K, committed 4988K, reserved 1048576K
2016-10-23T22:36:09.763+0800: 2188.793: [GC (Allocation Failure) 2016-10-23T22:36:09.764+0800: 2188.794: [ParNew
Desired survivor size 20112992 bytes, new threshold 8 (max 8)
- age   1:    1603072 bytes,    1603072 total
- age   2:    3157176 bytes,    4760248 total
- age   3:    4860992 bytes,    9621240 total
- age   4:    3160872 bytes,   12782112 total
- age   5:    2162736 bytes,   14944848 total
- age   6:    2028408 bytes,   16973256 total
- age   7:    1155720 bytes,   18128976 total
- age   8:     246968 bytes,   18375944 total
: 109248K->21824K(109248K), 0.0173168 secs] 220183K->134607K(502464K), 0.0173976 secs] [Times: user=0.08 sys=0.01, real=0.02 secs] 
Heap after GC invocations=800 (full 15):
 par new generation   total 109248K, used 21824K [0x00000007a0000000, 0x00000007a8000000, 0x00000007a8000000)
  eden space 87424K,   0% used [0x00000007a0000000, 0x00000007a0000000, 0x00000007a5560000)
  from space 21824K, 100% used [0x00000007a5560000, 0x00000007a6ab0000, 0x00000007a6ab0000)
  to   space 21824K,   0% used [0x00000007a6ab0000, 0x00000007a6ab0000, 0x00000007a8000000)
 concurrent mark-sweep generation total 393216K, used 112783K [0x00000007a8000000, 0x00000007c0000000, 0x00000007c0000000)
 Metaspace       used 41686K, capacity 42528K, committed 42612K, reserved 1087488K
  class space    used 4706K, capacity 4921K, committed 4988K, reserved 1048576K
}
2016-10-23T22:36:09.781+0800: 2188.811: Total time for which application threads were stopped: 0.0179271 seconds, Stopping threads took: 0.0001744 seconds
{Heap before GC invocations=800 (full 15):
 par new generation   total 109248K, used 109248K [0x00000007a0000000, 0x00000007a8000000, 0x00000007a8000000)
  eden space 87424K, 100% used [0x00000007a0000000, 0x00000007a5560000, 0x00000007a5560000)
  from space 21824K, 100% used [0x00000007a5560000, 0x00000007a6ab0000, 0x00000007a6ab0000)
  to   space 21824K,   0% used [0x00000007a6ab0000, 0x00000007a6ab0000, 0x00000007a8000000)
 concurrent mark-sweep generation total 393216K, used 112783K [0x00000007a8000000, 0x00000007c0000000, 0x00000007c0000000)
 Metaspace       used 41686K, capacity 42528K, committed 42612K, reserved 1087488K
  class space    used 4706K, capacity 4921K, committed 4988K, reserved 1048576K
2016-10-23T22:36:09.910+0800: 2188.940: [GC (Allocation Failure) 2016-10-23T22:36:09.910+0800: 2188.940: [ParNew
Desired survivor size 20112992 bytes, new threshold 8 (max 8)
- age   1:    3885720 bytes,    3885720 total
- age   2:     727488 bytes,    4613208 total
- age   3:    1861336 bytes,    6474544 total
- age   4:    4413464 bytes,   10888008 total
- age   5:    2726752 bytes,   13614760 total
- age   6:    1886112 bytes,   15500872 total
- age   7:    1675024 bytes,   17175896 total
- age   8:    1016544 bytes,   18192440 total
: 109248K->21824K(109248K), 0.0103877 secs] 222031K->137730K(502464K), 0.0104642 secs] [Times: user=0.04 sys=0.01, real=0.01 secs] 
Heap after GC invocations=801 (full 15):
 par new generation   total 109248K, used 21824K [0x00000007a0000000, 0x00000007a8000000, 0x00000007a8000000)
  eden space 87424K,   0% used [0x00000007a0000000, 0x00000007a0000000, 0x00000007a5560000)
  from space 21824K, 100% used [0x00000007a6ab0000, 0x00000007a8000000, 0x00000007a8000000)
  to   space 21824K,   0% used [0x00000007a5560000, 0x00000007a5560000, 0x00000007a6ab0000)
 concurrent mark-sweep generation total 393216K, used 115906K [0x00000007a8000000, 0x00000007c0000000, 0x00000007c0000000)
 Metaspace       used 41686K, capacity 42528K, committed 42612K, reserved 1087488K
  class space    used 4706K, capacity 4921K, committed 4988K, reserved 1048576K
}
2016-10-23T22:36:09.920+0800: 2188.950: Total time for which application threads were stopped: 0.0107011 seconds, Stopping threads took: 0.0000299 seconds
{Heap before GC invocations=801 (full 15):
 par new generation   total 109248K, used 109248K [0x00000007a0000000, 0x00000007a8000000, 0x00000007a8000000)
  eden space 87424K, 100% used [0x00000007a0000000, 0x00000007a5560000, 0x00000007a5560000)
  from space 21824K, 100% used [0x00000007a6ab0000, 0x00000007a8000000, 0x00000007a8000000)
  to   space 21824K,   0% used [0x00000007a5560000, 0x00000007a5560000, 0x00000007a6ab0000)
 concurrent mark-sweep generation total 393216K, used 115906K [0x00000007a8000000, 0x00000007c0000000, 0x00000007c0000000)
 Metaspace       used 41686K, capacity 42528K, committed 42612K, reserved 1087488K
  class space    used 4706K, capacity 4921K, committed 4988K, reserved 1048576K
2016-10-23T22:36:10.050+0800: 2189.080: [GC (Allocation Failure) 2016-10-23T22:36:10.050+0800: 2189.080: [ParNew
Desired survivor size 20112992 bytes, new threshold 8 (max 8)
- age   1:    5042784 bytes,    5042784 total
- age   2:    2545232 bytes,    7588016 total
- age   3:     459144 bytes,    8047160 total
- age   4:    1415992 bytes,    9463152 total
- age   5:    3890240 bytes,   13353392 total
- age   6:    2725208 bytes,   16078600 total
- age   7:    1884120 bytes,   17962720 total
- age   8:    1674520 bytes,   19637240 total
: 109248K->21824K(109248K), 0.0133799 secs] 225154K->142278K(502464K), 0.0134449 secs] [Times: user=0.04 sys=0.00, real=0.01 secs] 
Heap after GC invocations=802 (full 15):
 par new generation   total 109248K, used 21824K [0x00000007a0000000, 0x00000007a8000000, 0x00000007a8000000)
  eden space 87424K,   0% used [0x00000007a0000000, 0x00000007a0000000, 0x00000007a5560000)
  from space 21824K, 100% used [0x00000007a5560000, 0x00000007a6ab0000, 0x00000007a6ab0000)
  to   space 21824K,   0% used [0x00000007a6ab0000, 0x00000007a6ab0000, 0x00000007a8000000)
 concurrent mark-sweep generation total 393216K, used 120454K [0x00000007a8000000, 0x00000007c0000000, 0x00000007c0000000)
 Metaspace       used 41686K, capacity 42528K, committed 42612K, reserved 1087488K
  class space    used 4706K, capacity 4921K, committed 4988K, reserved 1048576K
}
2016-10-23T22:36:10.064+0800: 2189.094: Total time for which application threads were stopped: 0.0137248 seconds, Stopping threads took: 0.0000919 seconds
{Heap before GC invocations=802 (full 15):
 par new generation   total 109248K, used 109248K [0x00000007a0000000, 0x00000007a8000000, 0x00000007a8000000)
  eden space 87424K, 100% used [0x00000007a0000000, 0x00000007a5560000, 0x00000007a5560000)
  from space 21824K, 100% used [0x00000007a5560000, 0x00000007a6ab0000, 0x00000007a6ab0000)
  to   space 21824K,   0% used [0x00000007a6ab0000, 0x00000007a6ab0000, 0x00000007a8000000)
 concurrent mark-sweep generation total 393216K, used 120454K [0x00000007a8000000, 0x00000007c0000000, 0x00000007c0000000)
 Metaspace       used 41686K, capacity 42528K, committed 42612K, reserved 1087488K
  class space    used 4706K, capacity 4921K, committed 4988K, reserved 1048576K
2016-10-23T22:36:10.199+0800: 2189.229: [GC (Allocation Failure) 2016-10-23T22:36:10.199+0800: 2189.229: [ParNew
Desired survivor size 20112992 bytes, new threshold 8 (max 8)
- age   1:    6331400 bytes,    6331400 total
- age   2:    2525264 bytes,    8856664 total
- age   3:    2167528 bytes,   11024192 total
- age   4:     379240 bytes,   11403432 total
- age   5:    1219512 bytes,   12622944 total
- age   6:    3808336 bytes,   16431280 total
- age   7:    2694008 bytes,   19125288 total
- age   8:    1852720 bytes,   20978008 total
: 109248K->21824K(109248K), 0.0135090 secs] 229702K->146662K(502464K), 0.0135735 secs] [Times: user=0.05 sys=0.00, real=0.02 secs] 
Heap after GC invocations=803 (full 15):
 par new generation   total 109248K, used 21824K [0x00000007a0000000, 0x00000007a8000000, 0x00000007a8000000)
  eden space 87424K,   0% used [0x00000007a0000000, 0x00000007a0000000, 0x00000007a5560000)
  from space 21824K, 100% used [0x00000007a6ab0000, 0x00000007a8000000, 0x00000007a8000000)
  to   space 21824K,   0% used [0x00000007a5560000, 0x00000007a5560000, 0x00000007a6ab0000)
 concurrent mark-sweep generation total 393216K, used 124838K [0x00000007a8000000, 0x00000007c0000000, 0x00000007c0000000)
 Metaspace       used 41686K, capacity 42528K, committed 42612K, reserved 1087488K
  class space    used 4706K, capacity 4921K, committed 4988K, reserved 1048576K
}
2016-10-23T22:36:10.213+0800: 2189.243: Total time for which application threads were stopped: 0.0137713 seconds, Stopping threads took: 0.0000318 seconds
{Heap before GC invocations=803 (full 15):
 par new generation   total 109248K, used 109248K [0x00000007a0000000, 0x00000007a8000000, 0x00000007a8000000)
  eden space 87424K, 100% used [0x00000007a0000000, 0x00000007a5560000, 0x00000007a5560000)
  from space 21824K, 100% used [0x00000007a6ab0000, 0x00000007a8000000, 0x00000007a8000000)
  to   space 21824K,   0% used [0x00000007a5560000, 0x00000007a5560000, 0x00000007a6ab0000)
 concurrent mark-sweep generation total 393216K, used 124838K [0x00000007a8000000, 0x00000007c0000000, 0x00000007c0000000)
 Metaspace       used 41686K, capacity 42528K, committed 42612K, reserved 1087488K
  class space    used 4706K, capacity 4921K, committed 4988K, reserved 1048576K
2016-10-23T22:36:10.346+0800: 2189.376: [GC (Allocation Failure) 2016-10-23T22:36:10.346+0800: 2189.376: [ParNew
Desired survivor size 20112992 bytes, new threshold 8 (max 8)
- age   1:    5657624 bytes,    5657624 total
- age   2:    3806024 bytes,    9463648 total
- age   3:    2123880 bytes,   11587528 total
- age   4:    1931016 bytes,   13518544 total
- age   5:     345216 bytes,   13863760 total
- age   6:    1060224 bytes,   14923984 total
- age   7:    3601720 bytes,   18525704 total
- age   8:    2239048 bytes,   20764752 total
: 109248K->21824K(109248K), 0.0135060 secs] 234086K->151859K(502464K), 0.0135841 secs] [Times: user=0.05 sys=0.00, real=0.02 secs] 
Heap after GC invocations=804 (full 15):
 par new generation   total 109248K, used 21824K [0x00000007a0000000, 0x00000007a8000000, 0x00000007a8000000)
  eden space 87424K,   0% used [0x00000007a0000000, 0x00000007a0000000, 0x00000007a5560000)
  from space 21824K, 100% used [0x00000007a5560000, 0x00000007a6ab0000, 0x00000007a6ab0000)
  to   space 21824K,   0% used [0x00000007a6ab0000, 0x00000007a6ab0000, 0x00000007a8000000)
 concurrent mark-sweep generation total 393216K, used 130035K [0x00000007a8000000, 0x00000007c0000000, 0x00000007c0000000)
 Metaspace       used 41686K, capacity 42528K, committed 42612K, reserved 1087488K
  class space    used 4706K, capacity 4921K, committed 4988K, reserved 1048576K
}
2016-10-23T22:36:10.360+0800: 2189.390: Total time for which application threads were stopped: 0.0138480 seconds, Stopping threads took: 0.0000826 seconds
{Heap before GC invocations=804 (full 15):
 par new generation   total 109248K, used 109248K [0x00000007a0000000, 0x00000007a8000000, 0x00000007a8000000)
  eden space 87424K, 100% used [0x00000007a0000000, 0x00000007a5560000, 0x00000007a5560000)
  from space 21824K, 100% used [0x00000007a5560000, 0x00000007a6ab0000, 0x00000007a6ab0000)
  to   space 21824K,   0% used [0x00000007a6ab0000, 0x00000007a6ab0000, 0x00000007a8000000)
 concurrent mark-sweep generation total 393216K, used 130035K [0x00000007a8000000, 0x00000007c0000000, 0x00000007c0000000)
 Metaspace       used 41686K, capacity 42528K, committed 42612K, reserved 1087488K
  class space    used 4706K, capacity 4921K, committed 4988K, reserved 1048576K
2016-10-23T22:36:10.498+0800: 2189.528: [GC (Allocation Failure) 2016-10-23T22:36:10.498+0800: 2189.528: [ParNew
Desired survivor size 20112992 bytes, new threshold 8 (max 8)
- age   1:    6786072 bytes,    6786072 total
- age   2:    3066640 bytes,    9852712 total
- age   3:    2999048 bytes,   12851760 total
- age   4:    1922448 bytes,   14774208 total
- age   5:    1741064 bytes,   16515272 total
- age   6:     303824 bytes,   16819096 total
- age   7:     968016 bytes,   17787112 total
- age   8:    3400688 bytes,   21187800 total
: 109248K->21824K(109248K), 0.0140709 secs] 239283K->156495K(502464K), 0.0141454 secs] [Times: user=0.05 sys=0.00, real=0.02 secs] 
Heap after GC invocations=805 (full 15):
 par new generation   total 109248K, used 21824K [0x00000007a0000000, 0x00000007a8000000, 0x00000007a8000000)
  eden space 87424K,   0% used [0x00000007a0000000, 0x00000007a0000000, 0x00000007a5560000)
  from space 21824K, 100% used [0x00000007a6ab0000, 0x00000007a8000000, 0x00000007a8000000)
  to   space 21824K,   0% used [0x00000007a5560000, 0x00000007a5560000, 0x00000007a6ab0000)
 concurrent mark-sweep generation total 393216K, used 134671K [0x00000007a8000000, 0x00000007c0000000, 0x00000007c0000000)
 Metaspace       used 41686K, capacity 42528K, committed 42612K, reserved 1087488K
  class space    used 4706K, capacity 4921K, committed 4988K, reserved 1048576K
}
2016-10-23T22:36:10.512+0800: 2189.542: Total time for which application threads were stopped: 0.0143670 seconds, Stopping threads took: 0.0000317 seconds
{Heap before GC invocations=805 (full 15):
 par new generation   total 109248K, used 109248K [0x00000007a0000000, 0x00000007a8000000, 0x00000007a8000000)
  eden space 87424K, 100% used [0x00000007a0000000, 0x00000007a5560000, 0x00000007a5560000)
  from space 21824K, 100% used [0x00000007a6ab0000, 0x00000007a8000000, 0x00000007a8000000)
  to   space 21824K,   0% used [0x00000007a5560000, 0x00000007a5560000, 0x00000007a6ab0000)
 concurrent mark-sweep generation total 393216K, used 134671K [0x00000007a8000000, 0x00000007c0000000, 0x00000007c0000000)
 Metaspace       used 41687K, capacity 42532K, committed 42612K, reserved 1087488K
  class space    used 4706K, capacity 4921K, committed 4988K, reserved 1048576K
2016-10-23T22:36:10.670+0800: 2189.700: [GC (Allocation Failure) 2016-10-23T22:36:10.670+0800: 2189.700: [ParNew
Desired survivor size 20112992 bytes, new threshold 6 (max 8)
- age   1:    7799960 bytes,    7799960 total
- age   2:    4052728 bytes,   11852688 total
- age   3:    2690040 bytes,   14542728 total
- age   4:    2654304 bytes,   17197032 total
- age   5:    1586992 bytes,   18784024 total
- age   6:    1441248 bytes,   20225272 total
- age   7:     237624 bytes,   20462896 total
- age   8:     797160 bytes,   21260056 total
: 109248K->21824K(109248K), 0.0155683 secs] 243919K->160561K(502464K), 0.0156286 secs] [Times: user=0.06 sys=0.01, real=0.01 secs] 
Heap after GC invocations=806 (full 15):
 par new generation   total 109248K, used 21824K [0x00000007a0000000, 0x00000007a8000000, 0x00000007a8000000)
  eden space 87424K,   0% used [0x00000007a0000000, 0x00000007a0000000, 0x00000007a5560000)
  from space 21824K, 100% used [0x00000007a5560000, 0x00000007a6ab0000, 0x00000007a6ab0000)
  to   space 21824K,   0% used [0x00000007a6ab0000, 0x00000007a6ab0000, 0x00000007a8000000)
 concurrent mark-sweep generation total 393216K, used 138737K [0x00000007a8000000, 0x00000007c0000000, 0x00000007c0000000)
