Java HotSpot(TM) 64-Bit Server VM (25.92-b14) for bsd-amd64 JRE (1.8.0_92-b14), built on Mar 31 2016 21:23:14 by "java_re" with gcc 4.2.1 (Based on Apple Inc. build 5658) (LLVM build 2336.11.00)
Memory: 4k page, physical 16777216k(1365416k free)

/proc/meminfo:

CommandLine flags: -XX:CMSInitiatingOccupancyFraction=50 -XX:CMSMaxAbortablePrecleanTime=6000 -XX:+CMSParallelRemarkEnabled -XX:+CMSScavengeBeforeRemark -XX:ConcGCThreads=4 -XX:InitialHeapSize=536870912 -XX:MaxHeapSize=536870912 -XX:MaxTenuringThreshold=8 -XX:NewRatio=3 -XX:OldPLABSize=16 -XX:OnOutOfMemoryError=/Users/pparthasarathy/solr-6.2.1/bin/oom_solr.sh 8983 /Users/pparthasarathy/solr-6.2.1/example/techproducts/solr/../logs -XX:ParallelGCThreads=4 -XX:+ParallelRefProcEnabled -XX:PretenureSizeThreshold=67108864 -XX:+PrintGC -XX:+PrintGCApplicationStoppedTime -XX:+PrintGCDateStamps -XX:+PrintGCDetails -XX:+PrintGCTimeStamps -XX:+PrintHeapAtGC -XX:+PrintTenuringDistribution -XX:SurvivorRatio=4 -XX:TargetSurvivorRatio=90 -XX:ThreadStackSize=256 -XX:+UseCMSInitiatingOccupancyOnly -XX:+UseCompressedClassPointers -XX:+UseCompressedOops -XX:+UseConcMarkSweepGC -XX:+UseParNewGC 
2016-10-24T04:47:24.789+0800: 0.126: Total time for which application threads were stopped: 0.0000751 seconds, Stopping threads took: 0.0000117 seconds
2016-10-24T04:47:24.838+0800: 0.174: Total time for which application threads were stopped: 0.0001074 seconds, Stopping threads took: 0.0000130 seconds
2016-10-24T04:47:25.061+0800: 0.398: Total time for which application threads were stopped: 0.0001617 seconds, Stopping threads took: 0.0000215 seconds
2016-10-24T04:47:25.103+0800: 0.439: Total time for which application threads were stopped: 0.0001642 seconds, Stopping threads took: 0.0000230 seconds
2016-10-24T04:47:25.114+0800: 0.451: Total time for which application threads were stopped: 0.0002094 seconds, Stopping threads took: 0.0000291 seconds
2016-10-24T04:47:25.241+0800: 0.578: Total time for which application threads were stopped: 0.0002140 seconds, Stopping threads took: 0.0000248 seconds
2016-10-24T04:47:25.371+0800: 0.708: Total time for which application threads were stopped: 0.0003012 seconds, Stopping threads took: 0.0000146 seconds
2016-10-24T04:47:25.372+0800: 0.709: Total time for which application threads were stopped: 0.0001102 seconds, Stopping threads took: 0.0000084 seconds
2016-10-24T04:47:25.374+0800: 0.711: Total time for which application threads were stopped: 0.0001112 seconds, Stopping threads took: 0.0000079 seconds
2016-10-24T04:47:25.381+0800: 0.718: Total time for which application threads were stopped: 0.0001992 seconds, Stopping threads took: 0.0000327 seconds
2016-10-24T04:47:25.553+0800: 0.890: Total time for which application threads were stopped: 0.0006089 seconds, Stopping threads took: 0.0003763 seconds
{Heap before GC invocations=0 (full 0):
 par new generation   total 109248K, used 87424K [0x00000007a0000000, 0x00000007a8000000, 0x00000007a8000000)
  eden space 87424K, 100% used [0x00000007a0000000, 0x00000007a5560000, 0x00000007a5560000)
  from space 21824K,   0% used [0x00000007a5560000, 0x00000007a5560000, 0x00000007a6ab0000)
  to   space 21824K,   0% used [0x00000007a6ab0000, 0x00000007a6ab0000, 0x00000007a8000000)
 concurrent mark-sweep generation total 393216K, used 0K [0x00000007a8000000, 0x00000007c0000000, 0x00000007c0000000)
 Metaspace       used 17916K, capacity 18232K, committed 18688K, reserved 1064960K
  class space    used 2076K, capacity 2199K, committed 2304K, reserved 1048576K
2016-10-24T04:47:25.615+0800: 0.951: [GC (Allocation Failure) 2016-10-24T04:47:25.615+0800: 0.951: [ParNew
Desired survivor size 20112992 bytes, new threshold 8 (max 8)
- age   1:   11149040 bytes,   11149040 total
: 87424K->10996K(109248K), 0.0104528 secs] 87424K->10996K(502464K), 0.0105398 secs] [Times: user=0.03 sys=0.00, real=0.01 secs] 
Heap after GC invocations=1 (full 0):
 par new generation   total 109248K, used 10996K [0x00000007a0000000, 0x00000007a8000000, 0x00000007a8000000)
  eden space 87424K,   0% used [0x00000007a0000000, 0x00000007a0000000, 0x00000007a5560000)
  from space 21824K,  50% used [0x00000007a6ab0000, 0x00000007a756d140, 0x00000007a8000000)
  to   space 21824K,   0% used [0x00000007a5560000, 0x00000007a5560000, 0x00000007a6ab0000)
 concurrent mark-sweep generation total 393216K, used 0K [0x00000007a8000000, 0x00000007c0000000, 0x00000007c0000000)
 Metaspace       used 17916K, capacity 18232K, committed 18688K, reserved 1064960K
  class space    used 2076K, capacity 2199K, committed 2304K, reserved 1048576K
}
2016-10-24T04:47:25.625+0800: 0.962: Total time for which application threads were stopped: 0.0107876 seconds, Stopping threads took: 0.0000257 seconds
2016-10-24T04:47:25.782+0800: 1.119: Total time for which application threads were stopped: 0.0003890 seconds, Stopping threads took: 0.0000317 seconds
2016-10-24T04:47:25.811+0800: 1.148: Total time for which application threads were stopped: 0.0002182 seconds, Stopping threads took: 0.0000120 seconds
2016-10-24T04:47:25.829+0800: 1.166: Total time for which application threads were stopped: 0.0001944 seconds, Stopping threads took: 0.0000120 seconds
2016-10-24T04:47:25.913+0800: 1.249: Total time for which application threads were stopped: 0.0001726 seconds, Stopping threads took: 0.0000159 seconds
2016-10-24T04:47:25.922+0800: 1.259: Total time for which application threads were stopped: 0.0001045 seconds, Stopping threads took: 0.0000249 seconds
2016-10-24T04:47:25.958+0800: 1.294: Total time for which application threads were stopped: 0.0001074 seconds, Stopping threads took: 0.0000265 seconds
{Heap before GC invocations=1 (full 0):
 par new generation   total 109248K, used 98420K [0x00000007a0000000, 0x00000007a8000000, 0x00000007a8000000)
  eden space 87424K, 100% used [0x00000007a0000000, 0x00000007a5560000, 0x00000007a5560000)
  from space 21824K,  50% used [0x00000007a6ab0000, 0x00000007a756d140, 0x00000007a8000000)
  to   space 21824K,   0% used [0x00000007a5560000, 0x00000007a5560000, 0x00000007a6ab0000)
 concurrent mark-sweep generation total 393216K, used 0K [0x00000007a8000000, 0x00000007c0000000, 0x00000007c0000000)
 Metaspace       used 21474K, capacity 21840K, committed 22216K, reserved 1069056K
  class space    used 2545K, capacity 2681K, committed 2684K, reserved 1048576K
2016-10-24T04:47:25.963+0800: 1.300: [GC (Allocation Failure) 2016-10-24T04:47:25.963+0800: 1.300: [ParNew
Desired survivor size 20112992 bytes, new threshold 8 (max 8)
- age   1:    4633064 bytes,    4633064 total
- age   2:    5555728 bytes,   10188792 total
: 98420K->13846K(109248K), 0.0092606 secs] 98420K->13846K(502464K), 0.0093323 secs] [Times: user=0.03 sys=0.01, real=0.01 secs] 
Heap after GC invocations=2 (full 0):
 par new generation   total 109248K, used 13846K [0x00000007a0000000, 0x00000007a8000000, 0x00000007a8000000)
  eden space 87424K,   0% used [0x00000007a0000000, 0x00000007a0000000, 0x00000007a5560000)
  from space 21824K,  63% used [0x00000007a5560000, 0x00000007a62e5900, 0x00000007a6ab0000)
  to   space 21824K,   0% used [0x00000007a6ab0000, 0x00000007a6ab0000, 0x00000007a8000000)
 concurrent mark-sweep generation total 393216K, used 0K [0x00000007a8000000, 0x00000007c0000000, 0x00000007c0000000)
 Metaspace       used 21474K, capacity 21840K, committed 22216K, reserved 1069056K
  class space    used 2545K, capacity 2681K, committed 2684K, reserved 1048576K
}
2016-10-24T04:47:25.973+0800: 1.310: Total time for which application threads were stopped: 0.0094527 seconds, Stopping threads took: 0.0000143 seconds
2016-10-24T04:47:25.973+0800: 1.310: [GC (CMS Initial Mark) [1 CMS-initial-mark: 0K(393216K)] 15068K(502464K), 0.0021257 secs] [Times: user=0.00 sys=0.00, real=0.00 secs] 
2016-10-24T04:47:25.975+0800: 1.312: Total time for which application threads were stopped: 0.0023342 seconds, Stopping threads took: 0.0001311 seconds
2016-10-24T04:47:25.975+0800: 1.312: [CMS-concurrent-mark-start]
2016-10-24T04:47:25.975+0800: 1.312: [CMS-concurrent-mark: 0.000/0.000 secs] [Times: user=0.00 sys=0.00, real=0.00 secs] 
2016-10-24T04:47:25.975+0800: 1.312: [CMS-concurrent-preclean-start]
2016-10-24T04:47:25.976+0800: 1.313: [CMS-concurrent-preclean: 0.001/0.001 secs] [Times: user=0.01 sys=0.00, real=0.00 secs] 
2016-10-24T04:47:25.977+0800: 1.313: [GC (CMS Final Remark) [YG occupancy: 15068 K (109248 K)]{Heap before GC invocations=2 (full 1):
 par new generation   total 109248K, used 15068K [0x00000007a0000000, 0x00000007a8000000, 0x00000007a8000000)
  eden space 87424K,   1% used [0x00000007a0000000, 0x00000007a0131a68, 0x00000007a5560000)
  from space 21824K,  63% used [0x00000007a5560000, 0x00000007a62e5900, 0x00000007a6ab0000)
  to   space 21824K,   0% used [0x00000007a6ab0000, 0x00000007a6ab0000, 0x00000007a8000000)
 concurrent mark-sweep generation total 393216K, used 0K [0x00000007a8000000, 0x00000007c0000000, 0x00000007c0000000)
 Metaspace       used 21477K, capacity 21840K, committed 22216K, reserved 1069056K
  class space    used 2545K, capacity 2681K, committed 2684K, reserved 1048576K
2016-10-24T04:47:25.977+0800: 1.313: [GC (CMS Final Remark) 2016-10-24T04:47:25.977+0800: 1.313: [ParNew
Desired survivor size 20112992 bytes, new threshold 8 (max 8)
- age   1:     284944 bytes,     284944 total
- age   2:    2379568 bytes,    2664512 total
- age   3:    5551744 bytes,    8216256 total
: 15068K->8192K(109248K), 0.0055875 secs] 15068K->8192K(502464K), 0.0056140 secs] [Times: user=0.02 sys=0.00, real=0.01 secs] 
Heap after GC invocations=3 (full 1):
 par new generation   total 109248K, used 8192K [0x00000007a0000000, 0x00000007a8000000, 0x00000007a8000000)
  eden space 87424K,   0% used [0x00000007a0000000, 0x00000007a0000000, 0x00000007a5560000)
  from space 21824K,  37% used [0x00000007a6ab0000, 0x00000007a72b03a0, 0x00000007a8000000)
  to   space 21824K,   0% used [0x00000007a5560000, 0x00000007a5560000, 0x00000007a6ab0000)
 concurrent mark-sweep generation total 393216K, used 0K [0x00000007a8000000, 0x00000007c0000000, 0x00000007c0000000)
 Metaspace       used 21477K, capacity 21840K, committed 22216K, reserved 1069056K
  class space    used 2545K, capacity 2681K, committed 2684K, reserved 1048576K
}
2016-10-24T04:47:25.982+0800: 1.319: [Rescan (parallel) , 0.0019330 secs]2016-10-24T04:47:25.984+0800: 1.321: [weak refs processing, 0.0007986 secs]2016-10-24T04:47:25.985+0800: 1.322: [class unloading, 0.0027222 secs]2016-10-24T04:47:25.988+0800: 1.325: [scrub symbol table, 0.0025407 secs]2016-10-24T04:47:25.990+0800: 1.327: [scrub string table, 0.0002055 secs][1 CMS-remark: 0K(393216K)] 8192K(502464K), 0.0144249 secs] [Times: user=0.03 sys=0.00, real=0.02 secs] 
2016-10-24T04:47:25.991+0800: 1.328: Total time for which application threads were stopped: 0.0145912 seconds, Stopping threads took: 0.0000931 seconds
2016-10-24T04:47:25.991+0800: 1.328: [CMS-concurrent-sweep-start]
2016-10-24T04:47:25.991+0800: 1.328: [CMS-concurrent-sweep: 0.000/0.000 secs] [Times: user=0.00 sys=0.00, real=0.00 secs] 
2016-10-24T04:47:25.991+0800: 1.328: [CMS-concurrent-reset-start]
2016-10-24T04:47:25.994+0800: 1.331: [CMS-concurrent-reset: 0.003/0.003 secs] [Times: user=0.01 sys=0.00, real=0.00 secs] 
{Heap before GC invocations=3 (full 1):
 par new generation   total 109248K, used 95616K [0x00000007a0000000, 0x00000007a8000000, 0x00000007a8000000)
  eden space 87424K, 100% used [0x00000007a0000000, 0x00000007a5560000, 0x00000007a5560000)
  from space 21824K,  37% used [0x00000007a6ab0000, 0x00000007a72b03a0, 0x00000007a8000000)
  to   space 21824K,   0% used [0x00000007a5560000, 0x00000007a5560000, 0x00000007a6ab0000)
 concurrent mark-sweep generation total 393216K, used 0K [0x00000007a8000000, 0x00000007c0000000, 0x00000007c0000000)
 Metaspace       used 21888K, capacity 22248K, committed 22600K, reserved 1069056K
  class space    used 2603K, capacity 2749K, committed 2812K, reserved 1048576K
2016-10-24T04:47:26.091+0800: 1.428: [GC (Allocation Failure) 2016-10-24T04:47:26.091+0800: 1.428: [ParNew
Desired survivor size 20112992 bytes, new threshold 8 (max 8)
- age   1:     542344 bytes,     542344 total
- age   3:    1470968 bytes,    2013312 total
- age   4:    5551728 bytes,    7565040 total
: 95616K->11074K(109248K), 0.0064865 secs] 95616K->11074K(502464K), 0.0065560 secs] [Times: user=0.03 sys=0.00, real=0.00 secs] 
Heap after GC invocations=4 (full 1):
 par new generation   total 109248K, used 11074K [0x00000007a0000000, 0x00000007a8000000, 0x00000007a8000000)
  eden space 87424K,   0% used [0x00000007a0000000, 0x00000007a0000000, 0x00000007a5560000)
  from space 21824K,  50% used [0x00000007a5560000, 0x00000007a6030b20, 0x00000007a6ab0000)
  to   space 21824K,   0% used [0x00000007a6ab0000, 0x00000007a6ab0000, 0x00000007a8000000)
 concurrent mark-sweep generation total 393216K, used 0K [0x00000007a8000000, 0x00000007c0000000, 0x00000007c0000000)
 Metaspace       used 21888K, capacity 22248K, committed 22600K, reserved 1069056K
  class space    used 2603K, capacity 2749K, committed 2812K, reserved 1048576K
}
2016-10-24T04:47:26.098+0800: 1.435: Total time for which application threads were stopped: 0.0067005 seconds, Stopping threads took: 0.0000157 seconds
2016-10-24T04:47:26.156+0800: 1.493: Total time for which application threads were stopped: 0.0003591 seconds, Stopping threads took: 0.0000265 seconds
2016-10-24T04:47:26.195+0800: 1.532: Total time for which application threads were stopped: 0.0003182 seconds, Stopping threads took: 0.0000249 seconds
2016-10-24T04:47:26.303+0800: 1.640: Total time for which application threads were stopped: 0.0003834 seconds, Stopping threads took: 0.0000226 seconds
2016-10-24T04:47:26.311+0800: 1.648: Total time for which application threads were stopped: 0.0003333 seconds, Stopping threads took: 0.0000221 seconds
{Heap before GC invocations=4 (full 1):
 par new generation   total 109248K, used 98498K [0x00000007a0000000, 0x00000007a8000000, 0x00000007a8000000)
  eden space 87424K, 100% used [0x00000007a0000000, 0x00000007a5560000, 0x00000007a5560000)
  from space 21824K,  50% used [0x00000007a5560000, 0x00000007a6030b20, 0x00000007a6ab0000)
  to   space 21824K,   0% used [0x00000007a6ab0000, 0x00000007a6ab0000, 0x00000007a8000000)
 concurrent mark-sweep generation total 393216K, used 0K [0x00000007a8000000, 0x00000007c0000000, 0x00000007c0000000)
 Metaspace       used 26231K, capacity 26738K, committed 27132K, reserved 1073152K
  class space    used 3125K, capacity 3288K, committed 3324K, reserved 1048576K
2016-10-24T04:47:26.497+0800: 1.834: [GC (Allocation Failure) 2016-10-24T04:47:26.497+0800: 1.834: [ParNew
Desired survivor size 20112992 bytes, new threshold 8 (max 8)
- age   1:    5317280 bytes,    5317280 total
- age   2:     183040 bytes,    5500320 total
- age   4:     880072 bytes,    6380392 total
- age   5:    5545104 bytes,   11925496 total
: 98498K->15002K(109248K), 0.0076831 secs] 98498K->15002K(502464K), 0.0077478 secs] [Times: user=0.02 sys=0.00, real=0.01 secs] 
Heap after GC invocations=5 (full 1):
 par new generation   total 109248K, used 15002K [0x00000007a0000000, 0x00000007a8000000, 0x00000007a8000000)
  eden space 87424K,   0% used [0x00000007a0000000, 0x00000007a0000000, 0x00000007a5560000)
  from space 21824K,  68% used [0x00000007a6ab0000, 0x00000007a7956a08, 0x00000007a8000000)
  to   space 21824K,   0% used [0x00000007a5560000, 0x00000007a5560000, 0x00000007a6ab0000)
 concurrent mark-sweep generation total 393216K, used 0K [0x00000007a8000000, 0x00000007c0000000, 0x00000007c0000000)
 Metaspace       used 26231K, capacity 26738K, committed 27132K, reserved 1073152K
  class space    used 3125K, capacity 3288K, committed 3324K, reserved 1048576K
}
2016-10-24T04:47:26.505+0800: 1.841: Total time for which application threads were stopped: 0.0079113 seconds, Stopping threads took: 0.0000144 seconds
2016-10-24T04:47:26.574+0800: 1.911: Total time for which application threads were stopped: 0.0005809 seconds, Stopping threads took: 0.0000280 seconds
2016-10-24T04:47:26.765+0800: 2.101: Total time for which application threads were stopped: 0.0004090 seconds, Stopping threads took: 0.0000155 seconds
2016-10-24T04:47:27.770+0800: 3.107: Total time for which application threads were stopped: 0.0003249 seconds, Stopping threads took: 0.0000529 seconds
2016-10-24T04:47:28.758+0800: 4.095: Total time for which application threads were stopped: 0.0006273 seconds, Stopping threads took: 0.0000451 seconds
2016-10-24T04:47:30.370+0800: 5.707: Total time for which application threads were stopped: 0.0000697 seconds, Stopping threads took: 0.0000147 seconds
2016-10-24T04:47:30.373+0800: 5.710: Total time for which application threads were stopped: 0.0000566 seconds, Stopping threads took: 0.0000115 seconds
2016-10-24T04:47:30.429+0800: 5.766: Total time for which application threads were stopped: 0.0004123 seconds, Stopping threads took: 0.0000154 seconds
2016-10-24T04:47:30.430+0800: 5.767: Total time for which application threads were stopped: 0.0000675 seconds, Stopping threads took: 0.0000230 seconds
2016-10-24T04:47:30.430+0800: 5.767: Total time for which application threads were stopped: 0.0000580 seconds, Stopping threads took: 0.0000202 seconds
2016-10-24T04:47:30.430+0800: 5.767: Total time for which application threads were stopped: 0.0000604 seconds, Stopping threads took: 0.0000317 seconds
2016-10-24T04:47:30.431+0800: 5.767: Total time for which application threads were stopped: 0.0000371 seconds, Stopping threads took: 0.0000060 seconds
2016-10-24T04:47:30.431+0800: 5.768: Total time for which application threads were stopped: 0.0000549 seconds, Stopping threads took: 0.0000176 seconds
2016-10-24T04:47:30.431+0800: 5.768: Total time for which application threads were stopped: 0.0000554 seconds, Stopping threads took: 0.0000185 seconds
2016-10-24T04:47:30.436+0800: 5.773: Total time for which application threads were stopped: 0.0000888 seconds, Stopping threads took: 0.0000311 seconds
2016-10-24T04:47:30.436+0800: 5.773: Total time for which application threads were stopped: 0.0000415 seconds, Stopping threads took: 0.0000094 seconds
2016-10-24T04:47:30.436+0800: 5.773: Total time for which application threads were stopped: 0.0000423 seconds, Stopping threads took: 0.0000147 seconds
2016-10-24T04:47:30.436+0800: 5.773: Total time for which application threads were stopped: 0.0000437 seconds, Stopping threads took: 0.0000077 seconds
2016-10-24T04:47:30.436+0800: 5.773: Total time for which application threads were stopped: 0.0000561 seconds, Stopping threads took: 0.0000202 seconds
2016-10-24T04:47:30.480+0800: 5.817: Total time for which application threads were stopped: 0.0001215 seconds, Stopping threads took: 0.0000288 seconds
2016-10-24T04:47:30.481+0800: 5.818: Total time for which application threads were stopped: 0.0000442 seconds, Stopping threads took: 0.0000091 seconds
2016-10-24T04:47:30.483+0800: 5.820: Total time for which application threads were stopped: 0.0000721 seconds, Stopping threads took: 0.0000137 seconds
2016-10-24T04:47:30.483+0800: 5.820: Total time for which application threads were stopped: 0.0000533 seconds, Stopping threads took: 0.0000122 seconds
2016-10-24T04:47:30.487+0800: 5.824: Total time for which application threads were stopped: 0.0000575 seconds, Stopping threads took: 0.0000102 seconds
2016-10-24T04:47:30.489+0800: 5.826: Total time for which application threads were stopped: 0.0000701 seconds, Stopping threads took: 0.0000253 seconds
2016-10-24T04:47:30.489+0800: 5.826: Total time for which application threads were stopped: 0.0000560 seconds, Stopping threads took: 0.0000108 seconds
2016-10-24T04:47:31.493+0800: 6.830: Total time for which application threads were stopped: 0.0002180 seconds, Stopping threads took: 0.0000617 seconds
2016-10-24T04:47:33.541+0800: 8.878: Total time for which application threads were stopped: 0.0000684 seconds, Stopping threads took: 0.0000145 seconds
2016-10-24T04:47:33.541+0800: 8.878: Total time for which application threads were stopped: 0.0000454 seconds, Stopping threads took: 0.0000181 seconds
2016-10-24T04:47:33.586+0800: 8.923: Total time for which application threads were stopped: 0.0001066 seconds, Stopping threads took: 0.0000241 seconds
2016-10-24T04:47:33.632+0800: 8.969: Total time for which application threads were stopped: 0.0001761 seconds, Stopping threads took: 0.0000398 seconds
{Heap before GC invocations=5 (full 1):
 par new generation   total 109248K, used 102426K [0x00000007a0000000, 0x00000007a8000000, 0x00000007a8000000)
  eden space 87424K, 100% used [0x00000007a0000000, 0x00000007a5560000, 0x00000007a5560000)
  from space 21824K,  68% used [0x00000007a6ab0000, 0x00000007a7956a08, 0x00000007a8000000)
  to   space 21824K,   0% used [0x00000007a5560000, 0x00000007a5560000, 0x00000007a6ab0000)
 concurrent mark-sweep generation total 393216K, used 0K [0x00000007a8000000, 0x00000007c0000000, 0x00000007c0000000)
 Metaspace       used 33169K, capacity 33668K, committed 34172K, reserved 1079296K
  class space    used 3968K, capacity 4119K, committed 4220K, reserved 1048576K
2016-10-24T04:47:33.714+0800: 9.051: [GC (Allocation Failure) 2016-10-24T04:47:33.714+0800: 9.051: [ParNew
Desired survivor size 20112992 bytes, new threshold 6 (max 8)
- age   1:   14299416 bytes,   14299416 total
- age   2:    1547824 bytes,   15847240 total
- age   3:     180896 bytes,   16028136 total
- age   5:     869296 bytes,   16897432 total
- age   6:    5341168 bytes,   22238600 total
: 102426K->21824K(109248K), 0.0152059 secs] 102426K->23288K(502464K), 0.0152891 secs] [Times: user=0.06 sys=0.01, real=0.01 secs] 
Heap after GC invocations=6 (full 1):
 par new generation   total 109248K, used 21824K [0x00000007a0000000, 0x00000007a8000000, 0x00000007a8000000)
  eden space 87424K,   0% used [0x00000007a0000000, 0x00000007a0000000, 0x00000007a5560000)
  from space 21824K, 100% used [0x00000007a5560000, 0x00000007a6ab0000, 0x00000007a6ab0000)
  to   space 21824K,   0% used [0x00000007a6ab0000, 0x00000007a6ab0000, 0x00000007a8000000)
 concurrent mark-sweep generation total 393216K, used 1464K [0x00000007a8000000, 0x00000007c0000000, 0x00000007c0000000)
 Metaspace       used 33169K, capacity 33668K, committed 34172K, reserved 1079296K
  class space    used 3968K, capacity 4119K, committed 4220K, reserved 1048576K
}
2016-10-24T04:47:33.729+0800: 9.066: Total time for which application threads were stopped: 0.0155113 seconds, Stopping threads took: 0.0000243 seconds
2016-10-24T04:47:33.730+0800: 9.067: Total time for which application threads were stopped: 0.0001291 seconds, Stopping threads took: 0.0000801 seconds
2016-10-24T04:47:33.730+0800: 9.067: Total time for which application threads were stopped: 0.0000621 seconds, Stopping threads took: 0.0000269 seconds
2016-10-24T04:47:33.730+0800: 9.067: Total time for which application threads were stopped: 0.0000910 seconds, Stopping threads took: 0.0000194 seconds
2016-10-24T04:47:33.907+0800: 9.245: Total time for which application threads were stopped: 0.0001897 seconds, Stopping threads took: 0.0000184 seconds
{Heap before GC invocations=6 (full 1):
 par new generation   total 109248K, used 109248K [0x00000007a0000000, 0x00000007a8000000, 0x00000007a8000000)
  eden space 87424K, 100% used [0x00000007a0000000, 0x00000007a5560000, 0x00000007a5560000)
  from space 21824K, 100% used [0x00000007a5560000, 0x00000007a6ab0000, 0x00000007a6ab0000)
  to   space 21824K,   0% used [0x00000007a6ab0000, 0x00000007a6ab0000, 0x00000007a8000000)
 concurrent mark-sweep generation total 393216K, used 1464K [0x00000007a8000000, 0x00000007c0000000, 0x00000007c0000000)
 Metaspace       used 33403K, capacity 33860K, committed 34428K, reserved 1079296K
  class space    used 3969K, capacity 4119K, committed 4220K, reserved 1048576K
2016-10-24T04:47:34.205+0800: 9.542: [GC (Allocation Failure) 2016-10-24T04:47:34.205+0800: 9.542: [ParNew
Desired survivor size 20112992 bytes, new threshold 8 (max 8)
- age   1:    5625048 bytes,    5625048 total
- age   2:    8483904 bytes,   14108952 total
- age   3:    1547600 bytes,   15656552 total
- age   4:     180896 bytes,   15837448 total
- age   6:     869296 bytes,   16706744 total
: 109248K->21824K(109248K), 0.0223489 secs] 110712K->30525K(502464K), 0.0224092 secs] [Times: user=0.07 sys=0.01, real=0.02 secs] 
Heap after GC invocations=7 (full 1):
 par new generation   total 109248K, used 21824K [0x00000007a0000000, 0x00000007a8000000, 0x00000007a8000000)
  eden space 87424K,   0% used [0x00000007a0000000, 0x00000007a0000000, 0x00000007a5560000)
  from space 21824K, 100% used [0x00000007a6ab0000, 0x00000007a8000000, 0x00000007a8000000)
  to   space 21824K,   0% used [0x00000007a5560000, 0x00000007a5560000, 0x00000007a6ab0000)
 concurrent mark-sweep generation total 393216K, used 8701K [0x00000007a8000000, 0x00000007c0000000, 0x00000007c0000000)
 Metaspace       used 33403K, capacity 33860K, committed 34428K, reserved 1079296K
  class space    used 3969K, capacity 4119K, committed 4220K, reserved 1048576K
}
2016-10-24T04:47:34.227+0800: 9.565: Total time for which application threads were stopped: 0.0226803 seconds, Stopping threads took: 0.0000617 seconds
{Heap before GC invocations=7 (full 1):
 par new generation   total 109248K, used 109248K [0x00000007a0000000, 0x00000007a8000000, 0x00000007a8000000)
  eden space 87424K, 100% used [0x00000007a0000000, 0x00000007a5560000, 0x00000007a5560000)
  from space 21824K, 100% used [0x00000007a6ab0000, 0x00000007a8000000, 0x00000007a8000000)
  to   space 21824K,   0% used [0x00000007a5560000, 0x00000007a5560000, 0x00000007a6ab0000)
 concurrent mark-sweep generation total 393216K, used 8701K [0x00000007a8000000, 0x00000007c0000000, 0x00000007c0000000)
 Metaspace       used 33411K, capacity 33860K, committed 34428K, reserved 1079296K
  class space    used 3969K, capacity 4119K, committed 4220K, reserved 1048576K
2016-10-24T04:47:34.533+0800: 9.870: [GC (Allocation Failure) 2016-10-24T04:47:34.533+0800: 9.870: [ParNew
Desired survivor size 20112992 bytes, new threshold 4 (max 8)
- age   1:    8150304 bytes,    8150304 total
- age   2:    3623704 bytes,   11774008 total
- age   3:    7479144 bytes,   19253152 total
- age   4:    1547600 bytes,   20800752 total
- age   5:     180896 bytes,   20981648 total
- age   7:     869296 bytes,   21850944 total
: 109248K->21824K(109248K), 0.0108284 secs] 117949K->33434K(502464K), 0.0108990 secs] [Times: user=0.03 sys=0.00, real=0.01 secs] 
Heap after GC invocations=8 (full 1):
 par new generation   total 109248K, used 21824K [0x00000007a0000000, 0x00000007a8000000, 0x00000007a8000000)
  eden space 87424K,   0% used [0x00000007a0000000, 0x00000007a0000000, 0x00000007a5560000)
  from space 21824K, 100% used [0x00000007a5560000, 0x00000007a6ab0000, 0x00000007a6ab0000)
  to   space 21824K,   0% used [0x00000007a6ab0000, 0x00000007a6ab0000, 0x00000007a8000000)
 concurrent mark-sweep generation total 393216K, used 11610K [0x00000007a8000000, 0x00000007c0000000, 0x00000007c0000000)
 Metaspace       used 33411K, capacity 33860K, committed 34428K, reserved 1079296K
  class space    used 3969K, capacity 4119K, committed 4220K, reserved 1048576K
}
2016-10-24T04:47:34.544+0800: 9.881: Total time for which application threads were stopped: 0.0111088 seconds, Stopping threads took: 0.0000217 seconds
{Heap before GC invocations=8 (full 1):
 par new generation   total 109248K, used 109248K [0x00000007a0000000, 0x00000007a8000000, 0x00000007a8000000)
  eden space 87424K, 100% used [0x00000007a0000000, 0x00000007a5560000, 0x00000007a5560000)
  from space 21824K, 100% used [0x00000007a5560000, 0x00000007a6ab0000, 0x00000007a6ab0000)
  to   space 21824K,   0% used [0x00000007a6ab0000, 0x00000007a6ab0000, 0x00000007a8000000)
 concurrent mark-sweep generation total 393216K, used 11610K [0x00000007a8000000, 0x00000007c0000000, 0x00000007c0000000)
 Metaspace       used 33484K, capacity 33988K, committed 34428K, reserved 1079296K
  class space    used 3969K, capacity 4119K, committed 4220K, reserved 1048576K
2016-10-24T04:47:34.854+0800: 10.191: [GC (Allocation Failure) 2016-10-24T04:47:34.854+0800: 10.191: [ParNew
Desired survivor size 20112992 bytes, new threshold 4 (max 8)
- age   1:    7537136 bytes,    7537136 total
- age   2:    3422576 bytes,   10959712 total
- age   3:    2963520 bytes,   13923232 total
- age   4:    6509088 bytes,   20432320 total
: 109248K->21824K(109248K), 0.0163361 secs] 120858K->42573K(502464K), 0.0164006 secs] [Times: user=0.06 sys=0.00, real=0.02 secs] 
Heap after GC invocations=9 (full 1):
 par new generation   total 109248K, used 21824K [0x00000007a0000000, 0x00000007a8000000, 0x00000007a8000000)
  eden space 87424K,   0% used [0x00000007a0000000, 0x00000007a0000000, 0x00000007a5560000)
  from space 21824K, 100% used [0x00000007a6ab0000, 0x00000007a8000000, 0x00000007a8000000)
  to   space 21824K,   0% used [0x00000007a5560000, 0x00000007a5560000, 0x00000007a6ab0000)
 concurrent mark-sweep generation total 393216K, used 20749K [0x00000007a8000000, 0x00000007c0000000, 0x00000007c0000000)
 Metaspace       used 33484K, capacity 33988K, committed 34428K, reserved 1079296K
  class space    used 3969K, capacity 4119K, committed 4220K, reserved 1048576K
}
2016-10-24T04:47:34.871+0800: 10.208: Total time for which application threads were stopped: 0.0165932 seconds, Stopping threads took: 0.0000223 seconds
{Heap before GC invocations=9 (full 1):
 par new generation   total 109248K, used 109248K [0x00000007a0000000, 0x00000007a8000000, 0x00000007a8000000)
  eden space 87424K, 100% used [0x00000007a0000000, 0x00000007a5560000, 0x00000007a5560000)
  from space 21824K, 100% used [0x00000007a6ab0000, 0x00000007a8000000, 0x00000007a8000000)
  to   space 21824K,   0% used [0x00000007a5560000, 0x00000007a5560000, 0x00000007a6ab0000)
 concurrent mark-sweep generation total 393216K, used 20749K [0x00000007a8000000, 0x00000007c0000000, 0x00000007c0000000)
 Metaspace       used 33485K, capacity 33988K, committed 34428K, reserved 1079296K
  class space    used 3969K, capacity 4119K, committed 4220K, reserved 1048576K
2016-10-24T04:47:35.176+0800: 10.513: [GC (Allocation Failure) 2016-10-24T04:47:35.176+0800: 10.513: [ParNew
Desired survivor size 20112992 bytes, new threshold 8 (max 8)
- age   1:    9359680 bytes,    9359680 total
- age   2:    2484040 bytes,   11843720 total
- age   3:    3115640 bytes,   14959360 total
- age   4:    2952320 bytes,   17911680 total
: 109248K->21824K(109248K), 0.0150441 secs] 129997K->52219K(502464K), 0.0151131 secs] [Times: user=0.05 sys=0.00, real=0.02 secs] 
Heap after GC invocations=10 (full 1):
 par new generation   total 109248K, used 21824K [0x00000007a0000000, 0x00000007a8000000, 0x00000007a8000000)
  eden space 87424K,   0% used [0x00000007a0000000, 0x00000007a0000000, 0x00000007a5560000)
  from space 21824K, 100% used [0x00000007a5560000, 0x00000007a6ab0000, 0x00000007a6ab0000)
  to   space 21824K,   0% used [0x00000007a6ab0000, 0x00000007a6ab0000, 0x00000007a8000000)
 concurrent mark-sweep generation total 393216K, used 30395K [0x00000007a8000000, 0x00000007c0000000, 0x00000007c0000000)
 Metaspace       used 33485K, capacity 33988K, committed 34428K, reserved 1079296K
  class space    used 3969K, capacity 4119K, committed 4220K, reserved 1048576K
}
2016-10-24T04:47:35.191+0800: 10.528: Total time for which application threads were stopped: 0.0153164 seconds, Stopping threads took: 0.0000306 seconds
{Heap before GC invocations=10 (full 1):
 par new generation   total 109248K, used 107594K [0x00000007a0000000, 0x00000007a8000000, 0x00000007a8000000)
  eden space 87424K,  98% used [0x00000007a0000000, 0x00000007a53c28c0, 0x00000007a5560000)
  from space 21824K, 100% used [0x00000007a5560000, 0x00000007a6ab0000, 0x00000007a6ab0000)
  to   space 21824K,   0% used [0x00000007a6ab0000, 0x00000007a6ab0000, 0x00000007a8000000)
 concurrent mark-sweep generation total 393216K, used 30395K [0x00000007a8000000, 0x00000007c0000000, 0x00000007c0000000)
 Metaspace       used 33498K, capacity 33988K, committed 34428K, reserved 1079296K
  class space    used 3969K, capacity 4119K, committed 4220K, reserved 1048576K
2016-10-24T04:47:35.488+0800: 10.825: [GC (Allocation Failure) 2016-10-24T04:47:35.488+0800: 10.825: [ParNew
Desired survivor size 20112992 bytes, new threshold 8 (max 8)
- age   1:    7491112 bytes,    7491112 total
- age   2:    4240888 bytes,   11732000 total
- age   3:    2248768 bytes,   13980768 total
- age   4:    2793064 bytes,   16773832 total
- age   5:    2771848 bytes,   19545680 total
: 107594K->21824K(109248K), 0.0118122 secs] 137989K->58332K(502464K), 0.0118710 secs] [Times: user=0.05 sys=0.00, real=0.02 secs] 
Heap after GC invocations=11 (full 1):
 par new generation   total 109248K, used 21824K [0x00000007a0000000, 0x00000007a8000000, 0x00000007a8000000)
  eden space 87424K,   0% used [0x00000007a0000000, 0x00000007a0000000, 0x00000007a5560000)
  from space 21824K, 100% used [0x00000007a6ab0000, 0x00000007a8000000, 0x00000007a8000000)
  to   space 21824K,   0% used [0x00000007a5560000, 0x00000007a5560000, 0x00000007a6ab0000)
 concurrent mark-sweep generation total 393216K, used 36508K [0x00000007a8000000, 0x00000007c0000000, 0x00000007c0000000)
 Metaspace       used 33498K, capacity 33988K, committed 34428K, reserved 1079296K
  class space    used 3969K, capacity 4119K, committed 4220K, reserved 1048576K
}
2016-10-24T04:47:35.500+0800: 10.837: Total time for which application threads were stopped: 0.0120518 seconds, Stopping threads took: 0.0000287 seconds
{Heap before GC invocations=11 (full 1):
 par new generation   total 109248K, used 109248K [0x00000007a0000000, 0x00000007a8000000, 0x00000007a8000000)
  eden space 87424K, 100% used [0x00000007a0000000, 0x00000007a5560000, 0x00000007a5560000)
  from space 21824K, 100% used [0x00000007a6ab0000, 0x00000007a8000000, 0x00000007a8000000)
  to   space 21824K,   0% used [0x00000007a5560000, 0x00000007a5560000, 0x00000007a6ab0000)
 concurrent mark-sweep generation total 393216K, used 36508K [0x00000007a8000000, 0x00000007c0000000, 0x00000007c0000000)
 Metaspace       used 33501K, capacity 33988K, committed 34428K, reserved 1079296K
  class space    used 3969K, capacity 4119K, committed 4220K, reserved 1048576K
2016-10-24T04:47:35.778+0800: 11.116: [GC (Allocation Failure) 2016-10-24T04:47:35.778+0800: 11.116: [ParNew
Desired survivor size 20112992 bytes, new threshold 6 (max 8)
- age   1:    9647872 bytes,    9647872 total
- age   2:    3177384 bytes,   12825256 total
- age   3:    3051400 bytes,   15876656 total
- age   4:    1194840 bytes,   17071496 total
- age   5:    2211400 bytes,   19282896 total
- age   6:    2166856 bytes,   21449752 total
: 109248K->21824K(109248K), 0.0135549 secs] 145756K->70417K(502464K), 0.0136200 secs] [Times: user=0.04 sys=0.01, real=0.02 secs] 
Heap after GC invocations=12 (full 1):
 par new generation   total 109248K, used 21824K [0x00000007a0000000, 0x00000007a8000000, 0x00000007a8000000)
  eden space 87424K,   0% used [0x00000007a0000000, 0x00000007a0000000, 0x00000007a5560000)
  from space 21824K, 100% used [0x00000007a5560000, 0x00000007a6ab0000, 0x00000007a6ab0000)
  to   space 21824K,   0% used [0x00000007a6ab0000, 0x00000007a6ab0000, 0x00000007a8000000)
 concurrent mark-sweep generation total 393216K, used 48593K [0x00000007a8000000, 0x00000007c0000000, 0x00000007c0000000)
 Metaspace       used 33501K, capacity 33988K, committed 34428K, reserved 1079296K
  class space    used 3969K, capacity 4119K, committed 4220K, reserved 1048576K
}
2016-10-24T04:47:35.792+0800: 11.129: Total time for which application threads were stopped: 0.0137872 seconds, Stopping threads took: 0.0000293 seconds
{Heap before GC invocations=12 (full 1):
 par new generation   total 109248K, used 109248K [0x00000007a0000000, 0x00000007a8000000, 0x00000007a8000000)
  eden space 87424K, 100% used [0x00000007a0000000, 0x00000007a5560000, 0x00000007a5560000)
  from space 21824K, 100% used [0x00000007a5560000, 0x00000007a6ab0000, 0x00000007a6ab0000)
  to   space 21824K,   0% used [0x00000007a6ab0000, 0x00000007a6ab0000, 0x00000007a8000000)
 concurrent mark-sweep generation total 393216K, used 48593K [0x00000007a8000000, 0x00000007c0000000, 0x00000007c0000000)
 Metaspace       used 33503K, capacity 33988K, committed 34428K, reserved 1079296K
  class space    used 3970K, capacity 4119K, committed 4220K, reserved 1048576K
2016-10-24T04:47:36.094+0800: 11.431: [GC (Allocation Failure) 2016-10-24T04:47:36.094+0800: 11.431: [ParNew
Desired survivor size 20112992 bytes, new threshold 8 (max 8)
- age   1:    5934448 bytes,    5934448 total
- age   2:    2511032 bytes,    8445480 total
- age   3:    3024968 bytes,   11470448 total
- age   4:    2918520 bytes,   14388968 total
- age   5:    1078648 bytes,   15467616 total
- age   6:    2114240 bytes,   17581856 total
: 109248K->21824K(109248K), 0.0126976 secs] 157841K->82400K(502464K), 0.0127865 secs] [Times: user=0.04 sys=0.01, real=0.01 secs] 
Heap after GC invocations=13 (full 1):
 par new generation   total 109248K, used 21824K [0x00000007a0000000, 0x00000007a8000000, 0x00000007a8000000)
  eden space 87424K,   0% used [0x00000007a0000000, 0x00000007a0000000, 0x00000007a5560000)
  from space 21824K, 100% used [0x00000007a6ab0000, 0x00000007a8000000, 0x00000007a8000000)
  to   space 21824K,   0% used [0x00000007a5560000, 0x00000007a5560000, 0x00000007a6ab0000)
 concurrent mark-sweep generation total 393216K, used 60576K [0x00000007a8000000, 0x00000007c0000000, 0x00000007c0000000)
 Metaspace       used 33503K, capacity 33988K, committed 34428K, reserved 1079296K
  class space    used 3970K, capacity 4119K, committed 4220K, reserved 1048576K
}
2016-10-24T04:47:36.107+0800: 11.444: Total time for which application threads were stopped: 0.0129667 seconds, Stopping threads took: 0.0000298 seconds
{Heap before GC invocations=13 (full 1):
 par new generation   total 109248K, used 109248K [0x00000007a0000000, 0x00000007a8000000, 0x00000007a8000000)
  eden space 87424K, 100% used [0x00000007a0000000, 0x00000007a5560000, 0x00000007a5560000)
  from space 21824K, 100% used [0x00000007a6ab0000, 0x00000007a8000000, 0x00000007a8000000)
  to   space 21824K,   0% used [0x00000007a5560000, 0x00000007a5560000, 0x00000007a6ab0000)
 concurrent mark-sweep generation total 393216K, used 60576K [0x00000007a8000000, 0x00000007c0000000, 0x00000007c0000000)
 Metaspace       used 33504K, capacity 33988K, committed 34428K, reserved 1079296K
  class space    used 3970K, capacity 4119K, committed 4220K, reserved 1048576K
2016-10-24T04:47:36.417+0800: 11.754: [GC (Allocation Failure) 2016-10-24T04:47:36.417+0800: 11.754: [ParNew
Desired survivor size 20112992 bytes, new threshold 7 (max 8)
- age   1:    7959336 bytes,    7959336 total
- age   2:    2177040 bytes,   10136376 total
- age   3:    2255080 bytes,   12391456 total
- age   4:    2854840 bytes,   15246296 total
- age   5:    2756384 bytes,   18002680 total
- age   6:     963136 bytes,   18965816 total
- age   7:    2036608 bytes,   21002424 total
: 109248K->21824K(109248K), 0.0124831 secs] 169824K->93361K(502464K), 0.0125370 secs] [Times: user=0.04 sys=0.00, real=0.01 secs] 
Heap after GC invocations=14 (full 1):
 par new generation   total 109248K, used 21824K [0x00000007a0000000, 0x00000007a8000000, 0x00000007a8000000)
  eden space 87424K,   0% used [0x00000007a0000000, 0x00000007a0000000, 0x00000007a5560000)
  from space 21824K, 100% used [0x00000007a5560000, 0x00000007a6ab0000, 0x00000007a6ab0000)
  to   space 21824K,   0% used [0x00000007a6ab0000, 0x00000007a6ab0000, 0x00000007a8000000)
 concurrent mark-sweep generation total 393216K, used 71537K [0x00000007a8000000, 0x00000007c0000000, 0x00000007c0000000)
 Metaspace       used 33504K, capacity 33988K, committed 34428K, reserved 1079296K
  class space    used 3970K, capacity 4119K, committed 4220K, reserved 1048576K
}
2016-10-24T04:47:36.429+0800: 11.766: Total time for which application threads were stopped: 0.0127001 seconds, Stopping threads took: 0.0000291 seconds
{Heap before GC invocations=14 (full 1):
 par new generation   total 109248K, used 109248K [0x00000007a0000000, 0x00000007a8000000, 0x00000007a8000000)
  eden space 87424K, 100% used [0x00000007a0000000, 0x00000007a5560000, 0x00000007a5560000)
  from space 21824K, 100% used [0x00000007a5560000, 0x00000007a6ab0000, 0x00000007a6ab0000)
  to   space 21824K,   0% used [0x00000007a6ab0000, 0x00000007a6ab0000, 0x00000007a8000000)
 concurrent mark-sweep generation total 393216K, used 71537K [0x00000007a8000000, 0x00000007c0000000, 0x00000007c0000000)
 Metaspace       used 33507K, capacity 33988K, committed 34428K, reserved 1079296K
  class space    used 3970K, capacity 4119K, committed 4220K, reserved 1048576K
2016-10-24T04:47:36.737+0800: 12.075: [GC (Allocation Failure) 2016-10-24T04:47:36.737+0800: 12.075: [ParNew
Desired survivor size 20112992 bytes, new threshold 8 (max 8)
- age   1:    6136856 bytes,    6136856 total
- age   2:    2156064 bytes,    8292920 total
- age   3:    1949176 bytes,   10242096 total
- age   4:    2233584 bytes,   12475680 total
- age   5:    2833384 bytes,   15309064 total
- age   6:    2719400 bytes,   18028464 total
- age   7:     928272 bytes,   18956736 total
: 109248K->21824K(109248K), 0.0144451 secs] 180785K->108649K(502464K), 0.0145181 secs] [Times: user=0.05 sys=0.00, real=0.02 secs] 
Heap after GC invocations=15 (full 1):
 par new generation   total 109248K, used 21824K [0x00000007a0000000, 0x00000007a8000000, 0x00000007a8000000)
  eden space 87424K,   0% used [0x00000007a0000000, 0x00000007a0000000, 0x00000007a5560000)
  from space 21824K, 100% used [0x00000007a6ab0000, 0x00000007a8000000, 0x00000007a8000000)
  to   space 21824K,   0% used [0x00000007a5560000, 0x00000007a5560000, 0x00000007a6ab0000)
 concurrent mark-sweep generation total 393216K, used 86825K [0x00000007a8000000, 0x00000007c0000000, 0x00000007c0000000)
 Metaspace       used 33507K, capacity 33988K, committed 34428K, reserved 1079296K
  class space    used 3970K, capacity 4119K, committed 4220K, reserved 1048576K
}
2016-10-24T04:47:36.752+0800: 12.089: Total time for which application threads were stopped: 0.0146829 seconds, Stopping threads took: 0.0000287 seconds
{Heap before GC invocations=15 (full 1):
 par new generation   total 109248K, used 107338K [0x00000007a0000000, 0x00000007a8000000, 0x00000007a8000000)
  eden space 87424K,  97% used [0x00000007a0000000, 0x00000007a5382ba8, 0x00000007a5560000)
  from space 21824K, 100% used [0x00000007a6ab0000, 0x00000007a8000000, 0x00000007a8000000)
  to   space 21824K,   0% used [0x00000007a5560000, 0x00000007a5560000, 0x00000007a6ab0000)
 concurrent mark-sweep generation total 393216K, used 86825K [0x00000007a8000000, 0x00000007c0000000, 0x00000007c0000000)
 Metaspace       used 33507K, capacity 33988K, committed 34428K, reserved 1079296K
  class space    used 3970K, capacity 4119K, committed 4220K, reserved 1048576K
2016-10-24T04:47:37.037+0800: 12.374: [GC (Allocation Failure) 2016-10-24T04:47:37.037+0800: 12.374: [ParNew
Desired survivor size 20112992 bytes, new threshold 8 (max 8)
- age   1:    5426392 bytes,    5426392 total
- age   2:    1729744 bytes,    7156136 total
- age   3:    2078480 bytes,    9234616 total
- age   4:    1873480 bytes,   11108096 total
- age   5:    2190584 bytes,   13298680 total
- age   6:    2790440 bytes,   16089120 total
- age   7:    2679568 bytes,   18768688 total
- age   8:     897000 bytes,   19665688 total
: 107338K->21824K(109248K), 0.0141437 secs] 194164K->121213K(502464K), 0.0141940 secs] [Times: user=0.04 sys=0.00, real=0.02 secs] 
Heap after GC invocations=16 (full 1):
 par new generation   total 109248K, used 21824K [0x00000007a0000000, 0x00000007a8000000, 0x00000007a8000000)
  eden space 87424K,   0% used [0x00000007a0000000, 0x00000007a0000000, 0x00000007a5560000)
  from space 21824K, 100% used [0x00000007a5560000, 0x00000007a6ab0000, 0x00000007a6ab0000)
  to   space 21824K,   0% used [0x00000007a6ab0000, 0x00000007a6ab0000, 0x00000007a8000000)
 concurrent mark-sweep generation total 393216K, used 99389K [0x00000007a8000000, 0x00000007c0000000, 0x00000007c0000000)
 Metaspace       used 33507K, capacity 33988K, committed 34428K, reserved 1079296K
  class space    used 3970K, capacity 4119K, committed 4220K, reserved 1048576K
}
2016-10-24T04:47:37.052+0800: 12.389: Total time for which application threads were stopped: 0.0143561 seconds, Stopping threads took: 0.0000286 seconds
{Heap before GC invocations=16 (full 1):
 par new generation   total 109248K, used 109248K [0x00000007a0000000, 0x00000007a8000000, 0x00000007a8000000)
  eden space 87424K, 100% used [0x00000007a0000000, 0x00000007a5560000, 0x00000007a5560000)
  from space 21824K, 100% used [0x00000007a5560000, 0x00000007a6ab0000, 0x00000007a6ab0000)
  to   space 21824K,   0% used [0x00000007a6ab0000, 0x00000007a6ab0000, 0x00000007a8000000)
 concurrent mark-sweep generation total 393216K, used 99389K [0x00000007a8000000, 0x00000007c0000000, 0x00000007c0000000)
 Metaspace       used 33507K, capacity 33988K, committed 34428K, reserved 1079296K
  class space    used 3970K, capacity 4119K, committed 4220K, reserved 1048576K
2016-10-24T04:47:37.382+0800: 12.719: [GC (Allocation Failure) 2016-10-24T04:47:37.382+0800: 12.719: [ParNew
Desired survivor size 20112992 bytes, new threshold 8 (max 8)
- age   1:    4182272 bytes,    4182272 total
- age   2:    4357688 bytes,    8539960 total
- age   3:    1578912 bytes,   10118872 total
- age   4:    1929720 bytes,   12048592 total
- age   5:    1672208 bytes,   13720800 total
- age   6:    1865920 bytes,   15586720 total
- age   7:    2745624 bytes,   18332344 total
- age   8:    2635336 bytes,   20967680 total
: 109248K->21824K(109248K), 0.0178358 secs] 208637K->146393K(502464K), 0.0179171 secs] [Times: user=0.06 sys=0.01, real=0.02 secs] 
Heap after GC invocations=17 (full 1):
 par new generation   total 109248K, used 21824K [0x00000007a0000000, 0x00000007a8000000, 0x00000007a8000000)
  eden space 87424K,   0% used [0x00000007a0000000, 0x00000007a0000000, 0x00000007a5560000)
  from space 21824K, 100% used [0x00000007a6ab0000, 0x00000007a8000000, 0x00000007a8000000)
  to   space 21824K,   0% used [0x00000007a5560000, 0x00000007a5560000, 0x00000007a6ab0000)
 concurrent mark-sweep generation total 393216K, used 124569K [0x00000007a8000000, 0x00000007c0000000, 0x00000007c0000000)
 Metaspace       used 33507K, capacity 33988K, committed 34428K, reserved 1079296K
  class space    used 3970K, capacity 4119K, committed 4220K, reserved 1048576K
}
2016-10-24T04:47:37.400+0800: 12.737: Total time for which application threads were stopped: 0.0180959 seconds, Stopping threads took: 0.0000246 seconds
{Heap before GC invocations=17 (full 1):
 par new generation   total 109248K, used 109248K [0x00000007a0000000, 0x00000007a8000000, 0x00000007a8000000)
  eden space 87424K, 100% used [0x00000007a0000000, 0x00000007a5560000, 0x00000007a5560000)
  from space 21824K, 100% used [0x00000007a6ab0000, 0x00000007a8000000, 0x00000007a8000000)
  to   space 21824K,   0% used [0x00000007a5560000, 0x00000007a5560000, 0x00000007a6ab0000)
 concurrent mark-sweep generation total 393216K, used 124569K [0x00000007a8000000, 0x00000007c0000000, 0x00000007c0000000)
 Metaspace       used 33507K, capacity 33988K, committed 34428K, reserved 1079296K
  class space    used 3970K, capacity 4119K, committed 4220K, reserved 1048576K
2016-10-24T04:47:37.674+0800: 13.011: [GC (Allocation Failure) 2016-10-24T04:47:37.674+0800: 13.011: [ParNew
Desired survivor size 20112992 bytes, new threshold 8 (max 8)
- age   1:    6807128 bytes,    6807128 total
- age   2:    2138872 bytes,    8946000 total
- age   3:    2959224 bytes,   11905224 total
- age   4:    1362008 bytes,   13267232 total
- age   5:    1830648 bytes,   15097880 total
- age   6:    1556544 bytes,   16654424 total
- age   7:    1808936 bytes,   18463360 total
- age   8:    2696616 bytes,   21159976 total
: 109248K->21824K(109248K), 0.0157567 secs] 233817K->166962K(502464K), 0.0158320 secs] [Times: user=0.04 sys=0.01, real=0.02 secs] 
Heap after GC invocations=18 (full 1):
 par new generation   total 109248K, used 21824K [0x00000007a0000000, 0x00000007a8000000, 0x00000007a8000000)
  eden space 87424K,   0% used [0x00000007a0000000, 0x00000007a0000000, 0x00000007a5560000)
  from space 21824K, 100% used [0x00000007a5560000, 0x00000007a6ab0000, 0x00000007a6ab0000)
  to   space 21824K,   0% used [0x00000007a6ab0000, 0x00000007a6ab0000, 0x00000007a8000000)
 concurrent mark-sweep generation total 393216K, used 145138K [0x00000007a8000000, 0x00000007c0000000, 0x00000007c0000000)
 Metaspace       used 33507K, capacity 33988K, committed 34428K, reserved 1079296K
  class space    used 3970K, capacity 4119K, committed 4220K, reserved 1048576K
}
2016-10-24T04:47:37.690+0800: 13.027: Total time for which application threads were stopped: 0.0160418 seconds, Stopping threads took: 0.0000324 seconds
{Heap before GC invocations=18 (full 1):
 par new generation   total 109248K, used 109248K [0x00000007a0000000, 0x00000007a8000000, 0x00000007a8000000)
  eden space 87424K, 100% used [0x00000007a0000000, 0x00000007a5560000, 0x00000007a5560000)
  from space 21824K, 100% used [0x00000007a5560000, 0x00000007a6ab0000, 0x00000007a6ab0000)
  to   space 21824K,   0% used [0x00000007a6ab0000, 0x00000007a6ab0000, 0x00000007a8000000)
 concurrent mark-sweep generation total 393216K, used 145138K [0x00000007a8000000, 0x00000007c0000000, 0x00000007c0000000)
 Metaspace       used 33517K, capacity 34052K, committed 34684K, reserved 1079296K
  class space    used 3970K, capacity 4119K, committed 4220K, reserved 1048576K
2016-10-24T04:47:38.022+0800: 13.360: [GC (Allocation Failure) 2016-10-24T04:47:38.022+0800: 13.360: [ParNew
Desired survivor size 20112992 bytes, new threshold 8 (max 8)
- age   1:    6411400 bytes,    6411400 total
- age   2:    3659168 bytes,   10070568 total
- age   3:    1857480 bytes,   11928048 total
- age   4:    2679904 bytes,   14607952 total
- age   5:    1213216 bytes,   15821168 total
- age   6:    1708568 bytes,   17529736 total
- age   7:    1439176 bytes,   18968912 total
- age   8:    1718616 bytes,   20687528 total
: 109248K->21824K(109248K), 0.0160631 secs] 254386K->174256K(502464K), 0.0161464 secs] [Times: user=0.05 sys=0.01, real=0.01 secs] 
Heap after GC invocations=19 (full 1):
 par new generation   total 109248K, used 21824K [0x00000007a0000000, 0x00000007a8000000, 0x00000007a8000000)
  eden space 87424K,   0% used [0x00000007a0000000, 0x00000007a0000000, 0x00000007a5560000)
  from space 21824K, 100% used [0x00000007a6ab0000, 0x00000007a8000000, 0x00000007a8000000)
  to   space 21824K,   0% used [0x00000007a5560000, 0x00000007a5560000, 0x00000007a6ab0000)
 concurrent mark-sweep generation total 393216K, used 152432K [0x00000007a8000000, 0x00000007c0000000, 0x00000007c0000000)
 Metaspace       used 33517K, capacity 34052K, committed 34684K, reserved 1079296K
  class space    used 3970K, capacity 4119K, committed 4220K, reserved 1048576K
}
2016-10-24T04:47:38.039+0800: 13.376: Total time for which application threads were stopped: 0.0163227 seconds, Stopping threads took: 0.0000307 seconds
{Heap before GC invocations=19 (full 1):
 par new generation   total 109248K, used 109248K [0x00000007a0000000, 0x00000007a8000000, 0x00000007a8000000)
  eden space 87424K, 100% used [0x00000007a0000000, 0x00000007a5560000, 0x00000007a5560000)
  from space 21824K, 100% used [0x00000007a6ab0000, 0x00000007a8000000, 0x00000007a8000000)
  to   space 21824K,   0% used [0x00000007a5560000, 0x00000007a5560000, 0x00000007a6ab0000)
 concurrent mark-sweep generation total 393216K, used 152432K [0x00000007a8000000, 0x00000007c0000000, 0x00000007c0000000)
 Metaspace       used 33517K, capacity 34052K, committed 34684K, reserved 1079296K
  class space    used 3970K, capacity 4119K, committed 4220K, reserved 1048576K
2016-10-24T04:47:38.305+0800: 13.642: [GC (Allocation Failure) 2016-10-24T04:47:38.305+0800: 13.642: [ParNew
Desired survivor size 20112992 bytes, new threshold 8 (max 8)
- age   1:    4776432 bytes,    4776432 total
- age   2:    4523064 bytes,    9299496 total
- age   3:    1566680 bytes,   10866176 total
- age   4:    1794760 bytes,   12660936 total
- age   5:    2617656 bytes,   15278592 total
- age   6:    1167840 bytes,   16446432 total
- age   7:    1674808 bytes,   18121240 total
- age   8:    1407184 bytes,   19528424 total
: 109248K->21824K(109248K), 0.0184600 secs] 261680K->197528K(502464K), 0.0185289 secs] [Times: user=0.05 sys=0.01, real=0.02 secs] 
Heap after GC invocations=20 (full 1):
 par new generation   total 109248K, used 21824K [0x00000007a0000000, 0x00000007a8000000, 0x00000007a8000000)
  eden space 87424K,   0% used [0x00000007a0000000, 0x00000007a0000000, 0x00000007a5560000)
  from space 21824K, 100% used [0x00000007a5560000, 0x00000007a6ab0000, 0x00000007a6ab0000)
  to   space 21824K,   0% used [0x00000007a6ab0000, 0x00000007a6ab0000, 0x00000007a8000000)
 concurrent mark-sweep generation total 393216K, used 175704K [0x00000007a8000000, 0x00000007c0000000, 0x00000007c0000000)
 Metaspace       used 33517K, capacity 34052K, committed 34684K, reserved 1079296K
  class space    used 3970K, capacity 4119K, committed 4220K, reserved 1048576K
}
2016-10-24T04:47:38.324+0800: 13.661: Total time for which application threads were stopped: 0.0187194 seconds, Stopping threads took: 0.0000297 seconds
{Heap before GC invocations=20 (full 1):
 par new generation   total 109248K, used 109248K [0x00000007a0000000, 0x00000007a8000000, 0x00000007a8000000)
  eden space 87424K, 100% used [0x00000007a0000000, 0x00000007a5560000, 0x00000007a5560000)
  from space 21824K, 100% used [0x00000007a5560000, 0x00000007a6ab0000, 0x00000007a6ab0000)
  to   space 21824K,   0% used [0x00000007a6ab0000, 0x00000007a6ab0000, 0x00000007a8000000)
 concurrent mark-sweep generation total 393216K, used 175704K [0x00000007a8000000, 0x00000007c0000000, 0x00000007c0000000)
 Metaspace       used 33517K, capacity 34052K, committed 34684K, reserved 1079296K
  class space    used 3970K, capacity 4119K, committed 4220K, reserved 1048576K
2016-10-24T04:47:38.595+0800: 13.932: [GC (Allocation Failure) 2016-10-24T04:47:38.595+0800: 13.932: [ParNew
Desired survivor size 20112992 bytes, new threshold 8 (max 8)
- age   1:    3528784 bytes,    3528784 total
- age   2:    2637440 bytes,    6166224 total
- age   3:    3577848 bytes,    9744072 total
- age   4:    1532256 bytes,   11276328 total
- age   5:    1744824 bytes,   13021152 total
- age   6:    2572408 bytes,   15593560 total
- age   7:    1147168 bytes,   16740728 total
- age   8:    1655496 bytes,   18396224 total
: 109248K->21824K(109248K), 0.0166425 secs] 284952K->205416K(502464K), 0.0167119 secs] [Times: user=0.06 sys=0.00, real=0.02 secs] 
Heap after GC invocations=21 (full 1):
 par new generation   total 109248K, used 21824K [0x00000007a0000000, 0x00000007a8000000, 0x00000007a8000000)
  eden space 87424K,   0% used [0x00000007a0000000, 0x00000007a0000000, 0x00000007a5560000)
  from space 21824K, 100% used [0x00000007a6ab0000, 0x00000007a8000000, 0x00000007a8000000)
  to   space 21824K,   0% used [0x00000007a5560000, 0x00000007a5560000, 0x00000007a6ab0000)
 concurrent mark-sweep generation total 393216K, used 183592K [0x00000007a8000000, 0x00000007c0000000, 0x00000007c0000000)
 Metaspace       used 33517K, capacity 34052K, committed 34684K, reserved 1079296K
  class space    used 3970K, capacity 4119K, committed 4220K, reserved 1048576K
}
2016-10-24T04:47:38.612+0800: 13.949: Total time for which application threads were stopped: 0.0168901 seconds, Stopping threads took: 0.0000203 seconds
{Heap before GC invocations=21 (full 1):
 par new generation   total 109248K, used 109248K [0x00000007a0000000, 0x00000007a8000000, 0x00000007a8000000)
  eden space 87424K, 100% used [0x00000007a0000000, 0x00000007a5560000, 0x00000007a5560000)
  from space 21824K, 100% used [0x00000007a6ab0000, 0x00000007a8000000, 0x00000007a8000000)
  to   space 21824K,   0% used [0x00000007a5560000, 0x00000007a5560000, 0x00000007a6ab0000)
 concurrent mark-sweep generation total 393216K, used 183592K [0x00000007a8000000, 0x00000007c0000000, 0x00000007c0000000)
 Metaspace       used 33523K, capacity 34052K, committed 34684K, reserved 1079296K
  class space    used 3970K, capacity 4119K, committed 4220K, reserved 1048576K
2016-10-24T04:47:38.888+0800: 14.225: [GC (Allocation Failure) 2016-10-24T04:47:38.888+0800: 14.225: [ParNew
Desired survivor size 20112992 bytes, new threshold 8 (max 8)
- age   1:    3548360 bytes,    3548360 total
- age   2:    3123552 bytes,    6671912 total
- age   3:    2544472 bytes,    9216384 total
- age   4:    3528216 bytes,   12744600 total
- age   5:    1507464 bytes,   14252064 total
- age   6:    1689856 bytes,   15941920 total
- age   7:    2555328 bytes,   18497248 total
- age   8:    1135696 bytes,   19632944 total
: 109248K->21824K(109248K), 0.0166202 secs] 292840K->213028K(502464K), 0.0166804 secs] [Times: user=0.06 sys=0.00, real=0.02 secs] 
Heap after GC invocations=22 (full 1):
 par new generation   total 109248K, used 21824K [0x00000007a0000000, 0x00000007a8000000, 0x00000007a8000000)
  eden space 87424K,   0% used [0x00000007a0000000, 0x00000007a0000000, 0x00000007a5560000)
  from space 21824K, 100% used [0x00000007a5560000, 0x00000007a6ab0000, 0x00000007a6ab0000)
  to   space 21824K,   0% used [0x00000007a6ab0000, 0x00000007a6ab0000, 0x00000007a8000000)
 concurrent mark-sweep generation total 393216K, used 191204K [0x00000007a8000000, 0x00000007c0000000, 0x00000007c0000000)
 Metaspace       used 33523K, capacity 34052K, committed 34684K, reserved 1079296K
  class space    used 3970K, capacity 4119K, committed 4220K, reserved 1048576K
}
2016-10-24T04:47:38.905+0800: 14.242: Total time for which application threads were stopped: 0.0168620 seconds, Stopping threads took: 0.0000217 seconds
2016-10-24T04:47:39.905+0800: 15.243: Total time for which application threads were stopped: 0.0001747 seconds, Stopping threads took: 0.0000640 seconds
2016-10-24T04:47:40.910+0800: 16.247: Total time for which application threads were stopped: 0.0001591 seconds, Stopping threads took: 0.0000930 seconds
2016-10-24T04:47:43.841+0800: 19.179: Total time for which application threads were stopped: 0.0000989 seconds, Stopping threads took: 0.0000277 seconds
2016-10-24T04:47:44.055+0800: 19.393: Total time for which application threads were stopped: 0.0002145 seconds, Stopping threads took: 0.0000331 seconds
{Heap before GC invocations=22 (full 1):
 par new generation   total 109248K, used 109248K [0x00000007a0000000, 0x00000007a8000000, 0x00000007a8000000)
  eden space 87424K, 100% used [0x00000007a0000000, 0x00000007a5560000, 0x00000007a5560000)
  from space 21824K, 100% used [0x00000007a5560000, 0x00000007a6ab0000, 0x00000007a6ab0000)
  to   space 21824K,   0% used [0x00000007a6ab0000, 0x00000007a6ab0000, 0x00000007a8000000)
 concurrent mark-sweep generation total 393216K, used 191204K [0x00000007a8000000, 0x00000007c0000000, 0x00000007c0000000)
 Metaspace       used 33743K, capacity 34212K, committed 34684K, reserved 1079296K
  class space    used 3991K, capacity 4151K, committed 4220K, reserved 1048576K
2016-10-24T04:47:44.196+0800: 19.534: [GC (Allocation Failure) 2016-10-24T04:47:44.196+0800: 19.534: [ParNew
Desired survivor size 20112992 bytes, new threshold 8 (max 8)
- age   1:    3921200 bytes,    3921200 total
- age   2:    3027720 bytes,    6948920 total
- age   3:    2713816 bytes,    9662736 total
- age   4:    2241280 bytes,   11904016 total
- age   5:    3072264 bytes,   14976280 total
- age   6:    1101608 bytes,   16077888 total
- age   7:    1591816 bytes,   17669704 total
- age   8:    2446088 bytes,   20115792 total
: 109248K->21824K(109248K), 0.0164023 secs] 300452K->217467K(502464K), 0.0164661 secs] [Times: user=0.07 sys=0.01, real=0.02 secs] 
Heap after GC invocations=23 (full 1):
 par new generation   total 109248K, used 21824K [0x00000007a0000000, 0x00000007a8000000, 0x00000007a8000000)
  eden space 87424K,   0% used [0x00000007a0000000, 0x00000007a0000000, 0x00000007a5560000)
  from space 21824K, 100% used [0x00000007a6ab0000, 0x00000007a8000000, 0x00000007a8000000)
  to   space 21824K,   0% used [0x00000007a5560000, 0x00000007a5560000, 0x00000007a6ab0000)
 concurrent mark-sweep generation total 393216K, used 195643K [0x00000007a8000000, 0x00000007c0000000, 0x00000007c0000000)
 Metaspace       used 33743K, capacity 34212K, committed 34684K, reserved 1079296K
  class space    used 3991K, capacity 4151K, committed 4220K, reserved 1048576K
}
2016-10-24T04:47:44.213+0800: 19.550: Total time for which application threads were stopped: 0.0166742 seconds, Stopping threads took: 0.0000231 seconds
2016-10-24T04:47:44.295+0800: 19.632: Total time for which application threads were stopped: 0.0001460 seconds, Stopping threads took: 0.0000198 seconds
2016-10-24T04:47:44.295+0800: 19.633: Total time for which application threads were stopped: 0.0000746 seconds, Stopping threads took: 0.0000276 seconds
2016-10-24T04:47:45.296+0800: 20.633: Total time for which application threads were stopped: 0.0001737 seconds, Stopping threads took: 0.0000503 seconds
{Heap before GC invocations=23 (full 1):
 par new generation   total 109248K, used 109248K [0x00000007a0000000, 0x00000007a8000000, 0x00000007a8000000)
  eden space 87424K, 100% used [0x00000007a0000000, 0x00000007a5560000, 0x00000007a5560000)
  from space 21824K, 100% used [0x00000007a6ab0000, 0x00000007a8000000, 0x00000007a8000000)
  to   space 21824K,   0% used [0x00000007a5560000, 0x00000007a5560000, 0x00000007a6ab0000)
 concurrent mark-sweep generation total 393216K, used 195643K [0x00000007a8000000, 0x00000007c0000000, 0x00000007c0000000)
 Metaspace       used 33956K, capacity 34500K, committed 34940K, reserved 1079296K
  class space    used 4001K, capacity 4183K, committed 4220K, reserved 1048576K
2016-10-24T04:47:45.297+0800: 20.635: [GC (Allocation Failure) 2016-10-24T04:47:45.297+0800: 20.635: [ParNew
Desired survivor size 20112992 bytes, new threshold 8 (max 8)
- age   1:     198608 bytes,     198608 total
- age   2:    3704960 bytes,    3903568 total
- age   3:    2797104 bytes,    6700672 total
- age   4:    2505624 bytes,    9206296 total
- age   5:    2117304 bytes,   11323600 total
- age   6:    2964328 bytes,   14287928 total
- age   7:    1023904 bytes,   15311832 total
- age   8:    1512064 bytes,   16823896 total
: 109248K->21824K(109248K), 0.0126727 secs] 304891K->220916K(502464K), 0.0127476 secs] [Times: user=0.04 sys=0.00, real=0.02 secs] 
Heap after GC invocations=24 (full 1):
 par new generation   total 109248K, used 21824K [0x00000007a0000000, 0x00000007a8000000, 0x00000007a8000000)
  eden space 87424K,   0% used [0x00000007a0000000, 0x00000007a0000000, 0x00000007a5560000)
  from space 21824K, 100% used [0x00000007a5560000, 0x00000007a6ab0000, 0x00000007a6ab0000)
  to   space 21824K,   0% used [0x00000007a6ab0000, 0x00000007a6ab0000, 0x00000007a8000000)
 concurrent mark-sweep generation total 393216K, used 199092K [0x00000007a8000000, 0x00000007c0000000, 0x00000007c0000000)
 Metaspace       used 33956K, capacity 34500K, committed 34940K, reserved 1079296K
  class space    used 4001K, capacity 4183K, committed 4220K, reserved 1048576K
}
2016-10-24T04:47:45.310+0800: 20.648: Total time for which application threads were stopped: 0.0128935 seconds, Stopping threads took: 0.0000273 seconds
2016-10-24T04:47:45.310+0800: 20.648: [GC (CMS Initial Mark) [1 CMS-initial-mark: 199092K(393216K)] 221836K(502464K), 0.0021564 secs] [Times: user=0.01 sys=0.00, real=0.00 secs] 
2016-10-24T04:47:45.312+0800: 20.650: Total time for which application threads were stopped: 0.0022962 seconds, Stopping threads took: 0.0000539 seconds
2016-10-24T04:47:45.313+0800: 20.650: [CMS-concurrent-mark-start]
2016-10-24T04:47:45.342+0800: 20.679: [CMS-concurrent-mark: 0.029/0.029 secs] [Times: user=0.21 sys=0.00, real=0.03 secs] 
2016-10-24T04:47:45.342+0800: 20.679: [CMS-concurrent-preclean-start]
2016-10-24T04:47:45.343+0800: 20.680: [CMS-concurrent-preclean: 0.001/0.001 secs] [Times: user=0.02 sys=0.00, real=0.00 secs] 
2016-10-24T04:47:45.343+0800: 20.680: [CMS-concurrent-abortable-preclean-start]
2016-10-24T04:47:45.365+0800: 20.702: Total time for which application threads were stopped: 0.0001005 seconds, Stopping threads took: 0.0000180 seconds
{Heap before GC invocations=24 (full 2):
 par new generation   total 109248K, used 109248K [0x00000007a0000000, 0x00000007a8000000, 0x00000007a8000000)
  eden space 87424K, 100% used [0x00000007a0000000, 0x00000007a5560000, 0x00000007a5560000)
  from space 21824K, 100% used [0x00000007a5560000, 0x00000007a6ab0000, 0x00000007a6ab0000)
  to   space 21824K,   0% used [0x00000007a6ab0000, 0x00000007a6ab0000, 0x00000007a8000000)
 concurrent mark-sweep generation total 393216K, used 199092K [0x00000007a8000000, 0x00000007c0000000, 0x00000007c0000000)
 Metaspace       used 33979K, capacity 34500K, committed 34940K, reserved 1079296K
  class space    used 4003K, capacity 4183K, committed 4220K, reserved 1048576K
2016-10-24T04:47:45.567+0800: 20.904: [GC (Allocation Failure) 2016-10-24T04:47:45.567+0800: 20.904: [ParNew
Desired survivor size 20112992 bytes, new threshold 8 (max 8)
- age   1:      96200 bytes,      96200 total
- age   2:      91944 bytes,     188144 total
- age   3:    3704864 bytes,    3893008 total
- age   4:    2797128 bytes,    6690136 total
- age   5:    2505624 bytes,    9195760 total
- age   6:    2117472 bytes,   11313232 total
- age   7:    2964520 bytes,   14277752 total
- age   8:    1024048 bytes,   15301800 total
: 109248K->21824K(109248K), 0.0129846 secs] 308340K->222395K(502464K), 0.0130413 secs] [Times: user=0.07 sys=0.01, real=0.02 secs] 
Heap after GC invocations=25 (full 2):
 par new generation   total 109248K, used 21824K [0x00000007a0000000, 0x00000007a8000000, 0x00000007a8000000)
  eden space 87424K,   0% used [0x00000007a0000000, 0x00000007a0000000, 0x00000007a5560000)
  from space 21824K, 100% used [0x00000007a6ab0000, 0x00000007a8000000, 0x00000007a8000000)
  to   space 21824K,   0% used [0x00000007a5560000, 0x00000007a5560000, 0x00000007a6ab0000)
 concurrent mark-sweep generation total 393216K, used 200571K [0x00000007a8000000, 0x00000007c0000000, 0x00000007c0000000)
 Metaspace       used 33979K, capacity 34500K, committed 34940K, reserved 1079296K
  class space    used 4003K, capacity 4183K, committed 4220K, reserved 1048576K
}
2016-10-24T04:47:45.580+0800: 20.917: Total time for which application threads were stopped: 0.0132048 seconds, Stopping threads took: 0.0000165 seconds
{Heap before GC invocations=25 (full 2):
 par new generation   total 109248K, used 109248K [0x00000007a0000000, 0x00000007a8000000, 0x00000007a8000000)
  eden space 87424K, 100% used [0x00000007a0000000, 0x00000007a5560000, 0x00000007a5560000)
  from space 21824K, 100% used [0x00000007a6ab0000, 0x00000007a8000000, 0x00000007a8000000)
  to   space 21824K,   0% used [0x00000007a5560000, 0x00000007a5560000, 0x00000007a6ab0000)
 concurrent mark-sweep generation total 393216K, used 200571K [0x00000007a8000000, 0x00000007c0000000, 0x00000007c0000000)
 Metaspace       used 33979K, capacity 34500K, committed 34940K, reserved 1079296K
  class space    used 4003K, capacity 4183K, committed 4220K, reserved 1048576K
2016-10-24T04:47:45.849+0800: 21.186: [GC (Allocation Failure) 2016-10-24T04:47:45.849+0800: 21.186: [ParNew
Desired survivor size 20112992 bytes, new threshold 8 (max 8)
- age   1:     185328 bytes,     185328 total
- age   2:      13776 bytes,     199104 total
- age   3:      91944 bytes,     291048 total
- age   4:    3704864 bytes,    3995912 total
- age   5:    2797104 bytes,    6793016 total
- age   6:    2505624 bytes,    9298640 total
- age   7:    2117424 bytes,   11416064 total
- age   8:    2964520 bytes,   14380584 total
: 109248K->18811K(109248K), 0.0155959 secs] 309819K->220390K(502464K), 0.0156415 secs] [Times: user=0.09 sys=0.00, real=0.02 secs] 
Heap after GC invocations=26 (full 2):
 par new generation   total 109248K, used 18811K [0x00000007a0000000, 0x00000007a8000000, 0x00000007a8000000)
  eden space 87424K,   0% used [0x00000007a0000000, 0x00000007a0000000, 0x00000007a5560000)
  from space 21824K,  86% used [0x00000007a5560000, 0x00000007a67bef50, 0x00000007a6ab0000)
  to   space 21824K,   0% used [0x00000007a6ab0000, 0x00000007a6ab0000, 0x00000007a8000000)
 concurrent mark-sweep generation total 393216K, used 201578K [0x00000007a8000000, 0x00000007c0000000, 0x00000007c0000000)
 Metaspace       used 33979K, capacity 34500K, committed 34940K, reserved 1079296K
  class space    used 4003K, capacity 4183K, committed 4220K, reserved 1048576K
}
2016-10-24T04:47:45.865+0800: 21.202: Total time for which application threads were stopped: 0.0158416 seconds, Stopping threads took: 0.0000193 seconds
2016-10-24T04:47:45.865+0800: 21.202: [CMS-concurrent-abortable-preclean: 0.270/0.522 secs] [Times: user=2.39 sys=0.03, real=0.52 secs] 
2016-10-24T04:47:45.865+0800: 21.202: [GC (CMS Final Remark) [YG occupancy: 20193 K (109248 K)]{Heap before GC invocations=26 (full 2):
 par new generation   total 109248K, used 20193K [0x00000007a0000000, 0x00000007a8000000, 0x00000007a8000000)
  eden space 87424K,   1% used [0x00000007a0000000, 0x00000007a0159870, 0x00000007a5560000)
  from space 21824K,  86% used [0x00000007a5560000, 0x00000007a67bef50, 0x00000007a6ab0000)
  to   space 21824K,   0% used [0x00000007a6ab0000, 0x00000007a6ab0000, 0x00000007a8000000)
 concurrent mark-sweep generation total 393216K, used 201578K [0x00000007a8000000, 0x00000007c0000000, 0x00000007c0000000)
 Metaspace       used 33979K, capacity 34500K, committed 34940K, reserved 1079296K
  class space    used 4003K, capacity 4183K, committed 4220K, reserved 1048576K
2016-10-24T04:47:45.865+0800: 21.202: [GC (CMS Final Remark) 2016-10-24T04:47:45.865+0800: 21.202: [ParNew
Desired survivor size 20112992 bytes, new threshold 8 (max 8)
- age   1:        568 bytes,        568 total
- age   2:     183744 bytes,     184312 total
- age   3:      13776 bytes,     198088 total
- age   4:      91944 bytes,     290032 total
- age   5:    3704864 bytes,    3994896 total
- age   6:    2797104 bytes,    6792000 total
- age   7:    2505624 bytes,    9297624 total
- age   8:    2117328 bytes,   11414952 total
: 20193K->14712K(109248K), 0.0135984 secs] 221772K->219198K(502464K), 0.0136414 secs] [Times: user=0.08 sys=0.00, real=0.01 secs] 
Heap after GC invocations=27 (full 2):
 par new generation   total 109248K, used 14712K [0x00000007a0000000, 0x00000007a8000000, 0x00000007a8000000)
  eden space 87424K,   0% used [0x00000007a0000000, 0x00000007a0000000, 0x00000007a5560000)
  from space 21824K,  67% used [0x00000007a6ab0000, 0x00000007a790e340, 0x00000007a8000000)
  to   space 21824K,   0% used [0x00000007a5560000, 0x00000007a5560000, 0x00000007a6ab0000)
 concurrent mark-sweep generation total 393216K, used 204485K [0x00000007a8000000, 0x00000007c0000000, 0x00000007c0000000)
 Metaspace       used 33979K, capacity 34500K, committed 34940K, reserved 1079296K
  class space    used 4003K, capacity 4183K, committed 4220K, reserved 1048576K
}
2016-10-24T04:47:45.878+0800: 21.216: [Rescan (parallel) , 0.0043712 secs]2016-10-24T04:47:45.883+0800: 21.220: [weak refs processing, 0.0008206 secs]2016-10-24T04:47:45.884+0800: 21.221: [class unloading, 0.0056593 secs]2016-10-24T04:47:45.889+0800: 21.227: [scrub symbol table, 0.0041667 secs]2016-10-24T04:47:45.894+0800: 21.231: [scrub string table, 0.0003546 secs][1 CMS-remark: 204485K(393216K)] 219198K(502464K), 0.0302971 secs] [Times: user=0.12 sys=0.00, real=0.03 secs] 
2016-10-24T04:47:45.895+0800: 21.233: Total time for which application threads were stopped: 0.0304700 seconds, Stopping threads took: 0.0000980 seconds
2016-10-24T04:47:45.895+0800: 21.233: [CMS-concurrent-sweep-start]
2016-10-24T04:47:45.923+0800: 21.260: [CMS-concurrent-sweep: 0.027/0.027 secs] [Times: user=0.15 sys=0.01, real=0.03 secs] 
2016-10-24T04:47:45.923+0800: 21.260: [CMS-concurrent-reset-start]
2016-10-24T04:47:45.923+0800: 21.260: [CMS-concurrent-reset: 0.000/0.000 secs] [Times: user=0.00 sys=0.00, real=0.00 secs] 
{Heap before GC invocations=27 (full 2):
 par new generation   total 109248K, used 102136K [0x00000007a0000000, 0x00000007a8000000, 0x00000007a8000000)
  eden space 87424K, 100% used [0x00000007a0000000, 0x00000007a5560000, 0x00000007a5560000)
  from space 21824K,  67% used [0x00000007a6ab0000, 0x00000007a790e340, 0x00000007a8000000)
  to   space 21824K,   0% used [0x00000007a5560000, 0x00000007a5560000, 0x00000007a6ab0000)
 concurrent mark-sweep generation total 393216K, used 104525K [0x00000007a8000000, 0x00000007c0000000, 0x00000007c0000000)
 Metaspace       used 33979K, capacity 34500K, committed 34940K, reserved 1079296K
  class space    used 4003K, capacity 4183K, committed 4220K, reserved 1048576K
2016-10-24T04:47:45.990+0800: 21.328: [GC (Allocation Failure) 2016-10-24T04:47:45.990+0800: 21.328: [ParNew
Desired survivor size 20112992 bytes, new threshold 8 (max 8)
- age   1:      87640 bytes,      87640 total
- age   3:      54496 bytes,     142136 total
- age   4:      13776 bytes,     155912 total
- age   5:      84176 bytes,     240088 total
- age   6:    3575056 bytes,    3815144 total
- age   7:    2571672 bytes,    6386816 total
- age   8:    2445768 bytes,    8832584 total
: 102136K->13543K(109248K), 0.0114439 secs] 206662K->120119K(502464K), 0.0114954 secs] [Times: user=0.07 sys=0.00, real=0.01 secs] 
Heap after GC invocations=28 (full 2):
 par new generation   total 109248K, used 13543K [0x00000007a0000000, 0x00000007a8000000, 0x00000007a8000000)
  eden space 87424K,   0% used [0x00000007a0000000, 0x00000007a0000000, 0x00000007a5560000)
  from space 21824K,  62% used [0x00000007a5560000, 0x00000007a6299e60, 0x00000007a6ab0000)
  to   space 21824K,   0% used [0x00000007a6ab0000, 0x00000007a6ab0000, 0x00000007a8000000)
 concurrent mark-sweep generation total 393216K, used 106575K [0x00000007a8000000, 0x00000007c0000000, 0x00000007c0000000)
 Metaspace       used 33979K, capacity 34500K, committed 34940K, reserved 1079296K
  class space    used 4003K, capacity 4183K, committed 4220K, reserved 1048576K
}
2016-10-24T04:47:46.002+0800: 21.339: Total time for which application threads were stopped: 0.0117075 seconds, Stopping threads took: 0.0000189 seconds
{Heap before GC invocations=28 (full 2):
 par new generation   total 109248K, used 100967K [0x00000007a0000000, 0x00000007a8000000, 0x00000007a8000000)
  eden space 87424K, 100% used [0x00000007a0000000, 0x00000007a5560000, 0x00000007a5560000)
  from space 21824K,  62% used [0x00000007a5560000, 0x00000007a6299e60, 0x00000007a6ab0000)
  to   space 21824K,   0% used [0x00000007a6ab0000, 0x00000007a6ab0000, 0x00000007a8000000)
 concurrent mark-sweep generation total 393216K, used 106575K [0x00000007a8000000, 0x00000007c0000000, 0x00000007c0000000)
 Metaspace       used 33979K, capacity 34500K, committed 34940K, reserved 1079296K
  class space    used 4003K, capacity 4183K, committed 4220K, reserved 1048576K
2016-10-24T04:47:46.134+0800: 21.471: [GC (Allocation Failure) 2016-10-24T04:47:46.134+0800: 21.471: [ParNew
Desired survivor size 20112992 bytes, new threshold 8 (max 8)
- age   1:     236992 bytes,     236992 total
- age   2:        184 bytes,     237176 total
- age   4:       4072 bytes,     241248 total
- age   5:      13776 bytes,     255024 total
- age   6:      84176 bytes,     339200 total
- age   7:    3575056 bytes,    3914256 total
- age   8:    2571672 bytes,    6485928 total
: 100967K->8419K(109248K), 0.0103358 secs] 207543K->117403K(502464K), 0.0103930 secs] [Times: user=0.07 sys=0.00, real=0.01 secs] 
Heap after GC invocations=29 (full 2):
 par new generation   total 109248K, used 8419K [0x00000007a0000000, 0x00000007a8000000, 0x00000007a8000000)
  eden space 87424K,   0% used [0x00000007a0000000, 0x00000007a0000000, 0x00000007a5560000)
  from space 21824K,  38% used [0x00000007a6ab0000, 0x00000007a72e8d68, 0x00000007a8000000)
  to   space 21824K,   0% used [0x00000007a5560000, 0x00000007a5560000, 0x00000007a6ab0000)
 concurrent mark-sweep generation total 393216K, used 108983K [0x00000007a8000000, 0x00000007c0000000, 0x00000007c0000000)
 Metaspace       used 33979K, capacity 34500K, committed 34940K, reserved 1079296K
  class space    used 4003K, capacity 4183K, committed 4220K, reserved 1048576K
}
2016-10-24T04:47:46.144+0800: 21.482: Total time for which application threads were stopped: 0.0106350 seconds, Stopping threads took: 0.0000221 seconds
{Heap before GC invocations=29 (full 2):
 par new generation   total 109248K, used 95843K [0x00000007a0000000, 0x00000007a8000000, 0x00000007a8000000)
  eden space 87424K, 100% used [0x00000007a0000000, 0x00000007a5560000, 0x00000007a5560000)
  from space 21824K,  38% used [0x00000007a6ab0000, 0x00000007a72e8d68, 0x00000007a8000000)
  to   space 21824K,   0% used [0x00000007a5560000, 0x00000007a5560000, 0x00000007a6ab0000)
 concurrent mark-sweep generation total 393216K, used 108983K [0x00000007a8000000, 0x00000007c0000000, 0x00000007c0000000)
 Metaspace       used 33979K, capacity 34500K, committed 34940K, reserved 1079296K
  class space    used 4003K, capacity 4183K, committed 4220K, reserved 1048576K
2016-10-24T04:47:46.239+0800: 21.576: [GC (Allocation Failure) 2016-10-24T04:47:46.239+0800: 21.576: [ParNew
Desired survivor size 20112992 bytes, new threshold 8 (max 8)
- age   1:     243480 bytes,     243480 total
- age   2:      57456 bytes,     300936 total
- age   3:        184 bytes,     301120 total
- age   5:       4072 bytes,     305192 total
- age   6:      13776 bytes,     318968 total
- age   7:      84176 bytes,     403144 total
- age   8:    3607840 bytes,    4010984 total
: 95843K->6002K(109248K), 0.0083488 secs] 204827K->117524K(502464K), 0.0084104 secs] [Times: user=0.04 sys=0.01, real=0.01 secs] 
Heap after GC invocations=30 (full 2):
 par new generation   total 109248K, used 6002K [0x00000007a0000000, 0x00000007a8000000, 0x00000007a8000000)
  eden space 87424K,   0% used [0x00000007a0000000, 0x00000007a0000000, 0x00000007a5560000)
  from space 21824K,  27% used [0x00000007a5560000, 0x00000007a5b3c9b8, 0x00000007a6ab0000)
  to   space 21824K,   0% used [0x00000007a6ab0000, 0x00000007a6ab0000, 0x00000007a8000000)
 concurrent mark-sweep generation total 393216K, used 111522K [0x00000007a8000000, 0x00000007c0000000, 0x00000007c0000000)
 Metaspace       used 33979K, capacity 34500K, committed 34940K, reserved 1079296K
  class space    used 4003K, capacity 4183K, committed 4220K, reserved 1048576K
}
2016-10-24T04:47:46.247+0800: 21.585: Total time for which application threads were stopped: 0.0086002 seconds, Stopping threads took: 0.0000332 seconds
{Heap before GC invocations=30 (full 2):
 par new generation   total 109248K, used 93426K [0x00000007a0000000, 0x00000007a8000000, 0x00000007a8000000)
  eden space 87424K, 100% used [0x00000007a0000000, 0x00000007a5560000, 0x00000007a5560000)
  from space 21824K,  27% used [0x00000007a5560000, 0x00000007a5b3c9b8, 0x00000007a6ab0000)
  to   space 21824K,   0% used [0x00000007a6ab0000, 0x00000007a6ab0000, 0x00000007a8000000)
 concurrent mark-sweep generation total 393216K, used 111522K [0x00000007a8000000, 0x00000007c0000000, 0x00000007c0000000)
 Metaspace       used 33979K, capacity 34500K, committed 34940K, reserved 1079296K
  class space    used 4003K, capacity 4183K, committed 4220K, reserved 1048576K
2016-10-24T04:47:46.412+0800: 21.749: [GC (Allocation Failure) 2016-10-24T04:47:46.412+0800: 21.749: [ParNew
Desired survivor size 20112992 bytes, new threshold 8 (max 8)
- age   1:      92168 bytes,      92168 total
- age   3:       1096 bytes,      93264 total
- age   4:        184 bytes,      93448 total
- age   6:       4072 bytes,      97520 total
- age   7:      13776 bytes,     111296 total
- age   8:      84176 bytes,     195472 total
: 93426K->1264K(109248K), 0.0095761 secs] 204948K->116318K(502464K), 0.0096191 secs] [Times: user=0.03 sys=0.01, real=0.01 secs] 
Heap after GC invocations=31 (full 2):
 par new generation   total 109248K, used 1264K [0x00000007a0000000, 0x00000007a8000000, 0x00000007a8000000)
  eden space 87424K,   0% used [0x00000007a0000000, 0x00000007a0000000, 0x00000007a5560000)
  from space 21824K,   5% used [0x00000007a6ab0000, 0x00000007a6bec218, 0x00000007a8000000)
  to   space 21824K,   0% used [0x00000007a5560000, 0x00000007a5560000, 0x00000007a6ab0000)
 concurrent mark-sweep generation total 393216K, used 115053K [0x00000007a8000000, 0x00000007c0000000, 0x00000007c0000000)
 Metaspace       used 33979K, capacity 34500K, committed 34940K, reserved 1079296K
  class space    used 4003K, capacity 4183K, committed 4220K, reserved 1048576K
}
2016-10-24T04:47:46.422+0800: 21.759: Total time for which application threads were stopped: 0.0097943 seconds, Stopping threads took: 0.0000180 seconds
2016-10-24T04:47:46.719+0800: 22.056: Total time for which application threads were stopped: 0.0001421 seconds, Stopping threads took: 0.0000208 seconds
2016-10-24T04:47:46.719+0800: 22.057: Total time for which application threads were stopped: 0.0000870 seconds, Stopping threads took: 0.0000298 seconds
2016-10-24T04:47:46.719+0800: 22.057: Total time for which application threads were stopped: 0.0000722 seconds, Stopping threads took: 0.0000236 seconds
2016-10-24T04:47:46.719+0800: 22.057: Total time for which application threads were stopped: 0.0000536 seconds, Stopping threads took: 0.0000085 seconds
2016-10-24T04:47:46.720+0800: 22.057: Total time for which application threads were stopped: 0.0000792 seconds, Stopping threads took: 0.0000099 seconds
2016-10-24T04:47:46.726+0800: 22.063: Total time for which application threads were stopped: 0.0000565 seconds, Stopping threads took: 0.0000120 seconds
2016-10-24T04:47:46.747+0800: 22.085: Total time for which application threads were stopped: 0.0000813 seconds, Stopping threads took: 0.0000175 seconds
2016-10-24T04:48:30.437+0800: 65.776: Total time for which application threads were stopped: 0.0000836 seconds, Stopping threads took: 0.0000291 seconds
2016-10-24T04:48:40.856+0800: 76.195: Total time for which application threads were stopped: 0.0000738 seconds, Stopping threads took: 0.0000176 seconds
2016-10-24T04:48:40.856+0800: 76.195: Total time for which application threads were stopped: 0.0000485 seconds, Stopping threads took: 0.0000199 seconds
2016-10-24T04:48:40.887+0800: 76.226: Total time for which application threads were stopped: 0.0001229 seconds, Stopping threads took: 0.0000321 seconds
{Heap before GC invocations=31 (full 2):
 par new generation   total 109248K, used 88688K [0x00000007a0000000, 0x00000007a8000000, 0x00000007a8000000)
  eden space 87424K, 100% used [0x00000007a0000000, 0x00000007a5560000, 0x00000007a5560000)
  from space 21824K,   5% used [0x00000007a6ab0000, 0x00000007a6bec218, 0x00000007a8000000)
  to   space 21824K,   0% used [0x00000007a5560000, 0x00000007a5560000, 0x00000007a6ab0000)
 concurrent mark-sweep generation total 393216K, used 115053K [0x00000007a8000000, 0x00000007c0000000, 0x00000007c0000000)
 Metaspace       used 34112K, capacity 34640K, committed 35196K, reserved 1081344K
  class space    used 4021K, capacity 4185K, committed 4220K, reserved 1048576K
2016-10-24T04:48:41.048+0800: 76.387: [GC (Allocation Failure) 2016-10-24T04:48:41.048+0800: 76.387: [ParNew
Desired survivor size 20112992 bytes, new threshold 8 (max 8)
- age   1:    4210128 bytes,    4210128 total
- age   4:        872 bytes,    4211000 total
- age   5:        184 bytes,    4211184 total
- age   7:        640 bytes,    4211824 total
- age   8:       3240 bytes,    4215064 total
: 88688K->4425K(109248K), 0.0032218 secs] 203742K->119515K(502464K), 0.0032859 secs] [Times: user=0.01 sys=0.00, real=0.01 secs] 
Heap after GC invocations=32 (full 2):
 par new generation   total 109248K, used 4425K [0x00000007a0000000, 0x00000007a8000000, 0x00000007a8000000)
  eden space 87424K,   0% used [0x00000007a0000000, 0x00000007a0000000, 0x00000007a5560000)
  from space 21824K,  20% used [0x00000007a5560000, 0x00000007a59b2490, 0x00000007a6ab0000)
  to   space 21824K,   0% used [0x00000007a6ab0000, 0x00000007a6ab0000, 0x00000007a8000000)
 concurrent mark-sweep generation total 393216K, used 115090K [0x00000007a8000000, 0x00000007c0000000, 0x00000007c0000000)
 Metaspace       used 34112K, capacity 34640K, committed 35196K, reserved 1081344K
  class space    used 4021K, capacity 4185K, committed 4220K, reserved 1048576K
}
2016-10-24T04:48:41.051+0800: 76.391: Total time for which application threads were stopped: 0.0034609 seconds, Stopping threads took: 0.0000262 seconds
{Heap before GC invocations=32 (full 2):
 par new generation   total 109248K, used 91849K [0x00000007a0000000, 0x00000007a8000000, 0x00000007a8000000)
  eden space 87424K, 100% used [0x00000007a0000000, 0x00000007a5560000, 0x00000007a5560000)
  from space 21824K,  20% used [0x00000007a5560000, 0x00000007a59b2490, 0x00000007a6ab0000)
  to   space 21824K,   0% used [0x00000007a6ab0000, 0x00000007a6ab0000, 0x00000007a8000000)
 concurrent mark-sweep generation total 393216K, used 115090K [0x00000007a8000000, 0x00000007c0000000, 0x00000007c0000000)
 Metaspace       used 34112K, capacity 34640K, committed 35196K, reserved 1081344K
  class space    used 4021K, capacity 4185K, committed 4220K, reserved 1048576K
2016-10-24T04:48:41.359+0800: 76.698: [GC (Allocation Failure) 2016-10-24T04:48:41.359+0800: 76.699: [ParNew
Desired survivor size 20112992 bytes, new threshold 8 (max 8)
- age   1:    8745336 bytes,    8745336 total
- age   2:    2758912 bytes,   11504248 total
- age   5:        872 bytes,   11505120 total
- age   6:        184 bytes,   11505304 total
- age   8:        640 bytes,   11505944 total
: 91849K->12318K(109248K), 0.0052642 secs] 206939K->127412K(502464K), 0.0053365 secs] [Times: user=0.03 sys=0.00, real=0.01 secs] 
Heap after GC invocations=33 (full 2):
 par new generation   total 109248K, used 12318K [0x00000007a0000000, 0x00000007a8000000, 0x00000007a8000000)
  eden space 87424K,   0% used [0x00000007a0000000, 0x00000007a0000000, 0x00000007a5560000)
  from space 21824K,  56% used [0x00000007a6ab0000, 0x00000007a76b7a30, 0x00000007a8000000)
  to   space 21824K,   0% used [0x00000007a5560000, 0x00000007a5560000, 0x00000007a6ab0000)
 concurrent mark-sweep generation total 393216K, used 115093K [0x00000007a8000000, 0x00000007c0000000, 0x00000007c0000000)
 Metaspace       used 34112K, capacity 34640K, committed 35196K, reserved 1081344K
  class space    used 4021K, capacity 4185K, committed 4220K, reserved 1048576K
}
2016-10-24T04:48:41.365+0800: 76.704: Total time for which application threads were stopped: 0.0055202 seconds, Stopping threads took: 0.0000252 seconds
{Heap before GC invocations=33 (full 2):
 par new generation   total 109248K, used 99742K [0x00000007a0000000, 0x00000007a8000000, 0x00000007a8000000)
  eden space 87424K, 100% used [0x00000007a0000000, 0x00000007a5560000, 0x00000007a5560000)
  from space 21824K,  56% used [0x00000007a6ab0000, 0x00000007a76b7a30, 0x00000007a8000000)
  to   space 21824K,   0% used [0x00000007a5560000, 0x00000007a5560000, 0x00000007a6ab0000)
 concurrent mark-sweep generation total 393216K, used 115093K [0x00000007a8000000, 0x00000007c0000000, 0x00000007c0000000)
 Metaspace       used 34112K, capacity 34640K, committed 35196K, reserved 1081344K
  class space    used 4021K, capacity 4185K, committed 4220K, reserved 1048576K
2016-10-24T04:48:41.659+0800: 76.998: [GC (Allocation Failure) 2016-10-24T04:48:41.659+0800: 76.998: [ParNew
Desired survivor size 20112992 bytes, new threshold 8 (max 8)
- age   1:    9507128 bytes,    9507128 total
- age   2:    5400544 bytes,   14907672 total
- age   3:    2756872 bytes,   17664544 total
- age   6:        872 bytes,   17665416 total
- age   7:        184 bytes,   17665600 total
: 99742K->20720K(109248K), 0.0059403 secs] 214836K->135814K(502464K), 0.0060066 secs] [Times: user=0.02 sys=0.00, real=0.01 secs] 
Heap after GC invocations=34 (full 2):
 par new generation   total 109248K, used 20720K [0x00000007a0000000, 0x00000007a8000000, 0x00000007a8000000)
  eden space 87424K,   0% used [0x00000007a0000000, 0x00000007a0000000, 0x00000007a5560000)
  from space 21824K,  94% used [0x00000007a5560000, 0x00000007a699c000, 0x00000007a6ab0000)
  to   space 21824K,   0% used [0x00000007a6ab0000, 0x00000007a6ab0000, 0x00000007a8000000)
 concurrent mark-sweep generation total 393216K, used 115094K [0x00000007a8000000, 0x00000007c0000000, 0x00000007c0000000)
 Metaspace       used 34112K, capacity 34640K, committed 35196K, reserved 1081344K
  class space    used 4021K, capacity 4185K, committed 4220K, reserved 1048576K
}
2016-10-24T04:48:41.665+0800: 77.004: Total time for which application threads were stopped: 0.0061821 seconds, Stopping threads took: 0.0000308 seconds
{Heap before GC invocations=34 (full 2):
 par new generation   total 109248K, used 108092K [0x00000007a0000000, 0x00000007a8000000, 0x00000007a8000000)
  eden space 87424K,  99% used [0x00000007a0000000, 0x00000007a5553018, 0x00000007a5560000)
  from space 21824K,  94% used [0x00000007a5560000, 0x00000007a699c000, 0x00000007a6ab0000)
  to   space 21824K,   0% used [0x00000007a6ab0000, 0x00000007a6ab0000, 0x00000007a8000000)
 concurrent mark-sweep generation total 393216K, used 115094K [0x00000007a8000000, 0x00000007c0000000, 0x00000007c0000000)
 Metaspace       used 34112K, capacity 34640K, committed 35196K, reserved 1081344K
  class space    used 4021K, capacity 4185K, committed 4220K, reserved 1048576K
2016-10-24T04:48:41.946+0800: 77.285: [GC (Allocation Failure) 2016-10-24T04:48:41.946+0800: 77.285: [ParNew
Desired survivor size 20112992 bytes, new threshold 8 (max 8)
- age   1:    8140792 bytes,    8140792 total
- age   2:    4168480 bytes,   12309272 total
- age   3:    3858664 bytes,   16167936 total
- age   4:    2554488 bytes,   18722424 total
- age   7:        696 bytes,   18723120 total
- age   8:        184 bytes,   18723304 total
: 108092K->21824K(109248K), 0.0077041 secs] 223186K->143190K(502464K), 0.0077952 secs] [Times: user=0.02 sys=0.00, real=0.01 secs] 
Heap after GC invocations=35 (full 2):
 par new generation   total 109248K, used 21824K [0x00000007a0000000, 0x00000007a8000000, 0x00000007a8000000)
  eden space 87424K,   0% used [0x00000007a0000000, 0x00000007a0000000, 0x00000007a5560000)
  from space 21824K, 100% used [0x00000007a6ab0000, 0x00000007a8000000, 0x00000007a8000000)
  to   space 21824K,   0% used [0x00000007a5560000, 0x00000007a5560000, 0x00000007a6ab0000)
 concurrent mark-sweep generation total 393216K, used 121366K [0x00000007a8000000, 0x00000007c0000000, 0x00000007c0000000)
 Metaspace       used 34112K, capacity 34640K, committed 35196K, reserved 1081344K
  class space    used 4021K, capacity 4185K, committed 4220K, reserved 1048576K
}
2016-10-24T04:48:41.954+0800: 77.293: Total time for which application threads were stopped: 0.0079727 seconds, Stopping threads took: 0.0000294 seconds
{Heap before GC invocations=35 (full 2):
 par new generation   total 109248K, used 109248K [0x00000007a0000000, 0x00000007a8000000, 0x00000007a8000000)
  eden space 87424K, 100% used [0x00000007a0000000, 0x00000007a5560000, 0x00000007a5560000)
  from space 21824K, 100% used [0x00000007a6ab0000, 0x00000007a8000000, 0x00000007a8000000)
  to   space 21824K,   0% used [0x00000007a5560000, 0x00000007a5560000, 0x00000007a6ab0000)
 concurrent mark-sweep generation total 393216K, used 121366K [0x00000007a8000000, 0x00000007c0000000, 0x00000007c0000000)
 Metaspace       used 34112K, capacity 34640K, committed 35196K, reserved 1081344K
  class space    used 4021K, capacity 4185K, committed 4220K, reserved 1048576K
2016-10-24T04:48:42.246+0800: 77.585: [GC (Allocation Failure) 2016-10-24T04:48:42.246+0800: 77.585: [ParNew
Desired survivor size 20112992 bytes, new threshold 8 (max 8)
- age   1:    6329504 bytes,    6329504 total
- age   2:    3909408 bytes,   10238912 total
- age   3:    3726928 bytes,   13965840 total
- age   4:    3588176 bytes,   17554016 total
- age   5:    2447600 bytes,   20001616 total
- age   8:        696 bytes,   20002312 total
: 109248K->21824K(109248K), 0.0084071 secs] 230614K->152034K(502464K), 0.0084677 secs] [Times: user=0.03 sys=0.00, real=0.01 secs] 
Heap after GC invocations=36 (full 2):
 par new generation   total 109248K, used 21824K [0x00000007a0000000, 0x00000007a8000000, 0x00000007a8000000)
  eden space 87424K,   0% used [0x00000007a0000000, 0x00000007a0000000, 0x00000007a5560000)
  from space 21824K, 100% used [0x00000007a5560000, 0x00000007a6ab0000, 0x00000007a6ab0000)
  to   space 21824K,   0% used [0x00000007a6ab0000, 0x00000007a6ab0000, 0x00000007a8000000)
 concurrent mark-sweep generation total 393216K, used 130210K [0x00000007a8000000, 0x00000007c0000000, 0x00000007c0000000)
 Metaspace       used 34112K, capacity 34640K, committed 35196K, reserved 1081344K
  class space    used 4021K, capacity 4185K, committed 4220K, reserved 1048576K
}
2016-10-24T04:48:42.254+0800: 77.594: Total time for which application threads were stopped: 0.0086228 seconds, Stopping threads took: 0.0000194 seconds
{Heap before GC invocations=36 (full 2):
 par new generation   total 109248K, used 109248K [0x00000007a0000000, 0x00000007a8000000, 0x00000007a8000000)
  eden space 87424K, 100% used [0x00000007a0000000, 0x00000007a5560000, 0x00000007a5560000)
  from space 21824K, 100% used [0x00000007a5560000, 0x00000007a6ab0000, 0x00000007a6ab0000)
  to   space 21824K,   0% used [0x00000007a6ab0000, 0x00000007a6ab0000, 0x00000007a8000000)
 concurrent mark-sweep generation total 393216K, used 130210K [0x00000007a8000000, 0x00000007c0000000, 0x00000007c0000000)
 Metaspace       used 34113K, capacity 34640K, committed 35196K, reserved 1081344K
  class space    used 4021K, capacity 4185K, committed 4220K, reserved 1048576K
2016-10-24T04:48:42.584+0800: 77.923: [GC (Allocation Failure) 2016-10-24T04:48:42.584+0800: 77.923: [ParNew
Desired survivor size 20112992 bytes, new threshold 8 (max 8)
- age   1:    5789456 bytes,    5789456 total
- age   2:    2791424 bytes,    8580880 total
- age   3:    2079088 bytes,   10659968 total
- age   4:    2043832 bytes,   12703800 total
- age   5:    1936272 bytes,   14640072 total
- age   6:    1923056 bytes,   16563128 total
: 109248K->21824K(109248K), 0.0088477 secs] 239458K->170200K(502464K), 0.0089274 secs] [Times: user=0.03 sys=0.00, real=0.01 secs] 
Heap after GC invocations=37 (full 2):
 par new generation   total 109248K, used 21824K [0x00000007a0000000, 0x00000007a8000000, 0x00000007a8000000)
  eden space 87424K,   0% used [0x00000007a0000000, 0x00000007a0000000, 0x00000007a5560000)
  from space 21824K, 100% used [0x00000007a6ab0000, 0x00000007a8000000, 0x00000007a8000000)
  to   space 21824K,   0% used [0x00000007a5560000, 0x00000007a5560000, 0x00000007a6ab0000)
 concurrent mark-sweep generation total 393216K, used 148376K [0x00000007a8000000, 0x00000007c0000000, 0x00000007c0000000)
 Metaspace       used 34113K, capacity 34640K, committed 35196K, reserved 1081344K
  class space    used 4021K, capacity 4185K, committed 4220K, reserved 1048576K
}
2016-10-24T04:48:42.592+0800: 77.932: Total time for which application threads were stopped: 0.0091280 seconds, Stopping threads took: 0.0000214 seconds
{Heap before GC invocations=37 (full 2):
 par new generation   total 109248K, used 109248K [0x00000007a0000000, 0x00000007a8000000, 0x00000007a8000000)
  eden space 87424K, 100% used [0x00000007a0000000, 0x00000007a5560000, 0x00000007a5560000)
  from space 21824K, 100% used [0x00000007a6ab0000, 0x00000007a8000000, 0x00000007a8000000)
  to   space 21824K,   0% used [0x00000007a5560000, 0x00000007a5560000, 0x00000007a6ab0000)
 concurrent mark-sweep generation total 393216K, used 148376K [0x00000007a8000000, 0x00000007c0000000, 0x00000007c0000000)
 Metaspace       used 34113K, capacity 34640K, committed 35196K, reserved 1081344K
  class space    used 4021K, capacity 4185K, committed 4220K, reserved 1048576K
2016-10-24T04:48:42.875+0800: 78.214: [GC (Allocation Failure) 2016-10-24T04:48:42.875+0800: 78.214: [ParNew
Desired survivor size 20112992 bytes, new threshold 6 (max 8)
- age   1:   11022688 bytes,   11022688 total
- age   2:    2824288 bytes,   13846976 total
- age   3:    2086080 bytes,   15933056 total
- age   4:    1548248 bytes,   17481304 total
- age   5:    1559848 bytes,   19041152 total
- age   6:    1610816 bytes,   20651968 total
- age   7:    1671896 bytes,   22323864 total
: 109248K->21824K(109248K), 0.0096908 secs] 257624K->176321K(502464K), 0.0097717 secs] [Times: user=0.03 sys=0.00, real=0.01 secs] 
Heap after GC invocations=38 (full 2):
 par new generation   total 109248K, used 21824K [0x00000007a0000000, 0x00000007a8000000, 0x00000007a8000000)
  eden space 87424K,   0% used [0x00000007a0000000, 0x00000007a0000000, 0x00000007a5560000)
  from space 21824K, 100% used [0x00000007a5560000, 0x00000007a6ab0000, 0x00000007a6ab0000)
  to   space 21824K,   0% used [0x00000007a6ab0000, 0x00000007a6ab0000, 0x00000007a8000000)
 concurrent mark-sweep generation total 393216K, used 154497K [0x00000007a8000000, 0x00000007c0000000, 0x00000007c0000000)
 Metaspace       used 34113K, capacity 34640K, committed 35196K, reserved 1081344K
  class space    used 4021K, capacity 4185K, committed 4220K, reserved 1048576K
}
2016-10-24T04:48:42.885+0800: 78.224: Total time for which application threads were stopped: 0.0099968 seconds, Stopping threads took: 0.0000296 seconds
{Heap before GC invocations=38 (full 2):
 par new generation   total 109248K, used 109248K [0x00000007a0000000, 0x00000007a8000000, 0x00000007a8000000)
  eden space 87424K, 100% used [0x00000007a0000000, 0x00000007a5560000, 0x00000007a5560000)
  from space 21824K, 100% used [0x00000007a5560000, 0x00000007a6ab0000, 0x00000007a6ab0000)
  to   space 21824K,   0% used [0x00000007a6ab0000, 0x00000007a6ab0000, 0x00000007a8000000)
 concurrent mark-sweep generation total 393216K, used 154497K [0x00000007a8000000, 0x00000007c0000000, 0x00000007c0000000)
 Metaspace       used 34113K, capacity 34640K, committed 35196K, reserved 1081344K
  class space    used 4021K, capacity 4185K, committed 4220K, reserved 1048576K
2016-10-24T04:48:43.195+0800: 78.534: [GC (Allocation Failure) 2016-10-24T04:48:43.195+0800: 78.534: [ParNew
Desired survivor size 20112992 bytes, new threshold 6 (max 8)
- age   1:   10868440 bytes,   10868440 total
- age   2:    2255040 bytes,   13123480 total
- age   3:    2726296 bytes,   15849776 total
- age   4:    1643232 bytes,   17493008 total
- age   5:    1497624 bytes,   18990632 total
- age   6:    1517440 bytes,   20508072 total
: 109248K->21824K(109248K), 0.0133388 secs] 263745K->186561K(502464K), 0.0134019 secs] [Times: user=0.05 sys=0.00, real=0.01 secs] 
Heap after GC invocations=39 (full 2):
 par new generation   total 109248K, used 21824K [0x00000007a0000000, 0x00000007a8000000, 0x00000007a8000000)
  eden space 87424K,   0% used [0x00000007a0000000, 0x00000007a0000000, 0x00000007a5560000)
  from space 21824K, 100% used [0x00000007a6ab0000, 0x00000007a8000000, 0x00000007a8000000)
  to   space 21824K,   0% used [0x00000007a5560000, 0x00000007a5560000, 0x00000007a6ab0000)
 concurrent mark-sweep generation total 393216K, used 164737K [0x00000007a8000000, 0x00000007c0000000, 0x00000007c0000000)
 Metaspace       used 34113K, capacity 34640K, committed 35196K, reserved 1081344K
  class space    used 4021K, capacity 4185K, committed 4220K, reserved 1048576K
}
2016-10-24T04:48:43.208+0800: 78.547: Total time for which application threads were stopped: 0.0135997 seconds, Stopping threads took: 0.0000294 seconds
{Heap before GC invocations=39 (full 2):
 par new generation   total 109248K, used 109248K [0x00000007a0000000, 0x00000007a8000000, 0x00000007a8000000)
  eden space 87424K, 100% used [0x00000007a0000000, 0x00000007a5560000, 0x00000007a5560000)
  from space 21824K, 100% used [0x00000007a6ab0000, 0x00000007a8000000, 0x00000007a8000000)
  to   space 21824K,   0% used [0x00000007a5560000, 0x00000007a5560000, 0x00000007a6ab0000)
 concurrent mark-sweep generation total 393216K, used 164737K [0x00000007a8000000, 0x00000007c0000000, 0x00000007c0000000)
 Metaspace       used 34113K, capacity 34640K, committed 35196K, reserved 1081344K
  class space    used 4021K, capacity 4185K, committed 4220K, reserved 1048576K
2016-10-24T04:48:43.517+0800: 78.857: [GC (Allocation Failure) 2016-10-24T04:48:43.517+0800: 78.857: [ParNew
Desired survivor size 20112992 bytes, new threshold 8 (max 8)
- age   1:    9917280 bytes,    9917280 total
- age   2:    3007992 bytes,   12925272 total
- age   3:    1184520 bytes,   14109792 total
- age   4:    2003000 bytes,   16112792 total
- age   5:     962480 bytes,   17075272 total
- age   6:     914240 bytes,   17989512 total
: 109248K->21824K(109248K), 0.0118183 secs] 273985K->200206K(502464K), 0.0118983 secs] [Times: user=0.04 sys=0.00, real=0.01 secs] 
Heap after GC invocations=40 (full 2):
 par new generation   total 109248K, used 21824K [0x00000007a0000000, 0x00000007a8000000, 0x00000007a8000000)
  eden space 87424K,   0% used [0x00000007a0000000, 0x00000007a0000000, 0x00000007a5560000)
  from space 21824K, 100% used [0x00000007a5560000, 0x00000007a6ab0000, 0x00000007a6ab0000)
  to   space 21824K,   0% used [0x00000007a6ab0000, 0x00000007a6ab0000, 0x00000007a8000000)
 concurrent mark-sweep generation total 393216K, used 178382K [0x00000007a8000000, 0x00000007c0000000, 0x00000007c0000000)
 Metaspace       used 34113K, capacity 34640K, committed 35196K, reserved 1081344K
  class space    used 4021K, capacity 4185K, committed 4220K, reserved 1048576K
}
2016-10-24T04:48:43.529+0800: 78.868: Total time for which application threads were stopped: 0.0120858 seconds, Stopping threads took: 0.0000219 seconds
{Heap before GC invocations=40 (full 2):
 par new generation   total 109248K, used 109248K [0x00000007a0000000, 0x00000007a8000000, 0x00000007a8000000)
  eden space 87424K, 100% used [0x00000007a0000000, 0x00000007a5560000, 0x00000007a5560000)
  from space 21824K, 100% used [0x00000007a5560000, 0x00000007a6ab0000, 0x00000007a6ab0000)
  to   space 21824K,   0% used [0x00000007a6ab0000, 0x00000007a6ab0000, 0x00000007a8000000)
 concurrent mark-sweep generation total 393216K, used 178382K [0x00000007a8000000, 0x00000007c0000000, 0x00000007c0000000)
 Metaspace       used 34113K, capacity 34640K, committed 35196K, reserved 1081344K
  class space    used 4021K, capacity 4185K, committed 4220K, reserved 1048576K
2016-10-24T04:48:43.847+0800: 79.186: [GC (Allocation Failure) 2016-10-24T04:48:43.847+0800: 79.186: [ParNew
Desired survivor size 20112992 bytes, new threshold 8 (max 8)
- age   1:   10796920 bytes,   10796920 total
- age   2:    1414688 bytes,   12211608 total
- age   3:    2603952 bytes,   14815560 total
- age   4:    1110616 bytes,   15926176 total
- age   5:    1928600 bytes,   17854776 total
- age   6:     914904 bytes,   18769680 total
- age   7:     768464 bytes,   19538144 total
: 109248K->21824K(109248K), 0.0101162 secs] 287630K->208474K(502464K), 0.0101913 secs] [Times: user=0.04 sys=0.01, real=0.01 secs] 
Heap after GC invocations=41 (full 2):
 par new generation   total 109248K, used 21824K [0x00000007a0000000, 0x00000007a8000000, 0x00000007a8000000)
  eden space 87424K,   0% used [0x00000007a0000000, 0x00000007a0000000, 0x00000007a5560000)
  from space 21824K, 100% used [0x00000007a6ab0000, 0x00000007a8000000, 0x00000007a8000000)
  to   space 21824K,   0% used [0x00000007a5560000, 0x00000007a5560000, 0x00000007a6ab0000)
 concurrent mark-sweep generation total 393216K, used 186650K [0x00000007a8000000, 0x00000007c0000000, 0x00000007c0000000)
 Metaspace       used 34113K, capacity 34640K, committed 35196K, reserved 1081344K
  class space    used 4021K, capacity 4185K, committed 4220K, reserved 1048576K
}
2016-10-24T04:48:43.857+0800: 79.196: Total time for which application threads were stopped: 0.0103569 seconds, Stopping threads took: 0.0000213 seconds
{Heap before GC invocations=41 (full 2):
 par new generation   total 109248K, used 109248K [0x00000007a0000000, 0x00000007a8000000, 0x00000007a8000000)
  eden space 87424K, 100% used [0x00000007a0000000, 0x00000007a5560000, 0x00000007a5560000)
  from space 21824K, 100% used [0x00000007a6ab0000, 0x00000007a8000000, 0x00000007a8000000)
  to   space 21824K,   0% used [0x00000007a5560000, 0x00000007a5560000, 0x00000007a6ab0000)
 concurrent mark-sweep generation total 393216K, used 186650K [0x00000007a8000000, 0x00000007c0000000, 0x00000007c0000000)
 Metaspace       used 34113K, capacity 34640K, committed 35196K, reserved 1081344K
  class space    used 4021K, capacity 4185K, committed 4220K, reserved 1048576K
2016-10-24T04:48:44.197+0800: 79.536: [GC (Allocation Failure) 2016-10-24T04:48:44.197+0800: 79.536: [ParNew
Desired survivor size 20112992 bytes, new threshold 5 (max 8)
- age   1:   14329856 bytes,   14329856 total
- age   2:    2688112 bytes,   17017968 total
- age   3:     821352 bytes,   17839320 total
- age   4:    2030640 bytes,   19869960 total
- age   5:     628736 bytes,   20498696 total
- age   6:     645664 bytes,   21144360 total
- age   7:     603440 bytes,   21747800 total
- age   8:     500080 bytes,   22247880 total
: 109248K->21824K(109248K), 0.0154206 secs] 295898K->225414K(502464K), 0.0154841 secs] [Times: user=0.06 sys=0.00, real=0.02 secs] 
Heap after GC invocations=42 (full 2):
 par new generation   total 109248K, used 21824K [0x00000007a0000000, 0x00000007a8000000, 0x00000007a8000000)
  eden space 87424K,   0% used [0x00000007a0000000, 0x00000007a0000000, 0x00000007a5560000)
  from space 21824K, 100% used [0x00000007a5560000, 0x00000007a6ab0000, 0x00000007a6ab0000)
  to   space 21824K,   0% used [0x00000007a6ab0000, 0x00000007a6ab0000, 0x00000007a8000000)
 concurrent mark-sweep generation total 393216K, used 203590K [0x00000007a8000000, 0x00000007c0000000, 0x00000007c0000000)
 Metaspace       used 34113K, capacity 34640K, committed 35196K, reserved 1081344K
  class space    used 4021K, capacity 4185K, committed 4220K, reserved 1048576K
}
2016-10-24T04:48:44.213+0800: 79.552: Total time for which application threads were stopped: 0.0156479 seconds, Stopping threads took: 0.0000298 seconds
2016-10-24T04:48:44.213+0800: 79.552: [GC (CMS Initial Mark) [1 CMS-initial-mark: 203590K(393216K)] 227156K(502464K), 0.0043629 secs] [Times: user=0.01 sys=0.00, real=0.00 secs] 
2016-10-24T04:48:44.217+0800: 79.556: Total time for which application threads were stopped: 0.0045538 seconds, Stopping threads took: 0.0000844 seconds
2016-10-24T04:48:44.217+0800: 79.556: [CMS-concurrent-mark-start]
2016-10-24T04:48:44.231+0800: 79.570: [CMS-concurrent-mark: 0.014/0.014 secs] [Times: user=0.06 sys=0.00, real=0.02 secs] 
2016-10-24T04:48:44.231+0800: 79.570: [CMS-concurrent-preclean-start]
2016-10-24T04:48:44.232+0800: 79.572: [CMS-concurrent-preclean: 0.001/0.001 secs] [Times: user=0.00 sys=0.00, real=0.00 secs] 
2016-10-24T04:48:44.232+0800: 79.572: [CMS-concurrent-abortable-preclean-start]
2016-10-24T04:48:44.414+0800: 79.753: [CMS-concurrent-abortable-preclean: 0.181/0.182 secs] [Times: user=0.37 sys=0.00, real=0.18 secs] 
2016-10-24T04:48:44.414+0800: 79.754: [GC (CMS Final Remark) [YG occupancy: 73495 K (109248 K)]{Heap before GC invocations=42 (full 3):
 par new generation   total 109248K, used 73495K [0x00000007a0000000, 0x00000007a8000000, 0x00000007a8000000)
  eden space 87424K,  59% used [0x00000007a0000000, 0x00000007a3275ea8, 0x00000007a5560000)
  from space 21824K, 100% used [0x00000007a5560000, 0x00000007a6ab0000, 0x00000007a6ab0000)
  to   space 21824K,   0% used [0x00000007a6ab0000, 0x00000007a6ab0000, 0x00000007a8000000)
 concurrent mark-sweep generation total 393216K, used 203590K [0x00000007a8000000, 0x00000007c0000000, 0x00000007c0000000)
 Metaspace       used 34113K, capacity 34640K, committed 35196K, reserved 1081344K
  class space    used 4021K, capacity 4185K, committed 4220K, reserved 1048576K
2016-10-24T04:48:44.414+0800: 79.754: [GC (CMS Final Remark) 2016-10-24T04:48:44.414+0800: 79.754: [ParNew
Desired survivor size 20112992 bytes, new threshold 5 (max 8)
- age   1:    3076048 bytes,    3076048 total
- age   2:   13937440 bytes,   17013488 total
- age   3:    1199624 bytes,   18213112 total
- age   4:     694248 bytes,   18907360 total
- age   5:    1913464 bytes,   20820824 total
: 73495K->21824K(109248K), 0.0125700 secs] 277085K->231152K(502464K), 0.0126189 secs] [Times: user=0.04 sys=0.00, real=0.01 secs] 
Heap after GC invocations=43 (full 3):
 par new generation   total 109248K, used 21824K [0x00000007a0000000, 0x00000007a8000000, 0x00000007a8000000)
  eden space 87424K,   0% used [0x00000007a0000000, 0x00000007a0000000, 0x00000007a5560000)
  from space 21824K, 100% used [0x00000007a6ab0000, 0x00000007a8000000, 0x00000007a8000000)
  to   space 21824K,   0% used [0x00000007a5560000, 0x00000007a5560000, 0x00000007a6ab0000)
 concurrent mark-sweep generation total 393216K, used 209328K [0x00000007a8000000, 0x00000007c0000000, 0x00000007c0000000)
 Metaspace       used 34113K, capacity 34640K, committed 35196K, reserved 1081344K
  class space    used 4021K, capacity 4185K, committed 4220K, reserved 1048576K
}
2016-10-24T04:48:44.427+0800: 79.766: [Rescan (parallel) , 0.0041543 secs]2016-10-24T04:48:44.431+0800: 79.771: [weak refs processing, 0.0008866 secs]2016-10-24T04:48:44.432+0800: 79.771: [class unloading, 0.0064026 secs]2016-10-24T04:48:44.439+0800: 79.778: [scrub symbol table, 0.0056847 secs]2016-10-24T04:48:44.444+0800: 79.784: [scrub string table, 0.0006005 secs][1 CMS-remark: 209328K(393216K)] 231152K(502464K), 0.0306977 secs] [Times: user=0.07 sys=0.01, real=0.03 secs] 
2016-10-24T04:48:44.445+0800: 79.784: Total time for which application threads were stopped: 0.0309322 seconds, Stopping threads took: 0.0000951 seconds
2016-10-24T04:48:44.445+0800: 79.785: [CMS-concurrent-sweep-start]
2016-10-24T04:48:44.491+0800: 79.830: [CMS-concurrent-sweep: 0.046/0.046 secs] [Times: user=0.09 sys=0.00, real=0.05 secs] 
2016-10-24T04:48:44.491+0800: 79.831: [CMS-concurrent-reset-start]
2016-10-24T04:48:44.492+0800: 79.831: [CMS-concurrent-reset: 0.000/0.000 secs] [Times: user=0.00 sys=0.00, real=0.00 secs] 
{Heap before GC invocations=43 (full 3):
 par new generation   total 109248K, used 109248K [0x00000007a0000000, 0x00000007a8000000, 0x00000007a8000000)
  eden space 87424K, 100% used [0x00000007a0000000, 0x00000007a5560000, 0x00000007a5560000)
  from space 21824K, 100% used [0x00000007a6ab0000, 0x00000007a8000000, 0x00000007a8000000)
  to   space 21824K,   0% used [0x00000007a5560000, 0x00000007a5560000, 0x00000007a6ab0000)
 concurrent mark-sweep generation total 393216K, used 82354K [0x00000007a8000000, 0x00000007c0000000, 0x00000007c0000000)
 Metaspace       used 34113K, capacity 34640K, committed 35196K, reserved 1081344K
  class space    used 4021K, capacity 4185K, committed 4220K, reserved 1048576K
2016-10-24T04:48:44.736+0800: 80.075: [GC (Allocation Failure) 2016-10-24T04:48:44.736+0800: 80.075: [ParNew
Desired survivor size 20112992 bytes, new threshold 4 (max 8)
- age   1:   10403304 bytes,   10403304 total
- age   2:    1569776 bytes,   11973080 total
- age   3:    7320648 bytes,   19293728 total
- age   4:     982056 bytes,   20275784 total
- age   5:     688224 bytes,   20964008 total
: 109248K->21824K(109248K), 0.0104270 secs] 191602K->118147K(502464K), 0.0104926 secs] [Times: user=0.04 sys=0.00, real=0.01 secs] 
Heap after GC invocations=44 (full 3):
 par new generation   total 109248K, used 21824K [0x00000007a0000000, 0x00000007a8000000, 0x00000007a8000000)
  eden space 87424K,   0% used [0x00000007a0000000, 0x00000007a0000000, 0x00000007a5560000)
  from space 21824K, 100% used [0x00000007a5560000, 0x00000007a6ab0000, 0x00000007a6ab0000)
  to   space 21824K,   0% used [0x00000007a6ab0000, 0x00000007a6ab0000, 0x00000007a8000000)
 concurrent mark-sweep generation total 393216K, used 96323K [0x00000007a8000000, 0x00000007c0000000, 0x00000007c0000000)
 Metaspace       used 34113K, capacity 34640K, committed 35196K, reserved 1081344K
  class space    used 4021K, capacity 4185K, committed 4220K, reserved 1048576K
}
2016-10-24T04:48:44.747+0800: 80.086: Total time for which application threads were stopped: 0.0106685 seconds, Stopping threads took: 0.0000217 seconds
{Heap before GC invocations=44 (full 3):
 par new generation   total 109248K, used 109248K [0x00000007a0000000, 0x00000007a8000000, 0x00000007a8000000)
  eden space 87424K, 100% used [0x00000007a0000000, 0x00000007a5560000, 0x00000007a5560000)
  from space 21824K, 100% used [0x00000007a5560000, 0x00000007a6ab0000, 0x00000007a6ab0000)
  to   space 21824K,   0% used [0x00000007a6ab0000, 0x00000007a6ab0000, 0x00000007a8000000)
 concurrent mark-sweep generation total 393216K, used 96323K [0x00000007a8000000, 0x00000007c0000000, 0x00000007c0000000)
 Metaspace       used 34113K, capacity 34640K, committed 35196K, reserved 1081344K
  class space    used 4021K, capacity 4185K, committed 4220K, reserved 1048576K
2016-10-24T04:48:45.055+0800: 80.394: [GC (Allocation Failure) 2016-10-24T04:48:45.055+0800: 80.394: [ParNew
Desired survivor size 20112992 bytes, new threshold 4 (max 8)
- age   1:    7227928 bytes,    7227928 total
- age   2:    4830168 bytes,   12058096 total
- age   3:    1443536 bytes,   13501632 total
- age   4:    7310616 bytes,   20812248 total
: 109248K->21824K(109248K), 0.0113352 secs] 205571K->133434K(502464K), 0.0114125 secs] [Times: user=0.04 sys=0.00, real=0.01 secs] 
Heap after GC invocations=45 (full 3):
 par new generation   total 109248K, used 21824K [0x00000007a0000000, 0x00000007a8000000, 0x00000007a8000000)
  eden space 87424K,   0% used [0x00000007a0000000, 0x00000007a0000000, 0x00000007a5560000)
  from space 21824K, 100% used [0x00000007a6ab0000, 0x00000007a8000000, 0x00000007a8000000)
  to   space 21824K,   0% used [0x00000007a5560000, 0x00000007a5560000, 0x00000007a6ab0000)
 concurrent mark-sweep generation total 393216K, used 111610K [0x00000007a8000000, 0x00000007c0000000, 0x00000007c0000000)
 Metaspace       used 34113K, capacity 34640K, committed 35196K, reserved 1081344K
  class space    used 4021K, capacity 4185K, committed 4220K, reserved 1048576K
}
2016-10-24T04:48:45.066+0800: 80.406: Total time for which application threads were stopped: 0.0115967 seconds, Stopping threads took: 0.0000244 seconds
{Heap before GC invocations=45 (full 3):
 par new generation   total 109248K, used 109248K [0x00000007a0000000, 0x00000007a8000000, 0x00000007a8000000)
  eden space 87424K, 100% used [0x00000007a0000000, 0x00000007a5560000, 0x00000007a5560000)
  from space 21824K, 100% used [0x00000007a6ab0000, 0x00000007a8000000, 0x00000007a8000000)
  to   space 21824K,   0% used [0x00000007a5560000, 0x00000007a5560000, 0x00000007a6ab0000)
 concurrent mark-sweep generation total 393216K, used 111610K [0x00000007a8000000, 0x00000007c0000000, 0x00000007c0000000)
 Metaspace       used 34113K, capacity 34640K, committed 35196K, reserved 1081344K
  class space    used 4021K, capacity 4185K, committed 4220K, reserved 1048576K
2016-10-24T04:48:45.361+0800: 80.700: [GC (Allocation Failure) 2016-10-24T04:48:45.361+0800: 80.701: [ParNew
Desired survivor size 20112992 bytes, new threshold 8 (max 8)
- age   1:   10070000 bytes,   10070000 total
- age   2:    6167336 bytes,   16237336 total
- age   3:    1446048 bytes,   17683384 total
- age   4:    1263496 bytes,   18946880 total
: 109248K->21824K(109248K), 0.0114410 secs] 220858K->143621K(502464K), 0.0115113 secs] [Times: user=0.05 sys=0.00, real=0.01 secs] 
Heap after GC invocations=46 (full 3):
 par new generation   total 109248K, used 21824K [0x00000007a0000000, 0x00000007a8000000, 0x00000007a8000000)
  eden space 87424K,   0% used [0x00000007a0000000, 0x00000007a0000000, 0x00000007a5560000)
  from space 21824K, 100% used [0x00000007a5560000, 0x00000007a6ab0000, 0x00000007a6ab0000)
  to   space 21824K,   0% used [0x00000007a6ab0000, 0x00000007a6ab0000, 0x00000007a8000000)
 concurrent mark-sweep generation total 393216K, used 121797K [0x00000007a8000000, 0x00000007c0000000, 0x00000007c0000000)
 Metaspace       used 34113K, capacity 34640K, committed 35196K, reserved 1081344K
  class space    used 4021K, capacity 4185K, committed 4220K, reserved 1048576K
}
2016-10-24T04:48:45.373+0800: 80.712: Total time for which application threads were stopped: 0.0116783 seconds, Stopping threads took: 0.0000213 seconds
{Heap before GC invocations=46 (full 3):
 par new generation   total 109248K, used 109248K [0x00000007a0000000, 0x00000007a8000000, 0x00000007a8000000)
  eden space 87424K, 100% used [0x00000007a0000000, 0x00000007a5560000, 0x00000007a5560000)
  from space 21824K, 100% used [0x00000007a5560000, 0x00000007a6ab0000, 0x00000007a6ab0000)
  to   space 21824K,   0% used [0x00000007a6ab0000, 0x00000007a6ab0000, 0x00000007a8000000)
 concurrent mark-sweep generation total 393216K, used 121797K [0x00000007a8000000, 0x00000007c0000000, 0x00000007c0000000)
 Metaspace       used 34114K, capacity 34640K, committed 35196K, reserved 1081344K
  class space    used 4021K, capacity 4185K, committed 4220K, reserved 1048576K
2016-10-24T04:48:45.642+0800: 80.981: [GC (Allocation Failure) 2016-10-24T04:48:45.642+0800: 80.981: [ParNew
Desired survivor size 20112992 bytes, new threshold 3 (max 8)
- age   1:    7094208 bytes,    7094208 total
- age   2:    5665600 bytes,   12759808 total
- age   3:    7454208 bytes,   20214016 total
- age   4:    1198352 bytes,   21412368 total
- age   5:     822408 bytes,   22234776 total
: 109248K->21824K(109248K), 0.0137263 secs] 231045K->146521K(502464K), 0.0137821 secs] [Times: user=0.05 sys=0.00, real=0.01 secs] 
Heap after GC invocations=47 (full 3):
 par new generation   total 109248K, used 21824K [0x00000007a0000000, 0x00000007a8000000, 0x00000007a8000000)
  eden space 87424K,   0% used [0x00000007a0000000, 0x00000007a0000000, 0x00000007a5560000)
  from space 21824K, 100% used [0x00000007a6ab0000, 0x00000007a8000000, 0x00000007a8000000)
  to   space 21824K,   0% used [0x00000007a5560000, 0x00000007a5560000, 0x00000007a6ab0000)
 concurrent mark-sweep generation total 393216K, used 124697K [0x00000007a8000000, 0x00000007c0000000, 0x00000007c0000000)
 Metaspace       used 34114K, capacity 34640K, committed 35196K, reserved 1081344K
  class space    used 4021K, capacity 4185K, committed 4220K, reserved 1048576K
}
2016-10-24T04:48:45.656+0800: 80.995: Total time for which application threads were stopped: 0.0139652 seconds, Stopping threads took: 0.0000291 seconds
{Heap before GC invocations=47 (full 3):
 par new generation   total 109248K, used 109248K [0x00000007a0000000, 0x00000007a8000000, 0x00000007a8000000)
  eden space 87424K, 100% used [0x00000007a0000000, 0x00000007a5560000, 0x00000007a5560000)
  from space 21824K, 100% used [0x00000007a6ab0000, 0x00000007a8000000, 0x00000007a8000000)
  to   space 21824K,   0% used [0x00000007a5560000, 0x00000007a5560000, 0x00000007a6ab0000)
 concurrent mark-sweep generation total 393216K, used 124697K [0x00000007a8000000, 0x00000007c0000000, 0x00000007c0000000)
 Metaspace       used 34114K, capacity 34640K, committed 35196K, reserved 1081344K
  class space    used 4021K, capacity 4185K, committed 4220K, reserved 1048576K
2016-10-24T04:48:45.919+0800: 81.259: [GC (Allocation Failure) 2016-10-24T04:48:45.919+0800: 81.259: [ParNew
Desired survivor size 20112992 bytes, new threshold 8 (max 8)
- age   1:    8815928 bytes,    8815928 total
- age   2:    2743800 bytes,   11559728 total
- age   3:    5343720 bytes,   16903448 total
: 109248K->21824K(109248K), 0.0140427 secs] 233945K->155043K(502464K), 0.0141224 secs] [Times: user=0.05 sys=0.00, real=0.02 secs] 
Heap after GC invocations=48 (full 3):
 par new generation   total 109248K, used 21824K [0x00000007a0000000, 0x00000007a8000000, 0x00000007a8000000)
  eden space 87424K,   0% used [0x00000007a0000000, 0x00000007a0000000, 0x00000007a5560000)
  from space 21824K, 100% used [0x00000007a5560000, 0x00000007a6ab0000, 0x00000007a6ab0000)
  to   space 21824K,   0% used [0x00000007a6ab0000, 0x00000007a6ab0000, 0x00000007a8000000)
 concurrent mark-sweep generation total 393216K, used 133219K [0x00000007a8000000, 0x00000007c0000000, 0x00000007c0000000)
 Metaspace       used 34114K, capacity 34640K, committed 35196K, reserved 1081344K
  class space    used 4021K, capacity 4185K, committed 4220K, reserved 1048576K
}
2016-10-24T04:48:45.933+0800: 81.273: Total time for which application threads were stopped: 0.0142900 seconds, Stopping threads took: 0.0000254 seconds
2016-10-24T04:48:46.935+0800: 82.275: Total time for which application threads were stopped: 0.0001589 seconds, Stopping threads took: 0.0000874 seconds
2016-10-24T04:48:50.685+0800: 86.025: Total time for which application threads were stopped: 0.0001222 seconds, Stopping threads took: 0.0000546 seconds
2016-10-24T04:48:50.818+0800: 86.157: Total time for which application threads were stopped: 0.0000930 seconds, Stopping threads took: 0.0000174 seconds
2016-10-24T04:48:50.911+0800: 86.251: Total time for which application threads were stopped: 0.0000914 seconds, Stopping threads took: 0.0000192 seconds
2016-10-24T04:48:50.911+0800: 86.251: Total time for which application threads were stopped: 0.0000560 seconds, Stopping threads took: 0.0000111 seconds
{Heap before GC invocations=48 (full 3):
 par new generation   total 109248K, used 109248K [0x00000007a0000000, 0x00000007a8000000, 0x00000007a8000000)
  eden space 87424K, 100% used [0x00000007a0000000, 0x00000007a5560000, 0x00000007a5560000)
  from space 21824K, 100% used [0x00000007a5560000, 0x00000007a6ab0000, 0x00000007a6ab0000)
  to   space 21824K,   0% used [0x00000007a6ab0000, 0x00000007a6ab0000, 0x00000007a8000000)
 concurrent mark-sweep generation total 393216K, used 133219K [0x00000007a8000000, 0x00000007c0000000, 0x00000007c0000000)
 Metaspace       used 34117K, capacity 34640K, committed 35196K, reserved 1081344K
  class space    used 4021K, capacity 4185K, committed 4220K, reserved 1048576K
2016-10-24T04:48:51.736+0800: 87.075: [GC (Allocation Failure) 2016-10-24T04:48:51.736+0800: 87.075: [ParNew
Desired survivor size 20112992 bytes, new threshold 8 (max 8)
- age   1:    1919952 bytes,    1919952 total
- age   2:    8555344 bytes,   10475296 total
- age   3:    2548760 bytes,   13024056 total
- age   4:    5199880 bytes,   18223936 total
: 109248K->21585K(109248K), 0.0106180 secs] 242467K->154804K(502464K), 0.0106852 secs] [Times: user=0.04 sys=0.00, real=0.01 secs] 
Heap after GC invocations=49 (full 3):
 par new generation   total 109248K, used 21585K [0x00000007a0000000, 0x00000007a8000000, 0x00000007a8000000)
  eden space 87424K,   0% used [0x00000007a0000000, 0x00000007a0000000, 0x00000007a5560000)
  from space 21824K,  98% used [0x00000007a6ab0000, 0x00000007a7fc4570, 0x00000007a8000000)
  to   space 21824K,   0% used [0x00000007a5560000, 0x00000007a5560000, 0x00000007a6ab0000)
 concurrent mark-sweep generation total 393216K, used 133219K [0x00000007a8000000, 0x00000007c0000000, 0x00000007c0000000)
 Metaspace       used 34117K, capacity 34640K, committed 35196K, reserved 1081344K
  class space    used 4021K, capacity 4185K, committed 4220K, reserved 1048576K
}
2016-10-24T04:48:51.746+0800: 87.086: Total time for which application threads were stopped: 0.0109900 seconds, Stopping threads took: 0.0000425 seconds
{Heap before GC invocations=49 (full 3):
 par new generation   total 109248K, used 109009K [0x00000007a0000000, 0x00000007a8000000, 0x00000007a8000000)
  eden space 87424K, 100% used [0x00000007a0000000, 0x00000007a5560000, 0x00000007a5560000)
  from space 21824K,  98% used [0x00000007a6ab0000, 0x00000007a7fc4570, 0x00000007a8000000)
  to   space 21824K,   0% used [0x00000007a5560000, 0x00000007a5560000, 0x00000007a6ab0000)
 concurrent mark-sweep generation total 393216K, used 133219K [0x00000007a8000000, 0x00000007c0000000, 0x00000007c0000000)
 Metaspace       used 34117K, capacity 34640K, committed 35196K, reserved 1081344K
  class space    used 4021K, capacity 4185K, committed 4220K, reserved 1048576K
2016-10-24T04:48:51.777+0800: 87.117: [GC (Allocation Failure) 2016-10-24T04:48:51.777+0800: 87.117: [ParNew
Desired survivor size 20112992 bytes, new threshold 8 (max 8)
- age   1:     106512 bytes,     106512 total
- age   2:    1759376 bytes,    1865888 total
- age   3:    7823936 bytes,    9689824 total
- age   4:    2535288 bytes,   12225112 total
- age   5:    5190872 bytes,   17415984 total
: 109009K->21824K(109248K), 0.0108702 secs] 242228K->155886K(502464K), 0.0109420 secs] [Times: user=0.05 sys=0.00, real=0.01 secs] 
Heap after GC invocations=50 (full 3):
 par new generation   total 109248K, used 21824K [0x00000007a0000000, 0x00000007a8000000, 0x00000007a8000000)
  eden space 87424K,   0% used [0x00000007a0000000, 0x00000007a0000000, 0x00000007a5560000)
  from space 21824K, 100% used [0x00000007a5560000, 0x00000007a6ab0000, 0x00000007a6ab0000)
  to   space 21824K,   0% used [0x00000007a6ab0000, 0x00000007a6ab0000, 0x00000007a8000000)
 concurrent mark-sweep generation total 393216K, used 134062K [0x00000007a8000000, 0x00000007c0000000, 0x00000007c0000000)
 Metaspace       used 34117K, capacity 34640K, committed 35196K, reserved 1081344K
  class space    used 4021K, capacity 4185K, committed 4220K, reserved 1048576K
}
2016-10-24T04:48:51.788+0800: 87.128: Total time for which application threads were stopped: 0.0110781 seconds, Stopping threads took: 0.0000153 seconds
{Heap before GC invocations=50 (full 3):
 par new generation   total 109248K, used 109248K [0x00000007a0000000, 0x00000007a8000000, 0x00000007a8000000)
  eden space 87424K, 100% used [0x00000007a0000000, 0x00000007a5560000, 0x00000007a5560000)
  from space 21824K, 100% used [0x00000007a5560000, 0x00000007a6ab0000, 0x00000007a6ab0000)
  to   space 21824K,   0% used [0x00000007a6ab0000, 0x00000007a6ab0000, 0x00000007a8000000)
 concurrent mark-sweep generation total 393216K, used 134062K [0x00000007a8000000, 0x00000007c0000000, 0x00000007c0000000)
 Metaspace       used 34118K, capacity 34640K, committed 35196K, reserved 1081344K
  class space    used 4021K, capacity 4185K, committed 4220K, reserved 1048576K
2016-10-24T04:48:51.973+0800: 87.313: [GC (Allocation Failure) 2016-10-24T04:48:51.973+0800: 87.313: [ParNew
Desired survivor size 20112992 bytes, new threshold 8 (max 8)
- age   1:      94408 bytes,      94408 total
- age   2:         96 bytes,      94504 total
- age   3:    1733976 bytes,    1828480 total
- age   4:    7823936 bytes,    9652416 total
- age   5:    2535288 bytes,   12187704 total
- age   6:    5190872 bytes,   17378576 total
: 109248K->18518K(109248K), 0.0088038 secs] 243310K->152580K(502464K), 0.0088744 secs] [Times: user=0.03 sys=0.00, real=0.01 secs] 
Heap after GC invocations=51 (full 3):
 par new generation   total 109248K, used 18518K [0x00000007a0000000, 0x00000007a8000000, 0x00000007a8000000)
  eden space 87424K,   0% used [0x00000007a0000000, 0x00000007a0000000, 0x00000007a5560000)
  from space 21824K,  84% used [0x00000007a6ab0000, 0x00000007a7cc5a50, 0x00000007a8000000)
  to   space 21824K,   0% used [0x00000007a5560000, 0x00000007a5560000, 0x00000007a6ab0000)
 concurrent mark-sweep generation total 393216K, used 134062K [0x00000007a8000000, 0x00000007c0000000, 0x00000007c0000000)
 Metaspace       used 34118K, capacity 34640K, committed 35196K, reserved 1081344K
  class space    used 4021K, capacity 4185K, committed 4220K, reserved 1048576K
}
2016-10-24T04:48:51.982+0800: 87.322: Total time for which application threads were stopped: 0.0090458 seconds, Stopping threads took: 0.0000298 seconds
{Heap before GC invocations=51 (full 3):
 par new generation   total 109248K, used 105924K [0x00000007a0000000, 0x00000007a8000000, 0x00000007a8000000)
  eden space 87424K,  99% used [0x00000007a0000000, 0x00000007a555b630, 0x00000007a5560000)
  from space 21824K,  84% used [0x00000007a6ab0000, 0x00000007a7cc5a50, 0x00000007a8000000)
  to   space 21824K,   0% used [0x00000007a5560000, 0x00000007a5560000, 0x00000007a6ab0000)
 concurrent mark-sweep generation total 393216K, used 134062K [0x00000007a8000000, 0x00000007c0000000, 0x00000007c0000000)
 Metaspace       used 34118K, capacity 34640K, committed 35196K, reserved 1081344K
  class space    used 4021K, capacity 4185K, committed 4220K, reserved 1048576K
2016-10-24T04:48:52.062+0800: 87.402: [GC (Allocation Failure) 2016-10-24T04:48:52.062+0800: 87.402: [ParNew
Desired survivor size 20112992 bytes, new threshold 8 (max 8)
- age   1:      70224 bytes,      70224 total
- age   2:      54656 bytes,     124880 total
- age   3:         96 bytes,     124976 total
- age   4:    1733976 bytes,    1858952 total
- age   5:    7823936 bytes,    9682888 total
- age   6:    2535288 bytes,   12218176 total
- age   7:    5190872 bytes,   17409048 total
: 105924K->21515K(109248K), 0.0087047 secs] 239986K->155578K(502464K), 0.0087734 secs] [Times: user=0.03 sys=0.00, real=0.01 secs] 
Heap after GC invocations=52 (full 3):
 par new generation   total 109248K, used 21515K [0x00000007a0000000, 0x00000007a8000000, 0x00000007a8000000)
  eden space 87424K,   0% used [0x00000007a0000000, 0x00000007a0000000, 0x00000007a5560000)
  from space 21824K,  98% used [0x00000007a5560000, 0x00000007a6a62f40, 0x00000007a6ab0000)
  to   space 21824K,   0% used [0x00000007a6ab0000, 0x00000007a6ab0000, 0x00000007a8000000)
 concurrent mark-sweep generation total 393216K, used 134062K [0x00000007a8000000, 0x00000007c0000000, 0x00000007c0000000)
 Metaspace       used 34118K, capacity 34640K, committed 35196K, reserved 1081344K
  class space    used 4021K, capacity 4185K, committed 4220K, reserved 1048576K
}
2016-10-24T04:48:52.071+0800: 87.411: Total time for which application threads were stopped: 0.0090176 seconds, Stopping threads took: 0.0000281 seconds
{Heap before GC invocations=52 (full 3):
 par new generation   total 109248K, used 108939K [0x00000007a0000000, 0x00000007a8000000, 0x00000007a8000000)
  eden space 87424K, 100% used [0x00000007a0000000, 0x00000007a5560000, 0x00000007a5560000)
  from space 21824K,  98% used [0x00000007a5560000, 0x00000007a6a62f40, 0x00000007a6ab0000)
  to   space 21824K,   0% used [0x00000007a6ab0000, 0x00000007a6ab0000, 0x00000007a8000000)
 concurrent mark-sweep generation total 393216K, used 134062K [0x00000007a8000000, 0x00000007c0000000, 0x00000007c0000000)
 Metaspace       used 34118K, capacity 34640K, committed 35196K, reserved 1081344K
  class space    used 4021K, capacity 4185K, committed 4220K, reserved 1048576K
2016-10-24T04:48:52.169+0800: 87.509: [GC (Allocation Failure) 2016-10-24T04:48:52.169+0800: 87.509: [ParNew
Desired survivor size 20112992 bytes, new threshold 8 (max 8)
- age   1:      56008 bytes,      56008 total
- age   3:      13624 bytes,      69632 total
- age   4:         96 bytes,      69728 total
- age   5:    1655640 bytes,    1725368 total
- age   6:    7610152 bytes,    9335520 total
- age   7:    2506112 bytes,   11841632 total
- age   8:    5167384 bytes,   17009016 total
: 108939K->21824K(109248K), 0.0095759 secs] 243002K->156233K(502464K), 0.0096403 secs] [Times: user=0.03 sys=0.00, real=0.01 secs] 
Heap after GC invocations=53 (full 3):
 par new generation   total 109248K, used 21824K [0x00000007a0000000, 0x00000007a8000000, 0x00000007a8000000)
  eden space 87424K,   0% used [0x00000007a0000000, 0x00000007a0000000, 0x00000007a5560000)
  from space 21824K, 100% used [0x00000007a6ab0000, 0x00000007a8000000, 0x00000007a8000000)
  to   space 21824K,   0% used [0x00000007a5560000, 0x00000007a5560000, 0x00000007a6ab0000)
 concurrent mark-sweep generation total 393216K, used 134409K [0x00000007a8000000, 0x00000007c0000000, 0x00000007c0000000)
 Metaspace       used 34118K, capacity 34640K, committed 35196K, reserved 1081344K
  class space    used 4021K, capacity 4185K, committed 4220K, reserved 1048576K
}
2016-10-24T04:48:52.179+0800: 87.518: Total time for which application threads were stopped: 0.0098101 seconds, Stopping threads took: 0.0000299 seconds
{Heap before GC invocations=53 (full 3):
 par new generation   total 109248K, used 109248K [0x00000007a0000000, 0x00000007a8000000, 0x00000007a8000000)
  eden space 87424K, 100% used [0x00000007a0000000, 0x00000007a5560000, 0x00000007a5560000)
  from space 21824K, 100% used [0x00000007a6ab0000, 0x00000007a8000000, 0x00000007a8000000)
  to   space 21824K,   0% used [0x00000007a5560000, 0x00000007a5560000, 0x00000007a6ab0000)
 concurrent mark-sweep generation total 393216K, used 134409K [0x00000007a8000000, 0x00000007c0000000, 0x00000007c0000000)
 Metaspace       used 34118K, capacity 34640K, committed 35196K, reserved 1081344K
  class space    used 4021K, capacity 4185K, committed 4220K, reserved 1048576K
2016-10-24T04:48:52.271+0800: 87.611: [GC (Allocation Failure) 2016-10-24T04:48:52.271+0800: 87.611: [ParNew
Desired survivor size 20112992 bytes, new threshold 8 (max 8)
- age   1:      75728 bytes,      75728 total
- age   2:      33936 bytes,     109664 total
- age   4:      13624 bytes,     123288 total
- age   5:         96 bytes,     123384 total
- age   6:    1655640 bytes,    1779024 total
- age   7:    7610152 bytes,    9389176 total
- age   8:    2506112 bytes,   11895288 total
: 109248K->15293K(109248K), 0.0104873 secs] 243657K->154807K(502464K), 0.0105476 secs] [Times: user=0.03 sys=0.00, real=0.01 secs] 
Heap after GC invocations=54 (full 3):
 par new generation   total 109248K, used 15293K [0x00000007a0000000, 0x00000007a8000000, 0x00000007a8000000)
  eden space 87424K,   0% used [0x00000007a0000000, 0x00000007a0000000, 0x00000007a5560000)
  from space 21824K,  70% used [0x00000007a5560000, 0x00000007a644f650, 0x00000007a6ab0000)
  to   space 21824K,   0% used [0x00000007a6ab0000, 0x00000007a6ab0000, 0x00000007a8000000)
 concurrent mark-sweep generation total 393216K, used 139513K [0x00000007a8000000, 0x00000007c0000000, 0x00000007c0000000)
 Metaspace       used 34118K, capacity 34640K, committed 35196K, reserved 1081344K
  class space    used 4021K, capacity 4185K, committed 4220K, reserved 1048576K
}
2016-10-24T04:48:52.282+0800: 87.621: Total time for which application threads were stopped: 0.0107145 seconds, Stopping threads took: 0.0000297 seconds
{Heap before GC invocations=54 (full 3):
 par new generation   total 109248K, used 102717K [0x00000007a0000000, 0x00000007a8000000, 0x00000007a8000000)
  eden space 87424K, 100% used [0x00000007a0000000, 0x00000007a5560000, 0x00000007a5560000)
  from space 21824K,  70% used [0x00000007a5560000, 0x00000007a644f650, 0x00000007a6ab0000)
  to   space 21824K,   0% used [0x00000007a6ab0000, 0x00000007a6ab0000, 0x00000007a8000000)
 concurrent mark-sweep generation total 393216K, used 139513K [0x00000007a8000000, 0x00000007c0000000, 0x00000007c0000000)
 Metaspace       used 34118K, capacity 34640K, committed 35196K, reserved 1081344K
  class space    used 4021K, capacity 4185K, committed 4220K, reserved 1048576K
2016-10-24T04:48:52.371+0800: 87.710: [GC (Allocation Failure) 2016-10-24T04:48:52.371+0800: 87.710: [ParNew
Desired survivor size 20112992 bytes, new threshold 8 (max 8)
- age   1:     187160 bytes,     187160 total
- age   2:      51696 bytes,     238856 total
- age   3:      33936 bytes,     272792 total
- age   5:      13624 bytes,     286416 total
- age   6:         96 bytes,     286512 total
- age   7:    1655640 bytes,    1942152 total
- age   8:    7610152 bytes,    9552304 total
: 102717K->13188K(109248K), 0.0093857 secs] 242231K->155219K(502464K), 0.0094670 secs] [Times: user=0.04 sys=0.00, real=0.01 secs] 
Heap after GC invocations=55 (full 3):
 par new generation   total 109248K, used 13188K [0x00000007a0000000, 0x00000007a8000000, 0x00000007a8000000)
  eden space 87424K,   0% used [0x00000007a0000000, 0x00000007a0000000, 0x00000007a5560000)
  from space 21824K,  60% used [0x00000007a6ab0000, 0x00000007a7791208, 0x00000007a8000000)
  to   space 21824K,   0% used [0x00000007a5560000, 0x00000007a5560000, 0x00000007a6ab0000)
 concurrent mark-sweep generation total 393216K, used 142031K [0x00000007a8000000, 0x00000007c0000000, 0x00000007c0000000)
 Metaspace       used 34118K, capacity 34640K, committed 35196K, reserved 1081344K
  class space    used 4021K, capacity 4185K, committed 4220K, reserved 1048576K
}
2016-10-24T04:48:52.380+0800: 87.720: Total time for which application threads were stopped: 0.0096578 seconds, Stopping threads took: 0.0000414 seconds
2016-10-24T04:48:52.475+0800: 87.814: Total time for which application threads were stopped: 0.0000742 seconds, Stopping threads took: 0.0000164 seconds
2016-10-24T04:48:52.618+0800: 87.958: Total time for which application threads were stopped: 0.0001064 seconds, Stopping threads took: 0.0000186 seconds
2016-10-24T04:48:52.618+0800: 87.958: Total time for which application threads were stopped: 0.0000693 seconds, Stopping threads took: 0.0000128 seconds
2016-10-24T04:48:52.618+0800: 87.958: Total time for which application threads were stopped: 0.0000629 seconds, Stopping threads took: 0.0000112 seconds
2016-10-24T04:48:52.618+0800: 87.958: Total time for which application threads were stopped: 0.0000665 seconds, Stopping threads took: 0.0000237 seconds
2016-10-24T04:48:52.618+0800: 87.958: Total time for which application threads were stopped: 0.0000693 seconds, Stopping threads took: 0.0000250 seconds
2016-10-24T04:48:52.619+0800: 87.958: Total time for which application threads were stopped: 0.0000666 seconds, Stopping threads took: 0.0000092 seconds
2016-10-24T04:48:52.620+0800: 87.960: Total time for which application threads were stopped: 0.0000960 seconds, Stopping threads took: 0.0000332 seconds
2016-10-24T04:48:52.621+0800: 87.960: Total time for which application threads were stopped: 0.0000812 seconds, Stopping threads took: 0.0000232 seconds
2016-10-24T04:48:52.621+0800: 87.960: Total time for which application threads were stopped: 0.0000791 seconds, Stopping threads took: 0.0000281 seconds
2016-10-24T04:48:52.621+0800: 87.960: Total time for which application threads were stopped: 0.0000690 seconds, Stopping threads took: 0.0000213 seconds
2016-10-24T04:48:52.621+0800: 87.960: Total time for which application threads were stopped: 0.0000676 seconds, Stopping threads took: 0.0000208 seconds
2016-10-24T04:48:52.621+0800: 87.961: Total time for which application threads were stopped: 0.0000664 seconds, Stopping threads took: 0.0000211 seconds
2016-10-24T04:48:52.621+0800: 87.961: Total time for which application threads were stopped: 0.0000724 seconds, Stopping threads took: 0.0000286 seconds
2016-10-24T04:48:52.621+0800: 87.961: Total time for which application threads were stopped: 0.0000479 seconds, Stopping threads took: 0.0000090 seconds
2016-10-24T04:48:52.621+0800: 87.961: Total time for which application threads were stopped: 0.0000444 seconds, Stopping threads took: 0.0000082 seconds
2016-10-24T04:48:52.622+0800: 87.961: Total time for which application threads were stopped: 0.0000739 seconds, Stopping threads took: 0.0000371 seconds
2016-10-24T04:48:52.622+0800: 87.961: Total time for which application threads were stopped: 0.0000575 seconds, Stopping threads took: 0.0000201 seconds
2016-10-24T04:48:52.626+0800: 87.966: Total time for which application threads were stopped: 0.0000876 seconds, Stopping threads took: 0.0000291 seconds
2016-10-24T04:48:52.649+0800: 87.988: Total time for which application threads were stopped: 0.0000938 seconds, Stopping threads took: 0.0000145 seconds
2016-10-24T04:48:53.652+0800: 88.991: Total time for which application threads were stopped: 0.0001854 seconds, Stopping threads took: 0.0000509 seconds
2016-10-24T04:49:07.690+0800: 103.030: Total time for which application threads were stopped: 0.0001434 seconds, Stopping threads took: 0.0000496 seconds
2016-10-24T04:49:12.700+0800: 108.041: Total time for which application threads were stopped: 0.0001153 seconds, Stopping threads took: 0.0000219 seconds
2016-10-24T04:49:25.728+0800: 121.069: Total time for which application threads were stopped: 0.0001231 seconds, Stopping threads took: 0.0000305 seconds
2016-10-24T04:49:34.408+0800: 129.749: Total time for which application threads were stopped: 0.0000689 seconds, Stopping threads took: 0.0000158 seconds
2016-10-24T04:49:34.408+0800: 129.749: Total time for which application threads were stopped: 0.0001023 seconds, Stopping threads took: 0.0000653 seconds
{Heap before GC invocations=55 (full 3):
 par new generation   total 109248K, used 100612K [0x00000007a0000000, 0x00000007a8000000, 0x00000007a8000000)
  eden space 87424K, 100% used [0x00000007a0000000, 0x00000007a5560000, 0x00000007a5560000)
  from space 21824K,  60% used [0x00000007a6ab0000, 0x00000007a7791208, 0x00000007a8000000)
  to   space 21824K,   0% used [0x00000007a5560000, 0x00000007a5560000, 0x00000007a6ab0000)
 concurrent mark-sweep generation total 393216K, used 142031K [0x00000007a8000000, 0x00000007c0000000, 0x00000007c0000000)
 Metaspace       used 34143K, capacity 34640K, committed 35196K, reserved 1081344K
  class space    used 4021K, capacity 4185K, committed 4220K, reserved 1048576K
2016-10-24T04:49:34.437+0800: 129.778: [GC (Allocation Failure) 2016-10-24T04:49:34.437+0800: 129.778: [ParNew
Desired survivor size 20112992 bytes, new threshold 8 (max 8)
- age   1:    1389880 bytes,    1389880 total
- age   6:        200 bytes,    1390080 total
- age   8:    1123264 bytes,    2513344 total
: 100612K->4810K(109248K), 0.0073705 secs] 242643K->153807K(502464K), 0.0074271 secs] [Times: user=0.02 sys=0.00, real=0.01 secs] 
Heap after GC invocations=56 (full 3):
 par new generation   total 109248K, used 4810K [0x00000007a0000000, 0x00000007a8000000, 0x00000007a8000000)
  eden space 87424K,   0% used [0x00000007a0000000, 0x00000007a0000000, 0x00000007a5560000)
  from space 21824K,  22% used [0x00000007a5560000, 0x00000007a5a12900, 0x00000007a6ab0000)
  to   space 21824K,   0% used [0x00000007a6ab0000, 0x00000007a6ab0000, 0x00000007a8000000)
 concurrent mark-sweep generation total 393216K, used 148996K [0x00000007a8000000, 0x00000007c0000000, 0x00000007c0000000)
 Metaspace       used 34143K, capacity 34640K, committed 35196K, reserved 1081344K
  class space    used 4021K, capacity 4185K, committed 4220K, reserved 1048576K
}
2016-10-24T04:49:34.445+0800: 129.786: Total time for which application threads were stopped: 0.0075779 seconds, Stopping threads took: 0.0000252 seconds
{Heap before GC invocations=56 (full 3):
 par new generation   total 109248K, used 92119K [0x00000007a0000000, 0x00000007a8000000, 0x00000007a8000000)
  eden space 87424K,  99% used [0x00000007a0000000, 0x00000007a55434d0, 0x00000007a5560000)
  from space 21824K,  22% used [0x00000007a5560000, 0x00000007a5a12900, 0x00000007a6ab0000)
  to   space 21824K,   0% used [0x00000007a6ab0000, 0x00000007a6ab0000, 0x00000007a8000000)
 concurrent mark-sweep generation total 393216K, used 148996K [0x00000007a8000000, 0x00000007c0000000, 0x00000007c0000000)
 Metaspace       used 34143K, capacity 34640K, committed 35196K, reserved 1081344K
  class space    used 4021K, capacity 4185K, committed 4220K, reserved 1048576K
2016-10-24T04:49:34.686+0800: 130.027: [GC (Allocation Failure) 2016-10-24T04:49:34.686+0800: 130.027: [ParNew
Desired survivor size 20112992 bytes, new threshold 8 (max 8)
- age   1:    7937304 bytes,    7937304 total
- age   2:    1172072 bytes,    9109376 total
- age   7:        200 bytes,    9109576 total
: 92119K->9714K(109248K), 0.0058399 secs] 241116K->159825K(502464K), 0.0059244 secs] [Times: user=0.02 sys=0.00, real=0.01 secs] 
Heap after GC invocations=57 (full 3):
 par new generation   total 109248K, used 9714K [0x00000007a0000000, 0x00000007a8000000, 0x00000007a8000000)
  eden space 87424K,   0% used [0x00000007a0000000, 0x00000007a0000000, 0x00000007a5560000)
  from space 21824K,  44% used [0x00000007a6ab0000, 0x00000007a742c838, 0x00000007a8000000)
  to   space 21824K,   0% used [0x00000007a5560000, 0x00000007a5560000, 0x00000007a6ab0000)
 concurrent mark-sweep generation total 393216K, used 150111K [0x00000007a8000000, 0x00000007c0000000, 0x00000007c0000000)
 Metaspace       used 34143K, capacity 34640K, committed 35196K, reserved 1081344K
  class space    used 4021K, capacity 4185K, committed 4220K, reserved 1048576K
}
2016-10-24T04:49:34.692+0800: 130.033: Total time for which application threads were stopped: 0.0061036 seconds, Stopping threads took: 0.0000318 seconds
{Heap before GC invocations=57 (full 3):
 par new generation   total 109248K, used 97138K [0x00000007a0000000, 0x00000007a8000000, 0x00000007a8000000)
  eden space 87424K, 100% used [0x00000007a0000000, 0x00000007a5560000, 0x00000007a5560000)
  from space 21824K,  44% used [0x00000007a6ab0000, 0x00000007a742c838, 0x00000007a8000000)
  to   space 21824K,   0% used [0x00000007a5560000, 0x00000007a5560000, 0x00000007a6ab0000)
 concurrent mark-sweep generation total 393216K, used 150111K [0x00000007a8000000, 0x00000007c0000000, 0x00000007c0000000)
 Metaspace       used 34143K, capacity 34640K, committed 35196K, reserved 1081344K
  class space    used 4021K, capacity 4185K, committed 4220K, reserved 1048576K
2016-10-24T04:49:34.950+0800: 130.291: [GC (Allocation Failure) 2016-10-24T04:49:34.950+0800: 130.291: [ParNew
Desired survivor size 20112992 bytes, new threshold 8 (max 8)
- age   1:   10207184 bytes,   10207184 total
- age   2:    4291496 bytes,   14498680 total
- age   3:    1172048 bytes,   15670728 total
- age   8:        200 bytes,   15670928 total
: 97138K->18865K(109248K), 0.0054436 secs] 247249K->168977K(502464K), 0.0055000 secs] [Times: user=0.02 sys=0.00, real=0.00 secs] 
Heap after GC invocations=58 (full 3):
 par new generation   total 109248K, used 18865K [0x00000007a0000000, 0x00000007a8000000, 0x00000007a8000000)
  eden space 87424K,   0% used [0x00000007a0000000, 0x00000007a0000000, 0x00000007a5560000)
  from space 21824K,  86% used [0x00000007a5560000, 0x00000007a67cc738, 0x00000007a6ab0000)
  to   space 21824K,   0% used [0x00000007a6ab0000, 0x00000007a6ab0000, 0x00000007a8000000)
 concurrent mark-sweep generation total 393216K, used 150111K [0x00000007a8000000, 0x00000007c0000000, 0x00000007c0000000)
 Metaspace       used 34143K, capacity 34640K, committed 35196K, reserved 1081344K
  class space    used 4021K, capacity 4185K, committed 4220K, reserved 1048576K
}
2016-10-24T04:49:34.955+0800: 130.296: Total time for which application threads were stopped: 0.0056860 seconds, Stopping threads took: 0.0000303 seconds
{Heap before GC invocations=58 (full 3):
 par new generation   total 109248K, used 106289K [0x00000007a0000000, 0x00000007a8000000, 0x00000007a8000000)
  eden space 87424K, 100% used [0x00000007a0000000, 0x00000007a5560000, 0x00000007a5560000)
  from space 21824K,  86% used [0x00000007a5560000, 0x00000007a67cc738, 0x00000007a6ab0000)
  to   space 21824K,   0% used [0x00000007a6ab0000, 0x00000007a6ab0000, 0x00000007a8000000)
 concurrent mark-sweep generation total 393216K, used 150111K [0x00000007a8000000, 0x00000007c0000000, 0x00000007c0000000)
 Metaspace       used 34143K, capacity 34640K, committed 35196K, reserved 1081344K
  class space    used 4021K, capacity 4185K, committed 4220K, reserved 1048576K
2016-10-24T04:49:35.211+0800: 130.552: [GC (Allocation Failure) 2016-10-24T04:49:35.211+0800: 130.552: [ParNew
Desired survivor size 20112992 bytes, new threshold 8 (max 8)
- age   1:    8785752 bytes,    8785752 total
- age   2:    4152512 bytes,   12938264 total
- age   3:    4085368 bytes,   17023632 total
- age   4:     927928 bytes,   17951560 total
: 106289K->21824K(109248K), 0.0079020 secs] 256401K->176791K(502464K), 0.0079643 secs] [Times: user=0.02 sys=0.00, real=0.00 secs] 
Heap after GC invocations=59 (full 3):
 par new generation   total 109248K, used 21824K [0x00000007a0000000, 0x00000007a8000000, 0x00000007a8000000)
  eden space 87424K,   0% used [0x00000007a0000000, 0x00000007a0000000, 0x00000007a5560000)
  from space 21824K, 100% used [0x00000007a6ab0000, 0x00000007a8000000, 0x00000007a8000000)
  to   space 21824K,   0% used [0x00000007a5560000, 0x00000007a5560000, 0x00000007a6ab0000)
 concurrent mark-sweep generation total 393216K, used 154967K [0x00000007a8000000, 0x00000007c0000000, 0x00000007c0000000)
 Metaspace       used 34143K, capacity 34640K, committed 35196K, reserved 1081344K
  class space    used 4021K, capacity 4185K, committed 4220K, reserved 1048576K
}
2016-10-24T04:49:35.219+0800: 130.560: Total time for which application threads were stopped: 0.0081145 seconds, Stopping threads took: 0.0000201 seconds
{Heap before GC invocations=59 (full 3):
 par new generation   total 109248K, used 109248K [0x00000007a0000000, 0x00000007a8000000, 0x00000007a8000000)
  eden space 87424K, 100% used [0x00000007a0000000, 0x00000007a5560000, 0x00000007a5560000)
  from space 21824K, 100% used [0x00000007a6ab0000, 0x00000007a8000000, 0x00000007a8000000)
  to   space 21824K,   0% used [0x00000007a5560000, 0x00000007a5560000, 0x00000007a6ab0000)
 concurrent mark-sweep generation total 393216K, used 154967K [0x00000007a8000000, 0x00000007c0000000, 0x00000007c0000000)
 Metaspace       used 34143K, capacity 34640K, committed 35196K, reserved 1081344K
  class space    used 4021K, capacity 4185K, committed 4220K, reserved 1048576K
2016-10-24T04:49:35.499+0800: 130.840: [GC (Allocation Failure) 2016-10-24T04:49:35.499+0800: 130.840: [ParNew
Desired survivor size 20112992 bytes, new threshold 5 (max 8)
- age   1:    8859008 bytes,    8859008 total
- age   2:    4182744 bytes,   13041752 total
- age   3:    3179672 bytes,   16221424 total
- age   4:    3257480 bytes,   19478904 total
- age   5:     881768 bytes,   20360672 total
: 109248K->21824K(109248K), 0.0106949 secs] 264215K->182902K(502464K), 0.0107735 secs] [Times: user=0.03 sys=0.00, real=0.01 secs] 
Heap after GC invocations=60 (full 3):
 par new generation   total 109248K, used 21824K [0x00000007a0000000, 0x00000007a8000000, 0x00000007a8000000)
  eden space 87424K,   0% used [0x00000007a0000000, 0x00000007a0000000, 0x00000007a5560000)
  from space 21824K, 100% used [0x00000007a5560000, 0x00000007a6ab0000, 0x00000007a6ab0000)
  to   space 21824K,   0% used [0x00000007a6ab0000, 0x00000007a6ab0000, 0x00000007a8000000)
 concurrent mark-sweep generation total 393216K, used 161078K [0x00000007a8000000, 0x00000007c0000000, 0x00000007c0000000)
 Metaspace       used 34143K, capacity 34640K, committed 35196K, reserved 1081344K
  class space    used 4021K, capacity 4185K, committed 4220K, reserved 1048576K
}
2016-10-24T04:49:35.509+0800: 130.850: Total time for which application threads were stopped: 0.0109480 seconds, Stopping threads took: 0.0000209 seconds
{Heap before GC invocations=60 (full 3):
 par new generation   total 109248K, used 109248K [0x00000007a0000000, 0x00000007a8000000, 0x00000007a8000000)
  eden space 87424K, 100% used [0x00000007a0000000, 0x00000007a5560000, 0x00000007a5560000)
  from space 21824K, 100% used [0x00000007a5560000, 0x00000007a6ab0000, 0x00000007a6ab0000)
  to   space 21824K,   0% used [0x00000007a6ab0000, 0x00000007a6ab0000, 0x00000007a8000000)
 concurrent mark-sweep generation total 393216K, used 161078K [0x00000007a8000000, 0x00000007c0000000, 0x00000007c0000000)
 Metaspace       used 34143K, capacity 34640K, committed 35196K, reserved 1081344K
  class space    used 4021K, capacity 4185K, committed 4220K, reserved 1048576K
2016-10-24T04:49:35.792+0800: 131.133: [GC (Allocation Failure) 2016-10-24T04:49:35.792+0800: 131.133: [ParNew
Desired survivor size 20112992 bytes, new threshold 8 (max 8)
- age   1:    8032640 bytes,    8032640 total
- age   2:    3420032 bytes,   11452672 total
- age   3:    2537960 bytes,   13990632 total
- age   4:    2545592 bytes,   16536224 total
- age   5:    2638584 bytes,   19174808 total
: 109248K->21824K(109248K), 0.0115863 secs] 270326K->194923K(502464K), 0.0116496 secs] [Times: user=0.04 sys=0.01, real=0.01 secs] 
Heap after GC invocations=61 (full 3):
 par new generation   total 109248K, used 21824K [0x00000007a0000000, 0x00000007a8000000, 0x00000007a8000000)
  eden space 87424K,   0% used [0x00000007a0000000, 0x00000007a0000000, 0x00000007a5560000)
  from space 21824K, 100% used [0x00000007a6ab0000, 0x00000007a8000000, 0x00000007a8000000)
  to   space 21824K,   0% used [0x00000007a5560000, 0x00000007a5560000, 0x00000007a6ab0000)
 concurrent mark-sweep generation total 393216K, used 173099K [0x00000007a8000000, 0x00000007c0000000, 0x00000007c0000000)
 Metaspace       used 34143K, capacity 34640K, committed 35196K, reserved 1081344K
  class space    used 4021K, capacity 4185K, committed 4220K, reserved 1048576K
}
2016-10-24T04:49:35.804+0800: 131.145: Total time for which application threads were stopped: 0.0118316 seconds, Stopping threads took: 0.0000238 seconds
{Heap before GC invocations=61 (full 3):
 par new generation   total 109248K, used 109248K [0x00000007a0000000, 0x00000007a8000000, 0x00000007a8000000)
  eden space 87424K, 100% used [0x00000007a0000000, 0x00000007a5560000, 0x00000007a5560000)
  from space 21824K, 100% used [0x00000007a6ab0000, 0x00000007a8000000, 0x00000007a8000000)
  to   space 21824K,   0% used [0x00000007a5560000, 0x00000007a5560000, 0x00000007a6ab0000)
 concurrent mark-sweep generation total 393216K, used 173099K [0x00000007a8000000, 0x00000007c0000000, 0x00000007c0000000)
 Metaspace       used 34143K, capacity 34640K, committed 35196K, reserved 1081344K
  class space    used 4021K, capacity 4185K, committed 4220K, reserved 1048576K
2016-10-24T04:49:36.080+0800: 131.421: [GC (Allocation Failure) 2016-10-24T04:49:36.080+0800: 131.421: [ParNew
Desired survivor size 20112992 bytes, new threshold 8 (max 8)
- age   1:    5475432 bytes,    5475432 total
- age   2:    3579440 bytes,    9054872 total
- age   3:    3296008 bytes,   12350880 total
- age   4:    2424936 bytes,   14775816 total
- age   5:    2438328 bytes,   17214144 total
- age   6:    2531064 bytes,   19745208 total
: 109248K->21824K(109248K), 0.0088182 secs] 282347K->204046K(502464K), 0.0088783 secs] [Times: user=0.03 sys=0.00, real=0.00 secs] 
Heap after GC invocations=62 (full 3):
 par new generation   total 109248K, used 21824K [0x00000007a0000000, 0x00000007a8000000, 0x00000007a8000000)
  eden space 87424K,   0% used [0x00000007a0000000, 0x00000007a0000000, 0x00000007a5560000)
  from space 21824K, 100% used [0x00000007a5560000, 0x00000007a6ab0000, 0x00000007a6ab0000)
  to   space 21824K,   0% used [0x00000007a6ab0000, 0x00000007a6ab0000, 0x00000007a8000000)
 concurrent mark-sweep generation total 393216K, used 182222K [0x00000007a8000000, 0x00000007c0000000, 0x00000007c0000000)
 Metaspace       used 34143K, capacity 34640K, committed 35196K, reserved 1081344K
  class space    used 4021K, capacity 4185K, committed 4220K, reserved 1048576K
}
2016-10-24T04:49:36.089+0800: 131.430: Total time for which application threads were stopped: 0.0090453 seconds, Stopping threads took: 0.0000319 seconds
{Heap before GC invocations=62 (full 3):
 par new generation   total 109248K, used 109248K [0x00000007a0000000, 0x00000007a8000000, 0x00000007a8000000)
  eden space 87424K, 100% used [0x00000007a0000000, 0x00000007a5560000, 0x00000007a5560000)
  from space 21824K, 100% used [0x00000007a5560000, 0x00000007a6ab0000, 0x00000007a6ab0000)
  to   space 21824K,   0% used [0x00000007a6ab0000, 0x00000007a6ab0000, 0x00000007a8000000)
 concurrent mark-sweep generation total 393216K, used 182222K [0x00000007a8000000, 0x00000007c0000000, 0x00000007c0000000)
 Metaspace       used 34143K, capacity 34640K, committed 35196K, reserved 1081344K
  class space    used 4021K, capacity 4185K, committed 4220K, reserved 1048576K
2016-10-24T04:49:36.372+0800: 131.713: [GC (Allocation Failure) 2016-10-24T04:49:36.372+0800: 131.713: [ParNew
Desired survivor size 20112992 bytes, new threshold 7 (max 8)
- age   1:    5977216 bytes,    5977216 total
- age   2:    2254504 bytes,    8231720 total
- age   3:    3497992 bytes,   11729712 total
- age   4:    2572840 bytes,   14302552 total
- age   5:    2368944 bytes,   16671496 total
- age   6:    2382256 bytes,   19053752 total
- age   7:    2478176 bytes,   21531928 total
: 109248K->21824K(109248K), 0.0093195 secs] 291470K->216367K(502464K), 0.0093868 secs] [Times: user=0.04 sys=0.00, real=0.01 secs] 
Heap after GC invocations=63 (full 3):
 par new generation   total 109248K, used 21824K [0x00000007a0000000, 0x00000007a8000000, 0x00000007a8000000)
  eden space 87424K,   0% used [0x00000007a0000000, 0x00000007a0000000, 0x00000007a5560000)
  from space 21824K, 100% used [0x00000007a6ab0000, 0x00000007a8000000, 0x00000007a8000000)
  to   space 21824K,   0% used [0x00000007a5560000, 0x00000007a5560000, 0x00000007a6ab0000)
 concurrent mark-sweep generation total 393216K, used 194543K [0x00000007a8000000, 0x00000007c0000000, 0x00000007c0000000)
 Metaspace       used 34143K, capacity 34640K, committed 35196K, reserved 1081344K
  class space    used 4021K, capacity 4185K, committed 4220K, reserved 1048576K
}
2016-10-24T04:49:36.381+0800: 131.722: Total time for which application threads were stopped: 0.0095443 seconds, Stopping threads took: 0.0000205 seconds
{Heap before GC invocations=63 (full 3):
 par new generation   total 109248K, used 109248K [0x00000007a0000000, 0x00000007a8000000, 0x00000007a8000000)
  eden space 87424K, 100% used [0x00000007a0000000, 0x00000007a5560000, 0x00000007a5560000)
  from space 21824K, 100% used [0x00000007a6ab0000, 0x00000007a8000000, 0x00000007a8000000)
  to   space 21824K,   0% used [0x00000007a5560000, 0x00000007a5560000, 0x00000007a6ab0000)
 concurrent mark-sweep generation total 393216K, used 194543K [0x00000007a8000000, 0x00000007c0000000, 0x00000007c0000000)
 Metaspace       used 34143K, capacity 34640K, committed 35196K, reserved 1081344K
  class space    used 4021K, capacity 4185K, committed 4220K, reserved 1048576K
2016-10-24T04:49:36.669+0800: 132.010: [GC (Allocation Failure) 2016-10-24T04:49:36.669+0800: 132.010: [ParNew
Desired survivor size 20112992 bytes, new threshold 7 (max 8)
- age   1:    5515280 bytes,    5515280 total
- age   2:    4228704 bytes,    9743984 total
- age   3:    1864944 bytes,   11608928 total
- age   4:    3243928 bytes,   14852856 total
- age   5:    2357136 bytes,   17209992 total
- age   6:    2181592 bytes,   19391584 total
- age   7:    2219248 bytes,   21610832 total
: 109248K->21824K(109248K), 0.0122144 secs] 303791K->232552K(502464K), 0.0122880 secs] [Times: user=0.04 sys=0.00, real=0.02 secs] 
Heap after GC invocations=64 (full 3):
 par new generation   total 109248K, used 21824K [0x00000007a0000000, 0x00000007a8000000, 0x00000007a8000000)
  eden space 87424K,   0% used [0x00000007a0000000, 0x00000007a0000000, 0x00000007a5560000)
  from space 21824K, 100% used [0x00000007a5560000, 0x00000007a6ab0000, 0x00000007a6ab0000)
  to   space 21824K,   0% used [0x00000007a6ab0000, 0x00000007a6ab0000, 0x00000007a8000000)
 concurrent mark-sweep generation total 393216K, used 210728K [0x00000007a8000000, 0x00000007c0000000, 0x00000007c0000000)
 Metaspace       used 34143K, capacity 34640K, committed 35196K, reserved 1081344K
  class space    used 4021K, capacity 4185K, committed 4220K, reserved 1048576K
}
2016-10-24T04:49:36.682+0800: 132.023: Total time for which application threads were stopped: 0.0125029 seconds, Stopping threads took: 0.0000348 seconds
2016-10-24T04:49:36.682+0800: 132.023: [GC (CMS Initial Mark) [1 CMS-initial-mark: 210728K(393216K)] 234272K(502464K), 0.0035620 secs] [Times: user=0.00 sys=0.00, real=0.00 secs] 
2016-10-24T04:49:36.686+0800: 132.026: Total time for which application threads were stopped: 0.0037098 seconds, Stopping threads took: 0.0000690 seconds
2016-10-24T04:49:36.686+0800: 132.027: [CMS-concurrent-mark-start]
2016-10-24T04:49:36.700+0800: 132.041: [CMS-concurrent-mark: 0.014/0.014 secs] [Times: user=0.07 sys=0.00, real=0.02 secs] 
2016-10-24T04:49:36.700+0800: 132.041: [CMS-concurrent-preclean-start]
2016-10-24T04:49:36.701+0800: 132.042: [CMS-concurrent-preclean: 0.001/0.001 secs] [Times: user=0.01 sys=0.00, real=0.00 secs] 
2016-10-24T04:49:36.701+0800: 132.042: [CMS-concurrent-abortable-preclean-start]
2016-10-24T04:49:36.839+0800: 132.180: [CMS-concurrent-abortable-preclean: 0.137/0.137 secs] [Times: user=0.27 sys=0.00, real=0.13 secs] 
2016-10-24T04:49:36.839+0800: 132.180: [GC (CMS Final Remark) [YG occupancy: 76482 K (109248 K)]{Heap before GC invocations=64 (full 4):
 par new generation   total 109248K, used 76482K [0x00000007a0000000, 0x00000007a8000000, 0x00000007a8000000)
  eden space 87424K,  62% used [0x00000007a0000000, 0x00000007a3560810, 0x00000007a5560000)
  from space 21824K, 100% used [0x00000007a5560000, 0x00000007a6ab0000, 0x00000007a6ab0000)
  to   space 21824K,   0% used [0x00000007a6ab0000, 0x00000007a6ab0000, 0x00000007a8000000)
 concurrent mark-sweep generation total 393216K, used 210728K [0x00000007a8000000, 0x00000007c0000000, 0x00000007c0000000)
 Metaspace       used 34143K, capacity 34640K, committed 35196K, reserved 1081344K
  class space    used 4021K, capacity 4185K, committed 4220K, reserved 1048576K
2016-10-24T04:49:36.839+0800: 132.180: [GC (CMS Final Remark) 2016-10-24T04:49:36.839+0800: 132.180: [ParNew
Desired survivor size 20112992 bytes, new threshold 8 (max 8)
- age   1:    3367016 bytes,    3367016 total
- age   2:    3790216 bytes,    7157232 total
- age   3:    2965944 bytes,   10123176 total
- age   4:    1637328 bytes,   11760504 total
- age   5:    3104736 bytes,   14865240 total
- age   6:    2218056 bytes,   17083296 total
- age   7:    2059240 bytes,   19142536 total
: 76482K->21824K(109248K), 0.0126257 secs] 287210K->249998K(502464K), 0.0126878 secs] [Times: user=0.04 sys=0.01, real=0.02 secs] 
Heap after GC invocations=65 (full 4):
 par new generation   total 109248K, used 21824K [0x00000007a0000000, 0x00000007a8000000, 0x00000007a8000000)
  eden space 87424K,   0% used [0x00000007a0000000, 0x00000007a0000000, 0x00000007a5560000)
  from space 21824K, 100% used [0x00000007a6ab0000, 0x00000007a8000000, 0x00000007a8000000)
  to   space 21824K,   0% used [0x00000007a5560000, 0x00000007a5560000, 0x00000007a6ab0000)
 concurrent mark-sweep generation total 393216K, used 228174K [0x00000007a8000000, 0x00000007c0000000, 0x00000007c0000000)
 Metaspace       used 34143K, capacity 34640K, committed 35196K, reserved 1081344K
  class space    used 4021K, capacity 4185K, committed 4220K, reserved 1048576K
}
2016-10-24T04:49:36.852+0800: 132.193: [Rescan (parallel) , 0.0036880 secs]2016-10-24T04:49:36.856+0800: 132.197: [weak refs processing, 0.0009143 secs]2016-10-24T04:49:36.857+0800: 132.197: [class unloading, 0.0066241 secs]2016-10-24T04:49:36.863+0800: 132.204: [scrub symbol table, 0.0049661 secs]2016-10-24T04:49:36.868+0800: 132.209: [scrub string table, 0.0004987 secs][1 CMS-remark: 228174K(393216K)] 249998K(502464K), 0.0297482 secs] [Times: user=0.07 sys=0.01, real=0.03 secs] 
2016-10-24T04:49:36.869+0800: 132.210: Total time for which application threads were stopped: 0.0300672 seconds, Stopping threads took: 0.0001101 seconds
2016-10-24T04:49:36.869+0800: 132.210: [CMS-concurrent-sweep-start]
2016-10-24T04:49:36.925+0800: 132.266: [CMS-concurrent-sweep: 0.056/0.056 secs] [Times: user=0.10 sys=0.01, real=0.06 secs] 
2016-10-24T04:49:36.925+0800: 132.266: [CMS-concurrent-reset-start]
2016-10-24T04:49:36.925+0800: 132.266: [CMS-concurrent-reset: 0.000/0.000 secs] [Times: user=0.00 sys=0.00, real=0.00 secs] 
{Heap before GC invocations=65 (full 4):
 par new generation   total 109248K, used 109248K [0x00000007a0000000, 0x00000007a8000000, 0x00000007a8000000)
  eden space 87424K, 100% used [0x00000007a0000000, 0x00000007a5560000, 0x00000007a5560000)
  from space 21824K, 100% used [0x00000007a6ab0000, 0x00000007a8000000, 0x00000007a8000000)
  to   space 21824K,   0% used [0x00000007a5560000, 0x00000007a5560000, 0x00000007a6ab0000)
 concurrent mark-sweep generation total 393216K, used 77886K [0x00000007a8000000, 0x00000007c0000000, 0x00000007c0000000)
 Metaspace       used 34143K, capacity 34640K, committed 35196K, reserved 1081344K
  class space    used 4021K, capacity 4185K, committed 4220K, reserved 1048576K
2016-10-24T04:49:37.240+0800: 132.581: [GC (Allocation Failure) 2016-10-24T04:49:37.240+0800: 132.581: [ParNew
Desired survivor size 20112992 bytes, new threshold 8 (max 8)
- age   1:    5743048 bytes,    5743048 total
- age   2:     928640 bytes,    6671688 total
- age   3:    3427536 bytes,   10099224 total
- age   4:    2694968 bytes,   12794192 total
- age   5:    1375408 bytes,   14169600 total
- age   6:    2155984 bytes,   16325584 total
- age   7:    2083680 bytes,   18409264 total
- age   8:    1873200 bytes,   20282464 total
: 109248K->21824K(109248K), 0.0141527 secs] 187134K->114662K(502464K), 0.0141977 secs] [Times: user=0.06 sys=0.00, real=0.01 secs] 
Heap after GC invocations=66 (full 4):
 par new generation   total 109248K, used 21824K [0x00000007a0000000, 0x00000007a8000000, 0x00000007a8000000)
  eden space 87424K,   0% used [0x00000007a0000000, 0x00000007a0000000, 0x00000007a5560000)
  from space 21824K, 100% used [0x00000007a5560000, 0x00000007a6ab0000, 0x00000007a6ab0000)
  to   space 21824K,   0% used [0x00000007a6ab0000, 0x00000007a6ab0000, 0x00000007a8000000)
 concurrent mark-sweep generation total 393216K, used 92838K [0x00000007a8000000, 0x00000007c0000000, 0x00000007c0000000)
 Metaspace       used 34143K, capacity 34640K, committed 35196K, reserved 1081344K
  class space    used 4021K, capacity 4185K, committed 4220K, reserved 1048576K
}
2016-10-24T04:49:37.254+0800: 132.595: Total time for which application threads were stopped: 0.0143556 seconds, Stopping threads took: 0.0000189 seconds
{Heap before GC invocations=66 (full 4):
 par new generation   total 109248K, used 109248K [0x00000007a0000000, 0x00000007a8000000, 0x00000007a8000000)
  eden space 87424K, 100% used [0x00000007a0000000, 0x00000007a5560000, 0x00000007a5560000)
  from space 21824K, 100% used [0x00000007a5560000, 0x00000007a6ab0000, 0x00000007a6ab0000)
  to   space 21824K,   0% used [0x00000007a6ab0000, 0x00000007a6ab0000, 0x00000007a8000000)
 concurrent mark-sweep generation total 393216K, used 92838K [0x00000007a8000000, 0x00000007c0000000, 0x00000007c0000000)
 Metaspace       used 34143K, capacity 34640K, committed 35196K, reserved 1081344K
  class space    used 4021K, capacity 4185K, committed 4220K, reserved 1048576K
2016-10-24T04:49:37.542+0800: 132.883: [GC (Allocation Failure) 2016-10-24T04:49:37.542+0800: 132.883: [ParNew
Desired survivor size 20112992 bytes, new threshold 8 (max 8)
- age   1:    9675448 bytes,    9675448 total
- age   2:    1213416 bytes,   10888864 total
- age   3:     304760 bytes,   11193624 total
- age   4:    1824896 bytes,   13018520 total
- age   5:     879392 bytes,   13897912 total
- age   6:     343008 bytes,   14240920 total
- age   7:    1780704 bytes,   16021624 total
- age   8:    2003040 bytes,   18024664 total
: 109248K->21824K(109248K), 0.0135638 secs] 202086K->133696K(502464K), 0.0136128 secs] [Times: user=0.05 sys=0.00, real=0.01 secs] 
Heap after GC invocations=67 (full 4):
 par new generation   total 109248K, used 21824K [0x00000007a0000000, 0x00000007a8000000, 0x00000007a8000000)
  eden space 87424K,   0% used [0x00000007a0000000, 0x00000007a0000000, 0x00000007a5560000)
  from space 21824K, 100% used [0x00000007a6ab0000, 0x00000007a8000000, 0x00000007a8000000)
  to   space 21824K,   0% used [0x00000007a5560000, 0x00000007a5560000, 0x00000007a6ab0000)
 concurrent mark-sweep generation total 393216K, used 111872K [0x00000007a8000000, 0x00000007c0000000, 0x00000007c0000000)
 Metaspace       used 34143K, capacity 34640K, committed 35196K, reserved 1081344K
  class space    used 4021K, capacity 4185K, committed 4220K, reserved 1048576K
}
2016-10-24T04:49:37.556+0800: 132.897: Total time for which application threads were stopped: 0.0137686 seconds, Stopping threads took: 0.0000196 seconds
{Heap before GC invocations=67 (full 4):
 par new generation   total 109248K, used 109248K [0x00000007a0000000, 0x00000007a8000000, 0x00000007a8000000)
  eden space 87424K, 100% used [0x00000007a0000000, 0x00000007a5560000, 0x00000007a5560000)
  from space 21824K, 100% used [0x00000007a6ab0000, 0x00000007a8000000, 0x00000007a8000000)
  to   space 21824K,   0% used [0x00000007a5560000, 0x00000007a5560000, 0x00000007a6ab0000)
 concurrent mark-sweep generation total 393216K, used 111872K [0x00000007a8000000, 0x00000007c0000000, 0x00000007c0000000)
 Metaspace       used 34144K, capacity 34640K, committed 35196K, reserved 1081344K
  class space    used 4021K, capacity 4185K, committed 4220K, reserved 1048576K
2016-10-24T04:49:37.835+0800: 133.176: [GC (Allocation Failure) 2016-10-24T04:49:37.835+0800: 133.176: [ParNew
Desired survivor size 20112992 bytes, new threshold 8 (max 8)
- age   1:   10432392 bytes,   10432392 total
- age   2:    3286984 bytes,   13719376 total
- age   3:    1081112 bytes,   14800488 total
- age   4:     234920 bytes,   15035408 total
- age   5:    1706904 bytes,   16742312 total
- age   6:     793696 bytes,   17536008 total
- age   7:     267456 bytes,   17803464 total
- age   8:    1429984 bytes,   19233448 total
: 109248K->21824K(109248K), 0.0126343 secs] 221120K->148311K(502464K), 0.0126932 secs] [Times: user=0.04 sys=0.00, real=0.01 secs] 
Heap after GC invocations=68 (full 4):
 par new generation   total 109248K, used 21824K [0x00000007a0000000, 0x00000007a8000000, 0x00000007a8000000)
  eden space 87424K,   0% used [0x00000007a0000000, 0x00000007a0000000, 0x00000007a5560000)
  from space 21824K, 100% used [0x00000007a5560000, 0x00000007a6ab0000, 0x00000007a6ab0000)
  to   space 21824K,   0% used [0x00000007a6ab0000, 0x00000007a6ab0000, 0x00000007a8000000)
 concurrent mark-sweep generation total 393216K, used 126487K [0x00000007a8000000, 0x00000007c0000000, 0x00000007c0000000)
 Metaspace       used 34144K, capacity 34640K, committed 35196K, reserved 1081344K
  class space    used 4021K, capacity 4185K, committed 4220K, reserved 1048576K
}
2016-10-24T04:49:37.848+0800: 133.189: Total time for which application threads were stopped: 0.0128881 seconds, Stopping threads took: 0.0000184 seconds
{Heap before GC invocations=68 (full 4):
 par new generation   total 109248K, used 109248K [0x00000007a0000000, 0x00000007a8000000, 0x00000007a8000000)
  eden space 87424K, 100% used [0x00000007a0000000, 0x00000007a5560000, 0x00000007a5560000)
  from space 21824K, 100% used [0x00000007a5560000, 0x00000007a6ab0000, 0x00000007a6ab0000)
  to   space 21824K,   0% used [0x00000007a6ab0000, 0x00000007a6ab0000, 0x00000007a8000000)
 concurrent mark-sweep generation total 393216K, used 126487K [0x00000007a8000000, 0x00000007c0000000, 0x00000007c0000000)
 Metaspace       used 34144K, capacity 34640K, committed 35196K, reserved 1081344K
  class space    used 4021K, capacity 4185K, committed 4220K, reserved 1048576K
2016-10-24T04:49:38.133+0800: 133.474: [GC (Allocation Failure) 2016-10-24T04:49:38.133+0800: 133.474: [ParNew
Desired survivor size 20112992 bytes, new threshold 8 (max 8)
- age   1:   10535712 bytes,   10535712 total
- age   2:    4014992 bytes,   14550704 total
- age   3:    2618576 bytes,   17169280 total
- age   4:    1033912 bytes,   18203192 total
- age   5:     213192 bytes,   18416384 total
- age   6:     707024 bytes,   19123408 total
- age   7:     761040 bytes,   19884448 total
- age   8:     240376 bytes,   20124824 total
: 109248K->21824K(109248K), 0.0118892 secs] 235735K->162850K(502464K), 0.0119449 secs] [Times: user=0.05 sys=0.00, real=0.01 secs] 
Heap after GC invocations=69 (full 4):
 par new generation   total 109248K, used 21824K [0x00000007a0000000, 0x00000007a8000000, 0x00000007a8000000)
  eden space 87424K,   0% used [0x00000007a0000000, 0x00000007a0000000, 0x00000007a5560000)
  from space 21824K, 100% used [0x00000007a6ab0000, 0x00000007a8000000, 0x00000007a8000000)
  to   space 21824K,   0% used [0x00000007a5560000, 0x00000007a5560000, 0x00000007a6ab0000)
 concurrent mark-sweep generation total 393216K, used 141026K [0x00000007a8000000, 0x00000007c0000000, 0x00000007c0000000)
 Metaspace       used 34144K, capacity 34640K, committed 35196K, reserved 1081344K
  class space    used 4021K, capacity 4185K, committed 4220K, reserved 1048576K
}
2016-10-24T04:49:38.145+0800: 133.486: Total time for which application threads were stopped: 0.0120947 seconds, Stopping threads took: 0.0000178 seconds
{Heap before GC invocations=69 (full 4):
 par new generation   total 109248K, used 109248K [0x00000007a0000000, 0x00000007a8000000, 0x00000007a8000000)
  eden space 87424K, 100% used [0x00000007a0000000, 0x00000007a5560000, 0x00000007a5560000)
  from space 21824K, 100% used [0x00000007a6ab0000, 0x00000007a8000000, 0x00000007a8000000)
  to   space 21824K,   0% used [0x00000007a5560000, 0x00000007a5560000, 0x00000007a6ab0000)
 concurrent mark-sweep generation total 393216K, used 141026K [0x00000007a8000000, 0x00000007c0000000, 0x00000007c0000000)
 Metaspace       used 34144K, capacity 34640K, committed 35196K, reserved 1081344K
  class space    used 4021K, capacity 4185K, committed 4220K, reserved 1048576K
2016-10-24T04:49:38.391+0800: 133.732: [GC (Allocation Failure) 2016-10-24T04:49:38.391+0800: 133.732: [ParNew
Desired survivor size 20112992 bytes, new threshold 4 (max 8)
- age   1:    7695224 bytes,    7695224 total
- age   2:    9492496 bytes,   17187720 total
- age   3:    1082088 bytes,   18269808 total
- age   4:    2228288 bytes,   20498096 total
- age   5:     950832 bytes,   21448928 total
- age   6:     177944 bytes,   21626872 total
- age   7:     483024 bytes,   22109896 total
- age   8:     200136 bytes,   22310032 total
: 109248K->21824K(109248K), 0.0154312 secs] 250274K->168369K(502464K), 0.0154950 secs] [Times: user=0.06 sys=0.00, real=0.01 secs] 
Heap after GC invocations=70 (full 4):
 par new generation   total 109248K, used 21824K [0x00000007a0000000, 0x00000007a8000000, 0x00000007a8000000)
  eden space 87424K,   0% used [0x00000007a0000000, 0x00000007a0000000, 0x00000007a5560000)
  from space 21824K, 100% used [0x00000007a5560000, 0x00000007a6ab0000, 0x00000007a6ab0000)
  to   space 21824K,   0% used [0x00000007a6ab0000, 0x00000007a6ab0000, 0x00000007a8000000)
 concurrent mark-sweep generation total 393216K, used 146545K [0x00000007a8000000, 0x00000007c0000000, 0x00000007c0000000)
 Metaspace       used 34144K, capacity 34640K, committed 35196K, reserved 1081344K
  class space    used 4021K, capacity 4185K, committed 4220K, reserved 1048576K
}
2016-10-24T04:49:38.406+0800: 133.747: Total time for which application threads were stopped: 0.0156670 seconds, Stopping threads took: 0.0000327 seconds
{Heap before GC invocations=70 (full 4):
 par new generation   total 109248K, used 109248K [0x00000007a0000000, 0x00000007a8000000, 0x00000007a8000000)
  eden space 87424K, 100% used [0x00000007a0000000, 0x00000007a5560000, 0x00000007a5560000)
  from space 21824K, 100% used [0x00000007a5560000, 0x00000007a6ab0000, 0x00000007a6ab0000)
  to   space 21824K,   0% used [0x00000007a6ab0000, 0x00000007a6ab0000, 0x00000007a8000000)
 concurrent mark-sweep generation total 393216K, used 146545K [0x00000007a8000000, 0x00000007c0000000, 0x00000007c0000000)
 Metaspace       used 34144K, capacity 34640K, committed 35196K, reserved 1081344K
  class space    used 4021K, capacity 4185K, committed 4220K, reserved 1048576K
2016-10-24T04:49:38.637+0800: 133.978: [GC (Allocation Failure) 2016-10-24T04:49:38.637+0800: 133.978: [ParNew
Desired survivor size 20112992 bytes, new threshold 4 (max 8)
- age   1:    7072920 bytes,    7072920 total
- age   2:    3194672 bytes,   10267592 total
- age   3:    9438656 bytes,   19706248 total
- age   4:    1074416 bytes,   20780664 total
: 109248K->21824K(109248K), 0.0141521 secs] 255793K->175128K(502464K), 0.0142203 secs] [Times: user=0.05 sys=0.00, real=0.02 secs] 
Heap after GC invocations=71 (full 4):
 par new generation   total 109248K, used 21824K [0x00000007a0000000, 0x00000007a8000000, 0x00000007a8000000)
  eden space 87424K,   0% used [0x00000007a0000000, 0x00000007a0000000, 0x00000007a5560000)
  from space 21824K, 100% used [0x00000007a6ab0000, 0x00000007a8000000, 0x00000007a8000000)
  to   space 21824K,   0% used [0x00000007a5560000, 0x00000007a5560000, 0x00000007a6ab0000)
 concurrent mark-sweep generation total 393216K, used 153304K [0x00000007a8000000, 0x00000007c0000000, 0x00000007c0000000)
 Metaspace       used 34144K, capacity 34640K, committed 35196K, reserved 1081344K
  class space    used 4021K, capacity 4185K, committed 4220K, reserved 1048576K
}
2016-10-24T04:49:38.651+0800: 133.992: Total time for which application threads were stopped: 0.0144085 seconds, Stopping threads took: 0.0000229 seconds
{Heap before GC invocations=71 (full 4):
 par new generation   total 109248K, used 109248K [0x00000007a0000000, 0x00000007a8000000, 0x00000007a8000000)
  eden space 87424K, 100% used [0x00000007a0000000, 0x00000007a5560000, 0x00000007a5560000)
  from space 21824K, 100% used [0x00000007a6ab0000, 0x00000007a8000000, 0x00000007a8000000)
  to   space 21824K,   0% used [0x00000007a5560000, 0x00000007a5560000, 0x00000007a6ab0000)
 concurrent mark-sweep generation total 393216K, used 153304K [0x00000007a8000000, 0x00000007c0000000, 0x00000007c0000000)
 Metaspace       used 34144K, capacity 34640K, committed 35196K, reserved 1081344K
  class space    used 4021K, capacity 4185K, committed 4220K, reserved 1048576K
2016-10-24T04:49:38.873+0800: 134.214: [GC (Allocation Failure) 2016-10-24T04:49:38.873+0800: 134.214: [ParNew
Desired survivor size 20112992 bytes, new threshold 4 (max 8)
- age   1:    6898864 bytes,    6898864 total
- age   2:    2585680 bytes,    9484544 total
- age   3:    2796864 bytes,   12281408 total
- age   4:    9319920 bytes,   21601328 total
: 109248K->21824K(109248K), 0.0153306 secs] 262552K->179854K(502464K), 0.0154017 secs] [Times: user=0.06 sys=0.00, real=0.01 secs] 
Heap after GC invocations=72 (full 4):
 par new generation   total 109248K, used 21824K [0x00000007a0000000, 0x00000007a8000000, 0x00000007a8000000)
  eden space 87424K,   0% used [0x00000007a0000000, 0x00000007a0000000, 0x00000007a5560000)
  from space 21824K, 100% used [0x00000007a5560000, 0x00000007a6ab0000, 0x00000007a6ab0000)
  to   space 21824K,   0% used [0x00000007a6ab0000, 0x00000007a6ab0000, 0x00000007a8000000)
 concurrent mark-sweep generation total 393216K, used 158030K [0x00000007a8000000, 0x00000007c0000000, 0x00000007c0000000)
 Metaspace       used 34144K, capacity 34640K, committed 35196K, reserved 1081344K
  class space    used 4021K, capacity 4185K, committed 4220K, reserved 1048576K
}
2016-10-24T04:49:38.888+0800: 134.229: Total time for which application threads were stopped: 0.0155675 seconds, Stopping threads took: 0.0000291 seconds
2016-10-24T04:49:43.529+0800: 138.870: Total time for which application threads were stopped: 0.0001242 seconds, Stopping threads took: 0.0000389 seconds
2016-10-24T04:49:43.671+0800: 139.012: Total time for which application threads were stopped: 0.0001251 seconds, Stopping threads took: 0.0000194 seconds
2016-10-24T04:49:43.733+0800: 139.074: Total time for which application threads were stopped: 0.0001419 seconds, Stopping threads took: 0.0000377 seconds
2016-10-24T04:49:43.733+0800: 139.074: Total time for which application threads were stopped: 0.0000473 seconds, Stopping threads took: 0.0000070 seconds
{Heap before GC invocations=72 (full 4):
 par new generation   total 109248K, used 109248K [0x00000007a0000000, 0x00000007a8000000, 0x00000007a8000000)
  eden space 87424K, 100% used [0x00000007a0000000, 0x00000007a5560000, 0x00000007a5560000)
  from space 21824K, 100% used [0x00000007a5560000, 0x00000007a6ab0000, 0x00000007a6ab0000)
  to   space 21824K,   0% used [0x00000007a6ab0000, 0x00000007a6ab0000, 0x00000007a8000000)
 concurrent mark-sweep generation total 393216K, used 158030K [0x00000007a8000000, 0x00000007c0000000, 0x00000007c0000000)
 Metaspace       used 34149K, capacity 34640K, committed 35196K, reserved 1081344K
  class space    used 4021K, capacity 4185K, committed 4220K, reserved 1048576K
2016-10-24T04:49:44.637+0800: 139.978: [GC (Allocation Failure) 2016-10-24T04:49:44.637+0800: 139.978: [ParNew
Desired survivor size 20112992 bytes, new threshold 8 (max 8)
- age   1:     888032 bytes,     888032 total
- age   2:    6737336 bytes,    7625368 total
- age   3:    2534752 bytes,   10160120 total
- age   4:    2746896 bytes,   12907016 total
: 109248K->16842K(109248K), 0.0100880 secs] 267278K->183973K(502464K), 0.0101584 secs] [Times: user=0.04 sys=0.00, real=0.01 secs] 
Heap after GC invocations=73 (full 4):
 par new generation   total 109248K, used 16842K [0x00000007a0000000, 0x00000007a8000000, 0x00000007a8000000)
  eden space 87424K,   0% used [0x00000007a0000000, 0x00000007a0000000, 0x00000007a5560000)
  from space 21824K,  77% used [0x00000007a6ab0000, 0x00000007a7b22af8, 0x00000007a8000000)
  to   space 21824K,   0% used [0x00000007a5560000, 0x00000007a5560000, 0x00000007a6ab0000)
 concurrent mark-sweep generation total 393216K, used 167131K [0x00000007a8000000, 0x00000007c0000000, 0x00000007c0000000)
 Metaspace       used 34149K, capacity 34640K, committed 35196K, reserved 1081344K
  class space    used 4021K, capacity 4185K, committed 4220K, reserved 1048576K
}
2016-10-24T04:49:44.647+0800: 139.988: Total time for which application threads were stopped: 0.0103311 seconds, Stopping threads took: 0.0000279 seconds
{Heap before GC invocations=73 (full 4):
 par new generation   total 109248K, used 104266K [0x00000007a0000000, 0x00000007a8000000, 0x00000007a8000000)
  eden space 87424K, 100% used [0x00000007a0000000, 0x00000007a5560000, 0x00000007a5560000)
  from space 21824K,  77% used [0x00000007a6ab0000, 0x00000007a7b22af8, 0x00000007a8000000)
  to   space 21824K,   0% used [0x00000007a5560000, 0x00000007a5560000, 0x00000007a6ab0000)
 concurrent mark-sweep generation total 393216K, used 167131K [0x00000007a8000000, 0x00000007c0000000, 0x00000007c0000000)
 Metaspace       used 34151K, capacity 34640K, committed 35196K, reserved 1081344K
  class space    used 4021K, capacity 4185K, committed 4220K, reserved 1048576K
2016-10-24T04:49:44.732+0800: 140.073: [GC (Allocation Failure) 2016-10-24T04:49:44.732+0800: 140.073: [ParNew
Desired survivor size 20112992 bytes, new threshold 8 (max 8)
- age   1:      80256 bytes,      80256 total
- age   2:     810240 bytes,     890496 total
- age   3:    6737336 bytes,    7627832 total
- age   4:    2534752 bytes,   10162584 total
- age   5:    2746896 bytes,   12909480 total
: 104266K->15632K(109248K), 0.0072120 secs] 271397K->182763K(502464K), 0.0072656 secs] [Times: user=0.02 sys=0.00, real=0.00 secs] 
Heap after GC invocations=74 (full 4):
 par new generation   total 109248K, used 15632K [0x00000007a0000000, 0x00000007a8000000, 0x00000007a8000000)
  eden space 87424K,   0% used [0x00000007a0000000, 0x00000007a0000000, 0x00000007a5560000)
  from space 21824K,  71% used [0x00000007a5560000, 0x00000007a64a41e8, 0x00000007a6ab0000)
  to   space 21824K,   0% used [0x00000007a6ab0000, 0x00000007a6ab0000, 0x00000007a8000000)
 concurrent mark-sweep generation total 393216K, used 167131K [0x00000007a8000000, 0x00000007c0000000, 0x00000007c0000000)
 Metaspace       used 34151K, capacity 34640K, committed 35196K, reserved 1081344K
  class space    used 4021K, capacity 4185K, committed 4220K, reserved 1048576K
}
2016-10-24T04:49:44.739+0800: 140.080: Total time for which application threads were stopped: 0.0074093 seconds, Stopping threads took: 0.0000184 seconds
{Heap before GC invocations=74 (full 4):
 par new generation   total 109248K, used 103056K [0x00000007a0000000, 0x00000007a8000000, 0x00000007a8000000)
  eden space 87424K, 100% used [0x00000007a0000000, 0x00000007a5560000, 0x00000007a5560000)
  from space 21824K,  71% used [0x00000007a5560000, 0x00000007a64a41e8, 0x00000007a6ab0000)
  to   space 21824K,   0% used [0x00000007a6ab0000, 0x00000007a6ab0000, 0x00000007a8000000)
 concurrent mark-sweep generation total 393216K, used 167131K [0x00000007a8000000, 0x00000007c0000000, 0x00000007c0000000)
 Metaspace       used 34152K, capacity 34640K, committed 35196K, reserved 1081344K
  class space    used 4021K, capacity 4185K, committed 4220K, reserved 1048576K
2016-10-24T04:49:44.875+0800: 140.217: [GC (Allocation Failure) 2016-10-24T04:49:44.875+0800: 140.217: [ParNew
Desired survivor size 20112992 bytes, new threshold 8 (max 8)
- age   1:      93592 bytes,      93592 total
- age   2:      10136 bytes,     103728 total
- age   3:     810240 bytes,     913968 total
- age   4:    6737336 bytes,    7651304 total
- age   5:    2534848 bytes,   10186152 total
- age   6:    2746896 bytes,   12933048 total
: 103056K->15604K(109248K), 0.0077086 secs] 270187K->182735K(502464K), 0.0077629 secs] [Times: user=0.03 sys=0.00, real=0.01 secs] 
Heap after GC invocations=75 (full 4):
 par new generation   total 109248K, used 15604K [0x00000007a0000000, 0x00000007a8000000, 0x00000007a8000000)
  eden space 87424K,   0% used [0x00000007a0000000, 0x00000007a0000000, 0x00000007a5560000)
  from space 21824K,  71% used [0x00000007a6ab0000, 0x00000007a79ed128, 0x00000007a8000000)
  to   space 21824K,   0% used [0x00000007a5560000, 0x00000007a5560000, 0x00000007a6ab0000)
 concurrent mark-sweep generation total 393216K, used 167131K [0x00000007a8000000, 0x00000007c0000000, 0x00000007c0000000)
 Metaspace       used 34152K, capacity 34640K, committed 35196K, reserved 1081344K
  class space    used 4021K, capacity 4185K, committed 4220K, reserved 1048576K
}
2016-10-24T04:49:44.883+0800: 140.224: Total time for which application threads were stopped: 0.0079324 seconds, Stopping threads took: 0.0000286 seconds
{Heap before GC invocations=75 (full 4):
 par new generation   total 109248K, used 103028K [0x00000007a0000000, 0x00000007a8000000, 0x00000007a8000000)
  eden space 87424K, 100% used [0x00000007a0000000, 0x00000007a5560000, 0x00000007a5560000)
  from space 21824K,  71% used [0x00000007a6ab0000, 0x00000007a79ed128, 0x00000007a8000000)
  to   space 21824K,   0% used [0x00000007a5560000, 0x00000007a5560000, 0x00000007a6ab0000)
 concurrent mark-sweep generation total 393216K, used 167131K [0x00000007a8000000, 0x00000007c0000000, 0x00000007c0000000)
 Metaspace       used 34152K, capacity 34640K, committed 35196K, reserved 1081344K
  class space    used 4021K, capacity 4185K, committed 4220K, reserved 1048576K
2016-10-24T04:49:44.960+0800: 140.302: [GC (Allocation Failure) 2016-10-24T04:49:44.960+0800: 140.302: [ParNew
Desired survivor size 20112992 bytes, new threshold 8 (max 8)
- age   1:     104272 bytes,     104272 total
- age   2:      53576 bytes,     157848 total
- age   3:      10136 bytes,     167984 total
- age   4:     810240 bytes,     978224 total
- age   5:    6737336 bytes,    7715560 total
- age   6:    2534752 bytes,   10250312 total
- age   7:    2746896 bytes,   12997208 total
: 103028K->15460K(109248K), 0.0091313 secs] 270159K->182591K(502464K), 0.0091855 secs] [Times: user=0.04 sys=0.00, real=0.01 secs] 
Heap after GC invocations=76 (full 4):
 par new generation   total 109248K, used 15460K [0x00000007a0000000, 0x00000007a8000000, 0x00000007a8000000)
  eden space 87424K,   0% used [0x00000007a0000000, 0x00000007a0000000, 0x00000007a5560000)
  from space 21824K,  70% used [0x00000007a5560000, 0x00000007a6479188, 0x00000007a6ab0000)
  to   space 21824K,   0% used [0x00000007a6ab0000, 0x00000007a6ab0000, 0x00000007a8000000)
 concurrent mark-sweep generation total 393216K, used 167131K [0x00000007a8000000, 0x00000007c0000000, 0x00000007c0000000)
 Metaspace       used 34152K, capacity 34640K, committed 35196K, reserved 1081344K
  class space    used 4021K, capacity 4185K, committed 4220K, reserved 1048576K
}
2016-10-24T04:49:44.970+0800: 140.311: Total time for which application threads were stopped: 0.0093501 seconds, Stopping threads took: 0.0000324 seconds
{Heap before GC invocations=76 (full 4):
 par new generation   total 109248K, used 102884K [0x00000007a0000000, 0x00000007a8000000, 0x00000007a8000000)
  eden space 87424K, 100% used [0x00000007a0000000, 0x00000007a5560000, 0x00000007a5560000)
  from space 21824K,  70% used [0x00000007a5560000, 0x00000007a6479188, 0x00000007a6ab0000)
  to   space 21824K,   0% used [0x00000007a6ab0000, 0x00000007a6ab0000, 0x00000007a8000000)
 concurrent mark-sweep generation total 393216K, used 167131K [0x00000007a8000000, 0x00000007c0000000, 0x00000007c0000000)
 Metaspace       used 34152K, capacity 34640K, committed 35196K, reserved 1081344K
  class space    used 4021K, capacity 4185K, committed 4220K, reserved 1048576K
2016-10-24T04:49:45.082+0800: 140.424: [GC (Allocation Failure) 2016-10-24T04:49:45.082+0800: 140.424: [ParNew
Desired survivor size 20112992 bytes, new threshold 8 (max 8)
- age   1:     263888 bytes,     263888 total
- age   3:       3152 bytes,     267040 total
- age   4:      10136 bytes,     277176 total
- age   5:     810240 bytes,    1087416 total
- age   6:    6737336 bytes,    7824752 total
- age   7:    2534752 bytes,   10359504 total
- age   8:    2746896 bytes,   13106400 total
: 102884K->17312K(109248K), 0.0087046 secs] 270015K->184443K(502464K), 0.0087629 secs] [Times: user=0.03 sys=0.00, real=0.01 secs] 
Heap after GC invocations=77 (full 4):
 par new generation   total 109248K, used 17312K [0x00000007a0000000, 0x00000007a8000000, 0x00000007a8000000)
  eden space 87424K,   0% used [0x00000007a0000000, 0x00000007a0000000, 0x00000007a5560000)
  from space 21824K,  79% used [0x00000007a6ab0000, 0x00000007a7b98080, 0x00000007a8000000)
  to   space 21824K,   0% used [0x00000007a5560000, 0x00000007a5560000, 0x00000007a6ab0000)
 concurrent mark-sweep generation total 393216K, used 167131K [0x00000007a8000000, 0x00000007c0000000, 0x00000007c0000000)
 Metaspace       used 34152K, capacity 34640K, committed 35196K, reserved 1081344K
  class space    used 4021K, capacity 4185K, committed 4220K, reserved 1048576K
}
2016-10-24T04:49:45.091+0800: 140.432: Total time for which application threads were stopped: 0.0089368 seconds, Stopping threads took: 0.0000273 seconds
{Heap before GC invocations=77 (full 4):
 par new generation   total 109248K, used 104736K [0x00000007a0000000, 0x00000007a8000000, 0x00000007a8000000)
  eden space 87424K, 100% used [0x00000007a0000000, 0x00000007a5560000, 0x00000007a5560000)
  from space 21824K,  79% used [0x00000007a6ab0000, 0x00000007a7b98080, 0x00000007a8000000)
  to   space 21824K,   0% used [0x00000007a5560000, 0x00000007a5560000, 0x00000007a6ab0000)
 concurrent mark-sweep generation total 393216K, used 167131K [0x00000007a8000000, 0x00000007c0000000, 0x00000007c0000000)
 Metaspace       used 34152K, capacity 34640K, committed 35196K, reserved 1081344K
  class space    used 4021K, capacity 4185K, committed 4220K, reserved 1048576K
2016-10-24T04:49:45.172+0800: 140.513: [GC (Allocation Failure) 2016-10-24T04:49:45.172+0800: 140.513: [ParNew
Desired survivor size 20112992 bytes, new threshold 8 (max 8)
- age   1:      87800 bytes,      87800 total
- age   2:      56584 bytes,     144384 total
- age   4:       3152 bytes,     147536 total
- age   5:      10136 bytes,     157672 total
- age   6:     810240 bytes,     967912 total
- age   7:    6737336 bytes,    7705248 total
- age   8:    2534752 bytes,   10240000 total
: 104736K->13730K(109248K), 0.0097034 secs] 271867K->183572K(502464K), 0.0097585 secs] [Times: user=0.03 sys=0.00, real=0.01 secs] 
Heap after GC invocations=78 (full 4):
 par new generation   total 109248K, used 13730K [0x00000007a0000000, 0x00000007a8000000, 0x00000007a8000000)
  eden space 87424K,   0% used [0x00000007a0000000, 0x00000007a0000000, 0x00000007a5560000)
  from space 21824K,  62% used [0x00000007a5560000, 0x00000007a62c89e0, 0x00000007a6ab0000)
  to   space 21824K,   0% used [0x00000007a6ab0000, 0x00000007a6ab0000, 0x00000007a8000000)
 concurrent mark-sweep generation total 393216K, used 169841K [0x00000007a8000000, 0x00000007c0000000, 0x00000007c0000000)
 Metaspace       used 34152K, capacity 34640K, committed 35196K, reserved 1081344K
  class space    used 4021K, capacity 4185K, committed 4220K, reserved 1048576K
}
2016-10-24T04:49:45.181+0800: 140.523: Total time for which application threads were stopped: 0.0099229 seconds, Stopping threads took: 0.0000307 seconds
{Heap before GC invocations=78 (full 4):
 par new generation   total 109248K, used 101154K [0x00000007a0000000, 0x00000007a8000000, 0x00000007a8000000)
  eden space 87424K, 100% used [0x00000007a0000000, 0x00000007a5560000, 0x00000007a5560000)
  from space 21824K,  62% used [0x00000007a5560000, 0x00000007a62c89e0, 0x00000007a6ab0000)
  to   space 21824K,   0% used [0x00000007a6ab0000, 0x00000007a6ab0000, 0x00000007a8000000)
 concurrent mark-sweep generation total 393216K, used 169841K [0x00000007a8000000, 0x00000007c0000000, 0x00000007c0000000)
 Metaspace       used 34152K, capacity 34640K, committed 35196K, reserved 1081344K
  class space    used 4021K, capacity 4185K, committed 4220K, reserved 1048576K
2016-10-24T04:49:45.308+0800: 140.649: [GC (Allocation Failure) 2016-10-24T04:49:45.308+0800: 140.649: [ParNew
Desired survivor size 20112992 bytes, new threshold 8 (max 8)
- age   1:     214448 bytes,     214448 total
- age   3:        224 bytes,     214672 total
- age   5:       3048 bytes,     217720 total
- age   6:      10136 bytes,     227856 total
- age   7:     810240 bytes,    1038096 total
- age   8:    6737336 bytes,    7775432 total
: 101154K->8857K(109248K), 0.0104847 secs] 270996K->181215K(502464K), 0.0105414 secs] [Times: user=0.06 sys=0.01, real=0.01 secs] 
Heap after GC invocations=79 (full 4):
 par new generation   total 109248K, used 8857K [0x00000007a0000000, 0x00000007a8000000, 0x00000007a8000000)
  eden space 87424K,   0% used [0x00000007a0000000, 0x00000007a0000000, 0x00000007a5560000)
  from space 21824K,  40% used [0x00000007a6ab0000, 0x00000007a7356770, 0x00000007a8000000)
  to   space 21824K,   0% used [0x00000007a5560000, 0x00000007a5560000, 0x00000007a6ab0000)
 concurrent mark-sweep generation total 393216K, used 172357K [0x00000007a8000000, 0x00000007c0000000, 0x00000007c0000000)
 Metaspace       used 34152K, capacity 34640K, committed 35196K, reserved 1081344K
  class space    used 4021K, capacity 4185K, committed 4220K, reserved 1048576K
}
2016-10-24T04:49:45.318+0800: 140.659: Total time for which application threads were stopped: 0.0106991 seconds, Stopping threads took: 0.0000201 seconds
2016-10-24T04:49:45.359+0800: 140.700: Total time for which application threads were stopped: 0.0001154 seconds, Stopping threads took: 0.0000356 seconds
2016-10-24T04:49:45.453+0800: 140.795: Total time for which application threads were stopped: 0.0001263 seconds, Stopping threads took: 0.0000361 seconds
2016-10-24T04:49:45.453+0800: 140.795: Total time for which application threads were stopped: 0.0000658 seconds, Stopping threads took: 0.0000116 seconds
2016-10-24T04:49:45.454+0800: 140.795: Total time for which application threads were stopped: 0.0000738 seconds, Stopping threads took: 0.0000237 seconds
2016-10-24T04:49:45.454+0800: 140.795: Total time for which application threads were stopped: 0.0001364 seconds, Stopping threads took: 0.0001022 seconds
2016-10-24T04:49:45.454+0800: 140.795: Total time for which application threads were stopped: 0.0000949 seconds, Stopping threads took: 0.0000652 seconds
2016-10-24T04:49:45.454+0800: 140.795: Total time for which application threads were stopped: 0.0000789 seconds, Stopping threads took: 0.0000214 seconds
2016-10-24T04:49:45.455+0800: 140.796: Total time for which application threads were stopped: 0.0000926 seconds, Stopping threads took: 0.0000341 seconds
2016-10-24T04:49:45.455+0800: 140.796: Total time for which application threads were stopped: 0.0000694 seconds, Stopping threads took: 0.0000221 seconds
2016-10-24T04:49:45.455+0800: 140.796: Total time for which application threads were stopped: 0.0000608 seconds, Stopping threads took: 0.0000201 seconds
2016-10-24T04:49:45.455+0800: 140.796: Total time for which application threads were stopped: 0.0000634 seconds, Stopping threads took: 0.0000247 seconds
2016-10-24T04:49:45.455+0800: 140.797: Total time for which application threads were stopped: 0.0000616 seconds, Stopping threads took: 0.0000198 seconds
2016-10-24T04:49:45.455+0800: 140.797: Total time for which application threads were stopped: 0.0000621 seconds, Stopping threads took: 0.0000213 seconds
2016-10-24T04:49:45.456+0800: 140.797: Total time for which application threads were stopped: 0.0001165 seconds, Stopping threads took: 0.0000190 seconds
2016-10-24T04:49:45.456+0800: 140.797: Total time for which application threads were stopped: 0.0000604 seconds, Stopping threads took: 0.0000293 seconds
2016-10-24T04:49:45.460+0800: 140.801: Total time for which application threads were stopped: 0.0000534 seconds, Stopping threads took: 0.0000112 seconds
2016-10-24T04:49:45.479+0800: 140.820: Total time for which application threads were stopped: 0.0000814 seconds, Stopping threads took: 0.0000171 seconds
2016-10-24T04:49:51.488+0800: 146.830: Total time for which application threads were stopped: 0.0001988 seconds, Stopping threads took: 0.0000568 seconds
2016-10-24T04:50:06.531+0800: 161.873: Total time for which application threads were stopped: 0.0001219 seconds, Stopping threads took: 0.0000327 seconds
2016-10-24T04:50:51.430+0800: 206.774: Total time for which application threads were stopped: 0.0000757 seconds, Stopping threads took: 0.0000165 seconds
2016-10-24T04:50:51.430+0800: 206.774: Total time for which application threads were stopped: 0.0000461 seconds, Stopping threads took: 0.0000076 seconds
{Heap before GC invocations=79 (full 4):
 par new generation   total 109248K, used 96281K [0x00000007a0000000, 0x00000007a8000000, 0x00000007a8000000)
  eden space 87424K, 100% used [0x00000007a0000000, 0x00000007a5560000, 0x00000007a5560000)
  from space 21824K,  40% used [0x00000007a6ab0000, 0x00000007a7356770, 0x00000007a8000000)
  to   space 21824K,   0% used [0x00000007a5560000, 0x00000007a5560000, 0x00000007a6ab0000)
 concurrent mark-sweep generation total 393216K, used 172357K [0x00000007a8000000, 0x00000007c0000000, 0x00000007c0000000)
 Metaspace       used 34174K, capacity 34644K, committed 35196K, reserved 1081344K
  class space    used 4021K, capacity 4185K, committed 4220K, reserved 1048576K
2016-10-24T04:50:51.553+0800: 206.896: [GC (Allocation Failure) 2016-10-24T04:50:51.553+0800: 206.896: [ParNew
Desired survivor size 20112992 bytes, new threshold 8 (max 8)
- age   1:    4146888 bytes,    4146888 total
- age   8:     415336 bytes,    4562224 total
: 96281K->7002K(109248K), 0.0090412 secs] 268639K->185794K(502464K), 0.0091058 secs] [Times: user=0.05 sys=0.00, real=0.01 secs] 
Heap after GC invocations=80 (full 4):
 par new generation   total 109248K, used 7002K [0x00000007a0000000, 0x00000007a8000000, 0x00000007a8000000)
  eden space 87424K,   0% used [0x00000007a0000000, 0x00000007a0000000, 0x00000007a5560000)
  from space 21824K,  32% used [0x00000007a5560000, 0x00000007a5c36a10, 0x00000007a6ab0000)
  to   space 21824K,   0% used [0x00000007a6ab0000, 0x00000007a6ab0000, 0x00000007a8000000)
 concurrent mark-sweep generation total 393216K, used 178791K [0x00000007a8000000, 0x00000007c0000000, 0x00000007c0000000)
 Metaspace       used 34174K, capacity 34644K, committed 35196K, reserved 1081344K
  class space    used 4021K, capacity 4185K, committed 4220K, reserved 1048576K
}
2016-10-24T04:50:51.562+0800: 206.905: Total time for which application threads were stopped: 0.0093071 seconds, Stopping threads took: 0.0000213 seconds
{Heap before GC invocations=80 (full 4):
 par new generation   total 109248K, used 94426K [0x00000007a0000000, 0x00000007a8000000, 0x00000007a8000000)
  eden space 87424K, 100% used [0x00000007a0000000, 0x00000007a5560000, 0x00000007a5560000)
  from space 21824K,  32% used [0x00000007a5560000, 0x00000007a5c36a10, 0x00000007a6ab0000)
  to   space 21824K,   0% used [0x00000007a6ab0000, 0x00000007a6ab0000, 0x00000007a8000000)
 concurrent mark-sweep generation total 393216K, used 178791K [0x00000007a8000000, 0x00000007c0000000, 0x00000007c0000000)
 Metaspace       used 34174K, capacity 34644K, committed 35196K, reserved 1081344K
  class space    used 4021K, capacity 4185K, committed 4220K, reserved 1048576K
2016-10-24T04:50:51.823+0800: 207.166: [GC (Allocation Failure) 2016-10-24T04:50:51.823+0800: 207.166: [ParNew
Desired survivor size 20112992 bytes, new threshold 8 (max 8)
- age   1:    8777672 bytes,    8777672 total
- age   2:    2681640 bytes,   11459312 total
: 94426K->12332K(109248K), 0.0061305 secs] 273218K->191536K(502464K), 0.0061991 secs] [Times: user=0.03 sys=0.00, real=0.00 secs] 
Heap after GC invocations=81 (full 4):
 par new generation   total 109248K, used 12332K [0x00000007a0000000, 0x00000007a8000000, 0x00000007a8000000)
  eden space 87424K,   0% used [0x00000007a0000000, 0x00000007a0000000, 0x00000007a5560000)
  from space 21824K,  56% used [0x00000007a6ab0000, 0x00000007a76bb0b8, 0x00000007a8000000)
  to   space 21824K,   0% used [0x00000007a5560000, 0x00000007a5560000, 0x00000007a6ab0000)
 concurrent mark-sweep generation total 393216K, used 179203K [0x00000007a8000000, 0x00000007c0000000, 0x00000007c0000000)
 Metaspace       used 34174K, capacity 34644K, committed 35196K, reserved 1081344K
  class space    used 4021K, capacity 4185K, committed 4220K, reserved 1048576K
}
2016-10-24T04:50:51.829+0800: 207.172: Total time for which application threads were stopped: 0.0063864 seconds, Stopping threads took: 0.0000228 seconds
{Heap before GC invocations=81 (full 4):
 par new generation   total 109248K, used 99756K [0x00000007a0000000, 0x00000007a8000000, 0x00000007a8000000)
  eden space 87424K, 100% used [0x00000007a0000000, 0x00000007a5560000, 0x00000007a5560000)
  from space 21824K,  56% used [0x00000007a6ab0000, 0x00000007a76bb0b8, 0x00000007a8000000)
  to   space 21824K,   0% used [0x00000007a5560000, 0x00000007a5560000, 0x00000007a6ab0000)
 concurrent mark-sweep generation total 393216K, used 179203K [0x00000007a8000000, 0x00000007c0000000, 0x00000007c0000000)
 Metaspace       used 34174K, capacity 34644K, committed 35196K, reserved 1081344K
  class space    used 4021K, capacity 4185K, committed 4220K, reserved 1048576K
2016-10-24T04:50:52.085+0800: 207.428: [GC (Allocation Failure) 2016-10-24T04:50:52.085+0800: 207.428: [ParNew
Desired survivor size 20112992 bytes, new threshold 8 (max 8)
- age   1:   11732504 bytes,   11732504 total
- age   2:    4442968 bytes,   16175472 total
- age   3:    2715584 bytes,   18891056 total
: 99756K->21481K(109248K), 0.0060779 secs] 278960K->200684K(502464K), 0.0061408 secs] [Times: user=0.02 sys=0.00, real=0.01 secs] 
Heap after GC invocations=82 (full 4):
 par new generation   total 109248K, used 21481K [0x00000007a0000000, 0x00000007a8000000, 0x00000007a8000000)
  eden space 87424K,   0% used [0x00000007a0000000, 0x00000007a0000000, 0x00000007a5560000)
  from space 21824K,  98% used [0x00000007a5560000, 0x00000007a6a5a430, 0x00000007a6ab0000)
  to   space 21824K,   0% used [0x00000007a6ab0000, 0x00000007a6ab0000, 0x00000007a8000000)
 concurrent mark-sweep generation total 393216K, used 179203K [0x00000007a8000000, 0x00000007c0000000, 0x00000007c0000000)
 Metaspace       used 34174K, capacity 34644K, committed 35196K, reserved 1081344K
  class space    used 4021K, capacity 4185K, committed 4220K, reserved 1048576K
}
2016-10-24T04:50:52.091+0800: 207.434: Total time for which application threads were stopped: 0.0063219 seconds, Stopping threads took: 0.0000209 seconds
{Heap before GC invocations=82 (full 4):
 par new generation   total 109248K, used 108905K [0x00000007a0000000, 0x00000007a8000000, 0x00000007a8000000)
  eden space 87424K, 100% used [0x00000007a0000000, 0x00000007a5560000, 0x00000007a5560000)
  from space 21824K,  98% used [0x00000007a5560000, 0x00000007a6a5a430, 0x00000007a6ab0000)
  to   space 21824K,   0% used [0x00000007a6ab0000, 0x00000007a6ab0000, 0x00000007a8000000)
 concurrent mark-sweep generation total 393216K, used 179203K [0x00000007a8000000, 0x00000007c0000000, 0x00000007c0000000)
 Metaspace       used 34174K, capacity 34644K, committed 35196K, reserved 1081344K
  class space    used 4021K, capacity 4185K, committed 4220K, reserved 1048576K
2016-10-24T04:50:52.427+0800: 207.770: [GC (Allocation Failure) 2016-10-24T04:50:52.427+0800: 207.770: [ParNew
Desired survivor size 20112992 bytes, new threshold 8 (max 8)
- age   1:    7983608 bytes,    7983608 total
- age   2:    4911704 bytes,   12895312 total
- age   3:    3998312 bytes,   16893624 total
- age   4:    2623000 bytes,   19516624 total
: 108905K->21824K(109248K), 0.0117312 secs] 288108K->206920K(502464K), 0.0118077 secs] [Times: user=0.04 sys=0.00, real=0.01 secs] 
Heap after GC invocations=83 (full 4):
 par new generation   total 109248K, used 21824K [0x00000007a0000000, 0x00000007a8000000, 0x00000007a8000000)
  eden space 87424K,   0% used [0x00000007a0000000, 0x00000007a0000000, 0x00000007a5560000)
  from space 21824K, 100% used [0x00000007a6ab0000, 0x00000007a8000000, 0x00000007a8000000)
  to   space 21824K,   0% used [0x00000007a5560000, 0x00000007a5560000, 0x00000007a6ab0000)
 concurrent mark-sweep generation total 393216K, used 185096K [0x00000007a8000000, 0x00000007c0000000, 0x00000007c0000000)
 Metaspace       used 34174K, capacity 34644K, committed 35196K, reserved 1081344K
  class space    used 4021K, capacity 4185K, committed 4220K, reserved 1048576K
}
2016-10-24T04:50:52.439+0800: 207.782: Total time for which application threads were stopped: 0.0120244 seconds, Stopping threads took: 0.0000313 seconds
{Heap before GC invocations=83 (full 4):
 par new generation   total 109248K, used 109248K [0x00000007a0000000, 0x00000007a8000000, 0x00000007a8000000)
  eden space 87424K, 100% used [0x00000007a0000000, 0x00000007a5560000, 0x00000007a5560000)
  from space 21824K, 100% used [0x00000007a6ab0000, 0x00000007a8000000, 0x00000007a8000000)
  to   space 21824K,   0% used [0x00000007a5560000, 0x00000007a5560000, 0x00000007a6ab0000)
 concurrent mark-sweep generation total 393216K, used 185096K [0x00000007a8000000, 0x00000007c0000000, 0x00000007c0000000)
 Metaspace       used 34174K, capacity 34644K, committed 35196K, reserved 1081344K
  class space    used 4021K, capacity 4185K, committed 4220K, reserved 1048576K
2016-10-24T04:50:52.709+0800: 208.052: [GC (Allocation Failure) 2016-10-24T04:50:52.709+0800: 208.052: [ParNew
Desired survivor size 20112992 bytes, new threshold 8 (max 8)
- age   1:    4226512 bytes,    4226512 total
- age   2:    4136504 bytes,    8363016 total
- age   3:    3460176 bytes,   11823192 total
- age   4:    3461408 bytes,   15284600 total
- age   5:    1953272 bytes,   17237872 total
: 109248K->21824K(109248K), 0.0082086 secs] 294344K->218317K(502464K), 0.0082759 secs] [Times: user=0.03 sys=0.00, real=0.01 secs] 
Heap after GC invocations=84 (full 4):
 par new generation   total 109248K, used 21824K [0x00000007a0000000, 0x00000007a8000000, 0x00000007a8000000)
  eden space 87424K,   0% used [0x00000007a0000000, 0x00000007a0000000, 0x00000007a5560000)
  from space 21824K, 100% used [0x00000007a5560000, 0x00000007a6ab0000, 0x00000007a6ab0000)
  to   space 21824K,   0% used [0x00000007a6ab0000, 0x00000007a6ab0000, 0x00000007a8000000)
 concurrent mark-sweep generation total 393216K, used 196493K [0x00000007a8000000, 0x00000007c0000000, 0x00000007c0000000)
 Metaspace       used 34174K, capacity 34644K, committed 35196K, reserved 1081344K
  class space    used 4021K, capacity 4185K, committed 4220K, reserved 1048576K
}
2016-10-24T04:50:52.717+0800: 208.060: Total time for which application threads were stopped: 0.0084378 seconds, Stopping threads took: 0.0000292 seconds
{Heap before GC invocations=84 (full 4):
 par new generation   total 109248K, used 109148K [0x00000007a0000000, 0x00000007a8000000, 0x00000007a8000000)
  eden space 87424K,  99% used [0x00000007a0000000, 0x00000007a5547020, 0x00000007a5560000)
  from space 21824K, 100% used [0x00000007a5560000, 0x00000007a6ab0000, 0x00000007a6ab0000)
  to   space 21824K,   0% used [0x00000007a6ab0000, 0x00000007a6ab0000, 0x00000007a8000000)
 concurrent mark-sweep generation total 393216K, used 196493K [0x00000007a8000000, 0x00000007c0000000, 0x00000007c0000000)
 Metaspace       used 34174K, capacity 34644K, committed 35196K, reserved 1081344K
  class space    used 4021K, capacity 4185K, committed 4220K, reserved 1048576K
2016-10-24T04:50:52.980+0800: 208.323: [GC (Allocation Failure) 2016-10-24T04:50:52.980+0800: 208.323: [ParNew
Desired survivor size 20112992 bytes, new threshold 5 (max 8)
- age   1:   15420808 bytes,   15420808 total
- age   2:    1305456 bytes,   16726264 total
- age   3:    1174648 bytes,   17900912 total
- age   4:    1146552 bytes,   19047464 total
- age   5:    1571384 bytes,   20618848 total
- age   6:    1688744 bytes,   22307592 total
: 109148K->21824K(109248K), 0.0135627 secs] 305641K->232763K(502464K), 0.0136298 secs] [Times: user=0.04 sys=0.00, real=0.01 secs] 
Heap after GC invocations=85 (full 4):
 par new generation   total 109248K, used 21824K [0x00000007a0000000, 0x00000007a8000000, 0x00000007a8000000)
  eden space 87424K,   0% used [0x00000007a0000000, 0x00000007a0000000, 0x00000007a5560000)
  from space 21824K, 100% used [0x00000007a6ab0000, 0x00000007a8000000, 0x00000007a8000000)
  to   space 21824K,   0% used [0x00000007a5560000, 0x00000007a5560000, 0x00000007a6ab0000)
 concurrent mark-sweep generation total 393216K, used 210939K [0x00000007a8000000, 0x00000007c0000000, 0x00000007c0000000)
 Metaspace       used 34174K, capacity 34644K, committed 35196K, reserved 1081344K
  class space    used 4021K, capacity 4185K, committed 4220K, reserved 1048576K
}
2016-10-24T04:50:52.994+0800: 208.337: Total time for which application threads were stopped: 0.0138035 seconds, Stopping threads took: 0.0000311 seconds
2016-10-24T04:50:52.994+0800: 208.337: [GC (CMS Initial Mark) [1 CMS-initial-mark: 210939K(393216K)] 233427K(502464K), 0.0024167 secs] [Times: user=0.01 sys=0.00, real=0.00 secs] 
2016-10-24T04:50:52.996+0800: 208.340: Total time for which application threads were stopped: 0.0025878 seconds, Stopping threads took: 0.0000877 seconds
2016-10-24T04:50:52.996+0800: 208.340: [CMS-concurrent-mark-start]
2016-10-24T04:50:53.009+0800: 208.353: [CMS-concurrent-mark: 0.013/0.013 secs] [Times: user=0.06 sys=0.01, real=0.01 secs] 
2016-10-24T04:50:53.009+0800: 208.353: [CMS-concurrent-preclean-start]
2016-10-24T04:50:53.010+0800: 208.354: [CMS-concurrent-preclean: 0.001/0.001 secs] [Times: user=0.00 sys=0.00, real=0.01 secs] 
2016-10-24T04:50:53.010+0800: 208.354: [CMS-concurrent-abortable-preclean-start]
2016-10-24T04:50:53.150+0800: 208.494: [CMS-concurrent-abortable-preclean: 0.139/0.140 secs] [Times: user=0.28 sys=0.00, real=0.14 secs] 
2016-10-24T04:50:53.150+0800: 208.494: [GC (CMS Final Remark) [YG occupancy: 67240 K (109248 K)]{Heap before GC invocations=85 (full 5):
 par new generation   total 109248K, used 67240K [0x00000007a0000000, 0x00000007a8000000, 0x00000007a8000000)
  eden space 87424K,  51% used [0x00000007a0000000, 0x00000007a2c5a198, 0x00000007a5560000)
  from space 21824K, 100% used [0x00000007a6ab0000, 0x00000007a8000000, 0x00000007a8000000)
  to   space 21824K,   0% used [0x00000007a5560000, 0x00000007a5560000, 0x00000007a6ab0000)
 concurrent mark-sweep generation total 393216K, used 210939K [0x00000007a8000000, 0x00000007c0000000, 0x00000007c0000000)
 Metaspace       used 34174K, capacity 34644K, committed 35196K, reserved 1081344K
  class space    used 4021K, capacity 4185K, committed 4220K, reserved 1048576K
2016-10-24T04:50:53.150+0800: 208.494: [GC (CMS Final Remark) 2016-10-24T04:50:53.150+0800: 208.494: [ParNew
Desired survivor size 20112992 bytes, new threshold 5 (max 8)
- age   1:    4877616 bytes,    4877616 total
- age   2:   12541216 bytes,   17418832 total
- age   3:    1196496 bytes,   18615328 total
- age   4:    1072768 bytes,   19688096 total
- age   5:    1045864 bytes,   20733960 total
: 67240K->21824K(109248K), 0.0081437 secs] 278180K->237022K(502464K), 0.0081915 secs] [Times: user=0.03 sys=0.00, real=0.00 secs] 
Heap after GC invocations=86 (full 5):
 par new generation   total 109248K, used 21824K [0x00000007a0000000, 0x00000007a8000000, 0x00000007a8000000)
  eden space 87424K,   0% used [0x00000007a0000000, 0x00000007a0000000, 0x00000007a5560000)
  from space 21824K, 100% used [0x00000007a5560000, 0x00000007a6ab0000, 0x00000007a6ab0000)
  to   space 21824K,   0% used [0x00000007a6ab0000, 0x00000007a6ab0000, 0x00000007a8000000)
 concurrent mark-sweep generation total 393216K, used 215198K [0x00000007a8000000, 0x00000007c0000000, 0x00000007c0000000)
 Metaspace       used 34174K, capacity 34644K, committed 35196K, reserved 1081344K
  class space    used 4021K, capacity 4185K, committed 4220K, reserved 1048576K
}
2016-10-24T04:50:53.159+0800: 208.502: [Rescan (parallel) , 0.0032826 secs]2016-10-24T04:50:53.162+0800: 208.505: [weak refs processing, 0.0007753 secs]2016-10-24T04:50:53.163+0800: 208.506: [class unloading, 0.0066664 secs]2016-10-24T04:50:53.169+0800: 208.513: [scrub symbol table, 0.0041835 secs]2016-10-24T04:50:53.174+0800: 208.517: [scrub string table, 0.0004616 secs][1 CMS-remark: 215198K(393216K)] 237022K(502464K), 0.0239037 secs] [Times: user=0.05 sys=0.00, real=0.02 secs] 
2016-10-24T04:50:53.174+0800: 208.518: Total time for which application threads were stopped: 0.0240238 seconds, Stopping threads took: 0.0000285 seconds
2016-10-24T04:50:53.174+0800: 208.518: [CMS-concurrent-sweep-start]
2016-10-24T04:50:53.220+0800: 208.563: [CMS-concurrent-sweep: 0.045/0.045 secs] [Times: user=0.16 sys=0.00, real=0.05 secs] 
2016-10-24T04:50:53.220+0800: 208.563: [CMS-concurrent-reset-start]
2016-10-24T04:50:53.220+0800: 208.564: [CMS-concurrent-reset: 0.000/0.000 secs] [Times: user=0.00 sys=0.00, real=0.00 secs] 
{Heap before GC invocations=86 (full 5):
 par new generation   total 109248K, used 109248K [0x00000007a0000000, 0x00000007a8000000, 0x00000007a8000000)
  eden space 87424K, 100% used [0x00000007a0000000, 0x00000007a5560000, 0x00000007a5560000)
  from space 21824K, 100% used [0x00000007a5560000, 0x00000007a6ab0000, 0x00000007a6ab0000)
  to   space 21824K,   0% used [0x00000007a6ab0000, 0x00000007a6ab0000, 0x00000007a8000000)
 concurrent mark-sweep generation total 393216K, used 48754K [0x00000007a8000000, 0x00000007c0000000, 0x00000007c0000000)
 Metaspace       used 34174K, capacity 34644K, committed 35196K, reserved 1081344K
  class space    used 4021K, capacity 4185K, committed 4220K, reserved 1048576K
2016-10-24T04:50:53.447+0800: 208.791: [GC (Allocation Failure) 2016-10-24T04:50:53.447+0800: 208.791: [ParNew
Desired survivor size 20112992 bytes, new threshold 3 (max 8)
- age   1:   14473632 bytes,   14473632 total
- age   2:    1183624 bytes,   15657256 total
- age   3:    5629456 bytes,   21286712 total
- age   4:     686680 bytes,   21973392 total
- age   5:     354192 bytes,   22327584 total
: 109248K->21824K(109248K), 0.0102807 secs] 158002K->76243K(502464K), 0.0103347 secs] [Times: user=0.03 sys=0.00, real=0.01 secs] 
Heap after GC invocations=87 (full 5):
 par new generation   total 109248K, used 21824K [0x00000007a0000000, 0x00000007a8000000, 0x00000007a8000000)
  eden space 87424K,   0% used [0x00000007a0000000, 0x00000007a0000000, 0x00000007a5560000)
  from space 21824K, 100% used [0x00000007a6ab0000, 0x00000007a8000000, 0x00000007a8000000)
  to   space 21824K,   0% used [0x00000007a5560000, 0x00000007a5560000, 0x00000007a6ab0000)
 concurrent mark-sweep generation total 393216K, used 54419K [0x00000007a8000000, 0x00000007c0000000, 0x00000007c0000000)
 Metaspace       used 34174K, capacity 34644K, committed 35196K, reserved 1081344K
  class space    used 4021K, capacity 4185K, committed 4220K, reserved 1048576K
}
2016-10-24T04:50:53.458+0800: 208.801: Total time for which application threads were stopped: 0.0105036 seconds, Stopping threads took: 0.0000204 seconds
{Heap before GC invocations=87 (full 5):
 par new generation   total 109248K, used 109248K [0x00000007a0000000, 0x00000007a8000000, 0x00000007a8000000)
  eden space 87424K, 100% used [0x00000007a0000000, 0x00000007a5560000, 0x00000007a5560000)
  from space 21824K, 100% used [0x00000007a6ab0000, 0x00000007a8000000, 0x00000007a8000000)
  to   space 21824K,   0% used [0x00000007a5560000, 0x00000007a5560000, 0x00000007a6ab0000)
 concurrent mark-sweep generation total 393216K, used 54419K [0x00000007a8000000, 0x00000007c0000000, 0x00000007c0000000)
 Metaspace       used 34174K, capacity 34644K, committed 35196K, reserved 1081344K
  class space    used 4021K, capacity 4185K, committed 4220K, reserved 1048576K
2016-10-24T04:50:53.774+0800: 209.117: [GC (Allocation Failure) 2016-10-24T04:50:53.774+0800: 209.117: [ParNew
Desired survivor size 20112992 bytes, new threshold 3 (max 8)
- age   1:   16730608 bytes,   16730608 total
- age   2:    3000000 bytes,   19730608 total
- age   3:     999848 bytes,   20730456 total
: 109248K->21824K(109248K), 0.0105895 secs] 163667K->83983K(502464K), 0.0106635 secs] [Times: user=0.04 sys=0.00, real=0.01 secs] 
Heap after GC invocations=88 (full 5):
 par new generation   total 109248K, used 21824K [0x00000007a0000000, 0x00000007a8000000, 0x00000007a8000000)
  eden space 87424K,   0% used [0x00000007a0000000, 0x00000007a0000000, 0x00000007a5560000)
  from space 21824K, 100% used [0x00000007a5560000, 0x00000007a6ab0000, 0x00000007a6ab0000)
  to   space 21824K,   0% used [0x00000007a6ab0000, 0x00000007a6ab0000, 0x00000007a8000000)
 concurrent mark-sweep generation total 393216K, used 62159K [0x00000007a8000000, 0x00000007c0000000, 0x00000007c0000000)
 Metaspace       used 34174K, capacity 34644K, committed 35196K, reserved 1081344K
  class space    used 4021K, capacity 4185K, committed 4220K, reserved 1048576K
}
2016-10-24T04:50:53.784+0800: 209.128: Total time for which application threads were stopped: 0.0108379 seconds, Stopping threads took: 0.0000235 seconds
{Heap before GC invocations=88 (full 5):
 par new generation   total 109248K, used 109248K [0x00000007a0000000, 0x00000007a8000000, 0x00000007a8000000)
  eden space 87424K, 100% used [0x00000007a0000000, 0x00000007a5560000, 0x00000007a5560000)
  from space 21824K, 100% used [0x00000007a5560000, 0x00000007a6ab0000, 0x00000007a6ab0000)
  to   space 21824K,   0% used [0x00000007a6ab0000, 0x00000007a6ab0000, 0x00000007a8000000)
 concurrent mark-sweep generation total 393216K, used 62159K [0x00000007a8000000, 0x00000007c0000000, 0x00000007c0000000)
 Metaspace       used 34174K, capacity 34644K, committed 35196K, reserved 1081344K
  class space    used 4021K, capacity 4185K, committed 4220K, reserved 1048576K
2016-10-24T04:50:54.105+0800: 209.448: [GC (Allocation Failure) 2016-10-24T04:50:54.105+0800: 209.448: [ParNew
Desired survivor size 20112992 bytes, new threshold 8 (max 8)
- age   1:   14900096 bytes,   14900096 total
- age   2:    2576640 bytes,   17476736 total
- age   3:    2341904 bytes,   19818640 total
: 109248K->21824K(109248K), 0.0120357 secs] 171407K->90698K(502464K), 0.0120938 secs] [Times: user=0.04 sys=0.00, real=0.01 secs] 
Heap after GC invocations=89 (full 5):
 par new generation   total 109248K, used 21824K [0x00000007a0000000, 0x00000007a8000000, 0x00000007a8000000)
  eden space 87424K,   0% used [0x00000007a0000000, 0x00000007a0000000, 0x00000007a5560000)
  from space 21824K, 100% used [0x00000007a6ab0000, 0x00000007a8000000, 0x00000007a8000000)
  to   space 21824K,   0% used [0x00000007a5560000, 0x00000007a5560000, 0x00000007a6ab0000)
 concurrent mark-sweep generation total 393216K, used 68874K [0x00000007a8000000, 0x00000007c0000000, 0x00000007c0000000)
 Metaspace       used 34174K, capacity 34644K, committed 35196K, reserved 1081344K
  class space    used 4021K, capacity 4185K, committed 4220K, reserved 1048576K
}
2016-10-24T04:50:54.117+0800: 209.460: Total time for which application threads were stopped: 0.0123066 seconds, Stopping threads took: 0.0000207 seconds
{Heap before GC invocations=89 (full 5):
 par new generation   total 109248K, used 109248K [0x00000007a0000000, 0x00000007a8000000, 0x00000007a8000000)
  eden space 87424K, 100% used [0x00000007a0000000, 0x00000007a5560000, 0x00000007a5560000)
  from space 21824K, 100% used [0x00000007a6ab0000, 0x00000007a8000000, 0x00000007a8000000)
  to   space 21824K,   0% used [0x00000007a5560000, 0x00000007a5560000, 0x00000007a6ab0000)
 concurrent mark-sweep generation total 393216K, used 68874K [0x00000007a8000000, 0x00000007c0000000, 0x00000007c0000000)
 Metaspace       used 34174K, capacity 34644K, committed 35196K, reserved 1081344K
  class space    used 4021K, capacity 4185K, committed 4220K, reserved 1048576K
2016-10-24T04:50:54.467+0800: 209.810: [GC (Allocation Failure) 2016-10-24T04:50:54.467+0800: 209.810: [ParNew
Desired survivor size 20112992 bytes, new threshold 4 (max 8)
- age   1:   15548424 bytes,   15548424 total
- age   2:    2124760 bytes,   17673184 total
- age   3:    2082072 bytes,   19755256 total
- age   4:    1582960 bytes,   21338216 total
: 109248K->21824K(109248K), 0.0158892 secs] 178122K->107594K(502464K), 0.0159559 secs] [Times: user=0.06 sys=0.00, real=0.02 secs] 
Heap after GC invocations=90 (full 5):
 par new generation   total 109248K, used 21824K [0x00000007a0000000, 0x00000007a8000000, 0x00000007a8000000)
  eden space 87424K,   0% used [0x00000007a0000000, 0x00000007a0000000, 0x00000007a5560000)
  from space 21824K, 100% used [0x00000007a5560000, 0x00000007a6ab0000, 0x00000007a6ab0000)
  to   space 21824K,   0% used [0x00000007a6ab0000, 0x00000007a6ab0000, 0x00000007a8000000)
 concurrent mark-sweep generation total 393216K, used 85770K [0x00000007a8000000, 0x00000007c0000000, 0x00000007c0000000)
 Metaspace       used 34174K, capacity 34644K, committed 35196K, reserved 1081344K
  class space    used 4021K, capacity 4185K, committed 4220K, reserved 1048576K
}
2016-10-24T04:50:54.483+0800: 209.826: Total time for which application threads were stopped: 0.0161059 seconds, Stopping threads took: 0.0000183 seconds
{Heap before GC invocations=90 (full 5):
 par new generation   total 109248K, used 108349K [0x00000007a0000000, 0x00000007a8000000, 0x00000007a8000000)
  eden space 87424K,  98% used [0x00000007a0000000, 0x00000007a547f4f8, 0x00000007a5560000)
  from space 21824K, 100% used [0x00000007a5560000, 0x00000007a6ab0000, 0x00000007a6ab0000)
  to   space 21824K,   0% used [0x00000007a6ab0000, 0x00000007a6ab0000, 0x00000007a8000000)
 concurrent mark-sweep generation total 393216K, used 85770K [0x00000007a8000000, 0x00000007c0000000, 0x00000007c0000000)
 Metaspace       used 34174K, capacity 34644K, committed 35196K, reserved 1081344K
  class space    used 4021K, capacity 4185K, committed 4220K, reserved 1048576K
2016-10-24T04:50:54.805+0800: 210.149: [GC (Allocation Failure) 2016-10-24T04:50:54.805+0800: 210.149: [ParNew
Desired survivor size 20112992 bytes, new threshold 8 (max 8)
- age   1:    9509496 bytes,    9509496 total
- age   2:    5448608 bytes,   14958104 total
- age   3:    1983560 bytes,   16941664 total
- age   4:    2082072 bytes,   19023736 total
: 108349K->21824K(109248K), 0.0106122 secs] 194119K->115319K(502464K), 0.0106804 secs] [Times: user=0.04 sys=0.00, real=0.01 secs] 
Heap after GC invocations=91 (full 5):
 par new generation   total 109248K, used 21824K [0x00000007a0000000, 0x00000007a8000000, 0x00000007a8000000)
  eden space 87424K,   0% used [0x00000007a0000000, 0x00000007a0000000, 0x00000007a5560000)
  from space 21824K, 100% used [0x00000007a6ab0000, 0x00000007a8000000, 0x00000007a8000000)
  to   space 21824K,   0% used [0x00000007a5560000, 0x00000007a5560000, 0x00000007a6ab0000)
 concurrent mark-sweep generation total 393216K, used 93495K [0x00000007a8000000, 0x00000007c0000000, 0x00000007c0000000)
 Metaspace       used 34174K, capacity 34644K, committed 35196K, reserved 1081344K
  class space    used 4021K, capacity 4185K, committed 4220K, reserved 1048576K
}
2016-10-24T04:50:54.816+0800: 210.159: Total time for which application threads were stopped: 0.0108875 seconds, Stopping threads took: 0.0000315 seconds
{Heap before GC invocations=91 (full 5):
 par new generation   total 109248K, used 109248K [0x00000007a0000000, 0x00000007a8000000, 0x00000007a8000000)
  eden space 87424K, 100% used [0x00000007a0000000, 0x00000007a5560000, 0x00000007a5560000)
  from space 21824K, 100% used [0x00000007a6ab0000, 0x00000007a8000000, 0x00000007a8000000)
  to   space 21824K,   0% used [0x00000007a5560000, 0x00000007a5560000, 0x00000007a6ab0000)
 concurrent mark-sweep generation total 393216K, used 93495K [0x00000007a8000000, 0x00000007c0000000, 0x00000007c0000000)
 Metaspace       used 34174K, capacity 34644K, committed 35196K, reserved 1081344K
  class space    used 4021K, capacity 4185K, committed 4220K, reserved 1048576K
2016-10-24T04:50:55.118+0800: 210.462: [GC (Allocation Failure) 2016-10-24T04:50:55.118+0800: 210.462: [ParNew
Desired survivor size 20112992 bytes, new threshold 8 (max 8)
- age   1:    8158304 bytes,    8158304 total
- age   2:    4962712 bytes,   13121016 total
- age   3:    2242928 bytes,   15363944 total
- age   4:    1599064 bytes,   16963008 total
- age   5:    1882288 bytes,   18845296 total
: 109248K->21824K(109248K), 0.0135390 secs] 202743K->129802K(502464K), 0.0136153 secs] [Times: user=0.05 sys=0.00, real=0.02 secs] 
Heap after GC invocations=92 (full 5):
 par new generation   total 109248K, used 21824K [0x00000007a0000000, 0x00000007a8000000, 0x00000007a8000000)
  eden space 87424K,   0% used [0x00000007a0000000, 0x00000007a0000000, 0x00000007a5560000)
  from space 21824K, 100% used [0x00000007a5560000, 0x00000007a6ab0000, 0x00000007a6ab0000)
  to   space 21824K,   0% used [0x00000007a6ab0000, 0x00000007a6ab0000, 0x00000007a8000000)
 concurrent mark-sweep generation total 393216K, used 107978K [0x00000007a8000000, 0x00000007c0000000, 0x00000007c0000000)
 Metaspace       used 34174K, capacity 34644K, committed 35196K, reserved 1081344K
  class space    used 4021K, capacity 4185K, committed 4220K, reserved 1048576K
}
2016-10-24T04:50:55.132+0800: 210.475: Total time for which application threads were stopped: 0.0137935 seconds, Stopping threads took: 0.0000220 seconds
{Heap before GC invocations=92 (full 5):
 par new generation   total 109248K, used 109248K [0x00000007a0000000, 0x00000007a8000000, 0x00000007a8000000)
  eden space 87424K, 100% used [0x00000007a0000000, 0x00000007a5560000, 0x00000007a5560000)
  from space 21824K, 100% used [0x00000007a5560000, 0x00000007a6ab0000, 0x00000007a6ab0000)
  to   space 21824K,   0% used [0x00000007a6ab0000, 0x00000007a6ab0000, 0x00000007a8000000)
 concurrent mark-sweep generation total 393216K, used 107978K [0x00000007a8000000, 0x00000007c0000000, 0x00000007c0000000)
 Metaspace       used 34174K, capacity 34644K, committed 35196K, reserved 1081344K
  class space    used 4021K, capacity 4185K, committed 4220K, reserved 1048576K
2016-10-24T04:50:55.419+0800: 210.762: [GC (Allocation Failure) 2016-10-24T04:50:55.419+0800: 210.762: [ParNew
Desired survivor size 20112992 bytes, new threshold 6 (max 8)
- age   1:   10657984 bytes,   10657984 total
- age   2:    2534856 bytes,   13192840 total
- age   3:    2883336 bytes,   16076176 total
- age   4:    2065624 bytes,   18141800 total
- age   5:    1458160 bytes,   19599960 total
- age   6:    1780832 bytes,   21380792 total
: 109248K->21824K(109248K), 0.0125921 secs] 217226K->146161K(502464K), 0.0126507 secs] [Times: user=0.05 sys=0.00, real=0.02 secs] 
Heap after GC invocations=93 (full 5):
 par new generation   total 109248K, used 21824K [0x00000007a0000000, 0x00000007a8000000, 0x00000007a8000000)
  eden space 87424K,   0% used [0x00000007a0000000, 0x00000007a0000000, 0x00000007a5560000)
  from space 21824K, 100% used [0x00000007a6ab0000, 0x00000007a8000000, 0x00000007a8000000)
  to   space 21824K,   0% used [0x00000007a5560000, 0x00000007a5560000, 0x00000007a6ab0000)
 concurrent mark-sweep generation total 393216K, used 124337K [0x00000007a8000000, 0x00000007c0000000, 0x00000007c0000000)
 Metaspace       used 34174K, capacity 34644K, committed 35196K, reserved 1081344K
  class space    used 4021K, capacity 4185K, committed 4220K, reserved 1048576K
}
2016-10-24T04:50:55.432+0800: 210.775: Total time for which application threads were stopped: 0.0128065 seconds, Stopping threads took: 0.0000195 seconds
{Heap before GC invocations=93 (full 5):
 par new generation   total 109248K, used 109248K [0x00000007a0000000, 0x00000007a8000000, 0x00000007a8000000)
  eden space 87424K, 100% used [0x00000007a0000000, 0x00000007a5560000, 0x00000007a5560000)
  from space 21824K, 100% used [0x00000007a6ab0000, 0x00000007a8000000, 0x00000007a8000000)
  to   space 21824K,   0% used [0x00000007a5560000, 0x00000007a5560000, 0x00000007a6ab0000)
 concurrent mark-sweep generation total 393216K, used 124337K [0x00000007a8000000, 0x00000007c0000000, 0x00000007c0000000)
 Metaspace       used 34174K, capacity 34644K, committed 35196K, reserved 1081344K
  class space    used 4021K, capacity 4185K, committed 4220K, reserved 1048576K
2016-10-24T04:50:55.686+0800: 211.029: [GC (Allocation Failure) 2016-10-24T04:50:55.686+0800: 211.029: [ParNew
Desired survivor size 20112992 bytes, new threshold 8 (max 8)
- age   1:    5585696 bytes,    5585696 total
- age   2:    7129200 bytes,   12714896 total
- age   3:    1441160 bytes,   14156056 total
- age   4:    2654480 bytes,   16810536 total
- age   5:    1377248 bytes,   18187784 total
- age   6:    1302448 bytes,   19490232 total
: 109248K->21824K(109248K), 0.0168267 secs] 233585K->154342K(502464K), 0.0168865 secs] [Times: user=0.06 sys=0.01, real=0.02 secs] 
Heap after GC invocations=94 (full 5):
 par new generation   total 109248K, used 21824K [0x00000007a0000000, 0x00000007a8000000, 0x00000007a8000000)
  eden space 87424K,   0% used [0x00000007a0000000, 0x00000007a0000000, 0x00000007a5560000)
  from space 21824K, 100% used [0x00000007a5560000, 0x00000007a6ab0000, 0x00000007a6ab0000)
  to   space 21824K,   0% used [0x00000007a6ab0000, 0x00000007a6ab0000, 0x00000007a8000000)
 concurrent mark-sweep generation total 393216K, used 132518K [0x00000007a8000000, 0x00000007c0000000, 0x00000007c0000000)
 Metaspace       used 34174K, capacity 34644K, committed 35196K, reserved 1081344K
  class space    used 4021K, capacity 4185K, committed 4220K, reserved 1048576K
}
2016-10-24T04:50:55.703+0800: 211.046: Total time for which application threads were stopped: 0.0170439 seconds, Stopping threads took: 0.0000197 seconds
{Heap before GC invocations=94 (full 5):
 par new generation   total 109248K, used 109248K [0x00000007a0000000, 0x00000007a8000000, 0x00000007a8000000)
  eden space 87424K, 100% used [0x00000007a0000000, 0x00000007a5560000, 0x00000007a5560000)
  from space 21824K, 100% used [0x00000007a5560000, 0x00000007a6ab0000, 0x00000007a6ab0000)
  to   space 21824K,   0% used [0x00000007a6ab0000, 0x00000007a6ab0000, 0x00000007a8000000)
 concurrent mark-sweep generation total 393216K, used 132518K [0x00000007a8000000, 0x00000007c0000000, 0x00000007c0000000)
 Metaspace       used 34174K, capacity 34644K, committed 35196K, reserved 1081344K
  class space    used 4021K, capacity 4185K, committed 4220K, reserved 1048576K
2016-10-24T04:50:55.961+0800: 211.304: [GC (Allocation Failure) 2016-10-24T04:50:55.961+0800: 211.304: [ParNew
Desired survivor size 20112992 bytes, new threshold 8 (max 8)
- age   1:    3401200 bytes,    3401200 total
- age   2:    3105672 bytes,    6506872 total
- age   3:    6050632 bytes,   12557504 total
- age   4:    1312608 bytes,   13870112 total
- age   5:    2193984 bytes,   16064096 total
- age   6:    1267648 bytes,   17331744 total
- age   7:    1227280 bytes,   18559024 total
: 109248K->21824K(109248K), 0.0173744 secs] 241766K->162188K(502464K), 0.0174411 secs] [Times: user=0.07 sys=0.00, real=0.01 secs] 
Heap after GC invocations=95 (full 5):
 par new generation   total 109248K, used 21824K [0x00000007a0000000, 0x00000007a8000000, 0x00000007a8000000)
  eden space 87424K,   0% used [0x00000007a0000000, 0x00000007a0000000, 0x00000007a5560000)
  from space 21824K, 100% used [0x00000007a6ab0000, 0x00000007a8000000, 0x00000007a8000000)
  to   space 21824K,   0% used [0x00000007a5560000, 0x00000007a5560000, 0x00000007a6ab0000)
 concurrent mark-sweep generation total 393216K, used 140364K [0x00000007a8000000, 0x00000007c0000000, 0x00000007c0000000)
 Metaspace       used 34174K, capacity 34644K, committed 35196K, reserved 1081344K
  class space    used 4021K, capacity 4185K, committed 4220K, reserved 1048576K
}
2016-10-24T04:50:55.978+0800: 211.322: Total time for which application threads were stopped: 0.0176203 seconds, Stopping threads took: 0.0000194 seconds
2016-10-24T04:51:01.104+0800: 216.448: Total time for which application threads were stopped: 0.0001026 seconds, Stopping threads took: 0.0000395 seconds
2016-10-24T04:51:01.245+0800: 216.588: Total time for which application threads were stopped: 0.0000867 seconds, Stopping threads took: 0.0000200 seconds
{Heap before GC invocations=95 (full 5):
 par new generation   total 109248K, used 109248K [0x00000007a0000000, 0x00000007a8000000, 0x00000007a8000000)
  eden space 87424K, 100% used [0x00000007a0000000, 0x00000007a5560000, 0x00000007a5560000)
  from space 21824K, 100% used [0x00000007a6ab0000, 0x00000007a8000000, 0x00000007a8000000)
  to   space 21824K,   0% used [0x00000007a5560000, 0x00000007a5560000, 0x00000007a6ab0000)
 concurrent mark-sweep generation total 393216K, used 140364K [0x00000007a8000000, 0x00000007c0000000, 0x00000007c0000000)
 Metaspace       used 34181K, capacity 34644K, committed 35196K, reserved 1081344K
  class space    used 4021K, capacity 4185K, committed 4220K, reserved 1048576K
2016-10-24T04:51:01.277+0800: 216.621: [GC (Allocation Failure) 2016-10-24T04:51:01.277+0800: 216.621: [ParNew
Desired survivor size 20112992 bytes, new threshold 8 (max 8)
- age   1:    3984032 bytes,    3984032 total
- age   2:    2453968 bytes,    6438000 total
- age   3:    2395776 bytes,    8833776 total
- age   4:    4428128 bytes,   13261904 total
- age   5:    1226168 bytes,   14488072 total
- age   6:    2112584 bytes,   16600656 total
- age   7:    1200888 bytes,   17801544 total
- age   8:    1169864 bytes,   18971408 total
: 109248K->21824K(109248K), 0.0124552 secs] 249612K->165844K(502464K), 0.0125164 secs] [Times: user=0.04 sys=0.00, real=0.02 secs] 
Heap after GC invocations=96 (full 5):
 par new generation   total 109248K, used 21824K [0x00000007a0000000, 0x00000007a8000000, 0x00000007a8000000)
  eden space 87424K,   0% used [0x00000007a0000000, 0x00000007a0000000, 0x00000007a5560000)
  from space 21824K, 100% used [0x00000007a5560000, 0x00000007a6ab0000, 0x00000007a6ab0000)
  to   space 21824K,   0% used [0x00000007a6ab0000, 0x00000007a6ab0000, 0x00000007a8000000)
 concurrent mark-sweep generation total 393216K, used 144020K [0x00000007a8000000, 0x00000007c0000000, 0x00000007c0000000)
 Metaspace       used 34181K, capacity 34644K, committed 35196K, reserved 1081344K
  class space    used 4021K, capacity 4185K, committed 4220K, reserved 1048576K
}
2016-10-24T04:51:01.290+0800: 216.633: Total time for which application threads were stopped: 0.0126791 seconds, Stopping threads took: 0.0000275 seconds
2016-10-24T04:51:01.323+0800: 216.667: Total time for which application threads were stopped: 0.0003277 seconds, Stopping threads took: 0.0000613 seconds
2016-10-24T04:51:01.324+0800: 216.667: Total time for which application threads were stopped: 0.0000836 seconds, Stopping threads took: 0.0000144 seconds
{Heap before GC invocations=96 (full 5):
 par new generation   total 109248K, used 109248K [0x00000007a0000000, 0x00000007a8000000, 0x00000007a8000000)
  eden space 87424K, 100% used [0x00000007a0000000, 0x00000007a5560000, 0x00000007a5560000)
  from space 21824K, 100% used [0x00000007a5560000, 0x00000007a6ab0000, 0x00000007a6ab0000)
  to   space 21824K,   0% used [0x00000007a6ab0000, 0x00000007a6ab0000, 0x00000007a8000000)
 concurrent mark-sweep generation total 393216K, used 144020K [0x00000007a8000000, 0x00000007c0000000, 0x00000007c0000000)
 Metaspace       used 34183K, capacity 34644K, committed 35196K, reserved 1081344K
  class space    used 4021K, capacity 4185K, committed 4220K, reserved 1048576K
2016-10-24T04:51:02.290+0800: 217.634: [GC (Allocation Failure) 2016-10-24T04:51:02.290+0800: 217.634: [ParNew
Desired survivor size 20112992 bytes, new threshold 8 (max 8)
- age   1:     108608 bytes,     108608 total
- age   2:    3377472 bytes,    3486080 total
- age   3:    2313624 bytes,    5799704 total
- age   4:    2392048 bytes,    8191752 total
- age   5:    4425728 bytes,   12617480 total
- age   6:    1223368 bytes,   13840848 total
- age   7:    2110368 bytes,   15951216 total
- age   8:    1199184 bytes,   17150400 total
: 109248K->21824K(109248K), 0.0135911 secs] 253268K->167709K(502464K), 0.0136486 secs] [Times: user=0.05 sys=0.00, real=0.01 secs] 
Heap after GC invocations=97 (full 5):
 par new generation   total 109248K, used 21824K [0x00000007a0000000, 0x00000007a8000000, 0x00000007a8000000)
  eden space 87424K,   0% used [0x00000007a0000000, 0x00000007a0000000, 0x00000007a5560000)
  from space 21824K, 100% used [0x00000007a6ab0000, 0x00000007a8000000, 0x00000007a8000000)
  to   space 21824K,   0% used [0x00000007a5560000, 0x00000007a5560000, 0x00000007a6ab0000)
 concurrent mark-sweep generation total 393216K, used 145885K [0x00000007a8000000, 0x00000007c0000000, 0x00000007c0000000)
 Metaspace       used 34183K, capacity 34644K, committed 35196K, reserved 1081344K
  class space    used 4021K, capacity 4185K, committed 4220K, reserved 1048576K
}
2016-10-24T04:51:02.304+0800: 217.648: Total time for which application threads were stopped: 0.0138801 seconds, Stopping threads took: 0.0000355 seconds
{Heap before GC invocations=97 (full 5):
 par new generation   total 109248K, used 109248K [0x00000007a0000000, 0x00000007a8000000, 0x00000007a8000000)
  eden space 87424K, 100% used [0x00000007a0000000, 0x00000007a5560000, 0x00000007a5560000)
  from space 21824K, 100% used [0x00000007a6ab0000, 0x00000007a8000000, 0x00000007a8000000)
  to   space 21824K,   0% used [0x00000007a5560000, 0x00000007a5560000, 0x00000007a6ab0000)
 concurrent mark-sweep generation total 393216K, used 145885K [0x00000007a8000000, 0x00000007c0000000, 0x00000007c0000000)
 Metaspace       used 34183K, capacity 34644K, committed 35196K, reserved 1081344K
  class space    used 4021K, capacity 4185K, committed 4220K, reserved 1048576K
2016-10-24T04:51:02.400+0800: 217.744: [GC (Allocation Failure) 2016-10-24T04:51:02.400+0800: 217.744: [ParNew
Desired survivor size 20112992 bytes, new threshold 8 (max 8)
- age   1:     131864 bytes,     131864 total
- age   2:      63944 bytes,     195808 total
- age   3:    3377472 bytes,    3573280 total
- age   4:    2313672 bytes,    5886952 total
- age   5:    2392144 bytes,    8279096 total
- age   6:    4425704 bytes,   12704800 total
- age   7:    1223368 bytes,   13928168 total
- age   8:    2110368 bytes,   16038536 total
: 109248K->19054K(109248K), 0.0106596 secs] 255133K->166122K(502464K), 0.0107310 secs] [Times: user=0.04 sys=0.00, real=0.01 secs] 
Heap after GC invocations=98 (full 5):
 par new generation   total 109248K, used 19054K [0x00000007a0000000, 0x00000007a8000000, 0x00000007a8000000)
  eden space 87424K,   0% used [0x00000007a0000000, 0x00000007a0000000, 0x00000007a5560000)
  from space 21824K,  87% used [0x00000007a5560000, 0x00000007a67fb988, 0x00000007a6ab0000)
  to   space 21824K,   0% used [0x00000007a6ab0000, 0x00000007a6ab0000, 0x00000007a8000000)
 concurrent mark-sweep generation total 393216K, used 147067K [0x00000007a8000000, 0x00000007c0000000, 0x00000007c0000000)
 Metaspace       used 34183K, capacity 34644K, committed 35196K, reserved 1081344K
  class space    used 4021K, capacity 4185K, committed 4220K, reserved 1048576K
}
2016-10-24T04:51:02.411+0800: 217.754: Total time for which application threads were stopped: 0.0109456 seconds, Stopping threads took: 0.0000269 seconds
{Heap before GC invocations=98 (full 5):
 par new generation   total 109248K, used 106478K [0x00000007a0000000, 0x00000007a8000000, 0x00000007a8000000)
  eden space 87424K, 100% used [0x00000007a0000000, 0x00000007a5560000, 0x00000007a5560000)
  from space 21824K,  87% used [0x00000007a5560000, 0x00000007a67fb988, 0x00000007a6ab0000)
  to   space 21824K,   0% used [0x00000007a6ab0000, 0x00000007a6ab0000, 0x00000007a8000000)
 concurrent mark-sweep generation total 393216K, used 147067K [0x00000007a8000000, 0x00000007c0000000, 0x00000007c0000000)
 Metaspace       used 34183K, capacity 34644K, committed 35196K, reserved 1081344K
  class space    used 4021K, capacity 4185K, committed 4220K, reserved 1048576K
2016-10-24T04:51:02.553+0800: 217.896: [GC (Allocation Failure) 2016-10-24T04:51:02.553+0800: 217.896: [ParNew
Desired survivor size 20112992 bytes, new threshold 8 (max 8)
- age   1:     129072 bytes,     129072 total
- age   2:      10136 bytes,     139208 total
- age   3:      63944 bytes,     203152 total
- age   4:    3377472 bytes,    3580624 total
- age   5:    2313624 bytes,    5894248 total
- age   6:    2392048 bytes,    8286296 total
- age   7:    4425704 bytes,   12712000 total
- age   8:    1223392 bytes,   13935392 total
: 106478K->18066K(109248K), 0.0110410 secs] 253546K->167209K(502464K), 0.0110879 secs] [Times: user=0.05 sys=0.00, real=0.01 secs] 
Heap after GC invocations=99 (full 5):
 par new generation   total 109248K, used 18066K [0x00000007a0000000, 0x00000007a8000000, 0x00000007a8000000)
  eden space 87424K,   0% used [0x00000007a0000000, 0x00000007a0000000, 0x00000007a5560000)
  from space 21824K,  82% used [0x00000007a6ab0000, 0x00000007a7c54ae0, 0x00000007a8000000)
  to   space 21824K,   0% used [0x00000007a5560000, 0x00000007a5560000, 0x00000007a6ab0000)
 concurrent mark-sweep generation total 393216K, used 149143K [0x00000007a8000000, 0x00000007c0000000, 0x00000007c0000000)
 Metaspace       used 34183K, capacity 34644K, committed 35196K, reserved 1081344K
  class space    used 4021K, capacity 4185K, committed 4220K, reserved 1048576K
}
2016-10-24T04:51:02.564+0800: 217.907: Total time for which application threads were stopped: 0.0112557 seconds, Stopping threads took: 0.0000171 seconds
{Heap before GC invocations=99 (full 5):
 par new generation   total 109248K, used 105490K [0x00000007a0000000, 0x00000007a8000000, 0x00000007a8000000)
  eden space 87424K, 100% used [0x00000007a0000000, 0x00000007a5560000, 0x00000007a5560000)
  from space 21824K,  82% used [0x00000007a6ab0000, 0x00000007a7c54ae0, 0x00000007a8000000)
  to   space 21824K,   0% used [0x00000007a5560000, 0x00000007a5560000, 0x00000007a6ab0000)
 concurrent mark-sweep generation total 393216K, used 149143K [0x00000007a8000000, 0x00000007c0000000, 0x00000007c0000000)
 Metaspace       used 34183K, capacity 34644K, committed 35196K, reserved 1081344K
  class space    used 4021K, capacity 4185K, committed 4220K, reserved 1048576K
2016-10-24T04:51:02.653+0800: 217.997: [GC (Allocation Failure) 2016-10-24T04:51:02.653+0800: 217.997: [ParNew
Desired survivor size 20112992 bytes, new threshold 8 (max 8)
- age   1:     239288 bytes,     239288 total
- age   2:      80376 bytes,     319664 total
- age   3:      10136 bytes,     329800 total
- age   4:      63944 bytes,     393744 total
- age   5:    3377472 bytes,    3771216 total
- age   6:    2313648 bytes,    6084864 total
- age   7:    2392120 bytes,    8476984 total
- age   8:    4425752 bytes,   12902736 total
: 105490K->17433K(109248K), 0.0107187 secs] 254633K->167785K(502464K), 0.0107713 secs] [Times: user=0.04 sys=0.00, real=0.01 secs] 
Heap after GC invocations=100 (full 5):
 par new generation   total 109248K, used 17433K [0x00000007a0000000, 0x00000007a8000000, 0x00000007a8000000)
  eden space 87424K,   0% used [0x00000007a0000000, 0x00000007a0000000, 0x00000007a5560000)
  from space 21824K,  79% used [0x00000007a5560000, 0x00000007a6666500, 0x00000007a6ab0000)
  to   space 21824K,   0% used [0x00000007a6ab0000, 0x00000007a6ab0000, 0x00000007a8000000)
 concurrent mark-sweep generation total 393216K, used 150351K [0x00000007a8000000, 0x00000007c0000000, 0x00000007c0000000)
 Metaspace       used 34183K, capacity 34644K, committed 35196K, reserved 1081344K
  class space    used 4021K, capacity 4185K, committed 4220K, reserved 1048576K
}
2016-10-24T04:51:02.664+0800: 218.008: Total time for which application threads were stopped: 0.0109436 seconds, Stopping threads took: 0.0000209 seconds
{Heap before GC invocations=100 (full 5):
 par new generation   total 109248K, used 104857K [0x00000007a0000000, 0x00000007a8000000, 0x00000007a8000000)
  eden space 87424K, 100% used [0x00000007a0000000, 0x00000007a5560000, 0x00000007a5560000)
  from space 21824K,  79% used [0x00000007a5560000, 0x00000007a6666500, 0x00000007a6ab0000)
  to   space 21824K,   0% used [0x00000007a6ab0000, 0x00000007a6ab0000, 0x00000007a8000000)
 concurrent mark-sweep generation total 393216K, used 150351K [0x00000007a8000000, 0x00000007c0000000, 0x00000007c0000000)
 Metaspace       used 34183K, capacity 34644K, committed 35196K, reserved 1081344K
  class space    used 4021K, capacity 4185K, committed 4220K, reserved 1048576K
2016-10-24T04:51:02.775+0800: 218.119: [GC (Allocation Failure) 2016-10-24T04:51:02.775+0800: 218.119: [ParNew
Desired survivor size 20112992 bytes, new threshold 8 (max 8)
- age   1:     118336 bytes,     118336 total
- age   3:       3152 bytes,     121488 total
- age   4:      10136 bytes,     131624 total
- age   5:      63944 bytes,     195568 total
- age   6:    3377472 bytes,    3573040 total
- age   7:    2313624 bytes,    5886664 total
- age   8:    2392048 bytes,    8278712 total
: 104857K->12808K(109248K), 0.0095539 secs] 255209K->167514K(502464K), 0.0096024 secs] [Times: user=0.03 sys=0.00, real=0.01 secs] 
Heap after GC invocations=101 (full 5):
 par new generation   total 109248K, used 12808K [0x00000007a0000000, 0x00000007a8000000, 0x00000007a8000000)
  eden space 87424K,   0% used [0x00000007a0000000, 0x00000007a0000000, 0x00000007a5560000)
  from space 21824K,  58% used [0x00000007a6ab0000, 0x00000007a7732380, 0x00000007a8000000)
  to   space 21824K,   0% used [0x00000007a5560000, 0x00000007a5560000, 0x00000007a6ab0000)
 concurrent mark-sweep generation total 393216K, used 154705K [0x00000007a8000000, 0x00000007c0000000, 0x00000007c0000000)
 Metaspace       used 34183K, capacity 34644K, committed 35196K, reserved 1081344K
  class space    used 4021K, capacity 4185K, committed 4220K, reserved 1048576K
}
2016-10-24T04:51:02.785+0800: 218.128: Total time for which application threads were stopped: 0.0097544 seconds, Stopping threads took: 0.0000185 seconds
{Heap before GC invocations=101 (full 5):
 par new generation   total 109248K, used 100232K [0x00000007a0000000, 0x00000007a8000000, 0x00000007a8000000)
  eden space 87424K, 100% used [0x00000007a0000000, 0x00000007a5560000, 0x00000007a5560000)
  from space 21824K,  58% used [0x00000007a6ab0000, 0x00000007a7732380, 0x00000007a8000000)
  to   space 21824K,   0% used [0x00000007a5560000, 0x00000007a5560000, 0x00000007a6ab0000)
 concurrent mark-sweep generation total 393216K, used 154705K [0x00000007a8000000, 0x00000007c0000000, 0x00000007c0000000)
 Metaspace       used 34183K, capacity 34644K, committed 35196K, reserved 1081344K
  class space    used 4021K, capacity 4185K, committed 4220K, reserved 1048576K
2016-10-24T04:51:02.871+0800: 218.215: [GC (Allocation Failure) 2016-10-24T04:51:02.871+0800: 218.215: [ParNew
Desired survivor size 20112992 bytes, new threshold 8 (max 8)
- age   1:      75536 bytes,      75536 total
- age   2:      76944 bytes,     152480 total
- age   4:       3152 bytes,     155632 total
- age   5:      10136 bytes,     165768 total
- age   6:      63944 bytes,     229712 total
- age   7:    3377544 bytes,    3607256 total
- age   8:    2313624 bytes,    5920880 total
: 100232K->7494K(109248K), 0.0087967 secs] 254938K->164594K(502464K), 0.0088501 secs] [Times: user=0.03 sys=0.00, real=0.01 secs] 
Heap after GC invocations=102 (full 5):
 par new generation   total 109248K, used 7494K [0x00000007a0000000, 0x00000007a8000000, 0x00000007a8000000)
  eden space 87424K,   0% used [0x00000007a0000000, 0x00000007a0000000, 0x00000007a5560000)
  from space 21824K,  34% used [0x00000007a5560000, 0x00000007a5cb19e0, 0x00000007a6ab0000)
  to   space 21824K,   0% used [0x00000007a6ab0000, 0x00000007a6ab0000, 0x00000007a8000000)
 concurrent mark-sweep generation total 393216K, used 157099K [0x00000007a8000000, 0x00000007c0000000, 0x00000007c0000000)
 Metaspace       used 34183K, capacity 34644K, committed 35196K, reserved 1081344K
  class space    used 4021K, capacity 4185K, committed 4220K, reserved 1048576K
}
2016-10-24T04:51:02.880+0800: 218.224: Total time for which application threads were stopped: 0.0090039 seconds, Stopping threads took: 0.0000196 seconds
{Heap before GC invocations=102 (full 5):
 par new generation   total 109248K, used 94918K [0x00000007a0000000, 0x00000007a8000000, 0x00000007a8000000)
  eden space 87424K, 100% used [0x00000007a0000000, 0x00000007a5560000, 0x00000007a5560000)
  from space 21824K,  34% used [0x00000007a5560000, 0x00000007a5cb19e0, 0x00000007a6ab0000)
  to   space 21824K,   0% used [0x00000007a6ab0000, 0x00000007a6ab0000, 0x00000007a8000000)
 concurrent mark-sweep generation total 393216K, used 157099K [0x00000007a8000000, 0x00000007c0000000, 0x00000007c0000000)
 Metaspace       used 34183K, capacity 34644K, committed 35196K, reserved 1081344K
  class space    used 4021K, capacity 4185K, committed 4220K, reserved 1048576K
2016-10-24T04:51:03.011+0800: 218.355: [GC (Allocation Failure) 2016-10-24T04:51:03.011+0800: 218.355: [ParNew
Desired survivor size 20112992 bytes, new threshold 8 (max 8)
- age   1:      68232 bytes,      68232 total
- age   3:        224 bytes,      68456 total
- age   5:       3048 bytes,      71504 total
- age   6:      10136 bytes,      81640 total
- age   7:      63944 bytes,     145584 total
- age   8:    3377472 bytes,    3523056 total
: 94918K->4930K(109248K), 0.0077839 secs] 252018K->164357K(502464K), 0.0078306 secs] [Times: user=0.03 sys=0.00, real=0.00 secs] 
Heap after GC invocations=103 (full 5):
 par new generation   total 109248K, used 4930K [0x00000007a0000000, 0x00000007a8000000, 0x00000007a8000000)
  eden space 87424K,   0% used [0x00000007a0000000, 0x00000007a0000000, 0x00000007a5560000)
  from space 21824K,  22% used [0x00000007a6ab0000, 0x00000007a6f80820, 0x00000007a8000000)
  to   space 21824K,   0% used [0x00000007a5560000, 0x00000007a5560000, 0x00000007a6ab0000)
 concurrent mark-sweep generation total 393216K, used 159427K [0x00000007a8000000, 0x00000007c0000000, 0x00000007c0000000)
 Metaspace       used 34183K, capacity 34644K, committed 35196K, reserved 1081344K
  class space    used 4021K, capacity 4185K, committed 4220K, reserved 1048576K
}
2016-10-24T04:51:03.019+0800: 218.363: Total time for which application threads were stopped: 0.0079784 seconds, Stopping threads took: 0.0000196 seconds
2016-10-24T04:51:03.042+0800: 218.386: Total time for which application threads were stopped: 0.0000845 seconds, Stopping threads took: 0.0000182 seconds
2016-10-24T04:51:03.124+0800: 218.467: Total time for which application threads were stopped: 0.0001304 seconds, Stopping threads took: 0.0000443 seconds
2016-10-24T04:51:03.124+0800: 218.467: Total time for which application threads were stopped: 0.0000389 seconds, Stopping threads took: 0.0000078 seconds
2016-10-24T04:51:03.124+0800: 218.467: Total time for which application threads were stopped: 0.0000497 seconds, Stopping threads took: 0.0000193 seconds
2016-10-24T04:51:03.124+0800: 218.468: Total time for which application threads were stopped: 0.0000602 seconds, Stopping threads took: 0.0000308 seconds
2016-10-24T04:51:03.124+0800: 218.468: Total time for which application threads were stopped: 0.0000962 seconds, Stopping threads took: 0.0000265 seconds
2016-10-24T04:51:03.125+0800: 218.469: Total time for which application threads were stopped: 0.0000741 seconds, Stopping threads took: 0.0000267 seconds
2016-10-24T04:51:03.129+0800: 218.473: Total time for which application threads were stopped: 0.0000524 seconds, Stopping threads took: 0.0000103 seconds
2016-10-24T04:51:03.146+0800: 218.490: Total time for which application threads were stopped: 0.0001048 seconds, Stopping threads took: 0.0000329 seconds
2016-10-24T04:51:04.147+0800: 219.491: Total time for which application threads were stopped: 0.0002151 seconds, Stopping threads took: 0.0000541 seconds
2016-10-24T04:52:15.287+0800: 290.633: Total time for which application threads were stopped: 0.0000976 seconds, Stopping threads took: 0.0000309 seconds
2016-10-24T04:52:15.288+0800: 290.633: Total time for which application threads were stopped: 0.0002053 seconds, Stopping threads took: 0.0000700 seconds
2016-10-24T04:52:15.297+0800: 290.643: Total time for which application threads were stopped: 0.0001272 seconds, Stopping threads took: 0.0000401 seconds
2016-10-24T04:52:15.298+0800: 290.644: Total time for which application threads were stopped: 0.0001219 seconds, Stopping threads took: 0.0000274 seconds
{Heap before GC invocations=103 (full 5):
 par new generation   total 109248K, used 92342K [0x00000007a0000000, 0x00000007a8000000, 0x00000007a8000000)
  eden space 87424K,  99% used [0x00000007a0000000, 0x00000007a555d130, 0x00000007a5560000)
  from space 21824K,  22% used [0x00000007a6ab0000, 0x00000007a6f80820, 0x00000007a8000000)
  to   space 21824K,   0% used [0x00000007a5560000, 0x00000007a5560000, 0x00000007a6ab0000)
 concurrent mark-sweep generation total 393216K, used 159427K [0x00000007a8000000, 0x00000007c0000000, 0x00000007c0000000)
 Metaspace       used 34200K, capacity 34708K, committed 35196K, reserved 1081344K
  class space    used 4021K, capacity 4185K, committed 4220K, reserved 1048576K
2016-10-24T04:52:15.461+0800: 290.807: [GC (Allocation Failure) 2016-10-24T04:52:15.461+0800: 290.807: [ParNew
Desired survivor size 20112992 bytes, new threshold 8 (max 8)
- age   1:    4882624 bytes,    4882624 total
- age   8:      17888 bytes,    4900512 total
: 92342K->5455K(109248K), 0.0068168 secs] 251769K->167479K(502464K), 0.0068741 secs] [Times: user=0.02 sys=0.00, real=0.00 secs] 
Heap after GC invocations=104 (full 5):
 par new generation   total 109248K, used 5455K [0x00000007a0000000, 0x00000007a8000000, 0x00000007a8000000)
  eden space 87424K,   0% used [0x00000007a0000000, 0x00000007a0000000, 0x00000007a5560000)
  from space 21824K,  24% used [0x00000007a5560000, 0x00000007a5ab3db8, 0x00000007a6ab0000)
  to   space 21824K,   0% used [0x00000007a6ab0000, 0x00000007a6ab0000, 0x00000007a8000000)
 concurrent mark-sweep generation total 393216K, used 162024K [0x00000007a8000000, 0x00000007c0000000, 0x00000007c0000000)
 Metaspace       used 34200K, capacity 34708K, committed 35196K, reserved 1081344K
  class space    used 4021K, capacity 4185K, committed 4220K, reserved 1048576K
}
2016-10-24T04:52:15.468+0800: 290.814: Total time for which application threads were stopped: 0.0070872 seconds, Stopping threads took: 0.0000272 seconds
{Heap before GC invocations=104 (full 5):
 par new generation   total 109248K, used 92879K [0x00000007a0000000, 0x00000007a8000000, 0x00000007a8000000)
  eden space 87424K, 100% used [0x00000007a0000000, 0x00000007a5560000, 0x00000007a5560000)
  from space 21824K,  24% used [0x00000007a5560000, 0x00000007a5ab3db8, 0x00000007a6ab0000)
  to   space 21824K,   0% used [0x00000007a6ab0000, 0x00000007a6ab0000, 0x00000007a8000000)
 concurrent mark-sweep generation total 393216K, used 162024K [0x00000007a8000000, 0x00000007c0000000, 0x00000007c0000000)
 Metaspace       used 34200K, capacity 34708K, committed 35196K, reserved 1081344K
  class space    used 4021K, capacity 4185K, committed 4220K, reserved 1048576K
2016-10-24T04:52:15.720+0800: 291.066: [GC (Allocation Failure) 2016-10-24T04:52:15.721+0800: 291.066: [ParNew
Desired survivor size 20112992 bytes, new threshold 8 (max 8)
- age   1:    6720304 bytes,    6720304 total
- age   2:    3569096 bytes,   10289400 total
: 92879K->12786K(109248K), 0.0060903 secs] 254903K->174827K(502464K), 0.0061568 secs] [Times: user=0.02 sys=0.00, real=0.00 secs] 
Heap after GC invocations=105 (full 5):
 par new generation   total 109248K, used 12786K [0x00000007a0000000, 0x00000007a8000000, 0x00000007a8000000)
  eden space 87424K,   0% used [0x00000007a0000000, 0x00000007a0000000, 0x00000007a5560000)
  from space 21824K,  58% used [0x00000007a6ab0000, 0x00000007a772c870, 0x00000007a8000000)
  to   space 21824K,   0% used [0x00000007a5560000, 0x00000007a5560000, 0x00000007a6ab0000)
 concurrent mark-sweep generation total 393216K, used 162041K [0x00000007a8000000, 0x00000007c0000000, 0x00000007c0000000)
 Metaspace       used 34200K, capacity 34708K, committed 35196K, reserved 1081344K
  class space    used 4021K, capacity 4185K, committed 4220K, reserved 1048576K
}
2016-10-24T04:52:15.727+0800: 291.073: Total time for which application threads were stopped: 0.0063311 seconds, Stopping threads took: 0.0000313 seconds
{Heap before GC invocations=105 (full 5):
 par new generation   total 109248K, used 100210K [0x00000007a0000000, 0x00000007a8000000, 0x00000007a8000000)
  eden space 87424K, 100% used [0x00000007a0000000, 0x00000007a5560000, 0x00000007a5560000)
  from space 21824K,  58% used [0x00000007a6ab0000, 0x00000007a772c870, 0x00000007a8000000)
  to   space 21824K,   0% used [0x00000007a5560000, 0x00000007a5560000, 0x00000007a6ab0000)
 concurrent mark-sweep generation total 393216K, used 162041K [0x00000007a8000000, 0x00000007c0000000, 0x00000007c0000000)
 Metaspace       used 34200K, capacity 34708K, committed 35196K, reserved 1081344K
  class space    used 4021K, capacity 4185K, committed 4220K, reserved 1048576K
2016-10-24T04:52:15.996+0800: 291.342: [GC (Allocation Failure) 2016-10-24T04:52:15.996+0800: 291.342: [ParNew
Desired survivor size 20112992 bytes, new threshold 8 (max 8)
- age   1:    7141376 bytes,    7141376 total
- age   2:    4803464 bytes,   11944840 total
- age   3:    3572592 bytes,   15517432 total
: 100210K->19130K(109248K), 0.0069062 secs] 262251K->181172K(502464K), 0.0069829 secs] [Times: user=0.02 sys=0.00, real=0.01 secs] 
Heap after GC invocations=106 (full 5):
 par new generation   total 109248K, used 19130K [0x00000007a0000000, 0x00000007a8000000, 0x00000007a8000000)
  eden space 87424K,   0% used [0x00000007a0000000, 0x00000007a0000000, 0x00000007a5560000)
  from space 21824K,  87% used [0x00000007a5560000, 0x00000007a680e960, 0x00000007a6ab0000)
  to   space 21824K,   0% used [0x00000007a6ab0000, 0x00000007a6ab0000, 0x00000007a8000000)
 concurrent mark-sweep generation total 393216K, used 162041K [0x00000007a8000000, 0x00000007c0000000, 0x00000007c0000000)
 Metaspace       used 34200K, capacity 34708K, committed 35196K, reserved 1081344K
  class space    used 4021K, capacity 4185K, committed 4220K, reserved 1048576K
}
2016-10-24T04:52:16.003+0800: 291.349: Total time for which application threads were stopped: 0.0071508 seconds, Stopping threads took: 0.0000300 seconds
{Heap before GC invocations=106 (full 5):
 par new generation   total 109248K, used 106554K [0x00000007a0000000, 0x00000007a8000000, 0x00000007a8000000)
  eden space 87424K, 100% used [0x00000007a0000000, 0x00000007a5560000, 0x00000007a5560000)
  from space 21824K,  87% used [0x00000007a5560000, 0x00000007a680e960, 0x00000007a6ab0000)
  to   space 21824K,   0% used [0x00000007a6ab0000, 0x00000007a6ab0000, 0x00000007a8000000)
 concurrent mark-sweep generation total 393216K, used 162041K [0x00000007a8000000, 0x00000007c0000000, 0x00000007c0000000)
 Metaspace       used 34200K, capacity 34708K, committed 35196K, reserved 1081344K
  class space    used 4021K, capacity 4185K, committed 4220K, reserved 1048576K
2016-10-24T04:52:16.267+0800: 291.613: [GC (Allocation Failure) 2016-10-24T04:52:16.267+0800: 291.613: [ParNew
Desired survivor size 20112992 bytes, new threshold 8 (max 8)
- age   1:    6473000 bytes,    6473000 total
- age   2:    5114952 bytes,   11587952 total
- age   3:    4581640 bytes,   16169592 total
- age   4:    3494544 bytes,   19664136 total
: 106554K->21824K(109248K), 0.0089690 secs] 268596K->184328K(502464K), 0.0090247 secs] [Times: user=0.03 sys=0.00, real=0.01 secs] 
Heap after GC invocations=107 (full 5):
 par new generation   total 109248K, used 21824K [0x00000007a0000000, 0x00000007a8000000, 0x00000007a8000000)
  eden space 87424K,   0% used [0x00000007a0000000, 0x00000007a0000000, 0x00000007a5560000)
  from space 21824K, 100% used [0x00000007a6ab0000, 0x00000007a8000000, 0x00000007a8000000)
  to   space 21824K,   0% used [0x00000007a5560000, 0x00000007a5560000, 0x00000007a6ab0000)
 concurrent mark-sweep generation total 393216K, used 162504K [0x00000007a8000000, 0x00000007c0000000, 0x00000007c0000000)
 Metaspace       used 34200K, capacity 34708K, committed 35196K, reserved 1081344K
  class space    used 4021K, capacity 4185K, committed 4220K, reserved 1048576K
}
2016-10-24T04:52:16.276+0800: 291.622: Total time for which application threads were stopped: 0.0091919 seconds, Stopping threads took: 0.0000216 seconds
{Heap before GC invocations=107 (full 5):
 par new generation   total 109248K, used 109248K [0x00000007a0000000, 0x00000007a8000000, 0x00000007a8000000)
  eden space 87424K, 100% used [0x00000007a0000000, 0x00000007a5560000, 0x00000007a5560000)
  from space 21824K, 100% used [0x00000007a6ab0000, 0x00000007a8000000, 0x00000007a8000000)
  to   space 21824K,   0% used [0x00000007a5560000, 0x00000007a5560000, 0x00000007a6ab0000)
 concurrent mark-sweep generation total 393216K, used 162504K [0x00000007a8000000, 0x00000007c0000000, 0x00000007c0000000)
 Metaspace       used 34200K, capacity 34708K, committed 35196K, reserved 1081344K
  class space    used 4021K, capacity 4185K, committed 4220K, reserved 1048576K
2016-10-24T04:52:16.555+0800: 291.901: [GC (Allocation Failure) 2016-10-24T04:52:16.555+0800: 291.901: [ParNew
Desired survivor size 20112992 bytes, new threshold 8 (max 8)
- age   1:    5589392 bytes,    5589392 total
- age   2:    3543456 bytes,    9132848 total
- age   3:    4055432 bytes,   13188280 total
- age   4:    3609256 bytes,   16797536 total
- age   5:    2952376 bytes,   19749912 total
: 109248K->21824K(109248K), 0.0119288 secs] 271752K->188979K(502464K), 0.0120174 secs] [Times: user=0.04 sys=0.00, real=0.01 secs] 
Heap after GC invocations=108 (full 5):
 par new generation   total 109248K, used 21824K [0x00000007a0000000, 0x00000007a8000000, 0x00000007a8000000)
  eden space 87424K,   0% used [0x00000007a0000000, 0x00000007a0000000, 0x00000007a5560000)
  from space 21824K, 100% used [0x00000007a5560000, 0x00000007a6ab0000, 0x00000007a6ab0000)
  to   space 21824K,   0% used [0x00000007a6ab0000, 0x00000007a6ab0000, 0x00000007a8000000)
 concurrent mark-sweep generation total 393216K, used 167155K [0x00000007a8000000, 0x00000007c0000000, 0x00000007c0000000)
 Metaspace       used 34200K, capacity 34708K, committed 35196K, reserved 1081344K
  class space    used 4021K, capacity 4185K, committed 4220K, reserved 1048576K
}
2016-10-24T04:52:16.567+0800: 291.913: Total time for which application threads were stopped: 0.0122017 seconds, Stopping threads took: 0.0000252 seconds
{Heap before GC invocations=108 (full 5):
 par new generation   total 109248K, used 109248K [0x00000007a0000000, 0x00000007a8000000, 0x00000007a8000000)
  eden space 87424K, 100% used [0x00000007a0000000, 0x00000007a5560000, 0x00000007a5560000)
  from space 21824K, 100% used [0x00000007a5560000, 0x00000007a6ab0000, 0x00000007a6ab0000)
  to   space 21824K,   0% used [0x00000007a6ab0000, 0x00000007a6ab0000, 0x00000007a8000000)
 concurrent mark-sweep generation total 393216K, used 167155K [0x00000007a8000000, 0x00000007c0000000, 0x00000007c0000000)
 Metaspace       used 34200K, capacity 34708K, committed 35196K, reserved 1081344K
  class space    used 4021K, capacity 4185K, committed 4220K, reserved 1048576K
2016-10-24T04:52:16.838+0800: 292.184: [GC (Allocation Failure) 2016-10-24T04:52:16.838+0800: 292.184: [ParNew
Desired survivor size 20112992 bytes, new threshold 8 (max 8)
- age   1:    6127872 bytes,    6127872 total
- age   2:    2119064 bytes,    8246936 total
- age   3:    2703416 bytes,   10950352 total
- age   4:    2952680 bytes,   13903032 total
- age   5:    3512816 bytes,   17415848 total
- age   6:    2603792 bytes,   20019640 total
: 109248K->21824K(109248K), 0.0098629 secs] 276403K->193856K(502464K), 0.0099284 secs] [Times: user=0.03 sys=0.01, real=0.01 secs] 
Heap after GC invocations=109 (full 5):
 par new generation   total 109248K, used 21824K [0x00000007a0000000, 0x00000007a8000000, 0x00000007a8000000)
  eden space 87424K,   0% used [0x00000007a0000000, 0x00000007a0000000, 0x00000007a5560000)
  from space 21824K, 100% used [0x00000007a6ab0000, 0x00000007a8000000, 0x00000007a8000000)
  to   space 21824K,   0% used [0x00000007a5560000, 0x00000007a5560000, 0x00000007a6ab0000)
 concurrent mark-sweep generation total 393216K, used 172032K [0x00000007a8000000, 0x00000007c0000000, 0x00000007c0000000)
 Metaspace       used 34200K, capacity 34708K, committed 35196K, reserved 1081344K
  class space    used 4021K, capacity 4185K, committed 4220K, reserved 1048576K
}
2016-10-24T04:52:16.848+0800: 292.194: Total time for which application threads were stopped: 0.0101641 seconds, Stopping threads took: 0.0000405 seconds
{Heap before GC invocations=109 (full 5):
 par new generation   total 109248K, used 109248K [0x00000007a0000000, 0x00000007a8000000, 0x00000007a8000000)
  eden space 87424K, 100% used [0x00000007a0000000, 0x00000007a5560000, 0x00000007a5560000)
  from space 21824K, 100% used [0x00000007a6ab0000, 0x00000007a8000000, 0x00000007a8000000)
  to   space 21824K,   0% used [0x00000007a5560000, 0x00000007a5560000, 0x00000007a6ab0000)
 concurrent mark-sweep generation total 393216K, used 172032K [0x00000007a8000000, 0x00000007c0000000, 0x00000007c0000000)
 Metaspace       used 34200K, capacity 34708K, committed 35196K, reserved 1081344K
  class space    used 4021K, capacity 4185K, committed 4220K, reserved 1048576K
2016-10-24T04:52:17.126+0800: 292.472: [GC (Allocation Failure) 2016-10-24T04:52:17.126+0800: 292.472: [ParNew
Desired survivor size 20112992 bytes, new threshold 8 (max 8)
- age   1:    4646072 bytes,    4646072 total
- age   2:    4022912 bytes,    8668984 total
- age   3:    1984744 bytes,   10653728 total
- age   4:    2224280 bytes,   12878008 total
- age   5:    2230088 bytes,   15108096 total
- age   6:    2393608 bytes,   17501704 total
- age   7:    2118896 bytes,   19620600 total
: 109248K->21824K(109248K), 0.0115174 secs] 281280K->200424K(502464K), 0.0115932 secs] [Times: user=0.04 sys=0.00, real=0.01 secs] 
Heap after GC invocations=110 (full 5):
 par new generation   total 109248K, used 21824K [0x00000007a0000000, 0x00000007a8000000, 0x00000007a8000000)
  eden space 87424K,   0% used [0x00000007a0000000, 0x00000007a0000000, 0x00000007a5560000)
  from space 21824K, 100% used [0x00000007a5560000, 0x00000007a6ab0000, 0x00000007a6ab0000)
  to   space 21824K,   0% used [0x00000007a6ab0000, 0x00000007a6ab0000, 0x00000007a8000000)
 concurrent mark-sweep generation total 393216K, used 178600K [0x00000007a8000000, 0x00000007c0000000, 0x00000007c0000000)
 Metaspace       used 34200K, capacity 34708K, committed 35196K, reserved 1081344K
  class space    used 4021K, capacity 4185K, committed 4220K, reserved 1048576K
}
2016-10-24T04:52:17.138+0800: 292.484: Total time for which application threads were stopped: 0.0117951 seconds, Stopping threads took: 0.0000286 seconds
{Heap before GC invocations=110 (full 5):
 par new generation   total 109248K, used 109248K [0x00000007a0000000, 0x00000007a8000000, 0x00000007a8000000)
  eden space 87424K, 100% used [0x00000007a0000000, 0x00000007a5560000, 0x00000007a5560000)
  from space 21824K, 100% used [0x00000007a5560000, 0x00000007a6ab0000, 0x00000007a6ab0000)
  to   space 21824K,   0% used [0x00000007a6ab0000, 0x00000007a6ab0000, 0x00000007a8000000)
 concurrent mark-sweep generation total 393216K, used 178600K [0x00000007a8000000, 0x00000007c0000000, 0x00000007c0000000)
 Metaspace       used 34200K, capacity 34708K, committed 35196K, reserved 1081344K
  class space    used 4021K, capacity 4185K, committed 4220K, reserved 1048576K
2016-10-24T04:52:17.404+0800: 292.750: [GC (Allocation Failure) 2016-10-24T04:52:17.404+0800: 292.750: [ParNew
Desired survivor size 20112992 bytes, new threshold 7 (max 8)
- age   1:    7805536 bytes,    7805536 total
- age   2:    2244992 bytes,   10050528 total
- age   3:    3069232 bytes,   13119760 total
- age   4:    1180328 bytes,   14300088 total
- age   5:    1969432 bytes,   16269520 total
- age   6:    1984528 bytes,   18254048 total
- age   7:    2173160 bytes,   20427208 total
- age   8:    1910544 bytes,   22337752 total
: 109248K->21824K(109248K), 0.0137764 secs] 287848K->205012K(502464K), 0.0138307 secs] [Times: user=0.05 sys=0.00, real=0.01 secs] 
Heap after GC invocations=111 (full 5):
 par new generation   total 109248K, used 21824K [0x00000007a0000000, 0x00000007a8000000, 0x00000007a8000000)
  eden space 87424K,   0% used [0x00000007a0000000, 0x00000007a0000000, 0x00000007a5560000)
  from space 21824K, 100% used [0x00000007a6ab0000, 0x00000007a8000000, 0x00000007a8000000)
  to   space 21824K,   0% used [0x00000007a5560000, 0x00000007a5560000, 0x00000007a6ab0000)
 concurrent mark-sweep generation total 393216K, used 183188K [0x00000007a8000000, 0x00000007c0000000, 0x00000007c0000000)
 Metaspace       used 34200K, capacity 34708K, committed 35196K, reserved 1081344K
  class space    used 4021K, capacity 4185K, committed 4220K, reserved 1048576K
}
2016-10-24T04:52:17.418+0800: 292.764: Total time for which application threads were stopped: 0.0140136 seconds, Stopping threads took: 0.0000306 seconds
{Heap before GC invocations=111 (full 5):
 par new generation   total 109248K, used 109248K [0x00000007a0000000, 0x00000007a8000000, 0x00000007a8000000)
  eden space 87424K, 100% used [0x00000007a0000000, 0x00000007a5560000, 0x00000007a5560000)
  from space 21824K, 100% used [0x00000007a6ab0000, 0x00000007a8000000, 0x00000007a8000000)
  to   space 21824K,   0% used [0x00000007a5560000, 0x00000007a5560000, 0x00000007a6ab0000)
 concurrent mark-sweep generation total 393216K, used 183188K [0x00000007a8000000, 0x00000007c0000000, 0x00000007c0000000)
 Metaspace       used 34200K, capacity 34708K, committed 35196K, reserved 1081344K
  class space    used 4021K, capacity 4185K, committed 4220K, reserved 1048576K
2016-10-24T04:52:17.693+0800: 293.039: [GC (Allocation Failure) 2016-10-24T04:52:17.693+0800: 293.039: [ParNew
Desired survivor size 20112992 bytes, new threshold 7 (max 8)
- age   1:    8106424 bytes,    8106424 total
- age   2:    4652392 bytes,   12758816 total
- age   3:    1844280 bytes,   14603096 total
- age   4:    2700072 bytes,   17303168 total
- age   5:     907696 bytes,   18210864 total
- age   6:    1725648 bytes,   19936512 total
- age   7:    1736968 bytes,   21673480 total
: 109248K->21824K(109248K), 0.0145160 secs] 292436K->211992K(502464K), 0.0145906 secs] [Times: user=0.05 sys=0.00, real=0.01 secs] 
Heap after GC invocations=112 (full 5):
 par new generation   total 109248K, used 21824K [0x00000007a0000000, 0x00000007a8000000, 0x00000007a8000000)
  eden space 87424K,   0% used [0x00000007a0000000, 0x00000007a0000000, 0x00000007a5560000)
  from space 21824K, 100% used [0x00000007a5560000, 0x00000007a6ab0000, 0x00000007a6ab0000)
  to   space 21824K,   0% used [0x00000007a6ab0000, 0x00000007a6ab0000, 0x00000007a8000000)
 concurrent mark-sweep generation total 393216K, used 190168K [0x00000007a8000000, 0x00000007c0000000, 0x00000007c0000000)
 Metaspace       used 34200K, capacity 34708K, committed 35196K, reserved 1081344K
  class space    used 4021K, capacity 4185K, committed 4220K, reserved 1048576K
}
2016-10-24T04:52:17.707+0800: 293.053: Total time for which application threads were stopped: 0.0147507 seconds, Stopping threads took: 0.0000225 seconds
{Heap before GC invocations=112 (full 5):
 par new generation   total 109248K, used 109248K [0x00000007a0000000, 0x00000007a8000000, 0x00000007a8000000)
  eden space 87424K, 100% used [0x00000007a0000000, 0x00000007a5560000, 0x00000007a5560000)
  from space 21824K, 100% used [0x00000007a5560000, 0x00000007a6ab0000, 0x00000007a6ab0000)
  to   space 21824K,   0% used [0x00000007a6ab0000, 0x00000007a6ab0000, 0x00000007a8000000)
 concurrent mark-sweep generation total 393216K, used 190168K [0x00000007a8000000, 0x00000007c0000000, 0x00000007c0000000)
 Metaspace       used 34200K, capacity 34708K, committed 35196K, reserved 1081344K
  class space    used 4021K, capacity 4185K, committed 4220K, reserved 1048576K
2016-10-24T04:52:17.975+0800: 293.321: [GC (Allocation Failure) 2016-10-24T04:52:17.976+0800: 293.322: [ParNew
Desired survivor size 20112992 bytes, new threshold 8 (max 8)
- age   1:    4370112 bytes,    4370112 total
- age   2:    2953336 bytes,    7323448 total
- age   3:    4445544 bytes,   11768992 total
- age   4:    1746632 bytes,   13515624 total
- age   5:    2613856 bytes,   16129480 total
- age   6:     842296 bytes,   16971776 total
- age   7:    1667632 bytes,   18639408 total
: 109248K->21824K(109248K), 0.0124527 secs] 299416K->220525K(502464K), 0.0125276 secs] [Times: user=0.05 sys=0.00, real=0.01 secs] 
Heap after GC invocations=113 (full 5):
 par new generation   total 109248K, used 21824K [0x00000007a0000000, 0x00000007a8000000, 0x00000007a8000000)
  eden space 87424K,   0% used [0x00000007a0000000, 0x00000007a0000000, 0x00000007a5560000)
  from space 21824K, 100% used [0x00000007a6ab0000, 0x00000007a8000000, 0x00000007a8000000)
  to   space 21824K,   0% used [0x00000007a5560000, 0x00000007a5560000, 0x00000007a6ab0000)
 concurrent mark-sweep generation total 393216K, used 198701K [0x00000007a8000000, 0x00000007c0000000, 0x00000007c0000000)
 Metaspace       used 34200K, capacity 34708K, committed 35196K, reserved 1081344K
  class space    used 4021K, capacity 4185K, committed 4220K, reserved 1048576K
}
2016-10-24T04:52:17.988+0800: 293.334: Total time for which application threads were stopped: 0.0126992 seconds, Stopping threads took: 0.0000214 seconds
2016-10-24T04:52:17.988+0800: 293.334: [GC (CMS Initial Mark) [1 CMS-initial-mark: 198701K(393216K)] 220755K(502464K), 0.0048951 secs] [Times: user=0.01 sys=0.00, real=0.01 secs] 
2016-10-24T04:52:17.993+0800: 293.339: Total time for which application threads were stopped: 0.0050444 seconds, Stopping threads took: 0.0000173 seconds
2016-10-24T04:52:17.993+0800: 293.339: [CMS-concurrent-mark-start]
2016-10-24T04:52:18.007+0800: 293.353: [CMS-concurrent-mark: 0.014/0.014 secs] [Times: user=0.07 sys=0.00, real=0.01 secs] 
2016-10-24T04:52:18.008+0800: 293.354: [CMS-concurrent-preclean-start]
2016-10-24T04:52:18.009+0800: 293.355: [CMS-concurrent-preclean: 0.001/0.001 secs] [Times: user=0.00 sys=0.00, real=0.00 secs] 
2016-10-24T04:52:18.009+0800: 293.355: [CMS-concurrent-abortable-preclean-start]
2016-10-24T04:52:18.141+0800: 293.487: [CMS-concurrent-abortable-preclean: 0.131/0.132 secs] [Times: user=0.26 sys=0.00, real=0.14 secs] 
2016-10-24T04:52:18.141+0800: 293.487: [GC (CMS Final Remark) [YG occupancy: 75855 K (109248 K)]{Heap before GC invocations=113 (full 6):
 par new generation   total 109248K, used 75855K [0x00000007a0000000, 0x00000007a8000000, 0x00000007a8000000)
  eden space 87424K,  61% used [0x00000007a0000000, 0x00000007a34c3e80, 0x00000007a5560000)
  from space 21824K, 100% used [0x00000007a6ab0000, 0x00000007a8000000, 0x00000007a8000000)
  to   space 21824K,   0% used [0x00000007a5560000, 0x00000007a5560000, 0x00000007a6ab0000)
 concurrent mark-sweep generation total 393216K, used 198701K [0x00000007a8000000, 0x00000007c0000000, 0x00000007c0000000)
 Metaspace       used 34200K, capacity 34708K, committed 35196K, reserved 1081344K
  class space    used 4021K, capacity 4185K, committed 4220K, reserved 1048576K
2016-10-24T04:52:18.141+0800: 293.487: [GC (CMS Final Remark) 2016-10-24T04:52:18.141+0800: 293.487: [ParNew
Desired survivor size 20112992 bytes, new threshold 8 (max 8)
- age   1:    5341784 bytes,    5341784 total
- age   2:    2751264 bytes,    8093048 total
- age   3:    2604176 bytes,   10697224 total
- age   4:    3827272 bytes,   14524496 total
- age   5:    1655984 bytes,   16180480 total
- age   6:    2526136 bytes,   18706616 total
- age   7:     780360 bytes,   19486976 total
- age   8:    1612656 bytes,   21099632 total
: 75855K->21824K(109248K), 0.0121590 secs] 274557K->225289K(502464K), 0.0122059 secs] [Times: user=0.05 sys=0.00, real=0.01 secs] 
Heap after GC invocations=114 (full 6):
 par new generation   total 109248K, used 21824K [0x00000007a0000000, 0x00000007a8000000, 0x00000007a8000000)
  eden space 87424K,   0% used [0x00000007a0000000, 0x00000007a0000000, 0x00000007a5560000)
  from space 21824K, 100% used [0x00000007a5560000, 0x00000007a6ab0000, 0x00000007a6ab0000)
  to   space 21824K,   0% used [0x00000007a6ab0000, 0x00000007a6ab0000, 0x00000007a8000000)
 concurrent mark-sweep generation total 393216K, used 203465K [0x00000007a8000000, 0x00000007c0000000, 0x00000007c0000000)
 Metaspace       used 34200K, capacity 34708K, committed 35196K, reserved 1081344K
  class space    used 4021K, capacity 4185K, committed 4220K, reserved 1048576K
}
2016-10-24T04:52:18.153+0800: 293.499: [Rescan (parallel) , 0.0059736 secs]2016-10-24T04:52:18.159+0800: 293.505: [weak refs processing, 0.0009192 secs]2016-10-24T04:52:18.160+0800: 293.506: [class unloading, 0.0065217 secs]2016-10-24T04:52:18.167+0800: 293.513: [scrub symbol table, 0.0041148 secs]2016-10-24T04:52:18.171+0800: 293.517: [scrub string table, 0.0004801 secs][1 CMS-remark: 203465K(393216K)] 225289K(502464K), 0.0305358 secs] [Times: user=0.08 sys=0.00, real=0.03 secs] 
2016-10-24T04:52:18.171+0800: 293.517: Total time for which application threads were stopped: 0.0307282 seconds, Stopping threads took: 0.0000790 seconds
2016-10-24T04:52:18.171+0800: 293.517: [CMS-concurrent-sweep-start]
2016-10-24T04:52:18.218+0800: 293.564: [CMS-concurrent-sweep: 0.047/0.047 secs] [Times: user=0.10 sys=0.00, real=0.04 secs] 
2016-10-24T04:52:18.218+0800: 293.564: [CMS-concurrent-reset-start]
2016-10-24T04:52:18.219+0800: 293.565: [CMS-concurrent-reset: 0.000/0.000 secs] [Times: user=0.00 sys=0.00, real=0.00 secs] 
{Heap before GC invocations=114 (full 6):
 par new generation   total 109248K, used 109248K [0x00000007a0000000, 0x00000007a8000000, 0x00000007a8000000)
  eden space 87424K, 100% used [0x00000007a0000000, 0x00000007a5560000, 0x00000007a5560000)
  from space 21824K, 100% used [0x00000007a5560000, 0x00000007a6ab0000, 0x00000007a6ab0000)
  to   space 21824K,   0% used [0x00000007a6ab0000, 0x00000007a6ab0000, 0x00000007a8000000)
 concurrent mark-sweep generation total 393216K, used 60602K [0x00000007a8000000, 0x00000007c0000000, 0x00000007c0000000)
 Metaspace       used 34200K, capacity 34708K, committed 35196K, reserved 1081344K
  class space    used 4021K, capacity 4185K, committed 4220K, reserved 1048576K
2016-10-24T04:52:18.390+0800: 293.736: [GC (Allocation Failure) 2016-10-24T04:52:18.390+0800: 293.736: [ParNew
Desired survivor size 20112992 bytes, new threshold 7 (max 8)
- age   1:    4098696 bytes,    4098696 total
- age   2:    4010752 bytes,    8109448 total
- age   3:    2348320 bytes,   10457768 total
- age   4:    2370784 bytes,   12828552 total
- age   5:    3550512 bytes,   16379064 total
- age   6:    1355552 bytes,   17734616 total
- age   7:    2399096 bytes,   20133712 total
- age   8:     698432 bytes,   20832144 total
: 109248K->21824K(109248K), 0.0188854 secs] 169850K->91194K(502464K), 0.0189335 secs] [Times: user=0.06 sys=0.00, real=0.01 secs] 
Heap after GC invocations=115 (full 6):
 par new generation   total 109248K, used 21824K [0x00000007a0000000, 0x00000007a8000000, 0x00000007a8000000)
  eden space 87424K,   0% used [0x00000007a0000000, 0x00000007a0000000, 0x00000007a5560000)
  from space 21824K, 100% used [0x00000007a6ab0000, 0x00000007a8000000, 0x00000007a8000000)
  to   space 21824K,   0% used [0x00000007a5560000, 0x00000007a5560000, 0x00000007a6ab0000)
 concurrent mark-sweep generation total 393216K, used 69370K [0x00000007a8000000, 0x00000007c0000000, 0x00000007c0000000)
 Metaspace       used 34200K, capacity 34708K, committed 35196K, reserved 1081344K
  class space    used 4021K, capacity 4185K, committed 4220K, reserved 1048576K
}
2016-10-24T04:52:18.409+0800: 293.755: Total time for which application threads were stopped: 0.0191584 seconds, Stopping threads took: 0.0000312 seconds
{Heap before GC invocations=115 (full 6):
 par new generation   total 109248K, used 109248K [0x00000007a0000000, 0x00000007a8000000, 0x00000007a8000000)
  eden space 87424K, 100% used [0x00000007a0000000, 0x00000007a5560000, 0x00000007a5560000)
  from space 21824K, 100% used [0x00000007a6ab0000, 0x00000007a8000000, 0x00000007a8000000)
  to   space 21824K,   0% used [0x00000007a5560000, 0x00000007a5560000, 0x00000007a6ab0000)
 concurrent mark-sweep generation total 393216K, used 69370K [0x00000007a8000000, 0x00000007c0000000, 0x00000007c0000000)
 Metaspace       used 34200K, capacity 34708K, committed 35196K, reserved 1081344K
  class space    used 4021K, capacity 4185K, committed 4220K, reserved 1048576K
2016-10-24T04:52:18.643+0800: 293.989: [GC (Allocation Failure) 2016-10-24T04:52:18.643+0800: 293.989: [ParNew
Desired survivor size 20112992 bytes, new threshold 6 (max 8)
- age   1:    5025920 bytes,    5025920 total
- age   2:    3770872 bytes,    8796792 total
- age   3:    3894600 bytes,   12691392 total
- age   4:    2198728 bytes,   14890120 total
- age   5:    2234656 bytes,   17124776 total
- age   6:    3412248 bytes,   20537024 total
- age   7:    1255616 bytes,   21792640 total
: 109248K->21824K(109248K), 0.0178344 secs] 178618K->99141K(502464K), 0.0178998 secs] [Times: user=0.07 sys=0.00, real=0.02 secs] 
Heap after GC invocations=116 (full 6):
 par new generation   total 109248K, used 21824K [0x00000007a0000000, 0x00000007a8000000, 0x00000007a8000000)
  eden space 87424K,   0% used [0x00000007a0000000, 0x00000007a0000000, 0x00000007a5560000)
  from space 21824K, 100% used [0x00000007a5560000, 0x00000007a6ab0000, 0x00000007a6ab0000)
  to   space 21824K,   0% used [0x00000007a6ab0000, 0x00000007a6ab0000, 0x00000007a8000000)
 concurrent mark-sweep generation total 393216K, used 77317K [0x00000007a8000000, 0x00000007c0000000, 0x00000007c0000000)
 Metaspace       used 34200K, capacity 34708K, committed 35196K, reserved 1081344K
  class space    used 4021K, capacity 4185K, committed 4220K, reserved 1048576K
}
2016-10-24T04:52:18.661+0800: 294.007: Total time for which application threads were stopped: 0.0180653 seconds, Stopping threads took: 0.0000274 seconds
{Heap before GC invocations=116 (full 6):
 par new generation   total 109248K, used 109248K [0x00000007a0000000, 0x00000007a8000000, 0x00000007a8000000)
  eden space 87424K, 100% used [0x00000007a0000000, 0x00000007a5560000, 0x00000007a5560000)
  from space 21824K, 100% used [0x00000007a5560000, 0x00000007a6ab0000, 0x00000007a6ab0000)
  to   space 21824K,   0% used [0x00000007a6ab0000, 0x00000007a6ab0000, 0x00000007a8000000)
 concurrent mark-sweep generation total 393216K, used 77317K [0x00000007a8000000, 0x00000007c0000000, 0x00000007c0000000)
 Metaspace       used 34200K, capacity 34708K, committed 35196K, reserved 1081344K
  class space    used 4021K, capacity 4185K, committed 4220K, reserved 1048576K
2016-10-24T04:52:18.895+0800: 294.241: [GC (Allocation Failure) 2016-10-24T04:52:18.895+0800: 294.241: [ParNew
Desired survivor size 20112992 bytes, new threshold 6 (max 8)
- age   1:    4728000 bytes,    4728000 total
- age   2:    3446376 bytes,    8174376 total
- age   3:    3718504 bytes,   11892880 total
- age   4:    3865208 bytes,   15758088 total
- age   5:    2161440 bytes,   17919528 total
- age   6:    2210568 bytes,   20130096 total
: 109248K->21824K(109248K), 0.0160054 secs] 186565K->108158K(502464K), 0.0160561 secs] [Times: user=0.06 sys=0.01, real=0.02 secs] 
Heap after GC invocations=117 (full 6):
 par new generation   total 109248K, used 21824K [0x00000007a0000000, 0x00000007a8000000, 0x00000007a8000000)
  eden space 87424K,   0% used [0x00000007a0000000, 0x00000007a0000000, 0x00000007a5560000)
  from space 21824K, 100% used [0x00000007a6ab0000, 0x00000007a8000000, 0x00000007a8000000)
  to   space 21824K,   0% used [0x00000007a5560000, 0x00000007a5560000, 0x00000007a6ab0000)
 concurrent mark-sweep generation total 393216K, used 86334K [0x00000007a8000000, 0x00000007c0000000, 0x00000007c0000000)
 Metaspace       used 34200K, capacity 34708K, committed 35196K, reserved 1081344K
  class space    used 4021K, capacity 4185K, committed 4220K, reserved 1048576K
}
2016-10-24T04:52:18.911+0800: 294.257: Total time for which application threads were stopped: 0.0162090 seconds, Stopping threads took: 0.0000207 seconds
{Heap before GC invocations=117 (full 6):
 par new generation   total 109248K, used 109248K [0x00000007a0000000, 0x00000007a8000000, 0x00000007a8000000)
  eden space 87424K, 100% used [0x00000007a0000000, 0x00000007a5560000, 0x00000007a5560000)
  from space 21824K, 100% used [0x00000007a6ab0000, 0x00000007a8000000, 0x00000007a8000000)
  to   space 21824K,   0% used [0x00000007a5560000, 0x00000007a5560000, 0x00000007a6ab0000)
 concurrent mark-sweep generation total 393216K, used 86334K [0x00000007a8000000, 0x00000007c0000000, 0x00000007c0000000)
 Metaspace       used 34200K, capacity 34708K, committed 35196K, reserved 1081344K
  class space    used 4021K, capacity 4185K, committed 4220K, reserved 1048576K
2016-10-24T04:52:19.142+0800: 294.488: [GC (Allocation Failure) 2016-10-24T04:52:19.142+0800: 294.488: [ParNew
Desired survivor size 20112992 bytes, new threshold 5 (max 8)
- age   1:    7269536 bytes,    7269536 total
- age   2:    3039232 bytes,   10308768 total
- age   3:    2943944 bytes,   13252712 total
- age   4:    3361344 bytes,   16614056 total
- age   5:    3710864 bytes,   20324920 total
- age   6:    1974136 bytes,   22299056 total
: 109248K->21824K(109248K), 0.0220313 secs] 195582K->118762K(502464K), 0.0220963 secs] [Times: user=0.08 sys=0.00, real=0.02 secs] 
Heap after GC invocations=118 (full 6):
 par new generation   total 109248K, used 21824K [0x00000007a0000000, 0x00000007a8000000, 0x00000007a8000000)
  eden space 87424K,   0% used [0x00000007a0000000, 0x00000007a0000000, 0x00000007a5560000)
  from space 21824K, 100% used [0x00000007a5560000, 0x00000007a6ab0000, 0x00000007a6ab0000)
  to   space 21824K,   0% used [0x00000007a6ab0000, 0x00000007a6ab0000, 0x00000007a8000000)
 concurrent mark-sweep generation total 393216K, used 96938K [0x00000007a8000000, 0x00000007c0000000, 0x00000007c0000000)
 Metaspace       used 34200K, capacity 34708K, committed 35196K, reserved 1081344K
  class space    used 4021K, capacity 4185K, committed 4220K, reserved 1048576K
}
2016-10-24T04:52:19.164+0800: 294.510: Total time for which application threads were stopped: 0.0223092 seconds, Stopping threads took: 0.0000491 seconds
2016-10-24T04:52:19.334+0800: 294.680: Total time for which application threads were stopped: 0.0001107 seconds, Stopping threads took: 0.0000297 seconds
{Heap before GC invocations=118 (full 6):
 par new generation   total 109248K, used 109248K [0x00000007a0000000, 0x00000007a8000000, 0x00000007a8000000)
  eden space 87424K, 100% used [0x00000007a0000000, 0x00000007a5560000, 0x00000007a5560000)
  from space 21824K, 100% used [0x00000007a5560000, 0x00000007a6ab0000, 0x00000007a6ab0000)
  to   space 21824K,   0% used [0x00000007a6ab0000, 0x00000007a6ab0000, 0x00000007a8000000)
 concurrent mark-sweep generation total 393216K, used 96938K [0x00000007a8000000, 0x00000007c0000000, 0x00000007c0000000)
 Metaspace       used 34200K, capacity 34708K, committed 35196K, reserved 1081344K
  class space    used 4021K, capacity 4185K, committed 4220K, reserved 1048576K
2016-10-24T04:52:19.415+0800: 294.761: [GC (Allocation Failure) 2016-10-24T04:52:19.415+0800: 294.761: [ParNew
Desired survivor size 20112992 bytes, new threshold 8 (max 8)
- age   1:    4337592 bytes,    4337592 total
- age   2:    6626160 bytes,   10963752 total
- age   3:    2845376 bytes,   13809128 total
- age   4:    2875160 bytes,   16684288 total
- age   5:    3302104 bytes,   19986392 total
: 109248K->21824K(109248K), 0.0167889 secs] 206186K->126003K(502464K), 0.0168579 secs] [Times: user=0.06 sys=0.00, real=0.02 secs] 
Heap after GC invocations=119 (full 6):
 par new generation   total 109248K, used 21824K [0x00000007a0000000, 0x00000007a8000000, 0x00000007a8000000)
  eden space 87424K,   0% used [0x00000007a0000000, 0x00000007a0000000, 0x00000007a5560000)
  from space 21824K, 100% used [0x00000007a6ab0000, 0x00000007a8000000, 0x00000007a8000000)
  to   space 21824K,   0% used [0x00000007a5560000, 0x00000007a5560000, 0x00000007a6ab0000)
 concurrent mark-sweep generation total 393216K, used 104179K [0x00000007a8000000, 0x00000007c0000000, 0x00000007c0000000)
 Metaspace       used 34200K, capacity 34708K, committed 35196K, reserved 1081344K
  class space    used 4021K, capacity 4185K, committed 4220K, reserved 1048576K
}
2016-10-24T04:52:19.432+0800: 294.778: Total time for which application threads were stopped: 0.0170695 seconds, Stopping threads took: 0.0000224 seconds
{Heap before GC invocations=119 (full 6):
 par new generation   total 109248K, used 109248K [0x00000007a0000000, 0x00000007a8000000, 0x00000007a8000000)
  eden space 87424K, 100% used [0x00000007a0000000, 0x00000007a5560000, 0x00000007a5560000)
  from space 21824K, 100% used [0x00000007a6ab0000, 0x00000007a8000000, 0x00000007a8000000)
  to   space 21824K,   0% used [0x00000007a5560000, 0x00000007a5560000, 0x00000007a6ab0000)
 concurrent mark-sweep generation total 393216K, used 104179K [0x00000007a8000000, 0x00000007c0000000, 0x00000007c0000000)
 Metaspace       used 34200K, capacity 34708K, committed 35196K, reserved 1081344K
  class space    used 4021K, capacity 4185K, committed 4220K, reserved 1048576K
2016-10-24T04:52:19.681+0800: 295.027: [GC (Allocation Failure) 2016-10-24T04:52:19.681+0800: 295.027: [ParNew
Desired survivor size 20112992 bytes, new threshold 6 (max 8)
- age   1:    5937480 bytes,    5937480 total
- age   2:    3647336 bytes,    9584816 total
- age   3:    3893696 bytes,   13478512 total
- age   4:    2617808 bytes,   16096320 total
- age   5:    2777920 bytes,   18874240 total
- age   6:    3256496 bytes,   22130736 total
: 109248K->21824K(109248K), 0.0170204 secs] 213427K->133626K(502464K), 0.0171012 secs] [Times: user=0.06 sys=0.00, real=0.01 secs] 
Heap after GC invocations=120 (full 6):
 par new generation   total 109248K, used 21824K [0x00000007a0000000, 0x00000007a8000000, 0x00000007a8000000)
  eden space 87424K,   0% used [0x00000007a0000000, 0x00000007a0000000, 0x00000007a5560000)
  from space 21824K, 100% used [0x00000007a5560000, 0x00000007a6ab0000, 0x00000007a6ab0000)
  to   space 21824K,   0% used [0x00000007a6ab0000, 0x00000007a6ab0000, 0x00000007a8000000)
 concurrent mark-sweep generation total 393216K, used 111802K [0x00000007a8000000, 0x00000007c0000000, 0x00000007c0000000)
 Metaspace       used 34200K, capacity 34708K, committed 35196K, reserved 1081344K
  class space    used 4021K, capacity 4185K, committed 4220K, reserved 1048576K
}
2016-10-24T04:52:19.698+0800: 295.044: Total time for which application threads were stopped: 0.0172790 seconds, Stopping threads took: 0.0000226 seconds
{Heap before GC invocations=120 (full 6):
 par new generation   total 109248K, used 109248K [0x00000007a0000000, 0x00000007a8000000, 0x00000007a8000000)
  eden space 87424K, 100% used [0x00000007a0000000, 0x00000007a5560000, 0x00000007a5560000)
  from space 21824K, 100% used [0x00000007a5560000, 0x00000007a6ab0000, 0x00000007a6ab0000)
  to   space 21824K,   0% used [0x00000007a6ab0000, 0x00000007a6ab0000, 0x00000007a8000000)
 concurrent mark-sweep generation total 393216K, used 111802K [0x00000007a8000000, 0x00000007c0000000, 0x00000007c0000000)
 Metaspace       used 34200K, capacity 34708K, committed 35196K, reserved 1081344K
  class space    used 4021K, capacity 4185K, committed 4220K, reserved 1048576K
2016-10-24T04:52:19.956+0800: 295.302: [GC (Allocation Failure) 2016-10-24T04:52:19.956+0800: 295.302: [ParNew
Desired survivor size 20112992 bytes, new threshold 6 (max 8)
- age   1:    7982928 bytes,    7982928 total
- age   2:    4406456 bytes,   12389384 total
- age   3:    2539232 bytes,   14928616 total
- age   4:    2985840 bytes,   17914456 total
- age   5:    1793352 bytes,   19707808 total
- age   6:    1989080 bytes,   21696888 total
: 109248K->21824K(109248K), 0.0180030 secs] 221050K->147963K(502464K), 0.0180740 secs] [Times: user=0.07 sys=0.00, real=0.02 secs] 
Heap after GC invocations=121 (full 6):
 par new generation   total 109248K, used 21824K [0x00000007a0000000, 0x00000007a8000000, 0x00000007a8000000)
  eden space 87424K,   0% used [0x00000007a0000000, 0x00000007a0000000, 0x00000007a5560000)
  from space 21824K, 100% used [0x00000007a6ab0000, 0x00000007a8000000, 0x00000007a8000000)
  to   space 21824K,   0% used [0x00000007a5560000, 0x00000007a5560000, 0x00000007a6ab0000)
 concurrent mark-sweep generation total 393216K, used 126139K [0x00000007a8000000, 0x00000007c0000000, 0x00000007c0000000)
 Metaspace       used 34200K, capacity 34708K, committed 35196K, reserved 1081344K
  class space    used 4021K, capacity 4185K, committed 4220K, reserved 1048576K
}
2016-10-24T04:52:19.974+0800: 295.320: Total time for which application threads were stopped: 0.0182313 seconds, Stopping threads took: 0.0000291 seconds
{Heap before GC invocations=121 (full 6):
 par new generation   total 109248K, used 109248K [0x00000007a0000000, 0x00000007a8000000, 0x00000007a8000000)
  eden space 87424K, 100% used [0x00000007a0000000, 0x00000007a5560000, 0x00000007a5560000)
  from space 21824K, 100% used [0x00000007a6ab0000, 0x00000007a8000000, 0x00000007a8000000)
  to   space 21824K,   0% used [0x00000007a5560000, 0x00000007a5560000, 0x00000007a6ab0000)
 concurrent mark-sweep generation total 393216K, used 126139K [0x00000007a8000000, 0x00000007c0000000, 0x00000007c0000000)
 Metaspace       used 34200K, capacity 34708K, committed 35196K, reserved 1081344K
  class space    used 4021K, capacity 4185K, committed 4220K, reserved 1048576K
2016-10-24T04:52:20.236+0800: 295.582: [GC (Allocation Failure) 2016-10-24T04:52:20.236+0800: 295.582: [ParNew
Desired survivor size 20112992 bytes, new threshold 5 (max 8)
- age   1:    5467760 bytes,    5467760 total
- age   2:    7754256 bytes,   13222016 total
- age   3:    2216064 bytes,   15438080 total
- age   4:    2308744 bytes,   17746824 total
- age   5:    2860648 bytes,   20607472 total
- age   6:    1671048 bytes,   22278520 total
: 109248K->21824K(109248K), 0.0176877 secs] 235387K->154518K(502464K), 0.0177661 secs] [Times: user=0.07 sys=0.00, real=0.02 secs] 
Heap after GC invocations=122 (full 6):
 par new generation   total 109248K, used 21824K [0x00000007a0000000, 0x00000007a8000000, 0x00000007a8000000)
  eden space 87424K,   0% used [0x00000007a0000000, 0x00000007a0000000, 0x00000007a5560000)
  from space 21824K, 100% used [0x00000007a5560000, 0x00000007a6ab0000, 0x00000007a6ab0000)
  to   space 21824K,   0% used [0x00000007a6ab0000, 0x00000007a6ab0000, 0x00000007a8000000)
 concurrent mark-sweep generation total 393216K, used 132694K [0x00000007a8000000, 0x00000007c0000000, 0x00000007c0000000)
 Metaspace       used 34200K, capacity 34708K, committed 35196K, reserved 1081344K
  class space    used 4021K, capacity 4185K, committed 4220K, reserved 1048576K
}
2016-10-24T04:52:20.254+0800: 295.600: Total time for which application threads were stopped: 0.0179241 seconds, Stopping threads took: 0.0000197 seconds
{Heap before GC invocations=122 (full 6):
 par new generation   total 109248K, used 109248K [0x00000007a0000000, 0x00000007a8000000, 0x00000007a8000000)
  eden space 87424K, 100% used [0x00000007a0000000, 0x00000007a5560000, 0x00000007a5560000)
  from space 21824K, 100% used [0x00000007a5560000, 0x00000007a6ab0000, 0x00000007a6ab0000)
  to   space 21824K,   0% used [0x00000007a6ab0000, 0x00000007a6ab0000, 0x00000007a8000000)
 concurrent mark-sweep generation total 393216K, used 132694K [0x00000007a8000000, 0x00000007c0000000, 0x00000007c0000000)
 Metaspace       used 34200K, capacity 34708K, committed 35196K, reserved 1081344K
  class space    used 4021K, capacity 4185K, committed 4220K, reserved 1048576K
2016-10-24T04:52:20.497+0800: 295.843: [GC (Allocation Failure) 2016-10-24T04:52:20.497+0800: 295.843: [ParNew
Desired survivor size 20112992 bytes, new threshold 5 (max 8)
- age   1:    5035904 bytes,    5035904 total
- age   2:    4718400 bytes,    9754304 total
- age   3:    6491080 bytes,   16245384 total
- age   4:    2156856 bytes,   18402240 total
- age   5:    2247312 bytes,   20649552 total
: 109248K->21824K(109248K), 0.0210522 secs] 241942K->167153K(502464K), 0.0211350 secs] [Times: user=0.08 sys=0.00, real=0.02 secs] 
Heap after GC invocations=123 (full 6):
 par new generation   total 109248K, used 21824K [0x00000007a0000000, 0x00000007a8000000, 0x00000007a8000000)
  eden space 87424K,   0% used [0x00000007a0000000, 0x00000007a0000000, 0x00000007a5560000)
  from space 21824K, 100% used [0x00000007a6ab0000, 0x00000007a8000000, 0x00000007a8000000)
  to   space 21824K,   0% used [0x00000007a5560000, 0x00000007a5560000, 0x00000007a6ab0000)
 concurrent mark-sweep generation total 393216K, used 145329K [0x00000007a8000000, 0x00000007c0000000, 0x00000007c0000000)
 Metaspace       used 34200K, capacity 34708K, committed 35196K, reserved 1081344K
  class space    used 4021K, capacity 4185K, committed 4220K, reserved 1048576K
}
2016-10-24T04:52:20.518+0800: 295.864: Total time for which application threads were stopped: 0.0213200 seconds, Stopping threads took: 0.0000226 seconds
{Heap before GC invocations=123 (full 6):
 par new generation   total 109248K, used 109248K [0x00000007a0000000, 0x00000007a8000000, 0x00000007a8000000)
  eden space 87424K, 100% used [0x00000007a0000000, 0x00000007a5560000, 0x00000007a5560000)
  from space 21824K, 100% used [0x00000007a6ab0000, 0x00000007a8000000, 0x00000007a8000000)
  to   space 21824K,   0% used [0x00000007a5560000, 0x00000007a5560000, 0x00000007a6ab0000)
 concurrent mark-sweep generation total 393216K, used 145329K [0x00000007a8000000, 0x00000007c0000000, 0x00000007c0000000)
 Metaspace       used 34200K, capacity 34708K, committed 35196K, reserved 1081344K
  class space    used 4021K, capacity 4185K, committed 4220K, reserved 1048576K
2016-10-24T04:52:20.769+0800: 296.115: [GC (Allocation Failure) 2016-10-24T04:52:20.769+0800: 296.115: [ParNew
Desired survivor size 20112992 bytes, new threshold 5 (max 8)
- age   1:    4588360 bytes,    4588360 total
- age   2:    4757872 bytes,    9346232 total
- age   3:    4203488 bytes,   13549720 total
- age   4:    6313016 bytes,   19862736 total
- age   5:    1966312 bytes,   21829048 total
: 109248K->21824K(109248K), 0.0197489 secs] 254577K->172236K(502464K), 0.0198234 secs] [Times: user=0.07 sys=0.00, real=0.02 secs] 
Heap after GC invocations=124 (full 6):
 par new generation   total 109248K, used 21824K [0x00000007a0000000, 0x00000007a8000000, 0x00000007a8000000)
  eden space 87424K,   0% used [0x00000007a0000000, 0x00000007a0000000, 0x00000007a5560000)
  from space 21824K, 100% used [0x00000007a5560000, 0x00000007a6ab0000, 0x00000007a6ab0000)
  to   space 21824K,   0% used [0x00000007a6ab0000, 0x00000007a6ab0000, 0x00000007a8000000)
 concurrent mark-sweep generation total 393216K, used 150412K [0x00000007a8000000, 0x00000007c0000000, 0x00000007c0000000)
 Metaspace       used 34200K, capacity 34708K, committed 35196K, reserved 1081344K
  class space    used 4021K, capacity 4185K, committed 4220K, reserved 1048576K
}
2016-10-24T04:52:20.789+0800: 296.135: Total time for which application threads were stopped: 0.0199861 seconds, Stopping threads took: 0.0000212 seconds
{Heap before GC invocations=124 (full 6):
 par new generation   total 109248K, used 109248K [0x00000007a0000000, 0x00000007a8000000, 0x00000007a8000000)
  eden space 87424K, 100% used [0x00000007a0000000, 0x00000007a5560000, 0x00000007a5560000)
  from space 21824K, 100% used [0x00000007a5560000, 0x00000007a6ab0000, 0x00000007a6ab0000)
  to   space 21824K,   0% used [0x00000007a6ab0000, 0x00000007a6ab0000, 0x00000007a8000000)
 concurrent mark-sweep generation total 393216K, used 150412K [0x00000007a8000000, 0x00000007c0000000, 0x00000007c0000000)
 Metaspace       used 34200K, capacity 34708K, committed 35196K, reserved 1081344K
  class space    used 4021K, capacity 4185K, committed 4220K, reserved 1048576K
2016-10-24T04:52:21.032+0800: 296.378: [GC (Allocation Failure) 2016-10-24T04:52:21.032+0800: 296.378: [ParNew
Desired survivor size 20112992 bytes, new threshold 5 (max 8)
- age   1:    4558176 bytes,    4558176 total
- age   2:    3913736 bytes,    8471912 total
- age   3:    3748648 bytes,   12220560 total
- age   4:    3999376 bytes,   16219936 total
- age   5:    6120304 bytes,   22340240 total
: 109248K->21824K(109248K), 0.0217810 secs] 259660K->182922K(502464K), 0.0218465 secs] [Times: user=0.08 sys=0.00, real=0.02 secs] 
Heap after GC invocations=125 (full 6):
 par new generation   total 109248K, used 21824K [0x00000007a0000000, 0x00000007a8000000, 0x00000007a8000000)
  eden space 87424K,   0% used [0x00000007a0000000, 0x00000007a0000000, 0x00000007a5560000)
  from space 21824K, 100% used [0x00000007a6ab0000, 0x00000007a8000000, 0x00000007a8000000)
  to   space 21824K,   0% used [0x00000007a5560000, 0x00000007a5560000, 0x00000007a6ab0000)
 concurrent mark-sweep generation total 393216K, used 161098K [0x00000007a8000000, 0x00000007c0000000, 0x00000007c0000000)
 Metaspace       used 34200K, capacity 34708K, committed 35196K, reserved 1081344K
  class space    used 4021K, capacity 4185K, committed 4220K, reserved 1048576K
}
2016-10-24T04:52:21.054+0800: 296.400: Total time for which application threads were stopped: 0.0220066 seconds, Stopping threads took: 0.0000205 seconds
{Heap before GC invocations=125 (full 6):
 par new generation   total 109248K, used 109248K [0x00000007a0000000, 0x00000007a8000000, 0x00000007a8000000)
  eden space 87424K, 100% used [0x00000007a0000000, 0x00000007a5560000, 0x00000007a5560000)
  from space 21824K, 100% used [0x00000007a6ab0000, 0x00000007a8000000, 0x00000007a8000000)
  to   space 21824K,   0% used [0x00000007a5560000, 0x00000007a5560000, 0x00000007a6ab0000)
 concurrent mark-sweep generation total 393216K, used 161098K [0x00000007a8000000, 0x00000007c0000000, 0x00000007c0000000)
 Metaspace       used 34203K, capacity 34708K, committed 35196K, reserved 1081344K
  class space    used 4021K, capacity 4185K, committed 4220K, reserved 1048576K
2016-10-24T04:52:21.589+0800: 296.936: [GC (Allocation Failure) 2016-10-24T04:52:21.589+0800: 296.936: [ParNew
Desired survivor size 20112992 bytes, new threshold 8 (max 8)
- age   1:    4456336 bytes,    4456336 total
- age   2:    4289808 bytes,    8746144 total
- age   3:    3244168 bytes,   11990312 total
- age   4:    2895200 bytes,   14885512 total
- age   5:    3794120 bytes,   18679632 total
: 109248K->21824K(109248K), 0.0188570 secs] 270346K->191997K(502464K), 0.0189177 secs] [Times: user=0.07 sys=0.00, real=0.02 secs] 
Heap after GC invocations=126 (full 6):
 par new generation   total 109248K, used 21824K [0x00000007a0000000, 0x00000007a8000000, 0x00000007a8000000)
  eden space 87424K,   0% used [0x00000007a0000000, 0x00000007a0000000, 0x00000007a5560000)
  from space 21824K, 100% used [0x00000007a5560000, 0x00000007a6ab0000, 0x00000007a6ab0000)
  to   space 21824K,   0% used [0x00000007a6ab0000, 0x00000007a6ab0000, 0x00000007a8000000)
 concurrent mark-sweep generation total 393216K, used 170173K [0x00000007a8000000, 0x00000007c0000000, 0x00000007c0000000)
 Metaspace       used 34203K, capacity 34708K, committed 35196K, reserved 1081344K
  class space    used 4021K, capacity 4185K, committed 4220K, reserved 1048576K
}
2016-10-24T04:52:21.608+0800: 296.954: Total time for which application threads were stopped: 0.0190812 seconds, Stopping threads took: 0.0000198 seconds
{Heap before GC invocations=126 (full 6):
 par new generation   total 109248K, used 109248K [0x00000007a0000000, 0x00000007a8000000, 0x00000007a8000000)
  eden space 87424K, 100% used [0x00000007a0000000, 0x00000007a5560000, 0x00000007a5560000)
  from space 21824K, 100% used [0x00000007a5560000, 0x00000007a6ab0000, 0x00000007a6ab0000)
  to   space 21824K,   0% used [0x00000007a6ab0000, 0x00000007a6ab0000, 0x00000007a8000000)
 concurrent mark-sweep generation total 393216K, used 170173K [0x00000007a8000000, 0x00000007c0000000, 0x00000007c0000000)
 Metaspace       used 34203K, capacity 34708K, committed 35196K, reserved 1081344K
  class space    used 4021K, capacity 4185K, committed 4220K, reserved 1048576K
2016-10-24T04:52:22.202+0800: 297.548: [GC (Allocation Failure) 2016-10-24T04:52:22.202+0800: 297.548: [ParNew
Desired survivor size 20112992 bytes, new threshold 8 (max 8)
- age   1:     128776 bytes,     128776 total
- age   2:    4306848 bytes,    4435624 total
- age   3:    4282592 bytes,    8718216 total
- age   4:    2817408 bytes,   11535624 total
- age   5:    2861752 bytes,   14397376 total
- age   6:    3793048 bytes,   18190424 total
: 109248K->21824K(109248K), 0.0130898 secs] 279421K->192570K(502464K), 0.0131432 secs] [Times: user=0.05 sys=0.00, real=0.01 secs] 
Heap after GC invocations=127 (full 6):
 par new generation   total 109248K, used 21824K [0x00000007a0000000, 0x00000007a8000000, 0x00000007a8000000)
  eden space 87424K,   0% used [0x00000007a0000000, 0x00000007a0000000, 0x00000007a5560000)
  from space 21824K, 100% used [0x00000007a6ab0000, 0x00000007a8000000, 0x00000007a8000000)
  to   space 21824K,   0% used [0x00000007a5560000, 0x00000007a5560000, 0x00000007a6ab0000)
 concurrent mark-sweep generation total 393216K, used 170746K [0x00000007a8000000, 0x00000007c0000000, 0x00000007c0000000)
 Metaspace       used 34203K, capacity 34708K, committed 35196K, reserved 1081344K
  class space    used 4021K, capacity 4185K, committed 4220K, reserved 1048576K
}
2016-10-24T04:52:22.215+0800: 297.562: Total time for which application threads were stopped: 0.0133286 seconds, Stopping threads took: 0.0000284 seconds
{Heap before GC invocations=127 (full 6):
 par new generation   total 109248K, used 109248K [0x00000007a0000000, 0x00000007a8000000, 0x00000007a8000000)
  eden space 87424K, 100% used [0x00000007a0000000, 0x00000007a5560000, 0x00000007a5560000)
  from space 21824K, 100% used [0x00000007a6ab0000, 0x00000007a8000000, 0x00000007a8000000)
  to   space 21824K,   0% used [0x00000007a5560000, 0x00000007a5560000, 0x00000007a6ab0000)
 concurrent mark-sweep generation total 393216K, used 170746K [0x00000007a8000000, 0x00000007c0000000, 0x00000007c0000000)
 Metaspace       used 34203K, capacity 34708K, committed 35196K, reserved 1081344K
  class space    used 4021K, capacity 4185K, committed 4220K, reserved 1048576K
2016-10-24T04:52:22.244+0800: 297.590: [GC (Allocation Failure) 2016-10-24T04:52:22.244+0800: 297.590: [ParNew
Desired survivor size 20112992 bytes, new threshold 8 (max 8)
- age   1:     109800 bytes,     109800 total
- age   2:     109696 bytes,     219496 total
- age   3:    4306848 bytes,    4526344 total
- age   4:    4282592 bytes,    8808936 total
- age   5:    2817384 bytes,   11626320 total
- age   6:    2861752 bytes,   14488072 total
- age   7:    3793048 bytes,   18281120 total
: 109248K->21824K(109248K), 0.0147490 secs] 279994K->192570K(502464K), 0.0148204 secs] [Times: user=0.06 sys=0.00, real=0.01 secs] 
Heap after GC invocations=128 (full 6):
 par new generation   total 109248K, used 21824K [0x00000007a0000000, 0x00000007a8000000, 0x00000007a8000000)
  eden space 87424K,   0% used [0x00000007a0000000, 0x00000007a0000000, 0x00000007a5560000)
  from space 21824K, 100% used [0x00000007a5560000, 0x00000007a6ab0000, 0x00000007a6ab0000)
  to   space 21824K,   0% used [0x00000007a6ab0000, 0x00000007a6ab0000, 0x00000007a8000000)
 concurrent mark-sweep generation total 393216K, used 170746K [0x00000007a8000000, 0x00000007c0000000, 0x00000007c0000000)
 Metaspace       used 34203K, capacity 34708K, committed 35196K, reserved 1081344K
  class space    used 4021K, capacity 4185K, committed 4220K, reserved 1048576K
}
2016-10-24T04:52:22.259+0800: 297.605: Total time for which application threads were stopped: 0.0149838 seconds, Stopping threads took: 0.0000211 seconds
{Heap before GC invocations=128 (full 6):
 par new generation   total 109248K, used 109248K [0x00000007a0000000, 0x00000007a8000000, 0x00000007a8000000)
  eden space 87424K, 100% used [0x00000007a0000000, 0x00000007a5560000, 0x00000007a5560000)
  from space 21824K, 100% used [0x00000007a5560000, 0x00000007a6ab0000, 0x00000007a6ab0000)
  to   space 21824K,   0% used [0x00000007a6ab0000, 0x00000007a6ab0000, 0x00000007a8000000)
 concurrent mark-sweep generation total 393216K, used 170746K [0x00000007a8000000, 0x00000007c0000000, 0x00000007c0000000)
 Metaspace       used 34203K, capacity 34708K, committed 35196K, reserved 1081344K
  class space    used 4021K, capacity 4185K, committed 4220K, reserved 1048576K
2016-10-24T04:52:22.315+0800: 297.662: [GC (Allocation Failure) 2016-10-24T04:52:22.316+0800: 297.662: [ParNew
Desired survivor size 20112992 bytes, new threshold 8 (max 8)
- age   1:     120072 bytes,     120072 total
- age   3:      63584 bytes,     183656 total
- age   4:    4170360 bytes,    4354016 total
- age   5:    4279160 bytes,    8633176 total
- age   6:    2814120 bytes,   11447296 total
- age   7:    2857728 bytes,   14305024 total
- age   8:    3787336 bytes,   18092360 total
: 109248K->21824K(109248K), 0.0162583 secs] 279994K->192723K(502464K), 0.0163273 secs] [Times: user=0.07 sys=0.00, real=0.02 secs] 
Heap after GC invocations=129 (full 6):
 par new generation   total 109248K, used 21824K [0x00000007a0000000, 0x00000007a8000000, 0x00000007a8000000)
  eden space 87424K,   0% used [0x00000007a0000000, 0x00000007a0000000, 0x00000007a5560000)
  from space 21824K, 100% used [0x00000007a6ab0000, 0x00000007a8000000, 0x00000007a8000000)
  to   space 21824K,   0% used [0x00000007a5560000, 0x00000007a5560000, 0x00000007a6ab0000)
 concurrent mark-sweep generation total 393216K, used 170899K [0x00000007a8000000, 0x00000007c0000000, 0x00000007c0000000)
 Metaspace       used 34203K, capacity 34708K, committed 35196K, reserved 1081344K
  class space    used 4021K, capacity 4185K, committed 4220K, reserved 1048576K
}
2016-10-24T04:52:22.332+0800: 297.678: Total time for which application threads were stopped: 0.0165020 seconds, Stopping threads took: 0.0000312 seconds
{Heap before GC invocations=129 (full 6):
 par new generation   total 109248K, used 109248K [0x00000007a0000000, 0x00000007a8000000, 0x00000007a8000000)
  eden space 87424K, 100% used [0x00000007a0000000, 0x00000007a5560000, 0x00000007a5560000)
  from space 21824K, 100% used [0x00000007a6ab0000, 0x00000007a8000000, 0x00000007a8000000)
  to   space 21824K,   0% used [0x00000007a5560000, 0x00000007a5560000, 0x00000007a6ab0000)
 concurrent mark-sweep generation total 393216K, used 170899K [0x00000007a8000000, 0x00000007c0000000, 0x00000007c0000000)
 Metaspace       used 34203K, capacity 34708K, committed 35196K, reserved 1081344K
  class space    used 4021K, capacity 4185K, committed 4220K, reserved 1048576K
2016-10-24T04:52:22.435+0800: 297.781: [GC (Allocation Failure) 2016-10-24T04:52:22.435+0800: 297.781: [ParNew
Desired survivor size 20112992 bytes, new threshold 8 (max 8)
- age   1:      92440 bytes,      92440 total
- age   2:      30960 bytes,     123400 total
- age   4:      63584 bytes,     186984 total
- age   5:    4170336 bytes,    4357320 total
- age   6:    4279160 bytes,    8636480 total
- age   7:    2814120 bytes,   11450600 total
- age   8:    2857728 bytes,   14308328 total
: 109248K->17729K(109248K), 0.0147308 secs] 280147K->192394K(502464K), 0.0147742 secs] [Times: user=0.05 sys=0.00, real=0.02 secs] 
Heap after GC invocations=130 (full 6):
 par new generation   total 109248K, used 17729K [0x00000007a0000000, 0x00000007a8000000, 0x00000007a8000000)
  eden space 87424K,   0% used [0x00000007a0000000, 0x00000007a0000000, 0x00000007a5560000)
  from space 21824K,  81% used [0x00000007a5560000, 0x00000007a66b0680, 0x00000007a6ab0000)
  to   space 21824K,   0% used [0x00000007a6ab0000, 0x00000007a6ab0000, 0x00000007a8000000)
 concurrent mark-sweep generation total 393216K, used 174665K [0x00000007a8000000, 0x00000007c0000000, 0x00000007c0000000)
 Metaspace       used 34203K, capacity 34708K, committed 35196K, reserved 1081344K
  class space    used 4021K, capacity 4185K, committed 4220K, reserved 1048576K
}
2016-10-24T04:52:22.450+0800: 297.796: Total time for which application threads were stopped: 0.0149344 seconds, Stopping threads took: 0.0000295 seconds
{Heap before GC invocations=130 (full 6):
 par new generation   total 109248K, used 105153K [0x00000007a0000000, 0x00000007a8000000, 0x00000007a8000000)
  eden space 87424K, 100% used [0x00000007a0000000, 0x00000007a5560000, 0x00000007a5560000)
  from space 21824K,  81% used [0x00000007a5560000, 0x00000007a66b0680, 0x00000007a6ab0000)
  to   space 21824K,   0% used [0x00000007a6ab0000, 0x00000007a6ab0000, 0x00000007a8000000)
 concurrent mark-sweep generation total 393216K, used 174665K [0x00000007a8000000, 0x00000007c0000000, 0x00000007c0000000)
 Metaspace       used 34203K, capacity 34708K, committed 35196K, reserved 1081344K
  class space    used 4021K, capacity 4185K, committed 4220K, reserved 1048576K
2016-10-24T04:52:22.631+0800: 297.977: [GC (Allocation Failure) 2016-10-24T04:52:22.631+0800: 297.977: [ParNew
Desired survivor size 20112992 bytes, new threshold 8 (max 8)
- age   1:      88016 bytes,      88016 total
- age   2:       9680 bytes,      97696 total
- age   3:       4616 bytes,     102312 total
- age   5:      63584 bytes,     165896 total
- age   6:    4170336 bytes,    4336232 total
- age   7:    4279160 bytes,    8615392 total
- age   8:    2814120 bytes,   11429512 total
: 105153K->14912K(109248K), 0.0159241 secs] 279818K->192440K(502464K), 0.0159739 secs] [Times: user=0.06 sys=0.00, real=0.01 secs] 
Heap after GC invocations=131 (full 6):
 par new generation   total 109248K, used 14912K [0x00000007a0000000, 0x00000007a8000000, 0x00000007a8000000)
  eden space 87424K,   0% used [0x00000007a0000000, 0x00000007a0000000, 0x00000007a5560000)
  from space 21824K,  68% used [0x00000007a6ab0000, 0x00000007a79400a0, 0x00000007a8000000)
  to   space 21824K,   0% used [0x00000007a5560000, 0x00000007a5560000, 0x00000007a6ab0000)
 concurrent mark-sweep generation total 393216K, used 177528K [0x00000007a8000000, 0x00000007c0000000, 0x00000007c0000000)
 Metaspace       used 34203K, capacity 34708K, committed 35196K, reserved 1081344K
  class space    used 4021K, capacity 4185K, committed 4220K, reserved 1048576K
}
2016-10-24T04:52:22.647+0800: 297.993: Total time for which application threads were stopped: 0.0161562 seconds, Stopping threads took: 0.0000198 seconds
2016-10-24T04:52:22.672+0800: 298.019: Total time for which application threads were stopped: 0.0001299 seconds, Stopping threads took: 0.0000242 seconds
{Heap before GC invocations=131 (full 6):
 par new generation   total 109248K, used 102336K [0x00000007a0000000, 0x00000007a8000000, 0x00000007a8000000)
  eden space 87424K, 100% used [0x00000007a0000000, 0x00000007a5560000, 0x00000007a5560000)
  from space 21824K,  68% used [0x00000007a6ab0000, 0x00000007a79400a0, 0x00000007a8000000)
  to   space 21824K,   0% used [0x00000007a5560000, 0x00000007a5560000, 0x00000007a6ab0000)
 concurrent mark-sweep generation total 393216K, used 177528K [0x00000007a8000000, 0x00000007c0000000, 0x00000007c0000000)
 Metaspace       used 34204K, capacity 34708K, committed 35196K, reserved 1081344K
  class space    used 4021K, capacity 4185K, committed 4220K, reserved 1048576K
2016-10-24T04:52:22.900+0800: 298.246: [GC (Allocation Failure) 2016-10-24T04:52:22.900+0800: 298.246: [ParNew
Desired survivor size 20112992 bytes, new threshold 8 (max 8)
- age   1:    4472144 bytes,    4472144 total
- age   6:      17352 bytes,    4489496 total
- age   7:    3931280 bytes,    8420776 total
- age   8:    4100504 bytes,   12521280 total
: 102336K->15827K(109248K), 0.0233900 secs] 279864K->195953K(502464K), 0.0234681 secs] [Times: user=0.11 sys=0.00, real=0.02 secs] 
Heap after GC invocations=132 (full 6):
 par new generation   total 109248K, used 15827K [0x00000007a0000000, 0x00000007a8000000, 0x00000007a8000000)
  eden space 87424K,   0% used [0x00000007a0000000, 0x00000007a0000000, 0x00000007a5560000)
  from space 21824K,  72% used [0x00000007a5560000, 0x00000007a64d4d40, 0x00000007a6ab0000)
  to   space 21824K,   0% used [0x00000007a6ab0000, 0x00000007a6ab0000, 0x00000007a8000000)
 concurrent mark-sweep generation total 393216K, used 180126K [0x00000007a8000000, 0x00000007c0000000, 0x00000007c0000000)
 Metaspace       used 34204K, capacity 34708K, committed 35196K, reserved 1081344K
  class space    used 4021K, capacity 4185K, committed 4220K, reserved 1048576K
}
2016-10-24T04:52:22.924+0800: 298.270: Total time for which application threads were stopped: 0.0236636 seconds, Stopping threads took: 0.0000204 seconds
{Heap before GC invocations=132 (full 6):
 par new generation   total 109248K, used 103251K [0x00000007a0000000, 0x00000007a8000000, 0x00000007a8000000)
  eden space 87424K, 100% used [0x00000007a0000000, 0x00000007a5560000, 0x00000007a5560000)
  from space 21824K,  72% used [0x00000007a5560000, 0x00000007a64d4d40, 0x00000007a6ab0000)
  to   space 21824K,   0% used [0x00000007a6ab0000, 0x00000007a6ab0000, 0x00000007a8000000)
 concurrent mark-sweep generation total 393216K, used 180126K [0x00000007a8000000, 0x00000007c0000000, 0x00000007c0000000)
 Metaspace       used 34204K, capacity 34708K, committed 35196K, reserved 1081344K
  class space    used 4021K, capacity 4185K, committed 4220K, reserved 1048576K
2016-10-24T04:52:23.204+0800: 298.550: [GC (Allocation Failure) 2016-10-24T04:52:23.204+0800: 298.550: [ParNew
Desired survivor size 20112992 bytes, new threshold 8 (max 8)
- age   1:    7886088 bytes,    7886088 total
- age   2:    3727504 bytes,   11613592 total
- age   7:      17352 bytes,   11630944 total
- age   8:    3931280 bytes,   15562224 total
: 103251K->20098K(109248K), 0.0221280 secs] 283377K->204274K(502464K), 0.0222049 secs] [Times: user=0.08 sys=0.00, real=0.02 secs] 
Heap after GC invocations=133 (full 6):
 par new generation   total 109248K, used 20098K [0x00000007a0000000, 0x00000007a8000000, 0x00000007a8000000)
  eden space 87424K,   0% used [0x00000007a0000000, 0x00000007a0000000, 0x00000007a5560000)
  from space 21824K,  92% used [0x00000007a6ab0000, 0x00000007a7e50a58, 0x00000007a8000000)
  to   space 21824K,   0% used [0x00000007a5560000, 0x00000007a5560000, 0x00000007a6ab0000)
 concurrent mark-sweep generation total 393216K, used 184175K [0x00000007a8000000, 0x00000007c0000000, 0x00000007c0000000)
 Metaspace       used 34204K, capacity 34708K, committed 35196K, reserved 1081344K
  class space    used 4021K, capacity 4185K, committed 4220K, reserved 1048576K
}
2016-10-24T04:52:23.226+0800: 298.572: Total time for which application threads were stopped: 0.0223924 seconds, Stopping threads took: 0.0000202 seconds
{Heap before GC invocations=133 (full 6):
 par new generation   total 109248K, used 107522K [0x00000007a0000000, 0x00000007a8000000, 0x00000007a8000000)
  eden space 87424K, 100% used [0x00000007a0000000, 0x00000007a5560000, 0x00000007a5560000)
  from space 21824K,  92% used [0x00000007a6ab0000, 0x00000007a7e50a58, 0x00000007a8000000)
  to   space 21824K,   0% used [0x00000007a5560000, 0x00000007a5560000, 0x00000007a6ab0000)
 concurrent mark-sweep generation total 393216K, used 184175K [0x00000007a8000000, 0x00000007c0000000, 0x00000007c0000000)
 Metaspace       used 34204K, capacity 34708K, committed 35196K, reserved 1081344K
  class space    used 4021K, capacity 4185K, committed 4220K, reserved 1048576K
2016-10-24T04:52:23.504+0800: 298.850: [GC (Allocation Failure) 2016-10-24T04:52:23.504+0800: 298.850: [ParNew
Desired survivor size 20112992 bytes, new threshold 8 (max 8)
- age   1:    6858488 bytes,    6858488 total
- age   2:    6413544 bytes,   13272032 total
- age   3:    3691808 bytes,   16963840 total
- age   8:      17352 bytes,   16981192 total
: 107522K->20377K(109248K), 0.0173987 secs] 291698K->208449K(502464K), 0.0174504 secs] [Times: user=0.06 sys=0.00, real=0.02 secs] 
Heap after GC invocations=134 (full 6):
 par new generation   total 109248K, used 20377K [0x00000007a0000000, 0x00000007a8000000, 0x00000007a8000000)
  eden space 87424K,   0% used [0x00000007a0000000, 0x00000007a0000000, 0x00000007a5560000)
  from space 21824K,  93% used [0x00000007a5560000, 0x00000007a6946420, 0x00000007a6ab0000)
  to   space 21824K,   0% used [0x00000007a6ab0000, 0x00000007a6ab0000, 0x00000007a8000000)
 concurrent mark-sweep generation total 393216K, used 188072K [0x00000007a8000000, 0x00000007c0000000, 0x00000007c0000000)
 Metaspace       used 34204K, capacity 34708K, committed 35196K, reserved 1081344K
  class space    used 4021K, capacity 4185K, committed 4220K, reserved 1048576K
}
2016-10-24T04:52:23.521+0800: 298.867: Total time for which application threads were stopped: 0.0176155 seconds, Stopping threads took: 0.0000196 seconds
{Heap before GC invocations=134 (full 6):
 par new generation   total 109248K, used 107801K [0x00000007a0000000, 0x00000007a8000000, 0x00000007a8000000)
  eden space 87424K, 100% used [0x00000007a0000000, 0x00000007a5560000, 0x00000007a5560000)
  from space 21824K,  93% used [0x00000007a5560000, 0x00000007a6946420, 0x00000007a6ab0000)
  to   space 21824K,   0% used [0x00000007a6ab0000, 0x00000007a6ab0000, 0x00000007a8000000)
 concurrent mark-sweep generation total 393216K, used 188072K [0x00000007a8000000, 0x00000007c0000000, 0x00000007c0000000)
 Metaspace       used 34204K, capacity 34708K, committed 35196K, reserved 1081344K
  class space    used 4021K, capacity 4185K, committed 4220K, reserved 1048576K
2016-10-24T04:52:23.805+0800: 299.151: [GC (Allocation Failure) 2016-10-24T04:52:23.805+0800: 299.151: [ParNew
Desired survivor size 20112992 bytes, new threshold 8 (max 8)
- age   1:    6413432 bytes,    6413432 total
- age   2:    4101696 bytes,   10515128 total
- age   3:    6044392 bytes,   16559520 total
- age   4:    3438672 bytes,   19998192 total
: 107801K->21824K(109248K), 0.0164859 secs] 295873K->212378K(502464K), 0.0165443 secs] [Times: user=0.06 sys=0.01, real=0.02 secs] 
Heap after GC invocations=135 (full 6):
 par new generation   total 109248K, used 21824K [0x00000007a0000000, 0x00000007a8000000, 0x00000007a8000000)
  eden space 87424K,   0% used [0x00000007a0000000, 0x00000007a0000000, 0x00000007a5560000)
  from space 21824K, 100% used [0x00000007a6ab0000, 0x00000007a8000000, 0x00000007a8000000)
  to   space 21824K,   0% used [0x00000007a5560000, 0x00000007a5560000, 0x00000007a6ab0000)
 concurrent mark-sweep generation total 393216K, used 190554K [0x00000007a8000000, 0x00000007c0000000, 0x00000007c0000000)
 Metaspace       used 34204K, capacity 34708K, committed 35196K, reserved 1081344K
  class space    used 4021K, capacity 4185K, committed 4220K, reserved 1048576K
}
2016-10-24T04:52:23.821+0800: 299.167: Total time for which application threads were stopped: 0.0167127 seconds, Stopping threads took: 0.0000203 seconds
{Heap before GC invocations=135 (full 6):
 par new generation   total 109248K, used 109248K [0x00000007a0000000, 0x00000007a8000000, 0x00000007a8000000)
  eden space 87424K, 100% used [0x00000007a0000000, 0x00000007a5560000, 0x00000007a5560000)
  from space 21824K, 100% used [0x00000007a6ab0000, 0x00000007a8000000, 0x00000007a8000000)
  to   space 21824K,   0% used [0x00000007a5560000, 0x00000007a5560000, 0x00000007a6ab0000)
 concurrent mark-sweep generation total 393216K, used 190554K [0x00000007a8000000, 0x00000007c0000000, 0x00000007c0000000)
 Metaspace       used 34204K, capacity 34708K, committed 35196K, reserved 1081344K
  class space    used 4021K, capacity 4185K, committed 4220K, reserved 1048576K
2016-10-24T04:52:24.112+0800: 299.459: [GC (Allocation Failure) 2016-10-24T04:52:24.112+0800: 299.459: [ParNew
Desired survivor size 20112992 bytes, new threshold 5 (max 8)
- age   1:    4800200 bytes,    4800200 total
- age   2:    3428880 bytes,    8229080 total
- age   3:    3454824 bytes,   11683904 total
- age   4:    5598952 bytes,   17282856 total
- age   5:    2877280 bytes,   20160136 total
: 109248K->21824K(109248K), 0.0247895 secs] 299802K->217282K(502464K), 0.0248657 secs] [Times: user=0.09 sys=0.00, real=0.02 secs] 
Heap after GC invocations=136 (full 6):
 par new generation   total 109248K, used 21824K [0x00000007a0000000, 0x00000007a8000000, 0x00000007a8000000)
  eden space 87424K,   0% used [0x00000007a0000000, 0x00000007a0000000, 0x00000007a5560000)
  from space 21824K, 100% used [0x00000007a5560000, 0x00000007a6ab0000, 0x00000007a6ab0000)
  to   space 21824K,   0% used [0x00000007a6ab0000, 0x00000007a6ab0000, 0x00000007a8000000)
 concurrent mark-sweep generation total 393216K, used 195458K [0x00000007a8000000, 0x00000007c0000000, 0x00000007c0000000)
 Metaspace       used 34204K, capacity 34708K, committed 35196K, reserved 1081344K
  class space    used 4021K, capacity 4185K, committed 4220K, reserved 1048576K
}
2016-10-24T04:52:24.137+0800: 299.483: Total time for which application threads were stopped: 0.0250668 seconds, Stopping threads took: 0.0000228 seconds
{Heap before GC invocations=136 (full 6):
 par new generation   total 109248K, used 109248K [0x00000007a0000000, 0x00000007a8000000, 0x00000007a8000000)
  eden space 87424K, 100% used [0x00000007a0000000, 0x00000007a5560000, 0x00000007a5560000)
  from space 21824K, 100% used [0x00000007a5560000, 0x00000007a6ab0000, 0x00000007a6ab0000)
  to   space 21824K,   0% used [0x00000007a6ab0000, 0x00000007a6ab0000, 0x00000007a8000000)
 concurrent mark-sweep generation total 393216K, used 195458K [0x00000007a8000000, 0x00000007c0000000, 0x00000007c0000000)
 Metaspace       used 34204K, capacity 34708K, committed 35196K, reserved 1081344K
  class space    used 4021K, capacity 4185K, committed 4220K, reserved 1048576K
2016-10-24T04:52:24.427+0800: 299.773: [GC (Allocation Failure) 2016-10-24T04:52:24.427+0800: 299.773: [ParNew
Desired survivor size 20112992 bytes, new threshold 5 (max 8)
- age   1:    5736264 bytes,    5736264 total
- age   2:    3485728 bytes,    9221992 total
- age   3:    2650312 bytes,   11872304 total
- age   4:    2943952 bytes,   14816256 total
- age   5:    5359640 bytes,   20175896 total
: 109248K->21824K(109248K), 0.0281211 secs] 304706K->224293K(502464K), 0.0281858 secs] [Times: user=0.11 sys=0.00, real=0.03 secs] 
Heap after GC invocations=137 (full 6):
 par new generation   total 109248K, used 21824K [0x00000007a0000000, 0x00000007a8000000, 0x00000007a8000000)
  eden space 87424K,   0% used [0x00000007a0000000, 0x00000007a0000000, 0x00000007a5560000)
  from space 21824K, 100% used [0x00000007a6ab0000, 0x00000007a8000000, 0x00000007a8000000)
  to   space 21824K,   0% used [0x00000007a5560000, 0x00000007a5560000, 0x00000007a6ab0000)
 concurrent mark-sweep generation total 393216K, used 202469K [0x00000007a8000000, 0x00000007c0000000, 0x00000007c0000000)
 Metaspace       used 34204K, capacity 34708K, committed 35196K, reserved 1081344K
  class space    used 4021K, capacity 4185K, committed 4220K, reserved 1048576K
}
2016-10-24T04:52:24.455+0800: 299.801: Total time for which application threads were stopped: 0.0283474 seconds, Stopping threads took: 0.0000187 seconds
2016-10-24T04:52:24.455+0800: 299.802: [GC (CMS Initial Mark) [1 CMS-initial-mark: 202469K(393216K)] 226038K(502464K), 0.0080873 secs] [Times: user=0.02 sys=0.00, real=0.01 secs] 
2016-10-24T04:52:24.463+0800: 299.810: Total time for which application threads were stopped: 0.0082581 seconds, Stopping threads took: 0.0000736 seconds
2016-10-24T04:52:24.463+0800: 299.810: [CMS-concurrent-mark-start]
2016-10-24T04:52:24.499+0800: 299.846: [CMS-concurrent-mark: 0.036/0.036 secs] [Times: user=0.17 sys=0.00, real=0.03 secs] 
2016-10-24T04:52:24.499+0800: 299.846: [CMS-concurrent-preclean-start]
2016-10-24T04:52:24.502+0800: 299.848: [CMS-concurrent-preclean: 0.002/0.003 secs] [Times: user=0.00 sys=0.00, real=0.01 secs] 
2016-10-24T04:52:24.502+0800: 299.848: [CMS-concurrent-abortable-preclean-start]
2016-10-24T04:52:24.731+0800: 300.077: [CMS-concurrent-abortable-preclean: 0.228/0.229 secs] [Times: user=0.45 sys=0.00, real=0.23 secs] 
2016-10-24T04:52:24.731+0800: 300.078: [GC (CMS Final Remark) [YG occupancy: 97733 K (109248 K)]{Heap before GC invocations=137 (full 7):
 par new generation   total 109248K, used 97733K [0x00000007a0000000, 0x00000007a8000000, 0x00000007a8000000)
  eden space 87424K,  86% used [0x00000007a0000000, 0x00000007a4a214b8, 0x00000007a5560000)
  from space 21824K, 100% used [0x00000007a6ab0000, 0x00000007a8000000, 0x00000007a8000000)
  to   space 21824K,   0% used [0x00000007a5560000, 0x00000007a5560000, 0x00000007a6ab0000)
 concurrent mark-sweep generation total 393216K, used 202469K [0x00000007a8000000, 0x00000007c0000000, 0x00000007c0000000)
 Metaspace       used 34204K, capacity 34708K, committed 35196K, reserved 1081344K
  class space    used 4021K, capacity 4185K, committed 4220K, reserved 1048576K
2016-10-24T04:52:24.731+0800: 300.078: [GC (CMS Final Remark) 2016-10-24T04:52:24.731+0800: 300.078: [ParNew
Desired survivor size 20112992 bytes, new threshold 8 (max 8)
- age   1:    6948656 bytes,    6948656 total
- age   2:    4030296 bytes,   10978952 total
- age   3:    3485728 bytes,   14464680 total
- age   4:    2650312 bytes,   17114992 total
- age   5:    2943952 bytes,   20058944 total
: 97733K->21824K(109248K), 0.0256067 secs] 300202K->230120K(502464K), 0.0256502 secs] [Times: user=0.09 sys=0.00, real=0.02 secs] 
Heap after GC invocations=138 (full 7):
 par new generation   total 109248K, used 21824K [0x00000007a0000000, 0x00000007a8000000, 0x00000007a8000000)
  eden space 87424K,   0% used [0x00000007a0000000, 0x00000007a0000000, 0x00000007a5560000)
  from space 21824K, 100% used [0x00000007a5560000, 0x00000007a6ab0000, 0x00000007a6ab0000)
  to   space 21824K,   0% used [0x00000007a6ab0000, 0x00000007a6ab0000, 0x00000007a8000000)
 concurrent mark-sweep generation total 393216K, used 208296K [0x00000007a8000000, 0x00000007c0000000, 0x00000007c0000000)
 Metaspace       used 34204K, capacity 34708K, committed 35196K, reserved 1081344K
  class space    used 4021K, capacity 4185K, committed 4220K, reserved 1048576K
}
2016-10-24T04:52:24.757+0800: 300.103: [Rescan (parallel) , 0.0089786 secs]2016-10-24T04:52:24.766+0800: 300.112: [weak refs processing, 0.0007340 secs]2016-10-24T04:52:24.767+0800: 300.113: [class unloading, 0.0070579 secs]2016-10-24T04:52:24.774+0800: 300.120: [scrub symbol table, 0.0062256 secs]2016-10-24T04:52:24.780+0800: 300.126: [scrub string table, 0.0006112 secs][1 CMS-remark: 208296K(393216K)] 230120K(502464K), 0.0495569 secs] [Times: user=0.15 sys=0.01, real=0.05 secs] 
2016-10-24T04:52:24.781+0800: 300.127: Total time for which application threads were stopped: 0.0497411 seconds, Stopping threads took: 0.0000592 seconds
2016-10-24T04:52:24.781+0800: 300.127: [CMS-concurrent-sweep-start]
2016-10-24T04:52:24.857+0800: 300.203: [CMS-concurrent-sweep: 0.076/0.076 secs] [Times: user=0.14 sys=0.00, real=0.07 secs] 
2016-10-24T04:52:24.857+0800: 300.203: [CMS-concurrent-reset-start]
2016-10-24T04:52:24.857+0800: 300.204: [CMS-concurrent-reset: 0.000/0.000 secs] [Times: user=0.00 sys=0.00, real=0.00 secs] 
{Heap before GC invocations=138 (full 7):
 par new generation   total 109248K, used 109248K [0x00000007a0000000, 0x00000007a8000000, 0x00000007a8000000)
  eden space 87424K, 100% used [0x00000007a0000000, 0x00000007a5560000, 0x00000007a5560000)
  from space 21824K, 100% used [0x00000007a5560000, 0x00000007a6ab0000, 0x00000007a6ab0000)
  to   space 21824K,   0% used [0x00000007a6ab0000, 0x00000007a6ab0000, 0x00000007a8000000)
 concurrent mark-sweep generation total 393216K, used 78355K [0x00000007a8000000, 0x00000007c0000000, 0x00000007c0000000)
 Metaspace       used 34204K, capacity 34708K, committed 35196K, reserved 1081344K
  class space    used 4021K, capacity 4185K, committed 4220K, reserved 1048576K
2016-10-24T04:52:25.084+0800: 300.430: [GC (Allocation Failure) 2016-10-24T04:52:25.084+0800: 300.430: [ParNew
Desired survivor size 20112992 bytes, new threshold 6 (max 8)
- age   1:    7323512 bytes,    7323512 total
- age   2:    3119072 bytes,   10442584 total
- age   3:    3759240 bytes,   14201824 total
- age   4:    2889672 bytes,   17091496 total
- age   5:    2465336 bytes,   19556832 total
- age   6:    2463536 bytes,   22020368 total
: 109248K->21824K(109248K), 0.0260275 secs] 187603K->105994K(502464K), 0.0260918 secs] [Times: user=0.09 sys=0.00, real=0.03 secs] 
Heap after GC invocations=139 (full 7):
 par new generation   total 109248K, used 21824K [0x00000007a0000000, 0x00000007a8000000, 0x00000007a8000000)
  eden space 87424K,   0% used [0x00000007a0000000, 0x00000007a0000000, 0x00000007a5560000)
  from space 21824K, 100% used [0x00000007a6ab0000, 0x00000007a8000000, 0x00000007a8000000)
  to   space 21824K,   0% used [0x00000007a5560000, 0x00000007a5560000, 0x00000007a6ab0000)
 concurrent mark-sweep generation total 393216K, used 84170K [0x00000007a8000000, 0x00000007c0000000, 0x00000007c0000000)
 Metaspace       used 34204K, capacity 34708K, committed 35196K, reserved 1081344K
  class space    used 4021K, capacity 4185K, committed 4220K, reserved 1048576K
}
2016-10-24T04:52:25.110+0800: 300.456: Total time for which application threads were stopped: 0.0262836 seconds, Stopping threads took: 0.0000302 seconds
{Heap before GC invocations=139 (full 7):
 par new generation   total 109248K, used 109248K [0x00000007a0000000, 0x00000007a8000000, 0x00000007a8000000)
  eden space 87424K, 100% used [0x00000007a0000000, 0x00000007a5560000, 0x00000007a5560000)
  from space 21824K, 100% used [0x00000007a6ab0000, 0x00000007a8000000, 0x00000007a8000000)
  to   space 21824K,   0% used [0x00000007a5560000, 0x00000007a5560000, 0x00000007a6ab0000)
 concurrent mark-sweep generation total 393216K, used 84170K [0x00000007a8000000, 0x00000007c0000000, 0x00000007c0000000)
 Metaspace       used 34204K, capacity 34708K, committed 35196K, reserved 1081344K
  class space    used 4021K, capacity 4185K, committed 4220K, reserved 1048576K
2016-10-24T04:52:25.387+0800: 300.733: [GC (Allocation Failure) 2016-10-24T04:52:25.387+0800: 300.733: [ParNew
Desired survivor size 20112992 bytes, new threshold 6 (max 8)
- age   1:    4418544 bytes,    4418544 total
- age   2:    6855760 bytes,   11274304 total
- age   3:    2563280 bytes,   13837584 total
- age   4:    2766160 bytes,   16603744 total
- age   5:    2471080 bytes,   19074824 total
- age   6:    2289016 bytes,   21363840 total
: 109248K->21824K(109248K), 0.0240427 secs] 193418K->115513K(502464K), 0.0241008 secs] [Times: user=0.09 sys=0.00, real=0.03 secs] 
Heap after GC invocations=140 (full 7):
 par new generation   total 109248K, used 21824K [0x00000007a0000000, 0x00000007a8000000, 0x00000007a8000000)
  eden space 87424K,   0% used [0x00000007a0000000, 0x00000007a0000000, 0x00000007a5560000)
  from space 21824K, 100% used [0x00000007a5560000, 0x00000007a6ab0000, 0x00000007a6ab0000)
  to   space 21824K,   0% used [0x00000007a6ab0000, 0x00000007a6ab0000, 0x00000007a8000000)
 concurrent mark-sweep generation total 393216K, used 93689K [0x00000007a8000000, 0x00000007c0000000, 0x00000007c0000000)
 Metaspace       used 34204K, capacity 34708K, committed 35196K, reserved 1081344K
  class space    used 4021K, capacity 4185K, committed 4220K, reserved 1048576K
}
2016-10-24T04:52:25.411+0800: 300.757: Total time for which application threads were stopped: 0.0242641 seconds, Stopping threads took: 0.0000211 seconds
{Heap before GC invocations=140 (full 7):
 par new generation   total 109248K, used 109248K [0x00000007a0000000, 0x00000007a8000000, 0x00000007a8000000)
  eden space 87424K, 100% used [0x00000007a0000000, 0x00000007a5560000, 0x00000007a5560000)
  from space 21824K, 100% used [0x00000007a5560000, 0x00000007a6ab0000, 0x00000007a6ab0000)
  to   space 21824K,   0% used [0x00000007a6ab0000, 0x00000007a6ab0000, 0x00000007a8000000)
 concurrent mark-sweep generation total 393216K, used 93689K [0x00000007a8000000, 0x00000007c0000000, 0x00000007c0000000)
 Metaspace       used 34204K, capacity 34708K, committed 35196K, reserved 1081344K
  class space    used 4021K, capacity 4185K, committed 4220K, reserved 1048576K
2016-10-24T04:52:25.676+0800: 301.023: [GC (Allocation Failure) 2016-10-24T04:52:25.676+0800: 301.023: [ParNew
Desired survivor size 20112992 bytes, new threshold 6 (max 8)
- age   1:    4586080 bytes,    4586080 total
- age   2:    3930512 bytes,    8516592 total
- age   3:    6427064 bytes,   14943656 total
- age   4:    2177360 bytes,   17121016 total
- age   5:    2465248 bytes,   19586264 total
- age   6:    2355400 bytes,   21941664 total
: 109248K->21824K(109248K), 0.0260641 secs] 202937K->124338K(502464K), 0.0261307 secs] [Times: user=0.10 sys=0.00, real=0.03 secs] 
Heap after GC invocations=141 (full 7):
 par new generation   total 109248K, used 21824K [0x00000007a0000000, 0x00000007a8000000, 0x00000007a8000000)
  eden space 87424K,   0% used [0x00000007a0000000, 0x00000007a0000000, 0x00000007a5560000)
  from space 21824K, 100% used [0x00000007a6ab0000, 0x00000007a8000000, 0x00000007a8000000)
  to   space 21824K,   0% used [0x00000007a5560000, 0x00000007a5560000, 0x00000007a6ab0000)
 concurrent mark-sweep generation total 393216K, used 102514K [0x00000007a8000000, 0x00000007c0000000, 0x00000007c0000000)
 Metaspace       used 34204K, capacity 34708K, committed 35196K, reserved 1081344K
  class space    used 4021K, capacity 4185K, committed 4220K, reserved 1048576K
}
2016-10-24T04:52:25.702+0800: 301.049: Total time for which application threads were stopped: 0.0262930 seconds, Stopping threads took: 0.0000215 seconds
{Heap before GC invocations=141 (full 7):
 par new generation   total 109248K, used 109236K [0x00000007a0000000, 0x00000007a8000000, 0x00000007a8000000)
  eden space 87424K,  99% used [0x00000007a0000000, 0x00000007a555d340, 0x00000007a5560000)
  from space 21824K, 100% used [0x00000007a6ab0000, 0x00000007a8000000, 0x00000007a8000000)
  to   space 21824K,   0% used [0x00000007a5560000, 0x00000007a5560000, 0x00000007a6ab0000)
 concurrent mark-sweep generation total 393216K, used 102514K [0x00000007a8000000, 0x00000007c0000000, 0x00000007c0000000)
 Metaspace       used 34204K, capacity 34708K, committed 35196K, reserved 1081344K
  class space    used 4021K, capacity 4185K, committed 4220K, reserved 1048576K
2016-10-24T04:52:25.950+0800: 301.296: [GC (Allocation Failure) 2016-10-24T04:52:25.950+0800: 301.296: [ParNew
Desired survivor size 20112992 bytes, new threshold 6 (max 8)
- age   1:    5225384 bytes,    5225384 total
- age   2:    3480128 bytes,    8705512 total
- age   3:    2992344 bytes,   11697856 total
- age   4:    6095376 bytes,   17793232 total
- age   5:    2121616 bytes,   19914848 total
- age   6:    2423208 bytes,   22338056 total
: 109236K->21824K(109248K), 0.0237351 secs] 211751K->134341K(502464K), 0.0238001 secs] [Times: user=0.09 sys=0.01, real=0.02 secs] 
Heap after GC invocations=142 (full 7):
 par new generation   total 109248K, used 21824K [0x00000007a0000000, 0x00000007a8000000, 0x00000007a8000000)
  eden space 87424K,   0% used [0x00000007a0000000, 0x00000007a0000000, 0x00000007a5560000)
  from space 21824K, 100% used [0x00000007a5560000, 0x00000007a6ab0000, 0x00000007a6ab0000)
  to   space 21824K,   0% used [0x00000007a6ab0000, 0x00000007a6ab0000, 0x00000007a8000000)
 concurrent mark-sweep generation total 393216K, used 112517K [0x00000007a8000000, 0x00000007c0000000, 0x00000007c0000000)
 Metaspace       used 34204K, capacity 34708K, committed 35196K, reserved 1081344K
  class space    used 4021K, capacity 4185K, committed 4220K, reserved 1048576K
}
2016-10-24T04:52:25.974+0800: 301.320: Total time for which application threads were stopped: 0.0239759 seconds, Stopping threads took: 0.0000278 seconds
{Heap before GC invocations=142 (full 7):
 par new generation   total 109248K, used 109248K [0x00000007a0000000, 0x00000007a8000000, 0x00000007a8000000)
  eden space 87424K, 100% used [0x00000007a0000000, 0x00000007a5560000, 0x00000007a5560000)
  from space 21824K, 100% used [0x00000007a5560000, 0x00000007a6ab0000, 0x00000007a6ab0000)
  to   space 21824K,   0% used [0x00000007a6ab0000, 0x00000007a6ab0000, 0x00000007a8000000)
 concurrent mark-sweep generation total 393216K, used 112517K [0x00000007a8000000, 0x00000007c0000000, 0x00000007c0000000)
 Metaspace       used 34204K, capacity 34708K, committed 35196K, reserved 1081344K
  class space    used 4021K, capacity 4185K, committed 4220K, reserved 1048576K
2016-10-24T04:52:26.226+0800: 301.572: [GC (Allocation Failure) 2016-10-24T04:52:26.226+0800: 301.572: [ParNew
Desired survivor size 20112992 bytes, new threshold 6 (max 8)
- age   1:    5021024 bytes,    5021024 total
- age   2:    4777584 bytes,    9798608 total
- age   3:    2155048 bytes,   11953656 total
- age   4:    2920736 bytes,   14874392 total
- age   5:    4958000 bytes,   19832392 total
- age   6:    2061376 bytes,   21893768 total
: 109248K->21824K(109248K), 0.0215380 secs] 221765K->144259K(502464K), 0.0215971 secs] [Times: user=0.08 sys=0.00, real=0.02 secs] 
Heap after GC invocations=143 (full 7):
 par new generation   total 109248K, used 21824K [0x00000007a0000000, 0x00000007a8000000, 0x00000007a8000000)
  eden space 87424K,   0% used [0x00000007a0000000, 0x00000007a0000000, 0x00000007a5560000)
  from space 21824K, 100% used [0x00000007a6ab0000, 0x00000007a8000000, 0x00000007a8000000)
  to   space 21824K,   0% used [0x00000007a5560000, 0x00000007a5560000, 0x00000007a6ab0000)
 concurrent mark-sweep generation total 393216K, used 122435K [0x00000007a8000000, 0x00000007c0000000, 0x00000007c0000000)
 Metaspace       used 34204K, capacity 34708K, committed 35196K, reserved 1081344K
  class space    used 4021K, capacity 4185K, committed 4220K, reserved 1048576K
}
2016-10-24T04:52:26.248+0800: 301.594: Total time for which application threads were stopped: 0.0217620 seconds, Stopping threads took: 0.0000275 seconds
{Heap before GC invocations=143 (full 7):
 par new generation   total 109248K, used 109248K [0x00000007a0000000, 0x00000007a8000000, 0x00000007a8000000)
  eden space 87424K, 100% used [0x00000007a0000000, 0x00000007a5560000, 0x00000007a5560000)
  from space 21824K, 100% used [0x00000007a6ab0000, 0x00000007a8000000, 0x00000007a8000000)
  to   space 21824K,   0% used [0x00000007a5560000, 0x00000007a5560000, 0x00000007a6ab0000)
 concurrent mark-sweep generation total 393216K, used 122435K [0x00000007a8000000, 0x00000007c0000000, 0x00000007c0000000)
 Metaspace       used 34204K, capacity 34708K, committed 35196K, reserved 1081344K
  class space    used 4021K, capacity 4185K, committed 4220K, reserved 1048576K
2016-10-24T04:52:26.510+0800: 301.857: [GC (Allocation Failure) 2016-10-24T04:52:26.510+0800: 301.857: [ParNew
Desired survivor size 20112992 bytes, new threshold 6 (max 8)
- age   1:    3786872 bytes,    3786872 total
- age   2:    3726184 bytes,    7513056 total
- age   3:    4346312 bytes,   11859368 total
- age   4:    2089200 bytes,   13948568 total
- age   5:    2853144 bytes,   16801712 total
- age   6:    4919280 bytes,   21720992 total
: 109248K->21824K(109248K), 0.0241420 secs] 231683K->150356K(502464K), 0.0242181 secs] [Times: user=0.09 sys=0.00, real=0.02 secs] 
Heap after GC invocations=144 (full 7):
 par new generation   total 109248K, used 21824K [0x00000007a0000000, 0x00000007a8000000, 0x00000007a8000000)
  eden space 87424K,   0% used [0x00000007a0000000, 0x00000007a0000000, 0x00000007a5560000)
  from space 21824K, 100% used [0x00000007a5560000, 0x00000007a6ab0000, 0x00000007a6ab0000)
  to   space 21824K,   0% used [0x00000007a6ab0000, 0x00000007a6ab0000, 0x00000007a8000000)
 concurrent mark-sweep generation total 393216K, used 128532K [0x00000007a8000000, 0x00000007c0000000, 0x00000007c0000000)
 Metaspace       used 34204K, capacity 34708K, committed 35196K, reserved 1081344K
  class space    used 4021K, capacity 4185K, committed 4220K, reserved 1048576K
}
2016-10-24T04:52:26.535+0800: 301.881: Total time for which application threads were stopped: 0.0244472 seconds, Stopping threads took: 0.0000230 seconds
{Heap before GC invocations=144 (full 7):
 par new generation   total 109248K, used 109248K [0x00000007a0000000, 0x00000007a8000000, 0x00000007a8000000)
  eden space 87424K, 100% used [0x00000007a0000000, 0x00000007a5560000, 0x00000007a5560000)
  from space 21824K, 100% used [0x00000007a5560000, 0x00000007a6ab0000, 0x00000007a6ab0000)
  to   space 21824K,   0% used [0x00000007a6ab0000, 0x00000007a6ab0000, 0x00000007a8000000)
 concurrent mark-sweep generation total 393216K, used 128532K [0x00000007a8000000, 0x00000007c0000000, 0x00000007c0000000)
 Metaspace       used 34204K, capacity 34708K, committed 35196K, reserved 1081344K
  class space    used 4021K, capacity 4185K, committed 4220K, reserved 1048576K
2016-10-24T04:52:26.784+0800: 302.130: [GC (Allocation Failure) 2016-10-24T04:52:26.784+0800: 302.130: [ParNew
Desired survivor size 20112992 bytes, new threshold 6 (max 8)
- age   1:    6375640 bytes,    6375640 total
- age   2:    3539968 bytes,    9915608 total
- age   3:    2658800 bytes,   12574408 total
- age   4:    4339296 bytes,   16913704 total
- age   5:    2083408 bytes,   18997112 total
- age   6:    2847176 bytes,   21844288 total
: 109248K->21824K(109248K), 0.0223494 secs] 237780K->161346K(502464K), 0.0224073 secs] [Times: user=0.08 sys=0.00, real=0.02 secs] 
Heap after GC invocations=145 (full 7):
 par new generation   total 109248K, used 21824K [0x00000007a0000000, 0x00000007a8000000, 0x00000007a8000000)
  eden space 87424K,   0% used [0x00000007a0000000, 0x00000007a0000000, 0x00000007a5560000)
  from space 21824K, 100% used [0x00000007a6ab0000, 0x00000007a8000000, 0x00000007a8000000)
  to   space 21824K,   0% used [0x00000007a5560000, 0x00000007a5560000, 0x00000007a6ab0000)
 concurrent mark-sweep generation total 393216K, used 139522K [0x00000007a8000000, 0x00000007c0000000, 0x00000007c0000000)
 Metaspace       used 34204K, capacity 34708K, committed 35196K, reserved 1081344K
  class space    used 4021K, capacity 4185K, committed 4220K, reserved 1048576K
}
2016-10-24T04:52:26.806+0800: 302.152: Total time for which application threads were stopped: 0.0225728 seconds, Stopping threads took: 0.0000285 seconds
{Heap before GC invocations=145 (full 7):
 par new generation   total 109248K, used 109248K [0x00000007a0000000, 0x00000007a8000000, 0x00000007a8000000)
  eden space 87424K, 100% used [0x00000007a0000000, 0x00000007a5560000, 0x00000007a5560000)
  from space 21824K, 100% used [0x00000007a6ab0000, 0x00000007a8000000, 0x00000007a8000000)
  to   space 21824K,   0% used [0x00000007a5560000, 0x00000007a5560000, 0x00000007a6ab0000)
 concurrent mark-sweep generation total 393216K, used 139522K [0x00000007a8000000, 0x00000007c0000000, 0x00000007c0000000)
 Metaspace       used 34204K, capacity 34708K, committed 35196K, reserved 1081344K
  class space    used 4021K, capacity 4185K, committed 4220K, reserved 1048576K
2016-10-24T04:52:27.083+0800: 302.429: [GC (Allocation Failure) 2016-10-24T04:52:27.083+0800: 302.429: [ParNew
Desired survivor size 20112992 bytes, new threshold 5 (max 8)
- age   1:    9186064 bytes,    9186064 total
- age   2:    4439152 bytes,   13625216 total
- age   3:    2423560 bytes,   16048776 total
- age   4:    1757984 bytes,   17806760 total
- age   5:    2711448 bytes,   20518208 total
- age   6:    1801776 bytes,   22319984 total
: 109248K->21824K(109248K), 0.0308566 secs] 248770K->175598K(502464K), 0.0309200 secs] [Times: user=0.11 sys=0.00, real=0.03 secs] 
Heap after GC invocations=146 (full 7):
 par new generation   total 109248K, used 21824K [0x00000007a0000000, 0x00000007a8000000, 0x00000007a8000000)
  eden space 87424K,   0% used [0x00000007a0000000, 0x00000007a0000000, 0x00000007a5560000)
  from space 21824K, 100% used [0x00000007a5560000, 0x00000007a6ab0000, 0x00000007a6ab0000)
  to   space 21824K,   0% used [0x00000007a6ab0000, 0x00000007a6ab0000, 0x00000007a8000000)
 concurrent mark-sweep generation total 393216K, used 153774K [0x00000007a8000000, 0x00000007c0000000, 0x00000007c0000000)
 Metaspace       used 34204K, capacity 34708K, committed 35196K, reserved 1081344K
  class space    used 4021K, capacity 4185K, committed 4220K, reserved 1048576K
}
2016-10-24T04:52:27.114+0800: 302.460: Total time for which application threads were stopped: 0.0310814 seconds, Stopping threads took: 0.0000285 seconds
{Heap before GC invocations=146 (full 7):
 par new generation   total 109248K, used 109248K [0x00000007a0000000, 0x00000007a8000000, 0x00000007a8000000)
  eden space 87424K, 100% used [0x00000007a0000000, 0x00000007a5560000, 0x00000007a5560000)
  from space 21824K, 100% used [0x00000007a5560000, 0x00000007a6ab0000, 0x00000007a6ab0000)
  to   space 21824K,   0% used [0x00000007a6ab0000, 0x00000007a6ab0000, 0x00000007a8000000)
 concurrent mark-sweep generation total 393216K, used 153774K [0x00000007a8000000, 0x00000007c0000000, 0x00000007c0000000)
 Metaspace       used 34204K, capacity 34708K, committed 35196K, reserved 1081344K
  class space    used 4021K, capacity 4185K, committed 4220K, reserved 1048576K
2016-10-24T04:52:27.384+0800: 302.731: [GC (Allocation Failure) 2016-10-24T04:52:27.384+0800: 302.731: [ParNew
Desired survivor size 20112992 bytes, new threshold 4 (max 8)
- age   1:    6137704 bytes,    6137704 total
- age   2:    8587704 bytes,   14725408 total
- age   3:    3351808 bytes,   18077216 total
- age   4:    2091480 bytes,   20168696 total
- age   5:    1440208 bytes,   21608904 total
: 109248K->21824K(109248K), 0.0285534 secs] 263022K->183941K(502464K), 0.0286232 secs] [Times: user=0.10 sys=0.00, real=0.03 secs] 
Heap after GC invocations=147 (full 7):
 par new generation   total 109248K, used 21824K [0x00000007a0000000, 0x00000007a8000000, 0x00000007a8000000)
  eden space 87424K,   0% used [0x00000007a0000000, 0x00000007a0000000, 0x00000007a5560000)
  from space 21824K, 100% used [0x00000007a6ab0000, 0x00000007a8000000, 0x00000007a8000000)
  to   space 21824K,   0% used [0x00000007a5560000, 0x00000007a5560000, 0x00000007a6ab0000)
 concurrent mark-sweep generation total 393216K, used 162117K [0x00000007a8000000, 0x00000007c0000000, 0x00000007c0000000)
 Metaspace       used 34204K, capacity 34708K, committed 35196K, reserved 1081344K
  class space    used 4021K, capacity 4185K, committed 4220K, reserved 1048576K
}
2016-10-24T04:52:27.413+0800: 302.759: Total time for which application threads were stopped: 0.0288209 seconds, Stopping threads took: 0.0000290 seconds
{Heap before GC invocations=147 (full 7):
 par new generation   total 109248K, used 109248K [0x00000007a0000000, 0x00000007a8000000, 0x00000007a8000000)
  eden space 87424K, 100% used [0x00000007a0000000, 0x00000007a5560000, 0x00000007a5560000)
  from space 21824K, 100% used [0x00000007a6ab0000, 0x00000007a8000000, 0x00000007a8000000)
  to   space 21824K,   0% used [0x00000007a5560000, 0x00000007a5560000, 0x00000007a6ab0000)
 concurrent mark-sweep generation total 393216K, used 162117K [0x00000007a8000000, 0x00000007c0000000, 0x00000007c0000000)
 Metaspace       used 34204K, capacity 34708K, committed 35196K, reserved 1081344K
  class space    used 4021K, capacity 4185K, committed 4220K, reserved 1048576K
2016-10-24T04:52:27.665+0800: 303.011: [GC (Allocation Failure) 2016-10-24T04:52:27.665+0800: 303.011: [ParNew
Desired survivor size 20112992 bytes, new threshold 4 (max 8)
- age   1:    5369416 bytes,    5369416 total
- age   2:    4585088 bytes,    9954504 total
- age   3:    8550456 bytes,   18504960 total
- age   4:    3335440 bytes,   21840400 total
: 109248K->21824K(109248K), 0.0231180 secs] 271365K->194822K(502464K), 0.0231775 secs] [Times: user=0.09 sys=0.00, real=0.02 secs] 
Heap after GC invocations=148 (full 7):
 par new generation   total 109248K, used 21824K [0x00000007a0000000, 0x00000007a8000000, 0x00000007a8000000)
  eden space 87424K,   0% used [0x00000007a0000000, 0x00000007a0000000, 0x00000007a5560000)
  from space 21824K, 100% used [0x00000007a5560000, 0x00000007a6ab0000, 0x00000007a6ab0000)
  to   space 21824K,   0% used [0x00000007a6ab0000, 0x00000007a6ab0000, 0x00000007a8000000)
 concurrent mark-sweep generation total 393216K, used 172998K [0x00000007a8000000, 0x00000007c0000000, 0x00000007c0000000)
 Metaspace       used 34204K, capacity 34708K, committed 35196K, reserved 1081344K
  class space    used 4021K, capacity 4185K, committed 4220K, reserved 1048576K
}
2016-10-24T04:52:27.688+0800: 303.034: Total time for which application threads were stopped: 0.0233261 seconds, Stopping threads took: 0.0000184 seconds
{Heap before GC invocations=148 (full 7):
 par new generation   total 109248K, used 109248K [0x00000007a0000000, 0x00000007a8000000, 0x00000007a8000000)
  eden space 87424K, 100% used [0x00000007a0000000, 0x00000007a5560000, 0x00000007a5560000)
  from space 21824K, 100% used [0x00000007a5560000, 0x00000007a6ab0000, 0x00000007a6ab0000)
  to   space 21824K,   0% used [0x00000007a6ab0000, 0x00000007a6ab0000, 0x00000007a8000000)
 concurrent mark-sweep generation total 393216K, used 172998K [0x00000007a8000000, 0x00000007c0000000, 0x00000007c0000000)
 Metaspace       used 34204K, capacity 34708K, committed 35196K, reserved 1081344K
  class space    used 4021K, capacity 4185K, committed 4220K, reserved 1048576K
2016-10-24T04:52:27.944+0800: 303.290: [GC (Allocation Failure) 2016-10-24T04:52:27.944+0800: 303.290: [ParNew
Desired survivor size 20112992 bytes, new threshold 8 (max 8)
- age   1:    3672312 bytes,    3672312 total
- age   2:    3940744 bytes,    7613056 total
- age   3:    3183048 bytes,   10796104 total
- age   4:    6070048 bytes,   16866152 total
: 109248K->21824K(109248K), 0.0215245 secs] 282246K->206150K(502464K), 0.0215876 secs] [Times: user=0.08 sys=0.00, real=0.02 secs] 
Heap after GC invocations=149 (full 7):
 par new generation   total 109248K, used 21824K [0x00000007a0000000, 0x00000007a8000000, 0x00000007a8000000)
  eden space 87424K,   0% used [0x00000007a0000000, 0x00000007a0000000, 0x00000007a5560000)
  from space 21824K, 100% used [0x00000007a6ab0000, 0x00000007a8000000, 0x00000007a8000000)
  to   space 21824K,   0% used [0x00000007a5560000, 0x00000007a5560000, 0x00000007a6ab0000)
 concurrent mark-sweep generation total 393216K, used 184326K [0x00000007a8000000, 0x00000007c0000000, 0x00000007c0000000)
 Metaspace       used 34204K, capacity 34708K, committed 35196K, reserved 1081344K
  class space    used 4021K, capacity 4185K, committed 4220K, reserved 1048576K
}
2016-10-24T04:52:27.966+0800: 303.312: Total time for which application threads were stopped: 0.0217599 seconds, Stopping threads took: 0.0000305 seconds
{Heap before GC invocations=149 (full 7):
 par new generation   total 109248K, used 109248K [0x00000007a0000000, 0x00000007a8000000, 0x00000007a8000000)
  eden space 87424K, 100% used [0x00000007a0000000, 0x00000007a5560000, 0x00000007a5560000)
  from space 21824K, 100% used [0x00000007a6ab0000, 0x00000007a8000000, 0x00000007a8000000)
  to   space 21824K,   0% used [0x00000007a5560000, 0x00000007a5560000, 0x00000007a6ab0000)
 concurrent mark-sweep generation total 393216K, used 184326K [0x00000007a8000000, 0x00000007c0000000, 0x00000007c0000000)
 Metaspace       used 34204K, capacity 34708K, committed 35196K, reserved 1081344K
  class space    used 4021K, capacity 4185K, committed 4220K, reserved 1048576K
2016-10-24T04:52:28.203+0800: 303.549: [GC (Allocation Failure) 2016-10-24T04:52:28.203+0800: 303.549: [ParNew
Desired survivor size 20112992 bytes, new threshold 5 (max 8)
- age   1:    4595120 bytes,    4595120 total
- age   2:    3548272 bytes,    8143392 total
- age   3:    3731224 bytes,   11874616 total
- age   4:    3147768 bytes,   15022384 total
- age   5:    6064992 bytes,   21087376 total
: 109248K->21824K(109248K), 0.0164827 secs] 293574K->213714K(502464K), 0.0165619 secs] [Times: user=0.06 sys=0.01, real=0.01 secs] 
Heap after GC invocations=150 (full 7):
 par new generation   total 109248K, used 21824K [0x00000007a0000000, 0x00000007a8000000, 0x00000007a8000000)
  eden space 87424K,   0% used [0x00000007a0000000, 0x00000007a0000000, 0x00000007a5560000)
  from space 21824K, 100% used [0x00000007a5560000, 0x00000007a6ab0000, 0x00000007a6ab0000)
  to   space 21824K,   0% used [0x00000007a6ab0000, 0x00000007a6ab0000, 0x00000007a8000000)
 concurrent mark-sweep generation total 393216K, used 191890K [0x00000007a8000000, 0x00000007c0000000, 0x00000007c0000000)
 Metaspace       used 34204K, capacity 34708K, committed 35196K, reserved 1081344K
  class space    used 4021K, capacity 4185K, committed 4220K, reserved 1048576K
}
2016-10-24T04:52:28.219+0800: 303.566: Total time for which application threads were stopped: 0.0167336 seconds, Stopping threads took: 0.0000296 seconds
{Heap before GC invocations=150 (full 7):
 par new generation   total 109248K, used 109248K [0x00000007a0000000, 0x00000007a8000000, 0x00000007a8000000)
  eden space 87424K, 100% used [0x00000007a0000000, 0x00000007a5560000, 0x00000007a5560000)
  from space 21824K, 100% used [0x00000007a5560000, 0x00000007a6ab0000, 0x00000007a6ab0000)
  to   space 21824K,   0% used [0x00000007a6ab0000, 0x00000007a6ab0000, 0x00000007a8000000)
 concurrent mark-sweep generation total 393216K, used 191890K [0x00000007a8000000, 0x00000007c0000000, 0x00000007c0000000)
 Metaspace       used 34204K, capacity 34708K, committed 35196K, reserved 1081344K
  class space    used 4021K, capacity 4185K, committed 4220K, reserved 1048576K
2016-10-24T04:52:28.471+0800: 303.818: [GC (Allocation Failure) 2016-10-24T04:52:28.471+0800: 303.818: [ParNew
Desired survivor size 20112992 bytes, new threshold 8 (max 8)
- age   1:    4375272 bytes,    4375272 total
- age   2:    4573520 bytes,    8948792 total
- age   3:    3537800 bytes,   12486592 total
- age   4:    3727992 bytes,   16214584 total
- age   5:    3145280 bytes,   19359864 total
: 109248K->21824K(109248K), 0.0210215 secs] 301138K->222028K(502464K), 0.0210944 secs] [Times: user=0.08 sys=0.00, real=0.02 secs] 
Heap after GC invocations=151 (full 7):
 par new generation   total 109248K, used 21824K [0x00000007a0000000, 0x00000007a8000000, 0x00000007a8000000)
  eden space 87424K,   0% used [0x00000007a0000000, 0x00000007a0000000, 0x00000007a5560000)
  from space 21824K, 100% used [0x00000007a6ab0000, 0x00000007a8000000, 0x00000007a8000000)
  to   space 21824K,   0% used [0x00000007a5560000, 0x00000007a5560000, 0x00000007a6ab0000)
 concurrent mark-sweep generation total 393216K, used 200204K [0x00000007a8000000, 0x00000007c0000000, 0x00000007c0000000)
 Metaspace       used 34204K, capacity 34708K, committed 35196K, reserved 1081344K
  class space    used 4021K, capacity 4185K, committed 4220K, reserved 1048576K
}
2016-10-24T04:52:28.492+0800: 303.839: Total time for which application threads were stopped: 0.0212792 seconds, Stopping threads took: 0.0000309 seconds
2016-10-24T04:52:28.493+0800: 303.839: [GC (CMS Initial Mark) [1 CMS-initial-mark: 200204K(393216K)] 223771K(502464K), 0.0029423 secs] [Times: user=0.01 sys=0.00, real=0.00 secs] 
2016-10-24T04:52:28.496+0800: 303.842: Total time for which application threads were stopped: 0.0031220 seconds, Stopping threads took: 0.0000752 seconds
2016-10-24T04:52:28.496+0800: 303.842: [CMS-concurrent-mark-start]
2016-10-24T04:52:28.563+0800: 303.909: [CMS-concurrent-mark: 0.067/0.067 secs] [Times: user=0.33 sys=0.00, real=0.07 secs] 
2016-10-24T04:52:28.563+0800: 303.909: [CMS-concurrent-preclean-start]
2016-10-24T04:52:28.571+0800: 303.917: [CMS-concurrent-preclean: 0.007/0.008 secs] [Times: user=0.01 sys=0.00, real=0.01 secs] 
2016-10-24T04:52:28.571+0800: 303.917: [CMS-concurrent-abortable-preclean-start]
{Heap before GC invocations=151 (full 8):
 par new generation   total 109248K, used 109248K [0x00000007a0000000, 0x00000007a8000000, 0x00000007a8000000)
  eden space 87424K, 100% used [0x00000007a0000000, 0x00000007a5560000, 0x00000007a5560000)
  from space 21824K, 100% used [0x00000007a6ab0000, 0x00000007a8000000, 0x00000007a8000000)
  to   space 21824K,   0% used [0x00000007a5560000, 0x00000007a5560000, 0x00000007a6ab0000)
 concurrent mark-sweep generation total 393216K, used 200204K [0x00000007a8000000, 0x00000007c0000000, 0x00000007c0000000)
 Metaspace       used 34204K, capacity 34708K, committed 35196K, reserved 1081344K
  class space    used 4021K, capacity 4185K, committed 4220K, reserved 1048576K
2016-10-24T04:52:28.741+0800: 304.087: [GC (Allocation Failure) 2016-10-24T04:52:28.741+0800: 304.087: [ParNew
Desired survivor size 20112992 bytes, new threshold 6 (max 8)
- age   1:    4485904 bytes,    4485904 total
- age   2:    3218248 bytes,    7704152 total
- age   3:    2921912 bytes,   10626064 total
- age   4:    3409632 bytes,   14035696 total
- age   5:    3698800 bytes,   17734496 total
- age   6:    3024584 bytes,   20759080 total
: 109248K->21824K(109248K), 0.0234036 secs] 309452K->232424K(502464K), 0.0234647 secs] [Times: user=0.09 sys=0.00, real=0.02 secs] 
Heap after GC invocations=152 (full 8):
 par new generation   total 109248K, used 21824K [0x00000007a0000000, 0x00000007a8000000, 0x00000007a8000000)
  eden space 87424K,   0% used [0x00000007a0000000, 0x00000007a0000000, 0x00000007a5560000)
  from space 21824K, 100% used [0x00000007a5560000, 0x00000007a6ab0000, 0x00000007a6ab0000)
  to   space 21824K,   0% used [0x00000007a6ab0000, 0x00000007a6ab0000, 0x00000007a8000000)
 concurrent mark-sweep generation total 393216K, used 210600K [0x00000007a8000000, 0x00000007c0000000, 0x00000007c0000000)
 Metaspace       used 34204K, capacity 34708K, committed 35196K, reserved 1081344K
  class space    used 4021K, capacity 4185K, committed 4220K, reserved 1048576K
}
2016-10-24T04:52:28.764+0800: 304.110: Total time for which application threads were stopped: 0.0236225 seconds, Stopping threads took: 0.0000207 seconds
2016-10-24T04:52:28.940+0800: 304.286: [CMS-concurrent-abortable-preclean: 0.341/0.369 secs] [Times: user=0.78 sys=0.01, real=0.37 secs] 
2016-10-24T04:52:28.940+0800: 304.287: [GC (CMS Final Remark) [YG occupancy: 78274 K (109248 K)]{Heap before GC invocations=152 (full 8):
 par new generation   total 109248K, used 78274K [0x00000007a0000000, 0x00000007a8000000, 0x00000007a8000000)
  eden space 87424K,  64% used [0x00000007a0000000, 0x00000007a3720880, 0x00000007a5560000)
  from space 21824K, 100% used [0x00000007a5560000, 0x00000007a6ab0000, 0x00000007a6ab0000)
  to   space 21824K,   0% used [0x00000007a6ab0000, 0x00000007a6ab0000, 0x00000007a8000000)
 concurrent mark-sweep generation total 393216K, used 210600K [0x00000007a8000000, 0x00000007c0000000, 0x00000007c0000000)
 Metaspace       used 34204K, capacity 34708K, committed 35196K, reserved 1081344K
  class space    used 4021K, capacity 4185K, committed 4220K, reserved 1048576K
2016-10-24T04:52:28.940+0800: 304.287: [GC (CMS Final Remark) 2016-10-24T04:52:28.940+0800: 304.287: [ParNew
Desired survivor size 20112992 bytes, new threshold 6 (max 8)
- age   1:    5423368 bytes,    5423368 total
- age   2:    4176392 bytes,    9599760 total
- age   3:    2748696 bytes,   12348456 total
- age   4:    2339408 bytes,   14687864 total
- age   5:    3234888 bytes,   17922752 total
- age   6:    3545984 bytes,   21468736 total
: 78274K->21824K(109248K), 0.0280240 secs] 288874K->239518K(502464K), 0.0280837 secs] [Times: user=0.11 sys=0.00, real=0.02 secs] 
Heap after GC invocations=153 (full 8):
 par new generation   total 109248K, used 21824K [0x00000007a0000000, 0x00000007a8000000, 0x00000007a8000000)
  eden space 87424K,   0% used [0x00000007a0000000, 0x00000007a0000000, 0x00000007a5560000)
  from space 21824K, 100% used [0x00000007a6ab0000, 0x00000007a8000000, 0x00000007a8000000)
  to   space 21824K,   0% used [0x00000007a5560000, 0x00000007a5560000, 0x00000007a6ab0000)
 concurrent mark-sweep generation total 393216K, used 217694K [0x00000007a8000000, 0x00000007c0000000, 0x00000007c0000000)
 Metaspace       used 34204K, capacity 34708K, committed 35196K, reserved 1081344K
  class space    used 4021K, capacity 4185K, committed 4220K, reserved 1048576K
}
2016-10-24T04:52:28.969+0800: 304.315: [Rescan (parallel) , 0.0146872 secs]2016-10-24T04:52:28.983+0800: 304.330: [weak refs processing, 0.0009011 secs]2016-10-24T04:52:28.984+0800: 304.331: [class unloading, 0.0063116 secs]2016-10-24T04:52:28.991+0800: 304.337: [scrub symbol table, 0.0041953 secs]2016-10-24T04:52:28.995+0800: 304.341: [scrub string table, 0.0004560 secs][1 CMS-remark: 217694K(393216K)] 239518K(502464K), 0.0549421 secs] [Times: user=0.18 sys=0.00, real=0.05 secs] 
2016-10-24T04:52:28.995+0800: 304.342: Total time for which application threads were stopped: 0.0551504 seconds, Stopping threads took: 0.0000962 seconds
2016-10-24T04:52:28.995+0800: 304.342: [CMS-concurrent-sweep-start]
2016-10-24T04:52:29.043+0800: 304.390: [CMS-concurrent-sweep: 0.048/0.048 secs] [Times: user=0.09 sys=0.00, real=0.05 secs] 
2016-10-24T04:52:29.043+0800: 304.390: [CMS-concurrent-reset-start]
2016-10-24T04:52:29.044+0800: 304.390: [CMS-concurrent-reset: 0.000/0.000 secs] [Times: user=0.00 sys=0.00, real=0.00 secs] 
{Heap before GC invocations=153 (full 8):
 par new generation   total 109248K, used 109248K [0x00000007a0000000, 0x00000007a8000000, 0x00000007a8000000)
  eden space 87424K, 100% used [0x00000007a0000000, 0x00000007a5560000, 0x00000007a5560000)
  from space 21824K, 100% used [0x00000007a6ab0000, 0x00000007a8000000, 0x00000007a8000000)
  to   space 21824K,   0% used [0x00000007a5560000, 0x00000007a5560000, 0x00000007a6ab0000)
 concurrent mark-sweep generation total 393216K, used 162730K [0x00000007a8000000, 0x00000007c0000000, 0x00000007c0000000)
 Metaspace       used 34205K, capacity 34708K, committed 35196K, reserved 1081344K
  class space    used 4021K, capacity 4185K, committed 4220K, reserved 1048576K
2016-10-24T04:52:29.837+0800: 305.183: [GC (Allocation Failure) 2016-10-24T04:52:29.837+0800: 305.183: [ParNew
Desired survivor size 20112992 bytes, new threshold 8 (max 8)
- age   1:     828648 bytes,     828648 total
- age   2:    4534232 bytes,    5362880 total
- age   3:    4046152 bytes,    9409032 total
- age   4:    2602856 bytes,   12011888 total
- age   5:    2203424 bytes,   14215312 total
- age   6:    2786584 bytes,   17001896 total
: 109248K->20651K(109248K), 0.0188297 secs] 271978K->185467K(502464K), 0.0188917 secs] [Times: user=0.07 sys=0.00, real=0.02 secs] 
Heap after GC invocations=154 (full 8):
 par new generation   total 109248K, used 20651K [0x00000007a0000000, 0x00000007a8000000, 0x00000007a8000000)
  eden space 87424K,   0% used [0x00000007a0000000, 0x00000007a0000000, 0x00000007a5560000)
  from space 21824K,  94% used [0x00000007a5560000, 0x00000007a698acc0, 0x00000007a6ab0000)
  to   space 21824K,   0% used [0x00000007a6ab0000, 0x00000007a6ab0000, 0x00000007a8000000)
 concurrent mark-sweep generation total 393216K, used 164816K [0x00000007a8000000, 0x00000007c0000000, 0x00000007c0000000)
 Metaspace       used 34205K, capacity 34708K, committed 35196K, reserved 1081344K
  class space    used 4021K, capacity 4185K, committed 4220K, reserved 1048576K
}
2016-10-24T04:52:29.855+0800: 305.202: Total time for which application threads were stopped: 0.0190634 seconds, Stopping threads took: 0.0000278 seconds
{Heap before GC invocations=154 (full 8):
 par new generation   total 109248K, used 108075K [0x00000007a0000000, 0x00000007a8000000, 0x00000007a8000000)
  eden space 87424K, 100% used [0x00000007a0000000, 0x00000007a5560000, 0x00000007a5560000)
  from space 21824K,  94% used [0x00000007a5560000, 0x00000007a698acc0, 0x00000007a6ab0000)
  to   space 21824K,   0% used [0x00000007a6ab0000, 0x00000007a6ab0000, 0x00000007a8000000)
 concurrent mark-sweep generation total 393216K, used 164816K [0x00000007a8000000, 0x00000007c0000000, 0x00000007c0000000)
 Metaspace       used 34205K, capacity 34708K, committed 35196K, reserved 1081344K
  class space    used 4021K, capacity 4185K, committed 4220K, reserved 1048576K
2016-10-24T04:52:29.881+0800: 305.227: [GC (Allocation Failure) 2016-10-24T04:52:29.881+0800: 305.227: [ParNew
Desired survivor size 20112992 bytes, new threshold 8 (max 8)
- age   1:        400 bytes,        400 total
- age   2:     299088 bytes,     299488 total
- age   3:    4511824 bytes,    4811312 total
- age   4:    4015576 bytes,    8826888 total
- age   5:    2575272 bytes,   11402160 total
- age   6:    2196240 bytes,   13598400 total
- age   7:    2778576 bytes,   16376976 total
: 108075K->21824K(109248K), 0.0160708 secs] 272891K->187249K(502464K), 0.0161323 secs] [Times: user=0.07 sys=0.00, real=0.01 secs] 
Heap after GC invocations=155 (full 8):
 par new generation   total 109248K, used 21824K [0x00000007a0000000, 0x00000007a8000000, 0x00000007a8000000)
  eden space 87424K,   0% used [0x00000007a0000000, 0x00000007a0000000, 0x00000007a5560000)
  from space 21824K, 100% used [0x00000007a6ab0000, 0x00000007a8000000, 0x00000007a8000000)
  to   space 21824K,   0% used [0x00000007a5560000, 0x00000007a5560000, 0x00000007a6ab0000)
 concurrent mark-sweep generation total 393216K, used 165425K [0x00000007a8000000, 0x00000007c0000000, 0x00000007c0000000)
 Metaspace       used 34205K, capacity 34708K, committed 35196K, reserved 1081344K
  class space    used 4021K, capacity 4185K, committed 4220K, reserved 1048576K
}
2016-10-24T04:52:29.897+0800: 305.243: Total time for which application threads were stopped: 0.0162961 seconds, Stopping threads took: 0.0000304 seconds
{Heap before GC invocations=155 (full 8):
 par new generation   total 109248K, used 109248K [0x00000007a0000000, 0x00000007a8000000, 0x00000007a8000000)
  eden space 87424K, 100% used [0x00000007a0000000, 0x00000007a5560000, 0x00000007a5560000)
  from space 21824K, 100% used [0x00000007a6ab0000, 0x00000007a8000000, 0x00000007a8000000)
  to   space 21824K,   0% used [0x00000007a5560000, 0x00000007a5560000, 0x00000007a6ab0000)
 concurrent mark-sweep generation total 393216K, used 165425K [0x00000007a8000000, 0x00000007c0000000, 0x00000007c0000000)
 Metaspace       used 34205K, capacity 34708K, committed 35196K, reserved 1081344K
  class space    used 4021K, capacity 4185K, committed 4220K, reserved 1048576K
2016-10-24T04:52:29.923+0800: 305.270: [GC (Allocation Failure) 2016-10-24T04:52:29.923+0800: 305.270: [ParNew
Desired survivor size 20112992 bytes, new threshold 8 (max 8)
- age   1:      59072 bytes,      59072 total
- age   2:        160 bytes,      59232 total
- age   3:     299088 bytes,     358320 total
- age   4:    4511824 bytes,    4870144 total
- age   5:    4015576 bytes,    8885720 total
- age   6:    2575272 bytes,   11460992 total
- age   7:    2196240 bytes,   13657232 total
- age   8:    2778576 bytes,   16435808 total
: 109248K->21089K(109248K), 0.0148288 secs] 274673K->186515K(502464K), 0.0148805 secs] [Times: user=0.06 sys=0.00, real=0.01 secs] 
Heap after GC invocations=156 (full 8):
 par new generation   total 109248K, used 21089K [0x00000007a0000000, 0x00000007a8000000, 0x00000007a8000000)
  eden space 87424K,   0% used [0x00000007a0000000, 0x00000007a0000000, 0x00000007a5560000)
  from space 21824K,  96% used [0x00000007a5560000, 0x00000007a69f87d8, 0x00000007a6ab0000)
  to   space 21824K,   0% used [0x00000007a6ab0000, 0x00000007a6ab0000, 0x00000007a8000000)
 concurrent mark-sweep generation total 393216K, used 165425K [0x00000007a8000000, 0x00000007c0000000, 0x00000007c0000000)
 Metaspace       used 34205K, capacity 34708K, committed 35196K, reserved 1081344K
  class space    used 4021K, capacity 4185K, committed 4220K, reserved 1048576K
}
2016-10-24T04:52:29.938+0800: 305.285: Total time for which application threads were stopped: 0.0150419 seconds, Stopping threads took: 0.0000182 seconds
{Heap before GC invocations=156 (full 8):
 par new generation   total 109248K, used 108513K [0x00000007a0000000, 0x00000007a8000000, 0x00000007a8000000)
  eden space 87424K, 100% used [0x00000007a0000000, 0x00000007a5560000, 0x00000007a5560000)
  from space 21824K,  96% used [0x00000007a5560000, 0x00000007a69f87d8, 0x00000007a6ab0000)
  to   space 21824K,   0% used [0x00000007a6ab0000, 0x00000007a6ab0000, 0x00000007a8000000)
 concurrent mark-sweep generation total 393216K, used 165425K [0x00000007a8000000, 0x00000007c0000000, 0x00000007c0000000)
 Metaspace       used 34205K, capacity 34708K, committed 35196K, reserved 1081344K
  class space    used 4021K, capacity 4185K, committed 4220K, reserved 1048576K
2016-10-24T04:52:30.042+0800: 305.389: [GC (Allocation Failure) 2016-10-24T04:52:30.042+0800: 305.389: [ParNew
Desired survivor size 20112992 bytes, new threshold 8 (max 8)
- age   1:     215232 bytes,     215232 total
- age   3:        160 bytes,     215392 total
- age   4:     298920 bytes,     514312 total
- age   5:    4511824 bytes,    5026136 total
- age   6:    4015576 bytes,    9041712 total
- age   7:    2575272 bytes,   11616984 total
- age   8:    2196240 bytes,   13813224 total
: 108513K->19004K(109248K), 0.0169006 secs] 273939K->187201K(502464K), 0.0169549 secs] [Times: user=0.07 sys=0.00, real=0.01 secs] 
Heap after GC invocations=157 (full 8):
 par new generation   total 109248K, used 19004K [0x00000007a0000000, 0x00000007a8000000, 0x00000007a8000000)
  eden space 87424K,   0% used [0x00000007a0000000, 0x00000007a0000000, 0x00000007a5560000)
  from space 21824K,  87% used [0x00000007a6ab0000, 0x00000007a7d3f3b8, 0x00000007a8000000)
  to   space 21824K,   0% used [0x00000007a5560000, 0x00000007a5560000, 0x00000007a6ab0000)
 concurrent mark-sweep generation total 393216K, used 168196K [0x00000007a8000000, 0x00000007c0000000, 0x00000007c0000000)
 Metaspace       used 34205K, capacity 34708K, committed 35196K, reserved 1081344K
  class space    used 4021K, capacity 4185K, committed 4220K, reserved 1048576K
}
2016-10-24T04:52:30.059+0800: 305.406: Total time for which application threads were stopped: 0.0171184 seconds, Stopping threads took: 0.0000198 seconds
{Heap before GC invocations=157 (full 8):
 par new generation   total 109248K, used 106428K [0x00000007a0000000, 0x00000007a8000000, 0x00000007a8000000)
  eden space 87424K, 100% used [0x00000007a0000000, 0x00000007a5560000, 0x00000007a5560000)
  from space 21824K,  87% used [0x00000007a6ab0000, 0x00000007a7d3f3b8, 0x00000007a8000000)
  to   space 21824K,   0% used [0x00000007a5560000, 0x00000007a5560000, 0x00000007a6ab0000)
 concurrent mark-sweep generation total 393216K, used 168196K [0x00000007a8000000, 0x00000007c0000000, 0x00000007c0000000)
 Metaspace       used 34211K, capacity 34720K, committed 35196K, reserved 1081344K
  class space    used 4021K, capacity 4185K, committed 4220K, reserved 1048576K
2016-10-24T04:52:30.223+0800: 305.570: [GC (Allocation Failure) 2016-10-24T04:52:30.223+0800: 305.570: [ParNew
Desired survivor size 20112992 bytes, new threshold 8 (max 8)
- age   1:    1235112 bytes,    1235112 total
- age   2:      78752 bytes,    1313864 total
- age   4:        160 bytes,    1314024 total
- age   5:     298488 bytes,    1612512 total
- age   6:    4310360 bytes,    5922872 total
- age   7:    3804344 bytes,    9727216 total
- age   8:    2349928 bytes,   12077144 total
: 106428K->15237K(109248K), 0.0153576 secs] 274625K->185436K(502464K), 0.0154309 secs] [Times: user=0.06 sys=0.00, real=0.01 secs] 
Heap after GC invocations=158 (full 8):
 par new generation   total 109248K, used 15237K [0x00000007a0000000, 0x00000007a8000000, 0x00000007a8000000)
  eden space 87424K,   0% used [0x00000007a0000000, 0x00000007a0000000, 0x00000007a5560000)
  from space 21824K,  69% used [0x00000007a5560000, 0x00000007a6441420, 0x00000007a6ab0000)
  to   space 21824K,   0% used [0x00000007a6ab0000, 0x00000007a6ab0000, 0x00000007a8000000)
 concurrent mark-sweep generation total 393216K, used 170199K [0x00000007a8000000, 0x00000007c0000000, 0x00000007c0000000)
 Metaspace       used 34211K, capacity 34720K, committed 35196K, reserved 1081344K
  class space    used 4021K, capacity 4185K, committed 4220K, reserved 1048576K
}
2016-10-24T04:52:30.239+0800: 305.585: Total time for which application threads were stopped: 0.0156192 seconds, Stopping threads took: 0.0000198 seconds
2016-10-24T04:52:30.307+0800: 305.654: Total time for which application threads were stopped: 0.0001628 seconds, Stopping threads took: 0.0000587 seconds
2016-10-24T04:52:30.308+0800: 305.654: Total time for which application threads were stopped: 0.0001292 seconds, Stopping threads took: 0.0000577 seconds
2016-10-24T04:52:30.320+0800: 305.666: Total time for which application threads were stopped: 0.0001054 seconds, Stopping threads took: 0.0000318 seconds
2016-10-24T04:52:30.320+0800: 305.667: Total time for which application threads were stopped: 0.0001311 seconds, Stopping threads took: 0.0000608 seconds
2016-10-24T04:52:30.374+0800: 305.720: Total time for which application threads were stopped: 0.0001309 seconds, Stopping threads took: 0.0000188 seconds
2016-10-24T04:52:30.375+0800: 305.722: Total time for which application threads were stopped: 0.0001785 seconds, Stopping threads took: 0.0000777 seconds
2016-10-24T04:52:30.375+0800: 305.722: Total time for which application threads were stopped: 0.0001180 seconds, Stopping threads took: 0.0000456 seconds
2016-10-24T04:52:30.376+0800: 305.722: Total time for which application threads were stopped: 0.0001487 seconds, Stopping threads took: 0.0000847 seconds
2016-10-24T04:52:30.379+0800: 305.725: Total time for which application threads were stopped: 0.0001079 seconds, Stopping threads took: 0.0000145 seconds
2016-10-24T04:52:30.379+0800: 305.726: Total time for which application threads were stopped: 0.0000974 seconds, Stopping threads took: 0.0000133 seconds
2016-10-24T04:52:30.381+0800: 305.727: Total time for which application threads were stopped: 0.0001868 seconds, Stopping threads took: 0.0000780 seconds
2016-10-24T04:52:30.381+0800: 305.728: Total time for which application threads were stopped: 0.0001226 seconds, Stopping threads took: 0.0000582 seconds
{Heap before GC invocations=158 (full 8):
 par new generation   total 109248K, used 102661K [0x00000007a0000000, 0x00000007a8000000, 0x00000007a8000000)
  eden space 87424K, 100% used [0x00000007a0000000, 0x00000007a5560000, 0x00000007a5560000)
  from space 21824K,  69% used [0x00000007a5560000, 0x00000007a6441420, 0x00000007a6ab0000)
  to   space 21824K,   0% used [0x00000007a6ab0000, 0x00000007a6ab0000, 0x00000007a8000000)
 concurrent mark-sweep generation total 393216K, used 170199K [0x00000007a8000000, 0x00000007c0000000, 0x00000007c0000000)
 Metaspace       used 34237K, capacity 34784K, committed 35196K, reserved 1081344K
  class space    used 4023K, capacity 4185K, committed 4220K, reserved 1048576K
2016-10-24T04:52:30.520+0800: 305.866: [GC (Allocation Failure) 2016-10-24T04:52:30.520+0800: 305.866: [ParNew
Desired survivor size 20112992 bytes, new threshold 8 (max 8)
- age   1:    5048536 bytes,    5048536 total
- age   2:     382192 bytes,    5430728 total
- age   3:      78752 bytes,    5509480 total
- age   5:        160 bytes,    5509640 total
- age   6:     298488 bytes,    5808128 total
- age   7:    4310360 bytes,   10118488 total
- age   8:    3804344 bytes,   13922832 total
: 102661K->15096K(109248K), 0.0215159 secs] 272860K->187627K(502464K), 0.0215760 secs] [Times: user=0.09 sys=0.00, real=0.02 secs] 
Heap after GC invocations=159 (full 8):
 par new generation   total 109248K, used 15096K [0x00000007a0000000, 0x00000007a8000000, 0x00000007a8000000)
  eden space 87424K,   0% used [0x00000007a0000000, 0x00000007a0000000, 0x00000007a5560000)
  from space 21824K,  69% used [0x00000007a6ab0000, 0x00000007a796e230, 0x00000007a8000000)
  to   space 21824K,   0% used [0x00000007a5560000, 0x00000007a5560000, 0x00000007a6ab0000)
 concurrent mark-sweep generation total 393216K, used 172530K [0x00000007a8000000, 0x00000007c0000000, 0x00000007c0000000)
 Metaspace       used 34237K, capacity 34784K, committed 35196K, reserved 1081344K
  class space    used 4023K, capacity 4185K, committed 4220K, reserved 1048576K
}
2016-10-24T04:52:30.541+0800: 305.888: Total time for which application threads were stopped: 0.0217837 seconds, Stopping threads took: 0.0000461 seconds
2016-10-24T04:52:30.796+0800: 306.142: Total time for which application threads were stopped: 0.0001845 seconds, Stopping threads took: 0.0000293 seconds
2016-10-24T04:52:30.822+0800: 306.169: Total time for which application threads were stopped: 0.0002278 seconds, Stopping threads took: 0.0000808 seconds
2016-10-24T04:52:30.823+0800: 306.169: Total time for which application threads were stopped: 0.0001653 seconds, Stopping threads took: 0.0000122 seconds
{Heap before GC invocations=159 (full 8):
 par new generation   total 109248K, used 102520K [0x00000007a0000000, 0x00000007a8000000, 0x00000007a8000000)
  eden space 87424K, 100% used [0x00000007a0000000, 0x00000007a5560000, 0x00000007a5560000)
  from space 21824K,  69% used [0x00000007a6ab0000, 0x00000007a796e230, 0x00000007a8000000)
  to   space 21824K,   0% used [0x00000007a5560000, 0x00000007a5560000, 0x00000007a6ab0000)
 concurrent mark-sweep generation total 393216K, used 172530K [0x00000007a8000000, 0x00000007c0000000, 0x00000007c0000000)
 Metaspace       used 34248K, capacity 34784K, committed 35196K, reserved 1081344K
  class space    used 4023K, capacity 4185K, committed 4220K, reserved 1048576K
2016-10-24T04:52:30.840+0800: 306.187: [GC (Allocation Failure) 2016-10-24T04:52:30.840+0800: 306.187: [ParNew
Desired survivor size 20112992 bytes, new threshold 8 (max 8)
- age   1:    5609192 bytes,    5609192 total
- age   2:    3860416 bytes,    9469608 total
- age   3:     377584 bytes,    9847192 total
- age   4:      78752 bytes,    9925944 total
- age   6:        160 bytes,    9926104 total
- age   7:      14216 bytes,    9940320 total
- age   8:    4310304 bytes,   14250624 total
: 102520K->16191K(109248K), 0.0166464 secs] 275051K->192472K(502464K), 0.0166948 secs] [Times: user=0.07 sys=0.00, real=0.01 secs] 
Heap after GC invocations=160 (full 8):
 par new generation   total 109248K, used 16191K [0x00000007a0000000, 0x00000007a8000000, 0x00000007a8000000)
  eden space 87424K,   0% used [0x00000007a0000000, 0x00000007a0000000, 0x00000007a5560000)
  from space 21824K,  74% used [0x00000007a5560000, 0x00000007a652ff80, 0x00000007a6ab0000)
  to   space 21824K,   0% used [0x00000007a6ab0000, 0x00000007a6ab0000, 0x00000007a8000000)
 concurrent mark-sweep generation total 393216K, used 176280K [0x00000007a8000000, 0x00000007c0000000, 0x00000007c0000000)
 Metaspace       used 34248K, capacity 34784K, committed 35196K, reserved 1081344K
  class space    used 4023K, capacity 4185K, committed 4220K, reserved 1048576K
}
2016-10-24T04:52:30.857+0800: 306.203: Total time for which application threads were stopped: 0.0168764 seconds, Stopping threads took: 0.0000603 seconds
2016-10-24T04:52:30.918+0800: 306.264: Total time for which application threads were stopped: 0.0001490 seconds, Stopping threads took: 0.0000362 seconds
2016-10-24T04:52:30.918+0800: 306.264: Total time for which application threads were stopped: 0.0001023 seconds, Stopping threads took: 0.0000259 seconds
2016-10-24T04:52:30.918+0800: 306.264: Total time for which application threads were stopped: 0.0000717 seconds, Stopping threads took: 0.0000077 seconds
2016-10-24T04:52:30.918+0800: 306.265: Total time for which application threads were stopped: 0.0000726 seconds, Stopping threads took: 0.0000080 seconds
2016-10-24T04:52:30.918+0800: 306.265: Total time for which application threads were stopped: 0.0000581 seconds, Stopping threads took: 0.0000094 seconds
2016-10-24T04:52:30.918+0800: 306.265: Total time for which application threads were stopped: 0.0000789 seconds, Stopping threads took: 0.0000473 seconds
{Heap before GC invocations=160 (full 8):
 par new generation   total 109248K, used 103615K [0x00000007a0000000, 0x00000007a8000000, 0x00000007a8000000)
  eden space 87424K, 100% used [0x00000007a0000000, 0x00000007a5560000, 0x00000007a5560000)
  from space 21824K,  74% used [0x00000007a5560000, 0x00000007a652ff80, 0x00000007a6ab0000)
  to   space 21824K,   0% used [0x00000007a6ab0000, 0x00000007a6ab0000, 0x00000007a8000000)
 concurrent mark-sweep generation total 393216K, used 176280K [0x00000007a8000000, 0x00000007c0000000, 0x00000007c0000000)
 Metaspace       used 34255K, capacity 34784K, committed 35196K, reserved 1081344K
  class space    used 4023K, capacity 4185K, committed 4220K, reserved 1048576K
2016-10-24T04:52:31.046+0800: 306.393: [GC (Allocation Failure) 2016-10-24T04:52:31.046+0800: 306.393: [ParNew
Desired survivor size 20112992 bytes, new threshold 8 (max 8)
- age   1:    4128560 bytes,    4128560 total
- age   2:    2546872 bytes,    6675432 total
- age   3:    2389632 bytes,    9065064 total
- age   4:     377584 bytes,    9442648 total
- age   5:      78752 bytes,    9521400 total
- age   7:        160 bytes,    9521560 total
- age   8:      14216 bytes,    9535776 total
: 103615K->19125K(109248K), 0.0127192 secs] 279896K->199638K(502464K), 0.0127856 secs] [Times: user=0.06 sys=0.00, real=0.01 secs] 
Heap after GC invocations=161 (full 8):
 par new generation   total 109248K, used 19125K [0x00000007a0000000, 0x00000007a8000000, 0x00000007a8000000)
  eden space 87424K,   0% used [0x00000007a0000000, 0x00000007a0000000, 0x00000007a5560000)
  from space 21824K,  87% used [0x00000007a6ab0000, 0x00000007a7d5d790, 0x00000007a8000000)
  to   space 21824K,   0% used [0x00000007a5560000, 0x00000007a5560000, 0x00000007a6ab0000)
 concurrent mark-sweep generation total 393216K, used 180512K [0x00000007a8000000, 0x00000007c0000000, 0x00000007c0000000)
 Metaspace       used 34255K, capacity 34784K, committed 35196K, reserved 1081344K
  class space    used 4023K, capacity 4185K, committed 4220K, reserved 1048576K
}
2016-10-24T04:52:31.059+0800: 306.405: Total time for which application threads were stopped: 0.0129652 seconds, Stopping threads took: 0.0000233 seconds
{Heap before GC invocations=161 (full 8):
 par new generation   total 109248K, used 106549K [0x00000007a0000000, 0x00000007a8000000, 0x00000007a8000000)
  eden space 87424K, 100% used [0x00000007a0000000, 0x00000007a5560000, 0x00000007a5560000)
  from space 21824K,  87% used [0x00000007a6ab0000, 0x00000007a7d5d790, 0x00000007a8000000)
  to   space 21824K,   0% used [0x00000007a5560000, 0x00000007a5560000, 0x00000007a6ab0000)
 concurrent mark-sweep generation total 393216K, used 180512K [0x00000007a8000000, 0x00000007c0000000, 0x00000007c0000000)
 Metaspace       used 34255K, capacity 34784K, committed 35196K, reserved 1081344K
  class space    used 4023K, capacity 4185K, committed 4220K, reserved 1048576K
2016-10-24T04:52:31.294+0800: 306.641: [GC (Allocation Failure) 2016-10-24T04:52:31.295+0800: 306.641: [ParNew
Desired survivor size 20112992 bytes, new threshold 8 (max 8)
- age   1:    6493352 bytes,    6493352 total
- age   2:    3081840 bytes,    9575192 total
- age   3:    2413664 bytes,   11988856 total
- age   4:    2389632 bytes,   14378488 total
- age   5:     377584 bytes,   14756072 total
- age   6:      78752 bytes,   14834824 total
- age   8:        160 bytes,   14834984 total
: 106549K->15185K(109248K), 0.0092368 secs] 287062K->195711K(502464K), 0.0093217 secs] [Times: user=0.04 sys=0.00, real=0.01 secs] 
Heap after GC invocations=162 (full 8):
 par new generation   total 109248K, used 15185K [0x00000007a0000000, 0x00000007a8000000, 0x00000007a8000000)
  eden space 87424K,   0% used [0x00000007a0000000, 0x00000007a0000000, 0x00000007a5560000)
  from space 21824K,  69% used [0x00000007a5560000, 0x00000007a6434460, 0x00000007a6ab0000)
  to   space 21824K,   0% used [0x00000007a6ab0000, 0x00000007a6ab0000, 0x00000007a8000000)
 concurrent mark-sweep generation total 393216K, used 180526K [0x00000007a8000000, 0x00000007c0000000, 0x00000007c0000000)
 Metaspace       used 34255K, capacity 34784K, committed 35196K, reserved 1081344K
  class space    used 4023K, capacity 4185K, committed 4220K, reserved 1048576K
}
2016-10-24T04:52:31.304+0800: 306.650: Total time for which application threads were stopped: 0.0094928 seconds, Stopping threads took: 0.0000192 seconds
{Heap before GC invocations=162 (full 8):
 par new generation   total 109248K, used 102609K [0x00000007a0000000, 0x00000007a8000000, 0x00000007a8000000)
  eden space 87424K, 100% used [0x00000007a0000000, 0x00000007a5560000, 0x00000007a5560000)
  from space 21824K,  69% used [0x00000007a5560000, 0x00000007a6434460, 0x00000007a6ab0000)
  to   space 21824K,   0% used [0x00000007a6ab0000, 0x00000007a6ab0000, 0x00000007a8000000)
 concurrent mark-sweep generation total 393216K, used 180526K [0x00000007a8000000, 0x00000007c0000000, 0x00000007c0000000)
 Metaspace       used 34255K, capacity 34784K, committed 35196K, reserved 1081344K
  class space    used 4023K, capacity 4185K, committed 4220K, reserved 1048576K
2016-10-24T04:52:31.547+0800: 306.894: [GC (Allocation Failure) 2016-10-24T04:52:31.547+0800: 306.894: [ParNew
Desired survivor size 20112992 bytes, new threshold 8 (max 8)
- age   1:    6405088 bytes,    6405088 total
- age   2:    5110688 bytes,   11515776 total
- age   3:    3052896 bytes,   14568672 total
- age   4:    2411888 bytes,   16980560 total
- age   5:    2388328 bytes,   19368888 total
- age   6:     377584 bytes,   19746472 total
- age   7:      78752 bytes,   19825224 total
: 102609K->21824K(109248K), 0.0122086 secs] 283135K->202364K(502464K), 0.0122841 secs] [Times: user=0.04 sys=0.00, real=0.02 secs] 
Heap after GC invocations=163 (full 8):
 par new generation   total 109248K, used 21824K [0x00000007a0000000, 0x00000007a8000000, 0x00000007a8000000)
  eden space 87424K,   0% used [0x00000007a0000000, 0x00000007a0000000, 0x00000007a5560000)
  from space 21824K, 100% used [0x00000007a6ab0000, 0x00000007a8000000, 0x00000007a8000000)
  to   space 21824K,   0% used [0x00000007a5560000, 0x00000007a5560000, 0x00000007a6ab0000)
 concurrent mark-sweep generation total 393216K, used 180540K [0x00000007a8000000, 0x00000007c0000000, 0x00000007c0000000)
 Metaspace       used 34255K, capacity 34784K, committed 35196K, reserved 1081344K
  class space    used 4023K, capacity 4185K, committed 4220K, reserved 1048576K
}
2016-10-24T04:52:31.560+0800: 306.906: Total time for which application threads were stopped: 0.0125421 seconds, Stopping threads took: 0.0000437 seconds
{Heap before GC invocations=163 (full 8):
 par new generation   total 109248K, used 109248K [0x00000007a0000000, 0x00000007a8000000, 0x00000007a8000000)
  eden space 87424K, 100% used [0x00000007a0000000, 0x00000007a5560000, 0x00000007a5560000)
  from space 21824K, 100% used [0x00000007a6ab0000, 0x00000007a8000000, 0x00000007a8000000)
  to   space 21824K,   0% used [0x00000007a5560000, 0x00000007a5560000, 0x00000007a6ab0000)
 concurrent mark-sweep generation total 393216K, used 180540K [0x00000007a8000000, 0x00000007c0000000, 0x00000007c0000000)
 Metaspace       used 34255K, capacity 34784K, committed 35196K, reserved 1081344K
  class space    used 4023K, capacity 4185K, committed 4220K, reserved 1048576K
2016-10-24T04:52:31.797+0800: 307.144: [GC (Allocation Failure) 2016-10-24T04:52:31.797+0800: 307.144: [ParNew
Desired survivor size 20112992 bytes, new threshold 6 (max 8)
- age   1:    6999552 bytes,    6999552 total
- age   2:    4077208 bytes,   11076760 total
- age   3:    3858712 bytes,   14935472 total
- age   4:    2637584 bytes,   17573056 total
- age   5:    2109776 bytes,   19682832 total
- age   6:    2256936 bytes,   21939768 total
- age   7:     377584 bytes,   22317352 total
- age   8:      78752 bytes,   22396104 total
: 109248K->21824K(109248K), 0.0168775 secs] 289788K->205129K(502464K), 0.0169470 secs] [Times: user=0.06 sys=0.00, real=0.02 secs] 
Heap after GC invocations=164 (full 8):
 par new generation   total 109248K, used 21824K [0x00000007a0000000, 0x00000007a8000000, 0x00000007a8000000)
  eden space 87424K,   0% used [0x00000007a0000000, 0x00000007a0000000, 0x00000007a5560000)
  from space 21824K, 100% used [0x00000007a5560000, 0x00000007a6ab0000, 0x00000007a6ab0000)
  to   space 21824K,   0% used [0x00000007a6ab0000, 0x00000007a6ab0000, 0x00000007a8000000)
 concurrent mark-sweep generation total 393216K, used 183305K [0x00000007a8000000, 0x00000007c0000000, 0x00000007c0000000)
 Metaspace       used 34255K, capacity 34784K, committed 35196K, reserved 1081344K
  class space    used 4023K, capacity 4185K, committed 4220K, reserved 1048576K
}
2016-10-24T04:52:31.814+0800: 307.161: Total time for which application threads were stopped: 0.0171157 seconds, Stopping threads took: 0.0000295 seconds
{Heap before GC invocations=164 (full 8):
 par new generation   total 109248K, used 109248K [0x00000007a0000000, 0x00000007a8000000, 0x00000007a8000000)
  eden space 87424K, 100% used [0x00000007a0000000, 0x00000007a5560000, 0x00000007a5560000)
  from space 21824K, 100% used [0x00000007a5560000, 0x00000007a6ab0000, 0x00000007a6ab0000)
  to   space 21824K,   0% used [0x00000007a6ab0000, 0x00000007a6ab0000, 0x00000007a8000000)
 concurrent mark-sweep generation total 393216K, used 183305K [0x00000007a8000000, 0x00000007c0000000, 0x00000007c0000000)
 Metaspace       used 34255K, capacity 34784K, committed 35196K, reserved 1081344K
  class space    used 4023K, capacity 4185K, committed 4220K, reserved 1048576K
2016-10-24T04:52:32.050+0800: 307.397: [GC (Allocation Failure) 2016-10-24T04:52:32.050+0800: 307.397: [ParNew
Desired survivor size 20112992 bytes, new threshold 8 (max 8)
- age   1:    5211528 bytes,    5211528 total
- age   2:    3587816 bytes,    8799344 total
- age   3:    3575408 bytes,   12374752 total
- age   4:    3132144 bytes,   15506896 total
- age   5:    2388976 bytes,   17895872 total
- age   6:    1645928 bytes,   19541800 total
: 109248K->21824K(109248K), 0.0167627 secs] 292553K->212833K(502464K), 0.0168188 secs] [Times: user=0.06 sys=0.00, real=0.01 secs] 
Heap after GC invocations=165 (full 8):
 par new generation   total 109248K, used 21824K [0x00000007a0000000, 0x00000007a8000000, 0x00000007a8000000)
  eden space 87424K,   0% used [0x00000007a0000000, 0x00000007a0000000, 0x00000007a5560000)
  from space 21824K, 100% used [0x00000007a6ab0000, 0x00000007a8000000, 0x00000007a8000000)
  to   space 21824K,   0% used [0x00000007a5560000, 0x00000007a5560000, 0x00000007a6ab0000)
 concurrent mark-sweep generation total 393216K, used 191009K [0x00000007a8000000, 0x00000007c0000000, 0x00000007c0000000)
 Metaspace       used 34255K, capacity 34784K, committed 35196K, reserved 1081344K
  class space    used 4023K, capacity 4185K, committed 4220K, reserved 1048576K
}
2016-10-24T04:52:32.067+0800: 307.413: Total time for which application threads were stopped: 0.0169894 seconds, Stopping threads took: 0.0000247 seconds
{Heap before GC invocations=165 (full 8):
 par new generation   total 109248K, used 109248K [0x00000007a0000000, 0x00000007a8000000, 0x00000007a8000000)
  eden space 87424K, 100% used [0x00000007a0000000, 0x00000007a5560000, 0x00000007a5560000)
  from space 21824K, 100% used [0x00000007a6ab0000, 0x00000007a8000000, 0x00000007a8000000)
  to   space 21824K,   0% used [0x00000007a5560000, 0x00000007a5560000, 0x00000007a6ab0000)
 concurrent mark-sweep generation total 393216K, used 191009K [0x00000007a8000000, 0x00000007c0000000, 0x00000007c0000000)
 Metaspace       used 34255K, capacity 34784K, committed 35196K, reserved 1081344K
  class space    used 4023K, capacity 4185K, committed 4220K, reserved 1048576K
2016-10-24T04:52:32.304+0800: 307.651: [GC (Allocation Failure) 2016-10-24T04:52:32.304+0800: 307.651: [ParNew
Desired survivor size 20112992 bytes, new threshold 7 (max 8)
- age   1:    6821968 bytes,    6821968 total
- age   2:    3292912 bytes,   10114880 total
- age   3:    2794712 bytes,   12909592 total
- age   4:    2313600 bytes,   15223192 total
- age   5:    2740240 bytes,   17963432 total
- age   6:    2117256 bytes,   20080688 total
- age   7:    1457712 bytes,   21538400 total
: 109248K->21824K(109248K), 0.0154771 secs] 300257K->217814K(502464K), 0.0155436 secs] [Times: user=0.06 sys=0.00, real=0.02 secs] 
Heap after GC invocations=166 (full 8):
 par new generation   total 109248K, used 21824K [0x00000007a0000000, 0x00000007a8000000, 0x00000007a8000000)
  eden space 87424K,   0% used [0x00000007a0000000, 0x00000007a0000000, 0x00000007a5560000)
  from space 21824K, 100% used [0x00000007a5560000, 0x00000007a6ab0000, 0x00000007a6ab0000)
  to   space 21824K,   0% used [0x00000007a6ab0000, 0x00000007a6ab0000, 0x00000007a8000000)
 concurrent mark-sweep generation total 393216K, used 195990K [0x00000007a8000000, 0x00000007c0000000, 0x00000007c0000000)
 Metaspace       used 34255K, capacity 34784K, committed 35196K, reserved 1081344K
  class space    used 4023K, capacity 4185K, committed 4220K, reserved 1048576K
}
2016-10-24T04:52:32.320+0800: 307.666: Total time for which application threads were stopped: 0.0157609 seconds, Stopping threads took: 0.0000307 seconds
{Heap before GC invocations=166 (full 8):
 par new generation   total 109248K, used 109248K [0x00000007a0000000, 0x00000007a8000000, 0x00000007a8000000)
  eden space 87424K, 100% used [0x00000007a0000000, 0x00000007a5560000, 0x00000007a5560000)
  from space 21824K, 100% used [0x00000007a5560000, 0x00000007a6ab0000, 0x00000007a6ab0000)
  to   space 21824K,   0% used [0x00000007a6ab0000, 0x00000007a6ab0000, 0x00000007a8000000)
 concurrent mark-sweep generation total 393216K, used 195990K [0x00000007a8000000, 0x00000007c0000000, 0x00000007c0000000)
 Metaspace       used 34255K, capacity 34784K, committed 35196K, reserved 1081344K
  class space    used 4023K, capacity 4185K, committed 4220K, reserved 1048576K
2016-10-24T04:52:32.575+0800: 307.921: [GC (Allocation Failure) 2016-10-24T04:52:32.575+0800: 307.921: [ParNew
Desired survivor size 20112992 bytes, new threshold 8 (max 8)
- age   1:    6850200 bytes,    6850200 total
- age   2:    2924416 bytes,    9774616 total
- age   3:    2342360 bytes,   12116976 total
- age   4:    1931208 bytes,   14048184 total
- age   5:    1488264 bytes,   15536448 total
- age   6:    2083112 bytes,   17619560 total
- age   7:    2017928 bytes,   19637488 total
: 109248K->21824K(109248K), 0.0148717 secs] 305238K->224336K(502464K), 0.0149346 secs] [Times: user=0.06 sys=0.00, real=0.02 secs] 
Heap after GC invocations=167 (full 8):
 par new generation   total 109248K, used 21824K [0x00000007a0000000, 0x00000007a8000000, 0x00000007a8000000)
  eden space 87424K,   0% used [0x00000007a0000000, 0x00000007a0000000, 0x00000007a5560000)
  from space 21824K, 100% used [0x00000007a6ab0000, 0x00000007a8000000, 0x00000007a8000000)
  to   space 21824K,   0% used [0x00000007a5560000, 0x00000007a5560000, 0x00000007a6ab0000)
 concurrent mark-sweep generation total 393216K, used 202512K [0x00000007a8000000, 0x00000007c0000000, 0x00000007c0000000)
 Metaspace       used 34255K, capacity 34784K, committed 35196K, reserved 1081344K
  class space    used 4023K, capacity 4185K, committed 4220K, reserved 1048576K
}
2016-10-24T04:52:32.590+0800: 307.936: Total time for which application threads were stopped: 0.0151064 seconds, Stopping threads took: 0.0000326 seconds
2016-10-24T04:52:32.590+0800: 307.936: [GC (CMS Initial Mark) [1 CMS-initial-mark: 202512K(393216K)] 226067K(502464K), 0.0054059 secs] [Times: user=0.01 sys=0.00, real=0.00 secs] 
2016-10-24T04:52:32.595+0800: 307.942: Total time for which application threads were stopped: 0.0055760 seconds, Stopping threads took: 0.0000562 seconds
2016-10-24T04:52:32.595+0800: 307.942: [CMS-concurrent-mark-start]
2016-10-24T04:52:32.609+0800: 307.956: [CMS-concurrent-mark: 0.014/0.014 secs] [Times: user=0.07 sys=0.00, real=0.01 secs] 
2016-10-24T04:52:32.610+0800: 307.956: [CMS-concurrent-preclean-start]
2016-10-24T04:52:32.611+0800: 307.957: [CMS-concurrent-preclean: 0.001/0.001 secs] [Times: user=0.00 sys=0.00, real=0.00 secs] 
2016-10-24T04:52:32.611+0800: 307.957: [CMS-concurrent-abortable-preclean-start]
2016-10-24T04:52:32.806+0800: 308.152: [CMS-concurrent-abortable-preclean: 0.194/0.195 secs] [Times: user=0.39 sys=0.00, real=0.19 secs] 
2016-10-24T04:52:32.806+0800: 308.153: [GC (CMS Final Remark) [YG occupancy: 96969 K (109248 K)]{Heap before GC invocations=167 (full 9):
 par new generation   total 109248K, used 96969K [0x00000007a0000000, 0x00000007a8000000, 0x00000007a8000000)
  eden space 87424K,  85% used [0x00000007a0000000, 0x00000007a4962610, 0x00000007a5560000)
  from space 21824K, 100% used [0x00000007a6ab0000, 0x00000007a8000000, 0x00000007a8000000)
  to   space 21824K,   0% used [0x00000007a5560000, 0x00000007a5560000, 0x00000007a6ab0000)
 concurrent mark-sweep generation total 393216K, used 202512K [0x00000007a8000000, 0x00000007c0000000, 0x00000007c0000000)
 Metaspace       used 34255K, capacity 34784K, committed 35196K, reserved 1081344K
  class space    used 4023K, capacity 4185K, committed 4220K, reserved 1048576K
2016-10-24T04:52:32.806+0800: 308.153: [GC (CMS Final Remark) 2016-10-24T04:52:32.806+0800: 308.153: [ParNew
Desired survivor size 20112992 bytes, new threshold 8 (max 8)
- age   1:    8173024 bytes,    8173024 total
- age   2:    3153232 bytes,   11326256 total
- age   3:    2070608 bytes,   13396864 total
- age   4:    2180256 bytes,   15577120 total
- age   5:    1291640 bytes,   16868760 total
- age   6:    1340816 bytes,   18209576 total
- age   7:    1739840 bytes,   19949416 total
- age   8:    1613488 bytes,   21562904 total
: 96969K->21824K(109248K), 0.0158083 secs] 299482K->228460K(502464K), 0.0158564 secs] [Times: user=0.06 sys=0.00, real=0.02 secs] 
Heap after GC invocations=168 (full 9):
 par new generation   total 109248K, used 21824K [0x00000007a0000000, 0x00000007a8000000, 0x00000007a8000000)
  eden space 87424K,   0% used [0x00000007a0000000, 0x00000007a0000000, 0x00000007a5560000)
  from space 21824K, 100% used [0x00000007a5560000, 0x00000007a6ab0000, 0x00000007a6ab0000)
  to   space 21824K,   0% used [0x00000007a6ab0000, 0x00000007a6ab0000, 0x00000007a8000000)
 concurrent mark-sweep generation total 393216K, used 206636K [0x00000007a8000000, 0x00000007c0000000, 0x00000007c0000000)
 Metaspace       used 34255K, capacity 34784K, committed 35196K, reserved 1081344K
  class space    used 4023K, capacity 4185K, committed 4220K, reserved 1048576K
}
2016-10-24T04:52:32.822+0800: 308.169: [Rescan (parallel) , 0.0056541 secs]2016-10-24T04:52:32.828+0800: 308.174: [weak refs processing, 0.0009092 secs]2016-10-24T04:52:32.829+0800: 308.175: [class unloading, 0.0070928 secs]2016-10-24T04:52:32.836+0800: 308.182: [scrub symbol table, 0.0049217 secs]2016-10-24T04:52:32.841+0800: 308.187: [scrub string table, 0.0005150 secs][1 CMS-remark: 206636K(393216K)] 228460K(502464K), 0.0351939 secs] [Times: user=0.10 sys=0.00, real=0.04 secs] 
2016-10-24T04:52:32.841+0800: 308.188: Total time for which application threads were stopped: 0.0354247 seconds, Stopping threads took: 0.0001102 seconds
2016-10-24T04:52:32.842+0800: 308.188: [CMS-concurrent-sweep-start]
2016-10-24T04:52:32.950+0800: 308.297: [CMS-concurrent-sweep: 0.108/0.108 secs] [Times: user=0.21 sys=0.00, real=0.11 secs] 
2016-10-24T04:52:32.950+0800: 308.297: [CMS-concurrent-reset-start]
2016-10-24T04:52:32.950+0800: 308.297: [CMS-concurrent-reset: 0.000/0.000 secs] [Times: user=0.00 sys=0.00, real=0.00 secs] 
{Heap before GC invocations=168 (full 9):
 par new generation   total 109248K, used 109248K [0x00000007a0000000, 0x00000007a8000000, 0x00000007a8000000)
  eden space 87424K, 100% used [0x00000007a0000000, 0x00000007a5560000, 0x00000007a5560000)
  from space 21824K, 100% used [0x00000007a5560000, 0x00000007a6ab0000, 0x00000007a6ab0000)
  to   space 21824K,   0% used [0x00000007a6ab0000, 0x00000007a6ab0000, 0x00000007a8000000)
 concurrent mark-sweep generation total 393216K, used 68404K [0x00000007a8000000, 0x00000007c0000000, 0x00000007c0000000)
 Metaspace       used 34255K, capacity 34784K, committed 35196K, reserved 1081344K
  class space    used 4023K, capacity 4185K, committed 4220K, reserved 1048576K
2016-10-24T04:52:33.081+0800: 308.428: [GC (Allocation Failure) 2016-10-24T04:52:33.081+0800: 308.428: [ParNew
Desired survivor size 20112992 bytes, new threshold 8 (max 8)
- age   1:    6273704 bytes,    6273704 total
- age   2:    5141376 bytes,   11415080 total
- age   3:    2501752 bytes,   13916832 total
- age   4:    1697280 bytes,   15614112 total
- age   5:    1897768 bytes,   17511880 total
- age   6:    1087536 bytes,   18599416 total
- age   7:    1134344 bytes,   19733760 total
- age   8:    1528152 bytes,   21261912 total
: 109248K->21824K(109248K), 0.0215701 secs] 177652K->96451K(502464K), 0.0216360 secs] [Times: user=0.08 sys=0.01, real=0.02 secs] 
Heap after GC invocations=169 (full 9):
 par new generation   total 109248K, used 21824K [0x00000007a0000000, 0x00000007a8000000, 0x00000007a8000000)
  eden space 87424K,   0% used [0x00000007a0000000, 0x00000007a0000000, 0x00000007a5560000)
  from space 21824K, 100% used [0x00000007a6ab0000, 0x00000007a8000000, 0x00000007a8000000)
  to   space 21824K,   0% used [0x00000007a5560000, 0x00000007a5560000, 0x00000007a6ab0000)
 concurrent mark-sweep generation total 393216K, used 74627K [0x00000007a8000000, 0x00000007c0000000, 0x00000007c0000000)
 Metaspace       used 34255K, capacity 34784K, committed 35196K, reserved 1081344K
  class space    used 4023K, capacity 4185K, committed 4220K, reserved 1048576K
}
2016-10-24T04:52:33.103+0800: 308.449: Total time for which application threads were stopped: 0.0218337 seconds, Stopping threads took: 0.0000299 seconds
{Heap before GC invocations=169 (full 9):
 par new generation   total 109248K, used 109248K [0x00000007a0000000, 0x00000007a8000000, 0x00000007a8000000)
  eden space 87424K, 100% used [0x00000007a0000000, 0x00000007a5560000, 0x00000007a5560000)
  from space 21824K, 100% used [0x00000007a6ab0000, 0x00000007a8000000, 0x00000007a8000000)
  to   space 21824K,   0% used [0x00000007a5560000, 0x00000007a5560000, 0x00000007a6ab0000)
 concurrent mark-sweep generation total 393216K, used 74627K [0x00000007a8000000, 0x00000007c0000000, 0x00000007c0000000)
 Metaspace       used 34255K, capacity 34784K, committed 35196K, reserved 1081344K
  class space    used 4023K, capacity 4185K, committed 4220K, reserved 1048576K
2016-10-24T04:52:33.348+0800: 308.695: [GC (Allocation Failure) 2016-10-24T04:52:33.348+0800: 308.695: [ParNew
Desired survivor size 20112992 bytes, new threshold 7 (max 8)
- age   1:    7583736 bytes,    7583736 total
- age   2:    3027392 bytes,   10611128 total
- age   3:    4511712 bytes,   15122840 total
- age   4:    2060176 bytes,   17183016 total
- age   5:    1349024 bytes,   18532040 total
- age   6:    1072776 bytes,   19604816 total
- age   7:     840096 bytes,   20444912 total
- age   8:     885760 bytes,   21330672 total
: 109248K->21824K(109248K), 0.0224797 secs] 183875K->103150K(502464K), 0.0225412 secs] [Times: user=0.09 sys=0.00, real=0.03 secs] 
Heap after GC invocations=170 (full 9):
 par new generation   total 109248K, used 21824K [0x00000007a0000000, 0x00000007a8000000, 0x00000007a8000000)
  eden space 87424K,   0% used [0x00000007a0000000, 0x00000007a0000000, 0x00000007a5560000)
  from space 21824K, 100% used [0x00000007a5560000, 0x00000007a6ab0000, 0x00000007a6ab0000)
  to   space 21824K,   0% used [0x00000007a6ab0000, 0x00000007a6ab0000, 0x00000007a8000000)
 concurrent mark-sweep generation total 393216K, used 81326K [0x00000007a8000000, 0x00000007c0000000, 0x00000007c0000000)
 Metaspace       used 34255K, capacity 34784K, committed 35196K, reserved 1081344K
  class space    used 4023K, capacity 4185K, committed 4220K, reserved 1048576K
}
2016-10-24T04:52:33.371+0800: 308.717: Total time for which application threads were stopped: 0.0227073 seconds, Stopping threads took: 0.0000319 seconds
{Heap before GC invocations=170 (full 9):
 par new generation   total 109248K, used 109248K [0x00000007a0000000, 0x00000007a8000000, 0x00000007a8000000)
  eden space 87424K, 100% used [0x00000007a0000000, 0x00000007a5560000, 0x00000007a5560000)
  from space 21824K, 100% used [0x00000007a5560000, 0x00000007a6ab0000, 0x00000007a6ab0000)
  to   space 21824K,   0% used [0x00000007a6ab0000, 0x00000007a6ab0000, 0x00000007a8000000)
 concurrent mark-sweep generation total 393216K, used 81326K [0x00000007a8000000, 0x00000007c0000000, 0x00000007c0000000)
 Metaspace       used 34255K, capacity 34784K, committed 35196K, reserved 1081344K
  class space    used 4023K, capacity 4185K, committed 4220K, reserved 1048576K
2016-10-24T04:52:33.614+0800: 308.960: [GC (Allocation Failure) 2016-10-24T04:52:33.614+0800: 308.960: [ParNew
Desired survivor size 20112992 bytes, new threshold 6 (max 8)
- age   1:    7127824 bytes,    7127824 total
- age   2:    4003952 bytes,   11131776 total
- age   3:    2353024 bytes,   13484800 total
- age   4:    4199992 bytes,   17684792 total
- age   5:    1663856 bytes,   19348648 total
- age   6:    1107752 bytes,   20456400 total
- age   7:     857280 bytes,   21313680 total
: 109248K->21824K(109248K), 0.0204319 secs] 190574K->111867K(502464K), 0.0204880 secs] [Times: user=0.07 sys=0.00, real=0.02 secs] 
Heap after GC invocations=171 (full 9):
 par new generation   total 109248K, used 21824K [0x00000007a0000000, 0x00000007a8000000, 0x00000007a8000000)
  eden space 87424K,   0% used [0x00000007a0000000, 0x00000007a0000000, 0x00000007a5560000)
  from space 21824K, 100% used [0x00000007a6ab0000, 0x00000007a8000000, 0x00000007a8000000)
  to   space 21824K,   0% used [0x00000007a5560000, 0x00000007a5560000, 0x00000007a6ab0000)
 concurrent mark-sweep generation total 393216K, used 90043K [0x00000007a8000000, 0x00000007c0000000, 0x00000007c0000000)
 Metaspace       used 34255K, capacity 34784K, committed 35196K, reserved 1081344K
  class space    used 4023K, capacity 4185K, committed 4220K, reserved 1048576K
}
2016-10-24T04:52:33.634+0800: 308.981: Total time for which application threads were stopped: 0.0206685 seconds, Stopping threads took: 0.0000301 seconds
{Heap before GC invocations=171 (full 9):
 par new generation   total 109248K, used 109248K [0x00000007a0000000, 0x00000007a8000000, 0x00000007a8000000)
  eden space 87424K, 100% used [0x00000007a0000000, 0x00000007a5560000, 0x00000007a5560000)
  from space 21824K, 100% used [0x00000007a6ab0000, 0x00000007a8000000, 0x00000007a8000000)
  to   space 21824K,   0% used [0x00000007a5560000, 0x00000007a5560000, 0x00000007a6ab0000)
 concurrent mark-sweep generation total 393216K, used 90043K [0x00000007a8000000, 0x00000007c0000000, 0x00000007c0000000)
 Metaspace       used 34255K, capacity 34784K, committed 35196K, reserved 1081344K
  class space    used 4023K, capacity 4185K, committed 4220K, reserved 1048576K
2016-10-24T04:52:33.876+0800: 309.223: [GC (Allocation Failure) 2016-10-24T04:52:33.876+0800: 309.223: [ParNew
Desired survivor size 20112992 bytes, new threshold 6 (max 8)
- age   1:    6237728 bytes,    6237728 total
- age   2:    4029824 bytes,   10267552 total
- age   3:    3573936 bytes,   13841488 total
- age   4:    2124776 bytes,   15966264 total
- age   5:    3993840 bytes,   19960104 total
- age   6:    1463096 bytes,   21423200 total
: 109248K->21824K(109248K), 0.0176155 secs] 199291K->118167K(502464K), 0.0176936 secs] [Times: user=0.07 sys=0.01, real=0.02 secs] 
Heap after GC invocations=172 (full 9):
 par new generation   total 109248K, used 21824K [0x00000007a0000000, 0x00000007a8000000, 0x00000007a8000000)
  eden space 87424K,   0% used [0x00000007a0000000, 0x00000007a0000000, 0x00000007a5560000)
  from space 21824K, 100% used [0x00000007a5560000, 0x00000007a6ab0000, 0x00000007a6ab0000)
  to   space 21824K,   0% used [0x00000007a6ab0000, 0x00000007a6ab0000, 0x00000007a8000000)
 concurrent mark-sweep generation total 393216K, used 96343K [0x00000007a8000000, 0x00000007c0000000, 0x00000007c0000000)
 Metaspace       used 34255K, capacity 34784K, committed 35196K, reserved 1081344K
  class space    used 4023K, capacity 4185K, committed 4220K, reserved 1048576K
}
2016-10-24T04:52:33.894+0800: 309.240: Total time for which application threads were stopped: 0.0178671 seconds, Stopping threads took: 0.0000205 seconds
{Heap before GC invocations=172 (full 9):
 par new generation   total 109248K, used 108905K [0x00000007a0000000, 0x00000007a8000000, 0x00000007a8000000)
  eden space 87424K,  99% used [0x00000007a0000000, 0x00000007a550a4f0, 0x00000007a5560000)
  from space 21824K, 100% used [0x00000007a5560000, 0x00000007a6ab0000, 0x00000007a6ab0000)
  to   space 21824K,   0% used [0x00000007a6ab0000, 0x00000007a6ab0000, 0x00000007a8000000)
 concurrent mark-sweep generation total 393216K, used 96343K [0x00000007a8000000, 0x00000007c0000000, 0x00000007c0000000)
 Metaspace       used 34255K, capacity 34784K, committed 35196K, reserved 1081344K
  class space    used 4023K, capacity 4185K, committed 4220K, reserved 1048576K
2016-10-24T04:52:34.150+0800: 309.496: [GC (Allocation Failure) 2016-10-24T04:52:34.150+0800: 309.496: [ParNew
Desired survivor size 20112992 bytes, new threshold 8 (max 8)
- age   1:    4019656 bytes,    4019656 total
- age   2:    3783592 bytes,    7803248 total
- age   3:    2604256 bytes,   10407504 total
- age   4:    3518888 bytes,   13926392 total
- age   5:    2073304 bytes,   15999696 total
- age   6:    3956800 bytes,   19956496 total
: 108905K->21824K(109248K), 0.0193853 secs] 205248K->124997K(502464K), 0.0194594 secs] [Times: user=0.07 sys=0.00, real=0.01 secs] 
Heap after GC invocations=173 (full 9):
 par new generation   total 109248K, used 21824K [0x00000007a0000000, 0x00000007a8000000, 0x00000007a8000000)
  eden space 87424K,   0% used [0x00000007a0000000, 0x00000007a0000000, 0x00000007a5560000)
  from space 21824K, 100% used [0x00000007a6ab0000, 0x00000007a8000000, 0x00000007a8000000)
  to   space 21824K,   0% used [0x00000007a5560000, 0x00000007a5560000, 0x00000007a6ab0000)
 concurrent mark-sweep generation total 393216K, used 103173K [0x00000007a8000000, 0x00000007c0000000, 0x00000007c0000000)
 Metaspace       used 34255K, capacity 34784K, committed 35196K, reserved 1081344K
  class space    used 4023K, capacity 4185K, committed 4220K, reserved 1048576K
}
2016-10-24T04:52:34.169+0800: 309.516: Total time for which application threads were stopped: 0.0196678 seconds, Stopping threads took: 0.0000254 seconds
{Heap before GC invocations=173 (full 9):
 par new generation   total 109248K, used 109248K [0x00000007a0000000, 0x00000007a8000000, 0x00000007a8000000)
  eden space 87424K, 100% used [0x00000007a0000000, 0x00000007a5560000, 0x00000007a5560000)
  from space 21824K, 100% used [0x00000007a6ab0000, 0x00000007a8000000, 0x00000007a8000000)
  to   space 21824K,   0% used [0x00000007a5560000, 0x00000007a5560000, 0x00000007a6ab0000)
 concurrent mark-sweep generation total 393216K, used 103173K [0x00000007a8000000, 0x00000007c0000000, 0x00000007c0000000)
 Metaspace       used 34255K, capacity 34784K, committed 35196K, reserved 1081344K
  class space    used 4023K, capacity 4185K, committed 4220K, reserved 1048576K
2016-10-24T04:52:34.413+0800: 309.760: [GC (Allocation Failure) 2016-10-24T04:52:34.413+0800: 309.760: [ParNew
Desired survivor size 20112992 bytes, new threshold 7 (max 8)
- age   1:    6814880 bytes,    6814880 total
- age   2:    2164168 bytes,    8979048 total
- age   3:    2457304 bytes,   11436352 total
- age   4:    1801968 bytes,   13238320 total
- age   5:    3000368 bytes,   16238688 total
- age   6:    1960720 bytes,   18199408 total
- age   7:    3559368 bytes,   21758776 total
: 109248K->21824K(109248K), 0.0214307 secs] 212421K->131391K(502464K), 0.0215088 secs] [Times: user=0.08 sys=0.00, real=0.02 secs] 
Heap after GC invocations=174 (full 9):
 par new generation   total 109248K, used 21824K [0x00000007a0000000, 0x00000007a8000000, 0x00000007a8000000)
  eden space 87424K,   0% used [0x00000007a0000000, 0x00000007a0000000, 0x00000007a5560000)
  from space 21824K, 100% used [0x00000007a5560000, 0x00000007a6ab0000, 0x00000007a6ab0000)
  to   space 21824K,   0% used [0x00000007a6ab0000, 0x00000007a6ab0000, 0x00000007a8000000)
 concurrent mark-sweep generation total 393216K, used 109567K [0x00000007a8000000, 0x00000007c0000000, 0x00000007c0000000)
 Metaspace       used 34255K, capacity 34784K, committed 35196K, reserved 1081344K
  class space    used 4023K, capacity 4185K, committed 4220K, reserved 1048576K
}
2016-10-24T04:52:34.435+0800: 309.782: Total time for which application threads were stopped: 0.0216970 seconds, Stopping threads took: 0.0000294 seconds
{Heap before GC invocations=174 (full 9):
 par new generation   total 109248K, used 109248K [0x00000007a0000000, 0x00000007a8000000, 0x00000007a8000000)
  eden space 87424K, 100% used [0x00000007a0000000, 0x00000007a5560000, 0x00000007a5560000)
  from space 21824K, 100% used [0x00000007a5560000, 0x00000007a6ab0000, 0x00000007a6ab0000)
  to   space 21824K,   0% used [0x00000007a6ab0000, 0x00000007a6ab0000, 0x00000007a8000000)
 concurrent mark-sweep generation total 393216K, used 109567K [0x00000007a8000000, 0x00000007c0000000, 0x00000007c0000000)
 Metaspace       used 34255K, capacity 34784K, committed 35196K, reserved 1081344K
  class space    used 4023K, capacity 4185K, committed 4220K, reserved 1048576K
2016-10-24T04:52:34.699+0800: 310.046: [GC (Allocation Failure) 2016-10-24T04:52:34.700+0800: 310.046: [ParNew
Desired survivor size 20112992 bytes, new threshold 6 (max 8)
- age   1:    8995184 bytes,    8995184 total
- age   2:    4089328 bytes,   13084512 total
- age   3:    1882488 bytes,   14967000 total
- age   4:    1770504 bytes,   16737504 total
- age   5:    1616096 bytes,   18353600 total
- age   6:    1825192 bytes,   20178792 total
- age   7:    1837096 bytes,   22015888 total
: 109248K->21824K(109248K), 0.0186107 secs] 218815K->141346K(502464K), 0.0186840 secs] [Times: user=0.07 sys=0.01, real=0.02 secs] 
Heap after GC invocations=175 (full 9):
 par new generation   total 109248K, used 21824K [0x00000007a0000000, 0x00000007a8000000, 0x00000007a8000000)
  eden space 87424K,   0% used [0x00000007a0000000, 0x00000007a0000000, 0x00000007a5560000)
  from space 21824K, 100% used [0x00000007a6ab0000, 0x00000007a8000000, 0x00000007a8000000)
  to   space 21824K,   0% used [0x00000007a5560000, 0x00000007a5560000, 0x00000007a6ab0000)
 concurrent mark-sweep generation total 393216K, used 119522K [0x00000007a8000000, 0x00000007c0000000, 0x00000007c0000000)
 Metaspace       used 34255K, capacity 34784K, committed 35196K, reserved 1081344K
  class space    used 4023K, capacity 4185K, committed 4220K, reserved 1048576K
}
2016-10-24T04:52:34.718+0800: 310.065: Total time for which application threads were stopped: 0.0188800 seconds, Stopping threads took: 0.0000295 seconds
{Heap before GC invocations=175 (full 9):
 par new generation   total 109248K, used 109248K [0x00000007a0000000, 0x00000007a8000000, 0x00000007a8000000)
  eden space 87424K, 100% used [0x00000007a0000000, 0x00000007a5560000, 0x00000007a5560000)
  from space 21824K, 100% used [0x00000007a6ab0000, 0x00000007a8000000, 0x00000007a8000000)
  to   space 21824K,   0% used [0x00000007a5560000, 0x00000007a5560000, 0x00000007a6ab0000)
 concurrent mark-sweep generation total 393216K, used 119522K [0x00000007a8000000, 0x00000007c0000000, 0x00000007c0000000)
 Metaspace       used 34255K, capacity 34784K, committed 35196K, reserved 1081344K
  class space    used 4023K, capacity 4185K, committed 4220K, reserved 1048576K
2016-10-24T04:52:34.973+0800: 310.320: [GC (Allocation Failure) 2016-10-24T04:52:34.973+0800: 310.320: [ParNew
Desired survivor size 20112992 bytes, new threshold 8 (max 8)
- age   1:    5132136 bytes,    5132136 total
- age   2:    7603648 bytes,   12735784 total
- age   3:    2345600 bytes,   15081384 total
- age   4:    1527136 bytes,   16608520 total
- age   5:    1185400 bytes,   17793920 total
- age   6:    1398432 bytes,   19192352 total
: 109248K->21824K(109248K), 0.0212338 secs] 228770K->150125K(502464K), 0.0213103 secs] [Times: user=0.08 sys=0.00, real=0.02 secs] 
Heap after GC invocations=176 (full 9):
 par new generation   total 109248K, used 21824K [0x00000007a0000000, 0x00000007a8000000, 0x00000007a8000000)
  eden space 87424K,   0% used [0x00000007a0000000, 0x00000007a0000000, 0x00000007a5560000)
  from space 21824K, 100% used [0x00000007a5560000, 0x00000007a6ab0000, 0x00000007a6ab0000)
  to   space 21824K,   0% used [0x00000007a6ab0000, 0x00000007a6ab0000, 0x00000007a8000000)
 concurrent mark-sweep generation total 393216K, used 128301K [0x00000007a8000000, 0x00000007c0000000, 0x00000007c0000000)
 Metaspace       used 34255K, capacity 34784K, committed 35196K, reserved 1081344K
  class space    used 4023K, capacity 4185K, committed 4220K, reserved 1048576K
}
2016-10-24T04:52:34.995+0800: 310.341: Total time for which application threads were stopped: 0.0214796 seconds, Stopping threads took: 0.0000301 seconds
{Heap before GC invocations=176 (full 9):
 par new generation   total 109248K, used 109248K [0x00000007a0000000, 0x00000007a8000000, 0x00000007a8000000)
  eden space 87424K, 100% used [0x00000007a0000000, 0x00000007a5560000, 0x00000007a5560000)
  from space 21824K, 100% used [0x00000007a5560000, 0x00000007a6ab0000, 0x00000007a6ab0000)
  to   space 21824K,   0% used [0x00000007a6ab0000, 0x00000007a6ab0000, 0x00000007a8000000)
 concurrent mark-sweep generation total 393216K, used 128301K [0x00000007a8000000, 0x00000007c0000000, 0x00000007c0000000)
 Metaspace       used 34255K, capacity 34784K, committed 35196K, reserved 1081344K
  class space    used 4023K, capacity 4185K, committed 4220K, reserved 1048576K
2016-10-24T04:52:35.236+0800: 310.583: [GC (Allocation Failure) 2016-10-24T04:52:35.236+0800: 310.583: [ParNew
Desired survivor size 20112992 bytes, new threshold 7 (max 8)
- age   1:    7163048 bytes,    7163048 total
- age   2:    4652200 bytes,   11815248 total
- age   3:    3976432 bytes,   15791680 total
- age   4:    1752576 bytes,   17544256 total
- age   5:    1430280 bytes,   18974536 total
- age   6:    1097240 bytes,   20071776 total
- age   7:    1367984 bytes,   21439760 total
: 109248K->21824K(109248K), 0.0163362 secs] 237549K->155265K(502464K), 0.0164129 secs] [Times: user=0.06 sys=0.00, real=0.02 secs] 
Heap after GC invocations=177 (full 9):
 par new generation   total 109248K, used 21824K [0x00000007a0000000, 0x00000007a8000000, 0x00000007a8000000)
  eden space 87424K,   0% used [0x00000007a0000000, 0x00000007a0000000, 0x00000007a5560000)
  from space 21824K, 100% used [0x00000007a6ab0000, 0x00000007a8000000, 0x00000007a8000000)
  to   space 21824K,   0% used [0x00000007a5560000, 0x00000007a5560000, 0x00000007a6ab0000)
 concurrent mark-sweep generation total 393216K, used 133441K [0x00000007a8000000, 0x00000007c0000000, 0x00000007c0000000)
 Metaspace       used 34255K, capacity 34784K, committed 35196K, reserved 1081344K
  class space    used 4023K, capacity 4185K, committed 4220K, reserved 1048576K
}
2016-10-24T04:52:35.253+0800: 310.599: Total time for which application threads were stopped: 0.0165787 seconds, Stopping threads took: 0.0000300 seconds
{Heap before GC invocations=177 (full 9):
 par new generation   total 109248K, used 109248K [0x00000007a0000000, 0x00000007a8000000, 0x00000007a8000000)
  eden space 87424K, 100% used [0x00000007a0000000, 0x00000007a5560000, 0x00000007a5560000)
  from space 21824K, 100% used [0x00000007a6ab0000, 0x00000007a8000000, 0x00000007a8000000)
  to   space 21824K,   0% used [0x00000007a5560000, 0x00000007a5560000, 0x00000007a6ab0000)
 concurrent mark-sweep generation total 393216K, used 133441K [0x00000007a8000000, 0x00000007c0000000, 0x00000007c0000000)
 Metaspace       used 34255K, capacity 34784K, committed 35196K, reserved 1081344K
  class space    used 4023K, capacity 4185K, committed 4220K, reserved 1048576K
2016-10-24T04:52:35.508+0800: 310.854: [GC (Allocation Failure) 2016-10-24T04:52:35.508+0800: 310.854: [ParNew
Desired survivor size 20112992 bytes, new threshold 8 (max 8)
- age   1:    4604392 bytes,    4604392 total
- age   2:    4669504 bytes,    9273896 total
- age   3:    2834280 bytes,   12108176 total
- age   4:    3233920 bytes,   15342096 total
- age   5:    1004064 bytes,   16346160 total
- age   6:    1178224 bytes,   17524384 total
- age   7:    1016872 bytes,   18541256 total
: 109248K->21824K(109248K), 0.0221096 secs] 242689K->162600K(502464K), 0.0221794 secs] [Times: user=0.09 sys=0.01, real=0.03 secs] 
Heap after GC invocations=178 (full 9):
 par new generation   total 109248K, used 21824K [0x00000007a0000000, 0x00000007a8000000, 0x00000007a8000000)
  eden space 87424K,   0% used [0x00000007a0000000, 0x00000007a0000000, 0x00000007a5560000)
  from space 21824K, 100% used [0x00000007a5560000, 0x00000007a6ab0000, 0x00000007a6ab0000)
  to   space 21824K,   0% used [0x00000007a6ab0000, 0x00000007a6ab0000, 0x00000007a8000000)
 concurrent mark-sweep generation total 393216K, used 140776K [0x00000007a8000000, 0x00000007c0000000, 0x00000007c0000000)
 Metaspace       used 34255K, capacity 34784K, committed 35196K, reserved 1081344K
  class space    used 4023K, capacity 4185K, committed 4220K, reserved 1048576K
}
2016-10-24T04:52:35.530+0800: 310.876: Total time for which application threads were stopped: 0.0223420 seconds, Stopping threads took: 0.0000284 seconds
{Heap before GC invocations=178 (full 9):
 par new generation   total 109248K, used 109248K [0x00000007a0000000, 0x00000007a8000000, 0x00000007a8000000)
  eden space 87424K, 100% used [0x00000007a0000000, 0x00000007a5560000, 0x00000007a5560000)
  from space 21824K, 100% used [0x00000007a5560000, 0x00000007a6ab0000, 0x00000007a6ab0000)
  to   space 21824K,   0% used [0x00000007a6ab0000, 0x00000007a6ab0000, 0x00000007a8000000)
 concurrent mark-sweep generation total 393216K, used 140776K [0x00000007a8000000, 0x00000007c0000000, 0x00000007c0000000)
 Metaspace       used 34255K, capacity 34784K, committed 35196K, reserved 1081344K
  class space    used 4023K, capacity 4185K, committed 4220K, reserved 1048576K
2016-10-24T04:52:35.775+0800: 311.121: [GC (Allocation Failure) 2016-10-24T04:52:35.775+0800: 311.121: [ParNew
Desired survivor size 20112992 bytes, new threshold 8 (max 8)
- age   1:    5642232 bytes,    5642232 total
- age   2:    4262208 bytes,    9904440 total
- age   3:    1677896 bytes,   11582336 total
- age   4:    2780120 bytes,   14362456 total
- age   5:    3218216 bytes,   17580672 total
- age   6:     995064 bytes,   18575736 total
- age   7:    1170464 bytes,   19746200 total
- age   8:    1009280 bytes,   20755480 total
: 109248K->21824K(109248K), 0.0210871 secs] 250024K->169499K(502464K), 0.0211430 secs] [Times: user=0.08 sys=0.00, real=0.02 secs] 
Heap after GC invocations=179 (full 9):
 par new generation   total 109248K, used 21824K [0x00000007a0000000, 0x00000007a8000000, 0x00000007a8000000)
  eden space 87424K,   0% used [0x00000007a0000000, 0x00000007a0000000, 0x00000007a5560000)
  from space 21824K, 100% used [0x00000007a6ab0000, 0x00000007a8000000, 0x00000007a8000000)
  to   space 21824K,   0% used [0x00000007a5560000, 0x00000007a5560000, 0x00000007a6ab0000)
 concurrent mark-sweep generation total 393216K, used 147675K [0x00000007a8000000, 0x00000007c0000000, 0x00000007c0000000)
 Metaspace       used 34255K, capacity 34784K, committed 35196K, reserved 1081344K
  class space    used 4023K, capacity 4185K, committed 4220K, reserved 1048576K
}
2016-10-24T04:52:35.796+0800: 311.142: Total time for which application threads were stopped: 0.0213200 seconds, Stopping threads took: 0.0000283 seconds
{Heap before GC invocations=179 (full 9):
 par new generation   total 109248K, used 107559K [0x00000007a0000000, 0x00000007a8000000, 0x00000007a8000000)
  eden space 87424K,  98% used [0x00000007a0000000, 0x00000007a53b9f00, 0x00000007a5560000)
  from space 21824K, 100% used [0x00000007a6ab0000, 0x00000007a8000000, 0x00000007a8000000)
  to   space 21824K,   0% used [0x00000007a5560000, 0x00000007a5560000, 0x00000007a6ab0000)
 concurrent mark-sweep generation total 393216K, used 147675K [0x00000007a8000000, 0x00000007c0000000, 0x00000007c0000000)
 Metaspace       used 34255K, capacity 34784K, committed 35196K, reserved 1081344K
  class space    used 4023K, capacity 4185K, committed 4220K, reserved 1048576K
2016-10-24T04:52:36.053+0800: 311.399: [GC (Allocation Failure) 2016-10-24T04:52:36.053+0800: 311.399: [ParNew
Desired survivor size 20112992 bytes, new threshold 8 (max 8)
- age   1:    4317496 bytes,    4317496 total
- age   2:    4421856 bytes,    8739352 total
- age   3:    2020432 bytes,   10759784 total
- age   4:    1441280 bytes,   12201064 total
- age   5:    2512784 bytes,   14713848 total
- age   6:    3213712 bytes,   17927560 total
- age   7:     992296 bytes,   18919856 total
- age   8:    1168800 bytes,   20088656 total
: 107559K->21824K(109248K), 0.0288347 secs] 255235K->174817K(502464K), 0.0288986 secs] [Times: user=0.11 sys=0.00, real=0.03 secs] 
Heap after GC invocations=180 (full 9):
 par new generation   total 109248K, used 21824K [0x00000007a0000000, 0x00000007a8000000, 0x00000007a8000000)
  eden space 87424K,   0% used [0x00000007a0000000, 0x00000007a0000000, 0x00000007a5560000)
  from space 21824K, 100% used [0x00000007a5560000, 0x00000007a6ab0000, 0x00000007a6ab0000)
  to   space 21824K,   0% used [0x00000007a6ab0000, 0x00000007a6ab0000, 0x00000007a8000000)
 concurrent mark-sweep generation total 393216K, used 152993K [0x00000007a8000000, 0x00000007c0000000, 0x00000007c0000000)
 Metaspace       used 34255K, capacity 34784K, committed 35196K, reserved 1081344K
  class space    used 4023K, capacity 4185K, committed 4220K, reserved 1048576K
}
2016-10-24T04:52:36.082+0800: 311.428: Total time for which application threads were stopped: 0.0290637 seconds, Stopping threads took: 0.0000187 seconds
{Heap before GC invocations=180 (full 9):
 par new generation   total 109248K, used 109248K [0x00000007a0000000, 0x00000007a8000000, 0x00000007a8000000)
  eden space 87424K, 100% used [0x00000007a0000000, 0x00000007a5560000, 0x00000007a5560000)
  from space 21824K, 100% used [0x00000007a5560000, 0x00000007a6ab0000, 0x00000007a6ab0000)
  to   space 21824K,   0% used [0x00000007a6ab0000, 0x00000007a6ab0000, 0x00000007a8000000)
 concurrent mark-sweep generation total 393216K, used 152993K [0x00000007a8000000, 0x00000007c0000000, 0x00000007c0000000)
 Metaspace       used 34255K, capacity 34784K, committed 35196K, reserved 1081344K
  class space    used 4023K, capacity 4185K, committed 4220K, reserved 1048576K
2016-10-24T04:52:36.324+0800: 311.670: [GC (Allocation Failure) 2016-10-24T04:52:36.324+0800: 311.670: [ParNew
Desired survivor size 20112992 bytes, new threshold 8 (max 8)
- age   1:    5964928 bytes,    5964928 total
- age   2:    3946112 bytes,    9911040 total
- age   3:    1401872 bytes,   11312912 total
- age   4:    1675784 bytes,   12988696 total
- age   5:    1208200 bytes,   14196896 total
- age   6:    2252360 bytes,   16449256 total
- age   7:    3109976 bytes,   19559232 total
- age   8:     936448 bytes,   20495680 total
: 109248K->21824K(109248K), 0.0212688 secs] 262241K->187450K(502464K), 0.0213395 secs] [Times: user=0.08 sys=0.00, real=0.02 secs] 
Heap after GC invocations=181 (full 9):
 par new generation   total 109248K, used 21824K [0x00000007a0000000, 0x00000007a8000000, 0x00000007a8000000)
  eden space 87424K,   0% used [0x00000007a0000000, 0x00000007a0000000, 0x00000007a5560000)
  from space 21824K, 100% used [0x00000007a6ab0000, 0x00000007a8000000, 0x00000007a8000000)
  to   space 21824K,   0% used [0x00000007a5560000, 0x00000007a5560000, 0x00000007a6ab0000)
 concurrent mark-sweep generation total 393216K, used 165626K [0x00000007a8000000, 0x00000007c0000000, 0x00000007c0000000)
 Metaspace       used 34255K, capacity 34784K, committed 35196K, reserved 1081344K
  class space    used 4023K, capacity 4185K, committed 4220K, reserved 1048576K
}
2016-10-24T04:52:36.345+0800: 311.692: Total time for which application threads were stopped: 0.0215248 seconds, Stopping threads took: 0.0000232 seconds
{Heap before GC invocations=181 (full 9):
 par new generation   total 109248K, used 109248K [0x00000007a0000000, 0x00000007a8000000, 0x00000007a8000000)
  eden space 87424K, 100% used [0x00000007a0000000, 0x00000007a5560000, 0x00000007a5560000)
  from space 21824K, 100% used [0x00000007a6ab0000, 0x00000007a8000000, 0x00000007a8000000)
  to   space 21824K,   0% used [0x00000007a5560000, 0x00000007a5560000, 0x00000007a6ab0000)
 concurrent mark-sweep generation total 393216K, used 165626K [0x00000007a8000000, 0x00000007c0000000, 0x00000007c0000000)
 Metaspace       used 34255K, capacity 34784K, committed 35196K, reserved 1081344K
  class space    used 4023K, capacity 4185K, committed 4220K, reserved 1048576K
2016-10-24T04:52:36.870+0800: 312.217: [GC (Allocation Failure) 2016-10-24T04:52:36.870+0800: 312.217: [ParNew
Desired survivor size 20112992 bytes, new threshold 8 (max 8)
- age   1:    2318168 bytes,    2318168 total
- age   2:    5436248 bytes,    7754416 total
- age   3:    3419456 bytes,   11173872 total
- age   4:    1086480 bytes,   12260352 total
- age   5:    1401208 bytes,   13661560 total
- age   6:     972584 bytes,   14634144 total
- age   7:    2013824 bytes,   16647968 total
- age   8:    2927552 bytes,   19575520 total
: 109248K->21824K(109248K), 0.0222424 secs] 274874K->194785K(502464K), 0.0223193 secs] [Times: user=0.10 sys=0.00, real=0.02 secs] 
Heap after GC invocations=182 (full 9):
 par new generation   total 109248K, used 21824K [0x00000007a0000000, 0x00000007a8000000, 0x00000007a8000000)
  eden space 87424K,   0% used [0x00000007a0000000, 0x00000007a0000000, 0x00000007a5560000)
  from space 21824K, 100% used [0x00000007a5560000, 0x00000007a6ab0000, 0x00000007a6ab0000)
  to   space 21824K,   0% used [0x00000007a6ab0000, 0x00000007a6ab0000, 0x00000007a8000000)
 concurrent mark-sweep generation total 393216K, used 172961K [0x00000007a8000000, 0x00000007c0000000, 0x00000007c0000000)
 Metaspace       used 34255K, capacity 34784K, committed 35196K, reserved 1081344K
  class space    used 4023K, capacity 4185K, committed 4220K, reserved 1048576K
}
2016-10-24T04:52:36.893+0800: 312.239: Total time for which application threads were stopped: 0.0225588 seconds, Stopping threads took: 0.0000331 seconds
{Heap before GC invocations=182 (full 9):
 par new generation   total 109248K, used 109248K [0x00000007a0000000, 0x00000007a8000000, 0x00000007a8000000)
  eden space 87424K, 100% used [0x00000007a0000000, 0x00000007a5560000, 0x00000007a5560000)
  from space 21824K, 100% used [0x00000007a5560000, 0x00000007a6ab0000, 0x00000007a6ab0000)
  to   space 21824K,   0% used [0x00000007a6ab0000, 0x00000007a6ab0000, 0x00000007a8000000)
 concurrent mark-sweep generation total 393216K, used 172961K [0x00000007a8000000, 0x00000007c0000000, 0x00000007c0000000)
 Metaspace       used 34255K, capacity 34784K, committed 35196K, reserved 1081344K
  class space    used 4023K, capacity 4185K, committed 4220K, reserved 1048576K
2016-10-24T04:52:37.482+0800: 312.829: [GC (Allocation Failure) 2016-10-24T04:52:37.482+0800: 312.829: [ParNew
Desired survivor size 20112992 bytes, new threshold 8 (max 8)
- age   1:     169288 bytes,     169288 total
- age   2:    2212768 bytes,    2382056 total
- age   3:    5321256 bytes,    7703312 total
- age   4:    3299808 bytes,   11003120 total
- age   5:     988936 bytes,   11992056 total
- age   6:    1267456 bytes,   13259512 total
- age   7:     858032 bytes,   14117544 total
- age   8:    1900984 bytes,   16018528 total
: 109248K->21824K(109248K), 0.0151149 secs] 282209K->198507K(502464K), 0.0151799 secs] [Times: user=0.06 sys=0.00, real=0.01 secs] 
Heap after GC invocations=183 (full 9):
 par new generation   total 109248K, used 21824K [0x00000007a0000000, 0x00000007a8000000, 0x00000007a8000000)
  eden space 87424K,   0% used [0x00000007a0000000, 0x00000007a0000000, 0x00000007a5560000)
  from space 21824K, 100% used [0x00000007a6ab0000, 0x00000007a8000000, 0x00000007a8000000)
  to   space 21824K,   0% used [0x00000007a5560000, 0x00000007a5560000, 0x00000007a6ab0000)
 concurrent mark-sweep generation total 393216K, used 176683K [0x00000007a8000000, 0x00000007c0000000, 0x00000007c0000000)
 Metaspace       used 34255K, capacity 34784K, committed 35196K, reserved 1081344K
  class space    used 4023K, capacity 4185K, committed 4220K, reserved 1048576K
}
2016-10-24T04:52:37.498+0800: 312.844: Total time for which application threads were stopped: 0.0153493 seconds, Stopping threads took: 0.0000283 seconds
{Heap before GC invocations=183 (full 9):
 par new generation   total 109248K, used 109248K [0x00000007a0000000, 0x00000007a8000000, 0x00000007a8000000)
  eden space 87424K, 100% used [0x00000007a0000000, 0x00000007a5560000, 0x00000007a5560000)
  from space 21824K, 100% used [0x00000007a6ab0000, 0x00000007a8000000, 0x00000007a8000000)
  to   space 21824K,   0% used [0x00000007a5560000, 0x00000007a5560000, 0x00000007a6ab0000)
 concurrent mark-sweep generation total 393216K, used 176683K [0x00000007a8000000, 0x00000007c0000000, 0x00000007c0000000)
 Metaspace       used 34255K, capacity 34784K, committed 35196K, reserved 1081344K
  class space    used 4023K, capacity 4185K, committed 4220K, reserved 1048576K
2016-10-24T04:52:37.525+0800: 312.872: [GC (Allocation Failure) 2016-10-24T04:52:37.525+0800: 312.872: [ParNew
Desired survivor size 20112992 bytes, new threshold 8 (max 8)
- age   1:     114712 bytes,     114712 total
- age   2:     101904 bytes,     216616 total
- age   3:    2212768 bytes,    2429384 total
- age   4:    5321256 bytes,    7750640 total
- age   5:    3299808 bytes,   11050448 total
- age   6:     988936 bytes,   12039384 total
- age   7:    1267456 bytes,   13306840 total
- age   8:     858032 bytes,   14164872 total
: 109248K->17412K(109248K), 0.0129374 secs] 285931K->195985K(502464K), 0.0130141 secs] [Times: user=0.05 sys=0.00, real=0.01 secs] 
Heap after GC invocations=184 (full 9):
 par new generation   total 109248K, used 17412K [0x00000007a0000000, 0x00000007a8000000, 0x00000007a8000000)
  eden space 87424K,   0% used [0x00000007a0000000, 0x00000007a0000000, 0x00000007a5560000)
  from space 21824K,  79% used [0x00000007a5560000, 0x00000007a6661040, 0x00000007a6ab0000)
  to   space 21824K,   0% used [0x00000007a6ab0000, 0x00000007a6ab0000, 0x00000007a8000000)
 concurrent mark-sweep generation total 393216K, used 178573K [0x00000007a8000000, 0x00000007c0000000, 0x00000007c0000000)
 Metaspace       used 34255K, capacity 34784K, committed 35196K, reserved 1081344K
  class space    used 4023K, capacity 4185K, committed 4220K, reserved 1048576K
}
2016-10-24T04:52:37.538+0800: 312.885: Total time for which application threads were stopped: 0.0131747 seconds, Stopping threads took: 0.0000194 seconds
{Heap before GC invocations=184 (full 9):
 par new generation   total 109248K, used 104836K [0x00000007a0000000, 0x00000007a8000000, 0x00000007a8000000)
  eden space 87424K, 100% used [0x00000007a0000000, 0x00000007a5560000, 0x00000007a5560000)
  from space 21824K,  79% used [0x00000007a5560000, 0x00000007a6661040, 0x00000007a6ab0000)
  to   space 21824K,   0% used [0x00000007a6ab0000, 0x00000007a6ab0000, 0x00000007a8000000)
 concurrent mark-sweep generation total 393216K, used 178573K [0x00000007a8000000, 0x00000007c0000000, 0x00000007c0000000)
 Metaspace       used 34255K, capacity 34784K, committed 35196K, reserved 1081344K
  class space    used 4023K, capacity 4185K, committed 4220K, reserved 1048576K
2016-10-24T04:52:37.627+0800: 312.974: [GC (Allocation Failure) 2016-10-24T04:52:37.627+0800: 312.974: [ParNew
Desired survivor size 20112992 bytes, new threshold 8 (max 8)
- age   1:     107088 bytes,     107088 total
- age   3:      49400 bytes,     156488 total
- age   4:    2212768 bytes,    2369256 total
- age   5:    5321256 bytes,    7690512 total
- age   6:    3299808 bytes,   10990320 total
- age   7:     988936 bytes,   11979256 total
- age   8:    1267456 bytes,   13246712 total
: 104836K->17614K(109248K), 0.0112697 secs] 283409K->197057K(502464K), 0.0113299 secs] [Times: user=0.04 sys=0.00, real=0.01 secs] 
Heap after GC invocations=185 (full 9):
 par new generation   total 109248K, used 17614K [0x00000007a0000000, 0x00000007a8000000, 0x00000007a8000000)
  eden space 87424K,   0% used [0x00000007a0000000, 0x00000007a0000000, 0x00000007a5560000)
  from space 21824K,  80% used [0x00000007a6ab0000, 0x00000007a7be3b20, 0x00000007a8000000)
  to   space 21824K,   0% used [0x00000007a5560000, 0x00000007a5560000, 0x00000007a6ab0000)
 concurrent mark-sweep generation total 393216K, used 179443K [0x00000007a8000000, 0x00000007c0000000, 0x00000007c0000000)
 Metaspace       used 34255K, capacity 34784K, committed 35196K, reserved 1081344K
  class space    used 4023K, capacity 4185K, committed 4220K, reserved 1048576K
}
2016-10-24T04:52:37.638+0800: 312.985: Total time for which application threads were stopped: 0.0114978 seconds, Stopping threads took: 0.0000288 seconds
{Heap before GC invocations=185 (full 9):
 par new generation   total 109248K, used 105038K [0x00000007a0000000, 0x00000007a8000000, 0x00000007a8000000)
  eden space 87424K, 100% used [0x00000007a0000000, 0x00000007a5560000, 0x00000007a5560000)
  from space 21824K,  80% used [0x00000007a6ab0000, 0x00000007a7be3b20, 0x00000007a8000000)
  to   space 21824K,   0% used [0x00000007a5560000, 0x00000007a5560000, 0x00000007a6ab0000)
 concurrent mark-sweep generation total 393216K, used 179443K [0x00000007a8000000, 0x00000007c0000000, 0x00000007c0000000)
 Metaspace       used 34255K, capacity 34784K, committed 35196K, reserved 1081344K
  class space    used 4023K, capacity 4185K, committed 4220K, reserved 1048576K
2016-10-24T04:52:37.755+0800: 313.102: [GC (Allocation Failure) 2016-10-24T04:52:37.755+0800: 313.102: [ParNew
Desired survivor size 20112992 bytes, new threshold 8 (max 8)
- age   1:     201936 bytes,     201936 total
- age   2:      14864 bytes,     216800 total
- age   4:      49400 bytes,     266200 total
- age   5:    2212768 bytes,    2478968 total
- age   6:    5321256 bytes,    7800224 total
- age   7:    3299808 bytes,   11100032 total
- age   8:     988936 bytes,   12088968 total
: 105038K->15462K(109248K), 0.0110364 secs] 284481K->196178K(502464K), 0.0111040 secs] [Times: user=0.04 sys=0.01, real=0.01 secs] 
Heap after GC invocations=186 (full 9):
 par new generation   total 109248K, used 15462K [0x00000007a0000000, 0x00000007a8000000, 0x00000007a8000000)
  eden space 87424K,   0% used [0x00000007a0000000, 0x00000007a0000000, 0x00000007a5560000)
  from space 21824K,  70% used [0x00000007a5560000, 0x00000007a64798d8, 0x00000007a6ab0000)
  to   space 21824K,   0% used [0x00000007a6ab0000, 0x00000007a6ab0000, 0x00000007a8000000)
 concurrent mark-sweep generation total 393216K, used 180716K [0x00000007a8000000, 0x00000007c0000000, 0x00000007c0000000)
 Metaspace       used 34255K, capacity 34784K, committed 35196K, reserved 1081344K
  class space    used 4023K, capacity 4185K, committed 4220K, reserved 1048576K
}
2016-10-24T04:52:37.766+0800: 313.113: Total time for which application threads were stopped: 0.0112744 seconds, Stopping threads took: 0.0000298 seconds
2016-10-24T04:52:37.811+0800: 313.157: Total time for which application threads were stopped: 0.0000817 seconds, Stopping threads took: 0.0000178 seconds
2016-10-24T04:52:37.811+0800: 313.158: Total time for which application threads were stopped: 0.0000518 seconds, Stopping threads took: 0.0000081 seconds
2016-10-24T04:52:37.811+0800: 313.158: Total time for which application threads were stopped: 0.0000427 seconds, Stopping threads took: 0.0000054 seconds
2016-10-24T04:52:37.811+0800: 313.158: Total time for which application threads were stopped: 0.0000414 seconds, Stopping threads took: 0.0000052 seconds
{Heap before GC invocations=186 (full 9):
 par new generation   total 109248K, used 102886K [0x00000007a0000000, 0x00000007a8000000, 0x00000007a8000000)
  eden space 87424K, 100% used [0x00000007a0000000, 0x00000007a5560000, 0x00000007a5560000)
  from space 21824K,  70% used [0x00000007a5560000, 0x00000007a64798d8, 0x00000007a6ab0000)
  to   space 21824K,   0% used [0x00000007a6ab0000, 0x00000007a6ab0000, 0x00000007a8000000)
 concurrent mark-sweep generation total 393216K, used 180716K [0x00000007a8000000, 0x00000007c0000000, 0x00000007c0000000)
 Metaspace       used 34257K, capacity 34784K, committed 35196K, reserved 1081344K
  class space    used 4023K, capacity 4185K, committed 4220K, reserved 1048576K
2016-10-24T04:52:37.936+0800: 313.283: [GC (Allocation Failure) 2016-10-24T04:52:37.936+0800: 313.283: [ParNew
Desired survivor size 20112992 bytes, new threshold 8 (max 8)
- age   1:    3437440 bytes,    3437440 total
- age   5:       4368 bytes,    3441808 total
- age   6:    2091152 bytes,    5532960 total
- age   7:    5193784 bytes,   10726744 total
- age   8:    3165552 bytes,   13892296 total
: 102886K->15331K(109248K), 0.0126597 secs] 283602K->196934K(502464K), 0.0127258 secs] [Times: user=0.04 sys=0.00, real=0.01 secs] 
Heap after GC invocations=187 (full 9):
 par new generation   total 109248K, used 15331K [0x00000007a0000000, 0x00000007a8000000, 0x00000007a8000000)
  eden space 87424K,   0% used [0x00000007a0000000, 0x00000007a0000000, 0x00000007a5560000)
  from space 21824K,  70% used [0x00000007a6ab0000, 0x00000007a79a8ca8, 0x00000007a8000000)
  to   space 21824K,   0% used [0x00000007a5560000, 0x00000007a5560000, 0x00000007a6ab0000)
 concurrent mark-sweep generation total 393216K, used 181603K [0x00000007a8000000, 0x00000007c0000000, 0x00000007c0000000)
 Metaspace       used 34257K, capacity 34784K, committed 35196K, reserved 1081344K
  class space    used 4023K, capacity 4185K, committed 4220K, reserved 1048576K
}
2016-10-24T04:52:37.949+0800: 313.295: Total time for which application threads were stopped: 0.0129057 seconds, Stopping threads took: 0.0000294 seconds
{Heap before GC invocations=187 (full 9):
 par new generation   total 109248K, used 102755K [0x00000007a0000000, 0x00000007a8000000, 0x00000007a8000000)
  eden space 87424K, 100% used [0x00000007a0000000, 0x00000007a5560000, 0x00000007a5560000)
  from space 21824K,  70% used [0x00000007a6ab0000, 0x00000007a79a8ca8, 0x00000007a8000000)
  to   space 21824K,   0% used [0x00000007a5560000, 0x00000007a5560000, 0x00000007a6ab0000)
 concurrent mark-sweep generation total 393216K, used 181603K [0x00000007a8000000, 0x00000007c0000000, 0x00000007c0000000)
 Metaspace       used 34257K, capacity 34784K, committed 35196K, reserved 1081344K
  class space    used 4023K, capacity 4185K, committed 4220K, reserved 1048576K
2016-10-24T04:52:38.181+0800: 313.527: [GC (Allocation Failure) 2016-10-24T04:52:38.181+0800: 313.527: [ParNew
Desired survivor size 20112992 bytes, new threshold 8 (max 8)
- age   1:    5855720 bytes,    5855720 total
- age   2:    2817376 bytes,    8673096 total
- age   6:       4368 bytes,    8677464 total
- age   7:    2091152 bytes,   10768616 total
- age   8:    5193784 bytes,   15962400 total
: 102755K->20762K(109248K), 0.0150766 secs] 284358K->205482K(502464K), 0.0151365 secs] [Times: user=0.06 sys=0.00, real=0.01 secs] 
Heap after GC invocations=188 (full 9):
 par new generation   total 109248K, used 20762K [0x00000007a0000000, 0x00000007a8000000, 0x00000007a8000000)
  eden space 87424K,   0% used [0x00000007a0000000, 0x00000007a0000000, 0x00000007a5560000)
  from space 21824K,  95% used [0x00000007a5560000, 0x00000007a69a69c0, 0x00000007a6ab0000)
  to   space 21824K,   0% used [0x00000007a6ab0000, 0x00000007a6ab0000, 0x00000007a8000000)
 concurrent mark-sweep generation total 393216K, used 184720K [0x00000007a8000000, 0x00000007c0000000, 0x00000007c0000000)
 Metaspace       used 34257K, capacity 34784K, committed 35196K, reserved 1081344K
  class space    used 4023K, capacity 4185K, committed 4220K, reserved 1048576K
}
2016-10-24T04:52:38.196+0800: 313.543: Total time for which application threads were stopped: 0.0153099 seconds, Stopping threads took: 0.0000319 seconds
{Heap before GC invocations=188 (full 9):
 par new generation   total 109248K, used 108186K [0x00000007a0000000, 0x00000007a8000000, 0x00000007a8000000)
  eden space 87424K, 100% used [0x00000007a0000000, 0x00000007a5560000, 0x00000007a5560000)
  from space 21824K,  95% used [0x00000007a5560000, 0x00000007a69a69c0, 0x00000007a6ab0000)
  to   space 21824K,   0% used [0x00000007a6ab0000, 0x00000007a6ab0000, 0x00000007a8000000)
 concurrent mark-sweep generation total 393216K, used 184720K [0x00000007a8000000, 0x00000007c0000000, 0x00000007c0000000)
 Metaspace       used 34257K, capacity 34784K, committed 35196K, reserved 1081344K
  class space    used 4023K, capacity 4185K, committed 4220K, reserved 1048576K
2016-10-24T04:52:38.428+0800: 313.775: [GC (Allocation Failure) 2016-10-24T04:52:38.428+0800: 313.775: [ParNew
Desired survivor size 20112992 bytes, new threshold 8 (max 8)
- age   1:    6621576 bytes,    6621576 total
- age   2:    4522256 bytes,   11143832 total
- age   3:    2814464 bytes,   13958296 total
- age   7:       4368 bytes,   13962664 total
- age   8:    2091176 bytes,   16053840 total
: 108186K->21824K(109248K), 0.0155306 secs] 292906K->211644K(502464K), 0.0155987 secs] [Times: user=0.06 sys=0.00, real=0.02 secs] 
Heap after GC invocations=189 (full 9):
 par new generation   total 109248K, used 21824K [0x00000007a0000000, 0x00000007a8000000, 0x00000007a8000000)
  eden space 87424K,   0% used [0x00000007a0000000, 0x00000007a0000000, 0x00000007a5560000)
  from space 21824K, 100% used [0x00000007a6ab0000, 0x00000007a8000000, 0x00000007a8000000)
  to   space 21824K,   0% used [0x00000007a5560000, 0x00000007a5560000, 0x00000007a6ab0000)
 concurrent mark-sweep generation total 393216K, used 189820K [0x00000007a8000000, 0x00000007c0000000, 0x00000007c0000000)
 Metaspace       used 34257K, capacity 34784K, committed 35196K, reserved 1081344K
  class space    used 4023K, capacity 4185K, committed 4220K, reserved 1048576K
}
2016-10-24T04:52:38.444+0800: 313.790: Total time for which application threads were stopped: 0.0157751 seconds, Stopping threads took: 0.0000240 seconds
{Heap before GC invocations=189 (full 9):
 par new generation   total 109248K, used 109248K [0x00000007a0000000, 0x00000007a8000000, 0x00000007a8000000)
  eden space 87424K, 100% used [0x00000007a0000000, 0x00000007a5560000, 0x00000007a5560000)
  from space 21824K, 100% used [0x00000007a6ab0000, 0x00000007a8000000, 0x00000007a8000000)
  to   space 21824K,   0% used [0x00000007a5560000, 0x00000007a5560000, 0x00000007a6ab0000)
 concurrent mark-sweep generation total 393216K, used 189820K [0x00000007a8000000, 0x00000007c0000000, 0x00000007c0000000)
 Metaspace       used 34257K, capacity 34784K, committed 35196K, reserved 1081344K
  class space    used 4023K, capacity 4185K, committed 4220K, reserved 1048576K
2016-10-24T04:52:38.682+0800: 314.029: [GC (Allocation Failure) 2016-10-24T04:52:38.682+0800: 314.029: [ParNew
Desired survivor size 20112992 bytes, new threshold 8 (max 8)
- age   1:    7698672 bytes,    7698672 total
- age   2:    4562904 bytes,   12261576 total
- age   3:    4384112 bytes,   16645688 total
- age   4:    2810136 bytes,   19455824 total
- age   8:       4368 bytes,   19460192 total
: 109248K->21824K(109248K), 0.0171982 secs] 299068K->213733K(502464K), 0.0172643 secs] [Times: user=0.06 sys=0.00, real=0.01 secs] 
Heap after GC invocations=190 (full 9):
 par new generation   total 109248K, used 21824K [0x00000007a0000000, 0x00000007a8000000, 0x00000007a8000000)
  eden space 87424K,   0% used [0x00000007a0000000, 0x00000007a0000000, 0x00000007a5560000)
  from space 21824K, 100% used [0x00000007a5560000, 0x00000007a6ab0000, 0x00000007a6ab0000)
  to   space 21824K,   0% used [0x00000007a6ab0000, 0x00000007a6ab0000, 0x00000007a8000000)
 concurrent mark-sweep generation total 393216K, used 191909K [0x00000007a8000000, 0x00000007c0000000, 0x00000007c0000000)
 Metaspace       used 34257K, capacity 34784K, committed 35196K, reserved 1081344K
  class space    used 4023K, capacity 4185K, committed 4220K, reserved 1048576K
}
2016-10-24T04:52:38.699+0800: 314.046: Total time for which application threads were stopped: 0.0174494 seconds, Stopping threads took: 0.0000327 seconds
{Heap before GC invocations=190 (full 9):
 par new generation   total 109248K, used 109248K [0x00000007a0000000, 0x00000007a8000000, 0x00000007a8000000)
  eden space 87424K, 100% used [0x00000007a0000000, 0x00000007a5560000, 0x00000007a5560000)
  from space 21824K, 100% used [0x00000007a5560000, 0x00000007a6ab0000, 0x00000007a6ab0000)
  to   space 21824K,   0% used [0x00000007a6ab0000, 0x00000007a6ab0000, 0x00000007a8000000)
 concurrent mark-sweep generation total 393216K, used 191909K [0x00000007a8000000, 0x00000007c0000000, 0x00000007c0000000)
 Metaspace       used 34257K, capacity 34784K, committed 35196K, reserved 1081344K
  class space    used 4023K, capacity 4185K, committed 4220K, reserved 1048576K
2016-10-24T04:52:38.923+0800: 314.270: [GC (Allocation Failure) 2016-10-24T04:52:38.923+0800: 314.270: [ParNew
Desired survivor size 20112992 bytes, new threshold 5 (max 8)
- age   1:    5525192 bytes,    5525192 total
- age   2:    4335880 bytes,    9861072 total
- age   3:    4152408 bytes,   14013480 total
- age   4:    4075200 bytes,   18088680 total
- age   5:    2496464 bytes,   20585144 total
: 109248K->21824K(109248K), 0.0163961 secs] 301157K->217629K(502464K), 0.0164754 secs] [Times: user=0.06 sys=0.00, real=0.02 secs] 
Heap after GC invocations=191 (full 9):
 par new generation   total 109248K, used 21824K [0x00000007a0000000, 0x00000007a8000000, 0x00000007a8000000)
  eden space 87424K,   0% used [0x00000007a0000000, 0x00000007a0000000, 0x00000007a5560000)
  from space 21824K, 100% used [0x00000007a6ab0000, 0x00000007a8000000, 0x00000007a8000000)
  to   space 21824K,   0% used [0x00000007a5560000, 0x00000007a5560000, 0x00000007a6ab0000)
 concurrent mark-sweep generation total 393216K, used 195805K [0x00000007a8000000, 0x00000007c0000000, 0x00000007c0000000)
 Metaspace       used 34257K, capacity 34784K, committed 35196K, reserved 1081344K
  class space    used 4023K, capacity 4185K, committed 4220K, reserved 1048576K
}
2016-10-24T04:52:38.940+0800: 314.287: Total time for which application threads were stopped: 0.0166466 seconds, Stopping threads took: 0.0000297 seconds
{Heap before GC invocations=191 (full 9):
 par new generation   total 109248K, used 109248K [0x00000007a0000000, 0x00000007a8000000, 0x00000007a8000000)
  eden space 87424K, 100% used [0x00000007a0000000, 0x00000007a5560000, 0x00000007a5560000)
  from space 21824K, 100% used [0x00000007a6ab0000, 0x00000007a8000000, 0x00000007a8000000)
  to   space 21824K,   0% used [0x00000007a5560000, 0x00000007a5560000, 0x00000007a6ab0000)
 concurrent mark-sweep generation total 393216K, used 195805K [0x00000007a8000000, 0x00000007c0000000, 0x00000007c0000000)
 Metaspace       used 34257K, capacity 34784K, committed 35196K, reserved 1081344K
  class space    used 4023K, capacity 4185K, committed 4220K, reserved 1048576K
2016-10-24T04:52:39.163+0800: 314.509: [GC (Allocation Failure) 2016-10-24T04:52:39.163+0800: 314.509: [ParNew
Desired survivor size 20112992 bytes, new threshold 5 (max 8)
- age   1:    6386896 bytes,    6386896 total
- age   2:    3418504 bytes,    9805400 total
- age   3:    3191368 bytes,   12996768 total
- age   4:    3860056 bytes,   16856824 total
- age   5:    3901720 bytes,   20758544 total
: 109248K->21824K(109248K), 0.0249043 secs] 305053K->224233K(502464K), 0.0249688 secs] [Times: user=0.10 sys=0.00, real=0.02 secs] 
Heap after GC invocations=192 (full 9):
 par new generation   total 109248K, used 21824K [0x00000007a0000000, 0x00000007a8000000, 0x00000007a8000000)
  eden space 87424K,   0% used [0x00000007a0000000, 0x00000007a0000000, 0x00000007a5560000)
  from space 21824K, 100% used [0x00000007a5560000, 0x00000007a6ab0000, 0x00000007a6ab0000)
  to   space 21824K,   0% used [0x00000007a6ab0000, 0x00000007a6ab0000, 0x00000007a8000000)
 concurrent mark-sweep generation total 393216K, used 202409K [0x00000007a8000000, 0x00000007c0000000, 0x00000007c0000000)
 Metaspace       used 34257K, capacity 34784K, committed 35196K, reserved 1081344K
  class space    used 4023K, capacity 4185K, committed 4220K, reserved 1048576K
}
2016-10-24T04:52:39.188+0800: 314.534: Total time for which application threads were stopped: 0.0251393 seconds, Stopping threads took: 0.0000204 seconds
2016-10-24T04:52:39.188+0800: 314.534: [GC (CMS Initial Mark) [1 CMS-initial-mark: 202409K(393216K)] 225979K(502464K), 0.0048210 secs] [Times: user=0.01 sys=0.00, real=0.01 secs] 
2016-10-24T04:52:39.193+0800: 314.539: Total time for which application threads were stopped: 0.0049895 seconds, Stopping threads took: 0.0000552 seconds
2016-10-24T04:52:39.193+0800: 314.539: [CMS-concurrent-mark-start]
2016-10-24T04:52:39.231+0800: 314.577: [CMS-concurrent-mark: 0.038/0.038 secs] [Times: user=0.19 sys=0.00, real=0.04 secs] 
2016-10-24T04:52:39.231+0800: 314.577: [CMS-concurrent-preclean-start]
2016-10-24T04:52:39.234+0800: 314.581: [CMS-concurrent-preclean: 0.003/0.003 secs] [Times: user=0.01 sys=0.00, real=0.00 secs] 
2016-10-24T04:52:39.234+0800: 314.581: [CMS-concurrent-abortable-preclean-start]
{Heap before GC invocations=192 (full 10):
 par new generation   total 109248K, used 109248K [0x00000007a0000000, 0x00000007a8000000, 0x00000007a8000000)
  eden space 87424K, 100% used [0x00000007a0000000, 0x00000007a5560000, 0x00000007a5560000)
  from space 21824K, 100% used [0x00000007a5560000, 0x00000007a6ab0000, 0x00000007a6ab0000)
  to   space 21824K,   0% used [0x00000007a6ab0000, 0x00000007a6ab0000, 0x00000007a8000000)
 concurrent mark-sweep generation total 393216K, used 202409K [0x00000007a8000000, 0x00000007c0000000, 0x00000007c0000000)
 Metaspace       used 34257K, capacity 34784K, committed 35196K, reserved 1081344K
  class space    used 4023K, capacity 4185K, committed 4220K, reserved 1048576K
2016-10-24T04:52:39.427+0800: 314.774: [GC (Allocation Failure) 2016-10-24T04:52:39.427+0800: 314.774: [ParNew
Desired survivor size 20112992 bytes, new threshold 8 (max 8)
- age   1:    6225408 bytes,    6225408 total
- age   2:    4097944 bytes,   10323352 total
- age   3:    3160360 bytes,   13483712 total
- age   4:    2933680 bytes,   16417392 total
- age   5:    3646488 bytes,   20063880 total
: 109248K->21824K(109248K), 0.0232079 secs] 311657K->231190K(502464K), 0.0232847 secs] [Times: user=0.09 sys=0.00, real=0.03 secs] 
Heap after GC invocations=193 (full 10):
 par new generation   total 109248K, used 21824K [0x00000007a0000000, 0x00000007a8000000, 0x00000007a8000000)
  eden space 87424K,   0% used [0x00000007a0000000, 0x00000007a0000000, 0x00000007a5560000)
  from space 21824K, 100% used [0x00000007a6ab0000, 0x00000007a8000000, 0x00000007a8000000)
  to   space 21824K,   0% used [0x00000007a5560000, 0x00000007a5560000, 0x00000007a6ab0000)
 concurrent mark-sweep generation total 393216K, used 209366K [0x00000007a8000000, 0x00000007c0000000, 0x00000007c0000000)
 Metaspace       used 34257K, capacity 34784K, committed 35196K, reserved 1081344K
  class space    used 4023K, capacity 4185K, committed 4220K, reserved 1048576K
}
2016-10-24T04:52:39.450+0800: 314.797: Total time for which application threads were stopped: 0.0234463 seconds, Stopping threads took: 0.0000196 seconds
2016-10-24T04:52:39.598+0800: 314.945: [CMS-concurrent-abortable-preclean: 0.337/0.364 secs] [Times: user=0.76 sys=0.00, real=0.36 secs] 
2016-10-24T04:52:39.598+0800: 314.945: [GC (CMS Final Remark) [YG occupancy: 78614 K (109248 K)]{Heap before GC invocations=193 (full 10):
 par new generation   total 109248K, used 78614K [0x00000007a0000000, 0x00000007a8000000, 0x00000007a8000000)
  eden space 87424K,  64% used [0x00000007a0000000, 0x00000007a3775980, 0x00000007a5560000)
  from space 21824K, 100% used [0x00000007a6ab0000, 0x00000007a8000000, 0x00000007a8000000)
  to   space 21824K,   0% used [0x00000007a5560000, 0x00000007a5560000, 0x00000007a6ab0000)
 concurrent mark-sweep generation total 393216K, used 209366K [0x00000007a8000000, 0x00000007c0000000, 0x00000007c0000000)
 Metaspace       used 34257K, capacity 34784K, committed 35196K, reserved 1081344K
  class space    used 4023K, capacity 4185K, committed 4220K, reserved 1048576K
2016-10-24T04:52:39.598+0800: 314.945: [GC (CMS Final Remark) 2016-10-24T04:52:39.598+0800: 314.945: [ParNew
Desired survivor size 20112992 bytes, new threshold 6 (max 8)
- age   1:    5320504 bytes,    5320504 total
- age   2:    4327816 bytes,    9648320 total
- age   3:    3787952 bytes,   13436272 total
- age   4:    2804312 bytes,   16240584 total
- age   5:    2619984 bytes,   18860568 total
- age   6:    3423688 bytes,   22284256 total
: 78614K->21824K(109248K), 0.0211381 secs] 287980K->236113K(502464K), 0.0211999 secs] [Times: user=0.08 sys=0.00, real=0.02 secs] 
Heap after GC invocations=194 (full 10):
 par new generation   total 109248K, used 21824K [0x00000007a0000000, 0x00000007a8000000, 0x00000007a8000000)
  eden space 87424K,   0% used [0x00000007a0000000, 0x00000007a0000000, 0x00000007a5560000)
  from space 21824K, 100% used [0x00000007a5560000, 0x00000007a6ab0000, 0x00000007a6ab0000)
  to   space 21824K,   0% used [0x00000007a6ab0000, 0x00000007a6ab0000, 0x00000007a8000000)
 concurrent mark-sweep generation total 393216K, used 214289K [0x00000007a8000000, 0x00000007c0000000, 0x00000007c0000000)
 Metaspace       used 34257K, capacity 34784K, committed 35196K, reserved 1081344K
  class space    used 4023K, capacity 4185K, committed 4220K, reserved 1048576K
}
2016-10-24T04:52:39.619+0800: 314.966: [Rescan (parallel) , 0.0091333 secs]2016-10-24T04:52:39.629+0800: 314.975: [weak refs processing, 0.0008338 secs]2016-10-24T04:52:39.629+0800: 314.976: [class unloading, 0.0072480 secs]2016-10-24T04:52:39.637+0800: 314.983: [scrub symbol table, 0.0051765 secs]2016-10-24T04:52:39.642+0800: 314.989: [scrub string table, 0.0005088 secs][1 CMS-remark: 214289K(393216K)] 236113K(502464K), 0.0443937 secs] [Times: user=0.13 sys=0.00, real=0.05 secs] 
2016-10-24T04:52:39.643+0800: 314.989: Total time for which application threads were stopped: 0.0445978 seconds, Stopping threads took: 0.0000768 seconds
2016-10-24T04:52:39.643+0800: 314.989: [CMS-concurrent-sweep-start]
2016-10-24T04:52:39.715+0800: 315.061: [CMS-concurrent-sweep: 0.072/0.072 secs] [Times: user=0.14 sys=0.00, real=0.07 secs] 
2016-10-24T04:52:39.715+0800: 315.061: [CMS-concurrent-reset-start]
2016-10-24T04:52:39.715+0800: 315.062: [CMS-concurrent-reset: 0.000/0.000 secs] [Times: user=0.00 sys=0.00, real=0.00 secs] 
{Heap before GC invocations=194 (full 10):
 par new generation   total 109248K, used 109248K [0x00000007a0000000, 0x00000007a8000000, 0x00000007a8000000)
  eden space 87424K, 100% used [0x00000007a0000000, 0x00000007a5560000, 0x00000007a5560000)
  from space 21824K, 100% used [0x00000007a5560000, 0x00000007a6ab0000, 0x00000007a6ab0000)
  to   space 21824K,   0% used [0x00000007a6ab0000, 0x00000007a6ab0000, 0x00000007a8000000)
 concurrent mark-sweep generation total 393216K, used 107096K [0x00000007a8000000, 0x00000007c0000000, 0x00000007c0000000)
 Metaspace       used 34257K, capacity 34784K, committed 35196K, reserved 1081344K
  class space    used 4023K, capacity 4185K, committed 4220K, reserved 1048576K
2016-10-24T04:52:39.867+0800: 315.213: [GC (Allocation Failure) 2016-10-24T04:52:39.867+0800: 315.213: [ParNew
Desired survivor size 20112992 bytes, new threshold 6 (max 8)
- age   1:    6424056 bytes,    6424056 total
- age   2:    3966168 bytes,   10390224 total
- age   3:    3874600 bytes,   14264824 total
- age   4:    3127728 bytes,   17392552 total
- age   5:    2130808 bytes,   19523360 total
- age   6:    1938576 bytes,   21461936 total
: 109248K->21824K(109248K), 0.0225836 secs] 216344K->139101K(502464K), 0.0226459 secs] [Times: user=0.08 sys=0.00, real=0.02 secs] 
Heap after GC invocations=195 (full 10):
 par new generation   total 109248K, used 21824K [0x00000007a0000000, 0x00000007a8000000, 0x00000007a8000000)
  eden space 87424K,   0% used [0x00000007a0000000, 0x00000007a0000000, 0x00000007a5560000)
  from space 21824K, 100% used [0x00000007a6ab0000, 0x00000007a8000000, 0x00000007a8000000)
  to   space 21824K,   0% used [0x00000007a5560000, 0x00000007a5560000, 0x00000007a6ab0000)
 concurrent mark-sweep generation total 393216K, used 117277K [0x00000007a8000000, 0x00000007c0000000, 0x00000007c0000000)
 Metaspace       used 34257K, capacity 34784K, committed 35196K, reserved 1081344K
  class space    used 4023K, capacity 4185K, committed 4220K, reserved 1048576K
}
2016-10-24T04:52:39.889+0800: 315.236: Total time for which application threads were stopped: 0.0228185 seconds, Stopping threads took: 0.0000284 seconds
{Heap before GC invocations=195 (full 10):
 par new generation   total 109248K, used 109248K [0x00000007a0000000, 0x00000007a8000000, 0x00000007a8000000)
  eden space 87424K, 100% used [0x00000007a0000000, 0x00000007a5560000, 0x00000007a5560000)
  from space 21824K, 100% used [0x00000007a6ab0000, 0x00000007a8000000, 0x00000007a8000000)
  to   space 21824K,   0% used [0x00000007a5560000, 0x00000007a5560000, 0x00000007a6ab0000)
 concurrent mark-sweep generation total 393216K, used 117277K [0x00000007a8000000, 0x00000007c0000000, 0x00000007c0000000)
 Metaspace       used 34257K, capacity 34784K, committed 35196K, reserved 1081344K
  class space    used 4023K, capacity 4185K, committed 4220K, reserved 1048576K
2016-10-24T04:52:40.110+0800: 315.457: [GC (Allocation Failure) 2016-10-24T04:52:40.110+0800: 315.457: [ParNew
Desired survivor size 20112992 bytes, new threshold 6 (max 8)
- age   1:    4257712 bytes,    4257712 total
- age   2:    4106288 bytes,    8364000 total
- age   3:    3836768 bytes,   12200768 total
- age   4:    3640728 bytes,   15841496 total
- age   5:    2789264 bytes,   18630760 total
- age   6:    1915312 bytes,   20546072 total
: 109248K->21824K(109248K), 0.0258676 secs] 226525K->147764K(502464K), 0.0259309 secs] [Times: user=0.10 sys=0.00, real=0.02 secs] 
Heap after GC invocations=196 (full 10):
 par new generation   total 109248K, used 21824K [0x00000007a0000000, 0x00000007a8000000, 0x00000007a8000000)
  eden space 87424K,   0% used [0x00000007a0000000, 0x00000007a0000000, 0x00000007a5560000)
  from space 21824K, 100% used [0x00000007a5560000, 0x00000007a6ab0000, 0x00000007a6ab0000)
  to   space 21824K,   0% used [0x00000007a6ab0000, 0x00000007a6ab0000, 0x00000007a8000000)
 concurrent mark-sweep generation total 393216K, used 125940K [0x00000007a8000000, 0x00000007c0000000, 0x00000007c0000000)
 Metaspace       used 34257K, capacity 34784K, committed 35196K, reserved 1081344K
  class space    used 4023K, capacity 4185K, committed 4220K, reserved 1048576K
}
2016-10-24T04:52:40.136+0800: 315.483: Total time for which application threads were stopped: 0.0260980 seconds, Stopping threads took: 0.0000302 seconds
{Heap before GC invocations=196 (full 10):
 par new generation   total 109248K, used 109248K [0x00000007a0000000, 0x00000007a8000000, 0x00000007a8000000)
  eden space 87424K, 100% used [0x00000007a0000000, 0x00000007a5560000, 0x00000007a5560000)
  from space 21824K, 100% used [0x00000007a5560000, 0x00000007a6ab0000, 0x00000007a6ab0000)
  to   space 21824K,   0% used [0x00000007a6ab0000, 0x00000007a6ab0000, 0x00000007a8000000)
 concurrent mark-sweep generation total 393216K, used 125940K [0x00000007a8000000, 0x00000007c0000000, 0x00000007c0000000)
 Metaspace       used 34257K, capacity 34784K, committed 35196K, reserved 1081344K
  class space    used 4023K, capacity 4185K, committed 4220K, reserved 1048576K
2016-10-24T04:52:40.362+0800: 315.709: [GC (Allocation Failure) 2016-10-24T04:52:40.362+0800: 315.709: [ParNew
Desired survivor size 20112992 bytes, new threshold 6 (max 8)
- age   1:    4887976 bytes,    4887976 total
- age   2:    3622968 bytes,    8510944 total
- age   3:    3978320 bytes,   12489264 total
- age   4:    3803136 bytes,   16292400 total
- age   5:    3588000 bytes,   19880400 total
- age   6:    2204904 bytes,   22085304 total
: 109248K->21824K(109248K), 0.0228863 secs] 235188K->155119K(502464K), 0.0229545 secs] [Times: user=0.08 sys=0.00, real=0.02 secs] 
Heap after GC invocations=197 (full 10):
 par new generation   total 109248K, used 21824K [0x00000007a0000000, 0x00000007a8000000, 0x00000007a8000000)
  eden space 87424K,   0% used [0x00000007a0000000, 0x00000007a0000000, 0x00000007a5560000)
  from space 21824K, 100% used [0x00000007a6ab0000, 0x00000007a8000000, 0x00000007a8000000)
  to   space 21824K,   0% used [0x00000007a5560000, 0x00000007a5560000, 0x00000007a6ab0000)
 concurrent mark-sweep generation total 393216K, used 133295K [0x00000007a8000000, 0x00000007c0000000, 0x00000007c0000000)
 Metaspace       used 34257K, capacity 34784K, committed 35196K, reserved 1081344K
  class space    used 4023K, capacity 4185K, committed 4220K, reserved 1048576K
}
2016-10-24T04:52:40.385+0800: 315.732: Total time for which application threads were stopped: 0.0231385 seconds, Stopping threads took: 0.0000218 seconds
{Heap before GC invocations=197 (full 10):
 par new generation   total 109248K, used 109248K [0x00000007a0000000, 0x00000007a8000000, 0x00000007a8000000)
  eden space 87424K, 100% used [0x00000007a0000000, 0x00000007a5560000, 0x00000007a5560000)
  from space 21824K, 100% used [0x00000007a6ab0000, 0x00000007a8000000, 0x00000007a8000000)
  to   space 21824K,   0% used [0x00000007a5560000, 0x00000007a5560000, 0x00000007a6ab0000)
 concurrent mark-sweep generation total 393216K, used 133295K [0x00000007a8000000, 0x00000007c0000000, 0x00000007c0000000)
 Metaspace       used 34257K, capacity 34784K, committed 35196K, reserved 1081344K
  class space    used 4023K, capacity 4185K, committed 4220K, reserved 1048576K
2016-10-24T04:52:40.609+0800: 315.955: [GC (Allocation Failure) 2016-10-24T04:52:40.609+0800: 315.955: [ParNew
Desired survivor size 20112992 bytes, new threshold 6 (max 8)
- age   1:    4966968 bytes,    4966968 total
- age   2:    3809448 bytes,    8776416 total
- age   3:    3475200 bytes,   12251616 total
- age   4:    3270096 bytes,   15521712 total
- age   5:    3388392 bytes,   18910104 total
- age   6:    2897576 bytes,   21807680 total
: 109248K->21824K(109248K), 0.0240189 secs] 242543K->165833K(502464K), 0.0240923 secs] [Times: user=0.09 sys=0.00, real=0.03 secs] 
Heap after GC invocations=198 (full 10):
 par new generation   total 109248K, used 21824K [0x00000007a0000000, 0x00000007a8000000, 0x00000007a8000000)
  eden space 87424K,   0% used [0x00000007a0000000, 0x00000007a0000000, 0x00000007a5560000)
  from space 21824K, 100% used [0x00000007a5560000, 0x00000007a6ab0000, 0x00000007a6ab0000)
  to   space 21824K,   0% used [0x00000007a6ab0000, 0x00000007a6ab0000, 0x00000007a8000000)
 concurrent mark-sweep generation total 393216K, used 144009K [0x00000007a8000000, 0x00000007c0000000, 0x00000007c0000000)
 Metaspace       used 34257K, capacity 34784K, committed 35196K, reserved 1081344K
  class space    used 4023K, capacity 4185K, committed 4220K, reserved 1048576K
}
2016-10-24T04:52:40.633+0800: 315.979: Total time for which application threads were stopped: 0.0242592 seconds, Stopping threads took: 0.0000293 seconds
{Heap before GC invocations=198 (full 10):
 par new generation   total 109248K, used 109248K [0x00000007a0000000, 0x00000007a8000000, 0x00000007a8000000)
  eden space 87424K, 100% used [0x00000007a0000000, 0x00000007a5560000, 0x00000007a5560000)
  from space 21824K, 100% used [0x00000007a5560000, 0x00000007a6ab0000, 0x00000007a6ab0000)
  to   space 21824K,   0% used [0x00000007a6ab0000, 0x00000007a6ab0000, 0x00000007a8000000)
 concurrent mark-sweep generation total 393216K, used 144009K [0x00000007a8000000, 0x00000007c0000000, 0x00000007c0000000)
 Metaspace       used 34257K, capacity 34784K, committed 35196K, reserved 1081344K
  class space    used 4023K, capacity 4185K, committed 4220K, reserved 1048576K
2016-10-24T04:52:40.849+0800: 316.196: [GC (Allocation Failure) 2016-10-24T04:52:40.849+0800: 316.196: [ParNew
Desired survivor size 20112992 bytes, new threshold 6 (max 8)
- age   1:    5581536 bytes,    5581536 total
- age   2:    2664480 bytes,    8246016 total
- age   3:    3798688 bytes,   12044704 total
- age   4:    3462816 bytes,   15507520 total
- age   5:    3257600 bytes,   18765120 total
- age   6:    3382856 bytes,   22147976 total
: 109248K->21824K(109248K), 0.0229761 secs] 253257K->174565K(502464K), 0.0230482 secs] [Times: user=0.09 sys=0.00, real=0.03 secs] 
Heap after GC invocations=199 (full 10):
 par new generation   total 109248K, used 21824K [0x00000007a0000000, 0x00000007a8000000, 0x00000007a8000000)
  eden space 87424K,   0% used [0x00000007a0000000, 0x00000007a0000000, 0x00000007a5560000)
  from space 21824K, 100% used [0x00000007a6ab0000, 0x00000007a8000000, 0x00000007a8000000)
  to   space 21824K,   0% used [0x00000007a5560000, 0x00000007a5560000, 0x00000007a6ab0000)
 concurrent mark-sweep generation total 393216K, used 152741K [0x00000007a8000000, 0x00000007c0000000, 0x00000007c0000000)
 Metaspace       used 34257K, capacity 34784K, committed 35196K, reserved 1081344K
  class space    used 4023K, capacity 4185K, committed 4220K, reserved 1048576K
}
2016-10-24T04:52:40.872+0800: 316.219: Total time for which application threads were stopped: 0.0232272 seconds, Stopping threads took: 0.0000317 seconds
{Heap before GC invocations=199 (full 10):
 par new generation   total 109248K, used 107636K [0x00000007a0000000, 0x00000007a8000000, 0x00000007a8000000)
  eden space 87424K,  98% used [0x00000007a0000000, 0x00000007a53cd3f8, 0x00000007a5560000)
  from space 21824K, 100% used [0x00000007a6ab0000, 0x00000007a8000000, 0x00000007a8000000)
  to   space 21824K,   0% used [0x00000007a5560000, 0x00000007a5560000, 0x00000007a6ab0000)
 concurrent mark-sweep generation total 393216K, used 152741K [0x00000007a8000000, 0x00000007c0000000, 0x00000007c0000000)
 Metaspace       used 34257K, capacity 34784K, committed 35196K, reserved 1081344K
  class space    used 4023K, capacity 4185K, committed 4220K, reserved 1048576K
2016-10-24T04:52:41.097+0800: 316.444: [GC (Allocation Failure) 2016-10-24T04:52:41.097+0800: 316.444: [ParNew
Desired survivor size 20112992 bytes, new threshold 6 (max 8)
- age   1:    4457776 bytes,    4457776 total
- age   2:    4630200 bytes,    9087976 total
- age   3:    2492128 bytes,   11580104 total
- age   4:    3699808 bytes,   15279912 total
- age   5:    3364104 bytes,   18644016 total
- age   6:    3156304 bytes,   21800320 total
: 107636K->21824K(109248K), 0.0242024 secs] 260378K->180416K(502464K), 0.0242564 secs] [Times: user=0.09 sys=0.00, real=0.03 secs] 
Heap after GC invocations=200 (full 10):
 par new generation   total 109248K, used 21824K [0x00000007a0000000, 0x00000007a8000000, 0x00000007a8000000)
  eden space 87424K,   0% used [0x00000007a0000000, 0x00000007a0000000, 0x00000007a5560000)
  from space 21824K, 100% used [0x00000007a5560000, 0x00000007a6ab0000, 0x00000007a6ab0000)
  to   space 21824K,   0% used [0x00000007a6ab0000, 0x00000007a6ab0000, 0x00000007a8000000)
 concurrent mark-sweep generation total 393216K, used 158592K [0x00000007a8000000, 0x00000007c0000000, 0x00000007c0000000)
 Metaspace       used 34257K, capacity 34784K, committed 35196K, reserved 1081344K
  class space    used 4023K, capacity 4185K, committed 4220K, reserved 1048576K
}
2016-10-24T04:52:41.121+0800: 316.468: Total time for which application threads were stopped: 0.0244394 seconds, Stopping threads took: 0.0000288 seconds
{Heap before GC invocations=200 (full 10):
 par new generation   total 109248K, used 109248K [0x00000007a0000000, 0x00000007a8000000, 0x00000007a8000000)
  eden space 87424K, 100% used [0x00000007a0000000, 0x00000007a5560000, 0x00000007a5560000)
  from space 21824K, 100% used [0x00000007a5560000, 0x00000007a6ab0000, 0x00000007a6ab0000)
  to   space 21824K,   0% used [0x00000007a6ab0000, 0x00000007a6ab0000, 0x00000007a8000000)
 concurrent mark-sweep generation total 393216K, used 158592K [0x00000007a8000000, 0x00000007c0000000, 0x00000007c0000000)
 Metaspace       used 34257K, capacity 34784K, committed 35196K, reserved 1081344K
  class space    used 4023K, capacity 4185K, committed 4220K, reserved 1048576K
2016-10-24T04:52:41.360+0800: 316.706: [GC (Allocation Failure) 2016-10-24T04:52:41.360+0800: 316.706: [ParNew
Desired survivor size 20112992 bytes, new threshold 6 (max 8)
- age   1:    5304408 bytes,    5304408 total
- age   2:    3741592 bytes,    9046000 total
- age   3:    3350448 bytes,   12396448 total
- age   4:    2072824 bytes,   14469272 total
- age   5:    3415984 bytes,   17885256 total
- age   6:    3078480 bytes,   20963736 total
: 109248K->21824K(109248K), 0.0264820 secs] 267840K->195907K(502464K), 0.0265471 secs] [Times: user=0.10 sys=0.01, real=0.02 secs] 
Heap after GC invocations=201 (full 10):
 par new generation   total 109248K, used 21824K [0x00000007a0000000, 0x00000007a8000000, 0x00000007a8000000)
  eden space 87424K,   0% used [0x00000007a0000000, 0x00000007a0000000, 0x00000007a5560000)
  from space 21824K, 100% used [0x00000007a6ab0000, 0x00000007a8000000, 0x00000007a8000000)
  to   space 21824K,   0% used [0x00000007a5560000, 0x00000007a5560000, 0x00000007a6ab0000)
 concurrent mark-sweep generation total 393216K, used 174083K [0x00000007a8000000, 0x00000007c0000000, 0x00000007c0000000)
 Metaspace       used 34257K, capacity 34784K, committed 35196K, reserved 1081344K
  class space    used 4023K, capacity 4185K, committed 4220K, reserved 1048576K
}
2016-10-24T04:52:41.386+0800: 316.733: Total time for which application threads were stopped: 0.0267386 seconds, Stopping threads took: 0.0000304 seconds
{Heap before GC invocations=201 (full 10):
 par new generation   total 109248K, used 109107K [0x00000007a0000000, 0x00000007a8000000, 0x00000007a8000000)
  eden space 87424K,  99% used [0x00000007a0000000, 0x00000007a553cea8, 0x00000007a5560000)
  from space 21824K, 100% used [0x00000007a6ab0000, 0x00000007a8000000, 0x00000007a8000000)
  to   space 21824K,   0% used [0x00000007a5560000, 0x00000007a5560000, 0x00000007a6ab0000)
 concurrent mark-sweep generation total 393216K, used 174083K [0x00000007a8000000, 0x00000007c0000000, 0x00000007c0000000)
 Metaspace       used 34257K, capacity 34784K, committed 35196K, reserved 1081344K
  class space    used 4023K, capacity 4185K, committed 4220K, reserved 1048576K
2016-10-24T04:52:41.622+0800: 316.968: [GC (Allocation Failure) 2016-10-24T04:52:41.622+0800: 316.968: [ParNew
Desired survivor size 20112992 bytes, new threshold 6 (max 8)
- age   1:    5418488 bytes,    5418488 total
- age   2:    5050008 bytes,   10468496 total
- age   3:    3572168 bytes,   14040664 total
- age   4:    3189008 bytes,   17229672 total
- age   5:    1904600 bytes,   19134272 total
- age   6:    3208184 bytes,   22342456 total
: 109107K->21824K(109248K), 0.0237494 secs] 283190K->203752K(502464K), 0.0238227 secs] [Times: user=0.09 sys=0.00, real=0.02 secs] 
Heap after GC invocations=202 (full 10):
 par new generation   total 109248K, used 21824K [0x00000007a0000000, 0x00000007a8000000, 0x00000007a8000000)
  eden space 87424K,   0% used [0x00000007a0000000, 0x00000007a0000000, 0x00000007a5560000)
  from space 21824K, 100% used [0x00000007a5560000, 0x00000007a6ab0000, 0x00000007a6ab0000)
  to   space 21824K,   0% used [0x00000007a6ab0000, 0x00000007a6ab0000, 0x00000007a8000000)
 concurrent mark-sweep generation total 393216K, used 181928K [0x00000007a8000000, 0x00000007c0000000, 0x00000007c0000000)
 Metaspace       used 34257K, capacity 34784K, committed 35196K, reserved 1081344K
  class space    used 4023K, capacity 4185K, committed 4220K, reserved 1048576K
}
2016-10-24T04:52:41.646+0800: 316.992: Total time for which application threads were stopped: 0.0240028 seconds, Stopping threads took: 0.0000289 seconds
{Heap before GC invocations=202 (full 10):
 par new generation   total 109248K, used 109248K [0x00000007a0000000, 0x00000007a8000000, 0x00000007a8000000)
  eden space 87424K, 100% used [0x00000007a0000000, 0x00000007a5560000, 0x00000007a5560000)
  from space 21824K, 100% used [0x00000007a5560000, 0x00000007a6ab0000, 0x00000007a6ab0000)
  to   space 21824K,   0% used [0x00000007a6ab0000, 0x00000007a6ab0000, 0x00000007a8000000)
 concurrent mark-sweep generation total 393216K, used 181928K [0x00000007a8000000, 0x00000007c0000000, 0x00000007c0000000)
 Metaspace       used 34257K, capacity 34784K, committed 35196K, reserved 1081344K
  class space    used 4023K, capacity 4185K, committed 4220K, reserved 1048576K
2016-10-24T04:52:41.854+0800: 317.201: [GC (Allocation Failure) 2016-10-24T04:52:41.854+0800: 317.201: [ParNew
Desired survivor size 20112992 bytes, new threshold 5 (max 8)
- age   1:    6142848 bytes,    6142848 total
- age   2:    4427656 bytes,   10570504 total
- age   3:    3971032 bytes,   14541536 total
- age   4:    3301088 bytes,   17842624 total
- age   5:    2646360 bytes,   20488984 total
- age   6:    1744192 bytes,   22233176 total
: 109248K->21824K(109248K), 0.0240241 secs] 291176K->214998K(502464K), 0.0241141 secs] [Times: user=0.09 sys=0.00, real=0.02 secs] 
Heap after GC invocations=203 (full 10):
 par new generation   total 109248K, used 21824K [0x00000007a0000000, 0x00000007a8000000, 0x00000007a8000000)
  eden space 87424K,   0% used [0x00000007a0000000, 0x00000007a0000000, 0x00000007a5560000)
  from space 21824K, 100% used [0x00000007a6ab0000, 0x00000007a8000000, 0x00000007a8000000)
  to   space 21824K,   0% used [0x00000007a5560000, 0x00000007a5560000, 0x00000007a6ab0000)
 concurrent mark-sweep generation total 393216K, used 193174K [0x00000007a8000000, 0x00000007c0000000, 0x00000007c0000000)
 Metaspace       used 34257K, capacity 34784K, committed 35196K, reserved 1081344K
  class space    used 4023K, capacity 4185K, committed 4220K, reserved 1048576K
}
2016-10-24T04:52:41.878+0800: 317.225: Total time for which application threads were stopped: 0.0243351 seconds, Stopping threads took: 0.0000302 seconds
{Heap before GC invocations=203 (full 10):
 par new generation   total 109248K, used 109248K [0x00000007a0000000, 0x00000007a8000000, 0x00000007a8000000)
  eden space 87424K, 100% used [0x00000007a0000000, 0x00000007a5560000, 0x00000007a5560000)
  from space 21824K, 100% used [0x00000007a6ab0000, 0x00000007a8000000, 0x00000007a8000000)
  to   space 21824K,   0% used [0x00000007a5560000, 0x00000007a5560000, 0x00000007a6ab0000)
 concurrent mark-sweep generation total 393216K, used 193174K [0x00000007a8000000, 0x00000007c0000000, 0x00000007c0000000)
 Metaspace       used 34257K, capacity 34784K, committed 35196K, reserved 1081344K
  class space    used 4023K, capacity 4185K, committed 4220K, reserved 1048576K
2016-10-24T04:52:42.095+0800: 317.441: [GC (Allocation Failure) 2016-10-24T04:52:42.095+0800: 317.441: [ParNew
Desired survivor size 20112992 bytes, new threshold 5 (max 8)
- age   1:    7260216 bytes,    7260216 total
- age   2:    4394144 bytes,   11654360 total
- age   3:    3242072 bytes,   14896432 total
- age   4:    3785024 bytes,   18681456 total
- age   5:    1786032 bytes,   20467488 total
: 109248K->21824K(109248K), 0.0263208 secs] 302422K->227374K(502464K), 0.0263838 secs] [Times: user=0.10 sys=0.00, real=0.03 secs] 
Heap after GC invocations=204 (full 10):
 par new generation   total 109248K, used 21824K [0x00000007a0000000, 0x00000007a8000000, 0x00000007a8000000)
  eden space 87424K,   0% used [0x00000007a0000000, 0x00000007a0000000, 0x00000007a5560000)
  from space 21824K, 100% used [0x00000007a5560000, 0x00000007a6ab0000, 0x00000007a6ab0000)
  to   space 21824K,   0% used [0x00000007a6ab0000, 0x00000007a6ab0000, 0x00000007a8000000)
 concurrent mark-sweep generation total 393216K, used 205550K [0x00000007a8000000, 0x00000007c0000000, 0x00000007c0000000)
 Metaspace       used 34257K, capacity 34784K, committed 35196K, reserved 1081344K
  class space    used 4023K, capacity 4185K, committed 4220K, reserved 1048576K
}
2016-10-24T04:52:42.121+0800: 317.468: Total time for which application threads were stopped: 0.0265494 seconds, Stopping threads took: 0.0000200 seconds
2016-10-24T04:52:42.121+0800: 317.468: [GC (CMS Initial Mark) [1 CMS-initial-mark: 205550K(393216K)] 229115K(502464K), 0.0041606 secs] [Times: user=0.01 sys=0.00, real=0.00 secs] 
2016-10-24T04:52:42.126+0800: 317.472: Total time for which application threads were stopped: 0.0043378 seconds, Stopping threads took: 0.0000573 seconds
2016-10-24T04:52:42.126+0800: 317.472: [CMS-concurrent-mark-start]
2016-10-24T04:52:42.191+0800: 317.538: [CMS-concurrent-mark: 0.065/0.065 secs] [Times: user=0.32 sys=0.01, real=0.07 secs] 
2016-10-24T04:52:42.191+0800: 317.538: [CMS-concurrent-preclean-start]
2016-10-24T04:52:42.200+0800: 317.546: [CMS-concurrent-preclean: 0.008/0.009 secs] [Times: user=0.02 sys=0.00, real=0.01 secs] 
2016-10-24T04:52:42.200+0800: 317.546: [CMS-concurrent-abortable-preclean-start]
{Heap before GC invocations=204 (full 11):
 par new generation   total 109248K, used 109248K [0x00000007a0000000, 0x00000007a8000000, 0x00000007a8000000)
  eden space 87424K, 100% used [0x00000007a0000000, 0x00000007a5560000, 0x00000007a5560000)
  from space 21824K, 100% used [0x00000007a5560000, 0x00000007a6ab0000, 0x00000007a6ab0000)
  to   space 21824K,   0% used [0x00000007a6ab0000, 0x00000007a6ab0000, 0x00000007a8000000)
 concurrent mark-sweep generation total 393216K, used 205550K [0x00000007a8000000, 0x00000007c0000000, 0x00000007c0000000)
 Metaspace       used 34257K, capacity 34784K, committed 35196K, reserved 1081344K
  class space    used 4023K, capacity 4185K, committed 4220K, reserved 1048576K
2016-10-24T04:52:42.370+0800: 317.716: [GC (Allocation Failure) 2016-10-24T04:52:42.370+0800: 317.716: [ParNew
Desired survivor size 20112992 bytes, new threshold 8 (max 8)
- age   1:    6060104 bytes,    6060104 total
- age   2:    3934984 bytes,    9995088 total
- age   3:    2581144 bytes,   12576232 total
- age   4:    3221544 bytes,   15797776 total
- age   5:    3763768 bytes,   19561544 total
: 109248K->21824K(109248K), 0.0248717 secs] 314798K->233765K(502464K), 0.0249533 secs] [Times: user=0.10 sys=0.00, real=0.02 secs] 
Heap after GC invocations=205 (full 11):
 par new generation   total 109248K, used 21824K [0x00000007a0000000, 0x00000007a8000000, 0x00000007a8000000)
  eden space 87424K,   0% used [0x00000007a0000000, 0x00000007a0000000, 0x00000007a5560000)
  from space 21824K, 100% used [0x00000007a6ab0000, 0x00000007a8000000, 0x00000007a8000000)
  to   space 21824K,   0% used [0x00000007a5560000, 0x00000007a5560000, 0x00000007a6ab0000)
 concurrent mark-sweep generation total 393216K, used 211941K [0x00000007a8000000, 0x00000007c0000000, 0x00000007c0000000)
 Metaspace       used 34257K, capacity 34784K, committed 35196K, reserved 1081344K
  class space    used 4023K, capacity 4185K, committed 4220K, reserved 1048576K
}
2016-10-24T04:52:42.395+0800: 317.741: Total time for which application threads were stopped: 0.0251194 seconds, Stopping threads took: 0.0000295 seconds
2016-10-24T04:52:42.564+0800: 317.911: [CMS-concurrent-abortable-preclean: 0.333/0.364 secs] [Times: user=0.76 sys=0.00, real=0.36 secs] 
2016-10-24T04:52:42.564+0800: 317.911: [GC (CMS Final Remark) [YG occupancy: 85195 K (109248 K)]{Heap before GC invocations=205 (full 11):
 par new generation   total 109248K, used 85195K [0x00000007a0000000, 0x00000007a8000000, 0x00000007a8000000)
  eden space 87424K,  72% used [0x00000007a0000000, 0x00000007a3de2e80, 0x00000007a5560000)
  from space 21824K, 100% used [0x00000007a6ab0000, 0x00000007a8000000, 0x00000007a8000000)
  to   space 21824K,   0% used [0x00000007a5560000, 0x00000007a5560000, 0x00000007a6ab0000)
 concurrent mark-sweep generation total 393216K, used 211941K [0x00000007a8000000, 0x00000007c0000000, 0x00000007c0000000)
 Metaspace       used 34257K, capacity 34784K, committed 35196K, reserved 1081344K
  class space    used 4023K, capacity 4185K, committed 4220K, reserved 1048576K
2016-10-24T04:52:42.564+0800: 317.911: [GC (CMS Final Remark) 2016-10-24T04:52:42.564+0800: 317.911: [ParNew
Desired survivor size 20112992 bytes, new threshold 6 (max 8)
- age   1:    6565336 bytes,    6565336 total
- age   2:    4768112 bytes,   11333448 total
- age   3:    2834776 bytes,   14168224 total
- age   4:    2010624 bytes,   16178848 total
- age   5:    2761168 bytes,   18940016 total
- age   6:    3402936 bytes,   22342952 total
: 85195K->21824K(109248K), 0.0325741 secs] 297136K->238538K(502464K), 0.0326352 secs] [Times: user=0.13 sys=0.00, real=0.03 secs] 
Heap after GC invocations=206 (full 11):
 par new generation   total 109248K, used 21824K [0x00000007a0000000, 0x00000007a8000000, 0x00000007a8000000)
  eden space 87424K,   0% used [0x00000007a0000000, 0x00000007a0000000, 0x00000007a5560000)
  from space 21824K, 100% used [0x00000007a5560000, 0x00000007a6ab0000, 0x00000007a6ab0000)
  to   space 21824K,   0% used [0x00000007a6ab0000, 0x00000007a6ab0000, 0x00000007a8000000)
 concurrent mark-sweep generation total 393216K, used 216714K [0x00000007a8000000, 0x00000007c0000000, 0x00000007c0000000)
 Metaspace       used 34257K, capacity 34784K, committed 35196K, reserved 1081344K
  class space    used 4023K, capacity 4185K, committed 4220K, reserved 1048576K
}
2016-10-24T04:52:42.597+0800: 317.944: [Rescan (parallel) , 0.0167132 secs]2016-10-24T04:52:42.614+0800: 317.960: [weak refs processing, 0.0010230 secs]2016-10-24T04:52:42.615+0800: 317.961: [class unloading, 0.0067799 secs]2016-10-24T04:52:42.621+0800: 317.968: [scrub symbol table, 0.0041672 secs]2016-10-24T04:52:42.626+0800: 317.972: [scrub string table, 0.0004612 secs][1 CMS-remark: 216714K(393216K)] 238538K(502464K), 0.0620780 secs] [Times: user=0.20 sys=0.00, real=0.06 secs] 
2016-10-24T04:52:42.626+0800: 317.973: Total time for which application threads were stopped: 0.0623299 seconds, Stopping threads took: 0.0000991 seconds
2016-10-24T04:52:42.626+0800: 317.973: [CMS-concurrent-sweep-start]
2016-10-24T04:52:42.680+0800: 318.027: [CMS-concurrent-sweep: 0.054/0.054 secs] [Times: user=0.10 sys=0.00, real=0.06 secs] 
2016-10-24T04:52:42.680+0800: 318.027: [CMS-concurrent-reset-start]
2016-10-24T04:52:42.680+0800: 318.027: [CMS-concurrent-reset: 0.000/0.000 secs] [Times: user=0.00 sys=0.00, real=0.00 secs] 
{Heap before GC invocations=206 (full 11):
 par new generation   total 109248K, used 109248K [0x00000007a0000000, 0x00000007a8000000, 0x00000007a8000000)
  eden space 87424K, 100% used [0x00000007a0000000, 0x00000007a5560000, 0x00000007a5560000)
  from space 21824K, 100% used [0x00000007a5560000, 0x00000007a6ab0000, 0x00000007a6ab0000)
  to   space 21824K,   0% used [0x00000007a6ab0000, 0x00000007a6ab0000, 0x00000007a8000000)
 concurrent mark-sweep generation total 393216K, used 168178K [0x00000007a8000000, 0x00000007c0000000, 0x00000007c0000000)
 Metaspace       used 34257K, capacity 34784K, committed 35196K, reserved 1081344K
  class space    used 4023K, capacity 4185K, committed 4220K, reserved 1048576K
2016-10-24T04:52:42.845+0800: 318.192: [GC (Allocation Failure) 2016-10-24T04:52:42.845+0800: 318.192: [ParNew
Desired survivor size 20112992 bytes, new threshold 8 (max 8)
- age   1:    5975680 bytes,    5975680 total
- age   2:    5846384 bytes,   11822064 total
- age   3:    2772528 bytes,   14594592 total
- age   4:    1404208 bytes,   15998800 total
- age   5:    1387056 bytes,   17385856 total
- age   6:    2092176 bytes,   19478032 total
: 109248K->21824K(109248K), 0.0239863 secs] 277426K->206647K(502464K), 0.0240504 secs] [Times: user=0.08 sys=0.00, real=0.02 secs] 
Heap after GC invocations=207 (full 11):
 par new generation   total 109248K, used 21824K [0x00000007a0000000, 0x00000007a8000000, 0x00000007a8000000)
  eden space 87424K,   0% used [0x00000007a0000000, 0x00000007a0000000, 0x00000007a5560000)
  from space 21824K, 100% used [0x00000007a6ab0000, 0x00000007a8000000, 0x00000007a8000000)
  to   space 21824K,   0% used [0x00000007a5560000, 0x00000007a5560000, 0x00000007a6ab0000)
 concurrent mark-sweep generation total 393216K, used 184823K [0x00000007a8000000, 0x00000007c0000000, 0x00000007c0000000)
 Metaspace       used 34257K, capacity 34784K, committed 35196K, reserved 1081344K
  class space    used 4023K, capacity 4185K, committed 4220K, reserved 1048576K
}
2016-10-24T04:52:42.869+0800: 318.216: Total time for which application threads were stopped: 0.0242188 seconds, Stopping threads took: 0.0000290 seconds
2016-10-24T04:52:43.247+0800: 318.594: Total time for which application threads were stopped: 0.0001080 seconds, Stopping threads took: 0.0000194 seconds
{Heap before GC invocations=207 (full 11):
 par new generation   total 109248K, used 109248K [0x00000007a0000000, 0x00000007a8000000, 0x00000007a8000000)
  eden space 87424K, 100% used [0x00000007a0000000, 0x00000007a5560000, 0x00000007a5560000)
  from space 21824K, 100% used [0x00000007a6ab0000, 0x00000007a8000000, 0x00000007a8000000)
  to   space 21824K,   0% used [0x00000007a5560000, 0x00000007a5560000, 0x00000007a6ab0000)
 concurrent mark-sweep generation total 393216K, used 184823K [0x00000007a8000000, 0x00000007c0000000, 0x00000007c0000000)
 Metaspace       used 34258K, capacity 34784K, committed 35196K, reserved 1081344K
  class space    used 4023K, capacity 4185K, committed 4220K, reserved 1048576K
2016-10-24T04:52:43.838+0800: 319.185: [GC (Allocation Failure) 2016-10-24T04:52:43.838+0800: 319.185: [ParNew
Desired survivor size 20112992 bytes, new threshold 8 (max 8)
- age   1:    2420896 bytes,    2420896 total
- age   2:    5084128 bytes,    7505024 total
- age   3:    5533288 bytes,   13038312 total
- age   4:    2420944 bytes,   15459256 total
- age   5:    1289000 bytes,   16748256 total
- age   6:    1265112 bytes,   18013368 total
- age   7:    1738584 bytes,   19751952 total
: 109248K->21824K(109248K), 0.0213100 secs] 294071K->210975K(502464K), 0.0213597 secs] [Times: user=0.08 sys=0.01, real=0.02 secs] 
Heap after GC invocations=208 (full 11):
 par new generation   total 109248K, used 21824K [0x00000007a0000000, 0x00000007a8000000, 0x00000007a8000000)
  eden space 87424K,   0% used [0x00000007a0000000, 0x00000007a0000000, 0x00000007a5560000)
  from space 21824K, 100% used [0x00000007a5560000, 0x00000007a6ab0000, 0x00000007a6ab0000)
  to   space 21824K,   0% used [0x00000007a6ab0000, 0x00000007a6ab0000, 0x00000007a8000000)
 concurrent mark-sweep generation total 393216K, used 189151K [0x00000007a8000000, 0x00000007c0000000, 0x00000007c0000000)
 Metaspace       used 34258K, capacity 34784K, committed 35196K, reserved 1081344K
  class space    used 4023K, capacity 4185K, committed 4220K, reserved 1048576K
}
2016-10-24T04:52:43.859+0800: 319.206: Total time for which application threads were stopped: 0.0215195 seconds, Stopping threads took: 0.0000262 seconds
{Heap before GC invocations=208 (full 11):
 par new generation   total 109248K, used 109248K [0x00000007a0000000, 0x00000007a8000000, 0x00000007a8000000)
  eden space 87424K, 100% used [0x00000007a0000000, 0x00000007a5560000, 0x00000007a5560000)
  from space 21824K, 100% used [0x00000007a5560000, 0x00000007a6ab0000, 0x00000007a6ab0000)
  to   space 21824K,   0% used [0x00000007a6ab0000, 0x00000007a6ab0000, 0x00000007a8000000)
 concurrent mark-sweep generation total 393216K, used 189151K [0x00000007a8000000, 0x00000007c0000000, 0x00000007c0000000)
 Metaspace       used 34258K, capacity 34784K, committed 35196K, reserved 1081344K
  class space    used 4023K, capacity 4185K, committed 4220K, reserved 1048576K
2016-10-24T04:52:43.892+0800: 319.239: [GC (Allocation Failure) 2016-10-24T04:52:43.892+0800: 319.239: [ParNew
Desired survivor size 20112992 bytes, new threshold 8 (max 8)
- age   1:     111496 bytes,     111496 total
- age   2:    2297576 bytes,    2409072 total
- age   3:    5032448 bytes,    7441520 total
- age   4:    5449304 bytes,   12890824 total
- age   5:    2228856 bytes,   15119680 total
- age   6:     924784 bytes,   16044464 total
- age   7:     877104 bytes,   16921568 total
- age   8:    1720288 bytes,   18641856 total
: 109248K->21824K(109248K), 0.0167710 secs] 298399K->212144K(502464K), 0.0168267 secs] [Times: user=0.06 sys=0.00, real=0.01 secs] 
Heap after GC invocations=209 (full 11):
 par new generation   total 109248K, used 21824K [0x00000007a0000000, 0x00000007a8000000, 0x00000007a8000000)
  eden space 87424K,   0% used [0x00000007a0000000, 0x00000007a0000000, 0x00000007a5560000)
  from space 21824K, 100% used [0x00000007a6ab0000, 0x00000007a8000000, 0x00000007a8000000)
  to   space 21824K,   0% used [0x00000007a5560000, 0x00000007a5560000, 0x00000007a6ab0000)
 concurrent mark-sweep generation total 393216K, used 190320K [0x00000007a8000000, 0x00000007c0000000, 0x00000007c0000000)
 Metaspace       used 34258K, capacity 34784K, committed 35196K, reserved 1081344K
  class space    used 4023K, capacity 4185K, committed 4220K, reserved 1048576K
}
2016-10-24T04:52:43.909+0800: 319.256: Total time for which application threads were stopped: 0.0170176 seconds, Stopping threads took: 0.0000193 seconds
{Heap before GC invocations=209 (full 11):
 par new generation   total 109248K, used 109248K [0x00000007a0000000, 0x00000007a8000000, 0x00000007a8000000)
  eden space 87424K, 100% used [0x00000007a0000000, 0x00000007a5560000, 0x00000007a5560000)
  from space 21824K, 100% used [0x00000007a6ab0000, 0x00000007a8000000, 0x00000007a8000000)
  to   space 21824K,   0% used [0x00000007a5560000, 0x00000007a5560000, 0x00000007a6ab0000)
 concurrent mark-sweep generation total 393216K, used 190320K [0x00000007a8000000, 0x00000007c0000000, 0x00000007c0000000)
 Metaspace       used 34258K, capacity 34784K, committed 35196K, reserved 1081344K
  class space    used 4023K, capacity 4185K, committed 4220K, reserved 1048576K
2016-10-24T04:52:43.940+0800: 319.287: [GC (Allocation Failure) 2016-10-24T04:52:43.940+0800: 319.287: [ParNew
Desired survivor size 20112992 bytes, new threshold 8 (max 8)
- age   1:      84776 bytes,      84776 total
- age   2:      28432 bytes,     113208 total
- age   3:    2297576 bytes,    2410784 total
- age   4:    5032448 bytes,    7443232 total
- age   5:    5449304 bytes,   12892536 total
- age   6:    2228856 bytes,   15121392 total
- age   7:     924784 bytes,   16046176 total
- age   8:     877104 bytes,   16923280 total
: 109248K->21824K(109248K), 0.0174142 secs] 299568K->213842K(502464K), 0.0174595 secs] [Times: user=0.07 sys=0.00, real=0.01 secs] 
Heap after GC invocations=210 (full 11):
 par new generation   total 109248K, used 21824K [0x00000007a0000000, 0x00000007a8000000, 0x00000007a8000000)
  eden space 87424K,   0% used [0x00000007a0000000, 0x00000007a0000000, 0x00000007a5560000)
  from space 21824K, 100% used [0x00000007a5560000, 0x00000007a6ab0000, 0x00000007a6ab0000)
  to   space 21824K,   0% used [0x00000007a6ab0000, 0x00000007a6ab0000, 0x00000007a8000000)
 concurrent mark-sweep generation total 393216K, used 192018K [0x00000007a8000000, 0x00000007c0000000, 0x00000007c0000000)
 Metaspace       used 34258K, capacity 34784K, committed 35196K, reserved 1081344K
  class space    used 4023K, capacity 4185K, committed 4220K, reserved 1048576K
}
2016-10-24T04:52:43.958+0800: 319.304: Total time for which application threads were stopped: 0.0176256 seconds, Stopping threads took: 0.0000279 seconds
{Heap before GC invocations=210 (full 11):
 par new generation   total 109248K, used 109248K [0x00000007a0000000, 0x00000007a8000000, 0x00000007a8000000)
  eden space 87424K, 100% used [0x00000007a0000000, 0x00000007a5560000, 0x00000007a5560000)
  from space 21824K, 100% used [0x00000007a5560000, 0x00000007a6ab0000, 0x00000007a6ab0000)
  to   space 21824K,   0% used [0x00000007a6ab0000, 0x00000007a6ab0000, 0x00000007a8000000)
 concurrent mark-sweep generation total 393216K, used 192018K [0x00000007a8000000, 0x00000007c0000000, 0x00000007c0000000)
 Metaspace       used 34258K, capacity 34784K, committed 35196K, reserved 1081344K
  class space    used 4023K, capacity 4185K, committed 4220K, reserved 1048576K
2016-10-24T04:52:44.061+0800: 319.408: [GC (Allocation Failure) 2016-10-24T04:52:44.061+0800: 319.408: [ParNew
Desired survivor size 20112992 bytes, new threshold 8 (max 8)
- age   1:     115920 bytes,     115920 total
- age   4:    2266288 bytes,    2382208 total
- age   5:    5032448 bytes,    7414656 total
- age   6:    5449304 bytes,   12863960 total
- age   7:    2228856 bytes,   15092816 total
- age   8:     924808 bytes,   16017624 total
: 109248K->20327K(109248K), 0.0172858 secs] 301266K->213234K(502464K), 0.0173276 secs] [Times: user=0.08 sys=0.00, real=0.01 secs] 
Heap after GC invocations=211 (full 11):
 par new generation   total 109248K, used 20327K [0x00000007a0000000, 0x00000007a8000000, 0x00000007a8000000)
  eden space 87424K,   0% used [0x00000007a0000000, 0x00000007a0000000, 0x00000007a5560000)
  from space 21824K,  93% used [0x00000007a6ab0000, 0x00000007a7e89d80, 0x00000007a8000000)
  to   space 21824K,   0% used [0x00000007a5560000, 0x00000007a5560000, 0x00000007a6ab0000)
 concurrent mark-sweep generation total 393216K, used 192906K [0x00000007a8000000, 0x00000007c0000000, 0x00000007c0000000)
 Metaspace       used 34258K, capacity 34784K, committed 35196K, reserved 1081344K
  class space    used 4023K, capacity 4185K, committed 4220K, reserved 1048576K
}
2016-10-24T04:52:44.078+0800: 319.425: Total time for which application threads were stopped: 0.0174852 seconds, Stopping threads took: 0.0000198 seconds
{Heap before GC invocations=211 (full 11):
 par new generation   total 109248K, used 107751K [0x00000007a0000000, 0x00000007a8000000, 0x00000007a8000000)
  eden space 87424K, 100% used [0x00000007a0000000, 0x00000007a5560000, 0x00000007a5560000)
  from space 21824K,  93% used [0x00000007a6ab0000, 0x00000007a7e89d80, 0x00000007a8000000)
  to   space 21824K,   0% used [0x00000007a5560000, 0x00000007a5560000, 0x00000007a6ab0000)
 concurrent mark-sweep generation total 393216K, used 192906K [0x00000007a8000000, 0x00000007c0000000, 0x00000007c0000000)
 Metaspace       used 34258K, capacity 34784K, committed 35196K, reserved 1081344K
  class space    used 4023K, capacity 4185K, committed 4220K, reserved 1048576K
2016-10-24T04:52:44.185+0800: 319.532: [GC (Allocation Failure) 2016-10-24T04:52:44.185+0800: 319.532: [ParNew
Desired survivor size 20112992 bytes, new threshold 8 (max 8)
- age   1:      82136 bytes,      82136 total
- age   2:      14864 bytes,      97000 total
- age   5:    2266288 bytes,    2363288 total
- age   6:    5032448 bytes,    7395736 total
- age   7:    5449304 bytes,   12845040 total
- age   8:    2228856 bytes,   15073896 total
: 107751K->16696K(109248K), 0.0175772 secs] 300658K->210541K(502464K), 0.0176372 secs] [Times: user=0.08 sys=0.00, real=0.02 secs] 
Heap after GC invocations=212 (full 11):
 par new generation   total 109248K, used 16696K [0x00000007a0000000, 0x00000007a8000000, 0x00000007a8000000)
  eden space 87424K,   0% used [0x00000007a0000000, 0x00000007a0000000, 0x00000007a5560000)
  from space 21824K,  76% used [0x00000007a5560000, 0x00000007a65ae250, 0x00000007a6ab0000)
  to   space 21824K,   0% used [0x00000007a6ab0000, 0x00000007a6ab0000, 0x00000007a8000000)
 concurrent mark-sweep generation total 393216K, used 193844K [0x00000007a8000000, 0x00000007c0000000, 0x00000007c0000000)
 Metaspace       used 34258K, capacity 34784K, committed 35196K, reserved 1081344K
  class space    used 4023K, capacity 4185K, committed 4220K, reserved 1048576K
}
2016-10-24T04:52:44.202+0800: 319.549: Total time for which application threads were stopped: 0.0177956 seconds, Stopping threads took: 0.0000195 seconds
{Heap before GC invocations=212 (full 11):
 par new generation   total 109248K, used 104120K [0x00000007a0000000, 0x00000007a8000000, 0x00000007a8000000)
  eden space 87424K, 100% used [0x00000007a0000000, 0x00000007a5560000, 0x00000007a5560000)
  from space 21824K,  76% used [0x00000007a5560000, 0x00000007a65ae250, 0x00000007a6ab0000)
  to   space 21824K,   0% used [0x00000007a6ab0000, 0x00000007a6ab0000, 0x00000007a8000000)
 concurrent mark-sweep generation total 393216K, used 193844K [0x00000007a8000000, 0x00000007c0000000, 0x00000007c0000000)
 Metaspace       used 34264K, capacity 34792K, committed 35196K, reserved 1081344K
  class space    used 4025K, capacity 4189K, committed 4220K, reserved 1048576K
2016-10-24T04:52:44.425+0800: 319.771: [GC (Allocation Failure) 2016-10-24T04:52:44.425+0800: 319.772: [ParNew
Desired survivor size 20112992 bytes, new threshold 8 (max 8)
- age   1:    5614096 bytes,    5614096 total
- age   6:    2063408 bytes,    7677504 total
- age   7:    4708688 bytes,   12386192 total
- age   8:    5315912 bytes,   17702104 total
: 104120K->21824K(109248K), 0.0191545 secs] 297965K->217762K(502464K), 0.0192143 secs] [Times: user=0.07 sys=0.00, real=0.02 secs] 
Heap after GC invocations=213 (full 11):
 par new generation   total 109248K, used 21824K [0x00000007a0000000, 0x00000007a8000000, 0x00000007a8000000)
  eden space 87424K,   0% used [0x00000007a0000000, 0x00000007a0000000, 0x00000007a5560000)
  from space 21824K, 100% used [0x00000007a6ab0000, 0x00000007a8000000, 0x00000007a8000000)
  to   space 21824K,   0% used [0x00000007a5560000, 0x00000007a5560000, 0x00000007a6ab0000)
 concurrent mark-sweep generation total 393216K, used 195938K [0x00000007a8000000, 0x00000007c0000000, 0x00000007c0000000)
 Metaspace       used 34264K, capacity 34792K, committed 35196K, reserved 1081344K
  class space    used 4025K, capacity 4189K, committed 4220K, reserved 1048576K
}
2016-10-24T04:52:44.444+0800: 319.791: Total time for which application threads were stopped: 0.0194342 seconds, Stopping threads took: 0.0000298 seconds
{Heap before GC invocations=213 (full 11):
 par new generation   total 109248K, used 109248K [0x00000007a0000000, 0x00000007a8000000, 0x00000007a8000000)
  eden space 87424K, 100% used [0x00000007a0000000, 0x00000007a5560000, 0x00000007a5560000)
  from space 21824K, 100% used [0x00000007a6ab0000, 0x00000007a8000000, 0x00000007a8000000)
  to   space 21824K,   0% used [0x00000007a5560000, 0x00000007a5560000, 0x00000007a6ab0000)
 concurrent mark-sweep generation total 393216K, used 195938K [0x00000007a8000000, 0x00000007c0000000, 0x00000007c0000000)
 Metaspace       used 34264K, capacity 34792K, committed 35196K, reserved 1081344K
  class space    used 4025K, capacity 4189K, committed 4220K, reserved 1048576K
2016-10-24T04:52:44.677+0800: 320.024: [GC (Allocation Failure) 2016-10-24T04:52:44.677+0800: 320.024: [ParNew
Desired survivor size 20112992 bytes, new threshold 8 (max 8)
- age   1:    6626544 bytes,    6626544 total
- age   2:    4539344 bytes,   11165888 total
- age   7:    2063408 bytes,   13229296 total
- age   8:    4708688 bytes,   17937984 total
: 109248K->21824K(109248K), 0.0212225 secs] 305186K->222972K(502464K), 0.0212805 secs] [Times: user=0.08 sys=0.00, real=0.02 secs] 
Heap after GC invocations=214 (full 11):
 par new generation   total 109248K, used 21824K [0x00000007a0000000, 0x00000007a8000000, 0x00000007a8000000)
  eden space 87424K,   0% used [0x00000007a0000000, 0x00000007a0000000, 0x00000007a5560000)
  from space 21824K, 100% used [0x00000007a5560000, 0x00000007a6ab0000, 0x00000007a6ab0000)
  to   space 21824K,   0% used [0x00000007a6ab0000, 0x00000007a6ab0000, 0x00000007a8000000)
 concurrent mark-sweep generation total 393216K, used 201148K [0x00000007a8000000, 0x00000007c0000000, 0x00000007c0000000)
 Metaspace       used 34264K, capacity 34792K, committed 35196K, reserved 1081344K
  class space    used 4025K, capacity 4189K, committed 4220K, reserved 1048576K
}
2016-10-24T04:52:44.699+0800: 320.045: Total time for which application threads were stopped: 0.0214486 seconds, Stopping threads took: 0.0000174 seconds
2016-10-24T04:52:44.699+0800: 320.046: [GC (CMS Initial Mark) [1 CMS-initial-mark: 201148K(393216K)] 224715K(502464K), 0.0037563 secs] [Times: user=0.02 sys=0.00, real=0.01 secs] 
2016-10-24T04:52:44.703+0800: 320.049: Total time for which application threads were stopped: 0.0039161 seconds, Stopping threads took: 0.0000686 seconds
2016-10-24T04:52:44.703+0800: 320.049: [CMS-concurrent-mark-start]
2016-10-24T04:52:44.768+0800: 320.115: [CMS-concurrent-mark: 0.065/0.065 secs] [Times: user=0.32 sys=0.00, real=0.06 secs] 
2016-10-24T04:52:44.768+0800: 320.115: [CMS-concurrent-preclean-start]
2016-10-24T04:52:44.772+0800: 320.119: [CMS-concurrent-preclean: 0.004/0.004 secs] [Times: user=0.00 sys=0.00, real=0.01 secs] 
2016-10-24T04:52:44.772+0800: 320.119: [CMS-concurrent-abortable-preclean-start]
{Heap before GC invocations=214 (full 12):
 par new generation   total 109248K, used 109248K [0x00000007a0000000, 0x00000007a8000000, 0x00000007a8000000)
  eden space 87424K, 100% used [0x00000007a0000000, 0x00000007a5560000, 0x00000007a5560000)
  from space 21824K, 100% used [0x00000007a5560000, 0x00000007a6ab0000, 0x00000007a6ab0000)
  to   space 21824K,   0% used [0x00000007a6ab0000, 0x00000007a6ab0000, 0x00000007a8000000)
 concurrent mark-sweep generation total 393216K, used 201148K [0x00000007a8000000, 0x00000007c0000000, 0x00000007c0000000)
 Metaspace       used 34264K, capacity 34792K, committed 35196K, reserved 1081344K
  class space    used 4025K, capacity 4189K, committed 4220K, reserved 1048576K
2016-10-24T04:52:44.933+0800: 320.279: [GC (Allocation Failure) 2016-10-24T04:52:44.933+0800: 320.279: [ParNew
Desired survivor size 20112992 bytes, new threshold 8 (max 8)
- age   1:    6681056 bytes,    6681056 total
- age   2:    5240600 bytes,   11921656 total
- age   3:    4506504 bytes,   16428160 total
- age   8:    2063408 bytes,   18491568 total
: 109248K->21824K(109248K), 0.0192357 secs] 310396K->227595K(502464K), 0.0193113 secs] [Times: user=0.08 sys=0.00, real=0.02 secs] 
Heap after GC invocations=215 (full 12):
 par new generation   total 109248K, used 21824K [0x00000007a0000000, 0x00000007a8000000, 0x00000007a8000000)
  eden space 87424K,   0% used [0x00000007a0000000, 0x00000007a0000000, 0x00000007a5560000)
  from space 21824K, 100% used [0x00000007a6ab0000, 0x00000007a8000000, 0x00000007a8000000)
  to   space 21824K,   0% used [0x00000007a5560000, 0x00000007a5560000, 0x00000007a6ab0000)
 concurrent mark-sweep generation total 393216K, used 205771K [0x00000007a8000000, 0x00000007c0000000, 0x00000007c0000000)
 Metaspace       used 34264K, capacity 34792K, committed 35196K, reserved 1081344K
  class space    used 4025K, capacity 4189K, committed 4220K, reserved 1048576K
}
2016-10-24T04:52:44.952+0800: 320.299: Total time for which application threads were stopped: 0.0194921 seconds, Stopping threads took: 0.0000298 seconds
2016-10-24T04:52:45.076+0800: 320.423: [CMS-concurrent-abortable-preclean: 0.280/0.304 secs] [Times: user=0.64 sys=0.00, real=0.30 secs] 
2016-10-24T04:52:45.076+0800: 320.423: [GC (CMS Final Remark) [YG occupancy: 69447 K (109248 K)]{Heap before GC invocations=215 (full 12):
 par new generation   total 109248K, used 69447K [0x00000007a0000000, 0x00000007a8000000, 0x00000007a8000000)
  eden space 87424K,  54% used [0x00000007a0000000, 0x00000007a2e81d00, 0x00000007a5560000)
  from space 21824K, 100% used [0x00000007a6ab0000, 0x00000007a8000000, 0x00000007a8000000)
  to   space 21824K,   0% used [0x00000007a5560000, 0x00000007a5560000, 0x00000007a6ab0000)
 concurrent mark-sweep generation total 393216K, used 205771K [0x00000007a8000000, 0x00000007c0000000, 0x00000007c0000000)
 Metaspace       used 34264K, capacity 34792K, committed 35196K, reserved 1081344K
  class space    used 4025K, capacity 4189K, committed 4220K, reserved 1048576K
2016-10-24T04:52:45.076+0800: 320.423: [GC (CMS Final Remark) 2016-10-24T04:52:45.076+0800: 320.423: [ParNew
Desired survivor size 20112992 bytes, new threshold 8 (max 8)
- age   1:    4269496 bytes,    4269496 total
- age   2:    4811200 bytes,    9080696 total
- age   3:    4465144 bytes,   13545840 total
- age   4:    4399336 bytes,   17945176 total
: 69447K->21824K(109248K), 0.0184856 secs] 275218K->231392K(502464K), 0.0185246 secs] [Times: user=0.07 sys=0.01, real=0.02 secs] 
Heap after GC invocations=216 (full 12):
 par new generation   total 109248K, used 21824K [0x00000007a0000000, 0x00000007a8000000, 0x00000007a8000000)
  eden space 87424K,   0% used [0x00000007a0000000, 0x00000007a0000000, 0x00000007a5560000)
  from space 21824K, 100% used [0x00000007a5560000, 0x00000007a6ab0000, 0x00000007a6ab0000)
  to   space 21824K,   0% used [0x00000007a6ab0000, 0x00000007a6ab0000, 0x00000007a8000000)
 concurrent mark-sweep generation total 393216K, used 209568K [0x00000007a8000000, 0x00000007c0000000, 0x00000007c0000000)
 Metaspace       used 34264K, capacity 34792K, committed 35196K, reserved 1081344K
  class space    used 4025K, capacity 4189K, committed 4220K, reserved 1048576K
}
2016-10-24T04:52:45.095+0800: 320.442: [Rescan (parallel) , 0.0079409 secs]2016-10-24T04:52:45.103+0800: 320.450: [weak refs processing, 0.0010484 secs]2016-10-24T04:52:45.104+0800: 320.451: [class unloading, 0.0089282 secs]2016-10-24T04:52:45.113+0800: 320.460: [scrub symbol table, 0.0049209 secs]2016-10-24T04:52:45.118+0800: 320.465: [scrub string table, 0.0005407 secs][1 CMS-remark: 209568K(393216K)] 231392K(502464K), 0.0421976 secs] [Times: user=0.12 sys=0.01, real=0.04 secs] 
2016-10-24T04:52:45.119+0800: 320.465: Total time for which application threads were stopped: 0.0423591 seconds, Stopping threads took: 0.0000350 seconds
2016-10-24T04:52:45.119+0800: 320.466: [CMS-concurrent-sweep-start]
2016-10-24T04:52:45.200+0800: 320.546: [CMS-concurrent-sweep: 0.081/0.081 secs] [Times: user=0.16 sys=0.00, real=0.09 secs] 
2016-10-24T04:52:45.200+0800: 320.546: [CMS-concurrent-reset-start]
2016-10-24T04:52:45.200+0800: 320.547: [CMS-concurrent-reset: 0.000/0.000 secs] [Times: user=0.00 sys=0.00, real=0.00 secs] 
2016-10-24T04:52:45.310+0800: 320.657: Total time for which application threads were stopped: 0.0045213 seconds, Stopping threads took: 0.0043176 seconds
{Heap before GC invocations=216 (full 12):
 par new generation   total 109248K, used 109248K [0x00000007a0000000, 0x00000007a8000000, 0x00000007a8000000)
  eden space 87424K, 100% used [0x00000007a0000000, 0x00000007a5560000, 0x00000007a5560000)
  from space 21824K, 100% used [0x00000007a5560000, 0x00000007a6ab0000, 0x00000007a6ab0000)
  to   space 21824K,   0% used [0x00000007a6ab0000, 0x00000007a6ab0000, 0x00000007a8000000)
 concurrent mark-sweep generation total 393216K, used 140614K [0x00000007a8000000, 0x00000007c0000000, 0x00000007c0000000)
 Metaspace       used 34208K, capacity 34700K, committed 35196K, reserved 1081344K
  class space    used 4013K, capacity 4167K, committed 4220K, reserved 1048576K
2016-10-24T04:52:45.338+0800: 320.685: [GC (Allocation Failure) 2016-10-24T04:52:45.339+0800: 320.685: [ParNew
Desired survivor size 20112992 bytes, new threshold 5 (max 8)
- age   1:    7164128 bytes,    7164128 total
- age   2:    2468904 bytes,    9633032 total
- age   3:    3884456 bytes,   13517488 total
- age   4:    3620016 bytes,   17137504 total
- age   5:    3891464 bytes,   21028968 total
: 109248K->21824K(109248K), 0.0179686 secs] 249862K->165683K(502464K), 0.0180335 secs] [Times: user=0.07 sys=0.00, real=0.02 secs] 
Heap after GC invocations=217 (full 12):
 par new generation   total 109248K, used 21824K [0x00000007a0000000, 0x00000007a8000000, 0x00000007a8000000)
  eden space 87424K,   0% used [0x00000007a0000000, 0x00000007a0000000, 0x00000007a5560000)
  from space 21824K, 100% used [0x00000007a6ab0000, 0x00000007a8000000, 0x00000007a8000000)
  to   space 21824K,   0% used [0x00000007a5560000, 0x00000007a5560000, 0x00000007a6ab0000)
 concurrent mark-sweep generation total 393216K, used 143859K [0x00000007a8000000, 0x00000007c0000000, 0x00000007c0000000)
 Metaspace       used 34208K, capacity 34700K, committed 35196K, reserved 1081344K
  class space    used 4013K, capacity 4167K, committed 4220K, reserved 1048576K
}
2016-10-24T04:52:45.357+0800: 320.703: Total time for which application threads were stopped: 0.0182847 seconds, Stopping threads took: 0.0000850 seconds
2016-10-24T04:52:45.379+0800: 320.726: Total time for which application threads were stopped: 0.0002009 seconds, Stopping threads took: 0.0000883 seconds
2016-10-24T04:52:45.402+0800: 320.749: Total time for which application threads were stopped: 0.0001857 seconds, Stopping threads took: 0.0000734 seconds
2016-10-24T04:52:45.402+0800: 320.749: Total time for which application threads were stopped: 0.0001349 seconds, Stopping threads took: 0.0000539 seconds
{Heap before GC invocations=217 (full 12):
 par new generation   total 109248K, used 109222K [0x00000007a0000000, 0x00000007a8000000, 0x00000007a8000000)
  eden space 87424K,  99% used [0x00000007a0000000, 0x00000007a5559a40, 0x00000007a5560000)
  from space 21824K, 100% used [0x00000007a6ab0000, 0x00000007a8000000, 0x00000007a8000000)
  to   space 21824K,   0% used [0x00000007a5560000, 0x00000007a5560000, 0x00000007a6ab0000)
 concurrent mark-sweep generation total 393216K, used 143859K [0x00000007a8000000, 0x00000007c0000000, 0x00000007c0000000)
 Metaspace       used 34208K, capacity 34700K, committed 35196K, reserved 1081344K
  class space    used 4013K, capacity 4167K, committed 4220K, reserved 1048576K
2016-10-24T04:52:45.487+0800: 320.834: [GC (Allocation Failure) 2016-10-24T04:52:45.487+0800: 320.834: [ParNew
Desired survivor size 20112992 bytes, new threshold 8 (max 8)
- age   1:    3727824 bytes,    3727824 total
- age   2:    6219696 bytes,    9947520 total
- age   3:    2170008 bytes,   12117528 total
- age   4:    3350336 bytes,   15467864 total
- age   5:    3076784 bytes,   18544648 total
: 109222K->21824K(109248K), 0.0185588 secs] 253081K->168938K(502464K), 0.0186192 secs] [Times: user=0.07 sys=0.00, real=0.02 secs] 
Heap after GC invocations=218 (full 12):
 par new generation   total 109248K, used 21824K [0x00000007a0000000, 0x00000007a8000000, 0x00000007a8000000)
  eden space 87424K,   0% used [0x00000007a0000000, 0x00000007a0000000, 0x00000007a5560000)
  from space 21824K, 100% used [0x00000007a5560000, 0x00000007a6ab0000, 0x00000007a6ab0000)
  to   space 21824K,   0% used [0x00000007a6ab0000, 0x00000007a6ab0000, 0x00000007a8000000)
 concurrent mark-sweep generation total 393216K, used 147114K [0x00000007a8000000, 0x00000007c0000000, 0x00000007c0000000)
 Metaspace       used 34208K, capacity 34700K, committed 35196K, reserved 1081344K
  class space    used 4013K, capacity 4167K, committed 4220K, reserved 1048576K
}
2016-10-24T04:52:45.506+0800: 320.853: Total time for which application threads were stopped: 0.0188490 seconds, Stopping threads took: 0.0000391 seconds
2016-10-24T04:52:45.558+0800: 320.905: Total time for which application threads were stopped: 0.0001698 seconds, Stopping threads took: 0.0000623 seconds
2016-10-24T04:52:45.559+0800: 320.906: Total time for which application threads were stopped: 0.0001352 seconds, Stopping threads took: 0.0000517 seconds
2016-10-24T04:52:45.559+0800: 320.906: Total time for which application threads were stopped: 0.0000880 seconds, Stopping threads took: 0.0000281 seconds
2016-10-24T04:52:45.560+0800: 320.907: Total time for which application threads were stopped: 0.0001161 seconds, Stopping threads took: 0.0000497 seconds
2016-10-24T04:52:45.561+0800: 320.908: Total time for which application threads were stopped: 0.0001108 seconds, Stopping threads took: 0.0000520 seconds
2016-10-24T04:52:45.561+0800: 320.908: Total time for which application threads were stopped: 0.0001158 seconds, Stopping threads took: 0.0000507 seconds
2016-10-24T04:52:45.562+0800: 320.909: Total time for which application threads were stopped: 0.0001006 seconds, Stopping threads took: 0.0000499 seconds
2016-10-24T04:52:45.562+0800: 320.909: Total time for which application threads were stopped: 0.0001119 seconds, Stopping threads took: 0.0000460 seconds
{Heap before GC invocations=218 (full 12):
 par new generation   total 109248K, used 109248K [0x00000007a0000000, 0x00000007a8000000, 0x00000007a8000000)
  eden space 87424K, 100% used [0x00000007a0000000, 0x00000007a5560000, 0x00000007a5560000)
  from space 21824K, 100% used [0x00000007a5560000, 0x00000007a6ab0000, 0x00000007a6ab0000)
  to   space 21824K,   0% used [0x00000007a6ab0000, 0x00000007a6ab0000, 0x00000007a8000000)
 concurrent mark-sweep generation total 393216K, used 147114K [0x00000007a8000000, 0x00000007c0000000, 0x00000007c0000000)
 Metaspace       used 34216K, capacity 34700K, committed 35196K, reserved 1081344K
  class space    used 4013K, capacity 4167K, committed 4220K, reserved 1048576K
2016-10-24T04:52:45.587+0800: 320.934: [GC (Allocation Failure) 2016-10-24T04:52:45.587+0800: 320.934: [ParNew
Desired survivor size 20112992 bytes, new threshold 8 (max 8)
- age   1:    3120712 bytes,    3120712 total
- age   2:    2821344 bytes,    5942056 total
- age   3:    4899296 bytes,   10841352 total
- age   4:    1839664 bytes,   12681016 total
- age   5:    2869224 bytes,   15550240 total
- age   6:    2609808 bytes,   18160048 total
: 109248K->21824K(109248K), 0.0156721 secs] 256362K->170533K(502464K), 0.0157409 secs] [Times: user=0.06 sys=0.00, real=0.02 secs] 
Heap after GC invocations=219 (full 12):
 par new generation   total 109248K, used 21824K [0x00000007a0000000, 0x00000007a8000000, 0x00000007a8000000)
  eden space 87424K,   0% used [0x00000007a0000000, 0x00000007a0000000, 0x00000007a5560000)
  from space 21824K, 100% used [0x00000007a6ab0000, 0x00000007a8000000, 0x00000007a8000000)
  to   space 21824K,   0% used [0x00000007a5560000, 0x00000007a5560000, 0x00000007a6ab0000)
 concurrent mark-sweep generation total 393216K, used 148709K [0x00000007a8000000, 0x00000007c0000000, 0x00000007c0000000)
 Metaspace       used 34216K, capacity 34700K, committed 35196K, reserved 1081344K
  class space    used 4013K, capacity 4167K, committed 4220K, reserved 1048576K
}
2016-10-24T04:52:45.603+0800: 320.950: Total time for which application threads were stopped: 0.0161308 seconds, Stopping threads took: 0.0001759 seconds
2016-10-24T04:52:45.776+0800: 321.122: Total time for which application threads were stopped: 0.0002603 seconds, Stopping threads took: 0.0001114 seconds
2016-10-24T04:52:45.776+0800: 321.123: Total time for which application threads were stopped: 0.0000752 seconds, Stopping threads took: 0.0000120 seconds
2016-10-24T04:52:45.779+0800: 321.126: Total time for which application threads were stopped: 0.0002143 seconds, Stopping threads took: 0.0000886 seconds
{Heap before GC invocations=219 (full 12):
 par new generation   total 109248K, used 109248K [0x00000007a0000000, 0x00000007a8000000, 0x00000007a8000000)
  eden space 87424K, 100% used [0x00000007a0000000, 0x00000007a5560000, 0x00000007a5560000)
  from space 21824K, 100% used [0x00000007a6ab0000, 0x00000007a8000000, 0x00000007a8000000)
  to   space 21824K,   0% used [0x00000007a5560000, 0x00000007a5560000, 0x00000007a6ab0000)
 concurrent mark-sweep generation total 393216K, used 148709K [0x00000007a8000000, 0x00000007c0000000, 0x00000007c0000000)
 Metaspace       used 34219K, capacity 34700K, committed 35196K, reserved 1081344K
  class space    used 4013K, capacity 4167K, committed 4220K, reserved 1048576K
2016-10-24T04:52:45.830+0800: 321.177: [GC (Allocation Failure) 2016-10-24T04:52:45.830+0800: 321.177: [ParNew
Desired survivor size 20112992 bytes, new threshold 7 (max 8)
- age   1:    5107184 bytes,    5107184 total
- age   2:    1795328 bytes,    6902512 total
- age   3:    2150584 bytes,    9053096 total
- age   4:    4524728 bytes,   13577824 total
- age   5:    1839664 bytes,   15417488 total
- age   6:    2869224 bytes,   18286712 total
- age   7:    2609808 bytes,   20896520 total
: 109248K->21824K(109248K), 0.0185181 secs] 257957K->173651K(502464K), 0.0185892 secs] [Times: user=0.07 sys=0.01, real=0.01 secs] 
Heap after GC invocations=220 (full 12):
 par new generation   total 109248K, used 21824K [0x00000007a0000000, 0x00000007a8000000, 0x00000007a8000000)
  eden space 87424K,   0% used [0x00000007a0000000, 0x00000007a0000000, 0x00000007a5560000)
  from space 21824K, 100% used [0x00000007a5560000, 0x00000007a6ab0000, 0x00000007a6ab0000)
  to   space 21824K,   0% used [0x00000007a6ab0000, 0x00000007a6ab0000, 0x00000007a8000000)
 concurrent mark-sweep generation total 393216K, used 151827K [0x00000007a8000000, 0x00000007c0000000, 0x00000007c0000000)
 Metaspace       used 34219K, capacity 34700K, committed 35196K, reserved 1081344K
  class space    used 4013K, capacity 4167K, committed 4220K, reserved 1048576K
}
2016-10-24T04:52:45.849+0800: 321.195: Total time for which application threads were stopped: 0.0188300 seconds, Stopping threads took: 0.0000885 seconds
2016-10-24T04:52:45.851+0800: 321.198: Total time for which application threads were stopped: 0.0001531 seconds, Stopping threads took: 0.0000579 seconds
2016-10-24T04:52:45.862+0800: 321.209: Total time for which application threads were stopped: 0.0001893 seconds, Stopping threads took: 0.0000726 seconds
2016-10-24T04:52:45.862+0800: 321.209: Total time for which application threads were stopped: 0.0002287 seconds, Stopping threads took: 0.0001149 seconds
2016-10-24T04:52:45.935+0800: 321.282: Total time for which application threads were stopped: 0.0001156 seconds, Stopping threads took: 0.0000237 seconds
2016-10-24T04:52:45.935+0800: 321.282: Total time for which application threads were stopped: 0.0000444 seconds, Stopping threads took: 0.0000036 seconds
2016-10-24T04:52:45.935+0800: 321.282: Total time for which application threads were stopped: 0.0000420 seconds, Stopping threads took: 0.0000031 seconds
2016-10-24T04:52:45.935+0800: 321.282: Total time for which application threads were stopped: 0.0000487 seconds, Stopping threads took: 0.0000058 seconds
2016-10-24T04:52:45.935+0800: 321.282: Total time for which application threads were stopped: 0.0000566 seconds, Stopping threads took: 0.0000085 seconds
{Heap before GC invocations=220 (full 12):
 par new generation   total 109248K, used 109248K [0x00000007a0000000, 0x00000007a8000000, 0x00000007a8000000)
  eden space 87424K, 100% used [0x00000007a0000000, 0x00000007a5560000, 0x00000007a5560000)
  from space 21824K, 100% used [0x00000007a5560000, 0x00000007a6ab0000, 0x00000007a6ab0000)
  to   space 21824K,   0% used [0x00000007a6ab0000, 0x00000007a6ab0000, 0x00000007a8000000)
 concurrent mark-sweep generation total 393216K, used 151827K [0x00000007a8000000, 0x00000007c0000000, 0x00000007c0000000)
 Metaspace       used 34226K, capacity 34700K, committed 35196K, reserved 1081344K
  class space    used 4013K, capacity 4167K, committed 4220K, reserved 1048576K
2016-10-24T04:52:45.972+0800: 321.319: [GC (Allocation Failure) 2016-10-24T04:52:45.972+0800: 321.319: [ParNew
Desired survivor size 20112992 bytes, new threshold 8 (max 8)
- age   1:    3234896 bytes,    3234896 total
- age   2:    4085968 bytes,    7320864 total
- age   3:    1513536 bytes,    8834400 total
- age   4:    1689280 bytes,   10523680 total
- age   5:    4278368 bytes,   14802048 total
- age   6:    1767800 bytes,   16569848 total
- age   7:    2734200 bytes,   19304048 total
: 109248K->21824K(109248K), 0.0199353 secs] 261075K->176557K(502464K), 0.0200036 secs] [Times: user=0.09 sys=0.00, real=0.02 secs] 
Heap after GC invocations=221 (full 12):
 par new generation   total 109248K, used 21824K [0x00000007a0000000, 0x00000007a8000000, 0x00000007a8000000)
  eden space 87424K,   0% used [0x00000007a0000000, 0x00000007a0000000, 0x00000007a5560000)
  from space 21824K, 100% used [0x00000007a6ab0000, 0x00000007a8000000, 0x00000007a8000000)
  to   space 21824K,   0% used [0x00000007a5560000, 0x00000007a5560000, 0x00000007a6ab0000)
 concurrent mark-sweep generation total 393216K, used 154733K [0x00000007a8000000, 0x00000007c0000000, 0x00000007c0000000)
 Metaspace       used 34226K, capacity 34700K, committed 35196K, reserved 1081344K
  class space    used 4013K, capacity 4167K, committed 4220K, reserved 1048576K
}
2016-10-24T04:52:45.992+0800: 321.339: Total time for which application threads were stopped: 0.0201535 seconds, Stopping threads took: 0.0000184 seconds
{Heap before GC invocations=221 (full 12):
 par new generation   total 109248K, used 109248K [0x00000007a0000000, 0x00000007a8000000, 0x00000007a8000000)
  eden space 87424K, 100% used [0x00000007a0000000, 0x00000007a5560000, 0x00000007a5560000)
  from space 21824K, 100% used [0x00000007a6ab0000, 0x00000007a8000000, 0x00000007a8000000)
  to   space 21824K,   0% used [0x00000007a5560000, 0x00000007a5560000, 0x00000007a6ab0000)
 concurrent mark-sweep generation total 393216K, used 154733K [0x00000007a8000000, 0x00000007c0000000, 0x00000007c0000000)
 Metaspace       used 34226K, capacity 34700K, committed 35196K, reserved 1081344K
  class space    used 4013K, capacity 4167K, committed 4220K, reserved 1048576K
2016-10-24T04:52:46.204+0800: 321.551: [GC (Allocation Failure) 2016-10-24T04:52:46.204+0800: 321.551: [ParNew
Desired survivor size 20112992 bytes, new threshold 8 (max 8)
- age   1:    4620744 bytes,    4620744 total
- age   2:    2360320 bytes,    6981064 total
- age   3:    3652696 bytes,   10633760 total
- age   4:    1438872 bytes,   12072632 total
- age   5:    1566024 bytes,   13638656 total
- age   6:    4071488 bytes,   17710144 total
- age   7:    1711144 bytes,   19421288 total
- age   8:    2709160 bytes,   22130448 total
: 109248K->21824K(109248K), 0.0162481 secs] 263981K->178974K(502464K), 0.0163108 secs] [Times: user=0.06 sys=0.00, real=0.02 secs] 
Heap after GC invocations=222 (full 12):
 par new generation   total 109248K, used 21824K [0x00000007a0000000, 0x00000007a8000000, 0x00000007a8000000)
  eden space 87424K,   0% used [0x00000007a0000000, 0x00000007a0000000, 0x00000007a5560000)
  from space 21824K, 100% used [0x00000007a5560000, 0x00000007a6ab0000, 0x00000007a6ab0000)
  to   space 21824K,   0% used [0x00000007a6ab0000, 0x00000007a6ab0000, 0x00000007a8000000)
 concurrent mark-sweep generation total 393216K, used 157150K [0x00000007a8000000, 0x00000007c0000000, 0x00000007c0000000)
 Metaspace       used 34226K, capacity 34700K, committed 35196K, reserved 1081344K
  class space    used 4013K, capacity 4167K, committed 4220K, reserved 1048576K
}
2016-10-24T04:52:46.221+0800: 321.567: Total time for which application threads were stopped: 0.0164809 seconds, Stopping threads took: 0.0000300 seconds
{Heap before GC invocations=222 (full 12):
 par new generation   total 109248K, used 109248K [0x00000007a0000000, 0x00000007a8000000, 0x00000007a8000000)
  eden space 87424K, 100% used [0x00000007a0000000, 0x00000007a5560000, 0x00000007a5560000)
  from space 21824K, 100% used [0x00000007a5560000, 0x00000007a6ab0000, 0x00000007a6ab0000)
  to   space 21824K,   0% used [0x00000007a6ab0000, 0x00000007a6ab0000, 0x00000007a8000000)
 concurrent mark-sweep generation total 393216K, used 157150K [0x00000007a8000000, 0x00000007c0000000, 0x00000007c0000000)
 Metaspace       used 34226K, capacity 34700K, committed 35196K, reserved 1081344K
  class space    used 4013K, capacity 4167K, committed 4220K, reserved 1048576K
2016-10-24T04:52:46.449+0800: 321.796: [GC (Allocation Failure) 2016-10-24T04:52:46.449+0800: 321.796: [ParNew
Desired survivor size 20112992 bytes, new threshold 7 (max 8)
- age   1:    4693456 bytes,    4693456 total
- age   2:    3083704 bytes,    7777160 total
- age   3:    2089848 bytes,    9867008 total
- age   4:    3381456 bytes,   13248464 total
- age   5:    1375960 bytes,   14624424 total
- age   6:    1449768 bytes,   16074192 total
- age   7:    4049152 bytes,   20123344 total
- age   8:    1648408 bytes,   21771752 total
: 109248K->21824K(109248K), 0.0212203 secs] 266398K->185689K(502464K), 0.0212811 secs] [Times: user=0.07 sys=0.00, real=0.03 secs] 
Heap after GC invocations=223 (full 12):
 par new generation   total 109248K, used 21824K [0x00000007a0000000, 0x00000007a8000000, 0x00000007a8000000)
  eden space 87424K,   0% used [0x00000007a0000000, 0x00000007a0000000, 0x00000007a5560000)
  from space 21824K, 100% used [0x00000007a6ab0000, 0x00000007a8000000, 0x00000007a8000000)
  to   space 21824K,   0% used [0x00000007a5560000, 0x00000007a5560000, 0x00000007a6ab0000)
 concurrent mark-sweep generation total 393216K, used 163865K [0x00000007a8000000, 0x00000007c0000000, 0x00000007c0000000)
 Metaspace       used 34226K, capacity 34700K, committed 35196K, reserved 1081344K
  class space    used 4013K, capacity 4167K, committed 4220K, reserved 1048576K
}
2016-10-24T04:52:46.471+0800: 321.818: Total time for which application threads were stopped: 0.0214436 seconds, Stopping threads took: 0.0000303 seconds
{Heap before GC invocations=223 (full 12):
 par new generation   total 109248K, used 109248K [0x00000007a0000000, 0x00000007a8000000, 0x00000007a8000000)
  eden space 87424K, 100% used [0x00000007a0000000, 0x00000007a5560000, 0x00000007a5560000)
  from space 21824K, 100% used [0x00000007a6ab0000, 0x00000007a8000000, 0x00000007a8000000)
  to   space 21824K,   0% used [0x00000007a5560000, 0x00000007a5560000, 0x00000007a6ab0000)
 concurrent mark-sweep generation total 393216K, used 163865K [0x00000007a8000000, 0x00000007c0000000, 0x00000007c0000000)
 Metaspace       used 34226K, capacity 34700K, committed 35196K, reserved 1081344K
  class space    used 4013K, capacity 4167K, committed 4220K, reserved 1048576K
2016-10-24T04:52:46.701+0800: 322.048: [GC (Allocation Failure) 2016-10-24T04:52:46.701+0800: 322.048: [ParNew
Desired survivor size 20112992 bytes, new threshold 7 (max 8)
- age   1:    8012144 bytes,    8012144 total
- age   2:    3053280 bytes,   11065424 total
- age   3:    2939960 bytes,   14005384 total
- age   4:    1756880 bytes,   15762264 total
- age   5:    2717968 bytes,   18480232 total
- age   6:    1065072 bytes,   19545304 total
- age   7:    1320672 bytes,   20865976 total
: 109248K->21824K(109248K), 0.0170082 secs] 273113K->192918K(502464K), 0.0170799 secs] [Times: user=0.06 sys=0.01, real=0.01 secs] 
Heap after GC invocations=224 (full 12):
 par new generation   total 109248K, used 21824K [0x00000007a0000000, 0x00000007a8000000, 0x00000007a8000000)
  eden space 87424K,   0% used [0x00000007a0000000, 0x00000007a0000000, 0x00000007a5560000)
  from space 21824K, 100% used [0x00000007a5560000, 0x00000007a6ab0000, 0x00000007a6ab0000)
  to   space 21824K,   0% used [0x00000007a6ab0000, 0x00000007a6ab0000, 0x00000007a8000000)
 concurrent mark-sweep generation total 393216K, used 171094K [0x00000007a8000000, 0x00000007c0000000, 0x00000007c0000000)
 Metaspace       used 34226K, capacity 34700K, committed 35196K, reserved 1081344K
  class space    used 4013K, capacity 4167K, committed 4220K, reserved 1048576K
}
2016-10-24T04:52:46.718+0800: 322.065: Total time for which application threads were stopped: 0.0172640 seconds, Stopping threads took: 0.0000307 seconds
{Heap before GC invocations=224 (full 12):
 par new generation   total 109248K, used 109248K [0x00000007a0000000, 0x00000007a8000000, 0x00000007a8000000)
  eden space 87424K, 100% used [0x00000007a0000000, 0x00000007a5560000, 0x00000007a5560000)
  from space 21824K, 100% used [0x00000007a5560000, 0x00000007a6ab0000, 0x00000007a6ab0000)
  to   space 21824K,   0% used [0x00000007a6ab0000, 0x00000007a6ab0000, 0x00000007a8000000)
 concurrent mark-sweep generation total 393216K, used 171094K [0x00000007a8000000, 0x00000007c0000000, 0x00000007c0000000)
 Metaspace       used 34226K, capacity 34700K, committed 35196K, reserved 1081344K
  class space    used 4013K, capacity 4167K, committed 4220K, reserved 1048576K
2016-10-24T04:52:46.936+0800: 322.283: [GC (Allocation Failure) 2016-10-24T04:52:46.936+0800: 322.283: [ParNew
Desired survivor size 20112992 bytes, new threshold 7 (max 8)
- age   1:    6056704 bytes,    6056704 total
- age   2:    5169664 bytes,   11226368 total
- age   3:    2515776 bytes,   13742144 total
- age   4:    2422096 bytes,   16164240 total
- age   5:    1492480 bytes,   17656720 total
- age   6:    2340272 bytes,   19996992 total
- age   7:     920344 bytes,   20917336 total
: 109248K->21824K(109248K), 0.0162894 secs] 280342K->197689K(502464K), 0.0163442 secs] [Times: user=0.06 sys=0.00, real=0.02 secs] 
Heap after GC invocations=225 (full 12):
 par new generation   total 109248K, used 21824K [0x00000007a0000000, 0x00000007a8000000, 0x00000007a8000000)
  eden space 87424K,   0% used [0x00000007a0000000, 0x00000007a0000000, 0x00000007a5560000)
  from space 21824K, 100% used [0x00000007a6ab0000, 0x00000007a8000000, 0x00000007a8000000)
  to   space 21824K,   0% used [0x00000007a5560000, 0x00000007a5560000, 0x00000007a6ab0000)
 concurrent mark-sweep generation total 393216K, used 175865K [0x00000007a8000000, 0x00000007c0000000, 0x00000007c0000000)
 Metaspace       used 34226K, capacity 34700K, committed 35196K, reserved 1081344K
  class space    used 4013K, capacity 4167K, committed 4220K, reserved 1048576K
}
2016-10-24T04:52:46.952+0800: 322.299: Total time for which application threads were stopped: 0.0165092 seconds, Stopping threads took: 0.0000289 seconds
{Heap before GC invocations=225 (full 12):
 par new generation   total 109248K, used 109248K [0x00000007a0000000, 0x00000007a8000000, 0x00000007a8000000)
  eden space 87424K, 100% used [0x00000007a0000000, 0x00000007a5560000, 0x00000007a5560000)
  from space 21824K, 100% used [0x00000007a6ab0000, 0x00000007a8000000, 0x00000007a8000000)
  to   space 21824K,   0% used [0x00000007a5560000, 0x00000007a5560000, 0x00000007a6ab0000)
 concurrent mark-sweep generation total 393216K, used 175865K [0x00000007a8000000, 0x00000007c0000000, 0x00000007c0000000)
 Metaspace       used 34226K, capacity 34700K, committed 35196K, reserved 1081344K
  class space    used 4013K, capacity 4167K, committed 4220K, reserved 1048576K
2016-10-24T04:52:47.176+0800: 322.523: [GC (Allocation Failure) 2016-10-24T04:52:47.176+0800: 322.523: [ParNew
Desired survivor size 20112992 bytes, new threshold 7 (max 8)
- age   1:    7678120 bytes,    7678120 total
- age   2:    2708672 bytes,   10386792 total
- age   3:    4376264 bytes,   14763056 total
- age   4:    1662584 bytes,   16425640 total
- age   5:    2034528 bytes,   18460168 total
- age   6:    1388160 bytes,   19848328 total
- age   7:    2252904 bytes,   22101232 total
: 109248K->21824K(109248K), 0.0166551 secs] 285113K->202545K(502464K), 0.0167316 secs] [Times: user=0.06 sys=0.00, real=0.02 secs] 
Heap after GC invocations=226 (full 12):
 par new generation   total 109248K, used 21824K [0x00000007a0000000, 0x00000007a8000000, 0x00000007a8000000)
  eden space 87424K,   0% used [0x00000007a0000000, 0x00000007a0000000, 0x00000007a5560000)
  from space 21824K, 100% used [0x00000007a5560000, 0x00000007a6ab0000, 0x00000007a6ab0000)
  to   space 21824K,   0% used [0x00000007a6ab0000, 0x00000007a6ab0000, 0x00000007a8000000)
 concurrent mark-sweep generation total 393216K, used 180721K [0x00000007a8000000, 0x00000007c0000000, 0x00000007c0000000)
 Metaspace       used 34226K, capacity 34700K, committed 35196K, reserved 1081344K
  class space    used 4013K, capacity 4167K, committed 4220K, reserved 1048576K
}
2016-10-24T04:52:47.192+0800: 322.539: Total time for which application threads were stopped: 0.0169009 seconds, Stopping threads took: 0.0000296 seconds
{Heap before GC invocations=226 (full 12):
 par new generation   total 109248K, used 109248K [0x00000007a0000000, 0x00000007a8000000, 0x00000007a8000000)
  eden space 87424K, 100% used [0x00000007a0000000, 0x00000007a5560000, 0x00000007a5560000)
  from space 21824K, 100% used [0x00000007a5560000, 0x00000007a6ab0000, 0x00000007a6ab0000)
  to   space 21824K,   0% used [0x00000007a6ab0000, 0x00000007a6ab0000, 0x00000007a8000000)
 concurrent mark-sweep generation total 393216K, used 180721K [0x00000007a8000000, 0x00000007c0000000, 0x00000007c0000000)
 Metaspace       used 34226K, capacity 34700K, committed 35196K, reserved 1081344K
  class space    used 4013K, capacity 4167K, committed 4220K, reserved 1048576K
2016-10-24T04:52:47.414+0800: 322.761: [GC (Allocation Failure) 2016-10-24T04:52:47.414+0800: 322.761: [ParNew
Desired survivor size 20112992 bytes, new threshold 6 (max 8)
- age   1:    8139768 bytes,    8139768 total
- age   2:    4119536 bytes,   12259304 total
- age   3:    2333408 bytes,   14592712 total
- age   4:    2985808 bytes,   17578520 total
- age   5:    1414528 bytes,   18993048 total
- age   6:    1833480 bytes,   20826528 total
- age   7:    1284856 bytes,   22111384 total
: 109248K->21824K(109248K), 0.0179498 secs] 289969K->208424K(502464K), 0.0180201 secs] [Times: user=0.06 sys=0.00, real=0.02 secs] 
Heap after GC invocations=227 (full 12):
 par new generation   total 109248K, used 21824K [0x00000007a0000000, 0x00000007a8000000, 0x00000007a8000000)
  eden space 87424K,   0% used [0x00000007a0000000, 0x00000007a0000000, 0x00000007a5560000)
  from space 21824K, 100% used [0x00000007a6ab0000, 0x00000007a8000000, 0x00000007a8000000)
  to   space 21824K,   0% used [0x00000007a5560000, 0x00000007a5560000, 0x00000007a6ab0000)
 concurrent mark-sweep generation total 393216K, used 186600K [0x00000007a8000000, 0x00000007c0000000, 0x00000007c0000000)
 Metaspace       used 34226K, capacity 34700K, committed 35196K, reserved 1081344K
  class space    used 4013K, capacity 4167K, committed 4220K, reserved 1048576K
}
2016-10-24T04:52:47.432+0800: 322.779: Total time for which application threads were stopped: 0.0181956 seconds, Stopping threads took: 0.0000456 seconds
{Heap before GC invocations=227 (full 12):
 par new generation   total 109248K, used 109248K [0x00000007a0000000, 0x00000007a8000000, 0x00000007a8000000)
  eden space 87424K, 100% used [0x00000007a0000000, 0x00000007a5560000, 0x00000007a5560000)
  from space 21824K, 100% used [0x00000007a6ab0000, 0x00000007a8000000, 0x00000007a8000000)
  to   space 21824K,   0% used [0x00000007a5560000, 0x00000007a5560000, 0x00000007a6ab0000)
 concurrent mark-sweep generation total 393216K, used 186600K [0x00000007a8000000, 0x00000007c0000000, 0x00000007c0000000)
 Metaspace       used 34226K, capacity 34700K, committed 35196K, reserved 1081344K
  class space    used 4013K, capacity 4167K, committed 4220K, reserved 1048576K
2016-10-24T04:52:47.656+0800: 323.003: [GC (Allocation Failure) 2016-10-24T04:52:47.656+0800: 323.003: [ParNew
Desired survivor size 20112992 bytes, new threshold 6 (max 8)
- age   1:    7746872 bytes,    7746872 total
- age   2:    3023208 bytes,   10770080 total
- age   3:    3550528 bytes,   14320608 total
- age   4:    2160480 bytes,   16481088 total
- age   5:    2562992 bytes,   19044080 total
- age   6:    1255856 bytes,   20299936 total
: 109248K->21824K(109248K), 0.0167780 secs] 295848K->215382K(502464K), 0.0168371 secs] [Times: user=0.06 sys=0.00, real=0.02 secs] 
Heap after GC invocations=228 (full 12):
 par new generation   total 109248K, used 21824K [0x00000007a0000000, 0x00000007a8000000, 0x00000007a8000000)
  eden space 87424K,   0% used [0x00000007a0000000, 0x00000007a0000000, 0x00000007a5560000)
  from space 21824K, 100% used [0x00000007a5560000, 0x00000007a6ab0000, 0x00000007a6ab0000)
  to   space 21824K,   0% used [0x00000007a6ab0000, 0x00000007a6ab0000, 0x00000007a8000000)
 concurrent mark-sweep generation total 393216K, used 193558K [0x00000007a8000000, 0x00000007c0000000, 0x00000007c0000000)
 Metaspace       used 34226K, capacity 34700K, committed 35196K, reserved 1081344K
  class space    used 4013K, capacity 4167K, committed 4220K, reserved 1048576K
}
2016-10-24T04:52:47.673+0800: 323.020: Total time for which application threads were stopped: 0.0170152 seconds, Stopping threads took: 0.0000224 seconds
{Heap before GC invocations=228 (full 12):
 par new generation   total 109248K, used 109248K [0x00000007a0000000, 0x00000007a8000000, 0x00000007a8000000)
  eden space 87424K, 100% used [0x00000007a0000000, 0x00000007a5560000, 0x00000007a5560000)
  from space 21824K, 100% used [0x00000007a5560000, 0x00000007a6ab0000, 0x00000007a6ab0000)
  to   space 21824K,   0% used [0x00000007a6ab0000, 0x00000007a6ab0000, 0x00000007a8000000)
 concurrent mark-sweep generation total 393216K, used 193558K [0x00000007a8000000, 0x00000007c0000000, 0x00000007c0000000)
 Metaspace       used 34226K, capacity 34700K, committed 35196K, reserved 1081344K
  class space    used 4013K, capacity 4167K, committed 4220K, reserved 1048576K
2016-10-24T04:52:47.898+0800: 323.245: [GC (Allocation Failure) 2016-10-24T04:52:47.898+0800: 323.245: [ParNew
Desired survivor size 20112992 bytes, new threshold 6 (max 8)
- age   1:    8199520 bytes,    8199520 total
- age   2:    3565192 bytes,   11764712 total
- age   3:    2468040 bytes,   14232752 total
- age   4:    3084920 bytes,   17317672 total
- age   5:    1843416 bytes,   19161088 total
- age   6:    1751704 bytes,   20912792 total
: 109248K->21824K(109248K), 0.0190415 secs] 302806K->221085K(502464K), 0.0191057 secs] [Times: user=0.07 sys=0.00, real=0.02 secs] 
Heap after GC invocations=229 (full 12):
 par new generation   total 109248K, used 21824K [0x00000007a0000000, 0x00000007a8000000, 0x00000007a8000000)
  eden space 87424K,   0% used [0x00000007a0000000, 0x00000007a0000000, 0x00000007a5560000)
  from space 21824K, 100% used [0x00000007a6ab0000, 0x00000007a8000000, 0x00000007a8000000)
  to   space 21824K,   0% used [0x00000007a5560000, 0x00000007a5560000, 0x00000007a6ab0000)
 concurrent mark-sweep generation total 393216K, used 199261K [0x00000007a8000000, 0x00000007c0000000, 0x00000007c0000000)
 Metaspace       used 34226K, capacity 34700K, committed 35196K, reserved 1081344K
  class space    used 4013K, capacity 4167K, committed 4220K, reserved 1048576K
}
2016-10-24T04:52:47.917+0800: 323.264: Total time for which application threads were stopped: 0.0192758 seconds, Stopping threads took: 0.0000299 seconds
2016-10-24T04:52:47.917+0800: 323.264: [GC (CMS Initial Mark) [1 CMS-initial-mark: 199261K(393216K)] 222817K(502464K), 0.0046366 secs] [Times: user=0.01 sys=0.00, real=0.01 secs] 
2016-10-24T04:52:47.922+0800: 323.269: Total time for which application threads were stopped: 0.0048313 seconds, Stopping threads took: 0.0000956 seconds
2016-10-24T04:52:47.922+0800: 323.269: [CMS-concurrent-mark-start]
2016-10-24T04:52:47.944+0800: 323.291: [CMS-concurrent-mark: 0.022/0.022 secs] [Times: user=0.11 sys=0.00, real=0.02 secs] 
2016-10-24T04:52:47.944+0800: 323.291: [CMS-concurrent-preclean-start]
2016-10-24T04:52:47.946+0800: 323.293: [CMS-concurrent-preclean: 0.002/0.002 secs] [Times: user=0.00 sys=0.00, real=0.00 secs] 
2016-10-24T04:52:47.946+0800: 323.293: [CMS-concurrent-abortable-preclean-start]
2016-10-24T04:52:48.087+0800: 323.434: [CMS-concurrent-abortable-preclean: 0.141/0.141 secs] [Times: user=0.28 sys=0.00, real=0.14 secs] 
2016-10-24T04:52:48.088+0800: 323.435: [GC (CMS Final Remark) [YG occupancy: 87924 K (109248 K)]{Heap before GC invocations=229 (full 13):
 par new generation   total 109248K, used 87924K [0x00000007a0000000, 0x00000007a8000000, 0x00000007a8000000)
  eden space 87424K,  75% used [0x00000007a0000000, 0x00000007a408d198, 0x00000007a5560000)
  from space 21824K, 100% used [0x00000007a6ab0000, 0x00000007a8000000, 0x00000007a8000000)
  to   space 21824K,   0% used [0x00000007a5560000, 0x00000007a5560000, 0x00000007a6ab0000)
 concurrent mark-sweep generation total 393216K, used 199261K [0x00000007a8000000, 0x00000007c0000000, 0x00000007c0000000)
 Metaspace       used 34226K, capacity 34700K, committed 35196K, reserved 1081344K
  class space    used 4013K, capacity 4167K, committed 4220K, reserved 1048576K
2016-10-24T04:52:48.088+0800: 323.435: [GC (CMS Final Remark) 2016-10-24T04:52:48.088+0800: 323.435: [ParNew
Desired survivor size 20112992 bytes, new threshold 6 (max 8)
- age   1:    7957616 bytes,    7957616 total
- age   2:    3919720 bytes,   11877336 total
- age   3:    3037808 bytes,   14915144 total
- age   4:    2213600 bytes,   17128744 total
- age   5:    2889384 bytes,   20018128 total
- age   6:    1670456 bytes,   21688584 total
: 87924K->21824K(109248K), 0.0161979 secs] 287186K->224894K(502464K), 0.0162356 secs] [Times: user=0.06 sys=0.00, real=0.02 secs] 
Heap after GC invocations=230 (full 13):
 par new generation   total 109248K, used 21824K [0x00000007a0000000, 0x00000007a8000000, 0x00000007a8000000)
  eden space 87424K,   0% used [0x00000007a0000000, 0x00000007a0000000, 0x00000007a5560000)
  from space 21824K, 100% used [0x00000007a5560000, 0x00000007a6ab0000, 0x00000007a6ab0000)
  to   space 21824K,   0% used [0x00000007a6ab0000, 0x00000007a6ab0000, 0x00000007a8000000)
 concurrent mark-sweep generation total 393216K, used 203070K [0x00000007a8000000, 0x00000007c0000000, 0x00000007c0000000)
 Metaspace       used 34226K, capacity 34700K, committed 35196K, reserved 1081344K
  class space    used 4013K, capacity 4167K, committed 4220K, reserved 1048576K
}
2016-10-24T04:52:48.104+0800: 323.451: [Rescan (parallel) , 0.0074039 secs]2016-10-24T04:52:48.111+0800: 323.458: [weak refs processing, 0.0008913 secs]2016-10-24T04:52:48.112+0800: 323.459: [class unloading, 0.0070747 secs]2016-10-24T04:52:48.119+0800: 323.466: [scrub symbol table, 0.0056267 secs]2016-10-24T04:52:48.125+0800: 323.472: [scrub string table, 0.0004806 secs][1 CMS-remark: 203070K(393216K)] 224894K(502464K), 0.0379753 secs] [Times: user=0.11 sys=0.00, real=0.04 secs] 
2016-10-24T04:52:48.126+0800: 323.473: Total time for which application threads were stopped: 0.0381048 seconds, Stopping threads took: 0.0000252 seconds
2016-10-24T04:52:48.126+0800: 323.473: [CMS-concurrent-sweep-start]
2016-10-24T04:52:48.229+0800: 323.576: [CMS-concurrent-sweep: 0.104/0.104 secs] [Times: user=0.20 sys=0.01, real=0.10 secs] 
2016-10-24T04:52:48.229+0800: 323.576: [CMS-concurrent-reset-start]
2016-10-24T04:52:48.230+0800: 323.577: [CMS-concurrent-reset: 0.000/0.000 secs] [Times: user=0.00 sys=0.00, real=0.01 secs] 
{Heap before GC invocations=230 (full 13):
 par new generation   total 109248K, used 109248K [0x00000007a0000000, 0x00000007a8000000, 0x00000007a8000000)
  eden space 87424K, 100% used [0x00000007a0000000, 0x00000007a5560000, 0x00000007a5560000)
  from space 21824K, 100% used [0x00000007a5560000, 0x00000007a6ab0000, 0x00000007a6ab0000)
  to   space 21824K,   0% used [0x00000007a6ab0000, 0x00000007a6ab0000, 0x00000007a8000000)
 concurrent mark-sweep generation total 393216K, used 96318K [0x00000007a8000000, 0x00000007c0000000, 0x00000007c0000000)
 Metaspace       used 34226K, capacity 34700K, committed 35196K, reserved 1081344K
  class space    used 4013K, capacity 4167K, committed 4220K, reserved 1048576K
2016-10-24T04:52:48.356+0800: 323.703: [GC (Allocation Failure) 2016-10-24T04:52:48.356+0800: 323.703: [ParNew
Desired survivor size 20112992 bytes, new threshold 6 (max 8)
- age   1:    5340888 bytes,    5340888 total
- age   2:    5289688 bytes,   10630576 total
- age   3:    3434112 bytes,   14064688 total
- age   4:    2755336 bytes,   16820024 total
- age   5:    2008136 bytes,   18828160 total
- age   6:    1681464 bytes,   20509624 total
: 109248K->21824K(109248K), 0.0164389 secs] 205566K->124937K(502464K), 0.0165143 secs] [Times: user=0.06 sys=0.00, real=0.02 secs] 
Heap after GC invocations=231 (full 13):
 par new generation   total 109248K, used 21824K [0x00000007a0000000, 0x00000007a8000000, 0x00000007a8000000)
  eden space 87424K,   0% used [0x00000007a0000000, 0x00000007a0000000, 0x00000007a5560000)
  from space 21824K, 100% used [0x00000007a6ab0000, 0x00000007a8000000, 0x00000007a8000000)
  to   space 21824K,   0% used [0x00000007a5560000, 0x00000007a5560000, 0x00000007a6ab0000)
 concurrent mark-sweep generation total 393216K, used 103113K [0x00000007a8000000, 0x00000007c0000000, 0x00000007c0000000)
 Metaspace       used 34226K, capacity 34700K, committed 35196K, reserved 1081344K
  class space    used 4013K, capacity 4167K, committed 4220K, reserved 1048576K
}
2016-10-24T04:52:48.372+0800: 323.719: Total time for which application threads were stopped: 0.0167045 seconds, Stopping threads took: 0.0000287 seconds
{Heap before GC invocations=231 (full 13):
 par new generation   total 109248K, used 109248K [0x00000007a0000000, 0x00000007a8000000, 0x00000007a8000000)
  eden space 87424K, 100% used [0x00000007a0000000, 0x00000007a5560000, 0x00000007a5560000)
  from space 21824K, 100% used [0x00000007a6ab0000, 0x00000007a8000000, 0x00000007a8000000)
  to   space 21824K,   0% used [0x00000007a5560000, 0x00000007a5560000, 0x00000007a6ab0000)
 concurrent mark-sweep generation total 393216K, used 103113K [0x00000007a8000000, 0x00000007c0000000, 0x00000007c0000000)
 Metaspace       used 34226K, capacity 34700K, committed 35196K, reserved 1081344K
  class space    used 4013K, capacity 4167K, committed 4220K, reserved 1048576K
2016-10-24T04:52:48.594+0800: 323.941: [GC (Allocation Failure) 2016-10-24T04:52:48.594+0800: 323.941: [ParNew
Desired survivor size 20112992 bytes, new threshold 8 (max 8)
- age   1:    9245432 bytes,    9245432 total
- age   2:    2176408 bytes,   11421840 total
- age   3:    1690496 bytes,   13112336 total
- age   4:    2499824 bytes,   15612160 total
- age   5:    2162144 bytes,   17774304 total
- age   6:    1803192 bytes,   19577496 total
: 109248K->21824K(109248K), 0.0172143 secs] 212361K->132046K(502464K), 0.0172804 secs] [Times: user=0.06 sys=0.00, real=0.02 secs] 
Heap after GC invocations=232 (full 13):
 par new generation   total 109248K, used 21824K [0x00000007a0000000, 0x00000007a8000000, 0x00000007a8000000)
  eden space 87424K,   0% used [0x00000007a0000000, 0x00000007a0000000, 0x00000007a5560000)
  from space 21824K, 100% used [0x00000007a5560000, 0x00000007a6ab0000, 0x00000007a6ab0000)
  to   space 21824K,   0% used [0x00000007a6ab0000, 0x00000007a6ab0000, 0x00000007a8000000)
 concurrent mark-sweep generation total 393216K, used 110222K [0x00000007a8000000, 0x00000007c0000000, 0x00000007c0000000)
 Metaspace       used 34226K, capacity 34700K, committed 35196K, reserved 1081344K
  class space    used 4013K, capacity 4167K, committed 4220K, reserved 1048576K
}
2016-10-24T04:52:48.611+0800: 323.958: Total time for which application threads were stopped: 0.0174552 seconds, Stopping threads took: 0.0000286 seconds
{Heap before GC invocations=232 (full 13):
 par new generation   total 109248K, used 109248K [0x00000007a0000000, 0x00000007a8000000, 0x00000007a8000000)
  eden space 87424K, 100% used [0x00000007a0000000, 0x00000007a5560000, 0x00000007a5560000)
  from space 21824K, 100% used [0x00000007a5560000, 0x00000007a6ab0000, 0x00000007a6ab0000)
  to   space 21824K,   0% used [0x00000007a6ab0000, 0x00000007a6ab0000, 0x00000007a8000000)
 concurrent mark-sweep generation total 393216K, used 110222K [0x00000007a8000000, 0x00000007c0000000, 0x00000007c0000000)
 Metaspace       used 34226K, capacity 34700K, committed 35196K, reserved 1081344K
  class space    used 4013K, capacity 4167K, committed 4220K, reserved 1048576K
2016-10-24T04:52:48.835+0800: 324.182: [GC (Allocation Failure) 2016-10-24T04:52:48.835+0800: 324.182: [ParNew
Desired survivor size 20112992 bytes, new threshold 8 (max 8)
- age   1:    8453840 bytes,    8453840 total
- age   2:    3218440 bytes,   11672280 total
- age   3:    1272024 bytes,   12944304 total
- age   4:     892184 bytes,   13836488 total
- age   5:    2060784 bytes,   15897272 total
- age   6:    2098816 bytes,   17996088 total
- age   7:    1749088 bytes,   19745176 total
: 109248K->21824K(109248K), 0.0165607 secs] 219470K->136823K(502464K), 0.0166460 secs] [Times: user=0.06 sys=0.00, real=0.02 secs] 
Heap after GC invocations=233 (full 13):
 par new generation   total 109248K, used 21824K [0x00000007a0000000, 0x00000007a8000000, 0x00000007a8000000)
  eden space 87424K,   0% used [0x00000007a0000000, 0x00000007a0000000, 0x00000007a5560000)
  from space 21824K, 100% used [0x00000007a6ab0000, 0x00000007a8000000, 0x00000007a8000000)
  to   space 21824K,   0% used [0x00000007a5560000, 0x00000007a5560000, 0x00000007a6ab0000)
 concurrent mark-sweep generation total 393216K, used 114999K [0x00000007a8000000, 0x00000007c0000000, 0x00000007c0000000)
 Metaspace       used 34226K, capacity 34700K, committed 35196K, reserved 1081344K
  class space    used 4013K, capacity 4167K, committed 4220K, reserved 1048576K
}
2016-10-24T04:52:48.851+0800: 324.198: Total time for which application threads were stopped: 0.0168066 seconds, Stopping threads took: 0.0000203 seconds
{Heap before GC invocations=233 (full 13):
 par new generation   total 109248K, used 109248K [0x00000007a0000000, 0x00000007a8000000, 0x00000007a8000000)
  eden space 87424K, 100% used [0x00000007a0000000, 0x00000007a5560000, 0x00000007a5560000)
  from space 21824K, 100% used [0x00000007a6ab0000, 0x00000007a8000000, 0x00000007a8000000)
  to   space 21824K,   0% used [0x00000007a5560000, 0x00000007a5560000, 0x00000007a6ab0000)
 concurrent mark-sweep generation total 393216K, used 114999K [0x00000007a8000000, 0x00000007c0000000, 0x00000007c0000000)
 Metaspace       used 34226K, capacity 34700K, committed 35196K, reserved 1081344K
  class space    used 4013K, capacity 4167K, committed 4220K, reserved 1048576K
2016-10-24T04:52:49.087+0800: 324.434: [GC (Allocation Failure) 2016-10-24T04:52:49.088+0800: 324.434: [ParNew
Desired survivor size 20112992 bytes, new threshold 8 (max 8)
- age   1:   11358280 bytes,   11358280 total
- age   2:    2299992 bytes,   13658272 total
- age   3:    1632504 bytes,   15290776 total
- age   4:    1024056 bytes,   16314832 total
- age   5:     720032 bytes,   17034864 total
- age   6:    1559448 bytes,   18594312 total
- age   7:    1245456 bytes,   19839768 total
- age   8:     478000 bytes,   20317768 total
: 109248K->21824K(109248K), 0.0197517 secs] 224247K->144169K(502464K), 0.0198228 secs] [Times: user=0.07 sys=0.00, real=0.02 secs] 
Heap after GC invocations=234 (full 13):
 par new generation   total 109248K, used 21824K [0x00000007a0000000, 0x00000007a8000000, 0x00000007a8000000)
  eden space 87424K,   0% used [0x00000007a0000000, 0x00000007a0000000, 0x00000007a5560000)
  from space 21824K, 100% used [0x00000007a5560000, 0x00000007a6ab0000, 0x00000007a6ab0000)
  to   space 21824K,   0% used [0x00000007a6ab0000, 0x00000007a6ab0000, 0x00000007a8000000)
 concurrent mark-sweep generation total 393216K, used 122345K [0x00000007a8000000, 0x00000007c0000000, 0x00000007c0000000)
 Metaspace       used 34226K, capacity 34700K, committed 35196K, reserved 1081344K
  class space    used 4013K, capacity 4167K, committed 4220K, reserved 1048576K
}
2016-10-24T04:52:49.107+0800: 324.454: Total time for which application threads were stopped: 0.0200156 seconds, Stopping threads took: 0.0000285 seconds
{Heap before GC invocations=234 (full 13):
 par new generation   total 109248K, used 109248K [0x00000007a0000000, 0x00000007a8000000, 0x00000007a8000000)
  eden space 87424K, 100% used [0x00000007a0000000, 0x00000007a5560000, 0x00000007a5560000)
  from space 21824K, 100% used [0x00000007a5560000, 0x00000007a6ab0000, 0x00000007a6ab0000)
  to   space 21824K,   0% used [0x00000007a6ab0000, 0x00000007a6ab0000, 0x00000007a8000000)
 concurrent mark-sweep generation total 393216K, used 122345K [0x00000007a8000000, 0x00000007c0000000, 0x00000007c0000000)
 Metaspace       used 34226K, capacity 34700K, committed 35196K, reserved 1081344K
  class space    used 4013K, capacity 4167K, committed 4220K, reserved 1048576K
2016-10-24T04:52:49.336+0800: 324.683: [GC (Allocation Failure) 2016-10-24T04:52:49.336+0800: 324.683: [ParNew
Desired survivor size 20112992 bytes, new threshold 7 (max 8)
- age   1:    5219232 bytes,    5219232 total
- age   2:    9147520 bytes,   14366752 total
- age   3:    1743744 bytes,   16110496 total
- age   4:    1150616 bytes,   17261112 total
- age   5:     878504 bytes,   18139616 total
- age   6:     605808 bytes,   18745424 total
- age   7:    1430472 bytes,   20175896 total
- age   8:     594984 bytes,   20770880 total
: 109248K->21824K(109248K), 0.0183847 secs] 231593K->149008K(502464K), 0.0184541 secs] [Times: user=0.07 sys=0.00, real=0.02 secs] 
Heap after GC invocations=235 (full 13):
 par new generation   total 109248K, used 21824K [0x00000007a0000000, 0x00000007a8000000, 0x00000007a8000000)
  eden space 87424K,   0% used [0x00000007a0000000, 0x00000007a0000000, 0x00000007a5560000)
  from space 21824K, 100% used [0x00000007a6ab0000, 0x00000007a8000000, 0x00000007a8000000)
  to   space 21824K,   0% used [0x00000007a5560000, 0x00000007a5560000, 0x00000007a6ab0000)
 concurrent mark-sweep generation total 393216K, used 127184K [0x00000007a8000000, 0x00000007c0000000, 0x00000007c0000000)
 Metaspace       used 34226K, capacity 34700K, committed 35196K, reserved 1081344K
  class space    used 4013K, capacity 4167K, committed 4220K, reserved 1048576K
}
2016-10-24T04:52:49.355+0800: 324.702: Total time for which application threads were stopped: 0.0186460 seconds, Stopping threads took: 0.0000295 seconds
{Heap before GC invocations=235 (full 13):
 par new generation   total 109248K, used 109248K [0x00000007a0000000, 0x00000007a8000000, 0x00000007a8000000)
  eden space 87424K, 100% used [0x00000007a0000000, 0x00000007a5560000, 0x00000007a5560000)
  from space 21824K, 100% used [0x00000007a6ab0000, 0x00000007a8000000, 0x00000007a8000000)
  to   space 21824K,   0% used [0x00000007a5560000, 0x00000007a5560000, 0x00000007a6ab0000)
 concurrent mark-sweep generation total 393216K, used 127184K [0x00000007a8000000, 0x00000007c0000000, 0x00000007c0000000)
 Metaspace       used 34226K, capacity 34700K, committed 35196K, reserved 1081344K
  class space    used 4013K, capacity 4167K, committed 4220K, reserved 1048576K
2016-10-24T04:52:49.571+0800: 324.918: [GC (Allocation Failure) 2016-10-24T04:52:49.571+0800: 324.918: [ParNew
Desired survivor size 20112992 bytes, new threshold 8 (max 8)
- age   1:    8060608 bytes,    8060608 total
- age   2:    4385024 bytes,   12445632 total
- age   3:    3413640 bytes,   15859272 total
- age   4:    1633032 bytes,   17492304 total
- age   5:    1065216 bytes,   18557520 total
- age   6:     813512 bytes,   19371032 total
- age   7:     562008 bytes,   19933040 total
: 109248K->21824K(109248K), 0.0161271 secs] 236432K->155646K(502464K), 0.0162024 secs] [Times: user=0.06 sys=0.00, real=0.01 secs] 
Heap after GC invocations=236 (full 13):
 par new generation   total 109248K, used 21824K [0x00000007a0000000, 0x00000007a8000000, 0x00000007a8000000)
  eden space 87424K,   0% used [0x00000007a0000000, 0x00000007a0000000, 0x00000007a5560000)
  from space 21824K, 100% used [0x00000007a5560000, 0x00000007a6ab0000, 0x00000007a6ab0000)
  to   space 21824K,   0% used [0x00000007a6ab0000, 0x00000007a6ab0000, 0x00000007a8000000)
 concurrent mark-sweep generation total 393216K, used 133822K [0x00000007a8000000, 0x00000007c0000000, 0x00000007c0000000)
 Metaspace       used 34226K, capacity 34700K, committed 35196K, reserved 1081344K
  class space    used 4013K, capacity 4167K, committed 4220K, reserved 1048576K
}
2016-10-24T04:52:49.587+0800: 324.934: Total time for which application threads were stopped: 0.0163736 seconds, Stopping threads took: 0.0000207 seconds
{Heap before GC invocations=236 (full 13):
 par new generation   total 109248K, used 109248K [0x00000007a0000000, 0x00000007a8000000, 0x00000007a8000000)
  eden space 87424K, 100% used [0x00000007a0000000, 0x00000007a5560000, 0x00000007a5560000)
  from space 21824K, 100% used [0x00000007a5560000, 0x00000007a6ab0000, 0x00000007a6ab0000)
  to   space 21824K,   0% used [0x00000007a6ab0000, 0x00000007a6ab0000, 0x00000007a8000000)
 concurrent mark-sweep generation total 393216K, used 133822K [0x00000007a8000000, 0x00000007c0000000, 0x00000007c0000000)
 Metaspace       used 34226K, capacity 34700K, committed 35196K, reserved 1081344K
  class space    used 4013K, capacity 4167K, committed 4220K, reserved 1048576K
2016-10-24T04:52:49.829+0800: 325.176: [GC (Allocation Failure) 2016-10-24T04:52:49.829+0800: 325.176: [ParNew
Desired survivor size 20112992 bytes, new threshold 7 (max 8)
- age   1:    4914232 bytes,    4914232 total
- age   2:    6939560 bytes,   11853792 total
- age   3:    2609016 bytes,   14462808 total
- age   4:    3225480 bytes,   17688288 total
- age   5:    1137080 bytes,   18825368 total
- age   6:     803112 bytes,   19628480 total
- age   7:     665544 bytes,   20294024 total
- age   8:     461320 bytes,   20755344 total
: 109248K->21824K(109248K), 0.0198152 secs] 243070K->160096K(502464K), 0.0199020 secs] [Times: user=0.07 sys=0.01, real=0.02 secs] 
Heap after GC invocations=237 (full 13):
 par new generation   total 109248K, used 21824K [0x00000007a0000000, 0x00000007a8000000, 0x00000007a8000000)
  eden space 87424K,   0% used [0x00000007a0000000, 0x00000007a0000000, 0x00000007a5560000)
  from space 21824K, 100% used [0x00000007a6ab0000, 0x00000007a8000000, 0x00000007a8000000)
  to   space 21824K,   0% used [0x00000007a5560000, 0x00000007a5560000, 0x00000007a6ab0000)
 concurrent mark-sweep generation total 393216K, used 138272K [0x00000007a8000000, 0x00000007c0000000, 0x00000007c0000000)
 Metaspace       used 34226K, capacity 34700K, committed 35196K, reserved 1081344K
  class space    used 4013K, capacity 4167K, committed 4220K, reserved 1048576K
}
2016-10-24T04:52:49.849+0800: 325.196: Total time for which application threads were stopped: 0.0201087 seconds, Stopping threads took: 0.0000225 seconds
{Heap before GC invocations=237 (full 13):
 par new generation   total 109248K, used 109248K [0x00000007a0000000, 0x00000007a8000000, 0x00000007a8000000)
  eden space 87424K, 100% used [0x00000007a0000000, 0x00000007a5560000, 0x00000007a5560000)
  from space 21824K, 100% used [0x00000007a6ab0000, 0x00000007a8000000, 0x00000007a8000000)
  to   space 21824K,   0% used [0x00000007a5560000, 0x00000007a5560000, 0x00000007a6ab0000)
 concurrent mark-sweep generation total 393216K, used 138272K [0x00000007a8000000, 0x00000007c0000000, 0x00000007c0000000)
 Metaspace       used 34226K, capacity 34700K, committed 35196K, reserved 1081344K
  class space    used 4013K, capacity 4167K, committed 4220K, reserved 1048576K
2016-10-24T04:52:50.073+0800: 325.420: [GC (Allocation Failure) 2016-10-24T04:52:50.074+0800: 325.421: [ParNew
Desired survivor size 20112992 bytes, new threshold 6 (max 8)
- age   1:    7172424 bytes,    7172424 total
- age   2:    4677464 bytes,   11849888 total
- age   3:    2073344 bytes,   13923232 total
- age   4:    2478432 bytes,   16401664 total
- age   5:    3097944 bytes,   19499608 total
- age   6:    1072688 bytes,   20572296 total
- age   7:     773360 bytes,   21345656 total
: 109248K->21824K(109248K), 0.0226225 secs] 247520K->166638K(502464K), 0.0227080 secs] [Times: user=0.09 sys=0.00, real=0.02 secs] 
Heap after GC invocations=238 (full 13):
 par new generation   total 109248K, used 21824K [0x00000007a0000000, 0x00000007a8000000, 0x00000007a8000000)
  eden space 87424K,   0% used [0x00000007a0000000, 0x00000007a0000000, 0x00000007a5560000)
  from space 21824K, 100% used [0x00000007a5560000, 0x00000007a6ab0000, 0x00000007a6ab0000)
  to   space 21824K,   0% used [0x00000007a6ab0000, 0x00000007a6ab0000, 0x00000007a8000000)
 concurrent mark-sweep generation total 393216K, used 144814K [0x00000007a8000000, 0x00000007c0000000, 0x00000007c0000000)
 Metaspace       used 34226K, capacity 34700K, committed 35196K, reserved 1081344K
  class space    used 4013K, capacity 4167K, committed 4220K, reserved 1048576K
}
2016-10-24T04:52:50.096+0800: 325.443: Total time for which application threads were stopped: 0.0228951 seconds, Stopping threads took: 0.0000243 seconds
{Heap before GC invocations=238 (full 13):
 par new generation   total 109248K, used 109248K [0x00000007a0000000, 0x00000007a8000000, 0x00000007a8000000)
  eden space 87424K, 100% used [0x00000007a0000000, 0x00000007a5560000, 0x00000007a5560000)
  from space 21824K, 100% used [0x00000007a5560000, 0x00000007a6ab0000, 0x00000007a6ab0000)
  to   space 21824K,   0% used [0x00000007a6ab0000, 0x00000007a6ab0000, 0x00000007a8000000)
 concurrent mark-sweep generation total 393216K, used 144814K [0x00000007a8000000, 0x00000007c0000000, 0x00000007c0000000)
 Metaspace       used 34226K, capacity 34700K, committed 35196K, reserved 1081344K
  class space    used 4013K, capacity 4167K, committed 4220K, reserved 1048576K
2016-10-24T04:52:50.336+0800: 325.683: [GC (Allocation Failure) 2016-10-24T04:52:50.336+0800: 325.683: [ParNew
Desired survivor size 20112992 bytes, new threshold 8 (max 8)
- age   1:    4944720 bytes,    4944720 total
- age   2:    5313184 bytes,   10257904 total
- age   3:    2323888 bytes,   12581792 total
- age   4:    1838032 bytes,   14419824 total
- age   5:    2222456 bytes,   16642280 total
- age   6:    3034832 bytes,   19677112 total
: 109248K->21824K(109248K), 0.0261283 secs] 254062K->175374K(502464K), 0.0261945 secs] [Times: user=0.10 sys=0.00, real=0.03 secs] 
Heap after GC invocations=239 (full 13):
 par new generation   total 109248K, used 21824K [0x00000007a0000000, 0x00000007a8000000, 0x00000007a8000000)
  eden space 87424K,   0% used [0x00000007a0000000, 0x00000007a0000000, 0x00000007a5560000)
  from space 21824K, 100% used [0x00000007a6ab0000, 0x00000007a8000000, 0x00000007a8000000)
  to   space 21824K,   0% used [0x00000007a5560000, 0x00000007a5560000, 0x00000007a6ab0000)
 concurrent mark-sweep generation total 393216K, used 153550K [0x00000007a8000000, 0x00000007c0000000, 0x00000007c0000000)
 Metaspace       used 34226K, capacity 34700K, committed 35196K, reserved 1081344K
  class space    used 4013K, capacity 4167K, committed 4220K, reserved 1048576K
}
2016-10-24T04:52:50.362+0800: 325.709: Total time for which application threads were stopped: 0.0263658 seconds, Stopping threads took: 0.0000294 seconds
2016-10-24T04:52:50.374+0800: 325.721: Total time for which application threads were stopped: 0.0000879 seconds, Stopping threads took: 0.0000258 seconds
2016-10-24T04:52:50.378+0800: 325.725: Total time for which application threads were stopped: 0.0000897 seconds, Stopping threads took: 0.0000240 seconds
2016-10-24T04:52:50.651+0800: 325.998: Total time for which application threads were stopped: 0.0000912 seconds, Stopping threads took: 0.0000191 seconds
2016-10-24T04:52:50.737+0800: 326.084: Total time for which application threads were stopped: 0.0001238 seconds, Stopping threads took: 0.0000227 seconds
2016-10-24T04:52:50.737+0800: 326.084: Total time for which application threads were stopped: 0.0000691 seconds, Stopping threads took: 0.0000116 seconds
{Heap before GC invocations=239 (full 13):
 par new generation   total 109248K, used 109248K [0x00000007a0000000, 0x00000007a8000000, 0x00000007a8000000)
  eden space 87424K, 100% used [0x00000007a0000000, 0x00000007a5560000, 0x00000007a5560000)
  from space 21824K, 100% used [0x00000007a6ab0000, 0x00000007a8000000, 0x00000007a8000000)
  to   space 21824K,   0% used [0x00000007a5560000, 0x00000007a5560000, 0x00000007a6ab0000)
 concurrent mark-sweep generation total 393216K, used 153550K [0x00000007a8000000, 0x00000007c0000000, 0x00000007c0000000)
 Metaspace       used 34229K, capacity 34700K, committed 35196K, reserved 1081344K
  class space    used 4013K, capacity 4167K, committed 4220K, reserved 1048576K
2016-10-24T04:52:51.236+0800: 326.583: [GC (Allocation Failure) 2016-10-24T04:52:51.236+0800: 326.583: [ParNew
Desired survivor size 20112992 bytes, new threshold 8 (max 8)
- age   1:     292976 bytes,     292976 total
- age   2:    4505656 bytes,    4798632 total
- age   3:    4908856 bytes,    9707488 total
- age   4:    2119104 bytes,   11826592 total
- age   5:    1719992 bytes,   13546584 total
- age   6:    2141696 bytes,   15688280 total
- age   7:    3031160 bytes,   18719440 total
: 109248K->21824K(109248K), 0.0138109 secs] 262798K->176935K(502464K), 0.0138695 secs] [Times: user=0.05 sys=0.00, real=0.01 secs] 
Heap after GC invocations=240 (full 13):
 par new generation   total 109248K, used 21824K [0x00000007a0000000, 0x00000007a8000000, 0x00000007a8000000)
  eden space 87424K,   0% used [0x00000007a0000000, 0x00000007a0000000, 0x00000007a5560000)
  from space 21824K, 100% used [0x00000007a5560000, 0x00000007a6ab0000, 0x00000007a6ab0000)
  to   space 21824K,   0% used [0x00000007a6ab0000, 0x00000007a6ab0000, 0x00000007a8000000)
 concurrent mark-sweep generation total 393216K, used 155111K [0x00000007a8000000, 0x00000007c0000000, 0x00000007c0000000)
 Metaspace       used 34229K, capacity 34700K, committed 35196K, reserved 1081344K
  class space    used 4013K, capacity 4167K, committed 4220K, reserved 1048576K
}
2016-10-24T04:52:51.249+0800: 326.596: Total time for which application threads were stopped: 0.0140432 seconds, Stopping threads took: 0.0000212 seconds
{Heap before GC invocations=240 (full 13):
 par new generation   total 109248K, used 109248K [0x00000007a0000000, 0x00000007a8000000, 0x00000007a8000000)
  eden space 87424K, 100% used [0x00000007a0000000, 0x00000007a5560000, 0x00000007a5560000)
  from space 21824K, 100% used [0x00000007a5560000, 0x00000007a6ab0000, 0x00000007a6ab0000)
  to   space 21824K,   0% used [0x00000007a6ab0000, 0x00000007a6ab0000, 0x00000007a8000000)
 concurrent mark-sweep generation total 393216K, used 155111K [0x00000007a8000000, 0x00000007c0000000, 0x00000007c0000000)
 Metaspace       used 34229K, capacity 34700K, committed 35196K, reserved 1081344K
  class space    used 4013K, capacity 4167K, committed 4220K, reserved 1048576K
2016-10-24T04:52:51.279+0800: 326.626: [GC (Allocation Failure) 2016-10-24T04:52:51.279+0800: 326.626: [ParNew
Desired survivor size 20112992 bytes, new threshold 8 (max 8)
- age   1:     121432 bytes,     121432 total
- age   2:     247920 bytes,     369352 total
- age   3:    4365448 bytes,    4734800 total
- age   4:    4084208 bytes,    8819008 total
- age   5:    2043704 bytes,   10862712 total
- age   6:    1658616 bytes,   12521328 total
- age   7:    2077992 bytes,   14599320 total
- age   8:    2876752 bytes,   17476072 total
: 109248K->21824K(109248K), 0.0120369 secs] 264359K->178139K(502464K), 0.0120891 secs] [Times: user=0.04 sys=0.00, real=0.02 secs] 
Heap after GC invocations=241 (full 13):
 par new generation   total 109248K, used 21824K [0x00000007a0000000, 0x00000007a8000000, 0x00000007a8000000)
  eden space 87424K,   0% used [0x00000007a0000000, 0x00000007a0000000, 0x00000007a5560000)
  from space 21824K, 100% used [0x00000007a6ab0000, 0x00000007a8000000, 0x00000007a8000000)
  to   space 21824K,   0% used [0x00000007a5560000, 0x00000007a5560000, 0x00000007a6ab0000)
 concurrent mark-sweep generation total 393216K, used 156315K [0x00000007a8000000, 0x00000007c0000000, 0x00000007c0000000)
 Metaspace       used 34229K, capacity 34700K, committed 35196K, reserved 1081344K
  class space    used 4013K, capacity 4167K, committed 4220K, reserved 1048576K
}
2016-10-24T04:52:51.291+0800: 326.638: Total time for which application threads were stopped: 0.0122438 seconds, Stopping threads took: 0.0000292 seconds
{Heap before GC invocations=241 (full 13):
 par new generation   total 109248K, used 109248K [0x00000007a0000000, 0x00000007a8000000, 0x00000007a8000000)
  eden space 87424K, 100% used [0x00000007a0000000, 0x00000007a5560000, 0x00000007a5560000)
  from space 21824K, 100% used [0x00000007a6ab0000, 0x00000007a8000000, 0x00000007a8000000)
  to   space 21824K,   0% used [0x00000007a5560000, 0x00000007a5560000, 0x00000007a6ab0000)
 concurrent mark-sweep generation total 393216K, used 156315K [0x00000007a8000000, 0x00000007c0000000, 0x00000007c0000000)
 Metaspace       used 34234K, capacity 34700K, committed 35196K, reserved 1081344K
  class space    used 4013K, capacity 4167K, committed 4220K, reserved 1048576K
2016-10-24T04:52:51.380+0800: 326.727: [GC (Allocation Failure) 2016-10-24T04:52:51.380+0800: 326.727: [ParNew
Desired survivor size 20112992 bytes, new threshold 8 (max 8)
- age   1:     125632 bytes,     125632 total
- age   3:     262632 bytes,     388264 total
- age   4:    4365448 bytes,    4753712 total
- age   5:    4084208 bytes,    8837920 total
- age   6:    2043704 bytes,   10881624 total
- age   7:    1625856 bytes,   12507480 total
- age   8:    1979640 bytes,   14487120 total
: 109248K->20621K(109248K), 0.0129980 secs] 265563K->179769K(502464K), 0.0130633 secs] [Times: user=0.05 sys=0.00, real=0.01 secs] 
Heap after GC invocations=242 (full 13):
 par new generation   total 109248K, used 20621K [0x00000007a0000000, 0x00000007a8000000, 0x00000007a8000000)
  eden space 87424K,   0% used [0x00000007a0000000, 0x00000007a0000000, 0x00000007a5560000)
  from space 21824K,  94% used [0x00000007a5560000, 0x00000007a69834d0, 0x00000007a6ab0000)
  to   space 21824K,   0% used [0x00000007a6ab0000, 0x00000007a6ab0000, 0x00000007a8000000)
 concurrent mark-sweep generation total 393216K, used 159148K [0x00000007a8000000, 0x00000007c0000000, 0x00000007c0000000)
 Metaspace       used 34234K, capacity 34700K, committed 35196K, reserved 1081344K
  class space    used 4013K, capacity 4167K, committed 4220K, reserved 1048576K
}
2016-10-24T04:52:51.393+0800: 326.740: Total time for which application threads were stopped: 0.0132490 seconds, Stopping threads took: 0.0000302 seconds
{Heap before GC invocations=242 (full 13):
 par new generation   total 109248K, used 108045K [0x00000007a0000000, 0x00000007a8000000, 0x00000007a8000000)
  eden space 87424K, 100% used [0x00000007a0000000, 0x00000007a5560000, 0x00000007a5560000)
  from space 21824K,  94% used [0x00000007a5560000, 0x00000007a69834d0, 0x00000007a6ab0000)
  to   space 21824K,   0% used [0x00000007a6ab0000, 0x00000007a6ab0000, 0x00000007a8000000)
 concurrent mark-sweep generation total 393216K, used 159148K [0x00000007a8000000, 0x00000007c0000000, 0x00000007c0000000)
 Metaspace       used 34234K, capacity 34700K, committed 35196K, reserved 1081344K
  class space    used 4013K, capacity 4167K, committed 4220K, reserved 1048576K
2016-10-24T04:52:51.480+0800: 326.827: [GC (Allocation Failure) 2016-10-24T04:52:51.480+0800: 326.827: [ParNew
Desired survivor size 20112992 bytes, new threshold 8 (max 8)
- age   1:     203224 bytes,     203224 total
- age   2:      13824 bytes,     217048 total
- age   4:     262632 bytes,     479680 total
- age   5:    4365448 bytes,    4845128 total
- age   6:    4084208 bytes,    8929336 total
- age   7:    2043704 bytes,   10973040 total
- age   8:    1593072 bytes,   12566112 total
: 108045K->16556K(109248K), 0.0118292 secs] 267193K->177667K(502464K), 0.0118864 secs] [Times: user=0.04 sys=0.00, real=0.01 secs] 
Heap after GC invocations=243 (full 13):
 par new generation   total 109248K, used 16556K [0x00000007a0000000, 0x00000007a8000000, 0x00000007a8000000)
  eden space 87424K,   0% used [0x00000007a0000000, 0x00000007a0000000, 0x00000007a5560000)
  from space 21824K,  75% used [0x00000007a6ab0000, 0x00000007a7adb188, 0x00000007a8000000)
  to   space 21824K,   0% used [0x00000007a5560000, 0x00000007a5560000, 0x00000007a6ab0000)
 concurrent mark-sweep generation total 393216K, used 161110K [0x00000007a8000000, 0x00000007c0000000, 0x00000007c0000000)
 Metaspace       used 34234K, capacity 34700K, committed 35196K, reserved 1081344K
  class space    used 4013K, capacity 4167K, committed 4220K, reserved 1048576K
}
2016-10-24T04:52:51.492+0800: 326.839: Total time for which application threads were stopped: 0.0120803 seconds, Stopping threads took: 0.0000431 seconds
2016-10-24T04:52:51.519+0800: 326.866: Total time for which application threads were stopped: 0.0000814 seconds, Stopping threads took: 0.0000178 seconds
2016-10-24T04:52:51.519+0800: 326.866: Total time for which application threads were stopped: 0.0000343 seconds, Stopping threads took: 0.0000064 seconds
2016-10-24T04:52:51.519+0800: 326.866: Total time for which application threads were stopped: 0.0000311 seconds, Stopping threads took: 0.0000056 seconds
2016-10-24T04:52:51.519+0800: 326.867: Total time for which application threads were stopped: 0.0000326 seconds, Stopping threads took: 0.0000059 seconds
2016-10-24T04:52:51.521+0800: 326.868: Total time for which application threads were stopped: 0.0000663 seconds, Stopping threads took: 0.0000111 seconds
2016-10-24T04:52:51.582+0800: 326.929: Total time for which application threads were stopped: 0.0000976 seconds, Stopping threads took: 0.0000199 seconds
2016-10-24T04:52:51.582+0800: 326.929: Total time for which application threads were stopped: 0.0000489 seconds, Stopping threads took: 0.0000077 seconds
2016-10-24T04:52:51.598+0800: 326.945: Total time for which application threads were stopped: 0.0001277 seconds, Stopping threads took: 0.0000363 seconds
2016-10-24T04:52:51.598+0800: 326.945: Total time for which application threads were stopped: 0.0000967 seconds, Stopping threads took: 0.0000245 seconds
2016-10-24T04:52:51.598+0800: 326.945: Total time for which application threads were stopped: 0.0000604 seconds, Stopping threads took: 0.0000094 seconds
2016-10-24T04:52:51.598+0800: 326.945: Total time for which application threads were stopped: 0.0000618 seconds, Stopping threads took: 0.0000109 seconds
2016-10-24T04:52:51.598+0800: 326.945: Total time for which application threads were stopped: 0.0000466 seconds, Stopping threads took: 0.0000146 seconds
2016-10-24T04:52:51.598+0800: 326.945: Total time for which application threads were stopped: 0.0000771 seconds, Stopping threads took: 0.0000480 seconds
2016-10-24T04:52:51.598+0800: 326.945: Total time for which application threads were stopped: 0.0000747 seconds, Stopping threads took: 0.0000469 seconds
2016-10-24T04:52:51.598+0800: 326.945: Total time for which application threads were stopped: 0.0000819 seconds, Stopping threads took: 0.0000533 seconds
2016-10-24T04:52:51.600+0800: 326.947: Total time for which application threads were stopped: 0.0000505 seconds, Stopping threads took: 0.0000094 seconds
2016-10-24T04:52:51.600+0800: 326.947: Total time for which application threads were stopped: 0.0000794 seconds, Stopping threads took: 0.0000281 seconds
2016-10-24T04:52:51.600+0800: 326.947: Total time for which application threads were stopped: 0.0000635 seconds, Stopping threads took: 0.0000288 seconds
2016-10-24T04:52:51.600+0800: 326.947: Total time for which application threads were stopped: 0.0000564 seconds, Stopping threads took: 0.0000091 seconds
2016-10-24T04:52:51.600+0800: 326.947: Total time for which application threads were stopped: 0.0000690 seconds, Stopping threads took: 0.0000208 seconds
2016-10-24T04:52:51.601+0800: 326.948: Total time for which application threads were stopped: 0.0001521 seconds, Stopping threads took: 0.0000212 seconds
2016-10-24T04:52:51.601+0800: 326.948: Total time for which application threads were stopped: 0.0000709 seconds, Stopping threads took: 0.0000228 seconds
2016-10-24T04:52:51.601+0800: 326.948: Total time for which application threads were stopped: 0.0000569 seconds, Stopping threads took: 0.0000093 seconds
2016-10-24T04:52:51.601+0800: 326.948: Total time for which application threads were stopped: 0.0000516 seconds, Stopping threads took: 0.0000082 seconds
2016-10-24T04:52:51.602+0800: 326.949: Total time for which application threads were stopped: 0.0000596 seconds, Stopping threads took: 0.0000096 seconds
2016-10-24T04:52:51.602+0800: 326.949: Total time for which application threads were stopped: 0.0000705 seconds, Stopping threads took: 0.0000084 seconds
2016-10-24T04:52:51.604+0800: 326.951: Total time for which application threads were stopped: 0.0000850 seconds, Stopping threads took: 0.0000122 seconds
2016-10-24T04:52:51.604+0800: 326.951: Total time for which application threads were stopped: 0.0000750 seconds, Stopping threads took: 0.0000110 seconds
2016-10-24T04:52:51.604+0800: 326.951: Total time for which application threads were stopped: 0.0000712 seconds, Stopping threads took: 0.0000096 seconds
2016-10-24T04:52:51.605+0800: 326.952: Total time for which application threads were stopped: 0.0000846 seconds, Stopping threads took: 0.0000152 seconds
2016-10-24T04:52:51.626+0800: 326.973: Total time for which application threads were stopped: 0.0000894 seconds, Stopping threads took: 0.0000260 seconds
2016-10-24T04:52:51.642+0800: 326.989: Total time for which application threads were stopped: 0.0001233 seconds, Stopping threads took: 0.0000193 seconds
2016-10-24T04:52:52.644+0800: 327.991: Total time for which application threads were stopped: 0.0001103 seconds, Stopping threads took: 0.0000296 seconds
2016-10-24T04:53:38.337+0800: 373.685: Total time for which application threads were stopped: 0.0000943 seconds, Stopping threads took: 0.0000166 seconds
2016-10-24T04:53:38.337+0800: 373.686: Total time for which application threads were stopped: 0.0000324 seconds, Stopping threads took: 0.0000064 seconds
{Heap before GC invocations=243 (full 13):
 par new generation   total 109248K, used 103980K [0x00000007a0000000, 0x00000007a8000000, 0x00000007a8000000)
  eden space 87424K, 100% used [0x00000007a0000000, 0x00000007a5560000, 0x00000007a5560000)
  from space 21824K,  75% used [0x00000007a6ab0000, 0x00000007a7adb188, 0x00000007a8000000)
  to   space 21824K,   0% used [0x00000007a5560000, 0x00000007a5560000, 0x00000007a6ab0000)
 concurrent mark-sweep generation total 393216K, used 161110K [0x00000007a8000000, 0x00000007c0000000, 0x00000007c0000000)
 Metaspace       used 34257K, capacity 34708K, committed 35196K, reserved 1081344K
  class space    used 4014K, capacity 4169K, committed 4220K, reserved 1048576K
2016-10-24T04:53:38.537+0800: 373.885: [GC (Allocation Failure) 2016-10-24T04:53:38.537+0800: 373.885: [ParNew
Desired survivor size 20112992 bytes, new threshold 8 (max 8)
- age   1:    4824448 bytes,    4824448 total
- age   2:       1808 bytes,    4826256 total
- age   3:      13824 bytes,    4840080 total
- age   5:     252200 bytes,    5092280 total
- age   6:    4306360 bytes,    9398640 total
- age   7:    4048880 bytes,   13447520 total
- age   8:    2005688 bytes,   15453208 total
: 103980K->18651K(109248K), 0.0117348 secs] 265091K->181306K(502464K), 0.0117917 secs] [Times: user=0.04 sys=0.00, real=0.01 secs] 
Heap after GC invocations=244 (full 13):
 par new generation   total 109248K, used 18651K [0x00000007a0000000, 0x00000007a8000000, 0x00000007a8000000)
  eden space 87424K,   0% used [0x00000007a0000000, 0x00000007a0000000, 0x00000007a5560000)
  from space 21824K,  85% used [0x00000007a5560000, 0x00000007a6796cc8, 0x00000007a6ab0000)
  to   space 21824K,   0% used [0x00000007a6ab0000, 0x00000007a6ab0000, 0x00000007a8000000)
 concurrent mark-sweep generation total 393216K, used 162655K [0x00000007a8000000, 0x00000007c0000000, 0x00000007c0000000)
 Metaspace       used 34257K, capacity 34708K, committed 35196K, reserved 1081344K
  class space    used 4014K, capacity 4169K, committed 4220K, reserved 1048576K
}
2016-10-24T04:53:38.548+0800: 373.897: Total time for which application threads were stopped: 0.0119599 seconds, Stopping threads took: 0.0000204 seconds
{Heap before GC invocations=244 (full 13):
 par new generation   total 109248K, used 106075K [0x00000007a0000000, 0x00000007a8000000, 0x00000007a8000000)
  eden space 87424K, 100% used [0x00000007a0000000, 0x00000007a5560000, 0x00000007a5560000)
  from space 21824K,  85% used [0x00000007a5560000, 0x00000007a6796cc8, 0x00000007a6ab0000)
  to   space 21824K,   0% used [0x00000007a6ab0000, 0x00000007a6ab0000, 0x00000007a8000000)
 concurrent mark-sweep generation total 393216K, used 162655K [0x00000007a8000000, 0x00000007c0000000, 0x00000007c0000000)
 Metaspace       used 34257K, capacity 34708K, committed 35196K, reserved 1081344K
  class space    used 4014K, capacity 4169K, committed 4220K, reserved 1048576K
2016-10-24T04:53:38.813+0800: 374.162: [GC (Allocation Failure) 2016-10-24T04:53:38.813+0800: 374.162: [ParNew
Desired survivor size 20112992 bytes, new threshold 8 (max 8)
- age   1:    6714472 bytes,    6714472 total
- age   2:    3622048 bytes,   10336520 total
- age   3:       1808 bytes,   10338328 total
- age   4:      13824 bytes,   10352152 total
- age   6:     219416 bytes,   10571568 total
- age   7:    4306360 bytes,   14877928 total
- age   8:    4048880 bytes,   18926808 total
: 106075K->20281K(109248K), 0.0131398 secs] 268730K->184918K(502464K), 0.0132207 secs] [Times: user=0.05 sys=0.00, real=0.01 secs] 
Heap after GC invocations=245 (full 13):
 par new generation   total 109248K, used 20281K [0x00000007a0000000, 0x00000007a8000000, 0x00000007a8000000)
  eden space 87424K,   0% used [0x00000007a0000000, 0x00000007a0000000, 0x00000007a5560000)
  from space 21824K,  92% used [0x00000007a6ab0000, 0x00000007a7e7e7d0, 0x00000007a8000000)
  to   space 21824K,   0% used [0x00000007a5560000, 0x00000007a5560000, 0x00000007a6ab0000)
 concurrent mark-sweep generation total 393216K, used 164636K [0x00000007a8000000, 0x00000007c0000000, 0x00000007c0000000)
 Metaspace       used 34257K, capacity 34708K, committed 35196K, reserved 1081344K
  class space    used 4014K, capacity 4169K, committed 4220K, reserved 1048576K
}
2016-10-24T04:53:38.827+0800: 374.175: Total time for which application threads were stopped: 0.0134372 seconds, Stopping threads took: 0.0000292 seconds
{Heap before GC invocations=245 (full 13):
 par new generation   total 109248K, used 107705K [0x00000007a0000000, 0x00000007a8000000, 0x00000007a8000000)
  eden space 87424K, 100% used [0x00000007a0000000, 0x00000007a5560000, 0x00000007a5560000)
  from space 21824K,  92% used [0x00000007a6ab0000, 0x00000007a7e7e7d0, 0x00000007a8000000)
  to   space 21824K,   0% used [0x00000007a5560000, 0x00000007a5560000, 0x00000007a6ab0000)
 concurrent mark-sweep generation total 393216K, used 164636K [0x00000007a8000000, 0x00000007c0000000, 0x00000007c0000000)
 Metaspace       used 34257K, capacity 34708K, committed 35196K, reserved 1081344K
  class space    used 4014K, capacity 4169K, committed 4220K, reserved 1048576K
2016-10-24T04:53:39.103+0800: 374.452: [GC (Allocation Failure) 2016-10-24T04:53:39.103+0800: 374.452: [ParNew
Desired survivor size 20112992 bytes, new threshold 8 (max 8)
- age   1:    6024264 bytes,    6024264 total
- age   2:    4915840 bytes,   10940104 total
- age   3:    3411272 bytes,   14351376 total
- age   4:       1808 bytes,   14353184 total
- age   5:      13824 bytes,   14367008 total
- age   7:     219416 bytes,   14586424 total
- age   8:    4306600 bytes,   18893024 total
: 107705K->21824K(109248K), 0.0128279 secs] 272342K->191502K(502464K), 0.0128891 secs] [Times: user=0.05 sys=0.00, real=0.01 secs] 
Heap after GC invocations=246 (full 13):
 par new generation   total 109248K, used 21824K [0x00000007a0000000, 0x00000007a8000000, 0x00000007a8000000)
  eden space 87424K,   0% used [0x00000007a0000000, 0x00000007a0000000, 0x00000007a5560000)
  from space 21824K, 100% used [0x00000007a5560000, 0x00000007a6ab0000, 0x00000007a6ab0000)
  to   space 21824K,   0% used [0x00000007a6ab0000, 0x00000007a6ab0000, 0x00000007a8000000)
 concurrent mark-sweep generation total 393216K, used 169678K [0x00000007a8000000, 0x00000007c0000000, 0x00000007c0000000)
 Metaspace       used 34257K, capacity 34708K, committed 35196K, reserved 1081344K
  class space    used 4014K, capacity 4169K, committed 4220K, reserved 1048576K
}
2016-10-24T04:53:39.116+0800: 374.465: Total time for which application threads were stopped: 0.0130712 seconds, Stopping threads took: 0.0000297 seconds
{Heap before GC invocations=246 (full 13):
 par new generation   total 109248K, used 109248K [0x00000007a0000000, 0x00000007a8000000, 0x00000007a8000000)
  eden space 87424K, 100% used [0x00000007a0000000, 0x00000007a5560000, 0x00000007a5560000)
  from space 21824K, 100% used [0x00000007a5560000, 0x00000007a6ab0000, 0x00000007a6ab0000)
  to   space 21824K,   0% used [0x00000007a6ab0000, 0x00000007a6ab0000, 0x00000007a8000000)
 concurrent mark-sweep generation total 393216K, used 169678K [0x00000007a8000000, 0x00000007c0000000, 0x00000007c0000000)
 Metaspace       used 34257K, capacity 34708K, committed 35196K, reserved 1081344K
  class space    used 4014K, capacity 4169K, committed 4220K, reserved 1048576K
2016-10-24T04:53:39.398+0800: 374.747: [GC (Allocation Failure) 2016-10-24T04:53:39.398+0800: 374.747: [ParNew
Desired survivor size 20112992 bytes, new threshold 8 (max 8)
- age   1:    5853480 bytes,    5853480 total
- age   2:    3974496 bytes,    9827976 total
- age   3:    3667864 bytes,   13495840 total
- age   4:    3164032 bytes,   16659872 total
- age   5:       1808 bytes,   16661680 total
- age   6:      13824 bytes,   16675504 total
- age   8:     219384 bytes,   16894888 total
: 109248K->21824K(109248K), 0.0121397 secs] 278926K->198303K(502464K), 0.0122229 secs] [Times: user=0.04 sys=0.00, real=0.02 secs] 
Heap after GC invocations=247 (full 13):
 par new generation   total 109248K, used 21824K [0x00000007a0000000, 0x00000007a8000000, 0x00000007a8000000)
  eden space 87424K,   0% used [0x00000007a0000000, 0x00000007a0000000, 0x00000007a5560000)
  from space 21824K, 100% used [0x00000007a6ab0000, 0x00000007a8000000, 0x00000007a8000000)
  to   space 21824K,   0% used [0x00000007a5560000, 0x00000007a5560000, 0x00000007a6ab0000)
 concurrent mark-sweep generation total 393216K, used 176479K [0x00000007a8000000, 0x00000007c0000000, 0x00000007c0000000)
 Metaspace       used 34257K, capacity 34708K, committed 35196K, reserved 1081344K
  class space    used 4014K, capacity 4169K, committed 4220K, reserved 1048576K
}
2016-10-24T04:53:39.410+0800: 374.759: Total time for which application threads were stopped: 0.0123921 seconds, Stopping threads took: 0.0000294 seconds
{Heap before GC invocations=247 (full 13):
 par new generation   total 109248K, used 109248K [0x00000007a0000000, 0x00000007a8000000, 0x00000007a8000000)
  eden space 87424K, 100% used [0x00000007a0000000, 0x00000007a5560000, 0x00000007a5560000)
  from space 21824K, 100% used [0x00000007a6ab0000, 0x00000007a8000000, 0x00000007a8000000)
  to   space 21824K,   0% used [0x00000007a5560000, 0x00000007a5560000, 0x00000007a6ab0000)
 concurrent mark-sweep generation total 393216K, used 176479K [0x00000007a8000000, 0x00000007c0000000, 0x00000007c0000000)
 Metaspace       used 34257K, capacity 34708K, committed 35196K, reserved 1081344K
  class space    used 4014K, capacity 4169K, committed 4220K, reserved 1048576K
2016-10-24T04:53:39.685+0800: 375.034: [GC (Allocation Failure) 2016-10-24T04:53:39.686+0800: 375.034: [ParNew
Desired survivor size 20112992 bytes, new threshold 5 (max 8)
- age   1:    7166104 bytes,    7166104 total
- age   2:    4213352 bytes,   11379456 total
- age   3:    3621416 bytes,   15000872 total
- age   4:    3586800 bytes,   18587672 total
- age   5:    3119136 bytes,   21706808 total
- age   6:       1808 bytes,   21708616 total
- age   7:      13824 bytes,   21722440 total
: 109248K->21824K(109248K), 0.0097550 secs] 285727K->198996K(502464K), 0.0098362 secs] [Times: user=0.04 sys=0.00, real=0.01 secs] 
Heap after GC invocations=248 (full 13):
 par new generation   total 109248K, used 21824K [0x00000007a0000000, 0x00000007a8000000, 0x00000007a8000000)
  eden space 87424K,   0% used [0x00000007a0000000, 0x00000007a0000000, 0x00000007a5560000)
  from space 21824K, 100% used [0x00000007a5560000, 0x00000007a6ab0000, 0x00000007a6ab0000)
  to   space 21824K,   0% used [0x00000007a6ab0000, 0x00000007a6ab0000, 0x00000007a8000000)
 concurrent mark-sweep generation total 393216K, used 177172K [0x00000007a8000000, 0x00000007c0000000, 0x00000007c0000000)
 Metaspace       used 34257K, capacity 34708K, committed 35196K, reserved 1081344K
  class space    used 4014K, capacity 4169K, committed 4220K, reserved 1048576K
}
2016-10-24T04:53:39.695+0800: 375.044: Total time for which application threads were stopped: 0.0100264 seconds, Stopping threads took: 0.0000226 seconds
{Heap before GC invocations=248 (full 13):
 par new generation   total 109248K, used 109248K [0x00000007a0000000, 0x00000007a8000000, 0x00000007a8000000)
  eden space 87424K, 100% used [0x00000007a0000000, 0x00000007a5560000, 0x00000007a5560000)
  from space 21824K, 100% used [0x00000007a5560000, 0x00000007a6ab0000, 0x00000007a6ab0000)
  to   space 21824K,   0% used [0x00000007a6ab0000, 0x00000007a6ab0000, 0x00000007a8000000)
 concurrent mark-sweep generation total 393216K, used 177172K [0x00000007a8000000, 0x00000007c0000000, 0x00000007c0000000)
 Metaspace       used 34257K, capacity 34708K, committed 35196K, reserved 1081344K
  class space    used 4014K, capacity 4169K, committed 4220K, reserved 1048576K
2016-10-24T04:53:39.969+0800: 375.317: [GC (Allocation Failure) 2016-10-24T04:53:39.969+0800: 375.317: [ParNew
Desired survivor size 20112992 bytes, new threshold 5 (max 8)
- age   1:    6866792 bytes,    6866792 total
- age   2:    3774552 bytes,   10641344 total
- age   3:    3308392 bytes,   13949736 total
- age   4:    2999728 bytes,   16949464 total
- age   5:    3277176 bytes,   20226640 total
: 109248K->21824K(109248K), 0.0118870 secs] 286420K->206034K(502464K), 0.0119471 secs] [Times: user=0.04 sys=0.00, real=0.02 secs] 
Heap after GC invocations=249 (full 13):
 par new generation   total 109248K, used 21824K [0x00000007a0000000, 0x00000007a8000000, 0x00000007a8000000)
  eden space 87424K,   0% used [0x00000007a0000000, 0x00000007a0000000, 0x00000007a5560000)
  from space 21824K, 100% used [0x00000007a6ab0000, 0x00000007a8000000, 0x00000007a8000000)
  to   space 21824K,   0% used [0x00000007a5560000, 0x00000007a5560000, 0x00000007a6ab0000)
 concurrent mark-sweep generation total 393216K, used 184210K [0x00000007a8000000, 0x00000007c0000000, 0x00000007c0000000)
 Metaspace       used 34257K, capacity 34708K, committed 35196K, reserved 1081344K
  class space    used 4014K, capacity 4169K, committed 4220K, reserved 1048576K
}
2016-10-24T04:53:39.981+0800: 375.329: Total time for which application threads were stopped: 0.0121478 seconds, Stopping threads took: 0.0000318 seconds
{Heap before GC invocations=249 (full 13):
 par new generation   total 109248K, used 109248K [0x00000007a0000000, 0x00000007a8000000, 0x00000007a8000000)
  eden space 87424K, 100% used [0x00000007a0000000, 0x00000007a5560000, 0x00000007a5560000)
  from space 21824K, 100% used [0x00000007a6ab0000, 0x00000007a8000000, 0x00000007a8000000)
  to   space 21824K,   0% used [0x00000007a5560000, 0x00000007a5560000, 0x00000007a6ab0000)
 concurrent mark-sweep generation total 393216K, used 184210K [0x00000007a8000000, 0x00000007c0000000, 0x00000007c0000000)
 Metaspace       used 34257K, capacity 34708K, committed 35196K, reserved 1081344K
  class space    used 4014K, capacity 4169K, committed 4220K, reserved 1048576K
2016-10-24T04:53:40.277+0800: 375.626: [GC (Allocation Failure) 2016-10-24T04:53:40.277+0800: 375.626: [ParNew
Desired survivor size 20112992 bytes, new threshold 8 (max 8)
- age   1:    6280216 bytes,    6280216 total
- age   2:    4056872 bytes,   10337088 total
- age   3:    3601392 bytes,   13938480 total
- age   4:    3061552 bytes,   17000032 total
- age   5:    2878720 bytes,   19878752 total
: 109248K->21824K(109248K), 0.0116447 secs] 293458K->211439K(502464K), 0.0117135 secs] [Times: user=0.04 sys=0.00, real=0.01 secs] 
Heap after GC invocations=250 (full 13):
 par new generation   total 109248K, used 21824K [0x00000007a0000000, 0x00000007a8000000, 0x00000007a8000000)
  eden space 87424K,   0% used [0x00000007a0000000, 0x00000007a0000000, 0x00000007a5560000)
  from space 21824K, 100% used [0x00000007a5560000, 0x00000007a6ab0000, 0x00000007a6ab0000)
  to   space 21824K,   0% used [0x00000007a6ab0000, 0x00000007a6ab0000, 0x00000007a8000000)
 concurrent mark-sweep generation total 393216K, used 189615K [0x00000007a8000000, 0x00000007c0000000, 0x00000007c0000000)
 Metaspace       used 34257K, capacity 34708K, committed 35196K, reserved 1081344K
  class space    used 4014K, capacity 4169K, committed 4220K, reserved 1048576K
}
2016-10-24T04:53:40.289+0800: 375.637: Total time for which application threads were stopped: 0.0118868 seconds, Stopping threads took: 0.0000314 seconds
{Heap before GC invocations=250 (full 13):
 par new generation   total 109248K, used 109248K [0x00000007a0000000, 0x00000007a8000000, 0x00000007a8000000)
  eden space 87424K, 100% used [0x00000007a0000000, 0x00000007a5560000, 0x00000007a5560000)
  from space 21824K, 100% used [0x00000007a5560000, 0x00000007a6ab0000, 0x00000007a6ab0000)
  to   space 21824K,   0% used [0x00000007a6ab0000, 0x00000007a6ab0000, 0x00000007a8000000)
 concurrent mark-sweep generation total 393216K, used 189615K [0x00000007a8000000, 0x00000007c0000000, 0x00000007c0000000)
 Metaspace       used 34257K, capacity 34708K, committed 35196K, reserved 1081344K
  class space    used 4014K, capacity 4169K, committed 4220K, reserved 1048576K
2016-10-24T04:53:40.585+0800: 375.934: [GC (Allocation Failure) 2016-10-24T04:53:40.585+0800: 375.934: [ParNew
Desired survivor size 20112992 bytes, new threshold 6 (max 8)
- age   1:    6729872 bytes,    6729872 total
- age   2:    3454000 bytes,   10183872 total
- age   3:    3737304 bytes,   13921176 total
- age   4:    2775680 bytes,   16696856 total
- age   5:    2698696 bytes,   19395552 total
- age   6:    2707512 bytes,   22103064 total
: 109248K->21824K(109248K), 0.0125171 secs] 298863K->216056K(502464K), 0.0125762 secs] [Times: user=0.04 sys=0.00, real=0.01 secs] 
Heap after GC invocations=251 (full 13):
 par new generation   total 109248K, used 21824K [0x00000007a0000000, 0x00000007a8000000, 0x00000007a8000000)
  eden space 87424K,   0% used [0x00000007a0000000, 0x00000007a0000000, 0x00000007a5560000)
  from space 21824K, 100% used [0x00000007a6ab0000, 0x00000007a8000000, 0x00000007a8000000)
  to   space 21824K,   0% used [0x00000007a5560000, 0x00000007a5560000, 0x00000007a6ab0000)
 concurrent mark-sweep generation total 393216K, used 194232K [0x00000007a8000000, 0x00000007c0000000, 0x00000007c0000000)
 Metaspace       used 34257K, capacity 34708K, committed 35196K, reserved 1081344K
  class space    used 4014K, capacity 4169K, committed 4220K, reserved 1048576K
}
2016-10-24T04:53:40.598+0800: 375.946: Total time for which application threads were stopped: 0.0127506 seconds, Stopping threads took: 0.0000299 seconds
{Heap before GC invocations=251 (full 13):
 par new generation   total 109248K, used 109248K [0x00000007a0000000, 0x00000007a8000000, 0x00000007a8000000)
  eden space 87424K, 100% used [0x00000007a0000000, 0x00000007a5560000, 0x00000007a5560000)
  from space 21824K, 100% used [0x00000007a6ab0000, 0x00000007a8000000, 0x00000007a8000000)
  to   space 21824K,   0% used [0x00000007a5560000, 0x00000007a5560000, 0x00000007a6ab0000)
 concurrent mark-sweep generation total 393216K, used 194232K [0x00000007a8000000, 0x00000007c0000000, 0x00000007c0000000)
 Metaspace       used 34257K, capacity 34708K, committed 35196K, reserved 1081344K
  class space    used 4014K, capacity 4169K, committed 4220K, reserved 1048576K
2016-10-24T04:53:40.898+0800: 376.246: [GC (Allocation Failure) 2016-10-24T04:53:40.898+0800: 376.246: [ParNew
Desired survivor size 20112992 bytes, new threshold 6 (max 8)
- age   1:    6255920 bytes,    6255920 total
- age   2:    3330000 bytes,    9585920 total
- age   3:    2374424 bytes,   11960344 total
- age   4:    3567696 bytes,   15528040 total
- age   5:    2770128 bytes,   18298168 total
- age   6:    2653392 bytes,   20951560 total
: 109248K->21824K(109248K), 0.0121851 secs] 303480K->223772K(502464K), 0.0122554 secs] [Times: user=0.05 sys=0.01, real=0.02 secs] 
Heap after GC invocations=252 (full 13):
 par new generation   total 109248K, used 21824K [0x00000007a0000000, 0x00000007a8000000, 0x00000007a8000000)
  eden space 87424K,   0% used [0x00000007a0000000, 0x00000007a0000000, 0x00000007a5560000)
  from space 21824K, 100% used [0x00000007a5560000, 0x00000007a6ab0000, 0x00000007a6ab0000)
  to   space 21824K,   0% used [0x00000007a6ab0000, 0x00000007a6ab0000, 0x00000007a8000000)
 concurrent mark-sweep generation total 393216K, used 201948K [0x00000007a8000000, 0x00000007c0000000, 0x00000007c0000000)
 Metaspace       used 34257K, capacity 34708K, committed 35196K, reserved 1081344K
  class space    used 4014K, capacity 4169K, committed 4220K, reserved 1048576K
}
2016-10-24T04:53:40.910+0800: 376.258: Total time for which application threads were stopped: 0.0124320 seconds, Stopping threads took: 0.0000317 seconds
2016-10-24T04:53:40.910+0800: 376.259: [GC (CMS Initial Mark) [1 CMS-initial-mark: 201948K(393216K)] 225477K(502464K), 0.0032614 secs] [Times: user=0.01 sys=0.00, real=0.00 secs] 
2016-10-24T04:53:40.913+0800: 376.262: Total time for which application threads were stopped: 0.0034045 seconds, Stopping threads took: 0.0000517 seconds
2016-10-24T04:53:40.913+0800: 376.262: [CMS-concurrent-mark-start]
2016-10-24T04:53:40.929+0800: 376.278: [CMS-concurrent-mark: 0.016/0.016 secs] [Times: user=0.07 sys=0.00, real=0.01 secs] 
2016-10-24T04:53:40.929+0800: 376.278: [CMS-concurrent-preclean-start]
2016-10-24T04:53:40.931+0800: 376.279: [CMS-concurrent-preclean: 0.002/0.002 secs] [Times: user=0.01 sys=0.00, real=0.01 secs] 
2016-10-24T04:53:40.931+0800: 376.279: [CMS-concurrent-abortable-preclean-start]
2016-10-24T04:53:41.063+0800: 376.412: [CMS-concurrent-abortable-preclean: 0.132/0.133 secs] [Times: user=0.26 sys=0.00, real=0.13 secs] 
2016-10-24T04:53:41.064+0800: 376.412: [GC (CMS Final Remark) [YG occupancy: 67716 K (109248 K)]{Heap before GC invocations=252 (full 14):
 par new generation   total 109248K, used 67716K [0x00000007a0000000, 0x00000007a8000000, 0x00000007a8000000)
  eden space 87424K,  52% used [0x00000007a0000000, 0x00000007a2cd12d8, 0x00000007a5560000)
  from space 21824K, 100% used [0x00000007a5560000, 0x00000007a6ab0000, 0x00000007a6ab0000)
  to   space 21824K,   0% used [0x00000007a6ab0000, 0x00000007a6ab0000, 0x00000007a8000000)
 concurrent mark-sweep generation total 393216K, used 201948K [0x00000007a8000000, 0x00000007c0000000, 0x00000007c0000000)
 Metaspace       used 34257K, capacity 34708K, committed 35196K, reserved 1081344K
  class space    used 4014K, capacity 4169K, committed 4220K, reserved 1048576K
2016-10-24T04:53:41.064+0800: 376.412: [GC (CMS Final Remark) 2016-10-24T04:53:41.064+0800: 376.412: [ParNew
Desired survivor size 20112992 bytes, new threshold 8 (max 8)
- age   1:    3745568 bytes,    3745568 total
- age   2:    3881928 bytes,    7627496 total
- age   3:    3309848 bytes,   10937344 total
- age   4:    2334256 bytes,   13271600 total
- age   5:    3557432 bytes,   16829032 total
- age   6:    2762944 bytes,   19591976 total
: 67716K->21824K(109248K), 0.0115940 secs] 269665K->227552K(502464K), 0.0116347 secs] [Times: user=0.04 sys=0.00, real=0.01 secs] 
Heap after GC invocations=253 (full 14):
 par new generation   total 109248K, used 21824K [0x00000007a0000000, 0x00000007a8000000, 0x00000007a8000000)
  eden space 87424K,   0% used [0x00000007a0000000, 0x00000007a0000000, 0x00000007a5560000)
  from space 21824K, 100% used [0x00000007a6ab0000, 0x00000007a8000000, 0x00000007a8000000)
  to   space 21824K,   0% used [0x00000007a5560000, 0x00000007a5560000, 0x00000007a6ab0000)
 concurrent mark-sweep generation total 393216K, used 205728K [0x00000007a8000000, 0x00000007c0000000, 0x00000007c0000000)
 Metaspace       used 34257K, capacity 34708K, committed 35196K, reserved 1081344K
  class space    used 4014K, capacity 4169K, committed 4220K, reserved 1048576K
}
2016-10-24T04:53:41.075+0800: 376.424: [Rescan (parallel) , 0.0048910 secs]2016-10-24T04:53:41.080+0800: 376.429: [weak refs processing, 0.0008385 secs]2016-10-24T04:53:41.081+0800: 376.430: [class unloading, 0.0066874 secs]2016-10-24T04:53:41.088+0800: 376.436: [scrub symbol table, 0.0050811 secs]2016-10-24T04:53:41.093+0800: 376.441: [scrub string table, 0.0007456 secs][1 CMS-remark: 205728K(393216K)] 227552K(502464K), 0.0301872 secs] [Times: user=0.07 sys=0.00, real=0.03 secs] 
2016-10-24T04:53:41.094+0800: 376.442: Total time for which application threads were stopped: 0.0303679 seconds, Stopping threads took: 0.0000664 seconds
2016-10-24T04:53:41.094+0800: 376.442: [CMS-concurrent-sweep-start]
2016-10-24T04:53:41.192+0800: 376.540: [CMS-concurrent-sweep: 0.098/0.098 secs] [Times: user=0.20 sys=0.00, real=0.10 secs] 
2016-10-24T04:53:41.192+0800: 376.540: [CMS-concurrent-reset-start]
2016-10-24T04:53:41.192+0800: 376.541: [CMS-concurrent-reset: 0.000/0.000 secs] [Times: user=0.00 sys=0.00, real=0.00 secs] 
{Heap before GC invocations=253 (full 14):
 par new generation   total 109248K, used 109248K [0x00000007a0000000, 0x00000007a8000000, 0x00000007a8000000)
  eden space 87424K, 100% used [0x00000007a0000000, 0x00000007a5560000, 0x00000007a5560000)
  from space 21824K, 100% used [0x00000007a6ab0000, 0x00000007a8000000, 0x00000007a8000000)
  to   space 21824K,   0% used [0x00000007a5560000, 0x00000007a5560000, 0x00000007a6ab0000)
 concurrent mark-sweep generation total 393216K, used 87465K [0x00000007a8000000, 0x00000007c0000000, 0x00000007c0000000)
 Metaspace       used 34257K, capacity 34708K, committed 35196K, reserved 1081344K
  class space    used 4014K, capacity 4169K, committed 4220K, reserved 1048576K
2016-10-24T04:53:41.390+0800: 376.738: [GC (Allocation Failure) 2016-10-24T04:53:41.390+0800: 376.738: [ParNew
Desired survivor size 20112992 bytes, new threshold 6 (max 8)
- age   1:    9021136 bytes,    9021136 total
- age   2:    1117384 bytes,   10138520 total
- age   3:    3449864 bytes,   13588384 total
- age   4:    3145608 bytes,   16733992 total
- age   5:    2135712 bytes,   18869704 total
- age   6:    1634400 bytes,   20504104 total
- age   7:    1761176 bytes,   22265280 total
: 109248K->21824K(109248K), 0.0129380 secs] 196713K->115166K(502464K), 0.0129975 secs] [Times: user=0.04 sys=0.00, real=0.01 secs] 
Heap after GC invocations=254 (full 14):
 par new generation   total 109248K, used 21824K [0x00000007a0000000, 0x00000007a8000000, 0x00000007a8000000)
  eden space 87424K,   0% used [0x00000007a0000000, 0x00000007a0000000, 0x00000007a5560000)
  from space 21824K, 100% used [0x00000007a5560000, 0x00000007a6ab0000, 0x00000007a6ab0000)
  to   space 21824K,   0% used [0x00000007a6ab0000, 0x00000007a6ab0000, 0x00000007a8000000)
 concurrent mark-sweep generation total 393216K, used 93342K [0x00000007a8000000, 0x00000007c0000000, 0x00000007c0000000)
 Metaspace       used 34257K, capacity 34708K, committed 35196K, reserved 1081344K
  class space    used 4014K, capacity 4169K, committed 4220K, reserved 1048576K
}
2016-10-24T04:53:41.403+0800: 376.751: Total time for which application threads were stopped: 0.0131787 seconds, Stopping threads took: 0.0000300 seconds
{Heap before GC invocations=254 (full 14):
 par new generation   total 109248K, used 109248K [0x00000007a0000000, 0x00000007a8000000, 0x00000007a8000000)
  eden space 87424K, 100% used [0x00000007a0000000, 0x00000007a5560000, 0x00000007a5560000)
  from space 21824K, 100% used [0x00000007a5560000, 0x00000007a6ab0000, 0x00000007a6ab0000)
  to   space 21824K,   0% used [0x00000007a6ab0000, 0x00000007a6ab0000, 0x00000007a8000000)
 concurrent mark-sweep generation total 393216K, used 93342K [0x00000007a8000000, 0x00000007c0000000, 0x00000007c0000000)
 Metaspace       used 34257K, capacity 34708K, committed 35196K, reserved 1081344K
  class space    used 4014K, capacity 4169K, committed 4220K, reserved 1048576K
2016-10-24T04:53:41.650+0800: 376.999: [GC (Allocation Failure) 2016-10-24T04:53:41.650+0800: 376.999: [ParNew
Desired survivor size 20112992 bytes, new threshold 6 (max 8)
- age   1:    7430824 bytes,    7430824 total
- age   2:    4979816 bytes,   12410640 total
- age   3:    1093048 bytes,   13503688 total
- age   4:    2985048 bytes,   16488736 total
- age   5:    3109864 bytes,   19598600 total
- age   6:    2103024 bytes,   21701624 total
: 109248K->21824K(109248K), 0.0154455 secs] 202590K->121993K(502464K), 0.0155494 secs] [Times: user=0.05 sys=0.00, real=0.01 secs] 
Heap after GC invocations=255 (full 14):
 par new generation   total 109248K, used 21824K [0x00000007a0000000, 0x00000007a8000000, 0x00000007a8000000)
  eden space 87424K,   0% used [0x00000007a0000000, 0x00000007a0000000, 0x00000007a5560000)
  from space 21824K, 100% used [0x00000007a6ab0000, 0x00000007a8000000, 0x00000007a8000000)
  to   space 21824K,   0% used [0x00000007a5560000, 0x00000007a5560000, 0x00000007a6ab0000)
 concurrent mark-sweep generation total 393216K, used 100169K [0x00000007a8000000, 0x00000007c0000000, 0x00000007c0000000)
 Metaspace       used 34257K, capacity 34708K, committed 35196K, reserved 1081344K
  class space    used 4014K, capacity 4169K, committed 4220K, reserved 1048576K
}
2016-10-24T04:53:41.666+0800: 377.014: Total time for which application threads were stopped: 0.0157714 seconds, Stopping threads took: 0.0000342 seconds
{Heap before GC invocations=255 (full 14):
 par new generation   total 109248K, used 109248K [0x00000007a0000000, 0x00000007a8000000, 0x00000007a8000000)
  eden space 87424K, 100% used [0x00000007a0000000, 0x00000007a5560000, 0x00000007a5560000)
  from space 21824K, 100% used [0x00000007a6ab0000, 0x00000007a8000000, 0x00000007a8000000)
  to   space 21824K,   0% used [0x00000007a5560000, 0x00000007a5560000, 0x00000007a6ab0000)
 concurrent mark-sweep generation total 393216K, used 100169K [0x00000007a8000000, 0x00000007c0000000, 0x00000007c0000000)
 Metaspace       used 34257K, capacity 34708K, committed 35196K, reserved 1081344K
  class space    used 4014K, capacity 4169K, committed 4220K, reserved 1048576K
2016-10-24T04:53:41.895+0800: 377.243: [GC (Allocation Failure) 2016-10-24T04:53:41.895+0800: 377.243: [ParNew
Desired survivor size 20112992 bytes, new threshold 6 (max 8)
- age   1:    7127400 bytes,    7127400 total
- age   2:    3592152 bytes,   10719552 total
- age   3:    4857672 bytes,   15577224 total
- age   4:    1040160 bytes,   16617384 total
- age   5:    2701224 bytes,   19318608 total
- age   6:    3021032 bytes,   22339640 total
: 109248K->21824K(109248K), 0.0172206 secs] 209417K->127174K(502464K), 0.0173071 secs] [Times: user=0.06 sys=0.00, real=0.02 secs] 
Heap after GC invocations=256 (full 14):
 par new generation   total 109248K, used 21824K [0x00000007a0000000, 0x00000007a8000000, 0x00000007a8000000)
  eden space 87424K,   0% used [0x00000007a0000000, 0x00000007a0000000, 0x00000007a5560000)
  from space 21824K, 100% used [0x00000007a5560000, 0x00000007a6ab0000, 0x00000007a6ab0000)
  to   space 21824K,   0% used [0x00000007a6ab0000, 0x00000007a6ab0000, 0x00000007a8000000)
 concurrent mark-sweep generation total 393216K, used 105350K [0x00000007a8000000, 0x00000007c0000000, 0x00000007c0000000)
 Metaspace       used 34257K, capacity 34708K, committed 35196K, reserved 1081344K
  class space    used 4014K, capacity 4169K, committed 4220K, reserved 1048576K
}
2016-10-24T04:53:41.912+0800: 377.261: Total time for which application threads were stopped: 0.0174993 seconds, Stopping threads took: 0.0000314 seconds
{Heap before GC invocations=256 (full 14):
 par new generation   total 109248K, used 109248K [0x00000007a0000000, 0x00000007a8000000, 0x00000007a8000000)
  eden space 87424K, 100% used [0x00000007a0000000, 0x00000007a5560000, 0x00000007a5560000)
  from space 21824K, 100% used [0x00000007a5560000, 0x00000007a6ab0000, 0x00000007a6ab0000)
  to   space 21824K,   0% used [0x00000007a6ab0000, 0x00000007a6ab0000, 0x00000007a8000000)
 concurrent mark-sweep generation total 393216K, used 105350K [0x00000007a8000000, 0x00000007c0000000, 0x00000007c0000000)
 Metaspace       used 34257K, capacity 34708K, committed 35196K, reserved 1081344K
  class space    used 4014K, capacity 4169K, committed 4220K, reserved 1048576K
2016-10-24T04:53:42.147+0800: 377.496: [GC (Allocation Failure) 2016-10-24T04:53:42.147+0800: 377.496: [ParNew
Desired survivor size 20112992 bytes, new threshold 6 (max 8)
- age   1:    7311984 bytes,    7311984 total
- age   2:    3139176 bytes,   10451160 total
- age   3:    3485744 bytes,   13936904 total
- age   4:    4781992 bytes,   18718896 total
- age   5:    1000304 bytes,   19719200 total
- age   6:    2628168 bytes,   22347368 total
: 109248K->21824K(109248K), 0.0184227 secs] 214598K->133062K(502464K), 0.0185024 secs] [Times: user=0.07 sys=0.00, real=0.02 secs] 
Heap after GC invocations=257 (full 14):
 par new generation   total 109248K, used 21824K [0x00000007a0000000, 0x00000007a8000000, 0x00000007a8000000)
  eden space 87424K,   0% used [0x00000007a0000000, 0x00000007a0000000, 0x00000007a5560000)
  from space 21824K, 100% used [0x00000007a6ab0000, 0x00000007a8000000, 0x00000007a8000000)
  to   space 21824K,   0% used [0x00000007a5560000, 0x00000007a5560000, 0x00000007a6ab0000)
 concurrent mark-sweep generation total 393216K, used 111238K [0x00000007a8000000, 0x00000007c0000000, 0x00000007c0000000)
 Metaspace       used 34257K, capacity 34708K, committed 35196K, reserved 1081344K
  class space    used 4014K, capacity 4169K, committed 4220K, reserved 1048576K
}
2016-10-24T04:53:42.166+0800: 377.514: Total time for which application threads were stopped: 0.0186968 seconds, Stopping threads took: 0.0000196 seconds
{Heap before GC invocations=257 (full 14):
 par new generation   total 109248K, used 109248K [0x00000007a0000000, 0x00000007a8000000, 0x00000007a8000000)
  eden space 87424K, 100% used [0x00000007a0000000, 0x00000007a5560000, 0x00000007a5560000)
  from space 21824K, 100% used [0x00000007a6ab0000, 0x00000007a8000000, 0x00000007a8000000)
  to   space 21824K,   0% used [0x00000007a5560000, 0x00000007a5560000, 0x00000007a6ab0000)
 concurrent mark-sweep generation total 393216K, used 111238K [0x00000007a8000000, 0x00000007c0000000, 0x00000007c0000000)
 Metaspace       used 34257K, capacity 34708K, committed 35196K, reserved 1081344K
  class space    used 4014K, capacity 4169K, committed 4220K, reserved 1048576K
2016-10-24T04:53:42.423+0800: 377.772: [GC (Allocation Failure) 2016-10-24T04:53:42.423+0800: 377.772: [ParNew
Desired survivor size 20112992 bytes, new threshold 5 (max 8)
- age   1:    5703784 bytes,    5703784 total
- age   2:    6481624 bytes,   12185408 total
- age   3:    2365424 bytes,   14550832 total
- age   4:    2816928 bytes,   17367760 total
- age   5:    4234328 bytes,   21602088 total
- age   6:     731640 bytes,   22333728 total
: 109248K->21824K(109248K), 0.0218968 secs] 220486K->141932K(502464K), 0.0219672 secs] [Times: user=0.08 sys=0.00, real=0.02 secs] 
Heap after GC invocations=258 (full 14):
 par new generation   total 109248K, used 21824K [0x00000007a0000000, 0x00000007a8000000, 0x00000007a8000000)
  eden space 87424K,   0% used [0x00000007a0000000, 0x00000007a0000000, 0x00000007a5560000)
  from space 21824K, 100% used [0x00000007a5560000, 0x00000007a6ab0000, 0x00000007a6ab0000)
  to   space 21824K,   0% used [0x00000007a6ab0000, 0x00000007a6ab0000, 0x00000007a8000000)
 concurrent mark-sweep generation total 393216K, used 120108K [0x00000007a8000000, 0x00000007c0000000, 0x00000007c0000000)
 Metaspace       used 34257K, capacity 34708K, committed 35196K, reserved 1081344K
  class space    used 4014K, capacity 4169K, committed 4220K, reserved 1048576K
}
2016-10-24T04:53:42.445+0800: 377.794: Total time for which application threads were stopped: 0.0221474 seconds, Stopping threads took: 0.0000219 seconds
{Heap before GC invocations=258 (full 14):
 par new generation   total 109248K, used 109248K [0x00000007a0000000, 0x00000007a8000000, 0x00000007a8000000)
  eden space 87424K, 100% used [0x00000007a0000000, 0x00000007a5560000, 0x00000007a5560000)
  from space 21824K, 100% used [0x00000007a5560000, 0x00000007a6ab0000, 0x00000007a6ab0000)
  to   space 21824K,   0% used [0x00000007a6ab0000, 0x00000007a6ab0000, 0x00000007a8000000)
 concurrent mark-sweep generation total 393216K, used 120108K [0x00000007a8000000, 0x00000007c0000000, 0x00000007c0000000)
 Metaspace       used 34257K, capacity 34708K, committed 35196K, reserved 1081344K
  class space    used 4014K, capacity 4169K, committed 4220K, reserved 1048576K
2016-10-24T04:53:42.691+0800: 378.040: [GC (Allocation Failure) 2016-10-24T04:53:42.691+0800: 378.040: [ParNew
Desired survivor size 20112992 bytes, new threshold 8 (max 8)
- age   1:    8183648 bytes,    8183648 total
- age   2:    4421584 bytes,   12605232 total
- age   3:    2094408 bytes,   14699640 total
- age   4:    1956464 bytes,   16656104 total
- age   5:    2531968 bytes,   19188072 total
: 109248K->21824K(109248K), 0.0185450 secs] 229356K->151433K(502464K), 0.0186229 secs] [Times: user=0.07 sys=0.00, real=0.02 secs] 
Heap after GC invocations=259 (full 14):
 par new generation   total 109248K, used 21824K [0x00000007a0000000, 0x00000007a8000000, 0x00000007a8000000)
  eden space 87424K,   0% used [0x00000007a0000000, 0x00000007a0000000, 0x00000007a5560000)
  from space 21824K, 100% used [0x00000007a6ab0000, 0x00000007a8000000, 0x00000007a8000000)
  to   space 21824K,   0% used [0x00000007a5560000, 0x00000007a5560000, 0x00000007a6ab0000)
 concurrent mark-sweep generation total 393216K, used 129609K [0x00000007a8000000, 0x00000007c0000000, 0x00000007c0000000)
 Metaspace       used 34257K, capacity 34708K, committed 35196K, reserved 1081344K
  class space    used 4014K, capacity 4169K, committed 4220K, reserved 1048576K
}
2016-10-24T04:53:42.710+0800: 378.058: Total time for which application threads were stopped: 0.0188016 seconds, Stopping threads took: 0.0000286 seconds
{Heap before GC invocations=259 (full 14):
 par new generation   total 109248K, used 109248K [0x00000007a0000000, 0x00000007a8000000, 0x00000007a8000000)
  eden space 87424K, 100% used [0x00000007a0000000, 0x00000007a5560000, 0x00000007a5560000)
  from space 21824K, 100% used [0x00000007a6ab0000, 0x00000007a8000000, 0x00000007a8000000)
  to   space 21824K,   0% used [0x00000007a5560000, 0x00000007a5560000, 0x00000007a6ab0000)
 concurrent mark-sweep generation total 393216K, used 129609K [0x00000007a8000000, 0x00000007c0000000, 0x00000007c0000000)
 Metaspace       used 34257K, capacity 34708K, committed 35196K, reserved 1081344K
  class space    used 4014K, capacity 4169K, committed 4220K, reserved 1048576K
2016-10-24T04:53:42.960+0800: 378.309: [GC (Allocation Failure) 2016-10-24T04:53:42.960+0800: 378.309: [ParNew
Desired survivor size 20112992 bytes, new threshold 6 (max 8)
- age   1:    7364440 bytes,    7364440 total
- age   2:    3536368 bytes,   10900808 total
- age   3:    4131488 bytes,   15032296 total
- age   4:    1877184 bytes,   16909480 total
- age   5:    1758496 bytes,   18667976 total
- age   6:    2333192 bytes,   21001168 total
: 109248K->21824K(109248K), 0.0198861 secs] 238857K->155180K(502464K), 0.0199543 secs] [Times: user=0.07 sys=0.01, real=0.02 secs] 
Heap after GC invocations=260 (full 14):
 par new generation   total 109248K, used 21824K [0x00000007a0000000, 0x00000007a8000000, 0x00000007a8000000)
  eden space 87424K,   0% used [0x00000007a0000000, 0x00000007a0000000, 0x00000007a5560000)
  from space 21824K, 100% used [0x00000007a5560000, 0x00000007a6ab0000, 0x00000007a6ab0000)
  to   space 21824K,   0% used [0x00000007a6ab0000, 0x00000007a6ab0000, 0x00000007a8000000)
 concurrent mark-sweep generation total 393216K, used 133356K [0x00000007a8000000, 0x00000007c0000000, 0x00000007c0000000)
 Metaspace       used 34257K, capacity 34708K, committed 35196K, reserved 1081344K
  class space    used 4014K, capacity 4169K, committed 4220K, reserved 1048576K
}
2016-10-24T04:53:42.980+0800: 378.329: Total time for which application threads were stopped: 0.0201413 seconds, Stopping threads took: 0.0000212 seconds
{Heap before GC invocations=260 (full 14):
 par new generation   total 109248K, used 109248K [0x00000007a0000000, 0x00000007a8000000, 0x00000007a8000000)
  eden space 87424K, 100% used [0x00000007a0000000, 0x00000007a5560000, 0x00000007a5560000)
  from space 21824K, 100% used [0x00000007a5560000, 0x00000007a6ab0000, 0x00000007a6ab0000)
  to   space 21824K,   0% used [0x00000007a6ab0000, 0x00000007a6ab0000, 0x00000007a8000000)
 concurrent mark-sweep generation total 393216K, used 133356K [0x00000007a8000000, 0x00000007c0000000, 0x00000007c0000000)
 Metaspace       used 34257K, capacity 34708K, committed 35196K, reserved 1081344K
  class space    used 4014K, capacity 4169K, committed 4220K, reserved 1048576K
2016-10-24T04:53:43.255+0800: 378.604: [GC (Allocation Failure) 2016-10-24T04:53:43.256+0800: 378.604: [ParNew
Desired survivor size 20112992 bytes, new threshold 5 (max 8)
- age   1:    7577544 bytes,    7577544 total
- age   2:    4550256 bytes,   12127800 total
- age   3:    2504968 bytes,   14632768 total
- age   4:    3714376 bytes,   18347144 total
- age   5:    1796952 bytes,   20144096 total
- age   6:    1679440 bytes,   21823536 total
: 109248K->21824K(109248K), 0.0235005 secs] 242604K->164238K(502464K), 0.0235580 secs] [Times: user=0.09 sys=0.00, real=0.02 secs] 
Heap after GC invocations=261 (full 14):
 par new generation   total 109248K, used 21824K [0x00000007a0000000, 0x00000007a8000000, 0x00000007a8000000)
  eden space 87424K,   0% used [0x00000007a0000000, 0x00000007a0000000, 0x00000007a5560000)
  from space 21824K, 100% used [0x00000007a6ab0000, 0x00000007a8000000, 0x00000007a8000000)
  to   space 21824K,   0% used [0x00000007a5560000, 0x00000007a5560000, 0x00000007a6ab0000)
 concurrent mark-sweep generation total 393216K, used 142414K [0x00000007a8000000, 0x00000007c0000000, 0x00000007c0000000)
 Metaspace       used 34257K, capacity 34708K, committed 35196K, reserved 1081344K
  class space    used 4014K, capacity 4169K, committed 4220K, reserved 1048576K
}
2016-10-24T04:53:43.279+0800: 378.628: Total time for which application threads were stopped: 0.0237429 seconds, Stopping threads took: 0.0000298 seconds
{Heap before GC invocations=261 (full 14):
 par new generation   total 109248K, used 109248K [0x00000007a0000000, 0x00000007a8000000, 0x00000007a8000000)
  eden space 87424K, 100% used [0x00000007a0000000, 0x00000007a5560000, 0x00000007a5560000)
  from space 21824K, 100% used [0x00000007a6ab0000, 0x00000007a8000000, 0x00000007a8000000)
  to   space 21824K,   0% used [0x00000007a5560000, 0x00000007a5560000, 0x00000007a6ab0000)
 concurrent mark-sweep generation total 393216K, used 142414K [0x00000007a8000000, 0x00000007c0000000, 0x00000007c0000000)
 Metaspace       used 34257K, capacity 34708K, committed 35196K, reserved 1081344K
  class space    used 4014K, capacity 4169K, committed 4220K, reserved 1048576K
2016-10-24T04:53:43.541+0800: 378.890: [GC (Allocation Failure) 2016-10-24T04:53:43.541+0800: 378.890: [ParNew
Desired survivor size 20112992 bytes, new threshold 5 (max 8)
- age   1:    8418984 bytes,    8418984 total
- age   2:    5041424 bytes,   13460408 total
- age   3:    3150400 bytes,   16610808 total
- age   4:    2330312 bytes,   18941120 total
- age   5:    3061064 bytes,   22002184 total
: 109248K->21824K(109248K), 0.0245394 secs] 251662K->174529K(502464K), 0.0245885 secs] [Times: user=0.09 sys=0.00, real=0.02 secs] 
Heap after GC invocations=262 (full 14):
 par new generation   total 109248K, used 21824K [0x00000007a0000000, 0x00000007a8000000, 0x00000007a8000000)
  eden space 87424K,   0% used [0x00000007a0000000, 0x00000007a0000000, 0x00000007a5560000)
  from space 21824K, 100% used [0x00000007a5560000, 0x00000007a6ab0000, 0x00000007a6ab0000)
  to   space 21824K,   0% used [0x00000007a6ab0000, 0x00000007a6ab0000, 0x00000007a8000000)
 concurrent mark-sweep generation total 393216K, used 152705K [0x00000007a8000000, 0x00000007c0000000, 0x00000007c0000000)
 Metaspace       used 34257K, capacity 34708K, committed 35196K, reserved 1081344K
  class space    used 4014K, capacity 4169K, committed 4220K, reserved 1048576K
}
2016-10-24T04:53:43.566+0800: 378.914: Total time for which application threads were stopped: 0.0247612 seconds, Stopping threads took: 0.0000205 seconds
{Heap before GC invocations=262 (full 14):
 par new generation   total 109248K, used 109248K [0x00000007a0000000, 0x00000007a8000000, 0x00000007a8000000)
  eden space 87424K, 100% used [0x00000007a0000000, 0x00000007a5560000, 0x00000007a5560000)
  from space 21824K, 100% used [0x00000007a5560000, 0x00000007a6ab0000, 0x00000007a6ab0000)
  to   space 21824K,   0% used [0x00000007a6ab0000, 0x00000007a6ab0000, 0x00000007a8000000)
 concurrent mark-sweep generation total 393216K, used 152705K [0x00000007a8000000, 0x00000007c0000000, 0x00000007c0000000)
 Metaspace       used 34257K, capacity 34708K, committed 35196K, reserved 1081344K
  class space    used 4014K, capacity 4169K, committed 4220K, reserved 1048576K
2016-10-24T04:53:43.834+0800: 379.183: [GC (Allocation Failure) 2016-10-24T04:53:43.834+0800: 379.183: [ParNew
Desired survivor size 20112992 bytes, new threshold 5 (max 8)
- age   1:    4053424 bytes,    4053424 total
- age   2:    8160896 bytes,   12214320 total
- age   3:    4883896 bytes,   17098216 total
- age   4:    2990104 bytes,   20088320 total
- age   5:    2225072 bytes,   22313392 total
: 109248K->21824K(109248K), 0.0220448 secs] 261953K->180208K(502464K), 0.0221044 secs] [Times: user=0.09 sys=0.00, real=0.02 secs] 
Heap after GC invocations=263 (full 14):
 par new generation   total 109248K, used 21824K [0x00000007a0000000, 0x00000007a8000000, 0x00000007a8000000)
  eden space 87424K,   0% used [0x00000007a0000000, 0x00000007a0000000, 0x00000007a5560000)
  from space 21824K, 100% used [0x00000007a6ab0000, 0x00000007a8000000, 0x00000007a8000000)
  to   space 21824K,   0% used [0x00000007a5560000, 0x00000007a5560000, 0x00000007a6ab0000)
 concurrent mark-sweep generation total 393216K, used 158384K [0x00000007a8000000, 0x00000007c0000000, 0x00000007c0000000)
 Metaspace       used 34257K, capacity 34708K, committed 35196K, reserved 1081344K
  class space    used 4014K, capacity 4169K, committed 4220K, reserved 1048576K
}
2016-10-24T04:53:43.857+0800: 379.205: Total time for which application threads were stopped: 0.0222740 seconds, Stopping threads took: 0.0000292 seconds
{Heap before GC invocations=263 (full 14):
 par new generation   total 109248K, used 109248K [0x00000007a0000000, 0x00000007a8000000, 0x00000007a8000000)
  eden space 87424K, 100% used [0x00000007a0000000, 0x00000007a5560000, 0x00000007a5560000)
  from space 21824K, 100% used [0x00000007a6ab0000, 0x00000007a8000000, 0x00000007a8000000)
  to   space 21824K,   0% used [0x00000007a5560000, 0x00000007a5560000, 0x00000007a6ab0000)
 concurrent mark-sweep generation total 393216K, used 158384K [0x00000007a8000000, 0x00000007c0000000, 0x00000007c0000000)
 Metaspace       used 34257K, capacity 34708K, committed 35196K, reserved 1081344K
  class space    used 4014K, capacity 4169K, committed 4220K, reserved 1048576K
2016-10-24T04:53:44.105+0800: 379.454: [GC (Allocation Failure) 2016-10-24T04:53:44.105+0800: 379.454: [ParNew
Desired survivor size 20112992 bytes, new threshold 5 (max 8)
- age   1:    7181328 bytes,    7181328 total
- age   2:    2869856 bytes,   10051184 total
- age   3:    4593296 bytes,   14644480 total
- age   4:    4682592 bytes,   19327072 total
- age   5:    2795176 bytes,   22122248 total
: 109248K->21824K(109248K), 0.0239575 secs] 267632K->190365K(502464K), 0.0240182 secs] [Times: user=0.09 sys=0.00, real=0.02 secs] 
Heap after GC invocations=264 (full 14):
 par new generation   total 109248K, used 21824K [0x00000007a0000000, 0x00000007a8000000, 0x00000007a8000000)
  eden space 87424K,   0% used [0x00000007a0000000, 0x00000007a0000000, 0x00000007a5560000)
  from space 21824K, 100% used [0x00000007a5560000, 0x00000007a6ab0000, 0x00000007a6ab0000)
  to   space 21824K,   0% used [0x00000007a6ab0000, 0x00000007a6ab0000, 0x00000007a8000000)
 concurrent mark-sweep generation total 393216K, used 168541K [0x00000007a8000000, 0x00000007c0000000, 0x00000007c0000000)
 Metaspace       used 34257K, capacity 34708K, committed 35196K, reserved 1081344K
  class space    used 4014K, capacity 4169K, committed 4220K, reserved 1048576K
}
2016-10-24T04:53:44.129+0800: 379.478: Total time for which application threads were stopped: 0.0242405 seconds, Stopping threads took: 0.0000210 seconds
{Heap before GC invocations=264 (full 14):
 par new generation   total 109248K, used 109248K [0x00000007a0000000, 0x00000007a8000000, 0x00000007a8000000)
  eden space 87424K, 100% used [0x00000007a0000000, 0x00000007a5560000, 0x00000007a5560000)
  from space 21824K, 100% used [0x00000007a5560000, 0x00000007a6ab0000, 0x00000007a6ab0000)
  to   space 21824K,   0% used [0x00000007a6ab0000, 0x00000007a6ab0000, 0x00000007a8000000)
 concurrent mark-sweep generation total 393216K, used 168541K [0x00000007a8000000, 0x00000007c0000000, 0x00000007c0000000)
 Metaspace       used 34257K, capacity 34708K, committed 35196K, reserved 1081344K
  class space    used 4014K, capacity 4169K, committed 4220K, reserved 1048576K
2016-10-24T04:53:44.388+0800: 379.737: [GC (Allocation Failure) 2016-10-24T04:53:44.388+0800: 379.737: [ParNew
Desired survivor size 20112992 bytes, new threshold 5 (max 8)
- age   1:    3038656 bytes,    3038656 total
- age   2:    6921176 bytes,    9959832 total
- age   3:    2725008 bytes,   12684840 total
- age   4:    4460208 bytes,   17145048 total
- age   5:    4619248 bytes,   21764296 total
: 109248K->21824K(109248K), 0.0188043 secs] 277789K->195459K(502464K), 0.0189008 secs] [Times: user=0.07 sys=0.01, real=0.02 secs] 
Heap after GC invocations=265 (full 14):
 par new generation   total 109248K, used 21824K [0x00000007a0000000, 0x00000007a8000000, 0x00000007a8000000)
  eden space 87424K,   0% used [0x00000007a0000000, 0x00000007a0000000, 0x00000007a5560000)
  from space 21824K, 100% used [0x00000007a6ab0000, 0x00000007a8000000, 0x00000007a8000000)
  to   space 21824K,   0% used [0x00000007a5560000, 0x00000007a5560000, 0x00000007a6ab0000)
 concurrent mark-sweep generation total 393216K, used 173635K [0x00000007a8000000, 0x00000007c0000000, 0x00000007c0000000)
 Metaspace       used 34257K, capacity 34708K, committed 35196K, reserved 1081344K
  class space    used 4014K, capacity 4169K, committed 4220K, reserved 1048576K
}
2016-10-24T04:53:44.407+0800: 379.756: Total time for which application threads were stopped: 0.0191017 seconds, Stopping threads took: 0.0000222 seconds
{Heap before GC invocations=265 (full 14):
 par new generation   total 109248K, used 109248K [0x00000007a0000000, 0x00000007a8000000, 0x00000007a8000000)
  eden space 87424K, 100% used [0x00000007a0000000, 0x00000007a5560000, 0x00000007a5560000)
  from space 21824K, 100% used [0x00000007a6ab0000, 0x00000007a8000000, 0x00000007a8000000)
  to   space 21824K,   0% used [0x00000007a5560000, 0x00000007a5560000, 0x00000007a6ab0000)
 concurrent mark-sweep generation total 393216K, used 173635K [0x00000007a8000000, 0x00000007c0000000, 0x00000007c0000000)
 Metaspace       used 34257K, capacity 34708K, committed 35196K, reserved 1081344K
  class space    used 4014K, capacity 4169K, committed 4220K, reserved 1048576K
2016-10-24T04:53:44.643+0800: 379.992: [GC (Allocation Failure) 2016-10-24T04:53:44.643+0800: 379.992: [ParNew
Desired survivor size 20112992 bytes, new threshold 5 (max 8)
- age   1:    6842408 bytes,    6842408 total
- age   2:    2784544 bytes,    9626952 total
- age   3:    3806208 bytes,   13433160 total
- age   4:    2547680 bytes,   15980840 total
- age   5:    4337152 bytes,   20317992 total
: 109248K->21824K(109248K), 0.0214747 secs] 282883K->205973K(502464K), 0.0215359 secs] [Times: user=0.08 sys=0.00, real=0.02 secs] 
Heap after GC invocations=266 (full 14):
 par new generation   total 109248K, used 21824K [0x00000007a0000000, 0x00000007a8000000, 0x00000007a8000000)
  eden space 87424K,   0% used [0x00000007a0000000, 0x00000007a0000000, 0x00000007a5560000)
  from space 21824K, 100% used [0x00000007a5560000, 0x00000007a6ab0000, 0x00000007a6ab0000)
  to   space 21824K,   0% used [0x00000007a6ab0000, 0x00000007a6ab0000, 0x00000007a8000000)
 concurrent mark-sweep generation total 393216K, used 184149K [0x00000007a8000000, 0x00000007c0000000, 0x00000007c0000000)
 Metaspace       used 34257K, capacity 34708K, committed 35196K, reserved 1081344K
  class space    used 4014K, capacity 4169K, committed 4220K, reserved 1048576K
}
2016-10-24T04:53:44.665+0800: 380.013: Total time for which application threads were stopped: 0.0217155 seconds, Stopping threads took: 0.0000300 seconds
{Heap before GC invocations=266 (full 14):
 par new generation   total 109248K, used 109248K [0x00000007a0000000, 0x00000007a8000000, 0x00000007a8000000)
  eden space 87424K, 100% used [0x00000007a0000000, 0x00000007a5560000, 0x00000007a5560000)
  from space 21824K, 100% used [0x00000007a5560000, 0x00000007a6ab0000, 0x00000007a6ab0000)
  to   space 21824K,   0% used [0x00000007a6ab0000, 0x00000007a6ab0000, 0x00000007a8000000)
 concurrent mark-sweep generation total 393216K, used 184149K [0x00000007a8000000, 0x00000007c0000000, 0x00000007c0000000)
 Metaspace       used 34257K, capacity 34708K, committed 35196K, reserved 1081344K
  class space    used 4014K, capacity 4169K, committed 4220K, reserved 1048576K
2016-10-24T04:53:45.587+0800: 380.935: [GC (Allocation Failure) 2016-10-24T04:53:45.587+0800: 380.935: [ParNew
Desired survivor size 20112992 bytes, new threshold 8 (max 8)
- age   1:    2036544 bytes,    2036544 total
- age   2:    5860960 bytes,    7897504 total
- age   3:    2642880 bytes,   10540384 total
- age   4:    3709720 bytes,   14250104 total
- age   5:    2462240 bytes,   16712344 total
: 109248K->21824K(109248K), 0.0145375 secs] 293397K->212730K(502464K), 0.0146024 secs] [Times: user=0.05 sys=0.00, real=0.02 secs] 
Heap after GC invocations=267 (full 14):
 par new generation   total 109248K, used 21824K [0x00000007a0000000, 0x00000007a8000000, 0x00000007a8000000)
  eden space 87424K,   0% used [0x00000007a0000000, 0x00000007a0000000, 0x00000007a5560000)
  from space 21824K, 100% used [0x00000007a6ab0000, 0x00000007a8000000, 0x00000007a8000000)
  to   space 21824K,   0% used [0x00000007a5560000, 0x00000007a5560000, 0x00000007a6ab0000)
 concurrent mark-sweep generation total 393216K, used 190906K [0x00000007a8000000, 0x00000007c0000000, 0x00000007c0000000)
 Metaspace       used 34257K, capacity 34708K, committed 35196K, reserved 1081344K
  class space    used 4014K, capacity 4169K, committed 4220K, reserved 1048576K
}
2016-10-24T04:53:45.601+0800: 380.950: Total time for which application threads were stopped: 0.0147800 seconds, Stopping threads took: 0.0000257 seconds
{Heap before GC invocations=267 (full 14):
 par new generation   total 109248K, used 109248K [0x00000007a0000000, 0x00000007a8000000, 0x00000007a8000000)
  eden space 87424K, 100% used [0x00000007a0000000, 0x00000007a5560000, 0x00000007a5560000)
  from space 21824K, 100% used [0x00000007a6ab0000, 0x00000007a8000000, 0x00000007a8000000)
  to   space 21824K,   0% used [0x00000007a5560000, 0x00000007a5560000, 0x00000007a6ab0000)
 concurrent mark-sweep generation total 393216K, used 190906K [0x00000007a8000000, 0x00000007c0000000, 0x00000007c0000000)
 Metaspace       used 34257K, capacity 34708K, committed 35196K, reserved 1081344K
  class space    used 4014K, capacity 4169K, committed 4220K, reserved 1048576K
2016-10-24T04:53:45.632+0800: 380.981: [GC (Allocation Failure) 2016-10-24T04:53:45.632+0800: 380.981: [ParNew
Desired survivor size 20112992 bytes, new threshold 8 (max 8)
- age   1:     124032 bytes,     124032 total
- age   2:    1990728 bytes,    2114760 total
- age   3:    5860960 bytes,    7975720 total
- age   4:    2642856 bytes,   10618576 total
- age   5:    3709720 bytes,   14328296 total
- age   6:    2462240 bytes,   16790536 total
: 109248K->18254K(109248K), 0.0125956 secs] 300154K->209161K(502464K), 0.0126545 secs] [Times: user=0.04 sys=0.00, real=0.01 secs] 
Heap after GC invocations=268 (full 14):
 par new generation   total 109248K, used 18254K [0x00000007a0000000, 0x00000007a8000000, 0x00000007a8000000)
  eden space 87424K,   0% used [0x00000007a0000000, 0x00000007a0000000, 0x00000007a5560000)
  from space 21824K,  83% used [0x00000007a5560000, 0x00000007a6733a40, 0x00000007a6ab0000)
  to   space 21824K,   0% used [0x00000007a6ab0000, 0x00000007a6ab0000, 0x00000007a8000000)
 concurrent mark-sweep generation total 393216K, used 190906K [0x00000007a8000000, 0x00000007c0000000, 0x00000007c0000000)
 Metaspace       used 34257K, capacity 34708K, committed 35196K, reserved 1081344K
  class space    used 4014K, capacity 4169K, committed 4220K, reserved 1048576K
}
2016-10-24T04:53:45.645+0800: 380.994: Total time for which application threads were stopped: 0.0128717 seconds, Stopping threads took: 0.0000276 seconds
{Heap before GC invocations=268 (full 14):
 par new generation   total 109248K, used 105678K [0x00000007a0000000, 0x00000007a8000000, 0x00000007a8000000)
  eden space 87424K, 100% used [0x00000007a0000000, 0x00000007a5560000, 0x00000007a5560000)
  from space 21824K,  83% used [0x00000007a5560000, 0x00000007a6733a40, 0x00000007a6ab0000)
  to   space 21824K,   0% used [0x00000007a6ab0000, 0x00000007a6ab0000, 0x00000007a8000000)
 concurrent mark-sweep generation total 393216K, used 190906K [0x00000007a8000000, 0x00000007c0000000, 0x00000007c0000000)
 Metaspace       used 34258K, capacity 34708K, committed 35196K, reserved 1081344K
  class space    used 4014K, capacity 4169K, committed 4220K, reserved 1048576K
2016-10-24T04:53:45.672+0800: 381.020: [GC (Allocation Failure) 2016-10-24T04:53:45.672+0800: 381.020: [ParNew
Desired survivor size 20112992 bytes, new threshold 8 (max 8)
- age   1:      45072 bytes,      45072 total
- age   2:      31488 bytes,      76560 total
- age   3:    1990728 bytes,    2067288 total
- age   4:    6625280 bytes,    8692568 total
- age   5:    2642856 bytes,   11335424 total
- age   6:    3709768 bytes,   15045192 total
- age   7:    2462240 bytes,   17507432 total
: 105678K->21704K(109248K), 0.0125331 secs] 296585K->212611K(502464K), 0.0125964 secs] [Times: user=0.05 sys=0.00, real=0.01 secs] 
Heap after GC invocations=269 (full 14):
 par new generation   total 109248K, used 21704K [0x00000007a0000000, 0x00000007a8000000, 0x00000007a8000000)
  eden space 87424K,   0% used [0x00000007a0000000, 0x00000007a0000000, 0x00000007a5560000)
  from space 21824K,  99% used [0x00000007a6ab0000, 0x00000007a7fe2080, 0x00000007a8000000)
  to   space 21824K,   0% used [0x00000007a5560000, 0x00000007a5560000, 0x00000007a6ab0000)
 concurrent mark-sweep generation total 393216K, used 190906K [0x00000007a8000000, 0x00000007c0000000, 0x00000007c0000000)
 Metaspace       used 34258K, capacity 34708K, committed 35196K, reserved 1081344K
  class space    used 4014K, capacity 4169K, committed 4220K, reserved 1048576K
}
2016-10-24T04:53:45.684+0800: 381.033: Total time for which application threads were stopped: 0.0127625 seconds, Stopping threads took: 0.0000289 seconds
{Heap before GC invocations=269 (full 14):
 par new generation   total 109248K, used 109128K [0x00000007a0000000, 0x00000007a8000000, 0x00000007a8000000)
  eden space 87424K, 100% used [0x00000007a0000000, 0x00000007a5560000, 0x00000007a5560000)
  from space 21824K,  99% used [0x00000007a6ab0000, 0x00000007a7fe2080, 0x00000007a8000000)
  to   space 21824K,   0% used [0x00000007a5560000, 0x00000007a5560000, 0x00000007a6ab0000)
 concurrent mark-sweep generation total 393216K, used 190906K [0x00000007a8000000, 0x00000007c0000000, 0x00000007c0000000)
 Metaspace       used 34258K, capacity 34708K, committed 35196K, reserved 1081344K
  class space    used 4014K, capacity 4169K, committed 4220K, reserved 1048576K
2016-10-24T04:53:45.815+0800: 381.163: [GC (Allocation Failure) 2016-10-24T04:53:45.815+0800: 381.163: [ParNew
Desired survivor size 20112992 bytes, new threshold 8 (max 8)
- age   1:     132304 bytes,     132304 total
- age   3:         72 bytes,     132376 total
- age   4:    1979464 bytes,    2111840 total
- age   5:    5860984 bytes,    7972824 total
- age   6:    2642856 bytes,   10615680 total
- age   7:    3709720 bytes,   14325400 total
- age   8:    2462240 bytes,   16787640 total
: 109128K->19803K(109248K), 0.0127895 secs] 300035K->210710K(502464K), 0.0128452 secs] [Times: user=0.06 sys=0.00, real=0.01 secs] 
Heap after GC invocations=270 (full 14):
 par new generation   total 109248K, used 19803K [0x00000007a0000000, 0x00000007a8000000, 0x00000007a8000000)
  eden space 87424K,   0% used [0x00000007a0000000, 0x00000007a0000000, 0x00000007a5560000)
  from space 21824K,  90% used [0x00000007a5560000, 0x00000007a68b6e98, 0x00000007a6ab0000)
  to   space 21824K,   0% used [0x00000007a6ab0000, 0x00000007a6ab0000, 0x00000007a8000000)
 concurrent mark-sweep generation total 393216K, used 190906K [0x00000007a8000000, 0x00000007c0000000, 0x00000007c0000000)
 Metaspace       used 34258K, capacity 34708K, committed 35196K, reserved 1081344K
  class space    used 4014K, capacity 4169K, committed 4220K, reserved 1048576K
}
2016-10-24T04:53:45.828+0800: 381.176: Total time for which application threads were stopped: 0.0130270 seconds, Stopping threads took: 0.0000309 seconds
{Heap before GC invocations=270 (full 14):
 par new generation   total 109248K, used 107227K [0x00000007a0000000, 0x00000007a8000000, 0x00000007a8000000)
  eden space 87424K, 100% used [0x00000007a0000000, 0x00000007a5560000, 0x00000007a5560000)
  from space 21824K,  90% used [0x00000007a5560000, 0x00000007a68b6e98, 0x00000007a6ab0000)
  to   space 21824K,   0% used [0x00000007a6ab0000, 0x00000007a6ab0000, 0x00000007a8000000)
 concurrent mark-sweep generation total 393216K, used 190906K [0x00000007a8000000, 0x00000007c0000000, 0x00000007c0000000)
 Metaspace       used 34258K, capacity 34708K, committed 35196K, reserved 1081344K
  class space    used 4014K, capacity 4169K, committed 4220K, reserved 1048576K
2016-10-24T04:53:46.001+0800: 381.350: [GC (Allocation Failure) 2016-10-24T04:53:46.001+0800: 381.350: [ParNew
Desired survivor size 20112992 bytes, new threshold 8 (max 8)
- age   1:      62280 bytes,      62280 total
- age   2:      14536 bytes,      76816 total
- age   4:         72 bytes,      76888 total
- age   5:    1979464 bytes,    2056352 total
- age   6:    6625280 bytes,    8681632 total
- age   7:    2642880 bytes,   11324512 total
- age   8:    3709720 bytes,   15034232 total
: 107227K->21824K(109248K), 0.0122287 secs] 298134K->215175K(502464K), 0.0122977 secs] [Times: user=0.04 sys=0.00, real=0.01 secs] 
Heap after GC invocations=271 (full 14):
 par new generation   total 109248K, used 21824K [0x00000007a0000000, 0x00000007a8000000, 0x00000007a8000000)
  eden space 87424K,   0% used [0x00000007a0000000, 0x00000007a0000000, 0x00000007a5560000)
  from space 21824K, 100% used [0x00000007a6ab0000, 0x00000007a8000000, 0x00000007a8000000)
  to   space 21824K,   0% used [0x00000007a5560000, 0x00000007a5560000, 0x00000007a6ab0000)
 concurrent mark-sweep generation total 393216K, used 193351K [0x00000007a8000000, 0x00000007c0000000, 0x00000007c0000000)
 Metaspace       used 34258K, capacity 34708K, committed 35196K, reserved 1081344K
  class space    used 4014K, capacity 4169K, committed 4220K, reserved 1048576K
}
2016-10-24T04:53:46.013+0800: 381.362: Total time for which application threads were stopped: 0.0124776 seconds, Stopping threads took: 0.0000318 seconds
2016-10-24T04:53:46.041+0800: 381.390: Total time for which application threads were stopped: 0.0001133 seconds, Stopping threads took: 0.0000279 seconds
{Heap before GC invocations=271 (full 14):
 par new generation   total 109248K, used 109248K [0x00000007a0000000, 0x00000007a8000000, 0x00000007a8000000)
  eden space 87424K, 100% used [0x00000007a0000000, 0x00000007a5560000, 0x00000007a5560000)
  from space 21824K, 100% used [0x00000007a6ab0000, 0x00000007a8000000, 0x00000007a8000000)
  to   space 21824K,   0% used [0x00000007a5560000, 0x00000007a5560000, 0x00000007a6ab0000)
 concurrent mark-sweep generation total 393216K, used 193351K [0x00000007a8000000, 0x00000007c0000000, 0x00000007c0000000)
 Metaspace       used 34258K, capacity 34708K, committed 35196K, reserved 1081344K
  class space    used 4014K, capacity 4169K, committed 4220K, reserved 1048576K
2016-10-24T04:53:46.186+0800: 381.535: [GC (Allocation Failure) 2016-10-24T04:53:46.186+0800: 381.535: [ParNew
Desired survivor size 20112992 bytes, new threshold 8 (max 8)
- age   1:    4106656 bytes,    4106656 total
- age   5:         72 bytes,    4106728 total
- age   6:    1881456 bytes,    5988184 total
- age   7:    5750864 bytes,   11739048 total
- age   8:    2550184 bytes,   14289232 total
: 109248K->18358K(109248K), 0.0152394 secs] 302599K->215298K(502464K), 0.0153162 secs] [Times: user=0.05 sys=0.00, real=0.02 secs] 
Heap after GC invocations=272 (full 14):
 par new generation   total 109248K, used 18358K [0x00000007a0000000, 0x00000007a8000000, 0x00000007a8000000)
  eden space 87424K,   0% used [0x00000007a0000000, 0x00000007a0000000, 0x00000007a5560000)
  from space 21824K,  84% used [0x00000007a5560000, 0x00000007a674d970, 0x00000007a6ab0000)
  to   space 21824K,   0% used [0x00000007a6ab0000, 0x00000007a6ab0000, 0x00000007a8000000)
 concurrent mark-sweep generation total 393216K, used 196940K [0x00000007a8000000, 0x00000007c0000000, 0x00000007c0000000)
 Metaspace       used 34258K, capacity 34708K, committed 35196K, reserved 1081344K
  class space    used 4014K, capacity 4169K, committed 4220K, reserved 1048576K
}
2016-10-24T04:53:46.202+0800: 381.550: Total time for which application threads were stopped: 0.0154982 seconds, Stopping threads took: 0.0000218 seconds
2016-10-24T04:53:46.202+0800: 381.550: [GC (CMS Initial Mark) [1 CMS-initial-mark: 196940K(393216K)] 217041K(502464K), 0.0021006 secs] [Times: user=0.01 sys=0.00, real=0.00 secs] 
2016-10-24T04:53:46.204+0800: 381.553: Total time for which application threads were stopped: 0.0022492 seconds, Stopping threads took: 0.0000538 seconds
2016-10-24T04:53:46.204+0800: 381.553: [CMS-concurrent-mark-start]
2016-10-24T04:53:46.232+0800: 381.580: [CMS-concurrent-mark: 0.028/0.028 secs] [Times: user=0.14 sys=0.00, real=0.03 secs] 
2016-10-24T04:53:46.232+0800: 381.580: [CMS-concurrent-preclean-start]
2016-10-24T04:53:46.234+0800: 381.583: [CMS-concurrent-preclean: 0.002/0.002 secs] [Times: user=0.00 sys=0.00, real=0.00 secs] 
2016-10-24T04:53:46.234+0800: 381.583: [CMS-concurrent-abortable-preclean-start]
2016-10-24T04:53:46.340+0800: 381.688: [CMS-concurrent-abortable-preclean: 0.105/0.105 secs] [Times: user=0.21 sys=0.00, real=0.11 secs] 
2016-10-24T04:53:46.340+0800: 381.689: [GC (CMS Final Remark) [YG occupancy: 70770 K (109248 K)]{Heap before GC invocations=272 (full 15):
 par new generation   total 109248K, used 70770K [0x00000007a0000000, 0x00000007a8000000, 0x00000007a8000000)
  eden space 87424K,  59% used [0x00000007a0000000, 0x00000007a332f010, 0x00000007a5560000)
  from space 21824K,  84% used [0x00000007a5560000, 0x00000007a674d970, 0x00000007a6ab0000)
  to   space 21824K,   0% used [0x00000007a6ab0000, 0x00000007a6ab0000, 0x00000007a8000000)
 concurrent mark-sweep generation total 393216K, used 196940K [0x00000007a8000000, 0x00000007c0000000, 0x00000007c0000000)
 Metaspace       used 34258K, capacity 34708K, committed 35196K, reserved 1081344K
  class space    used 4014K, capacity 4169K, committed 4220K, reserved 1048576K
2016-10-24T04:53:46.340+0800: 381.689: [GC (CMS Final Remark) 2016-10-24T04:53:46.340+0800: 381.689: [ParNew
Desired survivor size 20112992 bytes, new threshold 8 (max 8)
- age   1:    3672688 bytes,    3672688 total
- age   2:    3540552 bytes,    7213240 total
- age   6:         72 bytes,    7213312 total
- age   7:    1881456 bytes,    9094768 total
- age   8:    5750864 bytes,   14845632 total
: 70770K->18981K(109248K), 0.0144280 secs] 267710K->218453K(502464K), 0.0144717 secs] [Times: user=0.05 sys=0.00, real=0.01 secs] 
Heap after GC invocations=273 (full 15):
 par new generation   total 109248K, used 18981K [0x00000007a0000000, 0x00000007a8000000, 0x00000007a8000000)
  eden space 87424K,   0% used [0x00000007a0000000, 0x00000007a0000000, 0x00000007a5560000)
  from space 21824K,  86% used [0x00000007a6ab0000, 0x00000007a7d39720, 0x00000007a8000000)
  to   space 21824K,   0% used [0x00000007a5560000, 0x00000007a5560000, 0x00000007a6ab0000)
 concurrent mark-sweep generation total 393216K, used 199471K [0x00000007a8000000, 0x00000007c0000000, 0x00000007c0000000)
 Metaspace       used 34258K, capacity 34708K, committed 35196K, reserved 1081344K
  class space    used 4014K, capacity 4169K, committed 4220K, reserved 1048576K
}
2016-10-24T04:53:46.354+0800: 381.703: [Rescan (parallel) , 0.0059690 secs]2016-10-24T04:53:46.360+0800: 381.709: [weak refs processing, 0.0009069 secs]2016-10-24T04:53:46.361+0800: 381.710: [class unloading, 0.0083079 secs]2016-10-24T04:53:46.370+0800: 381.718: [scrub symbol table, 0.0078934 secs]2016-10-24T04:53:46.378+0800: 381.726: [scrub string table, 0.0005351 secs][1 CMS-remark: 199471K(393216K)] 218453K(502464K), 0.0383256 secs] [Times: user=0.09 sys=0.00, real=0.03 secs] 
2016-10-24T04:53:46.378+0800: 381.727: Total time for which application threads were stopped: 0.0385716 seconds, Stopping threads took: 0.0001007 seconds
2016-10-24T04:53:46.378+0800: 381.727: [CMS-concurrent-sweep-start]
2016-10-24T04:53:46.463+0800: 381.812: [CMS-concurrent-sweep: 0.085/0.085 secs] [Times: user=0.16 sys=0.00, real=0.09 secs] 
2016-10-24T04:53:46.463+0800: 381.812: [CMS-concurrent-reset-start]
2016-10-24T04:53:46.464+0800: 381.813: [CMS-concurrent-reset: 0.001/0.001 secs] [Times: user=0.00 sys=0.00, real=0.00 secs] 
{Heap before GC invocations=273 (full 15):
 par new generation   total 109248K, used 106405K [0x00000007a0000000, 0x00000007a8000000, 0x00000007a8000000)
  eden space 87424K, 100% used [0x00000007a0000000, 0x00000007a5560000, 0x00000007a5560000)
  from space 21824K,  86% used [0x00000007a6ab0000, 0x00000007a7d39720, 0x00000007a8000000)
  to   space 21824K,   0% used [0x00000007a5560000, 0x00000007a5560000, 0x00000007a6ab0000)
 concurrent mark-sweep generation total 393216K, used 123410K [0x00000007a8000000, 0x00000007c0000000, 0x00000007c0000000)
 Metaspace       used 34258K, capacity 34708K, committed 35196K, reserved 1081344K
  class space    used 4014K, capacity 4169K, committed 4220K, reserved 1048576K
2016-10-24T04:53:46.618+0800: 381.967: [GC (Allocation Failure) 2016-10-24T04:53:46.618+0800: 381.967: [ParNew
Desired survivor size 20112992 bytes, new threshold 8 (max 8)
- age   1:    8531392 bytes,    8531392 total
- age   2:    2618392 bytes,   11149784 total
- age   3:    3439280 bytes,   14589064 total
- age   8:    1344736 bytes,   15933800 total
: 106405K->18214K(109248K), 0.0158672 secs] 229816K->143785K(502464K), 0.0159447 secs] [Times: user=0.05 sys=0.01, real=0.02 secs] 
Heap after GC invocations=274 (full 15):
 par new generation   total 109248K, used 18214K [0x00000007a0000000, 0x00000007a8000000, 0x00000007a8000000)
  eden space 87424K,   0% used [0x00000007a0000000, 0x00000007a0000000, 0x00000007a5560000)
  from space 21824K,  83% used [0x00000007a5560000, 0x00000007a6729b40, 0x00000007a6ab0000)
  to   space 21824K,   0% used [0x00000007a6ab0000, 0x00000007a6ab0000, 0x00000007a8000000)
 concurrent mark-sweep generation total 393216K, used 125571K [0x00000007a8000000, 0x00000007c0000000, 0x00000007c0000000)
 Metaspace       used 34258K, capacity 34708K, committed 35196K, reserved 1081344K
  class space    used 4014K, capacity 4169K, committed 4220K, reserved 1048576K
}
2016-10-24T04:53:46.634+0800: 381.983: Total time for which application threads were stopped: 0.0161671 seconds, Stopping threads took: 0.0000266 seconds
{Heap before GC invocations=274 (full 15):
 par new generation   total 109248K, used 105638K [0x00000007a0000000, 0x00000007a8000000, 0x00000007a8000000)
  eden space 87424K, 100% used [0x00000007a0000000, 0x00000007a5560000, 0x00000007a5560000)
  from space 21824K,  83% used [0x00000007a5560000, 0x00000007a6729b40, 0x00000007a6ab0000)
  to   space 21824K,   0% used [0x00000007a6ab0000, 0x00000007a6ab0000, 0x00000007a8000000)
 concurrent mark-sweep generation total 393216K, used 125571K [0x00000007a8000000, 0x00000007c0000000, 0x00000007c0000000)
 Metaspace       used 34258K, capacity 34708K, committed 35196K, reserved 1081344K
  class space    used 4014K, capacity 4169K, committed 4220K, reserved 1048576K
2016-10-24T04:53:46.852+0800: 382.201: [GC (Allocation Failure) 2016-10-24T04:53:46.852+0800: 382.201: [ParNew
Desired survivor size 20112992 bytes, new threshold 8 (max 8)
- age   1:    6198272 bytes,    6198272 total
- age   2:    6859392 bytes,   13057664 total
- age   3:    2429904 bytes,   15487568 total
- age   4:    3070832 bytes,   18558400 total
: 105638K->21824K(109248K), 0.0147961 secs] 231209K->149833K(502464K), 0.0148785 secs] [Times: user=0.06 sys=0.00, real=0.01 secs] 
Heap after GC invocations=275 (full 15):
 par new generation   total 109248K, used 21824K [0x00000007a0000000, 0x00000007a8000000, 0x00000007a8000000)
  eden space 87424K,   0% used [0x00000007a0000000, 0x00000007a0000000, 0x00000007a5560000)
  from space 21824K, 100% used [0x00000007a6ab0000, 0x00000007a8000000, 0x00000007a8000000)
  to   space 21824K,   0% used [0x00000007a5560000, 0x00000007a5560000, 0x00000007a6ab0000)
 concurrent mark-sweep generation total 393216K, used 128009K [0x00000007a8000000, 0x00000007c0000000, 0x00000007c0000000)
 Metaspace       used 34258K, capacity 34708K, committed 35196K, reserved 1081344K
  class space    used 4014K, capacity 4169K, committed 4220K, reserved 1048576K
}
2016-10-24T04:53:46.867+0800: 382.216: Total time for which application threads were stopped: 0.0150476 seconds, Stopping threads took: 0.0000190 seconds
{Heap before GC invocations=275 (full 15):
 par new generation   total 109248K, used 109248K [0x00000007a0000000, 0x00000007a8000000, 0x00000007a8000000)
  eden space 87424K, 100% used [0x00000007a0000000, 0x00000007a5560000, 0x00000007a5560000)
  from space 21824K, 100% used [0x00000007a6ab0000, 0x00000007a8000000, 0x00000007a8000000)
  to   space 21824K,   0% used [0x00000007a5560000, 0x00000007a5560000, 0x00000007a6ab0000)
 concurrent mark-sweep generation total 393216K, used 128009K [0x00000007a8000000, 0x00000007c0000000, 0x00000007c0000000)
 Metaspace       used 34258K, capacity 34708K, committed 35196K, reserved 1081344K
  class space    used 4014K, capacity 4169K, committed 4220K, reserved 1048576K
2016-10-24T04:53:47.091+0800: 382.440: [GC (Allocation Failure) 2016-10-24T04:53:47.091+0800: 382.440: [ParNew
Desired survivor size 20112992 bytes, new threshold 8 (max 8)
- age   1:    4762952 bytes,    4762952 total
- age   2:    3951912 bytes,    8714864 total
- age   3:    5838752 bytes,   14553616 total
- age   4:    2275136 bytes,   16828752 total
- age   5:    2783816 bytes,   19612568 total
: 109248K->21824K(109248K), 0.0157275 secs] 237257K->154272K(502464K), 0.0157949 secs] [Times: user=0.06 sys=0.00, real=0.01 secs] 
Heap after GC invocations=276 (full 15):
 par new generation   total 109248K, used 21824K [0x00000007a0000000, 0x00000007a8000000, 0x00000007a8000000)
  eden space 87424K,   0% used [0x00000007a0000000, 0x00000007a0000000, 0x00000007a5560000)
  from space 21824K, 100% used [0x00000007a5560000, 0x00000007a6ab0000, 0x00000007a6ab0000)
  to   space 21824K,   0% used [0x00000007a6ab0000, 0x00000007a6ab0000, 0x00000007a8000000)
 concurrent mark-sweep generation total 393216K, used 132448K [0x00000007a8000000, 0x00000007c0000000, 0x00000007c0000000)
 Metaspace       used 34258K, capacity 34708K, committed 35196K, reserved 1081344K
  class space    used 4014K, capacity 4169K, committed 4220K, reserved 1048576K
}
2016-10-24T04:53:47.107+0800: 382.456: Total time for which application threads were stopped: 0.0159665 seconds, Stopping threads took: 0.0000302 seconds
{Heap before GC invocations=276 (full 15):
 par new generation   total 109248K, used 109248K [0x00000007a0000000, 0x00000007a8000000, 0x00000007a8000000)
  eden space 87424K, 100% used [0x00000007a0000000, 0x00000007a5560000, 0x00000007a5560000)
  from space 21824K, 100% used [0x00000007a5560000, 0x00000007a6ab0000, 0x00000007a6ab0000)
  to   space 21824K,   0% used [0x00000007a6ab0000, 0x00000007a6ab0000, 0x00000007a8000000)
 concurrent mark-sweep generation total 393216K, used 132448K [0x00000007a8000000, 0x00000007c0000000, 0x00000007c0000000)
 Metaspace       used 34258K, capacity 34708K, committed 35196K, reserved 1081344K
  class space    used 4014K, capacity 4169K, committed 4220K, reserved 1048576K
2016-10-24T04:53:47.331+0800: 382.679: [GC (Allocation Failure) 2016-10-24T04:53:47.331+0800: 382.679: [ParNew
Desired survivor size 20112992 bytes, new threshold 8 (max 8)
- age   1:    5993520 bytes,    5993520 total
- age   2:    2720768 bytes,    8714288 total
- age   3:    2568064 bytes,   11282352 total
- age   4:    4593616 bytes,   15875968 total
- age   5:    1695376 bytes,   17571344 total
- age   6:    2381808 bytes,   19953152 total
: 109248K->21824K(109248K), 0.0177374 secs] 241696K->160427K(502464K), 0.0177940 secs] [Times: user=0.06 sys=0.00, real=0.01 secs] 
Heap after GC invocations=277 (full 15):
 par new generation   total 109248K, used 21824K [0x00000007a0000000, 0x00000007a8000000, 0x00000007a8000000)
  eden space 87424K,   0% used [0x00000007a0000000, 0x00000007a0000000, 0x00000007a5560000)
  from space 21824K, 100% used [0x00000007a6ab0000, 0x00000007a8000000, 0x00000007a8000000)
  to   space 21824K,   0% used [0x00000007a5560000, 0x00000007a5560000, 0x00000007a6ab0000)
 concurrent mark-sweep generation total 393216K, used 138603K [0x00000007a8000000, 0x00000007c0000000, 0x00000007c0000000)
 Metaspace       used 34258K, capacity 34708K, committed 35196K, reserved 1081344K
  class space    used 4014K, capacity 4169K, committed 4220K, reserved 1048576K
}
2016-10-24T04:53:47.348+0800: 382.697: Total time for which application threads were stopped: 0.0179618 seconds, Stopping threads took: 0.0000282 seconds
{Heap before GC invocations=277 (full 15):
 par new generation   total 109248K, used 109248K [0x00000007a0000000, 0x00000007a8000000, 0x00000007a8000000)
  eden space 87424K, 100% used [0x00000007a0000000, 0x00000007a5560000, 0x00000007a5560000)
  from space 21824K, 100% used [0x00000007a6ab0000, 0x00000007a8000000, 0x00000007a8000000)
  to   space 21824K,   0% used [0x00000007a5560000, 0x00000007a5560000, 0x00000007a6ab0000)
 concurrent mark-sweep generation total 393216K, used 138603K [0x00000007a8000000, 0x00000007c0000000, 0x00000007c0000000)
 Metaspace       used 34258K, capacity 34708K, committed 35196K, reserved 1081344K
  class space    used 4014K, capacity 4169K, committed 4220K, reserved 1048576K
2016-10-24T04:53:47.575+0800: 382.923: [GC (Allocation Failure) 2016-10-24T04:53:47.575+0800: 382.923: [ParNew
Desired survivor size 20112992 bytes, new threshold 7 (max 8)
- age   1:    5177720 bytes,    5177720 total
- age   2:    3144968 bytes,    8322688 total
- age   3:    2539960 bytes,   10862648 total
- age   4:    2422016 bytes,   13284664 total
- age   5:    4429752 bytes,   17714416 total
- age   6:    1388608 bytes,   19103024 total
- age   7:    1742048 bytes,   20845072 total
: 109248K->21824K(109248K), 0.0201250 secs] 247851K->164852K(502464K), 0.0201889 secs] [Times: user=0.07 sys=0.00, real=0.02 secs] 
Heap after GC invocations=278 (full 15):
 par new generation   total 109248K, used 21824K [0x00000007a0000000, 0x00000007a8000000, 0x00000007a8000000)
  eden space 87424K,   0% used [0x00000007a0000000, 0x00000007a0000000, 0x00000007a5560000)
  from space 21824K, 100% used [0x00000007a5560000, 0x00000007a6ab0000, 0x00000007a6ab0000)
  to   space 21824K,   0% used [0x00000007a6ab0000, 0x00000007a6ab0000, 0x00000007a8000000)
 concurrent mark-sweep generation total 393216K, used 143028K [0x00000007a8000000, 0x00000007c0000000, 0x00000007c0000000)
 Metaspace       used 34258K, capacity 34708K, committed 35196K, reserved 1081344K
  class space    used 4014K, capacity 4169K, committed 4220K, reserved 1048576K
}
2016-10-24T04:53:47.595+0800: 382.944: Total time for which application threads were stopped: 0.0204157 seconds, Stopping threads took: 0.0000327 seconds
{Heap before GC invocations=278 (full 15):
 par new generation   total 109248K, used 109248K [0x00000007a0000000, 0x00000007a8000000, 0x00000007a8000000)
  eden space 87424K, 100% used [0x00000007a0000000, 0x00000007a5560000, 0x00000007a5560000)
  from space 21824K, 100% used [0x00000007a5560000, 0x00000007a6ab0000, 0x00000007a6ab0000)
  to   space 21824K,   0% used [0x00000007a6ab0000, 0x00000007a6ab0000, 0x00000007a8000000)
 concurrent mark-sweep generation total 393216K, used 143028K [0x00000007a8000000, 0x00000007c0000000, 0x00000007c0000000)
 Metaspace       used 34258K, capacity 34708K, committed 35196K, reserved 1081344K
  class space    used 4014K, capacity 4169K, committed 4220K, reserved 1048576K
2016-10-24T04:53:47.830+0800: 383.178: [GC (Allocation Failure) 2016-10-24T04:53:47.830+0800: 383.178: [ParNew
Desired survivor size 20112992 bytes, new threshold 7 (max 8)
- age   1:    7204472 bytes,    7204472 total
- age   2:    2738568 bytes,    9943040 total
- age   3:    3005000 bytes,   12948040 total
- age   4:    2427480 bytes,   15375520 total
- age   5:    2322704 bytes,   17698224 total
- age   6:    2233120 bytes,   19931344 total
- age   7:    1331008 bytes,   21262352 total
: 109248K->21824K(109248K), 0.0210736 secs] 252276K->172699K(502464K), 0.0211418 secs] [Times: user=0.08 sys=0.00, real=0.02 secs] 
Heap after GC invocations=279 (full 15):
 par new generation   total 109248K, used 21824K [0x00000007a0000000, 0x00000007a8000000, 0x00000007a8000000)
  eden space 87424K,   0% used [0x00000007a0000000, 0x00000007a0000000, 0x00000007a5560000)
  from space 21824K, 100% used [0x00000007a6ab0000, 0x00000007a8000000, 0x00000007a8000000)
  to   space 21824K,   0% used [0x00000007a5560000, 0x00000007a5560000, 0x00000007a6ab0000)
 concurrent mark-sweep generation total 393216K, used 150875K [0x00000007a8000000, 0x00000007c0000000, 0x00000007c0000000)
 Metaspace       used 34258K, capacity 34708K, committed 35196K, reserved 1081344K
  class space    used 4014K, capacity 4169K, committed 4220K, reserved 1048576K
}
2016-10-24T04:53:47.851+0800: 383.200: Total time for which application threads were stopped: 0.0213303 seconds, Stopping threads took: 0.0000306 seconds
{Heap before GC invocations=279 (full 15):
 par new generation   total 109248K, used 109248K [0x00000007a0000000, 0x00000007a8000000, 0x00000007a8000000)
  eden space 87424K, 100% used [0x00000007a0000000, 0x00000007a5560000, 0x00000007a5560000)
  from space 21824K, 100% used [0x00000007a6ab0000, 0x00000007a8000000, 0x00000007a8000000)
  to   space 21824K,   0% used [0x00000007a5560000, 0x00000007a5560000, 0x00000007a6ab0000)
 concurrent mark-sweep generation total 393216K, used 150875K [0x00000007a8000000, 0x00000007c0000000, 0x00000007c0000000)
 Metaspace       used 34258K, capacity 34708K, committed 35196K, reserved 1081344K
  class space    used 4014K, capacity 4169K, committed 4220K, reserved 1048576K
2016-10-24T04:53:48.082+0800: 383.430: [GC (Allocation Failure) 2016-10-24T04:53:48.082+0800: 383.430: [ParNew
Desired survivor size 20112992 bytes, new threshold 6 (max 8)
- age   1:    8471240 bytes,    8471240 total
- age   2:    4167256 bytes,   12638496 total
- age   3:    2245584 bytes,   14884080 total
- age   4:    2334904 bytes,   17218984 total
- age   5:    1772792 bytes,   18991776 total
- age   6:    1719440 bytes,   20711216 total
- age   7:    1621592 bytes,   22332808 total
: 109248K->21824K(109248K), 0.0333102 secs] 260123K->178856K(502464K), 0.0333778 secs] [Times: user=0.12 sys=0.00, real=0.03 secs] 
Heap after GC invocations=280 (full 15):
 par new generation   total 109248K, used 21824K [0x00000007a0000000, 0x00000007a8000000, 0x00000007a8000000)
  eden space 87424K,   0% used [0x00000007a0000000, 0x00000007a0000000, 0x00000007a5560000)
  from space 21824K, 100% used [0x00000007a5560000, 0x00000007a6ab0000, 0x00000007a6ab0000)
  to   space 21824K,   0% used [0x00000007a6ab0000, 0x00000007a6ab0000, 0x00000007a8000000)
 concurrent mark-sweep generation total 393216K, used 157032K [0x00000007a8000000, 0x00000007c0000000, 0x00000007c0000000)
 Metaspace       used 34258K, capacity 34708K, committed 35196K, reserved 1081344K
  class space    used 4014K, capacity 4169K, committed 4220K, reserved 1048576K
}
2016-10-24T04:53:48.115+0800: 383.464: Total time for which application threads were stopped: 0.0335812 seconds, Stopping threads took: 0.0000331 seconds
{Heap before GC invocations=280 (full 15):
 par new generation   total 109248K, used 109248K [0x00000007a0000000, 0x00000007a8000000, 0x00000007a8000000)
  eden space 87424K, 100% used [0x00000007a0000000, 0x00000007a5560000, 0x00000007a5560000)
  from space 21824K, 100% used [0x00000007a5560000, 0x00000007a6ab0000, 0x00000007a6ab0000)
  to   space 21824K,   0% used [0x00000007a6ab0000, 0x00000007a6ab0000, 0x00000007a8000000)
 concurrent mark-sweep generation total 393216K, used 157032K [0x00000007a8000000, 0x00000007c0000000, 0x00000007c0000000)
 Metaspace       used 34258K, capacity 34708K, committed 35196K, reserved 1081344K
  class space    used 4014K, capacity 4169K, committed 4220K, reserved 1048576K
2016-10-24T04:53:48.341+0800: 383.690: [GC (Allocation Failure) 2016-10-24T04:53:48.341+0800: 383.690: [ParNew
Desired survivor size 20112992 bytes, new threshold 6 (max 8)
- age   1:    7603432 bytes,    7603432 total
- age   2:    3992480 bytes,   11595912 total
- age   3:    3922552 bytes,   15518464 total
- age   4:    1936544 bytes,   17455008 total
- age   5:    1998704 bytes,   19453712 total
- age   6:    1468264 bytes,   20921976 total
: 109248K->21824K(109248K), 0.0244262 secs] 266280K->185591K(502464K), 0.0245063 secs] [Times: user=0.09 sys=0.00, real=0.02 secs] 
Heap after GC invocations=281 (full 15):
 par new generation   total 109248K, used 21824K [0x00000007a0000000, 0x00000007a8000000, 0x00000007a8000000)
  eden space 87424K,   0% used [0x00000007a0000000, 0x00000007a0000000, 0x00000007a5560000)
  from space 21824K, 100% used [0x00000007a6ab0000, 0x00000007a8000000, 0x00000007a8000000)
  to   space 21824K,   0% used [0x00000007a5560000, 0x00000007a5560000, 0x00000007a6ab0000)
 concurrent mark-sweep generation total 393216K, used 163767K [0x00000007a8000000, 0x00000007c0000000, 0x00000007c0000000)
 Metaspace       used 34258K, capacity 34708K, committed 35196K, reserved 1081344K
  class space    used 4014K, capacity 4169K, committed 4220K, reserved 1048576K
}
2016-10-24T04:53:48.366+0800: 383.715: Total time for which application threads were stopped: 0.0247148 seconds, Stopping threads took: 0.0000297 seconds
{Heap before GC invocations=281 (full 15):
 par new generation   total 109248K, used 109248K [0x00000007a0000000, 0x00000007a8000000, 0x00000007a8000000)
  eden space 87424K, 100% used [0x00000007a0000000, 0x00000007a5560000, 0x00000007a5560000)
  from space 21824K, 100% used [0x00000007a6ab0000, 0x00000007a8000000, 0x00000007a8000000)
  to   space 21824K,   0% used [0x00000007a5560000, 0x00000007a5560000, 0x00000007a6ab0000)
 concurrent mark-sweep generation total 393216K, used 163767K [0x00000007a8000000, 0x00000007c0000000, 0x00000007c0000000)
 Metaspace       used 34258K, capacity 34708K, committed 35196K, reserved 1081344K
  class space    used 4014K, capacity 4169K, committed 4220K, reserved 1048576K
2016-10-24T04:53:48.589+0800: 383.938: [GC (Allocation Failure) 2016-10-24T04:53:48.589+0800: 383.938: [ParNew
Desired survivor size 20112992 bytes, new threshold 5 (max 8)
- age   1:    8682208 bytes,    8682208 total
- age   2:    3047056 bytes,   11729264 total
- age   3:    3501016 bytes,   15230280 total
- age   4:    3570728 bytes,   18801008 total
- age   5:    1731776 bytes,   20532784 total
- age   6:    1814008 bytes,   22346792 total
: 109248K->21824K(109248K), 0.0209387 secs] 273015K->190069K(502464K), 0.0210194 secs] [Times: user=0.08 sys=0.00, real=0.03 secs] 
Heap after GC invocations=282 (full 15):
 par new generation   total 109248K, used 21824K [0x00000007a0000000, 0x00000007a8000000, 0x00000007a8000000)
  eden space 87424K,   0% used [0x00000007a0000000, 0x00000007a0000000, 0x00000007a5560000)
  from space 21824K, 100% used [0x00000007a5560000, 0x00000007a6ab0000, 0x00000007a6ab0000)
  to   space 21824K,   0% used [0x00000007a6ab0000, 0x00000007a6ab0000, 0x00000007a8000000)
 concurrent mark-sweep generation total 393216K, used 168245K [0x00000007a8000000, 0x00000007c0000000, 0x00000007c0000000)
 Metaspace       used 34258K, capacity 34708K, committed 35196K, reserved 1081344K
  class space    used 4014K, capacity 4169K, committed 4220K, reserved 1048576K
}
2016-10-24T04:53:48.610+0800: 383.959: Total time for which application threads were stopped: 0.0212261 seconds, Stopping threads took: 0.0000223 seconds
{Heap before GC invocations=282 (full 15):
 par new generation   total 109248K, used 109248K [0x00000007a0000000, 0x00000007a8000000, 0x00000007a8000000)
  eden space 87424K, 100% used [0x00000007a0000000, 0x00000007a5560000, 0x00000007a5560000)
  from space 21824K, 100% used [0x00000007a5560000, 0x00000007a6ab0000, 0x00000007a6ab0000)
  to   space 21824K,   0% used [0x00000007a6ab0000, 0x00000007a6ab0000, 0x00000007a8000000)
 concurrent mark-sweep generation total 393216K, used 168245K [0x00000007a8000000, 0x00000007c0000000, 0x00000007c0000000)
 Metaspace       used 34258K, capacity 34708K, committed 35196K, reserved 1081344K
  class space    used 4014K, capacity 4169K, committed 4220K, reserved 1048576K
2016-10-24T04:53:48.829+0800: 384.177: [GC (Allocation Failure) 2016-10-24T04:53:48.829+0800: 384.177: [ParNew
Desired survivor size 20112992 bytes, new threshold 5 (max 8)
- age   1:   10150240 bytes,   10150240 total
- age   2:    2647528 bytes,   12797768 total
- age   3:    2825432 bytes,   15623200 total
- age   4:    3315688 bytes,   18938888 total
- age   5:    3408728 bytes,   22347616 total
: 109248K->21824K(109248K), 0.0234976 secs] 277493K->195891K(502464K), 0.0235557 secs] [Times: user=0.08 sys=0.00, real=0.03 secs] 
Heap after GC invocations=283 (full 15):
 par new generation   total 109248K, used 21824K [0x00000007a0000000, 0x00000007a8000000, 0x00000007a8000000)
  eden space 87424K,   0% used [0x00000007a0000000, 0x00000007a0000000, 0x00000007a5560000)
  from space 21824K, 100% used [0x00000007a6ab0000, 0x00000007a8000000, 0x00000007a8000000)
  to   space 21824K,   0% used [0x00000007a5560000, 0x00000007a5560000, 0x00000007a6ab0000)
 concurrent mark-sweep generation total 393216K, used 174067K [0x00000007a8000000, 0x00000007c0000000, 0x00000007c0000000)
 Metaspace       used 34258K, capacity 34708K, committed 35196K, reserved 1081344K
  class space    used 4014K, capacity 4169K, committed 4220K, reserved 1048576K
}
2016-10-24T04:53:48.852+0800: 384.201: Total time for which application threads were stopped: 0.0237373 seconds, Stopping threads took: 0.0000298 seconds
{Heap before GC invocations=283 (full 15):
 par new generation   total 109248K, used 109248K [0x00000007a0000000, 0x00000007a8000000, 0x00000007a8000000)
  eden space 87424K, 100% used [0x00000007a0000000, 0x00000007a5560000, 0x00000007a5560000)
  from space 21824K, 100% used [0x00000007a6ab0000, 0x00000007a8000000, 0x00000007a8000000)
  to   space 21824K,   0% used [0x00000007a5560000, 0x00000007a5560000, 0x00000007a6ab0000)
 concurrent mark-sweep generation total 393216K, used 174067K [0x00000007a8000000, 0x00000007c0000000, 0x00000007c0000000)
 Metaspace       used 34258K, capacity 34708K, committed 35196K, reserved 1081344K
  class space    used 4014K, capacity 4169K, committed 4220K, reserved 1048576K
2016-10-24T04:53:49.081+0800: 384.430: [GC (Allocation Failure) 2016-10-24T04:53:49.081+0800: 384.430: [ParNew
Desired survivor size 20112992 bytes, new threshold 5 (max 8)
- age   1:    4939520 bytes,    4939520 total
- age   2:    8558160 bytes,   13497680 total
- age   3:    2473040 bytes,   15970720 total
- age   4:    2815760 bytes,   18786480 total
- age   5:    3305624 bytes,   22092104 total
: 109248K->21824K(109248K), 0.0283962 secs] 283315K->201110K(502464K), 0.0284537 secs] [Times: user=0.10 sys=0.00, real=0.03 secs] 
Heap after GC invocations=284 (full 15):
 par new generation   total 109248K, used 21824K [0x00000007a0000000, 0x00000007a8000000, 0x00000007a8000000)
  eden space 87424K,   0% used [0x00000007a0000000, 0x00000007a0000000, 0x00000007a5560000)
  from space 21824K, 100% used [0x00000007a5560000, 0x00000007a6ab0000, 0x00000007a6ab0000)
  to   space 21824K,   0% used [0x00000007a6ab0000, 0x00000007a6ab0000, 0x00000007a8000000)
 concurrent mark-sweep generation total 393216K, used 179286K [0x00000007a8000000, 0x00000007c0000000, 0x00000007c0000000)
 Metaspace       used 34258K, capacity 34708K, committed 35196K, reserved 1081344K
  class space    used 4014K, capacity 4169K, committed 4220K, reserved 1048576K
}
2016-10-24T04:53:49.110+0800: 384.459: Total time for which application threads were stopped: 0.0286568 seconds, Stopping threads took: 0.0000280 seconds
{Heap before GC invocations=284 (full 15):
 par new generation   total 109248K, used 109248K [0x00000007a0000000, 0x00000007a8000000, 0x00000007a8000000)
  eden space 87424K, 100% used [0x00000007a0000000, 0x00000007a5560000, 0x00000007a5560000)
  from space 21824K, 100% used [0x00000007a5560000, 0x00000007a6ab0000, 0x00000007a6ab0000)
  to   space 21824K,   0% used [0x00000007a6ab0000, 0x00000007a6ab0000, 0x00000007a8000000)
 concurrent mark-sweep generation total 393216K, used 179286K [0x00000007a8000000, 0x00000007c0000000, 0x00000007c0000000)
 Metaspace       used 34258K, capacity 34708K, committed 35196K, reserved 1081344K
  class space    used 4014K, capacity 4169K, committed 4220K, reserved 1048576K
2016-10-24T04:53:49.326+0800: 384.675: [GC (Allocation Failure) 2016-10-24T04:53:49.326+0800: 384.675: [ParNew
Desired survivor size 20112992 bytes, new threshold 5 (max 8)
- age   1:    8413872 bytes,    8413872 total
- age   2:    3353568 bytes,   11767440 total
- age   3:    3704776 bytes,   15472216 total
- age   4:    2451840 bytes,   17924056 total
- age   5:    2778616 bytes,   20702672 total
: 109248K->21824K(109248K), 0.0201276 secs] 288534K->207703K(502464K), 0.0201967 secs] [Times: user=0.07 sys=0.00, real=0.02 secs] 
Heap after GC invocations=285 (full 15):
 par new generation   total 109248K, used 21824K [0x00000007a0000000, 0x00000007a8000000, 0x00000007a8000000)
  eden space 87424K,   0% used [0x00000007a0000000, 0x00000007a0000000, 0x00000007a5560000)
  from space 21824K, 100% used [0x00000007a6ab0000, 0x00000007a8000000, 0x00000007a8000000)
  to   space 21824K,   0% used [0x00000007a5560000, 0x00000007a5560000, 0x00000007a6ab0000)
 concurrent mark-sweep generation total 393216K, used 185879K [0x00000007a8000000, 0x00000007c0000000, 0x00000007c0000000)
 Metaspace       used 34258K, capacity 34708K, committed 35196K, reserved 1081344K
  class space    used 4014K, capacity 4169K, committed 4220K, reserved 1048576K
}
2016-10-24T04:53:49.347+0800: 384.695: Total time for which application threads were stopped: 0.0203790 seconds, Stopping threads took: 0.0000275 seconds
{Heap before GC invocations=285 (full 15):
 par new generation   total 109248K, used 109248K [0x00000007a0000000, 0x00000007a8000000, 0x00000007a8000000)
  eden space 87424K, 100% used [0x00000007a0000000, 0x00000007a5560000, 0x00000007a5560000)
  from space 21824K, 100% used [0x00000007a6ab0000, 0x00000007a8000000, 0x00000007a8000000)
  to   space 21824K,   0% used [0x00000007a5560000, 0x00000007a5560000, 0x00000007a6ab0000)
 concurrent mark-sweep generation total 393216K, used 185879K [0x00000007a8000000, 0x00000007c0000000, 0x00000007c0000000)
 Metaspace       used 34258K, capacity 34708K, committed 35196K, reserved 1081344K
  class space    used 4014K, capacity 4169K, committed 4220K, reserved 1048576K
2016-10-24T04:53:49.577+0800: 384.926: [GC (Allocation Failure) 2016-10-24T04:53:49.577+0800: 384.926: [ParNew
Desired survivor size 20112992 bytes, new threshold 5 (max 8)
- age   1:    8837352 bytes,    8837352 total
- age   2:    4352744 bytes,   13190096 total
- age   3:    2771336 bytes,   15961432 total
- age   4:    3576008 bytes,   19537440 total
- age   5:    2326016 bytes,   21863456 total
: 109248K->21824K(109248K), 0.0232874 secs] 295127K->217899K(502464K), 0.0233639 secs] [Times: user=0.08 sys=0.00, real=0.03 secs] 
Heap after GC invocations=286 (full 15):
 par new generation   total 109248K, used 21824K [0x00000007a0000000, 0x00000007a8000000, 0x00000007a8000000)
  eden space 87424K,   0% used [0x00000007a0000000, 0x00000007a0000000, 0x00000007a5560000)
  from space 21824K, 100% used [0x00000007a5560000, 0x00000007a6ab0000, 0x00000007a6ab0000)
  to   space 21824K,   0% used [0x00000007a6ab0000, 0x00000007a6ab0000, 0x00000007a8000000)
 concurrent mark-sweep generation total 393216K, used 196075K [0x00000007a8000000, 0x00000007c0000000, 0x00000007c0000000)
 Metaspace       used 34258K, capacity 34708K, committed 35196K, reserved 1081344K
  class space    used 4014K, capacity 4169K, committed 4220K, reserved 1048576K
}
2016-10-24T04:53:49.600+0800: 384.949: Total time for which application threads were stopped: 0.0235438 seconds, Stopping threads took: 0.0000378 seconds
{Heap before GC invocations=286 (full 15):
 par new generation   total 109248K, used 109248K [0x00000007a0000000, 0x00000007a8000000, 0x00000007a8000000)
  eden space 87424K, 100% used [0x00000007a0000000, 0x00000007a5560000, 0x00000007a5560000)
  from space 21824K, 100% used [0x00000007a5560000, 0x00000007a6ab0000, 0x00000007a6ab0000)
  to   space 21824K,   0% used [0x00000007a6ab0000, 0x00000007a6ab0000, 0x00000007a8000000)
 concurrent mark-sweep generation total 393216K, used 196075K [0x00000007a8000000, 0x00000007c0000000, 0x00000007c0000000)
 Metaspace       used 34258K, capacity 34708K, committed 35196K, reserved 1081344K
  class space    used 4014K, capacity 4169K, committed 4220K, reserved 1048576K
2016-10-24T04:53:49.824+0800: 385.173: [GC (Allocation Failure) 2016-10-24T04:53:49.824+0800: 385.173: [ParNew
Desired survivor size 20112992 bytes, new threshold 5 (max 8)
- age   1:    5697664 bytes,    5697664 total
- age   2:    8190904 bytes,   13888568 total
- age   3:    2414720 bytes,   16303288 total
- age   4:    2601368 bytes,   18904656 total
- age   5:    2385480 bytes,   21290136 total
: 109248K->21824K(109248K), 0.0217756 secs] 305323K->224560K(502464K), 0.0218463 secs] [Times: user=0.08 sys=0.00, real=0.02 secs] 
Heap after GC invocations=287 (full 15):
 par new generation   total 109248K, used 21824K [0x00000007a0000000, 0x00000007a8000000, 0x00000007a8000000)
  eden space 87424K,   0% used [0x00000007a0000000, 0x00000007a0000000, 0x00000007a5560000)
  from space 21824K, 100% used [0x00000007a6ab0000, 0x00000007a8000000, 0x00000007a8000000)
  to   space 21824K,   0% used [0x00000007a5560000, 0x00000007a5560000, 0x00000007a6ab0000)
 concurrent mark-sweep generation total 393216K, used 202736K [0x00000007a8000000, 0x00000007c0000000, 0x00000007c0000000)
 Metaspace       used 34258K, capacity 34708K, committed 35196K, reserved 1081344K
  class space    used 4014K, capacity 4169K, committed 4220K, reserved 1048576K
}
2016-10-24T04:53:49.846+0800: 385.195: Total time for which application threads were stopped: 0.0220284 seconds, Stopping threads took: 0.0000300 seconds
2016-10-24T04:53:49.847+0800: 385.195: [GC (CMS Initial Mark) [1 CMS-initial-mark: 202736K(393216K)] 226308K(502464K), 0.0023094 secs] [Times: user=0.00 sys=0.00, real=0.00 secs] 
2016-10-24T04:53:49.849+0800: 385.198: Total time for which application threads were stopped: 0.0025403 seconds, Stopping threads took: 0.0000928 seconds
2016-10-24T04:53:49.849+0800: 385.198: [CMS-concurrent-mark-start]
2016-10-24T04:53:49.911+0800: 385.260: [CMS-concurrent-mark: 0.062/0.062 secs] [Times: user=0.31 sys=0.00, real=0.07 secs] 
2016-10-24T04:53:49.911+0800: 385.260: [CMS-concurrent-preclean-start]
2016-10-24T04:53:49.921+0800: 385.270: [CMS-concurrent-preclean: 0.009/0.010 secs] [Times: user=0.02 sys=0.00, real=0.01 secs] 
2016-10-24T04:53:49.921+0800: 385.270: [CMS-concurrent-abortable-preclean-start]
{Heap before GC invocations=287 (full 16):
 par new generation   total 109248K, used 109248K [0x00000007a0000000, 0x00000007a8000000, 0x00000007a8000000)
  eden space 87424K, 100% used [0x00000007a0000000, 0x00000007a5560000, 0x00000007a5560000)
  from space 21824K, 100% used [0x00000007a6ab0000, 0x00000007a8000000, 0x00000007a8000000)
  to   space 21824K,   0% used [0x00000007a5560000, 0x00000007a5560000, 0x00000007a6ab0000)
 concurrent mark-sweep generation total 393216K, used 202736K [0x00000007a8000000, 0x00000007c0000000, 0x00000007c0000000)
 Metaspace       used 34258K, capacity 34708K, committed 35196K, reserved 1081344K
  class space    used 4014K, capacity 4169K, committed 4220K, reserved 1048576K
2016-10-24T04:53:50.071+0800: 385.419: [GC (Allocation Failure) 2016-10-24T04:53:50.071+0800: 385.419: [ParNew
Desired survivor size 20112992 bytes, new threshold 5 (max 8)
- age   1:    7203112 bytes,    7203112 total
- age   2:    5099088 bytes,   12302200 total
- age   3:    4319208 bytes,   16621408 total
- age   4:    2221544 bytes,   18842952 total
- age   5:    2394384 bytes,   21237336 total
: 109248K->21824K(109248K), 0.0242697 secs] 311984K->232883K(502464K), 0.0243317 secs] [Times: user=0.09 sys=0.01, real=0.02 secs] 
Heap after GC invocations=288 (full 16):
 par new generation   total 109248K, used 21824K [0x00000007a0000000, 0x00000007a8000000, 0x00000007a8000000)
  eden space 87424K,   0% used [0x00000007a0000000, 0x00000007a0000000, 0x00000007a5560000)
  from space 21824K, 100% used [0x00000007a5560000, 0x00000007a6ab0000, 0x00000007a6ab0000)
  to   space 21824K,   0% used [0x00000007a6ab0000, 0x00000007a6ab0000, 0x00000007a8000000)
 concurrent mark-sweep generation total 393216K, used 211059K [0x00000007a8000000, 0x00000007c0000000, 0x00000007c0000000)
 Metaspace       used 34258K, capacity 34708K, committed 35196K, reserved 1081344K
  class space    used 4014K, capacity 4169K, committed 4220K, reserved 1048576K
}
2016-10-24T04:53:50.095+0800: 385.444: Total time for which application threads were stopped: 0.0245057 seconds, Stopping threads took: 0.0000299 seconds
2016-10-24T04:53:50.207+0800: 385.556: [CMS-concurrent-abortable-preclean: 0.257/0.286 secs] [Times: user=0.61 sys=0.01, real=0.28 secs] 
2016-10-24T04:53:50.207+0800: 385.556: [GC (CMS Final Remark) [YG occupancy: 66835 K (109248 K)]{Heap before GC invocations=288 (full 16):
 par new generation   total 109248K, used 66835K [0x00000007a0000000, 0x00000007a8000000, 0x00000007a8000000)
  eden space 87424K,  51% used [0x00000007a0000000, 0x00000007a2bf4ef8, 0x00000007a5560000)
  from space 21824K, 100% used [0x00000007a5560000, 0x00000007a6ab0000, 0x00000007a6ab0000)
  to   space 21824K,   0% used [0x00000007a6ab0000, 0x00000007a6ab0000, 0x00000007a8000000)
 concurrent mark-sweep generation total 393216K, used 211059K [0x00000007a8000000, 0x00000007c0000000, 0x00000007c0000000)
 Metaspace       used 34258K, capacity 34708K, committed 35196K, reserved 1081344K
  class space    used 4014K, capacity 4169K, committed 4220K, reserved 1048576K
2016-10-24T04:53:50.207+0800: 385.556: [GC (CMS Final Remark) 2016-10-24T04:53:50.207+0800: 385.556: [ParNew
Desired survivor size 20112992 bytes, new threshold 5 (max 8)
- age   1:    3401232 bytes,    3401232 total
- age   2:    6854368 bytes,   10255600 total
- age   3:    3540056 bytes,   13795656 total
- age   4:    4280448 bytes,   18076104 total
- age   5:    2190592 bytes,   20266696 total
: 66835K->21824K(109248K), 0.0174290 secs] 277895K->236379K(502464K), 0.0174763 secs] [Times: user=0.06 sys=0.00, real=0.02 secs] 
Heap after GC invocations=289 (full 16):
 par new generation   total 109248K, used 21824K [0x00000007a0000000, 0x00000007a8000000, 0x00000007a8000000)
  eden space 87424K,   0% used [0x00000007a0000000, 0x00000007a0000000, 0x00000007a5560000)
  from space 21824K, 100% used [0x00000007a6ab0000, 0x00000007a8000000, 0x00000007a8000000)
  to   space 21824K,   0% used [0x00000007a5560000, 0x00000007a5560000, 0x00000007a6ab0000)
 concurrent mark-sweep generation total 393216K, used 214555K [0x00000007a8000000, 0x00000007c0000000, 0x00000007c0000000)
 Metaspace       used 34258K, capacity 34708K, committed 35196K, reserved 1081344K
  class space    used 4014K, capacity 4169K, committed 4220K, reserved 1048576K
}
2016-10-24T04:53:50.225+0800: 385.574: [Rescan (parallel) , 0.0092444 secs]2016-10-24T04:53:50.234+0800: 385.583: [weak refs processing, 0.0009074 secs]2016-10-24T04:53:50.235+0800: 385.584: [class unloading, 0.0067061 secs]2016-10-24T04:53:50.242+0800: 385.591: [scrub symbol table, 0.0049299 secs]2016-10-24T04:53:50.247+0800: 385.595: [scrub string table, 0.0004942 secs][1 CMS-remark: 214555K(393216K)] 236379K(502464K), 0.0400219 secs] [Times: user=0.11 sys=0.00, real=0.04 secs] 
2016-10-24T04:53:50.247+0800: 385.596: Total time for which application threads were stopped: 0.0401728 seconds, Stopping threads took: 0.0000339 seconds
2016-10-24T04:53:50.247+0800: 385.596: [CMS-concurrent-sweep-start]
2016-10-24T04:53:50.308+0800: 385.657: [CMS-concurrent-sweep: 0.061/0.061 secs] [Times: user=0.12 sys=0.00, real=0.06 secs] 
2016-10-24T04:53:50.308+0800: 385.657: [CMS-concurrent-reset-start]
2016-10-24T04:53:50.308+0800: 385.657: [CMS-concurrent-reset: 0.000/0.000 secs] [Times: user=0.00 sys=0.00, real=0.00 secs] 
{Heap before GC invocations=289 (full 16):
 par new generation   total 109248K, used 109248K [0x00000007a0000000, 0x00000007a8000000, 0x00000007a8000000)
  eden space 87424K, 100% used [0x00000007a0000000, 0x00000007a5560000, 0x00000007a5560000)
  from space 21824K, 100% used [0x00000007a6ab0000, 0x00000007a8000000, 0x00000007a8000000)
  to   space 21824K,   0% used [0x00000007a5560000, 0x00000007a5560000, 0x00000007a6ab0000)
 concurrent mark-sweep generation total 393216K, used 169878K [0x00000007a8000000, 0x00000007c0000000, 0x00000007c0000000)
 Metaspace       used 34258K, capacity 34708K, committed 35196K, reserved 1081344K
  class space    used 4014K, capacity 4169K, committed 4220K, reserved 1048576K
2016-10-24T04:53:50.457+0800: 385.805: [GC (Allocation Failure) 2016-10-24T04:53:50.457+0800: 385.806: [ParNew
Desired survivor size 20112992 bytes, new threshold 8 (max 8)
- age   1:    5951304 bytes,    5951304 total
- age   2:    3143664 bytes,    9094968 total
- age   3:    3284568 bytes,   12379536 total
- age   4:    3304520 bytes,   15684056 total
- age   5:    4113832 bytes,   19797888 total
: 109248K->21824K(109248K), 0.0212443 secs] 279126K->200574K(502464K), 0.0213153 secs] [Times: user=0.08 sys=0.00, real=0.02 secs] 
Heap after GC invocations=290 (full 16):
 par new generation   total 109248K, used 21824K [0x00000007a0000000, 0x00000007a8000000, 0x00000007a8000000)
  eden space 87424K,   0% used [0x00000007a0000000, 0x00000007a0000000, 0x00000007a5560000)
  from space 21824K, 100% used [0x00000007a5560000, 0x00000007a6ab0000, 0x00000007a6ab0000)
  to   space 21824K,   0% used [0x00000007a6ab0000, 0x00000007a6ab0000, 0x00000007a8000000)
 concurrent mark-sweep generation total 393216K, used 178750K [0x00000007a8000000, 0x00000007c0000000, 0x00000007c0000000)
 Metaspace       used 34258K, capacity 34708K, committed 35196K, reserved 1081344K
  class space    used 4014K, capacity 4169K, committed 4220K, reserved 1048576K
}
2016-10-24T04:53:50.478+0800: 385.827: Total time for which application threads were stopped: 0.0214936 seconds, Stopping threads took: 0.0000234 seconds
{Heap before GC invocations=290 (full 16):
 par new generation   total 109248K, used 109248K [0x00000007a0000000, 0x00000007a8000000, 0x00000007a8000000)
  eden space 87424K, 100% used [0x00000007a0000000, 0x00000007a5560000, 0x00000007a5560000)
  from space 21824K, 100% used [0x00000007a5560000, 0x00000007a6ab0000, 0x00000007a6ab0000)
  to   space 21824K,   0% used [0x00000007a6ab0000, 0x00000007a6ab0000, 0x00000007a8000000)
 concurrent mark-sweep generation total 393216K, used 178750K [0x00000007a8000000, 0x00000007c0000000, 0x00000007c0000000)
 Metaspace       used 34258K, capacity 34708K, committed 35196K, reserved 1081344K
  class space    used 4014K, capacity 4169K, committed 4220K, reserved 1048576K
2016-10-24T04:53:50.704+0800: 386.053: [GC (Allocation Failure) 2016-10-24T04:53:50.704+0800: 386.053: [ParNew
Desired survivor size 20112992 bytes, new threshold 6 (max 8)
- age   1:    4780664 bytes,    4780664 total
- age   2:    5243464 bytes,   10024128 total
- age   3:    1126984 bytes,   11151112 total
- age   4:    2785896 bytes,   13937008 total
- age   5:    2797168 bytes,   16734176 total
- age   6:    3722144 bytes,   20456320 total
: 109248K->21824K(109248K), 0.0198846 secs] 287998K->205223K(502464K), 0.0199486 secs] [Times: user=0.07 sys=0.01, real=0.02 secs] 
Heap after GC invocations=291 (full 16):
 par new generation   total 109248K, used 21824K [0x00000007a0000000, 0x00000007a8000000, 0x00000007a8000000)
  eden space 87424K,   0% used [0x00000007a0000000, 0x00000007a0000000, 0x00000007a5560000)
  from space 21824K, 100% used [0x00000007a6ab0000, 0x00000007a8000000, 0x00000007a8000000)
  to   space 21824K,   0% used [0x00000007a5560000, 0x00000007a5560000, 0x00000007a6ab0000)
 concurrent mark-sweep generation total 393216K, used 183399K [0x00000007a8000000, 0x00000007c0000000, 0x00000007c0000000)
 Metaspace       used 34258K, capacity 34708K, committed 35196K, reserved 1081344K
  class space    used 4014K, capacity 4169K, committed 4220K, reserved 1048576K
}
2016-10-24T04:53:50.724+0800: 386.073: Total time for which application threads were stopped: 0.0201279 seconds, Stopping threads took: 0.0000305 seconds
{Heap before GC invocations=291 (full 16):
 par new generation   total 109248K, used 108623K [0x00000007a0000000, 0x00000007a8000000, 0x00000007a8000000)
  eden space 87424K,  99% used [0x00000007a0000000, 0x00000007a54c3f18, 0x00000007a5560000)
  from space 21824K, 100% used [0x00000007a6ab0000, 0x00000007a8000000, 0x00000007a8000000)
  to   space 21824K,   0% used [0x00000007a5560000, 0x00000007a5560000, 0x00000007a6ab0000)
 concurrent mark-sweep generation total 393216K, used 183399K [0x00000007a8000000, 0x00000007c0000000, 0x00000007c0000000)
 Metaspace       used 34258K, capacity 34708K, committed 35196K, reserved 1081344K
  class space    used 4014K, capacity 4169K, committed 4220K, reserved 1048576K
2016-10-24T04:53:50.941+0800: 386.289: [GC (Allocation Failure) 2016-10-24T04:53:50.941+0800: 386.289: [ParNew
Desired survivor size 20112992 bytes, new threshold 8 (max 8)
- age   1:    4865832 bytes,    4865832 total
- age   2:    4556616 bytes,    9422448 total
- age   3:    3550896 bytes,   12973344 total
- age   4:    1038736 bytes,   14012080 total
- age   5:    2709408 bytes,   16721488 total
- age   6:    2792032 bytes,   19513520 total
: 108623K->21824K(109248K), 0.0229614 secs] 292023K->214005K(502464K), 0.0230348 secs] [Times: user=0.08 sys=0.00, real=0.02 secs] 
Heap after GC invocations=292 (full 16):
 par new generation   total 109248K, used 21824K [0x00000007a0000000, 0x00000007a8000000, 0x00000007a8000000)
  eden space 87424K,   0% used [0x00000007a0000000, 0x00000007a0000000, 0x00000007a5560000)
  from space 21824K, 100% used [0x00000007a5560000, 0x00000007a6ab0000, 0x00000007a6ab0000)
  to   space 21824K,   0% used [0x00000007a6ab0000, 0x00000007a6ab0000, 0x00000007a8000000)
 concurrent mark-sweep generation total 393216K, used 192181K [0x00000007a8000000, 0x00000007c0000000, 0x00000007c0000000)
 Metaspace       used 34258K, capacity 34708K, committed 35196K, reserved 1081344K
  class space    used 4014K, capacity 4169K, committed 4220K, reserved 1048576K
}
2016-10-24T04:53:50.964+0800: 386.312: Total time for which application threads were stopped: 0.0232520 seconds, Stopping threads took: 0.0000291 seconds
{Heap before GC invocations=292 (full 16):
 par new generation   total 109248K, used 109248K [0x00000007a0000000, 0x00000007a8000000, 0x00000007a8000000)
  eden space 87424K, 100% used [0x00000007a0000000, 0x00000007a5560000, 0x00000007a5560000)
  from space 21824K, 100% used [0x00000007a5560000, 0x00000007a6ab0000, 0x00000007a6ab0000)
  to   space 21824K,   0% used [0x00000007a6ab0000, 0x00000007a6ab0000, 0x00000007a8000000)
 concurrent mark-sweep generation total 393216K, used 192181K [0x00000007a8000000, 0x00000007c0000000, 0x00000007c0000000)
 Metaspace       used 34258K, capacity 34708K, committed 35196K, reserved 1081344K
  class space    used 4014K, capacity 4169K, committed 4220K, reserved 1048576K
2016-10-24T04:53:51.183+0800: 386.532: [GC (Allocation Failure) 2016-10-24T04:53:51.183+0800: 386.532: [ParNew
Desired survivor size 20112992 bytes, new threshold 7 (max 8)
- age   1:    6212016 bytes,    6212016 total
- age   2:    3320344 bytes,    9532360 total
- age   3:    4020800 bytes,   13553160 total
- age   4:    2343496 bytes,   15896656 total
- age   5:     834584 bytes,   16731240 total
- age   6:    2340528 bytes,   19071768 total
- age   7:    2462800 bytes,   21534568 total
: 109248K->21824K(109248K), 0.0255303 secs] 301429K->225077K(502464K), 0.0255989 secs] [Times: user=0.09 sys=0.00, real=0.02 secs] 
Heap after GC invocations=293 (full 16):
 par new generation   total 109248K, used 21824K [0x00000007a0000000, 0x00000007a8000000, 0x00000007a8000000)
  eden space 87424K,   0% used [0x00000007a0000000, 0x00000007a0000000, 0x00000007a5560000)
  from space 21824K, 100% used [0x00000007a6ab0000, 0x00000007a8000000, 0x00000007a8000000)
  to   space 21824K,   0% used [0x00000007a5560000, 0x00000007a5560000, 0x00000007a6ab0000)
 concurrent mark-sweep generation total 393216K, used 203253K [0x00000007a8000000, 0x00000007c0000000, 0x00000007c0000000)
 Metaspace       used 34258K, capacity 34708K, committed 35196K, reserved 1081344K
  class space    used 4014K, capacity 4169K, committed 4220K, reserved 1048576K
}
2016-10-24T04:53:51.208+0800: 386.557: Total time for which application threads were stopped: 0.0257723 seconds, Stopping threads took: 0.0000284 seconds
2016-10-24T04:53:51.209+0800: 386.558: [GC (CMS Initial Mark) [1 CMS-initial-mark: 203253K(393216K)] 226814K(502464K), 0.0053086 secs] [Times: user=0.01 sys=0.00, real=0.01 secs] 
2016-10-24T04:53:51.214+0800: 386.563: Total time for which application threads were stopped: 0.0055524 seconds, Stopping threads took: 0.0001141 seconds
2016-10-24T04:53:51.214+0800: 386.563: [CMS-concurrent-mark-start]
2016-10-24T04:53:51.292+0800: 386.641: [CMS-concurrent-mark: 0.078/0.078 secs] [Times: user=0.39 sys=0.01, real=0.08 secs] 
2016-10-24T04:53:51.292+0800: 386.641: [CMS-concurrent-preclean-start]
2016-10-24T04:53:51.295+0800: 386.644: [CMS-concurrent-preclean: 0.003/0.003 secs] [Times: user=0.00 sys=0.00, real=0.00 secs] 
2016-10-24T04:53:51.295+0800: 386.644: [CMS-concurrent-abortable-preclean-start]
{Heap before GC invocations=293 (full 17):
 par new generation   total 109248K, used 109248K [0x00000007a0000000, 0x00000007a8000000, 0x00000007a8000000)
  eden space 87424K, 100% used [0x00000007a0000000, 0x00000007a5560000, 0x00000007a5560000)
  from space 21824K, 100% used [0x00000007a6ab0000, 0x00000007a8000000, 0x00000007a8000000)
  to   space 21824K,   0% used [0x00000007a5560000, 0x00000007a5560000, 0x00000007a6ab0000)
 concurrent mark-sweep generation total 393216K, used 203253K [0x00000007a8000000, 0x00000007c0000000, 0x00000007c0000000)
 Metaspace       used 34258K, capacity 34708K, committed 35196K, reserved 1081344K
  class space    used 4014K, capacity 4169K, committed 4220K, reserved 1048576K
2016-10-24T04:53:52.128+0800: 387.477: [GC (Allocation Failure) 2016-10-24T04:53:52.128+0800: 387.477: [ParNew
Desired survivor size 20112992 bytes, new threshold 8 (max 8)
- age   1:     995040 bytes,     995040 total
- age   2:    5910408 bytes,    6905448 total
- age   3:    3073792 bytes,    9979240 total
- age   4:    3838752 bytes,   13817992 total
- age   5:    2226144 bytes,   16044136 total
- age   6:     742360 bytes,   16786496 total
- age   7:    2294000 bytes,   19080496 total
: 109248K->21824K(109248K), 0.0176551 secs] 312501K->228288K(502464K), 0.0177082 secs] [Times: user=0.07 sys=0.00, real=0.02 secs] 
Heap after GC invocations=294 (full 17):
 par new generation   total 109248K, used 21824K [0x00000007a0000000, 0x00000007a8000000, 0x00000007a8000000)
  eden space 87424K,   0% used [0x00000007a0000000, 0x00000007a0000000, 0x00000007a5560000)
  from space 21824K, 100% used [0x00000007a5560000, 0x00000007a6ab0000, 0x00000007a6ab0000)
  to   space 21824K,   0% used [0x00000007a6ab0000, 0x00000007a6ab0000, 0x00000007a8000000)
 concurrent mark-sweep generation total 393216K, used 206464K [0x00000007a8000000, 0x00000007c0000000, 0x00000007c0000000)
 Metaspace       used 34258K, capacity 34708K, committed 35196K, reserved 1081344K
  class space    used 4014K, capacity 4169K, committed 4220K, reserved 1048576K
}
2016-10-24T04:53:52.146+0800: 387.495: Total time for which application threads were stopped: 0.0178791 seconds, Stopping threads took: 0.0000165 seconds
2016-10-24T04:53:52.173+0800: 387.522: [CMS-concurrent-abortable-preclean: 0.347/0.878 secs] [Times: user=1.27 sys=0.01, real=0.88 secs] 
2016-10-24T04:53:52.173+0800: 387.522: [GC (CMS Final Remark) [YG occupancy: 99535 K (109248 K)]{Heap before GC invocations=294 (full 17):
 par new generation   total 109248K, used 99535K [0x00000007a0000000, 0x00000007a8000000, 0x00000007a8000000)
  eden space 87424K,  88% used [0x00000007a0000000, 0x00000007a4be3e88, 0x00000007a5560000)
  from space 21824K, 100% used [0x00000007a5560000, 0x00000007a6ab0000, 0x00000007a6ab0000)
  to   space 21824K,   0% used [0x00000007a6ab0000, 0x00000007a6ab0000, 0x00000007a8000000)
 concurrent mark-sweep generation total 393216K, used 206464K [0x00000007a8000000, 0x00000007c0000000, 0x00000007c0000000)
 Metaspace       used 34258K, capacity 34708K, committed 35196K, reserved 1081344K
  class space    used 4014K, capacity 4169K, committed 4220K, reserved 1048576K
2016-10-24T04:53:52.173+0800: 387.522: [GC (CMS Final Remark) 2016-10-24T04:53:52.173+0800: 387.522: [ParNew
Desired survivor size 20112992 bytes, new threshold 8 (max 8)
- age   1:     133472 bytes,     133472 total
- age   2:     186480 bytes,     319952 total
- age   3:    5782984 bytes,    6102936 total
- age   4:    2961664 bytes,    9064600 total
- age   5:    3778904 bytes,   12843504 total
- age   6:    2202368 bytes,   15045872 total
- age   7:     726128 bytes,   15772000 total
- age   8:    2280688 bytes,   18052688 total
: 99535K->21824K(109248K), 0.0116708 secs] 306000K->229340K(502464K), 0.0117111 secs] [Times: user=0.05 sys=0.00, real=0.01 secs] 
Heap after GC invocations=295 (full 17):
 par new generation   total 109248K, used 21824K [0x00000007a0000000, 0x00000007a8000000, 0x00000007a8000000)
  eden space 87424K,   0% used [0x00000007a0000000, 0x00000007a0000000, 0x00000007a5560000)
  from space 21824K, 100% used [0x00000007a6ab0000, 0x00000007a8000000, 0x00000007a8000000)
  to   space 21824K,   0% used [0x00000007a5560000, 0x00000007a5560000, 0x00000007a6ab0000)
 concurrent mark-sweep generation total 393216K, used 207516K [0x00000007a8000000, 0x00000007c0000000, 0x00000007c0000000)
 Metaspace       used 34258K, capacity 34708K, committed 35196K, reserved 1081344K
  class space    used 4014K, capacity 4169K, committed 4220K, reserved 1048576K
}
2016-10-24T04:53:52.185+0800: 387.534: [Rescan (parallel) , 0.0085752 secs]2016-10-24T04:53:52.193+0800: 387.542: [weak refs processing, 0.0007378 secs]2016-10-24T04:53:52.194+0800: 387.543: [class unloading, 0.0064271 secs]2016-10-24T04:53:52.201+0800: 387.549: [scrub symbol table, 0.0058456 secs]2016-10-24T04:53:52.206+0800: 387.555: [scrub string table, 0.0004920 secs][1 CMS-remark: 207516K(393216K)] 229340K(502464K), 0.0340270 secs] [Times: user=0.09 sys=0.00, real=0.03 secs] 
2016-10-24T04:53:52.207+0800: 387.556: Total time for which application threads were stopped: 0.0341836 seconds, Stopping threads took: 0.0000532 seconds
2016-10-24T04:53:52.207+0800: 387.556: [CMS-concurrent-sweep-start]
2016-10-24T04:53:52.262+0800: 387.611: [CMS-concurrent-sweep: 0.055/0.055 secs] [Times: user=0.11 sys=0.00, real=0.06 secs] 
2016-10-24T04:53:52.262+0800: 387.611: [CMS-concurrent-reset-start]
2016-10-24T04:53:52.262+0800: 387.611: [CMS-concurrent-reset: 0.000/0.000 secs] [Times: user=0.00 sys=0.00, real=0.00 secs] 
{Heap before GC invocations=295 (full 17):
 par new generation   total 109248K, used 109242K [0x00000007a0000000, 0x00000007a8000000, 0x00000007a8000000)
  eden space 87424K,  99% used [0x00000007a0000000, 0x00000007a555e8d8, 0x00000007a5560000)
  from space 21824K, 100% used [0x00000007a6ab0000, 0x00000007a8000000, 0x00000007a8000000)
  to   space 21824K,   0% used [0x00000007a5560000, 0x00000007a5560000, 0x00000007a6ab0000)
 concurrent mark-sweep generation total 393216K, used 193082K [0x00000007a8000000, 0x00000007c0000000, 0x00000007c0000000)
 Metaspace       used 34258K, capacity 34708K, committed 35196K, reserved 1081344K
  class space    used 4014K, capacity 4169K, committed 4220K, reserved 1048576K
2016-10-24T04:53:52.304+0800: 387.653: [GC (Allocation Failure) 2016-10-24T04:53:52.304+0800: 387.653: [ParNew
Desired survivor size 20112992 bytes, new threshold 8 (max 8)
- age   1:     101648 bytes,     101648 total
- age   3:     166880 bytes,     268528 total
- age   4:    5782984 bytes,    6051512 total
- age   5:    2961664 bytes,    9013176 total
- age   6:    3778904 bytes,   12792080 total
- age   7:    1438048 bytes,   14230128 total
- age   8:     726032 bytes,   14956160 total
: 109242K->19952K(109248K), 0.0109185 secs] 302324K->214617K(502464K), 0.0109656 secs] [Times: user=0.04 sys=0.00, real=0.01 secs] 
Heap after GC invocations=296 (full 17):
 par new generation   total 109248K, used 19952K [0x00000007a0000000, 0x00000007a8000000, 0x00000007a8000000)
  eden space 87424K,   0% used [0x00000007a0000000, 0x00000007a0000000, 0x00000007a5560000)
  from space 21824K,  91% used [0x00000007a5560000, 0x00000007a68dc1b0, 0x00000007a6ab0000)
  to   space 21824K,   0% used [0x00000007a6ab0000, 0x00000007a6ab0000, 0x00000007a8000000)
 concurrent mark-sweep generation total 393216K, used 194665K [0x00000007a8000000, 0x00000007c0000000, 0x00000007c0000000)
 Metaspace       used 34258K, capacity 34708K, committed 35196K, reserved 1081344K
  class space    used 4014K, capacity 4169K, committed 4220K, reserved 1048576K
}
2016-10-24T04:53:52.315+0800: 387.664: Total time for which application threads were stopped: 0.0111281 seconds, Stopping threads took: 0.0000175 seconds
{Heap before GC invocations=296 (full 17):
 par new generation   total 109248K, used 107376K [0x00000007a0000000, 0x00000007a8000000, 0x00000007a8000000)
  eden space 87424K, 100% used [0x00000007a0000000, 0x00000007a5560000, 0x00000007a5560000)
  from space 21824K,  91% used [0x00000007a5560000, 0x00000007a68dc1b0, 0x00000007a6ab0000)
  to   space 21824K,   0% used [0x00000007a6ab0000, 0x00000007a6ab0000, 0x00000007a8000000)
 concurrent mark-sweep generation total 393216K, used 194665K [0x00000007a8000000, 0x00000007c0000000, 0x00000007c0000000)
 Metaspace       used 34258K, capacity 34708K, committed 35196K, reserved 1081344K
  class space    used 4014K, capacity 4169K, committed 4220K, reserved 1048576K
2016-10-24T04:53:52.360+0800: 387.709: [GC (Allocation Failure) 2016-10-24T04:53:52.360+0800: 387.709: [ParNew
Desired survivor size 20112992 bytes, new threshold 8 (max 8)
- age   1:      64376 bytes,      64376 total
- age   2:      79024 bytes,     143400 total
- age   4:     166880 bytes,     310280 total
- age   5:    5782984 bytes,    6093264 total
- age   6:    2961664 bytes,    9054928 total
- age   7:    3778904 bytes,   12833832 total
- age   8:    1438048 bytes,   14271880 total
: 107376K->18961K(109248K), 0.0097142 secs] 302041K->214346K(502464K), 0.0097720 secs] [Times: user=0.03 sys=0.00, real=0.01 secs] 
Heap after GC invocations=297 (full 17):
 par new generation   total 109248K, used 18961K [0x00000007a0000000, 0x00000007a8000000, 0x00000007a8000000)
  eden space 87424K,   0% used [0x00000007a0000000, 0x00000007a0000000, 0x00000007a5560000)
  from space 21824K,  86% used [0x00000007a6ab0000, 0x00000007a7d34730, 0x00000007a8000000)
  to   space 21824K,   0% used [0x00000007a5560000, 0x00000007a5560000, 0x00000007a6ab0000)
 concurrent mark-sweep generation total 393216K, used 195384K [0x00000007a8000000, 0x00000007c0000000, 0x00000007c0000000)
 Metaspace       used 34258K, capacity 34708K, committed 35196K, reserved 1081344K
  class space    used 4014K, capacity 4169K, committed 4220K, reserved 1048576K
}
2016-10-24T04:53:52.370+0800: 387.719: Total time for which application threads were stopped: 0.0099597 seconds, Stopping threads took: 0.0000193 seconds
{Heap before GC invocations=297 (full 17):
 par new generation   total 109248K, used 106385K [0x00000007a0000000, 0x00000007a8000000, 0x00000007a8000000)
  eden space 87424K, 100% used [0x00000007a0000000, 0x00000007a5560000, 0x00000007a5560000)
  from space 21824K,  86% used [0x00000007a6ab0000, 0x00000007a7d34730, 0x00000007a8000000)
  to   space 21824K,   0% used [0x00000007a5560000, 0x00000007a5560000, 0x00000007a6ab0000)
 concurrent mark-sweep generation total 393216K, used 195384K [0x00000007a8000000, 0x00000007c0000000, 0x00000007c0000000)
 Metaspace       used 34259K, capacity 34708K, committed 35196K, reserved 1081344K
  class space    used 4014K, capacity 4169K, committed 4220K, reserved 1048576K
2016-10-24T04:53:52.582+0800: 387.931: [GC (Allocation Failure) 2016-10-24T04:53:52.582+0800: 387.931: [ParNew
Desired survivor size 20112992 bytes, new threshold 8 (max 8)
- age   1:    3013672 bytes,    3013672 total
- age   3:      15104 bytes,    3028776 total
- age   5:     149400 bytes,    3178176 total
- age   6:    5685032 bytes,    8863208 total
- age   7:    2862000 bytes,   11725208 total
- age   8:    3710184 bytes,   15435392 total
: 106385K->18585K(109248K), 0.0145354 secs] 301770K->215323K(502464K), 0.0145959 secs] [Times: user=0.06 sys=0.00, real=0.01 secs] 
Heap after GC invocations=298 (full 17):
 par new generation   total 109248K, used 18585K [0x00000007a0000000, 0x00000007a8000000, 0x00000007a8000000)
  eden space 87424K,   0% used [0x00000007a0000000, 0x00000007a0000000, 0x00000007a5560000)
  from space 21824K,  85% used [0x00000007a5560000, 0x00000007a6786590, 0x00000007a6ab0000)
  to   space 21824K,   0% used [0x00000007a6ab0000, 0x00000007a6ab0000, 0x00000007a8000000)
 concurrent mark-sweep generation total 393216K, used 196737K [0x00000007a8000000, 0x00000007c0000000, 0x00000007c0000000)
 Metaspace       used 34259K, capacity 34708K, committed 35196K, reserved 1081344K
  class space    used 4014K, capacity 4169K, committed 4220K, reserved 1048576K
}
2016-10-24T04:53:52.597+0800: 387.946: Total time for which application threads were stopped: 0.0147978 seconds, Stopping threads took: 0.0000243 seconds
2016-10-24T04:53:52.597+0800: 387.946: [GC (CMS Initial Mark) [1 CMS-initial-mark: 196737K(393216K)] 217061K(502464K), 0.0024309 secs] [Times: user=0.01 sys=0.00, real=0.00 secs] 
2016-10-24T04:53:52.599+0800: 387.948: Total time for which application threads were stopped: 0.0026016 seconds, Stopping threads took: 0.0000742 seconds
2016-10-24T04:53:52.599+0800: 387.948: [CMS-concurrent-mark-start]
2016-10-24T04:53:52.663+0800: 388.011: [CMS-concurrent-mark: 0.063/0.063 secs] [Times: user=0.31 sys=0.00, real=0.07 secs] 
2016-10-24T04:53:52.663+0800: 388.011: [CMS-concurrent-preclean-start]
2016-10-24T04:53:52.667+0800: 388.016: [CMS-concurrent-preclean: 0.004/0.004 secs] [Times: user=0.01 sys=0.00, real=0.00 secs] 
2016-10-24T04:53:52.667+0800: 388.016: [CMS-concurrent-abortable-preclean-start]
{Heap before GC invocations=298 (full 18):
 par new generation   total 109248K, used 106009K [0x00000007a0000000, 0x00000007a8000000, 0x00000007a8000000)
  eden space 87424K, 100% used [0x00000007a0000000, 0x00000007a5560000, 0x00000007a5560000)
  from space 21824K,  85% used [0x00000007a5560000, 0x00000007a6786590, 0x00000007a6ab0000)
  to   space 21824K,   0% used [0x00000007a6ab0000, 0x00000007a6ab0000, 0x00000007a8000000)
 concurrent mark-sweep generation total 393216K, used 196737K [0x00000007a8000000, 0x00000007c0000000, 0x00000007c0000000)
 Metaspace       used 34259K, capacity 34708K, committed 35196K, reserved 1081344K
  class space    used 4014K, capacity 4169K, committed 4220K, reserved 1048576K
2016-10-24T04:53:52.832+0800: 388.181: [GC (Allocation Failure) 2016-10-24T04:53:52.832+0800: 388.181: [ParNew
Desired survivor size 20112992 bytes, new threshold 8 (max 8)
- age   1:    9772248 bytes,    9772248 total
- age   2:    2506376 bytes,   12278624 total
- age   4:      15104 bytes,   12293728 total
- age   6:     149400 bytes,   12443128 total
- age   7:    5685032 bytes,   18128160 total
- age   8:    2862000 bytes,   20990160 total
: 106009K->21824K(109248K), 0.0190618 secs] 302747K->222195K(502464K), 0.0191234 secs] [Times: user=0.07 sys=0.00, real=0.02 secs] 
Heap after GC invocations=299 (full 18):
 par new generation   total 109248K, used 21824K [0x00000007a0000000, 0x00000007a8000000, 0x00000007a8000000)
  eden space 87424K,   0% used [0x00000007a0000000, 0x00000007a0000000, 0x00000007a5560000)
  from space 21824K, 100% used [0x00000007a6ab0000, 0x00000007a8000000, 0x00000007a8000000)
  to   space 21824K,   0% used [0x00000007a5560000, 0x00000007a5560000, 0x00000007a6ab0000)
 concurrent mark-sweep generation total 393216K, used 200371K [0x00000007a8000000, 0x00000007c0000000, 0x00000007c0000000)
 Metaspace       used 34259K, capacity 34708K, committed 35196K, reserved 1081344K
  class space    used 4014K, capacity 4169K, committed 4220K, reserved 1048576K
}
2016-10-24T04:53:52.851+0800: 388.200: Total time for which application threads were stopped: 0.0192793 seconds, Stopping threads took: 0.0000193 seconds
2016-10-24T04:53:53.016+0800: 388.365: [CMS-concurrent-abortable-preclean: 0.324/0.349 secs] [Times: user=0.73 sys=0.01, real=0.35 secs] 
2016-10-24T04:53:53.016+0800: 388.365: [GC (CMS Final Remark) [YG occupancy: 90897 K (109248 K)]{Heap before GC invocations=299 (full 18):
 par new generation   total 109248K, used 90897K [0x00000007a0000000, 0x00000007a8000000, 0x00000007a8000000)
  eden space 87424K,  79% used [0x00000007a0000000, 0x00000007a4374688, 0x00000007a5560000)
  from space 21824K, 100% used [0x00000007a6ab0000, 0x00000007a8000000, 0x00000007a8000000)
  to   space 21824K,   0% used [0x00000007a5560000, 0x00000007a5560000, 0x00000007a6ab0000)
 concurrent mark-sweep generation total 393216K, used 200371K [0x00000007a8000000, 0x00000007c0000000, 0x00000007c0000000)
 Metaspace       used 34259K, capacity 34708K, committed 35196K, reserved 1081344K
  class space    used 4014K, capacity 4169K, committed 4220K, reserved 1048576K
2016-10-24T04:53:53.016+0800: 388.365: [GC (CMS Final Remark) 2016-10-24T04:53:53.016+0800: 388.365: [ParNew
Desired survivor size 20112992 bytes, new threshold 8 (max 8)
- age   1:    5335000 bytes,    5335000 total
- age   2:    8393000 bytes,   13728000 total
- age   3:    2397136 bytes,   16125136 total
- age   5:      15104 bytes,   16140240 total
- age   7:     142648 bytes,   16282888 total
- age   8:    5609608 bytes,   21892496 total
: 90897K->21824K(109248K), 0.0223170 secs] 291269K->225576K(502464K), 0.0223579 secs] [Times: user=0.08 sys=0.00, real=0.02 secs] 
Heap after GC invocations=300 (full 18):
 par new generation   total 109248K, used 21824K [0x00000007a0000000, 0x00000007a8000000, 0x00000007a8000000)
  eden space 87424K,   0% used [0x00000007a0000000, 0x00000007a0000000, 0x00000007a5560000)
  from space 21824K, 100% used [0x00000007a5560000, 0x00000007a6ab0000, 0x00000007a6ab0000)
  to   space 21824K,   0% used [0x00000007a6ab0000, 0x00000007a6ab0000, 0x00000007a8000000)
 concurrent mark-sweep generation total 393216K, used 203752K [0x00000007a8000000, 0x00000007c0000000, 0x00000007c0000000)
 Metaspace       used 34259K, capacity 34708K, committed 35196K, reserved 1081344K
  class space    used 4014K, capacity 4169K, committed 4220K, reserved 1048576K
}
2016-10-24T04:53:53.039+0800: 388.388: [Rescan (parallel) , 0.0124685 secs]2016-10-24T04:53:53.051+0800: 388.400: [weak refs processing, 0.0008130 secs]2016-10-24T04:53:53.052+0800: 388.401: [class unloading, 0.0059883 secs]2016-10-24T04:53:53.058+0800: 388.407: [scrub symbol table, 0.0046824 secs]2016-10-24T04:53:53.063+0800: 388.412: [scrub string table, 0.0004723 secs][1 CMS-remark: 203752K(393216K)] 225576K(502464K), 0.0470223 secs] [Times: user=0.14 sys=0.00, real=0.05 secs] 
2016-10-24T04:53:53.063+0800: 388.412: Total time for which application threads were stopped: 0.0472187 seconds, Stopping threads took: 0.0000999 seconds
2016-10-24T04:53:53.063+0800: 388.412: [CMS-concurrent-sweep-start]
2016-10-24T04:53:53.148+0800: 388.497: [CMS-concurrent-sweep: 0.085/0.085 secs] [Times: user=0.17 sys=0.00, real=0.08 secs] 
2016-10-24T04:53:53.148+0800: 388.497: [CMS-concurrent-reset-start]
2016-10-24T04:53:53.148+0800: 388.497: [CMS-concurrent-reset: 0.000/0.000 secs] [Times: user=0.00 sys=0.00, real=0.00 secs] 
{Heap before GC invocations=300 (full 18):
 par new generation   total 109248K, used 109248K [0x00000007a0000000, 0x00000007a8000000, 0x00000007a8000000)
  eden space 87424K, 100% used [0x00000007a0000000, 0x00000007a5560000, 0x00000007a5560000)
  from space 21824K, 100% used [0x00000007a5560000, 0x00000007a6ab0000, 0x00000007a6ab0000)
  to   space 21824K,   0% used [0x00000007a6ab0000, 0x00000007a6ab0000, 0x00000007a8000000)
 concurrent mark-sweep generation total 393216K, used 167995K [0x00000007a8000000, 0x00000007c0000000, 0x00000007c0000000)
 Metaspace       used 34259K, capacity 34708K, committed 35196K, reserved 1081344K
  class space    used 4014K, capacity 4169K, committed 4220K, reserved 1048576K
2016-10-24T04:53:53.286+0800: 388.635: [GC (Allocation Failure) 2016-10-24T04:53:53.286+0800: 388.635: [ParNew
Desired survivor size 20112992 bytes, new threshold 4 (max 8)
- age   1:    6364456 bytes,    6364456 total
- age   2:    3770384 bytes,   10134840 total
- age   3:    8180024 bytes,   18314864 total
- age   4:    2376176 bytes,   20691040 total
- age   6:      15104 bytes,   20706144 total
- age   8:     116576 bytes,   20822720 total
: 109248K->21824K(109248K), 0.0172906 secs] 277243K->195990K(502464K), 0.0173554 secs] [Times: user=0.07 sys=0.00, real=0.02 secs] 
Heap after GC invocations=301 (full 18):
 par new generation   total 109248K, used 21824K [0x00000007a0000000, 0x00000007a8000000, 0x00000007a8000000)
  eden space 87424K,   0% used [0x00000007a0000000, 0x00000007a0000000, 0x00000007a5560000)
  from space 21824K, 100% used [0x00000007a6ab0000, 0x00000007a8000000, 0x00000007a8000000)
  to   space 21824K,   0% used [0x00000007a5560000, 0x00000007a5560000, 0x00000007a6ab0000)
 concurrent mark-sweep generation total 393216K, used 174166K [0x00000007a8000000, 0x00000007c0000000, 0x00000007c0000000)
 Metaspace       used 34259K, capacity 34708K, committed 35196K, reserved 1081344K
  class space    used 4014K, capacity 4169K, committed 4220K, reserved 1048576K
}
2016-10-24T04:53:53.304+0800: 388.653: Total time for which application threads were stopped: 0.0175237 seconds, Stopping threads took: 0.0000272 seconds
2016-10-24T04:53:53.389+0800: 388.738: Total time for which application threads were stopped: 0.0001190 seconds, Stopping threads took: 0.0000229 seconds
2016-10-24T04:53:53.404+0800: 388.753: Total time for which application threads were stopped: 0.0001661 seconds, Stopping threads took: 0.0000598 seconds
2016-10-24T04:53:53.404+0800: 388.753: Total time for which application threads were stopped: 0.0001068 seconds, Stopping threads took: 0.0000467 seconds
{Heap before GC invocations=301 (full 18):
 par new generation   total 109248K, used 109248K [0x00000007a0000000, 0x00000007a8000000, 0x00000007a8000000)
  eden space 87424K, 100% used [0x00000007a0000000, 0x00000007a5560000, 0x00000007a5560000)
  from space 21824K, 100% used [0x00000007a6ab0000, 0x00000007a8000000, 0x00000007a8000000)
  to   space 21824K,   0% used [0x00000007a5560000, 0x00000007a5560000, 0x00000007a6ab0000)
 concurrent mark-sweep generation total 393216K, used 174166K [0x00000007a8000000, 0x00000007c0000000, 0x00000007c0000000)
 Metaspace       used 34259K, capacity 34708K, committed 35196K, reserved 1081344K
  class space    used 4014K, capacity 4169K, committed 4220K, reserved 1048576K
2016-10-24T04:53:53.467+0800: 388.816: [GC (Allocation Failure) 2016-10-24T04:53:53.467+0800: 388.816: [ParNew
Desired survivor size 20112992 bytes, new threshold 4 (max 8)
- age   1:    6444152 bytes,    6444152 total
- age   2:    3681848 bytes,   10126000 total
- age   3:    2736608 bytes,   12862608 total
- age   4:    7477168 bytes,   20339776 total
: 109248K->21824K(109248K), 0.0177276 secs] 283414K->199880K(502464K), 0.0177747 secs] [Times: user=0.06 sys=0.00, real=0.02 secs] 
Heap after GC invocations=302 (full 18):
 par new generation   total 109248K, used 21824K [0x00000007a0000000, 0x00000007a8000000, 0x00000007a8000000)
  eden space 87424K,   0% used [0x00000007a0000000, 0x00000007a0000000, 0x00000007a5560000)
  from space 21824K, 100% used [0x00000007a5560000, 0x00000007a6ab0000, 0x00000007a6ab0000)
  to   space 21824K,   0% used [0x00000007a6ab0000, 0x00000007a6ab0000, 0x00000007a8000000)
 concurrent mark-sweep generation total 393216K, used 178056K [0x00000007a8000000, 0x00000007c0000000, 0x00000007c0000000)
 Metaspace       used 34259K, capacity 34708K, committed 35196K, reserved 1081344K
  class space    used 4014K, capacity 4169K, committed 4220K, reserved 1048576K
}
2016-10-24T04:53:53.485+0800: 388.834: Total time for which application threads were stopped: 0.0179742 seconds, Stopping threads took: 0.0000538 seconds
2016-10-24T04:53:53.529+0800: 388.878: Total time for which application threads were stopped: 0.0002010 seconds, Stopping threads took: 0.0001051 seconds
2016-10-24T04:53:53.530+0800: 388.879: Total time for which application threads were stopped: 0.0001208 seconds, Stopping threads took: 0.0000477 seconds
2016-10-24T04:53:53.531+0800: 388.879: Total time for which application threads were stopped: 0.0000818 seconds, Stopping threads took: 0.0000350 seconds
2016-10-24T04:53:53.531+0800: 388.880: Total time for which application threads were stopped: 0.0001050 seconds, Stopping threads took: 0.0000564 seconds
2016-10-24T04:53:53.532+0800: 388.881: Total time for which application threads were stopped: 0.0001348 seconds, Stopping threads took: 0.0000242 seconds
2016-10-24T04:53:53.532+0800: 388.881: Total time for which application threads were stopped: 0.0001145 seconds, Stopping threads took: 0.0000525 seconds
2016-10-24T04:53:53.534+0800: 388.883: Total time for which application threads were stopped: 0.0001725 seconds, Stopping threads took: 0.0000627 seconds
2016-10-24T04:53:53.534+0800: 388.883: Total time for which application threads were stopped: 0.0000912 seconds, Stopping threads took: 0.0000348 seconds
{Heap before GC invocations=302 (full 18):
 par new generation   total 109248K, used 109248K [0x00000007a0000000, 0x00000007a8000000, 0x00000007a8000000)
  eden space 87424K, 100% used [0x00000007a0000000, 0x00000007a5560000, 0x00000007a5560000)
  from space 21824K, 100% used [0x00000007a5560000, 0x00000007a6ab0000, 0x00000007a6ab0000)
  to   space 21824K,   0% used [0x00000007a6ab0000, 0x00000007a6ab0000, 0x00000007a8000000)
 concurrent mark-sweep generation total 393216K, used 178056K [0x00000007a8000000, 0x00000007c0000000, 0x00000007c0000000)
 Metaspace       used 34267K, capacity 34772K, committed 35452K, reserved 1081344K
  class space    used 4014K, capacity 4169K, committed 4220K, reserved 1048576K
2016-10-24T04:53:53.600+0800: 388.949: [GC (Allocation Failure) 2016-10-24T04:53:53.600+0800: 388.949: [ParNew
Desired survivor size 20112992 bytes, new threshold 8 (max 8)
- age   1:    3666160 bytes,    3666160 total
- age   2:    5530568 bytes,    9196728 total
- age   3:    3347208 bytes,   12543936 total
- age   4:    2463200 bytes,   15007136 total
: 109248K->19693K(109248K), 0.0169990 secs] 287304K->204735K(502464K), 0.0170711 secs] [Times: user=0.06 sys=0.00, real=0.01 secs] 
Heap after GC invocations=303 (full 18):
 par new generation   total 109248K, used 19693K [0x00000007a0000000, 0x00000007a8000000, 0x00000007a8000000)
  eden space 87424K,   0% used [0x00000007a0000000, 0x00000007a0000000, 0x00000007a5560000)
  from space 21824K,  90% used [0x00000007a6ab0000, 0x00000007a7deb7a0, 0x00000007a8000000)
  to   space 21824K,   0% used [0x00000007a5560000, 0x00000007a5560000, 0x00000007a6ab0000)
 concurrent mark-sweep generation total 393216K, used 185041K [0x00000007a8000000, 0x00000007c0000000, 0x00000007c0000000)
 Metaspace       used 34267K, capacity 34772K, committed 35452K, reserved 1081344K
  class space    used 4014K, capacity 4169K, committed 4220K, reserved 1048576K
}
2016-10-24T04:53:53.617+0800: 388.966: Total time for which application threads were stopped: 0.0172867 seconds, Stopping threads took: 0.0000504 seconds
2016-10-24T04:53:53.730+0800: 389.079: Total time for which application threads were stopped: 0.0001861 seconds, Stopping threads took: 0.0000918 seconds
2016-10-24T04:53:53.750+0800: 389.099: Total time for which application threads were stopped: 0.0001775 seconds, Stopping threads took: 0.0000772 seconds
2016-10-24T04:53:53.758+0800: 389.107: Total time for which application threads were stopped: 0.0001871 seconds, Stopping threads took: 0.0000993 seconds
2016-10-24T04:53:53.758+0800: 389.107: Total time for which application threads were stopped: 0.0001020 seconds, Stopping threads took: 0.0000453 seconds
{Heap before GC invocations=303 (full 18):
 par new generation   total 109248K, used 107117K [0x00000007a0000000, 0x00000007a8000000, 0x00000007a8000000)
  eden space 87424K, 100% used [0x00000007a0000000, 0x00000007a5560000, 0x00000007a5560000)
  from space 21824K,  90% used [0x00000007a6ab0000, 0x00000007a7deb7a0, 0x00000007a8000000)
  to   space 21824K,   0% used [0x00000007a5560000, 0x00000007a5560000, 0x00000007a6ab0000)
 concurrent mark-sweep generation total 393216K, used 185041K [0x00000007a8000000, 0x00000007c0000000, 0x00000007c0000000)
 Metaspace       used 34283K, capacity 34772K, committed 35452K, reserved 1081344K
  class space    used 4014K, capacity 4169K, committed 4220K, reserved 1048576K
2016-10-24T04:53:53.791+0800: 389.140: [GC (Allocation Failure) 2016-10-24T04:53:53.791+0800: 389.140: [ParNew
Desired survivor size 20112992 bytes, new threshold 8 (max 8)
- age   1:    5009656 bytes,    5009656 total
- age   2:    2594008 bytes,    7603664 total
- age   3:    5030736 bytes,   12634400 total
- age   4:    3347208 bytes,   15981608 total
- age   5:    2463200 bytes,   18444808 total
: 107117K->21824K(109248K), 0.0133254 secs] 292159K->206865K(502464K), 0.0133852 secs] [Times: user=0.05 sys=0.00, real=0.01 secs] 
Heap after GC invocations=304 (full 18):
 par new generation   total 109248K, used 21824K [0x00000007a0000000, 0x00000007a8000000, 0x00000007a8000000)
  eden space 87424K,   0% used [0x00000007a0000000, 0x00000007a0000000, 0x00000007a5560000)
  from space 21824K, 100% used [0x00000007a5560000, 0x00000007a6ab0000, 0x00000007a6ab0000)
  to   space 21824K,   0% used [0x00000007a6ab0000, 0x00000007a6ab0000, 0x00000007a8000000)
 concurrent mark-sweep generation total 393216K, used 185041K [0x00000007a8000000, 0x00000007c0000000, 0x00000007c0000000)
 Metaspace       used 34283K, capacity 34772K, committed 35452K, reserved 1081344K
  class space    used 4014K, capacity 4169K, committed 4220K, reserved 1048576K
}
2016-10-24T04:53:53.804+0800: 389.153: Total time for which application threads were stopped: 0.0136384 seconds, Stopping threads took: 0.0000720 seconds
2016-10-24T04:53:53.828+0800: 389.177: Total time for which application threads were stopped: 0.0001647 seconds, Stopping threads took: 0.0000565 seconds
2016-10-24T04:53:53.828+0800: 389.177: Total time for which application threads were stopped: 0.0000690 seconds, Stopping threads took: 0.0000221 seconds
2016-10-24T04:53:53.829+0800: 389.177: Total time for which application threads were stopped: 0.0000855 seconds, Stopping threads took: 0.0000285 seconds
2016-10-24T04:53:53.829+0800: 389.178: Total time for which application threads were stopped: 0.0000750 seconds, Stopping threads took: 0.0000273 seconds
2016-10-24T04:53:53.829+0800: 389.178: Total time for which application threads were stopped: 0.0000738 seconds, Stopping threads took: 0.0000231 seconds
2016-10-24T04:53:53.829+0800: 389.178: Total time for which application threads were stopped: 0.0000659 seconds, Stopping threads took: 0.0000087 seconds
{Heap before GC invocations=304 (full 18):
 par new generation   total 109248K, used 109248K [0x00000007a0000000, 0x00000007a8000000, 0x00000007a8000000)
  eden space 87424K, 100% used [0x00000007a0000000, 0x00000007a5560000, 0x00000007a5560000)
  from space 21824K, 100% used [0x00000007a5560000, 0x00000007a6ab0000, 0x00000007a6ab0000)
  to   space 21824K,   0% used [0x00000007a6ab0000, 0x00000007a6ab0000, 0x00000007a8000000)
 concurrent mark-sweep generation total 393216K, used 185041K [0x00000007a8000000, 0x00000007c0000000, 0x00000007c0000000)
 Metaspace       used 34290K, capacity 34772K, committed 35452K, reserved 1081344K
  class space    used 4014K, capacity 4169K, committed 4220K, reserved 1048576K
2016-10-24T04:53:53.994+0800: 389.343: [GC (Allocation Failure) 2016-10-24T04:53:53.994+0800: 389.343: [ParNew
Desired survivor size 20112992 bytes, new threshold 8 (max 8)
- age   1:    4978592 bytes,    4978592 total
- age   2:    2501152 bytes,    7479744 total
- age   3:    1163880 bytes,    8643624 total
- age   4:    3634400 bytes,   12278024 total
- age   5:    3347208 bytes,   15625232 total
- age   6:    2463200 bytes,   18088432 total
: 109248K->21824K(109248K), 0.0115142 secs] 294289K->206865K(502464K), 0.0115737 secs] [Times: user=0.05 sys=0.00, real=0.01 secs] 
Heap after GC invocations=305 (full 18):
 par new generation   total 109248K, used 21824K [0x00000007a0000000, 0x00000007a8000000, 0x00000007a8000000)
  eden space 87424K,   0% used [0x00000007a0000000, 0x00000007a0000000, 0x00000007a5560000)
  from space 21824K, 100% used [0x00000007a6ab0000, 0x00000007a8000000, 0x00000007a8000000)
  to   space 21824K,   0% used [0x00000007a5560000, 0x00000007a5560000, 0x00000007a6ab0000)
 concurrent mark-sweep generation total 393216K, used 185041K [0x00000007a8000000, 0x00000007c0000000, 0x00000007c0000000)
 Metaspace       used 34290K, capacity 34772K, committed 35452K, reserved 1081344K
  class space    used 4014K, capacity 4169K, committed 4220K, reserved 1048576K
}
2016-10-24T04:53:54.006+0800: 389.355: Total time for which application threads were stopped: 0.0117366 seconds, Stopping threads took: 0.0000269 seconds
{Heap before GC invocations=305 (full 18):
 par new generation   total 109248K, used 109248K [0x00000007a0000000, 0x00000007a8000000, 0x00000007a8000000)
  eden space 87424K, 100% used [0x00000007a0000000, 0x00000007a5560000, 0x00000007a5560000)
  from space 21824K, 100% used [0x00000007a6ab0000, 0x00000007a8000000, 0x00000007a8000000)
  to   space 21824K,   0% used [0x00000007a5560000, 0x00000007a5560000, 0x00000007a6ab0000)
 concurrent mark-sweep generation total 393216K, used 185041K [0x00000007a8000000, 0x00000007c0000000, 0x00000007c0000000)
 Metaspace       used 34290K, capacity 34772K, committed 35452K, reserved 1081344K
  class space    used 4014K, capacity 4169K, committed 4220K, reserved 1048576K
2016-10-24T04:53:54.223+0800: 389.572: [GC (Allocation Failure) 2016-10-24T04:53:54.223+0800: 389.572: [ParNew
Desired survivor size 20112992 bytes, new threshold 8 (max 8)
- age   1:    4127216 bytes,    4127216 total
- age   2:    2930456 bytes,    7057672 total
- age   3:    1856960 bytes,    8914632 total
- age   4:    1096648 bytes,   10011280 total
- age   5:    3563936 bytes,   13575216 total
- age   6:    3347208 bytes,   16922424 total
- age   7:    2463200 bytes,   19385624 total
: 109248K->21824K(109248K), 0.0130999 secs] 294289K->210878K(502464K), 0.0131752 secs] [Times: user=0.04 sys=0.00, real=0.01 secs] 
Heap after GC invocations=306 (full 18):
 par new generation   total 109248K, used 21824K [0x00000007a0000000, 0x00000007a8000000, 0x00000007a8000000)
  eden space 87424K,   0% used [0x00000007a0000000, 0x00000007a0000000, 0x00000007a5560000)
  from space 21824K, 100% used [0x00000007a5560000, 0x00000007a6ab0000, 0x00000007a6ab0000)
  to   space 21824K,   0% used [0x00000007a6ab0000, 0x00000007a6ab0000, 0x00000007a8000000)
 concurrent mark-sweep generation total 393216K, used 189054K [0x00000007a8000000, 0x00000007c0000000, 0x00000007c0000000)
 Metaspace       used 34290K, capacity 34772K, committed 35452K, reserved 1081344K
  class space    used 4014K, capacity 4169K, committed 4220K, reserved 1048576K
}
2016-10-24T04:53:54.236+0800: 389.585: Total time for which application threads were stopped: 0.0133458 seconds, Stopping threads took: 0.0000286 seconds
{Heap before GC invocations=306 (full 18):
 par new generation   total 109248K, used 109248K [0x00000007a0000000, 0x00000007a8000000, 0x00000007a8000000)
  eden space 87424K, 100% used [0x00000007a0000000, 0x00000007a5560000, 0x00000007a5560000)
  from space 21824K, 100% used [0x00000007a5560000, 0x00000007a6ab0000, 0x00000007a6ab0000)
  to   space 21824K,   0% used [0x00000007a6ab0000, 0x00000007a6ab0000, 0x00000007a8000000)
 concurrent mark-sweep generation total 393216K, used 189054K [0x00000007a8000000, 0x00000007c0000000, 0x00000007c0000000)
 Metaspace       used 34290K, capacity 34772K, committed 35452K, reserved 1081344K
  class space    used 4014K, capacity 4169K, committed 4220K, reserved 1048576K
2016-10-24T04:53:54.452+0800: 389.801: [GC (Allocation Failure) 2016-10-24T04:53:54.452+0800: 389.801: [ParNew
Desired survivor size 20112992 bytes, new threshold 8 (max 8)
- age   1:    5588200 bytes,    5588200 total
- age   2:    3402688 bytes,    8990888 total
- age   3:    2520704 bytes,   11511592 total
- age   4:    1517376 bytes,   13028968 total
- age   5:     978672 bytes,   14007640 total
- age   6:    2848504 bytes,   16856144 total
- age   7:    3115368 bytes,   19971512 total
- age   8:    2293296 bytes,   22264808 total
: 109248K->21824K(109248K), 0.0151237 secs] 298302K->213929K(502464K), 0.0151912 secs] [Times: user=0.05 sys=0.00, real=0.01 secs] 
Heap after GC invocations=307 (full 18):
 par new generation   total 109248K, used 21824K [0x00000007a0000000, 0x00000007a8000000, 0x00000007a8000000)
  eden space 87424K,   0% used [0x00000007a0000000, 0x00000007a0000000, 0x00000007a5560000)
  from space 21824K, 100% used [0x00000007a6ab0000, 0x00000007a8000000, 0x00000007a8000000)
  to   space 21824K,   0% used [0x00000007a5560000, 0x00000007a5560000, 0x00000007a6ab0000)
 concurrent mark-sweep generation total 393216K, used 192105K [0x00000007a8000000, 0x00000007c0000000, 0x00000007c0000000)
 Metaspace       used 34290K, capacity 34772K, committed 35452K, reserved 1081344K
  class space    used 4014K, capacity 4169K, committed 4220K, reserved 1048576K
}
2016-10-24T04:53:54.467+0800: 389.816: Total time for which application threads were stopped: 0.0153563 seconds, Stopping threads took: 0.0000272 seconds
{Heap before GC invocations=307 (full 18):
 par new generation   total 109248K, used 109248K [0x00000007a0000000, 0x00000007a8000000, 0x00000007a8000000)
  eden space 87424K, 100% used [0x00000007a0000000, 0x00000007a5560000, 0x00000007a5560000)
  from space 21824K, 100% used [0x00000007a6ab0000, 0x00000007a8000000, 0x00000007a8000000)
  to   space 21824K,   0% used [0x00000007a5560000, 0x00000007a5560000, 0x00000007a6ab0000)
 concurrent mark-sweep generation total 393216K, used 192105K [0x00000007a8000000, 0x00000007c0000000, 0x00000007c0000000)
 Metaspace       used 34290K, capacity 34772K, committed 35452K, reserved 1081344K
  class space    used 4014K, capacity 4169K, committed 4220K, reserved 1048576K
2016-10-24T04:53:54.692+0800: 390.041: [GC (Allocation Failure) 2016-10-24T04:53:54.692+0800: 390.041: [ParNew
Desired survivor size 20112992 bytes, new threshold 8 (max 8)
- age   1:    6555120 bytes,    6555120 total
- age   2:    3424472 bytes,    9979592 total
- age   3:    2593232 bytes,   12572824 total
- age   4:    2303696 bytes,   14876520 total
- age   5:    1288504 bytes,   16165024 total
- age   6:     859416 bytes,   17024440 total
- age   7:    2348408 bytes,   19372848 total
- age   8:    2670624 bytes,   22043472 total
: 109248K->21824K(109248K), 0.0173294 secs] 301353K->220016K(502464K), 0.0173982 secs] [Times: user=0.06 sys=0.00, real=0.01 secs] 
Heap after GC invocations=308 (full 18):
 par new generation   total 109248K, used 21824K [0x00000007a0000000, 0x00000007a8000000, 0x00000007a8000000)
  eden space 87424K,   0% used [0x00000007a0000000, 0x00000007a0000000, 0x00000007a5560000)
  from space 21824K, 100% used [0x00000007a5560000, 0x00000007a6ab0000, 0x00000007a6ab0000)
  to   space 21824K,   0% used [0x00000007a6ab0000, 0x00000007a6ab0000, 0x00000007a8000000)
 concurrent mark-sweep generation total 393216K, used 198192K [0x00000007a8000000, 0x00000007c0000000, 0x00000007c0000000)
 Metaspace       used 34290K, capacity 34772K, committed 35452K, reserved 1081344K
  class space    used 4014K, capacity 4169K, committed 4220K, reserved 1048576K
}
2016-10-24T04:53:54.709+0800: 390.058: Total time for which application threads were stopped: 0.0175899 seconds, Stopping threads took: 0.0000283 seconds
2016-10-24T04:53:54.710+0800: 390.059: [GC (CMS Initial Mark) [1 CMS-initial-mark: 198192K(393216K)] 221662K(502464K), 0.0035725 secs] [Times: user=0.01 sys=0.00, real=0.00 secs] 
2016-10-24T04:53:54.713+0800: 390.062: Total time for which application threads were stopped: 0.0037983 seconds, Stopping threads took: 0.0000998 seconds
2016-10-24T04:53:54.713+0800: 390.062: [CMS-concurrent-mark-start]
2016-10-24T04:53:54.723+0800: 390.072: [CMS-concurrent-mark: 0.009/0.009 secs] [Times: user=0.05 sys=0.00, real=0.01 secs] 
2016-10-24T04:53:54.723+0800: 390.072: [CMS-concurrent-preclean-start]
2016-10-24T04:53:54.724+0800: 390.073: [CMS-concurrent-preclean: 0.001/0.001 secs] [Times: user=0.00 sys=0.00, real=0.00 secs] 
2016-10-24T04:53:54.724+0800: 390.073: [CMS-concurrent-abortable-preclean-start]
2016-10-24T04:53:54.922+0800: 390.271: [CMS-concurrent-abortable-preclean: 0.198/0.199 secs] [Times: user=0.40 sys=0.00, real=0.20 secs] 
2016-10-24T04:53:54.923+0800: 390.272: [GC (CMS Final Remark) [YG occupancy: 103433 K (109248 K)]{Heap before GC invocations=308 (full 19):
 par new generation   total 109248K, used 103433K [0x00000007a0000000, 0x00000007a8000000, 0x00000007a8000000)
  eden space 87424K,  93% used [0x00000007a0000000, 0x00000007a4fb2460, 0x00000007a5560000)
  from space 21824K, 100% used [0x00000007a5560000, 0x00000007a6ab0000, 0x00000007a6ab0000)
  to   space 21824K,   0% used [0x00000007a6ab0000, 0x00000007a6ab0000, 0x00000007a8000000)
 concurrent mark-sweep generation total 393216K, used 198192K [0x00000007a8000000, 0x00000007c0000000, 0x00000007c0000000)
 Metaspace       used 34290K, capacity 34772K, committed 35452K, reserved 1081344K
  class space    used 4014K, capacity 4169K, committed 4220K, reserved 1048576K
2016-10-24T04:53:54.923+0800: 390.272: [GC (CMS Final Remark) 2016-10-24T04:53:54.923+0800: 390.272: [ParNew
Desired survivor size 20112992 bytes, new threshold 8 (max 8)
- age   1:    5248488 bytes,    5248488 total
- age   2:    3975744 bytes,    9224232 total
- age   3:    2963096 bytes,   12187328 total
- age   4:    2217480 bytes,   14404808 total
- age   5:    1985328 bytes,   16390136 total
- age   6:    1144592 bytes,   17534728 total
- age   7:     804088 bytes,   18338816 total
- age   8:    2292400 bytes,   20631216 total
: 103433K->21824K(109248K), 0.0170052 secs] 301625K->226038K(502464K), 0.0170589 secs] [Times: user=0.06 sys=0.00, real=0.02 secs] 
Heap after GC invocations=309 (full 19):
 par new generation   total 109248K, used 21824K [0x00000007a0000000, 0x00000007a8000000, 0x00000007a8000000)
  eden space 87424K,   0% used [0x00000007a0000000, 0x00000007a0000000, 0x00000007a5560000)
  from space 21824K, 100% used [0x00000007a6ab0000, 0x00000007a8000000, 0x00000007a8000000)
  to   space 21824K,   0% used [0x00000007a5560000, 0x00000007a5560000, 0x00000007a6ab0000)
 concurrent mark-sweep generation total 393216K, used 204214K [0x00000007a8000000, 0x00000007c0000000, 0x00000007c0000000)
 Metaspace       used 34290K, capacity 34772K, committed 35452K, reserved 1081344K
  class space    used 4014K, capacity 4169K, committed 4220K, reserved 1048576K
}
2016-10-24T04:53:54.940+0800: 390.289: [Rescan (parallel) , 0.0055053 secs]2016-10-24T04:53:54.945+0800: 390.294: [weak refs processing, 0.0009708 secs]2016-10-24T04:53:54.946+0800: 390.295: [class unloading, 0.0068144 secs]2016-10-24T04:53:54.953+0800: 390.302: [scrub symbol table, 0.0039699 secs]2016-10-24T04:53:54.957+0800: 390.306: [scrub string table, 0.0004445 secs][1 CMS-remark: 204214K(393216K)] 226038K(502464K), 0.0350820 secs] [Times: user=0.09 sys=0.00, real=0.03 secs] 
2016-10-24T04:53:54.958+0800: 390.307: Total time for which application threads were stopped: 0.0353109 seconds, Stopping threads took: 0.0000913 seconds
2016-10-24T04:53:54.958+0800: 390.307: [CMS-concurrent-sweep-start]
2016-10-24T04:53:55.087+0800: 390.436: [CMS-concurrent-sweep: 0.129/0.129 secs] [Times: user=0.26 sys=0.00, real=0.13 secs] 
2016-10-24T04:53:55.087+0800: 390.436: [CMS-concurrent-reset-start]
2016-10-24T04:53:55.087+0800: 390.436: [CMS-concurrent-reset: 0.000/0.000 secs] [Times: user=0.00 sys=0.00, real=0.00 secs] 
{Heap before GC invocations=309 (full 19):
 par new generation   total 109248K, used 109248K [0x00000007a0000000, 0x00000007a8000000, 0x00000007a8000000)
  eden space 87424K, 100% used [0x00000007a0000000, 0x00000007a5560000, 0x00000007a5560000)
  from space 21824K, 100% used [0x00000007a6ab0000, 0x00000007a8000000, 0x00000007a8000000)
  to   space 21824K,   0% used [0x00000007a5560000, 0x00000007a5560000, 0x00000007a6ab0000)
 concurrent mark-sweep generation total 393216K, used 103157K [0x00000007a8000000, 0x00000007c0000000, 0x00000007c0000000)
 Metaspace       used 34290K, capacity 34772K, committed 35452K, reserved 1081344K
  class space    used 4014K, capacity 4169K, committed 4220K, reserved 1048576K
2016-10-24T04:53:55.190+0800: 390.539: [GC (Allocation Failure) 2016-10-24T04:53:55.190+0800: 390.539: [ParNew
Desired survivor size 20112992 bytes, new threshold 8 (max 8)
- age   1:    7635056 bytes,    7635056 total
- age   2:    2876048 bytes,   10511104 total
- age   3:    2972728 bytes,   13483832 total
- age   4:    1979128 bytes,   15462960 total
- age   5:    1832992 bytes,   17295952 total
- age   6:    1656584 bytes,   18952536 total
- age   7:     985160 bytes,   19937696 total
- age   8:     747096 bytes,   20684792 total
: 109248K->21824K(109248K), 0.0160047 secs] 212405K->130941K(502464K), 0.0160808 secs] [Times: user=0.06 sys=0.00, real=0.01 secs] 
Heap after GC invocations=310 (full 19):
 par new generation   total 109248K, used 21824K [0x00000007a0000000, 0x00000007a8000000, 0x00000007a8000000)
  eden space 87424K,   0% used [0x00000007a0000000, 0x00000007a0000000, 0x00000007a5560000)
  from space 21824K, 100% used [0x00000007a5560000, 0x00000007a6ab0000, 0x00000007a6ab0000)
  to   space 21824K,   0% used [0x00000007a6ab0000, 0x00000007a6ab0000, 0x00000007a8000000)
 concurrent mark-sweep generation total 393216K, used 109117K [0x00000007a8000000, 0x00000007c0000000, 0x00000007c0000000)
 Metaspace       used 34290K, capacity 34772K, committed 35452K, reserved 1081344K
  class space    used 4014K, capacity 4169K, committed 4220K, reserved 1048576K
}
2016-10-24T04:53:55.206+0800: 390.555: Total time for which application threads were stopped: 0.0162544 seconds, Stopping threads took: 0.0000289 seconds
{Heap before GC invocations=310 (full 19):
 par new generation   total 109248K, used 109248K [0x00000007a0000000, 0x00000007a8000000, 0x00000007a8000000)
  eden space 87424K, 100% used [0x00000007a0000000, 0x00000007a5560000, 0x00000007a5560000)
  from space 21824K, 100% used [0x00000007a5560000, 0x00000007a6ab0000, 0x00000007a6ab0000)
  to   space 21824K,   0% used [0x00000007a6ab0000, 0x00000007a6ab0000, 0x00000007a8000000)
 concurrent mark-sweep generation total 393216K, used 109117K [0x00000007a8000000, 0x00000007c0000000, 0x00000007c0000000)
 Metaspace       used 34290K, capacity 34772K, committed 35452K, reserved 1081344K
  class space    used 4014K, capacity 4169K, committed 4220K, reserved 1048576K
2016-10-24T04:53:55.424+0800: 390.773: [GC (Allocation Failure) 2016-10-24T04:53:55.424+0800: 390.773: [ParNew
Desired survivor size 20112992 bytes, new threshold 7 (max 8)
- age   1:    6835992 bytes,    6835992 total
- age   2:    3975704 bytes,   10811696 total
- age   3:    2461744 bytes,   13273440 total
- age   4:    2621360 bytes,   15894800 total
- age   5:    1660288 bytes,   17555088 total
- age   6:    1570552 bytes,   19125640 total
- age   7:    1430120 bytes,   20555760 total
- age   8:     843480 bytes,   21399240 total
: 109248K->21824K(109248K), 0.0188846 secs] 218365K->137071K(502464K), 0.0189472 secs] [Times: user=0.07 sys=0.00, real=0.02 secs] 
Heap after GC invocations=311 (full 19):
 par new generation   total 109248K, used 21824K [0x00000007a0000000, 0x00000007a8000000, 0x00000007a8000000)
  eden space 87424K,   0% used [0x00000007a0000000, 0x00000007a0000000, 0x00000007a5560000)
  from space 21824K, 100% used [0x00000007a6ab0000, 0x00000007a8000000, 0x00000007a8000000)
  to   space 21824K,   0% used [0x00000007a5560000, 0x00000007a5560000, 0x00000007a6ab0000)
 concurrent mark-sweep generation total 393216K, used 115247K [0x00000007a8000000, 0x00000007c0000000, 0x00000007c0000000)
 Metaspace       used 34290K, capacity 34772K, committed 35452K, reserved 1081344K
  class space    used 4014K, capacity 4169K, committed 4220K, reserved 1048576K
}
2016-10-24T04:53:55.443+0800: 390.792: Total time for which application threads were stopped: 0.0191156 seconds, Stopping threads took: 0.0000296 seconds
{Heap before GC invocations=311 (full 19):
 par new generation   total 109248K, used 109248K [0x00000007a0000000, 0x00000007a8000000, 0x00000007a8000000)
  eden space 87424K, 100% used [0x00000007a0000000, 0x00000007a5560000, 0x00000007a5560000)
  from space 21824K, 100% used [0x00000007a6ab0000, 0x00000007a8000000, 0x00000007a8000000)
  to   space 21824K,   0% used [0x00000007a5560000, 0x00000007a5560000, 0x00000007a6ab0000)
 concurrent mark-sweep generation total 393216K, used 115247K [0x00000007a8000000, 0x00000007c0000000, 0x00000007c0000000)
 Metaspace       used 34290K, capacity 34772K, committed 35452K, reserved 1081344K
  class space    used 4014K, capacity 4169K, committed 4220K, reserved 1048576K
2016-10-24T04:53:55.660+0800: 391.009: [GC (Allocation Failure) 2016-10-24T04:53:55.660+0800: 391.009: [ParNew
Desired survivor size 20112992 bytes, new threshold 7 (max 8)
- age   1:    7965608 bytes,    7965608 total
- age   2:    4341224 bytes,   12306832 total
- age   3:    2365776 bytes,   14672608 total
- age   4:    1783224 bytes,   16455832 total
- age   5:    2092224 bytes,   18548056 total
- age   6:    1416000 bytes,   19964056 total
- age   7:    1397768 bytes,   21361824 total
: 109248K->21824K(109248K), 0.0213505 secs] 224495K->144173K(502464K), 0.0214334 secs] [Times: user=0.07 sys=0.00, real=0.02 secs] 
Heap after GC invocations=312 (full 19):
 par new generation   total 109248K, used 21824K [0x00000007a0000000, 0x00000007a8000000, 0x00000007a8000000)
  eden space 87424K,   0% used [0x00000007a0000000, 0x00000007a0000000, 0x00000007a5560000)
  from space 21824K, 100% used [0x00000007a5560000, 0x00000007a6ab0000, 0x00000007a6ab0000)
  to   space 21824K,   0% used [0x00000007a6ab0000, 0x00000007a6ab0000, 0x00000007a8000000)
 concurrent mark-sweep generation total 393216K, used 122349K [0x00000007a8000000, 0x00000007c0000000, 0x00000007c0000000)
 Metaspace       used 34290K, capacity 34772K, committed 35452K, reserved 1081344K
  class space    used 4014K, capacity 4169K, committed 4220K, reserved 1048576K
}
2016-10-24T04:53:55.681+0800: 391.030: Total time for which application threads were stopped: 0.0216170 seconds, Stopping threads took: 0.0000242 seconds
{Heap before GC invocations=312 (full 19):
 par new generation   total 109248K, used 109248K [0x00000007a0000000, 0x00000007a8000000, 0x00000007a8000000)
  eden space 87424K, 100% used [0x00000007a0000000, 0x00000007a5560000, 0x00000007a5560000)
  from space 21824K, 100% used [0x00000007a5560000, 0x00000007a6ab0000, 0x00000007a6ab0000)
  to   space 21824K,   0% used [0x00000007a6ab0000, 0x00000007a6ab0000, 0x00000007a8000000)
 concurrent mark-sweep generation total 393216K, used 122349K [0x00000007a8000000, 0x00000007c0000000, 0x00000007c0000000)
 Metaspace       used 34290K, capacity 34772K, committed 35452K, reserved 1081344K
  class space    used 4014K, capacity 4169K, committed 4220K, reserved 1048576K
2016-10-24T04:53:55.892+0800: 391.241: [GC (Allocation Failure) 2016-10-24T04:53:55.892+0800: 391.241: [ParNew
Desired survivor size 20112992 bytes, new threshold 7 (max 8)
- age   1:    7559200 bytes,    7559200 total
- age   2:    3136408 bytes,   10695608 total
- age   3:    3952088 bytes,   14647696 total
- age   4:    2091080 bytes,   16738776 total
- age   5:    1591208 bytes,   18329984 total
- age   6:    1417064 bytes,   19747048 total
- age   7:    1283728 bytes,   21030776 total
: 109248K->21824K(109248K), 0.0214590 secs] 231597K->149754K(502464K), 0.0215271 secs] [Times: user=0.07 sys=0.00, real=0.02 secs] 
Heap after GC invocations=313 (full 19):
 par new generation   total 109248K, used 21824K [0x00000007a0000000, 0x00000007a8000000, 0x00000007a8000000)
  eden space 87424K,   0% used [0x00000007a0000000, 0x00000007a0000000, 0x00000007a5560000)
  from space 21824K, 100% used [0x00000007a6ab0000, 0x00000007a8000000, 0x00000007a8000000)
  to   space 21824K,   0% used [0x00000007a5560000, 0x00000007a5560000, 0x00000007a6ab0000)
 concurrent mark-sweep generation total 393216K, used 127930K [0x00000007a8000000, 0x00000007c0000000, 0x00000007c0000000)
 Metaspace       used 34290K, capacity 34772K, committed 35452K, reserved 1081344K
  class space    used 4014K, capacity 4169K, committed 4220K, reserved 1048576K
}
2016-10-24T04:53:55.913+0800: 391.262: Total time for which application threads were stopped: 0.0217075 seconds, Stopping threads took: 0.0000314 seconds
{Heap before GC invocations=313 (full 19):
 par new generation   total 109248K, used 109248K [0x00000007a0000000, 0x00000007a8000000, 0x00000007a8000000)
  eden space 87424K, 100% used [0x00000007a0000000, 0x00000007a5560000, 0x00000007a5560000)
  from space 21824K, 100% used [0x00000007a6ab0000, 0x00000007a8000000, 0x00000007a8000000)
  to   space 21824K,   0% used [0x00000007a5560000, 0x00000007a5560000, 0x00000007a6ab0000)
 concurrent mark-sweep generation total 393216K, used 127930K [0x00000007a8000000, 0x00000007c0000000, 0x00000007c0000000)
 Metaspace       used 34290K, capacity 34772K, committed 35452K, reserved 1081344K
  class space    used 4014K, capacity 4169K, committed 4220K, reserved 1048576K
2016-10-24T04:53:56.128+0800: 391.477: [GC (Allocation Failure) 2016-10-24T04:53:56.128+0800: 391.477: [ParNew
Desired survivor size 20112992 bytes, new threshold 6 (max 8)
- age   1:    8528344 bytes,    8528344 total
- age   2:    2819232 bytes,   11347576 total
- age   3:    2574280 bytes,   13921856 total
- age   4:    3721392 bytes,   17643248 total
- age   5:    1922752 bytes,   19566000 total
- age   6:    1474472 bytes,   21040472 total
- age   7:    1306784 bytes,   22347256 total
: 109248K->21824K(109248K), 0.0205641 secs] 237178K->154082K(502464K), 0.0206363 secs] [Times: user=0.07 sys=0.00, real=0.02 secs] 
Heap after GC invocations=314 (full 19):
 par new generation   total 109248K, used 21824K [0x00000007a0000000, 0x00000007a8000000, 0x00000007a8000000)
  eden space 87424K,   0% used [0x00000007a0000000, 0x00000007a0000000, 0x00000007a5560000)
  from space 21824K, 100% used [0x00000007a5560000, 0x00000007a6ab0000, 0x00000007a6ab0000)
  to   space 21824K,   0% used [0x00000007a6ab0000, 0x00000007a6ab0000, 0x00000007a8000000)
 concurrent mark-sweep generation total 393216K, used 132258K [0x00000007a8000000, 0x00000007c0000000, 0x00000007c0000000)
 Metaspace       used 34290K, capacity 34772K, committed 35452K, reserved 1081344K
  class space    used 4014K, capacity 4169K, committed 4220K, reserved 1048576K
}
2016-10-24T04:53:56.149+0800: 391.498: Total time for which application threads were stopped: 0.0208109 seconds, Stopping threads took: 0.0000227 seconds
{Heap before GC invocations=314 (full 19):
 par new generation   total 109248K, used 108953K [0x00000007a0000000, 0x00000007a8000000, 0x00000007a8000000)
  eden space 87424K,  99% used [0x00000007a0000000, 0x00000007a5516508, 0x00000007a5560000)
  from space 21824K, 100% used [0x00000007a5560000, 0x00000007a6ab0000, 0x00000007a6ab0000)
  to   space 21824K,   0% used [0x00000007a6ab0000, 0x00000007a6ab0000, 0x00000007a8000000)
 concurrent mark-sweep generation total 393216K, used 132258K [0x00000007a8000000, 0x00000007c0000000, 0x00000007c0000000)
 Metaspace       used 34290K, capacity 34772K, committed 35452K, reserved 1081344K
  class space    used 4014K, capacity 4169K, committed 4220K, reserved 1048576K
2016-10-24T04:53:56.363+0800: 391.712: [GC (Allocation Failure) 2016-10-24T04:53:56.363+0800: 391.712: [ParNew
Desired survivor size 20112992 bytes, new threshold 6 (max 8)
- age   1:    6263688 bytes,    6263688 total
- age   2:    5534720 bytes,   11798408 total
- age   3:    2507520 bytes,   14305928 total
- age   4:    2257000 bytes,   16562928 total
- age   5:    3525776 bytes,   20088704 total
- age   6:    1254128 bytes,   21342832 total
: 108953K->21824K(109248K), 0.0211514 secs] 241212K->162515K(502464K), 0.0212227 secs] [Times: user=0.08 sys=0.00, real=0.02 secs] 
Heap after GC invocations=315 (full 19):
 par new generation   total 109248K, used 21824K [0x00000007a0000000, 0x00000007a8000000, 0x00000007a8000000)
  eden space 87424K,   0% used [0x00000007a0000000, 0x00000007a0000000, 0x00000007a5560000)
  from space 21824K, 100% used [0x00000007a6ab0000, 0x00000007a8000000, 0x00000007a8000000)
  to   space 21824K,   0% used [0x00000007a5560000, 0x00000007a5560000, 0x00000007a6ab0000)
 concurrent mark-sweep generation total 393216K, used 140691K [0x00000007a8000000, 0x00000007c0000000, 0x00000007c0000000)
 Metaspace       used 34290K, capacity 34772K, committed 35452K, reserved 1081344K
  class space    used 4014K, capacity 4169K, committed 4220K, reserved 1048576K
}
2016-10-24T04:53:56.384+0800: 391.733: Total time for which application threads were stopped: 0.0213991 seconds, Stopping threads took: 0.0000313 seconds
{Heap before GC invocations=315 (full 19):
 par new generation   total 109248K, used 109248K [0x00000007a0000000, 0x00000007a8000000, 0x00000007a8000000)
  eden space 87424K, 100% used [0x00000007a0000000, 0x00000007a5560000, 0x00000007a5560000)
  from space 21824K, 100% used [0x00000007a6ab0000, 0x00000007a8000000, 0x00000007a8000000)
  to   space 21824K,   0% used [0x00000007a5560000, 0x00000007a5560000, 0x00000007a6ab0000)
 concurrent mark-sweep generation total 393216K, used 140691K [0x00000007a8000000, 0x00000007c0000000, 0x00000007c0000000)
 Metaspace       used 34290K, capacity 34772K, committed 35452K, reserved 1081344K
  class space    used 4014K, capacity 4169K, committed 4220K, reserved 1048576K
2016-10-24T04:53:56.599+0800: 391.948: [GC (Allocation Failure) 2016-10-24T04:53:56.599+0800: 391.948: [ParNew
Desired survivor size 20112992 bytes, new threshold 6 (max 8)
- age   1:    6699944 bytes,    6699944 total
- age   2:    4846752 bytes,   11546696 total
- age   3:    2591104 bytes,   14137800 total
- age   4:    2118536 bytes,   16256336 total
- age   5:    2102256 bytes,   18358592 total
- age   6:    3415312 bytes,   21773904 total
: 109248K->21824K(109248K), 0.0205833 secs] 249939K->167260K(502464K), 0.0206496 secs] [Times: user=0.07 sys=0.00, real=0.02 secs] 
Heap after GC invocations=316 (full 19):
 par new generation   total 109248K, used 21824K [0x00000007a0000000, 0x00000007a8000000, 0x00000007a8000000)
  eden space 87424K,   0% used [0x00000007a0000000, 0x00000007a0000000, 0x00000007a5560000)
  from space 21824K, 100% used [0x00000007a5560000, 0x00000007a6ab0000, 0x00000007a6ab0000)
  to   space 21824K,   0% used [0x00000007a6ab0000, 0x00000007a6ab0000, 0x00000007a8000000)
 concurrent mark-sweep generation total 393216K, used 145436K [0x00000007a8000000, 0x00000007c0000000, 0x00000007c0000000)
 Metaspace       used 34290K, capacity 34772K, committed 35452K, reserved 1081344K
  class space    used 4014K, capacity 4169K, committed 4220K, reserved 1048576K
}
2016-10-24T04:53:56.619+0800: 391.968: Total time for which application threads were stopped: 0.0208213 seconds, Stopping threads took: 0.0000228 seconds
{Heap before GC invocations=316 (full 19):
 par new generation   total 109248K, used 109248K [0x00000007a0000000, 0x00000007a8000000, 0x00000007a8000000)
  eden space 87424K, 100% used [0x00000007a0000000, 0x00000007a5560000, 0x00000007a5560000)
  from space 21824K, 100% used [0x00000007a5560000, 0x00000007a6ab0000, 0x00000007a6ab0000)
  to   space 21824K,   0% used [0x00000007a6ab0000, 0x00000007a6ab0000, 0x00000007a8000000)
 concurrent mark-sweep generation total 393216K, used 145436K [0x00000007a8000000, 0x00000007c0000000, 0x00000007c0000000)
 Metaspace       used 34290K, capacity 34772K, committed 35452K, reserved 1081344K
  class space    used 4014K, capacity 4169K, committed 4220K, reserved 1048576K
2016-10-24T04:53:56.831+0800: 392.180: [GC (Allocation Failure) 2016-10-24T04:53:56.831+0800: 392.180: [ParNew
Desired survivor size 20112992 bytes, new threshold 5 (max 8)
- age   1:    8832920 bytes,    8832920 total
- age   2:    3817520 bytes,   12650440 total
- age   3:    3822280 bytes,   16472720 total
- age   4:    2161760 bytes,   18634480 total
- age   5:    1856280 bytes,   20490760 total
- age   6:    1821584 bytes,   22312344 total
: 109248K->21824K(109248K), 0.0216259 secs] 254684K->174847K(502464K), 0.0217040 secs] [Times: user=0.08 sys=0.00, real=0.02 secs] 
Heap after GC invocations=317 (full 19):
 par new generation   total 109248K, used 21824K [0x00000007a0000000, 0x00000007a8000000, 0x00000007a8000000)
  eden space 87424K,   0% used [0x00000007a0000000, 0x00000007a0000000, 0x00000007a5560000)
  from space 21824K, 100% used [0x00000007a6ab0000, 0x00000007a8000000, 0x00000007a8000000)
  to   space 21824K,   0% used [0x00000007a5560000, 0x00000007a5560000, 0x00000007a6ab0000)
 concurrent mark-sweep generation total 393216K, used 153023K [0x00000007a8000000, 0x00000007c0000000, 0x00000007c0000000)
 Metaspace       used 34290K, capacity 34772K, committed 35452K, reserved 1081344K
  class space    used 4014K, capacity 4169K, committed 4220K, reserved 1048576K
}
2016-10-24T04:53:56.853+0800: 392.202: Total time for which application threads were stopped: 0.0218839 seconds, Stopping threads took: 0.0000308 seconds
{Heap before GC invocations=317 (full 19):
 par new generation   total 109248K, used 109248K [0x00000007a0000000, 0x00000007a8000000, 0x00000007a8000000)
  eden space 87424K, 100% used [0x00000007a0000000, 0x00000007a5560000, 0x00000007a5560000)
  from space 21824K, 100% used [0x00000007a6ab0000, 0x00000007a8000000, 0x00000007a8000000)
  to   space 21824K,   0% used [0x00000007a5560000, 0x00000007a5560000, 0x00000007a6ab0000)
 concurrent mark-sweep generation total 393216K, used 153023K [0x00000007a8000000, 0x00000007c0000000, 0x00000007c0000000)
 Metaspace       used 34290K, capacity 34772K, committed 35452K, reserved 1081344K
  class space    used 4014K, capacity 4169K, committed 4220K, reserved 1048576K
2016-10-24T04:53:57.084+0800: 392.433: [GC (Allocation Failure) 2016-10-24T04:53:57.084+0800: 392.433: [ParNew
Desired survivor size 20112992 bytes, new threshold 5 (max 8)
- age   1:    8783536 bytes,    8783536 total
- age   2:    4084792 bytes,   12868328 total
- age   3:    3426152 bytes,   16294480 total
- age   4:    3642920 bytes,   19937400 total
- age   5:    1978544 bytes,   21915944 total
: 109248K->21824K(109248K), 0.0222957 secs] 262271K->185084K(502464K), 0.0223710 secs] [Times: user=0.08 sys=0.00, real=0.02 secs] 
Heap after GC invocations=318 (full 19):
 par new generation   total 109248K, used 21824K [0x00000007a0000000, 0x00000007a8000000, 0x00000007a8000000)
  eden space 87424K,   0% used [0x00000007a0000000, 0x00000007a0000000, 0x00000007a5560000)
  from space 21824K, 100% used [0x00000007a5560000, 0x00000007a6ab0000, 0x00000007a6ab0000)
  to   space 21824K,   0% used [0x00000007a6ab0000, 0x00000007a6ab0000, 0x00000007a8000000)
 concurrent mark-sweep generation total 393216K, used 163260K [0x00000007a8000000, 0x00000007c0000000, 0x00000007c0000000)
 Metaspace       used 34290K, capacity 34772K, committed 35452K, reserved 1081344K
  class space    used 4014K, capacity 4169K, committed 4220K, reserved 1048576K
}
2016-10-24T04:53:57.106+0800: 392.455: Total time for which application threads were stopped: 0.0226048 seconds, Stopping threads took: 0.0000375 seconds
{Heap before GC invocations=318 (full 19):
 par new generation   total 109248K, used 109248K [0x00000007a0000000, 0x00000007a8000000, 0x00000007a8000000)
  eden space 87424K, 100% used [0x00000007a0000000, 0x00000007a5560000, 0x00000007a5560000)
  from space 21824K, 100% used [0x00000007a5560000, 0x00000007a6ab0000, 0x00000007a6ab0000)
  to   space 21824K,   0% used [0x00000007a6ab0000, 0x00000007a6ab0000, 0x00000007a8000000)
 concurrent mark-sweep generation total 393216K, used 163260K [0x00000007a8000000, 0x00000007c0000000, 0x00000007c0000000)
 Metaspace       used 34290K, capacity 34772K, committed 35452K, reserved 1081344K
  class space    used 4014K, capacity 4169K, committed 4220K, reserved 1048576K
2016-10-24T04:53:57.350+0800: 392.699: [GC (Allocation Failure) 2016-10-24T04:53:57.350+0800: 392.699: [ParNew
Desired survivor size 20112992 bytes, new threshold 5 (max 8)
- age   1:    4116776 bytes,    4116776 total
- age   2:    7972008 bytes,   12088784 total
- age   3:    2305272 bytes,   14394056 total
- age   4:    2931048 bytes,   17325104 total
- age   5:    3457904 bytes,   20783008 total
: 109248K->21824K(109248K), 0.0218707 secs] 272508K->192153K(502464K), 0.0219368 secs] [Times: user=0.08 sys=0.00, real=0.02 secs] 
Heap after GC invocations=319 (full 19):
 par new generation   total 109248K, used 21824K [0x00000007a0000000, 0x00000007a8000000, 0x00000007a8000000)
  eden space 87424K,   0% used [0x00000007a0000000, 0x00000007a0000000, 0x00000007a5560000)
  from space 21824K, 100% used [0x00000007a6ab0000, 0x00000007a8000000, 0x00000007a8000000)
  to   space 21824K,   0% used [0x00000007a5560000, 0x00000007a5560000, 0x00000007a6ab0000)
 concurrent mark-sweep generation total 393216K, used 170329K [0x00000007a8000000, 0x00000007c0000000, 0x00000007c0000000)
 Metaspace       used 34290K, capacity 34772K, committed 35452K, reserved 1081344K
  class space    used 4014K, capacity 4169K, committed 4220K, reserved 1048576K
}
2016-10-24T04:53:57.372+0800: 392.721: Total time for which application threads were stopped: 0.0221057 seconds, Stopping threads took: 0.0000293 seconds
{Heap before GC invocations=319 (full 19):
 par new generation   total 109248K, used 109248K [0x00000007a0000000, 0x00000007a8000000, 0x00000007a8000000)
  eden space 87424K, 100% used [0x00000007a0000000, 0x00000007a5560000, 0x00000007a5560000)
  from space 21824K, 100% used [0x00000007a6ab0000, 0x00000007a8000000, 0x00000007a8000000)
  to   space 21824K,   0% used [0x00000007a5560000, 0x00000007a5560000, 0x00000007a6ab0000)
 concurrent mark-sweep generation total 393216K, used 170329K [0x00000007a8000000, 0x00000007c0000000, 0x00000007c0000000)
 Metaspace       used 34290K, capacity 34772K, committed 35452K, reserved 1081344K
  class space    used 4014K, capacity 4169K, committed 4220K, reserved 1048576K
2016-10-24T04:53:57.596+0800: 392.945: [GC (Allocation Failure) 2016-10-24T04:53:57.596+0800: 392.945: [ParNew
Desired survivor size 20112992 bytes, new threshold 8 (max 8)
- age   1:    6785416 bytes,    6785416 total
- age   2:    3711728 bytes,   10497144 total
- age   3:    4105664 bytes,   14602808 total
- age   4:    2216392 bytes,   16819200 total
- age   5:    2851864 bytes,   19671064 total
: 109248K->21824K(109248K), 0.0205801 secs] 279577K->201441K(502464K), 0.0206441 secs] [Times: user=0.07 sys=0.00, real=0.02 secs] 
Heap after GC invocations=320 (full 19):
 par new generation   total 109248K, used 21824K [0x00000007a0000000, 0x00000007a8000000, 0x00000007a8000000)
  eden space 87424K,   0% used [0x00000007a0000000, 0x00000007a0000000, 0x00000007a5560000)
  from space 21824K, 100% used [0x00000007a5560000, 0x00000007a6ab0000, 0x00000007a6ab0000)
  to   space 21824K,   0% used [0x00000007a6ab0000, 0x00000007a6ab0000, 0x00000007a8000000)
 concurrent mark-sweep generation total 393216K, used 179617K [0x00000007a8000000, 0x00000007c0000000, 0x00000007c0000000)
 Metaspace       used 34290K, capacity 34772K, committed 35452K, reserved 1081344K
  class space    used 4014K, capacity 4169K, committed 4220K, reserved 1048576K
}
2016-10-24T04:53:57.616+0800: 392.965: Total time for which application threads were stopped: 0.0208214 seconds, Stopping threads took: 0.0000324 seconds
{Heap before GC invocations=320 (full 19):
 par new generation   total 109248K, used 109248K [0x00000007a0000000, 0x00000007a8000000, 0x00000007a8000000)
  eden space 87424K, 100% used [0x00000007a0000000, 0x00000007a5560000, 0x00000007a5560000)
  from space 21824K, 100% used [0x00000007a5560000, 0x00000007a6ab0000, 0x00000007a6ab0000)
  to   space 21824K,   0% used [0x00000007a6ab0000, 0x00000007a6ab0000, 0x00000007a8000000)
 concurrent mark-sweep generation total 393216K, used 179617K [0x00000007a8000000, 0x00000007c0000000, 0x00000007c0000000)
 Metaspace       used 34290K, capacity 34772K, committed 35452K, reserved 1081344K
  class space    used 4014K, capacity 4169K, committed 4220K, reserved 1048576K
2016-10-24T04:53:57.848+0800: 393.197: [GC (Allocation Failure) 2016-10-24T04:53:57.848+0800: 393.197: [ParNew
Desired survivor size 20112992 bytes, new threshold 6 (max 8)
- age   1:    4564528 bytes,    4564528 total
- age   2:    6305896 bytes,   10870424 total
- age   3:    1974880 bytes,   12845304 total
- age   4:    3703592 bytes,   16548896 total
- age   5:    1637448 bytes,   18186344 total
- age   6:    2264376 bytes,   20450720 total
: 109248K->21824K(109248K), 0.0222666 secs] 288865K->205630K(502464K), 0.0223319 secs] [Times: user=0.08 sys=0.00, real=0.03 secs] 
Heap after GC invocations=321 (full 19):
 par new generation   total 109248K, used 21824K [0x00000007a0000000, 0x00000007a8000000, 0x00000007a8000000)
  eden space 87424K,   0% used [0x00000007a0000000, 0x00000007a0000000, 0x00000007a5560000)
  from space 21824K, 100% used [0x00000007a6ab0000, 0x00000007a8000000, 0x00000007a8000000)
  to   space 21824K,   0% used [0x00000007a5560000, 0x00000007a5560000, 0x00000007a6ab0000)
 concurrent mark-sweep generation total 393216K, used 183806K [0x00000007a8000000, 0x00000007c0000000, 0x00000007c0000000)
 Metaspace       used 34290K, capacity 34772K, committed 35452K, reserved 1081344K
  class space    used 4014K, capacity 4169K, committed 4220K, reserved 1048576K
}
2016-10-24T04:53:57.870+0800: 393.219: Total time for which application threads were stopped: 0.0225071 seconds, Stopping threads took: 0.0000304 seconds
{Heap before GC invocations=321 (full 19):
 par new generation   total 109248K, used 109248K [0x00000007a0000000, 0x00000007a8000000, 0x00000007a8000000)
  eden space 87424K, 100% used [0x00000007a0000000, 0x00000007a5560000, 0x00000007a5560000)
  from space 21824K, 100% used [0x00000007a6ab0000, 0x00000007a8000000, 0x00000007a8000000)
  to   space 21824K,   0% used [0x00000007a5560000, 0x00000007a5560000, 0x00000007a6ab0000)
 concurrent mark-sweep generation total 393216K, used 183806K [0x00000007a8000000, 0x00000007c0000000, 0x00000007c0000000)
 Metaspace       used 34290K, capacity 34772K, committed 35452K, reserved 1081344K
  class space    used 4014K, capacity 4169K, committed 4220K, reserved 1048576K
2016-10-24T04:53:58.091+0800: 393.440: [GC (Allocation Failure) 2016-10-24T04:53:58.091+0800: 393.440: [ParNew
Desired survivor size 20112992 bytes, new threshold 5 (max 8)
- age   1:    9576320 bytes,    9576320 total
- age   2:    3881008 bytes,   13457328 total
- age   3:    2283304 bytes,   15740632 total
- age   4:    1737264 bytes,   17477896 total
- age   5:    3467312 bytes,   20945208 total
- age   6:    1400360 bytes,   22345568 total
: 109248K->21824K(109248K), 0.0241243 secs] 293054K->212422K(502464K), 0.0241870 secs] [Times: user=0.09 sys=0.00, real=0.02 secs] 
Heap after GC invocations=322 (full 19):
 par new generation   total 109248K, used 21824K [0x00000007a0000000, 0x00000007a8000000, 0x00000007a8000000)
  eden space 87424K,   0% used [0x00000007a0000000, 0x00000007a0000000, 0x00000007a5560000)
  from space 21824K, 100% used [0x00000007a5560000, 0x00000007a6ab0000, 0x00000007a6ab0000)
  to   space 21824K,   0% used [0x00000007a6ab0000, 0x00000007a6ab0000, 0x00000007a8000000)
 concurrent mark-sweep generation total 393216K, used 190598K [0x00000007a8000000, 0x00000007c0000000, 0x00000007c0000000)
 Metaspace       used 34290K, capacity 34772K, committed 35452K, reserved 1081344K
  class space    used 4014K, capacity 4169K, committed 4220K, reserved 1048576K
}
2016-10-24T04:53:58.115+0800: 393.464: Total time for which application threads were stopped: 0.0243705 seconds, Stopping threads took: 0.0000231 seconds
{Heap before GC invocations=322 (full 19):
 par new generation   total 109248K, used 107586K [0x00000007a0000000, 0x00000007a8000000, 0x00000007a8000000)
  eden space 87424K,  98% used [0x00000007a0000000, 0x00000007a53c0970, 0x00000007a5560000)
  from space 21824K, 100% used [0x00000007a5560000, 0x00000007a6ab0000, 0x00000007a6ab0000)
  to   space 21824K,   0% used [0x00000007a6ab0000, 0x00000007a6ab0000, 0x00000007a8000000)
 concurrent mark-sweep generation total 393216K, used 190598K [0x00000007a8000000, 0x00000007c0000000, 0x00000007c0000000)
 Metaspace       used 34290K, capacity 34772K, committed 35452K, reserved 1081344K
  class space    used 4014K, capacity 4169K, committed 4220K, reserved 1048576K
2016-10-24T04:53:58.340+0800: 393.689: [GC (Allocation Failure) 2016-10-24T04:53:58.340+0800: 393.689: [ParNew
Desired survivor size 20112992 bytes, new threshold 8 (max 8)
- age   1:    5425064 bytes,    5425064 total
- age   2:    8626400 bytes,   14051464 total
- age   3:    2013808 bytes,   16065272 total
- age   4:    2183640 bytes,   18248912 total
- age   5:    1451192 bytes,   19700104 total
: 107586K->21824K(109248K), 0.0211423 secs] 298184K->219745K(502464K), 0.0212062 secs] [Times: user=0.08 sys=0.01, real=0.02 secs] 
Heap after GC invocations=323 (full 19):
 par new generation   total 109248K, used 21824K [0x00000007a0000000, 0x00000007a8000000, 0x00000007a8000000)
  eden space 87424K,   0% used [0x00000007a0000000, 0x00000007a0000000, 0x00000007a5560000)
  from space 21824K, 100% used [0x00000007a6ab0000, 0x00000007a8000000, 0x00000007a8000000)
  to   space 21824K,   0% used [0x00000007a5560000, 0x00000007a5560000, 0x00000007a6ab0000)
 concurrent mark-sweep generation total 393216K, used 197921K [0x00000007a8000000, 0x00000007c0000000, 0x00000007c0000000)
 Metaspace       used 34290K, capacity 34772K, committed 35452K, reserved 1081344K
  class space    used 4014K, capacity 4169K, committed 4220K, reserved 1048576K
}
2016-10-24T04:53:58.361+0800: 393.710: Total time for which application threads were stopped: 0.0213775 seconds, Stopping threads took: 0.0000293 seconds
2016-10-24T04:53:58.362+0800: 393.711: [GC (CMS Initial Mark) [1 CMS-initial-mark: 197921K(393216K)] 221793K(502464K), 0.0032235 secs] [Times: user=0.01 sys=0.00, real=0.00 secs] 
2016-10-24T04:53:58.365+0800: 393.714: Total time for which application threads were stopped: 0.0035513 seconds, Stopping threads took: 0.0002087 seconds
2016-10-24T04:53:58.365+0800: 393.714: [CMS-concurrent-mark-start]
2016-10-24T04:53:58.406+0800: 393.755: [CMS-concurrent-mark: 0.041/0.041 secs] [Times: user=0.21 sys=0.00, real=0.04 secs] 
2016-10-24T04:53:58.406+0800: 393.755: [CMS-concurrent-preclean-start]
2016-10-24T04:53:58.417+0800: 393.766: [CMS-concurrent-preclean: 0.010/0.011 secs] [Times: user=0.02 sys=0.00, real=0.01 secs] 
2016-10-24T04:53:58.417+0800: 393.766: [CMS-concurrent-abortable-preclean-start]
{Heap before GC invocations=323 (full 20):
 par new generation   total 109248K, used 109248K [0x00000007a0000000, 0x00000007a8000000, 0x00000007a8000000)
  eden space 87424K, 100% used [0x00000007a0000000, 0x00000007a5560000, 0x00000007a5560000)
  from space 21824K, 100% used [0x00000007a6ab0000, 0x00000007a8000000, 0x00000007a8000000)
  to   space 21824K,   0% used [0x00000007a5560000, 0x00000007a5560000, 0x00000007a6ab0000)
 concurrent mark-sweep generation total 393216K, used 197921K [0x00000007a8000000, 0x00000007c0000000, 0x00000007c0000000)
 Metaspace       used 34290K, capacity 34772K, committed 35452K, reserved 1081344K
  class space    used 4014K, capacity 4169K, committed 4220K, reserved 1048576K
2016-10-24T04:53:58.603+0800: 393.952: [GC (Allocation Failure) 2016-10-24T04:53:58.603+0800: 393.952: [ParNew
Desired survivor size 20112992 bytes, new threshold 6 (max 8)
- age   1:    8793416 bytes,    8793416 total
- age   2:    4708928 bytes,   13502344 total
- age   3:    2310048 bytes,   15812392 total
- age   4:    1900656 bytes,   17713048 total
- age   5:    2098704 bytes,   19811752 total
- age   6:    1374440 bytes,   21186192 total
: 109248K->21824K(109248K), 0.0231120 secs] 307169K->226876K(502464K), 0.0231628 secs] [Times: user=0.09 sys=0.00, real=0.02 secs] 
Heap after GC invocations=324 (full 20):
 par new generation   total 109248K, used 21824K [0x00000007a0000000, 0x00000007a8000000, 0x00000007a8000000)
  eden space 87424K,   0% used [0x00000007a0000000, 0x00000007a0000000, 0x00000007a5560000)
  from space 21824K, 100% used [0x00000007a5560000, 0x00000007a6ab0000, 0x00000007a6ab0000)
  to   space 21824K,   0% used [0x00000007a6ab0000, 0x00000007a6ab0000, 0x00000007a8000000)
 concurrent mark-sweep generation total 393216K, used 205052K [0x00000007a8000000, 0x00000007c0000000, 0x00000007c0000000)
 Metaspace       used 34290K, capacity 34772K, committed 35452K, reserved 1081344K
  class space    used 4014K, capacity 4169K, committed 4220K, reserved 1048576K
}
2016-10-24T04:53:58.626+0800: 393.975: Total time for which application threads were stopped: 0.0233399 seconds, Stopping threads took: 0.0000267 seconds
2016-10-24T04:53:58.797+0800: 394.146: [CMS-concurrent-abortable-preclean: 0.351/0.380 secs] [Times: user=0.79 sys=0.00, real=0.38 secs] 
2016-10-24T04:53:58.797+0800: 394.146: [GC (CMS Final Remark) [YG occupancy: 85102 K (109248 K)]{Heap before GC invocations=324 (full 20):
 par new generation   total 109248K, used 85102K [0x00000007a0000000, 0x00000007a8000000, 0x00000007a8000000)
  eden space 87424K,  72% used [0x00000007a0000000, 0x00000007a3dcb9e0, 0x00000007a5560000)
  from space 21824K, 100% used [0x00000007a5560000, 0x00000007a6ab0000, 0x00000007a6ab0000)
  to   space 21824K,   0% used [0x00000007a6ab0000, 0x00000007a6ab0000, 0x00000007a8000000)
 concurrent mark-sweep generation total 393216K, used 205052K [0x00000007a8000000, 0x00000007c0000000, 0x00000007c0000000)
 Metaspace       used 34290K, capacity 34772K, committed 35452K, reserved 1081344K
  class space    used 4014K, capacity 4169K, committed 4220K, reserved 1048576K
2016-10-24T04:53:58.797+0800: 394.146: [GC (CMS Final Remark) 2016-10-24T04:53:58.797+0800: 394.146: [ParNew
Desired survivor size 20112992 bytes, new threshold 6 (max 8)
- age   1:    4777944 bytes,    4777944 total
- age   2:    7530064 bytes,   12308008 total
- age   3:    4389328 bytes,   16697336 total
- age   4:    1649880 bytes,   18347216 total
- age   5:    1741192 bytes,   20088408 total
- age   6:    1971176 bytes,   22059584 total
: 85102K->21824K(109248K), 0.0230743 secs] 290155K->233269K(502464K), 0.0231104 secs] [Times: user=0.08 sys=0.00, real=0.03 secs] 
Heap after GC invocations=325 (full 20):
 par new generation   total 109248K, used 21824K [0x00000007a0000000, 0x00000007a8000000, 0x00000007a8000000)
  eden space 87424K,   0% used [0x00000007a0000000, 0x00000007a0000000, 0x00000007a5560000)
  from space 21824K, 100% used [0x00000007a6ab0000, 0x00000007a8000000, 0x00000007a8000000)
  to   space 21824K,   0% used [0x00000007a5560000, 0x00000007a5560000, 0x00000007a6ab0000)
 concurrent mark-sweep generation total 393216K, used 211445K [0x00000007a8000000, 0x00000007c0000000, 0x00000007c0000000)
 Metaspace       used 34290K, capacity 34772K, committed 35452K, reserved 1081344K
  class space    used 4014K, capacity 4169K, committed 4220K, reserved 1048576K
}
2016-10-24T04:53:58.820+0800: 394.170: [Rescan (parallel) , 0.0147606 secs]2016-10-24T04:53:58.835+0800: 394.184: [weak refs processing, 0.0007668 secs]2016-10-24T04:53:58.836+0800: 394.185: [class unloading, 0.0057269 secs]2016-10-24T04:53:58.842+0800: 394.191: [scrub symbol table, 0.0040720 secs]2016-10-24T04:53:58.846+0800: 394.195: [scrub string table, 0.0004531 secs][1 CMS-remark: 211445K(393216K)] 233269K(502464K), 0.0491573 secs] [Times: user=0.15 sys=0.00, real=0.05 secs] 
2016-10-24T04:53:58.847+0800: 394.196: Total time for which application threads were stopped: 0.0492826 seconds, Stopping threads took: 0.0000194 seconds
2016-10-24T04:53:58.847+0800: 394.196: [CMS-concurrent-sweep-start]
2016-10-24T04:53:58.889+0800: 394.238: [CMS-concurrent-sweep: 0.043/0.043 secs] [Times: user=0.09 sys=0.00, real=0.04 secs] 
2016-10-24T04:53:58.889+0800: 394.238: [CMS-concurrent-reset-start]
2016-10-24T04:53:58.890+0800: 394.239: [CMS-concurrent-reset: 0.000/0.000 secs] [Times: user=0.00 sys=0.00, real=0.01 secs] 
{Heap before GC invocations=325 (full 20):
 par new generation   total 109248K, used 109248K [0x00000007a0000000, 0x00000007a8000000, 0x00000007a8000000)
  eden space 87424K, 100% used [0x00000007a0000000, 0x00000007a5560000, 0x00000007a5560000)
  from space 21824K, 100% used [0x00000007a6ab0000, 0x00000007a8000000, 0x00000007a8000000)
  to   space 21824K,   0% used [0x00000007a5560000, 0x00000007a5560000, 0x00000007a6ab0000)
 concurrent mark-sweep generation total 393216K, used 181113K [0x00000007a8000000, 0x00000007c0000000, 0x00000007c0000000)
 Metaspace       used 34290K, capacity 34772K, committed 35452K, reserved 1081344K
  class space    used 4014K, capacity 4169K, committed 4220K, reserved 1048576K
2016-10-24T04:53:59.792+0800: 395.141: [GC (Allocation Failure) 2016-10-24T04:53:59.792+0800: 395.141: [ParNew
Desired survivor size 20112992 bytes, new threshold 8 (max 8)
- age   1:    1297456 bytes,    1297456 total
- age   2:    4265848 bytes,    5563304 total
- age   3:    6904712 bytes,   12468016 total
- age   4:    4101224 bytes,   16569240 total
- age   5:    1499568 bytes,   18068808 total
- age   6:    1626576 bytes,   19695384 total
: 109248K->21824K(109248K), 0.0166017 secs] 290361K->205922K(502464K), 0.0166586 secs] [Times: user=0.06 sys=0.00, real=0.01 secs] 
Heap after GC invocations=326 (full 20):
 par new generation   total 109248K, used 21824K [0x00000007a0000000, 0x00000007a8000000, 0x00000007a8000000)
  eden space 87424K,   0% used [0x00000007a0000000, 0x00000007a0000000, 0x00000007a5560000)
  from space 21824K, 100% used [0x00000007a5560000, 0x00000007a6ab0000, 0x00000007a6ab0000)
  to   space 21824K,   0% used [0x00000007a6ab0000, 0x00000007a6ab0000, 0x00000007a8000000)
 concurrent mark-sweep generation total 393216K, used 184098K [0x00000007a8000000, 0x00000007c0000000, 0x00000007c0000000)
 Metaspace       used 34290K, capacity 34772K, committed 35452K, reserved 1081344K
  class space    used 4014K, capacity 4169K, committed 4220K, reserved 1048576K
}
2016-10-24T04:53:59.809+0800: 395.158: Total time for which application threads were stopped: 0.0168267 seconds, Stopping threads took: 0.0000299 seconds
{Heap before GC invocations=326 (full 20):
 par new generation   total 109248K, used 109248K [0x00000007a0000000, 0x00000007a8000000, 0x00000007a8000000)
  eden space 87424K, 100% used [0x00000007a0000000, 0x00000007a5560000, 0x00000007a5560000)
  from space 21824K, 100% used [0x00000007a5560000, 0x00000007a6ab0000, 0x00000007a6ab0000)
  to   space 21824K,   0% used [0x00000007a6ab0000, 0x00000007a6ab0000, 0x00000007a8000000)
 concurrent mark-sweep generation total 393216K, used 184098K [0x00000007a8000000, 0x00000007c0000000, 0x00000007c0000000)
 Metaspace       used 34290K, capacity 34772K, committed 35452K, reserved 1081344K
  class space    used 4014K, capacity 4169K, committed 4220K, reserved 1048576K
2016-10-24T04:53:59.838+0800: 395.187: [GC (Allocation Failure) 2016-10-24T04:53:59.838+0800: 395.187: [ParNew
Desired survivor size 20112992 bytes, new threshold 8 (max 8)
- age   1:      90936 bytes,      90936 total
- age   2:    1252760 bytes,    1343696 total
- age   3:    3955040 bytes,    5298736 total
- age   4:    6807392 bytes,   12106128 total
- age   5:    3854784 bytes,   15960912 total
- age   6:    1424392 bytes,   17385304 total
- age   7:    1532304 bytes,   18917608 total
: 109248K->21824K(109248K), 0.0148376 secs] 293346K->206797K(502464K), 0.0148964 secs] [Times: user=0.05 sys=0.00, real=0.02 secs] 
Heap after GC invocations=327 (full 20):
 par new generation   total 109248K, used 21824K [0x00000007a0000000, 0x00000007a8000000, 0x00000007a8000000)
  eden space 87424K,   0% used [0x00000007a0000000, 0x00000007a0000000, 0x00000007a5560000)
  from space 21824K, 100% used [0x00000007a6ab0000, 0x00000007a8000000, 0x00000007a8000000)
  to   space 21824K,   0% used [0x00000007a5560000, 0x00000007a5560000, 0x00000007a6ab0000)
 concurrent mark-sweep generation total 393216K, used 184973K [0x00000007a8000000, 0x00000007c0000000, 0x00000007c0000000)
 Metaspace       used 34290K, capacity 34772K, committed 35452K, reserved 1081344K
  class space    used 4014K, capacity 4169K, committed 4220K, reserved 1048576K
}
2016-10-24T04:53:59.853+0800: 395.202: Total time for which application threads were stopped: 0.0150764 seconds, Stopping threads took: 0.0000298 seconds
{Heap before GC invocations=327 (full 20):
 par new generation   total 109248K, used 109248K [0x00000007a0000000, 0x00000007a8000000, 0x00000007a8000000)
  eden space 87424K, 100% used [0x00000007a0000000, 0x00000007a5560000, 0x00000007a5560000)
  from space 21824K, 100% used [0x00000007a6ab0000, 0x00000007a8000000, 0x00000007a8000000)
  to   space 21824K,   0% used [0x00000007a5560000, 0x00000007a5560000, 0x00000007a6ab0000)
 concurrent mark-sweep generation total 393216K, used 184973K [0x00000007a8000000, 0x00000007c0000000, 0x00000007c0000000)
 Metaspace       used 34290K, capacity 34772K, committed 35452K, reserved 1081344K
  class space    used 4014K, capacity 4169K, committed 4220K, reserved 1048576K
2016-10-24T04:53:59.936+0800: 395.286: [GC (Allocation Failure) 2016-10-24T04:53:59.937+0800: 395.286: [ParNew
Desired survivor size 20112992 bytes, new threshold 8 (max 8)
- age   1:     217824 bytes,     217824 total
- age   2:      29288 bytes,     247112 total
- age   3:     998432 bytes,    1245544 total
- age   4:    3851472 bytes,    5097016 total
- age   5:    6742992 bytes,   11840008 total
- age   6:    3831632 bytes,   15671640 total
- age   7:    1376464 bytes,   17048104 total
- age   8:    1483648 bytes,   18531752 total
: 109248K->21824K(109248K), 0.0127531 secs] 294221K->207354K(502464K), 0.0128123 secs] [Times: user=0.05 sys=0.00, real=0.01 secs] 
Heap after GC invocations=328 (full 20):
 par new generation   total 109248K, used 21824K [0x00000007a0000000, 0x00000007a8000000, 0x00000007a8000000)
  eden space 87424K,   0% used [0x00000007a0000000, 0x00000007a0000000, 0x00000007a5560000)
  from space 21824K, 100% used [0x00000007a5560000, 0x00000007a6ab0000, 0x00000007a6ab0000)
  to   space 21824K,   0% used [0x00000007a6ab0000, 0x00000007a6ab0000, 0x00000007a8000000)
 concurrent mark-sweep generation total 393216K, used 185530K [0x00000007a8000000, 0x00000007c0000000, 0x00000007c0000000)
 Metaspace       used 34290K, capacity 34772K, committed 35452K, reserved 1081344K
  class space    used 4014K, capacity 4169K, committed 4220K, reserved 1048576K
}
2016-10-24T04:53:59.949+0800: 395.298: Total time for which application threads were stopped: 0.0129851 seconds, Stopping threads took: 0.0000276 seconds
{Heap before GC invocations=328 (full 20):
 par new generation   total 109248K, used 109248K [0x00000007a0000000, 0x00000007a8000000, 0x00000007a8000000)
  eden space 87424K, 100% used [0x00000007a0000000, 0x00000007a5560000, 0x00000007a5560000)
  from space 21824K, 100% used [0x00000007a5560000, 0x00000007a6ab0000, 0x00000007a6ab0000)
  to   space 21824K,   0% used [0x00000007a6ab0000, 0x00000007a6ab0000, 0x00000007a8000000)
 concurrent mark-sweep generation total 393216K, used 185530K [0x00000007a8000000, 0x00000007c0000000, 0x00000007c0000000)
 Metaspace       used 34290K, capacity 34772K, committed 35452K, reserved 1081344K
  class space    used 4014K, capacity 4169K, committed 4220K, reserved 1048576K
2016-10-24T04:53:59.992+0800: 395.341: [GC (Allocation Failure) 2016-10-24T04:53:59.992+0800: 395.341: [ParNew
Desired survivor size 20112992 bytes, new threshold 8 (max 8)
- age   1:      54456 bytes,      54456 total
- age   2:     201392 bytes,     255848 total
- age   3:      29288 bytes,     285136 total
- age   4:     998432 bytes,    1283568 total
- age   5:    3851472 bytes,    5135040 total
- age   6:    6742992 bytes,   11878032 total
- age   7:    3831632 bytes,   15709664 total
- age   8:    1376464 bytes,   17086128 total
: 109248K->21824K(109248K), 0.0130745 secs] 294778K->208831K(502464K), 0.0131347 secs] [Times: user=0.05 sys=0.00, real=0.01 secs] 
Heap after GC invocations=329 (full 20):
 par new generation   total 109248K, used 21824K [0x00000007a0000000, 0x00000007a8000000, 0x00000007a8000000)
  eden space 87424K,   0% used [0x00000007a0000000, 0x00000007a0000000, 0x00000007a5560000)
  from space 21824K, 100% used [0x00000007a6ab0000, 0x00000007a8000000, 0x00000007a8000000)
  to   space 21824K,   0% used [0x00000007a5560000, 0x00000007a5560000, 0x00000007a6ab0000)
 concurrent mark-sweep generation total 393216K, used 187007K [0x00000007a8000000, 0x00000007c0000000, 0x00000007c0000000)
 Metaspace       used 34290K, capacity 34772K, committed 35452K, reserved 1081344K
  class space    used 4014K, capacity 4169K, committed 4220K, reserved 1048576K
}
2016-10-24T04:54:00.005+0800: 395.354: Total time for which application threads were stopped: 0.0133180 seconds, Stopping threads took: 0.0000205 seconds
2016-10-24T04:54:00.127+0800: 395.476: Total time for which application threads were stopped: 0.0000894 seconds, Stopping threads took: 0.0000181 seconds
2016-10-24T04:54:00.127+0800: 395.476: Total time for which application threads were stopped: 0.0000472 seconds, Stopping threads took: 0.0000085 seconds
2016-10-24T04:54:00.127+0800: 395.476: Total time for which application threads were stopped: 0.0000336 seconds, Stopping threads took: 0.0000052 seconds
2016-10-24T04:54:00.127+0800: 395.476: Total time for which application threads were stopped: 0.0000318 seconds, Stopping threads took: 0.0000049 seconds
{Heap before GC invocations=329 (full 20):
 par new generation   total 109248K, used 109248K [0x00000007a0000000, 0x00000007a8000000, 0x00000007a8000000)
  eden space 87424K, 100% used [0x00000007a0000000, 0x00000007a5560000, 0x00000007a5560000)
  from space 21824K, 100% used [0x00000007a6ab0000, 0x00000007a8000000, 0x00000007a8000000)
  to   space 21824K,   0% used [0x00000007a5560000, 0x00000007a5560000, 0x00000007a6ab0000)
 concurrent mark-sweep generation total 393216K, used 187007K [0x00000007a8000000, 0x00000007c0000000, 0x00000007c0000000)
 Metaspace       used 34290K, capacity 34772K, committed 35452K, reserved 1081344K
  class space    used 4014K, capacity 4169K, committed 4220K, reserved 1048576K
2016-10-24T04:54:00.188+0800: 395.537: [GC (Allocation Failure) 2016-10-24T04:54:00.188+0800: 395.537: [ParNew
Desired survivor size 20112992 bytes, new threshold 8 (max 8)
- age   1:    2174224 bytes,    2174224 total
- age   3:     170192 bytes,    2344416 total
- age   4:      29288 bytes,    2373704 total
- age   5:     934256 bytes,    3307960 total
- age   6:    3702544 bytes,    7010504 total
- age   7:    6599960 bytes,   13610464 total
- age   8:    3708784 bytes,   17319248 total
: 109248K->20977K(109248K), 0.0130856 secs] 296255K->209236K(502464K), 0.0131400 secs] [Times: user=0.04 sys=0.00, real=0.02 secs] 
Heap after GC invocations=330 (full 20):
 par new generation   total 109248K, used 20977K [0x00000007a0000000, 0x00000007a8000000, 0x00000007a8000000)
  eden space 87424K,   0% used [0x00000007a0000000, 0x00000007a0000000, 0x00000007a5560000)
  from space 21824K,  96% used [0x00000007a5560000, 0x00000007a69dc420, 0x00000007a6ab0000)
  to   space 21824K,   0% used [0x00000007a6ab0000, 0x00000007a6ab0000, 0x00000007a8000000)
 concurrent mark-sweep generation total 393216K, used 188259K [0x00000007a8000000, 0x00000007c0000000, 0x00000007c0000000)
 Metaspace       used 34290K, capacity 34772K, committed 35452K, reserved 1081344K
  class space    used 4014K, capacity 4169K, committed 4220K, reserved 1048576K
}
2016-10-24T04:54:00.201+0800: 395.551: Total time for which application threads were stopped: 0.0133058 seconds, Stopping threads took: 0.0000213 seconds
{Heap before GC invocations=330 (full 20):
 par new generation   total 109248K, used 108401K [0x00000007a0000000, 0x00000007a8000000, 0x00000007a8000000)
  eden space 87424K, 100% used [0x00000007a0000000, 0x00000007a5560000, 0x00000007a5560000)
  from space 21824K,  96% used [0x00000007a5560000, 0x00000007a69dc420, 0x00000007a6ab0000)
  to   space 21824K,   0% used [0x00000007a6ab0000, 0x00000007a6ab0000, 0x00000007a8000000)
 concurrent mark-sweep generation total 393216K, used 188259K [0x00000007a8000000, 0x00000007c0000000, 0x00000007c0000000)
 Metaspace       used 34290K, capacity 34772K, committed 35452K, reserved 1081344K
  class space    used 4014K, capacity 4169K, committed 4220K, reserved 1048576K
2016-10-24T04:54:00.410+0800: 395.759: [GC (Allocation Failure) 2016-10-24T04:54:00.410+0800: 395.759: [ParNew
Desired survivor size 20112992 bytes, new threshold 8 (max 8)
- age   1:    6053816 bytes,    6053816 total
- age   2:    1802704 bytes,    7856520 total
- age   4:     170192 bytes,    8026712 total
- age   5:      29288 bytes,    8056000 total
- age   6:     934256 bytes,    8990256 total
- age   7:    3702544 bytes,   12692800 total
- age   8:    6599936 bytes,   19292736 total
: 108401K->21824K(109248K), 0.0177395 secs] 296660K->213721K(502464K), 0.0179276 secs] [Times: user=0.06 sys=0.01, real=0.01 secs] 
Heap after GC invocations=331 (full 20):
 par new generation   total 109248K, used 21824K [0x00000007a0000000, 0x00000007a8000000, 0x00000007a8000000)
  eden space 87424K,   0% used [0x00000007a0000000, 0x00000007a0000000, 0x00000007a5560000)
  from space 21824K, 100% used [0x00000007a6ab0000, 0x00000007a8000000, 0x00000007a8000000)
  to   space 21824K,   0% used [0x00000007a5560000, 0x00000007a5560000, 0x00000007a6ab0000)
 concurrent mark-sweep generation total 393216K, used 191897K [0x00000007a8000000, 0x00000007c0000000, 0x00000007c0000000)
 Metaspace       used 34290K, capacity 34772K, committed 35452K, reserved 1081344K
  class space    used 4014K, capacity 4169K, committed 4220K, reserved 1048576K
}
2016-10-24T04:54:00.428+0800: 395.777: Total time for which application threads were stopped: 0.0181177 seconds, Stopping threads took: 0.0000185 seconds
{Heap before GC invocations=331 (full 20):
 par new generation   total 109248K, used 109248K [0x00000007a0000000, 0x00000007a8000000, 0x00000007a8000000)
  eden space 87424K, 100% used [0x00000007a0000000, 0x00000007a5560000, 0x00000007a5560000)
  from space 21824K, 100% used [0x00000007a6ab0000, 0x00000007a8000000, 0x00000007a8000000)
  to   space 21824K,   0% used [0x00000007a5560000, 0x00000007a5560000, 0x00000007a6ab0000)
 concurrent mark-sweep generation total 393216K, used 191897K [0x00000007a8000000, 0x00000007c0000000, 0x00000007c0000000)
 Metaspace       used 34290K, capacity 34772K, committed 35452K, reserved 1081344K
  class space    used 4014K, capacity 4169K, committed 4220K, reserved 1048576K
2016-10-24T04:54:00.631+0800: 395.980: [GC (Allocation Failure) 2016-10-24T04:54:00.631+0800: 395.980: [ParNew
Desired survivor size 20112992 bytes, new threshold 8 (max 8)
- age   1:    6816296 bytes,    6816296 total
- age   2:    4850984 bytes,   11667280 total
- age   3:    1800016 bytes,   13467296 total
- age   5:     170192 bytes,   13637488 total
- age   6:      29288 bytes,   13666776 total
- age   7:     934256 bytes,   14601032 total
- age   8:    3702544 bytes,   18303576 total
: 109248K->21824K(109248K), 0.0205559 secs] 301145K->220185K(502464K), 0.0206048 secs] [Times: user=0.08 sys=0.00, real=0.02 secs] 
Heap after GC invocations=332 (full 20):
 par new generation   total 109248K, used 21824K [0x00000007a0000000, 0x00000007a8000000, 0x00000007a8000000)
  eden space 87424K,   0% used [0x00000007a0000000, 0x00000007a0000000, 0x00000007a5560000)
  from space 21824K, 100% used [0x00000007a5560000, 0x00000007a6ab0000, 0x00000007a6ab0000)
  to   space 21824K,   0% used [0x00000007a6ab0000, 0x00000007a6ab0000, 0x00000007a8000000)
 concurrent mark-sweep generation total 393216K, used 198361K [0x00000007a8000000, 0x00000007c0000000, 0x00000007c0000000)
 Metaspace       used 34290K, capacity 34772K, committed 35452K, reserved 1081344K
  class space    used 4014K, capacity 4169K, committed 4220K, reserved 1048576K
}
2016-10-24T04:54:00.651+0800: 396.001: Total time for which application threads were stopped: 0.0207700 seconds, Stopping threads took: 0.0000181 seconds
2016-10-24T04:54:00.652+0800: 396.001: [GC (CMS Initial Mark) [1 CMS-initial-mark: 198361K(393216K)] 222027K(502464K), 0.0043678 secs] [Times: user=0.02 sys=0.00, real=0.00 secs] 
2016-10-24T04:54:00.656+0800: 396.005: Total time for which application threads were stopped: 0.0045301 seconds, Stopping threads took: 0.0000670 seconds
2016-10-24T04:54:00.656+0800: 396.005: [CMS-concurrent-mark-start]
2016-10-24T04:54:00.705+0800: 396.055: [CMS-concurrent-mark: 0.049/0.049 secs] [Times: user=0.24 sys=0.00, real=0.05 secs] 
2016-10-24T04:54:00.705+0800: 396.055: [CMS-concurrent-preclean-start]
2016-10-24T04:54:00.710+0800: 396.059: [CMS-concurrent-preclean: 0.004/0.004 secs] [Times: user=0.01 sys=0.00, real=0.01 secs] 
2016-10-24T04:54:00.710+0800: 396.059: [CMS-concurrent-abortable-preclean-start]
{Heap before GC invocations=332 (full 21):
 par new generation   total 109248K, used 109248K [0x00000007a0000000, 0x00000007a8000000, 0x00000007a8000000)
  eden space 87424K, 100% used [0x00000007a0000000, 0x00000007a5560000, 0x00000007a5560000)
  from space 21824K, 100% used [0x00000007a5560000, 0x00000007a6ab0000, 0x00000007a6ab0000)
  to   space 21824K,   0% used [0x00000007a6ab0000, 0x00000007a6ab0000, 0x00000007a8000000)
 concurrent mark-sweep generation total 393216K, used 198361K [0x00000007a8000000, 0x00000007c0000000, 0x00000007c0000000)
 Metaspace       used 34290K, capacity 34772K, committed 35452K, reserved 1081344K
  class space    used 4014K, capacity 4169K, committed 4220K, reserved 1048576K
2016-10-24T04:54:00.881+0800: 396.230: [GC (Allocation Failure) 2016-10-24T04:54:00.881+0800: 396.230: [ParNew
Desired survivor size 20112992 bytes, new threshold 8 (max 8)
- age   1:    7879096 bytes,    7879096 total
- age   2:    4792216 bytes,   12671312 total
- age   3:    4719896 bytes,   17391208 total
- age   4:    1799960 bytes,   19191168 total
- age   6:     170192 bytes,   19361360 total
- age   7:      29288 bytes,   19390648 total
- age   8:     934256 bytes,   20324904 total
: 109248K->21824K(109248K), 0.0240758 secs] 307609K->223818K(502464K), 0.0241385 secs] [Times: user=0.09 sys=0.00, real=0.02 secs] 
Heap after GC invocations=333 (full 21):
 par new generation   total 109248K, used 21824K [0x00000007a0000000, 0x00000007a8000000, 0x00000007a8000000)
  eden space 87424K,   0% used [0x00000007a0000000, 0x00000007a0000000, 0x00000007a5560000)
  from space 21824K, 100% used [0x00000007a6ab0000, 0x00000007a8000000, 0x00000007a8000000)
  to   space 21824K,   0% used [0x00000007a5560000, 0x00000007a5560000, 0x00000007a6ab0000)
 concurrent mark-sweep generation total 393216K, used 201994K [0x00000007a8000000, 0x00000007c0000000, 0x00000007c0000000)
 Metaspace       used 34290K, capacity 34772K, committed 35452K, reserved 1081344K
  class space    used 4014K, capacity 4169K, committed 4220K, reserved 1048576K
}
2016-10-24T04:54:00.905+0800: 396.254: Total time for which application threads were stopped: 0.0243267 seconds, Stopping threads took: 0.0000268 seconds
2016-10-24T04:54:01.033+0800: 396.382: [CMS-concurrent-abortable-preclean: 0.296/0.323 secs] [Times: user=0.68 sys=0.01, real=0.32 secs] 
2016-10-24T04:54:01.033+0800: 396.382: [GC (CMS Final Remark) [YG occupancy: 75286 K (109248 K)]{Heap before GC invocations=333 (full 21):
 par new generation   total 109248K, used 75286K [0x00000007a0000000, 0x00000007a8000000, 0x00000007a8000000)
  eden space 87424K,  61% used [0x00000007a0000000, 0x00000007a3435b08, 0x00000007a5560000)
  from space 21824K, 100% used [0x00000007a6ab0000, 0x00000007a8000000, 0x00000007a8000000)
  to   space 21824K,   0% used [0x00000007a5560000, 0x00000007a5560000, 0x00000007a6ab0000)
 concurrent mark-sweep generation total 393216K, used 201994K [0x00000007a8000000, 0x00000007c0000000, 0x00000007c0000000)
 Metaspace       used 34290K, capacity 34772K, committed 35452K, reserved 1081344K
  class space    used 4014K, capacity 4169K, committed 4220K, reserved 1048576K
2016-10-24T04:54:01.033+0800: 396.383: [GC (CMS Final Remark) 2016-10-24T04:54:01.033+0800: 396.383: [ParNew
Desired survivor size 20112992 bytes, new threshold 8 (max 8)
- age   1:    3668744 bytes,    3668744 total
- age   2:    4705056 bytes,    8373800 total
- age   3:    4460600 bytes,   12834400 total
- age   4:    4475544 bytes,   17309944 total
- age   5:    1627280 bytes,   18937224 total
- age   7:     107560 bytes,   19044784 total
- age   8:      29288 bytes,   19074072 total
: 75286K->21824K(109248K), 0.0221164 secs] 277281K->228148K(502464K), 0.0221688 secs] [Times: user=0.08 sys=0.00, real=0.02 secs] 
Heap after GC invocations=334 (full 21):
 par new generation   total 109248K, used 21824K [0x00000007a0000000, 0x00000007a8000000, 0x00000007a8000000)
  eden space 87424K,   0% used [0x00000007a0000000, 0x00000007a0000000, 0x00000007a5560000)
  from space 21824K, 100% used [0x00000007a5560000, 0x00000007a6ab0000, 0x00000007a6ab0000)
  to   space 21824K,   0% used [0x00000007a6ab0000, 0x00000007a6ab0000, 0x00000007a8000000)
 concurrent mark-sweep generation total 393216K, used 206324K [0x00000007a8000000, 0x00000007c0000000, 0x00000007c0000000)
 Metaspace       used 34290K, capacity 34772K, committed 35452K, reserved 1081344K
  class space    used 4014K, capacity 4169K, committed 4220K, reserved 1048576K
}
2016-10-24T04:54:01.056+0800: 396.405: [Rescan (parallel) , 0.0101994 secs]2016-10-24T04:54:01.066+0800: 396.415: [weak refs processing, 0.0007711 secs]2016-10-24T04:54:01.067+0800: 396.416: [class unloading, 0.0061369 secs]2016-10-24T04:54:01.073+0800: 396.422: [scrub symbol table, 0.0043762 secs]2016-10-24T04:54:01.077+0800: 396.426: [scrub string table, 0.0005122 secs][1 CMS-remark: 206324K(393216K)] 228148K(502464K), 0.0444136 secs] [Times: user=0.14 sys=0.00, real=0.04 secs] 
2016-10-24T04:54:01.078+0800: 396.427: Total time for which application threads were stopped: 0.0445533 seconds, Stopping threads took: 0.0000201 seconds
2016-10-24T04:54:01.078+0800: 396.427: [CMS-concurrent-sweep-start]
2016-10-24T04:54:01.162+0800: 396.511: [CMS-concurrent-sweep: 0.084/0.084 secs] [Times: user=0.16 sys=0.00, real=0.09 secs] 
2016-10-24T04:54:01.162+0800: 396.511: [CMS-concurrent-reset-start]
2016-10-24T04:54:01.162+0800: 396.511: [CMS-concurrent-reset: 0.000/0.000 secs] [Times: user=0.00 sys=0.00, real=0.00 secs] 
{Heap before GC invocations=334 (full 21):
 par new generation   total 109248K, used 109248K [0x00000007a0000000, 0x00000007a8000000, 0x00000007a8000000)
  eden space 87424K, 100% used [0x00000007a0000000, 0x00000007a5560000, 0x00000007a5560000)
  from space 21824K, 100% used [0x00000007a5560000, 0x00000007a6ab0000, 0x00000007a6ab0000)
  to   space 21824K,   0% used [0x00000007a6ab0000, 0x00000007a6ab0000, 0x00000007a8000000)
 concurrent mark-sweep generation total 393216K, used 165633K [0x00000007a8000000, 0x00000007c0000000, 0x00000007c0000000)
 Metaspace       used 34290K, capacity 34772K, committed 35452K, reserved 1081344K
  class space    used 4014K, capacity 4169K, committed 4220K, reserved 1048576K
2016-10-24T04:54:01.282+0800: 396.631: [GC (Allocation Failure) 2016-10-24T04:54:01.282+0800: 396.631: [ParNew
Desired survivor size 20112992 bytes, new threshold 5 (max 8)
- age   1:    6641336 bytes,    6641336 total
- age   2:    2400840 bytes,    9042176 total
- age   3:    3920520 bytes,   12962696 total
- age   4:    3939224 bytes,   16901920 total
- age   5:    3980632 bytes,   20882552 total
- age   6:    1312792 bytes,   22195344 total
- age   8:         16 bytes,   22195360 total
: 109248K->21824K(109248K), 0.0408758 secs] 274881K->190979K(502464K), 0.0409752 secs] [Times: user=0.12 sys=0.00, real=0.04 secs] 
Heap after GC invocations=335 (full 21):
 par new generation   total 109248K, used 21824K [0x00000007a0000000, 0x00000007a8000000, 0x00000007a8000000)
  eden space 87424K,   0% used [0x00000007a0000000, 0x00000007a0000000, 0x00000007a5560000)
  from space 21824K, 100% used [0x00000007a6ab0000, 0x00000007a8000000, 0x00000007a8000000)
  to   space 21824K,   0% used [0x00000007a5560000, 0x00000007a5560000, 0x00000007a6ab0000)
 concurrent mark-sweep generation total 393216K, used 169155K [0x00000007a8000000, 0x00000007c0000000, 0x00000007c0000000)
 Metaspace       used 34290K, capacity 34772K, committed 35452K, reserved 1081344K
  class space    used 4014K, capacity 4169K, committed 4220K, reserved 1048576K
}
2016-10-24T04:54:01.323+0800: 396.672: Total time for which application threads were stopped: 0.0412289 seconds, Stopping threads took: 0.0000192 seconds
{Heap before GC invocations=335 (full 21):
 par new generation   total 109248K, used 109248K [0x00000007a0000000, 0x00000007a8000000, 0x00000007a8000000)
  eden space 87424K, 100% used [0x00000007a0000000, 0x00000007a5560000, 0x00000007a5560000)
  from space 21824K, 100% used [0x00000007a6ab0000, 0x00000007a8000000, 0x00000007a8000000)
  to   space 21824K,   0% used [0x00000007a5560000, 0x00000007a5560000, 0x00000007a6ab0000)
 concurrent mark-sweep generation total 393216K, used 169155K [0x00000007a8000000, 0x00000007c0000000, 0x00000007c0000000)
 Metaspace       used 34290K, capacity 34772K, committed 35452K, reserved 1081344K
  class space    used 4014K, capacity 4169K, committed 4220K, reserved 1048576K
2016-10-24T04:54:01.585+0800: 396.934: [GC (Allocation Failure) 2016-10-24T04:54:01.585+0800: 396.934: [ParNew
Desired survivor size 20112992 bytes, new threshold 8 (max 8)
- age   1:    7286544 bytes,    7286544 total
- age   2:    3775872 bytes,   11062416 total
- age   3:    1956152 bytes,   13018568 total
- age   4:    3195144 bytes,   16213712 total
- age   5:    3306560 bytes,   19520272 total
: 109248K->21824K(109248K), 0.0284951 secs] 278403K->199605K(502464K), 0.0285734 secs] [Times: user=0.11 sys=0.00, real=0.03 secs] 
Heap after GC invocations=336 (full 21):
 par new generation   total 109248K, used 21824K [0x00000007a0000000, 0x00000007a8000000, 0x00000007a8000000)
  eden space 87424K,   0% used [0x00000007a0000000, 0x00000007a0000000, 0x00000007a5560000)
  from space 21824K, 100% used [0x00000007a5560000, 0x00000007a6ab0000, 0x00000007a6ab0000)
  to   space 21824K,   0% used [0x00000007a6ab0000, 0x00000007a6ab0000, 0x00000007a8000000)
 concurrent mark-sweep generation total 393216K, used 177781K [0x00000007a8000000, 0x00000007c0000000, 0x00000007c0000000)
 Metaspace       used 34290K, capacity 34772K, committed 35452K, reserved 1081344K
  class space    used 4014K, capacity 4169K, committed 4220K, reserved 1048576K
}
2016-10-24T04:54:01.614+0800: 396.963: Total time for which application threads were stopped: 0.0289016 seconds, Stopping threads took: 0.0000702 seconds
{Heap before GC invocations=336 (full 21):
 par new generation   total 109248K, used 109248K [0x00000007a0000000, 0x00000007a8000000, 0x00000007a8000000)
  eden space 87424K, 100% used [0x00000007a0000000, 0x00000007a5560000, 0x00000007a5560000)
  from space 21824K, 100% used [0x00000007a5560000, 0x00000007a6ab0000, 0x00000007a6ab0000)
  to   space 21824K,   0% used [0x00000007a6ab0000, 0x00000007a6ab0000, 0x00000007a8000000)
 concurrent mark-sweep generation total 393216K, used 177781K [0x00000007a8000000, 0x00000007c0000000, 0x00000007c0000000)
 Metaspace       used 34290K, capacity 34772K, committed 35452K, reserved 1081344K
  class space    used 4014K, capacity 4169K, committed 4220K, reserved 1048576K
2016-10-24T04:54:01.908+0800: 397.257: [GC (Allocation Failure) 2016-10-24T04:54:01.908+0800: 397.257: [ParNew
Desired survivor size 20112992 bytes, new threshold 6 (max 8)
- age   1:    9925520 bytes,    9925520 total
- age   2:    2580232 bytes,   12505752 total
- age   3:    2941792 bytes,   15447544 total
- age   4:    1480232 bytes,   16927776 total
- age   5:    2660264 bytes,   19588040 total
- age   6:    2759280 bytes,   22347320 total
: 109248K->21824K(109248K), 0.0263142 secs] 287029K->204617K(502464K), 0.0263839 secs] [Times: user=0.10 sys=0.00, real=0.03 secs] 
Heap after GC invocations=337 (full 21):
 par new generation   total 109248K, used 21824K [0x00000007a0000000, 0x00000007a8000000, 0x00000007a8000000)
  eden space 87424K,   0% used [0x00000007a0000000, 0x00000007a0000000, 0x00000007a5560000)
  from space 21824K, 100% used [0x00000007a6ab0000, 0x00000007a8000000, 0x00000007a8000000)
  to   space 21824K,   0% used [0x00000007a5560000, 0x00000007a5560000, 0x00000007a6ab0000)
 concurrent mark-sweep generation total 393216K, used 182793K [0x00000007a8000000, 0x00000007c0000000, 0x00000007c0000000)
 Metaspace       used 34290K, capacity 34772K, committed 35452K, reserved 1081344K
  class space    used 4014K, capacity 4169K, committed 4220K, reserved 1048576K
}
2016-10-24T04:54:01.935+0800: 397.284: Total time for which application threads were stopped: 0.0265651 seconds, Stopping threads took: 0.0000316 seconds
{Heap before GC invocations=337 (full 21):
 par new generation   total 109248K, used 109248K [0x00000007a0000000, 0x00000007a8000000, 0x00000007a8000000)
  eden space 87424K, 100% used [0x00000007a0000000, 0x00000007a5560000, 0x00000007a5560000)
  from space 21824K, 100% used [0x00000007a6ab0000, 0x00000007a8000000, 0x00000007a8000000)
  to   space 21824K,   0% used [0x00000007a5560000, 0x00000007a5560000, 0x00000007a6ab0000)
 concurrent mark-sweep generation total 393216K, used 182793K [0x00000007a8000000, 0x00000007c0000000, 0x00000007c0000000)
 Metaspace       used 34290K, capacity 34772K, committed 35452K, reserved 1081344K
  class space    used 4014K, capacity 4169K, committed 4220K, reserved 1048576K
2016-10-24T04:54:02.222+0800: 397.571: [GC (Allocation Failure) 2016-10-24T04:54:02.222+0800: 397.571: [ParNew
Desired survivor size 20112992 bytes, new threshold 6 (max 8)
- age   1:    7776616 bytes,    7776616 total
- age   2:    4949584 bytes,   12726200 total
- age   3:    2435704 bytes,   15161904 total
- age   4:    2817656 bytes,   17979560 total
- age   5:    1368152 bytes,   19347712 total
- age   6:    2243408 bytes,   21591120 total
: 109248K->21824K(109248K), 0.0318096 secs] 292041K->210610K(502464K), 0.0319234 secs] [Times: user=0.11 sys=0.01, real=0.03 secs] 
Heap after GC invocations=338 (full 21):
 par new generation   total 109248K, used 21824K [0x00000007a0000000, 0x00000007a8000000, 0x00000007a8000000)
  eden space 87424K,   0% used [0x00000007a0000000, 0x00000007a0000000, 0x00000007a5560000)
  from space 21824K, 100% used [0x00000007a5560000, 0x00000007a6ab0000, 0x00000007a6ab0000)
  to   space 21824K,   0% used [0x00000007a6ab0000, 0x00000007a6ab0000, 0x00000007a8000000)
 concurrent mark-sweep generation total 393216K, used 188786K [0x00000007a8000000, 0x00000007c0000000, 0x00000007c0000000)
 Metaspace       used 34290K, capacity 34772K, committed 35452K, reserved 1081344K
  class space    used 4014K, capacity 4169K, committed 4220K, reserved 1048576K
}
2016-10-24T04:54:02.254+0800: 397.603: Total time for which application threads were stopped: 0.0322659 seconds, Stopping threads took: 0.0000644 seconds
{Heap before GC invocations=338 (full 21):
 par new generation   total 109248K, used 108939K [0x00000007a0000000, 0x00000007a8000000, 0x00000007a8000000)
  eden space 87424K,  99% used [0x00000007a0000000, 0x00000007a5512dd0, 0x00000007a5560000)
  from space 21824K, 100% used [0x00000007a5560000, 0x00000007a6ab0000, 0x00000007a6ab0000)
  to   space 21824K,   0% used [0x00000007a6ab0000, 0x00000007a6ab0000, 0x00000007a8000000)
 concurrent mark-sweep generation total 393216K, used 188786K [0x00000007a8000000, 0x00000007c0000000, 0x00000007c0000000)
 Metaspace       used 34290K, capacity 34772K, committed 35452K, reserved 1081344K
  class space    used 4014K, capacity 4169K, committed 4220K, reserved 1048576K
2016-10-24T04:54:02.467+0800: 397.816: [GC (Allocation Failure) 2016-10-24T04:54:02.467+0800: 397.816: [ParNew
Desired survivor size 20112992 bytes, new threshold 6 (max 8)
- age   1:    8041000 bytes,    8041000 total
- age   2:    2962392 bytes,   11003392 total
- age   3:    4225288 bytes,   15228680 total
- age   4:    1954448 bytes,   17183128 total
- age   5:    2429024 bytes,   19612152 total
- age   6:    1104648 bytes,   20716800 total
: 108939K->21824K(109248K), 0.0385506 secs] 297725K->217056K(502464K), 0.0386076 secs] [Times: user=0.14 sys=0.00, real=0.04 secs] 
Heap after GC invocations=339 (full 21):
 par new generation   total 109248K, used 21824K [0x00000007a0000000, 0x00000007a8000000, 0x00000007a8000000)
  eden space 87424K,   0% used [0x00000007a0000000, 0x00000007a0000000, 0x00000007a5560000)
  from space 21824K, 100% used [0x00000007a6ab0000, 0x00000007a8000000, 0x00000007a8000000)
  to   space 21824K,   0% used [0x00000007a5560000, 0x00000007a5560000, 0x00000007a6ab0000)
 concurrent mark-sweep generation total 393216K, used 195232K [0x00000007a8000000, 0x00000007c0000000, 0x00000007c0000000)
 Metaspace       used 34290K, capacity 34772K, committed 35452K, reserved 1081344K
  class space    used 4014K, capacity 4169K, committed 4220K, reserved 1048576K
}
2016-10-24T04:54:02.506+0800: 397.855: Total time for which application threads were stopped: 0.0387818 seconds, Stopping threads took: 0.0000300 seconds
{Heap before GC invocations=339 (full 21):
 par new generation   total 109248K, used 109248K [0x00000007a0000000, 0x00000007a8000000, 0x00000007a8000000)
  eden space 87424K, 100% used [0x00000007a0000000, 0x00000007a5560000, 0x00000007a5560000)
  from space 21824K, 100% used [0x00000007a6ab0000, 0x00000007a8000000, 0x00000007a8000000)
  to   space 21824K,   0% used [0x00000007a5560000, 0x00000007a5560000, 0x00000007a6ab0000)
 concurrent mark-sweep generation total 393216K, used 195232K [0x00000007a8000000, 0x00000007c0000000, 0x00000007c0000000)
 Metaspace       used 34290K, capacity 34772K, committed 35452K, reserved 1081344K
  class space    used 4014K, capacity 4169K, committed 4220K, reserved 1048576K
2016-10-24T04:54:02.705+0800: 398.055: [GC (Allocation Failure) 2016-10-24T04:54:02.705+0800: 398.055: [ParNew
Desired survivor size 20112992 bytes, new threshold 6 (max 8)
- age   1:    7187064 bytes,    7187064 total
- age   2:    4749224 bytes,   11936288 total
- age   3:    2587168 bytes,   14523456 total
- age   4:    2897080 bytes,   17420536 total
- age   5:    1652632 bytes,   19073168 total
- age   6:    1662520 bytes,   20735688 total
: 109248K->21824K(109248K), 0.0285544 secs] 304480K->223506K(502464K), 0.0286155 secs] [Times: user=0.10 sys=0.00, real=0.03 secs] 
Heap after GC invocations=340 (full 21):
 par new generation   total 109248K, used 21824K [0x00000007a0000000, 0x00000007a8000000, 0x00000007a8000000)
  eden space 87424K,   0% used [0x00000007a0000000, 0x00000007a0000000, 0x00000007a5560000)
  from space 21824K, 100% used [0x00000007a5560000, 0x00000007a6ab0000, 0x00000007a6ab0000)
  to   space 21824K,   0% used [0x00000007a6ab0000, 0x00000007a6ab0000, 0x00000007a8000000)
 concurrent mark-sweep generation total 393216K, used 201682K [0x00000007a8000000, 0x00000007c0000000, 0x00000007c0000000)
 Metaspace       used 34290K, capacity 34772K, committed 35452K, reserved 1081344K
  class space    used 4014K, capacity 4169K, committed 4220K, reserved 1048576K
}
2016-10-24T04:54:02.734+0800: 398.083: Total time for which application threads were stopped: 0.0287959 seconds, Stopping threads took: 0.0000295 seconds
2016-10-24T04:54:02.734+0800: 398.083: [GC (CMS Initial Mark) [1 CMS-initial-mark: 201682K(393216K)] 225245K(502464K), 0.0052327 secs] [Times: user=0.01 sys=0.00, real=0.00 secs] 
2016-10-24T04:54:02.739+0800: 398.089: Total time for which application threads were stopped: 0.0054019 seconds, Stopping threads took: 0.0000621 seconds
2016-10-24T04:54:02.739+0800: 398.089: [CMS-concurrent-mark-start]
2016-10-24T04:54:02.799+0800: 398.149: [CMS-concurrent-mark: 0.060/0.060 secs] [Times: user=0.30 sys=0.01, real=0.06 secs] 
2016-10-24T04:54:02.799+0800: 398.149: [CMS-concurrent-preclean-start]
2016-10-24T04:54:02.806+0800: 398.155: [CMS-concurrent-preclean: 0.006/0.006 secs] [Times: user=0.01 sys=0.00, real=0.01 secs] 
2016-10-24T04:54:02.806+0800: 398.155: [CMS-concurrent-abortable-preclean-start]
{Heap before GC invocations=340 (full 22):
 par new generation   total 109248K, used 109248K [0x00000007a0000000, 0x00000007a8000000, 0x00000007a8000000)
  eden space 87424K, 100% used [0x00000007a0000000, 0x00000007a5560000, 0x00000007a5560000)
  from space 21824K, 100% used [0x00000007a5560000, 0x00000007a6ab0000, 0x00000007a6ab0000)
  to   space 21824K,   0% used [0x00000007a6ab0000, 0x00000007a6ab0000, 0x00000007a8000000)
 concurrent mark-sweep generation total 393216K, used 201682K [0x00000007a8000000, 0x00000007c0000000, 0x00000007c0000000)
 Metaspace       used 34290K, capacity 34772K, committed 35452K, reserved 1081344K
  class space    used 4014K, capacity 4169K, committed 4220K, reserved 1048576K
2016-10-24T04:54:02.951+0800: 398.301: [GC (Allocation Failure) 2016-10-24T04:54:02.951+0800: 398.301: [ParNew
Desired survivor size 20112992 bytes, new threshold 5 (max 8)
- age   1:    8722480 bytes,    8722480 total
- age   2:    3536424 bytes,   12258904 total
- age   3:    2571368 bytes,   14830272 total
- age   4:    2561768 bytes,   17392040 total
- age   5:    2878264 bytes,   20270304 total
- age   6:    1588680 bytes,   21858984 total
: 109248K->21824K(109248K), 0.0271015 secs] 310930K->227767K(502464K), 0.0271822 secs] [Times: user=0.10 sys=0.00, real=0.02 secs] 
Heap after GC invocations=341 (full 22):
 par new generation   total 109248K, used 21824K [0x00000007a0000000, 0x00000007a8000000, 0x00000007a8000000)
  eden space 87424K,   0% used [0x00000007a0000000, 0x00000007a0000000, 0x00000007a5560000)
  from space 21824K, 100% used [0x00000007a6ab0000, 0x00000007a8000000, 0x00000007a8000000)
  to   space 21824K,   0% used [0x00000007a5560000, 0x00000007a5560000, 0x00000007a6ab0000)
 concurrent mark-sweep generation total 393216K, used 205943K [0x00000007a8000000, 0x00000007c0000000, 0x00000007c0000000)
 Metaspace       used 34290K, capacity 34772K, committed 35452K, reserved 1081344K
  class space    used 4014K, capacity 4169K, committed 4220K, reserved 1048576K
}
2016-10-24T04:54:02.979+0800: 398.328: Total time for which application threads were stopped: 0.0273532 seconds, Stopping threads took: 0.0000283 seconds
2016-10-24T04:54:03.130+0800: 398.479: [CMS-concurrent-abortable-preclean: 0.293/0.324 secs] [Times: user=0.69 sys=0.00, real=0.33 secs] 
2016-10-24T04:54:03.130+0800: 398.480: [GC (CMS Final Remark) [YG occupancy: 88047 K (109248 K)]{Heap before GC invocations=341 (full 22):
 par new generation   total 109248K, used 88047K [0x00000007a0000000, 0x00000007a8000000, 0x00000007a8000000)
  eden space 87424K,  75% used [0x00000007a0000000, 0x00000007a40abec8, 0x00000007a5560000)
  from space 21824K, 100% used [0x00000007a6ab0000, 0x00000007a8000000, 0x00000007a8000000)
  to   space 21824K,   0% used [0x00000007a5560000, 0x00000007a5560000, 0x00000007a6ab0000)
 concurrent mark-sweep generation total 393216K, used 205943K [0x00000007a8000000, 0x00000007c0000000, 0x00000007c0000000)
 Metaspace       used 34290K, capacity 34772K, committed 35452K, reserved 1081344K
  class space    used 4014K, capacity 4169K, committed 4220K, reserved 1048576K
2016-10-24T04:54:03.130+0800: 398.480: [GC (CMS Final Remark) 2016-10-24T04:54:03.130+0800: 398.480: [ParNew
Desired survivor size 20112992 bytes, new threshold 8 (max 8)
- age   1:    7703872 bytes,    7703872 total
- age   2:    3789304 bytes,   11493176 total
- age   3:    3468520 bytes,   14961696 total
- age   4:    2516168 bytes,   17477864 total
- age   5:    2505128 bytes,   19982992 total
: 88047K->21824K(109248K), 0.0276702 secs] 293991K->233695K(502464K), 0.0277162 secs] [Times: user=0.10 sys=0.00, real=0.02 secs] 
Heap after GC invocations=342 (full 22):
 par new generation   total 109248K, used 21824K [0x00000007a0000000, 0x00000007a8000000, 0x00000007a8000000)
  eden space 87424K,   0% used [0x00000007a0000000, 0x00000007a0000000, 0x00000007a5560000)
  from space 21824K, 100% used [0x00000007a5560000, 0x00000007a6ab0000, 0x00000007a6ab0000)
  to   space 21824K,   0% used [0x00000007a6ab0000, 0x00000007a6ab0000, 0x00000007a8000000)
 concurrent mark-sweep generation total 393216K, used 211871K [0x00000007a8000000, 0x00000007c0000000, 0x00000007c0000000)
 Metaspace       used 34290K, capacity 34772K, committed 35452K, reserved 1081344K
  class space    used 4014K, capacity 4169K, committed 4220K, reserved 1048576K
}
2016-10-24T04:54:03.158+0800: 398.507: [Rescan (parallel) , 0.0124885 secs]2016-10-24T04:54:03.171+0800: 398.520: [weak refs processing, 0.0009706 secs]2016-10-24T04:54:03.172+0800: 398.521: [class unloading, 0.0058344 secs]2016-10-24T04:54:03.178+0800: 398.527: [scrub symbol table, 0.0046116 secs]2016-10-24T04:54:03.182+0800: 398.531: [scrub string table, 0.0005908 secs][1 CMS-remark: 211871K(393216K)] 233695K(502464K), 0.0524528 secs] [Times: user=0.16 sys=0.00, real=0.05 secs] 
2016-10-24T04:54:03.183+0800: 398.532: Total time for which application threads were stopped: 0.0526405 seconds, Stopping threads took: 0.0000615 seconds
2016-10-24T04:54:03.183+0800: 398.532: [CMS-concurrent-sweep-start]
2016-10-24T04:54:03.256+0800: 398.605: [CMS-concurrent-sweep: 0.073/0.073 secs] [Times: user=0.14 sys=0.01, real=0.07 secs] 
2016-10-24T04:54:03.256+0800: 398.605: [CMS-concurrent-reset-start]
2016-10-24T04:54:03.258+0800: 398.607: [CMS-concurrent-reset: 0.002/0.002 secs] [Times: user=0.01 sys=0.00, real=0.00 secs] 
{Heap before GC invocations=342 (full 22):
 par new generation   total 109248K, used 108907K [0x00000007a0000000, 0x00000007a8000000, 0x00000007a8000000)
  eden space 87424K,  99% used [0x00000007a0000000, 0x00000007a550aec8, 0x00000007a5560000)
  from space 21824K, 100% used [0x00000007a5560000, 0x00000007a6ab0000, 0x00000007a6ab0000)
  to   space 21824K,   0% used [0x00000007a6ab0000, 0x00000007a6ab0000, 0x00000007a8000000)
 concurrent mark-sweep generation total 393216K, used 169474K [0x00000007a8000000, 0x00000007c0000000, 0x00000007c0000000)
 Metaspace       used 34290K, capacity 34772K, committed 35452K, reserved 1081344K
  class space    used 4014K, capacity 4169K, committed 4220K, reserved 1048576K
2016-10-24T04:54:03.441+0800: 398.790: [GC (Allocation Failure) 2016-10-24T04:54:03.441+0800: 398.790: [ParNew
Desired survivor size 20112992 bytes, new threshold 6 (max 8)
- age   1:    5453160 bytes,    5453160 total
- age   2:    5476480 bytes,   10929640 total
- age   3:    2569720 bytes,   13499360 total
- age   4:    3429328 bytes,   16928688 total
- age   5:    2475384 bytes,   19404072 total
- age   6:    2450928 bytes,   21855000 total
: 108907K->21824K(109248K), 0.0232353 secs] 278381K->199881K(502464K), 0.0232993 secs] [Times: user=0.09 sys=0.00, real=0.02 secs] 
Heap after GC invocations=343 (full 22):
 par new generation   total 109248K, used 21824K [0x00000007a0000000, 0x00000007a8000000, 0x00000007a8000000)
  eden space 87424K,   0% used [0x00000007a0000000, 0x00000007a0000000, 0x00000007a5560000)
  from space 21824K, 100% used [0x00000007a6ab0000, 0x00000007a8000000, 0x00000007a8000000)
  to   space 21824K,   0% used [0x00000007a5560000, 0x00000007a5560000, 0x00000007a6ab0000)
 concurrent mark-sweep generation total 393216K, used 178057K [0x00000007a8000000, 0x00000007c0000000, 0x00000007c0000000)
 Metaspace       used 34290K, capacity 34772K, committed 35452K, reserved 1081344K
  class space    used 4014K, capacity 4169K, committed 4220K, reserved 1048576K
}
2016-10-24T04:54:03.464+0800: 398.814: Total time for which application threads were stopped: 0.0234779 seconds, Stopping threads took: 0.0000282 seconds
{Heap before GC invocations=343 (full 22):
 par new generation   total 109248K, used 109248K [0x00000007a0000000, 0x00000007a8000000, 0x00000007a8000000)
  eden space 87424K, 100% used [0x00000007a0000000, 0x00000007a5560000, 0x00000007a5560000)
  from space 21824K, 100% used [0x00000007a6ab0000, 0x00000007a8000000, 0x00000007a8000000)
  to   space 21824K,   0% used [0x00000007a5560000, 0x00000007a5560000, 0x00000007a6ab0000)
 concurrent mark-sweep generation total 393216K, used 178057K [0x00000007a8000000, 0x00000007c0000000, 0x00000007c0000000)
 Metaspace       used 34290K, capacity 34772K, committed 35452K, reserved 1081344K
  class space    used 4014K, capacity 4169K, committed 4220K, reserved 1048576K
2016-10-24T04:54:03.716+0800: 399.065: [GC (Allocation Failure) 2016-10-24T04:54:03.716+0800: 399.066: [ParNew
Desired survivor size 20112992 bytes, new threshold 6 (max 8)
- age   1:    9348624 bytes,    9348624 total
- age   2:    3161712 bytes,   12510336 total
- age   3:    1747384 bytes,   14257720 total
- age   4:    2445416 bytes,   16703136 total
- age   5:    3257560 bytes,   19960696 total
- age   6:    2353880 bytes,   22314576 total
: 109248K->21824K(109248K), 0.0241294 secs] 287305K->206611K(502464K), 0.0242017 secs] [Times: user=0.09 sys=0.00, real=0.03 secs] 
Heap after GC invocations=344 (full 22):
 par new generation   total 109248K, used 21824K [0x00000007a0000000, 0x00000007a8000000, 0x00000007a8000000)
  eden space 87424K,   0% used [0x00000007a0000000, 0x00000007a0000000, 0x00000007a5560000)
  from space 21824K, 100% used [0x00000007a5560000, 0x00000007a6ab0000, 0x00000007a6ab0000)
  to   space 21824K,   0% used [0x00000007a6ab0000, 0x00000007a6ab0000, 0x00000007a8000000)
 concurrent mark-sweep generation total 393216K, used 184787K [0x00000007a8000000, 0x00000007c0000000, 0x00000007c0000000)
 Metaspace       used 34290K, capacity 34772K, committed 35452K, reserved 1081344K
  class space    used 4014K, capacity 4169K, committed 4220K, reserved 1048576K
}
2016-10-24T04:54:03.740+0800: 399.090: Total time for which application threads were stopped: 0.0243892 seconds, Stopping threads took: 0.0000297 seconds
{Heap before GC invocations=344 (full 22):
 par new generation   total 109248K, used 109248K [0x00000007a0000000, 0x00000007a8000000, 0x00000007a8000000)
  eden space 87424K, 100% used [0x00000007a0000000, 0x00000007a5560000, 0x00000007a5560000)
  from space 21824K, 100% used [0x00000007a5560000, 0x00000007a6ab0000, 0x00000007a6ab0000)
  to   space 21824K,   0% used [0x00000007a6ab0000, 0x00000007a6ab0000, 0x00000007a8000000)
 concurrent mark-sweep generation total 393216K, used 184787K [0x00000007a8000000, 0x00000007c0000000, 0x00000007c0000000)
 Metaspace       used 34290K, capacity 34772K, committed 35452K, reserved 1081344K
  class space    used 4014K, capacity 4169K, committed 4220K, reserved 1048576K
2016-10-24T04:54:03.949+0800: 399.298: [GC (Allocation Failure) 2016-10-24T04:54:03.949+0800: 399.298: [ParNew
Desired survivor size 20112992 bytes, new threshold 6 (max 8)
- age   1:    8341264 bytes,    8341264 total
- age   2:    3686952 bytes,   12028216 total
- age   3:    2461616 bytes,   14489832 total
- age   4:    1680120 bytes,   16169952 total
- age   5:    2379960 bytes,   18549912 total
- age   6:    3192168 bytes,   21742080 total
: 109248K->21824K(109248K), 0.0227784 secs] 294035K->214331K(502464K), 0.0228422 secs] [Times: user=0.08 sys=0.00, real=0.03 secs] 
Heap after GC invocations=345 (full 22):
 par new generation   total 109248K, used 21824K [0x00000007a0000000, 0x00000007a8000000, 0x00000007a8000000)
  eden space 87424K,   0% used [0x00000007a0000000, 0x00000007a0000000, 0x00000007a5560000)
  from space 21824K, 100% used [0x00000007a6ab0000, 0x00000007a8000000, 0x00000007a8000000)
  to   space 21824K,   0% used [0x00000007a5560000, 0x00000007a5560000, 0x00000007a6ab0000)
 concurrent mark-sweep generation total 393216K, used 192507K [0x00000007a8000000, 0x00000007c0000000, 0x00000007c0000000)
 Metaspace       used 34290K, capacity 34772K, committed 35452K, reserved 1081344K
  class space    used 4014K, capacity 4169K, committed 4220K, reserved 1048576K
}
2016-10-24T04:54:03.972+0800: 399.321: Total time for which application threads were stopped: 0.0230132 seconds, Stopping threads took: 0.0000283 seconds
{Heap before GC invocations=345 (full 22):
 par new generation   total 109248K, used 109248K [0x00000007a0000000, 0x00000007a8000000, 0x00000007a8000000)
  eden space 87424K, 100% used [0x00000007a0000000, 0x00000007a5560000, 0x00000007a5560000)
  from space 21824K, 100% used [0x00000007a6ab0000, 0x00000007a8000000, 0x00000007a8000000)
  to   space 21824K,   0% used [0x00000007a5560000, 0x00000007a5560000, 0x00000007a6ab0000)
 concurrent mark-sweep generation total 393216K, used 192507K [0x00000007a8000000, 0x00000007c0000000, 0x00000007c0000000)
 Metaspace       used 34290K, capacity 34772K, committed 35452K, reserved 1081344K
  class space    used 4014K, capacity 4169K, committed 4220K, reserved 1048576K
2016-10-24T04:54:04.188+0800: 399.537: [GC (Allocation Failure) 2016-10-24T04:54:04.188+0800: 399.537: [ParNew
Desired survivor size 20112992 bytes, new threshold 6 (max 8)
- age   1:    4545104 bytes,    4545104 total
- age   2:    7530048 bytes,   12075152 total
- age   3:    2051432 bytes,   14126584 total
- age   4:    2171936 bytes,   16298520 total
- age   5:    1665136 bytes,   17963656 total
- age   6:    2360072 bytes,   20323728 total
: 109248K->21824K(109248K), 0.0256297 secs] 301755K->220829K(502464K), 0.0257184 secs] [Times: user=0.10 sys=0.00, real=0.03 secs] 
Heap after GC invocations=346 (full 22):
 par new generation   total 109248K, used 21824K [0x00000007a0000000, 0x00000007a8000000, 0x00000007a8000000)
  eden space 87424K,   0% used [0x00000007a0000000, 0x00000007a0000000, 0x00000007a5560000)
  from space 21824K, 100% used [0x00000007a5560000, 0x00000007a6ab0000, 0x00000007a6ab0000)
  to   space 21824K,   0% used [0x00000007a6ab0000, 0x00000007a6ab0000, 0x00000007a8000000)
 concurrent mark-sweep generation total 393216K, used 199005K [0x00000007a8000000, 0x00000007c0000000, 0x00000007c0000000)
 Metaspace       used 34290K, capacity 34772K, committed 35452K, reserved 1081344K
  class space    used 4014K, capacity 4169K, committed 4220K, reserved 1048576K
}
2016-10-24T04:54:04.213+0800: 399.563: Total time for which application threads were stopped: 0.0258886 seconds, Stopping threads took: 0.0000280 seconds
2016-10-24T04:54:04.214+0800: 399.563: [GC (CMS Initial Mark) [1 CMS-initial-mark: 199005K(393216K)] 222571K(502464K), 0.0045573 secs] [Times: user=0.01 sys=0.00, real=0.00 secs] 
2016-10-24T04:54:04.218+0800: 399.567: Total time for which application threads were stopped: 0.0047656 seconds, Stopping threads took: 0.0000795 seconds
2016-10-24T04:54:04.218+0800: 399.568: [CMS-concurrent-mark-start]
2016-10-24T04:54:04.283+0800: 399.633: [CMS-concurrent-mark: 0.065/0.065 secs] [Times: user=0.32 sys=0.00, real=0.07 secs] 
2016-10-24T04:54:04.283+0800: 399.633: [CMS-concurrent-preclean-start]
2016-10-24T04:54:04.293+0800: 399.642: [CMS-concurrent-preclean: 0.008/0.009 secs] [Times: user=0.02 sys=0.00, real=0.01 secs] 
2016-10-24T04:54:04.293+0800: 399.642: [CMS-concurrent-abortable-preclean-start]
{Heap before GC invocations=346 (full 23):
 par new generation   total 109248K, used 109248K [0x00000007a0000000, 0x00000007a8000000, 0x00000007a8000000)
  eden space 87424K, 100% used [0x00000007a0000000, 0x00000007a5560000, 0x00000007a5560000)
  from space 21824K, 100% used [0x00000007a5560000, 0x00000007a6ab0000, 0x00000007a6ab0000)
  to   space 21824K,   0% used [0x00000007a6ab0000, 0x00000007a6ab0000, 0x00000007a8000000)
 concurrent mark-sweep generation total 393216K, used 199005K [0x00000007a8000000, 0x00000007c0000000, 0x00000007c0000000)
 Metaspace       used 34290K, capacity 34772K, committed 35452K, reserved 1081344K
  class space    used 4014K, capacity 4169K, committed 4220K, reserved 1048576K
2016-10-24T04:54:04.435+0800: 399.785: [GC (Allocation Failure) 2016-10-24T04:54:04.435+0800: 399.785: [ParNew
Desired survivor size 20112992 bytes, new threshold 6 (max 8)
- age   1:    8851872 bytes,    8851872 total
- age   2:    4495888 bytes,   13347760 total
- age   3:    1928944 bytes,   15276704 total
- age   4:    2012768 bytes,   17289472 total
- age   5:    1956416 bytes,   19245888 total
- age   6:    1500360 bytes,   20746248 total
: 109248K->21824K(109248K), 0.0321826 secs] 308253K->227186K(502464K), 0.0322361 secs] [Times: user=0.12 sys=0.01, real=0.03 secs] 
Heap after GC invocations=347 (full 23):
 par new generation   total 109248K, used 21824K [0x00000007a0000000, 0x00000007a8000000, 0x00000007a8000000)
  eden space 87424K,   0% used [0x00000007a0000000, 0x00000007a0000000, 0x00000007a5560000)
  from space 21824K, 100% used [0x00000007a6ab0000, 0x00000007a8000000, 0x00000007a8000000)
  to   space 21824K,   0% used [0x00000007a5560000, 0x00000007a5560000, 0x00000007a6ab0000)
 concurrent mark-sweep generation total 393216K, used 205362K [0x00000007a8000000, 0x00000007c0000000, 0x00000007c0000000)
 Metaspace       used 34290K, capacity 34772K, committed 35452K, reserved 1081344K
  class space    used 4014K, capacity 4169K, committed 4220K, reserved 1048576K
}
2016-10-24T04:54:04.468+0800: 399.817: Total time for which application threads were stopped: 0.0324406 seconds, Stopping threads took: 0.0000186 seconds
2016-10-24T04:54:04.651+0800: 400.000: [CMS-concurrent-abortable-preclean: 0.320/0.358 secs] [Times: user=0.77 sys=0.01, real=0.36 secs] 
2016-10-24T04:54:04.651+0800: 400.000: [GC (CMS Final Remark) [YG occupancy: 94028 K (109248 K)]{Heap before GC invocations=347 (full 23):
 par new generation   total 109248K, used 94028K [0x00000007a0000000, 0x00000007a8000000, 0x00000007a8000000)
  eden space 87424K,  82% used [0x00000007a0000000, 0x00000007a4683140, 0x00000007a5560000)
  from space 21824K, 100% used [0x00000007a6ab0000, 0x00000007a8000000, 0x00000007a8000000)
  to   space 21824K,   0% used [0x00000007a5560000, 0x00000007a5560000, 0x00000007a6ab0000)
 concurrent mark-sweep generation total 393216K, used 205362K [0x00000007a8000000, 0x00000007c0000000, 0x00000007c0000000)
 Metaspace       used 34290K, capacity 34772K, committed 35452K, reserved 1081344K
  class space    used 4014K, capacity 4169K, committed 4220K, reserved 1048576K
2016-10-24T04:54:04.651+0800: 400.000: [GC (CMS Final Remark) 2016-10-24T04:54:04.651+0800: 400.000: [ParNew
Desired survivor size 20112992 bytes, new threshold 6 (max 8)
- age   1:    4678152 bytes,    4678152 total
- age   2:    7758184 bytes,   12436336 total
- age   3:    2583408 bytes,   15019744 total
- age   4:    1819792 bytes,   16839536 total
- age   5:    1908664 bytes,   18748200 total
- age   6:    1855288 bytes,   20603488 total
: 94028K->21824K(109248K), 0.0342448 secs] 299391K->235551K(502464K), 0.0342937 secs] [Times: user=0.13 sys=0.00, real=0.03 secs] 
Heap after GC invocations=348 (full 23):
 par new generation   total 109248K, used 21824K [0x00000007a0000000, 0x00000007a8000000, 0x00000007a8000000)
  eden space 87424K,   0% used [0x00000007a0000000, 0x00000007a0000000, 0x00000007a5560000)
  from space 21824K, 100% used [0x00000007a5560000, 0x00000007a6ab0000, 0x00000007a6ab0000)
  to   space 21824K,   0% used [0x00000007a6ab0000, 0x00000007a6ab0000, 0x00000007a8000000)
 concurrent mark-sweep generation total 393216K, used 213727K [0x00000007a8000000, 0x00000007c0000000, 0x00000007c0000000)
 Metaspace       used 34290K, capacity 34772K, committed 35452K, reserved 1081344K
  class space    used 4014K, capacity 4169K, committed 4220K, reserved 1048576K
}
2016-10-24T04:54:04.685+0800: 400.035: [Rescan (parallel) , 0.0171474 secs]2016-10-24T04:54:04.703+0800: 400.052: [weak refs processing, 0.0007778 secs]2016-10-24T04:54:04.703+0800: 400.053: [class unloading, 0.0061292 secs]2016-10-24T04:54:04.710+0800: 400.059: [scrub symbol table, 0.0043315 secs]2016-10-24T04:54:04.714+0800: 400.063: [scrub string table, 0.0004183 secs][1 CMS-remark: 213727K(393216K)] 235551K(502464K), 0.0633872 secs] [Times: user=0.21 sys=0.00, real=0.06 secs] 
2016-10-24T04:54:04.715+0800: 400.064: Total time for which application threads were stopped: 0.0635054 seconds, Stopping threads took: 0.0000196 seconds
2016-10-24T04:54:04.715+0800: 400.064: [CMS-concurrent-sweep-start]
2016-10-24T04:54:04.769+0800: 400.118: [CMS-concurrent-sweep: 0.054/0.054 secs] [Times: user=0.10 sys=0.00, real=0.05 secs] 
2016-10-24T04:54:04.769+0800: 400.118: [CMS-concurrent-reset-start]
2016-10-24T04:54:04.769+0800: 400.118: [CMS-concurrent-reset: 0.000/0.000 secs] [Times: user=0.00 sys=0.00, real=0.00 secs] 
{Heap before GC invocations=348 (full 23):
 par new generation   total 109248K, used 109248K [0x00000007a0000000, 0x00000007a8000000, 0x00000007a8000000)
  eden space 87424K, 100% used [0x00000007a0000000, 0x00000007a5560000, 0x00000007a5560000)
  from space 21824K, 100% used [0x00000007a5560000, 0x00000007a6ab0000, 0x00000007a6ab0000)
  to   space 21824K,   0% used [0x00000007a6ab0000, 0x00000007a6ab0000, 0x00000007a8000000)
 concurrent mark-sweep generation total 393216K, used 205319K [0x00000007a8000000, 0x00000007c0000000, 0x00000007c0000000)
 Metaspace       used 34290K, capacity 34772K, committed 35452K, reserved 1081344K
  class space    used 4014K, capacity 4169K, committed 4220K, reserved 1048576K
2016-10-24T04:54:04.928+0800: 400.277: [GC (Allocation Failure) 2016-10-24T04:54:04.928+0800: 400.277: [ParNew
Desired survivor size 20112992 bytes, new threshold 6 (max 8)
- age   1:    8754840 bytes,    8754840 total
- age   2:    4335992 bytes,   13090832 total
- age   3:    2480672 bytes,   15571504 total
- age   4:    2444040 bytes,   18015544 total
- age   5:    1668632 bytes,   19684176 total
- age   6:    1790336 bytes,   21474512 total
: 109248K->21824K(109248K), 0.0272385 secs] 314567K->234773K(502464K), 0.0273133 secs] [Times: user=0.10 sys=0.00, real=0.03 secs] 
Heap after GC invocations=349 (full 23):
 par new generation   total 109248K, used 21824K [0x00000007a0000000, 0x00000007a8000000, 0x00000007a8000000)
  eden space 87424K,   0% used [0x00000007a0000000, 0x00000007a0000000, 0x00000007a5560000)
  from space 21824K, 100% used [0x00000007a6ab0000, 0x00000007a8000000, 0x00000007a8000000)
  to   space 21824K,   0% used [0x00000007a5560000, 0x00000007a5560000, 0x00000007a6ab0000)
 concurrent mark-sweep generation total 393216K, used 212949K [0x00000007a8000000, 0x00000007c0000000, 0x00000007c0000000)
 Metaspace       used 34290K, capacity 34772K, committed 35452K, reserved 1081344K
  class space    used 4014K, capacity 4169K, committed 4220K, reserved 1048576K
}
2016-10-24T04:54:04.955+0800: 400.305: Total time for which application threads were stopped: 0.0274873 seconds, Stopping threads took: 0.0000293 seconds
2016-10-24T04:54:04.956+0800: 400.305: [GC (CMS Initial Mark) [1 CMS-initial-mark: 212949K(393216K)] 234774K(502464K), 0.0036448 secs] [Times: user=0.02 sys=0.00, real=0.00 secs] 
2016-10-24T04:54:04.959+0800: 400.309: Total time for which application threads were stopped: 0.0038164 seconds, Stopping threads took: 0.0000583 seconds
2016-10-24T04:54:04.959+0800: 400.309: [CMS-concurrent-mark-start]
2016-10-24T04:54:05.058+0800: 400.407: [CMS-concurrent-mark: 0.098/0.098 secs] [Times: user=0.48 sys=0.01, real=0.10 secs] 
2016-10-24T04:54:05.058+0800: 400.407: [CMS-concurrent-preclean-start]
2016-10-24T04:54:05.082+0800: 400.431: [CMS-concurrent-preclean: 0.023/0.024 secs] [Times: user=0.05 sys=0.00, real=0.03 secs] 
2016-10-24T04:54:05.082+0800: 400.431: [CMS-concurrent-abortable-preclean-start]
{Heap before GC invocations=349 (full 24):
 par new generation   total 109248K, used 109248K [0x00000007a0000000, 0x00000007a8000000, 0x00000007a8000000)
  eden space 87424K, 100% used [0x00000007a0000000, 0x00000007a5560000, 0x00000007a5560000)
  from space 21824K, 100% used [0x00000007a6ab0000, 0x00000007a8000000, 0x00000007a8000000)
  to   space 21824K,   0% used [0x00000007a5560000, 0x00000007a5560000, 0x00000007a6ab0000)
 concurrent mark-sweep generation total 393216K, used 212949K [0x00000007a8000000, 0x00000007c0000000, 0x00000007c0000000)
 Metaspace       used 34290K, capacity 34772K, committed 35452K, reserved 1081344K
  class space    used 4014K, capacity 4169K, committed 4220K, reserved 1048576K
2016-10-24T04:54:05.221+0800: 400.570: [GC (Allocation Failure) 2016-10-24T04:54:05.221+0800: 400.570: [ParNew
Desired survivor size 20112992 bytes, new threshold 6 (max 8)
- age   1:    6609992 bytes,    6609992 total
- age   2:    7244464 bytes,   13854456 total
- age   3:    1867744 bytes,   15722200 total
- age   4:    2142960 bytes,   17865160 total
- age   5:    2145440 bytes,   20010600 total
- age   6:    1545080 bytes,   21555680 total
: 109248K->21824K(109248K), 0.0312092 secs] 322197K->241862K(502464K), 0.0312679 secs] [Times: user=0.12 sys=0.00, real=0.03 secs] 
Heap after GC invocations=350 (full 24):
 par new generation   total 109248K, used 21824K [0x00000007a0000000, 0x00000007a8000000, 0x00000007a8000000)
  eden space 87424K,   0% used [0x00000007a0000000, 0x00000007a0000000, 0x00000007a5560000)
  from space 21824K, 100% used [0x00000007a5560000, 0x00000007a6ab0000, 0x00000007a6ab0000)
  to   space 21824K,   0% used [0x00000007a6ab0000, 0x00000007a6ab0000, 0x00000007a8000000)
 concurrent mark-sweep generation total 393216K, used 220038K [0x00000007a8000000, 0x00000007c0000000, 0x00000007c0000000)
 Metaspace       used 34290K, capacity 34772K, committed 35452K, reserved 1081344K
  class space    used 4014K, capacity 4169K, committed 4220K, reserved 1048576K
}
2016-10-24T04:54:05.252+0800: 400.601: Total time for which application threads were stopped: 0.0314365 seconds, Stopping threads took: 0.0000287 seconds
2016-10-24T04:54:05.931+0800: 401.280: [CMS-concurrent-abortable-preclean: 0.508/0.849 secs] [Times: user=1.43 sys=0.01, real=0.85 secs] 
2016-10-24T04:54:05.935+0800: 401.284: [GC (CMS Final Remark) [YG occupancy: 72317 K (109248 K)]{Heap before GC invocations=350 (full 24):
 par new generation   total 109248K, used 72317K [0x00000007a0000000, 0x00000007a8000000, 0x00000007a8000000)
  eden space 87424K,  57% used [0x00000007a0000000, 0x00000007a314f578, 0x00000007a5560000)
  from space 21824K, 100% used [0x00000007a5560000, 0x00000007a6ab0000, 0x00000007a6ab0000)
  to   space 21824K,   0% used [0x00000007a6ab0000, 0x00000007a6ab0000, 0x00000007a8000000)
 concurrent mark-sweep generation total 393216K, used 220038K [0x00000007a8000000, 0x00000007c0000000, 0x00000007c0000000)
 Metaspace       used 34290K, capacity 34772K, committed 35452K, reserved 1081344K
  class space    used 4014K, capacity 4169K, committed 4220K, reserved 1048576K
2016-10-24T04:54:05.935+0800: 401.284: [GC (CMS Final Remark) 2016-10-24T04:54:05.935+0800: 401.284: [ParNew
Desired survivor size 20112992 bytes, new threshold 8 (max 8)
- age   1:    2096408 bytes,    2096408 total
- age   2:    5716112 bytes,    7812520 total
- age   3:    6373912 bytes,   14186432 total
- age   4:    1590640 bytes,   15777072 total
- age   5:    1839120 bytes,   17616192 total
- age   6:    1858424 bytes,   19474616 total
: 72317K->21824K(109248K), 0.0213782 secs] 292355K->245378K(502464K), 0.0214279 secs] [Times: user=0.08 sys=0.00, real=0.02 secs] 
Heap after GC invocations=351 (full 24):
 par new generation   total 109248K, used 21824K [0x00000007a0000000, 0x00000007a8000000, 0x00000007a8000000)
  eden space 87424K,   0% used [0x00000007a0000000, 0x00000007a0000000, 0x00000007a5560000)
  from space 21824K, 100% used [0x00000007a6ab0000, 0x00000007a8000000, 0x00000007a8000000)
  to   space 21824K,   0% used [0x00000007a5560000, 0x00000007a5560000, 0x00000007a6ab0000)
 concurrent mark-sweep generation total 393216K, used 223554K [0x00000007a8000000, 0x00000007c0000000, 0x00000007c0000000)
 Metaspace       used 34290K, capacity 34772K, committed 35452K, reserved 1081344K
  class space    used 4014K, capacity 4169K, committed 4220K, reserved 1048576K
}
2016-10-24T04:54:05.956+0800: 401.306: [Rescan (parallel) , 0.0116391 secs]2016-10-24T04:54:05.968+0800: 401.317: [weak refs processing, 0.0010452 secs]2016-10-24T04:54:05.969+0800: 401.318: [class unloading, 0.0069745 secs]2016-10-24T04:54:05.976+0800: 401.325: [scrub symbol table, 0.0067999 secs]2016-10-24T04:54:05.983+0800: 401.332: [scrub string table, 0.0004716 secs][1 CMS-remark: 223554K(393216K)] 245378K(502464K), 0.0486133 secs] [Times: user=0.14 sys=0.00, real=0.05 secs] 
2016-10-24T04:54:05.984+0800: 401.333: Total time for which application threads were stopped: 0.0523885 seconds, Stopping threads took: 0.0036532 seconds
2016-10-24T04:54:05.984+0800: 401.333: [CMS-concurrent-sweep-start]
2016-10-24T04:54:06.041+0800: 401.390: [CMS-concurrent-sweep: 0.057/0.057 secs] [Times: user=0.11 sys=0.00, real=0.06 secs] 
2016-10-24T04:54:06.041+0800: 401.390: [CMS-concurrent-reset-start]
2016-10-24T04:54:06.041+0800: 401.391: [CMS-concurrent-reset: 0.000/0.000 secs] [Times: user=0.00 sys=0.00, real=0.00 secs] 
{Heap before GC invocations=351 (full 24):
 par new generation   total 109248K, used 109248K [0x00000007a0000000, 0x00000007a8000000, 0x00000007a8000000)
  eden space 87424K, 100% used [0x00000007a0000000, 0x00000007a5560000, 0x00000007a5560000)
  from space 21824K, 100% used [0x00000007a6ab0000, 0x00000007a8000000, 0x00000007a8000000)
  to   space 21824K,   0% used [0x00000007a5560000, 0x00000007a5560000, 0x00000007a6ab0000)
 concurrent mark-sweep generation total 393216K, used 216199K [0x00000007a8000000, 0x00000007c0000000, 0x00000007c0000000)
 Metaspace       used 34291K, capacity 34772K, committed 35452K, reserved 1081344K
  class space    used 4014K, capacity 4169K, committed 4220K, reserved 1048576K
2016-10-24T04:54:06.261+0800: 401.610: [GC (Allocation Failure) 2016-10-24T04:54:06.261+0800: 401.610: [ParNew
Desired survivor size 20112992 bytes, new threshold 8 (max 8)
- age   1:     160224 bytes,     160224 total
- age   2:    1263648 bytes,    1423872 total
- age   3:    5699120 bytes,    7122992 total
- age   4:    6349520 bytes,   13472512 total
- age   5:    1569768 bytes,   15042280 total
- age   6:    1811352 bytes,   16853632 total
- age   7:    1803936 bytes,   18657568 total
: 109248K->21824K(109248K), 0.0160138 secs] 325447K->238176K(502464K), 0.0160874 secs] [Times: user=0.06 sys=0.00, real=0.01 secs] 
Heap after GC invocations=352 (full 24):
 par new generation   total 109248K, used 21824K [0x00000007a0000000, 0x00000007a8000000, 0x00000007a8000000)
  eden space 87424K,   0% used [0x00000007a0000000, 0x00000007a0000000, 0x00000007a5560000)
  from space 21824K, 100% used [0x00000007a5560000, 0x00000007a6ab0000, 0x00000007a6ab0000)
  to   space 21824K,   0% used [0x00000007a6ab0000, 0x00000007a6ab0000, 0x00000007a8000000)
 concurrent mark-sweep generation total 393216K, used 216352K [0x00000007a8000000, 0x00000007c0000000, 0x00000007c0000000)
 Metaspace       used 34291K, capacity 34772K, committed 35452K, reserved 1081344K
  class space    used 4014K, capacity 4169K, committed 4220K, reserved 1048576K
}
2016-10-24T04:54:06.277+0800: 401.626: Total time for which application threads were stopped: 0.0162827 seconds, Stopping threads took: 0.0000220 seconds
2016-10-24T04:54:06.277+0800: 401.627: [GC (CMS Initial Mark) [1 CMS-initial-mark: 216352K(393216K)] 239940K(502464K), 0.0072262 secs] [Times: user=0.02 sys=0.00, real=0.01 secs] 
2016-10-24T04:54:06.284+0800: 401.634: Total time for which application threads were stopped: 0.0074683 seconds, Stopping threads took: 0.0001067 seconds
2016-10-24T04:54:06.284+0800: 401.634: [CMS-concurrent-mark-start]
{Heap before GC invocations=352 (full 25):
 par new generation   total 109248K, used 109248K [0x00000007a0000000, 0x00000007a8000000, 0x00000007a8000000)
  eden space 87424K, 100% used [0x00000007a0000000, 0x00000007a5560000, 0x00000007a5560000)
  from space 21824K, 100% used [0x00000007a5560000, 0x00000007a6ab0000, 0x00000007a6ab0000)
  to   space 21824K,   0% used [0x00000007a6ab0000, 0x00000007a6ab0000, 0x00000007a8000000)
 concurrent mark-sweep generation total 393216K, used 216352K [0x00000007a8000000, 0x00000007c0000000, 0x00000007c0000000)
 Metaspace       used 34291K, capacity 34772K, committed 35452K, reserved 1081344K
  class space    used 4014K, capacity 4169K, committed 4220K, reserved 1048576K
2016-10-24T04:54:06.328+0800: 401.678: [GC (Allocation Failure) 2016-10-24T04:54:06.328+0800: 401.678: [ParNew
Desired survivor size 20112992 bytes, new threshold 8 (max 8)
- age   1:      98968 bytes,      98968 total
- age   2:     110520 bytes,     209488 total
- age   3:    1243136 bytes,    1452624 total
- age   4:    5628944 bytes,    7081568 total
- age   5:    6297584 bytes,   13379152 total
- age   6:    1518840 bytes,   14897992 total
- age   7:    1751368 bytes,   16649360 total
- age   8:    1744616 bytes,   18393976 total
: 109248K->21824K(109248K), 0.0181114 secs] 325600K->238519K(502464K), 0.0181811 secs] [Times: user=0.07 sys=0.00, real=0.02 secs] 
Heap after GC invocations=353 (full 25):
 par new generation   total 109248K, used 21824K [0x00000007a0000000, 0x00000007a8000000, 0x00000007a8000000)
  eden space 87424K,   0% used [0x00000007a0000000, 0x00000007a0000000, 0x00000007a5560000)
  from space 21824K, 100% used [0x00000007a6ab0000, 0x00000007a8000000, 0x00000007a8000000)
  to   space 21824K,   0% used [0x00000007a5560000, 0x00000007a5560000, 0x00000007a6ab0000)
 concurrent mark-sweep generation total 393216K, used 216695K [0x00000007a8000000, 0x00000007c0000000, 0x00000007c0000000)
 Metaspace       used 34291K, capacity 34772K, committed 35452K, reserved 1081344K
  class space    used 4014K, capacity 4169K, committed 4220K, reserved 1048576K
}
2016-10-24T04:54:06.346+0800: 401.696: Total time for which application threads were stopped: 0.0183568 seconds, Stopping threads took: 0.0000198 seconds
2016-10-24T04:54:06.386+0800: 401.735: [CMS-concurrent-mark: 0.083/0.101 secs] [Times: user=0.48 sys=0.00, real=0.10 secs] 
2016-10-24T04:54:06.386+0800: 401.735: [CMS-concurrent-preclean-start]
2016-10-24T04:54:06.406+0800: 401.755: [CMS-concurrent-preclean: 0.019/0.020 secs] [Times: user=0.04 sys=0.00, real=0.02 secs] 
2016-10-24T04:54:06.406+0800: 401.756: [CMS-concurrent-abortable-preclean-start]
{Heap before GC invocations=353 (full 25):
 par new generation   total 109248K, used 109248K [0x00000007a0000000, 0x00000007a8000000, 0x00000007a8000000)
  eden space 87424K, 100% used [0x00000007a0000000, 0x00000007a5560000, 0x00000007a5560000)
  from space 21824K, 100% used [0x00000007a6ab0000, 0x00000007a8000000, 0x00000007a8000000)
  to   space 21824K,   0% used [0x00000007a5560000, 0x00000007a5560000, 0x00000007a6ab0000)
 concurrent mark-sweep generation total 393216K, used 216695K [0x00000007a8000000, 0x00000007c0000000, 0x00000007c0000000)
 Metaspace       used 34292K, capacity 34772K, committed 35452K, reserved 1081344K
  class space    used 4014K, capacity 4169K, committed 4220K, reserved 1048576K
2016-10-24T04:54:06.451+0800: 401.801: [GC (Allocation Failure) 2016-10-24T04:54:06.452+0800: 401.801: [ParNew
Desired survivor size 20112992 bytes, new threshold 8 (max 8)
- age   1:     112312 bytes,     112312 total
- age   3:      46288 bytes,     158600 total
- age   4:    1223208 bytes,    1381808 total
- age   5:    4754768 bytes,    6136576 total
- age   6:    6290168 bytes,   12426744 total
- age   7:    1512848 bytes,   13939592 total
- age   8:    1744640 bytes,   15684232 total
: 109248K->21824K(109248K), 0.0145070 secs] 325943K->241184K(502464K), 0.0145598 secs] [Times: user=0.05 sys=0.00, real=0.01 secs] 
Heap after GC invocations=354 (full 25):
 par new generation   total 109248K, used 21824K [0x00000007a0000000, 0x00000007a8000000, 0x00000007a8000000)
  eden space 87424K,   0% used [0x00000007a0000000, 0x00000007a0000000, 0x00000007a5560000)
  from space 21824K, 100% used [0x00000007a5560000, 0x00000007a6ab0000, 0x00000007a6ab0000)
  to   space 21824K,   0% used [0x00000007a6ab0000, 0x00000007a6ab0000, 0x00000007a8000000)
 concurrent mark-sweep generation total 393216K, used 219360K [0x00000007a8000000, 0x00000007c0000000, 0x00000007c0000000)
 Metaspace       used 34292K, capacity 34772K, committed 35452K, reserved 1081344K
  class space    used 4014K, capacity 4169K, committed 4220K, reserved 1048576K
}
2016-10-24T04:54:06.466+0800: 401.815: Total time for which application threads were stopped: 0.0147296 seconds, Stopping threads took: 0.0000272 seconds
{Heap before GC invocations=354 (full 25):
 par new generation   total 109248K, used 109248K [0x00000007a0000000, 0x00000007a8000000, 0x00000007a8000000)
  eden space 87424K, 100% used [0x00000007a0000000, 0x00000007a5560000, 0x00000007a5560000)
  from space 21824K, 100% used [0x00000007a5560000, 0x00000007a6ab0000, 0x00000007a6ab0000)
  to   space 21824K,   0% used [0x00000007a6ab0000, 0x00000007a6ab0000, 0x00000007a8000000)
 concurrent mark-sweep generation total 393216K, used 219360K [0x00000007a8000000, 0x00000007c0000000, 0x00000007c0000000)
 Metaspace       used 34294K, capacity 34772K, committed 35452K, reserved 1081344K
  class space    used 4014K, capacity 4169K, committed 4220K, reserved 1048576K
2016-10-24T04:54:06.584+0800: 401.933: [GC (Allocation Failure) 2016-10-24T04:54:06.584+0800: 401.933: [ParNew
Desired survivor size 20112992 bytes, new threshold 8 (max 8)
- age   1:     860192 bytes,     860192 total
- age   4:       3048 bytes,     863240 total
- age   5:    1163264 bytes,    2026504 total
- age   6:    4432064 bytes,    6458568 total
- age   7:    6034024 bytes,   12492592 total
- age   8:    1330736 bytes,   13823328 total
: 109248K->19959K(109248K), 0.0196674 secs] 328608K->240835K(502464K), 0.0197250 secs] [Times: user=0.08 sys=0.00, real=0.02 secs] 
Heap after GC invocations=355 (full 25):
 par new generation   total 109248K, used 19959K [0x00000007a0000000, 0x00000007a8000000, 0x00000007a8000000)
  eden space 87424K,   0% used [0x00000007a0000000, 0x00000007a0000000, 0x00000007a5560000)
  from space 21824K,  91% used [0x00000007a6ab0000, 0x00000007a7e2dc00, 0x00000007a8000000)
  to   space 21824K,   0% used [0x00000007a5560000, 0x00000007a5560000, 0x00000007a6ab0000)
 concurrent mark-sweep generation total 393216K, used 220876K [0x00000007a8000000, 0x00000007c0000000, 0x00000007c0000000)
 Metaspace       used 34294K, capacity 34772K, committed 35452K, reserved 1081344K
  class space    used 4014K, capacity 4169K, committed 4220K, reserved 1048576K
}
2016-10-24T04:54:06.604+0800: 401.953: Total time for which application threads were stopped: 0.0199056 seconds, Stopping threads took: 0.0000198 seconds
2016-10-24T04:54:06.604+0800: 401.953: [CMS-concurrent-abortable-preclean: 0.134/0.197 secs] [Times: user=0.42 sys=0.01, real=0.20 secs] 
2016-10-24T04:54:06.604+0800: 401.953: [GC (CMS Final Remark) [YG occupancy: 21696 K (109248 K)]{Heap before GC invocations=355 (full 25):
 par new generation   total 109248K, used 21696K [0x00000007a0000000, 0x00000007a8000000, 0x00000007a8000000)
  eden space 87424K,   1% used [0x00000007a0000000, 0x00000007a01b2688, 0x00000007a5560000)
  from space 21824K,  91% used [0x00000007a6ab0000, 0x00000007a7e2dc00, 0x00000007a8000000)
  to   space 21824K,   0% used [0x00000007a5560000, 0x00000007a5560000, 0x00000007a6ab0000)
 concurrent mark-sweep generation total 393216K, used 220876K [0x00000007a8000000, 0x00000007c0000000, 0x00000007c0000000)
 Metaspace       used 34294K, capacity 34772K, committed 35452K, reserved 1081344K
  class space    used 4014K, capacity 4169K, committed 4220K, reserved 1048576K
2016-10-24T04:54:06.604+0800: 401.953: [GC (CMS Final Remark) 2016-10-24T04:54:06.604+0800: 401.953: [ParNew
Desired survivor size 20112992 bytes, new threshold 8 (max 8)
- age   1:       1472 bytes,       1472 total
- age   2:     859848 bytes,     861320 total
- age   5:       3048 bytes,     864368 total
- age   6:    1163264 bytes,    2027632 total
- age   7:    4432064 bytes,    6459696 total
- age   8:    6034024 bytes,   12493720 total
: 21696K->13803K(109248K), 0.0129064 secs] 242573K->236006K(502464K), 0.0129437 secs] [Times: user=0.04 sys=0.00, real=0.01 secs] 
Heap after GC invocations=356 (full 25):
 par new generation   total 109248K, used 13803K [0x00000007a0000000, 0x00000007a8000000, 0x00000007a8000000)
  eden space 87424K,   0% used [0x00000007a0000000, 0x00000007a0000000, 0x00000007a5560000)
  from space 21824K,  63% used [0x00000007a5560000, 0x00000007a62dafb8, 0x00000007a6ab0000)
  to   space 21824K,   0% used [0x00000007a6ab0000, 0x00000007a6ab0000, 0x00000007a8000000)
 concurrent mark-sweep generation total 393216K, used 222202K [0x00000007a8000000, 0x00000007c0000000, 0x00000007c0000000)
 Metaspace       used 34294K, capacity 34772K, committed 35452K, reserved 1081344K
  class space    used 4014K, capacity 4169K, committed 4220K, reserved 1048576K
}
2016-10-24T04:54:06.617+0800: 401.966: [Rescan (parallel) , 0.0087418 secs]2016-10-24T04:54:06.626+0800: 401.975: [weak refs processing, 0.0007292 secs]2016-10-24T04:54:06.626+0800: 401.976: [class unloading, 0.0060495 secs]2016-10-24T04:54:06.632+0800: 401.982: [scrub symbol table, 0.0041179 secs]2016-10-24T04:54:06.637+0800: 401.986: [scrub string table, 0.0004411 secs][1 CMS-remark: 222202K(393216K)] 236006K(502464K), 0.0332677 secs] [Times: user=0.09 sys=0.00, real=0.03 secs] 
2016-10-24T04:54:06.637+0800: 401.986: Total time for which application threads were stopped: 0.0334453 seconds, Stopping threads took: 0.0000581 seconds
2016-10-24T04:54:06.637+0800: 401.987: [CMS-concurrent-sweep-start]
2016-10-24T04:54:06.702+0800: 402.051: [CMS-concurrent-sweep: 0.065/0.065 secs] [Times: user=0.13 sys=0.00, real=0.07 secs] 
2016-10-24T04:54:06.702+0800: 402.051: [CMS-concurrent-reset-start]
2016-10-24T04:54:06.702+0800: 402.052: [CMS-concurrent-reset: 0.000/0.000 secs] [Times: user=0.00 sys=0.00, real=0.00 secs] 
{Heap before GC invocations=356 (full 25):
 par new generation   total 109248K, used 101227K [0x00000007a0000000, 0x00000007a8000000, 0x00000007a8000000)
  eden space 87424K, 100% used [0x00000007a0000000, 0x00000007a5560000, 0x00000007a5560000)
  from space 21824K,  63% used [0x00000007a5560000, 0x00000007a62dafb8, 0x00000007a6ab0000)
  to   space 21824K,   0% used [0x00000007a6ab0000, 0x00000007a6ab0000, 0x00000007a8000000)
 concurrent mark-sweep generation total 393216K, used 209863K [0x00000007a8000000, 0x00000007c0000000, 0x00000007c0000000)
 Metaspace       used 34294K, capacity 34772K, committed 35452K, reserved 1081344K
  class space    used 4014K, capacity 4169K, committed 4220K, reserved 1048576K
2016-10-24T04:54:06.834+0800: 402.183: [GC (Allocation Failure) 2016-10-24T04:54:06.834+0800: 402.183: [ParNew
Desired survivor size 20112992 bytes, new threshold 8 (max 8)
- age   1:    5845584 bytes,    5845584 total
- age   3:     731616 bytes,    6577200 total
- age   6:       3048 bytes,    6580248 total
- age   7:    1136856 bytes,    7717104 total
- age   8:    4325040 bytes,   12042144 total
: 101227K->13064K(109248K), 0.0165327 secs] 311090K->228662K(502464K), 0.0165879 secs] [Times: user=0.06 sys=0.01, real=0.02 secs] 
Heap after GC invocations=357 (full 25):
 par new generation   total 109248K, used 13064K [0x00000007a0000000, 0x00000007a8000000, 0x00000007a8000000)
  eden space 87424K,   0% used [0x00000007a0000000, 0x00000007a0000000, 0x00000007a5560000)
  from space 21824K,  59% used [0x00000007a6ab0000, 0x00000007a7772228, 0x00000007a8000000)
  to   space 21824K,   0% used [0x00000007a5560000, 0x00000007a5560000, 0x00000007a6ab0000)
 concurrent mark-sweep generation total 393216K, used 215597K [0x00000007a8000000, 0x00000007c0000000, 0x00000007c0000000)
 Metaspace       used 34294K, capacity 34772K, committed 35452K, reserved 1081344K
  class space    used 4014K, capacity 4169K, committed 4220K, reserved 1048576K
}
2016-10-24T04:54:06.851+0800: 402.200: Total time for which application threads were stopped: 0.0167578 seconds, Stopping threads took: 0.0000200 seconds
2016-10-24T04:54:06.851+0800: 402.200: [GC (CMS Initial Mark) [1 CMS-initial-mark: 215597K(393216K)] 230401K(502464K), 0.0025984 secs] [Times: user=0.01 sys=0.00, real=0.00 secs] 
2016-10-24T04:54:06.853+0800: 402.203: Total time for which application threads were stopped: 0.0027523 seconds, Stopping threads took: 0.0000496 seconds
2016-10-24T04:54:06.854+0800: 402.203: [CMS-concurrent-mark-start]
2016-10-24T04:54:06.918+0800: 402.267: [CMS-concurrent-mark: 0.064/0.064 secs] [Times: user=0.31 sys=0.00, real=0.06 secs] 
2016-10-24T04:54:06.918+0800: 402.267: [CMS-concurrent-preclean-start]
2016-10-24T04:54:06.924+0800: 402.273: [CMS-concurrent-preclean: 0.005/0.005 secs] [Times: user=0.02 sys=0.00, real=0.01 secs] 
2016-10-24T04:54:06.924+0800: 402.273: [CMS-concurrent-abortable-preclean-start]
{Heap before GC invocations=357 (full 26):
 par new generation   total 109248K, used 100488K [0x00000007a0000000, 0x00000007a8000000, 0x00000007a8000000)
  eden space 87424K, 100% used [0x00000007a0000000, 0x00000007a5560000, 0x00000007a5560000)
  from space 21824K,  59% used [0x00000007a6ab0000, 0x00000007a7772228, 0x00000007a8000000)
  to   space 21824K,   0% used [0x00000007a5560000, 0x00000007a5560000, 0x00000007a6ab0000)
 concurrent mark-sweep generation total 393216K, used 215597K [0x00000007a8000000, 0x00000007c0000000, 0x00000007c0000000)
 Metaspace       used 34294K, capacity 34772K, committed 35452K, reserved 1081344K
  class space    used 4014K, capacity 4169K, committed 4220K, reserved 1048576K
2016-10-24T04:54:07.053+0800: 402.403: [GC (Allocation Failure) 2016-10-24T04:54:07.054+0800: 402.403: [ParNew
Desired survivor size 20112992 bytes, new threshold 8 (max 8)
- age   1:    6745400 bytes,    6745400 total
- age   2:    4772664 bytes,   11518064 total
- age   4:     728928 bytes,   12246992 total
- age   7:       3048 bytes,   12250040 total
- age   8:    1136856 bytes,   13386896 total
: 100488K->17971K(109248K), 0.0167540 secs] 316086K->237804K(502464K), 0.0168429 secs] [Times: user=0.07 sys=0.00, real=0.02 secs] 
Heap after GC invocations=358 (full 26):
 par new generation   total 109248K, used 17971K [0x00000007a0000000, 0x00000007a8000000, 0x00000007a8000000)
  eden space 87424K,   0% used [0x00000007a0000000, 0x00000007a0000000, 0x00000007a5560000)
  from space 21824K,  82% used [0x00000007a5560000, 0x00000007a66ece10, 0x00000007a6ab0000)
  to   space 21824K,   0% used [0x00000007a6ab0000, 0x00000007a6ab0000, 0x00000007a8000000)
 concurrent mark-sweep generation total 393216K, used 219833K [0x00000007a8000000, 0x00000007c0000000, 0x00000007c0000000)
 Metaspace       used 34294K, capacity 34772K, committed 35452K, reserved 1081344K
  class space    used 4014K, capacity 4169K, committed 4220K, reserved 1048576K
}
2016-10-24T04:54:07.070+0800: 402.420: Total time for which application threads were stopped: 0.0171078 seconds, Stopping threads took: 0.0000332 seconds
2016-10-24T04:54:07.167+0800: 402.517: [CMS-concurrent-abortable-preclean: 0.223/0.244 secs] [Times: user=0.51 sys=0.00, real=0.24 secs] 
2016-10-24T04:54:07.168+0800: 402.517: [GC (CMS Final Remark) [YG occupancy: 61792 K (109248 K)]{Heap before GC invocations=358 (full 26):
 par new generation   total 109248K, used 61792K [0x00000007a0000000, 0x00000007a8000000, 0x00000007a8000000)
  eden space 87424K,  50% used [0x00000007a0000000, 0x00000007a2acb2e0, 0x00000007a5560000)
  from space 21824K,  82% used [0x00000007a5560000, 0x00000007a66ece10, 0x00000007a6ab0000)
  to   space 21824K,   0% used [0x00000007a6ab0000, 0x00000007a6ab0000, 0x00000007a8000000)
 concurrent mark-sweep generation total 393216K, used 219833K [0x00000007a8000000, 0x00000007c0000000, 0x00000007c0000000)
 Metaspace       used 34294K, capacity 34772K, committed 35452K, reserved 1081344K
  class space    used 4014K, capacity 4169K, committed 4220K, reserved 1048576K
2016-10-24T04:54:07.168+0800: 402.517: [GC (CMS Final Remark) 2016-10-24T04:54:07.168+0800: 402.517: [ParNew
Desired survivor size 20112992 bytes, new threshold 8 (max 8)
- age   1:    4143416 bytes,    4143416 total
- age   2:    5341528 bytes,    9484944 total
- age   3:    4772664 bytes,   14257608 total
- age   5:     728928 bytes,   14986536 total
- age   8:       3048 bytes,   14989584 total
: 61792K->19563K(109248K), 0.0134618 secs] 281625K->240510K(502464K), 0.0134965 secs] [Times: user=0.05 sys=0.00, real=0.02 secs] 
Heap after GC invocations=359 (full 26):
 par new generation   total 109248K, used 19563K [0x00000007a0000000, 0x00000007a8000000, 0x00000007a8000000)
  eden space 87424K,   0% used [0x00000007a0000000, 0x00000007a0000000, 0x00000007a5560000)
  from space 21824K,  89% used [0x00000007a6ab0000, 0x00000007a7dcadb0, 0x00000007a8000000)
  to   space 21824K,   0% used [0x00000007a5560000, 0x00000007a5560000, 0x00000007a6ab0000)
 concurrent mark-sweep generation total 393216K, used 220947K [0x00000007a8000000, 0x00000007c0000000, 0x00000007c0000000)
 Metaspace       used 34294K, capacity 34772K, committed 35452K, reserved 1081344K
  class space    used 4014K, capacity 4169K, committed 4220K, reserved 1048576K
}
2016-10-24T04:54:07.181+0800: 402.531: [Rescan (parallel) , 0.0097639 secs]2016-10-24T04:54:07.191+0800: 402.540: [weak refs processing, 0.0010471 secs]2016-10-24T04:54:07.192+0800: 402.541: [class unloading, 0.0070088 secs]2016-10-24T04:54:07.199+0800: 402.548: [scrub symbol table, 0.0052031 secs]2016-10-24T04:54:07.204+0800: 402.554: [scrub string table, 0.0004757 secs][1 CMS-remark: 220947K(393216K)] 240510K(502464K), 0.0372339 secs] [Times: user=0.10 sys=0.00, real=0.04 secs] 
2016-10-24T04:54:07.205+0800: 402.554: Total time for which application threads were stopped: 0.0373999 seconds, Stopping threads took: 0.0000527 seconds
2016-10-24T04:54:07.205+0800: 402.554: [CMS-concurrent-sweep-start]
2016-10-24T04:54:07.314+0800: 402.664: [CMS-concurrent-sweep: 0.109/0.109 secs] [Times: user=0.21 sys=0.01, real=0.11 secs] 
2016-10-24T04:54:07.314+0800: 402.664: [CMS-concurrent-reset-start]
2016-10-24T04:54:07.315+0800: 402.664: [CMS-concurrent-reset: 0.000/0.000 secs] [Times: user=0.01 sys=0.00, real=0.00 secs] 
{Heap before GC invocations=359 (full 26):
 par new generation   total 109248K, used 106987K [0x00000007a0000000, 0x00000007a8000000, 0x00000007a8000000)
  eden space 87424K, 100% used [0x00000007a0000000, 0x00000007a5560000, 0x00000007a5560000)
  from space 21824K,  89% used [0x00000007a6ab0000, 0x00000007a7dcadb0, 0x00000007a8000000)
  to   space 21824K,   0% used [0x00000007a5560000, 0x00000007a5560000, 0x00000007a6ab0000)
 concurrent mark-sweep generation total 393216K, used 166200K [0x00000007a8000000, 0x00000007c0000000, 0x00000007c0000000)
 Metaspace       used 34294K, capacity 34772K, committed 35452K, reserved 1081344K
  class space    used 4014K, capacity 4169K, committed 4220K, reserved 1048576K
2016-10-24T04:54:07.406+0800: 402.756: [GC (Allocation Failure) 2016-10-24T04:54:07.406+0800: 402.756: [ParNew
Desired survivor size 20112992 bytes, new threshold 8 (max 8)
- age   1:    7424736 bytes,    7424736 total
- age   2:    2477640 bytes,    9902376 total
- age   3:    4559056 bytes,   14461432 total
- age   4:    4533424 bytes,   18994856 total
- age   6:     668264 bytes,   19663120 total
: 106987K->21824K(109248K), 0.0179131 secs] 273188K->189168K(502464K), 0.0179943 secs] [Times: user=0.07 sys=0.00, real=0.02 secs] 
Heap after GC invocations=360 (full 26):
 par new generation   total 109248K, used 21824K [0x00000007a0000000, 0x00000007a8000000, 0x00000007a8000000)
  eden space 87424K,   0% used [0x00000007a0000000, 0x00000007a0000000, 0x00000007a5560000)
  from space 21824K, 100% used [0x00000007a5560000, 0x00000007a6ab0000, 0x00000007a6ab0000)
  to   space 21824K,   0% used [0x00000007a6ab0000, 0x00000007a6ab0000, 0x00000007a8000000)
 concurrent mark-sweep generation total 393216K, used 167344K [0x00000007a8000000, 0x00000007c0000000, 0x00000007c0000000)
 Metaspace       used 34294K, capacity 34772K, committed 35452K, reserved 1081344K
  class space    used 4014K, capacity 4169K, committed 4220K, reserved 1048576K
}
2016-10-24T04:54:07.424+0800: 402.774: Total time for which application threads were stopped: 0.0181839 seconds, Stopping threads took: 0.0000207 seconds
{Heap before GC invocations=360 (full 26):
 par new generation   total 109248K, used 109248K [0x00000007a0000000, 0x00000007a8000000, 0x00000007a8000000)
  eden space 87424K, 100% used [0x00000007a0000000, 0x00000007a5560000, 0x00000007a5560000)
  from space 21824K, 100% used [0x00000007a5560000, 0x00000007a6ab0000, 0x00000007a6ab0000)
  to   space 21824K,   0% used [0x00000007a6ab0000, 0x00000007a6ab0000, 0x00000007a8000000)
 concurrent mark-sweep generation total 393216K, used 167344K [0x00000007a8000000, 0x00000007c0000000, 0x00000007c0000000)
 Metaspace       used 34294K, capacity 34772K, committed 35452K, reserved 1081344K
  class space    used 4014K, capacity 4169K, committed 4220K, reserved 1048576K
2016-10-24T04:54:07.620+0800: 402.970: [GC (Allocation Failure) 2016-10-24T04:54:07.620+0800: 402.970: [ParNew
Desired survivor size 20112992 bytes, new threshold 5 (max 8)
- age   1:    5217712 bytes,    5217712 total
- age   2:    4673024 bytes,    9890736 total
- age   3:    2356832 bytes,   12247568 total
- age   4:    4291256 bytes,   16538824 total
- age   5:    4372552 bytes,   20911376 total
- age   7:     452440 bytes,   21363816 total
: 109248K->21824K(109248K), 0.0185158 secs] 276592K->192665K(502464K), 0.0185847 secs] [Times: user=0.07 sys=0.00, real=0.01 secs] 
Heap after GC invocations=361 (full 26):
 par new generation   total 109248K, used 21824K [0x00000007a0000000, 0x00000007a8000000, 0x00000007a8000000)
  eden space 87424K,   0% used [0x00000007a0000000, 0x00000007a0000000, 0x00000007a5560000)
  from space 21824K, 100% used [0x00000007a6ab0000, 0x00000007a8000000, 0x00000007a8000000)
  to   space 21824K,   0% used [0x00000007a5560000, 0x00000007a5560000, 0x00000007a6ab0000)
 concurrent mark-sweep generation total 393216K, used 170841K [0x00000007a8000000, 0x00000007c0000000, 0x00000007c0000000)
 Metaspace       used 34294K, capacity 34772K, committed 35452K, reserved 1081344K
  class space    used 4014K, capacity 4169K, committed 4220K, reserved 1048576K
}
2016-10-24T04:54:07.639+0800: 402.988: Total time for which application threads were stopped: 0.0187478 seconds, Stopping threads took: 0.0000281 seconds
{Heap before GC invocations=361 (full 26):
 par new generation   total 109248K, used 109248K [0x00000007a0000000, 0x00000007a8000000, 0x00000007a8000000)
  eden space 87424K, 100% used [0x00000007a0000000, 0x00000007a5560000, 0x00000007a5560000)
  from space 21824K, 100% used [0x00000007a6ab0000, 0x00000007a8000000, 0x00000007a8000000)
  to   space 21824K,   0% used [0x00000007a5560000, 0x00000007a5560000, 0x00000007a6ab0000)
 concurrent mark-sweep generation total 393216K, used 170841K [0x00000007a8000000, 0x00000007c0000000, 0x00000007c0000000)
 Metaspace       used 34294K, capacity 34772K, committed 35452K, reserved 1081344K
  class space    used 4014K, capacity 4169K, committed 4220K, reserved 1048576K
2016-10-24T04:54:07.829+0800: 403.179: [GC (Allocation Failure) 2016-10-24T04:54:07.829+0800: 403.179: [ParNew
Desired survivor size 20112992 bytes, new threshold 5 (max 8)
- age   1:    7125240 bytes,    7125240 total
- age   2:    3821688 bytes,   10946928 total
- age   3:    3842288 bytes,   14789216 total
- age   4:    1942016 bytes,   16731232 total
- age   5:    3987168 bytes,   20718400 total
: 109248K->21824K(109248K), 0.0277468 secs] 280089K->200741K(502464K), 0.0278111 secs] [Times: user=0.10 sys=0.00, real=0.03 secs] 
Heap after GC invocations=362 (full 26):
 par new generation   total 109248K, used 21824K [0x00000007a0000000, 0x00000007a8000000, 0x00000007a8000000)
  eden space 87424K,   0% used [0x00000007a0000000, 0x00000007a0000000, 0x00000007a5560000)
  from space 21824K, 100% used [0x00000007a5560000, 0x00000007a6ab0000, 0x00000007a6ab0000)
  to   space 21824K,   0% used [0x00000007a6ab0000, 0x00000007a6ab0000, 0x00000007a8000000)
 concurrent mark-sweep generation total 393216K, used 178917K [0x00000007a8000000, 0x00000007c0000000, 0x00000007c0000000)
 Metaspace       used 34294K, capacity 34772K, committed 35452K, reserved 1081344K
  class space    used 4014K, capacity 4169K, committed 4220K, reserved 1048576K
}
2016-10-24T04:54:07.857+0800: 403.207: Total time for which application threads were stopped: 0.0279757 seconds, Stopping threads took: 0.0000277 seconds
{Heap before GC invocations=362 (full 26):
 par new generation   total 109248K, used 109248K [0x00000007a0000000, 0x00000007a8000000, 0x00000007a8000000)
  eden space 87424K, 100% used [0x00000007a0000000, 0x00000007a5560000, 0x00000007a5560000)
  from space 21824K, 100% used [0x00000007a5560000, 0x00000007a6ab0000, 0x00000007a6ab0000)
  to   space 21824K,   0% used [0x00000007a6ab0000, 0x00000007a6ab0000, 0x00000007a8000000)
 concurrent mark-sweep generation total 393216K, used 178917K [0x00000007a8000000, 0x00000007c0000000, 0x00000007c0000000)
 Metaspace       used 34294K, capacity 34772K, committed 35452K, reserved 1081344K
  class space    used 4014K, capacity 4169K, committed 4220K, reserved 1048576K
2016-10-24T04:54:08.096+0800: 403.446: [GC (Allocation Failure) 2016-10-24T04:54:08.096+0800: 403.446: [ParNew
Desired survivor size 20112992 bytes, new threshold 5 (max 8)
- age   1:    9903688 bytes,    9903688 total
- age   2:    3147072 bytes,   13050760 total
- age   3:    3361824 bytes,   16412584 total
- age   4:    3327104 bytes,   19739688 total
- age   5:    1684880 bytes,   21424568 total
: 109248K->21824K(109248K), 0.0418008 secs] 288165K->207739K(502464K), 0.0418892 secs] [Times: user=0.15 sys=0.00, real=0.04 secs] 
Heap after GC invocations=363 (full 26):
 par new generation   total 109248K, used 21824K [0x00000007a0000000, 0x00000007a8000000, 0x00000007a8000000)
  eden space 87424K,   0% used [0x00000007a0000000, 0x00000007a0000000, 0x00000007a5560000)
  from space 21824K, 100% used [0x00000007a6ab0000, 0x00000007a8000000, 0x00000007a8000000)
  to   space 21824K,   0% used [0x00000007a5560000, 0x00000007a5560000, 0x00000007a6ab0000)
 concurrent mark-sweep generation total 393216K, used 185915K [0x00000007a8000000, 0x00000007c0000000, 0x00000007c0000000)
 Metaspace       used 34294K, capacity 34772K, committed 35452K, reserved 1081344K
  class space    used 4014K, capacity 4169K, committed 4220K, reserved 1048576K
}
2016-10-24T04:54:08.138+0800: 403.488: Total time for which application threads were stopped: 0.0420952 seconds, Stopping threads took: 0.0000279 seconds
{Heap before GC invocations=363 (full 26):
 par new generation   total 109248K, used 109248K [0x00000007a0000000, 0x00000007a8000000, 0x00000007a8000000)
  eden space 87424K, 100% used [0x00000007a0000000, 0x00000007a5560000, 0x00000007a5560000)
  from space 21824K, 100% used [0x00000007a6ab0000, 0x00000007a8000000, 0x00000007a8000000)
  to   space 21824K,   0% used [0x00000007a5560000, 0x00000007a5560000, 0x00000007a6ab0000)
 concurrent mark-sweep generation total 393216K, used 185915K [0x00000007a8000000, 0x00000007c0000000, 0x00000007c0000000)
 Metaspace       used 34294K, capacity 34772K, committed 35452K, reserved 1081344K
  class space    used 4014K, capacity 4169K, committed 4220K, reserved 1048576K
2016-10-24T04:54:08.379+0800: 403.729: [GC (Allocation Failure) 2016-10-24T04:54:08.380+0800: 403.729: [ParNew
Desired survivor size 20112992 bytes, new threshold 5 (max 8)
- age   1:    8509296 bytes,    8509296 total
- age   2:    5376832 bytes,   13886128 total
- age   3:    2458912 bytes,   16345040 total
- age   4:    2727632 bytes,   19072672 total
- age   5:    2609016 bytes,   21681688 total
: 109248K->21824K(109248K), 0.0350110 secs] 295163K->213546K(502464K), 0.0352217 secs] [Times: user=0.12 sys=0.00, real=0.04 secs] 
Heap after GC invocations=364 (full 26):
 par new generation   total 109248K, used 21824K [0x00000007a0000000, 0x00000007a8000000, 0x00000007a8000000)
  eden space 87424K,   0% used [0x00000007a0000000, 0x00000007a0000000, 0x00000007a5560000)
  from space 21824K, 100% used [0x00000007a5560000, 0x00000007a6ab0000, 0x00000007a6ab0000)
  to   space 21824K,   0% used [0x00000007a6ab0000, 0x00000007a6ab0000, 0x00000007a8000000)
 concurrent mark-sweep generation total 393216K, used 191722K [0x00000007a8000000, 0x00000007c0000000, 0x00000007c0000000)
 Metaspace       used 34294K, capacity 34772K, committed 35452K, reserved 1081344K
  class space    used 4014K, capacity 4169K, committed 4220K, reserved 1048576K
}
2016-10-24T04:54:08.415+0800: 403.764: Total time for which application threads were stopped: 0.0354236 seconds, Stopping threads took: 0.0000320 seconds
2016-10-24T04:54:08.498+0800: 403.847: Total time for which application threads were stopped: 0.0002134 seconds, Stopping threads took: 0.0000338 seconds
2016-10-24T04:54:08.502+0800: 403.851: Total time for which application threads were stopped: 0.0002067 seconds, Stopping threads took: 0.0001064 seconds
2016-10-24T04:54:08.537+0800: 403.887: Total time for which application threads were stopped: 0.0001859 seconds, Stopping threads took: 0.0000761 seconds
2016-10-24T04:54:08.538+0800: 403.887: Total time for which application threads were stopped: 0.0000496 seconds, Stopping threads took: 0.0000070 seconds
{Heap before GC invocations=364 (full 26):
 par new generation   total 109248K, used 109248K [0x00000007a0000000, 0x00000007a8000000, 0x00000007a8000000)
  eden space 87424K, 100% used [0x00000007a0000000, 0x00000007a5560000, 0x00000007a5560000)
  from space 21824K, 100% used [0x00000007a5560000, 0x00000007a6ab0000, 0x00000007a6ab0000)
  to   space 21824K,   0% used [0x00000007a6ab0000, 0x00000007a6ab0000, 0x00000007a8000000)
 concurrent mark-sweep generation total 393216K, used 191722K [0x00000007a8000000, 0x00000007c0000000, 0x00000007c0000000)
 Metaspace       used 34295K, capacity 34772K, committed 35452K, reserved 1081344K
  class space    used 4014K, capacity 4169K, committed 4220K, reserved 1048576K
2016-10-24T04:54:08.579+0800: 403.928: [GC (Allocation Failure) 2016-10-24T04:54:08.579+0800: 403.928: [ParNew
Desired survivor size 20112992 bytes, new threshold 8 (max 8)
- age   1:    4985544 bytes,    4985544 total
- age   2:    6008984 bytes,   10994528 total
- age   3:    4713048 bytes,   15707576 total
- age   4:    1882392 bytes,   17589968 total
- age   5:    2275888 bytes,   19865856 total
: 109248K->21824K(109248K), 0.0238859 secs] 300970K->218741K(502464K), 0.0239549 secs] [Times: user=0.09 sys=0.00, real=0.03 secs] 
Heap after GC invocations=365 (full 26):
 par new generation   total 109248K, used 21824K [0x00000007a0000000, 0x00000007a8000000, 0x00000007a8000000)
  eden space 87424K,   0% used [0x00000007a0000000, 0x00000007a0000000, 0x00000007a5560000)
  from space 21824K, 100% used [0x00000007a6ab0000, 0x00000007a8000000, 0x00000007a8000000)
  to   space 21824K,   0% used [0x00000007a5560000, 0x00000007a5560000, 0x00000007a6ab0000)
 concurrent mark-sweep generation total 393216K, used 196917K [0x00000007a8000000, 0x00000007c0000000, 0x00000007c0000000)
 Metaspace       used 34295K, capacity 34772K, committed 35452K, reserved 1081344K
  class space    used 4014K, capacity 4169K, committed 4220K, reserved 1048576K
}
2016-10-24T04:54:08.603+0800: 403.952: Total time for which application threads were stopped: 0.0242009 seconds, Stopping threads took: 0.0000875 seconds
2016-10-24T04:54:08.603+0800: 403.953: [GC (CMS Initial Mark) [1 CMS-initial-mark: 196917K(393216K)] 220393K(502464K), 0.0026645 secs] [Times: user=0.01 sys=0.00, real=0.00 secs] 
2016-10-24T04:54:08.606+0800: 403.955: Total time for which application threads were stopped: 0.0028548 seconds, Stopping threads took: 0.0000936 seconds
2016-10-24T04:54:08.606+0800: 403.955: [CMS-concurrent-mark-start]
2016-10-24T04:54:08.697+0800: 404.046: [CMS-concurrent-mark: 0.091/0.091 secs] [Times: user=0.53 sys=0.00, real=0.09 secs] 
2016-10-24T04:54:08.697+0800: 404.046: [CMS-concurrent-preclean-start]
2016-10-24T04:54:08.698+0800: 404.047: [CMS-concurrent-preclean: 0.001/0.001 secs] [Times: user=0.00 sys=0.00, real=0.00 secs] 
2016-10-24T04:54:08.698+0800: 404.047: [CMS-concurrent-abortable-preclean-start]
{Heap before GC invocations=365 (full 27):
 par new generation   total 109248K, used 109248K [0x00000007a0000000, 0x00000007a8000000, 0x00000007a8000000)
  eden space 87424K, 100% used [0x00000007a0000000, 0x00000007a5560000, 0x00000007a5560000)
  from space 21824K, 100% used [0x00000007a6ab0000, 0x00000007a8000000, 0x00000007a8000000)
  to   space 21824K,   0% used [0x00000007a5560000, 0x00000007a5560000, 0x00000007a6ab0000)
 concurrent mark-sweep generation total 393216K, used 196917K [0x00000007a8000000, 0x00000007c0000000, 0x00000007c0000000)
 Metaspace       used 34295K, capacity 34772K, committed 35452K, reserved 1081344K
  class space    used 4014K, capacity 4169K, committed 4220K, reserved 1048576K
2016-10-24T04:54:08.756+0800: 404.105: [GC (Allocation Failure) 2016-10-24T04:54:08.756+0800: 404.105: [ParNew
Desired survivor size 20112992 bytes, new threshold 6 (max 8)
- age   1:    3504960 bytes,    3504960 total
- age   2:    2959768 bytes,    6464728 total
- age   3:    5557088 bytes,   12021816 total
- age   4:    4571592 bytes,   16593408 total
- age   5:    1769152 bytes,   18362560 total
- age   6:    2170776 bytes,   20533336 total
: 109248K->21824K(109248K), 0.0175736 secs] 306165K->222178K(502464K), 0.0176389 secs] [Times: user=0.06 sys=0.00, real=0.02 secs] 
Heap after GC invocations=366 (full 27):
 par new generation   total 109248K, used 21824K [0x00000007a0000000, 0x00000007a8000000, 0x00000007a8000000)
  eden space 87424K,   0% used [0x00000007a0000000, 0x00000007a0000000, 0x00000007a5560000)
  from space 21824K, 100% used [0x00000007a5560000, 0x00000007a6ab0000, 0x00000007a6ab0000)
  to   space 21824K,   0% used [0x00000007a6ab0000, 0x00000007a6ab0000, 0x00000007a8000000)
 concurrent mark-sweep generation total 393216K, used 200354K [0x00000007a8000000, 0x00000007c0000000, 0x00000007c0000000)
 Metaspace       used 34295K, capacity 34772K, committed 35452K, reserved 1081344K
  class space    used 4014K, capacity 4169K, committed 4220K, reserved 1048576K
}
2016-10-24T04:54:08.774+0800: 404.123: Total time for which application threads were stopped: 0.0178808 seconds, Stopping threads took: 0.0000805 seconds
2016-10-24T04:54:08.802+0800: 404.151: [CMS-concurrent-abortable-preclean: 0.084/0.104 secs] [Times: user=0.32 sys=0.00, real=0.11 secs] 
2016-10-24T04:54:08.802+0800: 404.151: [GC (CMS Final Remark) [YG occupancy: 75638 K (109248 K)]{Heap before GC invocations=366 (full 27):
 par new generation   total 109248K, used 75638K [0x00000007a0000000, 0x00000007a8000000, 0x00000007a8000000)
  eden space 87424K,  61% used [0x00000007a0000000, 0x00000007a348d9f8, 0x00000007a5560000)
  from space 21824K, 100% used [0x00000007a5560000, 0x00000007a6ab0000, 0x00000007a6ab0000)
  to   space 21824K,   0% used [0x00000007a6ab0000, 0x00000007a6ab0000, 0x00000007a8000000)
 concurrent mark-sweep generation total 393216K, used 200354K [0x00000007a8000000, 0x00000007c0000000, 0x00000007c0000000)
 Metaspace       used 34295K, capacity 34772K, committed 35452K, reserved 1081344K
  class space    used 4014K, capacity 4169K, committed 4220K, reserved 1048576K
2016-10-24T04:54:08.802+0800: 404.151: [GC (CMS Final Remark) 2016-10-24T04:54:08.802+0800: 404.151: [ParNew
Desired survivor size 20112992 bytes, new threshold 8 (max 8)
- age   1:    1543888 bytes,    1543888 total
- age   2:    2513432 bytes,    4057320 total
- age   3:    2644032 bytes,    6701352 total
- age   4:    4983720 bytes,   11685072 total
- age   5:    4359656 bytes,   16044728 total
- age   6:    1692352 bytes,   17737080 total
: 75638K->21824K(109248K), 0.0149774 secs] 275993K->225828K(502464K), 0.0150245 secs] [Times: user=0.06 sys=0.01, real=0.01 secs] 
Heap after GC invocations=367 (full 27):
 par new generation   total 109248K, used 21824K [0x00000007a0000000, 0x00000007a8000000, 0x00000007a8000000)
  eden space 87424K,   0% used [0x00000007a0000000, 0x00000007a0000000, 0x00000007a5560000)
  from space 21824K, 100% used [0x00000007a6ab0000, 0x00000007a8000000, 0x00000007a8000000)
  to   space 21824K,   0% used [0x00000007a5560000, 0x00000007a5560000, 0x00000007a6ab0000)
 concurrent mark-sweep generation total 393216K, used 204004K [0x00000007a8000000, 0x00000007c0000000, 0x00000007c0000000)
 Metaspace       used 34295K, capacity 34772K, committed 35452K, reserved 1081344K
  class space    used 4014K, capacity 4169K, committed 4220K, reserved 1048576K
}
2016-10-24T04:54:08.817+0800: 404.166: [Rescan (parallel) , 0.0069947 secs]2016-10-24T04:54:08.824+0800: 404.173: [weak refs processing, 0.0009216 secs]2016-10-24T04:54:08.825+0800: 404.174: [class unloading, 0.0091305 secs]2016-10-24T04:54:08.834+0800: 404.184: [scrub symbol table, 0.0066884 secs]2016-10-24T04:54:08.841+0800: 404.190: [scrub string table, 0.0004944 secs][1 CMS-remark: 204004K(393216K)] 225828K(502464K), 0.0395050 secs] [Times: user=0.11 sys=0.01, real=0.04 secs] 
2016-10-24T04:54:08.841+0800: 404.191: Total time for which application threads were stopped: 0.0397075 seconds, Stopping threads took: 0.0000961 seconds
2016-10-24T04:54:08.842+0800: 404.191: [CMS-concurrent-sweep-start]
2016-10-24T04:54:08.900+0800: 404.249: [CMS-concurrent-sweep: 0.058/0.058 secs] [Times: user=0.17 sys=0.00, real=0.06 secs] 
2016-10-24T04:54:08.900+0800: 404.249: [CMS-concurrent-reset-start]
2016-10-24T04:54:08.900+0800: 404.250: [CMS-concurrent-reset: 0.001/0.001 secs] [Times: user=0.00 sys=0.00, real=0.00 secs] 
2016-10-24T04:54:08.904+0800: 404.253: Total time for which application threads were stopped: 0.0001678 seconds, Stopping threads took: 0.0000638 seconds
2016-10-24T04:54:08.905+0800: 404.254: Total time for which application threads were stopped: 0.0001319 seconds, Stopping threads took: 0.0000523 seconds
2016-10-24T04:54:08.905+0800: 404.254: Total time for which application threads were stopped: 0.0000921 seconds, Stopping threads took: 0.0000410 seconds
2016-10-24T04:54:08.905+0800: 404.255: Total time for which application threads were stopped: 0.0001066 seconds, Stopping threads took: 0.0000542 seconds
2016-10-24T04:54:08.906+0800: 404.256: Total time for which application threads were stopped: 0.0001678 seconds, Stopping threads took: 0.0000976 seconds
2016-10-24T04:54:08.907+0800: 404.256: Total time for which application threads were stopped: 0.0001888 seconds, Stopping threads took: 0.0000553 seconds
{Heap before GC invocations=367 (full 27):
 par new generation   total 109248K, used 109248K [0x00000007a0000000, 0x00000007a8000000, 0x00000007a8000000)
  eden space 87424K, 100% used [0x00000007a0000000, 0x00000007a5560000, 0x00000007a5560000)
  from space 21824K, 100% used [0x00000007a6ab0000, 0x00000007a8000000, 0x00000007a8000000)
  to   space 21824K,   0% used [0x00000007a5560000, 0x00000007a5560000, 0x00000007a6ab0000)
 concurrent mark-sweep generation total 393216K, used 190903K [0x00000007a8000000, 0x00000007c0000000, 0x00000007c0000000)
 Metaspace       used 34298K, capacity 34772K, committed 35452K, reserved 1081344K
  class space    used 4014K, capacity 4169K, committed 4220K, reserved 1048576K
2016-10-24T04:54:08.909+0800: 404.258: [GC (Allocation Failure) 2016-10-24T04:54:08.909+0800: 404.258: [ParNew
Desired survivor size 20112992 bytes, new threshold 8 (max 8)
- age   1:    2791368 bytes,    2791368 total
- age   2:     534216 bytes,    3325584 total
- age   3:    1809176 bytes,    5134760 total
- age   4:    2419712 bytes,    7554472 total
- age   5:    4679072 bytes,   12233544 total
- age   6:    4119648 bytes,   16353192 total
- age   7:    1572576 bytes,   17925768 total
: 109248K->21824K(109248K), 0.0141565 secs] 300151K->214222K(502464K), 0.0142072 secs] [Times: user=0.05 sys=0.00, real=0.02 secs] 
Heap after GC invocations=368 (full 27):
 par new generation   total 109248K, used 21824K [0x00000007a0000000, 0x00000007a8000000, 0x00000007a8000000)
  eden space 87424K,   0% used [0x00000007a0000000, 0x00000007a0000000, 0x00000007a5560000)
  from space 21824K, 100% used [0x00000007a5560000, 0x00000007a6ab0000, 0x00000007a6ab0000)
  to   space 21824K,   0% used [0x00000007a6ab0000, 0x00000007a6ab0000, 0x00000007a8000000)
 concurrent mark-sweep generation total 393216K, used 192398K [0x00000007a8000000, 0x00000007c0000000, 0x00000007c0000000)
 Metaspace       used 34298K, capacity 34772K, committed 35452K, reserved 1081344K
  class space    used 4014K, capacity 4169K, committed 4220K, reserved 1048576K
}
2016-10-24T04:54:08.923+0800: 404.272: Total time for which application threads were stopped: 0.0143929 seconds, Stopping threads took: 0.0000526 seconds
2016-10-24T04:54:09.091+0800: 404.440: Total time for which application threads were stopped: 0.0001610 seconds, Stopping threads took: 0.0000232 seconds
2016-10-24T04:54:09.112+0800: 404.462: Total time for which application threads were stopped: 0.0001653 seconds, Stopping threads took: 0.0000637 seconds
2016-10-24T04:54:09.122+0800: 404.471: Total time for which application threads were stopped: 0.0001031 seconds, Stopping threads took: 0.0000272 seconds
{Heap before GC invocations=368 (full 27):
 par new generation   total 109248K, used 109248K [0x00000007a0000000, 0x00000007a8000000, 0x00000007a8000000)
  eden space 87424K, 100% used [0x00000007a0000000, 0x00000007a5560000, 0x00000007a5560000)
  from space 21824K, 100% used [0x00000007a5560000, 0x00000007a6ab0000, 0x00000007a6ab0000)
  to   space 21824K,   0% used [0x00000007a6ab0000, 0x00000007a6ab0000, 0x00000007a8000000)
 concurrent mark-sweep generation total 393216K, used 192398K [0x00000007a8000000, 0x00000007c0000000, 0x00000007c0000000)
 Metaspace       used 34304K, capacity 34772K, committed 35452K, reserved 1081344K
  class space    used 4014K, capacity 4169K, committed 4220K, reserved 1048576K
2016-10-24T04:54:09.135+0800: 404.484: [GC (Allocation Failure) 2016-10-24T04:54:09.135+0800: 404.484: [ParNew
Desired survivor size 20112992 bytes, new threshold 8 (max 8)
- age   1:    6725976 bytes,    6725976 total
- age   2:    1318136 bytes,    8044112 total
- age   3:     482312 bytes,    8526424 total
- age   4:    1509704 bytes,   10036128 total
- age   5:    1734032 bytes,   11770160 total
- age   6:    3575512 bytes,   15345672 total
- age   7:    4088560 bytes,   19434232 total
- age   8:    1526296 bytes,   20960528 total
: 109248K->21824K(109248K), 0.0177407 secs] 301646K->217237K(502464K), 0.0177949 secs] [Times: user=0.06 sys=0.00, real=0.02 secs] 
Heap after GC invocations=369 (full 27):
 par new generation   total 109248K, used 21824K [0x00000007a0000000, 0x00000007a8000000, 0x00000007a8000000)
  eden space 87424K,   0% used [0x00000007a0000000, 0x00000007a0000000, 0x00000007a5560000)
  from space 21824K, 100% used [0x00000007a6ab0000, 0x00000007a8000000, 0x00000007a8000000)
  to   space 21824K,   0% used [0x00000007a5560000, 0x00000007a5560000, 0x00000007a6ab0000)
 concurrent mark-sweep generation total 393216K, used 195413K [0x00000007a8000000, 0x00000007c0000000, 0x00000007c0000000)
 Metaspace       used 34304K, capacity 34772K, committed 35452K, reserved 1081344K
  class space    used 4014K, capacity 4169K, committed 4220K, reserved 1048576K
}
2016-10-24T04:54:09.153+0800: 404.502: Total time for which application threads were stopped: 0.0179966 seconds, Stopping threads took: 0.0000344 seconds
2016-10-24T04:54:09.181+0800: 404.531: Total time for which application threads were stopped: 0.0001634 seconds, Stopping threads took: 0.0000647 seconds
2016-10-24T04:54:09.196+0800: 404.545: Total time for which application threads were stopped: 0.0002003 seconds, Stopping threads took: 0.0000688 seconds
{Heap before GC invocations=369 (full 27):
 par new generation   total 109248K, used 109248K [0x00000007a0000000, 0x00000007a8000000, 0x00000007a8000000)
  eden space 87424K, 100% used [0x00000007a0000000, 0x00000007a5560000, 0x00000007a5560000)
  from space 21824K, 100% used [0x00000007a6ab0000, 0x00000007a8000000, 0x00000007a8000000)
  to   space 21824K,   0% used [0x00000007a5560000, 0x00000007a5560000, 0x00000007a6ab0000)
 concurrent mark-sweep generation total 393216K, used 195413K [0x00000007a8000000, 0x00000007c0000000, 0x00000007c0000000)
 Metaspace       used 34308K, capacity 34772K, committed 35452K, reserved 1081344K
  class space    used 4014K, capacity 4169K, committed 4220K, reserved 1048576K
2016-10-24T04:54:09.275+0800: 404.624: [GC (Allocation Failure) 2016-10-24T04:54:09.275+0800: 404.624: [ParNew
Desired survivor size 20112992 bytes, new threshold 8 (max 8)
- age   1:    3262000 bytes,    3262000 total
- age   2:    4115080 bytes,    7377080 total
- age   3:     975216 bytes,    8352296 total
- age   4:     271736 bytes,    8624032 total
- age   5:    1264032 bytes,    9888064 total
- age   6:    1418552 bytes,   11306616 total
- age   7:    3431144 bytes,   14737760 total
- age   8:    4038008 bytes,   18775768 total
: 109248K->21824K(109248K), 0.0173873 secs] 304661K->222138K(502464K), 0.0174414 secs] [Times: user=0.07 sys=0.00, real=0.02 secs] 
Heap after GC invocations=370 (full 27):
 par new generation   total 109248K, used 21824K [0x00000007a0000000, 0x00000007a8000000, 0x00000007a8000000)
  eden space 87424K,   0% used [0x00000007a0000000, 0x00000007a0000000, 0x00000007a5560000)
  from space 21824K, 100% used [0x00000007a5560000, 0x00000007a6ab0000, 0x00000007a6ab0000)
  to   space 21824K,   0% used [0x00000007a6ab0000, 0x00000007a6ab0000, 0x00000007a8000000)
 concurrent mark-sweep generation total 393216K, used 200314K [0x00000007a8000000, 0x00000007c0000000, 0x00000007c0000000)
 Metaspace       used 34308K, capacity 34772K, committed 35452K, reserved 1081344K
  class space    used 4014K, capacity 4169K, committed 4220K, reserved 1048576K
}
2016-10-24T04:54:09.292+0800: 404.642: Total time for which application threads were stopped: 0.0176569 seconds, Stopping threads took: 0.0000654 seconds
2016-10-24T04:54:09.292+0800: 404.642: [GC (CMS Initial Mark) [1 CMS-initial-mark: 200314K(393216K)] 223287K(502464K), 0.0033917 secs] [Times: user=0.01 sys=0.00, real=0.00 secs] 
2016-10-24T04:54:09.296+0800: 404.645: Total time for which application threads were stopped: 0.0035634 seconds, Stopping threads took: 0.0000682 seconds
2016-10-24T04:54:09.296+0800: 404.645: [CMS-concurrent-mark-start]
2016-10-24T04:54:09.356+0800: 404.705: Total time for which application threads were stopped: 0.0002975 seconds, Stopping threads took: 0.0001364 seconds
2016-10-24T04:54:09.358+0800: 404.708: Total time for which application threads were stopped: 0.0001656 seconds, Stopping threads took: 0.0000386 seconds
2016-10-24T04:54:09.359+0800: 404.708: Total time for which application threads were stopped: 0.0000805 seconds, Stopping threads took: 0.0000216 seconds
2016-10-24T04:54:09.359+0800: 404.708: Total time for which application threads were stopped: 0.0000944 seconds, Stopping threads took: 0.0000208 seconds
2016-10-24T04:54:09.359+0800: 404.708: Total time for which application threads were stopped: 0.0000672 seconds, Stopping threads took: 0.0000086 seconds
2016-10-24T04:54:09.359+0800: 404.708: Total time for which application threads were stopped: 0.0000690 seconds, Stopping threads took: 0.0000083 seconds
2016-10-24T04:54:09.396+0800: 404.745: [CMS-concurrent-mark: 0.097/0.100 secs] [Times: user=0.55 sys=0.01, real=0.10 secs] 
2016-10-24T04:54:09.396+0800: 404.745: [CMS-concurrent-preclean-start]
2016-10-24T04:54:09.398+0800: 404.747: [CMS-concurrent-preclean: 0.002/0.002 secs] [Times: user=0.01 sys=0.00, real=0.00 secs] 
2016-10-24T04:54:09.398+0800: 404.747: [CMS-concurrent-abortable-preclean-start]
{Heap before GC invocations=370 (full 28):
 par new generation   total 109248K, used 109248K [0x00000007a0000000, 0x00000007a8000000, 0x00000007a8000000)
  eden space 87424K, 100% used [0x00000007a0000000, 0x00000007a5560000, 0x00000007a5560000)
  from space 21824K, 100% used [0x00000007a5560000, 0x00000007a6ab0000, 0x00000007a6ab0000)
  to   space 21824K,   0% used [0x00000007a6ab0000, 0x00000007a6ab0000, 0x00000007a8000000)
 concurrent mark-sweep generation total 393216K, used 200314K [0x00000007a8000000, 0x00000007c0000000, 0x00000007c0000000)
 Metaspace       used 34317K, capacity 34836K, committed 35452K, reserved 1081344K
  class space    used 4014K, capacity 4169K, committed 4220K, reserved 1048576K
2016-10-24T04:54:09.491+0800: 404.841: [GC (Allocation Failure) 2016-10-24T04:54:09.491+0800: 404.841: [ParNew
Desired survivor size 20112992 bytes, new threshold 8 (max 8)
- age   1:    4711000 bytes,    4711000 total
- age   2:    2515144 bytes,    7226144 total
- age   3:    3942888 bytes,   11169032 total
- age   4:     922824 bytes,   12091856 total
- age   5:     252960 bytes,   12344816 total
- age   6:    1225656 bytes,   13570472 total
- age   7:    1367376 bytes,   14937848 total
- age   8:    3423808 bytes,   18361656 total
: 109248K->21824K(109248K), 0.0152659 secs] 309562K->226234K(502464K), 0.0153314 secs] [Times: user=0.06 sys=0.00, real=0.01 secs] 
Heap after GC invocations=371 (full 28):
 par new generation   total 109248K, used 21824K [0x00000007a0000000, 0x00000007a8000000, 0x00000007a8000000)
  eden space 87424K,   0% used [0x00000007a0000000, 0x00000007a0000000, 0x00000007a5560000)
  from space 21824K, 100% used [0x00000007a6ab0000, 0x00000007a8000000, 0x00000007a8000000)
  to   space 21824K,   0% used [0x00000007a5560000, 0x00000007a5560000, 0x00000007a6ab0000)
 concurrent mark-sweep generation total 393216K, used 204410K [0x00000007a8000000, 0x00000007c0000000, 0x00000007c0000000)
 Metaspace       used 34317K, capacity 34836K, committed 35452K, reserved 1081344K
  class space    used 4014K, capacity 4169K, committed 4220K, reserved 1048576K
}
2016-10-24T04:54:09.507+0800: 404.856: Total time for which application threads were stopped: 0.0155833 seconds, Stopping threads took: 0.0000278 seconds
2016-10-24T04:54:09.683+0800: 405.033: [CMS-concurrent-abortable-preclean: 0.269/0.286 secs] [Times: user=0.66 sys=0.00, real=0.29 secs] 
2016-10-24T04:54:09.684+0800: 405.033: [GC (CMS Final Remark) [YG occupancy: 100684 K (109248 K)]{Heap before GC invocations=371 (full 28):
 par new generation   total 109248K, used 100684K [0x00000007a0000000, 0x00000007a8000000, 0x00000007a8000000)
  eden space 87424K,  90% used [0x00000007a0000000, 0x00000007a4d03288, 0x00000007a5560000)
  from space 21824K, 100% used [0x00000007a6ab0000, 0x00000007a8000000, 0x00000007a8000000)
  to   space 21824K,   0% used [0x00000007a5560000, 0x00000007a5560000, 0x00000007a6ab0000)
 concurrent mark-sweep generation total 393216K, used 204410K [0x00000007a8000000, 0x00000007c0000000, 0x00000007c0000000)
 Metaspace       used 34317K, capacity 34836K, committed 35452K, reserved 1081344K
  class space    used 4014K, capacity 4169K, committed 4220K, reserved 1048576K
2016-10-24T04:54:09.684+0800: 405.033: [GC (CMS Final Remark) 2016-10-24T04:54:09.684+0800: 405.033: [ParNew
Desired survivor size 20112992 bytes, new threshold 8 (max 8)
- age   1:    6449136 bytes,    6449136 total
- age   2:    3475512 bytes,    9924648 total
- age   3:    2469960 bytes,   12394608 total
- age   4:    3659736 bytes,   16054344 total
- age   5:     918016 bytes,   16972360 total
- age   6:     251232 bytes,   17223592 total
- age   7:    1216600 bytes,   18440192 total
- age   8:    1358744 bytes,   19798936 total
: 100684K->21824K(109248K), 0.0141860 secs] 305095K->229695K(502464K), 0.0142391 secs] [Times: user=0.05 sys=0.01, real=0.01 secs] 
Heap after GC invocations=372 (full 28):
 par new generation   total 109248K, used 21824K [0x00000007a0000000, 0x00000007a8000000, 0x00000007a8000000)
  eden space 87424K,   0% used [0x00000007a0000000, 0x00000007a0000000, 0x00000007a5560000)
  from space 21824K, 100% used [0x00000007a5560000, 0x00000007a6ab0000, 0x00000007a6ab0000)
  to   space 21824K,   0% used [0x00000007a6ab0000, 0x00000007a6ab0000, 0x00000007a8000000)
 concurrent mark-sweep generation total 393216K, used 207871K [0x00000007a8000000, 0x00000007c0000000, 0x00000007c0000000)
 Metaspace       used 34317K, capacity 34836K, committed 35452K, reserved 1081344K
  class space    used 4014K, capacity 4169K, committed 4220K, reserved 1048576K
}
2016-10-24T04:54:09.698+0800: 405.047: [Rescan (parallel) , 0.0071281 secs]2016-10-24T04:54:09.705+0800: 405.054: [weak refs processing, 0.0009174 secs]2016-10-24T04:54:09.706+0800: 405.055: [class unloading, 0.0074245 secs]2016-10-24T04:54:09.713+0800: 405.063: [scrub symbol table, 0.0062694 secs]2016-10-24T04:54:09.720+0800: 405.069: [scrub string table, 0.0005226 secs][1 CMS-remark: 207871K(393216K)] 229695K(502464K), 0.0368020 secs] [Times: user=0.09 sys=0.01, real=0.04 secs] 
2016-10-24T04:54:09.720+0800: 405.070: Total time for which application threads were stopped: 0.0369299 seconds, Stopping threads took: 0.0000188 seconds
2016-10-24T04:54:09.721+0800: 405.070: [CMS-concurrent-sweep-start]
2016-10-24T04:54:09.789+0800: 405.139: [CMS-concurrent-sweep: 0.069/0.069 secs] [Times: user=0.14 sys=0.00, real=0.06 secs] 
2016-10-24T04:54:09.789+0800: 405.139: [CMS-concurrent-reset-start]
2016-10-24T04:54:09.790+0800: 405.139: [CMS-concurrent-reset: 0.000/0.000 secs] [Times: user=0.00 sys=0.00, real=0.01 secs] 
{Heap before GC invocations=372 (full 28):
 par new generation   total 109248K, used 109248K [0x00000007a0000000, 0x00000007a8000000, 0x00000007a8000000)
  eden space 87424K, 100% used [0x00000007a0000000, 0x00000007a5560000, 0x00000007a5560000)
  from space 21824K, 100% used [0x00000007a5560000, 0x00000007a6ab0000, 0x00000007a6ab0000)
  to   space 21824K,   0% used [0x00000007a6ab0000, 0x00000007a6ab0000, 0x00000007a8000000)
 concurrent mark-sweep generation total 393216K, used 189247K [0x00000007a8000000, 0x00000007c0000000, 0x00000007c0000000)
 Metaspace       used 34317K, capacity 34836K, committed 35452K, reserved 1081344K
  class space    used 4014K, capacity 4169K, committed 4220K, reserved 1048576K
2016-10-24T04:54:09.918+0800: 405.267: [GC (Allocation Failure) 2016-10-24T04:54:09.918+0800: 405.268: [ParNew
Desired survivor size 20112992 bytes, new threshold 8 (max 8)
- age   1:    7387616 bytes,    7387616 total
- age   2:    4048848 bytes,   11436464 total
- age   3:    2835144 bytes,   14271608 total
- age   4:    2190304 bytes,   16461912 total
- age   5:    2752280 bytes,   19214192 total
- age   6:     679032 bytes,   19893224 total
- age   7:     205056 bytes,   20098280 total
- age   8:    1068496 bytes,   21166776 total
: 109248K->21824K(109248K), 0.0169800 secs] 298495K->214595K(502464K), 0.0170425 secs] [Times: user=0.06 sys=0.00, real=0.02 secs] 
Heap after GC invocations=373 (full 28):
 par new generation   total 109248K, used 21824K [0x00000007a0000000, 0x00000007a8000000, 0x00000007a8000000)
  eden space 87424K,   0% used [0x00000007a0000000, 0x00000007a0000000, 0x00000007a5560000)
  from space 21824K, 100% used [0x00000007a6ab0000, 0x00000007a8000000, 0x00000007a8000000)
  to   space 21824K,   0% used [0x00000007a5560000, 0x00000007a5560000, 0x00000007a6ab0000)
 concurrent mark-sweep generation total 393216K, used 192771K [0x00000007a8000000, 0x00000007c0000000, 0x00000007c0000000)
 Metaspace       used 34317K, capacity 34836K, committed 35452K, reserved 1081344K
  class space    used 4014K, capacity 4169K, committed 4220K, reserved 1048576K
}
2016-10-24T04:54:09.935+0800: 405.285: Total time for which application threads were stopped: 0.0172060 seconds, Stopping threads took: 0.0000190 seconds
{Heap before GC invocations=373 (full 28):
 par new generation   total 109248K, used 109248K [0x00000007a0000000, 0x00000007a8000000, 0x00000007a8000000)
  eden space 87424K, 100% used [0x00000007a0000000, 0x00000007a5560000, 0x00000007a5560000)
  from space 21824K, 100% used [0x00000007a6ab0000, 0x00000007a8000000, 0x00000007a8000000)
  to   space 21824K,   0% used [0x00000007a5560000, 0x00000007a5560000, 0x00000007a6ab0000)
 concurrent mark-sweep generation total 393216K, used 192771K [0x00000007a8000000, 0x00000007c0000000, 0x00000007c0000000)
 Metaspace       used 34317K, capacity 34836K, committed 35452K, reserved 1081344K
  class space    used 4014K, capacity 4169K, committed 4220K, reserved 1048576K
2016-10-24T04:54:10.132+0800: 405.482: [GC (Allocation Failure) 2016-10-24T04:54:10.132+0800: 405.482: [ParNew
Desired survivor size 20112992 bytes, new threshold 6 (max 8)
- age   1:    6343880 bytes,    6343880 total
- age   2:    4749344 bytes,   11093224 total
- age   3:    3392360 bytes,   14485584 total
- age   4:    2407064 bytes,   16892648 total
- age   5:    1860144 bytes,   18752792 total
- age   6:    2498568 bytes,   21251360 total
- age   7:     615536 bytes,   21866896 total
- age   8:     178624 bytes,   22045520 total
: 109248K->21824K(109248K), 0.0184216 secs] 302019K->218793K(502464K), 0.0184864 secs] [Times: user=0.07 sys=0.00, real=0.02 secs] 
Heap after GC invocations=374 (full 28):
 par new generation   total 109248K, used 21824K [0x00000007a0000000, 0x00000007a8000000, 0x00000007a8000000)
  eden space 87424K,   0% used [0x00000007a0000000, 0x00000007a0000000, 0x00000007a5560000)
  from space 21824K, 100% used [0x00000007a5560000, 0x00000007a6ab0000, 0x00000007a6ab0000)
  to   space 21824K,   0% used [0x00000007a6ab0000, 0x00000007a6ab0000, 0x00000007a8000000)
 concurrent mark-sweep generation total 393216K, used 196969K [0x00000007a8000000, 0x00000007c0000000, 0x00000007c0000000)
 Metaspace       used 34317K, capacity 34836K, committed 35452K, reserved 1081344K
  class space    used 4014K, capacity 4169K, committed 4220K, reserved 1048576K
}
2016-10-24T04:54:10.151+0800: 405.500: Total time for which application threads were stopped: 0.0186527 seconds, Stopping threads took: 0.0000180 seconds
2016-10-24T04:54:10.151+0800: 405.500: [GC (CMS Initial Mark) [1 CMS-initial-mark: 196969K(393216K)] 220386K(502464K), 0.0057146 secs] [Times: user=0.01 sys=0.00, real=0.00 secs] 
2016-10-24T04:54:10.157+0800: 405.506: Total time for which application threads were stopped: 0.0058685 seconds, Stopping threads took: 0.0000672 seconds
2016-10-24T04:54:10.157+0800: 405.506: [CMS-concurrent-mark-start]
2016-10-24T04:54:10.173+0800: 405.522: [CMS-concurrent-mark: 0.016/0.016 secs] [Times: user=0.08 sys=0.00, real=0.02 secs] 
2016-10-24T04:54:10.173+0800: 405.523: [CMS-concurrent-preclean-start]
2016-10-24T04:54:10.175+0800: 405.524: [CMS-concurrent-preclean: 0.001/0.001 secs] [Times: user=0.01 sys=0.00, real=0.00 secs] 
2016-10-24T04:54:10.175+0800: 405.524: [CMS-concurrent-abortable-preclean-start]
2016-10-24T04:54:10.268+0800: 405.617: [CMS-concurrent-abortable-preclean: 0.093/0.093 secs] [Times: user=0.18 sys=0.01, real=0.09 secs] 
2016-10-24T04:54:10.268+0800: 405.617: [GC (CMS Final Remark) [YG occupancy: 70826 K (109248 K)]{Heap before GC invocations=374 (full 29):
 par new generation   total 109248K, used 70826K [0x00000007a0000000, 0x00000007a8000000, 0x00000007a8000000)
  eden space 87424K,  56% used [0x00000007a0000000, 0x00000007a2fda9c8, 0x00000007a5560000)
  from space 21824K, 100% used [0x00000007a5560000, 0x00000007a6ab0000, 0x00000007a6ab0000)
  to   space 21824K,   0% used [0x00000007a6ab0000, 0x00000007a6ab0000, 0x00000007a8000000)
 concurrent mark-sweep generation total 393216K, used 196969K [0x00000007a8000000, 0x00000007c0000000, 0x00000007c0000000)
 Metaspace       used 34317K, capacity 34836K, committed 35452K, reserved 1081344K
  class space    used 4014K, capacity 4169K, committed 4220K, reserved 1048576K
2016-10-24T04:54:10.268+0800: 405.617: [GC (CMS Final Remark) 2016-10-24T04:54:10.268+0800: 405.617: [ParNew
Desired survivor size 20112992 bytes, new threshold 8 (max 8)
- age   1:    5442520 bytes,    5442520 total
- age   2:    3124008 bytes,    8566528 total
- age   3:    3833544 bytes,   12400072 total
- age   4:    3067608 bytes,   15467680 total
- age   5:    2150872 bytes,   17618552 total
- age   6:    1650376 bytes,   19268928 total
: 70826K->21824K(109248K), 0.0181426 secs] 267796K->224713K(502464K), 0.0181864 secs] [Times: user=0.07 sys=0.00, real=0.02 secs] 
Heap after GC invocations=375 (full 29):
 par new generation   total 109248K, used 21824K [0x00000007a0000000, 0x00000007a8000000, 0x00000007a8000000)
  eden space 87424K,   0% used [0x00000007a0000000, 0x00000007a0000000, 0x00000007a5560000)
  from space 21824K, 100% used [0x00000007a6ab0000, 0x00000007a8000000, 0x00000007a8000000)
  to   space 21824K,   0% used [0x00000007a5560000, 0x00000007a5560000, 0x00000007a6ab0000)
 concurrent mark-sweep generation total 393216K, used 202889K [0x00000007a8000000, 0x00000007c0000000, 0x00000007c0000000)
 Metaspace       used 34317K, capacity 34836K, committed 35452K, reserved 1081344K
  class space    used 4014K, capacity 4169K, committed 4220K, reserved 1048576K
}
2016-10-24T04:54:10.286+0800: 405.636: [Rescan (parallel) , 0.0069374 secs]2016-10-24T04:54:10.293+0800: 405.643: [weak refs processing, 0.0007037 secs]2016-10-24T04:54:10.294+0800: 405.643: [class unloading, 0.0064911 secs]2016-10-24T04:54:10.300+0800: 405.650: [scrub symbol table, 0.0047767 secs]2016-10-24T04:54:10.305+0800: 405.655: [scrub string table, 0.0004632 secs][1 CMS-remark: 202889K(393216K)] 224713K(502464K), 0.0378623 secs] [Times: user=0.11 sys=0.00, real=0.04 secs] 
2016-10-24T04:54:10.306+0800: 405.655: Total time for which application threads were stopped: 0.0380438 seconds, Stopping threads took: 0.0000639 seconds
2016-10-24T04:54:10.306+0800: 405.655: [CMS-concurrent-sweep-start]
2016-10-24T04:54:10.472+0800: 405.822: [CMS-concurrent-sweep: 0.166/0.166 secs] [Times: user=0.33 sys=0.00, real=0.17 secs] 
2016-10-24T04:54:10.472+0800: 405.822: [CMS-concurrent-reset-start]
2016-10-24T04:54:10.472+0800: 405.822: [CMS-concurrent-reset: 0.000/0.000 secs] [Times: user=0.00 sys=0.00, real=0.00 secs] 
{Heap before GC invocations=375 (full 29):
 par new generation   total 109248K, used 109248K [0x00000007a0000000, 0x00000007a8000000, 0x00000007a8000000)
  eden space 87424K, 100% used [0x00000007a0000000, 0x00000007a5560000, 0x00000007a5560000)
  from space 21824K, 100% used [0x00000007a6ab0000, 0x00000007a8000000, 0x00000007a8000000)
  to   space 21824K,   0% used [0x00000007a5560000, 0x00000007a5560000, 0x00000007a6ab0000)
 concurrent mark-sweep generation total 393216K, used 122356K [0x00000007a8000000, 0x00000007c0000000, 0x00000007c0000000)
 Metaspace       used 34317K, capacity 34836K, committed 35452K, reserved 1081344K
  class space    used 4014K, capacity 4169K, committed 4220K, reserved 1048576K
2016-10-24T04:54:10.502+0800: 405.852: [GC (Allocation Failure) 2016-10-24T04:54:10.502+0800: 405.852: [ParNew
Desired survivor size 20112992 bytes, new threshold 6 (max 8)
- age   1:    7738456 bytes,    7738456 total
- age   2:    2723320 bytes,   10461776 total
- age   3:    2916560 bytes,   13378336 total
- age   4:    3136248 bytes,   16514584 total
- age   5:    2476840 bytes,   18991424 total
- age   6:    1792008 bytes,   20783432 total
- age   7:    1584592 bytes,   22368024 total
: 109248K->21824K(109248K), 0.0140349 secs] 231604K->146129K(502464K), 0.0141173 secs] [Times: user=0.05 sys=0.00, real=0.01 secs] 
Heap after GC invocations=376 (full 29):
 par new generation   total 109248K, used 21824K [0x00000007a0000000, 0x00000007a8000000, 0x00000007a8000000)
  eden space 87424K,   0% used [0x00000007a0000000, 0x00000007a0000000, 0x00000007a5560000)
  from space 21824K, 100% used [0x00000007a5560000, 0x00000007a6ab0000, 0x00000007a6ab0000)
  to   space 21824K,   0% used [0x00000007a6ab0000, 0x00000007a6ab0000, 0x00000007a8000000)
 concurrent mark-sweep generation total 393216K, used 124305K [0x00000007a8000000, 0x00000007c0000000, 0x00000007c0000000)
 Metaspace       used 34317K, capacity 34836K, committed 35452K, reserved 1081344K
  class space    used 4014K, capacity 4169K, committed 4220K, reserved 1048576K
}
2016-10-24T04:54:10.516+0800: 405.866: Total time for which application threads were stopped: 0.0143228 seconds, Stopping threads took: 0.0000202 seconds
{Heap before GC invocations=376 (full 29):
 par new generation   total 109248K, used 109248K [0x00000007a0000000, 0x00000007a8000000, 0x00000007a8000000)
  eden space 87424K, 100% used [0x00000007a0000000, 0x00000007a5560000, 0x00000007a5560000)
  from space 21824K, 100% used [0x00000007a5560000, 0x00000007a6ab0000, 0x00000007a6ab0000)
  to   space 21824K,   0% used [0x00000007a6ab0000, 0x00000007a6ab0000, 0x00000007a8000000)
 concurrent mark-sweep generation total 393216K, used 124305K [0x00000007a8000000, 0x00000007c0000000, 0x00000007c0000000)
 Metaspace       used 34317K, capacity 34836K, committed 35452K, reserved 1081344K
  class space    used 4014K, capacity 4169K, committed 4220K, reserved 1048576K
2016-10-24T04:54:10.721+0800: 406.070: [GC (Allocation Failure) 2016-10-24T04:54:10.721+0800: 406.070: [ParNew
Desired survivor size 20112992 bytes, new threshold 6 (max 8)
- age   1:    9788952 bytes,    9788952 total
- age   2:    2949064 bytes,   12738016 total
- age   3:    2435240 bytes,   15173256 total
- age   4:    2114168 bytes,   17287424 total
- age   5:    2260056 bytes,   19547480 total
- age   6:    1646840 bytes,   21194320 total
: 109248K->21824K(109248K), 0.0199324 secs] 233553K->154535K(502464K), 0.0199915 secs] [Times: user=0.07 sys=0.00, real=0.02 secs] 
Heap after GC invocations=377 (full 29):
 par new generation   total 109248K, used 21824K [0x00000007a0000000, 0x00000007a8000000, 0x00000007a8000000)
  eden space 87424K,   0% used [0x00000007a0000000, 0x00000007a0000000, 0x00000007a5560000)
  from space 21824K, 100% used [0x00000007a6ab0000, 0x00000007a8000000, 0x00000007a8000000)
  to   space 21824K,   0% used [0x00000007a5560000, 0x00000007a5560000, 0x00000007a6ab0000)
 concurrent mark-sweep generation total 393216K, used 132711K [0x00000007a8000000, 0x00000007c0000000, 0x00000007c0000000)
 Metaspace       used 34317K, capacity 34836K, committed 35452K, reserved 1081344K
  class space    used 4014K, capacity 4169K, committed 4220K, reserved 1048576K
}
2016-10-24T04:54:10.741+0800: 406.090: Total time for which application threads were stopped: 0.0201564 seconds, Stopping threads took: 0.0000194 seconds
{Heap before GC invocations=377 (full 29):
 par new generation   total 109248K, used 109248K [0x00000007a0000000, 0x00000007a8000000, 0x00000007a8000000)
  eden space 87424K, 100% used [0x00000007a0000000, 0x00000007a5560000, 0x00000007a5560000)
  from space 21824K, 100% used [0x00000007a6ab0000, 0x00000007a8000000, 0x00000007a8000000)
  to   space 21824K,   0% used [0x00000007a5560000, 0x00000007a5560000, 0x00000007a6ab0000)
 concurrent mark-sweep generation total 393216K, used 132711K [0x00000007a8000000, 0x00000007c0000000, 0x00000007c0000000)
 Metaspace       used 34317K, capacity 34836K, committed 35452K, reserved 1081344K
  class space    used 4014K, capacity 4169K, committed 4220K, reserved 1048576K
2016-10-24T04:54:10.940+0800: 406.289: [GC (Allocation Failure) 2016-10-24T04:54:10.940+0800: 406.289: [ParNew
Desired survivor size 20112992 bytes, new threshold 6 (max 8)
- age   1:    7995472 bytes,    7995472 total
- age   2:    5141128 bytes,   13136600 total
- age   3:    2668624 bytes,   15805224 total
- age   4:    2301064 bytes,   18106288 total
- age   5:    1913912 bytes,   20020200 total
- age   6:    1723992 bytes,   21744192 total
: 109248K->21824K(109248K), 0.0191969 secs] 241959K->159048K(502464K), 0.0192795 secs] [Times: user=0.07 sys=0.00, real=0.01 secs] 
Heap after GC invocations=378 (full 29):
 par new generation   total 109248K, used 21824K [0x00000007a0000000, 0x00000007a8000000, 0x00000007a8000000)
  eden space 87424K,   0% used [0x00000007a0000000, 0x00000007a0000000, 0x00000007a5560000)
  from space 21824K, 100% used [0x00000007a5560000, 0x00000007a6ab0000, 0x00000007a6ab0000)
  to   space 21824K,   0% used [0x00000007a6ab0000, 0x00000007a6ab0000, 0x00000007a8000000)
 concurrent mark-sweep generation total 393216K, used 137224K [0x00000007a8000000, 0x00000007c0000000, 0x00000007c0000000)
 Metaspace       used 34317K, capacity 34836K, committed 35452K, reserved 1081344K
  class space    used 4014K, capacity 4169K, committed 4220K, reserved 1048576K
}
2016-10-24T04:54:10.959+0800: 406.308: Total time for which application threads were stopped: 0.0194710 seconds, Stopping threads took: 0.0000312 seconds
{Heap before GC invocations=378 (full 29):
 par new generation   total 109248K, used 109119K [0x00000007a0000000, 0x00000007a8000000, 0x00000007a8000000)
  eden space 87424K,  99% used [0x00000007a0000000, 0x00000007a553ff60, 0x00000007a5560000)
  from space 21824K, 100% used [0x00000007a5560000, 0x00000007a6ab0000, 0x00000007a6ab0000)
  to   space 21824K,   0% used [0x00000007a6ab0000, 0x00000007a6ab0000, 0x00000007a8000000)
 concurrent mark-sweep generation total 393216K, used 137224K [0x00000007a8000000, 0x00000007c0000000, 0x00000007c0000000)
 Metaspace       used 34317K, capacity 34836K, committed 35452K, reserved 1081344K
  class space    used 4014K, capacity 4169K, committed 4220K, reserved 1048576K
2016-10-24T04:54:11.148+0800: 406.498: [GC (Allocation Failure) 2016-10-24T04:54:11.148+0800: 406.498: [ParNew
Desired survivor size 20112992 bytes, new threshold 8 (max 8)
- age   1:    6270920 bytes,    6270920 total
- age   2:    3288360 bytes,    9559280 total
- age   3:    3636040 bytes,   13195320 total
- age   4:    2438440 bytes,   15633760 total
- age   5:    1656560 bytes,   17290320 total
- age   6:    1725368 bytes,   19015688 total
: 109119K->21824K(109248K), 0.0207110 secs] 246343K->166961K(502464K), 0.0207669 secs] [Times: user=0.08 sys=0.00, real=0.02 secs] 
Heap after GC invocations=379 (full 29):
 par new generation   total 109248K, used 21824K [0x00000007a0000000, 0x00000007a8000000, 0x00000007a8000000)
  eden space 87424K,   0% used [0x00000007a0000000, 0x00000007a0000000, 0x00000007a5560000)
  from space 21824K, 100% used [0x00000007a6ab0000, 0x00000007a8000000, 0x00000007a8000000)
  to   space 21824K,   0% used [0x00000007a5560000, 0x00000007a5560000, 0x00000007a6ab0000)
 concurrent mark-sweep generation total 393216K, used 145137K [0x00000007a8000000, 0x00000007c0000000, 0x00000007c0000000)
 Metaspace       used 34317K, capacity 34836K, committed 35452K, reserved 1081344K
  class space    used 4014K, capacity 4169K, committed 4220K, reserved 1048576K
}
2016-10-24T04:54:11.169+0800: 406.518: Total time for which application threads were stopped: 0.0209598 seconds, Stopping threads took: 0.0000271 seconds
2016-10-24T04:54:11.308+0800: 406.658: Total time for which application threads were stopped: 0.0000941 seconds, Stopping threads took: 0.0000258 seconds
2016-10-24T04:54:11.312+0800: 406.661: Total time for which application threads were stopped: 0.0001029 seconds, Stopping threads took: 0.0000323 seconds
2016-10-24T04:54:11.474+0800: 406.823: Total time for which application threads were stopped: 0.0000979 seconds, Stopping threads took: 0.0000282 seconds
2016-10-24T04:54:11.517+0800: 406.866: Total time for which application threads were stopped: 0.0001572 seconds, Stopping threads took: 0.0000316 seconds
2016-10-24T04:54:11.517+0800: 406.866: Total time for which application threads were stopped: 0.0000456 seconds, Stopping threads took: 0.0000069 seconds
2016-10-24T04:54:11.730+0800: 407.079: Total time for which application threads were stopped: 0.0000945 seconds, Stopping threads took: 0.0000202 seconds
{Heap before GC invocations=379 (full 29):
 par new generation   total 109248K, used 109248K [0x00000007a0000000, 0x00000007a8000000, 0x00000007a8000000)
  eden space 87424K, 100% used [0x00000007a0000000, 0x00000007a5560000, 0x00000007a5560000)
  from space 21824K, 100% used [0x00000007a6ab0000, 0x00000007a8000000, 0x00000007a8000000)
  to   space 21824K,   0% used [0x00000007a5560000, 0x00000007a5560000, 0x00000007a6ab0000)
 concurrent mark-sweep generation total 393216K, used 145137K [0x00000007a8000000, 0x00000007c0000000, 0x00000007c0000000)
 Metaspace       used 34319K, capacity 34836K, committed 35452K, reserved 1081344K
  class space    used 4014K, capacity 4169K, committed 4220K, reserved 1048576K
2016-10-24T04:54:11.732+0800: 407.082: [GC (Allocation Failure) 2016-10-24T04:54:11.733+0800: 407.082: [ParNew
Desired survivor size 20112992 bytes, new threshold 6 (max 8)
- age   1:    6483232 bytes,    6483232 total
- age   2:    4907568 bytes,   11390800 total
- age   3:    2679088 bytes,   14069888 total
- age   4:    3179072 bytes,   17248960 total
- age   5:    2014016 bytes,   19262976 total
- age   6:     945696 bytes,   20208672 total
- age   7:    1436680 bytes,   21645352 total
: 109248K->21824K(109248K), 0.0174955 secs] 254385K->171755K(502464K), 0.0175449 secs] [Times: user=0.07 sys=0.00, real=0.02 secs] 
Heap after GC invocations=380 (full 29):
 par new generation   total 109248K, used 21824K [0x00000007a0000000, 0x00000007a8000000, 0x00000007a8000000)
  eden space 87424K,   0% used [0x00000007a0000000, 0x00000007a0000000, 0x00000007a5560000)
  from space 21824K, 100% used [0x00000007a5560000, 0x00000007a6ab0000, 0x00000007a6ab0000)
  to   space 21824K,   0% used [0x00000007a6ab0000, 0x00000007a6ab0000, 0x00000007a8000000)
 concurrent mark-sweep generation total 393216K, used 149931K [0x00000007a8000000, 0x00000007c0000000, 0x00000007c0000000)
 Metaspace       used 34319K, capacity 34836K, committed 35452K, reserved 1081344K
  class space    used 4014K, capacity 4169K, committed 4220K, reserved 1048576K
}
2016-10-24T04:54:11.750+0800: 407.100: Total time for which application threads were stopped: 0.0177053 seconds, Stopping threads took: 0.0000271 seconds
{Heap before GC invocations=380 (full 29):
 par new generation   total 109248K, used 109248K [0x00000007a0000000, 0x00000007a8000000, 0x00000007a8000000)
  eden space 87424K, 100% used [0x00000007a0000000, 0x00000007a5560000, 0x00000007a5560000)
  from space 21824K, 100% used [0x00000007a5560000, 0x00000007a6ab0000, 0x00000007a6ab0000)
  to   space 21824K,   0% used [0x00000007a6ab0000, 0x00000007a6ab0000, 0x00000007a8000000)
 concurrent mark-sweep generation total 393216K, used 149931K [0x00000007a8000000, 0x00000007c0000000, 0x00000007c0000000)
 Metaspace       used 34319K, capacity 34836K, committed 35452K, reserved 1081344K
  class space    used 4014K, capacity 4169K, committed 4220K, reserved 1048576K
2016-10-24T04:54:11.813+0800: 407.162: [GC (Allocation Failure) 2016-10-24T04:54:11.813+0800: 407.162: [ParNew
Desired survivor size 20112992 bytes, new threshold 8 (max 8)
- age   1:      97840 bytes,      97840 total
- age   2:    6150040 bytes,    6247880 total
- age   3:    4561984 bytes,   10809864 total
- age   4:    2387240 bytes,   13197104 total
- age   5:    2806624 bytes,   16003728 total
- age   6:    1782048 bytes,   17785776 total
: 109248K->21824K(109248K), 0.0168752 secs] 259179K->175745K(502464K), 0.0169369 secs] [Times: user=0.06 sys=0.00, real=0.02 secs] 
Heap after GC invocations=381 (full 29):
 par new generation   total 109248K, used 21824K [0x00000007a0000000, 0x00000007a8000000, 0x00000007a8000000)
  eden space 87424K,   0% used [0x00000007a0000000, 0x00000007a0000000, 0x00000007a5560000)
  from space 21824K, 100% used [0x00000007a6ab0000, 0x00000007a8000000, 0x00000007a8000000)
  to   space 21824K,   0% used [0x00000007a5560000, 0x00000007a5560000, 0x00000007a6ab0000)
 concurrent mark-sweep generation total 393216K, used 153921K [0x00000007a8000000, 0x00000007c0000000, 0x00000007c0000000)
 Metaspace       used 34319K, capacity 34836K, committed 35452K, reserved 1081344K
  class space    used 4014K, capacity 4169K, committed 4220K, reserved 1048576K
}
2016-10-24T04:54:11.830+0800: 407.179: Total time for which application threads were stopped: 0.0171202 seconds, Stopping threads took: 0.0000327 seconds
2016-10-24T04:54:11.891+0800: 407.240: Total time for which application threads were stopped: 0.0000901 seconds, Stopping threads took: 0.0000268 seconds
2016-10-24T04:54:11.891+0800: 407.240: Total time for which application threads were stopped: 0.0000592 seconds, Stopping threads took: 0.0000064 seconds
2016-10-24T04:54:11.891+0800: 407.241: Total time for which application threads were stopped: 0.0001833 seconds, Stopping threads took: 0.0000173 seconds
2016-10-24T04:54:11.922+0800: 407.272: Total time for which application threads were stopped: 0.0000988 seconds, Stopping threads took: 0.0000266 seconds
2016-10-24T04:54:11.922+0800: 407.272: Total time for which application threads were stopped: 0.0000495 seconds, Stopping threads took: 0.0000079 seconds
2016-10-24T04:54:11.923+0800: 407.272: Total time for which application threads were stopped: 0.0000487 seconds, Stopping threads took: 0.0000072 seconds
2016-10-24T04:54:11.923+0800: 407.272: Total time for which application threads were stopped: 0.0000505 seconds, Stopping threads took: 0.0000072 seconds
2016-10-24T04:54:11.930+0800: 407.279: Total time for which application threads were stopped: 0.0001056 seconds, Stopping threads took: 0.0000203 seconds
2016-10-24T04:54:11.933+0800: 407.283: Total time for which application threads were stopped: 0.0000713 seconds, Stopping threads took: 0.0000228 seconds
2016-10-24T04:54:11.933+0800: 407.283: Total time for which application threads were stopped: 0.0000497 seconds, Stopping threads took: 0.0000140 seconds
2016-10-24T04:54:11.933+0800: 407.283: Total time for which application threads were stopped: 0.0000471 seconds, Stopping threads took: 0.0000186 seconds
2016-10-24T04:54:11.934+0800: 407.283: Total time for which application threads were stopped: 0.0000547 seconds, Stopping threads took: 0.0000175 seconds
2016-10-24T04:54:11.934+0800: 407.283: Total time for which application threads were stopped: 0.0000665 seconds, Stopping threads took: 0.0000304 seconds
2016-10-24T04:54:11.934+0800: 407.283: Total time for which application threads were stopped: 0.0000457 seconds, Stopping threads took: 0.0000178 seconds
2016-10-24T04:54:11.934+0800: 407.283: Total time for which application threads were stopped: 0.0000572 seconds, Stopping threads took: 0.0000204 seconds
2016-10-24T04:54:11.934+0800: 407.283: Total time for which application threads were stopped: 0.0000444 seconds, Stopping threads took: 0.0000155 seconds
2016-10-24T04:54:11.935+0800: 407.284: Total time for which application threads were stopped: 0.0000400 seconds, Stopping threads took: 0.0000079 seconds
2016-10-24T04:54:11.935+0800: 407.284: Total time for which application threads were stopped: 0.0000650 seconds, Stopping threads took: 0.0000373 seconds
2016-10-24T04:54:11.935+0800: 407.284: Total time for which application threads were stopped: 0.0000484 seconds, Stopping threads took: 0.0000218 seconds
2016-10-24T04:54:11.935+0800: 407.285: Total time for which application threads were stopped: 0.0000526 seconds, Stopping threads took: 0.0000167 seconds
2016-10-24T04:54:11.936+0800: 407.285: Total time for which application threads were stopped: 0.0000829 seconds, Stopping threads took: 0.0000456 seconds
2016-10-24T04:54:11.936+0800: 407.285: Total time for which application threads were stopped: 0.0000548 seconds, Stopping threads took: 0.0000241 seconds
2016-10-24T04:54:11.936+0800: 407.285: Total time for which application threads were stopped: 0.0000521 seconds, Stopping threads took: 0.0000246 seconds
2016-10-24T04:54:11.936+0800: 407.285: Total time for which application threads were stopped: 0.0000547 seconds, Stopping threads took: 0.0000232 seconds
2016-10-24T04:54:11.936+0800: 407.286: Total time for which application threads were stopped: 0.0001022 seconds, Stopping threads took: 0.0000241 seconds
2016-10-24T04:54:11.937+0800: 407.287: Total time for which application threads were stopped: 0.0000991 seconds, Stopping threads took: 0.0000253 seconds
2016-10-24T04:54:11.937+0800: 407.287: Total time for which application threads were stopped: 0.0000502 seconds, Stopping threads took: 0.0000122 seconds
2016-10-24T04:54:11.938+0800: 407.287: Total time for which application threads were stopped: 0.0000645 seconds, Stopping threads took: 0.0000098 seconds
2016-10-24T04:54:11.938+0800: 407.287: Total time for which application threads were stopped: 0.0000639 seconds, Stopping threads took: 0.0000101 seconds
2016-10-24T04:54:11.938+0800: 407.288: Total time for which application threads were stopped: 0.0000460 seconds, Stopping threads took: 0.0000075 seconds
2016-10-24T04:54:11.938+0800: 407.288: Total time for which application threads were stopped: 0.0002027 seconds, Stopping threads took: 0.0000060 seconds
2016-10-24T04:54:11.939+0800: 407.288: Total time for which application threads were stopped: 0.0000456 seconds, Stopping threads took: 0.0000123 seconds
2016-10-24T04:54:11.939+0800: 407.288: Total time for which application threads were stopped: 0.0000483 seconds, Stopping threads took: 0.0000082 seconds
2016-10-24T04:54:11.939+0800: 407.289: Total time for which application threads were stopped: 0.0000510 seconds, Stopping threads took: 0.0000088 seconds
2016-10-24T04:54:11.939+0800: 407.289: Total time for which application threads were stopped: 0.0000476 seconds, Stopping threads took: 0.0000084 seconds
2016-10-24T04:54:11.940+0800: 407.289: Total time for which application threads were stopped: 0.0000466 seconds, Stopping threads took: 0.0000080 seconds
2016-10-24T04:54:11.940+0800: 407.289: Total time for which application threads were stopped: 0.0000446 seconds, Stopping threads took: 0.0000076 seconds
2016-10-24T04:54:11.940+0800: 407.289: Total time for which application threads were stopped: 0.0000449 seconds, Stopping threads took: 0.0000070 seconds
2016-10-24T04:54:11.940+0800: 407.290: Total time for which application threads were stopped: 0.0000398 seconds, Stopping threads took: 0.0000078 seconds
2016-10-24T04:54:11.940+0800: 407.290: Total time for which application threads were stopped: 0.0000330 seconds, Stopping threads took: 0.0000060 seconds
2016-10-24T04:54:11.940+0800: 407.290: Total time for which application threads were stopped: 0.0000299 seconds, Stopping threads took: 0.0000055 seconds
2016-10-24T04:54:11.960+0800: 407.310: Total time for which application threads were stopped: 0.0000916 seconds, Stopping threads took: 0.0000237 seconds
2016-10-24T04:54:11.977+0800: 407.326: Total time for which application threads were stopped: 0.0001020 seconds, Stopping threads took: 0.0000289 seconds
2016-10-24T04:54:19.882+0800: 415.231: Total time for which application threads were stopped: 0.0001178 seconds, Stopping threads took: 0.0000213 seconds
2016-10-24T04:54:19.882+0800: 415.232: Total time for which application threads were stopped: 0.0000714 seconds, Stopping threads took: 0.0000301 seconds
2016-10-24T04:54:19.882+0800: 415.232: Total time for which application threads were stopped: 0.0000806 seconds, Stopping threads took: 0.0000325 seconds
2016-10-24T04:54:19.882+0800: 415.232: Total time for which application threads were stopped: 0.0000831 seconds, Stopping threads took: 0.0000441 seconds
2016-10-24T04:54:19.882+0800: 415.232: Total time for which application threads were stopped: 0.0001249 seconds, Stopping threads took: 0.0000230 seconds
2016-10-24T04:54:19.883+0800: 415.232: Total time for which application threads were stopped: 0.0000649 seconds, Stopping threads took: 0.0000293 seconds
2016-10-24T04:54:19.883+0800: 415.233: Total time for which application threads were stopped: 0.0000663 seconds, Stopping threads took: 0.0000297 seconds
2016-10-24T04:54:19.895+0800: 415.245: Total time for which application threads were stopped: 0.0004710 seconds, Stopping threads took: 0.0000164 seconds
2016-10-24T04:54:19.928+0800: 415.278: Total time for which application threads were stopped: 0.0001143 seconds, Stopping threads took: 0.0000247 seconds
2016-10-24T04:54:19.969+0800: 415.319: Total time for which application threads were stopped: 0.0001595 seconds, Stopping threads took: 0.0000432 seconds
{Heap before GC invocations=381 (full 29):
 par new generation   total 109248K, used 109248K [0x00000007a0000000, 0x00000007a8000000, 0x00000007a8000000)
  eden space 87424K, 100% used [0x00000007a0000000, 0x00000007a5560000, 0x00000007a5560000)
  from space 21824K, 100% used [0x00000007a6ab0000, 0x00000007a8000000, 0x00000007a8000000)
  to   space 21824K,   0% used [0x00000007a5560000, 0x00000007a5560000, 0x00000007a6ab0000)
 concurrent mark-sweep generation total 393216K, used 153921K [0x00000007a8000000, 0x00000007c0000000, 0x00000007c0000000)
 Metaspace       used 35510K, capacity 35994K, committed 36604K, reserved 1081344K
  class space    used 4151K, capacity 4298K, committed 4348K, reserved 1048576K
2016-10-24T04:54:20.003+0800: 415.353: [GC (Allocation Failure) 2016-10-24T04:54:20.003+0800: 415.353: [ParNew
Desired survivor size 20112992 bytes, new threshold 8 (max 8)
- age   1:    3627280 bytes,    3627280 total
- age   2:      95200 bytes,    3722480 total
- age   3:    5655448 bytes,    9377928 total
- age   4:    4219160 bytes,   13597088 total
- age   5:    2048216 bytes,   15645304 total
- age   6:    2512000 bytes,   18157304 total
- age   7:    1489784 bytes,   19647088 total
: 109248K->21824K(109248K), 0.0109500 secs] 263169K->176663K(502464K), 0.0110192 secs] [Times: user=0.04 sys=0.00, real=0.01 secs] 
Heap after GC invocations=382 (full 29):
 par new generation   total 109248K, used 21824K [0x00000007a0000000, 0x00000007a8000000, 0x00000007a8000000)
  eden space 87424K,   0% used [0x00000007a0000000, 0x00000007a0000000, 0x00000007a5560000)
  from space 21824K, 100% used [0x00000007a5560000, 0x00000007a6ab0000, 0x00000007a6ab0000)
  to   space 21824K,   0% used [0x00000007a6ab0000, 0x00000007a6ab0000, 0x00000007a8000000)
 concurrent mark-sweep generation total 393216K, used 154839K [0x00000007a8000000, 0x00000007c0000000, 0x00000007c0000000)
 Metaspace       used 35510K, capacity 35994K, committed 36604K, reserved 1081344K
  class space    used 4151K, capacity 4298K, committed 4348K, reserved 1048576K
}
2016-10-24T04:54:20.014+0800: 415.364: Total time for which application threads were stopped: 0.0111955 seconds, Stopping threads took: 0.0000203 seconds
2016-10-24T04:54:20.069+0800: 415.419: Total time for which application threads were stopped: 0.0001352 seconds, Stopping threads took: 0.0000433 seconds
2016-10-24T04:54:20.069+0800: 415.419: Total time for which application threads were stopped: 0.0000846 seconds, Stopping threads took: 0.0000424 seconds
2016-10-24T04:54:20.071+0800: 415.420: Total time for which application threads were stopped: 0.0000947 seconds, Stopping threads took: 0.0000377 seconds
2016-10-24T04:54:20.072+0800: 415.421: Total time for which application threads were stopped: 0.0001211 seconds, Stopping threads took: 0.0000765 seconds
2016-10-24T04:54:20.074+0800: 415.424: Total time for which application threads were stopped: 0.0000785 seconds, Stopping threads took: 0.0000256 seconds
2016-10-24T04:54:20.075+0800: 415.425: Total time for which application threads were stopped: 0.0000996 seconds, Stopping threads took: 0.0000463 seconds
2016-10-24T04:54:20.098+0800: 415.448: Total time for which application threads were stopped: 0.0001560 seconds, Stopping threads took: 0.0000873 seconds
2016-10-24T04:54:20.100+0800: 415.449: Total time for which application threads were stopped: 0.0001779 seconds, Stopping threads took: 0.0000959 seconds
2016-10-24T04:54:20.100+0800: 415.450: Total time for which application threads were stopped: 0.0001307 seconds, Stopping threads took: 0.0000687 seconds
2016-10-24T04:54:20.111+0800: 415.460: Total time for which application threads were stopped: 0.0001073 seconds, Stopping threads took: 0.0000270 seconds
2016-10-24T04:54:20.139+0800: 415.489: Total time for which application threads were stopped: 0.0004968 seconds, Stopping threads took: 0.0000119 seconds
2016-10-24T04:54:20.319+0800: 415.669: Total time for which application threads were stopped: 0.0001669 seconds, Stopping threads took: 0.0000165 seconds
2016-10-24T04:54:20.379+0800: 415.729: Total time for which application threads were stopped: 0.0005660 seconds, Stopping threads took: 0.0000193 seconds
2016-10-24T04:54:20.384+0800: 415.734: Total time for which application threads were stopped: 0.0001395 seconds, Stopping threads took: 0.0000181 seconds
2016-10-24T04:54:21.386+0800: 416.736: Total time for which application threads were stopped: 0.0001818 seconds, Stopping threads took: 0.0000244 seconds
2016-10-24T04:54:33.663+0800: 429.013: Total time for which application threads were stopped: 0.0001468 seconds, Stopping threads took: 0.0000473 seconds
2016-10-24T04:54:33.664+0800: 429.014: Total time for which application threads were stopped: 0.0001312 seconds, Stopping threads took: 0.0000425 seconds
2016-10-24T04:54:33.664+0800: 429.014: Total time for which application threads were stopped: 0.0001551 seconds, Stopping threads took: 0.0000840 seconds
2016-10-24T04:54:33.664+0800: 429.014: Total time for which application threads were stopped: 0.0001216 seconds, Stopping threads took: 0.0000425 seconds
2016-10-24T04:54:40.876+0800: 436.226: Total time for which application threads were stopped: 0.0001860 seconds, Stopping threads took: 0.0000883 seconds
2016-10-24T04:54:40.880+0800: 436.231: Total time for which application threads were stopped: 0.0000877 seconds, Stopping threads took: 0.0000371 seconds
2016-10-24T04:54:40.881+0800: 436.232: Total time for which application threads were stopped: 0.0000476 seconds, Stopping threads took: 0.0000092 seconds
2016-10-24T04:54:40.882+0800: 436.232: Total time for which application threads were stopped: 0.0000544 seconds, Stopping threads took: 0.0000081 seconds
2016-10-24T04:54:40.882+0800: 436.232: Total time for which application threads were stopped: 0.0000412 seconds, Stopping threads took: 0.0000076 seconds
2016-10-24T04:54:40.882+0800: 436.232: Total time for which application threads were stopped: 0.0000637 seconds, Stopping threads took: 0.0000076 seconds
2016-10-24T04:54:40.882+0800: 436.233: Total time for which application threads were stopped: 0.0000511 seconds, Stopping threads took: 0.0000087 seconds
2016-10-24T04:54:40.883+0800: 436.233: Total time for which application threads were stopped: 0.0000329 seconds, Stopping threads took: 0.0000055 seconds
2016-10-24T04:54:40.883+0800: 436.233: Total time for which application threads were stopped: 0.0000339 seconds, Stopping threads took: 0.0000058 seconds
2016-10-24T04:54:40.883+0800: 436.233: Total time for which application threads were stopped: 0.0000494 seconds, Stopping threads took: 0.0000101 seconds
2016-10-24T04:54:40.883+0800: 436.233: Total time for which application threads were stopped: 0.0000384 seconds, Stopping threads took: 0.0000060 seconds
2016-10-24T04:54:40.883+0800: 436.233: Total time for which application threads were stopped: 0.0000505 seconds, Stopping threads took: 0.0000089 seconds
2016-10-24T04:54:40.883+0800: 436.233: Total time for which application threads were stopped: 0.0000323 seconds, Stopping threads took: 0.0000038 seconds
2016-10-24T04:54:40.883+0800: 436.233: Total time for which application threads were stopped: 0.0000328 seconds, Stopping threads took: 0.0000057 seconds
2016-10-24T04:54:40.883+0800: 436.234: Total time for which application threads were stopped: 0.0001117 seconds, Stopping threads took: 0.0000077 seconds
2016-10-24T04:54:40.883+0800: 436.234: Total time for which application threads were stopped: 0.0000464 seconds, Stopping threads took: 0.0000090 seconds
2016-10-24T04:54:40.884+0800: 436.234: Total time for which application threads were stopped: 0.0000959 seconds, Stopping threads took: 0.0000094 seconds
2016-10-24T04:54:40.886+0800: 436.237: Total time for which application threads were stopped: 0.0000637 seconds, Stopping threads took: 0.0000187 seconds
2016-10-24T04:54:40.886+0800: 436.237: Total time for which application threads were stopped: 0.0000691 seconds, Stopping threads took: 0.0000286 seconds
2016-10-24T04:54:40.886+0800: 436.237: Total time for which application threads were stopped: 0.0000586 seconds, Stopping threads took: 0.0000238 seconds
2016-10-24T04:54:40.898+0800: 436.248: Total time for which application threads were stopped: 0.0001149 seconds, Stopping threads took: 0.0000499 seconds
2016-10-24T04:54:40.905+0800: 436.255: Total time for which application threads were stopped: 0.0000845 seconds, Stopping threads took: 0.0000255 seconds
2016-10-24T04:54:40.924+0800: 436.274: Total time for which application threads were stopped: 0.0001362 seconds, Stopping threads took: 0.0000543 seconds
2016-10-24T04:54:40.942+0800: 436.292: Total time for which application threads were stopped: 0.0000638 seconds, Stopping threads took: 0.0000137 seconds
2016-10-24T04:54:40.943+0800: 436.293: Total time for which application threads were stopped: 0.0001043 seconds, Stopping threads took: 0.0000373 seconds
2016-10-24T04:54:40.943+0800: 436.294: Total time for which application threads were stopped: 0.0000724 seconds, Stopping threads took: 0.0000130 seconds
2016-10-24T04:54:40.954+0800: 436.304: Total time for which application threads were stopped: 0.0000879 seconds, Stopping threads took: 0.0000142 seconds
2016-10-24T04:54:40.956+0800: 436.306: Total time for which application threads were stopped: 0.0000803 seconds, Stopping threads took: 0.0000132 seconds
2016-10-24T04:54:40.956+0800: 436.306: Total time for which application threads were stopped: 0.0000977 seconds, Stopping threads took: 0.0000127 seconds
2016-10-24T04:54:40.956+0800: 436.306: Total time for which application threads were stopped: 0.0000738 seconds, Stopping threads took: 0.0000087 seconds
2016-10-24T04:54:40.956+0800: 436.306: Total time for which application threads were stopped: 0.0000538 seconds, Stopping threads took: 0.0000084 seconds
2016-10-24T04:54:40.956+0800: 436.307: Total time for which application threads were stopped: 0.0000622 seconds, Stopping threads took: 0.0000113 seconds
2016-10-24T04:54:40.956+0800: 436.307: Total time for which application threads were stopped: 0.0000435 seconds, Stopping threads took: 0.0000079 seconds
2016-10-24T04:54:40.956+0800: 436.307: Total time for which application threads were stopped: 0.0000660 seconds, Stopping threads took: 0.0000091 seconds
2016-10-24T04:54:40.957+0800: 436.307: Total time for which application threads were stopped: 0.0000390 seconds, Stopping threads took: 0.0000072 seconds
2016-10-24T04:54:40.957+0800: 436.307: Total time for which application threads were stopped: 0.0000364 seconds, Stopping threads took: 0.0000066 seconds
2016-10-24T04:54:40.957+0800: 436.307: Total time for which application threads were stopped: 0.0000680 seconds, Stopping threads took: 0.0000097 seconds
2016-10-24T04:54:40.957+0800: 436.307: Total time for which application threads were stopped: 0.0000394 seconds, Stopping threads took: 0.0000066 seconds
2016-10-24T04:54:40.957+0800: 436.307: Total time for which application threads were stopped: 0.0000544 seconds, Stopping threads took: 0.0000079 seconds
2016-10-24T04:54:40.957+0800: 436.307: Total time for which application threads were stopped: 0.0000389 seconds, Stopping threads took: 0.0000067 seconds
2016-10-24T04:54:40.957+0800: 436.308: Total time for which application threads were stopped: 0.0000545 seconds, Stopping threads took: 0.0000084 seconds
2016-10-24T04:54:40.957+0800: 436.308: Total time for which application threads were stopped: 0.0000582 seconds, Stopping threads took: 0.0000094 seconds
2016-10-24T04:54:40.957+0800: 436.308: Total time for which application threads were stopped: 0.0000575 seconds, Stopping threads took: 0.0000216 seconds
2016-10-24T04:54:40.958+0800: 436.308: Total time for which application threads were stopped: 0.0000454 seconds, Stopping threads took: 0.0000136 seconds
2016-10-24T04:54:40.958+0800: 436.308: Total time for which application threads were stopped: 0.0000591 seconds, Stopping threads took: 0.0000295 seconds
2016-10-24T04:54:40.958+0800: 436.308: Total time for which application threads were stopped: 0.0000595 seconds, Stopping threads took: 0.0000241 seconds
2016-10-24T04:54:40.958+0800: 436.308: Total time for which application threads were stopped: 0.0000581 seconds, Stopping threads took: 0.0000112 seconds
2016-10-24T04:54:40.958+0800: 436.308: Total time for which application threads were stopped: 0.0001432 seconds, Stopping threads took: 0.0000084 seconds
2016-10-24T04:54:40.959+0800: 436.309: Total time for which application threads were stopped: 0.0001117 seconds, Stopping threads took: 0.0000570 seconds
2016-10-24T04:54:40.960+0800: 436.310: Total time for which application threads were stopped: 0.0000499 seconds, Stopping threads took: 0.0000098 seconds
2016-10-24T04:54:40.964+0800: 436.314: Total time for which application threads were stopped: 0.0000812 seconds, Stopping threads took: 0.0000256 seconds
2016-10-24T04:54:40.964+0800: 436.314: Total time for which application threads were stopped: 0.0001017 seconds, Stopping threads took: 0.0000365 seconds
2016-10-24T04:54:40.964+0800: 436.314: Total time for which application threads were stopped: 0.0000980 seconds, Stopping threads took: 0.0000518 seconds
2016-10-24T04:54:40.964+0800: 436.315: Total time for which application threads were stopped: 0.0000542 seconds, Stopping threads took: 0.0000189 seconds
2016-10-24T04:54:40.964+0800: 436.315: Total time for which application threads were stopped: 0.0000564 seconds, Stopping threads took: 0.0000225 seconds
2016-10-24T04:54:40.964+0800: 436.315: Total time for which application threads were stopped: 0.0001233 seconds, Stopping threads took: 0.0000556 seconds
2016-10-24T04:54:40.964+0800: 436.315: Total time for which application threads were stopped: 0.0000896 seconds, Stopping threads took: 0.0000258 seconds
2016-10-24T04:54:40.965+0800: 436.315: Total time for which application threads were stopped: 0.0000466 seconds, Stopping threads took: 0.0000088 seconds
2016-10-24T04:54:40.965+0800: 436.316: Total time for which application threads were stopped: 0.0000576 seconds, Stopping threads took: 0.0000082 seconds
2016-10-24T04:54:40.965+0800: 436.316: Total time for which application threads were stopped: 0.0000628 seconds, Stopping threads took: 0.0000240 seconds
2016-10-24T04:54:40.965+0800: 436.316: Total time for which application threads were stopped: 0.0000974 seconds, Stopping threads took: 0.0000259 seconds
2016-10-24T04:54:40.966+0800: 436.316: Total time for which application threads were stopped: 0.0000895 seconds, Stopping threads took: 0.0000252 seconds
2016-10-24T04:54:40.966+0800: 436.316: Total time for which application threads were stopped: 0.0000892 seconds, Stopping threads took: 0.0000307 seconds
2016-10-24T04:54:40.966+0800: 436.316: Total time for which application threads were stopped: 0.0000607 seconds, Stopping threads took: 0.0000171 seconds
2016-10-24T04:54:40.966+0800: 436.316: Total time for which application threads were stopped: 0.0000635 seconds, Stopping threads took: 0.0000189 seconds
2016-10-24T04:54:40.966+0800: 436.317: Total time for which application threads were stopped: 0.0000706 seconds, Stopping threads took: 0.0000238 seconds
2016-10-24T04:54:40.966+0800: 436.317: Total time for which application threads were stopped: 0.0000925 seconds, Stopping threads took: 0.0000466 seconds
2016-10-24T04:54:40.967+0800: 436.317: Total time for which application threads were stopped: 0.0000834 seconds, Stopping threads took: 0.0000279 seconds
2016-10-24T04:54:40.967+0800: 436.317: Total time for which application threads were stopped: 0.0000717 seconds, Stopping threads took: 0.0000225 seconds
2016-10-24T04:54:40.967+0800: 436.317: Total time for which application threads were stopped: 0.0000716 seconds, Stopping threads took: 0.0000122 seconds
2016-10-24T04:54:40.967+0800: 436.317: Total time for which application threads were stopped: 0.0000783 seconds, Stopping threads took: 0.0000195 seconds
2016-10-24T04:54:40.967+0800: 436.318: Total time for which application threads were stopped: 0.0000531 seconds, Stopping threads took: 0.0000072 seconds
2016-10-24T04:54:40.967+0800: 436.318: Total time for which application threads were stopped: 0.0000600 seconds, Stopping threads took: 0.0000097 seconds
2016-10-24T04:54:40.968+0800: 436.318: Total time for which application threads were stopped: 0.0000743 seconds, Stopping threads took: 0.0000277 seconds
2016-10-24T04:54:40.968+0800: 436.318: Total time for which application threads were stopped: 0.0000495 seconds, Stopping threads took: 0.0000182 seconds
2016-10-24T04:54:40.968+0800: 436.318: Total time for which application threads were stopped: 0.0000786 seconds, Stopping threads took: 0.0000443 seconds
2016-10-24T04:54:40.968+0800: 436.318: Total time for which application threads were stopped: 0.0000821 seconds, Stopping threads took: 0.0000523 seconds
2016-10-24T04:54:40.968+0800: 436.318: Total time for which application threads were stopped: 0.0000803 seconds, Stopping threads took: 0.0000483 seconds
2016-10-24T04:54:40.968+0800: 436.319: Total time for which application threads were stopped: 0.0000774 seconds, Stopping threads took: 0.0000171 seconds
2016-10-24T04:54:40.968+0800: 436.319: Total time for which application threads were stopped: 0.0000668 seconds, Stopping threads took: 0.0000359 seconds
2016-10-24T04:54:40.968+0800: 436.319: Total time for which application threads were stopped: 0.0000478 seconds, Stopping threads took: 0.0000096 seconds
2016-10-24T04:54:40.969+0800: 436.319: Total time for which application threads were stopped: 0.0000549 seconds, Stopping threads took: 0.0000093 seconds
2016-10-24T04:54:40.969+0800: 436.319: Total time for which application threads were stopped: 0.0000515 seconds, Stopping threads took: 0.0000198 seconds
2016-10-24T04:54:40.969+0800: 436.319: Total time for which application threads were stopped: 0.0000495 seconds, Stopping threads took: 0.0000148 seconds
2016-10-24T04:54:40.969+0800: 436.319: Total time for which application threads were stopped: 0.0000534 seconds, Stopping threads took: 0.0000240 seconds
2016-10-24T04:54:40.969+0800: 436.320: Total time for which application threads were stopped: 0.0001484 seconds, Stopping threads took: 0.0000097 seconds
2016-10-24T04:54:40.969+0800: 436.320: Total time for which application threads were stopped: 0.0000567 seconds, Stopping threads took: 0.0000089 seconds
2016-10-24T04:54:40.969+0800: 436.320: Total time for which application threads were stopped: 0.0000766 seconds, Stopping threads took: 0.0000438 seconds
2016-10-24T04:54:40.970+0800: 436.320: Total time for which application threads were stopped: 0.0001666 seconds, Stopping threads took: 0.0000616 seconds
2016-10-24T04:54:40.985+0800: 436.336: Total time for which application threads were stopped: 0.0001002 seconds, Stopping threads took: 0.0000160 seconds
2016-10-24T04:54:40.986+0800: 436.336: Total time for which application threads were stopped: 0.0000758 seconds, Stopping threads took: 0.0000116 seconds
2016-10-24T04:54:40.986+0800: 436.336: Total time for which application threads were stopped: 0.0000658 seconds, Stopping threads took: 0.0000102 seconds
2016-10-24T04:54:40.986+0800: 436.336: Total time for which application threads were stopped: 0.0000596 seconds, Stopping threads took: 0.0000094 seconds
2016-10-24T04:54:40.986+0800: 436.336: Total time for which application threads were stopped: 0.0000593 seconds, Stopping threads took: 0.0000090 seconds
2016-10-24T04:54:40.986+0800: 436.336: Total time for which application threads were stopped: 0.0000537 seconds, Stopping threads took: 0.0000083 seconds
2016-10-24T04:54:40.986+0800: 436.337: Total time for which application threads were stopped: 0.0000525 seconds, Stopping threads took: 0.0000083 seconds
2016-10-24T04:54:40.986+0800: 436.337: Total time for which application threads were stopped: 0.0000581 seconds, Stopping threads took: 0.0000104 seconds
2016-10-24T04:54:40.986+0800: 436.337: Total time for which application threads were stopped: 0.0000528 seconds, Stopping threads took: 0.0000081 seconds
2016-10-24T04:54:40.986+0800: 436.337: Total time for which application threads were stopped: 0.0000521 seconds, Stopping threads took: 0.0000081 seconds
2016-10-24T04:54:40.987+0800: 436.337: Total time for which application threads were stopped: 0.0000697 seconds, Stopping threads took: 0.0000110 seconds
2016-10-24T04:54:40.987+0800: 436.337: Total time for which application threads were stopped: 0.0000424 seconds, Stopping threads took: 0.0000075 seconds
2016-10-24T04:54:40.987+0800: 436.337: Total time for which application threads were stopped: 0.0000628 seconds, Stopping threads took: 0.0000099 seconds
2016-10-24T04:54:40.987+0800: 436.337: Total time for which application threads were stopped: 0.0000576 seconds, Stopping threads took: 0.0000097 seconds
2016-10-24T04:54:40.987+0800: 436.337: Total time for which application threads were stopped: 0.0000581 seconds, Stopping threads took: 0.0000094 seconds
2016-10-24T04:54:40.987+0800: 436.338: Total time for which application threads were stopped: 0.0000549 seconds, Stopping threads took: 0.0000082 seconds
2016-10-24T04:54:40.988+0800: 436.338: Total time for which application threads were stopped: 0.0004556 seconds, Stopping threads took: 0.0000094 seconds
2016-10-24T04:54:41.988+0800: 437.339: Total time for which application threads were stopped: 0.0001737 seconds, Stopping threads took: 0.0000402 seconds
2016-10-24T04:54:44.864+0800: 440.215: Total time for which application threads were stopped: 0.0001979 seconds, Stopping threads took: 0.0000964 seconds
2016-10-24T04:54:44.875+0800: 440.226: Total time for which application threads were stopped: 0.0000876 seconds, Stopping threads took: 0.0000234 seconds
2016-10-24T04:54:44.875+0800: 440.226: Total time for which application threads were stopped: 0.0000619 seconds, Stopping threads took: 0.0000216 seconds
2016-10-24T04:54:44.876+0800: 440.226: Total time for which application threads were stopped: 0.0000615 seconds, Stopping threads took: 0.0000165 seconds
2016-10-24T04:54:44.876+0800: 440.226: Total time for which application threads were stopped: 0.0000503 seconds, Stopping threads took: 0.0000155 seconds
2016-10-24T04:54:44.876+0800: 440.226: Total time for which application threads were stopped: 0.0000369 seconds, Stopping threads took: 0.0000066 seconds
2016-10-24T04:54:44.876+0800: 440.226: Total time for which application threads were stopped: 0.0000567 seconds, Stopping threads took: 0.0000185 seconds
2016-10-24T04:54:44.876+0800: 440.227: Total time for which application threads were stopped: 0.0000775 seconds, Stopping threads took: 0.0000433 seconds
2016-10-24T04:54:44.876+0800: 440.227: Total time for which application threads were stopped: 0.0000820 seconds, Stopping threads took: 0.0000338 seconds
2016-10-24T04:54:44.876+0800: 440.227: Total time for which application threads were stopped: 0.0000833 seconds, Stopping threads took: 0.0000534 seconds
2016-10-24T04:54:44.876+0800: 440.227: Total time for which application threads were stopped: 0.0000817 seconds, Stopping threads took: 0.0000501 seconds
2016-10-24T04:54:44.877+0800: 440.227: Total time for which application threads were stopped: 0.0000709 seconds, Stopping threads took: 0.0000410 seconds
2016-10-24T04:54:44.877+0800: 440.227: Total time for which application threads were stopped: 0.0000696 seconds, Stopping threads took: 0.0000387 seconds
2016-10-24T04:54:44.877+0800: 440.227: Total time for which application threads were stopped: 0.0001048 seconds, Stopping threads took: 0.0000442 seconds
2016-10-24T04:54:44.877+0800: 440.227: Total time for which application threads were stopped: 0.0000776 seconds, Stopping threads took: 0.0000302 seconds
2016-10-24T04:54:44.877+0800: 440.228: Total time for which application threads were stopped: 0.0000721 seconds, Stopping threads took: 0.0000262 seconds
2016-10-24T04:54:44.877+0800: 440.228: Total time for which application threads were stopped: 0.0000641 seconds, Stopping threads took: 0.0000137 seconds
2016-10-24T04:54:44.877+0800: 440.228: Total time for which application threads were stopped: 0.0001256 seconds, Stopping threads took: 0.0000703 seconds
2016-10-24T04:54:44.878+0800: 440.228: Total time for which application threads were stopped: 0.0000723 seconds, Stopping threads took: 0.0000139 seconds
2016-10-24T04:54:44.878+0800: 440.228: Total time for which application threads were stopped: 0.0000476 seconds, Stopping threads took: 0.0000093 seconds
2016-10-24T04:54:44.878+0800: 440.229: Total time for which application threads were stopped: 0.0004030 seconds, Stopping threads took: 0.0001029 seconds
2016-10-24T04:54:44.896+0800: 440.247: Total time for which application threads were stopped: 0.0001183 seconds, Stopping threads took: 0.0000223 seconds
2016-10-24T04:54:44.896+0800: 440.247: Total time for which application threads were stopped: 0.0000512 seconds, Stopping threads took: 0.0000077 seconds
2016-10-24T04:54:45.901+0800: 441.252: Total time for which application threads were stopped: 0.0001572 seconds, Stopping threads took: 0.0000344 seconds
2016-10-24T04:54:46.005+0800: 441.355: Total time for which application threads were stopped: 0.0001505 seconds, Stopping threads took: 0.0000503 seconds
{Heap before GC invocations=382 (full 29):
 par new generation   total 109248K, used 109248K [0x00000007a0000000, 0x00000007a8000000, 0x00000007a8000000)
  eden space 87424K, 100% used [0x00000007a0000000, 0x00000007a5560000, 0x00000007a5560000)
  from space 21824K, 100% used [0x00000007a5560000, 0x00000007a6ab0000, 0x00000007a6ab0000)
  to   space 21824K,   0% used [0x00000007a6ab0000, 0x00000007a6ab0000, 0x00000007a8000000)
 concurrent mark-sweep generation total 393216K, used 154839K [0x00000007a8000000, 0x00000007c0000000, 0x00000007c0000000)
 Metaspace       used 38872K, capacity 39446K, committed 39932K, reserved 1085440K
  class space    used 4575K, capacity 4740K, committed 4860K, reserved 1048576K
2016-10-24T04:54:46.034+0800: 441.384: [GC (Allocation Failure) 2016-10-24T04:54:46.034+0800: 441.384: [ParNew
Desired survivor size 20112992 bytes, new threshold 8 (max 8)
- age   1:    5413176 bytes,    5413176 total
- age   2:     643800 bytes,    6056976 total
- age   3:      88344 bytes,    6145320 total
- age   4:    5559024 bytes,   11704344 total
- age   5:    4076920 bytes,   15781264 total
- age   6:    1907312 bytes,   17688576 total
- age   7:    1330784 bytes,   19019360 total
- age   8:    1351832 bytes,   20371192 total
: 109248K->21824K(109248K), 0.0161400 secs] 264087K->180149K(502464K), 0.0162067 secs] [Times: user=0.06 sys=0.00, real=0.02 secs] 
Heap after GC invocations=383 (full 29):
 par new generation   total 109248K, used 21824K [0x00000007a0000000, 0x00000007a8000000, 0x00000007a8000000)
  eden space 87424K,   0% used [0x00000007a0000000, 0x00000007a0000000, 0x00000007a5560000)
  from space 21824K, 100% used [0x00000007a6ab0000, 0x00000007a8000000, 0x00000007a8000000)
  to   space 21824K,   0% used [0x00000007a5560000, 0x00000007a5560000, 0x00000007a6ab0000)
 concurrent mark-sweep generation total 393216K, used 158325K [0x00000007a8000000, 0x00000007c0000000, 0x00000007c0000000)
 Metaspace       used 38872K, capacity 39446K, committed 39932K, reserved 1085440K
  class space    used 4575K, capacity 4740K, committed 4860K, reserved 1048576K
}
2016-10-24T04:54:46.050+0800: 441.400: Total time for which application threads were stopped: 0.0164269 seconds, Stopping threads took: 0.0000354 seconds
2016-10-24T04:54:47.050+0800: 442.401: Total time for which application threads were stopped: 0.0001318 seconds, Stopping threads took: 0.0000272 seconds
2016-10-24T04:54:50.054+0800: 445.405: Total time for which application threads were stopped: 0.0001027 seconds, Stopping threads took: 0.0000266 seconds
2016-10-24T04:54:51.055+0800: 446.406: Total time for which application threads were stopped: 0.0001351 seconds, Stopping threads took: 0.0000327 seconds
2016-10-24T04:54:54.064+0800: 449.415: Total time for which application threads were stopped: 0.0001308 seconds, Stopping threads took: 0.0000313 seconds
2016-10-24T04:54:56.687+0800: 452.037: Total time for which application threads were stopped: 0.0001332 seconds, Stopping threads took: 0.0000292 seconds
2016-10-24T04:54:57.691+0800: 453.042: Total time for which application threads were stopped: 0.0001668 seconds, Stopping threads took: 0.0000290 seconds
2016-10-24T04:54:57.826+0800: 453.177: Total time for which application threads were stopped: 0.0001515 seconds, Stopping threads took: 0.0000340 seconds
2016-10-24T04:54:58.829+0800: 454.180: Total time for which application threads were stopped: 0.0001623 seconds, Stopping threads took: 0.0000326 seconds
2016-10-24T04:55:02.831+0800: 458.182: Total time for which application threads were stopped: 0.0002377 seconds, Stopping threads took: 0.0000659 seconds
2016-10-24T04:55:04.836+0800: 460.187: Total time for which application threads were stopped: 0.0001808 seconds, Stopping threads took: 0.0000398 seconds
2016-10-24T04:55:06.845+0800: 462.196: Total time for which application threads were stopped: 0.0002232 seconds, Stopping threads took: 0.0000502 seconds
2016-10-24T04:55:08.850+0800: 464.201: Total time for which application threads were stopped: 0.0001288 seconds, Stopping threads took: 0.0000277 seconds
2016-10-24T04:55:09.853+0800: 465.204: Total time for which application threads were stopped: 0.0000993 seconds, Stopping threads took: 0.0000308 seconds
2016-10-24T04:55:10.856+0800: 466.208: Total time for which application threads were stopped: 0.0001238 seconds, Stopping threads took: 0.0000268 seconds
2016-10-24T04:55:12.859+0800: 468.211: Total time for which application threads were stopped: 0.0002302 seconds, Stopping threads took: 0.0000477 seconds
2016-10-24T04:55:15.870+0800: 471.222: Total time for which application threads were stopped: 0.0002321 seconds, Stopping threads took: 0.0000511 seconds
2016-10-24T04:55:36.605+0800: 491.957: Total time for which application threads were stopped: 0.0006939 seconds, Stopping threads took: 0.0001023 seconds
2016-10-24T04:55:36.609+0800: 491.962: Total time for which application threads were stopped: 0.0001215 seconds, Stopping threads took: 0.0000345 seconds
2016-10-24T04:55:36.610+0800: 491.962: Total time for which application threads were stopped: 0.0000904 seconds, Stopping threads took: 0.0000267 seconds
2016-10-24T04:55:36.617+0800: 491.969: Total time for which application threads were stopped: 0.0001446 seconds, Stopping threads took: 0.0000337 seconds
2016-10-24T04:55:36.619+0800: 491.971: Total time for which application threads were stopped: 0.0001309 seconds, Stopping threads took: 0.0000400 seconds
2016-10-24T04:55:37.623+0800: 492.975: Total time for which application threads were stopped: 0.0002726 seconds, Stopping threads took: 0.0000518 seconds
2016-10-24T04:55:42.802+0800: 498.154: Total time for which application threads were stopped: 0.0001063 seconds, Stopping threads took: 0.0000356 seconds
2016-10-24T04:55:42.802+0800: 498.154: Total time for which application threads were stopped: 0.0000779 seconds, Stopping threads took: 0.0000325 seconds
2016-10-24T04:55:42.802+0800: 498.155: Total time for which application threads were stopped: 0.0000765 seconds, Stopping threads took: 0.0000393 seconds
2016-10-24T04:55:42.802+0800: 498.155: Total time for which application threads were stopped: 0.0000656 seconds, Stopping threads took: 0.0000265 seconds
2016-10-24T04:55:42.803+0800: 498.155: Total time for which application threads were stopped: 0.0000717 seconds, Stopping threads took: 0.0000352 seconds
2016-10-24T04:55:42.803+0800: 498.156: Total time for which application threads were stopped: 0.0000990 seconds, Stopping threads took: 0.0000422 seconds
2016-10-24T04:55:42.803+0800: 498.156: Total time for which application threads were stopped: 0.0000800 seconds, Stopping threads took: 0.0000345 seconds
2016-10-24T04:55:42.804+0800: 498.156: Total time for which application threads were stopped: 0.0000785 seconds, Stopping threads took: 0.0000339 seconds
2016-10-24T04:55:42.804+0800: 498.156: Total time for which application threads were stopped: 0.0000780 seconds, Stopping threads took: 0.0000303 seconds
2016-10-24T04:55:42.804+0800: 498.156: Total time for which application threads were stopped: 0.0000791 seconds, Stopping threads took: 0.0000386 seconds
2016-10-24T04:55:42.804+0800: 498.156: Total time for which application threads were stopped: 0.0000747 seconds, Stopping threads took: 0.0000299 seconds
2016-10-24T04:55:42.804+0800: 498.157: Total time for which application threads were stopped: 0.0001196 seconds, Stopping threads took: 0.0000831 seconds
2016-10-24T04:55:42.804+0800: 498.157: Total time for which application threads were stopped: 0.0000795 seconds, Stopping threads took: 0.0000296 seconds
2016-10-24T04:55:42.805+0800: 498.157: Total time for which application threads were stopped: 0.0000925 seconds, Stopping threads took: 0.0000411 seconds
2016-10-24T04:55:42.805+0800: 498.157: Total time for which application threads were stopped: 0.0000724 seconds, Stopping threads took: 0.0000248 seconds
2016-10-24T04:55:42.812+0800: 498.164: Total time for which application threads were stopped: 0.0001510 seconds, Stopping threads took: 0.0000446 seconds
2016-10-24T04:55:42.812+0800: 498.165: Total time for which application threads were stopped: 0.0001303 seconds, Stopping threads took: 0.0000616 seconds
2016-10-24T04:55:42.820+0800: 498.172: Total time for which application threads were stopped: 0.0001074 seconds, Stopping threads took: 0.0000287 seconds
2016-10-24T04:55:42.820+0800: 498.172: Total time for which application threads were stopped: 0.0000706 seconds, Stopping threads took: 0.0000096 seconds
2016-10-24T04:55:42.835+0800: 498.187: Total time for which application threads were stopped: 0.0000973 seconds, Stopping threads took: 0.0000255 seconds
2016-10-24T04:55:43.837+0800: 499.189: Total time for which application threads were stopped: 0.0001529 seconds, Stopping threads took: 0.0000288 seconds
2016-10-24T04:55:50.501+0800: 505.854: Total time for which application threads were stopped: 0.0001627 seconds, Stopping threads took: 0.0000740 seconds
2016-10-24T04:55:50.501+0800: 505.854: Total time for which application threads were stopped: 0.0001045 seconds, Stopping threads took: 0.0000504 seconds
2016-10-24T04:55:50.507+0800: 505.860: Total time for which application threads were stopped: 0.0001037 seconds, Stopping threads took: 0.0000275 seconds
2016-10-24T04:55:50.507+0800: 505.860: Total time for which application threads were stopped: 0.0000725 seconds, Stopping threads took: 0.0000123 seconds
2016-10-24T04:55:51.512+0800: 506.864: Total time for which application threads were stopped: 0.0002421 seconds, Stopping threads took: 0.0000625 seconds
2016-10-24T04:56:04.098+0800: 519.451: Total time for which application threads were stopped: 0.0000844 seconds, Stopping threads took: 0.0000150 seconds
2016-10-24T04:56:04.098+0800: 519.451: Total time for which application threads were stopped: 0.0000769 seconds, Stopping threads took: 0.0000095 seconds
2016-10-24T04:56:04.104+0800: 519.457: Total time for which application threads were stopped: 0.0000782 seconds, Stopping threads took: 0.0000252 seconds
2016-10-24T04:56:04.104+0800: 519.457: Total time for which application threads were stopped: 0.0000782 seconds, Stopping threads took: 0.0000448 seconds
2016-10-24T04:56:05.107+0800: 520.460: Total time for which application threads were stopped: 0.0001437 seconds, Stopping threads took: 0.0000346 seconds
2016-10-24T04:56:19.262+0800: 534.616: Total time for which application threads were stopped: 0.0001442 seconds, Stopping threads took: 0.0000351 seconds
{Heap before GC invocations=383 (full 29):
 par new generation   total 109248K, used 109248K [0x00000007a0000000, 0x00000007a8000000, 0x00000007a8000000)
  eden space 87424K, 100% used [0x00000007a0000000, 0x00000007a5560000, 0x00000007a5560000)
  from space 21824K, 100% used [0x00000007a6ab0000, 0x00000007a8000000, 0x00000007a8000000)
  to   space 21824K,   0% used [0x00000007a5560000, 0x00000007a5560000, 0x00000007a6ab0000)
 concurrent mark-sweep generation total 393216K, used 158325K [0x00000007a8000000, 0x00000007c0000000, 0x00000007c0000000)
 Metaspace       used 39405K, capacity 39978K, committed 40444K, reserved 1085440K
  class space    used 4609K, capacity 4756K, committed 4860K, reserved 1048576K
2016-10-24T04:56:19.287+0800: 534.640: [GC (Allocation Failure) 2016-10-24T04:56:19.287+0800: 534.640: [ParNew
Desired survivor size 20112992 bytes, new threshold 8 (max 8)
- age   1:     804216 bytes,     804216 total
- age   2:    2873632 bytes,    3677848 total
- age   3:     594144 bytes,    4271992 total
- age   4:      88344 bytes,    4360336 total
- age   5:    5503032 bytes,    9863368 total
- age   6:    4004024 bytes,   13867392 total
- age   7:    1837760 bytes,   15705152 total
- age   8:    1266728 bytes,   16971880 total
: 109248K->21824K(109248K), 0.0165802 secs] 267573K->181885K(502464K), 0.0166543 secs] [Times: user=0.07 sys=0.00, real=0.02 secs] 
Heap after GC invocations=384 (full 29):
 par new generation   total 109248K, used 21824K [0x00000007a0000000, 0x00000007a8000000, 0x00000007a8000000)
  eden space 87424K,   0% used [0x00000007a0000000, 0x00000007a0000000, 0x00000007a5560000)
  from space 21824K, 100% used [0x00000007a5560000, 0x00000007a6ab0000, 0x00000007a6ab0000)
  to   space 21824K,   0% used [0x00000007a6ab0000, 0x00000007a6ab0000, 0x00000007a8000000)
 concurrent mark-sweep generation total 393216K, used 160061K [0x00000007a8000000, 0x00000007c0000000, 0x00000007c0000000)
 Metaspace       used 39405K, capacity 39978K, committed 40444K, reserved 1085440K
  class space    used 4609K, capacity 4756K, committed 4860K, reserved 1048576K
}
2016-10-24T04:56:19.304+0800: 534.657: Total time for which application threads were stopped: 0.0168362 seconds, Stopping threads took: 0.0000189 seconds
2016-10-24T04:56:19.304+0800: 534.657: Total time for which application threads were stopped: 0.0001120 seconds, Stopping threads took: 0.0000278 seconds
2016-10-24T04:56:19.464+0800: 534.818: Total time for which application threads were stopped: 0.0001900 seconds, Stopping threads took: 0.0000444 seconds
2016-10-24T04:56:19.466+0800: 534.819: Total time for which application threads were stopped: 0.0001066 seconds, Stopping threads took: 0.0000423 seconds
2016-10-24T04:56:26.525+0800: 541.879: Total time for which application threads were stopped: 0.0001327 seconds, Stopping threads took: 0.0000432 seconds
2016-10-24T04:56:27.527+0800: 542.880: Total time for which application threads were stopped: 0.0002447 seconds, Stopping threads took: 0.0000614 seconds
2016-10-24T04:56:28.616+0800: 543.969: Total time for which application threads were stopped: 0.0001103 seconds, Stopping threads took: 0.0000214 seconds
2016-10-24T04:56:29.927+0800: 545.281: Total time for which application threads were stopped: 0.0001386 seconds, Stopping threads took: 0.0000591 seconds
2016-10-24T04:56:29.943+0800: 545.297: Total time for which application threads were stopped: 0.0008772 seconds, Stopping threads took: 0.0000161 seconds
2016-10-24T04:56:30.946+0800: 546.300: Total time for which application threads were stopped: 0.0001360 seconds, Stopping threads took: 0.0000287 seconds
2016-10-24T04:56:31.514+0800: 546.868: Total time for which application threads were stopped: 0.0001658 seconds, Stopping threads took: 0.0000164 seconds
2016-10-24T04:56:31.533+0800: 546.887: Total time for which application threads were stopped: 0.0001042 seconds, Stopping threads took: 0.0000437 seconds
2016-10-24T04:56:33.515+0800: 548.869: Total time for which application threads were stopped: 0.0000895 seconds, Stopping threads took: 0.0000194 seconds
2016-10-24T04:56:33.536+0800: 548.890: Total time for which application threads were stopped: 0.0001020 seconds, Stopping threads took: 0.0000341 seconds
2016-10-24T04:56:33.554+0800: 548.908: Total time for which application threads were stopped: 0.0000789 seconds, Stopping threads took: 0.0000161 seconds
2016-10-24T04:56:33.585+0800: 548.939: Total time for which application threads were stopped: 0.0001418 seconds, Stopping threads took: 0.0000176 seconds
2016-10-24T04:56:34.590+0800: 549.944: Total time for which application threads were stopped: 0.0001441 seconds, Stopping threads took: 0.0000207 seconds
2016-10-24T04:56:37.592+0800: 552.946: Total time for which application threads were stopped: 0.0001355 seconds, Stopping threads took: 0.0000331 seconds
2016-10-24T04:56:38.596+0800: 553.950: Total time for which application threads were stopped: 0.0000904 seconds, Stopping threads took: 0.0000197 seconds
2016-10-24T04:56:39.927+0800: 555.281: Total time for which application threads were stopped: 0.0001209 seconds, Stopping threads took: 0.0000221 seconds
2016-10-24T04:56:39.953+0800: 555.307: Total time for which application threads were stopped: 0.0001150 seconds, Stopping threads took: 0.0000297 seconds
2016-10-24T04:56:39.953+0800: 555.307: Total time for which application threads were stopped: 0.0000805 seconds, Stopping threads took: 0.0000266 seconds
2016-10-24T04:56:40.956+0800: 556.310: Total time for which application threads were stopped: 0.0001371 seconds, Stopping threads took: 0.0000296 seconds
2016-10-24T04:56:42.830+0800: 558.184: Total time for which application threads were stopped: 0.0001365 seconds, Stopping threads took: 0.0000457 seconds
{Heap before GC invocations=384 (full 29):
 par new generation   total 109248K, used 109248K [0x00000007a0000000, 0x00000007a8000000, 0x00000007a8000000)
  eden space 87424K, 100% used [0x00000007a0000000, 0x00000007a5560000, 0x00000007a5560000)
  from space 21824K, 100% used [0x00000007a5560000, 0x00000007a6ab0000, 0x00000007a6ab0000)
  to   space 21824K,   0% used [0x00000007a6ab0000, 0x00000007a6ab0000, 0x00000007a8000000)
 concurrent mark-sweep generation total 393216K, used 160061K [0x00000007a8000000, 0x00000007c0000000, 0x00000007c0000000)
 Metaspace       used 39908K, capacity 40512K, committed 40956K, reserved 1085440K
  class space    used 4655K, capacity 4823K, committed 4860K, reserved 1048576K
2016-10-24T04:56:43.780+0800: 559.135: [GC (Allocation Failure) 2016-10-24T04:56:43.781+0800: 559.135: [ParNew
Desired survivor size 20112992 bytes, new threshold 8 (max 8)
- age   1:    4455848 bytes,    4455848 total
- age   2:     549424 bytes,    5005272 total
- age   3:    2863768 bytes,    7869040 total
- age   4:     587592 bytes,    8456632 total
- age   5:      88344 bytes,    8544976 total
- age   6:    5503032 bytes,   14048008 total
- age   7:    4004048 bytes,   18052056 total
- age   8:    1837760 bytes,   19889816 total
: 109248K->21824K(109248K), 0.0112862 secs] 269309K->183132K(502464K), 0.0113493 secs] [Times: user=0.04 sys=0.00, real=0.01 secs] 
Heap after GC invocations=385 (full 29):
 par new generation   total 109248K, used 21824K [0x00000007a0000000, 0x00000007a8000000, 0x00000007a8000000)
  eden space 87424K,   0% used [0x00000007a0000000, 0x00000007a0000000, 0x00000007a5560000)
  from space 21824K, 100% used [0x00000007a6ab0000, 0x00000007a8000000, 0x00000007a8000000)
  to   space 21824K,   0% used [0x00000007a5560000, 0x00000007a5560000, 0x00000007a6ab0000)
 concurrent mark-sweep generation total 393216K, used 161308K [0x00000007a8000000, 0x00000007c0000000, 0x00000007c0000000)
 Metaspace       used 39908K, capacity 40512K, committed 40956K, reserved 1085440K
  class space    used 4655K, capacity 4823K, committed 4860K, reserved 1048576K
}
2016-10-24T04:56:43.792+0800: 559.146: Total time for which application threads were stopped: 0.0115519 seconds, Stopping threads took: 0.0000452 seconds
2016-10-24T04:56:43.801+0800: 559.155: Total time for which application threads were stopped: 0.0001954 seconds, Stopping threads took: 0.0000990 seconds
2016-10-24T04:56:44.802+0800: 560.156: Total time for which application threads were stopped: 0.0001411 seconds, Stopping threads took: 0.0000408 seconds
2016-10-24T04:56:46.809+0800: 562.163: Total time for which application threads were stopped: 0.0002365 seconds, Stopping threads took: 0.0000541 seconds
2016-10-24T04:56:47.810+0800: 563.164: Total time for which application threads were stopped: 0.0001304 seconds, Stopping threads took: 0.0000324 seconds
2016-10-24T04:56:56.830+0800: 572.185: Total time for which application threads were stopped: 0.0002196 seconds, Stopping threads took: 0.0000567 seconds
2016-10-24T04:57:04.107+0800: 579.462: Total time for which application threads were stopped: 0.0001322 seconds, Stopping threads took: 0.0000307 seconds
2016-10-24T04:58:16.254+0800: 651.611: Total time for which application threads were stopped: 0.0000943 seconds, Stopping threads took: 0.0000222 seconds
2016-10-24T04:58:19.264+0800: 654.621: Total time for which application threads were stopped: 0.0002507 seconds, Stopping threads took: 0.0000719 seconds
2016-10-24T04:58:22.090+0800: 657.447: Total time for which application threads were stopped: 0.0001788 seconds, Stopping threads took: 0.0000431 seconds
2016-10-24T04:58:22.141+0800: 657.498: Total time for which application threads were stopped: 0.0002049 seconds, Stopping threads took: 0.0000186 seconds
2016-10-24T04:58:23.145+0800: 658.502: Total time for which application threads were stopped: 0.0001204 seconds, Stopping threads took: 0.0000245 seconds
2016-10-24T04:58:41.176+0800: 676.534: Total time for which application threads were stopped: 0.0001221 seconds, Stopping threads took: 0.0000445 seconds
2016-10-24T04:58:56.212+0800: 691.570: Total time for which application threads were stopped: 0.0001072 seconds, Stopping threads took: 0.0000250 seconds
2016-10-24T05:00:02.341+0800: 757.701: Total time for which application threads were stopped: 0.0001205 seconds, Stopping threads took: 0.0000256 seconds
2016-10-24T05:06:03.797+0800: 1119.168: Total time for which application threads were stopped: 0.0000897 seconds, Stopping threads took: 0.0000160 seconds
2016-10-24T05:06:03.798+0800: 1119.169: Total time for which application threads were stopped: 0.0000678 seconds, Stopping threads took: 0.0000103 seconds
2016-10-24T05:06:03.800+0800: 1119.171: Total time for which application threads were stopped: 0.0000789 seconds, Stopping threads took: 0.0000254 seconds
2016-10-24T05:06:03.802+0800: 1119.173: Total time for which application threads were stopped: 0.0000688 seconds, Stopping threads took: 0.0000214 seconds
2016-10-24T05:06:03.803+0800: 1119.174: Total time for which application threads were stopped: 0.0000651 seconds, Stopping threads took: 0.0000090 seconds
2016-10-24T05:06:03.803+0800: 1119.174: Total time for which application threads were stopped: 0.0000616 seconds, Stopping threads took: 0.0000094 seconds
2016-10-24T05:06:03.803+0800: 1119.174: Total time for which application threads were stopped: 0.0000558 seconds, Stopping threads took: 0.0000085 seconds
2016-10-24T05:06:03.803+0800: 1119.174: Total time for which application threads were stopped: 0.0000498 seconds, Stopping threads took: 0.0000074 seconds
2016-10-24T05:06:03.805+0800: 1119.177: Total time for which application threads were stopped: 0.0001468 seconds, Stopping threads took: 0.0000105 seconds
2016-10-24T05:06:03.806+0800: 1119.177: Total time for which application threads were stopped: 0.0000597 seconds, Stopping threads took: 0.0000089 seconds
2016-10-24T05:06:03.806+0800: 1119.177: Total time for which application threads were stopped: 0.0000505 seconds, Stopping threads took: 0.0000066 seconds
2016-10-24T05:06:03.806+0800: 1119.177: Total time for which application threads were stopped: 0.0000391 seconds, Stopping threads took: 0.0000063 seconds
2016-10-24T05:06:03.806+0800: 1119.178: Total time for which application threads were stopped: 0.0000367 seconds, Stopping threads took: 0.0000064 seconds
2016-10-24T05:06:03.807+0800: 1119.178: Total time for which application threads were stopped: 0.0000575 seconds, Stopping threads took: 0.0000186 seconds
2016-10-24T05:06:03.807+0800: 1119.178: Total time for which application threads were stopped: 0.0000633 seconds, Stopping threads took: 0.0000359 seconds
2016-10-24T05:06:03.807+0800: 1119.179: Total time for which application threads were stopped: 0.0000504 seconds, Stopping threads took: 0.0000210 seconds
2016-10-24T05:06:03.809+0800: 1119.180: Total time for which application threads were stopped: 0.0000784 seconds, Stopping threads took: 0.0000259 seconds
2016-10-24T05:06:03.809+0800: 1119.180: Total time for which application threads were stopped: 0.0001431 seconds, Stopping threads took: 0.0000588 seconds
2016-10-24T05:06:03.811+0800: 1119.183: Total time for which application threads were stopped: 0.0001103 seconds, Stopping threads took: 0.0000399 seconds
2016-10-24T05:06:03.813+0800: 1119.184: Total time for which application threads were stopped: 0.0000802 seconds, Stopping threads took: 0.0000430 seconds
2016-10-24T05:06:03.814+0800: 1119.185: Total time for which application threads were stopped: 0.0005882 seconds, Stopping threads took: 0.0000489 seconds
2016-10-24T05:06:03.814+0800: 1119.185: Total time for which application threads were stopped: 0.0000613 seconds, Stopping threads took: 0.0000282 seconds
2016-10-24T05:06:03.814+0800: 1119.186: Total time for which application threads were stopped: 0.0000776 seconds, Stopping threads took: 0.0000497 seconds
2016-10-24T05:06:03.815+0800: 1119.186: Total time for which application threads were stopped: 0.0000676 seconds, Stopping threads took: 0.0000256 seconds
Heap
 par new generation   total 109248K, used 77201K [0x00000007a0000000, 0x00000007a8000000, 0x00000007a8000000)
  eden space 87424K,  63% used [0x00000007a0000000, 0x00000007a36147e8, 0x00000007a5560000)
  from space 21824K, 100% used [0x00000007a6ab0000, 0x00000007a8000000, 0x00000007a8000000)
  to   space 21824K,   0% used [0x00000007a5560000, 0x00000007a5560000, 0x00000007a6ab0000)
 concurrent mark-sweep generation total 393216K, used 161308K [0x00000007a8000000, 0x00000007c0000000, 0x00000007c0000000)
 Metaspace       used 40077K, capacity 40750K, committed 41212K, reserved 1085440K
  class space    used 4667K, capacity 4858K, committed 4860K, reserved 1048576K
