Java HotSpot(TM) 64-Bit Server VM (25.92-b14) for bsd-amd64 JRE (1.8.0_92-b14), built on Mar 31 2016 21:23:14 by "java_re" with gcc 4.2.1 (Based on Apple Inc. build 5658) (LLVM build 2336.11.00)
Memory: 4k page, physical 16777216k(1016140k free)

/proc/meminfo:

CommandLine flags: -XX:CMSInitiatingOccupancyFraction=50 -XX:CMSMaxAbortablePrecleanTime=6000 -XX:+CMSParallelRemarkEnabled -XX:+CMSScavengeBeforeRemark -XX:ConcGCThreads=4 -XX:InitialHeapSize=536870912 -XX:MaxHeapSize=536870912 -XX:MaxTenuringThreshold=8 -XX:NewRatio=3 -XX:OldPLABSize=16 -XX:OnOutOfMemoryError=/Users/pparthasarathy/solr-6.2.1/bin/oom_solr.sh 8983 /Users/pparthasarathy/solr-6.2.1/example/techproducts/solr/../logs -XX:ParallelGCThreads=4 -XX:+ParallelRefProcEnabled -XX:PretenureSizeThreshold=67108864 -XX:+PrintGC -XX:+PrintGCApplicationStoppedTime -XX:+PrintGCDateStamps -XX:+PrintGCDetails -XX:+PrintGCTimeStamps -XX:+PrintHeapAtGC -XX:+PrintTenuringDistribution -XX:SurvivorRatio=4 -XX:TargetSurvivorRatio=90 -XX:ThreadStackSize=256 -XX:+UseCMSInitiatingOccupancyOnly -XX:+UseCompressedClassPointers -XX:+UseCompressedOops -XX:+UseConcMarkSweepGC -XX:+UseParNewGC 
2016-10-24T10:11:33.343+0800: 0.123: Total time for which application threads were stopped: 0.0000756 seconds, Stopping threads took: 0.0000101 seconds
2016-10-24T10:11:33.395+0800: 0.175: Total time for which application threads were stopped: 0.0000796 seconds, Stopping threads took: 0.0000097 seconds
2016-10-24T10:11:33.622+0800: 0.402: Total time for which application threads were stopped: 0.0001610 seconds, Stopping threads took: 0.0000105 seconds
2016-10-24T10:11:33.661+0800: 0.441: Total time for which application threads were stopped: 0.0001574 seconds, Stopping threads took: 0.0000228 seconds
2016-10-24T10:11:33.671+0800: 0.451: Total time for which application threads were stopped: 0.0001427 seconds, Stopping threads took: 0.0000159 seconds
2016-10-24T10:11:33.803+0800: 0.583: Total time for which application threads were stopped: 0.0001976 seconds, Stopping threads took: 0.0000137 seconds
2016-10-24T10:11:33.934+0800: 0.714: Total time for which application threads were stopped: 0.0002262 seconds, Stopping threads took: 0.0000171 seconds
2016-10-24T10:11:33.935+0800: 0.715: Total time for which application threads were stopped: 0.0000770 seconds, Stopping threads took: 0.0000061 seconds
2016-10-24T10:11:33.937+0800: 0.717: Total time for which application threads were stopped: 0.0000910 seconds, Stopping threads took: 0.0000064 seconds
2016-10-24T10:11:33.943+0800: 0.723: Total time for which application threads were stopped: 0.0001095 seconds, Stopping threads took: 0.0000068 seconds
2016-10-24T10:11:34.946+0800: 1.726: Total time for which application threads were stopped: 0.0001686 seconds, Stopping threads took: 0.0000390 seconds
2016-10-24T10:11:37.318+0800: 4.098: Total time for which application threads were stopped: 0.0002147 seconds, Stopping threads took: 0.0000610 seconds
2016-10-24T10:11:39.589+0800: 6.369: Total time for which application threads were stopped: 0.0001064 seconds, Stopping threads took: 0.0000256 seconds
2016-10-24T10:11:39.610+0800: 6.390: Total time for which application threads were stopped: 0.0000971 seconds, Stopping threads took: 0.0000274 seconds
2016-10-24T10:11:39.610+0800: 6.390: Total time for which application threads were stopped: 0.0000458 seconds, Stopping threads took: 0.0000155 seconds
2016-10-24T10:11:40.614+0800: 7.394: Total time for which application threads were stopped: 0.0002035 seconds, Stopping threads took: 0.0000519 seconds
2016-10-24T10:11:43.854+0800: 10.634: Total time for which application threads were stopped: 0.0000668 seconds, Stopping threads took: 0.0000246 seconds
2016-10-24T10:11:43.854+0800: 10.635: Total time for which application threads were stopped: 0.0000400 seconds, Stopping threads took: 0.0000077 seconds
2016-10-24T10:11:43.855+0800: 10.635: Total time for which application threads were stopped: 0.0000516 seconds, Stopping threads took: 0.0000086 seconds
2016-10-24T10:11:43.855+0800: 10.636: Total time for which application threads were stopped: 0.0000432 seconds, Stopping threads took: 0.0000061 seconds
2016-10-24T10:11:43.855+0800: 10.636: Total time for which application threads were stopped: 0.0000512 seconds, Stopping threads took: 0.0000070 seconds
2016-10-24T10:11:43.855+0800: 10.636: Total time for which application threads were stopped: 0.0000426 seconds, Stopping threads took: 0.0000078 seconds
2016-10-24T10:11:43.856+0800: 10.636: Total time for which application threads were stopped: 0.0001244 seconds, Stopping threads took: 0.0000939 seconds
2016-10-24T10:11:43.858+0800: 10.638: Total time for which application threads were stopped: 0.0000405 seconds, Stopping threads took: 0.0000113 seconds
2016-10-24T10:11:43.871+0800: 10.651: Total time for which application threads were stopped: 0.0002339 seconds, Stopping threads took: 0.0000150 seconds
2016-10-24T10:11:43.886+0800: 10.666: Total time for which application threads were stopped: 0.0001147 seconds, Stopping threads took: 0.0000521 seconds
2016-10-24T10:11:43.886+0800: 10.666: Total time for which application threads were stopped: 0.0000452 seconds, Stopping threads took: 0.0000152 seconds
2016-10-24T10:11:43.886+0800: 10.666: Total time for which application threads were stopped: 0.0000504 seconds, Stopping threads took: 0.0000160 seconds
2016-10-24T10:11:43.896+0800: 10.676: Total time for which application threads were stopped: 0.0000842 seconds, Stopping threads took: 0.0000245 seconds
2016-10-24T10:11:43.897+0800: 10.677: Total time for which application threads were stopped: 0.0000440 seconds, Stopping threads took: 0.0000074 seconds
2016-10-24T10:11:43.897+0800: 10.677: Total time for which application threads were stopped: 0.0000548 seconds, Stopping threads took: 0.0000199 seconds
2016-10-24T10:11:43.902+0800: 10.682: Total time for which application threads were stopped: 0.0002214 seconds, Stopping threads took: 0.0000194 seconds
{Heap before GC invocations=0 (full 0):
 par new generation   total 109248K, used 87424K [0x00000007a0000000, 0x00000007a8000000, 0x00000007a8000000)
  eden space 87424K, 100% used [0x00000007a0000000, 0x00000007a5560000, 0x00000007a5560000)
  from space 21824K,   0% used [0x00000007a5560000, 0x00000007a5560000, 0x00000007a6ab0000)
  to   space 21824K,   0% used [0x00000007a6ab0000, 0x00000007a6ab0000, 0x00000007a8000000)
 concurrent mark-sweep generation total 393216K, used 0K [0x00000007a8000000, 0x00000007c0000000, 0x00000007c0000000)
 Metaspace       used 18419K, capacity 18774K, committed 18944K, reserved 1067008K
  class space    used 2183K, capacity 2296K, committed 2304K, reserved 1048576K
2016-10-24T10:11:43.914+0800: 10.694: [GC (Allocation Failure) 2016-10-24T10:11:43.914+0800: 10.694: [ParNew
Desired survivor size 20112992 bytes, new threshold 8 (max 8)
- age   1:   11223200 bytes,   11223200 total
: 87424K->11072K(109248K), 0.0100635 secs] 87424K->11072K(502464K), 0.0101559 secs] [Times: user=0.02 sys=0.01, real=0.01 secs] 
Heap after GC invocations=1 (full 0):
 par new generation   total 109248K, used 11072K [0x00000007a0000000, 0x00000007a8000000, 0x00000007a8000000)
  eden space 87424K,   0% used [0x00000007a0000000, 0x00000007a0000000, 0x00000007a5560000)
  from space 21824K,  50% used [0x00000007a6ab0000, 0x00000007a75800c8, 0x00000007a8000000)
  to   space 21824K,   0% used [0x00000007a5560000, 0x00000007a5560000, 0x00000007a6ab0000)
 concurrent mark-sweep generation total 393216K, used 0K [0x00000007a8000000, 0x00000007c0000000, 0x00000007c0000000)
 Metaspace       used 18419K, capacity 18774K, committed 18944K, reserved 1067008K
  class space    used 2183K, capacity 2296K, committed 2304K, reserved 1048576K
}
2016-10-24T10:11:43.924+0800: 10.705: Total time for which application threads were stopped: 0.0103065 seconds, Stopping threads took: 0.0000227 seconds
2016-10-24T10:11:43.933+0800: 10.713: Total time for which application threads were stopped: 0.0000662 seconds, Stopping threads took: 0.0000127 seconds
2016-10-24T10:11:43.952+0800: 10.733: Total time for which application threads were stopped: 0.0000619 seconds, Stopping threads took: 0.0000149 seconds
2016-10-24T10:11:43.961+0800: 10.742: Total time for which application threads were stopped: 0.0002445 seconds, Stopping threads took: 0.0000163 seconds
2016-10-24T10:11:43.962+0800: 10.743: Total time for which application threads were stopped: 0.0000979 seconds, Stopping threads took: 0.0000393 seconds
2016-10-24T10:11:43.962+0800: 10.743: Total time for which application threads were stopped: 0.0000622 seconds, Stopping threads took: 0.0000233 seconds
2016-10-24T10:11:43.963+0800: 10.743: Total time for which application threads were stopped: 0.0000566 seconds, Stopping threads took: 0.0000158 seconds
2016-10-24T10:11:43.963+0800: 10.743: Total time for which application threads were stopped: 0.0000603 seconds, Stopping threads took: 0.0000179 seconds
2016-10-24T10:11:43.963+0800: 10.743: Total time for which application threads were stopped: 0.0000539 seconds, Stopping threads took: 0.0000175 seconds
2016-10-24T10:11:43.963+0800: 10.743: Total time for which application threads were stopped: 0.0000512 seconds, Stopping threads took: 0.0000163 seconds
2016-10-24T10:11:43.963+0800: 10.744: Total time for which application threads were stopped: 0.0000505 seconds, Stopping threads took: 0.0000160 seconds
2016-10-24T10:11:43.969+0800: 10.749: Total time for which application threads were stopped: 0.0001037 seconds, Stopping threads took: 0.0000360 seconds
2016-10-24T10:11:43.969+0800: 10.749: Total time for which application threads were stopped: 0.0000511 seconds, Stopping threads took: 0.0000170 seconds
2016-10-24T10:11:43.969+0800: 10.749: Total time for which application threads were stopped: 0.0000646 seconds, Stopping threads took: 0.0000203 seconds
2016-10-24T10:11:43.969+0800: 10.749: Total time for which application threads were stopped: 0.0000368 seconds, Stopping threads took: 0.0000036 seconds
2016-10-24T10:11:43.969+0800: 10.750: Total time for which application threads were stopped: 0.0000522 seconds, Stopping threads took: 0.0000172 seconds
2016-10-24T10:11:43.973+0800: 10.753: Total time for which application threads were stopped: 0.0000307 seconds, Stopping threads took: 0.0000068 seconds
2016-10-24T10:11:43.973+0800: 10.754: Total time for which application threads were stopped: 0.0000504 seconds, Stopping threads took: 0.0000224 seconds
2016-10-24T10:11:44.014+0800: 10.794: Total time for which application threads were stopped: 0.0001224 seconds, Stopping threads took: 0.0000415 seconds
2016-10-24T10:11:44.014+0800: 10.794: Total time for which application threads were stopped: 0.0000330 seconds, Stopping threads took: 0.0000073 seconds
2016-10-24T10:11:44.016+0800: 10.796: Total time for which application threads were stopped: 0.0000521 seconds, Stopping threads took: 0.0000123 seconds
2016-10-24T10:11:44.016+0800: 10.797: Total time for which application threads were stopped: 0.0000336 seconds, Stopping threads took: 0.0000078 seconds
2016-10-24T10:11:44.016+0800: 10.797: Total time for which application threads were stopped: 0.0001405 seconds, Stopping threads took: 0.0000274 seconds
2016-10-24T10:11:44.017+0800: 10.797: Total time for which application threads were stopped: 0.0000519 seconds, Stopping threads took: 0.0000223 seconds
2016-10-24T10:11:44.017+0800: 10.797: Total time for which application threads were stopped: 0.0000472 seconds, Stopping threads took: 0.0000160 seconds
2016-10-24T10:11:44.017+0800: 10.797: Total time for which application threads were stopped: 0.0000358 seconds, Stopping threads took: 0.0000078 seconds
2016-10-24T10:11:44.017+0800: 10.797: Total time for which application threads were stopped: 0.0000342 seconds, Stopping threads took: 0.0000095 seconds
2016-10-24T10:11:44.017+0800: 10.797: Total time for which application threads were stopped: 0.0000747 seconds, Stopping threads took: 0.0000469 seconds
2016-10-24T10:11:44.018+0800: 10.798: Total time for which application threads were stopped: 0.0000622 seconds, Stopping threads took: 0.0000214 seconds
2016-10-24T10:11:44.018+0800: 10.799: Total time for which application threads were stopped: 0.0000650 seconds, Stopping threads took: 0.0000372 seconds
2016-10-24T10:11:44.019+0800: 10.799: Total time for which application threads were stopped: 0.0000290 seconds, Stopping threads took: 0.0000060 seconds
2016-10-24T10:11:44.020+0800: 10.800: Total time for which application threads were stopped: 0.0000982 seconds, Stopping threads took: 0.0000113 seconds
2016-10-24T10:11:44.020+0800: 10.801: Total time for which application threads were stopped: 0.0000447 seconds, Stopping threads took: 0.0000081 seconds
2016-10-24T10:11:44.022+0800: 10.803: Total time for which application threads were stopped: 0.0000408 seconds, Stopping threads took: 0.0000099 seconds
2016-10-24T10:11:44.022+0800: 10.803: Total time for which application threads were stopped: 0.0000255 seconds, Stopping threads took: 0.0000055 seconds
2016-10-24T10:11:44.023+0800: 10.803: Total time for which application threads were stopped: 0.0000260 seconds, Stopping threads took: 0.0000062 seconds
2016-10-24T10:11:44.023+0800: 10.803: Total time for which application threads were stopped: 0.0000531 seconds, Stopping threads took: 0.0000203 seconds
2016-10-24T10:11:44.023+0800: 10.803: Total time for which application threads were stopped: 0.0000477 seconds, Stopping threads took: 0.0000171 seconds
2016-10-24T10:11:44.023+0800: 10.803: Total time for which application threads were stopped: 0.0000502 seconds, Stopping threads took: 0.0000200 seconds
2016-10-24T10:11:44.023+0800: 10.803: Total time for which application threads were stopped: 0.0000446 seconds, Stopping threads took: 0.0000187 seconds
2016-10-24T10:11:44.023+0800: 10.803: Total time for which application threads were stopped: 0.0000354 seconds, Stopping threads took: 0.0000085 seconds
2016-10-24T10:11:44.024+0800: 10.804: Total time for which application threads were stopped: 0.0000407 seconds, Stopping threads took: 0.0000155 seconds
2016-10-24T10:11:44.024+0800: 10.805: Total time for which application threads were stopped: 0.0000421 seconds, Stopping threads took: 0.0000091 seconds
2016-10-24T10:11:44.024+0800: 10.805: Total time for which application threads were stopped: 0.0000334 seconds, Stopping threads took: 0.0000065 seconds
2016-10-24T10:11:44.024+0800: 10.805: Total time for which application threads were stopped: 0.0000278 seconds, Stopping threads took: 0.0000058 seconds
2016-10-24T10:11:44.025+0800: 10.805: Total time for which application threads were stopped: 0.0000428 seconds, Stopping threads took: 0.0000186 seconds
2016-10-24T10:11:44.025+0800: 10.805: Total time for which application threads were stopped: 0.0000398 seconds, Stopping threads took: 0.0000177 seconds
2016-10-24T10:11:44.025+0800: 10.805: Total time for which application threads were stopped: 0.0000446 seconds, Stopping threads took: 0.0000179 seconds
2016-10-24T10:11:44.025+0800: 10.805: Total time for which application threads were stopped: 0.0000388 seconds, Stopping threads took: 0.0000074 seconds
2016-10-24T10:11:44.025+0800: 10.806: Total time for which application threads were stopped: 0.0000309 seconds, Stopping threads took: 0.0000059 seconds
2016-10-24T10:11:44.025+0800: 10.806: Total time for which application threads were stopped: 0.0000382 seconds, Stopping threads took: 0.0000070 seconds
2016-10-24T10:11:44.025+0800: 10.806: Total time for which application threads were stopped: 0.0000308 seconds, Stopping threads took: 0.0000063 seconds
2016-10-24T10:11:44.026+0800: 10.806: Total time for which application threads were stopped: 0.0000458 seconds, Stopping threads took: 0.0000183 seconds
2016-10-24T10:11:44.026+0800: 10.806: Total time for which application threads were stopped: 0.0000383 seconds, Stopping threads took: 0.0000145 seconds
2016-10-24T10:11:44.026+0800: 10.806: Total time for which application threads were stopped: 0.0000396 seconds, Stopping threads took: 0.0000153 seconds
2016-10-24T10:11:44.026+0800: 10.806: Total time for which application threads were stopped: 0.0000347 seconds, Stopping threads took: 0.0000139 seconds
2016-10-24T10:11:44.026+0800: 10.806: Total time for which application threads were stopped: 0.0000420 seconds, Stopping threads took: 0.0000199 seconds
2016-10-24T10:11:44.026+0800: 10.807: Total time for which application threads were stopped: 0.0000254 seconds, Stopping threads took: 0.0000055 seconds
2016-10-24T10:11:44.026+0800: 10.807: Total time for which application threads were stopped: 0.0000249 seconds, Stopping threads took: 0.0000052 seconds
2016-10-24T10:11:44.026+0800: 10.807: Total time for which application threads were stopped: 0.0000358 seconds, Stopping threads took: 0.0000147 seconds
2016-10-24T10:11:44.030+0800: 10.811: Total time for which application threads were stopped: 0.0000766 seconds, Stopping threads took: 0.0000262 seconds
2016-10-24T10:11:44.030+0800: 10.811: Total time for which application threads were stopped: 0.0000435 seconds, Stopping threads took: 0.0000084 seconds
2016-10-24T10:11:44.030+0800: 10.811: Total time for which application threads were stopped: 0.0000403 seconds, Stopping threads took: 0.0000064 seconds
2016-10-24T10:11:44.030+0800: 10.811: Total time for which application threads were stopped: 0.0000526 seconds, Stopping threads took: 0.0000059 seconds
2016-10-24T10:11:44.031+0800: 10.811: Total time for which application threads were stopped: 0.0000344 seconds, Stopping threads took: 0.0000061 seconds
2016-10-24T10:11:44.035+0800: 10.815: Total time for which application threads were stopped: 0.0000687 seconds, Stopping threads took: 0.0000138 seconds
2016-10-24T10:11:44.035+0800: 10.815: Total time for which application threads were stopped: 0.0000511 seconds, Stopping threads took: 0.0000183 seconds
2016-10-24T10:11:44.035+0800: 10.815: Total time for which application threads were stopped: 0.0000435 seconds, Stopping threads took: 0.0000081 seconds
2016-10-24T10:11:44.035+0800: 10.816: Total time for which application threads were stopped: 0.0000441 seconds, Stopping threads took: 0.0000082 seconds
2016-10-24T10:11:44.035+0800: 10.816: Total time for which application threads were stopped: 0.0000415 seconds, Stopping threads took: 0.0000148 seconds
2016-10-24T10:11:44.039+0800: 10.820: Total time for which application threads were stopped: 0.0000554 seconds, Stopping threads took: 0.0000110 seconds
2016-10-24T10:11:44.040+0800: 10.820: Total time for which application threads were stopped: 0.0000373 seconds, Stopping threads took: 0.0000094 seconds
2016-10-24T10:11:44.040+0800: 10.820: Total time for which application threads were stopped: 0.0000463 seconds, Stopping threads took: 0.0000240 seconds
2016-10-24T10:11:44.040+0800: 10.820: Total time for which application threads were stopped: 0.0000510 seconds, Stopping threads took: 0.0000186 seconds
2016-10-24T10:11:44.040+0800: 10.820: Total time for which application threads were stopped: 0.0000478 seconds, Stopping threads took: 0.0000196 seconds
2016-10-24T10:11:44.040+0800: 10.820: Total time for which application threads were stopped: 0.0000378 seconds, Stopping threads took: 0.0000147 seconds
2016-10-24T10:11:44.040+0800: 10.820: Total time for which application threads were stopped: 0.0000389 seconds, Stopping threads took: 0.0000157 seconds
2016-10-24T10:11:44.040+0800: 10.820: Total time for which application threads were stopped: 0.0000362 seconds, Stopping threads took: 0.0000153 seconds
2016-10-24T10:11:44.041+0800: 10.821: Total time for which application threads were stopped: 0.0000380 seconds, Stopping threads took: 0.0000085 seconds
2016-10-24T10:11:44.041+0800: 10.821: Total time for which application threads were stopped: 0.0000393 seconds, Stopping threads took: 0.0000149 seconds
2016-10-24T10:11:44.041+0800: 10.821: Total time for which application threads were stopped: 0.0000452 seconds, Stopping threads took: 0.0000149 seconds
2016-10-24T10:11:44.041+0800: 10.821: Total time for which application threads were stopped: 0.0000284 seconds, Stopping threads took: 0.0000061 seconds
2016-10-24T10:11:44.041+0800: 10.821: Total time for which application threads were stopped: 0.0000316 seconds, Stopping threads took: 0.0000103 seconds
2016-10-24T10:11:44.041+0800: 10.821: Total time for which application threads were stopped: 0.0000257 seconds, Stopping threads took: 0.0000053 seconds
2016-10-24T10:11:44.041+0800: 10.822: Total time for which application threads were stopped: 0.0000360 seconds, Stopping threads took: 0.0000144 seconds
2016-10-24T10:11:44.042+0800: 10.822: Total time for which application threads were stopped: 0.0000442 seconds, Stopping threads took: 0.0000153 seconds
2016-10-24T10:11:44.042+0800: 10.822: Total time for which application threads were stopped: 0.0000459 seconds, Stopping threads took: 0.0000214 seconds
2016-10-24T10:11:44.042+0800: 10.822: Total time for which application threads were stopped: 0.0000820 seconds, Stopping threads took: 0.0000141 seconds
2016-10-24T10:11:44.042+0800: 10.823: Total time for which application threads were stopped: 0.0000443 seconds, Stopping threads took: 0.0000171 seconds
2016-10-24T10:11:44.043+0800: 10.823: Total time for which application threads were stopped: 0.0000290 seconds, Stopping threads took: 0.0000057 seconds
2016-10-24T10:11:44.043+0800: 10.823: Total time for which application threads were stopped: 0.0000275 seconds, Stopping threads took: 0.0000056 seconds
2016-10-24T10:11:44.043+0800: 10.823: Total time for which application threads were stopped: 0.0000831 seconds, Stopping threads took: 0.0000174 seconds
2016-10-24T10:11:44.046+0800: 10.827: Total time for which application threads were stopped: 0.0000458 seconds, Stopping threads took: 0.0000104 seconds
2016-10-24T10:11:44.046+0800: 10.827: Total time for which application threads were stopped: 0.0000385 seconds, Stopping threads took: 0.0000067 seconds
2016-10-24T10:11:44.051+0800: 10.831: Total time for which application threads were stopped: 0.0000763 seconds, Stopping threads took: 0.0000255 seconds
2016-10-24T10:11:44.051+0800: 10.831: Total time for which application threads were stopped: 0.0000452 seconds, Stopping threads took: 0.0000091 seconds
2016-10-24T10:11:44.146+0800: 10.926: Total time for which application threads were stopped: 0.0002269 seconds, Stopping threads took: 0.0000159 seconds
2016-10-24T10:11:44.247+0800: 11.027: Total time for which application threads were stopped: 0.0001265 seconds, Stopping threads took: 0.0000152 seconds
2016-10-24T10:11:44.263+0800: 11.044: Total time for which application threads were stopped: 0.0000772 seconds, Stopping threads took: 0.0000233 seconds
2016-10-24T10:11:44.286+0800: 11.067: Total time for which application threads were stopped: 0.0001108 seconds, Stopping threads took: 0.0000402 seconds
2016-10-24T10:11:44.339+0800: 11.120: Total time for which application threads were stopped: 0.0000954 seconds, Stopping threads took: 0.0000173 seconds
2016-10-24T10:11:44.350+0800: 11.131: Total time for which application threads were stopped: 0.0002838 seconds, Stopping threads took: 0.0000144 seconds
2016-10-24T10:11:44.369+0800: 11.149: Total time for which application threads were stopped: 0.0001923 seconds, Stopping threads took: 0.0000219 seconds
2016-10-24T10:11:44.381+0800: 11.162: Total time for which application threads were stopped: 0.0000900 seconds, Stopping threads took: 0.0000249 seconds
2016-10-24T10:11:44.430+0800: 11.210: Total time for which application threads were stopped: 0.0001519 seconds, Stopping threads took: 0.0000197 seconds
2016-10-24T10:11:44.437+0800: 11.217: Total time for which application threads were stopped: 0.0002632 seconds, Stopping threads took: 0.0000111 seconds
2016-10-24T10:11:44.452+0800: 11.232: Total time for which application threads were stopped: 0.0001018 seconds, Stopping threads took: 0.0000277 seconds
{Heap before GC invocations=1 (full 0):
 par new generation   total 109248K, used 98496K [0x00000007a0000000, 0x00000007a8000000, 0x00000007a8000000)
  eden space 87424K, 100% used [0x00000007a0000000, 0x00000007a5560000, 0x00000007a5560000)
  from space 21824K,  50% used [0x00000007a6ab0000, 0x00000007a75800c8, 0x00000007a8000000)
  to   space 21824K,   0% used [0x00000007a5560000, 0x00000007a5560000, 0x00000007a6ab0000)
 concurrent mark-sweep generation total 393216K, used 0K [0x00000007a8000000, 0x00000007c0000000, 0x00000007c0000000)
 Metaspace       used 22754K, capacity 23176K, committed 23544K, reserved 1071104K
  class space    used 2698K, capacity 2827K, committed 2840K, reserved 1048576K
2016-10-24T10:11:44.470+0800: 11.251: [GC (Allocation Failure) 2016-10-24T10:11:44.470+0800: 11.251: [ParNew
Desired survivor size 20112992 bytes, new threshold 8 (max 8)
- age   1:    5321864 bytes,    5321864 total
- age   2:    5258912 bytes,   10580776 total
: 98496K->13552K(109248K), 0.0094790 secs] 98496K->13552K(502464K), 0.0095590 secs] [Times: user=0.03 sys=0.01, real=0.01 secs] 
Heap after GC invocations=2 (full 0):
 par new generation   total 109248K, used 13552K [0x00000007a0000000, 0x00000007a8000000, 0x00000007a8000000)
  eden space 87424K,   0% used [0x00000007a0000000, 0x00000007a0000000, 0x00000007a5560000)
  from space 21824K,  62% used [0x00000007a5560000, 0x00000007a629c000, 0x00000007a6ab0000)
  to   space 21824K,   0% used [0x00000007a6ab0000, 0x00000007a6ab0000, 0x00000007a8000000)
 concurrent mark-sweep generation total 393216K, used 0K [0x00000007a8000000, 0x00000007c0000000, 0x00000007c0000000)
 Metaspace       used 22754K, capacity 23176K, committed 23544K, reserved 1071104K
  class space    used 2698K, capacity 2827K, committed 2840K, reserved 1048576K
}
2016-10-24T10:11:44.480+0800: 11.260: Total time for which application threads were stopped: 0.0097298 seconds, Stopping threads took: 0.0000373 seconds
2016-10-24T10:11:44.480+0800: 11.260: [GC (CMS Initial Mark) [1 CMS-initial-mark: 0K(393216K)] 14655K(502464K), 0.0023035 secs] [Times: user=0.01 sys=0.00, real=0.00 secs] 
2016-10-24T10:11:44.482+0800: 11.263: Total time for which application threads were stopped: 0.0024341 seconds, Stopping threads took: 0.0000445 seconds
2016-10-24T10:11:44.483+0800: 11.263: [CMS-concurrent-mark-start]
2016-10-24T10:11:44.483+0800: 11.263: [CMS-concurrent-mark: 0.000/0.000 secs] [Times: user=0.00 sys=0.00, real=0.00 secs] 
2016-10-24T10:11:44.483+0800: 11.263: [CMS-concurrent-preclean-start]
2016-10-24T10:11:44.483+0800: 11.263: Total time for which application threads were stopped: 0.0000899 seconds, Stopping threads took: 0.0000297 seconds
2016-10-24T10:11:44.484+0800: 11.264: [CMS-concurrent-preclean: 0.001/0.001 secs] [Times: user=0.01 sys=0.00, real=0.00 secs] 
2016-10-24T10:11:44.484+0800: 11.265: [GC (CMS Final Remark) [YG occupancy: 14655 K (109248 K)]{Heap before GC invocations=2 (full 1):
 par new generation   total 109248K, used 14655K [0x00000007a0000000, 0x00000007a8000000, 0x00000007a8000000)
  eden space 87424K,   1% used [0x00000007a0000000, 0x00000007a0113c00, 0x00000007a5560000)
  from space 21824K,  62% used [0x00000007a5560000, 0x00000007a629c000, 0x00000007a6ab0000)
  to   space 21824K,   0% used [0x00000007a6ab0000, 0x00000007a6ab0000, 0x00000007a8000000)
 concurrent mark-sweep generation total 393216K, used 0K [0x00000007a8000000, 0x00000007c0000000, 0x00000007c0000000)
 Metaspace       used 22760K, capacity 23176K, committed 23544K, reserved 1071104K
  class space    used 2698K, capacity 2827K, committed 2840K, reserved 1048576K
2016-10-24T10:11:44.484+0800: 11.265: [GC (CMS Final Remark) 2016-10-24T10:11:44.484+0800: 11.265: [ParNew
Desired survivor size 20112992 bytes, new threshold 8 (max 8)
- age   1:       2080 bytes,       2080 total
- age   2:    2273672 bytes,    2275752 total
- age   3:    5257008 bytes,    7532760 total
: 14655K->9745K(109248K), 0.0062721 secs] 14655K->9745K(502464K), 0.0063032 secs] [Times: user=0.03 sys=0.00, real=0.01 secs] 
Heap after GC invocations=3 (full 1):
 par new generation   total 109248K, used 9745K [0x00000007a0000000, 0x00000007a8000000, 0x00000007a8000000)
  eden space 87424K,   0% used [0x00000007a0000000, 0x00000007a0000000, 0x00000007a5560000)
  from space 21824K,  44% used [0x00000007a6ab0000, 0x00000007a7434578, 0x00000007a8000000)
  to   space 21824K,   0% used [0x00000007a5560000, 0x00000007a5560000, 0x00000007a6ab0000)
 concurrent mark-sweep generation total 393216K, used 0K [0x00000007a8000000, 0x00000007c0000000, 0x00000007c0000000)
 Metaspace       used 22760K, capacity 23176K, committed 23544K, reserved 1071104K
  class space    used 2698K, capacity 2827K, committed 2840K, reserved 1048576K
}
2016-10-24T10:11:44.491+0800: 11.271: [Rescan (parallel) , 0.0023003 secs]2016-10-24T10:11:44.493+0800: 11.273: [weak refs processing, 0.0006921 secs]2016-10-24T10:11:44.494+0800: 11.274: [class unloading, 0.0027256 secs]2016-10-24T10:11:44.496+0800: 11.277: [scrub symbol table, 0.0031014 secs]2016-10-24T10:11:44.499+0800: 11.280: [scrub string table, 0.0002314 secs][1 CMS-remark: 0K(393216K)] 9745K(502464K), 0.0160353 secs] [Times: user=0.06 sys=0.00, real=0.02 secs] 
2016-10-24T10:11:44.500+0800: 11.281: Total time for which application threads were stopped: 0.0161326 seconds, Stopping threads took: 0.0000337 seconds
2016-10-24T10:11:44.500+0800: 11.281: [CMS-concurrent-sweep-start]
2016-10-24T10:11:44.500+0800: 11.281: Total time for which application threads were stopped: 0.0000920 seconds, Stopping threads took: 0.0000322 seconds
2016-10-24T10:11:44.500+0800: 11.281: [CMS-concurrent-sweep: 0.000/0.000 secs] [Times: user=0.00 sys=0.00, real=0.00 secs] 
2016-10-24T10:11:44.501+0800: 11.281: [CMS-concurrent-reset-start]
2016-10-24T10:11:44.504+0800: 11.284: [CMS-concurrent-reset: 0.003/0.003 secs] [Times: user=0.01 sys=0.00, real=0.00 secs] 
2016-10-24T10:11:44.603+0800: 11.383: Total time for which application threads were stopped: 0.0001515 seconds, Stopping threads took: 0.0000290 seconds
{Heap before GC invocations=3 (full 1):
 par new generation   total 109248K, used 97158K [0x00000007a0000000, 0x00000007a8000000, 0x00000007a8000000)
  eden space 87424K,  99% used [0x00000007a0000000, 0x00000007a555d298, 0x00000007a5560000)
  from space 21824K,  44% used [0x00000007a6ab0000, 0x00000007a7434578, 0x00000007a8000000)
  to   space 21824K,   0% used [0x00000007a5560000, 0x00000007a5560000, 0x00000007a6ab0000)
 concurrent mark-sweep generation total 393216K, used 0K [0x00000007a8000000, 0x00000007c0000000, 0x00000007c0000000)
 Metaspace       used 23744K, capacity 24172K, committed 24440K, reserved 1071104K
  class space    used 2829K, capacity 2961K, committed 2968K, reserved 1048576K
2016-10-24T10:11:44.635+0800: 11.415: [GC (Allocation Failure) 2016-10-24T10:11:44.635+0800: 11.415: [ParNew
Desired survivor size 20112992 bytes, new threshold 8 (max 8)
- age   1:    1124896 bytes,    1124896 total
- age   2:        608 bytes,    1125504 total
- age   3:    2244248 bytes,    3369752 total
- age   4:    5250384 bytes,    8620136 total
: 97158K->9339K(109248K), 0.0060503 secs] 97158K->9339K(502464K), 0.0061005 secs] [Times: user=0.02 sys=0.00, real=0.01 secs] 
Heap after GC invocations=4 (full 1):
 par new generation   total 109248K, used 9339K [0x00000007a0000000, 0x00000007a8000000, 0x00000007a8000000)
  eden space 87424K,   0% used [0x00000007a0000000, 0x00000007a0000000, 0x00000007a5560000)
  from space 21824K,  42% used [0x00000007a5560000, 0x00000007a5e7ec78, 0x00000007a6ab0000)
  to   space 21824K,   0% used [0x00000007a6ab0000, 0x00000007a6ab0000, 0x00000007a8000000)
 concurrent mark-sweep generation total 393216K, used 0K [0x00000007a8000000, 0x00000007c0000000, 0x00000007c0000000)
 Metaspace       used 23744K, capacity 24172K, committed 24440K, reserved 1071104K
  class space    used 2829K, capacity 2961K, committed 2968K, reserved 1048576K
}
2016-10-24T10:11:44.641+0800: 11.421: Total time for which application threads were stopped: 0.0062470 seconds, Stopping threads took: 0.0000197 seconds
2016-10-24T10:11:44.715+0800: 11.496: Total time for which application threads were stopped: 0.0000926 seconds, Stopping threads took: 0.0000249 seconds
2016-10-24T10:11:44.719+0800: 11.499: Total time for which application threads were stopped: 0.0000814 seconds, Stopping threads took: 0.0000269 seconds
2016-10-24T10:11:44.721+0800: 11.501: Total time for which application threads were stopped: 0.0000717 seconds, Stopping threads took: 0.0000113 seconds
2016-10-24T10:11:44.721+0800: 11.502: Total time for which application threads were stopped: 0.0000610 seconds, Stopping threads took: 0.0000078 seconds
2016-10-24T10:11:44.777+0800: 11.557: Total time for which application threads were stopped: 0.0003124 seconds, Stopping threads took: 0.0000256 seconds
2016-10-24T10:11:44.808+0800: 11.589: Total time for which application threads were stopped: 0.0001225 seconds, Stopping threads took: 0.0000483 seconds
2016-10-24T10:11:44.847+0800: 11.627: Total time for which application threads were stopped: 0.0001316 seconds, Stopping threads took: 0.0000321 seconds
2016-10-24T10:11:44.872+0800: 11.652: Total time for which application threads were stopped: 0.0003514 seconds, Stopping threads took: 0.0000317 seconds
2016-10-24T10:11:44.879+0800: 11.660: Total time for which application threads were stopped: 0.0002120 seconds, Stopping threads took: 0.0000210 seconds
2016-10-24T10:11:44.936+0800: 11.717: Total time for which application threads were stopped: 0.0001093 seconds, Stopping threads took: 0.0000148 seconds
2016-10-24T10:11:44.937+0800: 11.717: Total time for which application threads were stopped: 0.0000925 seconds, Stopping threads took: 0.0000277 seconds
2016-10-24T10:11:44.937+0800: 11.718: Total time for which application threads were stopped: 0.0001098 seconds, Stopping threads took: 0.0000599 seconds
2016-10-24T10:11:44.941+0800: 11.721: Total time for which application threads were stopped: 0.0000534 seconds, Stopping threads took: 0.0000101 seconds
{Heap before GC invocations=4 (full 1):
 par new generation   total 109248K, used 96763K [0x00000007a0000000, 0x00000007a8000000, 0x00000007a8000000)
  eden space 87424K, 100% used [0x00000007a0000000, 0x00000007a5560000, 0x00000007a5560000)
  from space 21824K,  42% used [0x00000007a5560000, 0x00000007a5e7ec78, 0x00000007a6ab0000)
  to   space 21824K,   0% used [0x00000007a6ab0000, 0x00000007a6ab0000, 0x00000007a8000000)
 concurrent mark-sweep generation total 393216K, used 0K [0x00000007a8000000, 0x00000007c0000000, 0x00000007c0000000)
 Metaspace       used 27221K, capacity 27622K, committed 28024K, reserved 1073152K
  class space    used 3286K, capacity 3430K, committed 3480K, reserved 1048576K
2016-10-24T10:11:44.979+0800: 11.759: [GC (Allocation Failure) 2016-10-24T10:11:44.979+0800: 11.759: [ParNew
Desired survivor size 20112992 bytes, new threshold 8 (max 8)
- age   1:    4012728 bytes,    4012728 total
- age   2:     384424 bytes,    4397152 total
- age   3:        584 bytes,    4397736 total
- age   4:    1507624 bytes,    5905360 total
- age   5:    5247272 bytes,   11152632 total
: 96763K->14702K(109248K), 0.0071230 secs] 96763K->14702K(502464K), 0.0071979 secs] [Times: user=0.03 sys=0.00, real=0.01 secs] 
Heap after GC invocations=5 (full 1):
 par new generation   total 109248K, used 14702K [0x00000007a0000000, 0x00000007a8000000, 0x00000007a8000000)
  eden space 87424K,   0% used [0x00000007a0000000, 0x00000007a0000000, 0x00000007a5560000)
  from space 21824K,  67% used [0x00000007a6ab0000, 0x00000007a790b9c0, 0x00000007a8000000)
  to   space 21824K,   0% used [0x00000007a5560000, 0x00000007a5560000, 0x00000007a6ab0000)
 concurrent mark-sweep generation total 393216K, used 0K [0x00000007a8000000, 0x00000007c0000000, 0x00000007c0000000)
 Metaspace       used 27221K, capacity 27622K, committed 28024K, reserved 1073152K
  class space    used 3286K, capacity 3430K, committed 3480K, reserved 1048576K
}
2016-10-24T10:11:44.986+0800: 11.767: Total time for which application threads were stopped: 0.0073591 seconds, Stopping threads took: 0.0000187 seconds
2016-10-24T10:11:45.991+0800: 12.771: Total time for which application threads were stopped: 0.0002918 seconds, Stopping threads took: 0.0000545 seconds
2016-10-24T10:11:50.166+0800: 16.947: Total time for which application threads were stopped: 0.0000711 seconds, Stopping threads took: 0.0000164 seconds
2016-10-24T10:11:50.178+0800: 16.958: Total time for which application threads were stopped: 0.0002621 seconds, Stopping threads took: 0.0001873 seconds
2016-10-24T10:11:50.223+0800: 17.004: Total time for which application threads were stopped: 0.0000833 seconds, Stopping threads took: 0.0000260 seconds
2016-10-24T10:11:50.248+0800: 17.028: Total time for which application threads were stopped: 0.0000994 seconds, Stopping threads took: 0.0000260 seconds
2016-10-24T10:11:50.347+0800: 17.128: Total time for which application threads were stopped: 0.0003495 seconds, Stopping threads took: 0.0000164 seconds
2016-10-24T10:11:50.421+0800: 17.202: Total time for which application threads were stopped: 0.0001540 seconds, Stopping threads took: 0.0000425 seconds
2016-10-24T10:11:50.424+0800: 17.204: Total time for which application threads were stopped: 0.0000947 seconds, Stopping threads took: 0.0000255 seconds
2016-10-24T10:11:50.425+0800: 17.206: Total time for which application threads were stopped: 0.0000807 seconds, Stopping threads took: 0.0000241 seconds
2016-10-24T10:11:50.426+0800: 17.207: Total time for which application threads were stopped: 0.0000662 seconds, Stopping threads took: 0.0000232 seconds
2016-10-24T10:11:50.428+0800: 17.209: Total time for which application threads were stopped: 0.0000677 seconds, Stopping threads took: 0.0000204 seconds
2016-10-24T10:11:50.430+0800: 17.210: Total time for which application threads were stopped: 0.0000619 seconds, Stopping threads took: 0.0000103 seconds
2016-10-24T10:11:50.431+0800: 17.211: Total time for which application threads were stopped: 0.0000451 seconds, Stopping threads took: 0.0000104 seconds
2016-10-24T10:11:50.432+0800: 17.212: Total time for which application threads were stopped: 0.0000948 seconds, Stopping threads took: 0.0000126 seconds
2016-10-24T10:11:50.433+0800: 17.214: Total time for which application threads were stopped: 0.0001506 seconds, Stopping threads took: 0.0000398 seconds
2016-10-24T10:11:50.433+0800: 17.214: Total time for which application threads were stopped: 0.0000323 seconds, Stopping threads took: 0.0000065 seconds
2016-10-24T10:11:50.437+0800: 17.217: Total time for which application threads were stopped: 0.0000418 seconds, Stopping threads took: 0.0000097 seconds
2016-10-24T10:11:50.437+0800: 17.218: Total time for which application threads were stopped: 0.0000698 seconds, Stopping threads took: 0.0000121 seconds
2016-10-24T10:11:50.442+0800: 17.222: Total time for which application threads were stopped: 0.0000916 seconds, Stopping threads took: 0.0000437 seconds
2016-10-24T10:11:50.443+0800: 17.223: Total time for which application threads were stopped: 0.0001874 seconds, Stopping threads took: 0.0001339 seconds
2016-10-24T10:11:50.443+0800: 17.224: Total time for which application threads were stopped: 0.0001125 seconds, Stopping threads took: 0.0000678 seconds
2016-10-24T10:11:50.443+0800: 17.224: Total time for which application threads were stopped: 0.0001517 seconds, Stopping threads took: 0.0000485 seconds
2016-10-24T10:11:50.457+0800: 17.237: Total time for which application threads were stopped: 0.0000910 seconds, Stopping threads took: 0.0000281 seconds
2016-10-24T10:11:51.462+0800: 18.242: Total time for which application threads were stopped: 0.0002350 seconds, Stopping threads took: 0.0000544 seconds
{Heap before GC invocations=5 (full 1):
 par new generation   total 109248K, used 102126K [0x00000007a0000000, 0x00000007a8000000, 0x00000007a8000000)
  eden space 87424K, 100% used [0x00000007a0000000, 0x00000007a5560000, 0x00000007a5560000)
  from space 21824K,  67% used [0x00000007a6ab0000, 0x00000007a790b9c0, 0x00000007a8000000)
  to   space 21824K,   0% used [0x00000007a5560000, 0x00000007a5560000, 0x00000007a6ab0000)
 concurrent mark-sweep generation total 393216K, used 0K [0x00000007a8000000, 0x00000007c0000000, 0x00000007c0000000)
 Metaspace       used 31785K, capacity 32242K, committed 32632K, reserved 1077248K
  class space    used 3842K, capacity 3988K, committed 3992K, reserved 1048576K
2016-10-24T10:12:05.506+0800: 32.287: [GC (Allocation Failure) 2016-10-24T10:12:05.506+0800: 32.287: [ParNew
Desired survivor size 20112992 bytes, new threshold 8 (max 8)
- age   1:    9313928 bytes,    9313928 total
- age   2:    1244456 bytes,   10558384 total
- age   3:     357648 bytes,   10916032 total
- age   4:        520 bytes,   10916552 total
- age   5:    1459336 bytes,   12375888 total
- age   6:    5183888 bytes,   17559776 total
: 102126K->21422K(109248K), 0.0133157 secs] 102126K->21422K(502464K), 0.0133850 secs] [Times: user=0.05 sys=0.01, real=0.01 secs] 
Heap after GC invocations=6 (full 1):
 par new generation   total 109248K, used 21422K [0x00000007a0000000, 0x00000007a8000000, 0x00000007a8000000)
  eden space 87424K,   0% used [0x00000007a0000000, 0x00000007a0000000, 0x00000007a5560000)
  from space 21824K,  98% used [0x00000007a5560000, 0x00000007a6a4ba10, 0x00000007a6ab0000)
  to   space 21824K,   0% used [0x00000007a6ab0000, 0x00000007a6ab0000, 0x00000007a8000000)
 concurrent mark-sweep generation total 393216K, used 0K [0x00000007a8000000, 0x00000007c0000000, 0x00000007c0000000)
 Metaspace       used 31785K, capacity 32242K, committed 32632K, reserved 1077248K
  class space    used 3842K, capacity 3988K, committed 3992K, reserved 1048576K
}
2016-10-24T10:12:05.519+0800: 32.300: Total time for which application threads were stopped: 0.0135715 seconds, Stopping threads took: 0.0000389 seconds
2016-10-24T10:12:05.521+0800: 32.302: Total time for which application threads were stopped: 0.0000594 seconds, Stopping threads took: 0.0000141 seconds
2016-10-24T10:12:05.536+0800: 32.317: Total time for which application threads were stopped: 0.0000948 seconds, Stopping threads took: 0.0000373 seconds
2016-10-24T10:12:05.542+0800: 32.323: Total time for which application threads were stopped: 0.0000420 seconds, Stopping threads took: 0.0000094 seconds
2016-10-24T10:12:05.560+0800: 32.341: Total time for which application threads were stopped: 0.0000802 seconds, Stopping threads took: 0.0000188 seconds
2016-10-24T10:12:05.561+0800: 32.342: Total time for which application threads were stopped: 0.0000375 seconds, Stopping threads took: 0.0000064 seconds
2016-10-24T10:12:05.561+0800: 32.342: Total time for which application threads were stopped: 0.0000858 seconds, Stopping threads took: 0.0000147 seconds
2016-10-24T10:12:05.561+0800: 32.342: Total time for which application threads were stopped: 0.0000512 seconds, Stopping threads took: 0.0000084 seconds
2016-10-24T10:12:05.561+0800: 32.342: Total time for which application threads were stopped: 0.0000495 seconds, Stopping threads took: 0.0000081 seconds
2016-10-24T10:12:05.561+0800: 32.342: Total time for which application threads were stopped: 0.0000401 seconds, Stopping threads took: 0.0000151 seconds
2016-10-24T10:12:05.561+0800: 32.342: Total time for which application threads were stopped: 0.0000383 seconds, Stopping threads took: 0.0000166 seconds
2016-10-24T10:12:05.561+0800: 32.342: Total time for which application threads were stopped: 0.0000355 seconds, Stopping threads took: 0.0000048 seconds
2016-10-24T10:12:05.561+0800: 32.342: Total time for which application threads were stopped: 0.0000264 seconds, Stopping threads took: 0.0000052 seconds
2016-10-24T10:12:05.561+0800: 32.342: Total time for which application threads were stopped: 0.0000358 seconds, Stopping threads took: 0.0000070 seconds
2016-10-24T10:12:05.561+0800: 32.342: Total time for which application threads were stopped: 0.0000358 seconds, Stopping threads took: 0.0000070 seconds
2016-10-24T10:12:05.561+0800: 32.343: Total time for which application threads were stopped: 0.0000357 seconds, Stopping threads took: 0.0000070 seconds
2016-10-24T10:12:05.562+0800: 32.343: Total time for which application threads were stopped: 0.0000363 seconds, Stopping threads took: 0.0000078 seconds
2016-10-24T10:12:05.562+0800: 32.343: Total time for which application threads were stopped: 0.0000288 seconds, Stopping threads took: 0.0000054 seconds
2016-10-24T10:12:05.562+0800: 32.343: Total time for which application threads were stopped: 0.0000449 seconds, Stopping threads took: 0.0000096 seconds
2016-10-24T10:12:05.562+0800: 32.343: Total time for which application threads were stopped: 0.0000270 seconds, Stopping threads took: 0.0000051 seconds
2016-10-24T10:12:05.562+0800: 32.343: Total time for which application threads were stopped: 0.0000267 seconds, Stopping threads took: 0.0000051 seconds
2016-10-24T10:12:05.562+0800: 32.343: Total time for which application threads were stopped: 0.0000419 seconds, Stopping threads took: 0.0000082 seconds
2016-10-24T10:12:05.562+0800: 32.343: Total time for which application threads were stopped: 0.0000408 seconds, Stopping threads took: 0.0000049 seconds
2016-10-24T10:12:05.562+0800: 32.343: Total time for which application threads were stopped: 0.0000276 seconds, Stopping threads took: 0.0000053 seconds
2016-10-24T10:12:05.562+0800: 32.343: Total time for which application threads were stopped: 0.0000263 seconds, Stopping threads took: 0.0000049 seconds
2016-10-24T10:12:05.562+0800: 32.343: Total time for which application threads were stopped: 0.0001116 seconds, Stopping threads took: 0.0000083 seconds
2016-10-24T10:12:05.562+0800: 32.343: Total time for which application threads were stopped: 0.0000398 seconds, Stopping threads took: 0.0000067 seconds
2016-10-24T10:12:05.563+0800: 32.344: Total time for which application threads were stopped: 0.0000359 seconds, Stopping threads took: 0.0000057 seconds
2016-10-24T10:12:05.564+0800: 32.345: Total time for which application threads were stopped: 0.0000284 seconds, Stopping threads took: 0.0000055 seconds
2016-10-24T10:12:05.564+0800: 32.345: Total time for which application threads were stopped: 0.0000273 seconds, Stopping threads took: 0.0000049 seconds
2016-10-24T10:12:05.564+0800: 32.345: Total time for which application threads were stopped: 0.0000299 seconds, Stopping threads took: 0.0000057 seconds
2016-10-24T10:12:05.564+0800: 32.345: Total time for which application threads were stopped: 0.0000463 seconds, Stopping threads took: 0.0000078 seconds
2016-10-24T10:12:05.564+0800: 32.345: Total time for which application threads were stopped: 0.0000367 seconds, Stopping threads took: 0.0000065 seconds
2016-10-24T10:12:05.565+0800: 32.346: Total time for which application threads were stopped: 0.0000374 seconds, Stopping threads took: 0.0000067 seconds
2016-10-24T10:12:05.565+0800: 32.346: Total time for which application threads were stopped: 0.0000335 seconds, Stopping threads took: 0.0000064 seconds
2016-10-24T10:12:05.565+0800: 32.346: Total time for which application threads were stopped: 0.0000347 seconds, Stopping threads took: 0.0000063 seconds
2016-10-24T10:12:05.565+0800: 32.346: Total time for which application threads were stopped: 0.0000324 seconds, Stopping threads took: 0.0000060 seconds
2016-10-24T10:12:05.565+0800: 32.346: Total time for which application threads were stopped: 0.0000299 seconds, Stopping threads took: 0.0000061 seconds
2016-10-24T10:12:05.565+0800: 32.346: Total time for which application threads were stopped: 0.0000333 seconds, Stopping threads took: 0.0000061 seconds
2016-10-24T10:12:05.566+0800: 32.347: Total time for which application threads were stopped: 0.0000440 seconds, Stopping threads took: 0.0000081 seconds
2016-10-24T10:12:05.566+0800: 32.347: Total time for which application threads were stopped: 0.0000299 seconds, Stopping threads took: 0.0000052 seconds
2016-10-24T10:12:05.566+0800: 32.347: Total time for which application threads were stopped: 0.0000335 seconds, Stopping threads took: 0.0000063 seconds
2016-10-24T10:12:05.566+0800: 32.347: Total time for which application threads were stopped: 0.0000339 seconds, Stopping threads took: 0.0000064 seconds
2016-10-24T10:12:05.678+0800: 32.459: Total time for which application threads were stopped: 0.0003988 seconds, Stopping threads took: 0.0000258 seconds
2016-10-24T10:12:05.768+0800: 32.549: Total time for which application threads were stopped: 0.0000899 seconds, Stopping threads took: 0.0000204 seconds
2016-10-24T10:12:05.768+0800: 32.549: Total time for which application threads were stopped: 0.0000367 seconds, Stopping threads took: 0.0000071 seconds
2016-10-24T10:12:05.768+0800: 32.549: Total time for which application threads were stopped: 0.0000415 seconds, Stopping threads took: 0.0000087 seconds
2016-10-24T10:12:05.768+0800: 32.549: Total time for which application threads were stopped: 0.0000464 seconds, Stopping threads took: 0.0000084 seconds
2016-10-24T10:12:05.768+0800: 32.549: Total time for which application threads were stopped: 0.0000359 seconds, Stopping threads took: 0.0000077 seconds
2016-10-24T10:12:05.769+0800: 32.550: Total time for which application threads were stopped: 0.0000390 seconds, Stopping threads took: 0.0000077 seconds
2016-10-24T10:12:05.769+0800: 32.550: Total time for which application threads were stopped: 0.0000302 seconds, Stopping threads took: 0.0000053 seconds
2016-10-24T10:12:05.769+0800: 32.550: Total time for which application threads were stopped: 0.0000305 seconds, Stopping threads took: 0.0000057 seconds
2016-10-24T10:12:05.769+0800: 32.550: Total time for which application threads were stopped: 0.0000330 seconds, Stopping threads took: 0.0000060 seconds
2016-10-24T10:12:05.774+0800: 32.555: Total time for which application threads were stopped: 0.0000530 seconds, Stopping threads took: 0.0000132 seconds
2016-10-24T10:12:05.777+0800: 32.558: Total time for which application threads were stopped: 0.0001731 seconds, Stopping threads took: 0.0001240 seconds
2016-10-24T10:12:05.790+0800: 32.571: Total time for which application threads were stopped: 0.0000572 seconds, Stopping threads took: 0.0000134 seconds
2016-10-24T10:12:05.790+0800: 32.571: Total time for which application threads were stopped: 0.0000374 seconds, Stopping threads took: 0.0000073 seconds
2016-10-24T10:12:05.803+0800: 32.584: Total time for which application threads were stopped: 0.0000494 seconds, Stopping threads took: 0.0000110 seconds
2016-10-24T10:12:05.804+0800: 32.585: Total time for which application threads were stopped: 0.0000278 seconds, Stopping threads took: 0.0000042 seconds
2016-10-24T10:12:05.804+0800: 32.585: Total time for which application threads were stopped: 0.0000301 seconds, Stopping threads took: 0.0000053 seconds
2016-10-24T10:12:05.804+0800: 32.585: Total time for which application threads were stopped: 0.0000323 seconds, Stopping threads took: 0.0000054 seconds
2016-10-24T10:12:05.805+0800: 32.586: Total time for which application threads were stopped: 0.0000362 seconds, Stopping threads took: 0.0000066 seconds
2016-10-24T10:12:05.805+0800: 32.586: Total time for which application threads were stopped: 0.0000525 seconds, Stopping threads took: 0.0000226 seconds
2016-10-24T10:12:05.805+0800: 32.586: Total time for which application threads were stopped: 0.0000303 seconds, Stopping threads took: 0.0000057 seconds
2016-10-24T10:12:05.805+0800: 32.586: Total time for which application threads were stopped: 0.0000320 seconds, Stopping threads took: 0.0000055 seconds
2016-10-24T10:12:05.850+0800: 32.631: Total time for which application threads were stopped: 0.0001056 seconds, Stopping threads took: 0.0000375 seconds
2016-10-24T10:12:05.850+0800: 32.631: Total time for which application threads were stopped: 0.0000530 seconds, Stopping threads took: 0.0000210 seconds
2016-10-24T10:12:06.852+0800: 33.633: Total time for which application threads were stopped: 0.0001601 seconds, Stopping threads took: 0.0000310 seconds
2016-10-24T10:12:11.142+0800: 37.923: Total time for which application threads were stopped: 0.0000706 seconds, Stopping threads took: 0.0000170 seconds
2016-10-24T10:12:11.144+0800: 37.926: Total time for which application threads were stopped: 0.0000509 seconds, Stopping threads took: 0.0000123 seconds
2016-10-24T10:12:11.145+0800: 37.926: Total time for which application threads were stopped: 0.0000619 seconds, Stopping threads took: 0.0000220 seconds
2016-10-24T10:12:11.145+0800: 37.926: Total time for which application threads were stopped: 0.0000395 seconds, Stopping threads took: 0.0000085 seconds
2016-10-24T10:12:11.145+0800: 37.927: Total time for which application threads were stopped: 0.0000386 seconds, Stopping threads took: 0.0000077 seconds
2016-10-24T10:12:11.145+0800: 37.927: Total time for which application threads were stopped: 0.0000318 seconds, Stopping threads took: 0.0000070 seconds
2016-10-24T10:12:11.146+0800: 37.927: Total time for which application threads were stopped: 0.0000418 seconds, Stopping threads took: 0.0000092 seconds
2016-10-24T10:12:11.146+0800: 37.927: Total time for which application threads were stopped: 0.0000406 seconds, Stopping threads took: 0.0000085 seconds
2016-10-24T10:12:11.146+0800: 37.927: Total time for which application threads were stopped: 0.0000365 seconds, Stopping threads took: 0.0000071 seconds
2016-10-24T10:12:11.146+0800: 37.927: Total time for which application threads were stopped: 0.0000301 seconds, Stopping threads took: 0.0000067 seconds
2016-10-24T10:12:11.146+0800: 37.927: Total time for which application threads were stopped: 0.0000297 seconds, Stopping threads took: 0.0000067 seconds
2016-10-24T10:12:11.146+0800: 37.927: Total time for which application threads were stopped: 0.0000289 seconds, Stopping threads took: 0.0000067 seconds
2016-10-24T10:12:11.146+0800: 37.927: Total time for which application threads were stopped: 0.0000327 seconds, Stopping threads took: 0.0000067 seconds
2016-10-24T10:12:11.146+0800: 37.927: Total time for which application threads were stopped: 0.0000306 seconds, Stopping threads took: 0.0000061 seconds
2016-10-24T10:12:11.146+0800: 37.927: Total time for which application threads were stopped: 0.0000318 seconds, Stopping threads took: 0.0000060 seconds
2016-10-24T10:12:11.146+0800: 37.927: Total time for which application threads were stopped: 0.0000296 seconds, Stopping threads took: 0.0000056 seconds
2016-10-24T10:12:11.146+0800: 37.928: Total time for which application threads were stopped: 0.0000390 seconds, Stopping threads took: 0.0000086 seconds
2016-10-24T10:12:11.146+0800: 37.928: Total time for which application threads were stopped: 0.0000332 seconds, Stopping threads took: 0.0000065 seconds
2016-10-24T10:12:11.146+0800: 37.928: Total time for which application threads were stopped: 0.0000277 seconds, Stopping threads took: 0.0000059 seconds
2016-10-24T10:12:11.147+0800: 37.928: Total time for which application threads were stopped: 0.0000274 seconds, Stopping threads took: 0.0000060 seconds
2016-10-24T10:12:11.147+0800: 37.928: Total time for which application threads were stopped: 0.0000325 seconds, Stopping threads took: 0.0000058 seconds
2016-10-24T10:12:11.147+0800: 37.928: Total time for which application threads were stopped: 0.0000352 seconds, Stopping threads took: 0.0000063 seconds
2016-10-24T10:12:11.147+0800: 37.928: Total time for which application threads were stopped: 0.0000351 seconds, Stopping threads took: 0.0000074 seconds
2016-10-24T10:12:11.147+0800: 37.928: Total time for which application threads were stopped: 0.0001559 seconds, Stopping threads took: 0.0000090 seconds
2016-10-24T10:12:11.147+0800: 37.928: Total time for which application threads were stopped: 0.0000330 seconds, Stopping threads took: 0.0000064 seconds
2016-10-24T10:12:11.147+0800: 37.928: Total time for which application threads were stopped: 0.0000287 seconds, Stopping threads took: 0.0000061 seconds
2016-10-24T10:12:11.147+0800: 37.928: Total time for which application threads were stopped: 0.0000972 seconds, Stopping threads took: 0.0000674 seconds
2016-10-24T10:12:11.147+0800: 37.928: Total time for which application threads were stopped: 0.0000520 seconds, Stopping threads took: 0.0000152 seconds
2016-10-24T10:12:11.152+0800: 37.933: Total time for which application threads were stopped: 0.0001619 seconds, Stopping threads took: 0.0000127 seconds
2016-10-24T10:12:11.152+0800: 37.933: Total time for which application threads were stopped: 0.0000573 seconds, Stopping threads took: 0.0000099 seconds
2016-10-24T10:12:11.152+0800: 37.933: Total time for which application threads were stopped: 0.0000566 seconds, Stopping threads took: 0.0000078 seconds
2016-10-24T10:12:11.171+0800: 37.952: Total time for which application threads were stopped: 0.0000966 seconds, Stopping threads took: 0.0000140 seconds
2016-10-24T10:12:11.223+0800: 38.004: Total time for which application threads were stopped: 0.0001150 seconds, Stopping threads took: 0.0000189 seconds
2016-10-24T10:12:11.223+0800: 38.005: Total time for which application threads were stopped: 0.0000700 seconds, Stopping threads took: 0.0000143 seconds
2016-10-24T10:12:11.223+0800: 38.005: Total time for which application threads were stopped: 0.0000582 seconds, Stopping threads took: 0.0000105 seconds
2016-10-24T10:12:11.224+0800: 38.005: Total time for which application threads were stopped: 0.0000575 seconds, Stopping threads took: 0.0000105 seconds
2016-10-24T10:12:11.224+0800: 38.005: Total time for which application threads were stopped: 0.0000651 seconds, Stopping threads took: 0.0000119 seconds
2016-10-24T10:12:11.224+0800: 38.005: Total time for which application threads were stopped: 0.0000560 seconds, Stopping threads took: 0.0000101 seconds
2016-10-24T10:12:11.224+0800: 38.005: Total time for which application threads were stopped: 0.0000548 seconds, Stopping threads took: 0.0000102 seconds
2016-10-24T10:12:11.224+0800: 38.005: Total time for which application threads were stopped: 0.0000576 seconds, Stopping threads took: 0.0000106 seconds
2016-10-24T10:12:11.224+0800: 38.006: Total time for which application threads were stopped: 0.0000539 seconds, Stopping threads took: 0.0000095 seconds
2016-10-24T10:12:11.224+0800: 38.006: Total time for which application threads were stopped: 0.0000524 seconds, Stopping threads took: 0.0000087 seconds
2016-10-24T10:12:11.225+0800: 38.006: Total time for which application threads were stopped: 0.0000514 seconds, Stopping threads took: 0.0000095 seconds
2016-10-24T10:12:11.225+0800: 38.006: Total time for which application threads were stopped: 0.0000519 seconds, Stopping threads took: 0.0000094 seconds
2016-10-24T10:12:11.225+0800: 38.006: Total time for which application threads were stopped: 0.0000508 seconds, Stopping threads took: 0.0000080 seconds
2016-10-24T10:12:11.225+0800: 38.006: Total time for which application threads were stopped: 0.0000693 seconds, Stopping threads took: 0.0000137 seconds
2016-10-24T10:12:11.225+0800: 38.006: Total time for which application threads were stopped: 0.0000491 seconds, Stopping threads took: 0.0000086 seconds
2016-10-24T10:12:11.225+0800: 38.006: Total time for which application threads were stopped: 0.0000524 seconds, Stopping threads took: 0.0000087 seconds
2016-10-24T10:12:11.225+0800: 38.006: Total time for which application threads were stopped: 0.0000478 seconds, Stopping threads took: 0.0000085 seconds
2016-10-24T10:12:11.225+0800: 38.006: Total time for which application threads were stopped: 0.0000514 seconds, Stopping threads took: 0.0000095 seconds
2016-10-24T10:12:11.225+0800: 38.007: Total time for which application threads were stopped: 0.0000472 seconds, Stopping threads took: 0.0000086 seconds
2016-10-24T10:12:11.226+0800: 38.007: Total time for which application threads were stopped: 0.0000558 seconds, Stopping threads took: 0.0000084 seconds
2016-10-24T10:12:11.226+0800: 38.007: Total time for which application threads were stopped: 0.0000496 seconds, Stopping threads took: 0.0000083 seconds
2016-10-24T10:12:11.226+0800: 38.007: Total time for which application threads were stopped: 0.0001229 seconds, Stopping threads took: 0.0000078 seconds
2016-10-24T10:12:11.228+0800: 38.010: Total time for which application threads were stopped: 0.0000816 seconds, Stopping threads took: 0.0000263 seconds
2016-10-24T10:12:11.238+0800: 38.019: Total time for which application threads were stopped: 0.0000697 seconds, Stopping threads took: 0.0000155 seconds
2016-10-24T10:12:12.239+0800: 39.020: Total time for which application threads were stopped: 0.0001451 seconds, Stopping threads took: 0.0000309 seconds
2016-10-24T10:12:43.025+0800: 69.807: Total time for which application threads were stopped: 0.0000637 seconds, Stopping threads took: 0.0000164 seconds
2016-10-24T10:12:43.025+0800: 69.807: Total time for which application threads were stopped: 0.0000335 seconds, Stopping threads took: 0.0000070 seconds
2016-10-24T10:12:43.025+0800: 69.807: Total time for which application threads were stopped: 0.0000311 seconds, Stopping threads took: 0.0000065 seconds
2016-10-24T10:12:43.029+0800: 69.811: Total time for which application threads were stopped: 0.0000549 seconds, Stopping threads took: 0.0000110 seconds
2016-10-24T10:12:44.031+0800: 70.814: Total time for which application threads were stopped: 0.0001612 seconds, Stopping threads took: 0.0000505 seconds
2016-10-24T10:12:44.052+0800: 70.834: Total time for which application threads were stopped: 0.0001093 seconds, Stopping threads took: 0.0000662 seconds
2016-10-24T10:12:46.056+0800: 72.838: Total time for which application threads were stopped: 0.0001191 seconds, Stopping threads took: 0.0000645 seconds
2016-10-24T10:12:47.930+0800: 74.713: Total time for which application threads were stopped: 0.0000705 seconds, Stopping threads took: 0.0000174 seconds
2016-10-24T10:12:47.931+0800: 74.713: Total time for which application threads were stopped: 0.0000432 seconds, Stopping threads took: 0.0000082 seconds
2016-10-24T10:12:47.931+0800: 74.713: Total time for which application threads were stopped: 0.0000447 seconds, Stopping threads took: 0.0000083 seconds
2016-10-24T10:12:47.931+0800: 74.713: Total time for which application threads were stopped: 0.0000311 seconds, Stopping threads took: 0.0000067 seconds
2016-10-24T10:12:47.931+0800: 74.714: Total time for which application threads were stopped: 0.0000806 seconds, Stopping threads took: 0.0000475 seconds
2016-10-24T10:12:47.932+0800: 74.714: Total time for which application threads were stopped: 0.0000323 seconds, Stopping threads took: 0.0000073 seconds
2016-10-24T10:12:48.935+0800: 75.718: Total time for which application threads were stopped: 0.0002190 seconds, Stopping threads took: 0.0000542 seconds
2016-10-24T10:13:50.049+0800: 136.834: Total time for which application threads were stopped: 0.0000847 seconds, Stopping threads took: 0.0000164 seconds
2016-10-24T10:13:50.101+0800: 136.885: Total time for which application threads were stopped: 0.0001095 seconds, Stopping threads took: 0.0000170 seconds
2016-10-24T10:13:50.101+0800: 136.885: Total time for which application threads were stopped: 0.0000624 seconds, Stopping threads took: 0.0000126 seconds
2016-10-24T10:13:50.101+0800: 136.885: Total time for which application threads were stopped: 0.0000600 seconds, Stopping threads took: 0.0000107 seconds
2016-10-24T10:13:50.101+0800: 136.885: Total time for which application threads were stopped: 0.0000488 seconds, Stopping threads took: 0.0000085 seconds
2016-10-24T10:13:50.101+0800: 136.885: Total time for which application threads were stopped: 0.0000486 seconds, Stopping threads took: 0.0000085 seconds
2016-10-24T10:13:50.101+0800: 136.886: Total time for which application threads were stopped: 0.0000574 seconds, Stopping threads took: 0.0000113 seconds
2016-10-24T10:13:50.101+0800: 136.886: Total time for which application threads were stopped: 0.0000493 seconds, Stopping threads took: 0.0000088 seconds
2016-10-24T10:13:50.102+0800: 136.886: Total time for which application threads were stopped: 0.0000583 seconds, Stopping threads took: 0.0000133 seconds
2016-10-24T10:13:50.102+0800: 136.886: Total time for which application threads were stopped: 0.0000476 seconds, Stopping threads took: 0.0000083 seconds
2016-10-24T10:13:50.102+0800: 136.886: Total time for which application threads were stopped: 0.0000535 seconds, Stopping threads took: 0.0000075 seconds
2016-10-24T10:13:50.102+0800: 136.886: Total time for which application threads were stopped: 0.0000423 seconds, Stopping threads took: 0.0000069 seconds
2016-10-24T10:13:50.102+0800: 136.886: Total time for which application threads were stopped: 0.0000454 seconds, Stopping threads took: 0.0000201 seconds
2016-10-24T10:13:50.102+0800: 136.886: Total time for which application threads were stopped: 0.0000418 seconds, Stopping threads took: 0.0000071 seconds
2016-10-24T10:13:50.102+0800: 136.886: Total time for which application threads were stopped: 0.0000447 seconds, Stopping threads took: 0.0000192 seconds
2016-10-24T10:13:50.102+0800: 136.886: Total time for which application threads were stopped: 0.0000483 seconds, Stopping threads took: 0.0000082 seconds
2016-10-24T10:13:50.102+0800: 136.887: Total time for which application threads were stopped: 0.0000570 seconds, Stopping threads took: 0.0000133 seconds
2016-10-24T10:13:50.102+0800: 136.887: Total time for which application threads were stopped: 0.0000488 seconds, Stopping threads took: 0.0000089 seconds
2016-10-24T10:13:50.103+0800: 136.887: Total time for which application threads were stopped: 0.0000470 seconds, Stopping threads took: 0.0000086 seconds
2016-10-24T10:13:50.103+0800: 136.887: Total time for which application threads were stopped: 0.0000521 seconds, Stopping threads took: 0.0000092 seconds
2016-10-24T10:13:50.103+0800: 136.887: Total time for which application threads were stopped: 0.0001342 seconds, Stopping threads took: 0.0000081 seconds
2016-10-24T10:13:51.104+0800: 137.888: Total time for which application threads were stopped: 0.0001982 seconds, Stopping threads took: 0.0000305 seconds
2016-10-24T10:13:53.081+0800: 139.865: Total time for which application threads were stopped: 0.0000677 seconds, Stopping threads took: 0.0000165 seconds
2016-10-24T10:13:53.081+0800: 139.865: Total time for which application threads were stopped: 0.0000563 seconds, Stopping threads took: 0.0000193 seconds
2016-10-24T10:13:53.081+0800: 139.865: Total time for which application threads were stopped: 0.0000361 seconds, Stopping threads took: 0.0000076 seconds
2016-10-24T10:13:53.081+0800: 139.866: Total time for which application threads were stopped: 0.0000540 seconds, Stopping threads took: 0.0000096 seconds
2016-10-24T10:13:53.081+0800: 139.866: Total time for which application threads were stopped: 0.0000532 seconds, Stopping threads took: 0.0000098 seconds
2016-10-24T10:13:53.081+0800: 139.866: Total time for which application threads were stopped: 0.0000551 seconds, Stopping threads took: 0.0000239 seconds
2016-10-24T10:13:53.082+0800: 139.866: Total time for which application threads were stopped: 0.0000849 seconds, Stopping threads took: 0.0000203 seconds
2016-10-24T10:13:53.082+0800: 139.866: Total time for which application threads were stopped: 0.0000377 seconds, Stopping threads took: 0.0000070 seconds
2016-10-24T10:13:53.082+0800: 139.866: Total time for which application threads were stopped: 0.0000505 seconds, Stopping threads took: 0.0000086 seconds
2016-10-24T10:13:53.082+0800: 139.866: Total time for which application threads were stopped: 0.0000381 seconds, Stopping threads took: 0.0000067 seconds
2016-10-24T10:13:53.082+0800: 139.866: Total time for which application threads were stopped: 0.0000399 seconds, Stopping threads took: 0.0000075 seconds
2016-10-24T10:13:53.082+0800: 139.866: Total time for which application threads were stopped: 0.0000545 seconds, Stopping threads took: 0.0000082 seconds
2016-10-24T10:13:53.082+0800: 139.866: Total time for which application threads were stopped: 0.0000354 seconds, Stopping threads took: 0.0000072 seconds
2016-10-24T10:13:53.082+0800: 139.867: Total time for which application threads were stopped: 0.0000292 seconds, Stopping threads took: 0.0000056 seconds
2016-10-24T10:13:53.082+0800: 139.867: Total time for which application threads were stopped: 0.0000379 seconds, Stopping threads took: 0.0000093 seconds
2016-10-24T10:13:53.082+0800: 139.867: Total time for which application threads were stopped: 0.0000546 seconds, Stopping threads took: 0.0000074 seconds
2016-10-24T10:13:53.083+0800: 139.867: Total time for which application threads were stopped: 0.0000313 seconds, Stopping threads took: 0.0000058 seconds
2016-10-24T10:13:53.083+0800: 139.867: Total time for which application threads were stopped: 0.0000351 seconds, Stopping threads took: 0.0000071 seconds
2016-10-24T10:13:53.083+0800: 139.867: Total time for which application threads were stopped: 0.0000345 seconds, Stopping threads took: 0.0000069 seconds
2016-10-24T10:13:53.083+0800: 139.867: Total time for which application threads were stopped: 0.0000937 seconds, Stopping threads took: 0.0000067 seconds
2016-10-24T10:13:54.087+0800: 140.871: Total time for which application threads were stopped: 0.0001286 seconds, Stopping threads took: 0.0000305 seconds
{Heap before GC invocations=6 (full 1):
 par new generation   total 109248K, used 108846K [0x00000007a0000000, 0x00000007a8000000, 0x00000007a8000000)
  eden space 87424K, 100% used [0x00000007a0000000, 0x00000007a5560000, 0x00000007a5560000)
  from space 21824K,  98% used [0x00000007a5560000, 0x00000007a6a4ba10, 0x00000007a6ab0000)
  to   space 21824K,   0% used [0x00000007a6ab0000, 0x00000007a6ab0000, 0x00000007a8000000)
 concurrent mark-sweep generation total 393216K, used 0K [0x00000007a8000000, 0x00000007c0000000, 0x00000007c0000000)
 Metaspace       used 35864K, capacity 36462K, committed 36728K, reserved 1081344K
  class space    used 4293K, capacity 4446K, committed 4504K, reserved 1048576K
2016-10-24T10:13:55.638+0800: 142.422: [GC (Allocation Failure) 2016-10-24T10:13:55.638+0800: 142.422: [ParNew
Desired survivor size 20112992 bytes, new threshold 8 (max 8)
- age   1:    6336504 bytes,    6336504 total
- age   2:    5159760 bytes,   11496264 total
- age   3:    1236848 bytes,   12733112 total
- age   4:     351344 bytes,   13084456 total
- age   5:        360 bytes,   13084816 total
- age   6:    1447776 bytes,   14532592 total
- age   7:    5136056 bytes,   19668648 total
: 108846K->21824K(109248K), 0.0149042 secs] 108846K->22316K(502464K), 0.0149548 secs] [Times: user=0.07 sys=0.00, real=0.02 secs] 
Heap after GC invocations=7 (full 1):
 par new generation   total 109248K, used 21824K [0x00000007a0000000, 0x00000007a8000000, 0x00000007a8000000)
  eden space 87424K,   0% used [0x00000007a0000000, 0x00000007a0000000, 0x00000007a5560000)
  from space 21824K, 100% used [0x00000007a6ab0000, 0x00000007a8000000, 0x00000007a8000000)
  to   space 21824K,   0% used [0x00000007a5560000, 0x00000007a5560000, 0x00000007a6ab0000)
 concurrent mark-sweep generation total 393216K, used 492K [0x00000007a8000000, 0x00000007c0000000, 0x00000007c0000000)
 Metaspace       used 35864K, capacity 36462K, committed 36728K, reserved 1081344K
  class space    used 4293K, capacity 4446K, committed 4504K, reserved 1048576K
}
2016-10-24T10:13:55.653+0800: 142.437: Total time for which application threads were stopped: 0.0151539 seconds, Stopping threads took: 0.0000184 seconds
2016-10-24T10:13:56.655+0800: 143.439: Total time for which application threads were stopped: 0.0001308 seconds, Stopping threads took: 0.0000340 seconds
2016-10-24T10:14:05.679+0800: 152.464: Total time for which application threads were stopped: 0.0002199 seconds, Stopping threads took: 0.0000562 seconds
2016-10-24T10:14:22.713+0800: 169.498: Total time for which application threads were stopped: 0.0001311 seconds, Stopping threads took: 0.0000761 seconds
2016-10-24T10:14:23.051+0800: 169.836: Total time for which application threads were stopped: 0.0001202 seconds, Stopping threads took: 0.0000395 seconds
2016-10-24T10:14:23.051+0800: 169.836: Total time for which application threads were stopped: 0.0000831 seconds, Stopping threads took: 0.0000250 seconds
2016-10-24T10:14:23.051+0800: 169.837: Total time for which application threads were stopped: 0.0000741 seconds, Stopping threads took: 0.0000257 seconds
2016-10-24T10:14:23.051+0800: 169.837: Total time for which application threads were stopped: 0.0000811 seconds, Stopping threads took: 0.0000292 seconds
2016-10-24T10:14:23.052+0800: 169.837: Total time for which application threads were stopped: 0.0001618 seconds, Stopping threads took: 0.0000413 seconds
2016-10-24T10:14:23.058+0800: 169.844: Total time for which application threads were stopped: 0.0001208 seconds, Stopping threads took: 0.0000377 seconds
2016-10-24T10:14:23.059+0800: 169.844: Total time for which application threads were stopped: 0.0000929 seconds, Stopping threads took: 0.0000284 seconds
2016-10-24T10:14:23.066+0800: 169.851: Total time for which application threads were stopped: 0.0001124 seconds, Stopping threads took: 0.0000377 seconds
2016-10-24T10:14:23.066+0800: 169.851: Total time for which application threads were stopped: 0.0000927 seconds, Stopping threads took: 0.0000294 seconds
2016-10-24T10:14:24.067+0800: 170.853: Total time for which application threads were stopped: 0.0001737 seconds, Stopping threads took: 0.0000305 seconds
2016-10-24T10:15:13.199+0800: 219.986: Total time for which application threads were stopped: 0.0001055 seconds, Stopping threads took: 0.0000241 seconds
2016-10-24T10:15:23.065+0800: 229.852: Total time for which application threads were stopped: 0.0001187 seconds, Stopping threads took: 0.0000339 seconds
2016-10-24T10:16:03.173+0800: 269.961: Total time for which application threads were stopped: 0.0002361 seconds, Stopping threads took: 0.0000689 seconds
2016-10-24T10:16:13.193+0800: 279.982: Total time for which application threads were stopped: 0.0001817 seconds, Stopping threads took: 0.0000293 seconds
2016-10-24T10:18:03.448+0800: 390.240: Total time for which application threads were stopped: 0.0001685 seconds, Stopping threads took: 0.0000361 seconds
2016-10-24T10:18:06.453+0800: 393.245: Total time for which application threads were stopped: 0.0001574 seconds, Stopping threads took: 0.0000399 seconds
2016-10-24T10:18:07.220+0800: 394.012: Total time for which application threads were stopped: 0.0000962 seconds, Stopping threads took: 0.0000277 seconds
2016-10-24T10:18:08.224+0800: 395.016: Total time for which application threads were stopped: 0.0001692 seconds, Stopping threads took: 0.0000337 seconds
2016-10-24T10:18:10.849+0800: 397.641: Total time for which application threads were stopped: 0.0000738 seconds, Stopping threads took: 0.0000172 seconds
2016-10-24T10:18:10.874+0800: 397.666: Total time for which application threads were stopped: 0.0001108 seconds, Stopping threads took: 0.0000349 seconds
2016-10-24T10:18:11.875+0800: 398.667: Total time for which application threads were stopped: 0.0000826 seconds, Stopping threads took: 0.0000220 seconds
2016-10-24T10:18:17.796+0800: 404.589: Total time for which application threads were stopped: 0.0001173 seconds, Stopping threads took: 0.0000241 seconds
2016-10-24T10:18:17.797+0800: 404.589: Total time for which application threads were stopped: 0.0000859 seconds, Stopping threads took: 0.0000281 seconds
2016-10-24T10:18:17.797+0800: 404.589: Total time for which application threads were stopped: 0.0000480 seconds, Stopping threads took: 0.0000076 seconds
2016-10-24T10:18:17.797+0800: 404.589: Total time for which application threads were stopped: 0.0000568 seconds, Stopping threads took: 0.0000160 seconds
2016-10-24T10:18:17.797+0800: 404.590: Total time for which application threads were stopped: 0.0000417 seconds, Stopping threads took: 0.0000077 seconds
2016-10-24T10:18:17.797+0800: 404.590: Total time for which application threads were stopped: 0.0000400 seconds, Stopping threads took: 0.0000060 seconds
2016-10-24T10:18:17.797+0800: 404.590: Total time for which application threads were stopped: 0.0000462 seconds, Stopping threads took: 0.0000073 seconds
2016-10-24T10:18:17.798+0800: 404.590: Total time for which application threads were stopped: 0.0000594 seconds, Stopping threads took: 0.0000183 seconds
2016-10-24T10:18:17.798+0800: 404.590: Total time for which application threads were stopped: 0.0000554 seconds, Stopping threads took: 0.0000149 seconds
2016-10-24T10:18:17.798+0800: 404.590: Total time for which application threads were stopped: 0.0000365 seconds, Stopping threads took: 0.0000073 seconds
2016-10-24T10:18:17.798+0800: 404.591: Total time for which application threads were stopped: 0.0000408 seconds, Stopping threads took: 0.0000061 seconds
2016-10-24T10:18:17.802+0800: 404.595: Total time for which application threads were stopped: 0.0000909 seconds, Stopping threads took: 0.0000382 seconds
2016-10-24T10:18:17.802+0800: 404.595: Total time for which application threads were stopped: 0.0000530 seconds, Stopping threads took: 0.0000103 seconds
2016-10-24T10:18:17.807+0800: 404.600: Total time for which application threads were stopped: 0.0000567 seconds, Stopping threads took: 0.0000115 seconds
2016-10-24T10:18:17.808+0800: 404.600: Total time for which application threads were stopped: 0.0000875 seconds, Stopping threads took: 0.0000571 seconds
2016-10-24T10:18:18.808+0800: 405.600: Total time for which application threads were stopped: 0.0001239 seconds, Stopping threads took: 0.0000311 seconds
2016-10-24T10:18:24.826+0800: 411.618: Total time for which application threads were stopped: 0.0002260 seconds, Stopping threads took: 0.0000603 seconds
2016-10-24T10:23:41.040+0800: 440.830: Total time for which application threads were stopped: 0.0001553 seconds, Stopping threads took: 0.0000439 seconds
2016-10-24T10:24:04.813+0800: 464.604: Total time for which application threads were stopped: 0.0000947 seconds, Stopping threads took: 0.0000245 seconds
2016-10-24T10:24:21.835+0800: 481.627: Total time for which application threads were stopped: 0.0000913 seconds, Stopping threads took: 0.0000287 seconds
2016-10-24T10:24:22.839+0800: 482.630: Total time for which application threads were stopped: 0.0001655 seconds, Stopping threads took: 0.0000229 seconds
2016-10-24T10:25:21.950+0800: 541.744: Total time for which application threads were stopped: 0.0000956 seconds, Stopping threads took: 0.0000340 seconds
2016-10-24T10:50:33.625+0800: 2053.465: Total time for which application threads were stopped: 0.0003349 seconds, Stopping threads took: 0.0001190 seconds
2016-10-24T10:50:35.630+0800: 2055.470: Total time for which application threads were stopped: 0.0002283 seconds, Stopping threads took: 0.0000585 seconds
2016-10-24T10:59:21.097+0800: 2580.953: Total time for which application threads were stopped: 0.0003747 seconds, Stopping threads took: 0.0000800 seconds
2016-10-24T11:10:57.741+0800: 3277.618: Total time for which application threads were stopped: 0.0002313 seconds, Stopping threads took: 0.0000582 seconds
2016-10-24T11:22:08.356+0800: 3948.255: Total time for which application threads were stopped: 0.0001734 seconds, Stopping threads took: 0.0000629 seconds
2016-10-24T11:22:09.357+0800: 3949.255: Total time for which application threads were stopped: 0.0001828 seconds, Stopping threads took: 0.0000427 seconds
2016-10-24T11:22:13.719+0800: 3953.618: Total time for which application threads were stopped: 0.0001198 seconds, Stopping threads took: 0.0000213 seconds
2016-10-24T11:22:13.719+0800: 3953.618: Total time for which application threads were stopped: 0.0000588 seconds, Stopping threads took: 0.0000107 seconds
2016-10-24T11:22:13.719+0800: 3953.618: Total time for which application threads were stopped: 0.0000593 seconds, Stopping threads took: 0.0000189 seconds
2016-10-24T11:22:13.720+0800: 3953.618: Total time for which application threads were stopped: 0.0000390 seconds, Stopping threads took: 0.0000070 seconds
2016-10-24T11:22:13.731+0800: 3953.629: Total time for which application threads were stopped: 0.0000936 seconds, Stopping threads took: 0.0000392 seconds
2016-10-24T11:22:13.731+0800: 3953.630: Total time for which application threads were stopped: 0.0001268 seconds, Stopping threads took: 0.0000350 seconds
2016-10-24T11:22:13.738+0800: 3953.637: Total time for which application threads were stopped: 0.0000832 seconds, Stopping threads took: 0.0000331 seconds
2016-10-24T11:22:13.738+0800: 3953.637: Total time for which application threads were stopped: 0.0000699 seconds, Stopping threads took: 0.0000333 seconds
2016-10-24T11:22:14.743+0800: 3954.642: Total time for which application threads were stopped: 0.0002234 seconds, Stopping threads took: 0.0000537 seconds
2016-10-24T11:22:18.753+0800: 3958.652: Total time for which application threads were stopped: 0.0001265 seconds, Stopping threads took: 0.0000342 seconds
2016-10-24T11:22:19.756+0800: 3959.655: Total time for which application threads were stopped: 0.0002778 seconds, Stopping threads took: 0.0000879 seconds
2016-10-24T11:22:21.950+0800: 3961.848: Total time for which application threads were stopped: 0.0003235 seconds, Stopping threads took: 0.0001329 seconds
2016-10-24T11:22:21.950+0800: 3961.848: Total time for which application threads were stopped: 0.0000924 seconds, Stopping threads took: 0.0000218 seconds
2016-10-24T11:22:21.957+0800: 3961.855: Total time for which application threads were stopped: 0.0001081 seconds, Stopping threads took: 0.0000390 seconds
2016-10-24T11:22:21.957+0800: 3961.855: Total time for which application threads were stopped: 0.0000652 seconds, Stopping threads took: 0.0000290 seconds
2016-10-24T11:22:22.960+0800: 3962.858: Total time for which application threads were stopped: 0.0001551 seconds, Stopping threads took: 0.0000344 seconds
2016-10-24T11:22:55.657+0800: 3995.557: Total time for which application threads were stopped: 0.0000877 seconds, Stopping threads took: 0.0000187 seconds
2016-10-24T11:22:55.702+0800: 3995.602: Total time for which application threads were stopped: 0.0001125 seconds, Stopping threads took: 0.0000181 seconds
2016-10-24T11:22:55.702+0800: 3995.602: Total time for which application threads were stopped: 0.0000767 seconds, Stopping threads took: 0.0000141 seconds
2016-10-24T11:22:55.702+0800: 3995.602: Total time for which application threads were stopped: 0.0000545 seconds, Stopping threads took: 0.0000105 seconds
2016-10-24T11:22:55.703+0800: 3995.603: Total time for which application threads were stopped: 0.0000670 seconds, Stopping threads took: 0.0000114 seconds
2016-10-24T11:22:55.704+0800: 3995.604: Total time for which application threads were stopped: 0.0000833 seconds, Stopping threads took: 0.0000123 seconds
2016-10-24T11:22:55.705+0800: 3995.604: Total time for which application threads were stopped: 0.0000645 seconds, Stopping threads took: 0.0000110 seconds
2016-10-24T11:22:55.707+0800: 3995.607: Total time for which application threads were stopped: 0.0000891 seconds, Stopping threads took: 0.0000134 seconds
2016-10-24T11:22:56.712+0800: 3996.611: Total time for which application threads were stopped: 0.0001290 seconds, Stopping threads took: 0.0000349 seconds
2016-10-24T11:22:57.717+0800: 3997.617: Total time for which application threads were stopped: 0.0002594 seconds, Stopping threads took: 0.0000919 seconds
2016-10-24T11:23:07.488+0800: 4007.388: Total time for which application threads were stopped: 0.0000913 seconds, Stopping threads took: 0.0000163 seconds
2016-10-24T11:23:07.496+0800: 4007.396: Total time for which application threads were stopped: 0.0000837 seconds, Stopping threads took: 0.0000255 seconds
2016-10-24T11:23:09.500+0800: 4009.400: Total time for which application threads were stopped: 0.0001205 seconds, Stopping threads took: 0.0000360 seconds
{Heap before GC invocations=7 (full 1):
 par new generation   total 109248K, used 109248K [0x00000007a0000000, 0x00000007a8000000, 0x00000007a8000000)
  eden space 87424K, 100% used [0x00000007a0000000, 0x00000007a5560000, 0x00000007a5560000)
  from space 21824K, 100% used [0x00000007a6ab0000, 0x00000007a8000000, 0x00000007a8000000)
  to   space 21824K,   0% used [0x00000007a5560000, 0x00000007a5560000, 0x00000007a6ab0000)
 concurrent mark-sweep generation total 393216K, used 492K [0x00000007a8000000, 0x00000007c0000000, 0x00000007c0000000)
 Metaspace       used 37004K, capacity 37694K, committed 37880K, reserved 1083392K
  class space    used 4368K, capacity 4580K, committed 4632K, reserved 1048576K
2016-10-24T11:23:20.572+0800: 4020.472: [GC (Allocation Failure) 2016-10-24T11:23:20.572+0800: 4020.472: [ParNew
Desired survivor size 20112992 bytes, new threshold 8 (max 8)
- age   1:    1575080 bytes,    1575080 total
- age   2:    1406000 bytes,    2981080 total
- age   3:    5113832 bytes,    8094912 total
- age   4:     863592 bytes,    8958504 total
- age   5:     351240 bytes,    9309744 total
- age   6:        360 bytes,    9310104 total
- age   7:    1441240 bytes,   10751344 total
- age   8:    5134024 bytes,   15885368 total
: 109248K->21824K(109248K), 0.0435433 secs] 109740K->22316K(502464K), 0.0436005 secs] [Times: user=0.05 sys=0.09, real=0.04 secs] 
Heap after GC invocations=8 (full 1):
 par new generation   total 109248K, used 21824K [0x00000007a0000000, 0x00000007a8000000, 0x00000007a8000000)
  eden space 87424K,   0% used [0x00000007a0000000, 0x00000007a0000000, 0x00000007a5560000)
  from space 21824K, 100% used [0x00000007a5560000, 0x00000007a6ab0000, 0x00000007a6ab0000)
  to   space 21824K,   0% used [0x00000007a6ab0000, 0x00000007a6ab0000, 0x00000007a8000000)
 concurrent mark-sweep generation total 393216K, used 492K [0x00000007a8000000, 0x00000007c0000000, 0x00000007c0000000)
 Metaspace       used 37004K, capacity 37694K, committed 37880K, reserved 1083392K
  class space    used 4368K, capacity 4580K, committed 4632K, reserved 1048576K
}
2016-10-24T11:23:20.615+0800: 4020.516: Total time for which application threads were stopped: 0.0438522 seconds, Stopping threads took: 0.0000432 seconds
2016-10-24T11:23:21.618+0800: 4021.519: Total time for which application threads were stopped: 0.0003361 seconds, Stopping threads took: 0.0000980 seconds
2016-10-24T11:23:21.957+0800: 4021.858: Total time for which application threads were stopped: 0.0001373 seconds, Stopping threads took: 0.0000254 seconds
2016-10-24T11:23:22.963+0800: 4022.863: Total time for which application threads were stopped: 0.0002185 seconds, Stopping threads took: 0.0000561 seconds
2016-10-24T11:23:23.963+0800: 4023.864: Total time for which application threads were stopped: 0.0000913 seconds, Stopping threads took: 0.0000316 seconds
2016-10-24T11:23:32.982+0800: 4032.883: Total time for which application threads were stopped: 0.0001555 seconds, Stopping threads took: 0.0000434 seconds
2016-10-24T11:23:33.983+0800: 4033.884: Total time for which application threads were stopped: 0.0001376 seconds, Stopping threads took: 0.0000328 seconds
2016-10-24T11:23:44.006+0800: 4043.908: Total time for which application threads were stopped: 0.0001581 seconds, Stopping threads took: 0.0000355 seconds
2016-10-24T11:23:46.013+0800: 4045.914: Total time for which application threads were stopped: 0.0002302 seconds, Stopping threads took: 0.0000588 seconds
2016-10-24T11:23:58.044+0800: 4057.946: Total time for which application threads were stopped: 0.0002513 seconds, Stopping threads took: 0.0000541 seconds
2016-10-24T11:23:59.045+0800: 4058.947: Total time for which application threads were stopped: 0.0002513 seconds, Stopping threads took: 0.0000591 seconds
2016-10-24T11:24:13.947+0800: 4073.849: Total time for which application threads were stopped: 0.0001213 seconds, Stopping threads took: 0.0000411 seconds
2016-10-24T11:24:13.948+0800: 4073.850: Total time for which application threads were stopped: 0.0001165 seconds, Stopping threads took: 0.0000394 seconds
2016-10-24T11:24:13.948+0800: 4073.850: Total time for which application threads were stopped: 0.0001639 seconds, Stopping threads took: 0.0000863 seconds
2016-10-24T11:24:13.948+0800: 4073.850: Total time for which application threads were stopped: 0.0001057 seconds, Stopping threads took: 0.0000451 seconds
2016-10-24T11:24:13.949+0800: 4073.851: Total time for which application threads were stopped: 0.0001998 seconds, Stopping threads took: 0.0000402 seconds
2016-10-24T11:24:13.956+0800: 4073.858: Total time for which application threads were stopped: 0.0001296 seconds, Stopping threads took: 0.0000628 seconds
2016-10-24T11:24:13.956+0800: 4073.858: Total time for which application threads were stopped: 0.0000804 seconds, Stopping threads took: 0.0000117 seconds
2016-10-24T11:24:13.962+0800: 4073.864: Total time for which application threads were stopped: 0.0001065 seconds, Stopping threads took: 0.0000308 seconds
2016-10-24T11:24:13.962+0800: 4073.864: Total time for which application threads were stopped: 0.0000594 seconds, Stopping threads took: 0.0000082 seconds
2016-10-24T11:24:14.966+0800: 4074.868: Total time for which application threads were stopped: 0.0001223 seconds, Stopping threads took: 0.0000243 seconds
2016-10-24T11:24:24.988+0800: 4084.891: Total time for which application threads were stopped: 0.0001242 seconds, Stopping threads took: 0.0000242 seconds
2016-10-24T11:24:25.989+0800: 4085.891: Total time for which application threads were stopped: 0.0000809 seconds, Stopping threads took: 0.0000191 seconds
2016-10-24T11:24:33.998+0800: 4093.900: Total time for which application threads were stopped: 0.0000972 seconds, Stopping threads took: 0.0000209 seconds
2016-10-24T11:24:44.019+0800: 4103.922: Total time for which application threads were stopped: 0.0001810 seconds, Stopping threads took: 0.0000515 seconds
2016-10-24T11:24:56.050+0800: 4115.953: Total time for which application threads were stopped: 0.0002323 seconds, Stopping threads took: 0.0000659 seconds
2016-10-24T11:24:58.058+0800: 4117.961: Total time for which application threads were stopped: 0.0002178 seconds, Stopping threads took: 0.0000543 seconds
2016-10-24T11:25:09.073+0800: 4128.977: Total time for which application threads were stopped: 0.0001334 seconds, Stopping threads took: 0.0000264 seconds
2016-10-24T11:25:11.077+0800: 4130.981: Total time for which application threads were stopped: 0.0000906 seconds, Stopping threads took: 0.0000225 seconds
2016-10-24T11:25:13.960+0800: 4133.864: Total time for which application threads were stopped: 0.0001601 seconds, Stopping threads took: 0.0000619 seconds
2016-10-24T11:25:18.530+0800: 4138.434: Total time for which application threads were stopped: 0.0003105 seconds, Stopping threads took: 0.0000306 seconds
2016-10-24T11:25:18.530+0800: 4138.435: Total time for which application threads were stopped: 0.0001010 seconds, Stopping threads took: 0.0000385 seconds
2016-10-24T11:25:18.531+0800: 4138.435: Total time for which application threads were stopped: 0.0000888 seconds, Stopping threads took: 0.0000329 seconds
2016-10-24T11:25:18.531+0800: 4138.435: Total time for which application threads were stopped: 0.0001813 seconds, Stopping threads took: 0.0000870 seconds
2016-10-24T11:25:18.531+0800: 4138.435: Total time for which application threads were stopped: 0.0000939 seconds, Stopping threads took: 0.0000436 seconds
2016-10-24T11:25:18.531+0800: 4138.435: Total time for which application threads were stopped: 0.0001983 seconds, Stopping threads took: 0.0001308 seconds
2016-10-24T11:25:18.532+0800: 4138.436: Total time for which application threads were stopped: 0.0001588 seconds, Stopping threads took: 0.0000818 seconds
2016-10-24T11:25:18.532+0800: 4138.437: Total time for which application threads were stopped: 0.0001388 seconds, Stopping threads took: 0.0000711 seconds
2016-10-24T11:25:18.540+0800: 4138.444: Total time for which application threads were stopped: 0.0001584 seconds, Stopping threads took: 0.0000784 seconds
2016-10-24T11:25:18.540+0800: 4138.444: Total time for which application threads were stopped: 0.0000715 seconds, Stopping threads took: 0.0000280 seconds
2016-10-24T11:25:18.546+0800: 4138.450: Total time for which application threads were stopped: 0.0000806 seconds, Stopping threads took: 0.0000239 seconds
2016-10-24T11:25:18.546+0800: 4138.450: Total time for which application threads were stopped: 0.0000557 seconds, Stopping threads took: 0.0000153 seconds
2016-10-24T11:25:19.551+0800: 4139.456: Total time for which application threads were stopped: 0.0002423 seconds, Stopping threads took: 0.0000554 seconds
2016-10-24T11:25:20.552+0800: 4140.456: Total time for which application threads were stopped: 0.0001165 seconds, Stopping threads took: 0.0000220 seconds
2016-10-24T11:25:21.892+0800: 4141.796: Total time for which application threads were stopped: 0.0001127 seconds, Stopping threads took: 0.0000426 seconds
2016-10-24T11:25:21.892+0800: 4141.797: Total time for which application threads were stopped: 0.0001284 seconds, Stopping threads took: 0.0000625 seconds
2016-10-24T11:25:21.892+0800: 4141.797: Total time for which application threads were stopped: 0.0000831 seconds, Stopping threads took: 0.0000329 seconds
2016-10-24T11:25:21.893+0800: 4141.797: Total time for which application threads were stopped: 0.0000923 seconds, Stopping threads took: 0.0000268 seconds
2016-10-24T11:25:21.893+0800: 4141.797: Total time for which application threads were stopped: 0.0000877 seconds, Stopping threads took: 0.0000326 seconds
2016-10-24T11:25:21.893+0800: 4141.798: Total time for which application threads were stopped: 0.0000970 seconds, Stopping threads took: 0.0000275 seconds
2016-10-24T11:25:21.893+0800: 4141.798: Total time for which application threads were stopped: 0.0001273 seconds, Stopping threads took: 0.0000674 seconds
2016-10-24T11:25:21.894+0800: 4141.798: Total time for which application threads were stopped: 0.0001183 seconds, Stopping threads took: 0.0000597 seconds
2016-10-24T11:25:21.900+0800: 4141.804: Total time for which application threads were stopped: 0.0000723 seconds, Stopping threads took: 0.0000145 seconds
2016-10-24T11:25:21.900+0800: 4141.804: Total time for which application threads were stopped: 0.0000826 seconds, Stopping threads took: 0.0000433 seconds
2016-10-24T11:25:21.905+0800: 4141.810: Total time for which application threads were stopped: 0.0001259 seconds, Stopping threads took: 0.0000204 seconds
2016-10-24T11:25:21.906+0800: 4141.810: Total time for which application threads were stopped: 0.0001092 seconds, Stopping threads took: 0.0000296 seconds
2016-10-24T11:25:21.906+0800: 4141.810: Total time for which application threads were stopped: 0.0001262 seconds, Stopping threads took: 0.0000304 seconds
2016-10-24T11:25:22.907+0800: 4142.811: Total time for which application threads were stopped: 0.0001366 seconds, Stopping threads took: 0.0000341 seconds
2016-10-24T11:25:27.916+0800: 4147.821: Total time for which application threads were stopped: 0.0000951 seconds, Stopping threads took: 0.0000237 seconds
2016-10-24T11:25:36.933+0800: 4156.838: Total time for which application threads were stopped: 0.0001613 seconds, Stopping threads took: 0.0000340 seconds
{Heap before GC invocations=8 (full 1):
 par new generation   total 109248K, used 109248K [0x00000007a0000000, 0x00000007a8000000, 0x00000007a8000000)
  eden space 87424K, 100% used [0x00000007a0000000, 0x00000007a5560000, 0x00000007a5560000)
  from space 21824K, 100% used [0x00000007a5560000, 0x00000007a6ab0000, 0x00000007a6ab0000)
  to   space 21824K,   0% used [0x00000007a6ab0000, 0x00000007a6ab0000, 0x00000007a8000000)
 concurrent mark-sweep generation total 393216K, used 492K [0x00000007a8000000, 0x00000007c0000000, 0x00000007c0000000)
 Metaspace       used 37351K, capacity 38108K, committed 38392K, reserved 1083392K
  class space    used 4376K, capacity 4593K, committed 4632K, reserved 1048576K
2016-10-24T11:25:44.381+0800: 4164.286: [GC (Allocation Failure) 2016-10-24T11:25:44.381+0800: 4164.286: [ParNew
Desired survivor size 20112992 bytes, new threshold 8 (max 8)
- age   1:     580976 bytes,     580976 total
- age   2:     391808 bytes,     972784 total
- age   3:    1248800 bytes,    2221584 total
- age   4:    5049600 bytes,    7271184 total
- age   5:     817208 bytes,    8088392 total
- age   6:     273752 bytes,    8362144 total
- age   7:        360 bytes,    8362504 total
- age   8:    1383840 bytes,    9746344 total
: 109248K->15659K(109248K), 0.0318688 secs] 109740K->21667K(502464K), 0.0319322 secs] [Times: user=0.08 sys=0.02, real=0.03 secs] 
Heap after GC invocations=9 (full 1):
 par new generation   total 109248K, used 15659K [0x00000007a0000000, 0x00000007a8000000, 0x00000007a8000000)
  eden space 87424K,   0% used [0x00000007a0000000, 0x00000007a0000000, 0x00000007a5560000)
  from space 21824K,  71% used [0x00000007a6ab0000, 0x00000007a79fae10, 0x00000007a8000000)
  to   space 21824K,   0% used [0x00000007a5560000, 0x00000007a5560000, 0x00000007a6ab0000)
 concurrent mark-sweep generation total 393216K, used 6008K [0x00000007a8000000, 0x00000007c0000000, 0x00000007c0000000)
 Metaspace       used 37351K, capacity 38108K, committed 38392K, reserved 1083392K
  class space    used 4376K, capacity 4593K, committed 4632K, reserved 1048576K
}
2016-10-24T11:25:44.413+0800: 4164.318: Total time for which application threads were stopped: 0.0321207 seconds, Stopping threads took: 0.0000233 seconds
2016-10-24T11:25:45.418+0800: 4165.323: Total time for which application threads were stopped: 0.0002275 seconds, Stopping threads took: 0.0000559 seconds
2016-10-24T11:25:46.423+0800: 4166.328: Total time for which application threads were stopped: 0.0000936 seconds, Stopping threads took: 0.0000228 seconds
2016-10-24T11:25:52.432+0800: 4172.337: Total time for which application threads were stopped: 0.0001184 seconds, Stopping threads took: 0.0000281 seconds
2016-10-24T11:25:54.436+0800: 4174.342: Total time for which application threads were stopped: 0.0001399 seconds, Stopping threads took: 0.0000369 seconds
2016-10-24T11:26:01.452+0800: 4181.358: Total time for which application threads were stopped: 0.0002263 seconds, Stopping threads took: 0.0000540 seconds
2016-10-24T11:26:14.473+0800: 4194.379: Total time for which application threads were stopped: 0.0001737 seconds, Stopping threads took: 0.0000330 seconds
2016-10-24T11:26:21.905+0800: 4201.812: Total time for which application threads were stopped: 0.0001239 seconds, Stopping threads took: 0.0000302 seconds
2016-10-24T11:28:29.205+0800: 4329.115: Total time for which application threads were stopped: 0.0001760 seconds, Stopping threads took: 0.0000786 seconds
2016-10-24T11:28:31.207+0800: 4331.117: Total time for which application threads were stopped: 0.0001399 seconds, Stopping threads took: 0.0000653 seconds
2016-10-24T11:28:33.924+0800: 4333.834: Total time for which application threads were stopped: 0.0000882 seconds, Stopping threads took: 0.0000173 seconds
2016-10-24T11:28:33.927+0800: 4333.837: Total time for which application threads were stopped: 0.0001153 seconds, Stopping threads took: 0.0000284 seconds
2016-10-24T11:28:34.929+0800: 4334.839: Total time for which application threads were stopped: 0.0001397 seconds, Stopping threads took: 0.0000336 seconds
2016-10-24T11:29:02.993+0800: 4362.904: Total time for which application threads were stopped: 0.0001140 seconds, Stopping threads took: 0.0000222 seconds
2016-10-24T11:29:03.998+0800: 4363.909: Total time for which application threads were stopped: 0.0002279 seconds, Stopping threads took: 0.0000576 seconds
2016-10-24T11:29:06.150+0800: 4366.062: Total time for which application threads were stopped: 0.0001652 seconds, Stopping threads took: 0.0000447 seconds
2016-10-24T11:29:06.151+0800: 4366.062: Total time for which application threads were stopped: 0.0000957 seconds, Stopping threads took: 0.0000129 seconds
2016-10-24T11:29:06.152+0800: 4366.064: Total time for which application threads were stopped: 0.0000985 seconds, Stopping threads took: 0.0000305 seconds
2016-10-24T11:29:06.153+0800: 4366.064: Total time for which application threads were stopped: 0.0000874 seconds, Stopping threads took: 0.0000275 seconds
2016-10-24T11:29:06.164+0800: 4366.075: Total time for which application threads were stopped: 0.0000668 seconds, Stopping threads took: 0.0000194 seconds
2016-10-24T11:29:06.164+0800: 4366.075: Total time for which application threads were stopped: 0.0000647 seconds, Stopping threads took: 0.0000075 seconds
2016-10-24T11:29:06.171+0800: 4366.082: Total time for which application threads were stopped: 0.0003833 seconds, Stopping threads took: 0.0000098 seconds
2016-10-24T11:29:06.172+0800: 4366.083: Total time for which application threads were stopped: 0.0002486 seconds, Stopping threads took: 0.0000092 seconds
2016-10-24T11:29:06.173+0800: 4366.084: Total time for which application threads were stopped: 0.0002005 seconds, Stopping threads took: 0.0000069 seconds
2016-10-24T11:29:06.178+0800: 4366.089: Total time for which application threads were stopped: 0.0001907 seconds, Stopping threads took: 0.0000693 seconds
2016-10-24T11:29:06.181+0800: 4366.092: Total time for which application threads were stopped: 0.0006309 seconds, Stopping threads took: 0.0000183 seconds
2016-10-24T11:29:06.182+0800: 4366.093: Total time for which application threads were stopped: 0.0003646 seconds, Stopping threads took: 0.0000118 seconds
2016-10-24T11:29:06.185+0800: 4366.096: Total time for which application threads were stopped: 0.0006087 seconds, Stopping threads took: 0.0000710 seconds
2016-10-24T11:29:06.186+0800: 4366.097: Total time for which application threads were stopped: 0.0000581 seconds, Stopping threads took: 0.0000126 seconds
2016-10-24T11:29:06.190+0800: 4366.101: Total time for which application threads were stopped: 0.0002273 seconds, Stopping threads took: 0.0000467 seconds
2016-10-24T11:29:06.192+0800: 4366.103: Total time for which application threads were stopped: 0.0000553 seconds, Stopping threads took: 0.0000131 seconds
2016-10-24T11:29:06.193+0800: 4366.104: Total time for which application threads were stopped: 0.0000415 seconds, Stopping threads took: 0.0000081 seconds
2016-10-24T11:29:06.195+0800: 4366.106: Total time for which application threads were stopped: 0.0000486 seconds, Stopping threads took: 0.0000094 seconds
2016-10-24T11:29:06.196+0800: 4366.107: Total time for which application threads were stopped: 0.0000545 seconds, Stopping threads took: 0.0000166 seconds
2016-10-24T11:29:06.197+0800: 4366.108: Total time for which application threads were stopped: 0.0000468 seconds, Stopping threads took: 0.0000090 seconds
2016-10-24T11:29:06.198+0800: 4366.109: Total time for which application threads were stopped: 0.0000952 seconds, Stopping threads took: 0.0000479 seconds
2016-10-24T11:29:06.200+0800: 4366.111: Total time for which application threads were stopped: 0.0000625 seconds, Stopping threads took: 0.0000211 seconds
2016-10-24T11:29:06.201+0800: 4366.112: Total time for which application threads were stopped: 0.0000437 seconds, Stopping threads took: 0.0000081 seconds
2016-10-24T11:29:06.202+0800: 4366.113: Total time for which application threads were stopped: 0.0000570 seconds, Stopping threads took: 0.0000171 seconds
2016-10-24T11:29:06.203+0800: 4366.114: Total time for which application threads were stopped: 0.0000631 seconds, Stopping threads took: 0.0000204 seconds
2016-10-24T11:29:06.204+0800: 4366.115: Total time for which application threads were stopped: 0.0000509 seconds, Stopping threads took: 0.0000102 seconds
2016-10-24T11:29:06.206+0800: 4366.117: Total time for which application threads were stopped: 0.0000516 seconds, Stopping threads took: 0.0000096 seconds
2016-10-24T11:29:06.207+0800: 4366.118: Total time for which application threads were stopped: 0.0000589 seconds, Stopping threads took: 0.0000218 seconds
2016-10-24T11:29:06.208+0800: 4366.119: Total time for which application threads were stopped: 0.0000466 seconds, Stopping threads took: 0.0000092 seconds
2016-10-24T11:29:06.209+0800: 4366.120: Total time for which application threads were stopped: 0.0000726 seconds, Stopping threads took: 0.0000213 seconds
2016-10-24T11:29:06.211+0800: 4366.122: Total time for which application threads were stopped: 0.0000798 seconds, Stopping threads took: 0.0000337 seconds
2016-10-24T11:29:06.212+0800: 4366.123: Total time for which application threads were stopped: 0.0001353 seconds, Stopping threads took: 0.0000102 seconds
2016-10-24T11:29:06.240+0800: 4366.151: Total time for which application threads were stopped: 0.0001466 seconds, Stopping threads took: 0.0000341 seconds
2016-10-24T11:29:06.493+0800: 4366.404: Total time for which application threads were stopped: 0.0001926 seconds, Stopping threads took: 0.0000214 seconds
{Heap before GC invocations=9 (full 1):
 par new generation   total 109248K, used 103083K [0x00000007a0000000, 0x00000007a8000000, 0x00000007a8000000)
  eden space 87424K, 100% used [0x00000007a0000000, 0x00000007a5560000, 0x00000007a5560000)
  from space 21824K,  71% used [0x00000007a6ab0000, 0x00000007a79fae10, 0x00000007a8000000)
  to   space 21824K,   0% used [0x00000007a5560000, 0x00000007a5560000, 0x00000007a6ab0000)
 concurrent mark-sweep generation total 393216K, used 6008K [0x00000007a8000000, 0x00000007c0000000, 0x00000007c0000000)
 Metaspace       used 38194K, capacity 38968K, committed 39240K, reserved 1083392K
  class space    used 4424K, capacity 4663K, committed 4760K, reserved 1048576K
2016-10-24T11:29:06.655+0800: 4366.566: [GC (Allocation Failure) 2016-10-24T11:29:06.655+0800: 4366.566: [ParNew
Desired survivor size 20112992 bytes, new threshold 8 (max 8)
- age   1:    5389616 bytes,    5389616 total
- age   2:      44208 bytes,    5433824 total
- age   3:     373896 bytes,    5807720 total
- age   4:    1248024 bytes,    7055744 total
- age   5:    4957840 bytes,   12013584 total
- age   6:     800808 bytes,   12814392 total
- age   7:     273400 bytes,   13087792 total
- age   8:        360 bytes,   13088152 total
: 103083K->13953K(109248K), 0.0129427 secs] 109091K->21328K(502464K), 0.0130083 secs] [Times: user=0.05 sys=0.00, real=0.01 secs] 
Heap after GC invocations=10 (full 1):
 par new generation   total 109248K, used 13953K [0x00000007a0000000, 0x00000007a8000000, 0x00000007a8000000)
  eden space 87424K,   0% used [0x00000007a0000000, 0x00000007a0000000, 0x00000007a5560000)
  from space 21824K,  63% used [0x00000007a5560000, 0x00000007a6300608, 0x00000007a6ab0000)
  to   space 21824K,   0% used [0x00000007a6ab0000, 0x00000007a6ab0000, 0x00000007a8000000)
 concurrent mark-sweep generation total 393216K, used 7374K [0x00000007a8000000, 0x00000007c0000000, 0x00000007c0000000)
 Metaspace       used 38194K, capacity 38968K, committed 39240K, reserved 1083392K
  class space    used 4424K, capacity 4663K, committed 4760K, reserved 1048576K
}
2016-10-24T11:29:06.668+0800: 4366.579: Total time for which application threads were stopped: 0.0131837 seconds, Stopping threads took: 0.0000182 seconds
{Heap before GC invocations=10 (full 1):
 par new generation   total 109248K, used 101377K [0x00000007a0000000, 0x00000007a8000000, 0x00000007a8000000)
  eden space 87424K, 100% used [0x00000007a0000000, 0x00000007a5560000, 0x00000007a5560000)
  from space 21824K,  63% used [0x00000007a5560000, 0x00000007a6300608, 0x00000007a6ab0000)
  to   space 21824K,   0% used [0x00000007a6ab0000, 0x00000007a6ab0000, 0x00000007a8000000)
 concurrent mark-sweep generation total 393216K, used 7374K [0x00000007a8000000, 0x00000007c0000000, 0x00000007c0000000)
 Metaspace       used 38201K, capacity 38968K, committed 39240K, reserved 1083392K
  class space    used 4425K, capacity 4663K, committed 4760K, reserved 1048576K
2016-10-24T11:29:07.018+0800: 4366.930: [GC (Allocation Failure) 2016-10-24T11:29:07.018+0800: 4366.930: [ParNew
Desired survivor size 20112992 bytes, new threshold 8 (max 8)
- age   1:    6512856 bytes,    6512856 total
- age   2:    3922280 bytes,   10435136 total
- age   3:      44208 bytes,   10479344 total
- age   4:     373896 bytes,   10853240 total
- age   5:    1236112 bytes,   12089352 total
- age   6:    7062136 bytes,   19151488 total
- age   7:     800864 bytes,   19952352 total
- age   8:     273424 bytes,   20225776 total
: 101377K->21824K(109248K), 0.0148375 secs] 108752K->29363K(502464K), 0.0148971 secs] [Times: user=0.08 sys=0.01, real=0.02 secs] 
Heap after GC invocations=11 (full 1):
 par new generation   total 109248K, used 21824K [0x00000007a0000000, 0x00000007a8000000, 0x00000007a8000000)
  eden space 87424K,   0% used [0x00000007a0000000, 0x00000007a0000000, 0x00000007a5560000)
  from space 21824K, 100% used [0x00000007a6ab0000, 0x00000007a8000000, 0x00000007a8000000)
  to   space 21824K,   0% used [0x00000007a5560000, 0x00000007a5560000, 0x00000007a6ab0000)
 concurrent mark-sweep generation total 393216K, used 7539K [0x00000007a8000000, 0x00000007c0000000, 0x00000007c0000000)
 Metaspace       used 38201K, capacity 38968K, committed 39240K, reserved 1083392K
  class space    used 4425K, capacity 4663K, committed 4760K, reserved 1048576K
}
2016-10-24T11:29:07.033+0800: 4366.945: Total time for which application threads were stopped: 0.0151094 seconds, Stopping threads took: 0.0000215 seconds
{Heap before GC invocations=11 (full 1):
 par new generation   total 109248K, used 109248K [0x00000007a0000000, 0x00000007a8000000, 0x00000007a8000000)
  eden space 87424K, 100% used [0x00000007a0000000, 0x00000007a5560000, 0x00000007a5560000)
  from space 21824K, 100% used [0x00000007a6ab0000, 0x00000007a8000000, 0x00000007a8000000)
  to   space 21824K,   0% used [0x00000007a5560000, 0x00000007a5560000, 0x00000007a6ab0000)
 concurrent mark-sweep generation total 393216K, used 7539K [0x00000007a8000000, 0x00000007c0000000, 0x00000007c0000000)
 Metaspace       used 38206K, capacity 39032K, committed 39240K, reserved 1083392K
  class space    used 4425K, capacity 4663K, committed 4760K, reserved 1048576K
2016-10-24T11:29:07.377+0800: 4367.288: [GC (Allocation Failure) 2016-10-24T11:29:07.377+0800: 4367.288: [ParNew
Desired survivor size 20112992 bytes, new threshold 7 (max 8)
- age   1:    5696320 bytes,    5696320 total
- age   2:    4497576 bytes,   10193896 total
- age   3:    3702696 bytes,   13896592 total
- age   4:      44208 bytes,   13940800 total
- age   5:     373896 bytes,   14314696 total
- age   6:    1236112 bytes,   15550808 total
- age   7:    6663280 bytes,   22214088 total
- age   8:     800704 bytes,   23014792 total
: 109248K->21824K(109248K), 0.0173925 secs] 116787K->31444K(502464K), 0.0174485 secs] [Times: user=0.07 sys=0.01, real=0.02 secs] 
Heap after GC invocations=12 (full 1):
 par new generation   total 109248K, used 21824K [0x00000007a0000000, 0x00000007a8000000, 0x00000007a8000000)
  eden space 87424K,   0% used [0x00000007a0000000, 0x00000007a0000000, 0x00000007a5560000)
  from space 21824K, 100% used [0x00000007a5560000, 0x00000007a6ab0000, 0x00000007a6ab0000)
  to   space 21824K,   0% used [0x00000007a6ab0000, 0x00000007a6ab0000, 0x00000007a8000000)
 concurrent mark-sweep generation total 393216K, used 9620K [0x00000007a8000000, 0x00000007c0000000, 0x00000007c0000000)
 Metaspace       used 38206K, capacity 39032K, committed 39240K, reserved 1083392K
  class space    used 4425K, capacity 4663K, committed 4760K, reserved 1048576K
}
2016-10-24T11:29:07.394+0800: 4367.305: Total time for which application threads were stopped: 0.0176239 seconds, Stopping threads took: 0.0000320 seconds
{Heap before GC invocations=12 (full 1):
 par new generation   total 109248K, used 109248K [0x00000007a0000000, 0x00000007a8000000, 0x00000007a8000000)
  eden space 87424K, 100% used [0x00000007a0000000, 0x00000007a5560000, 0x00000007a5560000)
  from space 21824K, 100% used [0x00000007a5560000, 0x00000007a6ab0000, 0x00000007a6ab0000)
  to   space 21824K,   0% used [0x00000007a6ab0000, 0x00000007a6ab0000, 0x00000007a8000000)
 concurrent mark-sweep generation total 393216K, used 9620K [0x00000007a8000000, 0x00000007c0000000, 0x00000007c0000000)
 Metaspace       used 38207K, capacity 39032K, committed 39240K, reserved 1083392K
  class space    used 4425K, capacity 4663K, committed 4760K, reserved 1048576K
2016-10-24T11:29:07.734+0800: 4367.645: [GC (Allocation Failure) 2016-10-24T11:29:07.734+0800: 4367.645: [ParNew
Desired survivor size 20112992 bytes, new threshold 8 (max 8)
- age   1:    5861784 bytes,    5861784 total
- age   2:    3592528 bytes,    9454312 total
- age   3:    3763984 bytes,   13218296 total
- age   4:    3105328 bytes,   16323624 total
- age   5:      44208 bytes,   16367832 total
- age   6:     373896 bytes,   16741728 total
- age   7:    1236112 bytes,   17977840 total
: 109248K->21824K(109248K), 0.0210026 secs] 118868K->40168K(502464K), 0.0210604 secs] [Times: user=0.08 sys=0.01, real=0.02 secs] 
Heap after GC invocations=13 (full 1):
 par new generation   total 109248K, used 21824K [0x00000007a0000000, 0x00000007a8000000, 0x00000007a8000000)
  eden space 87424K,   0% used [0x00000007a0000000, 0x00000007a0000000, 0x00000007a5560000)
  from space 21824K, 100% used [0x00000007a6ab0000, 0x00000007a8000000, 0x00000007a8000000)
  to   space 21824K,   0% used [0x00000007a5560000, 0x00000007a5560000, 0x00000007a6ab0000)
 concurrent mark-sweep generation total 393216K, used 18344K [0x00000007a8000000, 0x00000007c0000000, 0x00000007c0000000)
 Metaspace       used 38207K, capacity 39032K, committed 39240K, reserved 1083392K
  class space    used 4425K, capacity 4663K, committed 4760K, reserved 1048576K
}
2016-10-24T11:29:07.755+0800: 4367.666: Total time for which application threads were stopped: 0.0212301 seconds, Stopping threads took: 0.0000181 seconds
{Heap before GC invocations=13 (full 1):
 par new generation   total 109248K, used 109248K [0x00000007a0000000, 0x00000007a8000000, 0x00000007a8000000)
  eden space 87424K, 100% used [0x00000007a0000000, 0x00000007a5560000, 0x00000007a5560000)
  from space 21824K, 100% used [0x00000007a6ab0000, 0x00000007a8000000, 0x00000007a8000000)
  to   space 21824K,   0% used [0x00000007a5560000, 0x00000007a5560000, 0x00000007a6ab0000)
 concurrent mark-sweep generation total 393216K, used 18344K [0x00000007a8000000, 0x00000007c0000000, 0x00000007c0000000)
 Metaspace       used 38214K, capacity 39032K, committed 39240K, reserved 1083392K
  class space    used 4425K, capacity 4663K, committed 4760K, reserved 1048576K
2016-10-24T11:29:08.062+0800: 4367.973: [GC (Allocation Failure) 2016-10-24T11:29:08.062+0800: 4367.973: [ParNew
Desired survivor size 20112992 bytes, new threshold 8 (max 8)
- age   1:    6055024 bytes,    6055024 total
- age   2:    3473480 bytes,    9528504 total
- age   3:    2835192 bytes,   12363696 total
- age   4:    3353416 bytes,   15717112 total
- age   5:    2661936 bytes,   18379048 total
- age   6:      40824 bytes,   18419872 total
- age   7:     205688 bytes,   18625560 total
- age   8:    1204688 bytes,   19830248 total
: 109248K->21824K(109248K), 0.0158938 secs] 127592K->43926K(502464K), 0.0159525 secs] [Times: user=0.05 sys=0.00, real=0.01 secs] 
Heap after GC invocations=14 (full 1):
 par new generation   total 109248K, used 21824K [0x00000007a0000000, 0x00000007a8000000, 0x00000007a8000000)
  eden space 87424K,   0% used [0x00000007a0000000, 0x00000007a0000000, 0x00000007a5560000)
  from space 21824K, 100% used [0x00000007a5560000, 0x00000007a6ab0000, 0x00000007a6ab0000)
  to   space 21824K,   0% used [0x00000007a6ab0000, 0x00000007a6ab0000, 0x00000007a8000000)
 concurrent mark-sweep generation total 393216K, used 22102K [0x00000007a8000000, 0x00000007c0000000, 0x00000007c0000000)
 Metaspace       used 38214K, capacity 39032K, committed 39240K, reserved 1083392K
  class space    used 4425K, capacity 4663K, committed 4760K, reserved 1048576K
}
2016-10-24T11:29:08.078+0800: 4367.989: Total time for which application threads were stopped: 0.0161448 seconds, Stopping threads took: 0.0000309 seconds
{Heap before GC invocations=14 (full 1):
 par new generation   total 109248K, used 109248K [0x00000007a0000000, 0x00000007a8000000, 0x00000007a8000000)
  eden space 87424K, 100% used [0x00000007a0000000, 0x00000007a5560000, 0x00000007a5560000)
  from space 21824K, 100% used [0x00000007a5560000, 0x00000007a6ab0000, 0x00000007a6ab0000)
  to   space 21824K,   0% used [0x00000007a6ab0000, 0x00000007a6ab0000, 0x00000007a8000000)
 concurrent mark-sweep generation total 393216K, used 22102K [0x00000007a8000000, 0x00000007c0000000, 0x00000007c0000000)
 Metaspace       used 38215K, capacity 39032K, committed 39240K, reserved 1083392K
  class space    used 4425K, capacity 4663K, committed 4760K, reserved 1048576K
2016-10-24T11:29:08.396+0800: 4368.307: [GC (Allocation Failure) 2016-10-24T11:29:08.396+0800: 4368.307: [ParNew
Desired survivor size 20112992 bytes, new threshold 8 (max 8)
- age   1:    6024920 bytes,    6024920 total
- age   2:    2985832 bytes,    9010752 total
- age   3:    2754448 bytes,   11765200 total
- age   4:    2470384 bytes,   14235584 total
- age   5:    3050776 bytes,   17286360 total
- age   6:    2347280 bytes,   19633640 total
- age   7:      27880 bytes,   19661520 total
- age   8:     157040 bytes,   19818560 total
: 109248K->21824K(109248K), 0.0191643 secs] 131350K->49342K(502464K), 0.0192332 secs] [Times: user=0.07 sys=0.01, real=0.02 secs] 
Heap after GC invocations=15 (full 1):
 par new generation   total 109248K, used 21824K [0x00000007a0000000, 0x00000007a8000000, 0x00000007a8000000)
  eden space 87424K,   0% used [0x00000007a0000000, 0x00000007a0000000, 0x00000007a5560000)
  from space 21824K, 100% used [0x00000007a6ab0000, 0x00000007a8000000, 0x00000007a8000000)
  to   space 21824K,   0% used [0x00000007a5560000, 0x00000007a5560000, 0x00000007a6ab0000)
 concurrent mark-sweep generation total 393216K, used 27518K [0x00000007a8000000, 0x00000007c0000000, 0x00000007c0000000)
 Metaspace       used 38215K, capacity 39032K, committed 39240K, reserved 1083392K
  class space    used 4425K, capacity 4663K, committed 4760K, reserved 1048576K
}
2016-10-24T11:29:08.415+0800: 4368.327: Total time for which application threads were stopped: 0.0194556 seconds, Stopping threads took: 0.0000389 seconds
{Heap before GC invocations=15 (full 1):
 par new generation   total 109248K, used 109248K [0x00000007a0000000, 0x00000007a8000000, 0x00000007a8000000)
  eden space 87424K, 100% used [0x00000007a0000000, 0x00000007a5560000, 0x00000007a5560000)
  from space 21824K, 100% used [0x00000007a6ab0000, 0x00000007a8000000, 0x00000007a8000000)
  to   space 21824K,   0% used [0x00000007a5560000, 0x00000007a5560000, 0x00000007a6ab0000)
 concurrent mark-sweep generation total 393216K, used 27518K [0x00000007a8000000, 0x00000007c0000000, 0x00000007c0000000)
 Metaspace       used 38217K, capacity 39032K, committed 39240K, reserved 1083392K
  class space    used 4425K, capacity 4663K, committed 4760K, reserved 1048576K
2016-10-24T11:29:08.714+0800: 4368.625: [GC (Allocation Failure) 2016-10-24T11:29:08.714+0800: 4368.625: [ParNew
Desired survivor size 20112992 bytes, new threshold 7 (max 8)
- age   1:    6602072 bytes,    6602072 total
- age   2:    2625064 bytes,    9227136 total
- age   3:    2243568 bytes,   11470704 total
- age   4:    2117760 bytes,   13588464 total
- age   5:    2159360 bytes,   15747824 total
- age   6:    2682808 bytes,   18430632 total
- age   7:    1983344 bytes,   20413976 total
- age   8:      27408 bytes,   20441384 total
: 109248K->21824K(109248K), 0.0155679 secs] 136766K->54079K(502464K), 0.0156594 secs] [Times: user=0.05 sys=0.00, real=0.02 secs] 
Heap after GC invocations=16 (full 1):
 par new generation   total 109248K, used 21824K [0x00000007a0000000, 0x00000007a8000000, 0x00000007a8000000)
  eden space 87424K,   0% used [0x00000007a0000000, 0x00000007a0000000, 0x00000007a5560000)
  from space 21824K, 100% used [0x00000007a5560000, 0x00000007a6ab0000, 0x00000007a6ab0000)
  to   space 21824K,   0% used [0x00000007a6ab0000, 0x00000007a6ab0000, 0x00000007a8000000)
 concurrent mark-sweep generation total 393216K, used 32255K [0x00000007a8000000, 0x00000007c0000000, 0x00000007c0000000)
 Metaspace       used 38217K, capacity 39032K, committed 39240K, reserved 1083392K
  class space    used 4425K, capacity 4663K, committed 4760K, reserved 1048576K
}
2016-10-24T11:29:08.730+0800: 4368.641: Total time for which application threads were stopped: 0.0158374 seconds, Stopping threads took: 0.0000304 seconds
{Heap before GC invocations=16 (full 1):
 par new generation   total 109248K, used 109248K [0x00000007a0000000, 0x00000007a8000000, 0x00000007a8000000)
  eden space 87424K, 100% used [0x00000007a0000000, 0x00000007a5560000, 0x00000007a5560000)
  from space 21824K, 100% used [0x00000007a5560000, 0x00000007a6ab0000, 0x00000007a6ab0000)
  to   space 21824K,   0% used [0x00000007a6ab0000, 0x00000007a6ab0000, 0x00000007a8000000)
 concurrent mark-sweep generation total 393216K, used 32255K [0x00000007a8000000, 0x00000007c0000000, 0x00000007c0000000)
 Metaspace       used 38217K, capacity 39032K, committed 39240K, reserved 1083392K
  class space    used 4425K, capacity 4663K, committed 4760K, reserved 1048576K
2016-10-24T11:29:09.040+0800: 4368.952: [GC (Allocation Failure) 2016-10-24T11:29:09.040+0800: 4368.952: [ParNew
Desired survivor size 20112992 bytes, new threshold 8 (max 8)
- age   1:    6367744 bytes,    6367744 total
- age   2:    1808624 bytes,    8176368 total
- age   3:    1996440 bytes,   10172808 total
- age   4:    2029376 bytes,   12202184 total
- age   5:    1949480 bytes,   14151664 total
- age   6:    2014624 bytes,   16166288 total
- age   7:    2525728 bytes,   18692016 total
: 109248K->21824K(109248K), 0.0156374 secs] 141503K->61835K(502464K), 0.0157023 secs] [Times: user=0.04 sys=0.00, real=0.01 secs] 
Heap after GC invocations=17 (full 1):
 par new generation   total 109248K, used 21824K [0x00000007a0000000, 0x00000007a8000000, 0x00000007a8000000)
  eden space 87424K,   0% used [0x00000007a0000000, 0x00000007a0000000, 0x00000007a5560000)
  from space 21824K, 100% used [0x00000007a6ab0000, 0x00000007a8000000, 0x00000007a8000000)
  to   space 21824K,   0% used [0x00000007a5560000, 0x00000007a5560000, 0x00000007a6ab0000)
 concurrent mark-sweep generation total 393216K, used 40011K [0x00000007a8000000, 0x00000007c0000000, 0x00000007c0000000)
 Metaspace       used 38217K, capacity 39032K, committed 39240K, reserved 1083392K
  class space    used 4425K, capacity 4663K, committed 4760K, reserved 1048576K
}
2016-10-24T11:29:09.056+0800: 4368.967: Total time for which application threads were stopped: 0.0158860 seconds, Stopping threads took: 0.0000288 seconds
{Heap before GC invocations=17 (full 1):
 par new generation   total 109248K, used 109248K [0x00000007a0000000, 0x00000007a8000000, 0x00000007a8000000)
  eden space 87424K, 100% used [0x00000007a0000000, 0x00000007a5560000, 0x00000007a5560000)
  from space 21824K, 100% used [0x00000007a6ab0000, 0x00000007a8000000, 0x00000007a8000000)
  to   space 21824K,   0% used [0x00000007a5560000, 0x00000007a5560000, 0x00000007a6ab0000)
 concurrent mark-sweep generation total 393216K, used 40011K [0x00000007a8000000, 0x00000007c0000000, 0x00000007c0000000)
 Metaspace       used 38218K, capacity 39032K, committed 39240K, reserved 1083392K
  class space    used 4425K, capacity 4663K, committed 4760K, reserved 1048576K
2016-10-24T11:29:09.368+0800: 4369.279: [GC (Allocation Failure) 2016-10-24T11:29:09.368+0800: 4369.279: [ParNew
Desired survivor size 20112992 bytes, new threshold 8 (max 8)
- age   1:    7414192 bytes,    7414192 total
- age   2:    2692528 bytes,   10106720 total
- age   3:    1167992 bytes,   11274712 total
- age   4:    1471592 bytes,   12746304 total
- age   5:    1986024 bytes,   14732328 total
- age   6:    1917136 bytes,   16649464 total
- age   7:    1983008 bytes,   18632472 total
- age   8:    2039560 bytes,   20672032 total
: 109248K->21824K(109248K), 0.0129579 secs] 149259K->65350K(502464K), 0.0130349 secs] [Times: user=0.05 sys=0.01, real=0.02 secs] 
Heap after GC invocations=18 (full 1):
 par new generation   total 109248K, used 21824K [0x00000007a0000000, 0x00000007a8000000, 0x00000007a8000000)
  eden space 87424K,   0% used [0x00000007a0000000, 0x00000007a0000000, 0x00000007a5560000)
  from space 21824K, 100% used [0x00000007a5560000, 0x00000007a6ab0000, 0x00000007a6ab0000)
  to   space 21824K,   0% used [0x00000007a6ab0000, 0x00000007a6ab0000, 0x00000007a8000000)
 concurrent mark-sweep generation total 393216K, used 43526K [0x00000007a8000000, 0x00000007c0000000, 0x00000007c0000000)
 Metaspace       used 38218K, capacity 39032K, committed 39240K, reserved 1083392K
  class space    used 4425K, capacity 4663K, committed 4760K, reserved 1048576K
}
2016-10-24T11:29:09.381+0800: 4369.292: Total time for which application threads were stopped: 0.0132051 seconds, Stopping threads took: 0.0000307 seconds
{Heap before GC invocations=18 (full 1):
 par new generation   total 109248K, used 109248K [0x00000007a0000000, 0x00000007a8000000, 0x00000007a8000000)
  eden space 87424K, 100% used [0x00000007a0000000, 0x00000007a5560000, 0x00000007a5560000)
  from space 21824K, 100% used [0x00000007a5560000, 0x00000007a6ab0000, 0x00000007a6ab0000)
  to   space 21824K,   0% used [0x00000007a6ab0000, 0x00000007a6ab0000, 0x00000007a8000000)
 concurrent mark-sweep generation total 393216K, used 43526K [0x00000007a8000000, 0x00000007c0000000, 0x00000007c0000000)
 Metaspace       used 38226K, capacity 39032K, committed 39240K, reserved 1083392K
  class space    used 4425K, capacity 4663K, committed 4760K, reserved 1048576K
2016-10-24T11:29:09.705+0800: 4369.616: [GC (Allocation Failure) 2016-10-24T11:29:09.705+0800: 4369.616: [ParNew
Desired survivor size 20112992 bytes, new threshold 8 (max 8)
- age   1:    6227696 bytes,    6227696 total
- age   2:    4286064 bytes,   10513760 total
- age   3:    2145960 bytes,   12659720 total
- age   4:    1133512 bytes,   13793232 total
- age   5:    1332120 bytes,   15125352 total
- age   6:    1946992 bytes,   17072344 total
- age   7:    1618072 bytes,   18690416 total
- age   8:    1848392 bytes,   20538808 total
: 109248K->21824K(109248K), 0.0138007 secs] 152774K->69728K(502464K), 0.0138833 secs] [Times: user=0.06 sys=0.00, real=0.01 secs] 
Heap after GC invocations=19 (full 1):
 par new generation   total 109248K, used 21824K [0x00000007a0000000, 0x00000007a8000000, 0x00000007a8000000)
  eden space 87424K,   0% used [0x00000007a0000000, 0x00000007a0000000, 0x00000007a5560000)
  from space 21824K, 100% used [0x00000007a6ab0000, 0x00000007a8000000, 0x00000007a8000000)
  to   space 21824K,   0% used [0x00000007a5560000, 0x00000007a5560000, 0x00000007a6ab0000)
 concurrent mark-sweep generation total 393216K, used 47904K [0x00000007a8000000, 0x00000007c0000000, 0x00000007c0000000)
 Metaspace       used 38226K, capacity 39032K, committed 39240K, reserved 1083392K
  class space    used 4425K, capacity 4663K, committed 4760K, reserved 1048576K
}
2016-10-24T11:29:09.719+0800: 4369.630: Total time for which application threads were stopped: 0.0140729 seconds, Stopping threads took: 0.0000343 seconds
{Heap before GC invocations=19 (full 1):
 par new generation   total 109248K, used 109248K [0x00000007a0000000, 0x00000007a8000000, 0x00000007a8000000)
  eden space 87424K, 100% used [0x00000007a0000000, 0x00000007a5560000, 0x00000007a5560000)
  from space 21824K, 100% used [0x00000007a6ab0000, 0x00000007a8000000, 0x00000007a8000000)
  to   space 21824K,   0% used [0x00000007a5560000, 0x00000007a5560000, 0x00000007a6ab0000)
 concurrent mark-sweep generation total 393216K, used 47904K [0x00000007a8000000, 0x00000007c0000000, 0x00000007c0000000)
 Metaspace       used 38226K, capacity 39032K, committed 39240K, reserved 1083392K
  class space    used 4425K, capacity 4663K, committed 4760K, reserved 1048576K
2016-10-24T11:29:10.015+0800: 4369.926: [GC (Allocation Failure) 2016-10-24T11:29:10.015+0800: 4369.926: [ParNew
Desired survivor size 20112992 bytes, new threshold 7 (max 8)
- age   1:   10590456 bytes,   10590456 total
- age   2:    1871584 bytes,   12462040 total
- age   3:    2532304 bytes,   14994344 total
- age   4:    2120488 bytes,   17114832 total
- age   5:    1119016 bytes,   18233848 total
- age   6:     534656 bytes,   18768504 total
- age   7:    1411536 bytes,   20180040 total
- age   8:    1611048 bytes,   21791088 total
: 109248K->21824K(109248K), 0.0152630 secs] 157152K->74866K(502464K), 0.0153302 secs] [Times: user=0.05 sys=0.01, real=0.02 secs] 
Heap after GC invocations=20 (full 1):
 par new generation   total 109248K, used 21824K [0x00000007a0000000, 0x00000007a8000000, 0x00000007a8000000)
  eden space 87424K,   0% used [0x00000007a0000000, 0x00000007a0000000, 0x00000007a5560000)
  from space 21824K, 100% used [0x00000007a5560000, 0x00000007a6ab0000, 0x00000007a6ab0000)
  to   space 21824K,   0% used [0x00000007a6ab0000, 0x00000007a6ab0000, 0x00000007a8000000)
 concurrent mark-sweep generation total 393216K, used 53042K [0x00000007a8000000, 0x00000007c0000000, 0x00000007c0000000)
 Metaspace       used 38226K, capacity 39032K, committed 39240K, reserved 1083392K
  class space    used 4425K, capacity 4663K, committed 4760K, reserved 1048576K
}
2016-10-24T11:29:10.030+0800: 4369.941: Total time for which application threads were stopped: 0.0155156 seconds, Stopping threads took: 0.0000312 seconds
{Heap before GC invocations=20 (full 1):
 par new generation   total 109248K, used 109248K [0x00000007a0000000, 0x00000007a8000000, 0x00000007a8000000)
  eden space 87424K, 100% used [0x00000007a0000000, 0x00000007a5560000, 0x00000007a5560000)
  from space 21824K, 100% used [0x00000007a5560000, 0x00000007a6ab0000, 0x00000007a6ab0000)
  to   space 21824K,   0% used [0x00000007a6ab0000, 0x00000007a6ab0000, 0x00000007a8000000)
 concurrent mark-sweep generation total 393216K, used 53042K [0x00000007a8000000, 0x00000007c0000000, 0x00000007c0000000)
 Metaspace       used 38226K, capacity 39032K, committed 39240K, reserved 1083392K
  class space    used 4425K, capacity 4663K, committed 4760K, reserved 1048576K
2016-10-24T11:29:10.309+0800: 4370.220: [GC (Allocation Failure) 2016-10-24T11:29:10.309+0800: 4370.220: [ParNew
Desired survivor size 20112992 bytes, new threshold 5 (max 8)
- age   1:    8035080 bytes,    8035080 total
- age   2:    6491768 bytes,   14526848 total
- age   3:    1576560 bytes,   16103408 total
- age   4:    2250376 bytes,   18353784 total
- age   5:    2007648 bytes,   20361432 total
- age   6:    1090160 bytes,   21451592 total
- age   7:     512176 bytes,   21963768 total
: 109248K->21824K(109248K), 0.0178906 secs] 162290K->79477K(502464K), 0.0179604 secs] [Times: user=0.06 sys=0.00, real=0.02 secs] 
Heap after GC invocations=21 (full 1):
 par new generation   total 109248K, used 21824K [0x00000007a0000000, 0x00000007a8000000, 0x00000007a8000000)
  eden space 87424K,   0% used [0x00000007a0000000, 0x00000007a0000000, 0x00000007a5560000)
  from space 21824K, 100% used [0x00000007a6ab0000, 0x00000007a8000000, 0x00000007a8000000)
  to   space 21824K,   0% used [0x00000007a5560000, 0x00000007a5560000, 0x00000007a6ab0000)
 concurrent mark-sweep generation total 393216K, used 57653K [0x00000007a8000000, 0x00000007c0000000, 0x00000007c0000000)
 Metaspace       used 38226K, capacity 39032K, committed 39240K, reserved 1083392K
  class space    used 4425K, capacity 4663K, committed 4760K, reserved 1048576K
}
2016-10-24T11:29:10.327+0800: 4370.238: Total time for which application threads were stopped: 0.0181544 seconds, Stopping threads took: 0.0000211 seconds
{Heap before GC invocations=21 (full 1):
 par new generation   total 109248K, used 109248K [0x00000007a0000000, 0x00000007a8000000, 0x00000007a8000000)
  eden space 87424K, 100% used [0x00000007a0000000, 0x00000007a5560000, 0x00000007a5560000)
  from space 21824K, 100% used [0x00000007a6ab0000, 0x00000007a8000000, 0x00000007a8000000)
  to   space 21824K,   0% used [0x00000007a5560000, 0x00000007a5560000, 0x00000007a6ab0000)
 concurrent mark-sweep generation total 393216K, used 57653K [0x00000007a8000000, 0x00000007c0000000, 0x00000007c0000000)
 Metaspace       used 38226K, capacity 39032K, committed 39240K, reserved 1083392K
  class space    used 4425K, capacity 4663K, committed 4760K, reserved 1048576K
2016-10-24T11:29:10.595+0800: 4370.507: [GC (Allocation Failure) 2016-10-24T11:29:10.595+0800: 4370.507: [ParNew
Desired survivor size 20112992 bytes, new threshold 8 (max 8)
- age   1:    6456296 bytes,    6456296 total
- age   2:    3068256 bytes,    9524552 total
- age   3:    6262176 bytes,   15786728 total
- age   4:    1536088 bytes,   17322816 total
- age   5:    2215696 bytes,   19538512 total
: 109248K->21824K(109248K), 0.0177566 secs] 166901K->86562K(502464K), 0.0178219 secs] [Times: user=0.06 sys=0.00, real=0.02 secs] 
Heap after GC invocations=22 (full 1):
 par new generation   total 109248K, used 21824K [0x00000007a0000000, 0x00000007a8000000, 0x00000007a8000000)
  eden space 87424K,   0% used [0x00000007a0000000, 0x00000007a0000000, 0x00000007a5560000)
  from space 21824K, 100% used [0x00000007a5560000, 0x00000007a6ab0000, 0x00000007a6ab0000)
  to   space 21824K,   0% used [0x00000007a6ab0000, 0x00000007a6ab0000, 0x00000007a8000000)
 concurrent mark-sweep generation total 393216K, used 64738K [0x00000007a8000000, 0x00000007c0000000, 0x00000007c0000000)
 Metaspace       used 38226K, capacity 39032K, committed 39240K, reserved 1083392K
  class space    used 4425K, capacity 4663K, committed 4760K, reserved 1048576K
}
2016-10-24T11:29:10.613+0800: 4370.525: Total time for which application threads were stopped: 0.0180130 seconds, Stopping threads took: 0.0000318 seconds
{Heap before GC invocations=22 (full 1):
 par new generation   total 109248K, used 108843K [0x00000007a0000000, 0x00000007a8000000, 0x00000007a8000000)
  eden space 87424K,  99% used [0x00000007a0000000, 0x00000007a54faec0, 0x00000007a5560000)
  from space 21824K, 100% used [0x00000007a5560000, 0x00000007a6ab0000, 0x00000007a6ab0000)
  to   space 21824K,   0% used [0x00000007a6ab0000, 0x00000007a6ab0000, 0x00000007a8000000)
 concurrent mark-sweep generation total 393216K, used 64738K [0x00000007a8000000, 0x00000007c0000000, 0x00000007c0000000)
 Metaspace       used 38229K, capacity 39032K, committed 39240K, reserved 1083392K
  class space    used 4425K, capacity 4663K, committed 4760K, reserved 1048576K
2016-10-24T11:29:10.903+0800: 4370.814: [GC (Allocation Failure) 2016-10-24T11:29:10.903+0800: 4370.814: [ParNew
Desired survivor size 20112992 bytes, new threshold 6 (max 8)
- age   1:    6560816 bytes,    6560816 total
- age   2:    3099488 bytes,    9660304 total
- age   3:    2421824 bytes,   12082128 total
- age   4:    5947696 bytes,   18029824 total
- age   5:    1265456 bytes,   19295280 total
- age   6:    1956056 bytes,   21251336 total
: 108843K->21824K(109248K), 0.0217414 secs] 173582K->92557K(502464K), 0.0218319 secs] [Times: user=0.07 sys=0.00, real=0.02 secs] 
Heap after GC invocations=23 (full 1):
 par new generation   total 109248K, used 21824K [0x00000007a0000000, 0x00000007a8000000, 0x00000007a8000000)
  eden space 87424K,   0% used [0x00000007a0000000, 0x00000007a0000000, 0x00000007a5560000)
  from space 21824K, 100% used [0x00000007a6ab0000, 0x00000007a8000000, 0x00000007a8000000)
  to   space 21824K,   0% used [0x00000007a5560000, 0x00000007a5560000, 0x00000007a6ab0000)
 concurrent mark-sweep generation total 393216K, used 70733K [0x00000007a8000000, 0x00000007c0000000, 0x00000007c0000000)
 Metaspace       used 38229K, capacity 39032K, committed 39240K, reserved 1083392K
  class space    used 4425K, capacity 4663K, committed 4760K, reserved 1048576K
}
2016-10-24T11:29:10.925+0800: 4370.836: Total time for which application threads were stopped: 0.0220604 seconds, Stopping threads took: 0.0000231 seconds
{Heap before GC invocations=23 (full 1):
 par new generation   total 109248K, used 109248K [0x00000007a0000000, 0x00000007a8000000, 0x00000007a8000000)
  eden space 87424K, 100% used [0x00000007a0000000, 0x00000007a5560000, 0x00000007a5560000)
  from space 21824K, 100% used [0x00000007a6ab0000, 0x00000007a8000000, 0x00000007a8000000)
  to   space 21824K,   0% used [0x00000007a5560000, 0x00000007a5560000, 0x00000007a6ab0000)
 concurrent mark-sweep generation total 393216K, used 70733K [0x00000007a8000000, 0x00000007c0000000, 0x00000007c0000000)
 Metaspace       used 38229K, capacity 39032K, committed 39240K, reserved 1083392K
  class space    used 4425K, capacity 4663K, committed 4760K, reserved 1048576K
2016-10-24T11:29:11.213+0800: 4371.124: [GC (Allocation Failure) 2016-10-24T11:29:11.213+0800: 4371.124: [ParNew
Desired survivor size 20112992 bytes, new threshold 5 (max 8)
- age   1:    9685216 bytes,    9685216 total
- age   2:    2235240 bytes,   11920456 total
- age   3:    1526048 bytes,   13446504 total
- age   4:    2079912 bytes,   15526416 total
- age   5:    5672312 bytes,   21198728 total
- age   6:    1062488 bytes,   22261216 total
: 109248K->21824K(109248K), 0.0304682 secs] 179981K->99274K(502464K), 0.0305231 secs] [Times: user=0.10 sys=0.01, real=0.03 secs] 
Heap after GC invocations=24 (full 1):
 par new generation   total 109248K, used 21824K [0x00000007a0000000, 0x00000007a8000000, 0x00000007a8000000)
  eden space 87424K,   0% used [0x00000007a0000000, 0x00000007a0000000, 0x00000007a5560000)
  from space 21824K, 100% used [0x00000007a5560000, 0x00000007a6ab0000, 0x00000007a6ab0000)
  to   space 21824K,   0% used [0x00000007a6ab0000, 0x00000007a6ab0000, 0x00000007a8000000)
 concurrent mark-sweep generation total 393216K, used 77450K [0x00000007a8000000, 0x00000007c0000000, 0x00000007c0000000)
 Metaspace       used 38229K, capacity 39032K, committed 39240K, reserved 1083392K
  class space    used 4425K, capacity 4663K, committed 4760K, reserved 1048576K
}
2016-10-24T11:29:11.244+0800: 4371.155: Total time for which application threads were stopped: 0.0307289 seconds, Stopping threads took: 0.0000211 seconds
{Heap before GC invocations=24 (full 1):
 par new generation   total 109248K, used 109248K [0x00000007a0000000, 0x00000007a8000000, 0x00000007a8000000)
  eden space 87424K, 100% used [0x00000007a0000000, 0x00000007a5560000, 0x00000007a5560000)
  from space 21824K, 100% used [0x00000007a5560000, 0x00000007a6ab0000, 0x00000007a6ab0000)
  to   space 21824K,   0% used [0x00000007a6ab0000, 0x00000007a6ab0000, 0x00000007a8000000)
 concurrent mark-sweep generation total 393216K, used 77450K [0x00000007a8000000, 0x00000007c0000000, 0x00000007c0000000)
 Metaspace       used 38229K, capacity 39032K, committed 39240K, reserved 1083392K
  class space    used 4425K, capacity 4663K, committed 4760K, reserved 1048576K
2016-10-24T11:29:11.549+0800: 4371.460: [GC (Allocation Failure) 2016-10-24T11:29:11.549+0800: 4371.460: [ParNew
Desired survivor size 20112992 bytes, new threshold 8 (max 8)
- age   1:    5470200 bytes,    5470200 total
- age   2:    8124272 bytes,   13594472 total
- age   3:    2194648 bytes,   15789120 total
- age   4:    1491440 bytes,   17280560 total
- age   5:    2059592 bytes,   19340152 total
: 109248K->21824K(109248K), 0.0240626 secs] 186698K->106556K(502464K), 0.0241270 secs] [Times: user=0.08 sys=0.00, real=0.03 secs] 
Heap after GC invocations=25 (full 1):
 par new generation   total 109248K, used 21824K [0x00000007a0000000, 0x00000007a8000000, 0x00000007a8000000)
  eden space 87424K,   0% used [0x00000007a0000000, 0x00000007a0000000, 0x00000007a5560000)
  from space 21824K, 100% used [0x00000007a6ab0000, 0x00000007a8000000, 0x00000007a8000000)
  to   space 21824K,   0% used [0x00000007a5560000, 0x00000007a5560000, 0x00000007a6ab0000)
 concurrent mark-sweep generation total 393216K, used 84732K [0x00000007a8000000, 0x00000007c0000000, 0x00000007c0000000)
 Metaspace       used 38229K, capacity 39032K, committed 39240K, reserved 1083392K
  class space    used 4425K, capacity 4663K, committed 4760K, reserved 1048576K
}
2016-10-24T11:29:11.573+0800: 4371.485: Total time for which application threads were stopped: 0.0243311 seconds, Stopping threads took: 0.0000226 seconds
{Heap before GC invocations=25 (full 1):
 par new generation   total 109248K, used 109081K [0x00000007a0000000, 0x00000007a8000000, 0x00000007a8000000)
  eden space 87424K,  99% used [0x00000007a0000000, 0x00000007a5536678, 0x00000007a5560000)
  from space 21824K, 100% used [0x00000007a6ab0000, 0x00000007a8000000, 0x00000007a8000000)
  to   space 21824K,   0% used [0x00000007a5560000, 0x00000007a5560000, 0x00000007a6ab0000)
 concurrent mark-sweep generation total 393216K, used 84732K [0x00000007a8000000, 0x00000007c0000000, 0x00000007c0000000)
 Metaspace       used 38229K, capacity 39032K, committed 39240K, reserved 1083392K
  class space    used 4425K, capacity 4663K, committed 4760K, reserved 1048576K
2016-10-24T11:29:11.863+0800: 4371.774: [GC (Allocation Failure) 2016-10-24T11:29:11.863+0800: 4371.774: [ParNew
Desired survivor size 20112992 bytes, new threshold 5 (max 8)
- age   1:    7830904 bytes,    7830904 total
- age   2:    4148656 bytes,   11979560 total
- age   3:    4604680 bytes,   16584240 total
- age   4:    2164064 bytes,   18748304 total
- age   5:    1461752 bytes,   20210056 total
- age   6:    2038184 bytes,   22248240 total
: 109081K->21824K(109248K), 0.0220757 secs] 193813K->110523K(502464K), 0.0221252 secs] [Times: user=0.08 sys=0.00, real=0.02 secs] 
Heap after GC invocations=26 (full 1):
 par new generation   total 109248K, used 21824K [0x00000007a0000000, 0x00000007a8000000, 0x00000007a8000000)
  eden space 87424K,   0% used [0x00000007a0000000, 0x00000007a0000000, 0x00000007a5560000)
  from space 21824K, 100% used [0x00000007a5560000, 0x00000007a6ab0000, 0x00000007a6ab0000)
  to   space 21824K,   0% used [0x00000007a6ab0000, 0x00000007a6ab0000, 0x00000007a8000000)
 concurrent mark-sweep generation total 393216K, used 88699K [0x00000007a8000000, 0x00000007c0000000, 0x00000007c0000000)
 Metaspace       used 38229K, capacity 39032K, committed 39240K, reserved 1083392K
  class space    used 4425K, capacity 4663K, committed 4760K, reserved 1048576K
}
2016-10-24T11:29:11.885+0800: 4371.797: Total time for which application threads were stopped: 0.0222906 seconds, Stopping threads took: 0.0000196 seconds
{Heap before GC invocations=26 (full 1):
 par new generation   total 109248K, used 109248K [0x00000007a0000000, 0x00000007a8000000, 0x00000007a8000000)
  eden space 87424K, 100% used [0x00000007a0000000, 0x00000007a5560000, 0x00000007a5560000)
  from space 21824K, 100% used [0x00000007a5560000, 0x00000007a6ab0000, 0x00000007a6ab0000)
  to   space 21824K,   0% used [0x00000007a6ab0000, 0x00000007a6ab0000, 0x00000007a8000000)
 concurrent mark-sweep generation total 393216K, used 88699K [0x00000007a8000000, 0x00000007c0000000, 0x00000007c0000000)
 Metaspace       used 38229K, capacity 39032K, committed 39240K, reserved 1083392K
  class space    used 4425K, capacity 4663K, committed 4760K, reserved 1048576K
2016-10-24T11:29:12.172+0800: 4372.084: [GC (Allocation Failure) 2016-10-24T11:29:12.173+0800: 4372.084: [ParNew
Desired survivor size 20112992 bytes, new threshold 5 (max 8)
- age   1:    9948304 bytes,    9948304 total
- age   2:    3137152 bytes,   13085456 total
- age   3:    2961336 bytes,   16046792 total
- age   4:    3565280 bytes,   19612072 total
- age   5:    1971680 bytes,   21583752 total
: 109248K->21824K(109248K), 0.0232490 secs] 197947K->121241K(502464K), 0.0233079 secs] [Times: user=0.08 sys=0.01, real=0.02 secs] 
Heap after GC invocations=27 (full 1):
 par new generation   total 109248K, used 21824K [0x00000007a0000000, 0x00000007a8000000, 0x00000007a8000000)
  eden space 87424K,   0% used [0x00000007a0000000, 0x00000007a0000000, 0x00000007a5560000)
  from space 21824K, 100% used [0x00000007a6ab0000, 0x00000007a8000000, 0x00000007a8000000)
  to   space 21824K,   0% used [0x00000007a5560000, 0x00000007a5560000, 0x00000007a6ab0000)
 concurrent mark-sweep generation total 393216K, used 99417K [0x00000007a8000000, 0x00000007c0000000, 0x00000007c0000000)
 Metaspace       used 38229K, capacity 39032K, committed 39240K, reserved 1083392K
  class space    used 4425K, capacity 4663K, committed 4760K, reserved 1048576K
}
2016-10-24T11:29:12.196+0800: 4372.107: Total time for which application threads were stopped: 0.0234808 seconds, Stopping threads took: 0.0000297 seconds
{Heap before GC invocations=27 (full 1):
 par new generation   total 109248K, used 109248K [0x00000007a0000000, 0x00000007a8000000, 0x00000007a8000000)
  eden space 87424K, 100% used [0x00000007a0000000, 0x00000007a5560000, 0x00000007a5560000)
  from space 21824K, 100% used [0x00000007a6ab0000, 0x00000007a8000000, 0x00000007a8000000)
  to   space 21824K,   0% used [0x00000007a5560000, 0x00000007a5560000, 0x00000007a6ab0000)
 concurrent mark-sweep generation total 393216K, used 99417K [0x00000007a8000000, 0x00000007c0000000, 0x00000007c0000000)
 Metaspace       used 38230K, capacity 39032K, committed 39240K, reserved 1083392K
  class space    used 4425K, capacity 4663K, committed 4760K, reserved 1048576K
2016-10-24T11:29:12.495+0800: 4372.406: [GC (Allocation Failure) 2016-10-24T11:29:12.495+0800: 4372.406: [ParNew
Desired survivor size 20112992 bytes, new threshold 5 (max 8)
- age   1:    6090952 bytes,    6090952 total
- age   2:    7159232 bytes,   13250184 total
- age   3:    2540552 bytes,   15790736 total
- age   4:    2801424 bytes,   18592160 total
- age   5:    3229040 bytes,   21821200 total
: 109248K->21824K(109248K), 0.0213640 secs] 208665K->127092K(502464K), 0.0214413 secs] [Times: user=0.07 sys=0.00, real=0.02 secs] 
Heap after GC invocations=28 (full 1):
 par new generation   total 109248K, used 21824K [0x00000007a0000000, 0x00000007a8000000, 0x00000007a8000000)
  eden space 87424K,   0% used [0x00000007a0000000, 0x00000007a0000000, 0x00000007a5560000)
  from space 21824K, 100% used [0x00000007a5560000, 0x00000007a6ab0000, 0x00000007a6ab0000)
  to   space 21824K,   0% used [0x00000007a6ab0000, 0x00000007a6ab0000, 0x00000007a8000000)
 concurrent mark-sweep generation total 393216K, used 105268K [0x00000007a8000000, 0x00000007c0000000, 0x00000007c0000000)
 Metaspace       used 38230K, capacity 39032K, committed 39240K, reserved 1083392K
  class space    used 4425K, capacity 4663K, committed 4760K, reserved 1048576K
}
2016-10-24T11:29:12.517+0800: 4372.428: Total time for which application threads were stopped: 0.0216265 seconds, Stopping threads took: 0.0000234 seconds
{Heap before GC invocations=28 (full 1):
 par new generation   total 109248K, used 109248K [0x00000007a0000000, 0x00000007a8000000, 0x00000007a8000000)
  eden space 87424K, 100% used [0x00000007a0000000, 0x00000007a5560000, 0x00000007a5560000)
  from space 21824K, 100% used [0x00000007a5560000, 0x00000007a6ab0000, 0x00000007a6ab0000)
  to   space 21824K,   0% used [0x00000007a6ab0000, 0x00000007a6ab0000, 0x00000007a8000000)
 concurrent mark-sweep generation total 393216K, used 105268K [0x00000007a8000000, 0x00000007c0000000, 0x00000007c0000000)
 Metaspace       used 38230K, capacity 39032K, committed 39240K, reserved 1083392K
  class space    used 4425K, capacity 4663K, committed 4760K, reserved 1048576K
2016-10-24T11:29:12.787+0800: 4372.698: [GC (Allocation Failure) 2016-10-24T11:29:12.787+0800: 4372.699: [ParNew
Desired survivor size 20112992 bytes, new threshold 5 (max 8)
- age   1:    5291032 bytes,    5291032 total
- age   2:    5682128 bytes,   10973160 total
- age   3:    4652576 bytes,   15625736 total
- age   4:    2469792 bytes,   18095528 total
- age   5:    2724960 bytes,   20820488 total
: 109248K->21824K(109248K), 0.0255234 secs] 214516K->136465K(502464K), 0.0256113 secs] [Times: user=0.08 sys=0.01, real=0.03 secs] 
Heap after GC invocations=29 (full 1):
 par new generation   total 109248K, used 21824K [0x00000007a0000000, 0x00000007a8000000, 0x00000007a8000000)
  eden space 87424K,   0% used [0x00000007a0000000, 0x00000007a0000000, 0x00000007a5560000)
  from space 21824K, 100% used [0x00000007a6ab0000, 0x00000007a8000000, 0x00000007a8000000)
  to   space 21824K,   0% used [0x00000007a5560000, 0x00000007a5560000, 0x00000007a6ab0000)
 concurrent mark-sweep generation total 393216K, used 114641K [0x00000007a8000000, 0x00000007c0000000, 0x00000007c0000000)
 Metaspace       used 38230K, capacity 39032K, committed 39240K, reserved 1083392K
  class space    used 4425K, capacity 4663K, committed 4760K, reserved 1048576K
}
2016-10-24T11:29:12.813+0800: 4372.724: Total time for which application threads were stopped: 0.0257943 seconds, Stopping threads took: 0.0000219 seconds
{Heap before GC invocations=29 (full 1):
 par new generation   total 109248K, used 109248K [0x00000007a0000000, 0x00000007a8000000, 0x00000007a8000000)
  eden space 87424K, 100% used [0x00000007a0000000, 0x00000007a5560000, 0x00000007a5560000)
  from space 21824K, 100% used [0x00000007a6ab0000, 0x00000007a8000000, 0x00000007a8000000)
  to   space 21824K,   0% used [0x00000007a5560000, 0x00000007a5560000, 0x00000007a6ab0000)
 concurrent mark-sweep generation total 393216K, used 114641K [0x00000007a8000000, 0x00000007c0000000, 0x00000007c0000000)
 Metaspace       used 38232K, capacity 39032K, committed 39240K, reserved 1083392K
  class space    used 4425K, capacity 4663K, committed 4760K, reserved 1048576K
2016-10-24T11:29:13.086+0800: 4372.997: [GC (Allocation Failure) 2016-10-24T11:29:13.086+0800: 4372.997: [ParNew
Desired survivor size 20112992 bytes, new threshold 5 (max 8)
- age   1:    5091528 bytes,    5091528 total
- age   2:    4240288 bytes,    9331816 total
- age   3:    4089144 bytes,   13420960 total
- age   4:    4605656 bytes,   18026616 total
- age   5:    2418872 bytes,   20445488 total
: 109248K->21824K(109248K), 0.0225383 secs] 223889K->141527K(502464K), 0.0225933 secs] [Times: user=0.07 sys=0.01, real=0.02 secs] 
Heap after GC invocations=30 (full 1):
 par new generation   total 109248K, used 21824K [0x00000007a0000000, 0x00000007a8000000, 0x00000007a8000000)
  eden space 87424K,   0% used [0x00000007a0000000, 0x00000007a0000000, 0x00000007a5560000)
  from space 21824K, 100% used [0x00000007a5560000, 0x00000007a6ab0000, 0x00000007a6ab0000)
  to   space 21824K,   0% used [0x00000007a6ab0000, 0x00000007a6ab0000, 0x00000007a8000000)
 concurrent mark-sweep generation total 393216K, used 119703K [0x00000007a8000000, 0x00000007c0000000, 0x00000007c0000000)
 Metaspace       used 38232K, capacity 39032K, committed 39240K, reserved 1083392K
  class space    used 4425K, capacity 4663K, committed 4760K, reserved 1048576K
}
2016-10-24T11:29:13.109+0800: 4373.020: Total time for which application threads were stopped: 0.0227853 seconds, Stopping threads took: 0.0000318 seconds
{Heap before GC invocations=30 (full 1):
 par new generation   total 109248K, used 109248K [0x00000007a0000000, 0x00000007a8000000, 0x00000007a8000000)
  eden space 87424K, 100% used [0x00000007a0000000, 0x00000007a5560000, 0x00000007a5560000)
  from space 21824K, 100% used [0x00000007a5560000, 0x00000007a6ab0000, 0x00000007a6ab0000)
  to   space 21824K,   0% used [0x00000007a6ab0000, 0x00000007a6ab0000, 0x00000007a8000000)
 concurrent mark-sweep generation total 393216K, used 119703K [0x00000007a8000000, 0x00000007c0000000, 0x00000007c0000000)
 Metaspace       used 38232K, capacity 39032K, committed 39240K, reserved 1083392K
  class space    used 4425K, capacity 4663K, committed 4760K, reserved 1048576K
2016-10-24T11:29:13.376+0800: 4373.287: [GC (Allocation Failure) 2016-10-24T11:29:13.376+0800: 4373.287: [ParNew
Desired survivor size 20112992 bytes, new threshold 5 (max 8)
- age   1:    5977504 bytes,    5977504 total
- age   2:    4779936 bytes,   10757440 total
- age   3:    2556824 bytes,   13314264 total
- age   4:    3974472 bytes,   17288736 total
- age   5:    4446160 bytes,   21734896 total
: 109248K->21824K(109248K), 0.0259606 secs] 228951K->150579K(502464K), 0.0260588 secs] [Times: user=0.09 sys=0.00, real=0.03 secs] 
Heap after GC invocations=31 (full 1):
 par new generation   total 109248K, used 21824K [0x00000007a0000000, 0x00000007a8000000, 0x00000007a8000000)
  eden space 87424K,   0% used [0x00000007a0000000, 0x00000007a0000000, 0x00000007a5560000)
  from space 21824K, 100% used [0x00000007a6ab0000, 0x00000007a8000000, 0x00000007a8000000)
  to   space 21824K,   0% used [0x00000007a5560000, 0x00000007a5560000, 0x00000007a6ab0000)
 concurrent mark-sweep generation total 393216K, used 128755K [0x00000007a8000000, 0x00000007c0000000, 0x00000007c0000000)
 Metaspace       used 38232K, capacity 39032K, committed 39240K, reserved 1083392K
  class space    used 4425K, capacity 4663K, committed 4760K, reserved 1048576K
}
2016-10-24T11:29:13.402+0800: 4373.313: Total time for which application threads were stopped: 0.0262504 seconds, Stopping threads took: 0.0000293 seconds
2016-10-24T11:29:13.658+0800: 4373.569: Total time for which application threads were stopped: 0.0001077 seconds, Stopping threads took: 0.0000192 seconds
2016-10-24T11:29:13.658+0800: 4373.569: Total time for which application threads were stopped: 0.0000414 seconds, Stopping threads took: 0.0000068 seconds
2016-10-24T11:29:14.086+0800: 4373.997: Total time for which application threads were stopped: 0.0001660 seconds, Stopping threads took: 0.0000265 seconds
{Heap before GC invocations=31 (full 1):
 par new generation   total 109248K, used 109248K [0x00000007a0000000, 0x00000007a8000000, 0x00000007a8000000)
  eden space 87424K, 100% used [0x00000007a0000000, 0x00000007a5560000, 0x00000007a5560000)
  from space 21824K, 100% used [0x00000007a6ab0000, 0x00000007a8000000, 0x00000007a8000000)
  to   space 21824K,   0% used [0x00000007a5560000, 0x00000007a5560000, 0x00000007a6ab0000)
 concurrent mark-sweep generation total 393216K, used 128755K [0x00000007a8000000, 0x00000007c0000000, 0x00000007c0000000)
 Metaspace       used 38394K, capacity 39160K, committed 39496K, reserved 1083392K
  class space    used 4439K, capacity 4663K, committed 4760K, reserved 1048576K
2016-10-24T11:29:14.125+0800: 4374.036: [GC (Allocation Failure) 2016-10-24T11:29:14.125+0800: 4374.036: [ParNew
Desired survivor size 20112992 bytes, new threshold 5 (max 8)
- age   1:    5994672 bytes,    5994672 total
- age   2:    5045752 bytes,   11040424 total
- age   3:    2896080 bytes,   13936504 total
- age   4:    2399600 bytes,   16336104 total
- age   5:    3810984 bytes,   20147088 total
: 109248K->21824K(109248K), 0.0221229 secs] 238003K->156031K(502464K), 0.0221791 secs] [Times: user=0.08 sys=0.00, real=0.02 secs] 
Heap after GC invocations=32 (full 1):
 par new generation   total 109248K, used 21824K [0x00000007a0000000, 0x00000007a8000000, 0x00000007a8000000)
  eden space 87424K,   0% used [0x00000007a0000000, 0x00000007a0000000, 0x00000007a5560000)
  from space 21824K, 100% used [0x00000007a5560000, 0x00000007a6ab0000, 0x00000007a6ab0000)
  to   space 21824K,   0% used [0x00000007a6ab0000, 0x00000007a6ab0000, 0x00000007a8000000)
 concurrent mark-sweep generation total 393216K, used 134207K [0x00000007a8000000, 0x00000007c0000000, 0x00000007c0000000)
 Metaspace       used 38394K, capacity 39160K, committed 39496K, reserved 1083392K
  class space    used 4439K, capacity 4663K, committed 4760K, reserved 1048576K
}
2016-10-24T11:29:14.147+0800: 4374.059: Total time for which application threads were stopped: 0.0223609 seconds, Stopping threads took: 0.0000285 seconds
2016-10-24T11:29:14.147+0800: 4374.059: [GC (CMS Initial Mark) [1 CMS-initial-mark: 134207K(393216K)] 157774K(502464K), 0.0031176 secs] [Times: user=0.01 sys=0.00, real=0.01 secs] 
2016-10-24T11:29:14.151+0800: 4374.062: Total time for which application threads were stopped: 0.0033075 seconds, Stopping threads took: 0.0000723 seconds
2016-10-24T11:29:14.151+0800: 4374.062: [CMS-concurrent-mark-start]
2016-10-24T11:29:14.197+0800: 4374.109: [CMS-concurrent-mark: 0.047/0.047 secs] [Times: user=0.29 sys=0.01, real=0.04 secs] 
2016-10-24T11:29:14.197+0800: 4374.109: [CMS-concurrent-preclean-start]
2016-10-24T11:29:14.199+0800: 4374.110: [CMS-concurrent-preclean: 0.001/0.001 secs] [Times: user=0.00 sys=0.00, real=0.00 secs] 
2016-10-24T11:29:14.199+0800: 4374.110: [CMS-concurrent-abortable-preclean-start]
{Heap before GC invocations=32 (full 2):
 par new generation   total 109248K, used 109248K [0x00000007a0000000, 0x00000007a8000000, 0x00000007a8000000)
  eden space 87424K, 100% used [0x00000007a0000000, 0x00000007a5560000, 0x00000007a5560000)
  from space 21824K, 100% used [0x00000007a5560000, 0x00000007a6ab0000, 0x00000007a6ab0000)
  to   space 21824K,   0% used [0x00000007a6ab0000, 0x00000007a6ab0000, 0x00000007a8000000)
 concurrent mark-sweep generation total 393216K, used 134207K [0x00000007a8000000, 0x00000007c0000000, 0x00000007c0000000)
 Metaspace       used 38611K, capacity 39384K, committed 39496K, reserved 1083392K
  class space    used 4457K, capacity 4695K, committed 4760K, reserved 1048576K
2016-10-24T11:29:15.043+0800: 4374.954: [GC (Allocation Failure) 2016-10-24T11:29:15.043+0800: 4374.954: [ParNew
Desired survivor size 20112992 bytes, new threshold 8 (max 8)
- age   1:     305112 bytes,     305112 total
- age   2:    5926208 bytes,    6231320 total
- age   3:    5045752 bytes,   11277072 total
- age   4:    2896080 bytes,   14173152 total
- age   5:    2399600 bytes,   16572752 total
: 109248K->19952K(109248K), 0.0194373 secs] 243455K->157939K(502464K), 0.0195020 secs] [Times: user=0.07 sys=0.00, real=0.02 secs] 
Heap after GC invocations=33 (full 2):
 par new generation   total 109248K, used 19952K [0x00000007a0000000, 0x00000007a8000000, 0x00000007a8000000)
  eden space 87424K,   0% used [0x00000007a0000000, 0x00000007a0000000, 0x00000007a5560000)
  from space 21824K,  91% used [0x00000007a6ab0000, 0x00000007a7e2c000, 0x00000007a8000000)
  to   space 21824K,   0% used [0x00000007a5560000, 0x00000007a5560000, 0x00000007a6ab0000)
 concurrent mark-sweep generation total 393216K, used 137987K [0x00000007a8000000, 0x00000007c0000000, 0x00000007c0000000)
 Metaspace       used 38611K, capacity 39384K, committed 39496K, reserved 1083392K
  class space    used 4457K, capacity 4695K, committed 4760K, reserved 1048576K
}
2016-10-24T11:29:15.062+0800: 4374.974: Total time for which application threads were stopped: 0.0197557 seconds, Stopping threads took: 0.0000199 seconds
2016-10-24T11:29:15.089+0800: 4375.000: [CMS-concurrent-abortable-preclean: 0.462/0.890 secs] [Times: user=3.21 sys=0.03, real=0.89 secs] 
2016-10-24T11:29:15.089+0800: 4375.001: [GC (CMS Final Remark) [YG occupancy: 60752 K (109248 K)]{Heap before GC invocations=33 (full 2):
 par new generation   total 109248K, used 60752K [0x00000007a0000000, 0x00000007a8000000, 0x00000007a8000000)
  eden space 87424K,  46% used [0x00000007a0000000, 0x00000007a27d8220, 0x00000007a5560000)
  from space 21824K,  91% used [0x00000007a6ab0000, 0x00000007a7e2c000, 0x00000007a8000000)
  to   space 21824K,   0% used [0x00000007a5560000, 0x00000007a5560000, 0x00000007a6ab0000)
 concurrent mark-sweep generation total 393216K, used 137987K [0x00000007a8000000, 0x00000007c0000000, 0x00000007c0000000)
 Metaspace       used 38615K, capacity 39384K, committed 39496K, reserved 1083392K
  class space    used 4457K, capacity 4695K, committed 4760K, reserved 1048576K
2016-10-24T11:29:15.089+0800: 4375.001: [GC (CMS Final Remark) 2016-10-24T11:29:15.089+0800: 4375.001: [ParNew
Desired survivor size 20112992 bytes, new threshold 8 (max 8)
- age   1:      57584 bytes,      57584 total
- age   2:     144600 bytes,     202184 total
- age   3:    5926208 bytes,    6128392 total
- age   4:    5045752 bytes,   11174144 total
- age   5:    2896128 bytes,   14070272 total
- age   6:    2399600 bytes,   16469872 total
: 60752K->21824K(109248K), 0.0179036 secs] 198739K->159811K(502464K), 0.0179449 secs] [Times: user=0.10 sys=0.00, real=0.02 secs] 
Heap after GC invocations=34 (full 2):
 par new generation   total 109248K, used 21824K [0x00000007a0000000, 0x00000007a8000000, 0x00000007a8000000)
  eden space 87424K,   0% used [0x00000007a0000000, 0x00000007a0000000, 0x00000007a5560000)
  from space 21824K, 100% used [0x00000007a5560000, 0x00000007a6ab0000, 0x00000007a6ab0000)
  to   space 21824K,   0% used [0x00000007a6ab0000, 0x00000007a6ab0000, 0x00000007a8000000)
 concurrent mark-sweep generation total 393216K, used 137987K [0x00000007a8000000, 0x00000007c0000000, 0x00000007c0000000)
 Metaspace       used 38615K, capacity 39384K, committed 39496K, reserved 1083392K
  class space    used 4457K, capacity 4695K, committed 4760K, reserved 1048576K
}
2016-10-24T11:29:15.107+0800: 4375.019: [Rescan (parallel) , 0.0065029 secs]2016-10-24T11:29:15.114+0800: 4375.025: [weak refs processing, 0.0008131 secs]2016-10-24T11:29:15.115+0800: 4375.026: [class unloading, 0.0346269 secs]2016-10-24T11:29:15.149+0800: 4375.061: [scrub symbol table, 0.0115887 secs]2016-10-24T11:29:15.161+0800: 4375.072: [scrub string table, 0.0006858 secs][1 CMS-remark: 137987K(393216K)] 159811K(502464K), 0.0808736 secs] [Times: user=0.16 sys=0.02, real=0.09 secs] 
2016-10-24T11:29:15.170+0800: 4375.081: Total time for which application threads were stopped: 0.0810645 seconds, Stopping threads took: 0.0000857 seconds
2016-10-24T11:29:15.170+0800: 4375.082: [CMS-concurrent-sweep-start]
2016-10-24T11:29:15.224+0800: 4375.136: [CMS-concurrent-sweep: 0.054/0.054 secs] [Times: user=0.24 sys=0.01, real=0.05 secs] 
2016-10-24T11:29:15.224+0800: 4375.136: [CMS-concurrent-reset-start]
{Heap before GC invocations=34 (full 2):
 par new generation   total 109248K, used 109248K [0x00000007a0000000, 0x00000007a8000000, 0x00000007a8000000)
  eden space 87424K, 100% used [0x00000007a0000000, 0x00000007a5560000, 0x00000007a5560000)
  from space 21824K, 100% used [0x00000007a5560000, 0x00000007a6ab0000, 0x00000007a6ab0000)
  to   space 21824K,   0% used [0x00000007a6ab0000, 0x00000007a6ab0000, 0x00000007a8000000)
 concurrent mark-sweep generation total 393216K, used 104659K [0x00000007a8000000, 0x00000007c0000000, 0x00000007c0000000)
 Metaspace       used 38477K, capacity 39114K, committed 39496K, reserved 1083392K
  class space    used 4428K, capacity 4644K, committed 4760K, reserved 1048576K
2016-10-24T11:29:15.231+0800: 4375.142: [GC (Allocation Failure) 2016-10-24T11:29:15.231+0800: 4375.142: [ParNew
Desired survivor size 20112992 bytes, new threshold 8 (max 8)
- age   1:     118904 bytes,     118904 total
- age   2:      11336 bytes,     130240 total
- age   3:     144600 bytes,     274840 total
- age   4:    5741448 bytes,    6016288 total
- age   5:    4886688 bytes,   10902976 total
- age   6:    2741616 bytes,   13644592 total
- age   7:    2274384 bytes,   15918976 total
: 109248K->20999K(109248K), 0.0113346 secs] 213907K->125658K(502464K), 0.0113888 secs] [Times: user=0.05 sys=0.00, real=0.01 secs] 
Heap after GC invocations=35 (full 2):
 par new generation   total 109248K, used 20999K [0x00000007a0000000, 0x00000007a8000000, 0x00000007a8000000)
  eden space 87424K,   0% used [0x00000007a0000000, 0x00000007a0000000, 0x00000007a5560000)
  from space 21824K,  96% used [0x00000007a6ab0000, 0x00000007a7f31d00, 0x00000007a8000000)
  to   space 21824K,   0% used [0x00000007a5560000, 0x00000007a5560000, 0x00000007a6ab0000)
 concurrent mark-sweep generation total 393216K, used 104659K [0x00000007a8000000, 0x00000007c0000000, 0x00000007c0000000)
 Metaspace       used 38477K, capacity 39114K, committed 39496K, reserved 1083392K
  class space    used 4428K, capacity 4644K, committed 4760K, reserved 1048576K
}
2016-10-24T11:29:15.242+0800: 4375.154: Total time for which application threads were stopped: 0.0117859 seconds, Stopping threads took: 0.0000364 seconds
2016-10-24T11:29:15.242+0800: 4375.154: [CMS-concurrent-reset: 0.006/0.018 secs] [Times: user=0.09 sys=0.00, real=0.02 secs] 
2016-10-24T11:29:15.290+0800: 4375.201: Total time for which application threads were stopped: 0.0001883 seconds, Stopping threads took: 0.0000962 seconds
{Heap before GC invocations=35 (full 2):
 par new generation   total 109248K, used 108423K [0x00000007a0000000, 0x00000007a8000000, 0x00000007a8000000)
  eden space 87424K, 100% used [0x00000007a0000000, 0x00000007a5560000, 0x00000007a5560000)
  from space 21824K,  96% used [0x00000007a6ab0000, 0x00000007a7f31d00, 0x00000007a8000000)
  to   space 21824K,   0% used [0x00000007a5560000, 0x00000007a5560000, 0x00000007a6ab0000)
 concurrent mark-sweep generation total 393216K, used 104659K [0x00000007a8000000, 0x00000007c0000000, 0x00000007c0000000)
 Metaspace       used 38486K, capacity 39114K, committed 39496K, reserved 1083392K
  class space    used 4430K, capacity 4644K, committed 4760K, reserved 1048576K
2016-10-24T11:29:15.585+0800: 4375.497: [GC (Allocation Failure) 2016-10-24T11:29:15.585+0800: 4375.497: [ParNew
Desired survivor size 20112992 bytes, new threshold 8 (max 8)
- age   1:     122128 bytes,     122128 total
- age   2:       2168 bytes,     124296 total
- age   3:        128 bytes,     124424 total
- age   4:      97008 bytes,     221432 total
- age   5:    5741448 bytes,    5962880 total
- age   6:    4886688 bytes,   10849568 total
- age   7:    2741616 bytes,   13591184 total
- age   8:    2274384 bytes,   15865568 total
: 108423K->21197K(109248K), 0.0104697 secs] 213082K->125856K(502464K), 0.0105320 secs] [Times: user=0.04 sys=0.00, real=0.01 secs] 
Heap after GC invocations=36 (full 2):
 par new generation   total 109248K, used 21197K [0x00000007a0000000, 0x00000007a8000000, 0x00000007a8000000)
  eden space 87424K,   0% used [0x00000007a0000000, 0x00000007a0000000, 0x00000007a5560000)
  from space 21824K,  97% used [0x00000007a5560000, 0x00000007a6a13668, 0x00000007a6ab0000)
  to   space 21824K,   0% used [0x00000007a6ab0000, 0x00000007a6ab0000, 0x00000007a8000000)
 concurrent mark-sweep generation total 393216K, used 104659K [0x00000007a8000000, 0x00000007c0000000, 0x00000007c0000000)
 Metaspace       used 38486K, capacity 39114K, committed 39496K, reserved 1083392K
  class space    used 4430K, capacity 4644K, committed 4760K, reserved 1048576K
}
2016-10-24T11:29:15.596+0800: 4375.507: Total time for which application threads were stopped: 0.0107516 seconds, Stopping threads took: 0.0000228 seconds
{Heap before GC invocations=36 (full 2):
 par new generation   total 109248K, used 108621K [0x00000007a0000000, 0x00000007a8000000, 0x00000007a8000000)
  eden space 87424K, 100% used [0x00000007a0000000, 0x00000007a5560000, 0x00000007a5560000)
  from space 21824K,  97% used [0x00000007a5560000, 0x00000007a6a13668, 0x00000007a6ab0000)
  to   space 21824K,   0% used [0x00000007a6ab0000, 0x00000007a6ab0000, 0x00000007a8000000)
 concurrent mark-sweep generation total 393216K, used 104659K [0x00000007a8000000, 0x00000007c0000000, 0x00000007c0000000)
 Metaspace       used 38486K, capacity 39114K, committed 39496K, reserved 1083392K
  class space    used 4430K, capacity 4644K, committed 4760K, reserved 1048576K
2016-10-24T11:29:15.873+0800: 4375.785: [GC (Allocation Failure) 2016-10-24T11:29:15.873+0800: 4375.785: [ParNew
Desired survivor size 20112992 bytes, new threshold 8 (max 8)
- age   1:     152984 bytes,     152984 total
- age   2:      15880 bytes,     168864 total
- age   3:       2168 bytes,     171032 total
- age   4:        128 bytes,     171160 total
- age   5:      97008 bytes,     268168 total
- age   6:    5741448 bytes,    6009616 total
- age   7:    4886688 bytes,   10896304 total
- age   8:    2741616 bytes,   13637920 total
: 108621K->16220K(109248K), 0.0171806 secs] 213280K->123139K(502464K), 0.0172325 secs] [Times: user=0.09 sys=0.00, real=0.02 secs] 
Heap after GC invocations=37 (full 2):
 par new generation   total 109248K, used 16220K [0x00000007a0000000, 0x00000007a8000000, 0x00000007a8000000)
  eden space 87424K,   0% used [0x00000007a0000000, 0x00000007a0000000, 0x00000007a5560000)
  from space 21824K,  74% used [0x00000007a6ab0000, 0x00000007a7a87320, 0x00000007a8000000)
  to   space 21824K,   0% used [0x00000007a5560000, 0x00000007a5560000, 0x00000007a6ab0000)
 concurrent mark-sweep generation total 393216K, used 106918K [0x00000007a8000000, 0x00000007c0000000, 0x00000007c0000000)
 Metaspace       used 38486K, capacity 39114K, committed 39496K, reserved 1083392K
  class space    used 4430K, capacity 4644K, committed 4760K, reserved 1048576K
}
2016-10-24T11:29:15.890+0800: 4375.802: Total time for which application threads were stopped: 0.0174034 seconds, Stopping threads took: 0.0000189 seconds
2016-10-24T11:29:15.968+0800: 4375.880: Total time for which application threads were stopped: 0.0000955 seconds, Stopping threads took: 0.0000208 seconds
{Heap before GC invocations=37 (full 2):
 par new generation   total 109248K, used 103644K [0x00000007a0000000, 0x00000007a8000000, 0x00000007a8000000)
  eden space 87424K, 100% used [0x00000007a0000000, 0x00000007a5560000, 0x00000007a5560000)
  from space 21824K,  74% used [0x00000007a6ab0000, 0x00000007a7a87320, 0x00000007a8000000)
  to   space 21824K,   0% used [0x00000007a5560000, 0x00000007a5560000, 0x00000007a6ab0000)
 concurrent mark-sweep generation total 393216K, used 106918K [0x00000007a8000000, 0x00000007c0000000, 0x00000007c0000000)
 Metaspace       used 38518K, capacity 39114K, committed 39496K, reserved 1083392K
  class space    used 4434K, capacity 4644K, committed 4760K, reserved 1048576K
2016-10-24T11:29:16.190+0800: 4376.102: [GC (Allocation Failure) 2016-10-24T11:29:16.192+0800: 4376.103: [ParNew
Desired survivor size 20112992 bytes, new threshold 8 (max 8)
- age   1:    2522368 bytes,    2522368 total
- age   2:        392 bytes,    2522760 total
- age   3:       1344 bytes,    2524104 total
- age   4:       2168 bytes,    2526272 total
- age   5:        128 bytes,    2526400 total
- age   6:      27896 bytes,    2554296 total
- age   7:    5163896 bytes,    7718192 total
- age   8:    4519440 bytes,   12237632 total
: 103644K->18537K(109248K), 0.0150434 secs] 210563K->127791K(502464K), 0.0168367 secs] [Times: user=0.08 sys=0.00, real=0.01 secs] 
Heap after GC invocations=38 (full 2):
 par new generation   total 109248K, used 18537K [0x00000007a0000000, 0x00000007a8000000, 0x00000007a8000000)
  eden space 87424K,   0% used [0x00000007a0000000, 0x00000007a0000000, 0x00000007a5560000)
  from space 21824K,  84% used [0x00000007a5560000, 0x00000007a677a6c0, 0x00000007a6ab0000)
  to   space 21824K,   0% used [0x00000007a6ab0000, 0x00000007a6ab0000, 0x00000007a8000000)
 concurrent mark-sweep generation total 393216K, used 109253K [0x00000007a8000000, 0x00000007c0000000, 0x00000007c0000000)
 Metaspace       used 38518K, capacity 39114K, committed 39496K, reserved 1083392K
  class space    used 4434K, capacity 4644K, committed 4760K, reserved 1048576K
}
2016-10-24T11:29:16.207+0800: 4376.119: Total time for which application threads were stopped: 0.0170364 seconds, Stopping threads took: 0.0000208 seconds
{Heap before GC invocations=38 (full 2):
 par new generation   total 109248K, used 105961K [0x00000007a0000000, 0x00000007a8000000, 0x00000007a8000000)
  eden space 87424K, 100% used [0x00000007a0000000, 0x00000007a5560000, 0x00000007a5560000)
  from space 21824K,  84% used [0x00000007a5560000, 0x00000007a677a6c0, 0x00000007a6ab0000)
  to   space 21824K,   0% used [0x00000007a6ab0000, 0x00000007a6ab0000, 0x00000007a8000000)
 concurrent mark-sweep generation total 393216K, used 109253K [0x00000007a8000000, 0x00000007c0000000, 0x00000007c0000000)
 Metaspace       used 38518K, capacity 39114K, committed 39496K, reserved 1083392K
  class space    used 4434K, capacity 4644K, committed 4760K, reserved 1048576K
2016-10-24T11:29:16.466+0800: 4376.377: [GC (Allocation Failure) 2016-10-24T11:29:16.466+0800: 4376.377: [ParNew
Desired survivor size 20112992 bytes, new threshold 8 (max 8)
- age   1:    5708504 bytes,    5708504 total
- age   2:    2130040 bytes,    7838544 total
- age   3:        392 bytes,    7838936 total
- age   4:       1344 bytes,    7840280 total
- age   5:       2168 bytes,    7842448 total
- age   6:        128 bytes,    7842576 total
- age   7:      27896 bytes,    7870472 total
- age   8:    5163896 bytes,   13034368 total
: 105961K->15738K(109248K), 0.0132477 secs] 215215K->129436K(502464K), 0.0133242 secs] [Times: user=0.05 sys=0.00, real=0.01 secs] 
Heap after GC invocations=39 (full 2):
 par new generation   total 109248K, used 15738K [0x00000007a0000000, 0x00000007a8000000, 0x00000007a8000000)
  eden space 87424K,   0% used [0x00000007a0000000, 0x00000007a0000000, 0x00000007a5560000)
  from space 21824K,  72% used [0x00000007a6ab0000, 0x00000007a7a0e9e0, 0x00000007a8000000)
  to   space 21824K,   0% used [0x00000007a5560000, 0x00000007a5560000, 0x00000007a6ab0000)
 concurrent mark-sweep generation total 393216K, used 113698K [0x00000007a8000000, 0x00000007c0000000, 0x00000007c0000000)
 Metaspace       used 38518K, capacity 39114K, committed 39496K, reserved 1083392K
  class space    used 4434K, capacity 4644K, committed 4760K, reserved 1048576K
}
2016-10-24T11:29:16.479+0800: 4376.391: Total time for which application threads were stopped: 0.0134987 seconds, Stopping threads took: 0.0000304 seconds
{Heap before GC invocations=39 (full 2):
 par new generation   total 109248K, used 103162K [0x00000007a0000000, 0x00000007a8000000, 0x00000007a8000000)
  eden space 87424K, 100% used [0x00000007a0000000, 0x00000007a5560000, 0x00000007a5560000)
  from space 21824K,  72% used [0x00000007a6ab0000, 0x00000007a7a0e9e0, 0x00000007a8000000)
  to   space 21824K,   0% used [0x00000007a5560000, 0x00000007a5560000, 0x00000007a6ab0000)
 concurrent mark-sweep generation total 393216K, used 113698K [0x00000007a8000000, 0x00000007c0000000, 0x00000007c0000000)
 Metaspace       used 38518K, capacity 39114K, committed 39496K, reserved 1083392K
  class space    used 4434K, capacity 4644K, committed 4760K, reserved 1048576K
2016-10-24T11:29:16.732+0800: 4376.643: [GC (Allocation Failure) 2016-10-24T11:29:16.732+0800: 4376.643: [ParNew
Desired survivor size 20112992 bytes, new threshold 8 (max 8)
- age   1:    8432960 bytes,    8432960 total
- age   2:    4557600 bytes,   12990560 total
- age   3:    2127128 bytes,   15117688 total
- age   4:        392 bytes,   15118080 total
- age   5:       1344 bytes,   15119424 total
- age   6:       2168 bytes,   15121592 total
- age   7:        128 bytes,   15121720 total
- age   8:      27896 bytes,   15149616 total
: 103162K->17585K(109248K), 0.0163832 secs] 216860K->136359K(502464K), 0.0164450 secs] [Times: user=0.06 sys=0.00, real=0.01 secs] 
Heap after GC invocations=40 (full 2):
 par new generation   total 109248K, used 17585K [0x00000007a0000000, 0x00000007a8000000, 0x00000007a8000000)
  eden space 87424K,   0% used [0x00000007a0000000, 0x00000007a0000000, 0x00000007a5560000)
  from space 21824K,  80% used [0x00000007a5560000, 0x00000007a668c560, 0x00000007a6ab0000)
  to   space 21824K,   0% used [0x00000007a6ab0000, 0x00000007a6ab0000, 0x00000007a8000000)
 concurrent mark-sweep generation total 393216K, used 118773K [0x00000007a8000000, 0x00000007c0000000, 0x00000007c0000000)
 Metaspace       used 38518K, capacity 39114K, committed 39496K, reserved 1083392K
  class space    used 4434K, capacity 4644K, committed 4760K, reserved 1048576K
}
2016-10-24T11:29:16.748+0800: 4376.660: Total time for which application threads were stopped: 0.0166210 seconds, Stopping threads took: 0.0000329 seconds
{Heap before GC invocations=40 (full 2):
 par new generation   total 109248K, used 105009K [0x00000007a0000000, 0x00000007a8000000, 0x00000007a8000000)
  eden space 87424K, 100% used [0x00000007a0000000, 0x00000007a5560000, 0x00000007a5560000)
  from space 21824K,  80% used [0x00000007a5560000, 0x00000007a668c560, 0x00000007a6ab0000)
  to   space 21824K,   0% used [0x00000007a6ab0000, 0x00000007a6ab0000, 0x00000007a8000000)
 concurrent mark-sweep generation total 393216K, used 118773K [0x00000007a8000000, 0x00000007c0000000, 0x00000007c0000000)
 Metaspace       used 38518K, capacity 39114K, committed 39496K, reserved 1083392K
  class space    used 4434K, capacity 4644K, committed 4760K, reserved 1048576K
2016-10-24T11:29:16.989+0800: 4376.901: [GC (Allocation Failure) 2016-10-24T11:29:16.989+0800: 4376.901: [ParNew
Desired survivor size 20112992 bytes, new threshold 4 (max 8)
- age   1:    6587168 bytes,    6587168 total
- age   2:    7149504 bytes,   13736672 total
- age   3:    4423224 bytes,   18159896 total
- age   4:    2127072 bytes,   20286968 total
- age   5:        392 bytes,   20287360 total
- age   6:       1344 bytes,   20288704 total
- age   7:       2168 bytes,   20290872 total
- age   8:        128 bytes,   20291000 total
: 105009K->21824K(109248K), 0.0145991 secs] 223783K->140625K(502464K), 0.0146711 secs] [Times: user=0.06 sys=0.00, real=0.02 secs] 
Heap after GC invocations=41 (full 2):
 par new generation   total 109248K, used 21824K [0x00000007a0000000, 0x00000007a8000000, 0x00000007a8000000)
  eden space 87424K,   0% used [0x00000007a0000000, 0x00000007a0000000, 0x00000007a5560000)
  from space 21824K, 100% used [0x00000007a6ab0000, 0x00000007a8000000, 0x00000007a8000000)
  to   space 21824K,   0% used [0x00000007a5560000, 0x00000007a5560000, 0x00000007a6ab0000)
 concurrent mark-sweep generation total 393216K, used 118801K [0x00000007a8000000, 0x00000007c0000000, 0x00000007c0000000)
 Metaspace       used 38518K, capacity 39114K, committed 39496K, reserved 1083392K
  class space    used 4434K, capacity 4644K, committed 4760K, reserved 1048576K
}
2016-10-24T11:29:17.004+0800: 4376.915: Total time for which application threads were stopped: 0.0148631 seconds, Stopping threads took: 0.0000233 seconds
{Heap before GC invocations=41 (full 2):
 par new generation   total 109248K, used 109248K [0x00000007a0000000, 0x00000007a8000000, 0x00000007a8000000)
  eden space 87424K, 100% used [0x00000007a0000000, 0x00000007a5560000, 0x00000007a5560000)
  from space 21824K, 100% used [0x00000007a6ab0000, 0x00000007a8000000, 0x00000007a8000000)
  to   space 21824K,   0% used [0x00000007a5560000, 0x00000007a5560000, 0x00000007a6ab0000)
 concurrent mark-sweep generation total 393216K, used 118801K [0x00000007a8000000, 0x00000007c0000000, 0x00000007c0000000)
 Metaspace       used 38518K, capacity 39114K, committed 39496K, reserved 1083392K
  class space    used 4434K, capacity 4644K, committed 4760K, reserved 1048576K
2016-10-24T11:29:17.253+0800: 4377.164: [GC (Allocation Failure) 2016-10-24T11:29:17.253+0800: 4377.164: [ParNew
Desired survivor size 20112992 bytes, new threshold 4 (max 8)
- age   1:    6147088 bytes,    6147088 total
- age   2:    4445752 bytes,   10592840 total
- age   3:    6146976 bytes,   16739816 total
- age   4:    4067520 bytes,   20807336 total
: 109248K->21824K(109248K), 0.0179551 secs] 228049K->145609K(502464K), 0.0180186 secs] [Times: user=0.06 sys=0.00, real=0.02 secs] 
Heap after GC invocations=42 (full 2):
 par new generation   total 109248K, used 21824K [0x00000007a0000000, 0x00000007a8000000, 0x00000007a8000000)
  eden space 87424K,   0% used [0x00000007a0000000, 0x00000007a0000000, 0x00000007a5560000)
  from space 21824K, 100% used [0x00000007a5560000, 0x00000007a6ab0000, 0x00000007a6ab0000)
  to   space 21824K,   0% used [0x00000007a6ab0000, 0x00000007a6ab0000, 0x00000007a8000000)
 concurrent mark-sweep generation total 393216K, used 123785K [0x00000007a8000000, 0x00000007c0000000, 0x00000007c0000000)
 Metaspace       used 38518K, capacity 39114K, committed 39496K, reserved 1083392K
  class space    used 4434K, capacity 4644K, committed 4760K, reserved 1048576K
}
2016-10-24T11:29:17.271+0800: 4377.182: Total time for which application threads were stopped: 0.0181919 seconds, Stopping threads took: 0.0000323 seconds
{Heap before GC invocations=42 (full 2):
 par new generation   total 109248K, used 109248K [0x00000007a0000000, 0x00000007a8000000, 0x00000007a8000000)
  eden space 87424K, 100% used [0x00000007a0000000, 0x00000007a5560000, 0x00000007a5560000)
  from space 21824K, 100% used [0x00000007a5560000, 0x00000007a6ab0000, 0x00000007a6ab0000)
  to   space 21824K,   0% used [0x00000007a6ab0000, 0x00000007a6ab0000, 0x00000007a8000000)
 concurrent mark-sweep generation total 393216K, used 123785K [0x00000007a8000000, 0x00000007c0000000, 0x00000007c0000000)
 Metaspace       used 38518K, capacity 39114K, committed 39496K, reserved 1083392K
  class space    used 4434K, capacity 4644K, committed 4760K, reserved 1048576K
2016-10-24T11:29:17.524+0800: 4377.435: [GC (Allocation Failure) 2016-10-24T11:29:17.524+0800: 4377.435: [ParNew
Desired survivor size 20112992 bytes, new threshold 4 (max 8)
- age   1:    6738576 bytes,    6738576 total
- age   2:    4281264 bytes,   11019840 total
- age   3:    3708448 bytes,   14728288 total
- age   4:    5680672 bytes,   20408960 total
: 109248K->21824K(109248K), 0.0222989 secs] 233033K->152102K(502464K), 0.0223866 secs] [Times: user=0.08 sys=0.01, real=0.02 secs] 
Heap after GC invocations=43 (full 2):
 par new generation   total 109248K, used 21824K [0x00000007a0000000, 0x00000007a8000000, 0x00000007a8000000)
  eden space 87424K,   0% used [0x00000007a0000000, 0x00000007a0000000, 0x00000007a5560000)
  from space 21824K, 100% used [0x00000007a6ab0000, 0x00000007a8000000, 0x00000007a8000000)
  to   space 21824K,   0% used [0x00000007a5560000, 0x00000007a5560000, 0x00000007a6ab0000)
 concurrent mark-sweep generation total 393216K, used 130278K [0x00000007a8000000, 0x00000007c0000000, 0x00000007c0000000)
 Metaspace       used 38518K, capacity 39114K, committed 39496K, reserved 1083392K
  class space    used 4434K, capacity 4644K, committed 4760K, reserved 1048576K
}
2016-10-24T11:29:17.546+0800: 4377.458: Total time for which application threads were stopped: 0.0225601 seconds, Stopping threads took: 0.0000218 seconds
{Heap before GC invocations=43 (full 2):
 par new generation   total 109248K, used 109248K [0x00000007a0000000, 0x00000007a8000000, 0x00000007a8000000)
  eden space 87424K, 100% used [0x00000007a0000000, 0x00000007a5560000, 0x00000007a5560000)
  from space 21824K, 100% used [0x00000007a6ab0000, 0x00000007a8000000, 0x00000007a8000000)
  to   space 21824K,   0% used [0x00000007a5560000, 0x00000007a5560000, 0x00000007a6ab0000)
 concurrent mark-sweep generation total 393216K, used 130278K [0x00000007a8000000, 0x00000007c0000000, 0x00000007c0000000)
 Metaspace       used 38518K, capacity 39114K, committed 39496K, reserved 1083392K
  class space    used 4434K, capacity 4644K, committed 4760K, reserved 1048576K
2016-10-24T11:29:17.801+0800: 4377.713: [GC (Allocation Failure) 2016-10-24T11:29:17.801+0800: 4377.713: [ParNew
Desired survivor size 20112992 bytes, new threshold 8 (max 8)
- age   1:    7881280 bytes,    7881280 total
- age   2:    3916208 bytes,   11797488 total
- age   3:    4281264 bytes,   16078752 total
- age   4:    3708448 bytes,   19787200 total
: 109248K->21824K(109248K), 0.0207972 secs] 239526K->157776K(502464K), 0.0208719 secs] [Times: user=0.07 sys=0.00, real=0.02 secs] 
Heap after GC invocations=44 (full 2):
 par new generation   total 109248K, used 21824K [0x00000007a0000000, 0x00000007a8000000, 0x00000007a8000000)
  eden space 87424K,   0% used [0x00000007a0000000, 0x00000007a0000000, 0x00000007a5560000)
  from space 21824K, 100% used [0x00000007a5560000, 0x00000007a6ab0000, 0x00000007a6ab0000)
  to   space 21824K,   0% used [0x00000007a6ab0000, 0x00000007a6ab0000, 0x00000007a8000000)
 concurrent mark-sweep generation total 393216K, used 135952K [0x00000007a8000000, 0x00000007c0000000, 0x00000007c0000000)
 Metaspace       used 38518K, capacity 39114K, committed 39496K, reserved 1083392K
  class space    used 4434K, capacity 4644K, committed 4760K, reserved 1048576K
}
2016-10-24T11:29:17.822+0800: 4377.734: Total time for which application threads were stopped: 0.0210476 seconds, Stopping threads took: 0.0000213 seconds
{Heap before GC invocations=44 (full 2):
 par new generation   total 109248K, used 109159K [0x00000007a0000000, 0x00000007a8000000, 0x00000007a8000000)
  eden space 87424K,  99% used [0x00000007a0000000, 0x00000007a5549e80, 0x00000007a5560000)
  from space 21824K, 100% used [0x00000007a5560000, 0x00000007a6ab0000, 0x00000007a6ab0000)
  to   space 21824K,   0% used [0x00000007a6ab0000, 0x00000007a6ab0000, 0x00000007a8000000)
 concurrent mark-sweep generation total 393216K, used 135952K [0x00000007a8000000, 0x00000007c0000000, 0x00000007c0000000)
 Metaspace       used 38518K, capacity 39114K, committed 39496K, reserved 1083392K
  class space    used 4434K, capacity 4644K, committed 4760K, reserved 1048576K
2016-10-24T11:29:18.079+0800: 4377.991: [GC (Allocation Failure) 2016-10-24T11:29:18.079+0800: 4377.991: [ParNew
Desired survivor size 20112992 bytes, new threshold 5 (max 8)
- age   1:    9526280 bytes,    9526280 total
- age   2:    3287216 bytes,   12813496 total
- age   3:    3418752 bytes,   16232248 total
- age   4:    2909000 bytes,   19141248 total
- age   5:    3181584 bytes,   22322832 total
: 109159K->21824K(109248K), 0.0177398 secs] 245112K->162135K(502464K), 0.0178219 secs] [Times: user=0.07 sys=0.00, real=0.02 secs] 
Heap after GC invocations=45 (full 2):
 par new generation   total 109248K, used 21824K [0x00000007a0000000, 0x00000007a8000000, 0x00000007a8000000)
  eden space 87424K,   0% used [0x00000007a0000000, 0x00000007a0000000, 0x00000007a5560000)
  from space 21824K, 100% used [0x00000007a6ab0000, 0x00000007a8000000, 0x00000007a8000000)
  to   space 21824K,   0% used [0x00000007a5560000, 0x00000007a5560000, 0x00000007a6ab0000)
 concurrent mark-sweep generation total 393216K, used 140311K [0x00000007a8000000, 0x00000007c0000000, 0x00000007c0000000)
 Metaspace       used 38518K, capacity 39114K, committed 39496K, reserved 1083392K
  class space    used 4434K, capacity 4644K, committed 4760K, reserved 1048576K
}
2016-10-24T11:29:18.097+0800: 4378.009: Total time for which application threads were stopped: 0.0180349 seconds, Stopping threads took: 0.0000437 seconds
{Heap before GC invocations=45 (full 2):
 par new generation   total 109248K, used 109248K [0x00000007a0000000, 0x00000007a8000000, 0x00000007a8000000)
  eden space 87424K, 100% used [0x00000007a0000000, 0x00000007a5560000, 0x00000007a5560000)
  from space 21824K, 100% used [0x00000007a6ab0000, 0x00000007a8000000, 0x00000007a8000000)
  to   space 21824K,   0% used [0x00000007a5560000, 0x00000007a5560000, 0x00000007a6ab0000)
 concurrent mark-sweep generation total 393216K, used 140311K [0x00000007a8000000, 0x00000007c0000000, 0x00000007c0000000)
 Metaspace       used 38518K, capacity 39114K, committed 39496K, reserved 1083392K
  class space    used 4434K, capacity 4644K, committed 4760K, reserved 1048576K
2016-10-24T11:29:18.352+0800: 4378.264: [GC (Allocation Failure) 2016-10-24T11:29:18.352+0800: 4378.264: [ParNew
Desired survivor size 20112992 bytes, new threshold 5 (max 8)
- age   1:    8105336 bytes,    8105336 total
- age   2:    4876296 bytes,   12981632 total
- age   3:    3102648 bytes,   16084280 total
- age   4:    3232152 bytes,   19316432 total
- age   5:    2430776 bytes,   21747208 total
: 109248K->21824K(109248K), 0.0245280 secs] 249559K->167932K(502464K), 0.0246013 secs] [Times: user=0.09 sys=0.00, real=0.02 secs] 
Heap after GC invocations=46 (full 2):
 par new generation   total 109248K, used 21824K [0x00000007a0000000, 0x00000007a8000000, 0x00000007a8000000)
  eden space 87424K,   0% used [0x00000007a0000000, 0x00000007a0000000, 0x00000007a5560000)
  from space 21824K, 100% used [0x00000007a5560000, 0x00000007a6ab0000, 0x00000007a6ab0000)
  to   space 21824K,   0% used [0x00000007a6ab0000, 0x00000007a6ab0000, 0x00000007a8000000)
 concurrent mark-sweep generation total 393216K, used 146108K [0x00000007a8000000, 0x00000007c0000000, 0x00000007c0000000)
 Metaspace       used 38518K, capacity 39114K, committed 39496K, reserved 1083392K
  class space    used 4434K, capacity 4644K, committed 4760K, reserved 1048576K
}
2016-10-24T11:29:18.377+0800: 4378.288: Total time for which application threads were stopped: 0.0248457 seconds, Stopping threads took: 0.0000411 seconds
{Heap before GC invocations=46 (full 2):
 par new generation   total 109248K, used 109248K [0x00000007a0000000, 0x00000007a8000000, 0x00000007a8000000)
  eden space 87424K, 100% used [0x00000007a0000000, 0x00000007a5560000, 0x00000007a5560000)
  from space 21824K, 100% used [0x00000007a5560000, 0x00000007a6ab0000, 0x00000007a6ab0000)
  to   space 21824K,   0% used [0x00000007a6ab0000, 0x00000007a6ab0000, 0x00000007a8000000)
 concurrent mark-sweep generation total 393216K, used 146108K [0x00000007a8000000, 0x00000007c0000000, 0x00000007c0000000)
 Metaspace       used 38518K, capacity 39114K, committed 39496K, reserved 1083392K
  class space    used 4434K, capacity 4644K, committed 4760K, reserved 1048576K
2016-10-24T11:29:18.617+0800: 4378.528: [GC (Allocation Failure) 2016-10-24T11:29:18.617+0800: 4378.528: [ParNew
Desired survivor size 20112992 bytes, new threshold 5 (max 8)
- age   1:    6803360 bytes,    6803360 total
- age   2:    3975728 bytes,   10779088 total
- age   3:    4529632 bytes,   15308720 total
- age   4:    2850560 bytes,   18159280 total
- age   5:    3170664 bytes,   21329944 total
: 109248K->21824K(109248K), 0.0228673 secs] 255356K->175042K(502464K), 0.0229300 secs] [Times: user=0.08 sys=0.01, real=0.03 secs] 
Heap after GC invocations=47 (full 2):
 par new generation   total 109248K, used 21824K [0x00000007a0000000, 0x00000007a8000000, 0x00000007a8000000)
  eden space 87424K,   0% used [0x00000007a0000000, 0x00000007a0000000, 0x00000007a5560000)
  from space 21824K, 100% used [0x00000007a6ab0000, 0x00000007a8000000, 0x00000007a8000000)
  to   space 21824K,   0% used [0x00000007a5560000, 0x00000007a5560000, 0x00000007a6ab0000)
 concurrent mark-sweep generation total 393216K, used 153218K [0x00000007a8000000, 0x00000007c0000000, 0x00000007c0000000)
 Metaspace       used 38518K, capacity 39114K, committed 39496K, reserved 1083392K
  class space    used 4434K, capacity 4644K, committed 4760K, reserved 1048576K
}
2016-10-24T11:29:18.640+0800: 4378.551: Total time for which application threads were stopped: 0.0231028 seconds, Stopping threads took: 0.0000307 seconds
{Heap before GC invocations=47 (full 2):
 par new generation   total 109248K, used 109248K [0x00000007a0000000, 0x00000007a8000000, 0x00000007a8000000)
  eden space 87424K, 100% used [0x00000007a0000000, 0x00000007a5560000, 0x00000007a5560000)
  from space 21824K, 100% used [0x00000007a6ab0000, 0x00000007a8000000, 0x00000007a8000000)
  to   space 21824K,   0% used [0x00000007a5560000, 0x00000007a5560000, 0x00000007a6ab0000)
 concurrent mark-sweep generation total 393216K, used 153218K [0x00000007a8000000, 0x00000007c0000000, 0x00000007c0000000)
 Metaspace       used 38518K, capacity 39114K, committed 39496K, reserved 1083392K
  class space    used 4434K, capacity 4644K, committed 4760K, reserved 1048576K
2016-10-24T11:29:18.879+0800: 4378.790: [GC (Allocation Failure) 2016-10-24T11:29:18.879+0800: 4378.790: [ParNew
Desired survivor size 20112992 bytes, new threshold 5 (max 8)
- age   1:    7506056 bytes,    7506056 total
- age   2:    2776904 bytes,   10282960 total
- age   3:    3536424 bytes,   13819384 total
- age   4:    4143760 bytes,   17963144 total
- age   5:    2463200 bytes,   20426344 total
: 109248K->21824K(109248K), 0.0240784 secs] 262466K->182684K(502464K), 0.0241579 secs] [Times: user=0.08 sys=0.00, real=0.03 secs] 
Heap after GC invocations=48 (full 2):
 par new generation   total 109248K, used 21824K [0x00000007a0000000, 0x00000007a8000000, 0x00000007a8000000)
  eden space 87424K,   0% used [0x00000007a0000000, 0x00000007a0000000, 0x00000007a5560000)
  from space 21824K, 100% used [0x00000007a5560000, 0x00000007a6ab0000, 0x00000007a6ab0000)
  to   space 21824K,   0% used [0x00000007a6ab0000, 0x00000007a6ab0000, 0x00000007a8000000)
 concurrent mark-sweep generation total 393216K, used 160860K [0x00000007a8000000, 0x00000007c0000000, 0x00000007c0000000)
 Metaspace       used 38518K, capacity 39114K, committed 39496K, reserved 1083392K
  class space    used 4434K, capacity 4644K, committed 4760K, reserved 1048576K
}
2016-10-24T11:29:18.903+0800: 4378.814: Total time for which application threads were stopped: 0.0243375 seconds, Stopping threads took: 0.0000242 seconds
{Heap before GC invocations=48 (full 2):
 par new generation   total 109248K, used 109248K [0x00000007a0000000, 0x00000007a8000000, 0x00000007a8000000)
  eden space 87424K, 100% used [0x00000007a0000000, 0x00000007a5560000, 0x00000007a5560000)
  from space 21824K, 100% used [0x00000007a5560000, 0x00000007a6ab0000, 0x00000007a6ab0000)
  to   space 21824K,   0% used [0x00000007a6ab0000, 0x00000007a6ab0000, 0x00000007a8000000)
 concurrent mark-sweep generation total 393216K, used 160860K [0x00000007a8000000, 0x00000007c0000000, 0x00000007c0000000)
 Metaspace       used 38518K, capacity 39114K, committed 39496K, reserved 1083392K
  class space    used 4434K, capacity 4644K, committed 4760K, reserved 1048576K
2016-10-24T11:29:19.134+0800: 4379.046: [GC (Allocation Failure) 2016-10-24T11:29:19.134+0800: 4379.046: [ParNew
Desired survivor size 20112992 bytes, new threshold 8 (max 8)
- age   1:    7763576 bytes,    7763576 total
- age   2:    2714616 bytes,   10478192 total
- age   3:    2422144 bytes,   12900336 total
- age   4:    3175968 bytes,   16076304 total
- age   5:    3966224 bytes,   20042528 total
: 109248K->21824K(109248K), 0.0232219 secs] 270108K->190873K(502464K), 0.0232835 secs] [Times: user=0.09 sys=0.01, real=0.02 secs] 
Heap after GC invocations=49 (full 2):
 par new generation   total 109248K, used 21824K [0x00000007a0000000, 0x00000007a8000000, 0x00000007a8000000)
  eden space 87424K,   0% used [0x00000007a0000000, 0x00000007a0000000, 0x00000007a5560000)
  from space 21824K, 100% used [0x00000007a6ab0000, 0x00000007a8000000, 0x00000007a8000000)
  to   space 21824K,   0% used [0x00000007a5560000, 0x00000007a5560000, 0x00000007a6ab0000)
 concurrent mark-sweep generation total 393216K, used 169049K [0x00000007a8000000, 0x00000007c0000000, 0x00000007c0000000)
 Metaspace       used 38518K, capacity 39114K, committed 39496K, reserved 1083392K
  class space    used 4434K, capacity 4644K, committed 4760K, reserved 1048576K
}
2016-10-24T11:29:19.158+0800: 4379.069: Total time for which application threads were stopped: 0.0234601 seconds, Stopping threads took: 0.0000294 seconds
{Heap before GC invocations=49 (full 2):
 par new generation   total 109248K, used 109248K [0x00000007a0000000, 0x00000007a8000000, 0x00000007a8000000)
  eden space 87424K, 100% used [0x00000007a0000000, 0x00000007a5560000, 0x00000007a5560000)
  from space 21824K, 100% used [0x00000007a6ab0000, 0x00000007a8000000, 0x00000007a8000000)
  to   space 21824K,   0% used [0x00000007a5560000, 0x00000007a5560000, 0x00000007a6ab0000)
 concurrent mark-sweep generation total 393216K, used 169049K [0x00000007a8000000, 0x00000007c0000000, 0x00000007c0000000)
 Metaspace       used 38518K, capacity 39114K, committed 39496K, reserved 1083392K
  class space    used 4434K, capacity 4644K, committed 4760K, reserved 1048576K
2016-10-24T11:29:19.404+0800: 4379.316: [GC (Allocation Failure) 2016-10-24T11:29:19.404+0800: 4379.316: [ParNew
Desired survivor size 20112992 bytes, new threshold 6 (max 8)
- age   1:    4324928 bytes,    4324928 total
- age   2:    5196192 bytes,    9521120 total
- age   3:    2227016 bytes,   11748136 total
- age   4:    2337648 bytes,   14085784 total
- age   5:    3135048 bytes,   17220832 total
- age   6:    3931448 bytes,   21152280 total
: 109248K->21824K(109248K), 0.0209583 secs] 278297K->195072K(502464K), 0.0210346 secs] [Times: user=0.08 sys=0.00, real=0.02 secs] 
Heap after GC invocations=50 (full 2):
 par new generation   total 109248K, used 21824K [0x00000007a0000000, 0x00000007a8000000, 0x00000007a8000000)
  eden space 87424K,   0% used [0x00000007a0000000, 0x00000007a0000000, 0x00000007a5560000)
  from space 21824K, 100% used [0x00000007a5560000, 0x00000007a6ab0000, 0x00000007a6ab0000)
  to   space 21824K,   0% used [0x00000007a6ab0000, 0x00000007a6ab0000, 0x00000007a8000000)
 concurrent mark-sweep generation total 393216K, used 173248K [0x00000007a8000000, 0x00000007c0000000, 0x00000007c0000000)
 Metaspace       used 38518K, capacity 39114K, committed 39496K, reserved 1083392K
  class space    used 4434K, capacity 4644K, committed 4760K, reserved 1048576K
}
2016-10-24T11:29:19.425+0800: 4379.337: Total time for which application threads were stopped: 0.0212105 seconds, Stopping threads took: 0.0000291 seconds
{Heap before GC invocations=50 (full 2):
 par new generation   total 109248K, used 109248K [0x00000007a0000000, 0x00000007a8000000, 0x00000007a8000000)
  eden space 87424K, 100% used [0x00000007a0000000, 0x00000007a5560000, 0x00000007a5560000)
  from space 21824K, 100% used [0x00000007a5560000, 0x00000007a6ab0000, 0x00000007a6ab0000)
  to   space 21824K,   0% used [0x00000007a6ab0000, 0x00000007a6ab0000, 0x00000007a8000000)
 concurrent mark-sweep generation total 393216K, used 173248K [0x00000007a8000000, 0x00000007c0000000, 0x00000007c0000000)
 Metaspace       used 38518K, capacity 39114K, committed 39496K, reserved 1083392K
  class space    used 4434K, capacity 4644K, committed 4760K, reserved 1048576K
2016-10-24T11:29:19.672+0800: 4379.584: [GC (Allocation Failure) 2016-10-24T11:29:19.672+0800: 4379.584: [ParNew
Desired survivor size 20112992 bytes, new threshold 6 (max 8)
- age   1:    7812312 bytes,    7812312 total
- age   2:    3589312 bytes,   11401624 total
- age   3:    3485096 bytes,   14886720 total
- age   4:    2007544 bytes,   16894264 total
- age   5:    2261392 bytes,   19155656 total
- age   6:    3058008 bytes,   22213664 total
: 109248K->21824K(109248K), 0.0296781 secs] 282496K->203300K(502464K), 0.0297348 secs] [Times: user=0.11 sys=0.01, real=0.03 secs] 
Heap after GC invocations=51 (full 2):
 par new generation   total 109248K, used 21824K [0x00000007a0000000, 0x00000007a8000000, 0x00000007a8000000)
  eden space 87424K,   0% used [0x00000007a0000000, 0x00000007a0000000, 0x00000007a5560000)
  from space 21824K, 100% used [0x00000007a6ab0000, 0x00000007a8000000, 0x00000007a8000000)
  to   space 21824K,   0% used [0x00000007a5560000, 0x00000007a5560000, 0x00000007a6ab0000)
 concurrent mark-sweep generation total 393216K, used 181476K [0x00000007a8000000, 0x00000007c0000000, 0x00000007c0000000)
 Metaspace       used 38518K, capacity 39114K, committed 39496K, reserved 1083392K
  class space    used 4434K, capacity 4644K, committed 4760K, reserved 1048576K
}
2016-10-24T11:29:19.702+0800: 4379.613: Total time for which application threads were stopped: 0.0299157 seconds, Stopping threads took: 0.0000200 seconds
{Heap before GC invocations=51 (full 2):
 par new generation   total 109248K, used 109248K [0x00000007a0000000, 0x00000007a8000000, 0x00000007a8000000)
  eden space 87424K, 100% used [0x00000007a0000000, 0x00000007a5560000, 0x00000007a5560000)
  from space 21824K, 100% used [0x00000007a6ab0000, 0x00000007a8000000, 0x00000007a8000000)
  to   space 21824K,   0% used [0x00000007a5560000, 0x00000007a5560000, 0x00000007a6ab0000)
 concurrent mark-sweep generation total 393216K, used 181476K [0x00000007a8000000, 0x00000007c0000000, 0x00000007c0000000)
 Metaspace       used 38518K, capacity 39114K, committed 39496K, reserved 1083392K
  class space    used 4434K, capacity 4644K, committed 4760K, reserved 1048576K
2016-10-24T11:29:19.973+0800: 4379.885: [GC (Allocation Failure) 2016-10-24T11:29:19.973+0800: 4379.885: [ParNew
Desired survivor size 20112992 bytes, new threshold 6 (max 8)
- age   1:    8638024 bytes,    8638024 total
- age   2:    3042624 bytes,   11680648 total
- age   3:    3270424 bytes,   14951072 total
- age   4:    3225216 bytes,   18176288 total
- age   5:    1896568 bytes,   20072856 total
- age   6:    2176640 bytes,   22249496 total
: 109248K->21824K(109248K), 0.0273766 secs] 290724K->213367K(502464K), 0.0274535 secs] [Times: user=0.10 sys=0.01, real=0.03 secs] 
Heap after GC invocations=52 (full 2):
 par new generation   total 109248K, used 21824K [0x00000007a0000000, 0x00000007a8000000, 0x00000007a8000000)
  eden space 87424K,   0% used [0x00000007a0000000, 0x00000007a0000000, 0x00000007a5560000)
  from space 21824K, 100% used [0x00000007a5560000, 0x00000007a6ab0000, 0x00000007a6ab0000)
  to   space 21824K,   0% used [0x00000007a6ab0000, 0x00000007a6ab0000, 0x00000007a8000000)
 concurrent mark-sweep generation total 393216K, used 191543K [0x00000007a8000000, 0x00000007c0000000, 0x00000007c0000000)
 Metaspace       used 38518K, capacity 39114K, committed 39496K, reserved 1083392K
  class space    used 4434K, capacity 4644K, committed 4760K, reserved 1048576K
}
2016-10-24T11:29:20.001+0800: 4379.912: Total time for which application threads were stopped: 0.0276257 seconds, Stopping threads took: 0.0000283 seconds
{Heap before GC invocations=52 (full 2):
 par new generation   total 109248K, used 109248K [0x00000007a0000000, 0x00000007a8000000, 0x00000007a8000000)
  eden space 87424K, 100% used [0x00000007a0000000, 0x00000007a5560000, 0x00000007a5560000)
  from space 21824K, 100% used [0x00000007a5560000, 0x00000007a6ab0000, 0x00000007a6ab0000)
  to   space 21824K,   0% used [0x00000007a6ab0000, 0x00000007a6ab0000, 0x00000007a8000000)
 concurrent mark-sweep generation total 393216K, used 191543K [0x00000007a8000000, 0x00000007c0000000, 0x00000007c0000000)
 Metaspace       used 38518K, capacity 39114K, committed 39496K, reserved 1083392K
  class space    used 4434K, capacity 4644K, committed 4760K, reserved 1048576K
2016-10-24T11:29:20.271+0800: 4380.183: [GC (Allocation Failure) 2016-10-24T11:29:20.271+0800: 4380.183: [ParNew
Desired survivor size 20112992 bytes, new threshold 5 (max 8)
- age   1:    4274384 bytes,    4274384 total
- age   2:    7997992 bytes,   12272376 total
- age   3:    2178232 bytes,   14450608 total
- age   4:    2737032 bytes,   17187640 total
- age   5:    2953504 bytes,   20141144 total
- age   6:    1558648 bytes,   21699792 total
: 109248K->21824K(109248K), 0.0297023 secs] 300791K->220715K(502464K), 0.0297591 secs] [Times: user=0.10 sys=0.00, real=0.03 secs] 
Heap after GC invocations=53 (full 2):
 par new generation   total 109248K, used 21824K [0x00000007a0000000, 0x00000007a8000000, 0x00000007a8000000)
  eden space 87424K,   0% used [0x00000007a0000000, 0x00000007a0000000, 0x00000007a5560000)
  from space 21824K, 100% used [0x00000007a6ab0000, 0x00000007a8000000, 0x00000007a8000000)
  to   space 21824K,   0% used [0x00000007a5560000, 0x00000007a5560000, 0x00000007a6ab0000)
 concurrent mark-sweep generation total 393216K, used 198891K [0x00000007a8000000, 0x00000007c0000000, 0x00000007c0000000)
 Metaspace       used 38518K, capacity 39114K, committed 39496K, reserved 1083392K
  class space    used 4434K, capacity 4644K, committed 4760K, reserved 1048576K
}
2016-10-24T11:29:20.301+0800: 4380.213: Total time for which application threads were stopped: 0.0299654 seconds, Stopping threads took: 0.0000269 seconds
2016-10-24T11:29:20.301+0800: 4380.213: [GC (CMS Initial Mark) [1 CMS-initial-mark: 198891K(393216K)] 222462K(502464K), 0.0069842 secs] [Times: user=0.02 sys=0.00, real=0.00 secs] 
2016-10-24T11:29:20.308+0800: 4380.220: Total time for which application threads were stopped: 0.0071269 seconds, Stopping threads took: 0.0000458 seconds
2016-10-24T11:29:20.308+0800: 4380.220: [CMS-concurrent-mark-start]
2016-10-24T11:29:20.374+0800: 4380.285: [CMS-concurrent-mark: 0.065/0.065 secs] [Times: user=0.32 sys=0.00, real=0.07 secs] 
2016-10-24T11:29:20.374+0800: 4380.285: [CMS-concurrent-preclean-start]
2016-10-24T11:29:20.380+0800: 4380.292: [CMS-concurrent-preclean: 0.006/0.006 secs] [Times: user=0.01 sys=0.00, real=0.01 secs] 
2016-10-24T11:29:20.380+0800: 4380.292: [CMS-concurrent-abortable-preclean-start]
{Heap before GC invocations=53 (full 3):
 par new generation   total 109248K, used 109248K [0x00000007a0000000, 0x00000007a8000000, 0x00000007a8000000)
  eden space 87424K, 100% used [0x00000007a0000000, 0x00000007a5560000, 0x00000007a5560000)
  from space 21824K, 100% used [0x00000007a6ab0000, 0x00000007a8000000, 0x00000007a8000000)
  to   space 21824K,   0% used [0x00000007a5560000, 0x00000007a5560000, 0x00000007a6ab0000)
 concurrent mark-sweep generation total 393216K, used 198891K [0x00000007a8000000, 0x00000007c0000000, 0x00000007c0000000)
 Metaspace       used 38518K, capacity 39114K, committed 39496K, reserved 1083392K
  class space    used 4434K, capacity 4644K, committed 4760K, reserved 1048576K
2016-10-24T11:29:20.568+0800: 4380.480: [GC (Allocation Failure) 2016-10-24T11:29:20.568+0800: 4380.480: [ParNew
Desired survivor size 20112992 bytes, new threshold 8 (max 8)
- age   1:    7444152 bytes,    7444152 total
- age   2:    4017448 bytes,   11461600 total
- age   3:    4007640 bytes,   15469240 total
- age   4:    2047968 bytes,   17517208 total
- age   5:    2576128 bytes,   20093336 total
: 109248K->21824K(109248K), 0.0263287 secs] 308139K->229960K(502464K), 0.0263824 secs] [Times: user=0.09 sys=0.00, real=0.03 secs] 
Heap after GC invocations=54 (full 3):
 par new generation   total 109248K, used 21824K [0x00000007a0000000, 0x00000007a8000000, 0x00000007a8000000)
  eden space 87424K,   0% used [0x00000007a0000000, 0x00000007a0000000, 0x00000007a5560000)
  from space 21824K, 100% used [0x00000007a5560000, 0x00000007a6ab0000, 0x00000007a6ab0000)
  to   space 21824K,   0% used [0x00000007a6ab0000, 0x00000007a6ab0000, 0x00000007a8000000)
 concurrent mark-sweep generation total 393216K, used 208136K [0x00000007a8000000, 0x00000007c0000000, 0x00000007c0000000)
 Metaspace       used 38518K, capacity 39114K, committed 39496K, reserved 1083392K
  class space    used 4434K, capacity 4644K, committed 4760K, reserved 1048576K
}
2016-10-24T11:29:20.595+0800: 4380.506: Total time for which application threads were stopped: 0.0265551 seconds, Stopping threads took: 0.0000316 seconds
2016-10-24T11:29:20.730+0800: 4380.641: [CMS-concurrent-abortable-preclean: 0.319/0.349 secs] [Times: user=0.74 sys=0.01, real=0.35 secs] 
2016-10-24T11:29:20.730+0800: 4380.641: [GC (CMS Final Remark) [YG occupancy: 70751 K (109248 K)]{Heap before GC invocations=54 (full 3):
 par new generation   total 109248K, used 70751K [0x00000007a0000000, 0x00000007a8000000, 0x00000007a8000000)
  eden space 87424K,  55% used [0x00000007a0000000, 0x00000007a2fc7e88, 0x00000007a5560000)
  from space 21824K, 100% used [0x00000007a5560000, 0x00000007a6ab0000, 0x00000007a6ab0000)
  to   space 21824K,   0% used [0x00000007a6ab0000, 0x00000007a6ab0000, 0x00000007a8000000)
 concurrent mark-sweep generation total 393216K, used 208136K [0x00000007a8000000, 0x00000007c0000000, 0x00000007c0000000)
 Metaspace       used 38518K, capacity 39114K, committed 39496K, reserved 1083392K
  class space    used 4434K, capacity 4644K, committed 4760K, reserved 1048576K
2016-10-24T11:29:20.730+0800: 4380.641: [GC (CMS Final Remark) 2016-10-24T11:29:20.730+0800: 4380.642: [ParNew
Desired survivor size 20112992 bytes, new threshold 6 (max 8)
- age   1:    2863128 bytes,    2863128 total
- age   2:    5773216 bytes,    8636344 total
- age   3:    3286088 bytes,   11922432 total
- age   4:    3909584 bytes,   15832016 total
- age   5:    1944904 bytes,   17776920 total
- age   6:    2469536 bytes,   20246456 total
: 70751K->21824K(109248K), 0.0181399 secs] 278888K->233423K(502464K), 0.0181954 secs] [Times: user=0.07 sys=0.01, real=0.01 secs] 
Heap after GC invocations=55 (full 3):
 par new generation   total 109248K, used 21824K [0x00000007a0000000, 0x00000007a8000000, 0x00000007a8000000)
  eden space 87424K,   0% used [0x00000007a0000000, 0x00000007a0000000, 0x00000007a5560000)
  from space 21824K, 100% used [0x00000007a6ab0000, 0x00000007a8000000, 0x00000007a8000000)
  to   space 21824K,   0% used [0x00000007a5560000, 0x00000007a5560000, 0x00000007a6ab0000)
 concurrent mark-sweep generation total 393216K, used 211599K [0x00000007a8000000, 0x00000007c0000000, 0x00000007c0000000)
 Metaspace       used 38518K, capacity 39114K, committed 39496K, reserved 1083392K
  class space    used 4434K, capacity 4644K, committed 4760K, reserved 1048576K
}
2016-10-24T11:29:20.748+0800: 4380.660: [Rescan (parallel) , 0.0089441 secs]2016-10-24T11:29:20.757+0800: 4380.669: [weak refs processing, 0.0009660 secs]2016-10-24T11:29:20.758+0800: 4380.670: [class unloading, 0.0078836 secs]2016-10-24T11:29:20.766+0800: 4380.678: [scrub symbol table, 0.0043146 secs]2016-10-24T11:29:20.770+0800: 4380.682: [scrub string table, 0.0004707 secs][1 CMS-remark: 211599K(393216K)] 233423K(502464K), 0.0411543 secs] [Times: user=0.12 sys=0.01, real=0.04 secs] 
2016-10-24T11:29:20.771+0800: 4380.683: Total time for which application threads were stopped: 0.0413404 seconds, Stopping threads took: 0.0000324 seconds
2016-10-24T11:29:20.771+0800: 4380.683: [CMS-concurrent-sweep-start]
2016-10-24T11:29:20.845+0800: 4380.756: [CMS-concurrent-sweep: 0.074/0.074 secs] [Times: user=0.14 sys=0.00, real=0.07 secs] 
2016-10-24T11:29:20.845+0800: 4380.756: [CMS-concurrent-reset-start]
2016-10-24T11:29:20.845+0800: 4380.757: [CMS-concurrent-reset: 0.000/0.000 secs] [Times: user=0.00 sys=0.00, real=0.00 secs] 
{Heap before GC invocations=55 (full 3):
 par new generation   total 109248K, used 109248K [0x00000007a0000000, 0x00000007a8000000, 0x00000007a8000000)
  eden space 87424K, 100% used [0x00000007a0000000, 0x00000007a5560000, 0x00000007a5560000)
  from space 21824K, 100% used [0x00000007a6ab0000, 0x00000007a8000000, 0x00000007a8000000)
  to   space 21824K,   0% used [0x00000007a5560000, 0x00000007a5560000, 0x00000007a6ab0000)
 concurrent mark-sweep generation total 393216K, used 126710K [0x00000007a8000000, 0x00000007c0000000, 0x00000007c0000000)
 Metaspace       used 38518K, capacity 39114K, committed 39496K, reserved 1083392K
  class space    used 4434K, capacity 4644K, committed 4760K, reserved 1048576K
2016-10-24T11:29:21.005+0800: 4380.917: [GC (Allocation Failure) 2016-10-24T11:29:21.005+0800: 4380.917: [ParNew
Desired survivor size 20112992 bytes, new threshold 8 (max 8)
- age   1:    6630088 bytes,    6630088 total
- age   2:    1859064 bytes,    8489152 total
- age   3:    2074568 bytes,   10563720 total
- age   4:    3076288 bytes,   13640008 total
- age   5:    3796200 bytes,   17436208 total
- age   6:    1848976 bytes,   19285184 total
: 109248K->21824K(109248K), 0.0231785 secs] 235958K->158045K(502464K), 0.0232540 secs] [Times: user=0.09 sys=0.00, real=0.02 secs] 
Heap after GC invocations=56 (full 3):
 par new generation   total 109248K, used 21824K [0x00000007a0000000, 0x00000007a8000000, 0x00000007a8000000)
  eden space 87424K,   0% used [0x00000007a0000000, 0x00000007a0000000, 0x00000007a5560000)
  from space 21824K, 100% used [0x00000007a5560000, 0x00000007a6ab0000, 0x00000007a6ab0000)
  to   space 21824K,   0% used [0x00000007a6ab0000, 0x00000007a6ab0000, 0x00000007a8000000)
 concurrent mark-sweep generation total 393216K, used 136221K [0x00000007a8000000, 0x00000007c0000000, 0x00000007c0000000)
 Metaspace       used 38518K, capacity 39114K, committed 39496K, reserved 1083392K
  class space    used 4434K, capacity 4644K, committed 4760K, reserved 1048576K
}
2016-10-24T11:29:21.028+0800: 4380.940: Total time for which application threads were stopped: 0.0234289 seconds, Stopping threads took: 0.0000308 seconds
2016-10-24T11:29:21.190+0800: 4381.101: Total time for which application threads were stopped: 0.0001410 seconds, Stopping threads took: 0.0000390 seconds
{Heap before GC invocations=56 (full 3):
 par new generation   total 109248K, used 109248K [0x00000007a0000000, 0x00000007a8000000, 0x00000007a8000000)
  eden space 87424K, 100% used [0x00000007a0000000, 0x00000007a5560000, 0x00000007a5560000)
  from space 21824K, 100% used [0x00000007a5560000, 0x00000007a6ab0000, 0x00000007a6ab0000)
  to   space 21824K,   0% used [0x00000007a6ab0000, 0x00000007a6ab0000, 0x00000007a8000000)
 concurrent mark-sweep generation total 393216K, used 136221K [0x00000007a8000000, 0x00000007c0000000, 0x00000007c0000000)
 Metaspace       used 38520K, capacity 39114K, committed 39496K, reserved 1083392K
  class space    used 4434K, capacity 4644K, committed 4760K, reserved 1048576K
2016-10-24T11:29:21.306+0800: 4381.217: [GC (Allocation Failure) 2016-10-24T11:29:21.308+0800: 4381.219: [ParNew
Desired survivor size 20112992 bytes, new threshold 6 (max 8)
- age   1:    6046048 bytes,    6046048 total
- age   2:    4129008 bytes,   10175056 total
- age   3:    1658680 bytes,   11833736 total
- age   4:    1823056 bytes,   13656792 total
- age   5:    2912024 bytes,   16568816 total
- age   6:    3786840 bytes,   20355656 total
- age   7:    1839240 bytes,   22194896 total
: 109248K->21824K(109248K), 0.0276856 secs] 245469K->161250K(502464K), 0.0295623 secs] [Times: user=0.14 sys=0.00, real=0.03 secs] 
Heap after GC invocations=57 (full 3):
 par new generation   total 109248K, used 21824K [0x00000007a0000000, 0x00000007a8000000, 0x00000007a8000000)
  eden space 87424K,   0% used [0x00000007a0000000, 0x00000007a0000000, 0x00000007a5560000)
  from space 21824K, 100% used [0x00000007a6ab0000, 0x00000007a8000000, 0x00000007a8000000)
  to   space 21824K,   0% used [0x00000007a5560000, 0x00000007a5560000, 0x00000007a6ab0000)
 concurrent mark-sweep generation total 393216K, used 139426K [0x00000007a8000000, 0x00000007c0000000, 0x00000007c0000000)
 Metaspace       used 38520K, capacity 39114K, committed 39496K, reserved 1083392K
  class space    used 4434K, capacity 4644K, committed 4760K, reserved 1048576K
}
2016-10-24T11:29:21.335+0800: 4381.247: Total time for which application threads were stopped: 0.0298394 seconds, Stopping threads took: 0.0000658 seconds
2016-10-24T11:29:21.552+0800: 4381.464: Total time for which application threads were stopped: 0.0001785 seconds, Stopping threads took: 0.0000212 seconds
{Heap before GC invocations=57 (full 3):
 par new generation   total 109248K, used 109248K [0x00000007a0000000, 0x00000007a8000000, 0x00000007a8000000)
  eden space 87424K, 100% used [0x00000007a0000000, 0x00000007a5560000, 0x00000007a5560000)
  from space 21824K, 100% used [0x00000007a6ab0000, 0x00000007a8000000, 0x00000007a8000000)
  to   space 21824K,   0% used [0x00000007a5560000, 0x00000007a5560000, 0x00000007a6ab0000)
 concurrent mark-sweep generation total 393216K, used 139426K [0x00000007a8000000, 0x00000007c0000000, 0x00000007c0000000)
 Metaspace       used 38520K, capacity 39114K, committed 39496K, reserved 1083392K
  class space    used 4434K, capacity 4644K, committed 4760K, reserved 1048576K
2016-10-24T11:29:21.610+0800: 4381.521: [GC (Allocation Failure) 2016-10-24T11:29:21.610+0800: 4381.521: [ParNew
Desired survivor size 20112992 bytes, new threshold 8 (max 8)
- age   1:    4177624 bytes,    4177624 total
- age   2:    4466920 bytes,    8644544 total
- age   3:    3952960 bytes,   12597504 total
- age   4:    1552024 bytes,   14149528 total
- age   5:    1677600 bytes,   15827128 total
- age   6:    2755736 bytes,   18582864 total
: 109248K->21824K(109248K), 0.0230164 secs] 248674K->167858K(502464K), 0.0230606 secs] [Times: user=0.11 sys=0.01, real=0.02 secs] 
Heap after GC invocations=58 (full 3):
 par new generation   total 109248K, used 21824K [0x00000007a0000000, 0x00000007a8000000, 0x00000007a8000000)
  eden space 87424K,   0% used [0x00000007a0000000, 0x00000007a0000000, 0x00000007a5560000)
  from space 21824K, 100% used [0x00000007a5560000, 0x00000007a6ab0000, 0x00000007a6ab0000)
  to   space 21824K,   0% used [0x00000007a6ab0000, 0x00000007a6ab0000, 0x00000007a8000000)
 concurrent mark-sweep generation total 393216K, used 146034K [0x00000007a8000000, 0x00000007c0000000, 0x00000007c0000000)
 Metaspace       used 38520K, capacity 39114K, committed 39496K, reserved 1083392K
  class space    used 4434K, capacity 4644K, committed 4760K, reserved 1048576K
}
2016-10-24T11:29:21.633+0800: 4381.545: Total time for which application threads were stopped: 0.0232846 seconds, Stopping threads took: 0.0000867 seconds
2016-10-24T11:29:21.678+0800: 4381.589: Total time for which application threads were stopped: 0.0001257 seconds, Stopping threads took: 0.0000210 seconds
2016-10-24T11:29:21.678+0800: 4381.590: Total time for which application threads were stopped: 0.0001487 seconds, Stopping threads took: 0.0000608 seconds
{Heap before GC invocations=58 (full 3):
 par new generation   total 109248K, used 109248K [0x00000007a0000000, 0x00000007a8000000, 0x00000007a8000000)
  eden space 87424K, 100% used [0x00000007a0000000, 0x00000007a5560000, 0x00000007a5560000)
  from space 21824K, 100% used [0x00000007a5560000, 0x00000007a6ab0000, 0x00000007a6ab0000)
  to   space 21824K,   0% used [0x00000007a6ab0000, 0x00000007a6ab0000, 0x00000007a8000000)
 concurrent mark-sweep generation total 393216K, used 146034K [0x00000007a8000000, 0x00000007c0000000, 0x00000007c0000000)
 Metaspace       used 38521K, capacity 39114K, committed 39496K, reserved 1083392K
  class space    used 4434K, capacity 4644K, committed 4760K, reserved 1048576K
2016-10-24T11:29:21.883+0800: 4381.794: [GC (Allocation Failure) 2016-10-24T11:29:21.883+0800: 4381.794: [ParNew
Desired survivor size 20112992 bytes, new threshold 7 (max 8)
- age   1:    3805016 bytes,    3805016 total
- age   2:    2869240 bytes,    6674256 total
- age   3:    4140320 bytes,   10814576 total
- age   4:    3899064 bytes,   14713640 total
- age   5:    1546888 bytes,   16260528 total
- age   6:    1662200 bytes,   17922728 total
- age   7:    2748136 bytes,   20670864 total
: 109248K->21824K(109248K), 0.0182004 secs] 255282K->170800K(502464K), 0.0182856 secs] [Times: user=0.07 sys=0.00, real=0.02 secs] 
Heap after GC invocations=59 (full 3):
 par new generation   total 109248K, used 21824K [0x00000007a0000000, 0x00000007a8000000, 0x00000007a8000000)
  eden space 87424K,   0% used [0x00000007a0000000, 0x00000007a0000000, 0x00000007a5560000)
  from space 21824K, 100% used [0x00000007a6ab0000, 0x00000007a8000000, 0x00000007a8000000)
  to   space 21824K,   0% used [0x00000007a5560000, 0x00000007a5560000, 0x00000007a6ab0000)
 concurrent mark-sweep generation total 393216K, used 148976K [0x00000007a8000000, 0x00000007c0000000, 0x00000007c0000000)
 Metaspace       used 38521K, capacity 39114K, committed 39496K, reserved 1083392K
  class space    used 4434K, capacity 4644K, committed 4760K, reserved 1048576K
}
2016-10-24T11:29:21.901+0800: 4381.813: Total time for which application threads were stopped: 0.0186243 seconds, Stopping threads took: 0.0001433 seconds
{Heap before GC invocations=59 (full 3):
 par new generation   total 109248K, used 109248K [0x00000007a0000000, 0x00000007a8000000, 0x00000007a8000000)
  eden space 87424K, 100% used [0x00000007a0000000, 0x00000007a5560000, 0x00000007a5560000)
  from space 21824K, 100% used [0x00000007a6ab0000, 0x00000007a8000000, 0x00000007a8000000)
  to   space 21824K,   0% used [0x00000007a5560000, 0x00000007a5560000, 0x00000007a6ab0000)
 concurrent mark-sweep generation total 393216K, used 148976K [0x00000007a8000000, 0x00000007c0000000, 0x00000007c0000000)
 Metaspace       used 38522K, capacity 39114K, committed 39496K, reserved 1083392K
  class space    used 4434K, capacity 4644K, committed 4760K, reserved 1048576K
2016-10-24T11:29:22.129+0800: 4382.041: [GC (Allocation Failure) 2016-10-24T11:29:22.129+0800: 4382.041: [ParNew
Desired survivor size 20112992 bytes, new threshold 7 (max 8)
- age   1:    5403728 bytes,    5403728 total
- age   2:    2504120 bytes,    7907848 total
- age   3:    2060216 bytes,    9968064 total
- age   4:    4014408 bytes,   13982472 total
- age   5:    3898760 bytes,   17881232 total
- age   6:    1546792 bytes,   19428024 total
- age   7:    1661768 bytes,   21089792 total
: 109248K->21824K(109248K), 0.0200577 secs] 258224K->176116K(502464K), 0.0201179 secs] [Times: user=0.08 sys=0.01, real=0.02 secs] 
Heap after GC invocations=60 (full 3):
 par new generation   total 109248K, used 21824K [0x00000007a0000000, 0x00000007a8000000, 0x00000007a8000000)
  eden space 87424K,   0% used [0x00000007a0000000, 0x00000007a0000000, 0x00000007a5560000)
  from space 21824K, 100% used [0x00000007a5560000, 0x00000007a6ab0000, 0x00000007a6ab0000)
  to   space 21824K,   0% used [0x00000007a6ab0000, 0x00000007a6ab0000, 0x00000007a8000000)
 concurrent mark-sweep generation total 393216K, used 154292K [0x00000007a8000000, 0x00000007c0000000, 0x00000007c0000000)
 Metaspace       used 38522K, capacity 39114K, committed 39496K, reserved 1083392K
  class space    used 4434K, capacity 4644K, committed 4760K, reserved 1048576K
}
2016-10-24T11:29:22.149+0800: 4382.061: Total time for which application threads were stopped: 0.0204129 seconds, Stopping threads took: 0.0001030 seconds
{Heap before GC invocations=60 (full 3):
 par new generation   total 109248K, used 109248K [0x00000007a0000000, 0x00000007a8000000, 0x00000007a8000000)
  eden space 87424K, 100% used [0x00000007a0000000, 0x00000007a5560000, 0x00000007a5560000)
  from space 21824K, 100% used [0x00000007a5560000, 0x00000007a6ab0000, 0x00000007a6ab0000)
  to   space 21824K,   0% used [0x00000007a6ab0000, 0x00000007a6ab0000, 0x00000007a8000000)
 concurrent mark-sweep generation total 393216K, used 154292K [0x00000007a8000000, 0x00000007c0000000, 0x00000007c0000000)
 Metaspace       used 38522K, capacity 39114K, committed 39496K, reserved 1083392K
  class space    used 4434K, capacity 4644K, committed 4760K, reserved 1048576K
2016-10-24T11:29:22.176+0800: 4382.088: [GC (Allocation Failure) 2016-10-24T11:29:22.176+0800: 4382.088: [ParNew
Desired survivor size 20112992 bytes, new threshold 8 (max 8)
- age   1:    1777392 bytes,    1777392 total
- age   2:    3913472 bytes,    5690864 total
- age   3:    1894576 bytes,    7585440 total
- age   4:    1779000 bytes,    9364440 total
- age   5:    3748784 bytes,   13113224 total
- age   6:    3883632 bytes,   16996856 total
- age   7:    1538776 bytes,   18535632 total
: 109248K->21824K(109248K), 0.0173750 secs] 263540K->179303K(502464K), 0.0174407 secs] [Times: user=0.07 sys=0.00, real=0.02 secs] 
Heap after GC invocations=61 (full 3):
 par new generation   total 109248K, used 21824K [0x00000007a0000000, 0x00000007a8000000, 0x00000007a8000000)
  eden space 87424K,   0% used [0x00000007a0000000, 0x00000007a0000000, 0x00000007a5560000)
  from space 21824K, 100% used [0x00000007a6ab0000, 0x00000007a8000000, 0x00000007a8000000)
  to   space 21824K,   0% used [0x00000007a5560000, 0x00000007a5560000, 0x00000007a6ab0000)
 concurrent mark-sweep generation total 393216K, used 157479K [0x00000007a8000000, 0x00000007c0000000, 0x00000007c0000000)
 Metaspace       used 38522K, capacity 39114K, committed 39496K, reserved 1083392K
  class space    used 4434K, capacity 4644K, committed 4760K, reserved 1048576K
}
2016-10-24T11:29:22.194+0800: 4382.105: Total time for which application threads were stopped: 0.0176674 seconds, Stopping threads took: 0.0000861 seconds
{Heap before GC invocations=61 (full 3):
 par new generation   total 109248K, used 109248K [0x00000007a0000000, 0x00000007a8000000, 0x00000007a8000000)
  eden space 87424K, 100% used [0x00000007a0000000, 0x00000007a5560000, 0x00000007a5560000)
  from space 21824K, 100% used [0x00000007a6ab0000, 0x00000007a8000000, 0x00000007a8000000)
  to   space 21824K,   0% used [0x00000007a5560000, 0x00000007a5560000, 0x00000007a6ab0000)
 concurrent mark-sweep generation total 393216K, used 157479K [0x00000007a8000000, 0x00000007c0000000, 0x00000007c0000000)
 Metaspace       used 38522K, capacity 39114K, committed 39496K, reserved 1083392K
  class space    used 4434K, capacity 4644K, committed 4760K, reserved 1048576K
2016-10-24T11:29:22.221+0800: 4382.133: [GC (Allocation Failure) 2016-10-24T11:29:22.221+0800: 4382.133: [ParNew
Desired survivor size 20112992 bytes, new threshold 8 (max 8)
- age   1:     351984 bytes,     351984 total
- age   2:    1685344 bytes,    2037328 total
- age   3:    3871240 bytes,    5908568 total
- age   4:    1875896 bytes,    7784464 total
- age   5:    1767160 bytes,    9551624 total
- age   6:    3739536 bytes,   13291160 total
- age   7:    3881968 bytes,   17173128 total
- age   8:    1537464 bytes,   18710592 total
: 109248K->21824K(109248K), 0.0193263 secs] 266727K->179392K(502464K), 0.0193806 secs] [Times: user=0.13 sys=0.00, real=0.02 secs] 
Heap after GC invocations=62 (full 3):
 par new generation   total 109248K, used 21824K [0x00000007a0000000, 0x00000007a8000000, 0x00000007a8000000)
  eden space 87424K,   0% used [0x00000007a0000000, 0x00000007a0000000, 0x00000007a5560000)
  from space 21824K, 100% used [0x00000007a5560000, 0x00000007a6ab0000, 0x00000007a6ab0000)
  to   space 21824K,   0% used [0x00000007a6ab0000, 0x00000007a6ab0000, 0x00000007a8000000)
 concurrent mark-sweep generation total 393216K, used 157568K [0x00000007a8000000, 0x00000007c0000000, 0x00000007c0000000)
 Metaspace       used 38522K, capacity 39114K, committed 39496K, reserved 1083392K
  class space    used 4434K, capacity 4644K, committed 4760K, reserved 1048576K
}
2016-10-24T11:29:22.241+0800: 4382.152: Total time for which application threads were stopped: 0.0196117 seconds, Stopping threads took: 0.0000954 seconds
{Heap before GC invocations=62 (full 3):
 par new generation   total 109248K, used 109248K [0x00000007a0000000, 0x00000007a8000000, 0x00000007a8000000)
  eden space 87424K, 100% used [0x00000007a0000000, 0x00000007a5560000, 0x00000007a5560000)
  from space 21824K, 100% used [0x00000007a5560000, 0x00000007a6ab0000, 0x00000007a6ab0000)
  to   space 21824K,   0% used [0x00000007a6ab0000, 0x00000007a6ab0000, 0x00000007a8000000)
 concurrent mark-sweep generation total 393216K, used 157568K [0x00000007a8000000, 0x00000007c0000000, 0x00000007c0000000)
 Metaspace       used 38522K, capacity 39114K, committed 39496K, reserved 1083392K
  class space    used 4434K, capacity 4644K, committed 4760K, reserved 1048576K
2016-10-24T11:29:22.329+0800: 4382.241: [GC (Allocation Failure) 2016-10-24T11:29:22.329+0800: 4382.241: [ParNew
Desired survivor size 20112992 bytes, new threshold 8 (max 8)
- age   1:    4425144 bytes,    4425144 total
- age   2:     282616 bytes,    4707760 total
- age   3:     298440 bytes,    5006200 total
- age   4:    3304016 bytes,    8310216 total
- age   5:    1536936 bytes,    9847152 total
- age   6:    1706928 bytes,   11554080 total
- age   7:    3546456 bytes,   15100536 total
- age   8:    4447376 bytes,   19547912 total
: 109248K->21824K(109248K), 0.0162429 secs] 266816K->181819K(502464K), 0.0162970 secs] [Times: user=0.06 sys=0.01, real=0.02 secs] 
Heap after GC invocations=63 (full 3):
 par new generation   total 109248K, used 21824K [0x00000007a0000000, 0x00000007a8000000, 0x00000007a8000000)
  eden space 87424K,   0% used [0x00000007a0000000, 0x00000007a0000000, 0x00000007a5560000)
  from space 21824K, 100% used [0x00000007a6ab0000, 0x00000007a8000000, 0x00000007a8000000)
  to   space 21824K,   0% used [0x00000007a5560000, 0x00000007a5560000, 0x00000007a6ab0000)
 concurrent mark-sweep generation total 393216K, used 159995K [0x00000007a8000000, 0x00000007c0000000, 0x00000007c0000000)
 Metaspace       used 38522K, capacity 39114K, committed 39496K, reserved 1083392K
  class space    used 4434K, capacity 4644K, committed 4760K, reserved 1048576K
}
2016-10-24T11:29:22.346+0800: 4382.257: Total time for which application threads were stopped: 0.0165643 seconds, Stopping threads took: 0.0000912 seconds
{Heap before GC invocations=63 (full 3):
 par new generation   total 109248K, used 109248K [0x00000007a0000000, 0x00000007a8000000, 0x00000007a8000000)
  eden space 87424K, 100% used [0x00000007a0000000, 0x00000007a5560000, 0x00000007a5560000)
  from space 21824K, 100% used [0x00000007a6ab0000, 0x00000007a8000000, 0x00000007a8000000)
  to   space 21824K,   0% used [0x00000007a5560000, 0x00000007a5560000, 0x00000007a6ab0000)
 concurrent mark-sweep generation total 393216K, used 159995K [0x00000007a8000000, 0x00000007c0000000, 0x00000007c0000000)
 Metaspace       used 38522K, capacity 39114K, committed 39496K, reserved 1083392K
  class space    used 4434K, capacity 4644K, committed 4760K, reserved 1048576K
2016-10-24T11:29:22.397+0800: 4382.309: [GC (Allocation Failure) 2016-10-24T11:29:22.397+0800: 4382.309: [ParNew
Desired survivor size 20112992 bytes, new threshold 8 (max 8)
- age   1:    1386448 bytes,    1386448 total
- age   2:    3707288 bytes,    5093736 total
- age   3:     235248 bytes,    5328984 total
- age   4:     254392 bytes,    5583376 total
- age   5:    3233104 bytes,    8816480 total
- age   6:    1485856 bytes,   10302336 total
- age   7:    1215568 bytes,   11517904 total
- age   8:    3302624 bytes,   14820528 total
: 109248K->21824K(109248K), 0.0137457 secs] 269243K->186899K(502464K), 0.0138246 secs] [Times: user=0.05 sys=0.00, real=0.02 secs] 
Heap after GC invocations=64 (full 3):
 par new generation   total 109248K, used 21824K [0x00000007a0000000, 0x00000007a8000000, 0x00000007a8000000)
  eden space 87424K,   0% used [0x00000007a0000000, 0x00000007a0000000, 0x00000007a5560000)
  from space 21824K, 100% used [0x00000007a5560000, 0x00000007a6ab0000, 0x00000007a6ab0000)
  to   space 21824K,   0% used [0x00000007a6ab0000, 0x00000007a6ab0000, 0x00000007a8000000)
 concurrent mark-sweep generation total 393216K, used 165075K [0x00000007a8000000, 0x00000007c0000000, 0x00000007c0000000)
 Metaspace       used 38522K, capacity 39114K, committed 39496K, reserved 1083392K
  class space    used 4434K, capacity 4644K, committed 4760K, reserved 1048576K
}
2016-10-24T11:29:22.411+0800: 4382.323: Total time for which application threads were stopped: 0.0140655 seconds, Stopping threads took: 0.0000709 seconds
2016-10-24T11:29:22.487+0800: 4382.398: Total time for which application threads were stopped: 0.0001503 seconds, Stopping threads took: 0.0000452 seconds
2016-10-24T11:29:22.489+0800: 4382.400: Total time for which application threads were stopped: 0.0006512 seconds, Stopping threads took: 0.0000496 seconds
2016-10-24T11:29:22.491+0800: 4382.403: Total time for which application threads were stopped: 0.0001422 seconds, Stopping threads took: 0.0000660 seconds
2016-10-24T11:29:22.502+0800: 4382.414: Total time for which application threads were stopped: 0.0001749 seconds, Stopping threads took: 0.0000780 seconds
2016-10-24T11:29:22.504+0800: 4382.415: Total time for which application threads were stopped: 0.0001585 seconds, Stopping threads took: 0.0000881 seconds
{Heap before GC invocations=64 (full 3):
 par new generation   total 109248K, used 109248K [0x00000007a0000000, 0x00000007a8000000, 0x00000007a8000000)
  eden space 87424K, 100% used [0x00000007a0000000, 0x00000007a5560000, 0x00000007a5560000)
  from space 21824K, 100% used [0x00000007a5560000, 0x00000007a6ab0000, 0x00000007a6ab0000)
  to   space 21824K,   0% used [0x00000007a6ab0000, 0x00000007a6ab0000, 0x00000007a8000000)
 concurrent mark-sweep generation total 393216K, used 165075K [0x00000007a8000000, 0x00000007c0000000, 0x00000007c0000000)
 Metaspace       used 38851K, capacity 39472K, committed 40008K, reserved 1085440K
  class space    used 4465K, capacity 4677K, committed 4760K, reserved 1048576K
2016-10-24T11:29:22.595+0800: 4382.507: [GC (Allocation Failure) 2016-10-24T11:29:22.595+0800: 4382.507: [ParNew
Desired survivor size 20112992 bytes, new threshold 8 (max 8)
- age   1:    5027488 bytes,    5027488 total
- age   2:     990464 bytes,    6017952 total
- age   3:    2214616 bytes,    8232568 total
- age   4:     235248 bytes,    8467816 total
- age   5:     254392 bytes,    8722208 total
- age   6:    3232920 bytes,   11955128 total
- age   7:    1485832 bytes,   13440960 total
- age   8:    1215496 bytes,   14656456 total
: 109248K->18462K(109248K), 0.0149770 secs] 274323K->186720K(502464K), 0.0150267 secs] [Times: user=0.07 sys=0.00, real=0.02 secs] 
Heap after GC invocations=65 (full 3):
 par new generation   total 109248K, used 18462K [0x00000007a0000000, 0x00000007a8000000, 0x00000007a8000000)
  eden space 87424K,   0% used [0x00000007a0000000, 0x00000007a0000000, 0x00000007a5560000)
  from space 21824K,  84% used [0x00000007a6ab0000, 0x00000007a7cb7938, 0x00000007a8000000)
  to   space 21824K,   0% used [0x00000007a5560000, 0x00000007a5560000, 0x00000007a6ab0000)
 concurrent mark-sweep generation total 393216K, used 168258K [0x00000007a8000000, 0x00000007c0000000, 0x00000007c0000000)
 Metaspace       used 38851K, capacity 39472K, committed 40008K, reserved 1085440K
  class space    used 4465K, capacity 4677K, committed 4760K, reserved 1048576K
}
2016-10-24T11:29:22.610+0800: 4382.522: Total time for which application threads were stopped: 0.0152026 seconds, Stopping threads took: 0.0000320 seconds
2016-10-24T11:29:22.617+0800: 4382.528: Total time for which application threads were stopped: 0.0001658 seconds, Stopping threads took: 0.0000744 seconds
2016-10-24T11:29:22.676+0800: 4382.588: Total time for which application threads were stopped: 0.0000922 seconds, Stopping threads took: 0.0000197 seconds
2016-10-24T11:29:22.677+0800: 4382.588: Total time for which application threads were stopped: 0.0001383 seconds, Stopping threads took: 0.0000660 seconds
2016-10-24T11:29:22.677+0800: 4382.589: Total time for which application threads were stopped: 0.0001116 seconds, Stopping threads took: 0.0000583 seconds
2016-10-24T11:29:22.747+0800: 4382.658: Total time for which application threads were stopped: 0.0001585 seconds, Stopping threads took: 0.0000162 seconds
2016-10-24T11:29:22.771+0800: 4382.683: Total time for which application threads were stopped: 0.0001941 seconds, Stopping threads took: 0.0000783 seconds
2016-10-24T11:29:22.772+0800: 4382.683: Total time for which application threads were stopped: 0.0001596 seconds, Stopping threads took: 0.0000473 seconds
{Heap before GC invocations=65 (full 3):
 par new generation   total 109248K, used 105886K [0x00000007a0000000, 0x00000007a8000000, 0x00000007a8000000)
  eden space 87424K, 100% used [0x00000007a0000000, 0x00000007a5560000, 0x00000007a5560000)
  from space 21824K,  84% used [0x00000007a6ab0000, 0x00000007a7cb7938, 0x00000007a8000000)
  to   space 21824K,   0% used [0x00000007a5560000, 0x00000007a5560000, 0x00000007a6ab0000)
 concurrent mark-sweep generation total 393216K, used 168258K [0x00000007a8000000, 0x00000007c0000000, 0x00000007c0000000)
 Metaspace       used 38859K, capacity 39480K, committed 40008K, reserved 1085440K
  class space    used 4465K, capacity 4677K, committed 4760K, reserved 1048576K
2016-10-24T11:29:22.856+0800: 4382.768: [GC (Allocation Failure) 2016-10-24T11:29:22.856+0800: 4382.768: [ParNew
Desired survivor size 20112992 bytes, new threshold 8 (max 8)
- age   1:    6408264 bytes,    6408264 total
- age   2:    2830808 bytes,    9239072 total
- age   3:     898504 bytes,   10137576 total
- age   4:    1946352 bytes,   12083928 total
- age   5:     204920 bytes,   12288848 total
- age   6:     213496 bytes,   12502344 total
- age   7:    2875984 bytes,   15378328 total
- age   8:    1222304 bytes,   16600632 total
: 105886K->21824K(109248K), 0.0118584 secs] 274144K->191090K(502464K), 0.0119110 secs] [Times: user=0.06 sys=0.00, real=0.01 secs] 
Heap after GC invocations=66 (full 3):
 par new generation   total 109248K, used 21824K [0x00000007a0000000, 0x00000007a8000000, 0x00000007a8000000)
  eden space 87424K,   0% used [0x00000007a0000000, 0x00000007a0000000, 0x00000007a5560000)
  from space 21824K, 100% used [0x00000007a5560000, 0x00000007a6ab0000, 0x00000007a6ab0000)
  to   space 21824K,   0% used [0x00000007a6ab0000, 0x00000007a6ab0000, 0x00000007a8000000)
 concurrent mark-sweep generation total 393216K, used 169266K [0x00000007a8000000, 0x00000007c0000000, 0x00000007c0000000)
 Metaspace       used 38859K, capacity 39480K, committed 40008K, reserved 1085440K
  class space    used 4465K, capacity 4677K, committed 4760K, reserved 1048576K
}
2016-10-24T11:29:22.868+0800: 4382.780: Total time for which application threads were stopped: 0.0121230 seconds, Stopping threads took: 0.0000582 seconds
{Heap before GC invocations=66 (full 3):
 par new generation   total 109248K, used 109248K [0x00000007a0000000, 0x00000007a8000000, 0x00000007a8000000)
  eden space 87424K, 100% used [0x00000007a0000000, 0x00000007a5560000, 0x00000007a5560000)
  from space 21824K, 100% used [0x00000007a5560000, 0x00000007a6ab0000, 0x00000007a6ab0000)
  to   space 21824K,   0% used [0x00000007a6ab0000, 0x00000007a6ab0000, 0x00000007a8000000)
 concurrent mark-sweep generation total 393216K, used 169266K [0x00000007a8000000, 0x00000007c0000000, 0x00000007c0000000)
 Metaspace       used 38859K, capacity 39480K, committed 40008K, reserved 1085440K
  class space    used 4465K, capacity 4677K, committed 4760K, reserved 1048576K
2016-10-24T11:29:22.943+0800: 4382.855: [GC (Allocation Failure) 2016-10-24T11:29:22.943+0800: 4382.855: [ParNew
Desired survivor size 20112992 bytes, new threshold 8 (max 8)
- age   1:    2653768 bytes,    2653768 total
- age   2:    5649216 bytes,    8302984 total
- age   3:    2342888 bytes,   10645872 total
- age   4:     710184 bytes,   11356056 total
- age   5:    1647592 bytes,   13003648 total
- age   6:     144328 bytes,   13147976 total
- age   7:     129224 bytes,   13277200 total
- age   8:    1823392 bytes,   15100592 total
: 109248K->18548K(109248K), 0.0097797 secs] 278514K->188611K(502464K), 0.0098508 secs] [Times: user=0.05 sys=0.01, real=0.01 secs] 
Heap after GC invocations=67 (full 3):
 par new generation   total 109248K, used 18548K [0x00000007a0000000, 0x00000007a8000000, 0x00000007a8000000)
  eden space 87424K,   0% used [0x00000007a0000000, 0x00000007a0000000, 0x00000007a5560000)
  from space 21824K,  84% used [0x00000007a6ab0000, 0x00000007a7ccd080, 0x00000007a8000000)
  to   space 21824K,   0% used [0x00000007a5560000, 0x00000007a5560000, 0x00000007a6ab0000)
 concurrent mark-sweep generation total 393216K, used 170063K [0x00000007a8000000, 0x00000007c0000000, 0x00000007c0000000)
 Metaspace       used 38859K, capacity 39480K, committed 40008K, reserved 1085440K
  class space    used 4465K, capacity 4677K, committed 4760K, reserved 1048576K
}
2016-10-24T11:29:22.953+0800: 4382.865: Total time for which application threads were stopped: 0.0101452 seconds, Stopping threads took: 0.0001017 seconds
2016-10-24T11:29:22.967+0800: 4382.878: Total time for which application threads were stopped: 0.0001738 seconds, Stopping threads took: 0.0000737 seconds
2016-10-24T11:29:22.967+0800: 4382.878: Total time for which application threads were stopped: 0.0001140 seconds, Stopping threads took: 0.0000469 seconds
2016-10-24T11:29:22.967+0800: 4382.879: Total time for which application threads were stopped: 0.0001243 seconds, Stopping threads took: 0.0000467 seconds
2016-10-24T11:29:22.967+0800: 4382.879: Total time for which application threads were stopped: 0.0000870 seconds, Stopping threads took: 0.0000104 seconds
{Heap before GC invocations=67 (full 3):
 par new generation   total 109248K, used 105972K [0x00000007a0000000, 0x00000007a8000000, 0x00000007a8000000)
  eden space 87424K, 100% used [0x00000007a0000000, 0x00000007a5560000, 0x00000007a5560000)
  from space 21824K,  84% used [0x00000007a6ab0000, 0x00000007a7ccd080, 0x00000007a8000000)
  to   space 21824K,   0% used [0x00000007a5560000, 0x00000007a5560000, 0x00000007a6ab0000)
 concurrent mark-sweep generation total 393216K, used 170063K [0x00000007a8000000, 0x00000007c0000000, 0x00000007c0000000)
 Metaspace       used 38871K, capacity 39480K, committed 40008K, reserved 1085440K
  class space    used 4467K, capacity 4677K, committed 4760K, reserved 1048576K
2016-10-24T11:29:23.199+0800: 4383.111: [GC (Allocation Failure) 2016-10-24T11:29:23.199+0800: 4383.111: [ParNew
Desired survivor size 20112992 bytes, new threshold 8 (max 8)
- age   1:    5939872 bytes,    5939872 total
- age   2:    1855352 bytes,    7795224 total
- age   3:    5255144 bytes,   13050368 total
- age   4:    2326528 bytes,   15376896 total
- age   5:     705576 bytes,   16082472 total
- age   6:    1643432 bytes,   17725904 total
- age   7:     143784 bytes,   17869688 total
- age   8:     128968 bytes,   17998656 total
: 105972K->21824K(109248K), 0.0105512 secs] 276035K->193976K(502464K), 0.0106208 secs] [Times: user=0.04 sys=0.00, real=0.02 secs] 
Heap after GC invocations=68 (full 3):
 par new generation   total 109248K, used 21824K [0x00000007a0000000, 0x00000007a8000000, 0x00000007a8000000)
  eden space 87424K,   0% used [0x00000007a0000000, 0x00000007a0000000, 0x00000007a5560000)
  from space 21824K, 100% used [0x00000007a5560000, 0x00000007a6ab0000, 0x00000007a6ab0000)
  to   space 21824K,   0% used [0x00000007a6ab0000, 0x00000007a6ab0000, 0x00000007a8000000)
 concurrent mark-sweep generation total 393216K, used 172152K [0x00000007a8000000, 0x00000007c0000000, 0x00000007c0000000)
 Metaspace       used 38871K, capacity 39480K, committed 40008K, reserved 1085440K
  class space    used 4467K, capacity 4677K, committed 4760K, reserved 1048576K
}
2016-10-24T11:29:23.210+0800: 4383.121: Total time for which application threads were stopped: 0.0108449 seconds, Stopping threads took: 0.0000317 seconds
{Heap before GC invocations=68 (full 3):
 par new generation   total 109248K, used 109248K [0x00000007a0000000, 0x00000007a8000000, 0x00000007a8000000)
  eden space 87424K, 100% used [0x00000007a0000000, 0x00000007a5560000, 0x00000007a5560000)
  from space 21824K, 100% used [0x00000007a5560000, 0x00000007a6ab0000, 0x00000007a6ab0000)
  to   space 21824K,   0% used [0x00000007a6ab0000, 0x00000007a6ab0000, 0x00000007a8000000)
 concurrent mark-sweep generation total 393216K, used 172152K [0x00000007a8000000, 0x00000007c0000000, 0x00000007c0000000)
 Metaspace       used 38871K, capacity 39480K, committed 40008K, reserved 1085440K
  class space    used 4467K, capacity 4677K, committed 4760K, reserved 1048576K
2016-10-24T11:29:23.457+0800: 4383.368: [GC (Allocation Failure) 2016-10-24T11:29:23.457+0800: 4383.368: [ParNew
Desired survivor size 20112992 bytes, new threshold 6 (max 8)
- age   1:    6249672 bytes,    6249672 total
- age   2:    4360736 bytes,   10610408 total
- age   3:    1751528 bytes,   12361936 total
- age   4:    5093984 bytes,   17455920 total
- age   5:    2291904 bytes,   19747824 total
- age   6:     697352 bytes,   20445176 total
- age   7:    1634376 bytes,   22079552 total
- age   8:     142728 bytes,   22222280 total
: 109248K->21824K(109248K), 0.0114034 secs] 281400K->194996K(502464K), 0.0114732 secs] [Times: user=0.04 sys=0.00, real=0.01 secs] 
Heap after GC invocations=69 (full 3):
 par new generation   total 109248K, used 21824K [0x00000007a0000000, 0x00000007a8000000, 0x00000007a8000000)
  eden space 87424K,   0% used [0x00000007a0000000, 0x00000007a0000000, 0x00000007a5560000)
  from space 21824K, 100% used [0x00000007a6ab0000, 0x00000007a8000000, 0x00000007a8000000)
  to   space 21824K,   0% used [0x00000007a5560000, 0x00000007a5560000, 0x00000007a6ab0000)
 concurrent mark-sweep generation total 393216K, used 173172K [0x00000007a8000000, 0x00000007c0000000, 0x00000007c0000000)
 Metaspace       used 38871K, capacity 39480K, committed 40008K, reserved 1085440K
  class space    used 4467K, capacity 4677K, committed 4760K, reserved 1048576K
}
2016-10-24T11:29:23.468+0800: 4383.380: Total time for which application threads were stopped: 0.0116535 seconds, Stopping threads took: 0.0000297 seconds
{Heap before GC invocations=69 (full 3):
 par new generation   total 109248K, used 109248K [0x00000007a0000000, 0x00000007a8000000, 0x00000007a8000000)
  eden space 87424K, 100% used [0x00000007a0000000, 0x00000007a5560000, 0x00000007a5560000)
  from space 21824K, 100% used [0x00000007a6ab0000, 0x00000007a8000000, 0x00000007a8000000)
  to   space 21824K,   0% used [0x00000007a5560000, 0x00000007a5560000, 0x00000007a6ab0000)
 concurrent mark-sweep generation total 393216K, used 173172K [0x00000007a8000000, 0x00000007c0000000, 0x00000007c0000000)
 Metaspace       used 38871K, capacity 39480K, committed 40008K, reserved 1085440K
  class space    used 4467K, capacity 4677K, committed 4760K, reserved 1048576K
2016-10-24T11:29:23.721+0800: 4383.633: [GC (Allocation Failure) 2016-10-24T11:29:23.721+0800: 4383.633: [ParNew
Desired survivor size 20112992 bytes, new threshold 8 (max 8)
- age   1:    4389160 bytes,    4389160 total
- age   2:    3289272 bytes,    7678432 total
- age   3:    2889736 bytes,   10568168 total
- age   4:    1532992 bytes,   12101160 total
- age   5:    4491272 bytes,   16592432 total
- age   6:    2255808 bytes,   18848240 total
: 109248K->21824K(109248K), 0.0133708 secs] 282420K->203518K(502464K), 0.0134541 secs] [Times: user=0.05 sys=0.00, real=0.01 secs] 
Heap after GC invocations=70 (full 3):
 par new generation   total 109248K, used 21824K [0x00000007a0000000, 0x00000007a8000000, 0x00000007a8000000)
  eden space 87424K,   0% used [0x00000007a0000000, 0x00000007a0000000, 0x00000007a5560000)
  from space 21824K, 100% used [0x00000007a5560000, 0x00000007a6ab0000, 0x00000007a6ab0000)
  to   space 21824K,   0% used [0x00000007a6ab0000, 0x00000007a6ab0000, 0x00000007a8000000)
 concurrent mark-sweep generation total 393216K, used 181694K [0x00000007a8000000, 0x00000007c0000000, 0x00000007c0000000)
 Metaspace       used 38871K, capacity 39480K, committed 40008K, reserved 1085440K
  class space    used 4467K, capacity 4677K, committed 4760K, reserved 1048576K
}
2016-10-24T11:29:23.735+0800: 4383.646: Total time for which application threads were stopped: 0.0136291 seconds, Stopping threads took: 0.0000299 seconds
{Heap before GC invocations=70 (full 3):
 par new generation   total 109248K, used 109248K [0x00000007a0000000, 0x00000007a8000000, 0x00000007a8000000)
  eden space 87424K, 100% used [0x00000007a0000000, 0x00000007a5560000, 0x00000007a5560000)
  from space 21824K, 100% used [0x00000007a5560000, 0x00000007a6ab0000, 0x00000007a6ab0000)
  to   space 21824K,   0% used [0x00000007a6ab0000, 0x00000007a6ab0000, 0x00000007a8000000)
 concurrent mark-sweep generation total 393216K, used 181694K [0x00000007a8000000, 0x00000007c0000000, 0x00000007c0000000)
 Metaspace       used 38871K, capacity 39480K, committed 40008K, reserved 1085440K
  class space    used 4467K, capacity 4677K, committed 4760K, reserved 1048576K
2016-10-24T11:29:23.992+0800: 4383.903: [GC (Allocation Failure) 2016-10-24T11:29:23.992+0800: 4383.903: [ParNew
Desired survivor size 20112992 bytes, new threshold 7 (max 8)
- age   1:    5397776 bytes,    5397776 total
- age   2:    2667408 bytes,    8065184 total
- age   3:    2657464 bytes,   10722648 total
- age   4:    2560208 bytes,   13282856 total
- age   5:    1443224 bytes,   14726080 total
- age   6:    4263824 bytes,   18989904 total
- age   7:    2205960 bytes,   21195864 total
: 109248K->21824K(109248K), 0.0133597 secs] 290942K->207341K(502464K), 0.0134306 secs] [Times: user=0.05 sys=0.00, real=0.01 secs] 
Heap after GC invocations=71 (full 3):
 par new generation   total 109248K, used 21824K [0x00000007a0000000, 0x00000007a8000000, 0x00000007a8000000)
  eden space 87424K,   0% used [0x00000007a0000000, 0x00000007a0000000, 0x00000007a5560000)
  from space 21824K, 100% used [0x00000007a6ab0000, 0x00000007a8000000, 0x00000007a8000000)
  to   space 21824K,   0% used [0x00000007a5560000, 0x00000007a5560000, 0x00000007a6ab0000)
 concurrent mark-sweep generation total 393216K, used 185517K [0x00000007a8000000, 0x00000007c0000000, 0x00000007c0000000)
 Metaspace       used 38871K, capacity 39480K, committed 40008K, reserved 1085440K
  class space    used 4467K, capacity 4677K, committed 4760K, reserved 1048576K
}
2016-10-24T11:29:24.005+0800: 4383.917: Total time for which application threads were stopped: 0.0136135 seconds, Stopping threads took: 0.0000307 seconds
{Heap before GC invocations=71 (full 3):
 par new generation   total 109248K, used 109248K [0x00000007a0000000, 0x00000007a8000000, 0x00000007a8000000)
  eden space 87424K, 100% used [0x00000007a0000000, 0x00000007a5560000, 0x00000007a5560000)
  from space 21824K, 100% used [0x00000007a6ab0000, 0x00000007a8000000, 0x00000007a8000000)
  to   space 21824K,   0% used [0x00000007a5560000, 0x00000007a5560000, 0x00000007a6ab0000)
 concurrent mark-sweep generation total 393216K, used 185517K [0x00000007a8000000, 0x00000007c0000000, 0x00000007c0000000)
 Metaspace       used 38871K, capacity 39480K, committed 40008K, reserved 1085440K
  class space    used 4467K, capacity 4677K, committed 4760K, reserved 1048576K
2016-10-24T11:29:24.258+0800: 4384.170: [GC (Allocation Failure) 2016-10-24T11:29:24.258+0800: 4384.170: [ParNew
Desired survivor size 20112992 bytes, new threshold 7 (max 8)
- age   1:    7483928 bytes,    7483928 total
- age   2:    3182736 bytes,   10666664 total
- age   3:    2137912 bytes,   12804576 total
- age   4:    1919984 bytes,   14724560 total
- age   5:    2118448 bytes,   16843008 total
- age   6:    1323432 bytes,   18166440 total
- age   7:    3975000 bytes,   22141440 total
: 109248K->21824K(109248K), 0.0166605 secs] 294765K->212969K(502464K), 0.0167411 secs] [Times: user=0.06 sys=0.00, real=0.02 secs] 
Heap after GC invocations=72 (full 3):
 par new generation   total 109248K, used 21824K [0x00000007a0000000, 0x00000007a8000000, 0x00000007a8000000)
  eden space 87424K,   0% used [0x00000007a0000000, 0x00000007a0000000, 0x00000007a5560000)
  from space 21824K, 100% used [0x00000007a5560000, 0x00000007a6ab0000, 0x00000007a6ab0000)
  to   space 21824K,   0% used [0x00000007a6ab0000, 0x00000007a6ab0000, 0x00000007a8000000)
 concurrent mark-sweep generation total 393216K, used 191145K [0x00000007a8000000, 0x00000007c0000000, 0x00000007c0000000)
 Metaspace       used 38871K, capacity 39480K, committed 40008K, reserved 1085440K
  class space    used 4467K, capacity 4677K, committed 4760K, reserved 1048576K
}
2016-10-24T11:29:24.275+0800: 4384.187: Total time for which application threads were stopped: 0.0169170 seconds, Stopping threads took: 0.0000253 seconds
{Heap before GC invocations=72 (full 3):
 par new generation   total 109248K, used 109248K [0x00000007a0000000, 0x00000007a8000000, 0x00000007a8000000)
  eden space 87424K, 100% used [0x00000007a0000000, 0x00000007a5560000, 0x00000007a5560000)
  from space 21824K, 100% used [0x00000007a5560000, 0x00000007a6ab0000, 0x00000007a6ab0000)
  to   space 21824K,   0% used [0x00000007a6ab0000, 0x00000007a6ab0000, 0x00000007a8000000)
 concurrent mark-sweep generation total 393216K, used 191145K [0x00000007a8000000, 0x00000007c0000000, 0x00000007c0000000)
 Metaspace       used 38871K, capacity 39480K, committed 40008K, reserved 1085440K
  class space    used 4467K, capacity 4677K, committed 4760K, reserved 1048576K
2016-10-24T11:29:24.538+0800: 4384.449: [GC (Allocation Failure) 2016-10-24T11:29:24.538+0800: 4384.449: [ParNew
Desired survivor size 20112992 bytes, new threshold 6 (max 8)
- age   1:    8276456 bytes,    8276456 total
- age   2:    4177720 bytes,   12454176 total
- age   3:    2832680 bytes,   15286856 total
- age   4:    1859320 bytes,   17146176 total
- age   5:    1657056 bytes,   18803232 total
- age   6:    1755584 bytes,   20558816 total
- age   7:     666816 bytes,   21225632 total
: 109248K->21824K(109248K), 0.0167744 secs] 300393K->218942K(502464K), 0.0168396 secs] [Times: user=0.06 sys=0.01, real=0.02 secs] 
Heap after GC invocations=73 (full 3):
 par new generation   total 109248K, used 21824K [0x00000007a0000000, 0x00000007a8000000, 0x00000007a8000000)
  eden space 87424K,   0% used [0x00000007a0000000, 0x00000007a0000000, 0x00000007a5560000)
  from space 21824K, 100% used [0x00000007a6ab0000, 0x00000007a8000000, 0x00000007a8000000)
  to   space 21824K,   0% used [0x00000007a5560000, 0x00000007a5560000, 0x00000007a6ab0000)
 concurrent mark-sweep generation total 393216K, used 197118K [0x00000007a8000000, 0x00000007c0000000, 0x00000007c0000000)
 Metaspace       used 38871K, capacity 39480K, committed 40008K, reserved 1085440K
  class space    used 4467K, capacity 4677K, committed 4760K, reserved 1048576K
}
2016-10-24T11:29:24.555+0800: 4384.466: Total time for which application threads were stopped: 0.0170205 seconds, Stopping threads took: 0.0000318 seconds
2016-10-24T11:29:24.555+0800: 4384.467: [GC (CMS Initial Mark) [1 CMS-initial-mark: 197118K(393216K)] 220616K(502464K), 0.0047999 secs] [Times: user=0.01 sys=0.00, real=0.01 secs] 
2016-10-24T11:29:24.560+0800: 4384.471: Total time for which application threads were stopped: 0.0049762 seconds, Stopping threads took: 0.0000570 seconds
2016-10-24T11:29:24.560+0800: 4384.471: [CMS-concurrent-mark-start]
2016-10-24T11:29:24.579+0800: 4384.491: [CMS-concurrent-mark: 0.019/0.019 secs] [Times: user=0.09 sys=0.00, real=0.01 secs] 
2016-10-24T11:29:24.579+0800: 4384.491: [CMS-concurrent-preclean-start]
2016-10-24T11:29:24.581+0800: 4384.492: [CMS-concurrent-preclean: 0.001/0.002 secs] [Times: user=0.01 sys=0.00, real=0.01 secs] 
2016-10-24T11:29:24.581+0800: 4384.492: [CMS-concurrent-abortable-preclean-start]
2016-10-24T11:29:24.764+0800: 4384.675: [CMS-concurrent-abortable-preclean: 0.183/0.183 secs] [Times: user=0.36 sys=0.00, real=0.18 secs] 
2016-10-24T11:29:24.764+0800: 4384.676: [GC (CMS Final Remark) [YG occupancy: 88914 K (109248 K)]{Heap before GC invocations=73 (full 4):
 par new generation   total 109248K, used 88914K [0x00000007a0000000, 0x00000007a8000000, 0x00000007a8000000)
  eden space 87424K,  76% used [0x00000007a0000000, 0x00000007a4184840, 0x00000007a5560000)
  from space 21824K, 100% used [0x00000007a6ab0000, 0x00000007a8000000, 0x00000007a8000000)
  to   space 21824K,   0% used [0x00000007a5560000, 0x00000007a5560000, 0x00000007a6ab0000)
 concurrent mark-sweep generation total 393216K, used 197118K [0x00000007a8000000, 0x00000007c0000000, 0x00000007c0000000)
 Metaspace       used 38871K, capacity 39480K, committed 40008K, reserved 1085440K
  class space    used 4467K, capacity 4677K, committed 4760K, reserved 1048576K
2016-10-24T11:29:24.764+0800: 4384.676: [GC (CMS Final Remark) 2016-10-24T11:29:24.764+0800: 4384.676: [ParNew
Desired survivor size 20112992 bytes, new threshold 5 (max 8)
- age   1:    8205128 bytes,    8205128 total
- age   2:    4331904 bytes,   12537032 total
- age   3:    3633072 bytes,   16170104 total
- age   4:    2459712 bytes,   18629816 total
- age   5:    1511912 bytes,   20141728 total
- age   6:    1339080 bytes,   21480808 total
: 88914K->21824K(109248K), 0.0171917 secs] 286032K->224766K(502464K), 0.0172518 secs] [Times: user=0.07 sys=0.00, real=0.02 secs] 
Heap after GC invocations=74 (full 4):
 par new generation   total 109248K, used 21824K [0x00000007a0000000, 0x00000007a8000000, 0x00000007a8000000)
  eden space 87424K,   0% used [0x00000007a0000000, 0x00000007a0000000, 0x00000007a5560000)
  from space 21824K, 100% used [0x00000007a5560000, 0x00000007a6ab0000, 0x00000007a6ab0000)
  to   space 21824K,   0% used [0x00000007a6ab0000, 0x00000007a6ab0000, 0x00000007a8000000)
 concurrent mark-sweep generation total 393216K, used 202942K [0x00000007a8000000, 0x00000007c0000000, 0x00000007c0000000)
 Metaspace       used 38871K, capacity 39480K, committed 40008K, reserved 1085440K
  class space    used 4467K, capacity 4677K, committed 4760K, reserved 1048576K
}
2016-10-24T11:29:24.781+0800: 4384.693: [Rescan (parallel) , 0.0074159 secs]2016-10-24T11:29:24.789+0800: 4384.700: [weak refs processing, 0.0008750 secs]2016-10-24T11:29:24.790+0800: 4384.701: [class unloading, 0.0087216 secs]2016-10-24T11:29:24.798+0800: 4384.710: [scrub symbol table, 0.0061464 secs]2016-10-24T11:29:24.805+0800: 4384.716: [scrub string table, 0.0006050 secs][1 CMS-remark: 202942K(393216K)] 224766K(502464K), 0.0413641 secs] [Times: user=0.11 sys=0.00, real=0.04 secs] 
2016-10-24T11:29:24.805+0800: 4384.717: Total time for which application threads were stopped: 0.0415940 seconds, Stopping threads took: 0.0001154 seconds
2016-10-24T11:29:24.805+0800: 4384.717: [CMS-concurrent-sweep-start]
2016-10-24T11:29:24.918+0800: 4384.829: [CMS-concurrent-sweep: 0.112/0.112 secs] [Times: user=0.22 sys=0.00, real=0.11 secs] 
2016-10-24T11:29:24.918+0800: 4384.829: [CMS-concurrent-reset-start]
2016-10-24T11:29:24.918+0800: 4384.830: [CMS-concurrent-reset: 0.000/0.000 secs] [Times: user=0.00 sys=0.00, real=0.00 secs] 
{Heap before GC invocations=74 (full 4):
 par new generation   total 109248K, used 109248K [0x00000007a0000000, 0x00000007a8000000, 0x00000007a8000000)
  eden space 87424K, 100% used [0x00000007a0000000, 0x00000007a5560000, 0x00000007a5560000)
  from space 21824K, 100% used [0x00000007a5560000, 0x00000007a6ab0000, 0x00000007a6ab0000)
  to   space 21824K,   0% used [0x00000007a6ab0000, 0x00000007a6ab0000, 0x00000007a8000000)
 concurrent mark-sweep generation total 393216K, used 65267K [0x00000007a8000000, 0x00000007c0000000, 0x00000007c0000000)
 Metaspace       used 38871K, capacity 39480K, committed 40008K, reserved 1085440K
  class space    used 4467K, capacity 4677K, committed 4760K, reserved 1048576K
2016-10-24T11:29:25.072+0800: 4384.984: [GC (Allocation Failure) 2016-10-24T11:29:25.072+0800: 4384.984: [ParNew
Desired survivor size 20112992 bytes, new threshold 5 (max 8)
- age   1:    6449792 bytes,    6449792 total
- age   2:    5014720 bytes,   11464512 total
- age   3:    3935928 bytes,   15400440 total
- age   4:    3326208 bytes,   18726648 total
- age   5:    2158776 bytes,   20885424 total
: 109248K->21824K(109248K), 0.0166255 secs] 174515K->93773K(502464K), 0.0167129 secs] [Times: user=0.06 sys=0.00, real=0.01 secs] 
Heap after GC invocations=75 (full 4):
 par new generation   total 109248K, used 21824K [0x00000007a0000000, 0x00000007a8000000, 0x00000007a8000000)
  eden space 87424K,   0% used [0x00000007a0000000, 0x00000007a0000000, 0x00000007a5560000)
  from space 21824K, 100% used [0x00000007a6ab0000, 0x00000007a8000000, 0x00000007a8000000)
  to   space 21824K,   0% used [0x00000007a5560000, 0x00000007a5560000, 0x00000007a6ab0000)
 concurrent mark-sweep generation total 393216K, used 71949K [0x00000007a8000000, 0x00000007c0000000, 0x00000007c0000000)
 Metaspace       used 38871K, capacity 39480K, committed 40008K, reserved 1085440K
  class space    used 4467K, capacity 4677K, committed 4760K, reserved 1048576K
}
2016-10-24T11:29:25.089+0800: 4385.001: Total time for which application threads were stopped: 0.0168906 seconds, Stopping threads took: 0.0000286 seconds
{Heap before GC invocations=75 (full 4):
 par new generation   total 109248K, used 109248K [0x00000007a0000000, 0x00000007a8000000, 0x00000007a8000000)
  eden space 87424K, 100% used [0x00000007a0000000, 0x00000007a5560000, 0x00000007a5560000)
  from space 21824K, 100% used [0x00000007a6ab0000, 0x00000007a8000000, 0x00000007a8000000)
  to   space 21824K,   0% used [0x00000007a5560000, 0x00000007a5560000, 0x00000007a6ab0000)
 concurrent mark-sweep generation total 393216K, used 71949K [0x00000007a8000000, 0x00000007c0000000, 0x00000007c0000000)
 Metaspace       used 38871K, capacity 39480K, committed 40008K, reserved 1085440K
  class space    used 4467K, capacity 4677K, committed 4760K, reserved 1048576K
2016-10-24T11:29:25.346+0800: 4385.258: [GC (Allocation Failure) 2016-10-24T11:29:25.346+0800: 4385.258: [ParNew
Desired survivor size 20112992 bytes, new threshold 5 (max 8)
- age   1:    6629728 bytes,    6629728 total
- age   2:    2868000 bytes,    9497728 total
- age   3:    4499768 bytes,   13997496 total
- age   4:    3466216 bytes,   17463712 total
- age   5:    3090616 bytes,   20554328 total
: 109248K->21824K(109248K), 0.0196486 secs] 181197K->101000K(502464K), 0.0197160 secs] [Times: user=0.07 sys=0.00, real=0.02 secs] 
Heap after GC invocations=76 (full 4):
 par new generation   total 109248K, used 21824K [0x00000007a0000000, 0x00000007a8000000, 0x00000007a8000000)
  eden space 87424K,   0% used [0x00000007a0000000, 0x00000007a0000000, 0x00000007a5560000)
  from space 21824K, 100% used [0x00000007a5560000, 0x00000007a6ab0000, 0x00000007a6ab0000)
  to   space 21824K,   0% used [0x00000007a6ab0000, 0x00000007a6ab0000, 0x00000007a8000000)
 concurrent mark-sweep generation total 393216K, used 79176K [0x00000007a8000000, 0x00000007c0000000, 0x00000007c0000000)
 Metaspace       used 38871K, capacity 39480K, committed 40008K, reserved 1085440K
  class space    used 4467K, capacity 4677K, committed 4760K, reserved 1048576K
}
2016-10-24T11:29:25.366+0800: 4385.278: Total time for which application threads were stopped: 0.0198963 seconds, Stopping threads took: 0.0000220 seconds
{Heap before GC invocations=76 (full 4):
 par new generation   total 109248K, used 109248K [0x00000007a0000000, 0x00000007a8000000, 0x00000007a8000000)
  eden space 87424K, 100% used [0x00000007a0000000, 0x00000007a5560000, 0x00000007a5560000)
  from space 21824K, 100% used [0x00000007a5560000, 0x00000007a6ab0000, 0x00000007a6ab0000)
  to   space 21824K,   0% used [0x00000007a6ab0000, 0x00000007a6ab0000, 0x00000007a8000000)
 concurrent mark-sweep generation total 393216K, used 79176K [0x00000007a8000000, 0x00000007c0000000, 0x00000007c0000000)
 Metaspace       used 38871K, capacity 39480K, committed 40008K, reserved 1085440K
  class space    used 4467K, capacity 4677K, committed 4760K, reserved 1048576K
2016-10-24T11:29:25.596+0800: 4385.508: [GC (Allocation Failure) 2016-10-24T11:29:25.596+0800: 4385.508: [ParNew
Desired survivor size 20112992 bytes, new threshold 5 (max 8)
- age   1:    8003816 bytes,    8003816 total
- age   2:    3485464 bytes,   11489280 total
- age   3:    2526960 bytes,   14016240 total
- age   4:    4256632 bytes,   18272872 total
- age   5:    3113440 bytes,   21386312 total
: 109248K->21824K(109248K), 0.0169451 secs] 188424K->108163K(502464K), 0.0170144 secs] [Times: user=0.06 sys=0.00, real=0.02 secs] 
Heap after GC invocations=77 (full 4):
 par new generation   total 109248K, used 21824K [0x00000007a0000000, 0x00000007a8000000, 0x00000007a8000000)
  eden space 87424K,   0% used [0x00000007a0000000, 0x00000007a0000000, 0x00000007a5560000)
  from space 21824K, 100% used [0x00000007a6ab0000, 0x00000007a8000000, 0x00000007a8000000)
  to   space 21824K,   0% used [0x00000007a5560000, 0x00000007a5560000, 0x00000007a6ab0000)
 concurrent mark-sweep generation total 393216K, used 86339K [0x00000007a8000000, 0x00000007c0000000, 0x00000007c0000000)
 Metaspace       used 38871K, capacity 39480K, committed 40008K, reserved 1085440K
  class space    used 4467K, capacity 4677K, committed 4760K, reserved 1048576K
}
2016-10-24T11:29:25.613+0800: 4385.525: Total time for which application threads were stopped: 0.0171900 seconds, Stopping threads took: 0.0000303 seconds
{Heap before GC invocations=77 (full 4):
 par new generation   total 109248K, used 109248K [0x00000007a0000000, 0x00000007a8000000, 0x00000007a8000000)
  eden space 87424K, 100% used [0x00000007a0000000, 0x00000007a5560000, 0x00000007a5560000)
  from space 21824K, 100% used [0x00000007a6ab0000, 0x00000007a8000000, 0x00000007a8000000)
  to   space 21824K,   0% used [0x00000007a5560000, 0x00000007a5560000, 0x00000007a6ab0000)
 concurrent mark-sweep generation total 393216K, used 86339K [0x00000007a8000000, 0x00000007c0000000, 0x00000007c0000000)
 Metaspace       used 38871K, capacity 39480K, committed 40008K, reserved 1085440K
  class space    used 4467K, capacity 4677K, committed 4760K, reserved 1048576K
2016-10-24T11:29:25.847+0800: 4385.759: [GC (Allocation Failure) 2016-10-24T11:29:25.847+0800: 4385.759: [ParNew
Desired survivor size 20112992 bytes, new threshold 5 (max 8)
- age   1:    6712576 bytes,    6712576 total
- age   2:    5362888 bytes,   12075464 total
- age   3:    2924032 bytes,   14999496 total
- age   4:    2222632 bytes,   17222128 total
- age   5:    4085456 bytes,   21307584 total
: 109248K->21824K(109248K), 0.0170908 secs] 195587K->115474K(502464K), 0.0171589 secs] [Times: user=0.06 sys=0.00, real=0.02 secs] 
Heap after GC invocations=78 (full 4):
 par new generation   total 109248K, used 21824K [0x00000007a0000000, 0x00000007a8000000, 0x00000007a8000000)
  eden space 87424K,   0% used [0x00000007a0000000, 0x00000007a0000000, 0x00000007a5560000)
  from space 21824K, 100% used [0x00000007a5560000, 0x00000007a6ab0000, 0x00000007a6ab0000)
  to   space 21824K,   0% used [0x00000007a6ab0000, 0x00000007a6ab0000, 0x00000007a8000000)
 concurrent mark-sweep generation total 393216K, used 93650K [0x00000007a8000000, 0x00000007c0000000, 0x00000007c0000000)
 Metaspace       used 38871K, capacity 39480K, committed 40008K, reserved 1085440K
  class space    used 4467K, capacity 4677K, committed 4760K, reserved 1048576K
}
2016-10-24T11:29:25.864+0800: 4385.776: Total time for which application threads were stopped: 0.0173390 seconds, Stopping threads took: 0.0000312 seconds
{Heap before GC invocations=78 (full 4):
 par new generation   total 109248K, used 109248K [0x00000007a0000000, 0x00000007a8000000, 0x00000007a8000000)
  eden space 87424K, 100% used [0x00000007a0000000, 0x00000007a5560000, 0x00000007a5560000)
  from space 21824K, 100% used [0x00000007a5560000, 0x00000007a6ab0000, 0x00000007a6ab0000)
  to   space 21824K,   0% used [0x00000007a6ab0000, 0x00000007a6ab0000, 0x00000007a8000000)
 concurrent mark-sweep generation total 393216K, used 93650K [0x00000007a8000000, 0x00000007c0000000, 0x00000007c0000000)
 Metaspace       used 38871K, capacity 39480K, committed 40008K, reserved 1085440K
  class space    used 4467K, capacity 4677K, committed 4760K, reserved 1048576K
2016-10-24T11:29:26.098+0800: 4386.010: [GC (Allocation Failure) 2016-10-24T11:29:26.098+0800: 4386.010: [ParNew
Desired survivor size 20112992 bytes, new threshold 5 (max 8)
- age   1:    8215864 bytes,    8215864 total
- age   2:    3142416 bytes,   11358280 total
- age   3:    4127280 bytes,   15485560 total
- age   4:    2746864 bytes,   18232424 total
- age   5:    2080584 bytes,   20313008 total
: 109248K->21824K(109248K), 0.0170213 secs] 202898K->123037K(502464K), 0.0171043 secs] [Times: user=0.06 sys=0.00, real=0.02 secs] 
Heap after GC invocations=79 (full 4):
 par new generation   total 109248K, used 21824K [0x00000007a0000000, 0x00000007a8000000, 0x00000007a8000000)
  eden space 87424K,   0% used [0x00000007a0000000, 0x00000007a0000000, 0x00000007a5560000)
  from space 21824K, 100% used [0x00000007a6ab0000, 0x00000007a8000000, 0x00000007a8000000)
  to   space 21824K,   0% used [0x00000007a5560000, 0x00000007a5560000, 0x00000007a6ab0000)
 concurrent mark-sweep generation total 393216K, used 101213K [0x00000007a8000000, 0x00000007c0000000, 0x00000007c0000000)
 Metaspace       used 38871K, capacity 39480K, committed 40008K, reserved 1085440K
  class space    used 4467K, capacity 4677K, committed 4760K, reserved 1048576K
}
2016-10-24T11:29:26.115+0800: 4386.027: Total time for which application threads were stopped: 0.0172830 seconds, Stopping threads took: 0.0000304 seconds
{Heap before GC invocations=79 (full 4):
 par new generation   total 109248K, used 109248K [0x00000007a0000000, 0x00000007a8000000, 0x00000007a8000000)
  eden space 87424K, 100% used [0x00000007a0000000, 0x00000007a5560000, 0x00000007a5560000)
  from space 21824K, 100% used [0x00000007a6ab0000, 0x00000007a8000000, 0x00000007a8000000)
  to   space 21824K,   0% used [0x00000007a5560000, 0x00000007a5560000, 0x00000007a6ab0000)
 concurrent mark-sweep generation total 393216K, used 101213K [0x00000007a8000000, 0x00000007c0000000, 0x00000007c0000000)
 Metaspace       used 38871K, capacity 39480K, committed 40008K, reserved 1085440K
  class space    used 4467K, capacity 4677K, committed 4760K, reserved 1048576K
2016-10-24T11:29:26.361+0800: 4386.273: [GC (Allocation Failure) 2016-10-24T11:29:26.361+0800: 4386.273: [ParNew
Desired survivor size 20112992 bytes, new threshold 5 (max 8)
- age   1:    5496696 bytes,    5496696 total
- age   2:    6155648 bytes,   11652344 total
- age   3:    3088544 bytes,   14740888 total
- age   4:    4102192 bytes,   18843080 total
- age   5:    2724944 bytes,   21568024 total
: 109248K->21824K(109248K), 0.0186387 secs] 210461K->126623K(502464K), 0.0187031 secs] [Times: user=0.07 sys=0.00, real=0.02 secs] 
Heap after GC invocations=80 (full 4):
 par new generation   total 109248K, used 21824K [0x00000007a0000000, 0x00000007a8000000, 0x00000007a8000000)
  eden space 87424K,   0% used [0x00000007a0000000, 0x00000007a0000000, 0x00000007a5560000)
  from space 21824K, 100% used [0x00000007a5560000, 0x00000007a6ab0000, 0x00000007a6ab0000)
  to   space 21824K,   0% used [0x00000007a6ab0000, 0x00000007a6ab0000, 0x00000007a8000000)
 concurrent mark-sweep generation total 393216K, used 104799K [0x00000007a8000000, 0x00000007c0000000, 0x00000007c0000000)
 Metaspace       used 38871K, capacity 39480K, committed 40008K, reserved 1085440K
  class space    used 4467K, capacity 4677K, committed 4760K, reserved 1048576K
}
2016-10-24T11:29:26.380+0800: 4386.292: Total time for which application threads were stopped: 0.0188922 seconds, Stopping threads took: 0.0000317 seconds
{Heap before GC invocations=80 (full 4):
 par new generation   total 109248K, used 109248K [0x00000007a0000000, 0x00000007a8000000, 0x00000007a8000000)
  eden space 87424K, 100% used [0x00000007a0000000, 0x00000007a5560000, 0x00000007a5560000)
  from space 21824K, 100% used [0x00000007a5560000, 0x00000007a6ab0000, 0x00000007a6ab0000)
  to   space 21824K,   0% used [0x00000007a6ab0000, 0x00000007a6ab0000, 0x00000007a8000000)
 concurrent mark-sweep generation total 393216K, used 104799K [0x00000007a8000000, 0x00000007c0000000, 0x00000007c0000000)
 Metaspace       used 38871K, capacity 39480K, committed 40008K, reserved 1085440K
  class space    used 4467K, capacity 4677K, committed 4760K, reserved 1048576K
2016-10-24T11:29:26.631+0800: 4386.543: [GC (Allocation Failure) 2016-10-24T11:29:26.631+0800: 4386.543: [ParNew
Desired survivor size 20112992 bytes, new threshold 5 (max 8)
- age   1:    8494168 bytes,    8494168 total
- age   2:    4268216 bytes,   12762384 total
- age   3:    2664360 bytes,   15426744 total
- age   4:    2645368 bytes,   18072112 total
- age   5:    3830056 bytes,   21902168 total
: 109248K->21824K(109248K), 0.0221722 secs] 214047K->139129K(502464K), 0.0222549 secs] [Times: user=0.08 sys=0.00, real=0.02 secs] 
Heap after GC invocations=81 (full 4):
 par new generation   total 109248K, used 21824K [0x00000007a0000000, 0x00000007a8000000, 0x00000007a8000000)
  eden space 87424K,   0% used [0x00000007a0000000, 0x00000007a0000000, 0x00000007a5560000)
  from space 21824K, 100% used [0x00000007a6ab0000, 0x00000007a8000000, 0x00000007a8000000)
  to   space 21824K,   0% used [0x00000007a5560000, 0x00000007a5560000, 0x00000007a6ab0000)
 concurrent mark-sweep generation total 393216K, used 117305K [0x00000007a8000000, 0x00000007c0000000, 0x00000007c0000000)
 Metaspace       used 38871K, capacity 39480K, committed 40008K, reserved 1085440K
  class space    used 4467K, capacity 4677K, committed 4760K, reserved 1048576K
}
2016-10-24T11:29:26.654+0800: 4386.565: Total time for which application threads were stopped: 0.0224288 seconds, Stopping threads took: 0.0000293 seconds
{Heap before GC invocations=81 (full 4):
 par new generation   total 109248K, used 109248K [0x00000007a0000000, 0x00000007a8000000, 0x00000007a8000000)
  eden space 87424K, 100% used [0x00000007a0000000, 0x00000007a5560000, 0x00000007a5560000)
  from space 21824K, 100% used [0x00000007a6ab0000, 0x00000007a8000000, 0x00000007a8000000)
  to   space 21824K,   0% used [0x00000007a5560000, 0x00000007a5560000, 0x00000007a6ab0000)
 concurrent mark-sweep generation total 393216K, used 117305K [0x00000007a8000000, 0x00000007c0000000, 0x00000007c0000000)
 Metaspace       used 38871K, capacity 39480K, committed 40008K, reserved 1085440K
  class space    used 4467K, capacity 4677K, committed 4760K, reserved 1048576K
2016-10-24T11:29:26.897+0800: 4386.809: [GC (Allocation Failure) 2016-10-24T11:29:26.898+0800: 4386.809: [ParNew
Desired survivor size 20112992 bytes, new threshold 8 (max 8)
- age   1:    5075048 bytes,    5075048 total
- age   2:    7469696 bytes,   12544744 total
- age   3:    2486512 bytes,   15031256 total
- age   4:    2231432 bytes,   17262688 total
- age   5:    2163488 bytes,   19426176 total
: 109248K->21824K(109248K), 0.0235209 secs] 226553K->146335K(502464K), 0.0235961 secs] [Times: user=0.08 sys=0.01, real=0.03 secs] 
Heap after GC invocations=82 (full 4):
 par new generation   total 109248K, used 21824K [0x00000007a0000000, 0x00000007a8000000, 0x00000007a8000000)
  eden space 87424K,   0% used [0x00000007a0000000, 0x00000007a0000000, 0x00000007a5560000)
  from space 21824K, 100% used [0x00000007a5560000, 0x00000007a6ab0000, 0x00000007a6ab0000)
  to   space 21824K,   0% used [0x00000007a6ab0000, 0x00000007a6ab0000, 0x00000007a8000000)
 concurrent mark-sweep generation total 393216K, used 124511K [0x00000007a8000000, 0x00000007c0000000, 0x00000007c0000000)
 Metaspace       used 38871K, capacity 39480K, committed 40008K, reserved 1085440K
  class space    used 4467K, capacity 4677K, committed 4760K, reserved 1048576K
}
2016-10-24T11:29:26.921+0800: 4386.833: Total time for which application threads were stopped: 0.0237817 seconds, Stopping threads took: 0.0000356 seconds
{Heap before GC invocations=82 (full 4):
 par new generation   total 109248K, used 109248K [0x00000007a0000000, 0x00000007a8000000, 0x00000007a8000000)
  eden space 87424K, 100% used [0x00000007a0000000, 0x00000007a5560000, 0x00000007a5560000)
  from space 21824K, 100% used [0x00000007a5560000, 0x00000007a6ab0000, 0x00000007a6ab0000)
  to   space 21824K,   0% used [0x00000007a6ab0000, 0x00000007a6ab0000, 0x00000007a8000000)
 concurrent mark-sweep generation total 393216K, used 124511K [0x00000007a8000000, 0x00000007c0000000, 0x00000007c0000000)
 Metaspace       used 38871K, capacity 39480K, committed 40008K, reserved 1085440K
  class space    used 4467K, capacity 4677K, committed 4760K, reserved 1048576K
2016-10-24T11:29:27.147+0800: 4387.058: [GC (Allocation Failure) 2016-10-24T11:29:27.147+0800: 4387.058: [ParNew
Desired survivor size 20112992 bytes, new threshold 6 (max 8)
- age   1:    7715896 bytes,    7715896 total
- age   2:    2300360 bytes,   10016256 total
- age   3:    5191160 bytes,   15207416 total
- age   4:    2110424 bytes,   17317840 total
- age   5:    1875800 bytes,   19193640 total
- age   6:    1942256 bytes,   21135896 total
: 109248K->21824K(109248K), 0.0224200 secs] 233759K->156215K(502464K), 0.0224948 secs] [Times: user=0.08 sys=0.00, real=0.02 secs] 
Heap after GC invocations=83 (full 4):
 par new generation   total 109248K, used 21824K [0x00000007a0000000, 0x00000007a8000000, 0x00000007a8000000)
  eden space 87424K,   0% used [0x00000007a0000000, 0x00000007a0000000, 0x00000007a5560000)
  from space 21824K, 100% used [0x00000007a6ab0000, 0x00000007a8000000, 0x00000007a8000000)
  to   space 21824K,   0% used [0x00000007a5560000, 0x00000007a5560000, 0x00000007a6ab0000)
 concurrent mark-sweep generation total 393216K, used 134391K [0x00000007a8000000, 0x00000007c0000000, 0x00000007c0000000)
 Metaspace       used 38871K, capacity 39480K, committed 40008K, reserved 1085440K
  class space    used 4467K, capacity 4677K, committed 4760K, reserved 1048576K
}
2016-10-24T11:29:27.169+0800: 4387.081: Total time for which application threads were stopped: 0.0226801 seconds, Stopping threads took: 0.0000292 seconds
{Heap before GC invocations=83 (full 4):
 par new generation   total 109248K, used 109248K [0x00000007a0000000, 0x00000007a8000000, 0x00000007a8000000)
  eden space 87424K, 100% used [0x00000007a0000000, 0x00000007a5560000, 0x00000007a5560000)
  from space 21824K, 100% used [0x00000007a6ab0000, 0x00000007a8000000, 0x00000007a8000000)
  to   space 21824K,   0% used [0x00000007a5560000, 0x00000007a5560000, 0x00000007a6ab0000)
 concurrent mark-sweep generation total 393216K, used 134391K [0x00000007a8000000, 0x00000007c0000000, 0x00000007c0000000)
 Metaspace       used 38871K, capacity 39480K, committed 40008K, reserved 1085440K
  class space    used 4467K, capacity 4677K, committed 4760K, reserved 1048576K
2016-10-24T11:29:27.433+0800: 4387.345: [GC (Allocation Failure) 2016-10-24T11:29:27.433+0800: 4387.345: [ParNew
Desired survivor size 20112992 bytes, new threshold 8 (max 8)
- age   1:    4050192 bytes,    4050192 total
- age   2:    5337792 bytes,    9387984 total
- age   3:    2092096 bytes,   11480080 total
- age   4:    4517128 bytes,   15997208 total
- age   5:    2076600 bytes,   18073808 total
- age   6:    1796328 bytes,   19870136 total
: 109248K->21824K(109248K), 0.0224175 secs] 243639K->162215K(502464K), 0.0224736 secs] [Times: user=0.08 sys=0.00, real=0.02 secs] 
Heap after GC invocations=84 (full 4):
 par new generation   total 109248K, used 21824K [0x00000007a0000000, 0x00000007a8000000, 0x00000007a8000000)
  eden space 87424K,   0% used [0x00000007a0000000, 0x00000007a0000000, 0x00000007a5560000)
  from space 21824K, 100% used [0x00000007a5560000, 0x00000007a6ab0000, 0x00000007a6ab0000)
  to   space 21824K,   0% used [0x00000007a6ab0000, 0x00000007a6ab0000, 0x00000007a8000000)
 concurrent mark-sweep generation total 393216K, used 140391K [0x00000007a8000000, 0x00000007c0000000, 0x00000007c0000000)
 Metaspace       used 38871K, capacity 39480K, committed 40008K, reserved 1085440K
  class space    used 4467K, capacity 4677K, committed 4760K, reserved 1048576K
}
2016-10-24T11:29:27.456+0800: 4387.368: Total time for which application threads were stopped: 0.0226554 seconds, Stopping threads took: 0.0000291 seconds
{Heap before GC invocations=84 (full 4):
 par new generation   total 109248K, used 109248K [0x00000007a0000000, 0x00000007a8000000, 0x00000007a8000000)
  eden space 87424K, 100% used [0x00000007a0000000, 0x00000007a5560000, 0x00000007a5560000)
  from space 21824K, 100% used [0x00000007a5560000, 0x00000007a6ab0000, 0x00000007a6ab0000)
  to   space 21824K,   0% used [0x00000007a6ab0000, 0x00000007a6ab0000, 0x00000007a8000000)
 concurrent mark-sweep generation total 393216K, used 140391K [0x00000007a8000000, 0x00000007c0000000, 0x00000007c0000000)
 Metaspace       used 38871K, capacity 39480K, committed 40008K, reserved 1085440K
  class space    used 4467K, capacity 4677K, committed 4760K, reserved 1048576K
2016-10-24T11:29:27.695+0800: 4387.606: [GC (Allocation Failure) 2016-10-24T11:29:27.695+0800: 4387.606: [ParNew
Desired survivor size 20112992 bytes, new threshold 7 (max 8)
- age   1:    4494944 bytes,    4494944 total
- age   2:    2962688 bytes,    7457632 total
- age   3:    2617192 bytes,   10074824 total
- age   4:    2024384 bytes,   12099208 total
- age   5:    4495080 bytes,   16594288 total
- age   6:    2063672 bytes,   18657960 total
- age   7:    1786184 bytes,   20444144 total
: 109248K->21824K(109248K), 0.0192135 secs] 249639K->172086K(502464K), 0.0192897 secs] [Times: user=0.07 sys=0.00, real=0.02 secs] 
Heap after GC invocations=85 (full 4):
 par new generation   total 109248K, used 21824K [0x00000007a0000000, 0x00000007a8000000, 0x00000007a8000000)
  eden space 87424K,   0% used [0x00000007a0000000, 0x00000007a0000000, 0x00000007a5560000)
  from space 21824K, 100% used [0x00000007a6ab0000, 0x00000007a8000000, 0x00000007a8000000)
  to   space 21824K,   0% used [0x00000007a5560000, 0x00000007a5560000, 0x00000007a6ab0000)
 concurrent mark-sweep generation total 393216K, used 150262K [0x00000007a8000000, 0x00000007c0000000, 0x00000007c0000000)
 Metaspace       used 38871K, capacity 39480K, committed 40008K, reserved 1085440K
  class space    used 4467K, capacity 4677K, committed 4760K, reserved 1048576K
}
2016-10-24T11:29:27.714+0800: 4387.626: Total time for which application threads were stopped: 0.0194813 seconds, Stopping threads took: 0.0000293 seconds
{Heap before GC invocations=85 (full 4):
 par new generation   total 109248K, used 109248K [0x00000007a0000000, 0x00000007a8000000, 0x00000007a8000000)
  eden space 87424K, 100% used [0x00000007a0000000, 0x00000007a5560000, 0x00000007a5560000)
  from space 21824K, 100% used [0x00000007a6ab0000, 0x00000007a8000000, 0x00000007a8000000)
  to   space 21824K,   0% used [0x00000007a5560000, 0x00000007a5560000, 0x00000007a6ab0000)
 concurrent mark-sweep generation total 393216K, used 150262K [0x00000007a8000000, 0x00000007c0000000, 0x00000007c0000000)
 Metaspace       used 38871K, capacity 39480K, committed 40008K, reserved 1085440K
  class space    used 4467K, capacity 4677K, committed 4760K, reserved 1048576K
2016-10-24T11:29:27.973+0800: 4387.884: [GC (Allocation Failure) 2016-10-24T11:29:27.973+0800: 4387.884: [ParNew
Desired survivor size 20112992 bytes, new threshold 7 (max 8)
- age   1:    5648096 bytes,    5648096 total
- age   2:    3887976 bytes,    9536072 total
- age   3:    2427032 bytes,   11963104 total
- age   4:     858280 bytes,   12821384 total
- age   5:    1738712 bytes,   14560096 total
- age   6:    4456600 bytes,   19016696 total
- age   7:    2032552 bytes,   21049248 total
: 109248K->21824K(109248K), 0.0225653 secs] 259510K->176328K(502464K), 0.0226290 secs] [Times: user=0.08 sys=0.00, real=0.02 secs] 
Heap after GC invocations=86 (full 4):
 par new generation   total 109248K, used 21824K [0x00000007a0000000, 0x00000007a8000000, 0x00000007a8000000)
  eden space 87424K,   0% used [0x00000007a0000000, 0x00000007a0000000, 0x00000007a5560000)
  from space 21824K, 100% used [0x00000007a5560000, 0x00000007a6ab0000, 0x00000007a6ab0000)
  to   space 21824K,   0% used [0x00000007a6ab0000, 0x00000007a6ab0000, 0x00000007a8000000)
 concurrent mark-sweep generation total 393216K, used 154504K [0x00000007a8000000, 0x00000007c0000000, 0x00000007c0000000)
 Metaspace       used 38871K, capacity 39480K, committed 40008K, reserved 1085440K
  class space    used 4467K, capacity 4677K, committed 4760K, reserved 1048576K
}
2016-10-24T11:29:27.995+0800: 4387.907: Total time for which application threads were stopped: 0.0227989 seconds, Stopping threads took: 0.0000300 seconds
{Heap before GC invocations=86 (full 4):
 par new generation   total 109248K, used 109248K [0x00000007a0000000, 0x00000007a8000000, 0x00000007a8000000)
  eden space 87424K, 100% used [0x00000007a0000000, 0x00000007a5560000, 0x00000007a5560000)
  from space 21824K, 100% used [0x00000007a5560000, 0x00000007a6ab0000, 0x00000007a6ab0000)
  to   space 21824K,   0% used [0x00000007a6ab0000, 0x00000007a6ab0000, 0x00000007a8000000)
 concurrent mark-sweep generation total 393216K, used 154504K [0x00000007a8000000, 0x00000007c0000000, 0x00000007c0000000)
 Metaspace       used 38871K, capacity 39480K, committed 40008K, reserved 1085440K
  class space    used 4467K, capacity 4677K, committed 4760K, reserved 1048576K
2016-10-24T11:29:28.252+0800: 4388.164: [GC (Allocation Failure) 2016-10-24T11:29:28.252+0800: 4388.164: [ParNew
Desired survivor size 20112992 bytes, new threshold 7 (max 8)
- age   1:    7187744 bytes,    7187744 total
- age   2:    4238384 bytes,   11426128 total
- age   3:    2558824 bytes,   13984952 total
- age   4:    1952280 bytes,   15937232 total
- age   5:     605680 bytes,   16542912 total
- age   6:    1492880 bytes,   18035792 total
- age   7:    4311864 bytes,   22347656 total
: 109248K->21824K(109248K), 0.0258619 secs] 263752K->191180K(502464K), 0.0259300 secs] [Times: user=0.09 sys=0.00, real=0.02 secs] 
Heap after GC invocations=87 (full 4):
 par new generation   total 109248K, used 21824K [0x00000007a0000000, 0x00000007a8000000, 0x00000007a8000000)
  eden space 87424K,   0% used [0x00000007a0000000, 0x00000007a0000000, 0x00000007a5560000)
  from space 21824K, 100% used [0x00000007a6ab0000, 0x00000007a8000000, 0x00000007a8000000)
  to   space 21824K,   0% used [0x00000007a5560000, 0x00000007a5560000, 0x00000007a6ab0000)
 concurrent mark-sweep generation total 393216K, used 169356K [0x00000007a8000000, 0x00000007c0000000, 0x00000007c0000000)
 Metaspace       used 38871K, capacity 39480K, committed 40008K, reserved 1085440K
  class space    used 4467K, capacity 4677K, committed 4760K, reserved 1048576K
}
2016-10-24T11:29:28.278+0800: 4388.190: Total time for which application threads were stopped: 0.0261058 seconds, Stopping threads took: 0.0000213 seconds
{Heap before GC invocations=87 (full 4):
 par new generation   total 109248K, used 109248K [0x00000007a0000000, 0x00000007a8000000, 0x00000007a8000000)
  eden space 87424K, 100% used [0x00000007a0000000, 0x00000007a5560000, 0x00000007a5560000)
  from space 21824K, 100% used [0x00000007a6ab0000, 0x00000007a8000000, 0x00000007a8000000)
  to   space 21824K,   0% used [0x00000007a5560000, 0x00000007a5560000, 0x00000007a6ab0000)
 concurrent mark-sweep generation total 393216K, used 169356K [0x00000007a8000000, 0x00000007c0000000, 0x00000007c0000000)
 Metaspace       used 38873K, capacity 39480K, committed 40008K, reserved 1085440K
  class space    used 4467K, capacity 4677K, committed 4760K, reserved 1048576K
2016-10-24T11:29:29.278+0800: 4389.190: [GC (Allocation Failure) 2016-10-24T11:29:29.278+0800: 4389.190: [ParNew
Desired survivor size 20112992 bytes, new threshold 7 (max 8)
- age   1:    4427096 bytes,    4427096 total
- age   2:    7076376 bytes,   11503472 total
- age   3:    2325832 bytes,   13829304 total
- age   4:    2505456 bytes,   16334760 total
- age   5:    1931392 bytes,   18266152 total
- age   6:     590680 bytes,   18856832 total
- age   7:    1473880 bytes,   20330712 total
: 109248K->21824K(109248K), 0.0150838 secs] 278604K->195752K(502464K), 0.0151633 secs] [Times: user=0.05 sys=0.00, real=0.02 secs] 
Heap after GC invocations=88 (full 4):
 par new generation   total 109248K, used 21824K [0x00000007a0000000, 0x00000007a8000000, 0x00000007a8000000)
  eden space 87424K,   0% used [0x00000007a0000000, 0x00000007a0000000, 0x00000007a5560000)
  from space 21824K, 100% used [0x00000007a5560000, 0x00000007a6ab0000, 0x00000007a6ab0000)
  to   space 21824K,   0% used [0x00000007a6ab0000, 0x00000007a6ab0000, 0x00000007a8000000)
 concurrent mark-sweep generation total 393216K, used 173928K [0x00000007a8000000, 0x00000007c0000000, 0x00000007c0000000)
 Metaspace       used 38873K, capacity 39480K, committed 40008K, reserved 1085440K
  class space    used 4467K, capacity 4677K, committed 4760K, reserved 1048576K
}
2016-10-24T11:29:29.294+0800: 4389.205: Total time for which application threads were stopped: 0.0153622 seconds, Stopping threads took: 0.0000199 seconds
{Heap before GC invocations=88 (full 4):
 par new generation   total 109248K, used 109248K [0x00000007a0000000, 0x00000007a8000000, 0x00000007a8000000)
  eden space 87424K, 100% used [0x00000007a0000000, 0x00000007a5560000, 0x00000007a5560000)
  from space 21824K, 100% used [0x00000007a5560000, 0x00000007a6ab0000, 0x00000007a6ab0000)
  to   space 21824K,   0% used [0x00000007a6ab0000, 0x00000007a6ab0000, 0x00000007a8000000)
 concurrent mark-sweep generation total 393216K, used 173928K [0x00000007a8000000, 0x00000007c0000000, 0x00000007c0000000)
 Metaspace       used 38873K, capacity 39480K, committed 40008K, reserved 1085440K
  class space    used 4467K, capacity 4677K, committed 4760K, reserved 1048576K
2016-10-24T11:29:29.324+0800: 4389.236: [GC (Allocation Failure) 2016-10-24T11:29:29.324+0800: 4389.236: [ParNew
Desired survivor size 20112992 bytes, new threshold 8 (max 8)
- age   1:      68376 bytes,      68376 total
- age   2:    4213440 bytes,    4281816 total
- age   3:    7049688 bytes,   11331504 total
- age   4:    2298704 bytes,   13630208 total
- age   5:    2490352 bytes,   16120560 total
- age   6:    1915824 bytes,   18036384 total
- age   7:     581832 bytes,   18618216 total
: 109248K->21824K(109248K), 0.0137374 secs] 283176K->197500K(502464K), 0.0138044 secs] [Times: user=0.06 sys=0.00, real=0.01 secs] 
Heap after GC invocations=89 (full 4):
 par new generation   total 109248K, used 21824K [0x00000007a0000000, 0x00000007a8000000, 0x00000007a8000000)
  eden space 87424K,   0% used [0x00000007a0000000, 0x00000007a0000000, 0x00000007a5560000)
  from space 21824K, 100% used [0x00000007a6ab0000, 0x00000007a8000000, 0x00000007a8000000)
  to   space 21824K,   0% used [0x00000007a5560000, 0x00000007a5560000, 0x00000007a6ab0000)
 concurrent mark-sweep generation total 393216K, used 175676K [0x00000007a8000000, 0x00000007c0000000, 0x00000007c0000000)
 Metaspace       used 38873K, capacity 39480K, committed 40008K, reserved 1085440K
  class space    used 4467K, capacity 4677K, committed 4760K, reserved 1048576K
}
2016-10-24T11:29:29.338+0800: 4389.250: Total time for which application threads were stopped: 0.0139830 seconds, Stopping threads took: 0.0000221 seconds
{Heap before GC invocations=89 (full 4):
 par new generation   total 109248K, used 109248K [0x00000007a0000000, 0x00000007a8000000, 0x00000007a8000000)
  eden space 87424K, 100% used [0x00000007a0000000, 0x00000007a5560000, 0x00000007a5560000)
  from space 21824K, 100% used [0x00000007a6ab0000, 0x00000007a8000000, 0x00000007a8000000)
  to   space 21824K,   0% used [0x00000007a5560000, 0x00000007a5560000, 0x00000007a6ab0000)
 concurrent mark-sweep generation total 393216K, used 175676K [0x00000007a8000000, 0x00000007c0000000, 0x00000007c0000000)
 Metaspace       used 38873K, capacity 39480K, committed 40008K, reserved 1085440K
  class space    used 4467K, capacity 4677K, committed 4760K, reserved 1048576K
2016-10-24T11:29:29.368+0800: 4389.280: [GC (Allocation Failure) 2016-10-24T11:29:29.368+0800: 4389.280: [ParNew
Desired survivor size 20112992 bytes, new threshold 8 (max 8)
- age   1:        368 bytes,        368 total
- age   3:    4139664 bytes,    4140032 total
- age   4:    7039440 bytes,   11179472 total
- age   5:    2286688 bytes,   13466160 total
- age   6:    2480512 bytes,   15946672 total
- age   7:    1905424 bytes,   17852096 total
- age   8:     574808 bytes,   18426904 total
: 109248K->21824K(109248K), 0.0128101 secs] 284924K->197698K(502464K), 0.0128621 secs] [Times: user=0.05 sys=0.00, real=0.02 secs] 
Heap after GC invocations=90 (full 4):
 par new generation   total 109248K, used 21824K [0x00000007a0000000, 0x00000007a8000000, 0x00000007a8000000)
  eden space 87424K,   0% used [0x00000007a0000000, 0x00000007a0000000, 0x00000007a5560000)
  from space 21824K, 100% used [0x00000007a5560000, 0x00000007a6ab0000, 0x00000007a6ab0000)
  to   space 21824K,   0% used [0x00000007a6ab0000, 0x00000007a6ab0000, 0x00000007a8000000)
 concurrent mark-sweep generation total 393216K, used 175874K [0x00000007a8000000, 0x00000007c0000000, 0x00000007c0000000)
 Metaspace       used 38873K, capacity 39480K, committed 40008K, reserved 1085440K
  class space    used 4467K, capacity 4677K, committed 4760K, reserved 1048576K
}
2016-10-24T11:29:29.381+0800: 4389.293: Total time for which application threads were stopped: 0.0130357 seconds, Stopping threads took: 0.0000328 seconds
{Heap before GC invocations=90 (full 4):
 par new generation   total 109248K, used 109248K [0x00000007a0000000, 0x00000007a8000000, 0x00000007a8000000)
  eden space 87424K, 100% used [0x00000007a0000000, 0x00000007a5560000, 0x00000007a5560000)
  from space 21824K, 100% used [0x00000007a5560000, 0x00000007a6ab0000, 0x00000007a6ab0000)
  to   space 21824K,   0% used [0x00000007a6ab0000, 0x00000007a6ab0000, 0x00000007a8000000)
 concurrent mark-sweep generation total 393216K, used 175874K [0x00000007a8000000, 0x00000007c0000000, 0x00000007c0000000)
 Metaspace       used 38873K, capacity 39480K, committed 40008K, reserved 1085440K
  class space    used 4467K, capacity 4677K, committed 4760K, reserved 1048576K
2016-10-24T11:29:29.479+0800: 4389.391: [GC (Allocation Failure) 2016-10-24T11:29:29.479+0800: 4389.391: [ParNew
Desired survivor size 20112992 bytes, new threshold 8 (max 8)
- age   1:     150064 bytes,     150064 total
- age   4:    3683808 bytes,    3833872 total
- age   5:    7038824 bytes,   10872696 total
- age   6:    2285552 bytes,   13158248 total
- age   7:    2478912 bytes,   15637160 total
- age   8:    1904824 bytes,   17541984 total
: 109248K->21824K(109248K), 0.0132213 secs] 285122K->198733K(502464K), 0.0132831 secs] [Times: user=0.05 sys=0.00, real=0.02 secs] 
Heap after GC invocations=91 (full 4):
 par new generation   total 109248K, used 21824K [0x00000007a0000000, 0x00000007a8000000, 0x00000007a8000000)
  eden space 87424K,   0% used [0x00000007a0000000, 0x00000007a0000000, 0x00000007a5560000)
  from space 21824K, 100% used [0x00000007a6ab0000, 0x00000007a8000000, 0x00000007a8000000)
  to   space 21824K,   0% used [0x00000007a5560000, 0x00000007a5560000, 0x00000007a6ab0000)
 concurrent mark-sweep generation total 393216K, used 176909K [0x00000007a8000000, 0x00000007c0000000, 0x00000007c0000000)
 Metaspace       used 38873K, capacity 39480K, committed 40008K, reserved 1085440K
  class space    used 4467K, capacity 4677K, committed 4760K, reserved 1048576K
}
2016-10-24T11:29:29.493+0800: 4389.405: Total time for which application threads were stopped: 0.0134507 seconds, Stopping threads took: 0.0000193 seconds
2016-10-24T11:29:29.635+0800: 4389.547: Total time for which application threads were stopped: 0.0000839 seconds, Stopping threads took: 0.0000167 seconds
2016-10-24T11:29:29.635+0800: 4389.547: Total time for which application threads were stopped: 0.0000671 seconds, Stopping threads took: 0.0000177 seconds
2016-10-24T11:29:29.635+0800: 4389.547: Total time for which application threads were stopped: 0.0000515 seconds, Stopping threads took: 0.0000095 seconds
{Heap before GC invocations=91 (full 4):
 par new generation   total 109248K, used 109248K [0x00000007a0000000, 0x00000007a8000000, 0x00000007a8000000)
  eden space 87424K, 100% used [0x00000007a0000000, 0x00000007a5560000, 0x00000007a5560000)
  from space 21824K, 100% used [0x00000007a6ab0000, 0x00000007a8000000, 0x00000007a8000000)
  to   space 21824K,   0% used [0x00000007a5560000, 0x00000007a5560000, 0x00000007a6ab0000)
 concurrent mark-sweep generation total 393216K, used 176909K [0x00000007a8000000, 0x00000007c0000000, 0x00000007c0000000)
 Metaspace       used 38875K, capacity 39480K, committed 40008K, reserved 1085440K
  class space    used 4467K, capacity 4677K, committed 4760K, reserved 1048576K
2016-10-24T11:29:29.637+0800: 4389.549: [GC (Allocation Failure) 2016-10-24T11:29:29.637+0800: 4389.549: [ParNew
Desired survivor size 20112992 bytes, new threshold 8 (max 8)
- age   1:     396752 bytes,     396752 total
- age   2:      76176 bytes,     472928 total
- age   5:    3581984 bytes,    4054912 total
- age   6:    6811288 bytes,   10866200 total
- age   7:    2112272 bytes,   12978472 total
- age   8:    2341152 bytes,   15319624 total
: 109248K->17385K(109248K), 0.0120033 secs] 286157K->196068K(502464K), 0.0120630 secs] [Times: user=0.04 sys=0.00, real=0.01 secs] 
Heap after GC invocations=92 (full 4):
 par new generation   total 109248K, used 17385K [0x00000007a0000000, 0x00000007a8000000, 0x00000007a8000000)
  eden space 87424K,   0% used [0x00000007a0000000, 0x00000007a0000000, 0x00000007a5560000)
  from space 21824K,  79% used [0x00000007a5560000, 0x00000007a665a6a0, 0x00000007a6ab0000)
  to   space 21824K,   0% used [0x00000007a6ab0000, 0x00000007a6ab0000, 0x00000007a8000000)
 concurrent mark-sweep generation total 393216K, used 178682K [0x00000007a8000000, 0x00000007c0000000, 0x00000007c0000000)
 Metaspace       used 38875K, capacity 39480K, committed 40008K, reserved 1085440K
  class space    used 4467K, capacity 4677K, committed 4760K, reserved 1048576K
}
2016-10-24T11:29:29.649+0800: 4389.561: Total time for which application threads were stopped: 0.0121952 seconds, Stopping threads took: 0.0000086 seconds
{Heap before GC invocations=92 (full 4):
 par new generation   total 109248K, used 104809K [0x00000007a0000000, 0x00000007a8000000, 0x00000007a8000000)
  eden space 87424K, 100% used [0x00000007a0000000, 0x00000007a5560000, 0x00000007a5560000)
  from space 21824K,  79% used [0x00000007a5560000, 0x00000007a665a6a0, 0x00000007a6ab0000)
  to   space 21824K,   0% used [0x00000007a6ab0000, 0x00000007a6ab0000, 0x00000007a8000000)
 concurrent mark-sweep generation total 393216K, used 178682K [0x00000007a8000000, 0x00000007c0000000, 0x00000007c0000000)
 Metaspace       used 38875K, capacity 39480K, committed 40008K, reserved 1085440K
  class space    used 4467K, capacity 4677K, committed 4760K, reserved 1048576K
2016-10-24T11:29:29.901+0800: 4389.813: [GC (Allocation Failure) 2016-10-24T11:29:29.901+0800: 4389.813: [ParNew
Desired survivor size 20112992 bytes, new threshold 8 (max 8)
- age   1:    5642352 bytes,    5642352 total
- age   2:     376368 bytes,    6018720 total
- age   3:      76176 bytes,    6094896 total
- age   6:    3581888 bytes,    9676784 total
- age   7:    6811288 bytes,   16488072 total
- age   8:    2112272 bytes,   18600344 total
: 104809K->20712K(109248K), 0.0161485 secs] 283492K->201700K(502464K), 0.0162205 secs] [Times: user=0.06 sys=0.00, real=0.01 secs] 
Heap after GC invocations=93 (full 4):
 par new generation   total 109248K, used 20712K [0x00000007a0000000, 0x00000007a8000000, 0x00000007a8000000)
  eden space 87424K,   0% used [0x00000007a0000000, 0x00000007a0000000, 0x00000007a5560000)
  from space 21824K,  94% used [0x00000007a6ab0000, 0x00000007a7eea200, 0x00000007a8000000)
  to   space 21824K,   0% used [0x00000007a5560000, 0x00000007a5560000, 0x00000007a6ab0000)
 concurrent mark-sweep generation total 393216K, used 180988K [0x00000007a8000000, 0x00000007c0000000, 0x00000007c0000000)
 Metaspace       used 38875K, capacity 39480K, committed 40008K, reserved 1085440K
  class space    used 4467K, capacity 4677K, committed 4760K, reserved 1048576K
}
2016-10-24T11:29:29.918+0800: 4389.830: Total time for which application threads were stopped: 0.0164014 seconds, Stopping threads took: 0.0000307 seconds
{Heap before GC invocations=93 (full 4):
 par new generation   total 109248K, used 108136K [0x00000007a0000000, 0x00000007a8000000, 0x00000007a8000000)
  eden space 87424K, 100% used [0x00000007a0000000, 0x00000007a5560000, 0x00000007a5560000)
  from space 21824K,  94% used [0x00000007a6ab0000, 0x00000007a7eea200, 0x00000007a8000000)
  to   space 21824K,   0% used [0x00000007a5560000, 0x00000007a5560000, 0x00000007a6ab0000)
 concurrent mark-sweep generation total 393216K, used 180988K [0x00000007a8000000, 0x00000007c0000000, 0x00000007c0000000)
 Metaspace       used 38875K, capacity 39480K, committed 40008K, reserved 1085440K
  class space    used 4467K, capacity 4677K, committed 4760K, reserved 1048576K
2016-10-24T11:29:30.160+0800: 4390.072: [GC (Allocation Failure) 2016-10-24T11:29:30.161+0800: 4390.072: [ParNew
Desired survivor size 20112992 bytes, new threshold 8 (max 8)
- age   1:    4564392 bytes,    4564392 total
- age   2:    3398376 bytes,    7962768 total
- age   3:      90248 bytes,    8053016 total
- age   4:      76176 bytes,    8129192 total
- age   7:    3513216 bytes,   11642408 total
- age   8:    6809848 bytes,   18452256 total
: 108136K->21824K(109248K), 0.0158555 secs] 289124K->208286K(502464K), 0.0159146 secs] [Times: user=0.06 sys=0.00, real=0.01 secs] 
Heap after GC invocations=94 (full 4):
 par new generation   total 109248K, used 21824K [0x00000007a0000000, 0x00000007a8000000, 0x00000007a8000000)
  eden space 87424K,   0% used [0x00000007a0000000, 0x00000007a0000000, 0x00000007a5560000)
  from space 21824K, 100% used [0x00000007a5560000, 0x00000007a6ab0000, 0x00000007a6ab0000)
  to   space 21824K,   0% used [0x00000007a6ab0000, 0x00000007a6ab0000, 0x00000007a8000000)
 concurrent mark-sweep generation total 393216K, used 186462K [0x00000007a8000000, 0x00000007c0000000, 0x00000007c0000000)
 Metaspace       used 38875K, capacity 39480K, committed 40008K, reserved 1085440K
  class space    used 4467K, capacity 4677K, committed 4760K, reserved 1048576K
}
2016-10-24T11:29:30.176+0800: 4390.088: Total time for which application threads were stopped: 0.0160867 seconds, Stopping threads took: 0.0000300 seconds
{Heap before GC invocations=94 (full 4):
 par new generation   total 109248K, used 109248K [0x00000007a0000000, 0x00000007a8000000, 0x00000007a8000000)
  eden space 87424K, 100% used [0x00000007a0000000, 0x00000007a5560000, 0x00000007a5560000)
  from space 21824K, 100% used [0x00000007a5560000, 0x00000007a6ab0000, 0x00000007a6ab0000)
  to   space 21824K,   0% used [0x00000007a6ab0000, 0x00000007a6ab0000, 0x00000007a8000000)
 concurrent mark-sweep generation total 393216K, used 186462K [0x00000007a8000000, 0x00000007c0000000, 0x00000007c0000000)
 Metaspace       used 38875K, capacity 39480K, committed 40008K, reserved 1085440K
  class space    used 4467K, capacity 4677K, committed 4760K, reserved 1048576K
2016-10-24T11:29:30.434+0800: 4390.346: [GC (Allocation Failure) 2016-10-24T11:29:30.434+0800: 4390.346: [ParNew
Desired survivor size 20112992 bytes, new threshold 8 (max 8)
- age   1:    6326760 bytes,    6326760 total
- age   2:    3778632 bytes,   10105392 total
- age   3:    3357400 bytes,   13462792 total
- age   4:      90184 bytes,   13552976 total
- age   5:      76176 bytes,   13629152 total
- age   8:    3513216 bytes,   17142368 total
: 109248K->21824K(109248K), 0.0171139 secs] 295710K->215158K(502464K), 0.0171882 secs] [Times: user=0.06 sys=0.00, real=0.02 secs] 
Heap after GC invocations=95 (full 4):
 par new generation   total 109248K, used 21824K [0x00000007a0000000, 0x00000007a8000000, 0x00000007a8000000)
  eden space 87424K,   0% used [0x00000007a0000000, 0x00000007a0000000, 0x00000007a5560000)
  from space 21824K, 100% used [0x00000007a6ab0000, 0x00000007a8000000, 0x00000007a8000000)
  to   space 21824K,   0% used [0x00000007a5560000, 0x00000007a5560000, 0x00000007a6ab0000)
 concurrent mark-sweep generation total 393216K, used 193334K [0x00000007a8000000, 0x00000007c0000000, 0x00000007c0000000)
 Metaspace       used 38875K, capacity 39480K, committed 40008K, reserved 1085440K
  class space    used 4467K, capacity 4677K, committed 4760K, reserved 1048576K
}
2016-10-24T11:29:30.451+0800: 4390.363: Total time for which application threads were stopped: 0.0173737 seconds, Stopping threads took: 0.0000314 seconds
{Heap before GC invocations=95 (full 4):
 par new generation   total 109248K, used 109248K [0x00000007a0000000, 0x00000007a8000000, 0x00000007a8000000)
  eden space 87424K, 100% used [0x00000007a0000000, 0x00000007a5560000, 0x00000007a5560000)
  from space 21824K, 100% used [0x00000007a6ab0000, 0x00000007a8000000, 0x00000007a8000000)
  to   space 21824K,   0% used [0x00000007a5560000, 0x00000007a5560000, 0x00000007a6ab0000)
 concurrent mark-sweep generation total 393216K, used 193334K [0x00000007a8000000, 0x00000007c0000000, 0x00000007c0000000)
 Metaspace       used 38875K, capacity 39480K, committed 40008K, reserved 1085440K
  class space    used 4467K, capacity 4677K, committed 4760K, reserved 1048576K
2016-10-24T11:29:30.686+0800: 4390.598: [GC (Allocation Failure) 2016-10-24T11:29:30.686+0800: 4390.598: [ParNew
Desired survivor size 20112992 bytes, new threshold 8 (max 8)
- age   1:    8021576 bytes,    8021576 total
- age   2:    4737576 bytes,   12759152 total
- age   3:    3385360 bytes,   16144512 total
- age   4:    3357400 bytes,   19501912 total
- age   5:      90184 bytes,   19592096 total
- age   6:      76176 bytes,   19668272 total
: 109248K->21824K(109248K), 0.0195051 secs] 302582K->218605K(502464K), 0.0195858 secs] [Times: user=0.07 sys=0.01, real=0.02 secs] 
Heap after GC invocations=96 (full 4):
 par new generation   total 109248K, used 21824K [0x00000007a0000000, 0x00000007a8000000, 0x00000007a8000000)
  eden space 87424K,   0% used [0x00000007a0000000, 0x00000007a0000000, 0x00000007a5560000)
  from space 21824K, 100% used [0x00000007a5560000, 0x00000007a6ab0000, 0x00000007a6ab0000)
  to   space 21824K,   0% used [0x00000007a6ab0000, 0x00000007a6ab0000, 0x00000007a8000000)
 concurrent mark-sweep generation total 393216K, used 196781K [0x00000007a8000000, 0x00000007c0000000, 0x00000007c0000000)
 Metaspace       used 38875K, capacity 39480K, committed 40008K, reserved 1085440K
  class space    used 4467K, capacity 4677K, committed 4760K, reserved 1048576K
}
2016-10-24T11:29:30.706+0800: 4390.617: Total time for which application threads were stopped: 0.0197784 seconds, Stopping threads took: 0.0000306 seconds
2016-10-24T11:29:30.706+0800: 4390.618: [GC (CMS Initial Mark) [1 CMS-initial-mark: 196781K(393216K)] 220351K(502464K), 0.0033420 secs] [Times: user=0.01 sys=0.00, real=0.00 secs] 
2016-10-24T11:29:30.709+0800: 4390.621: Total time for which application threads were stopped: 0.0035115 seconds, Stopping threads took: 0.0000626 seconds
2016-10-24T11:29:30.709+0800: 4390.621: [CMS-concurrent-mark-start]
2016-10-24T11:29:30.751+0800: 4390.663: [CMS-concurrent-mark: 0.041/0.041 secs] [Times: user=0.21 sys=0.00, real=0.05 secs] 
2016-10-24T11:29:30.751+0800: 4390.663: [CMS-concurrent-preclean-start]
2016-10-24T11:29:30.754+0800: 4390.666: [CMS-concurrent-preclean: 0.003/0.004 secs] [Times: user=0.00 sys=0.00, real=0.00 secs] 
2016-10-24T11:29:30.754+0800: 4390.666: [CMS-concurrent-abortable-preclean-start]
{Heap before GC invocations=96 (full 5):
 par new generation   total 109248K, used 109248K [0x00000007a0000000, 0x00000007a8000000, 0x00000007a8000000)
  eden space 87424K, 100% used [0x00000007a0000000, 0x00000007a5560000, 0x00000007a5560000)
  from space 21824K, 100% used [0x00000007a5560000, 0x00000007a6ab0000, 0x00000007a6ab0000)
  to   space 21824K,   0% used [0x00000007a6ab0000, 0x00000007a6ab0000, 0x00000007a8000000)
 concurrent mark-sweep generation total 393216K, used 196781K [0x00000007a8000000, 0x00000007c0000000, 0x00000007c0000000)
 Metaspace       used 38875K, capacity 39480K, committed 40008K, reserved 1085440K
  class space    used 4467K, capacity 4677K, committed 4760K, reserved 1048576K
2016-10-24T11:29:30.943+0800: 4390.855: [GC (Allocation Failure) 2016-10-24T11:29:30.943+0800: 4390.855: [ParNew
Desired survivor size 20112992 bytes, new threshold 5 (max 8)
- age   1:    6738512 bytes,    6738512 total
- age   2:    5134376 bytes,   11872888 total
- age   3:    4161912 bytes,   16034800 total
- age   4:    2958168 bytes,   18992968 total
- age   5:    2962168 bytes,   21955136 total
- age   6:      88264 bytes,   22043400 total
- age   7:      75544 bytes,   22118944 total
: 109248K->21824K(109248K), 0.0229163 secs] 306029K->221776K(502464K), 0.0229844 secs] [Times: user=0.08 sys=0.00, real=0.02 secs] 
Heap after GC invocations=97 (full 5):
 par new generation   total 109248K, used 21824K [0x00000007a0000000, 0x00000007a8000000, 0x00000007a8000000)
  eden space 87424K,   0% used [0x00000007a0000000, 0x00000007a0000000, 0x00000007a5560000)
  from space 21824K, 100% used [0x00000007a6ab0000, 0x00000007a8000000, 0x00000007a8000000)
  to   space 21824K,   0% used [0x00000007a5560000, 0x00000007a5560000, 0x00000007a6ab0000)
 concurrent mark-sweep generation total 393216K, used 199952K [0x00000007a8000000, 0x00000007c0000000, 0x00000007c0000000)
 Metaspace       used 38875K, capacity 39480K, committed 40008K, reserved 1085440K
  class space    used 4467K, capacity 4677K, committed 4760K, reserved 1048576K
}
2016-10-24T11:29:30.966+0800: 4390.878: Total time for which application threads were stopped: 0.0231524 seconds, Stopping threads took: 0.0000297 seconds
2016-10-24T11:29:31.100+0800: 4391.012: [CMS-concurrent-abortable-preclean: 0.320/0.346 secs] [Times: user=0.76 sys=0.00, real=0.35 secs] 
2016-10-24T11:29:31.101+0800: 4391.012: [GC (CMS Final Remark) [YG occupancy: 77599 K (109248 K)]{Heap before GC invocations=97 (full 5):
 par new generation   total 109248K, used 77599K [0x00000007a0000000, 0x00000007a8000000, 0x00000007a8000000)
  eden space 87424K,  63% used [0x00000007a0000000, 0x00000007a3677fb0, 0x00000007a5560000)
  from space 21824K, 100% used [0x00000007a6ab0000, 0x00000007a8000000, 0x00000007a8000000)
  to   space 21824K,   0% used [0x00000007a5560000, 0x00000007a5560000, 0x00000007a6ab0000)
 concurrent mark-sweep generation total 393216K, used 199952K [0x00000007a8000000, 0x00000007c0000000, 0x00000007c0000000)
 Metaspace       used 38875K, capacity 39480K, committed 40008K, reserved 1085440K
  class space    used 4467K, capacity 4677K, committed 4760K, reserved 1048576K
2016-10-24T11:29:31.101+0800: 4391.012: [GC (CMS Final Remark) 2016-10-24T11:29:31.101+0800: 4391.012: [ParNew
Desired survivor size 20112992 bytes, new threshold 5 (max 8)
- age   1:    6331800 bytes,    6331800 total
- age   2:    3495696 bytes,    9827496 total
- age   3:    4855968 bytes,   14683464 total
- age   4:    3598904 bytes,   18282368 total
- age   5:    2686104 bytes,   20968472 total
: 77599K->21824K(109248K), 0.0246134 secs] 277552K->226560K(502464K), 0.0246535 secs] [Times: user=0.09 sys=0.00, real=0.02 secs] 
Heap after GC invocations=98 (full 5):
 par new generation   total 109248K, used 21824K [0x00000007a0000000, 0x00000007a8000000, 0x00000007a8000000)
  eden space 87424K,   0% used [0x00000007a0000000, 0x00000007a0000000, 0x00000007a5560000)
  from space 21824K, 100% used [0x00000007a5560000, 0x00000007a6ab0000, 0x00000007a6ab0000)
  to   space 21824K,   0% used [0x00000007a6ab0000, 0x00000007a6ab0000, 0x00000007a8000000)
 concurrent mark-sweep generation total 393216K, used 204736K [0x00000007a8000000, 0x00000007c0000000, 0x00000007c0000000)
 Metaspace       used 38875K, capacity 39480K, committed 40008K, reserved 1085440K
  class space    used 4467K, capacity 4677K, committed 4760K, reserved 1048576K
}
2016-10-24T11:29:31.125+0800: 4391.037: [Rescan (parallel) , 0.0093811 secs]2016-10-24T11:29:31.135+0800: 4391.047: [weak refs processing, 0.0010003 secs]2016-10-24T11:29:31.136+0800: 4391.048: [class unloading, 0.0074667 secs]2016-10-24T11:29:31.143+0800: 4391.055: [scrub symbol table, 0.0043443 secs]2016-10-24T11:29:31.148+0800: 4391.059: [scrub string table, 0.0004790 secs][1 CMS-remark: 204736K(393216K)] 226560K(502464K), 0.0476751 secs] [Times: user=0.14 sys=0.01, real=0.04 secs] 
2016-10-24T11:29:31.148+0800: 4391.060: Total time for which application threads were stopped: 0.0479272 seconds, Stopping threads took: 0.0000232 seconds
2016-10-24T11:29:31.149+0800: 4391.060: [CMS-concurrent-sweep-start]
2016-10-24T11:29:31.230+0800: 4391.142: [CMS-concurrent-sweep: 0.082/0.082 secs] [Times: user=0.16 sys=0.00, real=0.09 secs] 
2016-10-24T11:29:31.230+0800: 4391.142: [CMS-concurrent-reset-start]
2016-10-24T11:29:31.230+0800: 4391.142: [CMS-concurrent-reset: 0.000/0.000 secs] [Times: user=0.00 sys=0.00, real=0.00 secs] 
{Heap before GC invocations=98 (full 5):
 par new generation   total 109248K, used 108990K [0x00000007a0000000, 0x00000007a8000000, 0x00000007a8000000)
  eden space 87424K,  99% used [0x00000007a0000000, 0x00000007a551fa00, 0x00000007a5560000)
  from space 21824K, 100% used [0x00000007a5560000, 0x00000007a6ab0000, 0x00000007a6ab0000)
  to   space 21824K,   0% used [0x00000007a6ab0000, 0x00000007a6ab0000, 0x00000007a8000000)
 concurrent mark-sweep generation total 393216K, used 129221K [0x00000007a8000000, 0x00000007c0000000, 0x00000007c0000000)
 Metaspace       used 38875K, capacity 39480K, committed 40008K, reserved 1085440K
  class space    used 4467K, capacity 4677K, committed 4760K, reserved 1048576K
2016-10-24T11:29:31.373+0800: 4391.284: [GC (Allocation Failure) 2016-10-24T11:29:31.373+0800: 4391.284: [ParNew
Desired survivor size 20112992 bytes, new threshold 5 (max 8)
- age   1:   10043584 bytes,   10043584 total
- age   2:    2499984 bytes,   12543568 total
- age   3:    3163376 bytes,   15706944 total
- age   4:    3265480 bytes,   18972424 total
- age   5:    3196816 bytes,   22169240 total
: 108990K->21824K(109248K), 0.0247568 secs] 238212K->156896K(502464K), 0.0248335 secs] [Times: user=0.09 sys=0.00, real=0.02 secs] 
Heap after GC invocations=99 (full 5):
 par new generation   total 109248K, used 21824K [0x00000007a0000000, 0x00000007a8000000, 0x00000007a8000000)
  eden space 87424K,   0% used [0x00000007a0000000, 0x00000007a0000000, 0x00000007a5560000)
  from space 21824K, 100% used [0x00000007a6ab0000, 0x00000007a8000000, 0x00000007a8000000)
  to   space 21824K,   0% used [0x00000007a5560000, 0x00000007a5560000, 0x00000007a6ab0000)
 concurrent mark-sweep generation total 393216K, used 135072K [0x00000007a8000000, 0x00000007c0000000, 0x00000007c0000000)
 Metaspace       used 38875K, capacity 39480K, committed 40008K, reserved 1085440K
  class space    used 4467K, capacity 4677K, committed 4760K, reserved 1048576K
}
2016-10-24T11:29:31.398+0800: 4391.309: Total time for which application threads were stopped: 0.0250299 seconds, Stopping threads took: 0.0000312 seconds
{Heap before GC invocations=99 (full 5):
 par new generation   total 109248K, used 109248K [0x00000007a0000000, 0x00000007a8000000, 0x00000007a8000000)
  eden space 87424K, 100% used [0x00000007a0000000, 0x00000007a5560000, 0x00000007a5560000)
  from space 21824K, 100% used [0x00000007a6ab0000, 0x00000007a8000000, 0x00000007a8000000)
  to   space 21824K,   0% used [0x00000007a5560000, 0x00000007a5560000, 0x00000007a6ab0000)
 concurrent mark-sweep generation total 393216K, used 135072K [0x00000007a8000000, 0x00000007c0000000, 0x00000007c0000000)
 Metaspace       used 38875K, capacity 39480K, committed 40008K, reserved 1085440K
  class space    used 4467K, capacity 4677K, committed 4760K, reserved 1048576K
2016-10-24T11:29:31.613+0800: 4391.525: [GC (Allocation Failure) 2016-10-24T11:29:31.613+0800: 4391.525: [ParNew
Desired survivor size 20112992 bytes, new threshold 5 (max 8)
- age   1:    8934624 bytes,    8934624 total
- age   2:    5090464 bytes,   14025088 total
- age   3:    2089720 bytes,   16114808 total
- age   4:    3041888 bytes,   19156696 total
- age   5:    2930672 bytes,   22087368 total
: 109248K->21824K(109248K), 0.0269415 secs] 244320K->161691K(502464K), 0.0269995 secs] [Times: user=0.10 sys=0.00, real=0.03 secs] 
Heap after GC invocations=100 (full 5):
 par new generation   total 109248K, used 21824K [0x00000007a0000000, 0x00000007a8000000, 0x00000007a8000000)
  eden space 87424K,   0% used [0x00000007a0000000, 0x00000007a0000000, 0x00000007a5560000)
  from space 21824K, 100% used [0x00000007a5560000, 0x00000007a6ab0000, 0x00000007a6ab0000)
  to   space 21824K,   0% used [0x00000007a6ab0000, 0x00000007a6ab0000, 0x00000007a8000000)
 concurrent mark-sweep generation total 393216K, used 139867K [0x00000007a8000000, 0x00000007c0000000, 0x00000007c0000000)
 Metaspace       used 38875K, capacity 39480K, committed 40008K, reserved 1085440K
  class space    used 4467K, capacity 4677K, committed 4760K, reserved 1048576K
}
2016-10-24T11:29:31.640+0800: 4391.552: Total time for which application threads were stopped: 0.0271983 seconds, Stopping threads took: 0.0000235 seconds
{Heap before GC invocations=100 (full 5):
 par new generation   total 109248K, used 109248K [0x00000007a0000000, 0x00000007a8000000, 0x00000007a8000000)
  eden space 87424K, 100% used [0x00000007a0000000, 0x00000007a5560000, 0x00000007a5560000)
  from space 21824K, 100% used [0x00000007a5560000, 0x00000007a6ab0000, 0x00000007a6ab0000)
  to   space 21824K,   0% used [0x00000007a6ab0000, 0x00000007a6ab0000, 0x00000007a8000000)
 concurrent mark-sweep generation total 393216K, used 139867K [0x00000007a8000000, 0x00000007c0000000, 0x00000007c0000000)
 Metaspace       used 38875K, capacity 39480K, committed 40008K, reserved 1085440K
  class space    used 4467K, capacity 4677K, committed 4760K, reserved 1048576K
2016-10-24T11:29:31.860+0800: 4391.772: [GC (Allocation Failure) 2016-10-24T11:29:31.860+0800: 4391.772: [ParNew
Desired survivor size 20112992 bytes, new threshold 5 (max 8)
- age   1:    8889256 bytes,    8889256 total
- age   2:    4211240 bytes,   13100496 total
- age   3:    3996688 bytes,   17097184 total
- age   4:    1967776 bytes,   19064960 total
- age   5:    2966160 bytes,   22031120 total
: 109248K->21824K(109248K), 0.0252365 secs] 249115K->166904K(502464K), 0.0253110 secs] [Times: user=0.10 sys=0.00, real=0.02 secs] 
Heap after GC invocations=101 (full 5):
 par new generation   total 109248K, used 21824K [0x00000007a0000000, 0x00000007a8000000, 0x00000007a8000000)
  eden space 87424K,   0% used [0x00000007a0000000, 0x00000007a0000000, 0x00000007a5560000)
  from space 21824K, 100% used [0x00000007a6ab0000, 0x00000007a8000000, 0x00000007a8000000)
  to   space 21824K,   0% used [0x00000007a5560000, 0x00000007a5560000, 0x00000007a6ab0000)
 concurrent mark-sweep generation total 393216K, used 145080K [0x00000007a8000000, 0x00000007c0000000, 0x00000007c0000000)
 Metaspace       used 38875K, capacity 39480K, committed 40008K, reserved 1085440K
  class space    used 4467K, capacity 4677K, committed 4760K, reserved 1048576K
}
2016-10-24T11:29:31.885+0800: 4391.797: Total time for which application threads were stopped: 0.0254947 seconds, Stopping threads took: 0.0000231 seconds
{Heap before GC invocations=101 (full 5):
 par new generation   total 109248K, used 109248K [0x00000007a0000000, 0x00000007a8000000, 0x00000007a8000000)
  eden space 87424K, 100% used [0x00000007a0000000, 0x00000007a5560000, 0x00000007a5560000)
  from space 21824K, 100% used [0x00000007a6ab0000, 0x00000007a8000000, 0x00000007a8000000)
  to   space 21824K,   0% used [0x00000007a5560000, 0x00000007a5560000, 0x00000007a6ab0000)
 concurrent mark-sweep generation total 393216K, used 145080K [0x00000007a8000000, 0x00000007c0000000, 0x00000007c0000000)
 Metaspace       used 38875K, capacity 39480K, committed 40008K, reserved 1085440K
  class space    used 4467K, capacity 4677K, committed 4760K, reserved 1048576K
2016-10-24T11:29:32.097+0800: 4392.008: [GC (Allocation Failure) 2016-10-24T11:29:32.097+0800: 4392.008: [ParNew
Desired survivor size 20112992 bytes, new threshold 4 (max 8)
- age   1:    9399920 bytes,    9399920 total
- age   2:    3709184 bytes,   13109104 total
- age   3:    3750848 bytes,   16859952 total
- age   4:    3643080 bytes,   20503032 total
- age   5:    1761904 bytes,   22264936 total
: 109248K->21824K(109248K), 0.0251849 secs] 254328K->172898K(502464K), 0.0252522 secs] [Times: user=0.09 sys=0.00, real=0.03 secs] 
Heap after GC invocations=102 (full 5):
 par new generation   total 109248K, used 21824K [0x00000007a0000000, 0x00000007a8000000, 0x00000007a8000000)
  eden space 87424K,   0% used [0x00000007a0000000, 0x00000007a0000000, 0x00000007a5560000)
  from space 21824K, 100% used [0x00000007a5560000, 0x00000007a6ab0000, 0x00000007a6ab0000)
  to   space 21824K,   0% used [0x00000007a6ab0000, 0x00000007a6ab0000, 0x00000007a8000000)
 concurrent mark-sweep generation total 393216K, used 151074K [0x00000007a8000000, 0x00000007c0000000, 0x00000007c0000000)
 Metaspace       used 38875K, capacity 39480K, committed 40008K, reserved 1085440K
  class space    used 4467K, capacity 4677K, committed 4760K, reserved 1048576K
}
2016-10-24T11:29:32.122+0800: 4392.034: Total time for which application threads were stopped: 0.0254646 seconds, Stopping threads took: 0.0000336 seconds
{Heap before GC invocations=102 (full 5):
 par new generation   total 109248K, used 109248K [0x00000007a0000000, 0x00000007a8000000, 0x00000007a8000000)
  eden space 87424K, 100% used [0x00000007a0000000, 0x00000007a5560000, 0x00000007a5560000)
  from space 21824K, 100% used [0x00000007a5560000, 0x00000007a6ab0000, 0x00000007a6ab0000)
  to   space 21824K,   0% used [0x00000007a6ab0000, 0x00000007a6ab0000, 0x00000007a8000000)
 concurrent mark-sweep generation total 393216K, used 151074K [0x00000007a8000000, 0x00000007c0000000, 0x00000007c0000000)
 Metaspace       used 38875K, capacity 39480K, committed 40008K, reserved 1085440K
  class space    used 4467K, capacity 4677K, committed 4760K, reserved 1048576K
2016-10-24T11:29:32.342+0800: 4392.254: [GC (Allocation Failure) 2016-10-24T11:29:32.342+0800: 4392.254: [ParNew
Desired survivor size 20112992 bytes, new threshold 4 (max 8)
- age   1:   10489160 bytes,   10489160 total
- age   2:    3684896 bytes,   14174056 total
- age   3:    3243240 bytes,   17417296 total
- age   4:    3541328 bytes,   20958624 total
: 109248K->21824K(109248K), 0.0245870 secs] 260322K->179434K(502464K), 0.0246560 secs] [Times: user=0.09 sys=0.00, real=0.02 secs] 
Heap after GC invocations=103 (full 5):
 par new generation   total 109248K, used 21824K [0x00000007a0000000, 0x00000007a8000000, 0x00000007a8000000)
  eden space 87424K,   0% used [0x00000007a0000000, 0x00000007a0000000, 0x00000007a5560000)
  from space 21824K, 100% used [0x00000007a6ab0000, 0x00000007a8000000, 0x00000007a8000000)
  to   space 21824K,   0% used [0x00000007a5560000, 0x00000007a5560000, 0x00000007a6ab0000)
 concurrent mark-sweep generation total 393216K, used 157610K [0x00000007a8000000, 0x00000007c0000000, 0x00000007c0000000)
 Metaspace       used 38875K, capacity 39480K, committed 40008K, reserved 1085440K
  class space    used 4467K, capacity 4677K, committed 4760K, reserved 1048576K
}
2016-10-24T11:29:32.367+0800: 4392.279: Total time for which application threads were stopped: 0.0248361 seconds, Stopping threads took: 0.0000320 seconds
{Heap before GC invocations=103 (full 5):
 par new generation   total 109248K, used 109248K [0x00000007a0000000, 0x00000007a8000000, 0x00000007a8000000)
  eden space 87424K, 100% used [0x00000007a0000000, 0x00000007a5560000, 0x00000007a5560000)
  from space 21824K, 100% used [0x00000007a6ab0000, 0x00000007a8000000, 0x00000007a8000000)
  to   space 21824K,   0% used [0x00000007a5560000, 0x00000007a5560000, 0x00000007a6ab0000)
 concurrent mark-sweep generation total 393216K, used 157610K [0x00000007a8000000, 0x00000007c0000000, 0x00000007c0000000)
 Metaspace       used 38875K, capacity 39480K, committed 40008K, reserved 1085440K
  class space    used 4467K, capacity 4677K, committed 4760K, reserved 1048576K
2016-10-24T11:29:32.591+0800: 4392.503: [GC (Allocation Failure) 2016-10-24T11:29:32.591+0800: 4392.503: [ParNew
Desired survivor size 20112992 bytes, new threshold 4 (max 8)
- age   1:   10013664 bytes,   10013664 total
- age   2:    4288928 bytes,   14302592 total
- age   3:    3389336 bytes,   17691928 total
- age   4:    3009864 bytes,   20701792 total
: 109248K->21824K(109248K), 0.0255230 secs] 266858K->185110K(502464K), 0.0256009 secs] [Times: user=0.10 sys=0.00, real=0.02 secs] 
Heap after GC invocations=104 (full 5):
 par new generation   total 109248K, used 21824K [0x00000007a0000000, 0x00000007a8000000, 0x00000007a8000000)
  eden space 87424K,   0% used [0x00000007a0000000, 0x00000007a0000000, 0x00000007a5560000)
  from space 21824K, 100% used [0x00000007a5560000, 0x00000007a6ab0000, 0x00000007a6ab0000)
  to   space 21824K,   0% used [0x00000007a6ab0000, 0x00000007a6ab0000, 0x00000007a8000000)
 concurrent mark-sweep generation total 393216K, used 163286K [0x00000007a8000000, 0x00000007c0000000, 0x00000007c0000000)
 Metaspace       used 38875K, capacity 39480K, committed 40008K, reserved 1085440K
  class space    used 4467K, capacity 4677K, committed 4760K, reserved 1048576K
}
2016-10-24T11:29:32.617+0800: 4392.529: Total time for which application threads were stopped: 0.0257642 seconds, Stopping threads took: 0.0000277 seconds
{Heap before GC invocations=104 (full 5):
 par new generation   total 109248K, used 109248K [0x00000007a0000000, 0x00000007a8000000, 0x00000007a8000000)
  eden space 87424K, 100% used [0x00000007a0000000, 0x00000007a5560000, 0x00000007a5560000)
  from space 21824K, 100% used [0x00000007a5560000, 0x00000007a6ab0000, 0x00000007a6ab0000)
  to   space 21824K,   0% used [0x00000007a6ab0000, 0x00000007a6ab0000, 0x00000007a8000000)
 concurrent mark-sweep generation total 393216K, used 163286K [0x00000007a8000000, 0x00000007c0000000, 0x00000007c0000000)
 Metaspace       used 38875K, capacity 39480K, committed 40008K, reserved 1085440K
  class space    used 4467K, capacity 4677K, committed 4760K, reserved 1048576K
2016-10-24T11:29:32.843+0800: 4392.755: [GC (Allocation Failure) 2016-10-24T11:29:32.843+0800: 4392.755: [ParNew
Desired survivor size 20112992 bytes, new threshold 4 (max 8)
- age   1:    4853768 bytes,    4853768 total
- age   2:    8784472 bytes,   13638240 total
- age   3:    3857432 bytes,   17495672 total
- age   4:    3181840 bytes,   20677512 total
: 109248K->21824K(109248K), 0.0246655 secs] 272534K->190896K(502464K), 0.0247163 secs] [Times: user=0.09 sys=0.00, real=0.02 secs] 
Heap after GC invocations=105 (full 5):
 par new generation   total 109248K, used 21824K [0x00000007a0000000, 0x00000007a8000000, 0x00000007a8000000)
  eden space 87424K,   0% used [0x00000007a0000000, 0x00000007a0000000, 0x00000007a5560000)
  from space 21824K, 100% used [0x00000007a6ab0000, 0x00000007a8000000, 0x00000007a8000000)
  to   space 21824K,   0% used [0x00000007a5560000, 0x00000007a5560000, 0x00000007a6ab0000)
 concurrent mark-sweep generation total 393216K, used 169072K [0x00000007a8000000, 0x00000007c0000000, 0x00000007c0000000)
 Metaspace       used 38875K, capacity 39480K, committed 40008K, reserved 1085440K
  class space    used 4467K, capacity 4677K, committed 4760K, reserved 1048576K
}
2016-10-24T11:29:32.868+0800: 4392.779: Total time for which application threads were stopped: 0.0249220 seconds, Stopping threads took: 0.0000411 seconds
{Heap before GC invocations=105 (full 5):
 par new generation   total 109248K, used 109248K [0x00000007a0000000, 0x00000007a8000000, 0x00000007a8000000)
  eden space 87424K, 100% used [0x00000007a0000000, 0x00000007a5560000, 0x00000007a5560000)
  from space 21824K, 100% used [0x00000007a6ab0000, 0x00000007a8000000, 0x00000007a8000000)
  to   space 21824K,   0% used [0x00000007a5560000, 0x00000007a5560000, 0x00000007a6ab0000)
 concurrent mark-sweep generation total 393216K, used 169072K [0x00000007a8000000, 0x00000007c0000000, 0x00000007c0000000)
 Metaspace       used 38875K, capacity 39480K, committed 40008K, reserved 1085440K
  class space    used 4467K, capacity 4677K, committed 4760K, reserved 1048576K
2016-10-24T11:29:33.101+0800: 4393.013: [GC (Allocation Failure) 2016-10-24T11:29:33.101+0800: 4393.013: [ParNew
Desired survivor size 20112992 bytes, new threshold 4 (max 8)
- age   1:   10907208 bytes,   10907208 total
- age   2:    4205192 bytes,   15112400 total
- age   3:    3650280 bytes,   18762680 total
- age   4:    3584960 bytes,   22347640 total
: 109248K->21824K(109248K), 0.0267947 secs] 278320K->199042K(502464K), 0.0268751 secs] [Times: user=0.09 sys=0.00, real=0.02 secs] 
Heap after GC invocations=106 (full 5):
 par new generation   total 109248K, used 21824K [0x00000007a0000000, 0x00000007a8000000, 0x00000007a8000000)
  eden space 87424K,   0% used [0x00000007a0000000, 0x00000007a0000000, 0x00000007a5560000)
  from space 21824K, 100% used [0x00000007a5560000, 0x00000007a6ab0000, 0x00000007a6ab0000)
  to   space 21824K,   0% used [0x00000007a6ab0000, 0x00000007a6ab0000, 0x00000007a8000000)
 concurrent mark-sweep generation total 393216K, used 177218K [0x00000007a8000000, 0x00000007c0000000, 0x00000007c0000000)
 Metaspace       used 38875K, capacity 39480K, committed 40008K, reserved 1085440K
  class space    used 4467K, capacity 4677K, committed 4760K, reserved 1048576K
}
2016-10-24T11:29:33.128+0800: 4393.040: Total time for which application threads were stopped: 0.0270559 seconds, Stopping threads took: 0.0000313 seconds
{Heap before GC invocations=106 (full 5):
 par new generation   total 109248K, used 109007K [0x00000007a0000000, 0x00000007a8000000, 0x00000007a8000000)
  eden space 87424K,  99% used [0x00000007a0000000, 0x00000007a5523f80, 0x00000007a5560000)
  from space 21824K, 100% used [0x00000007a5560000, 0x00000007a6ab0000, 0x00000007a6ab0000)
  to   space 21824K,   0% used [0x00000007a6ab0000, 0x00000007a6ab0000, 0x00000007a8000000)
 concurrent mark-sweep generation total 393216K, used 177218K [0x00000007a8000000, 0x00000007c0000000, 0x00000007c0000000)
 Metaspace       used 38875K, capacity 39480K, committed 40008K, reserved 1085440K
  class space    used 4467K, capacity 4677K, committed 4760K, reserved 1048576K
2016-10-24T11:29:33.388+0800: 4393.300: [GC (Allocation Failure) 2016-10-24T11:29:33.388+0800: 4393.300: [ParNew
Desired survivor size 20112992 bytes, new threshold 8 (max 8)
- age   1:    7514624 bytes,    7514624 total
- age   2:    5439928 bytes,   12954552 total
- age   3:    3303608 bytes,   16258160 total
- age   4:    3044176 bytes,   19302336 total
: 109007K->21824K(109248K), 0.0398423 secs] 286226K->216227K(502464K), 0.0399077 secs] [Times: user=0.14 sys=0.01, real=0.04 secs] 
Heap after GC invocations=107 (full 5):
 par new generation   total 109248K, used 21824K [0x00000007a0000000, 0x00000007a8000000, 0x00000007a8000000)
  eden space 87424K,   0% used [0x00000007a0000000, 0x00000007a0000000, 0x00000007a5560000)
  from space 21824K, 100% used [0x00000007a6ab0000, 0x00000007a8000000, 0x00000007a8000000)
  to   space 21824K,   0% used [0x00000007a5560000, 0x00000007a5560000, 0x00000007a6ab0000)
 concurrent mark-sweep generation total 393216K, used 194403K [0x00000007a8000000, 0x00000007c0000000, 0x00000007c0000000)
 Metaspace       used 38875K, capacity 39480K, committed 40008K, reserved 1085440K
  class space    used 4467K, capacity 4677K, committed 4760K, reserved 1048576K
}
2016-10-24T11:29:33.428+0800: 4393.340: Total time for which application threads were stopped: 0.0400780 seconds, Stopping threads took: 0.0000195 seconds
{Heap before GC invocations=107 (full 5):
 par new generation   total 109248K, used 109248K [0x00000007a0000000, 0x00000007a8000000, 0x00000007a8000000)
  eden space 87424K, 100% used [0x00000007a0000000, 0x00000007a5560000, 0x00000007a5560000)
  from space 21824K, 100% used [0x00000007a6ab0000, 0x00000007a8000000, 0x00000007a8000000)
  to   space 21824K,   0% used [0x00000007a5560000, 0x00000007a5560000, 0x00000007a6ab0000)
 concurrent mark-sweep generation total 393216K, used 194403K [0x00000007a8000000, 0x00000007c0000000, 0x00000007c0000000)
 Metaspace       used 38875K, capacity 39480K, committed 40008K, reserved 1085440K
  class space    used 4467K, capacity 4677K, committed 4760K, reserved 1048576K
2016-10-24T11:29:33.738+0800: 4393.650: [GC (Allocation Failure) 2016-10-24T11:29:33.738+0800: 4393.650: [ParNew
Desired survivor size 20112992 bytes, new threshold 5 (max 8)
- age   1:    5485496 bytes,    5485496 total
- age   2:    5701944 bytes,   11187440 total
- age   3:    5023272 bytes,   16210712 total
- age   4:    3039480 bytes,   19250192 total
- age   5:    2801856 bytes,   22052048 total
: 109248K->21824K(109248K), 0.0242496 secs] 303651K->220725K(502464K), 0.0243288 secs] [Times: user=0.10 sys=0.00, real=0.03 secs] 
Heap after GC invocations=108 (full 5):
 par new generation   total 109248K, used 21824K [0x00000007a0000000, 0x00000007a8000000, 0x00000007a8000000)
  eden space 87424K,   0% used [0x00000007a0000000, 0x00000007a0000000, 0x00000007a5560000)
  from space 21824K, 100% used [0x00000007a5560000, 0x00000007a6ab0000, 0x00000007a6ab0000)
  to   space 21824K,   0% used [0x00000007a6ab0000, 0x00000007a6ab0000, 0x00000007a8000000)
 concurrent mark-sweep generation total 393216K, used 198901K [0x00000007a8000000, 0x00000007c0000000, 0x00000007c0000000)
 Metaspace       used 38875K, capacity 39480K, committed 40008K, reserved 1085440K
  class space    used 4467K, capacity 4677K, committed 4760K, reserved 1048576K
}
2016-10-24T11:29:33.762+0800: 4393.674: Total time for which application threads were stopped: 0.0245028 seconds, Stopping threads took: 0.0000224 seconds
2016-10-24T11:29:33.762+0800: 4393.674: [GC (CMS Initial Mark) [1 CMS-initial-mark: 198901K(393216K)] 222465K(502464K), 0.0037911 secs] [Times: user=0.01 sys=0.00, real=0.00 secs] 
2016-10-24T11:29:33.766+0800: 4393.678: Total time for which application threads were stopped: 0.0039399 seconds, Stopping threads took: 0.0000546 seconds
2016-10-24T11:29:33.766+0800: 4393.678: [CMS-concurrent-mark-start]
2016-10-24T11:29:33.848+0800: 4393.760: [CMS-concurrent-mark: 0.082/0.082 secs] [Times: user=0.38 sys=0.01, real=0.08 secs] 
2016-10-24T11:29:33.848+0800: 4393.760: [CMS-concurrent-preclean-start]
2016-10-24T11:29:33.855+0800: 4393.767: [CMS-concurrent-preclean: 0.006/0.007 secs] [Times: user=0.01 sys=0.00, real=0.01 secs] 
2016-10-24T11:29:33.855+0800: 4393.767: [CMS-concurrent-abortable-preclean-start]
{Heap before GC invocations=108 (full 6):
 par new generation   total 109248K, used 109248K [0x00000007a0000000, 0x00000007a8000000, 0x00000007a8000000)
  eden space 87424K, 100% used [0x00000007a0000000, 0x00000007a5560000, 0x00000007a5560000)
  from space 21824K, 100% used [0x00000007a5560000, 0x00000007a6ab0000, 0x00000007a6ab0000)
  to   space 21824K,   0% used [0x00000007a6ab0000, 0x00000007a6ab0000, 0x00000007a8000000)
 concurrent mark-sweep generation total 393216K, used 198901K [0x00000007a8000000, 0x00000007c0000000, 0x00000007c0000000)
 Metaspace       used 38875K, capacity 39480K, committed 40008K, reserved 1085440K
  class space    used 4467K, capacity 4677K, committed 4760K, reserved 1048576K
2016-10-24T11:29:34.113+0800: 4394.025: [GC (Allocation Failure) 2016-10-24T11:29:34.113+0800: 4394.025: [ParNew
Desired survivor size 20112992 bytes, new threshold 5 (max 8)
- age   1:    9876984 bytes,    9876984 total
- age   2:    2661584 bytes,   12538568 total
- age   3:    3038304 bytes,   15576872 total
- age   4:    4361168 bytes,   19938040 total
- age   5:    2409608 bytes,   22347648 total
: 109248K->21824K(109248K), 0.0297233 secs] 308149K->229265K(502464K), 0.0297974 secs] [Times: user=0.11 sys=0.00, real=0.03 secs] 
Heap after GC invocations=109 (full 6):
 par new generation   total 109248K, used 21824K [0x00000007a0000000, 0x00000007a8000000, 0x00000007a8000000)
  eden space 87424K,   0% used [0x00000007a0000000, 0x00000007a0000000, 0x00000007a5560000)
  from space 21824K, 100% used [0x00000007a6ab0000, 0x00000007a8000000, 0x00000007a8000000)
  to   space 21824K,   0% used [0x00000007a5560000, 0x00000007a5560000, 0x00000007a6ab0000)
 concurrent mark-sweep generation total 393216K, used 207441K [0x00000007a8000000, 0x00000007c0000000, 0x00000007c0000000)
 Metaspace       used 38875K, capacity 39480K, committed 40008K, reserved 1085440K
  class space    used 4467K, capacity 4677K, committed 4760K, reserved 1048576K
}
2016-10-24T11:29:34.143+0800: 4394.055: Total time for which application threads were stopped: 0.0300044 seconds, Stopping threads took: 0.0000257 seconds
2016-10-24T11:29:34.365+0800: 4394.277: [CMS-concurrent-abortable-preclean: 0.473/0.510 secs] [Times: user=1.03 sys=0.02, real=0.51 secs] 
2016-10-24T11:29:34.365+0800: 4394.277: [GC (CMS Final Remark) [YG occupancy: 86345 K (109248 K)]{Heap before GC invocations=109 (full 6):
 par new generation   total 109248K, used 86345K [0x00000007a0000000, 0x00000007a8000000, 0x00000007a8000000)
  eden space 87424K,  73% used [0x00000007a0000000, 0x00000007a3f02530, 0x00000007a5560000)
  from space 21824K, 100% used [0x00000007a6ab0000, 0x00000007a8000000, 0x00000007a8000000)
  to   space 21824K,   0% used [0x00000007a5560000, 0x00000007a5560000, 0x00000007a6ab0000)
 concurrent mark-sweep generation total 393216K, used 207441K [0x00000007a8000000, 0x00000007c0000000, 0x00000007c0000000)
 Metaspace       used 38875K, capacity 39480K, committed 40008K, reserved 1085440K
  class space    used 4467K, capacity 4677K, committed 4760K, reserved 1048576K
2016-10-24T11:29:34.365+0800: 4394.277: [GC (CMS Final Remark) 2016-10-24T11:29:34.365+0800: 4394.277: [ParNew
Desired survivor size 20112992 bytes, new threshold 5 (max 8)
- age   1:    3196264 bytes,    3196264 total
- age   2:    9305344 bytes,   12501608 total
- age   3:    2335944 bytes,   14837552 total
- age   4:    2809328 bytes,   17646880 total
- age   5:    3846248 bytes,   21493128 total
: 86345K->21824K(109248K), 0.0342834 secs] 293786K->233694K(502464K), 0.0343295 secs] [Times: user=0.13 sys=0.00, real=0.03 secs] 
Heap after GC invocations=110 (full 6):
 par new generation   total 109248K, used 21824K [0x00000007a0000000, 0x00000007a8000000, 0x00000007a8000000)
  eden space 87424K,   0% used [0x00000007a0000000, 0x00000007a0000000, 0x00000007a5560000)
  from space 21824K, 100% used [0x00000007a5560000, 0x00000007a6ab0000, 0x00000007a6ab0000)
  to   space 21824K,   0% used [0x00000007a6ab0000, 0x00000007a6ab0000, 0x00000007a8000000)
 concurrent mark-sweep generation total 393216K, used 211870K [0x00000007a8000000, 0x00000007c0000000, 0x00000007c0000000)
 Metaspace       used 38875K, capacity 39480K, committed 40008K, reserved 1085440K
  class space    used 4467K, capacity 4677K, committed 4760K, reserved 1048576K
}
2016-10-24T11:29:34.400+0800: 4394.312: [Rescan (parallel) , 0.0125423 secs]2016-10-24T11:29:34.412+0800: 4394.324: [weak refs processing, 0.0011508 secs]2016-10-24T11:29:34.413+0800: 4394.325: [class unloading, 0.0094531 secs]2016-10-24T11:29:34.423+0800: 4394.335: [scrub symbol table, 0.0058220 secs]2016-10-24T11:29:34.429+0800: 4394.341: [scrub string table, 0.0004930 secs][1 CMS-remark: 211870K(393216K)] 233694K(502464K), 0.0640527 secs] [Times: user=0.19 sys=0.00, real=0.06 secs] 
2016-10-24T11:29:34.429+0800: 4394.341: Total time for which application threads were stopped: 0.0642229 seconds, Stopping threads took: 0.0000547 seconds
2016-10-24T11:29:34.429+0800: 4394.341: [CMS-concurrent-sweep-start]
2016-10-24T11:29:34.494+0800: 4394.406: [CMS-concurrent-sweep: 0.065/0.065 secs] [Times: user=0.13 sys=0.00, real=0.07 secs] 
2016-10-24T11:29:34.494+0800: 4394.406: [CMS-concurrent-reset-start]
2016-10-24T11:29:34.494+0800: 4394.406: [CMS-concurrent-reset: 0.000/0.000 secs] [Times: user=0.00 sys=0.00, real=0.00 secs] 
{Heap before GC invocations=110 (full 6):
 par new generation   total 109248K, used 109248K [0x00000007a0000000, 0x00000007a8000000, 0x00000007a8000000)
  eden space 87424K, 100% used [0x00000007a0000000, 0x00000007a5560000, 0x00000007a5560000)
  from space 21824K, 100% used [0x00000007a5560000, 0x00000007a6ab0000, 0x00000007a6ab0000)
  to   space 21824K,   0% used [0x00000007a6ab0000, 0x00000007a6ab0000, 0x00000007a8000000)
 concurrent mark-sweep generation total 393216K, used 161015K [0x00000007a8000000, 0x00000007c0000000, 0x00000007c0000000)
 Metaspace       used 38875K, capacity 39480K, committed 40008K, reserved 1085440K
  class space    used 4467K, capacity 4677K, committed 4760K, reserved 1048576K
2016-10-24T11:29:34.716+0800: 4394.628: [GC (Allocation Failure) 2016-10-24T11:29:34.716+0800: 4394.628: [ParNew
Desired survivor size 20112992 bytes, new threshold 5 (max 8)
- age   1:    5159200 bytes,    5159200 total
- age   2:    2515392 bytes,    7674592 total
- age   3:    9064160 bytes,   16738752 total
- age   4:    1971712 bytes,   18710464 total
- age   5:    2748544 bytes,   21459008 total
: 109248K->21824K(109248K), 0.0262201 secs] 270263K->189275K(502464K), 0.0262999 secs] [Times: user=0.10 sys=0.01, real=0.03 secs] 
Heap after GC invocations=111 (full 6):
 par new generation   total 109248K, used 21824K [0x00000007a0000000, 0x00000007a8000000, 0x00000007a8000000)
  eden space 87424K,   0% used [0x00000007a0000000, 0x00000007a0000000, 0x00000007a5560000)
  from space 21824K, 100% used [0x00000007a6ab0000, 0x00000007a8000000, 0x00000007a8000000)
  to   space 21824K,   0% used [0x00000007a5560000, 0x00000007a5560000, 0x00000007a6ab0000)
 concurrent mark-sweep generation total 393216K, used 167451K [0x00000007a8000000, 0x00000007c0000000, 0x00000007c0000000)
 Metaspace       used 38875K, capacity 39480K, committed 40008K, reserved 1085440K
  class space    used 4467K, capacity 4677K, committed 4760K, reserved 1048576K
}
2016-10-24T11:29:34.742+0800: 4394.654: Total time for which application threads were stopped: 0.0265085 seconds, Stopping threads took: 0.0000236 seconds
{Heap before GC invocations=111 (full 6):
 par new generation   total 109248K, used 109248K [0x00000007a0000000, 0x00000007a8000000, 0x00000007a8000000)
  eden space 87424K, 100% used [0x00000007a0000000, 0x00000007a5560000, 0x00000007a5560000)
  from space 21824K, 100% used [0x00000007a6ab0000, 0x00000007a8000000, 0x00000007a8000000)
  to   space 21824K,   0% used [0x00000007a5560000, 0x00000007a5560000, 0x00000007a6ab0000)
 concurrent mark-sweep generation total 393216K, used 167451K [0x00000007a8000000, 0x00000007c0000000, 0x00000007c0000000)
 Metaspace       used 38875K, capacity 39480K, committed 40008K, reserved 1085440K
  class space    used 4467K, capacity 4677K, committed 4760K, reserved 1048576K
2016-10-24T11:29:35.012+0800: 4394.924: [GC (Allocation Failure) 2016-10-24T11:29:35.012+0800: 4394.924: [ParNew
Desired survivor size 20112992 bytes, new threshold 5 (max 8)
- age   1:   10990344 bytes,   10990344 total
- age   2:    3544608 bytes,   14534952 total
- age   3:    2210000 bytes,   16744952 total
- age   4:    1836056 bytes,   18581008 total
- age   5:    1861144 bytes,   20442152 total
: 109248K->21824K(109248K), 0.0264540 secs] 276699K->198512K(502464K), 0.0265195 secs] [Times: user=0.10 sys=0.00, real=0.02 secs] 
Heap after GC invocations=112 (full 6):
 par new generation   total 109248K, used 21824K [0x00000007a0000000, 0x00000007a8000000, 0x00000007a8000000)
  eden space 87424K,   0% used [0x00000007a0000000, 0x00000007a0000000, 0x00000007a5560000)
  from space 21824K, 100% used [0x00000007a5560000, 0x00000007a6ab0000, 0x00000007a6ab0000)
  to   space 21824K,   0% used [0x00000007a6ab0000, 0x00000007a6ab0000, 0x00000007a8000000)
 concurrent mark-sweep generation total 393216K, used 176688K [0x00000007a8000000, 0x00000007c0000000, 0x00000007c0000000)
 Metaspace       used 38875K, capacity 39480K, committed 40008K, reserved 1085440K
  class space    used 4467K, capacity 4677K, committed 4760K, reserved 1048576K
}
2016-10-24T11:29:35.039+0800: 4394.951: Total time for which application threads were stopped: 0.0266913 seconds, Stopping threads took: 0.0000215 seconds
2016-10-24T11:29:36.042+0800: 4395.954: Total time for which application threads were stopped: 0.0001348 seconds, Stopping threads took: 0.0000563 seconds
{Heap before GC invocations=112 (full 6):
 par new generation   total 109248K, used 109248K [0x00000007a0000000, 0x00000007a8000000, 0x00000007a8000000)
  eden space 87424K, 100% used [0x00000007a0000000, 0x00000007a5560000, 0x00000007a5560000)
  from space 21824K, 100% used [0x00000007a5560000, 0x00000007a6ab0000, 0x00000007a6ab0000)
  to   space 21824K,   0% used [0x00000007a6ab0000, 0x00000007a6ab0000, 0x00000007a8000000)
 concurrent mark-sweep generation total 393216K, used 176688K [0x00000007a8000000, 0x00000007c0000000, 0x00000007c0000000)
 Metaspace       used 38877K, capacity 39480K, committed 40008K, reserved 1085440K
  class space    used 4467K, capacity 4677K, committed 4760K, reserved 1048576K
2016-10-24T11:29:36.103+0800: 4396.015: [GC (Allocation Failure) 2016-10-24T11:29:36.103+0800: 4396.015: [ParNew
Desired survivor size 20112992 bytes, new threshold 8 (max 8)
- age   1:    2550040 bytes,    2550040 total
- age   2:   10667952 bytes,   13217992 total
- age   3:    2519128 bytes,   15737120 total
- age   4:    2040864 bytes,   17777984 total
- age   5:    1744184 bytes,   19522168 total
: 109248K->21824K(109248K), 0.0184571 secs] 285936K->202828K(502464K), 0.0185078 secs] [Times: user=0.07 sys=0.00, real=0.02 secs] 
Heap after GC invocations=113 (full 6):
 par new generation   total 109248K, used 21824K [0x00000007a0000000, 0x00000007a8000000, 0x00000007a8000000)
  eden space 87424K,   0% used [0x00000007a0000000, 0x00000007a0000000, 0x00000007a5560000)
  from space 21824K, 100% used [0x00000007a6ab0000, 0x00000007a8000000, 0x00000007a8000000)
  to   space 21824K,   0% used [0x00000007a5560000, 0x00000007a5560000, 0x00000007a6ab0000)
 concurrent mark-sweep generation total 393216K, used 181004K [0x00000007a8000000, 0x00000007c0000000, 0x00000007c0000000)
 Metaspace       used 38877K, capacity 39480K, committed 40008K, reserved 1085440K
  class space    used 4467K, capacity 4677K, committed 4760K, reserved 1048576K
}
2016-10-24T11:29:36.122+0800: 4396.034: Total time for which application threads were stopped: 0.0186944 seconds, Stopping threads took: 0.0000314 seconds
{Heap before GC invocations=113 (full 6):
 par new generation   total 109248K, used 109248K [0x00000007a0000000, 0x00000007a8000000, 0x00000007a8000000)
  eden space 87424K, 100% used [0x00000007a0000000, 0x00000007a5560000, 0x00000007a5560000)
  from space 21824K, 100% used [0x00000007a6ab0000, 0x00000007a8000000, 0x00000007a8000000)
  to   space 21824K,   0% used [0x00000007a5560000, 0x00000007a5560000, 0x00000007a6ab0000)
 concurrent mark-sweep generation total 393216K, used 181004K [0x00000007a8000000, 0x00000007c0000000, 0x00000007c0000000)
 Metaspace       used 38877K, capacity 39480K, committed 40008K, reserved 1085440K
  class space    used 4467K, capacity 4677K, committed 4760K, reserved 1048576K
2016-10-24T11:29:36.152+0800: 4396.064: [GC (Allocation Failure) 2016-10-24T11:29:36.152+0800: 4396.064: [ParNew
Desired survivor size 20112992 bytes, new threshold 8 (max 8)
- age   1:     109208 bytes,     109208 total
- age   2:    1978912 bytes,    2088120 total
- age   3:   10546856 bytes,   12634976 total
- age   4:    2487528 bytes,   15122504 total
- age   5:    2003832 bytes,   17126336 total
- age   6:    1715656 bytes,   18841992 total
: 109248K->21824K(109248K), 0.0142551 secs] 290252K->203626K(502464K), 0.0143096 secs] [Times: user=0.05 sys=0.00, real=0.01 secs] 
Heap after GC invocations=114 (full 6):
 par new generation   total 109248K, used 21824K [0x00000007a0000000, 0x00000007a8000000, 0x00000007a8000000)
  eden space 87424K,   0% used [0x00000007a0000000, 0x00000007a0000000, 0x00000007a5560000)
  from space 21824K, 100% used [0x00000007a5560000, 0x00000007a6ab0000, 0x00000007a6ab0000)
  to   space 21824K,   0% used [0x00000007a6ab0000, 0x00000007a6ab0000, 0x00000007a8000000)
 concurrent mark-sweep generation total 393216K, used 181802K [0x00000007a8000000, 0x00000007c0000000, 0x00000007c0000000)
 Metaspace       used 38877K, capacity 39480K, committed 40008K, reserved 1085440K
  class space    used 4467K, capacity 4677K, committed 4760K, reserved 1048576K
}
2016-10-24T11:29:36.166+0800: 4396.078: Total time for which application threads were stopped: 0.0144781 seconds, Stopping threads took: 0.0000293 seconds
{Heap before GC invocations=114 (full 6):
 par new generation   total 109248K, used 109248K [0x00000007a0000000, 0x00000007a8000000, 0x00000007a8000000)
  eden space 87424K, 100% used [0x00000007a0000000, 0x00000007a5560000, 0x00000007a5560000)
  from space 21824K, 100% used [0x00000007a5560000, 0x00000007a6ab0000, 0x00000007a6ab0000)
  to   space 21824K,   0% used [0x00000007a6ab0000, 0x00000007a6ab0000, 0x00000007a8000000)
 concurrent mark-sweep generation total 393216K, used 181802K [0x00000007a8000000, 0x00000007c0000000, 0x00000007c0000000)
 Metaspace       used 38877K, capacity 39480K, committed 40008K, reserved 1085440K
  class space    used 4467K, capacity 4677K, committed 4760K, reserved 1048576K
2016-10-24T11:29:36.196+0800: 4396.108: [GC (Allocation Failure) 2016-10-24T11:29:36.196+0800: 4396.108: [ParNew
Desired survivor size 20112992 bytes, new threshold 8 (max 8)
- age   1:     245648 bytes,     245648 total
- age   2:      28584 bytes,     274232 total
- age   3:    1923400 bytes,    2197632 total
- age   4:    9642208 bytes,   11839840 total
- age   5:    2465200 bytes,   14305040 total
- age   6:    1978952 bytes,   16283992 total
- age   7:    1668920 bytes,   17952912 total
: 109248K->21824K(109248K), 0.0140138 secs] 291050K->204670K(502464K), 0.0140821 secs] [Times: user=0.05 sys=0.00, real=0.02 secs] 
Heap after GC invocations=115 (full 6):
 par new generation   total 109248K, used 21824K [0x00000007a0000000, 0x00000007a8000000, 0x00000007a8000000)
  eden space 87424K,   0% used [0x00000007a0000000, 0x00000007a0000000, 0x00000007a5560000)
  from space 21824K, 100% used [0x00000007a6ab0000, 0x00000007a8000000, 0x00000007a8000000)
  to   space 21824K,   0% used [0x00000007a5560000, 0x00000007a5560000, 0x00000007a6ab0000)
 concurrent mark-sweep generation total 393216K, used 182846K [0x00000007a8000000, 0x00000007c0000000, 0x00000007c0000000)
 Metaspace       used 38877K, capacity 39480K, committed 40008K, reserved 1085440K
  class space    used 4467K, capacity 4677K, committed 4760K, reserved 1048576K
}
2016-10-24T11:29:36.210+0800: 4396.122: Total time for which application threads were stopped: 0.0143489 seconds, Stopping threads took: 0.0000365 seconds
{Heap before GC invocations=115 (full 6):
 par new generation   total 109248K, used 109248K [0x00000007a0000000, 0x00000007a8000000, 0x00000007a8000000)
  eden space 87424K, 100% used [0x00000007a0000000, 0x00000007a5560000, 0x00000007a5560000)
  from space 21824K, 100% used [0x00000007a6ab0000, 0x00000007a8000000, 0x00000007a8000000)
  to   space 21824K,   0% used [0x00000007a5560000, 0x00000007a5560000, 0x00000007a6ab0000)
 concurrent mark-sweep generation total 393216K, used 182846K [0x00000007a8000000, 0x00000007c0000000, 0x00000007c0000000)
 Metaspace       used 38877K, capacity 39480K, committed 40008K, reserved 1085440K
  class space    used 4467K, capacity 4677K, committed 4760K, reserved 1048576K
2016-10-24T11:29:36.308+0800: 4396.220: [GC (Allocation Failure) 2016-10-24T11:29:36.308+0800: 4396.220: [ParNew
Desired survivor size 20112992 bytes, new threshold 8 (max 8)
- age   1:     177064 bytes,     177064 total
- age   2:     144904 bytes,     321968 total
- age   3:      28584 bytes,     350552 total
- age   4:    1639296 bytes,    1989848 total
- age   5:    9517688 bytes,   11507536 total
- age   6:    2449656 bytes,   13957192 total
- age   7:    1868928 bytes,   15826120 total
- age   8:    1637144 bytes,   17463264 total
: 109248K->21824K(109248K), 0.0123559 secs] 292094K->205228K(502464K), 0.0124222 secs] [Times: user=0.04 sys=0.00, real=0.02 secs] 
Heap after GC invocations=116 (full 6):
 par new generation   total 109248K, used 21824K [0x00000007a0000000, 0x00000007a8000000, 0x00000007a8000000)
  eden space 87424K,   0% used [0x00000007a0000000, 0x00000007a0000000, 0x00000007a5560000)
  from space 21824K, 100% used [0x00000007a5560000, 0x00000007a6ab0000, 0x00000007a6ab0000)
  to   space 21824K,   0% used [0x00000007a6ab0000, 0x00000007a6ab0000, 0x00000007a8000000)
 concurrent mark-sweep generation total 393216K, used 183404K [0x00000007a8000000, 0x00000007c0000000, 0x00000007c0000000)
 Metaspace       used 38877K, capacity 39480K, committed 40008K, reserved 1085440K
  class space    used 4467K, capacity 4677K, committed 4760K, reserved 1048576K
}
2016-10-24T11:29:36.321+0800: 4396.233: Total time for which application threads were stopped: 0.0125949 seconds, Stopping threads took: 0.0000187 seconds
2016-10-24T11:29:36.425+0800: 4396.338: Total time for which application threads were stopped: 0.0001450 seconds, Stopping threads took: 0.0000376 seconds
2016-10-24T11:29:36.427+0800: 4396.339: Total time for which application threads were stopped: 0.0001195 seconds, Stopping threads took: 0.0000277 seconds
2016-10-24T11:29:36.427+0800: 4396.339: Total time for which application threads were stopped: 0.0000893 seconds, Stopping threads took: 0.0000261 seconds
2016-10-24T11:29:36.428+0800: 4396.340: Total time for which application threads were stopped: 0.0001574 seconds, Stopping threads took: 0.0000934 seconds
2016-10-24T11:29:36.429+0800: 4396.341: Total time for which application threads were stopped: 0.0000921 seconds, Stopping threads took: 0.0000128 seconds
2016-10-24T11:29:36.430+0800: 4396.342: Total time for which application threads were stopped: 0.0001214 seconds, Stopping threads took: 0.0000580 seconds
2016-10-24T11:29:36.431+0800: 4396.343: Total time for which application threads were stopped: 0.0001576 seconds, Stopping threads took: 0.0000711 seconds
2016-10-24T11:29:36.432+0800: 4396.344: Total time for which application threads were stopped: 0.0001092 seconds, Stopping threads took: 0.0000477 seconds
{Heap before GC invocations=116 (full 6):
 par new generation   total 109248K, used 109248K [0x00000007a0000000, 0x00000007a8000000, 0x00000007a8000000)
  eden space 87424K, 100% used [0x00000007a0000000, 0x00000007a5560000, 0x00000007a5560000)
  from space 21824K, 100% used [0x00000007a5560000, 0x00000007a6ab0000, 0x00000007a6ab0000)
  to   space 21824K,   0% used [0x00000007a6ab0000, 0x00000007a6ab0000, 0x00000007a8000000)
 concurrent mark-sweep generation total 393216K, used 183404K [0x00000007a8000000, 0x00000007c0000000, 0x00000007c0000000)
 Metaspace       used 38890K, capacity 39480K, committed 40008K, reserved 1085440K
  class space    used 4469K, capacity 4677K, committed 4760K, reserved 1048576K
2016-10-24T11:29:36.456+0800: 4396.368: [GC (Allocation Failure) 2016-10-24T11:29:36.456+0800: 4396.368: [ParNew
Desired survivor size 20112992 bytes, new threshold 8 (max 8)
- age   1:    1263760 bytes,    1263760 total
- age   2:      82408 bytes,    1346168 total
- age   3:     144880 bytes,    1491048 total
- age   4:      28584 bytes,    1519632 total
- age   5:    1551360 bytes,    3070992 total
- age   6:    9455768 bytes,   12526760 total
- age   7:    2415736 bytes,   14942496 total
- age   8:    1849320 bytes,   16791816 total
: 109248K->20069K(109248K), 0.0171227 secs] 292652K->205078K(502464K), 0.0171741 secs] [Times: user=0.10 sys=0.00, real=0.02 secs] 
Heap after GC invocations=117 (full 6):
 par new generation   total 109248K, used 20069K [0x00000007a0000000, 0x00000007a8000000, 0x00000007a8000000)
  eden space 87424K,   0% used [0x00000007a0000000, 0x00000007a0000000, 0x00000007a5560000)
  from space 21824K,  91% used [0x00000007a6ab0000, 0x00000007a7e495f0, 0x00000007a8000000)
  to   space 21824K,   0% used [0x00000007a5560000, 0x00000007a5560000, 0x00000007a6ab0000)
 concurrent mark-sweep generation total 393216K, used 185009K [0x00000007a8000000, 0x00000007c0000000, 0x00000007c0000000)
 Metaspace       used 38890K, capacity 39480K, committed 40008K, reserved 1085440K
  class space    used 4469K, capacity 4677K, committed 4760K, reserved 1048576K
}
2016-10-24T11:29:36.473+0800: 4396.385: Total time for which application threads were stopped: 0.0173570 seconds, Stopping threads took: 0.0000299 seconds
2016-10-24T11:29:36.708+0800: 4396.620: Total time for which application threads were stopped: 0.0002007 seconds, Stopping threads took: 0.0000629 seconds
2016-10-24T11:29:36.748+0800: 4396.660: Total time for which application threads were stopped: 0.0001583 seconds, Stopping threads took: 0.0000547 seconds
2016-10-24T11:29:36.748+0800: 4396.660: Total time for which application threads were stopped: 0.0001058 seconds, Stopping threads took: 0.0000486 seconds
{Heap before GC invocations=117 (full 6):
 par new generation   total 109248K, used 107493K [0x00000007a0000000, 0x00000007a8000000, 0x00000007a8000000)
  eden space 87424K, 100% used [0x00000007a0000000, 0x00000007a5560000, 0x00000007a5560000)
  from space 21824K,  91% used [0x00000007a6ab0000, 0x00000007a7e495f0, 0x00000007a8000000)
  to   space 21824K,   0% used [0x00000007a5560000, 0x00000007a5560000, 0x00000007a6ab0000)
 concurrent mark-sweep generation total 393216K, used 185009K [0x00000007a8000000, 0x00000007c0000000, 0x00000007c0000000)
 Metaspace       used 38896K, capacity 39548K, committed 40008K, reserved 1085440K
  class space    used 4469K, capacity 4677K, committed 4760K, reserved 1048576K
2016-10-24T11:29:36.767+0800: 4396.679: [GC (Allocation Failure) 2016-10-24T11:29:36.767+0800: 4396.679: [ParNew
Desired survivor size 20112992 bytes, new threshold 8 (max 8)
- age   1:    5592376 bytes,    5592376 total
- age   2:     914184 bytes,    6506560 total
- age   3:      82408 bytes,    6588968 total
- age   4:     144464 bytes,    6733432 total
- age   5:      28584 bytes,    6762016 total
- age   6:    1551360 bytes,    8313376 total
- age   7:    9455768 bytes,   17769144 total
- age   8:    2415736 bytes,   20184880 total
: 107493K->21824K(109248K), 0.0160216 secs] 292502K->208687K(502464K), 0.0160767 secs] [Times: user=0.06 sys=0.00, real=0.02 secs] 
Heap after GC invocations=118 (full 6):
 par new generation   total 109248K, used 21824K [0x00000007a0000000, 0x00000007a8000000, 0x00000007a8000000)
  eden space 87424K,   0% used [0x00000007a0000000, 0x00000007a0000000, 0x00000007a5560000)
  from space 21824K, 100% used [0x00000007a5560000, 0x00000007a6ab0000, 0x00000007a6ab0000)
  to   space 21824K,   0% used [0x00000007a6ab0000, 0x00000007a6ab0000, 0x00000007a8000000)
 concurrent mark-sweep generation total 393216K, used 186863K [0x00000007a8000000, 0x00000007c0000000, 0x00000007c0000000)
 Metaspace       used 38896K, capacity 39548K, committed 40008K, reserved 1085440K
  class space    used 4469K, capacity 4677K, committed 4760K, reserved 1048576K
}
2016-10-24T11:29:36.784+0800: 4396.696: Total time for which application threads were stopped: 0.0162954 seconds, Stopping threads took: 0.0000835 seconds
2016-10-24T11:29:36.880+0800: 4396.792: Total time for which application threads were stopped: 0.0002053 seconds, Stopping threads took: 0.0000307 seconds
2016-10-24T11:29:36.880+0800: 4396.792: Total time for which application threads were stopped: 0.0001101 seconds, Stopping threads took: 0.0000117 seconds
2016-10-24T11:29:36.881+0800: 4396.793: Total time for which application threads were stopped: 0.0000960 seconds, Stopping threads took: 0.0000125 seconds
2016-10-24T11:29:36.881+0800: 4396.793: Total time for which application threads were stopped: 0.0000950 seconds, Stopping threads took: 0.0000122 seconds
{Heap before GC invocations=118 (full 6):
 par new generation   total 109248K, used 109248K [0x00000007a0000000, 0x00000007a8000000, 0x00000007a8000000)
  eden space 87424K, 100% used [0x00000007a0000000, 0x00000007a5560000, 0x00000007a5560000)
  from space 21824K, 100% used [0x00000007a5560000, 0x00000007a6ab0000, 0x00000007a6ab0000)
  to   space 21824K,   0% used [0x00000007a6ab0000, 0x00000007a6ab0000, 0x00000007a8000000)
 concurrent mark-sweep generation total 393216K, used 186863K [0x00000007a8000000, 0x00000007c0000000, 0x00000007c0000000)
 Metaspace       used 38906K, capacity 39612K, committed 40008K, reserved 1085440K
  class space    used 4469K, capacity 4677K, committed 4760K, reserved 1048576K
2016-10-24T11:29:37.043+0800: 4396.955: [GC (Allocation Failure) 2016-10-24T11:29:37.043+0800: 4396.955: [ParNew
Desired survivor size 20112992 bytes, new threshold 8 (max 8)
- age   1:    4688520 bytes,    4688520 total
- age   2:    2288128 bytes,    6976648 total
- age   3:     417472 bytes,    7394120 total
- age   4:      82408 bytes,    7476528 total
- age   5:     143664 bytes,    7620192 total
- age   6:      28584 bytes,    7648776 total
- age   7:    1551264 bytes,    9200040 total
- age   8:    9455768 bytes,   18655808 total
: 109248K->21824K(109248K), 0.0196118 secs] 296111K->212024K(502464K), 0.0196627 secs] [Times: user=0.11 sys=0.00, real=0.02 secs] 
Heap after GC invocations=119 (full 6):
 par new generation   total 109248K, used 21824K [0x00000007a0000000, 0x00000007a8000000, 0x00000007a8000000)
  eden space 87424K,   0% used [0x00000007a0000000, 0x00000007a0000000, 0x00000007a5560000)
  from space 21824K, 100% used [0x00000007a6ab0000, 0x00000007a8000000, 0x00000007a8000000)
  to   space 21824K,   0% used [0x00000007a5560000, 0x00000007a5560000, 0x00000007a6ab0000)
 concurrent mark-sweep generation total 393216K, used 190200K [0x00000007a8000000, 0x00000007c0000000, 0x00000007c0000000)
 Metaspace       used 38906K, capacity 39612K, committed 40008K, reserved 1085440K
  class space    used 4469K, capacity 4677K, committed 4760K, reserved 1048576K
}
2016-10-24T11:29:37.063+0800: 4396.975: Total time for which application threads were stopped: 0.0198534 seconds, Stopping threads took: 0.0000189 seconds
{Heap before GC invocations=119 (full 6):
 par new generation   total 109248K, used 109248K [0x00000007a0000000, 0x00000007a8000000, 0x00000007a8000000)
  eden space 87424K, 100% used [0x00000007a0000000, 0x00000007a5560000, 0x00000007a5560000)
  from space 21824K, 100% used [0x00000007a6ab0000, 0x00000007a8000000, 0x00000007a8000000)
  to   space 21824K,   0% used [0x00000007a5560000, 0x00000007a5560000, 0x00000007a6ab0000)
 concurrent mark-sweep generation total 393216K, used 190200K [0x00000007a8000000, 0x00000007c0000000, 0x00000007c0000000)
 Metaspace       used 38906K, capacity 39612K, committed 40008K, reserved 1085440K
  class space    used 4469K, capacity 4677K, committed 4760K, reserved 1048576K
2016-10-24T11:29:37.316+0800: 4397.228: [GC (Allocation Failure) 2016-10-24T11:29:37.316+0800: 4397.228: [ParNew
Desired survivor size 20112992 bytes, new threshold 8 (max 8)
- age   1:    6733688 bytes,    6733688 total
- age   2:    3612944 bytes,   10346632 total
- age   3:    2276688 bytes,   12623320 total
- age   4:     417088 bytes,   13040408 total
- age   5:      82408 bytes,   13122816 total
- age   6:     143664 bytes,   13266480 total
- age   7:      28584 bytes,   13295064 total
- age   8:    1551264 bytes,   14846328 total
: 109248K->21824K(109248K), 0.0156657 secs] 299448K->221302K(502464K), 0.0157168 secs] [Times: user=0.06 sys=0.00, real=0.02 secs] 
Heap after GC invocations=120 (full 6):
 par new generation   total 109248K, used 21824K [0x00000007a0000000, 0x00000007a8000000, 0x00000007a8000000)
  eden space 87424K,   0% used [0x00000007a0000000, 0x00000007a0000000, 0x00000007a5560000)
  from space 21824K, 100% used [0x00000007a5560000, 0x00000007a6ab0000, 0x00000007a6ab0000)
  to   space 21824K,   0% used [0x00000007a6ab0000, 0x00000007a6ab0000, 0x00000007a8000000)
 concurrent mark-sweep generation total 393216K, used 199478K [0x00000007a8000000, 0x00000007c0000000, 0x00000007c0000000)
 Metaspace       used 38906K, capacity 39612K, committed 40008K, reserved 1085440K
  class space    used 4469K, capacity 4677K, committed 4760K, reserved 1048576K
}
2016-10-24T11:29:37.331+0800: 4397.243: Total time for which application threads were stopped: 0.0158855 seconds, Stopping threads took: 0.0000197 seconds
2016-10-24T11:29:37.331+0800: 4397.244: [GC (CMS Initial Mark) [1 CMS-initial-mark: 199478K(393216K)] 222941K(502464K), 0.0029175 secs] [Times: user=0.01 sys=0.00, real=0.00 secs] 
2016-10-24T11:29:37.334+0800: 4397.246: Total time for which application threads were stopped: 0.0030521 seconds, Stopping threads took: 0.0000422 seconds
2016-10-24T11:29:37.334+0800: 4397.247: [CMS-concurrent-mark-start]
2016-10-24T11:29:37.345+0800: 4397.257: [CMS-concurrent-mark: 0.011/0.011 secs] [Times: user=0.05 sys=0.00, real=0.01 secs] 
2016-10-24T11:29:37.345+0800: 4397.257: [CMS-concurrent-preclean-start]
2016-10-24T11:29:37.346+0800: 4397.258: [CMS-concurrent-preclean: 0.001/0.001 secs] [Times: user=0.00 sys=0.00, real=0.00 secs] 
2016-10-24T11:29:37.346+0800: 4397.258: [CMS-concurrent-abortable-preclean-start]
2016-10-24T11:29:37.470+0800: 4397.382: [CMS-concurrent-abortable-preclean: 0.124/0.124 secs] [Times: user=0.25 sys=0.00, real=0.13 secs] 
2016-10-24T11:29:37.470+0800: 4397.382: [GC (CMS Final Remark) [YG occupancy: 71419 K (109248 K)]{Heap before GC invocations=120 (full 7):
 par new generation   total 109248K, used 71419K [0x00000007a0000000, 0x00000007a8000000, 0x00000007a8000000)
  eden space 87424K,  56% used [0x00000007a0000000, 0x00000007a306ed28, 0x00000007a5560000)
  from space 21824K, 100% used [0x00000007a5560000, 0x00000007a6ab0000, 0x00000007a6ab0000)
  to   space 21824K,   0% used [0x00000007a6ab0000, 0x00000007a6ab0000, 0x00000007a8000000)
 concurrent mark-sweep generation total 393216K, used 199478K [0x00000007a8000000, 0x00000007c0000000, 0x00000007c0000000)
 Metaspace       used 38906K, capacity 39612K, committed 40008K, reserved 1085440K
  class space    used 4469K, capacity 4677K, committed 4760K, reserved 1048576K
2016-10-24T11:29:37.470+0800: 4397.382: [GC (CMS Final Remark) 2016-10-24T11:29:37.470+0800: 4397.382: [ParNew
Desired survivor size 20112992 bytes, new threshold 8 (max 8)
- age   1:    4488088 bytes,    4488088 total
- age   2:    5335336 bytes,    9823424 total
- age   3:    3621872 bytes,   13445296 total
- age   4:    2279088 bytes,   15724384 total
- age   5:     417088 bytes,   16141472 total
- age   6:      82408 bytes,   16223880 total
- age   7:     143664 bytes,   16367544 total
- age   8:      28584 bytes,   16396128 total
: 71419K->18372K(109248K), 0.0114109 secs] 270897K->219379K(502464K), 0.0114410 secs] [Times: user=0.04 sys=0.00, real=0.01 secs] 
Heap after GC invocations=121 (full 7):
 par new generation   total 109248K, used 18372K [0x00000007a0000000, 0x00000007a8000000, 0x00000007a8000000)
  eden space 87424K,   0% used [0x00000007a0000000, 0x00000007a0000000, 0x00000007a5560000)
  from space 21824K,  84% used [0x00000007a6ab0000, 0x00000007a7ca1390, 0x00000007a8000000)
  to   space 21824K,   0% used [0x00000007a5560000, 0x00000007a5560000, 0x00000007a6ab0000)
 concurrent mark-sweep generation total 393216K, used 201006K [0x00000007a8000000, 0x00000007c0000000, 0x00000007c0000000)
 Metaspace       used 38906K, capacity 39612K, committed 40008K, reserved 1085440K
  class space    used 4469K, capacity 4677K, committed 4760K, reserved 1048576K
}
2016-10-24T11:29:37.482+0800: 4397.394: [Rescan (parallel) , 0.0044788 secs]2016-10-24T11:29:37.486+0800: 4397.398: [weak refs processing, 0.0007442 secs]2016-10-24T11:29:37.487+0800: 4397.399: [class unloading, 0.0080706 secs]2016-10-24T11:29:37.495+0800: 4397.407: [scrub symbol table, 0.0052156 secs]2016-10-24T11:29:37.500+0800: 4397.412: [scrub string table, 0.0004921 secs][1 CMS-remark: 201006K(393216K)] 219379K(502464K), 0.0307001 secs] [Times: user=0.07 sys=0.00, real=0.03 secs] 
2016-10-24T11:29:37.501+0800: 4397.413: Total time for which application threads were stopped: 0.0308701 seconds, Stopping threads took: 0.0000531 seconds
2016-10-24T11:29:37.501+0800: 4397.413: [CMS-concurrent-sweep-start]
2016-10-24T11:29:37.613+0800: 4397.525: [CMS-concurrent-sweep: 0.112/0.112 secs] [Times: user=0.22 sys=0.01, real=0.11 secs] 
2016-10-24T11:29:37.613+0800: 4397.525: [CMS-concurrent-reset-start]
2016-10-24T11:29:37.614+0800: 4397.526: [CMS-concurrent-reset: 0.000/0.000 secs] [Times: user=0.00 sys=0.00, real=0.00 secs] 
{Heap before GC invocations=121 (full 7):
 par new generation   total 109248K, used 105796K [0x00000007a0000000, 0x00000007a8000000, 0x00000007a8000000)
  eden space 87424K, 100% used [0x00000007a0000000, 0x00000007a5560000, 0x00000007a5560000)
  from space 21824K,  84% used [0x00000007a6ab0000, 0x00000007a7ca1390, 0x00000007a8000000)
  to   space 21824K,   0% used [0x00000007a5560000, 0x00000007a5560000, 0x00000007a6ab0000)
 concurrent mark-sweep generation total 393216K, used 94112K [0x00000007a8000000, 0x00000007c0000000, 0x00000007c0000000)
 Metaspace       used 38906K, capacity 39612K, committed 40008K, reserved 1085440K
  class space    used 4469K, capacity 4677K, committed 4760K, reserved 1048576K
2016-10-24T11:29:37.738+0800: 4397.650: [GC (Allocation Failure) 2016-10-24T11:29:37.738+0800: 4397.650: [ParNew
Desired survivor size 20112992 bytes, new threshold 5 (max 8)
- age   1:    7604288 bytes,    7604288 total
- age   2:    2843008 bytes,   10447296 total
- age   3:    4552936 bytes,   15000232 total
- age   4:    3540008 bytes,   18540240 total
- age   5:    2219048 bytes,   20759288 total
- age   6:     409496 bytes,   21168784 total
- age   7:      14864 bytes,   21183648 total
- age   8:       2872 bytes,   21186520 total
: 105796K->21824K(109248K), 0.0116899 secs] 199909K->116407K(502464K), 0.0117567 secs] [Times: user=0.04 sys=0.00, real=0.01 secs] 
Heap after GC invocations=122 (full 7):
 par new generation   total 109248K, used 21824K [0x00000007a0000000, 0x00000007a8000000, 0x00000007a8000000)
  eden space 87424K,   0% used [0x00000007a0000000, 0x00000007a0000000, 0x00000007a5560000)
  from space 21824K, 100% used [0x00000007a5560000, 0x00000007a6ab0000, 0x00000007a6ab0000)
  to   space 21824K,   0% used [0x00000007a6ab0000, 0x00000007a6ab0000, 0x00000007a8000000)
 concurrent mark-sweep generation total 393216K, used 94583K [0x00000007a8000000, 0x00000007c0000000, 0x00000007c0000000)
 Metaspace       used 38906K, capacity 39612K, committed 40008K, reserved 1085440K
  class space    used 4469K, capacity 4677K, committed 4760K, reserved 1048576K
}
2016-10-24T11:29:37.749+0800: 4397.661: Total time for which application threads were stopped: 0.0119159 seconds, Stopping threads took: 0.0000191 seconds
{Heap before GC invocations=122 (full 7):
 par new generation   total 109248K, used 109248K [0x00000007a0000000, 0x00000007a8000000, 0x00000007a8000000)
  eden space 87424K, 100% used [0x00000007a0000000, 0x00000007a5560000, 0x00000007a5560000)
  from space 21824K, 100% used [0x00000007a5560000, 0x00000007a6ab0000, 0x00000007a6ab0000)
  to   space 21824K,   0% used [0x00000007a6ab0000, 0x00000007a6ab0000, 0x00000007a8000000)
 concurrent mark-sweep generation total 393216K, used 94583K [0x00000007a8000000, 0x00000007c0000000, 0x00000007c0000000)
 Metaspace       used 38906K, capacity 39612K, committed 40008K, reserved 1085440K
  class space    used 4469K, capacity 4677K, committed 4760K, reserved 1048576K
2016-10-24T11:29:37.972+0800: 4397.884: [GC (Allocation Failure) 2016-10-24T11:29:37.972+0800: 4397.884: [ParNew
Desired survivor size 20112992 bytes, new threshold 5 (max 8)
- age   1:    6952488 bytes,    6952488 total
- age   2:    4967256 bytes,   11919744 total
- age   3:    2534512 bytes,   14454256 total
- age   4:    3714832 bytes,   18169088 total
- age   5:    3173888 bytes,   21342976 total
: 109248K->21824K(109248K), 0.0162751 secs] 203831K->121534K(502464K), 0.0163403 secs] [Times: user=0.06 sys=0.00, real=0.01 secs] 
Heap after GC invocations=123 (full 7):
 par new generation   total 109248K, used 21824K [0x00000007a0000000, 0x00000007a8000000, 0x00000007a8000000)
  eden space 87424K,   0% used [0x00000007a0000000, 0x00000007a0000000, 0x00000007a5560000)
  from space 21824K, 100% used [0x00000007a6ab0000, 0x00000007a8000000, 0x00000007a8000000)
  to   space 21824K,   0% used [0x00000007a5560000, 0x00000007a5560000, 0x00000007a6ab0000)
 concurrent mark-sweep generation total 393216K, used 99710K [0x00000007a8000000, 0x00000007c0000000, 0x00000007c0000000)
 Metaspace       used 38906K, capacity 39612K, committed 40008K, reserved 1085440K
  class space    used 4469K, capacity 4677K, committed 4760K, reserved 1048576K
}
2016-10-24T11:29:37.988+0800: 4397.900: Total time for which application threads were stopped: 0.0165098 seconds, Stopping threads took: 0.0000203 seconds
{Heap before GC invocations=123 (full 7):
 par new generation   total 109248K, used 109248K [0x00000007a0000000, 0x00000007a8000000, 0x00000007a8000000)
  eden space 87424K, 100% used [0x00000007a0000000, 0x00000007a5560000, 0x00000007a5560000)
  from space 21824K, 100% used [0x00000007a6ab0000, 0x00000007a8000000, 0x00000007a8000000)
  to   space 21824K,   0% used [0x00000007a5560000, 0x00000007a5560000, 0x00000007a6ab0000)
 concurrent mark-sweep generation total 393216K, used 99710K [0x00000007a8000000, 0x00000007c0000000, 0x00000007c0000000)
 Metaspace       used 38906K, capacity 39612K, committed 40008K, reserved 1085440K
  class space    used 4469K, capacity 4677K, committed 4760K, reserved 1048576K
2016-10-24T11:29:38.207+0800: 4398.119: [GC (Allocation Failure) 2016-10-24T11:29:38.207+0800: 4398.119: [ParNew
Desired survivor size 20112992 bytes, new threshold 5 (max 8)
- age   1:    7969496 bytes,    7969496 total
- age   2:    3745536 bytes,   11715032 total
- age   3:    4537648 bytes,   16252680 total
- age   4:    1790800 bytes,   18043480 total
- age   5:    3306552 bytes,   21350032 total
: 109248K->21824K(109248K), 0.0158890 secs] 208958K->126982K(502464K), 0.0159532 secs] [Times: user=0.06 sys=0.00, real=0.02 secs] 
Heap after GC invocations=124 (full 7):
 par new generation   total 109248K, used 21824K [0x00000007a0000000, 0x00000007a8000000, 0x00000007a8000000)
  eden space 87424K,   0% used [0x00000007a0000000, 0x00000007a0000000, 0x00000007a5560000)
  from space 21824K, 100% used [0x00000007a5560000, 0x00000007a6ab0000, 0x00000007a6ab0000)
  to   space 21824K,   0% used [0x00000007a6ab0000, 0x00000007a6ab0000, 0x00000007a8000000)
 concurrent mark-sweep generation total 393216K, used 105158K [0x00000007a8000000, 0x00000007c0000000, 0x00000007c0000000)
 Metaspace       used 38906K, capacity 39612K, committed 40008K, reserved 1085440K
  class space    used 4469K, capacity 4677K, committed 4760K, reserved 1048576K
}
2016-10-24T11:29:38.223+0800: 4398.135: Total time for which application threads were stopped: 0.0161226 seconds, Stopping threads took: 0.0000278 seconds
{Heap before GC invocations=124 (full 7):
 par new generation   total 109248K, used 109248K [0x00000007a0000000, 0x00000007a8000000, 0x00000007a8000000)
  eden space 87424K, 100% used [0x00000007a0000000, 0x00000007a5560000, 0x00000007a5560000)
  from space 21824K, 100% used [0x00000007a5560000, 0x00000007a6ab0000, 0x00000007a6ab0000)
  to   space 21824K,   0% used [0x00000007a6ab0000, 0x00000007a6ab0000, 0x00000007a8000000)
 concurrent mark-sweep generation total 393216K, used 105158K [0x00000007a8000000, 0x00000007c0000000, 0x00000007c0000000)
 Metaspace       used 38906K, capacity 39612K, committed 40008K, reserved 1085440K
  class space    used 4469K, capacity 4677K, committed 4760K, reserved 1048576K
2016-10-24T11:29:38.441+0800: 4398.353: [GC (Allocation Failure) 2016-10-24T11:29:38.441+0800: 4398.353: [ParNew
Desired survivor size 20112992 bytes, new threshold 5 (max 8)
- age   1:    9206568 bytes,    9206568 total
- age   2:    4176288 bytes,   13382856 total
- age   3:    3261368 bytes,   16644224 total
- age   4:    3019216 bytes,   19663440 total
- age   5:    1554344 bytes,   21217784 total
: 109248K->21824K(109248K), 0.0164755 secs] 214406K->133192K(502464K), 0.0165396 secs] [Times: user=0.05 sys=0.00, real=0.01 secs] 
Heap after GC invocations=125 (full 7):
 par new generation   total 109248K, used 21824K [0x00000007a0000000, 0x00000007a8000000, 0x00000007a8000000)
  eden space 87424K,   0% used [0x00000007a0000000, 0x00000007a0000000, 0x00000007a5560000)
  from space 21824K, 100% used [0x00000007a6ab0000, 0x00000007a8000000, 0x00000007a8000000)
  to   space 21824K,   0% used [0x00000007a5560000, 0x00000007a5560000, 0x00000007a6ab0000)
 concurrent mark-sweep generation total 393216K, used 111368K [0x00000007a8000000, 0x00000007c0000000, 0x00000007c0000000)
 Metaspace       used 38906K, capacity 39612K, committed 40008K, reserved 1085440K
  class space    used 4469K, capacity 4677K, committed 4760K, reserved 1048576K
}
2016-10-24T11:29:38.457+0800: 4398.370: Total time for which application threads were stopped: 0.0167114 seconds, Stopping threads took: 0.0000303 seconds
{Heap before GC invocations=125 (full 7):
 par new generation   total 109248K, used 109248K [0x00000007a0000000, 0x00000007a8000000, 0x00000007a8000000)
  eden space 87424K, 100% used [0x00000007a0000000, 0x00000007a5560000, 0x00000007a5560000)
  from space 21824K, 100% used [0x00000007a6ab0000, 0x00000007a8000000, 0x00000007a8000000)
  to   space 21824K,   0% used [0x00000007a5560000, 0x00000007a5560000, 0x00000007a6ab0000)
 concurrent mark-sweep generation total 393216K, used 111368K [0x00000007a8000000, 0x00000007c0000000, 0x00000007c0000000)
 Metaspace       used 38906K, capacity 39612K, committed 40008K, reserved 1085440K
  class space    used 4469K, capacity 4677K, committed 4760K, reserved 1048576K
2016-10-24T11:29:38.684+0800: 4398.596: [GC (Allocation Failure) 2016-10-24T11:29:38.684+0800: 4398.596: [ParNew
Desired survivor size 20112992 bytes, new threshold 5 (max 8)
- age   1:    7456304 bytes,    7456304 total
- age   2:    5029968 bytes,   12486272 total
- age   3:    3283720 bytes,   15769992 total
- age   4:    2966840 bytes,   18736832 total
- age   5:    2467200 bytes,   21204032 total
: 109248K->21824K(109248K), 0.0151245 secs] 220616K->138537K(502464K), 0.0151837 secs] [Times: user=0.06 sys=0.00, real=0.01 secs] 
Heap after GC invocations=126 (full 7):
 par new generation   total 109248K, used 21824K [0x00000007a0000000, 0x00000007a8000000, 0x00000007a8000000)
  eden space 87424K,   0% used [0x00000007a0000000, 0x00000007a0000000, 0x00000007a5560000)
  from space 21824K, 100% used [0x00000007a5560000, 0x00000007a6ab0000, 0x00000007a6ab0000)
  to   space 21824K,   0% used [0x00000007a6ab0000, 0x00000007a6ab0000, 0x00000007a8000000)
 concurrent mark-sweep generation total 393216K, used 116713K [0x00000007a8000000, 0x00000007c0000000, 0x00000007c0000000)
 Metaspace       used 38906K, capacity 39612K, committed 40008K, reserved 1085440K
  class space    used 4469K, capacity 4677K, committed 4760K, reserved 1048576K
}
2016-10-24T11:29:38.699+0800: 4398.611: Total time for which application threads were stopped: 0.0153608 seconds, Stopping threads took: 0.0000283 seconds
{Heap before GC invocations=126 (full 7):
 par new generation   total 109248K, used 109248K [0x00000007a0000000, 0x00000007a8000000, 0x00000007a8000000)
  eden space 87424K, 100% used [0x00000007a0000000, 0x00000007a5560000, 0x00000007a5560000)
  from space 21824K, 100% used [0x00000007a5560000, 0x00000007a6ab0000, 0x00000007a6ab0000)
  to   space 21824K,   0% used [0x00000007a6ab0000, 0x00000007a6ab0000, 0x00000007a8000000)
 concurrent mark-sweep generation total 393216K, used 116713K [0x00000007a8000000, 0x00000007c0000000, 0x00000007c0000000)
 Metaspace       used 38906K, capacity 39612K, committed 40008K, reserved 1085440K
  class space    used 4469K, capacity 4677K, committed 4760K, reserved 1048576K
2016-10-24T11:29:38.912+0800: 4398.824: [GC (Allocation Failure) 2016-10-24T11:29:38.912+0800: 4398.824: [ParNew
Desired survivor size 20112992 bytes, new threshold 5 (max 8)
- age   1:    7395256 bytes,    7395256 total
- age   2:    3055360 bytes,   10450616 total
- age   3:    4620160 bytes,   15070776 total
- age   4:    3073856 bytes,   18144632 total
- age   5:    2804504 bytes,   20949136 total
: 109248K->21824K(109248K), 0.0154704 secs] 225961K->144135K(502464K), 0.0155312 secs] [Times: user=0.06 sys=0.00, real=0.01 secs] 
Heap after GC invocations=127 (full 7):
 par new generation   total 109248K, used 21824K [0x00000007a0000000, 0x00000007a8000000, 0x00000007a8000000)
  eden space 87424K,   0% used [0x00000007a0000000, 0x00000007a0000000, 0x00000007a5560000)
  from space 21824K, 100% used [0x00000007a6ab0000, 0x00000007a8000000, 0x00000007a8000000)
  to   space 21824K,   0% used [0x00000007a5560000, 0x00000007a5560000, 0x00000007a6ab0000)
 concurrent mark-sweep generation total 393216K, used 122311K [0x00000007a8000000, 0x00000007c0000000, 0x00000007c0000000)
 Metaspace       used 38906K, capacity 39612K, committed 40008K, reserved 1085440K
  class space    used 4469K, capacity 4677K, committed 4760K, reserved 1048576K
}
2016-10-24T11:29:38.928+0800: 4398.840: Total time for which application threads were stopped: 0.0157374 seconds, Stopping threads took: 0.0000301 seconds
{Heap before GC invocations=127 (full 7):
 par new generation   total 109248K, used 109248K [0x00000007a0000000, 0x00000007a8000000, 0x00000007a8000000)
  eden space 87424K, 100% used [0x00000007a0000000, 0x00000007a5560000, 0x00000007a5560000)
  from space 21824K, 100% used [0x00000007a6ab0000, 0x00000007a8000000, 0x00000007a8000000)
  to   space 21824K,   0% used [0x00000007a5560000, 0x00000007a5560000, 0x00000007a6ab0000)
 concurrent mark-sweep generation total 393216K, used 122311K [0x00000007a8000000, 0x00000007c0000000, 0x00000007c0000000)
 Metaspace       used 38906K, capacity 39612K, committed 40008K, reserved 1085440K
  class space    used 4469K, capacity 4677K, committed 4760K, reserved 1048576K
2016-10-24T11:29:39.143+0800: 4399.055: [GC (Allocation Failure) 2016-10-24T11:29:39.143+0800: 4399.055: [ParNew
Desired survivor size 20112992 bytes, new threshold 5 (max 8)
- age   1:    9454048 bytes,    9454048 total
- age   2:    2744144 bytes,   12198192 total
- age   3:    2593176 bytes,   14791368 total
- age   4:    4268632 bytes,   19060000 total
- age   5:    2239656 bytes,   21299656 total
: 109248K->21824K(109248K), 0.0180174 secs] 231559K->151468K(502464K), 0.0180872 secs] [Times: user=0.06 sys=0.00, real=0.02 secs] 
Heap after GC invocations=128 (full 7):
 par new generation   total 109248K, used 21824K [0x00000007a0000000, 0x00000007a8000000, 0x00000007a8000000)
  eden space 87424K,   0% used [0x00000007a0000000, 0x00000007a0000000, 0x00000007a5560000)
  from space 21824K, 100% used [0x00000007a5560000, 0x00000007a6ab0000, 0x00000007a6ab0000)
  to   space 21824K,   0% used [0x00000007a6ab0000, 0x00000007a6ab0000, 0x00000007a8000000)
 concurrent mark-sweep generation total 393216K, used 129644K [0x00000007a8000000, 0x00000007c0000000, 0x00000007c0000000)
 Metaspace       used 38906K, capacity 39612K, committed 40008K, reserved 1085440K
  class space    used 4469K, capacity 4677K, committed 4760K, reserved 1048576K
}
2016-10-24T11:29:39.162+0800: 4399.074: Total time for which application threads were stopped: 0.0182759 seconds, Stopping threads took: 0.0000307 seconds
{Heap before GC invocations=128 (full 7):
 par new generation   total 109248K, used 109248K [0x00000007a0000000, 0x00000007a8000000, 0x00000007a8000000)
  eden space 87424K, 100% used [0x00000007a0000000, 0x00000007a5560000, 0x00000007a5560000)
  from space 21824K, 100% used [0x00000007a5560000, 0x00000007a6ab0000, 0x00000007a6ab0000)
  to   space 21824K,   0% used [0x00000007a6ab0000, 0x00000007a6ab0000, 0x00000007a8000000)
 concurrent mark-sweep generation total 393216K, used 129644K [0x00000007a8000000, 0x00000007c0000000, 0x00000007c0000000)
 Metaspace       used 38906K, capacity 39612K, committed 40008K, reserved 1085440K
  class space    used 4469K, capacity 4677K, committed 4760K, reserved 1048576K
2016-10-24T11:29:39.377+0800: 4399.289: [GC (Allocation Failure) 2016-10-24T11:29:39.377+0800: 4399.289: [ParNew
Desired survivor size 20112992 bytes, new threshold 5 (max 8)
- age   1:    8729056 bytes,    8729056 total
- age   2:    3682480 bytes,   12411536 total
- age   3:    2460456 bytes,   14871992 total
- age   4:    2441360 bytes,   17313352 total
- age   5:    3096904 bytes,   20410256 total
: 109248K->21824K(109248K), 0.0164687 secs] 238892K->157570K(502464K), 0.0165263 secs] [Times: user=0.06 sys=0.01, real=0.02 secs] 
Heap after GC invocations=129 (full 7):
 par new generation   total 109248K, used 21824K [0x00000007a0000000, 0x00000007a8000000, 0x00000007a8000000)
  eden space 87424K,   0% used [0x00000007a0000000, 0x00000007a0000000, 0x00000007a5560000)
  from space 21824K, 100% used [0x00000007a6ab0000, 0x00000007a8000000, 0x00000007a8000000)
  to   space 21824K,   0% used [0x00000007a5560000, 0x00000007a5560000, 0x00000007a6ab0000)
 concurrent mark-sweep generation total 393216K, used 135746K [0x00000007a8000000, 0x00000007c0000000, 0x00000007c0000000)
 Metaspace       used 38906K, capacity 39612K, committed 40008K, reserved 1085440K
  class space    used 4469K, capacity 4677K, committed 4760K, reserved 1048576K
}
2016-10-24T11:29:39.393+0800: 4399.306: Total time for which application threads were stopped: 0.0166983 seconds, Stopping threads took: 0.0000307 seconds
{Heap before GC invocations=129 (full 7):
 par new generation   total 109248K, used 109248K [0x00000007a0000000, 0x00000007a8000000, 0x00000007a8000000)
  eden space 87424K, 100% used [0x00000007a0000000, 0x00000007a5560000, 0x00000007a5560000)
  from space 21824K, 100% used [0x00000007a6ab0000, 0x00000007a8000000, 0x00000007a8000000)
  to   space 21824K,   0% used [0x00000007a5560000, 0x00000007a5560000, 0x00000007a6ab0000)
 concurrent mark-sweep generation total 393216K, used 135746K [0x00000007a8000000, 0x00000007c0000000, 0x00000007c0000000)
 Metaspace       used 38906K, capacity 39612K, committed 40008K, reserved 1085440K
  class space    used 4469K, capacity 4677K, committed 4760K, reserved 1048576K
2016-10-24T11:29:39.609+0800: 4399.521: [GC (Allocation Failure) 2016-10-24T11:29:39.609+0800: 4399.521: [ParNew
Desired survivor size 20112992 bytes, new threshold 5 (max 8)
- age   1:    7786936 bytes,    7786936 total
- age   2:    4697952 bytes,   12484888 total
- age   3:    3655352 bytes,   16140240 total
- age   4:    2444792 bytes,   18585032 total
- age   5:    2428928 bytes,   21013960 total
: 109248K->21824K(109248K), 0.0172357 secs] 244994K->162842K(502464K), 0.0173088 secs] [Times: user=0.07 sys=0.00, real=0.02 secs] 
Heap after GC invocations=130 (full 7):
 par new generation   total 109248K, used 21824K [0x00000007a0000000, 0x00000007a8000000, 0x00000007a8000000)
  eden space 87424K,   0% used [0x00000007a0000000, 0x00000007a0000000, 0x00000007a5560000)
  from space 21824K, 100% used [0x00000007a5560000, 0x00000007a6ab0000, 0x00000007a6ab0000)
  to   space 21824K,   0% used [0x00000007a6ab0000, 0x00000007a6ab0000, 0x00000007a8000000)
 concurrent mark-sweep generation total 393216K, used 141018K [0x00000007a8000000, 0x00000007c0000000, 0x00000007c0000000)
 Metaspace       used 38906K, capacity 39612K, committed 40008K, reserved 1085440K
  class space    used 4469K, capacity 4677K, committed 4760K, reserved 1048576K
}
2016-10-24T11:29:39.626+0800: 4399.539: Total time for which application threads were stopped: 0.0174939 seconds, Stopping threads took: 0.0000219 seconds
{Heap before GC invocations=130 (full 7):
 par new generation   total 109248K, used 109248K [0x00000007a0000000, 0x00000007a8000000, 0x00000007a8000000)
  eden space 87424K, 100% used [0x00000007a0000000, 0x00000007a5560000, 0x00000007a5560000)
  from space 21824K, 100% used [0x00000007a5560000, 0x00000007a6ab0000, 0x00000007a6ab0000)
  to   space 21824K,   0% used [0x00000007a6ab0000, 0x00000007a6ab0000, 0x00000007a8000000)
 concurrent mark-sweep generation total 393216K, used 141018K [0x00000007a8000000, 0x00000007c0000000, 0x00000007c0000000)
 Metaspace       used 38906K, capacity 39612K, committed 40008K, reserved 1085440K
  class space    used 4469K, capacity 4677K, committed 4760K, reserved 1048576K
2016-10-24T11:29:39.876+0800: 4399.788: [GC (Allocation Failure) 2016-10-24T11:29:39.876+0800: 4399.788: [ParNew
Desired survivor size 20112992 bytes, new threshold 5 (max 8)
- age   1:    7332272 bytes,    7332272 total
- age   2:    5400168 bytes,   12732440 total
- age   3:    3353720 bytes,   16086160 total
- age   4:    3602344 bytes,   19688504 total
- age   5:    2420888 bytes,   22109392 total
: 109248K->21824K(109248K), 0.0176002 secs] 250266K->170442K(502464K), 0.0176572 secs] [Times: user=0.07 sys=0.00, real=0.02 secs] 
Heap after GC invocations=131 (full 7):
 par new generation   total 109248K, used 21824K [0x00000007a0000000, 0x00000007a8000000, 0x00000007a8000000)
  eden space 87424K,   0% used [0x00000007a0000000, 0x00000007a0000000, 0x00000007a5560000)
  from space 21824K, 100% used [0x00000007a6ab0000, 0x00000007a8000000, 0x00000007a8000000)
  to   space 21824K,   0% used [0x00000007a5560000, 0x00000007a5560000, 0x00000007a6ab0000)
 concurrent mark-sweep generation total 393216K, used 148618K [0x00000007a8000000, 0x00000007c0000000, 0x00000007c0000000)
 Metaspace       used 38906K, capacity 39612K, committed 40008K, reserved 1085440K
  class space    used 4469K, capacity 4677K, committed 4760K, reserved 1048576K
}
2016-10-24T11:29:39.893+0800: 4399.806: Total time for which application threads were stopped: 0.0178524 seconds, Stopping threads took: 0.0000293 seconds
{Heap before GC invocations=131 (full 7):
 par new generation   total 109248K, used 109248K [0x00000007a0000000, 0x00000007a8000000, 0x00000007a8000000)
  eden space 87424K, 100% used [0x00000007a0000000, 0x00000007a5560000, 0x00000007a5560000)
  from space 21824K, 100% used [0x00000007a6ab0000, 0x00000007a8000000, 0x00000007a8000000)
  to   space 21824K,   0% used [0x00000007a5560000, 0x00000007a5560000, 0x00000007a6ab0000)
 concurrent mark-sweep generation total 393216K, used 148618K [0x00000007a8000000, 0x00000007c0000000, 0x00000007c0000000)
 Metaspace       used 38906K, capacity 39612K, committed 40008K, reserved 1085440K
  class space    used 4469K, capacity 4677K, committed 4760K, reserved 1048576K
2016-10-24T11:29:40.104+0800: 4400.016: [GC (Allocation Failure) 2016-10-24T11:29:40.104+0800: 4400.016: [ParNew
Desired survivor size 20112992 bytes, new threshold 5 (max 8)
- age   1:    6805920 bytes,    6805920 total
- age   2:    4981856 bytes,   11787776 total
- age   3:    3229232 bytes,   15017008 total
- age   4:    3164736 bytes,   18181744 total
- age   5:    3530864 bytes,   21712608 total
: 109248K->21824K(109248K), 0.0195519 secs] 257866K->181407K(502464K), 0.0196314 secs] [Times: user=0.07 sys=0.00, real=0.02 secs] 
Heap after GC invocations=132 (full 7):
 par new generation   total 109248K, used 21824K [0x00000007a0000000, 0x00000007a8000000, 0x00000007a8000000)
  eden space 87424K,   0% used [0x00000007a0000000, 0x00000007a0000000, 0x00000007a5560000)
  from space 21824K, 100% used [0x00000007a5560000, 0x00000007a6ab0000, 0x00000007a6ab0000)
  to   space 21824K,   0% used [0x00000007a6ab0000, 0x00000007a6ab0000, 0x00000007a8000000)
 concurrent mark-sweep generation total 393216K, used 159583K [0x00000007a8000000, 0x00000007c0000000, 0x00000007c0000000)
 Metaspace       used 38906K, capacity 39612K, committed 40008K, reserved 1085440K
  class space    used 4469K, capacity 4677K, committed 4760K, reserved 1048576K
}
2016-10-24T11:29:40.124+0800: 4400.036: Total time for which application threads were stopped: 0.0198263 seconds, Stopping threads took: 0.0000323 seconds
{Heap before GC invocations=132 (full 7):
 par new generation   total 109248K, used 109248K [0x00000007a0000000, 0x00000007a8000000, 0x00000007a8000000)
  eden space 87424K, 100% used [0x00000007a0000000, 0x00000007a5560000, 0x00000007a5560000)
  from space 21824K, 100% used [0x00000007a5560000, 0x00000007a6ab0000, 0x00000007a6ab0000)
  to   space 21824K,   0% used [0x00000007a6ab0000, 0x00000007a6ab0000, 0x00000007a8000000)
 concurrent mark-sweep generation total 393216K, used 159583K [0x00000007a8000000, 0x00000007c0000000, 0x00000007c0000000)
 Metaspace       used 38906K, capacity 39612K, committed 40008K, reserved 1085440K
  class space    used 4469K, capacity 4677K, committed 4760K, reserved 1048576K
2016-10-24T11:29:40.333+0800: 4400.245: [GC (Allocation Failure) 2016-10-24T11:29:40.333+0800: 4400.245: [ParNew
Desired survivor size 20112992 bytes, new threshold 5 (max 8)
- age   1:    5594600 bytes,    5594600 total
- age   2:    3985968 bytes,    9580568 total
- age   3:    4829968 bytes,   14410536 total
- age   4:    3106928 bytes,   17517464 total
- age   5:    3053112 bytes,   20570576 total
: 109248K->21824K(109248K), 0.0185290 secs] 268831K->191144K(502464K), 0.0186043 secs] [Times: user=0.07 sys=0.00, real=0.02 secs] 
Heap after GC invocations=133 (full 7):
 par new generation   total 109248K, used 21824K [0x00000007a0000000, 0x00000007a8000000, 0x00000007a8000000)
  eden space 87424K,   0% used [0x00000007a0000000, 0x00000007a0000000, 0x00000007a5560000)
  from space 21824K, 100% used [0x00000007a6ab0000, 0x00000007a8000000, 0x00000007a8000000)
  to   space 21824K,   0% used [0x00000007a5560000, 0x00000007a5560000, 0x00000007a6ab0000)
 concurrent mark-sweep generation total 393216K, used 169320K [0x00000007a8000000, 0x00000007c0000000, 0x00000007c0000000)
 Metaspace       used 38906K, capacity 39612K, committed 40008K, reserved 1085440K
  class space    used 4469K, capacity 4677K, committed 4760K, reserved 1048576K
}
2016-10-24T11:29:40.351+0800: 4400.263: Total time for which application threads were stopped: 0.0188105 seconds, Stopping threads took: 0.0000337 seconds
{Heap before GC invocations=133 (full 7):
 par new generation   total 109248K, used 109248K [0x00000007a0000000, 0x00000007a8000000, 0x00000007a8000000)
  eden space 87424K, 100% used [0x00000007a0000000, 0x00000007a5560000, 0x00000007a5560000)
  from space 21824K, 100% used [0x00000007a6ab0000, 0x00000007a8000000, 0x00000007a8000000)
  to   space 21824K,   0% used [0x00000007a5560000, 0x00000007a5560000, 0x00000007a6ab0000)
 concurrent mark-sweep generation total 393216K, used 169320K [0x00000007a8000000, 0x00000007c0000000, 0x00000007c0000000)
 Metaspace       used 38906K, capacity 39612K, committed 40008K, reserved 1085440K
  class space    used 4469K, capacity 4677K, committed 4760K, reserved 1048576K
2016-10-24T11:29:40.578+0800: 4400.490: [GC (Allocation Failure) 2016-10-24T11:29:40.578+0800: 4400.490: [ParNew
Desired survivor size 20112992 bytes, new threshold 8 (max 8)
- age   1:    5338552 bytes,    5338552 total
- age   2:    3606224 bytes,    8944776 total
- age   3:    2442696 bytes,   11387472 total
- age   4:    4777672 bytes,   16165144 total
- age   5:    3055072 bytes,   19220216 total
: 109248K->21824K(109248K), 0.0187747 secs] 278568K->197290K(502464K), 0.0188547 secs] [Times: user=0.07 sys=0.00, real=0.02 secs] 
Heap after GC invocations=134 (full 7):
 par new generation   total 109248K, used 21824K [0x00000007a0000000, 0x00000007a8000000, 0x00000007a8000000)
  eden space 87424K,   0% used [0x00000007a0000000, 0x00000007a0000000, 0x00000007a5560000)
  from space 21824K, 100% used [0x00000007a5560000, 0x00000007a6ab0000, 0x00000007a6ab0000)
  to   space 21824K,   0% used [0x00000007a6ab0000, 0x00000007a6ab0000, 0x00000007a8000000)
 concurrent mark-sweep generation total 393216K, used 175466K [0x00000007a8000000, 0x00000007c0000000, 0x00000007c0000000)
 Metaspace       used 38906K, capacity 39612K, committed 40008K, reserved 1085440K
  class space    used 4469K, capacity 4677K, committed 4760K, reserved 1048576K
}
2016-10-24T11:29:40.597+0800: 4400.509: Total time for which application threads were stopped: 0.0190514 seconds, Stopping threads took: 0.0000311 seconds
{Heap before GC invocations=134 (full 7):
 par new generation   total 109248K, used 109248K [0x00000007a0000000, 0x00000007a8000000, 0x00000007a8000000)
  eden space 87424K, 100% used [0x00000007a0000000, 0x00000007a5560000, 0x00000007a5560000)
  from space 21824K, 100% used [0x00000007a5560000, 0x00000007a6ab0000, 0x00000007a6ab0000)
  to   space 21824K,   0% used [0x00000007a6ab0000, 0x00000007a6ab0000, 0x00000007a8000000)
 concurrent mark-sweep generation total 393216K, used 175466K [0x00000007a8000000, 0x00000007c0000000, 0x00000007c0000000)
 Metaspace       used 38906K, capacity 39612K, committed 40008K, reserved 1085440K
  class space    used 4469K, capacity 4677K, committed 4760K, reserved 1048576K
2016-10-24T11:29:40.820+0800: 4400.732: [GC (Allocation Failure) 2016-10-24T11:29:40.820+0800: 4400.732: [ParNew
Desired survivor size 20112992 bytes, new threshold 6 (max 8)
- age   1:    7061800 bytes,    7061800 total
- age   2:    4942928 bytes,   12004728 total
- age   3:    2511096 bytes,   14515824 total
- age   4:    2360008 bytes,   16875832 total
- age   5:    2302040 bytes,   19177872 total
- age   6:    2349024 bytes,   21526896 total
: 109248K->21824K(109248K), 0.0222336 secs] 284714K->206082K(502464K), 0.0222994 secs] [Times: user=0.08 sys=0.00, real=0.02 secs] 
Heap after GC invocations=135 (full 7):
 par new generation   total 109248K, used 21824K [0x00000007a0000000, 0x00000007a8000000, 0x00000007a8000000)
  eden space 87424K,   0% used [0x00000007a0000000, 0x00000007a0000000, 0x00000007a5560000)
  from space 21824K, 100% used [0x00000007a6ab0000, 0x00000007a8000000, 0x00000007a8000000)
  to   space 21824K,   0% used [0x00000007a5560000, 0x00000007a5560000, 0x00000007a6ab0000)
 concurrent mark-sweep generation total 393216K, used 184258K [0x00000007a8000000, 0x00000007c0000000, 0x00000007c0000000)
 Metaspace       used 38906K, capacity 39612K, committed 40008K, reserved 1085440K
  class space    used 4469K, capacity 4677K, committed 4760K, reserved 1048576K
}
2016-10-24T11:29:40.842+0800: 4400.754: Total time for which application threads were stopped: 0.0224748 seconds, Stopping threads took: 0.0000325 seconds
{Heap before GC invocations=135 (full 7):
 par new generation   total 109248K, used 109248K [0x00000007a0000000, 0x00000007a8000000, 0x00000007a8000000)
  eden space 87424K, 100% used [0x00000007a0000000, 0x00000007a5560000, 0x00000007a5560000)
  from space 21824K, 100% used [0x00000007a6ab0000, 0x00000007a8000000, 0x00000007a8000000)
  to   space 21824K,   0% used [0x00000007a5560000, 0x00000007a5560000, 0x00000007a6ab0000)
 concurrent mark-sweep generation total 393216K, used 184258K [0x00000007a8000000, 0x00000007c0000000, 0x00000007c0000000)
 Metaspace       used 38906K, capacity 39612K, committed 40008K, reserved 1085440K
  class space    used 4469K, capacity 4677K, committed 4760K, reserved 1048576K
2016-10-24T11:29:41.065+0800: 4400.977: [GC (Allocation Failure) 2016-10-24T11:29:41.065+0800: 4400.977: [ParNew
Desired survivor size 20112992 bytes, new threshold 6 (max 8)
- age   1:    6481168 bytes,    6481168 total
- age   2:    3924200 bytes,   10405368 total
- age   3:    3173656 bytes,   13579024 total
- age   4:    2475624 bytes,   16054648 total
- age   5:    2276200 bytes,   18330848 total
- age   6:    2265528 bytes,   20596376 total
: 109248K->21824K(109248K), 0.0209371 secs] 293506K->212005K(502464K), 0.0210155 secs] [Times: user=0.08 sys=0.00, real=0.02 secs] 
Heap after GC invocations=136 (full 7):
 par new generation   total 109248K, used 21824K [0x00000007a0000000, 0x00000007a8000000, 0x00000007a8000000)
  eden space 87424K,   0% used [0x00000007a0000000, 0x00000007a0000000, 0x00000007a5560000)
  from space 21824K, 100% used [0x00000007a5560000, 0x00000007a6ab0000, 0x00000007a6ab0000)
  to   space 21824K,   0% used [0x00000007a6ab0000, 0x00000007a6ab0000, 0x00000007a8000000)
 concurrent mark-sweep generation total 393216K, used 190181K [0x00000007a8000000, 0x00000007c0000000, 0x00000007c0000000)
 Metaspace       used 38906K, capacity 39612K, committed 40008K, reserved 1085440K
  class space    used 4469K, capacity 4677K, committed 4760K, reserved 1048576K
}
2016-10-24T11:29:41.086+0800: 4400.998: Total time for which application threads were stopped: 0.0211952 seconds, Stopping threads took: 0.0000322 seconds
{Heap before GC invocations=136 (full 7):
 par new generation   total 109248K, used 109248K [0x00000007a0000000, 0x00000007a8000000, 0x00000007a8000000)
  eden space 87424K, 100% used [0x00000007a0000000, 0x00000007a5560000, 0x00000007a5560000)
  from space 21824K, 100% used [0x00000007a5560000, 0x00000007a6ab0000, 0x00000007a6ab0000)
  to   space 21824K,   0% used [0x00000007a6ab0000, 0x00000007a6ab0000, 0x00000007a8000000)
 concurrent mark-sweep generation total 393216K, used 190181K [0x00000007a8000000, 0x00000007c0000000, 0x00000007c0000000)
 Metaspace       used 38906K, capacity 39612K, committed 40008K, reserved 1085440K
  class space    used 4469K, capacity 4677K, committed 4760K, reserved 1048576K
2016-10-24T11:29:41.296+0800: 4401.208: [GC (Allocation Failure) 2016-10-24T11:29:41.296+0800: 4401.208: [ParNew
Desired survivor size 20112992 bytes, new threshold 5 (max 8)
- age   1:    7120984 bytes,    7120984 total
- age   2:    5691624 bytes,   12812608 total
- age   3:    2504592 bytes,   15317200 total
- age   4:    2707744 bytes,   18024944 total
- age   5:    2101168 bytes,   20126112 total
- age   6:    1950600 bytes,   22076712 total
: 109248K->21824K(109248K), 0.0287939 secs] 299429K->224396K(502464K), 0.0288707 secs] [Times: user=0.11 sys=0.01, real=0.03 secs] 
Heap after GC invocations=137 (full 7):
 par new generation   total 109248K, used 21824K [0x00000007a0000000, 0x00000007a8000000, 0x00000007a8000000)
  eden space 87424K,   0% used [0x00000007a0000000, 0x00000007a0000000, 0x00000007a5560000)
  from space 21824K, 100% used [0x00000007a6ab0000, 0x00000007a8000000, 0x00000007a8000000)
  to   space 21824K,   0% used [0x00000007a5560000, 0x00000007a5560000, 0x00000007a6ab0000)
 concurrent mark-sweep generation total 393216K, used 202572K [0x00000007a8000000, 0x00000007c0000000, 0x00000007c0000000)
 Metaspace       used 38906K, capacity 39612K, committed 40008K, reserved 1085440K
  class space    used 4469K, capacity 4677K, committed 4760K, reserved 1048576K
}
2016-10-24T11:29:41.325+0800: 4401.237: Total time for which application threads were stopped: 0.0290317 seconds, Stopping threads took: 0.0000207 seconds
2016-10-24T11:29:41.325+0800: 4401.237: [GC (CMS Initial Mark) [1 CMS-initial-mark: 202572K(393216K)] 226144K(502464K), 0.0036791 secs] [Times: user=0.01 sys=0.00, real=0.00 secs] 
2016-10-24T11:29:41.329+0800: 4401.241: Total time for which application threads were stopped: 0.0038811 seconds, Stopping threads took: 0.0000981 seconds
2016-10-24T11:29:41.329+0800: 4401.241: [CMS-concurrent-mark-start]
2016-10-24T11:29:41.382+0800: 4401.294: [CMS-concurrent-mark: 0.053/0.053 secs] [Times: user=0.25 sys=0.00, real=0.06 secs] 
2016-10-24T11:29:41.382+0800: 4401.294: [CMS-concurrent-preclean-start]
2016-10-24T11:29:41.397+0800: 4401.309: [CMS-concurrent-preclean: 0.015/0.015 secs] [Times: user=0.03 sys=0.00, real=0.01 secs] 
2016-10-24T11:29:41.397+0800: 4401.309: [CMS-concurrent-abortable-preclean-start]
{Heap before GC invocations=137 (full 8):
 par new generation   total 109248K, used 109248K [0x00000007a0000000, 0x00000007a8000000, 0x00000007a8000000)
  eden space 87424K, 100% used [0x00000007a0000000, 0x00000007a5560000, 0x00000007a5560000)
  from space 21824K, 100% used [0x00000007a6ab0000, 0x00000007a8000000, 0x00000007a8000000)
  to   space 21824K,   0% used [0x00000007a5560000, 0x00000007a5560000, 0x00000007a6ab0000)
 concurrent mark-sweep generation total 393216K, used 202572K [0x00000007a8000000, 0x00000007c0000000, 0x00000007c0000000)
 Metaspace       used 38906K, capacity 39612K, committed 40008K, reserved 1085440K
  class space    used 4469K, capacity 4677K, committed 4760K, reserved 1048576K
2016-10-24T11:29:41.571+0800: 4401.483: [GC (Allocation Failure) 2016-10-24T11:29:41.571+0800: 4401.483: [ParNew
Desired survivor size 20112992 bytes, new threshold 5 (max 8)
- age   1:    7996496 bytes,    7996496 total
- age   2:    6646328 bytes,   14642824 total
- age   3:    3260632 bytes,   17903456 total
- age   4:    2120312 bytes,   20023768 total
- age   5:    2323864 bytes,   22347632 total
: 109248K->21824K(109248K), 0.0289252 secs] 311820K->233186K(502464K), 0.0289905 secs] [Times: user=0.11 sys=0.00, real=0.03 secs] 
Heap after GC invocations=138 (full 8):
 par new generation   total 109248K, used 21824K [0x00000007a0000000, 0x00000007a8000000, 0x00000007a8000000)
  eden space 87424K,   0% used [0x00000007a0000000, 0x00000007a0000000, 0x00000007a5560000)
  from space 21824K, 100% used [0x00000007a5560000, 0x00000007a6ab0000, 0x00000007a6ab0000)
  to   space 21824K,   0% used [0x00000007a6ab0000, 0x00000007a6ab0000, 0x00000007a8000000)
 concurrent mark-sweep generation total 393216K, used 211362K [0x00000007a8000000, 0x00000007c0000000, 0x00000007c0000000)
 Metaspace       used 38906K, capacity 39612K, committed 40008K, reserved 1085440K
  class space    used 4469K, capacity 4677K, committed 4760K, reserved 1048576K
}
2016-10-24T11:29:41.600+0800: 4401.512: Total time for which application threads were stopped: 0.0291626 seconds, Stopping threads took: 0.0000293 seconds
2016-10-24T11:29:42.593+0800: 4402.505: [CMS-concurrent-abortable-preclean: 0.650/1.196 secs] [Times: user=2.55 sys=0.02, real=1.20 secs] 
2016-10-24T11:29:42.594+0800: 4402.506: [GC (CMS Final Remark) [YG occupancy: 66350 K (109248 K)]{Heap before GC invocations=138 (full 8):
 par new generation   total 109248K, used 66350K [0x00000007a0000000, 0x00000007a8000000, 0x00000007a8000000)
  eden space 87424K,  50% used [0x00000007a0000000, 0x00000007a2b7b828, 0x00000007a5560000)
  from space 21824K, 100% used [0x00000007a5560000, 0x00000007a6ab0000, 0x00000007a6ab0000)
  to   space 21824K,   0% used [0x00000007a6ab0000, 0x00000007a6ab0000, 0x00000007a8000000)
 concurrent mark-sweep generation total 393216K, used 211362K [0x00000007a8000000, 0x00000007c0000000, 0x00000007c0000000)
 Metaspace       used 38906K, capacity 39612K, committed 40008K, reserved 1085440K
  class space    used 4469K, capacity 4677K, committed 4760K, reserved 1048576K
2016-10-24T11:29:42.594+0800: 4402.506: [GC (CMS Final Remark) 2016-10-24T11:29:42.594+0800: 4402.506: [ParNew
Desired survivor size 20112992 bytes, new threshold 8 (max 8)
- age   1:    1357672 bytes,    1357672 total
- age   2:    7451056 bytes,    8808728 total
- age   3:    5316152 bytes,   14124880 total
- age   4:    2838472 bytes,   16963352 total
- age   5:    2010560 bytes,   18973912 total
: 66350K->21824K(109248K), 0.0170311 secs] 277713K->238238K(502464K), 0.0170981 secs] [Times: user=0.06 sys=0.00, real=0.02 secs] 
Heap after GC invocations=139 (full 8):
 par new generation   total 109248K, used 21824K [0x00000007a0000000, 0x00000007a8000000, 0x00000007a8000000)
  eden space 87424K,   0% used [0x00000007a0000000, 0x00000007a0000000, 0x00000007a5560000)
  from space 21824K, 100% used [0x00000007a6ab0000, 0x00000007a8000000, 0x00000007a8000000)
  to   space 21824K,   0% used [0x00000007a5560000, 0x00000007a5560000, 0x00000007a6ab0000)
 concurrent mark-sweep generation total 393216K, used 216414K [0x00000007a8000000, 0x00000007c0000000, 0x00000007c0000000)
 Metaspace       used 38906K, capacity 39612K, committed 40008K, reserved 1085440K
  class space    used 4469K, capacity 4677K, committed 4760K, reserved 1048576K
}
2016-10-24T11:29:42.611+0800: 4402.523: [Rescan (parallel) , 0.0106020 secs]2016-10-24T11:29:42.621+0800: 4402.534: [weak refs processing, 0.0009043 secs]2016-10-24T11:29:42.622+0800: 4402.534: [class unloading, 0.0089826 secs]2016-10-24T11:29:42.631+0800: 4402.543: [scrub symbol table, 0.0054502 secs]2016-10-24T11:29:42.637+0800: 4402.549: [scrub string table, 0.0005290 secs][1 CMS-remark: 216414K(393216K)] 238238K(502464K), 0.0438728 secs] [Times: user=0.12 sys=0.00, real=0.04 secs] 
2016-10-24T11:29:42.638+0800: 4402.550: Total time for which application threads were stopped: 0.0441206 seconds, Stopping threads took: 0.0000924 seconds
2016-10-24T11:29:42.638+0800: 4402.550: [CMS-concurrent-sweep-start]
2016-10-24T11:29:42.708+0800: 4402.620: [CMS-concurrent-sweep: 0.071/0.071 secs] [Times: user=0.17 sys=0.00, real=0.07 secs] 
2016-10-24T11:29:42.708+0800: 4402.620: [CMS-concurrent-reset-start]
2016-10-24T11:29:42.709+0800: 4402.621: [CMS-concurrent-reset: 0.000/0.000 secs] [Times: user=0.00 sys=0.00, real=0.00 secs] 
{Heap before GC invocations=139 (full 8):
 par new generation   total 109248K, used 109248K [0x00000007a0000000, 0x00000007a8000000, 0x00000007a8000000)
  eden space 87424K, 100% used [0x00000007a0000000, 0x00000007a5560000, 0x00000007a5560000)
  from space 21824K, 100% used [0x00000007a6ab0000, 0x00000007a8000000, 0x00000007a8000000)
  to   space 21824K,   0% used [0x00000007a5560000, 0x00000007a5560000, 0x00000007a6ab0000)
 concurrent mark-sweep generation total 393216K, used 150634K [0x00000007a8000000, 0x00000007c0000000, 0x00000007c0000000)
 Metaspace       used 38906K, capacity 39612K, committed 40008K, reserved 1085440K
  class space    used 4469K, capacity 4677K, committed 4760K, reserved 1048576K
2016-10-24T11:29:42.863+0800: 4402.776: [GC (Allocation Failure) 2016-10-24T11:29:42.863+0800: 4402.776: [ParNew
Desired survivor size 20112992 bytes, new threshold 8 (max 8)
- age   1:     189864 bytes,     189864 total
- age   2:     339376 bytes,     529240 total
- age   3:    7433424 bytes,    7962664 total
- age   4:    5307176 bytes,   13269840 total
- age   5:    2766576 bytes,   16036416 total
- age   6:    1937176 bytes,   17973592 total
: 109248K->21824K(109248K), 0.0143435 secs] 259882K->172679K(502464K), 0.0143950 secs] [Times: user=0.05 sys=0.01, real=0.01 secs] 
Heap after GC invocations=140 (full 8):
 par new generation   total 109248K, used 21824K [0x00000007a0000000, 0x00000007a8000000, 0x00000007a8000000)
  eden space 87424K,   0% used [0x00000007a0000000, 0x00000007a0000000, 0x00000007a5560000)
  from space 21824K, 100% used [0x00000007a5560000, 0x00000007a6ab0000, 0x00000007a6ab0000)
  to   space 21824K,   0% used [0x00000007a6ab0000, 0x00000007a6ab0000, 0x00000007a8000000)
 concurrent mark-sweep generation total 393216K, used 150855K [0x00000007a8000000, 0x00000007c0000000, 0x00000007c0000000)
 Metaspace       used 38906K, capacity 39612K, committed 40008K, reserved 1085440K
  class space    used 4469K, capacity 4677K, committed 4760K, reserved 1048576K
}
2016-10-24T11:29:42.878+0800: 4402.790: Total time for which application threads were stopped: 0.0145671 seconds, Stopping threads took: 0.0000284 seconds
{Heap before GC invocations=140 (full 8):
 par new generation   total 109248K, used 109248K [0x00000007a0000000, 0x00000007a8000000, 0x00000007a8000000)
  eden space 87424K, 100% used [0x00000007a0000000, 0x00000007a5560000, 0x00000007a5560000)
  from space 21824K, 100% used [0x00000007a5560000, 0x00000007a6ab0000, 0x00000007a6ab0000)
  to   space 21824K,   0% used [0x00000007a6ab0000, 0x00000007a6ab0000, 0x00000007a8000000)
 concurrent mark-sweep generation total 393216K, used 150855K [0x00000007a8000000, 0x00000007c0000000, 0x00000007c0000000)
 Metaspace       used 38906K, capacity 39612K, committed 40008K, reserved 1085440K
  class space    used 4469K, capacity 4677K, committed 4760K, reserved 1048576K
2016-10-24T11:29:42.912+0800: 4402.825: [GC (Allocation Failure) 2016-10-24T11:29:42.912+0800: 4402.825: [ParNew
Desired survivor size 20112992 bytes, new threshold 8 (max 8)
- age   1:      79656 bytes,      79656 total
- age   2:     108400 bytes,     188056 total
- age   3:     337544 bytes,     525600 total
- age   4:    7423768 bytes,    7949368 total
- age   5:    5301440 bytes,   13250808 total
- age   6:    2762120 bytes,   16012928 total
- age   7:    1739144 bytes,   17752072 total
: 109248K->21824K(109248K), 0.0132647 secs] 260103K->172893K(502464K), 0.0133124 secs] [Times: user=0.05 sys=0.00, real=0.01 secs] 
Heap after GC invocations=141 (full 8):
 par new generation   total 109248K, used 21824K [0x00000007a0000000, 0x00000007a8000000, 0x00000007a8000000)
  eden space 87424K,   0% used [0x00000007a0000000, 0x00000007a0000000, 0x00000007a5560000)
  from space 21824K, 100% used [0x00000007a6ab0000, 0x00000007a8000000, 0x00000007a8000000)
  to   space 21824K,   0% used [0x00000007a5560000, 0x00000007a5560000, 0x00000007a6ab0000)
 concurrent mark-sweep generation total 393216K, used 151069K [0x00000007a8000000, 0x00000007c0000000, 0x00000007c0000000)
 Metaspace       used 38906K, capacity 39612K, committed 40008K, reserved 1085440K
  class space    used 4469K, capacity 4677K, committed 4760K, reserved 1048576K
}
2016-10-24T11:29:42.926+0800: 4402.838: Total time for which application threads were stopped: 0.0134838 seconds, Stopping threads took: 0.0000319 seconds
{Heap before GC invocations=141 (full 8):
 par new generation   total 109248K, used 109248K [0x00000007a0000000, 0x00000007a8000000, 0x00000007a8000000)
  eden space 87424K, 100% used [0x00000007a0000000, 0x00000007a5560000, 0x00000007a5560000)
  from space 21824K, 100% used [0x00000007a6ab0000, 0x00000007a8000000, 0x00000007a8000000)
  to   space 21824K,   0% used [0x00000007a5560000, 0x00000007a5560000, 0x00000007a6ab0000)
 concurrent mark-sweep generation total 393216K, used 151069K [0x00000007a8000000, 0x00000007c0000000, 0x00000007c0000000)
 Metaspace       used 38906K, capacity 39612K, committed 40008K, reserved 1085440K
  class space    used 4469K, capacity 4677K, committed 4760K, reserved 1048576K
2016-10-24T11:29:43.016+0800: 4402.928: [GC (Allocation Failure) 2016-10-24T11:29:43.016+0800: 4402.928: [ParNew
Desired survivor size 20112992 bytes, new threshold 8 (max 8)
- age   1:     133648 bytes,     133648 total
- age   3:      45736 bytes,     179384 total
- age   4:     336960 bytes,     516344 total
- age   5:    7416936 bytes,    7933280 total
- age   6:    5299024 bytes,   13232304 total
- age   7:    2758184 bytes,   15990488 total
- age   8:    1713536 bytes,   17704024 total
: 109248K->21823K(109248K), 0.0131582 secs] 260317K->172932K(502464K), 0.0132330 secs] [Times: user=0.05 sys=0.00, real=0.01 secs] 
Heap after GC invocations=142 (full 8):
 par new generation   total 109248K, used 21823K [0x00000007a0000000, 0x00000007a8000000, 0x00000007a8000000)
  eden space 87424K,   0% used [0x00000007a0000000, 0x00000007a0000000, 0x00000007a5560000)
  from space 21824K,  99% used [0x00000007a5560000, 0x00000007a6aaff50, 0x00000007a6ab0000)
  to   space 21824K,   0% used [0x00000007a6ab0000, 0x00000007a6ab0000, 0x00000007a8000000)
 concurrent mark-sweep generation total 393216K, used 151108K [0x00000007a8000000, 0x00000007c0000000, 0x00000007c0000000)
 Metaspace       used 38906K, capacity 39612K, committed 40008K, reserved 1085440K
  class space    used 4469K, capacity 4677K, committed 4760K, reserved 1048576K
}
2016-10-24T11:29:43.030+0800: 4402.942: Total time for which application threads were stopped: 0.0134134 seconds, Stopping threads took: 0.0000318 seconds
2016-10-24T11:29:43.122+0800: 4403.034: Total time for which application threads were stopped: 0.0000924 seconds, Stopping threads took: 0.0000262 seconds
2016-10-24T11:29:43.122+0800: 4403.035: Total time for which application threads were stopped: 0.0000436 seconds, Stopping threads took: 0.0000055 seconds
2016-10-24T11:29:43.122+0800: 4403.035: Total time for which application threads were stopped: 0.0000414 seconds, Stopping threads took: 0.0000051 seconds
{Heap before GC invocations=142 (full 8):
 par new generation   total 109248K, used 109247K [0x00000007a0000000, 0x00000007a8000000, 0x00000007a8000000)
  eden space 87424K, 100% used [0x00000007a0000000, 0x00000007a5560000, 0x00000007a5560000)
  from space 21824K,  99% used [0x00000007a5560000, 0x00000007a6aaff50, 0x00000007a6ab0000)
  to   space 21824K,   0% used [0x00000007a6ab0000, 0x00000007a6ab0000, 0x00000007a8000000)
 concurrent mark-sweep generation total 393216K, used 151108K [0x00000007a8000000, 0x00000007c0000000, 0x00000007c0000000)
 Metaspace       used 38906K, capacity 39612K, committed 40008K, reserved 1085440K
  class space    used 4469K, capacity 4677K, committed 4760K, reserved 1048576K
2016-10-24T11:29:43.128+0800: 4403.040: [GC (Allocation Failure) 2016-10-24T11:29:43.128+0800: 4403.040: [ParNew
Desired survivor size 20112992 bytes, new threshold 8 (max 8)
- age   1:     463568 bytes,     463568 total
- age   4:       2624 bytes,     466192 total
- age   5:     254192 bytes,     720384 total
- age   6:    7065152 bytes,    7785536 total
- age   7:    5034880 bytes,   12820416 total
- age   8:    2469152 bytes,   15289568 total
: 109247K->21664K(109248K), 0.0148516 secs] 260356K->174248K(502464K), 0.0149037 secs] [Times: user=0.06 sys=0.01, real=0.02 secs] 
Heap after GC invocations=143 (full 8):
 par new generation   total 109248K, used 21664K [0x00000007a0000000, 0x00000007a8000000, 0x00000007a8000000)
  eden space 87424K,   0% used [0x00000007a0000000, 0x00000007a0000000, 0x00000007a5560000)
  from space 21824K,  99% used [0x00000007a6ab0000, 0x00000007a7fd81f8, 0x00000007a8000000)
  to   space 21824K,   0% used [0x00000007a5560000, 0x00000007a5560000, 0x00000007a6ab0000)
 concurrent mark-sweep generation total 393216K, used 152584K [0x00000007a8000000, 0x00000007c0000000, 0x00000007c0000000)
 Metaspace       used 38906K, capacity 39612K, committed 40008K, reserved 1085440K
  class space    used 4469K, capacity 4677K, committed 4760K, reserved 1048576K
}
2016-10-24T11:29:43.143+0800: 4403.055: Total time for which application threads were stopped: 0.0150282 seconds, Stopping threads took: 0.0000099 seconds
{Heap before GC invocations=143 (full 8):
 par new generation   total 109248K, used 109088K [0x00000007a0000000, 0x00000007a8000000, 0x00000007a8000000)
  eden space 87424K, 100% used [0x00000007a0000000, 0x00000007a5560000, 0x00000007a5560000)
  from space 21824K,  99% used [0x00000007a6ab0000, 0x00000007a7fd81f8, 0x00000007a8000000)
  to   space 21824K,   0% used [0x00000007a5560000, 0x00000007a5560000, 0x00000007a6ab0000)
 concurrent mark-sweep generation total 393216K, used 152584K [0x00000007a8000000, 0x00000007c0000000, 0x00000007c0000000)
 Metaspace       used 38906K, capacity 39612K, committed 40008K, reserved 1085440K
  class space    used 4469K, capacity 4677K, committed 4760K, reserved 1048576K
2016-10-24T11:29:43.349+0800: 4403.261: [GC (Allocation Failure) 2016-10-24T11:29:43.349+0800: 4403.261: [ParNew
Desired survivor size 20112992 bytes, new threshold 8 (max 8)
- age   1:    5558416 bytes,    5558416 total
- age   2:     425768 bytes,    5984184 total
- age   5:       2624 bytes,    5986808 total
- age   6:     243928 bytes,    6230736 total
- age   7:    6936320 bytes,   13167056 total
- age   8:    4944408 bytes,   18111464 total
: 109088K->21824K(109248K), 0.0165661 secs] 261672K->177226K(502464K), 0.0166459 secs] [Times: user=0.06 sys=0.00, real=0.02 secs] 
Heap after GC invocations=144 (full 8):
 par new generation   total 109248K, used 21824K [0x00000007a0000000, 0x00000007a8000000, 0x00000007a8000000)
  eden space 87424K,   0% used [0x00000007a0000000, 0x00000007a0000000, 0x00000007a5560000)
  from space 21824K, 100% used [0x00000007a5560000, 0x00000007a6ab0000, 0x00000007a6ab0000)
  to   space 21824K,   0% used [0x00000007a6ab0000, 0x00000007a6ab0000, 0x00000007a8000000)
 concurrent mark-sweep generation total 393216K, used 155402K [0x00000007a8000000, 0x00000007c0000000, 0x00000007c0000000)
 Metaspace       used 38906K, capacity 39612K, committed 40008K, reserved 1085440K
  class space    used 4469K, capacity 4677K, committed 4760K, reserved 1048576K
}
2016-10-24T11:29:43.366+0800: 4403.278: Total time for which application threads were stopped: 0.0168400 seconds, Stopping threads took: 0.0000304 seconds
{Heap before GC invocations=144 (full 8):
 par new generation   total 109248K, used 109248K [0x00000007a0000000, 0x00000007a8000000, 0x00000007a8000000)
  eden space 87424K, 100% used [0x00000007a0000000, 0x00000007a5560000, 0x00000007a5560000)
  from space 21824K, 100% used [0x00000007a5560000, 0x00000007a6ab0000, 0x00000007a6ab0000)
  to   space 21824K,   0% used [0x00000007a6ab0000, 0x00000007a6ab0000, 0x00000007a8000000)
 concurrent mark-sweep generation total 393216K, used 155402K [0x00000007a8000000, 0x00000007c0000000, 0x00000007c0000000)
 Metaspace       used 38906K, capacity 39612K, committed 40008K, reserved 1085440K
  class space    used 4469K, capacity 4677K, committed 4760K, reserved 1048576K
2016-10-24T11:29:43.567+0800: 4403.479: [GC (Allocation Failure) 2016-10-24T11:29:43.567+0800: 4403.479: [ParNew
Desired survivor size 20112992 bytes, new threshold 8 (max 8)
- age   1:    6735424 bytes,    6735424 total
- age   2:    4497568 bytes,   11232992 total
- age   3:     423080 bytes,   11656072 total
- age   6:       2624 bytes,   11658696 total
- age   7:     243928 bytes,   11902624 total
- age   8:    6936320 bytes,   18838944 total
: 109248K->21824K(109248K), 0.0175830 secs] 264650K->182097K(502464K), 0.0176481 secs] [Times: user=0.07 sys=0.00, real=0.02 secs] 
Heap after GC invocations=145 (full 8):
 par new generation   total 109248K, used 21824K [0x00000007a0000000, 0x00000007a8000000, 0x00000007a8000000)
  eden space 87424K,   0% used [0x00000007a0000000, 0x00000007a0000000, 0x00000007a5560000)
  from space 21824K, 100% used [0x00000007a6ab0000, 0x00000007a8000000, 0x00000007a8000000)
  to   space 21824K,   0% used [0x00000007a5560000, 0x00000007a5560000, 0x00000007a6ab0000)
 concurrent mark-sweep generation total 393216K, used 160273K [0x00000007a8000000, 0x00000007c0000000, 0x00000007c0000000)
 Metaspace       used 38906K, capacity 39612K, committed 40008K, reserved 1085440K
  class space    used 4469K, capacity 4677K, committed 4760K, reserved 1048576K
}
2016-10-24T11:29:43.585+0800: 4403.497: Total time for which application threads were stopped: 0.0178241 seconds, Stopping threads took: 0.0000317 seconds
2016-10-24T11:29:43.659+0800: 4403.571: Total time for which application threads were stopped: 0.0000974 seconds, Stopping threads took: 0.0000175 seconds
2016-10-24T11:29:43.665+0800: 4403.577: Total time for which application threads were stopped: 0.0001242 seconds, Stopping threads took: 0.0000265 seconds
2016-10-24T11:29:43.692+0800: 4403.604: Total time for which application threads were stopped: 0.0001017 seconds, Stopping threads took: 0.0000269 seconds
2016-10-24T11:29:43.712+0800: 4403.624: Total time for which application threads were stopped: 0.0000973 seconds, Stopping threads took: 0.0000178 seconds
2016-10-24T11:29:43.712+0800: 4403.624: Total time for which application threads were stopped: 0.0000617 seconds, Stopping threads took: 0.0000085 seconds
2016-10-24T11:29:43.790+0800: 4403.703: Total time for which application threads were stopped: 0.0004397 seconds, Stopping threads took: 0.0000623 seconds
2016-10-24T11:29:43.853+0800: 4403.766: Total time for which application threads were stopped: 0.0001056 seconds, Stopping threads took: 0.0000185 seconds
2016-10-24T11:29:43.853+0800: 4403.766: Total time for which application threads were stopped: 0.0000387 seconds, Stopping threads took: 0.0000067 seconds
2016-10-24T11:29:43.853+0800: 4403.766: Total time for which application threads were stopped: 0.0000334 seconds, Stopping threads took: 0.0000059 seconds
2016-10-24T11:29:43.854+0800: 4403.766: Total time for which application threads were stopped: 0.0000429 seconds, Stopping threads took: 0.0000080 seconds
2016-10-24T11:29:43.854+0800: 4403.766: Total time for which application threads were stopped: 0.0000347 seconds, Stopping threads took: 0.0000062 seconds
2016-10-24T11:29:43.854+0800: 4403.766: Total time for which application threads were stopped: 0.0000324 seconds, Stopping threads took: 0.0000056 seconds
2016-10-24T11:29:43.855+0800: 4403.767: Total time for which application threads were stopped: 0.0000720 seconds, Stopping threads took: 0.0000121 seconds
2016-10-24T11:29:43.855+0800: 4403.767: Total time for which application threads were stopped: 0.0000525 seconds, Stopping threads took: 0.0000081 seconds
2016-10-24T11:29:43.855+0800: 4403.767: Total time for which application threads were stopped: 0.0000507 seconds, Stopping threads took: 0.0000076 seconds
2016-10-24T11:29:43.855+0800: 4403.767: Total time for which application threads were stopped: 0.0000515 seconds, Stopping threads took: 0.0000077 seconds
2016-10-24T11:29:43.856+0800: 4403.768: Total time for which application threads were stopped: 0.0000686 seconds, Stopping threads took: 0.0000097 seconds
2016-10-24T11:29:43.856+0800: 4403.768: Total time for which application threads were stopped: 0.0000795 seconds, Stopping threads took: 0.0000233 seconds
2016-10-24T11:29:43.856+0800: 4403.768: Total time for which application threads were stopped: 0.0000617 seconds, Stopping threads took: 0.0000106 seconds
2016-10-24T11:29:43.856+0800: 4403.768: Total time for which application threads were stopped: 0.0001822 seconds, Stopping threads took: 0.0001248 seconds
2016-10-24T11:29:44.857+0800: 4404.769: Total time for which application threads were stopped: 0.0001289 seconds, Stopping threads took: 0.0000322 seconds
2016-10-24T11:29:51.618+0800: 4411.530: Total time for which application threads were stopped: 0.0001428 seconds, Stopping threads took: 0.0000284 seconds
2016-10-24T11:29:51.659+0800: 4411.571: Total time for which application threads were stopped: 0.0001030 seconds, Stopping threads took: 0.0000197 seconds
{Heap before GC invocations=145 (full 8):
 par new generation   total 109248K, used 109181K [0x00000007a0000000, 0x00000007a8000000, 0x00000007a8000000)
  eden space 87424K,  99% used [0x00000007a0000000, 0x00000007a554f420, 0x00000007a5560000)
  from space 21824K, 100% used [0x00000007a6ab0000, 0x00000007a8000000, 0x00000007a8000000)
  to   space 21824K,   0% used [0x00000007a5560000, 0x00000007a5560000, 0x00000007a6ab0000)
 concurrent mark-sweep generation total 393216K, used 160273K [0x00000007a8000000, 0x00000007c0000000, 0x00000007c0000000)
 Metaspace       used 39335K, capacity 39996K, committed 40392K, reserved 1085440K
  class space    used 4529K, capacity 4741K, committed 4888K, reserved 1048576K
2016-10-24T11:29:51.834+0800: 4411.747: [GC (Allocation Failure) 2016-10-24T11:29:51.836+0800: 4411.749: [ParNew
Desired survivor size 20112992 bytes, new threshold 8 (max 8)
- age   1:    3911200 bytes,    3911200 total
- age   2:    2708880 bytes,    6620080 total
- age   3:    2647064 bytes,    9267144 total
- age   4:      60320 bytes,    9327464 total
- age   7:       2624 bytes,    9330088 total
- age   8:     243928 bytes,    9574016 total
: 109181K->17577K(109248K), 0.0129139 secs] 269454K->184667K(502464K), 0.0148095 secs] [Times: user=0.05 sys=0.00, real=0.01 secs] 
Heap after GC invocations=146 (full 8):
 par new generation   total 109248K, used 17577K [0x00000007a0000000, 0x00000007a8000000, 0x00000007a8000000)
  eden space 87424K,   0% used [0x00000007a0000000, 0x00000007a0000000, 0x00000007a5560000)
  from space 21824K,  80% used [0x00000007a5560000, 0x00000007a668a6c0, 0x00000007a6ab0000)
  to   space 21824K,   0% used [0x00000007a6ab0000, 0x00000007a6ab0000, 0x00000007a8000000)
 concurrent mark-sweep generation total 393216K, used 167089K [0x00000007a8000000, 0x00000007c0000000, 0x00000007c0000000)
 Metaspace       used 39335K, capacity 39996K, committed 40392K, reserved 1085440K
  class space    used 4529K, capacity 4741K, committed 4888K, reserved 1048576K
}
2016-10-24T11:29:51.849+0800: 4411.762: Total time for which application threads were stopped: 0.0150010 seconds, Stopping threads took: 0.0000203 seconds
2016-10-24T11:29:51.874+0800: 4411.787: Total time for which application threads were stopped: 0.0001258 seconds, Stopping threads took: 0.0000344 seconds
2016-10-24T11:29:51.882+0800: 4411.794: Total time for which application threads were stopped: 0.0007031 seconds, Stopping threads took: 0.0000271 seconds
2016-10-24T11:29:51.898+0800: 4411.811: Total time for which application threads were stopped: 0.0001241 seconds, Stopping threads took: 0.0000187 seconds
2016-10-24T11:29:52.184+0800: 4412.097: Total time for which application threads were stopped: 0.0002420 seconds, Stopping threads took: 0.0000213 seconds
2016-10-24T11:29:52.191+0800: 4412.104: Total time for which application threads were stopped: 0.0001107 seconds, Stopping threads took: 0.0000174 seconds
2016-10-24T11:29:52.268+0800: 4412.180: Total time for which application threads were stopped: 0.0007959 seconds, Stopping threads took: 0.0000195 seconds
2016-10-24T11:29:52.275+0800: 4412.187: Total time for which application threads were stopped: 0.0001943 seconds, Stopping threads took: 0.0000311 seconds
2016-10-24T11:29:53.280+0800: 4413.192: Total time for which application threads were stopped: 0.0003159 seconds, Stopping threads took: 0.0000385 seconds
2016-10-24T11:29:56.762+0800: 4416.675: Total time for which application threads were stopped: 0.0000916 seconds, Stopping threads took: 0.0000185 seconds
2016-10-24T11:29:56.762+0800: 4416.675: Total time for which application threads were stopped: 0.0000631 seconds, Stopping threads took: 0.0000222 seconds
2016-10-24T11:29:56.774+0800: 4416.687: Total time for which application threads were stopped: 0.0001316 seconds, Stopping threads took: 0.0000202 seconds
2016-10-24T11:29:56.780+0800: 4416.693: Total time for which application threads were stopped: 0.0000498 seconds, Stopping threads took: 0.0000108 seconds
2016-10-24T11:29:56.781+0800: 4416.694: Total time for which application threads were stopped: 0.0000359 seconds, Stopping threads took: 0.0000061 seconds
2016-10-24T11:29:56.788+0800: 4416.701: Total time for which application threads were stopped: 0.0000650 seconds, Stopping threads took: 0.0000139 seconds
2016-10-24T11:29:56.795+0800: 4416.708: Total time for which application threads were stopped: 0.0001041 seconds, Stopping threads took: 0.0000067 seconds
2016-10-24T11:29:56.824+0800: 4416.737: Total time for which application threads were stopped: 0.0000957 seconds, Stopping threads took: 0.0000276 seconds
2016-10-24T11:29:56.847+0800: 4416.760: Total time for which application threads were stopped: 0.0001076 seconds, Stopping threads took: 0.0000235 seconds
2016-10-24T11:29:56.847+0800: 4416.760: Total time for which application threads were stopped: 0.0000370 seconds, Stopping threads took: 0.0000068 seconds
2016-10-24T11:29:57.000+0800: 4416.913: Total time for which application threads were stopped: 0.0001665 seconds, Stopping threads took: 0.0000283 seconds
2016-10-24T11:29:57.001+0800: 4416.914: Total time for which application threads were stopped: 0.0000797 seconds, Stopping threads took: 0.0000107 seconds
2016-10-24T11:29:57.013+0800: 4416.926: Total time for which application threads were stopped: 0.0000955 seconds, Stopping threads took: 0.0000264 seconds
2016-10-24T11:29:57.036+0800: 4416.948: Total time for which application threads were stopped: 0.0000920 seconds, Stopping threads took: 0.0000180 seconds
2016-10-24T11:29:57.036+0800: 4416.948: Total time for which application threads were stopped: 0.0000401 seconds, Stopping threads took: 0.0000070 seconds
2016-10-24T11:29:57.036+0800: 4416.948: Total time for which application threads were stopped: 0.0000351 seconds, Stopping threads took: 0.0000060 seconds
2016-10-24T11:29:57.036+0800: 4416.948: Total time for which application threads were stopped: 0.0000345 seconds, Stopping threads took: 0.0000058 seconds
2016-10-24T11:29:57.036+0800: 4416.949: Total time for which application threads were stopped: 0.0000342 seconds, Stopping threads took: 0.0000058 seconds
2016-10-24T11:29:57.036+0800: 4416.949: Total time for which application threads were stopped: 0.0000340 seconds, Stopping threads took: 0.0000056 seconds
2016-10-24T11:29:57.036+0800: 4416.949: Total time for which application threads were stopped: 0.0000336 seconds, Stopping threads took: 0.0000057 seconds
2016-10-24T11:29:57.036+0800: 4416.949: Total time for which application threads were stopped: 0.0000336 seconds, Stopping threads took: 0.0000058 seconds
2016-10-24T11:29:58.041+0800: 4417.954: Total time for which application threads were stopped: 0.0002643 seconds, Stopping threads took: 0.0000553 seconds
2016-10-24T11:30:02.578+0800: 4422.491: Total time for which application threads were stopped: 0.0000874 seconds, Stopping threads took: 0.0000179 seconds
2016-10-24T11:30:02.607+0800: 4422.519: Total time for which application threads were stopped: 0.0001428 seconds, Stopping threads took: 0.0000401 seconds
2016-10-24T11:30:02.653+0800: 4422.565: Total time for which application threads were stopped: 0.0001422 seconds, Stopping threads took: 0.0000173 seconds
2016-10-24T11:30:02.699+0800: 4422.612: Total time for which application threads were stopped: 0.0001270 seconds, Stopping threads took: 0.0000199 seconds
2016-10-24T11:30:02.718+0800: 4422.631: Total time for which application threads were stopped: 0.0001966 seconds, Stopping threads took: 0.0000189 seconds
2016-10-24T11:30:03.722+0800: 4423.635: Total time for which application threads were stopped: 0.0002440 seconds, Stopping threads took: 0.0000581 seconds
2016-10-24T11:30:04.005+0800: 4423.918: Total time for which application threads were stopped: 0.0000956 seconds, Stopping threads took: 0.0000147 seconds
2016-10-24T11:30:04.013+0800: 4423.926: Total time for which application threads were stopped: 0.0000888 seconds, Stopping threads took: 0.0000163 seconds
2016-10-24T11:30:04.017+0800: 4423.930: Total time for which application threads were stopped: 0.0001290 seconds, Stopping threads took: 0.0000222 seconds
{Heap before GC invocations=146 (full 8):
 par new generation   total 109248K, used 105001K [0x00000007a0000000, 0x00000007a8000000, 0x00000007a8000000)
  eden space 87424K, 100% used [0x00000007a0000000, 0x00000007a5560000, 0x00000007a5560000)
  from space 21824K,  80% used [0x00000007a5560000, 0x00000007a668a6c0, 0x00000007a6ab0000)
  to   space 21824K,   0% used [0x00000007a6ab0000, 0x00000007a6ab0000, 0x00000007a8000000)
 concurrent mark-sweep generation total 393216K, used 167089K [0x00000007a8000000, 0x00000007c0000000, 0x00000007c0000000)
 Metaspace       used 41199K, capacity 41930K, committed 42056K, reserved 1087488K
  class space    used 4769K, capacity 4994K, committed 5016K, reserved 1048576K
2016-10-24T11:30:04.030+0800: 4423.943: [GC (Allocation Failure) 2016-10-24T11:30:04.030+0800: 4423.943: [ParNew
Desired survivor size 20112992 bytes, new threshold 8 (max 8)
- age   1:    7314528 bytes,    7314528 total
- age   2:    3542944 bytes,   10857472 total
- age   3:    2708880 bytes,   13566352 total
- age   4:    2647064 bytes,   16213416 total
- age   5:      59952 bytes,   16273368 total
- age   8:       2624 bytes,   16275992 total
: 105001K->18442K(109248K), 0.0113147 secs] 272091K->185775K(502464K), 0.0114030 secs] [Times: user=0.04 sys=0.00, real=0.01 secs] 
Heap after GC invocations=147 (full 8):
 par new generation   total 109248K, used 18442K [0x00000007a0000000, 0x00000007a8000000, 0x00000007a8000000)
  eden space 87424K,   0% used [0x00000007a0000000, 0x00000007a0000000, 0x00000007a5560000)
  from space 21824K,  84% used [0x00000007a6ab0000, 0x00000007a7cb29a0, 0x00000007a8000000)
  to   space 21824K,   0% used [0x00000007a5560000, 0x00000007a5560000, 0x00000007a6ab0000)
 concurrent mark-sweep generation total 393216K, used 167332K [0x00000007a8000000, 0x00000007c0000000, 0x00000007c0000000)
 Metaspace       used 41199K, capacity 41930K, committed 42056K, reserved 1087488K
  class space    used 4769K, capacity 4994K, committed 5016K, reserved 1048576K
}
2016-10-24T11:30:04.042+0800: 4423.955: Total time for which application threads were stopped: 0.0116974 seconds, Stopping threads took: 0.0000278 seconds
2016-10-24T11:30:05.046+0800: 4424.959: Total time for which application threads were stopped: 0.0001406 seconds, Stopping threads took: 0.0000338 seconds
2016-10-24T11:30:07.048+0800: 4426.961: Total time for which application threads were stopped: 0.0001640 seconds, Stopping threads took: 0.0000319 seconds
2016-10-24T11:30:42.113+0800: 4462.027: Total time for which application threads were stopped: 0.0002298 seconds, Stopping threads took: 0.0000550 seconds
2016-10-24T11:31:12.377+0800: 4492.292: Total time for which application threads were stopped: 0.0001441 seconds, Stopping threads took: 0.0000190 seconds
2016-10-24T11:31:12.380+0800: 4492.295: Total time for which application threads were stopped: 0.0000962 seconds, Stopping threads took: 0.0000204 seconds
2016-10-24T11:31:12.380+0800: 4492.295: Total time for which application threads were stopped: 0.0001062 seconds, Stopping threads took: 0.0000340 seconds
2016-10-24T11:31:13.386+0800: 4493.301: Total time for which application threads were stopped: 0.0003151 seconds, Stopping threads took: 0.0000553 seconds
2016-10-24T11:31:15.390+0800: 4495.305: Total time for which application threads were stopped: 0.0001256 seconds, Stopping threads took: 0.0000309 seconds
2016-10-24T11:32:28.722+0800: 4568.639: Total time for which application threads were stopped: 0.0007327 seconds, Stopping threads took: 0.0000164 seconds
2016-10-24T11:32:28.723+0800: 4568.641: Total time for which application threads were stopped: 0.0005669 seconds, Stopping threads took: 0.0000104 seconds
2016-10-24T11:32:28.726+0800: 4568.644: Total time for which application threads were stopped: 0.0000813 seconds, Stopping threads took: 0.0000111 seconds
2016-10-24T11:32:28.728+0800: 4568.645: Total time for which application threads were stopped: 0.0001380 seconds, Stopping threads took: 0.0000643 seconds
2016-10-24T11:32:28.730+0800: 4568.647: Total time for which application threads were stopped: 0.0000642 seconds, Stopping threads took: 0.0000280 seconds
2016-10-24T11:32:28.732+0800: 4568.649: Total time for which application threads were stopped: 0.0000561 seconds, Stopping threads took: 0.0000110 seconds
2016-10-24T11:32:28.732+0800: 4568.649: Total time for which application threads were stopped: 0.0000663 seconds, Stopping threads took: 0.0000200 seconds
2016-10-24T11:32:28.732+0800: 4568.650: Total time for which application threads were stopped: 0.0000529 seconds, Stopping threads took: 0.0000080 seconds
2016-10-24T11:32:28.732+0800: 4568.650: Total time for which application threads were stopped: 0.0000486 seconds, Stopping threads took: 0.0000066 seconds
2016-10-24T11:32:28.734+0800: 4568.651: Total time for which application threads were stopped: 0.0000641 seconds, Stopping threads took: 0.0000213 seconds
2016-10-24T11:32:28.734+0800: 4568.652: Total time for which application threads were stopped: 0.0000605 seconds, Stopping threads took: 0.0000222 seconds
2016-10-24T11:32:28.735+0800: 4568.652: Total time for which application threads were stopped: 0.0000472 seconds, Stopping threads took: 0.0000077 seconds
2016-10-24T11:32:28.735+0800: 4568.652: Total time for which application threads were stopped: 0.0000438 seconds, Stopping threads took: 0.0000156 seconds
2016-10-24T11:32:28.735+0800: 4568.653: Total time for which application threads were stopped: 0.0001007 seconds, Stopping threads took: 0.0000304 seconds
2016-10-24T11:32:28.736+0800: 4568.653: Total time for which application threads were stopped: 0.0000475 seconds, Stopping threads took: 0.0000201 seconds
2016-10-24T11:32:28.737+0800: 4568.654: Total time for which application threads were stopped: 0.0000490 seconds, Stopping threads took: 0.0000237 seconds
2016-10-24T11:32:28.737+0800: 4568.654: Total time for which application threads were stopped: 0.0000290 seconds, Stopping threads took: 0.0000061 seconds
2016-10-24T11:32:28.738+0800: 4568.655: Total time for which application threads were stopped: 0.0000416 seconds, Stopping threads took: 0.0000148 seconds
2016-10-24T11:32:28.738+0800: 4568.655: Total time for which application threads were stopped: 0.0000469 seconds, Stopping threads took: 0.0000175 seconds
2016-10-24T11:32:28.738+0800: 4568.655: Total time for which application threads were stopped: 0.0000471 seconds, Stopping threads took: 0.0000173 seconds
2016-10-24T11:32:28.738+0800: 4568.656: Total time for which application threads were stopped: 0.0000599 seconds, Stopping threads took: 0.0000247 seconds
2016-10-24T11:32:28.739+0800: 4568.656: Total time for which application threads were stopped: 0.0000567 seconds, Stopping threads took: 0.0000212 seconds
2016-10-24T11:32:28.740+0800: 4568.658: Total time for which application threads were stopped: 0.0001057 seconds, Stopping threads took: 0.0000265 seconds
2016-10-24T11:32:28.743+0800: 4568.660: Total time for which application threads were stopped: 0.0000598 seconds, Stopping threads took: 0.0000213 seconds
2016-10-24T11:32:28.743+0800: 4568.660: Total time for which application threads were stopped: 0.0000434 seconds, Stopping threads took: 0.0000203 seconds
2016-10-24T11:32:28.743+0800: 4568.660: Total time for which application threads were stopped: 0.0000434 seconds, Stopping threads took: 0.0000077 seconds
2016-10-24T11:32:28.743+0800: 4568.661: Total time for which application threads were stopped: 0.0000363 seconds, Stopping threads took: 0.0000143 seconds
2016-10-24T11:32:28.743+0800: 4568.661: Total time for which application threads were stopped: 0.0000518 seconds, Stopping threads took: 0.0000313 seconds
2016-10-24T11:32:28.744+0800: 4568.661: Total time for which application threads were stopped: 0.0000491 seconds, Stopping threads took: 0.0000286 seconds
2016-10-24T11:32:28.744+0800: 4568.661: Total time for which application threads were stopped: 0.0000728 seconds, Stopping threads took: 0.0000178 seconds
2016-10-24T11:32:28.747+0800: 4568.664: Total time for which application threads were stopped: 0.0000906 seconds, Stopping threads took: 0.0000649 seconds
2016-10-24T11:32:28.747+0800: 4568.664: Total time for which application threads were stopped: 0.0000613 seconds, Stopping threads took: 0.0000473 seconds
2016-10-24T11:32:28.747+0800: 4568.665: Total time for which application threads were stopped: 0.0000451 seconds, Stopping threads took: 0.0000188 seconds
2016-10-24T11:32:28.748+0800: 4568.665: Total time for which application threads were stopped: 0.0001502 seconds, Stopping threads took: 0.0001366 seconds
2016-10-24T11:32:28.748+0800: 4568.665: Total time for which application threads were stopped: 0.0000366 seconds, Stopping threads took: 0.0000086 seconds
Heap
 par new generation   total 109248K, used 52601K [0x00000007a0000000, 0x00000007a8000000, 0x00000007a8000000)
  eden space 87424K,  39% used [0x00000007a0000000, 0x00000007a215bba0, 0x00000007a5560000)
  from space 21824K,  84% used [0x00000007a6ab0000, 0x00000007a7cb29a0, 0x00000007a8000000)
  to   space 21824K,   0% used [0x00000007a5560000, 0x00000007a5560000, 0x00000007a6ab0000)
 concurrent mark-sweep generation total 393216K, used 167332K [0x00000007a8000000, 0x00000007c0000000, 0x00000007c0000000)
 Metaspace       used 41410K, capacity 42154K, committed 42312K, reserved 1087488K
  class space    used 4783K, capacity 5002K, committed 5016K, reserved 1048576K
