Java HotSpot(TM) 64-Bit Server VM (25.92-b14) for bsd-amd64 JRE (1.8.0_92-b14), built on Mar 31 2016 21:23:14 by "java_re" with gcc 4.2.1 (Based on Apple Inc. build 5658) (LLVM build 2336.11.00)
Memory: 4k page, physical 16777216k(1949400k free)

/proc/meminfo:

CommandLine flags: -XX:CMSInitiatingOccupancyFraction=50 -XX:CMSMaxAbortablePrecleanTime=6000 -XX:+CMSParallelRemarkEnabled -XX:+CMSScavengeBeforeRemark -XX:ConcGCThreads=4 -XX:InitialHeapSize=536870912 -XX:MaxHeapSize=536870912 -XX:MaxTenuringThreshold=8 -XX:NewRatio=3 -XX:OldPLABSize=16 -XX:OnOutOfMemoryError=/Users/pparthasarathy/solr-6.2.1/bin/oom_solr.sh 8983 /Users/pparthasarathy/solr-6.2.1/example/techproducts/solr/../logs -XX:ParallelGCThreads=4 -XX:+ParallelRefProcEnabled -XX:PretenureSizeThreshold=67108864 -XX:+PrintGC -XX:+PrintGCApplicationStoppedTime -XX:+PrintGCDateStamps -XX:+PrintGCDetails -XX:+PrintGCTimeStamps -XX:+PrintHeapAtGC -XX:+PrintTenuringDistribution -XX:SurvivorRatio=4 -XX:TargetSurvivorRatio=90 -XX:ThreadStackSize=256 -XX:+UseCMSInitiatingOccupancyOnly -XX:+UseCompressedClassPointers -XX:+UseCompressedOops -XX:+UseConcMarkSweepGC -XX:+UseParNewGC 
2016-10-24T03:47:06.164+0800: 0.123: Total time for which application threads were stopped: 0.0000776 seconds, Stopping threads took: 0.0000097 seconds
2016-10-24T03:47:06.218+0800: 0.177: Total time for which application threads were stopped: 0.0001184 seconds, Stopping threads took: 0.0000120 seconds
2016-10-24T03:47:06.461+0800: 0.420: Total time for which application threads were stopped: 0.0001608 seconds, Stopping threads took: 0.0000109 seconds
2016-10-24T03:47:06.504+0800: 0.463: Total time for which application threads were stopped: 0.0001629 seconds, Stopping threads took: 0.0000147 seconds
2016-10-24T03:47:06.516+0800: 0.475: Total time for which application threads were stopped: 0.0001381 seconds, Stopping threads took: 0.0000127 seconds
2016-10-24T03:47:06.665+0800: 0.624: Total time for which application threads were stopped: 0.0001846 seconds, Stopping threads took: 0.0000114 seconds
2016-10-24T03:47:06.800+0800: 0.759: Total time for which application threads were stopped: 0.0002250 seconds, Stopping threads took: 0.0000141 seconds
2016-10-24T03:47:06.801+0800: 0.760: Total time for which application threads were stopped: 0.0000781 seconds, Stopping threads took: 0.0000063 seconds
2016-10-24T03:47:06.803+0800: 0.762: Total time for which application threads were stopped: 0.0000898 seconds, Stopping threads took: 0.0000068 seconds
2016-10-24T03:47:06.810+0800: 0.769: Total time for which application threads were stopped: 0.0001320 seconds, Stopping threads took: 0.0000092 seconds
2016-10-24T03:47:06.987+0800: 0.946: Total time for which application threads were stopped: 0.0005184 seconds, Stopping threads took: 0.0002920 seconds
{Heap before GC invocations=0 (full 0):
 par new generation   total 109248K, used 87424K [0x00000007a0000000, 0x00000007a8000000, 0x00000007a8000000)
  eden space 87424K, 100% used [0x00000007a0000000, 0x00000007a5560000, 0x00000007a5560000)
  from space 21824K,   0% used [0x00000007a5560000, 0x00000007a5560000, 0x00000007a6ab0000)
  to   space 21824K,   0% used [0x00000007a6ab0000, 0x00000007a6ab0000, 0x00000007a8000000)
 concurrent mark-sweep generation total 393216K, used 0K [0x00000007a8000000, 0x00000007c0000000, 0x00000007c0000000)
 Metaspace       used 17934K, capacity 18232K, committed 18688K, reserved 1064960K
  class space    used 2077K, capacity 2199K, committed 2304K, reserved 1048576K
2016-10-24T03:47:07.050+0800: 1.009: [GC (Allocation Failure) 2016-10-24T03:47:07.050+0800: 1.009: [ParNew
Desired survivor size 20112992 bytes, new threshold 8 (max 8)
- age   1:   11150848 bytes,   11150848 total
: 87424K->10990K(109248K), 0.0103580 secs] 87424K->10990K(502464K), 0.0104408 secs] [Times: user=0.02 sys=0.01, real=0.01 secs] 
Heap after GC invocations=1 (full 0):
 par new generation   total 109248K, used 10990K [0x00000007a0000000, 0x00000007a8000000, 0x00000007a8000000)
  eden space 87424K,   0% used [0x00000007a0000000, 0x00000007a0000000, 0x00000007a5560000)
  from space 21824K,  50% used [0x00000007a6ab0000, 0x00000007a756b9a8, 0x00000007a8000000)
  to   space 21824K,   0% used [0x00000007a5560000, 0x00000007a5560000, 0x00000007a6ab0000)
 concurrent mark-sweep generation total 393216K, used 0K [0x00000007a8000000, 0x00000007c0000000, 0x00000007c0000000)
 Metaspace       used 17934K, capacity 18232K, committed 18688K, reserved 1064960K
  class space    used 2077K, capacity 2199K, committed 2304K, reserved 1048576K
}
2016-10-24T03:47:07.060+0800: 1.019: Total time for which application threads were stopped: 0.0106567 seconds, Stopping threads took: 0.0000185 seconds
2016-10-24T03:47:07.211+0800: 1.170: Total time for which application threads were stopped: 0.0002842 seconds, Stopping threads took: 0.0000224 seconds
2016-10-24T03:47:07.233+0800: 1.192: Total time for which application threads were stopped: 0.0002268 seconds, Stopping threads took: 0.0000236 seconds
2016-10-24T03:47:07.250+0800: 1.209: Total time for which application threads were stopped: 0.0001925 seconds, Stopping threads took: 0.0000206 seconds
2016-10-24T03:47:07.344+0800: 1.303: Total time for which application threads were stopped: 0.0002123 seconds, Stopping threads took: 0.0000365 seconds
{Heap before GC invocations=1 (full 0):
 par new generation   total 109248K, used 98414K [0x00000007a0000000, 0x00000007a8000000, 0x00000007a8000000)
  eden space 87424K, 100% used [0x00000007a0000000, 0x00000007a5560000, 0x00000007a5560000)
  from space 21824K,  50% used [0x00000007a6ab0000, 0x00000007a756b9a8, 0x00000007a8000000)
  to   space 21824K,   0% used [0x00000007a5560000, 0x00000007a5560000, 0x00000007a6ab0000)
 concurrent mark-sweep generation total 393216K, used 0K [0x00000007a8000000, 0x00000007c0000000, 0x00000007c0000000)
 Metaspace       used 20944K, capacity 21258K, committed 21628K, reserved 1069056K
  class space    used 2474K, capacity 2616K, committed 2684K, reserved 1048576K
2016-10-24T03:47:07.376+0800: 1.335: [GC (Allocation Failure) 2016-10-24T03:47:07.376+0800: 1.335: [ParNew
Desired survivor size 20112992 bytes, new threshold 8 (max 8)
- age   1:    4174152 bytes,    4174152 total
- age   2:    5554432 bytes,    9728584 total
: 98414K->13798K(109248K), 0.0091629 secs] 98414K->13798K(502464K), 0.0092357 secs] [Times: user=0.03 sys=0.01, real=0.01 secs] 
Heap after GC invocations=2 (full 0):
 par new generation   total 109248K, used 13798K [0x00000007a0000000, 0x00000007a8000000, 0x00000007a8000000)
  eden space 87424K,   0% used [0x00000007a0000000, 0x00000007a0000000, 0x00000007a5560000)
  from space 21824K,  63% used [0x00000007a5560000, 0x00000007a62d9900, 0x00000007a6ab0000)
  to   space 21824K,   0% used [0x00000007a6ab0000, 0x00000007a6ab0000, 0x00000007a8000000)
 concurrent mark-sweep generation total 393216K, used 0K [0x00000007a8000000, 0x00000007c0000000, 0x00000007c0000000)
 Metaspace       used 20944K, capacity 21258K, committed 21628K, reserved 1069056K
  class space    used 2474K, capacity 2616K, committed 2684K, reserved 1048576K
}
2016-10-24T03:47:07.385+0800: 1.344: Total time for which application threads were stopped: 0.0094063 seconds, Stopping threads took: 0.0000332 seconds
2016-10-24T03:47:07.385+0800: 1.344: [GC (CMS Initial Mark) [1 CMS-initial-mark: 0K(393216K)] 15013K(502464K), 0.0019503 secs] [Times: user=0.01 sys=0.00, real=0.00 secs] 
2016-10-24T03:47:07.387+0800: 1.346: Total time for which application threads were stopped: 0.0021079 seconds, Stopping threads took: 0.0000492 seconds
2016-10-24T03:47:07.387+0800: 1.346: [CMS-concurrent-mark-start]
2016-10-24T03:47:07.388+0800: 1.347: [CMS-concurrent-mark: 0.000/0.000 secs] [Times: user=0.00 sys=0.00, real=0.00 secs] 
2016-10-24T03:47:07.388+0800: 1.347: [CMS-concurrent-preclean-start]
2016-10-24T03:47:07.389+0800: 1.348: [CMS-concurrent-preclean: 0.001/0.001 secs] [Times: user=0.01 sys=0.00, real=0.00 secs] 
2016-10-24T03:47:07.389+0800: 1.348: [GC (CMS Final Remark) [YG occupancy: 15013 K (109248 K)]{Heap before GC invocations=2 (full 1):
 par new generation   total 109248K, used 15013K [0x00000007a0000000, 0x00000007a8000000, 0x00000007a8000000)
  eden space 87424K,   1% used [0x00000007a0000000, 0x00000007a012fd60, 0x00000007a5560000)
  from space 21824K,  63% used [0x00000007a5560000, 0x00000007a62d9900, 0x00000007a6ab0000)
  to   space 21824K,   0% used [0x00000007a6ab0000, 0x00000007a6ab0000, 0x00000007a8000000)
 concurrent mark-sweep generation total 393216K, used 0K [0x00000007a8000000, 0x00000007c0000000, 0x00000007c0000000)
 Metaspace       used 20944K, capacity 21258K, committed 21628K, reserved 1069056K
  class space    used 2474K, capacity 2616K, committed 2684K, reserved 1048576K
2016-10-24T03:47:07.389+0800: 1.348: [GC (CMS Final Remark) 2016-10-24T03:47:07.389+0800: 1.348: [ParNew
Desired survivor size 20112992 bytes, new threshold 8 (max 8)
- age   1:     406680 bytes,     406680 total
- age   2:    1546032 bytes,    1952712 total
- age   3:    5553120 bytes,    7505832 total
: 15013K->9252K(109248K), 0.0056647 secs] 15013K->9252K(502464K), 0.0057196 secs] [Times: user=0.02 sys=0.00, real=0.01 secs] 
Heap after GC invocations=3 (full 1):
 par new generation   total 109248K, used 9252K [0x00000007a0000000, 0x00000007a8000000, 0x00000007a8000000)
  eden space 87424K,   0% used [0x00000007a0000000, 0x00000007a0000000, 0x00000007a5560000)
  from space 21824K,  42% used [0x00000007a6ab0000, 0x00000007a73b93a0, 0x00000007a8000000)
  to   space 21824K,   0% used [0x00000007a5560000, 0x00000007a5560000, 0x00000007a6ab0000)
 concurrent mark-sweep generation total 393216K, used 0K [0x00000007a8000000, 0x00000007c0000000, 0x00000007c0000000)
 Metaspace       used 20944K, capacity 21258K, committed 21628K, reserved 1069056K
  class space    used 2474K, capacity 2616K, committed 2684K, reserved 1048576K
}
2016-10-24T03:47:07.395+0800: 1.354: [Rescan (parallel) , 0.0017257 secs]2016-10-24T03:47:07.396+0800: 1.355: [weak refs processing, 0.0008577 secs]2016-10-24T03:47:07.397+0800: 1.356: [class unloading, 0.0028104 secs]2016-10-24T03:47:07.400+0800: 1.359: [scrub symbol table, 0.0025626 secs]2016-10-24T03:47:07.403+0800: 1.362: [scrub string table, 0.0002279 secs][1 CMS-remark: 0K(393216K)] 9252K(502464K), 0.0146053 secs] [Times: user=0.03 sys=0.00, real=0.02 secs] 
2016-10-24T03:47:07.403+0800: 1.362: Total time for which application threads were stopped: 0.0147128 seconds, Stopping threads took: 0.0000271 seconds
2016-10-24T03:47:07.403+0800: 1.362: [CMS-concurrent-sweep-start]
2016-10-24T03:47:07.403+0800: 1.363: [CMS-concurrent-sweep: 0.000/0.000 secs] [Times: user=0.00 sys=0.00, real=0.00 secs] 
2016-10-24T03:47:07.404+0800: 1.363: [CMS-concurrent-reset-start]
2016-10-24T03:47:07.407+0800: 1.366: [CMS-concurrent-reset: 0.003/0.003 secs] [Times: user=0.01 sys=0.00, real=0.00 secs] 
{Heap before GC invocations=3 (full 1):
 par new generation   total 109248K, used 96676K [0x00000007a0000000, 0x00000007a8000000, 0x00000007a8000000)
  eden space 87424K, 100% used [0x00000007a0000000, 0x00000007a5560000, 0x00000007a5560000)
  from space 21824K,  42% used [0x00000007a6ab0000, 0x00000007a73b93a0, 0x00000007a8000000)
  to   space 21824K,   0% used [0x00000007a5560000, 0x00000007a5560000, 0x00000007a6ab0000)
 concurrent mark-sweep generation total 393216K, used 0K [0x00000007a8000000, 0x00000007c0000000, 0x00000007c0000000)
 Metaspace       used 21783K, capacity 22120K, committed 22524K, reserved 1069056K
  class space    used 2586K, capacity 2749K, committed 2812K, reserved 1048576K
2016-10-24T03:47:07.538+0800: 1.497: [GC (Allocation Failure) 2016-10-24T03:47:07.538+0800: 1.497: [ParNew
Desired survivor size 20112992 bytes, new threshold 8 (max 8)
- age   1:    1345432 bytes,    1345432 total
- age   2:        296 bytes,    1345728 total
- age   3:    1463232 bytes,    2808960 total
- age   4:    5552584 bytes,    8361544 total
: 96676K->11933K(109248K), 0.0058729 secs] 96676K->11933K(502464K), 0.0059265 secs] [Times: user=0.02 sys=0.00, real=0.01 secs] 
Heap after GC invocations=4 (full 1):
 par new generation   total 109248K, used 11933K [0x00000007a0000000, 0x00000007a8000000, 0x00000007a8000000)
  eden space 87424K,   0% used [0x00000007a0000000, 0x00000007a0000000, 0x00000007a5560000)
  from space 21824K,  54% used [0x00000007a5560000, 0x00000007a6107618, 0x00000007a6ab0000)
  to   space 21824K,   0% used [0x00000007a6ab0000, 0x00000007a6ab0000, 0x00000007a8000000)
 concurrent mark-sweep generation total 393216K, used 0K [0x00000007a8000000, 0x00000007c0000000, 0x00000007c0000000)
 Metaspace       used 21783K, capacity 22120K, committed 22524K, reserved 1069056K
  class space    used 2586K, capacity 2749K, committed 2812K, reserved 1048576K
}
2016-10-24T03:47:07.544+0800: 1.503: Total time for which application threads were stopped: 0.0060873 seconds, Stopping threads took: 0.0000183 seconds
2016-10-24T03:47:07.633+0800: 1.592: Total time for which application threads were stopped: 0.0003423 seconds, Stopping threads took: 0.0000166 seconds
2016-10-24T03:47:07.673+0800: 1.632: Total time for which application threads were stopped: 0.0003905 seconds, Stopping threads took: 0.0000169 seconds
2016-10-24T03:47:07.792+0800: 1.751: Total time for which application threads were stopped: 0.0004975 seconds, Stopping threads took: 0.0000158 seconds
2016-10-24T03:47:07.799+0800: 1.758: Total time for which application threads were stopped: 0.0003583 seconds, Stopping threads took: 0.0000184 seconds
{Heap before GC invocations=4 (full 1):
 par new generation   total 109248K, used 99357K [0x00000007a0000000, 0x00000007a8000000, 0x00000007a8000000)
  eden space 87424K, 100% used [0x00000007a0000000, 0x00000007a5560000, 0x00000007a5560000)
  from space 21824K,  54% used [0x00000007a5560000, 0x00000007a6107618, 0x00000007a6ab0000)
  to   space 21824K,   0% used [0x00000007a6ab0000, 0x00000007a6ab0000, 0x00000007a8000000)
 concurrent mark-sweep generation total 393216K, used 0K [0x00000007a8000000, 0x00000007c0000000, 0x00000007c0000000)
 Metaspace       used 26062K, capacity 26540K, committed 26876K, reserved 1073152K
  class space    used 3109K, capacity 3287K, committed 3324K, reserved 1048576K
2016-10-24T03:47:07.952+0800: 1.912: [GC (Allocation Failure) 2016-10-24T03:47:07.953+0800: 1.912: [ParNew
Desired survivor size 20112992 bytes, new threshold 8 (max 8)
- age   1:    5127608 bytes,    5127608 total
- age   2:     316632 bytes,    5444240 total
- age   3:        296 bytes,    5444536 total
- age   4:     707056 bytes,    6151592 total
- age   5:    5546360 bytes,   11697952 total
: 99357K->15492K(109248K), 0.0072390 secs] 99357K->15492K(502464K), 0.0073074 secs] [Times: user=0.02 sys=0.00, real=0.01 secs] 
Heap after GC invocations=5 (full 1):
 par new generation   total 109248K, used 15492K [0x00000007a0000000, 0x00000007a8000000, 0x00000007a8000000)
  eden space 87424K,   0% used [0x00000007a0000000, 0x00000007a0000000, 0x00000007a5560000)
  from space 21824K,  70% used [0x00000007a6ab0000, 0x00000007a79d1160, 0x00000007a8000000)
  to   space 21824K,   0% used [0x00000007a5560000, 0x00000007a5560000, 0x00000007a6ab0000)
 concurrent mark-sweep generation total 393216K, used 0K [0x00000007a8000000, 0x00000007c0000000, 0x00000007c0000000)
 Metaspace       used 26062K, capacity 26540K, committed 26876K, reserved 1073152K
  class space    used 3109K, capacity 3287K, committed 3324K, reserved 1048576K
}
2016-10-24T03:47:07.960+0800: 1.919: Total time for which application threads were stopped: 0.0074854 seconds, Stopping threads took: 0.0000266 seconds
2016-10-24T03:47:08.066+0800: 2.025: Total time for which application threads were stopped: 0.0003841 seconds, Stopping threads took: 0.0000232 seconds
2016-10-24T03:47:08.283+0800: 2.242: Total time for which application threads were stopped: 0.0004165 seconds, Stopping threads took: 0.0000161 seconds
2016-10-24T03:47:09.289+0800: 3.248: Total time for which application threads were stopped: 0.0002696 seconds, Stopping threads took: 0.0000509 seconds
2016-10-24T03:47:10.141+0800: 4.100: Total time for which application threads were stopped: 0.0005586 seconds, Stopping threads took: 0.0000461 seconds
2016-10-24T03:47:11.750+0800: 5.709: Total time for which application threads were stopped: 0.0000685 seconds, Stopping threads took: 0.0000249 seconds
2016-10-24T03:47:11.753+0800: 5.712: Total time for which application threads were stopped: 0.0000458 seconds, Stopping threads took: 0.0000082 seconds
2016-10-24T03:47:11.770+0800: 5.729: Total time for which application threads were stopped: 0.0004031 seconds, Stopping threads took: 0.0000164 seconds
2016-10-24T03:47:11.806+0800: 5.765: Total time for which application threads were stopped: 0.0004318 seconds, Stopping threads took: 0.0000155 seconds
2016-10-24T03:47:11.806+0800: 5.766: Total time for which application threads were stopped: 0.0000861 seconds, Stopping threads took: 0.0000299 seconds
2016-10-24T03:47:11.807+0800: 5.766: Total time for which application threads were stopped: 0.0001058 seconds, Stopping threads took: 0.0000335 seconds
2016-10-24T03:47:11.807+0800: 5.766: Total time for which application threads were stopped: 0.0000823 seconds, Stopping threads took: 0.0000405 seconds
2016-10-24T03:47:11.807+0800: 5.766: Total time for which application threads were stopped: 0.0000580 seconds, Stopping threads took: 0.0000212 seconds
2016-10-24T03:47:11.807+0800: 5.766: Total time for which application threads were stopped: 0.0000534 seconds, Stopping threads took: 0.0000277 seconds
2016-10-24T03:47:11.807+0800: 5.766: Total time for which application threads were stopped: 0.0000719 seconds, Stopping threads took: 0.0000406 seconds
2016-10-24T03:47:11.807+0800: 5.767: Total time for which application threads were stopped: 0.0000930 seconds, Stopping threads took: 0.0000499 seconds
2016-10-24T03:47:11.808+0800: 5.767: Total time for which application threads were stopped: 0.0000594 seconds, Stopping threads took: 0.0000196 seconds
2016-10-24T03:47:11.814+0800: 5.773: Total time for which application threads were stopped: 0.0000745 seconds, Stopping threads took: 0.0000148 seconds
2016-10-24T03:47:11.814+0800: 5.773: Total time for which application threads were stopped: 0.0000514 seconds, Stopping threads took: 0.0000172 seconds
2016-10-24T03:47:11.814+0800: 5.773: Total time for which application threads were stopped: 0.0000426 seconds, Stopping threads took: 0.0000080 seconds
2016-10-24T03:47:11.814+0800: 5.773: Total time for which application threads were stopped: 0.0000452 seconds, Stopping threads took: 0.0000066 seconds
2016-10-24T03:47:11.814+0800: 5.773: Total time for which application threads were stopped: 0.0000724 seconds, Stopping threads took: 0.0000302 seconds
2016-10-24T03:47:11.854+0800: 5.813: Total time for which application threads were stopped: 0.0001156 seconds, Stopping threads took: 0.0000412 seconds
2016-10-24T03:47:11.855+0800: 5.814: Total time for which application threads were stopped: 0.0000406 seconds, Stopping threads took: 0.0000079 seconds
{Heap before GC invocations=5 (full 1):
 par new generation   total 109248K, used 102916K [0x00000007a0000000, 0x00000007a8000000, 0x00000007a8000000)
  eden space 87424K, 100% used [0x00000007a0000000, 0x00000007a5560000, 0x00000007a5560000)
  from space 21824K,  70% used [0x00000007a6ab0000, 0x00000007a79d1160, 0x00000007a8000000)
  to   space 21824K,   0% used [0x00000007a5560000, 0x00000007a5560000, 0x00000007a6ab0000)
 concurrent mark-sweep generation total 393216K, used 0K [0x00000007a8000000, 0x00000007c0000000, 0x00000007c0000000)
 Metaspace       used 32316K, capacity 32804K, committed 33276K, reserved 1079296K
  class space    used 3891K, capacity 4023K, committed 4092K, reserved 1048576K
2016-10-24T03:47:11.855+0800: 5.814: [GC (Allocation Failure) 2016-10-24T03:47:11.855+0800: 5.814: [ParNew
Desired survivor size 20112992 bytes, new threshold 6 (max 8)
- age   1:   12626432 bytes,   12626432 total
- age   2:    1486456 bytes,   14112888 total
- age   3:     315016 bytes,   14427904 total
- age   4:        296 bytes,   14428200 total
- age   5:     695040 bytes,   15123240 total
- age   6:    5460408 bytes,   20583648 total
: 102916K->21571K(109248K), 0.0135343 secs] 102916K->21571K(502464K), 0.0136049 secs] [Times: user=0.04 sys=0.01, real=0.01 secs] 
Heap after GC invocations=6 (full 1):
 par new generation   total 109248K, used 21571K [0x00000007a0000000, 0x00000007a8000000, 0x00000007a8000000)
  eden space 87424K,   0% used [0x00000007a0000000, 0x00000007a0000000, 0x00000007a5560000)
  from space 21824K,  98% used [0x00000007a5560000, 0x00000007a6a70c78, 0x00000007a6ab0000)
  to   space 21824K,   0% used [0x00000007a6ab0000, 0x00000007a6ab0000, 0x00000007a8000000)
 concurrent mark-sweep generation total 393216K, used 0K [0x00000007a8000000, 0x00000007c0000000, 0x00000007c0000000)
 Metaspace       used 32316K, capacity 32804K, committed 33276K, reserved 1079296K
  class space    used 3891K, capacity 4023K, committed 4092K, reserved 1048576K
}
2016-10-24T03:47:11.869+0800: 5.828: Total time for which application threads were stopped: 0.0137847 seconds, Stopping threads took: 0.0000609 seconds
2016-10-24T03:47:11.869+0800: 5.828: Total time for which application threads were stopped: 0.0001169 seconds, Stopping threads took: 0.0000550 seconds
2016-10-24T03:47:11.869+0800: 5.829: Total time for which application threads were stopped: 0.0000947 seconds, Stopping threads took: 0.0000302 seconds
2016-10-24T03:47:11.870+0800: 5.830: Total time for which application threads were stopped: 0.0000609 seconds, Stopping threads took: 0.0000307 seconds
2016-10-24T03:47:11.871+0800: 5.830: Total time for which application threads were stopped: 0.0000704 seconds, Stopping threads took: 0.0000297 seconds
2016-10-24T03:47:11.871+0800: 5.831: Total time for which application threads were stopped: 0.0000926 seconds, Stopping threads took: 0.0000317 seconds
2016-10-24T03:47:11.872+0800: 5.831: Total time for which application threads were stopped: 0.0000507 seconds, Stopping threads took: 0.0000254 seconds
2016-10-24T03:47:11.875+0800: 5.834: Total time for which application threads were stopped: 0.0000548 seconds, Stopping threads took: 0.0000112 seconds
2016-10-24T03:47:11.875+0800: 5.834: Total time for which application threads were stopped: 0.0000481 seconds, Stopping threads took: 0.0000097 seconds
2016-10-24T03:47:11.877+0800: 5.836: Total time for which application threads were stopped: 0.0000820 seconds, Stopping threads took: 0.0000290 seconds
2016-10-24T03:47:11.877+0800: 5.837: Total time for which application threads were stopped: 0.0000690 seconds, Stopping threads took: 0.0000140 seconds
2016-10-24T03:47:26.805+0800: 20.765: Total time for which application threads were stopped: 0.0000663 seconds, Stopping threads took: 0.0000163 seconds
2016-10-24T03:47:26.806+0800: 20.765: Total time for which application threads were stopped: 0.0001218 seconds, Stopping threads took: 0.0000119 seconds
2016-10-24T03:47:26.806+0800: 20.765: Total time for which application threads were stopped: 0.0000659 seconds, Stopping threads took: 0.0000315 seconds
2016-10-24T03:47:26.806+0800: 20.766: Total time for which application threads were stopped: 0.0000891 seconds, Stopping threads took: 0.0000327 seconds
2016-10-24T03:47:26.806+0800: 20.766: Total time for which application threads were stopped: 0.0000654 seconds, Stopping threads took: 0.0000355 seconds
2016-10-24T03:47:26.806+0800: 20.766: Total time for which application threads were stopped: 0.0000645 seconds, Stopping threads took: 0.0000318 seconds
2016-10-24T03:47:26.806+0800: 20.766: Total time for which application threads were stopped: 0.0000748 seconds, Stopping threads took: 0.0000446 seconds
2016-10-24T03:47:26.807+0800: 20.766: Total time for which application threads were stopped: 0.0000576 seconds, Stopping threads took: 0.0000263 seconds
2016-10-24T03:47:26.807+0800: 20.766: Total time for which application threads were stopped: 0.0000450 seconds, Stopping threads took: 0.0000197 seconds
2016-10-24T03:47:26.811+0800: 20.770: Total time for which application threads were stopped: 0.0000910 seconds, Stopping threads took: 0.0000260 seconds
2016-10-24T03:47:26.847+0800: 20.807: Total time for which application threads were stopped: 0.0001104 seconds, Stopping threads took: 0.0000450 seconds
2016-10-24T03:47:26.848+0800: 20.807: Total time for which application threads were stopped: 0.0001192 seconds, Stopping threads took: 0.0000364 seconds
2016-10-24T03:47:26.849+0800: 20.809: Total time for which application threads were stopped: 0.0001286 seconds, Stopping threads took: 0.0000472 seconds
2016-10-24T03:47:26.849+0800: 20.809: Total time for which application threads were stopped: 0.0001134 seconds, Stopping threads took: 0.0000260 seconds
2016-10-24T03:47:26.850+0800: 20.809: Total time for which application threads were stopped: 0.0000908 seconds, Stopping threads took: 0.0000186 seconds
2016-10-24T03:47:26.851+0800: 20.811: Total time for which application threads were stopped: 0.0001179 seconds, Stopping threads took: 0.0000478 seconds
2016-10-24T03:47:26.852+0800: 20.811: Total time for which application threads were stopped: 0.0001344 seconds, Stopping threads took: 0.0000704 seconds
2016-10-24T03:47:26.852+0800: 20.812: Total time for which application threads were stopped: 0.0001933 seconds, Stopping threads took: 0.0000481 seconds
2016-10-24T03:47:26.855+0800: 20.815: Total time for which application threads were stopped: 0.0001000 seconds, Stopping threads took: 0.0000503 seconds
2016-10-24T03:47:26.855+0800: 20.815: Total time for which application threads were stopped: 0.0000811 seconds, Stopping threads took: 0.0000329 seconds
2016-10-24T03:47:26.856+0800: 20.815: Total time for which application threads were stopped: 0.0000931 seconds, Stopping threads took: 0.0000476 seconds
2016-10-24T03:47:26.857+0800: 20.816: Total time for which application threads were stopped: 0.0000981 seconds, Stopping threads took: 0.0000366 seconds
2016-10-24T03:47:26.857+0800: 20.816: Total time for which application threads were stopped: 0.0000768 seconds, Stopping threads took: 0.0000319 seconds
2016-10-24T03:47:26.861+0800: 20.821: Total time for which application threads were stopped: 0.0000792 seconds, Stopping threads took: 0.0000338 seconds
2016-10-24T03:47:26.862+0800: 20.821: Total time for which application threads were stopped: 0.0000871 seconds, Stopping threads took: 0.0000293 seconds
2016-10-24T03:47:26.864+0800: 20.824: Total time for which application threads were stopped: 0.0000990 seconds, Stopping threads took: 0.0000322 seconds
2016-10-24T03:47:26.864+0800: 20.824: Total time for which application threads were stopped: 0.0000913 seconds, Stopping threads took: 0.0000327 seconds
2016-10-24T03:47:26.864+0800: 20.824: Total time for which application threads were stopped: 0.0000670 seconds, Stopping threads took: 0.0000308 seconds
2016-10-24T03:47:26.864+0800: 20.824: Total time for which application threads were stopped: 0.0000825 seconds, Stopping threads took: 0.0000445 seconds
2016-10-24T03:47:26.865+0800: 20.824: Total time for which application threads were stopped: 0.0000831 seconds, Stopping threads took: 0.0000406 seconds
2016-10-24T03:47:26.865+0800: 20.825: Total time for which application threads were stopped: 0.0000843 seconds, Stopping threads took: 0.0000435 seconds
2016-10-24T03:47:26.866+0800: 20.825: Total time for which application threads were stopped: 0.0001039 seconds, Stopping threads took: 0.0000654 seconds
2016-10-24T03:47:26.866+0800: 20.825: Total time for which application threads were stopped: 0.0000715 seconds, Stopping threads took: 0.0000363 seconds
2016-10-24T03:47:26.875+0800: 20.834: Total time for which application threads were stopped: 0.0001208 seconds, Stopping threads took: 0.0000552 seconds
2016-10-24T03:47:26.887+0800: 20.847: Total time for which application threads were stopped: 0.0000750 seconds, Stopping threads took: 0.0000290 seconds
2016-10-24T03:47:26.887+0800: 20.847: Total time for which application threads were stopped: 0.0001728 seconds, Stopping threads took: 0.0000584 seconds
2016-10-24T03:47:26.892+0800: 20.852: Total time for which application threads were stopped: 0.0001009 seconds, Stopping threads took: 0.0000373 seconds
2016-10-24T03:47:26.893+0800: 20.853: Total time for which application threads were stopped: 0.0000732 seconds, Stopping threads took: 0.0000142 seconds
2016-10-24T03:47:26.893+0800: 20.853: Total time for which application threads were stopped: 0.0001211 seconds, Stopping threads took: 0.0000705 seconds
2016-10-24T03:47:27.072+0800: 21.031: Total time for which application threads were stopped: 0.0001270 seconds, Stopping threads took: 0.0000513 seconds
2016-10-24T03:47:27.072+0800: 21.032: Total time for which application threads were stopped: 0.0001421 seconds, Stopping threads took: 0.0000638 seconds
2016-10-24T03:47:27.085+0800: 21.045: Total time for which application threads were stopped: 0.0001316 seconds, Stopping threads took: 0.0000439 seconds
2016-10-24T03:47:27.085+0800: 21.045: Total time for which application threads were stopped: 0.0000939 seconds, Stopping threads took: 0.0000385 seconds
2016-10-24T03:47:27.086+0800: 21.045: Total time for which application threads were stopped: 0.0001156 seconds, Stopping threads took: 0.0000454 seconds
2016-10-24T03:47:27.086+0800: 21.046: Total time for which application threads were stopped: 0.0001016 seconds, Stopping threads took: 0.0000424 seconds
2016-10-24T03:47:27.091+0800: 21.051: Total time for which application threads were stopped: 0.0000987 seconds, Stopping threads took: 0.0000378 seconds
2016-10-24T03:47:27.092+0800: 21.051: Total time for which application threads were stopped: 0.0003392 seconds, Stopping threads took: 0.0002772 seconds
2016-10-24T03:47:27.092+0800: 21.052: Total time for which application threads were stopped: 0.0000928 seconds, Stopping threads took: 0.0000500 seconds
2016-10-24T03:47:27.092+0800: 21.052: Total time for which application threads were stopped: 0.0000699 seconds, Stopping threads took: 0.0000348 seconds
2016-10-24T03:47:27.093+0800: 21.052: Total time for which application threads were stopped: 0.0000939 seconds, Stopping threads took: 0.0000453 seconds
2016-10-24T03:47:27.208+0800: 21.167: Total time for which application threads were stopped: 0.0001070 seconds, Stopping threads took: 0.0000225 seconds
2016-10-24T03:47:27.208+0800: 21.168: Total time for which application threads were stopped: 0.0001219 seconds, Stopping threads took: 0.0000626 seconds
2016-10-24T03:47:27.208+0800: 21.168: Total time for which application threads were stopped: 0.0001079 seconds, Stopping threads took: 0.0000352 seconds
2016-10-24T03:47:27.208+0800: 21.168: Total time for which application threads were stopped: 0.0001045 seconds, Stopping threads took: 0.0000649 seconds
2016-10-24T03:47:27.209+0800: 21.168: Total time for which application threads were stopped: 0.0000882 seconds, Stopping threads took: 0.0000381 seconds
2016-10-24T03:47:27.209+0800: 21.168: Total time for which application threads were stopped: 0.0000607 seconds, Stopping threads took: 0.0000237 seconds
2016-10-24T03:47:27.209+0800: 21.169: Total time for which application threads were stopped: 0.0001660 seconds, Stopping threads took: 0.0001108 seconds
2016-10-24T03:47:27.210+0800: 21.169: Total time for which application threads were stopped: 0.0000706 seconds, Stopping threads took: 0.0000218 seconds
2016-10-24T03:47:27.210+0800: 21.169: Total time for which application threads were stopped: 0.0000739 seconds, Stopping threads took: 0.0000222 seconds
2016-10-24T03:47:27.210+0800: 21.169: Total time for which application threads were stopped: 0.0000660 seconds, Stopping threads took: 0.0000208 seconds
2016-10-24T03:47:27.210+0800: 21.170: Total time for which application threads were stopped: 0.0001832 seconds, Stopping threads took: 0.0001378 seconds
2016-10-24T03:47:27.210+0800: 21.170: Total time for which application threads were stopped: 0.0001397 seconds, Stopping threads took: 0.0000958 seconds
2016-10-24T03:47:27.210+0800: 21.170: Total time for which application threads were stopped: 0.0001017 seconds, Stopping threads took: 0.0000325 seconds
2016-10-24T03:47:27.211+0800: 21.170: Total time for which application threads were stopped: 0.0000715 seconds, Stopping threads took: 0.0000248 seconds
2016-10-24T03:47:27.211+0800: 21.171: Total time for which application threads were stopped: 0.0000819 seconds, Stopping threads took: 0.0000244 seconds
2016-10-24T03:47:27.211+0800: 21.171: Total time for which application threads were stopped: 0.0001004 seconds, Stopping threads took: 0.0000544 seconds
2016-10-24T03:47:27.216+0800: 21.175: Total time for which application threads were stopped: 0.0001192 seconds, Stopping threads took: 0.0000380 seconds
2016-10-24T03:47:27.219+0800: 21.179: Total time for which application threads were stopped: 0.0001068 seconds, Stopping threads took: 0.0000449 seconds
2016-10-24T03:47:27.220+0800: 21.179: Total time for which application threads were stopped: 0.0000846 seconds, Stopping threads took: 0.0000404 seconds
2016-10-24T03:47:27.228+0800: 21.188: Total time for which application threads were stopped: 0.0001596 seconds, Stopping threads took: 0.0000443 seconds
2016-10-24T03:47:27.228+0800: 21.188: Total time for which application threads were stopped: 0.0000903 seconds, Stopping threads took: 0.0000383 seconds
2016-10-24T03:47:27.255+0800: 21.215: Total time for which application threads were stopped: 0.0001929 seconds, Stopping threads took: 0.0000222 seconds
2016-10-24T03:47:28.259+0800: 22.219: Total time for which application threads were stopped: 0.0001330 seconds, Stopping threads took: 0.0000332 seconds
2016-10-24T03:47:30.291+0800: 24.251: Total time for which application threads were stopped: 0.0001274 seconds, Stopping threads took: 0.0000509 seconds
2016-10-24T03:47:30.291+0800: 24.251: Total time for which application threads were stopped: 0.0000626 seconds, Stopping threads took: 0.0000205 seconds
2016-10-24T03:47:30.291+0800: 24.251: Total time for which application threads were stopped: 0.0001058 seconds, Stopping threads took: 0.0000508 seconds
2016-10-24T03:47:30.291+0800: 24.251: Total time for which application threads were stopped: 0.0000720 seconds, Stopping threads took: 0.0000349 seconds
2016-10-24T03:47:30.292+0800: 24.251: Total time for which application threads were stopped: 0.0001688 seconds, Stopping threads took: 0.0000271 seconds
2016-10-24T03:47:30.299+0800: 24.259: Total time for which application threads were stopped: 0.0001045 seconds, Stopping threads took: 0.0000323 seconds
2016-10-24T03:47:30.299+0800: 24.259: Total time for which application threads were stopped: 0.0000665 seconds, Stopping threads took: 0.0000273 seconds
2016-10-24T03:47:30.305+0800: 24.265: Total time for which application threads were stopped: 0.0000878 seconds, Stopping threads took: 0.0000260 seconds
2016-10-24T03:47:30.305+0800: 24.265: Total time for which application threads were stopped: 0.0000549 seconds, Stopping threads took: 0.0000083 seconds
2016-10-24T03:47:31.306+0800: 25.265: Total time for which application threads were stopped: 0.0001261 seconds, Stopping threads took: 0.0000325 seconds
2016-10-24T03:47:35.186+0800: 29.146: Total time for which application threads were stopped: 0.0001140 seconds, Stopping threads took: 0.0000529 seconds
2016-10-24T03:47:35.187+0800: 29.147: Total time for which application threads were stopped: 0.0000997 seconds, Stopping threads took: 0.0000347 seconds
2016-10-24T03:47:35.187+0800: 29.147: Total time for which application threads were stopped: 0.0000703 seconds, Stopping threads took: 0.0000328 seconds
2016-10-24T03:47:35.187+0800: 29.147: Total time for which application threads were stopped: 0.0000676 seconds, Stopping threads took: 0.0000289 seconds
2016-10-24T03:47:35.188+0800: 29.147: Total time for which application threads were stopped: 0.0000908 seconds, Stopping threads took: 0.0000460 seconds
2016-10-24T03:47:35.188+0800: 29.148: Total time for which application threads were stopped: 0.0000749 seconds, Stopping threads took: 0.0000303 seconds
2016-10-24T03:47:35.188+0800: 29.148: Total time for which application threads were stopped: 0.0000813 seconds, Stopping threads took: 0.0000350 seconds
2016-10-24T03:47:35.188+0800: 29.148: Total time for which application threads were stopped: 0.0000797 seconds, Stopping threads took: 0.0000386 seconds
2016-10-24T03:47:35.188+0800: 29.148: Total time for which application threads were stopped: 0.0000686 seconds, Stopping threads took: 0.0000268 seconds
2016-10-24T03:47:35.189+0800: 29.149: Total time for which application threads were stopped: 0.0000786 seconds, Stopping threads took: 0.0000383 seconds
2016-10-24T03:47:35.189+0800: 29.149: Total time for which application threads were stopped: 0.0000718 seconds, Stopping threads took: 0.0000399 seconds
2016-10-24T03:47:35.195+0800: 29.155: Total time for which application threads were stopped: 0.0001318 seconds, Stopping threads took: 0.0000695 seconds
2016-10-24T03:47:35.196+0800: 29.155: Total time for which application threads were stopped: 0.0000920 seconds, Stopping threads took: 0.0000543 seconds
2016-10-24T03:47:35.201+0800: 29.161: Total time for which application threads were stopped: 0.0000747 seconds, Stopping threads took: 0.0000134 seconds
2016-10-24T03:47:35.201+0800: 29.161: Total time for which application threads were stopped: 0.0000654 seconds, Stopping threads took: 0.0000226 seconds
2016-10-24T03:47:36.201+0800: 30.161: Total time for which application threads were stopped: 0.0001372 seconds, Stopping threads took: 0.0000320 seconds
2016-10-24T03:47:41.221+0800: 35.181: Total time for which application threads were stopped: 0.0001256 seconds, Stopping threads took: 0.0000351 seconds
2016-10-24T03:47:44.607+0800: 38.567: Total time for which application threads were stopped: 0.0001218 seconds, Stopping threads took: 0.0000331 seconds
2016-10-24T03:47:44.607+0800: 38.567: Total time for which application threads were stopped: 0.0000810 seconds, Stopping threads took: 0.0000245 seconds
2016-10-24T03:47:44.613+0800: 38.573: Total time for which application threads were stopped: 0.0000523 seconds, Stopping threads took: 0.0000108 seconds
2016-10-24T03:47:44.613+0800: 38.573: Total time for which application threads were stopped: 0.0000528 seconds, Stopping threads took: 0.0000228 seconds
2016-10-24T03:47:45.613+0800: 39.573: Total time for which application threads were stopped: 0.0001188 seconds, Stopping threads took: 0.0000295 seconds
2016-10-24T03:47:50.317+0800: 44.278: Total time for which application threads were stopped: 0.0001123 seconds, Stopping threads took: 0.0000545 seconds
2016-10-24T03:47:50.317+0800: 44.278: Total time for which application threads were stopped: 0.0000675 seconds, Stopping threads took: 0.0000118 seconds
2016-10-24T03:47:50.322+0800: 44.283: Total time for which application threads were stopped: 0.0000750 seconds, Stopping threads took: 0.0000297 seconds
2016-10-24T03:47:50.322+0800: 44.283: Total time for which application threads were stopped: 0.0000652 seconds, Stopping threads took: 0.0000226 seconds
2016-10-24T03:47:51.327+0800: 45.288: Total time for which application threads were stopped: 0.0002352 seconds, Stopping threads took: 0.0000558 seconds
2016-10-24T03:47:53.332+0800: 47.293: Total time for which application threads were stopped: 0.0002634 seconds, Stopping threads took: 0.0001146 seconds
2016-10-24T03:48:01.587+0800: 55.547: Total time for which application threads were stopped: 0.0001109 seconds, Stopping threads took: 0.0000351 seconds
2016-10-24T03:48:01.587+0800: 55.547: Total time for which application threads were stopped: 0.0000528 seconds, Stopping threads took: 0.0000167 seconds
2016-10-24T03:48:01.592+0800: 55.553: Total time for which application threads were stopped: 0.0000863 seconds, Stopping threads took: 0.0000351 seconds
2016-10-24T03:48:01.593+0800: 55.553: Total time for which application threads were stopped: 0.0000657 seconds, Stopping threads took: 0.0000225 seconds
2016-10-24T03:48:02.593+0800: 56.553: Total time for which application threads were stopped: 0.0001205 seconds, Stopping threads took: 0.0000298 seconds
2016-10-24T03:48:04.598+0800: 58.559: Total time for which application threads were stopped: 0.0001113 seconds, Stopping threads took: 0.0000317 seconds
2016-10-24T03:48:09.144+0800: 63.105: Total time for which application threads were stopped: 0.0000764 seconds, Stopping threads took: 0.0000146 seconds
2016-10-24T03:48:09.144+0800: 63.105: Total time for which application threads were stopped: 0.0000713 seconds, Stopping threads took: 0.0000098 seconds
2016-10-24T03:48:09.149+0800: 63.110: Total time for which application threads were stopped: 0.0000627 seconds, Stopping threads took: 0.0000211 seconds
2016-10-24T03:48:09.149+0800: 63.110: Total time for which application threads were stopped: 0.0000697 seconds, Stopping threads took: 0.0000410 seconds
2016-10-24T03:48:10.151+0800: 64.112: Total time for which application threads were stopped: 0.0001161 seconds, Stopping threads took: 0.0000328 seconds
2016-10-24T03:48:18.173+0800: 72.134: Total time for which application threads were stopped: 0.0001019 seconds, Stopping threads took: 0.0000225 seconds
2016-10-24T03:48:18.269+0800: 72.230: Total time for which application threads were stopped: 0.0001172 seconds, Stopping threads took: 0.0000538 seconds
2016-10-24T03:48:18.269+0800: 72.230: Total time for which application threads were stopped: 0.0000463 seconds, Stopping threads took: 0.0000086 seconds
2016-10-24T03:48:18.275+0800: 72.236: Total time for which application threads were stopped: 0.0000740 seconds, Stopping threads took: 0.0000242 seconds
2016-10-24T03:48:18.275+0800: 72.236: Total time for which application threads were stopped: 0.0001016 seconds, Stopping threads took: 0.0000530 seconds
2016-10-24T03:48:19.280+0800: 73.241: Total time for which application threads were stopped: 0.0000899 seconds, Stopping threads took: 0.0000232 seconds
2016-10-24T03:48:28.303+0800: 82.264: Total time for which application threads were stopped: 0.0002272 seconds, Stopping threads took: 0.0000588 seconds
2016-10-24T03:48:55.235+0800: 109.197: Total time for which application threads were stopped: 0.0006066 seconds, Stopping threads took: 0.0000232 seconds
2016-10-24T03:48:56.236+0800: 110.198: Total time for which application threads were stopped: 0.0000799 seconds, Stopping threads took: 0.0000211 seconds
2016-10-24T03:49:07.417+0800: 121.380: Total time for which application threads were stopped: 0.0001426 seconds, Stopping threads took: 0.0000412 seconds
2016-10-24T03:49:07.417+0800: 121.380: Total time for which application threads were stopped: 0.0000832 seconds, Stopping threads took: 0.0000327 seconds
2016-10-24T03:49:07.423+0800: 121.385: Total time for which application threads were stopped: 0.0001361 seconds, Stopping threads took: 0.0000141 seconds
2016-10-24T03:49:07.423+0800: 121.385: Total time for which application threads were stopped: 0.0001020 seconds, Stopping threads took: 0.0000230 seconds
2016-10-24T03:49:07.423+0800: 121.386: Total time for which application threads were stopped: 0.0001036 seconds, Stopping threads took: 0.0000164 seconds
2016-10-24T03:49:08.426+0800: 122.389: Total time for which application threads were stopped: 0.0001270 seconds, Stopping threads took: 0.0000291 seconds
2016-10-24T03:49:12.437+0800: 126.400: Total time for which application threads were stopped: 0.0001568 seconds, Stopping threads took: 0.0000318 seconds
2016-10-24T03:49:42.525+0800: 156.489: Total time for which application threads were stopped: 0.0001258 seconds, Stopping threads took: 0.0000294 seconds
2016-10-24T03:49:57.569+0800: 171.533: Total time for which application threads were stopped: 0.0000860 seconds, Stopping threads took: 0.0000203 seconds
2016-10-24T03:50:07.423+0800: 181.387: Total time for which application threads were stopped: 0.0003417 seconds, Stopping threads took: 0.0000673 seconds
2016-10-24T03:51:00.551+0800: 234.517: Total time for which application threads were stopped: 0.0001914 seconds, Stopping threads took: 0.0000320 seconds
2016-10-24T03:51:01.555+0800: 235.521: Total time for which application threads were stopped: 0.0001321 seconds, Stopping threads took: 0.0000311 seconds
2016-10-24T03:51:16.596+0800: 250.563: Total time for which application threads were stopped: 0.0003083 seconds, Stopping threads took: 0.0000522 seconds
2016-10-24T03:51:17.597+0800: 251.563: Total time for which application threads were stopped: 0.0003218 seconds, Stopping threads took: 0.0000711 seconds
2016-10-24T03:52:07.749+0800: 301.717: Total time for which application threads were stopped: 0.0002350 seconds, Stopping threads took: 0.0000547 seconds
2016-10-24T03:52:09.759+0800: 303.727: Total time for which application threads were stopped: 0.0002449 seconds, Stopping threads took: 0.0000521 seconds
2016-10-24T03:52:28.802+0800: 322.770: Total time for which application threads were stopped: 0.0000991 seconds, Stopping threads took: 0.0000188 seconds
2016-10-24T03:52:30.807+0800: 324.775: Total time for which application threads were stopped: 0.0002137 seconds, Stopping threads took: 0.0000709 seconds
2016-10-24T03:54:08.027+0800: 421.998: Total time for which application threads were stopped: 0.0002188 seconds, Stopping threads took: 0.0000505 seconds
2016-10-24T03:54:11.034+0800: 425.006: Total time for which application threads were stopped: 0.0001137 seconds, Stopping threads took: 0.0000402 seconds
2016-10-24T03:56:20.126+0800: 554.101: Total time for which application threads were stopped: 0.0000950 seconds, Stopping threads took: 0.0000307 seconds
2016-10-24T03:56:20.126+0800: 554.101: Total time for which application threads were stopped: 0.0000820 seconds, Stopping threads took: 0.0000346 seconds
2016-10-24T03:56:20.131+0800: 554.106: Total time for which application threads were stopped: 0.0001014 seconds, Stopping threads took: 0.0000305 seconds
2016-10-24T03:56:20.131+0800: 554.106: Total time for which application threads were stopped: 0.0000946 seconds, Stopping threads took: 0.0000277 seconds
2016-10-24T03:56:21.131+0800: 555.106: Total time for which application threads were stopped: 0.0001289 seconds, Stopping threads took: 0.0000314 seconds
2016-10-24T03:56:53.977+0800: 587.953: Total time for which application threads were stopped: 0.0001128 seconds, Stopping threads took: 0.0000176 seconds
2016-10-24T03:56:53.977+0800: 587.953: Total time for which application threads were stopped: 0.0000770 seconds, Stopping threads took: 0.0000103 seconds
2016-10-24T03:56:53.982+0800: 587.958: Total time for which application threads were stopped: 0.0000684 seconds, Stopping threads took: 0.0000136 seconds
2016-10-24T03:56:53.982+0800: 587.958: Total time for which application threads were stopped: 0.0000514 seconds, Stopping threads took: 0.0000109 seconds
2016-10-24T03:56:54.986+0800: 588.963: Total time for which application threads were stopped: 0.0002824 seconds, Stopping threads took: 0.0000991 seconds
2016-10-24T03:57:44.110+0800: 638.088: Total time for which application threads were stopped: 0.0001135 seconds, Stopping threads took: 0.0000474 seconds
2016-10-24T03:57:53.982+0800: 647.960: Total time for which application threads were stopped: 0.0004252 seconds, Stopping threads took: 0.0000294 seconds
2016-10-24T03:58:08.012+0800: 661.990: Total time for which application threads were stopped: 0.0001039 seconds, Stopping threads took: 0.0000219 seconds
2016-10-24T03:59:11.544+0800: 725.524: Total time for which application threads were stopped: 0.0002347 seconds, Stopping threads took: 0.0000757 seconds
2016-10-24T03:59:11.551+0800: 725.532: Total time for which application threads were stopped: 0.0000894 seconds, Stopping threads took: 0.0000276 seconds
2016-10-24T03:59:11.552+0800: 725.532: Total time for which application threads were stopped: 0.0001016 seconds, Stopping threads took: 0.0000562 seconds
2016-10-24T03:59:11.557+0800: 725.537: Total time for which application threads were stopped: 0.0000886 seconds, Stopping threads took: 0.0000300 seconds
2016-10-24T03:59:11.557+0800: 725.537: Total time for which application threads were stopped: 0.0000732 seconds, Stopping threads took: 0.0000086 seconds
2016-10-24T03:59:12.557+0800: 726.537: Total time for which application threads were stopped: 0.0001284 seconds, Stopping threads took: 0.0000321 seconds
2016-10-24T03:59:14.560+0800: 728.541: Total time for which application threads were stopped: 0.0001378 seconds, Stopping threads took: 0.0000474 seconds
2016-10-24T03:59:30.598+0800: 744.578: Total time for which application threads were stopped: 0.0002417 seconds, Stopping threads took: 0.0000527 seconds
2016-10-24T03:59:31.598+0800: 745.579: Total time for which application threads were stopped: 0.0001249 seconds, Stopping threads took: 0.0000319 seconds
2016-10-24T04:00:11.556+0800: 785.538: Total time for which application threads were stopped: 0.0001568 seconds, Stopping threads took: 0.0000284 seconds
2016-10-24T04:00:12.557+0800: 786.539: Total time for which application threads were stopped: 0.0001437 seconds, Stopping threads took: 0.0000388 seconds
2016-10-24T04:00:54.652+0800: 828.635: Total time for which application threads were stopped: 0.0002262 seconds, Stopping threads took: 0.0000535 seconds
{Heap before GC invocations=6 (full 1):
 par new generation   total 109248K, used 108995K [0x00000007a0000000, 0x00000007a8000000, 0x00000007a8000000)
  eden space 87424K, 100% used [0x00000007a0000000, 0x00000007a5560000, 0x00000007a5560000)
  from space 21824K,  98% used [0x00000007a5560000, 0x00000007a6a70c78, 0x00000007a6ab0000)
  to   space 21824K,   0% used [0x00000007a6ab0000, 0x00000007a6ab0000, 0x00000007a8000000)
 concurrent mark-sweep generation total 393216K, used 0K [0x00000007a8000000, 0x00000007c0000000, 0x00000007c0000000)
 Metaspace       used 33728K, capacity 34278K, committed 34684K, reserved 1079296K
  class space    used 3975K, capacity 4142K, committed 4220K, reserved 1048576K
2016-10-24T04:00:58.911+0800: 832.894: [GC (Allocation Failure) 2016-10-24T04:00:58.911+0800: 832.894: [ParNew
Desired survivor size 20112992 bytes, new threshold 8 (max 8)
- age   1:    1633400 bytes,    1633400 total
- age   2:    7986328 bytes,    9619728 total
- age   3:    1113224 bytes,   10732952 total
- age   4:     314976 bytes,   11047928 total
- age   5:        296 bytes,   11048224 total
- age   6:     694912 bytes,   11743136 total
: 108995K->21824K(109248K), 0.0380197 secs] 108995K->27700K(502464K), 0.0380781 secs] [Times: user=0.10 sys=0.02, real=0.03 secs] 
Heap after GC invocations=7 (full 1):
 par new generation   total 109248K, used 21824K [0x00000007a0000000, 0x00000007a8000000, 0x00000007a8000000)
  eden space 87424K,   0% used [0x00000007a0000000, 0x00000007a0000000, 0x00000007a5560000)
  from space 21824K, 100% used [0x00000007a6ab0000, 0x00000007a8000000, 0x00000007a8000000)
  to   space 21824K,   0% used [0x00000007a5560000, 0x00000007a5560000, 0x00000007a6ab0000)
 concurrent mark-sweep generation total 393216K, used 5876K [0x00000007a8000000, 0x00000007c0000000, 0x00000007c0000000)
 Metaspace       used 33728K, capacity 34278K, committed 34684K, reserved 1079296K
  class space    used 3975K, capacity 4142K, committed 4220K, reserved 1048576K
}
2016-10-24T04:00:58.949+0800: 832.933: Total time for which application threads were stopped: 0.0382851 seconds, Stopping threads took: 0.0000332 seconds
2016-10-24T04:00:59.951+0800: 833.934: Total time for which application threads were stopped: 0.0002330 seconds, Stopping threads took: 0.0000545 seconds
2016-10-24T04:01:40.074+0800: 874.058: Total time for which application threads were stopped: 0.0001742 seconds, Stopping threads took: 0.0000689 seconds
2016-10-24T04:01:41.075+0800: 875.059: Total time for which application threads were stopped: 0.0001322 seconds, Stopping threads took: 0.0000553 seconds
2016-10-24T04:01:42.077+0800: 876.062: Total time for which application threads were stopped: 0.0001457 seconds, Stopping threads took: 0.0000688 seconds
2016-10-24T04:01:45.387+0800: 879.372: Total time for which application threads were stopped: 0.0001024 seconds, Stopping threads took: 0.0000171 seconds
2016-10-24T04:01:45.388+0800: 879.373: Total time for which application threads were stopped: 0.0000638 seconds, Stopping threads took: 0.0000121 seconds
2016-10-24T04:01:46.393+0800: 880.378: Total time for which application threads were stopped: 0.0002211 seconds, Stopping threads took: 0.0000527 seconds
2016-10-24T04:03:11.188+0800: 965.175: Total time for which application threads were stopped: 0.0001489 seconds, Stopping threads took: 0.0000433 seconds
2016-10-24T04:03:11.198+0800: 965.185: Total time for which application threads were stopped: 0.0000923 seconds, Stopping threads took: 0.0000269 seconds
2016-10-24T04:03:11.198+0800: 965.185: Total time for which application threads were stopped: 0.0000661 seconds, Stopping threads took: 0.0000211 seconds
2016-10-24T04:03:11.204+0800: 965.191: Total time for which application threads were stopped: 0.0001127 seconds, Stopping threads took: 0.0000284 seconds
2016-10-24T04:03:11.204+0800: 965.191: Total time for which application threads were stopped: 0.0000942 seconds, Stopping threads took: 0.0000228 seconds
2016-10-24T04:03:12.207+0800: 966.194: Total time for which application threads were stopped: 0.0002087 seconds, Stopping threads took: 0.0000564 seconds
2016-10-24T04:03:14.215+0800: 968.201: Total time for which application threads were stopped: 0.0000888 seconds, Stopping threads took: 0.0000212 seconds
2016-10-24T04:03:15.390+0800: 969.377: Total time for which application threads were stopped: 0.0001287 seconds, Stopping threads took: 0.0000432 seconds
2016-10-24T04:03:15.390+0800: 969.377: Total time for which application threads were stopped: 0.0000993 seconds, Stopping threads took: 0.0000504 seconds
2016-10-24T04:03:15.390+0800: 969.377: Total time for which application threads were stopped: 0.0000894 seconds, Stopping threads took: 0.0000473 seconds
2016-10-24T04:03:15.390+0800: 969.377: Total time for which application threads were stopped: 0.0001797 seconds, Stopping threads took: 0.0001079 seconds
2016-10-24T04:03:15.391+0800: 969.377: Total time for which application threads were stopped: 0.0000822 seconds, Stopping threads took: 0.0000240 seconds
2016-10-24T04:03:15.391+0800: 969.378: Total time for which application threads were stopped: 0.0000889 seconds, Stopping threads took: 0.0000313 seconds
2016-10-24T04:03:15.391+0800: 969.378: Total time for which application threads were stopped: 0.0000897 seconds, Stopping threads took: 0.0000339 seconds
2016-10-24T04:03:15.391+0800: 969.378: Total time for which application threads were stopped: 0.0000804 seconds, Stopping threads took: 0.0000246 seconds
2016-10-24T04:03:15.392+0800: 969.379: Total time for which application threads were stopped: 0.0000696 seconds, Stopping threads took: 0.0000230 seconds
2016-10-24T04:03:15.392+0800: 969.379: Total time for which application threads were stopped: 0.0001447 seconds, Stopping threads took: 0.0000790 seconds
2016-10-24T04:03:15.392+0800: 969.379: Total time for which application threads were stopped: 0.0001113 seconds, Stopping threads took: 0.0000529 seconds
2016-10-24T04:03:15.392+0800: 969.379: Total time for which application threads were stopped: 0.0000893 seconds, Stopping threads took: 0.0000351 seconds
2016-10-24T04:03:15.392+0800: 969.379: Total time for which application threads were stopped: 0.0000756 seconds, Stopping threads took: 0.0000283 seconds
2016-10-24T04:03:15.393+0800: 969.380: Total time for which application threads were stopped: 0.0000920 seconds, Stopping threads took: 0.0000293 seconds
2016-10-24T04:03:15.393+0800: 969.380: Total time for which application threads were stopped: 0.0001049 seconds, Stopping threads took: 0.0000493 seconds
2016-10-24T04:03:15.398+0800: 969.385: Total time for which application threads were stopped: 0.0000988 seconds, Stopping threads took: 0.0000328 seconds
2016-10-24T04:03:15.398+0800: 969.385: Total time for which application threads were stopped: 0.0000652 seconds, Stopping threads took: 0.0000229 seconds
2016-10-24T04:03:15.403+0800: 969.390: Total time for which application threads were stopped: 0.0000828 seconds, Stopping threads took: 0.0000248 seconds
2016-10-24T04:03:15.404+0800: 969.390: Total time for which application threads were stopped: 0.0000630 seconds, Stopping threads took: 0.0000175 seconds
2016-10-24T04:03:16.407+0800: 970.394: Total time for which application threads were stopped: 0.0001873 seconds, Stopping threads took: 0.0000387 seconds
2016-10-24T04:03:27.449+0800: 981.436: Total time for which application threads were stopped: 0.0002556 seconds, Stopping threads took: 0.0000527 seconds
2016-10-24T04:03:59.542+0800: 1013.530: Total time for which application threads were stopped: 0.0002492 seconds, Stopping threads took: 0.0000601 seconds
2016-10-24T04:04:01.546+0800: 1015.534: Total time for which application threads were stopped: 0.0000833 seconds, Stopping threads took: 0.0000205 seconds
2016-10-24T04:04:15.407+0800: 1029.396: Total time for which application threads were stopped: 0.0001282 seconds, Stopping threads took: 0.0000282 seconds
2016-10-24T04:04:16.411+0800: 1030.399: Total time for which application threads were stopped: 0.0001087 seconds, Stopping threads took: 0.0000253 seconds
2016-10-24T04:04:18.419+0800: 1032.408: Total time for which application threads were stopped: 0.0001467 seconds, Stopping threads took: 0.0000374 seconds
2016-10-24T04:04:28.445+0800: 1042.434: Total time for which application threads were stopped: 0.0001729 seconds, Stopping threads took: 0.0000560 seconds
2016-10-24T04:04:29.445+0800: 1043.434: Total time for which application threads were stopped: 0.0000979 seconds, Stopping threads took: 0.0000252 seconds
2016-10-24T04:05:05.503+0800: 1079.493: Total time for which application threads were stopped: 0.0000960 seconds, Stopping threads took: 0.0000209 seconds
2016-10-24T04:05:06.503+0800: 1080.493: Total time for which application threads were stopped: 0.0001373 seconds, Stopping threads took: 0.0000316 seconds
2016-10-24T04:05:19.519+0800: 1093.509: Total time for which application threads were stopped: 0.0002475 seconds, Stopping threads took: 0.0000248 seconds
2016-10-24T04:05:21.525+0800: 1095.515: Total time for which application threads were stopped: 0.0000857 seconds, Stopping threads took: 0.0000214 seconds
2016-10-24T04:05:33.548+0800: 1107.539: Total time for which application threads were stopped: 0.0002396 seconds, Stopping threads took: 0.0000845 seconds
2016-10-24T04:05:46.578+0800: 1120.569: Total time for which application threads were stopped: 0.0001727 seconds, Stopping threads took: 0.0000281 seconds
2016-10-24T04:05:48.580+0800: 1122.571: Total time for which application threads were stopped: 0.0001271 seconds, Stopping threads took: 0.0000315 seconds
{Heap before GC invocations=7 (full 1):
 par new generation   total 109248K, used 109248K [0x00000007a0000000, 0x00000007a8000000, 0x00000007a8000000)
  eden space 87424K, 100% used [0x00000007a0000000, 0x00000007a5560000, 0x00000007a5560000)
  from space 21824K, 100% used [0x00000007a6ab0000, 0x00000007a8000000, 0x00000007a8000000)
  to   space 21824K,   0% used [0x00000007a5560000, 0x00000007a5560000, 0x00000007a6ab0000)
 concurrent mark-sweep generation total 393216K, used 5876K [0x00000007a8000000, 0x00000007c0000000, 0x00000007c0000000)
 Metaspace       used 34217K, capacity 34804K, committed 35196K, reserved 1081344K
  class space    used 4013K, capacity 4191K, committed 4220K, reserved 1048576K
2016-10-24T04:06:00.715+0800: 1134.707: [GC (Allocation Failure) 2016-10-24T04:06:00.715+0800: 1134.707: [ParNew
Desired survivor size 20112992 bytes, new threshold 8 (max 8)
- age   1:     874920 bytes,     874920 total
- age   2:     533904 bytes,    1408824 total
- age   3:    7843264 bytes,    9252088 total
- age   4:    1044256 bytes,   10296344 total
- age   5:     239512 bytes,   10535856 total
- age   6:        296 bytes,   10536152 total
- age   7:     658424 bytes,   11194576 total
: 109248K->15479K(109248K), 0.0096811 secs] 115124K->21356K(502464K), 0.0097673 secs] [Times: user=0.04 sys=0.00, real=0.01 secs] 
Heap after GC invocations=8 (full 1):
 par new generation   total 109248K, used 15479K [0x00000007a0000000, 0x00000007a8000000, 0x00000007a8000000)
  eden space 87424K,   0% used [0x00000007a0000000, 0x00000007a0000000, 0x00000007a5560000)
  from space 21824K,  70% used [0x00000007a5560000, 0x00000007a647ddb0, 0x00000007a6ab0000)
  to   space 21824K,   0% used [0x00000007a6ab0000, 0x00000007a6ab0000, 0x00000007a8000000)
 concurrent mark-sweep generation total 393216K, used 5876K [0x00000007a8000000, 0x00000007c0000000, 0x00000007c0000000)
 Metaspace       used 34217K, capacity 34804K, committed 35196K, reserved 1081344K
  class space    used 4013K, capacity 4191K, committed 4220K, reserved 1048576K
}
2016-10-24T04:06:00.725+0800: 1134.717: Total time for which application threads were stopped: 0.0100508 seconds, Stopping threads took: 0.0000609 seconds
2016-10-24T04:06:01.727+0800: 1135.719: Total time for which application threads were stopped: 0.0000993 seconds, Stopping threads took: 0.0000232 seconds
2016-10-24T04:06:02.728+0800: 1136.719: Total time for which application threads were stopped: 0.0000935 seconds, Stopping threads took: 0.0000196 seconds
2016-10-24T04:06:16.764+0800: 1150.756: Total time for which application threads were stopped: 0.0001154 seconds, Stopping threads took: 0.0000221 seconds
2016-10-24T04:06:50.860+0800: 1184.853: Total time for which application threads were stopped: 0.0001654 seconds, Stopping threads took: 0.0000952 seconds
2016-10-24T04:06:56.497+0800: 1190.490: Total time for which application threads were stopped: 0.0001550 seconds, Stopping threads took: 0.0000411 seconds
2016-10-24T04:06:56.497+0800: 1190.490: Total time for which application threads were stopped: 0.0001119 seconds, Stopping threads took: 0.0000233 seconds
2016-10-24T04:06:57.499+0800: 1191.492: Total time for which application threads were stopped: 0.0001510 seconds, Stopping threads took: 0.0000358 seconds
2016-10-24T04:06:58.503+0800: 1192.496: Total time for which application threads were stopped: 0.0002414 seconds, Stopping threads took: 0.0000527 seconds
2016-10-24T04:07:30.779+0800: 1224.772: Total time for which application threads were stopped: 0.0002473 seconds, Stopping threads took: 0.0000212 seconds
2016-10-24T04:07:31.783+0800: 1225.777: Total time for which application threads were stopped: 0.0001730 seconds, Stopping threads took: 0.0000783 seconds
2016-10-24T04:07:35.041+0800: 1229.035: Total time for which application threads were stopped: 0.0001036 seconds, Stopping threads took: 0.0000194 seconds
2016-10-24T04:08:10.501+0800: 1264.495: Total time for which application threads were stopped: 0.0005259 seconds, Stopping threads took: 0.0000331 seconds
2016-10-24T04:08:10.502+0800: 1264.497: Total time for which application threads were stopped: 0.0002749 seconds, Stopping threads took: 0.0000083 seconds
2016-10-24T04:08:10.503+0800: 1264.498: Total time for which application threads were stopped: 0.0003712 seconds, Stopping threads took: 0.0000093 seconds
2016-10-24T04:08:10.593+0800: 1264.588: Total time for which application threads were stopped: 0.0001741 seconds, Stopping threads took: 0.0000357 seconds
2016-10-24T04:08:10.848+0800: 1264.843: Total time for which application threads were stopped: 0.0001666 seconds, Stopping threads took: 0.0000204 seconds
{Heap before GC invocations=8 (full 1):
 par new generation   total 109248K, used 102903K [0x00000007a0000000, 0x00000007a8000000, 0x00000007a8000000)
  eden space 87424K, 100% used [0x00000007a0000000, 0x00000007a5560000, 0x00000007a5560000)
  from space 21824K,  70% used [0x00000007a5560000, 0x00000007a647ddb0, 0x00000007a6ab0000)
  to   space 21824K,   0% used [0x00000007a6ab0000, 0x00000007a6ab0000, 0x00000007a8000000)
 concurrent mark-sweep generation total 393216K, used 5876K [0x00000007a8000000, 0x00000007c0000000, 0x00000007c0000000)
 Metaspace       used 34932K, capacity 35542K, committed 35836K, reserved 1081344K
  class space    used 4042K, capacity 4224K, committed 4348K, reserved 1048576K
2016-10-24T04:08:11.011+0800: 1265.006: [GC (Allocation Failure) 2016-10-24T04:08:11.011+0800: 1265.006: [ParNew
Desired survivor size 20112992 bytes, new threshold 8 (max 8)
- age   1:    7206376 bytes,    7206376 total
- age   2:     336056 bytes,    7542432 total
- age   3:     531064 bytes,    8073496 total
- age   4:   10069616 bytes,   18143112 total
- age   5:    1043928 bytes,   19187040 total
- age   6:     239288 bytes,   19426328 total
- age   7:        296 bytes,   19426624 total
- age   8:     658312 bytes,   20084936 total
: 102903K->21824K(109248K), 0.0091909 secs] 108780K->27710K(502464K), 0.0092523 secs] [Times: user=0.04 sys=0.00, real=0.01 secs] 
Heap after GC invocations=9 (full 1):
 par new generation   total 109248K, used 21824K [0x00000007a0000000, 0x00000007a8000000, 0x00000007a8000000)
  eden space 87424K,   0% used [0x00000007a0000000, 0x00000007a0000000, 0x00000007a5560000)
  from space 21824K, 100% used [0x00000007a6ab0000, 0x00000007a8000000, 0x00000007a8000000)
  to   space 21824K,   0% used [0x00000007a5560000, 0x00000007a5560000, 0x00000007a6ab0000)
 concurrent mark-sweep generation total 393216K, used 5886K [0x00000007a8000000, 0x00000007c0000000, 0x00000007c0000000)
 Metaspace       used 34932K, capacity 35542K, committed 35836K, reserved 1081344K
  class space    used 4042K, capacity 4224K, committed 4348K, reserved 1048576K
}
2016-10-24T04:08:11.021+0800: 1265.015: Total time for which application threads were stopped: 0.0094225 seconds, Stopping threads took: 0.0000157 seconds
{Heap before GC invocations=9 (full 1):
 par new generation   total 109248K, used 109248K [0x00000007a0000000, 0x00000007a8000000, 0x00000007a8000000)
  eden space 87424K, 100% used [0x00000007a0000000, 0x00000007a5560000, 0x00000007a5560000)
  from space 21824K, 100% used [0x00000007a6ab0000, 0x00000007a8000000, 0x00000007a8000000)
  to   space 21824K,   0% used [0x00000007a5560000, 0x00000007a5560000, 0x00000007a6ab0000)
 concurrent mark-sweep generation total 393216K, used 5886K [0x00000007a8000000, 0x00000007c0000000, 0x00000007c0000000)
 Metaspace       used 34935K, capacity 35542K, committed 35836K, reserved 1081344K
  class space    used 4042K, capacity 4224K, committed 4348K, reserved 1048576K
2016-10-24T04:08:11.343+0800: 1265.338: [GC (Allocation Failure) 2016-10-24T04:08:11.343+0800: 1265.338: [ParNew
Desired survivor size 20112992 bytes, new threshold 5 (max 8)
- age   1:    7060736 bytes,    7060736 total
- age   2:    4342944 bytes,   11403680 total
- age   3:     335240 bytes,   11738920 total
- age   4:     531064 bytes,   12269984 total
- age   5:   10069616 bytes,   22339600 total
- age   6:    1043928 bytes,   23383528 total
- age   7:     239288 bytes,   23622816 total
- age   8:        296 bytes,   23623112 total
: 109248K->21824K(109248K), 0.0114754 secs] 115134K->30583K(502464K), 0.0115452 secs] [Times: user=0.03 sys=0.00, real=0.01 secs] 
Heap after GC invocations=10 (full 1):
 par new generation   total 109248K, used 21824K [0x00000007a0000000, 0x00000007a8000000, 0x00000007a8000000)
  eden space 87424K,   0% used [0x00000007a0000000, 0x00000007a0000000, 0x00000007a5560000)
  from space 21824K, 100% used [0x00000007a5560000, 0x00000007a6ab0000, 0x00000007a6ab0000)
  to   space 21824K,   0% used [0x00000007a6ab0000, 0x00000007a6ab0000, 0x00000007a8000000)
 concurrent mark-sweep generation total 393216K, used 8759K [0x00000007a8000000, 0x00000007c0000000, 0x00000007c0000000)
 Metaspace       used 34935K, capacity 35542K, committed 35836K, reserved 1081344K
  class space    used 4042K, capacity 4224K, committed 4348K, reserved 1048576K
}
2016-10-24T04:08:11.355+0800: 1265.349: Total time for which application threads were stopped: 0.0117592 seconds, Stopping threads took: 0.0000305 seconds
{Heap before GC invocations=10 (full 1):
 par new generation   total 109248K, used 109248K [0x00000007a0000000, 0x00000007a8000000, 0x00000007a8000000)
  eden space 87424K, 100% used [0x00000007a0000000, 0x00000007a5560000, 0x00000007a5560000)
  from space 21824K, 100% used [0x00000007a5560000, 0x00000007a6ab0000, 0x00000007a6ab0000)
  to   space 21824K,   0% used [0x00000007a6ab0000, 0x00000007a6ab0000, 0x00000007a8000000)
 concurrent mark-sweep generation total 393216K, used 8759K [0x00000007a8000000, 0x00000007c0000000, 0x00000007c0000000)
 Metaspace       used 34942K, capacity 35542K, committed 35836K, reserved 1081344K
  class space    used 4043K, capacity 4224K, committed 4348K, reserved 1048576K
2016-10-24T04:08:11.723+0800: 1265.718: [GC (Allocation Failure) 2016-10-24T04:08:11.723+0800: 1265.718: [ParNew
Desired survivor size 20112992 bytes, new threshold 8 (max 8)
- age   1:    7381720 bytes,    7381720 total
- age   2:    4053136 bytes,   11434856 total
- age   3:    3924768 bytes,   15359624 total
- age   4:     335208 bytes,   15694832 total
- age   5:     531064 bytes,   16225896 total
: 109248K->21824K(109248K), 0.0227147 secs] 118007K->45123K(502464K), 0.0227856 secs] [Times: user=0.11 sys=0.01, real=0.02 secs] 
Heap after GC invocations=11 (full 1):
 par new generation   total 109248K, used 21824K [0x00000007a0000000, 0x00000007a8000000, 0x00000007a8000000)
  eden space 87424K,   0% used [0x00000007a0000000, 0x00000007a0000000, 0x00000007a5560000)
  from space 21824K, 100% used [0x00000007a6ab0000, 0x00000007a8000000, 0x00000007a8000000)
  to   space 21824K,   0% used [0x00000007a5560000, 0x00000007a5560000, 0x00000007a6ab0000)
 concurrent mark-sweep generation total 393216K, used 23299K [0x00000007a8000000, 0x00000007c0000000, 0x00000007c0000000)
 Metaspace       used 34942K, capacity 35542K, committed 35836K, reserved 1081344K
  class space    used 4043K, capacity 4224K, committed 4348K, reserved 1048576K
}
2016-10-24T04:08:11.746+0800: 1265.741: Total time for which application threads were stopped: 0.0229849 seconds, Stopping threads took: 0.0000191 seconds
{Heap before GC invocations=11 (full 1):
 par new generation   total 109248K, used 109234K [0x00000007a0000000, 0x00000007a8000000, 0x00000007a8000000)
  eden space 87424K,  99% used [0x00000007a0000000, 0x00000007a555c938, 0x00000007a5560000)
  from space 21824K, 100% used [0x00000007a6ab0000, 0x00000007a8000000, 0x00000007a8000000)
  to   space 21824K,   0% used [0x00000007a5560000, 0x00000007a5560000, 0x00000007a6ab0000)
 concurrent mark-sweep generation total 393216K, used 23299K [0x00000007a8000000, 0x00000007c0000000, 0x00000007c0000000)
 Metaspace       used 34943K, capacity 35542K, committed 35836K, reserved 1081344K
  class space    used 4043K, capacity 4224K, committed 4348K, reserved 1048576K
2016-10-24T04:08:12.092+0800: 1266.087: [GC (Allocation Failure) 2016-10-24T04:08:12.092+0800: 1266.087: [ParNew
Desired survivor size 20112992 bytes, new threshold 6 (max 8)
- age   1:    8892440 bytes,    8892440 total
- age   2:    3515984 bytes,   12408424 total
- age   3:    3595992 bytes,   16004416 total
- age   4:    3740536 bytes,   19744952 total
- age   5:     335208 bytes,   20080160 total
- age   6:     531064 bytes,   20611224 total
: 109234K->21824K(109248K), 0.0114291 secs] 132533K->49405K(502464K), 0.0114753 secs] [Times: user=0.04 sys=0.00, real=0.01 secs] 
Heap after GC invocations=12 (full 1):
 par new generation   total 109248K, used 21824K [0x00000007a0000000, 0x00000007a8000000, 0x00000007a8000000)
  eden space 87424K,   0% used [0x00000007a0000000, 0x00000007a0000000, 0x00000007a5560000)
  from space 21824K, 100% used [0x00000007a5560000, 0x00000007a6ab0000, 0x00000007a6ab0000)
  to   space 21824K,   0% used [0x00000007a6ab0000, 0x00000007a6ab0000, 0x00000007a8000000)
 concurrent mark-sweep generation total 393216K, used 27581K [0x00000007a8000000, 0x00000007c0000000, 0x00000007c0000000)
 Metaspace       used 34943K, capacity 35542K, committed 35836K, reserved 1081344K
  class space    used 4043K, capacity 4224K, committed 4348K, reserved 1048576K
}
2016-10-24T04:08:12.104+0800: 1266.098: Total time for which application threads were stopped: 0.0116446 seconds, Stopping threads took: 0.0000192 seconds
{Heap before GC invocations=12 (full 1):
 par new generation   total 109248K, used 109248K [0x00000007a0000000, 0x00000007a8000000, 0x00000007a8000000)
  eden space 87424K, 100% used [0x00000007a0000000, 0x00000007a5560000, 0x00000007a5560000)
  from space 21824K, 100% used [0x00000007a5560000, 0x00000007a6ab0000, 0x00000007a6ab0000)
  to   space 21824K,   0% used [0x00000007a6ab0000, 0x00000007a6ab0000, 0x00000007a8000000)
 concurrent mark-sweep generation total 393216K, used 27581K [0x00000007a8000000, 0x00000007c0000000, 0x00000007c0000000)
 Metaspace       used 34947K, capacity 35542K, committed 35836K, reserved 1081344K
  class space    used 4043K, capacity 4224K, committed 4348K, reserved 1048576K
2016-10-24T04:08:12.421+0800: 1266.416: [GC (Allocation Failure) 2016-10-24T04:08:12.421+0800: 1266.416: [ParNew
Desired survivor size 20112992 bytes, new threshold 6 (max 8)
- age   1:    5702776 bytes,    5702776 total
- age   2:    4023160 bytes,    9725936 total
- age   3:    3460216 bytes,   13186152 total
- age   4:    3543064 bytes,   16729216 total
- age   5:    3278544 bytes,   20007760 total
- age   6:     211632 bytes,   20219392 total
: 109248K->21824K(109248K), 0.0175822 secs] 136829K->57919K(502464K), 0.0176402 secs] [Times: user=0.06 sys=0.00, real=0.01 secs] 
Heap after GC invocations=13 (full 1):
 par new generation   total 109248K, used 21824K [0x00000007a0000000, 0x00000007a8000000, 0x00000007a8000000)
  eden space 87424K,   0% used [0x00000007a0000000, 0x00000007a0000000, 0x00000007a5560000)
  from space 21824K, 100% used [0x00000007a6ab0000, 0x00000007a8000000, 0x00000007a8000000)
  to   space 21824K,   0% used [0x00000007a5560000, 0x00000007a5560000, 0x00000007a6ab0000)
 concurrent mark-sweep generation total 393216K, used 36095K [0x00000007a8000000, 0x00000007c0000000, 0x00000007c0000000)
 Metaspace       used 34947K, capacity 35542K, committed 35836K, reserved 1081344K
  class space    used 4043K, capacity 4224K, committed 4348K, reserved 1048576K
}
2016-10-24T04:08:12.439+0800: 1266.434: Total time for which application threads were stopped: 0.0178359 seconds, Stopping threads took: 0.0000197 seconds
{Heap before GC invocations=13 (full 1):
 par new generation   total 109248K, used 109248K [0x00000007a0000000, 0x00000007a8000000, 0x00000007a8000000)
  eden space 87424K, 100% used [0x00000007a0000000, 0x00000007a5560000, 0x00000007a5560000)
  from space 21824K, 100% used [0x00000007a6ab0000, 0x00000007a8000000, 0x00000007a8000000)
  to   space 21824K,   0% used [0x00000007a5560000, 0x00000007a5560000, 0x00000007a6ab0000)
 concurrent mark-sweep generation total 393216K, used 36095K [0x00000007a8000000, 0x00000007c0000000, 0x00000007c0000000)
 Metaspace       used 34951K, capacity 35542K, committed 35836K, reserved 1081344K
  class space    used 4043K, capacity 4224K, committed 4348K, reserved 1048576K
2016-10-24T04:08:12.765+0800: 1266.760: [GC (Allocation Failure) 2016-10-24T04:08:12.765+0800: 1266.760: [ParNew
Desired survivor size 20112992 bytes, new threshold 6 (max 8)
- age   1:    8537216 bytes,    8537216 total
- age   2:    2700824 bytes,   11238040 total
- age   3:    2310768 bytes,   13548808 total
- age   4:    2472272 bytes,   16021080 total
- age   5:    2587664 bytes,   18608744 total
- age   6:    2480848 bytes,   21089592 total
: 109248K->21824K(109248K), 0.0165650 secs] 145343K->73400K(502464K), 0.0166282 secs] [Times: user=0.05 sys=0.00, real=0.02 secs] 
Heap after GC invocations=14 (full 1):
 par new generation   total 109248K, used 21824K [0x00000007a0000000, 0x00000007a8000000, 0x00000007a8000000)
  eden space 87424K,   0% used [0x00000007a0000000, 0x00000007a0000000, 0x00000007a5560000)
  from space 21824K, 100% used [0x00000007a5560000, 0x00000007a6ab0000, 0x00000007a6ab0000)
  to   space 21824K,   0% used [0x00000007a6ab0000, 0x00000007a6ab0000, 0x00000007a8000000)
 concurrent mark-sweep generation total 393216K, used 51576K [0x00000007a8000000, 0x00000007c0000000, 0x00000007c0000000)
 Metaspace       used 34951K, capacity 35542K, committed 35836K, reserved 1081344K
  class space    used 4043K, capacity 4224K, committed 4348K, reserved 1048576K
}
2016-10-24T04:08:12.782+0800: 1266.777: Total time for which application threads were stopped: 0.0168669 seconds, Stopping threads took: 0.0000306 seconds
{Heap before GC invocations=14 (full 1):
 par new generation   total 109248K, used 109248K [0x00000007a0000000, 0x00000007a8000000, 0x00000007a8000000)
  eden space 87424K, 100% used [0x00000007a0000000, 0x00000007a5560000, 0x00000007a5560000)
  from space 21824K, 100% used [0x00000007a5560000, 0x00000007a6ab0000, 0x00000007a6ab0000)
  to   space 21824K,   0% used [0x00000007a6ab0000, 0x00000007a6ab0000, 0x00000007a8000000)
 concurrent mark-sweep generation total 393216K, used 51576K [0x00000007a8000000, 0x00000007c0000000, 0x00000007c0000000)
 Metaspace       used 34952K, capacity 35542K, committed 35836K, reserved 1081344K
  class space    used 4043K, capacity 4224K, committed 4348K, reserved 1048576K
2016-10-24T04:08:13.070+0800: 1267.065: [GC (Allocation Failure) 2016-10-24T04:08:13.070+0800: 1267.065: [ParNew
Desired survivor size 20112992 bytes, new threshold 6 (max 8)
- age   1:    9198048 bytes,    9198048 total
- age   2:    3549592 bytes,   12747640 total
- age   3:    2507536 bytes,   15255176 total
- age   4:    2123432 bytes,   17378608 total
- age   5:    2316440 bytes,   19695048 total
- age   6:    2441072 bytes,   22136120 total
: 109248K->21824K(109248K), 0.0132961 secs] 160824K->82779K(502464K), 0.0133693 secs] [Times: user=0.04 sys=0.00, real=0.01 secs] 
Heap after GC invocations=15 (full 1):
 par new generation   total 109248K, used 21824K [0x00000007a0000000, 0x00000007a8000000, 0x00000007a8000000)
  eden space 87424K,   0% used [0x00000007a0000000, 0x00000007a0000000, 0x00000007a5560000)
  from space 21824K, 100% used [0x00000007a6ab0000, 0x00000007a8000000, 0x00000007a8000000)
  to   space 21824K,   0% used [0x00000007a5560000, 0x00000007a5560000, 0x00000007a6ab0000)
 concurrent mark-sweep generation total 393216K, used 60955K [0x00000007a8000000, 0x00000007c0000000, 0x00000007c0000000)
 Metaspace       used 34952K, capacity 35542K, committed 35836K, reserved 1081344K
  class space    used 4043K, capacity 4224K, committed 4348K, reserved 1048576K
}
2016-10-24T04:08:13.083+0800: 1267.078: Total time for which application threads were stopped: 0.0135464 seconds, Stopping threads took: 0.0000225 seconds
{Heap before GC invocations=15 (full 1):
 par new generation   total 109248K, used 109248K [0x00000007a0000000, 0x00000007a8000000, 0x00000007a8000000)
  eden space 87424K, 100% used [0x00000007a0000000, 0x00000007a5560000, 0x00000007a5560000)
  from space 21824K, 100% used [0x00000007a6ab0000, 0x00000007a8000000, 0x00000007a8000000)
  to   space 21824K,   0% used [0x00000007a5560000, 0x00000007a5560000, 0x00000007a6ab0000)
 concurrent mark-sweep generation total 393216K, used 60955K [0x00000007a8000000, 0x00000007c0000000, 0x00000007c0000000)
 Metaspace       used 34952K, capacity 35542K, committed 35836K, reserved 1081344K
  class space    used 4043K, capacity 4224K, committed 4348K, reserved 1048576K
2016-10-24T04:08:13.421+0800: 1267.416: [GC (Allocation Failure) 2016-10-24T04:08:13.422+0800: 1267.416: [ParNew
Desired survivor size 20112992 bytes, new threshold 6 (max 8)
- age   1:    9216496 bytes,    9216496 total
- age   2:    2255680 bytes,   11472176 total
- age   3:    2944088 bytes,   14416264 total
- age   4:    2424480 bytes,   16840744 total
- age   5:    2049400 bytes,   18890144 total
- age   6:    2257808 bytes,   21147952 total
: 109248K->21824K(109248K), 0.0165582 secs] 170203K->94992K(502464K), 0.0166453 secs] [Times: user=0.05 sys=0.01, real=0.01 secs] 
Heap after GC invocations=16 (full 1):
 par new generation   total 109248K, used 21824K [0x00000007a0000000, 0x00000007a8000000, 0x00000007a8000000)
  eden space 87424K,   0% used [0x00000007a0000000, 0x00000007a0000000, 0x00000007a5560000)
  from space 21824K, 100% used [0x00000007a5560000, 0x00000007a6ab0000, 0x00000007a6ab0000)
  to   space 21824K,   0% used [0x00000007a6ab0000, 0x00000007a6ab0000, 0x00000007a8000000)
 concurrent mark-sweep generation total 393216K, used 73168K [0x00000007a8000000, 0x00000007c0000000, 0x00000007c0000000)
 Metaspace       used 34952K, capacity 35542K, committed 35836K, reserved 1081344K
  class space    used 4043K, capacity 4224K, committed 4348K, reserved 1048576K
}
2016-10-24T04:08:13.438+0800: 1267.433: Total time for which application threads were stopped: 0.0169021 seconds, Stopping threads took: 0.0000455 seconds
{Heap before GC invocations=16 (full 1):
 par new generation   total 109248K, used 109248K [0x00000007a0000000, 0x00000007a8000000, 0x00000007a8000000)
  eden space 87424K, 100% used [0x00000007a0000000, 0x00000007a5560000, 0x00000007a5560000)
  from space 21824K, 100% used [0x00000007a5560000, 0x00000007a6ab0000, 0x00000007a6ab0000)
  to   space 21824K,   0% used [0x00000007a6ab0000, 0x00000007a6ab0000, 0x00000007a8000000)
 concurrent mark-sweep generation total 393216K, used 73168K [0x00000007a8000000, 0x00000007c0000000, 0x00000007c0000000)
 Metaspace       used 34955K, capacity 35542K, committed 35836K, reserved 1081344K
  class space    used 4043K, capacity 4224K, committed 4348K, reserved 1048576K
2016-10-24T04:08:13.755+0800: 1267.750: [GC (Allocation Failure) 2016-10-24T04:08:13.756+0800: 1267.750: [ParNew
Desired survivor size 20112992 bytes, new threshold 6 (max 8)
- age   1:    9202776 bytes,    9202776 total
- age   2:    2866672 bytes,   12069448 total
- age   3:    1878744 bytes,   13948192 total
- age   4:    2926200 bytes,   16874392 total
- age   5:    1870912 bytes,   18745304 total
- age   6:    2035704 bytes,   20781008 total
: 109248K->21824K(109248K), 0.0142953 secs] 182416K->108021K(502464K), 0.0143731 secs] [Times: user=0.05 sys=0.00, real=0.02 secs] 
Heap after GC invocations=17 (full 1):
 par new generation   total 109248K, used 21824K [0x00000007a0000000, 0x00000007a8000000, 0x00000007a8000000)
  eden space 87424K,   0% used [0x00000007a0000000, 0x00000007a0000000, 0x00000007a5560000)
  from space 21824K, 100% used [0x00000007a6ab0000, 0x00000007a8000000, 0x00000007a8000000)
  to   space 21824K,   0% used [0x00000007a5560000, 0x00000007a5560000, 0x00000007a6ab0000)
 concurrent mark-sweep generation total 393216K, used 86197K [0x00000007a8000000, 0x00000007c0000000, 0x00000007c0000000)
 Metaspace       used 34955K, capacity 35542K, committed 35836K, reserved 1081344K
  class space    used 4043K, capacity 4224K, committed 4348K, reserved 1048576K
}
2016-10-24T04:08:13.770+0800: 1267.765: Total time for which application threads were stopped: 0.0145693 seconds, Stopping threads took: 0.0000309 seconds
{Heap before GC invocations=17 (full 1):
 par new generation   total 109248K, used 109248K [0x00000007a0000000, 0x00000007a8000000, 0x00000007a8000000)
  eden space 87424K, 100% used [0x00000007a0000000, 0x00000007a5560000, 0x00000007a5560000)
  from space 21824K, 100% used [0x00000007a6ab0000, 0x00000007a8000000, 0x00000007a8000000)
  to   space 21824K,   0% used [0x00000007a5560000, 0x00000007a5560000, 0x00000007a6ab0000)
 concurrent mark-sweep generation total 393216K, used 86197K [0x00000007a8000000, 0x00000007c0000000, 0x00000007c0000000)
 Metaspace       used 34955K, capacity 35542K, committed 35836K, reserved 1081344K
  class space    used 4043K, capacity 4224K, committed 4348K, reserved 1048576K
2016-10-24T04:08:14.083+0800: 1268.077: [GC (Allocation Failure) 2016-10-24T04:08:14.083+0800: 1268.077: [ParNew
Desired survivor size 20112992 bytes, new threshold 6 (max 8)
- age   1:   12811808 bytes,   12811808 total
- age   2:    1827472 bytes,   14639280 total
- age   3:    1495624 bytes,   16134904 total
- age   4:    1002632 bytes,   17137536 total
- age   5:    2844312 bytes,   19981848 total
- age   6:    1822888 bytes,   21804736 total
: 109248K->21824K(109248K), 0.0137477 secs] 195445K->119871K(502464K), 0.0138126 secs] [Times: user=0.04 sys=0.01, real=0.01 secs] 
Heap after GC invocations=18 (full 1):
 par new generation   total 109248K, used 21824K [0x00000007a0000000, 0x00000007a8000000, 0x00000007a8000000)
  eden space 87424K,   0% used [0x00000007a0000000, 0x00000007a0000000, 0x00000007a5560000)
  from space 21824K, 100% used [0x00000007a5560000, 0x00000007a6ab0000, 0x00000007a6ab0000)
  to   space 21824K,   0% used [0x00000007a6ab0000, 0x00000007a6ab0000, 0x00000007a8000000)
 concurrent mark-sweep generation total 393216K, used 98047K [0x00000007a8000000, 0x00000007c0000000, 0x00000007c0000000)
 Metaspace       used 34955K, capacity 35542K, committed 35836K, reserved 1081344K
  class space    used 4043K, capacity 4224K, committed 4348K, reserved 1048576K
}
2016-10-24T04:08:14.096+0800: 1268.091: Total time for which application threads were stopped: 0.0139874 seconds, Stopping threads took: 0.0000301 seconds
{Heap before GC invocations=18 (full 1):
 par new generation   total 109248K, used 109248K [0x00000007a0000000, 0x00000007a8000000, 0x00000007a8000000)
  eden space 87424K, 100% used [0x00000007a0000000, 0x00000007a5560000, 0x00000007a5560000)
  from space 21824K, 100% used [0x00000007a5560000, 0x00000007a6ab0000, 0x00000007a6ab0000)
  to   space 21824K,   0% used [0x00000007a6ab0000, 0x00000007a6ab0000, 0x00000007a8000000)
 concurrent mark-sweep generation total 393216K, used 98047K [0x00000007a8000000, 0x00000007c0000000, 0x00000007c0000000)
 Metaspace       used 34955K, capacity 35542K, committed 35836K, reserved 1081344K
  class space    used 4043K, capacity 4224K, committed 4348K, reserved 1048576K
2016-10-24T04:08:14.457+0800: 1268.452: [GC (Allocation Failure) 2016-10-24T04:08:14.457+0800: 1268.452: [ParNew
Desired survivor size 20112992 bytes, new threshold 5 (max 8)
- age   1:   13980136 bytes,   13980136 total
- age   2:    2501456 bytes,   16481592 total
- age   3:    1646760 bytes,   18128352 total
- age   4:    1302528 bytes,   19430880 total
- age   5:     902488 bytes,   20333368 total
- age   6:     438376 bytes,   20771744 total
: 109248K->21824K(109248K), 0.0159816 secs] 207295K->137065K(502464K), 0.0160732 secs] [Times: user=0.05 sys=0.01, real=0.02 secs] 
Heap after GC invocations=19 (full 1):
 par new generation   total 109248K, used 21824K [0x00000007a0000000, 0x00000007a8000000, 0x00000007a8000000)
  eden space 87424K,   0% used [0x00000007a0000000, 0x00000007a0000000, 0x00000007a5560000)
  from space 21824K, 100% used [0x00000007a6ab0000, 0x00000007a8000000, 0x00000007a8000000)
  to   space 21824K,   0% used [0x00000007a5560000, 0x00000007a5560000, 0x00000007a6ab0000)
 concurrent mark-sweep generation total 393216K, used 115241K [0x00000007a8000000, 0x00000007c0000000, 0x00000007c0000000)
 Metaspace       used 34955K, capacity 35542K, committed 35836K, reserved 1081344K
  class space    used 4043K, capacity 4224K, committed 4348K, reserved 1048576K
}
2016-10-24T04:08:14.473+0800: 1268.468: Total time for which application threads were stopped: 0.0162669 seconds, Stopping threads took: 0.0000259 seconds
{Heap before GC invocations=19 (full 1):
 par new generation   total 109248K, used 109248K [0x00000007a0000000, 0x00000007a8000000, 0x00000007a8000000)
  eden space 87424K, 100% used [0x00000007a0000000, 0x00000007a5560000, 0x00000007a5560000)
  from space 21824K, 100% used [0x00000007a6ab0000, 0x00000007a8000000, 0x00000007a8000000)
  to   space 21824K,   0% used [0x00000007a5560000, 0x00000007a5560000, 0x00000007a6ab0000)
 concurrent mark-sweep generation total 393216K, used 115241K [0x00000007a8000000, 0x00000007c0000000, 0x00000007c0000000)
 Metaspace       used 34955K, capacity 35542K, committed 35836K, reserved 1081344K
  class space    used 4043K, capacity 4224K, committed 4348K, reserved 1048576K
2016-10-24T04:08:14.807+0800: 1268.802: [GC (Allocation Failure) 2016-10-24T04:08:14.807+0800: 1268.802: [ParNew
Desired survivor size 20112992 bytes, new threshold 4 (max 8)
- age   1:   10473896 bytes,   10473896 total
- age   2:    8278888 bytes,   18752784 total
- age   3:    1068560 bytes,   19821344 total
- age   4:    1403880 bytes,   21225224 total
- age   5:    1101872 bytes,   22327096 total
: 109248K->21824K(109248K), 0.0174614 secs] 224489K->145673K(502464K), 0.0175340 secs] [Times: user=0.06 sys=0.01, real=0.02 secs] 
Heap after GC invocations=20 (full 1):
 par new generation   total 109248K, used 21824K [0x00000007a0000000, 0x00000007a8000000, 0x00000007a8000000)
  eden space 87424K,   0% used [0x00000007a0000000, 0x00000007a0000000, 0x00000007a5560000)
  from space 21824K, 100% used [0x00000007a5560000, 0x00000007a6ab0000, 0x00000007a6ab0000)
  to   space 21824K,   0% used [0x00000007a6ab0000, 0x00000007a6ab0000, 0x00000007a8000000)
 concurrent mark-sweep generation total 393216K, used 123849K [0x00000007a8000000, 0x00000007c0000000, 0x00000007c0000000)
 Metaspace       used 34955K, capacity 35542K, committed 35836K, reserved 1081344K
  class space    used 4043K, capacity 4224K, committed 4348K, reserved 1048576K
}
2016-10-24T04:08:14.825+0800: 1268.820: Total time for which application threads were stopped: 0.0177151 seconds, Stopping threads took: 0.0000225 seconds
{Heap before GC invocations=20 (full 1):
 par new generation   total 109248K, used 109248K [0x00000007a0000000, 0x00000007a8000000, 0x00000007a8000000)
  eden space 87424K, 100% used [0x00000007a0000000, 0x00000007a5560000, 0x00000007a5560000)
  from space 21824K, 100% used [0x00000007a5560000, 0x00000007a6ab0000, 0x00000007a6ab0000)
  to   space 21824K,   0% used [0x00000007a6ab0000, 0x00000007a6ab0000, 0x00000007a8000000)
 concurrent mark-sweep generation total 393216K, used 123849K [0x00000007a8000000, 0x00000007c0000000, 0x00000007c0000000)
 Metaspace       used 34955K, capacity 35542K, committed 35836K, reserved 1081344K
  class space    used 4043K, capacity 4224K, committed 4348K, reserved 1048576K
2016-10-24T04:08:15.126+0800: 1269.121: [GC (Allocation Failure) 2016-10-24T04:08:15.126+0800: 1269.121: [ParNew
Desired survivor size 20112992 bytes, new threshold 3 (max 8)
- age   1:   14917304 bytes,   14917304 total
- age   2:    2866040 bytes,   17783344 total
- age   3:    3188832 bytes,   20972176 total
- age   4:     888232 bytes,   21860408 total
: 109248K->21824K(109248K), 0.0139582 secs] 233097K->156084K(502464K), 0.0140364 secs] [Times: user=0.04 sys=0.01, real=0.02 secs] 
Heap after GC invocations=21 (full 1):
 par new generation   total 109248K, used 21824K [0x00000007a0000000, 0x00000007a8000000, 0x00000007a8000000)
  eden space 87424K,   0% used [0x00000007a0000000, 0x00000007a0000000, 0x00000007a5560000)
  from space 21824K, 100% used [0x00000007a6ab0000, 0x00000007a8000000, 0x00000007a8000000)
  to   space 21824K,   0% used [0x00000007a5560000, 0x00000007a5560000, 0x00000007a6ab0000)
 concurrent mark-sweep generation total 393216K, used 134260K [0x00000007a8000000, 0x00000007c0000000, 0x00000007c0000000)
 Metaspace       used 34955K, capacity 35542K, committed 35836K, reserved 1081344K
  class space    used 4043K, capacity 4224K, committed 4348K, reserved 1048576K
}
2016-10-24T04:08:15.140+0800: 1269.135: Total time for which application threads were stopped: 0.0142121 seconds, Stopping threads took: 0.0000232 seconds
{Heap before GC invocations=21 (full 1):
 par new generation   total 109248K, used 109248K [0x00000007a0000000, 0x00000007a8000000, 0x00000007a8000000)
  eden space 87424K, 100% used [0x00000007a0000000, 0x00000007a5560000, 0x00000007a5560000)
  from space 21824K, 100% used [0x00000007a6ab0000, 0x00000007a8000000, 0x00000007a8000000)
  to   space 21824K,   0% used [0x00000007a5560000, 0x00000007a5560000, 0x00000007a6ab0000)
 concurrent mark-sweep generation total 393216K, used 134260K [0x00000007a8000000, 0x00000007c0000000, 0x00000007c0000000)
 Metaspace       used 34963K, capacity 35606K, committed 36048K, reserved 1081344K
  class space    used 4043K, capacity 4224K, committed 4348K, reserved 1048576K
2016-10-24T04:08:15.451+0800: 1269.446: [GC (Allocation Failure) 2016-10-24T04:08:15.451+0800: 1269.446: [ParNew
Desired survivor size 20112992 bytes, new threshold 3 (max 8)
- age   1:   14626376 bytes,   14626376 total
- age   2:    5012984 bytes,   19639360 total
- age   3:    2617552 bytes,   22256912 total
: 109248K->21824K(109248K), 0.0154589 secs] 243508K->168318K(502464K), 0.0155378 secs] [Times: user=0.05 sys=0.00, real=0.01 secs] 
Heap after GC invocations=22 (full 1):
 par new generation   total 109248K, used 21824K [0x00000007a0000000, 0x00000007a8000000, 0x00000007a8000000)
  eden space 87424K,   0% used [0x00000007a0000000, 0x00000007a0000000, 0x00000007a5560000)
  from space 21824K, 100% used [0x00000007a5560000, 0x00000007a6ab0000, 0x00000007a6ab0000)
  to   space 21824K,   0% used [0x00000007a6ab0000, 0x00000007a6ab0000, 0x00000007a8000000)
 concurrent mark-sweep generation total 393216K, used 146494K [0x00000007a8000000, 0x00000007c0000000, 0x00000007c0000000)
 Metaspace       used 34963K, capacity 35606K, committed 36048K, reserved 1081344K
  class space    used 4043K, capacity 4224K, committed 4348K, reserved 1048576K
}
2016-10-24T04:08:15.467+0800: 1269.461: Total time for which application threads were stopped: 0.0157366 seconds, Stopping threads took: 0.0000236 seconds
{Heap before GC invocations=22 (full 1):
 par new generation   total 109248K, used 109248K [0x00000007a0000000, 0x00000007a8000000, 0x00000007a8000000)
  eden space 87424K, 100% used [0x00000007a0000000, 0x00000007a5560000, 0x00000007a5560000)
  from space 21824K, 100% used [0x00000007a5560000, 0x00000007a6ab0000, 0x00000007a6ab0000)
  to   space 21824K,   0% used [0x00000007a6ab0000, 0x00000007a6ab0000, 0x00000007a8000000)
 concurrent mark-sweep generation total 393216K, used 146494K [0x00000007a8000000, 0x00000007c0000000, 0x00000007c0000000)
 Metaspace       used 34963K, capacity 35606K, committed 36048K, reserved 1081344K
  class space    used 4043K, capacity 4224K, committed 4348K, reserved 1048576K
2016-10-24T04:08:15.781+0800: 1269.776: [GC (Allocation Failure) 2016-10-24T04:08:15.781+0800: 1269.776: [ParNew
Desired survivor size 20112992 bytes, new threshold 8 (max 8)
- age   1:    9249912 bytes,    9249912 total
- age   2:    9307888 bytes,   18557800 total
- age   3:    1350944 bytes,   19908744 total
: 109248K->21824K(109248K), 0.0151754 secs] 255742K->178517K(502464K), 0.0152343 secs] [Times: user=0.05 sys=0.00, real=0.01 secs] 
Heap after GC invocations=23 (full 1):
 par new generation   total 109248K, used 21824K [0x00000007a0000000, 0x00000007a8000000, 0x00000007a8000000)
  eden space 87424K,   0% used [0x00000007a0000000, 0x00000007a0000000, 0x00000007a5560000)
  from space 21824K, 100% used [0x00000007a6ab0000, 0x00000007a8000000, 0x00000007a8000000)
  to   space 21824K,   0% used [0x00000007a5560000, 0x00000007a5560000, 0x00000007a6ab0000)
 concurrent mark-sweep generation total 393216K, used 156693K [0x00000007a8000000, 0x00000007c0000000, 0x00000007c0000000)
 Metaspace       used 34963K, capacity 35606K, committed 36048K, reserved 1081344K
  class space    used 4043K, capacity 4224K, committed 4348K, reserved 1048576K
}
2016-10-24T04:08:15.797+0800: 1269.792: Total time for which application threads were stopped: 0.0154172 seconds, Stopping threads took: 0.0000308 seconds
{Heap before GC invocations=23 (full 1):
 par new generation   total 109248K, used 109248K [0x00000007a0000000, 0x00000007a8000000, 0x00000007a8000000)
  eden space 87424K, 100% used [0x00000007a0000000, 0x00000007a5560000, 0x00000007a5560000)
  from space 21824K, 100% used [0x00000007a6ab0000, 0x00000007a8000000, 0x00000007a8000000)
  to   space 21824K,   0% used [0x00000007a5560000, 0x00000007a5560000, 0x00000007a6ab0000)
 concurrent mark-sweep generation total 393216K, used 156693K [0x00000007a8000000, 0x00000007c0000000, 0x00000007c0000000)
 Metaspace       used 34963K, capacity 35606K, committed 36048K, reserved 1081344K
  class space    used 4043K, capacity 4224K, committed 4348K, reserved 1048576K
2016-10-24T04:08:16.080+0800: 1270.075: [GC (Allocation Failure) 2016-10-24T04:08:16.080+0800: 1270.075: [ParNew
Desired survivor size 20112992 bytes, new threshold 3 (max 8)
- age   1:    4761008 bytes,    4761008 total
- age   2:    6598032 bytes,   11359040 total
- age   3:    9042008 bytes,   20401048 total
- age   4:    1085016 bytes,   21486064 total
: 109248K->21824K(109248K), 0.0150371 secs] 265941K->184267K(502464K), 0.0150998 secs] [Times: user=0.05 sys=0.01, real=0.01 secs] 
Heap after GC invocations=24 (full 1):
 par new generation   total 109248K, used 21824K [0x00000007a0000000, 0x00000007a8000000, 0x00000007a8000000)
  eden space 87424K,   0% used [0x00000007a0000000, 0x00000007a0000000, 0x00000007a5560000)
  from space 21824K, 100% used [0x00000007a5560000, 0x00000007a6ab0000, 0x00000007a6ab0000)
  to   space 21824K,   0% used [0x00000007a6ab0000, 0x00000007a6ab0000, 0x00000007a8000000)
 concurrent mark-sweep generation total 393216K, used 162443K [0x00000007a8000000, 0x00000007c0000000, 0x00000007c0000000)
 Metaspace       used 34963K, capacity 35606K, committed 36048K, reserved 1081344K
  class space    used 4043K, capacity 4224K, committed 4348K, reserved 1048576K
}
2016-10-24T04:08:16.095+0800: 1270.090: Total time for which application threads were stopped: 0.0152860 seconds, Stopping threads took: 0.0000309 seconds
{Heap before GC invocations=24 (full 1):
 par new generation   total 109248K, used 109248K [0x00000007a0000000, 0x00000007a8000000, 0x00000007a8000000)
  eden space 87424K, 100% used [0x00000007a0000000, 0x00000007a5560000, 0x00000007a5560000)
  from space 21824K, 100% used [0x00000007a5560000, 0x00000007a6ab0000, 0x00000007a6ab0000)
  to   space 21824K,   0% used [0x00000007a6ab0000, 0x00000007a6ab0000, 0x00000007a8000000)
 concurrent mark-sweep generation total 393216K, used 162443K [0x00000007a8000000, 0x00000007c0000000, 0x00000007c0000000)
 Metaspace       used 34965K, capacity 35606K, committed 36048K, reserved 1081344K
  class space    used 4043K, capacity 4224K, committed 4348K, reserved 1048576K
2016-10-24T04:08:16.343+0800: 1270.338: [GC (Allocation Failure) 2016-10-24T04:08:16.343+0800: 1270.338: [ParNew
Desired survivor size 20112992 bytes, new threshold 8 (max 8)
- age   1:    9448688 bytes,    9448688 total
- age   2:    2655432 bytes,   12104120 total
- age   3:    6444280 bytes,   18548400 total
: 109248K->21824K(109248K), 0.0188753 secs] 271691K->195624K(502464K), 0.0189406 secs] [Times: user=0.06 sys=0.01, real=0.02 secs] 
Heap after GC invocations=25 (full 1):
 par new generation   total 109248K, used 21824K [0x00000007a0000000, 0x00000007a8000000, 0x00000007a8000000)
  eden space 87424K,   0% used [0x00000007a0000000, 0x00000007a0000000, 0x00000007a5560000)
  from space 21824K, 100% used [0x00000007a6ab0000, 0x00000007a8000000, 0x00000007a8000000)
  to   space 21824K,   0% used [0x00000007a5560000, 0x00000007a5560000, 0x00000007a6ab0000)
 concurrent mark-sweep generation total 393216K, used 173800K [0x00000007a8000000, 0x00000007c0000000, 0x00000007c0000000)
 Metaspace       used 34965K, capacity 35606K, committed 36048K, reserved 1081344K
  class space    used 4043K, capacity 4224K, committed 4348K, reserved 1048576K
}
2016-10-24T04:08:16.362+0800: 1270.357: Total time for which application threads were stopped: 0.0191512 seconds, Stopping threads took: 0.0000207 seconds
2016-10-24T04:08:16.522+0800: 1270.517: Total time for which application threads were stopped: 0.0001206 seconds, Stopping threads took: 0.0000288 seconds
2016-10-24T04:08:21.873+0800: 1275.868: Total time for which application threads were stopped: 0.0001056 seconds, Stopping threads took: 0.0000161 seconds
2016-10-24T04:08:22.113+0800: 1276.108: Total time for which application threads were stopped: 0.0002551 seconds, Stopping threads took: 0.0000315 seconds
2016-10-24T04:08:22.113+0800: 1276.108: Total time for which application threads were stopped: 0.0000792 seconds, Stopping threads took: 0.0000107 seconds
{Heap before GC invocations=25 (full 1):
 par new generation   total 109248K, used 109248K [0x00000007a0000000, 0x00000007a8000000, 0x00000007a8000000)
  eden space 87424K, 100% used [0x00000007a0000000, 0x00000007a5560000, 0x00000007a5560000)
  from space 21824K, 100% used [0x00000007a6ab0000, 0x00000007a8000000, 0x00000007a8000000)
  to   space 21824K,   0% used [0x00000007a5560000, 0x00000007a5560000, 0x00000007a6ab0000)
 concurrent mark-sweep generation total 393216K, used 173800K [0x00000007a8000000, 0x00000007c0000000, 0x00000007c0000000)
 Metaspace       used 35139K, capacity 35734K, committed 36048K, reserved 1081344K
  class space    used 4059K, capacity 4224K, committed 4348K, reserved 1048576K
2016-10-24T04:08:22.482+0800: 1276.477: [GC (Allocation Failure) 2016-10-24T04:08:22.482+0800: 1276.477: [ParNew
Desired survivor size 20112992 bytes, new threshold 8 (max 8)
- age   1:    2726080 bytes,    2726080 total
- age   2:    8305672 bytes,   11031752 total
- age   3:    2503368 bytes,   13535120 total
- age   4:    6082000 bytes,   19617120 total
: 109248K->21824K(109248K), 0.0211708 secs] 283048K->197126K(502464K), 0.0212378 secs] [Times: user=0.12 sys=0.00, real=0.02 secs] 
Heap after GC invocations=26 (full 1):
 par new generation   total 109248K, used 21824K [0x00000007a0000000, 0x00000007a8000000, 0x00000007a8000000)
  eden space 87424K,   0% used [0x00000007a0000000, 0x00000007a0000000, 0x00000007a5560000)
  from space 21824K, 100% used [0x00000007a5560000, 0x00000007a6ab0000, 0x00000007a6ab0000)
  to   space 21824K,   0% used [0x00000007a6ab0000, 0x00000007a6ab0000, 0x00000007a8000000)
 concurrent mark-sweep generation total 393216K, used 175302K [0x00000007a8000000, 0x00000007c0000000, 0x00000007c0000000)
 Metaspace       used 35139K, capacity 35734K, committed 36048K, reserved 1081344K
  class space    used 4059K, capacity 4224K, committed 4348K, reserved 1048576K
}
2016-10-24T04:08:22.503+0800: 1276.498: Total time for which application threads were stopped: 0.0214612 seconds, Stopping threads took: 0.0000222 seconds
2016-10-24T04:08:23.089+0800: 1277.084: Total time for which application threads were stopped: 0.0001772 seconds, Stopping threads took: 0.0000212 seconds
{Heap before GC invocations=26 (full 1):
 par new generation   total 109248K, used 109235K [0x00000007a0000000, 0x00000007a8000000, 0x00000007a8000000)
  eden space 87424K,  99% used [0x00000007a0000000, 0x00000007a555cd18, 0x00000007a5560000)
  from space 21824K, 100% used [0x00000007a5560000, 0x00000007a6ab0000, 0x00000007a6ab0000)
  to   space 21824K,   0% used [0x00000007a6ab0000, 0x00000007a6ab0000, 0x00000007a8000000)
 concurrent mark-sweep generation total 393216K, used 175302K [0x00000007a8000000, 0x00000007c0000000, 0x00000007c0000000)
 Metaspace       used 35290K, capacity 35862K, committed 36304K, reserved 1081344K
  class space    used 4068K, capacity 4224K, committed 4348K, reserved 1048576K
2016-10-24T04:08:23.178+0800: 1277.174: [GC (Allocation Failure) 2016-10-24T04:08:23.179+0800: 1277.174: [ParNew
Desired survivor size 20112992 bytes, new threshold 8 (max 8)
- age   1:     254136 bytes,     254136 total
- age   2:    2477104 bytes,    2731240 total
- age   3:    8017288 bytes,   10748528 total
- age   4:    2236208 bytes,   12984736 total
- age   5:    5830552 bytes,   18815288 total
: 109235K->21824K(109248K), 0.0148553 secs] 284538K->198179K(502464K), 0.0149427 secs] [Times: user=0.06 sys=0.00, real=0.02 secs] 
Heap after GC invocations=27 (full 1):
 par new generation   total 109248K, used 21824K [0x00000007a0000000, 0x00000007a8000000, 0x00000007a8000000)
  eden space 87424K,   0% used [0x00000007a0000000, 0x00000007a0000000, 0x00000007a5560000)
  from space 21824K, 100% used [0x00000007a6ab0000, 0x00000007a8000000, 0x00000007a8000000)
  to   space 21824K,   0% used [0x00000007a5560000, 0x00000007a5560000, 0x00000007a6ab0000)
 concurrent mark-sweep generation total 393216K, used 176355K [0x00000007a8000000, 0x00000007c0000000, 0x00000007c0000000)
 Metaspace       used 35290K, capacity 35862K, committed 36304K, reserved 1081344K
  class space    used 4068K, capacity 4224K, committed 4348K, reserved 1048576K
}
2016-10-24T04:08:23.193+0800: 1277.189: Total time for which application threads were stopped: 0.0151781 seconds, Stopping threads took: 0.0000209 seconds
2016-10-24T04:08:23.194+0800: 1277.189: [GC (CMS Initial Mark) [1 CMS-initial-mark: 176355K(393216K)] 199165K(502464K), 0.0025568 secs] [Times: user=0.01 sys=0.00, real=0.00 secs] 
2016-10-24T04:08:23.196+0800: 1277.191: Total time for which application threads were stopped: 0.0027352 seconds, Stopping threads took: 0.0000617 seconds
2016-10-24T04:08:23.196+0800: 1277.191: [CMS-concurrent-mark-start]
2016-10-24T04:08:23.229+0800: 1277.224: [CMS-concurrent-mark: 0.033/0.033 secs] [Times: user=0.24 sys=0.00, real=0.03 secs] 
2016-10-24T04:08:23.229+0800: 1277.225: [CMS-concurrent-preclean-start]
2016-10-24T04:08:23.231+0800: 1277.226: [CMS-concurrent-preclean: 0.001/0.001 secs] [Times: user=0.01 sys=0.00, real=0.01 secs] 
2016-10-24T04:08:23.231+0800: 1277.226: [CMS-concurrent-abortable-preclean-start]
2016-10-24T04:08:23.233+0800: 1277.229: Total time for which application threads were stopped: 0.0001030 seconds, Stopping threads took: 0.0000166 seconds
{Heap before GC invocations=27 (full 2):
 par new generation   total 109248K, used 109248K [0x00000007a0000000, 0x00000007a8000000, 0x00000007a8000000)
  eden space 87424K, 100% used [0x00000007a0000000, 0x00000007a5560000, 0x00000007a5560000)
  from space 21824K, 100% used [0x00000007a6ab0000, 0x00000007a8000000, 0x00000007a8000000)
  to   space 21824K,   0% used [0x00000007a5560000, 0x00000007a5560000, 0x00000007a6ab0000)
 concurrent mark-sweep generation total 393216K, used 176355K [0x00000007a8000000, 0x00000007c0000000, 0x00000007c0000000)
 Metaspace       used 35309K, capacity 35894K, committed 36304K, reserved 1081344K
  class space    used 4070K, capacity 4256K, committed 4348K, reserved 1048576K
2016-10-24T04:08:23.515+0800: 1277.510: [GC (Allocation Failure) 2016-10-24T04:08:23.515+0800: 1277.510: [ParNew
Desired survivor size 20112992 bytes, new threshold 8 (max 8)
- age   1:       5296 bytes,       5296 total
- age   2:      36904 bytes,      42200 total
- age   3:    1828640 bytes,    1870840 total
- age   4:    7875232 bytes,    9746072 total
- age   5:    2107728 bytes,   11853800 total
- age   6:    5711784 bytes,   17565584 total
: 109248K->21824K(109248K), 0.0120097 secs] 285603K->199410K(502464K), 0.0120772 secs] [Times: user=0.06 sys=0.00, real=0.01 secs] 
Heap after GC invocations=28 (full 2):
 par new generation   total 109248K, used 21824K [0x00000007a0000000, 0x00000007a8000000, 0x00000007a8000000)
  eden space 87424K,   0% used [0x00000007a0000000, 0x00000007a0000000, 0x00000007a5560000)
  from space 21824K, 100% used [0x00000007a5560000, 0x00000007a6ab0000, 0x00000007a6ab0000)
  to   space 21824K,   0% used [0x00000007a6ab0000, 0x00000007a6ab0000, 0x00000007a8000000)
 concurrent mark-sweep generation total 393216K, used 177586K [0x00000007a8000000, 0x00000007c0000000, 0x00000007c0000000)
 Metaspace       used 35309K, capacity 35894K, committed 36304K, reserved 1081344K
  class space    used 4070K, capacity 4256K, committed 4348K, reserved 1048576K
}
2016-10-24T04:08:23.527+0800: 1277.522: Total time for which application threads were stopped: 0.0122575 seconds, Stopping threads took: 0.0000199 seconds
{Heap before GC invocations=28 (full 2):
 par new generation   total 109248K, used 109248K [0x00000007a0000000, 0x00000007a8000000, 0x00000007a8000000)
  eden space 87424K, 100% used [0x00000007a0000000, 0x00000007a5560000, 0x00000007a5560000)
  from space 21824K, 100% used [0x00000007a5560000, 0x00000007a6ab0000, 0x00000007a6ab0000)
  to   space 21824K,   0% used [0x00000007a6ab0000, 0x00000007a6ab0000, 0x00000007a8000000)
 concurrent mark-sweep generation total 393216K, used 177586K [0x00000007a8000000, 0x00000007c0000000, 0x00000007c0000000)
 Metaspace       used 35309K, capacity 35894K, committed 36304K, reserved 1081344K
  class space    used 4070K, capacity 4256K, committed 4348K, reserved 1048576K
2016-10-24T04:08:23.899+0800: 1277.894: [GC (Allocation Failure) 2016-10-24T04:08:23.899+0800: 1277.894: [ParNew2016-10-24T04:08:23.912+0800: 1277.907: [CMS-concurrent-abortable-preclean: 0.303/0.681 secs] [Times: user=3.05 sys=0.03, real=0.68 secs] 

Desired survivor size 20112992 bytes, new threshold 8 (max 8)
- age   1:     163712 bytes,     163712 total
- age   2:       2080 bytes,     165792 total
- age   3:      36904 bytes,     202696 total
- age   4:    1828640 bytes,    2031336 total
- age   5:    7875232 bytes,    9906568 total
- age   6:    2107728 bytes,   12014296 total
- age   7:    5711784 bytes,   17726080 total
: 109248K->21824K(109248K), 0.0130704 secs] 286834K->199410K(502464K), 0.0131219 secs] [Times: user=0.07 sys=0.00, real=0.02 secs] 
Heap after GC invocations=29 (full 2):
 par new generation   total 109248K, used 21824K [0x00000007a0000000, 0x00000007a8000000, 0x00000007a8000000)
  eden space 87424K,   0% used [0x00000007a0000000, 0x00000007a0000000, 0x00000007a5560000)
  from space 21824K, 100% used [0x00000007a6ab0000, 0x00000007a8000000, 0x00000007a8000000)
  to   space 21824K,   0% used [0x00000007a5560000, 0x00000007a5560000, 0x00000007a6ab0000)
 concurrent mark-sweep generation total 393216K, used 177586K [0x00000007a8000000, 0x00000007c0000000, 0x00000007c0000000)
 Metaspace       used 35309K, capacity 35894K, committed 36304K, reserved 1081344K
  class space    used 4070K, capacity 4256K, committed 4348K, reserved 1048576K
}
2016-10-24T04:08:23.912+0800: 1277.907: Total time for which application threads were stopped: 0.0133123 seconds, Stopping threads took: 0.0000187 seconds
2016-10-24T04:08:23.912+0800: 1277.908: [GC (CMS Final Remark) [YG occupancy: 23232 K (109248 K)]{Heap before GC invocations=29 (full 2):
 par new generation   total 109248K, used 23232K [0x00000007a0000000, 0x00000007a8000000, 0x00000007a8000000)
  eden space 87424K,   1% used [0x00000007a0000000, 0x00000007a0160188, 0x00000007a5560000)
  from space 21824K, 100% used [0x00000007a6ab0000, 0x00000007a8000000, 0x00000007a8000000)
  to   space 21824K,   0% used [0x00000007a5560000, 0x00000007a5560000, 0x00000007a6ab0000)
 concurrent mark-sweep generation total 393216K, used 177586K [0x00000007a8000000, 0x00000007c0000000, 0x00000007c0000000)
 Metaspace       used 35309K, capacity 35894K, committed 36304K, reserved 1081344K
  class space    used 4070K, capacity 4256K, committed 4348K, reserved 1048576K
2016-10-24T04:08:23.912+0800: 1277.908: [GC (CMS Final Remark) 2016-10-24T04:08:23.913+0800: 1277.908: [ParNew
Desired survivor size 20112992 bytes, new threshold 8 (max 8)
- age   1:       9304 bytes,       9304 total
- age   2:     148640 bytes,     157944 total
- age   3:       2080 bytes,     160024 total
- age   4:      34328 bytes,     194352 total
- age   5:    1713776 bytes,    1908128 total
- age   6:    6811840 bytes,    8719968 total
- age   7:    1924728 bytes,   10644696 total
- age   8:    5549080 bytes,   16193776 total
: 23232K->21824K(109248K), 0.0118671 secs] 200818K->200945K(502464K), 0.0119073 secs] [Times: user=0.05 sys=0.00, real=0.01 secs] 
Heap after GC invocations=30 (full 2):
 par new generation   total 109248K, used 21824K [0x00000007a0000000, 0x00000007a8000000, 0x00000007a8000000)
  eden space 87424K,   0% used [0x00000007a0000000, 0x00000007a0000000, 0x00000007a5560000)
  from space 21824K, 100% used [0x00000007a5560000, 0x00000007a6ab0000, 0x00000007a6ab0000)
  to   space 21824K,   0% used [0x00000007a6ab0000, 0x00000007a6ab0000, 0x00000007a8000000)
 concurrent mark-sweep generation total 393216K, used 179121K [0x00000007a8000000, 0x00000007c0000000, 0x00000007c0000000)
 Metaspace       used 35309K, capacity 35894K, committed 36304K, reserved 1081344K
  class space    used 4070K, capacity 4256K, committed 4348K, reserved 1048576K
}
2016-10-24T04:08:23.924+0800: 1277.919: [Rescan (parallel) , 0.0043675 secs]2016-10-24T04:08:23.929+0800: 1277.924: [weak refs processing, 0.0009501 secs]2016-10-24T04:08:23.930+0800: 1277.925: [class unloading, 0.0097373 secs]2016-10-24T04:08:23.940+0800: 1277.935: [scrub symbol table, 0.0047617 secs]2016-10-24T04:08:23.944+0800: 1277.939: [scrub string table, 0.0004651 secs][1 CMS-remark: 179121K(393216K)] 200945K(502464K), 0.0339185 secs] [Times: user=0.10 sys=0.01, real=0.03 secs] 
2016-10-24T04:08:23.946+0800: 1277.941: Total time for which application threads were stopped: 0.0340688 seconds, Stopping threads took: 0.0000596 seconds
2016-10-24T04:08:23.946+0800: 1277.942: [CMS-concurrent-sweep-start]
2016-10-24T04:08:23.972+0800: 1277.967: [CMS-concurrent-sweep: 0.025/0.025 secs] [Times: user=0.11 sys=0.00, real=0.03 secs] 
2016-10-24T04:08:23.972+0800: 1277.967: [CMS-concurrent-reset-start]
2016-10-24T04:08:23.973+0800: 1277.968: [CMS-concurrent-reset: 0.001/0.001 secs] [Times: user=0.01 sys=0.00, real=0.00 secs] 
{Heap before GC invocations=30 (full 2):
 par new generation   total 109248K, used 109248K [0x00000007a0000000, 0x00000007a8000000, 0x00000007a8000000)
  eden space 87424K, 100% used [0x00000007a0000000, 0x00000007a5560000, 0x00000007a5560000)
  from space 21824K, 100% used [0x00000007a5560000, 0x00000007a6ab0000, 0x00000007a6ab0000)
  to   space 21824K,   0% used [0x00000007a6ab0000, 0x00000007a6ab0000, 0x00000007a8000000)
 concurrent mark-sweep generation total 393216K, used 104331K [0x00000007a8000000, 0x00000007c0000000, 0x00000007c0000000)
 Metaspace       used 35256K, capacity 35810K, committed 36304K, reserved 1081344K
  class space    used 4059K, capacity 4236K, committed 4348K, reserved 1048576K
2016-10-24T04:08:24.074+0800: 1278.069: [GC (Allocation Failure) 2016-10-24T04:08:24.074+0800: 1278.069: [ParNew
Desired survivor size 20112992 bytes, new threshold 8 (max 8)
- age   1:     102600 bytes,     102600 total
- age   3:      56552 bytes,     159152 total
- age   4:       2080 bytes,     161232 total
- age   5:      34328 bytes,     195560 total
- age   6:    1551120 bytes,    1746680 total
- age   7:    6892008 bytes,    8638688 total
- age   8:    1785256 bytes,   10423944 total
: 109248K->16876K(109248K), 0.0104753 secs] 213579K->126531K(502464K), 0.0105664 secs] [Times: user=0.06 sys=0.00, real=0.01 secs] 
Heap after GC invocations=31 (full 2):
 par new generation   total 109248K, used 16876K [0x00000007a0000000, 0x00000007a8000000, 0x00000007a8000000)
  eden space 87424K,   0% used [0x00000007a0000000, 0x00000007a0000000, 0x00000007a5560000)
  from space 21824K,  77% used [0x00000007a6ab0000, 0x00000007a7b2b200, 0x00000007a8000000)
  to   space 21824K,   0% used [0x00000007a5560000, 0x00000007a5560000, 0x00000007a6ab0000)
 concurrent mark-sweep generation total 393216K, used 109655K [0x00000007a8000000, 0x00000007c0000000, 0x00000007c0000000)
 Metaspace       used 35256K, capacity 35810K, committed 36304K, reserved 1081344K
  class space    used 4059K, capacity 4236K, committed 4348K, reserved 1048576K
}
2016-10-24T04:08:24.084+0800: 1278.080: Total time for which application threads were stopped: 0.0108525 seconds, Stopping threads took: 0.0000244 seconds
{Heap before GC invocations=31 (full 2):
 par new generation   total 109248K, used 104300K [0x00000007a0000000, 0x00000007a8000000, 0x00000007a8000000)
  eden space 87424K, 100% used [0x00000007a0000000, 0x00000007a5560000, 0x00000007a5560000)
  from space 21824K,  77% used [0x00000007a6ab0000, 0x00000007a7b2b200, 0x00000007a8000000)
  to   space 21824K,   0% used [0x00000007a5560000, 0x00000007a5560000, 0x00000007a6ab0000)
 concurrent mark-sweep generation total 393216K, used 109655K [0x00000007a8000000, 0x00000007c0000000, 0x00000007c0000000)
 Metaspace       used 35256K, capacity 35810K, committed 36304K, reserved 1081344K
  class space    used 4059K, capacity 4236K, committed 4348K, reserved 1048576K
2016-10-24T04:08:24.267+0800: 1278.262: [GC (Allocation Failure) 2016-10-24T04:08:24.267+0800: 1278.262: [ParNew
Desired survivor size 20112992 bytes, new threshold 8 (max 8)
- age   1:     192888 bytes,     192888 total
- age   4:      18776 bytes,     211664 total
- age   5:       2080 bytes,     213744 total
- age   6:      34328 bytes,     248072 total
- age   7:    1551120 bytes,    1799192 total
- age   8:    6514992 bytes,    8314184 total
: 104300K->10838K(109248K), 0.0080239 secs] 213955K->122274K(502464K), 0.0080666 secs] [Times: user=0.04 sys=0.00, real=0.01 secs] 
Heap after GC invocations=32 (full 2):
 par new generation   total 109248K, used 10838K [0x00000007a0000000, 0x00000007a8000000, 0x00000007a8000000)
  eden space 87424K,   0% used [0x00000007a0000000, 0x00000007a0000000, 0x00000007a5560000)
  from space 21824K,  49% used [0x00000007a5560000, 0x00000007a5ff5b88, 0x00000007a6ab0000)
  to   space 21824K,   0% used [0x00000007a6ab0000, 0x00000007a6ab0000, 0x00000007a8000000)
 concurrent mark-sweep generation total 393216K, used 111435K [0x00000007a8000000, 0x00000007c0000000, 0x00000007c0000000)
 Metaspace       used 35256K, capacity 35810K, committed 36304K, reserved 1081344K
  class space    used 4059K, capacity 4236K, committed 4348K, reserved 1048576K
}
2016-10-24T04:08:24.275+0800: 1278.270: Total time for which application threads were stopped: 0.0082356 seconds, Stopping threads took: 0.0000189 seconds
{Heap before GC invocations=32 (full 2):
 par new generation   total 109248K, used 98262K [0x00000007a0000000, 0x00000007a8000000, 0x00000007a8000000)
  eden space 87424K, 100% used [0x00000007a0000000, 0x00000007a5560000, 0x00000007a5560000)
  from space 21824K,  49% used [0x00000007a5560000, 0x00000007a5ff5b88, 0x00000007a6ab0000)
  to   space 21824K,   0% used [0x00000007a6ab0000, 0x00000007a6ab0000, 0x00000007a8000000)
 concurrent mark-sweep generation total 393216K, used 111435K [0x00000007a8000000, 0x00000007c0000000, 0x00000007c0000000)
 Metaspace       used 35256K, capacity 35810K, committed 36304K, reserved 1081344K
  class space    used 4059K, capacity 4236K, committed 4348K, reserved 1048576K
2016-10-24T04:08:24.369+0800: 1278.364: [GC (Allocation Failure) 2016-10-24T04:08:24.369+0800: 1278.364: [ParNew
Desired survivor size 20112992 bytes, new threshold 8 (max 8)
- age   1:      94304 bytes,      94304 total
- age   2:      56584 bytes,     150888 total
- age   5:      18776 bytes,     169664 total
- age   6:       2080 bytes,     171744 total
- age   7:      34328 bytes,     206072 total
- age   8:    1551120 bytes,    1757192 total
: 98262K->3111K(109248K), 0.0076408 secs] 209698K->120946K(502464K), 0.0076873 secs] [Times: user=0.05 sys=0.00, real=0.01 secs] 
Heap after GC invocations=33 (full 2):
 par new generation   total 109248K, used 3111K [0x00000007a0000000, 0x00000007a8000000, 0x00000007a8000000)
  eden space 87424K,   0% used [0x00000007a0000000, 0x00000007a0000000, 0x00000007a5560000)
  from space 21824K,  14% used [0x00000007a6ab0000, 0x00000007a6db9c00, 0x00000007a8000000)
  to   space 21824K,   0% used [0x00000007a5560000, 0x00000007a5560000, 0x00000007a6ab0000)
 concurrent mark-sweep generation total 393216K, used 117835K [0x00000007a8000000, 0x00000007c0000000, 0x00000007c0000000)
 Metaspace       used 35256K, capacity 35810K, committed 36304K, reserved 1081344K
  class space    used 4059K, capacity 4236K, committed 4348K, reserved 1048576K
}
2016-10-24T04:08:24.377+0800: 1278.372: Total time for which application threads were stopped: 0.0078486 seconds, Stopping threads took: 0.0000198 seconds
{Heap before GC invocations=33 (full 2):
 par new generation   total 109248K, used 90535K [0x00000007a0000000, 0x00000007a8000000, 0x00000007a8000000)
  eden space 87424K, 100% used [0x00000007a0000000, 0x00000007a5560000, 0x00000007a5560000)
  from space 21824K,  14% used [0x00000007a6ab0000, 0x00000007a6db9c00, 0x00000007a8000000)
  to   space 21824K,   0% used [0x00000007a5560000, 0x00000007a5560000, 0x00000007a6ab0000)
 concurrent mark-sweep generation total 393216K, used 117835K [0x00000007a8000000, 0x00000007c0000000, 0x00000007c0000000)
 Metaspace       used 35256K, capacity 35810K, committed 36304K, reserved 1081344K
  class space    used 4059K, capacity 4236K, committed 4348K, reserved 1048576K
2016-10-24T04:08:24.486+0800: 1278.481: [GC (Allocation Failure) 2016-10-24T04:08:24.486+0800: 1278.481: [ParNew
Desired survivor size 20112992 bytes, new threshold 8 (max 8)
- age   1:     307576 bytes,     307576 total
- age   3:        224 bytes,     307800 total
- age   6:      18776 bytes,     326576 total
- age   7:       2080 bytes,     328656 total
- age   8:      34328 bytes,     362984 total
: 90535K->1099K(109248K), 0.0042167 secs] 208370K->120473K(502464K), 0.0042670 secs] [Times: user=0.01 sys=0.00, real=0.01 secs] 
Heap after GC invocations=34 (full 2):
 par new generation   total 109248K, used 1099K [0x00000007a0000000, 0x00000007a8000000, 0x00000007a8000000)
  eden space 87424K,   0% used [0x00000007a0000000, 0x00000007a0000000, 0x00000007a5560000)
  from space 21824K,   5% used [0x00000007a5560000, 0x00000007a5672e00, 0x00000007a6ab0000)
  to   space 21824K,   0% used [0x00000007a6ab0000, 0x00000007a6ab0000, 0x00000007a8000000)
 concurrent mark-sweep generation total 393216K, used 119373K [0x00000007a8000000, 0x00000007c0000000, 0x00000007c0000000)
 Metaspace       used 35256K, capacity 35810K, committed 36304K, reserved 1081344K
  class space    used 4059K, capacity 4236K, committed 4348K, reserved 1048576K
}
2016-10-24T04:08:24.490+0800: 1278.485: Total time for which application threads were stopped: 0.0044359 seconds, Stopping threads took: 0.0000275 seconds
2016-10-24T04:08:24.804+0800: 1278.799: Total time for which application threads were stopped: 0.0001617 seconds, Stopping threads took: 0.0000321 seconds
2016-10-24T04:08:24.804+0800: 1278.799: Total time for which application threads were stopped: 0.0000701 seconds, Stopping threads took: 0.0000129 seconds
2016-10-24T04:08:24.804+0800: 1278.799: Total time for which application threads were stopped: 0.0000637 seconds, Stopping threads took: 0.0000124 seconds
2016-10-24T04:08:24.804+0800: 1278.799: Total time for which application threads were stopped: 0.0000879 seconds, Stopping threads took: 0.0000103 seconds
2016-10-24T04:08:24.804+0800: 1278.800: Total time for which application threads were stopped: 0.0000854 seconds, Stopping threads took: 0.0000262 seconds
2016-10-24T04:08:24.805+0800: 1278.800: Total time for which application threads were stopped: 0.0000814 seconds, Stopping threads took: 0.0000104 seconds
2016-10-24T04:08:24.805+0800: 1278.800: Total time for which application threads were stopped: 0.0000706 seconds, Stopping threads took: 0.0000097 seconds
2016-10-24T04:08:24.805+0800: 1278.800: Total time for which application threads were stopped: 0.0000657 seconds, Stopping threads took: 0.0000218 seconds
2016-10-24T04:08:24.806+0800: 1278.801: Total time for which application threads were stopped: 0.0001084 seconds, Stopping threads took: 0.0000358 seconds
2016-10-24T04:08:24.806+0800: 1278.801: Total time for which application threads were stopped: 0.0000785 seconds, Stopping threads took: 0.0000104 seconds
2016-10-24T04:08:24.806+0800: 1278.801: Total time for which application threads were stopped: 0.0000752 seconds, Stopping threads took: 0.0000098 seconds
2016-10-24T04:08:24.806+0800: 1278.801: Total time for which application threads were stopped: 0.0000843 seconds, Stopping threads took: 0.0000106 seconds
2016-10-24T04:08:24.806+0800: 1278.801: Total time for which application threads were stopped: 0.0000672 seconds, Stopping threads took: 0.0000083 seconds
2016-10-24T04:08:24.806+0800: 1278.801: Total time for which application threads were stopped: 0.0000677 seconds, Stopping threads took: 0.0000091 seconds
2016-10-24T04:08:24.806+0800: 1278.801: Total time for which application threads were stopped: 0.0000701 seconds, Stopping threads took: 0.0000093 seconds
2016-10-24T04:08:24.806+0800: 1278.801: Total time for which application threads were stopped: 0.0000633 seconds, Stopping threads took: 0.0000082 seconds
2016-10-24T04:08:24.806+0800: 1278.802: Total time for which application threads were stopped: 0.0000420 seconds, Stopping threads took: 0.0000068 seconds
2016-10-24T04:08:24.807+0800: 1278.802: Total time for which application threads were stopped: 0.0000700 seconds, Stopping threads took: 0.0000085 seconds
2016-10-24T04:08:25.810+0800: 1279.805: Total time for which application threads were stopped: 0.0002486 seconds, Stopping threads took: 0.0000619 seconds
2016-10-24T04:09:09.477+0800: 1323.473: Total time for which application threads were stopped: 0.0001439 seconds, Stopping threads took: 0.0000464 seconds
2016-10-24T04:09:09.486+0800: 1323.482: Total time for which application threads were stopped: 0.0001061 seconds, Stopping threads took: 0.0000422 seconds
2016-10-24T04:09:09.486+0800: 1323.483: Total time for which application threads were stopped: 0.0000807 seconds, Stopping threads took: 0.0000231 seconds
2016-10-24T04:09:09.491+0800: 1323.488: Total time for which application threads were stopped: 0.0000933 seconds, Stopping threads took: 0.0000313 seconds
2016-10-24T04:09:09.492+0800: 1323.488: Total time for which application threads were stopped: 0.0001092 seconds, Stopping threads took: 0.0000638 seconds
2016-10-24T04:09:10.492+0800: 1324.489: Total time for which application threads were stopped: 0.0001534 seconds, Stopping threads took: 0.0000238 seconds
2016-10-24T04:09:16.799+0800: 1330.796: Total time for which application threads were stopped: 0.0001593 seconds, Stopping threads took: 0.0000642 seconds
2016-10-24T04:09:16.800+0800: 1330.796: Total time for which application threads were stopped: 0.0000736 seconds, Stopping threads took: 0.0000215 seconds
2016-10-24T04:09:16.800+0800: 1330.796: Total time for which application threads were stopped: 0.0000816 seconds, Stopping threads took: 0.0000206 seconds
2016-10-24T04:09:16.800+0800: 1330.796: Total time for which application threads were stopped: 0.0000859 seconds, Stopping threads took: 0.0000276 seconds
2016-10-24T04:09:16.800+0800: 1330.797: Total time for which application threads were stopped: 0.0002277 seconds, Stopping threads took: 0.0000231 seconds
2016-10-24T04:09:16.806+0800: 1330.802: Total time for which application threads were stopped: 0.0000844 seconds, Stopping threads took: 0.0000232 seconds
2016-10-24T04:09:16.806+0800: 1330.803: Total time for which application threads were stopped: 0.0000692 seconds, Stopping threads took: 0.0000246 seconds
2016-10-24T04:09:16.811+0800: 1330.808: Total time for which application threads were stopped: 0.0000867 seconds, Stopping threads took: 0.0000270 seconds
2016-10-24T04:09:16.811+0800: 1330.808: Total time for which application threads were stopped: 0.0001001 seconds, Stopping threads took: 0.0000432 seconds
2016-10-24T04:09:17.816+0800: 1331.812: Total time for which application threads were stopped: 0.0002252 seconds, Stopping threads took: 0.0000576 seconds
2016-10-24T04:09:32.169+0800: 1346.166: Total time for which application threads were stopped: 0.0000936 seconds, Stopping threads took: 0.0000192 seconds
2016-10-24T04:09:32.169+0800: 1346.166: Total time for which application threads were stopped: 0.0001152 seconds, Stopping threads took: 0.0000606 seconds
2016-10-24T04:09:32.169+0800: 1346.166: Total time for which application threads were stopped: 0.0000801 seconds, Stopping threads took: 0.0000330 seconds
2016-10-24T04:09:32.170+0800: 1346.166: Total time for which application threads were stopped: 0.0000839 seconds, Stopping threads took: 0.0000296 seconds
2016-10-24T04:09:32.170+0800: 1346.167: Total time for which application threads were stopped: 0.0001354 seconds, Stopping threads took: 0.0000870 seconds
2016-10-24T04:09:32.170+0800: 1346.167: Total time for which application threads were stopped: 0.0000773 seconds, Stopping threads took: 0.0000297 seconds
2016-10-24T04:09:32.170+0800: 1346.167: Total time for which application threads were stopped: 0.0000638 seconds, Stopping threads took: 0.0000265 seconds
2016-10-24T04:09:32.170+0800: 1346.167: Total time for which application threads were stopped: 0.0000768 seconds, Stopping threads took: 0.0000277 seconds
2016-10-24T04:09:32.170+0800: 1346.167: Total time for which application threads were stopped: 0.0000772 seconds, Stopping threads took: 0.0000295 seconds
2016-10-24T04:09:32.171+0800: 1346.167: Total time for which application threads were stopped: 0.0000855 seconds, Stopping threads took: 0.0000409 seconds
2016-10-24T04:09:32.171+0800: 1346.168: Total time for which application threads were stopped: 0.0001826 seconds, Stopping threads took: 0.0001364 seconds
2016-10-24T04:09:32.176+0800: 1346.173: Total time for which application threads were stopped: 0.0000833 seconds, Stopping threads took: 0.0000228 seconds
2016-10-24T04:09:32.176+0800: 1346.173: Total time for which application threads were stopped: 0.0000760 seconds, Stopping threads took: 0.0000262 seconds
2016-10-24T04:09:32.181+0800: 1346.178: Total time for which application threads were stopped: 0.0000979 seconds, Stopping threads took: 0.0000355 seconds
2016-10-24T04:09:32.181+0800: 1346.178: Total time for which application threads were stopped: 0.0000549 seconds, Stopping threads took: 0.0000108 seconds
2016-10-24T04:09:33.184+0800: 1347.181: Total time for which application threads were stopped: 0.0001542 seconds, Stopping threads took: 0.0000290 seconds
2016-10-24T04:10:00.260+0800: 1374.258: Total time for which application threads were stopped: 0.0001308 seconds, Stopping threads took: 0.0000327 seconds
2016-10-24T04:10:32.183+0800: 1406.181: Total time for which application threads were stopped: 0.0001283 seconds, Stopping threads took: 0.0000297 seconds
2016-10-24T04:10:37.187+0800: 1411.185: Total time for which application threads were stopped: 0.0001075 seconds, Stopping threads took: 0.0000325 seconds
2016-10-24T04:10:37.187+0800: 1411.186: Total time for which application threads were stopped: 0.0000800 seconds, Stopping threads took: 0.0000109 seconds
2016-10-24T04:10:37.192+0800: 1411.191: Total time for which application threads were stopped: 0.0000870 seconds, Stopping threads took: 0.0000251 seconds
2016-10-24T04:10:37.192+0800: 1411.191: Total time for which application threads were stopped: 0.0000789 seconds, Stopping threads took: 0.0000298 seconds
2016-10-24T04:10:38.197+0800: 1412.196: Total time for which application threads were stopped: 0.0002252 seconds, Stopping threads took: 0.0000622 seconds
2016-10-24T04:10:40.202+0800: 1414.201: Total time for which application threads were stopped: 0.0001756 seconds, Stopping threads took: 0.0000341 seconds
2016-10-24T04:11:00.425+0800: 1434.424: Total time for which application threads were stopped: 0.0001247 seconds, Stopping threads took: 0.0000457 seconds
2016-10-24T04:11:00.425+0800: 1434.424: Total time for which application threads were stopped: 0.0000707 seconds, Stopping threads took: 0.0000090 seconds
2016-10-24T04:11:00.430+0800: 1434.429: Total time for which application threads were stopped: 0.0001701 seconds, Stopping threads took: 0.0000483 seconds
2016-10-24T04:11:00.430+0800: 1434.429: Total time for which application threads were stopped: 0.0001456 seconds, Stopping threads took: 0.0000549 seconds
2016-10-24T04:11:00.430+0800: 1434.429: Total time for which application threads were stopped: 0.0001103 seconds, Stopping threads took: 0.0000219 seconds
2016-10-24T04:11:06.443+0800: 1440.443: Total time for which application threads were stopped: 0.0001286 seconds, Stopping threads took: 0.0000208 seconds
2016-10-24T04:11:06.460+0800: 1440.460: Total time for which application threads were stopped: 0.0001436 seconds, Stopping threads took: 0.0000181 seconds
2016-10-24T04:11:06.461+0800: 1440.461: Total time for which application threads were stopped: 0.0001036 seconds, Stopping threads took: 0.0000156 seconds
2016-10-24T04:11:06.473+0800: 1440.472: Total time for which application threads were stopped: 0.0003409 seconds, Stopping threads took: 0.0000462 seconds
2016-10-24T04:11:06.473+0800: 1440.472: Total time for which application threads were stopped: 0.0002641 seconds, Stopping threads took: 0.0000709 seconds
2016-10-24T04:11:30.542+0800: 1464.542: Total time for which application threads were stopped: 0.0001241 seconds, Stopping threads took: 0.0000247 seconds
2016-10-24T04:11:30.711+0800: 1464.711: Total time for which application threads were stopped: 0.0001717 seconds, Stopping threads took: 0.0000477 seconds
2016-10-24T04:11:30.711+0800: 1464.711: Total time for which application threads were stopped: 0.0001883 seconds, Stopping threads took: 0.0000969 seconds
2016-10-24T04:11:30.712+0800: 1464.712: Total time for which application threads were stopped: 0.0001036 seconds, Stopping threads took: 0.0000224 seconds
2016-10-24T04:11:30.712+0800: 1464.712: Total time for which application threads were stopped: 0.0001296 seconds, Stopping threads took: 0.0000522 seconds
2016-10-24T04:11:30.712+0800: 1464.712: Total time for which application threads were stopped: 0.0001406 seconds, Stopping threads took: 0.0000712 seconds
2016-10-24T04:11:30.712+0800: 1464.712: Total time for which application threads were stopped: 0.0001038 seconds, Stopping threads took: 0.0000351 seconds
2016-10-24T04:11:30.712+0800: 1464.712: Total time for which application threads were stopped: 0.0001169 seconds, Stopping threads took: 0.0000408 seconds
2016-10-24T04:11:30.713+0800: 1464.713: Total time for which application threads were stopped: 0.0001021 seconds, Stopping threads took: 0.0000260 seconds
2016-10-24T04:11:30.713+0800: 1464.713: Total time for which application threads were stopped: 0.0000946 seconds, Stopping threads took: 0.0000220 seconds
2016-10-24T04:11:30.713+0800: 1464.713: Total time for which application threads were stopped: 0.0000949 seconds, Stopping threads took: 0.0000226 seconds
2016-10-24T04:11:30.713+0800: 1464.713: Total time for which application threads were stopped: 0.0000998 seconds, Stopping threads took: 0.0000272 seconds
2016-10-24T04:11:30.713+0800: 1464.713: Total time for which application threads were stopped: 0.0000906 seconds, Stopping threads took: 0.0000207 seconds
2016-10-24T04:11:30.714+0800: 1464.714: Total time for which application threads were stopped: 0.0000933 seconds, Stopping threads took: 0.0000253 seconds
2016-10-24T04:11:30.714+0800: 1464.714: Total time for which application threads were stopped: 0.0001075 seconds, Stopping threads took: 0.0000389 seconds
2016-10-24T04:11:30.714+0800: 1464.714: Total time for which application threads were stopped: 0.0000749 seconds, Stopping threads took: 0.0000087 seconds
2016-10-24T04:11:30.714+0800: 1464.714: Total time for which application threads were stopped: 0.0000624 seconds, Stopping threads took: 0.0000080 seconds
2016-10-24T04:11:30.720+0800: 1464.720: Total time for which application threads were stopped: 0.0001782 seconds, Stopping threads took: 0.0000807 seconds
2016-10-24T04:11:30.720+0800: 1464.720: Total time for which application threads were stopped: 0.0000987 seconds, Stopping threads took: 0.0000227 seconds
2016-10-24T04:11:30.725+0800: 1464.725: Total time for which application threads were stopped: 0.0001249 seconds, Stopping threads took: 0.0000328 seconds
2016-10-24T04:11:30.725+0800: 1464.725: Total time for which application threads were stopped: 0.0000958 seconds, Stopping threads took: 0.0000280 seconds
2016-10-24T04:11:31.729+0800: 1465.729: Total time for which application threads were stopped: 0.0001351 seconds, Stopping threads took: 0.0000335 seconds
2016-10-24T04:11:39.749+0800: 1473.749: Total time for which application threads were stopped: 0.0001496 seconds, Stopping threads took: 0.0000309 seconds
2016-10-24T04:12:30.726+0800: 1524.727: Total time for which application threads were stopped: 0.0001360 seconds, Stopping threads took: 0.0000282 seconds
2016-10-24T04:13:07.774+0800: 1561.776: Total time for which application threads were stopped: 0.0002069 seconds, Stopping threads took: 0.0000264 seconds
2016-10-24T04:13:07.781+0800: 1561.783: Total time for which application threads were stopped: 0.0001067 seconds, Stopping threads took: 0.0000133 seconds
2016-10-24T04:13:07.781+0800: 1561.783: Total time for which application threads were stopped: 0.0001746 seconds, Stopping threads took: 0.0000229 seconds
2016-10-24T04:13:07.781+0800: 1561.783: Total time for which application threads were stopped: 0.0000885 seconds, Stopping threads took: 0.0000204 seconds
2016-10-24T04:13:07.781+0800: 1561.784: Total time for which application threads were stopped: 0.0000765 seconds, Stopping threads took: 0.0000180 seconds
2016-10-24T04:13:07.788+0800: 1561.790: Total time for which application threads were stopped: 0.0001067 seconds, Stopping threads took: 0.0000170 seconds
2016-10-24T04:13:07.788+0800: 1561.790: Total time for which application threads were stopped: 0.0000956 seconds, Stopping threads took: 0.0000242 seconds
2016-10-24T04:13:08.788+0800: 1562.791: Total time for which application threads were stopped: 0.0001170 seconds, Stopping threads took: 0.0000207 seconds
2016-10-24T04:13:11.958+0800: 1565.961: Total time for which application threads were stopped: 0.0001771 seconds, Stopping threads took: 0.0000875 seconds
2016-10-24T04:13:11.958+0800: 1565.961: Total time for which application threads were stopped: 0.0000950 seconds, Stopping threads took: 0.0000348 seconds
2016-10-24T04:13:11.964+0800: 1565.966: Total time for which application threads were stopped: 0.0000898 seconds, Stopping threads took: 0.0000249 seconds
2016-10-24T04:13:11.964+0800: 1565.966: Total time for which application threads were stopped: 0.0001094 seconds, Stopping threads took: 0.0000295 seconds
2016-10-24T04:13:12.969+0800: 1566.972: Total time for which application threads were stopped: 0.0002445 seconds, Stopping threads took: 0.0000558 seconds
2016-10-24T04:13:14.975+0800: 1568.977: Total time for which application threads were stopped: 0.0002071 seconds, Stopping threads took: 0.0000336 seconds
2016-10-24T04:13:16.249+0800: 1570.251: Total time for which application threads were stopped: 0.0001157 seconds, Stopping threads took: 0.0000166 seconds
2016-10-24T04:13:16.249+0800: 1570.252: Total time for which application threads were stopped: 0.0000799 seconds, Stopping threads took: 0.0000253 seconds
2016-10-24T04:13:16.254+0800: 1570.257: Total time for which application threads were stopped: 0.0000742 seconds, Stopping threads took: 0.0000120 seconds
2016-10-24T04:13:16.254+0800: 1570.257: Total time for which application threads were stopped: 0.0000794 seconds, Stopping threads took: 0.0000214 seconds
2016-10-24T04:13:17.258+0800: 1571.260: Total time for which application threads were stopped: 0.0001398 seconds, Stopping threads took: 0.0000418 seconds
2016-10-24T04:13:21.785+0800: 1575.788: Total time for which application threads were stopped: 0.0000966 seconds, Stopping threads took: 0.0000184 seconds
2016-10-24T04:13:21.785+0800: 1575.788: Total time for which application threads were stopped: 0.0000642 seconds, Stopping threads took: 0.0000089 seconds
2016-10-24T04:13:21.790+0800: 1575.793: Total time for which application threads were stopped: 0.0000948 seconds, Stopping threads took: 0.0000303 seconds
2016-10-24T04:13:21.790+0800: 1575.793: Total time for which application threads were stopped: 0.0000673 seconds, Stopping threads took: 0.0000202 seconds
{Heap before GC invocations=34 (full 2):
 par new generation   total 109248K, used 88523K [0x00000007a0000000, 0x00000007a8000000, 0x00000007a8000000)
  eden space 87424K, 100% used [0x00000007a0000000, 0x00000007a5560000, 0x00000007a5560000)
  from space 21824K,   5% used [0x00000007a5560000, 0x00000007a5672e00, 0x00000007a6ab0000)
  to   space 21824K,   0% used [0x00000007a6ab0000, 0x00000007a6ab0000, 0x00000007a8000000)
 concurrent mark-sweep generation total 393216K, used 119373K [0x00000007a8000000, 0x00000007c0000000, 0x00000007c0000000)
 Metaspace       used 35665K, capacity 36248K, committed 36560K, reserved 1081344K
  class space    used 4101K, capacity 4283K, committed 4348K, reserved 1048576K
2016-10-24T04:13:24.639+0800: 1578.642: [GC (Allocation Failure) 2016-10-24T04:13:24.639+0800: 1578.642: [ParNew
Desired survivor size 20112992 bytes, new threshold 8 (max 8)
- age   1:    1690968 bytes,    1690968 total
- age   2:        656 bytes,    1691624 total
- age   4:        224 bytes,    1691848 total
- age   7:      18776 bytes,    1710624 total
- age   8:       2080 bytes,    1712704 total
: 88523K->1865K(109248K), 0.0027930 secs] 207897K->121272K(502464K), 0.0028643 secs] [Times: user=0.01 sys=0.00, real=0.01 secs] 
Heap after GC invocations=35 (full 2):
 par new generation   total 109248K, used 1865K [0x00000007a0000000, 0x00000007a8000000, 0x00000007a8000000)
  eden space 87424K,   0% used [0x00000007a0000000, 0x00000007a0000000, 0x00000007a5560000)
  from space 21824K,   8% used [0x00000007a6ab0000, 0x00000007a6c826d0, 0x00000007a8000000)
  to   space 21824K,   0% used [0x00000007a5560000, 0x00000007a5560000, 0x00000007a6ab0000)
 concurrent mark-sweep generation total 393216K, used 119407K [0x00000007a8000000, 0x00000007c0000000, 0x00000007c0000000)
 Metaspace       used 35665K, capacity 36248K, committed 36560K, reserved 1081344K
  class space    used 4101K, capacity 4283K, committed 4348K, reserved 1048576K
}
2016-10-24T04:13:24.642+0800: 1578.645: Total time for which application threads were stopped: 0.0030192 seconds, Stopping threads took: 0.0000194 seconds
2016-10-24T04:13:25.645+0800: 1579.648: Total time for which application threads were stopped: 0.0000946 seconds, Stopping threads took: 0.0000230 seconds
2016-10-24T04:13:26.207+0800: 1580.211: Total time for which application threads were stopped: 0.0001200 seconds, Stopping threads took: 0.0000404 seconds
2016-10-24T04:13:26.208+0800: 1580.211: Total time for which application threads were stopped: 0.0000715 seconds, Stopping threads took: 0.0000103 seconds
2016-10-24T04:13:26.213+0800: 1580.216: Total time for which application threads were stopped: 0.0000943 seconds, Stopping threads took: 0.0000260 seconds
2016-10-24T04:13:26.213+0800: 1580.216: Total time for which application threads were stopped: 0.0001121 seconds, Stopping threads took: 0.0000587 seconds
2016-10-24T04:13:27.218+0800: 1581.221: Total time for which application threads were stopped: 0.0002329 seconds, Stopping threads took: 0.0000573 seconds
2016-10-24T04:13:45.268+0800: 1599.271: Total time for which application threads were stopped: 0.0001416 seconds, Stopping threads took: 0.0000243 seconds
2016-10-24T04:13:47.271+0800: 1601.275: Total time for which application threads were stopped: 0.0002395 seconds, Stopping threads took: 0.0000668 seconds
2016-10-24T04:13:58.303+0800: 1612.307: Total time for which application threads were stopped: 0.0002244 seconds, Stopping threads took: 0.0000577 seconds
{Heap before GC invocations=35 (full 2):
 par new generation   total 109248K, used 89289K [0x00000007a0000000, 0x00000007a8000000, 0x00000007a8000000)
  eden space 87424K, 100% used [0x00000007a0000000, 0x00000007a5560000, 0x00000007a5560000)
  from space 21824K,   8% used [0x00000007a6ab0000, 0x00000007a6c826d0, 0x00000007a8000000)
  to   space 21824K,   0% used [0x00000007a5560000, 0x00000007a5560000, 0x00000007a6ab0000)
 concurrent mark-sweep generation total 393216K, used 119407K [0x00000007a8000000, 0x00000007c0000000, 0x00000007c0000000)
 Metaspace       used 35709K, capacity 36262K, committed 36560K, reserved 1081344K
  class space    used 4101K, capacity 4284K, committed 4348K, reserved 1048576K
2016-10-24T04:14:04.070+0800: 1618.075: [GC (Allocation Failure) 2016-10-24T04:14:04.070+0800: 1618.075: [ParNew
Desired survivor size 20112992 bytes, new threshold 8 (max 8)
- age   1:    5929608 bytes,    5929608 total
- age   2:     958648 bytes,    6888256 total
- age   3:        656 bytes,    6888912 total
- age   5:        224 bytes,    6889136 total
- age   8:      18776 bytes,    6907912 total
: 89289K->7232K(109248K), 0.0038682 secs] 208696K->126641K(502464K), 0.0039333 secs] [Times: user=0.02 sys=0.01, real=0.00 secs] 
Heap after GC invocations=36 (full 2):
 par new generation   total 109248K, used 7232K [0x00000007a0000000, 0x00000007a8000000, 0x00000007a8000000)
  eden space 87424K,   0% used [0x00000007a0000000, 0x00000007a0000000, 0x00000007a5560000)
  from space 21824K,  33% used [0x00000007a5560000, 0x00000007a5c70128, 0x00000007a6ab0000)
  to   space 21824K,   0% used [0x00000007a6ab0000, 0x00000007a6ab0000, 0x00000007a8000000)
 concurrent mark-sweep generation total 393216K, used 119409K [0x00000007a8000000, 0x00000007c0000000, 0x00000007c0000000)
 Metaspace       used 35709K, capacity 36262K, committed 36560K, reserved 1081344K
  class space    used 4101K, capacity 4284K, committed 4348K, reserved 1048576K
}
2016-10-24T04:14:04.074+0800: 1618.078: Total time for which application threads were stopped: 0.0041521 seconds, Stopping threads took: 0.0000327 seconds
{Heap before GC invocations=36 (full 2):
 par new generation   total 109248K, used 94656K [0x00000007a0000000, 0x00000007a8000000, 0x00000007a8000000)
  eden space 87424K, 100% used [0x00000007a0000000, 0x00000007a5560000, 0x00000007a5560000)
  from space 21824K,  33% used [0x00000007a5560000, 0x00000007a5c70128, 0x00000007a6ab0000)
  to   space 21824K,   0% used [0x00000007a6ab0000, 0x00000007a6ab0000, 0x00000007a8000000)
 concurrent mark-sweep generation total 393216K, used 119409K [0x00000007a8000000, 0x00000007c0000000, 0x00000007c0000000)
 Metaspace       used 35709K, capacity 36262K, committed 36560K, reserved 1081344K
  class space    used 4101K, capacity 4284K, committed 4348K, reserved 1048576K
2016-10-24T04:14:04.348+0800: 1618.352: [GC (Allocation Failure) 2016-10-24T04:14:04.348+0800: 1618.352: [ParNew
Desired survivor size 20112992 bytes, new threshold 8 (max 8)
- age   1:    9176920 bytes,    9176920 total
- age   2:    3865344 bytes,   13042264 total
- age   3:     958648 bytes,   14000912 total
- age   4:        656 bytes,   14001568 total
- age   6:        224 bytes,   14001792 total
: 94656K->15148K(109248K), 0.0064624 secs] 214065K->134575K(502464K), 0.0065203 secs] [Times: user=0.04 sys=0.01, real=0.01 secs] 
Heap after GC invocations=37 (full 2):
 par new generation   total 109248K, used 15148K [0x00000007a0000000, 0x00000007a8000000, 0x00000007a8000000)
  eden space 87424K,   0% used [0x00000007a0000000, 0x00000007a0000000, 0x00000007a5560000)
  from space 21824K,  69% used [0x00000007a6ab0000, 0x00000007a797b120, 0x00000007a8000000)
  to   space 21824K,   0% used [0x00000007a5560000, 0x00000007a5560000, 0x00000007a6ab0000)
 concurrent mark-sweep generation total 393216K, used 119427K [0x00000007a8000000, 0x00000007c0000000, 0x00000007c0000000)
 Metaspace       used 35709K, capacity 36262K, committed 36560K, reserved 1081344K
  class space    used 4101K, capacity 4284K, committed 4348K, reserved 1048576K
}
2016-10-24T04:14:04.354+0800: 1618.358: Total time for which application threads were stopped: 0.0066981 seconds, Stopping threads took: 0.0000199 seconds
{Heap before GC invocations=37 (full 2):
 par new generation   total 109248K, used 102433K [0x00000007a0000000, 0x00000007a8000000, 0x00000007a8000000)
  eden space 87424K,  99% used [0x00000007a0000000, 0x00000007a553d2f8, 0x00000007a5560000)
  from space 21824K,  69% used [0x00000007a6ab0000, 0x00000007a797b120, 0x00000007a8000000)
  to   space 21824K,   0% used [0x00000007a5560000, 0x00000007a5560000, 0x00000007a6ab0000)
 concurrent mark-sweep generation total 393216K, used 119427K [0x00000007a8000000, 0x00000007c0000000, 0x00000007c0000000)
 Metaspace       used 35709K, capacity 36262K, committed 36560K, reserved 1081344K
  class space    used 4101K, capacity 4284K, committed 4348K, reserved 1048576K
2016-10-24T04:14:04.624+0800: 1618.628: [GC (Allocation Failure) 2016-10-24T04:14:04.624+0800: 1618.628: [ParNew
Desired survivor size 20112992 bytes, new threshold 4 (max 8)
- age   1:   11352360 bytes,   11352360 total
- age   2:    4357144 bytes,   15709504 total
- age   3:    3704840 bytes,   19414344 total
- age   4:     958408 bytes,   20372752 total
- age   5:        656 bytes,   20373408 total
- age   7:        224 bytes,   20373632 total
: 102433K->21824K(109248K), 0.0066269 secs] 221860K->142891K(502464K), 0.0066954 secs] [Times: user=0.03 sys=0.00, real=0.01 secs] 
Heap after GC invocations=38 (full 2):
 par new generation   total 109248K, used 21824K [0x00000007a0000000, 0x00000007a8000000, 0x00000007a8000000)
  eden space 87424K,   0% used [0x00000007a0000000, 0x00000007a0000000, 0x00000007a5560000)
  from space 21824K, 100% used [0x00000007a5560000, 0x00000007a6ab0000, 0x00000007a6ab0000)
  to   space 21824K,   0% used [0x00000007a6ab0000, 0x00000007a6ab0000, 0x00000007a8000000)
 concurrent mark-sweep generation total 393216K, used 121067K [0x00000007a8000000, 0x00000007c0000000, 0x00000007c0000000)
 Metaspace       used 35709K, capacity 36262K, committed 36560K, reserved 1081344K
  class space    used 4101K, capacity 4284K, committed 4348K, reserved 1048576K
}
2016-10-24T04:14:04.630+0800: 1618.635: Total time for which application threads were stopped: 0.0068851 seconds, Stopping threads took: 0.0000246 seconds
{Heap before GC invocations=38 (full 2):
 par new generation   total 109248K, used 109248K [0x00000007a0000000, 0x00000007a8000000, 0x00000007a8000000)
  eden space 87424K, 100% used [0x00000007a0000000, 0x00000007a5560000, 0x00000007a5560000)
  from space 21824K, 100% used [0x00000007a5560000, 0x00000007a6ab0000, 0x00000007a6ab0000)
  to   space 21824K,   0% used [0x00000007a6ab0000, 0x00000007a6ab0000, 0x00000007a8000000)
 concurrent mark-sweep generation total 393216K, used 121067K [0x00000007a8000000, 0x00000007c0000000, 0x00000007c0000000)
 Metaspace       used 35709K, capacity 36262K, committed 36560K, reserved 1081344K
  class space    used 4101K, capacity 4284K, committed 4348K, reserved 1048576K
2016-10-24T04:14:04.890+0800: 1618.894: [GC (Allocation Failure) 2016-10-24T04:14:04.890+0800: 1618.894: [ParNew
Desired survivor size 20112992 bytes, new threshold 8 (max 8)
- age   1:    8408104 bytes,    8408104 total
- age   2:    4212728 bytes,   12620832 total
- age   3:    3195304 bytes,   15816136 total
- age   4:    2969328 bytes,   18785464 total
: 109248K->21824K(109248K), 0.0089571 secs] 230315K->149923K(502464K), 0.0090339 secs] [Times: user=0.04 sys=0.00, real=0.00 secs] 
Heap after GC invocations=39 (full 2):
 par new generation   total 109248K, used 21824K [0x00000007a0000000, 0x00000007a8000000, 0x00000007a8000000)
  eden space 87424K,   0% used [0x00000007a0000000, 0x00000007a0000000, 0x00000007a5560000)
  from space 21824K, 100% used [0x00000007a6ab0000, 0x00000007a8000000, 0x00000007a8000000)
  to   space 21824K,   0% used [0x00000007a5560000, 0x00000007a5560000, 0x00000007a6ab0000)
 concurrent mark-sweep generation total 393216K, used 128099K [0x00000007a8000000, 0x00000007c0000000, 0x00000007c0000000)
 Metaspace       used 35709K, capacity 36262K, committed 36560K, reserved 1081344K
  class space    used 4101K, capacity 4284K, committed 4348K, reserved 1048576K
}
2016-10-24T04:14:04.899+0800: 1618.904: Total time for which application threads were stopped: 0.0092218 seconds, Stopping threads took: 0.0000334 seconds
{Heap before GC invocations=39 (full 2):
 par new generation   total 109248K, used 108921K [0x00000007a0000000, 0x00000007a8000000, 0x00000007a8000000)
  eden space 87424K,  99% used [0x00000007a0000000, 0x00000007a550e6f8, 0x00000007a5560000)
  from space 21824K, 100% used [0x00000007a6ab0000, 0x00000007a8000000, 0x00000007a8000000)
  to   space 21824K,   0% used [0x00000007a5560000, 0x00000007a5560000, 0x00000007a6ab0000)
 concurrent mark-sweep generation total 393216K, used 128099K [0x00000007a8000000, 0x00000007c0000000, 0x00000007c0000000)
 Metaspace       used 35710K, capacity 36262K, committed 36560K, reserved 1081344K
  class space    used 4101K, capacity 4284K, committed 4348K, reserved 1048576K
2016-10-24T04:14:05.166+0800: 1619.170: [GC (Allocation Failure) 2016-10-24T04:14:05.166+0800: 1619.170: [ParNew
Desired survivor size 20112992 bytes, new threshold 8 (max 8)
- age   1:    5615896 bytes,    5615896 total
- age   2:    3565960 bytes,    9181856 total
- age   3:    2944656 bytes,   12126512 total
- age   4:    3009224 bytes,   15135736 total
- age   5:    2658576 bytes,   17794312 total
: 108921K->21824K(109248K), 0.0082304 secs] 237021K->159436K(502464K), 0.0082897 secs] [Times: user=0.03 sys=0.00, real=0.01 secs] 
Heap after GC invocations=40 (full 2):
 par new generation   total 109248K, used 21824K [0x00000007a0000000, 0x00000007a8000000, 0x00000007a8000000)
  eden space 87424K,   0% used [0x00000007a0000000, 0x00000007a0000000, 0x00000007a5560000)
  from space 21824K, 100% used [0x00000007a5560000, 0x00000007a6ab0000, 0x00000007a6ab0000)
  to   space 21824K,   0% used [0x00000007a6ab0000, 0x00000007a6ab0000, 0x00000007a8000000)
 concurrent mark-sweep generation total 393216K, used 137612K [0x00000007a8000000, 0x00000007c0000000, 0x00000007c0000000)
 Metaspace       used 35710K, capacity 36262K, committed 36560K, reserved 1081344K
  class space    used 4101K, capacity 4284K, committed 4348K, reserved 1048576K
}
2016-10-24T04:14:05.174+0800: 1619.178: Total time for which application threads were stopped: 0.0084790 seconds, Stopping threads took: 0.0000316 seconds
{Heap before GC invocations=40 (full 2):
 par new generation   total 109248K, used 109248K [0x00000007a0000000, 0x00000007a8000000, 0x00000007a8000000)
  eden space 87424K, 100% used [0x00000007a0000000, 0x00000007a5560000, 0x00000007a5560000)
  from space 21824K, 100% used [0x00000007a5560000, 0x00000007a6ab0000, 0x00000007a6ab0000)
  to   space 21824K,   0% used [0x00000007a6ab0000, 0x00000007a6ab0000, 0x00000007a8000000)
 concurrent mark-sweep generation total 393216K, used 137612K [0x00000007a8000000, 0x00000007c0000000, 0x00000007c0000000)
 Metaspace       used 35710K, capacity 36262K, committed 36560K, reserved 1081344K
  class space    used 4101K, capacity 4284K, committed 4348K, reserved 1048576K
2016-10-24T04:14:05.469+0800: 1619.473: [GC (Allocation Failure) 2016-10-24T04:14:05.469+0800: 1619.473: [ParNew
Desired survivor size 20112992 bytes, new threshold 6 (max 8)
- age   1:   11913568 bytes,   11913568 total
- age   2:    2685864 bytes,   14599432 total
- age   3:    1501568 bytes,   16101000 total
- age   4:    1236016 bytes,   17337016 total
- age   5:    1238816 bytes,   18575832 total
- age   6:    2010368 bytes,   20586200 total
: 109248K->21824K(109248K), 0.0109847 secs] 246860K->173212K(502464K), 0.0110510 secs] [Times: user=0.04 sys=0.00, real=0.02 secs] 
Heap after GC invocations=41 (full 2):
 par new generation   total 109248K, used 21824K [0x00000007a0000000, 0x00000007a8000000, 0x00000007a8000000)
  eden space 87424K,   0% used [0x00000007a0000000, 0x00000007a0000000, 0x00000007a5560000)
  from space 21824K, 100% used [0x00000007a6ab0000, 0x00000007a8000000, 0x00000007a8000000)
  to   space 21824K,   0% used [0x00000007a5560000, 0x00000007a5560000, 0x00000007a6ab0000)
 concurrent mark-sweep generation total 393216K, used 151388K [0x00000007a8000000, 0x00000007c0000000, 0x00000007c0000000)
 Metaspace       used 35710K, capacity 36262K, committed 36560K, reserved 1081344K
  class space    used 4101K, capacity 4284K, committed 4348K, reserved 1048576K
}
2016-10-24T04:14:05.480+0800: 1619.484: Total time for which application threads were stopped: 0.0112427 seconds, Stopping threads took: 0.0000301 seconds
{Heap before GC invocations=41 (full 2):
 par new generation   total 109248K, used 109248K [0x00000007a0000000, 0x00000007a8000000, 0x00000007a8000000)
  eden space 87424K, 100% used [0x00000007a0000000, 0x00000007a5560000, 0x00000007a5560000)
  from space 21824K, 100% used [0x00000007a6ab0000, 0x00000007a8000000, 0x00000007a8000000)
  to   space 21824K,   0% used [0x00000007a5560000, 0x00000007a5560000, 0x00000007a6ab0000)
 concurrent mark-sweep generation total 393216K, used 151388K [0x00000007a8000000, 0x00000007c0000000, 0x00000007c0000000)
 Metaspace       used 35710K, capacity 36262K, committed 36560K, reserved 1081344K
  class space    used 4101K, capacity 4284K, committed 4348K, reserved 1048576K
2016-10-24T04:14:05.741+0800: 1619.745: [GC (Allocation Failure) 2016-10-24T04:14:05.741+0800: 1619.745: [ParNew
Desired survivor size 20112992 bytes, new threshold 6 (max 8)
- age   1:    8757360 bytes,    8757360 total
- age   2:    5485608 bytes,   14242968 total
- age   3:    2607192 bytes,   16850160 total
- age   4:    1424328 bytes,   18274488 total
- age   5:    1175440 bytes,   19449928 total
- age   6:    1179520 bytes,   20629448 total
: 109248K->21824K(109248K), 0.0104867 secs] 260636K->181488K(502464K), 0.0105474 secs] [Times: user=0.04 sys=0.00, real=0.01 secs] 
Heap after GC invocations=42 (full 2):
 par new generation   total 109248K, used 21824K [0x00000007a0000000, 0x00000007a8000000, 0x00000007a8000000)
  eden space 87424K,   0% used [0x00000007a0000000, 0x00000007a0000000, 0x00000007a5560000)
  from space 21824K, 100% used [0x00000007a5560000, 0x00000007a6ab0000, 0x00000007a6ab0000)
  to   space 21824K,   0% used [0x00000007a6ab0000, 0x00000007a6ab0000, 0x00000007a8000000)
 concurrent mark-sweep generation total 393216K, used 159664K [0x00000007a8000000, 0x00000007c0000000, 0x00000007c0000000)
 Metaspace       used 35710K, capacity 36262K, committed 36560K, reserved 1081344K
  class space    used 4101K, capacity 4284K, committed 4348K, reserved 1048576K
}
2016-10-24T04:14:05.752+0800: 1619.756: Total time for which application threads were stopped: 0.0107335 seconds, Stopping threads took: 0.0000249 seconds
{Heap before GC invocations=42 (full 2):
 par new generation   total 109248K, used 109248K [0x00000007a0000000, 0x00000007a8000000, 0x00000007a8000000)
  eden space 87424K, 100% used [0x00000007a0000000, 0x00000007a5560000, 0x00000007a5560000)
  from space 21824K, 100% used [0x00000007a5560000, 0x00000007a6ab0000, 0x00000007a6ab0000)
  to   space 21824K,   0% used [0x00000007a6ab0000, 0x00000007a6ab0000, 0x00000007a8000000)
 concurrent mark-sweep generation total 393216K, used 159664K [0x00000007a8000000, 0x00000007c0000000, 0x00000007c0000000)
 Metaspace       used 35710K, capacity 36262K, committed 36560K, reserved 1081344K
  class space    used 4101K, capacity 4284K, committed 4348K, reserved 1048576K
2016-10-24T04:14:06.049+0800: 1620.053: [GC (Allocation Failure) 2016-10-24T04:14:06.049+0800: 1620.053: [ParNew
Desired survivor size 20112992 bytes, new threshold 8 (max 8)
- age   1:   10463016 bytes,   10463016 total
- age   2:    1823920 bytes,   12286936 total
- age   3:    4539480 bytes,   16826416 total
- age   4:    1590424 bytes,   18416840 total
- age   5:     740232 bytes,   19157072 total
- age   6:     573064 bytes,   19730136 total
: 109248K->21824K(109248K), 0.0130827 secs] 268912K->193286K(502464K), 0.0131419 secs] [Times: user=0.05 sys=0.00, real=0.02 secs] 
Heap after GC invocations=43 (full 2):
 par new generation   total 109248K, used 21824K [0x00000007a0000000, 0x00000007a8000000, 0x00000007a8000000)
  eden space 87424K,   0% used [0x00000007a0000000, 0x00000007a0000000, 0x00000007a5560000)
  from space 21824K, 100% used [0x00000007a6ab0000, 0x00000007a8000000, 0x00000007a8000000)
  to   space 21824K,   0% used [0x00000007a5560000, 0x00000007a5560000, 0x00000007a6ab0000)
 concurrent mark-sweep generation total 393216K, used 171462K [0x00000007a8000000, 0x00000007c0000000, 0x00000007c0000000)
 Metaspace       used 35710K, capacity 36262K, committed 36560K, reserved 1081344K
  class space    used 4101K, capacity 4284K, committed 4348K, reserved 1048576K
}
2016-10-24T04:14:06.062+0800: 1620.066: Total time for which application threads were stopped: 0.0133197 seconds, Stopping threads took: 0.0000296 seconds
{Heap before GC invocations=43 (full 2):
 par new generation   total 109248K, used 109248K [0x00000007a0000000, 0x00000007a8000000, 0x00000007a8000000)
  eden space 87424K, 100% used [0x00000007a0000000, 0x00000007a5560000, 0x00000007a5560000)
  from space 21824K, 100% used [0x00000007a6ab0000, 0x00000007a8000000, 0x00000007a8000000)
  to   space 21824K,   0% used [0x00000007a5560000, 0x00000007a5560000, 0x00000007a6ab0000)
 concurrent mark-sweep generation total 393216K, used 171462K [0x00000007a8000000, 0x00000007c0000000, 0x00000007c0000000)
 Metaspace       used 35710K, capacity 36262K, committed 36560K, reserved 1081344K
  class space    used 4101K, capacity 4284K, committed 4348K, reserved 1048576K
2016-10-24T04:14:06.406+0800: 1620.410: [GC (Allocation Failure) 2016-10-24T04:14:06.406+0800: 1620.410: [ParNew
Desired survivor size 20112992 bytes, new threshold 8 (max 8)
- age   1:    8624304 bytes,    8624304 total
- age   2:    2996728 bytes,   11621032 total
- age   3:    1673944 bytes,   13294976 total
- age   4:    2433800 bytes,   15728776 total
- age   5:    1545696 bytes,   17274472 total
- age   6:     735072 bytes,   18009544 total
- age   7:     571168 bytes,   18580712 total
: 109248K->21824K(109248K), 0.0126051 secs] 280710K->204838K(502464K), 0.0126679 secs] [Times: user=0.04 sys=0.00, real=0.01 secs] 
Heap after GC invocations=44 (full 2):
 par new generation   total 109248K, used 21824K [0x00000007a0000000, 0x00000007a8000000, 0x00000007a8000000)
  eden space 87424K,   0% used [0x00000007a0000000, 0x00000007a0000000, 0x00000007a5560000)
  from space 21824K, 100% used [0x00000007a5560000, 0x00000007a6ab0000, 0x00000007a6ab0000)
  to   space 21824K,   0% used [0x00000007a6ab0000, 0x00000007a6ab0000, 0x00000007a8000000)
 concurrent mark-sweep generation total 393216K, used 183014K [0x00000007a8000000, 0x00000007c0000000, 0x00000007c0000000)
 Metaspace       used 35710K, capacity 36262K, committed 36560K, reserved 1081344K
  class space    used 4101K, capacity 4284K, committed 4348K, reserved 1048576K
}
2016-10-24T04:14:06.419+0800: 1620.423: Total time for which application threads were stopped: 0.0128426 seconds, Stopping threads took: 0.0000200 seconds
{Heap before GC invocations=44 (full 2):
 par new generation   total 109248K, used 109248K [0x00000007a0000000, 0x00000007a8000000, 0x00000007a8000000)
  eden space 87424K, 100% used [0x00000007a0000000, 0x00000007a5560000, 0x00000007a5560000)
  from space 21824K, 100% used [0x00000007a5560000, 0x00000007a6ab0000, 0x00000007a6ab0000)
  to   space 21824K,   0% used [0x00000007a6ab0000, 0x00000007a6ab0000, 0x00000007a8000000)
 concurrent mark-sweep generation total 393216K, used 183014K [0x00000007a8000000, 0x00000007c0000000, 0x00000007c0000000)
 Metaspace       used 35710K, capacity 36262K, committed 36560K, reserved 1081344K
  class space    used 4101K, capacity 4284K, committed 4348K, reserved 1048576K
2016-10-24T04:14:06.753+0800: 1620.757: [GC (Allocation Failure) 2016-10-24T04:14:06.753+0800: 1620.757: [ParNew
Desired survivor size 20112992 bytes, new threshold 6 (max 8)
- age   1:    8216144 bytes,    8216144 total
- age   2:    4201624 bytes,   12417768 total
- age   3:    2748192 bytes,   15165960 total
- age   4:    1647640 bytes,   16813600 total
- age   5:    2411008 bytes,   19224608 total
- age   6:    1525736 bytes,   20750344 total
- age   7:     713792 bytes,   21464136 total
- age   8:     552616 bytes,   22016752 total
: 109248K->21824K(109248K), 0.0149758 secs] 292262K->216411K(502464K), 0.0150583 secs] [Times: user=0.05 sys=0.01, real=0.01 secs] 
Heap after GC invocations=45 (full 2):
 par new generation   total 109248K, used 21824K [0x00000007a0000000, 0x00000007a8000000, 0x00000007a8000000)
  eden space 87424K,   0% used [0x00000007a0000000, 0x00000007a0000000, 0x00000007a5560000)
  from space 21824K, 100% used [0x00000007a6ab0000, 0x00000007a8000000, 0x00000007a8000000)
  to   space 21824K,   0% used [0x00000007a5560000, 0x00000007a5560000, 0x00000007a6ab0000)
 concurrent mark-sweep generation total 393216K, used 194587K [0x00000007a8000000, 0x00000007c0000000, 0x00000007c0000000)
 Metaspace       used 35710K, capacity 36262K, committed 36560K, reserved 1081344K
  class space    used 4101K, capacity 4284K, committed 4348K, reserved 1048576K
}
2016-10-24T04:14:06.768+0800: 1620.772: Total time for which application threads were stopped: 0.0152838 seconds, Stopping threads took: 0.0000273 seconds
{Heap before GC invocations=45 (full 2):
 par new generation   total 109248K, used 108375K [0x00000007a0000000, 0x00000007a8000000, 0x00000007a8000000)
  eden space 87424K,  99% used [0x00000007a0000000, 0x00000007a5485ff0, 0x00000007a5560000)
  from space 21824K, 100% used [0x00000007a6ab0000, 0x00000007a8000000, 0x00000007a8000000)
  to   space 21824K,   0% used [0x00000007a5560000, 0x00000007a5560000, 0x00000007a6ab0000)
 concurrent mark-sweep generation total 393216K, used 194587K [0x00000007a8000000, 0x00000007c0000000, 0x00000007c0000000)
 Metaspace       used 35711K, capacity 36262K, committed 36560K, reserved 1081344K
  class space    used 4101K, capacity 4284K, committed 4348K, reserved 1048576K
2016-10-24T04:14:07.184+0800: 1621.189: [GC (Allocation Failure) 2016-10-24T04:14:07.184+0800: 1621.189: [ParNew
Desired survivor size 20112992 bytes, new threshold 6 (max 8)
- age   1:    7668792 bytes,    7668792 total
- age   2:    3640944 bytes,   11309736 total
- age   3:    3682744 bytes,   14992480 total
- age   4:    2607168 bytes,   17599648 total
- age   5:    1547160 bytes,   19146808 total
- age   6:    1534448 bytes,   20681256 total
: 108375K->21824K(109248K), 0.0209873 secs] 302963K->234255K(502464K), 0.0210491 secs] [Times: user=0.06 sys=0.01, real=0.02 secs] 
Heap after GC invocations=46 (full 2):
 par new generation   total 109248K, used 21824K [0x00000007a0000000, 0x00000007a8000000, 0x00000007a8000000)
  eden space 87424K,   0% used [0x00000007a0000000, 0x00000007a0000000, 0x00000007a5560000)
  from space 21824K, 100% used [0x00000007a5560000, 0x00000007a6ab0000, 0x00000007a6ab0000)
  to   space 21824K,   0% used [0x00000007a6ab0000, 0x00000007a6ab0000, 0x00000007a8000000)
 concurrent mark-sweep generation total 393216K, used 212431K [0x00000007a8000000, 0x00000007c0000000, 0x00000007c0000000)
 Metaspace       used 35711K, capacity 36262K, committed 36560K, reserved 1081344K
  class space    used 4101K, capacity 4284K, committed 4348K, reserved 1048576K
}
2016-10-24T04:14:07.206+0800: 1621.210: Total time for which application threads were stopped: 0.0212693 seconds, Stopping threads took: 0.0000214 seconds
2016-10-24T04:14:07.206+0800: 1621.210: [GC (CMS Initial Mark) [1 CMS-initial-mark: 212431K(393216K)] 235451K(502464K), 0.0045857 secs] [Times: user=0.02 sys=0.00, real=0.01 secs] 
2016-10-24T04:14:07.210+0800: 1621.215: Total time for which application threads were stopped: 0.0048475 seconds, Stopping threads took: 0.0001334 seconds
2016-10-24T04:14:07.211+0800: 1621.215: [CMS-concurrent-mark-start]
2016-10-24T04:14:07.228+0800: 1621.232: [CMS-concurrent-mark: 0.017/0.017 secs] [Times: user=0.08 sys=0.00, real=0.01 secs] 
2016-10-24T04:14:07.228+0800: 1621.232: [CMS-concurrent-preclean-start]
2016-10-24T04:14:07.229+0800: 1621.233: [CMS-concurrent-preclean: 0.001/0.001 secs] [Times: user=0.00 sys=0.00, real=0.00 secs] 
2016-10-24T04:14:07.229+0800: 1621.233: [CMS-concurrent-abortable-preclean-start]
{Heap before GC invocations=46 (full 3):
 par new generation   total 109248K, used 109248K [0x00000007a0000000, 0x00000007a8000000, 0x00000007a8000000)
  eden space 87424K, 100% used [0x00000007a0000000, 0x00000007a5560000, 0x00000007a5560000)
  from space 21824K, 100% used [0x00000007a5560000, 0x00000007a6ab0000, 0x00000007a6ab0000)
  to   space 21824K,   0% used [0x00000007a6ab0000, 0x00000007a6ab0000, 0x00000007a8000000)
 concurrent mark-sweep generation total 393216K, used 212431K [0x00000007a8000000, 0x00000007c0000000, 0x00000007c0000000)
 Metaspace       used 35711K, capacity 36262K, committed 36560K, reserved 1081344K
  class space    used 4101K, capacity 4284K, committed 4348K, reserved 1048576K
2016-10-24T04:14:07.562+0800: 1621.566: [GC (Allocation Failure) 2016-10-24T04:14:07.562+0800: 1621.566: [ParNew
Desired survivor size 20112992 bytes, new threshold 6 (max 8)
- age   1:    7763296 bytes,    7763296 total
- age   2:    4428352 bytes,   12191648 total
- age   3:    1987680 bytes,   14179328 total
- age   4:    3264600 bytes,   17443928 total
- age   5:    2447904 bytes,   19891832 total
- age   6:    1374056 bytes,   21265888 total
: 109248K->21824K(109248K), 0.0188286 secs] 321679K->247633K(502464K), 0.0188751 secs] [Times: user=0.06 sys=0.01, real=0.02 secs] 
Heap after GC invocations=47 (full 3):
 par new generation   total 109248K, used 21824K [0x00000007a0000000, 0x00000007a8000000, 0x00000007a8000000)
  eden space 87424K,   0% used [0x00000007a0000000, 0x00000007a0000000, 0x00000007a5560000)
  from space 21824K, 100% used [0x00000007a6ab0000, 0x00000007a8000000, 0x00000007a8000000)
  to   space 21824K,   0% used [0x00000007a5560000, 0x00000007a5560000, 0x00000007a6ab0000)
 concurrent mark-sweep generation total 393216K, used 225809K [0x00000007a8000000, 0x00000007c0000000, 0x00000007c0000000)
 Metaspace       used 35711K, capacity 36262K, committed 36560K, reserved 1081344K
  class space    used 4101K, capacity 4284K, committed 4348K, reserved 1048576K
}
2016-10-24T04:14:07.581+0800: 1621.585: Total time for which application threads were stopped: 0.0190578 seconds, Stopping threads took: 0.0000178 seconds
2016-10-24T04:14:07.727+0800: 1621.731: [CMS-concurrent-abortable-preclean: 0.477/0.498 secs] [Times: user=1.00 sys=0.02, real=0.50 secs] 
2016-10-24T04:14:07.727+0800: 1621.731: [GC (CMS Final Remark) [YG occupancy: 67989 K (109248 K)]{Heap before GC invocations=47 (full 3):
 par new generation   total 109248K, used 67989K [0x00000007a0000000, 0x00000007a8000000, 0x00000007a8000000)
  eden space 87424K,  52% used [0x00000007a0000000, 0x00000007a2d154a8, 0x00000007a5560000)
  from space 21824K, 100% used [0x00000007a6ab0000, 0x00000007a8000000, 0x00000007a8000000)
  to   space 21824K,   0% used [0x00000007a5560000, 0x00000007a5560000, 0x00000007a6ab0000)
 concurrent mark-sweep generation total 393216K, used 225809K [0x00000007a8000000, 0x00000007c0000000, 0x00000007c0000000)
 Metaspace       used 35711K, capacity 36262K, committed 36560K, reserved 1081344K
  class space    used 4101K, capacity 4284K, committed 4348K, reserved 1048576K
2016-10-24T04:14:07.727+0800: 1621.731: [GC (CMS Final Remark) 2016-10-24T04:14:07.727+0800: 1621.731: [ParNew
Desired survivor size 20112992 bytes, new threshold 6 (max 8)
- age   1:    4765184 bytes,    4765184 total
- age   2:    5716552 bytes,   10481736 total
- age   3:    3871272 bytes,   14353008 total
- age   4:    1751184 bytes,   16104192 total
- age   5:    3096608 bytes,   19200800 total
- age   6:    2333312 bytes,   21534112 total
: 67989K->21824K(109248K), 0.0208245 secs] 293799K->263230K(502464K), 0.0208697 secs] [Times: user=0.06 sys=0.01, real=0.02 secs] 
Heap after GC invocations=48 (full 3):
 par new generation   total 109248K, used 21824K [0x00000007a0000000, 0x00000007a8000000, 0x00000007a8000000)
  eden space 87424K,   0% used [0x00000007a0000000, 0x00000007a0000000, 0x00000007a5560000)
  from space 21824K, 100% used [0x00000007a5560000, 0x00000007a6ab0000, 0x00000007a6ab0000)
  to   space 21824K,   0% used [0x00000007a6ab0000, 0x00000007a6ab0000, 0x00000007a8000000)
 concurrent mark-sweep generation total 393216K, used 241406K [0x00000007a8000000, 0x00000007c0000000, 0x00000007c0000000)
 Metaspace       used 35711K, capacity 36262K, committed 36560K, reserved 1081344K
  class space    used 4101K, capacity 4284K, committed 4348K, reserved 1048576K
}
2016-10-24T04:14:07.748+0800: 1621.752: [Rescan (parallel) , 0.0048775 secs]2016-10-24T04:14:07.753+0800: 1621.757: [weak refs processing, 0.0008747 secs]2016-10-24T04:14:07.754+0800: 1621.758: [class unloading, 0.0116048 secs]2016-10-24T04:14:07.765+0800: 1621.770: [scrub symbol table, 0.0083003 secs]2016-10-24T04:14:07.774+0800: 1621.778: [scrub string table, 0.0005169 secs][1 CMS-remark: 241406K(393216K)] 263230K(502464K), 0.0473713 secs] [Times: user=0.10 sys=0.02, real=0.05 secs] 
2016-10-24T04:14:07.775+0800: 1621.779: Total time for which application threads were stopped: 0.0475815 seconds, Stopping threads took: 0.0000756 seconds
2016-10-24T04:14:07.775+0800: 1621.779: [CMS-concurrent-sweep-start]
2016-10-24T04:14:07.837+0800: 1621.841: [CMS-concurrent-sweep: 0.063/0.063 secs] [Times: user=0.11 sys=0.00, real=0.06 secs] 
2016-10-24T04:14:07.837+0800: 1621.842: [CMS-concurrent-reset-start]
2016-10-24T04:14:07.838+0800: 1621.842: [CMS-concurrent-reset: 0.000/0.000 secs] [Times: user=0.00 sys=0.00, real=0.00 secs] 
{Heap before GC invocations=48 (full 3):
 par new generation   total 109248K, used 109248K [0x00000007a0000000, 0x00000007a8000000, 0x00000007a8000000)
  eden space 87424K, 100% used [0x00000007a0000000, 0x00000007a5560000, 0x00000007a5560000)
  from space 21824K, 100% used [0x00000007a5560000, 0x00000007a6ab0000, 0x00000007a6ab0000)
  to   space 21824K,   0% used [0x00000007a6ab0000, 0x00000007a6ab0000, 0x00000007a8000000)
 concurrent mark-sweep generation total 393216K, used 112108K [0x00000007a8000000, 0x00000007c0000000, 0x00000007c0000000)
 Metaspace       used 35707K, capacity 36256K, committed 36560K, reserved 1081344K
  class space    used 4101K, capacity 4283K, committed 4348K, reserved 1048576K
2016-10-24T04:14:08.317+0800: 1622.321: [GC (Allocation Failure) 2016-10-24T04:14:08.317+0800: 1622.321: [ParNew
Desired survivor size 20112992 bytes, new threshold 6 (max 8)
- age   1:    6512408 bytes,    6512408 total
- age   2:    2753224 bytes,    9265632 total
- age   3:    3645784 bytes,   12911416 total
- age   4:    3082248 bytes,   15993664 total
- age   5:    1474864 bytes,   17468528 total
- age   6:    2824136 bytes,   20292664 total
: 109248K->21824K(109248K), 0.0156190 secs] 221356K->141997K(502464K), 0.0156664 secs] [Times: user=0.05 sys=0.00, real=0.02 secs] 
Heap after GC invocations=49 (full 3):
 par new generation   total 109248K, used 21824K [0x00000007a0000000, 0x00000007a8000000, 0x00000007a8000000)
  eden space 87424K,   0% used [0x00000007a0000000, 0x00000007a0000000, 0x00000007a5560000)
  from space 21824K, 100% used [0x00000007a6ab0000, 0x00000007a8000000, 0x00000007a8000000)
  to   space 21824K,   0% used [0x00000007a5560000, 0x00000007a5560000, 0x00000007a6ab0000)
 concurrent mark-sweep generation total 393216K, used 120173K [0x00000007a8000000, 0x00000007c0000000, 0x00000007c0000000)
 Metaspace       used 35707K, capacity 36256K, committed 36560K, reserved 1081344K
  class space    used 4101K, capacity 4283K, committed 4348K, reserved 1048576K
}
2016-10-24T04:14:08.333+0800: 1622.337: Total time for which application threads were stopped: 0.0158630 seconds, Stopping threads took: 0.0000189 seconds
{Heap before GC invocations=49 (full 3):
 par new generation   total 109248K, used 109248K [0x00000007a0000000, 0x00000007a8000000, 0x00000007a8000000)
  eden space 87424K, 100% used [0x00000007a0000000, 0x00000007a5560000, 0x00000007a5560000)
  from space 21824K, 100% used [0x00000007a6ab0000, 0x00000007a8000000, 0x00000007a8000000)
  to   space 21824K,   0% used [0x00000007a5560000, 0x00000007a5560000, 0x00000007a6ab0000)
 concurrent mark-sweep generation total 393216K, used 120173K [0x00000007a8000000, 0x00000007c0000000, 0x00000007c0000000)
 Metaspace       used 35707K, capacity 36256K, committed 36560K, reserved 1081344K
  class space    used 4101K, capacity 4283K, committed 4348K, reserved 1048576K
2016-10-24T04:14:08.664+0800: 1622.668: [GC (Allocation Failure) 2016-10-24T04:14:08.664+0800: 1622.668: [ParNew
Desired survivor size 20112992 bytes, new threshold 5 (max 8)
- age   1:    7527040 bytes,    7527040 total
- age   2:    3994688 bytes,   11521728 total
- age   3:    2589968 bytes,   14111696 total
- age   4:    3547248 bytes,   17658944 total
- age   5:    3032224 bytes,   20691168 total
- age   6:    1418400 bytes,   22109568 total
: 109248K->21824K(109248K), 0.0172151 secs] 229421K->163601K(502464K), 0.0172736 secs] [Times: user=0.06 sys=0.00, real=0.02 secs] 
Heap after GC invocations=50 (full 3):
 par new generation   total 109248K, used 21824K [0x00000007a0000000, 0x00000007a8000000, 0x00000007a8000000)
  eden space 87424K,   0% used [0x00000007a0000000, 0x00000007a0000000, 0x00000007a5560000)
  from space 21824K, 100% used [0x00000007a5560000, 0x00000007a6ab0000, 0x00000007a6ab0000)
  to   space 21824K,   0% used [0x00000007a6ab0000, 0x00000007a6ab0000, 0x00000007a8000000)
 concurrent mark-sweep generation total 393216K, used 141777K [0x00000007a8000000, 0x00000007c0000000, 0x00000007c0000000)
 Metaspace       used 35707K, capacity 36256K, committed 36560K, reserved 1081344K
  class space    used 4101K, capacity 4283K, committed 4348K, reserved 1048576K
}
2016-10-24T04:14:08.682+0800: 1622.686: Total time for which application threads were stopped: 0.0174554 seconds, Stopping threads took: 0.0000219 seconds
{Heap before GC invocations=50 (full 3):
 par new generation   total 109248K, used 109248K [0x00000007a0000000, 0x00000007a8000000, 0x00000007a8000000)
  eden space 87424K, 100% used [0x00000007a0000000, 0x00000007a5560000, 0x00000007a5560000)
  from space 21824K, 100% used [0x00000007a5560000, 0x00000007a6ab0000, 0x00000007a6ab0000)
  to   space 21824K,   0% used [0x00000007a6ab0000, 0x00000007a6ab0000, 0x00000007a8000000)
 concurrent mark-sweep generation total 393216K, used 141777K [0x00000007a8000000, 0x00000007c0000000, 0x00000007c0000000)
 Metaspace       used 35707K, capacity 36256K, committed 36560K, reserved 1081344K
  class space    used 4101K, capacity 4283K, committed 4348K, reserved 1048576K
2016-10-24T04:14:09.024+0800: 1623.028: [GC (Allocation Failure) 2016-10-24T04:14:09.024+0800: 1623.028: [ParNew
Desired survivor size 20112992 bytes, new threshold 5 (max 8)
- age   1:    6925160 bytes,    6925160 total
- age   2:    4703672 bytes,   11628832 total
- age   3:    2605912 bytes,   14234744 total
- age   4:    2881576 bytes,   17116320 total
- age   5:    3971656 bytes,   21087976 total
: 109248K->21824K(109248K), 0.0154942 secs] 251025K->173787K(502464K), 0.0155559 secs] [Times: user=0.05 sys=0.00, real=0.01 secs] 
Heap after GC invocations=51 (full 3):
 par new generation   total 109248K, used 21824K [0x00000007a0000000, 0x00000007a8000000, 0x00000007a8000000)
  eden space 87424K,   0% used [0x00000007a0000000, 0x00000007a0000000, 0x00000007a5560000)
  from space 21824K, 100% used [0x00000007a6ab0000, 0x00000007a8000000, 0x00000007a8000000)
  to   space 21824K,   0% used [0x00000007a5560000, 0x00000007a5560000, 0x00000007a6ab0000)
 concurrent mark-sweep generation total 393216K, used 151963K [0x00000007a8000000, 0x00000007c0000000, 0x00000007c0000000)
 Metaspace       used 35707K, capacity 36256K, committed 36560K, reserved 1081344K
  class space    used 4101K, capacity 4283K, committed 4348K, reserved 1048576K
}
2016-10-24T04:14:09.039+0800: 1623.043: Total time for which application threads were stopped: 0.0157356 seconds, Stopping threads took: 0.0000213 seconds
{Heap before GC invocations=51 (full 3):
 par new generation   total 109248K, used 109248K [0x00000007a0000000, 0x00000007a8000000, 0x00000007a8000000)
  eden space 87424K, 100% used [0x00000007a0000000, 0x00000007a5560000, 0x00000007a5560000)
  from space 21824K, 100% used [0x00000007a6ab0000, 0x00000007a8000000, 0x00000007a8000000)
  to   space 21824K,   0% used [0x00000007a5560000, 0x00000007a5560000, 0x00000007a6ab0000)
 concurrent mark-sweep generation total 393216K, used 151963K [0x00000007a8000000, 0x00000007c0000000, 0x00000007c0000000)
 Metaspace       used 35707K, capacity 36256K, committed 36560K, reserved 1081344K
  class space    used 4101K, capacity 4283K, committed 4348K, reserved 1048576K
2016-10-24T04:14:09.295+0800: 1623.299: [GC (Allocation Failure) 2016-10-24T04:14:09.295+0800: 1623.299: [ParNew
Desired survivor size 20112992 bytes, new threshold 5 (max 8)
- age   1:    6449176 bytes,    6449176 total
- age   2:    4157040 bytes,   10606216 total
- age   3:    4665224 bytes,   15271440 total
- age   4:    2588296 bytes,   17859736 total
- age   5:    2579968 bytes,   20439704 total
: 109248K->21824K(109248K), 0.0132137 secs] 261211K->181221K(502464K), 0.0132720 secs] [Times: user=0.05 sys=0.00, real=0.01 secs] 
Heap after GC invocations=52 (full 3):
 par new generation   total 109248K, used 21824K [0x00000007a0000000, 0x00000007a8000000, 0x00000007a8000000)
  eden space 87424K,   0% used [0x00000007a0000000, 0x00000007a0000000, 0x00000007a5560000)
  from space 21824K, 100% used [0x00000007a5560000, 0x00000007a6ab0000, 0x00000007a6ab0000)
  to   space 21824K,   0% used [0x00000007a6ab0000, 0x00000007a6ab0000, 0x00000007a8000000)
 concurrent mark-sweep generation total 393216K, used 159397K [0x00000007a8000000, 0x00000007c0000000, 0x00000007c0000000)
 Metaspace       used 35707K, capacity 36256K, committed 36560K, reserved 1081344K
  class space    used 4101K, capacity 4283K, committed 4348K, reserved 1048576K
}
2016-10-24T04:14:09.308+0800: 1623.312: Total time for which application threads were stopped: 0.0134396 seconds, Stopping threads took: 0.0000294 seconds
{Heap before GC invocations=52 (full 3):
 par new generation   total 109248K, used 109248K [0x00000007a0000000, 0x00000007a8000000, 0x00000007a8000000)
  eden space 87424K, 100% used [0x00000007a0000000, 0x00000007a5560000, 0x00000007a5560000)
  from space 21824K, 100% used [0x00000007a5560000, 0x00000007a6ab0000, 0x00000007a6ab0000)
  to   space 21824K,   0% used [0x00000007a6ab0000, 0x00000007a6ab0000, 0x00000007a8000000)
 concurrent mark-sweep generation total 393216K, used 159397K [0x00000007a8000000, 0x00000007c0000000, 0x00000007c0000000)
 Metaspace       used 35707K, capacity 36256K, committed 36560K, reserved 1081344K
  class space    used 4101K, capacity 4283K, committed 4348K, reserved 1048576K
2016-10-24T04:14:09.559+0800: 1623.563: [GC (Allocation Failure) 2016-10-24T04:14:09.559+0800: 1623.563: [ParNew
Desired survivor size 20112992 bytes, new threshold 5 (max 8)
- age   1:    5107616 bytes,    5107616 total
- age   2:    4843744 bytes,    9951360 total
- age   3:    3976984 bytes,   13928344 total
- age   4:    4633904 bytes,   18562248 total
- age   5:    2550024 bytes,   21112272 total
: 109248K->21824K(109248K), 0.0145430 secs] 268645K->186124K(502464K), 0.0146302 secs] [Times: user=0.05 sys=0.00, real=0.02 secs] 
Heap after GC invocations=53 (full 3):
 par new generation   total 109248K, used 21824K [0x00000007a0000000, 0x00000007a8000000, 0x00000007a8000000)
  eden space 87424K,   0% used [0x00000007a0000000, 0x00000007a0000000, 0x00000007a5560000)
  from space 21824K, 100% used [0x00000007a6ab0000, 0x00000007a8000000, 0x00000007a8000000)
  to   space 21824K,   0% used [0x00000007a5560000, 0x00000007a5560000, 0x00000007a6ab0000)
 concurrent mark-sweep generation total 393216K, used 164300K [0x00000007a8000000, 0x00000007c0000000, 0x00000007c0000000)
 Metaspace       used 35707K, capacity 36256K, committed 36560K, reserved 1081344K
  class space    used 4101K, capacity 4283K, committed 4348K, reserved 1048576K
}
2016-10-24T04:14:09.574+0800: 1623.578: Total time for which application threads were stopped: 0.0148250 seconds, Stopping threads took: 0.0000292 seconds
2016-10-24T04:14:10.577+0800: 1624.582: Total time for which application threads were stopped: 0.0002049 seconds, Stopping threads took: 0.0000723 seconds
2016-10-24T04:14:14.855+0800: 1628.860: Total time for which application threads were stopped: 0.0001014 seconds, Stopping threads took: 0.0000189 seconds
2016-10-24T04:14:14.985+0800: 1628.989: Total time for which application threads were stopped: 0.0002534 seconds, Stopping threads took: 0.0000370 seconds
2016-10-24T04:14:14.985+0800: 1628.990: Total time for which application threads were stopped: 0.0000591 seconds, Stopping threads took: 0.0000095 seconds
{Heap before GC invocations=53 (full 3):
 par new generation   total 109248K, used 109248K [0x00000007a0000000, 0x00000007a8000000, 0x00000007a8000000)
  eden space 87424K, 100% used [0x00000007a0000000, 0x00000007a5560000, 0x00000007a5560000)
  from space 21824K, 100% used [0x00000007a6ab0000, 0x00000007a8000000, 0x00000007a8000000)
  to   space 21824K,   0% used [0x00000007a5560000, 0x00000007a5560000, 0x00000007a6ab0000)
 concurrent mark-sweep generation total 393216K, used 164300K [0x00000007a8000000, 0x00000007c0000000, 0x00000007c0000000)
 Metaspace       used 35711K, capacity 36256K, committed 36560K, reserved 1081344K
  class space    used 4101K, capacity 4283K, committed 4348K, reserved 1048576K
2016-10-24T04:14:15.910+0800: 1629.914: [GC (Allocation Failure) 2016-10-24T04:14:15.910+0800: 1629.914: [ParNew
Desired survivor size 20112992 bytes, new threshold 8 (max 8)
- age   1:     695200 bytes,     695200 total
- age   2:    4843336 bytes,    5538536 total
- age   3:    4595056 bytes,   10133592 total
- age   4:    3737240 bytes,   13870832 total
- age   5:    4499280 bytes,   18370112 total
: 109248K->21824K(109248K), 0.0141356 secs] 273548K->188497K(502464K), 0.0142077 secs] [Times: user=0.05 sys=0.00, real=0.01 secs] 
Heap after GC invocations=54 (full 3):
 par new generation   total 109248K, used 21824K [0x00000007a0000000, 0x00000007a8000000, 0x00000007a8000000)
  eden space 87424K,   0% used [0x00000007a0000000, 0x00000007a0000000, 0x00000007a5560000)
  from space 21824K, 100% used [0x00000007a5560000, 0x00000007a6ab0000, 0x00000007a6ab0000)
  to   space 21824K,   0% used [0x00000007a6ab0000, 0x00000007a6ab0000, 0x00000007a8000000)
 concurrent mark-sweep generation total 393216K, used 166673K [0x00000007a8000000, 0x00000007c0000000, 0x00000007c0000000)
 Metaspace       used 35711K, capacity 36256K, committed 36560K, reserved 1081344K
  class space    used 4101K, capacity 4283K, committed 4348K, reserved 1048576K
}
2016-10-24T04:14:15.924+0800: 1629.928: Total time for which application threads were stopped: 0.0144065 seconds, Stopping threads took: 0.0000284 seconds
{Heap before GC invocations=54 (full 3):
 par new generation   total 109248K, used 109248K [0x00000007a0000000, 0x00000007a8000000, 0x00000007a8000000)
  eden space 87424K, 100% used [0x00000007a0000000, 0x00000007a5560000, 0x00000007a5560000)
  from space 21824K, 100% used [0x00000007a5560000, 0x00000007a6ab0000, 0x00000007a6ab0000)
  to   space 21824K,   0% used [0x00000007a6ab0000, 0x00000007a6ab0000, 0x00000007a8000000)
 concurrent mark-sweep generation total 393216K, used 166673K [0x00000007a8000000, 0x00000007c0000000, 0x00000007c0000000)
 Metaspace       used 35711K, capacity 36256K, committed 36560K, reserved 1081344K
  class space    used 4101K, capacity 4283K, committed 4348K, reserved 1048576K
2016-10-24T04:14:16.033+0800: 1630.038: [GC (Allocation Failure) 2016-10-24T04:14:16.033+0800: 1630.038: [ParNew
Desired survivor size 20112992 bytes, new threshold 8 (max 8)
- age   1:      94672 bytes,      94672 total
- age   2:     562104 bytes,     656776 total
- age   3:    4476264 bytes,    5133040 total
- age   4:    4199120 bytes,    9332160 total
- age   5:    3722056 bytes,   13054216 total
- age   6:    4497288 bytes,   17551504 total
: 109248K->21824K(109248K), 0.0115242 secs] 275921K->189354K(502464K), 0.0115951 secs] [Times: user=0.06 sys=0.01, real=0.01 secs] 
Heap after GC invocations=55 (full 3):
 par new generation   total 109248K, used 21824K [0x00000007a0000000, 0x00000007a8000000, 0x00000007a8000000)
  eden space 87424K,   0% used [0x00000007a0000000, 0x00000007a0000000, 0x00000007a5560000)
  from space 21824K, 100% used [0x00000007a6ab0000, 0x00000007a8000000, 0x00000007a8000000)
  to   space 21824K,   0% used [0x00000007a5560000, 0x00000007a5560000, 0x00000007a6ab0000)
 concurrent mark-sweep generation total 393216K, used 167530K [0x00000007a8000000, 0x00000007c0000000, 0x00000007c0000000)
 Metaspace       used 35711K, capacity 36256K, committed 36560K, reserved 1081344K
  class space    used 4101K, capacity 4283K, committed 4348K, reserved 1048576K
}
2016-10-24T04:14:16.045+0800: 1630.049: Total time for which application threads were stopped: 0.0118047 seconds, Stopping threads took: 0.0000238 seconds
{Heap before GC invocations=55 (full 3):
 par new generation   total 109248K, used 109248K [0x00000007a0000000, 0x00000007a8000000, 0x00000007a8000000)
  eden space 87424K, 100% used [0x00000007a0000000, 0x00000007a5560000, 0x00000007a5560000)
  from space 21824K, 100% used [0x00000007a6ab0000, 0x00000007a8000000, 0x00000007a8000000)
  to   space 21824K,   0% used [0x00000007a5560000, 0x00000007a5560000, 0x00000007a6ab0000)
 concurrent mark-sweep generation total 393216K, used 167530K [0x00000007a8000000, 0x00000007c0000000, 0x00000007c0000000)
 Metaspace       used 35711K, capacity 36256K, committed 36560K, reserved 1081344K
  class space    used 4101K, capacity 4283K, committed 4348K, reserved 1048576K
2016-10-24T04:14:16.216+0800: 1630.221: [GC (Allocation Failure) 2016-10-24T04:14:16.216+0800: 1630.221: [ParNew
Desired survivor size 20112992 bytes, new threshold 8 (max 8)
- age   1:     143400 bytes,     143400 total
- age   2:      10456 bytes,     153856 total
- age   3:     408912 bytes,     562768 total
- age   4:    4455408 bytes,    5018176 total
- age   5:    4198984 bytes,    9217160 total
- age   6:    3722056 bytes,   12939216 total
- age   7:    4497288 bytes,   17436504 total
: 109248K->21824K(109248K), 0.0095326 secs] 276778K->189525K(502464K), 0.0095906 secs] [Times: user=0.03 sys=0.00, real=0.01 secs] 
Heap after GC invocations=56 (full 3):
 par new generation   total 109248K, used 21824K [0x00000007a0000000, 0x00000007a8000000, 0x00000007a8000000)
  eden space 87424K,   0% used [0x00000007a0000000, 0x00000007a0000000, 0x00000007a5560000)
  from space 21824K, 100% used [0x00000007a5560000, 0x00000007a6ab0000, 0x00000007a6ab0000)
  to   space 21824K,   0% used [0x00000007a6ab0000, 0x00000007a6ab0000, 0x00000007a8000000)
 concurrent mark-sweep generation total 393216K, used 167701K [0x00000007a8000000, 0x00000007c0000000, 0x00000007c0000000)
 Metaspace       used 35711K, capacity 36256K, committed 36560K, reserved 1081344K
  class space    used 4101K, capacity 4283K, committed 4348K, reserved 1048576K
}
2016-10-24T04:14:16.226+0800: 1630.230: Total time for which application threads were stopped: 0.0097752 seconds, Stopping threads took: 0.0000284 seconds
{Heap before GC invocations=56 (full 3):
 par new generation   total 109248K, used 109248K [0x00000007a0000000, 0x00000007a8000000, 0x00000007a8000000)
  eden space 87424K, 100% used [0x00000007a0000000, 0x00000007a5560000, 0x00000007a5560000)
  from space 21824K, 100% used [0x00000007a5560000, 0x00000007a6ab0000, 0x00000007a6ab0000)
  to   space 21824K,   0% used [0x00000007a6ab0000, 0x00000007a6ab0000, 0x00000007a8000000)
 concurrent mark-sweep generation total 393216K, used 167701K [0x00000007a8000000, 0x00000007c0000000, 0x00000007c0000000)
 Metaspace       used 35711K, capacity 36256K, committed 36560K, reserved 1081344K
  class space    used 4101K, capacity 4283K, committed 4348K, reserved 1048576K
2016-10-24T04:14:16.308+0800: 1630.313: [GC (Allocation Failure) 2016-10-24T04:14:16.308+0800: 1630.313: [ParNew
Desired survivor size 20112992 bytes, new threshold 8 (max 8)
- age   1:      73072 bytes,      73072 total
- age   2:      36824 bytes,     109896 total
- age   3:      10456 bytes,     120352 total
- age   4:     408912 bytes,     529264 total
- age   5:    4455456 bytes,    4984720 total
- age   6:    4198984 bytes,    9183704 total
- age   7:    3722056 bytes,   12905760 total
- age   8:    4497288 bytes,   17403048 total
: 109248K->21431K(109248K), 0.0093003 secs] 276949K->189133K(502464K), 0.0093712 secs] [Times: user=0.03 sys=0.01, real=0.01 secs] 
Heap after GC invocations=57 (full 3):
 par new generation   total 109248K, used 21431K [0x00000007a0000000, 0x00000007a8000000, 0x00000007a8000000)
  eden space 87424K,   0% used [0x00000007a0000000, 0x00000007a0000000, 0x00000007a5560000)
  from space 21824K,  98% used [0x00000007a6ab0000, 0x00000007a7f9deb8, 0x00000007a8000000)
  to   space 21824K,   0% used [0x00000007a5560000, 0x00000007a5560000, 0x00000007a6ab0000)
 concurrent mark-sweep generation total 393216K, used 167701K [0x00000007a8000000, 0x00000007c0000000, 0x00000007c0000000)
 Metaspace       used 35711K, capacity 36256K, committed 36560K, reserved 1081344K
  class space    used 4101K, capacity 4283K, committed 4348K, reserved 1048576K
}
2016-10-24T04:14:16.318+0800: 1630.322: Total time for which application threads were stopped: 0.0095516 seconds, Stopping threads took: 0.0000312 seconds
{Heap before GC invocations=57 (full 3):
 par new generation   total 109248K, used 108855K [0x00000007a0000000, 0x00000007a8000000, 0x00000007a8000000)
  eden space 87424K, 100% used [0x00000007a0000000, 0x00000007a5560000, 0x00000007a5560000)
  from space 21824K,  98% used [0x00000007a6ab0000, 0x00000007a7f9deb8, 0x00000007a8000000)
  to   space 21824K,   0% used [0x00000007a5560000, 0x00000007a5560000, 0x00000007a6ab0000)
 concurrent mark-sweep generation total 393216K, used 167701K [0x00000007a8000000, 0x00000007c0000000, 0x00000007c0000000)
 Metaspace       used 35711K, capacity 36256K, committed 36560K, reserved 1081344K
  class space    used 4101K, capacity 4283K, committed 4348K, reserved 1048576K
2016-10-24T04:14:16.408+0800: 1630.413: [GC (Allocation Failure) 2016-10-24T04:14:16.408+0800: 1630.413: [ParNew
Desired survivor size 20112992 bytes, new threshold 8 (max 8)
- age   1:      94352 bytes,      94352 total
- age   2:      63024 bytes,     157376 total
- age   3:      36824 bytes,     194200 total
- age   4:      10456 bytes,     204656 total
- age   5:     408880 bytes,     613536 total
- age   6:    4455408 bytes,    5068944 total
- age   7:    4198984 bytes,    9267928 total
- age   8:    3722056 bytes,   12989984 total
: 108855K->17032K(109248K), 0.0119567 secs] 276557K->189157K(502464K), 0.0120208 secs] [Times: user=0.04 sys=0.00, real=0.02 secs] 
Heap after GC invocations=58 (full 3):
 par new generation   total 109248K, used 17032K [0x00000007a0000000, 0x00000007a8000000, 0x00000007a8000000)
  eden space 87424K,   0% used [0x00000007a0000000, 0x00000007a0000000, 0x00000007a5560000)
  from space 21824K,  78% used [0x00000007a5560000, 0x00000007a66022c0, 0x00000007a6ab0000)
  to   space 21824K,   0% used [0x00000007a6ab0000, 0x00000007a6ab0000, 0x00000007a8000000)
 concurrent mark-sweep generation total 393216K, used 172124K [0x00000007a8000000, 0x00000007c0000000, 0x00000007c0000000)
 Metaspace       used 35711K, capacity 36256K, committed 36560K, reserved 1081344K
  class space    used 4101K, capacity 4283K, committed 4348K, reserved 1048576K
}
2016-10-24T04:14:16.420+0800: 1630.425: Total time for which application threads were stopped: 0.0121974 seconds, Stopping threads took: 0.0000309 seconds
{Heap before GC invocations=58 (full 3):
 par new generation   total 109248K, used 104456K [0x00000007a0000000, 0x00000007a8000000, 0x00000007a8000000)
  eden space 87424K, 100% used [0x00000007a0000000, 0x00000007a5560000, 0x00000007a5560000)
  from space 21824K,  78% used [0x00000007a5560000, 0x00000007a66022c0, 0x00000007a6ab0000)
  to   space 21824K,   0% used [0x00000007a6ab0000, 0x00000007a6ab0000, 0x00000007a8000000)
 concurrent mark-sweep generation total 393216K, used 172124K [0x00000007a8000000, 0x00000007c0000000, 0x00000007c0000000)
 Metaspace       used 35711K, capacity 36256K, committed 36560K, reserved 1081344K
  class space    used 4101K, capacity 4283K, committed 4348K, reserved 1048576K
2016-10-24T04:14:16.542+0800: 1630.546: [GC (Allocation Failure) 2016-10-24T04:14:16.543+0800: 1630.547: [ParNew
Desired survivor size 20112992 bytes, new threshold 8 (max 8)
- age   1:     126504 bytes,     126504 total
- age   2:         32 bytes,     126536 total
- age   4:       3832 bytes,     130368 total
- age   5:      10456 bytes,     140824 total
- age   6:     408880 bytes,     549704 total
- age   7:    4455408 bytes,    5005112 total
- age   8:    4198984 bytes,    9204096 total
: 104456K->11269K(109248K), 0.0107641 secs] 276581K->187090K(502464K), 0.0114801 secs] [Times: user=0.04 sys=0.00, real=0.01 secs] 
Heap after GC invocations=59 (full 3):
 par new generation   total 109248K, used 11269K [0x00000007a0000000, 0x00000007a8000000, 0x00000007a8000000)
  eden space 87424K,   0% used [0x00000007a0000000, 0x00000007a0000000, 0x00000007a5560000)
  from space 21824K,  51% used [0x00000007a6ab0000, 0x00000007a75b1440, 0x00000007a8000000)
  to   space 21824K,   0% used [0x00000007a5560000, 0x00000007a5560000, 0x00000007a6ab0000)
 concurrent mark-sweep generation total 393216K, used 175821K [0x00000007a8000000, 0x00000007c0000000, 0x00000007c0000000)
 Metaspace       used 35711K, capacity 36256K, committed 36560K, reserved 1081344K
  class space    used 4101K, capacity 4283K, committed 4348K, reserved 1048576K
}
2016-10-24T04:14:16.554+0800: 1630.558: Total time for which application threads were stopped: 0.0117092 seconds, Stopping threads took: 0.0000389 seconds
{Heap before GC invocations=59 (full 3):
 par new generation   total 109248K, used 98693K [0x00000007a0000000, 0x00000007a8000000, 0x00000007a8000000)
  eden space 87424K, 100% used [0x00000007a0000000, 0x00000007a5560000, 0x00000007a5560000)
  from space 21824K,  51% used [0x00000007a6ab0000, 0x00000007a75b1440, 0x00000007a8000000)
  to   space 21824K,   0% used [0x00000007a5560000, 0x00000007a5560000, 0x00000007a6ab0000)
 concurrent mark-sweep generation total 393216K, used 175821K [0x00000007a8000000, 0x00000007c0000000, 0x00000007c0000000)
 Metaspace       used 35711K, capacity 36256K, committed 36560K, reserved 1081344K
  class space    used 4101K, capacity 4283K, committed 4348K, reserved 1048576K
2016-10-24T04:14:16.649+0800: 1630.653: [GC (Allocation Failure) 2016-10-24T04:14:16.649+0800: 1630.653: [ParNew
Desired survivor size 20112992 bytes, new threshold 8 (max 8)
- age   1:      72048 bytes,      72048 total
- age   2:      85480 bytes,     157528 total
- age   3:         32 bytes,     157560 total
- age   5:       3832 bytes,     161392 total
- age   6:      10456 bytes,     171848 total
- age   7:     408880 bytes,     580728 total
- age   8:    4455408 bytes,    5036136 total
: 98693K->8995K(109248K), 0.0118360 secs] 274514K->188984K(502464K), 0.0118865 secs] [Times: user=0.04 sys=0.00, real=0.02 secs] 
Heap after GC invocations=60 (full 3):
 par new generation   total 109248K, used 8995K [0x00000007a0000000, 0x00000007a8000000, 0x00000007a8000000)
  eden space 87424K,   0% used [0x00000007a0000000, 0x00000007a0000000, 0x00000007a5560000)
  from space 21824K,  41% used [0x00000007a5560000, 0x00000007a5e28c80, 0x00000007a6ab0000)
  to   space 21824K,   0% used [0x00000007a6ab0000, 0x00000007a6ab0000, 0x00000007a8000000)
 concurrent mark-sweep generation total 393216K, used 179989K [0x00000007a8000000, 0x00000007c0000000, 0x00000007c0000000)
 Metaspace       used 35711K, capacity 36256K, committed 36560K, reserved 1081344K
  class space    used 4101K, capacity 4283K, committed 4348K, reserved 1048576K
}
2016-10-24T04:14:16.661+0800: 1630.665: Total time for which application threads were stopped: 0.0120668 seconds, Stopping threads took: 0.0000238 seconds
2016-10-24T04:14:16.759+0800: 1630.764: Total time for which application threads were stopped: 0.0000839 seconds, Stopping threads took: 0.0000163 seconds
2016-10-24T04:14:17.034+0800: 1631.038: Total time for which application threads were stopped: 0.0001187 seconds, Stopping threads took: 0.0000187 seconds
2016-10-24T04:14:17.034+0800: 1631.038: Total time for which application threads were stopped: 0.0000670 seconds, Stopping threads took: 0.0000223 seconds
2016-10-24T04:14:17.034+0800: 1631.038: Total time for which application threads were stopped: 0.0000883 seconds, Stopping threads took: 0.0000224 seconds
2016-10-24T04:14:17.034+0800: 1631.038: Total time for which application threads were stopped: 0.0000858 seconds, Stopping threads took: 0.0000202 seconds
2016-10-24T04:14:17.034+0800: 1631.039: Total time for which application threads were stopped: 0.0001084 seconds, Stopping threads took: 0.0000254 seconds
2016-10-24T04:14:17.036+0800: 1631.040: Total time for which application threads were stopped: 0.0000941 seconds, Stopping threads took: 0.0000279 seconds
2016-10-24T04:14:17.036+0800: 1631.041: Total time for which application threads were stopped: 0.0000630 seconds, Stopping threads took: 0.0000101 seconds
2016-10-24T04:14:17.036+0800: 1631.041: Total time for which application threads were stopped: 0.0000623 seconds, Stopping threads took: 0.0000106 seconds
2016-10-24T04:14:17.037+0800: 1631.041: Total time for which application threads were stopped: 0.0000614 seconds, Stopping threads took: 0.0000100 seconds
2016-10-24T04:14:17.037+0800: 1631.041: Total time for which application threads were stopped: 0.0000535 seconds, Stopping threads took: 0.0000090 seconds
2016-10-24T04:14:17.037+0800: 1631.041: Total time for which application threads were stopped: 0.0001709 seconds, Stopping threads took: 0.0000096 seconds
2016-10-24T04:14:17.037+0800: 1631.042: Total time for which application threads were stopped: 0.0000619 seconds, Stopping threads took: 0.0000097 seconds
2016-10-24T04:14:18.043+0800: 1632.047: Total time for which application threads were stopped: 0.0002277 seconds, Stopping threads took: 0.0000534 seconds
2016-10-24T04:14:26.217+0800: 1640.221: Total time for which application threads were stopped: 0.0001363 seconds, Stopping threads took: 0.0000313 seconds
2016-10-24T04:14:37.258+0800: 1651.263: Total time for which application threads were stopped: 0.0002181 seconds, Stopping threads took: 0.0000557 seconds
2016-10-24T04:16:07.493+0800: 1741.500: Total time for which application threads were stopped: 0.0001005 seconds, Stopping threads took: 0.0000200 seconds
{Heap before GC invocations=60 (full 3):
 par new generation   total 109248K, used 96419K [0x00000007a0000000, 0x00000007a8000000, 0x00000007a8000000)
  eden space 87424K, 100% used [0x00000007a0000000, 0x00000007a5560000, 0x00000007a5560000)
  from space 21824K,  41% used [0x00000007a5560000, 0x00000007a5e28c80, 0x00000007a6ab0000)
  to   space 21824K,   0% used [0x00000007a6ab0000, 0x00000007a6ab0000, 0x00000007a8000000)
 concurrent mark-sweep generation total 393216K, used 179989K [0x00000007a8000000, 0x00000007c0000000, 0x00000007c0000000)
 Metaspace       used 35734K, capacity 36256K, committed 36560K, reserved 1081344K
  class space    used 4101K, capacity 4283K, committed 4348K, reserved 1048576K
2016-10-24T04:16:13.334+0800: 1747.341: [GC (Allocation Failure) 2016-10-24T04:16:13.334+0800: 1747.341: [ParNew
Desired survivor size 20112992 bytes, new threshold 8 (max 8)
- age   1:     906360 bytes,     906360 total
- age   7:         24 bytes,     906384 total
- age   8:     290152 bytes,    1196536 total
: 96419K->3963K(109248K), 0.0093916 secs] 276408K->188193K(502464K), 0.0094337 secs] [Times: user=0.03 sys=0.01, real=0.01 secs] 
Heap after GC invocations=61 (full 3):
 par new generation   total 109248K, used 3963K [0x00000007a0000000, 0x00000007a8000000, 0x00000007a8000000)
  eden space 87424K,   0% used [0x00000007a0000000, 0x00000007a0000000, 0x00000007a5560000)
  from space 21824K,  18% used [0x00000007a6ab0000, 0x00000007a6e8ee88, 0x00000007a8000000)
  to   space 21824K,   0% used [0x00000007a5560000, 0x00000007a5560000, 0x00000007a6ab0000)
 concurrent mark-sweep generation total 393216K, used 184230K [0x00000007a8000000, 0x00000007c0000000, 0x00000007c0000000)
 Metaspace       used 35734K, capacity 36256K, committed 36560K, reserved 1081344K
  class space    used 4101K, capacity 4283K, committed 4348K, reserved 1048576K
}
2016-10-24T04:16:13.343+0800: 1747.350: Total time for which application threads were stopped: 0.0096345 seconds, Stopping threads took: 0.0000305 seconds
{Heap before GC invocations=61 (full 3):
 par new generation   total 109248K, used 91387K [0x00000007a0000000, 0x00000007a8000000, 0x00000007a8000000)
  eden space 87424K, 100% used [0x00000007a0000000, 0x00000007a5560000, 0x00000007a5560000)
  from space 21824K,  18% used [0x00000007a6ab0000, 0x00000007a6e8ee88, 0x00000007a8000000)
  to   space 21824K,   0% used [0x00000007a5560000, 0x00000007a5560000, 0x00000007a6ab0000)
 concurrent mark-sweep generation total 393216K, used 184230K [0x00000007a8000000, 0x00000007c0000000, 0x00000007c0000000)
 Metaspace       used 35734K, capacity 36256K, committed 36560K, reserved 1081344K
  class space    used 4101K, capacity 4283K, committed 4348K, reserved 1048576K
2016-10-24T04:16:13.597+0800: 1747.605: [GC (Allocation Failure) 2016-10-24T04:16:13.597+0800: 1747.605: [ParNew
Desired survivor size 20112992 bytes, new threshold 8 (max 8)
- age   1:    7662728 bytes,    7662728 total
- age   2:     891784 bytes,    8554512 total
- age   8:         24 bytes,    8554536 total
: 91387K->8759K(109248K), 0.0041299 secs] 275617K->193275K(502464K), 0.0042236 secs] [Times: user=0.01 sys=0.00, real=0.01 secs] 
Heap after GC invocations=62 (full 3):
 par new generation   total 109248K, used 8759K [0x00000007a0000000, 0x00000007a8000000, 0x00000007a8000000)
  eden space 87424K,   0% used [0x00000007a0000000, 0x00000007a0000000, 0x00000007a5560000)
  from space 21824K,  40% used [0x00000007a5560000, 0x00000007a5dedd68, 0x00000007a6ab0000)
  to   space 21824K,   0% used [0x00000007a6ab0000, 0x00000007a6ab0000, 0x00000007a8000000)
 concurrent mark-sweep generation total 393216K, used 184516K [0x00000007a8000000, 0x00000007c0000000, 0x00000007c0000000)
 Metaspace       used 35734K, capacity 36256K, committed 36560K, reserved 1081344K
  class space    used 4101K, capacity 4283K, committed 4348K, reserved 1048576K
}
2016-10-24T04:16:13.601+0800: 1747.609: Total time for which application threads were stopped: 0.0044451 seconds, Stopping threads took: 0.0000243 seconds
{Heap before GC invocations=62 (full 3):
 par new generation   total 109248K, used 96183K [0x00000007a0000000, 0x00000007a8000000, 0x00000007a8000000)
  eden space 87424K, 100% used [0x00000007a0000000, 0x00000007a5560000, 0x00000007a5560000)
  from space 21824K,  40% used [0x00000007a5560000, 0x00000007a5dedd68, 0x00000007a6ab0000)
  to   space 21824K,   0% used [0x00000007a6ab0000, 0x00000007a6ab0000, 0x00000007a8000000)
 concurrent mark-sweep generation total 393216K, used 184516K [0x00000007a8000000, 0x00000007c0000000, 0x00000007c0000000)
 Metaspace       used 35734K, capacity 36256K, committed 36560K, reserved 1081344K
  class space    used 4101K, capacity 4283K, committed 4348K, reserved 1048576K
2016-10-24T04:16:13.866+0800: 1747.873: [GC (Allocation Failure) 2016-10-24T04:16:13.866+0800: 1747.873: [ParNew
Desired survivor size 20112992 bytes, new threshold 8 (max 8)
- age   1:   10112736 bytes,   10112736 total
- age   2:    4516584 bytes,   14629320 total
- age   3:     891784 bytes,   15521104 total
: 96183K->15972K(109248K), 0.0053533 secs] 280699K->200488K(502464K), 0.0054271 secs] [Times: user=0.02 sys=0.00, real=0.01 secs] 
Heap after GC invocations=63 (full 3):
 par new generation   total 109248K, used 15972K [0x00000007a0000000, 0x00000007a8000000, 0x00000007a8000000)
  eden space 87424K,   0% used [0x00000007a0000000, 0x00000007a0000000, 0x00000007a5560000)
  from space 21824K,  73% used [0x00000007a6ab0000, 0x00000007a7a49130, 0x00000007a8000000)
  to   space 21824K,   0% used [0x00000007a5560000, 0x00000007a5560000, 0x00000007a6ab0000)
 concurrent mark-sweep generation total 393216K, used 184516K [0x00000007a8000000, 0x00000007c0000000, 0x00000007c0000000)
 Metaspace       used 35734K, capacity 36256K, committed 36560K, reserved 1081344K
  class space    used 4101K, capacity 4283K, committed 4348K, reserved 1048576K
}
2016-10-24T04:16:13.871+0800: 1747.879: Total time for which application threads were stopped: 0.0056234 seconds, Stopping threads took: 0.0000331 seconds
{Heap before GC invocations=63 (full 3):
 par new generation   total 109248K, used 103396K [0x00000007a0000000, 0x00000007a8000000, 0x00000007a8000000)
  eden space 87424K, 100% used [0x00000007a0000000, 0x00000007a5560000, 0x00000007a5560000)
  from space 21824K,  73% used [0x00000007a6ab0000, 0x00000007a7a49130, 0x00000007a8000000)
  to   space 21824K,   0% used [0x00000007a5560000, 0x00000007a5560000, 0x00000007a6ab0000)
 concurrent mark-sweep generation total 393216K, used 184516K [0x00000007a8000000, 0x00000007c0000000, 0x00000007c0000000)
 Metaspace       used 35734K, capacity 36256K, committed 36560K, reserved 1081344K
  class space    used 4101K, capacity 4283K, committed 4348K, reserved 1048576K
2016-10-24T04:16:14.153+0800: 1748.160: [GC (Allocation Failure) 2016-10-24T04:16:14.153+0800: 1748.160: [ParNew
Desired survivor size 20112992 bytes, new threshold 8 (max 8)
- age   1:    9210104 bytes,    9210104 total
- age   2:    4269464 bytes,   13479568 total
- age   3:    4265592 bytes,   17745160 total
- age   4:     783760 bytes,   18528920 total
: 103396K->21824K(109248K), 0.0070214 secs] 287912K->210279K(502464K), 0.0071108 secs] [Times: user=0.02 sys=0.00, real=0.01 secs] 
Heap after GC invocations=64 (full 3):
 par new generation   total 109248K, used 21824K [0x00000007a0000000, 0x00000007a8000000, 0x00000007a8000000)
  eden space 87424K,   0% used [0x00000007a0000000, 0x00000007a0000000, 0x00000007a5560000)
  from space 21824K, 100% used [0x00000007a5560000, 0x00000007a6ab0000, 0x00000007a6ab0000)
  to   space 21824K,   0% used [0x00000007a6ab0000, 0x00000007a6ab0000, 0x00000007a8000000)
 concurrent mark-sweep generation total 393216K, used 188455K [0x00000007a8000000, 0x00000007c0000000, 0x00000007c0000000)
 Metaspace       used 35734K, capacity 36256K, committed 36560K, reserved 1081344K
  class space    used 4101K, capacity 4283K, committed 4348K, reserved 1048576K
}
2016-10-24T04:16:14.160+0800: 1748.167: Total time for which application threads were stopped: 0.0072988 seconds, Stopping threads took: 0.0000329 seconds
{Heap before GC invocations=64 (full 3):
 par new generation   total 109248K, used 109248K [0x00000007a0000000, 0x00000007a8000000, 0x00000007a8000000)
  eden space 87424K, 100% used [0x00000007a0000000, 0x00000007a5560000, 0x00000007a5560000)
  from space 21824K, 100% used [0x00000007a5560000, 0x00000007a6ab0000, 0x00000007a6ab0000)
  to   space 21824K,   0% used [0x00000007a6ab0000, 0x00000007a6ab0000, 0x00000007a8000000)
 concurrent mark-sweep generation total 393216K, used 188455K [0x00000007a8000000, 0x00000007c0000000, 0x00000007c0000000)
 Metaspace       used 35734K, capacity 36256K, committed 36560K, reserved 1081344K
  class space    used 4101K, capacity 4283K, committed 4348K, reserved 1048576K
2016-10-24T04:16:14.459+0800: 1748.467: [GC (Allocation Failure) 2016-10-24T04:16:14.459+0800: 1748.467: [ParNew
Desired survivor size 20112992 bytes, new threshold 8 (max 8)
- age   1:    7314544 bytes,    7314544 total
- age   2:    3937072 bytes,   11251616 total
- age   3:    3795304 bytes,   15046920 total
- age   4:    4042840 bytes,   19089760 total
- age   5:     769648 bytes,   19859408 total
: 109248K->21824K(109248K), 0.0089052 secs] 297703K->216688K(502464K), 0.0089720 secs] [Times: user=0.04 sys=0.00, real=0.01 secs] 
Heap after GC invocations=65 (full 3):
 par new generation   total 109248K, used 21824K [0x00000007a0000000, 0x00000007a8000000, 0x00000007a8000000)
  eden space 87424K,   0% used [0x00000007a0000000, 0x00000007a0000000, 0x00000007a5560000)
  from space 21824K, 100% used [0x00000007a6ab0000, 0x00000007a8000000, 0x00000007a8000000)
  to   space 21824K,   0% used [0x00000007a5560000, 0x00000007a5560000, 0x00000007a6ab0000)
 concurrent mark-sweep generation total 393216K, used 194864K [0x00000007a8000000, 0x00000007c0000000, 0x00000007c0000000)
 Metaspace       used 35734K, capacity 36256K, committed 36560K, reserved 1081344K
  class space    used 4101K, capacity 4283K, committed 4348K, reserved 1048576K
}
2016-10-24T04:16:14.468+0800: 1748.476: Total time for which application threads were stopped: 0.0092032 seconds, Stopping threads took: 0.0000232 seconds
{Heap before GC invocations=65 (full 3):
 par new generation   total 109248K, used 109248K [0x00000007a0000000, 0x00000007a8000000, 0x00000007a8000000)
  eden space 87424K, 100% used [0x00000007a0000000, 0x00000007a5560000, 0x00000007a5560000)
  from space 21824K, 100% used [0x00000007a6ab0000, 0x00000007a8000000, 0x00000007a8000000)
  to   space 21824K,   0% used [0x00000007a5560000, 0x00000007a5560000, 0x00000007a6ab0000)
 concurrent mark-sweep generation total 393216K, used 194864K [0x00000007a8000000, 0x00000007c0000000, 0x00000007c0000000)
 Metaspace       used 35734K, capacity 36256K, committed 36560K, reserved 1081344K
  class space    used 4101K, capacity 4283K, committed 4348K, reserved 1048576K
2016-10-24T04:16:14.741+0800: 1748.749: [GC (Allocation Failure) 2016-10-24T04:16:14.741+0800: 1748.749: [ParNew
Desired survivor size 20112992 bytes, new threshold 8 (max 8)
- age   1:    5709304 bytes,    5709304 total
- age   2:    3094712 bytes,    8804016 total
- age   3:    2773784 bytes,   11577800 total
- age   4:    2546480 bytes,   14124280 total
- age   5:    3223520 bytes,   17347800 total
- age   6:     740368 bytes,   18088168 total
: 109248K->21824K(109248K), 0.0093657 secs] 304112K->228095K(502464K), 0.0094331 secs] [Times: user=0.03 sys=0.00, real=0.01 secs] 
Heap after GC invocations=66 (full 3):
 par new generation   total 109248K, used 21824K [0x00000007a0000000, 0x00000007a8000000, 0x00000007a8000000)
  eden space 87424K,   0% used [0x00000007a0000000, 0x00000007a0000000, 0x00000007a5560000)
  from space 21824K, 100% used [0x00000007a5560000, 0x00000007a6ab0000, 0x00000007a6ab0000)
  to   space 21824K,   0% used [0x00000007a6ab0000, 0x00000007a6ab0000, 0x00000007a8000000)
 concurrent mark-sweep generation total 393216K, used 206271K [0x00000007a8000000, 0x00000007c0000000, 0x00000007c0000000)
 Metaspace       used 35734K, capacity 36256K, committed 36560K, reserved 1081344K
  class space    used 4101K, capacity 4283K, committed 4348K, reserved 1048576K
}
2016-10-24T04:16:14.751+0800: 1748.758: Total time for which application threads were stopped: 0.0096127 seconds, Stopping threads took: 0.0000313 seconds
2016-10-24T04:16:14.751+0800: 1748.759: [GC (CMS Initial Mark) [1 CMS-initial-mark: 206271K(393216K)] 229655K(502464K), 0.0024585 secs] [Times: user=0.01 sys=0.00, real=0.00 secs] 
2016-10-24T04:16:14.754+0800: 1748.761: Total time for which application threads were stopped: 0.0026631 seconds, Stopping threads took: 0.0000936 seconds
2016-10-24T04:16:14.754+0800: 1748.761: [CMS-concurrent-mark-start]
2016-10-24T04:16:14.763+0800: 1748.770: [CMS-concurrent-mark: 0.009/0.009 secs] [Times: user=0.04 sys=0.00, real=0.01 secs] 
2016-10-24T04:16:14.763+0800: 1748.770: [CMS-concurrent-preclean-start]
2016-10-24T04:16:14.764+0800: 1748.771: [CMS-concurrent-preclean: 0.001/0.001 secs] [Times: user=0.00 sys=0.00, real=0.00 secs] 
2016-10-24T04:16:14.764+0800: 1748.771: [CMS-concurrent-abortable-preclean-start]
2016-10-24T04:16:14.910+0800: 1748.917: [CMS-concurrent-abortable-preclean: 0.146/0.146 secs] [Times: user=0.29 sys=0.01, real=0.15 secs] 
2016-10-24T04:16:14.910+0800: 1748.917: [GC (CMS Final Remark) [YG occupancy: 69359 K (109248 K)]{Heap before GC invocations=66 (full 4):
 par new generation   total 109248K, used 69359K [0x00000007a0000000, 0x00000007a8000000, 0x00000007a8000000)
  eden space 87424K,  54% used [0x00000007a0000000, 0x00000007a2e6bef0, 0x00000007a5560000)
  from space 21824K, 100% used [0x00000007a5560000, 0x00000007a6ab0000, 0x00000007a6ab0000)
  to   space 21824K,   0% used [0x00000007a6ab0000, 0x00000007a6ab0000, 0x00000007a8000000)
 concurrent mark-sweep generation total 393216K, used 206271K [0x00000007a8000000, 0x00000007c0000000, 0x00000007c0000000)
 Metaspace       used 35734K, capacity 36256K, committed 36560K, reserved 1081344K
  class space    used 4101K, capacity 4283K, committed 4348K, reserved 1048576K
2016-10-24T04:16:14.910+0800: 1748.917: [GC (CMS Final Remark) 2016-10-24T04:16:14.910+0800: 1748.917: [ParNew
Desired survivor size 20112992 bytes, new threshold 8 (max 8)
- age   1:    4789216 bytes,    4789216 total
- age   2:    2301552 bytes,    7090768 total
- age   3:    2511048 bytes,    9601816 total
- age   4:    2275128 bytes,   11876944 total
- age   5:    2333680 bytes,   14210624 total
- age   6:    2527904 bytes,   16738528 total
- age   7:     541568 bytes,   17280096 total
: 69359K->21824K(109248K), 0.0090046 secs] 275631K->240718K(502464K), 0.0090514 secs] [Times: user=0.03 sys=0.00, real=0.00 secs] 
Heap after GC invocations=67 (full 4):
 par new generation   total 109248K, used 21824K [0x00000007a0000000, 0x00000007a8000000, 0x00000007a8000000)
  eden space 87424K,   0% used [0x00000007a0000000, 0x00000007a0000000, 0x00000007a5560000)
  from space 21824K, 100% used [0x00000007a6ab0000, 0x00000007a8000000, 0x00000007a8000000)
  to   space 21824K,   0% used [0x00000007a5560000, 0x00000007a5560000, 0x00000007a6ab0000)
 concurrent mark-sweep generation total 393216K, used 218894K [0x00000007a8000000, 0x00000007c0000000, 0x00000007c0000000)
 Metaspace       used 35734K, capacity 36256K, committed 36560K, reserved 1081344K
  class space    used 4101K, capacity 4283K, committed 4348K, reserved 1048576K
}
2016-10-24T04:16:14.919+0800: 1748.926: [Rescan (parallel) , 0.0025634 secs]2016-10-24T04:16:14.922+0800: 1748.929: [weak refs processing, 0.0009733 secs]2016-10-24T04:16:14.922+0800: 1748.930: [class unloading, 0.0087276 secs]2016-10-24T04:16:14.931+0800: 1748.939: [scrub symbol table, 0.0043765 secs]2016-10-24T04:16:14.936+0800: 1748.943: [scrub string table, 0.0004816 secs][1 CMS-remark: 218894K(393216K)] 240718K(502464K), 0.0265333 secs] [Times: user=0.06 sys=0.00, real=0.02 secs] 
2016-10-24T04:16:14.936+0800: 1748.944: Total time for which application threads were stopped: 0.0267114 seconds, Stopping threads took: 0.0000581 seconds
2016-10-24T04:16:14.936+0800: 1748.944: [CMS-concurrent-sweep-start]
2016-10-24T04:16:14.984+0800: 1748.992: [CMS-concurrent-sweep: 0.048/0.048 secs] [Times: user=0.09 sys=0.00, real=0.05 secs] 
2016-10-24T04:16:14.984+0800: 1748.992: [CMS-concurrent-reset-start]
2016-10-24T04:16:14.985+0800: 1748.992: [CMS-concurrent-reset: 0.000/0.000 secs] [Times: user=0.01 sys=0.00, real=0.00 secs] 
{Heap before GC invocations=67 (full 4):
 par new generation   total 109248K, used 109248K [0x00000007a0000000, 0x00000007a8000000, 0x00000007a8000000)
  eden space 87424K, 100% used [0x00000007a0000000, 0x00000007a5560000, 0x00000007a5560000)
  from space 21824K, 100% used [0x00000007a6ab0000, 0x00000007a8000000, 0x00000007a8000000)
  to   space 21824K,   0% used [0x00000007a5560000, 0x00000007a5560000, 0x00000007a6ab0000)
 concurrent mark-sweep generation total 393216K, used 56602K [0x00000007a8000000, 0x00000007c0000000, 0x00000007c0000000)
 Metaspace       used 35734K, capacity 36256K, committed 36560K, reserved 1081344K
  class space    used 4101K, capacity 4283K, committed 4348K, reserved 1048576K
2016-10-24T04:16:15.231+0800: 1749.238: [GC (Allocation Failure) 2016-10-24T04:16:15.231+0800: 1749.238: [ParNew
Desired survivor size 20112992 bytes, new threshold 7 (max 8)
- age   1:    7871496 bytes,    7871496 total
- age   2:    3091224 bytes,   10962720 total
- age   3:    1895032 bytes,   12857752 total
- age   4:    2198056 bytes,   15055808 total
- age   5:    2014136 bytes,   17069944 total
- age   6:    2076752 bytes,   19146696 total
- age   7:    2278944 bytes,   21425640 total
- age   8:     508832 bytes,   21934472 total
: 109248K->21824K(109248K), 0.0123033 secs] 165850K->86921K(502464K), 0.0123918 secs] [Times: user=0.04 sys=0.00, real=0.01 secs] 
Heap after GC invocations=68 (full 4):
 par new generation   total 109248K, used 21824K [0x00000007a0000000, 0x00000007a8000000, 0x00000007a8000000)
  eden space 87424K,   0% used [0x00000007a0000000, 0x00000007a0000000, 0x00000007a5560000)
  from space 21824K, 100% used [0x00000007a5560000, 0x00000007a6ab0000, 0x00000007a6ab0000)
  to   space 21824K,   0% used [0x00000007a6ab0000, 0x00000007a6ab0000, 0x00000007a8000000)
 concurrent mark-sweep generation total 393216K, used 65097K [0x00000007a8000000, 0x00000007c0000000, 0x00000007c0000000)
 Metaspace       used 35734K, capacity 36256K, committed 36560K, reserved 1081344K
  class space    used 4101K, capacity 4283K, committed 4348K, reserved 1048576K
}
2016-10-24T04:16:15.243+0800: 1749.251: Total time for which application threads were stopped: 0.0125954 seconds, Stopping threads took: 0.0000246 seconds
{Heap before GC invocations=68 (full 4):
 par new generation   total 109248K, used 109248K [0x00000007a0000000, 0x00000007a8000000, 0x00000007a8000000)
  eden space 87424K, 100% used [0x00000007a0000000, 0x00000007a5560000, 0x00000007a5560000)
  from space 21824K, 100% used [0x00000007a5560000, 0x00000007a6ab0000, 0x00000007a6ab0000)
  to   space 21824K,   0% used [0x00000007a6ab0000, 0x00000007a6ab0000, 0x00000007a8000000)
 concurrent mark-sweep generation total 393216K, used 65097K [0x00000007a8000000, 0x00000007c0000000, 0x00000007c0000000)
 Metaspace       used 35734K, capacity 36256K, committed 36560K, reserved 1081344K
  class space    used 4101K, capacity 4283K, committed 4348K, reserved 1048576K
2016-10-24T04:16:15.508+0800: 1749.515: [GC (Allocation Failure) 2016-10-24T04:16:15.508+0800: 1749.515: [ParNew
Desired survivor size 20112992 bytes, new threshold 5 (max 8)
- age   1:   14250896 bytes,   14250896 total
- age   2:    1697376 bytes,   15948272 total
- age   3:    2971824 bytes,   18920096 total
- age   4:     847176 bytes,   19767272 total
- age   5:     431616 bytes,   20198888 total
- age   6:     484312 bytes,   20683200 total
- age   7:     779776 bytes,   21462976 total
: 109248K->21824K(109248K), 0.0098906 secs] 174345K->99700K(502464K), 0.0099575 secs] [Times: user=0.03 sys=0.00, real=0.01 secs] 
Heap after GC invocations=69 (full 4):
 par new generation   total 109248K, used 21824K [0x00000007a0000000, 0x00000007a8000000, 0x00000007a8000000)
  eden space 87424K,   0% used [0x00000007a0000000, 0x00000007a0000000, 0x00000007a5560000)
  from space 21824K, 100% used [0x00000007a6ab0000, 0x00000007a8000000, 0x00000007a8000000)
  to   space 21824K,   0% used [0x00000007a5560000, 0x00000007a5560000, 0x00000007a6ab0000)
 concurrent mark-sweep generation total 393216K, used 77876K [0x00000007a8000000, 0x00000007c0000000, 0x00000007c0000000)
 Metaspace       used 35734K, capacity 36256K, committed 36560K, reserved 1081344K
  class space    used 4101K, capacity 4283K, committed 4348K, reserved 1048576K
}
2016-10-24T04:16:15.518+0800: 1749.525: Total time for which application threads were stopped: 0.0101429 seconds, Stopping threads took: 0.0000316 seconds
{Heap before GC invocations=69 (full 4):
 par new generation   total 109248K, used 109248K [0x00000007a0000000, 0x00000007a8000000, 0x00000007a8000000)
  eden space 87424K, 100% used [0x00000007a0000000, 0x00000007a5560000, 0x00000007a5560000)
  from space 21824K, 100% used [0x00000007a6ab0000, 0x00000007a8000000, 0x00000007a8000000)
  to   space 21824K,   0% used [0x00000007a5560000, 0x00000007a5560000, 0x00000007a6ab0000)
 concurrent mark-sweep generation total 393216K, used 77876K [0x00000007a8000000, 0x00000007c0000000, 0x00000007c0000000)
 Metaspace       used 35734K, capacity 36256K, committed 36560K, reserved 1081344K
  class space    used 4101K, capacity 4283K, committed 4348K, reserved 1048576K
2016-10-24T04:16:15.816+0800: 1749.823: [GC (Allocation Failure) 2016-10-24T04:16:15.816+0800: 1749.823: [ParNew
Desired survivor size 20112992 bytes, new threshold 4 (max 8)
- age   1:   14451632 bytes,   14451632 total
- age   2:    2438560 bytes,   16890192 total
- age   3:    1405736 bytes,   18295928 total
- age   4:    2909744 bytes,   21205672 total
- age   5:     766632 bytes,   21972304 total
: 109248K->21824K(109248K), 0.0107835 secs] 187124K->106163K(502464K), 0.0108348 secs] [Times: user=0.04 sys=0.00, real=0.01 secs] 
Heap after GC invocations=70 (full 4):
 par new generation   total 109248K, used 21824K [0x00000007a0000000, 0x00000007a8000000, 0x00000007a8000000)
  eden space 87424K,   0% used [0x00000007a0000000, 0x00000007a0000000, 0x00000007a5560000)
  from space 21824K, 100% used [0x00000007a5560000, 0x00000007a6ab0000, 0x00000007a6ab0000)
  to   space 21824K,   0% used [0x00000007a6ab0000, 0x00000007a6ab0000, 0x00000007a8000000)
 concurrent mark-sweep generation total 393216K, used 84339K [0x00000007a8000000, 0x00000007c0000000, 0x00000007c0000000)
 Metaspace       used 35734K, capacity 36256K, committed 36560K, reserved 1081344K
  class space    used 4101K, capacity 4283K, committed 4348K, reserved 1048576K
}
2016-10-24T04:16:15.826+0800: 1749.834: Total time for which application threads were stopped: 0.0110125 seconds, Stopping threads took: 0.0000288 seconds
{Heap before GC invocations=70 (full 4):
 par new generation   total 109248K, used 109248K [0x00000007a0000000, 0x00000007a8000000, 0x00000007a8000000)
  eden space 87424K, 100% used [0x00000007a0000000, 0x00000007a5560000, 0x00000007a5560000)
  from space 21824K, 100% used [0x00000007a5560000, 0x00000007a6ab0000, 0x00000007a6ab0000)
  to   space 21824K,   0% used [0x00000007a6ab0000, 0x00000007a6ab0000, 0x00000007a8000000)
 concurrent mark-sweep generation total 393216K, used 84339K [0x00000007a8000000, 0x00000007c0000000, 0x00000007c0000000)
 Metaspace       used 35734K, capacity 36256K, committed 36560K, reserved 1081344K
  class space    used 4101K, capacity 4283K, committed 4348K, reserved 1048576K
2016-10-24T04:16:16.127+0800: 1750.135: [GC (Allocation Failure) 2016-10-24T04:16:16.127+0800: 1750.135: [ParNew
Desired survivor size 20112992 bytes, new threshold 4 (max 8)
- age   1:   14343448 bytes,   14343448 total
- age   2:    2673592 bytes,   17017040 total
- age   3:    2020744 bytes,   19037784 total
- age   4:    1359008 bytes,   20396792 total
: 109248K->21824K(109248K), 0.0102998 secs] 193587K->115293K(502464K), 0.0103406 secs] [Times: user=0.04 sys=0.00, real=0.01 secs] 
Heap after GC invocations=71 (full 4):
 par new generation   total 109248K, used 21824K [0x00000007a0000000, 0x00000007a8000000, 0x00000007a8000000)
  eden space 87424K,   0% used [0x00000007a0000000, 0x00000007a0000000, 0x00000007a5560000)
  from space 21824K, 100% used [0x00000007a6ab0000, 0x00000007a8000000, 0x00000007a8000000)
  to   space 21824K,   0% used [0x00000007a5560000, 0x00000007a5560000, 0x00000007a6ab0000)
 concurrent mark-sweep generation total 393216K, used 93469K [0x00000007a8000000, 0x00000007c0000000, 0x00000007c0000000)
 Metaspace       used 35734K, capacity 36256K, committed 36560K, reserved 1081344K
  class space    used 4101K, capacity 4283K, committed 4348K, reserved 1048576K
}
2016-10-24T04:16:16.138+0800: 1750.145: Total time for which application threads were stopped: 0.0105153 seconds, Stopping threads took: 0.0000190 seconds
{Heap before GC invocations=71 (full 4):
 par new generation   total 109248K, used 109248K [0x00000007a0000000, 0x00000007a8000000, 0x00000007a8000000)
  eden space 87424K, 100% used [0x00000007a0000000, 0x00000007a5560000, 0x00000007a5560000)
  from space 21824K, 100% used [0x00000007a6ab0000, 0x00000007a8000000, 0x00000007a8000000)
  to   space 21824K,   0% used [0x00000007a5560000, 0x00000007a5560000, 0x00000007a6ab0000)
 concurrent mark-sweep generation total 393216K, used 93469K [0x00000007a8000000, 0x00000007c0000000, 0x00000007c0000000)
 Metaspace       used 35734K, capacity 36256K, committed 36560K, reserved 1081344K
  class space    used 4101K, capacity 4283K, committed 4348K, reserved 1048576K
2016-10-24T04:16:16.542+0800: 1750.549: [GC (Allocation Failure) 2016-10-24T04:16:16.542+0800: 1750.550: [ParNew
Desired survivor size 20112992 bytes, new threshold 3 (max 8)
- age   1:   12106112 bytes,   12106112 total
- age   2:    6198536 bytes,   18304648 total
- age   3:    2139456 bytes,   20444104 total
- age   4:    1968848 bytes,   22412952 total
: 109248K->21824K(109248K), 0.0134382 secs] 202717K->128585K(502464K), 0.0137906 secs] [Times: user=0.04 sys=0.00, real=0.01 secs] 
Heap after GC invocations=72 (full 4):
 par new generation   total 109248K, used 21824K [0x00000007a0000000, 0x00000007a8000000, 0x00000007a8000000)
  eden space 87424K,   0% used [0x00000007a0000000, 0x00000007a0000000, 0x00000007a5560000)
  from space 21824K, 100% used [0x00000007a5560000, 0x00000007a6ab0000, 0x00000007a6ab0000)
  to   space 21824K,   0% used [0x00000007a6ab0000, 0x00000007a6ab0000, 0x00000007a8000000)
 concurrent mark-sweep generation total 393216K, used 106761K [0x00000007a8000000, 0x00000007c0000000, 0x00000007c0000000)
 Metaspace       used 35734K, capacity 36256K, committed 36560K, reserved 1081344K
  class space    used 4101K, capacity 4283K, committed 4348K, reserved 1048576K
}
2016-10-24T04:16:16.556+0800: 1750.563: Total time for which application threads were stopped: 0.0139453 seconds, Stopping threads took: 0.0000206 seconds
{Heap before GC invocations=72 (full 4):
 par new generation   total 109248K, used 109248K [0x00000007a0000000, 0x00000007a8000000, 0x00000007a8000000)
  eden space 87424K, 100% used [0x00000007a0000000, 0x00000007a5560000, 0x00000007a5560000)
  from space 21824K, 100% used [0x00000007a5560000, 0x00000007a6ab0000, 0x00000007a6ab0000)
  to   space 21824K,   0% used [0x00000007a6ab0000, 0x00000007a6ab0000, 0x00000007a8000000)
 concurrent mark-sweep generation total 393216K, used 106761K [0x00000007a8000000, 0x00000007c0000000, 0x00000007c0000000)
 Metaspace       used 35734K, capacity 36256K, committed 36560K, reserved 1081344K
  class space    used 4101K, capacity 4283K, committed 4348K, reserved 1048576K
2016-10-24T04:16:16.836+0800: 1750.844: [GC (Allocation Failure) 2016-10-24T04:16:16.836+0800: 1750.844: [ParNew
Desired survivor size 20112992 bytes, new threshold 3 (max 8)
- age   1:    9991432 bytes,    9991432 total
- age   2:    9828896 bytes,   19820328 total
- age   3:    1569936 bytes,   21390264 total
: 109248K->21824K(109248K), 0.0111695 secs] 216009K->141644K(502464K), 0.0112499 secs] [Times: user=0.04 sys=0.00, real=0.01 secs] 
Heap after GC invocations=73 (full 4):
 par new generation   total 109248K, used 21824K [0x00000007a0000000, 0x00000007a8000000, 0x00000007a8000000)
  eden space 87424K,   0% used [0x00000007a0000000, 0x00000007a0000000, 0x00000007a5560000)
  from space 21824K, 100% used [0x00000007a6ab0000, 0x00000007a8000000, 0x00000007a8000000)
  to   space 21824K,   0% used [0x00000007a5560000, 0x00000007a5560000, 0x00000007a6ab0000)
 concurrent mark-sweep generation total 393216K, used 119820K [0x00000007a8000000, 0x00000007c0000000, 0x00000007c0000000)
 Metaspace       used 35734K, capacity 36256K, committed 36560K, reserved 1081344K
  class space    used 4101K, capacity 4283K, committed 4348K, reserved 1048576K
}
2016-10-24T04:16:16.847+0800: 1750.855: Total time for which application threads were stopped: 0.0114428 seconds, Stopping threads took: 0.0000309 seconds
{Heap before GC invocations=73 (full 4):
 par new generation   total 109248K, used 109248K [0x00000007a0000000, 0x00000007a8000000, 0x00000007a8000000)
  eden space 87424K, 100% used [0x00000007a0000000, 0x00000007a5560000, 0x00000007a5560000)
  from space 21824K, 100% used [0x00000007a6ab0000, 0x00000007a8000000, 0x00000007a8000000)
  to   space 21824K,   0% used [0x00000007a5560000, 0x00000007a5560000, 0x00000007a6ab0000)
 concurrent mark-sweep generation total 393216K, used 119820K [0x00000007a8000000, 0x00000007c0000000, 0x00000007c0000000)
 Metaspace       used 35734K, capacity 36256K, committed 36560K, reserved 1081344K
  class space    used 4101K, capacity 4283K, committed 4348K, reserved 1048576K
2016-10-24T04:16:17.115+0800: 1751.123: [GC (Allocation Failure) 2016-10-24T04:16:17.115+0800: 1751.123: [ParNew
Desired survivor size 20112992 bytes, new threshold 3 (max 8)
- age   1:   12613936 bytes,   12613936 total
- age   2:    2414672 bytes,   15028608 total
- age   3:    7013160 bytes,   22041768 total
: 109248K->21824K(109248K), 0.0101477 secs] 229068K->153997K(502464K), 0.0102450 secs] [Times: user=0.03 sys=0.00, real=0.01 secs] 
Heap after GC invocations=74 (full 4):
 par new generation   total 109248K, used 21824K [0x00000007a0000000, 0x00000007a8000000, 0x00000007a8000000)
  eden space 87424K,   0% used [0x00000007a0000000, 0x00000007a0000000, 0x00000007a5560000)
  from space 21824K, 100% used [0x00000007a5560000, 0x00000007a6ab0000, 0x00000007a6ab0000)
  to   space 21824K,   0% used [0x00000007a6ab0000, 0x00000007a6ab0000, 0x00000007a8000000)
 concurrent mark-sweep generation total 393216K, used 132173K [0x00000007a8000000, 0x00000007c0000000, 0x00000007c0000000)
 Metaspace       used 35734K, capacity 36256K, committed 36560K, reserved 1081344K
  class space    used 4101K, capacity 4283K, committed 4348K, reserved 1048576K
}
2016-10-24T04:16:17.126+0800: 1751.133: Total time for which application threads were stopped: 0.0105459 seconds, Stopping threads took: 0.0001355 seconds
{Heap before GC invocations=74 (full 4):
 par new generation   total 109248K, used 108759K [0x00000007a0000000, 0x00000007a8000000, 0x00000007a8000000)
  eden space 87424K,  99% used [0x00000007a0000000, 0x00000007a54e5cf8, 0x00000007a5560000)
  from space 21824K, 100% used [0x00000007a5560000, 0x00000007a6ab0000, 0x00000007a6ab0000)
  to   space 21824K,   0% used [0x00000007a6ab0000, 0x00000007a6ab0000, 0x00000007a8000000)
 concurrent mark-sweep generation total 393216K, used 132173K [0x00000007a8000000, 0x00000007c0000000, 0x00000007c0000000)
 Metaspace       used 35734K, capacity 36256K, committed 36560K, reserved 1081344K
  class space    used 4101K, capacity 4283K, committed 4348K, reserved 1048576K
2016-10-24T04:16:17.399+0800: 1751.407: [GC (Allocation Failure) 2016-10-24T04:16:17.399+0800: 1751.407: [ParNew
Desired survivor size 20112992 bytes, new threshold 8 (max 8)
- age   1:   12430544 bytes,   12430544 total
- age   2:    5870808 bytes,   18301352 total
- age   3:    1674848 bytes,   19976200 total
: 108759K->21824K(109248K), 0.0100721 secs] 240933K->168584K(502464K), 0.0101371 secs] [Times: user=0.03 sys=0.00, real=0.01 secs] 
Heap after GC invocations=75 (full 4):
 par new generation   total 109248K, used 21824K [0x00000007a0000000, 0x00000007a8000000, 0x00000007a8000000)
  eden space 87424K,   0% used [0x00000007a0000000, 0x00000007a0000000, 0x00000007a5560000)
  from space 21824K, 100% used [0x00000007a6ab0000, 0x00000007a8000000, 0x00000007a8000000)
  to   space 21824K,   0% used [0x00000007a5560000, 0x00000007a5560000, 0x00000007a6ab0000)
 concurrent mark-sweep generation total 393216K, used 146760K [0x00000007a8000000, 0x00000007c0000000, 0x00000007c0000000)
 Metaspace       used 35734K, capacity 36256K, committed 36560K, reserved 1081344K
  class space    used 4101K, capacity 4283K, committed 4348K, reserved 1048576K
}
2016-10-24T04:16:17.409+0800: 1751.417: Total time for which application threads were stopped: 0.0103217 seconds, Stopping threads took: 0.0000302 seconds
{Heap before GC invocations=75 (full 4):
 par new generation   total 109248K, used 109248K [0x00000007a0000000, 0x00000007a8000000, 0x00000007a8000000)
  eden space 87424K, 100% used [0x00000007a0000000, 0x00000007a5560000, 0x00000007a5560000)
  from space 21824K, 100% used [0x00000007a6ab0000, 0x00000007a8000000, 0x00000007a8000000)
  to   space 21824K,   0% used [0x00000007a5560000, 0x00000007a5560000, 0x00000007a6ab0000)
 concurrent mark-sweep generation total 393216K, used 146760K [0x00000007a8000000, 0x00000007c0000000, 0x00000007c0000000)
 Metaspace       used 35734K, capacity 36256K, committed 36560K, reserved 1081344K
  class space    used 4101K, capacity 4283K, committed 4348K, reserved 1048576K
2016-10-24T04:16:17.689+0800: 1751.697: [GC (Allocation Failure) 2016-10-24T04:16:17.689+0800: 1751.697: [ParNew
Desired survivor size 20112992 bytes, new threshold 3 (max 8)
- age   1:    7860128 bytes,    7860128 total
- age   2:   11072848 bytes,   18932976 total
- age   3:    1475448 bytes,   20408424 total
- age   4:    1445600 bytes,   21854024 total
: 109248K->21824K(109248K), 0.0109705 secs] 256008K->177273K(502464K), 0.0110586 secs] [Times: user=0.04 sys=0.00, real=0.02 secs] 
Heap after GC invocations=76 (full 4):
 par new generation   total 109248K, used 21824K [0x00000007a0000000, 0x00000007a8000000, 0x00000007a8000000)
  eden space 87424K,   0% used [0x00000007a0000000, 0x00000007a0000000, 0x00000007a5560000)
  from space 21824K, 100% used [0x00000007a5560000, 0x00000007a6ab0000, 0x00000007a6ab0000)
  to   space 21824K,   0% used [0x00000007a6ab0000, 0x00000007a6ab0000, 0x00000007a8000000)
 concurrent mark-sweep generation total 393216K, used 155449K [0x00000007a8000000, 0x00000007c0000000, 0x00000007c0000000)
 Metaspace       used 35734K, capacity 36256K, committed 36560K, reserved 1081344K
  class space    used 4101K, capacity 4283K, committed 4348K, reserved 1048576K
}
2016-10-24T04:16:17.700+0800: 1751.708: Total time for which application threads were stopped: 0.0112590 seconds, Stopping threads took: 0.0000258 seconds
{Heap before GC invocations=76 (full 4):
 par new generation   total 109248K, used 109248K [0x00000007a0000000, 0x00000007a8000000, 0x00000007a8000000)
  eden space 87424K, 100% used [0x00000007a0000000, 0x00000007a5560000, 0x00000007a5560000)
  from space 21824K, 100% used [0x00000007a5560000, 0x00000007a6ab0000, 0x00000007a6ab0000)
  to   space 21824K,   0% used [0x00000007a6ab0000, 0x00000007a6ab0000, 0x00000007a8000000)
 concurrent mark-sweep generation total 393216K, used 155449K [0x00000007a8000000, 0x00000007c0000000, 0x00000007c0000000)
 Metaspace       used 35734K, capacity 36256K, committed 36560K, reserved 1081344K
  class space    used 4101K, capacity 4283K, committed 4348K, reserved 1048576K
2016-10-24T04:16:17.944+0800: 1751.951: [GC (Allocation Failure) 2016-10-24T04:16:17.944+0800: 1751.951: [ParNew
Desired survivor size 20112992 bytes, new threshold 3 (max 8)
- age   1:    9557472 bytes,    9557472 total
- age   2:    5746024 bytes,   15303496 total
- age   3:    5397680 bytes,   20701176 total
: 109248K->21824K(109248K), 0.0129343 secs] 264697K->184986K(502464K), 0.0130002 secs] [Times: user=0.05 sys=0.00, real=0.01 secs] 
Heap after GC invocations=77 (full 4):
 par new generation   total 109248K, used 21824K [0x00000007a0000000, 0x00000007a8000000, 0x00000007a8000000)
  eden space 87424K,   0% used [0x00000007a0000000, 0x00000007a0000000, 0x00000007a5560000)
  from space 21824K, 100% used [0x00000007a6ab0000, 0x00000007a8000000, 0x00000007a8000000)
  to   space 21824K,   0% used [0x00000007a5560000, 0x00000007a5560000, 0x00000007a6ab0000)
 concurrent mark-sweep generation total 393216K, used 163162K [0x00000007a8000000, 0x00000007c0000000, 0x00000007c0000000)
 Metaspace       used 35734K, capacity 36256K, committed 36560K, reserved 1081344K
  class space    used 4101K, capacity 4283K, committed 4348K, reserved 1048576K
}
2016-10-24T04:16:17.957+0800: 1751.964: Total time for which application threads were stopped: 0.0131835 seconds, Stopping threads took: 0.0000318 seconds
{Heap before GC invocations=77 (full 4):
 par new generation   total 109248K, used 109248K [0x00000007a0000000, 0x00000007a8000000, 0x00000007a8000000)
  eden space 87424K, 100% used [0x00000007a0000000, 0x00000007a5560000, 0x00000007a5560000)
  from space 21824K, 100% used [0x00000007a6ab0000, 0x00000007a8000000, 0x00000007a8000000)
  to   space 21824K,   0% used [0x00000007a5560000, 0x00000007a5560000, 0x00000007a6ab0000)
 concurrent mark-sweep generation total 393216K, used 163162K [0x00000007a8000000, 0x00000007c0000000, 0x00000007c0000000)
 Metaspace       used 35734K, capacity 36256K, committed 36560K, reserved 1081344K
  class space    used 4101K, capacity 4283K, committed 4348K, reserved 1048576K
2016-10-24T04:16:18.181+0800: 1752.188: [GC (Allocation Failure) 2016-10-24T04:16:18.181+0800: 1752.188: [ParNew
Desired survivor size 20112992 bytes, new threshold 8 (max 8)
- age   1:    8826176 bytes,    8826176 total
- age   2:    4869248 bytes,   13695424 total
- age   3:    5538864 bytes,   19234288 total
: 109248K->21824K(109248K), 0.0129705 secs] 272410K->191056K(502464K), 0.0130395 secs] [Times: user=0.05 sys=0.00, real=0.01 secs] 
Heap after GC invocations=78 (full 4):
 par new generation   total 109248K, used 21824K [0x00000007a0000000, 0x00000007a8000000, 0x00000007a8000000)
  eden space 87424K,   0% used [0x00000007a0000000, 0x00000007a0000000, 0x00000007a5560000)
  from space 21824K, 100% used [0x00000007a5560000, 0x00000007a6ab0000, 0x00000007a6ab0000)
  to   space 21824K,   0% used [0x00000007a6ab0000, 0x00000007a6ab0000, 0x00000007a8000000)
 concurrent mark-sweep generation total 393216K, used 169232K [0x00000007a8000000, 0x00000007c0000000, 0x00000007c0000000)
 Metaspace       used 35734K, capacity 36256K, committed 36560K, reserved 1081344K
  class space    used 4101K, capacity 4283K, committed 4348K, reserved 1048576K
}
2016-10-24T04:16:18.194+0800: 1752.201: Total time for which application threads were stopped: 0.0132278 seconds, Stopping threads took: 0.0000313 seconds
2016-10-24T04:16:18.341+0800: 1752.349: Total time for which application threads were stopped: 0.0001198 seconds, Stopping threads took: 0.0000313 seconds
2016-10-24T04:16:23.608+0800: 1757.616: Total time for which application threads were stopped: 0.0001271 seconds, Stopping threads took: 0.0000530 seconds
{Heap before GC invocations=78 (full 4):
 par new generation   total 109248K, used 109248K [0x00000007a0000000, 0x00000007a8000000, 0x00000007a8000000)
  eden space 87424K, 100% used [0x00000007a0000000, 0x00000007a5560000, 0x00000007a5560000)
  from space 21824K, 100% used [0x00000007a5560000, 0x00000007a6ab0000, 0x00000007a6ab0000)
  to   space 21824K,   0% used [0x00000007a6ab0000, 0x00000007a6ab0000, 0x00000007a8000000)
 concurrent mark-sweep generation total 393216K, used 169232K [0x00000007a8000000, 0x00000007c0000000, 0x00000007c0000000)
 Metaspace       used 35738K, capacity 36256K, committed 36560K, reserved 1081344K
  class space    used 4101K, capacity 4283K, committed 4348K, reserved 1048576K
2016-10-24T04:16:23.669+0800: 1757.677: [GC (Allocation Failure) 2016-10-24T04:16:23.669+0800: 1757.677: [ParNew
Desired survivor size 20112992 bytes, new threshold 4 (max 8)
- age   1:    5080304 bytes,    5080304 total
- age   2:    6844432 bytes,   11924736 total
- age   3:    3040424 bytes,   14965160 total
- age   4:    5426112 bytes,   20391272 total
: 109248K->21824K(109248K), 0.0116168 secs] 278480K->192699K(502464K), 0.0116900 secs] [Times: user=0.05 sys=0.00, real=0.02 secs] 
Heap after GC invocations=79 (full 4):
 par new generation   total 109248K, used 21824K [0x00000007a0000000, 0x00000007a8000000, 0x00000007a8000000)
  eden space 87424K,   0% used [0x00000007a0000000, 0x00000007a0000000, 0x00000007a5560000)
  from space 21824K, 100% used [0x00000007a6ab0000, 0x00000007a8000000, 0x00000007a8000000)
  to   space 21824K,   0% used [0x00000007a5560000, 0x00000007a5560000, 0x00000007a6ab0000)
 concurrent mark-sweep generation total 393216K, used 170875K [0x00000007a8000000, 0x00000007c0000000, 0x00000007c0000000)
 Metaspace       used 35738K, capacity 36256K, committed 36560K, reserved 1081344K
  class space    used 4101K, capacity 4283K, committed 4348K, reserved 1048576K
}
2016-10-24T04:16:23.681+0800: 1757.688: Total time for which application threads were stopped: 0.0118932 seconds, Stopping threads took: 0.0000407 seconds
2016-10-24T04:16:23.688+0800: 1757.696: Total time for which application threads were stopped: 0.0001941 seconds, Stopping threads took: 0.0000533 seconds
2016-10-24T04:16:23.689+0800: 1757.696: Total time for which application threads were stopped: 0.0000388 seconds, Stopping threads took: 0.0000069 seconds
{Heap before GC invocations=79 (full 4):
 par new generation   total 109248K, used 109248K [0x00000007a0000000, 0x00000007a8000000, 0x00000007a8000000)
  eden space 87424K, 100% used [0x00000007a0000000, 0x00000007a5560000, 0x00000007a5560000)
  from space 21824K, 100% used [0x00000007a6ab0000, 0x00000007a8000000, 0x00000007a8000000)
  to   space 21824K,   0% used [0x00000007a5560000, 0x00000007a5560000, 0x00000007a6ab0000)
 concurrent mark-sweep generation total 393216K, used 170875K [0x00000007a8000000, 0x00000007c0000000, 0x00000007c0000000)
 Metaspace       used 35741K, capacity 36320K, committed 36560K, reserved 1081344K
  class space    used 4101K, capacity 4283K, committed 4348K, reserved 1048576K
2016-10-24T04:16:24.663+0800: 1758.671: [GC (Allocation Failure) 2016-10-24T04:16:24.663+0800: 1758.671: [ParNew
Desired survivor size 20112992 bytes, new threshold 8 (max 8)
- age   1:      31648 bytes,      31648 total
- age   2:    4970496 bytes,    5002144 total
- age   3:    6835808 bytes,   11837952 total
- age   4:    3034160 bytes,   14872112 total
: 109248K->21824K(109248K), 0.0136138 secs] 280123K->198238K(502464K), 0.0136680 secs] [Times: user=0.05 sys=0.00, real=0.01 secs] 
Heap after GC invocations=80 (full 4):
 par new generation   total 109248K, used 21824K [0x00000007a0000000, 0x00000007a8000000, 0x00000007a8000000)
  eden space 87424K,   0% used [0x00000007a0000000, 0x00000007a0000000, 0x00000007a5560000)
  from space 21824K, 100% used [0x00000007a5560000, 0x00000007a6ab0000, 0x00000007a6ab0000)
  to   space 21824K,   0% used [0x00000007a6ab0000, 0x00000007a6ab0000, 0x00000007a8000000)
 concurrent mark-sweep generation total 393216K, used 176414K [0x00000007a8000000, 0x00000007c0000000, 0x00000007c0000000)
 Metaspace       used 35741K, capacity 36320K, committed 36560K, reserved 1081344K
  class space    used 4101K, capacity 4283K, committed 4348K, reserved 1048576K
}
2016-10-24T04:16:24.677+0800: 1758.685: Total time for which application threads were stopped: 0.0138475 seconds, Stopping threads took: 0.0000192 seconds
{Heap before GC invocations=80 (full 4):
 par new generation   total 109248K, used 109248K [0x00000007a0000000, 0x00000007a8000000, 0x00000007a8000000)
  eden space 87424K, 100% used [0x00000007a0000000, 0x00000007a5560000, 0x00000007a5560000)
  from space 21824K, 100% used [0x00000007a5560000, 0x00000007a6ab0000, 0x00000007a6ab0000)
  to   space 21824K,   0% used [0x00000007a6ab0000, 0x00000007a6ab0000, 0x00000007a8000000)
 concurrent mark-sweep generation total 393216K, used 176414K [0x00000007a8000000, 0x00000007c0000000, 0x00000007c0000000)
 Metaspace       used 35741K, capacity 36320K, committed 36560K, reserved 1081344K
  class space    used 4101K, capacity 4283K, committed 4348K, reserved 1048576K
2016-10-24T04:16:24.777+0800: 1758.785: [GC (Allocation Failure) 2016-10-24T04:16:24.777+0800: 1758.785: [ParNew
Desired survivor size 20112992 bytes, new threshold 8 (max 8)
- age   1:     102208 bytes,     102208 total
- age   2:      14816 bytes,     117024 total
- age   3:    4970496 bytes,    5087520 total
- age   4:    6835808 bytes,   11923328 total
- age   5:    3034160 bytes,   14957488 total
: 109248K->18894K(109248K), 0.0085661 secs] 285662K->195308K(502464K), 0.0086050 secs] [Times: user=0.03 sys=0.00, real=0.01 secs] 
Heap after GC invocations=81 (full 4):
 par new generation   total 109248K, used 18894K [0x00000007a0000000, 0x00000007a8000000, 0x00000007a8000000)
  eden space 87424K,   0% used [0x00000007a0000000, 0x00000007a0000000, 0x00000007a5560000)
  from space 21824K,  86% used [0x00000007a6ab0000, 0x00000007a7d238d8, 0x00000007a8000000)
  to   space 21824K,   0% used [0x00000007a5560000, 0x00000007a5560000, 0x00000007a6ab0000)
 concurrent mark-sweep generation total 393216K, used 176414K [0x00000007a8000000, 0x00000007c0000000, 0x00000007c0000000)
 Metaspace       used 35741K, capacity 36320K, committed 36560K, reserved 1081344K
  class space    used 4101K, capacity 4283K, committed 4348K, reserved 1048576K
}
2016-10-24T04:16:24.786+0800: 1758.794: Total time for which application threads were stopped: 0.0087786 seconds, Stopping threads took: 0.0000278 seconds
{Heap before GC invocations=81 (full 4):
 par new generation   total 109248K, used 106318K [0x00000007a0000000, 0x00000007a8000000, 0x00000007a8000000)
  eden space 87424K, 100% used [0x00000007a0000000, 0x00000007a5560000, 0x00000007a5560000)
  from space 21824K,  86% used [0x00000007a6ab0000, 0x00000007a7d238d8, 0x00000007a8000000)
  to   space 21824K,   0% used [0x00000007a5560000, 0x00000007a5560000, 0x00000007a6ab0000)
 concurrent mark-sweep generation total 393216K, used 176414K [0x00000007a8000000, 0x00000007c0000000, 0x00000007c0000000)
 Metaspace       used 35741K, capacity 36320K, committed 36560K, reserved 1081344K
  class space    used 4101K, capacity 4283K, committed 4348K, reserved 1048576K
2016-10-24T04:16:24.935+0800: 1758.943: [GC (Allocation Failure) 2016-10-24T04:16:24.935+0800: 1758.943: [ParNew
Desired survivor size 20112992 bytes, new threshold 8 (max 8)
- age   1:     171432 bytes,     171432 total
- age   2:      10432 bytes,     181864 total
- age   3:      14816 bytes,     196680 total
- age   4:    4970496 bytes,    5167176 total
- age   5:    6835808 bytes,   12002984 total
- age   6:    3034160 bytes,   15037144 total
: 106318K->17667K(109248K), 0.0087727 secs] 282732K->194081K(502464K), 0.0088152 secs] [Times: user=0.03 sys=0.00, real=0.01 secs] 
Heap after GC invocations=82 (full 4):
 par new generation   total 109248K, used 17667K [0x00000007a0000000, 0x00000007a8000000, 0x00000007a8000000)
  eden space 87424K,   0% used [0x00000007a0000000, 0x00000007a0000000, 0x00000007a5560000)
  from space 21824K,  80% used [0x00000007a5560000, 0x00000007a66a0c58, 0x00000007a6ab0000)
  to   space 21824K,   0% used [0x00000007a6ab0000, 0x00000007a6ab0000, 0x00000007a8000000)
 concurrent mark-sweep generation total 393216K, used 176414K [0x00000007a8000000, 0x00000007c0000000, 0x00000007c0000000)
 Metaspace       used 35741K, capacity 36320K, committed 36560K, reserved 1081344K
  class space    used 4101K, capacity 4283K, committed 4348K, reserved 1048576K
}
2016-10-24T04:16:24.944+0800: 1758.951: Total time for which application threads were stopped: 0.0089917 seconds, Stopping threads took: 0.0000205 seconds
{Heap before GC invocations=82 (full 4):
 par new generation   total 109248K, used 105091K [0x00000007a0000000, 0x00000007a8000000, 0x00000007a8000000)
  eden space 87424K, 100% used [0x00000007a0000000, 0x00000007a5560000, 0x00000007a5560000)
  from space 21824K,  80% used [0x00000007a5560000, 0x00000007a66a0c58, 0x00000007a6ab0000)
  to   space 21824K,   0% used [0x00000007a6ab0000, 0x00000007a6ab0000, 0x00000007a8000000)
 concurrent mark-sweep generation total 393216K, used 176414K [0x00000007a8000000, 0x00000007c0000000, 0x00000007c0000000)
 Metaspace       used 35741K, capacity 36320K, committed 36560K, reserved 1081344K
  class space    used 4101K, capacity 4283K, committed 4348K, reserved 1048576K
2016-10-24T04:16:25.027+0800: 1759.034: [GC (Allocation Failure) 2016-10-24T04:16:25.027+0800: 1759.035: [ParNew
Desired survivor size 20112992 bytes, new threshold 8 (max 8)
- age   1:     291272 bytes,     291272 total
- age   2:      56496 bytes,     347768 total
- age   3:      10432 bytes,     358200 total
- age   4:      14816 bytes,     373016 total
- age   5:    4970496 bytes,    5343512 total
- age   6:    6835808 bytes,   12179320 total
- age   7:    3034160 bytes,   15213480 total
: 105091K->21824K(109248K), 0.0088078 secs] 281505K->198238K(502464K), 0.0088733 secs] [Times: user=0.03 sys=0.00, real=0.01 secs] 
Heap after GC invocations=83 (full 4):
 par new generation   total 109248K, used 21824K [0x00000007a0000000, 0x00000007a8000000, 0x00000007a8000000)
  eden space 87424K,   0% used [0x00000007a0000000, 0x00000007a0000000, 0x00000007a5560000)
  from space 21824K, 100% used [0x00000007a6ab0000, 0x00000007a8000000, 0x00000007a8000000)
  to   space 21824K,   0% used [0x00000007a5560000, 0x00000007a5560000, 0x00000007a6ab0000)
 concurrent mark-sweep generation total 393216K, used 176414K [0x00000007a8000000, 0x00000007c0000000, 0x00000007c0000000)
 Metaspace       used 35741K, capacity 36320K, committed 36560K, reserved 1081344K
  class space    used 4101K, capacity 4283K, committed 4348K, reserved 1048576K
}
2016-10-24T04:16:25.036+0800: 1759.043: Total time for which application threads were stopped: 0.0090734 seconds, Stopping threads took: 0.0000353 seconds
{Heap before GC invocations=83 (full 4):
 par new generation   total 109248K, used 109248K [0x00000007a0000000, 0x00000007a8000000, 0x00000007a8000000)
  eden space 87424K, 100% used [0x00000007a0000000, 0x00000007a5560000, 0x00000007a5560000)
  from space 21824K, 100% used [0x00000007a6ab0000, 0x00000007a8000000, 0x00000007a8000000)
  to   space 21824K,   0% used [0x00000007a5560000, 0x00000007a5560000, 0x00000007a6ab0000)
 concurrent mark-sweep generation total 393216K, used 176414K [0x00000007a8000000, 0x00000007c0000000, 0x00000007c0000000)
 Metaspace       used 35741K, capacity 36320K, committed 36560K, reserved 1081344K
  class space    used 4101K, capacity 4283K, committed 4348K, reserved 1048576K
2016-10-24T04:16:25.148+0800: 1759.156: [GC (Allocation Failure) 2016-10-24T04:16:25.148+0800: 1759.156: [ParNew
Desired survivor size 20112992 bytes, new threshold 8 (max 8)
- age   1:      83824 bytes,      83824 total
- age   3:       3648 bytes,      87472 total
- age   4:      10432 bytes,      97904 total
- age   5:      14816 bytes,     112720 total
- age   6:    4970496 bytes,    5083216 total
- age   7:    6835808 bytes,   11919024 total
- age   8:    3034160 bytes,   14953184 total
: 109248K->18291K(109248K), 0.0081686 secs] 285662K->194706K(502464K), 0.0082270 secs] [Times: user=0.03 sys=0.00, real=0.01 secs] 
Heap after GC invocations=84 (full 4):
 par new generation   total 109248K, used 18291K [0x00000007a0000000, 0x00000007a8000000, 0x00000007a8000000)
  eden space 87424K,   0% used [0x00000007a0000000, 0x00000007a0000000, 0x00000007a5560000)
  from space 21824K,  83% used [0x00000007a5560000, 0x00000007a673cf18, 0x00000007a6ab0000)
  to   space 21824K,   0% used [0x00000007a6ab0000, 0x00000007a6ab0000, 0x00000007a8000000)
 concurrent mark-sweep generation total 393216K, used 176414K [0x00000007a8000000, 0x00000007c0000000, 0x00000007c0000000)
 Metaspace       used 35741K, capacity 36320K, committed 36560K, reserved 1081344K
  class space    used 4101K, capacity 4283K, committed 4348K, reserved 1048576K
}
2016-10-24T04:16:25.156+0800: 1759.164: Total time for which application threads were stopped: 0.0084285 seconds, Stopping threads took: 0.0000298 seconds
{Heap before GC invocations=84 (full 4):
 par new generation   total 109248K, used 105715K [0x00000007a0000000, 0x00000007a8000000, 0x00000007a8000000)
  eden space 87424K, 100% used [0x00000007a0000000, 0x00000007a5560000, 0x00000007a5560000)
  from space 21824K,  83% used [0x00000007a5560000, 0x00000007a673cf18, 0x00000007a6ab0000)
  to   space 21824K,   0% used [0x00000007a6ab0000, 0x00000007a6ab0000, 0x00000007a8000000)
 concurrent mark-sweep generation total 393216K, used 176414K [0x00000007a8000000, 0x00000007c0000000, 0x00000007c0000000)
 Metaspace       used 35741K, capacity 36320K, committed 36560K, reserved 1081344K
  class space    used 4101K, capacity 4283K, committed 4348K, reserved 1048576K
2016-10-24T04:16:25.235+0800: 1759.243: [GC (Allocation Failure) 2016-10-24T04:16:25.235+0800: 1759.243: [ParNew
Desired survivor size 20112992 bytes, new threshold 8 (max 8)
- age   1:     101760 bytes,     101760 total
- age   2:      56584 bytes,     158344 total
- age   4:       3648 bytes,     161992 total
- age   5:      10432 bytes,     172424 total
- age   6:      14816 bytes,     187240 total
- age   7:    4970464 bytes,    5157704 total
- age   8:    6835808 bytes,   11993512 total
: 105715K->17809K(109248K), 0.0099360 secs] 282130K->197273K(502464K), 0.0100037 secs] [Times: user=0.03 sys=0.00, real=0.01 secs] 
Heap after GC invocations=85 (full 4):
 par new generation   total 109248K, used 17809K [0x00000007a0000000, 0x00000007a8000000, 0x00000007a8000000)
  eden space 87424K,   0% used [0x00000007a0000000, 0x00000007a0000000, 0x00000007a5560000)
  from space 21824K,  81% used [0x00000007a6ab0000, 0x00000007a7c14738, 0x00000007a8000000)
  to   space 21824K,   0% used [0x00000007a5560000, 0x00000007a5560000, 0x00000007a6ab0000)
 concurrent mark-sweep generation total 393216K, used 179463K [0x00000007a8000000, 0x00000007c0000000, 0x00000007c0000000)
 Metaspace       used 35741K, capacity 36320K, committed 36560K, reserved 1081344K
  class space    used 4101K, capacity 4283K, committed 4348K, reserved 1048576K
}
2016-10-24T04:16:25.245+0800: 1759.253: Total time for which application threads were stopped: 0.0102006 seconds, Stopping threads took: 0.0000231 seconds
{Heap before GC invocations=85 (full 4):
 par new generation   total 109248K, used 105233K [0x00000007a0000000, 0x00000007a8000000, 0x00000007a8000000)
  eden space 87424K, 100% used [0x00000007a0000000, 0x00000007a5560000, 0x00000007a5560000)
  from space 21824K,  81% used [0x00000007a6ab0000, 0x00000007a7c14738, 0x00000007a8000000)
  to   space 21824K,   0% used [0x00000007a5560000, 0x00000007a5560000, 0x00000007a6ab0000)
 concurrent mark-sweep generation total 393216K, used 179463K [0x00000007a8000000, 0x00000007c0000000, 0x00000007c0000000)
 Metaspace       used 35741K, capacity 36320K, committed 36560K, reserved 1081344K
  class space    used 4101K, capacity 4283K, committed 4348K, reserved 1048576K
2016-10-24T04:16:25.357+0800: 1759.365: [GC (Allocation Failure) 2016-10-24T04:16:25.357+0800: 1759.365: [ParNew
Desired survivor size 20112992 bytes, new threshold 8 (max 8)
- age   1:      74584 bytes,      74584 total
- age   2:         32 bytes,      74616 total
- age   3:        224 bytes,      74840 total
- age   5:       3648 bytes,      78488 total
- age   6:      10432 bytes,      88920 total
- age   7:      14816 bytes,     103736 total
- age   8:    4970464 bytes,    5074200 total
: 105233K->7437K(109248K), 0.0085931 secs] 284697K->193666K(502464K), 0.0086815 secs] [Times: user=0.03 sys=0.00, real=0.01 secs] 
Heap after GC invocations=86 (full 4):
 par new generation   total 109248K, used 7437K [0x00000007a0000000, 0x00000007a8000000, 0x00000007a8000000)
  eden space 87424K,   0% used [0x00000007a0000000, 0x00000007a0000000, 0x00000007a5560000)
  from space 21824K,  34% used [0x00000007a5560000, 0x00000007a5ca3528, 0x00000007a6ab0000)
  to   space 21824K,   0% used [0x00000007a6ab0000, 0x00000007a6ab0000, 0x00000007a8000000)
 concurrent mark-sweep generation total 393216K, used 186229K [0x00000007a8000000, 0x00000007c0000000, 0x00000007c0000000)
 Metaspace       used 35741K, capacity 36320K, committed 36560K, reserved 1081344K
  class space    used 4101K, capacity 4283K, committed 4348K, reserved 1048576K
}
2016-10-24T04:16:25.366+0800: 1759.373: Total time for which application threads were stopped: 0.0088885 seconds, Stopping threads took: 0.0000296 seconds
2016-10-24T04:16:25.528+0800: 1759.535: Total time for which application threads were stopped: 0.0001020 seconds, Stopping threads took: 0.0000296 seconds
2016-10-24T04:16:25.528+0800: 1759.535: Total time for which application threads were stopped: 0.0000624 seconds, Stopping threads took: 0.0000210 seconds
2016-10-24T04:16:25.528+0800: 1759.535: Total time for which application threads were stopped: 0.0000723 seconds, Stopping threads took: 0.0000416 seconds
2016-10-24T04:16:25.528+0800: 1759.536: Total time for which application threads were stopped: 0.0000922 seconds, Stopping threads took: 0.0000545 seconds
2016-10-24T04:16:25.528+0800: 1759.536: Total time for which application threads were stopped: 0.0001078 seconds, Stopping threads took: 0.0000242 seconds
2016-10-24T04:16:25.529+0800: 1759.537: Total time for which application threads were stopped: 0.0001090 seconds, Stopping threads took: 0.0000256 seconds
2016-10-24T04:16:25.531+0800: 1759.539: Total time for which application threads were stopped: 0.0001139 seconds, Stopping threads took: 0.0000157 seconds
2016-10-24T04:16:26.531+0800: 1760.539: Total time for which application threads were stopped: 0.0002499 seconds, Stopping threads took: 0.0000623 seconds
2016-10-24T04:17:04.003+0800: 1798.011: Total time for which application threads were stopped: 0.0001450 seconds, Stopping threads took: 0.0000215 seconds
2016-10-24T04:17:05.005+0800: 1799.014: Total time for which application threads were stopped: 0.0001984 seconds, Stopping threads took: 0.0001009 seconds
2016-10-24T04:17:11.020+0800: 1805.029: Total time for which application threads were stopped: 0.0001191 seconds, Stopping threads took: 0.0000304 seconds
2016-10-24T04:17:37.093+0800: 1831.103: Total time for which application threads were stopped: 0.0001614 seconds, Stopping threads took: 0.0000543 seconds
2016-10-24T04:17:50.856+0800: 1844.866: Total time for which application threads were stopped: 0.0001159 seconds, Stopping threads took: 0.0000185 seconds
2016-10-24T04:17:50.864+0800: 1844.874: Total time for which application threads were stopped: 0.0001662 seconds, Stopping threads took: 0.0000503 seconds
2016-10-24T04:17:50.864+0800: 1844.874: Total time for which application threads were stopped: 0.0000758 seconds, Stopping threads took: 0.0000211 seconds
2016-10-24T04:17:50.869+0800: 1844.879: Total time for which application threads were stopped: 0.0001269 seconds, Stopping threads took: 0.0000374 seconds
2016-10-24T04:17:50.869+0800: 1844.879: Total time for which application threads were stopped: 0.0000795 seconds, Stopping threads took: 0.0000198 seconds
2016-10-24T04:17:51.870+0800: 1845.880: Total time for which application threads were stopped: 0.0001408 seconds, Stopping threads took: 0.0000330 seconds
2016-10-24T04:17:53.874+0800: 1847.885: Total time for which application threads were stopped: 0.0002949 seconds, Stopping threads took: 0.0000671 seconds
2016-10-24T04:17:54.489+0800: 1848.499: Total time for which application threads were stopped: 0.0001253 seconds, Stopping threads took: 0.0000310 seconds
2016-10-24T04:17:54.489+0800: 1848.499: Total time for which application threads were stopped: 0.0001111 seconds, Stopping threads took: 0.0000174 seconds
2016-10-24T04:17:54.489+0800: 1848.499: Total time for which application threads were stopped: 0.0000644 seconds, Stopping threads took: 0.0000189 seconds
2016-10-24T04:17:54.489+0800: 1848.500: Total time for which application threads were stopped: 0.0000793 seconds, Stopping threads took: 0.0000282 seconds
2016-10-24T04:17:54.490+0800: 1848.500: Total time for which application threads were stopped: 0.0000634 seconds, Stopping threads took: 0.0000209 seconds
2016-10-24T04:17:54.490+0800: 1848.500: Total time for which application threads were stopped: 0.0001001 seconds, Stopping threads took: 0.0000272 seconds
2016-10-24T04:17:54.490+0800: 1848.500: Total time for which application threads were stopped: 0.0001007 seconds, Stopping threads took: 0.0000501 seconds
2016-10-24T04:17:54.491+0800: 1848.501: Total time for which application threads were stopped: 0.0000814 seconds, Stopping threads took: 0.0000270 seconds
2016-10-24T04:17:54.491+0800: 1848.501: Total time for which application threads were stopped: 0.0000895 seconds, Stopping threads took: 0.0000310 seconds
2016-10-24T04:17:54.491+0800: 1848.501: Total time for which application threads were stopped: 0.0000677 seconds, Stopping threads took: 0.0000168 seconds
2016-10-24T04:17:54.491+0800: 1848.501: Total time for which application threads were stopped: 0.0000851 seconds, Stopping threads took: 0.0000237 seconds
2016-10-24T04:17:54.491+0800: 1848.501: Total time for which application threads were stopped: 0.0001149 seconds, Stopping threads took: 0.0000573 seconds
2016-10-24T04:17:54.491+0800: 1848.501: Total time for which application threads were stopped: 0.0000894 seconds, Stopping threads took: 0.0000423 seconds
2016-10-24T04:17:54.492+0800: 1848.502: Total time for which application threads were stopped: 0.0000928 seconds, Stopping threads took: 0.0000367 seconds
2016-10-24T04:17:54.492+0800: 1848.502: Total time for which application threads were stopped: 0.0001047 seconds, Stopping threads took: 0.0000430 seconds
2016-10-24T04:17:54.496+0800: 1848.507: Total time for which application threads were stopped: 0.0000892 seconds, Stopping threads took: 0.0000218 seconds
2016-10-24T04:17:54.497+0800: 1848.507: Total time for which application threads were stopped: 0.0000653 seconds, Stopping threads took: 0.0000164 seconds
2016-10-24T04:17:54.501+0800: 1848.511: Total time for which application threads were stopped: 0.0000980 seconds, Stopping threads took: 0.0000314 seconds
2016-10-24T04:17:54.501+0800: 1848.512: Total time for which application threads were stopped: 0.0001129 seconds, Stopping threads took: 0.0000584 seconds
2016-10-24T04:18:20.543+0800: 1874.554: Total time for which application threads were stopped: 0.0001562 seconds, Stopping threads took: 0.0000300 seconds
2016-10-24T04:18:27.562+0800: 1881.573: Total time for which application threads were stopped: 0.0002131 seconds, Stopping threads took: 0.0000556 seconds
2016-10-24T04:18:32.576+0800: 1886.587: Total time for which application threads were stopped: 0.0002503 seconds, Stopping threads took: 0.0000225 seconds
2016-10-24T04:18:32.604+0800: 1886.615: Total time for which application threads were stopped: 0.0000993 seconds, Stopping threads took: 0.0000300 seconds
2016-10-24T04:18:32.604+0800: 1886.615: Total time for which application threads were stopped: 0.0000513 seconds, Stopping threads took: 0.0000087 seconds
2016-10-24T04:18:32.604+0800: 1886.615: Total time for which application threads were stopped: 0.0000447 seconds, Stopping threads took: 0.0000068 seconds
2016-10-24T04:18:32.606+0800: 1886.617: Total time for which application threads were stopped: 0.0000712 seconds, Stopping threads took: 0.0000126 seconds
2016-10-24T04:18:32.618+0800: 1886.629: Total time for which application threads were stopped: 0.0001232 seconds, Stopping threads took: 0.0000285 seconds
2016-10-24T04:18:32.620+0800: 1886.631: Total time for which application threads were stopped: 0.0001005 seconds, Stopping threads took: 0.0000277 seconds
2016-10-24T04:18:32.620+0800: 1886.631: Total time for which application threads were stopped: 0.0000575 seconds, Stopping threads took: 0.0000084 seconds
2016-10-24T04:18:32.620+0800: 1886.631: Total time for which application threads were stopped: 0.0000867 seconds, Stopping threads took: 0.0000327 seconds
2016-10-24T04:18:32.620+0800: 1886.631: Total time for which application threads were stopped: 0.0000577 seconds, Stopping threads took: 0.0000079 seconds
2016-10-24T04:18:32.620+0800: 1886.632: Total time for which application threads were stopped: 0.0000568 seconds, Stopping threads took: 0.0000082 seconds
2016-10-24T04:18:32.621+0800: 1886.632: Total time for which application threads were stopped: 0.0000650 seconds, Stopping threads took: 0.0000079 seconds
2016-10-24T04:18:32.621+0800: 1886.632: Total time for which application threads were stopped: 0.0000369 seconds, Stopping threads took: 0.0000055 seconds
2016-10-24T04:18:32.621+0800: 1886.632: Total time for which application threads were stopped: 0.0000361 seconds, Stopping threads took: 0.0000057 seconds
2016-10-24T04:18:32.621+0800: 1886.632: Total time for which application threads were stopped: 0.0000464 seconds, Stopping threads took: 0.0000079 seconds
2016-10-24T04:18:32.621+0800: 1886.632: Total time for which application threads were stopped: 0.0000504 seconds, Stopping threads took: 0.0000089 seconds
2016-10-24T04:18:32.621+0800: 1886.632: Total time for which application threads were stopped: 0.0000373 seconds, Stopping threads took: 0.0000056 seconds
2016-10-24T04:18:32.621+0800: 1886.632: Total time for which application threads were stopped: 0.0000741 seconds, Stopping threads took: 0.0000282 seconds
2016-10-24T04:18:32.621+0800: 1886.632: Total time for which application threads were stopped: 0.0000803 seconds, Stopping threads took: 0.0000433 seconds
2016-10-24T04:18:32.621+0800: 1886.632: Total time for which application threads were stopped: 0.0000513 seconds, Stopping threads took: 0.0000086 seconds
2016-10-24T04:18:32.621+0800: 1886.632: Total time for which application threads were stopped: 0.0000702 seconds, Stopping threads took: 0.0000232 seconds
2016-10-24T04:18:32.622+0800: 1886.633: Total time for which application threads were stopped: 0.0000550 seconds, Stopping threads took: 0.0000182 seconds
2016-10-24T04:18:32.622+0800: 1886.633: Total time for which application threads were stopped: 0.0000505 seconds, Stopping threads took: 0.0000121 seconds
2016-10-24T04:18:32.622+0800: 1886.633: Total time for which application threads were stopped: 0.0001184 seconds, Stopping threads took: 0.0000079 seconds
2016-10-24T04:18:32.622+0800: 1886.633: Total time for which application threads were stopped: 0.0001218 seconds, Stopping threads took: 0.0000071 seconds
2016-10-24T04:18:54.502+0800: 1908.513: Total time for which application threads were stopped: 0.0001279 seconds, Stopping threads took: 0.0000286 seconds
2016-10-24T04:19:21.567+0800: 1935.579: Total time for which application threads were stopped: 0.0001102 seconds, Stopping threads took: 0.0000176 seconds
2016-10-24T04:19:21.574+0800: 1935.586: Total time for which application threads were stopped: 0.0000880 seconds, Stopping threads took: 0.0000230 seconds
2016-10-24T04:19:21.574+0800: 1935.586: Total time for which application threads were stopped: 0.0000758 seconds, Stopping threads took: 0.0000275 seconds
2016-10-24T04:19:21.579+0800: 1935.591: Total time for which application threads were stopped: 0.0000941 seconds, Stopping threads took: 0.0000261 seconds
2016-10-24T04:19:21.579+0800: 1935.591: Total time for which application threads were stopped: 0.0000609 seconds, Stopping threads took: 0.0000200 seconds
2016-10-24T04:19:37.633+0800: 1951.646: Total time for which application threads were stopped: 0.0002594 seconds, Stopping threads took: 0.0000557 seconds
2016-10-24T04:20:21.580+0800: 1995.594: Total time for which application threads were stopped: 0.0001429 seconds, Stopping threads took: 0.0000350 seconds
2016-10-24T04:24:44.142+0800: 2258.163: Total time for which application threads were stopped: 0.0003299 seconds, Stopping threads took: 0.0001208 seconds
{Heap before GC invocations=86 (full 4):
 par new generation   total 109248K, used 94861K [0x00000007a0000000, 0x00000007a8000000, 0x00000007a8000000)
  eden space 87424K, 100% used [0x00000007a0000000, 0x00000007a5560000, 0x00000007a5560000)
  from space 21824K,  34% used [0x00000007a5560000, 0x00000007a5ca3528, 0x00000007a6ab0000)
  to   space 21824K,   0% used [0x00000007a6ab0000, 0x00000007a6ab0000, 0x00000007a8000000)
 concurrent mark-sweep generation total 393216K, used 186229K [0x00000007a8000000, 0x00000007c0000000, 0x00000007c0000000)
 Metaspace       used 35822K, capacity 36390K, committed 36816K, reserved 1081344K
  class space    used 4102K, capacity 4284K, committed 4348K, reserved 1048576K
2016-10-24T04:24:45.857+0800: 2259.878: [GC (Allocation Failure) 2016-10-24T04:24:45.857+0800: 2259.878: [ParNew
Desired survivor size 20112992 bytes, new threshold 8 (max 8)
- age   1:    1306648 bytes,    1306648 total
- age   2:        440 bytes,    1307088 total
- age   4:        224 bytes,    1307312 total
- age   6:       3648 bytes,    1310960 total
- age   7:      10432 bytes,    1321392 total
- age   8:      14456 bytes,    1335848 total
: 94861K->2609K(109248K), 0.0247476 secs] 281090K->193181K(502464K), 0.0248269 secs] [Times: user=0.03 sys=0.06, real=0.03 secs] 
Heap after GC invocations=87 (full 4):
 par new generation   total 109248K, used 2609K [0x00000007a0000000, 0x00000007a8000000, 0x00000007a8000000)
  eden space 87424K,   0% used [0x00000007a0000000, 0x00000007a0000000, 0x00000007a5560000)
  from space 21824K,  11% used [0x00000007a6ab0000, 0x00000007a6d3c7a0, 0x00000007a8000000)
  to   space 21824K,   0% used [0x00000007a5560000, 0x00000007a5560000, 0x00000007a6ab0000)
 concurrent mark-sweep generation total 393216K, used 190571K [0x00000007a8000000, 0x00000007c0000000, 0x00000007c0000000)
 Metaspace       used 35822K, capacity 36390K, committed 36816K, reserved 1081344K
  class space    used 4102K, capacity 4284K, committed 4348K, reserved 1048576K
}
2016-10-24T04:24:45.882+0800: 2259.903: Total time for which application threads were stopped: 0.0250141 seconds, Stopping threads took: 0.0000315 seconds
2016-10-24T04:24:46.884+0800: 2260.904: Total time for which application threads were stopped: 0.0002228 seconds, Stopping threads took: 0.0001347 seconds
2016-10-24T04:24:49.598+0800: 2263.619: Total time for which application threads were stopped: 0.0000994 seconds, Stopping threads took: 0.0000273 seconds
2016-10-24T04:24:49.599+0800: 2263.620: Total time for which application threads were stopped: 0.0000642 seconds, Stopping threads took: 0.0000081 seconds
2016-10-24T04:24:49.599+0800: 2263.620: Total time for which application threads were stopped: 0.0000758 seconds, Stopping threads took: 0.0000192 seconds
2016-10-24T04:24:49.602+0800: 2263.623: Total time for which application threads were stopped: 0.0000738 seconds, Stopping threads took: 0.0000198 seconds
2016-10-24T04:24:49.603+0800: 2263.624: Total time for which application threads were stopped: 0.0000658 seconds, Stopping threads took: 0.0000079 seconds
2016-10-24T04:24:49.604+0800: 2263.625: Total time for which application threads were stopped: 0.0000795 seconds, Stopping threads took: 0.0000320 seconds
2016-10-24T04:24:49.616+0800: 2263.637: Total time for which application threads were stopped: 0.0001340 seconds, Stopping threads took: 0.0000402 seconds
2016-10-24T04:24:49.620+0800: 2263.641: Total time for which application threads were stopped: 0.0002213 seconds, Stopping threads took: 0.0001210 seconds
2016-10-24T04:24:49.620+0800: 2263.641: Total time for which application threads were stopped: 0.0000815 seconds, Stopping threads took: 0.0000264 seconds
2016-10-24T04:24:50.624+0800: 2264.645: Total time for which application threads were stopped: 0.0002997 seconds, Stopping threads took: 0.0000527 seconds
{Heap before GC invocations=87 (full 4):
 par new generation   total 109248K, used 90033K [0x00000007a0000000, 0x00000007a8000000, 0x00000007a8000000)
  eden space 87424K, 100% used [0x00000007a0000000, 0x00000007a5560000, 0x00000007a5560000)
  from space 21824K,  11% used [0x00000007a6ab0000, 0x00000007a6d3c7a0, 0x00000007a8000000)
  to   space 21824K,   0% used [0x00000007a5560000, 0x00000007a5560000, 0x00000007a6ab0000)
 concurrent mark-sweep generation total 393216K, used 190571K [0x00000007a8000000, 0x00000007c0000000, 0x00000007c0000000)
 Metaspace       used 35981K, capacity 36524K, committed 36816K, reserved 1081344K
  class space    used 4123K, capacity 4285K, committed 4348K, reserved 1048576K
2016-10-24T04:24:51.623+0800: 2265.644: [GC (Allocation Failure) 2016-10-24T04:24:51.623+0800: 2265.644: [ParNew
Desired survivor size 20112992 bytes, new threshold 8 (max 8)
- age   1:    1048608 bytes,    1048608 total
- age   2:     863440 bytes,    1912048 total
- age   3:        440 bytes,    1912488 total
- age   5:        224 bytes,    1912712 total
- age   7:       3648 bytes,    1916360 total
- age   8:      10432 bytes,    1926792 total
: 90033K->2385K(109248K), 0.0028290 secs] 280605K->192971K(502464K), 0.0028796 secs] [Times: user=0.01 sys=0.00, real=0.00 secs] 
Heap after GC invocations=88 (full 4):
 par new generation   total 109248K, used 2385K [0x00000007a0000000, 0x00000007a8000000, 0x00000007a8000000)
  eden space 87424K,   0% used [0x00000007a0000000, 0x00000007a0000000, 0x00000007a5560000)
  from space 21824K,  10% used [0x00000007a5560000, 0x00000007a57b46a0, 0x00000007a6ab0000)
  to   space 21824K,   0% used [0x00000007a6ab0000, 0x00000007a6ab0000, 0x00000007a8000000)
 concurrent mark-sweep generation total 393216K, used 190585K [0x00000007a8000000, 0x00000007c0000000, 0x00000007c0000000)
 Metaspace       used 35981K, capacity 36524K, committed 36816K, reserved 1081344K
  class space    used 4123K, capacity 4285K, committed 4348K, reserved 1048576K
}
2016-10-24T04:24:51.625+0800: 2265.647: Total time for which application threads were stopped: 0.0030432 seconds, Stopping threads took: 0.0000186 seconds
{Heap before GC invocations=88 (full 4):
 par new generation   total 109248K, used 89796K [0x00000007a0000000, 0x00000007a8000000, 0x00000007a8000000)
  eden space 87424K,  99% used [0x00000007a0000000, 0x00000007a555cb28, 0x00000007a5560000)
  from space 21824K,  10% used [0x00000007a5560000, 0x00000007a57b46a0, 0x00000007a6ab0000)
  to   space 21824K,   0% used [0x00000007a6ab0000, 0x00000007a6ab0000, 0x00000007a8000000)
 concurrent mark-sweep generation total 393216K, used 190585K [0x00000007a8000000, 0x00000007c0000000, 0x00000007c0000000)
 Metaspace       used 35981K, capacity 36524K, committed 36816K, reserved 1081344K
  class space    used 4123K, capacity 4285K, committed 4348K, reserved 1048576K
2016-10-24T04:24:51.733+0800: 2265.754: [GC (Allocation Failure) 2016-10-24T04:24:51.733+0800: 2265.754: [ParNew
Desired survivor size 20112992 bytes, new threshold 8 (max 8)
- age   1:     254912 bytes,     254912 total
- age   2:     854760 bytes,    1109672 total
- age   3:     862624 bytes,    1972296 total
- age   4:        440 bytes,    1972736 total
- age   6:        224 bytes,    1972960 total
- age   8:       3648 bytes,    1976608 total
: 89796K->2333K(109248K), 0.0024866 secs] 280382K->192929K(502464K), 0.0025320 secs] [Times: user=0.01 sys=0.01, real=0.00 secs] 
Heap after GC invocations=89 (full 4):
 par new generation   total 109248K, used 2333K [0x00000007a0000000, 0x00000007a8000000, 0x00000007a8000000)
  eden space 87424K,   0% used [0x00000007a0000000, 0x00000007a0000000, 0x00000007a5560000)
  from space 21824K,  10% used [0x00000007a6ab0000, 0x00000007a6cf7680, 0x00000007a8000000)
  to   space 21824K,   0% used [0x00000007a5560000, 0x00000007a5560000, 0x00000007a6ab0000)
 concurrent mark-sweep generation total 393216K, used 190595K [0x00000007a8000000, 0x00000007c0000000, 0x00000007c0000000)
 Metaspace       used 35981K, capacity 36524K, committed 36816K, reserved 1081344K
  class space    used 4123K, capacity 4285K, committed 4348K, reserved 1048576K
}
2016-10-24T04:24:51.736+0800: 2265.757: Total time for which application threads were stopped: 0.0027050 seconds, Stopping threads took: 0.0000171 seconds
{Heap before GC invocations=89 (full 4):
 par new generation   total 109248K, used 89757K [0x00000007a0000000, 0x00000007a8000000, 0x00000007a8000000)
  eden space 87424K, 100% used [0x00000007a0000000, 0x00000007a5560000, 0x00000007a5560000)
  from space 21824K,  10% used [0x00000007a6ab0000, 0x00000007a6cf7680, 0x00000007a8000000)
  to   space 21824K,   0% used [0x00000007a5560000, 0x00000007a5560000, 0x00000007a6ab0000)
 concurrent mark-sweep generation total 393216K, used 190595K [0x00000007a8000000, 0x00000007c0000000, 0x00000007c0000000)
 Metaspace       used 35981K, capacity 36524K, committed 36816K, reserved 1081344K
  class space    used 4123K, capacity 4285K, committed 4348K, reserved 1048576K
2016-10-24T04:24:51.821+0800: 2265.842: [GC (Allocation Failure) 2016-10-24T04:24:51.821+0800: 2265.842: [ParNew
Desired survivor size 20112992 bytes, new threshold 8 (max 8)
- age   1:     134704 bytes,     134704 total
- age   2:      50264 bytes,     184968 total
- age   3:     854072 bytes,    1039040 total
- age   4:     862624 bytes,    1901664 total
- age   5:        440 bytes,    1902104 total
- age   7:        224 bytes,    1902328 total
: 89757K->2339K(109248K), 0.0024031 secs] 280353K->192938K(502464K), 0.0024580 secs] [Times: user=0.01 sys=0.00, real=0.00 secs] 
Heap after GC invocations=90 (full 4):
 par new generation   total 109248K, used 2339K [0x00000007a0000000, 0x00000007a8000000, 0x00000007a8000000)
  eden space 87424K,   0% used [0x00000007a0000000, 0x00000007a0000000, 0x00000007a5560000)
  from space 21824K,  10% used [0x00000007a5560000, 0x00000007a57a8d60, 0x00000007a6ab0000)
  to   space 21824K,   0% used [0x00000007a6ab0000, 0x00000007a6ab0000, 0x00000007a8000000)
 concurrent mark-sweep generation total 393216K, used 190599K [0x00000007a8000000, 0x00000007c0000000, 0x00000007c0000000)
 Metaspace       used 35981K, capacity 36524K, committed 36816K, reserved 1081344K
  class space    used 4123K, capacity 4285K, committed 4348K, reserved 1048576K
}
2016-10-24T04:24:51.824+0800: 2265.845: Total time for which application threads were stopped: 0.0026105 seconds, Stopping threads took: 0.0000197 seconds
{Heap before GC invocations=90 (full 4):
 par new generation   total 109248K, used 89763K [0x00000007a0000000, 0x00000007a8000000, 0x00000007a8000000)
  eden space 87424K, 100% used [0x00000007a0000000, 0x00000007a5560000, 0x00000007a5560000)
  from space 21824K,  10% used [0x00000007a5560000, 0x00000007a57a8d60, 0x00000007a6ab0000)
  to   space 21824K,   0% used [0x00000007a6ab0000, 0x00000007a6ab0000, 0x00000007a8000000)
 concurrent mark-sweep generation total 393216K, used 190599K [0x00000007a8000000, 0x00000007c0000000, 0x00000007c0000000)
 Metaspace       used 35981K, capacity 36524K, committed 36816K, reserved 1081344K
  class space    used 4123K, capacity 4285K, committed 4348K, reserved 1048576K
2016-10-24T04:24:51.899+0800: 2265.920: [GC (Allocation Failure) 2016-10-24T04:24:51.899+0800: 2265.920: [ParNew
Desired survivor size 20112992 bytes, new threshold 8 (max 8)
- age   1:     131960 bytes,     131960 total
- age   2:      34352 bytes,     166312 total
- age   3:      50112 bytes,     216424 total
- age   4:     854072 bytes,    1070496 total
- age   5:     862624 bytes,    1933120 total
- age   6:        440 bytes,    1933560 total
- age   8:        224 bytes,    1933784 total
: 89763K->2674K(109248K), 0.0023208 secs] 280362K->193274K(502464K), 0.0023675 secs] [Times: user=0.01 sys=0.00, real=0.01 secs] 
Heap after GC invocations=91 (full 4):
 par new generation   total 109248K, used 2674K [0x00000007a0000000, 0x00000007a8000000, 0x00000007a8000000)
  eden space 87424K,   0% used [0x00000007a0000000, 0x00000007a0000000, 0x00000007a5560000)
  from space 21824K,  12% used [0x00000007a6ab0000, 0x00000007a6d4cb50, 0x00000007a8000000)
  to   space 21824K,   0% used [0x00000007a5560000, 0x00000007a5560000, 0x00000007a6ab0000)
 concurrent mark-sweep generation total 393216K, used 190599K [0x00000007a8000000, 0x00000007c0000000, 0x00000007c0000000)
 Metaspace       used 35981K, capacity 36524K, committed 36816K, reserved 1081344K
  class space    used 4123K, capacity 4285K, committed 4348K, reserved 1048576K
}
2016-10-24T04:24:51.901+0800: 2265.922: Total time for which application threads were stopped: 0.0025239 seconds, Stopping threads took: 0.0000294 seconds
{Heap before GC invocations=91 (full 4):
 par new generation   total 109248K, used 90098K [0x00000007a0000000, 0x00000007a8000000, 0x00000007a8000000)
  eden space 87424K, 100% used [0x00000007a0000000, 0x00000007a5560000, 0x00000007a5560000)
  from space 21824K,  12% used [0x00000007a6ab0000, 0x00000007a6d4cb50, 0x00000007a8000000)
  to   space 21824K,   0% used [0x00000007a5560000, 0x00000007a5560000, 0x00000007a6ab0000)
 concurrent mark-sweep generation total 393216K, used 190599K [0x00000007a8000000, 0x00000007c0000000, 0x00000007c0000000)
 Metaspace       used 35981K, capacity 36524K, committed 36816K, reserved 1081344K
  class space    used 4123K, capacity 4285K, committed 4348K, reserved 1048576K
2016-10-24T04:24:51.983+0800: 2266.005: [GC (Allocation Failure) 2016-10-24T04:24:51.984+0800: 2266.005: [ParNew
Desired survivor size 20112992 bytes, new threshold 8 (max 8)
- age   1:     188248 bytes,     188248 total
- age   2:        176 bytes,     188424 total
- age   3:       6432 bytes,     194856 total
- age   4:      19344 bytes,     214200 total
- age   5:     838864 bytes,    1053064 total
- age   6:     862624 bytes,    1915688 total
- age   7:        440 bytes,    1916128 total
: 90098K->2422K(109248K), 0.0025695 secs] 280698K->193021K(502464K), 0.0026220 secs] [Times: user=0.01 sys=0.00, real=0.00 secs] 
Heap after GC invocations=92 (full 4):
 par new generation   total 109248K, used 2422K [0x00000007a0000000, 0x00000007a8000000, 0x00000007a8000000)
  eden space 87424K,   0% used [0x00000007a0000000, 0x00000007a0000000, 0x00000007a5560000)
  from space 21824K,  11% used [0x00000007a5560000, 0x00000007a57bd908, 0x00000007a6ab0000)
  to   space 21824K,   0% used [0x00000007a6ab0000, 0x00000007a6ab0000, 0x00000007a8000000)
 concurrent mark-sweep generation total 393216K, used 190599K [0x00000007a8000000, 0x00000007c0000000, 0x00000007c0000000)
 Metaspace       used 35981K, capacity 36524K, committed 36816K, reserved 1081344K
  class space    used 4123K, capacity 4285K, committed 4348K, reserved 1048576K
}
2016-10-24T04:24:51.986+0800: 2266.007: Total time for which application threads were stopped: 0.0027752 seconds, Stopping threads took: 0.0000196 seconds
{Heap before GC invocations=92 (full 4):
 par new generation   total 109248K, used 89846K [0x00000007a0000000, 0x00000007a8000000, 0x00000007a8000000)
  eden space 87424K, 100% used [0x00000007a0000000, 0x00000007a5560000, 0x00000007a5560000)
  from space 21824K,  11% used [0x00000007a5560000, 0x00000007a57bd908, 0x00000007a6ab0000)
  to   space 21824K,   0% used [0x00000007a6ab0000, 0x00000007a6ab0000, 0x00000007a8000000)
 concurrent mark-sweep generation total 393216K, used 190599K [0x00000007a8000000, 0x00000007c0000000, 0x00000007c0000000)
 Metaspace       used 35981K, capacity 36524K, committed 36816K, reserved 1081344K
  class space    used 4123K, capacity 4285K, committed 4348K, reserved 1048576K
2016-10-24T04:24:52.051+0800: 2266.072: [GC (Allocation Failure) 2016-10-24T04:24:52.051+0800: 2266.072: [ParNew
Desired survivor size 20112992 bytes, new threshold 8 (max 8)
- age   1:      95600 bytes,      95600 total
- age   2:     114272 bytes,     209872 total
- age   3:        176 bytes,     210048 total
- age   4:       6432 bytes,     216480 total
- age   5:      19344 bytes,     235824 total
- age   6:     837456 bytes,    1073280 total
- age   7:     862624 bytes,    1935904 total
- age   8:        440 bytes,    1936344 total
: 89846K->2306K(109248K), 0.0024973 secs] 280445K->192906K(502464K), 0.0025456 secs] [Times: user=0.01 sys=0.00, real=0.00 secs] 
Heap after GC invocations=93 (full 4):
 par new generation   total 109248K, used 2306K [0x00000007a0000000, 0x00000007a8000000, 0x00000007a8000000)
  eden space 87424K,   0% used [0x00000007a0000000, 0x00000007a0000000, 0x00000007a5560000)
  from space 21824K,  10% used [0x00000007a6ab0000, 0x00000007a6cf0a28, 0x00000007a8000000)
  to   space 21824K,   0% used [0x00000007a5560000, 0x00000007a5560000, 0x00000007a6ab0000)
 concurrent mark-sweep generation total 393216K, used 190599K [0x00000007a8000000, 0x00000007c0000000, 0x00000007c0000000)
 Metaspace       used 35981K, capacity 36524K, committed 36816K, reserved 1081344K
  class space    used 4123K, capacity 4285K, committed 4348K, reserved 1048576K
}
2016-10-24T04:24:52.053+0800: 2266.074: Total time for which application threads were stopped: 0.0026882 seconds, Stopping threads took: 0.0000171 seconds
{Heap before GC invocations=93 (full 4):
 par new generation   total 109248K, used 89730K [0x00000007a0000000, 0x00000007a8000000, 0x00000007a8000000)
  eden space 87424K, 100% used [0x00000007a0000000, 0x00000007a5560000, 0x00000007a5560000)
  from space 21824K,  10% used [0x00000007a6ab0000, 0x00000007a6cf0a28, 0x00000007a8000000)
  to   space 21824K,   0% used [0x00000007a5560000, 0x00000007a5560000, 0x00000007a6ab0000)
 concurrent mark-sweep generation total 393216K, used 190599K [0x00000007a8000000, 0x00000007c0000000, 0x00000007c0000000)
 Metaspace       used 35981K, capacity 36524K, committed 36816K, reserved 1081344K
  class space    used 4123K, capacity 4285K, committed 4348K, reserved 1048576K
2016-10-24T04:24:52.101+0800: 2266.122: [GC (Allocation Failure) 2016-10-24T04:24:52.101+0800: 2266.122: [ParNew
Desired survivor size 20112992 bytes, new threshold 8 (max 8)
- age   1:      84128 bytes,      84128 total
- age   2:      36680 bytes,     120808 total
- age   3:     114272 bytes,     235080 total
- age   4:        176 bytes,     235256 total
- age   5:       6432 bytes,     241688 total
- age   6:      19344 bytes,     261032 total
- age   7:     836064 bytes,    1097096 total
- age   8:     862624 bytes,    1959720 total
: 89730K->2285K(109248K), 0.0024108 secs] 280330K->192885K(502464K), 0.0024492 secs] [Times: user=0.01 sys=0.00, real=0.00 secs] 
Heap after GC invocations=94 (full 4):
 par new generation   total 109248K, used 2285K [0x00000007a0000000, 0x00000007a8000000, 0x00000007a8000000)
  eden space 87424K,   0% used [0x00000007a0000000, 0x00000007a0000000, 0x00000007a5560000)
  from space 21824K,  10% used [0x00000007a5560000, 0x00000007a579b6e0, 0x00000007a6ab0000)
  to   space 21824K,   0% used [0x00000007a6ab0000, 0x00000007a6ab0000, 0x00000007a8000000)
 concurrent mark-sweep generation total 393216K, used 190600K [0x00000007a8000000, 0x00000007c0000000, 0x00000007c0000000)
 Metaspace       used 35981K, capacity 36524K, committed 36816K, reserved 1081344K
  class space    used 4123K, capacity 4285K, committed 4348K, reserved 1048576K
}
2016-10-24T04:24:52.104+0800: 2266.125: Total time for which application threads were stopped: 0.0026110 seconds, Stopping threads took: 0.0000267 seconds
{Heap before GC invocations=94 (full 4):
 par new generation   total 109248K, used 89709K [0x00000007a0000000, 0x00000007a8000000, 0x00000007a8000000)
  eden space 87424K, 100% used [0x00000007a0000000, 0x00000007a5560000, 0x00000007a5560000)
  from space 21824K,  10% used [0x00000007a5560000, 0x00000007a579b6e0, 0x00000007a6ab0000)
  to   space 21824K,   0% used [0x00000007a6ab0000, 0x00000007a6ab0000, 0x00000007a8000000)
 concurrent mark-sweep generation total 393216K, used 190600K [0x00000007a8000000, 0x00000007c0000000, 0x00000007c0000000)
 Metaspace       used 36006K, capacity 36588K, committed 36816K, reserved 1081344K
  class space    used 4124K, capacity 4285K, committed 4348K, reserved 1048576K
2016-10-24T04:24:52.722+0800: 2266.743: [GC (Allocation Failure) 2016-10-24T04:24:52.722+0800: 2266.743: [ParNew
Desired survivor size 20112992 bytes, new threshold 8 (max 8)
- age   1:     216096 bytes,     216096 total
- age   8:     721432 bytes,     937528 total
: 89709K->2270K(109248K), 0.0041054 secs] 280309K->193714K(502464K), 0.0041497 secs] [Times: user=0.01 sys=0.00, real=0.00 secs] 
Heap after GC invocations=95 (full 4):
 par new generation   total 109248K, used 2270K [0x00000007a0000000, 0x00000007a8000000, 0x00000007a8000000)
  eden space 87424K,   0% used [0x00000007a0000000, 0x00000007a0000000, 0x00000007a5560000)
  from space 21824K,  10% used [0x00000007a6ab0000, 0x00000007a6ce7990, 0x00000007a8000000)
  to   space 21824K,   0% used [0x00000007a5560000, 0x00000007a5560000, 0x00000007a6ab0000)
 concurrent mark-sweep generation total 393216K, used 191444K [0x00000007a8000000, 0x00000007c0000000, 0x00000007c0000000)
 Metaspace       used 36006K, capacity 36588K, committed 36816K, reserved 1081344K
  class space    used 4124K, capacity 4285K, committed 4348K, reserved 1048576K
}
2016-10-24T04:24:52.726+0800: 2266.748: Total time for which application threads were stopped: 0.0043517 seconds, Stopping threads took: 0.0000193 seconds
{Heap before GC invocations=95 (full 4):
 par new generation   total 109248K, used 89694K [0x00000007a0000000, 0x00000007a8000000, 0x00000007a8000000)
  eden space 87424K, 100% used [0x00000007a0000000, 0x00000007a5560000, 0x00000007a5560000)
  from space 21824K,  10% used [0x00000007a6ab0000, 0x00000007a6ce7990, 0x00000007a8000000)
  to   space 21824K,   0% used [0x00000007a5560000, 0x00000007a5560000, 0x00000007a6ab0000)
 concurrent mark-sweep generation total 393216K, used 191444K [0x00000007a8000000, 0x00000007c0000000, 0x00000007c0000000)
 Metaspace       used 36006K, capacity 36588K, committed 36816K, reserved 1081344K
  class space    used 4124K, capacity 4285K, committed 4348K, reserved 1048576K
2016-10-24T04:24:52.787+0800: 2266.808: [GC (Allocation Failure) 2016-10-24T04:24:52.787+0800: 2266.808: [ParNew
Desired survivor size 20112992 bytes, new threshold 8 (max 8)
- age   1:      63592 bytes,      63592 total
- age   2:     177312 bytes,     240904 total
: 89694K->591K(109248K), 0.0041027 secs] 281138K->192745K(502464K), 0.0041483 secs] [Times: user=0.01 sys=0.00, real=0.01 secs] 
Heap after GC invocations=96 (full 4):
 par new generation   total 109248K, used 591K [0x00000007a0000000, 0x00000007a8000000, 0x00000007a8000000)
  eden space 87424K,   0% used [0x00000007a0000000, 0x00000007a0000000, 0x00000007a5560000)
  from space 21824K,   2% used [0x00000007a5560000, 0x00000007a55f3d80, 0x00000007a6ab0000)
  to   space 21824K,   0% used [0x00000007a6ab0000, 0x00000007a6ab0000, 0x00000007a8000000)
 concurrent mark-sweep generation total 393216K, used 192154K [0x00000007a8000000, 0x00000007c0000000, 0x00000007c0000000)
 Metaspace       used 36006K, capacity 36588K, committed 36816K, reserved 1081344K
  class space    used 4124K, capacity 4285K, committed 4348K, reserved 1048576K
}
2016-10-24T04:24:52.791+0800: 2266.812: Total time for which application threads were stopped: 0.0043196 seconds, Stopping threads took: 0.0000322 seconds
{Heap before GC invocations=96 (full 4):
 par new generation   total 109248K, used 88015K [0x00000007a0000000, 0x00000007a8000000, 0x00000007a8000000)
  eden space 87424K, 100% used [0x00000007a0000000, 0x00000007a5560000, 0x00000007a5560000)
  from space 21824K,   2% used [0x00000007a5560000, 0x00000007a55f3d80, 0x00000007a6ab0000)
  to   space 21824K,   0% used [0x00000007a6ab0000, 0x00000007a6ab0000, 0x00000007a8000000)
 concurrent mark-sweep generation total 393216K, used 192154K [0x00000007a8000000, 0x00000007c0000000, 0x00000007c0000000)
 Metaspace       used 36006K, capacity 36588K, committed 36816K, reserved 1081344K
  class space    used 4124K, capacity 4285K, committed 4348K, reserved 1048576K
2016-10-24T04:24:52.866+0800: 2266.887: [GC (Allocation Failure) 2016-10-24T04:24:52.866+0800: 2266.887: [ParNew
Desired survivor size 20112992 bytes, new threshold 8 (max 8)
- age   1:      63224 bytes,      63224 total
- age   2:      31400 bytes,      94624 total
- age   3:     176912 bytes,     271536 total
: 88015K->301K(109248K), 0.0021263 secs] 280169K->192455K(502464K), 0.0021878 secs] [Times: user=0.00 sys=0.00, real=0.00 secs] 
Heap after GC invocations=97 (full 4):
 par new generation   total 109248K, used 301K [0x00000007a0000000, 0x00000007a8000000, 0x00000007a8000000)
  eden space 87424K,   0% used [0x00000007a0000000, 0x00000007a0000000, 0x00000007a5560000)
  from space 21824K,   1% used [0x00000007a6ab0000, 0x00000007a6afb480, 0x00000007a8000000)
  to   space 21824K,   0% used [0x00000007a5560000, 0x00000007a5560000, 0x00000007a6ab0000)
 concurrent mark-sweep generation total 393216K, used 192154K [0x00000007a8000000, 0x00000007c0000000, 0x00000007c0000000)
 Metaspace       used 36006K, capacity 36588K, committed 36816K, reserved 1081344K
  class space    used 4124K, capacity 4285K, committed 4348K, reserved 1048576K
}
2016-10-24T04:24:52.869+0800: 2266.890: Total time for which application threads were stopped: 0.0023888 seconds, Stopping threads took: 0.0000254 seconds
{Heap before GC invocations=97 (full 4):
 par new generation   total 109248K, used 87725K [0x00000007a0000000, 0x00000007a8000000, 0x00000007a8000000)
  eden space 87424K, 100% used [0x00000007a0000000, 0x00000007a5560000, 0x00000007a5560000)
  from space 21824K,   1% used [0x00000007a6ab0000, 0x00000007a6afb480, 0x00000007a8000000)
  to   space 21824K,   0% used [0x00000007a5560000, 0x00000007a5560000, 0x00000007a6ab0000)
 concurrent mark-sweep generation total 393216K, used 192154K [0x00000007a8000000, 0x00000007c0000000, 0x00000007c0000000)
 Metaspace       used 36006K, capacity 36588K, committed 36816K, reserved 1081344K
  class space    used 4124K, capacity 4285K, committed 4348K, reserved 1048576K
2016-10-24T04:24:52.956+0800: 2266.977: [GC (Allocation Failure) 2016-10-24T04:24:52.956+0800: 2266.977: [ParNew
Desired survivor size 20112992 bytes, new threshold 8 (max 8)
- age   1:      40688 bytes,      40688 total
- age   2:      25640 bytes,      66328 total
- age   3:      31400 bytes,      97728 total
- age   4:     174872 bytes,     272600 total
: 87725K->363K(109248K), 0.0019183 secs] 279879K->192517K(502464K), 0.0019651 secs] [Times: user=0.01 sys=0.00, real=0.00 secs] 
Heap after GC invocations=98 (full 4):
 par new generation   total 109248K, used 363K [0x00000007a0000000, 0x00000007a8000000, 0x00000007a8000000)
  eden space 87424K,   0% used [0x00000007a0000000, 0x00000007a0000000, 0x00000007a5560000)
  from space 21824K,   1% used [0x00000007a5560000, 0x00000007a55bad50, 0x00000007a6ab0000)
  to   space 21824K,   0% used [0x00000007a6ab0000, 0x00000007a6ab0000, 0x00000007a8000000)
 concurrent mark-sweep generation total 393216K, used 192154K [0x00000007a8000000, 0x00000007c0000000, 0x00000007c0000000)
 Metaspace       used 36006K, capacity 36588K, committed 36816K, reserved 1081344K
  class space    used 4124K, capacity 4285K, committed 4348K, reserved 1048576K
}
2016-10-24T04:24:52.958+0800: 2266.979: Total time for which application threads were stopped: 0.0021250 seconds, Stopping threads took: 0.0000228 seconds
{Heap before GC invocations=98 (full 4):
 par new generation   total 109248K, used 87787K [0x00000007a0000000, 0x00000007a8000000, 0x00000007a8000000)
  eden space 87424K, 100% used [0x00000007a0000000, 0x00000007a5560000, 0x00000007a5560000)
  from space 21824K,   1% used [0x00000007a5560000, 0x00000007a55bad50, 0x00000007a6ab0000)
  to   space 21824K,   0% used [0x00000007a6ab0000, 0x00000007a6ab0000, 0x00000007a8000000)
 concurrent mark-sweep generation total 393216K, used 192154K [0x00000007a8000000, 0x00000007c0000000, 0x00000007c0000000)
 Metaspace       used 36006K, capacity 36588K, committed 36816K, reserved 1081344K
  class space    used 4124K, capacity 4285K, committed 4348K, reserved 1048576K
2016-10-24T04:24:53.114+0800: 2267.135: [GC (Allocation Failure) 2016-10-24T04:24:53.114+0800: 2267.135: [ParNew
Desired survivor size 20112992 bytes, new threshold 8 (max 8)
- age   1:     221616 bytes,     221616 total
- age   5:      31128 bytes,     252744 total
: 87787K->297K(109248K), 0.0021059 secs] 279941K->192452K(502464K), 0.0021665 secs] [Times: user=0.01 sys=0.00, real=0.00 secs] 
Heap after GC invocations=99 (full 4):
 par new generation   total 109248K, used 297K [0x00000007a0000000, 0x00000007a8000000, 0x00000007a8000000)
  eden space 87424K,   0% used [0x00000007a0000000, 0x00000007a0000000, 0x00000007a5560000)
  from space 21824K,   1% used [0x00000007a6ab0000, 0x00000007a6afa698, 0x00000007a8000000)
  to   space 21824K,   0% used [0x00000007a5560000, 0x00000007a5560000, 0x00000007a6ab0000)
 concurrent mark-sweep generation total 393216K, used 192154K [0x00000007a8000000, 0x00000007c0000000, 0x00000007c0000000)
 Metaspace       used 36006K, capacity 36588K, committed 36816K, reserved 1081344K
  class space    used 4124K, capacity 4285K, committed 4348K, reserved 1048576K
}
2016-10-24T04:24:53.116+0800: 2267.137: Total time for which application threads were stopped: 0.0023586 seconds, Stopping threads took: 0.0000347 seconds
{Heap before GC invocations=99 (full 4):
 par new generation   total 109248K, used 87721K [0x00000007a0000000, 0x00000007a8000000, 0x00000007a8000000)
  eden space 87424K, 100% used [0x00000007a0000000, 0x00000007a5560000, 0x00000007a5560000)
  from space 21824K,   1% used [0x00000007a6ab0000, 0x00000007a6afa698, 0x00000007a8000000)
  to   space 21824K,   0% used [0x00000007a5560000, 0x00000007a5560000, 0x00000007a6ab0000)
 concurrent mark-sweep generation total 393216K, used 192154K [0x00000007a8000000, 0x00000007c0000000, 0x00000007c0000000)
 Metaspace       used 36006K, capacity 36588K, committed 36816K, reserved 1081344K
  class space    used 4124K, capacity 4285K, committed 4348K, reserved 1048576K
2016-10-24T04:24:53.232+0800: 2267.253: [GC (Allocation Failure) 2016-10-24T04:24:53.232+0800: 2267.253: [ParNew
Desired survivor size 20112992 bytes, new threshold 8 (max 8)
- age   1:      88224 bytes,      88224 total
- age   2:     195096 bytes,     283320 total
- age   6:      31128 bytes,     314448 total
: 87721K->428K(109248K), 0.0020821 secs] 279876K->192582K(502464K), 0.0021219 secs] [Times: user=0.01 sys=0.00, real=0.00 secs] 
Heap after GC invocations=100 (full 4):
 par new generation   total 109248K, used 428K [0x00000007a0000000, 0x00000007a8000000, 0x00000007a8000000)
  eden space 87424K,   0% used [0x00000007a0000000, 0x00000007a0000000, 0x00000007a5560000)
  from space 21824K,   1% used [0x00000007a5560000, 0x00000007a55cb098, 0x00000007a6ab0000)
  to   space 21824K,   0% used [0x00000007a6ab0000, 0x00000007a6ab0000, 0x00000007a8000000)
 concurrent mark-sweep generation total 393216K, used 192154K [0x00000007a8000000, 0x00000007c0000000, 0x00000007c0000000)
 Metaspace       used 36006K, capacity 36588K, committed 36816K, reserved 1081344K
  class space    used 4124K, capacity 4285K, committed 4348K, reserved 1048576K
}
2016-10-24T04:24:53.234+0800: 2267.255: Total time for which application threads were stopped: 0.0022716 seconds, Stopping threads took: 0.0000207 seconds
{Heap before GC invocations=100 (full 4):
 par new generation   total 109248K, used 87852K [0x00000007a0000000, 0x00000007a8000000, 0x00000007a8000000)
  eden space 87424K, 100% used [0x00000007a0000000, 0x00000007a5560000, 0x00000007a5560000)
  from space 21824K,   1% used [0x00000007a5560000, 0x00000007a55cb098, 0x00000007a6ab0000)
  to   space 21824K,   0% used [0x00000007a6ab0000, 0x00000007a6ab0000, 0x00000007a8000000)
 concurrent mark-sweep generation total 393216K, used 192154K [0x00000007a8000000, 0x00000007c0000000, 0x00000007c0000000)
 Metaspace       used 36006K, capacity 36588K, committed 36816K, reserved 1081344K
  class space    used 4124K, capacity 4285K, committed 4348K, reserved 1048576K
2016-10-24T04:24:53.763+0800: 2267.784: [GC (Allocation Failure) 2016-10-24T04:24:53.763+0800: 2267.784: [ParNew
Desired survivor size 20112992 bytes, new threshold 8 (max 8)
- age   1:     190544 bytes,     190544 total
- age   3:       1224 bytes,     191768 total
- age   7:      30976 bytes,     222744 total
: 87852K->327K(109248K), 0.0019270 secs] 280006K->192481K(502464K), 0.0019833 secs] [Times: user=0.01 sys=0.00, real=0.00 secs] 
Heap after GC invocations=101 (full 4):
 par new generation   total 109248K, used 327K [0x00000007a0000000, 0x00000007a8000000, 0x00000007a8000000)
  eden space 87424K,   0% used [0x00000007a0000000, 0x00000007a0000000, 0x00000007a5560000)
  from space 21824K,   1% used [0x00000007a6ab0000, 0x00000007a6b01c88, 0x00000007a8000000)
  to   space 21824K,   0% used [0x00000007a5560000, 0x00000007a5560000, 0x00000007a6ab0000)
 concurrent mark-sweep generation total 393216K, used 192154K [0x00000007a8000000, 0x00000007c0000000, 0x00000007c0000000)
 Metaspace       used 36006K, capacity 36588K, committed 36816K, reserved 1081344K
  class space    used 4124K, capacity 4285K, committed 4348K, reserved 1048576K
}
2016-10-24T04:24:53.765+0800: 2267.786: Total time for which application threads were stopped: 0.0021464 seconds, Stopping threads took: 0.0000199 seconds
{Heap before GC invocations=101 (full 4):
 par new generation   total 109248K, used 87751K [0x00000007a0000000, 0x00000007a8000000, 0x00000007a8000000)
  eden space 87424K, 100% used [0x00000007a0000000, 0x00000007a5560000, 0x00000007a5560000)
  from space 21824K,   1% used [0x00000007a6ab0000, 0x00000007a6b01c88, 0x00000007a8000000)
  to   space 21824K,   0% used [0x00000007a5560000, 0x00000007a5560000, 0x00000007a6ab0000)
 concurrent mark-sweep generation total 393216K, used 192154K [0x00000007a8000000, 0x00000007c0000000, 0x00000007c0000000)
 Metaspace       used 36006K, capacity 36588K, committed 36816K, reserved 1081344K
  class space    used 4124K, capacity 4285K, committed 4348K, reserved 1048576K
2016-10-24T04:24:53.835+0800: 2267.857: [GC (Allocation Failure) 2016-10-24T04:24:53.836+0800: 2267.857: [ParNew
Desired survivor size 20112992 bytes, new threshold 8 (max 8)
- age   1:      74712 bytes,      74712 total
- age   2:     140464 bytes,     215176 total
- age   4:       1224 bytes,     216400 total
- age   8:      30976 bytes,     247376 total
: 87751K->271K(109248K), 0.0018307 secs] 279905K->192425K(502464K), 0.0018750 secs] [Times: user=0.00 sys=0.00, real=0.00 secs] 
Heap after GC invocations=102 (full 4):
 par new generation   total 109248K, used 271K [0x00000007a0000000, 0x00000007a8000000, 0x00000007a8000000)
  eden space 87424K,   0% used [0x00000007a0000000, 0x00000007a0000000, 0x00000007a5560000)
  from space 21824K,   1% used [0x00000007a5560000, 0x00000007a55a3d00, 0x00000007a6ab0000)
  to   space 21824K,   0% used [0x00000007a6ab0000, 0x00000007a6ab0000, 0x00000007a8000000)
 concurrent mark-sweep generation total 393216K, used 192154K [0x00000007a8000000, 0x00000007c0000000, 0x00000007c0000000)
 Metaspace       used 36006K, capacity 36588K, committed 36816K, reserved 1081344K
  class space    used 4124K, capacity 4285K, committed 4348K, reserved 1048576K
}
2016-10-24T04:24:53.837+0800: 2267.859: Total time for which application threads were stopped: 0.0020283 seconds, Stopping threads took: 0.0000198 seconds
{Heap before GC invocations=102 (full 4):
 par new generation   total 109248K, used 87695K [0x00000007a0000000, 0x00000007a8000000, 0x00000007a8000000)
  eden space 87424K, 100% used [0x00000007a0000000, 0x00000007a5560000, 0x00000007a5560000)
  from space 21824K,   1% used [0x00000007a5560000, 0x00000007a55a3d00, 0x00000007a6ab0000)
  to   space 21824K,   0% used [0x00000007a6ab0000, 0x00000007a6ab0000, 0x00000007a8000000)
 concurrent mark-sweep generation total 393216K, used 192154K [0x00000007a8000000, 0x00000007c0000000, 0x00000007c0000000)
 Metaspace       used 36006K, capacity 36588K, committed 36816K, reserved 1081344K
  class space    used 4124K, capacity 4285K, committed 4348K, reserved 1048576K
2016-10-24T04:24:53.909+0800: 2267.930: [GC (Allocation Failure) 2016-10-24T04:24:53.909+0800: 2267.930: [ParNew
Desired survivor size 20112992 bytes, new threshold 8 (max 8)
- age   1:      72360 bytes,      72360 total
- age   2:      45168 bytes,     117528 total
- age   3:     139312 bytes,     256840 total
- age   5:       1224 bytes,     258064 total
: 87695K->357K(109248K), 0.0019639 secs] 279849K->192542K(502464K), 0.0020249 secs] [Times: user=0.01 sys=0.00, real=0.01 secs] 
Heap after GC invocations=103 (full 4):
 par new generation   total 109248K, used 357K [0x00000007a0000000, 0x00000007a8000000, 0x00000007a8000000)
  eden space 87424K,   0% used [0x00000007a0000000, 0x00000007a0000000, 0x00000007a5560000)
  from space 21824K,   1% used [0x00000007a6ab0000, 0x00000007a6b09560, 0x00000007a8000000)
  to   space 21824K,   0% used [0x00000007a5560000, 0x00000007a5560000, 0x00000007a6ab0000)
 concurrent mark-sweep generation total 393216K, used 192184K [0x00000007a8000000, 0x00000007c0000000, 0x00000007c0000000)
 Metaspace       used 36006K, capacity 36588K, committed 36816K, reserved 1081344K
  class space    used 4124K, capacity 4285K, committed 4348K, reserved 1048576K
}
2016-10-24T04:24:53.911+0800: 2267.932: Total time for which application threads were stopped: 0.0022392 seconds, Stopping threads took: 0.0000202 seconds
{Heap before GC invocations=103 (full 4):
 par new generation   total 109248K, used 87781K [0x00000007a0000000, 0x00000007a8000000, 0x00000007a8000000)
  eden space 87424K, 100% used [0x00000007a0000000, 0x00000007a5560000, 0x00000007a5560000)
  from space 21824K,   1% used [0x00000007a6ab0000, 0x00000007a6b09560, 0x00000007a8000000)
  to   space 21824K,   0% used [0x00000007a5560000, 0x00000007a5560000, 0x00000007a6ab0000)
 concurrent mark-sweep generation total 393216K, used 192184K [0x00000007a8000000, 0x00000007c0000000, 0x00000007c0000000)
 Metaspace       used 36006K, capacity 36588K, committed 36816K, reserved 1081344K
  class space    used 4124K, capacity 4285K, committed 4348K, reserved 1048576K
2016-10-24T04:24:53.969+0800: 2267.991: [GC (Allocation Failure) 2016-10-24T04:24:53.969+0800: 2267.991: [ParNew
Desired survivor size 20112992 bytes, new threshold 8 (max 8)
- age   1:     109672 bytes,     109672 total
- age   2:      31912 bytes,     141584 total
- age   3:      45168 bytes,     186752 total
- age   4:     139024 bytes,     325776 total
- age   6:       1224 bytes,     327000 total
: 87781K->366K(109248K), 0.0017540 secs] 279966K->192550K(502464K), 0.0017927 secs] [Times: user=0.01 sys=0.00, real=0.01 secs] 
Heap after GC invocations=104 (full 4):
 par new generation   total 109248K, used 366K [0x00000007a0000000, 0x00000007a8000000, 0x00000007a8000000)
  eden space 87424K,   0% used [0x00000007a0000000, 0x00000007a0000000, 0x00000007a5560000)
  from space 21824K,   1% used [0x00000007a5560000, 0x00000007a55bb870, 0x00000007a6ab0000)
  to   space 21824K,   0% used [0x00000007a6ab0000, 0x00000007a6ab0000, 0x00000007a8000000)
 concurrent mark-sweep generation total 393216K, used 192184K [0x00000007a8000000, 0x00000007c0000000, 0x00000007c0000000)
 Metaspace       used 36006K, capacity 36588K, committed 36816K, reserved 1081344K
  class space    used 4124K, capacity 4285K, committed 4348K, reserved 1048576K
}
2016-10-24T04:24:53.971+0800: 2267.992: Total time for which application threads were stopped: 0.0019355 seconds, Stopping threads took: 0.0000178 seconds
2016-10-24T04:24:54.151+0800: 2268.172: Total time for which application threads were stopped: 0.0006596 seconds, Stopping threads took: 0.0000256 seconds
{Heap before GC invocations=104 (full 4):
 par new generation   total 109248K, used 87790K [0x00000007a0000000, 0x00000007a8000000, 0x00000007a8000000)
  eden space 87424K, 100% used [0x00000007a0000000, 0x00000007a5560000, 0x00000007a5560000)
  from space 21824K,   1% used [0x00000007a5560000, 0x00000007a55bb870, 0x00000007a6ab0000)
  to   space 21824K,   0% used [0x00000007a6ab0000, 0x00000007a6ab0000, 0x00000007a8000000)
 concurrent mark-sweep generation total 393216K, used 192184K [0x00000007a8000000, 0x00000007c0000000, 0x00000007c0000000)
 Metaspace       used 36028K, capacity 36588K, committed 36816K, reserved 1081344K
  class space    used 4125K, capacity 4285K, committed 4348K, reserved 1048576K
2016-10-24T04:24:54.699+0800: 2268.720: [GC (Allocation Failure) 2016-10-24T04:24:54.699+0800: 2268.720: [ParNew
Desired survivor size 20112992 bytes, new threshold 8 (max 8)
- age   1:     106232 bytes,     106232 total
- age   3:         32 bytes,     106264 total
- age   5:       4144 bytes,     110408 total
- age   7:       1192 bytes,     111600 total
: 87790K->227K(109248K), 0.0019967 secs] 279974K->192412K(502464K), 0.0020396 secs] [Times: user=0.01 sys=0.01, real=0.01 secs] 
Heap after GC invocations=105 (full 4):
 par new generation   total 109248K, used 227K [0x00000007a0000000, 0x00000007a8000000, 0x00000007a8000000)
  eden space 87424K,   0% used [0x00000007a0000000, 0x00000007a0000000, 0x00000007a5560000)
  from space 21824K,   1% used [0x00000007a6ab0000, 0x00000007a6ae8e28, 0x00000007a8000000)
  to   space 21824K,   0% used [0x00000007a5560000, 0x00000007a5560000, 0x00000007a6ab0000)
 concurrent mark-sweep generation total 393216K, used 192184K [0x00000007a8000000, 0x00000007c0000000, 0x00000007c0000000)
 Metaspace       used 36028K, capacity 36588K, committed 36816K, reserved 1081344K
  class space    used 4125K, capacity 4285K, committed 4348K, reserved 1048576K
}
2016-10-24T04:24:54.701+0800: 2268.722: Total time for which application threads were stopped: 0.0022223 seconds, Stopping threads took: 0.0000274 seconds
{Heap before GC invocations=105 (full 4):
 par new generation   total 109248K, used 87651K [0x00000007a0000000, 0x00000007a8000000, 0x00000007a8000000)
  eden space 87424K, 100% used [0x00000007a0000000, 0x00000007a5560000, 0x00000007a5560000)
  from space 21824K,   1% used [0x00000007a6ab0000, 0x00000007a6ae8e28, 0x00000007a8000000)
  to   space 21824K,   0% used [0x00000007a5560000, 0x00000007a5560000, 0x00000007a6ab0000)
 concurrent mark-sweep generation total 393216K, used 192184K [0x00000007a8000000, 0x00000007c0000000, 0x00000007c0000000)
 Metaspace       used 36039K, capacity 36588K, committed 36816K, reserved 1081344K
  class space    used 4126K, capacity 4285K, committed 4348K, reserved 1048576K
2016-10-24T04:24:55.472+0800: 2269.493: [GC (Allocation Failure) 2016-10-24T04:24:55.472+0800: 2269.493: [ParNew
Desired survivor size 20112992 bytes, new threshold 8 (max 8)
- age   1:      10928 bytes,      10928 total
- age   2:      87992 bytes,      98920 total
- age   4:         32 bytes,      98952 total
- age   6:       4144 bytes,     103096 total
- age   8:       1192 bytes,     104288 total
: 87651K->148K(109248K), 0.0018744 secs] 279836K->192333K(502464K), 0.0019337 secs] [Times: user=0.00 sys=0.00, real=0.00 secs] 
Heap after GC invocations=106 (full 4):
 par new generation   total 109248K, used 148K [0x00000007a0000000, 0x00000007a8000000, 0x00000007a8000000)
  eden space 87424K,   0% used [0x00000007a0000000, 0x00000007a0000000, 0x00000007a5560000)
  from space 21824K,   0% used [0x00000007a5560000, 0x00000007a5585170, 0x00000007a6ab0000)
  to   space 21824K,   0% used [0x00000007a6ab0000, 0x00000007a6ab0000, 0x00000007a8000000)
 concurrent mark-sweep generation total 393216K, used 192184K [0x00000007a8000000, 0x00000007c0000000, 0x00000007c0000000)
 Metaspace       used 36039K, capacity 36588K, committed 36816K, reserved 1081344K
  class space    used 4126K, capacity 4285K, committed 4348K, reserved 1048576K
}
2016-10-24T04:24:55.474+0800: 2269.495: Total time for which application threads were stopped: 0.0021216 seconds, Stopping threads took: 0.0000388 seconds
2016-10-24T04:24:55.789+0800: 2269.810: Total time for which application threads were stopped: 0.0001396 seconds, Stopping threads took: 0.0000274 seconds
2016-10-24T04:24:56.794+0800: 2270.816: Total time for which application threads were stopped: 0.0000901 seconds, Stopping threads took: 0.0000220 seconds
2016-10-24T04:25:09.802+0800: 2283.824: Total time for which application threads were stopped: 0.0000994 seconds, Stopping threads took: 0.0000168 seconds
2016-10-24T04:25:10.805+0800: 2284.827: Total time for which application threads were stopped: 0.0000991 seconds, Stopping threads took: 0.0000313 seconds
2016-10-24T04:25:11.372+0800: 2285.393: Total time for which application threads were stopped: 0.0001164 seconds, Stopping threads took: 0.0000308 seconds
2016-10-24T04:25:11.372+0800: 2285.393: Total time for which application threads were stopped: 0.0000815 seconds, Stopping threads took: 0.0000218 seconds
2016-10-24T04:25:11.377+0800: 2285.399: Total time for which application threads were stopped: 0.0001777 seconds, Stopping threads took: 0.0000132 seconds
2016-10-24T04:25:11.378+0800: 2285.399: Total time for which application threads were stopped: 0.0001763 seconds, Stopping threads took: 0.0000289 seconds
2016-10-24T04:25:11.378+0800: 2285.399: Total time for which application threads were stopped: 0.0000897 seconds, Stopping threads took: 0.0000086 seconds
2016-10-24T04:25:12.378+0800: 2286.400: Total time for which application threads were stopped: 0.0000947 seconds, Stopping threads took: 0.0000229 seconds
2016-10-24T04:25:16.391+0800: 2290.412: Total time for which application threads were stopped: 0.0004021 seconds, Stopping threads took: 0.0000575 seconds
2016-10-24T04:25:22.118+0800: 2296.140: Total time for which application threads were stopped: 0.0001333 seconds, Stopping threads took: 0.0000246 seconds
2016-10-24T04:25:22.120+0800: 2296.142: Total time for which application threads were stopped: 0.0001167 seconds, Stopping threads took: 0.0000393 seconds
2016-10-24T04:25:22.120+0800: 2296.142: Total time for which application threads were stopped: 0.0000709 seconds, Stopping threads took: 0.0000103 seconds
2016-10-24T04:25:22.120+0800: 2296.142: Total time for which application threads were stopped: 0.0000750 seconds, Stopping threads took: 0.0000273 seconds
2016-10-24T04:25:22.120+0800: 2296.142: Total time for which application threads were stopped: 0.0000606 seconds, Stopping threads took: 0.0000089 seconds
2016-10-24T04:25:22.120+0800: 2296.142: Total time for which application threads were stopped: 0.0000791 seconds, Stopping threads took: 0.0000095 seconds
2016-10-24T04:25:22.120+0800: 2296.142: Total time for which application threads were stopped: 0.0000671 seconds, Stopping threads took: 0.0000207 seconds
2016-10-24T04:25:22.120+0800: 2296.142: Total time for which application threads were stopped: 0.0000866 seconds, Stopping threads took: 0.0000393 seconds
2016-10-24T04:25:22.121+0800: 2296.143: Total time for which application threads were stopped: 0.0000511 seconds, Stopping threads took: 0.0000065 seconds
2016-10-24T04:25:22.121+0800: 2296.143: Total time for which application threads were stopped: 0.0000470 seconds, Stopping threads took: 0.0000075 seconds
2016-10-24T04:25:22.121+0800: 2296.143: Total time for which application threads were stopped: 0.0000700 seconds, Stopping threads took: 0.0000238 seconds
2016-10-24T04:25:22.122+0800: 2296.144: Total time for which application threads were stopped: 0.0000639 seconds, Stopping threads took: 0.0000079 seconds
2016-10-24T04:25:22.122+0800: 2296.144: Total time for which application threads were stopped: 0.0000641 seconds, Stopping threads took: 0.0000187 seconds
2016-10-24T04:25:22.122+0800: 2296.144: Total time for which application threads were stopped: 0.0000827 seconds, Stopping threads took: 0.0000402 seconds
2016-10-24T04:25:22.123+0800: 2296.144: Total time for which application threads were stopped: 0.0000919 seconds, Stopping threads took: 0.0000528 seconds
2016-10-24T04:25:22.123+0800: 2296.145: Total time for which application threads were stopped: 0.0000683 seconds, Stopping threads took: 0.0000198 seconds
2016-10-24T04:25:22.123+0800: 2296.145: Total time for which application threads were stopped: 0.0000603 seconds, Stopping threads took: 0.0000175 seconds
2016-10-24T04:25:22.124+0800: 2296.146: Total time for which application threads were stopped: 0.0000564 seconds, Stopping threads took: 0.0000076 seconds
2016-10-24T04:25:22.124+0800: 2296.146: Total time for which application threads were stopped: 0.0000472 seconds, Stopping threads took: 0.0000061 seconds
2016-10-24T04:25:22.124+0800: 2296.146: Total time for which application threads were stopped: 0.0001052 seconds, Stopping threads took: 0.0000061 seconds
2016-10-24T04:26:03.221+0800: 2337.244: Total time for which application threads were stopped: 0.0001530 seconds, Stopping threads took: 0.0000535 seconds
{Heap before GC invocations=106 (full 4):
 par new generation   total 109248K, used 87572K [0x00000007a0000000, 0x00000007a8000000, 0x00000007a8000000)
  eden space 87424K, 100% used [0x00000007a0000000, 0x00000007a5560000, 0x00000007a5560000)
  from space 21824K,   0% used [0x00000007a5560000, 0x00000007a5585170, 0x00000007a6ab0000)
  to   space 21824K,   0% used [0x00000007a6ab0000, 0x00000007a6ab0000, 0x00000007a8000000)
 concurrent mark-sweep generation total 393216K, used 192184K [0x00000007a8000000, 0x00000007c0000000, 0x00000007c0000000)
 Metaspace       used 36074K, capacity 36596K, committed 36816K, reserved 1081344K
  class space    used 4128K, capacity 4285K, committed 4348K, reserved 1048576K
2016-10-24T04:26:03.319+0800: 2337.342: [GC (Allocation Failure) 2016-10-24T04:26:03.319+0800: 2337.342: [ParNew
Desired survivor size 20112992 bytes, new threshold 8 (max 8)
- age   1:    5976760 bytes,    5976760 total
- age   2:       1776 bytes,    5978536 total
- age   3:      68168 bytes,    6046704 total
- age   7:       4144 bytes,    6050848 total
: 87572K->5944K(109248K), 0.0032880 secs] 279757K->198130K(502464K), 0.0033458 secs] [Times: user=0.01 sys=0.00, real=0.01 secs] 
Heap after GC invocations=107 (full 4):
 par new generation   total 109248K, used 5944K [0x00000007a0000000, 0x00000007a8000000, 0x00000007a8000000)
  eden space 87424K,   0% used [0x00000007a0000000, 0x00000007a0000000, 0x00000007a5560000)
  from space 21824K,  27% used [0x00000007a6ab0000, 0x00000007a707e2e8, 0x00000007a8000000)
  to   space 21824K,   0% used [0x00000007a5560000, 0x00000007a5560000, 0x00000007a6ab0000)
 concurrent mark-sweep generation total 393216K, used 192185K [0x00000007a8000000, 0x00000007c0000000, 0x00000007c0000000)
 Metaspace       used 36074K, capacity 36596K, committed 36816K, reserved 1081344K
  class space    used 4128K, capacity 4285K, committed 4348K, reserved 1048576K
}
2016-10-24T04:26:03.323+0800: 2337.346: Total time for which application threads were stopped: 0.0035097 seconds, Stopping threads took: 0.0000192 seconds
{Heap before GC invocations=107 (full 4):
 par new generation   total 109248K, used 93368K [0x00000007a0000000, 0x00000007a8000000, 0x00000007a8000000)
  eden space 87424K, 100% used [0x00000007a0000000, 0x00000007a5560000, 0x00000007a5560000)
  from space 21824K,  27% used [0x00000007a6ab0000, 0x00000007a707e2e8, 0x00000007a8000000)
  to   space 21824K,   0% used [0x00000007a5560000, 0x00000007a5560000, 0x00000007a6ab0000)
 concurrent mark-sweep generation total 393216K, used 192185K [0x00000007a8000000, 0x00000007c0000000, 0x00000007c0000000)
 Metaspace       used 36074K, capacity 36596K, committed 36816K, reserved 1081344K
  class space    used 4128K, capacity 4285K, committed 4348K, reserved 1048576K
2016-10-24T04:26:03.586+0800: 2337.608: [GC (Allocation Failure) 2016-10-24T04:26:03.586+0800: 2337.609: [ParNew
Desired survivor size 20112992 bytes, new threshold 8 (max 8)
- age   1:    8857416 bytes,    8857416 total
- age   2:    4135880 bytes,   12993296 total
- age   3:       1776 bytes,   12995072 total
- age   4:      68168 bytes,   13063240 total
- age   8:       4144 bytes,   13067384 total
: 93368K->13742K(109248K), 0.0054806 secs] 285554K->205928K(502464K), 0.0055489 secs] [Times: user=0.02 sys=0.00, real=0.01 secs] 
Heap after GC invocations=108 (full 4):
 par new generation   total 109248K, used 13742K [0x00000007a0000000, 0x00000007a8000000, 0x00000007a8000000)
  eden space 87424K,   0% used [0x00000007a0000000, 0x00000007a0000000, 0x00000007a5560000)
  from space 21824K,  62% used [0x00000007a5560000, 0x00000007a62cba98, 0x00000007a6ab0000)
  to   space 21824K,   0% used [0x00000007a6ab0000, 0x00000007a6ab0000, 0x00000007a8000000)
 concurrent mark-sweep generation total 393216K, used 192185K [0x00000007a8000000, 0x00000007c0000000, 0x00000007c0000000)
 Metaspace       used 36074K, capacity 36596K, committed 36816K, reserved 1081344K
  class space    used 4128K, capacity 4285K, committed 4348K, reserved 1048576K
}
2016-10-24T04:26:03.591+0800: 2337.614: Total time for which application threads were stopped: 0.0057418 seconds, Stopping threads took: 0.0000265 seconds
{Heap before GC invocations=108 (full 4):
 par new generation   total 109248K, used 101128K [0x00000007a0000000, 0x00000007a8000000, 0x00000007a8000000)
  eden space 87424K,  99% used [0x00000007a0000000, 0x00000007a5556958, 0x00000007a5560000)
  from space 21824K,  62% used [0x00000007a5560000, 0x00000007a62cba98, 0x00000007a6ab0000)
  to   space 21824K,   0% used [0x00000007a6ab0000, 0x00000007a6ab0000, 0x00000007a8000000)
 concurrent mark-sweep generation total 393216K, used 192185K [0x00000007a8000000, 0x00000007c0000000, 0x00000007c0000000)
 Metaspace       used 36074K, capacity 36596K, committed 36816K, reserved 1081344K
  class space    used 4128K, capacity 4285K, committed 4348K, reserved 1048576K
2016-10-24T04:26:03.849+0800: 2337.872: [GC (Allocation Failure) 2016-10-24T04:26:03.849+0800: 2337.872: [ParNew
Desired survivor size 20112992 bytes, new threshold 8 (max 8)
- age   1:   11109880 bytes,   11109880 total
- age   2:    4497328 bytes,   15607208 total
- age   3:    4132704 bytes,   19739912 total
- age   4:       1776 bytes,   19741688 total
- age   5:      68168 bytes,   19809856 total
: 101128K->21824K(109248K), 0.0087445 secs] 293314K->214341K(502464K), 0.0088152 secs] [Times: user=0.03 sys=0.00, real=0.01 secs] 
Heap after GC invocations=109 (full 4):
 par new generation   total 109248K, used 21824K [0x00000007a0000000, 0x00000007a8000000, 0x00000007a8000000)
  eden space 87424K,   0% used [0x00000007a0000000, 0x00000007a0000000, 0x00000007a5560000)
  from space 21824K, 100% used [0x00000007a6ab0000, 0x00000007a8000000, 0x00000007a8000000)
  to   space 21824K,   0% used [0x00000007a5560000, 0x00000007a5560000, 0x00000007a6ab0000)
 concurrent mark-sweep generation total 393216K, used 192517K [0x00000007a8000000, 0x00000007c0000000, 0x00000007c0000000)
 Metaspace       used 36074K, capacity 36596K, committed 36816K, reserved 1081344K
  class space    used 4128K, capacity 4285K, committed 4348K, reserved 1048576K
}
2016-10-24T04:26:03.858+0800: 2337.881: Total time for which application threads were stopped: 0.0090366 seconds, Stopping threads took: 0.0000334 seconds
{Heap before GC invocations=109 (full 4):
 par new generation   total 109248K, used 109248K [0x00000007a0000000, 0x00000007a8000000, 0x00000007a8000000)
  eden space 87424K, 100% used [0x00000007a0000000, 0x00000007a5560000, 0x00000007a5560000)
  from space 21824K, 100% used [0x00000007a6ab0000, 0x00000007a8000000, 0x00000007a8000000)
  to   space 21824K,   0% used [0x00000007a5560000, 0x00000007a5560000, 0x00000007a6ab0000)
 concurrent mark-sweep generation total 393216K, used 192517K [0x00000007a8000000, 0x00000007c0000000, 0x00000007c0000000)
 Metaspace       used 36074K, capacity 36596K, committed 36816K, reserved 1081344K
  class space    used 4128K, capacity 4285K, committed 4348K, reserved 1048576K
2016-10-24T04:26:04.118+0800: 2338.141: [GC (Allocation Failure) 2016-10-24T04:26:04.118+0800: 2338.141: [ParNew
Desired survivor size 20112992 bytes, new threshold 4 (max 8)
- age   1:    8545200 bytes,    8545200 total
- age   2:    5062200 bytes,   13607400 total
- age   3:    4108680 bytes,   17716080 total
- age   4:    4074584 bytes,   21790664 total
- age   5:       1776 bytes,   21792440 total
- age   6:      68168 bytes,   21860608 total
: 109248K->21824K(109248K), 0.0134077 secs] 301765K->218584K(502464K), 0.0134690 secs] [Times: user=0.03 sys=0.01, real=0.02 secs] 
Heap after GC invocations=110 (full 4):
 par new generation   total 109248K, used 21824K [0x00000007a0000000, 0x00000007a8000000, 0x00000007a8000000)
  eden space 87424K,   0% used [0x00000007a0000000, 0x00000007a0000000, 0x00000007a5560000)
  from space 21824K, 100% used [0x00000007a5560000, 0x00000007a6ab0000, 0x00000007a6ab0000)
  to   space 21824K,   0% used [0x00000007a6ab0000, 0x00000007a6ab0000, 0x00000007a8000000)
 concurrent mark-sweep generation total 393216K, used 196760K [0x00000007a8000000, 0x00000007c0000000, 0x00000007c0000000)
 Metaspace       used 36074K, capacity 36596K, committed 36816K, reserved 1081344K
  class space    used 4128K, capacity 4285K, committed 4348K, reserved 1048576K
}
2016-10-24T04:26:04.131+0800: 2338.154: Total time for which application threads were stopped: 0.0136599 seconds, Stopping threads took: 0.0000314 seconds
2016-10-24T04:26:04.131+0800: 2338.154: [GC (CMS Initial Mark) [1 CMS-initial-mark: 196760K(393216K)] 218616K(502464K), 0.0024368 secs] [Times: user=0.01 sys=0.00, real=0.00 secs] 
2016-10-24T04:26:04.134+0800: 2338.157: Total time for which application threads were stopped: 0.0025833 seconds, Stopping threads took: 0.0000520 seconds
2016-10-24T04:26:04.134+0800: 2338.157: [CMS-concurrent-mark-start]
2016-10-24T04:26:04.151+0800: 2338.174: [CMS-concurrent-mark: 0.017/0.017 secs] [Times: user=0.05 sys=0.03, real=0.02 secs] 
2016-10-24T04:26:04.151+0800: 2338.174: [CMS-concurrent-preclean-start]
2016-10-24T04:26:04.152+0800: 2338.175: [CMS-concurrent-preclean: 0.001/0.001 secs] [Times: user=0.00 sys=0.00, real=0.00 secs] 
2016-10-24T04:26:04.152+0800: 2338.175: [CMS-concurrent-abortable-preclean-start]
2016-10-24T04:26:04.341+0800: 2338.364: [CMS-concurrent-abortable-preclean: 0.083/0.188 secs] [Times: user=0.28 sys=0.00, real=0.19 secs] 
2016-10-24T04:26:04.341+0800: 2338.364: [GC (CMS Final Remark) [YG occupancy: 89380 K (109248 K)]{Heap before GC invocations=110 (full 5):
 par new generation   total 109248K, used 89380K [0x00000007a0000000, 0x00000007a8000000, 0x00000007a8000000)
  eden space 87424K,  77% used [0x00000007a0000000, 0x00000007a41f93e0, 0x00000007a5560000)
  from space 21824K, 100% used [0x00000007a5560000, 0x00000007a6ab0000, 0x00000007a6ab0000)
  to   space 21824K,   0% used [0x00000007a6ab0000, 0x00000007a6ab0000, 0x00000007a8000000)
 concurrent mark-sweep generation total 393216K, used 196760K [0x00000007a8000000, 0x00000007c0000000, 0x00000007c0000000)
 Metaspace       used 36074K, capacity 36596K, committed 36816K, reserved 1081344K
  class space    used 4128K, capacity 4285K, committed 4348K, reserved 1048576K
2016-10-24T04:26:04.341+0800: 2338.364: [GC (CMS Final Remark) 2016-10-24T04:26:04.341+0800: 2338.364: [ParNew
Desired survivor size 20112992 bytes, new threshold 4 (max 8)
- age   1:    8318760 bytes,    8318760 total
- age   2:    3564832 bytes,   11883592 total
- age   3:    4713992 bytes,   16597584 total
- age   4:    4057344 bytes,   20654928 total
: 89380K->21824K(109248K), 0.0159269 secs] 286141K->226147K(502464K), 0.0159881 secs] [Times: user=0.04 sys=0.01, real=0.01 secs] 
Heap after GC invocations=111 (full 5):
 par new generation   total 109248K, used 21824K [0x00000007a0000000, 0x00000007a8000000, 0x00000007a8000000)
  eden space 87424K,   0% used [0x00000007a0000000, 0x00000007a0000000, 0x00000007a5560000)
  from space 21824K, 100% used [0x00000007a6ab0000, 0x00000007a8000000, 0x00000007a8000000)
  to   space 21824K,   0% used [0x00000007a5560000, 0x00000007a5560000, 0x00000007a6ab0000)
 concurrent mark-sweep generation total 393216K, used 204323K [0x00000007a8000000, 0x00000007c0000000, 0x00000007c0000000)
 Metaspace       used 36074K, capacity 36596K, committed 36816K, reserved 1081344K
  class space    used 4128K, capacity 4285K, committed 4348K, reserved 1048576K
}
2016-10-24T04:26:04.357+0800: 2338.380: [Rescan (parallel) , 0.0024960 secs]2016-10-24T04:26:04.359+0800: 2338.382: [weak refs processing, 0.0008925 secs]2016-10-24T04:26:04.360+0800: 2338.383: [class unloading, 0.0105684 secs]2016-10-24T04:26:04.371+0800: 2338.394: [scrub symbol table, 0.0053929 secs]2016-10-24T04:26:04.376+0800: 2338.399: [scrub string table, 0.0005628 secs][1 CMS-remark: 204323K(393216K)] 226147K(502464K), 0.0361745 secs] [Times: user=0.06 sys=0.02, real=0.03 secs] 
2016-10-24T04:26:04.377+0800: 2338.400: Total time for which application threads were stopped: 0.0363890 seconds, Stopping threads took: 0.0000864 seconds
2016-10-24T04:26:04.377+0800: 2338.400: [CMS-concurrent-sweep-start]
2016-10-24T04:26:04.464+0800: 2338.487: [CMS-concurrent-sweep: 0.087/0.087 secs] [Times: user=0.16 sys=0.03, real=0.09 secs] 
2016-10-24T04:26:04.464+0800: 2338.487: [CMS-concurrent-reset-start]
2016-10-24T04:26:04.465+0800: 2338.488: [CMS-concurrent-reset: 0.001/0.001 secs] [Times: user=0.00 sys=0.00, real=0.00 secs] 
{Heap before GC invocations=111 (full 5):
 par new generation   total 109248K, used 109248K [0x00000007a0000000, 0x00000007a8000000, 0x00000007a8000000)
  eden space 87424K, 100% used [0x00000007a0000000, 0x00000007a5560000, 0x00000007a5560000)
  from space 21824K, 100% used [0x00000007a6ab0000, 0x00000007a8000000, 0x00000007a8000000)
  to   space 21824K,   0% used [0x00000007a5560000, 0x00000007a5560000, 0x00000007a6ab0000)
 concurrent mark-sweep generation total 393216K, used 39641K [0x00000007a8000000, 0x00000007c0000000, 0x00000007c0000000)
 Metaspace       used 36074K, capacity 36596K, committed 36816K, reserved 1081344K
  class space    used 4128K, capacity 4285K, committed 4348K, reserved 1048576K
2016-10-24T04:26:04.664+0800: 2338.687: [GC (Allocation Failure) 2016-10-24T04:26:04.664+0800: 2338.687: [ParNew
Desired survivor size 20112992 bytes, new threshold 4 (max 8)
- age   1:   11796320 bytes,   11796320 total
- age   2:    2372208 bytes,   14168528 total
- age   3:    3100936 bytes,   17269464 total
- age   4:    3908880 bytes,   21178344 total
: 109248K->21824K(109248K), 0.0141282 secs] 148889K->71593K(502464K), 0.0142014 secs] [Times: user=0.04 sys=0.01, real=0.01 secs] 
Heap after GC invocations=112 (full 5):
 par new generation   total 109248K, used 21824K [0x00000007a0000000, 0x00000007a8000000, 0x00000007a8000000)
  eden space 87424K,   0% used [0x00000007a0000000, 0x00000007a0000000, 0x00000007a5560000)
  from space 21824K, 100% used [0x00000007a5560000, 0x00000007a6ab0000, 0x00000007a6ab0000)
  to   space 21824K,   0% used [0x00000007a6ab0000, 0x00000007a6ab0000, 0x00000007a8000000)
 concurrent mark-sweep generation total 393216K, used 49769K [0x00000007a8000000, 0x00000007c0000000, 0x00000007c0000000)
 Metaspace       used 36074K, capacity 36596K, committed 36816K, reserved 1081344K
  class space    used 4128K, capacity 4285K, committed 4348K, reserved 1048576K
}
2016-10-24T04:26:04.679+0800: 2338.702: Total time for which application threads were stopped: 0.0143895 seconds, Stopping threads took: 0.0000323 seconds
{Heap before GC invocations=112 (full 5):
 par new generation   total 109248K, used 109248K [0x00000007a0000000, 0x00000007a8000000, 0x00000007a8000000)
  eden space 87424K, 100% used [0x00000007a0000000, 0x00000007a5560000, 0x00000007a5560000)
  from space 21824K, 100% used [0x00000007a5560000, 0x00000007a6ab0000, 0x00000007a6ab0000)
  to   space 21824K,   0% used [0x00000007a6ab0000, 0x00000007a6ab0000, 0x00000007a8000000)
 concurrent mark-sweep generation total 393216K, used 49769K [0x00000007a8000000, 0x00000007c0000000, 0x00000007c0000000)
 Metaspace       used 36074K, capacity 36596K, committed 36816K, reserved 1081344K
  class space    used 4128K, capacity 4285K, committed 4348K, reserved 1048576K
2016-10-24T04:26:04.951+0800: 2338.974: [GC (Allocation Failure) 2016-10-24T04:26:04.951+0800: 2338.974: [ParNew
Desired survivor size 20112992 bytes, new threshold 8 (max 8)
- age   1:   11285224 bytes,   11285224 total
- age   2:    2721504 bytes,   14006728 total
- age   3:    2260512 bytes,   16267240 total
- age   4:    2572784 bytes,   18840024 total
: 109248K->21824K(109248K), 0.0119505 secs] 159017K->79421K(502464K), 0.0120277 secs] [Times: user=0.04 sys=0.01, real=0.01 secs] 
Heap after GC invocations=113 (full 5):
 par new generation   total 109248K, used 21824K [0x00000007a0000000, 0x00000007a8000000, 0x00000007a8000000)
  eden space 87424K,   0% used [0x00000007a0000000, 0x00000007a0000000, 0x00000007a5560000)
  from space 21824K, 100% used [0x00000007a6ab0000, 0x00000007a8000000, 0x00000007a8000000)
  to   space 21824K,   0% used [0x00000007a5560000, 0x00000007a5560000, 0x00000007a6ab0000)
 concurrent mark-sweep generation total 393216K, used 57597K [0x00000007a8000000, 0x00000007c0000000, 0x00000007c0000000)
 Metaspace       used 36074K, capacity 36596K, committed 36816K, reserved 1081344K
  class space    used 4128K, capacity 4285K, committed 4348K, reserved 1048576K
}
2016-10-24T04:26:04.963+0800: 2338.986: Total time for which application threads were stopped: 0.0122140 seconds, Stopping threads took: 0.0000305 seconds
{Heap before GC invocations=113 (full 5):
 par new generation   total 109248K, used 109033K [0x00000007a0000000, 0x00000007a8000000, 0x00000007a8000000)
  eden space 87424K,  99% used [0x00000007a0000000, 0x00000007a552a5f0, 0x00000007a5560000)
  from space 21824K, 100% used [0x00000007a6ab0000, 0x00000007a8000000, 0x00000007a8000000)
  to   space 21824K,   0% used [0x00000007a5560000, 0x00000007a5560000, 0x00000007a6ab0000)
 concurrent mark-sweep generation total 393216K, used 57597K [0x00000007a8000000, 0x00000007c0000000, 0x00000007c0000000)
 Metaspace       used 36074K, capacity 36596K, committed 36816K, reserved 1081344K
  class space    used 4128K, capacity 4285K, committed 4348K, reserved 1048576K
2016-10-24T04:26:05.252+0800: 2339.275: [GC (Allocation Failure) 2016-10-24T04:26:05.252+0800: 2339.275: [ParNew
Desired survivor size 20112992 bytes, new threshold 5 (max 8)
- age   1:   12700776 bytes,   12700776 total
- age   2:    3250928 bytes,   15951704 total
- age   3:    2216576 bytes,   18168280 total
- age   4:    1532304 bytes,   19700584 total
- age   5:    2340072 bytes,   22040656 total
: 109033K->21824K(109248K), 0.0113551 secs] 166630K->85618K(502464K), 0.0114359 secs] [Times: user=0.04 sys=0.01, real=0.01 secs] 
Heap after GC invocations=114 (full 5):
 par new generation   total 109248K, used 21824K [0x00000007a0000000, 0x00000007a8000000, 0x00000007a8000000)
  eden space 87424K,   0% used [0x00000007a0000000, 0x00000007a0000000, 0x00000007a5560000)
  from space 21824K, 100% used [0x00000007a5560000, 0x00000007a6ab0000, 0x00000007a6ab0000)
  to   space 21824K,   0% used [0x00000007a6ab0000, 0x00000007a6ab0000, 0x00000007a8000000)
 concurrent mark-sweep generation total 393216K, used 63794K [0x00000007a8000000, 0x00000007c0000000, 0x00000007c0000000)
 Metaspace       used 36074K, capacity 36596K, committed 36816K, reserved 1081344K
  class space    used 4128K, capacity 4285K, committed 4348K, reserved 1048576K
}
2016-10-24T04:26:05.264+0800: 2339.287: Total time for which application threads were stopped: 0.0116182 seconds, Stopping threads took: 0.0000235 seconds
{Heap before GC invocations=114 (full 5):
 par new generation   total 109248K, used 109227K [0x00000007a0000000, 0x00000007a8000000, 0x00000007a8000000)
  eden space 87424K,  99% used [0x00000007a0000000, 0x00000007a555afe0, 0x00000007a5560000)
  from space 21824K, 100% used [0x00000007a5560000, 0x00000007a6ab0000, 0x00000007a6ab0000)
  to   space 21824K,   0% used [0x00000007a6ab0000, 0x00000007a6ab0000, 0x00000007a8000000)
 concurrent mark-sweep generation total 393216K, used 63794K [0x00000007a8000000, 0x00000007c0000000, 0x00000007c0000000)
 Metaspace       used 36074K, capacity 36596K, committed 36816K, reserved 1081344K
  class space    used 4128K, capacity 4285K, committed 4348K, reserved 1048576K
2016-10-24T04:26:05.521+0800: 2339.544: [GC (Allocation Failure) 2016-10-24T04:26:05.521+0800: 2339.544: [ParNew
Desired survivor size 20112992 bytes, new threshold 8 (max 8)
- age   1:    8392832 bytes,    8392832 total
- age   2:    3823896 bytes,   12216728 total
- age   3:    3241552 bytes,   15458280 total
- age   4:    2071408 bytes,   17529688 total
- age   5:     897920 bytes,   18427608 total
: 109227K->21824K(109248K), 0.0192474 secs] 173022K->100325K(502464K), 0.0193334 secs] [Times: user=0.06 sys=0.01, real=0.02 secs] 
Heap after GC invocations=115 (full 5):
 par new generation   total 109248K, used 21824K [0x00000007a0000000, 0x00000007a8000000, 0x00000007a8000000)
  eden space 87424K,   0% used [0x00000007a0000000, 0x00000007a0000000, 0x00000007a5560000)
  from space 21824K, 100% used [0x00000007a6ab0000, 0x00000007a8000000, 0x00000007a8000000)
  to   space 21824K,   0% used [0x00000007a5560000, 0x00000007a5560000, 0x00000007a6ab0000)
 concurrent mark-sweep generation total 393216K, used 78501K [0x00000007a8000000, 0x00000007c0000000, 0x00000007c0000000)
 Metaspace       used 36074K, capacity 36596K, committed 36816K, reserved 1081344K
  class space    used 4128K, capacity 4285K, committed 4348K, reserved 1048576K
}
2016-10-24T04:26:05.540+0800: 2339.563: Total time for which application threads were stopped: 0.0195479 seconds, Stopping threads took: 0.0000318 seconds
{Heap before GC invocations=115 (full 5):
 par new generation   total 109248K, used 109248K [0x00000007a0000000, 0x00000007a8000000, 0x00000007a8000000)
  eden space 87424K, 100% used [0x00000007a0000000, 0x00000007a5560000, 0x00000007a5560000)
  from space 21824K, 100% used [0x00000007a6ab0000, 0x00000007a8000000, 0x00000007a8000000)
  to   space 21824K,   0% used [0x00000007a5560000, 0x00000007a5560000, 0x00000007a6ab0000)
 concurrent mark-sweep generation total 393216K, used 78501K [0x00000007a8000000, 0x00000007c0000000, 0x00000007c0000000)
 Metaspace       used 36074K, capacity 36596K, committed 36816K, reserved 1081344K
  class space    used 4128K, capacity 4285K, committed 4348K, reserved 1048576K
2016-10-24T04:26:05.842+0800: 2339.865: [GC (Allocation Failure) 2016-10-24T04:26:05.842+0800: 2339.865: [ParNew
Desired survivor size 20112992 bytes, new threshold 5 (max 8)
- age   1:    9460664 bytes,    9460664 total
- age   2:    2956528 bytes,   12417192 total
- age   3:    3614488 bytes,   16031680 total
- age   4:    3174040 bytes,   19205720 total
- age   5:    2014784 bytes,   21220504 total
- age   6:     855520 bytes,   22076024 total
: 109248K->21824K(109248K), 0.0141785 secs] 187749K->106595K(502464K), 0.0142337 secs] [Times: user=0.05 sys=0.01, real=0.01 secs] 
Heap after GC invocations=116 (full 5):
 par new generation   total 109248K, used 21824K [0x00000007a0000000, 0x00000007a8000000, 0x00000007a8000000)
  eden space 87424K,   0% used [0x00000007a0000000, 0x00000007a0000000, 0x00000007a5560000)
  from space 21824K, 100% used [0x00000007a5560000, 0x00000007a6ab0000, 0x00000007a6ab0000)
  to   space 21824K,   0% used [0x00000007a6ab0000, 0x00000007a6ab0000, 0x00000007a8000000)
 concurrent mark-sweep generation total 393216K, used 84771K [0x00000007a8000000, 0x00000007c0000000, 0x00000007c0000000)
 Metaspace       used 36074K, capacity 36596K, committed 36816K, reserved 1081344K
  class space    used 4128K, capacity 4285K, committed 4348K, reserved 1048576K
}
2016-10-24T04:26:05.856+0800: 2339.879: Total time for which application threads were stopped: 0.0144272 seconds, Stopping threads took: 0.0000202 seconds
{Heap before GC invocations=116 (full 5):
 par new generation   total 109248K, used 109248K [0x00000007a0000000, 0x00000007a8000000, 0x00000007a8000000)
  eden space 87424K, 100% used [0x00000007a0000000, 0x00000007a5560000, 0x00000007a5560000)
  from space 21824K, 100% used [0x00000007a5560000, 0x00000007a6ab0000, 0x00000007a6ab0000)
  to   space 21824K,   0% used [0x00000007a6ab0000, 0x00000007a6ab0000, 0x00000007a8000000)
 concurrent mark-sweep generation total 393216K, used 84771K [0x00000007a8000000, 0x00000007c0000000, 0x00000007c0000000)
 Metaspace       used 36074K, capacity 36596K, committed 36816K, reserved 1081344K
  class space    used 4128K, capacity 4285K, committed 4348K, reserved 1048576K
2016-10-24T04:26:06.197+0800: 2340.220: [GC (Allocation Failure) 2016-10-24T04:26:06.197+0800: 2340.220: [ParNew
Desired survivor size 20112992 bytes, new threshold 8 (max 8)
- age   1:    7970352 bytes,    7970352 total
- age   2:    2999408 bytes,   10969760 total
- age   3:    2247792 bytes,   13217552 total
- age   4:    3405256 bytes,   16622808 total
- age   5:    2959240 bytes,   19582048 total
: 109248K->21824K(109248K), 0.0194822 secs] 194019K->126556K(502464K), 0.0195648 secs] [Times: user=0.05 sys=0.02, real=0.02 secs] 
Heap after GC invocations=117 (full 5):
 par new generation   total 109248K, used 21824K [0x00000007a0000000, 0x00000007a8000000, 0x00000007a8000000)
  eden space 87424K,   0% used [0x00000007a0000000, 0x00000007a0000000, 0x00000007a5560000)
  from space 21824K, 100% used [0x00000007a6ab0000, 0x00000007a8000000, 0x00000007a8000000)
  to   space 21824K,   0% used [0x00000007a5560000, 0x00000007a5560000, 0x00000007a6ab0000)
 concurrent mark-sweep generation total 393216K, used 104732K [0x00000007a8000000, 0x00000007c0000000, 0x00000007c0000000)
 Metaspace       used 36074K, capacity 36596K, committed 36816K, reserved 1081344K
  class space    used 4128K, capacity 4285K, committed 4348K, reserved 1048576K
}
2016-10-24T04:26:06.217+0800: 2340.240: Total time for which application threads were stopped: 0.0197834 seconds, Stopping threads took: 0.0000313 seconds
{Heap before GC invocations=117 (full 5):
 par new generation   total 109248K, used 109248K [0x00000007a0000000, 0x00000007a8000000, 0x00000007a8000000)
  eden space 87424K, 100% used [0x00000007a0000000, 0x00000007a5560000, 0x00000007a5560000)
  from space 21824K, 100% used [0x00000007a6ab0000, 0x00000007a8000000, 0x00000007a8000000)
  to   space 21824K,   0% used [0x00000007a5560000, 0x00000007a5560000, 0x00000007a6ab0000)
 concurrent mark-sweep generation total 393216K, used 104732K [0x00000007a8000000, 0x00000007c0000000, 0x00000007c0000000)
 Metaspace       used 36074K, capacity 36596K, committed 36816K, reserved 1081344K
  class space    used 4128K, capacity 4285K, committed 4348K, reserved 1048576K
2016-10-24T04:26:06.488+0800: 2340.511: [GC (Allocation Failure) 2016-10-24T04:26:06.488+0800: 2340.511: [ParNew
Desired survivor size 20112992 bytes, new threshold 6 (max 8)
- age   1:    9416296 bytes,    9416296 total
- age   2:    2199496 bytes,   11615792 total
- age   3:    2486960 bytes,   14102752 total
- age   4:    1957984 bytes,   16060736 total
- age   5:    3118616 bytes,   19179352 total
- age   6:    2453840 bytes,   21633192 total
: 109248K->21824K(109248K), 0.0158735 secs] 213980K->139163K(502464K), 0.0159400 secs] [Times: user=0.05 sys=0.01, real=0.02 secs] 
Heap after GC invocations=118 (full 5):
 par new generation   total 109248K, used 21824K [0x00000007a0000000, 0x00000007a8000000, 0x00000007a8000000)
  eden space 87424K,   0% used [0x00000007a0000000, 0x00000007a0000000, 0x00000007a5560000)
  from space 21824K, 100% used [0x00000007a5560000, 0x00000007a6ab0000, 0x00000007a6ab0000)
  to   space 21824K,   0% used [0x00000007a6ab0000, 0x00000007a6ab0000, 0x00000007a8000000)
 concurrent mark-sweep generation total 393216K, used 117339K [0x00000007a8000000, 0x00000007c0000000, 0x00000007c0000000)
 Metaspace       used 36074K, capacity 36596K, committed 36816K, reserved 1081344K
  class space    used 4128K, capacity 4285K, committed 4348K, reserved 1048576K
}
2016-10-24T04:26:06.504+0800: 2340.527: Total time for which application threads were stopped: 0.0161676 seconds, Stopping threads took: 0.0000332 seconds
{Heap before GC invocations=118 (full 5):
 par new generation   total 109248K, used 109248K [0x00000007a0000000, 0x00000007a8000000, 0x00000007a8000000)
  eden space 87424K, 100% used [0x00000007a0000000, 0x00000007a5560000, 0x00000007a5560000)
  from space 21824K, 100% used [0x00000007a5560000, 0x00000007a6ab0000, 0x00000007a6ab0000)
  to   space 21824K,   0% used [0x00000007a6ab0000, 0x00000007a6ab0000, 0x00000007a8000000)
 concurrent mark-sweep generation total 393216K, used 117339K [0x00000007a8000000, 0x00000007c0000000, 0x00000007c0000000)
 Metaspace       used 36074K, capacity 36596K, committed 36816K, reserved 1081344K
  class space    used 4128K, capacity 4285K, committed 4348K, reserved 1048576K
2016-10-24T04:26:06.772+0800: 2340.795: [GC (Allocation Failure) 2016-10-24T04:26:06.772+0800: 2340.795: [ParNew
Desired survivor size 20112992 bytes, new threshold 6 (max 8)
- age   1:    7183952 bytes,    7183952 total
- age   2:    5152392 bytes,   12336344 total
- age   3:    1599504 bytes,   13935848 total
- age   4:    2389696 bytes,   16325544 total
- age   5:    1832936 bytes,   18158480 total
- age   6:    2991504 bytes,   21149984 total
: 109248K->21824K(109248K), 0.0232942 secs] 226587K->156369K(502464K), 0.0233671 secs] [Times: user=0.06 sys=0.02, real=0.02 secs] 
Heap after GC invocations=119 (full 5):
 par new generation   total 109248K, used 21824K [0x00000007a0000000, 0x00000007a8000000, 0x00000007a8000000)
  eden space 87424K,   0% used [0x00000007a0000000, 0x00000007a0000000, 0x00000007a5560000)
  from space 21824K, 100% used [0x00000007a6ab0000, 0x00000007a8000000, 0x00000007a8000000)
  to   space 21824K,   0% used [0x00000007a5560000, 0x00000007a5560000, 0x00000007a6ab0000)
 concurrent mark-sweep generation total 393216K, used 134545K [0x00000007a8000000, 0x00000007c0000000, 0x00000007c0000000)
 Metaspace       used 36074K, capacity 36596K, committed 36816K, reserved 1081344K
  class space    used 4128K, capacity 4285K, committed 4348K, reserved 1048576K
}
2016-10-24T04:26:06.795+0800: 2340.818: Total time for which application threads were stopped: 0.0235766 seconds, Stopping threads took: 0.0000335 seconds
{Heap before GC invocations=119 (full 5):
 par new generation   total 109248K, used 108830K [0x00000007a0000000, 0x00000007a8000000, 0x00000007a8000000)
  eden space 87424K,  99% used [0x00000007a0000000, 0x00000007a54f79e8, 0x00000007a5560000)
  from space 21824K, 100% used [0x00000007a6ab0000, 0x00000007a8000000, 0x00000007a8000000)
  to   space 21824K,   0% used [0x00000007a5560000, 0x00000007a5560000, 0x00000007a6ab0000)
 concurrent mark-sweep generation total 393216K, used 134545K [0x00000007a8000000, 0x00000007c0000000, 0x00000007c0000000)
 Metaspace       used 36074K, capacity 36596K, committed 36816K, reserved 1081344K
  class space    used 4128K, capacity 4285K, committed 4348K, reserved 1048576K
2016-10-24T04:26:07.112+0800: 2341.135: [GC (Allocation Failure) 2016-10-24T04:26:07.112+0800: 2341.135: [ParNew
Desired survivor size 20112992 bytes, new threshold 8 (max 8)
- age   1:    5506056 bytes,    5506056 total
- age   2:    5744912 bytes,   11250968 total
- age   3:    2710120 bytes,   13961088 total
- age   4:    1524160 bytes,   15485248 total
- age   5:    2313544 bytes,   17798792 total
- age   6:    1729136 bytes,   19527928 total
: 108830K->21824K(109248K), 0.0171782 secs] 243375K->164056K(502464K), 0.0172347 secs] [Times: user=0.05 sys=0.01, real=0.01 secs] 
Heap after GC invocations=120 (full 5):
 par new generation   total 109248K, used 21824K [0x00000007a0000000, 0x00000007a8000000, 0x00000007a8000000)
  eden space 87424K,   0% used [0x00000007a0000000, 0x00000007a0000000, 0x00000007a5560000)
  from space 21824K, 100% used [0x00000007a5560000, 0x00000007a6ab0000, 0x00000007a6ab0000)
  to   space 21824K,   0% used [0x00000007a6ab0000, 0x00000007a6ab0000, 0x00000007a8000000)
 concurrent mark-sweep generation total 393216K, used 142232K [0x00000007a8000000, 0x00000007c0000000, 0x00000007c0000000)
 Metaspace       used 36074K, capacity 36596K, committed 36816K, reserved 1081344K
  class space    used 4128K, capacity 4285K, committed 4348K, reserved 1048576K
}
2016-10-24T04:26:07.129+0800: 2341.152: Total time for which application threads were stopped: 0.0174086 seconds, Stopping threads took: 0.0000208 seconds
{Heap before GC invocations=120 (full 5):
 par new generation   total 109248K, used 109248K [0x00000007a0000000, 0x00000007a8000000, 0x00000007a8000000)
  eden space 87424K, 100% used [0x00000007a0000000, 0x00000007a5560000, 0x00000007a5560000)
  from space 21824K, 100% used [0x00000007a5560000, 0x00000007a6ab0000, 0x00000007a6ab0000)
  to   space 21824K,   0% used [0x00000007a6ab0000, 0x00000007a6ab0000, 0x00000007a8000000)
 concurrent mark-sweep generation total 393216K, used 142232K [0x00000007a8000000, 0x00000007c0000000, 0x00000007c0000000)
 Metaspace       used 36074K, capacity 36596K, committed 36816K, reserved 1081344K
  class space    used 4128K, capacity 4285K, committed 4348K, reserved 1048576K
2016-10-24T04:26:07.368+0800: 2341.391: [GC (Allocation Failure) 2016-10-24T04:26:07.368+0800: 2341.391: [ParNew
Desired survivor size 20112992 bytes, new threshold 6 (max 8)
- age   1:    9193024 bytes,    9193024 total
- age   2:    2590944 bytes,   11783968 total
- age   3:    2878792 bytes,   14662760 total
- age   4:    2492448 bytes,   17155208 total
- age   5:    1468984 bytes,   18624192 total
- age   6:    2252696 bytes,   20876888 total
- age   7:    1403392 bytes,   22280280 total
: 109248K->21824K(109248K), 0.0262009 secs] 251480K->182557K(502464K), 0.0262657 secs] [Times: user=0.08 sys=0.03, real=0.03 secs] 
Heap after GC invocations=121 (full 5):
 par new generation   total 109248K, used 21824K [0x00000007a0000000, 0x00000007a8000000, 0x00000007a8000000)
  eden space 87424K,   0% used [0x00000007a0000000, 0x00000007a0000000, 0x00000007a5560000)
  from space 21824K, 100% used [0x00000007a6ab0000, 0x00000007a8000000, 0x00000007a8000000)
  to   space 21824K,   0% used [0x00000007a5560000, 0x00000007a5560000, 0x00000007a6ab0000)
 concurrent mark-sweep generation total 393216K, used 160733K [0x00000007a8000000, 0x00000007c0000000, 0x00000007c0000000)
 Metaspace       used 36074K, capacity 36596K, committed 36816K, reserved 1081344K
  class space    used 4128K, capacity 4285K, committed 4348K, reserved 1048576K
}
2016-10-24T04:26:07.394+0800: 2341.417: Total time for which application threads were stopped: 0.0264508 seconds, Stopping threads took: 0.0000209 seconds
{Heap before GC invocations=121 (full 5):
 par new generation   total 109248K, used 109248K [0x00000007a0000000, 0x00000007a8000000, 0x00000007a8000000)
  eden space 87424K, 100% used [0x00000007a0000000, 0x00000007a5560000, 0x00000007a5560000)
  from space 21824K, 100% used [0x00000007a6ab0000, 0x00000007a8000000, 0x00000007a8000000)
  to   space 21824K,   0% used [0x00000007a5560000, 0x00000007a5560000, 0x00000007a6ab0000)
 concurrent mark-sweep generation total 393216K, used 160733K [0x00000007a8000000, 0x00000007c0000000, 0x00000007c0000000)
 Metaspace       used 36074K, capacity 36596K, committed 36816K, reserved 1081344K
  class space    used 4128K, capacity 4285K, committed 4348K, reserved 1048576K
2016-10-24T04:26:07.639+0800: 2341.662: [GC (Allocation Failure) 2016-10-24T04:26:07.639+0800: 2341.662: [ParNew
Desired survivor size 20112992 bytes, new threshold 6 (max 8)
- age   1:    4961328 bytes,    4961328 total
- age   2:    6963424 bytes,   11924752 total
- age   3:    1789608 bytes,   13714360 total
- age   4:    2808672 bytes,   16523032 total
- age   5:    2428632 bytes,   18951664 total
- age   6:    1237832 bytes,   20189496 total
: 109248K->21824K(109248K), 0.0171062 secs] 269981K->191623K(502464K), 0.0171828 secs] [Times: user=0.05 sys=0.01, real=0.02 secs] 
Heap after GC invocations=122 (full 5):
 par new generation   total 109248K, used 21824K [0x00000007a0000000, 0x00000007a8000000, 0x00000007a8000000)
  eden space 87424K,   0% used [0x00000007a0000000, 0x00000007a0000000, 0x00000007a5560000)
  from space 21824K, 100% used [0x00000007a5560000, 0x00000007a6ab0000, 0x00000007a6ab0000)
  to   space 21824K,   0% used [0x00000007a6ab0000, 0x00000007a6ab0000, 0x00000007a8000000)
 concurrent mark-sweep generation total 393216K, used 169799K [0x00000007a8000000, 0x00000007c0000000, 0x00000007c0000000)
 Metaspace       used 36074K, capacity 36596K, committed 36816K, reserved 1081344K
  class space    used 4128K, capacity 4285K, committed 4348K, reserved 1048576K
}
2016-10-24T04:26:07.656+0800: 2341.679: Total time for which application threads were stopped: 0.0173824 seconds, Stopping threads took: 0.0000343 seconds
{Heap before GC invocations=122 (full 5):
 par new generation   total 109248K, used 109248K [0x00000007a0000000, 0x00000007a8000000, 0x00000007a8000000)
  eden space 87424K, 100% used [0x00000007a0000000, 0x00000007a5560000, 0x00000007a5560000)
  from space 21824K, 100% used [0x00000007a5560000, 0x00000007a6ab0000, 0x00000007a6ab0000)
  to   space 21824K,   0% used [0x00000007a6ab0000, 0x00000007a6ab0000, 0x00000007a8000000)
 concurrent mark-sweep generation total 393216K, used 169799K [0x00000007a8000000, 0x00000007c0000000, 0x00000007c0000000)
 Metaspace       used 36074K, capacity 36596K, committed 36816K, reserved 1081344K
  class space    used 4128K, capacity 4285K, committed 4348K, reserved 1048576K
2016-10-24T04:26:07.885+0800: 2341.908: [GC (Allocation Failure) 2016-10-24T04:26:07.885+0800: 2341.908: [ParNew
Desired survivor size 20112992 bytes, new threshold 8 (max 8)
- age   1:    6906048 bytes,    6906048 total
- age   2:    2169760 bytes,    9075808 total
- age   3:    3962848 bytes,   13038656 total
- age   4:    1638208 bytes,   14676864 total
- age   5:    2589216 bytes,   17266080 total
- age   6:    2331312 bytes,   19597392 total
: 109248K->21824K(109248K), 0.0172927 secs] 279047K->198659K(502464K), 0.0173570 secs] [Times: user=0.06 sys=0.00, real=0.02 secs] 
Heap after GC invocations=123 (full 5):
 par new generation   total 109248K, used 21824K [0x00000007a0000000, 0x00000007a8000000, 0x00000007a8000000)
  eden space 87424K,   0% used [0x00000007a0000000, 0x00000007a0000000, 0x00000007a5560000)
  from space 21824K, 100% used [0x00000007a6ab0000, 0x00000007a8000000, 0x00000007a8000000)
  to   space 21824K,   0% used [0x00000007a5560000, 0x00000007a5560000, 0x00000007a6ab0000)
 concurrent mark-sweep generation total 393216K, used 176835K [0x00000007a8000000, 0x00000007c0000000, 0x00000007c0000000)
 Metaspace       used 36074K, capacity 36596K, committed 36816K, reserved 1081344K
  class space    used 4128K, capacity 4285K, committed 4348K, reserved 1048576K
}
2016-10-24T04:26:07.902+0800: 2341.925: Total time for which application threads were stopped: 0.0175350 seconds, Stopping threads took: 0.0000223 seconds
2016-10-24T04:26:11.378+0800: 2345.402: Total time for which application threads were stopped: 0.0001510 seconds, Stopping threads took: 0.0000643 seconds
2016-10-24T04:26:13.308+0800: 2347.331: Total time for which application threads were stopped: 0.0000948 seconds, Stopping threads took: 0.0000194 seconds
{Heap before GC invocations=123 (full 5):
 par new generation   total 109248K, used 109248K [0x00000007a0000000, 0x00000007a8000000, 0x00000007a8000000)
  eden space 87424K, 100% used [0x00000007a0000000, 0x00000007a5560000, 0x00000007a5560000)
  from space 21824K, 100% used [0x00000007a6ab0000, 0x00000007a8000000, 0x00000007a8000000)
  to   space 21824K,   0% used [0x00000007a5560000, 0x00000007a5560000, 0x00000007a6ab0000)
 concurrent mark-sweep generation total 393216K, used 176835K [0x00000007a8000000, 0x00000007c0000000, 0x00000007c0000000)
 Metaspace       used 36083K, capacity 36596K, committed 36816K, reserved 1081344K
  class space    used 4128K, capacity 4285K, committed 4348K, reserved 1048576K
2016-10-24T04:26:13.344+0800: 2347.367: [GC (Allocation Failure) 2016-10-24T04:26:13.344+0800: 2347.367: [ParNew
Desired survivor size 20112992 bytes, new threshold 8 (max 8)
- age   1:    3762424 bytes,    3762424 total
- age   2:    4865840 bytes,    8628264 total
- age   3:    1444184 bytes,   10072448 total
- age   4:    3284416 bytes,   13356864 total
- age   5:    1511224 bytes,   14868088 total
- age   6:    2124224 bytes,   16992312 total
- age   7:    2170792 bytes,   19163104 total
: 109248K->21824K(109248K), 0.0210973 secs] 286083K->202808K(502464K), 0.0211558 secs] [Times: user=0.07 sys=0.00, real=0.02 secs] 
Heap after GC invocations=124 (full 5):
 par new generation   total 109248K, used 21824K [0x00000007a0000000, 0x00000007a8000000, 0x00000007a8000000)
  eden space 87424K,   0% used [0x00000007a0000000, 0x00000007a0000000, 0x00000007a5560000)
  from space 21824K, 100% used [0x00000007a5560000, 0x00000007a6ab0000, 0x00000007a6ab0000)
  to   space 21824K,   0% used [0x00000007a6ab0000, 0x00000007a6ab0000, 0x00000007a8000000)
 concurrent mark-sweep generation total 393216K, used 180984K [0x00000007a8000000, 0x00000007c0000000, 0x00000007c0000000)
 Metaspace       used 36083K, capacity 36596K, committed 36816K, reserved 1081344K
  class space    used 4128K, capacity 4285K, committed 4348K, reserved 1048576K
}
2016-10-24T04:26:13.365+0800: 2347.388: Total time for which application threads were stopped: 0.0213429 seconds, Stopping threads took: 0.0000176 seconds
2016-10-24T04:26:13.402+0800: 2347.426: Total time for which application threads were stopped: 0.0001713 seconds, Stopping threads took: 0.0000339 seconds
2016-10-24T04:26:13.403+0800: 2347.426: Total time for which application threads were stopped: 0.0001224 seconds, Stopping threads took: 0.0000172 seconds
2016-10-24T04:26:14.407+0800: 2348.430: Total time for which application threads were stopped: 0.0001400 seconds, Stopping threads took: 0.0000606 seconds
{Heap before GC invocations=124 (full 5):
 par new generation   total 109248K, used 109248K [0x00000007a0000000, 0x00000007a8000000, 0x00000007a8000000)
  eden space 87424K, 100% used [0x00000007a0000000, 0x00000007a5560000, 0x00000007a5560000)
  from space 21824K, 100% used [0x00000007a5560000, 0x00000007a6ab0000, 0x00000007a6ab0000)
  to   space 21824K,   0% used [0x00000007a6ab0000, 0x00000007a6ab0000, 0x00000007a8000000)
 concurrent mark-sweep generation total 393216K, used 180984K [0x00000007a8000000, 0x00000007c0000000, 0x00000007c0000000)
 Metaspace       used 36083K, capacity 36596K, committed 36816K, reserved 1081344K
  class space    used 4128K, capacity 4285K, committed 4348K, reserved 1048576K
2016-10-24T04:26:14.536+0800: 2348.560: [GC (Allocation Failure) 2016-10-24T04:26:14.537+0800: 2348.560: [ParNew
Desired survivor size 20112992 bytes, new threshold 8 (max 8)
- age   1:      55128 bytes,      55128 total
- age   2:    3170904 bytes,    3226032 total
- age   3:    4794456 bytes,    8020488 total
- age   4:    1439872 bytes,    9460360 total
- age   5:    3283632 bytes,   12743992 total
- age   6:    1510592 bytes,   14254584 total
- age   7:    2123408 bytes,   16377992 total
- age   8:    2170328 bytes,   18548320 total
: 109248K->21824K(109248K), 0.0142070 secs] 290232K->203517K(502464K), 0.0142634 secs] [Times: user=0.06 sys=0.00, real=0.02 secs] 
Heap after GC invocations=125 (full 5):
 par new generation   total 109248K, used 21824K [0x00000007a0000000, 0x00000007a8000000, 0x00000007a8000000)
  eden space 87424K,   0% used [0x00000007a0000000, 0x00000007a0000000, 0x00000007a5560000)
  from space 21824K, 100% used [0x00000007a6ab0000, 0x00000007a8000000, 0x00000007a8000000)
  to   space 21824K,   0% used [0x00000007a5560000, 0x00000007a5560000, 0x00000007a6ab0000)
 concurrent mark-sweep generation total 393216K, used 181693K [0x00000007a8000000, 0x00000007c0000000, 0x00000007c0000000)
 Metaspace       used 36083K, capacity 36596K, committed 36816K, reserved 1081344K
  class space    used 4128K, capacity 4285K, committed 4348K, reserved 1048576K
}
2016-10-24T04:26:14.551+0800: 2348.574: Total time for which application threads were stopped: 0.0144531 seconds, Stopping threads took: 0.0000156 seconds
{Heap before GC invocations=125 (full 5):
 par new generation   total 109248K, used 109248K [0x00000007a0000000, 0x00000007a8000000, 0x00000007a8000000)
  eden space 87424K, 100% used [0x00000007a0000000, 0x00000007a5560000, 0x00000007a5560000)
  from space 21824K, 100% used [0x00000007a6ab0000, 0x00000007a8000000, 0x00000007a8000000)
  to   space 21824K,   0% used [0x00000007a5560000, 0x00000007a5560000, 0x00000007a6ab0000)
 concurrent mark-sweep generation total 393216K, used 181693K [0x00000007a8000000, 0x00000007c0000000, 0x00000007c0000000)
 Metaspace       used 36083K, capacity 36596K, committed 36816K, reserved 1081344K
  class space    used 4128K, capacity 4285K, committed 4348K, reserved 1048576K
2016-10-24T04:26:14.660+0800: 2348.683: [GC (Allocation Failure) 2016-10-24T04:26:14.660+0800: 2348.683: [ParNew
Desired survivor size 20112992 bytes, new threshold 8 (max 8)
- age   1:      68984 bytes,      68984 total
- age   2:      29600 bytes,      98584 total
- age   3:    2939184 bytes,    3037768 total
- age   4:    4170504 bytes,    7208272 total
- age   5:    1439688 bytes,    8647960 total
- age   6:    3283632 bytes,   11931592 total
- age   7:    1510512 bytes,   13442104 total
- age   8:    2123408 bytes,   15565512 total
: 109248K->21824K(109248K), 0.0120799 secs] 290941K->206482K(502464K), 0.0121259 secs] [Times: user=0.05 sys=0.01, real=0.01 secs] 
Heap after GC invocations=126 (full 5):
 par new generation   total 109248K, used 21824K [0x00000007a0000000, 0x00000007a8000000, 0x00000007a8000000)
  eden space 87424K,   0% used [0x00000007a0000000, 0x00000007a0000000, 0x00000007a5560000)
  from space 21824K, 100% used [0x00000007a5560000, 0x00000007a6ab0000, 0x00000007a6ab0000)
  to   space 21824K,   0% used [0x00000007a6ab0000, 0x00000007a6ab0000, 0x00000007a8000000)
 concurrent mark-sweep generation total 393216K, used 184658K [0x00000007a8000000, 0x00000007c0000000, 0x00000007c0000000)
 Metaspace       used 36083K, capacity 36596K, committed 36816K, reserved 1081344K
  class space    used 4128K, capacity 4285K, committed 4348K, reserved 1048576K
}
2016-10-24T04:26:14.672+0800: 2348.695: Total time for which application threads were stopped: 0.0123065 seconds, Stopping threads took: 0.0000287 seconds
{Heap before GC invocations=126 (full 5):
 par new generation   total 109248K, used 109248K [0x00000007a0000000, 0x00000007a8000000, 0x00000007a8000000)
  eden space 87424K, 100% used [0x00000007a0000000, 0x00000007a5560000, 0x00000007a5560000)
  from space 21824K, 100% used [0x00000007a5560000, 0x00000007a6ab0000, 0x00000007a6ab0000)
  to   space 21824K,   0% used [0x00000007a6ab0000, 0x00000007a6ab0000, 0x00000007a8000000)
 concurrent mark-sweep generation total 393216K, used 184658K [0x00000007a8000000, 0x00000007c0000000, 0x00000007c0000000)
 Metaspace       used 36084K, capacity 36596K, committed 36816K, reserved 1081344K
  class space    used 4128K, capacity 4285K, committed 4348K, reserved 1048576K
2016-10-24T04:26:14.832+0800: 2348.856: [GC (Allocation Failure) 2016-10-24T04:26:14.832+0800: 2348.856: [ParNew
Desired survivor size 20112992 bytes, new threshold 8 (max 8)
- age   1:     116312 bytes,     116312 total
- age   2:      32632 bytes,     148944 total
- age   3:      29600 bytes,     178544 total
- age   4:    2939184 bytes,    3117728 total
- age   5:    4170504 bytes,    7288232 total
- age   6:    1439688 bytes,    8727920 total
- age   7:    3283632 bytes,   12011552 total
- age   8:    1510512 bytes,   13522064 total
: 109248K->15095K(109248K), 0.0115823 secs] 293906K->201838K(502464K), 0.0116426 secs] [Times: user=0.04 sys=0.01, real=0.01 secs] 
Heap after GC invocations=127 (full 5):
 par new generation   total 109248K, used 15095K [0x00000007a0000000, 0x00000007a8000000, 0x00000007a8000000)
  eden space 87424K,   0% used [0x00000007a0000000, 0x00000007a0000000, 0x00000007a5560000)
  from space 21824K,  69% used [0x00000007a6ab0000, 0x00000007a796dca8, 0x00000007a8000000)
  to   space 21824K,   0% used [0x00000007a5560000, 0x00000007a5560000, 0x00000007a6ab0000)
 concurrent mark-sweep generation total 393216K, used 186743K [0x00000007a8000000, 0x00000007c0000000, 0x00000007c0000000)
 Metaspace       used 36084K, capacity 36596K, committed 36816K, reserved 1081344K
  class space    used 4128K, capacity 4285K, committed 4348K, reserved 1048576K
}
2016-10-24T04:26:14.844+0800: 2348.867: Total time for which application threads were stopped: 0.0118161 seconds, Stopping threads took: 0.0000199 seconds
{Heap before GC invocations=127 (full 5):
 par new generation   total 109248K, used 102519K [0x00000007a0000000, 0x00000007a8000000, 0x00000007a8000000)
  eden space 87424K, 100% used [0x00000007a0000000, 0x00000007a5560000, 0x00000007a5560000)
  from space 21824K,  69% used [0x00000007a6ab0000, 0x00000007a796dca8, 0x00000007a8000000)
  to   space 21824K,   0% used [0x00000007a5560000, 0x00000007a5560000, 0x00000007a6ab0000)
 concurrent mark-sweep generation total 393216K, used 186743K [0x00000007a8000000, 0x00000007c0000000, 0x00000007c0000000)
 Metaspace       used 36084K, capacity 36596K, committed 36816K, reserved 1081344K
  class space    used 4128K, capacity 4285K, committed 4348K, reserved 1048576K
2016-10-24T04:26:14.939+0800: 2348.962: [GC (Allocation Failure) 2016-10-24T04:26:14.939+0800: 2348.962: [ParNew
Desired survivor size 20112992 bytes, new threshold 8 (max 8)
- age   1:      71168 bytes,      71168 total
- age   2:      65152 bytes,     136320 total
- age   3:      32632 bytes,     168952 total
- age   4:      29600 bytes,     198552 total
- age   5:    2939184 bytes,    3137736 total
- age   6:    4170504 bytes,    7308240 total
- age   7:    1439688 bytes,    8747928 total
- age   8:    3283632 bytes,   12031560 total
: 102519K->15352K(109248K), 0.0111648 secs] 289262K->203598K(502464K), 0.0112308 secs] [Times: user=0.04 sys=0.00, real=0.02 secs] 
Heap after GC invocations=128 (full 5):
 par new generation   total 109248K, used 15352K [0x00000007a0000000, 0x00000007a8000000, 0x00000007a8000000)
  eden space 87424K,   0% used [0x00000007a0000000, 0x00000007a0000000, 0x00000007a5560000)
  from space 21824K,  70% used [0x00000007a5560000, 0x00000007a645e090, 0x00000007a6ab0000)
  to   space 21824K,   0% used [0x00000007a6ab0000, 0x00000007a6ab0000, 0x00000007a8000000)
 concurrent mark-sweep generation total 393216K, used 188246K [0x00000007a8000000, 0x00000007c0000000, 0x00000007c0000000)
 Metaspace       used 36084K, capacity 36596K, committed 36816K, reserved 1081344K
  class space    used 4128K, capacity 4285K, committed 4348K, reserved 1048576K
}
2016-10-24T04:26:14.950+0800: 2348.973: Total time for which application threads were stopped: 0.0114175 seconds, Stopping threads took: 0.0000293 seconds
{Heap before GC invocations=128 (full 5):
 par new generation   total 109248K, used 102776K [0x00000007a0000000, 0x00000007a8000000, 0x00000007a8000000)
  eden space 87424K, 100% used [0x00000007a0000000, 0x00000007a5560000, 0x00000007a5560000)
  from space 21824K,  70% used [0x00000007a5560000, 0x00000007a645e090, 0x00000007a6ab0000)
  to   space 21824K,   0% used [0x00000007a6ab0000, 0x00000007a6ab0000, 0x00000007a8000000)
 concurrent mark-sweep generation total 393216K, used 188246K [0x00000007a8000000, 0x00000007c0000000, 0x00000007c0000000)
 Metaspace       used 36084K, capacity 36596K, committed 36816K, reserved 1081344K
  class space    used 4128K, capacity 4285K, committed 4348K, reserved 1048576K
2016-10-24T04:26:15.070+0800: 2349.093: [GC (Allocation Failure) 2016-10-24T04:26:15.070+0800: 2349.094: [ParNew
Desired survivor size 20112992 bytes, new threshold 8 (max 8)
- age   1:     329088 bytes,     329088 total
- age   3:       3608 bytes,     332696 total
- age   4:      32632 bytes,     365328 total
- age   5:      29600 bytes,     394928 total
- age   6:    2939184 bytes,    3334112 total
- age   7:    4170504 bytes,    7504616 total
- age   8:    1439688 bytes,    8944304 total
: 102776K->12840K(109248K), 0.0132827 secs] 291022K->204318K(502464K), 0.0133454 secs] [Times: user=0.04 sys=0.01, real=0.01 secs] 
Heap after GC invocations=129 (full 5):
 par new generation   total 109248K, used 12840K [0x00000007a0000000, 0x00000007a8000000, 0x00000007a8000000)
  eden space 87424K,   0% used [0x00000007a0000000, 0x00000007a0000000, 0x00000007a5560000)
  from space 21824K,  58% used [0x00000007a6ab0000, 0x00000007a773a0b8, 0x00000007a8000000)
  to   space 21824K,   0% used [0x00000007a5560000, 0x00000007a5560000, 0x00000007a6ab0000)
 concurrent mark-sweep generation total 393216K, used 191478K [0x00000007a8000000, 0x00000007c0000000, 0x00000007c0000000)
 Metaspace       used 36084K, capacity 36596K, committed 36816K, reserved 1081344K
  class space    used 4128K, capacity 4285K, committed 4348K, reserved 1048576K
}
2016-10-24T04:26:15.084+0800: 2349.107: Total time for which application threads were stopped: 0.0135221 seconds, Stopping threads took: 0.0000198 seconds
{Heap before GC invocations=129 (full 5):
 par new generation   total 109248K, used 100264K [0x00000007a0000000, 0x00000007a8000000, 0x00000007a8000000)
  eden space 87424K, 100% used [0x00000007a0000000, 0x00000007a5560000, 0x00000007a5560000)
  from space 21824K,  58% used [0x00000007a6ab0000, 0x00000007a773a0b8, 0x00000007a8000000)
  to   space 21824K,   0% used [0x00000007a5560000, 0x00000007a5560000, 0x00000007a6ab0000)
 concurrent mark-sweep generation total 393216K, used 191478K [0x00000007a8000000, 0x00000007c0000000, 0x00000007c0000000)
 Metaspace       used 36084K, capacity 36596K, committed 36816K, reserved 1081344K
  class space    used 4128K, capacity 4285K, committed 4348K, reserved 1048576K
2016-10-24T04:26:15.169+0800: 2349.192: [GC (Allocation Failure) 2016-10-24T04:26:15.169+0800: 2349.192: [ParNew
Desired survivor size 20112992 bytes, new threshold 8 (max 8)
- age   1:      87136 bytes,      87136 total
- age   2:      92848 bytes,     179984 total
- age   4:       3608 bytes,     183592 total
- age   5:      32632 bytes,     216224 total
- age   6:      29600 bytes,     245824 total
- age   7:    2939184 bytes,    3185008 total
- age   8:    4170504 bytes,    7355512 total
: 100264K->9125K(109248K), 0.0101346 secs] 291742K->202054K(502464K), 0.0101870 secs] [Times: user=0.03 sys=0.00, real=0.01 secs] 
Heap after GC invocations=130 (full 5):
 par new generation   total 109248K, used 9125K [0x00000007a0000000, 0x00000007a8000000, 0x00000007a8000000)
  eden space 87424K,   0% used [0x00000007a0000000, 0x00000007a0000000, 0x00000007a5560000)
  from space 21824K,  41% used [0x00000007a5560000, 0x00000007a5e496e8, 0x00000007a6ab0000)
  to   space 21824K,   0% used [0x00000007a6ab0000, 0x00000007a6ab0000, 0x00000007a8000000)
 concurrent mark-sweep generation total 393216K, used 192928K [0x00000007a8000000, 0x00000007c0000000, 0x00000007c0000000)
 Metaspace       used 36084K, capacity 36596K, committed 36816K, reserved 1081344K
  class space    used 4128K, capacity 4285K, committed 4348K, reserved 1048576K
}
2016-10-24T04:26:15.179+0800: 2349.202: Total time for which application threads were stopped: 0.0103780 seconds, Stopping threads took: 0.0000321 seconds
{Heap before GC invocations=130 (full 5):
 par new generation   total 109248K, used 96549K [0x00000007a0000000, 0x00000007a8000000, 0x00000007a8000000)
  eden space 87424K, 100% used [0x00000007a0000000, 0x00000007a5560000, 0x00000007a5560000)
  from space 21824K,  41% used [0x00000007a5560000, 0x00000007a5e496e8, 0x00000007a6ab0000)
  to   space 21824K,   0% used [0x00000007a6ab0000, 0x00000007a6ab0000, 0x00000007a8000000)
 concurrent mark-sweep generation total 393216K, used 192928K [0x00000007a8000000, 0x00000007c0000000, 0x00000007c0000000)
 Metaspace       used 36084K, capacity 36596K, committed 36816K, reserved 1081344K
  class space    used 4128K, capacity 4285K, committed 4348K, reserved 1048576K
2016-10-24T04:26:15.305+0800: 2349.328: [GC (Allocation Failure) 2016-10-24T04:26:15.305+0800: 2349.328: [ParNew
Desired survivor size 20112992 bytes, new threshold 8 (max 8)
- age   1:      40696 bytes,      40696 total
- age   3:        224 bytes,      40920 total
- age   5:       3608 bytes,      44528 total
- age   6:      32632 bytes,      77160 total
- age   7:      29600 bytes,     106760 total
- age   8:    2939184 bytes,    3045944 total
: 96549K->4679K(109248K), 0.0108687 secs] 289478K->201742K(502464K), 0.0109175 secs] [Times: user=0.03 sys=0.01, real=0.01 secs] 
Heap after GC invocations=131 (full 5):
 par new generation   total 109248K, used 4679K [0x00000007a0000000, 0x00000007a8000000, 0x00000007a8000000)
  eden space 87424K,   0% used [0x00000007a0000000, 0x00000007a0000000, 0x00000007a5560000)
  from space 21824K,  21% used [0x00000007a6ab0000, 0x00000007a6f41fe0, 0x00000007a8000000)
  to   space 21824K,   0% used [0x00000007a5560000, 0x00000007a5560000, 0x00000007a6ab0000)
 concurrent mark-sweep generation total 393216K, used 197062K [0x00000007a8000000, 0x00000007c0000000, 0x00000007c0000000)
 Metaspace       used 36084K, capacity 36596K, committed 36816K, reserved 1081344K
  class space    used 4128K, capacity 4285K, committed 4348K, reserved 1048576K
}
2016-10-24T04:26:15.316+0800: 2349.339: Total time for which application threads were stopped: 0.0110856 seconds, Stopping threads took: 0.0000178 seconds
2016-10-24T04:26:15.316+0800: 2349.340: [GC (CMS Initial Mark) [1 CMS-initial-mark: 197062K(393216K)] 203441K(502464K), 0.0009910 secs] [Times: user=0.00 sys=0.00, real=0.00 secs] 
2016-10-24T04:26:15.317+0800: 2349.341: Total time for which application threads were stopped: 0.0011550 seconds, Stopping threads took: 0.0000701 seconds
2016-10-24T04:26:15.317+0800: 2349.341: [CMS-concurrent-mark-start]
2016-10-24T04:26:15.347+0800: 2349.370: [CMS-concurrent-mark: 0.029/0.029 secs] [Times: user=0.14 sys=0.00, real=0.03 secs] 
2016-10-24T04:26:15.347+0800: 2349.370: [CMS-concurrent-preclean-start]
2016-10-24T04:26:15.348+0800: 2349.372: [CMS-concurrent-preclean: 0.002/0.002 secs] [Times: user=0.01 sys=0.00, real=0.00 secs] 
2016-10-24T04:26:15.348+0800: 2349.372: [CMS-concurrent-abortable-preclean-start]
2016-10-24T04:26:15.351+0800: 2349.374: Total time for which application threads were stopped: 0.0001184 seconds, Stopping threads took: 0.0000180 seconds
2016-10-24T04:26:15.414+0800: 2349.437: Total time for which application threads were stopped: 0.0001103 seconds, Stopping threads took: 0.0000263 seconds
2016-10-24T04:26:15.433+0800: 2349.456: Total time for which application threads were stopped: 0.0001530 seconds, Stopping threads took: 0.0000668 seconds
2016-10-24T04:26:15.433+0800: 2349.456: Total time for which application threads were stopped: 0.0000669 seconds, Stopping threads took: 0.0000261 seconds
2016-10-24T04:26:15.433+0800: 2349.457: Total time for which application threads were stopped: 0.0000622 seconds, Stopping threads took: 0.0000240 seconds
2016-10-24T04:26:15.433+0800: 2349.457: Total time for which application threads were stopped: 0.0001023 seconds, Stopping threads took: 0.0000601 seconds
2016-10-24T04:26:15.434+0800: 2349.458: Total time for which application threads were stopped: 0.0000789 seconds, Stopping threads took: 0.0000098 seconds
2016-10-24T04:26:15.434+0800: 2349.458: Total time for which application threads were stopped: 0.0000605 seconds, Stopping threads took: 0.0000206 seconds
 CMS: abort preclean due to time 2016-10-24T04:26:21.361+0800: 2355.384: [CMS-concurrent-abortable-preclean: 0.938/6.013 secs] [Times: user=1.22 sys=0.03, real=6.02 secs] 
2016-10-24T04:26:21.361+0800: 2355.384: [GC (CMS Final Remark) [YG occupancy: 37217 K (109248 K)]{Heap before GC invocations=131 (full 6):
 par new generation   total 109248K, used 37217K [0x00000007a0000000, 0x00000007a8000000, 0x00000007a8000000)
  eden space 87424K,  37% used [0x00000007a0000000, 0x00000007a1fc64b8, 0x00000007a5560000)
  from space 21824K,  21% used [0x00000007a6ab0000, 0x00000007a6f41fe0, 0x00000007a8000000)
  to   space 21824K,   0% used [0x00000007a5560000, 0x00000007a5560000, 0x00000007a6ab0000)
 concurrent mark-sweep generation total 393216K, used 197062K [0x00000007a8000000, 0x00000007c0000000, 0x00000007c0000000)
 Metaspace       used 36092K, capacity 36600K, committed 36816K, reserved 1081344K
  class space    used 4128K, capacity 4285K, committed 4348K, reserved 1048576K
2016-10-24T04:26:21.361+0800: 2355.384: [GC (CMS Final Remark) 2016-10-24T04:26:21.361+0800: 2355.384: [ParNew
Desired survivor size 20112992 bytes, new threshold 8 (max 8)
- age   1:     360424 bytes,     360424 total
- age   2:       1080 bytes,     361504 total
- age   4:        224 bytes,     361728 total
- age   6:       3608 bytes,     365336 total
- age   7:      32632 bytes,     397968 total
- age   8:      29240 bytes,     427208 total
: 37217K->1526K(109248K), 0.0088644 secs] 234279K->201408K(502464K), 0.0089235 secs] [Times: user=0.02 sys=0.00, real=0.01 secs] 
Heap after GC invocations=132 (full 6):
 par new generation   total 109248K, used 1526K [0x00000007a0000000, 0x00000007a8000000, 0x00000007a8000000)
  eden space 87424K,   0% used [0x00000007a0000000, 0x00000007a0000000, 0x00000007a5560000)
  from space 21824K,   6% used [0x00000007a5560000, 0x00000007a56dd8b0, 0x00000007a6ab0000)
  to   space 21824K,   0% used [0x00000007a6ab0000, 0x00000007a6ab0000, 0x00000007a8000000)
 concurrent mark-sweep generation total 393216K, used 199882K [0x00000007a8000000, 0x00000007c0000000, 0x00000007c0000000)
 Metaspace       used 36092K, capacity 36600K, committed 36816K, reserved 1081344K
  class space    used 4128K, capacity 4285K, committed 4348K, reserved 1048576K
}
2016-10-24T04:26:21.370+0800: 2355.393: [Rescan (parallel) , 0.0033953 secs]2016-10-24T04:26:21.373+0800: 2355.397: [weak refs processing, 0.0008270 secs]2016-10-24T04:26:21.374+0800: 2355.398: [class unloading, 0.0072562 secs]2016-10-24T04:26:21.381+0800: 2355.405: [scrub symbol table, 0.0046523 secs]2016-10-24T04:26:21.386+0800: 2355.410: [scrub string table, 0.0004653 secs][1 CMS-remark: 199882K(393216K)] 201408K(502464K), 0.0257987 secs] [Times: user=0.05 sys=0.00, real=0.02 secs] 
2016-10-24T04:26:21.387+0800: 2355.410: Total time for which application threads were stopped: 0.0259212 seconds, Stopping threads took: 0.0000295 seconds
2016-10-24T04:26:21.387+0800: 2355.410: [CMS-concurrent-sweep-start]
2016-10-24T04:26:21.417+0800: 2355.441: [CMS-concurrent-sweep: 0.031/0.031 secs] [Times: user=0.03 sys=0.00, real=0.03 secs] 
2016-10-24T04:26:21.418+0800: 2355.441: [CMS-concurrent-reset-start]
2016-10-24T04:26:21.418+0800: 2355.441: [CMS-concurrent-reset: 0.000/0.000 secs] [Times: user=0.00 sys=0.00, real=0.00 secs] 
2016-10-24T04:26:37.423+0800: 2371.447: Total time for which application threads were stopped: 0.0001384 seconds, Stopping threads took: 0.0000363 seconds
2016-10-24T04:27:02.917+0800: 2396.942: Total time for which application threads were stopped: 0.0002592 seconds, Stopping threads took: 0.0000736 seconds
2016-10-24T04:27:02.924+0800: 2396.949: Total time for which application threads were stopped: 0.0001268 seconds, Stopping threads took: 0.0000290 seconds
2016-10-24T04:27:02.925+0800: 2396.949: Total time for which application threads were stopped: 0.0000932 seconds, Stopping threads took: 0.0000128 seconds
2016-10-24T04:27:02.930+0800: 2396.954: Total time for which application threads were stopped: 0.0001180 seconds, Stopping threads took: 0.0000213 seconds
2016-10-24T04:27:02.930+0800: 2396.954: Total time for which application threads were stopped: 0.0000844 seconds, Stopping threads took: 0.0000276 seconds
2016-10-24T04:27:36.009+0800: 2430.035: Total time for which application threads were stopped: 0.0002355 seconds, Stopping threads took: 0.0000541 seconds
2016-10-24T04:27:39.231+0800: 2433.256: Total time for which application threads were stopped: 0.0001223 seconds, Stopping threads took: 0.0000231 seconds
2016-10-24T04:28:02.934+0800: 2456.960: Total time for which application threads were stopped: 0.0001581 seconds, Stopping threads took: 0.0000558 seconds
{Heap before GC invocations=132 (full 6):
 par new generation   total 109248K, used 88933K [0x00000007a0000000, 0x00000007a8000000, 0x00000007a8000000)
  eden space 87424K,  99% used [0x00000007a0000000, 0x00000007a555bca0, 0x00000007a5560000)
  from space 21824K,   6% used [0x00000007a5560000, 0x00000007a56dd8b0, 0x00000007a6ab0000)
  to   space 21824K,   0% used [0x00000007a6ab0000, 0x00000007a6ab0000, 0x00000007a8000000)
 concurrent mark-sweep generation total 393216K, used 125649K [0x00000007a8000000, 0x00000007c0000000, 0x00000007c0000000)
 Metaspace       used 36104K, capacity 36696K, committed 37072K, reserved 1081344K
  class space    used 4129K, capacity 4317K, committed 4348K, reserved 1048576K
2016-10-24T04:29:00.541+0800: 2514.569: [GC (Allocation Failure) 2016-10-24T04:29:00.541+0800: 2514.569: [ParNew
Desired survivor size 20112992 bytes, new threshold 8 (max 8)
- age   1:    7438312 bytes,    7438312 total
- age   2:     359584 bytes,    7797896 total
- age   3:       1080 bytes,    7798976 total
- age   5:        224 bytes,    7799200 total
- age   7:       3608 bytes,    7802808 total
- age   8:      10440 bytes,    7813248 total
: 88933K->7820K(109248K), 0.0039528 secs] 214583K->133485K(502464K), 0.0040208 secs] [Times: user=0.01 sys=0.00, real=0.00 secs] 
Heap after GC invocations=133 (full 6):
 par new generation   total 109248K, used 7820K [0x00000007a0000000, 0x00000007a8000000, 0x00000007a8000000)
  eden space 87424K,   0% used [0x00000007a0000000, 0x00000007a0000000, 0x00000007a5560000)
  from space 21824K,  35% used [0x00000007a6ab0000, 0x00000007a72530b8, 0x00000007a8000000)
  to   space 21824K,   0% used [0x00000007a5560000, 0x00000007a5560000, 0x00000007a6ab0000)
 concurrent mark-sweep generation total 393216K, used 125664K [0x00000007a8000000, 0x00000007c0000000, 0x00000007c0000000)
 Metaspace       used 36104K, capacity 36696K, committed 37072K, reserved 1081344K
  class space    used 4129K, capacity 4317K, committed 4348K, reserved 1048576K
}
2016-10-24T04:29:00.545+0800: 2514.573: Total time for which application threads were stopped: 0.0042132 seconds, Stopping threads took: 0.0000302 seconds
{Heap before GC invocations=133 (full 6):
 par new generation   total 109248K, used 95244K [0x00000007a0000000, 0x00000007a8000000, 0x00000007a8000000)
  eden space 87424K, 100% used [0x00000007a0000000, 0x00000007a5560000, 0x00000007a5560000)
  from space 21824K,  35% used [0x00000007a6ab0000, 0x00000007a72530b8, 0x00000007a8000000)
  to   space 21824K,   0% used [0x00000007a5560000, 0x00000007a5560000, 0x00000007a6ab0000)
 concurrent mark-sweep generation total 393216K, used 125664K [0x00000007a8000000, 0x00000007c0000000, 0x00000007c0000000)
 Metaspace       used 36104K, capacity 36696K, committed 37072K, reserved 1081344K
  class space    used 4129K, capacity 4317K, committed 4348K, reserved 1048576K
2016-10-24T04:29:00.801+0800: 2514.828: [GC (Allocation Failure) 2016-10-24T04:29:00.801+0800: 2514.828: [ParNew
Desired survivor size 20112992 bytes, new threshold 8 (max 8)
- age   1:    9848064 bytes,    9848064 total
- age   2:    4527232 bytes,   14375296 total
- age   3:     359584 bytes,   14734880 total
- age   4:       1080 bytes,   14735960 total
- age   6:        224 bytes,   14736184 total
- age   8:       3608 bytes,   14739792 total
: 95244K->15886K(109248K), 0.0055219 secs] 220909K->141561K(502464K), 0.0055857 secs] [Times: user=0.02 sys=0.00, real=0.00 secs] 
Heap after GC invocations=134 (full 6):
 par new generation   total 109248K, used 15886K [0x00000007a0000000, 0x00000007a8000000, 0x00000007a8000000)
  eden space 87424K,   0% used [0x00000007a0000000, 0x00000007a0000000, 0x00000007a5560000)
  from space 21824K,  72% used [0x00000007a5560000, 0x00000007a64e39a0, 0x00000007a6ab0000)
  to   space 21824K,   0% used [0x00000007a6ab0000, 0x00000007a6ab0000, 0x00000007a8000000)
 concurrent mark-sweep generation total 393216K, used 125675K [0x00000007a8000000, 0x00000007c0000000, 0x00000007c0000000)
 Metaspace       used 36104K, capacity 36696K, committed 37072K, reserved 1081344K
  class space    used 4129K, capacity 4317K, committed 4348K, reserved 1048576K
}
2016-10-24T04:29:00.806+0800: 2514.834: Total time for which application threads were stopped: 0.0057749 seconds, Stopping threads took: 0.0000218 seconds
{Heap before GC invocations=134 (full 6):
 par new generation   total 109248K, used 102984K [0x00000007a0000000, 0x00000007a8000000, 0x00000007a8000000)
  eden space 87424K,  99% used [0x00000007a0000000, 0x00000007a550e710, 0x00000007a5560000)
  from space 21824K,  72% used [0x00000007a5560000, 0x00000007a64e39a0, 0x00000007a6ab0000)
  to   space 21824K,   0% used [0x00000007a6ab0000, 0x00000007a6ab0000, 0x00000007a8000000)
 concurrent mark-sweep generation total 393216K, used 125675K [0x00000007a8000000, 0x00000007c0000000, 0x00000007c0000000)
 Metaspace       used 36104K, capacity 36696K, committed 37072K, reserved 1081344K
  class space    used 4129K, capacity 4317K, committed 4348K, reserved 1048576K
2016-10-24T04:29:01.057+0800: 2515.084: [GC (Allocation Failure) 2016-10-24T04:29:01.057+0800: 2515.084: [ParNew
Desired survivor size 20112992 bytes, new threshold 8 (max 8)
- age   1:   10784736 bytes,   10784736 total
- age   2:    4428752 bytes,   15213488 total
- age   3:    4332488 bytes,   19545976 total
- age   4:     359568 bytes,   19905544 total
- age   5:       1080 bytes,   19906624 total
- age   7:        224 bytes,   19906848 total
: 102984K->21824K(109248K), 0.0069611 secs] 228659K->150336K(502464K), 0.0070241 secs] [Times: user=0.02 sys=0.00, real=0.01 secs] 
Heap after GC invocations=135 (full 6):
 par new generation   total 109248K, used 21824K [0x00000007a0000000, 0x00000007a8000000, 0x00000007a8000000)
  eden space 87424K,   0% used [0x00000007a0000000, 0x00000007a0000000, 0x00000007a5560000)
  from space 21824K, 100% used [0x00000007a6ab0000, 0x00000007a8000000, 0x00000007a8000000)
  to   space 21824K,   0% used [0x00000007a5560000, 0x00000007a5560000, 0x00000007a6ab0000)
 concurrent mark-sweep generation total 393216K, used 128512K [0x00000007a8000000, 0x00000007c0000000, 0x00000007c0000000)
 Metaspace       used 36104K, capacity 36696K, committed 37072K, reserved 1081344K
  class space    used 4129K, capacity 4317K, committed 4348K, reserved 1048576K
}
2016-10-24T04:29:01.064+0800: 2515.091: Total time for which application threads were stopped: 0.0072107 seconds, Stopping threads took: 0.0000326 seconds
{Heap before GC invocations=135 (full 6):
 par new generation   total 109248K, used 109248K [0x00000007a0000000, 0x00000007a8000000, 0x00000007a8000000)
  eden space 87424K, 100% used [0x00000007a0000000, 0x00000007a5560000, 0x00000007a5560000)
  from space 21824K, 100% used [0x00000007a6ab0000, 0x00000007a8000000, 0x00000007a8000000)
  to   space 21824K,   0% used [0x00000007a5560000, 0x00000007a5560000, 0x00000007a6ab0000)
 concurrent mark-sweep generation total 393216K, used 128512K [0x00000007a8000000, 0x00000007c0000000, 0x00000007c0000000)
 Metaspace       used 36104K, capacity 36696K, committed 37072K, reserved 1081344K
  class space    used 4129K, capacity 4317K, committed 4348K, reserved 1048576K
2016-10-24T04:29:01.333+0800: 2515.361: [GC (Allocation Failure) 2016-10-24T04:29:01.333+0800: 2515.361: [ParNew
Desired survivor size 20112992 bytes, new threshold 8 (max 8)
- age   1:    6009608 bytes,    6009608 total
- age   2:    3963160 bytes,    9972768 total
- age   3:    3746776 bytes,   13719544 total
- age   4:    3962288 bytes,   17681832 total
- age   5:     358168 bytes,   18040000 total
- age   6:       1080 bytes,   18041080 total
- age   8:        224 bytes,   18041304 total
: 109248K->21824K(109248K), 0.0083555 secs] 237760K->157575K(502464K), 0.0084126 secs] [Times: user=0.03 sys=0.00, real=0.01 secs] 
Heap after GC invocations=136 (full 6):
 par new generation   total 109248K, used 21824K [0x00000007a0000000, 0x00000007a8000000, 0x00000007a8000000)
  eden space 87424K,   0% used [0x00000007a0000000, 0x00000007a0000000, 0x00000007a5560000)
  from space 21824K, 100% used [0x00000007a5560000, 0x00000007a6ab0000, 0x00000007a6ab0000)
  to   space 21824K,   0% used [0x00000007a6ab0000, 0x00000007a6ab0000, 0x00000007a8000000)
 concurrent mark-sweep generation total 393216K, used 135751K [0x00000007a8000000, 0x00000007c0000000, 0x00000007c0000000)
 Metaspace       used 36104K, capacity 36696K, committed 37072K, reserved 1081344K
  class space    used 4129K, capacity 4317K, committed 4348K, reserved 1048576K
}
2016-10-24T04:29:01.341+0800: 2515.369: Total time for which application threads were stopped: 0.0085919 seconds, Stopping threads took: 0.0000305 seconds
{Heap before GC invocations=136 (full 6):
 par new generation   total 109248K, used 109248K [0x00000007a0000000, 0x00000007a8000000, 0x00000007a8000000)
  eden space 87424K, 100% used [0x00000007a0000000, 0x00000007a5560000, 0x00000007a5560000)
  from space 21824K, 100% used [0x00000007a5560000, 0x00000007a6ab0000, 0x00000007a6ab0000)
  to   space 21824K,   0% used [0x00000007a6ab0000, 0x00000007a6ab0000, 0x00000007a8000000)
 concurrent mark-sweep generation total 393216K, used 135751K [0x00000007a8000000, 0x00000007c0000000, 0x00000007c0000000)
 Metaspace       used 36104K, capacity 36696K, committed 37072K, reserved 1081344K
  class space    used 4129K, capacity 4317K, committed 4348K, reserved 1048576K
2016-10-24T04:29:01.611+0800: 2515.639: [GC (Allocation Failure) 2016-10-24T04:29:01.611+0800: 2515.639: [ParNew
Desired survivor size 20112992 bytes, new threshold 6 (max 8)
- age   1:    9707976 bytes,    9707976 total
- age   2:    2953040 bytes,   12661016 total
- age   3:    2481920 bytes,   15142936 total
- age   4:    2109776 bytes,   17252712 total
- age   5:    2852272 bytes,   20104984 total
- age   6:     351776 bytes,   20456760 total
- age   7:       1080 bytes,   20457840 total
: 109248K->21824K(109248K), 0.0087686 secs] 244999K->165424K(502464K), 0.0088424 secs] [Times: user=0.03 sys=0.00, real=0.01 secs] 
Heap after GC invocations=137 (full 6):
 par new generation   total 109248K, used 21824K [0x00000007a0000000, 0x00000007a8000000, 0x00000007a8000000)
  eden space 87424K,   0% used [0x00000007a0000000, 0x00000007a0000000, 0x00000007a5560000)
  from space 21824K, 100% used [0x00000007a6ab0000, 0x00000007a8000000, 0x00000007a8000000)
  to   space 21824K,   0% used [0x00000007a5560000, 0x00000007a5560000, 0x00000007a6ab0000)
 concurrent mark-sweep generation total 393216K, used 143600K [0x00000007a8000000, 0x00000007c0000000, 0x00000007c0000000)
 Metaspace       used 36104K, capacity 36696K, committed 37072K, reserved 1081344K
  class space    used 4129K, capacity 4317K, committed 4348K, reserved 1048576K
}
2016-10-24T04:29:01.620+0800: 2515.648: Total time for which application threads were stopped: 0.0090210 seconds, Stopping threads took: 0.0000242 seconds
{Heap before GC invocations=137 (full 6):
 par new generation   total 109248K, used 109248K [0x00000007a0000000, 0x00000007a8000000, 0x00000007a8000000)
  eden space 87424K, 100% used [0x00000007a0000000, 0x00000007a5560000, 0x00000007a5560000)
  from space 21824K, 100% used [0x00000007a6ab0000, 0x00000007a8000000, 0x00000007a8000000)
  to   space 21824K,   0% used [0x00000007a5560000, 0x00000007a5560000, 0x00000007a6ab0000)
 concurrent mark-sweep generation total 393216K, used 143600K [0x00000007a8000000, 0x00000007c0000000, 0x00000007c0000000)
 Metaspace       used 36104K, capacity 36696K, committed 37072K, reserved 1081344K
  class space    used 4129K, capacity 4317K, committed 4348K, reserved 1048576K
2016-10-24T04:29:01.885+0800: 2515.913: [GC (Allocation Failure) 2016-10-24T04:29:01.885+0800: 2515.913: [ParNew
Desired survivor size 20112992 bytes, new threshold 8 (max 8)
- age   1:    7998088 bytes,    7998088 total
- age   2:    2664544 bytes,   10662632 total
- age   3:    2785528 bytes,   13448160 total
- age   4:    1910832 bytes,   15358992 total
- age   5:    1938784 bytes,   17297776 total
- age   6:    2529912 bytes,   19827688 total
: 109248K->21824K(109248K), 0.0114482 secs] 252848K->176479K(502464K), 0.0115109 secs] [Times: user=0.04 sys=0.00, real=0.01 secs] 
Heap after GC invocations=138 (full 6):
 par new generation   total 109248K, used 21824K [0x00000007a0000000, 0x00000007a8000000, 0x00000007a8000000)
  eden space 87424K,   0% used [0x00000007a0000000, 0x00000007a0000000, 0x00000007a5560000)
  from space 21824K, 100% used [0x00000007a5560000, 0x00000007a6ab0000, 0x00000007a6ab0000)
  to   space 21824K,   0% used [0x00000007a6ab0000, 0x00000007a6ab0000, 0x00000007a8000000)
 concurrent mark-sweep generation total 393216K, used 154655K [0x00000007a8000000, 0x00000007c0000000, 0x00000007c0000000)
 Metaspace       used 36104K, capacity 36696K, committed 37072K, reserved 1081344K
  class space    used 4129K, capacity 4317K, committed 4348K, reserved 1048576K
}
2016-10-24T04:29:01.897+0800: 2515.924: Total time for which application threads were stopped: 0.0117028 seconds, Stopping threads took: 0.0000306 seconds
{Heap before GC invocations=138 (full 6):
 par new generation   total 109248K, used 109248K [0x00000007a0000000, 0x00000007a8000000, 0x00000007a8000000)
  eden space 87424K, 100% used [0x00000007a0000000, 0x00000007a5560000, 0x00000007a5560000)
  from space 21824K, 100% used [0x00000007a5560000, 0x00000007a6ab0000, 0x00000007a6ab0000)
  to   space 21824K,   0% used [0x00000007a6ab0000, 0x00000007a6ab0000, 0x00000007a8000000)
 concurrent mark-sweep generation total 393216K, used 154655K [0x00000007a8000000, 0x00000007c0000000, 0x00000007c0000000)
 Metaspace       used 36104K, capacity 36696K, committed 37072K, reserved 1081344K
  class space    used 4129K, capacity 4317K, committed 4348K, reserved 1048576K
2016-10-24T04:29:02.176+0800: 2516.203: [GC (Allocation Failure) 2016-10-24T04:29:02.176+0800: 2516.203: [ParNew
Desired survivor size 20112992 bytes, new threshold 8 (max 8)
- age   1:    4668056 bytes,    4668056 total
- age   2:    2655984 bytes,    7324040 total
- age   3:    2379200 bytes,    9703240 total
- age   4:    2314536 bytes,   12017776 total
- age   5:    1789752 bytes,   13807528 total
- age   6:    1803616 bytes,   15611144 total
- age   7:    1866512 bytes,   17477656 total
: 109248K->21824K(109248K), 0.0111368 secs] 263903K->188181K(502464K), 0.0112045 secs] [Times: user=0.04 sys=0.00, real=0.01 secs] 
Heap after GC invocations=139 (full 6):
 par new generation   total 109248K, used 21824K [0x00000007a0000000, 0x00000007a8000000, 0x00000007a8000000)
  eden space 87424K,   0% used [0x00000007a0000000, 0x00000007a0000000, 0x00000007a5560000)
  from space 21824K, 100% used [0x00000007a6ab0000, 0x00000007a8000000, 0x00000007a8000000)
  to   space 21824K,   0% used [0x00000007a5560000, 0x00000007a5560000, 0x00000007a6ab0000)
 concurrent mark-sweep generation total 393216K, used 166357K [0x00000007a8000000, 0x00000007c0000000, 0x00000007c0000000)
 Metaspace       used 36104K, capacity 36696K, committed 37072K, reserved 1081344K
  class space    used 4129K, capacity 4317K, committed 4348K, reserved 1048576K
}
2016-10-24T04:29:02.187+0800: 2516.215: Total time for which application threads were stopped: 0.0113965 seconds, Stopping threads took: 0.0000319 seconds
{Heap before GC invocations=139 (full 6):
 par new generation   total 109248K, used 109248K [0x00000007a0000000, 0x00000007a8000000, 0x00000007a8000000)
  eden space 87424K, 100% used [0x00000007a0000000, 0x00000007a5560000, 0x00000007a5560000)
  from space 21824K, 100% used [0x00000007a6ab0000, 0x00000007a8000000, 0x00000007a8000000)
  to   space 21824K,   0% used [0x00000007a5560000, 0x00000007a5560000, 0x00000007a6ab0000)
 concurrent mark-sweep generation total 393216K, used 166357K [0x00000007a8000000, 0x00000007c0000000, 0x00000007c0000000)
 Metaspace       used 36104K, capacity 36696K, committed 37072K, reserved 1081344K
  class space    used 4129K, capacity 4317K, committed 4348K, reserved 1048576K
2016-10-24T04:29:02.472+0800: 2516.500: [GC (Allocation Failure) 2016-10-24T04:29:02.472+0800: 2516.500: [ParNew
Desired survivor size 20112992 bytes, new threshold 7 (max 8)
- age   1:   12640608 bytes,   12640608 total
- age   2:    1716144 bytes,   14356752 total
- age   3:    1843736 bytes,   16200488 total
- age   4:    1296832 bytes,   17497320 total
- age   5:    1181976 bytes,   18679296 total
- age   6:    1152544 bytes,   19831840 total
- age   7:    1178360 bytes,   21010200 total
- age   8:    1317000 bytes,   22327200 total
: 109248K->21824K(109248K), 0.0185034 secs] 275605K->199012K(502464K), 0.0185731 secs] [Times: user=0.07 sys=0.00, real=0.02 secs] 
Heap after GC invocations=140 (full 6):
 par new generation   total 109248K, used 21824K [0x00000007a0000000, 0x00000007a8000000, 0x00000007a8000000)
  eden space 87424K,   0% used [0x00000007a0000000, 0x00000007a0000000, 0x00000007a5560000)
  from space 21824K, 100% used [0x00000007a5560000, 0x00000007a6ab0000, 0x00000007a6ab0000)
  to   space 21824K,   0% used [0x00000007a6ab0000, 0x00000007a6ab0000, 0x00000007a8000000)
 concurrent mark-sweep generation total 393216K, used 177188K [0x00000007a8000000, 0x00000007c0000000, 0x00000007c0000000)
 Metaspace       used 36104K, capacity 36696K, committed 37072K, reserved 1081344K
  class space    used 4129K, capacity 4317K, committed 4348K, reserved 1048576K
}
2016-10-24T04:29:02.491+0800: 2516.518: Total time for which application threads were stopped: 0.0187717 seconds, Stopping threads took: 0.0000306 seconds
{Heap before GC invocations=140 (full 6):
 par new generation   total 109248K, used 109248K [0x00000007a0000000, 0x00000007a8000000, 0x00000007a8000000)
  eden space 87424K, 100% used [0x00000007a0000000, 0x00000007a5560000, 0x00000007a5560000)
  from space 21824K, 100% used [0x00000007a5560000, 0x00000007a6ab0000, 0x00000007a6ab0000)
  to   space 21824K,   0% used [0x00000007a6ab0000, 0x00000007a6ab0000, 0x00000007a8000000)
 concurrent mark-sweep generation total 393216K, used 177188K [0x00000007a8000000, 0x00000007c0000000, 0x00000007c0000000)
 Metaspace       used 36104K, capacity 36696K, committed 37072K, reserved 1081344K
  class space    used 4129K, capacity 4317K, committed 4348K, reserved 1048576K
2016-10-24T04:29:02.772+0800: 2516.800: [GC (Allocation Failure) 2016-10-24T04:29:02.772+0800: 2516.800: [ParNew
Desired survivor size 20112992 bytes, new threshold 6 (max 8)
- age   1:   12176000 bytes,   12176000 total
- age   2:    3434224 bytes,   15610224 total
- age   3:    1382680 bytes,   16992904 total
- age   4:    1577792 bytes,   18570696 total
- age   5:     996832 bytes,   19567528 total
- age   6:     850288 bytes,   20417816 total
- age   7:    1115744 bytes,   21533560 total
: 109248K->21824K(109248K), 0.0105581 secs] 286436K->208152K(502464K), 0.0106064 secs] [Times: user=0.03 sys=0.00, real=0.01 secs] 
Heap after GC invocations=141 (full 6):
 par new generation   total 109248K, used 21824K [0x00000007a0000000, 0x00000007a8000000, 0x00000007a8000000)
  eden space 87424K,   0% used [0x00000007a0000000, 0x00000007a0000000, 0x00000007a5560000)
  from space 21824K, 100% used [0x00000007a6ab0000, 0x00000007a8000000, 0x00000007a8000000)
  to   space 21824K,   0% used [0x00000007a5560000, 0x00000007a5560000, 0x00000007a6ab0000)
 concurrent mark-sweep generation total 393216K, used 186328K [0x00000007a8000000, 0x00000007c0000000, 0x00000007c0000000)
 Metaspace       used 36104K, capacity 36696K, committed 37072K, reserved 1081344K
  class space    used 4129K, capacity 4317K, committed 4348K, reserved 1048576K
}
2016-10-24T04:29:02.783+0800: 2516.811: Total time for which application threads were stopped: 0.0107922 seconds, Stopping threads took: 0.0000320 seconds
{Heap before GC invocations=141 (full 6):
 par new generation   total 109248K, used 109248K [0x00000007a0000000, 0x00000007a8000000, 0x00000007a8000000)
  eden space 87424K, 100% used [0x00000007a0000000, 0x00000007a5560000, 0x00000007a5560000)
  from space 21824K, 100% used [0x00000007a6ab0000, 0x00000007a8000000, 0x00000007a8000000)
  to   space 21824K,   0% used [0x00000007a5560000, 0x00000007a5560000, 0x00000007a6ab0000)
 concurrent mark-sweep generation total 393216K, used 186328K [0x00000007a8000000, 0x00000007c0000000, 0x00000007c0000000)
 Metaspace       used 36104K, capacity 36696K, committed 37072K, reserved 1081344K
  class space    used 4129K, capacity 4317K, committed 4348K, reserved 1048576K
2016-10-24T04:29:03.063+0800: 2517.091: [GC (Allocation Failure) 2016-10-24T04:29:03.063+0800: 2517.091: [ParNew
Desired survivor size 20112992 bytes, new threshold 5 (max 8)
- age   1:   11214392 bytes,   11214392 total
- age   2:    3798480 bytes,   15012872 total
- age   3:    2662024 bytes,   17674896 total
- age   4:    1204896 bytes,   18879792 total
- age   5:    1299528 bytes,   20179320 total
- age   6:     979384 bytes,   21158704 total
: 109248K->21824K(109248K), 0.0112847 secs] 295576K->218721K(502464K), 0.0113439 secs] [Times: user=0.04 sys=0.01, real=0.01 secs] 
Heap after GC invocations=142 (full 6):
 par new generation   total 109248K, used 21824K [0x00000007a0000000, 0x00000007a8000000, 0x00000007a8000000)
  eden space 87424K,   0% used [0x00000007a0000000, 0x00000007a0000000, 0x00000007a5560000)
  from space 21824K, 100% used [0x00000007a5560000, 0x00000007a6ab0000, 0x00000007a6ab0000)
  to   space 21824K,   0% used [0x00000007a6ab0000, 0x00000007a6ab0000, 0x00000007a8000000)
 concurrent mark-sweep generation total 393216K, used 196897K [0x00000007a8000000, 0x00000007c0000000, 0x00000007c0000000)
 Metaspace       used 36104K, capacity 36696K, committed 37072K, reserved 1081344K
  class space    used 4129K, capacity 4317K, committed 4348K, reserved 1048576K
}
2016-10-24T04:29:03.075+0800: 2517.102: Total time for which application threads were stopped: 0.0115161 seconds, Stopping threads took: 0.0000206 seconds
2016-10-24T04:29:03.075+0800: 2517.103: [GC (CMS Initial Mark) [1 CMS-initial-mark: 196897K(393216K)] 220442K(502464K), 0.0025437 secs] [Times: user=0.01 sys=0.00, real=0.00 secs] 
2016-10-24T04:29:03.077+0800: 2517.105: Total time for which application threads were stopped: 0.0026953 seconds, Stopping threads took: 0.0000539 seconds
2016-10-24T04:29:03.077+0800: 2517.105: [CMS-concurrent-mark-start]
2016-10-24T04:29:03.094+0800: 2517.122: [CMS-concurrent-mark: 0.017/0.017 secs] [Times: user=0.08 sys=0.00, real=0.02 secs] 
2016-10-24T04:29:03.094+0800: 2517.122: [CMS-concurrent-preclean-start]
2016-10-24T04:29:03.096+0800: 2517.124: [CMS-concurrent-preclean: 0.002/0.002 secs] [Times: user=0.00 sys=0.00, real=0.00 secs] 
2016-10-24T04:29:03.096+0800: 2517.124: [CMS-concurrent-abortable-preclean-start]
2016-10-24T04:29:03.312+0800: 2517.339: [CMS-concurrent-abortable-preclean: 0.214/0.216 secs] [Times: user=0.43 sys=0.00, real=0.22 secs] 
2016-10-24T04:29:03.312+0800: 2517.339: [GC (CMS Final Remark) [YG occupancy: 70470 K (109248 K)]{Heap before GC invocations=142 (full 7):
 par new generation   total 109248K, used 70470K [0x00000007a0000000, 0x00000007a8000000, 0x00000007a8000000)
  eden space 87424K,  55% used [0x00000007a0000000, 0x00000007a2f81a78, 0x00000007a5560000)
  from space 21824K, 100% used [0x00000007a5560000, 0x00000007a6ab0000, 0x00000007a6ab0000)
  to   space 21824K,   0% used [0x00000007a6ab0000, 0x00000007a6ab0000, 0x00000007a8000000)
 concurrent mark-sweep generation total 393216K, used 196897K [0x00000007a8000000, 0x00000007c0000000, 0x00000007c0000000)
 Metaspace       used 36104K, capacity 36696K, committed 37072K, reserved 1081344K
  class space    used 4129K, capacity 4317K, committed 4348K, reserved 1048576K
2016-10-24T04:29:03.312+0800: 2517.340: [GC (CMS Final Remark) 2016-10-24T04:29:03.312+0800: 2517.340: [ParNew
Desired survivor size 20112992 bytes, new threshold 4 (max 8)
- age   1:    6744152 bytes,    6744152 total
- age   2:    9269032 bytes,   16013184 total
- age   3:    2362456 bytes,   18375640 total
- age   4:    2047112 bytes,   20422752 total
- age   5:    1069056 bytes,   21491808 total
: 70470K->21824K(109248K), 0.0155637 secs] 267368K->230370K(502464K), 0.0156072 secs] [Times: user=0.05 sys=0.01, real=0.01 secs] 
Heap after GC invocations=143 (full 7):
 par new generation   total 109248K, used 21824K [0x00000007a0000000, 0x00000007a8000000, 0x00000007a8000000)
  eden space 87424K,   0% used [0x00000007a0000000, 0x00000007a0000000, 0x00000007a5560000)
  from space 21824K, 100% used [0x00000007a6ab0000, 0x00000007a8000000, 0x00000007a8000000)
  to   space 21824K,   0% used [0x00000007a5560000, 0x00000007a5560000, 0x00000007a6ab0000)
 concurrent mark-sweep generation total 393216K, used 208546K [0x00000007a8000000, 0x00000007c0000000, 0x00000007c0000000)
 Metaspace       used 36104K, capacity 36696K, committed 37072K, reserved 1081344K
  class space    used 4129K, capacity 4317K, committed 4348K, reserved 1048576K
}
2016-10-24T04:29:03.327+0800: 2517.355: [Rescan (parallel) , 0.0054616 secs]2016-10-24T04:29:03.333+0800: 2517.361: [weak refs processing, 0.0006977 secs]2016-10-24T04:29:03.334+0800: 2517.361: [class unloading, 0.0084951 secs]2016-10-24T04:29:03.342+0800: 2517.370: [scrub symbol table, 0.0041663 secs]2016-10-24T04:29:03.346+0800: 2517.374: [scrub string table, 0.0004889 secs][1 CMS-remark: 208546K(393216K)] 230370K(502464K), 0.0351868 secs] [Times: user=0.08 sys=0.01, real=0.03 secs] 
2016-10-24T04:29:03.347+0800: 2517.375: Total time for which application threads were stopped: 0.0353534 seconds, Stopping threads took: 0.0000395 seconds
2016-10-24T04:29:03.347+0800: 2517.375: [CMS-concurrent-sweep-start]
2016-10-24T04:29:03.400+0800: 2517.427: [CMS-concurrent-sweep: 0.053/0.053 secs] [Times: user=0.10 sys=0.00, real=0.06 secs] 
2016-10-24T04:29:03.400+0800: 2517.428: [CMS-concurrent-reset-start]
2016-10-24T04:29:03.400+0800: 2517.428: [CMS-concurrent-reset: 0.000/0.000 secs] [Times: user=0.01 sys=0.00, real=0.00 secs] 
{Heap before GC invocations=143 (full 7):
 par new generation   total 109248K, used 109248K [0x00000007a0000000, 0x00000007a8000000, 0x00000007a8000000)
  eden space 87424K, 100% used [0x00000007a0000000, 0x00000007a5560000, 0x00000007a5560000)
  from space 21824K, 100% used [0x00000007a6ab0000, 0x00000007a8000000, 0x00000007a8000000)
  to   space 21824K,   0% used [0x00000007a5560000, 0x00000007a5560000, 0x00000007a6ab0000)
 concurrent mark-sweep generation total 393216K, used 81744K [0x00000007a8000000, 0x00000007c0000000, 0x00000007c0000000)
 Metaspace       used 36104K, capacity 36696K, committed 37072K, reserved 1081344K
  class space    used 4129K, capacity 4317K, committed 4348K, reserved 1048576K
2016-10-24T04:29:03.623+0800: 2517.650: [GC (Allocation Failure) 2016-10-24T04:29:03.623+0800: 2517.650: [ParNew
Desired survivor size 20112992 bytes, new threshold 4 (max 8)
- age   1:    8432664 bytes,    8432664 total
- age   2:    6656600 bytes,   15089264 total
- age   3:    3363816 bytes,   18453080 total
- age   4:    2206016 bytes,   20659096 total
: 109248K->21824K(109248K), 0.0103241 secs] 190992K->117123K(502464K), 0.0103997 secs] [Times: user=0.03 sys=0.00, real=0.01 secs] 
Heap after GC invocations=144 (full 7):
 par new generation   total 109248K, used 21824K [0x00000007a0000000, 0x00000007a8000000, 0x00000007a8000000)
  eden space 87424K,   0% used [0x00000007a0000000, 0x00000007a0000000, 0x00000007a5560000)
  from space 21824K, 100% used [0x00000007a5560000, 0x00000007a6ab0000, 0x00000007a6ab0000)
  to   space 21824K,   0% used [0x00000007a6ab0000, 0x00000007a6ab0000, 0x00000007a8000000)
 concurrent mark-sweep generation total 393216K, used 95299K [0x00000007a8000000, 0x00000007c0000000, 0x00000007c0000000)
 Metaspace       used 36104K, capacity 36696K, committed 37072K, reserved 1081344K
  class space    used 4129K, capacity 4317K, committed 4348K, reserved 1048576K
}
2016-10-24T04:29:03.633+0800: 2517.661: Total time for which application threads were stopped: 0.0105916 seconds, Stopping threads took: 0.0000341 seconds
{Heap before GC invocations=144 (full 7):
 par new generation   total 109248K, used 109045K [0x00000007a0000000, 0x00000007a8000000, 0x00000007a8000000)
  eden space 87424K,  99% used [0x00000007a0000000, 0x00000007a552d6a0, 0x00000007a5560000)
  from space 21824K, 100% used [0x00000007a5560000, 0x00000007a6ab0000, 0x00000007a6ab0000)
  to   space 21824K,   0% used [0x00000007a6ab0000, 0x00000007a6ab0000, 0x00000007a8000000)
 concurrent mark-sweep generation total 393216K, used 95299K [0x00000007a8000000, 0x00000007c0000000, 0x00000007c0000000)
 Metaspace       used 36104K, capacity 36696K, committed 37072K, reserved 1081344K
  class space    used 4129K, capacity 4317K, committed 4348K, reserved 1048576K
2016-10-24T04:29:03.898+0800: 2517.925: [GC (Allocation Failure) 2016-10-24T04:29:03.898+0800: 2517.925: [ParNew
Desired survivor size 20112992 bytes, new threshold 4 (max 8)
- age   1:    7190080 bytes,    7190080 total
- age   2:    4737480 bytes,   11927560 total
- age   3:    5771264 bytes,   17698824 total
- age   4:    3088744 bytes,   20787568 total
: 109045K->21824K(109248K), 0.0111633 secs] 204344K->135137K(502464K), 0.0112444 secs] [Times: user=0.04 sys=0.01, real=0.01 secs] 
Heap after GC invocations=145 (full 7):
 par new generation   total 109248K, used 21824K [0x00000007a0000000, 0x00000007a8000000, 0x00000007a8000000)
  eden space 87424K,   0% used [0x00000007a0000000, 0x00000007a0000000, 0x00000007a5560000)
  from space 21824K, 100% used [0x00000007a6ab0000, 0x00000007a8000000, 0x00000007a8000000)
  to   space 21824K,   0% used [0x00000007a5560000, 0x00000007a5560000, 0x00000007a6ab0000)
 concurrent mark-sweep generation total 393216K, used 113313K [0x00000007a8000000, 0x00000007c0000000, 0x00000007c0000000)
 Metaspace       used 36104K, capacity 36696K, committed 37072K, reserved 1081344K
  class space    used 4129K, capacity 4317K, committed 4348K, reserved 1048576K
}
2016-10-24T04:29:03.909+0800: 2517.937: Total time for which application threads were stopped: 0.0114140 seconds, Stopping threads took: 0.0000212 seconds
{Heap before GC invocations=145 (full 7):
 par new generation   total 109248K, used 108533K [0x00000007a0000000, 0x00000007a8000000, 0x00000007a8000000)
  eden space 87424K,  99% used [0x00000007a0000000, 0x00000007a54ad558, 0x00000007a5560000)
  from space 21824K, 100% used [0x00000007a6ab0000, 0x00000007a8000000, 0x00000007a8000000)
  to   space 21824K,   0% used [0x00000007a5560000, 0x00000007a5560000, 0x00000007a6ab0000)
 concurrent mark-sweep generation total 393216K, used 113313K [0x00000007a8000000, 0x00000007c0000000, 0x00000007c0000000)
 Metaspace       used 36104K, capacity 36696K, committed 37072K, reserved 1081344K
  class space    used 4129K, capacity 4317K, committed 4348K, reserved 1048576K
2016-10-24T04:29:04.191+0800: 2518.218: [GC (Allocation Failure) 2016-10-24T04:29:04.191+0800: 2518.218: [ParNew
Desired survivor size 20112992 bytes, new threshold 8 (max 8)
- age   1:    5364328 bytes,    5364328 total
- age   2:    5279184 bytes,   10643512 total
- age   3:    3174432 bytes,   13817944 total
- age   4:    5750232 bytes,   19568176 total
: 108533K->21824K(109248K), 0.0139206 secs] 221846K->151798K(502464K), 0.0139949 secs] [Times: user=0.04 sys=0.00, real=0.01 secs] 
Heap after GC invocations=146 (full 7):
 par new generation   total 109248K, used 21824K [0x00000007a0000000, 0x00000007a8000000, 0x00000007a8000000)
  eden space 87424K,   0% used [0x00000007a0000000, 0x00000007a0000000, 0x00000007a5560000)
  from space 21824K, 100% used [0x00000007a5560000, 0x00000007a6ab0000, 0x00000007a6ab0000)
  to   space 21824K,   0% used [0x00000007a6ab0000, 0x00000007a6ab0000, 0x00000007a8000000)
 concurrent mark-sweep generation total 393216K, used 129974K [0x00000007a8000000, 0x00000007c0000000, 0x00000007c0000000)
 Metaspace       used 36104K, capacity 36696K, committed 37072K, reserved 1081344K
  class space    used 4129K, capacity 4317K, committed 4348K, reserved 1048576K
}
2016-10-24T04:29:04.205+0800: 2518.232: Total time for which application threads were stopped: 0.0141774 seconds, Stopping threads took: 0.0000240 seconds
{Heap before GC invocations=146 (full 7):
 par new generation   total 109248K, used 109248K [0x00000007a0000000, 0x00000007a8000000, 0x00000007a8000000)
  eden space 87424K, 100% used [0x00000007a0000000, 0x00000007a5560000, 0x00000007a5560000)
  from space 21824K, 100% used [0x00000007a5560000, 0x00000007a6ab0000, 0x00000007a6ab0000)
  to   space 21824K,   0% used [0x00000007a6ab0000, 0x00000007a6ab0000, 0x00000007a8000000)
 concurrent mark-sweep generation total 393216K, used 129974K [0x00000007a8000000, 0x00000007c0000000, 0x00000007c0000000)
 Metaspace       used 36104K, capacity 36696K, committed 37072K, reserved 1081344K
  class space    used 4129K, capacity 4317K, committed 4348K, reserved 1048576K
2016-10-24T04:29:04.478+0800: 2518.506: [GC (Allocation Failure) 2016-10-24T04:29:04.478+0800: 2518.506: [ParNew
Desired survivor size 20112992 bytes, new threshold 5 (max 8)
- age   1:    7062904 bytes,    7062904 total
- age   2:    4960328 bytes,   12023232 total
- age   3:    1907872 bytes,   13931104 total
- age   4:    2534584 bytes,   16465688 total
- age   5:    5713320 bytes,   22179008 total
: 109248K->21824K(109248K), 0.0143248 secs] 239222K->161147K(502464K), 0.0144019 secs] [Times: user=0.04 sys=0.01, real=0.02 secs] 
Heap after GC invocations=147 (full 7):
 par new generation   total 109248K, used 21824K [0x00000007a0000000, 0x00000007a8000000, 0x00000007a8000000)
  eden space 87424K,   0% used [0x00000007a0000000, 0x00000007a0000000, 0x00000007a5560000)
  from space 21824K, 100% used [0x00000007a6ab0000, 0x00000007a8000000, 0x00000007a8000000)
  to   space 21824K,   0% used [0x00000007a5560000, 0x00000007a5560000, 0x00000007a6ab0000)
 concurrent mark-sweep generation total 393216K, used 139323K [0x00000007a8000000, 0x00000007c0000000, 0x00000007c0000000)
 Metaspace       used 36104K, capacity 36696K, committed 37072K, reserved 1081344K
  class space    used 4129K, capacity 4317K, committed 4348K, reserved 1048576K
}
2016-10-24T04:29:04.492+0800: 2518.520: Total time for which application threads were stopped: 0.0146380 seconds, Stopping threads took: 0.0000333 seconds
{Heap before GC invocations=147 (full 7):
 par new generation   total 109248K, used 109248K [0x00000007a0000000, 0x00000007a8000000, 0x00000007a8000000)
  eden space 87424K, 100% used [0x00000007a0000000, 0x00000007a5560000, 0x00000007a5560000)
  from space 21824K, 100% used [0x00000007a6ab0000, 0x00000007a8000000, 0x00000007a8000000)
  to   space 21824K,   0% used [0x00000007a5560000, 0x00000007a5560000, 0x00000007a6ab0000)
 concurrent mark-sweep generation total 393216K, used 139323K [0x00000007a8000000, 0x00000007c0000000, 0x00000007c0000000)
 Metaspace       used 36104K, capacity 36696K, committed 37072K, reserved 1081344K
  class space    used 4129K, capacity 4317K, committed 4348K, reserved 1048576K
2016-10-24T04:29:04.730+0800: 2518.758: [GC (Allocation Failure) 2016-10-24T04:29:04.730+0800: 2518.758: [ParNew
Desired survivor size 20112992 bytes, new threshold 5 (max 8)
- age   1:    5290952 bytes,    5290952 total
- age   2:    6942312 bytes,   12233264 total
- age   3:    4933464 bytes,   17166728 total
- age   4:    1892376 bytes,   19059104 total
- age   5:    2525104 bytes,   21584208 total
: 109248K->21824K(109248K), 0.0144690 secs] 248571K->170278K(502464K), 0.0145245 secs] [Times: user=0.05 sys=0.01, real=0.01 secs] 
Heap after GC invocations=148 (full 7):
 par new generation   total 109248K, used 21824K [0x00000007a0000000, 0x00000007a8000000, 0x00000007a8000000)
  eden space 87424K,   0% used [0x00000007a0000000, 0x00000007a0000000, 0x00000007a5560000)
  from space 21824K, 100% used [0x00000007a5560000, 0x00000007a6ab0000, 0x00000007a6ab0000)
  to   space 21824K,   0% used [0x00000007a6ab0000, 0x00000007a6ab0000, 0x00000007a8000000)
 concurrent mark-sweep generation total 393216K, used 148454K [0x00000007a8000000, 0x00000007c0000000, 0x00000007c0000000)
 Metaspace       used 36104K, capacity 36696K, committed 37072K, reserved 1081344K
  class space    used 4129K, capacity 4317K, committed 4348K, reserved 1048576K
}
2016-10-24T04:29:04.745+0800: 2518.773: Total time for which application threads were stopped: 0.0147084 seconds, Stopping threads took: 0.0000233 seconds
{Heap before GC invocations=148 (full 7):
 par new generation   total 109248K, used 109248K [0x00000007a0000000, 0x00000007a8000000, 0x00000007a8000000)
  eden space 87424K, 100% used [0x00000007a0000000, 0x00000007a5560000, 0x00000007a5560000)
  from space 21824K, 100% used [0x00000007a5560000, 0x00000007a6ab0000, 0x00000007a6ab0000)
  to   space 21824K,   0% used [0x00000007a6ab0000, 0x00000007a6ab0000, 0x00000007a8000000)
 concurrent mark-sweep generation total 393216K, used 148454K [0x00000007a8000000, 0x00000007c0000000, 0x00000007c0000000)
 Metaspace       used 36104K, capacity 36696K, committed 37072K, reserved 1081344K
  class space    used 4129K, capacity 4317K, committed 4348K, reserved 1048576K
2016-10-24T04:29:04.971+0800: 2518.999: [GC (Allocation Failure) 2016-10-24T04:29:04.971+0800: 2518.999: [ParNew
Desired survivor size 20112992 bytes, new threshold 5 (max 8)
- age   1:    4766280 bytes,    4766280 total
- age   2:    4101968 bytes,    8868248 total
- age   3:    6363280 bytes,   15231528 total
- age   4:    4301592 bytes,   19533120 total
- age   5:    1615864 bytes,   21148984 total
: 109248K->21824K(109248K), 0.0153867 secs] 257702K->178794K(502464K), 0.0154676 secs] [Times: user=0.05 sys=0.00, real=0.01 secs] 
Heap after GC invocations=149 (full 7):
 par new generation   total 109248K, used 21824K [0x00000007a0000000, 0x00000007a8000000, 0x00000007a8000000)
  eden space 87424K,   0% used [0x00000007a0000000, 0x00000007a0000000, 0x00000007a5560000)
  from space 21824K, 100% used [0x00000007a6ab0000, 0x00000007a8000000, 0x00000007a8000000)
  to   space 21824K,   0% used [0x00000007a5560000, 0x00000007a5560000, 0x00000007a6ab0000)
 concurrent mark-sweep generation total 393216K, used 156970K [0x00000007a8000000, 0x00000007c0000000, 0x00000007c0000000)
 Metaspace       used 36104K, capacity 36696K, committed 37072K, reserved 1081344K
  class space    used 4129K, capacity 4317K, committed 4348K, reserved 1048576K
}
2016-10-24T04:29:04.987+0800: 2519.015: Total time for which application threads were stopped: 0.0156620 seconds, Stopping threads took: 0.0000321 seconds
2016-10-24T04:29:10.069+0800: 2524.097: Total time for which application threads were stopped: 0.0001010 seconds, Stopping threads took: 0.0000273 seconds
{Heap before GC invocations=149 (full 7):
 par new generation   total 109248K, used 109248K [0x00000007a0000000, 0x00000007a8000000, 0x00000007a8000000)
  eden space 87424K, 100% used [0x00000007a0000000, 0x00000007a5560000, 0x00000007a5560000)
  from space 21824K, 100% used [0x00000007a6ab0000, 0x00000007a8000000, 0x00000007a8000000)
  to   space 21824K,   0% used [0x00000007a5560000, 0x00000007a5560000, 0x00000007a6ab0000)
 concurrent mark-sweep generation total 393216K, used 156970K [0x00000007a8000000, 0x00000007c0000000, 0x00000007c0000000)
 Metaspace       used 36130K, capacity 36696K, committed 37072K, reserved 1081344K
  class space    used 4129K, capacity 4317K, committed 4348K, reserved 1048576K
2016-10-24T04:29:10.120+0800: 2524.148: [GC (Allocation Failure) 2016-10-24T04:29:10.120+0800: 2524.148: [ParNew
Desired survivor size 20112992 bytes, new threshold 5 (max 8)
- age   1:    3661640 bytes,    3661640 total
- age   2:    4190264 bytes,    7851904 total
- age   3:    3539880 bytes,   11391784 total
- age   4:    5931776 bytes,   17323560 total
- age   5:    4062904 bytes,   21386464 total
: 109248K->21824K(109248K), 0.0137510 secs] 266218K->181709K(502464K), 0.0138132 secs] [Times: user=0.05 sys=0.00, real=0.01 secs] 
Heap after GC invocations=150 (full 7):
 par new generation   total 109248K, used 21824K [0x00000007a0000000, 0x00000007a8000000, 0x00000007a8000000)
  eden space 87424K,   0% used [0x00000007a0000000, 0x00000007a0000000, 0x00000007a5560000)
  from space 21824K, 100% used [0x00000007a5560000, 0x00000007a6ab0000, 0x00000007a6ab0000)
  to   space 21824K,   0% used [0x00000007a6ab0000, 0x00000007a6ab0000, 0x00000007a8000000)
 concurrent mark-sweep generation total 393216K, used 159885K [0x00000007a8000000, 0x00000007c0000000, 0x00000007c0000000)
 Metaspace       used 36130K, capacity 36696K, committed 37072K, reserved 1081344K
  class space    used 4129K, capacity 4317K, committed 4348K, reserved 1048576K
}
2016-10-24T04:29:10.134+0800: 2524.162: Total time for which application threads were stopped: 0.0139900 seconds, Stopping threads took: 0.0000292 seconds
2016-10-24T04:29:10.149+0800: 2524.177: Total time for which application threads were stopped: 0.0001536 seconds, Stopping threads took: 0.0000350 seconds
2016-10-24T04:29:10.150+0800: 2524.178: Total time for which application threads were stopped: 0.0000817 seconds, Stopping threads took: 0.0000222 seconds
{Heap before GC invocations=150 (full 7):
 par new generation   total 109248K, used 109248K [0x00000007a0000000, 0x00000007a8000000, 0x00000007a8000000)
  eden space 87424K, 100% used [0x00000007a0000000, 0x00000007a5560000, 0x00000007a5560000)
  from space 21824K, 100% used [0x00000007a5560000, 0x00000007a6ab0000, 0x00000007a6ab0000)
  to   space 21824K,   0% used [0x00000007a6ab0000, 0x00000007a6ab0000, 0x00000007a8000000)
 concurrent mark-sweep generation total 393216K, used 159885K [0x00000007a8000000, 0x00000007c0000000, 0x00000007c0000000)
 Metaspace       used 36132K, capacity 36696K, committed 37072K, reserved 1081344K
  class space    used 4129K, capacity 4317K, committed 4348K, reserved 1048576K
2016-10-24T04:29:11.049+0800: 2525.077: [GC (Allocation Failure) 2016-10-24T04:29:11.049+0800: 2525.077: [ParNew
Desired survivor size 20112992 bytes, new threshold 8 (max 8)
- age   1:     160848 bytes,     160848 total
- age   2:    3645536 bytes,    3806384 total
- age   3:    4181568 bytes,    7987952 total
- age   4:    3539560 bytes,   11527512 total
- age   5:    5931616 bytes,   17459128 total
: 109248K->21824K(109248K), 0.0114876 secs] 269133K->185737K(502464K), 0.0115551 secs] [Times: user=0.04 sys=0.00, real=0.02 secs] 
Heap after GC invocations=151 (full 7):
 par new generation   total 109248K, used 21824K [0x00000007a0000000, 0x00000007a8000000, 0x00000007a8000000)
  eden space 87424K,   0% used [0x00000007a0000000, 0x00000007a0000000, 0x00000007a5560000)
  from space 21824K, 100% used [0x00000007a6ab0000, 0x00000007a8000000, 0x00000007a8000000)
  to   space 21824K,   0% used [0x00000007a5560000, 0x00000007a5560000, 0x00000007a6ab0000)
 concurrent mark-sweep generation total 393216K, used 163913K [0x00000007a8000000, 0x00000007c0000000, 0x00000007c0000000)
 Metaspace       used 36132K, capacity 36696K, committed 37072K, reserved 1081344K
  class space    used 4129K, capacity 4317K, committed 4348K, reserved 1048576K
}
2016-10-24T04:29:11.060+0800: 2525.088: Total time for which application threads were stopped: 0.0117891 seconds, Stopping threads took: 0.0000360 seconds
{Heap before GC invocations=151 (full 7):
 par new generation   total 109248K, used 109248K [0x00000007a0000000, 0x00000007a8000000, 0x00000007a8000000)
  eden space 87424K, 100% used [0x00000007a0000000, 0x00000007a5560000, 0x00000007a5560000)
  from space 21824K, 100% used [0x00000007a6ab0000, 0x00000007a8000000, 0x00000007a8000000)
  to   space 21824K,   0% used [0x00000007a5560000, 0x00000007a5560000, 0x00000007a6ab0000)
 concurrent mark-sweep generation total 393216K, used 163913K [0x00000007a8000000, 0x00000007c0000000, 0x00000007c0000000)
 Metaspace       used 36132K, capacity 36696K, committed 37072K, reserved 1081344K
  class space    used 4129K, capacity 4317K, committed 4348K, reserved 1048576K
2016-10-24T04:29:11.152+0800: 2525.180: [GC (Allocation Failure) 2016-10-24T04:29:11.153+0800: 2525.180: [ParNew
Desired survivor size 20112992 bytes, new threshold 8 (max 8)
- age   1:     105048 bytes,     105048 total
- age   2:      62304 bytes,     167352 total
- age   3:    3318688 bytes,    3486040 total
- age   4:    3828520 bytes,    7314560 total
- age   5:    3472432 bytes,   10786992 total
- age   6:    5878416 bytes,   16665408 total
: 109248K->21824K(109248K), 0.0113607 secs] 273161K->186535K(502464K), 0.0114341 secs] [Times: user=0.04 sys=0.00, real=0.01 secs] 
Heap after GC invocations=152 (full 7):
 par new generation   total 109248K, used 21824K [0x00000007a0000000, 0x00000007a8000000, 0x00000007a8000000)
  eden space 87424K,   0% used [0x00000007a0000000, 0x00000007a0000000, 0x00000007a5560000)
  from space 21824K, 100% used [0x00000007a5560000, 0x00000007a6ab0000, 0x00000007a6ab0000)
  to   space 21824K,   0% used [0x00000007a6ab0000, 0x00000007a6ab0000, 0x00000007a8000000)
 concurrent mark-sweep generation total 393216K, used 164711K [0x00000007a8000000, 0x00000007c0000000, 0x00000007c0000000)
 Metaspace       used 36132K, capacity 36696K, committed 37072K, reserved 1081344K
  class space    used 4129K, capacity 4317K, committed 4348K, reserved 1048576K
}
2016-10-24T04:29:11.164+0800: 2525.192: Total time for which application threads were stopped: 0.0116760 seconds, Stopping threads took: 0.0000323 seconds
{Heap before GC invocations=152 (full 7):
 par new generation   total 109248K, used 109234K [0x00000007a0000000, 0x00000007a8000000, 0x00000007a8000000)
  eden space 87424K,  99% used [0x00000007a0000000, 0x00000007a555c8a0, 0x00000007a5560000)
  from space 21824K, 100% used [0x00000007a5560000, 0x00000007a6ab0000, 0x00000007a6ab0000)
  to   space 21824K,   0% used [0x00000007a6ab0000, 0x00000007a6ab0000, 0x00000007a8000000)
 concurrent mark-sweep generation total 393216K, used 164711K [0x00000007a8000000, 0x00000007c0000000, 0x00000007c0000000)
 Metaspace       used 36132K, capacity 36696K, committed 37072K, reserved 1081344K
  class space    used 4129K, capacity 4317K, committed 4348K, reserved 1048576K
2016-10-24T04:29:11.309+0800: 2525.337: [GC (Allocation Failure) 2016-10-24T04:29:11.309+0800: 2525.337: [ParNew
Desired survivor size 20112992 bytes, new threshold 8 (max 8)
- age   1:      92768 bytes,      92768 total
- age   2:      10440 bytes,     103208 total
- age   3:      62304 bytes,     165512 total
- age   4:    3318688 bytes,    3484200 total
- age   5:    3828520 bytes,    7312720 total
- age   6:    3472432 bytes,   10785152 total
- age   7:    5878440 bytes,   16663592 total
: 109234K->21566K(109248K), 0.0082527 secs] 273945K->186277K(502464K), 0.0083175 secs] [Times: user=0.03 sys=0.00, real=0.01 secs] 
Heap after GC invocations=153 (full 7):
 par new generation   total 109248K, used 21566K [0x00000007a0000000, 0x00000007a8000000, 0x00000007a8000000)
  eden space 87424K,   0% used [0x00000007a0000000, 0x00000007a0000000, 0x00000007a5560000)
  from space 21824K,  98% used [0x00000007a6ab0000, 0x00000007a7fbfaf8, 0x00000007a8000000)
  to   space 21824K,   0% used [0x00000007a5560000, 0x00000007a5560000, 0x00000007a6ab0000)
 concurrent mark-sweep generation total 393216K, used 164711K [0x00000007a8000000, 0x00000007c0000000, 0x00000007c0000000)
 Metaspace       used 36132K, capacity 36696K, committed 37072K, reserved 1081344K
  class space    used 4129K, capacity 4317K, committed 4348K, reserved 1048576K
}
2016-10-24T04:29:11.317+0800: 2525.345: Total time for which application threads were stopped: 0.0084799 seconds, Stopping threads took: 0.0000229 seconds
{Heap before GC invocations=153 (full 7):
 par new generation   total 109248K, used 108990K [0x00000007a0000000, 0x00000007a8000000, 0x00000007a8000000)
  eden space 87424K, 100% used [0x00000007a0000000, 0x00000007a5560000, 0x00000007a5560000)
  from space 21824K,  98% used [0x00000007a6ab0000, 0x00000007a7fbfaf8, 0x00000007a8000000)
  to   space 21824K,   0% used [0x00000007a5560000, 0x00000007a5560000, 0x00000007a6ab0000)
 concurrent mark-sweep generation total 393216K, used 164711K [0x00000007a8000000, 0x00000007c0000000, 0x00000007c0000000)
 Metaspace       used 36132K, capacity 36696K, committed 37072K, reserved 1081344K
  class space    used 4129K, capacity 4317K, committed 4348K, reserved 1048576K
2016-10-24T04:29:11.407+0800: 2525.435: [GC (Allocation Failure) 2016-10-24T04:29:11.407+0800: 2525.435: [ParNew
Desired survivor size 20112992 bytes, new threshold 8 (max 8)
- age   1:      57176 bytes,      57176 total
- age   2:      82760 bytes,     139936 total
- age   3:      10440 bytes,     150376 total
- age   4:      62304 bytes,     212680 total
- age   5:    3318688 bytes,    3531368 total
- age   6:    3828520 bytes,    7359888 total
- age   7:    3472432 bytes,   10832320 total
- age   8:    5878416 bytes,   16710736 total
: 108990K->21824K(109248K), 0.0081850 secs] 273701K->186535K(502464K), 0.0082301 secs] [Times: user=0.03 sys=0.00, real=0.01 secs] 
Heap after GC invocations=154 (full 7):
 par new generation   total 109248K, used 21824K [0x00000007a0000000, 0x00000007a8000000, 0x00000007a8000000)
  eden space 87424K,   0% used [0x00000007a0000000, 0x00000007a0000000, 0x00000007a5560000)
  from space 21824K, 100% used [0x00000007a5560000, 0x00000007a6ab0000, 0x00000007a6ab0000)
  to   space 21824K,   0% used [0x00000007a6ab0000, 0x00000007a6ab0000, 0x00000007a8000000)
 concurrent mark-sweep generation total 393216K, used 164711K [0x00000007a8000000, 0x00000007c0000000, 0x00000007c0000000)
 Metaspace       used 36132K, capacity 36696K, committed 37072K, reserved 1081344K
  class space    used 4129K, capacity 4317K, committed 4348K, reserved 1048576K
}
2016-10-24T04:29:11.415+0800: 2525.443: Total time for which application threads were stopped: 0.0084029 seconds, Stopping threads took: 0.0000318 seconds
{Heap before GC invocations=154 (full 7):
 par new generation   total 109248K, used 109248K [0x00000007a0000000, 0x00000007a8000000, 0x00000007a8000000)
  eden space 87424K, 100% used [0x00000007a0000000, 0x00000007a5560000, 0x00000007a5560000)
  from space 21824K, 100% used [0x00000007a5560000, 0x00000007a6ab0000, 0x00000007a6ab0000)
  to   space 21824K,   0% used [0x00000007a6ab0000, 0x00000007a6ab0000, 0x00000007a8000000)
 concurrent mark-sweep generation total 393216K, used 164711K [0x00000007a8000000, 0x00000007c0000000, 0x00000007c0000000)
 Metaspace       used 36132K, capacity 36696K, committed 37072K, reserved 1081344K
  class space    used 4129K, capacity 4317K, committed 4348K, reserved 1048576K
2016-10-24T04:29:11.527+0800: 2525.554: [GC (Allocation Failure) 2016-10-24T04:29:11.527+0800: 2525.555: [ParNew
Desired survivor size 20112992 bytes, new threshold 8 (max 8)
- age   1:     163288 bytes,     163288 total
- age   3:       3432 bytes,     166720 total
- age   4:      10440 bytes,     177160 total
- age   5:      62304 bytes,     239464 total
- age   6:    3318688 bytes,    3558152 total
- age   7:    3828520 bytes,    7386672 total
- age   8:    3472432 bytes,   10859104 total
: 109248K->12694K(109248K), 0.0095016 secs] 273959K->183195K(502464K), 0.0095652 secs] [Times: user=0.03 sys=0.00, real=0.01 secs] 
Heap after GC invocations=155 (full 7):
 par new generation   total 109248K, used 12694K [0x00000007a0000000, 0x00000007a8000000, 0x00000007a8000000)
  eden space 87424K,   0% used [0x00000007a0000000, 0x00000007a0000000, 0x00000007a5560000)
  from space 21824K,  58% used [0x00000007a6ab0000, 0x00000007a7715a00, 0x00000007a8000000)
  to   space 21824K,   0% used [0x00000007a5560000, 0x00000007a5560000, 0x00000007a6ab0000)
 concurrent mark-sweep generation total 393216K, used 170500K [0x00000007a8000000, 0x00000007c0000000, 0x00000007c0000000)
 Metaspace       used 36132K, capacity 36696K, committed 37072K, reserved 1081344K
  class space    used 4129K, capacity 4317K, committed 4348K, reserved 1048576K
}
2016-10-24T04:29:11.536+0800: 2525.564: Total time for which application threads were stopped: 0.0097542 seconds, Stopping threads took: 0.0000322 seconds
{Heap before GC invocations=155 (full 7):
 par new generation   total 109248K, used 100118K [0x00000007a0000000, 0x00000007a8000000, 0x00000007a8000000)
  eden space 87424K, 100% used [0x00000007a0000000, 0x00000007a5560000, 0x00000007a5560000)
  from space 21824K,  58% used [0x00000007a6ab0000, 0x00000007a7715a00, 0x00000007a8000000)
  to   space 21824K,   0% used [0x00000007a5560000, 0x00000007a5560000, 0x00000007a6ab0000)
 concurrent mark-sweep generation total 393216K, used 170500K [0x00000007a8000000, 0x00000007c0000000, 0x00000007c0000000)
 Metaspace       used 36132K, capacity 36696K, committed 37072K, reserved 1081344K
  class space    used 4129K, capacity 4317K, committed 4348K, reserved 1048576K
2016-10-24T04:29:11.623+0800: 2525.651: [GC (Allocation Failure) 2016-10-24T04:29:11.623+0800: 2525.651: [ParNew
Desired survivor size 20112992 bytes, new threshold 8 (max 8)
- age   1:      57528 bytes,      57528 total
- age   2:      76944 bytes,     134472 total
- age   4:       3432 bytes,     137904 total
- age   5:      10440 bytes,     148344 total
- age   6:      62304 bytes,     210648 total
- age   7:    3318688 bytes,    3529336 total
- age   8:    3828520 bytes,    7357856 total
: 100118K->11742K(109248K), 0.0113881 secs] 270619K->185699K(502464K), 0.0114668 secs] [Times: user=0.04 sys=0.00, real=0.01 secs] 
Heap after GC invocations=156 (full 7):
 par new generation   total 109248K, used 11742K [0x00000007a0000000, 0x00000007a8000000, 0x00000007a8000000)
  eden space 87424K,   0% used [0x00000007a0000000, 0x00000007a0000000, 0x00000007a5560000)
  from space 21824K,  53% used [0x00000007a5560000, 0x00000007a60d7b18, 0x00000007a6ab0000)
  to   space 21824K,   0% used [0x00000007a6ab0000, 0x00000007a6ab0000, 0x00000007a8000000)
 concurrent mark-sweep generation total 393216K, used 173956K [0x00000007a8000000, 0x00000007c0000000, 0x00000007c0000000)
 Metaspace       used 36132K, capacity 36696K, committed 37072K, reserved 1081344K
  class space    used 4129K, capacity 4317K, committed 4348K, reserved 1048576K
}
2016-10-24T04:29:11.635+0800: 2525.663: Total time for which application threads were stopped: 0.0116584 seconds, Stopping threads took: 0.0000263 seconds
{Heap before GC invocations=156 (full 7):
 par new generation   total 109248K, used 99166K [0x00000007a0000000, 0x00000007a8000000, 0x00000007a8000000)
  eden space 87424K, 100% used [0x00000007a0000000, 0x00000007a5560000, 0x00000007a5560000)
  from space 21824K,  53% used [0x00000007a5560000, 0x00000007a60d7b18, 0x00000007a6ab0000)
  to   space 21824K,   0% used [0x00000007a6ab0000, 0x00000007a6ab0000, 0x00000007a8000000)
 concurrent mark-sweep generation total 393216K, used 173956K [0x00000007a8000000, 0x00000007c0000000, 0x00000007c0000000)
 Metaspace       used 36132K, capacity 36696K, committed 37072K, reserved 1081344K
  class space    used 4129K, capacity 4317K, committed 4348K, reserved 1048576K
2016-10-24T04:29:11.750+0800: 2525.777: [GC (Allocation Failure) 2016-10-24T04:29:11.750+0800: 2525.778: [ParNew
Desired survivor size 20112992 bytes, new threshold 8 (max 8)
- age   1:      84584 bytes,      84584 total
- age   3:        224 bytes,      84808 total
- age   5:       3432 bytes,      88240 total
- age   6:      10440 bytes,      98680 total
- age   7:      62304 bytes,     160984 total
- age   8:    3318688 bytes,    3479672 total
: 99166K->5544K(109248K), 0.0077741 secs] 273123K->183314K(502464K), 0.0078403 secs] [Times: user=0.02 sys=0.00, real=0.00 secs] 
Heap after GC invocations=157 (full 7):
 par new generation   total 109248K, used 5544K [0x00000007a0000000, 0x00000007a8000000, 0x00000007a8000000)
  eden space 87424K,   0% used [0x00000007a0000000, 0x00000007a0000000, 0x00000007a5560000)
  from space 21824K,  25% used [0x00000007a6ab0000, 0x00000007a701a168, 0x00000007a8000000)
  to   space 21824K,   0% used [0x00000007a5560000, 0x00000007a5560000, 0x00000007a6ab0000)
 concurrent mark-sweep generation total 393216K, used 177770K [0x00000007a8000000, 0x00000007c0000000, 0x00000007c0000000)
 Metaspace       used 36132K, capacity 36696K, committed 37072K, reserved 1081344K
  class space    used 4129K, capacity 4317K, committed 4348K, reserved 1048576K
}
2016-10-24T04:29:11.757+0800: 2525.785: Total time for which application threads were stopped: 0.0080258 seconds, Stopping threads took: 0.0000232 seconds
2016-10-24T04:29:11.782+0800: 2525.810: Total time for which application threads were stopped: 0.0001036 seconds, Stopping threads took: 0.0000196 seconds
2016-10-24T04:29:11.865+0800: 2525.893: Total time for which application threads were stopped: 0.0001042 seconds, Stopping threads took: 0.0000180 seconds
2016-10-24T04:29:11.866+0800: 2525.894: Total time for which application threads were stopped: 0.0000758 seconds, Stopping threads took: 0.0000318 seconds
2016-10-24T04:29:11.866+0800: 2525.894: Total time for which application threads were stopped: 0.0000688 seconds, Stopping threads took: 0.0000251 seconds
2016-10-24T04:29:11.866+0800: 2525.894: Total time for which application threads were stopped: 0.0000562 seconds, Stopping threads took: 0.0000219 seconds
2016-10-24T04:29:11.866+0800: 2525.894: Total time for which application threads were stopped: 0.0000787 seconds, Stopping threads took: 0.0000373 seconds
2016-10-24T04:29:11.867+0800: 2525.895: Total time for which application threads were stopped: 0.0000943 seconds, Stopping threads took: 0.0000227 seconds
2016-10-24T04:29:11.867+0800: 2525.895: Total time for which application threads were stopped: 0.0000522 seconds, Stopping threads took: 0.0000083 seconds
2016-10-24T04:29:11.867+0800: 2525.895: Total time for which application threads were stopped: 0.0000492 seconds, Stopping threads took: 0.0000079 seconds
2016-10-24T04:29:11.867+0800: 2525.895: Total time for which application threads were stopped: 0.0000487 seconds, Stopping threads took: 0.0000067 seconds
2016-10-24T04:29:11.867+0800: 2525.895: Total time for which application threads were stopped: 0.0000669 seconds, Stopping threads took: 0.0000102 seconds
2016-10-24T04:29:11.867+0800: 2525.895: Total time for which application threads were stopped: 0.0000729 seconds, Stopping threads took: 0.0000096 seconds
2016-10-24T04:29:11.868+0800: 2525.895: Total time for which application threads were stopped: 0.0000581 seconds, Stopping threads took: 0.0000077 seconds
2016-10-24T04:29:11.868+0800: 2525.896: Total time for which application threads were stopped: 0.0000478 seconds, Stopping threads took: 0.0000085 seconds
2016-10-24T04:29:11.868+0800: 2525.896: Total time for which application threads were stopped: 0.0000623 seconds, Stopping threads took: 0.0000085 seconds
2016-10-24T04:29:11.868+0800: 2525.896: Total time for which application threads were stopped: 0.0000574 seconds, Stopping threads took: 0.0000082 seconds
2016-10-24T04:29:11.868+0800: 2525.896: Total time for which application threads were stopped: 0.0000983 seconds, Stopping threads took: 0.0000567 seconds
2016-10-24T04:29:11.868+0800: 2525.896: Total time for which application threads were stopped: 0.0000800 seconds, Stopping threads took: 0.0000345 seconds
{Heap before GC invocations=157 (full 7):
 par new generation   total 109248K, used 92968K [0x00000007a0000000, 0x00000007a8000000, 0x00000007a8000000)
  eden space 87424K, 100% used [0x00000007a0000000, 0x00000007a5560000, 0x00000007a5560000)
  from space 21824K,  25% used [0x00000007a6ab0000, 0x00000007a701a168, 0x00000007a8000000)
  to   space 21824K,   0% used [0x00000007a5560000, 0x00000007a5560000, 0x00000007a6ab0000)
 concurrent mark-sweep generation total 393216K, used 177770K [0x00000007a8000000, 0x00000007c0000000, 0x00000007c0000000)
 Metaspace       used 36142K, capacity 36764K, committed 37072K, reserved 1081344K
  class space    used 4129K, capacity 4317K, committed 4348K, reserved 1048576K
2016-10-24T04:29:56.537+0800: 2570.566: [GC (Allocation Failure) 2016-10-24T04:29:56.537+0800: 2570.566: [ParNew
Desired survivor size 20112992 bytes, new threshold 8 (max 8)
- age   1:    6217152 bytes,    6217152 total
- age   8:      15656 bytes,    6232808 total
: 92968K->6392K(109248K), 0.0067566 secs] 270738K->187340K(502464K), 0.0068258 secs] [Times: user=0.02 sys=0.00, real=0.01 secs] 
Heap after GC invocations=158 (full 7):
 par new generation   total 109248K, used 6392K [0x00000007a0000000, 0x00000007a8000000, 0x00000007a8000000)
  eden space 87424K,   0% used [0x00000007a0000000, 0x00000007a0000000, 0x00000007a5560000)
  from space 21824K,  29% used [0x00000007a5560000, 0x00000007a5b9e108, 0x00000007a6ab0000)
  to   space 21824K,   0% used [0x00000007a6ab0000, 0x00000007a6ab0000, 0x00000007a8000000)
 concurrent mark-sweep generation total 393216K, used 180948K [0x00000007a8000000, 0x00000007c0000000, 0x00000007c0000000)
 Metaspace       used 36142K, capacity 36764K, committed 37072K, reserved 1081344K
  class space    used 4129K, capacity 4317K, committed 4348K, reserved 1048576K
}
2016-10-24T04:29:56.543+0800: 2570.573: Total time for which application threads were stopped: 0.0070164 seconds, Stopping threads took: 0.0000246 seconds
{Heap before GC invocations=158 (full 7):
 par new generation   total 109248K, used 93816K [0x00000007a0000000, 0x00000007a8000000, 0x00000007a8000000)
  eden space 87424K, 100% used [0x00000007a0000000, 0x00000007a5560000, 0x00000007a5560000)
  from space 21824K,  29% used [0x00000007a5560000, 0x00000007a5b9e108, 0x00000007a6ab0000)
  to   space 21824K,   0% used [0x00000007a6ab0000, 0x00000007a6ab0000, 0x00000007a8000000)
 concurrent mark-sweep generation total 393216K, used 180948K [0x00000007a8000000, 0x00000007c0000000, 0x00000007c0000000)
 Metaspace       used 36142K, capacity 36764K, committed 37072K, reserved 1081344K
  class space    used 4129K, capacity 4317K, committed 4348K, reserved 1048576K
2016-10-24T04:29:56.790+0800: 2570.819: [GC (Allocation Failure) 2016-10-24T04:29:56.790+0800: 2570.819: [ParNew
Desired survivor size 20112992 bytes, new threshold 8 (max 8)
- age   1:    9178016 bytes,    9178016 total
- age   2:    3970176 bytes,   13148192 total
: 93816K->14187K(109248K), 0.0047139 secs] 274764K->195150K(502464K), 0.0047815 secs] [Times: user=0.02 sys=0.00, real=0.01 secs] 
Heap after GC invocations=159 (full 7):
 par new generation   total 109248K, used 14187K [0x00000007a0000000, 0x00000007a8000000, 0x00000007a8000000)
  eden space 87424K,   0% used [0x00000007a0000000, 0x00000007a0000000, 0x00000007a5560000)
  from space 21824K,  65% used [0x00000007a6ab0000, 0x00000007a788ac08, 0x00000007a8000000)
  to   space 21824K,   0% used [0x00000007a5560000, 0x00000007a5560000, 0x00000007a6ab0000)
 concurrent mark-sweep generation total 393216K, used 180963K [0x00000007a8000000, 0x00000007c0000000, 0x00000007c0000000)
 Metaspace       used 36142K, capacity 36764K, committed 37072K, reserved 1081344K
  class space    used 4129K, capacity 4317K, committed 4348K, reserved 1048576K
}
2016-10-24T04:29:56.794+0800: 2570.823: Total time for which application threads were stopped: 0.0049619 seconds, Stopping threads took: 0.0000304 seconds
{Heap before GC invocations=159 (full 7):
 par new generation   total 109248K, used 101611K [0x00000007a0000000, 0x00000007a8000000, 0x00000007a8000000)
  eden space 87424K, 100% used [0x00000007a0000000, 0x00000007a5560000, 0x00000007a5560000)
  from space 21824K,  65% used [0x00000007a6ab0000, 0x00000007a788ac08, 0x00000007a8000000)
  to   space 21824K,   0% used [0x00000007a5560000, 0x00000007a5560000, 0x00000007a6ab0000)
 concurrent mark-sweep generation total 393216K, used 180963K [0x00000007a8000000, 0x00000007c0000000, 0x00000007c0000000)
 Metaspace       used 36142K, capacity 36764K, committed 37072K, reserved 1081344K
  class space    used 4129K, capacity 4317K, committed 4348K, reserved 1048576K
2016-10-24T04:29:57.043+0800: 2571.072: [GC (Allocation Failure) 2016-10-24T04:29:57.043+0800: 2571.072: [ParNew
Desired survivor size 20112992 bytes, new threshold 8 (max 8)
- age   1:   11435688 bytes,   11435688 total
- age   2:    4376184 bytes,   15811872 total
- age   3:    3869448 bytes,   19681320 total
: 101611K->21824K(109248K), 0.0063771 secs] 282574K->203192K(502464K), 0.0064505 secs] [Times: user=0.02 sys=0.00, real=0.00 secs] 
Heap after GC invocations=160 (full 7):
 par new generation   total 109248K, used 21824K [0x00000007a0000000, 0x00000007a8000000, 0x00000007a8000000)
  eden space 87424K,   0% used [0x00000007a0000000, 0x00000007a0000000, 0x00000007a5560000)
  from space 21824K, 100% used [0x00000007a5560000, 0x00000007a6ab0000, 0x00000007a6ab0000)
  to   space 21824K,   0% used [0x00000007a6ab0000, 0x00000007a6ab0000, 0x00000007a8000000)
 concurrent mark-sweep generation total 393216K, used 181368K [0x00000007a8000000, 0x00000007c0000000, 0x00000007c0000000)
 Metaspace       used 36142K, capacity 36764K, committed 37072K, reserved 1081344K
  class space    used 4129K, capacity 4317K, committed 4348K, reserved 1048576K
}
2016-10-24T04:29:57.049+0800: 2571.078: Total time for which application threads were stopped: 0.0066345 seconds, Stopping threads took: 0.0000310 seconds
{Heap before GC invocations=160 (full 7):
 par new generation   total 109248K, used 109248K [0x00000007a0000000, 0x00000007a8000000, 0x00000007a8000000)
  eden space 87424K, 100% used [0x00000007a0000000, 0x00000007a5560000, 0x00000007a5560000)
  from space 21824K, 100% used [0x00000007a5560000, 0x00000007a6ab0000, 0x00000007a6ab0000)
  to   space 21824K,   0% used [0x00000007a6ab0000, 0x00000007a6ab0000, 0x00000007a8000000)
 concurrent mark-sweep generation total 393216K, used 181368K [0x00000007a8000000, 0x00000007c0000000, 0x00000007c0000000)
 Metaspace       used 36142K, capacity 36764K, committed 37072K, reserved 1081344K
  class space    used 4129K, capacity 4317K, committed 4348K, reserved 1048576K
2016-10-24T04:29:57.301+0800: 2571.331: [GC (Allocation Failure) 2016-10-24T04:29:57.302+0800: 2571.331: [ParNew
Desired survivor size 20112992 bytes, new threshold 8 (max 8)
- age   1:    7483136 bytes,    7483136 total
- age   2:    3723632 bytes,   11206768 total
- age   3:    3750704 bytes,   14957472 total
- age   4:    3618768 bytes,   18576240 total
: 109248K->21824K(109248K), 0.0068677 secs] 290616K->210526K(502464K), 0.0069298 secs] [Times: user=0.02 sys=0.01, real=0.00 secs] 
Heap after GC invocations=161 (full 7):
 par new generation   total 109248K, used 21824K [0x00000007a0000000, 0x00000007a8000000, 0x00000007a8000000)
  eden space 87424K,   0% used [0x00000007a0000000, 0x00000007a0000000, 0x00000007a5560000)
  from space 21824K, 100% used [0x00000007a6ab0000, 0x00000007a8000000, 0x00000007a8000000)
  to   space 21824K,   0% used [0x00000007a5560000, 0x00000007a5560000, 0x00000007a6ab0000)
 concurrent mark-sweep generation total 393216K, used 188702K [0x00000007a8000000, 0x00000007c0000000, 0x00000007c0000000)
 Metaspace       used 36142K, capacity 36764K, committed 37072K, reserved 1081344K
  class space    used 4129K, capacity 4317K, committed 4348K, reserved 1048576K
}
2016-10-24T04:29:57.308+0800: 2571.338: Total time for which application threads were stopped: 0.0070949 seconds, Stopping threads took: 0.0000273 seconds
{Heap before GC invocations=161 (full 7):
 par new generation   total 109248K, used 109248K [0x00000007a0000000, 0x00000007a8000000, 0x00000007a8000000)
  eden space 87424K, 100% used [0x00000007a0000000, 0x00000007a5560000, 0x00000007a5560000)
  from space 21824K, 100% used [0x00000007a6ab0000, 0x00000007a8000000, 0x00000007a8000000)
  to   space 21824K,   0% used [0x00000007a5560000, 0x00000007a5560000, 0x00000007a6ab0000)
 concurrent mark-sweep generation total 393216K, used 188702K [0x00000007a8000000, 0x00000007c0000000, 0x00000007c0000000)
 Metaspace       used 36142K, capacity 36764K, committed 37072K, reserved 1081344K
  class space    used 4129K, capacity 4317K, committed 4348K, reserved 1048576K
2016-10-24T04:29:57.566+0800: 2571.595: [GC (Allocation Failure) 2016-10-24T04:29:57.566+0800: 2571.595: [ParNew
Desired survivor size 20112992 bytes, new threshold 5 (max 8)
- age   1:    7876352 bytes,    7876352 total
- age   2:    3746152 bytes,   11622504 total
- age   3:    2704216 bytes,   14326720 total
- age   4:    3000200 bytes,   17326920 total
- age   5:    3141848 bytes,   20468768 total
: 109248K->21824K(109248K), 0.0114330 secs] 297950K->217642K(502464K), 0.0115143 secs] [Times: user=0.04 sys=0.00, real=0.01 secs] 
Heap after GC invocations=162 (full 7):
 par new generation   total 109248K, used 21824K [0x00000007a0000000, 0x00000007a8000000, 0x00000007a8000000)
  eden space 87424K,   0% used [0x00000007a0000000, 0x00000007a0000000, 0x00000007a5560000)
  from space 21824K, 100% used [0x00000007a5560000, 0x00000007a6ab0000, 0x00000007a6ab0000)
  to   space 21824K,   0% used [0x00000007a6ab0000, 0x00000007a6ab0000, 0x00000007a8000000)
 concurrent mark-sweep generation total 393216K, used 195818K [0x00000007a8000000, 0x00000007c0000000, 0x00000007c0000000)
 Metaspace       used 36142K, capacity 36764K, committed 37072K, reserved 1081344K
  class space    used 4129K, capacity 4317K, committed 4348K, reserved 1048576K
}
2016-10-24T04:29:57.577+0800: 2571.606: Total time for which application threads were stopped: 0.0117197 seconds, Stopping threads took: 0.0000252 seconds
{Heap before GC invocations=162 (full 7):
 par new generation   total 109248K, used 109248K [0x00000007a0000000, 0x00000007a8000000, 0x00000007a8000000)
  eden space 87424K, 100% used [0x00000007a0000000, 0x00000007a5560000, 0x00000007a5560000)
  from space 21824K, 100% used [0x00000007a5560000, 0x00000007a6ab0000, 0x00000007a6ab0000)
  to   space 21824K,   0% used [0x00000007a6ab0000, 0x00000007a6ab0000, 0x00000007a8000000)
 concurrent mark-sweep generation total 393216K, used 195818K [0x00000007a8000000, 0x00000007c0000000, 0x00000007c0000000)
 Metaspace       used 36142K, capacity 36764K, committed 37072K, reserved 1081344K
  class space    used 4129K, capacity 4317K, committed 4348K, reserved 1048576K
2016-10-24T04:29:57.886+0800: 2571.915: [GC (Allocation Failure) 2016-10-24T04:29:57.886+0800: 2571.916: [ParNew
Desired survivor size 20112992 bytes, new threshold 8 (max 8)
- age   1:    7910984 bytes,    7910984 total
- age   2:    1850864 bytes,    9761848 total
- age   3:    2049224 bytes,   11811072 total
- age   4:    2603016 bytes,   14414088 total
- age   5:    2901832 bytes,   17315920 total
: 109248K->21824K(109248K), 0.0125156 secs] 305066K->232370K(502464K), 0.0126056 secs] [Times: user=0.04 sys=0.01, real=0.01 secs] 
Heap after GC invocations=163 (full 7):
 par new generation   total 109248K, used 21824K [0x00000007a0000000, 0x00000007a8000000, 0x00000007a8000000)
  eden space 87424K,   0% used [0x00000007a0000000, 0x00000007a0000000, 0x00000007a5560000)
  from space 21824K, 100% used [0x00000007a6ab0000, 0x00000007a8000000, 0x00000007a8000000)
  to   space 21824K,   0% used [0x00000007a5560000, 0x00000007a5560000, 0x00000007a6ab0000)
 concurrent mark-sweep generation total 393216K, used 210546K [0x00000007a8000000, 0x00000007c0000000, 0x00000007c0000000)
 Metaspace       used 36142K, capacity 36764K, committed 37072K, reserved 1081344K
  class space    used 4129K, capacity 4317K, committed 4348K, reserved 1048576K
}
2016-10-24T04:29:57.899+0800: 2571.928: Total time for which application threads were stopped: 0.0127981 seconds, Stopping threads took: 0.0000330 seconds
2016-10-24T04:29:57.899+0800: 2571.928: [GC (CMS Initial Mark) [1 CMS-initial-mark: 210546K(393216K)] 234109K(502464K), 0.0032767 secs] [Times: user=0.01 sys=0.00, real=0.01 secs] 
2016-10-24T04:29:57.903+0800: 2571.932: Total time for which application threads were stopped: 0.0034563 seconds, Stopping threads took: 0.0000866 seconds
2016-10-24T04:29:57.903+0800: 2571.932: [CMS-concurrent-mark-start]
2016-10-24T04:29:57.914+0800: 2571.943: [CMS-concurrent-mark: 0.011/0.011 secs] [Times: user=0.05 sys=0.00, real=0.01 secs] 
2016-10-24T04:29:57.914+0800: 2571.943: [CMS-concurrent-preclean-start]
2016-10-24T04:29:57.915+0800: 2571.944: [CMS-concurrent-preclean: 0.001/0.001 secs] [Times: user=0.01 sys=0.00, real=0.00 secs] 
2016-10-24T04:29:57.915+0800: 2571.944: [CMS-concurrent-abortable-preclean-start]
2016-10-24T04:29:58.061+0800: 2572.090: [CMS-concurrent-abortable-preclean: 0.145/0.146 secs] [Times: user=0.29 sys=0.00, real=0.15 secs] 
2016-10-24T04:29:58.061+0800: 2572.090: [GC (CMS Final Remark) [YG occupancy: 74226 K (109248 K)]{Heap before GC invocations=163 (full 8):
 par new generation   total 109248K, used 74226K [0x00000007a0000000, 0x00000007a8000000, 0x00000007a8000000)
  eden space 87424K,  59% used [0x00000007a0000000, 0x00000007a332cac0, 0x00000007a5560000)
  from space 21824K, 100% used [0x00000007a6ab0000, 0x00000007a8000000, 0x00000007a8000000)
  to   space 21824K,   0% used [0x00000007a5560000, 0x00000007a5560000, 0x00000007a6ab0000)
 concurrent mark-sweep generation total 393216K, used 210546K [0x00000007a8000000, 0x00000007c0000000, 0x00000007c0000000)
 Metaspace       used 36142K, capacity 36764K, committed 37072K, reserved 1081344K
  class space    used 4129K, capacity 4317K, committed 4348K, reserved 1048576K
2016-10-24T04:29:58.061+0800: 2572.090: [GC (CMS Final Remark) 2016-10-24T04:29:58.061+0800: 2572.090: [ParNew
Desired survivor size 20112992 bytes, new threshold 6 (max 8)
- age   1:    8871312 bytes,    8871312 total
- age   2:    3142048 bytes,   12013360 total
- age   3:    1819448 bytes,   13832808 total
- age   4:    2018808 bytes,   15851616 total
- age   5:    2576656 bytes,   18428272 total
- age   6:    2879896 bytes,   21308168 total
: 74226K->21824K(109248K), 0.0070165 secs] 284773K->235261K(502464K), 0.0070572 secs] [Times: user=0.02 sys=0.00, real=0.00 secs] 
Heap after GC invocations=164 (full 8):
 par new generation   total 109248K, used 21824K [0x00000007a0000000, 0x00000007a8000000, 0x00000007a8000000)
  eden space 87424K,   0% used [0x00000007a0000000, 0x00000007a0000000, 0x00000007a5560000)
  from space 21824K, 100% used [0x00000007a5560000, 0x00000007a6ab0000, 0x00000007a6ab0000)
  to   space 21824K,   0% used [0x00000007a6ab0000, 0x00000007a6ab0000, 0x00000007a8000000)
 concurrent mark-sweep generation total 393216K, used 213437K [0x00000007a8000000, 0x00000007c0000000, 0x00000007c0000000)
 Metaspace       used 36142K, capacity 36764K, committed 37072K, reserved 1081344K
  class space    used 4129K, capacity 4317K, committed 4348K, reserved 1048576K
}
2016-10-24T04:29:58.068+0800: 2572.097: [Rescan (parallel) , 0.0026028 secs]2016-10-24T04:29:58.071+0800: 2572.100: [weak refs processing, 0.0008998 secs]2016-10-24T04:29:58.072+0800: 2572.101: [class unloading, 0.0081625 secs]2016-10-24T04:29:58.080+0800: 2572.109: [scrub symbol table, 0.0067213 secs]2016-10-24T04:29:58.086+0800: 2572.116: [scrub string table, 0.0006753 secs][1 CMS-remark: 213437K(393216K)] 235261K(502464K), 0.0264370 secs] [Times: user=0.05 sys=0.00, real=0.02 secs] 
2016-10-24T04:29:58.087+0800: 2572.117: Total time for which application threads were stopped: 0.0266012 seconds, Stopping threads took: 0.0000453 seconds
2016-10-24T04:29:58.087+0800: 2572.117: [CMS-concurrent-sweep-start]
2016-10-24T04:29:58.141+0800: 2572.170: [CMS-concurrent-sweep: 0.053/0.053 secs] [Times: user=0.10 sys=0.00, real=0.06 secs] 
2016-10-24T04:29:58.141+0800: 2572.170: [CMS-concurrent-reset-start]
2016-10-24T04:29:58.141+0800: 2572.170: [CMS-concurrent-reset: 0.000/0.000 secs] [Times: user=0.00 sys=0.00, real=0.00 secs] 
{Heap before GC invocations=164 (full 8):
 par new generation   total 109248K, used 109248K [0x00000007a0000000, 0x00000007a8000000, 0x00000007a8000000)
  eden space 87424K, 100% used [0x00000007a0000000, 0x00000007a5560000, 0x00000007a5560000)
  from space 21824K, 100% used [0x00000007a5560000, 0x00000007a6ab0000, 0x00000007a6ab0000)
  to   space 21824K,   0% used [0x00000007a6ab0000, 0x00000007a6ab0000, 0x00000007a8000000)
 concurrent mark-sweep generation total 393216K, used 52371K [0x00000007a8000000, 0x00000007c0000000, 0x00000007c0000000)
 Metaspace       used 36142K, capacity 36764K, committed 37072K, reserved 1081344K
  class space    used 4129K, capacity 4317K, committed 4348K, reserved 1048576K
2016-10-24T04:29:58.403+0800: 2572.432: [GC (Allocation Failure) 2016-10-24T04:29:58.403+0800: 2572.432: [ParNew
Desired survivor size 20112992 bytes, new threshold 8 (max 8)
- age   1:    8880944 bytes,    8880944 total
- age   2:    1721256 bytes,   10602200 total
- age   3:    2283376 bytes,   12885576 total
- age   4:    1446120 bytes,   14331696 total
- age   5:    1688240 bytes,   16019936 total
- age   6:    2516704 bytes,   18536640 total
: 109248K->21824K(109248K), 0.0109479 secs] 161619K->85600K(502464K), 0.0110035 secs] [Times: user=0.04 sys=0.00, real=0.01 secs] 
Heap after GC invocations=165 (full 8):
 par new generation   total 109248K, used 21824K [0x00000007a0000000, 0x00000007a8000000, 0x00000007a8000000)
  eden space 87424K,   0% used [0x00000007a0000000, 0x00000007a0000000, 0x00000007a5560000)
  from space 21824K, 100% used [0x00000007a6ab0000, 0x00000007a8000000, 0x00000007a8000000)
  to   space 21824K,   0% used [0x00000007a5560000, 0x00000007a5560000, 0x00000007a6ab0000)
 concurrent mark-sweep generation total 393216K, used 63776K [0x00000007a8000000, 0x00000007c0000000, 0x00000007c0000000)
 Metaspace       used 36142K, capacity 36764K, committed 37072K, reserved 1081344K
  class space    used 4129K, capacity 4317K, committed 4348K, reserved 1048576K
}
2016-10-24T04:29:58.414+0800: 2572.443: Total time for which application threads were stopped: 0.0112137 seconds, Stopping threads took: 0.0000307 seconds
{Heap before GC invocations=165 (full 8):
 par new generation   total 109248K, used 109248K [0x00000007a0000000, 0x00000007a8000000, 0x00000007a8000000)
  eden space 87424K, 100% used [0x00000007a0000000, 0x00000007a5560000, 0x00000007a5560000)
  from space 21824K, 100% used [0x00000007a6ab0000, 0x00000007a8000000, 0x00000007a8000000)
  to   space 21824K,   0% used [0x00000007a5560000, 0x00000007a5560000, 0x00000007a6ab0000)
 concurrent mark-sweep generation total 393216K, used 63776K [0x00000007a8000000, 0x00000007c0000000, 0x00000007c0000000)
 Metaspace       used 36142K, capacity 36764K, committed 37072K, reserved 1081344K
  class space    used 4129K, capacity 4317K, committed 4348K, reserved 1048576K
2016-10-24T04:29:58.706+0800: 2572.735: [GC (Allocation Failure) 2016-10-24T04:29:58.706+0800: 2572.735: [ParNew
Desired survivor size 20112992 bytes, new threshold 7 (max 8)
- age   1:    9704232 bytes,    9704232 total
- age   2:    4158152 bytes,   13862384 total
- age   3:    1605904 bytes,   15468288 total
- age   4:    2011264 bytes,   17479552 total
- age   5:     868352 bytes,   18347904 total
- age   6:    1523176 bytes,   19871080 total
- age   7:    2462192 bytes,   22333272 total
: 109248K->21824K(109248K), 0.0106756 secs] 173024K->94139K(502464K), 0.0107387 secs] [Times: user=0.04 sys=0.00, real=0.01 secs] 
Heap after GC invocations=166 (full 8):
 par new generation   total 109248K, used 21824K [0x00000007a0000000, 0x00000007a8000000, 0x00000007a8000000)
  eden space 87424K,   0% used [0x00000007a0000000, 0x00000007a0000000, 0x00000007a5560000)
  from space 21824K, 100% used [0x00000007a5560000, 0x00000007a6ab0000, 0x00000007a6ab0000)
  to   space 21824K,   0% used [0x00000007a6ab0000, 0x00000007a6ab0000, 0x00000007a8000000)
 concurrent mark-sweep generation total 393216K, used 72315K [0x00000007a8000000, 0x00000007c0000000, 0x00000007c0000000)
 Metaspace       used 36142K, capacity 36764K, committed 37072K, reserved 1081344K
  class space    used 4129K, capacity 4317K, committed 4348K, reserved 1048576K
}
2016-10-24T04:29:58.716+0800: 2572.745: Total time for which application threads were stopped: 0.0109228 seconds, Stopping threads took: 0.0000209 seconds
{Heap before GC invocations=166 (full 8):
 par new generation   total 109248K, used 108416K [0x00000007a0000000, 0x00000007a8000000, 0x00000007a8000000)
  eden space 87424K,  99% used [0x00000007a0000000, 0x00000007a54903b0, 0x00000007a5560000)
  from space 21824K, 100% used [0x00000007a5560000, 0x00000007a6ab0000, 0x00000007a6ab0000)
  to   space 21824K,   0% used [0x00000007a6ab0000, 0x00000007a6ab0000, 0x00000007a8000000)
 concurrent mark-sweep generation total 393216K, used 72315K [0x00000007a8000000, 0x00000007c0000000, 0x00000007c0000000)
 Metaspace       used 36142K, capacity 36764K, committed 37072K, reserved 1081344K
  class space    used 4129K, capacity 4317K, committed 4348K, reserved 1048576K
2016-10-24T04:29:59.031+0800: 2573.060: [GC (Allocation Failure) 2016-10-24T04:29:59.031+0800: 2573.060: [ParNew
Desired survivor size 20112992 bytes, new threshold 5 (max 8)
- age   1:    9715504 bytes,    9715504 total
- age   2:    4210128 bytes,   13925632 total
- age   3:    3479232 bytes,   17404864 total
- age   4:    1315952 bytes,   18720816 total
- age   5:    1521888 bytes,   20242704 total
- age   6:     449016 bytes,   20691720 total
- age   7:    1089984 bytes,   21781704 total
: 108416K->21824K(109248K), 0.0113474 secs] 180732K->104291K(502464K), 0.0114002 secs] [Times: user=0.04 sys=0.00, real=0.01 secs] 
Heap after GC invocations=167 (full 8):
 par new generation   total 109248K, used 21824K [0x00000007a0000000, 0x00000007a8000000, 0x00000007a8000000)
  eden space 87424K,   0% used [0x00000007a0000000, 0x00000007a0000000, 0x00000007a5560000)
  from space 21824K, 100% used [0x00000007a6ab0000, 0x00000007a8000000, 0x00000007a8000000)
  to   space 21824K,   0% used [0x00000007a5560000, 0x00000007a5560000, 0x00000007a6ab0000)
 concurrent mark-sweep generation total 393216K, used 82467K [0x00000007a8000000, 0x00000007c0000000, 0x00000007c0000000)
 Metaspace       used 36142K, capacity 36764K, committed 37072K, reserved 1081344K
  class space    used 4129K, capacity 4317K, committed 4348K, reserved 1048576K
}
2016-10-24T04:29:59.042+0800: 2573.072: Total time for which application threads were stopped: 0.0116245 seconds, Stopping threads took: 0.0000345 seconds
{Heap before GC invocations=167 (full 8):
 par new generation   total 109248K, used 109248K [0x00000007a0000000, 0x00000007a8000000, 0x00000007a8000000)
  eden space 87424K, 100% used [0x00000007a0000000, 0x00000007a5560000, 0x00000007a5560000)
  from space 21824K, 100% used [0x00000007a6ab0000, 0x00000007a8000000, 0x00000007a8000000)
  to   space 21824K,   0% used [0x00000007a5560000, 0x00000007a5560000, 0x00000007a6ab0000)
 concurrent mark-sweep generation total 393216K, used 82467K [0x00000007a8000000, 0x00000007c0000000, 0x00000007c0000000)
 Metaspace       used 36142K, capacity 36764K, committed 37072K, reserved 1081344K
  class space    used 4129K, capacity 4317K, committed 4348K, reserved 1048576K
2016-10-24T04:29:59.369+0800: 2573.398: [GC (Allocation Failure) 2016-10-24T04:29:59.369+0800: 2573.398: [ParNew
Desired survivor size 20112992 bytes, new threshold 8 (max 8)
- age   1:    8988840 bytes,    8988840 total
- age   2:    1986160 bytes,   10975000 total
- age   3:    1970976 bytes,   12945976 total
- age   4:    2170112 bytes,   15116088 total
- age   5:    1176792 bytes,   16292880 total
: 109248K->21824K(109248K), 0.0117343 secs] 191715K->127624K(502464K), 0.0118004 secs] [Times: user=0.04 sys=0.00, real=0.02 secs] 
Heap after GC invocations=168 (full 8):
 par new generation   total 109248K, used 21824K [0x00000007a0000000, 0x00000007a8000000, 0x00000007a8000000)
  eden space 87424K,   0% used [0x00000007a0000000, 0x00000007a0000000, 0x00000007a5560000)
  from space 21824K, 100% used [0x00000007a5560000, 0x00000007a6ab0000, 0x00000007a6ab0000)
  to   space 21824K,   0% used [0x00000007a6ab0000, 0x00000007a6ab0000, 0x00000007a8000000)
 concurrent mark-sweep generation total 393216K, used 105800K [0x00000007a8000000, 0x00000007c0000000, 0x00000007c0000000)
 Metaspace       used 36142K, capacity 36764K, committed 37072K, reserved 1081344K
  class space    used 4129K, capacity 4317K, committed 4348K, reserved 1048576K
}
2016-10-24T04:29:59.381+0800: 2573.410: Total time for which application threads were stopped: 0.0119769 seconds, Stopping threads took: 0.0000225 seconds
{Heap before GC invocations=168 (full 8):
 par new generation   total 109248K, used 109248K [0x00000007a0000000, 0x00000007a8000000, 0x00000007a8000000)
  eden space 87424K, 100% used [0x00000007a0000000, 0x00000007a5560000, 0x00000007a5560000)
  from space 21824K, 100% used [0x00000007a5560000, 0x00000007a6ab0000, 0x00000007a6ab0000)
  to   space 21824K,   0% used [0x00000007a6ab0000, 0x00000007a6ab0000, 0x00000007a8000000)
 concurrent mark-sweep generation total 393216K, used 105800K [0x00000007a8000000, 0x00000007c0000000, 0x00000007c0000000)
 Metaspace       used 36142K, capacity 36764K, committed 37072K, reserved 1081344K
  class space    used 4129K, capacity 4317K, committed 4348K, reserved 1048576K
2016-10-24T04:29:59.659+0800: 2573.688: [GC (Allocation Failure) 2016-10-24T04:29:59.659+0800: 2573.688: [ParNew
Desired survivor size 20112992 bytes, new threshold 5 (max 8)
- age   1:    8025368 bytes,    8025368 total
- age   2:    7454440 bytes,   15479808 total
- age   3:    1243096 bytes,   16722904 total
- age   4:    1806112 bytes,   18529016 total
- age   5:    2012016 bytes,   20541032 total
- age   6:    1090632 bytes,   21631664 total
: 109248K->21824K(109248K), 0.0112579 secs] 215048K->141585K(502464K), 0.0113289 secs] [Times: user=0.04 sys=0.00, real=0.02 secs] 
Heap after GC invocations=169 (full 8):
 par new generation   total 109248K, used 21824K [0x00000007a0000000, 0x00000007a8000000, 0x00000007a8000000)
  eden space 87424K,   0% used [0x00000007a0000000, 0x00000007a0000000, 0x00000007a5560000)
  from space 21824K, 100% used [0x00000007a6ab0000, 0x00000007a8000000, 0x00000007a8000000)
  to   space 21824K,   0% used [0x00000007a5560000, 0x00000007a5560000, 0x00000007a6ab0000)
 concurrent mark-sweep generation total 393216K, used 119761K [0x00000007a8000000, 0x00000007c0000000, 0x00000007c0000000)
 Metaspace       used 36142K, capacity 36764K, committed 37072K, reserved 1081344K
  class space    used 4129K, capacity 4317K, committed 4348K, reserved 1048576K
}
2016-10-24T04:29:59.670+0800: 2573.699: Total time for which application threads were stopped: 0.0115174 seconds, Stopping threads took: 0.0000330 seconds
{Heap before GC invocations=169 (full 8):
 par new generation   total 109248K, used 109248K [0x00000007a0000000, 0x00000007a8000000, 0x00000007a8000000)
  eden space 87424K, 100% used [0x00000007a0000000, 0x00000007a5560000, 0x00000007a5560000)
  from space 21824K, 100% used [0x00000007a6ab0000, 0x00000007a8000000, 0x00000007a8000000)
  to   space 21824K,   0% used [0x00000007a5560000, 0x00000007a5560000, 0x00000007a6ab0000)
 concurrent mark-sweep generation total 393216K, used 119761K [0x00000007a8000000, 0x00000007c0000000, 0x00000007c0000000)
 Metaspace       used 36142K, capacity 36764K, committed 37072K, reserved 1081344K
  class space    used 4129K, capacity 4317K, committed 4348K, reserved 1048576K
2016-10-24T04:29:59.950+0800: 2573.979: [GC (Allocation Failure) 2016-10-24T04:29:59.950+0800: 2573.979: [ParNew
Desired survivor size 20112992 bytes, new threshold 8 (max 8)
- age   1:    6206416 bytes,    6206416 total
- age   2:    3229544 bytes,    9435960 total
- age   3:    7307640 bytes,   16743600 total
- age   4:    1140264 bytes,   17883864 total
- age   5:    1728264 bytes,   19612128 total
: 109248K->21824K(109248K), 0.0107593 secs] 229009K->162524K(502464K), 0.0108257 secs] [Times: user=0.03 sys=0.00, real=0.01 secs] 
Heap after GC invocations=170 (full 8):
 par new generation   total 109248K, used 21824K [0x00000007a0000000, 0x00000007a8000000, 0x00000007a8000000)
  eden space 87424K,   0% used [0x00000007a0000000, 0x00000007a0000000, 0x00000007a5560000)
  from space 21824K, 100% used [0x00000007a5560000, 0x00000007a6ab0000, 0x00000007a6ab0000)
  to   space 21824K,   0% used [0x00000007a6ab0000, 0x00000007a6ab0000, 0x00000007a8000000)
 concurrent mark-sweep generation total 393216K, used 140700K [0x00000007a8000000, 0x00000007c0000000, 0x00000007c0000000)
 Metaspace       used 36142K, capacity 36764K, committed 37072K, reserved 1081344K
  class space    used 4129K, capacity 4317K, committed 4348K, reserved 1048576K
}
2016-10-24T04:29:59.961+0800: 2573.990: Total time for which application threads were stopped: 0.0110136 seconds, Stopping threads took: 0.0000236 seconds
{Heap before GC invocations=170 (full 8):
 par new generation   total 109248K, used 109248K [0x00000007a0000000, 0x00000007a8000000, 0x00000007a8000000)
  eden space 87424K, 100% used [0x00000007a0000000, 0x00000007a5560000, 0x00000007a5560000)
  from space 21824K, 100% used [0x00000007a5560000, 0x00000007a6ab0000, 0x00000007a6ab0000)
  to   space 21824K,   0% used [0x00000007a6ab0000, 0x00000007a6ab0000, 0x00000007a8000000)
 concurrent mark-sweep generation total 393216K, used 140700K [0x00000007a8000000, 0x00000007c0000000, 0x00000007c0000000)
 Metaspace       used 36142K, capacity 36764K, committed 37072K, reserved 1081344K
  class space    used 4129K, capacity 4317K, committed 4348K, reserved 1048576K
2016-10-24T04:30:00.280+0800: 2574.309: [GC (Allocation Failure) 2016-10-24T04:30:00.280+0800: 2574.309: [ParNew
Desired survivor size 20112992 bytes, new threshold 6 (max 8)
- age   1:    4340976 bytes,    4340976 total
- age   2:    5128896 bytes,    9469872 total
- age   3:    1774584 bytes,   11244456 total
- age   4:    7171920 bytes,   18416376 total
- age   5:    1079144 bytes,   19495520 total
- age   6:    1687088 bytes,   21182608 total
: 109248K->21824K(109248K), 0.0107148 secs] 249948K->166885K(502464K), 0.0107863 secs] [Times: user=0.04 sys=0.00, real=0.01 secs] 
Heap after GC invocations=171 (full 8):
 par new generation   total 109248K, used 21824K [0x00000007a0000000, 0x00000007a8000000, 0x00000007a8000000)
  eden space 87424K,   0% used [0x00000007a0000000, 0x00000007a0000000, 0x00000007a5560000)
  from space 21824K, 100% used [0x00000007a6ab0000, 0x00000007a8000000, 0x00000007a8000000)
  to   space 21824K,   0% used [0x00000007a5560000, 0x00000007a5560000, 0x00000007a6ab0000)
 concurrent mark-sweep generation total 393216K, used 145061K [0x00000007a8000000, 0x00000007c0000000, 0x00000007c0000000)
 Metaspace       used 36142K, capacity 36764K, committed 37072K, reserved 1081344K
  class space    used 4129K, capacity 4317K, committed 4348K, reserved 1048576K
}
2016-10-24T04:30:00.291+0800: 2574.320: Total time for which application threads were stopped: 0.0109697 seconds, Stopping threads took: 0.0000321 seconds
{Heap before GC invocations=171 (full 8):
 par new generation   total 109248K, used 109248K [0x00000007a0000000, 0x00000007a8000000, 0x00000007a8000000)
  eden space 87424K, 100% used [0x00000007a0000000, 0x00000007a5560000, 0x00000007a5560000)
  from space 21824K, 100% used [0x00000007a6ab0000, 0x00000007a8000000, 0x00000007a8000000)
  to   space 21824K,   0% used [0x00000007a5560000, 0x00000007a5560000, 0x00000007a6ab0000)
 concurrent mark-sweep generation total 393216K, used 145061K [0x00000007a8000000, 0x00000007c0000000, 0x00000007c0000000)
 Metaspace       used 36142K, capacity 36764K, committed 37072K, reserved 1081344K
  class space    used 4129K, capacity 4317K, committed 4348K, reserved 1048576K
2016-10-24T04:30:00.547+0800: 2574.576: [GC (Allocation Failure) 2016-10-24T04:30:00.547+0800: 2574.576: [ParNew
Desired survivor size 20112992 bytes, new threshold 5 (max 8)
- age   1:    7162784 bytes,    7162784 total
- age   2:    1415136 bytes,    8577920 total
- age   3:    4964816 bytes,   13542736 total
- age   4:    1649512 bytes,   15192248 total
- age   5:    5988544 bytes,   21180792 total
- age   6:     970296 bytes,   22151088 total
: 109248K->21824K(109248K), 0.0125348 secs] 254309K->191179K(502464K), 0.0125958 secs] [Times: user=0.05 sys=0.00, real=0.02 secs] 
Heap after GC invocations=172 (full 8):
 par new generation   total 109248K, used 21824K [0x00000007a0000000, 0x00000007a8000000, 0x00000007a8000000)
  eden space 87424K,   0% used [0x00000007a0000000, 0x00000007a0000000, 0x00000007a5560000)
  from space 21824K, 100% used [0x00000007a5560000, 0x00000007a6ab0000, 0x00000007a6ab0000)
  to   space 21824K,   0% used [0x00000007a6ab0000, 0x00000007a6ab0000, 0x00000007a8000000)
 concurrent mark-sweep generation total 393216K, used 169355K [0x00000007a8000000, 0x00000007c0000000, 0x00000007c0000000)
 Metaspace       used 36142K, capacity 36764K, committed 37072K, reserved 1081344K
  class space    used 4129K, capacity 4317K, committed 4348K, reserved 1048576K
}
2016-10-24T04:30:00.560+0800: 2574.589: Total time for which application threads were stopped: 0.0127818 seconds, Stopping threads took: 0.0000322 seconds
{Heap before GC invocations=172 (full 8):
 par new generation   total 109248K, used 109248K [0x00000007a0000000, 0x00000007a8000000, 0x00000007a8000000)
  eden space 87424K, 100% used [0x00000007a0000000, 0x00000007a5560000, 0x00000007a5560000)
  from space 21824K, 100% used [0x00000007a5560000, 0x00000007a6ab0000, 0x00000007a6ab0000)
  to   space 21824K,   0% used [0x00000007a6ab0000, 0x00000007a6ab0000, 0x00000007a8000000)
 concurrent mark-sweep generation total 393216K, used 169355K [0x00000007a8000000, 0x00000007c0000000, 0x00000007c0000000)
 Metaspace       used 36142K, capacity 36764K, committed 37072K, reserved 1081344K
  class space    used 4129K, capacity 4317K, committed 4348K, reserved 1048576K
2016-10-24T04:30:00.810+0800: 2574.839: [GC (Allocation Failure) 2016-10-24T04:30:00.810+0800: 2574.839: [ParNew
Desired survivor size 20112992 bytes, new threshold 5 (max 8)
- age   1:    7962000 bytes,    7962000 total
- age   2:    5886320 bytes,   13848320 total
- age   3:    1275840 bytes,   15124160 total
- age   4:    4964816 bytes,   20088976 total
- age   5:    1649488 bytes,   21738464 total
: 109248K->21824K(109248K), 0.0117176 secs] 278603K->199101K(502464K), 0.0117744 secs] [Times: user=0.04 sys=0.01, real=0.01 secs] 
Heap after GC invocations=173 (full 8):
 par new generation   total 109248K, used 21824K [0x00000007a0000000, 0x00000007a8000000, 0x00000007a8000000)
  eden space 87424K,   0% used [0x00000007a0000000, 0x00000007a0000000, 0x00000007a5560000)
  from space 21824K, 100% used [0x00000007a6ab0000, 0x00000007a8000000, 0x00000007a8000000)
  to   space 21824K,   0% used [0x00000007a5560000, 0x00000007a5560000, 0x00000007a6ab0000)
 concurrent mark-sweep generation total 393216K, used 177277K [0x00000007a8000000, 0x00000007c0000000, 0x00000007c0000000)
 Metaspace       used 36142K, capacity 36764K, committed 37072K, reserved 1081344K
  class space    used 4129K, capacity 4317K, committed 4348K, reserved 1048576K
}
2016-10-24T04:30:00.822+0800: 2574.851: Total time for which application threads were stopped: 0.0119783 seconds, Stopping threads took: 0.0000326 seconds
{Heap before GC invocations=173 (full 8):
 par new generation   total 109248K, used 109248K [0x00000007a0000000, 0x00000007a8000000, 0x00000007a8000000)
  eden space 87424K, 100% used [0x00000007a0000000, 0x00000007a5560000, 0x00000007a5560000)
  from space 21824K, 100% used [0x00000007a6ab0000, 0x00000007a8000000, 0x00000007a8000000)
  to   space 21824K,   0% used [0x00000007a5560000, 0x00000007a5560000, 0x00000007a6ab0000)
 concurrent mark-sweep generation total 393216K, used 177277K [0x00000007a8000000, 0x00000007c0000000, 0x00000007c0000000)
 Metaspace       used 36142K, capacity 36764K, committed 37072K, reserved 1081344K
  class space    used 4129K, capacity 4317K, committed 4348K, reserved 1048576K
2016-10-24T04:30:01.053+0800: 2575.082: [GC (Allocation Failure) 2016-10-24T04:30:01.053+0800: 2575.082: [ParNew
Desired survivor size 20112992 bytes, new threshold 5 (max 8)
- age   1:    5770376 bytes,    5770376 total
- age   2:    3697440 bytes,    9467816 total
- age   3:    5811296 bytes,   15279112 total
- age   4:    1272776 bytes,   16551888 total
- age   5:    4962688 bytes,   21514576 total
: 109248K->21824K(109248K), 0.0129839 secs] 286525K->204323K(502464K), 0.0130615 secs] [Times: user=0.05 sys=0.00, real=0.01 secs] 
Heap after GC invocations=174 (full 8):
 par new generation   total 109248K, used 21824K [0x00000007a0000000, 0x00000007a8000000, 0x00000007a8000000)
  eden space 87424K,   0% used [0x00000007a0000000, 0x00000007a0000000, 0x00000007a5560000)
  from space 21824K, 100% used [0x00000007a5560000, 0x00000007a6ab0000, 0x00000007a6ab0000)
  to   space 21824K,   0% used [0x00000007a6ab0000, 0x00000007a6ab0000, 0x00000007a8000000)
 concurrent mark-sweep generation total 393216K, used 182499K [0x00000007a8000000, 0x00000007c0000000, 0x00000007c0000000)
 Metaspace       used 36142K, capacity 36764K, committed 37072K, reserved 1081344K
  class space    used 4129K, capacity 4317K, committed 4348K, reserved 1048576K
}
2016-10-24T04:30:01.066+0800: 2575.095: Total time for which application threads were stopped: 0.0132523 seconds, Stopping threads took: 0.0000255 seconds
2016-10-24T04:30:06.152+0800: 2580.181: Total time for which application threads were stopped: 0.0001096 seconds, Stopping threads took: 0.0000291 seconds
{Heap before GC invocations=174 (full 8):
 par new generation   total 109248K, used 109248K [0x00000007a0000000, 0x00000007a8000000, 0x00000007a8000000)
  eden space 87424K, 100% used [0x00000007a0000000, 0x00000007a5560000, 0x00000007a5560000)
  from space 21824K, 100% used [0x00000007a5560000, 0x00000007a6ab0000, 0x00000007a6ab0000)
  to   space 21824K,   0% used [0x00000007a6ab0000, 0x00000007a6ab0000, 0x00000007a8000000)
 concurrent mark-sweep generation total 393216K, used 182499K [0x00000007a8000000, 0x00000007c0000000, 0x00000007c0000000)
 Metaspace       used 36142K, capacity 36764K, committed 37072K, reserved 1081344K
  class space    used 4129K, capacity 4317K, committed 4348K, reserved 1048576K
2016-10-24T04:30:06.181+0800: 2580.210: [GC (Allocation Failure) 2016-10-24T04:30:06.181+0800: 2580.211: [ParNew
Desired survivor size 20112992 bytes, new threshold 8 (max 8)
- age   1:    4676176 bytes,    4676176 total
- age   2:    4738304 bytes,    9414480 total
- age   3:    3461000 bytes,   12875480 total
- age   4:    5767168 bytes,   18642648 total
- age   5:    1230952 bytes,   19873600 total
: 109248K->21824K(109248K), 0.0120197 secs] 291747K->209278K(502464K), 0.0121043 secs] [Times: user=0.04 sys=0.00, real=0.01 secs] 
Heap after GC invocations=175 (full 8):
 par new generation   total 109248K, used 21824K [0x00000007a0000000, 0x00000007a8000000, 0x00000007a8000000)
  eden space 87424K,   0% used [0x00000007a0000000, 0x00000007a0000000, 0x00000007a5560000)
  from space 21824K, 100% used [0x00000007a6ab0000, 0x00000007a8000000, 0x00000007a8000000)
  to   space 21824K,   0% used [0x00000007a5560000, 0x00000007a5560000, 0x00000007a6ab0000)
 concurrent mark-sweep generation total 393216K, used 187454K [0x00000007a8000000, 0x00000007c0000000, 0x00000007c0000000)
 Metaspace       used 36142K, capacity 36764K, committed 37072K, reserved 1081344K
  class space    used 4129K, capacity 4317K, committed 4348K, reserved 1048576K
}
2016-10-24T04:30:06.193+0800: 2580.223: Total time for which application threads were stopped: 0.0123412 seconds, Stopping threads took: 0.0000382 seconds
2016-10-24T04:30:06.233+0800: 2580.262: Total time for which application threads were stopped: 0.0001764 seconds, Stopping threads took: 0.0000262 seconds
2016-10-24T04:30:06.233+0800: 2580.262: Total time for which application threads were stopped: 0.0000538 seconds, Stopping threads took: 0.0000088 seconds
{Heap before GC invocations=175 (full 8):
 par new generation   total 109248K, used 109248K [0x00000007a0000000, 0x00000007a8000000, 0x00000007a8000000)
  eden space 87424K, 100% used [0x00000007a0000000, 0x00000007a5560000, 0x00000007a5560000)
  from space 21824K, 100% used [0x00000007a6ab0000, 0x00000007a8000000, 0x00000007a8000000)
  to   space 21824K,   0% used [0x00000007a5560000, 0x00000007a5560000, 0x00000007a6ab0000)
 concurrent mark-sweep generation total 393216K, used 187454K [0x00000007a8000000, 0x00000007c0000000, 0x00000007c0000000)
 Metaspace       used 36142K, capacity 36764K, committed 37072K, reserved 1081344K
  class space    used 4129K, capacity 4317K, committed 4348K, reserved 1048576K
2016-10-24T04:30:07.199+0800: 2581.228: [GC (Allocation Failure) 2016-10-24T04:30:07.199+0800: 2581.228: [ParNew
Desired survivor size 20112992 bytes, new threshold 8 (max 8)
- age   1:     104536 bytes,     104536 total
- age   2:    4436104 bytes,    4540640 total
- age   3:    4677136 bytes,    9217776 total
- age   4:    3456544 bytes,   12674320 total
- age   5:    5767168 bytes,   18441488 total
- age   6:    1230952 bytes,   19672440 total
: 109248K->21824K(109248K), 0.0118156 secs] 296702K->209548K(502464K), 0.0118591 secs] [Times: user=0.05 sys=0.00, real=0.02 secs] 
Heap after GC invocations=176 (full 8):
 par new generation   total 109248K, used 21824K [0x00000007a0000000, 0x00000007a8000000, 0x00000007a8000000)
  eden space 87424K,   0% used [0x00000007a0000000, 0x00000007a0000000, 0x00000007a5560000)
  from space 21824K, 100% used [0x00000007a5560000, 0x00000007a6ab0000, 0x00000007a6ab0000)
  to   space 21824K,   0% used [0x00000007a6ab0000, 0x00000007a6ab0000, 0x00000007a8000000)
 concurrent mark-sweep generation total 393216K, used 187724K [0x00000007a8000000, 0x00000007c0000000, 0x00000007c0000000)
 Metaspace       used 36142K, capacity 36764K, committed 37072K, reserved 1081344K
  class space    used 4129K, capacity 4317K, committed 4348K, reserved 1048576K
}
2016-10-24T04:30:07.211+0800: 2581.240: Total time for which application threads were stopped: 0.0120374 seconds, Stopping threads took: 0.0000210 seconds
{Heap before GC invocations=176 (full 8):
 par new generation   total 109248K, used 109248K [0x00000007a0000000, 0x00000007a8000000, 0x00000007a8000000)
  eden space 87424K, 100% used [0x00000007a0000000, 0x00000007a5560000, 0x00000007a5560000)
  from space 21824K, 100% used [0x00000007a5560000, 0x00000007a6ab0000, 0x00000007a6ab0000)
  to   space 21824K,   0% used [0x00000007a6ab0000, 0x00000007a6ab0000, 0x00000007a8000000)
 concurrent mark-sweep generation total 393216K, used 187724K [0x00000007a8000000, 0x00000007c0000000, 0x00000007c0000000)
 Metaspace       used 36142K, capacity 36764K, committed 37072K, reserved 1081344K
  class space    used 4129K, capacity 4317K, committed 4348K, reserved 1048576K
2016-10-24T04:30:07.308+0800: 2581.337: [GC (Allocation Failure) 2016-10-24T04:30:07.308+0800: 2581.337: [ParNew
Desired survivor size 20112992 bytes, new threshold 8 (max 8)
- age   1:     108008 bytes,     108008 total
- age   2:      69120 bytes,     177128 total
- age   3:    4435144 bytes,    4612272 total
- age   4:    4515696 bytes,    9127968 total
- age   5:    3456488 bytes,   12584456 total
- age   6:    5767168 bytes,   18351624 total
- age   7:    1230952 bytes,   19582576 total
: 109248K->21824K(109248K), 0.0109659 secs] 296972K->209707K(502464K), 0.0110111 secs] [Times: user=0.04 sys=0.00, real=0.01 secs] 
Heap after GC invocations=177 (full 8):
 par new generation   total 109248K, used 21824K [0x00000007a0000000, 0x00000007a8000000, 0x00000007a8000000)
  eden space 87424K,   0% used [0x00000007a0000000, 0x00000007a0000000, 0x00000007a5560000)
  from space 21824K, 100% used [0x00000007a6ab0000, 0x00000007a8000000, 0x00000007a8000000)
  to   space 21824K,   0% used [0x00000007a5560000, 0x00000007a5560000, 0x00000007a6ab0000)
 concurrent mark-sweep generation total 393216K, used 187883K [0x00000007a8000000, 0x00000007c0000000, 0x00000007c0000000)
 Metaspace       used 36142K, capacity 36764K, committed 37072K, reserved 1081344K
  class space    used 4129K, capacity 4317K, committed 4348K, reserved 1048576K
}
2016-10-24T04:30:07.319+0800: 2581.348: Total time for which application threads were stopped: 0.0111989 seconds, Stopping threads took: 0.0000319 seconds
{Heap before GC invocations=177 (full 8):
 par new generation   total 109248K, used 109248K [0x00000007a0000000, 0x00000007a8000000, 0x00000007a8000000)
  eden space 87424K, 100% used [0x00000007a0000000, 0x00000007a5560000, 0x00000007a5560000)
  from space 21824K, 100% used [0x00000007a6ab0000, 0x00000007a8000000, 0x00000007a8000000)
  to   space 21824K,   0% used [0x00000007a5560000, 0x00000007a5560000, 0x00000007a6ab0000)
 concurrent mark-sweep generation total 393216K, used 187883K [0x00000007a8000000, 0x00000007c0000000, 0x00000007c0000000)
 Metaspace       used 36142K, capacity 36764K, committed 37072K, reserved 1081344K
  class space    used 4129K, capacity 4317K, committed 4348K, reserved 1048576K
2016-10-24T04:30:07.468+0800: 2581.497: [GC (Allocation Failure) 2016-10-24T04:30:07.468+0800: 2581.497: [ParNew
Desired survivor size 20112992 bytes, new threshold 8 (max 8)
- age   1:     128512 bytes,     128512 total
- age   2:      10440 bytes,     138952 total
- age   3:      69120 bytes,     208072 total
- age   4:    4435144 bytes,    4643216 total
- age   5:    4515696 bytes,    9158912 total
- age   6:    3456488 bytes,   12615400 total
- age   7:    5767192 bytes,   18382592 total
- age   8:    1230952 bytes,   19613544 total
: 109248K->21824K(109248K), 0.0115081 secs] 297131K->209707K(502464K), 0.0115654 secs] [Times: user=0.04 sys=0.00, real=0.01 secs] 
Heap after GC invocations=178 (full 8):
 par new generation   total 109248K, used 21824K [0x00000007a0000000, 0x00000007a8000000, 0x00000007a8000000)
  eden space 87424K,   0% used [0x00000007a0000000, 0x00000007a0000000, 0x00000007a5560000)
  from space 21824K, 100% used [0x00000007a5560000, 0x00000007a6ab0000, 0x00000007a6ab0000)
  to   space 21824K,   0% used [0x00000007a6ab0000, 0x00000007a6ab0000, 0x00000007a8000000)
 concurrent mark-sweep generation total 393216K, used 187883K [0x00000007a8000000, 0x00000007c0000000, 0x00000007c0000000)
 Metaspace       used 36142K, capacity 36764K, committed 37072K, reserved 1081344K
  class space    used 4129K, capacity 4317K, committed 4348K, reserved 1048576K
}
2016-10-24T04:30:07.479+0800: 2581.509: Total time for which application threads were stopped: 0.0117446 seconds, Stopping threads took: 0.0000199 seconds
{Heap before GC invocations=178 (full 8):
 par new generation   total 109248K, used 109248K [0x00000007a0000000, 0x00000007a8000000, 0x00000007a8000000)
  eden space 87424K, 100% used [0x00000007a0000000, 0x00000007a5560000, 0x00000007a5560000)
  from space 21824K, 100% used [0x00000007a5560000, 0x00000007a6ab0000, 0x00000007a6ab0000)
  to   space 21824K,   0% used [0x00000007a6ab0000, 0x00000007a6ab0000, 0x00000007a8000000)
 concurrent mark-sweep generation total 393216K, used 187883K [0x00000007a8000000, 0x00000007c0000000, 0x00000007c0000000)
 Metaspace       used 36142K, capacity 36764K, committed 37072K, reserved 1081344K
  class space    used 4129K, capacity 4317K, committed 4348K, reserved 1048576K
2016-10-24T04:30:07.564+0800: 2581.593: [GC (Allocation Failure) 2016-10-24T04:30:07.564+0800: 2581.593: [ParNew
Desired survivor size 20112992 bytes, new threshold 8 (max 8)
- age   1:     109584 bytes,     109584 total
- age   2:      64976 bytes,     174560 total
- age   3:      10440 bytes,     185000 total
- age   4:      69120 bytes,     254120 total
- age   5:    4435144 bytes,    4689264 total
- age   6:    4515696 bytes,    9204960 total
- age   7:    3456488 bytes,   12661448 total
- age   8:    5767168 bytes,   18428616 total
: 109248K->21824K(109248K), 0.0127744 secs] 297131K->210944K(502464K), 0.0128476 secs] [Times: user=0.05 sys=0.00, real=0.01 secs] 
Heap after GC invocations=179 (full 8):
 par new generation   total 109248K, used 21824K [0x00000007a0000000, 0x00000007a8000000, 0x00000007a8000000)
  eden space 87424K,   0% used [0x00000007a0000000, 0x00000007a0000000, 0x00000007a5560000)
  from space 21824K, 100% used [0x00000007a6ab0000, 0x00000007a8000000, 0x00000007a8000000)
  to   space 21824K,   0% used [0x00000007a5560000, 0x00000007a5560000, 0x00000007a6ab0000)
 concurrent mark-sweep generation total 393216K, used 189120K [0x00000007a8000000, 0x00000007c0000000, 0x00000007c0000000)
 Metaspace       used 36142K, capacity 36764K, committed 37072K, reserved 1081344K
  class space    used 4129K, capacity 4317K, committed 4348K, reserved 1048576K
}
2016-10-24T04:30:07.576+0800: 2581.606: Total time for which application threads were stopped: 0.0130244 seconds, Stopping threads took: 0.0000291 seconds
{Heap before GC invocations=179 (full 8):
 par new generation   total 109248K, used 109248K [0x00000007a0000000, 0x00000007a8000000, 0x00000007a8000000)
  eden space 87424K, 100% used [0x00000007a0000000, 0x00000007a5560000, 0x00000007a5560000)
  from space 21824K, 100% used [0x00000007a6ab0000, 0x00000007a8000000, 0x00000007a8000000)
  to   space 21824K,   0% used [0x00000007a5560000, 0x00000007a5560000, 0x00000007a6ab0000)
 concurrent mark-sweep generation total 393216K, used 189120K [0x00000007a8000000, 0x00000007c0000000, 0x00000007c0000000)
 Metaspace       used 36142K, capacity 36764K, committed 37072K, reserved 1081344K
  class space    used 4129K, capacity 4317K, committed 4348K, reserved 1048576K
2016-10-24T04:30:07.687+0800: 2581.716: [GC (Allocation Failure) 2016-10-24T04:30:07.687+0800: 2581.716: [ParNew
Desired survivor size 20112992 bytes, new threshold 8 (max 8)
- age   1:      90336 bytes,      90336 total
- age   3:       3432 bytes,      93768 total
- age   4:      10440 bytes,     104208 total
- age   5:      69120 bytes,     173328 total
- age   6:    4435144 bytes,    4608472 total
- age   7:    4515696 bytes,    9124168 total
- age   8:    3456488 bytes,   12580656 total
: 109248K->18287K(109248K), 0.0113210 secs] 298368K->213073K(502464K), 0.0113784 secs] [Times: user=0.04 sys=0.00, real=0.01 secs] 
Heap after GC invocations=180 (full 8):
 par new generation   total 109248K, used 18287K [0x00000007a0000000, 0x00000007a8000000, 0x00000007a8000000)
  eden space 87424K,   0% used [0x00000007a0000000, 0x00000007a0000000, 0x00000007a5560000)
  from space 21824K,  83% used [0x00000007a5560000, 0x00000007a673be80, 0x00000007a6ab0000)
  to   space 21824K,   0% used [0x00000007a6ab0000, 0x00000007a6ab0000, 0x00000007a8000000)
 concurrent mark-sweep generation total 393216K, used 194785K [0x00000007a8000000, 0x00000007c0000000, 0x00000007c0000000)
 Metaspace       used 36142K, capacity 36764K, committed 37072K, reserved 1081344K
  class space    used 4129K, capacity 4317K, committed 4348K, reserved 1048576K
}
2016-10-24T04:30:07.698+0800: 2581.728: Total time for which application threads were stopped: 0.0115542 seconds, Stopping threads took: 0.0000314 seconds
{Heap before GC invocations=180 (full 8):
 par new generation   total 109248K, used 105711K [0x00000007a0000000, 0x00000007a8000000, 0x00000007a8000000)
  eden space 87424K, 100% used [0x00000007a0000000, 0x00000007a5560000, 0x00000007a5560000)
  from space 21824K,  83% used [0x00000007a5560000, 0x00000007a673be80, 0x00000007a6ab0000)
  to   space 21824K,   0% used [0x00000007a6ab0000, 0x00000007a6ab0000, 0x00000007a8000000)
 concurrent mark-sweep generation total 393216K, used 194785K [0x00000007a8000000, 0x00000007c0000000, 0x00000007c0000000)
 Metaspace       used 36142K, capacity 36764K, committed 37072K, reserved 1081344K
  class space    used 4129K, capacity 4317K, committed 4348K, reserved 1048576K
2016-10-24T04:30:07.778+0800: 2581.808: [GC (Allocation Failure) 2016-10-24T04:30:07.778+0800: 2581.808: [ParNew
Desired survivor size 20112992 bytes, new threshold 8 (max 8)
- age   1:      88512 bytes,      88512 total
- age   2:      65824 bytes,     154336 total
- age   4:       3432 bytes,     157768 total
- age   5:      10440 bytes,     168208 total
- age   6:      69120 bytes,     237328 total
- age   7:    4435144 bytes,    4672472 total
- age   8:    4515696 bytes,    9188168 total
: 105711K->14136K(109248K), 0.0094481 secs] 300497K->212376K(502464K), 0.0095133 secs] [Times: user=0.03 sys=0.01, real=0.01 secs] 
Heap after GC invocations=181 (full 8):
 par new generation   total 109248K, used 14136K [0x00000007a0000000, 0x00000007a8000000, 0x00000007a8000000)
  eden space 87424K,   0% used [0x00000007a0000000, 0x00000007a0000000, 0x00000007a5560000)
  from space 21824K,  64% used [0x00000007a6ab0000, 0x00000007a787e318, 0x00000007a8000000)
  to   space 21824K,   0% used [0x00000007a5560000, 0x00000007a5560000, 0x00000007a6ab0000)
 concurrent mark-sweep generation total 393216K, used 198239K [0x00000007a8000000, 0x00000007c0000000, 0x00000007c0000000)
 Metaspace       used 36142K, capacity 36764K, committed 37072K, reserved 1081344K
  class space    used 4129K, capacity 4317K, committed 4348K, reserved 1048576K
}
2016-10-24T04:30:07.788+0800: 2581.817: Total time for which application threads were stopped: 0.0096828 seconds, Stopping threads took: 0.0000298 seconds
2016-10-24T04:30:07.788+0800: 2581.817: [GC (CMS Initial Mark) [1 CMS-initial-mark: 198239K(393216K)] 214023K(502464K), 0.0014688 secs] [Times: user=0.00 sys=0.00, real=0.00 secs] 
2016-10-24T04:30:07.789+0800: 2581.819: Total time for which application threads were stopped: 0.0016226 seconds, Stopping threads took: 0.0000726 seconds
2016-10-24T04:30:07.789+0800: 2581.819: [CMS-concurrent-mark-start]
2016-10-24T04:30:07.821+0800: 2581.851: [CMS-concurrent-mark: 0.032/0.032 secs] [Times: user=0.15 sys=0.00, real=0.04 secs] 
2016-10-24T04:30:07.821+0800: 2581.851: [CMS-concurrent-preclean-start]
2016-10-24T04:30:07.822+0800: 2581.852: [CMS-concurrent-preclean: 0.001/0.001 secs] [Times: user=0.00 sys=0.00, real=0.00 secs] 
2016-10-24T04:30:07.822+0800: 2581.852: [CMS-concurrent-abortable-preclean-start]
{Heap before GC invocations=181 (full 9):
 par new generation   total 109248K, used 101560K [0x00000007a0000000, 0x00000007a8000000, 0x00000007a8000000)
  eden space 87424K, 100% used [0x00000007a0000000, 0x00000007a5560000, 0x00000007a5560000)
  from space 21824K,  64% used [0x00000007a6ab0000, 0x00000007a787e318, 0x00000007a8000000)
  to   space 21824K,   0% used [0x00000007a5560000, 0x00000007a5560000, 0x00000007a6ab0000)
 concurrent mark-sweep generation total 393216K, used 198239K [0x00000007a8000000, 0x00000007c0000000, 0x00000007c0000000)
 Metaspace       used 36142K, capacity 36764K, committed 37072K, reserved 1081344K
  class space    used 4129K, capacity 4317K, committed 4348K, reserved 1048576K
2016-10-24T04:30:07.917+0800: 2581.946: [GC (Allocation Failure) 2016-10-24T04:30:07.917+0800: 2581.946: [ParNew
Desired survivor size 20112992 bytes, new threshold 8 (max 8)
- age   1:      56576 bytes,      56576 total
- age   3:        224 bytes,      56800 total
- age   5:       3432 bytes,      60232 total
- age   6:      10440 bytes,      70672 total
- age   7:      69120 bytes,     139792 total
- age   8:    4435144 bytes,    4574936 total
: 101560K->6850K(109248K), 0.0095365 secs] 299800K->209579K(502464K), 0.0096164 secs] [Times: user=0.03 sys=0.00, real=0.01 secs] 
Heap after GC invocations=182 (full 9):
 par new generation   total 109248K, used 6850K [0x00000007a0000000, 0x00000007a8000000, 0x00000007a8000000)
  eden space 87424K,   0% used [0x00000007a0000000, 0x00000007a0000000, 0x00000007a5560000)
  from space 21824K,  31% used [0x00000007a5560000, 0x00000007a5c109e0, 0x00000007a6ab0000)
  to   space 21824K,   0% used [0x00000007a6ab0000, 0x00000007a6ab0000, 0x00000007a8000000)
 concurrent mark-sweep generation total 393216K, used 202729K [0x00000007a8000000, 0x00000007c0000000, 0x00000007c0000000)
 Metaspace       used 36142K, capacity 36764K, committed 37072K, reserved 1081344K
  class space    used 4129K, capacity 4317K, committed 4348K, reserved 1048576K
}
2016-10-24T04:30:07.926+0800: 2581.956: Total time for which application threads were stopped: 0.0098760 seconds, Stopping threads took: 0.0000349 seconds
2016-10-24T04:30:07.964+0800: 2581.993: Total time for which application threads were stopped: 0.0001643 seconds, Stopping threads took: 0.0000279 seconds
2016-10-24T04:30:08.054+0800: 2582.083: Total time for which application threads were stopped: 0.0001021 seconds, Stopping threads took: 0.0000204 seconds
2016-10-24T04:30:08.055+0800: 2582.084: Total time for which application threads were stopped: 0.0000862 seconds, Stopping threads took: 0.0000133 seconds
2016-10-24T04:30:08.055+0800: 2582.085: Total time for which application threads were stopped: 0.0000748 seconds, Stopping threads took: 0.0000225 seconds
2016-10-24T04:30:08.055+0800: 2582.085: Total time for which application threads were stopped: 0.0000580 seconds, Stopping threads took: 0.0000079 seconds
2016-10-24T04:30:08.055+0800: 2582.085: Total time for which application threads were stopped: 0.0000956 seconds, Stopping threads took: 0.0000263 seconds
2016-10-24T04:30:08.056+0800: 2582.085: Total time for which application threads were stopped: 0.0000995 seconds, Stopping threads took: 0.0000105 seconds
2016-10-24T04:30:08.056+0800: 2582.086: Total time for which application threads were stopped: 0.0000875 seconds, Stopping threads took: 0.0000293 seconds
2016-10-24T04:30:08.056+0800: 2582.086: Total time for which application threads were stopped: 0.0000646 seconds, Stopping threads took: 0.0000085 seconds
2016-10-24T04:30:08.056+0800: 2582.086: Total time for which application threads were stopped: 0.0000992 seconds, Stopping threads took: 0.0000524 seconds
2016-10-24T04:30:08.056+0800: 2582.086: Total time for which application threads were stopped: 0.0000743 seconds, Stopping threads took: 0.0000273 seconds
2016-10-24T04:30:08.057+0800: 2582.086: Total time for which application threads were stopped: 0.0000782 seconds, Stopping threads took: 0.0000199 seconds
2016-10-24T04:30:08.057+0800: 2582.086: Total time for which application threads were stopped: 0.0002002 seconds, Stopping threads took: 0.0000219 seconds
2016-10-24T04:30:08.057+0800: 2582.087: Total time for which application threads were stopped: 0.0001015 seconds, Stopping threads took: 0.0000436 seconds
2016-10-24T04:30:09.059+0800: 2583.088: Total time for which application threads were stopped: 0.0002193 seconds, Stopping threads took: 0.0000561 seconds
 CMS: abort preclean due to time 2016-10-24T04:30:13.929+0800: 2587.959: [CMS-concurrent-abortable-preclean: 1.135/6.107 secs] [Times: user=1.40 sys=0.03, real=6.10 secs] 
2016-10-24T04:30:13.929+0800: 2587.959: [GC (CMS Final Remark) [YG occupancy: 46311 K (109248 K)]{Heap before GC invocations=182 (full 9):
 par new generation   total 109248K, used 46311K [0x00000007a0000000, 0x00000007a8000000, 0x00000007a8000000)
  eden space 87424K,  45% used [0x00000007a0000000, 0x00000007a26895e8, 0x00000007a5560000)
  from space 21824K,  31% used [0x00000007a5560000, 0x00000007a5c109e0, 0x00000007a6ab0000)
  to   space 21824K,   0% used [0x00000007a6ab0000, 0x00000007a6ab0000, 0x00000007a8000000)
 concurrent mark-sweep generation total 393216K, used 202729K [0x00000007a8000000, 0x00000007c0000000, 0x00000007c0000000)
 Metaspace       used 36145K, capacity 36764K, committed 37072K, reserved 1081344K
  class space    used 4129K, capacity 4317K, committed 4348K, reserved 1048576K
2016-10-24T04:30:13.930+0800: 2587.959: [GC (CMS Final Remark) 2016-10-24T04:30:13.930+0800: 2587.959: [ParNew
Desired survivor size 20112992 bytes, new threshold 8 (max 8)
- age   1:     359792 bytes,     359792 total
- age   8:      22472 bytes,     382264 total
: 46311K->2183K(109248K), 0.0078110 secs] 249041K->208554K(502464K), 0.0078668 secs] [Times: user=0.02 sys=0.00, real=0.00 secs] 
Heap after GC invocations=183 (full 9):
 par new generation   total 109248K, used 2183K [0x00000007a0000000, 0x00000007a8000000, 0x00000007a8000000)
  eden space 87424K,   0% used [0x00000007a0000000, 0x00000007a0000000, 0x00000007a5560000)
  from space 21824K,  10% used [0x00000007a6ab0000, 0x00000007a6cd1c00, 0x00000007a8000000)
  to   space 21824K,   0% used [0x00000007a5560000, 0x00000007a5560000, 0x00000007a6ab0000)
 concurrent mark-sweep generation total 393216K, used 206371K [0x00000007a8000000, 0x00000007c0000000, 0x00000007c0000000)
 Metaspace       used 36145K, capacity 36764K, committed 37072K, reserved 1081344K
  class space    used 4129K, capacity 4317K, committed 4348K, reserved 1048576K
}
2016-10-24T04:30:13.937+0800: 2587.967: [Rescan (parallel) , 0.0043769 secs]2016-10-24T04:30:13.942+0800: 2587.971: [weak refs processing, 0.0008162 secs]2016-10-24T04:30:13.943+0800: 2587.972: [class unloading, 0.0081028 secs]2016-10-24T04:30:13.951+0800: 2587.980: [scrub symbol table, 0.0062608 secs]2016-10-24T04:30:13.957+0800: 2587.987: [scrub string table, 0.0005436 secs][1 CMS-remark: 206371K(393216K)] 208554K(502464K), 0.0282251 secs] [Times: user=0.05 sys=0.00, real=0.03 secs] 
2016-10-24T04:30:13.958+0800: 2587.987: Total time for which application threads were stopped: 0.0283365 seconds, Stopping threads took: 0.0000189 seconds
2016-10-24T04:30:13.958+0800: 2587.987: [CMS-concurrent-sweep-start]
2016-10-24T04:30:13.987+0800: 2588.016: [CMS-concurrent-sweep: 0.029/0.029 secs] [Times: user=0.03 sys=0.00, real=0.03 secs] 
2016-10-24T04:30:13.987+0800: 2588.016: [CMS-concurrent-reset-start]
2016-10-24T04:30:13.987+0800: 2588.017: [CMS-concurrent-reset: 0.000/0.000 secs] [Times: user=0.00 sys=0.00, real=0.00 secs] 
2016-10-24T04:30:55.928+0800: 2629.958: Total time for which application threads were stopped: 0.0002717 seconds, Stopping threads took: 0.0000734 seconds
2016-10-24T04:30:56.203+0800: 2630.233: Total time for which application threads were stopped: 0.0001372 seconds, Stopping threads took: 0.0000310 seconds
2016-10-24T04:30:56.203+0800: 2630.233: Total time for which application threads were stopped: 0.0000841 seconds, Stopping threads took: 0.0000222 seconds
2016-10-24T04:30:56.208+0800: 2630.238: Total time for which application threads were stopped: 0.0001047 seconds, Stopping threads took: 0.0000306 seconds
2016-10-24T04:30:56.208+0800: 2630.238: Total time for which application threads were stopped: 0.0000731 seconds, Stopping threads took: 0.0000174 seconds
2016-10-24T04:30:57.213+0800: 2631.244: Total time for which application threads were stopped: 0.0002416 seconds, Stopping threads took: 0.0000544 seconds
2016-10-24T04:31:08.615+0800: 2642.646: Total time for which application threads were stopped: 0.0001080 seconds, Stopping threads took: 0.0000190 seconds
2016-10-24T04:31:08.616+0800: 2642.647: Total time for which application threads were stopped: 0.0000930 seconds, Stopping threads took: 0.0000130 seconds
2016-10-24T04:31:08.616+0800: 2642.647: Total time for which application threads were stopped: 0.0000597 seconds, Stopping threads took: 0.0000109 seconds
2016-10-24T04:31:08.616+0800: 2642.647: Total time for which application threads were stopped: 0.0000538 seconds, Stopping threads took: 0.0000084 seconds
2016-10-24T04:31:08.616+0800: 2642.647: Total time for which application threads were stopped: 0.0001450 seconds, Stopping threads took: 0.0000069 seconds
2016-10-24T04:31:08.621+0800: 2642.652: Total time for which application threads were stopped: 0.0001152 seconds, Stopping threads took: 0.0000207 seconds
2016-10-24T04:31:08.621+0800: 2642.652: Total time for which application threads were stopped: 0.0001129 seconds, Stopping threads took: 0.0000274 seconds
2016-10-24T04:31:08.626+0800: 2642.657: Total time for which application threads were stopped: 0.0001048 seconds, Stopping threads took: 0.0000301 seconds
2016-10-24T04:31:08.626+0800: 2642.657: Total time for which application threads were stopped: 0.0001064 seconds, Stopping threads took: 0.0000513 seconds
2016-10-24T04:31:12.636+0800: 2646.667: Total time for which application threads were stopped: 0.0001480 seconds, Stopping threads took: 0.0000325 seconds
2016-10-24T04:31:37.868+0800: 2671.900: Total time for which application threads were stopped: 0.0006035 seconds, Stopping threads took: 0.0000164 seconds
2016-10-24T04:31:37.906+0800: 2671.938: Total time for which application threads were stopped: 0.0006922 seconds, Stopping threads took: 0.0000272 seconds
2016-10-24T04:31:37.906+0800: 2671.938: Total time for which application threads were stopped: 0.0000856 seconds, Stopping threads took: 0.0000078 seconds
2016-10-24T04:31:37.949+0800: 2671.981: Total time for which application threads were stopped: 0.0001233 seconds, Stopping threads took: 0.0000253 seconds
2016-10-24T04:31:38.043+0800: 2672.075: Total time for which application threads were stopped: 0.0001687 seconds, Stopping threads took: 0.0000483 seconds
2016-10-24T04:31:38.057+0800: 2672.089: Total time for which application threads were stopped: 0.0001022 seconds, Stopping threads took: 0.0000181 seconds
2016-10-24T04:31:38.062+0800: 2672.094: Total time for which application threads were stopped: 0.0000733 seconds, Stopping threads took: 0.0000117 seconds
2016-10-24T04:31:38.063+0800: 2672.095: Total time for which application threads were stopped: 0.0000865 seconds, Stopping threads took: 0.0000229 seconds
2016-10-24T04:31:38.238+0800: 2672.270: Total time for which application threads were stopped: 0.0001740 seconds, Stopping threads took: 0.0000231 seconds
2016-10-24T04:31:38.259+0800: 2672.291: Total time for which application threads were stopped: 0.0001561 seconds, Stopping threads took: 0.0000179 seconds
2016-10-24T04:31:38.291+0800: 2672.323: Total time for which application threads were stopped: 0.0001073 seconds, Stopping threads took: 0.0000176 seconds
2016-10-24T04:31:38.291+0800: 2672.323: Total time for which application threads were stopped: 0.0000761 seconds, Stopping threads took: 0.0000253 seconds
2016-10-24T04:31:38.291+0800: 2672.323: Total time for which application threads were stopped: 0.0000418 seconds, Stopping threads took: 0.0000072 seconds
2016-10-24T04:31:38.291+0800: 2672.323: Total time for which application threads were stopped: 0.0000403 seconds, Stopping threads took: 0.0000065 seconds
2016-10-24T04:31:38.292+0800: 2672.323: Total time for which application threads were stopped: 0.0001241 seconds, Stopping threads took: 0.0000067 seconds
2016-10-24T04:31:39.296+0800: 2673.328: Total time for which application threads were stopped: 0.0001696 seconds, Stopping threads took: 0.0000321 seconds
2016-10-24T04:31:50.141+0800: 2684.173: Total time for which application threads were stopped: 0.0000878 seconds, Stopping threads took: 0.0000188 seconds
2016-10-24T04:31:50.141+0800: 2684.174: Total time for which application threads were stopped: 0.0000545 seconds, Stopping threads took: 0.0000076 seconds
2016-10-24T04:31:50.142+0800: 2684.174: Total time for which application threads were stopped: 0.0000583 seconds, Stopping threads took: 0.0000078 seconds
2016-10-24T04:31:50.142+0800: 2684.174: Total time for which application threads were stopped: 0.0000576 seconds, Stopping threads took: 0.0000069 seconds
2016-10-24T04:31:50.147+0800: 2684.179: Total time for which application threads were stopped: 0.0001098 seconds, Stopping threads took: 0.0000309 seconds
2016-10-24T04:31:50.147+0800: 2684.179: Total time for which application threads were stopped: 0.0000529 seconds, Stopping threads took: 0.0000162 seconds
2016-10-24T04:31:50.165+0800: 2684.197: Total time for which application threads were stopped: 0.0001272 seconds, Stopping threads took: 0.0000517 seconds
2016-10-24T04:31:50.185+0800: 2684.217: Total time for which application threads were stopped: 0.0001518 seconds, Stopping threads took: 0.0000361 seconds
2016-10-24T04:31:50.207+0800: 2684.239: Total time for which application threads were stopped: 0.0001117 seconds, Stopping threads took: 0.0000189 seconds
2016-10-24T04:31:50.210+0800: 2684.242: Total time for which application threads were stopped: 0.0001102 seconds, Stopping threads took: 0.0000368 seconds
2016-10-24T04:31:50.210+0800: 2684.242: Total time for which application threads were stopped: 0.0001063 seconds, Stopping threads took: 0.0000183 seconds
2016-10-24T04:31:50.211+0800: 2684.243: Total time for which application threads were stopped: 0.0000681 seconds, Stopping threads took: 0.0000143 seconds
2016-10-24T04:31:50.211+0800: 2684.243: Total time for which application threads were stopped: 0.0001006 seconds, Stopping threads took: 0.0000250 seconds
2016-10-24T04:31:50.211+0800: 2684.243: Total time for which application threads were stopped: 0.0000887 seconds, Stopping threads took: 0.0000124 seconds
2016-10-24T04:31:50.211+0800: 2684.243: Total time for which application threads were stopped: 0.0000835 seconds, Stopping threads took: 0.0000180 seconds
2016-10-24T04:31:50.211+0800: 2684.243: Total time for which application threads were stopped: 0.0000673 seconds, Stopping threads took: 0.0000093 seconds
2016-10-24T04:31:50.211+0800: 2684.243: Total time for which application threads were stopped: 0.0000643 seconds, Stopping threads took: 0.0000089 seconds
2016-10-24T04:31:50.211+0800: 2684.244: Total time for which application threads were stopped: 0.0000680 seconds, Stopping threads took: 0.0000100 seconds
2016-10-24T04:31:50.212+0800: 2684.244: Total time for which application threads were stopped: 0.0000806 seconds, Stopping threads took: 0.0000117 seconds
2016-10-24T04:31:50.212+0800: 2684.244: Total time for which application threads were stopped: 0.0001006 seconds, Stopping threads took: 0.0000099 seconds
2016-10-24T04:31:50.212+0800: 2684.244: Total time for which application threads were stopped: 0.0000692 seconds, Stopping threads took: 0.0000098 seconds
2016-10-24T04:31:50.212+0800: 2684.245: Total time for which application threads were stopped: 0.0000821 seconds, Stopping threads took: 0.0000121 seconds
2016-10-24T04:31:50.213+0800: 2684.245: Total time for which application threads were stopped: 0.0000805 seconds, Stopping threads took: 0.0000124 seconds
2016-10-24T04:31:50.213+0800: 2684.245: Total time for which application threads were stopped: 0.0000719 seconds, Stopping threads took: 0.0000096 seconds
2016-10-24T04:31:50.213+0800: 2684.245: Total time for which application threads were stopped: 0.0000817 seconds, Stopping threads took: 0.0000192 seconds
2016-10-24T04:31:50.213+0800: 2684.245: Total time for which application threads were stopped: 0.0000700 seconds, Stopping threads took: 0.0000096 seconds
2016-10-24T04:31:50.213+0800: 2684.245: Total time for which application threads were stopped: 0.0000685 seconds, Stopping threads took: 0.0000092 seconds
2016-10-24T04:31:50.213+0800: 2684.245: Total time for which application threads were stopped: 0.0000682 seconds, Stopping threads took: 0.0000091 seconds
2016-10-24T04:31:50.213+0800: 2684.246: Total time for which application threads were stopped: 0.0000650 seconds, Stopping threads took: 0.0000092 seconds
2016-10-24T04:31:50.214+0800: 2684.246: Total time for which application threads were stopped: 0.0001872 seconds, Stopping threads took: 0.0000116 seconds
2016-10-24T04:31:50.216+0800: 2684.248: Total time for which application threads were stopped: 0.0001484 seconds, Stopping threads took: 0.0000157 seconds
2016-10-24T04:31:50.217+0800: 2684.249: Total time for which application threads were stopped: 0.0002050 seconds, Stopping threads took: 0.0000302 seconds
2016-10-24T04:31:50.221+0800: 2684.253: Total time for which application threads were stopped: 0.0000987 seconds, Stopping threads took: 0.0000173 seconds
2016-10-24T04:31:50.226+0800: 2684.258: Total time for which application threads were stopped: 0.0000998 seconds, Stopping threads took: 0.0000372 seconds
2016-10-24T04:31:50.238+0800: 2684.270: Total time for which application threads were stopped: 0.0002814 seconds, Stopping threads took: 0.0000494 seconds
2016-10-24T04:31:50.238+0800: 2684.270: Total time for which application threads were stopped: 0.0002459 seconds, Stopping threads took: 0.0000472 seconds
2016-10-24T04:31:50.238+0800: 2684.271: Total time for which application threads were stopped: 0.0001608 seconds, Stopping threads took: 0.0000302 seconds
2016-10-24T04:31:50.239+0800: 2684.271: Total time for which application threads were stopped: 0.0000920 seconds, Stopping threads took: 0.0000135 seconds
2016-10-24T04:31:51.239+0800: 2685.271: Total time for which application threads were stopped: 0.0001702 seconds, Stopping threads took: 0.0000348 seconds
{Heap before GC invocations=183 (full 9):
 par new generation   total 109248K, used 89607K [0x00000007a0000000, 0x00000007a8000000, 0x00000007a8000000)
  eden space 87424K, 100% used [0x00000007a0000000, 0x00000007a5560000, 0x00000007a5560000)
  from space 21824K,  10% used [0x00000007a6ab0000, 0x00000007a6cd1c00, 0x00000007a8000000)
  to   space 21824K,   0% used [0x00000007a5560000, 0x00000007a5560000, 0x00000007a6ab0000)
 concurrent mark-sweep generation total 393216K, used 126107K [0x00000007a8000000, 0x00000007c0000000, 0x00000007c0000000)
 Metaspace       used 39865K, capacity 40596K, committed 40912K, reserved 1085440K
  class space    used 4577K, capacity 4785K, committed 4860K, reserved 1048576K
2016-10-24T04:31:55.247+0800: 2689.280: [GC (Allocation Failure) 2016-10-24T04:31:55.247+0800: 2689.280: [ParNew
Desired survivor size 20112992 bytes, new threshold 8 (max 8)
- age   1:    7994560 bytes,    7994560 total
- age   2:     357704 bytes,    8352264 total
: 89607K->8782K(109248K), 0.0051461 secs] 215714K->134904K(502464K), 0.0052034 secs] [Times: user=0.02 sys=0.00, real=0.01 secs] 
Heap after GC invocations=184 (full 9):
 par new generation   total 109248K, used 8782K [0x00000007a0000000, 0x00000007a8000000, 0x00000007a8000000)
  eden space 87424K,   0% used [0x00000007a0000000, 0x00000007a0000000, 0x00000007a5560000)
  from space 21824K,  40% used [0x00000007a5560000, 0x00000007a5df3820, 0x00000007a6ab0000)
  to   space 21824K,   0% used [0x00000007a6ab0000, 0x00000007a6ab0000, 0x00000007a8000000)
 concurrent mark-sweep generation total 393216K, used 126122K [0x00000007a8000000, 0x00000007c0000000, 0x00000007c0000000)
 Metaspace       used 39865K, capacity 40596K, committed 40912K, reserved 1085440K
  class space    used 4577K, capacity 4785K, committed 4860K, reserved 1048576K
}
2016-10-24T04:31:55.253+0800: 2689.285: Total time for which application threads were stopped: 0.0054297 seconds, Stopping threads took: 0.0000679 seconds
2016-10-24T04:31:55.268+0800: 2689.300: Total time for which application threads were stopped: 0.0001432 seconds, Stopping threads took: 0.0000319 seconds
2016-10-24T04:31:55.425+0800: 2689.458: Total time for which application threads were stopped: 0.0001655 seconds, Stopping threads took: 0.0000326 seconds
2016-10-24T04:31:58.354+0800: 2692.387: Total time for which application threads were stopped: 0.0000959 seconds, Stopping threads took: 0.0000196 seconds
2016-10-24T04:31:58.381+0800: 2692.413: Total time for which application threads were stopped: 0.0001342 seconds, Stopping threads took: 0.0000178 seconds
2016-10-24T04:31:58.395+0800: 2692.428: Total time for which application threads were stopped: 0.0001150 seconds, Stopping threads took: 0.0000153 seconds
2016-10-24T04:31:58.395+0800: 2692.428: Total time for which application threads were stopped: 0.0000936 seconds, Stopping threads took: 0.0000133 seconds
2016-10-24T04:31:58.396+0800: 2692.428: Total time for which application threads were stopped: 0.0000573 seconds, Stopping threads took: 0.0000087 seconds
2016-10-24T04:31:58.396+0800: 2692.428: Total time for which application threads were stopped: 0.0001115 seconds, Stopping threads took: 0.0000099 seconds
2016-10-24T04:31:58.396+0800: 2692.428: Total time for which application threads were stopped: 0.0000732 seconds, Stopping threads took: 0.0000094 seconds
2016-10-24T04:31:58.396+0800: 2692.429: Total time for which application threads were stopped: 0.0000679 seconds, Stopping threads took: 0.0000095 seconds
2016-10-24T04:31:58.396+0800: 2692.429: Total time for which application threads were stopped: 0.0000732 seconds, Stopping threads took: 0.0000093 seconds
2016-10-24T04:31:58.396+0800: 2692.429: Total time for which application threads were stopped: 0.0000835 seconds, Stopping threads took: 0.0000100 seconds
2016-10-24T04:31:58.397+0800: 2692.429: Total time for which application threads were stopped: 0.0000706 seconds, Stopping threads took: 0.0000091 seconds
2016-10-24T04:31:58.397+0800: 2692.429: Total time for which application threads were stopped: 0.0000692 seconds, Stopping threads took: 0.0000089 seconds
2016-10-24T04:31:58.397+0800: 2692.429: Total time for which application threads were stopped: 0.0000662 seconds, Stopping threads took: 0.0000086 seconds
2016-10-24T04:31:58.397+0800: 2692.429: Total time for which application threads were stopped: 0.0000849 seconds, Stopping threads took: 0.0000096 seconds
2016-10-24T04:31:58.397+0800: 2692.429: Total time for which application threads were stopped: 0.0000525 seconds, Stopping threads took: 0.0000084 seconds
2016-10-24T04:31:58.397+0800: 2692.429: Total time for which application threads were stopped: 0.0000620 seconds, Stopping threads took: 0.0000085 seconds
2016-10-24T04:31:58.397+0800: 2692.430: Total time for which application threads were stopped: 0.0000950 seconds, Stopping threads took: 0.0000090 seconds
2016-10-24T04:31:58.397+0800: 2692.430: Total time for which application threads were stopped: 0.0000506 seconds, Stopping threads took: 0.0000079 seconds
2016-10-24T04:31:58.398+0800: 2692.430: Total time for which application threads were stopped: 0.0000749 seconds, Stopping threads took: 0.0000102 seconds
2016-10-24T04:31:58.398+0800: 2692.430: Total time for which application threads were stopped: 0.0000735 seconds, Stopping threads took: 0.0000099 seconds
2016-10-24T04:31:58.398+0800: 2692.430: Total time for which application threads were stopped: 0.0000595 seconds, Stopping threads took: 0.0000094 seconds
2016-10-24T04:31:58.398+0800: 2692.430: Total time for which application threads were stopped: 0.0002831 seconds, Stopping threads took: 0.0001576 seconds
2016-10-24T04:31:59.401+0800: 2693.433: Total time for which application threads were stopped: 0.0002055 seconds, Stopping threads took: 0.0000350 seconds
2016-10-24T04:32:07.432+0800: 2701.464: Total time for which application threads were stopped: 0.0000916 seconds, Stopping threads took: 0.0000213 seconds
2016-10-24T04:32:08.629+0800: 2702.661: Total time for which application threads were stopped: 0.0001429 seconds, Stopping threads took: 0.0000316 seconds
2016-10-24T04:32:28.676+0800: 2722.709: Total time for which application threads were stopped: 0.0001277 seconds, Stopping threads took: 0.0000298 seconds
{Heap before GC invocations=184 (full 9):
 par new generation   total 109248K, used 96206K [0x00000007a0000000, 0x00000007a8000000, 0x00000007a8000000)
  eden space 87424K, 100% used [0x00000007a0000000, 0x00000007a5560000, 0x00000007a5560000)
  from space 21824K,  40% used [0x00000007a5560000, 0x00000007a5df3820, 0x00000007a6ab0000)
  to   space 21824K,   0% used [0x00000007a6ab0000, 0x00000007a6ab0000, 0x00000007a8000000)
 concurrent mark-sweep generation total 393216K, used 126122K [0x00000007a8000000, 0x00000007c0000000, 0x00000007c0000000)
 Metaspace       used 40231K, capacity 40920K, committed 41168K, reserved 1085440K
  class space    used 4615K, capacity 4823K, committed 4860K, reserved 1048576K
2016-10-24T04:37:59.702+0800: 3053.744: [GC (Allocation Failure) 2016-10-24T04:37:59.702+0800: 3053.745: [ParNew
Desired survivor size 20112992 bytes, new threshold 8 (max 8)
- age   1:    6935528 bytes,    6935528 total
- age   2:    2287296 bytes,    9222824 total
- age   3:     357536 bytes,    9580360 total
: 96206K->12350K(109248K), 0.0056590 secs] 222328K->138472K(502464K), 0.0057354 secs] [Times: user=0.02 sys=0.00, real=0.00 secs] 
Heap after GC invocations=185 (full 9):
 par new generation   total 109248K, used 12350K [0x00000007a0000000, 0x00000007a8000000, 0x00000007a8000000)
  eden space 87424K,   0% used [0x00000007a0000000, 0x00000007a0000000, 0x00000007a5560000)
  from space 21824K,  56% used [0x00000007a6ab0000, 0x00000007a76bf810, 0x00000007a8000000)
  to   space 21824K,   0% used [0x00000007a5560000, 0x00000007a5560000, 0x00000007a6ab0000)
 concurrent mark-sweep generation total 393216K, used 126122K [0x00000007a8000000, 0x00000007c0000000, 0x00000007c0000000)
 Metaspace       used 40231K, capacity 40920K, committed 41168K, reserved 1085440K
  class space    used 4615K, capacity 4823K, committed 4860K, reserved 1048576K
}
2016-10-24T04:37:59.708+0800: 3053.750: Total time for which application threads were stopped: 0.0059341 seconds, Stopping threads took: 0.0000317 seconds
{Heap before GC invocations=185 (full 9):
 par new generation   total 109248K, used 99774K [0x00000007a0000000, 0x00000007a8000000, 0x00000007a8000000)
  eden space 87424K, 100% used [0x00000007a0000000, 0x00000007a5560000, 0x00000007a5560000)
  from space 21824K,  56% used [0x00000007a6ab0000, 0x00000007a76bf810, 0x00000007a8000000)
  to   space 21824K,   0% used [0x00000007a5560000, 0x00000007a5560000, 0x00000007a6ab0000)
 concurrent mark-sweep generation total 393216K, used 126122K [0x00000007a8000000, 0x00000007c0000000, 0x00000007c0000000)
 Metaspace       used 40231K, capacity 40920K, committed 41168K, reserved 1085440K
  class space    used 4615K, capacity 4823K, committed 4860K, reserved 1048576K
2016-10-24T04:37:59.968+0800: 3054.011: [GC (Allocation Failure) 2016-10-24T04:37:59.968+0800: 3054.011: [ParNew
Desired survivor size 20112992 bytes, new threshold 8 (max 8)
- age   1:    9305888 bytes,    9305888 total
- age   2:    4167296 bytes,   13473184 total
- age   3:    2225288 bytes,   15698472 total
- age   4:     357536 bytes,   16056008 total
: 99774K->17934K(109248K), 0.0067069 secs] 225896K->144056K(502464K), 0.0067750 secs] [Times: user=0.02 sys=0.01, real=0.01 secs] 
Heap after GC invocations=186 (full 9):
 par new generation   total 109248K, used 17934K [0x00000007a0000000, 0x00000007a8000000, 0x00000007a8000000)
  eden space 87424K,   0% used [0x00000007a0000000, 0x00000007a0000000, 0x00000007a5560000)
  from space 21824K,  82% used [0x00000007a5560000, 0x00000007a66e3910, 0x00000007a6ab0000)
  to   space 21824K,   0% used [0x00000007a6ab0000, 0x00000007a6ab0000, 0x00000007a8000000)
 concurrent mark-sweep generation total 393216K, used 126122K [0x00000007a8000000, 0x00000007c0000000, 0x00000007c0000000)
 Metaspace       used 40231K, capacity 40920K, committed 41168K, reserved 1085440K
  class space    used 4615K, capacity 4823K, committed 4860K, reserved 1048576K
}
2016-10-24T04:37:59.975+0800: 3054.017: Total time for which application threads were stopped: 0.0069644 seconds, Stopping threads took: 0.0000305 seconds
{Heap before GC invocations=186 (full 9):
 par new generation   total 109248K, used 105358K [0x00000007a0000000, 0x00000007a8000000, 0x00000007a8000000)
  eden space 87424K, 100% used [0x00000007a0000000, 0x00000007a5560000, 0x00000007a5560000)
  from space 21824K,  82% used [0x00000007a5560000, 0x00000007a66e3910, 0x00000007a6ab0000)
  to   space 21824K,   0% used [0x00000007a6ab0000, 0x00000007a6ab0000, 0x00000007a8000000)
 concurrent mark-sweep generation total 393216K, used 126122K [0x00000007a8000000, 0x00000007c0000000, 0x00000007c0000000)
 Metaspace       used 40231K, capacity 40920K, committed 41168K, reserved 1085440K
  class space    used 4615K, capacity 4823K, committed 4860K, reserved 1048576K
2016-10-24T04:38:00.240+0800: 3054.282: [GC (Allocation Failure) 2016-10-24T04:38:00.240+0800: 3054.282: [ParNew
Desired survivor size 20112992 bytes, new threshold 4 (max 8)
- age   1:   10208136 bytes,   10208136 total
- age   2:    4102768 bytes,   14310904 total
- age   3:    3899144 bytes,   18210048 total
- age   4:    2225352 bytes,   20435400 total
- age   5:     357536 bytes,   20792936 total
: 105358K->21824K(109248K), 0.0079634 secs] 231480K->150106K(502464K), 0.0080314 secs] [Times: user=0.03 sys=0.00, real=0.00 secs] 
Heap after GC invocations=187 (full 9):
 par new generation   total 109248K, used 21824K [0x00000007a0000000, 0x00000007a8000000, 0x00000007a8000000)
  eden space 87424K,   0% used [0x00000007a0000000, 0x00000007a0000000, 0x00000007a5560000)
  from space 21824K, 100% used [0x00000007a6ab0000, 0x00000007a8000000, 0x00000007a8000000)
  to   space 21824K,   0% used [0x00000007a5560000, 0x00000007a5560000, 0x00000007a6ab0000)
 concurrent mark-sweep generation total 393216K, used 128282K [0x00000007a8000000, 0x00000007c0000000, 0x00000007c0000000)
 Metaspace       used 40231K, capacity 40920K, committed 41168K, reserved 1085440K
  class space    used 4615K, capacity 4823K, committed 4860K, reserved 1048576K
}
2016-10-24T04:38:00.248+0800: 3054.290: Total time for which application threads were stopped: 0.0082262 seconds, Stopping threads took: 0.0000298 seconds
{Heap before GC invocations=187 (full 9):
 par new generation   total 109248K, used 109248K [0x00000007a0000000, 0x00000007a8000000, 0x00000007a8000000)
  eden space 87424K, 100% used [0x00000007a0000000, 0x00000007a5560000, 0x00000007a5560000)
  from space 21824K, 100% used [0x00000007a6ab0000, 0x00000007a8000000, 0x00000007a8000000)
  to   space 21824K,   0% used [0x00000007a5560000, 0x00000007a5560000, 0x00000007a6ab0000)
 concurrent mark-sweep generation total 393216K, used 128282K [0x00000007a8000000, 0x00000007c0000000, 0x00000007c0000000)
 Metaspace       used 40231K, capacity 40920K, committed 41168K, reserved 1085440K
  class space    used 4615K, capacity 4823K, committed 4860K, reserved 1048576K
2016-10-24T04:38:00.515+0800: 3054.558: [GC (Allocation Failure) 2016-10-24T04:38:00.515+0800: 3054.558: [ParNew
Desired survivor size 20112992 bytes, new threshold 8 (max 8)
- age   1:    8666096 bytes,    8666096 total
- age   2:    3642808 bytes,   12308904 total
- age   3:    3736360 bytes,   16045264 total
- age   4:    3734792 bytes,   19780056 total
: 109248K->21824K(109248K), 0.0112630 secs] 237530K->158304K(502464K), 0.0113497 secs] [Times: user=0.03 sys=0.00, real=0.01 secs] 
Heap after GC invocations=188 (full 9):
 par new generation   total 109248K, used 21824K [0x00000007a0000000, 0x00000007a8000000, 0x00000007a8000000)
  eden space 87424K,   0% used [0x00000007a0000000, 0x00000007a0000000, 0x00000007a5560000)
  from space 21824K, 100% used [0x00000007a5560000, 0x00000007a6ab0000, 0x00000007a6ab0000)
  to   space 21824K,   0% used [0x00000007a6ab0000, 0x00000007a6ab0000, 0x00000007a8000000)
 concurrent mark-sweep generation total 393216K, used 136480K [0x00000007a8000000, 0x00000007c0000000, 0x00000007c0000000)
 Metaspace       used 40231K, capacity 40920K, committed 41168K, reserved 1085440K
  class space    used 4615K, capacity 4823K, committed 4860K, reserved 1048576K
}
2016-10-24T04:38:00.527+0800: 3054.570: Total time for which application threads were stopped: 0.0115388 seconds, Stopping threads took: 0.0000219 seconds
{Heap before GC invocations=188 (full 9):
 par new generation   total 109248K, used 109248K [0x00000007a0000000, 0x00000007a8000000, 0x00000007a8000000)
  eden space 87424K, 100% used [0x00000007a0000000, 0x00000007a5560000, 0x00000007a5560000)
  from space 21824K, 100% used [0x00000007a5560000, 0x00000007a6ab0000, 0x00000007a6ab0000)
  to   space 21824K,   0% used [0x00000007a6ab0000, 0x00000007a6ab0000, 0x00000007a8000000)
 concurrent mark-sweep generation total 393216K, used 136480K [0x00000007a8000000, 0x00000007c0000000, 0x00000007c0000000)
 Metaspace       used 40231K, capacity 40920K, committed 41168K, reserved 1085440K
  class space    used 4615K, capacity 4823K, committed 4860K, reserved 1048576K
2016-10-24T04:38:00.793+0800: 3054.835: [GC (Allocation Failure) 2016-10-24T04:38:00.793+0800: 3054.835: [ParNew
Desired survivor size 20112992 bytes, new threshold 5 (max 8)
- age   1:    7208496 bytes,    7208496 total
- age   2:    3776992 bytes,   10985488 total
- age   3:    3300224 bytes,   14285712 total
- age   4:    3032480 bytes,   17318192 total
- age   5:    3718912 bytes,   21037104 total
: 109248K->21824K(109248K), 0.0080609 secs] 245728K->164939K(502464K), 0.0081275 secs] [Times: user=0.02 sys=0.00, real=0.01 secs] 
Heap after GC invocations=189 (full 9):
 par new generation   total 109248K, used 21824K [0x00000007a0000000, 0x00000007a8000000, 0x00000007a8000000)
  eden space 87424K,   0% used [0x00000007a0000000, 0x00000007a0000000, 0x00000007a5560000)
  from space 21824K, 100% used [0x00000007a6ab0000, 0x00000007a8000000, 0x00000007a8000000)
  to   space 21824K,   0% used [0x00000007a5560000, 0x00000007a5560000, 0x00000007a6ab0000)
 concurrent mark-sweep generation total 393216K, used 143115K [0x00000007a8000000, 0x00000007c0000000, 0x00000007c0000000)
 Metaspace       used 40231K, capacity 40920K, committed 41168K, reserved 1085440K
  class space    used 4615K, capacity 4823K, committed 4860K, reserved 1048576K
}
2016-10-24T04:38:00.801+0800: 3054.844: Total time for which application threads were stopped: 0.0083155 seconds, Stopping threads took: 0.0000285 seconds
{Heap before GC invocations=189 (full 9):
 par new generation   total 109248K, used 109248K [0x00000007a0000000, 0x00000007a8000000, 0x00000007a8000000)
  eden space 87424K, 100% used [0x00000007a0000000, 0x00000007a5560000, 0x00000007a5560000)
  from space 21824K, 100% used [0x00000007a6ab0000, 0x00000007a8000000, 0x00000007a8000000)
  to   space 21824K,   0% used [0x00000007a5560000, 0x00000007a5560000, 0x00000007a6ab0000)
 concurrent mark-sweep generation total 393216K, used 143115K [0x00000007a8000000, 0x00000007c0000000, 0x00000007c0000000)
 Metaspace       used 40231K, capacity 40920K, committed 41168K, reserved 1085440K
  class space    used 4615K, capacity 4823K, committed 4860K, reserved 1048576K
2016-10-24T04:38:01.099+0800: 3055.142: [GC (Allocation Failure) 2016-10-24T04:38:01.099+0800: 3055.142: [ParNew
Desired survivor size 20112992 bytes, new threshold 8 (max 8)
- age   1:   10430352 bytes,   10430352 total
- age   2:    2534048 bytes,   12964400 total
- age   3:    2480656 bytes,   15445056 total
- age   4:    1745264 bytes,   17190320 total
- age   5:    1712000 bytes,   18902320 total
: 109248K->21824K(109248K), 0.0107643 secs] 252363K->179645K(502464K), 0.0108425 secs] [Times: user=0.04 sys=0.00, real=0.02 secs] 
Heap after GC invocations=190 (full 9):
 par new generation   total 109248K, used 21824K [0x00000007a0000000, 0x00000007a8000000, 0x00000007a8000000)
  eden space 87424K,   0% used [0x00000007a0000000, 0x00000007a0000000, 0x00000007a5560000)
  from space 21824K, 100% used [0x00000007a5560000, 0x00000007a6ab0000, 0x00000007a6ab0000)
  to   space 21824K,   0% used [0x00000007a6ab0000, 0x00000007a6ab0000, 0x00000007a8000000)
 concurrent mark-sweep generation total 393216K, used 157821K [0x00000007a8000000, 0x00000007c0000000, 0x00000007c0000000)
 Metaspace       used 40231K, capacity 40920K, committed 41168K, reserved 1085440K
  class space    used 4615K, capacity 4823K, committed 4860K, reserved 1048576K
}
2016-10-24T04:38:01.110+0800: 3055.153: Total time for which application threads were stopped: 0.0110244 seconds, Stopping threads took: 0.0000296 seconds
{Heap before GC invocations=190 (full 9):
 par new generation   total 109248K, used 109248K [0x00000007a0000000, 0x00000007a8000000, 0x00000007a8000000)
  eden space 87424K, 100% used [0x00000007a0000000, 0x00000007a5560000, 0x00000007a5560000)
  from space 21824K, 100% used [0x00000007a5560000, 0x00000007a6ab0000, 0x00000007a6ab0000)
  to   space 21824K,   0% used [0x00000007a6ab0000, 0x00000007a6ab0000, 0x00000007a8000000)
 concurrent mark-sweep generation total 393216K, used 157821K [0x00000007a8000000, 0x00000007c0000000, 0x00000007c0000000)
 Metaspace       used 40231K, capacity 40920K, committed 41168K, reserved 1085440K
  class space    used 4615K, capacity 4823K, committed 4860K, reserved 1048576K
2016-10-24T04:38:01.370+0800: 3055.413: [GC (Allocation Failure) 2016-10-24T04:38:01.370+0800: 3055.413: [ParNew
Desired survivor size 20112992 bytes, new threshold 6 (max 8)
- age   1:    8492600 bytes,    8492600 total
- age   2:    4693216 bytes,   13185816 total
- age   3:    2182944 bytes,   15368760 total
- age   4:    1826840 bytes,   17195600 total
- age   5:    1499888 bytes,   18695488 total
- age   6:    1477280 bytes,   20172768 total
: 109248K->21824K(109248K), 0.0102888 secs] 267069K->187217K(502464K), 0.0103906 secs] [Times: user=0.03 sys=0.00, real=0.01 secs] 
Heap after GC invocations=191 (full 9):
 par new generation   total 109248K, used 21824K [0x00000007a0000000, 0x00000007a8000000, 0x00000007a8000000)
  eden space 87424K,   0% used [0x00000007a0000000, 0x00000007a0000000, 0x00000007a5560000)
  from space 21824K, 100% used [0x00000007a6ab0000, 0x00000007a8000000, 0x00000007a8000000)
  to   space 21824K,   0% used [0x00000007a5560000, 0x00000007a5560000, 0x00000007a6ab0000)
 concurrent mark-sweep generation total 393216K, used 165393K [0x00000007a8000000, 0x00000007c0000000, 0x00000007c0000000)
 Metaspace       used 40231K, capacity 40920K, committed 41168K, reserved 1085440K
  class space    used 4615K, capacity 4823K, committed 4860K, reserved 1048576K
}
2016-10-24T04:38:01.381+0800: 3055.423: Total time for which application threads were stopped: 0.0106472 seconds, Stopping threads took: 0.0000310 seconds
{Heap before GC invocations=191 (full 9):
 par new generation   total 109248K, used 109248K [0x00000007a0000000, 0x00000007a8000000, 0x00000007a8000000)
  eden space 87424K, 100% used [0x00000007a0000000, 0x00000007a5560000, 0x00000007a5560000)
  from space 21824K, 100% used [0x00000007a6ab0000, 0x00000007a8000000, 0x00000007a8000000)
  to   space 21824K,   0% used [0x00000007a5560000, 0x00000007a5560000, 0x00000007a6ab0000)
 concurrent mark-sweep generation total 393216K, used 165393K [0x00000007a8000000, 0x00000007c0000000, 0x00000007c0000000)
 Metaspace       used 40231K, capacity 40920K, committed 41168K, reserved 1085440K
  class space    used 4615K, capacity 4823K, committed 4860K, reserved 1048576K
2016-10-24T04:38:01.684+0800: 3055.726: [GC (Allocation Failure) 2016-10-24T04:38:01.684+0800: 3055.726: [ParNew
Desired survivor size 20112992 bytes, new threshold 8 (max 8)
- age   1:    7676704 bytes,    7676704 total
- age   2:    3276840 bytes,   10953544 total
- age   3:    4522840 bytes,   15476384 total
- age   4:    1620968 bytes,   17097352 total
- age   5:    1434264 bytes,   18531616 total
- age   6:    1376688 bytes,   19908304 total
: 109248K->21824K(109248K), 0.0106980 secs] 274641K->199548K(502464K), 0.0107747 secs] [Times: user=0.04 sys=0.01, real=0.01 secs] 
Heap after GC invocations=192 (full 9):
 par new generation   total 109248K, used 21824K [0x00000007a0000000, 0x00000007a8000000, 0x00000007a8000000)
  eden space 87424K,   0% used [0x00000007a0000000, 0x00000007a0000000, 0x00000007a5560000)
  from space 21824K, 100% used [0x00000007a5560000, 0x00000007a6ab0000, 0x00000007a6ab0000)
  to   space 21824K,   0% used [0x00000007a6ab0000, 0x00000007a6ab0000, 0x00000007a8000000)
 concurrent mark-sweep generation total 393216K, used 177724K [0x00000007a8000000, 0x00000007c0000000, 0x00000007c0000000)
 Metaspace       used 40231K, capacity 40920K, committed 41168K, reserved 1085440K
  class space    used 4615K, capacity 4823K, committed 4860K, reserved 1048576K
}
2016-10-24T04:38:01.695+0800: 3055.737: Total time for which application threads were stopped: 0.0109527 seconds, Stopping threads took: 0.0000210 seconds
{Heap before GC invocations=192 (full 9):
 par new generation   total 109248K, used 109248K [0x00000007a0000000, 0x00000007a8000000, 0x00000007a8000000)
  eden space 87424K, 100% used [0x00000007a0000000, 0x00000007a5560000, 0x00000007a5560000)
  from space 21824K, 100% used [0x00000007a5560000, 0x00000007a6ab0000, 0x00000007a6ab0000)
  to   space 21824K,   0% used [0x00000007a6ab0000, 0x00000007a6ab0000, 0x00000007a8000000)
 concurrent mark-sweep generation total 393216K, used 177724K [0x00000007a8000000, 0x00000007c0000000, 0x00000007c0000000)
 Metaspace       used 40231K, capacity 40920K, committed 41168K, reserved 1085440K
  class space    used 4615K, capacity 4823K, committed 4860K, reserved 1048576K
2016-10-24T04:38:01.983+0800: 3056.026: [GC (Allocation Failure) 2016-10-24T04:38:01.983+0800: 3056.026: [ParNew
Desired survivor size 20112992 bytes, new threshold 8 (max 8)
- age   1:    4890504 bytes,    4890504 total
- age   2:    3699824 bytes,    8590328 total
- age   3:    2957864 bytes,   11548192 total
- age   4:    4407080 bytes,   15955272 total
- age   5:    1510240 bytes,   17465512 total
- age   6:    1342424 bytes,   18807936 total
- age   7:    1294440 bytes,   20102376 total
: 109248K->21824K(109248K), 0.0111184 secs] 286972K->211809K(502464K), 0.0111846 secs] [Times: user=0.04 sys=0.00, real=0.01 secs] 
Heap after GC invocations=193 (full 9):
 par new generation   total 109248K, used 21824K [0x00000007a0000000, 0x00000007a8000000, 0x00000007a8000000)
  eden space 87424K,   0% used [0x00000007a0000000, 0x00000007a0000000, 0x00000007a5560000)
  from space 21824K, 100% used [0x00000007a6ab0000, 0x00000007a8000000, 0x00000007a8000000)
  to   space 21824K,   0% used [0x00000007a5560000, 0x00000007a5560000, 0x00000007a6ab0000)
 concurrent mark-sweep generation total 393216K, used 189985K [0x00000007a8000000, 0x00000007c0000000, 0x00000007c0000000)
 Metaspace       used 40231K, capacity 40920K, committed 41168K, reserved 1085440K
  class space    used 4615K, capacity 4823K, committed 4860K, reserved 1048576K
}
2016-10-24T04:38:01.994+0800: 3056.037: Total time for which application threads were stopped: 0.0113704 seconds, Stopping threads took: 0.0000298 seconds
{Heap before GC invocations=193 (full 9):
 par new generation   total 109248K, used 109248K [0x00000007a0000000, 0x00000007a8000000, 0x00000007a8000000)
  eden space 87424K, 100% used [0x00000007a0000000, 0x00000007a5560000, 0x00000007a5560000)
  from space 21824K, 100% used [0x00000007a6ab0000, 0x00000007a8000000, 0x00000007a8000000)
  to   space 21824K,   0% used [0x00000007a5560000, 0x00000007a5560000, 0x00000007a6ab0000)
 concurrent mark-sweep generation total 393216K, used 189985K [0x00000007a8000000, 0x00000007c0000000, 0x00000007c0000000)
 Metaspace       used 40231K, capacity 40920K, committed 41168K, reserved 1085440K
  class space    used 4615K, capacity 4823K, committed 4860K, reserved 1048576K
2016-10-24T04:38:02.294+0800: 3056.337: [GC (Allocation Failure) 2016-10-24T04:38:02.294+0800: 3056.337: [ParNew
Desired survivor size 20112992 bytes, new threshold 7 (max 8)
- age   1:    6164896 bytes,    6164896 total
- age   2:    2169384 bytes,    8334280 total
- age   3:    3025232 bytes,   11359512 total
- age   4:    2611976 bytes,   13971488 total
- age   5:    4333208 bytes,   18304696 total
- age   6:    1468400 bytes,   19773096 total
- age   7:    1311648 bytes,   21084744 total
- age   8:    1265976 bytes,   22350720 total
: 109248K->21824K(109248K), 0.0111960 secs] 299233K->225471K(502464K), 0.0112476 secs] [Times: user=0.04 sys=0.00, real=0.01 secs] 
Heap after GC invocations=194 (full 9):
 par new generation   total 109248K, used 21824K [0x00000007a0000000, 0x00000007a8000000, 0x00000007a8000000)
  eden space 87424K,   0% used [0x00000007a0000000, 0x00000007a0000000, 0x00000007a5560000)
  from space 21824K, 100% used [0x00000007a5560000, 0x00000007a6ab0000, 0x00000007a6ab0000)
  to   space 21824K,   0% used [0x00000007a6ab0000, 0x00000007a6ab0000, 0x00000007a8000000)
 concurrent mark-sweep generation total 393216K, used 203647K [0x00000007a8000000, 0x00000007c0000000, 0x00000007c0000000)
 Metaspace       used 40231K, capacity 40920K, committed 41168K, reserved 1085440K
  class space    used 4615K, capacity 4823K, committed 4860K, reserved 1048576K
}
2016-10-24T04:38:02.306+0800: 3056.348: Total time for which application threads were stopped: 0.0114414 seconds, Stopping threads took: 0.0000296 seconds
2016-10-24T04:38:02.306+0800: 3056.349: [GC (CMS Initial Mark) [1 CMS-initial-mark: 203647K(393216K)] 227195K(502464K), 0.0029758 secs] [Times: user=0.01 sys=0.00, real=0.00 secs] 
2016-10-24T04:38:02.309+0800: 3056.352: Total time for which application threads were stopped: 0.0031351 seconds, Stopping threads took: 0.0000579 seconds
2016-10-24T04:38:02.309+0800: 3056.352: [CMS-concurrent-mark-start]
2016-10-24T04:38:02.325+0800: 3056.368: [CMS-concurrent-mark: 0.016/0.016 secs] [Times: user=0.08 sys=0.00, real=0.02 secs] 
2016-10-24T04:38:02.325+0800: 3056.368: [CMS-concurrent-preclean-start]
2016-10-24T04:38:02.327+0800: 3056.369: [CMS-concurrent-preclean: 0.001/0.001 secs] [Times: user=0.00 sys=0.00, real=0.00 secs] 
2016-10-24T04:38:02.327+0800: 3056.369: [CMS-concurrent-abortable-preclean-start]
2016-10-24T04:38:02.558+0800: 3056.601: [CMS-concurrent-abortable-preclean: 0.231/0.232 secs] [Times: user=0.46 sys=0.01, real=0.23 secs] 
2016-10-24T04:38:02.558+0800: 3056.601: [GC (CMS Final Remark) [YG occupancy: 75049 K (109248 K)]{Heap before GC invocations=194 (full 10):
 par new generation   total 109248K, used 75049K [0x00000007a0000000, 0x00000007a8000000, 0x00000007a8000000)
  eden space 87424K,  60% used [0x00000007a0000000, 0x00000007a33fa470, 0x00000007a5560000)
  from space 21824K, 100% used [0x00000007a5560000, 0x00000007a6ab0000, 0x00000007a6ab0000)
  to   space 21824K,   0% used [0x00000007a6ab0000, 0x00000007a6ab0000, 0x00000007a8000000)
 concurrent mark-sweep generation total 393216K, used 203647K [0x00000007a8000000, 0x00000007c0000000, 0x00000007c0000000)
 Metaspace       used 40231K, capacity 40920K, committed 41168K, reserved 1085440K
  class space    used 4615K, capacity 4823K, committed 4860K, reserved 1048576K
2016-10-24T04:38:02.558+0800: 3056.601: [GC (CMS Final Remark) 2016-10-24T04:38:02.558+0800: 3056.601: [ParNew
Desired survivor size 20112992 bytes, new threshold 8 (max 8)
- age   1:    5739232 bytes,    5739232 total
- age   2:    2731112 bytes,    8470344 total
- age   3:    1941816 bytes,   10412160 total
- age   4:    2897432 bytes,   13309592 total
- age   5:    2520688 bytes,   15830280 total
- age   6:    2145000 bytes,   17975280 total
- age   7:    1380488 bytes,   19355768 total
: 75049K->21824K(109248K), 0.0140157 secs] 278696K->238902K(502464K), 0.0140592 secs] [Times: user=0.05 sys=0.00, real=0.02 secs] 
Heap after GC invocations=195 (full 10):
 par new generation   total 109248K, used 21824K [0x00000007a0000000, 0x00000007a8000000, 0x00000007a8000000)
  eden space 87424K,   0% used [0x00000007a0000000, 0x00000007a0000000, 0x00000007a5560000)
  from space 21824K, 100% used [0x00000007a6ab0000, 0x00000007a8000000, 0x00000007a8000000)
  to   space 21824K,   0% used [0x00000007a5560000, 0x00000007a5560000, 0x00000007a6ab0000)
 concurrent mark-sweep generation total 393216K, used 217078K [0x00000007a8000000, 0x00000007c0000000, 0x00000007c0000000)
 Metaspace       used 40231K, capacity 40920K, committed 41168K, reserved 1085440K
  class space    used 4615K, capacity 4823K, committed 4860K, reserved 1048576K
}
2016-10-24T04:38:02.572+0800: 3056.615: [Rescan (parallel) , 0.0047327 secs]2016-10-24T04:38:02.577+0800: 3056.620: [weak refs processing, 0.0008105 secs]2016-10-24T04:38:02.578+0800: 3056.621: [class unloading, 0.0140416 secs]2016-10-24T04:38:02.592+0800: 3056.635: [scrub symbol table, 0.0061432 secs]2016-10-24T04:38:02.598+0800: 3056.641: [scrub string table, 0.0005948 secs][1 CMS-remark: 217078K(393216K)] 238902K(502464K), 0.0408978 secs] [Times: user=0.09 sys=0.00, real=0.04 secs] 
2016-10-24T04:38:02.599+0800: 3056.642: Total time for which application threads were stopped: 0.0410740 seconds, Stopping threads took: 0.0000636 seconds
2016-10-24T04:38:02.599+0800: 3056.642: [CMS-concurrent-sweep-start]
2016-10-24T04:38:02.643+0800: 3056.686: [CMS-concurrent-sweep: 0.044/0.044 secs] [Times: user=0.09 sys=0.00, real=0.05 secs] 
2016-10-24T04:38:02.643+0800: 3056.686: [CMS-concurrent-reset-start]
2016-10-24T04:38:02.644+0800: 3056.687: [CMS-concurrent-reset: 0.000/0.000 secs] [Times: user=0.00 sys=0.00, real=0.00 secs] 
{Heap before GC invocations=195 (full 10):
 par new generation   total 109248K, used 109248K [0x00000007a0000000, 0x00000007a8000000, 0x00000007a8000000)
  eden space 87424K, 100% used [0x00000007a0000000, 0x00000007a5560000, 0x00000007a5560000)
  from space 21824K, 100% used [0x00000007a6ab0000, 0x00000007a8000000, 0x00000007a8000000)
  to   space 21824K,   0% used [0x00000007a5560000, 0x00000007a5560000, 0x00000007a6ab0000)
 concurrent mark-sweep generation total 393216K, used 83784K [0x00000007a8000000, 0x00000007c0000000, 0x00000007c0000000)
 Metaspace       used 40092K, capacity 40692K, committed 41168K, reserved 1085440K
  class space    used 4594K, capacity 4785K, committed 4860K, reserved 1048576K
2016-10-24T04:38:02.894+0800: 3056.937: [GC (Allocation Failure) 2016-10-24T04:38:02.894+0800: 3056.937: [ParNew
Desired survivor size 20112992 bytes, new threshold 8 (max 8)
- age   1:    7992688 bytes,    7992688 total
- age   2:    1384824 bytes,    9377512 total
- age   3:    1612592 bytes,   10990104 total
- age   4:    1399872 bytes,   12389976 total
- age   5:    2701672 bytes,   15091648 total
- age   6:    2457200 bytes,   17548848 total
- age   7:    1291272 bytes,   18840120 total
- age   8:    1316688 bytes,   20156808 total
: 109248K->21824K(109248K), 0.0112904 secs] 193032K->121679K(502464K), 0.0113599 secs] [Times: user=0.04 sys=0.00, real=0.01 secs] 
Heap after GC invocations=196 (full 10):
 par new generation   total 109248K, used 21824K [0x00000007a0000000, 0x00000007a8000000, 0x00000007a8000000)
  eden space 87424K,   0% used [0x00000007a0000000, 0x00000007a0000000, 0x00000007a5560000)
  from space 21824K, 100% used [0x00000007a5560000, 0x00000007a6ab0000, 0x00000007a6ab0000)
  to   space 21824K,   0% used [0x00000007a6ab0000, 0x00000007a6ab0000, 0x00000007a8000000)
 concurrent mark-sweep generation total 393216K, used 99855K [0x00000007a8000000, 0x00000007c0000000, 0x00000007c0000000)
 Metaspace       used 40092K, capacity 40692K, committed 41168K, reserved 1085440K
  class space    used 4594K, capacity 4785K, committed 4860K, reserved 1048576K
}
2016-10-24T04:38:02.906+0800: 3056.949: Total time for which application threads were stopped: 0.0116312 seconds, Stopping threads took: 0.0000286 seconds
{Heap before GC invocations=196 (full 10):
 par new generation   total 109248K, used 109248K [0x00000007a0000000, 0x00000007a8000000, 0x00000007a8000000)
  eden space 87424K, 100% used [0x00000007a0000000, 0x00000007a5560000, 0x00000007a5560000)
  from space 21824K, 100% used [0x00000007a5560000, 0x00000007a6ab0000, 0x00000007a6ab0000)
  to   space 21824K,   0% used [0x00000007a6ab0000, 0x00000007a6ab0000, 0x00000007a8000000)
 concurrent mark-sweep generation total 393216K, used 99855K [0x00000007a8000000, 0x00000007c0000000, 0x00000007c0000000)
 Metaspace       used 40092K, capacity 40692K, committed 41168K, reserved 1085440K
  class space    used 4594K, capacity 4785K, committed 4860K, reserved 1048576K
2016-10-24T04:38:03.180+0800: 3057.223: [GC (Allocation Failure) 2016-10-24T04:38:03.181+0800: 3057.223: [ParNew
Desired survivor size 20112992 bytes, new threshold 8 (max 8)
- age   1:    5308088 bytes,    5308088 total
- age   2:    5122448 bytes,   10430536 total
- age   3:     831944 bytes,   11262480 total
- age   4:     932136 bytes,   12194616 total
- age   5:    1345408 bytes,   13540024 total
- age   6:    2677584 bytes,   16217608 total
- age   7:    1195552 bytes,   17413160 total
- age   8:    1242136 bytes,   18655296 total
: 109248K->21824K(109248K), 0.0109991 secs] 209103K->139759K(502464K), 0.0110747 secs] [Times: user=0.04 sys=0.01, real=0.01 secs] 
Heap after GC invocations=197 (full 10):
 par new generation   total 109248K, used 21824K [0x00000007a0000000, 0x00000007a8000000, 0x00000007a8000000)
  eden space 87424K,   0% used [0x00000007a0000000, 0x00000007a0000000, 0x00000007a5560000)
  from space 21824K, 100% used [0x00000007a6ab0000, 0x00000007a8000000, 0x00000007a8000000)
  to   space 21824K,   0% used [0x00000007a5560000, 0x00000007a5560000, 0x00000007a6ab0000)
 concurrent mark-sweep generation total 393216K, used 117935K [0x00000007a8000000, 0x00000007c0000000, 0x00000007c0000000)
 Metaspace       used 40092K, capacity 40692K, committed 41168K, reserved 1085440K
  class space    used 4594K, capacity 4785K, committed 4860K, reserved 1048576K
}
2016-10-24T04:38:03.192+0800: 3057.234: Total time for which application threads were stopped: 0.0112827 seconds, Stopping threads took: 0.0000325 seconds
{Heap before GC invocations=197 (full 10):
 par new generation   total 109248K, used 108079K [0x00000007a0000000, 0x00000007a8000000, 0x00000007a8000000)
  eden space 87424K,  98% used [0x00000007a0000000, 0x00000007a543be58, 0x00000007a5560000)
  from space 21824K, 100% used [0x00000007a6ab0000, 0x00000007a8000000, 0x00000007a8000000)
  to   space 21824K,   0% used [0x00000007a5560000, 0x00000007a5560000, 0x00000007a6ab0000)
 concurrent mark-sweep generation total 393216K, used 117935K [0x00000007a8000000, 0x00000007c0000000, 0x00000007c0000000)
 Metaspace       used 40092K, capacity 40692K, committed 41168K, reserved 1085440K
  class space    used 4594K, capacity 4785K, committed 4860K, reserved 1048576K
2016-10-24T04:38:03.504+0800: 3057.546: [GC (Allocation Failure) 2016-10-24T04:38:03.504+0800: 3057.546: [ParNew
Desired survivor size 20112992 bytes, new threshold 8 (max 8)
- age   1:    5877896 bytes,    5877896 total
- age   2:    3246632 bytes,    9124528 total
- age   3:    3559520 bytes,   12684048 total
- age   4:     798688 bytes,   13482736 total
- age   5:     872256 bytes,   14354992 total
- age   6:    1299440 bytes,   15654432 total
- age   7:    2635128 bytes,   18289560 total
- age   8:    1159168 bytes,   19448728 total
: 108079K->21824K(109248K), 0.0111630 secs] 226015K->144615K(502464K), 0.0112285 secs] [Times: user=0.04 sys=0.00, real=0.01 secs] 
Heap after GC invocations=198 (full 10):
 par new generation   total 109248K, used 21824K [0x00000007a0000000, 0x00000007a8000000, 0x00000007a8000000)
  eden space 87424K,   0% used [0x00000007a0000000, 0x00000007a0000000, 0x00000007a5560000)
  from space 21824K, 100% used [0x00000007a5560000, 0x00000007a6ab0000, 0x00000007a6ab0000)
  to   space 21824K,   0% used [0x00000007a6ab0000, 0x00000007a6ab0000, 0x00000007a8000000)
 concurrent mark-sweep generation total 393216K, used 122791K [0x00000007a8000000, 0x00000007c0000000, 0x00000007c0000000)
 Metaspace       used 40092K, capacity 40692K, committed 41168K, reserved 1085440K
  class space    used 4594K, capacity 4785K, committed 4860K, reserved 1048576K
}
2016-10-24T04:38:03.515+0800: 3057.558: Total time for which application threads were stopped: 0.0114129 seconds, Stopping threads took: 0.0000273 seconds
{Heap before GC invocations=198 (full 10):
 par new generation   total 109248K, used 109248K [0x00000007a0000000, 0x00000007a8000000, 0x00000007a8000000)
  eden space 87424K, 100% used [0x00000007a0000000, 0x00000007a5560000, 0x00000007a5560000)
  from space 21824K, 100% used [0x00000007a5560000, 0x00000007a6ab0000, 0x00000007a6ab0000)
  to   space 21824K,   0% used [0x00000007a6ab0000, 0x00000007a6ab0000, 0x00000007a8000000)
 concurrent mark-sweep generation total 393216K, used 122791K [0x00000007a8000000, 0x00000007c0000000, 0x00000007c0000000)
 Metaspace       used 40092K, capacity 40692K, committed 41168K, reserved 1085440K
  class space    used 4594K, capacity 4785K, committed 4860K, reserved 1048576K
2016-10-24T04:38:03.761+0800: 3057.804: [GC (Allocation Failure) 2016-10-24T04:38:03.761+0800: 3057.804: [ParNew
Desired survivor size 20112992 bytes, new threshold 8 (max 8)
- age   1:    8738464 bytes,    8738464 total
- age   2:    2647016 bytes,   11385480 total
- age   3:    1856192 bytes,   13241672 total
- age   4:    3494576 bytes,   16736248 total
- age   5:     639816 bytes,   17376064 total
- age   6:     834520 bytes,   18210584 total
- age   7:    1261896 bytes,   19472480 total
- age   8:    2081720 bytes,   21554200 total
: 109248K->21824K(109248K), 0.0126733 secs] 232039K->163553K(502464K), 0.0127473 secs] [Times: user=0.04 sys=0.00, real=0.01 secs] 
Heap after GC invocations=199 (full 10):
 par new generation   total 109248K, used 21824K [0x00000007a0000000, 0x00000007a8000000, 0x00000007a8000000)
  eden space 87424K,   0% used [0x00000007a0000000, 0x00000007a0000000, 0x00000007a5560000)
  from space 21824K, 100% used [0x00000007a6ab0000, 0x00000007a8000000, 0x00000007a8000000)
  to   space 21824K,   0% used [0x00000007a5560000, 0x00000007a5560000, 0x00000007a6ab0000)
 concurrent mark-sweep generation total 393216K, used 141729K [0x00000007a8000000, 0x00000007c0000000, 0x00000007c0000000)
 Metaspace       used 40092K, capacity 40692K, committed 41168K, reserved 1085440K
  class space    used 4594K, capacity 4785K, committed 4860K, reserved 1048576K
}
2016-10-24T04:38:03.774+0800: 3057.817: Total time for which application threads were stopped: 0.0129579 seconds, Stopping threads took: 0.0000325 seconds
{Heap before GC invocations=199 (full 10):
 par new generation   total 109248K, used 109248K [0x00000007a0000000, 0x00000007a8000000, 0x00000007a8000000)
  eden space 87424K, 100% used [0x00000007a0000000, 0x00000007a5560000, 0x00000007a5560000)
  from space 21824K, 100% used [0x00000007a6ab0000, 0x00000007a8000000, 0x00000007a8000000)
  to   space 21824K,   0% used [0x00000007a5560000, 0x00000007a5560000, 0x00000007a6ab0000)
 concurrent mark-sweep generation total 393216K, used 141729K [0x00000007a8000000, 0x00000007c0000000, 0x00000007c0000000)
 Metaspace       used 40092K, capacity 40692K, committed 41168K, reserved 1085440K
  class space    used 4594K, capacity 4785K, committed 4860K, reserved 1048576K
2016-10-24T04:38:04.013+0800: 3058.056: [GC (Allocation Failure) 2016-10-24T04:38:04.013+0800: 3058.056: [ParNew
Desired survivor size 20112992 bytes, new threshold 8 (max 8)
- age   1:    6338216 bytes,    6338216 total
- age   2:    4550024 bytes,   10888240 total
- age   3:    2107616 bytes,   12995856 total
- age   4:    1673592 bytes,   14669448 total
- age   5:    3452968 bytes,   18122416 total
- age   6:     619984 bytes,   18742400 total
- age   7:     798608 bytes,   19541008 total
- age   8:    1231768 bytes,   20772776 total
: 109248K->21824K(109248K), 0.0134969 secs] 250977K->170077K(502464K), 0.0135699 secs] [Times: user=0.05 sys=0.01, real=0.01 secs] 
Heap after GC invocations=200 (full 10):
 par new generation   total 109248K, used 21824K [0x00000007a0000000, 0x00000007a8000000, 0x00000007a8000000)
  eden space 87424K,   0% used [0x00000007a0000000, 0x00000007a0000000, 0x00000007a5560000)
  from space 21824K, 100% used [0x00000007a5560000, 0x00000007a6ab0000, 0x00000007a6ab0000)
  to   space 21824K,   0% used [0x00000007a6ab0000, 0x00000007a6ab0000, 0x00000007a8000000)
 concurrent mark-sweep generation total 393216K, used 148253K [0x00000007a8000000, 0x00000007c0000000, 0x00000007c0000000)
 Metaspace       used 40092K, capacity 40692K, committed 41168K, reserved 1085440K
  class space    used 4594K, capacity 4785K, committed 4860K, reserved 1048576K
}
2016-10-24T04:38:04.027+0800: 3058.070: Total time for which application threads were stopped: 0.0137656 seconds, Stopping threads took: 0.0000319 seconds
{Heap before GC invocations=200 (full 10):
 par new generation   total 109248K, used 109248K [0x00000007a0000000, 0x00000007a8000000, 0x00000007a8000000)
  eden space 87424K, 100% used [0x00000007a0000000, 0x00000007a5560000, 0x00000007a5560000)
  from space 21824K, 100% used [0x00000007a5560000, 0x00000007a6ab0000, 0x00000007a6ab0000)
  to   space 21824K,   0% used [0x00000007a6ab0000, 0x00000007a6ab0000, 0x00000007a8000000)
 concurrent mark-sweep generation total 393216K, used 148253K [0x00000007a8000000, 0x00000007c0000000, 0x00000007c0000000)
 Metaspace       used 40092K, capacity 40692K, committed 41168K, reserved 1085440K
  class space    used 4594K, capacity 4785K, committed 4860K, reserved 1048576K
2016-10-24T04:38:04.261+0800: 3058.304: [GC (Allocation Failure) 2016-10-24T04:38:04.261+0800: 3058.304: [ParNew
Desired survivor size 20112992 bytes, new threshold 8 (max 8)
- age   1:    7155064 bytes,    7155064 total
- age   2:    2526080 bytes,    9681144 total
- age   3:    2664944 bytes,   12346088 total
- age   4:    1923600 bytes,   14269688 total
- age   5:    1516480 bytes,   15786168 total
- age   6:    3312624 bytes,   19098792 total
- age   7:     516072 bytes,   19614864 total
- age   8:     693944 bytes,   20308808 total
: 109248K->21824K(109248K), 0.0167898 secs] 257501K->175882K(502464K), 0.0168568 secs] [Times: user=0.06 sys=0.00, real=0.01 secs] 
Heap after GC invocations=201 (full 10):
 par new generation   total 109248K, used 21824K [0x00000007a0000000, 0x00000007a8000000, 0x00000007a8000000)
  eden space 87424K,   0% used [0x00000007a0000000, 0x00000007a0000000, 0x00000007a5560000)
  from space 21824K, 100% used [0x00000007a6ab0000, 0x00000007a8000000, 0x00000007a8000000)
  to   space 21824K,   0% used [0x00000007a5560000, 0x00000007a5560000, 0x00000007a6ab0000)
 concurrent mark-sweep generation total 393216K, used 154058K [0x00000007a8000000, 0x00000007c0000000, 0x00000007c0000000)
 Metaspace       used 40092K, capacity 40692K, committed 41168K, reserved 1085440K
  class space    used 4594K, capacity 4785K, committed 4860K, reserved 1048576K
}
2016-10-24T04:38:04.278+0800: 3058.321: Total time for which application threads were stopped: 0.0170568 seconds, Stopping threads took: 0.0000330 seconds
2016-10-24T04:38:05.282+0800: 3059.325: Total time for which application threads were stopped: 0.0002177 seconds, Stopping threads took: 0.0000941 seconds
2016-10-24T04:38:09.287+0800: 3063.330: Total time for which application threads were stopped: 0.0002472 seconds, Stopping threads took: 0.0000769 seconds
2016-10-24T04:38:09.336+0800: 3063.379: Total time for which application threads were stopped: 0.0001014 seconds, Stopping threads took: 0.0000201 seconds
{Heap before GC invocations=201 (full 10):
 par new generation   total 109248K, used 109248K [0x00000007a0000000, 0x00000007a8000000, 0x00000007a8000000)
  eden space 87424K, 100% used [0x00000007a0000000, 0x00000007a5560000, 0x00000007a5560000)
  from space 21824K, 100% used [0x00000007a6ab0000, 0x00000007a8000000, 0x00000007a8000000)
  to   space 21824K,   0% used [0x00000007a5560000, 0x00000007a5560000, 0x00000007a6ab0000)
 concurrent mark-sweep generation total 393216K, used 154058K [0x00000007a8000000, 0x00000007c0000000, 0x00000007c0000000)
 Metaspace       used 40092K, capacity 40692K, committed 41168K, reserved 1085440K
  class space    used 4594K, capacity 4785K, committed 4860K, reserved 1048576K
2016-10-24T04:38:09.368+0800: 3063.411: [GC (Allocation Failure) 2016-10-24T04:38:09.368+0800: 3063.411: [ParNew
Desired survivor size 20112992 bytes, new threshold 8 (max 8)
- age   1:    2712144 bytes,    2712144 total
- age   2:    5540120 bytes,    8252264 total
- age   3:    2135720 bytes,   10387984 total
- age   4:    2443832 bytes,   12831816 total
- age   5:    1715928 bytes,   14547744 total
- age   6:    1332704 bytes,   15880448 total
- age   7:    3149056 bytes,   19029504 total
- age   8:     451712 bytes,   19481216 total
: 109248K->21824K(109248K), 0.0140512 secs] 263306K->179677K(502464K), 0.0141187 secs] [Times: user=0.05 sys=0.00, real=0.02 secs] 
Heap after GC invocations=202 (full 10):
 par new generation   total 109248K, used 21824K [0x00000007a0000000, 0x00000007a8000000, 0x00000007a8000000)
  eden space 87424K,   0% used [0x00000007a0000000, 0x00000007a0000000, 0x00000007a5560000)
  from space 21824K, 100% used [0x00000007a5560000, 0x00000007a6ab0000, 0x00000007a6ab0000)
  to   space 21824K,   0% used [0x00000007a6ab0000, 0x00000007a6ab0000, 0x00000007a8000000)
 concurrent mark-sweep generation total 393216K, used 157853K [0x00000007a8000000, 0x00000007c0000000, 0x00000007c0000000)
 Metaspace       used 40092K, capacity 40692K, committed 41168K, reserved 1085440K
  class space    used 4594K, capacity 4785K, committed 4860K, reserved 1048576K
}
2016-10-24T04:38:09.382+0800: 3063.425: Total time for which application threads were stopped: 0.0143080 seconds, Stopping threads took: 0.0000302 seconds
2016-10-24T04:38:09.417+0800: 3063.459: Total time for which application threads were stopped: 0.0001751 seconds, Stopping threads took: 0.0000458 seconds
2016-10-24T04:38:09.417+0800: 3063.460: Total time for which application threads were stopped: 0.0000583 seconds, Stopping threads took: 0.0000081 seconds
{Heap before GC invocations=202 (full 10):
 par new generation   total 109248K, used 109219K [0x00000007a0000000, 0x00000007a8000000, 0x00000007a8000000)
  eden space 87424K,  99% used [0x00000007a0000000, 0x00000007a5558d58, 0x00000007a5560000)
  from space 21824K, 100% used [0x00000007a5560000, 0x00000007a6ab0000, 0x00000007a6ab0000)
  to   space 21824K,   0% used [0x00000007a6ab0000, 0x00000007a6ab0000, 0x00000007a8000000)
 concurrent mark-sweep generation total 393216K, used 157853K [0x00000007a8000000, 0x00000007c0000000, 0x00000007c0000000)
 Metaspace       used 40092K, capacity 40692K, committed 41168K, reserved 1085440K
  class space    used 4594K, capacity 4785K, committed 4860K, reserved 1048576K
2016-10-24T04:38:10.402+0800: 3064.445: [GC (Allocation Failure) 2016-10-24T04:38:10.402+0800: 3064.445: [ParNew
Desired survivor size 20112992 bytes, new threshold 8 (max 8)
- age   1:     144352 bytes,     144352 total
- age   2:    2575448 bytes,    2719800 total
- age   3:    5464360 bytes,    8184160 total
- age   4:    2082776 bytes,   10266936 total
- age   5:    2411480 bytes,   12678416 total
- age   6:    1683816 bytes,   14362232 total
- age   7:    1304152 bytes,   15666384 total
- age   8:    3127176 bytes,   18793560 total
: 109219K->21824K(109248K), 0.0145593 secs] 267072K->180477K(502464K), 0.0146071 secs] [Times: user=0.05 sys=0.00, real=0.01 secs] 
Heap after GC invocations=203 (full 10):
 par new generation   total 109248K, used 21824K [0x00000007a0000000, 0x00000007a8000000, 0x00000007a8000000)
  eden space 87424K,   0% used [0x00000007a0000000, 0x00000007a0000000, 0x00000007a5560000)
  from space 21824K, 100% used [0x00000007a6ab0000, 0x00000007a8000000, 0x00000007a8000000)
  to   space 21824K,   0% used [0x00000007a5560000, 0x00000007a5560000, 0x00000007a6ab0000)
 concurrent mark-sweep generation total 393216K, used 158653K [0x00000007a8000000, 0x00000007c0000000, 0x00000007c0000000)
 Metaspace       used 40092K, capacity 40692K, committed 41168K, reserved 1085440K
  class space    used 4594K, capacity 4785K, committed 4860K, reserved 1048576K
}
2016-10-24T04:38:10.417+0800: 3064.460: Total time for which application threads were stopped: 0.0148251 seconds, Stopping threads took: 0.0000208 seconds
{Heap before GC invocations=203 (full 10):
 par new generation   total 109248K, used 109248K [0x00000007a0000000, 0x00000007a8000000, 0x00000007a8000000)
  eden space 87424K, 100% used [0x00000007a0000000, 0x00000007a5560000, 0x00000007a5560000)
  from space 21824K, 100% used [0x00000007a6ab0000, 0x00000007a8000000, 0x00000007a8000000)
  to   space 21824K,   0% used [0x00000007a5560000, 0x00000007a5560000, 0x00000007a6ab0000)
 concurrent mark-sweep generation total 393216K, used 158653K [0x00000007a8000000, 0x00000007c0000000, 0x00000007c0000000)
 Metaspace       used 40092K, capacity 40692K, committed 41168K, reserved 1085440K
  class space    used 4594K, capacity 4785K, committed 4860K, reserved 1048576K
2016-10-24T04:38:10.516+0800: 3064.559: [GC (Allocation Failure) 2016-10-24T04:38:10.516+0800: 3064.559: [ParNew
Desired survivor size 20112992 bytes, new threshold 8 (max 8)
- age   1:     105792 bytes,     105792 total
- age   2:      65056 bytes,     170848 total
- age   3:    2575448 bytes,    2746296 total
- age   4:    5464360 bytes,    8210656 total
- age   5:    2082776 bytes,   10293432 total
- age   6:    2411480 bytes,   12704912 total
- age   7:    1683816 bytes,   14388728 total
- age   8:    1304152 bytes,   15692880 total
: 109248K->21824K(109248K), 0.0116700 secs] 267901K->183552K(502464K), 0.0117301 secs] [Times: user=0.04 sys=0.00, real=0.01 secs] 
Heap after GC invocations=204 (full 10):
 par new generation   total 109248K, used 21824K [0x00000007a0000000, 0x00000007a8000000, 0x00000007a8000000)
  eden space 87424K,   0% used [0x00000007a0000000, 0x00000007a0000000, 0x00000007a5560000)
  from space 21824K, 100% used [0x00000007a5560000, 0x00000007a6ab0000, 0x00000007a6ab0000)
  to   space 21824K,   0% used [0x00000007a6ab0000, 0x00000007a6ab0000, 0x00000007a8000000)
 concurrent mark-sweep generation total 393216K, used 161728K [0x00000007a8000000, 0x00000007c0000000, 0x00000007c0000000)
 Metaspace       used 40092K, capacity 40692K, committed 41168K, reserved 1085440K
  class space    used 4594K, capacity 4785K, committed 4860K, reserved 1048576K
}
2016-10-24T04:38:10.528+0800: 3064.571: Total time for which application threads were stopped: 0.0119223 seconds, Stopping threads took: 0.0000295 seconds
{Heap before GC invocations=204 (full 10):
 par new generation   total 109248K, used 109233K [0x00000007a0000000, 0x00000007a8000000, 0x00000007a8000000)
  eden space 87424K,  99% used [0x00000007a0000000, 0x00000007a555c428, 0x00000007a5560000)
  from space 21824K, 100% used [0x00000007a5560000, 0x00000007a6ab0000, 0x00000007a6ab0000)
  to   space 21824K,   0% used [0x00000007a6ab0000, 0x00000007a6ab0000, 0x00000007a8000000)
 concurrent mark-sweep generation total 393216K, used 161728K [0x00000007a8000000, 0x00000007c0000000, 0x00000007c0000000)
 Metaspace       used 40092K, capacity 40692K, committed 41168K, reserved 1085440K
  class space    used 4594K, capacity 4785K, committed 4860K, reserved 1048576K
2016-10-24T04:38:10.679+0800: 3064.722: [GC (Allocation Failure) 2016-10-24T04:38:10.679+0800: 3064.722: [ParNew
Desired survivor size 20112992 bytes, new threshold 8 (max 8)
- age   1:     128048 bytes,     128048 total
- age   2:      10792 bytes,     138840 total
- age   3:      65056 bytes,     203896 total
- age   4:    2575352 bytes,    2779248 total
- age   5:    5464360 bytes,    8243608 total
- age   6:    2082800 bytes,   10326408 total
- age   7:    2411480 bytes,   12737888 total
- age   8:    1683816 bytes,   14421704 total
: 109233K->21807K(109248K), 0.0108155 secs] 270961K->184833K(502464K), 0.0108685 secs] [Times: user=0.04 sys=0.00, real=0.02 secs] 
Heap after GC invocations=205 (full 10):
 par new generation   total 109248K, used 21807K [0x00000007a0000000, 0x00000007a8000000, 0x00000007a8000000)
  eden space 87424K,   0% used [0x00000007a0000000, 0x00000007a0000000, 0x00000007a5560000)
  from space 21824K,  99% used [0x00000007a6ab0000, 0x00000007a7ffbe10, 0x00000007a8000000)
  to   space 21824K,   0% used [0x00000007a5560000, 0x00000007a5560000, 0x00000007a6ab0000)
 concurrent mark-sweep generation total 393216K, used 163026K [0x00000007a8000000, 0x00000007c0000000, 0x00000007c0000000)
 Metaspace       used 40092K, capacity 40692K, committed 41168K, reserved 1085440K
  class space    used 4594K, capacity 4785K, committed 4860K, reserved 1048576K
}
2016-10-24T04:38:10.690+0800: 3064.733: Total time for which application threads were stopped: 0.0110541 seconds, Stopping threads took: 0.0000200 seconds
{Heap before GC invocations=205 (full 10):
 par new generation   total 109248K, used 109231K [0x00000007a0000000, 0x00000007a8000000, 0x00000007a8000000)
  eden space 87424K, 100% used [0x00000007a0000000, 0x00000007a5560000, 0x00000007a5560000)
  from space 21824K,  99% used [0x00000007a6ab0000, 0x00000007a7ffbe10, 0x00000007a8000000)
  to   space 21824K,   0% used [0x00000007a5560000, 0x00000007a5560000, 0x00000007a6ab0000)
 concurrent mark-sweep generation total 393216K, used 163026K [0x00000007a8000000, 0x00000007c0000000, 0x00000007c0000000)
 Metaspace       used 40092K, capacity 40692K, committed 41168K, reserved 1085440K
  class space    used 4594K, capacity 4785K, committed 4860K, reserved 1048576K
2016-10-24T04:38:10.779+0800: 3064.822: [GC (Allocation Failure) 2016-10-24T04:38:10.779+0800: 3064.822: [ParNew
Desired survivor size 20112992 bytes, new threshold 8 (max 8)
- age   1:     102776 bytes,     102776 total
- age   2:      65072 bytes,     167848 total
- age   3:      10792 bytes,     178640 total
- age   4:      65056 bytes,     243696 total
- age   5:    2575352 bytes,    2819048 total
- age   6:    5464360 bytes,    8283408 total
- age   7:    2082776 bytes,   10366184 total
- age   8:    2411480 bytes,   12777664 total
: 109231K->15102K(109248K), 0.0113074 secs] 272257K->179802K(502464K), 0.0113651 secs] [Times: user=0.04 sys=0.00, real=0.02 secs] 
Heap after GC invocations=206 (full 10):
 par new generation   total 109248K, used 15102K [0x00000007a0000000, 0x00000007a8000000, 0x00000007a8000000)
  eden space 87424K,   0% used [0x00000007a0000000, 0x00000007a0000000, 0x00000007a5560000)
  from space 21824K,  69% used [0x00000007a5560000, 0x00000007a641fa78, 0x00000007a6ab0000)
  to   space 21824K,   0% used [0x00000007a6ab0000, 0x00000007a6ab0000, 0x00000007a8000000)
 concurrent mark-sweep generation total 393216K, used 164699K [0x00000007a8000000, 0x00000007c0000000, 0x00000007c0000000)
 Metaspace       used 40092K, capacity 40692K, committed 41168K, reserved 1085440K
  class space    used 4594K, capacity 4785K, committed 4860K, reserved 1048576K
}
2016-10-24T04:38:10.790+0800: 3064.833: Total time for which application threads were stopped: 0.0115771 seconds, Stopping threads took: 0.0000301 seconds
{Heap before GC invocations=206 (full 10):
 par new generation   total 109248K, used 102526K [0x00000007a0000000, 0x00000007a8000000, 0x00000007a8000000)
  eden space 87424K, 100% used [0x00000007a0000000, 0x00000007a5560000, 0x00000007a5560000)
  from space 21824K,  69% used [0x00000007a5560000, 0x00000007a641fa78, 0x00000007a6ab0000)
  to   space 21824K,   0% used [0x00000007a6ab0000, 0x00000007a6ab0000, 0x00000007a8000000)
 concurrent mark-sweep generation total 393216K, used 164699K [0x00000007a8000000, 0x00000007c0000000, 0x00000007c0000000)
 Metaspace       used 40092K, capacity 40692K, committed 41168K, reserved 1085440K
  class space    used 4594K, capacity 4785K, committed 4860K, reserved 1048576K
2016-10-24T04:38:10.905+0800: 3064.948: [GC (Allocation Failure) 2016-10-24T04:38:10.905+0800: 3064.948: [ParNew
Desired survivor size 20112992 bytes, new threshold 8 (max 8)
- age   1:     371728 bytes,     371728 total
- age   3:       3528 bytes,     375256 total
- age   4:      10792 bytes,     386048 total
- age   5:      65056 bytes,     451104 total
- age   6:    2575352 bytes,    3026456 total
- age   7:    5464360 bytes,    8490816 total
- age   8:    2082776 bytes,   10573592 total
: 102526K->13826K(109248K), 0.0097790 secs] 267226K->180910K(502464K), 0.0098174 secs] [Times: user=0.03 sys=0.00, real=0.01 secs] 
Heap after GC invocations=207 (full 10):
 par new generation   total 109248K, used 13826K [0x00000007a0000000, 0x00000007a8000000, 0x00000007a8000000)
  eden space 87424K,   0% used [0x00000007a0000000, 0x00000007a0000000, 0x00000007a5560000)
  from space 21824K,  63% used [0x00000007a6ab0000, 0x00000007a78308a0, 0x00000007a8000000)
  to   space 21824K,   0% used [0x00000007a5560000, 0x00000007a5560000, 0x00000007a6ab0000)
 concurrent mark-sweep generation total 393216K, used 167084K [0x00000007a8000000, 0x00000007c0000000, 0x00000007c0000000)
 Metaspace       used 40092K, capacity 40692K, committed 41168K, reserved 1085440K
  class space    used 4594K, capacity 4785K, committed 4860K, reserved 1048576K
}
2016-10-24T04:38:10.915+0800: 3064.958: Total time for which application threads were stopped: 0.0100238 seconds, Stopping threads took: 0.0000286 seconds
{Heap before GC invocations=207 (full 10):
 par new generation   total 109248K, used 101250K [0x00000007a0000000, 0x00000007a8000000, 0x00000007a8000000)
  eden space 87424K, 100% used [0x00000007a0000000, 0x00000007a5560000, 0x00000007a5560000)
  from space 21824K,  63% used [0x00000007a6ab0000, 0x00000007a78308a0, 0x00000007a8000000)
  to   space 21824K,   0% used [0x00000007a5560000, 0x00000007a5560000, 0x00000007a6ab0000)
 concurrent mark-sweep generation total 393216K, used 167084K [0x00000007a8000000, 0x00000007c0000000, 0x00000007c0000000)
 Metaspace       used 40092K, capacity 40692K, committed 41168K, reserved 1085440K
  class space    used 4594K, capacity 4785K, committed 4860K, reserved 1048576K
2016-10-24T04:38:10.996+0800: 3065.039: [GC (Allocation Failure) 2016-10-24T04:38:10.996+0800: 3065.039: [ParNew
Desired survivor size 20112992 bytes, new threshold 8 (max 8)
- age   1:      72616 bytes,      72616 total
- age   2:      76944 bytes,     149560 total
- age   4:       3528 bytes,     153088 total
- age   5:      10792 bytes,     163880 total
- age   6:      65056 bytes,     228936 total
- age   7:    2575352 bytes,    2804288 total
- age   8:    5464384 bytes,    8268672 total
: 101250K->10624K(109248K), 0.0089748 secs] 268334K->179790K(502464K), 0.0090567 secs] [Times: user=0.03 sys=0.01, real=0.01 secs] 
Heap after GC invocations=208 (full 10):
 par new generation   total 109248K, used 10624K [0x00000007a0000000, 0x00000007a8000000, 0x00000007a8000000)
  eden space 87424K,   0% used [0x00000007a0000000, 0x00000007a0000000, 0x00000007a5560000)
  from space 21824K,  48% used [0x00000007a5560000, 0x00000007a5fc0048, 0x00000007a6ab0000)
  to   space 21824K,   0% used [0x00000007a6ab0000, 0x00000007a6ab0000, 0x00000007a8000000)
 concurrent mark-sweep generation total 393216K, used 169166K [0x00000007a8000000, 0x00000007c0000000, 0x00000007c0000000)
 Metaspace       used 40092K, capacity 40692K, committed 41168K, reserved 1085440K
  class space    used 4594K, capacity 4785K, committed 4860K, reserved 1048576K
}
2016-10-24T04:38:11.005+0800: 3065.048: Total time for which application threads were stopped: 0.0092603 seconds, Stopping threads took: 0.0000289 seconds
{Heap before GC invocations=208 (full 10):
 par new generation   total 109248K, used 98048K [0x00000007a0000000, 0x00000007a8000000, 0x00000007a8000000)
  eden space 87424K, 100% used [0x00000007a0000000, 0x00000007a5560000, 0x00000007a5560000)
  from space 21824K,  48% used [0x00000007a5560000, 0x00000007a5fc0048, 0x00000007a6ab0000)
  to   space 21824K,   0% used [0x00000007a6ab0000, 0x00000007a6ab0000, 0x00000007a8000000)
 concurrent mark-sweep generation total 393216K, used 169166K [0x00000007a8000000, 0x00000007c0000000, 0x00000007c0000000)
 Metaspace       used 40092K, capacity 40692K, committed 41168K, reserved 1085440K
  class space    used 4594K, capacity 4785K, committed 4860K, reserved 1048576K
2016-10-24T04:38:11.135+0800: 3065.178: [GC (Allocation Failure) 2016-10-24T04:38:11.135+0800: 3065.178: [ParNew
Desired survivor size 20112992 bytes, new threshold 8 (max 8)
- age   1:      56232 bytes,      56232 total
- age   3:        224 bytes,      56456 total
- age   5:       3528 bytes,      59984 total
- age   6:      10792 bytes,      70776 total
- age   7:      65056 bytes,     135832 total
- age   8:    2575352 bytes,    2711184 total
: 98048K->3834K(109248K), 0.0081754 secs] 267214K->178392K(502464K), 0.0082282 secs] [Times: user=0.03 sys=0.00, real=0.01 secs] 
Heap after GC invocations=209 (full 10):
 par new generation   total 109248K, used 3834K [0x00000007a0000000, 0x00000007a8000000, 0x00000007a8000000)
  eden space 87424K,   0% used [0x00000007a0000000, 0x00000007a0000000, 0x00000007a5560000)
  from space 21824K,  17% used [0x00000007a6ab0000, 0x00000007a6e6e930, 0x00000007a8000000)
  to   space 21824K,   0% used [0x00000007a5560000, 0x00000007a5560000, 0x00000007a6ab0000)
 concurrent mark-sweep generation total 393216K, used 174557K [0x00000007a8000000, 0x00000007c0000000, 0x00000007c0000000)
 Metaspace       used 40092K, capacity 40692K, committed 41168K, reserved 1085440K
  class space    used 4594K, capacity 4785K, committed 4860K, reserved 1048576K
}
2016-10-24T04:38:11.143+0800: 3065.186: Total time for which application threads were stopped: 0.0084117 seconds, Stopping threads took: 0.0000191 seconds
2016-10-24T04:38:11.179+0800: 3065.222: Total time for which application threads were stopped: 0.0001473 seconds, Stopping threads took: 0.0000488 seconds
2016-10-24T04:38:11.269+0800: 3065.312: Total time for which application threads were stopped: 0.0001398 seconds, Stopping threads took: 0.0000187 seconds
2016-10-24T04:38:11.270+0800: 3065.313: Total time for which application threads were stopped: 0.0000885 seconds, Stopping threads took: 0.0000254 seconds
2016-10-24T04:38:11.270+0800: 3065.313: Total time for which application threads were stopped: 0.0000728 seconds, Stopping threads took: 0.0000233 seconds
2016-10-24T04:38:11.270+0800: 3065.313: Total time for which application threads were stopped: 0.0000746 seconds, Stopping threads took: 0.0000227 seconds
2016-10-24T04:38:11.270+0800: 3065.313: Total time for which application threads were stopped: 0.0001129 seconds, Stopping threads took: 0.0000315 seconds
2016-10-24T04:38:11.271+0800: 3065.314: Total time for which application threads were stopped: 0.0001052 seconds, Stopping threads took: 0.0000258 seconds
2016-10-24T04:38:11.272+0800: 3065.315: Total time for which application threads were stopped: 0.0001267 seconds, Stopping threads took: 0.0000389 seconds
2016-10-24T04:38:11.272+0800: 3065.315: Total time for which application threads were stopped: 0.0001175 seconds, Stopping threads took: 0.0000481 seconds
2016-10-24T04:38:11.272+0800: 3065.315: Total time for which application threads were stopped: 0.0001007 seconds, Stopping threads took: 0.0000534 seconds
2016-10-24T04:38:11.272+0800: 3065.315: Total time for which application threads were stopped: 0.0000682 seconds, Stopping threads took: 0.0000281 seconds
2016-10-24T04:38:12.278+0800: 3066.321: Total time for which application threads were stopped: 0.0002290 seconds, Stopping threads took: 0.0000544 seconds
{Heap before GC invocations=209 (full 10):
 par new generation   total 109248K, used 91258K [0x00000007a0000000, 0x00000007a8000000, 0x00000007a8000000)
  eden space 87424K, 100% used [0x00000007a0000000, 0x00000007a5560000, 0x00000007a5560000)
  from space 21824K,  17% used [0x00000007a6ab0000, 0x00000007a6e6e930, 0x00000007a8000000)
  to   space 21824K,   0% used [0x00000007a5560000, 0x00000007a5560000, 0x00000007a6ab0000)
 concurrent mark-sweep generation total 393216K, used 174557K [0x00000007a8000000, 0x00000007c0000000, 0x00000007c0000000)
 Metaspace       used 40116K, capacity 40764K, committed 41168K, reserved 1085440K
  class space    used 4596K, capacity 4789K, committed 4860K, reserved 1048576K
2016-10-24T04:39:58.403+0800: 3172.449: [GC (Allocation Failure) 2016-10-24T04:39:58.403+0800: 3172.449: [ParNew
Desired survivor size 20112992 bytes, new threshold 8 (max 8)
- age   1:    5216256 bytes,    5216256 total
- age   7:        352 bytes,    5216608 total
- age   8:      18440 bytes,    5235048 total
: 91258K->5849K(109248K), 0.0064407 secs] 265816K->182488K(502464K), 0.0065195 secs] [Times: user=0.02 sys=0.00, real=0.01 secs] 
Heap after GC invocations=210 (full 10):
 par new generation   total 109248K, used 5849K [0x00000007a0000000, 0x00000007a8000000, 0x00000007a8000000)
  eden space 87424K,   0% used [0x00000007a0000000, 0x00000007a0000000, 0x00000007a5560000)
  from space 21824K,  26% used [0x00000007a5560000, 0x00000007a5b16708, 0x00000007a6ab0000)
  to   space 21824K,   0% used [0x00000007a6ab0000, 0x00000007a6ab0000, 0x00000007a8000000)
 concurrent mark-sweep generation total 393216K, used 176638K [0x00000007a8000000, 0x00000007c0000000, 0x00000007c0000000)
 Metaspace       used 40116K, capacity 40764K, committed 41168K, reserved 1085440K
  class space    used 4596K, capacity 4789K, committed 4860K, reserved 1048576K
}
2016-10-24T04:39:58.410+0800: 3172.456: Total time for which application threads were stopped: 0.0067282 seconds, Stopping threads took: 0.0000302 seconds
{Heap before GC invocations=210 (full 10):
 par new generation   total 109248K, used 93273K [0x00000007a0000000, 0x00000007a8000000, 0x00000007a8000000)
  eden space 87424K, 100% used [0x00000007a0000000, 0x00000007a5560000, 0x00000007a5560000)
  from space 21824K,  26% used [0x00000007a5560000, 0x00000007a5b16708, 0x00000007a6ab0000)
  to   space 21824K,   0% used [0x00000007a6ab0000, 0x00000007a6ab0000, 0x00000007a8000000)
 concurrent mark-sweep generation total 393216K, used 176638K [0x00000007a8000000, 0x00000007c0000000, 0x00000007c0000000)
 Metaspace       used 40116K, capacity 40764K, committed 41168K, reserved 1085440K
  class space    used 4596K, capacity 4789K, committed 4860K, reserved 1048576K
2016-10-24T04:39:58.662+0800: 3172.709: [GC (Allocation Failure) 2016-10-24T04:39:58.662+0800: 3172.709: [ParNew
Desired survivor size 20112992 bytes, new threshold 8 (max 8)
- age   1:    8872736 bytes,    8872736 total
- age   2:    3380696 bytes,   12253432 total
- age   8:        352 bytes,   12253784 total
: 93273K->14015K(109248K), 0.0051027 secs] 269912K->190672K(502464K), 0.0051775 secs] [Times: user=0.02 sys=0.00, real=0.00 secs] 
Heap after GC invocations=211 (full 10):
 par new generation   total 109248K, used 14015K [0x00000007a0000000, 0x00000007a8000000, 0x00000007a8000000)
  eden space 87424K,   0% used [0x00000007a0000000, 0x00000007a0000000, 0x00000007a5560000)
  from space 21824K,  64% used [0x00000007a6ab0000, 0x00000007a785fef8, 0x00000007a8000000)
  to   space 21824K,   0% used [0x00000007a5560000, 0x00000007a5560000, 0x00000007a6ab0000)
 concurrent mark-sweep generation total 393216K, used 176656K [0x00000007a8000000, 0x00000007c0000000, 0x00000007c0000000)
 Metaspace       used 40116K, capacity 40764K, committed 41168K, reserved 1085440K
  class space    used 4596K, capacity 4789K, committed 4860K, reserved 1048576K
}
2016-10-24T04:39:58.667+0800: 3172.714: Total time for which application threads were stopped: 0.0053770 seconds, Stopping threads took: 0.0000310 seconds
{Heap before GC invocations=211 (full 10):
 par new generation   total 109248K, used 101439K [0x00000007a0000000, 0x00000007a8000000, 0x00000007a8000000)
  eden space 87424K, 100% used [0x00000007a0000000, 0x00000007a5560000, 0x00000007a5560000)
  from space 21824K,  64% used [0x00000007a6ab0000, 0x00000007a785fef8, 0x00000007a8000000)
  to   space 21824K,   0% used [0x00000007a5560000, 0x00000007a5560000, 0x00000007a6ab0000)
 concurrent mark-sweep generation total 393216K, used 176656K [0x00000007a8000000, 0x00000007c0000000, 0x00000007c0000000)
 Metaspace       used 40116K, capacity 40764K, committed 41168K, reserved 1085440K
  class space    used 4596K, capacity 4789K, committed 4860K, reserved 1048576K
2016-10-24T04:39:58.936+0800: 3172.983: [GC (Allocation Failure) 2016-10-24T04:39:58.936+0800: 3172.983: [ParNew
Desired survivor size 20112992 bytes, new threshold 8 (max 8)
- age   1:   11421568 bytes,   11421568 total
- age   2:    4527336 bytes,   15948904 total
- age   3:    3380264 bytes,   19329168 total
: 101439K->21824K(109248K), 0.0063490 secs] 278096K->198481K(502464K), 0.0064173 secs] [Times: user=0.02 sys=0.00, real=0.01 secs] 
Heap after GC invocations=212 (full 10):
 par new generation   total 109248K, used 21824K [0x00000007a0000000, 0x00000007a8000000, 0x00000007a8000000)
  eden space 87424K,   0% used [0x00000007a0000000, 0x00000007a0000000, 0x00000007a5560000)
  from space 21824K, 100% used [0x00000007a5560000, 0x00000007a6ab0000, 0x00000007a6ab0000)
  to   space 21824K,   0% used [0x00000007a6ab0000, 0x00000007a6ab0000, 0x00000007a8000000)
 concurrent mark-sweep generation total 393216K, used 176657K [0x00000007a8000000, 0x00000007c0000000, 0x00000007c0000000)
 Metaspace       used 40116K, capacity 40764K, committed 41168K, reserved 1085440K
  class space    used 4596K, capacity 4789K, committed 4860K, reserved 1048576K
}
2016-10-24T04:39:58.943+0800: 3172.989: Total time for which application threads were stopped: 0.0066133 seconds, Stopping threads took: 0.0000332 seconds
{Heap before GC invocations=212 (full 10):
 par new generation   total 109248K, used 109248K [0x00000007a0000000, 0x00000007a8000000, 0x00000007a8000000)
  eden space 87424K, 100% used [0x00000007a0000000, 0x00000007a5560000, 0x00000007a5560000)
  from space 21824K, 100% used [0x00000007a5560000, 0x00000007a6ab0000, 0x00000007a6ab0000)
  to   space 21824K,   0% used [0x00000007a6ab0000, 0x00000007a6ab0000, 0x00000007a8000000)
 concurrent mark-sweep generation total 393216K, used 176657K [0x00000007a8000000, 0x00000007c0000000, 0x00000007c0000000)
 Metaspace       used 40116K, capacity 40764K, committed 41168K, reserved 1085440K
  class space    used 4596K, capacity 4789K, committed 4860K, reserved 1048576K
2016-10-24T04:39:59.207+0800: 3173.254: [GC (Allocation Failure) 2016-10-24T04:39:59.207+0800: 3173.254: [ParNew
Desired survivor size 20112992 bytes, new threshold 8 (max 8)
- age   1:    5118464 bytes,    5118464 total
- age   2:    4418824 bytes,    9537288 total
- age   3:    3899264 bytes,   13436552 total
- age   4:    3175360 bytes,   16611912 total
: 109248K->21824K(109248K), 0.0075373 secs] 285905K->207088K(502464K), 0.0076135 secs] [Times: user=0.03 sys=0.00, real=0.01 secs] 
Heap after GC invocations=213 (full 10):
 par new generation   total 109248K, used 21824K [0x00000007a0000000, 0x00000007a8000000, 0x00000007a8000000)
  eden space 87424K,   0% used [0x00000007a0000000, 0x00000007a0000000, 0x00000007a5560000)
  from space 21824K, 100% used [0x00000007a6ab0000, 0x00000007a8000000, 0x00000007a8000000)
  to   space 21824K,   0% used [0x00000007a5560000, 0x00000007a5560000, 0x00000007a6ab0000)
 concurrent mark-sweep generation total 393216K, used 185264K [0x00000007a8000000, 0x00000007c0000000, 0x00000007c0000000)
 Metaspace       used 40116K, capacity 40764K, committed 41168K, reserved 1085440K
  class space    used 4596K, capacity 4789K, committed 4860K, reserved 1048576K
}
2016-10-24T04:39:59.215+0800: 3173.261: Total time for which application threads were stopped: 0.0078008 seconds, Stopping threads took: 0.0000219 seconds
{Heap before GC invocations=213 (full 10):
 par new generation   total 109248K, used 108983K [0x00000007a0000000, 0x00000007a8000000, 0x00000007a8000000)
  eden space 87424K,  99% used [0x00000007a0000000, 0x00000007a551de08, 0x00000007a5560000)
  from space 21824K, 100% used [0x00000007a6ab0000, 0x00000007a8000000, 0x00000007a8000000)
  to   space 21824K,   0% used [0x00000007a5560000, 0x00000007a5560000, 0x00000007a6ab0000)
 concurrent mark-sweep generation total 393216K, used 185264K [0x00000007a8000000, 0x00000007c0000000, 0x00000007c0000000)
 Metaspace       used 40116K, capacity 40764K, committed 41168K, reserved 1085440K
  class space    used 4596K, capacity 4789K, committed 4860K, reserved 1048576K
2016-10-24T04:39:59.482+0800: 3173.528: [GC (Allocation Failure) 2016-10-24T04:39:59.482+0800: 3173.528: [ParNew
Desired survivor size 20112992 bytes, new threshold 5 (max 8)
- age   1:   11386376 bytes,   11386376 total
- age   2:    2349192 bytes,   13735568 total
- age   3:    2349616 bytes,   16085184 total
- age   4:    2827088 bytes,   18912272 total
- age   5:    2942536 bytes,   21854808 total
: 108983K->21824K(109248K), 0.0099153 secs] 294247K->214219K(502464K), 0.0099889 secs] [Times: user=0.03 sys=0.00, real=0.01 secs] 
Heap after GC invocations=214 (full 10):
 par new generation   total 109248K, used 21824K [0x00000007a0000000, 0x00000007a8000000, 0x00000007a8000000)
  eden space 87424K,   0% used [0x00000007a0000000, 0x00000007a0000000, 0x00000007a5560000)
  from space 21824K, 100% used [0x00000007a5560000, 0x00000007a6ab0000, 0x00000007a6ab0000)
  to   space 21824K,   0% used [0x00000007a6ab0000, 0x00000007a6ab0000, 0x00000007a8000000)
 concurrent mark-sweep generation total 393216K, used 192395K [0x00000007a8000000, 0x00000007c0000000, 0x00000007c0000000)
 Metaspace       used 40116K, capacity 40764K, committed 41168K, reserved 1085440K
  class space    used 4596K, capacity 4789K, committed 4860K, reserved 1048576K
}
2016-10-24T04:39:59.492+0800: 3173.538: Total time for which application threads were stopped: 0.0101845 seconds, Stopping threads took: 0.0000319 seconds
{Heap before GC invocations=214 (full 10):
 par new generation   total 109248K, used 109248K [0x00000007a0000000, 0x00000007a8000000, 0x00000007a8000000)
  eden space 87424K, 100% used [0x00000007a0000000, 0x00000007a5560000, 0x00000007a5560000)
  from space 21824K, 100% used [0x00000007a5560000, 0x00000007a6ab0000, 0x00000007a6ab0000)
  to   space 21824K,   0% used [0x00000007a6ab0000, 0x00000007a6ab0000, 0x00000007a8000000)
 concurrent mark-sweep generation total 393216K, used 192395K [0x00000007a8000000, 0x00000007c0000000, 0x00000007c0000000)
 Metaspace       used 40116K, capacity 40764K, committed 41168K, reserved 1085440K
  class space    used 4596K, capacity 4789K, committed 4860K, reserved 1048576K
2016-10-24T04:39:59.789+0800: 3173.835: [GC (Allocation Failure) 2016-10-24T04:39:59.789+0800: 3173.835: [ParNew
Desired survivor size 20112992 bytes, new threshold 8 (max 8)
- age   1:    8172704 bytes,    8172704 total
- age   2:    2990240 bytes,   11162944 total
- age   3:    1941688 bytes,   13104632 total
- age   4:    2349352 bytes,   15453984 total
- age   5:    2827304 bytes,   18281288 total
: 109248K->21557K(109248K), 0.0106719 secs] 301643K->225662K(502464K), 0.0107413 secs] [Times: user=0.03 sys=0.01, real=0.02 secs] 
Heap after GC invocations=215 (full 10):
 par new generation   total 109248K, used 21557K [0x00000007a0000000, 0x00000007a8000000, 0x00000007a8000000)
  eden space 87424K,   0% used [0x00000007a0000000, 0x00000007a0000000, 0x00000007a5560000)
  from space 21824K,  98% used [0x00000007a6ab0000, 0x00000007a7fbd518, 0x00000007a8000000)
  to   space 21824K,   0% used [0x00000007a5560000, 0x00000007a5560000, 0x00000007a6ab0000)
 concurrent mark-sweep generation total 393216K, used 204104K [0x00000007a8000000, 0x00000007c0000000, 0x00000007c0000000)
 Metaspace       used 40116K, capacity 40764K, committed 41168K, reserved 1085440K
  class space    used 4596K, capacity 4789K, committed 4860K, reserved 1048576K
}
2016-10-24T04:39:59.800+0800: 3173.846: Total time for which application threads were stopped: 0.0109351 seconds, Stopping threads took: 0.0000233 seconds
2016-10-24T04:39:59.800+0800: 3173.846: [GC (CMS Initial Mark) [1 CMS-initial-mark: 204104K(393216K)] 227248K(502464K), 0.0020513 secs] [Times: user=0.01 sys=0.00, real=0.00 secs] 
2016-10-24T04:39:59.802+0800: 3173.848: Total time for which application threads were stopped: 0.0022209 seconds, Stopping threads took: 0.0000809 seconds
2016-10-24T04:39:59.802+0800: 3173.848: [CMS-concurrent-mark-start]
2016-10-24T04:39:59.812+0800: 3173.859: [CMS-concurrent-mark: 0.010/0.010 secs] [Times: user=0.05 sys=0.00, real=0.01 secs] 
2016-10-24T04:39:59.812+0800: 3173.859: [CMS-concurrent-preclean-start]
2016-10-24T04:39:59.813+0800: 3173.860: [CMS-concurrent-preclean: 0.001/0.001 secs] [Times: user=0.00 sys=0.00, real=0.00 secs] 
2016-10-24T04:39:59.813+0800: 3173.860: [CMS-concurrent-abortable-preclean-start]
2016-10-24T04:39:59.939+0800: 3173.985: [CMS-concurrent-abortable-preclean: 0.126/0.126 secs] [Times: user=0.25 sys=0.00, real=0.12 secs] 
2016-10-24T04:39:59.939+0800: 3173.986: [GC (CMS Final Remark) [YG occupancy: 67142 K (109248 K)]{Heap before GC invocations=215 (full 11):
 par new generation   total 109248K, used 67142K [0x00000007a0000000, 0x00000007a8000000, 0x00000007a8000000)
  eden space 87424K,  52% used [0x00000007a0000000, 0x00000007a2c84478, 0x00000007a5560000)
  from space 21824K,  98% used [0x00000007a6ab0000, 0x00000007a7fbd518, 0x00000007a8000000)
  to   space 21824K,   0% used [0x00000007a5560000, 0x00000007a5560000, 0x00000007a6ab0000)
 concurrent mark-sweep generation total 393216K, used 204104K [0x00000007a8000000, 0x00000007c0000000, 0x00000007c0000000)
 Metaspace       used 40116K, capacity 40764K, committed 41168K, reserved 1085440K
  class space    used 4596K, capacity 4789K, committed 4860K, reserved 1048576K
2016-10-24T04:39:59.939+0800: 3173.986: [GC (CMS Final Remark) 2016-10-24T04:39:59.939+0800: 3173.986: [ParNew
Desired survivor size 20112992 bytes, new threshold 6 (max 8)
- age   1:    5633192 bytes,    5633192 total
- age   2:    4682352 bytes,   10315544 total
- age   3:    2923960 bytes,   13239504 total
- age   4:    1878704 bytes,   15118208 total
- age   5:    2292504 bytes,   17410712 total
- age   6:    2768856 bytes,   20179568 total
: 67142K->21824K(109248K), 0.0075118 secs] 271247K->231670K(502464K), 0.0075712 secs] [Times: user=0.03 sys=0.00, real=0.01 secs] 
Heap after GC invocations=216 (full 11):
 par new generation   total 109248K, used 21824K [0x00000007a0000000, 0x00000007a8000000, 0x00000007a8000000)
  eden space 87424K,   0% used [0x00000007a0000000, 0x00000007a0000000, 0x00000007a5560000)
  from space 21824K, 100% used [0x00000007a5560000, 0x00000007a6ab0000, 0x00000007a6ab0000)
  to   space 21824K,   0% used [0x00000007a6ab0000, 0x00000007a6ab0000, 0x00000007a8000000)
 concurrent mark-sweep generation total 393216K, used 209846K [0x00000007a8000000, 0x00000007c0000000, 0x00000007c0000000)
 Metaspace       used 40116K, capacity 40764K, committed 41168K, reserved 1085440K
  class space    used 4596K, capacity 4789K, committed 4860K, reserved 1048576K
}
2016-10-24T04:39:59.947+0800: 3173.993: [Rescan (parallel) , 0.0025965 secs]2016-10-24T04:39:59.949+0800: 3173.996: [weak refs processing, 0.0009594 secs]2016-10-24T04:39:59.950+0800: 3173.997: [class unloading, 0.0129560 secs]2016-10-24T04:39:59.963+0800: 3174.010: [scrub symbol table, 0.0044119 secs]2016-10-24T04:39:59.968+0800: 3174.014: [scrub string table, 0.0005156 secs][1 CMS-remark: 209846K(393216K)] 231670K(502464K), 0.0293216 secs] [Times: user=0.06 sys=0.00, real=0.03 secs] 
2016-10-24T04:39:59.968+0800: 3174.015: Total time for which application threads were stopped: 0.0294964 seconds, Stopping threads took: 0.0000552 seconds
2016-10-24T04:39:59.968+0800: 3174.015: [CMS-concurrent-sweep-start]
2016-10-24T04:40:00.015+0800: 3174.061: [CMS-concurrent-sweep: 0.046/0.046 secs] [Times: user=0.09 sys=0.00, real=0.05 secs] 
2016-10-24T04:40:00.015+0800: 3174.061: [CMS-concurrent-reset-start]
2016-10-24T04:40:00.015+0800: 3174.062: [CMS-concurrent-reset: 0.000/0.000 secs] [Times: user=0.00 sys=0.00, real=0.00 secs] 
{Heap before GC invocations=216 (full 11):
 par new generation   total 109248K, used 109248K [0x00000007a0000000, 0x00000007a8000000, 0x00000007a8000000)
  eden space 87424K, 100% used [0x00000007a0000000, 0x00000007a5560000, 0x00000007a5560000)
  from space 21824K, 100% used [0x00000007a5560000, 0x00000007a6ab0000, 0x00000007a6ab0000)
  to   space 21824K,   0% used [0x00000007a6ab0000, 0x00000007a6ab0000, 0x00000007a8000000)
 concurrent mark-sweep generation total 393216K, used 55050K [0x00000007a8000000, 0x00000007c0000000, 0x00000007c0000000)
 Metaspace       used 40093K, capacity 40698K, committed 41168K, reserved 1085440K
  class space    used 4590K, capacity 4778K, committed 4860K, reserved 1048576K
2016-10-24T04:40:00.274+0800: 3174.321: [GC (Allocation Failure) 2016-10-24T04:40:00.274+0800: 3174.321: [ParNew
Desired survivor size 20112992 bytes, new threshold 6 (max 8)
- age   1:    8793432 bytes,    8793432 total
- age   2:    1770920 bytes,   10564352 total
- age   3:    4149688 bytes,   14714040 total
- age   4:    2144712 bytes,   16858752 total
- age   5:    1647376 bytes,   18506128 total
- age   6:    2067880 bytes,   20574008 total
: 109248K->21824K(109248K), 0.0103086 secs] 164298K->87702K(502464K), 0.0103667 secs] [Times: user=0.04 sys=0.00, real=0.01 secs] 
Heap after GC invocations=217 (full 11):
 par new generation   total 109248K, used 21824K [0x00000007a0000000, 0x00000007a8000000, 0x00000007a8000000)
  eden space 87424K,   0% used [0x00000007a0000000, 0x00000007a0000000, 0x00000007a5560000)
  from space 21824K, 100% used [0x00000007a6ab0000, 0x00000007a8000000, 0x00000007a8000000)
  to   space 21824K,   0% used [0x00000007a5560000, 0x00000007a5560000, 0x00000007a6ab0000)
 concurrent mark-sweep generation total 393216K, used 65878K [0x00000007a8000000, 0x00000007c0000000, 0x00000007c0000000)
 Metaspace       used 40093K, capacity 40698K, committed 41168K, reserved 1085440K
  class space    used 4590K, capacity 4778K, committed 4860K, reserved 1048576K
}
2016-10-24T04:40:00.285+0800: 3174.331: Total time for which application threads were stopped: 0.0105807 seconds, Stopping threads took: 0.0000281 seconds
{Heap before GC invocations=217 (full 11):
 par new generation   total 109248K, used 109248K [0x00000007a0000000, 0x00000007a8000000, 0x00000007a8000000)
  eden space 87424K, 100% used [0x00000007a0000000, 0x00000007a5560000, 0x00000007a5560000)
  from space 21824K, 100% used [0x00000007a6ab0000, 0x00000007a8000000, 0x00000007a8000000)
  to   space 21824K,   0% used [0x00000007a5560000, 0x00000007a5560000, 0x00000007a6ab0000)
 concurrent mark-sweep generation total 393216K, used 65878K [0x00000007a8000000, 0x00000007c0000000, 0x00000007c0000000)
 Metaspace       used 40093K, capacity 40698K, committed 41168K, reserved 1085440K
  class space    used 4590K, capacity 4778K, committed 4860K, reserved 1048576K
2016-10-24T04:40:00.584+0800: 3174.630: [GC (Allocation Failure) 2016-10-24T04:40:00.584+0800: 3174.631: [ParNew
Desired survivor size 20112992 bytes, new threshold 8 (max 8)
- age   1:   10658936 bytes,   10658936 total
- age   2:    2602312 bytes,   13261248 total
- age   3:     768856 bytes,   14030104 total
- age   4:    2304152 bytes,   16334256 total
- age   5:    1610032 bytes,   17944288 total
- age   6:    1573744 bytes,   19518032 total
: 109248K->21824K(109248K), 0.0103943 secs] 175126K->100791K(502464K), 0.0104673 secs] [Times: user=0.04 sys=0.00, real=0.01 secs] 
Heap after GC invocations=218 (full 11):
 par new generation   total 109248K, used 21824K [0x00000007a0000000, 0x00000007a8000000, 0x00000007a8000000)
  eden space 87424K,   0% used [0x00000007a0000000, 0x00000007a0000000, 0x00000007a5560000)
  from space 21824K, 100% used [0x00000007a5560000, 0x00000007a6ab0000, 0x00000007a6ab0000)
  to   space 21824K,   0% used [0x00000007a6ab0000, 0x00000007a6ab0000, 0x00000007a8000000)
 concurrent mark-sweep generation total 393216K, used 78967K [0x00000007a8000000, 0x00000007c0000000, 0x00000007c0000000)
 Metaspace       used 40093K, capacity 40698K, committed 41168K, reserved 1085440K
  class space    used 4590K, capacity 4778K, committed 4860K, reserved 1048576K
}
2016-10-24T04:40:00.595+0800: 3174.641: Total time for which application threads were stopped: 0.0106765 seconds, Stopping threads took: 0.0000259 seconds
{Heap before GC invocations=218 (full 11):
 par new generation   total 109248K, used 109248K [0x00000007a0000000, 0x00000007a8000000, 0x00000007a8000000)
  eden space 87424K, 100% used [0x00000007a0000000, 0x00000007a5560000, 0x00000007a5560000)
  from space 21824K, 100% used [0x00000007a5560000, 0x00000007a6ab0000, 0x00000007a6ab0000)
  to   space 21824K,   0% used [0x00000007a6ab0000, 0x00000007a6ab0000, 0x00000007a8000000)
 concurrent mark-sweep generation total 393216K, used 78967K [0x00000007a8000000, 0x00000007c0000000, 0x00000007c0000000)
 Metaspace       used 40093K, capacity 40698K, committed 41168K, reserved 1085440K
  class space    used 4590K, capacity 4778K, committed 4860K, reserved 1048576K
2016-10-24T04:40:00.900+0800: 3174.946: [GC (Allocation Failure) 2016-10-24T04:40:00.900+0800: 3174.946: [ParNew
Desired survivor size 20112992 bytes, new threshold 7 (max 8)
- age   1:    9500384 bytes,    9500384 total
- age   2:    3072528 bytes,   12572912 total
- age   3:    2574528 bytes,   15147440 total
- age   4:     759560 bytes,   15907000 total
- age   5:    2281856 bytes,   18188856 total
- age   6:    1600360 bytes,   19789216 total
- age   7:    1564680 bytes,   21353896 total
: 109248K->21824K(109248K), 0.0100472 secs] 188215K->108570K(502464K), 0.0101067 secs] [Times: user=0.04 sys=0.00, real=0.01 secs] 
Heap after GC invocations=219 (full 11):
 par new generation   total 109248K, used 21824K [0x00000007a0000000, 0x00000007a8000000, 0x00000007a8000000)
  eden space 87424K,   0% used [0x00000007a0000000, 0x00000007a0000000, 0x00000007a5560000)
  from space 21824K, 100% used [0x00000007a6ab0000, 0x00000007a8000000, 0x00000007a8000000)
  to   space 21824K,   0% used [0x00000007a5560000, 0x00000007a5560000, 0x00000007a6ab0000)
 concurrent mark-sweep generation total 393216K, used 86746K [0x00000007a8000000, 0x00000007c0000000, 0x00000007c0000000)
 Metaspace       used 40093K, capacity 40698K, committed 41168K, reserved 1085440K
  class space    used 4590K, capacity 4778K, committed 4860K, reserved 1048576K
}
2016-10-24T04:40:00.910+0800: 3174.956: Total time for which application threads were stopped: 0.0102900 seconds, Stopping threads took: 0.0000215 seconds
{Heap before GC invocations=219 (full 11):
 par new generation   total 109248K, used 109248K [0x00000007a0000000, 0x00000007a8000000, 0x00000007a8000000)
  eden space 87424K, 100% used [0x00000007a0000000, 0x00000007a5560000, 0x00000007a5560000)
  from space 21824K, 100% used [0x00000007a6ab0000, 0x00000007a8000000, 0x00000007a8000000)
  to   space 21824K,   0% used [0x00000007a5560000, 0x00000007a5560000, 0x00000007a6ab0000)
 concurrent mark-sweep generation total 393216K, used 86746K [0x00000007a8000000, 0x00000007c0000000, 0x00000007c0000000)
 Metaspace       used 40093K, capacity 40698K, committed 41168K, reserved 1085440K
  class space    used 4590K, capacity 4778K, committed 4860K, reserved 1048576K
2016-10-24T04:40:01.227+0800: 3175.274: [GC (Allocation Failure) 2016-10-24T04:40:01.227+0800: 3175.274: [ParNew
Desired survivor size 20112992 bytes, new threshold 7 (max 8)
- age   1:    7268888 bytes,    7268888 total
- age   2:    4439360 bytes,   11708248 total
- age   3:    2742104 bytes,   14450352 total
- age   4:    2502752 bytes,   16953104 total
- age   5:     723912 bytes,   17677016 total
- age   6:    2216360 bytes,   19893376 total
- age   7:    1559936 bytes,   21453312 total
: 109248K->21824K(109248K), 0.0124999 secs] 195994K->121581K(502464K), 0.0125588 secs] [Times: user=0.05 sys=0.00, real=0.02 secs] 
Heap after GC invocations=220 (full 11):
 par new generation   total 109248K, used 21824K [0x00000007a0000000, 0x00000007a8000000, 0x00000007a8000000)
  eden space 87424K,   0% used [0x00000007a0000000, 0x00000007a0000000, 0x00000007a5560000)
  from space 21824K, 100% used [0x00000007a5560000, 0x00000007a6ab0000, 0x00000007a6ab0000)
  to   space 21824K,   0% used [0x00000007a6ab0000, 0x00000007a6ab0000, 0x00000007a8000000)
 concurrent mark-sweep generation total 393216K, used 99757K [0x00000007a8000000, 0x00000007c0000000, 0x00000007c0000000)
 Metaspace       used 40093K, capacity 40698K, committed 41168K, reserved 1085440K
  class space    used 4590K, capacity 4778K, committed 4860K, reserved 1048576K
}
2016-10-24T04:40:01.240+0800: 3175.286: Total time for which application threads were stopped: 0.0127415 seconds, Stopping threads took: 0.0000279 seconds
{Heap before GC invocations=220 (full 11):
 par new generation   total 109248K, used 109248K [0x00000007a0000000, 0x00000007a8000000, 0x00000007a8000000)
  eden space 87424K, 100% used [0x00000007a0000000, 0x00000007a5560000, 0x00000007a5560000)
  from space 21824K, 100% used [0x00000007a5560000, 0x00000007a6ab0000, 0x00000007a6ab0000)
  to   space 21824K,   0% used [0x00000007a6ab0000, 0x00000007a6ab0000, 0x00000007a8000000)
 concurrent mark-sweep generation total 393216K, used 99757K [0x00000007a8000000, 0x00000007c0000000, 0x00000007c0000000)
 Metaspace       used 40093K, capacity 40698K, committed 41168K, reserved 1085440K
  class space    used 4590K, capacity 4778K, committed 4860K, reserved 1048576K
2016-10-24T04:40:01.570+0800: 3175.616: [GC (Allocation Failure) 2016-10-24T04:40:01.570+0800: 3175.616: [ParNew
Desired survivor size 20112992 bytes, new threshold 6 (max 8)
- age   1:    8725456 bytes,    8725456 total
- age   2:    4157624 bytes,   12883080 total
- age   3:    2027480 bytes,   14910560 total
- age   4:    2414040 bytes,   17324600 total
- age   5:    2233080 bytes,   19557680 total
- age   6:     616456 bytes,   20174136 total
- age   7:    1199792 bytes,   21373928 total
: 109248K->21824K(109248K), 0.0128305 secs] 209005K->143995K(502464K), 0.0128786 secs] [Times: user=0.05 sys=0.00, real=0.01 secs] 
Heap after GC invocations=221 (full 11):
 par new generation   total 109248K, used 21824K [0x00000007a0000000, 0x00000007a8000000, 0x00000007a8000000)
  eden space 87424K,   0% used [0x00000007a0000000, 0x00000007a0000000, 0x00000007a5560000)
  from space 21824K, 100% used [0x00000007a6ab0000, 0x00000007a8000000, 0x00000007a8000000)
  to   space 21824K,   0% used [0x00000007a5560000, 0x00000007a5560000, 0x00000007a6ab0000)
 concurrent mark-sweep generation total 393216K, used 122171K [0x00000007a8000000, 0x00000007c0000000, 0x00000007c0000000)
 Metaspace       used 40093K, capacity 40698K, committed 41168K, reserved 1085440K
  class space    used 4590K, capacity 4778K, committed 4860K, reserved 1048576K
}
2016-10-24T04:40:01.583+0800: 3175.629: Total time for which application threads were stopped: 0.0130558 seconds, Stopping threads took: 0.0000210 seconds
{Heap before GC invocations=221 (full 11):
 par new generation   total 109248K, used 109248K [0x00000007a0000000, 0x00000007a8000000, 0x00000007a8000000)
  eden space 87424K, 100% used [0x00000007a0000000, 0x00000007a5560000, 0x00000007a5560000)
  from space 21824K, 100% used [0x00000007a6ab0000, 0x00000007a8000000, 0x00000007a8000000)
  to   space 21824K,   0% used [0x00000007a5560000, 0x00000007a5560000, 0x00000007a6ab0000)
 concurrent mark-sweep generation total 393216K, used 122171K [0x00000007a8000000, 0x00000007c0000000, 0x00000007c0000000)
 Metaspace       used 40093K, capacity 40698K, committed 41168K, reserved 1085440K
  class space    used 4590K, capacity 4778K, committed 4860K, reserved 1048576K
2016-10-24T04:40:01.845+0800: 3175.891: [GC (Allocation Failure) 2016-10-24T04:40:01.845+0800: 3175.891: [ParNew
Desired survivor size 20112992 bytes, new threshold 6 (max 8)
- age   1:   10662104 bytes,   10662104 total
- age   2:    2533896 bytes,   13196000 total
- age   3:    1859272 bytes,   15055272 total
- age   4:    1702528 bytes,   16757800 total
- age   5:    2251024 bytes,   19008824 total
- age   6:    1608784 bytes,   20617608 total
: 109248K->21824K(109248K), 0.0123796 secs] 231419K->159183K(502464K), 0.0124499 secs] [Times: user=0.04 sys=0.00, real=0.01 secs] 
Heap after GC invocations=222 (full 11):
 par new generation   total 109248K, used 21824K [0x00000007a0000000, 0x00000007a8000000, 0x00000007a8000000)
  eden space 87424K,   0% used [0x00000007a0000000, 0x00000007a0000000, 0x00000007a5560000)
  from space 21824K, 100% used [0x00000007a5560000, 0x00000007a6ab0000, 0x00000007a6ab0000)
  to   space 21824K,   0% used [0x00000007a6ab0000, 0x00000007a6ab0000, 0x00000007a8000000)
 concurrent mark-sweep generation total 393216K, used 137359K [0x00000007a8000000, 0x00000007c0000000, 0x00000007c0000000)
 Metaspace       used 40093K, capacity 40698K, committed 41168K, reserved 1085440K
  class space    used 4590K, capacity 4778K, committed 4860K, reserved 1048576K
}
2016-10-24T04:40:01.857+0800: 3175.904: Total time for which application threads were stopped: 0.0126315 seconds, Stopping threads took: 0.0000289 seconds
{Heap before GC invocations=222 (full 11):
 par new generation   total 109248K, used 109248K [0x00000007a0000000, 0x00000007a8000000, 0x00000007a8000000)
  eden space 87424K, 100% used [0x00000007a0000000, 0x00000007a5560000, 0x00000007a5560000)
  from space 21824K, 100% used [0x00000007a5560000, 0x00000007a6ab0000, 0x00000007a6ab0000)
  to   space 21824K,   0% used [0x00000007a6ab0000, 0x00000007a6ab0000, 0x00000007a8000000)
 concurrent mark-sweep generation total 393216K, used 137359K [0x00000007a8000000, 0x00000007c0000000, 0x00000007c0000000)
 Metaspace       used 40093K, capacity 40698K, committed 41168K, reserved 1085440K
  class space    used 4590K, capacity 4778K, committed 4860K, reserved 1048576K
2016-10-24T04:40:02.168+0800: 3176.214: [GC (Allocation Failure) 2016-10-24T04:40:02.168+0800: 3176.214: [ParNew
Desired survivor size 20112992 bytes, new threshold 6 (max 8)
- age   1:    5759152 bytes,    5759152 total
- age   2:    7235184 bytes,   12994336 total
- age   3:    2482472 bytes,   15476808 total
- age   4:    1684200 bytes,   17161008 total
- age   5:    1662744 bytes,   18823752 total
- age   6:    2210992 bytes,   21034744 total
: 109248K->21824K(109248K), 0.0134586 secs] 246607K->163787K(502464K), 0.0135262 secs] [Times: user=0.05 sys=0.00, real=0.02 secs] 
Heap after GC invocations=223 (full 11):
 par new generation   total 109248K, used 21824K [0x00000007a0000000, 0x00000007a8000000, 0x00000007a8000000)
  eden space 87424K,   0% used [0x00000007a0000000, 0x00000007a0000000, 0x00000007a5560000)
  from space 21824K, 100% used [0x00000007a6ab0000, 0x00000007a8000000, 0x00000007a8000000)
  to   space 21824K,   0% used [0x00000007a5560000, 0x00000007a5560000, 0x00000007a6ab0000)
 concurrent mark-sweep generation total 393216K, used 141963K [0x00000007a8000000, 0x00000007c0000000, 0x00000007c0000000)
 Metaspace       used 40093K, capacity 40698K, committed 41168K, reserved 1085440K
  class space    used 4590K, capacity 4778K, committed 4860K, reserved 1048576K
}
2016-10-24T04:40:02.181+0800: 3176.228: Total time for which application threads were stopped: 0.0137289 seconds, Stopping threads took: 0.0000234 seconds
{Heap before GC invocations=223 (full 11):
 par new generation   total 109248K, used 109248K [0x00000007a0000000, 0x00000007a8000000, 0x00000007a8000000)
  eden space 87424K, 100% used [0x00000007a0000000, 0x00000007a5560000, 0x00000007a5560000)
  from space 21824K, 100% used [0x00000007a6ab0000, 0x00000007a8000000, 0x00000007a8000000)
  to   space 21824K,   0% used [0x00000007a5560000, 0x00000007a5560000, 0x00000007a6ab0000)
 concurrent mark-sweep generation total 393216K, used 141963K [0x00000007a8000000, 0x00000007c0000000, 0x00000007c0000000)
 Metaspace       used 40093K, capacity 40698K, committed 41168K, reserved 1085440K
  class space    used 4590K, capacity 4778K, committed 4860K, reserved 1048576K
2016-10-24T04:40:02.444+0800: 3176.491: [GC (Allocation Failure) 2016-10-24T04:40:02.444+0800: 3176.491: [ParNew
Desired survivor size 20112992 bytes, new threshold 5 (max 8)
- age   1:   11735632 bytes,   11735632 total
- age   2:    2957656 bytes,   14693288 total
- age   3:    1620808 bytes,   16314096 total
- age   4:    2475440 bytes,   18789536 total
- age   5:    1481136 bytes,   20270672 total
- age   6:    1395072 bytes,   21665744 total
: 109248K->21824K(109248K), 0.0119476 secs] 251211K->180313K(502464K), 0.0120195 secs] [Times: user=0.05 sys=0.00, real=0.01 secs] 
Heap after GC invocations=224 (full 11):
 par new generation   total 109248K, used 21824K [0x00000007a0000000, 0x00000007a8000000, 0x00000007a8000000)
  eden space 87424K,   0% used [0x00000007a0000000, 0x00000007a0000000, 0x00000007a5560000)
  from space 21824K, 100% used [0x00000007a5560000, 0x00000007a6ab0000, 0x00000007a6ab0000)
  to   space 21824K,   0% used [0x00000007a6ab0000, 0x00000007a6ab0000, 0x00000007a8000000)
 concurrent mark-sweep generation total 393216K, used 158489K [0x00000007a8000000, 0x00000007c0000000, 0x00000007c0000000)
 Metaspace       used 40093K, capacity 40698K, committed 41168K, reserved 1085440K
  class space    used 4590K, capacity 4778K, committed 4860K, reserved 1048576K
}
2016-10-24T04:40:02.456+0800: 3176.503: Total time for which application threads were stopped: 0.0122272 seconds, Stopping threads took: 0.0000325 seconds
{Heap before GC invocations=224 (full 11):
 par new generation   total 109248K, used 109248K [0x00000007a0000000, 0x00000007a8000000, 0x00000007a8000000)
  eden space 87424K, 100% used [0x00000007a0000000, 0x00000007a5560000, 0x00000007a5560000)
  from space 21824K, 100% used [0x00000007a5560000, 0x00000007a6ab0000, 0x00000007a6ab0000)
  to   space 21824K,   0% used [0x00000007a6ab0000, 0x00000007a6ab0000, 0x00000007a8000000)
 concurrent mark-sweep generation total 393216K, used 158489K [0x00000007a8000000, 0x00000007c0000000, 0x00000007c0000000)
 Metaspace       used 40093K, capacity 40698K, committed 41168K, reserved 1085440K
  class space    used 4590K, capacity 4778K, committed 4860K, reserved 1048576K
2016-10-24T04:40:02.711+0800: 3176.757: [GC (Allocation Failure) 2016-10-24T04:40:02.711+0800: 3176.758: [ParNew
Desired survivor size 20112992 bytes, new threshold 5 (max 8)
- age   1:    8461304 bytes,    8461304 total
- age   2:    8445768 bytes,   16907072 total
- age   3:    1744952 bytes,   18652024 total
- age   4:    1384504 bytes,   20036528 total
- age   5:    1716824 bytes,   21753352 total
: 109248K->21824K(109248K), 0.0129336 secs] 267737K->185307K(502464K), 0.0130167 secs] [Times: user=0.04 sys=0.00, real=0.01 secs] 
Heap after GC invocations=225 (full 11):
 par new generation   total 109248K, used 21824K [0x00000007a0000000, 0x00000007a8000000, 0x00000007a8000000)
  eden space 87424K,   0% used [0x00000007a0000000, 0x00000007a0000000, 0x00000007a5560000)
  from space 21824K, 100% used [0x00000007a6ab0000, 0x00000007a8000000, 0x00000007a8000000)
  to   space 21824K,   0% used [0x00000007a5560000, 0x00000007a5560000, 0x00000007a6ab0000)
 concurrent mark-sweep generation total 393216K, used 163483K [0x00000007a8000000, 0x00000007c0000000, 0x00000007c0000000)
 Metaspace       used 40093K, capacity 40698K, committed 41168K, reserved 1085440K
  class space    used 4590K, capacity 4778K, committed 4860K, reserved 1048576K
}
2016-10-24T04:40:02.724+0800: 3176.771: Total time for which application threads were stopped: 0.0132151 seconds, Stopping threads took: 0.0000317 seconds
{Heap before GC invocations=225 (full 11):
 par new generation   total 109248K, used 109248K [0x00000007a0000000, 0x00000007a8000000, 0x00000007a8000000)
  eden space 87424K, 100% used [0x00000007a0000000, 0x00000007a5560000, 0x00000007a5560000)
  from space 21824K, 100% used [0x00000007a6ab0000, 0x00000007a8000000, 0x00000007a8000000)
  to   space 21824K,   0% used [0x00000007a5560000, 0x00000007a5560000, 0x00000007a6ab0000)
 concurrent mark-sweep generation total 393216K, used 163483K [0x00000007a8000000, 0x00000007c0000000, 0x00000007c0000000)
 Metaspace       used 40093K, capacity 40698K, committed 41168K, reserved 1085440K
  class space    used 4590K, capacity 4778K, committed 4860K, reserved 1048576K
2016-10-24T04:40:02.964+0800: 3177.011: [GC (Allocation Failure) 2016-10-24T04:40:02.964+0800: 3177.011: [ParNew
Desired survivor size 20112992 bytes, new threshold 4 (max 8)
- age   1:    7070768 bytes,    7070768 total
- age   2:    3447536 bytes,   10518304 total
- age   3:    8152760 bytes,   18671064 total
- age   4:    1680408 bytes,   20351472 total
- age   5:    1332832 bytes,   21684304 total
: 109248K->21824K(109248K), 0.0138501 secs] 272731K->190047K(502464K), 0.0139178 secs] [Times: user=0.05 sys=0.00, real=0.01 secs] 
Heap after GC invocations=226 (full 11):
 par new generation   total 109248K, used 21824K [0x00000007a0000000, 0x00000007a8000000, 0x00000007a8000000)
  eden space 87424K,   0% used [0x00000007a0000000, 0x00000007a0000000, 0x00000007a5560000)
  from space 21824K, 100% used [0x00000007a5560000, 0x00000007a6ab0000, 0x00000007a6ab0000)
  to   space 21824K,   0% used [0x00000007a6ab0000, 0x00000007a6ab0000, 0x00000007a8000000)
 concurrent mark-sweep generation total 393216K, used 168223K [0x00000007a8000000, 0x00000007c0000000, 0x00000007c0000000)
 Metaspace       used 40093K, capacity 40698K, committed 41168K, reserved 1085440K
  class space    used 4590K, capacity 4778K, committed 4860K, reserved 1048576K
}
2016-10-24T04:40:02.978+0800: 3177.025: Total time for which application threads were stopped: 0.0140914 seconds, Stopping threads took: 0.0000222 seconds
{Heap before GC invocations=226 (full 11):
 par new generation   total 109248K, used 109248K [0x00000007a0000000, 0x00000007a8000000, 0x00000007a8000000)
  eden space 87424K, 100% used [0x00000007a0000000, 0x00000007a5560000, 0x00000007a5560000)
  from space 21824K, 100% used [0x00000007a5560000, 0x00000007a6ab0000, 0x00000007a6ab0000)
  to   space 21824K,   0% used [0x00000007a6ab0000, 0x00000007a6ab0000, 0x00000007a8000000)
 concurrent mark-sweep generation total 393216K, used 168223K [0x00000007a8000000, 0x00000007c0000000, 0x00000007c0000000)
 Metaspace       used 40093K, capacity 40698K, committed 41168K, reserved 1085440K
  class space    used 4590K, capacity 4778K, committed 4860K, reserved 1048576K
2016-10-24T04:40:03.226+0800: 3177.273: [GC (Allocation Failure) 2016-10-24T04:40:03.226+0800: 3177.273: [ParNew
Desired survivor size 20112992 bytes, new threshold 8 (max 8)
- age   1:    3996208 bytes,    3996208 total
- age   2:    5771272 bytes,    9767480 total
- age   3:    2029840 bytes,   11797320 total
- age   4:    7391008 bytes,   19188328 total
: 109248K->21824K(109248K), 0.0162175 secs] 277471K->196836K(502464K), 0.0162816 secs] [Times: user=0.06 sys=0.00, real=0.02 secs] 
Heap after GC invocations=227 (full 11):
 par new generation   total 109248K, used 21824K [0x00000007a0000000, 0x00000007a8000000, 0x00000007a8000000)
  eden space 87424K,   0% used [0x00000007a0000000, 0x00000007a0000000, 0x00000007a5560000)
  from space 21824K, 100% used [0x00000007a6ab0000, 0x00000007a8000000, 0x00000007a8000000)
  to   space 21824K,   0% used [0x00000007a5560000, 0x00000007a5560000, 0x00000007a6ab0000)
 concurrent mark-sweep generation total 393216K, used 175012K [0x00000007a8000000, 0x00000007c0000000, 0x00000007c0000000)
 Metaspace       used 40093K, capacity 40698K, committed 41168K, reserved 1085440K
  class space    used 4590K, capacity 4778K, committed 4860K, reserved 1048576K
}
2016-10-24T04:40:03.243+0800: 3177.289: Total time for which application threads were stopped: 0.0164695 seconds, Stopping threads took: 0.0000234 seconds
2016-10-24T04:40:04.243+0800: 3178.290: Total time for which application threads were stopped: 0.0001694 seconds, Stopping threads took: 0.0000703 seconds
2016-10-24T04:40:08.115+0800: 3182.162: Total time for which application threads were stopped: 0.0001274 seconds, Stopping threads took: 0.0000222 seconds
2016-10-24T04:40:08.183+0800: 3182.230: Total time for which application threads were stopped: 0.0001876 seconds, Stopping threads took: 0.0000336 seconds
2016-10-24T04:40:08.184+0800: 3182.231: Total time for which application threads were stopped: 0.0002567 seconds, Stopping threads took: 0.0000277 seconds
{Heap before GC invocations=227 (full 11):
 par new generation   total 109248K, used 109248K [0x00000007a0000000, 0x00000007a8000000, 0x00000007a8000000)
  eden space 87424K, 100% used [0x00000007a0000000, 0x00000007a5560000, 0x00000007a5560000)
  from space 21824K, 100% used [0x00000007a6ab0000, 0x00000007a8000000, 0x00000007a8000000)
  to   space 21824K,   0% used [0x00000007a5560000, 0x00000007a5560000, 0x00000007a6ab0000)
 concurrent mark-sweep generation total 393216K, used 175012K [0x00000007a8000000, 0x00000007c0000000, 0x00000007c0000000)
 Metaspace       used 40094K, capacity 40698K, committed 41168K, reserved 1085440K
  class space    used 4590K, capacity 4778K, committed 4860K, reserved 1048576K
2016-10-24T04:40:09.060+0800: 3183.107: [GC (Allocation Failure) 2016-10-24T04:40:09.060+0800: 3183.107: [ParNew
Desired survivor size 20112992 bytes, new threshold 8 (max 8)
- age   1:     766256 bytes,     766256 total
- age   2:    3796160 bytes,    4562416 total
- age   3:    5586040 bytes,   10148456 total
- age   4:    1901152 bytes,   12049608 total
- age   5:    7320064 bytes,   19369672 total
: 109248K->21824K(109248K), 0.0104224 secs] 284260K->196836K(502464K), 0.0105103 secs] [Times: user=0.04 sys=0.00, real=0.01 secs] 
Heap after GC invocations=228 (full 11):
 par new generation   total 109248K, used 21824K [0x00000007a0000000, 0x00000007a8000000, 0x00000007a8000000)
  eden space 87424K,   0% used [0x00000007a0000000, 0x00000007a0000000, 0x00000007a5560000)
  from space 21824K, 100% used [0x00000007a5560000, 0x00000007a6ab0000, 0x00000007a6ab0000)
  to   space 21824K,   0% used [0x00000007a6ab0000, 0x00000007a6ab0000, 0x00000007a8000000)
 concurrent mark-sweep generation total 393216K, used 175012K [0x00000007a8000000, 0x00000007c0000000, 0x00000007c0000000)
 Metaspace       used 40094K, capacity 40698K, committed 41168K, reserved 1085440K
  class space    used 4590K, capacity 4778K, committed 4860K, reserved 1048576K
}
2016-10-24T04:40:09.071+0800: 3183.117: Total time for which application threads were stopped: 0.0108515 seconds, Stopping threads took: 0.0000403 seconds
{Heap before GC invocations=228 (full 11):
 par new generation   total 109248K, used 109248K [0x00000007a0000000, 0x00000007a8000000, 0x00000007a8000000)
  eden space 87424K, 100% used [0x00000007a0000000, 0x00000007a5560000, 0x00000007a5560000)
  from space 21824K, 100% used [0x00000007a5560000, 0x00000007a6ab0000, 0x00000007a6ab0000)
  to   space 21824K,   0% used [0x00000007a6ab0000, 0x00000007a6ab0000, 0x00000007a8000000)
 concurrent mark-sweep generation total 393216K, used 175012K [0x00000007a8000000, 0x00000007c0000000, 0x00000007c0000000)
 Metaspace       used 40094K, capacity 40698K, committed 41168K, reserved 1085440K
  class space    used 4590K, capacity 4778K, committed 4860K, reserved 1048576K
2016-10-24T04:40:09.159+0800: 3183.206: [GC (Allocation Failure) 2016-10-24T04:40:09.159+0800: 3183.206: [ParNew
Desired survivor size 20112992 bytes, new threshold 8 (max 8)
- age   1:      93816 bytes,      93816 total
- age   2:     669848 bytes,     763664 total
- age   3:    3729056 bytes,    4492720 total
- age   4:    5146080 bytes,    9638800 total
- age   5:    1855840 bytes,   11494640 total
- age   6:    7289520 bytes,   18784160 total
: 109248K->21824K(109248K), 0.0118853 secs] 284260K->197431K(502464K), 0.0119309 secs] [Times: user=0.04 sys=0.00, real=0.02 secs] 
Heap after GC invocations=229 (full 11):
 par new generation   total 109248K, used 21824K [0x00000007a0000000, 0x00000007a8000000, 0x00000007a8000000)
  eden space 87424K,   0% used [0x00000007a0000000, 0x00000007a0000000, 0x00000007a5560000)
  from space 21824K, 100% used [0x00000007a6ab0000, 0x00000007a8000000, 0x00000007a8000000)
  to   space 21824K,   0% used [0x00000007a5560000, 0x00000007a5560000, 0x00000007a6ab0000)
 concurrent mark-sweep generation total 393216K, used 175607K [0x00000007a8000000, 0x00000007c0000000, 0x00000007c0000000)
 Metaspace       used 40094K, capacity 40698K, committed 41168K, reserved 1085440K
  class space    used 4590K, capacity 4778K, committed 4860K, reserved 1048576K
}
2016-10-24T04:40:09.171+0800: 3183.218: Total time for which application threads were stopped: 0.0121190 seconds, Stopping threads took: 0.0000183 seconds
{Heap before GC invocations=229 (full 11):
 par new generation   total 109248K, used 109248K [0x00000007a0000000, 0x00000007a8000000, 0x00000007a8000000)
  eden space 87424K, 100% used [0x00000007a0000000, 0x00000007a5560000, 0x00000007a5560000)
  from space 21824K, 100% used [0x00000007a6ab0000, 0x00000007a8000000, 0x00000007a8000000)
  to   space 21824K,   0% used [0x00000007a5560000, 0x00000007a5560000, 0x00000007a6ab0000)
 concurrent mark-sweep generation total 393216K, used 175607K [0x00000007a8000000, 0x00000007c0000000, 0x00000007c0000000)
 Metaspace       used 40095K, capacity 40698K, committed 41168K, reserved 1085440K
  class space    used 4590K, capacity 4778K, committed 4860K, reserved 1048576K
2016-10-24T04:40:09.307+0800: 3183.354: [GC (Allocation Failure) 2016-10-24T04:40:09.307+0800: 3183.354: [ParNew
Desired survivor size 20112992 bytes, new threshold 8 (max 8)
- age   1:     182824 bytes,     182824 total
- age   2:      10440 bytes,     193264 total
- age   3:     649696 bytes,     842960 total
- age   4:    3467736 bytes,    4310696 total
- age   5:    4987896 bytes,    9298592 total
- age   6:    1692656 bytes,   10991248 total
- age   7:    7198176 bytes,   18189424 total
: 109248K->21824K(109248K), 0.0115765 secs] 284855K->198115K(502464K), 0.0116306 secs] [Times: user=0.05 sys=0.00, real=0.01 secs] 
Heap after GC invocations=230 (full 11):
 par new generation   total 109248K, used 21824K [0x00000007a0000000, 0x00000007a8000000, 0x00000007a8000000)
  eden space 87424K,   0% used [0x00000007a0000000, 0x00000007a0000000, 0x00000007a5560000)
  from space 21824K, 100% used [0x00000007a5560000, 0x00000007a6ab0000, 0x00000007a6ab0000)
  to   space 21824K,   0% used [0x00000007a6ab0000, 0x00000007a6ab0000, 0x00000007a8000000)
 concurrent mark-sweep generation total 393216K, used 176291K [0x00000007a8000000, 0x00000007c0000000, 0x00000007c0000000)
 Metaspace       used 40095K, capacity 40698K, committed 41168K, reserved 1085440K
  class space    used 4590K, capacity 4778K, committed 4860K, reserved 1048576K
}
2016-10-24T04:40:09.319+0800: 3183.366: Total time for which application threads were stopped: 0.0118314 seconds, Stopping threads took: 0.0000243 seconds
{Heap before GC invocations=230 (full 11):
 par new generation   total 109248K, used 109248K [0x00000007a0000000, 0x00000007a8000000, 0x00000007a8000000)
  eden space 87424K, 100% used [0x00000007a0000000, 0x00000007a5560000, 0x00000007a5560000)
  from space 21824K, 100% used [0x00000007a5560000, 0x00000007a6ab0000, 0x00000007a6ab0000)
  to   space 21824K,   0% used [0x00000007a6ab0000, 0x00000007a6ab0000, 0x00000007a8000000)
 concurrent mark-sweep generation total 393216K, used 176291K [0x00000007a8000000, 0x00000007c0000000, 0x00000007c0000000)
 Metaspace       used 40095K, capacity 40698K, committed 41168K, reserved 1085440K
  class space    used 4590K, capacity 4778K, committed 4860K, reserved 1048576K
2016-10-24T04:40:09.404+0800: 3183.451: [GC (Allocation Failure) 2016-10-24T04:40:09.404+0800: 3183.451: [ParNew
Desired survivor size 20112992 bytes, new threshold 8 (max 8)
- age   1:      93768 bytes,      93768 total
- age   2:      53856 bytes,     147624 total
- age   3:      10440 bytes,     158064 total
- age   4:     649696 bytes,     807760 total
- age   5:    3467736 bytes,    4275496 total
- age   6:    4987920 bytes,    9263416 total
- age   7:    1692680 bytes,   10956096 total
- age   8:    7198176 bytes,   18154272 total
: 109248K->21824K(109248K), 0.0093200 secs] 285539K->198115K(502464K), 0.0093776 secs] [Times: user=0.03 sys=0.00, real=0.01 secs] 
Heap after GC invocations=231 (full 11):
 par new generation   total 109248K, used 21824K [0x00000007a0000000, 0x00000007a8000000, 0x00000007a8000000)
  eden space 87424K,   0% used [0x00000007a0000000, 0x00000007a0000000, 0x00000007a5560000)
  from space 21824K, 100% used [0x00000007a6ab0000, 0x00000007a8000000, 0x00000007a8000000)
  to   space 21824K,   0% used [0x00000007a5560000, 0x00000007a5560000, 0x00000007a6ab0000)
 concurrent mark-sweep generation total 393216K, used 176291K [0x00000007a8000000, 0x00000007c0000000, 0x00000007c0000000)
 Metaspace       used 40095K, capacity 40698K, committed 41168K, reserved 1085440K
  class space    used 4590K, capacity 4778K, committed 4860K, reserved 1048576K
}
2016-10-24T04:40:09.414+0800: 3183.460: Total time for which application threads were stopped: 0.0095910 seconds, Stopping threads took: 0.0000235 seconds
{Heap before GC invocations=231 (full 11):
 par new generation   total 109248K, used 109248K [0x00000007a0000000, 0x00000007a8000000, 0x00000007a8000000)
  eden space 87424K, 100% used [0x00000007a0000000, 0x00000007a5560000, 0x00000007a5560000)
  from space 21824K, 100% used [0x00000007a6ab0000, 0x00000007a8000000, 0x00000007a8000000)
  to   space 21824K,   0% used [0x00000007a5560000, 0x00000007a5560000, 0x00000007a6ab0000)
 concurrent mark-sweep generation total 393216K, used 176291K [0x00000007a8000000, 0x00000007c0000000, 0x00000007c0000000)
 Metaspace       used 40095K, capacity 40698K, committed 41168K, reserved 1085440K
  class space    used 4590K, capacity 4778K, committed 4860K, reserved 1048576K
2016-10-24T04:40:09.533+0800: 3183.579: [GC (Allocation Failure) 2016-10-24T04:40:09.533+0800: 3183.580: [ParNew
Desired survivor size 20112992 bytes, new threshold 8 (max 8)
- age   1:     266736 bytes,     266736 total
- age   3:       3432 bytes,     270168 total
- age   4:      10440 bytes,     280608 total
- age   5:     649696 bytes,     930304 total
- age   6:    3467736 bytes,    4398040 total
- age   7:    4987896 bytes,    9385936 total
- age   8:    1692656 bytes,   11078592 total
: 109248K->16276K(109248K), 0.0111389 secs] 285539K->199632K(502464K), 0.0111959 secs] [Times: user=0.04 sys=0.00, real=0.01 secs] 
Heap after GC invocations=232 (full 11):
 par new generation   total 109248K, used 16276K [0x00000007a0000000, 0x00000007a8000000, 0x00000007a8000000)
  eden space 87424K,   0% used [0x00000007a0000000, 0x00000007a0000000, 0x00000007a5560000)
  from space 21824K,  74% used [0x00000007a5560000, 0x00000007a65453c0, 0x00000007a6ab0000)
  to   space 21824K,   0% used [0x00000007a6ab0000, 0x00000007a6ab0000, 0x00000007a8000000)
 concurrent mark-sweep generation total 393216K, used 183355K [0x00000007a8000000, 0x00000007c0000000, 0x00000007c0000000)
 Metaspace       used 40095K, capacity 40698K, committed 41168K, reserved 1085440K
  class space    used 4590K, capacity 4778K, committed 4860K, reserved 1048576K
}
2016-10-24T04:40:09.544+0800: 3183.591: Total time for which application threads were stopped: 0.0114165 seconds, Stopping threads took: 0.0000227 seconds
{Heap before GC invocations=232 (full 11):
 par new generation   total 109248K, used 103700K [0x00000007a0000000, 0x00000007a8000000, 0x00000007a8000000)
  eden space 87424K, 100% used [0x00000007a0000000, 0x00000007a5560000, 0x00000007a5560000)
  from space 21824K,  74% used [0x00000007a5560000, 0x00000007a65453c0, 0x00000007a6ab0000)
  to   space 21824K,   0% used [0x00000007a6ab0000, 0x00000007a6ab0000, 0x00000007a8000000)
 concurrent mark-sweep generation total 393216K, used 183355K [0x00000007a8000000, 0x00000007c0000000, 0x00000007c0000000)
 Metaspace       used 40095K, capacity 40698K, committed 41168K, reserved 1085440K
  class space    used 4590K, capacity 4778K, committed 4860K, reserved 1048576K
2016-10-24T04:40:09.627+0800: 3183.674: [GC (Allocation Failure) 2016-10-24T04:40:09.627+0800: 3183.674: [ParNew
Desired survivor size 20112992 bytes, new threshold 8 (max 8)
- age   1:      71664 bytes,      71664 total
- age   2:      45608 bytes,     117272 total
- age   4:       3432 bytes,     120704 total
- age   5:      10440 bytes,     131144 total
- age   6:     649696 bytes,     780840 total
- age   7:    3467736 bytes,    4248576 total
- age   8:    4987896 bytes,    9236472 total
: 103700K->12590K(109248K), 0.0106377 secs] 287056K->197662K(502464K), 0.0107014 secs] [Times: user=0.04 sys=0.00, real=0.01 secs] 
Heap after GC invocations=233 (full 11):
 par new generation   total 109248K, used 12590K [0x00000007a0000000, 0x00000007a8000000, 0x00000007a8000000)
  eden space 87424K,   0% used [0x00000007a0000000, 0x00000007a0000000, 0x00000007a5560000)
  from space 21824K,  57% used [0x00000007a6ab0000, 0x00000007a76fbb38, 0x00000007a8000000)
  to   space 21824K,   0% used [0x00000007a5560000, 0x00000007a5560000, 0x00000007a6ab0000)
 concurrent mark-sweep generation total 393216K, used 185072K [0x00000007a8000000, 0x00000007c0000000, 0x00000007c0000000)
 Metaspace       used 40095K, capacity 40698K, committed 41168K, reserved 1085440K
  class space    used 4590K, capacity 4778K, committed 4860K, reserved 1048576K
}
2016-10-24T04:40:09.638+0800: 3183.684: Total time for which application threads were stopped: 0.0109408 seconds, Stopping threads took: 0.0000360 seconds
{Heap before GC invocations=233 (full 11):
 par new generation   total 109248K, used 100014K [0x00000007a0000000, 0x00000007a8000000, 0x00000007a8000000)
  eden space 87424K, 100% used [0x00000007a0000000, 0x00000007a5560000, 0x00000007a5560000)
  from space 21824K,  57% used [0x00000007a6ab0000, 0x00000007a76fbb38, 0x00000007a8000000)
  to   space 21824K,   0% used [0x00000007a5560000, 0x00000007a5560000, 0x00000007a6ab0000)
 concurrent mark-sweep generation total 393216K, used 185072K [0x00000007a8000000, 0x00000007c0000000, 0x00000007c0000000)
 Metaspace       used 40095K, capacity 40698K, committed 41168K, reserved 1085440K
  class space    used 4590K, capacity 4778K, committed 4860K, reserved 1048576K
2016-10-24T04:40:09.759+0800: 3183.805: [GC (Allocation Failure) 2016-10-24T04:40:09.759+0800: 3183.805: [ParNew
Desired survivor size 20112992 bytes, new threshold 8 (max 8)
- age   1:     172816 bytes,     172816 total
- age   3:        224 bytes,     173040 total
- age   5:       3432 bytes,     176472 total
- age   6:      10440 bytes,     186912 total
- age   7:     649696 bytes,     836608 total
- age   8:    3467736 bytes,    4304344 total
: 100014K->5999K(109248K), 0.0079852 secs] 285086K->196007K(502464K), 0.0080359 secs] [Times: user=0.03 sys=0.00, real=0.01 secs] 
Heap after GC invocations=234 (full 11):
 par new generation   total 109248K, used 5999K [0x00000007a0000000, 0x00000007a8000000, 0x00000007a8000000)
  eden space 87424K,   0% used [0x00000007a0000000, 0x00000007a0000000, 0x00000007a5560000)
  from space 21824K,  27% used [0x00000007a5560000, 0x00000007a5b3bf60, 0x00000007a6ab0000)
  to   space 21824K,   0% used [0x00000007a6ab0000, 0x00000007a6ab0000, 0x00000007a8000000)
 concurrent mark-sweep generation total 393216K, used 190007K [0x00000007a8000000, 0x00000007c0000000, 0x00000007c0000000)
 Metaspace       used 40095K, capacity 40698K, committed 41168K, reserved 1085440K
  class space    used 4590K, capacity 4778K, committed 4860K, reserved 1048576K
}
2016-10-24T04:40:09.767+0800: 3183.813: Total time for which application threads were stopped: 0.0082171 seconds, Stopping threads took: 0.0000299 seconds
2016-10-24T04:40:09.833+0800: 3183.880: Total time for which application threads were stopped: 0.0001239 seconds, Stopping threads took: 0.0000198 seconds
2016-10-24T04:40:09.920+0800: 3183.967: Total time for which application threads were stopped: 0.0001424 seconds, Stopping threads took: 0.0000477 seconds
2016-10-24T04:40:09.920+0800: 3183.967: Total time for which application threads were stopped: 0.0000940 seconds, Stopping threads took: 0.0000396 seconds
2016-10-24T04:40:09.920+0800: 3183.967: Total time for which application threads were stopped: 0.0000801 seconds, Stopping threads took: 0.0000420 seconds
2016-10-24T04:40:09.920+0800: 3183.967: Total time for which application threads were stopped: 0.0000843 seconds, Stopping threads took: 0.0000422 seconds
2016-10-24T04:40:09.921+0800: 3183.967: Total time for which application threads were stopped: 0.0001147 seconds, Stopping threads took: 0.0000466 seconds
2016-10-24T04:40:09.921+0800: 3183.968: Total time for which application threads were stopped: 0.0000954 seconds, Stopping threads took: 0.0000547 seconds
2016-10-24T04:40:09.921+0800: 3183.968: Total time for which application threads were stopped: 0.0000873 seconds, Stopping threads took: 0.0000529 seconds
2016-10-24T04:40:09.921+0800: 3183.968: Total time for which application threads were stopped: 0.0000378 seconds, Stopping threads took: 0.0000068 seconds
2016-10-24T04:40:09.922+0800: 3183.968: Total time for which application threads were stopped: 0.0000371 seconds, Stopping threads took: 0.0000062 seconds
2016-10-24T04:40:09.922+0800: 3183.968: Total time for which application threads were stopped: 0.0000378 seconds, Stopping threads took: 0.0000062 seconds
2016-10-24T04:40:09.922+0800: 3183.968: Total time for which application threads were stopped: 0.0000370 seconds, Stopping threads took: 0.0000061 seconds
2016-10-24T04:40:09.922+0800: 3183.969: Total time for which application threads were stopped: 0.0000367 seconds, Stopping threads took: 0.0000058 seconds
2016-10-24T04:40:09.922+0800: 3183.969: Total time for which application threads were stopped: 0.0000432 seconds, Stopping threads took: 0.0000069 seconds
2016-10-24T04:40:09.922+0800: 3183.969: Total time for which application threads were stopped: 0.0000406 seconds, Stopping threads took: 0.0000062 seconds
2016-10-24T04:40:09.922+0800: 3183.969: Total time for which application threads were stopped: 0.0000464 seconds, Stopping threads took: 0.0000074 seconds
2016-10-24T04:40:09.922+0800: 3183.969: Total time for which application threads were stopped: 0.0000556 seconds, Stopping threads took: 0.0000078 seconds
2016-10-24T04:40:10.926+0800: 3184.972: Total time for which application threads were stopped: 0.0001438 seconds, Stopping threads took: 0.0000337 seconds
2016-10-24T04:41:49.178+0800: 3283.227: Total time for which application threads were stopped: 0.0002631 seconds, Stopping threads took: 0.0000561 seconds
{Heap before GC invocations=234 (full 11):
 par new generation   total 109248K, used 93423K [0x00000007a0000000, 0x00000007a8000000, 0x00000007a8000000)
  eden space 87424K, 100% used [0x00000007a0000000, 0x00000007a5560000, 0x00000007a5560000)
  from space 21824K,  27% used [0x00000007a5560000, 0x00000007a5b3bf60, 0x00000007a6ab0000)
  to   space 21824K,   0% used [0x00000007a6ab0000, 0x00000007a6ab0000, 0x00000007a8000000)
 concurrent mark-sweep generation total 393216K, used 190007K [0x00000007a8000000, 0x00000007c0000000, 0x00000007c0000000)
 Metaspace       used 40098K, capacity 40698K, committed 41168K, reserved 1085440K
  class space    used 4590K, capacity 4778K, committed 4860K, reserved 1048576K
2016-10-24T04:42:17.621+0800: 3311.672: [GC (Allocation Failure) 2016-10-24T04:42:17.621+0800: 3311.672: [ParNew
Desired survivor size 20112992 bytes, new threshold 8 (max 8)
- age   1:    3241280 bytes,    3241280 total
- age   8:     287488 bytes,    3528768 total
: 93423K->4858K(109248K), 0.0072429 secs] 283431K->198088K(502464K), 0.0072975 secs] [Times: user=0.02 sys=0.00, real=0.00 secs] 
Heap after GC invocations=235 (full 11):
 par new generation   total 109248K, used 4858K [0x00000007a0000000, 0x00000007a8000000, 0x00000007a8000000)
  eden space 87424K,   0% used [0x00000007a0000000, 0x00000007a0000000, 0x00000007a5560000)
  from space 21824K,  22% used [0x00000007a6ab0000, 0x00000007a6f6e9f8, 0x00000007a8000000)
  to   space 21824K,   0% used [0x00000007a5560000, 0x00000007a5560000, 0x00000007a6ab0000)
 concurrent mark-sweep generation total 393216K, used 193229K [0x00000007a8000000, 0x00000007c0000000, 0x00000007c0000000)
 Metaspace       used 40098K, capacity 40698K, committed 41168K, reserved 1085440K
  class space    used 4590K, capacity 4778K, committed 4860K, reserved 1048576K
}
2016-10-24T04:42:17.628+0800: 3311.679: Total time for which application threads were stopped: 0.0075097 seconds, Stopping threads took: 0.0000312 seconds
{Heap before GC invocations=235 (full 11):
 par new generation   total 109248K, used 92282K [0x00000007a0000000, 0x00000007a8000000, 0x00000007a8000000)
  eden space 87424K, 100% used [0x00000007a0000000, 0x00000007a5560000, 0x00000007a5560000)
  from space 21824K,  22% used [0x00000007a6ab0000, 0x00000007a6f6e9f8, 0x00000007a8000000)
  to   space 21824K,   0% used [0x00000007a5560000, 0x00000007a5560000, 0x00000007a6ab0000)
 concurrent mark-sweep generation total 393216K, used 193229K [0x00000007a8000000, 0x00000007c0000000, 0x00000007c0000000)
 Metaspace       used 40098K, capacity 40698K, committed 41168K, reserved 1085440K
  class space    used 4590K, capacity 4778K, committed 4860K, reserved 1048576K
2016-10-24T04:42:17.919+0800: 3311.970: [GC (Allocation Failure) 2016-10-24T04:42:17.919+0800: 3311.970: [ParNew
Desired survivor size 20112992 bytes, new threshold 8 (max 8)
- age   1:    8517168 bytes,    8517168 total
- age   2:    2240096 bytes,   10757264 total
: 92282K->11318K(109248K), 0.0056267 secs] 285512K->204833K(502464K), 0.0056814 secs] [Times: user=0.02 sys=0.00, real=0.01 secs] 
Heap after GC invocations=236 (full 11):
 par new generation   total 109248K, used 11318K [0x00000007a0000000, 0x00000007a8000000, 0x00000007a8000000)
  eden space 87424K,   0% used [0x00000007a0000000, 0x00000007a0000000, 0x00000007a5560000)
  from space 21824K,  51% used [0x00000007a5560000, 0x00000007a606d818, 0x00000007a6ab0000)
  to   space 21824K,   0% used [0x00000007a6ab0000, 0x00000007a6ab0000, 0x00000007a8000000)
 concurrent mark-sweep generation total 393216K, used 193515K [0x00000007a8000000, 0x00000007c0000000, 0x00000007c0000000)
 Metaspace       used 40098K, capacity 40698K, committed 41168K, reserved 1085440K
  class space    used 4590K, capacity 4778K, committed 4860K, reserved 1048576K
}
2016-10-24T04:42:17.925+0800: 3311.976: Total time for which application threads were stopped: 0.0058957 seconds, Stopping threads took: 0.0000211 seconds
{Heap before GC invocations=236 (full 11):
 par new generation   total 109248K, used 98742K [0x00000007a0000000, 0x00000007a8000000, 0x00000007a8000000)
  eden space 87424K, 100% used [0x00000007a0000000, 0x00000007a5560000, 0x00000007a5560000)
  from space 21824K,  51% used [0x00000007a5560000, 0x00000007a606d818, 0x00000007a6ab0000)
  to   space 21824K,   0% used [0x00000007a6ab0000, 0x00000007a6ab0000, 0x00000007a8000000)
 concurrent mark-sweep generation total 393216K, used 193515K [0x00000007a8000000, 0x00000007c0000000, 0x00000007c0000000)
 Metaspace       used 40098K, capacity 40698K, committed 41168K, reserved 1085440K
  class space    used 4590K, capacity 4778K, committed 4860K, reserved 1048576K
2016-10-24T04:42:18.233+0800: 3312.284: [GC (Allocation Failure) 2016-10-24T04:42:18.233+0800: 3312.284: [ParNew
Desired survivor size 20112992 bytes, new threshold 8 (max 8)
- age   1:    9261000 bytes,    9261000 total
- age   2:    5362992 bytes,   14623992 total
- age   3:    2240384 bytes,   16864376 total
: 98742K->18002K(109248K), 0.0065841 secs] 292257K->211518K(502464K), 0.0066797 secs] [Times: user=0.02 sys=0.00, real=0.00 secs] 
Heap after GC invocations=237 (full 11):
 par new generation   total 109248K, used 18002K [0x00000007a0000000, 0x00000007a8000000, 0x00000007a8000000)
  eden space 87424K,   0% used [0x00000007a0000000, 0x00000007a0000000, 0x00000007a5560000)
  from space 21824K,  82% used [0x00000007a6ab0000, 0x00000007a7c44910, 0x00000007a8000000)
  to   space 21824K,   0% used [0x00000007a5560000, 0x00000007a5560000, 0x00000007a6ab0000)
 concurrent mark-sweep generation total 393216K, used 193515K [0x00000007a8000000, 0x00000007c0000000, 0x00000007c0000000)
 Metaspace       used 40098K, capacity 40698K, committed 41168K, reserved 1085440K
  class space    used 4590K, capacity 4778K, committed 4860K, reserved 1048576K
}
2016-10-24T04:42:18.239+0800: 3312.290: Total time for which application threads were stopped: 0.0069105 seconds, Stopping threads took: 0.0000230 seconds
{Heap before GC invocations=237 (full 11):
 par new generation   total 109248K, used 105426K [0x00000007a0000000, 0x00000007a8000000, 0x00000007a8000000)
  eden space 87424K, 100% used [0x00000007a0000000, 0x00000007a5560000, 0x00000007a5560000)
  from space 21824K,  82% used [0x00000007a6ab0000, 0x00000007a7c44910, 0x00000007a8000000)
  to   space 21824K,   0% used [0x00000007a5560000, 0x00000007a5560000, 0x00000007a6ab0000)
 concurrent mark-sweep generation total 393216K, used 193515K [0x00000007a8000000, 0x00000007c0000000, 0x00000007c0000000)
 Metaspace       used 40098K, capacity 40698K, committed 41168K, reserved 1085440K
  class space    used 4590K, capacity 4778K, committed 4860K, reserved 1048576K
2016-10-24T04:42:18.553+0800: 3312.604: [GC (Allocation Failure) 2016-10-24T04:42:18.553+0800: 3312.604: [ParNew
Desired survivor size 20112992 bytes, new threshold 8 (max 8)
- age   1:    8194056 bytes,    8194056 total
- age   2:    3990648 bytes,   12184704 total
- age   3:    3917192 bytes,   16101896 total
- age   4:    2084952 bytes,   18186848 total
: 105426K->21824K(109248K), 0.0079939 secs] 298942K->220781K(502464K), 0.0080525 secs] [Times: user=0.03 sys=0.00, real=0.01 secs] 
Heap after GC invocations=238 (full 11):
 par new generation   total 109248K, used 21824K [0x00000007a0000000, 0x00000007a8000000, 0x00000007a8000000)
  eden space 87424K,   0% used [0x00000007a0000000, 0x00000007a0000000, 0x00000007a5560000)
  from space 21824K, 100% used [0x00000007a5560000, 0x00000007a6ab0000, 0x00000007a6ab0000)
  to   space 21824K,   0% used [0x00000007a6ab0000, 0x00000007a6ab0000, 0x00000007a8000000)
 concurrent mark-sweep generation total 393216K, used 198957K [0x00000007a8000000, 0x00000007c0000000, 0x00000007c0000000)
 Metaspace       used 40098K, capacity 40698K, committed 41168K, reserved 1085440K
  class space    used 4590K, capacity 4778K, committed 4860K, reserved 1048576K
}
2016-10-24T04:42:18.561+0800: 3312.612: Total time for which application threads were stopped: 0.0082418 seconds, Stopping threads took: 0.0000208 seconds
2016-10-24T04:42:18.561+0800: 3312.612: [GC (CMS Initial Mark) [1 CMS-initial-mark: 198957K(393216K)] 222306K(502464K), 0.0022791 secs] [Times: user=0.01 sys=0.00, real=0.00 secs] 
2016-10-24T04:42:18.564+0800: 3312.614: Total time for which application threads were stopped: 0.0024311 seconds, Stopping threads took: 0.0000485 seconds
2016-10-24T04:42:18.564+0800: 3312.614: [CMS-concurrent-mark-start]
2016-10-24T04:42:18.573+0800: 3312.624: [CMS-concurrent-mark: 0.009/0.009 secs] [Times: user=0.04 sys=0.00, real=0.01 secs] 
2016-10-24T04:42:18.573+0800: 3312.624: [CMS-concurrent-preclean-start]
2016-10-24T04:42:18.574+0800: 3312.625: [CMS-concurrent-preclean: 0.001/0.001 secs] [Times: user=0.00 sys=0.00, real=0.00 secs] 
2016-10-24T04:42:18.574+0800: 3312.625: [CMS-concurrent-abortable-preclean-start]
2016-10-24T04:42:18.757+0800: 3312.807: [CMS-concurrent-abortable-preclean: 0.083/0.183 secs] [Times: user=0.26 sys=0.00, real=0.18 secs] 
2016-10-24T04:42:18.757+0800: 3312.808: [GC (CMS Final Remark) [YG occupancy: 71208 K (109248 K)]{Heap before GC invocations=238 (full 12):
 par new generation   total 109248K, used 71208K [0x00000007a0000000, 0x00000007a8000000, 0x00000007a8000000)
  eden space 87424K,  56% used [0x00000007a0000000, 0x00000007a303a320, 0x00000007a5560000)
  from space 21824K, 100% used [0x00000007a5560000, 0x00000007a6ab0000, 0x00000007a6ab0000)
  to   space 21824K,   0% used [0x00000007a6ab0000, 0x00000007a6ab0000, 0x00000007a8000000)
 concurrent mark-sweep generation total 393216K, used 198957K [0x00000007a8000000, 0x00000007c0000000, 0x00000007c0000000)
 Metaspace       used 40098K, capacity 40698K, committed 41168K, reserved 1085440K
  class space    used 4590K, capacity 4778K, committed 4860K, reserved 1048576K
2016-10-24T04:42:18.757+0800: 3312.808: [GC (CMS Final Remark) 2016-10-24T04:42:18.757+0800: 3312.808: [ParNew
Desired survivor size 20112992 bytes, new threshold 8 (max 8)
- age   1:    5849992 bytes,    5849992 total
- age   2:    4001080 bytes,    9851072 total
- age   3:    3672520 bytes,   13523592 total
- age   4:    3737240 bytes,   17260832 total
- age   5:    1971376 bytes,   19232208 total
: 71208K->21824K(109248K), 0.0078486 secs] 270166K->225880K(502464K), 0.0078887 secs] [Times: user=0.03 sys=0.00, real=0.01 secs] 
Heap after GC invocations=239 (full 12):
 par new generation   total 109248K, used 21824K [0x00000007a0000000, 0x00000007a8000000, 0x00000007a8000000)
  eden space 87424K,   0% used [0x00000007a0000000, 0x00000007a0000000, 0x00000007a5560000)
  from space 21824K, 100% used [0x00000007a6ab0000, 0x00000007a8000000, 0x00000007a8000000)
  to   space 21824K,   0% used [0x00000007a5560000, 0x00000007a5560000, 0x00000007a6ab0000)
 concurrent mark-sweep generation total 393216K, used 204056K [0x00000007a8000000, 0x00000007c0000000, 0x00000007c0000000)
 Metaspace       used 40098K, capacity 40698K, committed 41168K, reserved 1085440K
  class space    used 4590K, capacity 4778K, committed 4860K, reserved 1048576K
}
2016-10-24T04:42:18.765+0800: 3312.816: [Rescan (parallel) , 0.0026756 secs]2016-10-24T04:42:18.767+0800: 3312.818: [weak refs processing, 0.0008553 secs]2016-10-24T04:42:18.768+0800: 3312.819: [class unloading, 0.0116346 secs]2016-10-24T04:42:18.780+0800: 3312.831: [scrub symbol table, 0.0059973 secs]2016-10-24T04:42:18.786+0800: 3312.837: [scrub string table, 0.0005801 secs][1 CMS-remark: 204056K(393216K)] 225880K(502464K), 0.0298365 secs] [Times: user=0.06 sys=0.01, real=0.03 secs] 
2016-10-24T04:42:18.787+0800: 3312.838: Total time for which application threads were stopped: 0.0300199 seconds, Stopping threads took: 0.0000611 seconds
2016-10-24T04:42:18.787+0800: 3312.838: [CMS-concurrent-sweep-start]
2016-10-24T04:42:18.834+0800: 3312.885: [CMS-concurrent-sweep: 0.047/0.047 secs] [Times: user=0.09 sys=0.00, real=0.05 secs] 
2016-10-24T04:42:18.834+0800: 3312.885: [CMS-concurrent-reset-start]
2016-10-24T04:42:18.835+0800: 3312.886: [CMS-concurrent-reset: 0.000/0.000 secs] [Times: user=0.00 sys=0.00, real=0.00 secs] 
{Heap before GC invocations=239 (full 12):
 par new generation   total 109248K, used 109248K [0x00000007a0000000, 0x00000007a8000000, 0x00000007a8000000)
  eden space 87424K, 100% used [0x00000007a0000000, 0x00000007a5560000, 0x00000007a5560000)
  from space 21824K, 100% used [0x00000007a6ab0000, 0x00000007a8000000, 0x00000007a8000000)
  to   space 21824K,   0% used [0x00000007a5560000, 0x00000007a5560000, 0x00000007a6ab0000)
 concurrent mark-sweep generation total 393216K, used 39506K [0x00000007a8000000, 0x00000007c0000000, 0x00000007c0000000)
 Metaspace       used 40098K, capacity 40698K, committed 41168K, reserved 1085440K
  class space    used 4590K, capacity 4778K, committed 4860K, reserved 1048576K
2016-10-24T04:42:19.113+0800: 3313.164: [GC (Allocation Failure) 2016-10-24T04:42:19.113+0800: 3313.164: [ParNew
Desired survivor size 20112992 bytes, new threshold 8 (max 8)
- age   1:    7884432 bytes,    7884432 total
- age   2:    1907600 bytes,    9792032 total
- age   3:    2483240 bytes,   12275272 total
- age   4:    2011168 bytes,   14286440 total
- age   5:    1982072 bytes,   16268512 total
- age   6:    1403296 bytes,   17671808 total
: 109248K->21824K(109248K), 0.0085517 secs] 148754K->71448K(502464K), 0.0086136 secs] [Times: user=0.03 sys=0.00, real=0.01 secs] 
Heap after GC invocations=240 (full 12):
 par new generation   total 109248K, used 21824K [0x00000007a0000000, 0x00000007a8000000, 0x00000007a8000000)
  eden space 87424K,   0% used [0x00000007a0000000, 0x00000007a0000000, 0x00000007a5560000)
  from space 21824K, 100% used [0x00000007a5560000, 0x00000007a6ab0000, 0x00000007a6ab0000)
  to   space 21824K,   0% used [0x00000007a6ab0000, 0x00000007a6ab0000, 0x00000007a8000000)
 concurrent mark-sweep generation total 393216K, used 49624K [0x00000007a8000000, 0x00000007c0000000, 0x00000007c0000000)
 Metaspace       used 40098K, capacity 40698K, committed 41168K, reserved 1085440K
  class space    used 4590K, capacity 4778K, committed 4860K, reserved 1048576K
}
2016-10-24T04:42:19.122+0800: 3313.172: Total time for which application threads were stopped: 0.0088408 seconds, Stopping threads took: 0.0000206 seconds
{Heap before GC invocations=240 (full 12):
 par new generation   total 109248K, used 108936K [0x00000007a0000000, 0x00000007a8000000, 0x00000007a8000000)
  eden space 87424K,  99% used [0x00000007a0000000, 0x00000007a5512250, 0x00000007a5560000)
  from space 21824K, 100% used [0x00000007a5560000, 0x00000007a6ab0000, 0x00000007a6ab0000)
  to   space 21824K,   0% used [0x00000007a6ab0000, 0x00000007a6ab0000, 0x00000007a8000000)
 concurrent mark-sweep generation total 393216K, used 49624K [0x00000007a8000000, 0x00000007c0000000, 0x00000007c0000000)
 Metaspace       used 40098K, capacity 40698K, committed 41168K, reserved 1085440K
  class space    used 4590K, capacity 4778K, committed 4860K, reserved 1048576K
2016-10-24T04:42:19.465+0800: 3313.516: [GC (Allocation Failure) 2016-10-24T04:42:19.465+0800: 3313.516: [ParNew
Desired survivor size 20112992 bytes, new threshold 7 (max 8)
- age   1:   10413752 bytes,   10413752 total
- age   2:    2463784 bytes,   12877536 total
- age   3:    1466040 bytes,   14343576 total
- age   4:    1751304 bytes,   16094880 total
- age   5:    1750152 bytes,   17845032 total
- age   6:    1732648 bytes,   19577680 total
- age   7:    1092552 bytes,   20670232 total
: 108936K->21824K(109248K), 0.0098643 secs] 158560K->82342K(502464K), 0.0099138 secs] [Times: user=0.04 sys=0.00, real=0.01 secs] 
Heap after GC invocations=241 (full 12):
 par new generation   total 109248K, used 21824K [0x00000007a0000000, 0x00000007a8000000, 0x00000007a8000000)
  eden space 87424K,   0% used [0x00000007a0000000, 0x00000007a0000000, 0x00000007a5560000)
  from space 21824K, 100% used [0x00000007a6ab0000, 0x00000007a8000000, 0x00000007a8000000)
  to   space 21824K,   0% used [0x00000007a5560000, 0x00000007a5560000, 0x00000007a6ab0000)
 concurrent mark-sweep generation total 393216K, used 60518K [0x00000007a8000000, 0x00000007c0000000, 0x00000007c0000000)
 Metaspace       used 40098K, capacity 40698K, committed 41168K, reserved 1085440K
  class space    used 4590K, capacity 4778K, committed 4860K, reserved 1048576K
}
2016-10-24T04:42:19.475+0800: 3313.526: Total time for which application threads were stopped: 0.0100845 seconds, Stopping threads took: 0.0000196 seconds
{Heap before GC invocations=241 (full 12):
 par new generation   total 109248K, used 109248K [0x00000007a0000000, 0x00000007a8000000, 0x00000007a8000000)
  eden space 87424K, 100% used [0x00000007a0000000, 0x00000007a5560000, 0x00000007a5560000)
  from space 21824K, 100% used [0x00000007a6ab0000, 0x00000007a8000000, 0x00000007a8000000)
  to   space 21824K,   0% used [0x00000007a5560000, 0x00000007a5560000, 0x00000007a6ab0000)
 concurrent mark-sweep generation total 393216K, used 60518K [0x00000007a8000000, 0x00000007c0000000, 0x00000007c0000000)
 Metaspace       used 40098K, capacity 40698K, committed 41168K, reserved 1085440K
  class space    used 4590K, capacity 4778K, committed 4860K, reserved 1048576K
2016-10-24T04:42:19.813+0800: 3313.864: [GC (Allocation Failure) 2016-10-24T04:42:19.813+0800: 3313.864: [ParNew
Desired survivor size 20112992 bytes, new threshold 8 (max 8)
- age   1:    7309520 bytes,    7309520 total
- age   2:    3618672 bytes,   10928192 total
- age   3:    2086816 bytes,   13015008 total
- age   4:    1219720 bytes,   14234728 total
- age   5:    1593232 bytes,   15827960 total
- age   6:    1604480 bytes,   17432440 total
- age   7:    1591624 bytes,   19024064 total
: 109248K->21824K(109248K), 0.0110333 secs] 169766K->92033K(502464K), 0.0110933 secs] [Times: user=0.04 sys=0.00, real=0.01 secs] 
Heap after GC invocations=242 (full 12):
 par new generation   total 109248K, used 21824K [0x00000007a0000000, 0x00000007a8000000, 0x00000007a8000000)
  eden space 87424K,   0% used [0x00000007a0000000, 0x00000007a0000000, 0x00000007a5560000)
  from space 21824K, 100% used [0x00000007a5560000, 0x00000007a6ab0000, 0x00000007a6ab0000)
  to   space 21824K,   0% used [0x00000007a6ab0000, 0x00000007a6ab0000, 0x00000007a8000000)
 concurrent mark-sweep generation total 393216K, used 70209K [0x00000007a8000000, 0x00000007c0000000, 0x00000007c0000000)
 Metaspace       used 40098K, capacity 40698K, committed 41168K, reserved 1085440K
  class space    used 4590K, capacity 4778K, committed 4860K, reserved 1048576K
}
2016-10-24T04:42:19.824+0800: 3313.875: Total time for which application threads were stopped: 0.0112749 seconds, Stopping threads took: 0.0000198 seconds
{Heap before GC invocations=242 (full 12):
 par new generation   total 109248K, used 109248K [0x00000007a0000000, 0x00000007a8000000, 0x00000007a8000000)
  eden space 87424K, 100% used [0x00000007a0000000, 0x00000007a5560000, 0x00000007a5560000)
  from space 21824K, 100% used [0x00000007a5560000, 0x00000007a6ab0000, 0x00000007a6ab0000)
  to   space 21824K,   0% used [0x00000007a6ab0000, 0x00000007a6ab0000, 0x00000007a8000000)
 concurrent mark-sweep generation total 393216K, used 70209K [0x00000007a8000000, 0x00000007c0000000, 0x00000007c0000000)
 Metaspace       used 40098K, capacity 40698K, committed 41168K, reserved 1085440K
  class space    used 4590K, capacity 4778K, committed 4860K, reserved 1048576K
2016-10-24T04:42:20.189+0800: 3314.240: [GC (Allocation Failure) 2016-10-24T04:42:20.189+0800: 3314.240: [ParNew
Desired survivor size 20112992 bytes, new threshold 7 (max 8)
- age   1:   10438752 bytes,   10438752 total
- age   2:    1785528 bytes,   12224280 total
- age   3:    3247184 bytes,   15471464 total
- age   4:    1791048 bytes,   17262512 total
- age   5:     823048 bytes,   18085560 total
- age   6:    1382112 bytes,   19467672 total
- age   7:    1401424 bytes,   20869096 total
- age   8:    1398768 bytes,   22267864 total
: 109248K->21824K(109248K), 0.0123561 secs] 179457K->102496K(502464K), 0.0124183 secs] [Times: user=0.05 sys=0.00, real=0.02 secs] 
Heap after GC invocations=243 (full 12):
 par new generation   total 109248K, used 21824K [0x00000007a0000000, 0x00000007a8000000, 0x00000007a8000000)
  eden space 87424K,   0% used [0x00000007a0000000, 0x00000007a0000000, 0x00000007a5560000)
  from space 21824K, 100% used [0x00000007a6ab0000, 0x00000007a8000000, 0x00000007a8000000)
  to   space 21824K,   0% used [0x00000007a5560000, 0x00000007a5560000, 0x00000007a6ab0000)
 concurrent mark-sweep generation total 393216K, used 80672K [0x00000007a8000000, 0x00000007c0000000, 0x00000007c0000000)
 Metaspace       used 40098K, capacity 40698K, committed 41168K, reserved 1085440K
  class space    used 4590K, capacity 4778K, committed 4860K, reserved 1048576K
}
2016-10-24T04:42:20.202+0800: 3314.253: Total time for which application threads were stopped: 0.0126254 seconds, Stopping threads took: 0.0000201 seconds
{Heap before GC invocations=243 (full 12):
 par new generation   total 109248K, used 109248K [0x00000007a0000000, 0x00000007a8000000, 0x00000007a8000000)
  eden space 87424K, 100% used [0x00000007a0000000, 0x00000007a5560000, 0x00000007a5560000)
  from space 21824K, 100% used [0x00000007a6ab0000, 0x00000007a8000000, 0x00000007a8000000)
  to   space 21824K,   0% used [0x00000007a5560000, 0x00000007a5560000, 0x00000007a6ab0000)
 concurrent mark-sweep generation total 393216K, used 80672K [0x00000007a8000000, 0x00000007c0000000, 0x00000007c0000000)
 Metaspace       used 40098K, capacity 40698K, committed 41168K, reserved 1085440K
  class space    used 4590K, capacity 4778K, committed 4860K, reserved 1048576K
2016-10-24T04:42:20.529+0800: 3314.580: [GC (Allocation Failure) 2016-10-24T04:42:20.529+0800: 3314.580: [ParNew
Desired survivor size 20112992 bytes, new threshold 7 (max 8)
- age   1:    9991440 bytes,    9991440 total
- age   2:    1956016 bytes,   11947456 total
- age   3:    1646904 bytes,   13594360 total
- age   4:    3083944 bytes,   16678304 total
- age   5:    1724696 bytes,   18403000 total
- age   6:     798120 bytes,   19201120 total
- age   7:    1342624 bytes,   20543744 total
: 109248K->21824K(109248K), 0.0122371 secs] 189920K->114031K(502464K), 0.0123003 secs] [Times: user=0.04 sys=0.00, real=0.02 secs] 
Heap after GC invocations=244 (full 12):
 par new generation   total 109248K, used 21824K [0x00000007a0000000, 0x00000007a8000000, 0x00000007a8000000)
  eden space 87424K,   0% used [0x00000007a0000000, 0x00000007a0000000, 0x00000007a5560000)
  from space 21824K, 100% used [0x00000007a5560000, 0x00000007a6ab0000, 0x00000007a6ab0000)
  to   space 21824K,   0% used [0x00000007a6ab0000, 0x00000007a6ab0000, 0x00000007a8000000)
 concurrent mark-sweep generation total 393216K, used 92207K [0x00000007a8000000, 0x00000007c0000000, 0x00000007c0000000)
 Metaspace       used 40098K, capacity 40698K, committed 41168K, reserved 1085440K
  class space    used 4590K, capacity 4778K, committed 4860K, reserved 1048576K
}
2016-10-24T04:42:20.541+0800: 3314.592: Total time for which application threads were stopped: 0.0124945 seconds, Stopping threads took: 0.0000277 seconds
{Heap before GC invocations=244 (full 12):
 par new generation   total 109248K, used 109248K [0x00000007a0000000, 0x00000007a8000000, 0x00000007a8000000)
  eden space 87424K, 100% used [0x00000007a0000000, 0x00000007a5560000, 0x00000007a5560000)
  from space 21824K, 100% used [0x00000007a5560000, 0x00000007a6ab0000, 0x00000007a6ab0000)
  to   space 21824K,   0% used [0x00000007a6ab0000, 0x00000007a6ab0000, 0x00000007a8000000)
 concurrent mark-sweep generation total 393216K, used 92207K [0x00000007a8000000, 0x00000007c0000000, 0x00000007c0000000)
 Metaspace       used 40098K, capacity 40698K, committed 41168K, reserved 1085440K
  class space    used 4590K, capacity 4778K, committed 4860K, reserved 1048576K
2016-10-24T04:42:20.850+0800: 3314.901: [GC (Allocation Failure) 2016-10-24T04:42:20.850+0800: 3314.901: [ParNew
Desired survivor size 20112992 bytes, new threshold 8 (max 8)
- age   1:    8831800 bytes,    8831800 total
- age   2:    3154272 bytes,   11986072 total
- age   3:    1791472 bytes,   13777544 total
- age   4:    1642936 bytes,   15420480 total
- age   5:    2130040 bytes,   17550520 total
- age   6:    1439720 bytes,   18990240 total
- age   7:     796688 bytes,   19786928 total
: 109248K->21824K(109248K), 0.0106091 secs] 201455K->125472K(502464K), 0.0106790 secs] [Times: user=0.04 sys=0.00, real=0.01 secs] 
Heap after GC invocations=245 (full 12):
 par new generation   total 109248K, used 21824K [0x00000007a0000000, 0x00000007a8000000, 0x00000007a8000000)
  eden space 87424K,   0% used [0x00000007a0000000, 0x00000007a0000000, 0x00000007a5560000)
  from space 21824K, 100% used [0x00000007a6ab0000, 0x00000007a8000000, 0x00000007a8000000)
  to   space 21824K,   0% used [0x00000007a5560000, 0x00000007a5560000, 0x00000007a6ab0000)
 concurrent mark-sweep generation total 393216K, used 103648K [0x00000007a8000000, 0x00000007c0000000, 0x00000007c0000000)
 Metaspace       used 40098K, capacity 40698K, committed 41168K, reserved 1085440K
  class space    used 4590K, capacity 4778K, committed 4860K, reserved 1048576K
}
2016-10-24T04:42:20.861+0800: 3314.912: Total time for which application threads were stopped: 0.0108619 seconds, Stopping threads took: 0.0000241 seconds
{Heap before GC invocations=245 (full 12):
 par new generation   total 109248K, used 109248K [0x00000007a0000000, 0x00000007a8000000, 0x00000007a8000000)
  eden space 87424K, 100% used [0x00000007a0000000, 0x00000007a5560000, 0x00000007a5560000)
  from space 21824K, 100% used [0x00000007a6ab0000, 0x00000007a8000000, 0x00000007a8000000)
  to   space 21824K,   0% used [0x00000007a5560000, 0x00000007a5560000, 0x00000007a6ab0000)
 concurrent mark-sweep generation total 393216K, used 103648K [0x00000007a8000000, 0x00000007c0000000, 0x00000007c0000000)
 Metaspace       used 40098K, capacity 40698K, committed 41168K, reserved 1085440K
  class space    used 4590K, capacity 4778K, committed 4860K, reserved 1048576K
2016-10-24T04:42:21.197+0800: 3315.248: [GC (Allocation Failure) 2016-10-24T04:42:21.197+0800: 3315.248: [ParNew
Desired survivor size 20112992 bytes, new threshold 8 (max 8)
- age   1:   10360680 bytes,   10360680 total
- age   2:    2811968 bytes,   13172648 total
- age   3:    1283192 bytes,   14455840 total
- age   4:    1430128 bytes,   15885968 total
- age   5:    1382928 bytes,   17268896 total
- age   6:    1394672 bytes,   18663568 total
- age   7:    1263152 bytes,   19926720 total
- age   8:     705752 bytes,   20632472 total
: 109248K->21824K(109248K), 0.0126271 secs] 212896K->145815K(502464K), 0.0126938 secs] [Times: user=0.04 sys=0.00, real=0.02 secs] 
Heap after GC invocations=246 (full 12):
 par new generation   total 109248K, used 21824K [0x00000007a0000000, 0x00000007a8000000, 0x00000007a8000000)
  eden space 87424K,   0% used [0x00000007a0000000, 0x00000007a0000000, 0x00000007a5560000)
  from space 21824K, 100% used [0x00000007a5560000, 0x00000007a6ab0000, 0x00000007a6ab0000)
  to   space 21824K,   0% used [0x00000007a6ab0000, 0x00000007a6ab0000, 0x00000007a8000000)
 concurrent mark-sweep generation total 393216K, used 123991K [0x00000007a8000000, 0x00000007c0000000, 0x00000007c0000000)
 Metaspace       used 40098K, capacity 40698K, committed 41168K, reserved 1085440K
  class space    used 4590K, capacity 4778K, committed 4860K, reserved 1048576K
}
2016-10-24T04:42:21.210+0800: 3315.261: Total time for which application threads were stopped: 0.0128828 seconds, Stopping threads took: 0.0000313 seconds
{Heap before GC invocations=246 (full 12):
 par new generation   total 109248K, used 109248K [0x00000007a0000000, 0x00000007a8000000, 0x00000007a8000000)
  eden space 87424K, 100% used [0x00000007a0000000, 0x00000007a5560000, 0x00000007a5560000)
  from space 21824K, 100% used [0x00000007a5560000, 0x00000007a6ab0000, 0x00000007a6ab0000)
  to   space 21824K,   0% used [0x00000007a6ab0000, 0x00000007a6ab0000, 0x00000007a8000000)
 concurrent mark-sweep generation total 393216K, used 123991K [0x00000007a8000000, 0x00000007c0000000, 0x00000007c0000000)
 Metaspace       used 40098K, capacity 40698K, committed 41168K, reserved 1085440K
  class space    used 4590K, capacity 4778K, committed 4860K, reserved 1048576K
2016-10-24T04:42:21.537+0800: 3315.588: [GC (Allocation Failure) 2016-10-24T04:42:21.537+0800: 3315.588: [ParNew
Desired survivor size 20112992 bytes, new threshold 8 (max 8)
- age   1:    5724984 bytes,    5724984 total
- age   2:    8055496 bytes,   13780480 total
- age   3:     939296 bytes,   14719776 total
- age   4:    1163304 bytes,   15883080 total
- age   5:    1371952 bytes,   17255032 total
- age   6:    1351184 bytes,   18606216 total
- age   7:    1373584 bytes,   19979800 total
- age   8:    1246120 bytes,   21225920 total
: 109248K->21824K(109248K), 0.0124871 secs] 233239K->151485K(502464K), 0.0125442 secs] [Times: user=0.04 sys=0.00, real=0.01 secs] 
Heap after GC invocations=247 (full 12):
 par new generation   total 109248K, used 21824K [0x00000007a0000000, 0x00000007a8000000, 0x00000007a8000000)
  eden space 87424K,   0% used [0x00000007a0000000, 0x00000007a0000000, 0x00000007a5560000)
  from space 21824K, 100% used [0x00000007a6ab0000, 0x00000007a8000000, 0x00000007a8000000)
  to   space 21824K,   0% used [0x00000007a5560000, 0x00000007a5560000, 0x00000007a6ab0000)
 concurrent mark-sweep generation total 393216K, used 129661K [0x00000007a8000000, 0x00000007c0000000, 0x00000007c0000000)
 Metaspace       used 40098K, capacity 40698K, committed 41168K, reserved 1085440K
  class space    used 4590K, capacity 4778K, committed 4860K, reserved 1048576K
}
2016-10-24T04:42:21.550+0800: 3315.600: Total time for which application threads were stopped: 0.0128591 seconds, Stopping threads took: 0.0000648 seconds
{Heap before GC invocations=247 (full 12):
 par new generation   total 109248K, used 109248K [0x00000007a0000000, 0x00000007a8000000, 0x00000007a8000000)
  eden space 87424K, 100% used [0x00000007a0000000, 0x00000007a5560000, 0x00000007a5560000)
  from space 21824K, 100% used [0x00000007a6ab0000, 0x00000007a8000000, 0x00000007a8000000)
  to   space 21824K,   0% used [0x00000007a5560000, 0x00000007a5560000, 0x00000007a6ab0000)
 concurrent mark-sweep generation total 393216K, used 129661K [0x00000007a8000000, 0x00000007c0000000, 0x00000007c0000000)
 Metaspace       used 40098K, capacity 40698K, committed 41168K, reserved 1085440K
  class space    used 4590K, capacity 4778K, committed 4860K, reserved 1048576K
2016-10-24T04:42:21.841+0800: 3315.891: [GC (Allocation Failure) 2016-10-24T04:42:21.841+0800: 3315.892: [ParNew
Desired survivor size 20112992 bytes, new threshold 7 (max 8)
- age   1:    8029728 bytes,    8029728 total
- age   2:    3173760 bytes,   11203488 total
- age   3:    4926824 bytes,   16130312 total
- age   4:     650664 bytes,   16780976 total
- age   5:    1033920 bytes,   17814896 total
- age   6:    1258792 bytes,   19073688 total
- age   7:    1241264 bytes,   20314952 total
- age   8:    1293880 bytes,   21608832 total
: 109248K->21824K(109248K), 0.0111041 secs] 238909K->166568K(502464K), 0.0111758 secs] [Times: user=0.04 sys=0.00, real=0.01 secs] 
Heap after GC invocations=248 (full 12):
 par new generation   total 109248K, used 21824K [0x00000007a0000000, 0x00000007a8000000, 0x00000007a8000000)
  eden space 87424K,   0% used [0x00000007a0000000, 0x00000007a0000000, 0x00000007a5560000)
  from space 21824K, 100% used [0x00000007a5560000, 0x00000007a6ab0000, 0x00000007a6ab0000)
  to   space 21824K,   0% used [0x00000007a6ab0000, 0x00000007a6ab0000, 0x00000007a8000000)
 concurrent mark-sweep generation total 393216K, used 144744K [0x00000007a8000000, 0x00000007c0000000, 0x00000007c0000000)
 Metaspace       used 40098K, capacity 40698K, committed 41168K, reserved 1085440K
  class space    used 4590K, capacity 4778K, committed 4860K, reserved 1048576K
}
2016-10-24T04:42:21.852+0800: 3315.903: Total time for which application threads were stopped: 0.0113717 seconds, Stopping threads took: 0.0000289 seconds
{Heap before GC invocations=248 (full 12):
 par new generation   total 109248K, used 109248K [0x00000007a0000000, 0x00000007a8000000, 0x00000007a8000000)
  eden space 87424K, 100% used [0x00000007a0000000, 0x00000007a5560000, 0x00000007a5560000)
  from space 21824K, 100% used [0x00000007a5560000, 0x00000007a6ab0000, 0x00000007a6ab0000)
  to   space 21824K,   0% used [0x00000007a6ab0000, 0x00000007a6ab0000, 0x00000007a8000000)
 concurrent mark-sweep generation total 393216K, used 144744K [0x00000007a8000000, 0x00000007c0000000, 0x00000007c0000000)
 Metaspace       used 40098K, capacity 40698K, committed 41168K, reserved 1085440K
  class space    used 4590K, capacity 4778K, committed 4860K, reserved 1048576K
2016-10-24T04:42:22.142+0800: 3316.193: [GC (Allocation Failure) 2016-10-24T04:42:22.142+0800: 3316.193: [ParNew
Desired survivor size 20112992 bytes, new threshold 6 (max 8)
- age   1:    8549040 bytes,    8549040 total
- age   2:    3503080 bytes,   12052120 total
- age   3:    1606728 bytes,   13658848 total
- age   4:    4895104 bytes,   18553952 total
- age   5:     637792 bytes,   19191744 total
- age   6:    1025112 bytes,   20216856 total
- age   7:    1252808 bytes,   21469664 total
: 109248K->21824K(109248K), 0.0104228 secs] 253992K->183223K(502464K), 0.0105103 secs] [Times: user=0.04 sys=0.00, real=0.01 secs] 
Heap after GC invocations=249 (full 12):
 par new generation   total 109248K, used 21824K [0x00000007a0000000, 0x00000007a8000000, 0x00000007a8000000)
  eden space 87424K,   0% used [0x00000007a0000000, 0x00000007a0000000, 0x00000007a5560000)
  from space 21824K, 100% used [0x00000007a6ab0000, 0x00000007a8000000, 0x00000007a8000000)
  to   space 21824K,   0% used [0x00000007a5560000, 0x00000007a5560000, 0x00000007a6ab0000)
 concurrent mark-sweep generation total 393216K, used 161399K [0x00000007a8000000, 0x00000007c0000000, 0x00000007c0000000)
 Metaspace       used 40098K, capacity 40698K, committed 41168K, reserved 1085440K
  class space    used 4590K, capacity 4778K, committed 4860K, reserved 1048576K
}
2016-10-24T04:42:22.153+0800: 3316.204: Total time for which application threads were stopped: 0.0107015 seconds, Stopping threads took: 0.0000232 seconds
{Heap before GC invocations=249 (full 12):
 par new generation   total 109248K, used 109248K [0x00000007a0000000, 0x00000007a8000000, 0x00000007a8000000)
  eden space 87424K, 100% used [0x00000007a0000000, 0x00000007a5560000, 0x00000007a5560000)
  from space 21824K, 100% used [0x00000007a6ab0000, 0x00000007a8000000, 0x00000007a8000000)
  to   space 21824K,   0% used [0x00000007a5560000, 0x00000007a5560000, 0x00000007a6ab0000)
 concurrent mark-sweep generation total 393216K, used 161399K [0x00000007a8000000, 0x00000007c0000000, 0x00000007c0000000)
 Metaspace       used 40098K, capacity 40698K, committed 41168K, reserved 1085440K
  class space    used 4590K, capacity 4778K, committed 4860K, reserved 1048576K
2016-10-24T04:42:22.408+0800: 3316.459: [GC (Allocation Failure) 2016-10-24T04:42:22.408+0800: 3316.459: [ParNew
Desired survivor size 20112992 bytes, new threshold 6 (max 8)
- age   1:    5214120 bytes,    5214120 total
- age   2:    6156888 bytes,   11371008 total
- age   3:    1733328 bytes,   13104336 total
- age   4:    1582664 bytes,   14687000 total
- age   5:    4888584 bytes,   19575584 total
- age   6:     626880 bytes,   20202464 total
: 109248K->21824K(109248K), 0.0118721 secs] 270647K->191886K(502464K), 0.0119452 secs] [Times: user=0.04 sys=0.00, real=0.02 secs] 
Heap after GC invocations=250 (full 12):
 par new generation   total 109248K, used 21824K [0x00000007a0000000, 0x00000007a8000000, 0x00000007a8000000)
  eden space 87424K,   0% used [0x00000007a0000000, 0x00000007a0000000, 0x00000007a5560000)
  from space 21824K, 100% used [0x00000007a5560000, 0x00000007a6ab0000, 0x00000007a6ab0000)
  to   space 21824K,   0% used [0x00000007a6ab0000, 0x00000007a6ab0000, 0x00000007a8000000)
 concurrent mark-sweep generation total 393216K, used 170062K [0x00000007a8000000, 0x00000007c0000000, 0x00000007c0000000)
 Metaspace       used 40098K, capacity 40698K, committed 41168K, reserved 1085440K
  class space    used 4590K, capacity 4778K, committed 4860K, reserved 1048576K
}
2016-10-24T04:42:22.420+0800: 3316.471: Total time for which application threads were stopped: 0.0121392 seconds, Stopping threads took: 0.0000319 seconds
{Heap before GC invocations=250 (full 12):
 par new generation   total 109248K, used 109248K [0x00000007a0000000, 0x00000007a8000000, 0x00000007a8000000)
  eden space 87424K, 100% used [0x00000007a0000000, 0x00000007a5560000, 0x00000007a5560000)
  from space 21824K, 100% used [0x00000007a5560000, 0x00000007a6ab0000, 0x00000007a6ab0000)
  to   space 21824K,   0% used [0x00000007a6ab0000, 0x00000007a6ab0000, 0x00000007a8000000)
 concurrent mark-sweep generation total 393216K, used 170062K [0x00000007a8000000, 0x00000007c0000000, 0x00000007c0000000)
 Metaspace       used 40098K, capacity 40698K, committed 41168K, reserved 1085440K
  class space    used 4590K, capacity 4778K, committed 4860K, reserved 1048576K
2016-10-24T04:42:22.673+0800: 3316.724: [GC (Allocation Failure) 2016-10-24T04:42:22.673+0800: 3316.724: [ParNew
Desired survivor size 20112992 bytes, new threshold 6 (max 8)
- age   1:    5433328 bytes,    5433328 total
- age   2:    2343328 bytes,    7776656 total
- age   3:    5972312 bytes,   13748968 total
- age   4:    1618424 bytes,   15367392 total
- age   5:    1502080 bytes,   16869472 total
- age   6:    4829080 bytes,   21698552 total
: 109248K->21824K(109248K), 0.0127279 secs] 279310K->197016K(502464K), 0.0128036 secs] [Times: user=0.05 sys=0.00, real=0.01 secs] 
Heap after GC invocations=251 (full 12):
 par new generation   total 109248K, used 21824K [0x00000007a0000000, 0x00000007a8000000, 0x00000007a8000000)
  eden space 87424K,   0% used [0x00000007a0000000, 0x00000007a0000000, 0x00000007a5560000)
  from space 21824K, 100% used [0x00000007a6ab0000, 0x00000007a8000000, 0x00000007a8000000)
  to   space 21824K,   0% used [0x00000007a5560000, 0x00000007a5560000, 0x00000007a6ab0000)
 concurrent mark-sweep generation total 393216K, used 175192K [0x00000007a8000000, 0x00000007c0000000, 0x00000007c0000000)
 Metaspace       used 40098K, capacity 40698K, committed 41168K, reserved 1085440K
  class space    used 4590K, capacity 4778K, committed 4860K, reserved 1048576K
}
2016-10-24T04:42:22.686+0800: 3316.737: Total time for which application threads were stopped: 0.0129961 seconds, Stopping threads took: 0.0000326 seconds
{Heap before GC invocations=251 (full 12):
 par new generation   total 109248K, used 109248K [0x00000007a0000000, 0x00000007a8000000, 0x00000007a8000000)
  eden space 87424K, 100% used [0x00000007a0000000, 0x00000007a5560000, 0x00000007a5560000)
  from space 21824K, 100% used [0x00000007a6ab0000, 0x00000007a8000000, 0x00000007a8000000)
  to   space 21824K,   0% used [0x00000007a5560000, 0x00000007a5560000, 0x00000007a6ab0000)
 concurrent mark-sweep generation total 393216K, used 175192K [0x00000007a8000000, 0x00000007c0000000, 0x00000007c0000000)
 Metaspace       used 40098K, capacity 40698K, committed 41168K, reserved 1085440K
  class space    used 4590K, capacity 4778K, committed 4860K, reserved 1048576K
2016-10-24T04:42:22.921+0800: 3316.972: [GC (Allocation Failure) 2016-10-24T04:42:22.921+0800: 3316.972: [ParNew
Desired survivor size 20112992 bytes, new threshold 8 (max 8)
- age   1:    6938856 bytes,    6938856 total
- age   2:    2621736 bytes,    9560592 total
- age   3:    2108640 bytes,   11669232 total
- age   4:    4889408 bytes,   16558640 total
- age   5:    1582296 bytes,   18140936 total
- age   6:    1471176 bytes,   19612112 total
: 109248K->21824K(109248K), 0.0148996 secs] 284440K->205471K(502464K), 0.0149594 secs] [Times: user=0.06 sys=0.00, real=0.01 secs] 
Heap after GC invocations=252 (full 12):
 par new generation   total 109248K, used 21824K [0x00000007a0000000, 0x00000007a8000000, 0x00000007a8000000)
  eden space 87424K,   0% used [0x00000007a0000000, 0x00000007a0000000, 0x00000007a5560000)
  from space 21824K, 100% used [0x00000007a5560000, 0x00000007a6ab0000, 0x00000007a6ab0000)
  to   space 21824K,   0% used [0x00000007a6ab0000, 0x00000007a6ab0000, 0x00000007a8000000)
 concurrent mark-sweep generation total 393216K, used 183647K [0x00000007a8000000, 0x00000007c0000000, 0x00000007c0000000)
 Metaspace       used 40098K, capacity 40698K, committed 41168K, reserved 1085440K
  class space    used 4590K, capacity 4778K, committed 4860K, reserved 1048576K
}
2016-10-24T04:42:22.936+0800: 3316.987: Total time for which application threads were stopped: 0.0151506 seconds, Stopping threads took: 0.0000313 seconds
2016-10-24T04:42:23.011+0800: 3317.062: Total time for which application threads were stopped: 0.0002016 seconds, Stopping threads took: 0.0000303 seconds
2016-10-24T04:42:27.848+0800: 3321.899: Total time for which application threads were stopped: 0.0000944 seconds, Stopping threads took: 0.0000198 seconds
2016-10-24T04:42:27.910+0800: 3321.961: Total time for which application threads were stopped: 0.0001564 seconds, Stopping threads took: 0.0000298 seconds
2016-10-24T04:42:27.911+0800: 3321.962: Total time for which application threads were stopped: 0.0000850 seconds, Stopping threads took: 0.0000120 seconds
{Heap before GC invocations=252 (full 12):
 par new generation   total 109248K, used 109248K [0x00000007a0000000, 0x00000007a8000000, 0x00000007a8000000)
  eden space 87424K, 100% used [0x00000007a0000000, 0x00000007a5560000, 0x00000007a5560000)
  from space 21824K, 100% used [0x00000007a5560000, 0x00000007a6ab0000, 0x00000007a6ab0000)
  to   space 21824K,   0% used [0x00000007a6ab0000, 0x00000007a6ab0000, 0x00000007a8000000)
 concurrent mark-sweep generation total 393216K, used 183647K [0x00000007a8000000, 0x00000007c0000000, 0x00000007c0000000)
 Metaspace       used 40100K, capacity 40698K, committed 41168K, reserved 1085440K
  class space    used 4590K, capacity 4778K, committed 4860K, reserved 1048576K
2016-10-24T04:42:28.731+0800: 3322.782: [GC (Allocation Failure) 2016-10-24T04:42:28.731+0800: 3322.782: [ParNew
Desired survivor size 20112992 bytes, new threshold 8 (max 8)
- age   1:     837064 bytes,     837064 total
- age   2:    5976384 bytes,    6813448 total
- age   3:    2267656 bytes,    9081104 total
- age   4:    1794176 bytes,   10875280 total
- age   5:    6289584 bytes,   17164864 total
- age   6:    1437360 bytes,   18602224 total
- age   7:    1398024 bytes,   20000248 total
: 109248K->21824K(109248K), 0.0100508 secs] 292895K->207367K(502464K), 0.0101188 secs] [Times: user=0.03 sys=0.00, real=0.01 secs] 
Heap after GC invocations=253 (full 12):
 par new generation   total 109248K, used 21824K [0x00000007a0000000, 0x00000007a8000000, 0x00000007a8000000)
  eden space 87424K,   0% used [0x00000007a0000000, 0x00000007a0000000, 0x00000007a5560000)
  from space 21824K, 100% used [0x00000007a6ab0000, 0x00000007a8000000, 0x00000007a8000000)
  to   space 21824K,   0% used [0x00000007a5560000, 0x00000007a5560000, 0x00000007a6ab0000)
 concurrent mark-sweep generation total 393216K, used 185543K [0x00000007a8000000, 0x00000007c0000000, 0x00000007c0000000)
 Metaspace       used 40100K, capacity 40698K, committed 41168K, reserved 1085440K
  class space    used 4590K, capacity 4778K, committed 4860K, reserved 1048576K
}
2016-10-24T04:42:28.741+0800: 3322.792: Total time for which application threads were stopped: 0.0102905 seconds, Stopping threads took: 0.0000303 seconds
{Heap before GC invocations=253 (full 12):
 par new generation   total 109248K, used 109248K [0x00000007a0000000, 0x00000007a8000000, 0x00000007a8000000)
  eden space 87424K, 100% used [0x00000007a0000000, 0x00000007a5560000, 0x00000007a5560000)
  from space 21824K, 100% used [0x00000007a6ab0000, 0x00000007a8000000, 0x00000007a8000000)
  to   space 21824K,   0% used [0x00000007a5560000, 0x00000007a5560000, 0x00000007a6ab0000)
 concurrent mark-sweep generation total 393216K, used 185543K [0x00000007a8000000, 0x00000007c0000000, 0x00000007c0000000)
 Metaspace       used 40100K, capacity 40698K, committed 41168K, reserved 1085440K
  class space    used 4590K, capacity 4778K, committed 4860K, reserved 1048576K
2016-10-24T04:42:28.779+0800: 3322.830: [GC (Allocation Failure) 2016-10-24T04:42:28.779+0800: 3322.830: [ParNew
Desired survivor size 20112992 bytes, new threshold 8 (max 8)
- age   1:      75112 bytes,      75112 total
- age   2:     773920 bytes,     849032 total
- age   3:    5813088 bytes,    6662120 total
- age   4:    2101632 bytes,    8763752 total
- age   5:    1759064 bytes,   10522816 total
- age   6:    4723128 bytes,   15245944 total
- age   7:    1415680 bytes,   16661624 total
- age   8:    1375608 bytes,   18037232 total
: 109248K->21824K(109248K), 0.0090968 secs] 294791K->208039K(502464K), 0.0091557 secs] [Times: user=0.03 sys=0.00, real=0.01 secs] 
Heap after GC invocations=254 (full 12):
 par new generation   total 109248K, used 21824K [0x00000007a0000000, 0x00000007a8000000, 0x00000007a8000000)
  eden space 87424K,   0% used [0x00000007a0000000, 0x00000007a0000000, 0x00000007a5560000)
  from space 21824K, 100% used [0x00000007a5560000, 0x00000007a6ab0000, 0x00000007a6ab0000)
  to   space 21824K,   0% used [0x00000007a6ab0000, 0x00000007a6ab0000, 0x00000007a8000000)
 concurrent mark-sweep generation total 393216K, used 186215K [0x00000007a8000000, 0x00000007c0000000, 0x00000007c0000000)
 Metaspace       used 40100K, capacity 40698K, committed 41168K, reserved 1085440K
  class space    used 4590K, capacity 4778K, committed 4860K, reserved 1048576K
}
2016-10-24T04:42:28.788+0800: 3322.839: Total time for which application threads were stopped: 0.0093483 seconds, Stopping threads took: 0.0000310 seconds
{Heap before GC invocations=254 (full 12):
 par new generation   total 109248K, used 109248K [0x00000007a0000000, 0x00000007a8000000, 0x00000007a8000000)
  eden space 87424K, 100% used [0x00000007a0000000, 0x00000007a5560000, 0x00000007a5560000)
  from space 21824K, 100% used [0x00000007a5560000, 0x00000007a6ab0000, 0x00000007a6ab0000)
  to   space 21824K,   0% used [0x00000007a6ab0000, 0x00000007a6ab0000, 0x00000007a8000000)
 concurrent mark-sweep generation total 393216K, used 186215K [0x00000007a8000000, 0x00000007c0000000, 0x00000007c0000000)
 Metaspace       used 40100K, capacity 40698K, committed 41168K, reserved 1085440K
  class space    used 4590K, capacity 4778K, committed 4860K, reserved 1048576K
2016-10-24T04:42:28.955+0800: 3323.006: [GC (Allocation Failure) 2016-10-24T04:42:28.955+0800: 3323.006: [ParNew
Desired survivor size 20112992 bytes, new threshold 8 (max 8)
- age   1:      91920 bytes,      91920 total
- age   2:      23712 bytes,     115632 total
- age   3:     773920 bytes,     889552 total
- age   4:    5627120 bytes,    6516672 total
- age   5:    2101632 bytes,    8618304 total
- age   6:    1759064 bytes,   10377368 total
- age   7:    6272624 bytes,   16649992 total
- age   8:    1415680 bytes,   18065672 total
: 109248K->21824K(109248K), 0.0089846 secs] 295463K->209396K(502464K), 0.0090494 secs] [Times: user=0.03 sys=0.00, real=0.01 secs] 
Heap after GC invocations=255 (full 12):
 par new generation   total 109248K, used 21824K [0x00000007a0000000, 0x00000007a8000000, 0x00000007a8000000)
  eden space 87424K,   0% used [0x00000007a0000000, 0x00000007a0000000, 0x00000007a5560000)
  from space 21824K, 100% used [0x00000007a6ab0000, 0x00000007a8000000, 0x00000007a8000000)
  to   space 21824K,   0% used [0x00000007a5560000, 0x00000007a5560000, 0x00000007a6ab0000)
 concurrent mark-sweep generation total 393216K, used 187572K [0x00000007a8000000, 0x00000007c0000000, 0x00000007c0000000)
 Metaspace       used 40100K, capacity 40698K, committed 41168K, reserved 1085440K
  class space    used 4590K, capacity 4778K, committed 4860K, reserved 1048576K
}
2016-10-24T04:42:28.964+0800: 3323.015: Total time for which application threads were stopped: 0.0092376 seconds, Stopping threads took: 0.0000215 seconds
{Heap before GC invocations=255 (full 12):
 par new generation   total 109248K, used 109248K [0x00000007a0000000, 0x00000007a8000000, 0x00000007a8000000)
  eden space 87424K, 100% used [0x00000007a0000000, 0x00000007a5560000, 0x00000007a5560000)
  from space 21824K, 100% used [0x00000007a6ab0000, 0x00000007a8000000, 0x00000007a8000000)
  to   space 21824K,   0% used [0x00000007a5560000, 0x00000007a5560000, 0x00000007a6ab0000)
 concurrent mark-sweep generation total 393216K, used 187572K [0x00000007a8000000, 0x00000007c0000000, 0x00000007c0000000)
 Metaspace       used 40100K, capacity 40698K, committed 41168K, reserved 1085440K
  class space    used 4590K, capacity 4778K, committed 4860K, reserved 1048576K
2016-10-24T04:42:29.042+0800: 3323.093: [GC (Allocation Failure) 2016-10-24T04:42:29.042+0800: 3323.093: [ParNew
Desired survivor size 20112992 bytes, new threshold 8 (max 8)
- age   1:      97712 bytes,      97712 total
- age   2:      54368 bytes,     152080 total
- age   3:      23712 bytes,     175792 total
- age   4:     773920 bytes,     949712 total
- age   5:    5627120 bytes,    6576832 total
- age   6:    2101632 bytes,    8678464 total
- age   7:    1759064 bytes,   10437528 total
- age   8:    6272624 bytes,   16710152 total
: 109248K->18290K(109248K), 0.0089269 secs] 296820K->207259K(502464K), 0.0089948 secs] [Times: user=0.04 sys=0.00, real=0.01 secs] 
Heap after GC invocations=256 (full 12):
 par new generation   total 109248K, used 18290K [0x00000007a0000000, 0x00000007a8000000, 0x00000007a8000000)
  eden space 87424K,   0% used [0x00000007a0000000, 0x00000007a0000000, 0x00000007a5560000)
  from space 21824K,  83% used [0x00000007a5560000, 0x00000007a673ca78, 0x00000007a6ab0000)
  to   space 21824K,   0% used [0x00000007a6ab0000, 0x00000007a6ab0000, 0x00000007a8000000)
 concurrent mark-sweep generation total 393216K, used 188968K [0x00000007a8000000, 0x00000007c0000000, 0x00000007c0000000)
 Metaspace       used 40100K, capacity 40698K, committed 41168K, reserved 1085440K
  class space    used 4590K, capacity 4778K, committed 4860K, reserved 1048576K
}
2016-10-24T04:42:29.051+0800: 3323.102: Total time for which application threads were stopped: 0.0091687 seconds, Stopping threads took: 0.0000308 seconds
{Heap before GC invocations=256 (full 12):
 par new generation   total 109248K, used 105714K [0x00000007a0000000, 0x00000007a8000000, 0x00000007a8000000)
  eden space 87424K, 100% used [0x00000007a0000000, 0x00000007a5560000, 0x00000007a5560000)
  from space 21824K,  83% used [0x00000007a5560000, 0x00000007a673ca78, 0x00000007a6ab0000)
  to   space 21824K,   0% used [0x00000007a6ab0000, 0x00000007a6ab0000, 0x00000007a8000000)
 concurrent mark-sweep generation total 393216K, used 188968K [0x00000007a8000000, 0x00000007c0000000, 0x00000007c0000000)
 Metaspace       used 40100K, capacity 40698K, committed 41168K, reserved 1085440K
  class space    used 4590K, capacity 4778K, committed 4860K, reserved 1048576K
2016-10-24T04:42:29.156+0800: 3323.207: [GC (Allocation Failure) 2016-10-24T04:42:29.156+0800: 3323.207: [ParNew
Desired survivor size 20112992 bytes, new threshold 8 (max 8)
- age   1:     153592 bytes,     153592 total
- age   3:      13440 bytes,     167032 total
- age   4:      23712 bytes,     190744 total
- age   5:     773920 bytes,     964664 total
- age   6:    5627120 bytes,    6591784 total
- age   7:    2101632 bytes,    8693416 total
- age   8:    1759064 bytes,   10452480 total
: 105714K->17514K(109248K), 0.0085720 secs] 294683K->211109K(502464K), 0.0086333 secs] [Times: user=0.03 sys=0.00, real=0.01 secs] 
Heap after GC invocations=257 (full 12):
 par new generation   total 109248K, used 17514K [0x00000007a0000000, 0x00000007a8000000, 0x00000007a8000000)
  eden space 87424K,   0% used [0x00000007a0000000, 0x00000007a0000000, 0x00000007a5560000)
  from space 21824K,  80% used [0x00000007a6ab0000, 0x00000007a7bca990, 0x00000007a8000000)
  to   space 21824K,   0% used [0x00000007a5560000, 0x00000007a5560000, 0x00000007a6ab0000)
 concurrent mark-sweep generation total 393216K, used 193595K [0x00000007a8000000, 0x00000007c0000000, 0x00000007c0000000)
 Metaspace       used 40100K, capacity 40698K, committed 41168K, reserved 1085440K
  class space    used 4590K, capacity 4778K, committed 4860K, reserved 1048576K
}
2016-10-24T04:42:29.164+0800: 3323.215: Total time for which application threads were stopped: 0.0088213 seconds, Stopping threads took: 0.0000235 seconds
{Heap before GC invocations=257 (full 12):
 par new generation   total 109248K, used 104938K [0x00000007a0000000, 0x00000007a8000000, 0x00000007a8000000)
  eden space 87424K, 100% used [0x00000007a0000000, 0x00000007a5560000, 0x00000007a5560000)
  from space 21824K,  80% used [0x00000007a6ab0000, 0x00000007a7bca990, 0x00000007a8000000)
  to   space 21824K,   0% used [0x00000007a5560000, 0x00000007a5560000, 0x00000007a6ab0000)
 concurrent mark-sweep generation total 393216K, used 193595K [0x00000007a8000000, 0x00000007c0000000, 0x00000007c0000000)
 Metaspace       used 40100K, capacity 40698K, committed 41168K, reserved 1085440K
  class space    used 4590K, capacity 4778K, committed 4860K, reserved 1048576K
2016-10-24T04:42:29.254+0800: 3323.306: [GC (Allocation Failure) 2016-10-24T04:42:29.254+0800: 3323.306: [ParNew
Desired survivor size 20112992 bytes, new threshold 8 (max 8)
- age   1:     111008 bytes,     111008 total
- age   2:      33784 bytes,     144792 total
- age   4:      13440 bytes,     158232 total
- age   5:      23712 bytes,     181944 total
- age   6:     773920 bytes,     955864 total
- age   7:    5627120 bytes,    6582984 total
- age   8:    2101632 bytes,    8684616 total
: 104938K->11410K(109248K), 0.0084401 secs] 298533K->206750K(502464K), 0.0085155 secs] [Times: user=0.03 sys=0.00, real=0.01 secs] 
Heap after GC invocations=258 (full 12):
 par new generation   total 109248K, used 11410K [0x00000007a0000000, 0x00000007a8000000, 0x00000007a8000000)
  eden space 87424K,   0% used [0x00000007a0000000, 0x00000007a0000000, 0x00000007a5560000)
  from space 21824K,  52% used [0x00000007a5560000, 0x00000007a6084998, 0x00000007a6ab0000)
  to   space 21824K,   0% used [0x00000007a6ab0000, 0x00000007a6ab0000, 0x00000007a8000000)
 concurrent mark-sweep generation total 393216K, used 195340K [0x00000007a8000000, 0x00000007c0000000, 0x00000007c0000000)
 Metaspace       used 40100K, capacity 40698K, committed 41168K, reserved 1085440K
  class space    used 4590K, capacity 4778K, committed 4860K, reserved 1048576K
}
2016-10-24T04:42:29.263+0800: 3323.314: Total time for which application threads were stopped: 0.0087138 seconds, Stopping threads took: 0.0000251 seconds
{Heap before GC invocations=258 (full 12):
 par new generation   total 109248K, used 98834K [0x00000007a0000000, 0x00000007a8000000, 0x00000007a8000000)
  eden space 87424K, 100% used [0x00000007a0000000, 0x00000007a5560000, 0x00000007a5560000)
  from space 21824K,  52% used [0x00000007a5560000, 0x00000007a6084998, 0x00000007a6ab0000)
  to   space 21824K,   0% used [0x00000007a6ab0000, 0x00000007a6ab0000, 0x00000007a8000000)
 concurrent mark-sweep generation total 393216K, used 195340K [0x00000007a8000000, 0x00000007c0000000, 0x00000007c0000000)
 Metaspace       used 40100K, capacity 40698K, committed 41168K, reserved 1085440K
  class space    used 4590K, capacity 4778K, committed 4860K, reserved 1048576K
2016-10-24T04:42:29.360+0800: 3323.411: [GC (Allocation Failure) 2016-10-24T04:42:29.360+0800: 3323.411: [ParNew
Desired survivor size 20112992 bytes, new threshold 8 (max 8)
- age   1:      88312 bytes,      88312 total
- age   2:      51696 bytes,     140008 total
- age   3:      33784 bytes,     173792 total
- age   5:      13440 bytes,     187232 total
- age   6:      23712 bytes,     210944 total
- age   7:     773920 bytes,     984864 total
- age   8:    5627120 bytes,    6611984 total
: 98834K->8198K(109248K), 0.0076215 secs] 294174K->205626K(502464K), 0.0076834 secs] [Times: user=0.03 sys=0.00, real=0.00 secs] 
Heap after GC invocations=259 (full 12):
 par new generation   total 109248K, used 8198K [0x00000007a0000000, 0x00000007a8000000, 0x00000007a8000000)
  eden space 87424K,   0% used [0x00000007a0000000, 0x00000007a0000000, 0x00000007a5560000)
  from space 21824K,  37% used [0x00000007a6ab0000, 0x00000007a72b1a68, 0x00000007a8000000)
  to   space 21824K,   0% used [0x00000007a5560000, 0x00000007a5560000, 0x00000007a6ab0000)
 concurrent mark-sweep generation total 393216K, used 197428K [0x00000007a8000000, 0x00000007c0000000, 0x00000007c0000000)
 Metaspace       used 40100K, capacity 40698K, committed 41168K, reserved 1085440K
  class space    used 4590K, capacity 4778K, committed 4860K, reserved 1048576K
}
2016-10-24T04:42:29.367+0800: 3323.419: Total time for which application threads were stopped: 0.0078696 seconds, Stopping threads took: 0.0000316 seconds
2016-10-24T04:42:29.368+0800: 3323.419: [GC (CMS Initial Mark) [1 CMS-initial-mark: 197428K(393216K)] 207371K(502464K), 0.0010419 secs] [Times: user=0.00 sys=0.00, real=0.00 secs] 
2016-10-24T04:42:29.369+0800: 3323.420: Total time for which application threads were stopped: 0.0012185 seconds, Stopping threads took: 0.0000709 seconds
2016-10-24T04:42:29.369+0800: 3323.420: [CMS-concurrent-mark-start]
2016-10-24T04:42:29.397+0800: 3323.448: [CMS-concurrent-mark: 0.028/0.028 secs] [Times: user=0.14 sys=0.00, real=0.03 secs] 
2016-10-24T04:42:29.397+0800: 3323.448: [CMS-concurrent-preclean-start]
2016-10-24T04:42:29.398+0800: 3323.449: [CMS-concurrent-preclean: 0.001/0.001 secs] [Times: user=0.00 sys=0.00, real=0.00 secs] 
2016-10-24T04:42:29.398+0800: 3323.449: [CMS-concurrent-abortable-preclean-start]
2016-10-24T04:42:29.550+0800: 3323.601: Total time for which application threads were stopped: 0.0001298 seconds, Stopping threads took: 0.0000501 seconds
2016-10-24T04:42:29.550+0800: 3323.601: Total time for which application threads were stopped: 0.0000631 seconds, Stopping threads took: 0.0000188 seconds
2016-10-24T04:42:29.550+0800: 3323.601: Total time for which application threads were stopped: 0.0000594 seconds, Stopping threads took: 0.0000250 seconds
2016-10-24T04:42:29.550+0800: 3323.601: Total time for which application threads were stopped: 0.0000511 seconds, Stopping threads took: 0.0000171 seconds
2016-10-24T04:42:29.550+0800: 3323.601: Total time for which application threads were stopped: 0.0000620 seconds, Stopping threads took: 0.0000068 seconds
2016-10-24T04:42:29.551+0800: 3323.602: Total time for which application threads were stopped: 0.0000736 seconds, Stopping threads took: 0.0000180 seconds
2016-10-24T04:42:29.551+0800: 3323.602: Total time for which application threads were stopped: 0.0000695 seconds, Stopping threads took: 0.0000162 seconds
2016-10-24T04:42:29.551+0800: 3323.602: Total time for which application threads were stopped: 0.0000643 seconds, Stopping threads took: 0.0000190 seconds
2016-10-24T04:42:29.551+0800: 3323.602: Total time for which application threads were stopped: 0.0000639 seconds, Stopping threads took: 0.0000192 seconds
2016-10-24T04:42:29.551+0800: 3323.602: Total time for which application threads were stopped: 0.0001273 seconds, Stopping threads took: 0.0000198 seconds
2016-10-24T04:42:29.552+0800: 3323.603: Total time for which application threads were stopped: 0.0000700 seconds, Stopping threads took: 0.0000173 seconds
2016-10-24T04:42:30.552+0800: 3324.603: Total time for which application threads were stopped: 0.0001131 seconds, Stopping threads took: 0.0000280 seconds
 CMS: abort preclean due to time 2016-10-24T04:42:35.463+0800: 3329.514: [CMS-concurrent-abortable-preclean: 1.000/6.065 secs] [Times: user=1.14 sys=0.03, real=6.07 secs] 
2016-10-24T04:42:35.463+0800: 3329.514: [GC (CMS Final Remark) [YG occupancy: 84309 K (109248 K)]{Heap before GC invocations=259 (full 13):
 par new generation   total 109248K, used 84309K [0x00000007a0000000, 0x00000007a8000000, 0x00000007a8000000)
  eden space 87424K,  87% used [0x00000007a0000000, 0x00000007a4a53aa8, 0x00000007a5560000)
  from space 21824K,  37% used [0x00000007a6ab0000, 0x00000007a72b1a68, 0x00000007a8000000)
  to   space 21824K,   0% used [0x00000007a5560000, 0x00000007a5560000, 0x00000007a6ab0000)
 concurrent mark-sweep generation total 393216K, used 197428K [0x00000007a8000000, 0x00000007c0000000, 0x00000007c0000000)
 Metaspace       used 40102K, capacity 40698K, committed 41168K, reserved 1085440K
  class space    used 4590K, capacity 4778K, committed 4860K, reserved 1048576K
2016-10-24T04:42:35.463+0800: 3329.514: [GC (CMS Final Remark) 2016-10-24T04:42:35.463+0800: 3329.514: [ParNew
Desired survivor size 20112992 bytes, new threshold 8 (max 8)
- age   1:     360208 bytes,     360208 total
- age   4:        224 bytes,     360432 total
- age   6:      13440 bytes,     373872 total
- age   7:      23712 bytes,     397584 total
- age   8:     723248 bytes,    1120832 total
: 84309K->2790K(109248K), 0.0064097 secs] 281737K->205757K(502464K), 0.0064727 secs] [Times: user=0.02 sys=0.00, real=0.00 secs] 
Heap after GC invocations=260 (full 13):
 par new generation   total 109248K, used 2790K [0x00000007a0000000, 0x00000007a8000000, 0x00000007a8000000)
  eden space 87424K,   0% used [0x00000007a0000000, 0x00000007a0000000, 0x00000007a5560000)
  from space 21824K,  12% used [0x00000007a5560000, 0x00000007a5819aa0, 0x00000007a6ab0000)
  to   space 21824K,   0% used [0x00000007a6ab0000, 0x00000007a6ab0000, 0x00000007a8000000)
 concurrent mark-sweep generation total 393216K, used 202966K [0x00000007a8000000, 0x00000007c0000000, 0x00000007c0000000)
 Metaspace       used 40102K, capacity 40698K, committed 41168K, reserved 1085440K
  class space    used 4590K, capacity 4778K, committed 4860K, reserved 1048576K
}
2016-10-24T04:42:35.470+0800: 3329.521: [Rescan (parallel) , 0.0028214 secs]2016-10-24T04:42:35.472+0800: 3329.524: [weak refs processing, 0.0009614 secs]2016-10-24T04:42:35.473+0800: 3329.525: [class unloading, 0.0107942 secs]2016-10-24T04:42:35.484+0800: 3329.536: [scrub symbol table, 0.0054839 secs]2016-10-24T04:42:35.490+0800: 3329.541: [scrub string table, 0.0006055 secs][1 CMS-remark: 202966K(393216K)] 205757K(502464K), 0.0274259 secs] [Times: user=0.05 sys=0.00, real=0.03 secs] 
2016-10-24T04:42:35.490+0800: 3329.542: Total time for which application threads were stopped: 0.0275507 seconds, Stopping threads took: 0.0000201 seconds
2016-10-24T04:42:35.490+0800: 3329.542: [CMS-concurrent-sweep-start]
2016-10-24T04:42:35.517+0800: 3329.569: [CMS-concurrent-sweep: 0.027/0.027 secs] [Times: user=0.03 sys=0.00, real=0.02 secs] 
2016-10-24T04:42:35.517+0800: 3329.569: [CMS-concurrent-reset-start]
2016-10-24T04:42:35.518+0800: 3329.569: [CMS-concurrent-reset: 0.000/0.000 secs] [Times: user=0.00 sys=0.00, real=0.00 secs] 
{Heap before GC invocations=260 (full 13):
 par new generation   total 109248K, used 90214K [0x00000007a0000000, 0x00000007a8000000, 0x00000007a8000000)
  eden space 87424K,  99% used [0x00000007a0000000, 0x00000007a555fd88, 0x00000007a5560000)
  from space 21824K,  12% used [0x00000007a5560000, 0x00000007a5819aa0, 0x00000007a6ab0000)
  to   space 21824K,   0% used [0x00000007a6ab0000, 0x00000007a6ab0000, 0x00000007a8000000)
 concurrent mark-sweep generation total 393216K, used 126890K [0x00000007a8000000, 0x00000007c0000000, 0x00000007c0000000)
 Metaspace       used 40102K, capacity 40698K, committed 41168K, reserved 1085440K
  class space    used 4590K, capacity 4778K, committed 4860K, reserved 1048576K
2016-10-24T04:45:21.525+0800: 3495.581: [GC (Allocation Failure) 2016-10-24T04:45:21.525+0800: 3495.581: [ParNew
Desired survivor size 20112992 bytes, new threshold 8 (max 8)
- age   1:    7568232 bytes,    7568232 total
- age   2:     359848 bytes,    7928080 total
- age   5:        224 bytes,    7928304 total
- age   7:      13440 bytes,    7941744 total
- age   8:        336 bytes,    7942080 total
: 90214K->8186K(109248K), 0.0059731 secs] 217104K->135690K(502464K), 0.0060304 secs] [Times: user=0.02 sys=0.00, real=0.01 secs] 
Heap after GC invocations=261 (full 13):
 par new generation   total 109248K, used 8186K [0x00000007a0000000, 0x00000007a8000000, 0x00000007a8000000)
  eden space 87424K,   0% used [0x00000007a0000000, 0x00000007a0000000, 0x00000007a5560000)
  from space 21824K,  37% used [0x00000007a6ab0000, 0x00000007a72aeb38, 0x00000007a8000000)
  to   space 21824K,   0% used [0x00000007a5560000, 0x00000007a5560000, 0x00000007a6ab0000)
 concurrent mark-sweep generation total 393216K, used 127503K [0x00000007a8000000, 0x00000007c0000000, 0x00000007c0000000)
 Metaspace       used 40102K, capacity 40698K, committed 41168K, reserved 1085440K
  class space    used 4590K, capacity 4778K, committed 4860K, reserved 1048576K
}
2016-10-24T04:45:21.531+0800: 3495.588: Total time for which application threads were stopped: 0.0062446 seconds, Stopping threads took: 0.0000217 seconds
{Heap before GC invocations=261 (full 13):
 par new generation   total 109248K, used 95610K [0x00000007a0000000, 0x00000007a8000000, 0x00000007a8000000)
  eden space 87424K, 100% used [0x00000007a0000000, 0x00000007a5560000, 0x00000007a5560000)
  from space 21824K,  37% used [0x00000007a6ab0000, 0x00000007a72aeb38, 0x00000007a8000000)
  to   space 21824K,   0% used [0x00000007a5560000, 0x00000007a5560000, 0x00000007a6ab0000)
 concurrent mark-sweep generation total 393216K, used 127503K [0x00000007a8000000, 0x00000007c0000000, 0x00000007c0000000)
 Metaspace       used 40102K, capacity 40698K, committed 41168K, reserved 1085440K
  class space    used 4590K, capacity 4778K, committed 4860K, reserved 1048576K
2016-10-24T04:45:21.800+0800: 3495.856: [GC (Allocation Failure) 2016-10-24T04:45:21.800+0800: 3495.856: [ParNew
Desired survivor size 20112992 bytes, new threshold 8 (max 8)
- age   1:    9894904 bytes,    9894904 total
- age   2:    4636360 bytes,   14531264 total
- age   3:     359848 bytes,   14891112 total
- age   6:        224 bytes,   14891336 total
- age   8:      13440 bytes,   14904776 total
: 95610K->15777K(109248K), 0.0053066 secs] 223114K->143281K(502464K), 0.0053830 secs] [Times: user=0.01 sys=0.00, real=0.00 secs] 
Heap after GC invocations=262 (full 13):
 par new generation   total 109248K, used 15777K [0x00000007a0000000, 0x00000007a8000000, 0x00000007a8000000)
  eden space 87424K,   0% used [0x00000007a0000000, 0x00000007a0000000, 0x00000007a5560000)
  from space 21824K,  72% used [0x00000007a5560000, 0x00000007a64c8508, 0x00000007a6ab0000)
  to   space 21824K,   0% used [0x00000007a6ab0000, 0x00000007a6ab0000, 0x00000007a8000000)
 concurrent mark-sweep generation total 393216K, used 127503K [0x00000007a8000000, 0x00000007c0000000, 0x00000007c0000000)
 Metaspace       used 40102K, capacity 40698K, committed 41168K, reserved 1085440K
  class space    used 4590K, capacity 4778K, committed 4860K, reserved 1048576K
}
2016-10-24T04:45:21.805+0800: 3495.862: Total time for which application threads were stopped: 0.0055750 seconds, Stopping threads took: 0.0000295 seconds
{Heap before GC invocations=262 (full 13):
 par new generation   total 109248K, used 103201K [0x00000007a0000000, 0x00000007a8000000, 0x00000007a8000000)
  eden space 87424K, 100% used [0x00000007a0000000, 0x00000007a5560000, 0x00000007a5560000)
  from space 21824K,  72% used [0x00000007a5560000, 0x00000007a64c8508, 0x00000007a6ab0000)
  to   space 21824K,   0% used [0x00000007a6ab0000, 0x00000007a6ab0000, 0x00000007a8000000)
 concurrent mark-sweep generation total 393216K, used 127503K [0x00000007a8000000, 0x00000007c0000000, 0x00000007c0000000)
 Metaspace       used 40102K, capacity 40698K, committed 41168K, reserved 1085440K
  class space    used 4590K, capacity 4778K, committed 4860K, reserved 1048576K
2016-10-24T04:45:22.089+0800: 3496.146: [GC (Allocation Failure) 2016-10-24T04:45:22.089+0800: 3496.146: [ParNew
Desired survivor size 20112992 bytes, new threshold 8 (max 8)
- age   1:   10400056 bytes,   10400056 total
- age   2:    4221112 bytes,   14621168 total
- age   3:    4344000 bytes,   18965168 total
- age   4:     307176 bytes,   19272344 total
- age   7:        224 bytes,   19272568 total
: 103201K->21824K(109248K), 0.0073921 secs] 230705K->151783K(502464K), 0.0074351 secs] [Times: user=0.03 sys=0.00, real=0.01 secs] 
Heap after GC invocations=263 (full 13):
 par new generation   total 109248K, used 21824K [0x00000007a0000000, 0x00000007a8000000, 0x00000007a8000000)
  eden space 87424K,   0% used [0x00000007a0000000, 0x00000007a0000000, 0x00000007a5560000)
  from space 21824K, 100% used [0x00000007a6ab0000, 0x00000007a8000000, 0x00000007a8000000)
  to   space 21824K,   0% used [0x00000007a5560000, 0x00000007a5560000, 0x00000007a6ab0000)
 concurrent mark-sweep generation total 393216K, used 129959K [0x00000007a8000000, 0x00000007c0000000, 0x00000007c0000000)
 Metaspace       used 40102K, capacity 40698K, committed 41168K, reserved 1085440K
  class space    used 4590K, capacity 4778K, committed 4860K, reserved 1048576K
}
2016-10-24T04:45:22.097+0800: 3496.153: Total time for which application threads were stopped: 0.0075964 seconds, Stopping threads took: 0.0000180 seconds
{Heap before GC invocations=263 (full 13):
 par new generation   total 109248K, used 109248K [0x00000007a0000000, 0x00000007a8000000, 0x00000007a8000000)
  eden space 87424K, 100% used [0x00000007a0000000, 0x00000007a5560000, 0x00000007a5560000)
  from space 21824K, 100% used [0x00000007a6ab0000, 0x00000007a8000000, 0x00000007a8000000)
  to   space 21824K,   0% used [0x00000007a5560000, 0x00000007a5560000, 0x00000007a6ab0000)
 concurrent mark-sweep generation total 393216K, used 129959K [0x00000007a8000000, 0x00000007c0000000, 0x00000007c0000000)
 Metaspace       used 40102K, capacity 40698K, committed 41168K, reserved 1085440K
  class space    used 4590K, capacity 4778K, committed 4860K, reserved 1048576K
2016-10-24T04:45:22.382+0800: 3496.439: [GC (Allocation Failure) 2016-10-24T04:45:22.382+0800: 3496.439: [ParNew
Desired survivor size 20112992 bytes, new threshold 4 (max 8)
- age   1:    9427040 bytes,    9427040 total
- age   2:    4438008 bytes,   13865048 total
- age   3:    2945248 bytes,   16810296 total
- age   4:    3970688 bytes,   20780984 total
- age   5:     305320 bytes,   21086304 total
- age   8:        224 bytes,   21086528 total
: 109248K->21824K(109248K), 0.0090663 secs] 239207K->156939K(502464K), 0.0091457 secs] [Times: user=0.03 sys=0.00, real=0.01 secs] 
Heap after GC invocations=264 (full 13):
 par new generation   total 109248K, used 21824K [0x00000007a0000000, 0x00000007a8000000, 0x00000007a8000000)
  eden space 87424K,   0% used [0x00000007a0000000, 0x00000007a0000000, 0x00000007a5560000)
  from space 21824K, 100% used [0x00000007a5560000, 0x00000007a6ab0000, 0x00000007a6ab0000)
  to   space 21824K,   0% used [0x00000007a6ab0000, 0x00000007a6ab0000, 0x00000007a8000000)
 concurrent mark-sweep generation total 393216K, used 135115K [0x00000007a8000000, 0x00000007c0000000, 0x00000007c0000000)
 Metaspace       used 40102K, capacity 40698K, committed 41168K, reserved 1085440K
  class space    used 4590K, capacity 4778K, committed 4860K, reserved 1048576K
}
2016-10-24T04:45:22.391+0800: 3496.448: Total time for which application threads were stopped: 0.0093465 seconds, Stopping threads took: 0.0000327 seconds
{Heap before GC invocations=264 (full 13):
 par new generation   total 109248K, used 109248K [0x00000007a0000000, 0x00000007a8000000, 0x00000007a8000000)
  eden space 87424K, 100% used [0x00000007a0000000, 0x00000007a5560000, 0x00000007a5560000)
  from space 21824K, 100% used [0x00000007a5560000, 0x00000007a6ab0000, 0x00000007a6ab0000)
  to   space 21824K,   0% used [0x00000007a6ab0000, 0x00000007a6ab0000, 0x00000007a8000000)
 concurrent mark-sweep generation total 393216K, used 135115K [0x00000007a8000000, 0x00000007c0000000, 0x00000007c0000000)
 Metaspace       used 40102K, capacity 40698K, committed 41168K, reserved 1085440K
  class space    used 4590K, capacity 4778K, committed 4860K, reserved 1048576K
2016-10-24T04:45:22.677+0800: 3496.734: [GC (Allocation Failure) 2016-10-24T04:45:22.677+0800: 3496.734: [ParNew
Desired survivor size 20112992 bytes, new threshold 8 (max 8)
- age   1:   10067824 bytes,   10067824 total
- age   2:    2866816 bytes,   12934640 total
- age   3:    3307872 bytes,   16242512 total
- age   4:    2875592 bytes,   19118104 total
: 109248K->21824K(109248K), 0.0087115 secs] 244363K->164794K(502464K), 0.0087911 secs] [Times: user=0.03 sys=0.01, real=0.01 secs] 
Heap after GC invocations=265 (full 13):
 par new generation   total 109248K, used 21824K [0x00000007a0000000, 0x00000007a8000000, 0x00000007a8000000)
  eden space 87424K,   0% used [0x00000007a0000000, 0x00000007a0000000, 0x00000007a5560000)
  from space 21824K, 100% used [0x00000007a6ab0000, 0x00000007a8000000, 0x00000007a8000000)
  to   space 21824K,   0% used [0x00000007a5560000, 0x00000007a5560000, 0x00000007a6ab0000)
 concurrent mark-sweep generation total 393216K, used 142970K [0x00000007a8000000, 0x00000007c0000000, 0x00000007c0000000)
 Metaspace       used 40102K, capacity 40698K, committed 41168K, reserved 1085440K
  class space    used 4590K, capacity 4778K, committed 4860K, reserved 1048576K
}
2016-10-24T04:45:22.686+0800: 3496.743: Total time for which application threads were stopped: 0.0090123 seconds, Stopping threads took: 0.0000425 seconds
{Heap before GC invocations=265 (full 13):
 par new generation   total 109248K, used 109248K [0x00000007a0000000, 0x00000007a8000000, 0x00000007a8000000)
  eden space 87424K, 100% used [0x00000007a0000000, 0x00000007a5560000, 0x00000007a5560000)
  from space 21824K, 100% used [0x00000007a6ab0000, 0x00000007a8000000, 0x00000007a8000000)
  to   space 21824K,   0% used [0x00000007a5560000, 0x00000007a5560000, 0x00000007a6ab0000)
 concurrent mark-sweep generation total 393216K, used 142970K [0x00000007a8000000, 0x00000007c0000000, 0x00000007c0000000)
 Metaspace       used 40102K, capacity 40698K, committed 41168K, reserved 1085440K
  class space    used 4590K, capacity 4778K, committed 4860K, reserved 1048576K
2016-10-24T04:45:22.979+0800: 3497.035: [GC (Allocation Failure) 2016-10-24T04:45:22.979+0800: 3497.036: [ParNew
Desired survivor size 20112992 bytes, new threshold 5 (max 8)
- age   1:    9741176 bytes,    9741176 total
- age   2:    3734688 bytes,   13475864 total
- age   3:    2330192 bytes,   15806056 total
- age   4:    1692984 bytes,   17499040 total
- age   5:    2702776 bytes,   20201816 total
: 109248K->21824K(109248K), 0.0108752 secs] 252218K->174264K(502464K), 0.0109321 secs] [Times: user=0.04 sys=0.00, real=0.02 secs] 
Heap after GC invocations=266 (full 13):
 par new generation   total 109248K, used 21824K [0x00000007a0000000, 0x00000007a8000000, 0x00000007a8000000)
  eden space 87424K,   0% used [0x00000007a0000000, 0x00000007a0000000, 0x00000007a5560000)
  from space 21824K, 100% used [0x00000007a5560000, 0x00000007a6ab0000, 0x00000007a6ab0000)
  to   space 21824K,   0% used [0x00000007a6ab0000, 0x00000007a6ab0000, 0x00000007a8000000)
 concurrent mark-sweep generation total 393216K, used 152440K [0x00000007a8000000, 0x00000007c0000000, 0x00000007c0000000)
 Metaspace       used 40102K, capacity 40698K, committed 41168K, reserved 1085440K
  class space    used 4590K, capacity 4778K, committed 4860K, reserved 1048576K
}
2016-10-24T04:45:22.990+0800: 3497.046: Total time for which application threads were stopped: 0.0111078 seconds, Stopping threads took: 0.0000200 seconds
{Heap before GC invocations=266 (full 13):
 par new generation   total 109248K, used 109248K [0x00000007a0000000, 0x00000007a8000000, 0x00000007a8000000)
  eden space 87424K, 100% used [0x00000007a0000000, 0x00000007a5560000, 0x00000007a5560000)
  from space 21824K, 100% used [0x00000007a5560000, 0x00000007a6ab0000, 0x00000007a6ab0000)
  to   space 21824K,   0% used [0x00000007a6ab0000, 0x00000007a6ab0000, 0x00000007a8000000)
 concurrent mark-sweep generation total 393216K, used 152440K [0x00000007a8000000, 0x00000007c0000000, 0x00000007c0000000)
 Metaspace       used 40102K, capacity 40698K, committed 41168K, reserved 1085440K
  class space    used 4590K, capacity 4778K, committed 4860K, reserved 1048576K
2016-10-24T04:45:23.302+0800: 3497.359: [GC (Allocation Failure) 2016-10-24T04:45:23.302+0800: 3497.359: [ParNew
Desired survivor size 20112992 bytes, new threshold 8 (max 8)
- age   1:   11163504 bytes,   11163504 total
- age   2:    2792336 bytes,   13955840 total
- age   3:    2550880 bytes,   16506720 total
- age   4:     688104 bytes,   17194824 total
- age   5:     697816 bytes,   17892640 total
: 109248K->21824K(109248K), 0.0120927 secs] 261688K->185445K(502464K), 0.0121462 secs] [Times: user=0.04 sys=0.00, real=0.01 secs] 
Heap after GC invocations=267 (full 13):
 par new generation   total 109248K, used 21824K [0x00000007a0000000, 0x00000007a8000000, 0x00000007a8000000)
  eden space 87424K,   0% used [0x00000007a0000000, 0x00000007a0000000, 0x00000007a5560000)
  from space 21824K, 100% used [0x00000007a6ab0000, 0x00000007a8000000, 0x00000007a8000000)
  to   space 21824K,   0% used [0x00000007a5560000, 0x00000007a5560000, 0x00000007a6ab0000)
 concurrent mark-sweep generation total 393216K, used 163621K [0x00000007a8000000, 0x00000007c0000000, 0x00000007c0000000)
 Metaspace       used 40102K, capacity 40698K, committed 41168K, reserved 1085440K
  class space    used 4590K, capacity 4778K, committed 4860K, reserved 1048576K
}
2016-10-24T04:45:23.314+0800: 3497.371: Total time for which application threads were stopped: 0.0123339 seconds, Stopping threads took: 0.0000213 seconds
{Heap before GC invocations=267 (full 13):
 par new generation   total 109248K, used 109248K [0x00000007a0000000, 0x00000007a8000000, 0x00000007a8000000)
  eden space 87424K, 100% used [0x00000007a0000000, 0x00000007a5560000, 0x00000007a5560000)
  from space 21824K, 100% used [0x00000007a6ab0000, 0x00000007a8000000, 0x00000007a8000000)
  to   space 21824K,   0% used [0x00000007a5560000, 0x00000007a5560000, 0x00000007a6ab0000)
 concurrent mark-sweep generation total 393216K, used 163621K [0x00000007a8000000, 0x00000007c0000000, 0x00000007c0000000)
 Metaspace       used 40102K, capacity 40698K, committed 41168K, reserved 1085440K
  class space    used 4590K, capacity 4778K, committed 4860K, reserved 1048576K
2016-10-24T04:45:23.624+0800: 3497.680: [GC (Allocation Failure) 2016-10-24T04:45:23.624+0800: 3497.680: [ParNew
Desired survivor size 20112992 bytes, new threshold 4 (max 8)
- age   1:   13799648 bytes,   13799648 total
- age   2:    2183928 bytes,   15983576 total
- age   3:    2346216 bytes,   18329792 total
- age   4:    2349440 bytes,   20679232 total
- age   5:     530368 bytes,   21209600 total
- age   6:     555264 bytes,   21764864 total
: 109248K->21824K(109248K), 0.0110651 secs] 272869K->190614K(502464K), 0.0111292 secs] [Times: user=0.04 sys=0.00, real=0.01 secs] 
Heap after GC invocations=268 (full 13):
 par new generation   total 109248K, used 21824K [0x00000007a0000000, 0x00000007a8000000, 0x00000007a8000000)
  eden space 87424K,   0% used [0x00000007a0000000, 0x00000007a0000000, 0x00000007a5560000)
  from space 21824K, 100% used [0x00000007a5560000, 0x00000007a6ab0000, 0x00000007a6ab0000)
  to   space 21824K,   0% used [0x00000007a6ab0000, 0x00000007a6ab0000, 0x00000007a8000000)
 concurrent mark-sweep generation total 393216K, used 168790K [0x00000007a8000000, 0x00000007c0000000, 0x00000007c0000000)
 Metaspace       used 40102K, capacity 40698K, committed 41168K, reserved 1085440K
  class space    used 4590K, capacity 4778K, committed 4860K, reserved 1048576K
}
2016-10-24T04:45:23.635+0800: 3497.692: Total time for which application threads were stopped: 0.0113136 seconds, Stopping threads took: 0.0000205 seconds
{Heap before GC invocations=268 (full 13):
 par new generation   total 109248K, used 109248K [0x00000007a0000000, 0x00000007a8000000, 0x00000007a8000000)
  eden space 87424K, 100% used [0x00000007a0000000, 0x00000007a5560000, 0x00000007a5560000)
  from space 21824K, 100% used [0x00000007a5560000, 0x00000007a6ab0000, 0x00000007a6ab0000)
  to   space 21824K,   0% used [0x00000007a6ab0000, 0x00000007a6ab0000, 0x00000007a8000000)
 concurrent mark-sweep generation total 393216K, used 168790K [0x00000007a8000000, 0x00000007c0000000, 0x00000007c0000000)
 Metaspace       used 40102K, capacity 40698K, committed 41168K, reserved 1085440K
  class space    used 4590K, capacity 4778K, committed 4860K, reserved 1048576K
2016-10-24T04:45:23.933+0800: 3497.990: [GC (Allocation Failure) 2016-10-24T04:45:23.933+0800: 3497.990: [ParNew
Desired survivor size 20112992 bytes, new threshold 8 (max 8)
- age   1:    9949216 bytes,    9949216 total
- age   2:    4075304 bytes,   14024520 total
- age   3:    2183592 bytes,   16208112 total
- age   4:    2346112 bytes,   18554224 total
: 109248K->21824K(109248K), 0.0113481 secs] 278038K->201358K(502464K), 0.0114242 secs] [Times: user=0.04 sys=0.00, real=0.01 secs] 
Heap after GC invocations=269 (full 13):
 par new generation   total 109248K, used 21824K [0x00000007a0000000, 0x00000007a8000000, 0x00000007a8000000)
  eden space 87424K,   0% used [0x00000007a0000000, 0x00000007a0000000, 0x00000007a5560000)
  from space 21824K, 100% used [0x00000007a6ab0000, 0x00000007a8000000, 0x00000007a8000000)
  to   space 21824K,   0% used [0x00000007a5560000, 0x00000007a5560000, 0x00000007a6ab0000)
 concurrent mark-sweep generation total 393216K, used 179534K [0x00000007a8000000, 0x00000007c0000000, 0x00000007c0000000)
 Metaspace       used 40102K, capacity 40698K, committed 41168K, reserved 1085440K
  class space    used 4590K, capacity 4778K, committed 4860K, reserved 1048576K
}
2016-10-24T04:45:23.944+0800: 3498.001: Total time for which application threads were stopped: 0.0116224 seconds, Stopping threads took: 0.0000316 seconds
{Heap before GC invocations=269 (full 13):
 par new generation   total 109248K, used 109248K [0x00000007a0000000, 0x00000007a8000000, 0x00000007a8000000)
  eden space 87424K, 100% used [0x00000007a0000000, 0x00000007a5560000, 0x00000007a5560000)
  from space 21824K, 100% used [0x00000007a6ab0000, 0x00000007a8000000, 0x00000007a8000000)
  to   space 21824K,   0% used [0x00000007a5560000, 0x00000007a5560000, 0x00000007a6ab0000)
 concurrent mark-sweep generation total 393216K, used 179534K [0x00000007a8000000, 0x00000007c0000000, 0x00000007c0000000)
 Metaspace       used 40102K, capacity 40698K, committed 41168K, reserved 1085440K
  class space    used 4590K, capacity 4778K, committed 4860K, reserved 1048576K
2016-10-24T04:45:24.233+0800: 3498.290: [GC (Allocation Failure) 2016-10-24T04:45:24.233+0800: 3498.290: [ParNew
Desired survivor size 20112992 bytes, new threshold 8 (max 8)
- age   1:    6791896 bytes,    6791896 total
- age   2:    4685960 bytes,   11477856 total
- age   3:    3912528 bytes,   15390384 total
- age   4:    2181048 bytes,   17571432 total
- age   5:    2344544 bytes,   19915976 total
: 109248K->21824K(109248K), 0.0107956 secs] 288782K->212007K(502464K), 0.0108528 secs] [Times: user=0.04 sys=0.00, real=0.01 secs] 
Heap after GC invocations=270 (full 13):
 par new generation   total 109248K, used 21824K [0x00000007a0000000, 0x00000007a8000000, 0x00000007a8000000)
  eden space 87424K,   0% used [0x00000007a0000000, 0x00000007a0000000, 0x00000007a5560000)
  from space 21824K, 100% used [0x00000007a5560000, 0x00000007a6ab0000, 0x00000007a6ab0000)
  to   space 21824K,   0% used [0x00000007a6ab0000, 0x00000007a6ab0000, 0x00000007a8000000)
 concurrent mark-sweep generation total 393216K, used 190183K [0x00000007a8000000, 0x00000007c0000000, 0x00000007c0000000)
 Metaspace       used 40102K, capacity 40698K, committed 41168K, reserved 1085440K
  class space    used 4590K, capacity 4778K, committed 4860K, reserved 1048576K
}
2016-10-24T04:45:24.244+0800: 3498.301: Total time for which application threads were stopped: 0.0110451 seconds, Stopping threads took: 0.0000320 seconds
{Heap before GC invocations=270 (full 13):
 par new generation   total 109248K, used 109248K [0x00000007a0000000, 0x00000007a8000000, 0x00000007a8000000)
  eden space 87424K, 100% used [0x00000007a0000000, 0x00000007a5560000, 0x00000007a5560000)
  from space 21824K, 100% used [0x00000007a5560000, 0x00000007a6ab0000, 0x00000007a6ab0000)
  to   space 21824K,   0% used [0x00000007a6ab0000, 0x00000007a6ab0000, 0x00000007a8000000)
 concurrent mark-sweep generation total 393216K, used 190183K [0x00000007a8000000, 0x00000007c0000000, 0x00000007c0000000)
 Metaspace       used 40102K, capacity 40698K, committed 41168K, reserved 1085440K
  class space    used 4590K, capacity 4778K, committed 4860K, reserved 1048576K
2016-10-24T04:45:24.568+0800: 3498.625: [GC (Allocation Failure) 2016-10-24T04:45:24.569+0800: 3498.625: [ParNew
Desired survivor size 20112992 bytes, new threshold 8 (max 8)
- age   1:    7662040 bytes,    7662040 total
- age   2:    2562376 bytes,   10224416 total
- age   3:    2792712 bytes,   13017128 total
- age   4:    2348704 bytes,   15365832 total
- age   5:    2025296 bytes,   17391128 total
- age   6:    2025616 bytes,   19416744 total
: 109248K->21824K(109248K), 0.0128865 secs] 299431K->237719K(502464K), 0.0129526 secs] [Times: user=0.04 sys=0.00, real=0.02 secs] 
Heap after GC invocations=271 (full 13):
 par new generation   total 109248K, used 21824K [0x00000007a0000000, 0x00000007a8000000, 0x00000007a8000000)
  eden space 87424K,   0% used [0x00000007a0000000, 0x00000007a0000000, 0x00000007a5560000)
  from space 21824K, 100% used [0x00000007a6ab0000, 0x00000007a8000000, 0x00000007a8000000)
  to   space 21824K,   0% used [0x00000007a5560000, 0x00000007a5560000, 0x00000007a6ab0000)
 concurrent mark-sweep generation total 393216K, used 215895K [0x00000007a8000000, 0x00000007c0000000, 0x00000007c0000000)
 Metaspace       used 40102K, capacity 40698K, committed 41168K, reserved 1085440K
  class space    used 4590K, capacity 4778K, committed 4860K, reserved 1048576K
}
2016-10-24T04:45:24.581+0800: 3498.638: Total time for which application threads were stopped: 0.0131591 seconds, Stopping threads took: 0.0000246 seconds
2016-10-24T04:45:24.582+0800: 3498.638: [GC (CMS Initial Mark) [1 CMS-initial-mark: 215895K(393216K)] 239452K(502464K), 0.0035934 secs] [Times: user=0.01 sys=0.00, real=0.00 secs] 
2016-10-24T04:45:24.585+0800: 3498.642: Total time for which application threads were stopped: 0.0038072 seconds, Stopping threads took: 0.0001032 seconds
2016-10-24T04:45:24.585+0800: 3498.642: [CMS-concurrent-mark-start]
2016-10-24T04:45:24.602+0800: 3498.659: [CMS-concurrent-mark: 0.017/0.017 secs] [Times: user=0.08 sys=0.00, real=0.02 secs] 
2016-10-24T04:45:24.602+0800: 3498.659: [CMS-concurrent-preclean-start]
2016-10-24T04:45:24.604+0800: 3498.660: [CMS-concurrent-preclean: 0.001/0.001 secs] [Times: user=0.01 sys=0.00, real=0.00 secs] 
2016-10-24T04:45:24.604+0800: 3498.660: [CMS-concurrent-abortable-preclean-start]
2016-10-24T04:45:24.743+0800: 3498.800: [CMS-concurrent-abortable-preclean: 0.140/0.140 secs] [Times: user=0.28 sys=0.01, real=0.14 secs] 
2016-10-24T04:45:24.744+0800: 3498.800: [GC (CMS Final Remark) [YG occupancy: 68958 K (109248 K)]{Heap before GC invocations=271 (full 14):
 par new generation   total 109248K, used 68958K [0x00000007a0000000, 0x00000007a8000000, 0x00000007a8000000)
  eden space 87424K,  53% used [0x00000007a0000000, 0x00000007a2e07ab8, 0x00000007a5560000)
  from space 21824K, 100% used [0x00000007a6ab0000, 0x00000007a8000000, 0x00000007a8000000)
  to   space 21824K,   0% used [0x00000007a5560000, 0x00000007a5560000, 0x00000007a6ab0000)
 concurrent mark-sweep generation total 393216K, used 215895K [0x00000007a8000000, 0x00000007c0000000, 0x00000007c0000000)
 Metaspace       used 40102K, capacity 40698K, committed 41168K, reserved 1085440K
  class space    used 4590K, capacity 4778K, committed 4860K, reserved 1048576K
2016-10-24T04:45:24.744+0800: 3498.800: [GC (CMS Final Remark) 2016-10-24T04:45:24.744+0800: 3498.800: [ParNew
Desired survivor size 20112992 bytes, new threshold 7 (max 8)
- age   1:    4929704 bytes,    4929704 total
- age   2:    5705712 bytes,   10635416 total
- age   3:    1213720 bytes,   11849136 total
- age   4:    2547936 bytes,   14397072 total
- age   5:    2217576 bytes,   16614648 total
- age   6:    1931104 bytes,   18545752 total
- age   7:    1969856 bytes,   20515608 total
: 68958K->21824K(109248K), 0.0104443 secs] 284854K->240725K(502464K), 0.0104922 secs] [Times: user=0.03 sys=0.00, real=0.01 secs] 
Heap after GC invocations=272 (full 14):
 par new generation   total 109248K, used 21824K [0x00000007a0000000, 0x00000007a8000000, 0x00000007a8000000)
  eden space 87424K,   0% used [0x00000007a0000000, 0x00000007a0000000, 0x00000007a5560000)
  from space 21824K, 100% used [0x00000007a5560000, 0x00000007a6ab0000, 0x00000007a6ab0000)
  to   space 21824K,   0% used [0x00000007a6ab0000, 0x00000007a6ab0000, 0x00000007a8000000)
 concurrent mark-sweep generation total 393216K, used 218901K [0x00000007a8000000, 0x00000007c0000000, 0x00000007c0000000)
 Metaspace       used 40102K, capacity 40698K, committed 41168K, reserved 1085440K
  class space    used 4590K, capacity 4778K, committed 4860K, reserved 1048576K
}
2016-10-24T04:45:24.754+0800: 3498.811: [Rescan (parallel) , 0.0043584 secs]2016-10-24T04:45:24.759+0800: 3498.815: [weak refs processing, 0.0008656 secs]2016-10-24T04:45:24.760+0800: 3498.816: [class unloading, 0.0106537 secs]2016-10-24T04:45:24.770+0800: 3498.827: [scrub symbol table, 0.0058352 secs]2016-10-24T04:45:24.776+0800: 3498.833: [scrub string table, 0.0005621 secs][1 CMS-remark: 218901K(393216K)] 240725K(502464K), 0.0329974 secs] [Times: user=0.07 sys=0.00, real=0.03 secs] 
2016-10-24T04:45:24.777+0800: 3498.833: Total time for which application threads were stopped: 0.0332212 seconds, Stopping threads took: 0.0000895 seconds
2016-10-24T04:45:24.777+0800: 3498.834: [CMS-concurrent-sweep-start]
2016-10-24T04:45:24.821+0800: 3498.878: [CMS-concurrent-sweep: 0.044/0.044 secs] [Times: user=0.08 sys=0.00, real=0.05 secs] 
2016-10-24T04:45:24.821+0800: 3498.878: [CMS-concurrent-reset-start]
2016-10-24T04:45:24.821+0800: 3498.878: [CMS-concurrent-reset: 0.000/0.000 secs] [Times: user=0.01 sys=0.00, real=0.00 secs] 
{Heap before GC invocations=272 (full 14):
 par new generation   total 109248K, used 109248K [0x00000007a0000000, 0x00000007a8000000, 0x00000007a8000000)
  eden space 87424K, 100% used [0x00000007a0000000, 0x00000007a5560000, 0x00000007a5560000)
  from space 21824K, 100% used [0x00000007a5560000, 0x00000007a6ab0000, 0x00000007a6ab0000)
  to   space 21824K,   0% used [0x00000007a6ab0000, 0x00000007a6ab0000, 0x00000007a8000000)
 concurrent mark-sweep generation total 393216K, used 86006K [0x00000007a8000000, 0x00000007c0000000, 0x00000007c0000000)
 Metaspace       used 40102K, capacity 40698K, committed 41168K, reserved 1085440K
  class space    used 4590K, capacity 4778K, committed 4860K, reserved 1048576K
2016-10-24T04:45:25.050+0800: 3499.107: [GC (Allocation Failure) 2016-10-24T04:45:25.050+0800: 3499.107: [ParNew
Desired survivor size 20112992 bytes, new threshold 8 (max 8)
- age   1:    9174712 bytes,    9174712 total
- age   2:    1870240 bytes,   11044952 total
- age   3:    1207896 bytes,   12252848 total
- age   4:     780312 bytes,   13033160 total
- age   5:    2291696 bytes,   15324856 total
- age   6:    2020656 bytes,   17345512 total
- age   7:    1760416 bytes,   19105928 total
: 109248K->21824K(109248K), 0.0138402 secs] 195254K->125295K(502464K), 0.0139167 secs] [Times: user=0.05 sys=0.00, real=0.01 secs] 
Heap after GC invocations=273 (full 14):
 par new generation   total 109248K, used 21824K [0x00000007a0000000, 0x00000007a8000000, 0x00000007a8000000)
  eden space 87424K,   0% used [0x00000007a0000000, 0x00000007a0000000, 0x00000007a5560000)
  from space 21824K, 100% used [0x00000007a6ab0000, 0x00000007a8000000, 0x00000007a8000000)
  to   space 21824K,   0% used [0x00000007a5560000, 0x00000007a5560000, 0x00000007a6ab0000)
 concurrent mark-sweep generation total 393216K, used 103471K [0x00000007a8000000, 0x00000007c0000000, 0x00000007c0000000)
 Metaspace       used 40102K, capacity 40698K, committed 41168K, reserved 1085440K
  class space    used 4590K, capacity 4778K, committed 4860K, reserved 1048576K
}
2016-10-24T04:45:25.064+0800: 3499.121: Total time for which application threads were stopped: 0.0141497 seconds, Stopping threads took: 0.0000253 seconds
{Heap before GC invocations=273 (full 14):
 par new generation   total 109248K, used 108256K [0x00000007a0000000, 0x00000007a8000000, 0x00000007a8000000)
  eden space 87424K,  98% used [0x00000007a0000000, 0x00000007a5468198, 0x00000007a5560000)
  from space 21824K, 100% used [0x00000007a6ab0000, 0x00000007a8000000, 0x00000007a8000000)
  to   space 21824K,   0% used [0x00000007a5560000, 0x00000007a5560000, 0x00000007a6ab0000)
 concurrent mark-sweep generation total 393216K, used 103471K [0x00000007a8000000, 0x00000007c0000000, 0x00000007c0000000)
 Metaspace       used 40102K, capacity 40698K, committed 41168K, reserved 1085440K
  class space    used 4590K, capacity 4778K, committed 4860K, reserved 1048576K
2016-10-24T04:45:25.342+0800: 3499.399: [GC (Allocation Failure) 2016-10-24T04:45:25.342+0800: 3499.399: [ParNew
Desired survivor size 20112992 bytes, new threshold 8 (max 8)
- age   1:    6262552 bytes,    6262552 total
- age   2:    3469112 bytes,    9731664 total
- age   3:    1276224 bytes,   11007888 total
- age   4:    1163528 bytes,   12171416 total
- age   5:     736272 bytes,   12907688 total
- age   6:    2243040 bytes,   15150728 total
- age   7:    1994488 bytes,   17145216 total
- age   8:    1735152 bytes,   18880368 total
: 108256K->21824K(109248K), 0.0104141 secs] 211727K->136004K(502464K), 0.0104791 secs] [Times: user=0.04 sys=0.00, real=0.01 secs] 
Heap after GC invocations=274 (full 14):
 par new generation   total 109248K, used 21824K [0x00000007a0000000, 0x00000007a8000000, 0x00000007a8000000)
  eden space 87424K,   0% used [0x00000007a0000000, 0x00000007a0000000, 0x00000007a5560000)
  from space 21824K, 100% used [0x00000007a5560000, 0x00000007a6ab0000, 0x00000007a6ab0000)
  to   space 21824K,   0% used [0x00000007a6ab0000, 0x00000007a6ab0000, 0x00000007a8000000)
 concurrent mark-sweep generation total 393216K, used 114180K [0x00000007a8000000, 0x00000007c0000000, 0x00000007c0000000)
 Metaspace       used 40102K, capacity 40698K, committed 41168K, reserved 1085440K
  class space    used 4590K, capacity 4778K, committed 4860K, reserved 1048576K
}
2016-10-24T04:45:25.352+0800: 3499.409: Total time for which application threads were stopped: 0.0106619 seconds, Stopping threads took: 0.0000298 seconds
{Heap before GC invocations=274 (full 14):
 par new generation   total 109248K, used 109248K [0x00000007a0000000, 0x00000007a8000000, 0x00000007a8000000)
  eden space 87424K, 100% used [0x00000007a0000000, 0x00000007a5560000, 0x00000007a5560000)
  from space 21824K, 100% used [0x00000007a5560000, 0x00000007a6ab0000, 0x00000007a6ab0000)
  to   space 21824K,   0% used [0x00000007a6ab0000, 0x00000007a6ab0000, 0x00000007a8000000)
 concurrent mark-sweep generation total 393216K, used 114180K [0x00000007a8000000, 0x00000007c0000000, 0x00000007c0000000)
 Metaspace       used 40102K, capacity 40698K, committed 41168K, reserved 1085440K
  class space    used 4590K, capacity 4778K, committed 4860K, reserved 1048576K
2016-10-24T04:45:25.632+0800: 3499.689: [GC (Allocation Failure) 2016-10-24T04:45:25.632+0800: 3499.689: [ParNew
Desired survivor size 20112992 bytes, new threshold 8 (max 8)
- age   1:    6495224 bytes,    6495224 total
- age   2:    4899080 bytes,   11394304 total
- age   3:    1414544 bytes,   12808848 total
- age   4:    1256064 bytes,   14064912 total
- age   5:    1139200 bytes,   15204112 total
- age   6:     710008 bytes,   15914120 total
- age   7:    2209712 bytes,   18123832 total
- age   8:    1977104 bytes,   20100936 total
: 109248K->21824K(109248K), 0.0117362 secs] 223428K->147997K(502464K), 0.0118002 secs] [Times: user=0.05 sys=0.00, real=0.01 secs] 
Heap after GC invocations=275 (full 14):
 par new generation   total 109248K, used 21824K [0x00000007a0000000, 0x00000007a8000000, 0x00000007a8000000)
  eden space 87424K,   0% used [0x00000007a0000000, 0x00000007a0000000, 0x00000007a5560000)
  from space 21824K, 100% used [0x00000007a6ab0000, 0x00000007a8000000, 0x00000007a8000000)
  to   space 21824K,   0% used [0x00000007a5560000, 0x00000007a5560000, 0x00000007a6ab0000)
 concurrent mark-sweep generation total 393216K, used 126173K [0x00000007a8000000, 0x00000007c0000000, 0x00000007c0000000)
 Metaspace       used 40102K, capacity 40698K, committed 41168K, reserved 1085440K
  class space    used 4590K, capacity 4778K, committed 4860K, reserved 1048576K
}
2016-10-24T04:45:25.644+0800: 3499.700: Total time for which application threads were stopped: 0.0120060 seconds, Stopping threads took: 0.0000321 seconds
{Heap before GC invocations=275 (full 14):
 par new generation   total 109248K, used 109248K [0x00000007a0000000, 0x00000007a8000000, 0x00000007a8000000)
  eden space 87424K, 100% used [0x00000007a0000000, 0x00000007a5560000, 0x00000007a5560000)
  from space 21824K, 100% used [0x00000007a6ab0000, 0x00000007a8000000, 0x00000007a8000000)
  to   space 21824K,   0% used [0x00000007a5560000, 0x00000007a5560000, 0x00000007a6ab0000)
 concurrent mark-sweep generation total 393216K, used 126173K [0x00000007a8000000, 0x00000007c0000000, 0x00000007c0000000)
 Metaspace       used 40102K, capacity 40698K, committed 41168K, reserved 1085440K
  class space    used 4590K, capacity 4778K, committed 4860K, reserved 1048576K
2016-10-24T04:45:25.900+0800: 3499.957: [GC (Allocation Failure) 2016-10-24T04:45:25.900+0800: 3499.957: [ParNew
Desired survivor size 20112992 bytes, new threshold 8 (max 8)
- age   1:    5276424 bytes,    5276424 total
- age   2:    4508160 bytes,    9784584 total
- age   3:    4777176 bytes,   14561760 total
- age   4:    1261448 bytes,   15823208 total
- age   5:    1165936 bytes,   16989144 total
- age   6:    1017256 bytes,   18006400 total
- age   7:     561488 bytes,   18567888 total
- age   8:    2071016 bytes,   20638904 total
: 109248K->21824K(109248K), 0.0138499 secs] 235421K->154516K(502464K), 0.0139132 secs] [Times: user=0.05 sys=0.00, real=0.01 secs] 
Heap after GC invocations=276 (full 14):
 par new generation   total 109248K, used 21824K [0x00000007a0000000, 0x00000007a8000000, 0x00000007a8000000)
  eden space 87424K,   0% used [0x00000007a0000000, 0x00000007a0000000, 0x00000007a5560000)
  from space 21824K, 100% used [0x00000007a5560000, 0x00000007a6ab0000, 0x00000007a6ab0000)
  to   space 21824K,   0% used [0x00000007a6ab0000, 0x00000007a6ab0000, 0x00000007a8000000)
 concurrent mark-sweep generation total 393216K, used 132692K [0x00000007a8000000, 0x00000007c0000000, 0x00000007c0000000)
 Metaspace       used 40102K, capacity 40698K, committed 41168K, reserved 1085440K
  class space    used 4590K, capacity 4778K, committed 4860K, reserved 1048576K
}
2016-10-24T04:45:25.914+0800: 3499.971: Total time for which application threads were stopped: 0.0141193 seconds, Stopping threads took: 0.0000321 seconds
{Heap before GC invocations=276 (full 14):
 par new generation   total 109248K, used 109248K [0x00000007a0000000, 0x00000007a8000000, 0x00000007a8000000)
  eden space 87424K, 100% used [0x00000007a0000000, 0x00000007a5560000, 0x00000007a5560000)
  from space 21824K, 100% used [0x00000007a5560000, 0x00000007a6ab0000, 0x00000007a6ab0000)
  to   space 21824K,   0% used [0x00000007a6ab0000, 0x00000007a6ab0000, 0x00000007a8000000)
 concurrent mark-sweep generation total 393216K, used 132692K [0x00000007a8000000, 0x00000007c0000000, 0x00000007c0000000)
 Metaspace       used 40102K, capacity 40698K, committed 41168K, reserved 1085440K
  class space    used 4590K, capacity 4778K, committed 4860K, reserved 1048576K
2016-10-24T04:45:26.150+0800: 3500.207: [GC (Allocation Failure) 2016-10-24T04:45:26.150+0800: 3500.207: [ParNew
Desired survivor size 20112992 bytes, new threshold 7 (max 8)
- age   1:    5084752 bytes,    5084752 total
- age   2:    2967720 bytes,    8052472 total
- age   3:    4373536 bytes,   12426008 total
- age   4:    4678856 bytes,   17104864 total
- age   5:    1186720 bytes,   18291584 total
- age   6:    1122352 bytes,   19413936 total
- age   7:     941920 bytes,   20355856 total
- age   8:     482656 bytes,   20838512 total
: 109248K->21824K(109248K), 0.0144497 secs] 241940K->160643K(502464K), 0.0145151 secs] [Times: user=0.05 sys=0.01, real=0.01 secs] 
Heap after GC invocations=277 (full 14):
 par new generation   total 109248K, used 21824K [0x00000007a0000000, 0x00000007a8000000, 0x00000007a8000000)
  eden space 87424K,   0% used [0x00000007a0000000, 0x00000007a0000000, 0x00000007a5560000)
  from space 21824K, 100% used [0x00000007a6ab0000, 0x00000007a8000000, 0x00000007a8000000)
  to   space 21824K,   0% used [0x00000007a5560000, 0x00000007a5560000, 0x00000007a6ab0000)
 concurrent mark-sweep generation total 393216K, used 138819K [0x00000007a8000000, 0x00000007c0000000, 0x00000007c0000000)
 Metaspace       used 40102K, capacity 40698K, committed 41168K, reserved 1085440K
  class space    used 4590K, capacity 4778K, committed 4860K, reserved 1048576K
}
2016-10-24T04:45:26.165+0800: 3500.221: Total time for which application threads were stopped: 0.0147163 seconds, Stopping threads took: 0.0000319 seconds
2016-10-24T04:45:31.282+0800: 3505.339: Total time for which application threads were stopped: 0.0001189 seconds, Stopping threads took: 0.0000257 seconds
{Heap before GC invocations=277 (full 14):
 par new generation   total 109248K, used 109248K [0x00000007a0000000, 0x00000007a8000000, 0x00000007a8000000)
  eden space 87424K, 100% used [0x00000007a0000000, 0x00000007a5560000, 0x00000007a5560000)
  from space 21824K, 100% used [0x00000007a6ab0000, 0x00000007a8000000, 0x00000007a8000000)
  to   space 21824K,   0% used [0x00000007a5560000, 0x00000007a5560000, 0x00000007a6ab0000)
 concurrent mark-sweep generation total 393216K, used 138819K [0x00000007a8000000, 0x00000007c0000000, 0x00000007c0000000)
 Metaspace       used 40103K, capacity 40698K, committed 41168K, reserved 1085440K
  class space    used 4590K, capacity 4778K, committed 4860K, reserved 1048576K
2016-10-24T04:45:31.330+0800: 3505.387: [GC (Allocation Failure) 2016-10-24T04:45:31.330+0800: 3505.387: [ParNew
Desired survivor size 20112992 bytes, new threshold 8 (max 8)
- age   1:    2197512 bytes,    2197512 total
- age   2:    4430160 bytes,    6627672 total
- age   3:    2495744 bytes,    9123416 total
- age   4:    4193904 bytes,   13317320 total
- age   5:    4547016 bytes,   17864336 total
- age   6:    1125048 bytes,   18989384 total
- age   7:    1116968 bytes,   20106352 total
: 109248K->21824K(109248K), 0.0158417 secs] 248067K->164668K(502464K), 0.0159003 secs] [Times: user=0.06 sys=0.00, real=0.01 secs] 
Heap after GC invocations=278 (full 14):
 par new generation   total 109248K, used 21824K [0x00000007a0000000, 0x00000007a8000000, 0x00000007a8000000)
  eden space 87424K,   0% used [0x00000007a0000000, 0x00000007a0000000, 0x00000007a5560000)
  from space 21824K, 100% used [0x00000007a5560000, 0x00000007a6ab0000, 0x00000007a6ab0000)
  to   space 21824K,   0% used [0x00000007a6ab0000, 0x00000007a6ab0000, 0x00000007a8000000)
 concurrent mark-sweep generation total 393216K, used 142844K [0x00000007a8000000, 0x00000007c0000000, 0x00000007c0000000)
 Metaspace       used 40103K, capacity 40698K, committed 41168K, reserved 1085440K
  class space    used 4590K, capacity 4778K, committed 4860K, reserved 1048576K
}
2016-10-24T04:45:31.346+0800: 3505.403: Total time for which application threads were stopped: 0.0161031 seconds, Stopping threads took: 0.0000286 seconds
2016-10-24T04:45:31.363+0800: 3505.420: Total time for which application threads were stopped: 0.0001686 seconds, Stopping threads took: 0.0000384 seconds
2016-10-24T04:45:31.363+0800: 3505.420: Total time for which application threads were stopped: 0.0000590 seconds, Stopping threads took: 0.0000096 seconds
2016-10-24T04:45:32.367+0800: 3506.424: Total time for which application threads were stopped: 0.0002165 seconds, Stopping threads took: 0.0000959 seconds
{Heap before GC invocations=278 (full 14):
 par new generation   total 109248K, used 109248K [0x00000007a0000000, 0x00000007a8000000, 0x00000007a8000000)
  eden space 87424K, 100% used [0x00000007a0000000, 0x00000007a5560000, 0x00000007a5560000)
  from space 21824K, 100% used [0x00000007a5560000, 0x00000007a6ab0000, 0x00000007a6ab0000)
  to   space 21824K,   0% used [0x00000007a6ab0000, 0x00000007a6ab0000, 0x00000007a8000000)
 concurrent mark-sweep generation total 393216K, used 142844K [0x00000007a8000000, 0x00000007c0000000, 0x00000007c0000000)
 Metaspace       used 40103K, capacity 40698K, committed 41168K, reserved 1085440K
  class space    used 4590K, capacity 4778K, committed 4860K, reserved 1048576K
2016-10-24T04:45:32.389+0800: 3506.446: [GC (Allocation Failure) 2016-10-24T04:45:32.389+0800: 3506.446: [ParNew
Desired survivor size 20112992 bytes, new threshold 8 (max 8)
- age   1:     136296 bytes,     136296 total
- age   2:    2109192 bytes,    2245488 total
- age   3:    4357496 bytes,    6602984 total
- age   4:    2910456 bytes,    9513440 total
- age   5:    4632800 bytes,   14146240 total
- age   6:    3557472 bytes,   17703712 total
- age   7:    1463336 bytes,   19167048 total
- age   8:    1105704 bytes,   20272752 total
: 109248K->21824K(109248K), 0.0092207 secs] 252092K->166719K(502464K), 0.0092809 secs] [Times: user=0.04 sys=0.00, real=0.01 secs] 
Heap after GC invocations=279 (full 14):
 par new generation   total 109248K, used 21824K [0x00000007a0000000, 0x00000007a8000000, 0x00000007a8000000)
  eden space 87424K,   0% used [0x00000007a0000000, 0x00000007a0000000, 0x00000007a5560000)
  from space 21824K, 100% used [0x00000007a6ab0000, 0x00000007a8000000, 0x00000007a8000000)
  to   space 21824K,   0% used [0x00000007a5560000, 0x00000007a5560000, 0x00000007a6ab0000)
 concurrent mark-sweep generation total 393216K, used 144895K [0x00000007a8000000, 0x00000007c0000000, 0x00000007c0000000)
 Metaspace       used 40103K, capacity 40698K, committed 41168K, reserved 1085440K
  class space    used 4590K, capacity 4778K, committed 4860K, reserved 1048576K
}
2016-10-24T04:45:32.398+0800: 3506.455: Total time for which application threads were stopped: 0.0094692 seconds, Stopping threads took: 0.0000312 seconds
{Heap before GC invocations=279 (full 14):
 par new generation   total 109248K, used 109248K [0x00000007a0000000, 0x00000007a8000000, 0x00000007a8000000)
  eden space 87424K, 100% used [0x00000007a0000000, 0x00000007a5560000, 0x00000007a5560000)
  from space 21824K, 100% used [0x00000007a6ab0000, 0x00000007a8000000, 0x00000007a8000000)
  to   space 21824K,   0% used [0x00000007a5560000, 0x00000007a5560000, 0x00000007a6ab0000)
 concurrent mark-sweep generation total 393216K, used 144895K [0x00000007a8000000, 0x00000007c0000000, 0x00000007c0000000)
 Metaspace       used 40103K, capacity 40698K, committed 41168K, reserved 1085440K
  class space    used 4590K, capacity 4778K, committed 4860K, reserved 1048576K
2016-10-24T04:45:32.494+0800: 3506.551: [GC (Allocation Failure) 2016-10-24T04:45:32.494+0800: 3506.551: [ParNew
Desired survivor size 20112992 bytes, new threshold 8 (max 8)
- age   1:      93872 bytes,      93872 total
- age   2:      61440 bytes,     155312 total
- age   3:    2109216 bytes,    2264528 total
- age   4:    4359576 bytes,    6624104 total
- age   5:    2902136 bytes,    9526240 total
- age   6:    4630720 bytes,   14156960 total
- age   7:    3511712 bytes,   17668672 total
- age   8:    1098296 bytes,   18766968 total
: 109248K->21824K(109248K), 0.0093677 secs] 254143K->167806K(502464K), 0.0094244 secs] [Times: user=0.03 sys=0.00, real=0.01 secs] 
Heap after GC invocations=280 (full 14):
 par new generation   total 109248K, used 21824K [0x00000007a0000000, 0x00000007a8000000, 0x00000007a8000000)
  eden space 87424K,   0% used [0x00000007a0000000, 0x00000007a0000000, 0x00000007a5560000)
  from space 21824K, 100% used [0x00000007a5560000, 0x00000007a6ab0000, 0x00000007a6ab0000)
  to   space 21824K,   0% used [0x00000007a6ab0000, 0x00000007a6ab0000, 0x00000007a8000000)
 concurrent mark-sweep generation total 393216K, used 145982K [0x00000007a8000000, 0x00000007c0000000, 0x00000007c0000000)
 Metaspace       used 40103K, capacity 40698K, committed 41168K, reserved 1085440K
  class space    used 4590K, capacity 4778K, committed 4860K, reserved 1048576K
}
2016-10-24T04:45:32.503+0800: 3506.560: Total time for which application threads were stopped: 0.0096420 seconds, Stopping threads took: 0.0000305 seconds
{Heap before GC invocations=280 (full 14):
 par new generation   total 109248K, used 109248K [0x00000007a0000000, 0x00000007a8000000, 0x00000007a8000000)
  eden space 87424K, 100% used [0x00000007a0000000, 0x00000007a5560000, 0x00000007a5560000)
  from space 21824K, 100% used [0x00000007a5560000, 0x00000007a6ab0000, 0x00000007a6ab0000)
  to   space 21824K,   0% used [0x00000007a6ab0000, 0x00000007a6ab0000, 0x00000007a8000000)
 concurrent mark-sweep generation total 393216K, used 145982K [0x00000007a8000000, 0x00000007c0000000, 0x00000007c0000000)
 Metaspace       used 40103K, capacity 40698K, committed 41168K, reserved 1085440K
  class space    used 4590K, capacity 4778K, committed 4860K, reserved 1048576K
2016-10-24T04:45:32.646+0800: 3506.703: [GC (Allocation Failure) 2016-10-24T04:45:32.646+0800: 3506.703: [ParNew
Desired survivor size 20112992 bytes, new threshold 8 (max 8)
- age   1:     124000 bytes,     124000 total
- age   2:      10440 bytes,     134440 total
- age   3:      61440 bytes,     195880 total
- age   4:    2141976 bytes,    2337856 total
- age   5:    4359576 bytes,    6697432 total
- age   6:    2916696 bytes,    9614128 total
- age   7:    4217840 bytes,   13831968 total
- age   8:    2931392 bytes,   16763360 total
: 109248K->20466K(109248K), 0.0091604 secs] 255230K->167533K(502464K), 0.0092144 secs] [Times: user=0.03 sys=0.00, real=0.01 secs] 
Heap after GC invocations=281 (full 14):
 par new generation   total 109248K, used 20466K [0x00000007a0000000, 0x00000007a8000000, 0x00000007a8000000)
  eden space 87424K,   0% used [0x00000007a0000000, 0x00000007a0000000, 0x00000007a5560000)
  from space 21824K,  93% used [0x00000007a6ab0000, 0x00000007a7eac8c8, 0x00000007a8000000)
  to   space 21824K,   0% used [0x00000007a5560000, 0x00000007a5560000, 0x00000007a6ab0000)
 concurrent mark-sweep generation total 393216K, used 147067K [0x00000007a8000000, 0x00000007c0000000, 0x00000007c0000000)
 Metaspace       used 40103K, capacity 40698K, committed 41168K, reserved 1085440K
  class space    used 4590K, capacity 4778K, committed 4860K, reserved 1048576K
}
2016-10-24T04:45:32.655+0800: 3506.712: Total time for which application threads were stopped: 0.0093929 seconds, Stopping threads took: 0.0000311 seconds
{Heap before GC invocations=281 (full 14):
 par new generation   total 109248K, used 107890K [0x00000007a0000000, 0x00000007a8000000, 0x00000007a8000000)
  eden space 87424K, 100% used [0x00000007a0000000, 0x00000007a5560000, 0x00000007a5560000)
  from space 21824K,  93% used [0x00000007a6ab0000, 0x00000007a7eac8c8, 0x00000007a8000000)
  to   space 21824K,   0% used [0x00000007a5560000, 0x00000007a5560000, 0x00000007a6ab0000)
 concurrent mark-sweep generation total 393216K, used 147067K [0x00000007a8000000, 0x00000007c0000000, 0x00000007c0000000)
 Metaspace       used 40103K, capacity 40698K, committed 41168K, reserved 1085440K
  class space    used 4590K, capacity 4778K, committed 4860K, reserved 1048576K
2016-10-24T04:45:32.738+0800: 3506.795: [GC (Allocation Failure) 2016-10-24T04:45:32.738+0800: 3506.795: [ParNew
Desired survivor size 20112992 bytes, new threshold 8 (max 8)
- age   1:     197768 bytes,     197768 total
- age   2:      80656 bytes,     278424 total
- age   3:      10440 bytes,     288864 total
- age   4:      61440 bytes,     350304 total
- age   5:    2109192 bytes,    2459496 total
- age   6:    4337736 bytes,    6797232 total
- age   7:    2384216 bytes,    9181448 total
- age   8:    4104480 bytes,   13285928 total
: 107890K->18063K(109248K), 0.0086958 secs] 254957K->168008K(502464K), 0.0087660 secs] [Times: user=0.03 sys=0.00, real=0.01 secs] 
Heap after GC invocations=282 (full 14):
 par new generation   total 109248K, used 18063K [0x00000007a0000000, 0x00000007a8000000, 0x00000007a8000000)
  eden space 87424K,   0% used [0x00000007a0000000, 0x00000007a0000000, 0x00000007a5560000)
  from space 21824K,  82% used [0x00000007a5560000, 0x00000007a6703f70, 0x00000007a6ab0000)
  to   space 21824K,   0% used [0x00000007a6ab0000, 0x00000007a6ab0000, 0x00000007a8000000)
 concurrent mark-sweep generation total 393216K, used 149944K [0x00000007a8000000, 0x00000007c0000000, 0x00000007c0000000)
 Metaspace       used 40103K, capacity 40698K, committed 41168K, reserved 1085440K
  class space    used 4590K, capacity 4778K, committed 4860K, reserved 1048576K
}
2016-10-24T04:45:32.747+0800: 3506.803: Total time for which application threads were stopped: 0.0089482 seconds, Stopping threads took: 0.0000300 seconds
{Heap before GC invocations=282 (full 14):
 par new generation   total 109248K, used 105487K [0x00000007a0000000, 0x00000007a8000000, 0x00000007a8000000)
  eden space 87424K, 100% used [0x00000007a0000000, 0x00000007a5560000, 0x00000007a5560000)
  from space 21824K,  82% used [0x00000007a5560000, 0x00000007a6703f70, 0x00000007a6ab0000)
  to   space 21824K,   0% used [0x00000007a6ab0000, 0x00000007a6ab0000, 0x00000007a8000000)
 concurrent mark-sweep generation total 393216K, used 149944K [0x00000007a8000000, 0x00000007c0000000, 0x00000007c0000000)
 Metaspace       used 40103K, capacity 40698K, committed 41168K, reserved 1085440K
  class space    used 4590K, capacity 4778K, committed 4860K, reserved 1048576K
2016-10-24T04:45:32.848+0800: 3506.905: [GC (Allocation Failure) 2016-10-24T04:45:32.848+0800: 3506.905: [ParNew
Desired survivor size 20112992 bytes, new threshold 8 (max 8)
- age   1:     121768 bytes,     121768 total
- age   3:       3432 bytes,     125200 total
- age   4:      10440 bytes,     135640 total
- age   5:      61440 bytes,     197080 total
- age   6:    2109192 bytes,    2306272 total
- age   7:    4361656 bytes,    6667928 total
- age   8:    2767976 bytes,    9435904 total
: 105487K->9925K(109248K), 0.0080285 secs] 255432K->163896K(502464K), 0.0080950 secs] [Times: user=0.02 sys=0.01, real=0.01 secs] 
Heap after GC invocations=283 (full 14):
 par new generation   total 109248K, used 9925K [0x00000007a0000000, 0x00000007a8000000, 0x00000007a8000000)
  eden space 87424K,   0% used [0x00000007a0000000, 0x00000007a0000000, 0x00000007a5560000)
  from space 21824K,  45% used [0x00000007a6ab0000, 0x00000007a7461678, 0x00000007a8000000)
  to   space 21824K,   0% used [0x00000007a5560000, 0x00000007a5560000, 0x00000007a6ab0000)
 concurrent mark-sweep generation total 393216K, used 153971K [0x00000007a8000000, 0x00000007c0000000, 0x00000007c0000000)
 Metaspace       used 40103K, capacity 40698K, committed 41168K, reserved 1085440K
  class space    used 4590K, capacity 4778K, committed 4860K, reserved 1048576K
}
2016-10-24T04:45:32.857+0800: 3506.913: Total time for which application threads were stopped: 0.0082803 seconds, Stopping threads took: 0.0000218 seconds
{Heap before GC invocations=283 (full 14):
 par new generation   total 109248K, used 97349K [0x00000007a0000000, 0x00000007a8000000, 0x00000007a8000000)
  eden space 87424K, 100% used [0x00000007a0000000, 0x00000007a5560000, 0x00000007a5560000)
  from space 21824K,  45% used [0x00000007a6ab0000, 0x00000007a7461678, 0x00000007a8000000)
  to   space 21824K,   0% used [0x00000007a5560000, 0x00000007a5560000, 0x00000007a6ab0000)
 concurrent mark-sweep generation total 393216K, used 153971K [0x00000007a8000000, 0x00000007c0000000, 0x00000007c0000000)
 Metaspace       used 40103K, capacity 40698K, committed 41168K, reserved 1085440K
  class space    used 4590K, capacity 4778K, committed 4860K, reserved 1048576K
2016-10-24T04:45:32.940+0800: 3506.997: [GC (Allocation Failure) 2016-10-24T04:45:32.940+0800: 3506.997: [ParNew
Desired survivor size 20112992 bytes, new threshold 8 (max 8)
- age   1:      60320 bytes,      60320 total
- age   2:      76944 bytes,     137264 total
- age   4:       3432 bytes,     140696 total
- age   5:      10440 bytes,     151136 total
- age   6:      61440 bytes,     212576 total
- age   7:    2109192 bytes,    2321768 total
- age   8:    4359576 bytes,    6681344 total
: 97349K->9750K(109248K), 0.0077874 secs] 251320K->166078K(502464K), 0.0078406 secs] [Times: user=0.03 sys=0.00, real=0.00 secs] 
Heap after GC invocations=284 (full 14):
 par new generation   total 109248K, used 9750K [0x00000007a0000000, 0x00000007a8000000, 0x00000007a8000000)
  eden space 87424K,   0% used [0x00000007a0000000, 0x00000007a0000000, 0x00000007a5560000)
  from space 21824K,  44% used [0x00000007a5560000, 0x00000007a5ee5b68, 0x00000007a6ab0000)
  to   space 21824K,   0% used [0x00000007a6ab0000, 0x00000007a6ab0000, 0x00000007a8000000)
 concurrent mark-sweep generation total 393216K, used 156327K [0x00000007a8000000, 0x00000007c0000000, 0x00000007c0000000)
 Metaspace       used 40103K, capacity 40698K, committed 41168K, reserved 1085440K
  class space    used 4590K, capacity 4778K, committed 4860K, reserved 1048576K
}
2016-10-24T04:45:32.948+0800: 3507.005: Total time for which application threads were stopped: 0.0080287 seconds, Stopping threads took: 0.0000302 seconds
{Heap before GC invocations=284 (full 14):
 par new generation   total 109248K, used 97174K [0x00000007a0000000, 0x00000007a8000000, 0x00000007a8000000)
  eden space 87424K, 100% used [0x00000007a0000000, 0x00000007a5560000, 0x00000007a5560000)
  from space 21824K,  44% used [0x00000007a5560000, 0x00000007a5ee5b68, 0x00000007a6ab0000)
  to   space 21824K,   0% used [0x00000007a6ab0000, 0x00000007a6ab0000, 0x00000007a8000000)
 concurrent mark-sweep generation total 393216K, used 156327K [0x00000007a8000000, 0x00000007c0000000, 0x00000007c0000000)
 Metaspace       used 40103K, capacity 40698K, committed 41168K, reserved 1085440K
  class space    used 4590K, capacity 4778K, committed 4860K, reserved 1048576K
2016-10-24T04:45:33.063+0800: 3507.120: [GC (Allocation Failure) 2016-10-24T04:45:33.063+0800: 3507.120: [ParNew
Desired survivor size 20112992 bytes, new threshold 8 (max 8)
- age   1:      62192 bytes,      62192 total
- age   3:        224 bytes,      62416 total
- age   5:       3432 bytes,      65848 total
- age   6:      10440 bytes,      76288 total
- age   7:      61440 bytes,     137728 total
- age   8:    2109192 bytes,    2246920 total
: 97174K->3230K(109248K), 0.0067409 secs] 253502K->163774K(502464K), 0.0068212 secs] [Times: user=0.02 sys=0.00, real=0.01 secs] 
Heap after GC invocations=285 (full 14):
 par new generation   total 109248K, used 3230K [0x00000007a0000000, 0x00000007a8000000, 0x00000007a8000000)
  eden space 87424K,   0% used [0x00000007a0000000, 0x00000007a0000000, 0x00000007a5560000)
  from space 21824K,  14% used [0x00000007a6ab0000, 0x00000007a6dd79c0, 0x00000007a8000000)
  to   space 21824K,   0% used [0x00000007a5560000, 0x00000007a5560000, 0x00000007a6ab0000)
 concurrent mark-sweep generation total 393216K, used 160544K [0x00000007a8000000, 0x00000007c0000000, 0x00000007c0000000)
 Metaspace       used 40103K, capacity 40698K, committed 41168K, reserved 1085440K
  class space    used 4590K, capacity 4778K, committed 4860K, reserved 1048576K
}
2016-10-24T04:45:33.070+0800: 3507.127: Total time for which application threads were stopped: 0.0070102 seconds, Stopping threads took: 0.0000238 seconds
2016-10-24T04:45:33.095+0800: 3507.152: Total time for which application threads were stopped: 0.0000955 seconds, Stopping threads took: 0.0000179 seconds
2016-10-24T04:45:33.181+0800: 3507.238: Total time for which application threads were stopped: 0.0001193 seconds, Stopping threads took: 0.0000411 seconds
2016-10-24T04:45:33.181+0800: 3507.238: Total time for which application threads were stopped: 0.0000690 seconds, Stopping threads took: 0.0000251 seconds
2016-10-24T04:45:33.181+0800: 3507.238: Total time for which application threads were stopped: 0.0000641 seconds, Stopping threads took: 0.0000310 seconds
2016-10-24T04:45:33.181+0800: 3507.238: Total time for which application threads were stopped: 0.0001030 seconds, Stopping threads took: 0.0000271 seconds
2016-10-24T04:45:33.182+0800: 3507.239: Total time for which application threads were stopped: 0.0000758 seconds, Stopping threads took: 0.0000233 seconds
2016-10-24T04:45:34.182+0800: 3508.239: Total time for which application threads were stopped: 0.0001163 seconds, Stopping threads took: 0.0000235 seconds
2016-10-24T04:46:06.164+0800: 3540.222: Total time for which application threads were stopped: 0.0007333 seconds, Stopping threads took: 0.0000174 seconds
2016-10-24T04:46:06.171+0800: 3540.229: Total time for which application threads were stopped: 0.0001205 seconds, Stopping threads took: 0.0000336 seconds
2016-10-24T04:46:06.172+0800: 3540.230: Total time for which application threads were stopped: 0.0000526 seconds, Stopping threads took: 0.0000079 seconds
2016-10-24T04:46:06.174+0800: 3540.232: Total time for which application threads were stopped: 0.0000489 seconds, Stopping threads took: 0.0000087 seconds
2016-10-24T04:46:06.174+0800: 3540.232: Total time for which application threads were stopped: 0.0000718 seconds, Stopping threads took: 0.0000091 seconds
2016-10-24T04:46:06.174+0800: 3540.232: Total time for which application threads were stopped: 0.0000365 seconds, Stopping threads took: 0.0000065 seconds
2016-10-24T04:46:06.174+0800: 3540.232: Total time for which application threads were stopped: 0.0000581 seconds, Stopping threads took: 0.0000263 seconds
2016-10-24T04:46:06.174+0800: 3540.232: Total time for which application threads were stopped: 0.0000733 seconds, Stopping threads took: 0.0000463 seconds
2016-10-24T04:46:06.174+0800: 3540.232: Total time for which application threads were stopped: 0.0000309 seconds, Stopping threads took: 0.0000064 seconds
2016-10-24T04:46:06.174+0800: 3540.232: Total time for which application threads were stopped: 0.0000268 seconds, Stopping threads took: 0.0000058 seconds
2016-10-24T04:46:06.174+0800: 3540.232: Total time for which application threads were stopped: 0.0000255 seconds, Stopping threads took: 0.0000051 seconds
2016-10-24T04:46:06.175+0800: 3540.233: Total time for which application threads were stopped: 0.0000343 seconds, Stopping threads took: 0.0000057 seconds
2016-10-24T04:46:06.175+0800: 3540.233: Total time for which application threads were stopped: 0.0000663 seconds, Stopping threads took: 0.0000077 seconds
2016-10-24T04:46:06.175+0800: 3540.233: Total time for which application threads were stopped: 0.0000567 seconds, Stopping threads took: 0.0000075 seconds
2016-10-24T04:46:06.175+0800: 3540.233: Total time for which application threads were stopped: 0.0000372 seconds, Stopping threads took: 0.0000059 seconds
2016-10-24T04:46:06.176+0800: 3540.234: Total time for which application threads were stopped: 0.0000316 seconds, Stopping threads took: 0.0000054 seconds
2016-10-24T04:46:06.176+0800: 3540.234: Total time for which application threads were stopped: 0.0000295 seconds, Stopping threads took: 0.0000063 seconds
2016-10-24T04:46:06.176+0800: 3540.234: Total time for which application threads were stopped: 0.0000502 seconds, Stopping threads took: 0.0000077 seconds
2016-10-24T04:46:06.176+0800: 3540.234: Total time for which application threads were stopped: 0.0000481 seconds, Stopping threads took: 0.0000071 seconds
2016-10-24T04:46:06.176+0800: 3540.234: Total time for which application threads were stopped: 0.0000337 seconds, Stopping threads took: 0.0000058 seconds
2016-10-24T04:46:06.176+0800: 3540.234: Total time for which application threads were stopped: 0.0000298 seconds, Stopping threads took: 0.0000055 seconds
2016-10-24T04:46:06.176+0800: 3540.234: Total time for which application threads were stopped: 0.0000315 seconds, Stopping threads took: 0.0000055 seconds
2016-10-24T04:46:06.177+0800: 3540.235: Total time for which application threads were stopped: 0.0000827 seconds, Stopping threads took: 0.0000053 seconds
2016-10-24T04:46:06.177+0800: 3540.235: Total time for which application threads were stopped: 0.0000314 seconds, Stopping threads took: 0.0000055 seconds
2016-10-24T04:46:06.178+0800: 3540.236: Total time for which application threads were stopped: 0.0000470 seconds, Stopping threads took: 0.0000070 seconds
2016-10-24T04:46:06.180+0800: 3540.238: Total time for which application threads were stopped: 0.0000547 seconds, Stopping threads took: 0.0000214 seconds
2016-10-24T04:46:06.180+0800: 3540.238: Total time for which application threads were stopped: 0.0000347 seconds, Stopping threads took: 0.0000136 seconds
2016-10-24T04:46:06.180+0800: 3540.238: Total time for which application threads were stopped: 0.0000690 seconds, Stopping threads took: 0.0000289 seconds
2016-10-24T04:46:06.180+0800: 3540.238: Total time for which application threads were stopped: 0.0000399 seconds, Stopping threads took: 0.0000152 seconds
2016-10-24T04:46:06.180+0800: 3540.238: Total time for which application threads were stopped: 0.0000345 seconds, Stopping threads took: 0.0000060 seconds
2016-10-24T04:46:06.181+0800: 3540.239: Total time for which application threads were stopped: 0.0005471 seconds, Stopping threads took: 0.0000058 seconds
2016-10-24T04:46:06.181+0800: 3540.239: Total time for which application threads were stopped: 0.0000268 seconds, Stopping threads took: 0.0000064 seconds
Heap
 par new generation   total 109248K, used 36617K [0x00000007a0000000, 0x00000007a8000000, 0x00000007a8000000)
  eden space 87424K,  38% used [0x00000007a0000000, 0x00000007a209aae0, 0x00000007a5560000)
  from space 21824K,  14% used [0x00000007a6ab0000, 0x00000007a6dd79c0, 0x00000007a8000000)
  to   space 21824K,   0% used [0x00000007a5560000, 0x00000007a5560000, 0x00000007a6ab0000)
 concurrent mark-sweep generation total 393216K, used 160544K [0x00000007a8000000, 0x00000007c0000000, 0x00000007c0000000)
 Metaspace       used 40179K, capacity 40746K, committed 41168K, reserved 1085440K
  class space    used 4602K, capacity 4814K, committed 4860K, reserved 1048576K
