Java HotSpot(TM) 64-Bit Server VM (25.92-b14) for bsd-amd64 JRE (1.8.0_92-b14), built on Mar 31 2016 21:23:14 by "java_re" with gcc 4.2.1 (Based on Apple Inc. build 5658) (LLVM build 2336.11.00)
Memory: 4k page, physical 16777216k(488560k free)

/proc/meminfo:

CommandLine flags: -XX:CMSInitiatingOccupancyFraction=50 -XX:CMSMaxAbortablePrecleanTime=6000 -XX:+CMSParallelRemarkEnabled -XX:+CMSScavengeBeforeRemark -XX:ConcGCThreads=4 -XX:InitialHeapSize=536870912 -XX:MaxHeapSize=536870912 -XX:MaxTenuringThreshold=8 -XX:NewRatio=3 -XX:OldPLABSize=16 -XX:OnOutOfMemoryError=/Users/pparthasarathy/solr-6.2.1/bin/oom_solr.sh 8983 /Users/pparthasarathy/solr-6.2.1/example/techproducts/solr/../logs -XX:ParallelGCThreads=4 -XX:+ParallelRefProcEnabled -XX:PretenureSizeThreshold=67108864 -XX:+PrintGC -XX:+PrintGCApplicationStoppedTime -XX:+PrintGCDateStamps -XX:+PrintGCDetails -XX:+PrintGCTimeStamps -XX:+PrintHeapAtGC -XX:+PrintTenuringDistribution -XX:SurvivorRatio=4 -XX:TargetSurvivorRatio=90 -XX:ThreadStackSize=256 -XX:+UseCMSInitiatingOccupancyOnly -XX:+UseCompressedClassPointers -XX:+UseCompressedOops -XX:+UseConcMarkSweepGC -XX:+UseParNewGC 
2016-10-24T05:50:48.933+0800: 0.124: Total time for which application threads were stopped: 0.0000802 seconds, Stopping threads took: 0.0000118 seconds
2016-10-24T05:50:48.986+0800: 0.177: Total time for which application threads were stopped: 0.0001023 seconds, Stopping threads took: 0.0000117 seconds
2016-10-24T05:50:49.211+0800: 0.401: Total time for which application threads were stopped: 0.0001670 seconds, Stopping threads took: 0.0000222 seconds
2016-10-24T05:50:49.252+0800: 0.442: Total time for which application threads were stopped: 0.0002398 seconds, Stopping threads took: 0.0000232 seconds
2016-10-24T05:50:49.264+0800: 0.454: Total time for which application threads were stopped: 0.0001661 seconds, Stopping threads took: 0.0000166 seconds
2016-10-24T05:50:49.394+0800: 0.585: Total time for which application threads were stopped: 0.0001979 seconds, Stopping threads took: 0.0000139 seconds
2016-10-24T05:50:49.524+0800: 0.715: Total time for which application threads were stopped: 0.0002342 seconds, Stopping threads took: 0.0000222 seconds
2016-10-24T05:50:49.525+0800: 0.716: Total time for which application threads were stopped: 0.0000900 seconds, Stopping threads took: 0.0000074 seconds
2016-10-24T05:50:49.527+0800: 0.718: Total time for which application threads were stopped: 0.0000892 seconds, Stopping threads took: 0.0000077 seconds
2016-10-24T05:50:49.534+0800: 0.724: Total time for which application threads were stopped: 0.0001398 seconds, Stopping threads took: 0.0000095 seconds
2016-10-24T05:50:49.706+0800: 0.896: Total time for which application threads were stopped: 0.0002823 seconds, Stopping threads took: 0.0000313 seconds
{Heap before GC invocations=0 (full 0):
 par new generation   total 109248K, used 87424K [0x00000007a0000000, 0x00000007a8000000, 0x00000007a8000000)
  eden space 87424K, 100% used [0x00000007a0000000, 0x00000007a5560000, 0x00000007a5560000)
  from space 21824K,   0% used [0x00000007a5560000, 0x00000007a5560000, 0x00000007a6ab0000)
  to   space 21824K,   0% used [0x00000007a6ab0000, 0x00000007a6ab0000, 0x00000007a8000000)
 concurrent mark-sweep generation total 393216K, used 0K [0x00000007a8000000, 0x00000007c0000000, 0x00000007c0000000)
 Metaspace       used 17912K, capacity 18232K, committed 18688K, reserved 1064960K
  class space    used 2076K, capacity 2199K, committed 2304K, reserved 1048576K
2016-10-24T05:50:49.763+0800: 0.953: [GC (Allocation Failure) 2016-10-24T05:50:49.763+0800: 0.953: [ParNew
Desired survivor size 20112992 bytes, new threshold 8 (max 8)
- age   1:   11157112 bytes,   11157112 total
: 87424K->11003K(109248K), 0.0094804 secs] 87424K->11003K(502464K), 0.0095748 secs] [Times: user=0.02 sys=0.00, real=0.01 secs] 
Heap after GC invocations=1 (full 0):
 par new generation   total 109248K, used 11003K [0x00000007a0000000, 0x00000007a8000000, 0x00000007a8000000)
  eden space 87424K,   0% used [0x00000007a0000000, 0x00000007a0000000, 0x00000007a5560000)
  from space 21824K,  50% used [0x00000007a6ab0000, 0x00000007a756ed10, 0x00000007a8000000)
  to   space 21824K,   0% used [0x00000007a5560000, 0x00000007a5560000, 0x00000007a6ab0000)
 concurrent mark-sweep generation total 393216K, used 0K [0x00000007a8000000, 0x00000007c0000000, 0x00000007c0000000)
 Metaspace       used 17912K, capacity 18232K, committed 18688K, reserved 1064960K
  class space    used 2076K, capacity 2199K, committed 2304K, reserved 1048576K
}
2016-10-24T05:50:49.772+0800: 0.963: Total time for which application threads were stopped: 0.0097977 seconds, Stopping threads took: 0.0000190 seconds
2016-10-24T05:50:49.927+0800: 1.117: Total time for which application threads were stopped: 0.0003562 seconds, Stopping threads took: 0.0000182 seconds
2016-10-24T05:50:49.951+0800: 1.141: Total time for which application threads were stopped: 0.0002178 seconds, Stopping threads took: 0.0000123 seconds
2016-10-24T05:50:49.967+0800: 1.158: Total time for which application threads were stopped: 0.0002594 seconds, Stopping threads took: 0.0000123 seconds
2016-10-24T05:50:50.051+0800: 1.242: Total time for which application threads were stopped: 0.0001632 seconds, Stopping threads took: 0.0000154 seconds
2016-10-24T05:50:50.061+0800: 1.251: Total time for which application threads were stopped: 0.0000680 seconds, Stopping threads took: 0.0000103 seconds
2016-10-24T05:50:50.095+0800: 1.285: Total time for which application threads were stopped: 0.0001247 seconds, Stopping threads took: 0.0000425 seconds
{Heap before GC invocations=1 (full 0):
 par new generation   total 109248K, used 98427K [0x00000007a0000000, 0x00000007a8000000, 0x00000007a8000000)
  eden space 87424K, 100% used [0x00000007a0000000, 0x00000007a5560000, 0x00000007a5560000)
  from space 21824K,  50% used [0x00000007a6ab0000, 0x00000007a756ed10, 0x00000007a8000000)
  to   space 21824K,   0% used [0x00000007a5560000, 0x00000007a5560000, 0x00000007a6ab0000)
 concurrent mark-sweep generation total 393216K, used 0K [0x00000007a8000000, 0x00000007c0000000, 0x00000007c0000000)
 Metaspace       used 21475K, capacity 21840K, committed 22216K, reserved 1069056K
  class space    used 2545K, capacity 2681K, committed 2684K, reserved 1048576K
2016-10-24T05:50:50.100+0800: 1.290: [GC (Allocation Failure) 2016-10-24T05:50:50.100+0800: 1.290: [ParNew
Desired survivor size 20112992 bytes, new threshold 8 (max 8)
- age   1:    4923192 bytes,    4923192 total
- age   2:    5554128 bytes,   10477320 total
: 98427K->13752K(109248K), 0.0086791 secs] 98427K->13752K(502464K), 0.0087432 secs] [Times: user=0.02 sys=0.00, real=0.00 secs] 
Heap after GC invocations=2 (full 0):
 par new generation   total 109248K, used 13752K [0x00000007a0000000, 0x00000007a8000000, 0x00000007a8000000)
  eden space 87424K,   0% used [0x00000007a0000000, 0x00000007a0000000, 0x00000007a5560000)
  from space 21824K,  63% used [0x00000007a5560000, 0x00000007a62ce280, 0x00000007a6ab0000)
  to   space 21824K,   0% used [0x00000007a6ab0000, 0x00000007a6ab0000, 0x00000007a8000000)
 concurrent mark-sweep generation total 393216K, used 0K [0x00000007a8000000, 0x00000007c0000000, 0x00000007c0000000)
 Metaspace       used 21475K, capacity 21840K, committed 22216K, reserved 1069056K
  class space    used 2545K, capacity 2681K, committed 2684K, reserved 1048576K
}
2016-10-24T05:50:50.109+0800: 1.299: Total time for which application threads were stopped: 0.0088672 seconds, Stopping threads took: 0.0000125 seconds
2016-10-24T05:50:50.109+0800: 1.299: [GC (CMS Initial Mark) [1 CMS-initial-mark: 0K(393216K)] 14961K(502464K), 0.0018026 secs] [Times: user=0.01 sys=0.00, real=0.01 secs] 
2016-10-24T05:50:50.111+0800: 1.301: Total time for which application threads were stopped: 0.0019454 seconds, Stopping threads took: 0.0000608 seconds
2016-10-24T05:50:50.111+0800: 1.301: [CMS-concurrent-mark-start]
2016-10-24T05:50:50.111+0800: 1.301: [CMS-concurrent-mark: 0.000/0.000 secs] [Times: user=0.00 sys=0.00, real=0.00 secs] 
2016-10-24T05:50:50.111+0800: 1.301: [CMS-concurrent-preclean-start]
2016-10-24T05:50:50.112+0800: 1.302: [CMS-concurrent-preclean: 0.001/0.001 secs] [Times: user=0.00 sys=0.00, real=0.00 secs] 
2016-10-24T05:50:50.112+0800: 1.302: [GC (CMS Final Remark) [YG occupancy: 14961 K (109248 K)]{Heap before GC invocations=2 (full 1):
 par new generation   total 109248K, used 14961K [0x00000007a0000000, 0x00000007a8000000, 0x00000007a8000000)
  eden space 87424K,   1% used [0x00000007a0000000, 0x00000007a012e570, 0x00000007a5560000)
  from space 21824K,  63% used [0x00000007a5560000, 0x00000007a62ce280, 0x00000007a6ab0000)
  to   space 21824K,   0% used [0x00000007a6ab0000, 0x00000007a6ab0000, 0x00000007a8000000)
 concurrent mark-sweep generation total 393216K, used 0K [0x00000007a8000000, 0x00000007c0000000, 0x00000007c0000000)
 Metaspace       used 21475K, capacity 21840K, committed 22216K, reserved 1069056K
  class space    used 2545K, capacity 2681K, committed 2684K, reserved 1048576K
2016-10-24T05:50:50.112+0800: 1.302: [GC (CMS Final Remark) 2016-10-24T05:50:50.112+0800: 1.302: [ParNew
Desired survivor size 20112992 bytes, new threshold 8 (max 8)
- age   1:      28160 bytes,      28160 total
- age   2:    2424848 bytes,    2453008 total
- age   3:    5554184 bytes,    8007192 total
: 14961K->11111K(109248K), 0.0050894 secs] 14961K->11111K(502464K), 0.0051316 secs] [Times: user=0.01 sys=0.00, real=0.00 secs] 
Heap after GC invocations=3 (full 1):
 par new generation   total 109248K, used 11111K [0x00000007a0000000, 0x00000007a8000000, 0x00000007a8000000)
  eden space 87424K,   0% used [0x00000007a0000000, 0x00000007a0000000, 0x00000007a5560000)
  from space 21824K,  50% used [0x00000007a6ab0000, 0x00000007a7589f40, 0x00000007a8000000)
  to   space 21824K,   0% used [0x00000007a5560000, 0x00000007a5560000, 0x00000007a6ab0000)
 concurrent mark-sweep generation total 393216K, used 0K [0x00000007a8000000, 0x00000007c0000000, 0x00000007c0000000)
 Metaspace       used 21475K, capacity 21840K, committed 22216K, reserved 1069056K
  class space    used 2545K, capacity 2681K, committed 2684K, reserved 1048576K
}
2016-10-24T05:50:50.117+0800: 1.307: [Rescan (parallel) , 0.0015124 secs]2016-10-24T05:50:50.118+0800: 1.309: [weak refs processing, 0.0007863 secs]2016-10-24T05:50:50.119+0800: 1.310: [class unloading, 0.0027812 secs]2016-10-24T05:50:50.122+0800: 1.312: [scrub symbol table, 0.0025389 secs]2016-10-24T05:50:50.125+0800: 1.315: [scrub string table, 0.0002054 secs][1 CMS-remark: 0K(393216K)] 11111K(502464K), 0.0136220 secs] [Times: user=0.03 sys=0.00, real=0.01 secs] 
2016-10-24T05:50:50.125+0800: 1.316: Total time for which application threads were stopped: 0.0137060 seconds, Stopping threads took: 0.0000227 seconds
2016-10-24T05:50:50.125+0800: 1.316: [CMS-concurrent-sweep-start]
2016-10-24T05:50:50.125+0800: 1.316: [CMS-concurrent-sweep: 0.000/0.000 secs] [Times: user=0.00 sys=0.00, real=0.00 secs] 
2016-10-24T05:50:50.125+0800: 1.316: [CMS-concurrent-reset-start]
2016-10-24T05:50:50.128+0800: 1.319: [CMS-concurrent-reset: 0.003/0.003 secs] [Times: user=0.01 sys=0.00, real=0.00 secs] 
{Heap before GC invocations=3 (full 1):
 par new generation   total 109248K, used 98535K [0x00000007a0000000, 0x00000007a8000000, 0x00000007a8000000)
  eden space 87424K, 100% used [0x00000007a0000000, 0x00000007a5560000, 0x00000007a5560000)
  from space 21824K,  50% used [0x00000007a6ab0000, 0x00000007a7589f40, 0x00000007a8000000)
  to   space 21824K,   0% used [0x00000007a5560000, 0x00000007a5560000, 0x00000007a6ab0000)
 concurrent mark-sweep generation total 393216K, used 0K [0x00000007a8000000, 0x00000007c0000000, 0x00000007c0000000)
 Metaspace       used 21896K, capacity 22248K, committed 22600K, reserved 1069056K
  class space    used 2605K, capacity 2749K, committed 2812K, reserved 1048576K
2016-10-24T05:50:50.224+0800: 1.414: [GC (Allocation Failure) 2016-10-24T05:50:50.224+0800: 1.414: [ParNew
Desired survivor size 20112992 bytes, new threshold 8 (max 8)
- age   1:     628272 bytes,     628272 total
- age   2:       1312 bytes,     629584 total
- age   3:    1473872 bytes,    2103456 total
- age   4:    5551232 bytes,    7654688 total
: 98535K->9722K(109248K), 0.0061731 secs] 98535K->9722K(502464K), 0.0062596 secs] [Times: user=0.02 sys=0.00, real=0.01 secs] 
Heap after GC invocations=4 (full 1):
 par new generation   total 109248K, used 9722K [0x00000007a0000000, 0x00000007a8000000, 0x00000007a8000000)
  eden space 87424K,   0% used [0x00000007a0000000, 0x00000007a0000000, 0x00000007a5560000)
  from space 21824K,  44% used [0x00000007a5560000, 0x00000007a5edeaf8, 0x00000007a6ab0000)
  to   space 21824K,   0% used [0x00000007a6ab0000, 0x00000007a6ab0000, 0x00000007a8000000)
 concurrent mark-sweep generation total 393216K, used 0K [0x00000007a8000000, 0x00000007c0000000, 0x00000007c0000000)
 Metaspace       used 21896K, capacity 22248K, committed 22600K, reserved 1069056K
  class space    used 2605K, capacity 2749K, committed 2812K, reserved 1048576K
}
2016-10-24T05:50:50.230+0800: 1.421: Total time for which application threads were stopped: 0.0064683 seconds, Stopping threads took: 0.0000362 seconds
2016-10-24T05:50:50.292+0800: 1.482: Total time for which application threads were stopped: 0.0003507 seconds, Stopping threads took: 0.0000182 seconds
2016-10-24T05:50:50.331+0800: 1.521: Total time for which application threads were stopped: 0.0003287 seconds, Stopping threads took: 0.0000167 seconds
2016-10-24T05:50:50.443+0800: 1.634: Total time for which application threads were stopped: 0.0005373 seconds, Stopping threads took: 0.0000157 seconds
2016-10-24T05:50:50.451+0800: 1.641: Total time for which application threads were stopped: 0.0002162 seconds, Stopping threads took: 0.0000113 seconds
{Heap before GC invocations=4 (full 1):
 par new generation   total 109248K, used 97146K [0x00000007a0000000, 0x00000007a8000000, 0x00000007a8000000)
  eden space 87424K, 100% used [0x00000007a0000000, 0x00000007a5560000, 0x00000007a5560000)
  from space 21824K,  44% used [0x00000007a5560000, 0x00000007a5edeaf8, 0x00000007a6ab0000)
  to   space 21824K,   0% used [0x00000007a6ab0000, 0x00000007a6ab0000, 0x00000007a8000000)
 concurrent mark-sweep generation total 393216K, used 0K [0x00000007a8000000, 0x00000007c0000000, 0x00000007c0000000)
 Metaspace       used 26203K, capacity 26668K, committed 27132K, reserved 1073152K
  class space    used 3123K, capacity 3287K, committed 3324K, reserved 1048576K
2016-10-24T05:50:50.629+0800: 1.820: [GC (Allocation Failure) 2016-10-24T05:50:50.629+0800: 1.820: [ParNew
Desired survivor size 20112992 bytes, new threshold 8 (max 8)
- age   1:    5297096 bytes,    5297096 total
- age   2:     183984 bytes,    5481080 total
- age   3:       1288 bytes,    5482368 total
- age   4:     879080 bytes,    6361448 total
- age   5:    5544624 bytes,   11906072 total
: 97146K->14563K(109248K), 0.0078755 secs] 97146K->14563K(502464K), 0.0079331 secs] [Times: user=0.03 sys=0.00, real=0.01 secs] 
Heap after GC invocations=5 (full 1):
 par new generation   total 109248K, used 14563K [0x00000007a0000000, 0x00000007a8000000, 0x00000007a8000000)
  eden space 87424K,   0% used [0x00000007a0000000, 0x00000007a0000000, 0x00000007a5560000)
  from space 21824K,  66% used [0x00000007a6ab0000, 0x00000007a78e8c80, 0x00000007a8000000)
  to   space 21824K,   0% used [0x00000007a5560000, 0x00000007a5560000, 0x00000007a6ab0000)
 concurrent mark-sweep generation total 393216K, used 0K [0x00000007a8000000, 0x00000007c0000000, 0x00000007c0000000)
 Metaspace       used 26203K, capacity 26668K, committed 27132K, reserved 1073152K
  class space    used 3123K, capacity 3287K, committed 3324K, reserved 1048576K
}
2016-10-24T05:50:50.637+0800: 1.828: Total time for which application threads were stopped: 0.0081179 seconds, Stopping threads took: 0.0000274 seconds
2016-10-24T05:50:50.719+0800: 1.909: Total time for which application threads were stopped: 0.0003781 seconds, Stopping threads took: 0.0000162 seconds
2016-10-24T05:50:50.900+0800: 2.091: Total time for which application threads were stopped: 0.0004034 seconds, Stopping threads took: 0.0000165 seconds
2016-10-24T05:50:51.904+0800: 3.095: Total time for which application threads were stopped: 0.0001792 seconds, Stopping threads took: 0.0000251 seconds
2016-10-24T05:50:52.910+0800: 4.101: Total time for which application threads were stopped: 0.0003837 seconds, Stopping threads took: 0.0000277 seconds
2016-10-24T05:50:54.502+0800: 5.692: Total time for which application threads were stopped: 0.0000682 seconds, Stopping threads took: 0.0000229 seconds
2016-10-24T05:50:54.505+0800: 5.695: Total time for which application threads were stopped: 0.0000475 seconds, Stopping threads took: 0.0000086 seconds
2016-10-24T05:50:54.521+0800: 5.712: Total time for which application threads were stopped: 0.0004106 seconds, Stopping threads took: 0.0000268 seconds
2016-10-24T05:50:54.558+0800: 5.749: Total time for which application threads were stopped: 0.0004025 seconds, Stopping threads took: 0.0000147 seconds
2016-10-24T05:50:54.559+0800: 5.750: Total time for which application threads were stopped: 0.0000709 seconds, Stopping threads took: 0.0000124 seconds
2016-10-24T05:50:54.559+0800: 5.750: Total time for which application threads were stopped: 0.0000638 seconds, Stopping threads took: 0.0000155 seconds
2016-10-24T05:50:54.559+0800: 5.750: Total time for which application threads were stopped: 0.0000633 seconds, Stopping threads took: 0.0000166 seconds
2016-10-24T05:50:54.560+0800: 5.750: Total time for which application threads were stopped: 0.0000555 seconds, Stopping threads took: 0.0000147 seconds
2016-10-24T05:50:54.560+0800: 5.750: Total time for which application threads were stopped: 0.0000641 seconds, Stopping threads took: 0.0000189 seconds
2016-10-24T05:50:54.565+0800: 5.756: Total time for which application threads were stopped: 0.0000969 seconds, Stopping threads took: 0.0000252 seconds
2016-10-24T05:50:54.565+0800: 5.756: Total time for which application threads were stopped: 0.0000531 seconds, Stopping threads took: 0.0000076 seconds
2016-10-24T05:50:54.565+0800: 5.756: Total time for which application threads were stopped: 0.0000446 seconds, Stopping threads took: 0.0000075 seconds
2016-10-24T05:50:54.566+0800: 5.756: Total time for which application threads were stopped: 0.0000560 seconds, Stopping threads took: 0.0000248 seconds
2016-10-24T05:50:54.566+0800: 5.756: Total time for which application threads were stopped: 0.0000548 seconds, Stopping threads took: 0.0000256 seconds
2016-10-24T05:50:54.606+0800: 5.796: Total time for which application threads were stopped: 0.0001193 seconds, Stopping threads took: 0.0000215 seconds
2016-10-24T05:50:54.606+0800: 5.797: Total time for which application threads were stopped: 0.0000409 seconds, Stopping threads took: 0.0000083 seconds
2016-10-24T05:50:54.608+0800: 5.799: Total time for which application threads were stopped: 0.0000582 seconds, Stopping threads took: 0.0000131 seconds
2016-10-24T05:50:54.608+0800: 5.799: Total time for which application threads were stopped: 0.0000373 seconds, Stopping threads took: 0.0000107 seconds
2016-10-24T05:50:54.612+0800: 5.803: Total time for which application threads were stopped: 0.0000656 seconds, Stopping threads took: 0.0000141 seconds
2016-10-24T05:50:54.615+0800: 5.805: Total time for which application threads were stopped: 0.0001205 seconds, Stopping threads took: 0.0000371 seconds
2016-10-24T05:50:54.615+0800: 5.805: Total time for which application threads were stopped: 0.0000662 seconds, Stopping threads took: 0.0000127 seconds
2016-10-24T05:50:55.615+0800: 6.806: Total time for which application threads were stopped: 0.0002563 seconds, Stopping threads took: 0.0000710 seconds
2016-10-24T05:50:58.990+0800: 10.181: Total time for which application threads were stopped: 0.0000858 seconds, Stopping threads took: 0.0000195 seconds
2016-10-24T05:50:58.990+0800: 10.181: Total time for which application threads were stopped: 0.0000671 seconds, Stopping threads took: 0.0000242 seconds
{Heap before GC invocations=5 (full 1):
 par new generation   total 109248K, used 101873K [0x00000007a0000000, 0x00000007a8000000, 0x00000007a8000000)
  eden space 87424K,  99% used [0x00000007a0000000, 0x00000007a5543970, 0x00000007a5560000)
  from space 21824K,  66% used [0x00000007a6ab0000, 0x00000007a78e8c80, 0x00000007a8000000)
  to   space 21824K,   0% used [0x00000007a5560000, 0x00000007a5560000, 0x00000007a6ab0000)
 concurrent mark-sweep generation total 393216K, used 0K [0x00000007a8000000, 0x00000007c0000000, 0x00000007c0000000)
 Metaspace       used 33013K, capacity 33482K, committed 33916K, reserved 1079296K
  class space    used 3987K, capacity 4120K, committed 4220K, reserved 1048576K
2016-10-24T05:50:59.070+0800: 10.261: [GC (Allocation Failure) 2016-10-24T05:50:59.070+0800: 10.261: [ParNew
Desired survivor size 20112992 bytes, new threshold 8 (max 8)
- age   1:   11595624 bytes,   11595624 total
- age   2:    1545264 bytes,   13140888 total
- age   3:     181808 bytes,   13322696 total
- age   4:       1288 bytes,   13323984 total
- age   5:     869336 bytes,   14193320 total
- age   6:    5461312 bytes,   19654632 total
: 101873K->21824K(109248K), 0.0128389 secs] 101873K->22235K(502464K), 0.0129192 secs] [Times: user=0.04 sys=0.01, real=0.01 secs] 
Heap after GC invocations=6 (full 1):
 par new generation   total 109248K, used 21824K [0x00000007a0000000, 0x00000007a8000000, 0x00000007a8000000)
  eden space 87424K,   0% used [0x00000007a0000000, 0x00000007a0000000, 0x00000007a5560000)
  from space 21824K, 100% used [0x00000007a5560000, 0x00000007a6ab0000, 0x00000007a6ab0000)
  to   space 21824K,   0% used [0x00000007a6ab0000, 0x00000007a6ab0000, 0x00000007a8000000)
 concurrent mark-sweep generation total 393216K, used 411K [0x00000007a8000000, 0x00000007c0000000, 0x00000007c0000000)
 Metaspace       used 33013K, capacity 33482K, committed 33916K, reserved 1079296K
  class space    used 3987K, capacity 4120K, committed 4220K, reserved 1048576K
}
2016-10-24T05:50:59.083+0800: 10.274: Total time for which application threads were stopped: 0.0130978 seconds, Stopping threads took: 0.0000258 seconds
2016-10-24T05:50:59.085+0800: 10.275: Total time for which application threads were stopped: 0.0001029 seconds, Stopping threads took: 0.0000481 seconds
2016-10-24T05:50:59.085+0800: 10.275: Total time for which application threads were stopped: 0.0001275 seconds, Stopping threads took: 0.0000922 seconds
2016-10-24T05:50:59.085+0800: 10.275: Total time for which application threads were stopped: 0.0000541 seconds, Stopping threads took: 0.0000266 seconds
2016-10-24T05:50:59.085+0800: 10.276: Total time for which application threads were stopped: 0.0001325 seconds, Stopping threads took: 0.0000244 seconds
2016-10-24T05:50:59.213+0800: 10.404: Total time for which application threads were stopped: 0.0004633 seconds, Stopping threads took: 0.0000296 seconds
2016-10-24T05:50:59.432+0800: 10.622: Total time for which application threads were stopped: 0.0001917 seconds, Stopping threads took: 0.0000193 seconds
2016-10-24T05:50:59.462+0800: 10.653: Total time for which application threads were stopped: 0.0001116 seconds, Stopping threads took: 0.0000358 seconds
2016-10-24T05:50:59.463+0800: 10.654: Total time for which application threads were stopped: 0.0001058 seconds, Stopping threads took: 0.0000333 seconds
2016-10-24T05:50:59.463+0800: 10.654: Total time for which application threads were stopped: 0.0001440 seconds, Stopping threads took: 0.0000854 seconds
2016-10-24T05:50:59.464+0800: 10.654: Total time for which application threads were stopped: 0.0000848 seconds, Stopping threads took: 0.0000330 seconds
2016-10-24T05:50:59.464+0800: 10.654: Total time for which application threads were stopped: 0.0000707 seconds, Stopping threads took: 0.0000261 seconds
2016-10-24T05:50:59.464+0800: 10.655: Total time for which application threads were stopped: 0.0001012 seconds, Stopping threads took: 0.0000467 seconds
2016-10-24T05:50:59.467+0800: 10.657: Total time for which application threads were stopped: 0.0001026 seconds, Stopping threads took: 0.0000308 seconds
2016-10-24T05:50:59.469+0800: 10.660: Total time for which application threads were stopped: 0.0000656 seconds, Stopping threads took: 0.0000254 seconds
2016-10-24T05:50:59.470+0800: 10.661: Total time for which application threads were stopped: 0.0000451 seconds, Stopping threads took: 0.0000107 seconds
2016-10-24T05:50:59.503+0800: 10.693: Total time for which application threads were stopped: 0.0001334 seconds, Stopping threads took: 0.0000397 seconds
2016-10-24T05:50:59.505+0800: 10.695: Total time for which application threads were stopped: 0.0000985 seconds, Stopping threads took: 0.0000367 seconds
2016-10-24T05:50:59.523+0800: 10.714: Total time for which application threads were stopped: 0.0001409 seconds, Stopping threads took: 0.0000506 seconds
2016-10-24T05:50:59.523+0800: 10.714: Total time for which application threads were stopped: 0.0000570 seconds, Stopping threads took: 0.0000137 seconds
2016-10-24T05:50:59.523+0800: 10.714: Total time for which application threads were stopped: 0.0001047 seconds, Stopping threads took: 0.0000595 seconds
2016-10-24T05:50:59.523+0800: 10.714: Total time for which application threads were stopped: 0.0000586 seconds, Stopping threads took: 0.0000217 seconds
2016-10-24T05:50:59.523+0800: 10.714: Total time for which application threads were stopped: 0.0000577 seconds, Stopping threads took: 0.0000073 seconds
2016-10-24T05:50:59.523+0800: 10.714: Total time for which application threads were stopped: 0.0000377 seconds, Stopping threads took: 0.0000091 seconds
2016-10-24T05:50:59.524+0800: 10.714: Total time for which application threads were stopped: 0.0000766 seconds, Stopping threads took: 0.0000461 seconds
2016-10-24T05:50:59.524+0800: 10.714: Total time for which application threads were stopped: 0.0000786 seconds, Stopping threads took: 0.0000508 seconds
2016-10-24T05:50:59.524+0800: 10.714: Total time for which application threads were stopped: 0.0000336 seconds, Stopping threads took: 0.0000067 seconds
2016-10-24T05:50:59.524+0800: 10.714: Total time for which application threads were stopped: 0.0000499 seconds, Stopping threads took: 0.0000092 seconds
2016-10-24T05:50:59.524+0800: 10.715: Total time for which application threads were stopped: 0.0000496 seconds, Stopping threads took: 0.0000220 seconds
2016-10-24T05:50:59.526+0800: 10.717: Total time for which application threads were stopped: 0.0002141 seconds, Stopping threads took: 0.0000277 seconds
2016-10-24T05:50:59.537+0800: 10.727: Total time for which application threads were stopped: 0.0000868 seconds, Stopping threads took: 0.0000121 seconds
2016-10-24T05:50:59.537+0800: 10.728: Total time for which application threads were stopped: 0.0001161 seconds, Stopping threads took: 0.0000720 seconds
2016-10-24T05:50:59.537+0800: 10.728: Total time for which application threads were stopped: 0.0000617 seconds, Stopping threads took: 0.0000171 seconds
2016-10-24T05:50:59.537+0800: 10.728: Total time for which application threads were stopped: 0.0000609 seconds, Stopping threads took: 0.0000168 seconds
2016-10-24T05:50:59.537+0800: 10.728: Total time for which application threads were stopped: 0.0000513 seconds, Stopping threads took: 0.0000164 seconds
2016-10-24T05:50:59.537+0800: 10.728: Total time for which application threads were stopped: 0.0000458 seconds, Stopping threads took: 0.0000119 seconds
2016-10-24T05:50:59.537+0800: 10.728: Total time for which application threads were stopped: 0.0000509 seconds, Stopping threads took: 0.0000152 seconds
2016-10-24T05:50:59.538+0800: 10.728: Total time for which application threads were stopped: 0.0000999 seconds, Stopping threads took: 0.0000146 seconds
2016-10-24T05:50:59.581+0800: 10.772: Total time for which application threads were stopped: 0.0001196 seconds, Stopping threads took: 0.0000180 seconds
2016-10-24T05:50:59.620+0800: 10.811: Total time for which application threads were stopped: 0.0001585 seconds, Stopping threads took: 0.0000320 seconds
2016-10-24T05:50:59.641+0800: 10.832: Total time for which application threads were stopped: 0.0000934 seconds, Stopping threads took: 0.0000253 seconds
2016-10-24T05:50:59.669+0800: 10.860: Total time for which application threads were stopped: 0.0001311 seconds, Stopping threads took: 0.0000207 seconds
2016-10-24T05:50:59.684+0800: 10.875: Total time for which application threads were stopped: 0.0000999 seconds, Stopping threads took: 0.0000181 seconds
{Heap before GC invocations=6 (full 1):
 par new generation   total 109248K, used 109248K [0x00000007a0000000, 0x00000007a8000000, 0x00000007a8000000)
  eden space 87424K, 100% used [0x00000007a0000000, 0x00000007a5560000, 0x00000007a5560000)
  from space 21824K, 100% used [0x00000007a5560000, 0x00000007a6ab0000, 0x00000007a6ab0000)
  to   space 21824K,   0% used [0x00000007a6ab0000, 0x00000007a6ab0000, 0x00000007a8000000)
 concurrent mark-sweep generation total 393216K, used 411K [0x00000007a8000000, 0x00000007c0000000, 0x00000007c0000000)
 Metaspace       used 37216K, capacity 37840K, committed 38280K, reserved 1083392K
  class space    used 4492K, capacity 4665K, committed 4668K, reserved 1048576K
2016-10-24T05:50:59.699+0800: 10.890: [GC (Allocation Failure) 2016-10-24T05:50:59.699+0800: 10.890: [ParNew
Desired survivor size 20112992 bytes, new threshold 7 (max 8)
- age   1:    9743232 bytes,    9743232 total
- age   2:    4644320 bytes,   14387552 total
- age   3:    1512776 bytes,   15900328 total
- age   4:     181232 bytes,   16081560 total
- age   5:       1288 bytes,   16082848 total
- age   6:     866688 bytes,   16949536 total
- age   7:    5370776 bytes,   22320312 total
: 109248K->21824K(109248K), 0.0139762 secs] 109659K->25452K(502464K), 0.0140441 secs] [Times: user=0.04 sys=0.01, real=0.02 secs] 
Heap after GC invocations=7 (full 1):
 par new generation   total 109248K, used 21824K [0x00000007a0000000, 0x00000007a8000000, 0x00000007a8000000)
  eden space 87424K,   0% used [0x00000007a0000000, 0x00000007a0000000, 0x00000007a5560000)
  from space 21824K, 100% used [0x00000007a6ab0000, 0x00000007a8000000, 0x00000007a8000000)
  to   space 21824K,   0% used [0x00000007a5560000, 0x00000007a5560000, 0x00000007a6ab0000)
 concurrent mark-sweep generation total 393216K, used 3628K [0x00000007a8000000, 0x00000007c0000000, 0x00000007c0000000)
 Metaspace       used 37216K, capacity 37840K, committed 38280K, reserved 1083392K
  class space    used 4492K, capacity 4665K, committed 4668K, reserved 1048576K
}
2016-10-24T05:50:59.713+0800: 10.904: Total time for which application threads were stopped: 0.0142012 seconds, Stopping threads took: 0.0000289 seconds
2016-10-24T05:50:59.714+0800: 10.904: [GC (CMS Initial Mark) [1 CMS-initial-mark: 3628K(393216K)] 25455K(502464K), 0.0029616 secs] [Times: user=0.02 sys=0.00, real=0.00 secs] 
2016-10-24T05:50:59.717+0800: 10.907: Total time for which application threads were stopped: 0.0030722 seconds, Stopping threads took: 0.0000300 seconds
2016-10-24T05:50:59.717+0800: 10.907: [CMS-concurrent-mark-start]
2016-10-24T05:50:59.717+0800: 10.908: Total time for which application threads were stopped: 0.0000526 seconds, Stopping threads took: 0.0000097 seconds
2016-10-24T05:50:59.717+0800: 10.908: Total time for which application threads were stopped: 0.0000317 seconds, Stopping threads took: 0.0000064 seconds
2016-10-24T05:50:59.717+0800: 10.908: Total time for which application threads were stopped: 0.0000521 seconds, Stopping threads took: 0.0000093 seconds
2016-10-24T05:50:59.719+0800: 10.909: [CMS-concurrent-mark: 0.001/0.002 secs] [Times: user=0.00 sys=0.00, real=0.00 secs] 
2016-10-24T05:50:59.719+0800: 10.909: [CMS-concurrent-preclean-start]
2016-10-24T05:50:59.720+0800: 10.910: [CMS-concurrent-preclean: 0.001/0.001 secs] [Times: user=0.01 sys=0.00, real=0.01 secs] 
2016-10-24T05:50:59.720+0800: 10.910: [GC (CMS Final Remark) [YG occupancy: 22631 K (109248 K)]{Heap before GC invocations=7 (full 2):
 par new generation   total 109248K, used 22631K [0x00000007a0000000, 0x00000007a8000000, 0x00000007a8000000)
  eden space 87424K,   0% used [0x00000007a0000000, 0x00000007a00c9ed8, 0x00000007a5560000)
  from space 21824K, 100% used [0x00000007a6ab0000, 0x00000007a8000000, 0x00000007a8000000)
  to   space 21824K,   0% used [0x00000007a5560000, 0x00000007a5560000, 0x00000007a6ab0000)
 concurrent mark-sweep generation total 393216K, used 3628K [0x00000007a8000000, 0x00000007c0000000, 0x00000007c0000000)
 Metaspace       used 37234K, capacity 37840K, committed 38280K, reserved 1083392K
  class space    used 4496K, capacity 4665K, committed 4668K, reserved 1048576K
2016-10-24T05:50:59.720+0800: 10.910: [GC (CMS Final Remark) 2016-10-24T05:50:59.720+0800: 10.910: [ParNew
Desired survivor size 20112992 bytes, new threshold 8 (max 8)
- age   1:      38296 bytes,      38296 total
- age   2:    6278384 bytes,    6316680 total
- age   3:    3787616 bytes,   10104296 total
- age   4:    1500472 bytes,   11604768 total
- age   5:     181136 bytes,   11785904 total
- age   6:       1288 bytes,   11787192 total
- age   7:     860520 bytes,   12647712 total
: 22631K->21824K(109248K), 0.0182433 secs] 26260K->33555K(502464K), 0.0182859 secs] [Times: user=0.05 sys=0.01, real=0.01 secs] 
Heap after GC invocations=8 (full 2):
 par new generation   total 109248K, used 21824K [0x00000007a0000000, 0x00000007a8000000, 0x00000007a8000000)
  eden space 87424K,   0% used [0x00000007a0000000, 0x00000007a0000000, 0x00000007a5560000)
  from space 21824K, 100% used [0x00000007a5560000, 0x00000007a6ab0000, 0x00000007a6ab0000)
  to   space 21824K,   0% used [0x00000007a6ab0000, 0x00000007a6ab0000, 0x00000007a8000000)
 concurrent mark-sweep generation total 393216K, used 11731K [0x00000007a8000000, 0x00000007c0000000, 0x00000007c0000000)
 Metaspace       used 37234K, capacity 37840K, committed 38280K, reserved 1083392K
  class space    used 4496K, capacity 4665K, committed 4668K, reserved 1048576K
}
2016-10-24T05:50:59.738+0800: 10.929: [Rescan (parallel) , 0.0036072 secs]2016-10-24T05:50:59.742+0800: 10.932: [weak refs processing, 0.0009049 secs]2016-10-24T05:50:59.743+0800: 10.933: [class unloading, 0.0057187 secs]2016-10-24T05:50:59.748+0800: 10.939: [scrub symbol table, 0.0074273 secs]2016-10-24T05:50:59.756+0800: 10.946: [scrub string table, 0.0006265 secs][1 CMS-remark: 11731K(393216K)] 33555K(502464K), 0.0382014 secs] [Times: user=0.08 sys=0.01, real=0.03 secs] 
2016-10-24T05:50:59.758+0800: 10.949: Total time for which application threads were stopped: 0.0383128 seconds, Stopping threads took: 0.0000368 seconds
2016-10-24T05:50:59.758+0800: 10.949: [CMS-concurrent-sweep-start]
2016-10-24T05:50:59.761+0800: 10.952: [CMS-concurrent-sweep: 0.003/0.003 secs] [Times: user=0.01 sys=0.00, real=0.01 secs] 
2016-10-24T05:50:59.761+0800: 10.952: [CMS-concurrent-reset-start]
2016-10-24T05:50:59.762+0800: 10.952: [CMS-concurrent-reset: 0.000/0.000 secs] [Times: user=0.00 sys=0.00, real=0.00 secs] 
2016-10-24T05:50:59.763+0800: 10.954: Total time for which application threads were stopped: 0.0003991 seconds, Stopping threads took: 0.0000256 seconds
2016-10-24T05:50:59.768+0800: 10.958: Total time for which application threads were stopped: 0.0000987 seconds, Stopping threads took: 0.0000095 seconds
2016-10-24T05:50:59.779+0800: 10.969: Total time for which application threads were stopped: 0.0000803 seconds, Stopping threads took: 0.0000175 seconds
2016-10-24T05:50:59.779+0800: 10.969: Total time for which application threads were stopped: 0.0000385 seconds, Stopping threads took: 0.0000073 seconds
2016-10-24T05:50:59.779+0800: 10.970: Total time for which application threads were stopped: 0.0000314 seconds, Stopping threads took: 0.0000055 seconds
2016-10-24T05:50:59.779+0800: 10.970: Total time for which application threads were stopped: 0.0000305 seconds, Stopping threads took: 0.0000057 seconds
2016-10-24T05:50:59.780+0800: 10.970: Total time for which application threads were stopped: 0.0000617 seconds, Stopping threads took: 0.0000147 seconds
2016-10-24T05:50:59.780+0800: 10.970: Total time for which application threads were stopped: 0.0000444 seconds, Stopping threads took: 0.0000178 seconds
2016-10-24T05:50:59.780+0800: 10.971: Total time for which application threads were stopped: 0.0000486 seconds, Stopping threads took: 0.0000084 seconds
2016-10-24T05:50:59.780+0800: 10.971: Total time for which application threads were stopped: 0.0000538 seconds, Stopping threads took: 0.0000177 seconds
2016-10-24T05:50:59.780+0800: 10.971: Total time for which application threads were stopped: 0.0001089 seconds, Stopping threads took: 0.0000075 seconds
2016-10-24T05:50:59.783+0800: 10.974: Total time for which application threads were stopped: 0.0000971 seconds, Stopping threads took: 0.0000307 seconds
2016-10-24T05:50:59.783+0800: 10.974: Total time for which application threads were stopped: 0.0000645 seconds, Stopping threads took: 0.0000170 seconds
2016-10-24T05:50:59.783+0800: 10.974: Total time for which application threads were stopped: 0.0000991 seconds, Stopping threads took: 0.0000535 seconds
2016-10-24T05:51:00.784+0800: 11.974: Total time for which application threads were stopped: 0.0001393 seconds, Stopping threads took: 0.0000307 seconds
2016-10-24T05:51:07.670+0800: 18.861: Total time for which application threads were stopped: 0.0001950 seconds, Stopping threads took: 0.0000695 seconds
2016-10-24T05:51:07.674+0800: 18.865: Total time for which application threads were stopped: 0.0000763 seconds, Stopping threads took: 0.0000183 seconds
2016-10-24T05:51:07.674+0800: 18.865: Total time for which application threads were stopped: 0.0000526 seconds, Stopping threads took: 0.0000099 seconds
2016-10-24T05:51:07.674+0800: 18.865: Total time for which application threads were stopped: 0.0000376 seconds, Stopping threads took: 0.0000071 seconds
2016-10-24T05:51:07.674+0800: 18.865: Total time for which application threads were stopped: 0.0000464 seconds, Stopping threads took: 0.0000088 seconds
2016-10-24T05:51:07.675+0800: 18.866: Total time for which application threads were stopped: 0.0000417 seconds, Stopping threads took: 0.0000081 seconds
2016-10-24T05:51:07.675+0800: 18.866: Total time for which application threads were stopped: 0.0000372 seconds, Stopping threads took: 0.0000072 seconds
2016-10-24T05:51:07.675+0800: 18.866: Total time for which application threads were stopped: 0.0000411 seconds, Stopping threads took: 0.0000077 seconds
2016-10-24T05:51:07.675+0800: 18.866: Total time for which application threads were stopped: 0.0000606 seconds, Stopping threads took: 0.0000107 seconds
2016-10-24T05:51:07.676+0800: 18.867: Total time for which application threads were stopped: 0.0000656 seconds, Stopping threads took: 0.0000244 seconds
2016-10-24T05:51:07.676+0800: 18.867: Total time for which application threads were stopped: 0.0000453 seconds, Stopping threads took: 0.0000102 seconds
2016-10-24T05:51:07.676+0800: 18.867: Total time for which application threads were stopped: 0.0000558 seconds, Stopping threads took: 0.0000098 seconds
2016-10-24T05:51:07.676+0800: 18.867: Total time for which application threads were stopped: 0.0000333 seconds, Stopping threads took: 0.0000069 seconds
2016-10-24T05:51:07.676+0800: 18.867: Total time for which application threads were stopped: 0.0000343 seconds, Stopping threads took: 0.0000067 seconds
2016-10-24T05:51:07.676+0800: 18.867: Total time for which application threads were stopped: 0.0000544 seconds, Stopping threads took: 0.0000200 seconds
2016-10-24T05:51:07.677+0800: 18.867: Total time for which application threads were stopped: 0.0000614 seconds, Stopping threads took: 0.0000254 seconds
2016-10-24T05:51:07.677+0800: 18.867: Total time for which application threads were stopped: 0.0000524 seconds, Stopping threads took: 0.0000091 seconds
2016-10-24T05:51:07.677+0800: 18.868: Total time for which application threads were stopped: 0.0000406 seconds, Stopping threads took: 0.0000080 seconds
2016-10-24T05:51:07.677+0800: 18.868: Total time for which application threads were stopped: 0.0000330 seconds, Stopping threads took: 0.0000063 seconds
2016-10-24T05:51:07.677+0800: 18.868: Total time for which application threads were stopped: 0.0000309 seconds, Stopping threads took: 0.0000058 seconds
2016-10-24T05:51:07.677+0800: 18.868: Total time for which application threads were stopped: 0.0000900 seconds, Stopping threads took: 0.0000055 seconds
2016-10-24T05:51:08.437+0800: 19.628: Total time for which application threads were stopped: 0.0000989 seconds, Stopping threads took: 0.0000185 seconds
2016-10-24T05:51:08.458+0800: 19.649: Total time for which application threads were stopped: 0.0000891 seconds, Stopping threads took: 0.0000297 seconds
2016-10-24T05:51:08.656+0800: 19.847: Total time for which application threads were stopped: 0.0001611 seconds, Stopping threads took: 0.0000475 seconds
2016-10-24T05:51:08.656+0800: 19.847: Total time for which application threads were stopped: 0.0000644 seconds, Stopping threads took: 0.0000271 seconds
2016-10-24T05:51:08.657+0800: 19.848: Total time for which application threads were stopped: 0.0000808 seconds, Stopping threads took: 0.0000250 seconds
2016-10-24T05:51:08.657+0800: 19.848: Total time for which application threads were stopped: 0.0000898 seconds, Stopping threads took: 0.0000395 seconds
2016-10-24T05:51:08.657+0800: 19.848: Total time for which application threads were stopped: 0.0000685 seconds, Stopping threads took: 0.0000229 seconds
2016-10-24T05:51:08.657+0800: 19.848: Total time for which application threads were stopped: 0.0000610 seconds, Stopping threads took: 0.0000230 seconds
2016-10-24T05:51:08.657+0800: 19.848: Total time for which application threads were stopped: 0.0000668 seconds, Stopping threads took: 0.0000108 seconds
2016-10-24T05:51:08.657+0800: 19.848: Total time for which application threads were stopped: 0.0000440 seconds, Stopping threads took: 0.0000099 seconds
2016-10-24T05:51:08.658+0800: 19.848: Total time for which application threads were stopped: 0.0000494 seconds, Stopping threads took: 0.0000096 seconds
2016-10-24T05:51:08.658+0800: 19.849: Total time for which application threads were stopped: 0.0000644 seconds, Stopping threads took: 0.0000099 seconds
2016-10-24T05:51:08.658+0800: 19.849: Total time for which application threads were stopped: 0.0000737 seconds, Stopping threads took: 0.0000242 seconds
2016-10-24T05:51:08.658+0800: 19.849: Total time for which application threads were stopped: 0.0000540 seconds, Stopping threads took: 0.0000096 seconds
2016-10-24T05:51:08.658+0800: 19.849: Total time for which application threads were stopped: 0.0000684 seconds, Stopping threads took: 0.0000229 seconds
2016-10-24T05:51:08.659+0800: 19.850: Total time for which application threads were stopped: 0.0000581 seconds, Stopping threads took: 0.0000108 seconds
2016-10-24T05:51:08.659+0800: 19.850: Total time for which application threads were stopped: 0.0000473 seconds, Stopping threads took: 0.0000083 seconds
2016-10-24T05:51:08.659+0800: 19.850: Total time for which application threads were stopped: 0.0000479 seconds, Stopping threads took: 0.0000090 seconds
2016-10-24T05:51:08.660+0800: 19.850: Total time for which application threads were stopped: 0.0000472 seconds, Stopping threads took: 0.0000083 seconds
2016-10-24T05:51:08.660+0800: 19.850: Total time for which application threads were stopped: 0.0000484 seconds, Stopping threads took: 0.0000081 seconds
2016-10-24T05:51:08.660+0800: 19.851: Total time for which application threads were stopped: 0.0000471 seconds, Stopping threads took: 0.0000075 seconds
2016-10-24T05:51:08.660+0800: 19.851: Total time for which application threads were stopped: 0.0000422 seconds, Stopping threads took: 0.0000072 seconds
2016-10-24T05:51:08.660+0800: 19.851: Total time for which application threads were stopped: 0.0001324 seconds, Stopping threads took: 0.0000074 seconds
2016-10-24T05:51:08.669+0800: 19.859: Total time for which application threads were stopped: 0.0000980 seconds, Stopping threads took: 0.0000316 seconds
2016-10-24T05:51:08.709+0800: 19.900: Total time for which application threads were stopped: 0.0001400 seconds, Stopping threads took: 0.0000121 seconds
2016-10-24T05:51:09.714+0800: 20.905: Total time for which application threads were stopped: 0.0002626 seconds, Stopping threads took: 0.0000556 seconds
2016-10-24T05:51:15.731+0800: 26.922: Total time for which application threads were stopped: 0.0002712 seconds, Stopping threads took: 0.0000517 seconds
2016-10-24T05:51:54.569+0800: 65.762: Total time for which application threads were stopped: 0.0001406 seconds, Stopping threads took: 0.0000414 seconds
2016-10-24T05:52:39.673+0800: 110.867: Total time for which application threads were stopped: 0.0001108 seconds, Stopping threads took: 0.0000287 seconds
2016-10-24T05:52:53.127+0800: 124.321: Total time for which application threads were stopped: 0.0001746 seconds, Stopping threads took: 0.0000370 seconds
2016-10-24T05:52:53.383+0800: 124.577: Total time for which application threads were stopped: 0.0001725 seconds, Stopping threads took: 0.0000231 seconds
{Heap before GC invocations=8 (full 2):
 par new generation   total 109248K, used 109248K [0x00000007a0000000, 0x00000007a8000000, 0x00000007a8000000)
  eden space 87424K, 100% used [0x00000007a0000000, 0x00000007a5560000, 0x00000007a5560000)
  from space 21824K, 100% used [0x00000007a5560000, 0x00000007a6ab0000, 0x00000007a6ab0000)
  to   space 21824K,   0% used [0x00000007a6ab0000, 0x00000007a6ab0000, 0x00000007a8000000)
 concurrent mark-sweep generation total 393216K, used 11322K [0x00000007a8000000, 0x00000007c0000000, 0x00000007c0000000)
 Metaspace       used 38866K, capacity 39476K, committed 39996K, reserved 1085440K
  class space    used 4630K, capacity 4799K, committed 4924K, reserved 1048576K
2016-10-24T05:52:53.411+0800: 124.605: [GC (Allocation Failure) 2016-10-24T05:52:53.413+0800: 124.607: [ParNew
Desired survivor size 20112992 bytes, new threshold 8 (max 8)
- age   1:    4717152 bytes,    4717152 total
- age   2:      27488 bytes,    4744640 total
- age   3:    6217656 bytes,   10962296 total
- age   4:    3771176 bytes,   14733472 total
- age   5:    1500424 bytes,   16233896 total
- age   6:     181232 bytes,   16415128 total
- age   7:       1288 bytes,   16416416 total
- age   8:     860312 bytes,   17276728 total
: 109248K->19925K(109248K), 0.0126570 secs] 120570K->31247K(502464K), 0.0146124 secs] [Times: user=0.05 sys=0.00, real=0.01 secs] 
Heap after GC invocations=9 (full 2):
 par new generation   total 109248K, used 19925K [0x00000007a0000000, 0x00000007a8000000, 0x00000007a8000000)
  eden space 87424K,   0% used [0x00000007a0000000, 0x00000007a0000000, 0x00000007a5560000)
  from space 21824K,  91% used [0x00000007a6ab0000, 0x00000007a7e25528, 0x00000007a8000000)
  to   space 21824K,   0% used [0x00000007a5560000, 0x00000007a5560000, 0x00000007a6ab0000)
 concurrent mark-sweep generation total 393216K, used 11322K [0x00000007a8000000, 0x00000007c0000000, 0x00000007c0000000)
 Metaspace       used 38866K, capacity 39476K, committed 39996K, reserved 1085440K
  class space    used 4630K, capacity 4799K, committed 4924K, reserved 1048576K
}
2016-10-24T05:52:53.426+0800: 124.620: Total time for which application threads were stopped: 0.0147836 seconds, Stopping threads took: 0.0000288 seconds
{Heap before GC invocations=9 (full 2):
 par new generation   total 109248K, used 107349K [0x00000007a0000000, 0x00000007a8000000, 0x00000007a8000000)
  eden space 87424K, 100% used [0x00000007a0000000, 0x00000007a5560000, 0x00000007a5560000)
  from space 21824K,  91% used [0x00000007a6ab0000, 0x00000007a7e25528, 0x00000007a8000000)
  to   space 21824K,   0% used [0x00000007a5560000, 0x00000007a5560000, 0x00000007a6ab0000)
 concurrent mark-sweep generation total 393216K, used 11322K [0x00000007a8000000, 0x00000007c0000000, 0x00000007c0000000)
 Metaspace       used 38877K, capacity 39476K, committed 39996K, reserved 1085440K
  class space    used 4630K, capacity 4799K, committed 4924K, reserved 1048576K
2016-10-24T05:52:53.805+0800: 124.999: [GC (Allocation Failure) 2016-10-24T05:52:53.805+0800: 124.999: [ParNew
Desired survivor size 20112992 bytes, new threshold 8 (max 8)
- age   1:    3688296 bytes,    3688296 total
- age   2:    2704352 bytes,    6392648 total
- age   3:      27488 bytes,    6420136 total
- age   4:    6218376 bytes,   12638512 total
- age   5:    3771992 bytes,   16410504 total
- age   6:    1500808 bytes,   17911312 total
- age   7:     181232 bytes,   18092544 total
- age   8:       1288 bytes,   18093832 total
: 107349K->21824K(109248K), 0.0119558 secs] 118671K->36749K(502464K), 0.0120086 secs] [Times: user=0.05 sys=0.01, real=0.01 secs] 
Heap after GC invocations=10 (full 2):
 par new generation   total 109248K, used 21824K [0x00000007a0000000, 0x00000007a8000000, 0x00000007a8000000)
  eden space 87424K,   0% used [0x00000007a0000000, 0x00000007a0000000, 0x00000007a5560000)
  from space 21824K, 100% used [0x00000007a5560000, 0x00000007a6ab0000, 0x00000007a6ab0000)
  to   space 21824K,   0% used [0x00000007a6ab0000, 0x00000007a6ab0000, 0x00000007a8000000)
 concurrent mark-sweep generation total 393216K, used 14925K [0x00000007a8000000, 0x00000007c0000000, 0x00000007c0000000)
 Metaspace       used 38877K, capacity 39476K, committed 39996K, reserved 1085440K
  class space    used 4630K, capacity 4799K, committed 4924K, reserved 1048576K
}
2016-10-24T05:52:53.817+0800: 125.011: Total time for which application threads were stopped: 0.0122249 seconds, Stopping threads took: 0.0000284 seconds
{Heap before GC invocations=10 (full 2):
 par new generation   total 109248K, used 109248K [0x00000007a0000000, 0x00000007a8000000, 0x00000007a8000000)
  eden space 87424K, 100% used [0x00000007a0000000, 0x00000007a5560000, 0x00000007a5560000)
  from space 21824K, 100% used [0x00000007a5560000, 0x00000007a6ab0000, 0x00000007a6ab0000)
  to   space 21824K,   0% used [0x00000007a6ab0000, 0x00000007a6ab0000, 0x00000007a8000000)
 concurrent mark-sweep generation total 393216K, used 14925K [0x00000007a8000000, 0x00000007c0000000, 0x00000007c0000000)
 Metaspace       used 38940K, capacity 39604K, committed 39996K, reserved 1085440K
  class space    used 4630K, capacity 4799K, committed 4924K, reserved 1048576K
2016-10-24T05:52:54.191+0800: 125.385: [GC (Allocation Failure) 2016-10-24T05:52:54.191+0800: 125.385: [ParNew
Desired survivor size 20112992 bytes, new threshold 6 (max 8)
- age   1:    5558560 bytes,    5558560 total
- age   2:    2932432 bytes,    8490992 total
- age   3:    2412408 bytes,   10903400 total
- age   4:      26824 bytes,   10930224 total
- age   5:    5859568 bytes,   16789792 total
- age   6:    3370280 bytes,   20160072 total
- age   7:    1321768 bytes,   21481840 total
- age   8:     160488 bytes,   21642328 total
: 109248K->21824K(109248K), 0.0151726 secs] 124173K->39631K(502464K), 0.0152217 secs] [Times: user=0.09 sys=0.01, real=0.01 secs] 
Heap after GC invocations=11 (full 2):
 par new generation   total 109248K, used 21824K [0x00000007a0000000, 0x00000007a8000000, 0x00000007a8000000)
  eden space 87424K,   0% used [0x00000007a0000000, 0x00000007a0000000, 0x00000007a5560000)
  from space 21824K, 100% used [0x00000007a6ab0000, 0x00000007a8000000, 0x00000007a8000000)
  to   space 21824K,   0% used [0x00000007a5560000, 0x00000007a5560000, 0x00000007a6ab0000)
 concurrent mark-sweep generation total 393216K, used 17807K [0x00000007a8000000, 0x00000007c0000000, 0x00000007c0000000)
 Metaspace       used 38940K, capacity 39604K, committed 39996K, reserved 1085440K
  class space    used 4630K, capacity 4799K, committed 4924K, reserved 1048576K
}
2016-10-24T05:52:54.206+0800: 125.400: Total time for which application threads were stopped: 0.0153686 seconds, Stopping threads took: 0.0000167 seconds
{Heap before GC invocations=11 (full 2):
 par new generation   total 109248K, used 109248K [0x00000007a0000000, 0x00000007a8000000, 0x00000007a8000000)
  eden space 87424K, 100% used [0x00000007a0000000, 0x00000007a5560000, 0x00000007a5560000)
  from space 21824K, 100% used [0x00000007a6ab0000, 0x00000007a8000000, 0x00000007a8000000)
  to   space 21824K,   0% used [0x00000007a5560000, 0x00000007a5560000, 0x00000007a6ab0000)
 concurrent mark-sweep generation total 393216K, used 17807K [0x00000007a8000000, 0x00000007c0000000, 0x00000007c0000000)
 Metaspace       used 38956K, capacity 39604K, committed 39996K, reserved 1085440K
  class space    used 4630K, capacity 4799K, committed 4924K, reserved 1048576K
2016-10-24T05:52:54.576+0800: 125.770: [GC (Allocation Failure) 2016-10-24T05:52:54.576+0800: 125.770: [ParNew
Desired survivor size 20112992 bytes, new threshold 8 (max 8)
- age   1:    5471544 bytes,    5471544 total
- age   2:    2682320 bytes,    8153864 total
- age   3:    1954944 bytes,   10108808 total
- age   4:    2125152 bytes,   12233960 total
- age   5:      26824 bytes,   12260784 total
- age   6:    5831640 bytes,   18092424 total
: 109248K->21824K(109248K), 0.0214558 secs] 127055K->48276K(502464K), 0.0215739 secs] [Times: user=0.09 sys=0.01, real=0.02 secs] 
Heap after GC invocations=12 (full 2):
 par new generation   total 109248K, used 21824K [0x00000007a0000000, 0x00000007a8000000, 0x00000007a8000000)
  eden space 87424K,   0% used [0x00000007a0000000, 0x00000007a0000000, 0x00000007a5560000)
  from space 21824K, 100% used [0x00000007a5560000, 0x00000007a6ab0000, 0x00000007a6ab0000)
  to   space 21824K,   0% used [0x00000007a6ab0000, 0x00000007a6ab0000, 0x00000007a8000000)
 concurrent mark-sweep generation total 393216K, used 26452K [0x00000007a8000000, 0x00000007c0000000, 0x00000007c0000000)
 Metaspace       used 38956K, capacity 39604K, committed 39996K, reserved 1085440K
  class space    used 4630K, capacity 4799K, committed 4924K, reserved 1048576K
}
2016-10-24T05:52:54.598+0800: 125.792: Total time for which application threads were stopped: 0.0217540 seconds, Stopping threads took: 0.0000300 seconds
{Heap before GC invocations=12 (full 2):
 par new generation   total 109248K, used 109248K [0x00000007a0000000, 0x00000007a8000000, 0x00000007a8000000)
  eden space 87424K, 100% used [0x00000007a0000000, 0x00000007a5560000, 0x00000007a5560000)
  from space 21824K, 100% used [0x00000007a5560000, 0x00000007a6ab0000, 0x00000007a6ab0000)
  to   space 21824K,   0% used [0x00000007a6ab0000, 0x00000007a6ab0000, 0x00000007a8000000)
 concurrent mark-sweep generation total 393216K, used 26452K [0x00000007a8000000, 0x00000007c0000000, 0x00000007c0000000)
 Metaspace       used 38961K, capacity 39604K, committed 39996K, reserved 1085440K
  class space    used 4630K, capacity 4799K, committed 4924K, reserved 1048576K
2016-10-24T05:52:54.934+0800: 126.128: [GC (Allocation Failure) 2016-10-24T05:52:54.934+0800: 126.128: [ParNew
Desired survivor size 20112992 bytes, new threshold 8 (max 8)
- age   1:    6602944 bytes,    6602944 total
- age   2:    3335152 bytes,    9938096 total
- age   3:    2292624 bytes,   12230720 total
- age   4:    1890504 bytes,   14121224 total
- age   5:    1888360 bytes,   16009584 total
- age   6:      25728 bytes,   16035312 total
- age   7:    3621280 bytes,   19656592 total
: 109248K->21824K(109248K), 0.0135675 secs] 135700K->51654K(502464K), 0.0136257 secs] [Times: user=0.06 sys=0.00, real=0.01 secs] 
Heap after GC invocations=13 (full 2):
 par new generation   total 109248K, used 21824K [0x00000007a0000000, 0x00000007a8000000, 0x00000007a8000000)
  eden space 87424K,   0% used [0x00000007a0000000, 0x00000007a0000000, 0x00000007a5560000)
  from space 21824K, 100% used [0x00000007a6ab0000, 0x00000007a8000000, 0x00000007a8000000)
  to   space 21824K,   0% used [0x00000007a5560000, 0x00000007a5560000, 0x00000007a6ab0000)
 concurrent mark-sweep generation total 393216K, used 29830K [0x00000007a8000000, 0x00000007c0000000, 0x00000007c0000000)
 Metaspace       used 38961K, capacity 39604K, committed 39996K, reserved 1085440K
  class space    used 4630K, capacity 4799K, committed 4924K, reserved 1048576K
}
2016-10-24T05:52:54.948+0800: 126.142: Total time for which application threads were stopped: 0.0138043 seconds, Stopping threads took: 0.0000313 seconds
{Heap before GC invocations=13 (full 2):
 par new generation   total 109248K, used 109248K [0x00000007a0000000, 0x00000007a8000000, 0x00000007a8000000)
  eden space 87424K, 100% used [0x00000007a0000000, 0x00000007a5560000, 0x00000007a5560000)
  from space 21824K, 100% used [0x00000007a6ab0000, 0x00000007a8000000, 0x00000007a8000000)
  to   space 21824K,   0% used [0x00000007a5560000, 0x00000007a5560000, 0x00000007a6ab0000)
 concurrent mark-sweep generation total 393216K, used 29830K [0x00000007a8000000, 0x00000007c0000000, 0x00000007c0000000)
 Metaspace       used 38966K, capacity 39604K, committed 39996K, reserved 1085440K
  class space    used 4630K, capacity 4799K, committed 4924K, reserved 1048576K
2016-10-24T05:52:55.271+0800: 126.465: [GC (Allocation Failure) 2016-10-24T05:52:55.271+0800: 126.465: [ParNew
Desired survivor size 20112992 bytes, new threshold 8 (max 8)
- age   1:    5244472 bytes,    5244472 total
- age   2:    4255464 bytes,    9499936 total
- age   3:    3097136 bytes,   12597072 total
- age   4:    2122200 bytes,   14719272 total
- age   5:    1748376 bytes,   16467648 total
- age   6:    1788496 bytes,   18256144 total
- age   7:      25600 bytes,   18281744 total
- age   8:    3546448 bytes,   21828192 total
: 109248K->21824K(109248K), 0.0127231 secs] 139078K->54246K(502464K), 0.0128222 secs] [Times: user=0.05 sys=0.00, real=0.01 secs] 
Heap after GC invocations=14 (full 2):
 par new generation   total 109248K, used 21824K [0x00000007a0000000, 0x00000007a8000000, 0x00000007a8000000)
  eden space 87424K,   0% used [0x00000007a0000000, 0x00000007a0000000, 0x00000007a5560000)
  from space 21824K, 100% used [0x00000007a5560000, 0x00000007a6ab0000, 0x00000007a6ab0000)
  to   space 21824K,   0% used [0x00000007a6ab0000, 0x00000007a6ab0000, 0x00000007a8000000)
 concurrent mark-sweep generation total 393216K, used 32422K [0x00000007a8000000, 0x00000007c0000000, 0x00000007c0000000)
 Metaspace       used 38966K, capacity 39604K, committed 39996K, reserved 1085440K
  class space    used 4630K, capacity 4799K, committed 4924K, reserved 1048576K
}
2016-10-24T05:52:55.284+0800: 126.478: Total time for which application threads were stopped: 0.0131575 seconds, Stopping threads took: 0.0000524 seconds
{Heap before GC invocations=14 (full 2):
 par new generation   total 109248K, used 109248K [0x00000007a0000000, 0x00000007a8000000, 0x00000007a8000000)
  eden space 87424K, 100% used [0x00000007a0000000, 0x00000007a5560000, 0x00000007a5560000)
  from space 21824K, 100% used [0x00000007a5560000, 0x00000007a6ab0000, 0x00000007a6ab0000)
  to   space 21824K,   0% used [0x00000007a6ab0000, 0x00000007a6ab0000, 0x00000007a8000000)
 concurrent mark-sweep generation total 393216K, used 32422K [0x00000007a8000000, 0x00000007c0000000, 0x00000007c0000000)
 Metaspace       used 38968K, capacity 39604K, committed 39996K, reserved 1085440K
  class space    used 4630K, capacity 4799K, committed 4924K, reserved 1048576K
2016-10-24T05:52:55.623+0800: 126.817: [GC (Allocation Failure) 2016-10-24T05:52:55.623+0800: 126.817: [ParNew
Desired survivor size 20112992 bytes, new threshold 8 (max 8)
- age   1:    7370824 bytes,    7370824 total
- age   2:    2654400 bytes,   10025224 total
- age   3:    2895672 bytes,   12920896 total
- age   4:    2015400 bytes,   14936296 total
- age   5:    1995656 bytes,   16931952 total
- age   6:    1357536 bytes,   18289488 total
- age   7:    1329176 bytes,   19618664 total
- age   8:      25600 bytes,   19644264 total
: 109248K->21824K(109248K), 0.0169577 secs] 141670K->62356K(502464K), 0.0170199 secs] [Times: user=0.05 sys=0.01, real=0.02 secs] 
Heap after GC invocations=15 (full 2):
 par new generation   total 109248K, used 21824K [0x00000007a0000000, 0x00000007a8000000, 0x00000007a8000000)
  eden space 87424K,   0% used [0x00000007a0000000, 0x00000007a0000000, 0x00000007a5560000)
  from space 21824K, 100% used [0x00000007a6ab0000, 0x00000007a8000000, 0x00000007a8000000)
  to   space 21824K,   0% used [0x00000007a5560000, 0x00000007a5560000, 0x00000007a6ab0000)
 concurrent mark-sweep generation total 393216K, used 40532K [0x00000007a8000000, 0x00000007c0000000, 0x00000007c0000000)
 Metaspace       used 38968K, capacity 39604K, committed 39996K, reserved 1085440K
  class space    used 4630K, capacity 4799K, committed 4924K, reserved 1048576K
}
2016-10-24T05:52:55.640+0800: 126.834: Total time for which application threads were stopped: 0.0171865 seconds, Stopping threads took: 0.0000249 seconds
{Heap before GC invocations=15 (full 2):
 par new generation   total 109248K, used 109248K [0x00000007a0000000, 0x00000007a8000000, 0x00000007a8000000)
  eden space 87424K, 100% used [0x00000007a0000000, 0x00000007a5560000, 0x00000007a5560000)
  from space 21824K, 100% used [0x00000007a6ab0000, 0x00000007a8000000, 0x00000007a8000000)
  to   space 21824K,   0% used [0x00000007a5560000, 0x00000007a5560000, 0x00000007a6ab0000)
 concurrent mark-sweep generation total 393216K, used 40532K [0x00000007a8000000, 0x00000007c0000000, 0x00000007c0000000)
 Metaspace       used 38971K, capacity 39604K, committed 39996K, reserved 1085440K
  class space    used 4631K, capacity 4799K, committed 4924K, reserved 1048576K
2016-10-24T05:52:55.974+0800: 127.168: [GC (Allocation Failure) 2016-10-24T05:52:55.974+0800: 127.168: [ParNew
Desired survivor size 20112992 bytes, new threshold 8 (max 8)
- age   1:    6510464 bytes,    6510464 total
- age   2:    3598552 bytes,   10109016 total
- age   3:    2318496 bytes,   12427512 total
- age   4:    2575096 bytes,   15002608 total
- age   5:    1750448 bytes,   16753056 total
- age   6:    1756296 bytes,   18509352 total
- age   7:    1172616 bytes,   19681968 total
- age   8:    1246744 bytes,   20928712 total
: 109248K->21824K(109248K), 0.0143720 secs] 149780K->65777K(502464K), 0.0144518 secs] [Times: user=0.05 sys=0.00, real=0.01 secs] 
Heap after GC invocations=16 (full 2):
 par new generation   total 109248K, used 21824K [0x00000007a0000000, 0x00000007a8000000, 0x00000007a8000000)
  eden space 87424K,   0% used [0x00000007a0000000, 0x00000007a0000000, 0x00000007a5560000)
  from space 21824K, 100% used [0x00000007a5560000, 0x00000007a6ab0000, 0x00000007a6ab0000)
  to   space 21824K,   0% used [0x00000007a6ab0000, 0x00000007a6ab0000, 0x00000007a8000000)
 concurrent mark-sweep generation total 393216K, used 43953K [0x00000007a8000000, 0x00000007c0000000, 0x00000007c0000000)
 Metaspace       used 38971K, capacity 39604K, committed 39996K, reserved 1085440K
  class space    used 4631K, capacity 4799K, committed 4924K, reserved 1048576K
}
2016-10-24T05:52:55.989+0800: 127.183: Total time for which application threads were stopped: 0.0146216 seconds, Stopping threads took: 0.0000279 seconds
{Heap before GC invocations=16 (full 2):
 par new generation   total 109248K, used 109248K [0x00000007a0000000, 0x00000007a8000000, 0x00000007a8000000)
  eden space 87424K, 100% used [0x00000007a0000000, 0x00000007a5560000, 0x00000007a5560000)
  from space 21824K, 100% used [0x00000007a5560000, 0x00000007a6ab0000, 0x00000007a6ab0000)
  to   space 21824K,   0% used [0x00000007a6ab0000, 0x00000007a6ab0000, 0x00000007a8000000)
 concurrent mark-sweep generation total 393216K, used 43953K [0x00000007a8000000, 0x00000007c0000000, 0x00000007c0000000)
 Metaspace       used 38971K, capacity 39604K, committed 39996K, reserved 1085440K
  class space    used 4631K, capacity 4799K, committed 4924K, reserved 1048576K
2016-10-24T05:52:56.322+0800: 127.516: [GC (Allocation Failure) 2016-10-24T05:52:56.322+0800: 127.516: [ParNew
Desired survivor size 20112992 bytes, new threshold 8 (max 8)
- age   1:    5529296 bytes,    5529296 total
- age   2:    2377016 bytes,    7906312 total
- age   3:    2427824 bytes,   10334136 total
- age   4:    1986392 bytes,   12320528 total
- age   5:    1657336 bytes,   13977864 total
- age   6:    1391248 bytes,   15369112 total
- age   7:    1614272 bytes,   16983384 total
- age   8:    1082520 bytes,   18065904 total
: 109248K->21824K(109248K), 0.0168273 secs] 153201K->74449K(502464K), 0.0168902 secs] [Times: user=0.05 sys=0.00, real=0.01 secs] 
Heap after GC invocations=17 (full 2):
 par new generation   total 109248K, used 21824K [0x00000007a0000000, 0x00000007a8000000, 0x00000007a8000000)
  eden space 87424K,   0% used [0x00000007a0000000, 0x00000007a0000000, 0x00000007a5560000)
  from space 21824K, 100% used [0x00000007a6ab0000, 0x00000007a8000000, 0x00000007a8000000)
  to   space 21824K,   0% used [0x00000007a5560000, 0x00000007a5560000, 0x00000007a6ab0000)
 concurrent mark-sweep generation total 393216K, used 52625K [0x00000007a8000000, 0x00000007c0000000, 0x00000007c0000000)
 Metaspace       used 38971K, capacity 39604K, committed 39996K, reserved 1085440K
  class space    used 4631K, capacity 4799K, committed 4924K, reserved 1048576K
}
2016-10-24T05:52:56.339+0800: 127.533: Total time for which application threads were stopped: 0.0170577 seconds, Stopping threads took: 0.0000297 seconds
{Heap before GC invocations=17 (full 2):
 par new generation   total 109248K, used 109248K [0x00000007a0000000, 0x00000007a8000000, 0x00000007a8000000)
  eden space 87424K, 100% used [0x00000007a0000000, 0x00000007a5560000, 0x00000007a5560000)
  from space 21824K, 100% used [0x00000007a6ab0000, 0x00000007a8000000, 0x00000007a8000000)
  to   space 21824K,   0% used [0x00000007a5560000, 0x00000007a5560000, 0x00000007a6ab0000)
 concurrent mark-sweep generation total 393216K, used 52625K [0x00000007a8000000, 0x00000007c0000000, 0x00000007c0000000)
 Metaspace       used 38971K, capacity 39604K, committed 39996K, reserved 1085440K
  class space    used 4631K, capacity 4799K, committed 4924K, reserved 1048576K
2016-10-24T05:52:56.676+0800: 127.870: [GC (Allocation Failure) 2016-10-24T05:52:56.676+0800: 127.870: [ParNew
Desired survivor size 20112992 bytes, new threshold 8 (max 8)
- age   1:    8505192 bytes,    8505192 total
- age   2:    1796048 bytes,   10301240 total
- age   3:    1916632 bytes,   12217872 total
- age   4:    1232568 bytes,   13450440 total
- age   5:    1847872 bytes,   15298312 total
- age   6:    1510368 bytes,   16808680 total
- age   7:    1326744 bytes,   18135424 total
- age   8:    1593160 bytes,   19728584 total
: 109248K->21824K(109248K), 0.0141718 secs] 161873K->78393K(502464K), 0.0142368 secs] [Times: user=0.04 sys=0.01, real=0.02 secs] 
Heap after GC invocations=18 (full 2):
 par new generation   total 109248K, used 21824K [0x00000007a0000000, 0x00000007a8000000, 0x00000007a8000000)
  eden space 87424K,   0% used [0x00000007a0000000, 0x00000007a0000000, 0x00000007a5560000)
  from space 21824K, 100% used [0x00000007a5560000, 0x00000007a6ab0000, 0x00000007a6ab0000)
  to   space 21824K,   0% used [0x00000007a6ab0000, 0x00000007a6ab0000, 0x00000007a8000000)
 concurrent mark-sweep generation total 393216K, used 56569K [0x00000007a8000000, 0x00000007c0000000, 0x00000007c0000000)
 Metaspace       used 38971K, capacity 39604K, committed 39996K, reserved 1085440K
  class space    used 4631K, capacity 4799K, committed 4924K, reserved 1048576K
}
2016-10-24T05:52:56.690+0800: 127.885: Total time for which application threads were stopped: 0.0144014 seconds, Stopping threads took: 0.0000290 seconds
{Heap before GC invocations=18 (full 2):
 par new generation   total 109248K, used 109248K [0x00000007a0000000, 0x00000007a8000000, 0x00000007a8000000)
  eden space 87424K, 100% used [0x00000007a0000000, 0x00000007a5560000, 0x00000007a5560000)
  from space 21824K, 100% used [0x00000007a5560000, 0x00000007a6ab0000, 0x00000007a6ab0000)
  to   space 21824K,   0% used [0x00000007a6ab0000, 0x00000007a6ab0000, 0x00000007a8000000)
 concurrent mark-sweep generation total 393216K, used 56569K [0x00000007a8000000, 0x00000007c0000000, 0x00000007c0000000)
 Metaspace       used 38981K, capacity 39604K, committed 39996K, reserved 1085440K
  class space    used 4631K, capacity 4799K, committed 4924K, reserved 1048576K
2016-10-24T05:52:57.032+0800: 128.226: [GC (Allocation Failure) 2016-10-24T05:52:57.032+0800: 128.226: [ParNew
Desired survivor size 20112992 bytes, new threshold 8 (max 8)
- age   1:    5689600 bytes,    5689600 total
- age   2:    4865736 bytes,   10555336 total
- age   3:    1466288 bytes,   12021624 total
- age   4:    1482112 bytes,   13503736 total
- age   5:    1195480 bytes,   14699216 total
- age   6:    1818464 bytes,   16517680 total
- age   7:    1089488 bytes,   17607168 total
- age   8:     671392 bytes,   18278560 total
: 109248K->21824K(109248K), 0.0133073 secs] 165817K->83969K(502464K), 0.0133676 secs] [Times: user=0.04 sys=0.00, real=0.01 secs] 
Heap after GC invocations=19 (full 2):
 par new generation   total 109248K, used 21824K [0x00000007a0000000, 0x00000007a8000000, 0x00000007a8000000)
  eden space 87424K,   0% used [0x00000007a0000000, 0x00000007a0000000, 0x00000007a5560000)
  from space 21824K, 100% used [0x00000007a6ab0000, 0x00000007a8000000, 0x00000007a8000000)
  to   space 21824K,   0% used [0x00000007a5560000, 0x00000007a5560000, 0x00000007a6ab0000)
 concurrent mark-sweep generation total 393216K, used 62145K [0x00000007a8000000, 0x00000007c0000000, 0x00000007c0000000)
 Metaspace       used 38981K, capacity 39604K, committed 39996K, reserved 1085440K
  class space    used 4631K, capacity 4799K, committed 4924K, reserved 1048576K
}
2016-10-24T05:52:57.046+0800: 128.240: Total time for which application threads were stopped: 0.0135800 seconds, Stopping threads took: 0.0000296 seconds
{Heap before GC invocations=19 (full 2):
 par new generation   total 109248K, used 109248K [0x00000007a0000000, 0x00000007a8000000, 0x00000007a8000000)
  eden space 87424K, 100% used [0x00000007a0000000, 0x00000007a5560000, 0x00000007a5560000)
  from space 21824K, 100% used [0x00000007a6ab0000, 0x00000007a8000000, 0x00000007a8000000)
  to   space 21824K,   0% used [0x00000007a5560000, 0x00000007a5560000, 0x00000007a6ab0000)
 concurrent mark-sweep generation total 393216K, used 62145K [0x00000007a8000000, 0x00000007c0000000, 0x00000007c0000000)
 Metaspace       used 38981K, capacity 39604K, committed 39996K, reserved 1085440K
  class space    used 4631K, capacity 4799K, committed 4924K, reserved 1048576K
2016-10-24T05:52:57.364+0800: 128.558: [GC (Allocation Failure) 2016-10-24T05:52:57.364+0800: 128.558: [ParNew
Desired survivor size 20112992 bytes, new threshold 8 (max 8)
- age   1:    8431800 bytes,    8431800 total
- age   2:    2632584 bytes,   11064384 total
- age   3:    3058016 bytes,   14122400 total
- age   4:    1339088 bytes,   15461488 total
- age   5:    1363304 bytes,   16824792 total
- age   6:    1078904 bytes,   17903696 total
- age   7:    1715768 bytes,   19619464 total
- age   8:     988392 bytes,   20607856 total
: 109248K->21824K(109248K), 0.0154395 secs] 171393K->89409K(502464K), 0.0155286 secs] [Times: user=0.05 sys=0.00, real=0.01 secs] 
Heap after GC invocations=20 (full 2):
 par new generation   total 109248K, used 21824K [0x00000007a0000000, 0x00000007a8000000, 0x00000007a8000000)
  eden space 87424K,   0% used [0x00000007a0000000, 0x00000007a0000000, 0x00000007a5560000)
  from space 21824K, 100% used [0x00000007a5560000, 0x00000007a6ab0000, 0x00000007a6ab0000)
  to   space 21824K,   0% used [0x00000007a6ab0000, 0x00000007a6ab0000, 0x00000007a8000000)
 concurrent mark-sweep generation total 393216K, used 67585K [0x00000007a8000000, 0x00000007c0000000, 0x00000007c0000000)
 Metaspace       used 38981K, capacity 39604K, committed 39996K, reserved 1085440K
  class space    used 4631K, capacity 4799K, committed 4924K, reserved 1048576K
}
2016-10-24T05:52:57.379+0800: 128.573: Total time for which application threads were stopped: 0.0157104 seconds, Stopping threads took: 0.0000321 seconds
{Heap before GC invocations=20 (full 2):
 par new generation   total 109248K, used 109248K [0x00000007a0000000, 0x00000007a8000000, 0x00000007a8000000)
  eden space 87424K, 100% used [0x00000007a0000000, 0x00000007a5560000, 0x00000007a5560000)
  from space 21824K, 100% used [0x00000007a5560000, 0x00000007a6ab0000, 0x00000007a6ab0000)
  to   space 21824K,   0% used [0x00000007a6ab0000, 0x00000007a6ab0000, 0x00000007a8000000)
 concurrent mark-sweep generation total 393216K, used 67585K [0x00000007a8000000, 0x00000007c0000000, 0x00000007c0000000)
 Metaspace       used 38983K, capacity 39604K, committed 39996K, reserved 1085440K
  class space    used 4631K, capacity 4799K, committed 4924K, reserved 1048576K
2016-10-24T05:52:57.673+0800: 128.867: [GC (Allocation Failure) 2016-10-24T05:52:57.673+0800: 128.867: [ParNew
Desired survivor size 20112992 bytes, new threshold 8 (max 8)
- age   1:    4483216 bytes,    4483216 total
- age   2:    4606264 bytes,    9089480 total
- age   3:    1950272 bytes,   11039752 total
- age   4:    2856816 bytes,   13896568 total
- age   5:    1282800 bytes,   15179368 total
- age   6:    1307272 bytes,   16486640 total
- age   7:    1033240 bytes,   17519880 total
- age   8:    1679392 bytes,   19199272 total
: 109248K->21824K(109248K), 0.0164197 secs] 176833K->96078K(502464K), 0.0165268 secs] [Times: user=0.06 sys=0.01, real=0.02 secs] 
Heap after GC invocations=21 (full 2):
 par new generation   total 109248K, used 21824K [0x00000007a0000000, 0x00000007a8000000, 0x00000007a8000000)
  eden space 87424K,   0% used [0x00000007a0000000, 0x00000007a0000000, 0x00000007a5560000)
  from space 21824K, 100% used [0x00000007a6ab0000, 0x00000007a8000000, 0x00000007a8000000)
  to   space 21824K,   0% used [0x00000007a5560000, 0x00000007a5560000, 0x00000007a6ab0000)
 concurrent mark-sweep generation total 393216K, used 74254K [0x00000007a8000000, 0x00000007c0000000, 0x00000007c0000000)
 Metaspace       used 38983K, capacity 39604K, committed 39996K, reserved 1085440K
  class space    used 4631K, capacity 4799K, committed 4924K, reserved 1048576K
}
2016-10-24T05:52:57.690+0800: 128.884: Total time for which application threads were stopped: 0.0166992 seconds, Stopping threads took: 0.0000292 seconds
{Heap before GC invocations=21 (full 2):
 par new generation   total 109248K, used 109248K [0x00000007a0000000, 0x00000007a8000000, 0x00000007a8000000)
  eden space 87424K, 100% used [0x00000007a0000000, 0x00000007a5560000, 0x00000007a5560000)
  from space 21824K, 100% used [0x00000007a6ab0000, 0x00000007a8000000, 0x00000007a8000000)
  to   space 21824K,   0% used [0x00000007a5560000, 0x00000007a5560000, 0x00000007a6ab0000)
 concurrent mark-sweep generation total 393216K, used 74254K [0x00000007a8000000, 0x00000007c0000000, 0x00000007c0000000)
 Metaspace       used 38985K, capacity 39604K, committed 39996K, reserved 1085440K
  class space    used 4631K, capacity 4799K, committed 4924K, reserved 1048576K
2016-10-24T05:52:57.985+0800: 129.179: [GC (Allocation Failure) 2016-10-24T05:52:57.985+0800: 129.179: [ParNew
Desired survivor size 20112992 bytes, new threshold 6 (max 8)
- age   1:    6895840 bytes,    6895840 total
- age   2:    3757912 bytes,   10653752 total
- age   3:    4151840 bytes,   14805592 total
- age   4:    1738088 bytes,   16543680 total
- age   5:    2645624 bytes,   19189304 total
- age   6:    1097720 bytes,   20287024 total
- age   7:    1139328 bytes,   21426352 total
- age   8:     889600 bytes,   22315952 total
: 109248K->21824K(109248K), 0.0178178 secs] 183502K->101220K(502464K), 0.0178869 secs] [Times: user=0.06 sys=0.00, real=0.02 secs] 
Heap after GC invocations=22 (full 2):
 par new generation   total 109248K, used 21824K [0x00000007a0000000, 0x00000007a8000000, 0x00000007a8000000)
  eden space 87424K,   0% used [0x00000007a0000000, 0x00000007a0000000, 0x00000007a5560000)
  from space 21824K, 100% used [0x00000007a5560000, 0x00000007a6ab0000, 0x00000007a6ab0000)
  to   space 21824K,   0% used [0x00000007a6ab0000, 0x00000007a6ab0000, 0x00000007a8000000)
 concurrent mark-sweep generation total 393216K, used 79396K [0x00000007a8000000, 0x00000007c0000000, 0x00000007c0000000)
 Metaspace       used 38985K, capacity 39604K, committed 39996K, reserved 1085440K
  class space    used 4631K, capacity 4799K, committed 4924K, reserved 1048576K
}
2016-10-24T05:52:58.003+0800: 129.197: Total time for which application threads were stopped: 0.0180659 seconds, Stopping threads took: 0.0000294 seconds
{Heap before GC invocations=22 (full 2):
 par new generation   total 109248K, used 109248K [0x00000007a0000000, 0x00000007a8000000, 0x00000007a8000000)
  eden space 87424K, 100% used [0x00000007a0000000, 0x00000007a5560000, 0x00000007a5560000)
  from space 21824K, 100% used [0x00000007a5560000, 0x00000007a6ab0000, 0x00000007a6ab0000)
  to   space 21824K,   0% used [0x00000007a6ab0000, 0x00000007a6ab0000, 0x00000007a8000000)
 concurrent mark-sweep generation total 393216K, used 79396K [0x00000007a8000000, 0x00000007c0000000, 0x00000007c0000000)
 Metaspace       used 38989K, capacity 39604K, committed 39996K, reserved 1085440K
  class space    used 4631K, capacity 4799K, committed 4924K, reserved 1048576K
2016-10-24T05:52:58.285+0800: 129.479: [GC (Allocation Failure) 2016-10-24T05:52:58.285+0800: 129.479: [ParNew
Desired survivor size 20112992 bytes, new threshold 6 (max 8)
- age   1:    7095688 bytes,    7095688 total
- age   2:    3152336 bytes,   10248024 total
- age   3:    2751856 bytes,   12999880 total
- age   4:    4065544 bytes,   17065424 total
- age   5:    1666168 bytes,   18731592 total
- age   6:    2574392 bytes,   21305984 total
: 109248K->21824K(109248K), 0.0165331 secs] 188644K->107321K(502464K), 0.0165934 secs] [Times: user=0.05 sys=0.01, real=0.02 secs] 
Heap after GC invocations=23 (full 2):
 par new generation   total 109248K, used 21824K [0x00000007a0000000, 0x00000007a8000000, 0x00000007a8000000)
  eden space 87424K,   0% used [0x00000007a0000000, 0x00000007a0000000, 0x00000007a5560000)
  from space 21824K, 100% used [0x00000007a6ab0000, 0x00000007a8000000, 0x00000007a8000000)
  to   space 21824K,   0% used [0x00000007a5560000, 0x00000007a5560000, 0x00000007a6ab0000)
 concurrent mark-sweep generation total 393216K, used 85497K [0x00000007a8000000, 0x00000007c0000000, 0x00000007c0000000)
 Metaspace       used 38989K, capacity 39604K, committed 39996K, reserved 1085440K
  class space    used 4631K, capacity 4799K, committed 4924K, reserved 1048576K
}
2016-10-24T05:52:58.301+0800: 129.495: Total time for which application threads were stopped: 0.0167555 seconds, Stopping threads took: 0.0000267 seconds
{Heap before GC invocations=23 (full 2):
 par new generation   total 109248K, used 109248K [0x00000007a0000000, 0x00000007a8000000, 0x00000007a8000000)
  eden space 87424K, 100% used [0x00000007a0000000, 0x00000007a5560000, 0x00000007a5560000)
  from space 21824K, 100% used [0x00000007a6ab0000, 0x00000007a8000000, 0x00000007a8000000)
  to   space 21824K,   0% used [0x00000007a5560000, 0x00000007a5560000, 0x00000007a6ab0000)
 concurrent mark-sweep generation total 393216K, used 85497K [0x00000007a8000000, 0x00000007c0000000, 0x00000007c0000000)
 Metaspace       used 38989K, capacity 39604K, committed 39996K, reserved 1085440K
  class space    used 4631K, capacity 4799K, committed 4924K, reserved 1048576K
2016-10-24T05:52:58.620+0800: 129.815: [GC (Allocation Failure) 2016-10-24T05:52:58.620+0800: 129.815: [ParNew
Desired survivor size 20112992 bytes, new threshold 8 (max 8)
- age   1:    6745992 bytes,    6745992 total
- age   2:    2753272 bytes,    9499264 total
- age   3:    2696064 bytes,   12195328 total
- age   4:    2346992 bytes,   14542320 total
- age   5:    3237384 bytes,   17779704 total
- age   6:    1394184 bytes,   19173888 total
: 109248K->21824K(109248K), 0.0197218 secs] 194745K->116832K(502464K), 0.0197928 secs] [Times: user=0.06 sys=0.00, real=0.02 secs] 
Heap after GC invocations=24 (full 2):
 par new generation   total 109248K, used 21824K [0x00000007a0000000, 0x00000007a8000000, 0x00000007a8000000)
  eden space 87424K,   0% used [0x00000007a0000000, 0x00000007a0000000, 0x00000007a5560000)
  from space 21824K, 100% used [0x00000007a5560000, 0x00000007a6ab0000, 0x00000007a6ab0000)
  to   space 21824K,   0% used [0x00000007a6ab0000, 0x00000007a6ab0000, 0x00000007a8000000)
 concurrent mark-sweep generation total 393216K, used 95008K [0x00000007a8000000, 0x00000007c0000000, 0x00000007c0000000)
 Metaspace       used 38989K, capacity 39604K, committed 39996K, reserved 1085440K
  class space    used 4631K, capacity 4799K, committed 4924K, reserved 1048576K
}
2016-10-24T05:52:58.640+0800: 129.834: Total time for which application threads were stopped: 0.0199633 seconds, Stopping threads took: 0.0000294 seconds
{Heap before GC invocations=24 (full 2):
 par new generation   total 109248K, used 109248K [0x00000007a0000000, 0x00000007a8000000, 0x00000007a8000000)
  eden space 87424K, 100% used [0x00000007a0000000, 0x00000007a5560000, 0x00000007a5560000)
  from space 21824K, 100% used [0x00000007a5560000, 0x00000007a6ab0000, 0x00000007a6ab0000)
  to   space 21824K,   0% used [0x00000007a6ab0000, 0x00000007a6ab0000, 0x00000007a8000000)
 concurrent mark-sweep generation total 393216K, used 95008K [0x00000007a8000000, 0x00000007c0000000, 0x00000007c0000000)
 Metaspace       used 38989K, capacity 39604K, committed 39996K, reserved 1085440K
  class space    used 4631K, capacity 4799K, committed 4924K, reserved 1048576K
2016-10-24T05:52:58.941+0800: 130.135: [GC (Allocation Failure) 2016-10-24T05:52:58.941+0800: 130.135: [ParNew
Desired survivor size 20112992 bytes, new threshold 6 (max 8)
- age   1:    6882560 bytes,    6882560 total
- age   2:    4942112 bytes,   11824672 total
- age   3:    1812736 bytes,   13637408 total
- age   4:    2224912 bytes,   15862320 total
- age   5:    1693360 bytes,   17555680 total
- age   6:    3011328 bytes,   20567008 total
- age   7:    1153072 bytes,   21720080 total
: 109248K->21824K(109248K), 0.0199843 secs] 204256K->122811K(502464K), 0.0200755 secs] [Times: user=0.07 sys=0.00, real=0.02 secs] 
Heap after GC invocations=25 (full 2):
 par new generation   total 109248K, used 21824K [0x00000007a0000000, 0x00000007a8000000, 0x00000007a8000000)
  eden space 87424K,   0% used [0x00000007a0000000, 0x00000007a0000000, 0x00000007a5560000)
  from space 21824K, 100% used [0x00000007a6ab0000, 0x00000007a8000000, 0x00000007a8000000)
  to   space 21824K,   0% used [0x00000007a5560000, 0x00000007a5560000, 0x00000007a6ab0000)
 concurrent mark-sweep generation total 393216K, used 100987K [0x00000007a8000000, 0x00000007c0000000, 0x00000007c0000000)
 Metaspace       used 38989K, capacity 39604K, committed 39996K, reserved 1085440K
  class space    used 4631K, capacity 4799K, committed 4924K, reserved 1048576K
}
2016-10-24T05:52:58.961+0800: 130.155: Total time for which application threads were stopped: 0.0202734 seconds, Stopping threads took: 0.0000195 seconds
{Heap before GC invocations=25 (full 2):
 par new generation   total 109248K, used 109248K [0x00000007a0000000, 0x00000007a8000000, 0x00000007a8000000)
  eden space 87424K, 100% used [0x00000007a0000000, 0x00000007a5560000, 0x00000007a5560000)
  from space 21824K, 100% used [0x00000007a6ab0000, 0x00000007a8000000, 0x00000007a8000000)
  to   space 21824K,   0% used [0x00000007a5560000, 0x00000007a5560000, 0x00000007a6ab0000)
 concurrent mark-sweep generation total 393216K, used 100987K [0x00000007a8000000, 0x00000007c0000000, 0x00000007c0000000)
 Metaspace       used 38989K, capacity 39604K, committed 39996K, reserved 1085440K
  class space    used 4631K, capacity 4799K, committed 4924K, reserved 1048576K
2016-10-24T05:52:59.273+0800: 130.468: [GC (Allocation Failure) 2016-10-24T05:52:59.274+0800: 130.468: [ParNew
Desired survivor size 20112992 bytes, new threshold 6 (max 8)
- age   1:    7072712 bytes,    7072712 total
- age   2:    4000152 bytes,   11072864 total
- age   3:    4774760 bytes,   15847624 total
- age   4:    1708712 bytes,   17556336 total
- age   5:    2100496 bytes,   19656832 total
- age   6:    1602840 bytes,   21259672 total
: 109248K->21824K(109248K), 0.0204424 secs] 210235K->130274K(502464K), 0.0205196 secs] [Times: user=0.07 sys=0.01, real=0.02 secs] 
Heap after GC invocations=26 (full 2):
 par new generation   total 109248K, used 21824K [0x00000007a0000000, 0x00000007a8000000, 0x00000007a8000000)
  eden space 87424K,   0% used [0x00000007a0000000, 0x00000007a0000000, 0x00000007a5560000)
  from space 21824K, 100% used [0x00000007a5560000, 0x00000007a6ab0000, 0x00000007a6ab0000)
  to   space 21824K,   0% used [0x00000007a6ab0000, 0x00000007a6ab0000, 0x00000007a8000000)
 concurrent mark-sweep generation total 393216K, used 108450K [0x00000007a8000000, 0x00000007c0000000, 0x00000007c0000000)
 Metaspace       used 38989K, capacity 39604K, committed 39996K, reserved 1085440K
  class space    used 4631K, capacity 4799K, committed 4924K, reserved 1048576K
}
2016-10-24T05:52:59.294+0800: 130.488: Total time for which application threads were stopped: 0.0207456 seconds, Stopping threads took: 0.0000268 seconds
{Heap before GC invocations=26 (full 2):
 par new generation   total 109248K, used 109248K [0x00000007a0000000, 0x00000007a8000000, 0x00000007a8000000)
  eden space 87424K, 100% used [0x00000007a0000000, 0x00000007a5560000, 0x00000007a5560000)
  from space 21824K, 100% used [0x00000007a5560000, 0x00000007a6ab0000, 0x00000007a6ab0000)
  to   space 21824K,   0% used [0x00000007a6ab0000, 0x00000007a6ab0000, 0x00000007a8000000)
 concurrent mark-sweep generation total 393216K, used 108450K [0x00000007a8000000, 0x00000007c0000000, 0x00000007c0000000)
 Metaspace       used 38989K, capacity 39604K, committed 39996K, reserved 1085440K
  class space    used 4631K, capacity 4799K, committed 4924K, reserved 1048576K
2016-10-24T05:52:59.624+0800: 130.818: [GC (Allocation Failure) 2016-10-24T05:52:59.624+0800: 130.818: [ParNew
Desired survivor size 20112992 bytes, new threshold 6 (max 8)
- age   1:    3980104 bytes,    3980104 total
- age   2:    6169784 bytes,   10149888 total
- age   3:    2680848 bytes,   12830736 total
- age   4:    4653304 bytes,   17484040 total
- age   5:    1636720 bytes,   19120760 total
- age   6:    2048968 bytes,   21169728 total
: 109248K->21824K(109248K), 0.0197339 secs] 217698K->134791K(502464K), 0.0198084 secs] [Times: user=0.07 sys=0.00, real=0.02 secs] 
Heap after GC invocations=27 (full 2):
 par new generation   total 109248K, used 21824K [0x00000007a0000000, 0x00000007a8000000, 0x00000007a8000000)
  eden space 87424K,   0% used [0x00000007a0000000, 0x00000007a0000000, 0x00000007a5560000)
  from space 21824K, 100% used [0x00000007a6ab0000, 0x00000007a8000000, 0x00000007a8000000)
  to   space 21824K,   0% used [0x00000007a5560000, 0x00000007a5560000, 0x00000007a6ab0000)
 concurrent mark-sweep generation total 393216K, used 112967K [0x00000007a8000000, 0x00000007c0000000, 0x00000007c0000000)
 Metaspace       used 38989K, capacity 39604K, committed 39996K, reserved 1085440K
  class space    used 4631K, capacity 4799K, committed 4924K, reserved 1048576K
}
2016-10-24T05:52:59.644+0800: 130.838: Total time for which application threads were stopped: 0.0199806 seconds, Stopping threads took: 0.0000281 seconds
{Heap before GC invocations=27 (full 2):
 par new generation   total 109248K, used 109248K [0x00000007a0000000, 0x00000007a8000000, 0x00000007a8000000)
  eden space 87424K, 100% used [0x00000007a0000000, 0x00000007a5560000, 0x00000007a5560000)
  from space 21824K, 100% used [0x00000007a6ab0000, 0x00000007a8000000, 0x00000007a8000000)
  to   space 21824K,   0% used [0x00000007a5560000, 0x00000007a5560000, 0x00000007a6ab0000)
 concurrent mark-sweep generation total 393216K, used 112967K [0x00000007a8000000, 0x00000007c0000000, 0x00000007c0000000)
 Metaspace       used 38989K, capacity 39604K, committed 39996K, reserved 1085440K
  class space    used 4631K, capacity 4799K, committed 4924K, reserved 1048576K
2016-10-24T05:52:59.963+0800: 131.157: [GC (Allocation Failure) 2016-10-24T05:52:59.963+0800: 131.157: [ParNew
Desired survivor size 20112992 bytes, new threshold 6 (max 8)
- age   1:    6448192 bytes,    6448192 total
- age   2:    3391632 bytes,    9839824 total
- age   3:    2628040 bytes,   12467864 total
- age   4:    2654136 bytes,   15122000 total
- age   5:    4630912 bytes,   19752912 total
- age   6:    1608744 bytes,   21361656 total
: 109248K->21824K(109248K), 0.0200306 secs] 222215K->145233K(502464K), 0.0201090 secs] [Times: user=0.07 sys=0.00, real=0.02 secs] 
Heap after GC invocations=28 (full 2):
 par new generation   total 109248K, used 21824K [0x00000007a0000000, 0x00000007a8000000, 0x00000007a8000000)
  eden space 87424K,   0% used [0x00000007a0000000, 0x00000007a0000000, 0x00000007a5560000)
  from space 21824K, 100% used [0x00000007a5560000, 0x00000007a6ab0000, 0x00000007a6ab0000)
  to   space 21824K,   0% used [0x00000007a6ab0000, 0x00000007a6ab0000, 0x00000007a8000000)
 concurrent mark-sweep generation total 393216K, used 123409K [0x00000007a8000000, 0x00000007c0000000, 0x00000007c0000000)
 Metaspace       used 38989K, capacity 39604K, committed 39996K, reserved 1085440K
  class space    used 4631K, capacity 4799K, committed 4924K, reserved 1048576K
}
2016-10-24T05:52:59.983+0800: 131.177: Total time for which application threads were stopped: 0.0202997 seconds, Stopping threads took: 0.0000209 seconds
{Heap before GC invocations=28 (full 2):
 par new generation   total 109248K, used 109248K [0x00000007a0000000, 0x00000007a8000000, 0x00000007a8000000)
  eden space 87424K, 100% used [0x00000007a0000000, 0x00000007a5560000, 0x00000007a5560000)
  from space 21824K, 100% used [0x00000007a5560000, 0x00000007a6ab0000, 0x00000007a6ab0000)
  to   space 21824K,   0% used [0x00000007a6ab0000, 0x00000007a6ab0000, 0x00000007a8000000)
 concurrent mark-sweep generation total 393216K, used 123409K [0x00000007a8000000, 0x00000007c0000000, 0x00000007c0000000)
 Metaspace       used 38990K, capacity 39604K, committed 39996K, reserved 1085440K
  class space    used 4631K, capacity 4799K, committed 4924K, reserved 1048576K
2016-10-24T05:53:00.289+0800: 131.484: [GC (Allocation Failure) 2016-10-24T05:53:00.289+0800: 131.484: [ParNew
Desired survivor size 20112992 bytes, new threshold 6 (max 8)
- age   1:    4410912 bytes,    4410912 total
- age   2:    5477776 bytes,    9888688 total
- age   3:    1970544 bytes,   11859232 total
- age   4:    2555832 bytes,   14415064 total
- age   5:    2413192 bytes,   16828256 total
- age   6:    4618808 bytes,   21447064 total
: 109248K->21824K(109248K), 0.0174907 secs] 232657K->150521K(502464K), 0.0175732 secs] [Times: user=0.06 sys=0.00, real=0.02 secs] 
Heap after GC invocations=29 (full 2):
 par new generation   total 109248K, used 21824K [0x00000007a0000000, 0x00000007a8000000, 0x00000007a8000000)
  eden space 87424K,   0% used [0x00000007a0000000, 0x00000007a0000000, 0x00000007a5560000)
  from space 21824K, 100% used [0x00000007a6ab0000, 0x00000007a8000000, 0x00000007a8000000)
  to   space 21824K,   0% used [0x00000007a5560000, 0x00000007a5560000, 0x00000007a6ab0000)
 concurrent mark-sweep generation total 393216K, used 128697K [0x00000007a8000000, 0x00000007c0000000, 0x00000007c0000000)
 Metaspace       used 38990K, capacity 39604K, committed 39996K, reserved 1085440K
  class space    used 4631K, capacity 4799K, committed 4924K, reserved 1048576K
}
2016-10-24T05:53:00.307+0800: 131.501: Total time for which application threads were stopped: 0.0177351 seconds, Stopping threads took: 0.0000294 seconds
{Heap before GC invocations=29 (full 2):
 par new generation   total 109248K, used 109248K [0x00000007a0000000, 0x00000007a8000000, 0x00000007a8000000)
  eden space 87424K, 100% used [0x00000007a0000000, 0x00000007a5560000, 0x00000007a5560000)
  from space 21824K, 100% used [0x00000007a6ab0000, 0x00000007a8000000, 0x00000007a8000000)
  to   space 21824K,   0% used [0x00000007a5560000, 0x00000007a5560000, 0x00000007a6ab0000)
 concurrent mark-sweep generation total 393216K, used 128697K [0x00000007a8000000, 0x00000007c0000000, 0x00000007c0000000)
 Metaspace       used 38993K, capacity 39604K, committed 39996K, reserved 1085440K
  class space    used 4631K, capacity 4799K, committed 4924K, reserved 1048576K
2016-10-24T05:53:00.594+0800: 131.788: [GC (Allocation Failure) 2016-10-24T05:53:00.594+0800: 131.788: [ParNew
Desired survivor size 20112992 bytes, new threshold 8 (max 8)
- age   1:    4015840 bytes,    4015840 total
- age   2:    4139232 bytes,    8155072 total
- age   3:    4491152 bytes,   12646224 total
- age   4:    1910464 bytes,   14556688 total
- age   5:    2529424 bytes,   17086112 total
- age   6:    2391000 bytes,   19477112 total
: 109248K->21824K(109248K), 0.0224764 secs] 237945K->162680K(502464K), 0.0225517 secs] [Times: user=0.07 sys=0.01, real=0.02 secs] 
Heap after GC invocations=30 (full 2):
 par new generation   total 109248K, used 21824K [0x00000007a0000000, 0x00000007a8000000, 0x00000007a8000000)
  eden space 87424K,   0% used [0x00000007a0000000, 0x00000007a0000000, 0x00000007a5560000)
  from space 21824K, 100% used [0x00000007a5560000, 0x00000007a6ab0000, 0x00000007a6ab0000)
  to   space 21824K,   0% used [0x00000007a6ab0000, 0x00000007a6ab0000, 0x00000007a8000000)
 concurrent mark-sweep generation total 393216K, used 140856K [0x00000007a8000000, 0x00000007c0000000, 0x00000007c0000000)
 Metaspace       used 38993K, capacity 39604K, committed 39996K, reserved 1085440K
  class space    used 4631K, capacity 4799K, committed 4924K, reserved 1048576K
}
2016-10-24T05:53:00.616+0800: 131.811: Total time for which application threads were stopped: 0.0227103 seconds, Stopping threads took: 0.0000280 seconds
{Heap before GC invocations=30 (full 2):
 par new generation   total 109248K, used 109248K [0x00000007a0000000, 0x00000007a8000000, 0x00000007a8000000)
  eden space 87424K, 100% used [0x00000007a0000000, 0x00000007a5560000, 0x00000007a5560000)
  from space 21824K, 100% used [0x00000007a5560000, 0x00000007a6ab0000, 0x00000007a6ab0000)
  to   space 21824K,   0% used [0x00000007a6ab0000, 0x00000007a6ab0000, 0x00000007a8000000)
 concurrent mark-sweep generation total 393216K, used 140856K [0x00000007a8000000, 0x00000007c0000000, 0x00000007c0000000)
 Metaspace       used 38993K, capacity 39604K, committed 39996K, reserved 1085440K
  class space    used 4631K, capacity 4799K, committed 4924K, reserved 1048576K
2016-10-24T05:53:00.931+0800: 132.125: [GC (Allocation Failure) 2016-10-24T05:53:00.931+0800: 132.125: [ParNew
Desired survivor size 20112992 bytes, new threshold 8 (max 8)
- age   1:    4479496 bytes,    4479496 total
- age   2:    3503232 bytes,    7982728 total
- age   3:    2373224 bytes,   10355952 total
- age   4:    2221248 bytes,   12577200 total
- age   5:    1722152 bytes,   14299352 total
- age   6:    2395784 bytes,   16695136 total
- age   7:    2211040 bytes,   18906176 total
: 109248K->21824K(109248K), 0.0190904 secs] 250104K->168456K(502464K), 0.0193763 secs] [Times: user=0.07 sys=0.00, real=0.02 secs] 
Heap after GC invocations=31 (full 2):
 par new generation   total 109248K, used 21824K [0x00000007a0000000, 0x00000007a8000000, 0x00000007a8000000)
  eden space 87424K,   0% used [0x00000007a0000000, 0x00000007a0000000, 0x00000007a5560000)
  from space 21824K, 100% used [0x00000007a6ab0000, 0x00000007a8000000, 0x00000007a8000000)
  to   space 21824K,   0% used [0x00000007a5560000, 0x00000007a5560000, 0x00000007a6ab0000)
 concurrent mark-sweep generation total 393216K, used 146632K [0x00000007a8000000, 0x00000007c0000000, 0x00000007c0000000)
 Metaspace       used 38993K, capacity 39604K, committed 39996K, reserved 1085440K
  class space    used 4631K, capacity 4799K, committed 4924K, reserved 1048576K
}
2016-10-24T05:53:00.950+0800: 132.145: Total time for which application threads were stopped: 0.0195807 seconds, Stopping threads took: 0.0000292 seconds
{Heap before GC invocations=31 (full 2):
 par new generation   total 109248K, used 109248K [0x00000007a0000000, 0x00000007a8000000, 0x00000007a8000000)
  eden space 87424K, 100% used [0x00000007a0000000, 0x00000007a5560000, 0x00000007a5560000)
  from space 21824K, 100% used [0x00000007a6ab0000, 0x00000007a8000000, 0x00000007a8000000)
  to   space 21824K,   0% used [0x00000007a5560000, 0x00000007a5560000, 0x00000007a6ab0000)
 concurrent mark-sweep generation total 393216K, used 146632K [0x00000007a8000000, 0x00000007c0000000, 0x00000007c0000000)
 Metaspace       used 39161K, capacity 39796K, committed 40252K, reserved 1085440K
  class space    used 4647K, capacity 4799K, committed 4924K, reserved 1048576K
2016-10-24T05:53:01.674+0800: 132.868: [GC (Allocation Failure) 2016-10-24T05:53:01.674+0800: 132.868: [ParNew
Desired survivor size 20112992 bytes, new threshold 8 (max 8)
- age   1:    5701992 bytes,    5701992 total
- age   2:    3771432 bytes,    9473424 total
- age   3:    2463248 bytes,   11936672 total
- age   4:    2027072 bytes,   13963744 total
- age   5:    1949288 bytes,   15913032 total
- age   6:    1388800 bytes,   17301832 total
- age   7:    2137264 bytes,   19439096 total
- age   8:    2010672 bytes,   21449768 total
: 109248K->21824K(109248K), 0.0213196 secs] 255880K->175738K(502464K), 0.0213797 secs] [Times: user=0.10 sys=0.01, real=0.02 secs] 
Heap after GC invocations=32 (full 2):
 par new generation   total 109248K, used 21824K [0x00000007a0000000, 0x00000007a8000000, 0x00000007a8000000)
  eden space 87424K,   0% used [0x00000007a0000000, 0x00000007a0000000, 0x00000007a5560000)
  from space 21824K, 100% used [0x00000007a5560000, 0x00000007a6ab0000, 0x00000007a6ab0000)
  to   space 21824K,   0% used [0x00000007a6ab0000, 0x00000007a6ab0000, 0x00000007a8000000)
 concurrent mark-sweep generation total 393216K, used 153914K [0x00000007a8000000, 0x00000007c0000000, 0x00000007c0000000)
 Metaspace       used 39161K, capacity 39796K, committed 40252K, reserved 1085440K
  class space    used 4647K, capacity 4799K, committed 4924K, reserved 1048576K
}
2016-10-24T05:53:01.695+0800: 132.890: Total time for which application threads were stopped: 0.0215754 seconds, Stopping threads took: 0.0000161 seconds
2016-10-24T05:53:02.415+0800: 133.610: Total time for which application threads were stopped: 0.0001811 seconds, Stopping threads took: 0.0000194 seconds
{Heap before GC invocations=32 (full 2):
 par new generation   total 109248K, used 109248K [0x00000007a0000000, 0x00000007a8000000, 0x00000007a8000000)
  eden space 87424K, 100% used [0x00000007a0000000, 0x00000007a5560000, 0x00000007a5560000)
  from space 21824K, 100% used [0x00000007a5560000, 0x00000007a6ab0000, 0x00000007a6ab0000)
  to   space 21824K,   0% used [0x00000007a6ab0000, 0x00000007a6ab0000, 0x00000007a8000000)
 concurrent mark-sweep generation total 393216K, used 153914K [0x00000007a8000000, 0x00000007c0000000, 0x00000007c0000000)
 Metaspace       used 39361K, capacity 40020K, committed 40508K, reserved 1085440K
  class space    used 4656K, capacity 4831K, committed 4924K, reserved 1048576K
2016-10-24T05:53:02.458+0800: 133.652: [GC (Allocation Failure) 2016-10-24T05:53:02.458+0800: 133.652: [ParNew
Desired survivor size 20112992 bytes, new threshold 8 (max 8)
- age   1:     202272 bytes,     202272 total
- age   2:    2645040 bytes,    2847312 total
- age   3:    3614568 bytes,    6461880 total
- age   4:    2404024 bytes,    8865904 total
- age   5:    2012944 bytes,   10878848 total
- age   6:    1936312 bytes,   12815160 total
- age   7:    1374376 bytes,   14189536 total
- age   8:    2121928 bytes,   16311464 total
: 109248K->21824K(109248K), 0.0152560 secs] 263162K->180976K(502464K), 0.0153321 secs] [Times: user=0.05 sys=0.01, real=0.02 secs] 
Heap after GC invocations=33 (full 2):
 par new generation   total 109248K, used 21824K [0x00000007a0000000, 0x00000007a8000000, 0x00000007a8000000)
  eden space 87424K,   0% used [0x00000007a0000000, 0x00000007a0000000, 0x00000007a5560000)
  from space 21824K, 100% used [0x00000007a6ab0000, 0x00000007a8000000, 0x00000007a8000000)
  to   space 21824K,   0% used [0x00000007a5560000, 0x00000007a5560000, 0x00000007a6ab0000)
 concurrent mark-sweep generation total 393216K, used 159152K [0x00000007a8000000, 0x00000007c0000000, 0x00000007c0000000)
 Metaspace       used 39361K, capacity 40020K, committed 40508K, reserved 1085440K
  class space    used 4656K, capacity 4831K, committed 4924K, reserved 1048576K
}
2016-10-24T05:53:02.473+0800: 133.668: Total time for which application threads were stopped: 0.0155067 seconds, Stopping threads took: 0.0000275 seconds
{Heap before GC invocations=33 (full 2):
 par new generation   total 109248K, used 109248K [0x00000007a0000000, 0x00000007a8000000, 0x00000007a8000000)
  eden space 87424K, 100% used [0x00000007a0000000, 0x00000007a5560000, 0x00000007a5560000)
  from space 21824K, 100% used [0x00000007a6ab0000, 0x00000007a8000000, 0x00000007a8000000)
  to   space 21824K,   0% used [0x00000007a5560000, 0x00000007a5560000, 0x00000007a6ab0000)
 concurrent mark-sweep generation total 393216K, used 159152K [0x00000007a8000000, 0x00000007c0000000, 0x00000007c0000000)
 Metaspace       used 39366K, capacity 40020K, committed 40508K, reserved 1085440K
  class space    used 4656K, capacity 4831K, committed 4924K, reserved 1048576K
2016-10-24T05:53:02.523+0800: 133.717: [GC (Allocation Failure) 2016-10-24T05:53:02.523+0800: 133.717: [ParNew
Desired survivor size 20112992 bytes, new threshold 8 (max 8)
- age   1:      54512 bytes,      54512 total
- age   2:     132288 bytes,     186800 total
- age   3:    2645040 bytes,    2831840 total
- age   4:    3614568 bytes,    6446408 total
- age   5:    2404024 bytes,    8850432 total
- age   6:    2012944 bytes,   10863376 total
- age   7:    1936312 bytes,   12799688 total
- age   8:    1374376 bytes,   14174064 total
: 109248K->19319K(109248K), 0.0179788 secs] 268400K->180559K(502464K), 0.0180471 secs] [Times: user=0.08 sys=0.00, real=0.02 secs] 
Heap after GC invocations=34 (full 2):
 par new generation   total 109248K, used 19319K [0x00000007a0000000, 0x00000007a8000000, 0x00000007a8000000)
  eden space 87424K,   0% used [0x00000007a0000000, 0x00000007a0000000, 0x00000007a5560000)
  from space 21824K,  88% used [0x00000007a5560000, 0x00000007a683df90, 0x00000007a6ab0000)
  to   space 21824K,   0% used [0x00000007a6ab0000, 0x00000007a6ab0000, 0x00000007a8000000)
 concurrent mark-sweep generation total 393216K, used 161239K [0x00000007a8000000, 0x00000007c0000000, 0x00000007c0000000)
 Metaspace       used 39366K, capacity 40020K, committed 40508K, reserved 1085440K
  class space    used 4656K, capacity 4831K, committed 4924K, reserved 1048576K
}
2016-10-24T05:53:02.541+0800: 133.735: Total time for which application threads were stopped: 0.0182246 seconds, Stopping threads took: 0.0000167 seconds
2016-10-24T05:53:02.610+0800: 133.804: Total time for which application threads were stopped: 0.0001285 seconds, Stopping threads took: 0.0000187 seconds
{Heap before GC invocations=34 (full 2):
 par new generation   total 109248K, used 106743K [0x00000007a0000000, 0x00000007a8000000, 0x00000007a8000000)
  eden space 87424K, 100% used [0x00000007a0000000, 0x00000007a5560000, 0x00000007a5560000)
  from space 21824K,  88% used [0x00000007a5560000, 0x00000007a683df90, 0x00000007a6ab0000)
  to   space 21824K,   0% used [0x00000007a6ab0000, 0x00000007a6ab0000, 0x00000007a8000000)
 concurrent mark-sweep generation total 393216K, used 161239K [0x00000007a8000000, 0x00000007c0000000, 0x00000007c0000000)
 Metaspace       used 39385K, capacity 40020K, committed 40508K, reserved 1085440K
  class space    used 4658K, capacity 4831K, committed 4924K, reserved 1048576K
2016-10-24T05:53:02.912+0800: 134.106: [GC (Allocation Failure) 2016-10-24T05:53:02.912+0800: 134.106: [ParNew
Desired survivor size 20112992 bytes, new threshold 8 (max 8)
- age   1:     113928 bytes,     113928 total
- age   2:       2480 bytes,     116408 total
- age   3:      84416 bytes,     200824 total
- age   4:    2645040 bytes,    2845864 total
- age   5:    3614568 bytes,    6460432 total
- age   6:    2404024 bytes,    8864456 total
- age   7:    2012944 bytes,   10877400 total
- age   8:    1936312 bytes,   12813712 total
: 106743K->16647K(109248K), 0.0127858 secs] 267983K->179244K(502464K), 0.0128416 secs] [Times: user=0.07 sys=0.00, real=0.01 secs] 
Heap after GC invocations=35 (full 2):
 par new generation   total 109248K, used 16647K [0x00000007a0000000, 0x00000007a8000000, 0x00000007a8000000)
  eden space 87424K,   0% used [0x00000007a0000000, 0x00000007a0000000, 0x00000007a5560000)
  from space 21824K,  76% used [0x00000007a6ab0000, 0x00000007a7af1f20, 0x00000007a8000000)
  to   space 21824K,   0% used [0x00000007a5560000, 0x00000007a5560000, 0x00000007a6ab0000)
 concurrent mark-sweep generation total 393216K, used 162596K [0x00000007a8000000, 0x00000007c0000000, 0x00000007c0000000)
 Metaspace       used 39385K, capacity 40020K, committed 40508K, reserved 1085440K
  class space    used 4658K, capacity 4831K, committed 4924K, reserved 1048576K
}
2016-10-24T05:53:02.924+0800: 134.119: Total time for which application threads were stopped: 0.0130548 seconds, Stopping threads took: 0.0000187 seconds
{Heap before GC invocations=35 (full 2):
 par new generation   total 109248K, used 104071K [0x00000007a0000000, 0x00000007a8000000, 0x00000007a8000000)
  eden space 87424K, 100% used [0x00000007a0000000, 0x00000007a5560000, 0x00000007a5560000)
  from space 21824K,  76% used [0x00000007a6ab0000, 0x00000007a7af1f20, 0x00000007a8000000)
  to   space 21824K,   0% used [0x00000007a5560000, 0x00000007a5560000, 0x00000007a6ab0000)
 concurrent mark-sweep generation total 393216K, used 162596K [0x00000007a8000000, 0x00000007c0000000, 0x00000007c0000000)
 Metaspace       used 39385K, capacity 40020K, committed 40508K, reserved 1085440K
  class space    used 4658K, capacity 4831K, committed 4924K, reserved 1048576K
2016-10-24T05:53:03.243+0800: 134.438: [GC (Allocation Failure) 2016-10-24T05:53:03.243+0800: 134.438: [ParNew
Desired survivor size 20112992 bytes, new threshold 8 (max 8)
- age   1:     387304 bytes,     387304 total
- age   2:      15880 bytes,     403184 total
- age   3:       2480 bytes,     405664 total
- age   4:      84416 bytes,     490080 total
- age   5:    2645040 bytes,    3135120 total
- age   6:    3614568 bytes,    6749688 total
- age   7:    2404024 bytes,    9153712 total
- age   8:    2012944 bytes,   11166656 total
: 104071K->13127K(109248K), 0.0121462 secs] 266668K->177629K(502464K), 0.0121952 secs] [Times: user=0.06 sys=0.00, real=0.01 secs] 
Heap after GC invocations=36 (full 2):
 par new generation   total 109248K, used 13127K [0x00000007a0000000, 0x00000007a8000000, 0x00000007a8000000)
  eden space 87424K,   0% used [0x00000007a0000000, 0x00000007a0000000, 0x00000007a5560000)
  from space 21824K,  60% used [0x00000007a5560000, 0x00000007a6231f50, 0x00000007a6ab0000)
  to   space 21824K,   0% used [0x00000007a6ab0000, 0x00000007a6ab0000, 0x00000007a8000000)
 concurrent mark-sweep generation total 393216K, used 164501K [0x00000007a8000000, 0x00000007c0000000, 0x00000007c0000000)
 Metaspace       used 39385K, capacity 40020K, committed 40508K, reserved 1085440K
  class space    used 4658K, capacity 4831K, committed 4924K, reserved 1048576K
}
2016-10-24T05:53:03.256+0800: 134.450: Total time for which application threads were stopped: 0.0123767 seconds, Stopping threads took: 0.0000167 seconds
{Heap before GC invocations=36 (full 2):
 par new generation   total 109248K, used 100551K [0x00000007a0000000, 0x00000007a8000000, 0x00000007a8000000)
  eden space 87424K, 100% used [0x00000007a0000000, 0x00000007a5560000, 0x00000007a5560000)
  from space 21824K,  60% used [0x00000007a5560000, 0x00000007a6231f50, 0x00000007a6ab0000)
  to   space 21824K,   0% used [0x00000007a6ab0000, 0x00000007a6ab0000, 0x00000007a8000000)
 concurrent mark-sweep generation total 393216K, used 164501K [0x00000007a8000000, 0x00000007c0000000, 0x00000007c0000000)
 Metaspace       used 39414K, capacity 40084K, committed 40508K, reserved 1085440K
  class space    used 4663K, capacity 4831K, committed 4924K, reserved 1048576K
2016-10-24T05:53:03.478+0800: 134.672: [GC (Allocation Failure) 2016-10-24T05:53:03.478+0800: 134.672: [ParNew
Desired survivor size 20112992 bytes, new threshold 8 (max 8)
- age   1:    1142568 bytes,    1142568 total
- age   2:        232 bytes,    1142800 total
- age   3:       1344 bytes,    1144144 total
- age   4:       2416 bytes,    1146560 total
- age   5:      37912 bytes,    1184472 total
- age   6:    2422848 bytes,    3607320 total
- age   7:    3538896 bytes,    7146216 total
- age   8:    2341792 bytes,    9488008 total
: 100551K->14300K(109248K), 0.0132555 secs] 265053K->180782K(502464K), 0.0133185 secs] [Times: user=0.07 sys=0.00, real=0.02 secs] 
Heap after GC invocations=37 (full 2):
 par new generation   total 109248K, used 14300K [0x00000007a0000000, 0x00000007a8000000, 0x00000007a8000000)
  eden space 87424K,   0% used [0x00000007a0000000, 0x00000007a0000000, 0x00000007a5560000)
  from space 21824K,  65% used [0x00000007a6ab0000, 0x00000007a78a7010, 0x00000007a8000000)
  to   space 21824K,   0% used [0x00000007a5560000, 0x00000007a5560000, 0x00000007a6ab0000)
 concurrent mark-sweep generation total 393216K, used 166482K [0x00000007a8000000, 0x00000007c0000000, 0x00000007c0000000)
 Metaspace       used 39414K, capacity 40084K, committed 40508K, reserved 1085440K
  class space    used 4663K, capacity 4831K, committed 4924K, reserved 1048576K
}
2016-10-24T05:53:03.491+0800: 134.685: Total time for which application threads were stopped: 0.0135368 seconds, Stopping threads took: 0.0000182 seconds
{Heap before GC invocations=37 (full 2):
 par new generation   total 109248K, used 101724K [0x00000007a0000000, 0x00000007a8000000, 0x00000007a8000000)
  eden space 87424K, 100% used [0x00000007a0000000, 0x00000007a5560000, 0x00000007a5560000)
  from space 21824K,  65% used [0x00000007a6ab0000, 0x00000007a78a7010, 0x00000007a8000000)
  to   space 21824K,   0% used [0x00000007a5560000, 0x00000007a5560000, 0x00000007a6ab0000)
 concurrent mark-sweep generation total 393216K, used 166482K [0x00000007a8000000, 0x00000007c0000000, 0x00000007c0000000)
 Metaspace       used 39414K, capacity 40084K, committed 40508K, reserved 1085440K
  class space    used 4663K, capacity 4831K, committed 4924K, reserved 1048576K
2016-10-24T05:53:03.814+0800: 135.008: [GC (Allocation Failure) 2016-10-24T05:53:03.814+0800: 135.008: [ParNew
Desired survivor size 20112992 bytes, new threshold 8 (max 8)
- age   1:    5547880 bytes,    5547880 total
- age   2:     948232 bytes,    6496112 total
- age   3:        232 bytes,    6496344 total
- age   4:       1344 bytes,    6497688 total
- age   5:       2416 bytes,    6500104 total
- age   6:      37912 bytes,    6538016 total
- age   7:    2422848 bytes,    8960864 total
- age   8:    3538896 bytes,   12499760 total
: 101724K->14325K(109248K), 0.0122188 secs] 268206K->183119K(502464K), 0.0123138 secs] [Times: user=0.04 sys=0.00, real=0.01 secs] 
Heap after GC invocations=38 (full 2):
 par new generation   total 109248K, used 14325K [0x00000007a0000000, 0x00000007a8000000, 0x00000007a8000000)
  eden space 87424K,   0% used [0x00000007a0000000, 0x00000007a0000000, 0x00000007a5560000)
  from space 21824K,  65% used [0x00000007a5560000, 0x00000007a635d500, 0x00000007a6ab0000)
  to   space 21824K,   0% used [0x00000007a6ab0000, 0x00000007a6ab0000, 0x00000007a8000000)
 concurrent mark-sweep generation total 393216K, used 168794K [0x00000007a8000000, 0x00000007c0000000, 0x00000007c0000000)
 Metaspace       used 39414K, capacity 40084K, committed 40508K, reserved 1085440K
  class space    used 4663K, capacity 4831K, committed 4924K, reserved 1048576K
}
2016-10-24T05:53:03.826+0800: 135.021: Total time for which application threads were stopped: 0.0124760 seconds, Stopping threads took: 0.0000279 seconds
{Heap before GC invocations=38 (full 2):
 par new generation   total 109248K, used 101749K [0x00000007a0000000, 0x00000007a8000000, 0x00000007a8000000)
  eden space 87424K, 100% used [0x00000007a0000000, 0x00000007a5560000, 0x00000007a5560000)
  from space 21824K,  65% used [0x00000007a5560000, 0x00000007a635d500, 0x00000007a6ab0000)
  to   space 21824K,   0% used [0x00000007a6ab0000, 0x00000007a6ab0000, 0x00000007a8000000)
 concurrent mark-sweep generation total 393216K, used 168794K [0x00000007a8000000, 0x00000007c0000000, 0x00000007c0000000)
 Metaspace       used 39414K, capacity 40084K, committed 40508K, reserved 1085440K
  class space    used 4663K, capacity 4831K, committed 4924K, reserved 1048576K
2016-10-24T05:53:04.097+0800: 135.291: [GC (Allocation Failure) 2016-10-24T05:53:04.097+0800: 135.291: [ParNew
Desired survivor size 20112992 bytes, new threshold 8 (max 8)
- age   1:    6403272 bytes,    6403272 total
- age   2:    4544328 bytes,   10947600 total
- age   3:     945320 bytes,   11892920 total
- age   4:        232 bytes,   11893152 total
- age   5:       1344 bytes,   11894496 total
- age   6:       2416 bytes,   11896912 total
- age   7:      37912 bytes,   11934824 total
- age   8:    2422848 bytes,   14357672 total
: 101749K->18814K(109248K), 0.0144193 secs] 270543K->191097K(502464K), 0.0144811 secs] [Times: user=0.05 sys=0.00, real=0.02 secs] 
Heap after GC invocations=39 (full 2):
 par new generation   total 109248K, used 18814K [0x00000007a0000000, 0x00000007a8000000, 0x00000007a8000000)
  eden space 87424K,   0% used [0x00000007a0000000, 0x00000007a0000000, 0x00000007a5560000)
  from space 21824K,  86% used [0x00000007a6ab0000, 0x00000007a7d0fad0, 0x00000007a8000000)
  to   space 21824K,   0% used [0x00000007a5560000, 0x00000007a5560000, 0x00000007a6ab0000)
 concurrent mark-sweep generation total 393216K, used 172282K [0x00000007a8000000, 0x00000007c0000000, 0x00000007c0000000)
 Metaspace       used 39414K, capacity 40084K, committed 40508K, reserved 1085440K
  class space    used 4663K, capacity 4831K, committed 4924K, reserved 1048576K
}
2016-10-24T05:53:04.111+0800: 135.306: Total time for which application threads were stopped: 0.0146557 seconds, Stopping threads took: 0.0000297 seconds
{Heap before GC invocations=39 (full 2):
 par new generation   total 109248K, used 106238K [0x00000007a0000000, 0x00000007a8000000, 0x00000007a8000000)
  eden space 87424K, 100% used [0x00000007a0000000, 0x00000007a5560000, 0x00000007a5560000)
  from space 21824K,  86% used [0x00000007a6ab0000, 0x00000007a7d0fad0, 0x00000007a8000000)
  to   space 21824K,   0% used [0x00000007a5560000, 0x00000007a5560000, 0x00000007a6ab0000)
 concurrent mark-sweep generation total 393216K, used 172282K [0x00000007a8000000, 0x00000007c0000000, 0x00000007c0000000)
 Metaspace       used 39414K, capacity 40084K, committed 40508K, reserved 1085440K
  class space    used 4663K, capacity 4831K, committed 4924K, reserved 1048576K
2016-10-24T05:53:04.378+0800: 135.572: [GC (Allocation Failure) 2016-10-24T05:53:04.378+0800: 135.572: [ParNew
Desired survivor size 20112992 bytes, new threshold 8 (max 8)
- age   1:    8218488 bytes,    8218488 total
- age   2:    5156248 bytes,   13374736 total
- age   3:    4544328 bytes,   17919064 total
- age   4:     945320 bytes,   18864384 total
- age   5:        232 bytes,   18864616 total
- age   6:       1344 bytes,   18865960 total
- age   7:       2416 bytes,   18868376 total
- age   8:      37912 bytes,   18906288 total
: 106238K->21824K(109248K), 0.0175717 secs] 278521K->196501K(502464K), 0.0176761 secs] [Times: user=0.07 sys=0.00, real=0.02 secs] 
Heap after GC invocations=40 (full 2):
 par new generation   total 109248K, used 21824K [0x00000007a0000000, 0x00000007a8000000, 0x00000007a8000000)
  eden space 87424K,   0% used [0x00000007a0000000, 0x00000007a0000000, 0x00000007a5560000)
  from space 21824K, 100% used [0x00000007a5560000, 0x00000007a6ab0000, 0x00000007a6ab0000)
  to   space 21824K,   0% used [0x00000007a6ab0000, 0x00000007a6ab0000, 0x00000007a8000000)
 concurrent mark-sweep generation total 393216K, used 174677K [0x00000007a8000000, 0x00000007c0000000, 0x00000007c0000000)
 Metaspace       used 39414K, capacity 40084K, committed 40508K, reserved 1085440K
  class space    used 4663K, capacity 4831K, committed 4924K, reserved 1048576K
}
2016-10-24T05:53:04.395+0800: 135.590: Total time for which application threads were stopped: 0.0178862 seconds, Stopping threads took: 0.0000277 seconds
{Heap before GC invocations=40 (full 2):
 par new generation   total 109248K, used 109248K [0x00000007a0000000, 0x00000007a8000000, 0x00000007a8000000)
  eden space 87424K, 100% used [0x00000007a0000000, 0x00000007a5560000, 0x00000007a5560000)
  from space 21824K, 100% used [0x00000007a5560000, 0x00000007a6ab0000, 0x00000007a6ab0000)
  to   space 21824K,   0% used [0x00000007a6ab0000, 0x00000007a6ab0000, 0x00000007a8000000)
 concurrent mark-sweep generation total 393216K, used 174677K [0x00000007a8000000, 0x00000007c0000000, 0x00000007c0000000)
 Metaspace       used 39414K, capacity 40084K, committed 40508K, reserved 1085440K
  class space    used 4663K, capacity 4831K, committed 4924K, reserved 1048576K
2016-10-24T05:53:04.659+0800: 135.853: [GC (Allocation Failure) 2016-10-24T05:53:04.659+0800: 135.853: [ParNew
Desired survivor size 20112992 bytes, new threshold 5 (max 8)
- age   1:    5845368 bytes,    5845368 total
- age   2:    6210384 bytes,   12055752 total
- age   3:    3984896 bytes,   16040648 total
- age   4:    4002872 bytes,   20043520 total
- age   5:     634464 bytes,   20677984 total
- age   6:        232 bytes,   20678216 total
- age   7:       1344 bytes,   20679560 total
- age   8:       2416 bytes,   20681976 total
: 109248K->21824K(109248K), 0.0170586 secs] 283925K->200086K(502464K), 0.0171303 secs] [Times: user=0.06 sys=0.00, real=0.02 secs] 
Heap after GC invocations=41 (full 2):
 par new generation   total 109248K, used 21824K [0x00000007a0000000, 0x00000007a8000000, 0x00000007a8000000)
  eden space 87424K,   0% used [0x00000007a0000000, 0x00000007a0000000, 0x00000007a5560000)
  from space 21824K, 100% used [0x00000007a6ab0000, 0x00000007a8000000, 0x00000007a8000000)
  to   space 21824K,   0% used [0x00000007a5560000, 0x00000007a5560000, 0x00000007a6ab0000)
 concurrent mark-sweep generation total 393216K, used 178262K [0x00000007a8000000, 0x00000007c0000000, 0x00000007c0000000)
 Metaspace       used 39414K, capacity 40084K, committed 40508K, reserved 1085440K
  class space    used 4663K, capacity 4831K, committed 4924K, reserved 1048576K
}
2016-10-24T05:53:04.676+0800: 135.870: Total time for which application threads were stopped: 0.0172952 seconds, Stopping threads took: 0.0000292 seconds
{Heap before GC invocations=41 (full 2):
 par new generation   total 109248K, used 109248K [0x00000007a0000000, 0x00000007a8000000, 0x00000007a8000000)
  eden space 87424K, 100% used [0x00000007a0000000, 0x00000007a5560000, 0x00000007a5560000)
  from space 21824K, 100% used [0x00000007a6ab0000, 0x00000007a8000000, 0x00000007a8000000)
  to   space 21824K,   0% used [0x00000007a5560000, 0x00000007a5560000, 0x00000007a6ab0000)
 concurrent mark-sweep generation total 393216K, used 178262K [0x00000007a8000000, 0x00000007c0000000, 0x00000007c0000000)
 Metaspace       used 39414K, capacity 40084K, committed 40508K, reserved 1085440K
  class space    used 4663K, capacity 4831K, committed 4924K, reserved 1048576K
2016-10-24T05:53:04.961+0800: 136.155: [GC (Allocation Failure) 2016-10-24T05:53:04.961+0800: 136.155: [ParNew
Desired survivor size 20112992 bytes, new threshold 5 (max 8)
- age   1:    5313944 bytes,    5313944 total
- age   2:    3508408 bytes,    8822352 total
- age   3:    5834704 bytes,   14657056 total
- age   4:    3274856 bytes,   17931912 total
- age   5:    3603416 bytes,   21535328 total
: 109248K->21824K(109248K), 0.0217102 secs] 287510K->204606K(502464K), 0.0217806 secs] [Times: user=0.08 sys=0.01, real=0.02 secs] 
Heap after GC invocations=42 (full 2):
 par new generation   total 109248K, used 21824K [0x00000007a0000000, 0x00000007a8000000, 0x00000007a8000000)
  eden space 87424K,   0% used [0x00000007a0000000, 0x00000007a0000000, 0x00000007a5560000)
  from space 21824K, 100% used [0x00000007a5560000, 0x00000007a6ab0000, 0x00000007a6ab0000)
  to   space 21824K,   0% used [0x00000007a6ab0000, 0x00000007a6ab0000, 0x00000007a8000000)
 concurrent mark-sweep generation total 393216K, used 182782K [0x00000007a8000000, 0x00000007c0000000, 0x00000007c0000000)
 Metaspace       used 39414K, capacity 40084K, committed 40508K, reserved 1085440K
  class space    used 4663K, capacity 4831K, committed 4924K, reserved 1048576K
}
2016-10-24T05:53:04.983+0800: 136.177: Total time for which application threads were stopped: 0.0219460 seconds, Stopping threads took: 0.0000230 seconds
{Heap before GC invocations=42 (full 2):
 par new generation   total 109248K, used 109248K [0x00000007a0000000, 0x00000007a8000000, 0x00000007a8000000)
  eden space 87424K, 100% used [0x00000007a0000000, 0x00000007a5560000, 0x00000007a5560000)
  from space 21824K, 100% used [0x00000007a5560000, 0x00000007a6ab0000, 0x00000007a6ab0000)
  to   space 21824K,   0% used [0x00000007a6ab0000, 0x00000007a6ab0000, 0x00000007a8000000)
 concurrent mark-sweep generation total 393216K, used 182782K [0x00000007a8000000, 0x00000007c0000000, 0x00000007c0000000)
 Metaspace       used 39414K, capacity 40084K, committed 40508K, reserved 1085440K
  class space    used 4663K, capacity 4831K, committed 4924K, reserved 1048576K
2016-10-24T05:53:05.248+0800: 136.442: [GC (Allocation Failure) 2016-10-24T05:53:05.248+0800: 136.442: [ParNew
Desired survivor size 20112992 bytes, new threshold 5 (max 8)
- age   1:    5807336 bytes,    5807336 total
- age   2:    3610392 bytes,    9417728 total
- age   3:    3317120 bytes,   12734848 total
- age   4:    5406728 bytes,   18141576 total
- age   5:    3104424 bytes,   21246000 total
: 109248K->21824K(109248K), 0.0205566 secs] 292030K->211433K(502464K), 0.0206322 secs] [Times: user=0.08 sys=0.00, real=0.02 secs] 
Heap after GC invocations=43 (full 2):
 par new generation   total 109248K, used 21824K [0x00000007a0000000, 0x00000007a8000000, 0x00000007a8000000)
  eden space 87424K,   0% used [0x00000007a0000000, 0x00000007a0000000, 0x00000007a5560000)
  from space 21824K, 100% used [0x00000007a6ab0000, 0x00000007a8000000, 0x00000007a8000000)
  to   space 21824K,   0% used [0x00000007a5560000, 0x00000007a5560000, 0x00000007a6ab0000)
 concurrent mark-sweep generation total 393216K, used 189609K [0x00000007a8000000, 0x00000007c0000000, 0x00000007c0000000)
 Metaspace       used 39414K, capacity 40084K, committed 40508K, reserved 1085440K
  class space    used 4663K, capacity 4831K, committed 4924K, reserved 1048576K
}
2016-10-24T05:53:05.268+0800: 136.463: Total time for which application threads were stopped: 0.0207952 seconds, Stopping threads took: 0.0000273 seconds
{Heap before GC invocations=43 (full 2):
 par new generation   total 109248K, used 109248K [0x00000007a0000000, 0x00000007a8000000, 0x00000007a8000000)
  eden space 87424K, 100% used [0x00000007a0000000, 0x00000007a5560000, 0x00000007a5560000)
  from space 21824K, 100% used [0x00000007a6ab0000, 0x00000007a8000000, 0x00000007a8000000)
  to   space 21824K,   0% used [0x00000007a5560000, 0x00000007a5560000, 0x00000007a6ab0000)
 concurrent mark-sweep generation total 393216K, used 189609K [0x00000007a8000000, 0x00000007c0000000, 0x00000007c0000000)
 Metaspace       used 39414K, capacity 40084K, committed 40508K, reserved 1085440K
  class space    used 4663K, capacity 4831K, committed 4924K, reserved 1048576K
2016-10-24T05:53:05.546+0800: 136.741: [GC (Allocation Failure) 2016-10-24T05:53:05.546+0800: 136.741: [ParNew
Desired survivor size 20112992 bytes, new threshold 8 (max 8)
- age   1:    4628352 bytes,    4628352 total
- age   2:    4144072 bytes,    8772424 total
- age   3:    3217360 bytes,   11989784 total
- age   4:    3013824 bytes,   15003608 total
- age   5:    5108176 bytes,   20111784 total
: 109248K->21824K(109248K), 0.0249099 secs] 298857K->219285K(502464K), 0.0249967 secs] [Times: user=0.08 sys=0.01, real=0.03 secs] 
Heap after GC invocations=44 (full 2):
 par new generation   total 109248K, used 21824K [0x00000007a0000000, 0x00000007a8000000, 0x00000007a8000000)
  eden space 87424K,   0% used [0x00000007a0000000, 0x00000007a0000000, 0x00000007a5560000)
  from space 21824K, 100% used [0x00000007a5560000, 0x00000007a6ab0000, 0x00000007a6ab0000)
  to   space 21824K,   0% used [0x00000007a6ab0000, 0x00000007a6ab0000, 0x00000007a8000000)
 concurrent mark-sweep generation total 393216K, used 197461K [0x00000007a8000000, 0x00000007c0000000, 0x00000007c0000000)
 Metaspace       used 39414K, capacity 40084K, committed 40508K, reserved 1085440K
  class space    used 4663K, capacity 4831K, committed 4924K, reserved 1048576K
}
2016-10-24T05:53:05.571+0800: 136.766: Total time for which application threads were stopped: 0.0251612 seconds, Stopping threads took: 0.0000271 seconds
2016-10-24T05:53:05.571+0800: 136.766: [GC (CMS Initial Mark) [1 CMS-initial-mark: 197461K(393216K)] 221032K(502464K), 0.0071376 secs] [Times: user=0.02 sys=0.00, real=0.00 secs] 
2016-10-24T05:53:05.579+0800: 136.773: Total time for which application threads were stopped: 0.0073188 seconds, Stopping threads took: 0.0000720 seconds
2016-10-24T05:53:05.579+0800: 136.773: [CMS-concurrent-mark-start]
2016-10-24T05:53:05.607+0800: 136.801: [CMS-concurrent-mark: 0.028/0.028 secs] [Times: user=0.14 sys=0.00, real=0.03 secs] 
2016-10-24T05:53:05.607+0800: 136.801: [CMS-concurrent-preclean-start]
2016-10-24T05:53:05.609+0800: 136.803: [CMS-concurrent-preclean: 0.002/0.002 secs] [Times: user=0.00 sys=0.00, real=0.00 secs] 
2016-10-24T05:53:05.609+0800: 136.803: [CMS-concurrent-abortable-preclean-start]
2016-10-24T05:53:05.776+0800: 136.971: [CMS-concurrent-abortable-preclean: 0.167/0.167 secs] [Times: user=0.33 sys=0.00, real=0.17 secs] 
2016-10-24T05:53:05.776+0800: 136.971: [GC (CMS Final Remark) [YG occupancy: 82979 K (109248 K)]{Heap before GC invocations=44 (full 3):
 par new generation   total 109248K, used 82979K [0x00000007a0000000, 0x00000007a8000000, 0x00000007a8000000)
  eden space 87424K,  69% used [0x00000007a0000000, 0x00000007a3bb8fa8, 0x00000007a5560000)
  from space 21824K, 100% used [0x00000007a5560000, 0x00000007a6ab0000, 0x00000007a6ab0000)
  to   space 21824K,   0% used [0x00000007a6ab0000, 0x00000007a6ab0000, 0x00000007a8000000)
 concurrent mark-sweep generation total 393216K, used 197461K [0x00000007a8000000, 0x00000007c0000000, 0x00000007c0000000)
 Metaspace       used 39414K, capacity 40084K, committed 40508K, reserved 1085440K
  class space    used 4663K, capacity 4831K, committed 4924K, reserved 1048576K
2016-10-24T05:53:05.776+0800: 136.971: [GC (CMS Final Remark) 2016-10-24T05:53:05.776+0800: 136.971: [ParNew
Desired survivor size 20112992 bytes, new threshold 6 (max 8)
- age   1:    3645664 bytes,    3645664 total
- age   2:    3989512 bytes,    7635176 total
- age   3:    3565048 bytes,   11200224 total
- age   4:    2707624 bytes,   13907848 total
- age   5:    2419424 bytes,   16327272 total
- age   6:    4492416 bytes,   20819688 total
: 82979K->21824K(109248K), 0.0231033 secs] 280441K->226712K(502464K), 0.0231724 secs] [Times: user=0.08 sys=0.00, real=0.03 secs] 
Heap after GC invocations=45 (full 3):
 par new generation   total 109248K, used 21824K [0x00000007a0000000, 0x00000007a8000000, 0x00000007a8000000)
  eden space 87424K,   0% used [0x00000007a0000000, 0x00000007a0000000, 0x00000007a5560000)
  from space 21824K, 100% used [0x00000007a6ab0000, 0x00000007a8000000, 0x00000007a8000000)
  to   space 21824K,   0% used [0x00000007a5560000, 0x00000007a5560000, 0x00000007a6ab0000)
 concurrent mark-sweep generation total 393216K, used 204888K [0x00000007a8000000, 0x00000007c0000000, 0x00000007c0000000)
 Metaspace       used 39414K, capacity 40084K, committed 40508K, reserved 1085440K
  class space    used 4663K, capacity 4831K, committed 4924K, reserved 1048576K
}
2016-10-24T05:53:05.800+0800: 136.994: [Rescan (parallel) , 0.0083634 secs]2016-10-24T05:53:05.808+0800: 137.002: [weak refs processing, 0.0009335 secs]2016-10-24T05:53:05.809+0800: 137.003: [class unloading, 0.0090896 secs]2016-10-24T05:53:05.818+0800: 137.012: [scrub symbol table, 0.0066286 secs]2016-10-24T05:53:05.825+0800: 137.019: [scrub string table, 0.0005778 secs][1 CMS-remark: 204888K(393216K)] 226712K(502464K), 0.0498396 secs] [Times: user=0.14 sys=0.01, real=0.05 secs] 
2016-10-24T05:53:05.826+0800: 137.021: Total time for which application threads were stopped: 0.0499597 seconds, Stopping threads took: 0.0000187 seconds
2016-10-24T05:53:05.826+0800: 137.021: [CMS-concurrent-sweep-start]
2016-10-24T05:53:05.890+0800: 137.084: [CMS-concurrent-sweep: 0.064/0.064 secs] [Times: user=0.12 sys=0.00, real=0.07 secs] 
2016-10-24T05:53:05.890+0800: 137.084: [CMS-concurrent-reset-start]
2016-10-24T05:53:05.891+0800: 137.085: [CMS-concurrent-reset: 0.000/0.000 secs] [Times: user=0.00 sys=0.00, real=0.00 secs] 
{Heap before GC invocations=45 (full 3):
 par new generation   total 109248K, used 109248K [0x00000007a0000000, 0x00000007a8000000, 0x00000007a8000000)
  eden space 87424K, 100% used [0x00000007a0000000, 0x00000007a5560000, 0x00000007a5560000)
  from space 21824K, 100% used [0x00000007a6ab0000, 0x00000007a8000000, 0x00000007a8000000)
  to   space 21824K,   0% used [0x00000007a5560000, 0x00000007a5560000, 0x00000007a6ab0000)
 concurrent mark-sweep generation total 393216K, used 86498K [0x00000007a8000000, 0x00000007c0000000, 0x00000007c0000000)
 Metaspace       used 39414K, capacity 40084K, committed 40508K, reserved 1085440K
  class space    used 4663K, capacity 4831K, committed 4924K, reserved 1048576K
2016-10-24T05:53:06.106+0800: 137.300: [GC (Allocation Failure) 2016-10-24T05:53:06.106+0800: 137.300: [ParNew
Desired survivor size 20112992 bytes, new threshold 8 (max 8)
- age   1:    5141904 bytes,    5141904 total
- age   2:    3380600 bytes,    8522504 total
- age   3:    2507600 bytes,   11030104 total
- age   4:    2927752 bytes,   13957856 total
- age   5:    2655360 bytes,   16613216 total
- age   6:    2344784 bytes,   18958000 total
: 109248K->21824K(109248K), 0.0180250 secs] 195746K->118695K(502464K), 0.0180934 secs] [Times: user=0.07 sys=0.00, real=0.02 secs] 
Heap after GC invocations=46 (full 3):
 par new generation   total 109248K, used 21824K [0x00000007a0000000, 0x00000007a8000000, 0x00000007a8000000)
  eden space 87424K,   0% used [0x00000007a0000000, 0x00000007a0000000, 0x00000007a5560000)
  from space 21824K, 100% used [0x00000007a5560000, 0x00000007a6ab0000, 0x00000007a6ab0000)
  to   space 21824K,   0% used [0x00000007a6ab0000, 0x00000007a6ab0000, 0x00000007a8000000)
 concurrent mark-sweep generation total 393216K, used 96871K [0x00000007a8000000, 0x00000007c0000000, 0x00000007c0000000)
 Metaspace       used 39414K, capacity 40084K, committed 40508K, reserved 1085440K
  class space    used 4663K, capacity 4831K, committed 4924K, reserved 1048576K
}
2016-10-24T05:53:06.124+0800: 137.318: Total time for which application threads were stopped: 0.0183288 seconds, Stopping threads took: 0.0000318 seconds
{Heap before GC invocations=46 (full 3):
 par new generation   total 109248K, used 109248K [0x00000007a0000000, 0x00000007a8000000, 0x00000007a8000000)
  eden space 87424K, 100% used [0x00000007a0000000, 0x00000007a5560000, 0x00000007a5560000)
  from space 21824K, 100% used [0x00000007a5560000, 0x00000007a6ab0000, 0x00000007a6ab0000)
  to   space 21824K,   0% used [0x00000007a6ab0000, 0x00000007a6ab0000, 0x00000007a8000000)
 concurrent mark-sweep generation total 393216K, used 96871K [0x00000007a8000000, 0x00000007c0000000, 0x00000007c0000000)
 Metaspace       used 39414K, capacity 40084K, committed 40508K, reserved 1085440K
  class space    used 4663K, capacity 4831K, committed 4924K, reserved 1048576K
2016-10-24T05:53:06.391+0800: 137.585: [GC (Allocation Failure) 2016-10-24T05:53:06.391+0800: 137.585: [ParNew
Desired survivor size 20112992 bytes, new threshold 7 (max 8)
- age   1:    5954424 bytes,    5954424 total
- age   2:    3432536 bytes,    9386960 total
- age   3:    2791144 bytes,   12178104 total
- age   4:    2406040 bytes,   14584144 total
- age   5:    2800536 bytes,   17384680 total
- age   6:    2514568 bytes,   19899248 total
- age   7:    2226104 bytes,   22125352 total
: 109248K->21824K(109248K), 0.0173224 secs] 206119K->123683K(502464K), 0.0173882 secs] [Times: user=0.06 sys=0.00, real=0.01 secs] 
Heap after GC invocations=47 (full 3):
 par new generation   total 109248K, used 21824K [0x00000007a0000000, 0x00000007a8000000, 0x00000007a8000000)
  eden space 87424K,   0% used [0x00000007a0000000, 0x00000007a0000000, 0x00000007a5560000)
  from space 21824K, 100% used [0x00000007a6ab0000, 0x00000007a8000000, 0x00000007a8000000)
  to   space 21824K,   0% used [0x00000007a5560000, 0x00000007a5560000, 0x00000007a6ab0000)
 concurrent mark-sweep generation total 393216K, used 101859K [0x00000007a8000000, 0x00000007c0000000, 0x00000007c0000000)
 Metaspace       used 39414K, capacity 40084K, committed 40508K, reserved 1085440K
  class space    used 4663K, capacity 4831K, committed 4924K, reserved 1048576K
}
2016-10-24T05:53:06.408+0800: 137.603: Total time for which application threads were stopped: 0.0175473 seconds, Stopping threads took: 0.0000210 seconds
{Heap before GC invocations=47 (full 3):
 par new generation   total 109248K, used 109248K [0x00000007a0000000, 0x00000007a8000000, 0x00000007a8000000)
  eden space 87424K, 100% used [0x00000007a0000000, 0x00000007a5560000, 0x00000007a5560000)
  from space 21824K, 100% used [0x00000007a6ab0000, 0x00000007a8000000, 0x00000007a8000000)
  to   space 21824K,   0% used [0x00000007a5560000, 0x00000007a5560000, 0x00000007a6ab0000)
 concurrent mark-sweep generation total 393216K, used 101859K [0x00000007a8000000, 0x00000007c0000000, 0x00000007c0000000)
 Metaspace       used 39414K, capacity 40084K, committed 40508K, reserved 1085440K
  class space    used 4663K, capacity 4831K, committed 4924K, reserved 1048576K
2016-10-24T05:53:06.670+0800: 137.865: [GC (Allocation Failure) 2016-10-24T05:53:06.671+0800: 137.865: [ParNew
Desired survivor size 20112992 bytes, new threshold 7 (max 8)
- age   1:    4865344 bytes,    4865344 total
- age   2:    3743904 bytes,    8609248 total
- age   3:    2142264 bytes,   10751512 total
- age   4:    2644520 bytes,   13396032 total
- age   5:    2282592 bytes,   15678624 total
- age   6:    2722568 bytes,   18401192 total
- age   7:    2441768 bytes,   20842960 total
: 109248K->21824K(109248K), 0.0193788 secs] 211107K->133475K(502464K), 0.0194590 secs] [Times: user=0.07 sys=0.00, real=0.02 secs] 
Heap after GC invocations=48 (full 3):
 par new generation   total 109248K, used 21824K [0x00000007a0000000, 0x00000007a8000000, 0x00000007a8000000)
  eden space 87424K,   0% used [0x00000007a0000000, 0x00000007a0000000, 0x00000007a5560000)
  from space 21824K, 100% used [0x00000007a5560000, 0x00000007a6ab0000, 0x00000007a6ab0000)
  to   space 21824K,   0% used [0x00000007a6ab0000, 0x00000007a6ab0000, 0x00000007a8000000)
 concurrent mark-sweep generation total 393216K, used 111651K [0x00000007a8000000, 0x00000007c0000000, 0x00000007c0000000)
 Metaspace       used 39414K, capacity 40084K, committed 40508K, reserved 1085440K
  class space    used 4663K, capacity 4831K, committed 4924K, reserved 1048576K
}
2016-10-24T05:53:06.690+0800: 137.885: Total time for which application threads were stopped: 0.0196315 seconds, Stopping threads took: 0.0000289 seconds
{Heap before GC invocations=48 (full 3):
 par new generation   total 109248K, used 109248K [0x00000007a0000000, 0x00000007a8000000, 0x00000007a8000000)
  eden space 87424K, 100% used [0x00000007a0000000, 0x00000007a5560000, 0x00000007a5560000)
  from space 21824K, 100% used [0x00000007a5560000, 0x00000007a6ab0000, 0x00000007a6ab0000)
  to   space 21824K,   0% used [0x00000007a6ab0000, 0x00000007a6ab0000, 0x00000007a8000000)
 concurrent mark-sweep generation total 393216K, used 111651K [0x00000007a8000000, 0x00000007c0000000, 0x00000007c0000000)
 Metaspace       used 39414K, capacity 40084K, committed 40508K, reserved 1085440K
  class space    used 4663K, capacity 4831K, committed 4924K, reserved 1048576K
2016-10-24T05:53:06.957+0800: 138.151: [GC (Allocation Failure) 2016-10-24T05:53:06.957+0800: 138.151: [ParNew
Desired survivor size 20112992 bytes, new threshold 8 (max 8)
- age   1:    4609064 bytes,    4609064 total
- age   2:    3028600 bytes,    7637664 total
- age   3:    2424928 bytes,   10062592 total
- age   4:    2034544 bytes,   12097136 total
- age   5:    2608648 bytes,   14705784 total
- age   6:    2134776 bytes,   16840560 total
- age   7:    2673872 bytes,   19514432 total
: 109248K->21824K(109248K), 0.0187003 secs] 220899K->140508K(502464K), 0.0187663 secs] [Times: user=0.07 sys=0.00, real=0.02 secs] 
Heap after GC invocations=49 (full 3):
 par new generation   total 109248K, used 21824K [0x00000007a0000000, 0x00000007a8000000, 0x00000007a8000000)
  eden space 87424K,   0% used [0x00000007a0000000, 0x00000007a0000000, 0x00000007a5560000)
  from space 21824K, 100% used [0x00000007a6ab0000, 0x00000007a8000000, 0x00000007a8000000)
  to   space 21824K,   0% used [0x00000007a5560000, 0x00000007a5560000, 0x00000007a6ab0000)
 concurrent mark-sweep generation total 393216K, used 118684K [0x00000007a8000000, 0x00000007c0000000, 0x00000007c0000000)
 Metaspace       used 39414K, capacity 40084K, committed 40508K, reserved 1085440K
  class space    used 4663K, capacity 4831K, committed 4924K, reserved 1048576K
}
2016-10-24T05:53:06.976+0800: 138.170: Total time for which application threads were stopped: 0.0189416 seconds, Stopping threads took: 0.0000292 seconds
{Heap before GC invocations=49 (full 3):
 par new generation   total 109248K, used 109248K [0x00000007a0000000, 0x00000007a8000000, 0x00000007a8000000)
  eden space 87424K, 100% used [0x00000007a0000000, 0x00000007a5560000, 0x00000007a5560000)
  from space 21824K, 100% used [0x00000007a6ab0000, 0x00000007a8000000, 0x00000007a8000000)
  to   space 21824K,   0% used [0x00000007a5560000, 0x00000007a5560000, 0x00000007a6ab0000)
 concurrent mark-sweep generation total 393216K, used 118684K [0x00000007a8000000, 0x00000007c0000000, 0x00000007c0000000)
 Metaspace       used 39414K, capacity 40084K, committed 40508K, reserved 1085440K
  class space    used 4663K, capacity 4831K, committed 4924K, reserved 1048576K
2016-10-24T05:53:07.223+0800: 138.418: [GC (Allocation Failure) 2016-10-24T05:53:07.223+0800: 138.418: [ParNew
Desired survivor size 20112992 bytes, new threshold 8 (max 8)
- age   1:    5261184 bytes,    5261184 total
- age   2:    2990328 bytes,    8251512 total
- age   3:    2816216 bytes,   11067728 total
- age   4:    2148600 bytes,   13216328 total
- age   5:    1979352 bytes,   15195680 total
- age   6:    2567176 bytes,   17762856 total
- age   7:    1754600 bytes,   19517456 total
- age   8:    2187184 bytes,   21704640 total
: 109248K->21824K(109248K), 0.0205881 secs] 227932K->147601K(502464K), 0.0206618 secs] [Times: user=0.07 sys=0.00, real=0.02 secs] 
Heap after GC invocations=50 (full 3):
 par new generation   total 109248K, used 21824K [0x00000007a0000000, 0x00000007a8000000, 0x00000007a8000000)
  eden space 87424K,   0% used [0x00000007a0000000, 0x00000007a0000000, 0x00000007a5560000)
  from space 21824K, 100% used [0x00000007a5560000, 0x00000007a6ab0000, 0x00000007a6ab0000)
  to   space 21824K,   0% used [0x00000007a6ab0000, 0x00000007a6ab0000, 0x00000007a8000000)
 concurrent mark-sweep generation total 393216K, used 125777K [0x00000007a8000000, 0x00000007c0000000, 0x00000007c0000000)
 Metaspace       used 39414K, capacity 40084K, committed 40508K, reserved 1085440K
  class space    used 4663K, capacity 4831K, committed 4924K, reserved 1048576K
}
2016-10-24T05:53:07.244+0800: 138.439: Total time for which application threads were stopped: 0.0208377 seconds, Stopping threads took: 0.0000283 seconds
{Heap before GC invocations=50 (full 3):
 par new generation   total 109248K, used 109248K [0x00000007a0000000, 0x00000007a8000000, 0x00000007a8000000)
  eden space 87424K, 100% used [0x00000007a0000000, 0x00000007a5560000, 0x00000007a5560000)
  from space 21824K, 100% used [0x00000007a5560000, 0x00000007a6ab0000, 0x00000007a6ab0000)
  to   space 21824K,   0% used [0x00000007a6ab0000, 0x00000007a6ab0000, 0x00000007a8000000)
 concurrent mark-sweep generation total 393216K, used 125777K [0x00000007a8000000, 0x00000007c0000000, 0x00000007c0000000)
 Metaspace       used 39414K, capacity 40084K, committed 40508K, reserved 1085440K
  class space    used 4663K, capacity 4831K, committed 4924K, reserved 1048576K
2016-10-24T05:53:07.509+0800: 138.703: [GC (Allocation Failure) 2016-10-24T05:53:07.509+0800: 138.703: [ParNew
Desired survivor size 20112992 bytes, new threshold 8 (max 8)
- age   1:    4195776 bytes,    4195776 total
- age   2:    4091696 bytes,    8287472 total
- age   3:    2721464 bytes,   11008936 total
- age   4:    2566912 bytes,   13575848 total
- age   5:    2002144 bytes,   15577992 total
- age   6:    1905712 bytes,   17483704 total
- age   7:    2524576 bytes,   20008280 total
- age   8:    1710088 bytes,   21718368 total
: 109248K->21824K(109248K), 0.0236819 secs] 235025K->156823K(502464K), 0.0237396 secs] [Times: user=0.09 sys=0.00, real=0.03 secs] 
Heap after GC invocations=51 (full 3):
 par new generation   total 109248K, used 21824K [0x00000007a0000000, 0x00000007a8000000, 0x00000007a8000000)
  eden space 87424K,   0% used [0x00000007a0000000, 0x00000007a0000000, 0x00000007a5560000)
  from space 21824K, 100% used [0x00000007a6ab0000, 0x00000007a8000000, 0x00000007a8000000)
  to   space 21824K,   0% used [0x00000007a5560000, 0x00000007a5560000, 0x00000007a6ab0000)
 concurrent mark-sweep generation total 393216K, used 134999K [0x00000007a8000000, 0x00000007c0000000, 0x00000007c0000000)
 Metaspace       used 39414K, capacity 40084K, committed 40508K, reserved 1085440K
  class space    used 4663K, capacity 4831K, committed 4924K, reserved 1048576K
}
2016-10-24T05:53:07.533+0800: 138.727: Total time for which application threads were stopped: 0.0238836 seconds, Stopping threads took: 0.0000182 seconds
{Heap before GC invocations=51 (full 3):
 par new generation   total 109248K, used 109248K [0x00000007a0000000, 0x00000007a8000000, 0x00000007a8000000)
  eden space 87424K, 100% used [0x00000007a0000000, 0x00000007a5560000, 0x00000007a5560000)
  from space 21824K, 100% used [0x00000007a6ab0000, 0x00000007a8000000, 0x00000007a8000000)
  to   space 21824K,   0% used [0x00000007a5560000, 0x00000007a5560000, 0x00000007a6ab0000)
 concurrent mark-sweep generation total 393216K, used 134999K [0x00000007a8000000, 0x00000007c0000000, 0x00000007c0000000)
 Metaspace       used 39414K, capacity 40084K, committed 40508K, reserved 1085440K
  class space    used 4663K, capacity 4831K, committed 4924K, reserved 1048576K
2016-10-24T05:53:07.829+0800: 139.024: [GC (Allocation Failure) 2016-10-24T05:53:07.829+0800: 139.024: [ParNew
Desired survivor size 20112992 bytes, new threshold 8 (max 8)
- age   1:    4934000 bytes,    4934000 total
- age   2:    2939520 bytes,    7873520 total
- age   3:    2747616 bytes,   10621136 total
- age   4:    2704768 bytes,   13325904 total
- age   5:    2554904 bytes,   15880808 total
- age   6:    1995352 bytes,   17876160 total
- age   7:    1900728 bytes,   19776888 total
- age   8:    1472416 bytes,   21249304 total
: 109248K->21824K(109248K), 0.0236008 secs] 244247K->164827K(502464K), 0.0236683 secs] [Times: user=0.09 sys=0.00, real=0.03 secs] 
Heap after GC invocations=52 (full 3):
 par new generation   total 109248K, used 21824K [0x00000007a0000000, 0x00000007a8000000, 0x00000007a8000000)
  eden space 87424K,   0% used [0x00000007a0000000, 0x00000007a0000000, 0x00000007a5560000)
  from space 21824K, 100% used [0x00000007a5560000, 0x00000007a6ab0000, 0x00000007a6ab0000)
  to   space 21824K,   0% used [0x00000007a6ab0000, 0x00000007a6ab0000, 0x00000007a8000000)
 concurrent mark-sweep generation total 393216K, used 143003K [0x00000007a8000000, 0x00000007c0000000, 0x00000007c0000000)
 Metaspace       used 39414K, capacity 40084K, committed 40508K, reserved 1085440K
  class space    used 4663K, capacity 4831K, committed 4924K, reserved 1048576K
}
2016-10-24T05:53:07.853+0800: 139.048: Total time for which application threads were stopped: 0.0238181 seconds, Stopping threads took: 0.0000183 seconds
{Heap before GC invocations=52 (full 3):
 par new generation   total 109248K, used 109248K [0x00000007a0000000, 0x00000007a8000000, 0x00000007a8000000)
  eden space 87424K, 100% used [0x00000007a0000000, 0x00000007a5560000, 0x00000007a5560000)
  from space 21824K, 100% used [0x00000007a5560000, 0x00000007a6ab0000, 0x00000007a6ab0000)
  to   space 21824K,   0% used [0x00000007a6ab0000, 0x00000007a6ab0000, 0x00000007a8000000)
 concurrent mark-sweep generation total 393216K, used 143003K [0x00000007a8000000, 0x00000007c0000000, 0x00000007c0000000)
 Metaspace       used 39421K, capacity 40084K, committed 40508K, reserved 1085440K
  class space    used 4663K, capacity 4831K, committed 4924K, reserved 1048576K
2016-10-24T05:53:08.145+0800: 139.340: [GC (Allocation Failure) 2016-10-24T05:53:08.145+0800: 139.340: [ParNew
Desired survivor size 20112992 bytes, new threshold 7 (max 8)
- age   1:    4414608 bytes,    4414608 total
- age   2:    3799232 bytes,    8213840 total
- age   3:    2530544 bytes,   10744384 total
- age   4:    2487472 bytes,   13231856 total
- age   5:    2681608 bytes,   15913464 total
- age   6:    2537176 bytes,   18450640 total
- age   7:    1974176 bytes,   20424816 total
- age   8:    1885376 bytes,   22310192 total
: 109248K->21824K(109248K), 0.0352116 secs] 252251K->176158K(502464K), 0.0352666 secs] [Times: user=0.17 sys=0.00, real=0.04 secs] 
Heap after GC invocations=53 (full 3):
 par new generation   total 109248K, used 21824K [0x00000007a0000000, 0x00000007a8000000, 0x00000007a8000000)
  eden space 87424K,   0% used [0x00000007a0000000, 0x00000007a0000000, 0x00000007a5560000)
  from space 21824K, 100% used [0x00000007a6ab0000, 0x00000007a8000000, 0x00000007a8000000)
  to   space 21824K,   0% used [0x00000007a5560000, 0x00000007a5560000, 0x00000007a6ab0000)
 concurrent mark-sweep generation total 393216K, used 154334K [0x00000007a8000000, 0x00000007c0000000, 0x00000007c0000000)
 Metaspace       used 39421K, capacity 40084K, committed 40508K, reserved 1085440K
  class space    used 4663K, capacity 4831K, committed 4924K, reserved 1048576K
}
2016-10-24T05:53:08.181+0800: 139.375: Total time for which application threads were stopped: 0.0355711 seconds, Stopping threads took: 0.0000883 seconds
2016-10-24T05:53:08.370+0800: 139.564: Total time for which application threads were stopped: 0.0001829 seconds, Stopping threads took: 0.0000188 seconds
2016-10-24T05:53:08.455+0800: 139.650: Total time for which application threads were stopped: 0.0002102 seconds, Stopping threads took: 0.0000834 seconds
2016-10-24T05:53:08.455+0800: 139.650: Total time for which application threads were stopped: 0.0001472 seconds, Stopping threads took: 0.0000816 seconds
{Heap before GC invocations=53 (full 3):
 par new generation   total 109248K, used 109248K [0x00000007a0000000, 0x00000007a8000000, 0x00000007a8000000)
  eden space 87424K, 100% used [0x00000007a0000000, 0x00000007a5560000, 0x00000007a5560000)
  from space 21824K, 100% used [0x00000007a6ab0000, 0x00000007a8000000, 0x00000007a8000000)
  to   space 21824K,   0% used [0x00000007a5560000, 0x00000007a5560000, 0x00000007a6ab0000)
 concurrent mark-sweep generation total 393216K, used 154334K [0x00000007a8000000, 0x00000007c0000000, 0x00000007c0000000)
 Metaspace       used 39421K, capacity 40084K, committed 40508K, reserved 1085440K
  class space    used 4663K, capacity 4831K, committed 4924K, reserved 1048576K
2016-10-24T05:53:08.481+0800: 139.675: [GC (Allocation Failure) 2016-10-24T05:53:08.481+0800: 139.675: [ParNew
Desired survivor size 20112992 bytes, new threshold 7 (max 8)
- age   1:    4478384 bytes,    4478384 total
- age   2:    3679240 bytes,    8157624 total
- age   3:    3652680 bytes,   11810304 total
- age   4:    2387584 bytes,   14197888 total
- age   5:    2279408 bytes,   16477296 total
- age   6:    1749320 bytes,   18226616 total
- age   7:    2399760 bytes,   20626376 total
: 109248K->21824K(109248K), 0.0226224 secs] 263582K->180654K(502464K), 0.0226814 secs] [Times: user=0.12 sys=0.01, real=0.02 secs] 
Heap after GC invocations=54 (full 3):
 par new generation   total 109248K, used 21824K [0x00000007a0000000, 0x00000007a8000000, 0x00000007a8000000)
  eden space 87424K,   0% used [0x00000007a0000000, 0x00000007a0000000, 0x00000007a5560000)
  from space 21824K, 100% used [0x00000007a5560000, 0x00000007a6ab0000, 0x00000007a6ab0000)
  to   space 21824K,   0% used [0x00000007a6ab0000, 0x00000007a6ab0000, 0x00000007a8000000)
 concurrent mark-sweep generation total 393216K, used 158830K [0x00000007a8000000, 0x00000007c0000000, 0x00000007c0000000)
 Metaspace       used 39421K, capacity 40084K, committed 40508K, reserved 1085440K
  class space    used 4663K, capacity 4831K, committed 4924K, reserved 1048576K
}
2016-10-24T05:53:08.503+0800: 139.698: Total time for which application threads were stopped: 0.0228120 seconds, Stopping threads took: 0.0000131 seconds
{Heap before GC invocations=54 (full 3):
 par new generation   total 109248K, used 109248K [0x00000007a0000000, 0x00000007a8000000, 0x00000007a8000000)
  eden space 87424K, 100% used [0x00000007a0000000, 0x00000007a5560000, 0x00000007a5560000)
  from space 21824K, 100% used [0x00000007a5560000, 0x00000007a6ab0000, 0x00000007a6ab0000)
  to   space 21824K,   0% used [0x00000007a6ab0000, 0x00000007a6ab0000, 0x00000007a8000000)
 concurrent mark-sweep generation total 393216K, used 158830K [0x00000007a8000000, 0x00000007c0000000, 0x00000007c0000000)
 Metaspace       used 39421K, capacity 40084K, committed 40508K, reserved 1085440K
  class space    used 4663K, capacity 4831K, committed 4924K, reserved 1048576K
2016-10-24T05:53:08.768+0800: 139.962: [GC (Allocation Failure) 2016-10-24T05:53:08.768+0800: 139.962: [ParNew
Desired survivor size 20112992 bytes, new threshold 7 (max 8)
- age   1:    5519320 bytes,    5519320 total
- age   2:    3366000 bytes,    8885320 total
- age   3:    3561304 bytes,   12446624 total
- age   4:    3480864 bytes,   15927488 total
- age   5:    2211224 bytes,   18138712 total
- age   6:    1642544 bytes,   19781256 total
- age   7:    1607344 bytes,   21388600 total
: 109248K->21824K(109248K), 0.0215666 secs] 268078K->185840K(502464K), 0.0216223 secs] [Times: user=0.10 sys=0.00, real=0.02 secs] 
Heap after GC invocations=55 (full 3):
 par new generation   total 109248K, used 21824K [0x00000007a0000000, 0x00000007a8000000, 0x00000007a8000000)
  eden space 87424K,   0% used [0x00000007a0000000, 0x00000007a0000000, 0x00000007a5560000)
  from space 21824K, 100% used [0x00000007a6ab0000, 0x00000007a8000000, 0x00000007a8000000)
  to   space 21824K,   0% used [0x00000007a5560000, 0x00000007a5560000, 0x00000007a6ab0000)
 concurrent mark-sweep generation total 393216K, used 164016K [0x00000007a8000000, 0x00000007c0000000, 0x00000007c0000000)
 Metaspace       used 39421K, capacity 40084K, committed 40508K, reserved 1085440K
  class space    used 4663K, capacity 4831K, committed 4924K, reserved 1048576K
}
2016-10-24T05:53:08.789+0800: 139.984: Total time for which application threads were stopped: 0.0218460 seconds, Stopping threads took: 0.0000629 seconds
{Heap before GC invocations=55 (full 3):
 par new generation   total 109248K, used 109248K [0x00000007a0000000, 0x00000007a8000000, 0x00000007a8000000)
  eden space 87424K, 100% used [0x00000007a0000000, 0x00000007a5560000, 0x00000007a5560000)
  from space 21824K, 100% used [0x00000007a6ab0000, 0x00000007a8000000, 0x00000007a8000000)
  to   space 21824K,   0% used [0x00000007a5560000, 0x00000007a5560000, 0x00000007a6ab0000)
 concurrent mark-sweep generation total 393216K, used 164016K [0x00000007a8000000, 0x00000007c0000000, 0x00000007c0000000)
 Metaspace       used 39421K, capacity 40084K, committed 40508K, reserved 1085440K
  class space    used 4663K, capacity 4831K, committed 4924K, reserved 1048576K
2016-10-24T05:53:08.846+0800: 140.041: [GC (Allocation Failure) 2016-10-24T05:53:08.846+0800: 140.041: [ParNew
Desired survivor size 20112992 bytes, new threshold 7 (max 8)
- age   1:    2372792 bytes,    2372792 total
- age   2:    4242904 bytes,    6615696 total
- age   3:    3331048 bytes,    9946744 total
- age   4:    3298160 bytes,   13244904 total
- age   5:    3464872 bytes,   16709776 total
- age   6:    2194328 bytes,   18904104 total
- age   7:    1623520 bytes,   20527624 total
: 109248K->21824K(109248K), 0.0167244 secs] 273264K->188046K(502464K), 0.0167837 secs] [Times: user=0.06 sys=0.01, real=0.02 secs] 
Heap after GC invocations=56 (full 3):
 par new generation   total 109248K, used 21824K [0x00000007a0000000, 0x00000007a8000000, 0x00000007a8000000)
  eden space 87424K,   0% used [0x00000007a0000000, 0x00000007a0000000, 0x00000007a5560000)
  from space 21824K, 100% used [0x00000007a5560000, 0x00000007a6ab0000, 0x00000007a6ab0000)
  to   space 21824K,   0% used [0x00000007a6ab0000, 0x00000007a6ab0000, 0x00000007a8000000)
 concurrent mark-sweep generation total 393216K, used 166222K [0x00000007a8000000, 0x00000007c0000000, 0x00000007c0000000)
 Metaspace       used 39421K, capacity 40084K, committed 40508K, reserved 1085440K
  class space    used 4663K, capacity 4831K, committed 4924K, reserved 1048576K
}
2016-10-24T05:53:08.863+0800: 140.058: Total time for which application threads were stopped: 0.0169998 seconds, Stopping threads took: 0.0000328 seconds
{Heap before GC invocations=56 (full 3):
 par new generation   total 109248K, used 109248K [0x00000007a0000000, 0x00000007a8000000, 0x00000007a8000000)
  eden space 87424K, 100% used [0x00000007a0000000, 0x00000007a5560000, 0x00000007a5560000)
  from space 21824K, 100% used [0x00000007a5560000, 0x00000007a6ab0000, 0x00000007a6ab0000)
  to   space 21824K,   0% used [0x00000007a6ab0000, 0x00000007a6ab0000, 0x00000007a8000000)
 concurrent mark-sweep generation total 393216K, used 166222K [0x00000007a8000000, 0x00000007c0000000, 0x00000007c0000000)
 Metaspace       used 39421K, capacity 40084K, committed 40508K, reserved 1085440K
  class space    used 4663K, capacity 4831K, committed 4924K, reserved 1048576K
2016-10-24T05:53:08.889+0800: 140.084: [GC (Allocation Failure) 2016-10-24T05:53:08.889+0800: 140.084: [ParNew
Desired survivor size 20112992 bytes, new threshold 8 (max 8)
- age   1:     647408 bytes,     647408 total
- age   2:    2114384 bytes,    2761792 total
- age   3:    4242904 bytes,    7004696 total
- age   4:    3331048 bytes,   10335744 total
- age   5:    3298160 bytes,   13633904 total
- age   6:    3464872 bytes,   17098776 total
- age   7:    2194352 bytes,   19293128 total
: 109248K->21824K(109248K), 0.0156119 secs] 275470K->189671K(502464K), 0.0156734 secs] [Times: user=0.07 sys=0.00, real=0.02 secs] 
Heap after GC invocations=57 (full 3):
 par new generation   total 109248K, used 21824K [0x00000007a0000000, 0x00000007a8000000, 0x00000007a8000000)
  eden space 87424K,   0% used [0x00000007a0000000, 0x00000007a0000000, 0x00000007a5560000)
  from space 21824K, 100% used [0x00000007a6ab0000, 0x00000007a8000000, 0x00000007a8000000)
  to   space 21824K,   0% used [0x00000007a5560000, 0x00000007a5560000, 0x00000007a6ab0000)
 concurrent mark-sweep generation total 393216K, used 167847K [0x00000007a8000000, 0x00000007c0000000, 0x00000007c0000000)
 Metaspace       used 39421K, capacity 40084K, committed 40508K, reserved 1085440K
  class space    used 4663K, capacity 4831K, committed 4924K, reserved 1048576K
}
2016-10-24T05:53:08.905+0800: 140.099: Total time for which application threads were stopped: 0.0158637 seconds, Stopping threads took: 0.0000662 seconds
{Heap before GC invocations=57 (full 3):
 par new generation   total 109248K, used 109248K [0x00000007a0000000, 0x00000007a8000000, 0x00000007a8000000)
  eden space 87424K, 100% used [0x00000007a0000000, 0x00000007a5560000, 0x00000007a5560000)
  from space 21824K, 100% used [0x00000007a6ab0000, 0x00000007a8000000, 0x00000007a8000000)
  to   space 21824K,   0% used [0x00000007a5560000, 0x00000007a5560000, 0x00000007a6ab0000)
 concurrent mark-sweep generation total 393216K, used 167847K [0x00000007a8000000, 0x00000007c0000000, 0x00000007c0000000)
 Metaspace       used 39421K, capacity 40084K, committed 40508K, reserved 1085440K
  class space    used 4663K, capacity 4831K, committed 4924K, reserved 1048576K
2016-10-24T05:53:08.984+0800: 140.178: [GC (Allocation Failure) 2016-10-24T05:53:08.984+0800: 140.178: [ParNew
Desired survivor size 20112992 bytes, new threshold 8 (max 8)
- age   1:    2540960 bytes,    2540960 total
- age   2:     336376 bytes,    2877336 total
- age   3:     940680 bytes,    3818016 total
- age   4:    4108280 bytes,    7926296 total
- age   5:    3199896 bytes,   11126192 total
- age   6:    3253552 bytes,   14379744 total
- age   7:    3404832 bytes,   17784576 total
- age   8:    2139432 bytes,   19924008 total
: 109248K->21824K(109248K), 0.0158390 secs] 277095K->190481K(502464K), 0.0159249 secs] [Times: user=0.06 sys=0.00, real=0.01 secs] 
Heap after GC invocations=58 (full 3):
 par new generation   total 109248K, used 21824K [0x00000007a0000000, 0x00000007a8000000, 0x00000007a8000000)
  eden space 87424K,   0% used [0x00000007a0000000, 0x00000007a0000000, 0x00000007a5560000)
  from space 21824K, 100% used [0x00000007a5560000, 0x00000007a6ab0000, 0x00000007a6ab0000)
  to   space 21824K,   0% used [0x00000007a6ab0000, 0x00000007a6ab0000, 0x00000007a8000000)
 concurrent mark-sweep generation total 393216K, used 168657K [0x00000007a8000000, 0x00000007c0000000, 0x00000007c0000000)
 Metaspace       used 39421K, capacity 40084K, committed 40508K, reserved 1085440K
  class space    used 4663K, capacity 4831K, committed 4924K, reserved 1048576K
}
2016-10-24T05:53:09.000+0800: 140.194: Total time for which application threads were stopped: 0.0161065 seconds, Stopping threads took: 0.0000184 seconds
{Heap before GC invocations=58 (full 3):
 par new generation   total 109248K, used 109248K [0x00000007a0000000, 0x00000007a8000000, 0x00000007a8000000)
  eden space 87424K, 100% used [0x00000007a0000000, 0x00000007a5560000, 0x00000007a5560000)
  from space 21824K, 100% used [0x00000007a5560000, 0x00000007a6ab0000, 0x00000007a6ab0000)
  to   space 21824K,   0% used [0x00000007a6ab0000, 0x00000007a6ab0000, 0x00000007a8000000)
 concurrent mark-sweep generation total 393216K, used 168657K [0x00000007a8000000, 0x00000007c0000000, 0x00000007c0000000)
 Metaspace       used 39421K, capacity 40084K, committed 40508K, reserved 1085440K
  class space    used 4663K, capacity 4831K, committed 4924K, reserved 1048576K
2016-10-24T05:53:09.121+0800: 140.315: [GC (Allocation Failure) 2016-10-24T05:53:09.121+0800: 140.315: [ParNew
Desired survivor size 20112992 bytes, new threshold 8 (max 8)
- age   1:    4217544 bytes,    4217544 total
- age   2:    1156928 bytes,    5374472 total
- age   3:     331480 bytes,    5705952 total
- age   4:     928568 bytes,    6634520 total
- age   5:    3660352 bytes,   10294872 total
- age   6:    3160776 bytes,   13455648 total
- age   7:    3244720 bytes,   16700368 total
- age   8:    3393640 bytes,   20094008 total
: 109248K->21824K(109248K), 0.0187990 secs] 277905K->193020K(502464K), 0.0188594 secs] [Times: user=0.08 sys=0.00, real=0.01 secs] 
Heap after GC invocations=59 (full 3):
 par new generation   total 109248K, used 21824K [0x00000007a0000000, 0x00000007a8000000, 0x00000007a8000000)
  eden space 87424K,   0% used [0x00000007a0000000, 0x00000007a0000000, 0x00000007a5560000)
  from space 21824K, 100% used [0x00000007a6ab0000, 0x00000007a8000000, 0x00000007a8000000)
  to   space 21824K,   0% used [0x00000007a5560000, 0x00000007a5560000, 0x00000007a6ab0000)
 concurrent mark-sweep generation total 393216K, used 171196K [0x00000007a8000000, 0x00000007c0000000, 0x00000007c0000000)
 Metaspace       used 39421K, capacity 40084K, committed 40508K, reserved 1085440K
  class space    used 4663K, capacity 4831K, committed 4924K, reserved 1048576K
}
2016-10-24T05:53:09.140+0800: 140.334: Total time for which application threads were stopped: 0.0190007 seconds, Stopping threads took: 0.0000196 seconds
2016-10-24T05:53:09.166+0800: 140.360: Total time for which application threads were stopped: 0.0001835 seconds, Stopping threads took: 0.0000665 seconds
2016-10-24T05:53:09.168+0800: 140.363: Total time for which application threads were stopped: 0.0001493 seconds, Stopping threads took: 0.0000693 seconds
2016-10-24T05:53:09.169+0800: 140.363: Total time for which application threads were stopped: 0.0000923 seconds, Stopping threads took: 0.0000258 seconds
2016-10-24T05:53:09.174+0800: 140.368: Total time for which application threads were stopped: 0.0001207 seconds, Stopping threads took: 0.0000501 seconds
{Heap before GC invocations=59 (full 3):
 par new generation   total 109248K, used 109248K [0x00000007a0000000, 0x00000007a8000000, 0x00000007a8000000)
  eden space 87424K, 100% used [0x00000007a0000000, 0x00000007a5560000, 0x00000007a5560000)
  from space 21824K, 100% used [0x00000007a6ab0000, 0x00000007a8000000, 0x00000007a8000000)
  to   space 21824K,   0% used [0x00000007a5560000, 0x00000007a5560000, 0x00000007a6ab0000)
 concurrent mark-sweep generation total 393216K, used 171196K [0x00000007a8000000, 0x00000007c0000000, 0x00000007c0000000)
 Metaspace       used 39493K, capacity 40148K, committed 40508K, reserved 1085440K
  class space    used 4672K, capacity 4831K, committed 4924K, reserved 1048576K
2016-10-24T05:53:09.396+0800: 140.590: [GC (Allocation Failure) 2016-10-24T05:53:09.396+0800: 140.590: [ParNew
Desired survivor size 20112992 bytes, new threshold 8 (max 8)
- age   1:    6107944 bytes,    6107944 total
- age   2:    2262816 bytes,    8370760 total
- age   3:    1082376 bytes,    9453136 total
- age   4:     323576 bytes,    9776712 total
- age   5:     868136 bytes,   10644848 total
- age   6:    3059616 bytes,   13704464 total
- age   7:    3103416 bytes,   16807880 total
- age   8:    3162736 bytes,   19970616 total
: 109248K->21824K(109248K), 0.0166430 secs] 280444K->197588K(502464K), 0.0167142 secs] [Times: user=0.06 sys=0.00, real=0.02 secs] 
Heap after GC invocations=60 (full 3):
 par new generation   total 109248K, used 21824K [0x00000007a0000000, 0x00000007a8000000, 0x00000007a8000000)
  eden space 87424K,   0% used [0x00000007a0000000, 0x00000007a0000000, 0x00000007a5560000)
  from space 21824K, 100% used [0x00000007a5560000, 0x00000007a6ab0000, 0x00000007a6ab0000)
  to   space 21824K,   0% used [0x00000007a6ab0000, 0x00000007a6ab0000, 0x00000007a8000000)
 concurrent mark-sweep generation total 393216K, used 175764K [0x00000007a8000000, 0x00000007c0000000, 0x00000007c0000000)
 Metaspace       used 39493K, capacity 40148K, committed 40508K, reserved 1085440K
  class space    used 4672K, capacity 4831K, committed 4924K, reserved 1048576K
}
2016-10-24T05:53:09.412+0800: 140.607: Total time for which application threads were stopped: 0.0169273 seconds, Stopping threads took: 0.0000716 seconds
2016-10-24T05:53:09.561+0800: 140.756: Total time for which application threads were stopped: 0.0001994 seconds, Stopping threads took: 0.0000793 seconds
2016-10-24T05:53:09.581+0800: 140.775: Total time for which application threads were stopped: 0.0001897 seconds, Stopping threads took: 0.0000780 seconds
2016-10-24T05:53:09.581+0800: 140.776: Total time for which application threads were stopped: 0.0000549 seconds, Stopping threads took: 0.0000096 seconds
{Heap before GC invocations=60 (full 3):
 par new generation   total 109248K, used 109248K [0x00000007a0000000, 0x00000007a8000000, 0x00000007a8000000)
  eden space 87424K, 100% used [0x00000007a0000000, 0x00000007a5560000, 0x00000007a5560000)
  from space 21824K, 100% used [0x00000007a5560000, 0x00000007a6ab0000, 0x00000007a6ab0000)
  to   space 21824K,   0% used [0x00000007a6ab0000, 0x00000007a6ab0000, 0x00000007a8000000)
 concurrent mark-sweep generation total 393216K, used 175764K [0x00000007a8000000, 0x00000007c0000000, 0x00000007c0000000)
 Metaspace       used 39526K, capacity 40148K, committed 40508K, reserved 1085440K
  class space    used 4674K, capacity 4831K, committed 4924K, reserved 1048576K
2016-10-24T05:53:09.665+0800: 140.860: [GC (Allocation Failure) 2016-10-24T05:53:09.665+0800: 140.860: [ParNew
Desired survivor size 20112992 bytes, new threshold 8 (max 8)
- age   1:    6584888 bytes,    6584888 total
- age   2:    3635488 bytes,   10220376 total
- age   3:    2062072 bytes,   12282448 total
- age   4:     938784 bytes,   13221232 total
- age   5:     276368 bytes,   13497600 total
- age   6:     631616 bytes,   14129216 total
- age   7:    2430360 bytes,   16559576 total
- age   8:    2371504 bytes,   18931080 total
: 109248K->21824K(109248K), 0.0158443 secs] 285012K->201239K(502464K), 0.0159086 secs] [Times: user=0.07 sys=0.00, real=0.02 secs] 
Heap after GC invocations=61 (full 3):
 par new generation   total 109248K, used 21824K [0x00000007a0000000, 0x00000007a8000000, 0x00000007a8000000)
  eden space 87424K,   0% used [0x00000007a0000000, 0x00000007a0000000, 0x00000007a5560000)
  from space 21824K, 100% used [0x00000007a6ab0000, 0x00000007a8000000, 0x00000007a8000000)
  to   space 21824K,   0% used [0x00000007a5560000, 0x00000007a5560000, 0x00000007a6ab0000)
 concurrent mark-sweep generation total 393216K, used 179415K [0x00000007a8000000, 0x00000007c0000000, 0x00000007c0000000)
 Metaspace       used 39526K, capacity 40148K, committed 40508K, reserved 1085440K
  class space    used 4674K, capacity 4831K, committed 4924K, reserved 1048576K
}
2016-10-24T05:53:09.681+0800: 140.876: Total time for which application threads were stopped: 0.0160982 seconds, Stopping threads took: 0.0000588 seconds
{Heap before GC invocations=61 (full 3):
 par new generation   total 109248K, used 109248K [0x00000007a0000000, 0x00000007a8000000, 0x00000007a8000000)
  eden space 87424K, 100% used [0x00000007a0000000, 0x00000007a5560000, 0x00000007a5560000)
  from space 21824K, 100% used [0x00000007a6ab0000, 0x00000007a8000000, 0x00000007a8000000)
  to   space 21824K,   0% used [0x00000007a5560000, 0x00000007a5560000, 0x00000007a6ab0000)
 concurrent mark-sweep generation total 393216K, used 179415K [0x00000007a8000000, 0x00000007c0000000, 0x00000007c0000000)
 Metaspace       used 39530K, capacity 40148K, committed 40508K, reserved 1085440K
  class space    used 4674K, capacity 4831K, committed 4924K, reserved 1048576K
2016-10-24T05:53:09.759+0800: 140.954: [GC (Allocation Failure) 2016-10-24T05:53:09.759+0800: 140.954: [ParNew
Desired survivor size 20112992 bytes, new threshold 8 (max 8)
- age   1:    2009456 bytes,    2009456 total
- age   2:    6112128 bytes,    8121584 total
- age   3:    3909888 bytes,   12031472 total
- age   4:    1924888 bytes,   13956360 total
- age   5:     848288 bytes,   14804648 total
- age   6:     246144 bytes,   15050792 total
- age   7:     566240 bytes,   15617032 total
- age   8:    2136872 bytes,   17753904 total
: 109248K->21824K(109248K), 0.0122362 secs] 288663K->203347K(502464K), 0.0123211 secs] [Times: user=0.04 sys=0.00, real=0.02 secs] 
Heap after GC invocations=62 (full 3):
 par new generation   total 109248K, used 21824K [0x00000007a0000000, 0x00000007a8000000, 0x00000007a8000000)
  eden space 87424K,   0% used [0x00000007a0000000, 0x00000007a0000000, 0x00000007a5560000)
  from space 21824K, 100% used [0x00000007a5560000, 0x00000007a6ab0000, 0x00000007a6ab0000)
  to   space 21824K,   0% used [0x00000007a6ab0000, 0x00000007a6ab0000, 0x00000007a8000000)
 concurrent mark-sweep generation total 393216K, used 181523K [0x00000007a8000000, 0x00000007c0000000, 0x00000007c0000000)
 Metaspace       used 39530K, capacity 40148K, committed 40508K, reserved 1085440K
  class space    used 4674K, capacity 4831K, committed 4924K, reserved 1048576K
}
2016-10-24T05:53:09.772+0800: 140.966: Total time for which application threads were stopped: 0.0125505 seconds, Stopping threads took: 0.0000363 seconds
2016-10-24T05:53:09.804+0800: 140.998: Total time for which application threads were stopped: 0.0001099 seconds, Stopping threads took: 0.0000330 seconds
2016-10-24T05:53:09.804+0800: 140.998: Total time for which application threads were stopped: 0.0000716 seconds, Stopping threads took: 0.0000305 seconds
2016-10-24T05:53:09.804+0800: 140.998: Total time for which application threads were stopped: 0.0000658 seconds, Stopping threads took: 0.0000222 seconds
2016-10-24T05:53:09.804+0800: 140.999: Total time for which application threads were stopped: 0.0000704 seconds, Stopping threads took: 0.0000310 seconds
{Heap before GC invocations=62 (full 3):
 par new generation   total 109248K, used 109248K [0x00000007a0000000, 0x00000007a8000000, 0x00000007a8000000)
  eden space 87424K, 100% used [0x00000007a0000000, 0x00000007a5560000, 0x00000007a5560000)
  from space 21824K, 100% used [0x00000007a5560000, 0x00000007a6ab0000, 0x00000007a6ab0000)
  to   space 21824K,   0% used [0x00000007a6ab0000, 0x00000007a6ab0000, 0x00000007a8000000)
 concurrent mark-sweep generation total 393216K, used 181523K [0x00000007a8000000, 0x00000007c0000000, 0x00000007c0000000)
 Metaspace       used 39535K, capacity 40148K, committed 40508K, reserved 1085440K
  class space    used 4675K, capacity 4831K, committed 4924K, reserved 1048576K
2016-10-24T05:53:10.022+0800: 141.216: [GC (Allocation Failure) 2016-10-24T05:53:10.022+0800: 141.216: [ParNew
Desired survivor size 20112992 bytes, new threshold 8 (max 8)
- age   1:    6435824 bytes,    6435824 total
- age   2:    1278480 bytes,    7714304 total
- age   3:    5509912 bytes,   13224216 total
- age   4:    3231880 bytes,   16456096 total
- age   5:    1574824 bytes,   18030920 total
- age   6:     787648 bytes,   18818568 total
- age   7:     227008 bytes,   19045576 total
- age   8:     520904 bytes,   19566480 total
: 109248K->21824K(109248K), 0.0146201 secs] 290771K->206234K(502464K), 0.0146785 secs] [Times: user=0.07 sys=0.00, real=0.01 secs] 
Heap after GC invocations=63 (full 3):
 par new generation   total 109248K, used 21824K [0x00000007a0000000, 0x00000007a8000000, 0x00000007a8000000)
  eden space 87424K,   0% used [0x00000007a0000000, 0x00000007a0000000, 0x00000007a5560000)
  from space 21824K, 100% used [0x00000007a6ab0000, 0x00000007a8000000, 0x00000007a8000000)
  to   space 21824K,   0% used [0x00000007a5560000, 0x00000007a5560000, 0x00000007a6ab0000)
 concurrent mark-sweep generation total 393216K, used 184410K [0x00000007a8000000, 0x00000007c0000000, 0x00000007c0000000)
 Metaspace       used 39535K, capacity 40148K, committed 40508K, reserved 1085440K
  class space    used 4675K, capacity 4831K, committed 4924K, reserved 1048576K
}
2016-10-24T05:53:10.036+0800: 141.231: Total time for which application threads were stopped: 0.0148300 seconds, Stopping threads took: 0.0000288 seconds
{Heap before GC invocations=63 (full 3):
 par new generation   total 109248K, used 109248K [0x00000007a0000000, 0x00000007a8000000, 0x00000007a8000000)
  eden space 87424K, 100% used [0x00000007a0000000, 0x00000007a5560000, 0x00000007a5560000)
  from space 21824K, 100% used [0x00000007a6ab0000, 0x00000007a8000000, 0x00000007a8000000)
  to   space 21824K,   0% used [0x00000007a5560000, 0x00000007a5560000, 0x00000007a6ab0000)
 concurrent mark-sweep generation total 393216K, used 184410K [0x00000007a8000000, 0x00000007c0000000, 0x00000007c0000000)
 Metaspace       used 39535K, capacity 40148K, committed 40508K, reserved 1085440K
  class space    used 4675K, capacity 4831K, committed 4924K, reserved 1048576K
2016-10-24T05:53:10.276+0800: 141.471: [GC (Allocation Failure) 2016-10-24T05:53:10.276+0800: 141.471: [ParNew
Desired survivor size 20112992 bytes, new threshold 6 (max 8)
- age   1:    5691392 bytes,    5691392 total
- age   2:    4360520 bytes,   10051912 total
- age   3:    1054416 bytes,   11106328 total
- age   4:    5094048 bytes,   16200376 total
- age   5:    3047856 bytes,   19248232 total
- age   6:    1464816 bytes,   20713048 total
- age   7:     715648 bytes,   21428696 total
- age   8:     204392 bytes,   21633088 total
: 109248K->21824K(109248K), 0.0154666 secs] 293658K->209264K(502464K), 0.0155585 secs] [Times: user=0.06 sys=0.00, real=0.02 secs] 
Heap after GC invocations=64 (full 3):
 par new generation   total 109248K, used 21824K [0x00000007a0000000, 0x00000007a8000000, 0x00000007a8000000)
  eden space 87424K,   0% used [0x00000007a0000000, 0x00000007a0000000, 0x00000007a5560000)
  from space 21824K, 100% used [0x00000007a5560000, 0x00000007a6ab0000, 0x00000007a6ab0000)
  to   space 21824K,   0% used [0x00000007a6ab0000, 0x00000007a6ab0000, 0x00000007a8000000)
 concurrent mark-sweep generation total 393216K, used 187440K [0x00000007a8000000, 0x00000007c0000000, 0x00000007c0000000)
 Metaspace       used 39535K, capacity 40148K, committed 40508K, reserved 1085440K
  class space    used 4675K, capacity 4831K, committed 4924K, reserved 1048576K
}
2016-10-24T05:53:10.292+0800: 141.486: Total time for which application threads were stopped: 0.0157677 seconds, Stopping threads took: 0.0000259 seconds
{Heap before GC invocations=64 (full 3):
 par new generation   total 109248K, used 109248K [0x00000007a0000000, 0x00000007a8000000, 0x00000007a8000000)
  eden space 87424K, 100% used [0x00000007a0000000, 0x00000007a5560000, 0x00000007a5560000)
  from space 21824K, 100% used [0x00000007a5560000, 0x00000007a6ab0000, 0x00000007a6ab0000)
  to   space 21824K,   0% used [0x00000007a6ab0000, 0x00000007a6ab0000, 0x00000007a8000000)
 concurrent mark-sweep generation total 393216K, used 187440K [0x00000007a8000000, 0x00000007c0000000, 0x00000007c0000000)
 Metaspace       used 39535K, capacity 40148K, committed 40508K, reserved 1085440K
  class space    used 4675K, capacity 4831K, committed 4924K, reserved 1048576K
2016-10-24T05:53:10.621+0800: 141.816: [GC (Allocation Failure) 2016-10-24T05:53:10.621+0800: 141.816: [ParNew
Desired survivor size 20112992 bytes, new threshold 8 (max 8)
- age   1:    4104080 bytes,    4104080 total
- age   2:    3122064 bytes,    7226144 total
- age   3:    3338168 bytes,   10564312 total
- age   4:     904392 bytes,   11468704 total
- age   5:    4523440 bytes,   15992144 total
- age   6:    2953736 bytes,   18945880 total
: 109248K->21824K(109248K), 0.0245227 secs] 296688K->217042K(502464K), 0.0246000 secs] [Times: user=0.08 sys=0.00, real=0.02 secs] 
Heap after GC invocations=65 (full 3):
 par new generation   total 109248K, used 21824K [0x00000007a0000000, 0x00000007a8000000, 0x00000007a8000000)
  eden space 87424K,   0% used [0x00000007a0000000, 0x00000007a0000000, 0x00000007a5560000)
  from space 21824K, 100% used [0x00000007a6ab0000, 0x00000007a8000000, 0x00000007a8000000)
  to   space 21824K,   0% used [0x00000007a5560000, 0x00000007a5560000, 0x00000007a6ab0000)
 concurrent mark-sweep generation total 393216K, used 195218K [0x00000007a8000000, 0x00000007c0000000, 0x00000007c0000000)
 Metaspace       used 39535K, capacity 40148K, committed 40508K, reserved 1085440K
  class space    used 4675K, capacity 4831K, committed 4924K, reserved 1048576K
}
2016-10-24T05:53:10.646+0800: 141.841: Total time for which application threads were stopped: 0.0248341 seconds, Stopping threads took: 0.0000245 seconds
{Heap before GC invocations=65 (full 3):
 par new generation   total 109248K, used 109248K [0x00000007a0000000, 0x00000007a8000000, 0x00000007a8000000)
  eden space 87424K, 100% used [0x00000007a0000000, 0x00000007a5560000, 0x00000007a5560000)
  from space 21824K, 100% used [0x00000007a6ab0000, 0x00000007a8000000, 0x00000007a8000000)
  to   space 21824K,   0% used [0x00000007a5560000, 0x00000007a5560000, 0x00000007a6ab0000)
 concurrent mark-sweep generation total 393216K, used 195218K [0x00000007a8000000, 0x00000007c0000000, 0x00000007c0000000)
 Metaspace       used 39535K, capacity 40148K, committed 40508K, reserved 1085440K
  class space    used 4675K, capacity 4831K, committed 4924K, reserved 1048576K
2016-10-24T05:53:11.100+0800: 142.295: [GC (Allocation Failure) 2016-10-24T05:53:11.100+0800: 142.295: [ParNew
Desired survivor size 20112992 bytes, new threshold 7 (max 8)
- age   1:    5557248 bytes,    5557248 total
- age   2:    2525744 bytes,    8082992 total
- age   3:    2920344 bytes,   11003336 total
- age   4:    3157808 bytes,   14161144 total
- age   5:     843368 bytes,   15004512 total
- age   6:    4376136 bytes,   19380648 total
- age   7:    2863944 bytes,   22244592 total
: 109248K->21824K(109248K), 0.0252959 secs] 304466K->219981K(502464K), 0.0253884 secs] [Times: user=0.10 sys=0.00, real=0.02 secs] 
Heap after GC invocations=66 (full 3):
 par new generation   total 109248K, used 21824K [0x00000007a0000000, 0x00000007a8000000, 0x00000007a8000000)
  eden space 87424K,   0% used [0x00000007a0000000, 0x00000007a0000000, 0x00000007a5560000)
  from space 21824K, 100% used [0x00000007a5560000, 0x00000007a6ab0000, 0x00000007a6ab0000)
  to   space 21824K,   0% used [0x00000007a6ab0000, 0x00000007a6ab0000, 0x00000007a8000000)
 concurrent mark-sweep generation total 393216K, used 198157K [0x00000007a8000000, 0x00000007c0000000, 0x00000007c0000000)
 Metaspace       used 39535K, capacity 40148K, committed 40508K, reserved 1085440K
  class space    used 4675K, capacity 4831K, committed 4924K, reserved 1048576K
}
2016-10-24T05:53:11.125+0800: 142.320: Total time for which application threads were stopped: 0.0256220 seconds, Stopping threads took: 0.0000264 seconds
2016-10-24T05:53:11.126+0800: 142.320: [GC (CMS Initial Mark) [1 CMS-initial-mark: 198157K(393216K)] 221580K(502464K), 0.0064105 secs] [Times: user=0.02 sys=0.00, real=0.01 secs] 
2016-10-24T05:53:11.132+0800: 142.327: Total time for which application threads were stopped: 0.0066362 seconds, Stopping threads took: 0.0000919 seconds
2016-10-24T05:53:11.132+0800: 142.327: [CMS-concurrent-mark-start]
2016-10-24T05:53:11.159+0800: 142.354: [CMS-concurrent-mark: 0.027/0.027 secs] [Times: user=0.13 sys=0.00, real=0.02 secs] 
2016-10-24T05:53:11.159+0800: 142.354: [CMS-concurrent-preclean-start]
2016-10-24T05:53:11.162+0800: 142.357: [CMS-concurrent-preclean: 0.003/0.003 secs] [Times: user=0.01 sys=0.00, real=0.01 secs] 
2016-10-24T05:53:11.162+0800: 142.357: [CMS-concurrent-abortable-preclean-start]
2016-10-24T05:53:11.487+0800: 142.681: [CMS-concurrent-abortable-preclean: 0.324/0.325 secs] [Times: user=0.64 sys=0.01, real=0.32 secs] 
2016-10-24T05:53:11.487+0800: 142.682: [GC (CMS Final Remark) [YG occupancy: 88416 K (109248 K)]{Heap before GC invocations=66 (full 4):
 par new generation   total 109248K, used 88416K [0x00000007a0000000, 0x00000007a8000000, 0x00000007a8000000)
  eden space 87424K,  76% used [0x00000007a0000000, 0x00000007a4108380, 0x00000007a5560000)
  from space 21824K, 100% used [0x00000007a5560000, 0x00000007a6ab0000, 0x00000007a6ab0000)
  to   space 21824K,   0% used [0x00000007a6ab0000, 0x00000007a6ab0000, 0x00000007a8000000)
 concurrent mark-sweep generation total 393216K, used 198157K [0x00000007a8000000, 0x00000007c0000000, 0x00000007c0000000)
 Metaspace       used 39535K, capacity 40148K, committed 40508K, reserved 1085440K
  class space    used 4675K, capacity 4831K, committed 4924K, reserved 1048576K
2016-10-24T05:53:11.487+0800: 142.682: [GC (CMS Final Remark) 2016-10-24T05:53:11.487+0800: 142.682: [ParNew
Desired survivor size 20112992 bytes, new threshold 7 (max 8)
- age   1:    5969640 bytes,    5969640 total
- age   2:    3349280 bytes,    9318920 total
- age   3:    2061344 bytes,   11380264 total
- age   4:    2349368 bytes,   13729632 total
- age   5:    2876888 bytes,   16606520 total
- age   6:     753488 bytes,   17360008 total
- age   7:    4229792 bytes,   21589800 total
: 88416K->21824K(109248K), 0.0289167 secs] 286573K->226019K(502464K), 0.0290020 secs] [Times: user=0.11 sys=0.00, real=0.03 secs] 
Heap after GC invocations=67 (full 4):
 par new generation   total 109248K, used 21824K [0x00000007a0000000, 0x00000007a8000000, 0x00000007a8000000)
  eden space 87424K,   0% used [0x00000007a0000000, 0x00000007a0000000, 0x00000007a5560000)
  from space 21824K, 100% used [0x00000007a6ab0000, 0x00000007a8000000, 0x00000007a8000000)
  to   space 21824K,   0% used [0x00000007a5560000, 0x00000007a5560000, 0x00000007a6ab0000)
 concurrent mark-sweep generation total 393216K, used 204195K [0x00000007a8000000, 0x00000007c0000000, 0x00000007c0000000)
 Metaspace       used 39535K, capacity 40148K, committed 40508K, reserved 1085440K
  class space    used 4675K, capacity 4831K, committed 4924K, reserved 1048576K
}
2016-10-24T05:53:11.516+0800: 142.711: [Rescan (parallel) , 0.0114755 secs]2016-10-24T05:53:11.528+0800: 142.722: [weak refs processing, 0.0016363 secs]2016-10-24T05:53:11.529+0800: 142.724: [class unloading, 0.0111686 secs]2016-10-24T05:53:11.541+0800: 142.735: [scrub symbol table, 0.0064462 secs]2016-10-24T05:53:11.547+0800: 142.742: [scrub string table, 0.0007575 secs][1 CMS-remark: 204195K(393216K)] 226019K(502464K), 0.0609050 secs] [Times: user=0.17 sys=0.00, real=0.06 secs] 
2016-10-24T05:53:11.548+0800: 142.743: Total time for which application threads were stopped: 0.0611564 seconds, Stopping threads took: 0.0001152 seconds
2016-10-24T05:53:11.548+0800: 142.743: [CMS-concurrent-sweep-start]
2016-10-24T05:53:11.735+0800: 142.929: [CMS-concurrent-sweep: 0.186/0.186 secs] [Times: user=0.37 sys=0.00, real=0.19 secs] 
2016-10-24T05:53:11.735+0800: 142.929: [CMS-concurrent-reset-start]
2016-10-24T05:53:11.735+0800: 142.930: [CMS-concurrent-reset: 0.001/0.001 secs] [Times: user=0.00 sys=0.00, real=0.00 secs] 
{Heap before GC invocations=67 (full 4):
 par new generation   total 109248K, used 109248K [0x00000007a0000000, 0x00000007a8000000, 0x00000007a8000000)
  eden space 87424K, 100% used [0x00000007a0000000, 0x00000007a5560000, 0x00000007a5560000)
  from space 21824K, 100% used [0x00000007a6ab0000, 0x00000007a8000000, 0x00000007a8000000)
  to   space 21824K,   0% used [0x00000007a5560000, 0x00000007a5560000, 0x00000007a6ab0000)
 concurrent mark-sweep generation total 393216K, used 68356K [0x00000007a8000000, 0x00000007c0000000, 0x00000007c0000000)
 Metaspace       used 39535K, capacity 40148K, committed 40508K, reserved 1085440K
  class space    used 4675K, capacity 4831K, committed 4924K, reserved 1048576K
2016-10-24T05:53:12.011+0800: 143.206: [GC (Allocation Failure) 2016-10-24T05:53:12.011+0800: 143.206: [ParNew
Desired survivor size 20112992 bytes, new threshold 8 (max 8)
- age   1:    6526752 bytes,    6526752 total
- age   2:    2940168 bytes,    9466920 total
- age   3:    2913976 bytes,   12380896 total
- age   4:    1654304 bytes,   14035200 total
- age   5:    1958832 bytes,   15994032 total
- age   6:    2453640 bytes,   18447672 total
- age   7:     632432 bytes,   19080104 total
: 109248K->21824K(109248K), 0.0224223 secs] 177604K->95155K(502464K), 0.0225058 secs] [Times: user=0.08 sys=0.00, real=0.02 secs] 
Heap after GC invocations=68 (full 4):
 par new generation   total 109248K, used 21824K [0x00000007a0000000, 0x00000007a8000000, 0x00000007a8000000)
  eden space 87424K,   0% used [0x00000007a0000000, 0x00000007a0000000, 0x00000007a5560000)
  from space 21824K, 100% used [0x00000007a5560000, 0x00000007a6ab0000, 0x00000007a6ab0000)
  to   space 21824K,   0% used [0x00000007a6ab0000, 0x00000007a6ab0000, 0x00000007a8000000)
 concurrent mark-sweep generation total 393216K, used 73331K [0x00000007a8000000, 0x00000007c0000000, 0x00000007c0000000)
 Metaspace       used 39535K, capacity 40148K, committed 40508K, reserved 1085440K
  class space    used 4675K, capacity 4831K, committed 4924K, reserved 1048576K
}
2016-10-24T05:53:12.034+0800: 143.229: Total time for which application threads were stopped: 0.0227553 seconds, Stopping threads took: 0.0000249 seconds
{Heap before GC invocations=68 (full 4):
 par new generation   total 109248K, used 109248K [0x00000007a0000000, 0x00000007a8000000, 0x00000007a8000000)
  eden space 87424K, 100% used [0x00000007a0000000, 0x00000007a5560000, 0x00000007a5560000)
  from space 21824K, 100% used [0x00000007a5560000, 0x00000007a6ab0000, 0x00000007a6ab0000)
  to   space 21824K,   0% used [0x00000007a6ab0000, 0x00000007a6ab0000, 0x00000007a8000000)
 concurrent mark-sweep generation total 393216K, used 73331K [0x00000007a8000000, 0x00000007c0000000, 0x00000007c0000000)
 Metaspace       used 39535K, capacity 40148K, committed 40508K, reserved 1085440K
  class space    used 4675K, capacity 4831K, committed 4924K, reserved 1048576K
2016-10-24T05:53:12.532+0800: 143.727: [GC (Allocation Failure) 2016-10-24T05:53:12.532+0800: 143.727: [ParNew
Desired survivor size 20112992 bytes, new threshold 7 (max 8)
- age   1:   10057328 bytes,   10057328 total
- age   2:    2693808 bytes,   12751136 total
- age   3:    1910752 bytes,   14661888 total
- age   4:    1926256 bytes,   16588144 total
- age   5:    1398104 bytes,   17986248 total
- age   6:    1868960 bytes,   19855208 total
- age   7:    1857944 bytes,   21713152 total
- age   8:     609928 bytes,   22323080 total
: 109248K->21824K(109248K), 0.0292719 secs] 182579K->99192K(502464K), 0.0293654 secs] [Times: user=0.11 sys=0.00, real=0.03 secs] 
Heap after GC invocations=69 (full 4):
 par new generation   total 109248K, used 21824K [0x00000007a0000000, 0x00000007a8000000, 0x00000007a8000000)
  eden space 87424K,   0% used [0x00000007a0000000, 0x00000007a0000000, 0x00000007a5560000)
  from space 21824K, 100% used [0x00000007a6ab0000, 0x00000007a8000000, 0x00000007a8000000)
  to   space 21824K,   0% used [0x00000007a5560000, 0x00000007a5560000, 0x00000007a6ab0000)
 concurrent mark-sweep generation total 393216K, used 77368K [0x00000007a8000000, 0x00000007c0000000, 0x00000007c0000000)
 Metaspace       used 39535K, capacity 40148K, committed 40508K, reserved 1085440K
  class space    used 4675K, capacity 4831K, committed 4924K, reserved 1048576K
}
2016-10-24T05:53:12.562+0800: 143.756: Total time for which application threads were stopped: 0.0296000 seconds, Stopping threads took: 0.0000260 seconds
{Heap before GC invocations=69 (full 4):
 par new generation   total 109248K, used 109248K [0x00000007a0000000, 0x00000007a8000000, 0x00000007a8000000)
  eden space 87424K, 100% used [0x00000007a0000000, 0x00000007a5560000, 0x00000007a5560000)
  from space 21824K, 100% used [0x00000007a6ab0000, 0x00000007a8000000, 0x00000007a8000000)
  to   space 21824K,   0% used [0x00000007a5560000, 0x00000007a5560000, 0x00000007a6ab0000)
 concurrent mark-sweep generation total 393216K, used 77368K [0x00000007a8000000, 0x00000007c0000000, 0x00000007c0000000)
 Metaspace       used 39535K, capacity 40148K, committed 40508K, reserved 1085440K
  class space    used 4675K, capacity 4831K, committed 4924K, reserved 1048576K
2016-10-24T05:53:13.066+0800: 144.260: [GC (Allocation Failure) 2016-10-24T05:53:13.066+0800: 144.260: [ParNew
Desired survivor size 20112992 bytes, new threshold 6 (max 8)
- age   1:    8270408 bytes,    8270408 total
- age   2:    5889904 bytes,   14160312 total
- age   3:    2297872 bytes,   16458184 total
- age   4:    1670872 bytes,   18129056 total
- age   5:    1376512 bytes,   19505568 total
- age   6:    1161096 bytes,   20666664 total
- age   7:    1680960 bytes,   22347624 total
: 109248K->21824K(109248K), 0.0299281 secs] 186616K->104162K(502464K), 0.0300346 secs] [Times: user=0.11 sys=0.00, real=0.03 secs] 
Heap after GC invocations=70 (full 4):
 par new generation   total 109248K, used 21824K [0x00000007a0000000, 0x00000007a8000000, 0x00000007a8000000)
  eden space 87424K,   0% used [0x00000007a0000000, 0x00000007a0000000, 0x00000007a5560000)
  from space 21824K, 100% used [0x00000007a5560000, 0x00000007a6ab0000, 0x00000007a6ab0000)
  to   space 21824K,   0% used [0x00000007a6ab0000, 0x00000007a6ab0000, 0x00000007a8000000)
 concurrent mark-sweep generation total 393216K, used 82338K [0x00000007a8000000, 0x00000007c0000000, 0x00000007c0000000)
 Metaspace       used 39535K, capacity 40148K, committed 40508K, reserved 1085440K
  class space    used 4675K, capacity 4831K, committed 4924K, reserved 1048576K
}
2016-10-24T05:53:13.096+0800: 144.290: Total time for which application threads were stopped: 0.0302761 seconds, Stopping threads took: 0.0000280 seconds
{Heap before GC invocations=70 (full 4):
 par new generation   total 109248K, used 109248K [0x00000007a0000000, 0x00000007a8000000, 0x00000007a8000000)
  eden space 87424K, 100% used [0x00000007a0000000, 0x00000007a5560000, 0x00000007a5560000)
  from space 21824K, 100% used [0x00000007a5560000, 0x00000007a6ab0000, 0x00000007a6ab0000)
  to   space 21824K,   0% used [0x00000007a6ab0000, 0x00000007a6ab0000, 0x00000007a8000000)
 concurrent mark-sweep generation total 393216K, used 82338K [0x00000007a8000000, 0x00000007c0000000, 0x00000007c0000000)
 Metaspace       used 39535K, capacity 40148K, committed 40508K, reserved 1085440K
  class space    used 4675K, capacity 4831K, committed 4924K, reserved 1048576K
2016-10-24T05:53:13.589+0800: 144.783: [GC (Allocation Failure) 2016-10-24T05:53:13.589+0800: 144.783: [ParNew
Desired survivor size 20112992 bytes, new threshold 5 (max 8)
- age   1:    7969808 bytes,    7969808 total
- age   2:    3829240 bytes,   11799048 total
- age   3:    5478872 bytes,   17277920 total
- age   4:    2082408 bytes,   19360328 total
- age   5:    1540656 bytes,   20900984 total
- age   6:    1219888 bytes,   22120872 total
: 109248K->21824K(109248K), 0.0336792 secs] 191586K->109114K(502464K), 0.0337574 secs] [Times: user=0.13 sys=0.00, real=0.04 secs] 
Heap after GC invocations=71 (full 4):
 par new generation   total 109248K, used 21824K [0x00000007a0000000, 0x00000007a8000000, 0x00000007a8000000)
  eden space 87424K,   0% used [0x00000007a0000000, 0x00000007a0000000, 0x00000007a5560000)
  from space 21824K, 100% used [0x00000007a6ab0000, 0x00000007a8000000, 0x00000007a8000000)
  to   space 21824K,   0% used [0x00000007a5560000, 0x00000007a5560000, 0x00000007a6ab0000)
 concurrent mark-sweep generation total 393216K, used 87290K [0x00000007a8000000, 0x00000007c0000000, 0x00000007c0000000)
 Metaspace       used 39535K, capacity 40148K, committed 40508K, reserved 1085440K
  class space    used 4675K, capacity 4831K, committed 4924K, reserved 1048576K
}
2016-10-24T05:53:13.622+0800: 144.817: Total time for which application threads were stopped: 0.0339985 seconds, Stopping threads took: 0.0000281 seconds
{Heap before GC invocations=71 (full 4):
 par new generation   total 109248K, used 109248K [0x00000007a0000000, 0x00000007a8000000, 0x00000007a8000000)
  eden space 87424K, 100% used [0x00000007a0000000, 0x00000007a5560000, 0x00000007a5560000)
  from space 21824K, 100% used [0x00000007a6ab0000, 0x00000007a8000000, 0x00000007a8000000)
  to   space 21824K,   0% used [0x00000007a5560000, 0x00000007a5560000, 0x00000007a6ab0000)
 concurrent mark-sweep generation total 393216K, used 87290K [0x00000007a8000000, 0x00000007c0000000, 0x00000007c0000000)
 Metaspace       used 39535K, capacity 40148K, committed 40508K, reserved 1085440K
  class space    used 4675K, capacity 4831K, committed 4924K, reserved 1048576K
2016-10-24T05:53:14.114+0800: 145.309: [GC (Allocation Failure) 2016-10-24T05:53:14.114+0800: 145.309: [ParNew
Desired survivor size 20112992 bytes, new threshold 4 (max 8)
- age   1:    8200624 bytes,    8200624 total
- age   2:    2921448 bytes,   11122072 total
- age   3:    3656888 bytes,   14778960 total
- age   4:    5353344 bytes,   20132304 total
- age   5:    1968768 bytes,   22101072 total
: 109248K->21824K(109248K), 0.0273317 secs] 196538K->113942K(502464K), 0.0274321 secs] [Times: user=0.10 sys=0.00, real=0.03 secs] 
Heap after GC invocations=72 (full 4):
 par new generation   total 109248K, used 21824K [0x00000007a0000000, 0x00000007a8000000, 0x00000007a8000000)
  eden space 87424K,   0% used [0x00000007a0000000, 0x00000007a0000000, 0x00000007a5560000)
  from space 21824K, 100% used [0x00000007a5560000, 0x00000007a6ab0000, 0x00000007a6ab0000)
  to   space 21824K,   0% used [0x00000007a6ab0000, 0x00000007a6ab0000, 0x00000007a8000000)
 concurrent mark-sweep generation total 393216K, used 92118K [0x00000007a8000000, 0x00000007c0000000, 0x00000007c0000000)
 Metaspace       used 39535K, capacity 40148K, committed 40508K, reserved 1085440K
  class space    used 4675K, capacity 4831K, committed 4924K, reserved 1048576K
}
2016-10-24T05:53:14.141+0800: 145.336: Total time for which application threads were stopped: 0.0276675 seconds, Stopping threads took: 0.0000255 seconds
{Heap before GC invocations=72 (full 4):
 par new generation   total 109248K, used 109248K [0x00000007a0000000, 0x00000007a8000000, 0x00000007a8000000)
  eden space 87424K, 100% used [0x00000007a0000000, 0x00000007a5560000, 0x00000007a5560000)
  from space 21824K, 100% used [0x00000007a5560000, 0x00000007a6ab0000, 0x00000007a6ab0000)
  to   space 21824K,   0% used [0x00000007a6ab0000, 0x00000007a6ab0000, 0x00000007a8000000)
 concurrent mark-sweep generation total 393216K, used 92118K [0x00000007a8000000, 0x00000007c0000000, 0x00000007c0000000)
 Metaspace       used 39535K, capacity 40148K, committed 40508K, reserved 1085440K
  class space    used 4675K, capacity 4831K, committed 4924K, reserved 1048576K
2016-10-24T05:53:14.652+0800: 145.847: [GC (Allocation Failure) 2016-10-24T05:53:14.652+0800: 145.847: [ParNew
Desired survivor size 20112992 bytes, new threshold 4 (max 8)
- age   1:    7027376 bytes,    7027376 total
- age   2:    7070152 bytes,   14097528 total
- age   3:    2748736 bytes,   16846264 total
- age   4:    3492584 bytes,   20338848 total
: 109248K->21824K(109248K), 0.0307442 secs] 201366K->122196K(502464K), 0.0308263 secs] [Times: user=0.11 sys=0.00, real=0.03 secs] 
Heap after GC invocations=73 (full 4):
 par new generation   total 109248K, used 21824K [0x00000007a0000000, 0x00000007a8000000, 0x00000007a8000000)
  eden space 87424K,   0% used [0x00000007a0000000, 0x00000007a0000000, 0x00000007a5560000)
  from space 21824K, 100% used [0x00000007a6ab0000, 0x00000007a8000000, 0x00000007a8000000)
  to   space 21824K,   0% used [0x00000007a5560000, 0x00000007a5560000, 0x00000007a6ab0000)
 concurrent mark-sweep generation total 393216K, used 100372K [0x00000007a8000000, 0x00000007c0000000, 0x00000007c0000000)
 Metaspace       used 39535K, capacity 40148K, committed 40508K, reserved 1085440K
  class space    used 4675K, capacity 4831K, committed 4924K, reserved 1048576K
}
2016-10-24T05:53:14.683+0800: 145.878: Total time for which application threads were stopped: 0.0310679 seconds, Stopping threads took: 0.0000276 seconds
{Heap before GC invocations=73 (full 4):
 par new generation   total 109248K, used 109248K [0x00000007a0000000, 0x00000007a8000000, 0x00000007a8000000)
  eden space 87424K, 100% used [0x00000007a0000000, 0x00000007a5560000, 0x00000007a5560000)
  from space 21824K, 100% used [0x00000007a6ab0000, 0x00000007a8000000, 0x00000007a8000000)
  to   space 21824K,   0% used [0x00000007a5560000, 0x00000007a5560000, 0x00000007a6ab0000)
 concurrent mark-sweep generation total 393216K, used 100372K [0x00000007a8000000, 0x00000007c0000000, 0x00000007c0000000)
 Metaspace       used 39535K, capacity 40148K, committed 40508K, reserved 1085440K
  class space    used 4675K, capacity 4831K, committed 4924K, reserved 1048576K
2016-10-24T05:53:15.173+0800: 146.368: [GC (Allocation Failure) 2016-10-24T05:53:15.173+0800: 146.368: [ParNew
Desired survivor size 20112992 bytes, new threshold 8 (max 8)
- age   1:    9342128 bytes,    9342128 total
- age   2:    4880688 bytes,   14222816 total
- age   3:    2077640 bytes,   16300456 total
- age   4:    2396712 bytes,   18697168 total
: 109248K->21824K(109248K), 0.0258100 secs] 209620K->128662K(502464K), 0.0259178 secs] [Times: user=0.10 sys=0.00, real=0.02 secs] 
Heap after GC invocations=74 (full 4):
 par new generation   total 109248K, used 21824K [0x00000007a0000000, 0x00000007a8000000, 0x00000007a8000000)
  eden space 87424K,   0% used [0x00000007a0000000, 0x00000007a0000000, 0x00000007a5560000)
  from space 21824K, 100% used [0x00000007a5560000, 0x00000007a6ab0000, 0x00000007a6ab0000)
  to   space 21824K,   0% used [0x00000007a6ab0000, 0x00000007a6ab0000, 0x00000007a8000000)
 concurrent mark-sweep generation total 393216K, used 106838K [0x00000007a8000000, 0x00000007c0000000, 0x00000007c0000000)
 Metaspace       used 39535K, capacity 40148K, committed 40508K, reserved 1085440K
  class space    used 4675K, capacity 4831K, committed 4924K, reserved 1048576K
}
2016-10-24T05:53:15.199+0800: 146.394: Total time for which application threads were stopped: 0.0262258 seconds, Stopping threads took: 0.0000306 seconds
{Heap before GC invocations=74 (full 4):
 par new generation   total 109248K, used 109248K [0x00000007a0000000, 0x00000007a8000000, 0x00000007a8000000)
  eden space 87424K, 100% used [0x00000007a0000000, 0x00000007a5560000, 0x00000007a5560000)
  from space 21824K, 100% used [0x00000007a5560000, 0x00000007a6ab0000, 0x00000007a6ab0000)
  to   space 21824K,   0% used [0x00000007a6ab0000, 0x00000007a6ab0000, 0x00000007a8000000)
 concurrent mark-sweep generation total 393216K, used 106838K [0x00000007a8000000, 0x00000007c0000000, 0x00000007c0000000)
 Metaspace       used 39535K, capacity 40148K, committed 40508K, reserved 1085440K
  class space    used 4675K, capacity 4831K, committed 4924K, reserved 1048576K
2016-10-24T05:53:15.693+0800: 146.888: [GC (Allocation Failure) 2016-10-24T05:53:15.693+0800: 146.888: [ParNew
Desired survivor size 20112992 bytes, new threshold 5 (max 8)
- age   1:    9332856 bytes,    9332856 total
- age   2:    4122256 bytes,   13455112 total
- age   3:    3542904 bytes,   16998016 total
- age   4:    1883024 bytes,   18881040 total
- age   5:    2289648 bytes,   21170688 total
: 109248K->21824K(109248K), 0.0258011 secs] 216086K->130905K(502464K), 0.0258818 secs] [Times: user=0.09 sys=0.00, real=0.02 secs] 
Heap after GC invocations=75 (full 4):
 par new generation   total 109248K, used 21824K [0x00000007a0000000, 0x00000007a8000000, 0x00000007a8000000)
  eden space 87424K,   0% used [0x00000007a0000000, 0x00000007a0000000, 0x00000007a5560000)
  from space 21824K, 100% used [0x00000007a6ab0000, 0x00000007a8000000, 0x00000007a8000000)
  to   space 21824K,   0% used [0x00000007a5560000, 0x00000007a5560000, 0x00000007a6ab0000)
 concurrent mark-sweep generation total 393216K, used 109081K [0x00000007a8000000, 0x00000007c0000000, 0x00000007c0000000)
 Metaspace       used 39535K, capacity 40148K, committed 40508K, reserved 1085440K
  class space    used 4675K, capacity 4831K, committed 4924K, reserved 1048576K
}
2016-10-24T05:53:15.719+0800: 146.914: Total time for which application threads were stopped: 0.0261401 seconds, Stopping threads took: 0.0000252 seconds
{Heap before GC invocations=75 (full 4):
 par new generation   total 109248K, used 109248K [0x00000007a0000000, 0x00000007a8000000, 0x00000007a8000000)
  eden space 87424K, 100% used [0x00000007a0000000, 0x00000007a5560000, 0x00000007a5560000)
  from space 21824K, 100% used [0x00000007a6ab0000, 0x00000007a8000000, 0x00000007a8000000)
  to   space 21824K,   0% used [0x00000007a5560000, 0x00000007a5560000, 0x00000007a6ab0000)
 concurrent mark-sweep generation total 393216K, used 109081K [0x00000007a8000000, 0x00000007c0000000, 0x00000007c0000000)
 Metaspace       used 39535K, capacity 40148K, committed 40508K, reserved 1085440K
  class space    used 4675K, capacity 4831K, committed 4924K, reserved 1048576K
2016-10-24T05:53:16.287+0800: 147.482: [GC (Allocation Failure) 2016-10-24T05:53:16.287+0800: 147.482: [ParNew
Desired survivor size 20112992 bytes, new threshold 5 (max 8)
- age   1:    6191560 bytes,    6191560 total
- age   2:    7942208 bytes,   14133768 total
- age   3:    2598224 bytes,   16731992 total
- age   4:    3310856 bytes,   20042848 total
- age   5:    1758424 bytes,   21801272 total
: 109248K->21824K(109248K), 0.0390005 secs] 218329K->138794K(502464K), 0.0390881 secs] [Times: user=0.15 sys=0.00, real=0.04 secs] 
Heap after GC invocations=76 (full 4):
 par new generation   total 109248K, used 21824K [0x00000007a0000000, 0x00000007a8000000, 0x00000007a8000000)
  eden space 87424K,   0% used [0x00000007a0000000, 0x00000007a0000000, 0x00000007a5560000)
  from space 21824K, 100% used [0x00000007a5560000, 0x00000007a6ab0000, 0x00000007a6ab0000)
  to   space 21824K,   0% used [0x00000007a6ab0000, 0x00000007a6ab0000, 0x00000007a8000000)
 concurrent mark-sweep generation total 393216K, used 116970K [0x00000007a8000000, 0x00000007c0000000, 0x00000007c0000000)
 Metaspace       used 39535K, capacity 40148K, committed 40508K, reserved 1085440K
  class space    used 4675K, capacity 4831K, committed 4924K, reserved 1048576K
}
2016-10-24T05:53:16.326+0800: 147.521: Total time for which application threads were stopped: 0.0393178 seconds, Stopping threads took: 0.0000254 seconds
{Heap before GC invocations=76 (full 4):
 par new generation   total 109248K, used 109248K [0x00000007a0000000, 0x00000007a8000000, 0x00000007a8000000)
  eden space 87424K, 100% used [0x00000007a0000000, 0x00000007a5560000, 0x00000007a5560000)
  from space 21824K, 100% used [0x00000007a5560000, 0x00000007a6ab0000, 0x00000007a6ab0000)
  to   space 21824K,   0% used [0x00000007a6ab0000, 0x00000007a6ab0000, 0x00000007a8000000)
 concurrent mark-sweep generation total 393216K, used 116970K [0x00000007a8000000, 0x00000007c0000000, 0x00000007c0000000)
 Metaspace       used 39535K, capacity 40148K, committed 40508K, reserved 1085440K
  class space    used 4675K, capacity 4831K, committed 4924K, reserved 1048576K
2016-10-24T05:53:16.855+0800: 148.050: [GC (Allocation Failure) 2016-10-24T05:53:16.855+0800: 148.050: [ParNew
Desired survivor size 20112992 bytes, new threshold 4 (max 8)
- age   1:   10524384 bytes,   10524384 total
- age   2:    5693312 bytes,   16217696 total
- age   3:    2156472 bytes,   18374168 total
- age   4:    2003656 bytes,   20377824 total
- age   5:    1960816 bytes,   22338640 total
: 109248K->21824K(109248K), 0.0414101 secs] 226218K->144428K(502464K), 0.0414989 secs] [Times: user=0.15 sys=0.00, real=0.04 secs] 
Heap after GC invocations=77 (full 4):
 par new generation   total 109248K, used 21824K [0x00000007a0000000, 0x00000007a8000000, 0x00000007a8000000)
  eden space 87424K,   0% used [0x00000007a0000000, 0x00000007a0000000, 0x00000007a5560000)
  from space 21824K, 100% used [0x00000007a6ab0000, 0x00000007a8000000, 0x00000007a8000000)
  to   space 21824K,   0% used [0x00000007a5560000, 0x00000007a5560000, 0x00000007a6ab0000)
 concurrent mark-sweep generation total 393216K, used 122604K [0x00000007a8000000, 0x00000007c0000000, 0x00000007c0000000)
 Metaspace       used 39535K, capacity 40148K, committed 40508K, reserved 1085440K
  class space    used 4675K, capacity 4831K, committed 4924K, reserved 1048576K
}
2016-10-24T05:53:16.897+0800: 148.091: Total time for which application threads were stopped: 0.0417768 seconds, Stopping threads took: 0.0000234 seconds
{Heap before GC invocations=77 (full 4):
 par new generation   total 109248K, used 109248K [0x00000007a0000000, 0x00000007a8000000, 0x00000007a8000000)
  eden space 87424K, 100% used [0x00000007a0000000, 0x00000007a5560000, 0x00000007a5560000)
  from space 21824K, 100% used [0x00000007a6ab0000, 0x00000007a8000000, 0x00000007a8000000)
  to   space 21824K,   0% used [0x00000007a5560000, 0x00000007a5560000, 0x00000007a6ab0000)
 concurrent mark-sweep generation total 393216K, used 122604K [0x00000007a8000000, 0x00000007c0000000, 0x00000007c0000000)
 Metaspace       used 39535K, capacity 40148K, committed 40508K, reserved 1085440K
  class space    used 4675K, capacity 4831K, committed 4924K, reserved 1048576K
2016-10-24T05:53:17.518+0800: 148.713: [GC (Allocation Failure) 2016-10-24T05:53:17.526+0800: 148.721: [ParNew
Desired survivor size 20112992 bytes, new threshold 8 (max 8)
- age   1:    4234856 bytes,    4234856 total
- age   2:    9762416 bytes,   13997272 total
- age   3:    3902168 bytes,   17899440 total
- age   4:    1747552 bytes,   19646992 total
: 109248K->21824K(109248K), 0.0362336 secs] 231852K->151613K(502464K), 0.0438848 secs] [Times: user=0.13 sys=0.00, real=0.05 secs] 
Heap after GC invocations=78 (full 4):
 par new generation   total 109248K, used 21824K [0x00000007a0000000, 0x00000007a8000000, 0x00000007a8000000)
  eden space 87424K,   0% used [0x00000007a0000000, 0x00000007a0000000, 0x00000007a5560000)
  from space 21824K, 100% used [0x00000007a5560000, 0x00000007a6ab0000, 0x00000007a6ab0000)
  to   space 21824K,   0% used [0x00000007a6ab0000, 0x00000007a6ab0000, 0x00000007a8000000)
 concurrent mark-sweep generation total 393216K, used 129789K [0x00000007a8000000, 0x00000007c0000000, 0x00000007c0000000)
 Metaspace       used 39535K, capacity 40148K, committed 40508K, reserved 1085440K
  class space    used 4675K, capacity 4831K, committed 4924K, reserved 1048576K
}
2016-10-24T05:53:17.562+0800: 148.757: Total time for which application threads were stopped: 0.0441107 seconds, Stopping threads took: 0.0000264 seconds
{Heap before GC invocations=78 (full 4):
 par new generation   total 109248K, used 109248K [0x00000007a0000000, 0x00000007a8000000, 0x00000007a8000000)
  eden space 87424K, 100% used [0x00000007a0000000, 0x00000007a5560000, 0x00000007a5560000)
  from space 21824K, 100% used [0x00000007a5560000, 0x00000007a6ab0000, 0x00000007a6ab0000)
  to   space 21824K,   0% used [0x00000007a6ab0000, 0x00000007a6ab0000, 0x00000007a8000000)
 concurrent mark-sweep generation total 393216K, used 129789K [0x00000007a8000000, 0x00000007c0000000, 0x00000007c0000000)
 Metaspace       used 39535K, capacity 40148K, committed 40508K, reserved 1085440K
  class space    used 4675K, capacity 4831K, committed 4924K, reserved 1048576K
2016-10-24T05:53:18.112+0800: 149.307: [GC (Allocation Failure) 2016-10-24T05:53:18.112+0800: 149.307: [ParNew
Desired survivor size 20112992 bytes, new threshold 5 (max 8)
- age   1:   10241104 bytes,   10241104 total
- age   2:    2191408 bytes,   12432512 total
- age   3:    3319680 bytes,   15752192 total
- age   4:    3612920 bytes,   19365112 total
- age   5:    1444352 bytes,   20809464 total
: 109248K->21824K(109248K), 0.0376905 secs] 239037K->155598K(502464K), 0.0377699 secs] [Times: user=0.14 sys=0.00, real=0.04 secs] 
Heap after GC invocations=79 (full 4):
 par new generation   total 109248K, used 21824K [0x00000007a0000000, 0x00000007a8000000, 0x00000007a8000000)
  eden space 87424K,   0% used [0x00000007a0000000, 0x00000007a0000000, 0x00000007a5560000)
  from space 21824K, 100% used [0x00000007a6ab0000, 0x00000007a8000000, 0x00000007a8000000)
  to   space 21824K,   0% used [0x00000007a5560000, 0x00000007a5560000, 0x00000007a6ab0000)
 concurrent mark-sweep generation total 393216K, used 133774K [0x00000007a8000000, 0x00000007c0000000, 0x00000007c0000000)
 Metaspace       used 39535K, capacity 40148K, committed 40508K, reserved 1085440K
  class space    used 4675K, capacity 4831K, committed 4924K, reserved 1048576K
}
2016-10-24T05:53:18.150+0800: 149.345: Total time for which application threads were stopped: 0.0380007 seconds, Stopping threads took: 0.0000257 seconds
{Heap before GC invocations=79 (full 4):
 par new generation   total 109248K, used 109248K [0x00000007a0000000, 0x00000007a8000000, 0x00000007a8000000)
  eden space 87424K, 100% used [0x00000007a0000000, 0x00000007a5560000, 0x00000007a5560000)
  from space 21824K, 100% used [0x00000007a6ab0000, 0x00000007a8000000, 0x00000007a8000000)
  to   space 21824K,   0% used [0x00000007a5560000, 0x00000007a5560000, 0x00000007a6ab0000)
 concurrent mark-sweep generation total 393216K, used 133774K [0x00000007a8000000, 0x00000007c0000000, 0x00000007c0000000)
 Metaspace       used 39535K, capacity 40148K, committed 40508K, reserved 1085440K
  class space    used 4675K, capacity 4831K, committed 4924K, reserved 1048576K
2016-10-24T05:53:18.701+0800: 149.896: [GC (Allocation Failure) 2016-10-24T05:53:18.702+0800: 149.896: [ParNew
Desired survivor size 20112992 bytes, new threshold 5 (max 8)
- age   1:    3022704 bytes,    3022704 total
- age   2:    9848632 bytes,   12871336 total
- age   3:    1761744 bytes,   14633080 total
- age   4:    3100808 bytes,   17733888 total
- age   5:    3428696 bytes,   21162584 total
: 109248K->21824K(109248K), 0.0422474 secs] 243022K->161644K(502464K), 0.0427673 secs] [Times: user=0.15 sys=0.00, real=0.04 secs] 
Heap after GC invocations=80 (full 4):
 par new generation   total 109248K, used 21824K [0x00000007a0000000, 0x00000007a8000000, 0x00000007a8000000)
  eden space 87424K,   0% used [0x00000007a0000000, 0x00000007a0000000, 0x00000007a5560000)
  from space 21824K, 100% used [0x00000007a5560000, 0x00000007a6ab0000, 0x00000007a6ab0000)
  to   space 21824K,   0% used [0x00000007a6ab0000, 0x00000007a6ab0000, 0x00000007a8000000)
 concurrent mark-sweep generation total 393216K, used 139820K [0x00000007a8000000, 0x00000007c0000000, 0x00000007c0000000)
 Metaspace       used 39535K, capacity 40148K, committed 40508K, reserved 1085440K
  class space    used 4675K, capacity 4831K, committed 4924K, reserved 1048576K
}
2016-10-24T05:53:18.744+0800: 149.939: Total time for which application threads were stopped: 0.0430018 seconds, Stopping threads took: 0.0000264 seconds
{Heap before GC invocations=80 (full 4):
 par new generation   total 109248K, used 109248K [0x00000007a0000000, 0x00000007a8000000, 0x00000007a8000000)
  eden space 87424K, 100% used [0x00000007a0000000, 0x00000007a5560000, 0x00000007a5560000)
  from space 21824K, 100% used [0x00000007a5560000, 0x00000007a6ab0000, 0x00000007a6ab0000)
  to   space 21824K,   0% used [0x00000007a6ab0000, 0x00000007a6ab0000, 0x00000007a8000000)
 concurrent mark-sweep generation total 393216K, used 139820K [0x00000007a8000000, 0x00000007c0000000, 0x00000007c0000000)
 Metaspace       used 39535K, capacity 40148K, committed 40508K, reserved 1085440K
  class space    used 4675K, capacity 4831K, committed 4924K, reserved 1048576K
2016-10-24T05:53:19.264+0800: 150.459: [GC (Allocation Failure) 2016-10-24T05:53:19.264+0800: 150.459: [ParNew
Desired survivor size 20112992 bytes, new threshold 8 (max 8)
- age   1:    9573240 bytes,    9573240 total
- age   2:    2512344 bytes,   12085584 total
- age   3:    3357528 bytes,   15443112 total
- age   4:    1668192 bytes,   17111304 total
- age   5:    2335408 bytes,   19446712 total
: 109248K->21824K(109248K), 0.0456541 secs] 249068K->169745K(502464K), 0.0457410 secs] [Times: user=0.16 sys=0.00, real=0.05 secs] 
Heap after GC invocations=81 (full 4):
 par new generation   total 109248K, used 21824K [0x00000007a0000000, 0x00000007a8000000, 0x00000007a8000000)
  eden space 87424K,   0% used [0x00000007a0000000, 0x00000007a0000000, 0x00000007a5560000)
  from space 21824K, 100% used [0x00000007a6ab0000, 0x00000007a8000000, 0x00000007a8000000)
  to   space 21824K,   0% used [0x00000007a5560000, 0x00000007a5560000, 0x00000007a6ab0000)
 concurrent mark-sweep generation total 393216K, used 147921K [0x00000007a8000000, 0x00000007c0000000, 0x00000007c0000000)
 Metaspace       used 39535K, capacity 40148K, committed 40508K, reserved 1085440K
  class space    used 4675K, capacity 4831K, committed 4924K, reserved 1048576K
}
2016-10-24T05:53:19.310+0800: 150.505: Total time for which application threads were stopped: 0.0459969 seconds, Stopping threads took: 0.0000240 seconds
{Heap before GC invocations=81 (full 4):
 par new generation   total 109248K, used 109248K [0x00000007a0000000, 0x00000007a8000000, 0x00000007a8000000)
  eden space 87424K, 100% used [0x00000007a0000000, 0x00000007a5560000, 0x00000007a5560000)
  from space 21824K, 100% used [0x00000007a6ab0000, 0x00000007a8000000, 0x00000007a8000000)
  to   space 21824K,   0% used [0x00000007a5560000, 0x00000007a5560000, 0x00000007a6ab0000)
 concurrent mark-sweep generation total 393216K, used 147921K [0x00000007a8000000, 0x00000007c0000000, 0x00000007c0000000)
 Metaspace       used 39535K, capacity 40148K, committed 40508K, reserved 1085440K
  class space    used 4675K, capacity 4831K, committed 4924K, reserved 1048576K
2016-10-24T05:53:19.808+0800: 151.003: [GC (Allocation Failure) 2016-10-24T05:53:19.808+0800: 151.003: [ParNew
Desired survivor size 20112992 bytes, new threshold 6 (max 8)
- age   1:    5064096 bytes,    5064096 total
- age   2:    8622840 bytes,   13686936 total
- age   3:    2467728 bytes,   16154664 total
- age   4:    1654176 bytes,   17808840 total
- age   5:    1639504 bytes,   19448344 total
- age   6:    2311544 bytes,   21759888 total
: 109248K->21824K(109248K), 0.0303635 secs] 257169K->171946K(502464K), 0.0304613 secs] [Times: user=0.12 sys=0.00, real=0.03 secs] 
Heap after GC invocations=82 (full 4):
 par new generation   total 109248K, used 21824K [0x00000007a0000000, 0x00000007a8000000, 0x00000007a8000000)
  eden space 87424K,   0% used [0x00000007a0000000, 0x00000007a0000000, 0x00000007a5560000)
  from space 21824K, 100% used [0x00000007a5560000, 0x00000007a6ab0000, 0x00000007a6ab0000)
  to   space 21824K,   0% used [0x00000007a6ab0000, 0x00000007a6ab0000, 0x00000007a8000000)
 concurrent mark-sweep generation total 393216K, used 150122K [0x00000007a8000000, 0x00000007c0000000, 0x00000007c0000000)
 Metaspace       used 39535K, capacity 40148K, committed 40508K, reserved 1085440K
  class space    used 4675K, capacity 4831K, committed 4924K, reserved 1048576K
}
2016-10-24T05:53:19.839+0800: 151.034: Total time for which application threads were stopped: 0.0307825 seconds, Stopping threads took: 0.0000509 seconds
2016-10-24T05:53:20.839+0800: 152.034: Total time for which application threads were stopped: 0.0001844 seconds, Stopping threads took: 0.0000949 seconds
{Heap before GC invocations=82 (full 4):
 par new generation   total 109248K, used 109248K [0x00000007a0000000, 0x00000007a8000000, 0x00000007a8000000)
  eden space 87424K, 100% used [0x00000007a0000000, 0x00000007a5560000, 0x00000007a5560000)
  from space 21824K, 100% used [0x00000007a5560000, 0x00000007a6ab0000, 0x00000007a6ab0000)
  to   space 21824K,   0% used [0x00000007a6ab0000, 0x00000007a6ab0000, 0x00000007a8000000)
 concurrent mark-sweep generation total 393216K, used 150122K [0x00000007a8000000, 0x00000007c0000000, 0x00000007c0000000)
 Metaspace       used 39536K, capacity 40148K, committed 40508K, reserved 1085440K
  class space    used 4675K, capacity 4831K, committed 4924K, reserved 1048576K
2016-10-24T05:53:21.503+0800: 152.698: [GC (Allocation Failure) 2016-10-24T05:53:21.503+0800: 152.698: [ParNew
Desired survivor size 20112992 bytes, new threshold 6 (max 8)
- age   1:    7444776 bytes,    7444776 total
- age   2:    4702112 bytes,   12146888 total
- age   3:    2874568 bytes,   15021456 total
- age   4:    2193168 bytes,   17214624 total
- age   5:    1501144 bytes,   18715768 total
- age   6:    1474592 bytes,   20190360 total
: 109248K->21824K(109248K), 0.0376077 secs] 259370K->178114K(502464K), 0.0376877 secs] [Times: user=0.14 sys=0.00, real=0.04 secs] 
Heap after GC invocations=83 (full 4):
 par new generation   total 109248K, used 21824K [0x00000007a0000000, 0x00000007a8000000, 0x00000007a8000000)
  eden space 87424K,   0% used [0x00000007a0000000, 0x00000007a0000000, 0x00000007a5560000)
  from space 21824K, 100% used [0x00000007a6ab0000, 0x00000007a8000000, 0x00000007a8000000)
  to   space 21824K,   0% used [0x00000007a5560000, 0x00000007a5560000, 0x00000007a6ab0000)
 concurrent mark-sweep generation total 393216K, used 156290K [0x00000007a8000000, 0x00000007c0000000, 0x00000007c0000000)
 Metaspace       used 39536K, capacity 40148K, committed 40508K, reserved 1085440K
  class space    used 4675K, capacity 4831K, committed 4924K, reserved 1048576K
}
2016-10-24T05:53:21.541+0800: 152.736: Total time for which application threads were stopped: 0.0379605 seconds, Stopping threads took: 0.0000272 seconds
{Heap before GC invocations=83 (full 4):
 par new generation   total 109248K, used 109248K [0x00000007a0000000, 0x00000007a8000000, 0x00000007a8000000)
  eden space 87424K, 100% used [0x00000007a0000000, 0x00000007a5560000, 0x00000007a5560000)
  from space 21824K, 100% used [0x00000007a6ab0000, 0x00000007a8000000, 0x00000007a8000000)
  to   space 21824K,   0% used [0x00000007a5560000, 0x00000007a5560000, 0x00000007a6ab0000)
 concurrent mark-sweep generation total 393216K, used 156290K [0x00000007a8000000, 0x00000007c0000000, 0x00000007c0000000)
 Metaspace       used 39536K, capacity 40148K, committed 40508K, reserved 1085440K
  class space    used 4675K, capacity 4831K, committed 4924K, reserved 1048576K
2016-10-24T05:53:21.598+0800: 152.793: [GC (Allocation Failure) 2016-10-24T05:53:21.598+0800: 152.793: [ParNew
Desired survivor size 20112992 bytes, new threshold 8 (max 8)
- age   1:      51104 bytes,      51104 total
- age   2:    7411840 bytes,    7462944 total
- age   3:    4659992 bytes,   12122936 total
- age   4:    2837656 bytes,   14960592 total
- age   5:    2143816 bytes,   17104408 total
- age   6:    1488280 bytes,   18592688 total
: 109248K->21824K(109248K), 0.0321468 secs] 265538K->179807K(502464K), 0.0322294 secs] [Times: user=0.12 sys=0.01, real=0.04 secs] 
Heap after GC invocations=84 (full 4):
 par new generation   total 109248K, used 21824K [0x00000007a0000000, 0x00000007a8000000, 0x00000007a8000000)
  eden space 87424K,   0% used [0x00000007a0000000, 0x00000007a0000000, 0x00000007a5560000)
  from space 21824K, 100% used [0x00000007a5560000, 0x00000007a6ab0000, 0x00000007a6ab0000)
  to   space 21824K,   0% used [0x00000007a6ab0000, 0x00000007a6ab0000, 0x00000007a8000000)
 concurrent mark-sweep generation total 393216K, used 157983K [0x00000007a8000000, 0x00000007c0000000, 0x00000007c0000000)
 Metaspace       used 39536K, capacity 40148K, committed 40508K, reserved 1085440K
  class space    used 4675K, capacity 4831K, committed 4924K, reserved 1048576K
}
2016-10-24T05:53:21.630+0800: 152.825: Total time for which application threads were stopped: 0.0324761 seconds, Stopping threads took: 0.0000261 seconds
{Heap before GC invocations=84 (full 4):
 par new generation   total 109248K, used 109248K [0x00000007a0000000, 0x00000007a8000000, 0x00000007a8000000)
  eden space 87424K, 100% used [0x00000007a0000000, 0x00000007a5560000, 0x00000007a5560000)
  from space 21824K, 100% used [0x00000007a5560000, 0x00000007a6ab0000, 0x00000007a6ab0000)
  to   space 21824K,   0% used [0x00000007a6ab0000, 0x00000007a6ab0000, 0x00000007a8000000)
 concurrent mark-sweep generation total 393216K, used 157983K [0x00000007a8000000, 0x00000007c0000000, 0x00000007c0000000)
 Metaspace       used 39536K, capacity 40148K, committed 40508K, reserved 1085440K
  class space    used 4675K, capacity 4831K, committed 4924K, reserved 1048576K
2016-10-24T05:53:21.685+0800: 152.880: [GC (Allocation Failure) 2016-10-24T05:53:21.685+0800: 152.880: [ParNew
Desired survivor size 20112992 bytes, new threshold 8 (max 8)
- age   1:      43840 bytes,      43840 total
- age   2:      21112 bytes,      64952 total
- age   3:    7317392 bytes,    7382344 total
- age   4:    4470384 bytes,   11852728 total
- age   5:    2669400 bytes,   14522128 total
- age   6:    2085056 bytes,   16607184 total
- age   7:    1457840 bytes,   18065024 total
: 109248K->21824K(109248K), 0.0299741 secs] 267231K->180358K(502464K), 0.0300478 secs] [Times: user=0.11 sys=0.00, real=0.03 secs] 
Heap after GC invocations=85 (full 4):
 par new generation   total 109248K, used 21824K [0x00000007a0000000, 0x00000007a8000000, 0x00000007a8000000)
  eden space 87424K,   0% used [0x00000007a0000000, 0x00000007a0000000, 0x00000007a5560000)
  from space 21824K, 100% used [0x00000007a6ab0000, 0x00000007a8000000, 0x00000007a8000000)
  to   space 21824K,   0% used [0x00000007a5560000, 0x00000007a5560000, 0x00000007a6ab0000)
 concurrent mark-sweep generation total 393216K, used 158534K [0x00000007a8000000, 0x00000007c0000000, 0x00000007c0000000)
 Metaspace       used 39536K, capacity 40148K, committed 40508K, reserved 1085440K
  class space    used 4675K, capacity 4831K, committed 4924K, reserved 1048576K
}
2016-10-24T05:53:21.715+0800: 152.910: Total time for which application threads were stopped: 0.0303026 seconds, Stopping threads took: 0.0000236 seconds
{Heap before GC invocations=85 (full 4):
 par new generation   total 109248K, used 109248K [0x00000007a0000000, 0x00000007a8000000, 0x00000007a8000000)
  eden space 87424K, 100% used [0x00000007a0000000, 0x00000007a5560000, 0x00000007a5560000)
  from space 21824K, 100% used [0x00000007a6ab0000, 0x00000007a8000000, 0x00000007a8000000)
  to   space 21824K,   0% used [0x00000007a5560000, 0x00000007a5560000, 0x00000007a6ab0000)
 concurrent mark-sweep generation total 393216K, used 158534K [0x00000007a8000000, 0x00000007c0000000, 0x00000007c0000000)
 Metaspace       used 39536K, capacity 40148K, committed 40508K, reserved 1085440K
  class space    used 4675K, capacity 4831K, committed 4924K, reserved 1048576K
2016-10-24T05:53:21.842+0800: 153.036: [GC (Allocation Failure) 2016-10-24T05:53:21.842+0800: 153.037: [ParNew
Desired survivor size 20112992 bytes, new threshold 8 (max 8)
- age   1:      17528 bytes,      17528 total
- age   4:    7146168 bytes,    7163696 total
- age   5:    4364248 bytes,   11527944 total
- age   6:    2601048 bytes,   14128992 total
- age   7:    2038712 bytes,   16167704 total
- age   8:    1449760 bytes,   17617464 total
: 109248K->21824K(109248K), 0.0171846 secs] 267782K->180874K(502464K), 0.0172530 secs] [Times: user=0.07 sys=0.01, real=0.01 secs] 
Heap after GC invocations=86 (full 4):
 par new generation   total 109248K, used 21824K [0x00000007a0000000, 0x00000007a8000000, 0x00000007a8000000)
  eden space 87424K,   0% used [0x00000007a0000000, 0x00000007a0000000, 0x00000007a5560000)
  from space 21824K, 100% used [0x00000007a5560000, 0x00000007a6ab0000, 0x00000007a6ab0000)
  to   space 21824K,   0% used [0x00000007a6ab0000, 0x00000007a6ab0000, 0x00000007a8000000)
 concurrent mark-sweep generation total 393216K, used 159050K [0x00000007a8000000, 0x00000007c0000000, 0x00000007c0000000)
 Metaspace       used 39536K, capacity 40148K, committed 40508K, reserved 1085440K
  class space    used 4675K, capacity 4831K, committed 4924K, reserved 1048576K
}
2016-10-24T05:53:21.859+0800: 153.054: Total time for which application threads were stopped: 0.0174356 seconds, Stopping threads took: 0.0000202 seconds
2016-10-24T05:53:22.071+0800: 153.266: Total time for which application threads were stopped: 0.0000750 seconds, Stopping threads took: 0.0000157 seconds
2016-10-24T05:53:22.071+0800: 153.266: Total time for which application threads were stopped: 0.0000921 seconds, Stopping threads took: 0.0000524 seconds
2016-10-24T05:53:22.071+0800: 153.266: Total time for which application threads were stopped: 0.0000314 seconds, Stopping threads took: 0.0000066 seconds
{Heap before GC invocations=86 (full 4):
 par new generation   total 109248K, used 109248K [0x00000007a0000000, 0x00000007a8000000, 0x00000007a8000000)
  eden space 87424K, 100% used [0x00000007a0000000, 0x00000007a5560000, 0x00000007a5560000)
  from space 21824K, 100% used [0x00000007a5560000, 0x00000007a6ab0000, 0x00000007a6ab0000)
  to   space 21824K,   0% used [0x00000007a6ab0000, 0x00000007a6ab0000, 0x00000007a8000000)
 concurrent mark-sweep generation total 393216K, used 159050K [0x00000007a8000000, 0x00000007c0000000, 0x00000007c0000000)
 Metaspace       used 39541K, capacity 40148K, committed 40508K, reserved 1085440K
  class space    used 4675K, capacity 4831K, committed 4924K, reserved 1048576K
2016-10-24T05:53:22.074+0800: 153.269: [GC (Allocation Failure) 2016-10-24T05:53:22.074+0800: 153.269: [ParNew
Desired survivor size 20112992 bytes, new threshold 8 (max 8)
- age   1:     417536 bytes,     417536 total
- age   2:      16824 bytes,     434360 total
- age   5:    6930968 bytes,    7365328 total
- age   6:    3907304 bytes,   11272632 total
- age   7:    2235192 bytes,   13507824 total
- age   8:    1655984 bytes,   15163808 total
: 109248K->20159K(109248K), 0.0160564 secs] 268298K->180492K(502464K), 0.0161044 secs] [Times: user=0.06 sys=0.01, real=0.02 secs] 
Heap after GC invocations=87 (full 4):
 par new generation   total 109248K, used 20159K [0x00000007a0000000, 0x00000007a8000000, 0x00000007a8000000)
  eden space 87424K,   0% used [0x00000007a0000000, 0x00000007a0000000, 0x00000007a5560000)
  from space 21824K,  92% used [0x00000007a6ab0000, 0x00000007a7e5fe98, 0x00000007a8000000)
  to   space 21824K,   0% used [0x00000007a5560000, 0x00000007a5560000, 0x00000007a6ab0000)
 concurrent mark-sweep generation total 393216K, used 160333K [0x00000007a8000000, 0x00000007c0000000, 0x00000007c0000000)
 Metaspace       used 39541K, capacity 40148K, committed 40508K, reserved 1085440K
  class space    used 4675K, capacity 4831K, committed 4924K, reserved 1048576K
}
2016-10-24T05:53:22.090+0800: 153.285: Total time for which application threads were stopped: 0.0162461 seconds, Stopping threads took: 0.0000231 seconds
{Heap before GC invocations=87 (full 4):
 par new generation   total 109248K, used 107583K [0x00000007a0000000, 0x00000007a8000000, 0x00000007a8000000)
  eden space 87424K, 100% used [0x00000007a0000000, 0x00000007a5560000, 0x00000007a5560000)
  from space 21824K,  92% used [0x00000007a6ab0000, 0x00000007a7e5fe98, 0x00000007a8000000)
  to   space 21824K,   0% used [0x00000007a5560000, 0x00000007a5560000, 0x00000007a6ab0000)
 concurrent mark-sweep generation total 393216K, used 160333K [0x00000007a8000000, 0x00000007c0000000, 0x00000007c0000000)
 Metaspace       used 39541K, capacity 40148K, committed 40508K, reserved 1085440K
  class space    used 4675K, capacity 4831K, committed 4924K, reserved 1048576K
2016-10-24T05:53:22.378+0800: 153.573: [GC (Allocation Failure) 2016-10-24T05:53:22.378+0800: 153.573: [ParNew
Desired survivor size 20112992 bytes, new threshold 8 (max 8)
- age   1:    5456408 bytes,    5456408 total
- age   2:     396704 bytes,    5853112 total
- age   3:      16824 bytes,    5869936 total
- age   6:    6930816 bytes,   12800752 total
- age   7:    3907328 bytes,   16708080 total
- age   8:    2235216 bytes,   18943296 total
: 107583K->21301K(109248K), 0.0179059 secs] 267916K->183299K(502464K), 0.0179820 secs] [Times: user=0.06 sys=0.00, real=0.02 secs] 
Heap after GC invocations=88 (full 4):
 par new generation   total 109248K, used 21301K [0x00000007a0000000, 0x00000007a8000000, 0x00000007a8000000)
  eden space 87424K,   0% used [0x00000007a0000000, 0x00000007a0000000, 0x00000007a5560000)
  from space 21824K,  97% used [0x00000007a5560000, 0x00000007a6a2d6d0, 0x00000007a6ab0000)
  to   space 21824K,   0% used [0x00000007a6ab0000, 0x00000007a6ab0000, 0x00000007a8000000)
 concurrent mark-sweep generation total 393216K, used 161997K [0x00000007a8000000, 0x00000007c0000000, 0x00000007c0000000)
 Metaspace       used 39541K, capacity 40148K, committed 40508K, reserved 1085440K
  class space    used 4675K, capacity 4831K, committed 4924K, reserved 1048576K
}
2016-10-24T05:53:22.396+0800: 153.591: Total time for which application threads were stopped: 0.0182150 seconds, Stopping threads took: 0.0000204 seconds
{Heap before GC invocations=88 (full 4):
 par new generation   total 109248K, used 108725K [0x00000007a0000000, 0x00000007a8000000, 0x00000007a8000000)
  eden space 87424K, 100% used [0x00000007a0000000, 0x00000007a5560000, 0x00000007a5560000)
  from space 21824K,  97% used [0x00000007a5560000, 0x00000007a6a2d6d0, 0x00000007a6ab0000)
  to   space 21824K,   0% used [0x00000007a6ab0000, 0x00000007a6ab0000, 0x00000007a8000000)
 concurrent mark-sweep generation total 393216K, used 161997K [0x00000007a8000000, 0x00000007c0000000, 0x00000007c0000000)
 Metaspace       used 39541K, capacity 40148K, committed 40508K, reserved 1085440K
  class space    used 4675K, capacity 4831K, committed 4924K, reserved 1048576K
2016-10-24T05:53:22.691+0800: 153.886: [GC (Allocation Failure) 2016-10-24T05:53:22.691+0800: 153.886: [ParNew
Desired survivor size 20112992 bytes, new threshold 8 (max 8)
- age   1:    4843616 bytes,    4843616 total
- age   2:    4088256 bytes,    8931872 total
- age   3:     111296 bytes,    9043168 total
- age   4:      16776 bytes,    9059944 total
- age   7:    6919824 bytes,   15979768 total
- age   8:    3880416 bytes,   19860184 total
: 108725K->21824K(109248K), 0.0234468 secs] 270723K->188231K(502464K), 0.0235204 secs] [Times: user=0.09 sys=0.01, real=0.02 secs] 
Heap after GC invocations=89 (full 4):
 par new generation   total 109248K, used 21824K [0x00000007a0000000, 0x00000007a8000000, 0x00000007a8000000)
  eden space 87424K,   0% used [0x00000007a0000000, 0x00000007a0000000, 0x00000007a5560000)
  from space 21824K, 100% used [0x00000007a6ab0000, 0x00000007a8000000, 0x00000007a8000000)
  to   space 21824K,   0% used [0x00000007a5560000, 0x00000007a5560000, 0x00000007a6ab0000)
 concurrent mark-sweep generation total 393216K, used 166407K [0x00000007a8000000, 0x00000007c0000000, 0x00000007c0000000)
 Metaspace       used 39541K, capacity 40148K, committed 40508K, reserved 1085440K
  class space    used 4675K, capacity 4831K, committed 4924K, reserved 1048576K
}
2016-10-24T05:53:22.715+0800: 153.910: Total time for which application threads were stopped: 0.0236760 seconds, Stopping threads took: 0.0000203 seconds
{Heap before GC invocations=89 (full 4):
 par new generation   total 109248K, used 109248K [0x00000007a0000000, 0x00000007a8000000, 0x00000007a8000000)
  eden space 87424K, 100% used [0x00000007a0000000, 0x00000007a5560000, 0x00000007a5560000)
  from space 21824K, 100% used [0x00000007a6ab0000, 0x00000007a8000000, 0x00000007a8000000)
  to   space 21824K,   0% used [0x00000007a5560000, 0x00000007a5560000, 0x00000007a6ab0000)
 concurrent mark-sweep generation total 393216K, used 166407K [0x00000007a8000000, 0x00000007c0000000, 0x00000007c0000000)
 Metaspace       used 39541K, capacity 40148K, committed 40508K, reserved 1085440K
  class space    used 4675K, capacity 4831K, committed 4924K, reserved 1048576K
2016-10-24T05:53:23.009+0800: 154.204: [GC (Allocation Failure) 2016-10-24T05:53:23.010+0800: 154.204: [ParNew
Desired survivor size 20112992 bytes, new threshold 8 (max 8)
- age   1:    6270456 bytes,    6270456 total
- age   2:    4225808 bytes,   10496264 total
- age   3:    4018208 bytes,   14514472 total
- age   4:     111232 bytes,   14625704 total
- age   5:      16776 bytes,   14642480 total
- age   8:    6919568 bytes,   21562048 total
: 109248K->21824K(109248K), 0.0203454 secs] 275655K->192537K(502464K), 0.0204074 secs] [Times: user=0.08 sys=0.00, real=0.03 secs] 
Heap after GC invocations=90 (full 4):
 par new generation   total 109248K, used 21824K [0x00000007a0000000, 0x00000007a8000000, 0x00000007a8000000)
  eden space 87424K,   0% used [0x00000007a0000000, 0x00000007a0000000, 0x00000007a5560000)
  from space 21824K, 100% used [0x00000007a5560000, 0x00000007a6ab0000, 0x00000007a6ab0000)
  to   space 21824K,   0% used [0x00000007a6ab0000, 0x00000007a6ab0000, 0x00000007a8000000)
 concurrent mark-sweep generation total 393216K, used 170713K [0x00000007a8000000, 0x00000007c0000000, 0x00000007c0000000)
 Metaspace       used 39541K, capacity 40148K, committed 40508K, reserved 1085440K
  class space    used 4675K, capacity 4831K, committed 4924K, reserved 1048576K
}
2016-10-24T05:53:23.030+0800: 154.225: Total time for which application threads were stopped: 0.0206058 seconds, Stopping threads took: 0.0000307 seconds
2016-10-24T05:53:23.123+0800: 154.318: Total time for which application threads were stopped: 0.0001407 seconds, Stopping threads took: 0.0000626 seconds
2016-10-24T05:53:23.136+0800: 154.331: Total time for which application threads were stopped: 0.0001384 seconds, Stopping threads took: 0.0000651 seconds
2016-10-24T05:53:23.136+0800: 154.331: Total time for which application threads were stopped: 0.0000574 seconds, Stopping threads took: 0.0000078 seconds
{Heap before GC invocations=90 (full 4):
 par new generation   total 109248K, used 109248K [0x00000007a0000000, 0x00000007a8000000, 0x00000007a8000000)
  eden space 87424K, 100% used [0x00000007a0000000, 0x00000007a5560000, 0x00000007a5560000)
  from space 21824K, 100% used [0x00000007a5560000, 0x00000007a6ab0000, 0x00000007a6ab0000)
  to   space 21824K,   0% used [0x00000007a6ab0000, 0x00000007a6ab0000, 0x00000007a8000000)
 concurrent mark-sweep generation total 393216K, used 170713K [0x00000007a8000000, 0x00000007c0000000, 0x00000007c0000000)
 Metaspace       used 39545K, capacity 40156K, committed 40508K, reserved 1085440K
  class space    used 4675K, capacity 4831K, committed 4924K, reserved 1048576K
2016-10-24T05:53:23.206+0800: 154.401: [GC (Allocation Failure) 2016-10-24T05:53:23.206+0800: 154.401: [ParNew
Desired survivor size 20112992 bytes, new threshold 8 (max 8)
- age   1:    4673088 bytes,    4673088 total
- age   2:    4237160 bytes,    8910248 total
- age   3:    3544104 bytes,   12454352 total
- age   4:    3479072 bytes,   15933424 total
- age   5:     100920 bytes,   16034344 total
- age   6:      16776 bytes,   16051120 total
: 109248K->21824K(109248K), 0.0182678 secs] 279961K->200546K(502464K), 0.0183260 secs] [Times: user=0.07 sys=0.00, real=0.02 secs] 
Heap after GC invocations=91 (full 4):
 par new generation   total 109248K, used 21824K [0x00000007a0000000, 0x00000007a8000000, 0x00000007a8000000)
  eden space 87424K,   0% used [0x00000007a0000000, 0x00000007a0000000, 0x00000007a5560000)
  from space 21824K, 100% used [0x00000007a6ab0000, 0x00000007a8000000, 0x00000007a8000000)
  to   space 21824K,   0% used [0x00000007a5560000, 0x00000007a5560000, 0x00000007a6ab0000)
 concurrent mark-sweep generation total 393216K, used 178722K [0x00000007a8000000, 0x00000007c0000000, 0x00000007c0000000)
 Metaspace       used 39545K, capacity 40156K, committed 40508K, reserved 1085440K
  class space    used 4675K, capacity 4831K, committed 4924K, reserved 1048576K
}
2016-10-24T05:53:23.225+0800: 154.420: Total time for which application threads were stopped: 0.0185678 seconds, Stopping threads took: 0.0000760 seconds
2016-10-24T05:53:23.290+0800: 154.485: Total time for which application threads were stopped: 0.0001835 seconds, Stopping threads took: 0.0000747 seconds
2016-10-24T05:53:23.292+0800: 154.487: Total time for which application threads were stopped: 0.0001460 seconds, Stopping threads took: 0.0000579 seconds
2016-10-24T05:53:23.292+0800: 154.487: Total time for which application threads were stopped: 0.0001931 seconds, Stopping threads took: 0.0001318 seconds
2016-10-24T05:53:23.296+0800: 154.491: Total time for which application threads were stopped: 0.0001486 seconds, Stopping threads took: 0.0000632 seconds
{Heap before GC invocations=91 (full 4):
 par new generation   total 109248K, used 109248K [0x00000007a0000000, 0x00000007a8000000, 0x00000007a8000000)
  eden space 87424K, 100% used [0x00000007a0000000, 0x00000007a5560000, 0x00000007a5560000)
  from space 21824K, 100% used [0x00000007a6ab0000, 0x00000007a8000000, 0x00000007a8000000)
  to   space 21824K,   0% used [0x00000007a5560000, 0x00000007a5560000, 0x00000007a6ab0000)
 concurrent mark-sweep generation total 393216K, used 178722K [0x00000007a8000000, 0x00000007c0000000, 0x00000007c0000000)
 Metaspace       used 39554K, capacity 40224K, committed 40764K, reserved 1085440K
  class space    used 4675K, capacity 4831K, committed 4924K, reserved 1048576K
2016-10-24T05:53:23.499+0800: 154.694: [GC (Allocation Failure) 2016-10-24T05:53:23.500+0800: 154.694: [ParNew
Desired survivor size 20112992 bytes, new threshold 8 (max 8)
- age   1:    4161936 bytes,    4161936 total
- age   2:    4231688 bytes,    8393624 total
- age   3:    3884064 bytes,   12277688 total
- age   4:    3169880 bytes,   15447568 total
- age   5:    3141368 bytes,   18588936 total
- age   6:      99936 bytes,   18688872 total
- age   7:      16776 bytes,   18705648 total
: 109248K->21824K(109248K), 0.0147195 secs] 287970K->200624K(502464K), 0.0147748 secs] [Times: user=0.06 sys=0.00, real=0.02 secs] 
Heap after GC invocations=92 (full 4):
 par new generation   total 109248K, used 21824K [0x00000007a0000000, 0x00000007a8000000, 0x00000007a8000000)
  eden space 87424K,   0% used [0x00000007a0000000, 0x00000007a0000000, 0x00000007a5560000)
  from space 21824K, 100% used [0x00000007a5560000, 0x00000007a6ab0000, 0x00000007a6ab0000)
  to   space 21824K,   0% used [0x00000007a6ab0000, 0x00000007a6ab0000, 0x00000007a8000000)
 concurrent mark-sweep generation total 393216K, used 178800K [0x00000007a8000000, 0x00000007c0000000, 0x00000007c0000000)
 Metaspace       used 39554K, capacity 40224K, committed 40764K, reserved 1085440K
  class space    used 4675K, capacity 4831K, committed 4924K, reserved 1048576K
}
2016-10-24T05:53:23.514+0800: 154.709: Total time for which application threads were stopped: 0.0149512 seconds, Stopping threads took: 0.0000385 seconds
2016-10-24T05:53:23.657+0800: 154.852: Total time for which application threads were stopped: 0.0002511 seconds, Stopping threads took: 0.0001128 seconds
2016-10-24T05:53:23.664+0800: 154.859: Total time for which application threads were stopped: 0.0001669 seconds, Stopping threads took: 0.0000683 seconds
2016-10-24T05:53:23.664+0800: 154.859: Total time for which application threads were stopped: 0.0001090 seconds, Stopping threads took: 0.0000505 seconds
2016-10-24T05:53:23.755+0800: 154.950: Total time for which application threads were stopped: 0.0001292 seconds, Stopping threads took: 0.0000427 seconds
2016-10-24T05:53:23.755+0800: 154.950: Total time for which application threads were stopped: 0.0000767 seconds, Stopping threads took: 0.0000083 seconds
2016-10-24T05:53:23.755+0800: 154.950: Total time for which application threads were stopped: 0.0000777 seconds, Stopping threads took: 0.0000306 seconds
2016-10-24T05:53:23.755+0800: 154.951: Total time for which application threads were stopped: 0.0000844 seconds, Stopping threads took: 0.0000360 seconds
{Heap before GC invocations=92 (full 4):
 par new generation   total 109248K, used 109248K [0x00000007a0000000, 0x00000007a8000000, 0x00000007a8000000)
  eden space 87424K, 100% used [0x00000007a0000000, 0x00000007a5560000, 0x00000007a5560000)
  from space 21824K, 100% used [0x00000007a5560000, 0x00000007a6ab0000, 0x00000007a6ab0000)
  to   space 21824K,   0% used [0x00000007a6ab0000, 0x00000007a6ab0000, 0x00000007a8000000)
 concurrent mark-sweep generation total 393216K, used 178800K [0x00000007a8000000, 0x00000007c0000000, 0x00000007c0000000)
 Metaspace       used 39571K, capacity 40224K, committed 40764K, reserved 1085440K
  class space    used 4675K, capacity 4831K, committed 4924K, reserved 1048576K
2016-10-24T05:53:23.770+0800: 154.965: [GC (Allocation Failure) 2016-10-24T05:53:23.770+0800: 154.965: [ParNew
Desired survivor size 20112992 bytes, new threshold 6 (max 8)
- age   1:    4011312 bytes,    4011312 total
- age   2:    2499584 bytes,    6510896 total
- age   3:    3478912 bytes,    9989808 total
- age   4:    3830440 bytes,   13820248 total
- age   5:    3161808 bytes,   16982056 total
- age   6:    3133184 bytes,   20115240 total
- age   7:      96584 bytes,   20211824 total
- age   8:      16744 bytes,   20228568 total
: 109248K->21824K(109248K), 0.0159984 secs] 288048K->201206K(502464K), 0.0160645 secs] [Times: user=0.06 sys=0.00, real=0.01 secs] 
Heap after GC invocations=93 (full 4):
 par new generation   total 109248K, used 21824K [0x00000007a0000000, 0x00000007a8000000, 0x00000007a8000000)
  eden space 87424K,   0% used [0x00000007a0000000, 0x00000007a0000000, 0x00000007a5560000)
  from space 21824K, 100% used [0x00000007a6ab0000, 0x00000007a8000000, 0x00000007a8000000)
  to   space 21824K,   0% used [0x00000007a5560000, 0x00000007a5560000, 0x00000007a6ab0000)
 concurrent mark-sweep generation total 393216K, used 179382K [0x00000007a8000000, 0x00000007c0000000, 0x00000007c0000000)
 Metaspace       used 39571K, capacity 40224K, committed 40764K, reserved 1085440K
  class space    used 4675K, capacity 4831K, committed 4924K, reserved 1048576K
}
2016-10-24T05:53:23.786+0800: 154.981: Total time for which application threads were stopped: 0.0162307 seconds, Stopping threads took: 0.0000200 seconds
{Heap before GC invocations=93 (full 4):
 par new generation   total 109248K, used 109248K [0x00000007a0000000, 0x00000007a8000000, 0x00000007a8000000)
  eden space 87424K, 100% used [0x00000007a0000000, 0x00000007a5560000, 0x00000007a5560000)
  from space 21824K, 100% used [0x00000007a6ab0000, 0x00000007a8000000, 0x00000007a8000000)
  to   space 21824K,   0% used [0x00000007a5560000, 0x00000007a5560000, 0x00000007a6ab0000)
 concurrent mark-sweep generation total 393216K, used 179382K [0x00000007a8000000, 0x00000007c0000000, 0x00000007c0000000)
 Metaspace       used 39571K, capacity 40224K, committed 40764K, reserved 1085440K
  class space    used 4675K, capacity 4831K, committed 4924K, reserved 1048576K
2016-10-24T05:53:24.114+0800: 155.309: [GC (Allocation Failure) 2016-10-24T05:53:24.114+0800: 155.309: [ParNew
Desired survivor size 20112992 bytes, new threshold 8 (max 8)
- age   1:    4430760 bytes,    4430760 total
- age   2:    2991976 bytes,    7422736 total
- age   3:    2360576 bytes,    9783312 total
- age   4:    3350352 bytes,   13133664 total
- age   5:    3743520 bytes,   16877184 total
- age   6:    3022048 bytes,   19899232 total
: 109248K->21824K(109248K), 0.0139467 secs] 288630K->206702K(502464K), 0.0140129 secs] [Times: user=0.05 sys=0.01, real=0.01 secs] 
Heap after GC invocations=94 (full 4):
 par new generation   total 109248K, used 21824K [0x00000007a0000000, 0x00000007a8000000, 0x00000007a8000000)
  eden space 87424K,   0% used [0x00000007a0000000, 0x00000007a0000000, 0x00000007a5560000)
  from space 21824K, 100% used [0x00000007a5560000, 0x00000007a6ab0000, 0x00000007a6ab0000)
  to   space 21824K,   0% used [0x00000007a6ab0000, 0x00000007a6ab0000, 0x00000007a8000000)
 concurrent mark-sweep generation total 393216K, used 184878K [0x00000007a8000000, 0x00000007c0000000, 0x00000007c0000000)
 Metaspace       used 39571K, capacity 40224K, committed 40764K, reserved 1085440K
  class space    used 4675K, capacity 4831K, committed 4924K, reserved 1048576K
}
2016-10-24T05:53:24.128+0800: 155.323: Total time for which application threads were stopped: 0.0141759 seconds, Stopping threads took: 0.0000271 seconds
{Heap before GC invocations=94 (full 4):
 par new generation   total 109248K, used 109248K [0x00000007a0000000, 0x00000007a8000000, 0x00000007a8000000)
  eden space 87424K, 100% used [0x00000007a0000000, 0x00000007a5560000, 0x00000007a5560000)
  from space 21824K, 100% used [0x00000007a5560000, 0x00000007a6ab0000, 0x00000007a6ab0000)
  to   space 21824K,   0% used [0x00000007a6ab0000, 0x00000007a6ab0000, 0x00000007a8000000)
 concurrent mark-sweep generation total 393216K, used 184878K [0x00000007a8000000, 0x00000007c0000000, 0x00000007c0000000)
 Metaspace       used 39571K, capacity 40224K, committed 40764K, reserved 1085440K
  class space    used 4675K, capacity 4831K, committed 4924K, reserved 1048576K
2016-10-24T05:53:24.411+0800: 155.606: [GC (Allocation Failure) 2016-10-24T05:53:24.411+0800: 155.606: [ParNew
Desired survivor size 20112992 bytes, new threshold 7 (max 8)
- age   1:    6025584 bytes,    6025584 total
- age   2:    3270800 bytes,    9296384 total
- age   3:    2365192 bytes,   11661576 total
- age   4:    1786968 bytes,   13448544 total
- age   5:    2822088 bytes,   16270632 total
- age   6:    2886320 bytes,   19156952 total
- age   7:    2822480 bytes,   21979432 total
: 109248K->21824K(109248K), 0.0150971 secs] 294126K->210516K(502464K), 0.0151573 secs] [Times: user=0.06 sys=0.00, real=0.01 secs] 
Heap after GC invocations=95 (full 4):
 par new generation   total 109248K, used 21824K [0x00000007a0000000, 0x00000007a8000000, 0x00000007a8000000)
  eden space 87424K,   0% used [0x00000007a0000000, 0x00000007a0000000, 0x00000007a5560000)
  from space 21824K, 100% used [0x00000007a6ab0000, 0x00000007a8000000, 0x00000007a8000000)
  to   space 21824K,   0% used [0x00000007a5560000, 0x00000007a5560000, 0x00000007a6ab0000)
 concurrent mark-sweep generation total 393216K, used 188692K [0x00000007a8000000, 0x00000007c0000000, 0x00000007c0000000)
 Metaspace       used 39571K, capacity 40224K, committed 40764K, reserved 1085440K
  class space    used 4675K, capacity 4831K, committed 4924K, reserved 1048576K
}
2016-10-24T05:53:24.426+0800: 155.621: Total time for which application threads were stopped: 0.0153233 seconds, Stopping threads took: 0.0000271 seconds
{Heap before GC invocations=95 (full 4):
 par new generation   total 109248K, used 109248K [0x00000007a0000000, 0x00000007a8000000, 0x00000007a8000000)
  eden space 87424K, 100% used [0x00000007a0000000, 0x00000007a5560000, 0x00000007a5560000)
  from space 21824K, 100% used [0x00000007a6ab0000, 0x00000007a8000000, 0x00000007a8000000)
  to   space 21824K,   0% used [0x00000007a5560000, 0x00000007a5560000, 0x00000007a6ab0000)
 concurrent mark-sweep generation total 393216K, used 188692K [0x00000007a8000000, 0x00000007c0000000, 0x00000007c0000000)
 Metaspace       used 39571K, capacity 40224K, committed 40764K, reserved 1085440K
  class space    used 4675K, capacity 4831K, committed 4924K, reserved 1048576K
2016-10-24T05:53:24.692+0800: 155.887: [GC (Allocation Failure) 2016-10-24T05:53:24.692+0800: 155.887: [ParNew
Desired survivor size 20112992 bytes, new threshold 7 (max 8)
- age   1:    5276968 bytes,    5276968 total
- age   2:    3617560 bytes,    8894528 total
- age   3:    2604352 bytes,   11498880 total
- age   4:    2114896 bytes,   13613776 total
- age   5:    1672736 bytes,   15286512 total
- age   6:    2685072 bytes,   17971584 total
- age   7:    2885136 bytes,   20856720 total
: 109248K->21824K(109248K), 0.0161720 secs] 297940K->216544K(502464K), 0.0162315 secs] [Times: user=0.06 sys=0.00, real=0.01 secs] 
Heap after GC invocations=96 (full 4):
 par new generation   total 109248K, used 21824K [0x00000007a0000000, 0x00000007a8000000, 0x00000007a8000000)
  eden space 87424K,   0% used [0x00000007a0000000, 0x00000007a0000000, 0x00000007a5560000)
  from space 21824K, 100% used [0x00000007a5560000, 0x00000007a6ab0000, 0x00000007a6ab0000)
  to   space 21824K,   0% used [0x00000007a6ab0000, 0x00000007a6ab0000, 0x00000007a8000000)
 concurrent mark-sweep generation total 393216K, used 194720K [0x00000007a8000000, 0x00000007c0000000, 0x00000007c0000000)
 Metaspace       used 39571K, capacity 40224K, committed 40764K, reserved 1085440K
  class space    used 4675K, capacity 4831K, committed 4924K, reserved 1048576K
}
2016-10-24T05:53:24.709+0800: 155.904: Total time for which application threads were stopped: 0.0163970 seconds, Stopping threads took: 0.0000294 seconds
{Heap before GC invocations=96 (full 4):
 par new generation   total 109248K, used 109248K [0x00000007a0000000, 0x00000007a8000000, 0x00000007a8000000)
  eden space 87424K, 100% used [0x00000007a0000000, 0x00000007a5560000, 0x00000007a5560000)
  from space 21824K, 100% used [0x00000007a5560000, 0x00000007a6ab0000, 0x00000007a6ab0000)
  to   space 21824K,   0% used [0x00000007a6ab0000, 0x00000007a6ab0000, 0x00000007a8000000)
 concurrent mark-sweep generation total 393216K, used 194720K [0x00000007a8000000, 0x00000007c0000000, 0x00000007c0000000)
 Metaspace       used 39571K, capacity 40224K, committed 40764K, reserved 1085440K
  class space    used 4675K, capacity 4831K, committed 4924K, reserved 1048576K
2016-10-24T05:53:24.995+0800: 156.190: [GC (Allocation Failure) 2016-10-24T05:53:24.995+0800: 156.190: [ParNew
Desired survivor size 20112992 bytes, new threshold 7 (max 8)
- age   1:    6235800 bytes,    6235800 total
- age   2:    3131960 bytes,    9367760 total
- age   3:    2640704 bytes,   12008464 total
- age   4:    2333408 bytes,   14341872 total
- age   5:    1920520 bytes,   16262392 total
- age   6:    1542816 bytes,   17805208 total
- age   7:    2607792 bytes,   20413000 total
: 109248K->21824K(109248K), 0.0173709 secs] 303968K->222643K(502464K), 0.0174198 secs] [Times: user=0.07 sys=0.00, real=0.02 secs] 
Heap after GC invocations=97 (full 4):
 par new generation   total 109248K, used 21824K [0x00000007a0000000, 0x00000007a8000000, 0x00000007a8000000)
  eden space 87424K,   0% used [0x00000007a0000000, 0x00000007a0000000, 0x00000007a5560000)
  from space 21824K, 100% used [0x00000007a6ab0000, 0x00000007a8000000, 0x00000007a8000000)
  to   space 21824K,   0% used [0x00000007a5560000, 0x00000007a5560000, 0x00000007a6ab0000)
 concurrent mark-sweep generation total 393216K, used 200819K [0x00000007a8000000, 0x00000007c0000000, 0x00000007c0000000)
 Metaspace       used 39571K, capacity 40224K, committed 40764K, reserved 1085440K
  class space    used 4675K, capacity 4831K, committed 4924K, reserved 1048576K
}
2016-10-24T05:53:25.013+0800: 156.208: Total time for which application threads were stopped: 0.0175687 seconds, Stopping threads took: 0.0000191 seconds
2016-10-24T05:53:25.013+0800: 156.208: [GC (CMS Initial Mark) [1 CMS-initial-mark: 200819K(393216K)] 224304K(502464K), 0.0048804 secs] [Times: user=0.01 sys=0.00, real=0.00 secs] 
2016-10-24T05:53:25.018+0800: 156.213: Total time for which application threads were stopped: 0.0050198 seconds, Stopping threads took: 0.0000597 seconds
2016-10-24T05:53:25.018+0800: 156.213: [CMS-concurrent-mark-start]
2016-10-24T05:53:25.035+0800: 156.230: [CMS-concurrent-mark: 0.017/0.017 secs] [Times: user=0.08 sys=0.00, real=0.02 secs] 
2016-10-24T05:53:25.035+0800: 156.230: [CMS-concurrent-preclean-start]
2016-10-24T05:53:25.037+0800: 156.232: [CMS-concurrent-preclean: 0.001/0.002 secs] [Times: user=0.00 sys=0.00, real=0.00 secs] 
2016-10-24T05:53:25.037+0800: 156.232: [CMS-concurrent-abortable-preclean-start]
2016-10-24T05:53:25.182+0800: 156.377: [CMS-concurrent-abortable-preclean: 0.145/0.145 secs] [Times: user=0.29 sys=0.00, real=0.15 secs] 
2016-10-24T05:53:25.182+0800: 156.377: [GC (CMS Final Remark) [YG occupancy: 70545 K (109248 K)]{Heap before GC invocations=97 (full 5):
 par new generation   total 109248K, used 70545K [0x00000007a0000000, 0x00000007a8000000, 0x00000007a8000000)
  eden space 87424K,  55% used [0x00000007a0000000, 0x00000007a2f945a0, 0x00000007a5560000)
  from space 21824K, 100% used [0x00000007a6ab0000, 0x00000007a8000000, 0x00000007a8000000)
  to   space 21824K,   0% used [0x00000007a5560000, 0x00000007a5560000, 0x00000007a6ab0000)
 concurrent mark-sweep generation total 393216K, used 200819K [0x00000007a8000000, 0x00000007c0000000, 0x00000007c0000000)
 Metaspace       used 39571K, capacity 40224K, committed 40764K, reserved 1085440K
  class space    used 4675K, capacity 4831K, committed 4924K, reserved 1048576K
2016-10-24T05:53:25.182+0800: 156.377: [GC (CMS Final Remark) 2016-10-24T05:53:25.182+0800: 156.377: [ParNew
Desired survivor size 20112992 bytes, new threshold 8 (max 8)
- age   1:    3375216 bytes,    3375216 total
- age   2:    3362032 bytes,    6737248 total
- age   3:    2987808 bytes,    9725056 total
- age   4:    2604248 bytes,   12329304 total
- age   5:    2298272 bytes,   14627576 total
- age   6:    1899568 bytes,   16527144 total
- age   7:    1542680 bytes,   18069824 total
: 70545K->21824K(109248K), 0.0136168 secs] 271364K->227544K(502464K), 0.0136663 secs] [Times: user=0.05 sys=0.00, real=0.01 secs] 
Heap after GC invocations=98 (full 5):
 par new generation   total 109248K, used 21824K [0x00000007a0000000, 0x00000007a8000000, 0x00000007a8000000)
  eden space 87424K,   0% used [0x00000007a0000000, 0x00000007a0000000, 0x00000007a5560000)
  from space 21824K, 100% used [0x00000007a5560000, 0x00000007a6ab0000, 0x00000007a6ab0000)
  to   space 21824K,   0% used [0x00000007a6ab0000, 0x00000007a6ab0000, 0x00000007a8000000)
 concurrent mark-sweep generation total 393216K, used 205720K [0x00000007a8000000, 0x00000007c0000000, 0x00000007c0000000)
 Metaspace       used 39571K, capacity 40224K, committed 40764K, reserved 1085440K
  class space    used 4675K, capacity 4831K, committed 4924K, reserved 1048576K
}
2016-10-24T05:53:25.195+0800: 156.390: [Rescan (parallel) , 0.0052895 secs]2016-10-24T05:53:25.201+0800: 156.396: [weak refs processing, 0.0007735 secs]2016-10-24T05:53:25.202+0800: 156.397: [class unloading, 0.0079918 secs]2016-10-24T05:53:25.210+0800: 156.405: [scrub symbol table, 0.0077586 secs]2016-10-24T05:53:25.217+0800: 156.412: [scrub string table, 0.0005222 secs][1 CMS-remark: 205720K(393216K)] 227544K(502464K), 0.0362681 secs] [Times: user=0.09 sys=0.00, real=0.03 secs] 
2016-10-24T05:53:25.218+0800: 156.413: Total time for which application threads were stopped: 0.0363850 seconds, Stopping threads took: 0.0000183 seconds
2016-10-24T05:53:25.218+0800: 156.413: [CMS-concurrent-sweep-start]
2016-10-24T05:53:25.318+0800: 156.513: [CMS-concurrent-sweep: 0.100/0.100 secs] [Times: user=0.19 sys=0.00, real=0.10 secs] 
2016-10-24T05:53:25.318+0800: 156.513: [CMS-concurrent-reset-start]
2016-10-24T05:53:25.318+0800: 156.513: [CMS-concurrent-reset: 0.000/0.000 secs] [Times: user=0.01 sys=0.00, real=0.00 secs] 
{Heap before GC invocations=98 (full 5):
 par new generation   total 109248K, used 109248K [0x00000007a0000000, 0x00000007a8000000, 0x00000007a8000000)
  eden space 87424K, 100% used [0x00000007a0000000, 0x00000007a5560000, 0x00000007a5560000)
  from space 21824K, 100% used [0x00000007a5560000, 0x00000007a6ab0000, 0x00000007a6ab0000)
  to   space 21824K,   0% used [0x00000007a6ab0000, 0x00000007a6ab0000, 0x00000007a8000000)
 concurrent mark-sweep generation total 393216K, used 71299K [0x00000007a8000000, 0x00000007c0000000, 0x00000007c0000000)
 Metaspace       used 39572K, capacity 40224K, committed 40764K, reserved 1085440K
  class space    used 4675K, capacity 4831K, committed 4924K, reserved 1048576K
2016-10-24T05:53:25.517+0800: 156.712: [GC (Allocation Failure) 2016-10-24T05:53:25.517+0800: 156.712: [ParNew
Desired survivor size 20112992 bytes, new threshold 8 (max 8)
- age   1:    6080368 bytes,    6080368 total
- age   2:    2137456 bytes,    8217824 total
- age   3:    3125784 bytes,   11343608 total
- age   4:    2252984 bytes,   13596592 total
- age   5:    2504144 bytes,   16100736 total
- age   6:    2197200 bytes,   18297936 total
- age   7:    1691760 bytes,   19989696 total
- age   8:    1422056 bytes,   21411752 total
: 109248K->21824K(109248K), 0.0160930 secs] 180547K->96093K(502464K), 0.0161590 secs] [Times: user=0.06 sys=0.00, real=0.02 secs] 
Heap after GC invocations=99 (full 5):
 par new generation   total 109248K, used 21824K [0x00000007a0000000, 0x00000007a8000000, 0x00000007a8000000)
  eden space 87424K,   0% used [0x00000007a0000000, 0x00000007a0000000, 0x00000007a5560000)
  from space 21824K, 100% used [0x00000007a6ab0000, 0x00000007a8000000, 0x00000007a8000000)
  to   space 21824K,   0% used [0x00000007a5560000, 0x00000007a5560000, 0x00000007a6ab0000)
 concurrent mark-sweep generation total 393216K, used 74269K [0x00000007a8000000, 0x00000007c0000000, 0x00000007c0000000)
 Metaspace       used 39572K, capacity 40224K, committed 40764K, reserved 1085440K
  class space    used 4675K, capacity 4831K, committed 4924K, reserved 1048576K
}
2016-10-24T05:53:25.533+0800: 156.729: Total time for which application threads were stopped: 0.0163276 seconds, Stopping threads took: 0.0000201 seconds
{Heap before GC invocations=99 (full 5):
 par new generation   total 109248K, used 109248K [0x00000007a0000000, 0x00000007a8000000, 0x00000007a8000000)
  eden space 87424K, 100% used [0x00000007a0000000, 0x00000007a5560000, 0x00000007a5560000)
  from space 21824K, 100% used [0x00000007a6ab0000, 0x00000007a8000000, 0x00000007a8000000)
  to   space 21824K,   0% used [0x00000007a5560000, 0x00000007a5560000, 0x00000007a6ab0000)
 concurrent mark-sweep generation total 393216K, used 74269K [0x00000007a8000000, 0x00000007c0000000, 0x00000007c0000000)
 Metaspace       used 39572K, capacity 40224K, committed 40764K, reserved 1085440K
  class space    used 4675K, capacity 4831K, committed 4924K, reserved 1048576K
2016-10-24T05:53:25.803+0800: 156.998: [GC (Allocation Failure) 2016-10-24T05:53:25.803+0800: 156.998: [ParNew
Desired survivor size 20112992 bytes, new threshold 8 (max 8)
- age   1:    6138520 bytes,    6138520 total
- age   2:    3361072 bytes,    9499592 total
- age   3:    1566912 bytes,   11066504 total
- age   4:    2736864 bytes,   13803368 total
- age   5:    1934976 bytes,   15738344 total
- age   6:    2259312 bytes,   17997656 total
- age   7:    2026040 bytes,   20023696 total
- age   8:    1520200 bytes,   21543896 total
: 109248K->21824K(109248K), 0.0283558 secs] 183517K->102058K(502464K), 0.0284202 secs] [Times: user=0.10 sys=0.00, real=0.03 secs] 
Heap after GC invocations=100 (full 5):
 par new generation   total 109248K, used 21824K [0x00000007a0000000, 0x00000007a8000000, 0x00000007a8000000)
  eden space 87424K,   0% used [0x00000007a0000000, 0x00000007a0000000, 0x00000007a5560000)
  from space 21824K, 100% used [0x00000007a5560000, 0x00000007a6ab0000, 0x00000007a6ab0000)
  to   space 21824K,   0% used [0x00000007a6ab0000, 0x00000007a6ab0000, 0x00000007a8000000)
 concurrent mark-sweep generation total 393216K, used 80234K [0x00000007a8000000, 0x00000007c0000000, 0x00000007c0000000)
 Metaspace       used 39572K, capacity 40224K, committed 40764K, reserved 1085440K
  class space    used 4675K, capacity 4831K, committed 4924K, reserved 1048576K
}
2016-10-24T05:53:25.832+0800: 157.027: Total time for which application threads were stopped: 0.0292363 seconds, Stopping threads took: 0.0000191 seconds
{Heap before GC invocations=100 (full 5):
 par new generation   total 109248K, used 109248K [0x00000007a0000000, 0x00000007a8000000, 0x00000007a8000000)
  eden space 87424K, 100% used [0x00000007a0000000, 0x00000007a5560000, 0x00000007a5560000)
  from space 21824K, 100% used [0x00000007a5560000, 0x00000007a6ab0000, 0x00000007a6ab0000)
  to   space 21824K,   0% used [0x00000007a6ab0000, 0x00000007a6ab0000, 0x00000007a8000000)
 concurrent mark-sweep generation total 393216K, used 80234K [0x00000007a8000000, 0x00000007c0000000, 0x00000007c0000000)
 Metaspace       used 39572K, capacity 40224K, committed 40764K, reserved 1085440K
  class space    used 4675K, capacity 4831K, committed 4924K, reserved 1048576K
2016-10-24T05:53:26.309+0800: 157.505: [GC (Allocation Failure) 2016-10-24T05:53:26.310+0800: 157.505: [ParNew
Desired survivor size 20112992 bytes, new threshold 8 (max 8)
- age   1:    5074784 bytes,    5074784 total
- age   2:    2599176 bytes,    7673960 total
- age   3:    3040696 bytes,   10714656 total
- age   4:    1411320 bytes,   12125976 total
- age   5:    1758056 bytes,   13884032 total
- age   6:    1732360 bytes,   15616392 total
- age   7:    2010272 bytes,   17626664 total
- age   8:    1914432 bytes,   19541096 total
: 109248K->21824K(109248K), 0.0303542 secs] 189482K->110900K(502464K), 0.0304343 secs] [Times: user=0.11 sys=0.00, real=0.04 secs] 
Heap after GC invocations=101 (full 5):
 par new generation   total 109248K, used 21824K [0x00000007a0000000, 0x00000007a8000000, 0x00000007a8000000)
  eden space 87424K,   0% used [0x00000007a0000000, 0x00000007a0000000, 0x00000007a5560000)
  from space 21824K, 100% used [0x00000007a6ab0000, 0x00000007a8000000, 0x00000007a8000000)
  to   space 21824K,   0% used [0x00000007a5560000, 0x00000007a5560000, 0x00000007a6ab0000)
 concurrent mark-sweep generation total 393216K, used 89076K [0x00000007a8000000, 0x00000007c0000000, 0x00000007c0000000)
 Metaspace       used 39572K, capacity 40224K, committed 40764K, reserved 1085440K
  class space    used 4675K, capacity 4831K, committed 4924K, reserved 1048576K
}
2016-10-24T05:53:26.340+0800: 157.535: Total time for which application threads were stopped: 0.0306715 seconds, Stopping threads took: 0.0000246 seconds
{Heap before GC invocations=101 (full 5):
 par new generation   total 109248K, used 109248K [0x00000007a0000000, 0x00000007a8000000, 0x00000007a8000000)
  eden space 87424K, 100% used [0x00000007a0000000, 0x00000007a5560000, 0x00000007a5560000)
  from space 21824K, 100% used [0x00000007a6ab0000, 0x00000007a8000000, 0x00000007a8000000)
  to   space 21824K,   0% used [0x00000007a5560000, 0x00000007a5560000, 0x00000007a6ab0000)
 concurrent mark-sweep generation total 393216K, used 89076K [0x00000007a8000000, 0x00000007c0000000, 0x00000007c0000000)
 Metaspace       used 39572K, capacity 40224K, committed 40764K, reserved 1085440K
  class space    used 4675K, capacity 4831K, committed 4924K, reserved 1048576K
2016-10-24T05:53:26.780+0800: 157.975: [GC (Allocation Failure) 2016-10-24T05:53:26.780+0800: 157.976: [ParNew
Desired survivor size 20112992 bytes, new threshold 8 (max 8)
- age   1:    6190448 bytes,    6190448 total
- age   2:    2334608 bytes,    8525056 total
- age   3:    1760112 bytes,   10285168 total
- age   4:    2964568 bytes,   13249736 total
- age   5:    1372344 bytes,   14622080 total
- age   6:    1698656 bytes,   16320736 total
- age   7:    1679176 bytes,   17999912 total
- age   8:    1958144 bytes,   19958056 total
: 109248K->21824K(109248K), 0.0308195 secs] 198324K->117582K(502464K), 0.0309150 secs] [Times: user=0.11 sys=0.00, real=0.03 secs] 
Heap after GC invocations=102 (full 5):
 par new generation   total 109248K, used 21824K [0x00000007a0000000, 0x00000007a8000000, 0x00000007a8000000)
  eden space 87424K,   0% used [0x00000007a0000000, 0x00000007a0000000, 0x00000007a5560000)
  from space 21824K, 100% used [0x00000007a5560000, 0x00000007a6ab0000, 0x00000007a6ab0000)
  to   space 21824K,   0% used [0x00000007a6ab0000, 0x00000007a6ab0000, 0x00000007a8000000)
 concurrent mark-sweep generation total 393216K, used 95758K [0x00000007a8000000, 0x00000007c0000000, 0x00000007c0000000)
 Metaspace       used 39572K, capacity 40224K, committed 40764K, reserved 1085440K
  class space    used 4675K, capacity 4831K, committed 4924K, reserved 1048576K
}
2016-10-24T05:53:26.811+0800: 158.006: Total time for which application threads were stopped: 0.0311639 seconds, Stopping threads took: 0.0000270 seconds
{Heap before GC invocations=102 (full 5):
 par new generation   total 109248K, used 109248K [0x00000007a0000000, 0x00000007a8000000, 0x00000007a8000000)
  eden space 87424K, 100% used [0x00000007a0000000, 0x00000007a5560000, 0x00000007a5560000)
  from space 21824K, 100% used [0x00000007a5560000, 0x00000007a6ab0000, 0x00000007a6ab0000)
  to   space 21824K,   0% used [0x00000007a6ab0000, 0x00000007a6ab0000, 0x00000007a8000000)
 concurrent mark-sweep generation total 393216K, used 95758K [0x00000007a8000000, 0x00000007c0000000, 0x00000007c0000000)
 Metaspace       used 39572K, capacity 40224K, committed 40764K, reserved 1085440K
  class space    used 4675K, capacity 4831K, committed 4924K, reserved 1048576K
2016-10-24T05:53:27.237+0800: 158.432: [GC (Allocation Failure) 2016-10-24T05:53:27.237+0800: 158.432: [ParNew
Desired survivor size 20112992 bytes, new threshold 7 (max 8)
- age   1:    9334824 bytes,    9334824 total
- age   2:    2964208 bytes,   12299032 total
- age   3:    1890632 bytes,   14189664 total
- age   4:    1354160 bytes,   15543824 total
- age   5:    2592032 bytes,   18135856 total
- age   6:    1170720 bytes,   19306576 total
- age   7:    1425744 bytes,   20732320 total
- age   8:    1475840 bytes,   22208160 total
: 109248K->21824K(109248K), 0.0338680 secs] 205006K->123288K(502464K), 0.0339485 secs] [Times: user=0.12 sys=0.00, real=0.04 secs] 
Heap after GC invocations=103 (full 5):
 par new generation   total 109248K, used 21824K [0x00000007a0000000, 0x00000007a8000000, 0x00000007a8000000)
  eden space 87424K,   0% used [0x00000007a0000000, 0x00000007a0000000, 0x00000007a5560000)
  from space 21824K, 100% used [0x00000007a6ab0000, 0x00000007a8000000, 0x00000007a8000000)
  to   space 21824K,   0% used [0x00000007a5560000, 0x00000007a5560000, 0x00000007a6ab0000)
 concurrent mark-sweep generation total 393216K, used 101464K [0x00000007a8000000, 0x00000007c0000000, 0x00000007c0000000)
 Metaspace       used 39572K, capacity 40224K, committed 40764K, reserved 1085440K
  class space    used 4675K, capacity 4831K, committed 4924K, reserved 1048576K
}
2016-10-24T05:53:27.271+0800: 158.466: Total time for which application threads were stopped: 0.0341794 seconds, Stopping threads took: 0.0000262 seconds
{Heap before GC invocations=103 (full 5):
 par new generation   total 109248K, used 109248K [0x00000007a0000000, 0x00000007a8000000, 0x00000007a8000000)
  eden space 87424K, 100% used [0x00000007a0000000, 0x00000007a5560000, 0x00000007a5560000)
  from space 21824K, 100% used [0x00000007a6ab0000, 0x00000007a8000000, 0x00000007a8000000)
  to   space 21824K,   0% used [0x00000007a5560000, 0x00000007a5560000, 0x00000007a6ab0000)
 concurrent mark-sweep generation total 393216K, used 101464K [0x00000007a8000000, 0x00000007c0000000, 0x00000007c0000000)
 Metaspace       used 39572K, capacity 40224K, committed 40764K, reserved 1085440K
  class space    used 4675K, capacity 4831K, committed 4924K, reserved 1048576K
2016-10-24T05:53:27.696+0800: 158.891: [GC (Allocation Failure) 2016-10-24T05:53:27.696+0800: 158.891: [ParNew
Desired survivor size 20112992 bytes, new threshold 6 (max 8)
- age   1:    9963104 bytes,    9963104 total
- age   2:    4328984 bytes,   14292088 total
- age   3:    2433712 bytes,   16725800 total
- age   4:    1597680 bytes,   18323480 total
- age   5:    1083560 bytes,   19407040 total
- age   6:    1826520 bytes,   21233560 total
- age   7:    1042984 bytes,   22276544 total
: 109248K->21824K(109248K), 0.0361845 secs] 210712K->130381K(502464K), 0.0362767 secs] [Times: user=0.12 sys=0.00, real=0.04 secs] 
Heap after GC invocations=104 (full 5):
 par new generation   total 109248K, used 21824K [0x00000007a0000000, 0x00000007a8000000, 0x00000007a8000000)
  eden space 87424K,   0% used [0x00000007a0000000, 0x00000007a0000000, 0x00000007a5560000)
  from space 21824K, 100% used [0x00000007a5560000, 0x00000007a6ab0000, 0x00000007a6ab0000)
  to   space 21824K,   0% used [0x00000007a6ab0000, 0x00000007a6ab0000, 0x00000007a8000000)
 concurrent mark-sweep generation total 393216K, used 108557K [0x00000007a8000000, 0x00000007c0000000, 0x00000007c0000000)
 Metaspace       used 39572K, capacity 40224K, committed 40764K, reserved 1085440K
  class space    used 4675K, capacity 4831K, committed 4924K, reserved 1048576K
}
2016-10-24T05:53:27.732+0800: 158.927: Total time for which application threads were stopped: 0.0365163 seconds, Stopping threads took: 0.0000265 seconds
{Heap before GC invocations=104 (full 5):
 par new generation   total 109248K, used 109248K [0x00000007a0000000, 0x00000007a8000000, 0x00000007a8000000)
  eden space 87424K, 100% used [0x00000007a0000000, 0x00000007a5560000, 0x00000007a5560000)
  from space 21824K, 100% used [0x00000007a5560000, 0x00000007a6ab0000, 0x00000007a6ab0000)
  to   space 21824K,   0% used [0x00000007a6ab0000, 0x00000007a6ab0000, 0x00000007a8000000)
 concurrent mark-sweep generation total 393216K, used 108557K [0x00000007a8000000, 0x00000007c0000000, 0x00000007c0000000)
 Metaspace       used 39572K, capacity 40224K, committed 40764K, reserved 1085440K
  class space    used 4675K, capacity 4831K, committed 4924K, reserved 1048576K
2016-10-24T05:53:28.161+0800: 159.356: [GC (Allocation Failure) 2016-10-24T05:53:28.161+0800: 159.356: [ParNew
Desired survivor size 20112992 bytes, new threshold 5 (max 8)
- age   1:    8272568 bytes,    8272568 total
- age   2:    5104976 bytes,   13377544 total
- age   3:    3738416 bytes,   17115960 total
- age   4:    2068392 bytes,   19184352 total
- age   5:    1351776 bytes,   20536128 total
- age   6:     853296 bytes,   21389424 total
: 109248K->21824K(109248K), 0.0338089 secs] 217805K->136602K(502464K), 0.0338914 secs] [Times: user=0.12 sys=0.00, real=0.03 secs] 
Heap after GC invocations=105 (full 5):
 par new generation   total 109248K, used 21824K [0x00000007a0000000, 0x00000007a8000000, 0x00000007a8000000)
  eden space 87424K,   0% used [0x00000007a0000000, 0x00000007a0000000, 0x00000007a5560000)
  from space 21824K, 100% used [0x00000007a6ab0000, 0x00000007a8000000, 0x00000007a8000000)
  to   space 21824K,   0% used [0x00000007a5560000, 0x00000007a5560000, 0x00000007a6ab0000)
 concurrent mark-sweep generation total 393216K, used 114778K [0x00000007a8000000, 0x00000007c0000000, 0x00000007c0000000)
 Metaspace       used 39572K, capacity 40224K, committed 40764K, reserved 1085440K
  class space    used 4675K, capacity 4831K, committed 4924K, reserved 1048576K
}
2016-10-24T05:53:28.195+0800: 159.390: Total time for which application threads were stopped: 0.0341337 seconds, Stopping threads took: 0.0000255 seconds
{Heap before GC invocations=105 (full 5):
 par new generation   total 109248K, used 109248K [0x00000007a0000000, 0x00000007a8000000, 0x00000007a8000000)
  eden space 87424K, 100% used [0x00000007a0000000, 0x00000007a5560000, 0x00000007a5560000)
  from space 21824K, 100% used [0x00000007a6ab0000, 0x00000007a8000000, 0x00000007a8000000)
  to   space 21824K,   0% used [0x00000007a5560000, 0x00000007a5560000, 0x00000007a6ab0000)
 concurrent mark-sweep generation total 393216K, used 114778K [0x00000007a8000000, 0x00000007c0000000, 0x00000007c0000000)
 Metaspace       used 39572K, capacity 40224K, committed 40764K, reserved 1085440K
  class space    used 4675K, capacity 4831K, committed 4924K, reserved 1048576K
2016-10-24T05:53:28.620+0800: 159.815: [GC (Allocation Failure) 2016-10-24T05:53:28.620+0800: 159.815: [ParNew
Desired survivor size 20112992 bytes, new threshold 5 (max 8)
- age   1:    9517712 bytes,    9517712 total
- age   2:    2682424 bytes,   12200136 total
- age   3:    3058616 bytes,   15258752 total
- age   4:    3479416 bytes,   18738168 total
- age   5:    1834120 bytes,   20572288 total
: 109248K->21824K(109248K), 0.0381650 secs] 224026K->142719K(502464K), 0.0382571 secs] [Times: user=0.14 sys=0.00, real=0.03 secs] 
Heap after GC invocations=106 (full 5):
 par new generation   total 109248K, used 21824K [0x00000007a0000000, 0x00000007a8000000, 0x00000007a8000000)
  eden space 87424K,   0% used [0x00000007a0000000, 0x00000007a0000000, 0x00000007a5560000)
  from space 21824K, 100% used [0x00000007a5560000, 0x00000007a6ab0000, 0x00000007a6ab0000)
  to   space 21824K,   0% used [0x00000007a6ab0000, 0x00000007a6ab0000, 0x00000007a8000000)
 concurrent mark-sweep generation total 393216K, used 120895K [0x00000007a8000000, 0x00000007c0000000, 0x00000007c0000000)
 Metaspace       used 39572K, capacity 40224K, committed 40764K, reserved 1085440K
  class space    used 4675K, capacity 4831K, committed 4924K, reserved 1048576K
}
2016-10-24T05:53:28.658+0800: 159.853: Total time for which application threads were stopped: 0.0384893 seconds, Stopping threads took: 0.0000265 seconds
{Heap before GC invocations=106 (full 5):
 par new generation   total 109248K, used 109248K [0x00000007a0000000, 0x00000007a8000000, 0x00000007a8000000)
  eden space 87424K, 100% used [0x00000007a0000000, 0x00000007a5560000, 0x00000007a5560000)
  from space 21824K, 100% used [0x00000007a5560000, 0x00000007a6ab0000, 0x00000007a6ab0000)
  to   space 21824K,   0% used [0x00000007a6ab0000, 0x00000007a6ab0000, 0x00000007a8000000)
 concurrent mark-sweep generation total 393216K, used 120895K [0x00000007a8000000, 0x00000007c0000000, 0x00000007c0000000)
 Metaspace       used 39572K, capacity 40224K, committed 40764K, reserved 1085440K
  class space    used 4675K, capacity 4831K, committed 4924K, reserved 1048576K
2016-10-24T05:53:29.138+0800: 160.334: [GC (Allocation Failure) 2016-10-24T05:53:29.138+0800: 160.334: [ParNew
Desired survivor size 20112992 bytes, new threshold 5 (max 8)
- age   1:    7915336 bytes,    7915336 total
- age   2:    6992648 bytes,   14907984 total
- age   3:    2242464 bytes,   17150448 total
- age   4:    2890792 bytes,   20041240 total
- age   5:    1550656 bytes,   21591896 total
: 109248K->21824K(109248K), 0.0338306 secs] 230143K->150622K(502464K), 0.0339132 secs] [Times: user=0.12 sys=0.01, real=0.04 secs] 
Heap after GC invocations=107 (full 5):
 par new generation   total 109248K, used 21824K [0x00000007a0000000, 0x00000007a8000000, 0x00000007a8000000)
  eden space 87424K,   0% used [0x00000007a0000000, 0x00000007a0000000, 0x00000007a5560000)
  from space 21824K, 100% used [0x00000007a6ab0000, 0x00000007a8000000, 0x00000007a8000000)
  to   space 21824K,   0% used [0x00000007a5560000, 0x00000007a5560000, 0x00000007a6ab0000)
 concurrent mark-sweep generation total 393216K, used 128798K [0x00000007a8000000, 0x00000007c0000000, 0x00000007c0000000)
 Metaspace       used 39572K, capacity 40224K, committed 40764K, reserved 1085440K
  class space    used 4675K, capacity 4831K, committed 4924K, reserved 1048576K
}
2016-10-24T05:53:29.172+0800: 160.368: Total time for which application threads were stopped: 0.0341537 seconds, Stopping threads took: 0.0000260 seconds
{Heap before GC invocations=107 (full 5):
 par new generation   total 109248K, used 109248K [0x00000007a0000000, 0x00000007a8000000, 0x00000007a8000000)
  eden space 87424K, 100% used [0x00000007a0000000, 0x00000007a5560000, 0x00000007a5560000)
  from space 21824K, 100% used [0x00000007a6ab0000, 0x00000007a8000000, 0x00000007a8000000)
  to   space 21824K,   0% used [0x00000007a5560000, 0x00000007a5560000, 0x00000007a6ab0000)
 concurrent mark-sweep generation total 393216K, used 128798K [0x00000007a8000000, 0x00000007c0000000, 0x00000007c0000000)
 Metaspace       used 39572K, capacity 40224K, committed 40764K, reserved 1085440K
  class space    used 4675K, capacity 4831K, committed 4924K, reserved 1048576K
2016-10-24T05:53:29.601+0800: 160.796: [GC (Allocation Failure) 2016-10-24T05:53:29.601+0800: 160.796: [ParNew
Desired survivor size 20112992 bytes, new threshold 5 (max 8)
- age   1:    7147376 bytes,    7147376 total
- age   2:    7659176 bytes,   14806552 total
- age   3:    1929440 bytes,   16735992 total
- age   4:    1963896 bytes,   18699888 total
- age   5:    2858064 bytes,   21557952 total
: 109248K->21824K(109248K), 0.0329936 secs] 238046K->157401K(502464K), 0.0330900 secs] [Times: user=0.12 sys=0.00, real=0.03 secs] 
Heap after GC invocations=108 (full 5):
 par new generation   total 109248K, used 21824K [0x00000007a0000000, 0x00000007a8000000, 0x00000007a8000000)
  eden space 87424K,   0% used [0x00000007a0000000, 0x00000007a0000000, 0x00000007a5560000)
  from space 21824K, 100% used [0x00000007a5560000, 0x00000007a6ab0000, 0x00000007a6ab0000)
  to   space 21824K,   0% used [0x00000007a6ab0000, 0x00000007a6ab0000, 0x00000007a8000000)
 concurrent mark-sweep generation total 393216K, used 135577K [0x00000007a8000000, 0x00000007c0000000, 0x00000007c0000000)
 Metaspace       used 39572K, capacity 40224K, committed 40764K, reserved 1085440K
  class space    used 4675K, capacity 4831K, committed 4924K, reserved 1048576K
}
2016-10-24T05:53:29.634+0800: 160.829: Total time for which application threads were stopped: 0.0333301 seconds, Stopping threads took: 0.0000265 seconds
{Heap before GC invocations=108 (full 5):
 par new generation   total 109248K, used 109248K [0x00000007a0000000, 0x00000007a8000000, 0x00000007a8000000)
  eden space 87424K, 100% used [0x00000007a0000000, 0x00000007a5560000, 0x00000007a5560000)
  from space 21824K, 100% used [0x00000007a5560000, 0x00000007a6ab0000, 0x00000007a6ab0000)
  to   space 21824K,   0% used [0x00000007a6ab0000, 0x00000007a6ab0000, 0x00000007a8000000)
 concurrent mark-sweep generation total 393216K, used 135577K [0x00000007a8000000, 0x00000007c0000000, 0x00000007c0000000)
 Metaspace       used 39572K, capacity 40224K, committed 40764K, reserved 1085440K
  class space    used 4675K, capacity 4831K, committed 4924K, reserved 1048576K
2016-10-24T05:53:30.042+0800: 161.237: [GC (Allocation Failure) 2016-10-24T05:53:30.042+0800: 161.237: [ParNew
Desired survivor size 20112992 bytes, new threshold 5 (max 8)
- age   1:    7535072 bytes,    7535072 total
- age   2:    2615880 bytes,   10150952 total
- age   3:    6253992 bytes,   16404944 total
- age   4:    1878184 bytes,   18283128 total
- age   5:    1919904 bytes,   20203032 total
: 109248K->21824K(109248K), 0.0332662 secs] 244825K->165825K(502464K), 0.0333452 secs] [Times: user=0.13 sys=0.00, real=0.03 secs] 
Heap after GC invocations=109 (full 5):
 par new generation   total 109248K, used 21824K [0x00000007a0000000, 0x00000007a8000000, 0x00000007a8000000)
  eden space 87424K,   0% used [0x00000007a0000000, 0x00000007a0000000, 0x00000007a5560000)
  from space 21824K, 100% used [0x00000007a6ab0000, 0x00000007a8000000, 0x00000007a8000000)
  to   space 21824K,   0% used [0x00000007a5560000, 0x00000007a5560000, 0x00000007a6ab0000)
 concurrent mark-sweep generation total 393216K, used 144001K [0x00000007a8000000, 0x00000007c0000000, 0x00000007c0000000)
 Metaspace       used 39572K, capacity 40224K, committed 40764K, reserved 1085440K
  class space    used 4675K, capacity 4831K, committed 4924K, reserved 1048576K
}
2016-10-24T05:53:30.075+0800: 161.270: Total time for which application threads were stopped: 0.0335773 seconds, Stopping threads took: 0.0000255 seconds
{Heap before GC invocations=109 (full 5):
 par new generation   total 109248K, used 109248K [0x00000007a0000000, 0x00000007a8000000, 0x00000007a8000000)
  eden space 87424K, 100% used [0x00000007a0000000, 0x00000007a5560000, 0x00000007a5560000)
  from space 21824K, 100% used [0x00000007a6ab0000, 0x00000007a8000000, 0x00000007a8000000)
  to   space 21824K,   0% used [0x00000007a5560000, 0x00000007a5560000, 0x00000007a6ab0000)
 concurrent mark-sweep generation total 393216K, used 144001K [0x00000007a8000000, 0x00000007c0000000, 0x00000007c0000000)
 Metaspace       used 39572K, capacity 40224K, committed 40764K, reserved 1085440K
  class space    used 4675K, capacity 4831K, committed 4924K, reserved 1048576K
2016-10-24T05:53:30.518+0800: 161.713: [GC (Allocation Failure) 2016-10-24T05:53:30.518+0800: 161.713: [ParNew
Desired survivor size 20112992 bytes, new threshold 5 (max 8)
- age   1:    5311952 bytes,    5311952 total
- age   2:    4753192 bytes,   10065144 total
- age   3:    2434120 bytes,   12499264 total
- age   4:    6113160 bytes,   18612424 total
- age   5:    1619464 bytes,   20231888 total
: 109248K->21824K(109248K), 0.0389682 secs] 253249K->171041K(502464K), 0.0390734 secs] [Times: user=0.14 sys=0.00, real=0.04 secs] 
Heap after GC invocations=110 (full 5):
 par new generation   total 109248K, used 21824K [0x00000007a0000000, 0x00000007a8000000, 0x00000007a8000000)
  eden space 87424K,   0% used [0x00000007a0000000, 0x00000007a0000000, 0x00000007a5560000)
  from space 21824K, 100% used [0x00000007a5560000, 0x00000007a6ab0000, 0x00000007a6ab0000)
  to   space 21824K,   0% used [0x00000007a6ab0000, 0x00000007a6ab0000, 0x00000007a8000000)
 concurrent mark-sweep generation total 393216K, used 149217K [0x00000007a8000000, 0x00000007c0000000, 0x00000007c0000000)
 Metaspace       used 39572K, capacity 40224K, committed 40764K, reserved 1085440K
  class space    used 4675K, capacity 4831K, committed 4924K, reserved 1048576K
}
2016-10-24T05:53:30.557+0800: 161.753: Total time for which application threads were stopped: 0.0393992 seconds, Stopping threads took: 0.0000429 seconds
{Heap before GC invocations=110 (full 5):
 par new generation   total 109248K, used 109248K [0x00000007a0000000, 0x00000007a8000000, 0x00000007a8000000)
  eden space 87424K, 100% used [0x00000007a0000000, 0x00000007a5560000, 0x00000007a5560000)
  from space 21824K, 100% used [0x00000007a5560000, 0x00000007a6ab0000, 0x00000007a6ab0000)
  to   space 21824K,   0% used [0x00000007a6ab0000, 0x00000007a6ab0000, 0x00000007a8000000)
 concurrent mark-sweep generation total 393216K, used 149217K [0x00000007a8000000, 0x00000007c0000000, 0x00000007c0000000)
 Metaspace       used 39572K, capacity 40224K, committed 40764K, reserved 1085440K
  class space    used 4675K, capacity 4831K, committed 4924K, reserved 1048576K
2016-10-24T05:53:30.975+0800: 162.170: [GC (Allocation Failure) 2016-10-24T05:53:30.975+0800: 162.170: [ParNew
Desired survivor size 20112992 bytes, new threshold 5 (max 8)
- age   1:    4846488 bytes,    4846488 total
- age   2:    4811664 bytes,    9658152 total
- age   3:    3671824 bytes,   13329976 total
- age   4:    2353752 bytes,   15683728 total
- age   5:    6065392 bytes,   21749120 total
: 109248K->21824K(109248K), 0.0362437 secs] 258465K->181031K(502464K), 0.0363234 secs] [Times: user=0.13 sys=0.00, real=0.04 secs] 
Heap after GC invocations=111 (full 5):
 par new generation   total 109248K, used 21824K [0x00000007a0000000, 0x00000007a8000000, 0x00000007a8000000)
  eden space 87424K,   0% used [0x00000007a0000000, 0x00000007a0000000, 0x00000007a5560000)
  from space 21824K, 100% used [0x00000007a6ab0000, 0x00000007a8000000, 0x00000007a8000000)
  to   space 21824K,   0% used [0x00000007a5560000, 0x00000007a5560000, 0x00000007a6ab0000)
 concurrent mark-sweep generation total 393216K, used 159207K [0x00000007a8000000, 0x00000007c0000000, 0x00000007c0000000)
 Metaspace       used 39572K, capacity 40224K, committed 40764K, reserved 1085440K
  class space    used 4675K, capacity 4831K, committed 4924K, reserved 1048576K
}
2016-10-24T05:53:31.011+0800: 162.206: Total time for which application threads were stopped: 0.0365577 seconds, Stopping threads took: 0.0000242 seconds
{Heap before GC invocations=111 (full 5):
 par new generation   total 109248K, used 109248K [0x00000007a0000000, 0x00000007a8000000, 0x00000007a8000000)
  eden space 87424K, 100% used [0x00000007a0000000, 0x00000007a5560000, 0x00000007a5560000)
  from space 21824K, 100% used [0x00000007a6ab0000, 0x00000007a8000000, 0x00000007a8000000)
  to   space 21824K,   0% used [0x00000007a5560000, 0x00000007a5560000, 0x00000007a6ab0000)
 concurrent mark-sweep generation total 393216K, used 159207K [0x00000007a8000000, 0x00000007c0000000, 0x00000007c0000000)
 Metaspace       used 39572K, capacity 40224K, committed 40764K, reserved 1085440K
  class space    used 4675K, capacity 4831K, committed 4924K, reserved 1048576K
2016-10-24T05:53:31.457+0800: 162.652: [GC (Allocation Failure) 2016-10-24T05:53:31.457+0800: 162.652: [ParNew
Desired survivor size 20112992 bytes, new threshold 8 (max 8)
- age   1:    6579144 bytes,    6579144 total
- age   2:    4527792 bytes,   11106936 total
- age   3:    2998456 bytes,   14105392 total
- age   4:    3617904 bytes,   17723296 total
- age   5:    2078800 bytes,   19802096 total
: 109248K->21824K(109248K), 0.0351293 secs] 268455K->187932K(502464K), 0.0352198 secs] [Times: user=0.14 sys=0.01, real=0.04 secs] 
Heap after GC invocations=112 (full 5):
 par new generation   total 109248K, used 21824K [0x00000007a0000000, 0x00000007a8000000, 0x00000007a8000000)
  eden space 87424K,   0% used [0x00000007a0000000, 0x00000007a0000000, 0x00000007a5560000)
  from space 21824K, 100% used [0x00000007a5560000, 0x00000007a6ab0000, 0x00000007a6ab0000)
  to   space 21824K,   0% used [0x00000007a6ab0000, 0x00000007a6ab0000, 0x00000007a8000000)
 concurrent mark-sweep generation total 393216K, used 166108K [0x00000007a8000000, 0x00000007c0000000, 0x00000007c0000000)
 Metaspace       used 39572K, capacity 40224K, committed 40764K, reserved 1085440K
  class space    used 4675K, capacity 4831K, committed 4924K, reserved 1048576K
}
2016-10-24T05:53:31.492+0800: 162.687: Total time for which application threads were stopped: 0.0354541 seconds, Stopping threads took: 0.0000271 seconds
{Heap before GC invocations=112 (full 5):
 par new generation   total 109248K, used 109248K [0x00000007a0000000, 0x00000007a8000000, 0x00000007a8000000)
  eden space 87424K, 100% used [0x00000007a0000000, 0x00000007a5560000, 0x00000007a5560000)
  from space 21824K, 100% used [0x00000007a5560000, 0x00000007a6ab0000, 0x00000007a6ab0000)
  to   space 21824K,   0% used [0x00000007a6ab0000, 0x00000007a6ab0000, 0x00000007a8000000)
 concurrent mark-sweep generation total 393216K, used 166108K [0x00000007a8000000, 0x00000007c0000000, 0x00000007c0000000)
 Metaspace       used 39572K, capacity 40224K, committed 40764K, reserved 1085440K
  class space    used 4675K, capacity 4831K, committed 4924K, reserved 1048576K
2016-10-24T05:53:31.935+0800: 163.130: [GC (Allocation Failure) 2016-10-24T05:53:31.935+0800: 163.131: [ParNew
Desired survivor size 20112992 bytes, new threshold 6 (max 8)
- age   1:    5138104 bytes,    5138104 total
- age   2:    5549520 bytes,   10687624 total
- age   3:    3220096 bytes,   13907720 total
- age   4:    2640232 bytes,   16547952 total
- age   5:    3301520 bytes,   19849472 total
- age   6:    1862544 bytes,   21712016 total
: 109248K->21824K(109248K), 0.0429614 secs] 275356K->200032K(502464K), 0.0430409 secs] [Times: user=0.16 sys=0.00, real=0.04 secs] 
Heap after GC invocations=113 (full 5):
 par new generation   total 109248K, used 21824K [0x00000007a0000000, 0x00000007a8000000, 0x00000007a8000000)
  eden space 87424K,   0% used [0x00000007a0000000, 0x00000007a0000000, 0x00000007a5560000)
  from space 21824K, 100% used [0x00000007a6ab0000, 0x00000007a8000000, 0x00000007a8000000)
  to   space 21824K,   0% used [0x00000007a5560000, 0x00000007a5560000, 0x00000007a6ab0000)
 concurrent mark-sweep generation total 393216K, used 178208K [0x00000007a8000000, 0x00000007c0000000, 0x00000007c0000000)
 Metaspace       used 39572K, capacity 40224K, committed 40764K, reserved 1085440K
  class space    used 4675K, capacity 4831K, committed 4924K, reserved 1048576K
}
2016-10-24T05:53:31.978+0800: 163.174: Total time for which application threads were stopped: 0.0432828 seconds, Stopping threads took: 0.0000266 seconds
2016-10-24T05:53:32.999+0800: 164.194: Total time for which application threads were stopped: 0.0151553 seconds, Stopping threads took: 0.0150329 seconds
{Heap before GC invocations=113 (full 5):
 par new generation   total 109248K, used 109248K [0x00000007a0000000, 0x00000007a8000000, 0x00000007a8000000)
  eden space 87424K, 100% used [0x00000007a0000000, 0x00000007a5560000, 0x00000007a5560000)
  from space 21824K, 100% used [0x00000007a6ab0000, 0x00000007a8000000, 0x00000007a8000000)
  to   space 21824K,   0% used [0x00000007a5560000, 0x00000007a5560000, 0x00000007a6ab0000)
 concurrent mark-sweep generation total 393216K, used 178208K [0x00000007a8000000, 0x00000007c0000000, 0x00000007c0000000)
 Metaspace       used 39574K, capacity 40224K, committed 40764K, reserved 1085440K
  class space    used 4675K, capacity 4831K, committed 4924K, reserved 1048576K
2016-10-24T05:53:33.325+0800: 164.521: [GC (Allocation Failure) 2016-10-24T05:53:33.325+0800: 164.521: [ParNew
Desired survivor size 20112992 bytes, new threshold 8 (max 8)
- age   1:    2491336 bytes,    2491336 total
- age   2:    4756248 bytes,    7247584 total
- age   3:    4374792 bytes,   11622376 total
- age   4:    2929680 bytes,   14552056 total
- age   5:    2301768 bytes,   16853824 total
- age   6:    3150440 bytes,   20004264 total
: 109248K->21824K(109248K), 0.0194489 secs] 287456K->203428K(502464K), 0.0195210 secs] [Times: user=0.07 sys=0.00, real=0.02 secs] 
Heap after GC invocations=114 (full 5):
 par new generation   total 109248K, used 21824K [0x00000007a0000000, 0x00000007a8000000, 0x00000007a8000000)
  eden space 87424K,   0% used [0x00000007a0000000, 0x00000007a0000000, 0x00000007a5560000)
  from space 21824K, 100% used [0x00000007a5560000, 0x00000007a6ab0000, 0x00000007a6ab0000)
  to   space 21824K,   0% used [0x00000007a6ab0000, 0x00000007a6ab0000, 0x00000007a8000000)
 concurrent mark-sweep generation total 393216K, used 181604K [0x00000007a8000000, 0x00000007c0000000, 0x00000007c0000000)
 Metaspace       used 39574K, capacity 40224K, committed 40764K, reserved 1085440K
  class space    used 4675K, capacity 4831K, committed 4924K, reserved 1048576K
}
2016-10-24T05:53:33.345+0800: 164.540: Total time for which application threads were stopped: 0.0196723 seconds, Stopping threads took: 0.0000287 seconds
{Heap before GC invocations=114 (full 5):
 par new generation   total 109248K, used 109248K [0x00000007a0000000, 0x00000007a8000000, 0x00000007a8000000)
  eden space 87424K, 100% used [0x00000007a0000000, 0x00000007a5560000, 0x00000007a5560000)
  from space 21824K, 100% used [0x00000007a5560000, 0x00000007a6ab0000, 0x00000007a6ab0000)
  to   space 21824K,   0% used [0x00000007a6ab0000, 0x00000007a6ab0000, 0x00000007a8000000)
 concurrent mark-sweep generation total 393216K, used 181604K [0x00000007a8000000, 0x00000007c0000000, 0x00000007c0000000)
 Metaspace       used 39574K, capacity 40224K, committed 40764K, reserved 1085440K
  class space    used 4675K, capacity 4831K, committed 4924K, reserved 1048576K
2016-10-24T05:53:33.374+0800: 164.570: [GC (Allocation Failure) 2016-10-24T05:53:33.374+0800: 164.570: [ParNew
Desired survivor size 20112992 bytes, new threshold 8 (max 8)
- age   1:      53680 bytes,      53680 total
- age   2:    1908440 bytes,    1962120 total
- age   3:    4721648 bytes,    6683768 total
- age   4:    4337328 bytes,   11021096 total
- age   5:    2900864 bytes,   13921960 total
- age   6:    2267912 bytes,   16189872 total
- age   7:    3108904 bytes,   19298776 total
: 109248K->21824K(109248K), 0.0168054 secs] 290852K->204184K(502464K), 0.0168733 secs] [Times: user=0.07 sys=0.00, real=0.02 secs] 
Heap after GC invocations=115 (full 5):
 par new generation   total 109248K, used 21824K [0x00000007a0000000, 0x00000007a8000000, 0x00000007a8000000)
  eden space 87424K,   0% used [0x00000007a0000000, 0x00000007a0000000, 0x00000007a5560000)
  from space 21824K, 100% used [0x00000007a6ab0000, 0x00000007a8000000, 0x00000007a8000000)
  to   space 21824K,   0% used [0x00000007a5560000, 0x00000007a5560000, 0x00000007a6ab0000)
 concurrent mark-sweep generation total 393216K, used 182360K [0x00000007a8000000, 0x00000007c0000000, 0x00000007c0000000)
 Metaspace       used 39574K, capacity 40224K, committed 40764K, reserved 1085440K
  class space    used 4675K, capacity 4831K, committed 4924K, reserved 1048576K
}
2016-10-24T05:53:33.391+0800: 164.586: Total time for which application threads were stopped: 0.0170368 seconds, Stopping threads took: 0.0000207 seconds
{Heap before GC invocations=115 (full 5):
 par new generation   total 109248K, used 109248K [0x00000007a0000000, 0x00000007a8000000, 0x00000007a8000000)
  eden space 87424K, 100% used [0x00000007a0000000, 0x00000007a5560000, 0x00000007a5560000)
  from space 21824K, 100% used [0x00000007a6ab0000, 0x00000007a8000000, 0x00000007a8000000)
  to   space 21824K,   0% used [0x00000007a5560000, 0x00000007a5560000, 0x00000007a6ab0000)
 concurrent mark-sweep generation total 393216K, used 182360K [0x00000007a8000000, 0x00000007c0000000, 0x00000007c0000000)
 Metaspace       used 39574K, capacity 40224K, committed 40764K, reserved 1085440K
  class space    used 4675K, capacity 4831K, committed 4924K, reserved 1048576K
2016-10-24T05:53:33.417+0800: 164.613: [GC (Allocation Failure) 2016-10-24T05:53:33.417+0800: 164.613: [ParNew
Desired survivor size 20112992 bytes, new threshold 8 (max 8)
- age   1:     238992 bytes,     238992 total
- age   2:      53208 bytes,     292200 total
- age   3:    1632824 bytes,    1925024 total
- age   4:    4631608 bytes,    6556632 total
- age   5:    3855720 bytes,   10412352 total
- age   6:    2805480 bytes,   13217832 total
- age   7:    2130728 bytes,   15348560 total
- age   8:    2989960 bytes,   18338520 total
: 109248K->21824K(109248K), 0.0150458 secs] 291608K->205427K(502464K), 0.0151158 secs] [Times: user=0.06 sys=0.00, real=0.02 secs] 
Heap after GC invocations=116 (full 5):
 par new generation   total 109248K, used 21824K [0x00000007a0000000, 0x00000007a8000000, 0x00000007a8000000)
  eden space 87424K,   0% used [0x00000007a0000000, 0x00000007a0000000, 0x00000007a5560000)
  from space 21824K, 100% used [0x00000007a5560000, 0x00000007a6ab0000, 0x00000007a6ab0000)
  to   space 21824K,   0% used [0x00000007a6ab0000, 0x00000007a6ab0000, 0x00000007a8000000)
 concurrent mark-sweep generation total 393216K, used 183603K [0x00000007a8000000, 0x00000007c0000000, 0x00000007c0000000)
 Metaspace       used 39574K, capacity 40224K, committed 40764K, reserved 1085440K
  class space    used 4675K, capacity 4831K, committed 4924K, reserved 1048576K
}
2016-10-24T05:53:33.432+0800: 164.628: Total time for which application threads were stopped: 0.0152692 seconds, Stopping threads took: 0.0000285 seconds
{Heap before GC invocations=116 (full 5):
 par new generation   total 109248K, used 109248K [0x00000007a0000000, 0x00000007a8000000, 0x00000007a8000000)
  eden space 87424K, 100% used [0x00000007a0000000, 0x00000007a5560000, 0x00000007a5560000)
  from space 21824K, 100% used [0x00000007a5560000, 0x00000007a6ab0000, 0x00000007a6ab0000)
  to   space 21824K,   0% used [0x00000007a6ab0000, 0x00000007a6ab0000, 0x00000007a8000000)
 concurrent mark-sweep generation total 393216K, used 183603K [0x00000007a8000000, 0x00000007c0000000, 0x00000007c0000000)
 Metaspace       used 39574K, capacity 40224K, committed 40764K, reserved 1085440K
  class space    used 4675K, capacity 4831K, committed 4924K, reserved 1048576K
2016-10-24T05:53:33.523+0800: 164.718: [GC (Allocation Failure) 2016-10-24T05:53:33.523+0800: 164.718: [ParNew
Desired survivor size 20112992 bytes, new threshold 8 (max 8)
- age   1:     167072 bytes,     167072 total
- age   2:     106312 bytes,     273384 total
- age   3:      53208 bytes,     326592 total
- age   4:    1632680 bytes,    1959272 total
- age   5:    4631608 bytes,    6590880 total
- age   6:    3855720 bytes,   10446600 total
- age   7:    2805480 bytes,   13252080 total
- age   8:    2130728 bytes,   15382808 total
: 109248K->21824K(109248K), 0.0150013 secs] 292851K->208423K(502464K), 0.0150872 secs] [Times: user=0.06 sys=0.00, real=0.01 secs] 
Heap after GC invocations=117 (full 5):
 par new generation   total 109248K, used 21824K [0x00000007a0000000, 0x00000007a8000000, 0x00000007a8000000)
  eden space 87424K,   0% used [0x00000007a0000000, 0x00000007a0000000, 0x00000007a5560000)
  from space 21824K, 100% used [0x00000007a6ab0000, 0x00000007a8000000, 0x00000007a8000000)
  to   space 21824K,   0% used [0x00000007a5560000, 0x00000007a5560000, 0x00000007a6ab0000)
 concurrent mark-sweep generation total 393216K, used 186599K [0x00000007a8000000, 0x00000007c0000000, 0x00000007c0000000)
 Metaspace       used 39574K, capacity 40224K, committed 40764K, reserved 1085440K
  class space    used 4675K, capacity 4831K, committed 4924K, reserved 1048576K
}
2016-10-24T05:53:33.538+0800: 164.733: Total time for which application threads were stopped: 0.0152556 seconds, Stopping threads took: 0.0000280 seconds
{Heap before GC invocations=117 (full 5):
 par new generation   total 109248K, used 109248K [0x00000007a0000000, 0x00000007a8000000, 0x00000007a8000000)
  eden space 87424K, 100% used [0x00000007a0000000, 0x00000007a5560000, 0x00000007a5560000)
  from space 21824K, 100% used [0x00000007a6ab0000, 0x00000007a8000000, 0x00000007a8000000)
  to   space 21824K,   0% used [0x00000007a5560000, 0x00000007a5560000, 0x00000007a6ab0000)
 concurrent mark-sweep generation total 393216K, used 186599K [0x00000007a8000000, 0x00000007c0000000, 0x00000007c0000000)
 Metaspace       used 39574K, capacity 40224K, committed 40764K, reserved 1085440K
  class space    used 4675K, capacity 4831K, committed 4924K, reserved 1048576K
2016-10-24T05:53:33.693+0800: 164.888: [GC (Allocation Failure) 2016-10-24T05:53:33.693+0800: 164.888: [ParNew
Desired survivor size 20112992 bytes, new threshold 8 (max 8)
- age   1:     397648 bytes,     397648 total
- age   2:      82136 bytes,     479784 total
- age   3:     106312 bytes,     586096 total
- age   4:      53208 bytes,     639304 total
- age   5:    1632656 bytes,    2271960 total
- age   6:    4631608 bytes,    6903568 total
- age   7:    3855720 bytes,   10759288 total
- age   8:    2805480 bytes,   13564768 total
: 109248K->17823K(109248K), 0.0164487 secs] 295847K->206584K(502464K), 0.0164953 secs] [Times: user=0.06 sys=0.00, real=0.01 secs] 
Heap after GC invocations=118 (full 5):
 par new generation   total 109248K, used 17823K [0x00000007a0000000, 0x00000007a8000000, 0x00000007a8000000)
  eden space 87424K,   0% used [0x00000007a0000000, 0x00000007a0000000, 0x00000007a5560000)
  from space 21824K,  81% used [0x00000007a5560000, 0x00000007a66c7ec8, 0x00000007a6ab0000)
  to   space 21824K,   0% used [0x00000007a6ab0000, 0x00000007a6ab0000, 0x00000007a8000000)
 concurrent mark-sweep generation total 393216K, used 188760K [0x00000007a8000000, 0x00000007c0000000, 0x00000007c0000000)
 Metaspace       used 39574K, capacity 40224K, committed 40764K, reserved 1085440K
  class space    used 4675K, capacity 4831K, committed 4924K, reserved 1048576K
}
2016-10-24T05:53:33.709+0800: 164.905: Total time for which application threads were stopped: 0.0166493 seconds, Stopping threads took: 0.0000188 seconds
2016-10-24T05:53:33.742+0800: 164.938: Total time for which application threads were stopped: 0.0000784 seconds, Stopping threads took: 0.0000158 seconds
2016-10-24T05:53:33.742+0800: 164.938: Total time for which application threads were stopped: 0.0000321 seconds, Stopping threads took: 0.0000057 seconds
2016-10-24T05:53:33.742+0800: 164.938: Total time for which application threads were stopped: 0.0000400 seconds, Stopping threads took: 0.0000080 seconds
{Heap before GC invocations=118 (full 5):
 par new generation   total 109248K, used 105247K [0x00000007a0000000, 0x00000007a8000000, 0x00000007a8000000)
  eden space 87424K, 100% used [0x00000007a0000000, 0x00000007a5560000, 0x00000007a5560000)
  from space 21824K,  81% used [0x00000007a5560000, 0x00000007a66c7ec8, 0x00000007a6ab0000)
  to   space 21824K,   0% used [0x00000007a6ab0000, 0x00000007a6ab0000, 0x00000007a8000000)
 concurrent mark-sweep generation total 393216K, used 188760K [0x00000007a8000000, 0x00000007c0000000, 0x00000007c0000000)
 Metaspace       used 39575K, capacity 40224K, committed 40764K, reserved 1085440K
  class space    used 4675K, capacity 4831K, committed 4924K, reserved 1048576K
2016-10-24T05:53:33.912+0800: 165.108: [GC (Allocation Failure) 2016-10-24T05:53:33.912+0800: 165.108: [ParNew
Desired survivor size 20112992 bytes, new threshold 8 (max 8)
- age   1:    4431600 bytes,    4431600 total
- age   2:       4288 bytes,    4435888 total
- age   3:      82136 bytes,    4518024 total
- age   4:     106312 bytes,    4624336 total
- age   5:      53208 bytes,    4677544 total
- age   6:    1562688 bytes,    6240232 total
- age   7:    4469272 bytes,   10709504 total
- age   8:    3663864 bytes,   14373368 total
: 105247K->18784K(109248K), 0.0227050 secs] 294008K->210177K(502464K), 0.0227784 secs] [Times: user=0.09 sys=0.00, real=0.02 secs] 
Heap after GC invocations=119 (full 5):
 par new generation   total 109248K, used 18784K [0x00000007a0000000, 0x00000007a8000000, 0x00000007a8000000)
  eden space 87424K,   0% used [0x00000007a0000000, 0x00000007a0000000, 0x00000007a5560000)
  from space 21824K,  86% used [0x00000007a6ab0000, 0x00000007a7d08220, 0x00000007a8000000)
  to   space 21824K,   0% used [0x00000007a5560000, 0x00000007a5560000, 0x00000007a6ab0000)
 concurrent mark-sweep generation total 393216K, used 191392K [0x00000007a8000000, 0x00000007c0000000, 0x00000007c0000000)
 Metaspace       used 39575K, capacity 40224K, committed 40764K, reserved 1085440K
  class space    used 4675K, capacity 4831K, committed 4924K, reserved 1048576K
}
2016-10-24T05:53:33.935+0800: 165.130: Total time for which application threads were stopped: 0.0229475 seconds, Stopping threads took: 0.0000307 seconds
{Heap before GC invocations=119 (full 5):
 par new generation   total 109248K, used 106208K [0x00000007a0000000, 0x00000007a8000000, 0x00000007a8000000)
  eden space 87424K, 100% used [0x00000007a0000000, 0x00000007a5560000, 0x00000007a5560000)
  from space 21824K,  86% used [0x00000007a6ab0000, 0x00000007a7d08220, 0x00000007a8000000)
  to   space 21824K,   0% used [0x00000007a5560000, 0x00000007a5560000, 0x00000007a6ab0000)
 concurrent mark-sweep generation total 393216K, used 191392K [0x00000007a8000000, 0x00000007c0000000, 0x00000007c0000000)
 Metaspace       used 39575K, capacity 40224K, committed 40764K, reserved 1085440K
  class space    used 4675K, capacity 4831K, committed 4924K, reserved 1048576K
2016-10-24T05:53:34.194+0800: 165.390: [GC (Allocation Failure) 2016-10-24T05:53:34.195+0800: 165.390: [ParNew
Desired survivor size 20112992 bytes, new threshold 8 (max 8)
- age   1:    5939392 bytes,    5939392 total
- age   2:    3782024 bytes,    9721416 total
- age   3:       4288 bytes,    9725704 total
- age   4:      82136 bytes,    9807840 total
- age   5:     106312 bytes,    9914152 total
- age   6:      53208 bytes,    9967360 total
- age   7:    1562688 bytes,   11530048 total
- age   8:    4469272 bytes,   15999320 total
: 106208K->19640K(109248K), 0.0219770 secs] 297601K->214672K(502464K), 0.0220538 secs] [Times: user=0.09 sys=0.00, real=0.02 secs] 
Heap after GC invocations=120 (full 5):
 par new generation   total 109248K, used 19640K [0x00000007a0000000, 0x00000007a8000000, 0x00000007a8000000)
  eden space 87424K,   0% used [0x00000007a0000000, 0x00000007a0000000, 0x00000007a5560000)
  from space 21824K,  89% used [0x00000007a5560000, 0x00000007a688e360, 0x00000007a6ab0000)
  to   space 21824K,   0% used [0x00000007a6ab0000, 0x00000007a6ab0000, 0x00000007a8000000)
 concurrent mark-sweep generation total 393216K, used 195032K [0x00000007a8000000, 0x00000007c0000000, 0x00000007c0000000)
 Metaspace       used 39575K, capacity 40224K, committed 40764K, reserved 1085440K
  class space    used 4675K, capacity 4831K, committed 4924K, reserved 1048576K
}
2016-10-24T05:53:34.217+0800: 165.412: Total time for which application threads were stopped: 0.0222507 seconds, Stopping threads took: 0.0000236 seconds
{Heap before GC invocations=120 (full 5):
 par new generation   total 109248K, used 107064K [0x00000007a0000000, 0x00000007a8000000, 0x00000007a8000000)
  eden space 87424K, 100% used [0x00000007a0000000, 0x00000007a5560000, 0x00000007a5560000)
  from space 21824K,  89% used [0x00000007a5560000, 0x00000007a688e360, 0x00000007a6ab0000)
  to   space 21824K,   0% used [0x00000007a6ab0000, 0x00000007a6ab0000, 0x00000007a8000000)
 concurrent mark-sweep generation total 393216K, used 195032K [0x00000007a8000000, 0x00000007c0000000, 0x00000007c0000000)
 Metaspace       used 39575K, capacity 40224K, committed 40764K, reserved 1085440K
  class space    used 4675K, capacity 4831K, committed 4924K, reserved 1048576K
2016-10-24T05:53:34.479+0800: 165.674: [GC (Allocation Failure) 2016-10-24T05:53:34.479+0800: 165.674: [ParNew
Desired survivor size 20112992 bytes, new threshold 8 (max 8)
- age   1:    7046368 bytes,    7046368 total
- age   2:    4535696 bytes,   11582064 total
- age   3:    3779056 bytes,   15361120 total
- age   4:       4288 bytes,   15365408 total
- age   5:      82136 bytes,   15447544 total
- age   6:     106312 bytes,   15553856 total
- age   7:      53208 bytes,   15607064 total
- age   8:    1562688 bytes,   17169752 total
: 107064K->21824K(109248K), 0.0211842 secs] 302096K->221274K(502464K), 0.0212588 secs] [Times: user=0.08 sys=0.00, real=0.03 secs] 
Heap after GC invocations=121 (full 5):
 par new generation   total 109248K, used 21824K [0x00000007a0000000, 0x00000007a8000000, 0x00000007a8000000)
  eden space 87424K,   0% used [0x00000007a0000000, 0x00000007a0000000, 0x00000007a5560000)
  from space 21824K, 100% used [0x00000007a6ab0000, 0x00000007a8000000, 0x00000007a8000000)
  to   space 21824K,   0% used [0x00000007a5560000, 0x00000007a5560000, 0x00000007a6ab0000)
 concurrent mark-sweep generation total 393216K, used 199450K [0x00000007a8000000, 0x00000007c0000000, 0x00000007c0000000)
 Metaspace       used 39575K, capacity 40224K, committed 40764K, reserved 1085440K
  class space    used 4675K, capacity 4831K, committed 4924K, reserved 1048576K
}
2016-10-24T05:53:34.500+0800: 165.696: Total time for which application threads were stopped: 0.0214159 seconds, Stopping threads took: 0.0000174 seconds
2016-10-24T05:53:34.500+0800: 165.696: [GC (CMS Initial Mark) [1 CMS-initial-mark: 199450K(393216K)] 223020K(502464K), 0.0030840 secs] [Times: user=0.01 sys=0.00, real=0.00 secs] 
2016-10-24T05:53:34.504+0800: 165.699: Total time for which application threads were stopped: 0.0032233 seconds, Stopping threads took: 0.0000555 seconds
2016-10-24T05:53:34.504+0800: 165.699: [CMS-concurrent-mark-start]
2016-10-24T05:53:34.546+0800: 165.741: [CMS-concurrent-mark: 0.042/0.042 secs] [Times: user=0.20 sys=0.00, real=0.04 secs] 
2016-10-24T05:53:34.546+0800: 165.741: [CMS-concurrent-preclean-start]
2016-10-24T05:53:34.549+0800: 165.744: [CMS-concurrent-preclean: 0.003/0.003 secs] [Times: user=0.01 sys=0.00, real=0.00 secs] 
2016-10-24T05:53:34.549+0800: 165.744: [CMS-concurrent-abortable-preclean-start]
{Heap before GC invocations=121 (full 6):
 par new generation   total 109248K, used 109248K [0x00000007a0000000, 0x00000007a8000000, 0x00000007a8000000)
  eden space 87424K, 100% used [0x00000007a0000000, 0x00000007a5560000, 0x00000007a5560000)
  from space 21824K, 100% used [0x00000007a6ab0000, 0x00000007a8000000, 0x00000007a8000000)
  to   space 21824K,   0% used [0x00000007a5560000, 0x00000007a5560000, 0x00000007a6ab0000)
 concurrent mark-sweep generation total 393216K, used 199450K [0x00000007a8000000, 0x00000007c0000000, 0x00000007c0000000)
 Metaspace       used 39575K, capacity 40224K, committed 40764K, reserved 1085440K
  class space    used 4675K, capacity 4831K, committed 4924K, reserved 1048576K
2016-10-24T05:53:34.767+0800: 165.962: [GC (Allocation Failure) 2016-10-24T05:53:34.767+0800: 165.962: [ParNew
Desired survivor size 20112992 bytes, new threshold 8 (max 8)
- age   1:    6206216 bytes,    6206216 total
- age   2:    4909080 bytes,   11115296 total
- age   3:    4484080 bytes,   15599376 total
- age   4:    3748032 bytes,   19347408 total
- age   5:       4288 bytes,   19351696 total
- age   6:      82136 bytes,   19433832 total
- age   7:     106312 bytes,   19540144 total
- age   8:      53208 bytes,   19593352 total
: 109248K->21824K(109248K), 0.0160361 secs] 308698K->224516K(502464K), 0.0161156 secs] [Times: user=0.06 sys=0.00, real=0.02 secs] 
Heap after GC invocations=122 (full 6):
 par new generation   total 109248K, used 21824K [0x00000007a0000000, 0x00000007a8000000, 0x00000007a8000000)
  eden space 87424K,   0% used [0x00000007a0000000, 0x00000007a0000000, 0x00000007a5560000)
  from space 21824K, 100% used [0x00000007a5560000, 0x00000007a6ab0000, 0x00000007a6ab0000)
  to   space 21824K,   0% used [0x00000007a6ab0000, 0x00000007a6ab0000, 0x00000007a8000000)
 concurrent mark-sweep generation total 393216K, used 202692K [0x00000007a8000000, 0x00000007c0000000, 0x00000007c0000000)
 Metaspace       used 39575K, capacity 40224K, committed 40764K, reserved 1085440K
  class space    used 4675K, capacity 4831K, committed 4924K, reserved 1048576K
}
2016-10-24T05:53:34.783+0800: 165.978: Total time for which application threads were stopped: 0.0162737 seconds, Stopping threads took: 0.0000285 seconds
2016-10-24T05:53:34.995+0800: 166.191: [CMS-concurrent-abortable-preclean: 0.427/0.447 secs] [Times: user=0.92 sys=0.01, real=0.45 secs] 
2016-10-24T05:53:34.996+0800: 166.191: [GC (CMS Final Remark) [YG occupancy: 98209 K (109248 K)]{Heap before GC invocations=122 (full 6):
 par new generation   total 109248K, used 98209K [0x00000007a0000000, 0x00000007a8000000, 0x00000007a8000000)
  eden space 87424K,  87% used [0x00000007a0000000, 0x00000007a4a985a8, 0x00000007a5560000)
  from space 21824K, 100% used [0x00000007a5560000, 0x00000007a6ab0000, 0x00000007a6ab0000)
  to   space 21824K,   0% used [0x00000007a6ab0000, 0x00000007a6ab0000, 0x00000007a8000000)
 concurrent mark-sweep generation total 393216K, used 202692K [0x00000007a8000000, 0x00000007c0000000, 0x00000007c0000000)
 Metaspace       used 39575K, capacity 40224K, committed 40764K, reserved 1085440K
  class space    used 4675K, capacity 4831K, committed 4924K, reserved 1048576K
2016-10-24T05:53:34.996+0800: 166.191: [GC (CMS Final Remark) 2016-10-24T05:53:34.996+0800: 166.191: [ParNew
Desired survivor size 20112992 bytes, new threshold 8 (max 8)
- age   1:    3931376 bytes,    3931376 total
- age   2:    4064216 bytes,    7995592 total
- age   3:    4607624 bytes,   12603216 total
- age   4:    3754560 bytes,   16357776 total
- age   5:    3090840 bytes,   19448616 total
- age   6:       4288 bytes,   19452904 total
- age   7:      82136 bytes,   19535040 total
- age   8:     106312 bytes,   19641352 total
: 98209K->21824K(109248K), 0.0169045 secs] 300901K->229669K(502464K), 0.0169612 secs] [Times: user=0.06 sys=0.00, real=0.02 secs] 
Heap after GC invocations=123 (full 6):
 par new generation   total 109248K, used 21824K [0x00000007a0000000, 0x00000007a8000000, 0x00000007a8000000)
  eden space 87424K,   0% used [0x00000007a0000000, 0x00000007a0000000, 0x00000007a5560000)
  from space 21824K, 100% used [0x00000007a6ab0000, 0x00000007a8000000, 0x00000007a8000000)
  to   space 21824K,   0% used [0x00000007a5560000, 0x00000007a5560000, 0x00000007a6ab0000)
 concurrent mark-sweep generation total 393216K, used 207845K [0x00000007a8000000, 0x00000007c0000000, 0x00000007c0000000)
 Metaspace       used 39575K, capacity 40224K, committed 40764K, reserved 1085440K
  class space    used 4675K, capacity 4831K, committed 4924K, reserved 1048576K
}
2016-10-24T05:53:35.013+0800: 166.208: [Rescan (parallel) , 0.0065477 secs]2016-10-24T05:53:35.019+0800: 166.215: [weak refs processing, 0.0009401 secs]2016-10-24T05:53:35.020+0800: 166.216: [class unloading, 0.0087320 secs]2016-10-24T05:53:35.029+0800: 166.224: [scrub symbol table, 0.0056329 secs]2016-10-24T05:53:35.035+0800: 166.230: [scrub string table, 0.0005797 secs][1 CMS-remark: 207845K(393216K)] 229669K(502464K), 0.0396661 secs] [Times: user=0.10 sys=0.00, real=0.04 secs] 
2016-10-24T05:53:35.035+0800: 166.231: Total time for which application threads were stopped: 0.0398735 seconds, Stopping threads took: 0.0000957 seconds
2016-10-24T05:53:35.035+0800: 166.231: [CMS-concurrent-sweep-start]
2016-10-24T05:53:35.102+0800: 166.298: [CMS-concurrent-sweep: 0.067/0.067 secs] [Times: user=0.13 sys=0.00, real=0.07 secs] 
2016-10-24T05:53:35.102+0800: 166.298: [CMS-concurrent-reset-start]
2016-10-24T05:53:35.103+0800: 166.298: [CMS-concurrent-reset: 0.000/0.000 secs] [Times: user=0.00 sys=0.00, real=0.00 secs] 
{Heap before GC invocations=123 (full 6):
 par new generation   total 109248K, used 109248K [0x00000007a0000000, 0x00000007a8000000, 0x00000007a8000000)
  eden space 87424K, 100% used [0x00000007a0000000, 0x00000007a5560000, 0x00000007a5560000)
  from space 21824K, 100% used [0x00000007a6ab0000, 0x00000007a8000000, 0x00000007a8000000)
  to   space 21824K,   0% used [0x00000007a5560000, 0x00000007a5560000, 0x00000007a6ab0000)
 concurrent mark-sweep generation total 393216K, used 136419K [0x00000007a8000000, 0x00000007c0000000, 0x00000007c0000000)
 Metaspace       used 39575K, capacity 40224K, committed 40764K, reserved 1085440K
  class space    used 4675K, capacity 4831K, committed 4924K, reserved 1048576K
2016-10-24T05:53:35.284+0800: 166.480: [GC (Allocation Failure) 2016-10-24T05:53:35.284+0800: 166.480: [ParNew
Desired survivor size 20112992 bytes, new threshold 6 (max 8)
- age   1:    6167352 bytes,    6167352 total
- age   2:    2820136 bytes,    8987488 total
- age   3:    3344824 bytes,   12332312 total
- age   4:    3979480 bytes,   16311792 total
- age   5:    3166264 bytes,   19478056 total
- age   6:    2724800 bytes,   22202856 total
- age   7:       4288 bytes,   22207144 total
- age   8:      13808 bytes,   22220952 total
: 109248K->21824K(109248K), 0.0204321 secs] 245667K->162421K(502464K), 0.0205015 secs] [Times: user=0.08 sys=0.00, real=0.02 secs] 
Heap after GC invocations=124 (full 6):
 par new generation   total 109248K, used 21824K [0x00000007a0000000, 0x00000007a8000000, 0x00000007a8000000)
  eden space 87424K,   0% used [0x00000007a0000000, 0x00000007a0000000, 0x00000007a5560000)
  from space 21824K, 100% used [0x00000007a5560000, 0x00000007a6ab0000, 0x00000007a6ab0000)
  to   space 21824K,   0% used [0x00000007a6ab0000, 0x00000007a6ab0000, 0x00000007a8000000)
 concurrent mark-sweep generation total 393216K, used 140597K [0x00000007a8000000, 0x00000007c0000000, 0x00000007c0000000)
 Metaspace       used 39575K, capacity 40224K, committed 40764K, reserved 1085440K
  class space    used 4675K, capacity 4831K, committed 4924K, reserved 1048576K
}
2016-10-24T05:53:35.305+0800: 166.500: Total time for which application threads were stopped: 0.0206832 seconds, Stopping threads took: 0.0000289 seconds
{Heap before GC invocations=124 (full 6):
 par new generation   total 109248K, used 109248K [0x00000007a0000000, 0x00000007a8000000, 0x00000007a8000000)
  eden space 87424K, 100% used [0x00000007a0000000, 0x00000007a5560000, 0x00000007a5560000)
  from space 21824K, 100% used [0x00000007a5560000, 0x00000007a6ab0000, 0x00000007a6ab0000)
  to   space 21824K,   0% used [0x00000007a6ab0000, 0x00000007a6ab0000, 0x00000007a8000000)
 concurrent mark-sweep generation total 393216K, used 140597K [0x00000007a8000000, 0x00000007c0000000, 0x00000007c0000000)
 Metaspace       used 39575K, capacity 40224K, committed 40764K, reserved 1085440K
  class space    used 4675K, capacity 4831K, committed 4924K, reserved 1048576K
2016-10-24T05:53:35.559+0800: 166.754: [GC (Allocation Failure) 2016-10-24T05:53:35.559+0800: 166.754: [ParNew
Desired survivor size 20112992 bytes, new threshold 6 (max 8)
- age   1:    6384472 bytes,    6384472 total
- age   2:    4453392 bytes,   10837864 total
- age   3:    2273912 bytes,   13111776 total
- age   4:    2781080 bytes,   15892856 total
- age   5:    3408968 bytes,   19301824 total
- age   6:    2584464 bytes,   21886288 total
: 109248K->21824K(109248K), 0.0274135 secs] 249845K->170592K(502464K), 0.0274844 secs] [Times: user=0.10 sys=0.00, real=0.03 secs] 
Heap after GC invocations=125 (full 6):
 par new generation   total 109248K, used 21824K [0x00000007a0000000, 0x00000007a8000000, 0x00000007a8000000)
  eden space 87424K,   0% used [0x00000007a0000000, 0x00000007a0000000, 0x00000007a5560000)
  from space 21824K, 100% used [0x00000007a6ab0000, 0x00000007a8000000, 0x00000007a8000000)
  to   space 21824K,   0% used [0x00000007a5560000, 0x00000007a5560000, 0x00000007a6ab0000)
 concurrent mark-sweep generation total 393216K, used 148768K [0x00000007a8000000, 0x00000007c0000000, 0x00000007c0000000)
 Metaspace       used 39575K, capacity 40224K, committed 40764K, reserved 1085440K
  class space    used 4675K, capacity 4831K, committed 4924K, reserved 1048576K
}
2016-10-24T05:53:35.586+0800: 166.782: Total time for which application threads were stopped: 0.0276668 seconds, Stopping threads took: 0.0000288 seconds
{Heap before GC invocations=125 (full 6):
 par new generation   total 109248K, used 109248K [0x00000007a0000000, 0x00000007a8000000, 0x00000007a8000000)
  eden space 87424K, 100% used [0x00000007a0000000, 0x00000007a5560000, 0x00000007a5560000)
  from space 21824K, 100% used [0x00000007a6ab0000, 0x00000007a8000000, 0x00000007a8000000)
  to   space 21824K,   0% used [0x00000007a5560000, 0x00000007a5560000, 0x00000007a6ab0000)
 concurrent mark-sweep generation total 393216K, used 148768K [0x00000007a8000000, 0x00000007c0000000, 0x00000007c0000000)
 Metaspace       used 39575K, capacity 40224K, committed 40764K, reserved 1085440K
  class space    used 4675K, capacity 4831K, committed 4924K, reserved 1048576K
2016-10-24T05:53:35.836+0800: 167.031: [GC (Allocation Failure) 2016-10-24T05:53:35.836+0800: 167.031: [ParNew
Desired survivor size 20112992 bytes, new threshold 8 (max 8)
- age   1:    5446040 bytes,    5446040 total
- age   2:    2742840 bytes,    8188880 total
- age   3:    4099224 bytes,   12288104 total
- age   4:    1797144 bytes,   14085248 total
- age   5:    2454840 bytes,   16540088 total
- age   6:    3068952 bytes,   19609040 total
: 109248K->21824K(109248K), 0.0231131 secs] 258016K->181384K(502464K), 0.0231691 secs] [Times: user=0.08 sys=0.00, real=0.02 secs] 
Heap after GC invocations=126 (full 6):
 par new generation   total 109248K, used 21824K [0x00000007a0000000, 0x00000007a8000000, 0x00000007a8000000)
  eden space 87424K,   0% used [0x00000007a0000000, 0x00000007a0000000, 0x00000007a5560000)
  from space 21824K, 100% used [0x00000007a5560000, 0x00000007a6ab0000, 0x00000007a6ab0000)
  to   space 21824K,   0% used [0x00000007a6ab0000, 0x00000007a6ab0000, 0x00000007a8000000)
 concurrent mark-sweep generation total 393216K, used 159560K [0x00000007a8000000, 0x00000007c0000000, 0x00000007c0000000)
 Metaspace       used 39575K, capacity 40224K, committed 40764K, reserved 1085440K
  class space    used 4675K, capacity 4831K, committed 4924K, reserved 1048576K
}
2016-10-24T05:53:35.859+0800: 167.054: Total time for which application threads were stopped: 0.0233300 seconds, Stopping threads took: 0.0000286 seconds
{Heap before GC invocations=126 (full 6):
 par new generation   total 109248K, used 109248K [0x00000007a0000000, 0x00000007a8000000, 0x00000007a8000000)
  eden space 87424K, 100% used [0x00000007a0000000, 0x00000007a5560000, 0x00000007a5560000)
  from space 21824K, 100% used [0x00000007a5560000, 0x00000007a6ab0000, 0x00000007a6ab0000)
  to   space 21824K,   0% used [0x00000007a6ab0000, 0x00000007a6ab0000, 0x00000007a8000000)
 concurrent mark-sweep generation total 393216K, used 159560K [0x00000007a8000000, 0x00000007c0000000, 0x00000007c0000000)
 Metaspace       used 39575K, capacity 40224K, committed 40764K, reserved 1085440K
  class space    used 4675K, capacity 4831K, committed 4924K, reserved 1048576K
2016-10-24T05:53:36.097+0800: 167.293: [GC (Allocation Failure) 2016-10-24T05:53:36.097+0800: 167.293: [ParNew
Desired survivor size 20112992 bytes, new threshold 7 (max 8)
- age   1:    4864944 bytes,    4864944 total
- age   2:    4061088 bytes,    8926032 total
- age   3:    2414848 bytes,   11340880 total
- age   4:    3881088 bytes,   15221968 total
- age   5:    1654416 bytes,   16876384 total
- age   6:    2314928 bytes,   19191312 total
- age   7:    2928728 bytes,   22120040 total
: 109248K->21824K(109248K), 0.0208770 secs] 268808K->187871K(502464K), 0.0209737 secs] [Times: user=0.08 sys=0.00, real=0.02 secs] 
Heap after GC invocations=127 (full 6):
 par new generation   total 109248K, used 21824K [0x00000007a0000000, 0x00000007a8000000, 0x00000007a8000000)
  eden space 87424K,   0% used [0x00000007a0000000, 0x00000007a0000000, 0x00000007a5560000)
  from space 21824K, 100% used [0x00000007a6ab0000, 0x00000007a8000000, 0x00000007a8000000)
  to   space 21824K,   0% used [0x00000007a5560000, 0x00000007a5560000, 0x00000007a6ab0000)
 concurrent mark-sweep generation total 393216K, used 166047K [0x00000007a8000000, 0x00000007c0000000, 0x00000007c0000000)
 Metaspace       used 39575K, capacity 40224K, committed 40764K, reserved 1085440K
  class space    used 4675K, capacity 4831K, committed 4924K, reserved 1048576K
}
2016-10-24T05:53:36.118+0800: 167.314: Total time for which application threads were stopped: 0.0211583 seconds, Stopping threads took: 0.0000400 seconds
{Heap before GC invocations=127 (full 6):
 par new generation   total 109248K, used 109248K [0x00000007a0000000, 0x00000007a8000000, 0x00000007a8000000)
  eden space 87424K, 100% used [0x00000007a0000000, 0x00000007a5560000, 0x00000007a5560000)
  from space 21824K, 100% used [0x00000007a6ab0000, 0x00000007a8000000, 0x00000007a8000000)
  to   space 21824K,   0% used [0x00000007a5560000, 0x00000007a5560000, 0x00000007a6ab0000)
 concurrent mark-sweep generation total 393216K, used 166047K [0x00000007a8000000, 0x00000007c0000000, 0x00000007c0000000)
 Metaspace       used 39575K, capacity 40224K, committed 40764K, reserved 1085440K
  class space    used 4675K, capacity 4831K, committed 4924K, reserved 1048576K
2016-10-24T05:53:36.341+0800: 167.536: [GC (Allocation Failure) 2016-10-24T05:53:36.341+0800: 167.536: [ParNew
Desired survivor size 20112992 bytes, new threshold 7 (max 8)
- age   1:    4004312 bytes,    4004312 total
- age   2:    2940672 bytes,    6944984 total
- age   3:    3976048 bytes,   10921032 total
- age   4:    2362928 bytes,   13283960 total
- age   5:    3836784 bytes,   17120744 total
- age   6:    1627008 bytes,   18747752 total
- age   7:    2288928 bytes,   21036680 total
: 109248K->21824K(109248K), 0.0203411 secs] 275295K->197193K(502464K), 0.0204042 secs] [Times: user=0.08 sys=0.00, real=0.02 secs] 
Heap after GC invocations=128 (full 6):
 par new generation   total 109248K, used 21824K [0x00000007a0000000, 0x00000007a8000000, 0x00000007a8000000)
  eden space 87424K,   0% used [0x00000007a0000000, 0x00000007a0000000, 0x00000007a5560000)
  from space 21824K, 100% used [0x00000007a5560000, 0x00000007a6ab0000, 0x00000007a6ab0000)
  to   space 21824K,   0% used [0x00000007a6ab0000, 0x00000007a6ab0000, 0x00000007a8000000)
 concurrent mark-sweep generation total 393216K, used 175369K [0x00000007a8000000, 0x00000007c0000000, 0x00000007c0000000)
 Metaspace       used 39575K, capacity 40224K, committed 40764K, reserved 1085440K
  class space    used 4675K, capacity 4831K, committed 4924K, reserved 1048576K
}
2016-10-24T05:53:36.361+0800: 167.557: Total time for which application threads were stopped: 0.0205607 seconds, Stopping threads took: 0.0000271 seconds
{Heap before GC invocations=128 (full 6):
 par new generation   total 109248K, used 109248K [0x00000007a0000000, 0x00000007a8000000, 0x00000007a8000000)
  eden space 87424K, 100% used [0x00000007a0000000, 0x00000007a5560000, 0x00000007a5560000)
  from space 21824K, 100% used [0x00000007a5560000, 0x00000007a6ab0000, 0x00000007a6ab0000)
  to   space 21824K,   0% used [0x00000007a6ab0000, 0x00000007a6ab0000, 0x00000007a8000000)
 concurrent mark-sweep generation total 393216K, used 175369K [0x00000007a8000000, 0x00000007c0000000, 0x00000007c0000000)
 Metaspace       used 39575K, capacity 40224K, committed 40764K, reserved 1085440K
  class space    used 4675K, capacity 4831K, committed 4924K, reserved 1048576K
2016-10-24T05:53:36.590+0800: 167.785: [GC (Allocation Failure) 2016-10-24T05:53:36.590+0800: 167.786: [ParNew
Desired survivor size 20112992 bytes, new threshold 7 (max 8)
- age   1:    4736704 bytes,    4736704 total
- age   2:    2760616 bytes,    7497320 total
- age   3:    2713072 bytes,   10210392 total
- age   4:    3887408 bytes,   14097800 total
- age   5:    2299032 bytes,   16396832 total
- age   6:    3238992 bytes,   19635824 total
- age   7:    1588448 bytes,   21224272 total
: 109248K->21824K(109248K), 0.0226756 secs] 284617K->206693K(502464K), 0.0227539 secs] [Times: user=0.09 sys=0.00, real=0.02 secs] 
Heap after GC invocations=129 (full 6):
 par new generation   total 109248K, used 21824K [0x00000007a0000000, 0x00000007a8000000, 0x00000007a8000000)
  eden space 87424K,   0% used [0x00000007a0000000, 0x00000007a0000000, 0x00000007a5560000)
  from space 21824K, 100% used [0x00000007a6ab0000, 0x00000007a8000000, 0x00000007a8000000)
  to   space 21824K,   0% used [0x00000007a5560000, 0x00000007a5560000, 0x00000007a6ab0000)
 concurrent mark-sweep generation total 393216K, used 184869K [0x00000007a8000000, 0x00000007c0000000, 0x00000007c0000000)
 Metaspace       used 39575K, capacity 40224K, committed 40764K, reserved 1085440K
  class space    used 4675K, capacity 4831K, committed 4924K, reserved 1048576K
}
2016-10-24T05:53:36.613+0800: 167.808: Total time for which application threads were stopped: 0.0229170 seconds, Stopping threads took: 0.0000283 seconds
{Heap before GC invocations=129 (full 6):
 par new generation   total 109248K, used 109248K [0x00000007a0000000, 0x00000007a8000000, 0x00000007a8000000)
  eden space 87424K, 100% used [0x00000007a0000000, 0x00000007a5560000, 0x00000007a5560000)
  from space 21824K, 100% used [0x00000007a6ab0000, 0x00000007a8000000, 0x00000007a8000000)
  to   space 21824K,   0% used [0x00000007a5560000, 0x00000007a5560000, 0x00000007a6ab0000)
 concurrent mark-sweep generation total 393216K, used 184869K [0x00000007a8000000, 0x00000007c0000000, 0x00000007c0000000)
 Metaspace       used 39575K, capacity 40224K, committed 40764K, reserved 1085440K
  class space    used 4675K, capacity 4831K, committed 4924K, reserved 1048576K
2016-10-24T05:53:36.836+0800: 168.031: [GC (Allocation Failure) 2016-10-24T05:53:36.836+0800: 168.031: [ParNew
Desired survivor size 20112992 bytes, new threshold 7 (max 8)
- age   1:    3525080 bytes,    3525080 total
- age   2:    3862472 bytes,    7387552 total
- age   3:    2595824 bytes,    9983376 total
- age   4:    2565200 bytes,   12548576 total
- age   5:    3750240 bytes,   16298816 total
- age   6:    2266864 bytes,   18565680 total
- age   7:    3191912 bytes,   21757592 total
: 109248K->21824K(109248K), 0.0218682 secs] 294117K->216898K(502464K), 0.0219314 secs] [Times: user=0.08 sys=0.01, real=0.02 secs] 
Heap after GC invocations=130 (full 6):
 par new generation   total 109248K, used 21824K [0x00000007a0000000, 0x00000007a8000000, 0x00000007a8000000)
  eden space 87424K,   0% used [0x00000007a0000000, 0x00000007a0000000, 0x00000007a5560000)
  from space 21824K, 100% used [0x00000007a5560000, 0x00000007a6ab0000, 0x00000007a6ab0000)
  to   space 21824K,   0% used [0x00000007a6ab0000, 0x00000007a6ab0000, 0x00000007a8000000)
 concurrent mark-sweep generation total 393216K, used 195074K [0x00000007a8000000, 0x00000007c0000000, 0x00000007c0000000)
 Metaspace       used 39575K, capacity 40224K, committed 40764K, reserved 1085440K
  class space    used 4675K, capacity 4831K, committed 4924K, reserved 1048576K
}
2016-10-24T05:53:36.858+0800: 168.053: Total time for which application threads were stopped: 0.0220939 seconds, Stopping threads took: 0.0000223 seconds
{Heap before GC invocations=130 (full 6):
 par new generation   total 109248K, used 109248K [0x00000007a0000000, 0x00000007a8000000, 0x00000007a8000000)
  eden space 87424K, 100% used [0x00000007a0000000, 0x00000007a5560000, 0x00000007a5560000)
  from space 21824K, 100% used [0x00000007a5560000, 0x00000007a6ab0000, 0x00000007a6ab0000)
  to   space 21824K,   0% used [0x00000007a6ab0000, 0x00000007a6ab0000, 0x00000007a8000000)
 concurrent mark-sweep generation total 393216K, used 195074K [0x00000007a8000000, 0x00000007c0000000, 0x00000007c0000000)
 Metaspace       used 39575K, capacity 40224K, committed 40764K, reserved 1085440K
  class space    used 4675K, capacity 4831K, committed 4924K, reserved 1048576K
2016-10-24T05:53:37.094+0800: 168.289: [GC (Allocation Failure) 2016-10-24T05:53:37.094+0800: 168.289: [ParNew
Desired survivor size 20112992 bytes, new threshold 7 (max 8)
- age   1:    4614584 bytes,    4614584 total
- age   2:    2753848 bytes,    7368432 total
- age   3:    3690464 bytes,   11058896 total
- age   4:    2421360 bytes,   13480256 total
- age   5:    2333336 bytes,   15813592 total
- age   6:    3446848 bytes,   19260440 total
- age   7:    2141160 bytes,   21401600 total
: 109248K->21824K(109248K), 0.0243242 secs] 304322K->227289K(502464K), 0.0244012 secs] [Times: user=0.08 sys=0.00, real=0.02 secs] 
Heap after GC invocations=131 (full 6):
 par new generation   total 109248K, used 21824K [0x00000007a0000000, 0x00000007a8000000, 0x00000007a8000000)
  eden space 87424K,   0% used [0x00000007a0000000, 0x00000007a0000000, 0x00000007a5560000)
  from space 21824K, 100% used [0x00000007a6ab0000, 0x00000007a8000000, 0x00000007a8000000)
  to   space 21824K,   0% used [0x00000007a5560000, 0x00000007a5560000, 0x00000007a6ab0000)
 concurrent mark-sweep generation total 393216K, used 205465K [0x00000007a8000000, 0x00000007c0000000, 0x00000007c0000000)
 Metaspace       used 39575K, capacity 40224K, committed 40764K, reserved 1085440K
  class space    used 4675K, capacity 4831K, committed 4924K, reserved 1048576K
}
2016-10-24T05:53:37.118+0800: 168.313: Total time for which application threads were stopped: 0.0245713 seconds, Stopping threads took: 0.0000288 seconds
2016-10-24T05:53:37.118+0800: 168.314: [GC (CMS Initial Mark) [1 CMS-initial-mark: 205465K(393216K)] 229037K(502464K), 0.0042876 secs] [Times: user=0.01 sys=0.00, real=0.01 secs] 
2016-10-24T05:53:37.123+0800: 168.318: Total time for which application threads were stopped: 0.0045036 seconds, Stopping threads took: 0.0000954 seconds
2016-10-24T05:53:37.123+0800: 168.318: [CMS-concurrent-mark-start]
2016-10-24T05:53:37.185+0800: 168.380: [CMS-concurrent-mark: 0.062/0.062 secs] [Times: user=0.30 sys=0.00, real=0.06 secs] 
2016-10-24T05:53:37.185+0800: 168.380: [CMS-concurrent-preclean-start]
2016-10-24T05:53:37.191+0800: 168.387: [CMS-concurrent-preclean: 0.006/0.007 secs] [Times: user=0.01 sys=0.00, real=0.01 secs] 
2016-10-24T05:53:37.191+0800: 168.387: [CMS-concurrent-abortable-preclean-start]
{Heap before GC invocations=131 (full 7):
 par new generation   total 109248K, used 109109K [0x00000007a0000000, 0x00000007a8000000, 0x00000007a8000000)
  eden space 87424K,  99% used [0x00000007a0000000, 0x00000007a553d6d8, 0x00000007a5560000)
  from space 21824K, 100% used [0x00000007a6ab0000, 0x00000007a8000000, 0x00000007a8000000)
  to   space 21824K,   0% used [0x00000007a5560000, 0x00000007a5560000, 0x00000007a6ab0000)
 concurrent mark-sweep generation total 393216K, used 205465K [0x00000007a8000000, 0x00000007c0000000, 0x00000007c0000000)
 Metaspace       used 39575K, capacity 40224K, committed 40764K, reserved 1085440K
  class space    used 4675K, capacity 4831K, committed 4924K, reserved 1048576K
2016-10-24T05:53:37.395+0800: 168.590: [GC (Allocation Failure) 2016-10-24T05:53:37.395+0800: 168.590: [ParNew
Desired survivor size 20112992 bytes, new threshold 7 (max 8)
- age   1:    5107248 bytes,    5107248 total
- age   2:    3601968 bytes,    8709216 total
- age   3:    2739008 bytes,   11448224 total
- age   4:    3679776 bytes,   15128000 total
- age   5:    2411032 bytes,   17539032 total
- age   6:    2322376 bytes,   19861408 total
- age   7:    2389544 bytes,   22250952 total
: 109109K->21824K(109248K), 0.0253554 secs] 314575K->235387K(502464K), 0.0254184 secs] [Times: user=0.09 sys=0.00, real=0.03 secs] 
Heap after GC invocations=132 (full 7):
 par new generation   total 109248K, used 21824K [0x00000007a0000000, 0x00000007a8000000, 0x00000007a8000000)
  eden space 87424K,   0% used [0x00000007a0000000, 0x00000007a0000000, 0x00000007a5560000)
  from space 21824K, 100% used [0x00000007a5560000, 0x00000007a6ab0000, 0x00000007a6ab0000)
  to   space 21824K,   0% used [0x00000007a6ab0000, 0x00000007a6ab0000, 0x00000007a8000000)
 concurrent mark-sweep generation total 393216K, used 213563K [0x00000007a8000000, 0x00000007c0000000, 0x00000007c0000000)
 Metaspace       used 39575K, capacity 40224K, committed 40764K, reserved 1085440K
  class space    used 4675K, capacity 4831K, committed 4924K, reserved 1048576K
}
2016-10-24T05:53:37.420+0800: 168.616: Total time for which application threads were stopped: 0.0256055 seconds, Stopping threads took: 0.0000303 seconds
2016-10-24T05:53:37.577+0800: 168.773: [CMS-concurrent-abortable-preclean: 0.356/0.386 secs] [Times: user=0.81 sys=0.01, real=0.38 secs] 
2016-10-24T05:53:37.577+0800: 168.773: [GC (CMS Final Remark) [YG occupancy: 84564 K (109248 K)]{Heap before GC invocations=132 (full 7):
 par new generation   total 109248K, used 84564K [0x00000007a0000000, 0x00000007a8000000, 0x00000007a8000000)
  eden space 87424K,  71% used [0x00000007a0000000, 0x00000007a3d453b8, 0x00000007a5560000)
  from space 21824K, 100% used [0x00000007a5560000, 0x00000007a6ab0000, 0x00000007a6ab0000)
  to   space 21824K,   0% used [0x00000007a6ab0000, 0x00000007a6ab0000, 0x00000007a8000000)
 concurrent mark-sweep generation total 393216K, used 213563K [0x00000007a8000000, 0x00000007c0000000, 0x00000007c0000000)
 Metaspace       used 39575K, capacity 40224K, committed 40764K, reserved 1085440K
  class space    used 4675K, capacity 4831K, committed 4924K, reserved 1048576K
2016-10-24T05:53:37.577+0800: 168.773: [GC (CMS Final Remark) 2016-10-24T05:53:37.577+0800: 168.773: [ParNew
Desired survivor size 20112992 bytes, new threshold 7 (max 8)
- age   1:    2742944 bytes,    2742944 total
- age   2:    4633232 bytes,    7376176 total
- age   3:    2988744 bytes,   10364920 total
- age   4:    2421480 bytes,   12786400 total
- age   5:    3675640 bytes,   16462040 total
- age   6:    2350928 bytes,   18812968 total
- age   7:    2155552 bytes,   20968520 total
: 84564K->21824K(109248K), 0.0252800 secs] 298127K->248395K(502464K), 0.0255019 secs] [Times: user=0.09 sys=0.01, real=0.03 secs] 
Heap after GC invocations=133 (full 7):
 par new generation   total 109248K, used 21824K [0x00000007a0000000, 0x00000007a8000000, 0x00000007a8000000)
  eden space 87424K,   0% used [0x00000007a0000000, 0x00000007a0000000, 0x00000007a5560000)
  from space 21824K, 100% used [0x00000007a6ab0000, 0x00000007a8000000, 0x00000007a8000000)
  to   space 21824K,   0% used [0x00000007a5560000, 0x00000007a5560000, 0x00000007a6ab0000)
 concurrent mark-sweep generation total 393216K, used 226571K [0x00000007a8000000, 0x00000007c0000000, 0x00000007c0000000)
 Metaspace       used 39575K, capacity 40224K, committed 40764K, reserved 1085440K
  class space    used 4675K, capacity 4831K, committed 4924K, reserved 1048576K
}
2016-10-24T05:53:37.603+0800: 168.798: [Rescan (parallel) , 0.0112141 secs]2016-10-24T05:53:37.614+0800: 168.810: [weak refs processing, 0.0010014 secs]2016-10-24T05:53:37.615+0800: 168.811: [class unloading, 0.0068223 secs]2016-10-24T05:53:37.622+0800: 168.817: [scrub symbol table, 0.0049867 secs]2016-10-24T05:53:37.627+0800: 168.822: [scrub string table, 0.0005839 secs][1 CMS-remark: 226571K(393216K)] 248395K(502464K), 0.0503994 secs] [Times: user=0.16 sys=0.01, real=0.05 secs] 
2016-10-24T05:53:37.628+0800: 168.823: Total time for which application threads were stopped: 0.0505240 seconds, Stopping threads took: 0.0000186 seconds
2016-10-24T05:53:37.628+0800: 168.823: [CMS-concurrent-sweep-start]
2016-10-24T05:53:37.676+0800: 168.872: [CMS-concurrent-sweep: 0.049/0.049 secs] [Times: user=0.09 sys=0.00, real=0.05 secs] 
2016-10-24T05:53:37.676+0800: 168.872: [CMS-concurrent-reset-start]
2016-10-24T05:53:37.677+0800: 168.872: [CMS-concurrent-reset: 0.000/0.000 secs] [Times: user=0.00 sys=0.00, real=0.00 secs] 
{Heap before GC invocations=133 (full 7):
 par new generation   total 109248K, used 108890K [0x00000007a0000000, 0x00000007a8000000, 0x00000007a8000000)
  eden space 87424K,  99% used [0x00000007a0000000, 0x00000007a5506980, 0x00000007a5560000)
  from space 21824K, 100% used [0x00000007a6ab0000, 0x00000007a8000000, 0x00000007a8000000)
  to   space 21824K,   0% used [0x00000007a5560000, 0x00000007a5560000, 0x00000007a6ab0000)
 concurrent mark-sweep generation total 393216K, used 161053K [0x00000007a8000000, 0x00000007c0000000, 0x00000007c0000000)
 Metaspace       used 39575K, capacity 40224K, committed 40764K, reserved 1085440K
  class space    used 4675K, capacity 4831K, committed 4924K, reserved 1048576K
2016-10-24T05:53:37.856+0800: 169.052: [GC (Allocation Failure) 2016-10-24T05:53:37.856+0800: 169.052: [ParNew
Desired survivor size 20112992 bytes, new threshold 6 (max 8)
- age   1:    4611392 bytes,    4611392 total
- age   2:    2476832 bytes,    7088224 total
- age   3:    4583568 bytes,   11671792 total
- age   4:    2944040 bytes,   14615832 total
- age   5:    2377640 bytes,   16993472 total
- age   6:    3424512 bytes,   20417984 total
- age   7:    1929680 bytes,   22347664 total
: 108890K->21824K(109248K), 0.0223955 secs] 269944K->190478K(502464K), 0.0224705 secs] [Times: user=0.08 sys=0.00, real=0.02 secs] 
Heap after GC invocations=134 (full 7):
 par new generation   total 109248K, used 21824K [0x00000007a0000000, 0x00000007a8000000, 0x00000007a8000000)
  eden space 87424K,   0% used [0x00000007a0000000, 0x00000007a0000000, 0x00000007a5560000)
  from space 21824K, 100% used [0x00000007a5560000, 0x00000007a6ab0000, 0x00000007a6ab0000)
  to   space 21824K,   0% used [0x00000007a6ab0000, 0x00000007a6ab0000, 0x00000007a8000000)
 concurrent mark-sweep generation total 393216K, used 168654K [0x00000007a8000000, 0x00000007c0000000, 0x00000007c0000000)
 Metaspace       used 39575K, capacity 40224K, committed 40764K, reserved 1085440K
  class space    used 4675K, capacity 4831K, committed 4924K, reserved 1048576K
}
2016-10-24T05:53:37.879+0800: 169.074: Total time for which application threads were stopped: 0.0226565 seconds, Stopping threads took: 0.0000452 seconds
{Heap before GC invocations=134 (full 7):
 par new generation   total 109248K, used 109248K [0x00000007a0000000, 0x00000007a8000000, 0x00000007a8000000)
  eden space 87424K, 100% used [0x00000007a0000000, 0x00000007a5560000, 0x00000007a5560000)
  from space 21824K, 100% used [0x00000007a5560000, 0x00000007a6ab0000, 0x00000007a6ab0000)
  to   space 21824K,   0% used [0x00000007a6ab0000, 0x00000007a6ab0000, 0x00000007a8000000)
 concurrent mark-sweep generation total 393216K, used 168654K [0x00000007a8000000, 0x00000007c0000000, 0x00000007c0000000)
 Metaspace       used 39577K, capacity 40228K, committed 40764K, reserved 1085440K
  class space    used 4675K, capacity 4831K, committed 4924K, reserved 1048576K
2016-10-24T05:53:38.100+0800: 169.296: [GC (Allocation Failure) 2016-10-24T05:53:38.100+0800: 169.296: [ParNew
Desired survivor size 20112992 bytes, new threshold 6 (max 8)
- age   1:    6468256 bytes,    6468256 total
- age   2:    3676096 bytes,   10144352 total
- age   3:    1863776 bytes,   12008128 total
- age   4:    4569992 bytes,   16578120 total
- age   5:    2930488 bytes,   19508608 total
- age   6:    2363888 bytes,   21872496 total
: 109248K->21824K(109248K), 0.0240949 secs] 277902K->199828K(502464K), 0.0241670 secs] [Times: user=0.09 sys=0.00, real=0.02 secs] 
Heap after GC invocations=135 (full 7):
 par new generation   total 109248K, used 21824K [0x00000007a0000000, 0x00000007a8000000, 0x00000007a8000000)
  eden space 87424K,   0% used [0x00000007a0000000, 0x00000007a0000000, 0x00000007a5560000)
  from space 21824K, 100% used [0x00000007a6ab0000, 0x00000007a8000000, 0x00000007a8000000)
  to   space 21824K,   0% used [0x00000007a5560000, 0x00000007a5560000, 0x00000007a6ab0000)
 concurrent mark-sweep generation total 393216K, used 178004K [0x00000007a8000000, 0x00000007c0000000, 0x00000007c0000000)
 Metaspace       used 39577K, capacity 40228K, committed 40764K, reserved 1085440K
  class space    used 4675K, capacity 4831K, committed 4924K, reserved 1048576K
}
2016-10-24T05:53:38.125+0800: 169.320: Total time for which application threads were stopped: 0.0243312 seconds, Stopping threads took: 0.0000327 seconds
2016-10-24T05:53:38.328+0800: 169.524: Total time for which application threads were stopped: 0.0002231 seconds, Stopping threads took: 0.0001218 seconds
{Heap before GC invocations=135 (full 7):
 par new generation   total 109248K, used 109248K [0x00000007a0000000, 0x00000007a8000000, 0x00000007a8000000)
  eden space 87424K, 100% used [0x00000007a0000000, 0x00000007a5560000, 0x00000007a5560000)
  from space 21824K, 100% used [0x00000007a6ab0000, 0x00000007a8000000, 0x00000007a8000000)
  to   space 21824K,   0% used [0x00000007a5560000, 0x00000007a5560000, 0x00000007a6ab0000)
 concurrent mark-sweep generation total 393216K, used 178004K [0x00000007a8000000, 0x00000007c0000000, 0x00000007c0000000)
 Metaspace       used 39577K, capacity 40228K, committed 40764K, reserved 1085440K
  class space    used 4675K, capacity 4831K, committed 4924K, reserved 1048576K
2016-10-24T05:53:38.342+0800: 169.537: [GC (Allocation Failure) 2016-10-24T05:53:38.342+0800: 169.537: [ParNew
Desired survivor size 20112992 bytes, new threshold 6 (max 8)
- age   1:    4312080 bytes,    4312080 total
- age   2:    5158984 bytes,    9471064 total
- age   3:    3406864 bytes,   12877928 total
- age   4:    1693496 bytes,   14571424 total
- age   5:    4199056 bytes,   18770480 total
- age   6:    2774728 bytes,   21545208 total
: 109248K->21824K(109248K), 0.0235095 secs] 287252K->204483K(502464K), 0.0235748 secs] [Times: user=0.08 sys=0.00, real=0.02 secs] 
Heap after GC invocations=136 (full 7):
 par new generation   total 109248K, used 21824K [0x00000007a0000000, 0x00000007a8000000, 0x00000007a8000000)
  eden space 87424K,   0% used [0x00000007a0000000, 0x00000007a0000000, 0x00000007a5560000)
  from space 21824K, 100% used [0x00000007a5560000, 0x00000007a6ab0000, 0x00000007a6ab0000)
  to   space 21824K,   0% used [0x00000007a6ab0000, 0x00000007a6ab0000, 0x00000007a8000000)
 concurrent mark-sweep generation total 393216K, used 182659K [0x00000007a8000000, 0x00000007c0000000, 0x00000007c0000000)
 Metaspace       used 39577K, capacity 40228K, committed 40764K, reserved 1085440K
  class space    used 4675K, capacity 4831K, committed 4924K, reserved 1048576K
}
2016-10-24T05:53:38.365+0800: 169.561: Total time for which application threads were stopped: 0.0237503 seconds, Stopping threads took: 0.0000461 seconds
2016-10-24T05:53:38.414+0800: 169.609: Total time for which application threads were stopped: 0.0002021 seconds, Stopping threads took: 0.0000543 seconds
2016-10-24T05:53:38.414+0800: 169.610: Total time for which application threads were stopped: 0.0001889 seconds, Stopping threads took: 0.0001119 seconds
{Heap before GC invocations=136 (full 7):
 par new generation   total 109248K, used 109248K [0x00000007a0000000, 0x00000007a8000000, 0x00000007a8000000)
  eden space 87424K, 100% used [0x00000007a0000000, 0x00000007a5560000, 0x00000007a5560000)
  from space 21824K, 100% used [0x00000007a5560000, 0x00000007a6ab0000, 0x00000007a6ab0000)
  to   space 21824K,   0% used [0x00000007a6ab0000, 0x00000007a6ab0000, 0x00000007a8000000)
 concurrent mark-sweep generation total 393216K, used 182659K [0x00000007a8000000, 0x00000007c0000000, 0x00000007c0000000)
 Metaspace       used 39578K, capacity 40228K, committed 40764K, reserved 1085440K
  class space    used 4675K, capacity 4831K, committed 4924K, reserved 1048576K
2016-10-24T05:53:38.609+0800: 169.804: [GC (Allocation Failure) 2016-10-24T05:53:38.609+0800: 169.804: [ParNew
Desired survivor size 20112992 bytes, new threshold 6 (max 8)
- age   1:    4577800 bytes,    4577800 total
- age   2:    3293456 bytes,    7871256 total
- age   3:    4927568 bytes,   12798824 total
- age   4:    3355712 bytes,   16154536 total
- age   5:    1662712 bytes,   17817248 total
- age   6:    4168288 bytes,   21985536 total
: 109248K->21824K(109248K), 0.0547965 secs] 291907K->208908K(502464K), 0.0548697 secs] [Times: user=0.13 sys=0.00, real=0.06 secs] 
Heap after GC invocations=137 (full 7):
 par new generation   total 109248K, used 21824K [0x00000007a0000000, 0x00000007a8000000, 0x00000007a8000000)
  eden space 87424K,   0% used [0x00000007a0000000, 0x00000007a0000000, 0x00000007a5560000)
  from space 21824K, 100% used [0x00000007a6ab0000, 0x00000007a8000000, 0x00000007a8000000)
  to   space 21824K,   0% used [0x00000007a5560000, 0x00000007a5560000, 0x00000007a6ab0000)
 concurrent mark-sweep generation total 393216K, used 187084K [0x00000007a8000000, 0x00000007c0000000, 0x00000007c0000000)
 Metaspace       used 39578K, capacity 40228K, committed 40764K, reserved 1085440K
  class space    used 4675K, capacity 4831K, committed 4924K, reserved 1048576K
}
2016-10-24T05:53:38.664+0800: 169.859: Total time for which application threads were stopped: 0.0551403 seconds, Stopping threads took: 0.0000889 seconds
{Heap before GC invocations=137 (full 7):
 par new generation   total 109248K, used 109248K [0x00000007a0000000, 0x00000007a8000000, 0x00000007a8000000)
  eden space 87424K, 100% used [0x00000007a0000000, 0x00000007a5560000, 0x00000007a5560000)
  from space 21824K, 100% used [0x00000007a6ab0000, 0x00000007a8000000, 0x00000007a8000000)
  to   space 21824K,   0% used [0x00000007a5560000, 0x00000007a5560000, 0x00000007a6ab0000)
 concurrent mark-sweep generation total 393216K, used 187084K [0x00000007a8000000, 0x00000007c0000000, 0x00000007c0000000)
 Metaspace       used 39578K, capacity 40228K, committed 40764K, reserved 1085440K
  class space    used 4675K, capacity 4831K, committed 4924K, reserved 1048576K
2016-10-24T05:53:38.921+0800: 170.116: [GC (Allocation Failure) 2016-10-24T05:53:38.921+0800: 170.116: [ParNew
Desired survivor size 20112992 bytes, new threshold 6 (max 8)
- age   1:    6803512 bytes,    6803512 total
- age   2:    2736240 bytes,    9539752 total
- age   3:    2945632 bytes,   12485384 total
- age   4:    3915048 bytes,   16400432 total
- age   5:    2734712 bytes,   19135144 total
- age   6:    1209000 bytes,   20344144 total
: 109248K->21824K(109248K), 0.0202077 secs] 296332K->216452K(502464K), 0.0202609 secs] [Times: user=0.07 sys=0.00, real=0.02 secs] 
Heap after GC invocations=138 (full 7):
 par new generation   total 109248K, used 21824K [0x00000007a0000000, 0x00000007a8000000, 0x00000007a8000000)
  eden space 87424K,   0% used [0x00000007a0000000, 0x00000007a0000000, 0x00000007a5560000)
  from space 21824K, 100% used [0x00000007a5560000, 0x00000007a6ab0000, 0x00000007a6ab0000)
  to   space 21824K,   0% used [0x00000007a6ab0000, 0x00000007a6ab0000, 0x00000007a8000000)
 concurrent mark-sweep generation total 393216K, used 194628K [0x00000007a8000000, 0x00000007c0000000, 0x00000007c0000000)
 Metaspace       used 39578K, capacity 40228K, committed 40764K, reserved 1085440K
  class space    used 4675K, capacity 4831K, committed 4924K, reserved 1048576K
}
2016-10-24T05:53:38.941+0800: 170.137: Total time for which application threads were stopped: 0.0205197 seconds, Stopping threads took: 0.0000902 seconds
{Heap before GC invocations=138 (full 7):
 par new generation   total 109248K, used 109248K [0x00000007a0000000, 0x00000007a8000000, 0x00000007a8000000)
  eden space 87424K, 100% used [0x00000007a0000000, 0x00000007a5560000, 0x00000007a5560000)
  from space 21824K, 100% used [0x00000007a5560000, 0x00000007a6ab0000, 0x00000007a6ab0000)
  to   space 21824K,   0% used [0x00000007a6ab0000, 0x00000007a6ab0000, 0x00000007a8000000)
 concurrent mark-sweep generation total 393216K, used 194628K [0x00000007a8000000, 0x00000007c0000000, 0x00000007c0000000)
 Metaspace       used 39578K, capacity 40228K, committed 40764K, reserved 1085440K
  class space    used 4675K, capacity 4831K, committed 4924K, reserved 1048576K
2016-10-24T05:53:38.984+0800: 170.179: [GC (Allocation Failure) 2016-10-24T05:53:38.984+0800: 170.179: [ParNew
Desired survivor size 20112992 bytes, new threshold 8 (max 8)
- age   1:    2321144 bytes,    2321144 total
- age   2:    4003704 bytes,    6324848 total
- age   3:    2106408 bytes,    8431256 total
- age   4:    2405736 bytes,   10836992 total
- age   5:    2863888 bytes,   13700880 total
- age   6:    2715208 bytes,   16416088 total
: 109248K->21824K(109248K), 0.0144222 secs] 303876K->220872K(502464K), 0.0144873 secs] [Times: user=0.05 sys=0.01, real=0.01 secs] 
Heap after GC invocations=139 (full 7):
 par new generation   total 109248K, used 21824K [0x00000007a0000000, 0x00000007a8000000, 0x00000007a8000000)
  eden space 87424K,   0% used [0x00000007a0000000, 0x00000007a0000000, 0x00000007a5560000)
  from space 21824K, 100% used [0x00000007a6ab0000, 0x00000007a8000000, 0x00000007a8000000)
  to   space 21824K,   0% used [0x00000007a5560000, 0x00000007a5560000, 0x00000007a6ab0000)
 concurrent mark-sweep generation total 393216K, used 199048K [0x00000007a8000000, 0x00000007c0000000, 0x00000007c0000000)
 Metaspace       used 39578K, capacity 40228K, committed 40764K, reserved 1085440K
  class space    used 4675K, capacity 4831K, committed 4924K, reserved 1048576K
}
2016-10-24T05:53:38.998+0800: 170.194: Total time for which application threads were stopped: 0.0146491 seconds, Stopping threads took: 0.0000269 seconds
2016-10-24T05:53:38.998+0800: 170.194: [GC (CMS Initial Mark) [1 CMS-initial-mark: 199048K(393216K)] 222713K(502464K), 0.0030177 secs] [Times: user=0.01 sys=0.00, real=0.01 secs] 
2016-10-24T05:53:39.001+0800: 170.197: Total time for which application threads were stopped: 0.0031971 seconds, Stopping threads took: 0.0000761 seconds
2016-10-24T05:53:39.002+0800: 170.197: [CMS-concurrent-mark-start]
{Heap before GC invocations=139 (full 8):
 par new generation   total 109248K, used 109248K [0x00000007a0000000, 0x00000007a8000000, 0x00000007a8000000)
  eden space 87424K, 100% used [0x00000007a0000000, 0x00000007a5560000, 0x00000007a5560000)
  from space 21824K, 100% used [0x00000007a6ab0000, 0x00000007a8000000, 0x00000007a8000000)
  to   space 21824K,   0% used [0x00000007a5560000, 0x00000007a5560000, 0x00000007a6ab0000)
 concurrent mark-sweep generation total 393216K, used 199048K [0x00000007a8000000, 0x00000007c0000000, 0x00000007c0000000)
 Metaspace       used 39578K, capacity 40228K, committed 40764K, reserved 1085440K
  class space    used 4675K, capacity 4831K, committed 4924K, reserved 1048576K
2016-10-24T05:53:39.037+0800: 170.233: [GC (Allocation Failure) 2016-10-24T05:53:39.037+0800: 170.233: [ParNew
Desired survivor size 20112992 bytes, new threshold 8 (max 8)
- age   1:     871312 bytes,     871312 total
- age   2:    2210416 bytes,    3081728 total
- age   3:    3586968 bytes,    6668696 total
- age   4:    2015680 bytes,    8684376 total
- age   5:    2365256 bytes,   11049632 total
- age   6:    2862136 bytes,   13911768 total
- age   7:    2713008 bytes,   16624776 total
: 109248K->21824K(109248K), 0.0117710 secs] 308296K->221210K(502464K), 0.0118151 secs] [Times: user=0.04 sys=0.00, real=0.01 secs] 
Heap after GC invocations=140 (full 8):
 par new generation   total 109248K, used 21824K [0x00000007a0000000, 0x00000007a8000000, 0x00000007a8000000)
  eden space 87424K,   0% used [0x00000007a0000000, 0x00000007a0000000, 0x00000007a5560000)
  from space 21824K, 100% used [0x00000007a5560000, 0x00000007a6ab0000, 0x00000007a6ab0000)
  to   space 21824K,   0% used [0x00000007a6ab0000, 0x00000007a6ab0000, 0x00000007a8000000)
 concurrent mark-sweep generation total 393216K, used 199386K [0x00000007a8000000, 0x00000007c0000000, 0x00000007c0000000)
 Metaspace       used 39578K, capacity 40228K, committed 40764K, reserved 1085440K
  class space    used 4675K, capacity 4831K, committed 4924K, reserved 1048576K
}
2016-10-24T05:53:39.049+0800: 170.245: Total time for which application threads were stopped: 0.0120582 seconds, Stopping threads took: 0.0000864 seconds
2016-10-24T05:53:39.093+0800: 170.288: [CMS-concurrent-mark: 0.079/0.091 secs] [Times: user=0.50 sys=0.00, real=0.09 secs] 
2016-10-24T05:53:39.093+0800: 170.288: [CMS-concurrent-preclean-start]
2016-10-24T05:53:39.110+0800: 170.305: [CMS-concurrent-preclean: 0.016/0.017 secs] [Times: user=0.05 sys=0.00, real=0.02 secs] 
2016-10-24T05:53:39.110+0800: 170.305: [CMS-concurrent-abortable-preclean-start]
{Heap before GC invocations=140 (full 8):
 par new generation   total 109248K, used 109248K [0x00000007a0000000, 0x00000007a8000000, 0x00000007a8000000)
  eden space 87424K, 100% used [0x00000007a0000000, 0x00000007a5560000, 0x00000007a5560000)
  from space 21824K, 100% used [0x00000007a5560000, 0x00000007a6ab0000, 0x00000007a6ab0000)
  to   space 21824K,   0% used [0x00000007a6ab0000, 0x00000007a6ab0000, 0x00000007a8000000)
 concurrent mark-sweep generation total 393216K, used 199386K [0x00000007a8000000, 0x00000007c0000000, 0x00000007c0000000)
 Metaspace       used 39578K, capacity 40228K, committed 40764K, reserved 1085440K
  class space    used 4675K, capacity 4831K, committed 4924K, reserved 1048576K
2016-10-24T05:53:39.134+0800: 170.330: [GC (Allocation Failure) 2016-10-24T05:53:39.134+0800: 170.330: [ParNew
Desired survivor size 20112992 bytes, new threshold 8 (max 8)
- age   1:    4013736 bytes,    4013736 total
- age   2:     769960 bytes,    4783696 total
- age   3:     818176 bytes,    5601872 total
- age   4:    3571432 bytes,    9173304 total
- age   5:    1742064 bytes,   10915368 total
- age   6:    2362008 bytes,   13277376 total
- age   7:    2845728 bytes,   16123104 total
- age   8:    2711576 bytes,   18834680 total
: 109248K->21824K(109248K), 0.0196305 secs] 308634K->221279K(502464K), 0.0196964 secs] [Times: user=0.07 sys=0.00, real=0.02 secs] 
Heap after GC invocations=141 (full 8):
 par new generation   total 109248K, used 21824K [0x00000007a0000000, 0x00000007a8000000, 0x00000007a8000000)
  eden space 87424K,   0% used [0x00000007a0000000, 0x00000007a0000000, 0x00000007a5560000)
  from space 21824K, 100% used [0x00000007a6ab0000, 0x00000007a8000000, 0x00000007a8000000)
  to   space 21824K,   0% used [0x00000007a5560000, 0x00000007a5560000, 0x00000007a6ab0000)
 concurrent mark-sweep generation total 393216K, used 199455K [0x00000007a8000000, 0x00000007c0000000, 0x00000007c0000000)
 Metaspace       used 39578K, capacity 40228K, committed 40764K, reserved 1085440K
  class space    used 4675K, capacity 4831K, committed 4924K, reserved 1048576K
}
2016-10-24T05:53:39.154+0800: 170.350: Total time for which application threads were stopped: 0.0199499 seconds, Stopping threads took: 0.0000690 seconds
{Heap before GC invocations=141 (full 8):
 par new generation   total 109248K, used 109248K [0x00000007a0000000, 0x00000007a8000000, 0x00000007a8000000)
  eden space 87424K, 100% used [0x00000007a0000000, 0x00000007a5560000, 0x00000007a5560000)
  from space 21824K, 100% used [0x00000007a6ab0000, 0x00000007a8000000, 0x00000007a8000000)
  to   space 21824K,   0% used [0x00000007a5560000, 0x00000007a5560000, 0x00000007a6ab0000)
 concurrent mark-sweep generation total 393216K, used 199455K [0x00000007a8000000, 0x00000007c0000000, 0x00000007c0000000)
 Metaspace       used 39578K, capacity 40228K, committed 40764K, reserved 1085440K
  class space    used 4675K, capacity 4831K, committed 4924K, reserved 1048576K
2016-10-24T05:53:39.342+0800: 170.537: [GC (Allocation Failure) 2016-10-24T05:53:39.342+0800: 170.537: [ParNew
Desired survivor size 20112992 bytes, new threshold 8 (max 8)
- age   1:    4412688 bytes,    4412688 total
- age   2:    2415584 bytes,    6828272 total
- age   3:     442800 bytes,    7271072 total
- age   4:     706568 bytes,    7977640 total
- age   5:    3571432 bytes,   11549072 total
- age   6:    1742064 bytes,   13291136 total
- age   7:    2362008 bytes,   15653144 total
- age   8:    2845728 bytes,   18498872 total
: 109248K->21824K(109248K), 0.0294226 secs] 308703K->223984K(502464K), 0.0294975 secs] [Times: user=0.11 sys=0.00, real=0.03 secs] 
Heap after GC invocations=142 (full 8):
 par new generation   total 109248K, used 21824K [0x00000007a0000000, 0x00000007a8000000, 0x00000007a8000000)
  eden space 87424K,   0% used [0x00000007a0000000, 0x00000007a0000000, 0x00000007a5560000)
  from space 21824K, 100% used [0x00000007a5560000, 0x00000007a6ab0000, 0x00000007a6ab0000)
  to   space 21824K,   0% used [0x00000007a6ab0000, 0x00000007a6ab0000, 0x00000007a8000000)
 concurrent mark-sweep generation total 393216K, used 202160K [0x00000007a8000000, 0x00000007c0000000, 0x00000007c0000000)
 Metaspace       used 39578K, capacity 40228K, committed 40764K, reserved 1085440K
  class space    used 4675K, capacity 4831K, committed 4924K, reserved 1048576K
}
2016-10-24T05:53:39.371+0800: 170.567: Total time for which application threads were stopped: 0.0297315 seconds, Stopping threads took: 0.0000241 seconds
2016-10-24T05:53:39.412+0800: 170.608: [CMS-concurrent-abortable-preclean: 0.248/0.302 secs] [Times: user=0.92 sys=0.02, real=0.30 secs] 
2016-10-24T05:53:39.412+0800: 170.608: [GC (CMS Final Remark) [YG occupancy: 50582 K (109248 K)]{Heap before GC invocations=142 (full 8):
 par new generation   total 109248K, used 50582K [0x00000007a0000000, 0x00000007a8000000, 0x00000007a8000000)
  eden space 87424K,  32% used [0x00000007a0000000, 0x00000007a1c15988, 0x00000007a5560000)
  from space 21824K, 100% used [0x00000007a5560000, 0x00000007a6ab0000, 0x00000007a6ab0000)
  to   space 21824K,   0% used [0x00000007a6ab0000, 0x00000007a6ab0000, 0x00000007a8000000)
 concurrent mark-sweep generation total 393216K, used 202160K [0x00000007a8000000, 0x00000007c0000000, 0x00000007c0000000)
 Metaspace       used 39578K, capacity 40228K, committed 40764K, reserved 1085440K
  class space    used 4675K, capacity 4831K, committed 4924K, reserved 1048576K
2016-10-24T05:53:39.412+0800: 170.608: [GC (CMS Final Remark) 2016-10-24T05:53:39.413+0800: 170.608: [ParNew
Desired survivor size 20112992 bytes, new threshold 8 (max 8)
- age   1:     818272 bytes,     818272 total
- age   2:    3909136 bytes,    4727408 total
- age   3:    2407296 bytes,    7134704 total
- age   4:     439888 bytes,    7574592 total
- age   5:     701864 bytes,    8276456 total
- age   6:    3558112 bytes,   11834568 total
- age   7:    1733584 bytes,   13568152 total
- age   8:    2352528 bytes,   15920680 total
: 50582K->21824K(109248K), 0.0270331 secs] 252743K->226888K(502464K), 0.0270906 secs] [Times: user=0.10 sys=0.00, real=0.03 secs] 
Heap after GC invocations=143 (full 8):
 par new generation   total 109248K, used 21824K [0x00000007a0000000, 0x00000007a8000000, 0x00000007a8000000)
  eden space 87424K,   0% used [0x00000007a0000000, 0x00000007a0000000, 0x00000007a5560000)
  from space 21824K, 100% used [0x00000007a6ab0000, 0x00000007a8000000, 0x00000007a8000000)
  to   space 21824K,   0% used [0x00000007a5560000, 0x00000007a5560000, 0x00000007a6ab0000)
 concurrent mark-sweep generation total 393216K, used 205064K [0x00000007a8000000, 0x00000007c0000000, 0x00000007c0000000)
 Metaspace       used 39578K, capacity 40228K, committed 40764K, reserved 1085440K
  class space    used 4675K, capacity 4831K, committed 4924K, reserved 1048576K
}
2016-10-24T05:53:39.440+0800: 170.635: [Rescan (parallel) , 0.0166816 secs]2016-10-24T05:53:39.456+0800: 170.652: [weak refs processing, 0.0015505 secs]2016-10-24T05:53:39.458+0800: 170.653: [class unloading, 0.0116599 secs]2016-10-24T05:53:39.470+0800: 170.665: [scrub symbol table, 0.0071975 secs]2016-10-24T05:53:39.477+0800: 170.672: [scrub string table, 0.0007973 secs][1 CMS-remark: 205064K(393216K)] 226888K(502464K), 0.0653554 secs] [Times: user=0.18 sys=0.00, real=0.06 secs] 
2016-10-24T05:53:39.478+0800: 170.673: Total time for which application threads were stopped: 0.0657007 seconds, Stopping threads took: 0.0001925 seconds
2016-10-24T05:53:39.478+0800: 170.673: [CMS-concurrent-sweep-start]
2016-10-24T05:53:39.533+0800: 170.728: Total time for which application threads were stopped: 0.0002214 seconds, Stopping threads took: 0.0000734 seconds
2016-10-24T05:53:39.535+0800: 170.730: Total time for which application threads were stopped: 0.0002721 seconds, Stopping threads took: 0.0000853 seconds
2016-10-24T05:53:39.597+0800: 170.792: [CMS-concurrent-sweep: 0.118/0.119 secs] [Times: user=0.36 sys=0.03, real=0.12 secs] 
2016-10-24T05:53:39.597+0800: 170.792: [CMS-concurrent-reset-start]
2016-10-24T05:53:39.598+0800: 170.793: [CMS-concurrent-reset: 0.001/0.001 secs] [Times: user=0.00 sys=0.00, real=0.00 secs] 
{Heap before GC invocations=143 (full 8):
 par new generation   total 109248K, used 109248K [0x00000007a0000000, 0x00000007a8000000, 0x00000007a8000000)
  eden space 87424K, 100% used [0x00000007a0000000, 0x00000007a5560000, 0x00000007a5560000)
  from space 21824K, 100% used [0x00000007a6ab0000, 0x00000007a8000000, 0x00000007a8000000)
  to   space 21824K,   0% used [0x00000007a5560000, 0x00000007a5560000, 0x00000007a6ab0000)
 concurrent mark-sweep generation total 393216K, used 175772K [0x00000007a8000000, 0x00000007c0000000, 0x00000007c0000000)
 Metaspace       used 39590K, capacity 40228K, committed 40764K, reserved 1085440K
  class space    used 4675K, capacity 4831K, committed 4924K, reserved 1048576K
2016-10-24T05:53:39.891+0800: 171.086: [GC (Allocation Failure) 2016-10-24T05:53:39.891+0800: 171.086: [ParNew
Desired survivor size 20112992 bytes, new threshold 8 (max 8)
- age   1:    7173584 bytes,    7173584 total
- age   2:     345496 bytes,    7519080 total
- age   3:    2074512 bytes,    9593592 total
- age   4:    2394512 bytes,   11988104 total
- age   5:     434936 bytes,   12423040 total
- age   6:     658680 bytes,   13081720 total
- age   7:    3557272 bytes,   16638992 total
- age   8:    1733432 bytes,   18372424 total
: 109248K->21824K(109248K), 0.0433731 secs] 285020K->199975K(502464K), 0.0434557 secs] [Times: user=0.13 sys=0.00, real=0.04 secs] 
Heap after GC invocations=144 (full 8):
 par new generation   total 109248K, used 21824K [0x00000007a0000000, 0x00000007a8000000, 0x00000007a8000000)
  eden space 87424K,   0% used [0x00000007a0000000, 0x00000007a0000000, 0x00000007a5560000)
  from space 21824K, 100% used [0x00000007a5560000, 0x00000007a6ab0000, 0x00000007a6ab0000)
  to   space 21824K,   0% used [0x00000007a6ab0000, 0x00000007a6ab0000, 0x00000007a8000000)
 concurrent mark-sweep generation total 393216K, used 178151K [0x00000007a8000000, 0x00000007c0000000, 0x00000007c0000000)
 Metaspace       used 39590K, capacity 40228K, committed 40764K, reserved 1085440K
  class space    used 4675K, capacity 4831K, committed 4924K, reserved 1048576K
}
2016-10-24T05:53:39.934+0800: 171.130: Total time for which application threads were stopped: 0.0437973 seconds, Stopping threads took: 0.0000902 seconds
2016-10-24T05:53:39.943+0800: 171.139: Total time for which application threads were stopped: 0.0002623 seconds, Stopping threads took: 0.0001089 seconds
2016-10-24T05:53:40.016+0800: 171.212: Total time for which application threads were stopped: 0.0005884 seconds, Stopping threads took: 0.0001404 seconds
{Heap before GC invocations=144 (full 8):
 par new generation   total 109248K, used 109248K [0x00000007a0000000, 0x00000007a8000000, 0x00000007a8000000)
  eden space 87424K, 100% used [0x00000007a0000000, 0x00000007a5560000, 0x00000007a5560000)
  from space 21824K, 100% used [0x00000007a5560000, 0x00000007a6ab0000, 0x00000007a6ab0000)
  to   space 21824K,   0% used [0x00000007a6ab0000, 0x00000007a6ab0000, 0x00000007a8000000)
 concurrent mark-sweep generation total 393216K, used 178151K [0x00000007a8000000, 0x00000007c0000000, 0x00000007c0000000)
 Metaspace       used 39590K, capacity 40228K, committed 40764K, reserved 1085440K
  class space    used 4675K, capacity 4831K, committed 4924K, reserved 1048576K
2016-10-24T05:53:40.206+0800: 171.402: [GC (Allocation Failure) 2016-10-24T05:53:40.206+0800: 171.402: [ParNew
Desired survivor size 20112992 bytes, new threshold 8 (max 8)
- age   1:    3555728 bytes,    3555728 total
- age   2:    6485504 bytes,   10041232 total
- age   3:     308360 bytes,   10349592 total
- age   4:    1890160 bytes,   12239752 total
- age   5:    2255096 bytes,   14494848 total
- age   6:     384536 bytes,   14879384 total
- age   7:     580504 bytes,   15459888 total
- age   8:    2878896 bytes,   18338784 total
: 109248K->21824K(109248K), 0.0256083 secs] 287399K->201521K(502464K), 0.0257025 secs] [Times: user=0.08 sys=0.00, real=0.03 secs] 
Heap after GC invocations=145 (full 8):
 par new generation   total 109248K, used 21824K [0x00000007a0000000, 0x00000007a8000000, 0x00000007a8000000)
  eden space 87424K,   0% used [0x00000007a0000000, 0x00000007a0000000, 0x00000007a5560000)
  from space 21824K, 100% used [0x00000007a6ab0000, 0x00000007a8000000, 0x00000007a8000000)
  to   space 21824K,   0% used [0x00000007a5560000, 0x00000007a5560000, 0x00000007a6ab0000)
 concurrent mark-sweep generation total 393216K, used 179697K [0x00000007a8000000, 0x00000007c0000000, 0x00000007c0000000)
 Metaspace       used 39590K, capacity 40228K, committed 40764K, reserved 1085440K
  class space    used 4675K, capacity 4831K, committed 4924K, reserved 1048576K
}
2016-10-24T05:53:40.232+0800: 171.428: Total time for which application threads were stopped: 0.0260327 seconds, Stopping threads took: 0.0001054 seconds
2016-10-24T05:53:40.421+0800: 171.616: Total time for which application threads were stopped: 0.0002314 seconds, Stopping threads took: 0.0000617 seconds
2016-10-24T05:53:40.421+0800: 171.616: Total time for which application threads were stopped: 0.0000816 seconds, Stopping threads took: 0.0000105 seconds
2016-10-24T05:53:40.421+0800: 171.617: Total time for which application threads were stopped: 0.0000838 seconds, Stopping threads took: 0.0000128 seconds
2016-10-24T05:53:40.421+0800: 171.617: Total time for which application threads were stopped: 0.0000745 seconds, Stopping threads took: 0.0000109 seconds
{Heap before GC invocations=145 (full 8):
 par new generation   total 109248K, used 109248K [0x00000007a0000000, 0x00000007a8000000, 0x00000007a8000000)
  eden space 87424K, 100% used [0x00000007a0000000, 0x00000007a5560000, 0x00000007a5560000)
  from space 21824K, 100% used [0x00000007a6ab0000, 0x00000007a8000000, 0x00000007a8000000)
  to   space 21824K,   0% used [0x00000007a5560000, 0x00000007a5560000, 0x00000007a6ab0000)
 concurrent mark-sweep generation total 393216K, used 179697K [0x00000007a8000000, 0x00000007c0000000, 0x00000007c0000000)
 Metaspace       used 39594K, capacity 40228K, committed 40764K, reserved 1085440K
  class space    used 4675K, capacity 4831K, committed 4924K, reserved 1048576K
2016-10-24T05:53:40.511+0800: 171.706: [GC (Allocation Failure) 2016-10-24T05:53:40.511+0800: 171.706: [ParNew
Desired survivor size 20112992 bytes, new threshold 8 (max 8)
- age   1:    3327160 bytes,    3327160 total
- age   2:    2768920 bytes,    6096080 total
- age   3:    5911568 bytes,   12007648 total
- age   4:     231752 bytes,   12239400 total
- age   5:    1523848 bytes,   13763248 total
- age   6:    1998936 bytes,   15762184 total
- age   7:     315088 bytes,   16077272 total
- age   8:     472200 bytes,   16549472 total
: 109248K->21824K(109248K), 0.0191119 secs] 288945K->203785K(502464K), 0.0191993 secs] [Times: user=0.09 sys=0.00, real=0.02 secs] 
Heap after GC invocations=146 (full 8):
 par new generation   total 109248K, used 21824K [0x00000007a0000000, 0x00000007a8000000, 0x00000007a8000000)
  eden space 87424K,   0% used [0x00000007a0000000, 0x00000007a0000000, 0x00000007a5560000)
  from space 21824K, 100% used [0x00000007a5560000, 0x00000007a6ab0000, 0x00000007a6ab0000)
  to   space 21824K,   0% used [0x00000007a6ab0000, 0x00000007a6ab0000, 0x00000007a8000000)
 concurrent mark-sweep generation total 393216K, used 181961K [0x00000007a8000000, 0x00000007c0000000, 0x00000007c0000000)
 Metaspace       used 39594K, capacity 40228K, committed 40764K, reserved 1085440K
  class space    used 4675K, capacity 4831K, committed 4924K, reserved 1048576K
}
2016-10-24T05:53:40.530+0800: 171.726: Total time for which application threads were stopped: 0.0194334 seconds, Stopping threads took: 0.0000265 seconds
{Heap before GC invocations=146 (full 8):
 par new generation   total 109248K, used 109248K [0x00000007a0000000, 0x00000007a8000000, 0x00000007a8000000)
  eden space 87424K, 100% used [0x00000007a0000000, 0x00000007a5560000, 0x00000007a5560000)
  from space 21824K, 100% used [0x00000007a5560000, 0x00000007a6ab0000, 0x00000007a6ab0000)
  to   space 21824K,   0% used [0x00000007a6ab0000, 0x00000007a6ab0000, 0x00000007a8000000)
 concurrent mark-sweep generation total 393216K, used 181961K [0x00000007a8000000, 0x00000007c0000000, 0x00000007c0000000)
 Metaspace       used 39594K, capacity 40228K, committed 40764K, reserved 1085440K
  class space    used 4675K, capacity 4831K, committed 4924K, reserved 1048576K
2016-10-24T05:53:41.102+0800: 172.297: [GC (Allocation Failure) 2016-10-24T05:53:41.102+0800: 172.298: [ParNew
Desired survivor size 20112992 bytes, new threshold 7 (max 8)
- age   1:    6433632 bytes,    6433632 total
- age   2:    2208744 bytes,    8642376 total
- age   3:    2537184 bytes,   11179560 total
- age   4:    5790864 bytes,   16970424 total
- age   5:     220040 bytes,   17190464 total
- age   6:    1467248 bytes,   18657712 total
- age   7:    1957488 bytes,   20615200 total
- age   8:     299736 bytes,   20914936 total
: 109248K->21824K(109248K), 0.0195967 secs] 291209K->204779K(502464K), 0.0196971 secs] [Times: user=0.07 sys=0.00, real=0.02 secs] 
Heap after GC invocations=147 (full 8):
 par new generation   total 109248K, used 21824K [0x00000007a0000000, 0x00000007a8000000, 0x00000007a8000000)
  eden space 87424K,   0% used [0x00000007a0000000, 0x00000007a0000000, 0x00000007a5560000)
  from space 21824K, 100% used [0x00000007a6ab0000, 0x00000007a8000000, 0x00000007a8000000)
  to   space 21824K,   0% used [0x00000007a5560000, 0x00000007a5560000, 0x00000007a6ab0000)
 concurrent mark-sweep generation total 393216K, used 182955K [0x00000007a8000000, 0x00000007c0000000, 0x00000007c0000000)
 Metaspace       used 39594K, capacity 40228K, committed 40764K, reserved 1085440K
  class space    used 4675K, capacity 4831K, committed 4924K, reserved 1048576K
}
2016-10-24T05:53:41.122+0800: 172.317: Total time for which application threads were stopped: 0.0199359 seconds, Stopping threads took: 0.0000269 seconds
{Heap before GC invocations=147 (full 8):
 par new generation   total 109248K, used 109248K [0x00000007a0000000, 0x00000007a8000000, 0x00000007a8000000)
  eden space 87424K, 100% used [0x00000007a0000000, 0x00000007a5560000, 0x00000007a5560000)
  from space 21824K, 100% used [0x00000007a6ab0000, 0x00000007a8000000, 0x00000007a8000000)
  to   space 21824K,   0% used [0x00000007a5560000, 0x00000007a5560000, 0x00000007a6ab0000)
 concurrent mark-sweep generation total 393216K, used 182955K [0x00000007a8000000, 0x00000007c0000000, 0x00000007c0000000)
 Metaspace       used 39594K, capacity 40228K, committed 40764K, reserved 1085440K
  class space    used 4675K, capacity 4831K, committed 4924K, reserved 1048576K
2016-10-24T05:53:41.554+0800: 172.750: [GC (Allocation Failure) 2016-10-24T05:53:41.554+0800: 172.750: [ParNew
Desired survivor size 20112992 bytes, new threshold 5 (max 8)
- age   1:    6204024 bytes,    6204024 total
- age   2:    4458888 bytes,   10662912 total
- age   3:    2007288 bytes,   12670200 total
- age   4:    2339728 bytes,   15009928 total
- age   5:    5572824 bytes,   20582752 total
- age   6:     199464 bytes,   20782216 total
- age   7:    1378352 bytes,   22160568 total
: 109248K->21824K(109248K), 0.0317089 secs] 292203K->208695K(502464K), 0.0318024 secs] [Times: user=0.11 sys=0.00, real=0.03 secs] 
Heap after GC invocations=148 (full 8):
 par new generation   total 109248K, used 21824K [0x00000007a0000000, 0x00000007a8000000, 0x00000007a8000000)
  eden space 87424K,   0% used [0x00000007a0000000, 0x00000007a0000000, 0x00000007a5560000)
  from space 21824K, 100% used [0x00000007a5560000, 0x00000007a6ab0000, 0x00000007a6ab0000)
  to   space 21824K,   0% used [0x00000007a6ab0000, 0x00000007a6ab0000, 0x00000007a8000000)
 concurrent mark-sweep generation total 393216K, used 186871K [0x00000007a8000000, 0x00000007c0000000, 0x00000007c0000000)
 Metaspace       used 39594K, capacity 40228K, committed 40764K, reserved 1085440K
  class space    used 4675K, capacity 4831K, committed 4924K, reserved 1048576K
}
2016-10-24T05:53:41.586+0800: 172.781: Total time for which application threads were stopped: 0.0320549 seconds, Stopping threads took: 0.0000265 seconds
{Heap before GC invocations=148 (full 8):
 par new generation   total 109248K, used 109248K [0x00000007a0000000, 0x00000007a8000000, 0x00000007a8000000)
  eden space 87424K, 100% used [0x00000007a0000000, 0x00000007a5560000, 0x00000007a5560000)
  from space 21824K, 100% used [0x00000007a5560000, 0x00000007a6ab0000, 0x00000007a6ab0000)
  to   space 21824K,   0% used [0x00000007a6ab0000, 0x00000007a6ab0000, 0x00000007a8000000)
 concurrent mark-sweep generation total 393216K, used 186871K [0x00000007a8000000, 0x00000007c0000000, 0x00000007c0000000)
 Metaspace       used 39594K, capacity 40228K, committed 40764K, reserved 1085440K
  class space    used 4675K, capacity 4831K, committed 4924K, reserved 1048576K
2016-10-24T05:53:42.002+0800: 173.198: [GC (Allocation Failure) 2016-10-24T05:53:42.002+0800: 173.198: [ParNew
Desired survivor size 20112992 bytes, new threshold 8 (max 8)
- age   1:    5787832 bytes,    5787832 total
- age   2:    4138760 bytes,    9926592 total
- age   3:    3551688 bytes,   13478280 total
- age   4:    1881016 bytes,   15359296 total
- age   5:    2215392 bytes,   17574688 total
: 109248K->21824K(109248K), 0.0263866 secs] 296119K->218807K(502464K), 0.0264787 secs] [Times: user=0.09 sys=0.00, real=0.02 secs] 
Heap after GC invocations=149 (full 8):
 par new generation   total 109248K, used 21824K [0x00000007a0000000, 0x00000007a8000000, 0x00000007a8000000)
  eden space 87424K,   0% used [0x00000007a0000000, 0x00000007a0000000, 0x00000007a5560000)
  from space 21824K, 100% used [0x00000007a6ab0000, 0x00000007a8000000, 0x00000007a8000000)
  to   space 21824K,   0% used [0x00000007a5560000, 0x00000007a5560000, 0x00000007a6ab0000)
 concurrent mark-sweep generation total 393216K, used 196983K [0x00000007a8000000, 0x00000007c0000000, 0x00000007c0000000)
 Metaspace       used 39594K, capacity 40228K, committed 40764K, reserved 1085440K
  class space    used 4675K, capacity 4831K, committed 4924K, reserved 1048576K
}
2016-10-24T05:53:42.029+0800: 173.225: Total time for which application threads were stopped: 0.0267286 seconds, Stopping threads took: 0.0000277 seconds
2016-10-24T05:53:42.029+0800: 173.225: [GC (CMS Initial Mark) [1 CMS-initial-mark: 196983K(393216K)] 220353K(502464K), 0.0075048 secs] [Times: user=0.02 sys=0.00, real=0.01 secs] 
2016-10-24T05:53:42.037+0800: 173.232: Total time for which application threads were stopped: 0.0077583 seconds, Stopping threads took: 0.0001165 seconds
2016-10-24T05:53:42.037+0800: 173.232: [CMS-concurrent-mark-start]
2016-10-24T05:53:42.068+0800: 173.264: [CMS-concurrent-mark: 0.031/0.031 secs] [Times: user=0.16 sys=0.00, real=0.03 secs] 
2016-10-24T05:53:42.068+0800: 173.264: [CMS-concurrent-preclean-start]
2016-10-24T05:53:42.071+0800: 173.266: [CMS-concurrent-preclean: 0.003/0.003 secs] [Times: user=0.00 sys=0.00, real=0.01 secs] 
2016-10-24T05:53:42.071+0800: 173.266: [CMS-concurrent-abortable-preclean-start]
2016-10-24T05:53:42.400+0800: 173.595: [CMS-concurrent-abortable-preclean: 0.328/0.329 secs] [Times: user=0.64 sys=0.00, real=0.33 secs] 
2016-10-24T05:53:42.400+0800: 173.595: [GC (CMS Final Remark) [YG occupancy: 85034 K (109248 K)]{Heap before GC invocations=149 (full 9):
 par new generation   total 109248K, used 85034K [0x00000007a0000000, 0x00000007a8000000, 0x00000007a8000000)
  eden space 87424K,  72% used [0x00000007a0000000, 0x00000007a3dbab80, 0x00000007a5560000)
  from space 21824K, 100% used [0x00000007a6ab0000, 0x00000007a8000000, 0x00000007a8000000)
  to   space 21824K,   0% used [0x00000007a5560000, 0x00000007a5560000, 0x00000007a6ab0000)
 concurrent mark-sweep generation total 393216K, used 196983K [0x00000007a8000000, 0x00000007c0000000, 0x00000007c0000000)
 Metaspace       used 39594K, capacity 40228K, committed 40764K, reserved 1085440K
  class space    used 4675K, capacity 4831K, committed 4924K, reserved 1048576K
2016-10-24T05:53:42.400+0800: 173.595: [GC (CMS Final Remark) 2016-10-24T05:53:42.400+0800: 173.595: [ParNew
Desired survivor size 20112992 bytes, new threshold 6 (max 8)
- age   1:    6599856 bytes,    6599856 total
- age   2:    4225768 bytes,   10825624 total
- age   3:    3399488 bytes,   14225112 total
- age   4:    3352424 bytes,   17577536 total
- age   5:    1780456 bytes,   19357992 total
- age   6:    2119200 bytes,   21477192 total
: 85034K->21824K(109248K), 0.0301484 secs] 282018K->220054K(502464K), 0.0302087 secs] [Times: user=0.11 sys=0.00, real=0.03 secs] 
Heap after GC invocations=150 (full 9):
 par new generation   total 109248K, used 21824K [0x00000007a0000000, 0x00000007a8000000, 0x00000007a8000000)
  eden space 87424K,   0% used [0x00000007a0000000, 0x00000007a0000000, 0x00000007a5560000)
  from space 21824K, 100% used [0x00000007a5560000, 0x00000007a6ab0000, 0x00000007a6ab0000)
  to   space 21824K,   0% used [0x00000007a6ab0000, 0x00000007a6ab0000, 0x00000007a8000000)
 concurrent mark-sweep generation total 393216K, used 198230K [0x00000007a8000000, 0x00000007c0000000, 0x00000007c0000000)
 Metaspace       used 39594K, capacity 40228K, committed 40764K, reserved 1085440K
  class space    used 4675K, capacity 4831K, committed 4924K, reserved 1048576K
}
2016-10-24T05:53:42.430+0800: 173.626: [Rescan (parallel) , 0.0122752 secs]2016-10-24T05:53:42.442+0800: 173.638: [weak refs processing, 0.0014777 secs]2016-10-24T05:53:42.444+0800: 173.640: [class unloading, 0.0113233 secs]2016-10-24T05:53:42.455+0800: 173.651: [scrub symbol table, 0.0082405 secs]2016-10-24T05:53:42.464+0800: 173.659: [scrub string table, 0.0008115 secs][1 CMS-remark: 198230K(393216K)] 220054K(502464K), 0.0647972 secs] [Times: user=0.18 sys=0.01, real=0.06 secs] 
2016-10-24T05:53:42.465+0800: 173.660: Total time for which application threads were stopped: 0.0650613 seconds, Stopping threads took: 0.0001234 seconds
2016-10-24T05:53:42.465+0800: 173.660: [CMS-concurrent-sweep-start]
2016-10-24T05:53:42.709+0800: 173.904: [CMS-concurrent-sweep: 0.244/0.244 secs] [Times: user=0.47 sys=0.01, real=0.24 secs] 
2016-10-24T05:53:42.709+0800: 173.904: [CMS-concurrent-reset-start]
2016-10-24T05:53:42.710+0800: 173.906: [CMS-concurrent-reset: 0.001/0.001 secs] [Times: user=0.00 sys=0.00, real=0.01 secs] 
{Heap before GC invocations=150 (full 9):
 par new generation   total 109248K, used 109248K [0x00000007a0000000, 0x00000007a8000000, 0x00000007a8000000)
  eden space 87424K, 100% used [0x00000007a0000000, 0x00000007a5560000, 0x00000007a5560000)
  from space 21824K, 100% used [0x00000007a5560000, 0x00000007a6ab0000, 0x00000007a6ab0000)
  to   space 21824K,   0% used [0x00000007a6ab0000, 0x00000007a6ab0000, 0x00000007a8000000)
 concurrent mark-sweep generation total 393216K, used 83349K [0x00000007a8000000, 0x00000007c0000000, 0x00000007c0000000)
 Metaspace       used 39594K, capacity 40228K, committed 40764K, reserved 1085440K
  class space    used 4675K, capacity 4831K, committed 4924K, reserved 1048576K
2016-10-24T05:53:43.070+0800: 174.266: [GC (Allocation Failure) 2016-10-24T05:53:43.070+0800: 174.266: [ParNew
Desired survivor size 20112992 bytes, new threshold 5 (max 8)
- age   1:    7916432 bytes,    7916432 total
- age   2:    3392368 bytes,   11308800 total
- age   3:    3588440 bytes,   14897240 total
- age   4:    2907552 bytes,   17804792 total
- age   5:    2899544 bytes,   20704336 total
- age   6:    1553016 bytes,   22257352 total
: 109248K->21824K(109248K), 0.0494093 secs] 192597K->110119K(502464K), 0.0494901 secs] [Times: user=0.18 sys=0.00, real=0.05 secs] 
Heap after GC invocations=151 (full 9):
 par new generation   total 109248K, used 21824K [0x00000007a0000000, 0x00000007a8000000, 0x00000007a8000000)
  eden space 87424K,   0% used [0x00000007a0000000, 0x00000007a0000000, 0x00000007a5560000)
  from space 21824K, 100% used [0x00000007a6ab0000, 0x00000007a8000000, 0x00000007a8000000)
  to   space 21824K,   0% used [0x00000007a5560000, 0x00000007a5560000, 0x00000007a6ab0000)
 concurrent mark-sweep generation total 393216K, used 88295K [0x00000007a8000000, 0x00000007c0000000, 0x00000007c0000000)
 Metaspace       used 39594K, capacity 40228K, committed 40764K, reserved 1085440K
  class space    used 4675K, capacity 4831K, committed 4924K, reserved 1048576K
}
2016-10-24T05:53:43.120+0800: 174.316: Total time for which application threads were stopped: 0.0497372 seconds, Stopping threads took: 0.0000243 seconds
2016-10-24T05:53:43.357+0800: 174.553: Total time for which application threads were stopped: 0.0001208 seconds, Stopping threads took: 0.0000248 seconds
2016-10-24T05:53:43.558+0800: 174.754: Total time for which application threads were stopped: 0.0001316 seconds, Stopping threads took: 0.0000240 seconds
2016-10-24T05:53:43.609+0800: 174.804: Total time for which application threads were stopped: 0.0001661 seconds, Stopping threads took: 0.0000296 seconds
2016-10-24T05:53:43.609+0800: 174.805: Total time for which application threads were stopped: 0.0001081 seconds, Stopping threads took: 0.0000226 seconds
{Heap before GC invocations=151 (full 9):
 par new generation   total 109248K, used 109248K [0x00000007a0000000, 0x00000007a8000000, 0x00000007a8000000)
  eden space 87424K, 100% used [0x00000007a0000000, 0x00000007a5560000, 0x00000007a5560000)
  from space 21824K, 100% used [0x00000007a6ab0000, 0x00000007a8000000, 0x00000007a8000000)
  to   space 21824K,   0% used [0x00000007a5560000, 0x00000007a5560000, 0x00000007a6ab0000)
 concurrent mark-sweep generation total 393216K, used 88295K [0x00000007a8000000, 0x00000007c0000000, 0x00000007c0000000)
 Metaspace       used 39625K, capacity 40292K, committed 40764K, reserved 1085440K
  class space    used 4676K, capacity 4831K, committed 4924K, reserved 1048576K
2016-10-24T05:53:43.896+0800: 175.092: [GC (Allocation Failure) 2016-10-24T05:53:43.896+0800: 175.092: [ParNew
Desired survivor size 20112992 bytes, new threshold 8 (max 8)
- age   1:    3144000 bytes,    3144000 total
- age   2:    6780848 bytes,    9924848 total
- age   3:    3132736 bytes,   13057584 total
- age   4:    3284888 bytes,   16342472 total
- age   5:    2629016 bytes,   18971488 total
: 109248K->21824K(109248K), 0.0383760 secs] 197543K->114720K(502464K), 0.0385324 secs] [Times: user=0.14 sys=0.00, real=0.04 secs] 
Heap after GC invocations=152 (full 9):
 par new generation   total 109248K, used 21824K [0x00000007a0000000, 0x00000007a8000000, 0x00000007a8000000)
  eden space 87424K,   0% used [0x00000007a0000000, 0x00000007a0000000, 0x00000007a5560000)
  from space 21824K, 100% used [0x00000007a5560000, 0x00000007a6ab0000, 0x00000007a6ab0000)
  to   space 21824K,   0% used [0x00000007a6ab0000, 0x00000007a6ab0000, 0x00000007a8000000)
 concurrent mark-sweep generation total 393216K, used 92896K [0x00000007a8000000, 0x00000007c0000000, 0x00000007c0000000)
 Metaspace       used 39625K, capacity 40292K, committed 40764K, reserved 1085440K
  class space    used 4676K, capacity 4831K, committed 4924K, reserved 1048576K
}
2016-10-24T05:53:43.935+0800: 175.131: Total time for which application threads were stopped: 0.0389877 seconds, Stopping threads took: 0.0000931 seconds
{Heap before GC invocations=152 (full 9):
 par new generation   total 109248K, used 109248K [0x00000007a0000000, 0x00000007a8000000, 0x00000007a8000000)
  eden space 87424K, 100% used [0x00000007a0000000, 0x00000007a5560000, 0x00000007a5560000)
  from space 21824K, 100% used [0x00000007a5560000, 0x00000007a6ab0000, 0x00000007a6ab0000)
  to   space 21824K,   0% used [0x00000007a6ab0000, 0x00000007a6ab0000, 0x00000007a8000000)
 concurrent mark-sweep generation total 393216K, used 92896K [0x00000007a8000000, 0x00000007c0000000, 0x00000007c0000000)
 Metaspace       used 39625K, capacity 40292K, committed 40764K, reserved 1085440K
  class space    used 4676K, capacity 4831K, committed 4924K, reserved 1048576K
2016-10-24T05:53:44.111+0800: 175.307: [GC (Allocation Failure) 2016-10-24T05:53:44.111+0800: 175.307: [ParNew
Desired survivor size 20112992 bytes, new threshold 8 (max 8)
- age   1:     357768 bytes,     357768 total
- age   2:    2876608 bytes,    3234376 total
- age   3:    6762968 bytes,    9997344 total
- age   4:    3117200 bytes,   13114544 total
- age   5:    3265744 bytes,   16380288 total
- age   6:    2616584 bytes,   18996872 total
: 109248K->21824K(109248K), 0.0236055 secs] 202144K->114888K(502464K), 0.0238218 secs] [Times: user=0.09 sys=0.00, real=0.02 secs] 
Heap after GC invocations=153 (full 9):
 par new generation   total 109248K, used 21824K [0x00000007a0000000, 0x00000007a8000000, 0x00000007a8000000)
  eden space 87424K,   0% used [0x00000007a0000000, 0x00000007a0000000, 0x00000007a5560000)
  from space 21824K, 100% used [0x00000007a6ab0000, 0x00000007a8000000, 0x00000007a8000000)
  to   space 21824K,   0% used [0x00000007a5560000, 0x00000007a5560000, 0x00000007a6ab0000)
 concurrent mark-sweep generation total 393216K, used 93064K [0x00000007a8000000, 0x00000007c0000000, 0x00000007c0000000)
 Metaspace       used 39625K, capacity 40292K, committed 40764K, reserved 1085440K
  class space    used 4676K, capacity 4831K, committed 4924K, reserved 1048576K
}
2016-10-24T05:53:44.135+0800: 175.331: Total time for which application threads were stopped: 0.0244082 seconds, Stopping threads took: 0.0001019 seconds
2016-10-24T05:53:44.154+0800: 175.350: Total time for which application threads were stopped: 0.0001160 seconds, Stopping threads took: 0.0000244 seconds
2016-10-24T05:53:44.154+0800: 175.350: Total time for which application threads were stopped: 0.0000775 seconds, Stopping threads took: 0.0000176 seconds
2016-10-24T05:53:44.155+0800: 175.350: Total time for which application threads were stopped: 0.0001257 seconds, Stopping threads took: 0.0000155 seconds
2016-10-24T05:53:44.195+0800: 175.391: Total time for which application threads were stopped: 0.0001293 seconds, Stopping threads took: 0.0000274 seconds
2016-10-24T05:53:44.195+0800: 175.391: Total time for which application threads were stopped: 0.0000744 seconds, Stopping threads took: 0.0000136 seconds
2016-10-24T05:53:44.195+0800: 175.391: Total time for which application threads were stopped: 0.0000970 seconds, Stopping threads took: 0.0000203 seconds
2016-10-24T05:53:44.212+0800: 175.407: Total time for which application threads were stopped: 0.0001135 seconds, Stopping threads took: 0.0000224 seconds
2016-10-24T05:53:44.212+0800: 175.408: Total time for which application threads were stopped: 0.0001223 seconds, Stopping threads took: 0.0000515 seconds
2016-10-24T05:53:44.212+0800: 175.408: Total time for which application threads were stopped: 0.0000811 seconds, Stopping threads took: 0.0000303 seconds
2016-10-24T05:53:44.212+0800: 175.408: Total time for which application threads were stopped: 0.0001028 seconds, Stopping threads took: 0.0000334 seconds
2016-10-24T05:53:44.213+0800: 175.408: Total time for which application threads were stopped: 0.0000935 seconds, Stopping threads took: 0.0000300 seconds
2016-10-24T05:53:44.213+0800: 175.408: Total time for which application threads were stopped: 0.0000850 seconds, Stopping threads took: 0.0000282 seconds
2016-10-24T05:53:44.213+0800: 175.409: Total time for which application threads were stopped: 0.0000822 seconds, Stopping threads took: 0.0000288 seconds
2016-10-24T05:53:44.213+0800: 175.409: Total time for which application threads were stopped: 0.0000828 seconds, Stopping threads took: 0.0000359 seconds
2016-10-24T05:53:44.213+0800: 175.409: Total time for which application threads were stopped: 0.0000828 seconds, Stopping threads took: 0.0000370 seconds
2016-10-24T05:53:44.213+0800: 175.409: Total time for which application threads were stopped: 0.0001028 seconds, Stopping threads took: 0.0000375 seconds
2016-10-24T05:53:44.214+0800: 175.409: Total time for which application threads were stopped: 0.0000776 seconds, Stopping threads took: 0.0000303 seconds
2016-10-24T05:53:44.214+0800: 175.409: Total time for which application threads were stopped: 0.0000932 seconds, Stopping threads took: 0.0000321 seconds
2016-10-24T05:53:44.216+0800: 175.412: Total time for which application threads were stopped: 0.0000865 seconds, Stopping threads took: 0.0000145 seconds
2016-10-24T05:53:44.216+0800: 175.412: Total time for which application threads were stopped: 0.0000538 seconds, Stopping threads took: 0.0000103 seconds
2016-10-24T05:53:44.216+0800: 175.412: Total time for which application threads were stopped: 0.0000737 seconds, Stopping threads took: 0.0000153 seconds
2016-10-24T05:53:44.217+0800: 175.412: Total time for which application threads were stopped: 0.0001810 seconds, Stopping threads took: 0.0000314 seconds
2016-10-24T05:53:44.218+0800: 175.414: Total time for which application threads were stopped: 0.0001061 seconds, Stopping threads took: 0.0000416 seconds
2016-10-24T05:53:44.219+0800: 175.414: Total time for which application threads were stopped: 0.0002007 seconds, Stopping threads took: 0.0001357 seconds
2016-10-24T05:53:44.219+0800: 175.414: Total time for which application threads were stopped: 0.0001141 seconds, Stopping threads took: 0.0000541 seconds
2016-10-24T05:53:44.219+0800: 175.415: Total time for which application threads were stopped: 0.0001683 seconds, Stopping threads took: 0.0000223 seconds
2016-10-24T05:53:44.223+0800: 175.419: Total time for which application threads were stopped: 0.0001023 seconds, Stopping threads took: 0.0000264 seconds
2016-10-24T05:53:44.226+0800: 175.421: Total time for which application threads were stopped: 0.0002174 seconds, Stopping threads took: 0.0001072 seconds
2016-10-24T05:53:45.226+0800: 176.422: Total time for which application threads were stopped: 0.0001193 seconds, Stopping threads took: 0.0000284 seconds
2016-10-24T05:54:49.371+0800: 240.568: Total time for which application threads were stopped: 0.0002121 seconds, Stopping threads took: 0.0000544 seconds
2016-10-24T05:55:17.161+0800: 268.359: Total time for which application threads were stopped: 0.0000670 seconds, Stopping threads took: 0.0000149 seconds
2016-10-24T05:55:17.161+0800: 268.360: Total time for which application threads were stopped: 0.0000691 seconds, Stopping threads took: 0.0000193 seconds
2016-10-24T05:55:17.164+0800: 268.363: Total time for which application threads were stopped: 0.0000876 seconds, Stopping threads took: 0.0000269 seconds
2016-10-24T05:55:17.165+0800: 268.363: Total time for which application threads were stopped: 0.0000738 seconds, Stopping threads took: 0.0000223 seconds
2016-10-24T05:55:17.165+0800: 268.364: Total time for which application threads were stopped: 0.0000556 seconds, Stopping threads took: 0.0000083 seconds
2016-10-24T05:55:17.169+0800: 268.367: Total time for which application threads were stopped: 0.0000469 seconds, Stopping threads took: 0.0000090 seconds
2016-10-24T05:55:17.169+0800: 268.367: Total time for which application threads were stopped: 0.0000468 seconds, Stopping threads took: 0.0000085 seconds
2016-10-24T05:55:17.169+0800: 268.368: Total time for which application threads were stopped: 0.0000304 seconds, Stopping threads took: 0.0000051 seconds
2016-10-24T05:55:17.169+0800: 268.368: Total time for which application threads were stopped: 0.0000284 seconds, Stopping threads took: 0.0000047 seconds
2016-10-24T05:55:17.169+0800: 268.368: Total time for which application threads were stopped: 0.0000281 seconds, Stopping threads took: 0.0000051 seconds
2016-10-24T05:55:17.170+0800: 268.368: Total time for which application threads were stopped: 0.0000304 seconds, Stopping threads took: 0.0000061 seconds
2016-10-24T05:55:17.170+0800: 268.368: Total time for which application threads were stopped: 0.0000302 seconds, Stopping threads took: 0.0000054 seconds
2016-10-24T05:55:17.170+0800: 268.368: Total time for which application threads were stopped: 0.0000271 seconds, Stopping threads took: 0.0000053 seconds
2016-10-24T05:55:17.170+0800: 268.369: Total time for which application threads were stopped: 0.0000327 seconds, Stopping threads took: 0.0000059 seconds
2016-10-24T05:55:17.170+0800: 268.369: Total time for which application threads were stopped: 0.0000275 seconds, Stopping threads took: 0.0000054 seconds
2016-10-24T05:55:17.170+0800: 268.369: Total time for which application threads were stopped: 0.0000263 seconds, Stopping threads took: 0.0000051 seconds
2016-10-24T05:55:17.171+0800: 268.369: Total time for which application threads were stopped: 0.0000400 seconds, Stopping threads took: 0.0000074 seconds
2016-10-24T05:55:17.171+0800: 268.369: Total time for which application threads were stopped: 0.0000354 seconds, Stopping threads took: 0.0000072 seconds
2016-10-24T05:55:17.173+0800: 268.372: Total time for which application threads were stopped: 0.0000802 seconds, Stopping threads took: 0.0000272 seconds
Heap
 par new generation   total 109248K, used 38672K [0x00000007a0000000, 0x00000007a8000000, 0x00000007a8000000)
  eden space 87424K,  19% used [0x00000007a0000000, 0x00000007a1074200, 0x00000007a5560000)
  from space 21824K, 100% used [0x00000007a6ab0000, 0x00000007a8000000, 0x00000007a8000000)
  to   space 21824K,   0% used [0x00000007a5560000, 0x00000007a5560000, 0x00000007a6ab0000)
 concurrent mark-sweep generation total 393216K, used 93064K [0x00000007a8000000, 0x00000007c0000000, 0x00000007c0000000)
 Metaspace       used 39738K, capacity 40506K, committed 41020K, reserved 1085440K
  class space    used 4690K, capacity 4900K, committed 4924K, reserved 1048576K
