Java HotSpot(TM) 64-Bit Server VM (25.92-b14) for bsd-amd64 JRE (1.8.0_92-b14), built on Mar 31 2016 21:23:14 by "java_re" with gcc 4.2.1 (Based on Apple Inc. build 5658) (LLVM build 2336.11.00)
Memory: 4k page, physical 16777216k(737084k free)

/proc/meminfo:

CommandLine flags: -XX:CMSInitiatingOccupancyFraction=50 -XX:CMSMaxAbortablePrecleanTime=6000 -XX:+CMSParallelRemarkEnabled -XX:+CMSScavengeBeforeRemark -XX:ConcGCThreads=4 -XX:InitialHeapSize=536870912 -XX:MaxHeapSize=536870912 -XX:MaxTenuringThreshold=8 -XX:NewRatio=3 -XX:OldPLABSize=16 -XX:OnOutOfMemoryError=/Users/pparthasarathy/solr-6.2.1/bin/oom_solr.sh 8983 /Users/pparthasarathy/solr-6.2.1/example/techproducts/solr/../logs -XX:ParallelGCThreads=4 -XX:+ParallelRefProcEnabled -XX:PretenureSizeThreshold=67108864 -XX:+PrintGC -XX:+PrintGCApplicationStoppedTime -XX:+PrintGCDateStamps -XX:+PrintGCDetails -XX:+PrintGCTimeStamps -XX:+PrintHeapAtGC -XX:+PrintTenuringDistribution -XX:SurvivorRatio=4 -XX:TargetSurvivorRatio=90 -XX:ThreadStackSize=256 -XX:+UseCMSInitiatingOccupancyOnly -XX:+UseCompressedClassPointers -XX:+UseCompressedOops -XX:+UseConcMarkSweepGC -XX:+UseParNewGC 
2016-10-24T05:55:33.547+0800: 0.131: Total time for which application threads were stopped: 0.0000694 seconds, Stopping threads took: 0.0000099 seconds
2016-10-24T05:55:33.598+0800: 0.182: Total time for which application threads were stopped: 0.0001018 seconds, Stopping threads took: 0.0000117 seconds
2016-10-24T05:55:33.830+0800: 0.415: Total time for which application threads were stopped: 0.0001779 seconds, Stopping threads took: 0.0000123 seconds
2016-10-24T05:55:33.873+0800: 0.457: Total time for which application threads were stopped: 0.0001489 seconds, Stopping threads took: 0.0000140 seconds
2016-10-24T05:55:33.884+0800: 0.468: Total time for which application threads were stopped: 0.0001570 seconds, Stopping threads took: 0.0000149 seconds
2016-10-24T05:55:34.025+0800: 0.609: Total time for which application threads were stopped: 0.0002091 seconds, Stopping threads took: 0.0000128 seconds
2016-10-24T05:55:34.164+0800: 0.748: Total time for which application threads were stopped: 0.0002254 seconds, Stopping threads took: 0.0000209 seconds
2016-10-24T05:55:34.165+0800: 0.749: Total time for which application threads were stopped: 0.0000928 seconds, Stopping threads took: 0.0000073 seconds
2016-10-24T05:55:34.167+0800: 0.751: Total time for which application threads were stopped: 0.0001385 seconds, Stopping threads took: 0.0000288 seconds
2016-10-24T05:55:34.174+0800: 0.758: Total time for which application threads were stopped: 0.0002151 seconds, Stopping threads took: 0.0000133 seconds
2016-10-24T05:55:34.366+0800: 0.950: Total time for which application threads were stopped: 0.0002627 seconds, Stopping threads took: 0.0000309 seconds
{Heap before GC invocations=0 (full 0):
 par new generation   total 109248K, used 87424K [0x00000007a0000000, 0x00000007a8000000, 0x00000007a8000000)
  eden space 87424K, 100% used [0x00000007a0000000, 0x00000007a5560000, 0x00000007a5560000)
  from space 21824K,   0% used [0x00000007a5560000, 0x00000007a5560000, 0x00000007a6ab0000)
  to   space 21824K,   0% used [0x00000007a6ab0000, 0x00000007a6ab0000, 0x00000007a8000000)
 concurrent mark-sweep generation total 393216K, used 0K [0x00000007a8000000, 0x00000007c0000000, 0x00000007c0000000)
 Metaspace       used 17925K, capacity 18232K, committed 18688K, reserved 1064960K
  class space    used 2076K, capacity 2199K, committed 2304K, reserved 1048576K
2016-10-24T05:55:34.437+0800: 1.021: [GC (Allocation Failure) 2016-10-24T05:55:34.437+0800: 1.021: [ParNew
Desired survivor size 20112992 bytes, new threshold 8 (max 8)
- age   1:   11157400 bytes,   11157400 total
: 87424K->11001K(109248K), 0.0105054 secs] 87424K->11001K(502464K), 0.0105736 secs] [Times: user=0.03 sys=0.00, real=0.01 secs] 
Heap after GC invocations=1 (full 0):
 par new generation   total 109248K, used 11001K [0x00000007a0000000, 0x00000007a8000000, 0x00000007a8000000)
  eden space 87424K,   0% used [0x00000007a0000000, 0x00000007a0000000, 0x00000007a5560000)
  from space 21824K,  50% used [0x00000007a6ab0000, 0x00000007a756e770, 0x00000007a8000000)
  to   space 21824K,   0% used [0x00000007a5560000, 0x00000007a5560000, 0x00000007a6ab0000)
 concurrent mark-sweep generation total 393216K, used 0K [0x00000007a8000000, 0x00000007c0000000, 0x00000007c0000000)
 Metaspace       used 17925K, capacity 18232K, committed 18688K, reserved 1064960K
  class space    used 2076K, capacity 2199K, committed 2304K, reserved 1048576K
}
2016-10-24T05:55:34.447+0800: 1.032: Total time for which application threads were stopped: 0.0107641 seconds, Stopping threads took: 0.0000129 seconds
2016-10-24T05:55:34.615+0800: 1.199: Total time for which application threads were stopped: 0.0003405 seconds, Stopping threads took: 0.0000176 seconds
2016-10-24T05:55:34.641+0800: 1.226: Total time for which application threads were stopped: 0.0002319 seconds, Stopping threads took: 0.0000115 seconds
2016-10-24T05:55:34.659+0800: 1.244: Total time for which application threads were stopped: 0.0002848 seconds, Stopping threads took: 0.0000287 seconds
2016-10-24T05:55:34.750+0800: 1.335: Total time for which application threads were stopped: 0.0001482 seconds, Stopping threads took: 0.0000147 seconds
2016-10-24T05:55:34.762+0800: 1.346: Total time for which application threads were stopped: 0.0000843 seconds, Stopping threads took: 0.0000151 seconds
2016-10-24T05:55:34.797+0800: 1.382: Total time for which application threads were stopped: 0.0001253 seconds, Stopping threads took: 0.0000530 seconds
{Heap before GC invocations=1 (full 0):
 par new generation   total 109248K, used 98425K [0x00000007a0000000, 0x00000007a8000000, 0x00000007a8000000)
  eden space 87424K, 100% used [0x00000007a0000000, 0x00000007a5560000, 0x00000007a5560000)
  from space 21824K,  50% used [0x00000007a6ab0000, 0x00000007a756e770, 0x00000007a8000000)
  to   space 21824K,   0% used [0x00000007a5560000, 0x00000007a5560000, 0x00000007a6ab0000)
 concurrent mark-sweep generation total 393216K, used 0K [0x00000007a8000000, 0x00000007c0000000, 0x00000007c0000000)
 Metaspace       used 21477K, capacity 21840K, committed 22216K, reserved 1069056K
  class space    used 2545K, capacity 2681K, committed 2684K, reserved 1048576K
2016-10-24T05:55:34.804+0800: 1.388: [GC (Allocation Failure) 2016-10-24T05:55:34.804+0800: 1.388: [ParNew
Desired survivor size 20112992 bytes, new threshold 8 (max 8)
- age   1:    4924632 bytes,    4924632 total
- age   2:    5553792 bytes,   10478424 total
: 98425K->13660K(109248K), 0.0089331 secs] 98425K->13660K(502464K), 0.0089836 secs] [Times: user=0.03 sys=0.01, real=0.01 secs] 
Heap after GC invocations=2 (full 0):
 par new generation   total 109248K, used 13660K [0x00000007a0000000, 0x00000007a8000000, 0x00000007a8000000)
  eden space 87424K,   0% used [0x00000007a0000000, 0x00000007a0000000, 0x00000007a5560000)
  from space 21824K,  62% used [0x00000007a5560000, 0x00000007a62b7040, 0x00000007a6ab0000)
  to   space 21824K,   0% used [0x00000007a6ab0000, 0x00000007a6ab0000, 0x00000007a8000000)
 concurrent mark-sweep generation total 393216K, used 0K [0x00000007a8000000, 0x00000007c0000000, 0x00000007c0000000)
 Metaspace       used 21477K, capacity 21840K, committed 22216K, reserved 1069056K
  class space    used 2545K, capacity 2681K, committed 2684K, reserved 1048576K
}
2016-10-24T05:55:34.813+0800: 1.397: Total time for which application threads were stopped: 0.0090937 seconds, Stopping threads took: 0.0000107 seconds
2016-10-24T05:55:34.813+0800: 1.397: [GC (CMS Initial Mark) [1 CMS-initial-mark: 0K(393216K)] 14870K(502464K), 0.0018249 secs] [Times: user=0.01 sys=0.00, real=0.00 secs] 
2016-10-24T05:55:34.815+0800: 1.399: Total time for which application threads were stopped: 0.0019254 seconds, Stopping threads took: 0.0000341 seconds
2016-10-24T05:55:34.815+0800: 1.399: [CMS-concurrent-mark-start]
2016-10-24T05:55:34.815+0800: 1.400: [CMS-concurrent-mark: 0.000/0.000 secs] [Times: user=0.00 sys=0.00, real=0.00 secs] 
2016-10-24T05:55:34.815+0800: 1.400: [CMS-concurrent-preclean-start]
2016-10-24T05:55:34.816+0800: 1.400: [CMS-concurrent-preclean: 0.001/0.001 secs] [Times: user=0.00 sys=0.00, real=0.00 secs] 
2016-10-24T05:55:34.816+0800: 1.401: [GC (CMS Final Remark) [YG occupancy: 14870 K (109248 K)]{Heap before GC invocations=2 (full 1):
 par new generation   total 109248K, used 14870K [0x00000007a0000000, 0x00000007a8000000, 0x00000007a8000000)
  eden space 87424K,   1% used [0x00000007a0000000, 0x00000007a012e9f0, 0x00000007a5560000)
  from space 21824K,  62% used [0x00000007a5560000, 0x00000007a62b7040, 0x00000007a6ab0000)
  to   space 21824K,   0% used [0x00000007a6ab0000, 0x00000007a6ab0000, 0x00000007a8000000)
 concurrent mark-sweep generation total 393216K, used 0K [0x00000007a8000000, 0x00000007c0000000, 0x00000007c0000000)
 Metaspace       used 21477K, capacity 21840K, committed 22216K, reserved 1069056K
  class space    used 2545K, capacity 2681K, committed 2684K, reserved 1048576K
2016-10-24T05:55:34.816+0800: 1.401: [GC (CMS Final Remark) 2016-10-24T05:55:34.816+0800: 1.401: [ParNew
Desired survivor size 20112992 bytes, new threshold 8 (max 8)
- age   1:     144456 bytes,     144456 total
- age   2:    1675008 bytes,    1819464 total
- age   3:    5550888 bytes,    7370352 total
: 14870K->9703K(109248K), 0.0056574 secs] 14870K->9703K(502464K), 0.0056953 secs] [Times: user=0.02 sys=0.00, real=0.01 secs] 
Heap after GC invocations=3 (full 1):
 par new generation   total 109248K, used 9703K [0x00000007a0000000, 0x00000007a8000000, 0x00000007a8000000)
  eden space 87424K,   0% used [0x00000007a0000000, 0x00000007a0000000, 0x00000007a5560000)
  from space 21824K,  44% used [0x00000007a6ab0000, 0x00000007a7429db0, 0x00000007a8000000)
  to   space 21824K,   0% used [0x00000007a5560000, 0x00000007a5560000, 0x00000007a6ab0000)
 concurrent mark-sweep generation total 393216K, used 0K [0x00000007a8000000, 0x00000007c0000000, 0x00000007c0000000)
 Metaspace       used 21477K, capacity 21840K, committed 22216K, reserved 1069056K
  class space    used 2545K, capacity 2681K, committed 2684K, reserved 1048576K
}
2016-10-24T05:55:34.822+0800: 1.406: [Rescan (parallel) , 0.0018408 secs]2016-10-24T05:55:34.824+0800: 1.408: [weak refs processing, 0.0007915 secs]2016-10-24T05:55:34.825+0800: 1.409: [class unloading, 0.0026738 secs]2016-10-24T05:55:34.827+0800: 1.412: [scrub symbol table, 0.0031760 secs]2016-10-24T05:55:34.830+0800: 1.415: [scrub string table, 0.0002116 secs][1 CMS-remark: 0K(393216K)] 9703K(502464K), 0.0150808 secs] [Times: user=0.04 sys=0.00, real=0.02 secs] 
2016-10-24T05:55:34.831+0800: 1.416: Total time for which application threads were stopped: 0.0151728 seconds, Stopping threads took: 0.0000309 seconds
2016-10-24T05:55:34.831+0800: 1.416: [CMS-concurrent-sweep-start]
2016-10-24T05:55:34.831+0800: 1.416: [CMS-concurrent-sweep: 0.000/0.000 secs] [Times: user=0.00 sys=0.00, real=0.00 secs] 
2016-10-24T05:55:34.831+0800: 1.416: [CMS-concurrent-reset-start]
2016-10-24T05:55:34.834+0800: 1.419: [CMS-concurrent-reset: 0.003/0.003 secs] [Times: user=0.01 sys=0.00, real=0.00 secs] 
{Heap before GC invocations=3 (full 1):
 par new generation   total 109248K, used 97113K [0x00000007a0000000, 0x00000007a8000000, 0x00000007a8000000)
  eden space 87424K,  99% used [0x00000007a0000000, 0x00000007a555c840, 0x00000007a5560000)
  from space 21824K,  44% used [0x00000007a6ab0000, 0x00000007a7429db0, 0x00000007a8000000)
  to   space 21824K,   0% used [0x00000007a5560000, 0x00000007a5560000, 0x00000007a6ab0000)
 concurrent mark-sweep generation total 393216K, used 0K [0x00000007a8000000, 0x00000007c0000000, 0x00000007c0000000)
 Metaspace       used 21898K, capacity 22248K, committed 22600K, reserved 1069056K
  class space    used 2605K, capacity 2749K, committed 2812K, reserved 1048576K
2016-10-24T05:55:34.945+0800: 1.529: [GC (Allocation Failure) 2016-10-24T05:55:34.945+0800: 1.529: [ParNew
Desired survivor size 20112992 bytes, new threshold 8 (max 8)
- age   1:     626456 bytes,     626456 total
- age   2:       1312 bytes,     627768 total
- age   3:    1475312 bytes,    2103080 total
- age   4:    5550888 bytes,    7653968 total
: 97113K->9191K(109248K), 0.0058544 secs] 97113K->9191K(502464K), 0.0059213 secs] [Times: user=0.03 sys=0.00, real=0.01 secs] 
Heap after GC invocations=4 (full 1):
 par new generation   total 109248K, used 9191K [0x00000007a0000000, 0x00000007a8000000, 0x00000007a8000000)
  eden space 87424K,   0% used [0x00000007a0000000, 0x00000007a0000000, 0x00000007a5560000)
  from space 21824K,  42% used [0x00000007a5560000, 0x00000007a5e59f88, 0x00000007a6ab0000)
  to   space 21824K,   0% used [0x00000007a6ab0000, 0x00000007a6ab0000, 0x00000007a8000000)
 concurrent mark-sweep generation total 393216K, used 0K [0x00000007a8000000, 0x00000007c0000000, 0x00000007c0000000)
 Metaspace       used 21898K, capacity 22248K, committed 22600K, reserved 1069056K
  class space    used 2605K, capacity 2749K, committed 2812K, reserved 1048576K
}
2016-10-24T05:55:34.951+0800: 1.535: Total time for which application threads were stopped: 0.0060664 seconds, Stopping threads took: 0.0000157 seconds
2016-10-24T05:55:35.016+0800: 1.600: Total time for which application threads were stopped: 0.0003318 seconds, Stopping threads took: 0.0000174 seconds
2016-10-24T05:55:35.061+0800: 1.646: Total time for which application threads were stopped: 0.0003374 seconds, Stopping threads took: 0.0000155 seconds
2016-10-24T05:55:35.296+0800: 1.880: Total time for which application threads were stopped: 0.0007451 seconds, Stopping threads took: 0.0000191 seconds
2016-10-24T05:55:35.305+0800: 1.890: Total time for which application threads were stopped: 0.0003344 seconds, Stopping threads took: 0.0000758 seconds
{Heap before GC invocations=4 (full 1):
 par new generation   total 109248K, used 96615K [0x00000007a0000000, 0x00000007a8000000, 0x00000007a8000000)
  eden space 87424K, 100% used [0x00000007a0000000, 0x00000007a5560000, 0x00000007a5560000)
  from space 21824K,  42% used [0x00000007a5560000, 0x00000007a5e59f88, 0x00000007a6ab0000)
  to   space 21824K,   0% used [0x00000007a6ab0000, 0x00000007a6ab0000, 0x00000007a8000000)
 concurrent mark-sweep generation total 393216K, used 0K [0x00000007a8000000, 0x00000007c0000000, 0x00000007c0000000)
 Metaspace       used 26217K, capacity 26668K, committed 27132K, reserved 1073152K
  class space    used 3124K, capacity 3287K, committed 3324K, reserved 1048576K
2016-10-24T05:55:35.513+0800: 2.098: [GC (Allocation Failure) 2016-10-24T05:55:35.513+0800: 2.098: [ParNew
Desired survivor size 20112992 bytes, new threshold 8 (max 8)
- age   1:    5303744 bytes,    5303744 total
- age   2:     182096 bytes,    5485840 total
- age   3:       1288 bytes,    5487128 total
- age   4:     880520 bytes,    6367648 total
- age   5:    5544184 bytes,   11911832 total
: 96615K->14911K(109248K), 0.0082824 secs] 96615K->14911K(502464K), 0.0083275 secs] [Times: user=0.03 sys=0.00, real=0.01 secs] 
Heap after GC invocations=5 (full 1):
 par new generation   total 109248K, used 14911K [0x00000007a0000000, 0x00000007a8000000, 0x00000007a8000000)
  eden space 87424K,   0% used [0x00000007a0000000, 0x00000007a0000000, 0x00000007a5560000)
  from space 21824K,  68% used [0x00000007a6ab0000, 0x00000007a793fc20, 0x00000007a8000000)
  to   space 21824K,   0% used [0x00000007a5560000, 0x00000007a5560000, 0x00000007a6ab0000)
 concurrent mark-sweep generation total 393216K, used 0K [0x00000007a8000000, 0x00000007c0000000, 0x00000007c0000000)
 Metaspace       used 26217K, capacity 26668K, committed 27132K, reserved 1073152K
  class space    used 3124K, capacity 3287K, committed 3324K, reserved 1048576K
}
2016-10-24T05:55:35.521+0800: 2.106: Total time for which application threads were stopped: 0.0085271 seconds, Stopping threads took: 0.0000516 seconds
2016-10-24T05:55:35.609+0800: 2.194: Total time for which application threads were stopped: 0.0003974 seconds, Stopping threads took: 0.0000163 seconds
2016-10-24T05:55:35.808+0800: 2.392: Total time for which application threads were stopped: 0.0004523 seconds, Stopping threads took: 0.0000643 seconds
2016-10-24T05:55:36.809+0800: 3.393: Total time for which application threads were stopped: 0.0002337 seconds, Stopping threads took: 0.0000321 seconds
2016-10-24T05:55:37.510+0800: 4.095: Total time for which application threads were stopped: 0.0004871 seconds, Stopping threads took: 0.0000234 seconds
2016-10-24T05:55:39.112+0800: 5.697: Total time for which application threads were stopped: 0.0000672 seconds, Stopping threads took: 0.0000244 seconds
2016-10-24T05:55:39.116+0800: 5.700: Total time for which application threads were stopped: 0.0000547 seconds, Stopping threads took: 0.0000210 seconds
2016-10-24T05:55:39.134+0800: 5.719: Total time for which application threads were stopped: 0.0003826 seconds, Stopping threads took: 0.0000186 seconds
2016-10-24T05:55:39.173+0800: 5.758: Total time for which application threads were stopped: 0.0003939 seconds, Stopping threads took: 0.0000155 seconds
2016-10-24T05:55:39.174+0800: 5.758: Total time for which application threads were stopped: 0.0000808 seconds, Stopping threads took: 0.0000230 seconds
2016-10-24T05:55:39.174+0800: 5.759: Total time for which application threads were stopped: 0.0000669 seconds, Stopping threads took: 0.0000205 seconds
2016-10-24T05:55:39.174+0800: 5.759: Total time for which application threads were stopped: 0.0001087 seconds, Stopping threads took: 0.0000689 seconds
2016-10-24T05:55:39.174+0800: 5.759: Total time for which application threads were stopped: 0.0000628 seconds, Stopping threads took: 0.0000202 seconds
2016-10-24T05:55:39.174+0800: 5.759: Total time for which application threads were stopped: 0.0000461 seconds, Stopping threads took: 0.0000149 seconds
2016-10-24T05:55:39.174+0800: 5.759: Total time for which application threads were stopped: 0.0000634 seconds, Stopping threads took: 0.0000201 seconds
2016-10-24T05:55:39.175+0800: 5.759: Total time for which application threads were stopped: 0.0000438 seconds, Stopping threads took: 0.0000089 seconds
2016-10-24T05:55:39.180+0800: 5.765: Total time for which application threads were stopped: 0.0000927 seconds, Stopping threads took: 0.0000284 seconds
2016-10-24T05:55:39.180+0800: 5.765: Total time for which application threads were stopped: 0.0000581 seconds, Stopping threads took: 0.0000199 seconds
2016-10-24T05:55:39.180+0800: 5.765: Total time for which application threads were stopped: 0.0000449 seconds, Stopping threads took: 0.0000147 seconds
2016-10-24T05:55:39.181+0800: 5.765: Total time for which application threads were stopped: 0.0000373 seconds, Stopping threads took: 0.0000075 seconds
2016-10-24T05:55:39.181+0800: 5.765: Total time for which application threads were stopped: 0.0000493 seconds, Stopping threads took: 0.0000208 seconds
2016-10-24T05:55:39.222+0800: 5.806: Total time for which application threads were stopped: 0.0001383 seconds, Stopping threads took: 0.0000417 seconds
2016-10-24T05:55:39.222+0800: 5.807: Total time for which application threads were stopped: 0.0000386 seconds, Stopping threads took: 0.0000094 seconds
2016-10-24T05:55:39.225+0800: 5.809: Total time for which application threads were stopped: 0.0000743 seconds, Stopping threads took: 0.0000214 seconds
2016-10-24T05:55:39.225+0800: 5.809: Total time for which application threads were stopped: 0.0000331 seconds, Stopping threads took: 0.0000071 seconds
2016-10-24T05:55:39.228+0800: 5.813: Total time for which application threads were stopped: 0.0000530 seconds, Stopping threads took: 0.0000132 seconds
2016-10-24T05:55:39.229+0800: 5.813: Total time for which application threads were stopped: 0.0000278 seconds, Stopping threads took: 0.0000054 seconds
2016-10-24T05:55:39.231+0800: 5.815: Total time for which application threads were stopped: 0.0001060 seconds, Stopping threads took: 0.0000452 seconds
2016-10-24T05:55:39.231+0800: 5.815: Total time for which application threads were stopped: 0.0000730 seconds, Stopping threads took: 0.0000278 seconds
2016-10-24T05:55:40.231+0800: 6.816: Total time for which application threads were stopped: 0.0001183 seconds, Stopping threads took: 0.0000307 seconds
2016-10-24T05:55:46.213+0800: 12.798: Total time for which application threads were stopped: 0.0001332 seconds, Stopping threads took: 0.0000267 seconds
2016-10-24T05:55:46.213+0800: 12.798: Total time for which application threads were stopped: 0.0000626 seconds, Stopping threads took: 0.0000136 seconds
{Heap before GC invocations=5 (full 1):
 par new generation   total 109248K, used 102335K [0x00000007a0000000, 0x00000007a8000000, 0x00000007a8000000)
  eden space 87424K, 100% used [0x00000007a0000000, 0x00000007a5560000, 0x00000007a5560000)
  from space 21824K,  68% used [0x00000007a6ab0000, 0x00000007a793fc20, 0x00000007a8000000)
  to   space 21824K,   0% used [0x00000007a5560000, 0x00000007a5560000, 0x00000007a6ab0000)
 concurrent mark-sweep generation total 393216K, used 0K [0x00000007a8000000, 0x00000007c0000000, 0x00000007c0000000)
 Metaspace       used 33009K, capacity 33486K, committed 33916K, reserved 1079296K
  class space    used 3987K, capacity 4120K, committed 4220K, reserved 1048576K
2016-10-24T05:55:46.289+0800: 12.874: [GC (Allocation Failure) 2016-10-24T05:55:46.289+0800: 12.874: [ParNew
Desired survivor size 20112992 bytes, new threshold 8 (max 8)
- age   1:   12027336 bytes,   12027336 total
- age   2:    1548680 bytes,   13576016 total
- age   3:     179920 bytes,   13755936 total
- age   4:       1288 bytes,   13757224 total
- age   5:     870920 bytes,   14628144 total
- age   6:    5463904 bytes,   20092048 total
: 102335K->21824K(109248K), 0.0161135 secs] 102335K->21856K(502464K), 0.0161883 secs] [Times: user=0.05 sys=0.00, real=0.02 secs] 
Heap after GC invocations=6 (full 1):
 par new generation   total 109248K, used 21824K [0x00000007a0000000, 0x00000007a8000000, 0x00000007a8000000)
  eden space 87424K,   0% used [0x00000007a0000000, 0x00000007a0000000, 0x00000007a5560000)
  from space 21824K, 100% used [0x00000007a5560000, 0x00000007a6ab0000, 0x00000007a6ab0000)
  to   space 21824K,   0% used [0x00000007a6ab0000, 0x00000007a6ab0000, 0x00000007a8000000)
 concurrent mark-sweep generation total 393216K, used 32K [0x00000007a8000000, 0x00000007c0000000, 0x00000007c0000000)
 Metaspace       used 33009K, capacity 33486K, committed 33916K, reserved 1079296K
  class space    used 3987K, capacity 4120K, committed 4220K, reserved 1048576K
}
2016-10-24T05:55:46.305+0800: 12.890: Total time for which application threads were stopped: 0.0163636 seconds, Stopping threads took: 0.0000274 seconds
2016-10-24T05:55:46.307+0800: 12.891: Total time for which application threads were stopped: 0.0001297 seconds, Stopping threads took: 0.0000706 seconds
2016-10-24T05:55:46.307+0800: 12.892: Total time for which application threads were stopped: 0.0000946 seconds, Stopping threads took: 0.0000552 seconds
2016-10-24T05:55:46.308+0800: 12.893: Total time for which application threads were stopped: 0.0000653 seconds, Stopping threads took: 0.0000254 seconds
2016-10-24T05:55:46.308+0800: 12.893: Total time for which application threads were stopped: 0.0001117 seconds, Stopping threads took: 0.0000189 seconds
2016-10-24T05:55:46.631+0800: 13.216: Total time for which application threads were stopped: 0.0002119 seconds, Stopping threads took: 0.0000383 seconds
2016-10-24T05:55:46.646+0800: 13.230: Total time for which application threads were stopped: 0.0001266 seconds, Stopping threads took: 0.0000392 seconds
2016-10-24T05:55:46.646+0800: 13.231: Total time for which application threads were stopped: 0.0000889 seconds, Stopping threads took: 0.0000299 seconds
2016-10-24T05:55:46.646+0800: 13.231: Total time for which application threads were stopped: 0.0000797 seconds, Stopping threads took: 0.0000258 seconds
2016-10-24T05:55:46.647+0800: 13.231: Total time for which application threads were stopped: 0.0000778 seconds, Stopping threads took: 0.0000279 seconds
2016-10-24T05:55:46.650+0800: 13.235: Total time for which application threads were stopped: 0.0000722 seconds, Stopping threads took: 0.0000202 seconds
2016-10-24T05:55:46.653+0800: 13.238: Total time for which application threads were stopped: 0.0001124 seconds, Stopping threads took: 0.0000292 seconds
2016-10-24T05:55:46.654+0800: 13.239: Total time for which application threads were stopped: 0.0000621 seconds, Stopping threads took: 0.0000127 seconds
2016-10-24T05:55:46.685+0800: 13.270: Total time for which application threads were stopped: 0.0001300 seconds, Stopping threads took: 0.0000190 seconds
2016-10-24T05:55:46.685+0800: 13.270: Total time for which application threads were stopped: 0.0000673 seconds, Stopping threads took: 0.0000146 seconds
2016-10-24T05:55:46.685+0800: 13.270: Total time for which application threads were stopped: 0.0000365 seconds, Stopping threads took: 0.0000075 seconds
2016-10-24T05:55:46.685+0800: 13.270: Total time for which application threads were stopped: 0.0000398 seconds, Stopping threads took: 0.0000088 seconds
2016-10-24T05:55:46.685+0800: 13.270: Total time for which application threads were stopped: 0.0000337 seconds, Stopping threads took: 0.0000065 seconds
2016-10-24T05:55:46.685+0800: 13.270: Total time for which application threads were stopped: 0.0000303 seconds, Stopping threads took: 0.0000059 seconds
2016-10-24T05:55:46.685+0800: 13.270: Total time for which application threads were stopped: 0.0000292 seconds, Stopping threads took: 0.0000057 seconds
2016-10-24T05:55:46.685+0800: 13.270: Total time for which application threads were stopped: 0.0000299 seconds, Stopping threads took: 0.0000058 seconds
2016-10-24T05:55:46.686+0800: 13.270: Total time for which application threads were stopped: 0.0000465 seconds, Stopping threads took: 0.0000089 seconds
2016-10-24T05:55:46.686+0800: 13.270: Total time for which application threads were stopped: 0.0000608 seconds, Stopping threads took: 0.0000076 seconds
2016-10-24T05:55:46.686+0800: 13.271: Total time for which application threads were stopped: 0.0000311 seconds, Stopping threads took: 0.0000068 seconds
2016-10-24T05:55:46.687+0800: 13.272: Total time for which application threads were stopped: 0.0000623 seconds, Stopping threads took: 0.0000097 seconds
2016-10-24T05:55:46.693+0800: 13.278: Total time for which application threads were stopped: 0.0000520 seconds, Stopping threads took: 0.0000110 seconds
2016-10-24T05:55:46.693+0800: 13.278: Total time for which application threads were stopped: 0.0000429 seconds, Stopping threads took: 0.0000084 seconds
2016-10-24T05:55:46.693+0800: 13.278: Total time for which application threads were stopped: 0.0000416 seconds, Stopping threads took: 0.0000081 seconds
2016-10-24T05:55:46.693+0800: 13.278: Total time for which application threads were stopped: 0.0000453 seconds, Stopping threads took: 0.0000089 seconds
2016-10-24T05:55:46.693+0800: 13.278: Total time for which application threads were stopped: 0.0000398 seconds, Stopping threads took: 0.0000082 seconds
2016-10-24T05:55:46.693+0800: 13.278: Total time for which application threads were stopped: 0.0000373 seconds, Stopping threads took: 0.0000084 seconds
2016-10-24T05:55:46.693+0800: 13.278: Total time for which application threads were stopped: 0.0000326 seconds, Stopping threads took: 0.0000070 seconds
2016-10-24T05:55:46.694+0800: 13.278: Total time for which application threads were stopped: 0.0001124 seconds, Stopping threads took: 0.0000065 seconds
2016-10-24T05:55:46.752+0800: 13.337: Total time for which application threads were stopped: 0.0001455 seconds, Stopping threads took: 0.0000380 seconds
2016-10-24T05:55:46.801+0800: 13.386: Total time for which application threads were stopped: 0.0001379 seconds, Stopping threads took: 0.0000206 seconds
2016-10-24T05:55:46.815+0800: 13.400: Total time for which application threads were stopped: 0.0001928 seconds, Stopping threads took: 0.0001268 seconds
2016-10-24T05:55:46.817+0800: 13.402: Total time for which application threads were stopped: 0.0001456 seconds, Stopping threads took: 0.0001040 seconds
2016-10-24T05:55:46.833+0800: 13.418: Total time for which application threads were stopped: 0.0000812 seconds, Stopping threads took: 0.0000138 seconds
2016-10-24T05:55:46.863+0800: 13.447: Total time for which application threads were stopped: 0.0001065 seconds, Stopping threads took: 0.0000370 seconds
2016-10-24T05:55:46.895+0800: 13.480: Total time for which application threads were stopped: 0.0001035 seconds, Stopping threads took: 0.0000166 seconds
2016-10-24T05:55:46.899+0800: 13.484: Total time for which application threads were stopped: 0.0000663 seconds, Stopping threads took: 0.0000246 seconds
2016-10-24T05:55:46.900+0800: 13.484: Total time for which application threads were stopped: 0.0000435 seconds, Stopping threads took: 0.0000083 seconds
2016-10-24T05:55:46.900+0800: 13.484: Total time for which application threads were stopped: 0.0000339 seconds, Stopping threads took: 0.0000063 seconds
2016-10-24T05:55:46.900+0800: 13.484: Total time for which application threads were stopped: 0.0000308 seconds, Stopping threads took: 0.0000059 seconds
2016-10-24T05:55:46.900+0800: 13.485: Total time for which application threads were stopped: 0.0000390 seconds, Stopping threads took: 0.0000075 seconds
2016-10-24T05:55:46.900+0800: 13.485: Total time for which application threads were stopped: 0.0000347 seconds, Stopping threads took: 0.0000069 seconds
2016-10-24T05:55:46.901+0800: 13.485: Total time for which application threads were stopped: 0.0000484 seconds, Stopping threads took: 0.0000189 seconds
2016-10-24T05:55:46.901+0800: 13.485: Total time for which application threads were stopped: 0.0000322 seconds, Stopping threads took: 0.0000065 seconds
2016-10-24T05:55:46.901+0800: 13.486: Total time for which application threads were stopped: 0.0000607 seconds, Stopping threads took: 0.0000239 seconds
2016-10-24T05:55:46.901+0800: 13.486: Total time for which application threads were stopped: 0.0000620 seconds, Stopping threads took: 0.0000219 seconds
2016-10-24T05:55:46.901+0800: 13.486: Total time for which application threads were stopped: 0.0000490 seconds, Stopping threads took: 0.0000205 seconds
2016-10-24T05:55:46.901+0800: 13.486: Total time for which application threads were stopped: 0.0000994 seconds, Stopping threads took: 0.0000161 seconds
2016-10-24T05:55:46.904+0800: 13.489: Total time for which application threads were stopped: 0.0000572 seconds, Stopping threads took: 0.0000118 seconds
2016-10-24T05:55:46.904+0800: 13.489: Total time for which application threads were stopped: 0.0000410 seconds, Stopping threads took: 0.0000097 seconds
2016-10-24T05:55:46.904+0800: 13.489: Total time for which application threads were stopped: 0.0000456 seconds, Stopping threads took: 0.0000066 seconds
2016-10-24T05:55:47.905+0800: 14.490: Total time for which application threads were stopped: 0.0001107 seconds, Stopping threads took: 0.0000215 seconds
2016-10-24T05:55:48.310+0800: 14.895: [GC (CMS Initial Mark) [1 CMS-initial-mark: 32K(393216K)] 107966K(502464K), 0.0087937 secs] [Times: user=0.04 sys=0.00, real=0.00 secs] 
2016-10-24T05:55:48.319+0800: 14.904: Total time for which application threads were stopped: 0.0089260 seconds, Stopping threads took: 0.0000287 seconds
2016-10-24T05:55:48.319+0800: 14.904: [CMS-concurrent-mark-start]
2016-10-24T05:55:48.319+0800: 14.904: [CMS-concurrent-mark: 0.000/0.000 secs] [Times: user=0.00 sys=0.00, real=0.00 secs] 
2016-10-24T05:55:48.319+0800: 14.904: [CMS-concurrent-preclean-start]
2016-10-24T05:55:48.320+0800: 14.905: [CMS-concurrent-preclean: 0.001/0.001 secs] [Times: user=0.00 sys=0.00, real=0.01 secs] 
2016-10-24T05:55:48.320+0800: 14.905: [CMS-concurrent-abortable-preclean-start]
 CMS: abort preclean due to time 2016-10-24T05:55:54.476+0800: 21.061: [CMS-concurrent-abortable-preclean: 2.475/6.156 secs] [Times: user=2.45 sys=0.01, real=6.15 secs] 
2016-10-24T05:55:54.476+0800: 21.061: [GC (CMS Final Remark) [YG occupancy: 109248 K (109248 K)]{Heap before GC invocations=6 (full 2):
 par new generation   total 109248K, used 109248K [0x00000007a0000000, 0x00000007a8000000, 0x00000007a8000000)
  eden space 87424K, 100% used [0x00000007a0000000, 0x00000007a5560000, 0x00000007a5560000)
  from space 21824K, 100% used [0x00000007a5560000, 0x00000007a6ab0000, 0x00000007a6ab0000)
  to   space 21824K,   0% used [0x00000007a6ab0000, 0x00000007a6ab0000, 0x00000007a8000000)
 concurrent mark-sweep generation total 393216K, used 32K [0x00000007a8000000, 0x00000007c0000000, 0x00000007c0000000)
 Metaspace       used 37235K, capacity 37810K, committed 38280K, reserved 1083392K
  class space    used 4515K, capacity 4686K, committed 4756K, reserved 1048576K
2016-10-24T05:55:54.476+0800: 21.061: [GC (CMS Final Remark) 2016-10-24T05:55:54.476+0800: 21.061: [ParNew
Desired survivor size 20112992 bytes, new threshold 7 (max 8)
- age   1:    9337752 bytes,    9337752 total
- age   2:    4846424 bytes,   14184176 total
- age   3:    1524776 bytes,   15708952 total
- age   4:     179344 bytes,   15888296 total
- age   5:       1288 bytes,   15889584 total
- age   6:     868328 bytes,   16757912 total
- age   7:    5457128 bytes,   22215040 total
: 109248K->21824K(109248K), 0.0153410 secs] 109280K->24185K(502464K), 0.0154017 secs] [Times: user=0.05 sys=0.01, real=0.02 secs] 
Heap after GC invocations=7 (full 2):
 par new generation   total 109248K, used 21824K [0x00000007a0000000, 0x00000007a8000000, 0x00000007a8000000)
  eden space 87424K,   0% used [0x00000007a0000000, 0x00000007a0000000, 0x00000007a5560000)
  from space 21824K, 100% used [0x00000007a6ab0000, 0x00000007a8000000, 0x00000007a8000000)
  to   space 21824K,   0% used [0x00000007a5560000, 0x00000007a5560000, 0x00000007a6ab0000)
 concurrent mark-sweep generation total 393216K, used 2361K [0x00000007a8000000, 0x00000007c0000000, 0x00000007c0000000)
 Metaspace       used 37235K, capacity 37810K, committed 38280K, reserved 1083392K
  class space    used 4515K, capacity 4686K, committed 4756K, reserved 1048576K
}
2016-10-24T05:55:54.491+0800: 21.076: [Rescan (parallel) , 0.0043797 secs]2016-10-24T05:55:54.496+0800: 21.081: [weak refs processing, 0.0008232 secs]2016-10-24T05:55:54.497+0800: 21.082: [class unloading, 0.0057071 secs]2016-10-24T05:55:54.502+0800: 21.087: [scrub symbol table, 0.0082594 secs]2016-10-24T05:55:54.511+0800: 21.096: [scrub string table, 0.0005256 secs][1 CMS-remark: 2361K(393216K)] 24185K(502464K), 0.0362890 secs] [Times: user=0.09 sys=0.01, real=0.04 secs] 
2016-10-24T05:55:54.512+0800: 21.097: Total time for which application threads were stopped: 0.0363852 seconds, Stopping threads took: 0.0000217 seconds
2016-10-24T05:55:54.512+0800: 21.097: [CMS-concurrent-sweep-start]
2016-10-24T05:55:54.512+0800: 21.097: [CMS-concurrent-sweep: 0.000/0.000 secs] [Times: user=0.00 sys=0.00, real=0.00 secs] 
2016-10-24T05:55:54.512+0800: 21.097: [CMS-concurrent-reset-start]
2016-10-24T05:55:54.513+0800: 21.098: [CMS-concurrent-reset: 0.001/0.001 secs] [Times: user=0.00 sys=0.00, real=0.00 secs] 
2016-10-24T05:55:55.516+0800: 22.101: Total time for which application threads were stopped: 0.0000824 seconds, Stopping threads took: 0.0000209 seconds
2016-10-24T05:56:16.224+0800: 42.810: Total time for which application threads were stopped: 0.0000863 seconds, Stopping threads took: 0.0000211 seconds
2016-10-24T05:56:16.247+0800: 42.833: Total time for which application threads were stopped: 0.0000817 seconds, Stopping threads took: 0.0000197 seconds
2016-10-24T05:56:16.316+0800: 42.902: Total time for which application threads were stopped: 0.0000917 seconds, Stopping threads took: 0.0000187 seconds
2016-10-24T05:56:16.318+0800: 42.903: Total time for which application threads were stopped: 0.0000512 seconds, Stopping threads took: 0.0000119 seconds
2016-10-24T05:56:16.318+0800: 42.904: Total time for which application threads were stopped: 0.0000418 seconds, Stopping threads took: 0.0000068 seconds
2016-10-24T05:56:16.318+0800: 42.904: Total time for which application threads were stopped: 0.0000508 seconds, Stopping threads took: 0.0000086 seconds
2016-10-24T05:56:16.318+0800: 42.904: Total time for which application threads were stopped: 0.0000417 seconds, Stopping threads took: 0.0000074 seconds
2016-10-24T05:56:16.318+0800: 42.904: Total time for which application threads were stopped: 0.0000334 seconds, Stopping threads took: 0.0000075 seconds
2016-10-24T05:56:16.318+0800: 42.904: Total time for which application threads were stopped: 0.0000315 seconds, Stopping threads took: 0.0000061 seconds
2016-10-24T05:56:16.318+0800: 42.904: Total time for which application threads were stopped: 0.0000282 seconds, Stopping threads took: 0.0000056 seconds
2016-10-24T05:56:16.319+0800: 42.904: Total time for which application threads were stopped: 0.0000302 seconds, Stopping threads took: 0.0000060 seconds
2016-10-24T05:56:16.319+0800: 42.905: Total time for which application threads were stopped: 0.0000346 seconds, Stopping threads took: 0.0000069 seconds
2016-10-24T05:56:16.319+0800: 42.905: Total time for which application threads were stopped: 0.0000612 seconds, Stopping threads took: 0.0000181 seconds
2016-10-24T05:56:16.319+0800: 42.905: Total time for which application threads were stopped: 0.0000539 seconds, Stopping threads took: 0.0000187 seconds
2016-10-24T05:56:16.319+0800: 42.905: Total time for which application threads were stopped: 0.0000530 seconds, Stopping threads took: 0.0000196 seconds
2016-10-24T05:56:16.319+0800: 42.905: Total time for which application threads were stopped: 0.0000499 seconds, Stopping threads took: 0.0000173 seconds
2016-10-24T05:56:16.320+0800: 42.905: Total time for which application threads were stopped: 0.0000562 seconds, Stopping threads took: 0.0000201 seconds
2016-10-24T05:56:16.320+0800: 42.905: Total time for which application threads were stopped: 0.0000409 seconds, Stopping threads took: 0.0000083 seconds
2016-10-24T05:56:16.320+0800: 42.906: Total time for which application threads were stopped: 0.0000618 seconds, Stopping threads took: 0.0000259 seconds
2016-10-24T05:56:16.320+0800: 42.906: Total time for which application threads were stopped: 0.0000502 seconds, Stopping threads took: 0.0000190 seconds
2016-10-24T05:56:16.320+0800: 42.906: Total time for which application threads were stopped: 0.0000800 seconds, Stopping threads took: 0.0000453 seconds
2016-10-24T05:56:16.320+0800: 42.906: Total time for which application threads were stopped: 0.0000516 seconds, Stopping threads took: 0.0000085 seconds
2016-10-24T05:56:16.320+0800: 42.906: Total time for which application threads were stopped: 0.0001148 seconds, Stopping threads took: 0.0000232 seconds
2016-10-24T05:56:16.511+0800: 43.097: Total time for which application threads were stopped: 0.0002042 seconds, Stopping threads took: 0.0000165 seconds
2016-10-24T05:56:16.511+0800: 43.097: Total time for which application threads were stopped: 0.0000631 seconds, Stopping threads took: 0.0000155 seconds
2016-10-24T05:56:16.511+0800: 43.097: Total time for which application threads were stopped: 0.0000589 seconds, Stopping threads took: 0.0000172 seconds
2016-10-24T05:56:16.511+0800: 43.097: Total time for which application threads were stopped: 0.0000567 seconds, Stopping threads took: 0.0000194 seconds
2016-10-24T05:56:16.512+0800: 43.097: Total time for which application threads were stopped: 0.0000680 seconds, Stopping threads took: 0.0000162 seconds
2016-10-24T05:56:16.512+0800: 43.097: Total time for which application threads were stopped: 0.0000398 seconds, Stopping threads took: 0.0000076 seconds
2016-10-24T05:56:16.512+0800: 43.098: Total time for which application threads were stopped: 0.0000469 seconds, Stopping threads took: 0.0000075 seconds
2016-10-24T05:56:16.512+0800: 43.098: Total time for which application threads were stopped: 0.0000518 seconds, Stopping threads took: 0.0000060 seconds
2016-10-24T05:56:16.512+0800: 43.098: Total time for which application threads were stopped: 0.0000466 seconds, Stopping threads took: 0.0000078 seconds
2016-10-24T05:56:16.512+0800: 43.098: Total time for which application threads were stopped: 0.0000579 seconds, Stopping threads took: 0.0000074 seconds
2016-10-24T05:56:16.512+0800: 43.098: Total time for which application threads were stopped: 0.0000559 seconds, Stopping threads took: 0.0000073 seconds
2016-10-24T05:56:16.512+0800: 43.098: Total time for which application threads were stopped: 0.0000510 seconds, Stopping threads took: 0.0000078 seconds
2016-10-24T05:56:16.512+0800: 43.098: Total time for which application threads were stopped: 0.0000399 seconds, Stopping threads took: 0.0000056 seconds
2016-10-24T05:56:16.513+0800: 43.098: Total time for which application threads were stopped: 0.0000385 seconds, Stopping threads took: 0.0000072 seconds
2016-10-24T05:56:16.513+0800: 43.098: Total time for which application threads were stopped: 0.0000416 seconds, Stopping threads took: 0.0000062 seconds
2016-10-24T05:56:16.513+0800: 43.098: Total time for which application threads were stopped: 0.0000373 seconds, Stopping threads took: 0.0000052 seconds
2016-10-24T05:56:16.513+0800: 43.099: Total time for which application threads were stopped: 0.0000271 seconds, Stopping threads took: 0.0000050 seconds
2016-10-24T05:56:16.513+0800: 43.099: Total time for which application threads were stopped: 0.0000400 seconds, Stopping threads took: 0.0000080 seconds
2016-10-24T05:56:16.513+0800: 43.099: Total time for which application threads were stopped: 0.0000295 seconds, Stopping threads took: 0.0000055 seconds
2016-10-24T05:56:16.513+0800: 43.099: Total time for which application threads were stopped: 0.0000279 seconds, Stopping threads took: 0.0000052 seconds
2016-10-24T05:56:16.513+0800: 43.099: Total time for which application threads were stopped: 0.0000759 seconds, Stopping threads took: 0.0000053 seconds
2016-10-24T05:56:16.513+0800: 43.099: Total time for which application threads were stopped: 0.0000531 seconds, Stopping threads took: 0.0000177 seconds
2016-10-24T05:56:16.518+0800: 43.104: Total time for which application threads were stopped: 0.0000746 seconds, Stopping threads took: 0.0000334 seconds
2016-10-24T05:56:16.562+0800: 43.147: Total time for which application threads were stopped: 0.0004124 seconds, Stopping threads took: 0.0000164 seconds
2016-10-24T05:56:16.567+0800: 43.153: Total time for which application threads were stopped: 0.0000980 seconds, Stopping threads took: 0.0000111 seconds
2016-10-24T05:56:16.571+0800: 43.157: Total time for which application threads were stopped: 0.0000925 seconds, Stopping threads took: 0.0000427 seconds
2016-10-24T05:56:16.571+0800: 43.157: Total time for which application threads were stopped: 0.0000564 seconds, Stopping threads took: 0.0000106 seconds
2016-10-24T05:56:16.571+0800: 43.157: Total time for which application threads were stopped: 0.0000678 seconds, Stopping threads took: 0.0000117 seconds
2016-10-24T05:56:16.572+0800: 43.157: Total time for which application threads were stopped: 0.0000819 seconds, Stopping threads took: 0.0000520 seconds
2016-10-24T05:56:16.572+0800: 43.157: Total time for which application threads were stopped: 0.0000612 seconds, Stopping threads took: 0.0000338 seconds
2016-10-24T05:56:16.572+0800: 43.158: Total time for which application threads were stopped: 0.0000797 seconds, Stopping threads took: 0.0000532 seconds
2016-10-24T05:56:16.572+0800: 43.158: Total time for which application threads were stopped: 0.0000799 seconds, Stopping threads took: 0.0000538 seconds
2016-10-24T05:56:16.572+0800: 43.158: Total time for which application threads were stopped: 0.0000443 seconds, Stopping threads took: 0.0000189 seconds
2016-10-24T05:56:16.572+0800: 43.158: Total time for which application threads were stopped: 0.0000725 seconds, Stopping threads took: 0.0000462 seconds
2016-10-24T05:56:16.573+0800: 43.158: Total time for which application threads were stopped: 0.0000663 seconds, Stopping threads took: 0.0000386 seconds
2016-10-24T05:56:16.573+0800: 43.159: Total time for which application threads were stopped: 0.0000455 seconds, Stopping threads took: 0.0000155 seconds
2016-10-24T05:56:16.573+0800: 43.159: Total time for which application threads were stopped: 0.0000507 seconds, Stopping threads took: 0.0000230 seconds
2016-10-24T05:56:16.573+0800: 43.159: Total time for which application threads were stopped: 0.0000672 seconds, Stopping threads took: 0.0000393 seconds
2016-10-24T05:56:16.573+0800: 43.159: Total time for which application threads were stopped: 0.0000528 seconds, Stopping threads took: 0.0000095 seconds
2016-10-24T05:56:16.574+0800: 43.159: Total time for which application threads were stopped: 0.0000787 seconds, Stopping threads took: 0.0000479 seconds
2016-10-24T05:56:16.574+0800: 43.159: Total time for which application threads were stopped: 0.0000791 seconds, Stopping threads took: 0.0000531 seconds
2016-10-24T05:56:16.574+0800: 43.160: Total time for which application threads were stopped: 0.0000543 seconds, Stopping threads took: 0.0000193 seconds
2016-10-24T05:56:16.574+0800: 43.160: Total time for which application threads were stopped: 0.0000468 seconds, Stopping threads took: 0.0000093 seconds
2016-10-24T05:56:16.574+0800: 43.160: Total time for which application threads were stopped: 0.0001204 seconds, Stopping threads took: 0.0000334 seconds
2016-10-24T05:56:17.579+0800: 44.165: Total time for which application threads were stopped: 0.0001866 seconds, Stopping threads took: 0.0000312 seconds
2016-10-24T05:56:39.184+0800: 65.771: Total time for which application threads were stopped: 0.0001071 seconds, Stopping threads took: 0.0000301 seconds
2016-10-24T05:57:33.678+0800: 120.267: Total time for which application threads were stopped: 0.0001359 seconds, Stopping threads took: 0.0000150 seconds
2016-10-24T05:57:33.909+0800: 120.497: Total time for which application threads were stopped: 0.0001541 seconds, Stopping threads took: 0.0000183 seconds
{Heap before GC invocations=7 (full 2):
 par new generation   total 109248K, used 109248K [0x00000007a0000000, 0x00000007a8000000, 0x00000007a8000000)
  eden space 87424K, 100% used [0x00000007a0000000, 0x00000007a5560000, 0x00000007a5560000)
  from space 21824K, 100% used [0x00000007a6ab0000, 0x00000007a8000000, 0x00000007a8000000)
  to   space 21824K,   0% used [0x00000007a5560000, 0x00000007a5560000, 0x00000007a6ab0000)
 concurrent mark-sweep generation total 393216K, used 2361K [0x00000007a8000000, 0x00000007c0000000, 0x00000007c0000000)
 Metaspace       used 38674K, capacity 39258K, committed 39688K, reserved 1083392K
  class space    used 4617K, capacity 4794K, committed 4884K, reserved 1048576K
2016-10-24T05:57:34.096+0800: 120.684: [GC (Allocation Failure) 2016-10-24T05:57:34.096+0800: 120.684: [ParNew
Desired survivor size 20112992 bytes, new threshold 8 (max 8)
- age   1:    5636872 bytes,    5636872 total
- age   2:    6057592 bytes,   11694464 total
- age   3:    4182048 bytes,   15876512 total
- age   4:    1523888 bytes,   17400400 total
- age   5:     179344 bytes,   17579744 total
- age   6:       1288 bytes,   17581032 total
- age   7:     867984 bytes,   18449016 total
: 109248K->21824K(109248K), 0.0439493 secs] 111609K->31544K(502464K), 0.0440248 secs] [Times: user=0.19 sys=0.01, real=0.05 secs] 
Heap after GC invocations=8 (full 2):
 par new generation   total 109248K, used 21824K [0x00000007a0000000, 0x00000007a8000000, 0x00000007a8000000)
  eden space 87424K,   0% used [0x00000007a0000000, 0x00000007a0000000, 0x00000007a5560000)
  from space 21824K, 100% used [0x00000007a5560000, 0x00000007a6ab0000, 0x00000007a6ab0000)
  to   space 21824K,   0% used [0x00000007a6ab0000, 0x00000007a6ab0000, 0x00000007a8000000)
 concurrent mark-sweep generation total 393216K, used 9720K [0x00000007a8000000, 0x00000007c0000000, 0x00000007c0000000)
 Metaspace       used 38674K, capacity 39258K, committed 39688K, reserved 1083392K
  class space    used 4617K, capacity 4794K, committed 4884K, reserved 1048576K
}
2016-10-24T05:57:34.140+0800: 120.729: Total time for which application threads were stopped: 0.0441843 seconds, Stopping threads took: 0.0000175 seconds
{Heap before GC invocations=8 (full 2):
 par new generation   total 109248K, used 109248K [0x00000007a0000000, 0x00000007a8000000, 0x00000007a8000000)
  eden space 87424K, 100% used [0x00000007a0000000, 0x00000007a5560000, 0x00000007a5560000)
  from space 21824K, 100% used [0x00000007a5560000, 0x00000007a6ab0000, 0x00000007a6ab0000)
  to   space 21824K,   0% used [0x00000007a6ab0000, 0x00000007a6ab0000, 0x00000007a8000000)
 concurrent mark-sweep generation total 393216K, used 9720K [0x00000007a8000000, 0x00000007c0000000, 0x00000007c0000000)
 Metaspace       used 38685K, capacity 39258K, committed 39688K, reserved 1083392K
  class space    used 4618K, capacity 4794K, committed 4884K, reserved 1048576K
2016-10-24T05:57:34.524+0800: 121.112: [GC (Allocation Failure) 2016-10-24T05:57:34.524+0800: 121.112: [ParNew
Desired survivor size 20112992 bytes, new threshold 8 (max 8)
- age   1:    4848576 bytes,    4848576 total
- age   2:    3552072 bytes,    8400648 total
- age   3:    6057592 bytes,   14458240 total
- age   4:    3872544 bytes,   18330784 total
- age   5:    1523736 bytes,   19854520 total
- age   6:     179344 bytes,   20033864 total
- age   7:       1288 bytes,   20035152 total
- age   8:     867984 bytes,   20903136 total
: 109248K->21824K(109248K), 0.0121530 secs] 118968K->34026K(502464K), 0.0122376 secs] [Times: user=0.04 sys=0.00, real=0.01 secs] 
Heap after GC invocations=9 (full 2):
 par new generation   total 109248K, used 21824K [0x00000007a0000000, 0x00000007a8000000, 0x00000007a8000000)
  eden space 87424K,   0% used [0x00000007a0000000, 0x00000007a0000000, 0x00000007a5560000)
  from space 21824K, 100% used [0x00000007a6ab0000, 0x00000007a8000000, 0x00000007a8000000)
  to   space 21824K,   0% used [0x00000007a5560000, 0x00000007a5560000, 0x00000007a6ab0000)
 concurrent mark-sweep generation total 393216K, used 12202K [0x00000007a8000000, 0x00000007c0000000, 0x00000007c0000000)
 Metaspace       used 38685K, capacity 39258K, committed 39688K, reserved 1083392K
  class space    used 4618K, capacity 4794K, committed 4884K, reserved 1048576K
}
2016-10-24T05:57:34.536+0800: 121.124: Total time for which application threads were stopped: 0.0124464 seconds, Stopping threads took: 0.0000295 seconds
{Heap before GC invocations=9 (full 2):
 par new generation   total 109248K, used 109248K [0x00000007a0000000, 0x00000007a8000000, 0x00000007a8000000)
  eden space 87424K, 100% used [0x00000007a0000000, 0x00000007a5560000, 0x00000007a5560000)
  from space 21824K, 100% used [0x00000007a6ab0000, 0x00000007a8000000, 0x00000007a8000000)
  to   space 21824K,   0% used [0x00000007a5560000, 0x00000007a5560000, 0x00000007a6ab0000)
 concurrent mark-sweep generation total 393216K, used 12202K [0x00000007a8000000, 0x00000007c0000000, 0x00000007c0000000)
 Metaspace       used 38755K, capacity 39386K, committed 39944K, reserved 1085440K
  class space    used 4618K, capacity 4794K, committed 4884K, reserved 1048576K
2016-10-24T05:57:34.881+0800: 121.469: [GC (Allocation Failure) 2016-10-24T05:57:34.881+0800: 121.469: [ParNew
Desired survivor size 20112992 bytes, new threshold 6 (max 8)
- age   1:    4746640 bytes,    4746640 total
- age   2:    1900512 bytes,    6647152 total
- age   3:    2793296 bytes,    9440448 total
- age   4:    6057592 bytes,   15498040 total
- age   5:    3667624 bytes,   19165664 total
- age   6:    1523736 bytes,   20689400 total
- age   7:     179344 bytes,   20868744 total
- age   8:       1288 bytes,   20870032 total
: 109248K->21824K(109248K), 0.0175929 secs] 121450K->39245K(502464K), 0.0176625 secs] [Times: user=0.07 sys=0.01, real=0.01 secs] 
Heap after GC invocations=10 (full 2):
 par new generation   total 109248K, used 21824K [0x00000007a0000000, 0x00000007a8000000, 0x00000007a8000000)
  eden space 87424K,   0% used [0x00000007a0000000, 0x00000007a0000000, 0x00000007a5560000)
  from space 21824K, 100% used [0x00000007a5560000, 0x00000007a6ab0000, 0x00000007a6ab0000)
  to   space 21824K,   0% used [0x00000007a6ab0000, 0x00000007a6ab0000, 0x00000007a8000000)
 concurrent mark-sweep generation total 393216K, used 17421K [0x00000007a8000000, 0x00000007c0000000, 0x00000007c0000000)
 Metaspace       used 38755K, capacity 39386K, committed 39944K, reserved 1085440K
  class space    used 4618K, capacity 4794K, committed 4884K, reserved 1048576K
}
2016-10-24T05:57:34.898+0800: 121.486: Total time for which application threads were stopped: 0.0178602 seconds, Stopping threads took: 0.0000377 seconds
{Heap before GC invocations=10 (full 2):
 par new generation   total 109248K, used 109248K [0x00000007a0000000, 0x00000007a8000000, 0x00000007a8000000)
  eden space 87424K, 100% used [0x00000007a0000000, 0x00000007a5560000, 0x00000007a5560000)
  from space 21824K, 100% used [0x00000007a5560000, 0x00000007a6ab0000, 0x00000007a6ab0000)
  to   space 21824K,   0% used [0x00000007a6ab0000, 0x00000007a6ab0000, 0x00000007a8000000)
 concurrent mark-sweep generation total 393216K, used 17421K [0x00000007a8000000, 0x00000007c0000000, 0x00000007c0000000)
 Metaspace       used 38763K, capacity 39450K, committed 39944K, reserved 1085440K
  class space    used 4618K, capacity 4794K, committed 4884K, reserved 1048576K
2016-10-24T05:57:35.233+0800: 121.821: [GC (Allocation Failure) 2016-10-24T05:57:35.233+0800: 121.821: [ParNew
Desired survivor size 20112992 bytes, new threshold 6 (max 8)
- age   1:    6731536 bytes,    6731536 total
- age   2:    2641952 bytes,    9373488 total
- age   3:    1553344 bytes,   10926832 total
- age   4:    1764256 bytes,   12691088 total
- age   5:    5353664 bytes,   18044752 total
- age   6:    3436624 bytes,   21481376 total
: 109248K->21824K(109248K), 0.0191718 secs] 126669K->44358K(502464K), 0.0192528 secs] [Times: user=0.08 sys=0.00, real=0.02 secs] 
Heap after GC invocations=11 (full 2):
 par new generation   total 109248K, used 21824K [0x00000007a0000000, 0x00000007a8000000, 0x00000007a8000000)
  eden space 87424K,   0% used [0x00000007a0000000, 0x00000007a0000000, 0x00000007a5560000)
  from space 21824K, 100% used [0x00000007a6ab0000, 0x00000007a8000000, 0x00000007a8000000)
  to   space 21824K,   0% used [0x00000007a5560000, 0x00000007a5560000, 0x00000007a6ab0000)
 concurrent mark-sweep generation total 393216K, used 22534K [0x00000007a8000000, 0x00000007c0000000, 0x00000007c0000000)
 Metaspace       used 38763K, capacity 39450K, committed 39944K, reserved 1085440K
  class space    used 4618K, capacity 4794K, committed 4884K, reserved 1048576K
}
2016-10-24T05:57:35.252+0800: 121.841: Total time for which application threads were stopped: 0.0194656 seconds, Stopping threads took: 0.0000522 seconds
{Heap before GC invocations=11 (full 2):
 par new generation   total 109248K, used 109248K [0x00000007a0000000, 0x00000007a8000000, 0x00000007a8000000)
  eden space 87424K, 100% used [0x00000007a0000000, 0x00000007a5560000, 0x00000007a5560000)
  from space 21824K, 100% used [0x00000007a6ab0000, 0x00000007a8000000, 0x00000007a8000000)
  to   space 21824K,   0% used [0x00000007a5560000, 0x00000007a5560000, 0x00000007a6ab0000)
 concurrent mark-sweep generation total 393216K, used 22534K [0x00000007a8000000, 0x00000007c0000000, 0x00000007c0000000)
 Metaspace       used 38770K, capacity 39450K, committed 39944K, reserved 1085440K
  class space    used 4618K, capacity 4794K, committed 4884K, reserved 1048576K
2016-10-24T05:57:35.590+0800: 122.179: [GC (Allocation Failure) 2016-10-24T05:57:35.590+0800: 122.179: [ParNew
Desired survivor size 20112992 bytes, new threshold 8 (max 8)
- age   1:    5402696 bytes,    5402696 total
- age   2:    3758296 bytes,    9160992 total
- age   3:    2208288 bytes,   11369280 total
- age   4:    1433840 bytes,   12803120 total
- age   5:    1655000 bytes,   14458120 total
- age   6:    5349616 bytes,   19807736 total
: 109248K->21824K(109248K), 0.0165003 secs] 131782K->50943K(502464K), 0.0165700 secs] [Times: user=0.06 sys=0.00, real=0.01 secs] 
Heap after GC invocations=12 (full 2):
 par new generation   total 109248K, used 21824K [0x00000007a0000000, 0x00000007a8000000, 0x00000007a8000000)
  eden space 87424K,   0% used [0x00000007a0000000, 0x00000007a0000000, 0x00000007a5560000)
  from space 21824K, 100% used [0x00000007a5560000, 0x00000007a6ab0000, 0x00000007a6ab0000)
  to   space 21824K,   0% used [0x00000007a6ab0000, 0x00000007a6ab0000, 0x00000007a8000000)
 concurrent mark-sweep generation total 393216K, used 29119K [0x00000007a8000000, 0x00000007c0000000, 0x00000007c0000000)
 Metaspace       used 38770K, capacity 39450K, committed 39944K, reserved 1085440K
  class space    used 4618K, capacity 4794K, committed 4884K, reserved 1048576K
}
2016-10-24T05:57:35.607+0800: 122.195: Total time for which application threads were stopped: 0.0167377 seconds, Stopping threads took: 0.0000292 seconds
{Heap before GC invocations=12 (full 2):
 par new generation   total 109248K, used 109248K [0x00000007a0000000, 0x00000007a8000000, 0x00000007a8000000)
  eden space 87424K, 100% used [0x00000007a0000000, 0x00000007a5560000, 0x00000007a5560000)
  from space 21824K, 100% used [0x00000007a5560000, 0x00000007a6ab0000, 0x00000007a6ab0000)
  to   space 21824K,   0% used [0x00000007a6ab0000, 0x00000007a6ab0000, 0x00000007a8000000)
 concurrent mark-sweep generation total 393216K, used 29119K [0x00000007a8000000, 0x00000007c0000000, 0x00000007c0000000)
 Metaspace       used 38775K, capacity 39450K, committed 39944K, reserved 1085440K
  class space    used 4618K, capacity 4794K, committed 4884K, reserved 1048576K
2016-10-24T05:57:35.942+0800: 122.530: [GC (Allocation Failure) 2016-10-24T05:57:35.942+0800: 122.530: [ParNew
Desired survivor size 20112992 bytes, new threshold 8 (max 8)
- age   1:    6275440 bytes,    6275440 total
- age   2:    2411896 bytes,    8687336 total
- age   3:    2746600 bytes,   11433936 total
- age   4:    2133992 bytes,   13567928 total
- age   5:    1390048 bytes,   14957976 total
- age   6:    1633680 bytes,   16591656 total
- age   7:    2697616 bytes,   19289272 total
: 109248K->21824K(109248K), 0.0148454 secs] 138367K->57166K(502464K), 0.0149237 secs] [Times: user=0.05 sys=0.01, real=0.01 secs] 
Heap after GC invocations=13 (full 2):
 par new generation   total 109248K, used 21824K [0x00000007a0000000, 0x00000007a8000000, 0x00000007a8000000)
  eden space 87424K,   0% used [0x00000007a0000000, 0x00000007a0000000, 0x00000007a5560000)
  from space 21824K, 100% used [0x00000007a6ab0000, 0x00000007a8000000, 0x00000007a8000000)
  to   space 21824K,   0% used [0x00000007a5560000, 0x00000007a5560000, 0x00000007a6ab0000)
 concurrent mark-sweep generation total 393216K, used 35342K [0x00000007a8000000, 0x00000007c0000000, 0x00000007c0000000)
 Metaspace       used 38775K, capacity 39450K, committed 39944K, reserved 1085440K
  class space    used 4618K, capacity 4794K, committed 4884K, reserved 1048576K
}
2016-10-24T05:57:35.957+0800: 122.545: Total time for which application threads were stopped: 0.0150950 seconds, Stopping threads took: 0.0000307 seconds
{Heap before GC invocations=13 (full 2):
 par new generation   total 109248K, used 109248K [0x00000007a0000000, 0x00000007a8000000, 0x00000007a8000000)
  eden space 87424K, 100% used [0x00000007a0000000, 0x00000007a5560000, 0x00000007a5560000)
  from space 21824K, 100% used [0x00000007a6ab0000, 0x00000007a8000000, 0x00000007a8000000)
  to   space 21824K,   0% used [0x00000007a5560000, 0x00000007a5560000, 0x00000007a6ab0000)
 concurrent mark-sweep generation total 393216K, used 35342K [0x00000007a8000000, 0x00000007c0000000, 0x00000007c0000000)
 Metaspace       used 38776K, capacity 39450K, committed 39944K, reserved 1085440K
  class space    used 4618K, capacity 4794K, committed 4884K, reserved 1048576K
2016-10-24T05:57:36.300+0800: 122.888: [GC (Allocation Failure) 2016-10-24T05:57:36.300+0800: 122.888: [ParNew
Desired survivor size 20112992 bytes, new threshold 8 (max 8)
- age   1:    6307520 bytes,    6307520 total
- age   2:    3184824 bytes,    9492344 total
- age   3:    1968952 bytes,   11461296 total
- age   4:    1759624 bytes,   13220920 total
- age   5:    1943824 bytes,   15164744 total
- age   6:    1317344 bytes,   16482088 total
- age   7:    1561192 bytes,   18043280 total
- age   8:    2647200 bytes,   20690480 total
: 109248K->21824K(109248K), 0.0152190 secs] 144590K->60729K(502464K), 0.0152946 secs] [Times: user=0.05 sys=0.00, real=0.01 secs] 
Heap after GC invocations=14 (full 2):
 par new generation   total 109248K, used 21824K [0x00000007a0000000, 0x00000007a8000000, 0x00000007a8000000)
  eden space 87424K,   0% used [0x00000007a0000000, 0x00000007a0000000, 0x00000007a5560000)
  from space 21824K, 100% used [0x00000007a5560000, 0x00000007a6ab0000, 0x00000007a6ab0000)
  to   space 21824K,   0% used [0x00000007a6ab0000, 0x00000007a6ab0000, 0x00000007a8000000)
 concurrent mark-sweep generation total 393216K, used 38905K [0x00000007a8000000, 0x00000007c0000000, 0x00000007c0000000)
 Metaspace       used 38776K, capacity 39450K, committed 39944K, reserved 1085440K
  class space    used 4618K, capacity 4794K, committed 4884K, reserved 1048576K
}
2016-10-24T05:57:36.316+0800: 122.904: Total time for which application threads were stopped: 0.0154601 seconds, Stopping threads took: 0.0000290 seconds
{Heap before GC invocations=14 (full 2):
 par new generation   total 109248K, used 109248K [0x00000007a0000000, 0x00000007a8000000, 0x00000007a8000000)
  eden space 87424K, 100% used [0x00000007a0000000, 0x00000007a5560000, 0x00000007a5560000)
  from space 21824K, 100% used [0x00000007a5560000, 0x00000007a6ab0000, 0x00000007a6ab0000)
  to   space 21824K,   0% used [0x00000007a6ab0000, 0x00000007a6ab0000, 0x00000007a8000000)
 concurrent mark-sweep generation total 393216K, used 38905K [0x00000007a8000000, 0x00000007c0000000, 0x00000007c0000000)
 Metaspace       used 38778K, capacity 39450K, committed 39944K, reserved 1085440K
  class space    used 4618K, capacity 4794K, committed 4884K, reserved 1048576K
2016-10-24T05:57:36.672+0800: 123.260: [GC (Allocation Failure) 2016-10-24T05:57:36.672+0800: 123.260: [ParNew
Desired survivor size 20112992 bytes, new threshold 8 (max 8)
- age   1:    5300504 bytes,    5300504 total
- age   2:    2562384 bytes,    7862888 total
- age   3:    2951104 bytes,   10813992 total
- age   4:    1850080 bytes,   12664072 total
- age   5:    1688088 bytes,   14352160 total
- age   6:    1894160 bytes,   16246320 total
- age   7:    1275336 bytes,   17521656 total
- age   8:    1205720 bytes,   18727376 total
: 109248K->21824K(109248K), 0.0185323 secs] 148153K->67452K(502464K), 0.0186090 secs] [Times: user=0.06 sys=0.00, real=0.02 secs] 
Heap after GC invocations=15 (full 2):
 par new generation   total 109248K, used 21824K [0x00000007a0000000, 0x00000007a8000000, 0x00000007a8000000)
  eden space 87424K,   0% used [0x00000007a0000000, 0x00000007a0000000, 0x00000007a5560000)
  from space 21824K, 100% used [0x00000007a6ab0000, 0x00000007a8000000, 0x00000007a8000000)
  to   space 21824K,   0% used [0x00000007a5560000, 0x00000007a5560000, 0x00000007a6ab0000)
 concurrent mark-sweep generation total 393216K, used 45628K [0x00000007a8000000, 0x00000007c0000000, 0x00000007c0000000)
 Metaspace       used 38778K, capacity 39450K, committed 39944K, reserved 1085440K
  class space    used 4618K, capacity 4794K, committed 4884K, reserved 1048576K
}
2016-10-24T05:57:36.690+0800: 123.278: Total time for which application threads were stopped: 0.0187810 seconds, Stopping threads took: 0.0000295 seconds
{Heap before GC invocations=15 (full 2):
 par new generation   total 109248K, used 109248K [0x00000007a0000000, 0x00000007a8000000, 0x00000007a8000000)
  eden space 87424K, 100% used [0x00000007a0000000, 0x00000007a5560000, 0x00000007a5560000)
  from space 21824K, 100% used [0x00000007a6ab0000, 0x00000007a8000000, 0x00000007a8000000)
  to   space 21824K,   0% used [0x00000007a5560000, 0x00000007a5560000, 0x00000007a6ab0000)
 concurrent mark-sweep generation total 393216K, used 45628K [0x00000007a8000000, 0x00000007c0000000, 0x00000007c0000000)
 Metaspace       used 38778K, capacity 39450K, committed 39944K, reserved 1085440K
  class space    used 4618K, capacity 4794K, committed 4884K, reserved 1048576K
2016-10-24T05:57:37.020+0800: 123.608: [GC (Allocation Failure) 2016-10-24T05:57:37.020+0800: 123.608: [ParNew
Desired survivor size 20112992 bytes, new threshold 8 (max 8)
- age   1:    6183944 bytes,    6183944 total
- age   2:    1455760 bytes,    7639704 total
- age   3:    2403856 bytes,   10043560 total
- age   4:    2805000 bytes,   12848560 total
- age   5:    1676528 bytes,   14525088 total
- age   6:    1543016 bytes,   16068104 total
- age   7:    1630592 bytes,   17698696 total
- age   8:    1164400 bytes,   18863096 total
: 109248K->21824K(109248K), 0.0163264 secs] 154876K->73206K(502464K), 0.0164028 secs] [Times: user=0.06 sys=0.00, real=0.01 secs] 
Heap after GC invocations=16 (full 2):
 par new generation   total 109248K, used 21824K [0x00000007a0000000, 0x00000007a8000000, 0x00000007a8000000)
  eden space 87424K,   0% used [0x00000007a0000000, 0x00000007a0000000, 0x00000007a5560000)
  from space 21824K, 100% used [0x00000007a5560000, 0x00000007a6ab0000, 0x00000007a6ab0000)
  to   space 21824K,   0% used [0x00000007a6ab0000, 0x00000007a6ab0000, 0x00000007a8000000)
 concurrent mark-sweep generation total 393216K, used 51382K [0x00000007a8000000, 0x00000007c0000000, 0x00000007c0000000)
 Metaspace       used 38778K, capacity 39450K, committed 39944K, reserved 1085440K
  class space    used 4618K, capacity 4794K, committed 4884K, reserved 1048576K
}
2016-10-24T05:57:37.036+0800: 123.625: Total time for which application threads were stopped: 0.0165706 seconds, Stopping threads took: 0.0000227 seconds
{Heap before GC invocations=16 (full 2):
 par new generation   total 109248K, used 109248K [0x00000007a0000000, 0x00000007a8000000, 0x00000007a8000000)
  eden space 87424K, 100% used [0x00000007a0000000, 0x00000007a5560000, 0x00000007a5560000)
  from space 21824K, 100% used [0x00000007a5560000, 0x00000007a6ab0000, 0x00000007a6ab0000)
  to   space 21824K,   0% used [0x00000007a6ab0000, 0x00000007a6ab0000, 0x00000007a8000000)
 concurrent mark-sweep generation total 393216K, used 51382K [0x00000007a8000000, 0x00000007c0000000, 0x00000007c0000000)
 Metaspace       used 38779K, capacity 39450K, committed 39944K, reserved 1085440K
  class space    used 4618K, capacity 4794K, committed 4884K, reserved 1048576K
2016-10-24T05:57:37.382+0800: 123.970: [GC (Allocation Failure) 2016-10-24T05:57:37.382+0800: 123.970: [ParNew
Desired survivor size 20112992 bytes, new threshold 8 (max 8)
- age   1:    6941680 bytes,    6941680 total
- age   2:    2744168 bytes,    9685848 total
- age   3:    1086432 bytes,   10772280 total
- age   4:    2111784 bytes,   12884064 total
- age   5:    2525216 bytes,   15409280 total
- age   6:    1497696 bytes,   16906976 total
- age   7:    1324488 bytes,   18231464 total
- age   8:    1513072 bytes,   19744536 total
: 109248K->21824K(109248K), 0.0178382 secs] 160630K->78641K(502464K), 0.0179010 secs] [Times: user=0.06 sys=0.00, real=0.02 secs] 
Heap after GC invocations=17 (full 2):
 par new generation   total 109248K, used 21824K [0x00000007a0000000, 0x00000007a8000000, 0x00000007a8000000)
  eden space 87424K,   0% used [0x00000007a0000000, 0x00000007a0000000, 0x00000007a5560000)
  from space 21824K, 100% used [0x00000007a6ab0000, 0x00000007a8000000, 0x00000007a8000000)
  to   space 21824K,   0% used [0x00000007a5560000, 0x00000007a5560000, 0x00000007a6ab0000)
 concurrent mark-sweep generation total 393216K, used 56817K [0x00000007a8000000, 0x00000007c0000000, 0x00000007c0000000)
 Metaspace       used 38779K, capacity 39450K, committed 39944K, reserved 1085440K
  class space    used 4618K, capacity 4794K, committed 4884K, reserved 1048576K
}
2016-10-24T05:57:37.400+0800: 123.988: Total time for which application threads were stopped: 0.0180531 seconds, Stopping threads took: 0.0000300 seconds
{Heap before GC invocations=17 (full 2):
 par new generation   total 109248K, used 109248K [0x00000007a0000000, 0x00000007a8000000, 0x00000007a8000000)
  eden space 87424K, 100% used [0x00000007a0000000, 0x00000007a5560000, 0x00000007a5560000)
  from space 21824K, 100% used [0x00000007a6ab0000, 0x00000007a8000000, 0x00000007a8000000)
  to   space 21824K,   0% used [0x00000007a5560000, 0x00000007a5560000, 0x00000007a6ab0000)
 concurrent mark-sweep generation total 393216K, used 56817K [0x00000007a8000000, 0x00000007c0000000, 0x00000007c0000000)
 Metaspace       used 38788K, capacity 39450K, committed 39944K, reserved 1085440K
  class space    used 4618K, capacity 4794K, committed 4884K, reserved 1048576K
2016-10-24T05:57:37.747+0800: 124.336: [GC (Allocation Failure) 2016-10-24T05:57:37.747+0800: 124.336: [ParNew
Desired survivor size 20112992 bytes, new threshold 7 (max 8)
- age   1:    6953760 bytes,    6953760 total
- age   2:    4402960 bytes,   11356720 total
- age   3:    2633176 bytes,   13989896 total
- age   4:     992312 bytes,   14982208 total
- age   5:    2043024 bytes,   17025232 total
- age   6:    2454032 bytes,   19479264 total
- age   7:    1451040 bytes,   20930304 total
- age   8:    1280568 bytes,   22210872 total
: 109248K->21824K(109248K), 0.0143751 secs] 166065K->80947K(502464K), 0.0144384 secs] [Times: user=0.05 sys=0.00, real=0.02 secs] 
Heap after GC invocations=18 (full 2):
 par new generation   total 109248K, used 21824K [0x00000007a0000000, 0x00000007a8000000, 0x00000007a8000000)
  eden space 87424K,   0% used [0x00000007a0000000, 0x00000007a0000000, 0x00000007a5560000)
  from space 21824K, 100% used [0x00000007a5560000, 0x00000007a6ab0000, 0x00000007a6ab0000)
  to   space 21824K,   0% used [0x00000007a6ab0000, 0x00000007a6ab0000, 0x00000007a8000000)
 concurrent mark-sweep generation total 393216K, used 59123K [0x00000007a8000000, 0x00000007c0000000, 0x00000007c0000000)
 Metaspace       used 38788K, capacity 39450K, committed 39944K, reserved 1085440K
  class space    used 4618K, capacity 4794K, committed 4884K, reserved 1048576K
}
2016-10-24T05:57:37.762+0800: 124.350: Total time for which application threads were stopped: 0.0146256 seconds, Stopping threads took: 0.0000304 seconds
{Heap before GC invocations=18 (full 2):
 par new generation   total 109248K, used 109248K [0x00000007a0000000, 0x00000007a8000000, 0x00000007a8000000)
  eden space 87424K, 100% used [0x00000007a0000000, 0x00000007a5560000, 0x00000007a5560000)
  from space 21824K, 100% used [0x00000007a5560000, 0x00000007a6ab0000, 0x00000007a6ab0000)
  to   space 21824K,   0% used [0x00000007a6ab0000, 0x00000007a6ab0000, 0x00000007a8000000)
 concurrent mark-sweep generation total 393216K, used 59123K [0x00000007a8000000, 0x00000007c0000000, 0x00000007c0000000)
 Metaspace       used 38788K, capacity 39450K, committed 39944K, reserved 1085440K
  class space    used 4618K, capacity 4794K, committed 4884K, reserved 1048576K
2016-10-24T05:57:38.082+0800: 124.670: [GC (Allocation Failure) 2016-10-24T05:57:38.082+0800: 124.670: [ParNew
Desired survivor size 20112992 bytes, new threshold 6 (max 8)
- age   1:   10505832 bytes,   10505832 total
- age   2:    3302360 bytes,   13808192 total
- age   3:    2284920 bytes,   16093112 total
- age   4:    2447872 bytes,   18540984 total
- age   5:     847680 bytes,   19388664 total
- age   6:    1672520 bytes,   21061184 total
- age   7:    1275720 bytes,   22336904 total
: 109248K->21824K(109248K), 0.0175077 secs] 168371K->86745K(502464K), 0.0175758 secs] [Times: user=0.05 sys=0.01, real=0.02 secs] 
Heap after GC invocations=19 (full 2):
 par new generation   total 109248K, used 21824K [0x00000007a0000000, 0x00000007a8000000, 0x00000007a8000000)
  eden space 87424K,   0% used [0x00000007a0000000, 0x00000007a0000000, 0x00000007a5560000)
  from space 21824K, 100% used [0x00000007a6ab0000, 0x00000007a8000000, 0x00000007a8000000)
  to   space 21824K,   0% used [0x00000007a5560000, 0x00000007a5560000, 0x00000007a6ab0000)
 concurrent mark-sweep generation total 393216K, used 64921K [0x00000007a8000000, 0x00000007c0000000, 0x00000007c0000000)
 Metaspace       used 38788K, capacity 39450K, committed 39944K, reserved 1085440K
  class space    used 4618K, capacity 4794K, committed 4884K, reserved 1048576K
}
2016-10-24T05:57:38.100+0800: 124.688: Total time for which application threads were stopped: 0.0178282 seconds, Stopping threads took: 0.0000298 seconds
{Heap before GC invocations=19 (full 2):
 par new generation   total 109248K, used 109248K [0x00000007a0000000, 0x00000007a8000000, 0x00000007a8000000)
  eden space 87424K, 100% used [0x00000007a0000000, 0x00000007a5560000, 0x00000007a5560000)
  from space 21824K, 100% used [0x00000007a6ab0000, 0x00000007a8000000, 0x00000007a8000000)
  to   space 21824K,   0% used [0x00000007a5560000, 0x00000007a5560000, 0x00000007a6ab0000)
 concurrent mark-sweep generation total 393216K, used 64921K [0x00000007a8000000, 0x00000007c0000000, 0x00000007c0000000)
 Metaspace       used 38790K, capacity 39450K, committed 39944K, reserved 1085440K
  class space    used 4618K, capacity 4794K, committed 4884K, reserved 1048576K
2016-10-24T05:57:38.406+0800: 124.994: [GC (Allocation Failure) 2016-10-24T05:57:38.406+0800: 124.994: [ParNew
Desired survivor size 20112992 bytes, new threshold 5 (max 8)
- age   1:    7042352 bytes,    7042352 total
- age   2:    6413008 bytes,   13455360 total
- age   3:    3068208 bytes,   16523568 total
- age   4:    2194296 bytes,   18717864 total
- age   5:    2360440 bytes,   21078304 total
- age   6:     795664 bytes,   21873968 total
: 109248K->21824K(109248K), 0.0193752 secs] 174169K->92005K(502464K), 0.0194405 secs] [Times: user=0.06 sys=0.00, real=0.02 secs] 
Heap after GC invocations=20 (full 2):
 par new generation   total 109248K, used 21824K [0x00000007a0000000, 0x00000007a8000000, 0x00000007a8000000)
  eden space 87424K,   0% used [0x00000007a0000000, 0x00000007a0000000, 0x00000007a5560000)
  from space 21824K, 100% used [0x00000007a5560000, 0x00000007a6ab0000, 0x00000007a6ab0000)
  to   space 21824K,   0% used [0x00000007a6ab0000, 0x00000007a6ab0000, 0x00000007a8000000)
 concurrent mark-sweep generation total 393216K, used 70181K [0x00000007a8000000, 0x00000007c0000000, 0x00000007c0000000)
 Metaspace       used 38790K, capacity 39450K, committed 39944K, reserved 1085440K
  class space    used 4618K, capacity 4794K, committed 4884K, reserved 1048576K
}
2016-10-24T05:57:38.425+0800: 125.014: Total time for which application threads were stopped: 0.0196257 seconds, Stopping threads took: 0.0000331 seconds
{Heap before GC invocations=20 (full 2):
 par new generation   total 109248K, used 109248K [0x00000007a0000000, 0x00000007a8000000, 0x00000007a8000000)
  eden space 87424K, 100% used [0x00000007a0000000, 0x00000007a5560000, 0x00000007a5560000)
  from space 21824K, 100% used [0x00000007a5560000, 0x00000007a6ab0000, 0x00000007a6ab0000)
  to   space 21824K,   0% used [0x00000007a6ab0000, 0x00000007a6ab0000, 0x00000007a8000000)
 concurrent mark-sweep generation total 393216K, used 70181K [0x00000007a8000000, 0x00000007c0000000, 0x00000007c0000000)
 Metaspace       used 38792K, capacity 39450K, committed 39944K, reserved 1085440K
  class space    used 4618K, capacity 4794K, committed 4884K, reserved 1048576K
2016-10-24T05:57:38.699+0800: 125.287: [GC (Allocation Failure) 2016-10-24T05:57:38.699+0800: 125.287: [ParNew
Desired survivor size 20112992 bytes, new threshold 5 (max 8)
- age   1:    7788552 bytes,    7788552 total
- age   2:    2412248 bytes,   10200800 total
- age   3:    6033688 bytes,   16234488 total
- age   4:    2901144 bytes,   19135632 total
- age   5:    2023080 bytes,   21158712 total
: 109248K->21824K(109248K), 0.0199599 secs] 179429K->97484K(502464K), 0.0200317 secs] [Times: user=0.06 sys=0.00, real=0.02 secs] 
Heap after GC invocations=21 (full 2):
 par new generation   total 109248K, used 21824K [0x00000007a0000000, 0x00000007a8000000, 0x00000007a8000000)
  eden space 87424K,   0% used [0x00000007a0000000, 0x00000007a0000000, 0x00000007a5560000)
  from space 21824K, 100% used [0x00000007a6ab0000, 0x00000007a8000000, 0x00000007a8000000)
  to   space 21824K,   0% used [0x00000007a5560000, 0x00000007a5560000, 0x00000007a6ab0000)
 concurrent mark-sweep generation total 393216K, used 75660K [0x00000007a8000000, 0x00000007c0000000, 0x00000007c0000000)
 Metaspace       used 38792K, capacity 39450K, committed 39944K, reserved 1085440K
  class space    used 4618K, capacity 4794K, committed 4884K, reserved 1048576K
}
2016-10-24T05:57:38.719+0800: 125.307: Total time for which application threads were stopped: 0.0202191 seconds, Stopping threads took: 0.0000221 seconds
{Heap before GC invocations=21 (full 2):
 par new generation   total 109248K, used 109248K [0x00000007a0000000, 0x00000007a8000000, 0x00000007a8000000)
  eden space 87424K, 100% used [0x00000007a0000000, 0x00000007a5560000, 0x00000007a5560000)
  from space 21824K, 100% used [0x00000007a6ab0000, 0x00000007a8000000, 0x00000007a8000000)
  to   space 21824K,   0% used [0x00000007a5560000, 0x00000007a5560000, 0x00000007a6ab0000)
 concurrent mark-sweep generation total 393216K, used 75660K [0x00000007a8000000, 0x00000007c0000000, 0x00000007c0000000)
 Metaspace       used 38797K, capacity 39450K, committed 39944K, reserved 1085440K
  class space    used 4618K, capacity 4794K, committed 4884K, reserved 1048576K
2016-10-24T05:57:39.012+0800: 125.601: [GC (Allocation Failure) 2016-10-24T05:57:39.012+0800: 125.601: [ParNew
Desired survivor size 20112992 bytes, new threshold 8 (max 8)
- age   1:    6581488 bytes,    6581488 total
- age   2:    3518248 bytes,   10099736 total
- age   3:    2067408 bytes,   12167144 total
- age   4:    4682248 bytes,   16849392 total
- age   5:    2679824 bytes,   19529216 total
: 109248K->21824K(109248K), 0.0189124 secs] 184908K->103813K(502464K), 0.0189825 secs] [Times: user=0.07 sys=0.01, real=0.02 secs] 
Heap after GC invocations=22 (full 2):
 par new generation   total 109248K, used 21824K [0x00000007a0000000, 0x00000007a8000000, 0x00000007a8000000)
  eden space 87424K,   0% used [0x00000007a0000000, 0x00000007a0000000, 0x00000007a5560000)
  from space 21824K, 100% used [0x00000007a5560000, 0x00000007a6ab0000, 0x00000007a6ab0000)
  to   space 21824K,   0% used [0x00000007a6ab0000, 0x00000007a6ab0000, 0x00000007a8000000)
 concurrent mark-sweep generation total 393216K, used 81989K [0x00000007a8000000, 0x00000007c0000000, 0x00000007c0000000)
 Metaspace       used 38797K, capacity 39450K, committed 39944K, reserved 1085440K
  class space    used 4618K, capacity 4794K, committed 4884K, reserved 1048576K
}
2016-10-24T05:57:39.031+0800: 125.620: Total time for which application threads were stopped: 0.0191680 seconds, Stopping threads took: 0.0000322 seconds
{Heap before GC invocations=22 (full 2):
 par new generation   total 109248K, used 109248K [0x00000007a0000000, 0x00000007a8000000, 0x00000007a8000000)
  eden space 87424K, 100% used [0x00000007a0000000, 0x00000007a5560000, 0x00000007a5560000)
  from space 21824K, 100% used [0x00000007a5560000, 0x00000007a6ab0000, 0x00000007a6ab0000)
  to   space 21824K,   0% used [0x00000007a6ab0000, 0x00000007a6ab0000, 0x00000007a8000000)
 concurrent mark-sweep generation total 393216K, used 81989K [0x00000007a8000000, 0x00000007c0000000, 0x00000007c0000000)
 Metaspace       used 38797K, capacity 39450K, committed 39944K, reserved 1085440K
  class space    used 4618K, capacity 4794K, committed 4884K, reserved 1048576K
2016-10-24T05:57:39.333+0800: 125.921: [GC (Allocation Failure) 2016-10-24T05:57:39.333+0800: 125.921: [ParNew
Desired survivor size 20112992 bytes, new threshold 6 (max 8)
- age   1:    8969896 bytes,    8969896 total
- age   2:    2858000 bytes,   11827896 total
- age   3:    1887488 bytes,   13715384 total
- age   4:    1619128 bytes,   15334512 total
- age   5:    4307504 bytes,   19642016 total
- age   6:    2278888 bytes,   21920904 total
: 109248K->21824K(109248K), 0.0207286 secs] 191237K->110973K(502464K), 0.0207804 secs] [Times: user=0.07 sys=0.00, real=0.02 secs] 
Heap after GC invocations=23 (full 2):
 par new generation   total 109248K, used 21824K [0x00000007a0000000, 0x00000007a8000000, 0x00000007a8000000)
  eden space 87424K,   0% used [0x00000007a0000000, 0x00000007a0000000, 0x00000007a5560000)
  from space 21824K, 100% used [0x00000007a6ab0000, 0x00000007a8000000, 0x00000007a8000000)
  to   space 21824K,   0% used [0x00000007a5560000, 0x00000007a5560000, 0x00000007a6ab0000)
 concurrent mark-sweep generation total 393216K, used 89149K [0x00000007a8000000, 0x00000007c0000000, 0x00000007c0000000)
 Metaspace       used 38797K, capacity 39450K, committed 39944K, reserved 1085440K
  class space    used 4618K, capacity 4794K, committed 4884K, reserved 1048576K
}
2016-10-24T05:57:39.354+0800: 125.942: Total time for which application threads were stopped: 0.0209631 seconds, Stopping threads took: 0.0000319 seconds
{Heap before GC invocations=23 (full 2):
 par new generation   total 109248K, used 109248K [0x00000007a0000000, 0x00000007a8000000, 0x00000007a8000000)
  eden space 87424K, 100% used [0x00000007a0000000, 0x00000007a5560000, 0x00000007a5560000)
  from space 21824K, 100% used [0x00000007a6ab0000, 0x00000007a8000000, 0x00000007a8000000)
  to   space 21824K,   0% used [0x00000007a5560000, 0x00000007a5560000, 0x00000007a6ab0000)
 concurrent mark-sweep generation total 393216K, used 89149K [0x00000007a8000000, 0x00000007c0000000, 0x00000007c0000000)
 Metaspace       used 38797K, capacity 39450K, committed 39944K, reserved 1085440K
  class space    used 4618K, capacity 4794K, committed 4884K, reserved 1048576K
2016-10-24T05:57:39.661+0800: 126.249: [GC (Allocation Failure) 2016-10-24T05:57:39.661+0800: 126.249: [ParNew
Desired survivor size 20112992 bytes, new threshold 6 (max 8)
- age   1:    5116200 bytes,    5116200 total
- age   2:    6224008 bytes,   11340208 total
- age   3:    2533912 bytes,   13874120 total
- age   4:    1533024 bytes,   15407144 total
- age   5:    1533248 bytes,   16940392 total
- age   6:    4252344 bytes,   21192736 total
: 109248K->21824K(109248K), 0.0173765 secs] 198397K->117102K(502464K), 0.0174608 secs] [Times: user=0.06 sys=0.00, real=0.01 secs] 
Heap after GC invocations=24 (full 2):
 par new generation   total 109248K, used 21824K [0x00000007a0000000, 0x00000007a8000000, 0x00000007a8000000)
  eden space 87424K,   0% used [0x00000007a0000000, 0x00000007a0000000, 0x00000007a5560000)
  from space 21824K, 100% used [0x00000007a5560000, 0x00000007a6ab0000, 0x00000007a6ab0000)
  to   space 21824K,   0% used [0x00000007a6ab0000, 0x00000007a6ab0000, 0x00000007a8000000)
 concurrent mark-sweep generation total 393216K, used 95278K [0x00000007a8000000, 0x00000007c0000000, 0x00000007c0000000)
 Metaspace       used 38797K, capacity 39450K, committed 39944K, reserved 1085440K
  class space    used 4618K, capacity 4794K, committed 4884K, reserved 1048576K
}
2016-10-24T05:57:39.678+0800: 126.266: Total time for which application threads were stopped: 0.0176368 seconds, Stopping threads took: 0.0000297 seconds
{Heap before GC invocations=24 (full 2):
 par new generation   total 109248K, used 109248K [0x00000007a0000000, 0x00000007a8000000, 0x00000007a8000000)
  eden space 87424K, 100% used [0x00000007a0000000, 0x00000007a5560000, 0x00000007a5560000)
  from space 21824K, 100% used [0x00000007a5560000, 0x00000007a6ab0000, 0x00000007a6ab0000)
  to   space 21824K,   0% used [0x00000007a6ab0000, 0x00000007a6ab0000, 0x00000007a8000000)
 concurrent mark-sweep generation total 393216K, used 95278K [0x00000007a8000000, 0x00000007c0000000, 0x00000007c0000000)
 Metaspace       used 38797K, capacity 39450K, committed 39944K, reserved 1085440K
  class space    used 4618K, capacity 4794K, committed 4884K, reserved 1048576K
2016-10-24T05:57:39.975+0800: 126.564: [GC (Allocation Failure) 2016-10-24T05:57:39.975+0800: 126.564: [ParNew
Desired survivor size 20112992 bytes, new threshold 8 (max 8)
- age   1:    8262744 bytes,    8262744 total
- age   2:    4360064 bytes,   12622808 total
- age   3:    1975824 bytes,   14598632 total
- age   4:    2248160 bytes,   16846792 total
- age   5:    1339736 bytes,   18186528 total
- age   6:    1343680 bytes,   19530208 total
: 109248K->21824K(109248K), 0.0204362 secs] 204526K->125204K(502464K), 0.0204970 secs] [Times: user=0.07 sys=0.01, real=0.02 secs] 
Heap after GC invocations=25 (full 2):
 par new generation   total 109248K, used 21824K [0x00000007a0000000, 0x00000007a8000000, 0x00000007a8000000)
  eden space 87424K,   0% used [0x00000007a0000000, 0x00000007a0000000, 0x00000007a5560000)
  from space 21824K, 100% used [0x00000007a6ab0000, 0x00000007a8000000, 0x00000007a8000000)
  to   space 21824K,   0% used [0x00000007a5560000, 0x00000007a5560000, 0x00000007a6ab0000)
 concurrent mark-sweep generation total 393216K, used 103380K [0x00000007a8000000, 0x00000007c0000000, 0x00000007c0000000)
 Metaspace       used 38797K, capacity 39450K, committed 39944K, reserved 1085440K
  class space    used 4618K, capacity 4794K, committed 4884K, reserved 1048576K
}
2016-10-24T05:57:39.996+0800: 126.584: Total time for which application threads were stopped: 0.0206678 seconds, Stopping threads took: 0.0000287 seconds
{Heap before GC invocations=25 (full 2):
 par new generation   total 109248K, used 109248K [0x00000007a0000000, 0x00000007a8000000, 0x00000007a8000000)
  eden space 87424K, 100% used [0x00000007a0000000, 0x00000007a5560000, 0x00000007a5560000)
  from space 21824K, 100% used [0x00000007a6ab0000, 0x00000007a8000000, 0x00000007a8000000)
  to   space 21824K,   0% used [0x00000007a5560000, 0x00000007a5560000, 0x00000007a6ab0000)
 concurrent mark-sweep generation total 393216K, used 103380K [0x00000007a8000000, 0x00000007c0000000, 0x00000007c0000000)
 Metaspace       used 38797K, capacity 39450K, committed 39944K, reserved 1085440K
  class space    used 4618K, capacity 4794K, committed 4884K, reserved 1048576K
2016-10-24T05:57:40.336+0800: 126.925: [GC (Allocation Failure) 2016-10-24T05:57:40.337+0800: 126.925: [ParNew
Desired survivor size 20112992 bytes, new threshold 7 (max 8)
- age   1:    4879312 bytes,    4879312 total
- age   2:    7050808 bytes,   11930120 total
- age   3:    2614840 bytes,   14544960 total
- age   4:    1740952 bytes,   16285912 total
- age   5:    2030264 bytes,   18316176 total
- age   6:    1158168 bytes,   19474344 total
- age   7:    1166448 bytes,   20640792 total
: 109248K->21824K(109248K), 0.0199702 secs] 212628K->132493K(502464K), 0.0200353 secs] [Times: user=0.07 sys=0.00, real=0.02 secs] 
Heap after GC invocations=26 (full 2):
 par new generation   total 109248K, used 21824K [0x00000007a0000000, 0x00000007a8000000, 0x00000007a8000000)
  eden space 87424K,   0% used [0x00000007a0000000, 0x00000007a0000000, 0x00000007a5560000)
  from space 21824K, 100% used [0x00000007a5560000, 0x00000007a6ab0000, 0x00000007a6ab0000)
  to   space 21824K,   0% used [0x00000007a6ab0000, 0x00000007a6ab0000, 0x00000007a8000000)
 concurrent mark-sweep generation total 393216K, used 110669K [0x00000007a8000000, 0x00000007c0000000, 0x00000007c0000000)
 Metaspace       used 38797K, capacity 39450K, committed 39944K, reserved 1085440K
  class space    used 4618K, capacity 4794K, committed 4884K, reserved 1048576K
}
2016-10-24T05:57:40.357+0800: 126.945: Total time for which application threads were stopped: 0.0201981 seconds, Stopping threads took: 0.0000290 seconds
{Heap before GC invocations=26 (full 2):
 par new generation   total 109248K, used 109248K [0x00000007a0000000, 0x00000007a8000000, 0x00000007a8000000)
  eden space 87424K, 100% used [0x00000007a0000000, 0x00000007a5560000, 0x00000007a5560000)
  from space 21824K, 100% used [0x00000007a5560000, 0x00000007a6ab0000, 0x00000007a6ab0000)
  to   space 21824K,   0% used [0x00000007a6ab0000, 0x00000007a6ab0000, 0x00000007a8000000)
 concurrent mark-sweep generation total 393216K, used 110669K [0x00000007a8000000, 0x00000007c0000000, 0x00000007c0000000)
 Metaspace       used 38798K, capacity 39450K, committed 39944K, reserved 1085440K
  class space    used 4618K, capacity 4794K, committed 4884K, reserved 1048576K
2016-10-24T05:57:40.656+0800: 127.245: [GC (Allocation Failure) 2016-10-24T05:57:40.656+0800: 127.245: [ParNew
Desired survivor size 20112992 bytes, new threshold 7 (max 8)
- age   1:    8390328 bytes,    8390328 total
- age   2:    4210880 bytes,   12601208 total
- age   3:    1529688 bytes,   14130896 total
- age   4:    2003056 bytes,   16133952 total
- age   5:    1628624 bytes,   17762576 total
- age   6:    1908280 bytes,   19670856 total
- age   7:    1051776 bytes,   20722632 total
: 109248K->21824K(109248K), 0.0206725 secs] 219917K->138803K(502464K), 0.0207530 secs] [Times: user=0.07 sys=0.00, real=0.02 secs] 
Heap after GC invocations=27 (full 2):
 par new generation   total 109248K, used 21824K [0x00000007a0000000, 0x00000007a8000000, 0x00000007a8000000)
  eden space 87424K,   0% used [0x00000007a0000000, 0x00000007a0000000, 0x00000007a5560000)
  from space 21824K, 100% used [0x00000007a6ab0000, 0x00000007a8000000, 0x00000007a8000000)
  to   space 21824K,   0% used [0x00000007a5560000, 0x00000007a5560000, 0x00000007a6ab0000)
 concurrent mark-sweep generation total 393216K, used 116979K [0x00000007a8000000, 0x00000007c0000000, 0x00000007c0000000)
 Metaspace       used 38798K, capacity 39450K, committed 39944K, reserved 1085440K
  class space    used 4618K, capacity 4794K, committed 4884K, reserved 1048576K
}
2016-10-24T05:57:40.677+0800: 127.266: Total time for which application threads were stopped: 0.0209191 seconds, Stopping threads took: 0.0000297 seconds
{Heap before GC invocations=27 (full 2):
 par new generation   total 109248K, used 109248K [0x00000007a0000000, 0x00000007a8000000, 0x00000007a8000000)
  eden space 87424K, 100% used [0x00000007a0000000, 0x00000007a5560000, 0x00000007a5560000)
  from space 21824K, 100% used [0x00000007a6ab0000, 0x00000007a8000000, 0x00000007a8000000)
  to   space 21824K,   0% used [0x00000007a5560000, 0x00000007a5560000, 0x00000007a6ab0000)
 concurrent mark-sweep generation total 393216K, used 116979K [0x00000007a8000000, 0x00000007c0000000, 0x00000007c0000000)
 Metaspace       used 38798K, capacity 39450K, committed 39944K, reserved 1085440K
  class space    used 4618K, capacity 4794K, committed 4884K, reserved 1048576K
2016-10-24T05:57:40.979+0800: 127.567: [GC (Allocation Failure) 2016-10-24T05:57:40.979+0800: 127.567: [ParNew
Desired survivor size 20112992 bytes, new threshold 7 (max 8)
- age   1:    2023080 bytes,    2023080 total
- age   2:    7957128 bytes,    9980208 total
- age   3:    3527936 bytes,   13508144 total
- age   4:    1376272 bytes,   14884416 total
- age   5:    1924936 bytes,   16809352 total
- age   6:    1562592 bytes,   18371944 total
- age   7:    1867888 bytes,   20239832 total
: 109248K->21824K(109248K), 0.0198095 secs] 226227K->144940K(502464K), 0.0198848 secs] [Times: user=0.06 sys=0.01, real=0.02 secs] 
Heap after GC invocations=28 (full 2):
 par new generation   total 109248K, used 21824K [0x00000007a0000000, 0x00000007a8000000, 0x00000007a8000000)
  eden space 87424K,   0% used [0x00000007a0000000, 0x00000007a0000000, 0x00000007a5560000)
  from space 21824K, 100% used [0x00000007a5560000, 0x00000007a6ab0000, 0x00000007a6ab0000)
  to   space 21824K,   0% used [0x00000007a6ab0000, 0x00000007a6ab0000, 0x00000007a8000000)
 concurrent mark-sweep generation total 393216K, used 123116K [0x00000007a8000000, 0x00000007c0000000, 0x00000007c0000000)
 Metaspace       used 38798K, capacity 39450K, committed 39944K, reserved 1085440K
  class space    used 4618K, capacity 4794K, committed 4884K, reserved 1048576K
}
2016-10-24T05:57:40.999+0800: 127.587: Total time for which application threads were stopped: 0.0200422 seconds, Stopping threads took: 0.0000288 seconds
{Heap before GC invocations=28 (full 2):
 par new generation   total 109248K, used 109248K [0x00000007a0000000, 0x00000007a8000000, 0x00000007a8000000)
  eden space 87424K, 100% used [0x00000007a0000000, 0x00000007a5560000, 0x00000007a5560000)
  from space 21824K, 100% used [0x00000007a5560000, 0x00000007a6ab0000, 0x00000007a6ab0000)
  to   space 21824K,   0% used [0x00000007a6ab0000, 0x00000007a6ab0000, 0x00000007a8000000)
 concurrent mark-sweep generation total 393216K, used 123116K [0x00000007a8000000, 0x00000007c0000000, 0x00000007c0000000)
 Metaspace       used 38800K, capacity 39450K, committed 39944K, reserved 1085440K
  class space    used 4618K, capacity 4794K, committed 4884K, reserved 1048576K
2016-10-24T05:57:41.295+0800: 127.884: [GC (Allocation Failure) 2016-10-24T05:57:41.295+0800: 127.884: [ParNew
Desired survivor size 20112992 bytes, new threshold 8 (max 8)
- age   1:    7869168 bytes,    7869168 total
- age   2:    1850304 bytes,    9719472 total
- age   3:    2426216 bytes,   12145688 total
- age   4:    3211144 bytes,   15356832 total
- age   5:    1124280 bytes,   16481112 total
- age   6:    1778096 bytes,   18259208 total
- age   7:    1550176 bytes,   19809384 total
: 109248K->21824K(109248K), 0.0203811 secs] 232364K->151017K(502464K), 0.0204317 secs] [Times: user=0.07 sys=0.00, real=0.02 secs] 
Heap after GC invocations=29 (full 2):
 par new generation   total 109248K, used 21824K [0x00000007a0000000, 0x00000007a8000000, 0x00000007a8000000)
  eden space 87424K,   0% used [0x00000007a0000000, 0x00000007a0000000, 0x00000007a5560000)
  from space 21824K, 100% used [0x00000007a6ab0000, 0x00000007a8000000, 0x00000007a8000000)
  to   space 21824K,   0% used [0x00000007a5560000, 0x00000007a5560000, 0x00000007a6ab0000)
 concurrent mark-sweep generation total 393216K, used 129193K [0x00000007a8000000, 0x00000007c0000000, 0x00000007c0000000)
 Metaspace       used 38800K, capacity 39450K, committed 39944K, reserved 1085440K
  class space    used 4618K, capacity 4794K, committed 4884K, reserved 1048576K
}
2016-10-24T05:57:41.316+0800: 127.904: Total time for which application threads were stopped: 0.0205946 seconds, Stopping threads took: 0.0000183 seconds
{Heap before GC invocations=29 (full 2):
 par new generation   total 109248K, used 109248K [0x00000007a0000000, 0x00000007a8000000, 0x00000007a8000000)
  eden space 87424K, 100% used [0x00000007a0000000, 0x00000007a5560000, 0x00000007a5560000)
  from space 21824K, 100% used [0x00000007a6ab0000, 0x00000007a8000000, 0x00000007a8000000)
  to   space 21824K,   0% used [0x00000007a5560000, 0x00000007a5560000, 0x00000007a6ab0000)
 concurrent mark-sweep generation total 393216K, used 129193K [0x00000007a8000000, 0x00000007c0000000, 0x00000007c0000000)
 Metaspace       used 38800K, capacity 39450K, committed 39944K, reserved 1085440K
  class space    used 4618K, capacity 4794K, committed 4884K, reserved 1048576K
2016-10-24T05:57:41.646+0800: 128.235: [GC (Allocation Failure) 2016-10-24T05:57:41.646+0800: 128.235: [ParNew
Desired survivor size 20112992 bytes, new threshold 8 (max 8)
- age   1:    2694960 bytes,    2694960 total
- age   2:    7095744 bytes,    9790704 total
- age   3:    1371248 bytes,   11161952 total
- age   4:    2357320 bytes,   13519272 total
- age   5:    3152368 bytes,   16671640 total
- age   6:    1071728 bytes,   17743368 total
- age   7:    1749024 bytes,   19492392 total
- age   8:    1525864 bytes,   21018256 total
: 109248K->21824K(109248K), 0.0239976 secs] 238441K->155675K(502464K), 0.0240868 secs] [Times: user=0.09 sys=0.00, real=0.03 secs] 
Heap after GC invocations=30 (full 2):
 par new generation   total 109248K, used 21824K [0x00000007a0000000, 0x00000007a8000000, 0x00000007a8000000)
  eden space 87424K,   0% used [0x00000007a0000000, 0x00000007a0000000, 0x00000007a5560000)
  from space 21824K, 100% used [0x00000007a5560000, 0x00000007a6ab0000, 0x00000007a6ab0000)
  to   space 21824K,   0% used [0x00000007a6ab0000, 0x00000007a6ab0000, 0x00000007a8000000)
 concurrent mark-sweep generation total 393216K, used 133851K [0x00000007a8000000, 0x00000007c0000000, 0x00000007c0000000)
 Metaspace       used 38800K, capacity 39450K, committed 39944K, reserved 1085440K
  class space    used 4618K, capacity 4794K, committed 4884K, reserved 1048576K
}
2016-10-24T05:57:41.670+0800: 128.259: Total time for which application threads were stopped: 0.0242490 seconds, Stopping threads took: 0.0000187 seconds
{Heap before GC invocations=30 (full 2):
 par new generation   total 109248K, used 109248K [0x00000007a0000000, 0x00000007a8000000, 0x00000007a8000000)
  eden space 87424K, 100% used [0x00000007a0000000, 0x00000007a5560000, 0x00000007a5560000)
  from space 21824K, 100% used [0x00000007a5560000, 0x00000007a6ab0000, 0x00000007a6ab0000)
  to   space 21824K,   0% used [0x00000007a6ab0000, 0x00000007a6ab0000, 0x00000007a8000000)
 concurrent mark-sweep generation total 393216K, used 133851K [0x00000007a8000000, 0x00000007c0000000, 0x00000007c0000000)
 Metaspace       used 38976K, capacity 39578K, committed 39944K, reserved 1085440K
  class space    used 4635K, capacity 4794K, committed 4884K, reserved 1048576K
2016-10-24T05:57:42.489+0800: 129.077: [GC (Allocation Failure) 2016-10-24T05:57:42.489+0800: 129.077: [ParNew
Desired survivor size 20112992 bytes, new threshold 8 (max 8)
- age   1:    8097456 bytes,    8097456 total
- age   2:    2211952 bytes,   10309408 total
- age   3:    1094464 bytes,   11403872 total
- age   4:    1080872 bytes,   12484744 total
- age   5:    2245096 bytes,   14729840 total
- age   6:    3028968 bytes,   17758808 total
- age   7:     972464 bytes,   18731272 total
- age   8:    1676824 bytes,   20408096 total
: 109248K->21824K(109248K), 0.0184076 secs] 243099K->160807K(502464K), 0.0184746 secs] [Times: user=0.08 sys=0.01, real=0.02 secs] 
Heap after GC invocations=31 (full 2):
 par new generation   total 109248K, used 21824K [0x00000007a0000000, 0x00000007a8000000, 0x00000007a8000000)
  eden space 87424K,   0% used [0x00000007a0000000, 0x00000007a0000000, 0x00000007a5560000)
  from space 21824K, 100% used [0x00000007a6ab0000, 0x00000007a8000000, 0x00000007a8000000)
  to   space 21824K,   0% used [0x00000007a5560000, 0x00000007a5560000, 0x00000007a6ab0000)
 concurrent mark-sweep generation total 393216K, used 138983K [0x00000007a8000000, 0x00000007c0000000, 0x00000007c0000000)
 Metaspace       used 38976K, capacity 39578K, committed 39944K, reserved 1085440K
  class space    used 4635K, capacity 4794K, committed 4884K, reserved 1048576K
}
2016-10-24T05:57:42.507+0800: 129.096: Total time for which application threads were stopped: 0.0187094 seconds, Stopping threads took: 0.0000182 seconds
{Heap before GC invocations=31 (full 2):
 par new generation   total 109248K, used 109248K [0x00000007a0000000, 0x00000007a8000000, 0x00000007a8000000)
  eden space 87424K, 100% used [0x00000007a0000000, 0x00000007a5560000, 0x00000007a5560000)
  from space 21824K, 100% used [0x00000007a6ab0000, 0x00000007a8000000, 0x00000007a8000000)
  to   space 21824K,   0% used [0x00000007a5560000, 0x00000007a5560000, 0x00000007a6ab0000)
 concurrent mark-sweep generation total 393216K, used 138983K [0x00000007a8000000, 0x00000007c0000000, 0x00000007c0000000)
 Metaspace       used 39178K, capacity 39770K, committed 40200K, reserved 1085440K
  class space    used 4644K, capacity 4794K, committed 4884K, reserved 1048576K
2016-10-24T05:57:43.300+0800: 129.888: [GC (Allocation Failure) 2016-10-24T05:57:43.300+0800: 129.888: [ParNew
Desired survivor size 20112992 bytes, new threshold 8 (max 8)
- age   1:     244784 bytes,     244784 total
- age   2:    6380096 bytes,    6624880 total
- age   3:    2137192 bytes,    8762072 total
- age   4:    1034536 bytes,    9796608 total
- age   5:    1038280 bytes,   10834888 total
- age   6:    2219672 bytes,   13054560 total
- age   7:     923232 bytes,   13977792 total
- age   8:     935512 bytes,   14913304 total
: 109248K->21824K(109248K), 0.0121713 secs] 248231K->166430K(502464K), 0.0122321 secs] [Times: user=0.05 sys=0.01, real=0.01 secs] 
Heap after GC invocations=32 (full 2):
 par new generation   total 109248K, used 21824K [0x00000007a0000000, 0x00000007a8000000, 0x00000007a8000000)
  eden space 87424K,   0% used [0x00000007a0000000, 0x00000007a0000000, 0x00000007a5560000)
  from space 21824K, 100% used [0x00000007a5560000, 0x00000007a6ab0000, 0x00000007a6ab0000)
  to   space 21824K,   0% used [0x00000007a6ab0000, 0x00000007a6ab0000, 0x00000007a8000000)
 concurrent mark-sweep generation total 393216K, used 144606K [0x00000007a8000000, 0x00000007c0000000, 0x00000007c0000000)
 Metaspace       used 39178K, capacity 39770K, committed 40200K, reserved 1085440K
  class space    used 4644K, capacity 4794K, committed 4884K, reserved 1048576K
}
2016-10-24T05:57:43.312+0800: 129.900: Total time for which application threads were stopped: 0.0124871 seconds, Stopping threads took: 0.0000180 seconds
{Heap before GC invocations=32 (full 2):
 par new generation   total 109248K, used 109248K [0x00000007a0000000, 0x00000007a8000000, 0x00000007a8000000)
  eden space 87424K, 100% used [0x00000007a0000000, 0x00000007a5560000, 0x00000007a5560000)
  from space 21824K, 100% used [0x00000007a5560000, 0x00000007a6ab0000, 0x00000007a6ab0000)
  to   space 21824K,   0% used [0x00000007a6ab0000, 0x00000007a6ab0000, 0x00000007a8000000)
 concurrent mark-sweep generation total 393216K, used 144606K [0x00000007a8000000, 0x00000007c0000000, 0x00000007c0000000)
 Metaspace       used 39178K, capacity 39770K, committed 40200K, reserved 1085440K
  class space    used 4644K, capacity 4794K, committed 4884K, reserved 1048576K
2016-10-24T05:57:43.359+0800: 129.947: [GC (Allocation Failure) 2016-10-24T05:57:43.359+0800: 129.947: [ParNew
Desired survivor size 20112992 bytes, new threshold 8 (max 8)
- age   1:      44744 bytes,      44744 total
- age   2:     123112 bytes,     167856 total
- age   3:    6380096 bytes,    6547952 total
- age   4:    2137192 bytes,    8685144 total
- age   5:    1034536 bytes,    9719680 total
- age   6:    1038280 bytes,   10757960 total
- age   7:    2219672 bytes,   12977632 total
- age   8:     923232 bytes,   13900864 total
: 109248K->18596K(109248K), 0.0140874 secs] 253854K->164134K(502464K), 0.0141404 secs] [Times: user=0.07 sys=0.00, real=0.02 secs] 
Heap after GC invocations=33 (full 2):
 par new generation   total 109248K, used 18596K [0x00000007a0000000, 0x00000007a8000000, 0x00000007a8000000)
  eden space 87424K,   0% used [0x00000007a0000000, 0x00000007a0000000, 0x00000007a5560000)
  from space 21824K,  85% used [0x00000007a6ab0000, 0x00000007a7cd9128, 0x00000007a8000000)
  to   space 21824K,   0% used [0x00000007a5560000, 0x00000007a5560000, 0x00000007a6ab0000)
 concurrent mark-sweep generation total 393216K, used 145538K [0x00000007a8000000, 0x00000007c0000000, 0x00000007c0000000)
 Metaspace       used 39178K, capacity 39770K, committed 40200K, reserved 1085440K
  class space    used 4644K, capacity 4794K, committed 4884K, reserved 1048576K
}
2016-10-24T05:57:43.373+0800: 129.962: Total time for which application threads were stopped: 0.0143131 seconds, Stopping threads took: 0.0000454 seconds
2016-10-24T05:57:43.423+0800: 130.011: Total time for which application threads were stopped: 0.0001589 seconds, Stopping threads took: 0.0000501 seconds
{Heap before GC invocations=33 (full 2):
 par new generation   total 109248K, used 106020K [0x00000007a0000000, 0x00000007a8000000, 0x00000007a8000000)
  eden space 87424K, 100% used [0x00000007a0000000, 0x00000007a5560000, 0x00000007a5560000)
  from space 21824K,  85% used [0x00000007a6ab0000, 0x00000007a7cd9128, 0x00000007a8000000)
  to   space 21824K,   0% used [0x00000007a5560000, 0x00000007a5560000, 0x00000007a6ab0000)
 concurrent mark-sweep generation total 393216K, used 145538K [0x00000007a8000000, 0x00000007c0000000, 0x00000007c0000000)
 Metaspace       used 39197K, capacity 39770K, committed 40200K, reserved 1085440K
  class space    used 4646K, capacity 4794K, committed 4884K, reserved 1048576K
2016-10-24T05:57:43.827+0800: 130.416: [GC (Allocation Failure) 2016-10-24T05:57:43.827+0800: 130.416: [ParNew
Desired survivor size 20112992 bytes, new threshold 8 (max 8)
- age   1:      87128 bytes,      87128 total
- age   2:       2296 bytes,      89424 total
- age   3:      69352 bytes,     158776 total
- age   4:    6380096 bytes,    6538872 total
- age   5:    2137192 bytes,    8676064 total
- age   6:    1034536 bytes,    9710600 total
- age   7:    1038280 bytes,   10748880 total
- age   8:    2219672 bytes,   12968552 total
: 106020K->15949K(109248K), 0.0122395 secs] 251558K->162405K(502464K), 0.0122863 secs] [Times: user=0.07 sys=0.00, real=0.02 secs] 
Heap after GC invocations=34 (full 2):
 par new generation   total 109248K, used 15949K [0x00000007a0000000, 0x00000007a8000000, 0x00000007a8000000)
  eden space 87424K,   0% used [0x00000007a0000000, 0x00000007a0000000, 0x00000007a5560000)
  from space 21824K,  73% used [0x00000007a5560000, 0x00000007a64f3730, 0x00000007a6ab0000)
  to   space 21824K,   0% used [0x00000007a6ab0000, 0x00000007a6ab0000, 0x00000007a8000000)
 concurrent mark-sweep generation total 393216K, used 146455K [0x00000007a8000000, 0x00000007c0000000, 0x00000007c0000000)
 Metaspace       used 39197K, capacity 39770K, committed 40200K, reserved 1085440K
  class space    used 4646K, capacity 4794K, committed 4884K, reserved 1048576K
}
2016-10-24T05:57:43.840+0800: 130.428: Total time for which application threads were stopped: 0.0125035 seconds, Stopping threads took: 0.0000214 seconds
{Heap before GC invocations=34 (full 2):
 par new generation   total 109248K, used 103373K [0x00000007a0000000, 0x00000007a8000000, 0x00000007a8000000)
  eden space 87424K, 100% used [0x00000007a0000000, 0x00000007a5560000, 0x00000007a5560000)
  from space 21824K,  73% used [0x00000007a5560000, 0x00000007a64f3730, 0x00000007a6ab0000)
  to   space 21824K,   0% used [0x00000007a6ab0000, 0x00000007a6ab0000, 0x00000007a8000000)
 concurrent mark-sweep generation total 393216K, used 146455K [0x00000007a8000000, 0x00000007c0000000, 0x00000007c0000000)
 Metaspace       used 39199K, capacity 39770K, committed 40200K, reserved 1085440K
  class space    used 4646K, capacity 4794K, committed 4884K, reserved 1048576K
2016-10-24T05:57:44.239+0800: 130.828: [GC (Allocation Failure) 2016-10-24T05:57:44.239+0800: 130.828: [ParNew
Desired survivor size 20112992 bytes, new threshold 8 (max 8)
- age   1:      78896 bytes,      78896 total
- age   2:      16576 bytes,      95472 total
- age   3:       2296 bytes,      97768 total
- age   4:      69352 bytes,     167120 total
- age   5:    6380096 bytes,    6547216 total
- age   6:    2137192 bytes,    8684408 total
- age   7:    1034536 bytes,    9718944 total
- age   8:    1038280 bytes,   10757224 total
: 103373K->13136K(109248K), 0.0091368 secs] 249829K->161775K(502464K), 0.0091941 secs] [Times: user=0.04 sys=0.00, real=0.01 secs] 
Heap after GC invocations=35 (full 2):
 par new generation   total 109248K, used 13136K [0x00000007a0000000, 0x00000007a8000000, 0x00000007a8000000)
  eden space 87424K,   0% used [0x00000007a0000000, 0x00000007a0000000, 0x00000007a5560000)
  from space 21824K,  60% used [0x00000007a6ab0000, 0x00000007a77843d0, 0x00000007a8000000)
  to   space 21824K,   0% used [0x00000007a5560000, 0x00000007a5560000, 0x00000007a6ab0000)
 concurrent mark-sweep generation total 393216K, used 148639K [0x00000007a8000000, 0x00000007c0000000, 0x00000007c0000000)
 Metaspace       used 39199K, capacity 39770K, committed 40200K, reserved 1085440K
  class space    used 4646K, capacity 4794K, committed 4884K, reserved 1048576K
}
2016-10-24T05:57:44.249+0800: 130.837: Total time for which application threads were stopped: 0.0093660 seconds, Stopping threads took: 0.0000160 seconds
{Heap before GC invocations=35 (full 2):
 par new generation   total 109248K, used 100560K [0x00000007a0000000, 0x00000007a8000000, 0x00000007a8000000)
  eden space 87424K, 100% used [0x00000007a0000000, 0x00000007a5560000, 0x00000007a5560000)
  from space 21824K,  60% used [0x00000007a6ab0000, 0x00000007a77843d0, 0x00000007a8000000)
  to   space 21824K,   0% used [0x00000007a5560000, 0x00000007a5560000, 0x00000007a6ab0000)
 concurrent mark-sweep generation total 393216K, used 148639K [0x00000007a8000000, 0x00000007c0000000, 0x00000007c0000000)
 Metaspace       used 39225K, capacity 39802K, committed 40200K, reserved 1085440K
  class space    used 4650K, capacity 4826K, committed 4884K, reserved 1048576K
2016-10-24T05:57:44.510+0800: 131.098: [GC (Allocation Failure) 2016-10-24T05:57:44.510+0800: 131.098: [ParNew
Desired survivor size 20112992 bytes, new threshold 8 (max 8)
- age   1:    2496728 bytes,    2496728 total
- age   2:        184 bytes,    2496912 total
- age   3:       2040 bytes,    2498952 total
- age   4:       2296 bytes,    2501248 total
- age   5:      22784 bytes,    2524032 total
- age   6:    6262152 bytes,    8786184 total
- age   7:    2071960 bytes,   10858144 total
- age   8:     976456 bytes,   11834600 total
: 100560K->13258K(109248K), 0.0108089 secs] 249199K->162865K(502464K), 0.0108710 secs] [Times: user=0.04 sys=0.00, real=0.01 secs] 
Heap after GC invocations=36 (full 2):
 par new generation   total 109248K, used 13258K [0x00000007a0000000, 0x00000007a8000000, 0x00000007a8000000)
  eden space 87424K,   0% used [0x00000007a0000000, 0x00000007a0000000, 0x00000007a5560000)
  from space 21824K,  60% used [0x00000007a5560000, 0x00000007a6252830, 0x00000007a6ab0000)
  to   space 21824K,   0% used [0x00000007a6ab0000, 0x00000007a6ab0000, 0x00000007a8000000)
 concurrent mark-sweep generation total 393216K, used 149606K [0x00000007a8000000, 0x00000007c0000000, 0x00000007c0000000)
 Metaspace       used 39225K, capacity 39802K, committed 40200K, reserved 1085440K
  class space    used 4650K, capacity 4826K, committed 4884K, reserved 1048576K
}
2016-10-24T05:57:44.521+0800: 131.109: Total time for which application threads were stopped: 0.0110338 seconds, Stopping threads took: 0.0000176 seconds
{Heap before GC invocations=36 (full 2):
 par new generation   total 109248K, used 100682K [0x00000007a0000000, 0x00000007a8000000, 0x00000007a8000000)
  eden space 87424K, 100% used [0x00000007a0000000, 0x00000007a5560000, 0x00000007a5560000)
  from space 21824K,  60% used [0x00000007a5560000, 0x00000007a6252830, 0x00000007a6ab0000)
  to   space 21824K,   0% used [0x00000007a6ab0000, 0x00000007a6ab0000, 0x00000007a8000000)
 concurrent mark-sweep generation total 393216K, used 149606K [0x00000007a8000000, 0x00000007c0000000, 0x00000007c0000000)
 Metaspace       used 39225K, capacity 39802K, committed 40200K, reserved 1085440K
  class space    used 4650K, capacity 4826K, committed 4884K, reserved 1048576K
2016-10-24T05:57:44.791+0800: 131.379: [GC (Allocation Failure) 2016-10-24T05:57:44.791+0800: 131.379: [ParNew
Desired survivor size 20112992 bytes, new threshold 8 (max 8)
- age   1:    5544816 bytes,    5544816 total
- age   2:    2172152 bytes,    7716968 total
- age   3:        184 bytes,    7717152 total
- age   4:       2040 bytes,    7719192 total
- age   5:       2296 bytes,    7721488 total
- age   6:      22784 bytes,    7744272 total
- age   7:    6262152 bytes,   14006424 total
- age   8:    2071960 bytes,   16078384 total
: 100682K->17289K(109248K), 0.0126561 secs] 250289K->167862K(502464K), 0.0127428 secs] [Times: user=0.04 sys=0.00, real=0.01 secs] 
Heap after GC invocations=37 (full 2):
 par new generation   total 109248K, used 17289K [0x00000007a0000000, 0x00000007a8000000, 0x00000007a8000000)
  eden space 87424K,   0% used [0x00000007a0000000, 0x00000007a0000000, 0x00000007a5560000)
  from space 21824K,  79% used [0x00000007a6ab0000, 0x00000007a7b92408, 0x00000007a8000000)
  to   space 21824K,   0% used [0x00000007a5560000, 0x00000007a5560000, 0x00000007a6ab0000)
 concurrent mark-sweep generation total 393216K, used 150573K [0x00000007a8000000, 0x00000007c0000000, 0x00000007c0000000)
 Metaspace       used 39225K, capacity 39802K, committed 40200K, reserved 1085440K
  class space    used 4650K, capacity 4826K, committed 4884K, reserved 1048576K
}
2016-10-24T05:57:44.803+0800: 131.392: Total time for which application threads were stopped: 0.0128996 seconds, Stopping threads took: 0.0000293 seconds
{Heap before GC invocations=37 (full 2):
 par new generation   total 109248K, used 104713K [0x00000007a0000000, 0x00000007a8000000, 0x00000007a8000000)
  eden space 87424K, 100% used [0x00000007a0000000, 0x00000007a5560000, 0x00000007a5560000)
  from space 21824K,  79% used [0x00000007a6ab0000, 0x00000007a7b92408, 0x00000007a8000000)
  to   space 21824K,   0% used [0x00000007a5560000, 0x00000007a5560000, 0x00000007a6ab0000)
 concurrent mark-sweep generation total 393216K, used 150573K [0x00000007a8000000, 0x00000007c0000000, 0x00000007c0000000)
 Metaspace       used 39225K, capacity 39802K, committed 40200K, reserved 1085440K
  class space    used 4650K, capacity 4826K, committed 4884K, reserved 1048576K
2016-10-24T05:57:45.080+0800: 131.668: [GC (Allocation Failure) 2016-10-24T05:57:45.080+0800: 131.668: [ParNew
Desired survivor size 20112992 bytes, new threshold 8 (max 8)
- age   1:    6451144 bytes,    6451144 total
- age   2:    4395960 bytes,   10847104 total
- age   3:    2169240 bytes,   13016344 total
- age   4:        184 bytes,   13016528 total
- age   5:       2040 bytes,   13018568 total
- age   6:       2296 bytes,   13020864 total
- age   7:      22784 bytes,   13043648 total
- age   8:    6262152 bytes,   19305800 total
: 104713K->21824K(109248K), 0.0160789 secs] 255286K->174433K(502464K), 0.0161465 secs] [Times: user=0.05 sys=0.00, real=0.01 secs] 
Heap after GC invocations=38 (full 2):
 par new generation   total 109248K, used 21824K [0x00000007a0000000, 0x00000007a8000000, 0x00000007a8000000)
  eden space 87424K,   0% used [0x00000007a0000000, 0x00000007a0000000, 0x00000007a5560000)
  from space 21824K, 100% used [0x00000007a5560000, 0x00000007a6ab0000, 0x00000007a6ab0000)
  to   space 21824K,   0% used [0x00000007a6ab0000, 0x00000007a6ab0000, 0x00000007a8000000)
 concurrent mark-sweep generation total 393216K, used 152609K [0x00000007a8000000, 0x00000007c0000000, 0x00000007c0000000)
 Metaspace       used 39225K, capacity 39802K, committed 40200K, reserved 1085440K
  class space    used 4650K, capacity 4826K, committed 4884K, reserved 1048576K
}
2016-10-24T05:57:45.096+0800: 131.685: Total time for which application threads were stopped: 0.0163001 seconds, Stopping threads took: 0.0000229 seconds
2016-10-24T05:57:45.112+0800: 131.700: Total time for which application threads were stopped: 0.0001029 seconds, Stopping threads took: 0.0000279 seconds
{Heap before GC invocations=38 (full 2):
 par new generation   total 109248K, used 109248K [0x00000007a0000000, 0x00000007a8000000, 0x00000007a8000000)
  eden space 87424K, 100% used [0x00000007a0000000, 0x00000007a5560000, 0x00000007a5560000)
  from space 21824K, 100% used [0x00000007a5560000, 0x00000007a6ab0000, 0x00000007a6ab0000)
  to   space 21824K,   0% used [0x00000007a6ab0000, 0x00000007a6ab0000, 0x00000007a8000000)
 concurrent mark-sweep generation total 393216K, used 152609K [0x00000007a8000000, 0x00000007c0000000, 0x00000007c0000000)
 Metaspace       used 39225K, capacity 39802K, committed 40200K, reserved 1085440K
  class space    used 4650K, capacity 4826K, committed 4884K, reserved 1048576K
2016-10-24T05:57:45.362+0800: 131.950: [GC (Allocation Failure) 2016-10-24T05:57:45.362+0800: 131.950: [ParNew
Desired survivor size 20112992 bytes, new threshold 8 (max 8)
- age   1:    7857328 bytes,    7857328 total
- age   2:    4736792 bytes,   12594120 total
- age   3:    4286336 bytes,   16880456 total
- age   4:    2113288 bytes,   18993744 total
- age   5:        184 bytes,   18993928 total
- age   6:       2040 bytes,   18995968 total
- age   7:       2296 bytes,   18998264 total
- age   8:      14888 bytes,   19013152 total
: 109248K->21824K(109248K), 0.0211286 secs] 261857K->181621K(502464K), 0.0212197 secs] [Times: user=0.09 sys=0.01, real=0.02 secs] 
Heap after GC invocations=39 (full 2):
 par new generation   total 109248K, used 21824K [0x00000007a0000000, 0x00000007a8000000, 0x00000007a8000000)
  eden space 87424K,   0% used [0x00000007a0000000, 0x00000007a0000000, 0x00000007a5560000)
  from space 21824K, 100% used [0x00000007a6ab0000, 0x00000007a8000000, 0x00000007a8000000)
  to   space 21824K,   0% used [0x00000007a5560000, 0x00000007a5560000, 0x00000007a6ab0000)
 concurrent mark-sweep generation total 393216K, used 159797K [0x00000007a8000000, 0x00000007c0000000, 0x00000007c0000000)
 Metaspace       used 39225K, capacity 39802K, committed 40200K, reserved 1085440K
  class space    used 4650K, capacity 4826K, committed 4884K, reserved 1048576K
}
2016-10-24T05:57:45.383+0800: 131.971: Total time for which application threads were stopped: 0.0213764 seconds, Stopping threads took: 0.0000291 seconds
{Heap before GC invocations=39 (full 2):
 par new generation   total 109248K, used 109248K [0x00000007a0000000, 0x00000007a8000000, 0x00000007a8000000)
  eden space 87424K, 100% used [0x00000007a0000000, 0x00000007a5560000, 0x00000007a5560000)
  from space 21824K, 100% used [0x00000007a6ab0000, 0x00000007a8000000, 0x00000007a8000000)
  to   space 21824K,   0% used [0x00000007a5560000, 0x00000007a5560000, 0x00000007a6ab0000)
 concurrent mark-sweep generation total 393216K, used 159797K [0x00000007a8000000, 0x00000007c0000000, 0x00000007c0000000)
 Metaspace       used 39225K, capacity 39802K, committed 40200K, reserved 1085440K
  class space    used 4650K, capacity 4826K, committed 4884K, reserved 1048576K
2016-10-24T05:57:45.648+0800: 132.237: [GC (Allocation Failure) 2016-10-24T05:57:45.648+0800: 132.237: [ParNew
Desired survivor size 20112992 bytes, new threshold 5 (max 8)
- age   1:    5507848 bytes,    5507848 total
- age   2:    5676008 bytes,   11183856 total
- age   3:    3836504 bytes,   15020360 total
- age   4:    4142352 bytes,   19162712 total
- age   5:    1680232 bytes,   20842944 total
- age   6:        184 bytes,   20843128 total
- age   7:       2040 bytes,   20845168 total
- age   8:       2296 bytes,   20847464 total
: 109248K->21824K(109248K), 0.0188113 secs] 269045K->185254K(502464K), 0.0188848 secs] [Times: user=0.06 sys=0.00, real=0.02 secs] 
Heap after GC invocations=40 (full 2):
 par new generation   total 109248K, used 21824K [0x00000007a0000000, 0x00000007a8000000, 0x00000007a8000000)
  eden space 87424K,   0% used [0x00000007a0000000, 0x00000007a0000000, 0x00000007a5560000)
  from space 21824K, 100% used [0x00000007a5560000, 0x00000007a6ab0000, 0x00000007a6ab0000)
  to   space 21824K,   0% used [0x00000007a6ab0000, 0x00000007a6ab0000, 0x00000007a8000000)
 concurrent mark-sweep generation total 393216K, used 163430K [0x00000007a8000000, 0x00000007c0000000, 0x00000007c0000000)
 Metaspace       used 39225K, capacity 39802K, committed 40200K, reserved 1085440K
  class space    used 4650K, capacity 4826K, committed 4884K, reserved 1048576K
}
2016-10-24T05:57:45.667+0800: 132.256: Total time for which application threads were stopped: 0.0190398 seconds, Stopping threads took: 0.0000295 seconds
{Heap before GC invocations=40 (full 2):
 par new generation   total 109248K, used 109248K [0x00000007a0000000, 0x00000007a8000000, 0x00000007a8000000)
  eden space 87424K, 100% used [0x00000007a0000000, 0x00000007a5560000, 0x00000007a5560000)
  from space 21824K, 100% used [0x00000007a5560000, 0x00000007a6ab0000, 0x00000007a6ab0000)
  to   space 21824K,   0% used [0x00000007a6ab0000, 0x00000007a6ab0000, 0x00000007a8000000)
 concurrent mark-sweep generation total 393216K, used 163430K [0x00000007a8000000, 0x00000007c0000000, 0x00000007c0000000)
 Metaspace       used 39225K, capacity 39802K, committed 40200K, reserved 1085440K
  class space    used 4650K, capacity 4826K, committed 4884K, reserved 1048576K
2016-10-24T05:57:45.938+0800: 132.527: [GC (Allocation Failure) 2016-10-24T05:57:45.938+0800: 132.527: [ParNew
Desired survivor size 20112992 bytes, new threshold 5 (max 8)
- age   1:    4958960 bytes,    4958960 total
- age   2:    3126464 bytes,    8085424 total
- age   3:    5474648 bytes,   13560072 total
- age   4:    3692736 bytes,   17252808 total
- age   5:    3994064 bytes,   21246872 total
: 109248K->21824K(109248K), 0.0207109 secs] 272678K->190269K(502464K), 0.0207832 secs] [Times: user=0.07 sys=0.01, real=0.02 secs] 
Heap after GC invocations=41 (full 2):
 par new generation   total 109248K, used 21824K [0x00000007a0000000, 0x00000007a8000000, 0x00000007a8000000)
  eden space 87424K,   0% used [0x00000007a0000000, 0x00000007a0000000, 0x00000007a5560000)
  from space 21824K, 100% used [0x00000007a6ab0000, 0x00000007a8000000, 0x00000007a8000000)
  to   space 21824K,   0% used [0x00000007a5560000, 0x00000007a5560000, 0x00000007a6ab0000)
 concurrent mark-sweep generation total 393216K, used 168445K [0x00000007a8000000, 0x00000007c0000000, 0x00000007c0000000)
 Metaspace       used 39225K, capacity 39802K, committed 40200K, reserved 1085440K
  class space    used 4650K, capacity 4826K, committed 4884K, reserved 1048576K
}
2016-10-24T05:57:45.959+0800: 132.548: Total time for which application threads were stopped: 0.0209677 seconds, Stopping threads took: 0.0000306 seconds
{Heap before GC invocations=41 (full 2):
 par new generation   total 109248K, used 109248K [0x00000007a0000000, 0x00000007a8000000, 0x00000007a8000000)
  eden space 87424K, 100% used [0x00000007a0000000, 0x00000007a5560000, 0x00000007a5560000)
  from space 21824K, 100% used [0x00000007a6ab0000, 0x00000007a8000000, 0x00000007a8000000)
  to   space 21824K,   0% used [0x00000007a5560000, 0x00000007a5560000, 0x00000007a6ab0000)
 concurrent mark-sweep generation total 393216K, used 168445K [0x00000007a8000000, 0x00000007c0000000, 0x00000007c0000000)
 Metaspace       used 39225K, capacity 39802K, committed 40200K, reserved 1085440K
  class space    used 4650K, capacity 4826K, committed 4884K, reserved 1048576K
2016-10-24T05:57:46.231+0800: 132.819: [GC (Allocation Failure) 2016-10-24T05:57:46.231+0800: 132.819: [ParNew
Desired survivor size 20112992 bytes, new threshold 5 (max 8)
- age   1:    7130032 bytes,    7130032 total
- age   2:    3650336 bytes,   10780368 total
- age   3:    2703328 bytes,   13483696 total
- age   4:    4687200 bytes,   18170896 total
- age   5:    3002560 bytes,   21173456 total
: 109248K->21824K(109248K), 0.0248431 secs] 277693K->197769K(502464K), 0.0249182 secs] [Times: user=0.08 sys=0.00, real=0.02 secs] 
Heap after GC invocations=42 (full 2):
 par new generation   total 109248K, used 21824K [0x00000007a0000000, 0x00000007a8000000, 0x00000007a8000000)
  eden space 87424K,   0% used [0x00000007a0000000, 0x00000007a0000000, 0x00000007a5560000)
  from space 21824K, 100% used [0x00000007a5560000, 0x00000007a6ab0000, 0x00000007a6ab0000)
  to   space 21824K,   0% used [0x00000007a6ab0000, 0x00000007a6ab0000, 0x00000007a8000000)
 concurrent mark-sweep generation total 393216K, used 175945K [0x00000007a8000000, 0x00000007c0000000, 0x00000007c0000000)
 Metaspace       used 39225K, capacity 39802K, committed 40200K, reserved 1085440K
  class space    used 4650K, capacity 4826K, committed 4884K, reserved 1048576K
}
2016-10-24T05:57:46.255+0800: 132.844: Total time for which application threads were stopped: 0.0250846 seconds, Stopping threads took: 0.0000210 seconds
{Heap before GC invocations=42 (full 2):
 par new generation   total 109248K, used 109248K [0x00000007a0000000, 0x00000007a8000000, 0x00000007a8000000)
  eden space 87424K, 100% used [0x00000007a0000000, 0x00000007a5560000, 0x00000007a5560000)
  from space 21824K, 100% used [0x00000007a5560000, 0x00000007a6ab0000, 0x00000007a6ab0000)
  to   space 21824K,   0% used [0x00000007a6ab0000, 0x00000007a6ab0000, 0x00000007a8000000)
 concurrent mark-sweep generation total 393216K, used 175945K [0x00000007a8000000, 0x00000007c0000000, 0x00000007c0000000)
 Metaspace       used 39225K, capacity 39802K, committed 40200K, reserved 1085440K
  class space    used 4650K, capacity 4826K, committed 4884K, reserved 1048576K
2016-10-24T05:57:46.528+0800: 133.116: [GC (Allocation Failure) 2016-10-24T05:57:46.528+0800: 133.116: [ParNew
Desired survivor size 20112992 bytes, new threshold 8 (max 8)
- age   1:    6015768 bytes,    6015768 total
- age   2:    3773096 bytes,    9788864 total
- age   3:    3372304 bytes,   13161168 total
- age   4:    2459928 bytes,   15621096 total
- age   5:    4299712 bytes,   19920808 total
: 109248K->21824K(109248K), 0.0233992 secs] 285193K->203884K(502464K), 0.0234711 secs] [Times: user=0.08 sys=0.00, real=0.03 secs] 
Heap after GC invocations=43 (full 2):
 par new generation   total 109248K, used 21824K [0x00000007a0000000, 0x00000007a8000000, 0x00000007a8000000)
  eden space 87424K,   0% used [0x00000007a0000000, 0x00000007a0000000, 0x00000007a5560000)
  from space 21824K, 100% used [0x00000007a6ab0000, 0x00000007a8000000, 0x00000007a8000000)
  to   space 21824K,   0% used [0x00000007a5560000, 0x00000007a5560000, 0x00000007a6ab0000)
 concurrent mark-sweep generation total 393216K, used 182060K [0x00000007a8000000, 0x00000007c0000000, 0x00000007c0000000)
 Metaspace       used 39225K, capacity 39802K, committed 40200K, reserved 1085440K
  class space    used 4650K, capacity 4826K, committed 4884K, reserved 1048576K
}
2016-10-24T05:57:46.551+0800: 133.140: Total time for which application threads were stopped: 0.0236597 seconds, Stopping threads took: 0.0000205 seconds
{Heap before GC invocations=43 (full 2):
 par new generation   total 109248K, used 109248K [0x00000007a0000000, 0x00000007a8000000, 0x00000007a8000000)
  eden space 87424K, 100% used [0x00000007a0000000, 0x00000007a5560000, 0x00000007a5560000)
  from space 21824K, 100% used [0x00000007a6ab0000, 0x00000007a8000000, 0x00000007a8000000)
  to   space 21824K,   0% used [0x00000007a5560000, 0x00000007a5560000, 0x00000007a6ab0000)
 concurrent mark-sweep generation total 393216K, used 182060K [0x00000007a8000000, 0x00000007c0000000, 0x00000007c0000000)
 Metaspace       used 39225K, capacity 39802K, committed 40200K, reserved 1085440K
  class space    used 4650K, capacity 4826K, committed 4884K, reserved 1048576K
2016-10-24T05:57:46.824+0800: 133.413: [GC (Allocation Failure) 2016-10-24T05:57:46.824+0800: 133.413: [ParNew
Desired survivor size 20112992 bytes, new threshold 6 (max 8)
- age   1:    7034272 bytes,    7034272 total
- age   2:    2874936 bytes,    9909208 total
- age   3:    3044056 bytes,   12953264 total
- age   4:    3061432 bytes,   16014696 total
- age   5:    2163624 bytes,   18178320 total
- age   6:    3975680 bytes,   22154000 total
: 109248K->21824K(109248K), 0.0224047 secs] 291308K->211820K(502464K), 0.0224889 secs] [Times: user=0.08 sys=0.00, real=0.02 secs] 
Heap after GC invocations=44 (full 2):
 par new generation   total 109248K, used 21824K [0x00000007a0000000, 0x00000007a8000000, 0x00000007a8000000)
  eden space 87424K,   0% used [0x00000007a0000000, 0x00000007a0000000, 0x00000007a5560000)
  from space 21824K, 100% used [0x00000007a5560000, 0x00000007a6ab0000, 0x00000007a6ab0000)
  to   space 21824K,   0% used [0x00000007a6ab0000, 0x00000007a6ab0000, 0x00000007a8000000)
 concurrent mark-sweep generation total 393216K, used 189996K [0x00000007a8000000, 0x00000007c0000000, 0x00000007c0000000)
 Metaspace       used 39225K, capacity 39802K, committed 40200K, reserved 1085440K
  class space    used 4650K, capacity 4826K, committed 4884K, reserved 1048576K
}
2016-10-24T05:57:46.847+0800: 133.435: Total time for which application threads were stopped: 0.0226445 seconds, Stopping threads took: 0.0000285 seconds
{Heap before GC invocations=44 (full 2):
 par new generation   total 109248K, used 109248K [0x00000007a0000000, 0x00000007a8000000, 0x00000007a8000000)
  eden space 87424K, 100% used [0x00000007a0000000, 0x00000007a5560000, 0x00000007a5560000)
  from space 21824K, 100% used [0x00000007a5560000, 0x00000007a6ab0000, 0x00000007a6ab0000)
  to   space 21824K,   0% used [0x00000007a6ab0000, 0x00000007a6ab0000, 0x00000007a8000000)
 concurrent mark-sweep generation total 393216K, used 189996K [0x00000007a8000000, 0x00000007c0000000, 0x00000007c0000000)
 Metaspace       used 39225K, capacity 39802K, committed 40200K, reserved 1085440K
  class space    used 4650K, capacity 4826K, committed 4884K, reserved 1048576K
2016-10-24T05:57:47.110+0800: 133.699: [GC (Allocation Failure) 2016-10-24T05:57:47.110+0800: 133.699: [ParNew
Desired survivor size 20112992 bytes, new threshold 8 (max 8)
- age   1:    4651976 bytes,    4651976 total
- age   2:    5437168 bytes,   10089144 total
- age   3:    2691776 bytes,   12780920 total
- age   4:    2676520 bytes,   15457440 total
- age   5:    2509336 bytes,   17966776 total
- age   6:    1661784 bytes,   19628560 total
: 109248K->21824K(109248K), 0.0231626 secs] 299244K->222119K(502464K), 0.0232138 secs] [Times: user=0.08 sys=0.00, real=0.02 secs] 
Heap after GC invocations=45 (full 2):
 par new generation   total 109248K, used 21824K [0x00000007a0000000, 0x00000007a8000000, 0x00000007a8000000)
  eden space 87424K,   0% used [0x00000007a0000000, 0x00000007a0000000, 0x00000007a5560000)
  from space 21824K, 100% used [0x00000007a6ab0000, 0x00000007a8000000, 0x00000007a8000000)
  to   space 21824K,   0% used [0x00000007a5560000, 0x00000007a5560000, 0x00000007a6ab0000)
 concurrent mark-sweep generation total 393216K, used 200295K [0x00000007a8000000, 0x00000007c0000000, 0x00000007c0000000)
 Metaspace       used 39225K, capacity 39802K, committed 40200K, reserved 1085440K
  class space    used 4650K, capacity 4826K, committed 4884K, reserved 1048576K
}
2016-10-24T05:57:47.133+0800: 133.722: Total time for which application threads were stopped: 0.0233714 seconds, Stopping threads took: 0.0000230 seconds
2016-10-24T05:57:47.134+0800: 133.722: [GC (CMS Initial Mark) [1 CMS-initial-mark: 200295K(393216K)] 223867K(502464K), 0.0038496 secs] [Times: user=0.01 sys=0.00, real=0.00 secs] 
2016-10-24T05:57:47.138+0800: 133.726: Total time for which application threads were stopped: 0.0040436 seconds, Stopping threads took: 0.0000854 seconds
2016-10-24T05:57:47.138+0800: 133.726: [CMS-concurrent-mark-start]
2016-10-24T05:57:47.186+0800: 133.775: [CMS-concurrent-mark: 0.049/0.049 secs] [Times: user=0.24 sys=0.00, real=0.05 secs] 
2016-10-24T05:57:47.187+0800: 133.775: [CMS-concurrent-preclean-start]
2016-10-24T05:57:47.192+0800: 133.780: [CMS-concurrent-preclean: 0.005/0.005 secs] [Times: user=0.01 sys=0.00, real=0.01 secs] 
2016-10-24T05:57:47.192+0800: 133.780: [CMS-concurrent-abortable-preclean-start]
{Heap before GC invocations=45 (full 3):
 par new generation   total 109248K, used 109248K [0x00000007a0000000, 0x00000007a8000000, 0x00000007a8000000)
  eden space 87424K, 100% used [0x00000007a0000000, 0x00000007a5560000, 0x00000007a5560000)
  from space 21824K, 100% used [0x00000007a6ab0000, 0x00000007a8000000, 0x00000007a8000000)
  to   space 21824K,   0% used [0x00000007a5560000, 0x00000007a5560000, 0x00000007a6ab0000)
 concurrent mark-sweep generation total 393216K, used 200295K [0x00000007a8000000, 0x00000007c0000000, 0x00000007c0000000)
 Metaspace       used 39225K, capacity 39802K, committed 40200K, reserved 1085440K
  class space    used 4650K, capacity 4826K, committed 4884K, reserved 1048576K
2016-10-24T05:57:47.413+0800: 134.001: [GC (Allocation Failure) 2016-10-24T05:57:47.413+0800: 134.001: [ParNew
Desired survivor size 20112992 bytes, new threshold 6 (max 8)
- age   1:    4661928 bytes,    4661928 total
- age   2:    3659432 bytes,    8321360 total
- age   3:    5011376 bytes,   13332736 total
- age   4:    2417208 bytes,   15749944 total
- age   5:    2464800 bytes,   18214744 total
- age   6:    2325800 bytes,   20540544 total
- age   7:    1446728 bytes,   21987272 total
: 109248K->21824K(109248K), 0.0240477 secs] 309543K->228313K(502464K), 0.0241086 secs] [Times: user=0.08 sys=0.00, real=0.02 secs] 
Heap after GC invocations=46 (full 3):
 par new generation   total 109248K, used 21824K [0x00000007a0000000, 0x00000007a8000000, 0x00000007a8000000)
  eden space 87424K,   0% used [0x00000007a0000000, 0x00000007a0000000, 0x00000007a5560000)
  from space 21824K, 100% used [0x00000007a5560000, 0x00000007a6ab0000, 0x00000007a6ab0000)
  to   space 21824K,   0% used [0x00000007a6ab0000, 0x00000007a6ab0000, 0x00000007a8000000)
 concurrent mark-sweep generation total 393216K, used 206489K [0x00000007a8000000, 0x00000007c0000000, 0x00000007c0000000)
 Metaspace       used 39225K, capacity 39802K, committed 40200K, reserved 1085440K
  class space    used 4650K, capacity 4826K, committed 4884K, reserved 1048576K
}
2016-10-24T05:57:47.437+0800: 134.025: Total time for which application threads were stopped: 0.0242748 seconds, Stopping threads took: 0.0000305 seconds
2016-10-24T05:57:47.566+0800: 134.155: [CMS-concurrent-abortable-preclean: 0.347/0.375 secs] [Times: user=0.78 sys=0.01, real=0.37 secs] 
2016-10-24T05:57:47.566+0800: 134.155: [GC (CMS Final Remark) [YG occupancy: 67092 K (109248 K)]{Heap before GC invocations=46 (full 3):
 par new generation   total 109248K, used 67092K [0x00000007a0000000, 0x00000007a8000000, 0x00000007a8000000)
  eden space 87424K,  51% used [0x00000007a0000000, 0x00000007a2c353b0, 0x00000007a5560000)
  from space 21824K, 100% used [0x00000007a5560000, 0x00000007a6ab0000, 0x00000007a6ab0000)
  to   space 21824K,   0% used [0x00000007a6ab0000, 0x00000007a6ab0000, 0x00000007a8000000)
 concurrent mark-sweep generation total 393216K, used 206489K [0x00000007a8000000, 0x00000007c0000000, 0x00000007c0000000)
 Metaspace       used 39225K, capacity 39802K, committed 40200K, reserved 1085440K
  class space    used 4650K, capacity 4826K, committed 4884K, reserved 1048576K
2016-10-24T05:57:47.566+0800: 134.155: [GC (CMS Final Remark) 2016-10-24T05:57:47.566+0800: 134.155: [ParNew
Desired survivor size 20112992 bytes, new threshold 8 (max 8)
- age   1:    5169416 bytes,    5169416 total
- age   2:    2910432 bytes,    8079848 total
- age   3:    2409680 bytes,   10489528 total
- age   4:    4889032 bytes,   15378560 total
- age   5:    2302744 bytes,   17681304 total
- age   6:    2361864 bytes,   20043168 total
: 67092K->21824K(109248K), 0.0230317 secs] 273582K->236571K(502464K), 0.0230769 secs] [Times: user=0.07 sys=0.00, real=0.02 secs] 
Heap after GC invocations=47 (full 3):
 par new generation   total 109248K, used 21824K [0x00000007a0000000, 0x00000007a8000000, 0x00000007a8000000)
  eden space 87424K,   0% used [0x00000007a0000000, 0x00000007a0000000, 0x00000007a5560000)
  from space 21824K, 100% used [0x00000007a6ab0000, 0x00000007a8000000, 0x00000007a8000000)
  to   space 21824K,   0% used [0x00000007a5560000, 0x00000007a5560000, 0x00000007a6ab0000)
 concurrent mark-sweep generation total 393216K, used 214747K [0x00000007a8000000, 0x00000007c0000000, 0x00000007c0000000)
 Metaspace       used 39225K, capacity 39802K, committed 40200K, reserved 1085440K
  class space    used 4650K, capacity 4826K, committed 4884K, reserved 1048576K
}
2016-10-24T05:57:47.589+0800: 134.178: [Rescan (parallel) , 0.0087004 secs]2016-10-24T05:57:47.598+0800: 134.187: [weak refs processing, 0.0009978 secs]2016-10-24T05:57:47.599+0800: 134.188: [class unloading, 0.0082617 secs]2016-10-24T05:57:47.607+0800: 134.196: [scrub symbol table, 0.0082144 secs]2016-10-24T05:57:47.616+0800: 134.204: [scrub string table, 0.0006915 secs][1 CMS-remark: 214747K(393216K)] 236571K(502464K), 0.0519078 secs] [Times: user=0.13 sys=0.01, real=0.05 secs] 
2016-10-24T05:57:47.618+0800: 134.207: Total time for which application threads were stopped: 0.0520979 seconds, Stopping threads took: 0.0000924 seconds
2016-10-24T05:57:47.618+0800: 134.207: [CMS-concurrent-sweep-start]
2016-10-24T05:57:47.690+0800: 134.278: [CMS-concurrent-sweep: 0.071/0.071 secs] [Times: user=0.14 sys=0.00, real=0.08 secs] 
2016-10-24T05:57:47.690+0800: 134.278: [CMS-concurrent-reset-start]
2016-10-24T05:57:47.690+0800: 134.279: [CMS-concurrent-reset: 0.000/0.000 secs] [Times: user=0.00 sys=0.00, real=0.00 secs] 
{Heap before GC invocations=47 (full 3):
 par new generation   total 109248K, used 109248K [0x00000007a0000000, 0x00000007a8000000, 0x00000007a8000000)
  eden space 87424K, 100% used [0x00000007a0000000, 0x00000007a5560000, 0x00000007a5560000)
  from space 21824K, 100% used [0x00000007a6ab0000, 0x00000007a8000000, 0x00000007a8000000)
  to   space 21824K,   0% used [0x00000007a5560000, 0x00000007a5560000, 0x00000007a6ab0000)
 concurrent mark-sweep generation total 393216K, used 105950K [0x00000007a8000000, 0x00000007c0000000, 0x00000007c0000000)
 Metaspace       used 39225K, capacity 39802K, committed 40200K, reserved 1085440K
  class space    used 4650K, capacity 4826K, committed 4884K, reserved 1048576K
2016-10-24T05:57:47.883+0800: 134.471: [GC (Allocation Failure) 2016-10-24T05:57:47.883+0800: 134.471: [ParNew
Desired survivor size 20112992 bytes, new threshold 7 (max 8)
- age   1:    4005808 bytes,    4005808 total
- age   2:    4570048 bytes,    8575856 total
- age   3:    2312272 bytes,   10888128 total
- age   4:    2142960 bytes,   13031088 total
- age   5:    4618456 bytes,   17649544 total
- age   6:    1954088 bytes,   19603632 total
- age   7:    1994408 bytes,   21598040 total
: 109248K->21824K(109248K), 0.0270735 secs] 215198K->132558K(502464K), 0.0271458 secs] [Times: user=0.10 sys=0.00, real=0.03 secs] 
Heap after GC invocations=48 (full 3):
 par new generation   total 109248K, used 21824K [0x00000007a0000000, 0x00000007a8000000, 0x00000007a8000000)
  eden space 87424K,   0% used [0x00000007a0000000, 0x00000007a0000000, 0x00000007a5560000)
  from space 21824K, 100% used [0x00000007a5560000, 0x00000007a6ab0000, 0x00000007a6ab0000)
  to   space 21824K,   0% used [0x00000007a6ab0000, 0x00000007a6ab0000, 0x00000007a8000000)
 concurrent mark-sweep generation total 393216K, used 110734K [0x00000007a8000000, 0x00000007c0000000, 0x00000007c0000000)
 Metaspace       used 39225K, capacity 39802K, committed 40200K, reserved 1085440K
  class space    used 4650K, capacity 4826K, committed 4884K, reserved 1048576K
}
2016-10-24T05:57:47.910+0800: 134.499: Total time for which application threads were stopped: 0.0273055 seconds, Stopping threads took: 0.0000288 seconds
{Heap before GC invocations=48 (full 3):
 par new generation   total 109248K, used 109248K [0x00000007a0000000, 0x00000007a8000000, 0x00000007a8000000)
  eden space 87424K, 100% used [0x00000007a0000000, 0x00000007a5560000, 0x00000007a5560000)
  from space 21824K, 100% used [0x00000007a5560000, 0x00000007a6ab0000, 0x00000007a6ab0000)
  to   space 21824K,   0% used [0x00000007a6ab0000, 0x00000007a6ab0000, 0x00000007a8000000)
 concurrent mark-sweep generation total 393216K, used 110734K [0x00000007a8000000, 0x00000007c0000000, 0x00000007c0000000)
 Metaspace       used 39225K, capacity 39802K, committed 40200K, reserved 1085440K
  class space    used 4650K, capacity 4826K, committed 4884K, reserved 1048576K
2016-10-24T05:57:48.150+0800: 134.739: [GC (Allocation Failure) 2016-10-24T05:57:48.150+0800: 134.739: [ParNew
Desired survivor size 20112992 bytes, new threshold 8 (max 8)
- age   1:    3827904 bytes,    3827904 total
- age   2:    3612232 bytes,    7440136 total
- age   3:     985048 bytes,    8425184 total
- age   4:    2049992 bytes,   10475176 total
- age   5:    2077760 bytes,   12552936 total
- age   6:    4601592 bytes,   17154528 total
- age   7:    1925160 bytes,   19079688 total
: 109248K->21824K(109248K), 0.0179378 secs] 219982K->141712K(502464K), 0.0180331 secs] [Times: user=0.07 sys=0.00, real=0.01 secs] 
Heap after GC invocations=49 (full 3):
 par new generation   total 109248K, used 21824K [0x00000007a0000000, 0x00000007a8000000, 0x00000007a8000000)
  eden space 87424K,   0% used [0x00000007a0000000, 0x00000007a0000000, 0x00000007a5560000)
  from space 21824K, 100% used [0x00000007a6ab0000, 0x00000007a8000000, 0x00000007a8000000)
  to   space 21824K,   0% used [0x00000007a5560000, 0x00000007a5560000, 0x00000007a6ab0000)
 concurrent mark-sweep generation total 393216K, used 119888K [0x00000007a8000000, 0x00000007c0000000, 0x00000007c0000000)
 Metaspace       used 39225K, capacity 39802K, committed 40200K, reserved 1085440K
  class space    used 4650K, capacity 4826K, committed 4884K, reserved 1048576K
}
2016-10-24T05:57:48.168+0800: 134.757: Total time for which application threads were stopped: 0.0182245 seconds, Stopping threads took: 0.0000293 seconds
{Heap before GC invocations=49 (full 3):
 par new generation   total 109248K, used 109248K [0x00000007a0000000, 0x00000007a8000000, 0x00000007a8000000)
  eden space 87424K, 100% used [0x00000007a0000000, 0x00000007a5560000, 0x00000007a5560000)
  from space 21824K, 100% used [0x00000007a6ab0000, 0x00000007a8000000, 0x00000007a8000000)
  to   space 21824K,   0% used [0x00000007a5560000, 0x00000007a5560000, 0x00000007a6ab0000)
 concurrent mark-sweep generation total 393216K, used 119888K [0x00000007a8000000, 0x00000007c0000000, 0x00000007c0000000)
 Metaspace       used 39225K, capacity 39802K, committed 40200K, reserved 1085440K
  class space    used 4650K, capacity 4826K, committed 4884K, reserved 1048576K
2016-10-24T05:57:48.415+0800: 135.004: [GC (Allocation Failure) 2016-10-24T05:57:48.415+0800: 135.004: [ParNew
Desired survivor size 20112992 bytes, new threshold 8 (max 8)
- age   1:    3813520 bytes,    3813520 total
- age   2:    3046616 bytes,    6860136 total
- age   3:    3532352 bytes,   10392488 total
- age   4:     961880 bytes,   11354368 total
- age   5:    2000472 bytes,   13354840 total
- age   6:    2039600 bytes,   15394440 total
- age   7:    3523592 bytes,   18918032 total
- age   8:    1896456 bytes,   20814488 total
: 109248K->21824K(109248K), 0.0191147 secs] 229136K->149760K(502464K), 0.0191847 secs] [Times: user=0.08 sys=0.01, real=0.02 secs] 
Heap after GC invocations=50 (full 3):
 par new generation   total 109248K, used 21824K [0x00000007a0000000, 0x00000007a8000000, 0x00000007a8000000)
  eden space 87424K,   0% used [0x00000007a0000000, 0x00000007a0000000, 0x00000007a5560000)
  from space 21824K, 100% used [0x00000007a5560000, 0x00000007a6ab0000, 0x00000007a6ab0000)
  to   space 21824K,   0% used [0x00000007a6ab0000, 0x00000007a6ab0000, 0x00000007a8000000)
 concurrent mark-sweep generation total 393216K, used 127936K [0x00000007a8000000, 0x00000007c0000000, 0x00000007c0000000)
 Metaspace       used 39225K, capacity 39802K, committed 40200K, reserved 1085440K
  class space    used 4650K, capacity 4826K, committed 4884K, reserved 1048576K
}
2016-10-24T05:57:48.434+0800: 135.023: Total time for which application threads were stopped: 0.0193733 seconds, Stopping threads took: 0.0000311 seconds
{Heap before GC invocations=50 (full 3):
 par new generation   total 109248K, used 109248K [0x00000007a0000000, 0x00000007a8000000, 0x00000007a8000000)
  eden space 87424K, 100% used [0x00000007a0000000, 0x00000007a5560000, 0x00000007a5560000)
  from space 21824K, 100% used [0x00000007a5560000, 0x00000007a6ab0000, 0x00000007a6ab0000)
  to   space 21824K,   0% used [0x00000007a6ab0000, 0x00000007a6ab0000, 0x00000007a8000000)
 concurrent mark-sweep generation total 393216K, used 127936K [0x00000007a8000000, 0x00000007c0000000, 0x00000007c0000000)
 Metaspace       used 39236K, capacity 39866K, committed 40200K, reserved 1085440K
  class space    used 4650K, capacity 4826K, committed 4884K, reserved 1048576K
2016-10-24T05:57:48.743+0800: 135.331: [GC (Allocation Failure) 2016-10-24T05:57:48.743+0800: 135.331: [ParNew
Desired survivor size 20112992 bytes, new threshold 8 (max 8)
- age   1:    3712600 bytes,    3712600 total
- age   2:    3068080 bytes,    6780680 total
- age   3:    2868272 bytes,    9648952 total
- age   4:    3415280 bytes,   13064232 total
- age   5:     931824 bytes,   13996056 total
- age   6:    1988928 bytes,   15984984 total
- age   7:    2022800 bytes,   18007784 total
- age   8:    2457960 bytes,   20465744 total
: 109248K->21824K(109248K), 0.0250827 secs] 237184K->159955K(502464K), 0.0251655 secs] [Times: user=0.11 sys=0.00, real=0.02 secs] 
Heap after GC invocations=51 (full 3):
 par new generation   total 109248K, used 21824K [0x00000007a0000000, 0x00000007a8000000, 0x00000007a8000000)
  eden space 87424K,   0% used [0x00000007a0000000, 0x00000007a0000000, 0x00000007a5560000)
  from space 21824K, 100% used [0x00000007a6ab0000, 0x00000007a8000000, 0x00000007a8000000)
  to   space 21824K,   0% used [0x00000007a5560000, 0x00000007a5560000, 0x00000007a6ab0000)
 concurrent mark-sweep generation total 393216K, used 138131K [0x00000007a8000000, 0x00000007c0000000, 0x00000007c0000000)
 Metaspace       used 39236K, capacity 39866K, committed 40200K, reserved 1085440K
  class space    used 4650K, capacity 4826K, committed 4884K, reserved 1048576K
}
2016-10-24T05:57:48.768+0800: 135.356: Total time for which application threads were stopped: 0.0254563 seconds, Stopping threads took: 0.0000799 seconds
2016-10-24T05:57:48.894+0800: 135.482: Total time for which application threads were stopped: 0.0001888 seconds, Stopping threads took: 0.0000806 seconds
2016-10-24T05:57:48.959+0800: 135.547: Total time for which application threads were stopped: 0.0001584 seconds, Stopping threads took: 0.0000653 seconds
2016-10-24T05:57:48.959+0800: 135.548: Total time for which application threads were stopped: 0.0001361 seconds, Stopping threads took: 0.0000747 seconds
{Heap before GC invocations=51 (full 3):
 par new generation   total 109248K, used 109248K [0x00000007a0000000, 0x00000007a8000000, 0x00000007a8000000)
  eden space 87424K, 100% used [0x00000007a0000000, 0x00000007a5560000, 0x00000007a5560000)
  from space 21824K, 100% used [0x00000007a6ab0000, 0x00000007a8000000, 0x00000007a8000000)
  to   space 21824K,   0% used [0x00000007a5560000, 0x00000007a5560000, 0x00000007a6ab0000)
 concurrent mark-sweep generation total 393216K, used 138131K [0x00000007a8000000, 0x00000007c0000000, 0x00000007c0000000)
 Metaspace       used 39237K, capacity 39866K, committed 40200K, reserved 1085440K
  class space    used 4650K, capacity 4826K, committed 4884K, reserved 1048576K
2016-10-24T05:57:49.045+0800: 135.633: [GC (Allocation Failure) 2016-10-24T05:57:49.045+0800: 135.633: [ParNew
Desired survivor size 20112992 bytes, new threshold 8 (max 8)
- age   1:    4515904 bytes,    4515904 total
- age   2:    2632112 bytes,    7148016 total
- age   3:    2232152 bytes,    9380168 total
- age   4:    2239096 bytes,   11619264 total
- age   5:    2265368 bytes,   13884632 total
- age   6:     463616 bytes,   14348248 total
- age   7:    1358232 bytes,   15706480 total
- age   8:    1788944 bytes,   17495424 total
: 109248K->21824K(109248K), 0.0198574 secs] 247379K->165218K(502464K), 0.0199264 secs] [Times: user=0.09 sys=0.00, real=0.02 secs] 
Heap after GC invocations=52 (full 3):
 par new generation   total 109248K, used 21824K [0x00000007a0000000, 0x00000007a8000000, 0x00000007a8000000)
  eden space 87424K,   0% used [0x00000007a0000000, 0x00000007a0000000, 0x00000007a5560000)
  from space 21824K, 100% used [0x00000007a5560000, 0x00000007a6ab0000, 0x00000007a6ab0000)
  to   space 21824K,   0% used [0x00000007a6ab0000, 0x00000007a6ab0000, 0x00000007a8000000)
 concurrent mark-sweep generation total 393216K, used 143394K [0x00000007a8000000, 0x00000007c0000000, 0x00000007c0000000)
 Metaspace       used 39237K, capacity 39866K, committed 40200K, reserved 1085440K
  class space    used 4650K, capacity 4826K, committed 4884K, reserved 1048576K
}
2016-10-24T05:57:49.065+0800: 135.653: Total time for which application threads were stopped: 0.0201187 seconds, Stopping threads took: 0.0000704 seconds
{Heap before GC invocations=52 (full 3):
 par new generation   total 109248K, used 109248K [0x00000007a0000000, 0x00000007a8000000, 0x00000007a8000000)
  eden space 87424K, 100% used [0x00000007a0000000, 0x00000007a5560000, 0x00000007a5560000)
  from space 21824K, 100% used [0x00000007a5560000, 0x00000007a6ab0000, 0x00000007a6ab0000)
  to   space 21824K,   0% used [0x00000007a6ab0000, 0x00000007a6ab0000, 0x00000007a8000000)
 concurrent mark-sweep generation total 393216K, used 143394K [0x00000007a8000000, 0x00000007c0000000, 0x00000007c0000000)
 Metaspace       used 39240K, capacity 39866K, committed 40200K, reserved 1085440K
  class space    used 4650K, capacity 4826K, committed 4884K, reserved 1048576K
2016-10-24T05:57:49.345+0800: 135.933: [GC (Allocation Failure) 2016-10-24T05:57:49.345+0800: 135.933: [ParNew
Desired survivor size 20112992 bytes, new threshold 8 (max 8)
- age   1:    6022256 bytes,    6022256 total
- age   2:    3194112 bytes,    9216368 total
- age   3:    2540224 bytes,   11756592 total
- age   4:    2232152 bytes,   13988744 total
- age   5:    2239096 bytes,   16227840 total
- age   6:    2265176 bytes,   18493016 total
- age   7:     463616 bytes,   18956632 total
- age   8:    1358232 bytes,   20314864 total
: 109248K->21824K(109248K), 0.0173829 secs] 252642K->167665K(502464K), 0.0174490 secs] [Times: user=0.07 sys=0.00, real=0.02 secs] 
Heap after GC invocations=53 (full 3):
 par new generation   total 109248K, used 21824K [0x00000007a0000000, 0x00000007a8000000, 0x00000007a8000000)
  eden space 87424K,   0% used [0x00000007a0000000, 0x00000007a0000000, 0x00000007a5560000)
  from space 21824K, 100% used [0x00000007a6ab0000, 0x00000007a8000000, 0x00000007a8000000)
  to   space 21824K,   0% used [0x00000007a5560000, 0x00000007a5560000, 0x00000007a6ab0000)
 concurrent mark-sweep generation total 393216K, used 145841K [0x00000007a8000000, 0x00000007c0000000, 0x00000007c0000000)
 Metaspace       used 39240K, capacity 39866K, committed 40200K, reserved 1085440K
  class space    used 4650K, capacity 4826K, committed 4884K, reserved 1048576K
}
2016-10-24T05:57:49.362+0800: 135.951: Total time for which application threads were stopped: 0.0176726 seconds, Stopping threads took: 0.0000577 seconds
{Heap before GC invocations=53 (full 3):
 par new generation   total 109248K, used 109248K [0x00000007a0000000, 0x00000007a8000000, 0x00000007a8000000)
  eden space 87424K, 100% used [0x00000007a0000000, 0x00000007a5560000, 0x00000007a5560000)
  from space 21824K, 100% used [0x00000007a6ab0000, 0x00000007a8000000, 0x00000007a8000000)
  to   space 21824K,   0% used [0x00000007a5560000, 0x00000007a5560000, 0x00000007a6ab0000)
 concurrent mark-sweep generation total 393216K, used 145841K [0x00000007a8000000, 0x00000007c0000000, 0x00000007c0000000)
 Metaspace       used 39240K, capacity 39866K, committed 40200K, reserved 1085440K
  class space    used 4650K, capacity 4826K, committed 4884K, reserved 1048576K
2016-10-24T05:57:49.395+0800: 135.983: [GC (Allocation Failure) 2016-10-24T05:57:49.395+0800: 135.983: [ParNew
Desired survivor size 20112992 bytes, new threshold 8 (max 8)
- age   1:     666264 bytes,     666264 total
- age   2:    5951880 bytes,    6618144 total
- age   3:    3149144 bytes,    9767288 total
- age   4:    2537176 bytes,   12304464 total
- age   5:    2231976 bytes,   14536440 total
- age   6:    2239096 bytes,   16775536 total
- age   7:    2297848 bytes,   19073384 total
- age   8:     496384 bytes,   19569768 total
: 109248K->21824K(109248K), 0.0169556 secs] 255089K->169009K(502464K), 0.0170244 secs] [Times: user=0.09 sys=0.00, real=0.02 secs] 
Heap after GC invocations=54 (full 3):
 par new generation   total 109248K, used 21824K [0x00000007a0000000, 0x00000007a8000000, 0x00000007a8000000)
  eden space 87424K,   0% used [0x00000007a0000000, 0x00000007a0000000, 0x00000007a5560000)
  from space 21824K, 100% used [0x00000007a5560000, 0x00000007a6ab0000, 0x00000007a6ab0000)
  to   space 21824K,   0% used [0x00000007a6ab0000, 0x00000007a6ab0000, 0x00000007a8000000)
 concurrent mark-sweep generation total 393216K, used 147185K [0x00000007a8000000, 0x00000007c0000000, 0x00000007c0000000)
 Metaspace       used 39240K, capacity 39866K, committed 40200K, reserved 1085440K
  class space    used 4650K, capacity 4826K, committed 4884K, reserved 1048576K
}
2016-10-24T05:57:49.412+0800: 136.000: Total time for which application threads were stopped: 0.0172376 seconds, Stopping threads took: 0.0000741 seconds
{Heap before GC invocations=54 (full 3):
 par new generation   total 109248K, used 109248K [0x00000007a0000000, 0x00000007a8000000, 0x00000007a8000000)
  eden space 87424K, 100% used [0x00000007a0000000, 0x00000007a5560000, 0x00000007a5560000)
  from space 21824K, 100% used [0x00000007a5560000, 0x00000007a6ab0000, 0x00000007a6ab0000)
  to   space 21824K,   0% used [0x00000007a6ab0000, 0x00000007a6ab0000, 0x00000007a8000000)
 concurrent mark-sweep generation total 393216K, used 147185K [0x00000007a8000000, 0x00000007c0000000, 0x00000007c0000000)
 Metaspace       used 39240K, capacity 39866K, committed 40200K, reserved 1085440K
  class space    used 4650K, capacity 4826K, committed 4884K, reserved 1048576K
2016-10-24T05:57:49.448+0800: 136.037: [GC (Allocation Failure) 2016-10-24T05:57:49.448+0800: 136.037: [ParNew
Desired survivor size 20112992 bytes, new threshold 8 (max 8)
- age   1:    1268872 bytes,    1268872 total
- age   2:     484072 bytes,    1752944 total
- age   3:    4122096 bytes,    5875040 total
- age   4:    2868680 bytes,    8743720 total
- age   5:    2289160 bytes,   11032880 total
- age   6:    2117928 bytes,   13150808 total
- age   7:    2081512 bytes,   15232320 total
- age   8:    2155016 bytes,   17387336 total
: 109248K->21824K(109248K), 0.0160624 secs] 256433K->171733K(502464K), 0.0161044 secs] [Times: user=0.07 sys=0.01, real=0.02 secs] 
Heap after GC invocations=55 (full 3):
 par new generation   total 109248K, used 21824K [0x00000007a0000000, 0x00000007a8000000, 0x00000007a8000000)
  eden space 87424K,   0% used [0x00000007a0000000, 0x00000007a0000000, 0x00000007a5560000)
  from space 21824K, 100% used [0x00000007a6ab0000, 0x00000007a8000000, 0x00000007a8000000)
  to   space 21824K,   0% used [0x00000007a5560000, 0x00000007a5560000, 0x00000007a6ab0000)
 concurrent mark-sweep generation total 393216K, used 149909K [0x00000007a8000000, 0x00000007c0000000, 0x00000007c0000000)
 Metaspace       used 39240K, capacity 39866K, committed 40200K, reserved 1085440K
  class space    used 4650K, capacity 4826K, committed 4884K, reserved 1048576K
}
2016-10-24T05:57:49.464+0800: 136.053: Total time for which application threads were stopped: 0.0162518 seconds, Stopping threads took: 0.0000165 seconds
{Heap before GC invocations=55 (full 3):
 par new generation   total 109248K, used 109248K [0x00000007a0000000, 0x00000007a8000000, 0x00000007a8000000)
  eden space 87424K, 100% used [0x00000007a0000000, 0x00000007a5560000, 0x00000007a5560000)
  from space 21824K, 100% used [0x00000007a6ab0000, 0x00000007a8000000, 0x00000007a8000000)
  to   space 21824K,   0% used [0x00000007a5560000, 0x00000007a5560000, 0x00000007a6ab0000)
 concurrent mark-sweep generation total 393216K, used 149909K [0x00000007a8000000, 0x00000007c0000000, 0x00000007c0000000)
 Metaspace       used 39240K, capacity 39866K, committed 40200K, reserved 1085440K
  class space    used 4650K, capacity 4826K, committed 4884K, reserved 1048576K
2016-10-24T05:57:49.544+0800: 136.133: [GC (Allocation Failure) 2016-10-24T05:57:49.544+0800: 136.133: [ParNew
Desired survivor size 20112992 bytes, new threshold 8 (max 8)
- age   1:    2669864 bytes,    2669864 total
- age   2:     463296 bytes,    3133160 total
- age   3:     416944 bytes,    3550104 total
- age   4:    3657488 bytes,    7207592 total
- age   5:    2577024 bytes,    9784616 total
- age   6:    2281448 bytes,   12066064 total
- age   7:    2112096 bytes,   14178160 total
- age   8:    2079080 bytes,   16257240 total
: 109248K->21824K(109248K), 0.0152099 secs] 259157K->174715K(502464K), 0.0152724 secs] [Times: user=0.07 sys=0.00, real=0.02 secs] 
Heap after GC invocations=56 (full 3):
 par new generation   total 109248K, used 21824K [0x00000007a0000000, 0x00000007a8000000, 0x00000007a8000000)
  eden space 87424K,   0% used [0x00000007a0000000, 0x00000007a0000000, 0x00000007a5560000)
  from space 21824K, 100% used [0x00000007a5560000, 0x00000007a6ab0000, 0x00000007a6ab0000)
  to   space 21824K,   0% used [0x00000007a6ab0000, 0x00000007a6ab0000, 0x00000007a8000000)
 concurrent mark-sweep generation total 393216K, used 152891K [0x00000007a8000000, 0x00000007c0000000, 0x00000007c0000000)
 Metaspace       used 39240K, capacity 39866K, committed 40200K, reserved 1085440K
  class space    used 4650K, capacity 4826K, committed 4884K, reserved 1048576K
}
2016-10-24T05:57:49.560+0800: 136.148: Total time for which application threads were stopped: 0.0154559 seconds, Stopping threads took: 0.0000237 seconds
2016-10-24T05:57:49.683+0800: 136.272: Total time for which application threads were stopped: 0.0001837 seconds, Stopping threads took: 0.0000812 seconds
2016-10-24T05:57:49.685+0800: 136.274: Total time for which application threads were stopped: 0.0001544 seconds, Stopping threads took: 0.0000598 seconds
2016-10-24T05:57:49.686+0800: 136.274: Total time for which application threads were stopped: 0.0001207 seconds, Stopping threads took: 0.0000584 seconds
2016-10-24T05:57:49.691+0800: 136.279: Total time for which application threads were stopped: 0.0001456 seconds, Stopping threads took: 0.0000755 seconds
{Heap before GC invocations=56 (full 3):
 par new generation   total 109248K, used 109248K [0x00000007a0000000, 0x00000007a8000000, 0x00000007a8000000)
  eden space 87424K, 100% used [0x00000007a0000000, 0x00000007a5560000, 0x00000007a5560000)
  from space 21824K, 100% used [0x00000007a5560000, 0x00000007a6ab0000, 0x00000007a6ab0000)
  to   space 21824K,   0% used [0x00000007a6ab0000, 0x00000007a6ab0000, 0x00000007a8000000)
 concurrent mark-sweep generation total 393216K, used 152891K [0x00000007a8000000, 0x00000007c0000000, 0x00000007c0000000)
 Metaspace       used 39315K, capacity 39930K, committed 40456K, reserved 1085440K
  class space    used 4659K, capacity 4826K, committed 4884K, reserved 1048576K
2016-10-24T05:57:49.698+0800: 136.287: [GC (Allocation Failure) 2016-10-24T05:57:49.698+0800: 136.287: [ParNew
Desired survivor size 20112992 bytes, new threshold 8 (max 8)
- age   1:    4891664 bytes,    4891664 total
- age   2:    1199784 bytes,    6091448 total
- age   3:     463296 bytes,    6554744 total
- age   4:     416944 bytes,    6971688 total
- age   5:    3263784 bytes,   10235472 total
- age   6:    2576928 bytes,   12812400 total
- age   7:    2269880 bytes,   15082280 total
- age   8:    2102448 bytes,   17184728 total
: 109248K->21824K(109248K), 0.0182759 secs] 262139K->176755K(502464K), 0.0183273 secs] [Times: user=0.10 sys=0.00, real=0.02 secs] 
Heap after GC invocations=57 (full 3):
 par new generation   total 109248K, used 21824K [0x00000007a0000000, 0x00000007a8000000, 0x00000007a8000000)
  eden space 87424K,   0% used [0x00000007a0000000, 0x00000007a0000000, 0x00000007a5560000)
  from space 21824K, 100% used [0x00000007a6ab0000, 0x00000007a8000000, 0x00000007a8000000)
  to   space 21824K,   0% used [0x00000007a5560000, 0x00000007a5560000, 0x00000007a6ab0000)
 concurrent mark-sweep generation total 393216K, used 154931K [0x00000007a8000000, 0x00000007c0000000, 0x00000007c0000000)
 Metaspace       used 39315K, capacity 39930K, committed 40456K, reserved 1085440K
  class space    used 4659K, capacity 4826K, committed 4884K, reserved 1048576K
}
2016-10-24T05:57:49.716+0800: 136.305: Total time for which application threads were stopped: 0.0184974 seconds, Stopping threads took: 0.0000385 seconds
{Heap before GC invocations=57 (full 3):
 par new generation   total 109248K, used 109248K [0x00000007a0000000, 0x00000007a8000000, 0x00000007a8000000)
  eden space 87424K, 100% used [0x00000007a0000000, 0x00000007a5560000, 0x00000007a5560000)
  from space 21824K, 100% used [0x00000007a6ab0000, 0x00000007a8000000, 0x00000007a8000000)
  to   space 21824K,   0% used [0x00000007a5560000, 0x00000007a5560000, 0x00000007a6ab0000)
 concurrent mark-sweep generation total 393216K, used 154931K [0x00000007a8000000, 0x00000007c0000000, 0x00000007c0000000)
 Metaspace       used 39330K, capacity 39994K, committed 40456K, reserved 1085440K
  class space    used 4659K, capacity 4826K, committed 4884K, reserved 1048576K
2016-10-24T05:57:50.089+0800: 136.677: [GC (Allocation Failure) 2016-10-24T05:57:50.089+0800: 136.677: [ParNew
Desired survivor size 20112992 bytes, new threshold 8 (max 8)
- age   1:    7489040 bytes,    7489040 total
- age   2:    3123464 bytes,   10612504 total
- age   3:    1161744 bytes,   11774248 total
- age   4:     447896 bytes,   12222144 total
- age   5:     404056 bytes,   12626200 total
- age   6:    2929160 bytes,   15555360 total
- age   7:    2271952 bytes,   17827312 total
- age   8:    2250056 bytes,   20077368 total
: 109248K->21824K(109248K), 0.0188291 secs] 264179K->179245K(502464K), 0.0188897 secs] [Times: user=0.07 sys=0.00, real=0.02 secs] 
Heap after GC invocations=58 (full 3):
 par new generation   total 109248K, used 21824K [0x00000007a0000000, 0x00000007a8000000, 0x00000007a8000000)
  eden space 87424K,   0% used [0x00000007a0000000, 0x00000007a0000000, 0x00000007a5560000)
  from space 21824K, 100% used [0x00000007a5560000, 0x00000007a6ab0000, 0x00000007a6ab0000)
  to   space 21824K,   0% used [0x00000007a6ab0000, 0x00000007a6ab0000, 0x00000007a8000000)
 concurrent mark-sweep generation total 393216K, used 157421K [0x00000007a8000000, 0x00000007c0000000, 0x00000007c0000000)
 Metaspace       used 39330K, capacity 39994K, committed 40456K, reserved 1085440K
  class space    used 4659K, capacity 4826K, committed 4884K, reserved 1048576K
}
2016-10-24T05:57:50.108+0800: 136.696: Total time for which application threads were stopped: 0.0191011 seconds, Stopping threads took: 0.0000673 seconds
2016-10-24T05:57:50.160+0800: 136.749: Total time for which application threads were stopped: 0.0001568 seconds, Stopping threads took: 0.0000461 seconds
2016-10-24T05:57:50.177+0800: 136.766: Total time for which application threads were stopped: 0.0001196 seconds, Stopping threads took: 0.0000485 seconds
2016-10-24T05:57:50.177+0800: 136.766: Total time for which application threads were stopped: 0.0000907 seconds, Stopping threads took: 0.0000418 seconds
{Heap before GC invocations=58 (full 3):
 par new generation   total 109248K, used 109248K [0x00000007a0000000, 0x00000007a8000000, 0x00000007a8000000)
  eden space 87424K, 100% used [0x00000007a0000000, 0x00000007a5560000, 0x00000007a5560000)
  from space 21824K, 100% used [0x00000007a5560000, 0x00000007a6ab0000, 0x00000007a6ab0000)
  to   space 21824K,   0% used [0x00000007a6ab0000, 0x00000007a6ab0000, 0x00000007a8000000)
 concurrent mark-sweep generation total 393216K, used 157421K [0x00000007a8000000, 0x00000007c0000000, 0x00000007c0000000)
 Metaspace       used 39355K, capacity 39994K, committed 40456K, reserved 1085440K
  class space    used 4662K, capacity 4826K, committed 4884K, reserved 1048576K
2016-10-24T05:57:50.257+0800: 136.846: [GC (Allocation Failure) 2016-10-24T05:57:50.257+0800: 136.846: [ParNew
Desired survivor size 20112992 bytes, new threshold 8 (max 8)
- age   1:    3394584 bytes,    3394584 total
- age   2:    6926904 bytes,   10321488 total
- age   3:    2872440 bytes,   13193928 total
- age   4:    1007872 bytes,   14201800 total
- age   5:     381848 bytes,   14583648 total
- age   6:     351424 bytes,   14935072 total
- age   7:    2460224 bytes,   17395296 total
- age   8:    1903440 bytes,   19298736 total
: 109248K->21824K(109248K), 0.0146297 secs] 266669K->181265K(502464K), 0.0146846 secs] [Times: user=0.07 sys=0.01, real=0.02 secs] 
Heap after GC invocations=59 (full 3):
 par new generation   total 109248K, used 21824K [0x00000007a0000000, 0x00000007a8000000, 0x00000007a8000000)
  eden space 87424K,   0% used [0x00000007a0000000, 0x00000007a0000000, 0x00000007a5560000)
  from space 21824K, 100% used [0x00000007a6ab0000, 0x00000007a8000000, 0x00000007a8000000)
  to   space 21824K,   0% used [0x00000007a5560000, 0x00000007a5560000, 0x00000007a6ab0000)
 concurrent mark-sweep generation total 393216K, used 159441K [0x00000007a8000000, 0x00000007c0000000, 0x00000007c0000000)
 Metaspace       used 39355K, capacity 39994K, committed 40456K, reserved 1085440K
  class space    used 4662K, capacity 4826K, committed 4884K, reserved 1048576K
}
2016-10-24T05:57:50.272+0800: 136.861: Total time for which application threads were stopped: 0.0148852 seconds, Stopping threads took: 0.0000666 seconds
2016-10-24T05:57:50.360+0800: 136.948: Total time for which application threads were stopped: 0.0001615 seconds, Stopping threads took: 0.0000365 seconds
2016-10-24T05:57:50.360+0800: 136.948: Total time for which application threads were stopped: 0.0000835 seconds, Stopping threads took: 0.0000114 seconds
2016-10-24T05:57:50.360+0800: 136.949: Total time for which application threads were stopped: 0.0000893 seconds, Stopping threads took: 0.0000267 seconds
{Heap before GC invocations=59 (full 3):
 par new generation   total 109248K, used 109248K [0x00000007a0000000, 0x00000007a8000000, 0x00000007a8000000)
  eden space 87424K, 100% used [0x00000007a0000000, 0x00000007a5560000, 0x00000007a5560000)
  from space 21824K, 100% used [0x00000007a6ab0000, 0x00000007a8000000, 0x00000007a8000000)
  to   space 21824K,   0% used [0x00000007a5560000, 0x00000007a5560000, 0x00000007a6ab0000)
 concurrent mark-sweep generation total 393216K, used 159441K [0x00000007a8000000, 0x00000007c0000000, 0x00000007c0000000)
 Metaspace       used 39363K, capacity 39994K, committed 40456K, reserved 1085440K
  class space    used 4662K, capacity 4826K, committed 4884K, reserved 1048576K
2016-10-24T05:57:50.445+0800: 137.034: [GC (Allocation Failure) 2016-10-24T05:57:50.445+0800: 137.034: [ParNew
Desired survivor size 20112992 bytes, new threshold 8 (max 8)
- age   1:    2647056 bytes,    2647056 total
- age   2:    1994072 bytes,    4641128 total
- age   3:    5990232 bytes,   10631360 total
- age   4:    2377808 bytes,   13009168 total
- age   5:     735248 bytes,   13744416 total
- age   6:     255344 bytes,   13999760 total
- age   7:     258448 bytes,   14258208 total
- age   8:    1899984 bytes,   16158192 total
: 109248K->21824K(109248K), 0.0108025 secs] 268689K->184653K(502464K), 0.0108586 secs] [Times: user=0.04 sys=0.01, real=0.01 secs] 
Heap after GC invocations=60 (full 3):
 par new generation   total 109248K, used 21824K [0x00000007a0000000, 0x00000007a8000000, 0x00000007a8000000)
  eden space 87424K,   0% used [0x00000007a0000000, 0x00000007a0000000, 0x00000007a5560000)
  from space 21824K, 100% used [0x00000007a5560000, 0x00000007a6ab0000, 0x00000007a6ab0000)
  to   space 21824K,   0% used [0x00000007a6ab0000, 0x00000007a6ab0000, 0x00000007a8000000)
 concurrent mark-sweep generation total 393216K, used 162829K [0x00000007a8000000, 0x00000007c0000000, 0x00000007c0000000)
 Metaspace       used 39363K, capacity 39994K, committed 40456K, reserved 1085440K
  class space    used 4662K, capacity 4826K, committed 4884K, reserved 1048576K
}
2016-10-24T05:57:50.456+0800: 137.045: Total time for which application threads were stopped: 0.0109940 seconds, Stopping threads took: 0.0000169 seconds
{Heap before GC invocations=60 (full 3):
 par new generation   total 109248K, used 109248K [0x00000007a0000000, 0x00000007a8000000, 0x00000007a8000000)
  eden space 87424K, 100% used [0x00000007a0000000, 0x00000007a5560000, 0x00000007a5560000)
  from space 21824K, 100% used [0x00000007a5560000, 0x00000007a6ab0000, 0x00000007a6ab0000)
  to   space 21824K,   0% used [0x00000007a6ab0000, 0x00000007a6ab0000, 0x00000007a8000000)
 concurrent mark-sweep generation total 393216K, used 162829K [0x00000007a8000000, 0x00000007c0000000, 0x00000007c0000000)
 Metaspace       used 39363K, capacity 39994K, committed 40456K, reserved 1085440K
  class space    used 4662K, capacity 4826K, committed 4884K, reserved 1048576K
2016-10-24T05:57:50.715+0800: 137.304: [GC (Allocation Failure) 2016-10-24T05:57:50.715+0800: 137.304: [ParNew
Desired survivor size 20112992 bytes, new threshold 8 (max 8)
- age   1:    6770136 bytes,    6770136 total
- age   2:    2148144 bytes,    8918280 total
- age   3:    1993400 bytes,   10911680 total
- age   4:    5990232 bytes,   16901912 total
- age   5:    2115648 bytes,   19017560 total
- age   6:     735248 bytes,   19752808 total
- age   7:     255344 bytes,   20008152 total
- age   8:     258448 bytes,   20266600 total
: 109248K->21824K(109248K), 0.0121129 secs] 272077K->186511K(502464K), 0.0121642 secs] [Times: user=0.06 sys=0.00, real=0.01 secs] 
Heap after GC invocations=61 (full 3):
 par new generation   total 109248K, used 21824K [0x00000007a0000000, 0x00000007a8000000, 0x00000007a8000000)
  eden space 87424K,   0% used [0x00000007a0000000, 0x00000007a0000000, 0x00000007a5560000)
  from space 21824K, 100% used [0x00000007a6ab0000, 0x00000007a8000000, 0x00000007a8000000)
  to   space 21824K,   0% used [0x00000007a5560000, 0x00000007a5560000, 0x00000007a6ab0000)
 concurrent mark-sweep generation total 393216K, used 164687K [0x00000007a8000000, 0x00000007c0000000, 0x00000007c0000000)
 Metaspace       used 39363K, capacity 39994K, committed 40456K, reserved 1085440K
  class space    used 4662K, capacity 4826K, committed 4884K, reserved 1048576K
}
2016-10-24T05:57:50.728+0800: 137.316: Total time for which application threads were stopped: 0.0123013 seconds, Stopping threads took: 0.0000178 seconds
{Heap before GC invocations=61 (full 3):
 par new generation   total 109248K, used 109248K [0x00000007a0000000, 0x00000007a8000000, 0x00000007a8000000)
  eden space 87424K, 100% used [0x00000007a0000000, 0x00000007a5560000, 0x00000007a5560000)
  from space 21824K, 100% used [0x00000007a6ab0000, 0x00000007a8000000, 0x00000007a8000000)
  to   space 21824K,   0% used [0x00000007a5560000, 0x00000007a5560000, 0x00000007a6ab0000)
 concurrent mark-sweep generation total 393216K, used 164687K [0x00000007a8000000, 0x00000007c0000000, 0x00000007c0000000)
 Metaspace       used 39363K, capacity 39994K, committed 40456K, reserved 1085440K
  class space    used 4662K, capacity 4826K, committed 4884K, reserved 1048576K
2016-10-24T05:57:50.977+0800: 137.565: [GC (Allocation Failure) 2016-10-24T05:57:50.977+0800: 137.565: [ParNew
Desired survivor size 20112992 bytes, new threshold 7 (max 8)
- age   1:    4886616 bytes,    4886616 total
- age   2:    4340760 bytes,    9227376 total
- age   3:    1617048 bytes,   10844424 total
- age   4:    1553280 bytes,   12397704 total
- age   5:    5555464 bytes,   17953168 total
- age   6:    1887080 bytes,   19840248 total
- age   7:     648928 bytes,   20489176 total
- age   8:     213200 bytes,   20702376 total
: 109248K->21824K(109248K), 0.0160450 secs] 273935K->191135K(502464K), 0.0161117 secs] [Times: user=0.05 sys=0.00, real=0.02 secs] 
Heap after GC invocations=62 (full 3):
 par new generation   total 109248K, used 21824K [0x00000007a0000000, 0x00000007a8000000, 0x00000007a8000000)
  eden space 87424K,   0% used [0x00000007a0000000, 0x00000007a0000000, 0x00000007a5560000)
  from space 21824K, 100% used [0x00000007a5560000, 0x00000007a6ab0000, 0x00000007a6ab0000)
  to   space 21824K,   0% used [0x00000007a6ab0000, 0x00000007a6ab0000, 0x00000007a8000000)
 concurrent mark-sweep generation total 393216K, used 169311K [0x00000007a8000000, 0x00000007c0000000, 0x00000007c0000000)
 Metaspace       used 39363K, capacity 39994K, committed 40456K, reserved 1085440K
  class space    used 4662K, capacity 4826K, committed 4884K, reserved 1048576K
}
2016-10-24T05:57:50.993+0800: 137.581: Total time for which application threads were stopped: 0.0162865 seconds, Stopping threads took: 0.0000245 seconds
{Heap before GC invocations=62 (full 3):
 par new generation   total 109248K, used 109248K [0x00000007a0000000, 0x00000007a8000000, 0x00000007a8000000)
  eden space 87424K, 100% used [0x00000007a0000000, 0x00000007a5560000, 0x00000007a5560000)
  from space 21824K, 100% used [0x00000007a5560000, 0x00000007a6ab0000, 0x00000007a6ab0000)
  to   space 21824K,   0% used [0x00000007a6ab0000, 0x00000007a6ab0000, 0x00000007a8000000)
 concurrent mark-sweep generation total 393216K, used 169311K [0x00000007a8000000, 0x00000007c0000000, 0x00000007c0000000)
 Metaspace       used 39363K, capacity 39994K, committed 40456K, reserved 1085440K
  class space    used 4662K, capacity 4826K, committed 4884K, reserved 1048576K
2016-10-24T05:57:51.230+0800: 137.819: [GC (Allocation Failure) 2016-10-24T05:57:51.230+0800: 137.819: [ParNew
Desired survivor size 20112992 bytes, new threshold 7 (max 8)
- age   1:    4787624 bytes,    4787624 total
- age   2:    3500008 bytes,    8287632 total
- age   3:    3480784 bytes,   11768416 total
- age   4:    1514896 bytes,   13283312 total
- age   5:    1374120 bytes,   14657432 total
- age   6:    4726176 bytes,   19383608 total
- age   7:    1847680 bytes,   21231288 total
: 109248K->21824K(109248K), 0.0123140 secs] 278559K->196399K(502464K), 0.0123867 secs] [Times: user=0.05 sys=0.00, real=0.01 secs] 
Heap after GC invocations=63 (full 3):
 par new generation   total 109248K, used 21824K [0x00000007a0000000, 0x00000007a8000000, 0x00000007a8000000)
  eden space 87424K,   0% used [0x00000007a0000000, 0x00000007a0000000, 0x00000007a5560000)
  from space 21824K, 100% used [0x00000007a6ab0000, 0x00000007a8000000, 0x00000007a8000000)
  to   space 21824K,   0% used [0x00000007a5560000, 0x00000007a5560000, 0x00000007a6ab0000)
 concurrent mark-sweep generation total 393216K, used 174575K [0x00000007a8000000, 0x00000007c0000000, 0x00000007c0000000)
 Metaspace       used 39363K, capacity 39994K, committed 40456K, reserved 1085440K
  class space    used 4662K, capacity 4826K, committed 4884K, reserved 1048576K
}
2016-10-24T05:57:51.243+0800: 137.831: Total time for which application threads were stopped: 0.0125400 seconds, Stopping threads took: 0.0000283 seconds
{Heap before GC invocations=63 (full 3):
 par new generation   total 109248K, used 109248K [0x00000007a0000000, 0x00000007a8000000, 0x00000007a8000000)
  eden space 87424K, 100% used [0x00000007a0000000, 0x00000007a5560000, 0x00000007a5560000)
  from space 21824K, 100% used [0x00000007a6ab0000, 0x00000007a8000000, 0x00000007a8000000)
  to   space 21824K,   0% used [0x00000007a5560000, 0x00000007a5560000, 0x00000007a6ab0000)
 concurrent mark-sweep generation total 393216K, used 174575K [0x00000007a8000000, 0x00000007c0000000, 0x00000007c0000000)
 Metaspace       used 39363K, capacity 39994K, committed 40456K, reserved 1085440K
  class space    used 4662K, capacity 4826K, committed 4884K, reserved 1048576K
2016-10-24T05:57:51.487+0800: 138.076: [GC (Allocation Failure) 2016-10-24T05:57:51.487+0800: 138.076: [ParNew
Desired survivor size 20112992 bytes, new threshold 7 (max 8)
- age   1:    4544136 bytes,    4544136 total
- age   2:    3962040 bytes,    8506176 total
- age   3:    2953296 bytes,   11459472 total
- age   4:    3349048 bytes,   14808520 total
- age   5:    1379776 bytes,   16188296 total
- age   6:    1236712 bytes,   17425008 total
- age   7:    4276592 bytes,   21701600 total
: 109248K->21824K(109248K), 0.0142847 secs] 283823K->202733K(502464K), 0.0143404 secs] [Times: user=0.05 sys=0.00, real=0.02 secs] 
Heap after GC invocations=64 (full 3):
 par new generation   total 109248K, used 21824K [0x00000007a0000000, 0x00000007a8000000, 0x00000007a8000000)
  eden space 87424K,   0% used [0x00000007a0000000, 0x00000007a0000000, 0x00000007a5560000)
  from space 21824K, 100% used [0x00000007a5560000, 0x00000007a6ab0000, 0x00000007a6ab0000)
  to   space 21824K,   0% used [0x00000007a6ab0000, 0x00000007a6ab0000, 0x00000007a8000000)
 concurrent mark-sweep generation total 393216K, used 180909K [0x00000007a8000000, 0x00000007c0000000, 0x00000007c0000000)
 Metaspace       used 39363K, capacity 39994K, committed 40456K, reserved 1085440K
  class space    used 4662K, capacity 4826K, committed 4884K, reserved 1048576K
}
2016-10-24T05:57:51.502+0800: 138.090: Total time for which application threads were stopped: 0.0145117 seconds, Stopping threads took: 0.0000275 seconds
{Heap before GC invocations=64 (full 3):
 par new generation   total 109248K, used 109248K [0x00000007a0000000, 0x00000007a8000000, 0x00000007a8000000)
  eden space 87424K, 100% used [0x00000007a0000000, 0x00000007a5560000, 0x00000007a5560000)
  from space 21824K, 100% used [0x00000007a5560000, 0x00000007a6ab0000, 0x00000007a6ab0000)
  to   space 21824K,   0% used [0x00000007a6ab0000, 0x00000007a6ab0000, 0x00000007a8000000)
 concurrent mark-sweep generation total 393216K, used 180909K [0x00000007a8000000, 0x00000007c0000000, 0x00000007c0000000)
 Metaspace       used 39363K, capacity 39994K, committed 40456K, reserved 1085440K
  class space    used 4662K, capacity 4826K, committed 4884K, reserved 1048576K
2016-10-24T05:57:51.770+0800: 138.359: [GC (Allocation Failure) 2016-10-24T05:57:51.770+0800: 138.359: [ParNew
Desired survivor size 20112992 bytes, new threshold 8 (max 8)
- age   1:    6445032 bytes,    6445032 total
- age   2:    2737968 bytes,    9183000 total
- age   3:    2516552 bytes,   11699552 total
- age   4:    2008280 bytes,   13707832 total
- age   5:    2783816 bytes,   16491648 total
- age   6:    1235216 bytes,   17726864 total
- age   7:    1135672 bytes,   18862536 total
: 109248K->21824K(109248K), 0.0176782 secs] 290157K->212231K(502464K), 0.0177564 secs] [Times: user=0.06 sys=0.00, real=0.01 secs] 
Heap after GC invocations=65 (full 3):
 par new generation   total 109248K, used 21824K [0x00000007a0000000, 0x00000007a8000000, 0x00000007a8000000)
  eden space 87424K,   0% used [0x00000007a0000000, 0x00000007a0000000, 0x00000007a5560000)
  from space 21824K, 100% used [0x00000007a6ab0000, 0x00000007a8000000, 0x00000007a8000000)
  to   space 21824K,   0% used [0x00000007a5560000, 0x00000007a5560000, 0x00000007a6ab0000)
 concurrent mark-sweep generation total 393216K, used 190407K [0x00000007a8000000, 0x00000007c0000000, 0x00000007c0000000)
 Metaspace       used 39363K, capacity 39994K, committed 40456K, reserved 1085440K
  class space    used 4662K, capacity 4826K, committed 4884K, reserved 1048576K
}
2016-10-24T05:57:51.788+0800: 138.376: Total time for which application threads were stopped: 0.0179286 seconds, Stopping threads took: 0.0000221 seconds
{Heap before GC invocations=65 (full 3):
 par new generation   total 109248K, used 109248K [0x00000007a0000000, 0x00000007a8000000, 0x00000007a8000000)
  eden space 87424K, 100% used [0x00000007a0000000, 0x00000007a5560000, 0x00000007a5560000)
  from space 21824K, 100% used [0x00000007a6ab0000, 0x00000007a8000000, 0x00000007a8000000)
  to   space 21824K,   0% used [0x00000007a5560000, 0x00000007a5560000, 0x00000007a6ab0000)
 concurrent mark-sweep generation total 393216K, used 190407K [0x00000007a8000000, 0x00000007c0000000, 0x00000007c0000000)
 Metaspace       used 39363K, capacity 39994K, committed 40456K, reserved 1085440K
  class space    used 4662K, capacity 4826K, committed 4884K, reserved 1048576K
2016-10-24T05:57:52.051+0800: 138.640: [GC (Allocation Failure) 2016-10-24T05:57:52.051+0800: 138.640: [ParNew
Desired survivor size 20112992 bytes, new threshold 7 (max 8)
- age   1:    9754400 bytes,    9754400 total
- age   2:    2499088 bytes,   12253488 total
- age   3:    1555000 bytes,   13808488 total
- age   4:    1518112 bytes,   15326600 total
- age   5:    1855832 bytes,   17182432 total
- age   6:    2103960 bytes,   19286392 total
- age   7:    1156856 bytes,   20443248 total
- age   8:    1065592 bytes,   21508840 total
: 109248K->21824K(109248K), 0.0154035 secs] 299655K->217145K(502464K), 0.0154856 secs] [Times: user=0.06 sys=0.00, real=0.01 secs] 
Heap after GC invocations=66 (full 3):
 par new generation   total 109248K, used 21824K [0x00000007a0000000, 0x00000007a8000000, 0x00000007a8000000)
  eden space 87424K,   0% used [0x00000007a0000000, 0x00000007a0000000, 0x00000007a5560000)
  from space 21824K, 100% used [0x00000007a5560000, 0x00000007a6ab0000, 0x00000007a6ab0000)
  to   space 21824K,   0% used [0x00000007a6ab0000, 0x00000007a6ab0000, 0x00000007a8000000)
 concurrent mark-sweep generation total 393216K, used 195321K [0x00000007a8000000, 0x00000007c0000000, 0x00000007c0000000)
 Metaspace       used 39363K, capacity 39994K, committed 40456K, reserved 1085440K
  class space    used 4662K, capacity 4826K, committed 4884K, reserved 1048576K
}
2016-10-24T05:57:52.067+0800: 138.656: Total time for which application threads were stopped: 0.0156475 seconds, Stopping threads took: 0.0000290 seconds
{Heap before GC invocations=66 (full 3):
 par new generation   total 109248K, used 109248K [0x00000007a0000000, 0x00000007a8000000, 0x00000007a8000000)
  eden space 87424K, 100% used [0x00000007a0000000, 0x00000007a5560000, 0x00000007a5560000)
  from space 21824K, 100% used [0x00000007a5560000, 0x00000007a6ab0000, 0x00000007a6ab0000)
  to   space 21824K,   0% used [0x00000007a6ab0000, 0x00000007a6ab0000, 0x00000007a8000000)
 concurrent mark-sweep generation total 393216K, used 195321K [0x00000007a8000000, 0x00000007c0000000, 0x00000007c0000000)
 Metaspace       used 39363K, capacity 39994K, committed 40456K, reserved 1085440K
  class space    used 4662K, capacity 4826K, committed 4884K, reserved 1048576K
2016-10-24T05:57:52.318+0800: 138.907: [GC (Allocation Failure) 2016-10-24T05:57:52.318+0800: 138.907: [ParNew
Desired survivor size 20112992 bytes, new threshold 7 (max 8)
- age   1:    7542840 bytes,    7542840 total
- age   2:    5069440 bytes,   12612280 total
- age   3:    2384096 bytes,   14996376 total
- age   4:    1449504 bytes,   16445880 total
- age   5:    1432152 bytes,   17878032 total
- age   6:    1810592 bytes,   19688624 total
- age   7:    2054968 bytes,   21743592 total
: 109248K->21824K(109248K), 0.0161548 secs] 304569K->222487K(502464K), 0.0162218 secs] [Times: user=0.06 sys=0.01, real=0.02 secs] 
Heap after GC invocations=67 (full 3):
 par new generation   total 109248K, used 21824K [0x00000007a0000000, 0x00000007a8000000, 0x00000007a8000000)
  eden space 87424K,   0% used [0x00000007a0000000, 0x00000007a0000000, 0x00000007a5560000)
  from space 21824K, 100% used [0x00000007a6ab0000, 0x00000007a8000000, 0x00000007a8000000)
  to   space 21824K,   0% used [0x00000007a5560000, 0x00000007a5560000, 0x00000007a6ab0000)
 concurrent mark-sweep generation total 393216K, used 200663K [0x00000007a8000000, 0x00000007c0000000, 0x00000007c0000000)
 Metaspace       used 39363K, capacity 39994K, committed 40456K, reserved 1085440K
  class space    used 4662K, capacity 4826K, committed 4884K, reserved 1048576K
}
2016-10-24T05:57:52.334+0800: 138.923: Total time for which application threads were stopped: 0.0163835 seconds, Stopping threads took: 0.0000309 seconds
2016-10-24T05:57:52.335+0800: 138.923: [GC (CMS Initial Mark) [1 CMS-initial-mark: 200663K(393216K)] 224201K(502464K), 0.0050057 secs] [Times: user=0.01 sys=0.00, real=0.01 secs] 
2016-10-24T05:57:52.340+0800: 138.928: Total time for which application threads were stopped: 0.0052594 seconds, Stopping threads took: 0.0001001 seconds
2016-10-24T05:57:52.340+0800: 138.929: [CMS-concurrent-mark-start]
2016-10-24T05:57:52.364+0800: 138.953: [CMS-concurrent-mark: 0.024/0.024 secs] [Times: user=0.12 sys=0.00, real=0.02 secs] 
2016-10-24T05:57:52.364+0800: 138.953: [CMS-concurrent-preclean-start]
2016-10-24T05:57:52.367+0800: 138.956: [CMS-concurrent-preclean: 0.003/0.003 secs] [Times: user=0.01 sys=0.00, real=0.00 secs] 
2016-10-24T05:57:52.367+0800: 138.956: [CMS-concurrent-abortable-preclean-start]
2016-10-24T05:57:52.560+0800: 139.149: [CMS-concurrent-abortable-preclean: 0.193/0.193 secs] [Times: user=0.38 sys=0.00, real=0.20 secs] 
2016-10-24T05:57:52.561+0800: 139.149: [GC (CMS Final Remark) [YG occupancy: 90364 K (109248 K)]{Heap before GC invocations=67 (full 4):
 par new generation   total 109248K, used 90364K [0x00000007a0000000, 0x00000007a8000000, 0x00000007a8000000)
  eden space 87424K,  78% used [0x00000007a0000000, 0x00000007a42ef140, 0x00000007a5560000)
  from space 21824K, 100% used [0x00000007a6ab0000, 0x00000007a8000000, 0x00000007a8000000)
  to   space 21824K,   0% used [0x00000007a5560000, 0x00000007a5560000, 0x00000007a6ab0000)
 concurrent mark-sweep generation total 393216K, used 200663K [0x00000007a8000000, 0x00000007c0000000, 0x00000007c0000000)
 Metaspace       used 39363K, capacity 39994K, committed 40456K, reserved 1085440K
  class space    used 4662K, capacity 4826K, committed 4884K, reserved 1048576K
2016-10-24T05:57:52.561+0800: 139.149: [GC (CMS Final Remark) 2016-10-24T05:57:52.561+0800: 139.149: [ParNew
Desired survivor size 20112992 bytes, new threshold 6 (max 8)
- age   1:    4038656 bytes,    4038656 total
- age   2:    6464616 bytes,   10503272 total
- age   3:    4856768 bytes,   15360040 total
- age   4:    2220584 bytes,   17580624 total
- age   5:    1292816 bytes,   18873440 total
- age   6:    1291616 bytes,   20165056 total
- age   7:    1717152 bytes,   21882208 total
: 90364K->21824K(109248K), 0.0192345 secs] 291027K->225858K(502464K), 0.0192838 secs] [Times: user=0.07 sys=0.00, real=0.02 secs] 
Heap after GC invocations=68 (full 4):
 par new generation   total 109248K, used 21824K [0x00000007a0000000, 0x00000007a8000000, 0x00000007a8000000)
  eden space 87424K,   0% used [0x00000007a0000000, 0x00000007a0000000, 0x00000007a5560000)
  from space 21824K, 100% used [0x00000007a5560000, 0x00000007a6ab0000, 0x00000007a6ab0000)
  to   space 21824K,   0% used [0x00000007a6ab0000, 0x00000007a6ab0000, 0x00000007a8000000)
 concurrent mark-sweep generation total 393216K, used 204034K [0x00000007a8000000, 0x00000007c0000000, 0x00000007c0000000)
 Metaspace       used 39363K, capacity 39994K, committed 40456K, reserved 1085440K
  class space    used 4662K, capacity 4826K, committed 4884K, reserved 1048576K
}
2016-10-24T05:57:52.580+0800: 139.169: [Rescan (parallel) , 0.0088721 secs]2016-10-24T05:57:52.589+0800: 139.178: [weak refs processing, 0.0006742 secs]2016-10-24T05:57:52.590+0800: 139.178: [class unloading, 0.0083002 secs]2016-10-24T05:57:52.598+0800: 139.187: [scrub symbol table, 0.0085883 secs]2016-10-24T05:57:52.607+0800: 139.195: [scrub string table, 0.0006917 secs][1 CMS-remark: 204034K(393216K)] 225858K(502464K), 0.0467079 secs] [Times: user=0.13 sys=0.00, real=0.04 secs] 
2016-10-24T05:57:52.607+0800: 139.196: Total time for which application threads were stopped: 0.0468664 seconds, Stopping threads took: 0.0000620 seconds
2016-10-24T05:57:52.607+0800: 139.196: [CMS-concurrent-sweep-start]
2016-10-24T05:57:52.705+0800: 139.293: [CMS-concurrent-sweep: 0.097/0.097 secs] [Times: user=0.19 sys=0.00, real=0.10 secs] 
2016-10-24T05:57:52.705+0800: 139.293: [CMS-concurrent-reset-start]
2016-10-24T05:57:52.705+0800: 139.294: [CMS-concurrent-reset: 0.000/0.000 secs] [Times: user=0.00 sys=0.00, real=0.00 secs] 
{Heap before GC invocations=68 (full 4):
 par new generation   total 109248K, used 109248K [0x00000007a0000000, 0x00000007a8000000, 0x00000007a8000000)
  eden space 87424K, 100% used [0x00000007a0000000, 0x00000007a5560000, 0x00000007a5560000)
  from space 21824K, 100% used [0x00000007a5560000, 0x00000007a6ab0000, 0x00000007a6ab0000)
  to   space 21824K,   0% used [0x00000007a6ab0000, 0x00000007a6ab0000, 0x00000007a8000000)
 concurrent mark-sweep generation total 393216K, used 75305K [0x00000007a8000000, 0x00000007c0000000, 0x00000007c0000000)
 Metaspace       used 39363K, capacity 39994K, committed 40456K, reserved 1085440K
  class space    used 4662K, capacity 4826K, committed 4884K, reserved 1048576K
2016-10-24T05:57:52.889+0800: 139.478: [GC (Allocation Failure) 2016-10-24T05:57:52.889+0800: 139.478: [ParNew
Desired survivor size 20112992 bytes, new threshold 5 (max 8)
- age   1:    7570464 bytes,    7570464 total
- age   2:    2693824 bytes,   10264288 total
- age   3:    4119336 bytes,   14383624 total
- age   4:    4431136 bytes,   18814760 total
- age   5:    2052544 bytes,   20867304 total
- age   6:    1141032 bytes,   22008336 total
: 109248K->21824K(109248K), 0.0194868 secs] 184553K->103110K(502464K), 0.0195491 secs] [Times: user=0.07 sys=0.01, real=0.02 secs] 
Heap after GC invocations=69 (full 4):
 par new generation   total 109248K, used 21824K [0x00000007a0000000, 0x00000007a8000000, 0x00000007a8000000)
  eden space 87424K,   0% used [0x00000007a0000000, 0x00000007a0000000, 0x00000007a5560000)
  from space 21824K, 100% used [0x00000007a6ab0000, 0x00000007a8000000, 0x00000007a8000000)
  to   space 21824K,   0% used [0x00000007a5560000, 0x00000007a5560000, 0x00000007a6ab0000)
 concurrent mark-sweep generation total 393216K, used 81286K [0x00000007a8000000, 0x00000007c0000000, 0x00000007c0000000)
 Metaspace       used 39363K, capacity 39994K, committed 40456K, reserved 1085440K
  class space    used 4662K, capacity 4826K, committed 4884K, reserved 1048576K
}
2016-10-24T05:57:52.908+0800: 139.497: Total time for which application threads were stopped: 0.0197138 seconds, Stopping threads took: 0.0000290 seconds
{Heap before GC invocations=69 (full 4):
 par new generation   total 109248K, used 109248K [0x00000007a0000000, 0x00000007a8000000, 0x00000007a8000000)
  eden space 87424K, 100% used [0x00000007a0000000, 0x00000007a5560000, 0x00000007a5560000)
  from space 21824K, 100% used [0x00000007a6ab0000, 0x00000007a8000000, 0x00000007a8000000)
  to   space 21824K,   0% used [0x00000007a5560000, 0x00000007a5560000, 0x00000007a6ab0000)
 concurrent mark-sweep generation total 393216K, used 81286K [0x00000007a8000000, 0x00000007c0000000, 0x00000007c0000000)
 Metaspace       used 39363K, capacity 39994K, committed 40456K, reserved 1085440K
  class space    used 4662K, capacity 4826K, committed 4884K, reserved 1048576K
2016-10-24T05:57:53.175+0800: 139.764: [GC (Allocation Failure) 2016-10-24T05:57:53.175+0800: 139.764: [ParNew
Desired survivor size 20112992 bytes, new threshold 5 (max 8)
- age   1:    8462440 bytes,    8462440 total
- age   2:    3571464 bytes,   12033904 total
- age   3:    1970112 bytes,   14004016 total
- age   4:    3240824 bytes,   17244840 total
- age   5:    3598488 bytes,   20843328 total
: 109248K->21824K(109248K), 0.0195010 secs] 190534K->111225K(502464K), 0.0195742 secs] [Times: user=0.07 sys=0.00, real=0.02 secs] 
Heap after GC invocations=70 (full 4):
 par new generation   total 109248K, used 21824K [0x00000007a0000000, 0x00000007a8000000, 0x00000007a8000000)
  eden space 87424K,   0% used [0x00000007a0000000, 0x00000007a0000000, 0x00000007a5560000)
  from space 21824K, 100% used [0x00000007a5560000, 0x00000007a6ab0000, 0x00000007a6ab0000)
  to   space 21824K,   0% used [0x00000007a6ab0000, 0x00000007a6ab0000, 0x00000007a8000000)
 concurrent mark-sweep generation total 393216K, used 89401K [0x00000007a8000000, 0x00000007c0000000, 0x00000007c0000000)
 Metaspace       used 39363K, capacity 39994K, committed 40456K, reserved 1085440K
  class space    used 4662K, capacity 4826K, committed 4884K, reserved 1048576K
}
2016-10-24T05:57:53.194+0800: 139.783: Total time for which application threads were stopped: 0.0197282 seconds, Stopping threads took: 0.0000299 seconds
{Heap before GC invocations=70 (full 4):
 par new generation   total 109248K, used 109248K [0x00000007a0000000, 0x00000007a8000000, 0x00000007a8000000)
  eden space 87424K, 100% used [0x00000007a0000000, 0x00000007a5560000, 0x00000007a5560000)
  from space 21824K, 100% used [0x00000007a5560000, 0x00000007a6ab0000, 0x00000007a6ab0000)
  to   space 21824K,   0% used [0x00000007a6ab0000, 0x00000007a6ab0000, 0x00000007a8000000)
 concurrent mark-sweep generation total 393216K, used 89401K [0x00000007a8000000, 0x00000007c0000000, 0x00000007c0000000)
 Metaspace       used 39363K, capacity 39994K, committed 40456K, reserved 1085440K
  class space    used 4662K, capacity 4826K, committed 4884K, reserved 1048576K
2016-10-24T05:57:53.455+0800: 140.043: [GC (Allocation Failure) 2016-10-24T05:57:53.455+0800: 140.043: [ParNew
Desired survivor size 20112992 bytes, new threshold 8 (max 8)
- age   1:    8770600 bytes,    8770600 total
- age   2:    3721216 bytes,   12491816 total
- age   3:    2142328 bytes,   14634144 total
- age   4:    1754752 bytes,   16388896 total
- age   5:    2986776 bytes,   19375672 total
: 109248K->21824K(109248K), 0.0159149 secs] 198649K->117730K(502464K), 0.0159881 secs] [Times: user=0.06 sys=0.00, real=0.02 secs] 
Heap after GC invocations=71 (full 4):
 par new generation   total 109248K, used 21824K [0x00000007a0000000, 0x00000007a8000000, 0x00000007a8000000)
  eden space 87424K,   0% used [0x00000007a0000000, 0x00000007a0000000, 0x00000007a5560000)
  from space 21824K, 100% used [0x00000007a6ab0000, 0x00000007a8000000, 0x00000007a8000000)
  to   space 21824K,   0% used [0x00000007a5560000, 0x00000007a5560000, 0x00000007a6ab0000)
 concurrent mark-sweep generation total 393216K, used 95906K [0x00000007a8000000, 0x00000007c0000000, 0x00000007c0000000)
 Metaspace       used 39363K, capacity 39994K, committed 40456K, reserved 1085440K
  class space    used 4662K, capacity 4826K, committed 4884K, reserved 1048576K
}
2016-10-24T05:57:53.471+0800: 140.059: Total time for which application threads were stopped: 0.0161378 seconds, Stopping threads took: 0.0000275 seconds
{Heap before GC invocations=71 (full 4):
 par new generation   total 109248K, used 109248K [0x00000007a0000000, 0x00000007a8000000, 0x00000007a8000000)
  eden space 87424K, 100% used [0x00000007a0000000, 0x00000007a5560000, 0x00000007a5560000)
  from space 21824K, 100% used [0x00000007a6ab0000, 0x00000007a8000000, 0x00000007a8000000)
  to   space 21824K,   0% used [0x00000007a5560000, 0x00000007a5560000, 0x00000007a6ab0000)
 concurrent mark-sweep generation total 393216K, used 95906K [0x00000007a8000000, 0x00000007c0000000, 0x00000007c0000000)
 Metaspace       used 39363K, capacity 39994K, committed 40456K, reserved 1085440K
  class space    used 4662K, capacity 4826K, committed 4884K, reserved 1048576K
2016-10-24T05:57:53.744+0800: 140.333: [GC (Allocation Failure) 2016-10-24T05:57:53.744+0800: 140.333: [ParNew
Desired survivor size 20112992 bytes, new threshold 8 (max 8)
- age   1:    4492328 bytes,    4492328 total
- age   2:    7463288 bytes,   11955616 total
- age   3:    2759584 bytes,   14715200 total
- age   4:    1114192 bytes,   15829392 total
- age   5:     858736 bytes,   16688128 total
- age   6:    1959800 bytes,   18647928 total
: 109248K->21824K(109248K), 0.0146731 secs] 205154K->122791K(502464K), 0.0147356 secs] [Times: user=0.06 sys=0.00, real=0.01 secs] 
Heap after GC invocations=72 (full 4):
 par new generation   total 109248K, used 21824K [0x00000007a0000000, 0x00000007a8000000, 0x00000007a8000000)
  eden space 87424K,   0% used [0x00000007a0000000, 0x00000007a0000000, 0x00000007a5560000)
  from space 21824K, 100% used [0x00000007a5560000, 0x00000007a6ab0000, 0x00000007a6ab0000)
  to   space 21824K,   0% used [0x00000007a6ab0000, 0x00000007a6ab0000, 0x00000007a8000000)
 concurrent mark-sweep generation total 393216K, used 100967K [0x00000007a8000000, 0x00000007c0000000, 0x00000007c0000000)
 Metaspace       used 39363K, capacity 39994K, committed 40456K, reserved 1085440K
  class space    used 4662K, capacity 4826K, committed 4884K, reserved 1048576K
}
2016-10-24T05:57:53.759+0800: 140.348: Total time for which application threads were stopped: 0.0149038 seconds, Stopping threads took: 0.0000324 seconds
{Heap before GC invocations=72 (full 4):
 par new generation   total 109248K, used 109248K [0x00000007a0000000, 0x00000007a8000000, 0x00000007a8000000)
  eden space 87424K, 100% used [0x00000007a0000000, 0x00000007a5560000, 0x00000007a5560000)
  from space 21824K, 100% used [0x00000007a5560000, 0x00000007a6ab0000, 0x00000007a6ab0000)
  to   space 21824K,   0% used [0x00000007a6ab0000, 0x00000007a6ab0000, 0x00000007a8000000)
 concurrent mark-sweep generation total 393216K, used 100967K [0x00000007a8000000, 0x00000007c0000000, 0x00000007c0000000)
 Metaspace       used 39363K, capacity 39994K, committed 40456K, reserved 1085440K
  class space    used 4662K, capacity 4826K, committed 4884K, reserved 1048576K
2016-10-24T05:57:54.043+0800: 140.632: [GC (Allocation Failure) 2016-10-24T05:57:54.043+0800: 140.632: [ParNew
Desired survivor size 20112992 bytes, new threshold 7 (max 8)
- age   1:   10517632 bytes,   10517632 total
- age   2:    2875328 bytes,   13392960 total
- age   3:    2266568 bytes,   15659528 total
- age   4:    2489096 bytes,   18148624 total
- age   5:    1018784 bytes,   19167408 total
- age   6:     786424 bytes,   19953832 total
- age   7:    1777040 bytes,   21730872 total
: 109248K->21824K(109248K), 0.0160168 secs] 210215K->124525K(502464K), 0.0160936 secs] [Times: user=0.06 sys=0.00, real=0.01 secs] 
Heap after GC invocations=73 (full 4):
 par new generation   total 109248K, used 21824K [0x00000007a0000000, 0x00000007a8000000, 0x00000007a8000000)
  eden space 87424K,   0% used [0x00000007a0000000, 0x00000007a0000000, 0x00000007a5560000)
  from space 21824K, 100% used [0x00000007a6ab0000, 0x00000007a8000000, 0x00000007a8000000)
  to   space 21824K,   0% used [0x00000007a5560000, 0x00000007a5560000, 0x00000007a6ab0000)
 concurrent mark-sweep generation total 393216K, used 102701K [0x00000007a8000000, 0x00000007c0000000, 0x00000007c0000000)
 Metaspace       used 39363K, capacity 39994K, committed 40456K, reserved 1085440K
  class space    used 4662K, capacity 4826K, committed 4884K, reserved 1048576K
}
2016-10-24T05:57:54.059+0800: 140.648: Total time for which application threads were stopped: 0.0162821 seconds, Stopping threads took: 0.0000301 seconds
{Heap before GC invocations=73 (full 4):
 par new generation   total 109248K, used 109248K [0x00000007a0000000, 0x00000007a8000000, 0x00000007a8000000)
  eden space 87424K, 100% used [0x00000007a0000000, 0x00000007a5560000, 0x00000007a5560000)
  from space 21824K, 100% used [0x00000007a6ab0000, 0x00000007a8000000, 0x00000007a8000000)
  to   space 21824K,   0% used [0x00000007a5560000, 0x00000007a5560000, 0x00000007a6ab0000)
 concurrent mark-sweep generation total 393216K, used 102701K [0x00000007a8000000, 0x00000007c0000000, 0x00000007c0000000)
 Metaspace       used 39363K, capacity 39994K, committed 40456K, reserved 1085440K
  class space    used 4662K, capacity 4826K, committed 4884K, reserved 1048576K
2016-10-24T05:57:54.343+0800: 140.932: [GC (Allocation Failure) 2016-10-24T05:57:54.344+0800: 140.932: [ParNew
Desired survivor size 20112992 bytes, new threshold 6 (max 8)
- age   1:    8835320 bytes,    8835320 total
- age   2:    4494544 bytes,   13329864 total
- age   3:    2259280 bytes,   15589144 total
- age   4:    1991856 bytes,   17581000 total
- age   5:    2271528 bytes,   19852528 total
- age   6:     898584 bytes,   20751112 total
- age   7:     700320 bytes,   21451432 total
: 109248K->21824K(109248K), 0.0235836 secs] 211949K->133524K(502464K), 0.0236315 secs] [Times: user=0.09 sys=0.00, real=0.02 secs] 
Heap after GC invocations=74 (full 4):
 par new generation   total 109248K, used 21824K [0x00000007a0000000, 0x00000007a8000000, 0x00000007a8000000)
  eden space 87424K,   0% used [0x00000007a0000000, 0x00000007a0000000, 0x00000007a5560000)
  from space 21824K, 100% used [0x00000007a5560000, 0x00000007a6ab0000, 0x00000007a6ab0000)
  to   space 21824K,   0% used [0x00000007a6ab0000, 0x00000007a6ab0000, 0x00000007a8000000)
 concurrent mark-sweep generation total 393216K, used 111700K [0x00000007a8000000, 0x00000007c0000000, 0x00000007c0000000)
 Metaspace       used 39363K, capacity 39994K, committed 40456K, reserved 1085440K
  class space    used 4662K, capacity 4826K, committed 4884K, reserved 1048576K
}
2016-10-24T05:57:54.367+0800: 140.956: Total time for which application threads were stopped: 0.0237827 seconds, Stopping threads took: 0.0000207 seconds
{Heap before GC invocations=74 (full 4):
 par new generation   total 109248K, used 109248K [0x00000007a0000000, 0x00000007a8000000, 0x00000007a8000000)
  eden space 87424K, 100% used [0x00000007a0000000, 0x00000007a5560000, 0x00000007a5560000)
  from space 21824K, 100% used [0x00000007a5560000, 0x00000007a6ab0000, 0x00000007a6ab0000)
  to   space 21824K,   0% used [0x00000007a6ab0000, 0x00000007a6ab0000, 0x00000007a8000000)
 concurrent mark-sweep generation total 393216K, used 111700K [0x00000007a8000000, 0x00000007c0000000, 0x00000007c0000000)
 Metaspace       used 39363K, capacity 39994K, committed 40456K, reserved 1085440K
  class space    used 4662K, capacity 4826K, committed 4884K, reserved 1048576K
2016-10-24T05:57:54.686+0800: 141.274: [GC (Allocation Failure) 2016-10-24T05:57:54.686+0800: 141.274: [ParNew
Desired survivor size 20112992 bytes, new threshold 5 (max 8)
- age   1:    5234288 bytes,    5234288 total
- age   2:    8643968 bytes,   13878256 total
- age   3:    2797048 bytes,   16675304 total
- age   4:    2064608 bytes,   18739912 total
- age   5:    1654664 bytes,   20394576 total
- age   6:    1119744 bytes,   21514320 total
: 109248K->21824K(109248K), 0.0190499 secs] 220948K->139306K(502464K), 0.0191308 secs] [Times: user=0.06 sys=0.00, real=0.02 secs] 
Heap after GC invocations=75 (full 4):
 par new generation   total 109248K, used 21824K [0x00000007a0000000, 0x00000007a8000000, 0x00000007a8000000)
  eden space 87424K,   0% used [0x00000007a0000000, 0x00000007a0000000, 0x00000007a5560000)
  from space 21824K, 100% used [0x00000007a6ab0000, 0x00000007a8000000, 0x00000007a8000000)
  to   space 21824K,   0% used [0x00000007a5560000, 0x00000007a5560000, 0x00000007a6ab0000)
 concurrent mark-sweep generation total 393216K, used 117482K [0x00000007a8000000, 0x00000007c0000000, 0x00000007c0000000)
 Metaspace       used 39363K, capacity 39994K, committed 40456K, reserved 1085440K
  class space    used 4662K, capacity 4826K, committed 4884K, reserved 1048576K
}
2016-10-24T05:57:54.705+0800: 141.294: Total time for which application threads were stopped: 0.0193224 seconds, Stopping threads took: 0.0000298 seconds
{Heap before GC invocations=75 (full 4):
 par new generation   total 109248K, used 109248K [0x00000007a0000000, 0x00000007a8000000, 0x00000007a8000000)
  eden space 87424K, 100% used [0x00000007a0000000, 0x00000007a5560000, 0x00000007a5560000)
  from space 21824K, 100% used [0x00000007a6ab0000, 0x00000007a8000000, 0x00000007a8000000)
  to   space 21824K,   0% used [0x00000007a5560000, 0x00000007a5560000, 0x00000007a6ab0000)
 concurrent mark-sweep generation total 393216K, used 117482K [0x00000007a8000000, 0x00000007c0000000, 0x00000007c0000000)
 Metaspace       used 39363K, capacity 39994K, committed 40456K, reserved 1085440K
  class space    used 4662K, capacity 4826K, committed 4884K, reserved 1048576K
2016-10-24T05:57:54.960+0800: 141.549: [GC (Allocation Failure) 2016-10-24T05:57:54.960+0800: 141.549: [ParNew
Desired survivor size 20112992 bytes, new threshold 8 (max 8)
- age   1:    9075680 bytes,    9075680 total
- age   2:    4348128 bytes,   13423808 total
- age   3:    1956168 bytes,   15379976 total
- age   4:    2166632 bytes,   17546608 total
- age   5:    1612688 bytes,   19159296 total
: 109248K->21824K(109248K), 0.0204382 secs] 226730K->146643K(502464K), 0.0205202 secs] [Times: user=0.07 sys=0.00, real=0.02 secs] 
Heap after GC invocations=76 (full 4):
 par new generation   total 109248K, used 21824K [0x00000007a0000000, 0x00000007a8000000, 0x00000007a8000000)
  eden space 87424K,   0% used [0x00000007a0000000, 0x00000007a0000000, 0x00000007a5560000)
  from space 21824K, 100% used [0x00000007a5560000, 0x00000007a6ab0000, 0x00000007a6ab0000)
  to   space 21824K,   0% used [0x00000007a6ab0000, 0x00000007a6ab0000, 0x00000007a8000000)
 concurrent mark-sweep generation total 393216K, used 124819K [0x00000007a8000000, 0x00000007c0000000, 0x00000007c0000000)
 Metaspace       used 39363K, capacity 39994K, committed 40456K, reserved 1085440K
  class space    used 4662K, capacity 4826K, committed 4884K, reserved 1048576K
}
2016-10-24T05:57:54.980+0800: 141.569: Total time for which application threads were stopped: 0.0206910 seconds, Stopping threads took: 0.0000217 seconds
{Heap before GC invocations=76 (full 4):
 par new generation   total 109248K, used 109248K [0x00000007a0000000, 0x00000007a8000000, 0x00000007a8000000)
  eden space 87424K, 100% used [0x00000007a0000000, 0x00000007a5560000, 0x00000007a5560000)
  from space 21824K, 100% used [0x00000007a5560000, 0x00000007a6ab0000, 0x00000007a6ab0000)
  to   space 21824K,   0% used [0x00000007a6ab0000, 0x00000007a6ab0000, 0x00000007a8000000)
 concurrent mark-sweep generation total 393216K, used 124819K [0x00000007a8000000, 0x00000007c0000000, 0x00000007c0000000)
 Metaspace       used 39363K, capacity 39994K, committed 40456K, reserved 1085440K
  class space    used 4662K, capacity 4826K, committed 4884K, reserved 1048576K
2016-10-24T05:57:55.237+0800: 141.825: [GC (Allocation Failure) 2016-10-24T05:57:55.237+0800: 141.825: [ParNew
Desired survivor size 20112992 bytes, new threshold 5 (max 8)
- age   1:    7465200 bytes,    7465200 total
- age   2:    6596920 bytes,   14062120 total
- age   3:    2542912 bytes,   16605032 total
- age   4:    1707544 bytes,   18312576 total
- age   5:    1948328 bytes,   20260904 total
- age   6:    1355144 bytes,   21616048 total
: 109248K->21824K(109248K), 0.0196516 secs] 234067K->150710K(502464K), 0.0197109 secs] [Times: user=0.07 sys=0.00, real=0.02 secs] 
Heap after GC invocations=77 (full 4):
 par new generation   total 109248K, used 21824K [0x00000007a0000000, 0x00000007a8000000, 0x00000007a8000000)
  eden space 87424K,   0% used [0x00000007a0000000, 0x00000007a0000000, 0x00000007a5560000)
  from space 21824K, 100% used [0x00000007a6ab0000, 0x00000007a8000000, 0x00000007a8000000)
  to   space 21824K,   0% used [0x00000007a5560000, 0x00000007a5560000, 0x00000007a6ab0000)
 concurrent mark-sweep generation total 393216K, used 128886K [0x00000007a8000000, 0x00000007c0000000, 0x00000007c0000000)
 Metaspace       used 39363K, capacity 39994K, committed 40456K, reserved 1085440K
  class space    used 4662K, capacity 4826K, committed 4884K, reserved 1048576K
}
2016-10-24T05:57:55.256+0800: 141.845: Total time for which application threads were stopped: 0.0198847 seconds, Stopping threads took: 0.0000312 seconds
{Heap before GC invocations=77 (full 4):
 par new generation   total 109248K, used 109248K [0x00000007a0000000, 0x00000007a8000000, 0x00000007a8000000)
  eden space 87424K, 100% used [0x00000007a0000000, 0x00000007a5560000, 0x00000007a5560000)
  from space 21824K, 100% used [0x00000007a6ab0000, 0x00000007a8000000, 0x00000007a8000000)
  to   space 21824K,   0% used [0x00000007a5560000, 0x00000007a5560000, 0x00000007a6ab0000)
 concurrent mark-sweep generation total 393216K, used 128886K [0x00000007a8000000, 0x00000007c0000000, 0x00000007c0000000)
 Metaspace       used 39363K, capacity 39994K, committed 40456K, reserved 1085440K
  class space    used 4662K, capacity 4826K, committed 4884K, reserved 1048576K
2016-10-24T05:57:55.500+0800: 142.089: [GC (Allocation Failure) 2016-10-24T05:57:55.500+0800: 142.089: [ParNew
Desired survivor size 20112992 bytes, new threshold 5 (max 8)
- age   1:    7392280 bytes,    7392280 total
- age   2:    6954384 bytes,   14346664 total
- age   3:    3127208 bytes,   17473872 total
- age   4:    2514944 bytes,   19988816 total
- age   5:    1684672 bytes,   21673488 total
: 109248K->21824K(109248K), 0.0183440 secs] 238134K->159099K(502464K), 0.0184166 secs] [Times: user=0.07 sys=0.00, real=0.01 secs] 
Heap after GC invocations=78 (full 4):
 par new generation   total 109248K, used 21824K [0x00000007a0000000, 0x00000007a8000000, 0x00000007a8000000)
  eden space 87424K,   0% used [0x00000007a0000000, 0x00000007a0000000, 0x00000007a5560000)
  from space 21824K, 100% used [0x00000007a5560000, 0x00000007a6ab0000, 0x00000007a6ab0000)
  to   space 21824K,   0% used [0x00000007a6ab0000, 0x00000007a6ab0000, 0x00000007a8000000)
 concurrent mark-sweep generation total 393216K, used 137275K [0x00000007a8000000, 0x00000007c0000000, 0x00000007c0000000)
 Metaspace       used 39363K, capacity 39994K, committed 40456K, reserved 1085440K
  class space    used 4662K, capacity 4826K, committed 4884K, reserved 1048576K
}
2016-10-24T05:57:55.519+0800: 142.107: Total time for which application threads were stopped: 0.0186155 seconds, Stopping threads took: 0.0000300 seconds
{Heap before GC invocations=78 (full 4):
 par new generation   total 109248K, used 109248K [0x00000007a0000000, 0x00000007a8000000, 0x00000007a8000000)
  eden space 87424K, 100% used [0x00000007a0000000, 0x00000007a5560000, 0x00000007a5560000)
  from space 21824K, 100% used [0x00000007a5560000, 0x00000007a6ab0000, 0x00000007a6ab0000)
  to   space 21824K,   0% used [0x00000007a6ab0000, 0x00000007a6ab0000, 0x00000007a8000000)
 concurrent mark-sweep generation total 393216K, used 137275K [0x00000007a8000000, 0x00000007c0000000, 0x00000007c0000000)
 Metaspace       used 39363K, capacity 39994K, committed 40456K, reserved 1085440K
  class space    used 4662K, capacity 4826K, committed 4884K, reserved 1048576K
2016-10-24T05:57:55.774+0800: 142.363: [GC (Allocation Failure) 2016-10-24T05:57:55.774+0800: 142.363: [ParNew
Desired survivor size 20112992 bytes, new threshold 5 (max 8)
- age   1:    5213480 bytes,    5213480 total
- age   2:    6792232 bytes,   12005712 total
- age   3:    4660080 bytes,   16665792 total
- age   4:    2291872 bytes,   18957664 total
- age   5:    2161400 bytes,   21119064 total
: 109248K->21824K(109248K), 0.0187144 secs] 246523K->164307K(502464K), 0.0187957 secs] [Times: user=0.07 sys=0.00, real=0.02 secs] 
Heap after GC invocations=79 (full 4):
 par new generation   total 109248K, used 21824K [0x00000007a0000000, 0x00000007a8000000, 0x00000007a8000000)
  eden space 87424K,   0% used [0x00000007a0000000, 0x00000007a0000000, 0x00000007a5560000)
  from space 21824K, 100% used [0x00000007a6ab0000, 0x00000007a8000000, 0x00000007a8000000)
  to   space 21824K,   0% used [0x00000007a5560000, 0x00000007a5560000, 0x00000007a6ab0000)
 concurrent mark-sweep generation total 393216K, used 142483K [0x00000007a8000000, 0x00000007c0000000, 0x00000007c0000000)
 Metaspace       used 39363K, capacity 39994K, committed 40456K, reserved 1085440K
  class space    used 4662K, capacity 4826K, committed 4884K, reserved 1048576K
}
2016-10-24T05:57:55.793+0800: 142.382: Total time for which application threads were stopped: 0.0189599 seconds, Stopping threads took: 0.0000301 seconds
{Heap before GC invocations=79 (full 4):
 par new generation   total 109248K, used 109154K [0x00000007a0000000, 0x00000007a8000000, 0x00000007a8000000)
  eden space 87424K,  99% used [0x00000007a0000000, 0x00000007a5548a30, 0x00000007a5560000)
  from space 21824K, 100% used [0x00000007a6ab0000, 0x00000007a8000000, 0x00000007a8000000)
  to   space 21824K,   0% used [0x00000007a5560000, 0x00000007a5560000, 0x00000007a6ab0000)
 concurrent mark-sweep generation total 393216K, used 142483K [0x00000007a8000000, 0x00000007c0000000, 0x00000007c0000000)
 Metaspace       used 39363K, capacity 39994K, committed 40456K, reserved 1085440K
  class space    used 4662K, capacity 4826K, committed 4884K, reserved 1048576K
2016-10-24T05:57:56.047+0800: 142.636: [GC (Allocation Failure) 2016-10-24T05:57:56.047+0800: 142.636: [ParNew
Desired survivor size 20112992 bytes, new threshold 8 (max 8)
- age   1:    4804008 bytes,    4804008 total
- age   2:    5006152 bytes,    9810160 total
- age   3:    2781560 bytes,   12591720 total
- age   4:    4627216 bytes,   17218936 total
- age   5:    2187296 bytes,   19406232 total
: 109154K->21824K(109248K), 0.0174329 secs] 251637K->172745K(502464K), 0.0175185 secs] [Times: user=0.07 sys=0.00, real=0.02 secs] 
Heap after GC invocations=80 (full 4):
 par new generation   total 109248K, used 21824K [0x00000007a0000000, 0x00000007a8000000, 0x00000007a8000000)
  eden space 87424K,   0% used [0x00000007a0000000, 0x00000007a0000000, 0x00000007a5560000)
  from space 21824K, 100% used [0x00000007a5560000, 0x00000007a6ab0000, 0x00000007a6ab0000)
  to   space 21824K,   0% used [0x00000007a6ab0000, 0x00000007a6ab0000, 0x00000007a8000000)
 concurrent mark-sweep generation total 393216K, used 150921K [0x00000007a8000000, 0x00000007c0000000, 0x00000007c0000000)
 Metaspace       used 39363K, capacity 39994K, committed 40456K, reserved 1085440K
  class space    used 4662K, capacity 4826K, committed 4884K, reserved 1048576K
}
2016-10-24T05:57:56.065+0800: 142.653: Total time for which application threads were stopped: 0.0177062 seconds, Stopping threads took: 0.0000325 seconds
{Heap before GC invocations=80 (full 4):
 par new generation   total 109248K, used 109248K [0x00000007a0000000, 0x00000007a8000000, 0x00000007a8000000)
  eden space 87424K, 100% used [0x00000007a0000000, 0x00000007a5560000, 0x00000007a5560000)
  from space 21824K, 100% used [0x00000007a5560000, 0x00000007a6ab0000, 0x00000007a6ab0000)
  to   space 21824K,   0% used [0x00000007a6ab0000, 0x00000007a6ab0000, 0x00000007a8000000)
 concurrent mark-sweep generation total 393216K, used 150921K [0x00000007a8000000, 0x00000007c0000000, 0x00000007c0000000)
 Metaspace       used 39365K, capacity 39994K, committed 40456K, reserved 1085440K
  class space    used 4662K, capacity 4826K, committed 4884K, reserved 1048576K
2016-10-24T05:57:56.938+0800: 143.527: [GC (Allocation Failure) 2016-10-24T05:57:56.938+0800: 143.527: [ParNew
Desired survivor size 20112992 bytes, new threshold 6 (max 8)
- age   1:    2935808 bytes,    2935808 total
- age   2:    4254696 bytes,    7190504 total
- age   3:    4827200 bytes,   12017704 total
- age   4:    1861352 bytes,   13879056 total
- age   5:    4474704 bytes,   18353760 total
- age   6:    1999248 bytes,   20353008 total
: 109248K->21824K(109248K), 0.0132299 secs] 260169K->177606K(502464K), 0.0132968 secs] [Times: user=0.05 sys=0.00, real=0.02 secs] 
Heap after GC invocations=81 (full 4):
 par new generation   total 109248K, used 21824K [0x00000007a0000000, 0x00000007a8000000, 0x00000007a8000000)
  eden space 87424K,   0% used [0x00000007a0000000, 0x00000007a0000000, 0x00000007a5560000)
  from space 21824K, 100% used [0x00000007a6ab0000, 0x00000007a8000000, 0x00000007a8000000)
  to   space 21824K,   0% used [0x00000007a5560000, 0x00000007a5560000, 0x00000007a6ab0000)
 concurrent mark-sweep generation total 393216K, used 155782K [0x00000007a8000000, 0x00000007c0000000, 0x00000007c0000000)
 Metaspace       used 39365K, capacity 39994K, committed 40456K, reserved 1085440K
  class space    used 4662K, capacity 4826K, committed 4884K, reserved 1048576K
}
2016-10-24T05:57:56.951+0800: 143.540: Total time for which application threads were stopped: 0.0134806 seconds, Stopping threads took: 0.0000280 seconds
{Heap before GC invocations=81 (full 4):
 par new generation   total 109248K, used 109248K [0x00000007a0000000, 0x00000007a8000000, 0x00000007a8000000)
  eden space 87424K, 100% used [0x00000007a0000000, 0x00000007a5560000, 0x00000007a5560000)
  from space 21824K, 100% used [0x00000007a6ab0000, 0x00000007a8000000, 0x00000007a8000000)
  to   space 21824K,   0% used [0x00000007a5560000, 0x00000007a5560000, 0x00000007a6ab0000)
 concurrent mark-sweep generation total 393216K, used 155782K [0x00000007a8000000, 0x00000007c0000000, 0x00000007c0000000)
 Metaspace       used 39365K, capacity 39994K, committed 40456K, reserved 1085440K
  class space    used 4662K, capacity 4826K, committed 4884K, reserved 1048576K
2016-10-24T05:57:56.978+0800: 143.567: [GC (Allocation Failure) 2016-10-24T05:57:56.978+0800: 143.567: [ParNew
Desired survivor size 20112992 bytes, new threshold 8 (max 8)
- age   1:     120328 bytes,     120328 total
- age   2:    2833616 bytes,    2953944 total
- age   3:    4254696 bytes,    7208640 total
- age   4:    4827200 bytes,   12035840 total
- age   5:    1861352 bytes,   13897192 total
- age   6:    4474704 bytes,   18371896 total
: 109248K->21824K(109248K), 0.0150260 secs] 265030K->179596K(502464K), 0.0150869 secs] [Times: user=0.06 sys=0.01, real=0.02 secs] 
Heap after GC invocations=82 (full 4):
 par new generation   total 109248K, used 21824K [0x00000007a0000000, 0x00000007a8000000, 0x00000007a8000000)
  eden space 87424K,   0% used [0x00000007a0000000, 0x00000007a0000000, 0x00000007a5560000)
  from space 21824K, 100% used [0x00000007a5560000, 0x00000007a6ab0000, 0x00000007a6ab0000)
  to   space 21824K,   0% used [0x00000007a6ab0000, 0x00000007a6ab0000, 0x00000007a8000000)
 concurrent mark-sweep generation total 393216K, used 157772K [0x00000007a8000000, 0x00000007c0000000, 0x00000007c0000000)
 Metaspace       used 39365K, capacity 39994K, committed 40456K, reserved 1085440K
  class space    used 4662K, capacity 4826K, committed 4884K, reserved 1048576K
}
2016-10-24T05:57:56.993+0800: 143.582: Total time for which application threads were stopped: 0.0152380 seconds, Stopping threads took: 0.0000294 seconds
{Heap before GC invocations=82 (full 4):
 par new generation   total 109248K, used 109248K [0x00000007a0000000, 0x00000007a8000000, 0x00000007a8000000)
  eden space 87424K, 100% used [0x00000007a0000000, 0x00000007a5560000, 0x00000007a5560000)
  from space 21824K, 100% used [0x00000007a5560000, 0x00000007a6ab0000, 0x00000007a6ab0000)
  to   space 21824K,   0% used [0x00000007a6ab0000, 0x00000007a6ab0000, 0x00000007a8000000)
 concurrent mark-sweep generation total 393216K, used 157772K [0x00000007a8000000, 0x00000007c0000000, 0x00000007c0000000)
 Metaspace       used 39365K, capacity 39994K, committed 40456K, reserved 1085440K
  class space    used 4662K, capacity 4826K, committed 4884K, reserved 1048576K
2016-10-24T05:57:57.022+0800: 143.611: [GC (Allocation Failure) 2016-10-24T05:57:57.022+0800: 143.611: [ParNew
Desired survivor size 20112992 bytes, new threshold 8 (max 8)
- age   1:      44088 bytes,      44088 total
- age   2:      26384 bytes,      70472 total
- age   3:    2827112 bytes,    2897584 total
- age   4:    4199032 bytes,    7096616 total
- age   5:    4784512 bytes,   11881128 total
- age   6:    1821112 bytes,   13702240 total
- age   7:    4432160 bytes,   18134400 total
: 109248K->21824K(109248K), 0.0152020 secs] 267020K->179780K(502464K), 0.0152739 secs] [Times: user=0.06 sys=0.00, real=0.01 secs] 
Heap after GC invocations=83 (full 4):
 par new generation   total 109248K, used 21824K [0x00000007a0000000, 0x00000007a8000000, 0x00000007a8000000)
  eden space 87424K,   0% used [0x00000007a0000000, 0x00000007a0000000, 0x00000007a5560000)
  from space 21824K, 100% used [0x00000007a6ab0000, 0x00000007a8000000, 0x00000007a8000000)
  to   space 21824K,   0% used [0x00000007a5560000, 0x00000007a5560000, 0x00000007a6ab0000)
 concurrent mark-sweep generation total 393216K, used 157956K [0x00000007a8000000, 0x00000007c0000000, 0x00000007c0000000)
 Metaspace       used 39365K, capacity 39994K, committed 40456K, reserved 1085440K
  class space    used 4662K, capacity 4826K, committed 4884K, reserved 1048576K
}
2016-10-24T05:57:57.037+0800: 143.626: Total time for which application threads were stopped: 0.0154975 seconds, Stopping threads took: 0.0000305 seconds
{Heap before GC invocations=83 (full 4):
 par new generation   total 109248K, used 109248K [0x00000007a0000000, 0x00000007a8000000, 0x00000007a8000000)
  eden space 87424K, 100% used [0x00000007a0000000, 0x00000007a5560000, 0x00000007a5560000)
  from space 21824K, 100% used [0x00000007a6ab0000, 0x00000007a8000000, 0x00000007a8000000)
  to   space 21824K,   0% used [0x00000007a5560000, 0x00000007a5560000, 0x00000007a6ab0000)
 concurrent mark-sweep generation total 393216K, used 157956K [0x00000007a8000000, 0x00000007c0000000, 0x00000007c0000000)
 Metaspace       used 39366K, capacity 39994K, committed 40456K, reserved 1085440K
  class space    used 4662K, capacity 4826K, committed 4884K, reserved 1048576K
2016-10-24T05:57:57.137+0800: 143.726: [GC (Allocation Failure) 2016-10-24T05:57:57.137+0800: 143.726: [ParNew
Desired survivor size 20112992 bytes, new threshold 8 (max 8)
- age   1:     124040 bytes,     124040 total
- age   4:    2778384 bytes,    2902424 total
- age   5:    4130040 bytes,    7032464 total
- age   6:    4721544 bytes,   11754008 total
- age   7:    1765960 bytes,   13519968 total
- age   8:    4372040 bytes,   17892008 total
: 109248K->21824K(109248K), 0.0136824 secs] 267204K->180028K(502464K), 0.0137462 secs] [Times: user=0.06 sys=0.00, real=0.02 secs] 
Heap after GC invocations=84 (full 4):
 par new generation   total 109248K, used 21824K [0x00000007a0000000, 0x00000007a8000000, 0x00000007a8000000)
  eden space 87424K,   0% used [0x00000007a0000000, 0x00000007a0000000, 0x00000007a5560000)
  from space 21824K, 100% used [0x00000007a5560000, 0x00000007a6ab0000, 0x00000007a6ab0000)
  to   space 21824K,   0% used [0x00000007a6ab0000, 0x00000007a6ab0000, 0x00000007a8000000)
 concurrent mark-sweep generation total 393216K, used 158204K [0x00000007a8000000, 0x00000007c0000000, 0x00000007c0000000)
 Metaspace       used 39366K, capacity 39994K, committed 40456K, reserved 1085440K
  class space    used 4662K, capacity 4826K, committed 4884K, reserved 1048576K
}
2016-10-24T05:57:57.151+0800: 143.740: Total time for which application threads were stopped: 0.0139006 seconds, Stopping threads took: 0.0000311 seconds
2016-10-24T05:57:57.343+0800: 143.932: Total time for which application threads were stopped: 0.0000907 seconds, Stopping threads took: 0.0000302 seconds
2016-10-24T05:57:57.343+0800: 143.932: Total time for which application threads were stopped: 0.0000593 seconds, Stopping threads took: 0.0000300 seconds
2016-10-24T05:57:57.343+0800: 143.932: Total time for which application threads were stopped: 0.0000388 seconds, Stopping threads took: 0.0000076 seconds
{Heap before GC invocations=84 (full 4):
 par new generation   total 109248K, used 109248K [0x00000007a0000000, 0x00000007a8000000, 0x00000007a8000000)
  eden space 87424K, 100% used [0x00000007a0000000, 0x00000007a5560000, 0x00000007a5560000)
  from space 21824K, 100% used [0x00000007a5560000, 0x00000007a6ab0000, 0x00000007a6ab0000)
  to   space 21824K,   0% used [0x00000007a6ab0000, 0x00000007a6ab0000, 0x00000007a8000000)
 concurrent mark-sweep generation total 393216K, used 158204K [0x00000007a8000000, 0x00000007c0000000, 0x00000007c0000000)
 Metaspace       used 39370K, capacity 39994K, committed 40456K, reserved 1085440K
  class space    used 4662K, capacity 4826K, committed 4884K, reserved 1048576K
2016-10-24T05:57:57.384+0800: 143.973: [GC (Allocation Failure) 2016-10-24T05:57:57.387+0800: 143.976: [ParNew
Desired survivor size 20112992 bytes, new threshold 8 (max 8)
- age   1:    1220904 bytes,    1220904 total
- age   5:    2651112 bytes,    3872016 total
- age   6:    3620864 bytes,    7492880 total
- age   7:    4468800 bytes,   11961680 total
- age   8:    1525424 bytes,   13487104 total
: 109248K->21824K(109248K), 0.0154786 secs] 267452K->184675K(502464K), 0.0181975 secs] [Times: user=0.06 sys=0.00, real=0.02 secs] 
Heap after GC invocations=85 (full 4):
 par new generation   total 109248K, used 21824K [0x00000007a0000000, 0x00000007a8000000, 0x00000007a8000000)
  eden space 87424K,   0% used [0x00000007a0000000, 0x00000007a0000000, 0x00000007a5560000)
  from space 21824K, 100% used [0x00000007a6ab0000, 0x00000007a8000000, 0x00000007a8000000)
  to   space 21824K,   0% used [0x00000007a5560000, 0x00000007a5560000, 0x00000007a6ab0000)
 concurrent mark-sweep generation total 393216K, used 162851K [0x00000007a8000000, 0x00000007c0000000, 0x00000007c0000000)
 Metaspace       used 39370K, capacity 39994K, committed 40456K, reserved 1085440K
  class space    used 4662K, capacity 4826K, committed 4884K, reserved 1048576K
}
2016-10-24T05:57:57.403+0800: 143.992: Total time for which application threads were stopped: 0.0183582 seconds, Stopping threads took: 0.0000208 seconds
{Heap before GC invocations=85 (full 4):
 par new generation   total 109248K, used 109248K [0x00000007a0000000, 0x00000007a8000000, 0x00000007a8000000)
  eden space 87424K, 100% used [0x00000007a0000000, 0x00000007a5560000, 0x00000007a5560000)
  from space 21824K, 100% used [0x00000007a6ab0000, 0x00000007a8000000, 0x00000007a8000000)
  to   space 21824K,   0% used [0x00000007a5560000, 0x00000007a5560000, 0x00000007a6ab0000)
 concurrent mark-sweep generation total 393216K, used 162851K [0x00000007a8000000, 0x00000007c0000000, 0x00000007c0000000)
 Metaspace       used 39370K, capacity 39994K, committed 40456K, reserved 1085440K
  class space    used 4662K, capacity 4826K, committed 4884K, reserved 1048576K
2016-10-24T05:57:57.637+0800: 144.226: [GC (Allocation Failure) 2016-10-24T05:57:57.637+0800: 144.226: [ParNew
Desired survivor size 20112992 bytes, new threshold 8 (max 8)
- age   1:    5514872 bytes,    5514872 total
- age   2:    1052712 bytes,    6567584 total
- age   6:    2651112 bytes,    9218696 total
- age   7:    3620864 bytes,   12839560 total
- age   8:    4468800 bytes,   17308360 total
: 109248K->19237K(109248K), 0.0130716 secs] 272099K->183617K(502464K), 0.0131541 secs] [Times: user=0.05 sys=0.00, real=0.02 secs] 
Heap after GC invocations=86 (full 4):
 par new generation   total 109248K, used 19237K [0x00000007a0000000, 0x00000007a8000000, 0x00000007a8000000)
  eden space 87424K,   0% used [0x00000007a0000000, 0x00000007a0000000, 0x00000007a5560000)
  from space 21824K,  88% used [0x00000007a5560000, 0x00000007a6829630, 0x00000007a6ab0000)
  to   space 21824K,   0% used [0x00000007a6ab0000, 0x00000007a6ab0000, 0x00000007a8000000)
 concurrent mark-sweep generation total 393216K, used 164379K [0x00000007a8000000, 0x00000007c0000000, 0x00000007c0000000)
 Metaspace       used 39370K, capacity 39994K, committed 40456K, reserved 1085440K
  class space    used 4662K, capacity 4826K, committed 4884K, reserved 1048576K
}
2016-10-24T05:57:57.650+0800: 144.239: Total time for which application threads were stopped: 0.0133182 seconds, Stopping threads took: 0.0000310 seconds
{Heap before GC invocations=86 (full 4):
 par new generation   total 109248K, used 106661K [0x00000007a0000000, 0x00000007a8000000, 0x00000007a8000000)
  eden space 87424K, 100% used [0x00000007a0000000, 0x00000007a5560000, 0x00000007a5560000)
  from space 21824K,  88% used [0x00000007a5560000, 0x00000007a6829630, 0x00000007a6ab0000)
  to   space 21824K,   0% used [0x00000007a6ab0000, 0x00000007a6ab0000, 0x00000007a8000000)
 concurrent mark-sweep generation total 393216K, used 164379K [0x00000007a8000000, 0x00000007c0000000, 0x00000007c0000000)
 Metaspace       used 39370K, capacity 39994K, committed 40456K, reserved 1085440K
  class space    used 4662K, capacity 4826K, committed 4884K, reserved 1048576K
2016-10-24T05:57:57.992+0800: 144.581: [GC (Allocation Failure) 2016-10-24T05:57:57.994+0800: 144.583: [ParNew
Desired survivor size 20112992 bytes, new threshold 8 (max 8)
- age   1:    6409176 bytes,    6409176 total
- age   2:    4439600 bytes,   10848776 total
- age   3:    1050024 bytes,   11898800 total
- age   7:    2651112 bytes,   14549912 total
- age   8:    3620864 bytes,   18170776 total
: 106661K->21574K(109248K), 0.0163912 secs] 271041K->190367K(502464K), 0.0183257 secs] [Times: user=0.06 sys=0.00, real=0.02 secs] 
Heap after GC invocations=87 (full 4):
 par new generation   total 109248K, used 21574K [0x00000007a0000000, 0x00000007a8000000, 0x00000007a8000000)
  eden space 87424K,   0% used [0x00000007a0000000, 0x00000007a0000000, 0x00000007a5560000)
  from space 21824K,  98% used [0x00000007a6ab0000, 0x00000007a7fc19f8, 0x00000007a8000000)
  to   space 21824K,   0% used [0x00000007a5560000, 0x00000007a5560000, 0x00000007a6ab0000)
 concurrent mark-sweep generation total 393216K, used 168792K [0x00000007a8000000, 0x00000007c0000000, 0x00000007c0000000)
 Metaspace       used 39370K, capacity 39994K, committed 40456K, reserved 1085440K
  class space    used 4662K, capacity 4826K, committed 4884K, reserved 1048576K
}
2016-10-24T05:57:58.010+0800: 144.599: Total time for which application threads were stopped: 0.0185363 seconds, Stopping threads took: 0.0000283 seconds
{Heap before GC invocations=87 (full 4):
 par new generation   total 109248K, used 108998K [0x00000007a0000000, 0x00000007a8000000, 0x00000007a8000000)
  eden space 87424K, 100% used [0x00000007a0000000, 0x00000007a5560000, 0x00000007a5560000)
  from space 21824K,  98% used [0x00000007a6ab0000, 0x00000007a7fc19f8, 0x00000007a8000000)
  to   space 21824K,   0% used [0x00000007a5560000, 0x00000007a5560000, 0x00000007a6ab0000)
 concurrent mark-sweep generation total 393216K, used 168792K [0x00000007a8000000, 0x00000007c0000000, 0x00000007c0000000)
 Metaspace       used 39370K, capacity 39994K, committed 40456K, reserved 1085440K
  class space    used 4662K, capacity 4826K, committed 4884K, reserved 1048576K
2016-10-24T05:57:58.281+0800: 144.870: [GC (Allocation Failure) 2016-10-24T05:57:58.281+0800: 144.870: [ParNew
Desired survivor size 20112992 bytes, new threshold 8 (max 8)
- age   1:    6127352 bytes,    6127352 total
- age   2:    4742368 bytes,   10869720 total
- age   3:    4313592 bytes,   15183312 total
- age   4:    1030528 bytes,   16213840 total
- age   8:    2650096 bytes,   18863936 total
: 108998K->21824K(109248K), 0.0205589 secs] 277791K->195046K(502464K), 0.0206209 secs] [Times: user=0.08 sys=0.00, real=0.02 secs] 
Heap after GC invocations=88 (full 4):
 par new generation   total 109248K, used 21824K [0x00000007a0000000, 0x00000007a8000000, 0x00000007a8000000)
  eden space 87424K,   0% used [0x00000007a0000000, 0x00000007a0000000, 0x00000007a5560000)
  from space 21824K, 100% used [0x00000007a5560000, 0x00000007a6ab0000, 0x00000007a6ab0000)
  to   space 21824K,   0% used [0x00000007a6ab0000, 0x00000007a6ab0000, 0x00000007a8000000)
 concurrent mark-sweep generation total 393216K, used 173222K [0x00000007a8000000, 0x00000007c0000000, 0x00000007c0000000)
 Metaspace       used 39370K, capacity 39994K, committed 40456K, reserved 1085440K
  class space    used 4662K, capacity 4826K, committed 4884K, reserved 1048576K
}
2016-10-24T05:57:58.302+0800: 144.891: Total time for which application threads were stopped: 0.0207783 seconds, Stopping threads took: 0.0000199 seconds
{Heap before GC invocations=88 (full 4):
 par new generation   total 109248K, used 109248K [0x00000007a0000000, 0x00000007a8000000, 0x00000007a8000000)
  eden space 87424K, 100% used [0x00000007a0000000, 0x00000007a5560000, 0x00000007a5560000)
  from space 21824K, 100% used [0x00000007a5560000, 0x00000007a6ab0000, 0x00000007a6ab0000)
  to   space 21824K,   0% used [0x00000007a6ab0000, 0x00000007a6ab0000, 0x00000007a8000000)
 concurrent mark-sweep generation total 393216K, used 173222K [0x00000007a8000000, 0x00000007c0000000, 0x00000007c0000000)
 Metaspace       used 39370K, capacity 39994K, committed 40456K, reserved 1085440K
  class space    used 4662K, capacity 4826K, committed 4884K, reserved 1048576K
2016-10-24T05:57:58.588+0800: 145.176: [GC (Allocation Failure) 2016-10-24T05:57:58.588+0800: 145.176: [ParNew
Desired survivor size 20112992 bytes, new threshold 8 (max 8)
- age   1:    5151712 bytes,    5151712 total
- age   2:    3825728 bytes,    8977440 total
- age   3:    3701880 bytes,   12679320 total
- age   4:    3728776 bytes,   16408096 total
- age   5:     658792 bytes,   17066888 total
: 109248K->21824K(109248K), 0.0186186 secs] 282470K->202932K(502464K), 0.0186751 secs] [Times: user=0.07 sys=0.00, real=0.02 secs] 
Heap after GC invocations=89 (full 4):
 par new generation   total 109248K, used 21824K [0x00000007a0000000, 0x00000007a8000000, 0x00000007a8000000)
  eden space 87424K,   0% used [0x00000007a0000000, 0x00000007a0000000, 0x00000007a5560000)
  from space 21824K, 100% used [0x00000007a6ab0000, 0x00000007a8000000, 0x00000007a8000000)
  to   space 21824K,   0% used [0x00000007a5560000, 0x00000007a5560000, 0x00000007a6ab0000)
 concurrent mark-sweep generation total 393216K, used 181108K [0x00000007a8000000, 0x00000007c0000000, 0x00000007c0000000)
 Metaspace       used 39370K, capacity 39994K, committed 40456K, reserved 1085440K
  class space    used 4662K, capacity 4826K, committed 4884K, reserved 1048576K
}
2016-10-24T05:57:58.606+0800: 145.195: Total time for which application threads were stopped: 0.0188187 seconds, Stopping threads took: 0.0000175 seconds
{Heap before GC invocations=89 (full 4):
 par new generation   total 109248K, used 109248K [0x00000007a0000000, 0x00000007a8000000, 0x00000007a8000000)
  eden space 87424K, 100% used [0x00000007a0000000, 0x00000007a5560000, 0x00000007a5560000)
  from space 21824K, 100% used [0x00000007a6ab0000, 0x00000007a8000000, 0x00000007a8000000)
  to   space 21824K,   0% used [0x00000007a5560000, 0x00000007a5560000, 0x00000007a6ab0000)
 concurrent mark-sweep generation total 393216K, used 181108K [0x00000007a8000000, 0x00000007c0000000, 0x00000007c0000000)
 Metaspace       used 39370K, capacity 39994K, committed 40456K, reserved 1085440K
  class space    used 4662K, capacity 4826K, committed 4884K, reserved 1048576K
2016-10-24T05:57:58.887+0800: 145.476: [GC (Allocation Failure) 2016-10-24T05:57:58.888+0800: 145.476: [ParNew
Desired survivor size 20112992 bytes, new threshold 8 (max 8)
- age   1:    6447296 bytes,    6447296 total
- age   2:    3269568 bytes,    9716864 total
- age   3:    2949184 bytes,   12666048 total
- age   4:    2830680 bytes,   15496728 total
- age   5:    2921192 bytes,   18417920 total
- age   6:     650768 bytes,   19068688 total
: 109248K->21824K(109248K), 0.0202043 secs] 290356K->207414K(502464K), 0.0202996 secs] [Times: user=0.08 sys=0.01, real=0.02 secs] 
Heap after GC invocations=90 (full 4):
 par new generation   total 109248K, used 21824K [0x00000007a0000000, 0x00000007a8000000, 0x00000007a8000000)
  eden space 87424K,   0% used [0x00000007a0000000, 0x00000007a0000000, 0x00000007a5560000)
  from space 21824K, 100% used [0x00000007a5560000, 0x00000007a6ab0000, 0x00000007a6ab0000)
  to   space 21824K,   0% used [0x00000007a6ab0000, 0x00000007a6ab0000, 0x00000007a8000000)
 concurrent mark-sweep generation total 393216K, used 185590K [0x00000007a8000000, 0x00000007c0000000, 0x00000007c0000000)
 Metaspace       used 39370K, capacity 39994K, committed 40456K, reserved 1085440K
  class space    used 4662K, capacity 4826K, committed 4884K, reserved 1048576K
}
2016-10-24T05:57:58.908+0800: 145.497: Total time for which application threads were stopped: 0.0204461 seconds, Stopping threads took: 0.0000173 seconds
{Heap before GC invocations=90 (full 4):
 par new generation   total 109248K, used 109248K [0x00000007a0000000, 0x00000007a8000000, 0x00000007a8000000)
  eden space 87424K, 100% used [0x00000007a0000000, 0x00000007a5560000, 0x00000007a5560000)
  from space 21824K, 100% used [0x00000007a5560000, 0x00000007a6ab0000, 0x00000007a6ab0000)
  to   space 21824K,   0% used [0x00000007a6ab0000, 0x00000007a6ab0000, 0x00000007a8000000)
 concurrent mark-sweep generation total 393216K, used 185590K [0x00000007a8000000, 0x00000007c0000000, 0x00000007c0000000)
 Metaspace       used 39370K, capacity 39994K, committed 40456K, reserved 1085440K
  class space    used 4662K, capacity 4826K, committed 4884K, reserved 1048576K
2016-10-24T05:57:59.201+0800: 145.790: [GC (Allocation Failure) 2016-10-24T05:57:59.201+0800: 145.790: [ParNew
Desired survivor size 20112992 bytes, new threshold 6 (max 8)
- age   1:    6693720 bytes,    6693720 total
- age   2:    3450920 bytes,   10144640 total
- age   3:    2615912 bytes,   12760552 total
- age   4:    2571808 bytes,   15332360 total
- age   5:    2712784 bytes,   18045144 total
- age   6:    2806272 bytes,   20851416 total
- age   7:     617432 bytes,   21468848 total
: 109248K->21824K(109248K), 0.0194862 secs] 294838K->210088K(502464K), 0.0195402 secs] [Times: user=0.07 sys=0.00, real=0.02 secs] 
Heap after GC invocations=91 (full 4):
 par new generation   total 109248K, used 21824K [0x00000007a0000000, 0x00000007a8000000, 0x00000007a8000000)
  eden space 87424K,   0% used [0x00000007a0000000, 0x00000007a0000000, 0x00000007a5560000)
  from space 21824K, 100% used [0x00000007a6ab0000, 0x00000007a8000000, 0x00000007a8000000)
  to   space 21824K,   0% used [0x00000007a5560000, 0x00000007a5560000, 0x00000007a6ab0000)
 concurrent mark-sweep generation total 393216K, used 188264K [0x00000007a8000000, 0x00000007c0000000, 0x00000007c0000000)
 Metaspace       used 39370K, capacity 39994K, committed 40456K, reserved 1085440K
  class space    used 4662K, capacity 4826K, committed 4884K, reserved 1048576K
}
2016-10-24T05:57:59.220+0800: 145.809: Total time for which application threads were stopped: 0.0197113 seconds, Stopping threads took: 0.0000198 seconds
{Heap before GC invocations=91 (full 4):
 par new generation   total 109248K, used 109248K [0x00000007a0000000, 0x00000007a8000000, 0x00000007a8000000)
  eden space 87424K, 100% used [0x00000007a0000000, 0x00000007a5560000, 0x00000007a5560000)
  from space 21824K, 100% used [0x00000007a6ab0000, 0x00000007a8000000, 0x00000007a8000000)
  to   space 21824K,   0% used [0x00000007a5560000, 0x00000007a5560000, 0x00000007a6ab0000)
 concurrent mark-sweep generation total 393216K, used 188264K [0x00000007a8000000, 0x00000007c0000000, 0x00000007c0000000)
 Metaspace       used 39370K, capacity 39994K, committed 40456K, reserved 1085440K
  class space    used 4662K, capacity 4826K, committed 4884K, reserved 1048576K
2016-10-24T05:57:59.533+0800: 146.122: [GC (Allocation Failure) 2016-10-24T05:57:59.533+0800: 146.122: [ParNew
Desired survivor size 20112992 bytes, new threshold 6 (max 8)
- age   1:    6703216 bytes,    6703216 total
- age   2:    3212192 bytes,    9915408 total
- age   3:    3190072 bytes,   13105480 total
- age   4:    2384808 bytes,   15490288 total
- age   5:    2393432 bytes,   17883720 total
- age   6:    2537776 bytes,   20421496 total
: 109248K->21824K(109248K), 0.0275044 secs] 297512K->217288K(502464K), 0.0275753 secs] [Times: user=0.10 sys=0.01, real=0.03 secs] 
Heap after GC invocations=92 (full 4):
 par new generation   total 109248K, used 21824K [0x00000007a0000000, 0x00000007a8000000, 0x00000007a8000000)
  eden space 87424K,   0% used [0x00000007a0000000, 0x00000007a0000000, 0x00000007a5560000)
  from space 21824K, 100% used [0x00000007a5560000, 0x00000007a6ab0000, 0x00000007a6ab0000)
  to   space 21824K,   0% used [0x00000007a6ab0000, 0x00000007a6ab0000, 0x00000007a8000000)
 concurrent mark-sweep generation total 393216K, used 195464K [0x00000007a8000000, 0x00000007c0000000, 0x00000007c0000000)
 Metaspace       used 39370K, capacity 39994K, committed 40456K, reserved 1085440K
  class space    used 4662K, capacity 4826K, committed 4884K, reserved 1048576K
}
2016-10-24T05:57:59.561+0800: 146.150: Total time for which application threads were stopped: 0.0277322 seconds, Stopping threads took: 0.0000206 seconds
{Heap before GC invocations=92 (full 4):
 par new generation   total 109248K, used 109248K [0x00000007a0000000, 0x00000007a8000000, 0x00000007a8000000)
  eden space 87424K, 100% used [0x00000007a0000000, 0x00000007a5560000, 0x00000007a5560000)
  from space 21824K, 100% used [0x00000007a5560000, 0x00000007a6ab0000, 0x00000007a6ab0000)
  to   space 21824K,   0% used [0x00000007a6ab0000, 0x00000007a6ab0000, 0x00000007a8000000)
 concurrent mark-sweep generation total 393216K, used 195464K [0x00000007a8000000, 0x00000007c0000000, 0x00000007c0000000)
 Metaspace       used 39370K, capacity 39994K, committed 40456K, reserved 1085440K
  class space    used 4662K, capacity 4826K, committed 4884K, reserved 1048576K
2016-10-24T05:57:59.889+0800: 146.478: [GC (Allocation Failure) 2016-10-24T05:57:59.889+0800: 146.478: [ParNew
Desired survivor size 20112992 bytes, new threshold 6 (max 8)
- age   1:    9048352 bytes,    9048352 total
- age   2:    2977960 bytes,   12026312 total
- age   3:    2703864 bytes,   14730176 total
- age   4:    2854664 bytes,   17584840 total
- age   5:    1985528 bytes,   19570368 total
- age   6:    1962864 bytes,   21533232 total
: 109248K->21824K(109248K), 0.0302866 secs] 304712K->223881K(502464K), 0.0303458 secs] [Times: user=0.12 sys=0.00, real=0.04 secs] 
Heap after GC invocations=93 (full 4):
 par new generation   total 109248K, used 21824K [0x00000007a0000000, 0x00000007a8000000, 0x00000007a8000000)
  eden space 87424K,   0% used [0x00000007a0000000, 0x00000007a0000000, 0x00000007a5560000)
  from space 21824K, 100% used [0x00000007a6ab0000, 0x00000007a8000000, 0x00000007a8000000)
  to   space 21824K,   0% used [0x00000007a5560000, 0x00000007a5560000, 0x00000007a6ab0000)
 concurrent mark-sweep generation total 393216K, used 202057K [0x00000007a8000000, 0x00000007c0000000, 0x00000007c0000000)
 Metaspace       used 39370K, capacity 39994K, committed 40456K, reserved 1085440K
  class space    used 4662K, capacity 4826K, committed 4884K, reserved 1048576K
}
2016-10-24T05:57:59.920+0800: 146.508: Total time for which application threads were stopped: 0.0305010 seconds, Stopping threads took: 0.0000195 seconds
2016-10-24T05:57:59.920+0800: 146.509: [GC (CMS Initial Mark) [1 CMS-initial-mark: 202057K(393216K)] 225622K(502464K), 0.0033776 secs] [Times: user=0.01 sys=0.00, real=0.00 secs] 
2016-10-24T05:57:59.923+0800: 146.512: Total time for which application threads were stopped: 0.0035416 seconds, Stopping threads took: 0.0000643 seconds
2016-10-24T05:57:59.923+0800: 146.512: [CMS-concurrent-mark-start]
2016-10-24T05:57:59.973+0800: 146.562: [CMS-concurrent-mark: 0.050/0.050 secs] [Times: user=0.24 sys=0.00, real=0.05 secs] 
2016-10-24T05:57:59.973+0800: 146.562: [CMS-concurrent-preclean-start]
2016-10-24T05:57:59.978+0800: 146.567: [CMS-concurrent-preclean: 0.004/0.005 secs] [Times: user=0.01 sys=0.00, real=0.00 secs] 
2016-10-24T05:57:59.978+0800: 146.567: [CMS-concurrent-abortable-preclean-start]
{Heap before GC invocations=93 (full 5):
 par new generation   total 109248K, used 109248K [0x00000007a0000000, 0x00000007a8000000, 0x00000007a8000000)
  eden space 87424K, 100% used [0x00000007a0000000, 0x00000007a5560000, 0x00000007a5560000)
  from space 21824K, 100% used [0x00000007a6ab0000, 0x00000007a8000000, 0x00000007a8000000)
  to   space 21824K,   0% used [0x00000007a5560000, 0x00000007a5560000, 0x00000007a6ab0000)
 concurrent mark-sweep generation total 393216K, used 202057K [0x00000007a8000000, 0x00000007c0000000, 0x00000007c0000000)
 Metaspace       used 39370K, capacity 39994K, committed 40456K, reserved 1085440K
  class space    used 4662K, capacity 4826K, committed 4884K, reserved 1048576K
2016-10-24T05:58:00.229+0800: 146.818: [GC (Allocation Failure) 2016-10-24T05:58:00.229+0800: 146.818: [ParNew
Desired survivor size 20112992 bytes, new threshold 6 (max 8)
- age   1:    5464688 bytes,    5464688 total
- age   2:    6677760 bytes,   12142448 total
- age   3:    2615616 bytes,   14758064 total
- age   4:    2357440 bytes,   17115504 total
- age   5:    2332472 bytes,   19447976 total
- age   6:    1621840 bytes,   21069816 total
: 109248K->21824K(109248K), 0.0251239 secs] 311305K->231438K(502464K), 0.0251972 secs] [Times: user=0.10 sys=0.00, real=0.03 secs] 
Heap after GC invocations=94 (full 5):
 par new generation   total 109248K, used 21824K [0x00000007a0000000, 0x00000007a8000000, 0x00000007a8000000)
  eden space 87424K,   0% used [0x00000007a0000000, 0x00000007a0000000, 0x00000007a5560000)
  from space 21824K, 100% used [0x00000007a5560000, 0x00000007a6ab0000, 0x00000007a6ab0000)
  to   space 21824K,   0% used [0x00000007a6ab0000, 0x00000007a6ab0000, 0x00000007a8000000)
 concurrent mark-sweep generation total 393216K, used 209614K [0x00000007a8000000, 0x00000007c0000000, 0x00000007c0000000)
 Metaspace       used 39370K, capacity 39994K, committed 40456K, reserved 1085440K
  class space    used 4662K, capacity 4826K, committed 4884K, reserved 1048576K
}
2016-10-24T05:58:00.255+0800: 146.844: Total time for which application threads were stopped: 0.0253623 seconds, Stopping threads took: 0.0000222 seconds
2016-10-24T05:58:00.388+0800: 146.977: [CMS-concurrent-abortable-preclean: 0.381/0.410 secs] [Times: user=0.90 sys=0.01, real=0.41 secs] 
2016-10-24T05:58:00.388+0800: 146.977: [GC (CMS Final Remark) [YG occupancy: 67336 K (109248 K)]{Heap before GC invocations=94 (full 5):
 par new generation   total 109248K, used 67336K [0x00000007a0000000, 0x00000007a8000000, 0x00000007a8000000)
  eden space 87424K,  52% used [0x00000007a0000000, 0x00000007a2c723d8, 0x00000007a5560000)
  from space 21824K, 100% used [0x00000007a5560000, 0x00000007a6ab0000, 0x00000007a6ab0000)
  to   space 21824K,   0% used [0x00000007a6ab0000, 0x00000007a6ab0000, 0x00000007a8000000)
 concurrent mark-sweep generation total 393216K, used 209614K [0x00000007a8000000, 0x00000007c0000000, 0x00000007c0000000)
 Metaspace       used 39370K, capacity 39994K, committed 40456K, reserved 1085440K
  class space    used 4662K, capacity 4826K, committed 4884K, reserved 1048576K
2016-10-24T05:58:00.388+0800: 146.977: [GC (CMS Final Remark) 2016-10-24T05:58:00.389+0800: 146.977: [ParNew
Desired survivor size 20112992 bytes, new threshold 6 (max 8)
- age   1:    5556424 bytes,    5556424 total
- age   2:    3300360 bytes,    8856784 total
- age   3:    5829168 bytes,   14685952 total
- age   4:    2333200 bytes,   17019152 total
- age   5:    2058728 bytes,   19077880 total
- age   6:    2023248 bytes,   21101128 total
: 67336K->21824K(109248K), 0.0217861 secs] 276951K->235943K(502464K), 0.0218625 secs] [Times: user=0.08 sys=0.00, real=0.03 secs] 
Heap after GC invocations=95 (full 5):
 par new generation   total 109248K, used 21824K [0x00000007a0000000, 0x00000007a8000000, 0x00000007a8000000)
  eden space 87424K,   0% used [0x00000007a0000000, 0x00000007a0000000, 0x00000007a5560000)
  from space 21824K, 100% used [0x00000007a6ab0000, 0x00000007a8000000, 0x00000007a8000000)
  to   space 21824K,   0% used [0x00000007a5560000, 0x00000007a5560000, 0x00000007a6ab0000)
 concurrent mark-sweep generation total 393216K, used 214119K [0x00000007a8000000, 0x00000007c0000000, 0x00000007c0000000)
 Metaspace       used 39370K, capacity 39994K, committed 40456K, reserved 1085440K
  class space    used 4662K, capacity 4826K, committed 4884K, reserved 1048576K
}
2016-10-24T05:58:00.410+0800: 146.999: [Rescan (parallel) , 0.0098529 secs]2016-10-24T05:58:00.420+0800: 147.009: [weak refs processing, 0.0009401 secs]2016-10-24T05:58:00.421+0800: 147.010: [class unloading, 0.0070943 secs]2016-10-24T05:58:00.428+0800: 147.017: [scrub symbol table, 0.0085883 secs]2016-10-24T05:58:00.437+0800: 147.026: [scrub string table, 0.0007187 secs][1 CMS-remark: 214119K(393216K)] 235943K(502464K), 0.0493174 secs] [Times: user=0.13 sys=0.00, real=0.05 secs] 
2016-10-24T05:58:00.438+0800: 147.027: Total time for which application threads were stopped: 0.0494603 seconds, Stopping threads took: 0.0000185 seconds
2016-10-24T05:58:00.438+0800: 147.027: [CMS-concurrent-sweep-start]
2016-10-24T05:58:00.511+0800: 147.100: [CMS-concurrent-sweep: 0.073/0.073 secs] [Times: user=0.15 sys=0.00, real=0.08 secs] 
2016-10-24T05:58:00.511+0800: 147.100: [CMS-concurrent-reset-start]
2016-10-24T05:58:00.512+0800: 147.100: [CMS-concurrent-reset: 0.000/0.000 secs] [Times: user=0.00 sys=0.00, real=0.00 secs] 
{Heap before GC invocations=95 (full 5):
 par new generation   total 109248K, used 109248K [0x00000007a0000000, 0x00000007a8000000, 0x00000007a8000000)
  eden space 87424K, 100% used [0x00000007a0000000, 0x00000007a5560000, 0x00000007a5560000)
  from space 21824K, 100% used [0x00000007a6ab0000, 0x00000007a8000000, 0x00000007a8000000)
  to   space 21824K,   0% used [0x00000007a5560000, 0x00000007a5560000, 0x00000007a6ab0000)
 concurrent mark-sweep generation total 393216K, used 119970K [0x00000007a8000000, 0x00000007c0000000, 0x00000007c0000000)
 Metaspace       used 39370K, capacity 39994K, committed 40456K, reserved 1085440K
  class space    used 4662K, capacity 4826K, committed 4884K, reserved 1048576K
2016-10-24T05:58:00.737+0800: 147.326: [GC (Allocation Failure) 2016-10-24T05:58:00.737+0800: 147.326: [ParNew
Desired survivor size 20112992 bytes, new threshold 8 (max 8)
- age   1:    7841960 bytes,    7841960 total
- age   2:    1241224 bytes,    9083184 total
- age   3:    2627304 bytes,   11710488 total
- age   4:    4356504 bytes,   16066992 total
- age   5:    2007320 bytes,   18074312 total
- age   6:    1853104 bytes,   19927416 total
: 109248K->21824K(109248K), 0.0211453 secs] 229218K->148738K(502464K), 0.0212044 secs] [Times: user=0.08 sys=0.00, real=0.02 secs] 
Heap after GC invocations=96 (full 5):
 par new generation   total 109248K, used 21824K [0x00000007a0000000, 0x00000007a8000000, 0x00000007a8000000)
  eden space 87424K,   0% used [0x00000007a0000000, 0x00000007a0000000, 0x00000007a5560000)
  from space 21824K, 100% used [0x00000007a5560000, 0x00000007a6ab0000, 0x00000007a6ab0000)
  to   space 21824K,   0% used [0x00000007a6ab0000, 0x00000007a6ab0000, 0x00000007a8000000)
 concurrent mark-sweep generation total 393216K, used 126914K [0x00000007a8000000, 0x00000007c0000000, 0x00000007c0000000)
 Metaspace       used 39370K, capacity 39994K, committed 40456K, reserved 1085440K
  class space    used 4662K, capacity 4826K, committed 4884K, reserved 1048576K
}
2016-10-24T05:58:00.759+0800: 147.348: Total time for which application threads were stopped: 0.0213777 seconds, Stopping threads took: 0.0000223 seconds
{Heap before GC invocations=96 (full 5):
 par new generation   total 109248K, used 108995K [0x00000007a0000000, 0x00000007a8000000, 0x00000007a8000000)
  eden space 87424K,  99% used [0x00000007a0000000, 0x00000007a5520e38, 0x00000007a5560000)
  from space 21824K, 100% used [0x00000007a5560000, 0x00000007a6ab0000, 0x00000007a6ab0000)
  to   space 21824K,   0% used [0x00000007a6ab0000, 0x00000007a6ab0000, 0x00000007a8000000)
 concurrent mark-sweep generation total 393216K, used 126914K [0x00000007a8000000, 0x00000007c0000000, 0x00000007c0000000)
 Metaspace       used 39370K, capacity 39994K, committed 40456K, reserved 1085440K
  class space    used 4662K, capacity 4826K, committed 4884K, reserved 1048576K
2016-10-24T05:58:01.046+0800: 147.635: [GC (Allocation Failure) 2016-10-24T05:58:01.046+0800: 147.635: [ParNew
Desired survivor size 20112992 bytes, new threshold 7 (max 8)
- age   1:    5820856 bytes,    5820856 total
- age   2:    3501216 bytes,    9322072 total
- age   3:    1107696 bytes,   10429768 total
- age   4:    2437976 bytes,   12867744 total
- age   5:    4126144 bytes,   16993888 total
- age   6:    1778680 bytes,   18772568 total
- age   7:    1583776 bytes,   20356344 total
: 108995K->21824K(109248K), 0.0197433 secs] 235910K->154893K(502464K), 0.0198391 secs] [Times: user=0.08 sys=0.00, real=0.02 secs] 
Heap after GC invocations=97 (full 5):
 par new generation   total 109248K, used 21824K [0x00000007a0000000, 0x00000007a8000000, 0x00000007a8000000)
  eden space 87424K,   0% used [0x00000007a0000000, 0x00000007a0000000, 0x00000007a5560000)
  from space 21824K, 100% used [0x00000007a6ab0000, 0x00000007a8000000, 0x00000007a8000000)
  to   space 21824K,   0% used [0x00000007a5560000, 0x00000007a5560000, 0x00000007a6ab0000)
 concurrent mark-sweep generation total 393216K, used 133069K [0x00000007a8000000, 0x00000007c0000000, 0x00000007c0000000)
 Metaspace       used 39370K, capacity 39994K, committed 40456K, reserved 1085440K
  class space    used 4662K, capacity 4826K, committed 4884K, reserved 1048576K
}
2016-10-24T05:58:01.066+0800: 147.655: Total time for which application threads were stopped: 0.0200043 seconds, Stopping threads took: 0.0000216 seconds
{Heap before GC invocations=97 (full 5):
 par new generation   total 109248K, used 109248K [0x00000007a0000000, 0x00000007a8000000, 0x00000007a8000000)
  eden space 87424K, 100% used [0x00000007a0000000, 0x00000007a5560000, 0x00000007a5560000)
  from space 21824K, 100% used [0x00000007a6ab0000, 0x00000007a8000000, 0x00000007a8000000)
  to   space 21824K,   0% used [0x00000007a5560000, 0x00000007a5560000, 0x00000007a6ab0000)
 concurrent mark-sweep generation total 393216K, used 133069K [0x00000007a8000000, 0x00000007c0000000, 0x00000007c0000000)
 Metaspace       used 39370K, capacity 39994K, committed 40456K, reserved 1085440K
  class space    used 4662K, capacity 4826K, committed 4884K, reserved 1048576K
2016-10-24T05:58:01.333+0800: 147.922: [GC (Allocation Failure) 2016-10-24T05:58:01.333+0800: 147.922: [ParNew
Desired survivor size 20112992 bytes, new threshold 7 (max 8)
- age   1:    5040504 bytes,    5040504 total
- age   2:    4372192 bytes,    9412696 total
- age   3:    2012120 bytes,   11424816 total
- age   4:     888696 bytes,   12313512 total
- age   5:    2264888 bytes,   14578400 total
- age   6:    4115584 bytes,   18693984 total
- age   7:    1766016 bytes,   20460000 total
: 109248K->21824K(109248K), 0.0199207 secs] 242317K->162285K(502464K), 0.0199762 secs] [Times: user=0.07 sys=0.01, real=0.02 secs] 
Heap after GC invocations=98 (full 5):
 par new generation   total 109248K, used 21824K [0x00000007a0000000, 0x00000007a8000000, 0x00000007a8000000)
  eden space 87424K,   0% used [0x00000007a0000000, 0x00000007a0000000, 0x00000007a5560000)
  from space 21824K, 100% used [0x00000007a5560000, 0x00000007a6ab0000, 0x00000007a6ab0000)
  to   space 21824K,   0% used [0x00000007a6ab0000, 0x00000007a6ab0000, 0x00000007a8000000)
 concurrent mark-sweep generation total 393216K, used 140461K [0x00000007a8000000, 0x00000007c0000000, 0x00000007c0000000)
 Metaspace       used 39370K, capacity 39994K, committed 40456K, reserved 1085440K
  class space    used 4662K, capacity 4826K, committed 4884K, reserved 1048576K
}
2016-10-24T05:58:01.353+0800: 147.942: Total time for which application threads were stopped: 0.0201322 seconds, Stopping threads took: 0.0000225 seconds
{Heap before GC invocations=98 (full 5):
 par new generation   total 109248K, used 109248K [0x00000007a0000000, 0x00000007a8000000, 0x00000007a8000000)
  eden space 87424K, 100% used [0x00000007a0000000, 0x00000007a5560000, 0x00000007a5560000)
  from space 21824K, 100% used [0x00000007a5560000, 0x00000007a6ab0000, 0x00000007a6ab0000)
  to   space 21824K,   0% used [0x00000007a6ab0000, 0x00000007a6ab0000, 0x00000007a8000000)
 concurrent mark-sweep generation total 393216K, used 140461K [0x00000007a8000000, 0x00000007c0000000, 0x00000007c0000000)
 Metaspace       used 39370K, capacity 39994K, committed 40456K, reserved 1085440K
  class space    used 4662K, capacity 4826K, committed 4884K, reserved 1048576K
2016-10-24T05:58:01.619+0800: 148.208: [GC (Allocation Failure) 2016-10-24T05:58:01.619+0800: 148.208: [ParNew
Desired survivor size 20112992 bytes, new threshold 7 (max 8)
- age   1:    5307712 bytes,    5307712 total
- age   2:    2803056 bytes,    8110768 total
- age   3:    3348496 bytes,   11459264 total
- age   4:    1943512 bytes,   13402776 total
- age   5:     881208 bytes,   14283984 total
- age   6:    2209864 bytes,   16493848 total
- age   7:    4104552 bytes,   20598400 total
: 109248K->21824K(109248K), 0.0229387 secs] 249709K->171264K(502464K), 0.0230247 secs] [Times: user=0.09 sys=0.00, real=0.03 secs] 
Heap after GC invocations=99 (full 5):
 par new generation   total 109248K, used 21824K [0x00000007a0000000, 0x00000007a8000000, 0x00000007a8000000)
  eden space 87424K,   0% used [0x00000007a0000000, 0x00000007a0000000, 0x00000007a5560000)
  from space 21824K, 100% used [0x00000007a6ab0000, 0x00000007a8000000, 0x00000007a8000000)
  to   space 21824K,   0% used [0x00000007a5560000, 0x00000007a5560000, 0x00000007a6ab0000)
 concurrent mark-sweep generation total 393216K, used 149440K [0x00000007a8000000, 0x00000007c0000000, 0x00000007c0000000)
 Metaspace       used 39370K, capacity 39994K, committed 40456K, reserved 1085440K
  class space    used 4662K, capacity 4826K, committed 4884K, reserved 1048576K
}
2016-10-24T05:58:01.642+0800: 148.231: Total time for which application threads were stopped: 0.0232149 seconds, Stopping threads took: 0.0000332 seconds
{Heap before GC invocations=99 (full 5):
 par new generation   total 109248K, used 109248K [0x00000007a0000000, 0x00000007a8000000, 0x00000007a8000000)
  eden space 87424K, 100% used [0x00000007a0000000, 0x00000007a5560000, 0x00000007a5560000)
  from space 21824K, 100% used [0x00000007a6ab0000, 0x00000007a8000000, 0x00000007a8000000)
  to   space 21824K,   0% used [0x00000007a5560000, 0x00000007a5560000, 0x00000007a6ab0000)
 concurrent mark-sweep generation total 393216K, used 149440K [0x00000007a8000000, 0x00000007c0000000, 0x00000007c0000000)
 Metaspace       used 39370K, capacity 39994K, committed 40456K, reserved 1085440K
  class space    used 4662K, capacity 4826K, committed 4884K, reserved 1048576K
2016-10-24T05:58:01.914+0800: 148.503: [GC (Allocation Failure) 2016-10-24T05:58:01.914+0800: 148.503: [ParNew
Desired survivor size 20112992 bytes, new threshold 7 (max 8)
- age   1:    7578552 bytes,    7578552 total
- age   2:    2837328 bytes,   10415880 total
- age   3:    2771784 bytes,   13187664 total
- age   4:    3312832 bytes,   16500496 total
- age   5:    1895080 bytes,   18395576 total
- age   6:     868280 bytes,   19263856 total
- age   7:    2127816 bytes,   21391672 total
: 109248K->21824K(109248K), 0.0249341 secs] 258688K->181905K(502464K), 0.0250281 secs] [Times: user=0.09 sys=0.00, real=0.02 secs] 
Heap after GC invocations=100 (full 5):
 par new generation   total 109248K, used 21824K [0x00000007a0000000, 0x00000007a8000000, 0x00000007a8000000)
  eden space 87424K,   0% used [0x00000007a0000000, 0x00000007a0000000, 0x00000007a5560000)
  from space 21824K, 100% used [0x00000007a5560000, 0x00000007a6ab0000, 0x00000007a6ab0000)
  to   space 21824K,   0% used [0x00000007a6ab0000, 0x00000007a6ab0000, 0x00000007a8000000)
 concurrent mark-sweep generation total 393216K, used 160081K [0x00000007a8000000, 0x00000007c0000000, 0x00000007c0000000)
 Metaspace       used 39370K, capacity 39994K, committed 40456K, reserved 1085440K
  class space    used 4662K, capacity 4826K, committed 4884K, reserved 1048576K
}
2016-10-24T05:58:01.939+0800: 148.528: Total time for which application threads were stopped: 0.0251994 seconds, Stopping threads took: 0.0000240 seconds
{Heap before GC invocations=100 (full 5):
 par new generation   total 109248K, used 109248K [0x00000007a0000000, 0x00000007a8000000, 0x00000007a8000000)
  eden space 87424K, 100% used [0x00000007a0000000, 0x00000007a5560000, 0x00000007a5560000)
  from space 21824K, 100% used [0x00000007a5560000, 0x00000007a6ab0000, 0x00000007a6ab0000)
  to   space 21824K,   0% used [0x00000007a6ab0000, 0x00000007a6ab0000, 0x00000007a8000000)
 concurrent mark-sweep generation total 393216K, used 160081K [0x00000007a8000000, 0x00000007c0000000, 0x00000007c0000000)
 Metaspace       used 39370K, capacity 39994K, committed 40456K, reserved 1085440K
  class space    used 4662K, capacity 4826K, committed 4884K, reserved 1048576K
2016-10-24T05:58:02.218+0800: 148.807: [GC (Allocation Failure) 2016-10-24T05:58:02.218+0800: 148.807: [ParNew
Desired survivor size 20112992 bytes, new threshold 6 (max 8)
- age   1:    4608520 bytes,    4608520 total
- age   2:    5334304 bytes,    9942824 total
- age   3:    2704592 bytes,   12647416 total
- age   4:    2522024 bytes,   15169440 total
- age   5:    3290968 bytes,   18460408 total
- age   6:    1872976 bytes,   20333384 total
- age   7:     857736 bytes,   21191120 total
: 109248K->21824K(109248K), 0.0250404 secs] 269329K->189122K(502464K), 0.0251117 secs] [Times: user=0.09 sys=0.00, real=0.03 secs] 
Heap after GC invocations=101 (full 5):
 par new generation   total 109248K, used 21824K [0x00000007a0000000, 0x00000007a8000000, 0x00000007a8000000)
  eden space 87424K,   0% used [0x00000007a0000000, 0x00000007a0000000, 0x00000007a5560000)
  from space 21824K, 100% used [0x00000007a6ab0000, 0x00000007a8000000, 0x00000007a8000000)
  to   space 21824K,   0% used [0x00000007a5560000, 0x00000007a5560000, 0x00000007a6ab0000)
 concurrent mark-sweep generation total 393216K, used 167298K [0x00000007a8000000, 0x00000007c0000000, 0x00000007c0000000)
 Metaspace       used 39370K, capacity 39994K, committed 40456K, reserved 1085440K
  class space    used 4662K, capacity 4826K, committed 4884K, reserved 1048576K
}
2016-10-24T05:58:02.243+0800: 148.832: Total time for which application threads were stopped: 0.0252789 seconds, Stopping threads took: 0.0000234 seconds
{Heap before GC invocations=101 (full 5):
 par new generation   total 109248K, used 109248K [0x00000007a0000000, 0x00000007a8000000, 0x00000007a8000000)
  eden space 87424K, 100% used [0x00000007a0000000, 0x00000007a5560000, 0x00000007a5560000)
  from space 21824K, 100% used [0x00000007a6ab0000, 0x00000007a8000000, 0x00000007a8000000)
  to   space 21824K,   0% used [0x00000007a5560000, 0x00000007a5560000, 0x00000007a6ab0000)
 concurrent mark-sweep generation total 393216K, used 167298K [0x00000007a8000000, 0x00000007c0000000, 0x00000007c0000000)
 Metaspace       used 39370K, capacity 39994K, committed 40456K, reserved 1085440K
  class space    used 4662K, capacity 4826K, committed 4884K, reserved 1048576K
2016-10-24T05:58:02.507+0800: 149.096: [GC (Allocation Failure) 2016-10-24T05:58:02.507+0800: 149.096: [ParNew
Desired survivor size 20112992 bytes, new threshold 6 (max 8)
- age   1:    3741744 bytes,    3741744 total
- age   2:    4511280 bytes,    8253024 total
- age   3:    4573120 bytes,   12826144 total
- age   4:    2642304 bytes,   15468448 total
- age   5:    2487616 bytes,   17956064 total
- age   6:    3255040 bytes,   21211104 total
: 109248K->21824K(109248K), 0.0249181 secs] 276546K->199783K(502464K), 0.0249995 secs] [Times: user=0.09 sys=0.00, real=0.03 secs] 
Heap after GC invocations=102 (full 5):
 par new generation   total 109248K, used 21824K [0x00000007a0000000, 0x00000007a8000000, 0x00000007a8000000)
  eden space 87424K,   0% used [0x00000007a0000000, 0x00000007a0000000, 0x00000007a5560000)
  from space 21824K, 100% used [0x00000007a5560000, 0x00000007a6ab0000, 0x00000007a6ab0000)
  to   space 21824K,   0% used [0x00000007a6ab0000, 0x00000007a6ab0000, 0x00000007a8000000)
 concurrent mark-sweep generation total 393216K, used 177959K [0x00000007a8000000, 0x00000007c0000000, 0x00000007c0000000)
 Metaspace       used 39370K, capacity 39994K, committed 40456K, reserved 1085440K
  class space    used 4662K, capacity 4826K, committed 4884K, reserved 1048576K
}
2016-10-24T05:58:02.532+0800: 149.121: Total time for which application threads were stopped: 0.0251752 seconds, Stopping threads took: 0.0000226 seconds
{Heap before GC invocations=102 (full 5):
 par new generation   total 109248K, used 109248K [0x00000007a0000000, 0x00000007a8000000, 0x00000007a8000000)
  eden space 87424K, 100% used [0x00000007a0000000, 0x00000007a5560000, 0x00000007a5560000)
  from space 21824K, 100% used [0x00000007a5560000, 0x00000007a6ab0000, 0x00000007a6ab0000)
  to   space 21824K,   0% used [0x00000007a6ab0000, 0x00000007a6ab0000, 0x00000007a8000000)
 concurrent mark-sweep generation total 393216K, used 177959K [0x00000007a8000000, 0x00000007c0000000, 0x00000007c0000000)
 Metaspace       used 39370K, capacity 39994K, committed 40456K, reserved 1085440K
  class space    used 4662K, capacity 4826K, committed 4884K, reserved 1048576K
2016-10-24T05:58:02.814+0800: 149.403: [GC (Allocation Failure) 2016-10-24T05:58:02.814+0800: 149.403: [ParNew
Desired survivor size 20112992 bytes, new threshold 8 (max 8)
- age   1:    6914432 bytes,    6914432 total
- age   2:    2933256 bytes,    9847688 total
- age   3:    2426592 bytes,   12274280 total
- age   4:    2153176 bytes,   14427456 total
- age   5:    2340592 bytes,   16768048 total
- age   6:    2216648 bytes,   18984696 total
: 109248K->21824K(109248K), 0.0302163 secs] 287207K->211047K(502464K), 0.0302934 secs] [Times: user=0.11 sys=0.00, real=0.03 secs] 
Heap after GC invocations=103 (full 5):
 par new generation   total 109248K, used 21824K [0x00000007a0000000, 0x00000007a8000000, 0x00000007a8000000)
  eden space 87424K,   0% used [0x00000007a0000000, 0x00000007a0000000, 0x00000007a5560000)
  from space 21824K, 100% used [0x00000007a6ab0000, 0x00000007a8000000, 0x00000007a8000000)
  to   space 21824K,   0% used [0x00000007a5560000, 0x00000007a5560000, 0x00000007a6ab0000)
 concurrent mark-sweep generation total 393216K, used 189223K [0x00000007a8000000, 0x00000007c0000000, 0x00000007c0000000)
 Metaspace       used 39370K, capacity 39994K, committed 40456K, reserved 1085440K
  class space    used 4662K, capacity 4826K, committed 4884K, reserved 1048576K
}
2016-10-24T05:58:02.844+0800: 149.433: Total time for which application threads were stopped: 0.0304617 seconds, Stopping threads took: 0.0000307 seconds
{Heap before GC invocations=103 (full 5):
 par new generation   total 109248K, used 109248K [0x00000007a0000000, 0x00000007a8000000, 0x00000007a8000000)
  eden space 87424K, 100% used [0x00000007a0000000, 0x00000007a5560000, 0x00000007a5560000)
  from space 21824K, 100% used [0x00000007a6ab0000, 0x00000007a8000000, 0x00000007a8000000)
  to   space 21824K,   0% used [0x00000007a5560000, 0x00000007a5560000, 0x00000007a6ab0000)
 concurrent mark-sweep generation total 393216K, used 189223K [0x00000007a8000000, 0x00000007c0000000, 0x00000007c0000000)
 Metaspace       used 39370K, capacity 39994K, committed 40456K, reserved 1085440K
  class space    used 4662K, capacity 4826K, committed 4884K, reserved 1048576K
2016-10-24T05:58:03.084+0800: 149.673: [GC (Allocation Failure) 2016-10-24T05:58:03.084+0800: 149.673: [ParNew
Desired survivor size 20112992 bytes, new threshold 6 (max 8)
- age   1:    7948400 bytes,    7948400 total
- age   2:    5776952 bytes,   13725352 total
- age   3:    1502512 bytes,   15227864 total
- age   4:    1910216 bytes,   17138080 total
- age   5:    1711760 bytes,   18849840 total
- age   6:    1586944 bytes,   20436784 total
- age   7:    1559984 bytes,   21996768 total
: 109248K->21824K(109248K), 0.0284540 secs] 298471K->220224K(502464K), 0.0285387 secs] [Times: user=0.10 sys=0.00, real=0.03 secs] 
Heap after GC invocations=104 (full 5):
 par new generation   total 109248K, used 21824K [0x00000007a0000000, 0x00000007a8000000, 0x00000007a8000000)
  eden space 87424K,   0% used [0x00000007a0000000, 0x00000007a0000000, 0x00000007a5560000)
  from space 21824K, 100% used [0x00000007a5560000, 0x00000007a6ab0000, 0x00000007a6ab0000)
  to   space 21824K,   0% used [0x00000007a6ab0000, 0x00000007a6ab0000, 0x00000007a8000000)
 concurrent mark-sweep generation total 393216K, used 198400K [0x00000007a8000000, 0x00000007c0000000, 0x00000007c0000000)
 Metaspace       used 39370K, capacity 39994K, committed 40456K, reserved 1085440K
  class space    used 4662K, capacity 4826K, committed 4884K, reserved 1048576K
}
2016-10-24T05:58:03.112+0800: 149.701: Total time for which application threads were stopped: 0.0287130 seconds, Stopping threads took: 0.0000288 seconds
2016-10-24T05:58:03.112+0800: 149.701: [GC (CMS Initial Mark) [1 CMS-initial-mark: 198400K(393216K)] 221970K(502464K), 0.0098556 secs] [Times: user=0.02 sys=0.00, real=0.01 secs] 
2016-10-24T05:58:03.122+0800: 149.711: Total time for which application threads were stopped: 0.0100123 seconds, Stopping threads took: 0.0000700 seconds
2016-10-24T05:58:03.122+0800: 149.711: [CMS-concurrent-mark-start]
2016-10-24T05:58:03.183+0800: 149.772: [CMS-concurrent-mark: 0.060/0.060 secs] [Times: user=0.30 sys=0.00, real=0.06 secs] 
2016-10-24T05:58:03.183+0800: 149.772: [CMS-concurrent-preclean-start]
2016-10-24T05:58:03.191+0800: 149.780: [CMS-concurrent-preclean: 0.007/0.008 secs] [Times: user=0.01 sys=0.00, real=0.01 secs] 
2016-10-24T05:58:03.191+0800: 149.780: [CMS-concurrent-abortable-preclean-start]
{Heap before GC invocations=104 (full 6):
 par new generation   total 109248K, used 109248K [0x00000007a0000000, 0x00000007a8000000, 0x00000007a8000000)
  eden space 87424K, 100% used [0x00000007a0000000, 0x00000007a5560000, 0x00000007a5560000)
  from space 21824K, 100% used [0x00000007a5560000, 0x00000007a6ab0000, 0x00000007a6ab0000)
  to   space 21824K,   0% used [0x00000007a6ab0000, 0x00000007a6ab0000, 0x00000007a8000000)
 concurrent mark-sweep generation total 393216K, used 198400K [0x00000007a8000000, 0x00000007c0000000, 0x00000007c0000000)
 Metaspace       used 39370K, capacity 39994K, committed 40456K, reserved 1085440K
  class space    used 4662K, capacity 4826K, committed 4884K, reserved 1048576K
2016-10-24T05:58:03.384+0800: 149.973: [GC (Allocation Failure) 2016-10-24T05:58:03.384+0800: 149.973: [ParNew
Desired survivor size 20112992 bytes, new threshold 6 (max 8)
- age   1:    3596072 bytes,    3596072 total
- age   2:    7536360 bytes,   11132432 total
- age   3:    5617784 bytes,   16750216 total
- age   4:    1259792 bytes,   18010008 total
- age   5:    1304752 bytes,   19314760 total
- age   6:    1344288 bytes,   20659048 total
: 109248K->21824K(109248K), 0.0269139 secs] 307648K->228553K(502464K), 0.0269675 secs] [Times: user=0.10 sys=0.00, real=0.03 secs] 
Heap after GC invocations=105 (full 6):
 par new generation   total 109248K, used 21824K [0x00000007a0000000, 0x00000007a8000000, 0x00000007a8000000)
  eden space 87424K,   0% used [0x00000007a0000000, 0x00000007a0000000, 0x00000007a5560000)
  from space 21824K, 100% used [0x00000007a6ab0000, 0x00000007a8000000, 0x00000007a8000000)
  to   space 21824K,   0% used [0x00000007a5560000, 0x00000007a5560000, 0x00000007a6ab0000)
 concurrent mark-sweep generation total 393216K, used 206729K [0x00000007a8000000, 0x00000007c0000000, 0x00000007c0000000)
 Metaspace       used 39370K, capacity 39994K, committed 40456K, reserved 1085440K
  class space    used 4662K, capacity 4826K, committed 4884K, reserved 1048576K
}
2016-10-24T05:58:03.411+0800: 150.000: Total time for which application threads were stopped: 0.0271403 seconds, Stopping threads took: 0.0000434 seconds
2016-10-24T05:58:03.546+0800: 150.135: [CMS-concurrent-abortable-preclean: 0.324/0.355 secs] [Times: user=0.75 sys=0.01, real=0.35 secs] 
2016-10-24T05:58:03.546+0800: 150.135: [GC (CMS Final Remark) [YG occupancy: 75633 K (109248 K)]{Heap before GC invocations=105 (full 6):
 par new generation   total 109248K, used 75633K [0x00000007a0000000, 0x00000007a8000000, 0x00000007a8000000)
  eden space 87424K,  61% used [0x00000007a0000000, 0x00000007a348c760, 0x00000007a5560000)
  from space 21824K, 100% used [0x00000007a6ab0000, 0x00000007a8000000, 0x00000007a8000000)
  to   space 21824K,   0% used [0x00000007a5560000, 0x00000007a5560000, 0x00000007a6ab0000)
 concurrent mark-sweep generation total 393216K, used 206729K [0x00000007a8000000, 0x00000007c0000000, 0x00000007c0000000)
 Metaspace       used 39370K, capacity 39994K, committed 40456K, reserved 1085440K
  class space    used 4662K, capacity 4826K, committed 4884K, reserved 1048576K
2016-10-24T05:58:03.546+0800: 150.135: [GC (CMS Final Remark) 2016-10-24T05:58:03.546+0800: 150.135: [ParNew
Desired survivor size 20112992 bytes, new threshold 8 (max 8)
- age   1:    5636896 bytes,    5636896 total
- age   2:    3217648 bytes,    8854544 total
- age   3:    2070344 bytes,   10924888 total
- age   4:    5547672 bytes,   16472560 total
- age   5:    1227656 bytes,   17700216 total
- age   6:    1207528 bytes,   18907744 total
: 75633K->21824K(109248K), 0.0238360 secs] 282363K->238166K(502464K), 0.0238970 secs] [Times: user=0.09 sys=0.01, real=0.03 secs] 
Heap after GC invocations=106 (full 6):
 par new generation   total 109248K, used 21824K [0x00000007a0000000, 0x00000007a8000000, 0x00000007a8000000)
  eden space 87424K,   0% used [0x00000007a0000000, 0x00000007a0000000, 0x00000007a5560000)
  from space 21824K, 100% used [0x00000007a5560000, 0x00000007a6ab0000, 0x00000007a6ab0000)
  to   space 21824K,   0% used [0x00000007a6ab0000, 0x00000007a6ab0000, 0x00000007a8000000)
 concurrent mark-sweep generation total 393216K, used 216342K [0x00000007a8000000, 0x00000007c0000000, 0x00000007c0000000)
 Metaspace       used 39370K, capacity 39994K, committed 40456K, reserved 1085440K
  class space    used 4662K, capacity 4826K, committed 4884K, reserved 1048576K
}
2016-10-24T05:58:03.570+0800: 150.159: [Rescan (parallel) , 0.0124691 secs]2016-10-24T05:58:03.583+0800: 150.172: [weak refs processing, 0.0009677 secs]2016-10-24T05:58:03.584+0800: 150.173: [class unloading, 0.0078184 secs]2016-10-24T05:58:03.592+0800: 150.181: [scrub symbol table, 0.0064036 secs]2016-10-24T05:58:03.598+0800: 150.187: [scrub string table, 0.0005524 secs][1 CMS-remark: 216342K(393216K)] 238166K(502464K), 0.0524400 secs] [Times: user=0.16 sys=0.01, real=0.05 secs] 
2016-10-24T05:58:03.599+0800: 150.188: Total time for which application threads were stopped: 0.0526037 seconds, Stopping threads took: 0.0000289 seconds
2016-10-24T05:58:03.599+0800: 150.188: [CMS-concurrent-sweep-start]
2016-10-24T05:58:03.656+0800: 150.246: [CMS-concurrent-sweep: 0.058/0.058 secs] [Times: user=0.11 sys=0.00, real=0.06 secs] 
2016-10-24T05:58:03.657+0800: 150.246: [CMS-concurrent-reset-start]
2016-10-24T05:58:03.657+0800: 150.246: [CMS-concurrent-reset: 0.000/0.000 secs] [Times: user=0.00 sys=0.00, real=0.00 secs] 
{Heap before GC invocations=106 (full 6):
 par new generation   total 109248K, used 109248K [0x00000007a0000000, 0x00000007a8000000, 0x00000007a8000000)
  eden space 87424K, 100% used [0x00000007a0000000, 0x00000007a5560000, 0x00000007a5560000)
  from space 21824K, 100% used [0x00000007a5560000, 0x00000007a6ab0000, 0x00000007a6ab0000)
  to   space 21824K,   0% used [0x00000007a6ab0000, 0x00000007a6ab0000, 0x00000007a8000000)
 concurrent mark-sweep generation total 393216K, used 182133K [0x00000007a8000000, 0x00000007c0000000, 0x00000007c0000000)
 Metaspace       used 39372K, capacity 39994K, committed 40456K, reserved 1085440K
  class space    used 4662K, capacity 4826K, committed 4884K, reserved 1048576K
2016-10-24T05:58:04.457+0800: 151.046: [GC (Allocation Failure) 2016-10-24T05:58:04.457+0800: 151.046: [ParNew
Desired survivor size 20112992 bytes, new threshold 8 (max 8)
- age   1:    1355792 bytes,    1355792 total
- age   2:    5154168 bytes,    6509960 total
- age   3:    2777864 bytes,    9287824 total
- age   4:    1604320 bytes,   10892144 total
- age   5:    5310040 bytes,   16202184 total
- age   6:    1078672 bytes,   17280856 total
- age   7:    1048336 bytes,   18329192 total
: 109248K->21824K(109248K), 0.0174855 secs] 291381K->205075K(502464K), 0.0175528 secs] [Times: user=0.07 sys=0.00, real=0.02 secs] 
Heap after GC invocations=107 (full 6):
 par new generation   total 109248K, used 21824K [0x00000007a0000000, 0x00000007a8000000, 0x00000007a8000000)
  eden space 87424K,   0% used [0x00000007a0000000, 0x00000007a0000000, 0x00000007a5560000)
  from space 21824K, 100% used [0x00000007a6ab0000, 0x00000007a8000000, 0x00000007a8000000)
  to   space 21824K,   0% used [0x00000007a5560000, 0x00000007a5560000, 0x00000007a6ab0000)
 concurrent mark-sweep generation total 393216K, used 183251K [0x00000007a8000000, 0x00000007c0000000, 0x00000007c0000000)
 Metaspace       used 39372K, capacity 39994K, committed 40456K, reserved 1085440K
  class space    used 4662K, capacity 4826K, committed 4884K, reserved 1048576K
}
2016-10-24T05:58:04.474+0800: 151.064: Total time for which application threads were stopped: 0.0177543 seconds, Stopping threads took: 0.0000277 seconds
{Heap before GC invocations=107 (full 6):
 par new generation   total 109248K, used 109248K [0x00000007a0000000, 0x00000007a8000000, 0x00000007a8000000)
  eden space 87424K, 100% used [0x00000007a0000000, 0x00000007a5560000, 0x00000007a5560000)
  from space 21824K, 100% used [0x00000007a6ab0000, 0x00000007a8000000, 0x00000007a8000000)
  to   space 21824K,   0% used [0x00000007a5560000, 0x00000007a5560000, 0x00000007a6ab0000)
 concurrent mark-sweep generation total 393216K, used 183251K [0x00000007a8000000, 0x00000007c0000000, 0x00000007c0000000)
 Metaspace       used 39372K, capacity 39994K, committed 40456K, reserved 1085440K
  class space    used 4662K, capacity 4826K, committed 4884K, reserved 1048576K
2016-10-24T05:58:04.502+0800: 151.091: [GC (Allocation Failure) 2016-10-24T05:58:04.502+0800: 151.091: [ParNew
Desired survivor size 20112992 bytes, new threshold 8 (max 8)
- age   1:     169936 bytes,     169936 total
- age   2:     729016 bytes,     898952 total
- age   3:    4226976 bytes,    5125928 total
- age   4:    2666608 bytes,    7792536 total
- age   5:    1577464 bytes,    9370000 total
- age   6:    5286744 bytes,   14656744 total
- age   7:    1060632 bytes,   15717376 total
- age   8:    1030840 bytes,   16748216 total
: 109248K->21824K(109248K), 0.0175538 secs] 292499K->206785K(502464K), 0.0176170 secs] [Times: user=0.07 sys=0.00, real=0.01 secs] 
Heap after GC invocations=108 (full 6):
 par new generation   total 109248K, used 21824K [0x00000007a0000000, 0x00000007a8000000, 0x00000007a8000000)
  eden space 87424K,   0% used [0x00000007a0000000, 0x00000007a0000000, 0x00000007a5560000)
  from space 21824K, 100% used [0x00000007a5560000, 0x00000007a6ab0000, 0x00000007a6ab0000)
  to   space 21824K,   0% used [0x00000007a6ab0000, 0x00000007a6ab0000, 0x00000007a8000000)
 concurrent mark-sweep generation total 393216K, used 184961K [0x00000007a8000000, 0x00000007c0000000, 0x00000007c0000000)
 Metaspace       used 39372K, capacity 39994K, committed 40456K, reserved 1085440K
  class space    used 4662K, capacity 4826K, committed 4884K, reserved 1048576K
}
2016-10-24T05:58:04.519+0800: 151.109: Total time for which application threads were stopped: 0.0177785 seconds, Stopping threads took: 0.0000204 seconds
{Heap before GC invocations=108 (full 6):
 par new generation   total 109248K, used 109248K [0x00000007a0000000, 0x00000007a8000000, 0x00000007a8000000)
  eden space 87424K, 100% used [0x00000007a0000000, 0x00000007a5560000, 0x00000007a5560000)
  from space 21824K, 100% used [0x00000007a5560000, 0x00000007a6ab0000, 0x00000007a6ab0000)
  to   space 21824K,   0% used [0x00000007a6ab0000, 0x00000007a6ab0000, 0x00000007a8000000)
 concurrent mark-sweep generation total 393216K, used 184961K [0x00000007a8000000, 0x00000007c0000000, 0x00000007c0000000)
 Metaspace       used 39372K, capacity 39994K, committed 40456K, reserved 1085440K
  class space    used 4662K, capacity 4826K, committed 4884K, reserved 1048576K
2016-10-24T05:58:04.548+0800: 151.137: [GC (Allocation Failure) 2016-10-24T05:58:04.548+0800: 151.138: [ParNew
Desired survivor size 20112992 bytes, new threshold 8 (max 8)
- age   1:      45760 bytes,      45760 total
- age   2:      24432 bytes,      70192 total
- age   3:     729016 bytes,     799208 total
- age   4:    4226976 bytes,    5026184 total
- age   5:    2666608 bytes,    7692792 total
- age   6:    1577464 bytes,    9270256 total
- age   7:    5286744 bytes,   14557000 total
- age   8:    1060632 bytes,   15617632 total
: 109248K->21824K(109248K), 0.0159972 secs] 294209K->207831K(502464K), 0.0160572 secs] [Times: user=0.06 sys=0.00, real=0.02 secs] 
Heap after GC invocations=109 (full 6):
 par new generation   total 109248K, used 21824K [0x00000007a0000000, 0x00000007a8000000, 0x00000007a8000000)
  eden space 87424K,   0% used [0x00000007a0000000, 0x00000007a0000000, 0x00000007a5560000)
  from space 21824K, 100% used [0x00000007a6ab0000, 0x00000007a8000000, 0x00000007a8000000)
  to   space 21824K,   0% used [0x00000007a5560000, 0x00000007a5560000, 0x00000007a6ab0000)
 concurrent mark-sweep generation total 393216K, used 186007K [0x00000007a8000000, 0x00000007c0000000, 0x00000007c0000000)
 Metaspace       used 39372K, capacity 39994K, committed 40456K, reserved 1085440K
  class space    used 4662K, capacity 4826K, committed 4884K, reserved 1048576K
}
2016-10-24T05:58:04.564+0800: 151.154: Total time for which application threads were stopped: 0.0161998 seconds, Stopping threads took: 0.0000276 seconds
{Heap before GC invocations=109 (full 6):
 par new generation   total 109248K, used 109224K [0x00000007a0000000, 0x00000007a8000000, 0x00000007a8000000)
  eden space 87424K,  99% used [0x00000007a0000000, 0x00000007a555a110, 0x00000007a5560000)
  from space 21824K, 100% used [0x00000007a6ab0000, 0x00000007a8000000, 0x00000007a8000000)
  to   space 21824K,   0% used [0x00000007a5560000, 0x00000007a5560000, 0x00000007a6ab0000)
 concurrent mark-sweep generation total 393216K, used 186007K [0x00000007a8000000, 0x00000007c0000000, 0x00000007c0000000)
 Metaspace       used 39372K, capacity 39994K, committed 40456K, reserved 1085440K
  class space    used 4662K, capacity 4826K, committed 4884K, reserved 1048576K
2016-10-24T05:58:04.667+0800: 151.256: [GC (Allocation Failure) 2016-10-24T05:58:04.667+0800: 151.256: [ParNew
Desired survivor size 20112992 bytes, new threshold 8 (max 8)
- age   1:     146384 bytes,     146384 total
- age   4:     683264 bytes,     829648 total
- age   5:    4226976 bytes,    5056624 total
- age   6:    2666608 bytes,    7723232 total
- age   7:    1577464 bytes,    9300696 total
- age   8:    5286744 bytes,   14587440 total
: 109224K->17645K(109248K), 0.0163424 secs] 295232K->204728K(502464K), 0.0164047 secs] [Times: user=0.07 sys=0.00, real=0.02 secs] 
Heap after GC invocations=110 (full 6):
 par new generation   total 109248K, used 17645K [0x00000007a0000000, 0x00000007a8000000, 0x00000007a8000000)
  eden space 87424K,   0% used [0x00000007a0000000, 0x00000007a0000000, 0x00000007a5560000)
  from space 21824K,  80% used [0x00000007a5560000, 0x00000007a669b6f0, 0x00000007a6ab0000)
  to   space 21824K,   0% used [0x00000007a6ab0000, 0x00000007a6ab0000, 0x00000007a8000000)
 concurrent mark-sweep generation total 393216K, used 187082K [0x00000007a8000000, 0x00000007c0000000, 0x00000007c0000000)
 Metaspace       used 39372K, capacity 39994K, committed 40456K, reserved 1085440K
  class space    used 4662K, capacity 4826K, committed 4884K, reserved 1048576K
}
2016-10-24T05:58:04.683+0800: 151.272: Total time for which application threads were stopped: 0.0165702 seconds, Stopping threads took: 0.0000204 seconds
2016-10-24T05:58:04.849+0800: 151.438: Total time for which application threads were stopped: 0.0001369 seconds, Stopping threads took: 0.0000647 seconds
2016-10-24T05:58:04.850+0800: 151.439: Total time for which application threads were stopped: 0.0000667 seconds, Stopping threads took: 0.0000097 seconds
2016-10-24T05:58:04.850+0800: 151.439: Total time for which application threads were stopped: 0.0001226 seconds, Stopping threads took: 0.0000472 seconds
2016-10-24T05:58:04.851+0800: 151.440: Total time for which application threads were stopped: 0.0000804 seconds, Stopping threads took: 0.0000229 seconds
2016-10-24T05:58:04.852+0800: 151.441: Total time for which application threads were stopped: 0.0000999 seconds, Stopping threads took: 0.0000322 seconds
2016-10-24T05:58:04.852+0800: 151.441: Total time for which application threads were stopped: 0.0000676 seconds, Stopping threads took: 0.0000222 seconds
2016-10-24T05:58:04.852+0800: 151.442: Total time for which application threads were stopped: 0.0000824 seconds, Stopping threads took: 0.0000316 seconds
2016-10-24T05:58:04.853+0800: 151.442: Total time for which application threads were stopped: 0.0000716 seconds, Stopping threads took: 0.0000239 seconds
2016-10-24T05:58:05.067+0800: 151.656: Total time for which application threads were stopped: 0.0002126 seconds, Stopping threads took: 0.0000693 seconds
2016-10-24T05:58:05.073+0800: 151.663: Total time for which application threads were stopped: 0.0001819 seconds, Stopping threads took: 0.0000792 seconds
2016-10-24T05:58:05.074+0800: 151.663: Total time for which application threads were stopped: 0.0001378 seconds, Stopping threads took: 0.0000560 seconds
{Heap before GC invocations=110 (full 6):
 par new generation   total 109248K, used 105069K [0x00000007a0000000, 0x00000007a8000000, 0x00000007a8000000)
  eden space 87424K, 100% used [0x00000007a0000000, 0x00000007a5560000, 0x00000007a5560000)
  from space 21824K,  80% used [0x00000007a5560000, 0x00000007a669b6f0, 0x00000007a6ab0000)
  to   space 21824K,   0% used [0x00000007a6ab0000, 0x00000007a6ab0000, 0x00000007a8000000)
 concurrent mark-sweep generation total 393216K, used 187082K [0x00000007a8000000, 0x00000007c0000000, 0x00000007c0000000)
 Metaspace       used 39389K, capacity 40002K, committed 40456K, reserved 1085440K
  class space    used 4662K, capacity 4826K, committed 4884K, reserved 1048576K
2016-10-24T05:58:05.081+0800: 151.670: [GC (Allocation Failure) 2016-10-24T05:58:05.081+0800: 151.670: [ParNew
Desired survivor size 20112992 bytes, new threshold 8 (max 8)
- age   1:    1938176 bytes,    1938176 total
- age   5:     589312 bytes,    2527488 total
- age   6:    4123904 bytes,    6651392 total
- age   7:    2502032 bytes,    9153424 total
- age   8:    1452152 bytes,   10605576 total
: 105069K->12838K(109248K), 0.0241777 secs] 292152K->204981K(502464K), 0.0243957 secs] [Times: user=0.10 sys=0.01, real=0.02 secs] 
Heap after GC invocations=111 (full 6):
 par new generation   total 109248K, used 12838K [0x00000007a0000000, 0x00000007a8000000, 0x00000007a8000000)
  eden space 87424K,   0% used [0x00000007a0000000, 0x00000007a0000000, 0x00000007a5560000)
  from space 21824K,  58% used [0x00000007a6ab0000, 0x00000007a7739b98, 0x00000007a8000000)
  to   space 21824K,   0% used [0x00000007a5560000, 0x00000007a5560000, 0x00000007a6ab0000)
 concurrent mark-sweep generation total 393216K, used 192142K [0x00000007a8000000, 0x00000007c0000000, 0x00000007c0000000)
 Metaspace       used 39389K, capacity 40002K, committed 40456K, reserved 1085440K
  class space    used 4662K, capacity 4826K, committed 4884K, reserved 1048576K
}
2016-10-24T05:58:05.105+0800: 151.694: Total time for which application threads were stopped: 0.0246225 seconds, Stopping threads took: 0.0000828 seconds
2016-10-24T05:58:05.122+0800: 151.711: Total time for which application threads were stopped: 0.0001116 seconds, Stopping threads took: 0.0000333 seconds
2016-10-24T05:58:05.122+0800: 151.711: Total time for which application threads were stopped: 0.0000439 seconds, Stopping threads took: 0.0000072 seconds
2016-10-24T05:58:05.122+0800: 151.711: Total time for which application threads were stopped: 0.0000557 seconds, Stopping threads took: 0.0000094 seconds
2016-10-24T05:58:05.122+0800: 151.711: Total time for which application threads were stopped: 0.0000578 seconds, Stopping threads took: 0.0000206 seconds
{Heap before GC invocations=111 (full 6):
 par new generation   total 109248K, used 100262K [0x00000007a0000000, 0x00000007a8000000, 0x00000007a8000000)
  eden space 87424K, 100% used [0x00000007a0000000, 0x00000007a5560000, 0x00000007a5560000)
  from space 21824K,  58% used [0x00000007a6ab0000, 0x00000007a7739b98, 0x00000007a8000000)
  to   space 21824K,   0% used [0x00000007a5560000, 0x00000007a5560000, 0x00000007a6ab0000)
 concurrent mark-sweep generation total 393216K, used 192142K [0x00000007a8000000, 0x00000007c0000000, 0x00000007c0000000)
 Metaspace       used 39394K, capacity 40002K, committed 40456K, reserved 1085440K
  class space    used 4662K, capacity 4826K, committed 4884K, reserved 1048576K
2016-10-24T05:58:05.386+0800: 151.975: [GC (Allocation Failure) 2016-10-24T05:58:05.386+0800: 151.975: [ParNew
Desired survivor size 20112992 bytes, new threshold 8 (max 8)
- age   1:    5482224 bytes,    5482224 total
- age   2:    1181416 bytes,    6663640 total
- age   6:     588512 bytes,    7252152 total
- age   7:    4123904 bytes,   11376056 total
- age   8:    2502032 bytes,   13878088 total
: 100262K->17297K(109248K), 0.0176713 secs] 292405K->210884K(502464K), 0.0177317 secs] [Times: user=0.08 sys=0.00, real=0.02 secs] 
Heap after GC invocations=112 (full 6):
 par new generation   total 109248K, used 17297K [0x00000007a0000000, 0x00000007a8000000, 0x00000007a8000000)
  eden space 87424K,   0% used [0x00000007a0000000, 0x00000007a0000000, 0x00000007a5560000)
  from space 21824K,  79% used [0x00000007a5560000, 0x00000007a6644590, 0x00000007a6ab0000)
  to   space 21824K,   0% used [0x00000007a6ab0000, 0x00000007a6ab0000, 0x00000007a8000000)
 concurrent mark-sweep generation total 393216K, used 193586K [0x00000007a8000000, 0x00000007c0000000, 0x00000007c0000000)
 Metaspace       used 39394K, capacity 40002K, committed 40456K, reserved 1085440K
  class space    used 4662K, capacity 4826K, committed 4884K, reserved 1048576K
}
2016-10-24T05:58:05.403+0800: 151.992: Total time for which application threads were stopped: 0.0178759 seconds, Stopping threads took: 0.0000187 seconds
{Heap before GC invocations=112 (full 6):
 par new generation   total 109248K, used 104721K [0x00000007a0000000, 0x00000007a8000000, 0x00000007a8000000)
  eden space 87424K, 100% used [0x00000007a0000000, 0x00000007a5560000, 0x00000007a5560000)
  from space 21824K,  79% used [0x00000007a5560000, 0x00000007a6644590, 0x00000007a6ab0000)
  to   space 21824K,   0% used [0x00000007a6ab0000, 0x00000007a6ab0000, 0x00000007a8000000)
 concurrent mark-sweep generation total 393216K, used 193586K [0x00000007a8000000, 0x00000007c0000000, 0x00000007c0000000)
 Metaspace       used 39394K, capacity 40002K, committed 40456K, reserved 1085440K
  class space    used 4662K, capacity 4826K, committed 4884K, reserved 1048576K
2016-10-24T05:58:05.625+0800: 152.214: [GC (Allocation Failure) 2016-10-24T05:58:05.625+0800: 152.214: [ParNew
Desired survivor size 20112992 bytes, new threshold 8 (max 8)
- age   1:    6717136 bytes,    6717136 total
- age   2:    4316656 bytes,   11033792 total
- age   3:    1179056 bytes,   12212848 total
- age   7:     588512 bytes,   12801360 total
- age   8:    4123904 bytes,   16925264 total
: 104721K->21569K(109248K), 0.0132110 secs] 298308K->217637K(502464K), 0.0132627 secs] [Times: user=0.05 sys=0.00, real=0.01 secs] 
Heap after GC invocations=113 (full 6):
 par new generation   total 109248K, used 21569K [0x00000007a0000000, 0x00000007a8000000, 0x00000007a8000000)
  eden space 87424K,   0% used [0x00000007a0000000, 0x00000007a0000000, 0x00000007a5560000)
  from space 21824K,  98% used [0x00000007a6ab0000, 0x00000007a7fc0660, 0x00000007a8000000)
  to   space 21824K,   0% used [0x00000007a5560000, 0x00000007a5560000, 0x00000007a6ab0000)
 concurrent mark-sweep generation total 393216K, used 196067K [0x00000007a8000000, 0x00000007c0000000, 0x00000007c0000000)
 Metaspace       used 39394K, capacity 40002K, committed 40456K, reserved 1085440K
  class space    used 4662K, capacity 4826K, committed 4884K, reserved 1048576K
}
2016-10-24T05:58:05.638+0800: 152.227: Total time for which application threads were stopped: 0.0134392 seconds, Stopping threads took: 0.0000282 seconds
{Heap before GC invocations=113 (full 6):
 par new generation   total 109248K, used 108993K [0x00000007a0000000, 0x00000007a8000000, 0x00000007a8000000)
  eden space 87424K, 100% used [0x00000007a0000000, 0x00000007a5560000, 0x00000007a5560000)
  from space 21824K,  98% used [0x00000007a6ab0000, 0x00000007a7fc0660, 0x00000007a8000000)
  to   space 21824K,   0% used [0x00000007a5560000, 0x00000007a5560000, 0x00000007a6ab0000)
 concurrent mark-sweep generation total 393216K, used 196067K [0x00000007a8000000, 0x00000007c0000000, 0x00000007c0000000)
 Metaspace       used 39394K, capacity 40002K, committed 40456K, reserved 1085440K
  class space    used 4662K, capacity 4826K, committed 4884K, reserved 1048576K
2016-10-24T05:58:05.876+0800: 152.466: [GC (Allocation Failure) 2016-10-24T05:58:05.876+0800: 152.466: [ParNew
Desired survivor size 20112992 bytes, new threshold 8 (max 8)
- age   1:    6841736 bytes,    6841736 total
- age   2:    5031920 bytes,   11873656 total
- age   3:    4307440 bytes,   16181096 total
- age   4:    1178888 bytes,   17359984 total
- age   8:     588512 bytes,   17948496 total
: 108993K->21824K(109248K), 0.0128682 secs] 305061K->221948K(502464K), 0.0129590 secs] [Times: user=0.05 sys=0.00, real=0.01 secs] 
Heap after GC invocations=114 (full 6):
 par new generation   total 109248K, used 21824K [0x00000007a0000000, 0x00000007a8000000, 0x00000007a8000000)
  eden space 87424K,   0% used [0x00000007a0000000, 0x00000007a0000000, 0x00000007a5560000)
  from space 21824K, 100% used [0x00000007a5560000, 0x00000007a6ab0000, 0x00000007a6ab0000)
  to   space 21824K,   0% used [0x00000007a6ab0000, 0x00000007a6ab0000, 0x00000007a8000000)
 concurrent mark-sweep generation total 393216K, used 200124K [0x00000007a8000000, 0x00000007c0000000, 0x00000007c0000000)
 Metaspace       used 39394K, capacity 40002K, committed 40456K, reserved 1085440K
  class space    used 4662K, capacity 4826K, committed 4884K, reserved 1048576K
}
2016-10-24T05:58:05.889+0800: 152.479: Total time for which application threads were stopped: 0.0131497 seconds, Stopping threads took: 0.0000544 seconds
2016-10-24T05:58:05.890+0800: 152.479: [GC (CMS Initial Mark) [1 CMS-initial-mark: 200124K(393216K)] 223677K(502464K), 0.0030411 secs] [Times: user=0.01 sys=0.00, real=0.00 secs] 
2016-10-24T05:58:05.893+0800: 152.482: Total time for which application threads were stopped: 0.0032105 seconds, Stopping threads took: 0.0000835 seconds
2016-10-24T05:58:05.893+0800: 152.482: [CMS-concurrent-mark-start]
2016-10-24T05:58:05.904+0800: 152.493: [CMS-concurrent-mark: 0.011/0.011 secs] [Times: user=0.05 sys=0.00, real=0.01 secs] 
2016-10-24T05:58:05.904+0800: 152.493: [CMS-concurrent-preclean-start]
2016-10-24T05:58:05.905+0800: 152.494: [CMS-concurrent-preclean: 0.001/0.001 secs] [Times: user=0.00 sys=0.00, real=0.00 secs] 
2016-10-24T05:58:05.905+0800: 152.494: [CMS-concurrent-abortable-preclean-start]
{Heap before GC invocations=114 (full 7):
 par new generation   total 109248K, used 109248K [0x00000007a0000000, 0x00000007a8000000, 0x00000007a8000000)
  eden space 87424K, 100% used [0x00000007a0000000, 0x00000007a5560000, 0x00000007a5560000)
  from space 21824K, 100% used [0x00000007a5560000, 0x00000007a6ab0000, 0x00000007a6ab0000)
  to   space 21824K,   0% used [0x00000007a6ab0000, 0x00000007a6ab0000, 0x00000007a8000000)
 concurrent mark-sweep generation total 393216K, used 200124K [0x00000007a8000000, 0x00000007c0000000, 0x00000007c0000000)
 Metaspace       used 39394K, capacity 40002K, committed 40456K, reserved 1085440K
  class space    used 4662K, capacity 4826K, committed 4884K, reserved 1048576K
2016-10-24T05:58:06.145+0800: 152.734: [GC (Allocation Failure) 2016-10-24T05:58:06.145+0800: 152.734: [ParNew
Desired survivor size 20112992 bytes, new threshold 4 (max 8)
- age   1:    7860168 bytes,    7860168 total
- age   2:    4809808 bytes,   12669976 total
- age   3:    4146024 bytes,   16816000 total
- age   4:    4061672 bytes,   20877672 total
- age   5:    1153088 bytes,   22030760 total
: 109248K->21824K(109248K), 0.0132010 secs] 309372K->223566K(502464K), 0.0132739 secs] [Times: user=0.05 sys=0.00, real=0.01 secs] 
Heap after GC invocations=115 (full 7):
 par new generation   total 109248K, used 21824K [0x00000007a0000000, 0x00000007a8000000, 0x00000007a8000000)
  eden space 87424K,   0% used [0x00000007a0000000, 0x00000007a0000000, 0x00000007a5560000)
  from space 21824K, 100% used [0x00000007a6ab0000, 0x00000007a8000000, 0x00000007a8000000)
  to   space 21824K,   0% used [0x00000007a5560000, 0x00000007a5560000, 0x00000007a6ab0000)
 concurrent mark-sweep generation total 393216K, used 201742K [0x00000007a8000000, 0x00000007c0000000, 0x00000007c0000000)
 Metaspace       used 39394K, capacity 40002K, committed 40456K, reserved 1085440K
  class space    used 4662K, capacity 4826K, committed 4884K, reserved 1048576K
}
2016-10-24T05:58:06.158+0800: 152.747: Total time for which application threads were stopped: 0.0134320 seconds, Stopping threads took: 0.0000303 seconds
2016-10-24T05:58:06.163+0800: 152.752: [CMS-concurrent-abortable-preclean: 0.141/0.258 secs] [Times: user=0.43 sys=0.00, real=0.26 secs] 
2016-10-24T05:58:06.163+0800: 152.752: [GC (CMS Final Remark) [YG occupancy: 23559 K (109248 K)]{Heap before GC invocations=115 (full 7):
 par new generation   total 109248K, used 23559K [0x00000007a0000000, 0x00000007a8000000, 0x00000007a8000000)
  eden space 87424K,   1% used [0x00000007a0000000, 0x00000007a01b1cd8, 0x00000007a5560000)
  from space 21824K, 100% used [0x00000007a6ab0000, 0x00000007a8000000, 0x00000007a8000000)
  to   space 21824K,   0% used [0x00000007a5560000, 0x00000007a5560000, 0x00000007a6ab0000)
 concurrent mark-sweep generation total 393216K, used 201742K [0x00000007a8000000, 0x00000007c0000000, 0x00000007c0000000)
 Metaspace       used 39394K, capacity 40002K, committed 40456K, reserved 1085440K
  class space    used 4662K, capacity 4826K, committed 4884K, reserved 1048576K
2016-10-24T05:58:06.163+0800: 152.752: [GC (CMS Final Remark) 2016-10-24T05:58:06.163+0800: 152.752: [ParNew
Desired survivor size 20112992 bytes, new threshold 8 (max 8)
- age   1:     246576 bytes,     246576 total
- age   2:    7713000 bytes,    7959576 total
- age   3:    4803832 bytes,   12763408 total
- age   4:    4139832 bytes,   16903240 total
: 23559K->21824K(109248K), 0.0118782 secs] 225302K->228791K(502464K), 0.0119320 secs] [Times: user=0.04 sys=0.00, real=0.01 secs] 
Heap after GC invocations=116 (full 7):
 par new generation   total 109248K, used 21824K [0x00000007a0000000, 0x00000007a8000000, 0x00000007a8000000)
  eden space 87424K,   0% used [0x00000007a0000000, 0x00000007a0000000, 0x00000007a5560000)
  from space 21824K, 100% used [0x00000007a5560000, 0x00000007a6ab0000, 0x00000007a6ab0000)
  to   space 21824K,   0% used [0x00000007a6ab0000, 0x00000007a6ab0000, 0x00000007a8000000)
 concurrent mark-sweep generation total 393216K, used 206967K [0x00000007a8000000, 0x00000007c0000000, 0x00000007c0000000)
 Metaspace       used 39394K, capacity 40002K, committed 40456K, reserved 1085440K
  class space    used 4662K, capacity 4826K, committed 4884K, reserved 1048576K
}
2016-10-24T05:58:06.175+0800: 152.764: [Rescan (parallel) , 0.0040483 secs]2016-10-24T05:58:06.179+0800: 152.768: [weak refs processing, 0.0010101 secs]2016-10-24T05:58:06.180+0800: 152.769: [class unloading, 0.0071087 secs]2016-10-24T05:58:06.187+0800: 152.776: [scrub symbol table, 0.0089952 secs]2016-10-24T05:58:06.196+0800: 152.785: [scrub string table, 0.0005882 secs][1 CMS-remark: 206967K(393216K)] 228791K(502464K), 0.0339419 secs] [Times: user=0.08 sys=0.00, real=0.03 secs] 
2016-10-24T05:58:06.197+0800: 152.786: Total time for which application threads were stopped: 0.0341167 seconds, Stopping threads took: 0.0000589 seconds
2016-10-24T05:58:06.197+0800: 152.786: [CMS-concurrent-sweep-start]
2016-10-24T05:58:06.313+0800: 152.902: [CMS-concurrent-sweep: 0.116/0.116 secs] [Times: user=0.23 sys=0.00, real=0.12 secs] 
2016-10-24T05:58:06.313+0800: 152.902: [CMS-concurrent-reset-start]
2016-10-24T05:58:06.313+0800: 152.902: [CMS-concurrent-reset: 0.000/0.000 secs] [Times: user=0.00 sys=0.00, real=0.00 secs] 
{Heap before GC invocations=116 (full 7):
 par new generation   total 109248K, used 109248K [0x00000007a0000000, 0x00000007a8000000, 0x00000007a8000000)
  eden space 87424K, 100% used [0x00000007a0000000, 0x00000007a5560000, 0x00000007a5560000)
  from space 21824K, 100% used [0x00000007a5560000, 0x00000007a6ab0000, 0x00000007a6ab0000)
  to   space 21824K,   0% used [0x00000007a6ab0000, 0x00000007a6ab0000, 0x00000007a8000000)
 concurrent mark-sweep generation total 393216K, used 69290K [0x00000007a8000000, 0x00000007c0000000, 0x00000007c0000000)
 Metaspace       used 39394K, capacity 40002K, committed 40456K, reserved 1085440K
  class space    used 4662K, capacity 4826K, committed 4884K, reserved 1048576K
2016-10-24T05:58:06.455+0800: 153.044: [GC (Allocation Failure) 2016-10-24T05:58:06.455+0800: 153.044: [ParNew
Desired survivor size 20112992 bytes, new threshold 5 (max 8)
- age   1:    8611624 bytes,    8611624 total
- age   2:     115712 bytes,    8727336 total
- age   3:    5135032 bytes,   13862368 total
- age   4:    3702000 bytes,   17564368 total
- age   5:    3833288 bytes,   21397656 total
: 109248K->21824K(109248K), 0.0127999 secs] 178538K->92422K(502464K), 0.0128601 secs] [Times: user=0.05 sys=0.00, real=0.01 secs] 
Heap after GC invocations=117 (full 7):
 par new generation   total 109248K, used 21824K [0x00000007a0000000, 0x00000007a8000000, 0x00000007a8000000)
  eden space 87424K,   0% used [0x00000007a0000000, 0x00000007a0000000, 0x00000007a5560000)
  from space 21824K, 100% used [0x00000007a6ab0000, 0x00000007a8000000, 0x00000007a8000000)
  to   space 21824K,   0% used [0x00000007a5560000, 0x00000007a5560000, 0x00000007a6ab0000)
 concurrent mark-sweep generation total 393216K, used 70598K [0x00000007a8000000, 0x00000007c0000000, 0x00000007c0000000)
 Metaspace       used 39394K, capacity 40002K, committed 40456K, reserved 1085440K
  class space    used 4662K, capacity 4826K, committed 4884K, reserved 1048576K
}
2016-10-24T05:58:06.468+0800: 153.057: Total time for which application threads were stopped: 0.0130116 seconds, Stopping threads took: 0.0000263 seconds
{Heap before GC invocations=117 (full 7):
 par new generation   total 109248K, used 109248K [0x00000007a0000000, 0x00000007a8000000, 0x00000007a8000000)
  eden space 87424K, 100% used [0x00000007a0000000, 0x00000007a5560000, 0x00000007a5560000)
  from space 21824K, 100% used [0x00000007a6ab0000, 0x00000007a8000000, 0x00000007a8000000)
  to   space 21824K,   0% used [0x00000007a5560000, 0x00000007a5560000, 0x00000007a6ab0000)
 concurrent mark-sweep generation total 393216K, used 70598K [0x00000007a8000000, 0x00000007c0000000, 0x00000007c0000000)
 Metaspace       used 39394K, capacity 40002K, committed 40456K, reserved 1085440K
  class space    used 4662K, capacity 4826K, committed 4884K, reserved 1048576K
2016-10-24T05:58:06.725+0800: 153.314: [GC (Allocation Failure) 2016-10-24T05:58:06.725+0800: 153.314: [ParNew
Desired survivor size 20112992 bytes, new threshold 5 (max 8)
- age   1:    7395224 bytes,    7395224 total
- age   2:    5459352 bytes,   12854576 total
- age   3:     109424 bytes,   12964000 total
- age   4:    4855328 bytes,   17819328 total
- age   5:    3415048 bytes,   21234376 total
: 109248K->21824K(109248K), 0.0157821 secs] 179846K->97634K(502464K), 0.0158652 secs] [Times: user=0.06 sys=0.00, real=0.02 secs] 
Heap after GC invocations=118 (full 7):
 par new generation   total 109248K, used 21824K [0x00000007a0000000, 0x00000007a8000000, 0x00000007a8000000)
  eden space 87424K,   0% used [0x00000007a0000000, 0x00000007a0000000, 0x00000007a5560000)
  from space 21824K, 100% used [0x00000007a5560000, 0x00000007a6ab0000, 0x00000007a6ab0000)
  to   space 21824K,   0% used [0x00000007a6ab0000, 0x00000007a6ab0000, 0x00000007a8000000)
 concurrent mark-sweep generation total 393216K, used 75810K [0x00000007a8000000, 0x00000007c0000000, 0x00000007c0000000)
 Metaspace       used 39394K, capacity 40002K, committed 40456K, reserved 1085440K
  class space    used 4662K, capacity 4826K, committed 4884K, reserved 1048576K
}
2016-10-24T05:58:06.741+0800: 153.330: Total time for which application threads were stopped: 0.0160267 seconds, Stopping threads took: 0.0000284 seconds
{Heap before GC invocations=118 (full 7):
 par new generation   total 109248K, used 109248K [0x00000007a0000000, 0x00000007a8000000, 0x00000007a8000000)
  eden space 87424K, 100% used [0x00000007a0000000, 0x00000007a5560000, 0x00000007a5560000)
  from space 21824K, 100% used [0x00000007a5560000, 0x00000007a6ab0000, 0x00000007a6ab0000)
  to   space 21824K,   0% used [0x00000007a6ab0000, 0x00000007a6ab0000, 0x00000007a8000000)
 concurrent mark-sweep generation total 393216K, used 75810K [0x00000007a8000000, 0x00000007c0000000, 0x00000007c0000000)
 Metaspace       used 39394K, capacity 40002K, committed 40456K, reserved 1085440K
  class space    used 4662K, capacity 4826K, committed 4884K, reserved 1048576K
2016-10-24T05:58:07.024+0800: 153.614: [GC (Allocation Failure) 2016-10-24T05:58:07.025+0800: 153.614: [ParNew
Desired survivor size 20112992 bytes, new threshold 5 (max 8)
- age   1:    8923736 bytes,    8923736 total
- age   2:    3643440 bytes,   12567176 total
- age   3:    5198520 bytes,   17765696 total
- age   4:     104224 bytes,   17869920 total
- age   5:    3548320 bytes,   21418240 total
: 109248K->21824K(109248K), 0.0172989 secs] 185058K->103301K(502464K), 0.0173555 secs] [Times: user=0.06 sys=0.01, real=0.02 secs] 
Heap after GC invocations=119 (full 7):
 par new generation   total 109248K, used 21824K [0x00000007a0000000, 0x00000007a8000000, 0x00000007a8000000)
  eden space 87424K,   0% used [0x00000007a0000000, 0x00000007a0000000, 0x00000007a5560000)
  from space 21824K, 100% used [0x00000007a6ab0000, 0x00000007a8000000, 0x00000007a8000000)
  to   space 21824K,   0% used [0x00000007a5560000, 0x00000007a5560000, 0x00000007a6ab0000)
 concurrent mark-sweep generation total 393216K, used 81477K [0x00000007a8000000, 0x00000007c0000000, 0x00000007c0000000)
 Metaspace       used 39394K, capacity 40002K, committed 40456K, reserved 1085440K
  class space    used 4662K, capacity 4826K, committed 4884K, reserved 1048576K
}
2016-10-24T05:58:07.042+0800: 153.631: Total time for which application threads were stopped: 0.0175170 seconds, Stopping threads took: 0.0000206 seconds
{Heap before GC invocations=119 (full 7):
 par new generation   total 109248K, used 109248K [0x00000007a0000000, 0x00000007a8000000, 0x00000007a8000000)
  eden space 87424K, 100% used [0x00000007a0000000, 0x00000007a5560000, 0x00000007a5560000)
  from space 21824K, 100% used [0x00000007a6ab0000, 0x00000007a8000000, 0x00000007a8000000)
  to   space 21824K,   0% used [0x00000007a5560000, 0x00000007a5560000, 0x00000007a6ab0000)
 concurrent mark-sweep generation total 393216K, used 81477K [0x00000007a8000000, 0x00000007c0000000, 0x00000007c0000000)
 Metaspace       used 39394K, capacity 40002K, committed 40456K, reserved 1085440K
  class space    used 4662K, capacity 4826K, committed 4884K, reserved 1048576K
2016-10-24T05:58:07.316+0800: 153.905: [GC (Allocation Failure) 2016-10-24T05:58:07.316+0800: 153.905: [ParNew
Desired survivor size 20112992 bytes, new threshold 8 (max 8)
- age   1:    6050384 bytes,    6050384 total
- age   2:    4931352 bytes,   10981736 total
- age   3:    3218776 bytes,   14200512 total
- age   4:    4979104 bytes,   19179616 total
- age   5:     101600 bytes,   19281216 total
: 109248K->21824K(109248K), 0.0165853 secs] 190725K->111445K(502464K), 0.0166541 secs] [Times: user=0.06 sys=0.00, real=0.02 secs] 
Heap after GC invocations=120 (full 7):
 par new generation   total 109248K, used 21824K [0x00000007a0000000, 0x00000007a8000000, 0x00000007a8000000)
  eden space 87424K,   0% used [0x00000007a0000000, 0x00000007a0000000, 0x00000007a5560000)
  from space 21824K, 100% used [0x00000007a5560000, 0x00000007a6ab0000, 0x00000007a6ab0000)
  to   space 21824K,   0% used [0x00000007a6ab0000, 0x00000007a6ab0000, 0x00000007a8000000)
 concurrent mark-sweep generation total 393216K, used 89621K [0x00000007a8000000, 0x00000007c0000000, 0x00000007c0000000)
 Metaspace       used 39394K, capacity 40002K, committed 40456K, reserved 1085440K
  class space    used 4662K, capacity 4826K, committed 4884K, reserved 1048576K
}
2016-10-24T05:58:07.333+0800: 153.922: Total time for which application threads were stopped: 0.0168093 seconds, Stopping threads took: 0.0000285 seconds
{Heap before GC invocations=120 (full 7):
 par new generation   total 109248K, used 109248K [0x00000007a0000000, 0x00000007a8000000, 0x00000007a8000000)
  eden space 87424K, 100% used [0x00000007a0000000, 0x00000007a5560000, 0x00000007a5560000)
  from space 21824K, 100% used [0x00000007a5560000, 0x00000007a6ab0000, 0x00000007a6ab0000)
  to   space 21824K,   0% used [0x00000007a6ab0000, 0x00000007a6ab0000, 0x00000007a8000000)
 concurrent mark-sweep generation total 393216K, used 89621K [0x00000007a8000000, 0x00000007c0000000, 0x00000007c0000000)
 Metaspace       used 39394K, capacity 40002K, committed 40456K, reserved 1085440K
  class space    used 4662K, capacity 4826K, committed 4884K, reserved 1048576K
2016-10-24T05:58:07.606+0800: 154.195: [GC (Allocation Failure) 2016-10-24T05:58:07.606+0800: 154.195: [ParNew
Desired survivor size 20112992 bytes, new threshold 5 (max 8)
- age   1:    5703784 bytes,    5703784 total
- age   2:    4048384 bytes,    9752168 total
- age   3:    4736752 bytes,   14488920 total
- age   4:    2422296 bytes,   16911216 total
- age   5:    4497216 bytes,   21408432 total
- age   6:     100000 bytes,   21508432 total
: 109248K->21824K(109248K), 0.0176937 secs] 198869K->116766K(502464K), 0.0177549 secs] [Times: user=0.06 sys=0.00, real=0.02 secs] 
Heap after GC invocations=121 (full 7):
 par new generation   total 109248K, used 21824K [0x00000007a0000000, 0x00000007a8000000, 0x00000007a8000000)
  eden space 87424K,   0% used [0x00000007a0000000, 0x00000007a0000000, 0x00000007a5560000)
  from space 21824K, 100% used [0x00000007a6ab0000, 0x00000007a8000000, 0x00000007a8000000)
  to   space 21824K,   0% used [0x00000007a5560000, 0x00000007a5560000, 0x00000007a6ab0000)
 concurrent mark-sweep generation total 393216K, used 94942K [0x00000007a8000000, 0x00000007c0000000, 0x00000007c0000000)
 Metaspace       used 39394K, capacity 40002K, committed 40456K, reserved 1085440K
  class space    used 4662K, capacity 4826K, committed 4884K, reserved 1048576K
}
2016-10-24T05:58:07.624+0800: 154.213: Total time for which application threads were stopped: 0.0179080 seconds, Stopping threads took: 0.0000278 seconds
{Heap before GC invocations=121 (full 7):
 par new generation   total 109248K, used 109248K [0x00000007a0000000, 0x00000007a8000000, 0x00000007a8000000)
  eden space 87424K, 100% used [0x00000007a0000000, 0x00000007a5560000, 0x00000007a5560000)
  from space 21824K, 100% used [0x00000007a6ab0000, 0x00000007a8000000, 0x00000007a8000000)
  to   space 21824K,   0% used [0x00000007a5560000, 0x00000007a5560000, 0x00000007a6ab0000)
 concurrent mark-sweep generation total 393216K, used 94942K [0x00000007a8000000, 0x00000007c0000000, 0x00000007c0000000)
 Metaspace       used 39394K, capacity 40002K, committed 40456K, reserved 1085440K
  class space    used 4662K, capacity 4826K, committed 4884K, reserved 1048576K
2016-10-24T05:58:07.898+0800: 154.488: [GC (Allocation Failure) 2016-10-24T05:58:07.898+0800: 154.488: [ParNew
Desired survivor size 20112992 bytes, new threshold 5 (max 8)
- age   1:    6986992 bytes,    6986992 total
- age   2:    3287176 bytes,   10274168 total
- age   3:    3636248 bytes,   13910416 total
- age   4:    4411776 bytes,   18322192 total
- age   5:    2125824 bytes,   20448016 total
: 109248K->21824K(109248K), 0.0182610 secs] 204190K->125002K(502464K), 0.0183414 secs] [Times: user=0.07 sys=0.00, real=0.02 secs] 
Heap after GC invocations=122 (full 7):
 par new generation   total 109248K, used 21824K [0x00000007a0000000, 0x00000007a8000000, 0x00000007a8000000)
  eden space 87424K,   0% used [0x00000007a0000000, 0x00000007a0000000, 0x00000007a5560000)
  from space 21824K, 100% used [0x00000007a5560000, 0x00000007a6ab0000, 0x00000007a6ab0000)
  to   space 21824K,   0% used [0x00000007a6ab0000, 0x00000007a6ab0000, 0x00000007a8000000)
 concurrent mark-sweep generation total 393216K, used 103178K [0x00000007a8000000, 0x00000007c0000000, 0x00000007c0000000)
 Metaspace       used 39394K, capacity 40002K, committed 40456K, reserved 1085440K
  class space    used 4662K, capacity 4826K, committed 4884K, reserved 1048576K
}
2016-10-24T05:58:07.917+0800: 154.506: Total time for which application threads were stopped: 0.0185081 seconds, Stopping threads took: 0.0000204 seconds
{Heap before GC invocations=122 (full 7):
 par new generation   total 109248K, used 109248K [0x00000007a0000000, 0x00000007a8000000, 0x00000007a8000000)
  eden space 87424K, 100% used [0x00000007a0000000, 0x00000007a5560000, 0x00000007a5560000)
  from space 21824K, 100% used [0x00000007a5560000, 0x00000007a6ab0000, 0x00000007a6ab0000)
  to   space 21824K,   0% used [0x00000007a6ab0000, 0x00000007a6ab0000, 0x00000007a8000000)
 concurrent mark-sweep generation total 393216K, used 103178K [0x00000007a8000000, 0x00000007c0000000, 0x00000007c0000000)
 Metaspace       used 39394K, capacity 40002K, committed 40456K, reserved 1085440K
  class space    used 4662K, capacity 4826K, committed 4884K, reserved 1048576K
2016-10-24T05:58:08.202+0800: 154.791: [GC (Allocation Failure) 2016-10-24T05:58:08.202+0800: 154.791: [ParNew
Desired survivor size 20112992 bytes, new threshold 5 (max 8)
- age   1:    7708600 bytes,    7708600 total
- age   2:    4155232 bytes,   11863832 total
- age   3:    2775912 bytes,   14639744 total
- age   4:    3180800 bytes,   17820544 total
- age   5:    4029928 bytes,   21850472 total
: 109248K->21824K(109248K), 0.0221416 secs] 212426K->133729K(502464K), 0.0222106 secs] [Times: user=0.08 sys=0.00, real=0.02 secs] 
Heap after GC invocations=123 (full 7):
 par new generation   total 109248K, used 21824K [0x00000007a0000000, 0x00000007a8000000, 0x00000007a8000000)
  eden space 87424K,   0% used [0x00000007a0000000, 0x00000007a0000000, 0x00000007a5560000)
  from space 21824K, 100% used [0x00000007a6ab0000, 0x00000007a8000000, 0x00000007a8000000)
  to   space 21824K,   0% used [0x00000007a5560000, 0x00000007a5560000, 0x00000007a6ab0000)
 concurrent mark-sweep generation total 393216K, used 111905K [0x00000007a8000000, 0x00000007c0000000, 0x00000007c0000000)
 Metaspace       used 39394K, capacity 40002K, committed 40456K, reserved 1085440K
  class space    used 4662K, capacity 4826K, committed 4884K, reserved 1048576K
}
2016-10-24T05:58:08.224+0800: 154.813: Total time for which application threads were stopped: 0.0223860 seconds, Stopping threads took: 0.0000259 seconds
{Heap before GC invocations=123 (full 7):
 par new generation   total 109248K, used 109248K [0x00000007a0000000, 0x00000007a8000000, 0x00000007a8000000)
  eden space 87424K, 100% used [0x00000007a0000000, 0x00000007a5560000, 0x00000007a5560000)
  from space 21824K, 100% used [0x00000007a6ab0000, 0x00000007a8000000, 0x00000007a8000000)
  to   space 21824K,   0% used [0x00000007a5560000, 0x00000007a5560000, 0x00000007a6ab0000)
 concurrent mark-sweep generation total 393216K, used 111905K [0x00000007a8000000, 0x00000007c0000000, 0x00000007c0000000)
 Metaspace       used 39394K, capacity 40002K, committed 40456K, reserved 1085440K
  class space    used 4662K, capacity 4826K, committed 4884K, reserved 1048576K
2016-10-24T05:58:08.530+0800: 155.119: [GC (Allocation Failure) 2016-10-24T05:58:08.530+0800: 155.119: [ParNew
Desired survivor size 20112992 bytes, new threshold 5 (max 8)
- age   1:    4400256 bytes,    4400256 total
- age   2:    7368720 bytes,   11768976 total
- age   3:    3986208 bytes,   15755184 total
- age   4:    2645136 bytes,   18400320 total
- age   5:    3078600 bytes,   21478920 total
: 109248K->21824K(109248K), 0.0189161 secs] 221153K->140169K(502464K), 0.0190037 secs] [Times: user=0.07 sys=0.00, real=0.01 secs] 
Heap after GC invocations=124 (full 7):
 par new generation   total 109248K, used 21824K [0x00000007a0000000, 0x00000007a8000000, 0x00000007a8000000)
  eden space 87424K,   0% used [0x00000007a0000000, 0x00000007a0000000, 0x00000007a5560000)
  from space 21824K, 100% used [0x00000007a5560000, 0x00000007a6ab0000, 0x00000007a6ab0000)
  to   space 21824K,   0% used [0x00000007a6ab0000, 0x00000007a6ab0000, 0x00000007a8000000)
 concurrent mark-sweep generation total 393216K, used 118345K [0x00000007a8000000, 0x00000007c0000000, 0x00000007c0000000)
 Metaspace       used 39394K, capacity 40002K, committed 40456K, reserved 1085440K
  class space    used 4662K, capacity 4826K, committed 4884K, reserved 1048576K
}
2016-10-24T05:58:08.549+0800: 155.138: Total time for which application threads were stopped: 0.0191635 seconds, Stopping threads took: 0.0000216 seconds
{Heap before GC invocations=124 (full 7):
 par new generation   total 109248K, used 109248K [0x00000007a0000000, 0x00000007a8000000, 0x00000007a8000000)
  eden space 87424K, 100% used [0x00000007a0000000, 0x00000007a5560000, 0x00000007a5560000)
  from space 21824K, 100% used [0x00000007a5560000, 0x00000007a6ab0000, 0x00000007a6ab0000)
  to   space 21824K,   0% used [0x00000007a6ab0000, 0x00000007a6ab0000, 0x00000007a8000000)
 concurrent mark-sweep generation total 393216K, used 118345K [0x00000007a8000000, 0x00000007c0000000, 0x00000007c0000000)
 Metaspace       used 39394K, capacity 40002K, committed 40456K, reserved 1085440K
  class space    used 4662K, capacity 4826K, committed 4884K, reserved 1048576K
2016-10-24T05:58:08.809+0800: 155.398: [GC (Allocation Failure) 2016-10-24T05:58:08.809+0800: 155.398: [ParNew
Desired survivor size 20112992 bytes, new threshold 5 (max 8)
- age   1:    6509632 bytes,    6509632 total
- age   2:    3848256 bytes,   10357888 total
- age   3:    4855880 bytes,   15213768 total
- age   4:    3914352 bytes,   19128120 total
- age   5:    2588088 bytes,   21716208 total
: 109248K->21824K(109248K), 0.0177376 secs] 227593K->148321K(502464K), 0.0178142 secs] [Times: user=0.06 sys=0.00, real=0.02 secs] 
Heap after GC invocations=125 (full 7):
 par new generation   total 109248K, used 21824K [0x00000007a0000000, 0x00000007a8000000, 0x00000007a8000000)
  eden space 87424K,   0% used [0x00000007a0000000, 0x00000007a0000000, 0x00000007a5560000)
  from space 21824K, 100% used [0x00000007a6ab0000, 0x00000007a8000000, 0x00000007a8000000)
  to   space 21824K,   0% used [0x00000007a5560000, 0x00000007a5560000, 0x00000007a6ab0000)
 concurrent mark-sweep generation total 393216K, used 126497K [0x00000007a8000000, 0x00000007c0000000, 0x00000007c0000000)
 Metaspace       used 39394K, capacity 40002K, committed 40456K, reserved 1085440K
  class space    used 4662K, capacity 4826K, committed 4884K, reserved 1048576K
}
2016-10-24T05:58:08.827+0800: 155.416: Total time for which application threads were stopped: 0.0179899 seconds, Stopping threads took: 0.0000244 seconds
{Heap before GC invocations=125 (full 7):
 par new generation   total 109248K, used 109248K [0x00000007a0000000, 0x00000007a8000000, 0x00000007a8000000)
  eden space 87424K, 100% used [0x00000007a0000000, 0x00000007a5560000, 0x00000007a5560000)
  from space 21824K, 100% used [0x00000007a6ab0000, 0x00000007a8000000, 0x00000007a8000000)
  to   space 21824K,   0% used [0x00000007a5560000, 0x00000007a5560000, 0x00000007a6ab0000)
 concurrent mark-sweep generation total 393216K, used 126497K [0x00000007a8000000, 0x00000007c0000000, 0x00000007c0000000)
 Metaspace       used 39394K, capacity 40002K, committed 40456K, reserved 1085440K
  class space    used 4662K, capacity 4826K, committed 4884K, reserved 1048576K
2016-10-24T05:58:09.118+0800: 155.707: [GC (Allocation Failure) 2016-10-24T05:58:09.118+0800: 155.707: [ParNew
Desired survivor size 20112992 bytes, new threshold 5 (max 8)
- age   1:    9975080 bytes,    9975080 total
- age   2:    2865744 bytes,   12840824 total
- age   3:    2606488 bytes,   15447312 total
- age   4:    4600648 bytes,   20047960 total
- age   5:    2184232 bytes,   22232192 total
: 109248K->21824K(109248K), 0.0182479 secs] 235745K->159489K(502464K), 0.0183407 secs] [Times: user=0.06 sys=0.00, real=0.02 secs] 
Heap after GC invocations=126 (full 7):
 par new generation   total 109248K, used 21824K [0x00000007a0000000, 0x00000007a8000000, 0x00000007a8000000)
  eden space 87424K,   0% used [0x00000007a0000000, 0x00000007a0000000, 0x00000007a5560000)
  from space 21824K, 100% used [0x00000007a5560000, 0x00000007a6ab0000, 0x00000007a6ab0000)
  to   space 21824K,   0% used [0x00000007a6ab0000, 0x00000007a6ab0000, 0x00000007a8000000)
 concurrent mark-sweep generation total 393216K, used 137665K [0x00000007a8000000, 0x00000007c0000000, 0x00000007c0000000)
 Metaspace       used 39394K, capacity 40002K, committed 40456K, reserved 1085440K
  class space    used 4662K, capacity 4826K, committed 4884K, reserved 1048576K
}
2016-10-24T05:58:09.136+0800: 155.725: Total time for which application threads were stopped: 0.0185392 seconds, Stopping threads took: 0.0000286 seconds
{Heap before GC invocations=126 (full 7):
 par new generation   total 109248K, used 109248K [0x00000007a0000000, 0x00000007a8000000, 0x00000007a8000000)
  eden space 87424K, 100% used [0x00000007a0000000, 0x00000007a5560000, 0x00000007a5560000)
  from space 21824K, 100% used [0x00000007a5560000, 0x00000007a6ab0000, 0x00000007a6ab0000)
  to   space 21824K,   0% used [0x00000007a6ab0000, 0x00000007a6ab0000, 0x00000007a8000000)
 concurrent mark-sweep generation total 393216K, used 137665K [0x00000007a8000000, 0x00000007c0000000, 0x00000007c0000000)
 Metaspace       used 39394K, capacity 40002K, committed 40456K, reserved 1085440K
  class space    used 4662K, capacity 4826K, committed 4884K, reserved 1048576K
2016-10-24T05:58:09.409+0800: 155.998: [GC (Allocation Failure) 2016-10-24T05:58:09.409+0800: 155.998: [ParNew
Desired survivor size 20112992 bytes, new threshold 5 (max 8)
- age   1:    6046704 bytes,    6046704 total
- age   2:    8227552 bytes,   14274256 total
- age   3:    2407776 bytes,   16682032 total
- age   4:    2242728 bytes,   18924760 total
- age   5:    3421968 bytes,   22346728 total
: 109248K->21824K(109248K), 0.0198715 secs] 246913K->166713K(502464K), 0.0199241 secs] [Times: user=0.08 sys=0.00, real=0.02 secs] 
Heap after GC invocations=127 (full 7):
 par new generation   total 109248K, used 21824K [0x00000007a0000000, 0x00000007a8000000, 0x00000007a8000000)
  eden space 87424K,   0% used [0x00000007a0000000, 0x00000007a0000000, 0x00000007a5560000)
  from space 21824K, 100% used [0x00000007a6ab0000, 0x00000007a8000000, 0x00000007a8000000)
  to   space 21824K,   0% used [0x00000007a5560000, 0x00000007a5560000, 0x00000007a6ab0000)
 concurrent mark-sweep generation total 393216K, used 144889K [0x00000007a8000000, 0x00000007c0000000, 0x00000007c0000000)
 Metaspace       used 39394K, capacity 40002K, committed 40456K, reserved 1085440K
  class space    used 4662K, capacity 4826K, committed 4884K, reserved 1048576K
}
2016-10-24T05:58:09.429+0800: 156.018: Total time for which application threads were stopped: 0.0201017 seconds, Stopping threads took: 0.0000298 seconds
{Heap before GC invocations=127 (full 7):
 par new generation   total 109248K, used 109180K [0x00000007a0000000, 0x00000007a8000000, 0x00000007a8000000)
  eden space 87424K,  99% used [0x00000007a0000000, 0x00000007a554f168, 0x00000007a5560000)
  from space 21824K, 100% used [0x00000007a6ab0000, 0x00000007a8000000, 0x00000007a8000000)
  to   space 21824K,   0% used [0x00000007a5560000, 0x00000007a5560000, 0x00000007a6ab0000)
 concurrent mark-sweep generation total 393216K, used 144889K [0x00000007a8000000, 0x00000007c0000000, 0x00000007c0000000)
 Metaspace       used 39394K, capacity 40002K, committed 40456K, reserved 1085440K
  class space    used 4662K, capacity 4826K, committed 4884K, reserved 1048576K
2016-10-24T05:58:09.662+0800: 156.252: [GC (Allocation Failure) 2016-10-24T05:58:09.662+0800: 156.252: [ParNew
Desired survivor size 20112992 bytes, new threshold 5 (max 8)
- age   1:    5931960 bytes,    5931960 total
- age   2:    5742264 bytes,   11674224 total
- age   3:    6219664 bytes,   17893888 total
- age   4:    1410144 bytes,   19304032 total
- age   5:    2066304 bytes,   21370336 total
: 109180K->21824K(109248K), 0.0175555 secs] 254070K->177897K(502464K), 0.0176429 secs] [Times: user=0.06 sys=0.01, real=0.02 secs] 
Heap after GC invocations=128 (full 7):
 par new generation   total 109248K, used 21824K [0x00000007a0000000, 0x00000007a8000000, 0x00000007a8000000)
  eden space 87424K,   0% used [0x00000007a0000000, 0x00000007a0000000, 0x00000007a5560000)
  from space 21824K, 100% used [0x00000007a5560000, 0x00000007a6ab0000, 0x00000007a6ab0000)
  to   space 21824K,   0% used [0x00000007a6ab0000, 0x00000007a6ab0000, 0x00000007a8000000)
 concurrent mark-sweep generation total 393216K, used 156073K [0x00000007a8000000, 0x00000007c0000000, 0x00000007c0000000)
 Metaspace       used 39394K, capacity 40002K, committed 40456K, reserved 1085440K
  class space    used 4662K, capacity 4826K, committed 4884K, reserved 1048576K
}
2016-10-24T05:58:09.680+0800: 156.269: Total time for which application threads were stopped: 0.0178505 seconds, Stopping threads took: 0.0000290 seconds
{Heap before GC invocations=128 (full 7):
 par new generation   total 109248K, used 109248K [0x00000007a0000000, 0x00000007a8000000, 0x00000007a8000000)
  eden space 87424K, 100% used [0x00000007a0000000, 0x00000007a5560000, 0x00000007a5560000)
  from space 21824K, 100% used [0x00000007a5560000, 0x00000007a6ab0000, 0x00000007a6ab0000)
  to   space 21824K,   0% used [0x00000007a6ab0000, 0x00000007a6ab0000, 0x00000007a8000000)
 concurrent mark-sweep generation total 393216K, used 156073K [0x00000007a8000000, 0x00000007c0000000, 0x00000007c0000000)
 Metaspace       used 39394K, capacity 40002K, committed 40456K, reserved 1085440K
  class space    used 4662K, capacity 4826K, committed 4884K, reserved 1048576K
2016-10-24T05:58:09.955+0800: 156.544: [GC (Allocation Failure) 2016-10-24T05:58:09.955+0800: 156.544: [ParNew
Desired survivor size 20112992 bytes, new threshold 5 (max 8)
- age   1:    3670736 bytes,    3670736 total
- age   2:    4384176 bytes,    8054912 total
- age   3:    5614840 bytes,   13669752 total
- age   4:    6130216 bytes,   19799968 total
- age   5:    1315144 bytes,   21115112 total
: 109248K->21824K(109248K), 0.0177462 secs] 265321K->183443K(502464K), 0.0178181 secs] [Times: user=0.07 sys=0.00, real=0.02 secs] 
Heap after GC invocations=129 (full 7):
 par new generation   total 109248K, used 21824K [0x00000007a0000000, 0x00000007a8000000, 0x00000007a8000000)
  eden space 87424K,   0% used [0x00000007a0000000, 0x00000007a0000000, 0x00000007a5560000)
  from space 21824K, 100% used [0x00000007a6ab0000, 0x00000007a8000000, 0x00000007a8000000)
  to   space 21824K,   0% used [0x00000007a5560000, 0x00000007a5560000, 0x00000007a6ab0000)
 concurrent mark-sweep generation total 393216K, used 161619K [0x00000007a8000000, 0x00000007c0000000, 0x00000007c0000000)
 Metaspace       used 39394K, capacity 40002K, committed 40456K, reserved 1085440K
  class space    used 4662K, capacity 4826K, committed 4884K, reserved 1048576K
}
2016-10-24T05:58:09.972+0800: 156.562: Total time for which application threads were stopped: 0.0179756 seconds, Stopping threads took: 0.0000203 seconds
{Heap before GC invocations=129 (full 7):
 par new generation   total 109248K, used 109248K [0x00000007a0000000, 0x00000007a8000000, 0x00000007a8000000)
  eden space 87424K, 100% used [0x00000007a0000000, 0x00000007a5560000, 0x00000007a5560000)
  from space 21824K, 100% used [0x00000007a6ab0000, 0x00000007a8000000, 0x00000007a8000000)
  to   space 21824K,   0% used [0x00000007a5560000, 0x00000007a5560000, 0x00000007a6ab0000)
 concurrent mark-sweep generation total 393216K, used 161619K [0x00000007a8000000, 0x00000007c0000000, 0x00000007c0000000)
 Metaspace       used 39394K, capacity 40002K, committed 40456K, reserved 1085440K
  class space    used 4662K, capacity 4826K, committed 4884K, reserved 1048576K
2016-10-24T05:58:10.217+0800: 156.806: [GC (Allocation Failure) 2016-10-24T05:58:10.217+0800: 156.806: [ParNew
Desired survivor size 20112992 bytes, new threshold 5 (max 8)
- age   1:    7189400 bytes,    7189400 total
- age   2:    2339232 bytes,    9528632 total
- age   3:    1931480 bytes,   11460112 total
- age   4:    4953560 bytes,   16413672 total
- age   5:    5872152 bytes,   22285824 total
: 109248K->21824K(109248K), 0.0237656 secs] 270867K->195426K(502464K), 0.0238649 secs] [Times: user=0.09 sys=0.00, real=0.03 secs] 
Heap after GC invocations=130 (full 7):
 par new generation   total 109248K, used 21824K [0x00000007a0000000, 0x00000007a8000000, 0x00000007a8000000)
  eden space 87424K,   0% used [0x00000007a0000000, 0x00000007a0000000, 0x00000007a5560000)
  from space 21824K, 100% used [0x00000007a5560000, 0x00000007a6ab0000, 0x00000007a6ab0000)
  to   space 21824K,   0% used [0x00000007a6ab0000, 0x00000007a6ab0000, 0x00000007a8000000)
 concurrent mark-sweep generation total 393216K, used 173602K [0x00000007a8000000, 0x00000007c0000000, 0x00000007c0000000)
 Metaspace       used 39394K, capacity 40002K, committed 40456K, reserved 1085440K
  class space    used 4662K, capacity 4826K, committed 4884K, reserved 1048576K
}
2016-10-24T05:58:10.241+0800: 156.830: Total time for which application threads were stopped: 0.0240528 seconds, Stopping threads took: 0.0000237 seconds
{Heap before GC invocations=130 (full 7):
 par new generation   total 109248K, used 109248K [0x00000007a0000000, 0x00000007a8000000, 0x00000007a8000000)
  eden space 87424K, 100% used [0x00000007a0000000, 0x00000007a5560000, 0x00000007a5560000)
  from space 21824K, 100% used [0x00000007a5560000, 0x00000007a6ab0000, 0x00000007a6ab0000)
  to   space 21824K,   0% used [0x00000007a6ab0000, 0x00000007a6ab0000, 0x00000007a8000000)
 concurrent mark-sweep generation total 393216K, used 173602K [0x00000007a8000000, 0x00000007c0000000, 0x00000007c0000000)
 Metaspace       used 39394K, capacity 40002K, committed 40456K, reserved 1085440K
  class space    used 4662K, capacity 4826K, committed 4884K, reserved 1048576K
2016-10-24T05:58:10.519+0800: 157.108: [GC (Allocation Failure) 2016-10-24T05:58:10.519+0800: 157.108: [ParNew
Desired survivor size 20112992 bytes, new threshold 5 (max 8)
- age   1:    4501248 bytes,    4501248 total
- age   2:    7088616 bytes,   11589864 total
- age   3:    2234192 bytes,   13824056 total
- age   4:    1861640 bytes,   15685696 total
- age   5:    4527928 bytes,   20213624 total
: 109248K->21824K(109248K), 0.0197765 secs] 282850K->202343K(502464K), 0.0198613 secs] [Times: user=0.07 sys=0.00, real=0.02 secs] 
Heap after GC invocations=131 (full 7):
 par new generation   total 109248K, used 21824K [0x00000007a0000000, 0x00000007a8000000, 0x00000007a8000000)
  eden space 87424K,   0% used [0x00000007a0000000, 0x00000007a0000000, 0x00000007a5560000)
  from space 21824K, 100% used [0x00000007a6ab0000, 0x00000007a8000000, 0x00000007a8000000)
  to   space 21824K,   0% used [0x00000007a5560000, 0x00000007a5560000, 0x00000007a6ab0000)
 concurrent mark-sweep generation total 393216K, used 180519K [0x00000007a8000000, 0x00000007c0000000, 0x00000007c0000000)
 Metaspace       used 39394K, capacity 40002K, committed 40456K, reserved 1085440K
  class space    used 4662K, capacity 4826K, committed 4884K, reserved 1048576K
}
2016-10-24T05:58:10.539+0800: 157.128: Total time for which application threads were stopped: 0.0200556 seconds, Stopping threads took: 0.0000318 seconds
{Heap before GC invocations=131 (full 7):
 par new generation   total 109248K, used 109248K [0x00000007a0000000, 0x00000007a8000000, 0x00000007a8000000)
  eden space 87424K, 100% used [0x00000007a0000000, 0x00000007a5560000, 0x00000007a5560000)
  from space 21824K, 100% used [0x00000007a6ab0000, 0x00000007a8000000, 0x00000007a8000000)
  to   space 21824K,   0% used [0x00000007a5560000, 0x00000007a5560000, 0x00000007a6ab0000)
 concurrent mark-sweep generation total 393216K, used 180519K [0x00000007a8000000, 0x00000007c0000000, 0x00000007c0000000)
 Metaspace       used 39394K, capacity 40002K, committed 40456K, reserved 1085440K
  class space    used 4662K, capacity 4826K, committed 4884K, reserved 1048576K
2016-10-24T05:58:10.783+0800: 157.372: [GC (Allocation Failure) 2016-10-24T05:58:10.783+0800: 157.372: [ParNew
Desired survivor size 20112992 bytes, new threshold 4 (max 8)
- age   1:   12045368 bytes,   12045368 total
- age   2:    3275016 bytes,   15320384 total
- age   3:    3851256 bytes,   19171640 total
- age   4:    1613480 bytes,   20785120 total
- age   5:    1430784 bytes,   22215904 total
: 109248K->21824K(109248K), 0.0245403 secs] 289767K->216817K(502464K), 0.0246043 secs] [Times: user=0.10 sys=0.00, real=0.02 secs] 
Heap after GC invocations=132 (full 7):
 par new generation   total 109248K, used 21824K [0x00000007a0000000, 0x00000007a8000000, 0x00000007a8000000)
  eden space 87424K,   0% used [0x00000007a0000000, 0x00000007a0000000, 0x00000007a5560000)
  from space 21824K, 100% used [0x00000007a5560000, 0x00000007a6ab0000, 0x00000007a6ab0000)
  to   space 21824K,   0% used [0x00000007a6ab0000, 0x00000007a6ab0000, 0x00000007a8000000)
 concurrent mark-sweep generation total 393216K, used 194993K [0x00000007a8000000, 0x00000007c0000000, 0x00000007c0000000)
 Metaspace       used 39394K, capacity 40002K, committed 40456K, reserved 1085440K
  class space    used 4662K, capacity 4826K, committed 4884K, reserved 1048576K
}
2016-10-24T05:58:10.807+0800: 157.397: Total time for which application threads were stopped: 0.0247559 seconds, Stopping threads took: 0.0000213 seconds
2016-10-24T05:58:11.810+0800: 158.400: Total time for which application threads were stopped: 0.0001368 seconds, Stopping threads took: 0.0000548 seconds
{Heap before GC invocations=132 (full 7):
 par new generation   total 109248K, used 109248K [0x00000007a0000000, 0x00000007a8000000, 0x00000007a8000000)
  eden space 87424K, 100% used [0x00000007a0000000, 0x00000007a5560000, 0x00000007a5560000)
  from space 21824K, 100% used [0x00000007a5560000, 0x00000007a6ab0000, 0x00000007a6ab0000)
  to   space 21824K,   0% used [0x00000007a6ab0000, 0x00000007a6ab0000, 0x00000007a8000000)
 concurrent mark-sweep generation total 393216K, used 194993K [0x00000007a8000000, 0x00000007c0000000, 0x00000007c0000000)
 Metaspace       used 39394K, capacity 40002K, committed 40456K, reserved 1085440K
  class space    used 4662K, capacity 4826K, committed 4884K, reserved 1048576K
2016-10-24T05:58:12.136+0800: 158.726: [GC (Allocation Failure) 2016-10-24T05:58:12.138+0800: 158.728: [ParNew
Desired survivor size 20112992 bytes, new threshold 8 (max 8)
- age   1:     827552 bytes,     827552 total
- age   2:   11146064 bytes,   11973616 total
- age   3:    2573272 bytes,   14546888 total
- age   4:    3561888 bytes,   18108776 total
: 109248K->21824K(109248K), 0.0168018 secs] 304241K->220747K(502464K), 0.0187167 secs] [Times: user=0.07 sys=0.00, real=0.02 secs] 
Heap after GC invocations=133 (full 7):
 par new generation   total 109248K, used 21824K [0x00000007a0000000, 0x00000007a8000000, 0x00000007a8000000)
  eden space 87424K,   0% used [0x00000007a0000000, 0x00000007a0000000, 0x00000007a5560000)
  from space 21824K, 100% used [0x00000007a6ab0000, 0x00000007a8000000, 0x00000007a8000000)
  to   space 21824K,   0% used [0x00000007a5560000, 0x00000007a5560000, 0x00000007a6ab0000)
 concurrent mark-sweep generation total 393216K, used 198923K [0x00000007a8000000, 0x00000007c0000000, 0x00000007c0000000)
 Metaspace       used 39394K, capacity 40002K, committed 40456K, reserved 1085440K
  class space    used 4662K, capacity 4826K, committed 4884K, reserved 1048576K
}
2016-10-24T05:58:12.155+0800: 158.744: Total time for which application threads were stopped: 0.0189210 seconds, Stopping threads took: 0.0000330 seconds
2016-10-24T05:58:12.155+0800: 158.745: [GC (CMS Initial Mark) [1 CMS-initial-mark: 198923K(393216K)] 222517K(502464K), 0.0064353 secs] [Times: user=0.01 sys=0.00, real=0.01 secs] 
2016-10-24T05:58:12.162+0800: 158.751: Total time for which application threads were stopped: 0.0065924 seconds, Stopping threads took: 0.0000586 seconds
2016-10-24T05:58:12.162+0800: 158.751: [CMS-concurrent-mark-start]
2016-10-24T05:58:12.227+0800: 158.816: [CMS-concurrent-mark: 0.065/0.065 secs] [Times: user=0.39 sys=0.01, real=0.06 secs] 
2016-10-24T05:58:12.227+0800: 158.816: [CMS-concurrent-preclean-start]
2016-10-24T05:58:12.228+0800: 158.818: [CMS-concurrent-preclean: 0.001/0.001 secs] [Times: user=0.00 sys=0.00, real=0.00 secs] 
2016-10-24T05:58:12.228+0800: 158.818: [CMS-concurrent-abortable-preclean-start]
{Heap before GC invocations=133 (full 8):
 par new generation   total 109248K, used 109248K [0x00000007a0000000, 0x00000007a8000000, 0x00000007a8000000)
  eden space 87424K, 100% used [0x00000007a0000000, 0x00000007a5560000, 0x00000007a5560000)
  from space 21824K, 100% used [0x00000007a6ab0000, 0x00000007a8000000, 0x00000007a8000000)
  to   space 21824K,   0% used [0x00000007a5560000, 0x00000007a5560000, 0x00000007a6ab0000)
 concurrent mark-sweep generation total 393216K, used 198923K [0x00000007a8000000, 0x00000007c0000000, 0x00000007c0000000)
 Metaspace       used 39394K, capacity 40002K, committed 40456K, reserved 1085440K
  class space    used 4662K, capacity 4826K, committed 4884K, reserved 1048576K
2016-10-24T05:58:12.234+0800: 158.823: [GC (Allocation Failure) 2016-10-24T05:58:12.234+0800: 158.823: [ParNew
Desired survivor size 20112992 bytes, new threshold 8 (max 8)
- age   1:     118096 bytes,     118096 total
- age   2:     735848 bytes,     853944 total
- age   3:   11146064 bytes,   12000008 total
- age   4:    2573272 bytes,   14573280 total
- age   5:    3561912 bytes,   18135192 total
: 109248K->21824K(109248K), 0.0116051 secs] 308171K->220747K(502464K), 0.0116497 secs] [Times: user=0.06 sys=0.00, real=0.01 secs] 
Heap after GC invocations=134 (full 8):
 par new generation   total 109248K, used 21824K [0x00000007a0000000, 0x00000007a8000000, 0x00000007a8000000)
  eden space 87424K,   0% used [0x00000007a0000000, 0x00000007a0000000, 0x00000007a5560000)
  from space 21824K, 100% used [0x00000007a5560000, 0x00000007a6ab0000, 0x00000007a6ab0000)
  to   space 21824K,   0% used [0x00000007a6ab0000, 0x00000007a6ab0000, 0x00000007a8000000)
 concurrent mark-sweep generation total 393216K, used 198923K [0x00000007a8000000, 0x00000007c0000000, 0x00000007c0000000)
 Metaspace       used 39394K, capacity 40002K, committed 40456K, reserved 1085440K
  class space    used 4662K, capacity 4826K, committed 4884K, reserved 1048576K
}
2016-10-24T05:58:12.246+0800: 158.835: Total time for which application threads were stopped: 0.0118240 seconds, Stopping threads took: 0.0000277 seconds
{Heap before GC invocations=134 (full 8):
 par new generation   total 109248K, used 109248K [0x00000007a0000000, 0x00000007a8000000, 0x00000007a8000000)
  eden space 87424K, 100% used [0x00000007a0000000, 0x00000007a5560000, 0x00000007a5560000)
  from space 21824K, 100% used [0x00000007a5560000, 0x00000007a6ab0000, 0x00000007a6ab0000)
  to   space 21824K,   0% used [0x00000007a6ab0000, 0x00000007a6ab0000, 0x00000007a8000000)
 concurrent mark-sweep generation total 393216K, used 198923K [0x00000007a8000000, 0x00000007c0000000, 0x00000007c0000000)
 Metaspace       used 39395K, capacity 40002K, committed 40456K, reserved 1085440K
  class space    used 4662K, capacity 4826K, committed 4884K, reserved 1048576K
2016-10-24T05:58:12.369+0800: 158.958: [GC (Allocation Failure) 2016-10-24T05:58:12.369+0800: 158.958: [ParNew
Desired survivor size 20112992 bytes, new threshold 8 (max 8)
- age   1:      99744 bytes,      99744 total
- age   3:     688776 bytes,     788520 total
- age   4:   11146064 bytes,   11934584 total
- age   5:    2573272 bytes,   14507856 total
- age   6:    3561888 bytes,   18069744 total
: 109248K->21824K(109248K), 0.0102647 secs] 308171K->220747K(502464K), 0.0103376 secs] [Times: user=0.04 sys=0.01, real=0.01 secs] 
Heap after GC invocations=135 (full 8):
 par new generation   total 109248K, used 21824K [0x00000007a0000000, 0x00000007a8000000, 0x00000007a8000000)
  eden space 87424K,   0% used [0x00000007a0000000, 0x00000007a0000000, 0x00000007a5560000)
  from space 21824K, 100% used [0x00000007a6ab0000, 0x00000007a8000000, 0x00000007a8000000)
  to   space 21824K,   0% used [0x00000007a5560000, 0x00000007a5560000, 0x00000007a6ab0000)
 concurrent mark-sweep generation total 393216K, used 198923K [0x00000007a8000000, 0x00000007c0000000, 0x00000007c0000000)
 Metaspace       used 39395K, capacity 40002K, committed 40456K, reserved 1085440K
  class space    used 4662K, capacity 4826K, committed 4884K, reserved 1048576K
}
2016-10-24T05:58:12.379+0800: 158.969: Total time for which application threads were stopped: 0.0105503 seconds, Stopping threads took: 0.0000286 seconds
2016-10-24T05:58:12.379+0800: 158.969: [CMS-concurrent-abortable-preclean: 0.057/0.151 secs] [Times: user=0.43 sys=0.01, real=0.15 secs] 
2016-10-24T05:58:12.379+0800: 158.969: [GC (CMS Final Remark) [YG occupancy: 23596 K (109248 K)]{Heap before GC invocations=135 (full 8):
 par new generation   total 109248K, used 23596K [0x00000007a0000000, 0x00000007a8000000, 0x00000007a8000000)
  eden space 87424K,   2% used [0x00000007a0000000, 0x00000007a01bb008, 0x00000007a5560000)
  from space 21824K, 100% used [0x00000007a6ab0000, 0x00000007a8000000, 0x00000007a8000000)
  to   space 21824K,   0% used [0x00000007a5560000, 0x00000007a5560000, 0x00000007a6ab0000)
 concurrent mark-sweep generation total 393216K, used 198923K [0x00000007a8000000, 0x00000007c0000000, 0x00000007c0000000)
 Metaspace       used 39395K, capacity 40002K, committed 40456K, reserved 1085440K
  class space    used 4662K, capacity 4826K, committed 4884K, reserved 1048576K
2016-10-24T05:58:12.380+0800: 158.969: [GC (CMS Final Remark) 2016-10-24T05:58:12.380+0800: 158.969: [ParNew
Desired survivor size 20112992 bytes, new threshold 8 (max 8)
- age   1:      12904 bytes,      12904 total
- age   2:      84896 bytes,      97800 total
- age   4:     688776 bytes,     786576 total
- age   5:   11146064 bytes,   11932640 total
- age   6:    2573272 bytes,   14505912 total
- age   7:    3561888 bytes,   18067800 total
: 23596K->21824K(109248K), 0.0105677 secs] 222519K->220747K(502464K), 0.0105976 secs] [Times: user=0.04 sys=0.00, real=0.01 secs] 
Heap after GC invocations=136 (full 8):
 par new generation   total 109248K, used 21824K [0x00000007a0000000, 0x00000007a8000000, 0x00000007a8000000)
  eden space 87424K,   0% used [0x00000007a0000000, 0x00000007a0000000, 0x00000007a5560000)
  from space 21824K, 100% used [0x00000007a5560000, 0x00000007a6ab0000, 0x00000007a6ab0000)
  to   space 21824K,   0% used [0x00000007a6ab0000, 0x00000007a6ab0000, 0x00000007a8000000)
 concurrent mark-sweep generation total 393216K, used 198923K [0x00000007a8000000, 0x00000007c0000000, 0x00000007c0000000)
 Metaspace       used 39395K, capacity 40002K, committed 40456K, reserved 1085440K
  class space    used 4662K, capacity 4826K, committed 4884K, reserved 1048576K
}
2016-10-24T05:58:12.390+0800: 158.979: [Rescan (parallel) , 0.0053212 secs]2016-10-24T05:58:12.395+0800: 158.985: [weak refs processing, 0.0009169 secs]2016-10-24T05:58:12.396+0800: 158.986: [class unloading, 0.0079479 secs]2016-10-24T05:58:12.404+0800: 158.994: [scrub symbol table, 0.0064617 secs]2016-10-24T05:58:12.411+0800: 159.000: [scrub string table, 0.0004881 secs][1 CMS-remark: 198923K(393216K)] 220747K(502464K), 0.0319493 secs] [Times: user=0.08 sys=0.00, real=0.04 secs] 
2016-10-24T05:58:12.411+0800: 159.001: Total time for which application threads were stopped: 0.0320906 seconds, Stopping threads took: 0.0000637 seconds
2016-10-24T05:58:12.412+0800: 159.001: [CMS-concurrent-sweep-start]
2016-10-24T05:58:12.462+0800: 159.051: [CMS-concurrent-sweep: 0.050/0.050 secs] [Times: user=0.14 sys=0.00, real=0.05 secs] 
2016-10-24T05:58:12.462+0800: 159.051: [CMS-concurrent-reset-start]
2016-10-24T05:58:12.462+0800: 159.051: [CMS-concurrent-reset: 0.000/0.000 secs] [Times: user=0.00 sys=0.00, real=0.00 secs] 
{Heap before GC invocations=136 (full 8):
 par new generation   total 109248K, used 109248K [0x00000007a0000000, 0x00000007a8000000, 0x00000007a8000000)
  eden space 87424K, 100% used [0x00000007a0000000, 0x00000007a5560000, 0x00000007a5560000)
  from space 21824K, 100% used [0x00000007a5560000, 0x00000007a6ab0000, 0x00000007a6ab0000)
  to   space 21824K,   0% used [0x00000007a6ab0000, 0x00000007a6ab0000, 0x00000007a8000000)
 concurrent mark-sweep generation total 393216K, used 144790K [0x00000007a8000000, 0x00000007c0000000, 0x00000007c0000000)
 Metaspace       used 39395K, capacity 40002K, committed 40456K, reserved 1085440K
  class space    used 4662K, capacity 4826K, committed 4884K, reserved 1048576K
2016-10-24T05:58:12.521+0800: 159.111: [GC (Allocation Failure) 2016-10-24T05:58:12.521+0800: 159.111: [ParNew
Desired survivor size 20112992 bytes, new threshold 8 (max 8)
- age   1:      60112 bytes,      60112 total
- age   3:      81056 bytes,     141168 total
- age   5:     685400 bytes,     826568 total
- age   6:   10966608 bytes,   11793176 total
- age   7:    2354952 bytes,   14148128 total
- age   8:    2647832 bytes,   16795960 total
: 109248K->21290K(109248K), 0.0112547 secs] 254038K->166081K(502464K), 0.0113096 secs] [Times: user=0.05 sys=0.01, real=0.01 secs] 
Heap after GC invocations=137 (full 8):
 par new generation   total 109248K, used 21290K [0x00000007a0000000, 0x00000007a8000000, 0x00000007a8000000)
  eden space 87424K,   0% used [0x00000007a0000000, 0x00000007a0000000, 0x00000007a5560000)
  from space 21824K,  97% used [0x00000007a6ab0000, 0x00000007a7f7ab98, 0x00000007a8000000)
  to   space 21824K,   0% used [0x00000007a5560000, 0x00000007a5560000, 0x00000007a6ab0000)
 concurrent mark-sweep generation total 393216K, used 144790K [0x00000007a8000000, 0x00000007c0000000, 0x00000007c0000000)
 Metaspace       used 39395K, capacity 40002K, committed 40456K, reserved 1085440K
  class space    used 4662K, capacity 4826K, committed 4884K, reserved 1048576K
}
2016-10-24T05:58:12.533+0800: 159.122: Total time for which application threads were stopped: 0.0114666 seconds, Stopping threads took: 0.0000172 seconds
2016-10-24T05:58:12.722+0800: 159.311: Total time for which application threads were stopped: 0.0000839 seconds, Stopping threads took: 0.0000195 seconds
2016-10-24T05:58:12.722+0800: 159.311: Total time for which application threads were stopped: 0.0000403 seconds, Stopping threads took: 0.0000090 seconds
2016-10-24T05:58:12.722+0800: 159.311: Total time for which application threads were stopped: 0.0000621 seconds, Stopping threads took: 0.0000085 seconds
{Heap before GC invocations=137 (full 8):
 par new generation   total 109248K, used 108714K [0x00000007a0000000, 0x00000007a8000000, 0x00000007a8000000)
  eden space 87424K, 100% used [0x00000007a0000000, 0x00000007a5560000, 0x00000007a5560000)
  from space 21824K,  97% used [0x00000007a6ab0000, 0x00000007a7f7ab98, 0x00000007a8000000)
  to   space 21824K,   0% used [0x00000007a5560000, 0x00000007a5560000, 0x00000007a6ab0000)
 concurrent mark-sweep generation total 393216K, used 144790K [0x00000007a8000000, 0x00000007c0000000, 0x00000007c0000000)
 Metaspace       used 39397K, capacity 40002K, committed 40456K, reserved 1085440K
  class space    used 4662K, capacity 4826K, committed 4884K, reserved 1048576K
2016-10-24T05:58:12.819+0800: 159.408: [GC (Allocation Failure) 2016-10-24T05:58:12.819+0800: 159.408: [ParNew
Desired survivor size 20112992 bytes, new threshold 8 (max 8)
- age   1:    2489312 bytes,    2489312 total
- age   6:     638880 bytes,    3128192 total
- age   7:   10406648 bytes,   13534840 total
- age   8:    1833520 bytes,   15368360 total
: 108714K->21824K(109248K), 0.0131371 secs] 253505K->168937K(502464K), 0.0131888 secs] [Times: user=0.04 sys=0.00, real=0.02 secs] 
Heap after GC invocations=138 (full 8):
 par new generation   total 109248K, used 21824K [0x00000007a0000000, 0x00000007a8000000, 0x00000007a8000000)
  eden space 87424K,   0% used [0x00000007a0000000, 0x00000007a0000000, 0x00000007a5560000)
  from space 21824K, 100% used [0x00000007a5560000, 0x00000007a6ab0000, 0x00000007a6ab0000)
  to   space 21824K,   0% used [0x00000007a6ab0000, 0x00000007a6ab0000, 0x00000007a8000000)
 concurrent mark-sweep generation total 393216K, used 147113K [0x00000007a8000000, 0x00000007c0000000, 0x00000007c0000000)
 Metaspace       used 39397K, capacity 40002K, committed 40456K, reserved 1085440K
  class space    used 4662K, capacity 4826K, committed 4884K, reserved 1048576K
}
2016-10-24T05:58:12.832+0800: 159.421: Total time for which application threads were stopped: 0.0133487 seconds, Stopping threads took: 0.0000220 seconds
{Heap before GC invocations=138 (full 8):
 par new generation   total 109248K, used 109248K [0x00000007a0000000, 0x00000007a8000000, 0x00000007a8000000)
  eden space 87424K, 100% used [0x00000007a0000000, 0x00000007a5560000, 0x00000007a5560000)
  from space 21824K, 100% used [0x00000007a5560000, 0x00000007a6ab0000, 0x00000007a6ab0000)
  to   space 21824K,   0% used [0x00000007a6ab0000, 0x00000007a6ab0000, 0x00000007a8000000)
 concurrent mark-sweep generation total 393216K, used 147113K [0x00000007a8000000, 0x00000007c0000000, 0x00000007c0000000)
 Metaspace       used 39397K, capacity 40002K, committed 40456K, reserved 1085440K
  class space    used 4662K, capacity 4826K, committed 4884K, reserved 1048576K
2016-10-24T05:58:13.080+0800: 159.669: [GC (Allocation Failure) 2016-10-24T05:58:13.080+0800: 159.669: [ParNew
Desired survivor size 20112992 bytes, new threshold 8 (max 8)
- age   1:    5857376 bytes,    5857376 total
- age   2:    2112040 bytes,    7969416 total
- age   7:     638880 bytes,    8608296 total
- age   8:   10406648 bytes,   19014944 total
: 109248K->20495K(109248K), 0.0132823 secs] 256361K->169415K(502464K), 0.0133457 secs] [Times: user=0.05 sys=0.00, real=0.01 secs] 
Heap after GC invocations=139 (full 8):
 par new generation   total 109248K, used 20495K [0x00000007a0000000, 0x00000007a8000000, 0x00000007a8000000)
  eden space 87424K,   0% used [0x00000007a0000000, 0x00000007a0000000, 0x00000007a5560000)
  from space 21824K,  93% used [0x00000007a6ab0000, 0x00000007a7eb3c20, 0x00000007a8000000)
  to   space 21824K,   0% used [0x00000007a5560000, 0x00000007a5560000, 0x00000007a6ab0000)
 concurrent mark-sweep generation total 393216K, used 148920K [0x00000007a8000000, 0x00000007c0000000, 0x00000007c0000000)
 Metaspace       used 39397K, capacity 40002K, committed 40456K, reserved 1085440K
  class space    used 4662K, capacity 4826K, committed 4884K, reserved 1048576K
}
2016-10-24T05:58:13.093+0800: 159.683: Total time for which application threads were stopped: 0.0135090 seconds, Stopping threads took: 0.0000220 seconds
{Heap before GC invocations=139 (full 8):
 par new generation   total 109248K, used 107919K [0x00000007a0000000, 0x00000007a8000000, 0x00000007a8000000)
  eden space 87424K, 100% used [0x00000007a0000000, 0x00000007a5560000, 0x00000007a5560000)
  from space 21824K,  93% used [0x00000007a6ab0000, 0x00000007a7eb3c20, 0x00000007a8000000)
  to   space 21824K,   0% used [0x00000007a5560000, 0x00000007a5560000, 0x00000007a6ab0000)
 concurrent mark-sweep generation total 393216K, used 148920K [0x00000007a8000000, 0x00000007c0000000, 0x00000007c0000000)
 Metaspace       used 39397K, capacity 40002K, committed 40456K, reserved 1085440K
  class space    used 4662K, capacity 4826K, committed 4884K, reserved 1048576K
2016-10-24T05:58:13.346+0800: 159.935: [GC (Allocation Failure) 2016-10-24T05:58:13.346+0800: 159.935: [ParNew
Desired survivor size 20112992 bytes, new threshold 8 (max 8)
- age   1:    6678688 bytes,    6678688 total
- age   2:    4685864 bytes,   11364552 total
- age   3:    2109352 bytes,   13473904 total
- age   8:     638880 bytes,   14112784 total
: 107919K->16113K(109248K), 0.0178124 secs] 256839K->175213K(502464K), 0.0178776 secs] [Times: user=0.07 sys=0.00, real=0.02 secs] 
Heap after GC invocations=140 (full 8):
 par new generation   total 109248K, used 16113K [0x00000007a0000000, 0x00000007a8000000, 0x00000007a8000000)
  eden space 87424K,   0% used [0x00000007a0000000, 0x00000007a0000000, 0x00000007a5560000)
  from space 21824K,  73% used [0x00000007a5560000, 0x00000007a651c7e0, 0x00000007a6ab0000)
  to   space 21824K,   0% used [0x00000007a6ab0000, 0x00000007a6ab0000, 0x00000007a8000000)
 concurrent mark-sweep generation total 393216K, used 159099K [0x00000007a8000000, 0x00000007c0000000, 0x00000007c0000000)
 Metaspace       used 39397K, capacity 40002K, committed 40456K, reserved 1085440K
  class space    used 4662K, capacity 4826K, committed 4884K, reserved 1048576K
}
2016-10-24T05:58:13.364+0800: 159.953: Total time for which application threads were stopped: 0.0180881 seconds, Stopping threads took: 0.0000237 seconds
{Heap before GC invocations=140 (full 8):
 par new generation   total 109248K, used 103537K [0x00000007a0000000, 0x00000007a8000000, 0x00000007a8000000)
  eden space 87424K, 100% used [0x00000007a0000000, 0x00000007a5560000, 0x00000007a5560000)
  from space 21824K,  73% used [0x00000007a5560000, 0x00000007a651c7e0, 0x00000007a6ab0000)
  to   space 21824K,   0% used [0x00000007a6ab0000, 0x00000007a6ab0000, 0x00000007a8000000)
 concurrent mark-sweep generation total 393216K, used 159099K [0x00000007a8000000, 0x00000007c0000000, 0x00000007c0000000)
 Metaspace       used 39397K, capacity 40002K, committed 40456K, reserved 1085440K
  class space    used 4662K, capacity 4826K, committed 4884K, reserved 1048576K
2016-10-24T05:58:13.605+0800: 160.195: [GC (Allocation Failure) 2016-10-24T05:58:13.605+0800: 160.195: [ParNew
Desired survivor size 20112992 bytes, new threshold 8 (max 8)
- age   1:    7794424 bytes,    7794424 total
- age   2:    4729568 bytes,   12523992 total
- age   3:    4554776 bytes,   17078768 total
- age   4:    2109296 bytes,   19188064 total
: 103537K->21824K(109248K), 0.0188815 secs] 262637K->181547K(502464K), 0.0189438 secs] [Times: user=0.06 sys=0.00, real=0.02 secs] 
Heap after GC invocations=141 (full 8):
 par new generation   total 109248K, used 21824K [0x00000007a0000000, 0x00000007a8000000, 0x00000007a8000000)
  eden space 87424K,   0% used [0x00000007a0000000, 0x00000007a0000000, 0x00000007a5560000)
  from space 21824K, 100% used [0x00000007a6ab0000, 0x00000007a8000000, 0x00000007a8000000)
  to   space 21824K,   0% used [0x00000007a5560000, 0x00000007a5560000, 0x00000007a6ab0000)
 concurrent mark-sweep generation total 393216K, used 159723K [0x00000007a8000000, 0x00000007c0000000, 0x00000007c0000000)
 Metaspace       used 39397K, capacity 40002K, committed 40456K, reserved 1085440K
  class space    used 4662K, capacity 4826K, committed 4884K, reserved 1048576K
}
2016-10-24T05:58:13.624+0800: 160.214: Total time for which application threads were stopped: 0.0191282 seconds, Stopping threads took: 0.0000253 seconds
{Heap before GC invocations=141 (full 8):
 par new generation   total 109248K, used 109248K [0x00000007a0000000, 0x00000007a8000000, 0x00000007a8000000)
  eden space 87424K, 100% used [0x00000007a0000000, 0x00000007a5560000, 0x00000007a5560000)
  from space 21824K, 100% used [0x00000007a6ab0000, 0x00000007a8000000, 0x00000007a8000000)
  to   space 21824K,   0% used [0x00000007a5560000, 0x00000007a5560000, 0x00000007a6ab0000)
 concurrent mark-sweep generation total 393216K, used 159723K [0x00000007a8000000, 0x00000007c0000000, 0x00000007c0000000)
 Metaspace       used 39397K, capacity 40002K, committed 40456K, reserved 1085440K
  class space    used 4662K, capacity 4826K, committed 4884K, reserved 1048576K
2016-10-24T05:58:13.863+0800: 160.452: [GC (Allocation Failure) 2016-10-24T05:58:13.863+0800: 160.452: [ParNew
Desired survivor size 20112992 bytes, new threshold 8 (max 8)
- age   1:    5498728 bytes,    5498728 total
- age   2:    4298000 bytes,    9796728 total
- age   3:    3539616 bytes,   13336344 total
- age   4:    3563448 bytes,   16899792 total
- age   5:    1717384 bytes,   18617176 total
: 109248K->21824K(109248K), 0.0180031 secs] 268971K->187223K(502464K), 0.0180985 secs] [Times: user=0.07 sys=0.01, real=0.02 secs] 
Heap after GC invocations=142 (full 8):
 par new generation   total 109248K, used 21824K [0x00000007a0000000, 0x00000007a8000000, 0x00000007a8000000)
  eden space 87424K,   0% used [0x00000007a0000000, 0x00000007a0000000, 0x00000007a5560000)
  from space 21824K, 100% used [0x00000007a5560000, 0x00000007a6ab0000, 0x00000007a6ab0000)
  to   space 21824K,   0% used [0x00000007a6ab0000, 0x00000007a6ab0000, 0x00000007a8000000)
 concurrent mark-sweep generation total 393216K, used 165399K [0x00000007a8000000, 0x00000007c0000000, 0x00000007c0000000)
 Metaspace       used 39397K, capacity 40002K, committed 40456K, reserved 1085440K
  class space    used 4662K, capacity 4826K, committed 4884K, reserved 1048576K
}
2016-10-24T05:58:13.881+0800: 160.470: Total time for which application threads were stopped: 0.0182809 seconds, Stopping threads took: 0.0000234 seconds
{Heap before GC invocations=142 (full 8):
 par new generation   total 109248K, used 109248K [0x00000007a0000000, 0x00000007a8000000, 0x00000007a8000000)
  eden space 87424K, 100% used [0x00000007a0000000, 0x00000007a5560000, 0x00000007a5560000)
  from space 21824K, 100% used [0x00000007a5560000, 0x00000007a6ab0000, 0x00000007a6ab0000)
  to   space 21824K,   0% used [0x00000007a6ab0000, 0x00000007a6ab0000, 0x00000007a8000000)
 concurrent mark-sweep generation total 393216K, used 165399K [0x00000007a8000000, 0x00000007c0000000, 0x00000007c0000000)
 Metaspace       used 39397K, capacity 40002K, committed 40456K, reserved 1085440K
  class space    used 4662K, capacity 4826K, committed 4884K, reserved 1048576K
2016-10-24T05:58:14.112+0800: 160.701: [GC (Allocation Failure) 2016-10-24T05:58:14.112+0800: 160.701: [ParNew
Desired survivor size 20112992 bytes, new threshold 6 (max 8)
- age   1:    5822352 bytes,    5822352 total
- age   2:    3369976 bytes,    9192328 total
- age   3:    3235064 bytes,   12427392 total
- age   4:    3289072 bytes,   15716464 total
- age   5:    3309872 bytes,   19026336 total
- age   6:    1446992 bytes,   20473328 total
: 109248K->21824K(109248K), 0.0206513 secs] 274647K->191375K(502464K), 0.0207307 secs] [Times: user=0.07 sys=0.00, real=0.02 secs] 
Heap after GC invocations=143 (full 8):
 par new generation   total 109248K, used 21824K [0x00000007a0000000, 0x00000007a8000000, 0x00000007a8000000)
  eden space 87424K,   0% used [0x00000007a0000000, 0x00000007a0000000, 0x00000007a5560000)
  from space 21824K, 100% used [0x00000007a6ab0000, 0x00000007a8000000, 0x00000007a8000000)
  to   space 21824K,   0% used [0x00000007a5560000, 0x00000007a5560000, 0x00000007a6ab0000)
 concurrent mark-sweep generation total 393216K, used 169551K [0x00000007a8000000, 0x00000007c0000000, 0x00000007c0000000)
 Metaspace       used 39397K, capacity 40002K, committed 40456K, reserved 1085440K
  class space    used 4662K, capacity 4826K, committed 4884K, reserved 1048576K
}
2016-10-24T05:58:14.133+0800: 160.722: Total time for which application threads were stopped: 0.0209232 seconds, Stopping threads took: 0.0000334 seconds
{Heap before GC invocations=143 (full 8):
 par new generation   total 109248K, used 109248K [0x00000007a0000000, 0x00000007a8000000, 0x00000007a8000000)
  eden space 87424K, 100% used [0x00000007a0000000, 0x00000007a5560000, 0x00000007a5560000)
  from space 21824K, 100% used [0x00000007a6ab0000, 0x00000007a8000000, 0x00000007a8000000)
  to   space 21824K,   0% used [0x00000007a5560000, 0x00000007a5560000, 0x00000007a6ab0000)
 concurrent mark-sweep generation total 393216K, used 169551K [0x00000007a8000000, 0x00000007c0000000, 0x00000007c0000000)
 Metaspace       used 39397K, capacity 40002K, committed 40456K, reserved 1085440K
  class space    used 4662K, capacity 4826K, committed 4884K, reserved 1048576K
2016-10-24T05:58:14.371+0800: 160.961: [GC (Allocation Failure) 2016-10-24T05:58:14.371+0800: 160.961: [ParNew
Desired survivor size 20112992 bytes, new threshold 6 (max 8)
- age   1:    6589064 bytes,    6589064 total
- age   2:    3693408 bytes,   10282472 total
- age   3:    3020488 bytes,   13302960 total
- age   4:    2904128 bytes,   16207088 total
- age   5:    2948848 bytes,   19155936 total
- age   6:    2957024 bytes,   22112960 total
: 109248K->21824K(109248K), 0.0332977 secs] 278799K->196099K(502464K), 0.0333741 secs] [Times: user=0.13 sys=0.00, real=0.03 secs] 
Heap after GC invocations=144 (full 8):
 par new generation   total 109248K, used 21824K [0x00000007a0000000, 0x00000007a8000000, 0x00000007a8000000)
  eden space 87424K,   0% used [0x00000007a0000000, 0x00000007a0000000, 0x00000007a5560000)
  from space 21824K, 100% used [0x00000007a5560000, 0x00000007a6ab0000, 0x00000007a6ab0000)
  to   space 21824K,   0% used [0x00000007a6ab0000, 0x00000007a6ab0000, 0x00000007a8000000)
 concurrent mark-sweep generation total 393216K, used 174275K [0x00000007a8000000, 0x00000007c0000000, 0x00000007c0000000)
 Metaspace       used 39397K, capacity 40002K, committed 40456K, reserved 1085440K
  class space    used 4662K, capacity 4826K, committed 4884K, reserved 1048576K
}
2016-10-24T05:58:14.405+0800: 160.994: Total time for which application threads were stopped: 0.0335350 seconds, Stopping threads took: 0.0000201 seconds
{Heap before GC invocations=144 (full 8):
 par new generation   total 109248K, used 109248K [0x00000007a0000000, 0x00000007a8000000, 0x00000007a8000000)
  eden space 87424K, 100% used [0x00000007a0000000, 0x00000007a5560000, 0x00000007a5560000)
  from space 21824K, 100% used [0x00000007a5560000, 0x00000007a6ab0000, 0x00000007a6ab0000)
  to   space 21824K,   0% used [0x00000007a6ab0000, 0x00000007a6ab0000, 0x00000007a8000000)
 concurrent mark-sweep generation total 393216K, used 174275K [0x00000007a8000000, 0x00000007c0000000, 0x00000007c0000000)
 Metaspace       used 39397K, capacity 40002K, committed 40456K, reserved 1085440K
  class space    used 4662K, capacity 4826K, committed 4884K, reserved 1048576K
2016-10-24T05:58:14.652+0800: 161.241: [GC (Allocation Failure) 2016-10-24T05:58:14.652+0800: 161.241: [ParNew
Desired survivor size 20112992 bytes, new threshold 6 (max 8)
- age   1:    9915984 bytes,    9915984 total
- age   2:    3358840 bytes,   13274824 total
- age   3:    2515080 bytes,   15789904 total
- age   4:    2070640 bytes,   17860544 total
- age   5:    2227288 bytes,   20087832 total
- age   6:    2258896 bytes,   22346728 total
: 109248K->21824K(109248K), 0.0308314 secs] 283523K->205390K(502464K), 0.0308859 secs] [Times: user=0.11 sys=0.01, real=0.03 secs] 
Heap after GC invocations=145 (full 8):
 par new generation   total 109248K, used 21824K [0x00000007a0000000, 0x00000007a8000000, 0x00000007a8000000)
  eden space 87424K,   0% used [0x00000007a0000000, 0x00000007a0000000, 0x00000007a5560000)
  from space 21824K, 100% used [0x00000007a6ab0000, 0x00000007a8000000, 0x00000007a8000000)
  to   space 21824K,   0% used [0x00000007a5560000, 0x00000007a5560000, 0x00000007a6ab0000)
 concurrent mark-sweep generation total 393216K, used 183566K [0x00000007a8000000, 0x00000007c0000000, 0x00000007c0000000)
 Metaspace       used 39397K, capacity 40002K, committed 40456K, reserved 1085440K
  class space    used 4662K, capacity 4826K, committed 4884K, reserved 1048576K
}
2016-10-24T05:58:14.683+0800: 161.272: Total time for which application threads were stopped: 0.0310514 seconds, Stopping threads took: 0.0000293 seconds
{Heap before GC invocations=145 (full 8):
 par new generation   total 109248K, used 109248K [0x00000007a0000000, 0x00000007a8000000, 0x00000007a8000000)
  eden space 87424K, 100% used [0x00000007a0000000, 0x00000007a5560000, 0x00000007a5560000)
  from space 21824K, 100% used [0x00000007a6ab0000, 0x00000007a8000000, 0x00000007a8000000)
  to   space 21824K,   0% used [0x00000007a5560000, 0x00000007a5560000, 0x00000007a6ab0000)
 concurrent mark-sweep generation total 393216K, used 183566K [0x00000007a8000000, 0x00000007c0000000, 0x00000007c0000000)
 Metaspace       used 39397K, capacity 40002K, committed 40456K, reserved 1085440K
  class space    used 4662K, capacity 4826K, committed 4884K, reserved 1048576K
2016-10-24T05:58:14.938+0800: 161.527: [GC (Allocation Failure) 2016-10-24T05:58:14.938+0800: 161.527: [ParNew
Desired survivor size 20112992 bytes, new threshold 5 (max 8)
- age   1:    7377880 bytes,    7377880 total
- age   2:    5474952 bytes,   12852832 total
- age   3:    3120352 bytes,   15973184 total
- age   4:    2305984 bytes,   18279168 total
- age   5:    1932936 bytes,   20212104 total
- age   6:    2120040 bytes,   22332144 total
: 109248K->21824K(109248K), 0.0233031 secs] 292814K->210640K(502464K), 0.0233864 secs] [Times: user=0.09 sys=0.00, real=0.03 secs] 
Heap after GC invocations=146 (full 8):
 par new generation   total 109248K, used 21824K [0x00000007a0000000, 0x00000007a8000000, 0x00000007a8000000)
  eden space 87424K,   0% used [0x00000007a0000000, 0x00000007a0000000, 0x00000007a5560000)
  from space 21824K, 100% used [0x00000007a5560000, 0x00000007a6ab0000, 0x00000007a6ab0000)
  to   space 21824K,   0% used [0x00000007a6ab0000, 0x00000007a6ab0000, 0x00000007a8000000)
 concurrent mark-sweep generation total 393216K, used 188816K [0x00000007a8000000, 0x00000007c0000000, 0x00000007c0000000)
 Metaspace       used 39397K, capacity 40002K, committed 40456K, reserved 1085440K
  class space    used 4662K, capacity 4826K, committed 4884K, reserved 1048576K
}
2016-10-24T05:58:14.961+0800: 161.551: Total time for which application threads were stopped: 0.0235572 seconds, Stopping threads took: 0.0000262 seconds
{Heap before GC invocations=146 (full 8):
 par new generation   total 109248K, used 109248K [0x00000007a0000000, 0x00000007a8000000, 0x00000007a8000000)
  eden space 87424K, 100% used [0x00000007a0000000, 0x00000007a5560000, 0x00000007a5560000)
  from space 21824K, 100% used [0x00000007a5560000, 0x00000007a6ab0000, 0x00000007a6ab0000)
  to   space 21824K,   0% used [0x00000007a6ab0000, 0x00000007a6ab0000, 0x00000007a8000000)
 concurrent mark-sweep generation total 393216K, used 188816K [0x00000007a8000000, 0x00000007c0000000, 0x00000007c0000000)
 Metaspace       used 39397K, capacity 40002K, committed 40456K, reserved 1085440K
  class space    used 4662K, capacity 4826K, committed 4884K, reserved 1048576K
2016-10-24T05:58:15.217+0800: 161.807: [GC (Allocation Failure) 2016-10-24T05:58:15.217+0800: 161.807: [ParNew
Desired survivor size 20112992 bytes, new threshold 5 (max 8)
- age   1:    7771200 bytes,    7771200 total
- age   2:    2416344 bytes,   10187544 total
- age   3:    5084680 bytes,   15272224 total
- age   4:    2886264 bytes,   18158488 total
- age   5:    2261992 bytes,   20420480 total
: 109248K->21824K(109248K), 0.0270757 secs] 298064K->217925K(502464K), 0.0271391 secs] [Times: user=0.10 sys=0.00, real=0.03 secs] 
Heap after GC invocations=147 (full 8):
 par new generation   total 109248K, used 21824K [0x00000007a0000000, 0x00000007a8000000, 0x00000007a8000000)
  eden space 87424K,   0% used [0x00000007a0000000, 0x00000007a0000000, 0x00000007a5560000)
  from space 21824K, 100% used [0x00000007a6ab0000, 0x00000007a8000000, 0x00000007a8000000)
  to   space 21824K,   0% used [0x00000007a5560000, 0x00000007a5560000, 0x00000007a6ab0000)
 concurrent mark-sweep generation total 393216K, used 196101K [0x00000007a8000000, 0x00000007c0000000, 0x00000007c0000000)
 Metaspace       used 39397K, capacity 40002K, committed 40456K, reserved 1085440K
  class space    used 4662K, capacity 4826K, committed 4884K, reserved 1048576K
}
2016-10-24T05:58:15.245+0800: 161.834: Total time for which application threads were stopped: 0.0273061 seconds, Stopping threads took: 0.0000308 seconds
{Heap before GC invocations=147 (full 8):
 par new generation   total 109248K, used 109056K [0x00000007a0000000, 0x00000007a8000000, 0x00000007a8000000)
  eden space 87424K,  99% used [0x00000007a0000000, 0x00000007a5530048, 0x00000007a5560000)
  from space 21824K, 100% used [0x00000007a6ab0000, 0x00000007a8000000, 0x00000007a8000000)
  to   space 21824K,   0% used [0x00000007a5560000, 0x00000007a5560000, 0x00000007a6ab0000)
 concurrent mark-sweep generation total 393216K, used 196101K [0x00000007a8000000, 0x00000007c0000000, 0x00000007c0000000)
 Metaspace       used 39397K, capacity 40002K, committed 40456K, reserved 1085440K
  class space    used 4662K, capacity 4826K, committed 4884K, reserved 1048576K
2016-10-24T05:58:15.495+0800: 162.084: [GC (Allocation Failure) 2016-10-24T05:58:15.495+0800: 162.084: [ParNew
Desired survivor size 20112992 bytes, new threshold 5 (max 8)
- age   1:    6409928 bytes,    6409928 total
- age   2:    5370040 bytes,   11779968 total
- age   3:    2262496 bytes,   14042464 total
- age   4:    5046160 bytes,   19088624 total
- age   5:    2876928 bytes,   21965552 total
: 109056K->21824K(109248K), 0.0245002 secs] 305157K->223596K(502464K), 0.0245761 secs] [Times: user=0.09 sys=0.00, real=0.03 secs] 
Heap after GC invocations=148 (full 8):
 par new generation   total 109248K, used 21824K [0x00000007a0000000, 0x00000007a8000000, 0x00000007a8000000)
  eden space 87424K,   0% used [0x00000007a0000000, 0x00000007a0000000, 0x00000007a5560000)
  from space 21824K, 100% used [0x00000007a5560000, 0x00000007a6ab0000, 0x00000007a6ab0000)
  to   space 21824K,   0% used [0x00000007a6ab0000, 0x00000007a6ab0000, 0x00000007a8000000)
 concurrent mark-sweep generation total 393216K, used 201772K [0x00000007a8000000, 0x00000007c0000000, 0x00000007c0000000)
 Metaspace       used 39397K, capacity 40002K, committed 40456K, reserved 1085440K
  class space    used 4662K, capacity 4826K, committed 4884K, reserved 1048576K
}
2016-10-24T05:58:15.520+0800: 162.109: Total time for which application threads were stopped: 0.0247353 seconds, Stopping threads took: 0.0000273 seconds
2016-10-24T05:58:15.520+0800: 162.109: [GC (CMS Initial Mark) [1 CMS-initial-mark: 201772K(393216K)] 224062K(502464K), 0.0056887 secs] [Times: user=0.02 sys=0.00, real=0.00 secs] 
2016-10-24T05:58:15.525+0800: 162.115: Total time for which application threads were stopped: 0.0058406 seconds, Stopping threads took: 0.0000346 seconds
2016-10-24T05:58:15.525+0800: 162.115: [CMS-concurrent-mark-start]
2016-10-24T05:58:15.586+0800: 162.176: [CMS-concurrent-mark: 0.061/0.061 secs] [Times: user=0.30 sys=0.00, real=0.06 secs] 
2016-10-24T05:58:15.586+0800: 162.176: [CMS-concurrent-preclean-start]
2016-10-24T05:58:15.594+0800: 162.183: [CMS-concurrent-preclean: 0.006/0.007 secs] [Times: user=0.01 sys=0.00, real=0.01 secs] 
2016-10-24T05:58:15.594+0800: 162.183: [CMS-concurrent-abortable-preclean-start]
{Heap before GC invocations=148 (full 9):
 par new generation   total 109248K, used 109248K [0x00000007a0000000, 0x00000007a8000000, 0x00000007a8000000)
  eden space 87424K, 100% used [0x00000007a0000000, 0x00000007a5560000, 0x00000007a5560000)
  from space 21824K, 100% used [0x00000007a5560000, 0x00000007a6ab0000, 0x00000007a6ab0000)
  to   space 21824K,   0% used [0x00000007a6ab0000, 0x00000007a6ab0000, 0x00000007a8000000)
 concurrent mark-sweep generation total 393216K, used 201772K [0x00000007a8000000, 0x00000007c0000000, 0x00000007c0000000)
 Metaspace       used 39397K, capacity 40002K, committed 40456K, reserved 1085440K
  class space    used 4662K, capacity 4826K, committed 4884K, reserved 1048576K
2016-10-24T05:58:15.792+0800: 162.382: [GC (Allocation Failure) 2016-10-24T05:58:15.792+0800: 162.382: [ParNew
Desired survivor size 20112992 bytes, new threshold 5 (max 8)
- age   1:    7268904 bytes,    7268904 total
- age   2:    3950936 bytes,   11219840 total
- age   3:    3280672 bytes,   14500512 total
- age   4:    2203240 bytes,   16703752 total
- age   5:    5034480 bytes,   21738232 total
: 109248K->21824K(109248K), 0.0273570 secs] 311020K->229948K(502464K), 0.0274151 secs] [Times: user=0.11 sys=0.01, real=0.03 secs] 
Heap after GC invocations=149 (full 9):
 par new generation   total 109248K, used 21824K [0x00000007a0000000, 0x00000007a8000000, 0x00000007a8000000)
  eden space 87424K,   0% used [0x00000007a0000000, 0x00000007a0000000, 0x00000007a5560000)
  from space 21824K, 100% used [0x00000007a6ab0000, 0x00000007a8000000, 0x00000007a8000000)
  to   space 21824K,   0% used [0x00000007a5560000, 0x00000007a5560000, 0x00000007a6ab0000)
 concurrent mark-sweep generation total 393216K, used 208124K [0x00000007a8000000, 0x00000007c0000000, 0x00000007c0000000)
 Metaspace       used 39397K, capacity 40002K, committed 40456K, reserved 1085440K
  class space    used 4662K, capacity 4826K, committed 4884K, reserved 1048576K
}
2016-10-24T05:58:15.820+0800: 162.409: Total time for which application threads were stopped: 0.0275598 seconds, Stopping threads took: 0.0000267 seconds
2016-10-24T05:58:15.976+0800: 162.565: [CMS-concurrent-abortable-preclean: 0.350/0.382 secs] [Times: user=0.80 sys=0.01, real=0.38 secs] 
2016-10-24T05:58:15.976+0800: 162.566: [GC (CMS Final Remark) [YG occupancy: 75957 K (109248 K)]{Heap before GC invocations=149 (full 9):
 par new generation   total 109248K, used 75957K [0x00000007a0000000, 0x00000007a8000000, 0x00000007a8000000)
  eden space 87424K,  61% used [0x00000007a0000000, 0x00000007a34dd738, 0x00000007a5560000)
  from space 21824K, 100% used [0x00000007a6ab0000, 0x00000007a8000000, 0x00000007a8000000)
  to   space 21824K,   0% used [0x00000007a5560000, 0x00000007a5560000, 0x00000007a6ab0000)
 concurrent mark-sweep generation total 393216K, used 208124K [0x00000007a8000000, 0x00000007c0000000, 0x00000007c0000000)
 Metaspace       used 39397K, capacity 40002K, committed 40456K, reserved 1085440K
  class space    used 4662K, capacity 4826K, committed 4884K, reserved 1048576K
2016-10-24T05:58:15.976+0800: 162.566: [GC (CMS Final Remark) 2016-10-24T05:58:15.976+0800: 162.566: [ParNew
Desired survivor size 20112992 bytes, new threshold 8 (max 8)
- age   1:    5673024 bytes,    5673024 total
- age   2:    4172256 bytes,    9845280 total
- age   3:    3865448 bytes,   13710728 total
- age   4:    3225392 bytes,   16936120 total
- age   5:    2151840 bytes,   19087960 total
: 75957K->21824K(109248K), 0.0366733 secs] 284082K->237724K(502464K), 0.0367280 secs] [Times: user=0.12 sys=0.00, real=0.04 secs] 
Heap after GC invocations=150 (full 9):
 par new generation   total 109248K, used 21824K [0x00000007a0000000, 0x00000007a8000000, 0x00000007a8000000)
  eden space 87424K,   0% used [0x00000007a0000000, 0x00000007a0000000, 0x00000007a5560000)
  from space 21824K, 100% used [0x00000007a5560000, 0x00000007a6ab0000, 0x00000007a6ab0000)
  to   space 21824K,   0% used [0x00000007a6ab0000, 0x00000007a6ab0000, 0x00000007a8000000)
 concurrent mark-sweep generation total 393216K, used 215900K [0x00000007a8000000, 0x00000007c0000000, 0x00000007c0000000)
 Metaspace       used 39397K, capacity 40002K, committed 40456K, reserved 1085440K
  class space    used 4662K, capacity 4826K, committed 4884K, reserved 1048576K
}
2016-10-24T05:58:16.013+0800: 162.602: [Rescan (parallel) , 0.0216452 secs]2016-10-24T05:58:16.035+0800: 162.624: [weak refs processing, 0.0010418 secs]2016-10-24T05:58:16.036+0800: 162.625: [class unloading, 0.0112759 secs]2016-10-24T05:58:16.047+0800: 162.636: [scrub symbol table, 0.0049029 secs]2016-10-24T05:58:16.052+0800: 162.641: [scrub string table, 0.0005580 secs][1 CMS-remark: 215900K(393216K)] 237724K(502464K), 0.0764164 secs] [Times: user=0.20 sys=0.00, real=0.08 secs] 
2016-10-24T05:58:16.053+0800: 162.642: Total time for which application threads were stopped: 0.0766125 seconds, Stopping threads took: 0.0000695 seconds
2016-10-24T05:58:16.053+0800: 162.642: [CMS-concurrent-sweep-start]
2016-10-24T05:58:16.140+0800: 162.730: Total time for which application threads were stopped: 0.0000770 seconds, Stopping threads took: 0.0000166 seconds
2016-10-24T05:58:16.153+0800: 162.742: [CMS-concurrent-sweep: 0.100/0.100 secs] [Times: user=0.18 sys=0.01, real=0.10 secs] 
2016-10-24T05:58:16.153+0800: 162.742: [CMS-concurrent-reset-start]
2016-10-24T05:58:16.154+0800: 162.743: [CMS-concurrent-reset: 0.001/0.001 secs] [Times: user=0.00 sys=0.00, real=0.00 secs] 
2016-10-24T05:58:16.348+0800: 162.937: Total time for which application threads were stopped: 0.0000889 seconds, Stopping threads took: 0.0000195 seconds
2016-10-24T05:58:16.412+0800: 163.001: Total time for which application threads were stopped: 0.0001668 seconds, Stopping threads took: 0.0000440 seconds
2016-10-24T05:58:16.412+0800: 163.002: Total time for which application threads were stopped: 0.0001128 seconds, Stopping threads took: 0.0000103 seconds
{Heap before GC invocations=150 (full 9):
 par new generation   total 109248K, used 109229K [0x00000007a0000000, 0x00000007a8000000, 0x00000007a8000000)
  eden space 87424K,  99% used [0x00000007a0000000, 0x00000007a555b688, 0x00000007a5560000)
  from space 21824K, 100% used [0x00000007a5560000, 0x00000007a6ab0000, 0x00000007a6ab0000)
  to   space 21824K,   0% used [0x00000007a6ab0000, 0x00000007a6ab0000, 0x00000007a8000000)
 concurrent mark-sweep generation total 393216K, used 149301K [0x00000007a8000000, 0x00000007c0000000, 0x00000007c0000000)
 Metaspace       used 39425K, capacity 40002K, committed 40456K, reserved 1085440K
  class space    used 4664K, capacity 4826K, committed 4884K, reserved 1048576K
2016-10-24T05:58:16.704+0800: 163.293: [GC (Allocation Failure) 2016-10-24T05:58:16.704+0800: 163.293: [ParNew
Desired survivor size 20112992 bytes, new threshold 8 (max 8)
- age   1:    1588896 bytes,    1588896 total
- age   2:    5478384 bytes,    7067280 total
- age   3:    3833368 bytes,   10900648 total
- age   4:    3554920 bytes,   14455568 total
- age   5:    2896968 bytes,   17352536 total
- age   6:    1909216 bytes,   19261752 total
: 109229K->21824K(109248K), 0.0187006 secs] 258531K->171387K(502464K), 0.0187653 secs] [Times: user=0.08 sys=0.00, real=0.02 secs] 
Heap after GC invocations=151 (full 9):
 par new generation   total 109248K, used 21824K [0x00000007a0000000, 0x00000007a8000000, 0x00000007a8000000)
  eden space 87424K,   0% used [0x00000007a0000000, 0x00000007a0000000, 0x00000007a5560000)
  from space 21824K, 100% used [0x00000007a6ab0000, 0x00000007a8000000, 0x00000007a8000000)
  to   space 21824K,   0% used [0x00000007a5560000, 0x00000007a5560000, 0x00000007a6ab0000)
 concurrent mark-sweep generation total 393216K, used 149563K [0x00000007a8000000, 0x00000007c0000000, 0x00000007c0000000)
 Metaspace       used 39425K, capacity 40002K, committed 40456K, reserved 1085440K
  class space    used 4664K, capacity 4826K, committed 4884K, reserved 1048576K
}
2016-10-24T05:58:16.722+0800: 163.312: Total time for which application threads were stopped: 0.0189373 seconds, Stopping threads took: 0.0000296 seconds
{Heap before GC invocations=151 (full 9):
 par new generation   total 109248K, used 109248K [0x00000007a0000000, 0x00000007a8000000, 0x00000007a8000000)
  eden space 87424K, 100% used [0x00000007a0000000, 0x00000007a5560000, 0x00000007a5560000)
  from space 21824K, 100% used [0x00000007a6ab0000, 0x00000007a8000000, 0x00000007a8000000)
  to   space 21824K,   0% used [0x00000007a5560000, 0x00000007a5560000, 0x00000007a6ab0000)
 concurrent mark-sweep generation total 393216K, used 149563K [0x00000007a8000000, 0x00000007c0000000, 0x00000007c0000000)
 Metaspace       used 39425K, capacity 40002K, committed 40456K, reserved 1085440K
  class space    used 4664K, capacity 4826K, committed 4884K, reserved 1048576K
2016-10-24T05:58:16.786+0800: 163.376: [GC (Allocation Failure) 2016-10-24T05:58:16.786+0800: 163.376: [ParNew
Desired survivor size 20112992 bytes, new threshold 8 (max 8)
- age   1:      94688 bytes,      94688 total
- age   2:    1081552 bytes,    1176240 total
- age   3:    5392264 bytes,    6568504 total
- age   4:    3714584 bytes,   10283088 total
- age   5:    3468648 bytes,   13751736 total
- age   6:    2815976 bytes,   16567712 total
- age   7:    1798880 bytes,   18366592 total
: 109248K->21824K(109248K), 0.0166142 secs] 258811K->172269K(502464K), 0.0166644 secs] [Times: user=0.08 sys=0.00, real=0.02 secs] 
Heap after GC invocations=152 (full 9):
 par new generation   total 109248K, used 21824K [0x00000007a0000000, 0x00000007a8000000, 0x00000007a8000000)
  eden space 87424K,   0% used [0x00000007a0000000, 0x00000007a0000000, 0x00000007a5560000)
  from space 21824K, 100% used [0x00000007a5560000, 0x00000007a6ab0000, 0x00000007a6ab0000)
  to   space 21824K,   0% used [0x00000007a6ab0000, 0x00000007a6ab0000, 0x00000007a8000000)
 concurrent mark-sweep generation total 393216K, used 150445K [0x00000007a8000000, 0x00000007c0000000, 0x00000007c0000000)
 Metaspace       used 39425K, capacity 40002K, committed 40456K, reserved 1085440K
  class space    used 4664K, capacity 4826K, committed 4884K, reserved 1048576K
}
2016-10-24T05:58:16.803+0800: 163.392: Total time for which application threads were stopped: 0.0168400 seconds, Stopping threads took: 0.0000183 seconds
{Heap before GC invocations=152 (full 9):
 par new generation   total 109248K, used 109248K [0x00000007a0000000, 0x00000007a8000000, 0x00000007a8000000)
  eden space 87424K, 100% used [0x00000007a0000000, 0x00000007a5560000, 0x00000007a5560000)
  from space 21824K, 100% used [0x00000007a5560000, 0x00000007a6ab0000, 0x00000007a6ab0000)
  to   space 21824K,   0% used [0x00000007a6ab0000, 0x00000007a6ab0000, 0x00000007a8000000)
 concurrent mark-sweep generation total 393216K, used 150445K [0x00000007a8000000, 0x00000007c0000000, 0x00000007c0000000)
 Metaspace       used 39426K, capacity 40002K, committed 40456K, reserved 1085440K
  class space    used 4664K, capacity 4826K, committed 4884K, reserved 1048576K
2016-10-24T05:58:16.911+0800: 163.501: [GC (Allocation Failure) 2016-10-24T05:58:16.911+0800: 163.501: [ParNew
Desired survivor size 20112992 bytes, new threshold 8 (max 8)
- age   1:     135008 bytes,     135008 total
- age   3:     981440 bytes,    1116448 total
- age   4:    5264528 bytes,    6380976 total
- age   5:    3502224 bytes,    9883200 total
- age   6:    3271048 bytes,   13154248 total
- age   7:    2619480 bytes,   15773728 total
- age   8:    1667696 bytes,   17441424 total
: 109248K->21824K(109248K), 0.0177953 secs] 259693K->172431K(502464K), 0.0178514 secs] [Times: user=0.08 sys=0.00, real=0.01 secs] 
Heap after GC invocations=153 (full 9):
 par new generation   total 109248K, used 21824K [0x00000007a0000000, 0x00000007a8000000, 0x00000007a8000000)
  eden space 87424K,   0% used [0x00000007a0000000, 0x00000007a0000000, 0x00000007a5560000)
  from space 21824K, 100% used [0x00000007a6ab0000, 0x00000007a8000000, 0x00000007a8000000)
  to   space 21824K,   0% used [0x00000007a5560000, 0x00000007a5560000, 0x00000007a6ab0000)
 concurrent mark-sweep generation total 393216K, used 150607K [0x00000007a8000000, 0x00000007c0000000, 0x00000007c0000000)
 Metaspace       used 39426K, capacity 40002K, committed 40456K, reserved 1085440K
  class space    used 4664K, capacity 4826K, committed 4884K, reserved 1048576K
}
2016-10-24T05:58:16.929+0800: 163.519: Total time for which application threads were stopped: 0.0180379 seconds, Stopping threads took: 0.0000354 seconds
2016-10-24T05:58:17.073+0800: 163.663: Total time for which application threads were stopped: 0.0001160 seconds, Stopping threads took: 0.0000337 seconds
2016-10-24T05:58:17.073+0800: 163.663: Total time for which application threads were stopped: 0.0000580 seconds, Stopping threads took: 0.0000112 seconds
2016-10-24T05:58:17.073+0800: 163.663: Total time for which application threads were stopped: 0.0000457 seconds, Stopping threads took: 0.0000078 seconds
2016-10-24T05:58:17.073+0800: 163.663: Total time for which application threads were stopped: 0.0000497 seconds, Stopping threads took: 0.0000081 seconds
2016-10-24T05:58:17.074+0800: 163.663: Total time for which application threads were stopped: 0.0000419 seconds, Stopping threads took: 0.0000076 seconds
2016-10-24T05:58:17.074+0800: 163.663: Total time for which application threads were stopped: 0.0000428 seconds, Stopping threads took: 0.0000069 seconds
2016-10-24T05:58:17.076+0800: 163.665: Total time for which application threads were stopped: 0.0000924 seconds, Stopping threads took: 0.0000348 seconds
2016-10-24T05:58:17.076+0800: 163.665: Total time for which application threads were stopped: 0.0000725 seconds, Stopping threads took: 0.0000268 seconds
2016-10-24T05:58:17.076+0800: 163.665: Total time for which application threads were stopped: 0.0000615 seconds, Stopping threads took: 0.0000121 seconds
2016-10-24T05:58:17.076+0800: 163.665: Total time for which application threads were stopped: 0.0000846 seconds, Stopping threads took: 0.0000454 seconds
2016-10-24T05:58:17.077+0800: 163.667: Total time for which application threads were stopped: 0.0000798 seconds, Stopping threads took: 0.0000300 seconds
2016-10-24T05:58:17.078+0800: 163.667: Total time for which application threads were stopped: 0.0000715 seconds, Stopping threads took: 0.0000245 seconds
2016-10-24T05:58:17.078+0800: 163.667: Total time for which application threads were stopped: 0.0000736 seconds, Stopping threads took: 0.0000288 seconds
2016-10-24T05:58:17.078+0800: 163.667: Total time for which application threads were stopped: 0.0000676 seconds, Stopping threads took: 0.0000090 seconds
2016-10-24T05:58:17.081+0800: 163.671: Total time for which application threads were stopped: 0.0000694 seconds, Stopping threads took: 0.0000124 seconds
2016-10-24T05:58:17.084+0800: 163.673: Total time for which application threads were stopped: 0.0000523 seconds, Stopping threads took: 0.0000096 seconds
2016-10-24T05:58:17.084+0800: 163.673: Total time for which application threads were stopped: 0.0000316 seconds, Stopping threads took: 0.0000060 seconds
2016-10-24T05:58:17.084+0800: 163.673: Total time for which application threads were stopped: 0.0000421 seconds, Stopping threads took: 0.0000075 seconds
2016-10-24T05:58:17.084+0800: 163.673: Total time for which application threads were stopped: 0.0000286 seconds, Stopping threads took: 0.0000057 seconds
2016-10-24T05:58:17.084+0800: 163.673: Total time for which application threads were stopped: 0.0000333 seconds, Stopping threads took: 0.0000054 seconds
2016-10-24T05:58:17.084+0800: 163.674: Total time for which application threads were stopped: 0.0000768 seconds, Stopping threads took: 0.0000059 seconds
2016-10-24T05:58:18.085+0800: 164.675: Total time for which application threads were stopped: 0.0001161 seconds, Stopping threads took: 0.0000290 seconds
2016-10-24T05:58:20.036+0800: 166.625: Total time for which application threads were stopped: 0.0000899 seconds, Stopping threads took: 0.0000172 seconds
2016-10-24T05:58:20.045+0800: 166.634: Total time for which application threads were stopped: 0.0000784 seconds, Stopping threads took: 0.0000274 seconds
2016-10-24T05:58:20.141+0800: 166.730: Total time for which application threads were stopped: 0.0001017 seconds, Stopping threads took: 0.0000181 seconds
2016-10-24T05:58:20.142+0800: 166.731: Total time for which application threads were stopped: 0.0000811 seconds, Stopping threads took: 0.0000261 seconds
2016-10-24T05:58:20.146+0800: 166.736: Total time for which application threads were stopped: 0.0000593 seconds, Stopping threads took: 0.0000120 seconds
2016-10-24T05:58:20.217+0800: 166.807: Total time for which application threads were stopped: 0.0001246 seconds, Stopping threads took: 0.0000188 seconds
2016-10-24T05:58:20.221+0800: 166.811: Total time for which application threads were stopped: 0.0000724 seconds, Stopping threads took: 0.0000156 seconds
2016-10-24T05:58:20.222+0800: 166.811: Total time for which application threads were stopped: 0.0000459 seconds, Stopping threads took: 0.0000085 seconds
2016-10-24T05:58:20.231+0800: 166.821: Total time for which application threads were stopped: 0.0000849 seconds, Stopping threads took: 0.0000149 seconds
2016-10-24T05:58:20.241+0800: 166.830: Total time for which application threads were stopped: 0.0000642 seconds, Stopping threads took: 0.0000145 seconds
2016-10-24T05:58:20.241+0800: 166.831: Total time for which application threads were stopped: 0.0000420 seconds, Stopping threads took: 0.0000095 seconds
2016-10-24T05:58:20.241+0800: 166.831: Total time for which application threads were stopped: 0.0000371 seconds, Stopping threads took: 0.0000074 seconds
2016-10-24T05:58:20.241+0800: 166.831: Total time for which application threads were stopped: 0.0000342 seconds, Stopping threads took: 0.0000070 seconds
2016-10-24T05:58:20.241+0800: 166.831: Total time for which application threads were stopped: 0.0001566 seconds, Stopping threads took: 0.0001145 seconds
2016-10-24T05:58:20.241+0800: 166.831: Total time for which application threads were stopped: 0.0000540 seconds, Stopping threads took: 0.0000231 seconds
2016-10-24T05:58:20.241+0800: 166.831: Total time for which application threads were stopped: 0.0000553 seconds, Stopping threads took: 0.0000207 seconds
2016-10-24T05:58:20.242+0800: 166.831: Total time for which application threads were stopped: 0.0000459 seconds, Stopping threads took: 0.0000180 seconds
2016-10-24T05:58:20.242+0800: 166.831: Total time for which application threads were stopped: 0.0000499 seconds, Stopping threads took: 0.0000197 seconds
2016-10-24T05:58:20.242+0800: 166.831: Total time for which application threads were stopped: 0.0000820 seconds, Stopping threads took: 0.0000527 seconds
2016-10-24T05:58:20.242+0800: 166.831: Total time for which application threads were stopped: 0.0000705 seconds, Stopping threads took: 0.0000452 seconds
2016-10-24T05:58:20.242+0800: 166.832: Total time for which application threads were stopped: 0.0000731 seconds, Stopping threads took: 0.0000467 seconds
2016-10-24T05:58:20.242+0800: 166.832: Total time for which application threads were stopped: 0.0000767 seconds, Stopping threads took: 0.0000509 seconds
2016-10-24T05:58:20.242+0800: 166.832: Total time for which application threads were stopped: 0.0000709 seconds, Stopping threads took: 0.0000450 seconds
2016-10-24T05:58:20.242+0800: 166.832: Total time for which application threads were stopped: 0.0000705 seconds, Stopping threads took: 0.0000450 seconds
2016-10-24T05:58:20.242+0800: 166.832: Total time for which application threads were stopped: 0.0000756 seconds, Stopping threads took: 0.0000511 seconds
2016-10-24T05:58:20.243+0800: 166.832: Total time for which application threads were stopped: 0.0000703 seconds, Stopping threads took: 0.0000456 seconds
2016-10-24T05:58:20.243+0800: 166.832: Total time for which application threads were stopped: 0.0000780 seconds, Stopping threads took: 0.0000519 seconds
2016-10-24T05:58:20.243+0800: 166.832: Total time for which application threads were stopped: 0.0000762 seconds, Stopping threads took: 0.0000509 seconds
2016-10-24T05:58:20.243+0800: 166.832: Total time for which application threads were stopped: 0.0001242 seconds, Stopping threads took: 0.0000447 seconds
2016-10-24T05:58:20.263+0800: 166.852: Total time for which application threads were stopped: 0.0001351 seconds, Stopping threads took: 0.0000275 seconds
2016-10-24T05:58:20.275+0800: 166.865: Total time for which application threads were stopped: 0.0000626 seconds, Stopping threads took: 0.0000127 seconds
2016-10-24T05:58:20.275+0800: 166.865: Total time for which application threads were stopped: 0.0000406 seconds, Stopping threads took: 0.0000086 seconds
2016-10-24T05:58:20.275+0800: 166.865: Total time for which application threads were stopped: 0.0000342 seconds, Stopping threads took: 0.0000076 seconds
2016-10-24T05:58:20.275+0800: 166.865: Total time for which application threads were stopped: 0.0000319 seconds, Stopping threads took: 0.0000070 seconds
2016-10-24T05:58:20.275+0800: 166.865: Total time for which application threads were stopped: 0.0000315 seconds, Stopping threads took: 0.0000071 seconds
2016-10-24T05:58:20.275+0800: 166.865: Total time for which application threads were stopped: 0.0000305 seconds, Stopping threads took: 0.0000068 seconds
2016-10-24T05:58:20.275+0800: 166.865: Total time for which application threads were stopped: 0.0000297 seconds, Stopping threads took: 0.0000062 seconds
2016-10-24T05:58:20.276+0800: 166.865: Total time for which application threads were stopped: 0.0000302 seconds, Stopping threads took: 0.0000064 seconds
2016-10-24T05:58:20.276+0800: 166.865: Total time for which application threads were stopped: 0.0000315 seconds, Stopping threads took: 0.0000063 seconds
2016-10-24T05:58:20.276+0800: 166.865: Total time for which application threads were stopped: 0.0000296 seconds, Stopping threads took: 0.0000062 seconds
2016-10-24T05:58:20.276+0800: 166.865: Total time for which application threads were stopped: 0.0000291 seconds, Stopping threads took: 0.0000061 seconds
2016-10-24T05:58:20.276+0800: 166.865: Total time for which application threads were stopped: 0.0000298 seconds, Stopping threads took: 0.0000065 seconds
2016-10-24T05:58:20.276+0800: 166.865: Total time for which application threads were stopped: 0.0000310 seconds, Stopping threads took: 0.0000063 seconds
2016-10-24T05:58:20.276+0800: 166.866: Total time for which application threads were stopped: 0.0000839 seconds, Stopping threads took: 0.0000062 seconds
2016-10-24T05:58:21.281+0800: 167.870: Total time for which application threads were stopped: 0.0001644 seconds, Stopping threads took: 0.0000393 seconds
2016-10-24T05:59:26.438+0800: 233.030: Total time for which application threads were stopped: 0.0000887 seconds, Stopping threads took: 0.0000298 seconds
2016-10-24T06:00:37.189+0800: 303.783: Total time for which application threads were stopped: 0.0000797 seconds, Stopping threads took: 0.0000215 seconds
2016-10-24T06:00:37.189+0800: 303.783: Total time for which application threads were stopped: 0.0000414 seconds, Stopping threads took: 0.0000077 seconds
2016-10-24T06:00:37.189+0800: 303.783: Total time for which application threads were stopped: 0.0000341 seconds, Stopping threads took: 0.0000071 seconds
2016-10-24T06:00:37.294+0800: 303.887: Total time for which application threads were stopped: 0.0001167 seconds, Stopping threads took: 0.0000337 seconds
2016-10-24T06:00:37.294+0800: 303.887: Total time for which application threads were stopped: 0.0000740 seconds, Stopping threads took: 0.0000244 seconds
2016-10-24T06:00:37.294+0800: 303.888: Total time for which application threads were stopped: 0.0000777 seconds, Stopping threads took: 0.0000231 seconds
2016-10-24T06:00:37.294+0800: 303.888: Total time for which application threads were stopped: 0.0001150 seconds, Stopping threads took: 0.0000282 seconds
2016-10-24T06:00:37.294+0800: 303.888: Total time for which application threads were stopped: 0.0000796 seconds, Stopping threads took: 0.0000424 seconds
2016-10-24T06:00:37.294+0800: 303.888: Total time for which application threads were stopped: 0.0000862 seconds, Stopping threads took: 0.0000299 seconds
2016-10-24T06:00:37.294+0800: 303.888: Total time for which application threads were stopped: 0.0000638 seconds, Stopping threads took: 0.0000294 seconds
2016-10-24T06:00:37.294+0800: 303.888: Total time for which application threads were stopped: 0.0000690 seconds, Stopping threads took: 0.0000316 seconds
2016-10-24T06:00:37.295+0800: 303.888: Total time for which application threads were stopped: 0.0000658 seconds, Stopping threads took: 0.0000339 seconds
2016-10-24T06:00:37.295+0800: 303.888: Total time for which application threads were stopped: 0.0000763 seconds, Stopping threads took: 0.0000398 seconds
2016-10-24T06:00:37.295+0800: 303.889: Total time for which application threads were stopped: 0.0000558 seconds, Stopping threads took: 0.0000215 seconds
2016-10-24T06:00:37.295+0800: 303.889: Total time for which application threads were stopped: 0.0000681 seconds, Stopping threads took: 0.0000296 seconds
2016-10-24T06:00:37.295+0800: 303.889: Total time for which application threads were stopped: 0.0000576 seconds, Stopping threads took: 0.0000099 seconds
2016-10-24T06:00:37.295+0800: 303.889: Total time for which application threads were stopped: 0.0000428 seconds, Stopping threads took: 0.0000086 seconds
2016-10-24T06:00:37.295+0800: 303.889: Total time for which application threads were stopped: 0.0000598 seconds, Stopping threads took: 0.0000126 seconds
2016-10-24T06:00:37.295+0800: 303.889: Total time for which application threads were stopped: 0.0000496 seconds, Stopping threads took: 0.0000202 seconds
2016-10-24T06:00:37.295+0800: 303.889: Total time for which application threads were stopped: 0.0000553 seconds, Stopping threads took: 0.0000088 seconds
2016-10-24T06:00:37.296+0800: 303.889: Total time for which application threads were stopped: 0.0000553 seconds, Stopping threads took: 0.0000094 seconds
2016-10-24T06:00:37.296+0800: 303.889: Total time for which application threads were stopped: 0.0000703 seconds, Stopping threads took: 0.0000266 seconds
2016-10-24T06:00:37.296+0800: 303.890: Total time for which application threads were stopped: 0.0001107 seconds, Stopping threads took: 0.0000094 seconds
2016-10-24T06:00:37.314+0800: 303.908: Total time for which application threads were stopped: 0.0002344 seconds, Stopping threads took: 0.0000570 seconds
2016-10-24T06:00:38.317+0800: 304.911: Total time for which application threads were stopped: 0.0001377 seconds, Stopping threads took: 0.0000365 seconds
2016-10-24T06:01:28.430+0800: 355.026: Total time for which application threads were stopped: 0.0000884 seconds, Stopping threads took: 0.0000251 seconds
2016-10-24T06:01:32.438+0800: 359.034: Total time for which application threads were stopped: 0.0001183 seconds, Stopping threads took: 0.0000320 seconds
2016-10-24T06:02:51.672+0800: 438.270: Total time for which application threads were stopped: 0.0005970 seconds, Stopping threads took: 0.0000160 seconds
2016-10-24T06:02:51.677+0800: 438.275: Total time for which application threads were stopped: 0.0000974 seconds, Stopping threads took: 0.0000327 seconds
2016-10-24T06:02:51.679+0800: 438.277: Total time for which application threads were stopped: 0.0001021 seconds, Stopping threads took: 0.0000291 seconds
2016-10-24T06:02:51.680+0800: 438.277: Total time for which application threads were stopped: 0.0000532 seconds, Stopping threads took: 0.0000096 seconds
2016-10-24T06:02:51.680+0800: 438.278: Total time for which application threads were stopped: 0.0000593 seconds, Stopping threads took: 0.0000088 seconds
2016-10-24T06:02:51.680+0800: 438.278: Total time for which application threads were stopped: 0.0000528 seconds, Stopping threads took: 0.0000074 seconds
2016-10-24T06:02:51.682+0800: 438.280: Total time for which application threads were stopped: 0.0000512 seconds, Stopping threads took: 0.0000084 seconds
2016-10-24T06:02:51.682+0800: 438.280: Total time for which application threads were stopped: 0.0000514 seconds, Stopping threads took: 0.0000080 seconds
2016-10-24T06:02:51.683+0800: 438.280: Total time for which application threads were stopped: 0.0000716 seconds, Stopping threads took: 0.0000289 seconds
2016-10-24T06:02:51.683+0800: 438.281: Total time for which application threads were stopped: 0.0000519 seconds, Stopping threads took: 0.0000287 seconds
2016-10-24T06:02:51.683+0800: 438.281: Total time for which application threads were stopped: 0.0000368 seconds, Stopping threads took: 0.0000075 seconds
2016-10-24T06:02:51.683+0800: 438.281: Total time for which application threads were stopped: 0.0000691 seconds, Stopping threads took: 0.0000296 seconds
2016-10-24T06:02:51.684+0800: 438.282: Total time for which application threads were stopped: 0.0000653 seconds, Stopping threads took: 0.0000215 seconds
2016-10-24T06:02:51.684+0800: 438.282: Total time for which application threads were stopped: 0.0000510 seconds, Stopping threads took: 0.0000241 seconds
2016-10-24T06:02:51.684+0800: 438.282: Total time for which application threads were stopped: 0.0000653 seconds, Stopping threads took: 0.0000320 seconds
2016-10-24T06:02:51.684+0800: 438.282: Total time for which application threads were stopped: 0.0000775 seconds, Stopping threads took: 0.0000557 seconds
2016-10-24T06:02:51.684+0800: 438.282: Total time for which application threads were stopped: 0.0000592 seconds, Stopping threads took: 0.0000273 seconds
2016-10-24T06:02:51.685+0800: 438.282: Total time for which application threads were stopped: 0.0000633 seconds, Stopping threads took: 0.0000410 seconds
2016-10-24T06:02:51.685+0800: 438.283: Total time for which application threads were stopped: 0.0000664 seconds, Stopping threads took: 0.0000089 seconds
2016-10-24T06:02:51.685+0800: 438.283: Total time for which application threads were stopped: 0.0000594 seconds, Stopping threads took: 0.0000292 seconds
2016-10-24T06:02:51.686+0800: 438.283: Total time for which application threads were stopped: 0.0000724 seconds, Stopping threads took: 0.0000397 seconds
2016-10-24T06:02:51.686+0800: 438.284: Total time for which application threads were stopped: 0.0000541 seconds, Stopping threads took: 0.0000159 seconds
2016-10-24T06:02:51.688+0800: 438.286: Total time for which application threads were stopped: 0.0001266 seconds, Stopping threads took: 0.0000822 seconds
Heap
 par new generation   total 109248K, used 85170K [0x00000007a0000000, 0x00000007a8000000, 0x00000007a8000000)
  eden space 87424K,  72% used [0x00000007a0000000, 0x00000007a3ddca48, 0x00000007a5560000)
  from space 21824K, 100% used [0x00000007a6ab0000, 0x00000007a8000000, 0x00000007a8000000)
  to   space 21824K,   0% used [0x00000007a5560000, 0x00000007a5560000, 0x00000007a6ab0000)
 concurrent mark-sweep generation total 393216K, used 150607K [0x00000007a8000000, 0x00000007c0000000, 0x00000007c0000000)
 Metaspace       used 39830K, capacity 40500K, committed 40968K, reserved 1085440K
  class space    used 4685K, capacity 4873K, committed 4884K, reserved 1048576K
