Java HotSpot(TM) 64-Bit Server VM (25.92-b14) for bsd-amd64 JRE (1.8.0_92-b14), built on Mar 31 2016 21:23:14 by "java_re" with gcc 4.2.1 (Based on Apple Inc. build 5658) (LLVM build 2336.11.00)
Memory: 4k page, physical 16777216k(868456k free)

/proc/meminfo:

CommandLine flags: -XX:CMSInitiatingOccupancyFraction=50 -XX:CMSMaxAbortablePrecleanTime=6000 -XX:+CMSParallelRemarkEnabled -XX:+CMSScavengeBeforeRemark -XX:ConcGCThreads=4 -XX:InitialHeapSize=536870912 -XX:MaxHeapSize=536870912 -XX:MaxTenuringThreshold=8 -XX:NewRatio=3 -XX:OldPLABSize=16 -XX:OnOutOfMemoryError=/Users/pparthasarathy/solr-6.2.1/bin/oom_solr.sh 8983 /Users/pparthasarathy/solr-6.2.1/example/techproducts/solr/../logs -XX:ParallelGCThreads=4 -XX:+ParallelRefProcEnabled -XX:PretenureSizeThreshold=67108864 -XX:+PrintGC -XX:+PrintGCApplicationStoppedTime -XX:+PrintGCDateStamps -XX:+PrintGCDetails -XX:+PrintGCTimeStamps -XX:+PrintHeapAtGC -XX:+PrintTenuringDistribution -XX:SurvivorRatio=4 -XX:TargetSurvivorRatio=90 -XX:ThreadStackSize=256 -XX:+UseCMSInitiatingOccupancyOnly -XX:+UseCompressedClassPointers -XX:+UseCompressedOops -XX:+UseConcMarkSweepGC -XX:+UseParNewGC 
2016-10-23T22:37:43.433+0800: 0.128: Total time for which application threads were stopped: 0.0000691 seconds, Stopping threads took: 0.0000096 seconds
2016-10-23T22:37:43.488+0800: 0.182: Total time for which application threads were stopped: 0.0001380 seconds, Stopping threads took: 0.0000176 seconds
2016-10-23T22:37:43.721+0800: 0.416: Total time for which application threads were stopped: 0.0001588 seconds, Stopping threads took: 0.0000108 seconds
2016-10-23T22:37:43.761+0800: 0.456: Total time for which application threads were stopped: 0.0001527 seconds, Stopping threads took: 0.0000231 seconds
2016-10-23T22:37:43.772+0800: 0.466: Total time for which application threads were stopped: 0.0001743 seconds, Stopping threads took: 0.0000168 seconds
2016-10-23T22:37:43.904+0800: 0.599: Total time for which application threads were stopped: 0.0001967 seconds, Stopping threads took: 0.0000220 seconds
2016-10-23T22:37:44.041+0800: 0.736: Total time for which application threads were stopped: 0.0002366 seconds, Stopping threads took: 0.0000133 seconds
2016-10-23T22:37:44.042+0800: 0.737: Total time for which application threads were stopped: 0.0000783 seconds, Stopping threads took: 0.0000061 seconds
2016-10-23T22:37:44.044+0800: 0.739: Total time for which application threads were stopped: 0.0001430 seconds, Stopping threads took: 0.0000094 seconds
2016-10-23T22:37:44.051+0800: 0.745: Total time for which application threads were stopped: 0.0001630 seconds, Stopping threads took: 0.0000090 seconds
2016-10-23T22:37:44.228+0800: 0.922: Total time for which application threads were stopped: 0.0002644 seconds, Stopping threads took: 0.0000258 seconds
{Heap before GC invocations=0 (full 0):
 par new generation   total 109248K, used 87424K [0x00000007a0000000, 0x00000007a8000000, 0x00000007a8000000)
  eden space 87424K, 100% used [0x00000007a0000000, 0x00000007a5560000, 0x00000007a5560000)
  from space 21824K,   0% used [0x00000007a5560000, 0x00000007a5560000, 0x00000007a6ab0000)
  to   space 21824K,   0% used [0x00000007a6ab0000, 0x00000007a6ab0000, 0x00000007a8000000)
 concurrent mark-sweep generation total 393216K, used 0K [0x00000007a8000000, 0x00000007c0000000, 0x00000007c0000000)
 Metaspace       used 18118K, capacity 18456K, committed 18688K, reserved 1064960K
  class space    used 2100K, capacity 2231K, committed 2304K, reserved 1048576K
2016-10-23T22:37:44.300+0800: 0.995: [GC (Allocation Failure) 2016-10-23T22:37:44.301+0800: 0.995: [ParNew
Desired survivor size 20112992 bytes, new threshold 8 (max 8)
- age   1:   11411528 bytes,   11411528 total
: 87424K->11244K(109248K), 0.0101269 secs] 87424K->11244K(502464K), 0.0102098 secs] [Times: user=0.03 sys=0.01, real=0.01 secs] 
Heap after GC invocations=1 (full 0):
 par new generation   total 109248K, used 11244K [0x00000007a0000000, 0x00000007a8000000, 0x00000007a8000000)
  eden space 87424K,   0% used [0x00000007a0000000, 0x00000007a0000000, 0x00000007a5560000)
  from space 21824K,  51% used [0x00000007a6ab0000, 0x00000007a75ab3a8, 0x00000007a8000000)
  to   space 21824K,   0% used [0x00000007a5560000, 0x00000007a5560000, 0x00000007a6ab0000)
 concurrent mark-sweep generation total 393216K, used 0K [0x00000007a8000000, 0x00000007c0000000, 0x00000007c0000000)
 Metaspace       used 18118K, capacity 18456K, committed 18688K, reserved 1064960K
  class space    used 2100K, capacity 2231K, committed 2304K, reserved 1048576K
}
2016-10-23T22:37:44.311+0800: 1.005: Total time for which application threads were stopped: 0.0104459 seconds, Stopping threads took: 0.0000252 seconds
2016-10-23T22:37:44.471+0800: 1.165: Total time for which application threads were stopped: 0.0003505 seconds, Stopping threads took: 0.0000176 seconds
2016-10-23T22:37:44.501+0800: 1.196: Total time for which application threads were stopped: 0.0003165 seconds, Stopping threads took: 0.0000165 seconds
2016-10-23T22:37:44.520+0800: 1.215: Total time for which application threads were stopped: 0.0002608 seconds, Stopping threads took: 0.0000144 seconds
2016-10-23T22:37:44.615+0800: 1.309: Total time for which application threads were stopped: 0.0001523 seconds, Stopping threads took: 0.0000152 seconds
2016-10-23T22:37:44.623+0800: 1.318: Total time for which application threads were stopped: 0.0000840 seconds, Stopping threads took: 0.0000169 seconds
2016-10-23T22:37:44.659+0800: 1.354: Total time for which application threads were stopped: 0.0001262 seconds, Stopping threads took: 0.0000481 seconds
{Heap before GC invocations=1 (full 0):
 par new generation   total 109248K, used 98668K [0x00000007a0000000, 0x00000007a8000000, 0x00000007a8000000)
  eden space 87424K, 100% used [0x00000007a0000000, 0x00000007a5560000, 0x00000007a5560000)
  from space 21824K,  51% used [0x00000007a6ab0000, 0x00000007a75ab3a8, 0x00000007a8000000)
  to   space 21824K,   0% used [0x00000007a5560000, 0x00000007a5560000, 0x00000007a6ab0000)
 concurrent mark-sweep generation total 393216K, used 0K [0x00000007a8000000, 0x00000007c0000000, 0x00000007c0000000)
 Metaspace       used 21493K, capacity 21840K, committed 22216K, reserved 1069056K
  class space    used 2546K, capacity 2681K, committed 2684K, reserved 1048576K
2016-10-23T22:37:44.670+0800: 1.365: [GC (Allocation Failure) 2016-10-23T22:37:44.670+0800: 1.365: [ParNew
Desired survivor size 20112992 bytes, new threshold 8 (max 8)
- age   1:    4628600 bytes,    4628600 total
- age   2:    5582360 bytes,   10210960 total
: 98668K->14036K(109248K), 0.0092937 secs] 98668K->14036K(502464K), 0.0093582 secs] [Times: user=0.03 sys=0.01, real=0.01 secs] 
Heap after GC invocations=2 (full 0):
 par new generation   total 109248K, used 14036K [0x00000007a0000000, 0x00000007a8000000, 0x00000007a8000000)
  eden space 87424K,   0% used [0x00000007a0000000, 0x00000007a0000000, 0x00000007a5560000)
  from space 21824K,  64% used [0x00000007a5560000, 0x00000007a6315080, 0x00000007a6ab0000)
  to   space 21824K,   0% used [0x00000007a6ab0000, 0x00000007a6ab0000, 0x00000007a8000000)
 concurrent mark-sweep generation total 393216K, used 0K [0x00000007a8000000, 0x00000007c0000000, 0x00000007c0000000)
 Metaspace       used 21493K, capacity 21840K, committed 22216K, reserved 1069056K
  class space    used 2546K, capacity 2681K, committed 2684K, reserved 1048576K
}
2016-10-23T22:37:44.680+0800: 1.374: Total time for which application threads were stopped: 0.0094999 seconds, Stopping threads took: 0.0000158 seconds
2016-10-23T22:37:44.680+0800: 1.374: [GC (CMS Initial Mark) [1 CMS-initial-mark: 0K(393216K)] 15238K(502464K), 0.0020801 secs] [Times: user=0.00 sys=0.00, real=0.00 secs] 
2016-10-23T22:37:44.682+0800: 1.377: Total time for which application threads were stopped: 0.0021561 seconds, Stopping threads took: 0.0000101 seconds
2016-10-23T22:37:44.682+0800: 1.377: [CMS-concurrent-mark-start]
2016-10-23T22:37:44.682+0800: 1.377: [CMS-concurrent-mark: 0.000/0.000 secs] [Times: user=0.00 sys=0.00, real=0.00 secs] 
2016-10-23T22:37:44.682+0800: 1.377: [CMS-concurrent-preclean-start]
2016-10-23T22:37:44.683+0800: 1.378: [CMS-concurrent-preclean: 0.001/0.001 secs] [Times: user=0.00 sys=0.00, real=0.00 secs] 
2016-10-23T22:37:44.683+0800: 1.378: [GC (CMS Final Remark) [YG occupancy: 15238 K (109248 K)]{Heap before GC invocations=2 (full 1):
 par new generation   total 109248K, used 15238K [0x00000007a0000000, 0x00000007a8000000, 0x00000007a8000000)
  eden space 87424K,   1% used [0x00000007a0000000, 0x00000007a012c8b8, 0x00000007a5560000)
  from space 21824K,  64% used [0x00000007a5560000, 0x00000007a6315080, 0x00000007a6ab0000)
  to   space 21824K,   0% used [0x00000007a6ab0000, 0x00000007a6ab0000, 0x00000007a8000000)
 concurrent mark-sweep generation total 393216K, used 0K [0x00000007a8000000, 0x00000007c0000000, 0x00000007c0000000)
 Metaspace       used 21493K, capacity 21840K, committed 22216K, reserved 1069056K
  class space    used 2546K, capacity 2681K, committed 2684K, reserved 1048576K
2016-10-23T22:37:44.683+0800: 1.378: [GC (CMS Final Remark) 2016-10-23T22:37:44.683+0800: 1.378: [ParNew
Desired survivor size 20112992 bytes, new threshold 8 (max 8)
- age   1:       2240 bytes,       2240 total
- age   2:    1998720 bytes,    2000960 total
- age   3:    5562040 bytes,    7563000 total
: 15238K->9614K(109248K), 0.0061998 secs] 15238K->9614K(502464K), 0.0062589 secs] [Times: user=0.02 sys=0.00, real=0.01 secs] 
Heap after GC invocations=3 (full 1):
 par new generation   total 109248K, used 9614K [0x00000007a0000000, 0x00000007a8000000, 0x00000007a8000000)
  eden space 87424K,   0% used [0x00000007a0000000, 0x00000007a0000000, 0x00000007a5560000)
  from space 21824K,  44% used [0x00000007a6ab0000, 0x00000007a7413920, 0x00000007a8000000)
  to   space 21824K,   0% used [0x00000007a5560000, 0x00000007a5560000, 0x00000007a6ab0000)
 concurrent mark-sweep generation total 393216K, used 0K [0x00000007a8000000, 0x00000007c0000000, 0x00000007c0000000)
 Metaspace       used 21493K, capacity 21840K, committed 22216K, reserved 1069056K
  class space    used 2546K, capacity 2681K, committed 2684K, reserved 1048576K
}
2016-10-23T22:37:44.690+0800: 1.384: [Rescan (parallel) , 0.0017592 secs]2016-10-23T22:37:44.691+0800: 1.386: [weak refs processing, 0.0007977 secs]2016-10-23T22:37:44.692+0800: 1.387: [class unloading, 0.0027911 secs]2016-10-23T22:37:44.695+0800: 1.390: [scrub symbol table, 0.0029107 secs]2016-10-23T22:37:44.698+0800: 1.393: [scrub string table, 0.0002706 secs][1 CMS-remark: 0K(393216K)] 9614K(502464K), 0.0154575 secs] [Times: user=0.04 sys=0.00, real=0.01 secs] 
2016-10-23T22:37:44.699+0800: 1.393: Total time for which application threads were stopped: 0.0155532 seconds, Stopping threads took: 0.0000261 seconds
2016-10-23T22:37:44.699+0800: 1.393: [CMS-concurrent-sweep-start]
2016-10-23T22:37:44.699+0800: 1.393: [CMS-concurrent-sweep: 0.000/0.000 secs] [Times: user=0.00 sys=0.00, real=0.00 secs] 
2016-10-23T22:37:44.699+0800: 1.393: [CMS-concurrent-reset-start]
2016-10-23T22:37:44.702+0800: 1.397: [CMS-concurrent-reset: 0.003/0.003 secs] [Times: user=0.00 sys=0.00, real=0.01 secs] 
{Heap before GC invocations=3 (full 1):
 par new generation   total 109248K, used 97038K [0x00000007a0000000, 0x00000007a8000000, 0x00000007a8000000)
  eden space 87424K, 100% used [0x00000007a0000000, 0x00000007a5560000, 0x00000007a5560000)
  from space 21824K,  44% used [0x00000007a6ab0000, 0x00000007a7413920, 0x00000007a8000000)
  to   space 21824K,   0% used [0x00000007a5560000, 0x00000007a5560000, 0x00000007a6ab0000)
 concurrent mark-sweep generation total 393216K, used 0K [0x00000007a8000000, 0x00000007c0000000, 0x00000007c0000000)
 Metaspace       used 21907K, capacity 22248K, committed 22600K, reserved 1069056K
  class space    used 2605K, capacity 2749K, committed 2812K, reserved 1048576K
2016-10-23T22:37:44.802+0800: 1.497: [GC (Allocation Failure) 2016-10-23T22:37:44.802+0800: 1.497: [ParNew
Desired survivor size 20112992 bytes, new threshold 8 (max 8)
- age   1:     521504 bytes,     521504 total
- age   2:       1728 bytes,     523232 total
- age   3:    1449848 bytes,    1973080 total
- age   4:    5561384 bytes,    7534464 total
: 97038K->9321K(109248K), 0.0063610 secs] 97038K->9321K(502464K), 0.0064337 secs] [Times: user=0.02 sys=0.00, real=0.00 secs] 
Heap after GC invocations=4 (full 1):
 par new generation   total 109248K, used 9321K [0x00000007a0000000, 0x00000007a8000000, 0x00000007a8000000)
  eden space 87424K,   0% used [0x00000007a0000000, 0x00000007a0000000, 0x00000007a5560000)
  from space 21824K,  42% used [0x00000007a5560000, 0x00000007a5e7a4c0, 0x00000007a6ab0000)
  to   space 21824K,   0% used [0x00000007a6ab0000, 0x00000007a6ab0000, 0x00000007a8000000)
 concurrent mark-sweep generation total 393216K, used 0K [0x00000007a8000000, 0x00000007c0000000, 0x00000007c0000000)
 Metaspace       used 21907K, capacity 22248K, committed 22600K, reserved 1069056K
  class space    used 2605K, capacity 2749K, committed 2812K, reserved 1048576K
}
2016-10-23T22:37:44.809+0800: 1.504: Total time for which application threads were stopped: 0.0065706 seconds, Stopping threads took: 0.0000163 seconds
2016-10-23T22:37:44.874+0800: 1.568: Total time for which application threads were stopped: 0.0003426 seconds, Stopping threads took: 0.0000185 seconds
2016-10-23T22:37:44.915+0800: 1.609: Total time for which application threads were stopped: 0.0003252 seconds, Stopping threads took: 0.0000157 seconds
2016-10-23T22:37:45.040+0800: 1.735: Total time for which application threads were stopped: 0.0003981 seconds, Stopping threads took: 0.0000246 seconds
2016-10-23T22:37:45.048+0800: 1.742: Total time for which application threads were stopped: 0.0003341 seconds, Stopping threads took: 0.0000150 seconds
{Heap before GC invocations=4 (full 1):
 par new generation   total 109248K, used 96745K [0x00000007a0000000, 0x00000007a8000000, 0x00000007a8000000)
  eden space 87424K, 100% used [0x00000007a0000000, 0x00000007a5560000, 0x00000007a5560000)
  from space 21824K,  42% used [0x00000007a5560000, 0x00000007a5e7a4c0, 0x00000007a6ab0000)
  to   space 21824K,   0% used [0x00000007a6ab0000, 0x00000007a6ab0000, 0x00000007a8000000)
 concurrent mark-sweep generation total 393216K, used 0K [0x00000007a8000000, 0x00000007c0000000, 0x00000007c0000000)
 Metaspace       used 26249K, capacity 26738K, committed 27132K, reserved 1073152K
  class space    used 3127K, capacity 3288K, committed 3324K, reserved 1048576K
2016-10-23T22:37:45.240+0800: 1.935: [GC (Allocation Failure) 2016-10-23T22:37:45.240+0800: 1.935: [ParNew
Desired survivor size 20112992 bytes, new threshold 8 (max 8)
- age   1:    5318264 bytes,    5318264 total
- age   2:     178232 bytes,    5496496 total
- age   3:       1728 bytes,    5498224 total
- age   4:     852936 bytes,    6351160 total
- age   5:    5554112 bytes,   11905272 total
: 96745K->14746K(109248K), 0.0087673 secs] 96745K->14746K(502464K), 0.0088144 secs] [Times: user=0.04 sys=0.00, real=0.00 secs] 
Heap after GC invocations=5 (full 1):
 par new generation   total 109248K, used 14746K [0x00000007a0000000, 0x00000007a8000000, 0x00000007a8000000)
  eden space 87424K,   0% used [0x00000007a0000000, 0x00000007a0000000, 0x00000007a5560000)
  from space 21824K,  67% used [0x00000007a6ab0000, 0x00000007a7916a90, 0x00000007a8000000)
  to   space 21824K,   0% used [0x00000007a5560000, 0x00000007a5560000, 0x00000007a6ab0000)
 concurrent mark-sweep generation total 393216K, used 0K [0x00000007a8000000, 0x00000007c0000000, 0x00000007c0000000)
 Metaspace       used 26249K, capacity 26738K, committed 27132K, reserved 1073152K
  class space    used 3127K, capacity 3288K, committed 3324K, reserved 1048576K
}
2016-10-23T22:37:45.249+0800: 1.944: Total time for which application threads were stopped: 0.0089702 seconds, Stopping threads took: 0.0000239 seconds
2016-10-23T22:37:45.349+0800: 2.044: Total time for which application threads were stopped: 0.0003331 seconds, Stopping threads took: 0.0000130 seconds
2016-10-23T22:37:45.598+0800: 2.293: Total time for which application threads were stopped: 0.0004376 seconds, Stopping threads took: 0.0000174 seconds
2016-10-23T22:37:46.600+0800: 3.295: Total time for which application threads were stopped: 0.0001468 seconds, Stopping threads took: 0.0000199 seconds
2016-10-23T22:37:47.405+0800: 4.099: Total time for which application threads were stopped: 0.0004561 seconds, Stopping threads took: 0.0000273 seconds
2016-10-23T22:37:48.992+0800: 5.686: Total time for which application threads were stopped: 0.0000616 seconds, Stopping threads took: 0.0000146 seconds
2016-10-23T22:37:48.995+0800: 5.690: Total time for which application threads were stopped: 0.0000530 seconds, Stopping threads took: 0.0000140 seconds
2016-10-23T22:37:49.051+0800: 5.746: Total time for which application threads were stopped: 0.0004557 seconds, Stopping threads took: 0.0000157 seconds
2016-10-23T22:37:49.052+0800: 5.747: Total time for which application threads were stopped: 0.0000789 seconds, Stopping threads took: 0.0000331 seconds
2016-10-23T22:37:49.052+0800: 5.747: Total time for which application threads were stopped: 0.0000405 seconds, Stopping threads took: 0.0000071 seconds
2016-10-23T22:37:49.052+0800: 5.747: Total time for which application threads were stopped: 0.0000493 seconds, Stopping threads took: 0.0000215 seconds
2016-10-23T22:37:49.052+0800: 5.747: Total time for which application threads were stopped: 0.0000507 seconds, Stopping threads took: 0.0000167 seconds
2016-10-23T22:37:49.052+0800: 5.747: Total time for which application threads were stopped: 0.0000385 seconds, Stopping threads took: 0.0000059 seconds
2016-10-23T22:37:49.052+0800: 5.747: Total time for which application threads were stopped: 0.0000350 seconds, Stopping threads took: 0.0000052 seconds
2016-10-23T22:37:49.058+0800: 5.753: Total time for which application threads were stopped: 0.0000967 seconds, Stopping threads took: 0.0000409 seconds
2016-10-23T22:37:49.058+0800: 5.753: Total time for which application threads were stopped: 0.0000500 seconds, Stopping threads took: 0.0000199 seconds
2016-10-23T22:37:49.058+0800: 5.753: Total time for which application threads were stopped: 0.0000511 seconds, Stopping threads took: 0.0000083 seconds
2016-10-23T22:37:49.058+0800: 5.753: Total time for which application threads were stopped: 0.0000551 seconds, Stopping threads took: 0.0000149 seconds
2016-10-23T22:37:49.058+0800: 5.753: Total time for which application threads were stopped: 0.0000659 seconds, Stopping threads took: 0.0000223 seconds
2016-10-23T22:37:49.100+0800: 5.795: Total time for which application threads were stopped: 0.0001382 seconds, Stopping threads took: 0.0000234 seconds
2016-10-23T22:37:49.101+0800: 5.796: Total time for which application threads were stopped: 0.0000598 seconds, Stopping threads took: 0.0000111 seconds
2016-10-23T22:37:49.103+0800: 5.798: Total time for which application threads were stopped: 0.0000833 seconds, Stopping threads took: 0.0000220 seconds
2016-10-23T22:37:49.103+0800: 5.798: Total time for which application threads were stopped: 0.0000714 seconds, Stopping threads took: 0.0000279 seconds
2016-10-23T22:37:49.108+0800: 5.803: Total time for which application threads were stopped: 0.0000539 seconds, Stopping threads took: 0.0000096 seconds
2016-10-23T22:37:49.108+0800: 5.803: Total time for which application threads were stopped: 0.0000553 seconds, Stopping threads took: 0.0000185 seconds
2016-10-23T22:37:49.110+0800: 5.805: Total time for which application threads were stopped: 0.0000746 seconds, Stopping threads took: 0.0000251 seconds
2016-10-23T22:37:49.110+0800: 5.805: Total time for which application threads were stopped: 0.0000488 seconds, Stopping threads took: 0.0000091 seconds
2016-10-23T22:37:50.112+0800: 6.807: Total time for which application threads were stopped: 0.0000757 seconds, Stopping threads took: 0.0000202 seconds
2016-10-23T22:37:53.306+0800: 10.001: Total time for which application threads were stopped: 0.0001029 seconds, Stopping threads took: 0.0000193 seconds
2016-10-23T22:37:53.306+0800: 10.001: Total time for which application threads were stopped: 0.0000913 seconds, Stopping threads took: 0.0000359 seconds
{Heap before GC invocations=5 (full 1):
 par new generation   total 109248K, used 102170K [0x00000007a0000000, 0x00000007a8000000, 0x00000007a8000000)
  eden space 87424K, 100% used [0x00000007a0000000, 0x00000007a5560000, 0x00000007a5560000)
  from space 21824K,  67% used [0x00000007a6ab0000, 0x00000007a7916a90, 0x00000007a8000000)
  to   space 21824K,   0% used [0x00000007a5560000, 0x00000007a5560000, 0x00000007a6ab0000)
 concurrent mark-sweep generation total 393216K, used 0K [0x00000007a8000000, 0x00000007c0000000, 0x00000007c0000000)
 Metaspace       used 32337K, capacity 32836K, committed 33276K, reserved 1079296K
  class space    used 3895K, capacity 4055K, committed 4092K, reserved 1048576K
2016-10-23T22:37:53.307+0800: 10.002: [GC (Allocation Failure) 2016-10-23T22:37:53.307+0800: 10.002: [ParNew
Desired survivor size 20112992 bytes, new threshold 8 (max 8)
- age   1:   11744552 bytes,   11744552 total
- age   2:    1551664 bytes,   13296216 total
- age   3:     176424 bytes,   13472640 total
- age   4:       1664 bytes,   13474304 total
- age   5:     843304 bytes,   14317608 total
- age   6:    5468200 bytes,   19785808 total
: 102170K->21824K(109248K), 0.0147876 secs] 102170K->22375K(502464K), 0.0148533 secs] [Times: user=0.04 sys=0.01, real=0.02 secs] 
Heap after GC invocations=6 (full 1):
 par new generation   total 109248K, used 21824K [0x00000007a0000000, 0x00000007a8000000, 0x00000007a8000000)
  eden space 87424K,   0% used [0x00000007a0000000, 0x00000007a0000000, 0x00000007a5560000)
  from space 21824K, 100% used [0x00000007a5560000, 0x00000007a6ab0000, 0x00000007a6ab0000)
  to   space 21824K,   0% used [0x00000007a6ab0000, 0x00000007a6ab0000, 0x00000007a8000000)
 concurrent mark-sweep generation total 393216K, used 551K [0x00000007a8000000, 0x00000007c0000000, 0x00000007c0000000)
 Metaspace       used 32337K, capacity 32836K, committed 33276K, reserved 1079296K
  class space    used 3895K, capacity 4055K, committed 4092K, reserved 1048576K
}
2016-10-23T22:37:53.322+0800: 10.017: Total time for which application threads were stopped: 0.0150217 seconds, Stopping threads took: 0.0000397 seconds
2016-10-23T22:37:53.322+0800: 10.017: Total time for which application threads were stopped: 0.0000939 seconds, Stopping threads took: 0.0000435 seconds
2016-10-23T22:37:53.322+0800: 10.017: Total time for which application threads were stopped: 0.0001396 seconds, Stopping threads took: 0.0000913 seconds
2016-10-23T22:37:53.322+0800: 10.017: Total time for which application threads were stopped: 0.0001296 seconds, Stopping threads took: 0.0000391 seconds
2016-10-23T22:37:53.323+0800: 10.018: Total time for which application threads were stopped: 0.0001518 seconds, Stopping threads took: 0.0001158 seconds
2016-10-23T22:37:53.323+0800: 10.018: Total time for which application threads were stopped: 0.0001096 seconds, Stopping threads took: 0.0000519 seconds
2016-10-23T22:37:53.323+0800: 10.018: Total time for which application threads were stopped: 0.0001313 seconds, Stopping threads took: 0.0000877 seconds
2016-10-23T22:37:53.323+0800: 10.018: Total time for which application threads were stopped: 0.0001215 seconds, Stopping threads took: 0.0000756 seconds
2016-10-23T22:37:53.324+0800: 10.019: Total time for which application threads were stopped: 0.0001211 seconds, Stopping threads took: 0.0000672 seconds
2016-10-23T22:37:53.324+0800: 10.019: Total time for which application threads were stopped: 0.0000850 seconds, Stopping threads took: 0.0000448 seconds
2016-10-23T22:37:53.324+0800: 10.019: Total time for which application threads were stopped: 0.0000648 seconds, Stopping threads took: 0.0000242 seconds
2016-10-23T22:37:53.356+0800: 10.051: Total time for which application threads were stopped: 0.0001141 seconds, Stopping threads took: 0.0000280 seconds
2016-10-23T22:37:53.357+0800: 10.051: Total time for which application threads were stopped: 0.0000905 seconds, Stopping threads took: 0.0000400 seconds
2016-10-23T22:37:53.358+0800: 10.053: Total time for which application threads were stopped: 0.0003478 seconds, Stopping threads took: 0.0002802 seconds
2016-10-23T22:37:53.359+0800: 10.054: Total time for which application threads were stopped: 0.0000922 seconds, Stopping threads took: 0.0000340 seconds
2016-10-23T22:37:53.359+0800: 10.054: Total time for which application threads were stopped: 0.0000775 seconds, Stopping threads took: 0.0000298 seconds
2016-10-23T22:37:53.361+0800: 10.056: Total time for which application threads were stopped: 0.0000686 seconds, Stopping threads took: 0.0000333 seconds
2016-10-23T22:37:53.362+0800: 10.057: Total time for which application threads were stopped: 0.0000692 seconds, Stopping threads took: 0.0000379 seconds
2016-10-23T22:37:53.362+0800: 10.057: Total time for which application threads were stopped: 0.0000660 seconds, Stopping threads took: 0.0000283 seconds
2016-10-23T22:37:53.362+0800: 10.057: Total time for which application threads were stopped: 0.0000764 seconds, Stopping threads took: 0.0000366 seconds
2016-10-23T22:37:53.362+0800: 10.057: Total time for which application threads were stopped: 0.0000640 seconds, Stopping threads took: 0.0000232 seconds
2016-10-23T22:37:53.362+0800: 10.057: Total time for which application threads were stopped: 0.0000665 seconds, Stopping threads took: 0.0000211 seconds
2016-10-23T22:37:53.363+0800: 10.058: Total time for which application threads were stopped: 0.0001992 seconds, Stopping threads took: 0.0000349 seconds
2016-10-23T22:37:53.363+0800: 10.058: Total time for which application threads were stopped: 0.0000902 seconds, Stopping threads took: 0.0000560 seconds
2016-10-23T22:37:53.364+0800: 10.058: Total time for which application threads were stopped: 0.0000689 seconds, Stopping threads took: 0.0000405 seconds
2016-10-23T22:37:53.366+0800: 10.061: Total time for which application threads were stopped: 0.0000862 seconds, Stopping threads took: 0.0000398 seconds
2016-10-23T22:37:53.367+0800: 10.062: Total time for which application threads were stopped: 0.0000857 seconds, Stopping threads took: 0.0000462 seconds
2016-10-23T22:37:53.370+0800: 10.065: Total time for which application threads were stopped: 0.0000976 seconds, Stopping threads took: 0.0000378 seconds
2016-10-23T22:37:53.370+0800: 10.065: Total time for which application threads were stopped: 0.0000624 seconds, Stopping threads took: 0.0000265 seconds
2016-10-23T22:37:53.370+0800: 10.065: Total time for which application threads were stopped: 0.0000808 seconds, Stopping threads took: 0.0000269 seconds
2016-10-23T22:37:53.370+0800: 10.065: Total time for which application threads were stopped: 0.0000807 seconds, Stopping threads took: 0.0000442 seconds
2016-10-23T22:37:53.370+0800: 10.065: Total time for which application threads were stopped: 0.0000649 seconds, Stopping threads took: 0.0000279 seconds
2016-10-23T22:37:53.371+0800: 10.066: Total time for which application threads were stopped: 0.0000838 seconds, Stopping threads took: 0.0000379 seconds
2016-10-23T22:37:53.371+0800: 10.066: Total time for which application threads were stopped: 0.0000737 seconds, Stopping threads took: 0.0000327 seconds
2016-10-23T22:37:53.371+0800: 10.066: Total time for which application threads were stopped: 0.0001204 seconds, Stopping threads took: 0.0000091 seconds
2016-10-23T22:37:53.375+0800: 10.070: Total time for which application threads were stopped: 0.0000962 seconds, Stopping threads took: 0.0000320 seconds
2016-10-23T22:37:53.379+0800: 10.074: Total time for which application threads were stopped: 0.0000898 seconds, Stopping threads took: 0.0000313 seconds
2016-10-23T22:37:53.385+0800: 10.080: Total time for which application threads were stopped: 0.0000987 seconds, Stopping threads took: 0.0000525 seconds
2016-10-23T22:37:53.385+0800: 10.080: Total time for which application threads were stopped: 0.0000991 seconds, Stopping threads took: 0.0000543 seconds
2016-10-23T22:37:53.385+0800: 10.080: Total time for which application threads were stopped: 0.0000793 seconds, Stopping threads took: 0.0000338 seconds
2016-10-23T22:37:53.389+0800: 10.084: Total time for which application threads were stopped: 0.0000716 seconds, Stopping threads took: 0.0000145 seconds
2016-10-23T22:37:53.549+0800: 10.244: Total time for which application threads were stopped: 0.0001114 seconds, Stopping threads took: 0.0000268 seconds
2016-10-23T22:37:53.580+0800: 10.275: Total time for which application threads were stopped: 0.0001061 seconds, Stopping threads took: 0.0000185 seconds
2016-10-23T22:37:53.580+0800: 10.275: Total time for which application threads were stopped: 0.0000848 seconds, Stopping threads took: 0.0000279 seconds
2016-10-23T22:37:53.580+0800: 10.275: Total time for which application threads were stopped: 0.0000403 seconds, Stopping threads took: 0.0000089 seconds
2016-10-23T22:37:53.580+0800: 10.275: Total time for which application threads were stopped: 0.0000542 seconds, Stopping threads took: 0.0000232 seconds
2016-10-23T22:37:53.580+0800: 10.275: Total time for which application threads were stopped: 0.0000529 seconds, Stopping threads took: 0.0000247 seconds
2016-10-23T22:37:53.581+0800: 10.276: Total time for which application threads were stopped: 0.0000391 seconds, Stopping threads took: 0.0000076 seconds
2016-10-23T22:37:53.581+0800: 10.276: Total time for which application threads were stopped: 0.0000307 seconds, Stopping threads took: 0.0000059 seconds
2016-10-23T22:37:53.581+0800: 10.276: Total time for which application threads were stopped: 0.0000572 seconds, Stopping threads took: 0.0000167 seconds
2016-10-23T22:37:53.581+0800: 10.276: Total time for which application threads were stopped: 0.0000517 seconds, Stopping threads took: 0.0000154 seconds
2016-10-23T22:37:53.581+0800: 10.276: Total time for which application threads were stopped: 0.0000334 seconds, Stopping threads took: 0.0000070 seconds
2016-10-23T22:37:53.581+0800: 10.276: Total time for which application threads were stopped: 0.0000750 seconds, Stopping threads took: 0.0000410 seconds
2016-10-23T22:37:53.581+0800: 10.276: Total time for which application threads were stopped: 0.0000509 seconds, Stopping threads took: 0.0000147 seconds
2016-10-23T22:37:53.581+0800: 10.276: Total time for which application threads were stopped: 0.0000474 seconds, Stopping threads took: 0.0000078 seconds
2016-10-23T22:37:53.582+0800: 10.277: Total time for which application threads were stopped: 0.0000609 seconds, Stopping threads took: 0.0000065 seconds
2016-10-23T22:37:53.582+0800: 10.277: Total time for which application threads were stopped: 0.0000311 seconds, Stopping threads took: 0.0000058 seconds
2016-10-23T22:37:53.586+0800: 10.281: Total time for which application threads were stopped: 0.0000798 seconds, Stopping threads took: 0.0000290 seconds
2016-10-23T22:37:53.586+0800: 10.281: Total time for which application threads were stopped: 0.0000834 seconds, Stopping threads took: 0.0000282 seconds
2016-10-23T22:37:53.587+0800: 10.282: Total time for which application threads were stopped: 0.0000677 seconds, Stopping threads took: 0.0000235 seconds
2016-10-23T22:37:53.587+0800: 10.282: Total time for which application threads were stopped: 0.0000689 seconds, Stopping threads took: 0.0000210 seconds
2016-10-23T22:37:53.587+0800: 10.282: Total time for which application threads were stopped: 0.0000663 seconds, Stopping threads took: 0.0000230 seconds
2016-10-23T22:37:53.587+0800: 10.282: Total time for which application threads were stopped: 0.0000509 seconds, Stopping threads took: 0.0000190 seconds
2016-10-23T22:37:53.588+0800: 10.282: Total time for which application threads were stopped: 0.0000621 seconds, Stopping threads took: 0.0000237 seconds
2016-10-23T22:37:53.588+0800: 10.283: Total time for which application threads were stopped: 0.0000674 seconds, Stopping threads took: 0.0000234 seconds
2016-10-23T22:37:53.588+0800: 10.283: Total time for which application threads were stopped: 0.0000636 seconds, Stopping threads took: 0.0000349 seconds
2016-10-23T22:37:53.588+0800: 10.283: Total time for which application threads were stopped: 0.0000485 seconds, Stopping threads took: 0.0000177 seconds
2016-10-23T22:37:53.588+0800: 10.283: Total time for which application threads were stopped: 0.0000504 seconds, Stopping threads took: 0.0000200 seconds
2016-10-23T22:37:53.588+0800: 10.283: Total time for which application threads were stopped: 0.0000315 seconds, Stopping threads took: 0.0000068 seconds
2016-10-23T22:37:53.588+0800: 10.283: Total time for which application threads were stopped: 0.0000304 seconds, Stopping threads took: 0.0000063 seconds
2016-10-23T22:37:53.588+0800: 10.283: Total time for which application threads were stopped: 0.0000473 seconds, Stopping threads took: 0.0000199 seconds
2016-10-23T22:37:53.588+0800: 10.283: Total time for which application threads were stopped: 0.0001028 seconds, Stopping threads took: 0.0000145 seconds
2016-10-23T22:37:53.592+0800: 10.287: Total time for which application threads were stopped: 0.0000627 seconds, Stopping threads took: 0.0000148 seconds
2016-10-23T22:37:53.592+0800: 10.287: Total time for which application threads were stopped: 0.0000823 seconds, Stopping threads took: 0.0000273 seconds
2016-10-23T22:37:53.596+0800: 10.291: Total time for which application threads were stopped: 0.0000772 seconds, Stopping threads took: 0.0000212 seconds
2016-10-23T22:37:53.597+0800: 10.291: Total time for which application threads were stopped: 0.0001033 seconds, Stopping threads took: 0.0000334 seconds
2016-10-23T22:37:53.597+0800: 10.292: Total time for which application threads were stopped: 0.0000721 seconds, Stopping threads took: 0.0000395 seconds
2016-10-23T22:37:53.597+0800: 10.292: Total time for which application threads were stopped: 0.0000519 seconds, Stopping threads took: 0.0000086 seconds
2016-10-23T22:37:53.597+0800: 10.292: Total time for which application threads were stopped: 0.0001440 seconds, Stopping threads took: 0.0000160 seconds
2016-10-23T22:37:53.603+0800: 10.298: Total time for which application threads were stopped: 0.0002162 seconds, Stopping threads took: 0.0000494 seconds
2016-10-23T22:37:53.604+0800: 10.298: Total time for which application threads were stopped: 0.0001315 seconds, Stopping threads took: 0.0000420 seconds
2016-10-23T22:37:53.611+0800: 10.306: Total time for which application threads were stopped: 0.0001133 seconds, Stopping threads took: 0.0000517 seconds
2016-10-23T22:37:53.611+0800: 10.306: Total time for which application threads were stopped: 0.0000637 seconds, Stopping threads took: 0.0000219 seconds
{Heap before GC invocations=6 (full 1):
 par new generation   total 109248K, used 109248K [0x00000007a0000000, 0x00000007a8000000, 0x00000007a8000000)
  eden space 87424K, 100% used [0x00000007a0000000, 0x00000007a5560000, 0x00000007a5560000)
  from space 21824K, 100% used [0x00000007a5560000, 0x00000007a6ab0000, 0x00000007a6ab0000)
  to   space 21824K,   0% used [0x00000007a6ab0000, 0x00000007a6ab0000, 0x00000007a8000000)
 concurrent mark-sweep generation total 393216K, used 551K [0x00000007a8000000, 0x00000007c0000000, 0x00000007c0000000)
 Metaspace       used 33248K, capacity 33706K, committed 34172K, reserved 1079296K
  class space    used 3989K, capacity 4152K, committed 4220K, reserved 1048576K
2016-10-23T22:37:58.607+0800: 15.302: [GC (Allocation Failure) 2016-10-23T22:37:58.607+0800: 15.302: [ParNew
Desired survivor size 20112992 bytes, new threshold 8 (max 8)
- age   1:    2079656 bytes,    2079656 total
- age   2:    7958440 bytes,   10038096 total
- age   3:    1548928 bytes,   11587024 total
- age   4:     176424 bytes,   11763448 total
- age   5:       1664 bytes,   11765112 total
- age   6:     843088 bytes,   12608200 total
- age   7:    5460224 bytes,   18068424 total
: 109248K->21824K(109248K), 0.0109451 secs] 109799K->22526K(502464K), 0.0110048 secs] [Times: user=0.03 sys=0.00, real=0.01 secs] 
Heap after GC invocations=7 (full 1):
 par new generation   total 109248K, used 21824K [0x00000007a0000000, 0x00000007a8000000, 0x00000007a8000000)
  eden space 87424K,   0% used [0x00000007a0000000, 0x00000007a0000000, 0x00000007a5560000)
  from space 21824K, 100% used [0x00000007a6ab0000, 0x00000007a8000000, 0x00000007a8000000)
  to   space 21824K,   0% used [0x00000007a5560000, 0x00000007a5560000, 0x00000007a6ab0000)
 concurrent mark-sweep generation total 393216K, used 702K [0x00000007a8000000, 0x00000007c0000000, 0x00000007c0000000)
 Metaspace       used 33248K, capacity 33706K, committed 34172K, reserved 1079296K
  class space    used 3989K, capacity 4152K, committed 4220K, reserved 1048576K
}
2016-10-23T22:37:58.618+0800: 15.313: Total time for which application threads were stopped: 0.0112572 seconds, Stopping threads took: 0.0000193 seconds
2016-10-23T22:37:59.087+0800: 15.782: Total time for which application threads were stopped: 0.0001643 seconds, Stopping threads took: 0.0000234 seconds
2016-10-23T22:37:59.131+0800: 15.826: Total time for which application threads were stopped: 0.0000993 seconds, Stopping threads took: 0.0000168 seconds
2016-10-23T22:37:59.157+0800: 15.853: Total time for which application threads were stopped: 0.0001339 seconds, Stopping threads took: 0.0000216 seconds
2016-10-23T22:37:59.176+0800: 15.871: Total time for which application threads were stopped: 0.0000914 seconds, Stopping threads took: 0.0000170 seconds
2016-10-23T22:37:59.202+0800: 15.897: Total time for which application threads were stopped: 0.0001013 seconds, Stopping threads took: 0.0000168 seconds
2016-10-23T22:37:59.220+0800: 15.915: Total time for which application threads were stopped: 0.0001306 seconds, Stopping threads took: 0.0000257 seconds
2016-10-23T22:37:59.232+0800: 15.927: Total time for which application threads were stopped: 0.0000836 seconds, Stopping threads took: 0.0000243 seconds
2016-10-23T22:37:59.232+0800: 15.927: Total time for which application threads were stopped: 0.0000540 seconds, Stopping threads took: 0.0000134 seconds
2016-10-23T22:37:59.232+0800: 15.927: Total time for which application threads were stopped: 0.0000433 seconds, Stopping threads took: 0.0000084 seconds
2016-10-23T22:37:59.232+0800: 15.927: Total time for which application threads were stopped: 0.0000400 seconds, Stopping threads took: 0.0000082 seconds
2016-10-23T22:37:59.236+0800: 15.931: Total time for which application threads were stopped: 0.0000805 seconds, Stopping threads took: 0.0000269 seconds
2016-10-23T22:37:59.236+0800: 15.931: Total time for which application threads were stopped: 0.0000486 seconds, Stopping threads took: 0.0000076 seconds
2016-10-23T22:37:59.236+0800: 15.931: Total time for which application threads were stopped: 0.0000540 seconds, Stopping threads took: 0.0000118 seconds
2016-10-23T22:38:00.236+0800: 16.931: Total time for which application threads were stopped: 0.0001791 seconds, Stopping threads took: 0.0000230 seconds
2016-10-23T22:38:00.623+0800: 17.318: [GC (CMS Initial Mark) [1 CMS-initial-mark: 702K(393216K)] 103322K(502464K), 0.0128295 secs] [Times: user=0.05 sys=0.00, real=0.01 secs] 
2016-10-23T22:38:00.636+0800: 17.331: Total time for which application threads were stopped: 0.0130413 seconds, Stopping threads took: 0.0000448 seconds
2016-10-23T22:38:00.636+0800: 17.331: [CMS-concurrent-mark-start]
2016-10-23T22:38:00.636+0800: 17.331: [CMS-concurrent-mark: 0.000/0.000 secs] [Times: user=0.00 sys=0.00, real=0.00 secs] 
2016-10-23T22:38:00.636+0800: 17.331: [CMS-concurrent-preclean-start]
2016-10-23T22:38:00.637+0800: 17.332: [CMS-concurrent-preclean: 0.001/0.001 secs] [Times: user=0.00 sys=0.00, real=0.00 secs] 
2016-10-23T22:38:00.637+0800: 17.332: [CMS-concurrent-abortable-preclean-start]
2016-10-23T22:38:02.239+0800: 18.935: Total time for which application threads were stopped: 0.0001091 seconds, Stopping threads took: 0.0000205 seconds
2016-10-23T22:38:02.292+0800: 18.987: Total time for which application threads were stopped: 0.0001036 seconds, Stopping threads took: 0.0000172 seconds
2016-10-23T22:38:02.292+0800: 18.987: Total time for which application threads were stopped: 0.0000376 seconds, Stopping threads took: 0.0000075 seconds
2016-10-23T22:38:02.292+0800: 18.987: Total time for which application threads were stopped: 0.0000334 seconds, Stopping threads took: 0.0000072 seconds
2016-10-23T22:38:02.292+0800: 18.987: Total time for which application threads were stopped: 0.0000627 seconds, Stopping threads took: 0.0000114 seconds
2016-10-23T22:38:02.292+0800: 18.987: Total time for which application threads were stopped: 0.0000495 seconds, Stopping threads took: 0.0000085 seconds
2016-10-23T22:38:02.292+0800: 18.988: Total time for which application threads were stopped: 0.0000473 seconds, Stopping threads took: 0.0000089 seconds
2016-10-23T22:38:02.293+0800: 18.988: Total time for which application threads were stopped: 0.0000477 seconds, Stopping threads took: 0.0000082 seconds
2016-10-23T22:38:02.293+0800: 18.988: Total time for which application threads were stopped: 0.0000578 seconds, Stopping threads took: 0.0000089 seconds
2016-10-23T22:38:02.293+0800: 18.988: Total time for which application threads were stopped: 0.0000357 seconds, Stopping threads took: 0.0000076 seconds
2016-10-23T22:38:02.293+0800: 18.988: Total time for which application threads were stopped: 0.0000518 seconds, Stopping threads took: 0.0000102 seconds
2016-10-23T22:38:02.293+0800: 18.988: Total time for which application threads were stopped: 0.0000496 seconds, Stopping threads took: 0.0000092 seconds
2016-10-23T22:38:02.293+0800: 18.988: Total time for which application threads were stopped: 0.0000492 seconds, Stopping threads took: 0.0000087 seconds
2016-10-23T22:38:02.293+0800: 18.988: Total time for which application threads were stopped: 0.0000491 seconds, Stopping threads took: 0.0000084 seconds
2016-10-23T22:38:02.293+0800: 18.989: Total time for which application threads were stopped: 0.0000479 seconds, Stopping threads took: 0.0000086 seconds
2016-10-23T22:38:02.293+0800: 18.989: Total time for which application threads were stopped: 0.0000526 seconds, Stopping threads took: 0.0000097 seconds
2016-10-23T22:38:02.294+0800: 18.989: Total time for which application threads were stopped: 0.0001297 seconds, Stopping threads took: 0.0000776 seconds
2016-10-23T22:38:02.294+0800: 18.989: Total time for which application threads were stopped: 0.0000511 seconds, Stopping threads took: 0.0000086 seconds
2016-10-23T22:38:02.294+0800: 18.989: Total time for which application threads were stopped: 0.0000457 seconds, Stopping threads took: 0.0000078 seconds
2016-10-23T22:38:02.294+0800: 18.989: Total time for which application threads were stopped: 0.0000364 seconds, Stopping threads took: 0.0000081 seconds
2016-10-23T22:38:02.294+0800: 18.989: Total time for which application threads were stopped: 0.0000310 seconds, Stopping threads took: 0.0000070 seconds
2016-10-23T22:38:02.294+0800: 18.989: Total time for which application threads were stopped: 0.0000874 seconds, Stopping threads took: 0.0000072 seconds
{Heap before GC invocations=7 (full 2):
 par new generation   total 109248K, used 109248K [0x00000007a0000000, 0x00000007a8000000, 0x00000007a8000000)
  eden space 87424K, 100% used [0x00000007a0000000, 0x00000007a5560000, 0x00000007a5560000)
  from space 21824K, 100% used [0x00000007a6ab0000, 0x00000007a8000000, 0x00000007a8000000)
  to   space 21824K,   0% used [0x00000007a5560000, 0x00000007a5560000, 0x00000007a6ab0000)
 concurrent mark-sweep generation total 393216K, used 702K [0x00000007a8000000, 0x00000007c0000000, 0x00000007c0000000)
 Metaspace       used 37240K, capacity 37846K, committed 38280K, reserved 1083392K
  class space    used 4469K, capacity 4666K, committed 4720K, reserved 1048576K
2016-10-23T22:38:02.301+0800: 18.996: [GC (Allocation Failure) 2016-10-23T22:38:02.301+0800: 18.996: [ParNew
Desired survivor size 20112992 bytes, new threshold 8 (max 8)
- age   1:    5265968 bytes,    5265968 total
- age   2:    1650784 bytes,    6916752 total
- age   3:    5702232 bytes,   12618984 total
- age   4:    1532864 bytes,   14151848 total
- age   5:     176040 bytes,   14327888 total
- age   6:       1664 bytes,   14329552 total
- age   7:     840464 bytes,   15170016 total
- age   8:    5458224 bytes,   20628240 total
: 109248K->21824K(109248K), 0.0173047 secs] 109950K->24920K(502464K), 0.0173552 secs] [Times: user=0.07 sys=0.00, real=0.01 secs] 
Heap after GC invocations=8 (full 2):
 par new generation   total 109248K, used 21824K [0x00000007a0000000, 0x00000007a8000000, 0x00000007a8000000)
  eden space 87424K,   0% used [0x00000007a0000000, 0x00000007a0000000, 0x00000007a5560000)
  from space 21824K, 100% used [0x00000007a5560000, 0x00000007a6ab0000, 0x00000007a6ab0000)
  to   space 21824K,   0% used [0x00000007a6ab0000, 0x00000007a6ab0000, 0x00000007a8000000)
 concurrent mark-sweep generation total 393216K, used 3096K [0x00000007a8000000, 0x00000007c0000000, 0x00000007c0000000)
 Metaspace       used 37240K, capacity 37846K, committed 38280K, reserved 1083392K
  class space    used 4469K, capacity 4666K, committed 4720K, reserved 1048576K
}
2016-10-23T22:38:02.318+0800: 19.013: Total time for which application threads were stopped: 0.0175487 seconds, Stopping threads took: 0.0000301 seconds
 CMS: abort preclean due to time 2016-10-23T22:38:06.790+0800: 23.486: [CMS-concurrent-abortable-preclean: 2.828/6.154 secs] [Times: user=3.26 sys=0.02, real=6.16 secs] 
2016-10-23T22:38:06.790+0800: 23.486: [GC (CMS Final Remark) [YG occupancy: 27265 K (109248 K)]{Heap before GC invocations=8 (full 2):
 par new generation   total 109248K, used 27265K [0x00000007a0000000, 0x00000007a8000000, 0x00000007a8000000)
  eden space 87424K,   6% used [0x00000007a0000000, 0x00000007a05506d0, 0x00000007a5560000)
  from space 21824K, 100% used [0x00000007a5560000, 0x00000007a6ab0000, 0x00000007a6ab0000)
  to   space 21824K,   0% used [0x00000007a6ab0000, 0x00000007a6ab0000, 0x00000007a8000000)
 concurrent mark-sweep generation total 393216K, used 3096K [0x00000007a8000000, 0x00000007c0000000, 0x00000007c0000000)
 Metaspace       used 37261K, capacity 37910K, committed 38280K, reserved 1083392K
  class space    used 4469K, capacity 4666K, committed 4720K, reserved 1048576K
2016-10-23T22:38:06.790+0800: 23.486: [GC (CMS Final Remark) 2016-10-23T22:38:06.790+0800: 23.486: [ParNew
Desired survivor size 20112992 bytes, new threshold 8 (max 8)
- age   1:       5392 bytes,       5392 total
- age   2:    2538176 bytes,    2543568 total
- age   3:    1650032 bytes,    4193600 total
- age   4:    5697016 bytes,    9890616 total
- age   5:    1532864 bytes,   11423480 total
- age   6:     176040 bytes,   11599520 total
- age   7:       1664 bytes,   11601184 total
- age   8:     840464 bytes,   12441648 total
: 27265K->21824K(109248K), 0.0263414 secs] 30362K->30795K(502464K), 0.0263845 secs] [Times: user=0.07 sys=0.01, real=0.02 secs] 
Heap after GC invocations=9 (full 2):
 par new generation   total 109248K, used 21824K [0x00000007a0000000, 0x00000007a8000000, 0x00000007a8000000)
  eden space 87424K,   0% used [0x00000007a0000000, 0x00000007a0000000, 0x00000007a5560000)
  from space 21824K, 100% used [0x00000007a6ab0000, 0x00000007a8000000, 0x00000007a8000000)
  to   space 21824K,   0% used [0x00000007a5560000, 0x00000007a5560000, 0x00000007a6ab0000)
 concurrent mark-sweep generation total 393216K, used 8971K [0x00000007a8000000, 0x00000007c0000000, 0x00000007c0000000)
 Metaspace       used 37261K, capacity 37910K, committed 38280K, reserved 1083392K
  class space    used 4469K, capacity 4666K, committed 4720K, reserved 1048576K
}
2016-10-23T22:38:06.817+0800: 23.512: [Rescan (parallel) , 0.0040051 secs]2016-10-23T22:38:06.821+0800: 23.516: [weak refs processing, 0.0008191 secs]2016-10-23T22:38:06.822+0800: 23.517: [class unloading, 0.0055890 secs]2016-10-23T22:38:06.827+0800: 23.523: [scrub symbol table, 0.0052675 secs]2016-10-23T22:38:06.833+0800: 23.528: [scrub string table, 0.0005453 secs][1 CMS-remark: 8971K(393216K)] 30795K(502464K), 0.0445142 secs] [Times: user=0.10 sys=0.01, real=0.04 secs] 
2016-10-23T22:38:06.835+0800: 23.530: Total time for which application threads were stopped: 0.0446736 seconds, Stopping threads took: 0.0000381 seconds
2016-10-23T22:38:06.835+0800: 23.530: [CMS-concurrent-sweep-start]
2016-10-23T22:38:06.838+0800: 23.534: [CMS-concurrent-sweep: 0.003/0.003 secs] [Times: user=0.01 sys=0.00, real=0.00 secs] 
2016-10-23T22:38:06.838+0800: 23.534: [CMS-concurrent-reset-start]
2016-10-23T22:38:06.839+0800: 23.534: [CMS-concurrent-reset: 0.000/0.000 secs] [Times: user=0.00 sys=0.00, real=0.00 secs] 
2016-10-23T22:38:07.838+0800: 24.533: Total time for which application threads were stopped: 0.0002579 seconds, Stopping threads took: 0.0000835 seconds
2016-10-23T22:38:09.456+0800: 26.151: Total time for which application threads were stopped: 0.0000778 seconds, Stopping threads took: 0.0000167 seconds
{Heap before GC invocations=9 (full 2):
 par new generation   total 109248K, used 109248K [0x00000007a0000000, 0x00000007a8000000, 0x00000007a8000000)
  eden space 87424K, 100% used [0x00000007a0000000, 0x00000007a5560000, 0x00000007a5560000)
  from space 21824K, 100% used [0x00000007a6ab0000, 0x00000007a8000000, 0x00000007a8000000)
  to   space 21824K,   0% used [0x00000007a5560000, 0x00000007a5560000, 0x00000007a6ab0000)
 concurrent mark-sweep generation total 393216K, used 8280K [0x00000007a8000000, 0x00000007c0000000, 0x00000007c0000000)
 Metaspace       used 37320K, capacity 37922K, committed 38280K, reserved 1083392K
  class space    used 4471K, capacity 4668K, committed 4720K, reserved 1048576K
2016-10-23T22:38:09.479+0800: 26.174: [GC (Allocation Failure) 2016-10-23T22:38:09.479+0800: 26.174: [ParNew
Desired survivor size 20112992 bytes, new threshold 8 (max 8)
- age   1:    3371008 bytes,    3371008 total
- age   2:        312 bytes,    3371320 total
- age   3:    2521288 bytes,    5892608 total
- age   4:    1516904 bytes,    7409512 total
- age   5:    5696792 bytes,   13106304 total
- age   6:    1532864 bytes,   14639168 total
- age   7:     176040 bytes,   14815208 total
- age   8:       1664 bytes,   14816872 total
: 109248K->18171K(109248K), 0.0092426 secs] 117528K->27290K(502464K), 0.0093130 secs] [Times: user=0.04 sys=0.00, real=0.01 secs] 
Heap after GC invocations=10 (full 2):
 par new generation   total 109248K, used 18171K [0x00000007a0000000, 0x00000007a8000000, 0x00000007a8000000)
  eden space 87424K,   0% used [0x00000007a0000000, 0x00000007a0000000, 0x00000007a5560000)
  from space 21824K,  83% used [0x00000007a5560000, 0x00000007a671ede8, 0x00000007a6ab0000)
  to   space 21824K,   0% used [0x00000007a6ab0000, 0x00000007a6ab0000, 0x00000007a8000000)
 concurrent mark-sweep generation total 393216K, used 9118K [0x00000007a8000000, 0x00000007c0000000, 0x00000007c0000000)
 Metaspace       used 37320K, capacity 37922K, committed 38280K, reserved 1083392K
  class space    used 4471K, capacity 4668K, committed 4720K, reserved 1048576K
}
2016-10-23T22:38:09.488+0800: 26.184: Total time for which application threads were stopped: 0.0094795 seconds, Stopping threads took: 0.0000152 seconds
2016-10-23T22:38:09.552+0800: 26.248: Total time for which application threads were stopped: 0.0000753 seconds, Stopping threads took: 0.0000157 seconds
2016-10-23T22:38:09.553+0800: 26.248: Total time for which application threads were stopped: 0.0001642 seconds, Stopping threads took: 0.0000576 seconds
2016-10-23T22:38:10.554+0800: 27.249: Total time for which application threads were stopped: 0.0001363 seconds, Stopping threads took: 0.0000415 seconds
{Heap before GC invocations=10 (full 2):
 par new generation   total 109248K, used 105595K [0x00000007a0000000, 0x00000007a8000000, 0x00000007a8000000)
  eden space 87424K, 100% used [0x00000007a0000000, 0x00000007a5560000, 0x00000007a5560000)
  from space 21824K,  83% used [0x00000007a5560000, 0x00000007a671ede8, 0x00000007a6ab0000)
  to   space 21824K,   0% used [0x00000007a6ab0000, 0x00000007a6ab0000, 0x00000007a8000000)
 concurrent mark-sweep generation total 393216K, used 9118K [0x00000007a8000000, 0x00000007c0000000, 0x00000007c0000000)
 Metaspace       used 37430K, capacity 38086K, committed 38536K, reserved 1083392K
  class space    used 4474K, capacity 4674K, committed 4720K, reserved 1048576K
2016-10-23T22:38:23.466+0800: 40.161: [GC (Allocation Failure) 2016-10-23T22:38:23.466+0800: 40.161: [ParNew
Desired survivor size 20112992 bytes, new threshold 8 (max 8)
- age   1:    3555552 bytes,    3555552 total
- age   2:      31032 bytes,    3586584 total
- age   3:        312 bytes,    3586896 total
- age   4:    2520192 bytes,    6107088 total
- age   5:    1516904 bytes,    7623992 total
- age   6:    5696792 bytes,   13320784 total
- age   7:    1532864 bytes,   14853648 total
- age   8:     176040 bytes,   15029688 total
: 105595K->21824K(109248K), 0.0093164 secs] 114714K->30944K(502464K), 0.0093824 secs] [Times: user=0.04 sys=0.00, real=0.01 secs] 
Heap after GC invocations=11 (full 2):
 par new generation   total 109248K, used 21824K [0x00000007a0000000, 0x00000007a8000000, 0x00000007a8000000)
  eden space 87424K,   0% used [0x00000007a0000000, 0x00000007a0000000, 0x00000007a5560000)
  from space 21824K, 100% used [0x00000007a6ab0000, 0x00000007a8000000, 0x00000007a8000000)
  to   space 21824K,   0% used [0x00000007a5560000, 0x00000007a5560000, 0x00000007a6ab0000)
 concurrent mark-sweep generation total 393216K, used 9120K [0x00000007a8000000, 0x00000007c0000000, 0x00000007c0000000)
 Metaspace       used 37430K, capacity 38086K, committed 38536K, reserved 1083392K
  class space    used 4474K, capacity 4674K, committed 4720K, reserved 1048576K
}
2016-10-23T22:38:23.475+0800: 40.171: Total time for which application threads were stopped: 0.0095406 seconds, Stopping threads took: 0.0000188 seconds
2016-10-23T22:38:24.479+0800: 41.175: Total time for which application threads were stopped: 0.0001038 seconds, Stopping threads took: 0.0000227 seconds
2016-10-23T22:38:25.934+0800: 42.629: Total time for which application threads were stopped: 0.0004756 seconds, Stopping threads took: 0.0000158 seconds
{Heap before GC invocations=11 (full 2):
 par new generation   total 109248K, used 109248K [0x00000007a0000000, 0x00000007a8000000, 0x00000007a8000000)
  eden space 87424K, 100% used [0x00000007a0000000, 0x00000007a5560000, 0x00000007a5560000)
  from space 21824K, 100% used [0x00000007a6ab0000, 0x00000007a8000000, 0x00000007a8000000)
  to   space 21824K,   0% used [0x00000007a5560000, 0x00000007a5560000, 0x00000007a6ab0000)
 concurrent mark-sweep generation total 393216K, used 9120K [0x00000007a8000000, 0x00000007c0000000, 0x00000007c0000000)
 Metaspace       used 37752K, capacity 38396K, committed 38792K, reserved 1083392K
  class space    used 4502K, capacity 4709K, committed 4720K, reserved 1048576K
2016-10-23T22:38:26.377+0800: 43.073: [GC (Allocation Failure) 2016-10-23T22:38:26.377+0800: 43.073: [ParNew
Desired survivor size 20112992 bytes, new threshold 8 (max 8)
- age   1:    3840208 bytes,    3840208 total
- age   2:      41800 bytes,    3882008 total
- age   3:      30800 bytes,    3912808 total
- age   4:        312 bytes,    3913120 total
- age   5:    2519880 bytes,    6433000 total
- age   6:    1516872 bytes,    7949872 total
- age   7:    5696728 bytes,   13646600 total
- age   8:    1532864 bytes,   15179464 total
: 109248K->19669K(109248K), 0.0115035 secs] 118368K->28968K(502464K), 0.0115753 secs] [Times: user=0.05 sys=0.00, real=0.01 secs] 
Heap after GC invocations=12 (full 2):
 par new generation   total 109248K, used 19669K [0x00000007a0000000, 0x00000007a8000000, 0x00000007a8000000)
  eden space 87424K,   0% used [0x00000007a0000000, 0x00000007a0000000, 0x00000007a5560000)
  from space 21824K,  90% used [0x00000007a5560000, 0x00000007a68956e0, 0x00000007a6ab0000)
  to   space 21824K,   0% used [0x00000007a6ab0000, 0x00000007a6ab0000, 0x00000007a8000000)
 concurrent mark-sweep generation total 393216K, used 9298K [0x00000007a8000000, 0x00000007c0000000, 0x00000007c0000000)
 Metaspace       used 37752K, capacity 38396K, committed 38792K, reserved 1083392K
  class space    used 4502K, capacity 4709K, committed 4720K, reserved 1048576K
}
2016-10-23T22:38:26.389+0800: 43.084: Total time for which application threads were stopped: 0.0119358 seconds, Stopping threads took: 0.0001422 seconds
2016-10-23T22:38:27.391+0800: 44.087: Total time for which application threads were stopped: 0.0001104 seconds, Stopping threads took: 0.0000228 seconds
2016-10-23T22:38:39.707+0800: 56.403: Total time for which application threads were stopped: 0.0001171 seconds, Stopping threads took: 0.0000360 seconds
2016-10-23T22:38:39.752+0800: 56.448: Total time for which application threads were stopped: 0.0001384 seconds, Stopping threads took: 0.0000364 seconds
{Heap before GC invocations=12 (full 2):
 par new generation   total 109248K, used 107093K [0x00000007a0000000, 0x00000007a8000000, 0x00000007a8000000)
  eden space 87424K, 100% used [0x00000007a0000000, 0x00000007a5560000, 0x00000007a5560000)
  from space 21824K,  90% used [0x00000007a5560000, 0x00000007a68956e0, 0x00000007a6ab0000)
  to   space 21824K,   0% used [0x00000007a6ab0000, 0x00000007a6ab0000, 0x00000007a8000000)
 concurrent mark-sweep generation total 393216K, used 9298K [0x00000007a8000000, 0x00000007c0000000, 0x00000007c0000000)
 Metaspace       used 37821K, capacity 38466K, committed 38792K, reserved 1083392K
  class space    used 4505K, capacity 4710K, committed 4720K, reserved 1048576K
2016-10-23T22:38:39.789+0800: 56.485: [GC (Allocation Failure) 2016-10-23T22:38:39.789+0800: 56.485: [ParNew
Desired survivor size 20112992 bytes, new threshold 8 (max 8)
- age   1:     682888 bytes,     682888 total
- age   2:      32616 bytes,     715504 total
- age   3:      41752 bytes,     757256 total
- age   4:      30800 bytes,     788056 total
- age   5:        312 bytes,     788368 total
- age   6:    2518592 bytes,    3306960 total
- age   7:    1516872 bytes,    4823832 total
- age   8:    5696704 bytes,   10520536 total
: 107093K->13986K(109248K), 0.0138546 secs] 116392K->24818K(502464K), 0.0139330 secs] [Times: user=0.07 sys=0.00, real=0.02 secs] 
Heap after GC invocations=13 (full 2):
 par new generation   total 109248K, used 13986K [0x00000007a0000000, 0x00000007a8000000, 0x00000007a8000000)
  eden space 87424K,   0% used [0x00000007a0000000, 0x00000007a0000000, 0x00000007a5560000)
  from space 21824K,  64% used [0x00000007a6ab0000, 0x00000007a7858aa8, 0x00000007a8000000)
  to   space 21824K,   0% used [0x00000007a5560000, 0x00000007a5560000, 0x00000007a6ab0000)
 concurrent mark-sweep generation total 393216K, used 10831K [0x00000007a8000000, 0x00000007c0000000, 0x00000007c0000000)
 Metaspace       used 37821K, capacity 38466K, committed 38792K, reserved 1083392K
  class space    used 4505K, capacity 4710K, committed 4720K, reserved 1048576K
}
2016-10-23T22:38:39.803+0800: 56.499: Total time for which application threads were stopped: 0.0141335 seconds, Stopping threads took: 0.0000309 seconds
2016-10-23T22:38:40.803+0800: 57.499: Total time for which application threads were stopped: 0.0001311 seconds, Stopping threads took: 0.0000466 seconds
2016-10-23T22:38:53.615+0800: 70.311: Total time for which application threads were stopped: 0.0001016 seconds, Stopping threads took: 0.0000301 seconds
2016-10-23T22:38:58.971+0800: 75.668: Total time for which application threads were stopped: 0.0000935 seconds, Stopping threads took: 0.0000307 seconds
2016-10-23T22:38:58.971+0800: 75.668: Total time for which application threads were stopped: 0.0000620 seconds, Stopping threads took: 0.0000084 seconds
2016-10-23T22:38:58.977+0800: 75.673: Total time for which application threads were stopped: 0.0000897 seconds, Stopping threads took: 0.0000274 seconds
2016-10-23T22:38:58.977+0800: 75.673: Total time for which application threads were stopped: 0.0000489 seconds, Stopping threads took: 0.0000120 seconds
2016-10-23T22:38:59.981+0800: 76.678: Total time for which application threads were stopped: 0.0001905 seconds, Stopping threads took: 0.0000484 seconds
2016-10-23T22:39:01.986+0800: 78.683: Total time for which application threads were stopped: 0.0002374 seconds, Stopping threads took: 0.0000557 seconds
2016-10-23T22:39:14.002+0800: 90.700: Total time for which application threads were stopped: 0.0003369 seconds, Stopping threads took: 0.0001338 seconds
2016-10-23T22:39:23.020+0800: 99.718: Total time for which application threads were stopped: 0.0001150 seconds, Stopping threads took: 0.0000323 seconds
2016-10-23T22:39:33.042+0800: 109.740: Total time for which application threads were stopped: 0.0000747 seconds, Stopping threads took: 0.0000193 seconds
2016-10-23T22:39:42.058+0800: 118.756: Total time for which application threads were stopped: 0.0001148 seconds, Stopping threads took: 0.0000297 seconds
2016-10-23T22:39:48.065+0800: 124.763: Total time for which application threads were stopped: 0.0001086 seconds, Stopping threads took: 0.0000284 seconds
2016-10-23T22:39:58.977+0800: 135.675: Total time for which application threads were stopped: 0.0001124 seconds, Stopping threads took: 0.0000277 seconds
2016-10-23T22:40:11.764+0800: 148.463: Total time for which application threads were stopped: 0.0001186 seconds, Stopping threads took: 0.0000399 seconds
2016-10-23T22:40:11.764+0800: 148.463: Total time for which application threads were stopped: 0.0000724 seconds, Stopping threads took: 0.0000236 seconds
2016-10-23T22:40:11.765+0800: 148.464: Total time for which application threads were stopped: 0.0001634 seconds, Stopping threads took: 0.0000924 seconds
2016-10-23T22:40:11.765+0800: 148.464: Total time for which application threads were stopped: 0.0000799 seconds, Stopping threads took: 0.0000307 seconds
2016-10-23T22:40:11.765+0800: 148.464: Total time for which application threads were stopped: 0.0000835 seconds, Stopping threads took: 0.0000338 seconds
2016-10-23T22:40:11.766+0800: 148.465: Total time for which application threads were stopped: 0.0000855 seconds, Stopping threads took: 0.0000264 seconds
2016-10-23T22:40:11.766+0800: 148.465: Total time for which application threads were stopped: 0.0000751 seconds, Stopping threads took: 0.0000269 seconds
2016-10-23T22:40:11.766+0800: 148.465: Total time for which application threads were stopped: 0.0000966 seconds, Stopping threads took: 0.0000303 seconds
2016-10-23T22:40:11.766+0800: 148.465: Total time for which application threads were stopped: 0.0000980 seconds, Stopping threads took: 0.0000576 seconds
2016-10-23T22:40:11.766+0800: 148.465: Total time for which application threads were stopped: 0.0000824 seconds, Stopping threads took: 0.0000440 seconds
2016-10-23T22:40:11.766+0800: 148.465: Total time for which application threads were stopped: 0.0000635 seconds, Stopping threads took: 0.0000303 seconds
2016-10-23T22:40:11.767+0800: 148.466: Total time for which application threads were stopped: 0.0001173 seconds, Stopping threads took: 0.0000351 seconds
2016-10-23T22:40:11.767+0800: 148.466: Total time for which application threads were stopped: 0.0000755 seconds, Stopping threads took: 0.0000365 seconds
2016-10-23T22:40:11.768+0800: 148.467: Total time for which application threads were stopped: 0.0005044 seconds, Stopping threads took: 0.0004498 seconds
2016-10-23T22:40:11.768+0800: 148.467: Total time for which application threads were stopped: 0.0001158 seconds, Stopping threads took: 0.0000800 seconds
2016-10-23T22:40:11.774+0800: 148.473: Total time for which application threads were stopped: 0.0001319 seconds, Stopping threads took: 0.0000304 seconds
2016-10-23T22:40:11.774+0800: 148.473: Total time for which application threads were stopped: 0.0000952 seconds, Stopping threads took: 0.0000222 seconds
2016-10-23T22:40:11.782+0800: 148.481: Total time for which application threads were stopped: 0.0001198 seconds, Stopping threads took: 0.0000290 seconds
2016-10-23T22:40:11.782+0800: 148.481: Total time for which application threads were stopped: 0.0000772 seconds, Stopping threads took: 0.0000243 seconds
2016-10-23T22:40:12.787+0800: 149.486: Total time for which application threads were stopped: 0.0002441 seconds, Stopping threads took: 0.0000500 seconds
2016-10-23T22:40:15.371+0800: 152.070: Total time for which application threads were stopped: 0.0001959 seconds, Stopping threads took: 0.0001176 seconds
2016-10-23T22:40:15.371+0800: 152.071: Total time for which application threads were stopped: 0.0001080 seconds, Stopping threads took: 0.0000648 seconds
2016-10-23T22:40:15.378+0800: 152.077: Total time for which application threads were stopped: 0.0000793 seconds, Stopping threads took: 0.0000149 seconds
2016-10-23T22:40:15.378+0800: 152.077: Total time for which application threads were stopped: 0.0000669 seconds, Stopping threads took: 0.0000111 seconds
2016-10-23T22:40:16.378+0800: 153.077: Total time for which application threads were stopped: 0.0001024 seconds, Stopping threads took: 0.0000274 seconds
2016-10-23T22:41:15.381+0800: 212.082: Total time for which application threads were stopped: 0.0001715 seconds, Stopping threads took: 0.0000431 seconds
{Heap before GC invocations=13 (full 2):
 par new generation   total 109248K, used 101410K [0x00000007a0000000, 0x00000007a8000000, 0x00000007a8000000)
  eden space 87424K, 100% used [0x00000007a0000000, 0x00000007a5560000, 0x00000007a5560000)
  from space 21824K,  64% used [0x00000007a6ab0000, 0x00000007a7858aa8, 0x00000007a8000000)
  to   space 21824K,   0% used [0x00000007a5560000, 0x00000007a5560000, 0x00000007a6ab0000)
 concurrent mark-sweep generation total 393216K, used 10831K [0x00000007a8000000, 0x00000007c0000000, 0x00000007c0000000)
 Metaspace       used 38269K, capacity 38958K, committed 39432K, reserved 1083392K
  class space    used 4540K, capacity 4744K, committed 4848K, reserved 1048576K
2016-10-23T22:41:39.234+0800: 235.935: [GC (Allocation Failure) 2016-10-23T22:41:39.234+0800: 235.935: [ParNew
Desired survivor size 20112992 bytes, new threshold 8 (max 8)
- age   1:    3353248 bytes,    3353248 total
- age   2:      67400 bytes,    3420648 total
- age   3:      32616 bytes,    3453264 total
- age   4:      41136 bytes,    3494400 total
- age   5:      29336 bytes,    3523736 total
- age   6:        312 bytes,    3524048 total
- age   7:    2517680 bytes,    6041728 total
- age   8:    1428608 bytes,    7470336 total
: 101410K->10517K(109248K), 0.0125981 secs] 112242K->27245K(502464K), 0.0126600 secs] [Times: user=0.04 sys=0.01, real=0.01 secs] 
Heap after GC invocations=14 (full 2):
 par new generation   total 109248K, used 10517K [0x00000007a0000000, 0x00000007a8000000, 0x00000007a8000000)
  eden space 87424K,   0% used [0x00000007a0000000, 0x00000007a0000000, 0x00000007a5560000)
  from space 21824K,  48% used [0x00000007a5560000, 0x00000007a5fa5550, 0x00000007a6ab0000)
  to   space 21824K,   0% used [0x00000007a6ab0000, 0x00000007a6ab0000, 0x00000007a8000000)
 concurrent mark-sweep generation total 393216K, used 16728K [0x00000007a8000000, 0x00000007c0000000, 0x00000007c0000000)
 Metaspace       used 38269K, capacity 38958K, committed 39432K, reserved 1083392K
  class space    used 4540K, capacity 4744K, committed 4848K, reserved 1048576K
}
2016-10-23T22:41:39.246+0800: 235.948: Total time for which application threads were stopped: 0.0128334 seconds, Stopping threads took: 0.0000347 seconds
2016-10-23T22:41:40.252+0800: 236.953: Total time for which application threads were stopped: 0.0002778 seconds, Stopping threads took: 0.0000547 seconds
2016-10-23T22:41:44.465+0800: 241.167: Total time for which application threads were stopped: 0.0005256 seconds, Stopping threads took: 0.0000167 seconds
2016-10-23T22:41:45.470+0800: 242.172: Total time for which application threads were stopped: 0.0002864 seconds, Stopping threads took: 0.0000556 seconds
{Heap before GC invocations=14 (full 2):
 par new generation   total 109248K, used 91171K [0x00000007a0000000, 0x00000007a8000000, 0x00000007a8000000)
  eden space 87424K,  92% used [0x00000007a0000000, 0x00000007a4ec3998, 0x00000007a5560000)
  from space 21824K,  48% used [0x00000007a5560000, 0x00000007a5fa5550, 0x00000007a6ab0000)
  to   space 21824K,   0% used [0x00000007a6ab0000, 0x00000007a6ab0000, 0x00000007a8000000)
 concurrent mark-sweep generation total 393216K, used 16728K [0x00000007a8000000, 0x00000007c0000000, 0x00000007c0000000)
 Metaspace       used 38410K, capacity 39094K, committed 39432K, reserved 1083392K
  class space    used 4554K, capacity 4756K, committed 4848K, reserved 1048576K
2016-10-23T22:41:50.227+0800: 246.929: [GC (Allocation Failure) 2016-10-23T22:41:50.227+0800: 246.929: [ParNew
Desired survivor size 20112992 bytes, new threshold 8 (max 8)
- age   1:    9144296 bytes,    9144296 total
- age   2:     203736 bytes,    9348032 total
- age   3:      18376 bytes,    9366408 total
- age   4:      32616 bytes,    9399024 total
- age   5:      41136 bytes,    9440160 total
- age   6:      29336 bytes,    9469496 total
- age   7:        312 bytes,    9469808 total
- age   8:    2516896 bytes,   11986704 total
: 91171K->13874K(109248K), 0.0062072 secs] 107900K->32001K(502464K), 0.0062777 secs] [Times: user=0.03 sys=0.01, real=0.01 secs] 
Heap after GC invocations=15 (full 2):
 par new generation   total 109248K, used 13874K [0x00000007a0000000, 0x00000007a8000000, 0x00000007a8000000)
  eden space 87424K,   0% used [0x00000007a0000000, 0x00000007a0000000, 0x00000007a5560000)
  from space 21824K,  63% used [0x00000007a6ab0000, 0x00000007a783c920, 0x00000007a8000000)
  to   space 21824K,   0% used [0x00000007a5560000, 0x00000007a5560000, 0x00000007a6ab0000)
 concurrent mark-sweep generation total 393216K, used 18127K [0x00000007a8000000, 0x00000007c0000000, 0x00000007c0000000)
 Metaspace       used 38410K, capacity 39094K, committed 39432K, reserved 1083392K
  class space    used 4554K, capacity 4756K, committed 4848K, reserved 1048576K
}
2016-10-23T22:41:50.233+0800: 246.935: Total time for which application threads were stopped: 0.0064248 seconds, Stopping threads took: 0.0000175 seconds
2016-10-23T22:41:51.235+0800: 247.937: Total time for which application threads were stopped: 0.0002974 seconds, Stopping threads took: 0.0000542 seconds
2016-10-23T22:41:55.248+0800: 251.950: Total time for which application threads were stopped: 0.0002333 seconds, Stopping threads took: 0.0000509 seconds
2016-10-23T22:41:58.252+0800: 254.954: Total time for which application threads were stopped: 0.0002310 seconds, Stopping threads took: 0.0000558 seconds
2016-10-23T22:42:01.258+0800: 257.960: Total time for which application threads were stopped: 0.0001468 seconds, Stopping threads took: 0.0000294 seconds
2016-10-23T22:42:02.260+0800: 258.962: Total time for which application threads were stopped: 0.0001718 seconds, Stopping threads took: 0.0000305 seconds
2016-10-23T22:42:23.316+0800: 280.019: Total time for which application threads were stopped: 0.0002644 seconds, Stopping threads took: 0.0000545 seconds
2016-10-23T22:42:25.747+0800: 282.450: Total time for which application threads were stopped: 0.0001109 seconds, Stopping threads took: 0.0000428 seconds
2016-10-23T22:42:25.748+0800: 282.450: Total time for which application threads were stopped: 0.0000824 seconds, Stopping threads took: 0.0000423 seconds
2016-10-23T22:42:25.748+0800: 282.451: Total time for which application threads were stopped: 0.0000958 seconds, Stopping threads took: 0.0000271 seconds
2016-10-23T22:42:25.748+0800: 282.451: Total time for which application threads were stopped: 0.0000833 seconds, Stopping threads took: 0.0000311 seconds
2016-10-23T22:42:25.748+0800: 282.451: Total time for which application threads were stopped: 0.0000523 seconds, Stopping threads took: 0.0000090 seconds
2016-10-23T22:42:25.748+0800: 282.451: Total time for which application threads were stopped: 0.0000692 seconds, Stopping threads took: 0.0000319 seconds
2016-10-23T22:42:25.748+0800: 282.451: Total time for which application threads were stopped: 0.0000731 seconds, Stopping threads took: 0.0000265 seconds
2016-10-23T22:42:25.748+0800: 282.451: Total time for which application threads were stopped: 0.0000873 seconds, Stopping threads took: 0.0000209 seconds
2016-10-23T22:42:25.748+0800: 282.451: Total time for which application threads were stopped: 0.0000679 seconds, Stopping threads took: 0.0000239 seconds
2016-10-23T22:42:25.749+0800: 282.451: Total time for which application threads were stopped: 0.0000743 seconds, Stopping threads took: 0.0000250 seconds
2016-10-23T22:42:25.749+0800: 282.451: Total time for which application threads were stopped: 0.0000537 seconds, Stopping threads took: 0.0000207 seconds
2016-10-23T22:42:25.749+0800: 282.452: Total time for which application threads were stopped: 0.0000435 seconds, Stopping threads took: 0.0000091 seconds
2016-10-23T22:42:25.749+0800: 282.452: Total time for which application threads were stopped: 0.0000733 seconds, Stopping threads took: 0.0000260 seconds
2016-10-23T22:42:25.749+0800: 282.452: Total time for which application threads were stopped: 0.0000589 seconds, Stopping threads took: 0.0000100 seconds
2016-10-23T22:42:25.749+0800: 282.452: Total time for which application threads were stopped: 0.0000424 seconds, Stopping threads took: 0.0000089 seconds
2016-10-23T22:42:25.749+0800: 282.452: Total time for which application threads were stopped: 0.0000518 seconds, Stopping threads took: 0.0000089 seconds
2016-10-23T22:42:25.749+0800: 282.452: Total time for which application threads were stopped: 0.0000492 seconds, Stopping threads took: 0.0000090 seconds
2016-10-23T22:42:25.749+0800: 282.452: Total time for which application threads were stopped: 0.0000555 seconds, Stopping threads took: 0.0000100 seconds
2016-10-23T22:42:25.750+0800: 282.452: Total time for which application threads were stopped: 0.0001016 seconds, Stopping threads took: 0.0000526 seconds
2016-10-23T22:42:25.750+0800: 282.453: Total time for which application threads were stopped: 0.0001604 seconds, Stopping threads took: 0.0000325 seconds
2016-10-23T22:42:26.753+0800: 283.456: Total time for which application threads were stopped: 0.0001348 seconds, Stopping threads took: 0.0000219 seconds
2016-10-23T22:43:18.977+0800: 335.682: Total time for which application threads were stopped: 0.0005488 seconds, Stopping threads took: 0.0000165 seconds
{Heap before GC invocations=15 (full 2):
 par new generation   total 109248K, used 101298K [0x00000007a0000000, 0x00000007a8000000, 0x00000007a8000000)
  eden space 87424K, 100% used [0x00000007a0000000, 0x00000007a5560000, 0x00000007a5560000)
  from space 21824K,  63% used [0x00000007a6ab0000, 0x00000007a783c920, 0x00000007a8000000)
  to   space 21824K,   0% used [0x00000007a5560000, 0x00000007a5560000, 0x00000007a6ab0000)
 concurrent mark-sweep generation total 393216K, used 18127K [0x00000007a8000000, 0x00000007c0000000, 0x00000007c0000000)
 Metaspace       used 38707K, capacity 39460K, committed 39664K, reserved 1083392K
  class space    used 4578K, capacity 4793K, committed 4848K, reserved 1048576K
2016-10-23T22:43:18.992+0800: 335.696: [GC (Allocation Failure) 2016-10-23T22:43:18.992+0800: 335.696: [ParNew
Desired survivor size 20112992 bytes, new threshold 8 (max 8)
- age   1:    4003024 bytes,    4003024 total
- age   2:     556312 bytes,    4559336 total
- age   3:     175360 bytes,    4734696 total
- age   4:      17848 bytes,    4752544 total
- age   5:      32616 bytes,    4785160 total
- age   6:      41136 bytes,    4826296 total
- age   7:      29336 bytes,    4855632 total
- age   8:        312 bytes,    4855944 total
: 101298K->5476K(109248K), 0.0086140 secs] 119425K->26106K(502464K), 0.0086615 secs] [Times: user=0.03 sys=0.00, real=0.01 secs] 
Heap after GC invocations=16 (full 2):
 par new generation   total 109248K, used 5476K [0x00000007a0000000, 0x00000007a8000000, 0x00000007a8000000)
  eden space 87424K,   0% used [0x00000007a0000000, 0x00000007a0000000, 0x00000007a5560000)
  from space 21824K,  25% used [0x00000007a5560000, 0x00000007a5ab91a0, 0x00000007a6ab0000)
  to   space 21824K,   0% used [0x00000007a6ab0000, 0x00000007a6ab0000, 0x00000007a8000000)
 concurrent mark-sweep generation total 393216K, used 20629K [0x00000007a8000000, 0x00000007c0000000, 0x00000007c0000000)
 Metaspace       used 38707K, capacity 39460K, committed 39664K, reserved 1083392K
  class space    used 4578K, capacity 4793K, committed 4848K, reserved 1048576K
}
2016-10-23T22:43:19.001+0800: 335.705: Total time for which application threads were stopped: 0.0088215 seconds, Stopping threads took: 0.0000166 seconds
2016-10-23T22:43:19.045+0800: 335.750: Total time for which application threads were stopped: 0.0001228 seconds, Stopping threads took: 0.0000298 seconds
2016-10-23T22:43:19.045+0800: 335.750: Total time for which application threads were stopped: 0.0000906 seconds, Stopping threads took: 0.0000246 seconds
2016-10-23T22:43:19.045+0800: 335.750: Total time for which application threads were stopped: 0.0000898 seconds, Stopping threads took: 0.0000351 seconds
2016-10-23T22:43:19.046+0800: 335.750: Total time for which application threads were stopped: 0.0000896 seconds, Stopping threads took: 0.0000441 seconds
2016-10-23T22:43:19.046+0800: 335.750: Total time for which application threads were stopped: 0.0000615 seconds, Stopping threads took: 0.0000096 seconds
2016-10-23T22:43:19.046+0800: 335.750: Total time for which application threads were stopped: 0.0000832 seconds, Stopping threads took: 0.0000308 seconds
2016-10-23T22:43:19.046+0800: 335.750: Total time for which application threads were stopped: 0.0000426 seconds, Stopping threads took: 0.0000093 seconds
2016-10-23T22:43:19.046+0800: 335.751: Total time for which application threads were stopped: 0.0000830 seconds, Stopping threads took: 0.0000288 seconds
2016-10-23T22:43:19.046+0800: 335.751: Total time for which application threads were stopped: 0.0000695 seconds, Stopping threads took: 0.0000112 seconds
2016-10-23T22:43:19.046+0800: 335.751: Total time for which application threads were stopped: 0.0001014 seconds, Stopping threads took: 0.0000506 seconds
2016-10-23T22:43:19.046+0800: 335.751: Total time for which application threads were stopped: 0.0000567 seconds, Stopping threads took: 0.0000196 seconds
2016-10-23T22:43:19.047+0800: 335.751: Total time for which application threads were stopped: 0.0000718 seconds, Stopping threads took: 0.0000290 seconds
2016-10-23T22:43:19.047+0800: 335.751: Total time for which application threads were stopped: 0.0000768 seconds, Stopping threads took: 0.0000219 seconds
2016-10-23T22:43:19.047+0800: 335.751: Total time for which application threads were stopped: 0.0000822 seconds, Stopping threads took: 0.0000329 seconds
2016-10-23T22:43:19.047+0800: 335.751: Total time for which application threads were stopped: 0.0000755 seconds, Stopping threads took: 0.0000253 seconds
2016-10-23T22:43:19.047+0800: 335.752: Total time for which application threads were stopped: 0.0000624 seconds, Stopping threads took: 0.0000120 seconds
2016-10-23T22:43:19.047+0800: 335.752: Total time for which application threads were stopped: 0.0000894 seconds, Stopping threads took: 0.0000342 seconds
2016-10-23T22:43:19.048+0800: 335.752: Total time for which application threads were stopped: 0.0001062 seconds, Stopping threads took: 0.0000392 seconds
2016-10-23T22:43:19.048+0800: 335.752: Total time for which application threads were stopped: 0.0000583 seconds, Stopping threads took: 0.0000201 seconds
2016-10-23T22:43:19.048+0800: 335.752: Total time for which application threads were stopped: 0.0001559 seconds, Stopping threads took: 0.0000250 seconds
2016-10-23T22:43:20.049+0800: 336.754: Total time for which application threads were stopped: 0.0000996 seconds, Stopping threads took: 0.0000220 seconds
2016-10-23T22:43:22.060+0800: 338.764: Total time for which application threads were stopped: 0.0002552 seconds, Stopping threads took: 0.0000580 seconds
2016-10-23T22:43:30.082+0800: 346.787: Total time for which application threads were stopped: 0.0001474 seconds, Stopping threads took: 0.0000305 seconds
2016-10-23T22:43:48.952+0800: 365.657: Total time for which application threads were stopped: 0.0001101 seconds, Stopping threads took: 0.0000172 seconds
2016-10-23T22:43:48.952+0800: 365.657: Total time for which application threads were stopped: 0.0001090 seconds, Stopping threads took: 0.0000459 seconds
2016-10-23T22:43:48.952+0800: 365.657: Total time for which application threads were stopped: 0.0000414 seconds, Stopping threads took: 0.0000078 seconds
2016-10-23T22:43:48.952+0800: 365.658: Total time for which application threads were stopped: 0.0000673 seconds, Stopping threads took: 0.0000086 seconds
2016-10-23T22:43:48.952+0800: 365.658: Total time for which application threads were stopped: 0.0000578 seconds, Stopping threads took: 0.0000078 seconds
2016-10-23T22:43:48.952+0800: 365.658: Total time for which application threads were stopped: 0.0000646 seconds, Stopping threads took: 0.0000073 seconds
2016-10-23T22:43:48.952+0800: 365.658: Total time for which application threads were stopped: 0.0000572 seconds, Stopping threads took: 0.0000078 seconds
2016-10-23T22:43:48.953+0800: 365.658: Total time for which application threads were stopped: 0.0000595 seconds, Stopping threads took: 0.0000078 seconds
2016-10-23T22:43:48.953+0800: 365.658: Total time for which application threads were stopped: 0.0000714 seconds, Stopping threads took: 0.0000098 seconds
2016-10-23T22:43:48.953+0800: 365.658: Total time for which application threads were stopped: 0.0000882 seconds, Stopping threads took: 0.0000138 seconds
2016-10-23T22:43:48.953+0800: 365.658: Total time for which application threads were stopped: 0.0000779 seconds, Stopping threads took: 0.0000141 seconds
2016-10-23T22:43:48.953+0800: 365.658: Total time for which application threads were stopped: 0.0000781 seconds, Stopping threads took: 0.0000122 seconds
2016-10-23T22:43:48.953+0800: 365.659: Total time for which application threads were stopped: 0.0000550 seconds, Stopping threads took: 0.0000078 seconds
2016-10-23T22:43:48.953+0800: 365.659: Total time for which application threads were stopped: 0.0000564 seconds, Stopping threads took: 0.0000078 seconds
2016-10-23T22:43:48.953+0800: 365.659: Total time for which application threads were stopped: 0.0000551 seconds, Stopping threads took: 0.0000081 seconds
2016-10-23T22:43:48.954+0800: 365.659: Total time for which application threads were stopped: 0.0000560 seconds, Stopping threads took: 0.0000078 seconds
2016-10-23T22:43:48.954+0800: 365.659: Total time for which application threads were stopped: 0.0000540 seconds, Stopping threads took: 0.0000078 seconds
2016-10-23T22:43:49.958+0800: 366.663: Total time for which application threads were stopped: 0.0001355 seconds, Stopping threads took: 0.0000298 seconds
2016-10-23T22:45:55.570+0800: 492.279: Total time for which application threads were stopped: 0.0001998 seconds, Stopping threads took: 0.0000470 seconds
2016-10-23T22:45:56.574+0800: 493.283: Total time for which application threads were stopped: 0.0002120 seconds, Stopping threads took: 0.0000873 seconds
2016-10-23T22:45:58.576+0800: 495.285: Total time for which application threads were stopped: 0.0001328 seconds, Stopping threads took: 0.0000343 seconds
2016-10-23T22:46:00.579+0800: 497.288: Total time for which application threads were stopped: 0.0001202 seconds, Stopping threads took: 0.0000194 seconds
{Heap before GC invocations=16 (full 2):
 par new generation   total 109248K, used 92760K [0x00000007a0000000, 0x00000007a8000000, 0x00000007a8000000)
  eden space 87424K,  99% used [0x00000007a0000000, 0x00000007a553ce60, 0x00000007a5560000)
  from space 21824K,  25% used [0x00000007a5560000, 0x00000007a5ab91a0, 0x00000007a6ab0000)
  to   space 21824K,   0% used [0x00000007a6ab0000, 0x00000007a6ab0000, 0x00000007a8000000)
 concurrent mark-sweep generation total 393216K, used 20629K [0x00000007a8000000, 0x00000007c0000000, 0x00000007c0000000)
 Metaspace       used 38869K, capacity 39638K, committed 39920K, reserved 1085440K
  class space    used 4585K, capacity 4828K, committed 4848K, reserved 1048576K
2016-10-23T22:46:03.835+0800: 500.544: [GC (Allocation Failure) 2016-10-23T22:46:03.835+0800: 500.544: [ParNew
Desired survivor size 20112992 bytes, new threshold 8 (max 8)
- age   1:    8825408 bytes,    8825408 total
- age   2:     726552 bytes,    9551960 total
- age   3:     544264 bytes,   10096224 total
- age   4:     171512 bytes,   10267736 total
- age   5:      17720 bytes,   10285456 total
- age   6:      32488 bytes,   10317944 total
- age   7:      41008 bytes,   10358952 total
- age   8:      29336 bytes,   10388288 total
: 92760K->13208K(109248K), 0.0047516 secs] 113389K->33838K(502464K), 0.0047989 secs] [Times: user=0.02 sys=0.00, real=0.00 secs] 
Heap after GC invocations=17 (full 2):
 par new generation   total 109248K, used 13208K [0x00000007a0000000, 0x00000007a8000000, 0x00000007a8000000)
  eden space 87424K,   0% used [0x00000007a0000000, 0x00000007a0000000, 0x00000007a5560000)
  from space 21824K,  60% used [0x00000007a6ab0000, 0x00000007a77960f0, 0x00000007a8000000)
  to   space 21824K,   0% used [0x00000007a5560000, 0x00000007a5560000, 0x00000007a6ab0000)
 concurrent mark-sweep generation total 393216K, used 20629K [0x00000007a8000000, 0x00000007c0000000, 0x00000007c0000000)
 Metaspace       used 38869K, capacity 39638K, committed 39920K, reserved 1085440K
  class space    used 4585K, capacity 4828K, committed 4848K, reserved 1048576K
}
2016-10-23T22:46:03.839+0800: 500.549: Total time for which application threads were stopped: 0.0050581 seconds, Stopping threads took: 0.0000224 seconds
2016-10-23T22:46:04.841+0800: 501.550: Total time for which application threads were stopped: 0.0001427 seconds, Stopping threads took: 0.0000325 seconds
2016-10-23T22:46:07.852+0800: 504.561: Total time for which application threads were stopped: 0.0001349 seconds, Stopping threads took: 0.0000332 seconds
{Heap before GC invocations=17 (full 2):
 par new generation   total 109248K, used 100632K [0x00000007a0000000, 0x00000007a8000000, 0x00000007a8000000)
  eden space 87424K, 100% used [0x00000007a0000000, 0x00000007a5560000, 0x00000007a5560000)
  from space 21824K,  60% used [0x00000007a6ab0000, 0x00000007a77960f0, 0x00000007a8000000)
  to   space 21824K,   0% used [0x00000007a5560000, 0x00000007a5560000, 0x00000007a6ab0000)
 concurrent mark-sweep generation total 393216K, used 20629K [0x00000007a8000000, 0x00000007c0000000, 0x00000007c0000000)
 Metaspace       used 38906K, capacity 39638K, committed 39920K, reserved 1085440K
  class space    used 4585K, capacity 4828K, committed 4848K, reserved 1048576K
2016-10-23T22:46:08.721+0800: 505.431: [GC (Allocation Failure) 2016-10-23T22:46:08.721+0800: 505.431: [ParNew
Desired survivor size 20112992 bytes, new threshold 8 (max 8)
- age   1:    1358752 bytes,    1358752 total
- age   2:     128768 bytes,    1487520 total
- age   3:     726208 bytes,    2213728 total
- age   4:     544104 bytes,    2757832 total
- age   5:     171480 bytes,    2929312 total
- age   6:      17720 bytes,    2947032 total
- age   7:      32488 bytes,    2979520 total
- age   8:      40984 bytes,    3020504 total
: 100632K->3564K(109248K), 0.0065197 secs] 121262K->24223K(502464K), 0.0067734 secs] [Times: user=0.02 sys=0.00, real=0.00 secs] 
Heap after GC invocations=18 (full 2):
 par new generation   total 109248K, used 3564K [0x00000007a0000000, 0x00000007a8000000, 0x00000007a8000000)
  eden space 87424K,   0% used [0x00000007a0000000, 0x00000007a0000000, 0x00000007a5560000)
  from space 21824K,  16% used [0x00000007a5560000, 0x00000007a58db1b8, 0x00000007a6ab0000)
  to   space 21824K,   0% used [0x00000007a6ab0000, 0x00000007a6ab0000, 0x00000007a8000000)
 concurrent mark-sweep generation total 393216K, used 20659K [0x00000007a8000000, 0x00000007c0000000, 0x00000007c0000000)
 Metaspace       used 38906K, capacity 39638K, committed 39920K, reserved 1085440K
  class space    used 4585K, capacity 4828K, committed 4848K, reserved 1048576K
}
2016-10-23T22:46:08.728+0800: 505.438: Total time for which application threads were stopped: 0.0070004 seconds, Stopping threads took: 0.0000190 seconds
2016-10-23T22:46:23.409+0800: 520.118: Total time for which application threads were stopped: 0.0000968 seconds, Stopping threads took: 0.0000157 seconds
2016-10-23T22:46:23.409+0800: 520.119: Total time for which application threads were stopped: 0.0000714 seconds, Stopping threads took: 0.0000088 seconds
2016-10-23T22:46:23.414+0800: 520.124: Total time for which application threads were stopped: 0.0000691 seconds, Stopping threads took: 0.0000149 seconds
2016-10-23T22:46:23.414+0800: 520.124: Total time for which application threads were stopped: 0.0000552 seconds, Stopping threads took: 0.0000199 seconds
2016-10-23T22:46:24.418+0800: 521.128: Total time for which application threads were stopped: 0.0001629 seconds, Stopping threads took: 0.0000336 seconds
2016-10-23T22:46:25.423+0800: 522.132: Total time for which application threads were stopped: 0.0000931 seconds, Stopping threads took: 0.0000212 seconds
2016-10-23T22:46:58.492+0800: 555.203: Total time for which application threads were stopped: 0.0001337 seconds, Stopping threads took: 0.0000334 seconds
2016-10-23T22:47:09.893+0800: 566.605: Total time for which application threads were stopped: 0.0001228 seconds, Stopping threads took: 0.0000392 seconds
2016-10-23T22:47:09.893+0800: 566.605: Total time for which application threads were stopped: 0.0000870 seconds, Stopping threads took: 0.0000386 seconds
2016-10-23T22:47:09.894+0800: 566.605: Total time for which application threads were stopped: 0.0000706 seconds, Stopping threads took: 0.0000325 seconds
2016-10-23T22:47:09.894+0800: 566.605: Total time for which application threads were stopped: 0.0001149 seconds, Stopping threads took: 0.0000812 seconds
2016-10-23T22:47:09.894+0800: 566.605: Total time for which application threads were stopped: 0.0001396 seconds, Stopping threads took: 0.0000387 seconds
2016-10-23T22:47:09.900+0800: 566.611: Total time for which application threads were stopped: 0.0001586 seconds, Stopping threads took: 0.0000835 seconds
2016-10-23T22:47:09.900+0800: 566.611: Total time for which application threads were stopped: 0.0000932 seconds, Stopping threads took: 0.0000443 seconds
2016-10-23T22:47:09.905+0800: 566.617: Total time for which application threads were stopped: 0.0000870 seconds, Stopping threads took: 0.0000318 seconds
2016-10-23T22:47:09.906+0800: 566.617: Total time for which application threads were stopped: 0.0000547 seconds, Stopping threads took: 0.0000207 seconds
2016-10-23T22:47:10.908+0800: 567.619: Total time for which application threads were stopped: 0.0001475 seconds, Stopping threads took: 0.0000300 seconds
2016-10-23T22:47:14.859+0800: 571.570: Total time for which application threads were stopped: 0.0001306 seconds, Stopping threads took: 0.0000540 seconds
2016-10-23T22:47:14.860+0800: 571.571: Total time for which application threads were stopped: 0.0001362 seconds, Stopping threads took: 0.0000444 seconds
2016-10-23T22:47:14.860+0800: 571.571: Total time for which application threads were stopped: 0.0000952 seconds, Stopping threads took: 0.0000517 seconds
2016-10-23T22:47:14.860+0800: 571.571: Total time for which application threads were stopped: 0.0000838 seconds, Stopping threads took: 0.0000394 seconds
2016-10-23T22:47:14.860+0800: 571.571: Total time for which application threads were stopped: 0.0001000 seconds, Stopping threads took: 0.0000499 seconds
2016-10-23T22:47:14.860+0800: 571.572: Total time for which application threads were stopped: 0.0000846 seconds, Stopping threads took: 0.0000317 seconds
2016-10-23T22:47:14.860+0800: 571.572: Total time for which application threads were stopped: 0.0000779 seconds, Stopping threads took: 0.0000269 seconds
2016-10-23T22:47:14.861+0800: 571.572: Total time for which application threads were stopped: 0.0000822 seconds, Stopping threads took: 0.0000292 seconds
2016-10-23T22:47:14.861+0800: 571.572: Total time for which application threads were stopped: 0.0000701 seconds, Stopping threads took: 0.0000230 seconds
2016-10-23T22:47:14.861+0800: 571.572: Total time for which application threads were stopped: 0.0000754 seconds, Stopping threads took: 0.0000262 seconds
2016-10-23T22:47:14.861+0800: 571.573: Total time for which application threads were stopped: 0.0000843 seconds, Stopping threads took: 0.0000373 seconds
2016-10-23T22:47:14.866+0800: 571.578: Total time for which application threads were stopped: 0.0000925 seconds, Stopping threads took: 0.0000365 seconds
2016-10-23T22:47:14.867+0800: 571.578: Total time for which application threads were stopped: 0.0000756 seconds, Stopping threads took: 0.0000421 seconds
2016-10-23T22:47:14.871+0800: 571.583: Total time for which application threads were stopped: 0.0000799 seconds, Stopping threads took: 0.0000251 seconds
2016-10-23T22:47:14.872+0800: 571.583: Total time for which application threads were stopped: 0.0000410 seconds, Stopping threads took: 0.0000076 seconds
2016-10-23T22:47:15.873+0800: 572.585: Total time for which application threads were stopped: 0.0001156 seconds, Stopping threads took: 0.0000220 seconds
2016-10-23T22:47:16.879+0800: 573.590: Total time for which application threads were stopped: 0.0002599 seconds, Stopping threads took: 0.0000556 seconds
2016-10-23T22:47:18.899+0800: 575.610: Total time for which application threads were stopped: 0.0001179 seconds, Stopping threads took: 0.0000192 seconds
2016-10-23T22:47:18.899+0800: 575.610: Total time for which application threads were stopped: 0.0000644 seconds, Stopping threads took: 0.0000076 seconds
2016-10-23T22:47:18.903+0800: 575.615: Total time for which application threads were stopped: 0.0001877 seconds, Stopping threads took: 0.0000283 seconds
2016-10-23T22:47:18.904+0800: 575.615: Total time for which application threads were stopped: 0.0000998 seconds, Stopping threads took: 0.0000218 seconds
2016-10-23T22:47:18.904+0800: 575.615: Total time for which application threads were stopped: 0.0000930 seconds, Stopping threads took: 0.0000213 seconds
2016-10-23T22:47:26.923+0800: 583.634: Total time for which application threads were stopped: 0.0002342 seconds, Stopping threads took: 0.0000693 seconds
2016-10-23T22:47:35.309+0800: 592.021: Total time for which application threads were stopped: 0.0001210 seconds, Stopping threads took: 0.0000456 seconds
2016-10-23T22:47:35.309+0800: 592.021: Total time for which application threads were stopped: 0.0000907 seconds, Stopping threads took: 0.0000220 seconds
2016-10-23T22:47:35.315+0800: 592.027: Total time for which application threads were stopped: 0.0001227 seconds, Stopping threads took: 0.0000156 seconds
2016-10-23T22:47:35.315+0800: 592.027: Total time for which application threads were stopped: 0.0000834 seconds, Stopping threads took: 0.0000261 seconds
2016-10-23T22:47:50.999+0800: 607.712: Total time for which application threads were stopped: 0.0001008 seconds, Stopping threads took: 0.0000201 seconds
2016-10-23T22:47:51.000+0800: 607.712: Total time for which application threads were stopped: 0.0000635 seconds, Stopping threads took: 0.0000172 seconds
2016-10-23T22:47:51.004+0800: 607.717: Total time for which application threads were stopped: 0.0000762 seconds, Stopping threads took: 0.0000240 seconds
2016-10-23T22:47:51.004+0800: 607.717: Total time for which application threads were stopped: 0.0000559 seconds, Stopping threads took: 0.0000196 seconds
2016-10-23T22:47:57.013+0800: 613.725: Total time for which application threads were stopped: 0.0001188 seconds, Stopping threads took: 0.0000281 seconds
2016-10-23T22:48:04.857+0800: 621.570: Total time for which application threads were stopped: 0.0001325 seconds, Stopping threads took: 0.0000542 seconds
2016-10-23T22:48:04.857+0800: 621.570: Total time for which application threads were stopped: 0.0000426 seconds, Stopping threads took: 0.0000066 seconds
2016-10-23T22:48:04.862+0800: 621.575: Total time for which application threads were stopped: 0.0000796 seconds, Stopping threads took: 0.0000127 seconds
2016-10-23T22:48:04.862+0800: 621.575: Total time for which application threads were stopped: 0.0000650 seconds, Stopping threads took: 0.0000201 seconds
2016-10-23T22:48:05.867+0800: 622.580: Total time for which application threads were stopped: 0.0001505 seconds, Stopping threads took: 0.0000294 seconds
2016-10-23T22:48:07.480+0800: 624.192: Total time for which application threads were stopped: 0.0001165 seconds, Stopping threads took: 0.0000363 seconds
2016-10-23T22:48:07.480+0800: 624.193: Total time for which application threads were stopped: 0.0000680 seconds, Stopping threads took: 0.0000088 seconds
2016-10-23T22:48:07.485+0800: 624.198: Total time for which application threads were stopped: 0.0001168 seconds, Stopping threads took: 0.0000627 seconds
2016-10-23T22:48:07.485+0800: 624.198: Total time for which application threads were stopped: 0.0000738 seconds, Stopping threads took: 0.0000378 seconds
2016-10-23T22:48:08.487+0800: 625.200: Total time for which application threads were stopped: 0.0001261 seconds, Stopping threads took: 0.0000237 seconds
2016-10-23T22:48:14.717+0800: 631.430: Total time for which application threads were stopped: 0.0001504 seconds, Stopping threads took: 0.0000760 seconds
2016-10-23T22:48:14.717+0800: 631.430: Total time for which application threads were stopped: 0.0000380 seconds, Stopping threads took: 0.0000045 seconds
2016-10-23T22:48:14.723+0800: 631.436: Total time for which application threads were stopped: 0.0001038 seconds, Stopping threads took: 0.0000355 seconds
2016-10-23T22:48:14.723+0800: 631.436: Total time for which application threads were stopped: 0.0000467 seconds, Stopping threads took: 0.0000078 seconds
2016-10-23T22:48:15.727+0800: 632.441: Total time for which application threads were stopped: 0.0001326 seconds, Stopping threads took: 0.0000352 seconds
2016-10-23T22:48:25.746+0800: 642.459: Total time for which application threads were stopped: 0.0002116 seconds, Stopping threads took: 0.0000332 seconds
2016-10-23T22:48:36.765+0800: 653.478: Total time for which application threads were stopped: 0.0001372 seconds, Stopping threads took: 0.0000674 seconds
2016-10-23T22:48:36.772+0800: 653.486: Total time for which application threads were stopped: 0.0001681 seconds, Stopping threads took: 0.0000717 seconds
2016-10-23T22:48:36.773+0800: 653.486: Total time for which application threads were stopped: 0.0001092 seconds, Stopping threads took: 0.0000289 seconds
2016-10-23T22:48:36.778+0800: 653.492: Total time for which application threads were stopped: 0.0000885 seconds, Stopping threads took: 0.0000274 seconds
2016-10-23T22:48:36.778+0800: 653.492: Total time for which application threads were stopped: 0.0000467 seconds, Stopping threads took: 0.0000102 seconds
2016-10-23T22:48:40.041+0800: 656.755: Total time for which application threads were stopped: 0.0001442 seconds, Stopping threads took: 0.0000400 seconds
2016-10-23T22:48:40.041+0800: 656.755: Total time for which application threads were stopped: 0.0000460 seconds, Stopping threads took: 0.0000084 seconds
2016-10-23T22:48:40.047+0800: 656.760: Total time for which application threads were stopped: 0.0001318 seconds, Stopping threads took: 0.0000660 seconds
2016-10-23T22:48:40.047+0800: 656.761: Total time for which application threads were stopped: 0.0000777 seconds, Stopping threads took: 0.0000313 seconds
2016-10-23T22:48:41.049+0800: 657.763: Total time for which application threads were stopped: 0.0002038 seconds, Stopping threads took: 0.0000342 seconds
2016-10-23T22:48:45.064+0800: 661.778: Total time for which application threads were stopped: 0.0001248 seconds, Stopping threads took: 0.0000305 seconds
2016-10-23T22:48:50.126+0800: 666.841: Total time for which application threads were stopped: 0.0001071 seconds, Stopping threads took: 0.0000166 seconds
2016-10-23T22:48:50.127+0800: 666.841: Total time for which application threads were stopped: 0.0000619 seconds, Stopping threads took: 0.0000058 seconds
2016-10-23T22:48:50.132+0800: 666.846: Total time for which application threads were stopped: 0.0000918 seconds, Stopping threads took: 0.0000317 seconds
2016-10-23T22:48:50.132+0800: 666.847: Total time for which application threads were stopped: 0.0000815 seconds, Stopping threads took: 0.0000111 seconds
2016-10-23T22:48:51.133+0800: 667.847: Total time for which application threads were stopped: 0.0001416 seconds, Stopping threads took: 0.0000332 seconds
2016-10-23T22:48:55.904+0800: 672.618: Total time for which application threads were stopped: 0.0001095 seconds, Stopping threads took: 0.0000224 seconds
2016-10-23T22:48:55.904+0800: 672.618: Total time for which application threads were stopped: 0.0000929 seconds, Stopping threads took: 0.0000352 seconds
2016-10-23T22:48:55.910+0800: 672.624: Total time for which application threads were stopped: 0.0001041 seconds, Stopping threads took: 0.0000349 seconds
2016-10-23T22:48:55.910+0800: 672.624: Total time for which application threads were stopped: 0.0000719 seconds, Stopping threads took: 0.0000194 seconds
2016-10-23T22:48:56.755+0800: 673.469: Total time for which application threads were stopped: 0.0006373 seconds, Stopping threads took: 0.0000159 seconds
2016-10-23T22:48:56.760+0800: 673.474: Total time for which application threads were stopped: 0.0000743 seconds, Stopping threads took: 0.0000115 seconds
2016-10-23T22:48:56.760+0800: 673.474: Total time for which application threads were stopped: 0.0000699 seconds, Stopping threads took: 0.0000109 seconds
2016-10-23T22:48:56.766+0800: 673.480: Total time for which application threads were stopped: 0.0001157 seconds, Stopping threads took: 0.0000333 seconds
2016-10-23T22:48:56.766+0800: 673.480: Total time for which application threads were stopped: 0.0001011 seconds, Stopping threads took: 0.0000271 seconds
2016-10-23T22:48:56.794+0800: 673.508: Total time for which application threads were stopped: 0.0001524 seconds, Stopping threads took: 0.0000323 seconds
2016-10-23T22:48:56.794+0800: 673.508: Total time for which application threads were stopped: 0.0000898 seconds, Stopping threads took: 0.0000126 seconds
2016-10-23T22:48:56.799+0800: 673.514: Total time for which application threads were stopped: 0.0001766 seconds, Stopping threads took: 0.0000147 seconds
2016-10-23T22:48:56.800+0800: 673.514: Total time for which application threads were stopped: 0.0000988 seconds, Stopping threads took: 0.0000079 seconds
2016-10-23T22:48:56.800+0800: 673.514: Total time for which application threads were stopped: 0.0001235 seconds, Stopping threads took: 0.0000345 seconds
2016-10-23T22:48:57.601+0800: 674.316: Total time for which application threads were stopped: 0.0001162 seconds, Stopping threads took: 0.0000444 seconds
2016-10-23T22:48:57.601+0800: 674.316: Total time for which application threads were stopped: 0.0000670 seconds, Stopping threads took: 0.0000214 seconds
2016-10-23T22:48:57.608+0800: 674.322: Total time for which application threads were stopped: 0.0001135 seconds, Stopping threads took: 0.0000388 seconds
2016-10-23T22:48:57.608+0800: 674.322: Total time for which application threads were stopped: 0.0000766 seconds, Stopping threads took: 0.0000205 seconds
2016-10-23T22:48:58.695+0800: 675.409: Total time for which application threads were stopped: 0.0001366 seconds, Stopping threads took: 0.0000198 seconds
2016-10-23T22:48:58.695+0800: 675.409: Total time for which application threads were stopped: 0.0000857 seconds, Stopping threads took: 0.0000097 seconds
2016-10-23T22:48:58.698+0800: 675.413: Total time for which application threads were stopped: 0.0001234 seconds, Stopping threads took: 0.0000316 seconds
2016-10-23T22:48:58.699+0800: 675.413: Total time for which application threads were stopped: 0.0000968 seconds, Stopping threads took: 0.0000129 seconds
2016-10-23T22:48:58.702+0800: 675.416: Total time for which application threads were stopped: 0.0001153 seconds, Stopping threads took: 0.0000271 seconds
2016-10-23T22:48:58.702+0800: 675.416: Total time for which application threads were stopped: 0.0000986 seconds, Stopping threads took: 0.0000293 seconds
2016-10-23T22:48:58.706+0800: 675.420: Total time for which application threads were stopped: 0.0001022 seconds, Stopping threads took: 0.0000301 seconds
2016-10-23T22:48:58.706+0800: 675.420: Total time for which application threads were stopped: 0.0000621 seconds, Stopping threads took: 0.0000213 seconds
2016-10-23T22:49:14.735+0800: 691.450: Total time for which application threads were stopped: 0.0001378 seconds, Stopping threads took: 0.0000349 seconds
2016-10-23T22:49:58.703+0800: 735.419: Total time for which application threads were stopped: 0.0001213 seconds, Stopping threads took: 0.0000289 seconds
2016-10-23T22:49:58.705+0800: 735.421: Total time for which application threads were stopped: 0.0001256 seconds, Stopping threads took: 0.0000280 seconds
2016-10-23T22:50:21.764+0800: 758.481: Total time for which application threads were stopped: 0.0001025 seconds, Stopping threads took: 0.0000226 seconds
2016-10-23T23:06:25.328+0800: 1722.072: Total time for which application threads were stopped: 0.0001883 seconds, Stopping threads took: 0.0000372 seconds
2016-10-23T23:09:44.867+0800: 1921.617: Total time for which application threads were stopped: 0.0002248 seconds, Stopping threads took: 0.0000488 seconds
2016-10-23T23:32:41.671+0800: 3298.466: Total time for which application threads were stopped: 0.0001808 seconds, Stopping threads took: 0.0000387 seconds
2016-10-23T23:32:46.687+0800: 3303.482: Total time for which application threads were stopped: 0.0001247 seconds, Stopping threads took: 0.0000286 seconds
2016-10-23T23:38:14.542+0800: 3631.347: Total time for which application threads were stopped: 0.0001564 seconds, Stopping threads took: 0.0000350 seconds
2016-10-23T23:42:15.156+0800: 3871.970: Total time for which application threads were stopped: 0.0001124 seconds, Stopping threads took: 0.0000283 seconds
2016-10-23T23:57:44.531+0800: 4801.375: Total time for which application threads were stopped: 0.0001279 seconds, Stopping threads took: 0.0000330 seconds
2016-10-23T23:58:14.608+0800: 4831.453: Total time for which application threads were stopped: 0.0001356 seconds, Stopping threads took: 0.0000352 seconds
2016-10-23T23:58:18.613+0800: 4835.458: Total time for which application threads were stopped: 0.0003379 seconds, Stopping threads took: 0.0000548 seconds
2016-10-24T00:00:18.869+0800: 4955.718: Total time for which application threads were stopped: 0.0000892 seconds, Stopping threads took: 0.0000214 seconds
{Heap before GC invocations=18 (full 2):
 par new generation   total 109248K, used 82977K [0x00000007a0000000, 0x00000007a8000000, 0x00000007a8000000)
  eden space 87424K,  90% used [0x00000007a0000000, 0x00000007a4d8d308, 0x00000007a5560000)
  from space 21824K,  16% used [0x00000007a5560000, 0x00000007a58db1b8, 0x00000007a6ab0000)
  to   space 21824K,   0% used [0x00000007a6ab0000, 0x00000007a6ab0000, 0x00000007a8000000)
 concurrent mark-sweep generation total 393216K, used 20659K [0x00000007a8000000, 0x00000007c0000000, 0x00000007c0000000)
 Metaspace       used 39314K, capacity 40108K, committed 40432K, reserved 1085440K
  class space    used 4606K, capacity 4843K, committed 4848K, reserved 1048576K
2016-10-24T00:00:32.725+0800: 4969.575: [GC (Allocation Failure) 2016-10-24T00:00:32.725+0800: 4969.575: [ParNew
Desired survivor size 20112992 bytes, new threshold 8 (max 8)
- age   1:   12899848 bytes,   12899848 total
- age   2:      12336 bytes,   12912184 total
- age   3:      81600 bytes,   12993784 total
- age   4:     725360 bytes,   13719144 total
- age   5:     544104 bytes,   14263248 total
- age   6:     171072 bytes,   14434320 total
- age   7:      17720 bytes,   14452040 total
- age   8:      32488 bytes,   14484528 total
: 82977K->15458K(109248K), 0.0371063 secs] 103636K->36158K(502464K), 0.0372105 secs] [Times: user=0.04 sys=0.06, real=0.04 secs] 
Heap after GC invocations=19 (full 2):
 par new generation   total 109248K, used 15458K [0x00000007a0000000, 0x00000007a8000000, 0x00000007a8000000)
  eden space 87424K,   0% used [0x00000007a0000000, 0x00000007a0000000, 0x00000007a5560000)
  from space 21824K,  70% used [0x00000007a6ab0000, 0x00000007a79c89f8, 0x00000007a8000000)
  to   space 21824K,   0% used [0x00000007a5560000, 0x00000007a5560000, 0x00000007a6ab0000)
 concurrent mark-sweep generation total 393216K, used 20699K [0x00000007a8000000, 0x00000007c0000000, 0x00000007c0000000)
 Metaspace       used 39314K, capacity 40108K, committed 40432K, reserved 1085440K
  class space    used 4606K, capacity 4843K, committed 4848K, reserved 1048576K
}
2016-10-24T00:00:32.763+0800: 4969.612: Total time for which application threads were stopped: 0.0375025 seconds, Stopping threads took: 0.0000205 seconds
2016-10-24T00:00:33.764+0800: 4970.614: Total time for which application threads were stopped: 0.0001657 seconds, Stopping threads took: 0.0000340 seconds
2016-10-24T00:00:56.814+0800: 4993.665: Total time for which application threads were stopped: 0.0002502 seconds, Stopping threads took: 0.0000607 seconds
2016-10-24T00:00:59.819+0800: 4996.669: Total time for which application threads were stopped: 0.0007012 seconds, Stopping threads took: 0.0001760 seconds
2016-10-24T00:01:00.820+0800: 4997.671: Total time for which application threads were stopped: 0.0001409 seconds, Stopping threads took: 0.0000330 seconds
2016-10-24T00:04:15.212+0800: 5192.069: Total time for which application threads were stopped: 0.0001355 seconds, Stopping threads took: 0.0000276 seconds
2016-10-24T00:04:44.278+0800: 5221.136: Total time for which application threads were stopped: 0.0002363 seconds, Stopping threads took: 0.0000631 seconds
2016-10-24T00:23:34.816+0800: 6351.710: Total time for which application threads were stopped: 0.0002958 seconds, Stopping threads took: 0.0000679 seconds
{Heap before GC invocations=19 (full 2):
 par new generation   total 109248K, used 101507K [0x00000007a0000000, 0x00000007a8000000, 0x00000007a8000000)
  eden space 87424K,  98% used [0x00000007a0000000, 0x00000007a5408290, 0x00000007a5560000)
  from space 21824K,  70% used [0x00000007a6ab0000, 0x00000007a79c89f8, 0x00000007a8000000)
  to   space 21824K,   0% used [0x00000007a5560000, 0x00000007a5560000, 0x00000007a6ab0000)
 concurrent mark-sweep generation total 393216K, used 20699K [0x00000007a8000000, 0x00000007c0000000, 0x00000007c0000000)
 Metaspace       used 39372K, capacity 40184K, committed 40432K, reserved 1085440K
  class space    used 4608K, capacity 4845K, committed 4848K, reserved 1048576K
2016-10-24T00:23:35.070+0800: 6351.965: [GC (Allocation Failure) 2016-10-24T00:23:35.071+0800: 6351.965: [ParNew
Desired survivor size 20112992 bytes, new threshold 8 (max 8)
- age   1:   17317824 bytes,   17317824 total
- age   2:     193696 bytes,   17511520 total
- age   3:       2640 bytes,   17514160 total
- age   4:      68568 bytes,   17582728 total
- age   5:     722216 bytes,   18304944 total
- age   6:     542488 bytes,   18847432 total
- age   7:     147344 bytes,   18994776 total
- age   8:      17592 bytes,   19012368 total
: 101507K->19404K(109248K), 0.0289508 secs] 122206K->44232K(502464K), 0.0292197 secs] [Times: user=0.06 sys=0.03, real=0.03 secs] 
Heap after GC invocations=20 (full 2):
 par new generation   total 109248K, used 19404K [0x00000007a0000000, 0x00000007a8000000, 0x00000007a8000000)
  eden space 87424K,   0% used [0x00000007a0000000, 0x00000007a0000000, 0x00000007a5560000)
  from space 21824K,  88% used [0x00000007a5560000, 0x00000007a68531b0, 0x00000007a6ab0000)
  to   space 21824K,   0% used [0x00000007a6ab0000, 0x00000007a6ab0000, 0x00000007a8000000)
 concurrent mark-sweep generation total 393216K, used 24828K [0x00000007a8000000, 0x00000007c0000000, 0x00000007c0000000)
 Metaspace       used 39372K, capacity 40184K, committed 40432K, reserved 1085440K
  class space    used 4608K, capacity 4845K, committed 4848K, reserved 1048576K
}
2016-10-24T00:23:35.100+0800: 6351.994: Total time for which application threads were stopped: 0.0294488 seconds, Stopping threads took: 0.0000314 seconds
{Heap before GC invocations=20 (full 2):
 par new generation   total 109248K, used 106828K [0x00000007a0000000, 0x00000007a8000000, 0x00000007a8000000)
  eden space 87424K, 100% used [0x00000007a0000000, 0x00000007a5560000, 0x00000007a5560000)
  from space 21824K,  88% used [0x00000007a5560000, 0x00000007a68531b0, 0x00000007a6ab0000)
  to   space 21824K,   0% used [0x00000007a6ab0000, 0x00000007a6ab0000, 0x00000007a8000000)
 concurrent mark-sweep generation total 393216K, used 24828K [0x00000007a8000000, 0x00000007c0000000, 0x00000007c0000000)
 Metaspace       used 39372K, capacity 40184K, committed 40432K, reserved 1085440K
  class space    used 4608K, capacity 4845K, committed 4848K, reserved 1048576K
2016-10-24T00:23:35.213+0800: 6352.107: [GC (Allocation Failure) 2016-10-24T00:23:35.213+0800: 6352.107: [ParNew
Desired survivor size 20112992 bytes, new threshold 8 (max 8)
- age   1:    9294016 bytes,    9294016 total
- age   2:     141856 bytes,    9435872 total
- age   3:     193344 bytes,    9629216 total
- age   4:       2640 bytes,    9631856 total
- age   5:      66952 bytes,    9698808 total
- age   6:     722216 bytes,   10421024 total
- age   7:     542488 bytes,   10963512 total
- age   8:     144112 bytes,   11107624 total
: 106828K->11198K(109248K), 0.0060543 secs] 131656K->36043K(502464K), 0.0061098 secs] [Times: user=0.02 sys=0.00, real=0.00 secs] 
Heap after GC invocations=21 (full 2):
 par new generation   total 109248K, used 11198K [0x00000007a0000000, 0x00000007a8000000, 0x00000007a8000000)
  eden space 87424K,   0% used [0x00000007a0000000, 0x00000007a0000000, 0x00000007a5560000)
  from space 21824K,  51% used [0x00000007a6ab0000, 0x00000007a759f838, 0x00000007a8000000)
  to   space 21824K,   0% used [0x00000007a5560000, 0x00000007a5560000, 0x00000007a6ab0000)
 concurrent mark-sweep generation total 393216K, used 24845K [0x00000007a8000000, 0x00000007c0000000, 0x00000007c0000000)
 Metaspace       used 39372K, capacity 40184K, committed 40432K, reserved 1085440K
  class space    used 4608K, capacity 4845K, committed 4848K, reserved 1048576K
}
2016-10-24T00:23:35.219+0800: 6352.114: Total time for which application threads were stopped: 0.0063716 seconds, Stopping threads took: 0.0000651 seconds
2016-10-24T00:23:36.220+0800: 6353.115: Total time for which application threads were stopped: 0.0001218 seconds, Stopping threads took: 0.0000211 seconds
2016-10-24T00:23:47.248+0800: 6364.143: Total time for which application threads were stopped: 0.0002239 seconds, Stopping threads took: 0.0000613 seconds
2016-10-24T00:24:25.346+0800: 6402.243: Total time for which application threads were stopped: 0.0002238 seconds, Stopping threads took: 0.0000526 seconds
2016-10-24T00:28:23.007+0800: 6639.911: Total time for which application threads were stopped: 0.0001339 seconds, Stopping threads took: 0.0000335 seconds
2016-10-24T00:28:23.007+0800: 6639.911: Total time for which application threads were stopped: 0.0000557 seconds, Stopping threads took: 0.0000177 seconds
2016-10-24T00:28:23.013+0800: 6639.917: Total time for which application threads were stopped: 0.0001269 seconds, Stopping threads took: 0.0000311 seconds
2016-10-24T00:28:23.013+0800: 6639.918: Total time for which application threads were stopped: 0.0001156 seconds, Stopping threads took: 0.0000296 seconds
2016-10-24T00:28:24.015+0800: 6640.919: Total time for which application threads were stopped: 0.0001141 seconds, Stopping threads took: 0.0000238 seconds
2016-10-24T00:28:28.147+0800: 6645.051: Total time for which application threads were stopped: 0.0002577 seconds, Stopping threads took: 0.0000716 seconds
2016-10-24T00:28:28.147+0800: 6645.051: Total time for which application threads were stopped: 0.0001346 seconds, Stopping threads took: 0.0000322 seconds
2016-10-24T00:28:28.147+0800: 6645.051: Total time for which application threads were stopped: 0.0000951 seconds, Stopping threads took: 0.0000269 seconds
2016-10-24T00:28:28.147+0800: 6645.051: Total time for which application threads were stopped: 0.0000971 seconds, Stopping threads took: 0.0000309 seconds
2016-10-24T00:28:28.147+0800: 6645.052: Total time for which application threads were stopped: 0.0000872 seconds, Stopping threads took: 0.0000268 seconds
2016-10-24T00:28:28.148+0800: 6645.052: Total time for which application threads were stopped: 0.0001386 seconds, Stopping threads took: 0.0000581 seconds
2016-10-24T00:28:28.148+0800: 6645.052: Total time for which application threads were stopped: 0.0000863 seconds, Stopping threads took: 0.0000358 seconds
2016-10-24T00:28:28.148+0800: 6645.053: Total time for which application threads were stopped: 0.0000920 seconds, Stopping threads took: 0.0000284 seconds
2016-10-24T00:28:28.149+0800: 6645.053: Total time for which application threads were stopped: 0.0001254 seconds, Stopping threads took: 0.0000646 seconds
2016-10-24T00:28:28.149+0800: 6645.053: Total time for which application threads were stopped: 0.0001499 seconds, Stopping threads took: 0.0000695 seconds
2016-10-24T00:28:28.149+0800: 6645.053: Total time for which application threads were stopped: 0.0001063 seconds, Stopping threads took: 0.0000352 seconds
2016-10-24T00:28:28.149+0800: 6645.053: Total time for which application threads were stopped: 0.0000688 seconds, Stopping threads took: 0.0000240 seconds
2016-10-24T00:28:28.149+0800: 6645.053: Total time for which application threads were stopped: 0.0001055 seconds, Stopping threads took: 0.0000407 seconds
2016-10-24T00:28:28.150+0800: 6645.054: Total time for which application threads were stopped: 0.0001414 seconds, Stopping threads took: 0.0000525 seconds
2016-10-24T00:28:28.150+0800: 6645.054: Total time for which application threads were stopped: 0.0001054 seconds, Stopping threads took: 0.0000534 seconds
2016-10-24T00:28:28.156+0800: 6645.060: Total time for which application threads were stopped: 0.0001199 seconds, Stopping threads took: 0.0000286 seconds
2016-10-24T00:28:28.156+0800: 6645.060: Total time for which application threads were stopped: 0.0000854 seconds, Stopping threads took: 0.0000296 seconds
2016-10-24T00:28:28.161+0800: 6645.066: Total time for which application threads were stopped: 0.0001042 seconds, Stopping threads took: 0.0000305 seconds
2016-10-24T00:28:28.162+0800: 6645.066: Total time for which application threads were stopped: 0.0001053 seconds, Stopping threads took: 0.0000280 seconds
2016-10-24T00:28:29.166+0800: 6646.070: Total time for which application threads were stopped: 0.0001436 seconds, Stopping threads took: 0.0000331 seconds
2016-10-24T00:28:33.175+0800: 6650.079: Total time for which application threads were stopped: 0.0001114 seconds, Stopping threads took: 0.0000291 seconds
2016-10-24T00:28:43.210+0800: 6660.115: Total time for which application threads were stopped: 0.0001610 seconds, Stopping threads took: 0.0000708 seconds
2016-10-24T00:28:43.210+0800: 6660.115: Total time for which application threads were stopped: 0.0001254 seconds, Stopping threads took: 0.0000617 seconds
2016-10-24T00:28:43.215+0800: 6660.120: Total time for which application threads were stopped: 0.0000912 seconds, Stopping threads took: 0.0000267 seconds
2016-10-24T00:28:43.215+0800: 6660.120: Total time for which application threads were stopped: 0.0000867 seconds, Stopping threads took: 0.0000483 seconds
2016-10-24T00:28:44.219+0800: 6661.123: Total time for which application threads were stopped: 0.0002399 seconds, Stopping threads took: 0.0000612 seconds
2016-10-24T00:28:46.019+0800: 6662.924: Total time for which application threads were stopped: 0.0001336 seconds, Stopping threads took: 0.0000524 seconds
2016-10-24T00:28:46.019+0800: 6662.924: Total time for which application threads were stopped: 0.0000903 seconds, Stopping threads took: 0.0000194 seconds
2016-10-24T00:28:46.025+0800: 6662.929: Total time for which application threads were stopped: 0.0000853 seconds, Stopping threads took: 0.0000235 seconds
2016-10-24T00:28:46.025+0800: 6662.930: Total time for which application threads were stopped: 0.0001268 seconds, Stopping threads took: 0.0000204 seconds
2016-10-24T00:28:47.027+0800: 6663.931: Total time for which application threads were stopped: 0.0002404 seconds, Stopping threads took: 0.0000645 seconds
2016-10-24T00:29:46.024+0800: 6722.930: Total time for which application threads were stopped: 0.0001312 seconds, Stopping threads took: 0.0000250 seconds
2016-10-24T01:07:01.694+0800: 8958.673: Total time for which application threads were stopped: 0.0002542 seconds, Stopping threads took: 0.0000258 seconds
{Heap before GC invocations=21 (full 2):
 par new generation   total 109248K, used 98149K [0x00000007a0000000, 0x00000007a8000000, 0x00000007a8000000)
  eden space 87424K,  99% used [0x00000007a0000000, 0x00000007a54e9e00, 0x00000007a5560000)
  from space 21824K,  51% used [0x00000007a6ab0000, 0x00000007a759f838, 0x00000007a8000000)
  to   space 21824K,   0% used [0x00000007a5560000, 0x00000007a5560000, 0x00000007a6ab0000)
 concurrent mark-sweep generation total 393216K, used 24845K [0x00000007a8000000, 0x00000007c0000000, 0x00000007c0000000)
 Metaspace       used 39485K, capacity 40248K, committed 40432K, reserved 1085440K
  class space    used 4608K, capacity 4845K, committed 4848K, reserved 1048576K
2016-10-24T01:07:01.824+0800: 8958.804: [GC (Allocation Failure) 2016-10-24T01:07:01.824+0800: 8958.804: [ParNew
Desired survivor size 20112992 bytes, new threshold 8 (max 8)
- age   1:   17199952 bytes,   17199952 total
- age   2:      10344 bytes,   17210296 total
- age   3:      62272 bytes,   17272568 total
- age   4:     190408 bytes,   17462976 total
- age   5:       2640 bytes,   17465616 total
- age   6:      64904 bytes,   17530520 total
- age   7:     722216 bytes,   18252736 total
- age   8:     542488 bytes,   18795224 total
: 98149K->19781K(109248K), 0.0129345 secs] 122994K->48867K(502464K), 0.0130110 secs] [Times: user=0.03 sys=0.02, real=0.01 secs] 
Heap after GC invocations=22 (full 2):
 par new generation   total 109248K, used 19781K [0x00000007a0000000, 0x00000007a8000000, 0x00000007a8000000)
  eden space 87424K,   0% used [0x00000007a0000000, 0x00000007a0000000, 0x00000007a5560000)
  from space 21824K,  90% used [0x00000007a5560000, 0x00000007a68b1490, 0x00000007a6ab0000)
  to   space 21824K,   0% used [0x00000007a6ab0000, 0x00000007a6ab0000, 0x00000007a8000000)
 concurrent mark-sweep generation total 393216K, used 29086K [0x00000007a8000000, 0x00000007c0000000, 0x00000007c0000000)
 Metaspace       used 39485K, capacity 40248K, committed 40432K, reserved 1085440K
  class space    used 4608K, capacity 4845K, committed 4848K, reserved 1048576K
}
2016-10-24T01:07:01.837+0800: 8958.817: Total time for which application threads were stopped: 0.0132164 seconds, Stopping threads took: 0.0000273 seconds
2016-10-24T01:07:02.841+0800: 8959.820: Total time for which application threads were stopped: 0.0001702 seconds, Stopping threads took: 0.0000337 seconds
2016-10-24T03:44:01.411+0800: 18378.891: Total time for which application threads were stopped: 0.0160205 seconds, Stopping threads took: 0.0002807 seconds
2016-10-24T03:44:01.426+0800: 18378.907: Total time for which application threads were stopped: 0.0001073 seconds, Stopping threads took: 0.0000511 seconds
2016-10-24T03:44:01.427+0800: 18378.908: Total time for which application threads were stopped: 0.0000855 seconds, Stopping threads took: 0.0000070 seconds
2016-10-24T03:44:01.435+0800: 18378.915: Total time for which application threads were stopped: 0.0000842 seconds, Stopping threads took: 0.0000091 seconds
2016-10-24T03:44:01.459+0800: 18378.939: Total time for which application threads were stopped: 0.0000850 seconds, Stopping threads took: 0.0000138 seconds
Heap
 par new generation   total 109248K, used 76375K [0x00000007a0000000, 0x00000007a8000000, 0x00000007a8000000)
  eden space 87424K,  64% used [0x00000007a0000000, 0x00000007a37448d8, 0x00000007a5560000)
  from space 21824K,  90% used [0x00000007a5560000, 0x00000007a68b1490, 0x00000007a6ab0000)
  to   space 21824K,   0% used [0x00000007a6ab0000, 0x00000007a6ab0000, 0x00000007a8000000)
 concurrent mark-sweep generation total 393216K, used 29086K [0x00000007a8000000, 0x00000007c0000000, 0x00000007c0000000)
 Metaspace       used 39582K, capacity 40328K, committed 40432K, reserved 1085440K
  class space    used 4619K, capacity 4847K, committed 4848K, reserved 1048576K
